--------- beginning of main
08-06 15:48:04.852 16496 16496 D AndroidRuntime: >>>>>> START com.android.internal.os.RuntimeInit uid 2000 <<<<<<
08-06 15:48:04.859 16496 16496 D AndroidRuntime: CheckJNI is OFF
08-06 15:48:04.890 16496 16496 D ICU     : No timezone override file found: /data/misc/zoneinfo/current/icu/icu_tzdata.dat
08-06 15:48:04.925 16496 16496 I Radio-JNI: register_android_hardware_Radio DONE
08-06 15:48:04.944 16496 16496 D AndroidRuntime: Calling main entry com.android.commands.monkey.Monkey
--------- beginning of system
08-06 15:48:04.962   918   931 W BroadcastQueue: Skipping deliver [background] BroadcastRecord{6c2b33d u-1 android.net.conn.CONNECTIVITY_CHANGE} to ReceiverList{244c83 16496 (unknown name)/2000/u-1 remote:34a08e7}: process crashing
08-06 15:48:04.973   918  3359 I ActivityManager: START u0 {act=android.intent.action.MAIN cat=[android.intent.category.LAUNCHER] flg=0x10200000 cmp=baseline.com.newsblur/.activity.InitActivity} from uid 2000 on display 0
08-06 15:48:05.013 16505 16505 I art     : Late-enabling -Xcheck:jni
08-06 15:48:05.014   918   929 I ActivityManager: Start proc 16505:baseline.com.newsblur/u0a698 for activity baseline.com.newsblur/.activity.InitActivity
08-06 15:48:05.042 16496 16496 I art     : System.exit called, status: 0
08-06 15:48:05.042 16496 16496 I AndroidRuntime: VM exiting with result code 0.
08-06 15:48:05.083 32587  1254 I PBSessionCacheImpl: Deleted sessionId[143320738375546892] from persistence.
08-06 15:48:05.092 32587 32617 W SearchServiceCore: Abort, client detached.
08-06 15:48:05.093 32587 32617 I MicroDetectionState: Should stop hotword detection immediately - true
08-06 15:48:05.179 16505 16505 W System  : ClassLoader referenced unknown path: /data/app/baseline.com.newsblur-1/lib/arm64
08-06 15:48:05.271 16505 16505 I baseline.com.newsblur.activity.InitActivity: cold launching version 9.0b1
08-06 15:48:05.283 16505 16521 D OpenGLRenderer: Use EGL_SWAP_BEHAVIOR_PRESERVED: true
08-06 15:48:05.321 16505 16521 I Adreno  : QUALCOMM build                   : fcf4852, I1af360237c
08-06 15:48:05.321 16505 16521 I Adreno  : Build Date                       : 09/23/15
08-06 15:48:05.321 16505 16521 I Adreno  : OpenGL ES Shader Compiler Version: XE031.05.13.02
08-06 15:48:05.321 16505 16521 I Adreno  : Local Branch                     : mybranch14465806
08-06 15:48:05.321 16505 16521 I Adreno  : Remote Branch                    : quic/LA.BF64.1.2.9_v2
08-06 15:48:05.321 16505 16521 I Adreno  : Remote Branch                    : NONE
08-06 15:48:05.321 16505 16521 I Adreno  : Reconstruct Branch               : NOTHING
08-06 15:48:05.326 16505 16521 I OpenGLRenderer: Initialized EGL, version 1.4
08-06 15:48:05.356   918  4400 I ActivityManager: START u0 {cmp=baseline.com.newsblur/.activity.Main} from uid 10698 on display 0
08-06 15:48:05.371 13866 13866 I GoogleInputMethodServic: GoogleInputMethodService.onFinishInput():3138 
08-06 15:48:05.371 13866 13866 I GoogleInputMethodServic: GoogleInputMethodService.onStartInput():1808 
08-06 15:48:05.592 16505 16505 I art     : Rejecting re-init on previously-failed class java.lang.Class<androidx.core.view.ViewCompat$OnUnhandledKeyEventListenerWrapper>
08-06 15:48:05.593 16505 16505 I art     : Rejecting re-init on previously-failed class java.lang.Class<androidx.core.view.ViewCompat$OnUnhandledKeyEventListenerWrapper>
08-06 15:48:05.632 16505 16505 E BitmapFactory: Unable to decode stream: java.io.FileNotFoundException: /data/user/0/baseline.com.newsblur/cache/userProfilePicture: open failed: ENOENT (No such file or directory)
08-06 15:48:05.678   918  6111 I ActivityManager: Start proc 16530:com.google.android.apps.gcs/u0a11 for service com.google.android.apps.gcs/.service.GcsTaskService
08-06 15:48:05.680 24365  8032 I NetworkScheduler.Stats: Task com.google.android.apps.gcs/ started execution. cause:4 exec_start_elapsed_seconds: 1875489 [CONTEXT service_id=218 ]
08-06 15:48:05.745 16505 16544 I baseline.com.newsblur.service.NBSyncService: ready to sync feed list
08-06 15:48:05.827   918  6029 I AccountManagerService: getTypesVisibleToCaller: isPermitted? true
08-06 15:48:05.829 16530 16530 W Gcs.AccountsChgRcvr: [1] afk.b: No accounts available. WFA has been deactivated
08-06 15:48:05.840 16530 16530 W PrimesInit: Primes instant initialization
08-06 15:48:05.841 16530 16554 W Primes  : background initialization
08-06 15:48:05.867 16530 16554 I PrimesTesting: GserviceFlagsSupplier.get()
08-06 15:48:05.875   918   936 I ActivityManager: Displayed baseline.com.newsblur/.activity.Main: +507ms (total +892ms)
08-06 15:48:05.879 13866 13866 I GoogleInputMethodServic: GoogleInputMethodService.onFinishInput():3138 
08-06 15:48:05.879 13866 13866 I GoogleInputMethodServic: GoogleInputMethodService.onStartInput():1808 
08-06 15:48:05.921   918   928 I AccountManagerService: getTypesVisibleToCaller: isPermitted? true
08-06 15:48:05.933 16530 16555 W Gcs.WfaEliRefreshTask: [29376] afk.b: NULL eligibility response.
08-06 15:48:05.934 24365 24381 E NetworkScheduler.ATC: Received callback from client for task that is already complete. ComponentInfo{com.google.android.apps.gcs/com.google.android.apps.gcs.service.GcsTaskService} WfaEliRefreshTask [CONTEXT service_id=218 ]
08-06 15:48:05.943   918  3670 I ActivityManager: Killing 32742:com.android.defcontainer/u0a7 (adj 15): empty #17
08-06 15:48:06.278 16505 16544 I NAPPA_EXPERIMENTATION: MetricNetworkRequestExecutionTime: REQUEST_DURATION_SYSTEM='530',REQUEST_DURATION_OKHTTP='28',REQUEST_SYNCHRONOUS='TRUE',RESPONSE_CODE='200',RESPONSE_METHOD='GET',RESPONSE_LENGTH_OKHTTP='-1',RESPONSE_LENGTH_HEADER='-2',REQUEST_PROTOCOL='http/1.1',REQUEST_URL='https://www.newsblur.com/reader/feeds/?update_counts=true',
08-06 15:48:06.278 16505 16544 D MY_TAG  : 0, 530
08-06 15:48:06.307 16505 16544 I baseline.com.newsblur.service.NBSyncService: got feed list: 1 feeds in  conn:530 read:2 parse:3 store:23
08-06 15:48:06.563 16568 16568 D AndroidRuntime: >>>>>> START com.android.internal.os.RuntimeInit uid 2000 <<<<<<
08-06 15:48:06.567 16568 16568 D AndroidRuntime: CheckJNI is OFF
08-06 15:48:06.593 16568 16568 D ICU     : No timezone override file found: /data/misc/zoneinfo/current/icu/icu_tzdata.dat
08-06 15:48:06.620 16568 16568 I Radio-JNI: register_android_hardware_Radio DONE
08-06 15:48:06.636 16568 16568 D AndroidRuntime: Calling main entry com.android.commands.am.Am
08-06 15:48:06.645   779   779 I Trepn   : Trepn 6.2s: Received intent: com.quicinc.trepn.start_profiling
08-06 15:48:06.742   779   779 W FileUtils: Failed to chmod(/storage/emulated/0/trepn/Trepn_2020.08.06_154806.db): android.system.ErrnoException: chmod failed: EPERM (Operation not permitted)
08-06 15:48:06.761 16505 16571 I NAPPA_EXPERIMENTATION: MetricNetworkRequestExecutionTime: REQUEST_DURATION_SYSTEM='451',REQUEST_DURATION_OKHTTP='35',REQUEST_SYNCHRONOUS='TRUE',RESPONSE_CODE='200',RESPONSE_METHOD='GET',RESPONSE_LENGTH_OKHTTP='-1',RESPONSE_LENGTH_HEADER='-2',REQUEST_PROTOCOL='http/1.1',REQUEST_URL='https://www.newsblur.com/reader/unread_story_hashes?include_timestamps=1',
08-06 15:48:06.761 16505 16571 D MY_TAG  : 0, 451
08-06 15:48:06.775 16505 16571 I baseline.com.newsblur.service.UnreadsService: starting unread count: 0
08-06 15:48:06.776 16505 16571 I baseline.com.newsblur.service.UnreadsService: new unread count:      0
08-06 15:48:06.777 16505 16571 I baseline.com.newsblur.service.UnreadsService: new unreads found:     0
08-06 15:48:06.777 16505 16571 I baseline.com.newsblur.service.UnreadsService: unreads to retire:     0
08-06 15:48:06.826   779   779 I Trepn   : Trepn 6.2s: Trepn has Started Profiling.
08-06 15:48:06.827 16568 16568 D AndroidRuntime: Shutting down VM
08-06 15:48:07.290 16505 16523 I art     : Starting a blocking GC Explicit
08-06 15:48:07.313 16505 16523 I art     : Explicit concurrent mark sweep GC freed 33824(2MB) AllocSpace objects, 51(1432KB) LOS objects, 37% free, 26MB/42MB, paused 197us total 22.819ms
08-06 15:48:07.321 16505 16523 I art     : Starting a blocking GC Explicit
08-06 15:48:07.333 16505 16523 I art     : Explicit concurrent mark sweep GC freed 557(43KB) AllocSpace objects, 0(0B) LOS objects, 37% free, 26MB/42MB, paused 200us total 12.711ms
08-06 15:48:07.340 16505 16523 I art     : Starting a blocking GC Explicit
08-06 15:48:07.352 16505 16523 I art     : Explicit concurrent mark sweep GC freed 2157(167KB) AllocSpace objects, 0(0B) LOS objects, 38% free, 26MB/42MB, paused 175us total 11.271ms
08-06 15:48:07.358 16505 16523 I art     : Starting a blocking GC Explicit
08-06 15:48:07.369 16505 16523 I art     : Explicit concurrent mark sweep GC freed 4(144B) AllocSpace objects, 0(0B) LOS objects, 38% free, 26MB/42MB, paused 177us total 11.295ms
08-06 15:48:07.375 16505 16523 I art     : Starting a blocking GC Explicit
08-06 15:48:07.386 16505 16523 I art     : Explicit concurrent mark sweep GC freed 3(96B) AllocSpace objects, 0(0B) LOS objects, 38% free, 26MB/42MB, paused 188us total 11.402ms
08-06 15:48:07.666 16505 16516 I art     : Starting a blocking GC Explicit
08-06 15:48:07.684 16505 16516 I art     : Explicit concurrent mark sweep GC freed 1389(80KB) AllocSpace objects, 1(20KB) LOS objects, 38% free, 26MB/42MB, paused 226us total 17.804ms
08-06 15:48:07.694 16505 16516 I art     : Starting a blocking GC Explicit
08-06 15:48:07.710 16505 16516 I art     : Explicit concurrent mark sweep GC freed 20(704B) AllocSpace objects, 0(0B) LOS objects, 38% free, 26MB/42MB, paused 192us total 15.357ms
08-06 15:48:07.719 16505 16516 I art     : Starting a blocking GC Explicit
08-06 15:48:07.731 16505 16516 I art     : Explicit concurrent mark sweep GC freed 3(96B) AllocSpace objects, 0(0B) LOS objects, 38% free, 26MB/42MB, paused 185us total 12.254ms
08-06 15:48:07.737 16505 16516 I art     : Starting a blocking GC Explicit
08-06 15:48:07.750 16505 16516 I art     : Explicit concurrent mark sweep GC freed 3(96B) AllocSpace objects, 0(0B) LOS objects, 38% free, 26MB/42MB, paused 172us total 11.949ms
08-06 15:48:07.756 16505 16516 I art     : Starting a blocking GC Explicit
08-06 15:48:07.768 16505 16516 I art     : Explicit concurrent mark sweep GC freed 3(96B) AllocSpace objects, 0(0B) LOS objects, 38% free, 26MB/42MB, paused 172us total 12.113ms
08-06 15:48:08.052 16505 16517 I art     : Starting a blocking GC Explicit
08-06 15:48:08.068 16505 16517 I art     : Explicit concurrent mark sweep GC freed 1378(80KB) AllocSpace objects, 1(20KB) LOS objects, 38% free, 26MB/42MB, paused 243us total 15.847ms
08-06 15:48:08.076 16505 16517 I art     : Starting a blocking GC Explicit
08-06 15:48:08.089 16505 16517 I art     : Explicit concurrent mark sweep GC freed 20(704B) AllocSpace objects, 0(0B) LOS objects, 38% free, 26MB/42MB, paused 201us total 13.133ms
08-06 15:48:08.096 16505 16517 I art     : Starting a blocking GC Explicit
08-06 15:48:08.107 16505 16517 I art     : Explicit concurrent mark sweep GC freed 3(96B) AllocSpace objects, 0(0B) LOS objects, 38% free, 26MB/42MB, paused 172us total 11.688ms
08-06 15:48:08.113 16505 16517 I art     : Starting a blocking GC Explicit
08-06 15:48:08.125 16505 16517 I art     : Explicit concurrent mark sweep GC freed 3(96B) AllocSpace objects, 0(0B) LOS objects, 38% free, 26MB/42MB, paused 172us total 11.418ms
08-06 15:48:08.131 16505 16517 I art     : Starting a blocking GC Explicit
08-06 15:48:08.143 16505 16517 I art     : Explicit concurrent mark sweep GC freed 3(96B) AllocSpace objects, 0(0B) LOS objects, 38% free, 26MB/42MB, paused 167us total 11.472ms
08-06 15:48:08.431 16505 16523 I art     : Starting a blocking GC Explicit
08-06 15:48:08.448 16505 16523 I art     : Explicit concurrent mark sweep GC freed 1377(80KB) AllocSpace objects, 1(20KB) LOS objects, 38% free, 26MB/42MB, paused 215us total 17.085ms
08-06 15:48:08.459 16505 16523 I art     : Starting a blocking GC Explicit
08-06 15:48:08.472 16505 16523 I art     : Explicit concurrent mark sweep GC freed 20(704B) AllocSpace objects, 0(0B) LOS objects, 38% free, 26MB/42MB, paused 192us total 12.180ms
08-06 15:48:08.478 16505 16523 I art     : Starting a blocking GC Explicit
08-06 15:48:08.490 16505 16523 I art     : Explicit concurrent mark sweep GC freed 3(96B) AllocSpace objects, 0(0B) LOS objects, 38% free, 26MB/42MB, paused 229us total 11.367ms
08-06 15:48:08.496 16505 16523 I art     : Starting a blocking GC Explicit
08-06 15:48:08.507 16505 16523 I art     : Explicit concurrent mark sweep GC freed 3(96B) AllocSpace objects, 0(0B) LOS objects, 38% free, 26MB/42MB, paused 165us total 11.363ms
08-06 15:48:08.513 16505 16523 I art     : Starting a blocking GC Explicit
08-06 15:48:08.525 16505 16523 I art     : Explicit concurrent mark sweep GC freed 3(96B) AllocSpace objects, 0(0B) LOS objects, 38% free, 26MB/42MB, paused 174us total 11.256ms
08-06 15:48:08.840 16505 16516 I art     : Starting a blocking GC Explicit
08-06 15:48:08.859 16505 16516 I art     : Explicit concurrent mark sweep GC freed 1378(80KB) AllocSpace objects, 1(20KB) LOS objects, 38% free, 26MB/42MB, paused 230us total 18.510ms
08-06 15:48:08.870 16505 16516 I art     : Starting a blocking GC Explicit
08-06 15:48:08.886 16505 16516 I art     : Explicit concurrent mark sweep GC freed 20(704B) AllocSpace objects, 0(0B) LOS objects, 38% free, 26MB/42MB, paused 211us total 15.203ms
08-06 15:48:08.896 16505 16516 I art     : Starting a blocking GC Explicit
08-06 15:48:08.908 16505 16516 I art     : Explicit concurrent mark sweep GC freed 3(96B) AllocSpace objects, 0(0B) LOS objects, 38% free, 26MB/42MB, paused 177us total 12.248ms
08-06 15:48:08.915 16505 16516 I art     : Starting a blocking GC Explicit
08-06 15:48:08.927 16505 16516 I art     : Explicit concurrent mark sweep GC freed 3(96B) AllocSpace objects, 0(0B) LOS objects, 38% free, 26MB/42MB, paused 193us total 12.323ms
08-06 15:48:08.934 16505 16516 I art     : Starting a blocking GC Explicit
08-06 15:48:08.946 16505 16516 I art     : Explicit concurrent mark sweep GC freed 3(96B) AllocSpace objects, 0(0B) LOS objects, 38% free, 26MB/42MB, paused 170us total 11.857ms
08-06 15:48:09.251 16505 16517 I art     : Starting a blocking GC Explicit
08-06 15:48:09.269 16505 16517 I art     : Explicit concurrent mark sweep GC freed 1375(79KB) AllocSpace objects, 1(20KB) LOS objects, 38% free, 26MB/42MB, paused 251us total 17.784ms
08-06 15:48:09.281 16505 16517 I art     : Starting a blocking GC Explicit
08-06 15:48:09.293 16505 16517 I art     : Explicit concurrent mark sweep GC freed 20(704B) AllocSpace objects, 0(0B) LOS objects, 38% free, 26MB/42MB, paused 209us total 12.264ms
08-06 15:48:09.300 16505 16517 I art     : Starting a blocking GC Explicit
08-06 15:48:09.312 16505 16517 I art     : Explicit concurrent mark sweep GC freed 3(96B) AllocSpace objects, 0(0B) LOS objects, 38% free, 26MB/42MB, paused 172us total 12.150ms
08-06 15:48:09.319 16505 16517 I art     : Starting a blocking GC Explicit
08-06 15:48:09.330 16505 16517 I art     : Explicit concurrent mark sweep GC freed 3(96B) AllocSpace objects, 0(0B) LOS objects, 38% free, 26MB/42MB, paused 179us total 11.635ms
08-06 15:48:09.337 16505 16517 I art     : Starting a blocking GC Explicit
08-06 15:48:09.348 16505 16517 I art     : Explicit concurrent mark sweep GC freed 3(96B) AllocSpace objects, 0(0B) LOS objects, 38% free, 26MB/42MB, paused 177us total 11.673ms
08-06 15:48:09.640 16505 16523 I art     : Starting a blocking GC Explicit
08-06 15:48:09.657 16505 16523 I art     : Explicit concurrent mark sweep GC freed 1376(79KB) AllocSpace objects, 1(20KB) LOS objects, 38% free, 26MB/42MB, paused 214us total 16.252ms
08-06 15:48:09.668 16505 16523 I art     : Starting a blocking GC Explicit
08-06 15:48:09.680 16505 16523 I art     : Explicit concurrent mark sweep GC freed 20(704B) AllocSpace objects, 0(0B) LOS objects, 38% free, 26MB/42MB, paused 189us total 11.984ms
08-06 15:48:09.686 16505 16523 I art     : Starting a blocking GC Explicit
08-06 15:48:09.698 16505 16523 I art     : Explicit concurrent mark sweep GC freed 3(96B) AllocSpace objects, 0(0B) LOS objects, 38% free, 26MB/42MB, paused 178us total 11.891ms
08-06 15:48:09.705 16505 16523 I art     : Starting a blocking GC Explicit
08-06 15:48:09.717 16505 16523 I art     : Explicit concurrent mark sweep GC freed 3(96B) AllocSpace objects, 0(0B) LOS objects, 38% free, 26MB/42MB, paused 171us total 11.832ms
08-06 15:48:09.723 16505 16523 I art     : Starting a blocking GC Explicit
08-06 15:48:09.735 16505 16523 I art     : Explicit concurrent mark sweep GC freed 3(96B) AllocSpace objects, 0(0B) LOS objects, 38% free, 26MB/42MB, paused 175us total 11.872ms
08-06 15:48:10.038 16505 16516 I art     : Starting a blocking GC Explicit
08-06 15:48:10.060 16505 16516 I art     : Explicit concurrent mark sweep GC freed 1376(79KB) AllocSpace objects, 1(20KB) LOS objects, 38% free, 26MB/42MB, paused 226us total 21.209ms
08-06 15:48:10.071 16505 16516 I art     : Starting a blocking GC Explicit
08-06 15:48:10.084 16505 16516 I art     : Explicit concurrent mark sweep GC freed 20(704B) AllocSpace objects, 0(0B) LOS objects, 38% free, 26MB/42MB, paused 176us total 13.194ms
08-06 15:48:10.090 16505 16516 I art     : Starting a blocking GC Explicit
08-06 15:48:10.102 16505 16516 I art     : Explicit concurrent mark sweep GC freed 3(96B) AllocSpace objects, 0(0B) LOS objects, 38% free, 26MB/42MB, paused 178us total 11.477ms
08-06 15:48:10.108 16505 16516 I art     : Starting a blocking GC Explicit
08-06 15:48:10.119 16505 16516 I art     : Explicit concurrent mark sweep GC freed 3(96B) AllocSpace objects, 0(0B) LOS objects, 38% free, 26MB/42MB, paused 173us total 10.942ms
08-06 15:48:10.125 16505 16516 I art     : Starting a blocking GC Explicit
08-06 15:48:10.137 16505 16516 I art     : Explicit concurrent mark sweep GC freed 3(96B) AllocSpace objects, 0(0B) LOS objects, 38% free, 26MB/42MB, paused 196us total 11.627ms
08-06 15:48:10.428 16505 16517 I art     : Starting a blocking GC Explicit
08-06 15:48:10.443 16505 16517 I art     : Explicit concurrent mark sweep GC freed 1376(79KB) AllocSpace objects, 1(20KB) LOS objects, 38% free, 26MB/42MB, paused 195us total 14.264ms
08-06 15:48:10.449 16505 16517 I art     : Starting a blocking GC Explicit
08-06 15:48:10.462 16505 16517 I art     : Explicit concurrent mark sweep GC freed 20(704B) AllocSpace objects, 0(0B) LOS objects, 38% free, 26MB/42MB, paused 173us total 12.538ms
08-06 15:48:10.469 16505 16517 I art     : Starting a blocking GC Explicit
08-06 15:48:10.480 16505 16517 I art     : Explicit concurrent mark sweep GC freed 3(96B) AllocSpace objects, 0(0B) LOS objects, 38% free, 26MB/42MB, paused 171us total 11.658ms
08-06 15:48:10.487 16505 16517 I art     : Starting a blocking GC Explicit
08-06 15:48:10.498 16505 16517 I art     : Explicit concurrent mark sweep GC freed 3(96B) AllocSpace objects, 0(0B) LOS objects, 38% free, 26MB/42MB, paused 182us total 11.364ms
08-06 15:48:10.505 16505 16517 I art     : Starting a blocking GC Explicit
08-06 15:48:10.516 16505 16517 I art     : Explicit concurrent mark sweep GC freed 3(96B) AllocSpace objects, 0(0B) LOS objects, 38% free, 26MB/42MB, paused 171us total 11.747ms
08-06 15:48:10.813 16505 16523 I art     : Starting a blocking GC Explicit
08-06 15:48:10.828 16505 16523 I art     : Explicit concurrent mark sweep GC freed 1375(79KB) AllocSpace objects, 1(20KB) LOS objects, 38% free, 26MB/42MB, paused 193us total 14.143ms
08-06 15:48:10.834 16505 16523 I art     : Starting a blocking GC Explicit
08-06 15:48:10.847 16505 16523 I art     : Explicit concurrent mark sweep GC freed 20(704B) AllocSpace objects, 0(0B) LOS objects, 38% free, 26MB/42MB, paused 207us total 12.583ms
08-06 15:48:10.853 16505 16523 I art     : Starting a blocking GC Explicit
08-06 15:48:10.865 16505 16523 I art     : Explicit concurrent mark sweep GC freed 3(96B) AllocSpace objects, 0(0B) LOS objects, 38% free, 26MB/42MB, paused 179us total 12.111ms
08-06 15:48:10.872 16505 16523 I art     : Starting a blocking GC Explicit
08-06 15:48:10.884 16505 16523 I art     : Explicit concurrent mark sweep GC freed 3(96B) AllocSpace objects, 0(0B) LOS objects, 38% free, 26MB/42MB, paused 161us total 11.394ms
08-06 15:48:10.890 16505 16523 I art     : Starting a blocking GC Explicit
08-06 15:48:10.902 16505 16523 I art     : Explicit concurrent mark sweep GC freed 3(96B) AllocSpace objects, 0(0B) LOS objects, 38% free, 26MB/42MB, paused 175us total 11.516ms
08-06 15:48:11.201 16505 16516 I art     : Starting a blocking GC Explicit
08-06 15:48:11.219 16505 16516 I art     : Explicit concurrent mark sweep GC freed 1375(79KB) AllocSpace objects, 1(20KB) LOS objects, 38% free, 26MB/42MB, paused 210us total 17.547ms
08-06 15:48:11.230 16505 16516 I art     : Starting a blocking GC Explicit
08-06 15:48:11.245 16505 16516 I art     : Explicit concurrent mark sweep GC freed 20(704B) AllocSpace objects, 0(0B) LOS objects, 38% free, 26MB/42MB, paused 172us total 14.438ms
08-06 15:48:11.251 16505 16516 I art     : Starting a blocking GC Explicit
08-06 15:48:11.263 16505 16516 I art     : Explicit concurrent mark sweep GC freed 3(96B) AllocSpace objects, 0(0B) LOS objects, 38% free, 26MB/42MB, paused 179us total 11.853ms
08-06 15:48:11.269 16505 16516 I art     : Starting a blocking GC Explicit
08-06 15:48:11.281 16505 16516 I art     : Explicit concurrent mark sweep GC freed 3(96B) AllocSpace objects, 0(0B) LOS objects, 38% free, 26MB/42MB, paused 173us total 11.892ms
08-06 15:48:11.287 16505 16516 I art     : Starting a blocking GC Explicit
08-06 15:48:11.299 16505 16516 I art     : Explicit concurrent mark sweep GC freed 3(96B) AllocSpace objects, 0(0B) LOS objects, 38% free, 26MB/42MB, paused 172us total 11.596ms
08-06 15:48:11.605 16505 16517 I art     : Starting a blocking GC Explicit
08-06 15:48:11.617 16505 16517 I art     : Explicit concurrent mark sweep GC freed 1376(79KB) AllocSpace objects, 1(20KB) LOS objects, 38% free, 26MB/42MB, paused 208us total 11.774ms
08-06 15:48:11.623 16505 16517 I art     : Starting a blocking GC Explicit
08-06 15:48:11.634 16505 16517 I art     : Explicit concurrent mark sweep GC freed 20(704B) AllocSpace objects, 0(0B) LOS objects, 38% free, 26MB/42MB, paused 166us total 10.563ms
08-06 15:48:11.640 16505 16517 I art     : Starting a blocking GC Explicit
08-06 15:48:11.650 16505 16517 I art     : Explicit concurrent mark sweep GC freed 3(96B) AllocSpace objects, 0(0B) LOS objects, 38% free, 26MB/42MB, paused 151us total 9.661ms
08-06 15:48:11.655 16505 16517 I art     : Starting a blocking GC Explicit
08-06 15:48:11.665 16505 16517 I art     : Explicit concurrent mark sweep GC freed 3(96B) AllocSpace objects, 0(0B) LOS objects, 38% free, 26MB/42MB, paused 165us total 9.515ms
08-06 15:48:11.670 16505 16517 I art     : Starting a blocking GC Explicit
08-06 15:48:11.680 16505 16517 I art     : Explicit concurrent mark sweep GC freed 3(96B) AllocSpace objects, 0(0B) LOS objects, 38% free, 26MB/42MB, paused 161us total 9.594ms
08-06 15:48:11.924 16505 16523 I art     : Starting a blocking GC Explicit
08-06 15:48:11.930 16723 16723 D AndroidRuntime: >>>>>> START com.android.internal.os.RuntimeInit uid 2000 <<<<<<
08-06 15:48:11.934 16723 16723 D AndroidRuntime: CheckJNI is OFF
08-06 15:48:11.937 16505 16523 I art     : Explicit concurrent mark sweep GC freed 1376(79KB) AllocSpace objects, 1(20KB) LOS objects, 38% free, 26MB/42MB, paused 272us total 12.498ms
08-06 15:48:11.944 16505 16523 I art     : Starting a blocking GC Explicit
08-06 15:48:11.955 16505 16523 I art     : Explicit concurrent mark sweep GC freed 20(704B) AllocSpace objects, 0(0B) LOS objects, 38% free, 26MB/42MB, paused 179us total 10.790ms
08-06 15:48:11.960 16505 16523 I art     : Starting a blocking GC Explicit
08-06 15:48:11.962 16723 16723 D ICU     : No timezone override file found: /data/misc/zoneinfo/current/icu/icu_tzdata.dat
08-06 15:48:11.972 16505 16523 I art     : Explicit concurrent mark sweep GC freed 3(96B) AllocSpace objects, 0(0B) LOS objects, 38% free, 26MB/42MB, paused 220us total 11.318ms
08-06 15:48:11.978 16505 16523 I art     : Starting a blocking GC Explicit
08-06 15:48:11.988 16723 16723 I Radio-JNI: register_android_hardware_Radio DONE
08-06 15:48:11.989 16505 16523 I art     : Explicit concurrent mark sweep GC freed 3(96B) AllocSpace objects, 0(0B) LOS objects, 38% free, 26MB/42MB, paused 183us total 11.367ms
08-06 15:48:11.995 16505 16523 I art     : Starting a blocking GC Explicit
08-06 15:48:12.005 16723 16723 D AndroidRuntime: Calling main entry com.android.commands.input.Input
08-06 15:48:12.005 16505 16523 I art     : Explicit concurrent mark sweep GC freed 3(96B) AllocSpace objects, 0(0B) LOS objects, 38% free, 26MB/42MB, paused 211us total 10.612ms
08-06 15:48:12.006 16723 16723 I Input   : injectMotionEvent: MotionEvent { action=ACTION_DOWN, actionButton=0, id[0]=0, x[0]=594.0, y[0]=330.0, toolType[0]=TOOL_TYPE_UNKNOWN, buttonState=0, metaState=0, flags=0x0, edgeFlags=0x0, pointerCount=1, historySize=0, eventTime=892108419, downTime=892108419, deviceId=0, source=0x1002 }
08-06 15:48:12.012 16723 16723 I Input   : injectMotionEvent: MotionEvent { action=ACTION_UP, actionButton=0, id[0]=0, x[0]=594.0, y[0]=330.0, toolType[0]=TOOL_TYPE_UNKNOWN, buttonState=0, metaState=0, flags=0x0, edgeFlags=0x0, pointerCount=1, historySize=0, eventTime=892108419, downTime=892108419, deviceId=0, source=0x1002 }
08-06 15:48:12.014 16723 16723 D AndroidRuntime: Shutting down VM
08-06 15:48:12.084   918  4413 I ActivityManager: START u0 {cmp=baseline.com.newsblur/.activity.GlobalSharedStoriesItemsList (has extras)} from uid 10698 on display 0
08-06 15:48:12.105 16505 16746 I baseline.com.newsblur.database.BlurDatabaseHelper: reading session reset
08-06 15:48:12.215 16505 16517 I art     : Starting a blocking GC Explicit
08-06 15:48:12.230 16505 16517 I art     : Explicit concurrent mark sweep GC freed 6575(526KB) AllocSpace objects, 8(284KB) LOS objects, 36% free, 27MB/43MB, paused 649us total 14.240ms
08-06 15:48:12.236 16505 16505 W View    : requestLayout() improperly called by android.widget.FrameLayout{9a9ae5e V.E...... ......ID 0,0-1440,0 #7f07003f app:id/footer_view_inner} during layout: running second layout pass
08-06 15:48:12.236 16505 16517 I art     : Starting a blocking GC Explicit
08-06 15:48:12.236 16505 16505 W View    : requestLayout() improperly called by android.widget.FrameLayout{b14123f V.E...... ......ID 0,0-1440,2091 #7f07003f app:id/footer_view_inner} during layout: running second layout pass
08-06 15:48:12.250 16505 16517 I art     : Explicit concurrent mark sweep GC freed 553(50KB) AllocSpace objects, 1(20KB) LOS objects, 36% free, 27MB/43MB, paused 264us total 14.028ms
08-06 15:48:12.256   918   936 I ActivityManager: Displayed baseline.com.newsblur/.activity.GlobalSharedStoriesItemsList: +165ms
08-06 15:48:12.257 13866 13866 I GoogleInputMethodServic: GoogleInputMethodService.onFinishInput():3138 
08-06 15:48:12.257 16505 16517 I art     : Starting a blocking GC Explicit
08-06 15:48:12.257 13866 13866 I GoogleInputMethodServic: GoogleInputMethodService.onStartInput():1808 
08-06 15:48:12.273 16505 16517 I art     : Explicit concurrent mark sweep GC freed 1720(146KB) AllocSpace objects, 5(100KB) LOS objects, 36% free, 27MB/43MB, paused 410us total 15.506ms
08-06 15:48:12.280 16505 16517 I art     : Starting a blocking GC Explicit
08-06 15:48:12.292 16505 16517 I art     : Explicit concurrent mark sweep GC freed 134(6KB) AllocSpace objects, 0(0B) LOS objects, 36% free, 27MB/43MB, paused 232us total 11.416ms
08-06 15:48:12.297 16505 16517 I art     : Starting a blocking GC Explicit
08-06 15:48:12.309 16505 16517 I art     : Explicit concurrent mark sweep GC freed 9(352B) AllocSpace objects, 0(0B) LOS objects, 36% free, 27MB/43MB, paused 235us total 11.532ms
08-06 15:48:12.559 16505 16766 I art     : Starting a blocking GC Explicit
08-06 15:48:12.573 16505 16766 I art     : Explicit concurrent mark sweep GC freed 1771(113KB) AllocSpace objects, 2(40KB) LOS objects, 36% free, 27MB/43MB, paused 252us total 13.367ms
08-06 15:48:12.579 16505 16766 I art     : Starting a blocking GC Explicit
08-06 15:48:12.591 16505 16766 I art     : Explicit concurrent mark sweep GC freed 54(1888B) AllocSpace objects, 0(0B) LOS objects, 36% free, 27MB/43MB, paused 233us total 11.997ms
08-06 15:48:12.597 16505 16766 I art     : Starting a blocking GC Explicit
08-06 15:48:12.609 16505 16766 I art     : Explicit concurrent mark sweep GC freed 4(128B) AllocSpace objects, 0(0B) LOS objects, 36% free, 27MB/43MB, paused 237us total 11.843ms
08-06 15:48:12.614 16505 16766 I art     : Starting a blocking GC Explicit
08-06 15:48:12.626 16505 16766 I art     : Explicit concurrent mark sweep GC freed 4(128B) AllocSpace objects, 0(0B) LOS objects, 36% free, 27MB/43MB, paused 235us total 11.735ms
08-06 15:48:12.632 16505 16766 I art     : Starting a blocking GC Explicit
08-06 15:48:12.644 16505 16766 I art     : Explicit concurrent mark sweep GC freed 4(128B) AllocSpace objects, 0(0B) LOS objects, 36% free, 27MB/43MB, paused 229us total 12.146ms
08-06 15:48:12.824 16505 16758 I NAPPA_EXPERIMENTATION: MetricNetworkRequestExecutionTime: REQUEST_DURATION_SYSTEM='554',REQUEST_DURATION_OKHTTP='32',REQUEST_SYNCHRONOUS='TRUE',RESPONSE_CODE='200',RESPONSE_METHOD='GET',RESPONSE_LENGTH_OKHTTP='-1',RESPONSE_LENGTH_HEADER='13047',REQUEST_PROTOCOL='http/1.1',REQUEST_URL='https://www.newsblur.com/social/river_stories?order=newest&page=1&read_filter=all&global_feed=true',
08-06 15:48:12.824 16505 16758 D MY_TAG  : 0, 554
08-06 15:48:12.896 16505 16516 I art     : Starting a blocking GC Explicit
08-06 15:48:12.916 16505 16516 I art     : Explicit concurrent mark sweep GC freed 33289(2030KB) AllocSpace objects, 23(728KB) LOS objects, 36% free, 27MB/43MB, paused 404us total 19.852ms
08-06 15:48:12.923 16505 16516 I art     : Starting a blocking GC Explicit
08-06 15:48:12.938 16505 16516 I art     : Explicit concurrent mark sweep GC freed 3029(303KB) AllocSpace objects, 5(188KB) LOS objects, 36% free, 27MB/43MB, paused 288us total 14.806ms
08-06 15:48:12.944 16505 16516 I art     : Starting a blocking GC Explicit
08-06 15:48:12.957 16505 16516 I art     : Explicit concurrent mark sweep GC freed 1139(179KB) AllocSpace objects, 8(160KB) LOS objects, 36% free, 27MB/43MB, paused 231us total 12.932ms
08-06 15:48:12.963 16505 16516 I art     : Starting a blocking GC Explicit
08-06 15:48:12.976 16505 16516 I art     : Explicit concurrent mark sweep GC freed 297(80KB) AllocSpace objects, 5(100KB) LOS objects, 36% free, 27MB/43MB, paused 398us total 12.306ms
08-06 15:48:12.982 16505 16516 I art     : Starting a blocking GC Explicit
08-06 15:48:12.995 16505 16516 I art     : Explicit concurrent mark sweep GC freed 908(60KB) AllocSpace objects, 3(60KB) LOS objects, 36% free, 27MB/43MB, paused 567us total 13.797ms
08-06 15:48:13.071 16505 16789 I NAPPA_EXPERIMENTATION: MetricNetworkRequestExecutionTime: REQUEST_DURATION_SYSTEM='40',REQUEST_DURATION_OKHTTP='37',REQUEST_SYNCHRONOUS='TRUE',RESPONSE_CODE='200',RESPONSE_METHOD='GET',RESPONSE_LENGTH_OKHTTP='43',RESPONSE_LENGTH_HEADER='43',REQUEST_PROTOCOL='http/1.1',REQUEST_URL='http://feeds.feedburner.com/~r/retort/~4/UffaFMiJbNs',
08-06 15:48:13.269 16505 16517 I art     : Starting a blocking GC Explicit
08-06 15:48:13.291 16505 16517 I art     : Explicit concurrent mark sweep GC freed 10218(539KB) AllocSpace objects, 8(300KB) LOS objects, 36% free, 28MB/44MB, paused 477us total 21.694ms
08-06 15:48:13.300 16505 16517 I art     : Starting a blocking GC Explicit
08-06 15:48:13.318 16505 16517 I art     : Explicit concurrent mark sweep GC freed 6668(403KB) AllocSpace objects, 0(0B) LOS objects, 36% free, 28MB/44MB, paused 615us total 18.405ms
08-06 15:48:13.325 16505 16517 I art     : Starting a blocking GC Explicit
08-06 15:48:13.339 16505 16517 I art     : Explicit concurrent mark sweep GC freed 1430(53KB) AllocSpace objects, 0(0B) LOS objects, 36% free, 28MB/44MB, paused 418us total 13.785ms
08-06 15:48:13.346 16505 16517 I art     : Starting a blocking GC Explicit
08-06 15:48:13.360 16505 16517 I art     : Explicit concurrent mark sweep GC freed 35(1312B) AllocSpace objects, 0(0B) LOS objects, 36% free, 28MB/44MB, paused 464us total 13.345ms
08-06 15:48:13.366 16505 16517 I art     : Starting a blocking GC Explicit
08-06 15:48:13.380 16505 16517 I art     : Explicit concurrent mark sweep GC freed 149(7KB) AllocSpace objects, 0(0B) LOS objects, 36% free, 28MB/44MB, paused 503us total 14.366ms
08-06 15:48:13.397 16505 16791 I NAPPA_EXPERIMENTATION: MetricNetworkRequestExecutionTime: REQUEST_DURATION_SYSTEM='357',REQUEST_DURATION_OKHTTP='185',REQUEST_SYNCHRONOUS='TRUE',RESPONSE_CODE='200',RESPONSE_METHOD='GET',RESPONSE_LENGTH_OKHTTP='79351',RESPONSE_LENGTH_HEADER='79351',REQUEST_PROTOCOL='h2',REQUEST_URL='https://images.fastcompany.net/image/upload/w_1280,q_auto,f_auto,fl_lossy/wp-cms/uploads/2020/07/p-1-90532920-this-chart-shows-how-effective-masks-can-be.png',
08-06 15:48:13.524 16505 16788 I NAPPA_EXPERIMENTATION: MetricNetworkRequestExecutionTime: REQUEST_DURATION_SYSTEM='521',REQUEST_DURATION_OKHTTP='70',REQUEST_SYNCHRONOUS='TRUE',RESPONSE_CODE='200',RESPONSE_METHOD='GET',RESPONSE_LENGTH_OKHTTP='145',RESPONSE_LENGTH_HEADER='145',REQUEST_PROTOCOL='http/1.1',REQUEST_URL='https://s3.amazonaws.com/icons.newsblur.com/6882243.png',
08-06 15:48:13.531 16505 16790 I NAPPA_EXPERIMENTATION: MetricNetworkRequestExecutionTime: REQUEST_DURATION_SYSTEM='519',REQUEST_DURATION_OKHTTP='78',REQUEST_SYNCHRONOUS='TRUE',RESPONSE_CODE='200',RESPONSE_METHOD='GET',RESPONSE_LENGTH_OKHTTP='243',RESPONSE_LENGTH_HEADER='243',REQUEST_PROTOCOL='http/1.1',REQUEST_URL='https://s3.amazonaws.com/icons.newsblur.com/18178.png',
08-06 15:48:13.533 16505 16792 I NAPPA_EXPERIMENTATION: MetricNetworkRequestExecutionTime: REQUEST_DURATION_SYSTEM='513',REQUEST_DURATION_OKHTTP='79',REQUEST_SYNCHRONOUS='TRUE',RESPONSE_CODE='200',RESPONSE_METHOD='GET',RESPONSE_LENGTH_OKHTTP='477',RESPONSE_LENGTH_HEADER='477',REQUEST_PROTOCOL='http/1.1',REQUEST_URL='https://s3.amazonaws.com/icons.newsblur.com/5762506.png',
08-06 15:48:13.638 16505 16766 I art     : Starting a blocking GC Explicit
08-06 15:48:13.658 16505 16766 I art     : Explicit concurrent mark sweep GC freed 9375(535KB) AllocSpace objects, 14(3MB) LOS objects, 34% free, 30MB/46MB, paused 315us total 19.284ms
08-06 15:48:13.666 16505 16766 I art     : Starting a blocking GC Explicit
08-06 15:48:13.683 16505 16766 I art     : Explicit concurrent mark sweep GC freed 308(10KB) AllocSpace objects, 0(0B) LOS objects, 34% free, 30MB/46MB, paused 396us total 16.663ms
08-06 15:48:13.690 16505 16766 I art     : Starting a blocking GC Explicit
08-06 15:48:13.705 16505 16766 I art     : Explicit concurrent mark sweep GC freed 3(96B) AllocSpace objects, 0(0B) LOS objects, 34% free, 30MB/46MB, paused 290us total 14.534ms
08-06 15:48:13.711 16505 16766 I art     : Starting a blocking GC Explicit
08-06 15:48:13.725 16505 16766 I art     : Explicit concurrent mark sweep GC freed 3(96B) AllocSpace objects, 0(0B) LOS objects, 34% free, 30MB/46MB, paused 294us total 13.762ms
08-06 15:48:13.731 16505 16766 I art     : Starting a blocking GC Explicit
08-06 15:48:13.747 16505 16766 I art     : Explicit concurrent mark sweep GC freed 3(96B) AllocSpace objects, 0(0B) LOS objects, 34% free, 30MB/46MB, paused 322us total 14.997ms
08-06 15:48:14.049 16505 16523 I art     : Starting a blocking GC Explicit
08-06 15:48:14.069 16505 16523 I art     : Explicit concurrent mark sweep GC freed 1387(82KB) AllocSpace objects, 1(20KB) LOS objects, 34% free, 30MB/46MB, paused 350us total 18.766ms
08-06 15:48:14.077 16505 16523 I art     : Starting a blocking GC Explicit
08-06 15:48:14.093 16505 16523 I art     : Explicit concurrent mark sweep GC freed 20(720B) AllocSpace objects, 0(0B) LOS objects, 34% free, 30MB/46MB, paused 324us total 15.357ms
08-06 15:48:14.100 16505 16523 I art     : Starting a blocking GC Explicit
08-06 15:48:14.115 16505 16523 I art     : Explicit concurrent mark sweep GC freed 3(96B) AllocSpace objects, 0(0B) LOS objects, 34% free, 30MB/46MB, paused 314us total 15.504ms
08-06 15:48:14.122 16505 16523 I art     : Starting a blocking GC Explicit
08-06 15:48:14.138 16505 16523 I art     : Explicit concurrent mark sweep GC freed 3(96B) AllocSpace objects, 0(0B) LOS objects, 34% free, 30MB/46MB, paused 331us total 15.057ms
08-06 15:48:14.144 16505 16523 I art     : Starting a blocking GC Explicit
08-06 15:48:14.159 16505 16523 I art     : Explicit concurrent mark sweep GC freed 3(96B) AllocSpace objects, 0(0B) LOS objects, 34% free, 30MB/46MB, paused 291us total 14.475ms
08-06 15:48:14.237   518   646 I ThermalEngine: ACTION: GPU - Setting GPU[0] to 510000000
08-06 15:48:14.462 16505 16517 I art     : Starting a blocking GC Explicit
08-06 15:48:14.484 16505 16517 I art     : Explicit concurrent mark sweep GC freed 1387(80KB) AllocSpace objects, 1(20KB) LOS objects, 34% free, 30MB/46MB, paused 429us total 21.143ms
08-06 15:48:14.495 16505 16517 I art     : Starting a blocking GC Explicit
08-06 15:48:14.506   918  1210 D NetlinkSocketObserver: NeighborEvent{elapsedMs=1875498381, 192.168.2.254, [7C3953A63323], RTM_NEWNEIGH, NUD_STALE}
08-06 15:48:14.514 16505 16517 I art     : Explicit concurrent mark sweep GC freed 20(704B) AllocSpace objects, 0(0B) LOS objects, 34% free, 30MB/46MB, paused 420us total 18.288ms
08-06 15:48:14.521 16505 16517 I art     : Starting a blocking GC Explicit
08-06 15:48:14.540 16505 16517 I art     : Explicit concurrent mark sweep GC freed 3(96B) AllocSpace objects, 0(0B) LOS objects, 34% free, 30MB/46MB, paused 440us total 18.536ms
08-06 15:48:14.548 16505 16517 I art     : Starting a blocking GC Explicit
08-06 15:48:14.567 16505 16517 I art     : Explicit concurrent mark sweep GC freed 3(96B) AllocSpace objects, 0(0B) LOS objects, 34% free, 30MB/46MB, paused 479us total 18.605ms
08-06 15:48:14.575 16505 16517 I art     : Starting a blocking GC Explicit
08-06 15:48:14.594 16505 16517 I art     : Explicit concurrent mark sweep GC freed 3(96B) AllocSpace objects, 0(0B) LOS objects, 34% free, 30MB/46MB, paused 437us total 19.112ms
08-06 15:48:14.934 16505 16516 I art     : Starting a blocking GC Explicit
08-06 15:48:14.955 16505 16516 I art     : Explicit concurrent mark sweep GC freed 1386(80KB) AllocSpace objects, 1(20KB) LOS objects, 34% free, 30MB/46MB, paused 458us total 20.674ms
08-06 15:48:14.964 16505 16516 I art     : Starting a blocking GC Explicit
08-06 15:48:14.983 16505 16516 I art     : Explicit concurrent mark sweep GC freed 20(720B) AllocSpace objects, 0(0B) LOS objects, 34% free, 30MB/46MB, paused 435us total 19.510ms
08-06 15:48:14.992 16505 16516 I art     : Starting a blocking GC Explicit
08-06 15:48:15.011 16505 16516 I art     : Explicit concurrent mark sweep GC freed 3(96B) AllocSpace objects, 0(0B) LOS objects, 34% free, 30MB/46MB, paused 426us total 18.137ms
08-06 15:48:15.019 16505 16516 I art     : Starting a blocking GC Explicit
08-06 15:48:15.038 16505 16516 I art     : Explicit concurrent mark sweep GC freed 3(96B) AllocSpace objects, 0(0B) LOS objects, 34% free, 30MB/46MB, paused 453us total 18.961ms
08-06 15:48:15.047 16505 16516 I art     : Starting a blocking GC Explicit
08-06 15:48:15.066 16505 16516 I art     : Explicit concurrent mark sweep GC freed 3(96B) AllocSpace objects, 0(0B) LOS objects, 34% free, 30MB/46MB, paused 438us total 19.358ms
08-06 15:48:15.095 32587 32617 I WorkerManager: dispose()
08-06 15:48:15.097 32587 32617 W ThreadPoolDumper: Queue length for executor EventBus is now 11. Perhaps some tasks are too long, or the pool is too small.
08-06 15:48:15.391 16505 16766 I art     : Starting a blocking GC Explicit
08-06 15:48:15.412 16505 16766 I art     : Explicit concurrent mark sweep GC freed 1386(80KB) AllocSpace objects, 1(20KB) LOS objects, 34% free, 30MB/46MB, paused 436us total 20.575ms
08-06 15:48:15.424 16505 16766 I art     : Starting a blocking GC Explicit
08-06 15:48:15.443 16505 16766 I art     : Explicit concurrent mark sweep GC freed 20(704B) AllocSpace objects, 0(0B) LOS objects, 34% free, 30MB/46MB, paused 488us total 18.468ms
08-06 15:48:15.451 16505 16766 I art     : Starting a blocking GC Explicit
08-06 15:48:15.470 16505 16766 I art     : Explicit concurrent mark sweep GC freed 3(96B) AllocSpace objects, 0(0B) LOS objects, 34% free, 30MB/46MB, paused 410us total 18.708ms
08-06 15:48:15.478 16505 16766 I art     : Starting a blocking GC Explicit
08-06 15:48:15.496 16505 16766 I art     : Explicit concurrent mark sweep GC freed 3(96B) AllocSpace objects, 0(0B) LOS objects, 34% free, 30MB/46MB, paused 434us total 18.251ms
08-06 15:48:15.504 16505 16766 I art     : Starting a blocking GC Explicit
08-06 15:48:15.524 16505 16766 I art     : Explicit concurrent mark sweep GC freed 3(96B) AllocSpace objects, 0(0B) LOS objects, 34% free, 30MB/46MB, paused 429us total 19.016ms
08-06 15:48:15.830 16505 16523 I art     : Starting a blocking GC Explicit
08-06 15:48:15.850 16505 16523 I art     : Explicit concurrent mark sweep GC freed 1387(80KB) AllocSpace objects, 1(20KB) LOS objects, 34% free, 30MB/46MB, paused 413us total 19.824ms
08-06 15:48:15.858 16505 16523 I art     : Starting a blocking GC Explicit
08-06 15:48:15.877 16505 16523 I art     : Explicit concurrent mark sweep GC freed 20(720B) AllocSpace objects, 0(0B) LOS objects, 34% free, 30MB/46MB, paused 454us total 19.127ms
08-06 15:48:15.886 16505 16523 I art     : Starting a blocking GC Explicit
08-06 15:48:15.905 16505 16523 I art     : Explicit concurrent mark sweep GC freed 3(96B) AllocSpace objects, 0(0B) LOS objects, 34% free, 30MB/46MB, paused 428us total 18.879ms
08-06 15:48:15.914 16505 16523 I art     : Starting a blocking GC Explicit
08-06 15:48:15.933 16505 16523 I art     : Explicit concurrent mark sweep GC freed 3(96B) AllocSpace objects, 0(0B) LOS objects, 34% free, 30MB/46MB, paused 429us total 19.102ms
08-06 15:48:15.941 16505 16523 I art     : Starting a blocking GC Explicit
08-06 15:48:15.961 16505 16523 I art     : Explicit concurrent mark sweep GC freed 3(96B) AllocSpace objects, 0(0B) LOS objects, 34% free, 30MB/46MB, paused 425us total 19.390ms
08-06 15:48:16.286 16505 16517 I art     : Starting a blocking GC Explicit
08-06 15:48:16.307 16505 16517 I art     : Explicit concurrent mark sweep GC freed 1386(80KB) AllocSpace objects, 1(20KB) LOS objects, 34% free, 30MB/46MB, paused 432us total 21.284ms
08-06 15:48:16.319 16505 16517 I art     : Starting a blocking GC Explicit
08-06 15:48:16.338 16505 16517 I art     : Explicit concurrent mark sweep GC freed 20(704B) AllocSpace objects, 0(0B) LOS objects, 34% free, 30MB/46MB, paused 419us total 18.760ms
08-06 15:48:16.346 16505 16517 I art     : Starting a blocking GC Explicit
08-06 15:48:16.365 16505 16517 I art     : Explicit concurrent mark sweep GC freed 3(96B) AllocSpace objects, 0(0B) LOS objects, 34% free, 30MB/46MB, paused 435us total 18.669ms
08-06 15:48:16.373 16505 16517 I art     : Starting a blocking GC Explicit
08-06 15:48:16.392 16505 16517 I art     : Explicit concurrent mark sweep GC freed 3(96B) AllocSpace objects, 0(0B) LOS objects, 34% free, 30MB/46MB, paused 426us total 18.674ms
08-06 15:48:16.400 16505 16517 I art     : Starting a blocking GC Explicit
08-06 15:48:16.419 16505 16517 I art     : Explicit concurrent mark sweep GC freed 3(96B) AllocSpace objects, 0(0B) LOS objects, 34% free, 30MB/46MB, paused 422us total 18.945ms
08-06 15:48:16.722 16505 16516 I art     : Starting a blocking GC Explicit
08-06 15:48:16.743 16505 16516 I art     : Explicit concurrent mark sweep GC freed 1386(80KB) AllocSpace objects, 1(20KB) LOS objects, 34% free, 30MB/46MB, paused 449us total 20.870ms
08-06 15:48:16.755 16505 16516 I art     : Starting a blocking GC Explicit
08-06 15:48:16.774 16505 16516 I art     : Explicit concurrent mark sweep GC freed 20(720B) AllocSpace objects, 0(0B) LOS objects, 34% free, 30MB/46MB, paused 428us total 18.523ms
08-06 15:48:16.782 16505 16516 I art     : Starting a blocking GC Explicit
08-06 15:48:16.801 16505 16516 I art     : Explicit concurrent mark sweep GC freed 3(96B) AllocSpace objects, 0(0B) LOS objects, 34% free, 30MB/46MB, paused 426us total 18.629ms
08-06 15:48:16.809 16505 16516 I art     : Starting a blocking GC Explicit
08-06 15:48:16.827 16505 16516 I art     : Explicit concurrent mark sweep GC freed 3(96B) AllocSpace objects, 0(0B) LOS objects, 34% free, 30MB/46MB, paused 442us total 17.984ms
08-06 15:48:16.835 16505 16516 I art     : Starting a blocking GC Explicit
08-06 15:48:16.855 16505 16516 I art     : Explicit concurrent mark sweep GC freed 3(96B) AllocSpace objects, 0(0B) LOS objects, 34% free, 30MB/46MB, paused 447us total 19.207ms
08-06 15:48:17.179 16505 16766 I art     : Starting a blocking GC Explicit
08-06 15:48:17.200 16505 16766 I art     : Explicit concurrent mark sweep GC freed 1386(80KB) AllocSpace objects, 1(20KB) LOS objects, 34% free, 30MB/46MB, paused 436us total 20.132ms
08-06 15:48:17.208 16505 16766 I art     : Starting a blocking GC Explicit
08-06 15:48:17.228 16505 16766 I art     : Explicit concurrent mark sweep GC freed 20(704B) AllocSpace objects, 0(0B) LOS objects, 34% free, 30MB/46MB, paused 463us total 19.409ms
08-06 15:48:17.236 16505 16766 I art     : Starting a blocking GC Explicit
08-06 15:48:17.256 16505 16766 I art     : Explicit concurrent mark sweep GC freed 3(96B) AllocSpace objects, 0(0B) LOS objects, 34% free, 30MB/46MB, paused 449us total 18.823ms
08-06 15:48:17.264 16505 16766 I art     : Starting a blocking GC Explicit
08-06 15:48:17.283 16505 16766 I art     : Explicit concurrent mark sweep GC freed 3(96B) AllocSpace objects, 0(0B) LOS objects, 34% free, 30MB/46MB, paused 432us total 19.162ms
08-06 15:48:17.292 16505 16766 I art     : Starting a blocking GC Explicit
08-06 15:48:17.311 16505 16766 I art     : Explicit concurrent mark sweep GC freed 3(96B) AllocSpace objects, 0(0B) LOS objects, 34% free, 30MB/46MB, paused 426us total 19.261ms
08-06 15:48:17.627 16505 16523 I art     : Starting a blocking GC Explicit
08-06 15:48:17.648 16505 16523 I art     : Explicit concurrent mark sweep GC freed 1386(80KB) AllocSpace objects, 1(20KB) LOS objects, 34% free, 30MB/46MB, paused 436us total 20.604ms
08-06 15:48:17.660 16505 16523 I art     : Starting a blocking GC Explicit
08-06 15:48:17.678 16505 16523 I art     : Explicit concurrent mark sweep GC freed 20(720B) AllocSpace objects, 0(0B) LOS objects, 34% free, 30MB/46MB, paused 416us total 18.179ms
08-06 15:48:17.686 16505 16523 I art     : Starting a blocking GC Explicit
08-06 15:48:17.705 16505 16523 I art     : Explicit concurrent mark sweep GC freed 3(96B) AllocSpace objects, 0(0B) LOS objects, 34% free, 30MB/46MB, paused 434us total 18.656ms
08-06 15:48:17.713 16505 16523 I art     : Starting a blocking GC Explicit
08-06 15:48:17.732 16505 16523 I art     : Explicit concurrent mark sweep GC freed 3(96B) AllocSpace objects, 0(0B) LOS objects, 34% free, 30MB/46MB, paused 434us total 18.405ms
08-06 15:48:17.740 16505 16523 I art     : Starting a blocking GC Explicit
08-06 15:48:17.759 16505 16523 I art     : Explicit concurrent mark sweep GC freed 3(96B) AllocSpace objects, 0(0B) LOS objects, 34% free, 30MB/46MB, paused 438us total 18.827ms
08-06 15:48:18.062 16505 16517 I art     : Starting a blocking GC Explicit
08-06 15:48:18.083 16505 16517 I art     : Explicit concurrent mark sweep GC freed 1386(80KB) AllocSpace objects, 1(20KB) LOS objects, 34% free, 30MB/46MB, paused 435us total 20.732ms
08-06 15:48:18.095 16505 16517 I art     : Starting a blocking GC Explicit
08-06 15:48:18.114 16505 16517 I art     : Explicit concurrent mark sweep GC freed 20(704B) AllocSpace objects, 0(0B) LOS objects, 34% free, 30MB/46MB, paused 427us total 18.573ms
08-06 15:48:18.122 16505 16517 I art     : Starting a blocking GC Explicit
08-06 15:48:18.140 16505 16517 I art     : Explicit concurrent mark sweep GC freed 3(96B) AllocSpace objects, 0(0B) LOS objects, 34% free, 30MB/46MB, paused 411us total 18.219ms
08-06 15:48:18.148 16505 16517 I art     : Starting a blocking GC Explicit
08-06 15:48:18.167 16505 16517 I art     : Explicit concurrent mark sweep GC freed 3(96B) AllocSpace objects, 0(0B) LOS objects, 34% free, 30MB/46MB, paused 494us total 18.714ms
08-06 15:48:18.175 16505 16517 I art     : Starting a blocking GC Explicit
08-06 15:48:18.194 16505 16517 I art     : Explicit concurrent mark sweep GC freed 3(96B) AllocSpace objects, 0(0B) LOS objects, 34% free, 30MB/46MB, paused 412us total 19.246ms
08-06 15:48:18.500 16505 16516 I art     : Starting a blocking GC Explicit
08-06 15:48:18.521 16505 16516 I art     : Explicit concurrent mark sweep GC freed 1386(80KB) AllocSpace objects, 1(20KB) LOS objects, 34% free, 30MB/46MB, paused 419us total 20.947ms
08-06 15:48:18.532 16505 16516 I art     : Starting a blocking GC Explicit
08-06 15:48:18.532 14491 14491 I ServiceManager: Waiting for service AtCmdFwd...
08-06 15:48:18.550 16505 16516 I art     : Explicit concurrent mark sweep GC freed 20(720B) AllocSpace objects, 0(0B) LOS objects, 34% free, 30MB/46MB, paused 422us total 18.388ms
08-06 15:48:18.559 16505 16516 I art     : Starting a blocking GC Explicit
08-06 15:48:18.577 16505 16516 I art     : Explicit concurrent mark sweep GC freed 3(96B) AllocSpace objects, 0(0B) LOS objects, 34% free, 30MB/46MB, paused 448us total 18.633ms
08-06 15:48:18.585 16505 16516 I art     : Starting a blocking GC Explicit
08-06 15:48:18.604 16505 16516 I art     : Explicit concurrent mark sweep GC freed 3(96B) AllocSpace objects, 0(0B) LOS objects, 34% free, 30MB/46MB, paused 416us total 18.699ms
08-06 15:48:18.612 16505 16516 I art     : Starting a blocking GC Explicit
08-06 15:48:18.630 16505 16516 I art     : Explicit concurrent mark sweep GC freed 3(96B) AllocSpace objects, 0(0B) LOS objects, 34% free, 30MB/46MB, paused 411us total 17.869ms
08-06 15:48:18.929 16505 16766 I art     : Starting a blocking GC Explicit
08-06 15:48:18.951 16505 16766 I art     : Explicit concurrent mark sweep GC freed 1386(80KB) AllocSpace objects, 1(20KB) LOS objects, 34% free, 30MB/46MB, paused 448us total 21.221ms
08-06 15:48:18.964 16505 16766 I art     : Starting a blocking GC Explicit
08-06 15:48:18.983 16505 16766 I art     : Explicit concurrent mark sweep GC freed 20(704B) AllocSpace objects, 0(0B) LOS objects, 34% free, 30MB/46MB, paused 436us total 18.517ms
08-06 15:48:18.991 16505 16766 I art     : Starting a blocking GC Explicit
08-06 15:48:19.009 16505 16766 I art     : Explicit concurrent mark sweep GC freed 3(96B) AllocSpace objects, 0(0B) LOS objects, 34% free, 30MB/46MB, paused 423us total 17.914ms
08-06 15:48:19.017 16505 16766 I art     : Starting a blocking GC Explicit
08-06 15:48:19.036 16505 16766 I art     : Explicit concurrent mark sweep GC freed 3(96B) AllocSpace objects, 0(0B) LOS objects, 34% free, 30MB/46MB, paused 435us total 18.438ms
08-06 15:48:19.044 16505 16766 I art     : Starting a blocking GC Explicit
08-06 15:48:19.063 16505 16766 I art     : Explicit concurrent mark sweep GC freed 3(96B) AllocSpace objects, 0(0B) LOS objects, 34% free, 30MB/46MB, paused 489us total 19.005ms
08-06 15:48:19.370 16505 16523 I art     : Starting a blocking GC Explicit
08-06 15:48:19.390 16505 16523 I art     : Explicit concurrent mark sweep GC freed 1386(80KB) AllocSpace objects, 1(20KB) LOS objects, 34% free, 30MB/46MB, paused 450us total 20.573ms
08-06 15:48:19.401 16505 16523 I art     : Starting a blocking GC Explicit
08-06 15:48:19.420 16505 16523 I art     : Explicit concurrent mark sweep GC freed 20(720B) AllocSpace objects, 0(0B) LOS objects, 34% free, 30MB/46MB, paused 424us total 18.791ms
08-06 15:48:19.428 16505 16523 I art     : Starting a blocking GC Explicit
08-06 15:48:19.447 16505 16523 I art     : Explicit concurrent mark sweep GC freed 3(96B) AllocSpace objects, 0(0B) LOS objects, 34% free, 30MB/46MB, paused 430us total 18.405ms
08-06 15:48:19.455 16505 16523 I art     : Starting a blocking GC Explicit
08-06 15:48:19.474 16505 16523 I art     : Explicit concurrent mark sweep GC freed 3(96B) AllocSpace objects, 0(0B) LOS objects, 34% free, 30MB/46MB, paused 428us total 18.462ms
08-06 15:48:19.482 16505 16523 I art     : Starting a blocking GC Explicit
08-06 15:48:19.501 16505 16523 I art     : Explicit concurrent mark sweep GC freed 3(96B) AllocSpace objects, 0(0B) LOS objects, 34% free, 30MB/46MB, paused 426us total 18.710ms
08-06 15:48:19.533 14491 14491 I ServiceManager: Waiting for service AtCmdFwd...
08-06 15:48:19.801 16505 16517 I art     : Starting a blocking GC Explicit
08-06 15:48:19.823 16505 16517 I art     : Explicit concurrent mark sweep GC freed 1386(80KB) AllocSpace objects, 1(20KB) LOS objects, 34% free, 30MB/46MB, paused 466us total 21.279ms
08-06 15:48:19.835 16505 16517 I art     : Starting a blocking GC Explicit
08-06 15:48:19.854 16505 16517 I art     : Explicit concurrent mark sweep GC freed 20(704B) AllocSpace objects, 0(0B) LOS objects, 34% free, 30MB/46MB, paused 424us total 18.166ms
08-06 15:48:19.862 16505 16517 I art     : Starting a blocking GC Explicit
08-06 15:48:19.881 16505 16517 I art     : Explicit concurrent mark sweep GC freed 3(96B) AllocSpace objects, 0(0B) LOS objects, 34% free, 30MB/46MB, paused 431us total 18.690ms
08-06 15:48:19.889 16505 16517 I art     : Starting a blocking GC Explicit
08-06 15:48:19.907 16505 16517 I art     : Explicit concurrent mark sweep GC freed 3(96B) AllocSpace objects, 0(0B) LOS objects, 34% free, 30MB/46MB, paused 483us total 17.971ms
08-06 15:48:19.915 16505 16517 I art     : Starting a blocking GC Explicit
08-06 15:48:19.935 16505 16517 I art     : Explicit concurrent mark sweep GC freed 3(96B) AllocSpace objects, 0(0B) LOS objects, 34% free, 30MB/46MB, paused 433us total 18.852ms
08-06 15:48:20.242 16505 16516 I art     : Starting a blocking GC Explicit
08-06 15:48:20.263 16505 16516 I art     : Explicit concurrent mark sweep GC freed 1386(80KB) AllocSpace objects, 1(20KB) LOS objects, 34% free, 30MB/46MB, paused 446us total 20.728ms
08-06 15:48:20.276 16505 16516 I art     : Starting a blocking GC Explicit
08-06 15:48:20.294 16505 16516 I art     : Explicit concurrent mark sweep GC freed 20(720B) AllocSpace objects, 0(0B) LOS objects, 34% free, 30MB/46MB, paused 432us total 18.277ms
08-06 15:48:20.302 16505 16516 I art     : Starting a blocking GC Explicit
08-06 15:48:20.321 16505 16516 I art     : Explicit concurrent mark sweep GC freed 3(96B) AllocSpace objects, 0(0B) LOS objects, 34% free, 30MB/46MB, paused 419us total 18.497ms
08-06 15:48:20.329 16505 16516 I art     : Starting a blocking GC Explicit
08-06 15:48:20.347 16505 16516 I art     : Explicit concurrent mark sweep GC freed 3(96B) AllocSpace objects, 0(0B) LOS objects, 34% free, 30MB/46MB, paused 425us total 18.284ms
08-06 15:48:20.355 16505 16516 I art     : Starting a blocking GC Explicit
08-06 15:48:20.374 16505 16516 I art     : Explicit concurrent mark sweep GC freed 3(96B) AllocSpace objects, 0(0B) LOS objects, 34% free, 30MB/46MB, paused 438us total 18.814ms
08-06 15:48:20.533 14491 14491 I ServiceManager: Waiting for service AtCmdFwd...
08-06 15:48:20.681 16505 16766 I art     : Starting a blocking GC Explicit
08-06 15:48:20.701 16505 16766 I art     : Explicit concurrent mark sweep GC freed 1387(80KB) AllocSpace objects, 1(20KB) LOS objects, 34% free, 30MB/46MB, paused 427us total 20.258ms
08-06 15:48:20.712 16505 16766 I art     : Starting a blocking GC Explicit
08-06 15:48:20.730 16505 16766 I art     : Explicit concurrent mark sweep GC freed 20(704B) AllocSpace objects, 0(0B) LOS objects, 34% free, 30MB/46MB, paused 436us total 18.196ms
08-06 15:48:20.738 16505 16766 I art     : Starting a blocking GC Explicit
08-06 15:48:20.757 16505 16766 I art     : Explicit concurrent mark sweep GC freed 3(96B) AllocSpace objects, 0(0B) LOS objects, 34% free, 30MB/46MB, paused 432us total 18.847ms
08-06 15:48:20.765 16505 16766 I art     : Starting a blocking GC Explicit
08-06 15:48:20.785 16505 16766 I art     : Explicit concurrent mark sweep GC freed 3(96B) AllocSpace objects, 0(0B) LOS objects, 34% free, 30MB/46MB, paused 432us total 19.103ms
08-06 15:48:20.793 16505 16766 I art     : Starting a blocking GC Explicit
08-06 15:48:20.812 16505 16766 I art     : Explicit concurrent mark sweep GC freed 3(96B) AllocSpace objects, 0(0B) LOS objects, 34% free, 30MB/46MB, paused 435us total 19.181ms
08-06 15:48:21.109 16505 16523 I art     : Starting a blocking GC Explicit
08-06 15:48:21.131 16505 16523 I art     : Explicit concurrent mark sweep GC freed 1386(80KB) AllocSpace objects, 1(20KB) LOS objects, 34% free, 30MB/46MB, paused 443us total 21.162ms
08-06 15:48:21.141 16505 16523 I art     : Starting a blocking GC Explicit
08-06 15:48:21.161 16505 16523 I art     : Explicit concurrent mark sweep GC freed 20(720B) AllocSpace objects, 0(0B) LOS objects, 34% free, 30MB/46MB, paused 439us total 19.636ms
08-06 15:48:21.170 16505 16523 I art     : Starting a blocking GC Explicit
08-06 15:48:21.189 16505 16523 I art     : Explicit concurrent mark sweep GC freed 3(96B) AllocSpace objects, 0(0B) LOS objects, 34% free, 30MB/46MB, paused 414us total 19.148ms
08-06 15:48:21.197 16505 16523 I art     : Starting a blocking GC Explicit
08-06 15:48:21.216 16505 16523 I art     : Explicit concurrent mark sweep GC freed 3(96B) AllocSpace objects, 0(0B) LOS objects, 34% free, 30MB/46MB, paused 414us total 18.178ms
08-06 15:48:21.224 16505 16523 I art     : Starting a blocking GC Explicit
08-06 15:48:21.244 16505 16523 I art     : Explicit concurrent mark sweep GC freed 3(96B) AllocSpace objects, 0(0B) LOS objects, 34% free, 30MB/46MB, paused 427us total 19.530ms
08-06 15:48:21.534 14491 14491 I ServiceManager: Waiting for service AtCmdFwd...
08-06 15:48:21.546 16505 16517 I art     : Starting a blocking GC Explicit
08-06 15:48:21.568 16505 16517 I art     : Explicit concurrent mark sweep GC freed 1386(80KB) AllocSpace objects, 1(20KB) LOS objects, 34% free, 30MB/46MB, paused 439us total 21.139ms
08-06 15:48:21.576 16505 16517 I art     : Starting a blocking GC Explicit
08-06 15:48:21.596 16505 16517 I art     : Explicit concurrent mark sweep GC freed 20(704B) AllocSpace objects, 0(0B) LOS objects, 34% free, 30MB/46MB, paused 441us total 19.419ms
08-06 15:48:21.605 16505 16517 I art     : Starting a blocking GC Explicit
08-06 15:48:21.624 16505 16517 I art     : Explicit concurrent mark sweep GC freed 3(96B) AllocSpace objects, 0(0B) LOS objects, 34% free, 30MB/46MB, paused 478us total 18.854ms
08-06 15:48:21.632 16505 16517 I art     : Starting a blocking GC Explicit
08-06 15:48:21.651 16505 16517 I art     : Explicit concurrent mark sweep GC freed 3(96B) AllocSpace objects, 0(0B) LOS objects, 34% free, 30MB/46MB, paused 439us total 19.037ms
08-06 15:48:21.660 16505 16517 I art     : Starting a blocking GC Explicit
08-06 15:48:21.679 16505 16517 I art     : Explicit concurrent mark sweep GC freed 3(96B) AllocSpace objects, 0(0B) LOS objects, 34% free, 30MB/46MB, paused 482us total 19.379ms
08-06 15:48:21.982 16505 16516 I art     : Starting a blocking GC Explicit
08-06 15:48:22.003 16505 16516 I art     : Explicit concurrent mark sweep GC freed 1386(80KB) AllocSpace objects, 1(20KB) LOS objects, 34% free, 30MB/46MB, paused 439us total 20.506ms
08-06 15:48:22.014 16505 16516 I art     : Starting a blocking GC Explicit
08-06 15:48:22.033 16505 16516 I art     : Explicit concurrent mark sweep GC freed 20(720B) AllocSpace objects, 0(0B) LOS objects, 34% free, 30MB/46MB, paused 435us total 18.556ms
08-06 15:48:22.041 16505 16516 I art     : Starting a blocking GC Explicit
08-06 15:48:22.059 16505 16516 I art     : Explicit concurrent mark sweep GC freed 3(96B) AllocSpace objects, 0(0B) LOS objects, 34% free, 30MB/46MB, paused 431us total 18.082ms
08-06 15:48:22.067 16505 16516 I art     : Starting a blocking GC Explicit
08-06 15:48:22.086 16505 16516 I art     : Explicit concurrent mark sweep GC freed 3(96B) AllocSpace objects, 0(0B) LOS objects, 34% free, 30MB/46MB, paused 436us total 18.607ms
08-06 15:48:22.094 16505 16516 I art     : Starting a blocking GC Explicit
08-06 15:48:22.113 16505 16516 I art     : Explicit concurrent mark sweep GC freed 3(96B) AllocSpace objects, 0(0B) LOS objects, 34% free, 30MB/46MB, paused 407us total 18.845ms
08-06 15:48:22.399 16505 16766 I art     : Starting a blocking GC Explicit
08-06 15:48:22.418 16505 16766 I art     : Explicit concurrent mark sweep GC freed 1386(80KB) AllocSpace objects, 1(20KB) LOS objects, 34% free, 30MB/46MB, paused 465us total 19.058ms
08-06 15:48:22.426 16505 16766 I art     : Starting a blocking GC Explicit
08-06 15:48:22.445 16505 16766 I art     : Explicit concurrent mark sweep GC freed 20(704B) AllocSpace objects, 0(0B) LOS objects, 34% free, 30MB/46MB, paused 438us total 18.795ms
08-06 15:48:22.454 16505 16766 I art     : Starting a blocking GC Explicit
08-06 15:48:22.472 16505 16766 I art     : Explicit concurrent mark sweep GC freed 3(96B) AllocSpace objects, 0(0B) LOS objects, 34% free, 30MB/46MB, paused 425us total 17.836ms
08-06 15:48:22.480 16505 16766 I art     : Starting a blocking GC Explicit
08-06 15:48:22.499 16505 16766 I art     : Explicit concurrent mark sweep GC freed 3(96B) AllocSpace objects, 0(0B) LOS objects, 34% free, 30MB/46MB, paused 439us total 18.464ms
08-06 15:48:22.507 16505 16766 I art     : Starting a blocking GC Explicit
08-06 15:48:22.525 16505 16766 I art     : Explicit concurrent mark sweep GC freed 3(96B) AllocSpace objects, 0(0B) LOS objects, 34% free, 30MB/46MB, paused 478us total 18.572ms
08-06 15:48:22.535 14491 14491 I ServiceManager: Waiting for service AtCmdFwd...
08-06 15:48:22.688 17011 17011 D AndroidRuntime: >>>>>> START com.android.internal.os.RuntimeInit uid 2000 <<<<<<
08-06 15:48:22.692 17011 17011 D AndroidRuntime: CheckJNI is OFF
08-06 15:48:22.723 17011 17011 D ICU     : No timezone override file found: /data/misc/zoneinfo/current/icu/icu_tzdata.dat
08-06 15:48:22.755 17011 17011 I Radio-JNI: register_android_hardware_Radio DONE
08-06 15:48:22.776 17011 17011 D AndroidRuntime: Calling main entry com.android.commands.input.Input
08-06 15:48:22.778 17011 17011 I Input   : injectMotionEvent: MotionEvent { action=ACTION_DOWN, actionButton=0, id[0]=0, x[0]=436.0, y[0]=453.0, toolType[0]=TOOL_TYPE_UNKNOWN, buttonState=0, metaState=0, flags=0x0, edgeFlags=0x0, pointerCount=1, historySize=0, eventTime=892119191, downTime=892119191, deviceId=0, source=0x1002 }
08-06 15:48:22.782 17011 17011 I Input   : injectMotionEvent: MotionEvent { action=ACTION_UP, actionButton=0, id[0]=0, x[0]=436.0, y[0]=453.0, toolType[0]=TOOL_TYPE_UNKNOWN, buttonState=0, metaState=0, flags=0x0, edgeFlags=0x0, pointerCount=1, historySize=0, eventTime=892119191, downTime=892119191, deviceId=0, source=0x1002 }
08-06 15:48:22.785 17011 17011 D AndroidRuntime: Shutting down VM
08-06 15:48:22.794   512  2967 D audio_hw_primary: out_set_parameters: enter: usecase(1: low-latency-playback) kvpairs: routing=2
08-06 15:48:22.795   918  3359 I ActivityManager: START u0 {cmp=baseline.com.newsblur/.activity.GlobalSharedStoriesReading (has extras)} from uid 10698 on display 0
08-06 15:48:22.807   512  2967 D audio_hw_primary: select_devices: out_snd_device(2: speaker) in_snd_device(0: none)
08-06 15:48:22.807   512  2967 D msm8974_platform: platform_send_audio_calibration: sending audio calibration for snd_device(2) acdb_id(15)
08-06 15:48:22.808   512  2967 I soundtrigger: audio_extn_sound_trigger_update_device_status: device 0x2 of type 0 for Event 1
08-06 15:48:22.817   512  2967 D audio_hw_primary: enable_snd_device: snd_device(2: speaker)
08-06 15:48:22.820   512  2967 D audio_hw_primary: enable_audio_route: apply and update mixer path: low-latency-playback speaker
08-06 15:48:22.838 16505 16523 I art     : Starting a blocking GC Explicit
08-06 15:48:22.858 16505 16523 I art     : Explicit concurrent mark sweep GC freed 2395(204KB) AllocSpace objects, 3(60KB) LOS objects, 33% free, 31MB/47MB, paused 815us total 19.621ms
08-06 15:48:22.866 16505 16523 I art     : Starting a blocking GC Explicit
08-06 15:48:22.886 16505 16523 I art     : Explicit concurrent mark sweep GC freed 896(74KB) AllocSpace objects, 2(468KB) LOS objects, 33% free, 32MB/48MB, paused 540us total 19.023ms
08-06 15:48:22.893 16505 16523 I art     : Starting a blocking GC Explicit
08-06 15:48:22.912 16505 16523 I art     : Explicit concurrent mark sweep GC freed 104(5KB) AllocSpace objects, 0(0B) LOS objects, 33% free, 32MB/48MB, paused 458us total 18.378ms
08-06 15:48:22.920 16505 16523 I art     : Starting a blocking GC Explicit
08-06 15:48:22.940 16505 16523 I art     : Explicit concurrent mark sweep GC freed 150(26KB) AllocSpace objects, 1(20KB) LOS objects, 33% free, 32MB/48MB, paused 627us total 20.300ms
08-06 15:48:22.948 16505 16523 I art     : Starting a blocking GC Explicit
08-06 15:48:22.967 16505 16523 I art     : Explicit concurrent mark sweep GC freed 42(1488B) AllocSpace objects, 0(0B) LOS objects, 33% free, 32MB/48MB, paused 435us total 18.874ms
08-06 15:48:23.033 13866 13866 I GoogleInputMethodServic: GoogleInputMethodService.onFinishInput():3138 
08-06 15:48:23.034   918   936 I ActivityManager: Displayed baseline.com.newsblur/.activity.GlobalSharedStoriesReading: +231ms
08-06 15:48:23.034 13866 13866 I GoogleInputMethodServic: GoogleInputMethodService.onStartInput():1808 
08-06 15:48:23.049 16505 16505 I WebViewFactory: Loading com.google.android.webview version 84.0.4147.89 (code 414708953)
08-06 15:48:23.214 16505 16505 I cr_LibraryLoader: Loaded native library version number "84.0.4147.89"
08-06 15:48:23.215 16505 16505 I cr_CachingUmaRecorder: Flushed 5 samples from 5 histograms.
08-06 15:48:23.230 16505 16517 I art     : Starting a blocking GC Explicit
08-06 15:48:23.250 16505 16505 E chromium: [ERROR:filesystem_posix.cc(62)] mkdir /data/user/0/baseline.com.newsblur/cache/WebView/Crashpad: No such file or directory (2)
08-06 15:48:23.261 16505 16517 I art     : Explicit concurrent mark sweep GC freed 6667(702KB) AllocSpace objects, 5(100KB) LOS objects, 31% free, 34MB/50MB, paused 1.266ms total 30.630ms
08-06 15:48:23.273 16505 16517 I art     : Starting a blocking GC Explicit
08-06 15:48:23.297 16505 16517 I art     : Explicit concurrent mark sweep GC freed 840(68KB) AllocSpace objects, 0(0B) LOS objects, 31% free, 34MB/50MB, paused 1.117ms total 24.206ms
08-06 15:48:23.314 16505 16517 I art     : Starting a blocking GC Explicit
08-06 15:48:23.340 16505 16517 I art     : Explicit concurrent mark sweep GC freed 592(47KB) AllocSpace objects, 0(0B) LOS objects, 31% free, 34MB/50MB, paused 1.060ms total 25.828ms
08-06 15:48:23.349 16505 16517 I art     : Starting a blocking GC Explicit
08-06 15:48:23.351   918  5952 D ConnectivityService: listenForNetwork for Listen from uid/pid:10698/16505 for NetworkRequest [ id=4069, legacyType=-1, [ Capabilities: INTERNET&NOT_RESTRICTED&TRUSTED] ]
08-06 15:48:23.359   512  2967 D audio_hw_primary: disable_audio_route: reset and update mixer path: low-latency-playback speaker
08-06 15:48:23.360   512  2967 D audio_hw_primary: disable_snd_device: snd_device(2: speaker)
08-06 15:48:23.368   512  2967 I soundtrigger: audio_extn_sound_trigger_update_device_status: device 0x2 of type 0 for Event 0
08-06 15:48:23.371 16505 16517 I art     : Explicit concurrent mark sweep GC freed 614(69KB) AllocSpace objects, 0(0B) LOS objects, 31% free, 35MB/51MB, paused 1.313ms total 22.451ms
08-06 15:48:23.379 16505 16517 I art     : Starting a blocking GC Explicit
08-06 15:48:23.402 16505 16517 I art     : Explicit concurrent mark sweep GC freed 1104(93KB) AllocSpace objects, 1(20KB) LOS objects, 30% free, 36MB/52MB, paused 937us total 22.722ms
08-06 15:48:23.461   918  3261 D WifiStateMachine: starting scan for "H369AA63323"WPA_PSK with 2412,5180
08-06 15:48:23.477 16505 17072 W cr_media: Requires BLUETOOTH permission
08-06 15:48:23.482 16505 17088 E libEGL  : validate_display:255 error 3008 (EGL_BAD_DISPLAY)
08-06 15:48:23.535 14491 14491 W Atfwd_Sendcmd: AtCmdFwd service not published, waiting... retryCnt : 5
08-06 15:48:23.658  5282  5408 E GoogleConversionReporter: Error sending ping
08-06 15:48:23.658  5282  5408 E GoogleConversionReporter: bljc: Exception in CronetUrlRequest: net::ERR_CONNECTION_CLOSED, ErrorCode=5, InternalErrorCode=-100, Retryable=true
08-06 15:48:23.658  5282  5408 E GoogleConversionReporter: 	at org.chromium.net.impl.CronetUrlRequest.onError(PG:55)
08-06 15:48:23.704 16505 16516 I art     : Starting a blocking GC Explicit
08-06 15:48:23.739 16505 16516 I art     : Explicit concurrent mark sweep GC freed 23861(1355KB) AllocSpace objects, 19(424KB) LOS objects, 30% free, 36MB/52MB, paused 1.107ms total 34.186ms
08-06 15:48:23.749 16505 16516 I art     : Starting a blocking GC Explicit
08-06 15:48:23.775 16505 16516 I art     : Explicit concurrent mark sweep GC freed 1795(78KB) AllocSpace objects, 2(56KB) LOS objects, 30% free, 36MB/52MB, paused 1.060ms total 25.746ms
08-06 15:48:23.784 16505 16516 I art     : Starting a blocking GC Explicit
08-06 15:48:23.809 16505 16516 I art     : Explicit concurrent mark sweep GC freed 1982(91KB) AllocSpace objects, 0(0B) LOS objects, 30% free, 36MB/52MB, paused 948us total 24.815ms
08-06 15:48:23.818 16505 16516 I art     : Starting a blocking GC Explicit
08-06 15:48:23.842 16505 16516 I art     : Explicit concurrent mark sweep GC freed 301(14KB) AllocSpace objects, 0(0B) LOS objects, 30% free, 36MB/52MB, paused 929us total 24.339ms
08-06 15:48:23.851 16505 16516 I art     : Starting a blocking GC Explicit
08-06 15:48:23.875 16505 16516 I art     : Explicit concurrent mark sweep GC freed 105(16KB) AllocSpace objects, 0(0B) LOS objects, 30% free, 36MB/52MB, paused 867us total 23.619ms
08-06 15:48:24.050 16505 17107 E baseline.com.newsblur.network.APIResponse: Error (unexpected end of stream on https://www.newsblur.com/...) calling https://www.newsblur.com/reader/mark_story_hashes_as_read/
08-06 15:48:24.050 16505 17107 E baseline.com.newsblur.network.APIResponse: java.io.IOException: unexpected end of stream on https://www.newsblur.com/...
08-06 15:48:24.050 16505 17107 E baseline.com.newsblur.network.APIResponse: 	at okhttp3.internal.http1.Http1ExchangeCodec.readResponseHeaders(Http1ExchangeCodec.java:236)
08-06 15:48:24.050 16505 17107 E baseline.com.newsblur.network.APIResponse: 	at okhttp3.internal.connection.Exchange.readResponseHeaders(Exchange.java:115)
08-06 15:48:24.050 16505 17107 E baseline.com.newsblur.network.APIResponse: 	at okhttp3.internal.http.CallServerInterceptor.intercept(CallServerInterceptor.java:94)
08-06 15:48:24.050 16505 17107 E baseline.com.newsblur.network.APIResponse: 	at okhttp3.internal.http.RealInterceptorChain.proceed(RealInterceptorChain.java:142)
08-06 15:48:24.050 16505 17107 E baseline.com.newsblur.network.APIResponse: 	at okhttp3.internal.connection.ConnectInterceptor.intercept(ConnectInterceptor.java:43)
08-06 15:48:24.050 16505 17107 E baseline.com.newsblur.network.APIResponse: 	at okhttp3.internal.http.RealInterceptorChain.proceed(RealInterceptorChain.java:142)
08-06 15:48:24.050 16505 17107 E baseline.com.newsblur.network.APIResponse: 	at okhttp3.internal.http.RealInterceptorChain.proceed(RealInterceptorChain.java:117)
08-06 15:48:24.050 16505 17107 E baseline.com.newsblur.network.APIResponse: 	at okhttp3.internal.cache.CacheInterceptor.intercept(CacheInterceptor.java:94)
08-06 15:48:24.050 16505 17107 E baseline.com.newsblur.network.APIResponse: 	at okhttp3.internal.http.RealInterceptorChain.proceed(RealInterceptorChain.java:142)
08-06 15:48:24.050 16505 17107 E baseline.com.newsblur.network.APIResponse: 	at okhttp3.internal.http.RealInterceptorChain.proceed(RealInterceptorChain.java:117)
08-06 15:48:24.050 16505 17107 E baseline.com.newsblur.network.APIResponse: 	at okhttp3.internal.http.BridgeInterceptor.intercept(BridgeInterceptor.java:93)
08-06 15:48:24.050 16505 17107 E baseline.com.newsblur.network.APIResponse: 	at okhttp3.internal.http.RealInterceptorChain.proceed(RealInterceptorChain.java:142)
08-06 15:48:24.050 16505 17107 E baseline.com.newsblur.network.APIResponse: 	at okhttp3.internal.http.RetryAndFollowUpInterceptor.intercept(RetryAndFollowUpInterceptor.java:88)
08-06 15:48:24.050 16505 17107 E baseline.com.newsblur.network.APIResponse: 	at okhttp3.internal.http.RealInterceptorChain.proceed(RealInterceptorChain.java:142)
08-06 15:48:24.050 16505 17107 E baseline.com.newsblur.network.APIResponse: 	at okhttp3.internal.http.RealInterceptorChain.proceed(RealInterceptorChain.java:117)
08-06 15:48:24.050 16505 17107 E baseline.com.newsblur.network.APIResponse: 	at okhttp3.RealCall.getResponseWithInterceptorChain(RealCall.java:229)
08-06 15:48:24.050 16505 17107 E baseline.com.newsblur.network.APIResponse: 	at okhttp3.RealCall.execute(RealCall.java:81)
08-06 15:48:24.050 16505 17107 E baseline.com.newsblur.network.APIResponse: 	at baseline.com.newsblur.network.APIResponse.<init>(APIResponse.java:57)
08-06 15:48:24.050 16505 17107 E baseline.com.newsblur.network.APIResponse: 	at baseline.com.newsblur.network.APIResponse.<init>(APIResponse.java:43)
08-06 15:48:24.050 16505 17107 E baseline.com.newsblur.network.APIResponse: 	at baseline.com.newsblur.network.APIManager.post_single(APIManager.java:702)
08-06 15:48:24.050 16505 17107 E baseline.com.newsblur.network.APIResponse: 	at baseline.com.newsblur.network.APIManager.post(APIManager.java:675)
08-06 15:48:24.050 16505 17107 E baseline.com.newsblur.network.APIResponse: 	at baseline.com.newsblur.network.APIManager.post(APIManager.java:714)
08-06 15:48:24.050 16505 17107 E baseline.com.newsblur.network.APIResponse: 	at baseline.com.newsblur.network.APIManager.markStoryAsRead(APIManager.java:205)
08-06 15:48:24.050 16505 17107 E baseline.com.newsblur.network.APIResponse: 	at baseline.com.newsblur.util.ReadingAction.doRemote(ReadingAction.java:281)
08-06 15:48:24.050 16505 17107 E baseline.com.newsblur.network.APIResponse: 	at baseline.com.newsblur.service.NBSyncService.syncActions(NBSyncService.java:400)
08-06 15:48:24.050 16505 17107 E baseline.com.newsblur.network.APIResponse: 	at baseline.com.newsblur.service.NBSyncService.doSync(NBSyncService.java:298)
08-06 15:48:24.050 16505 17107 E baseline.com.newsblur.network.APIResponse: 	at baseline.com.newsblur.service.NBSyncService.access$100(NBSyncService.java:67)
08-06 15:48:24.050 16505 17107 E baseline.com.newsblur.network.APIResponse: 	at baseline.com.newsblur.service.NBSyncService$1.run(NBSyncService.java:188)
08-06 15:48:24.050 16505 17107 E baseline.com.newsblur.network.APIResponse: 	at java.util.concurrent.ThreadPoolExecutor.runWorker(ThreadPoolExecutor.java:1113)
08-06 15:48:24.050 16505 17107 E baseline.com.newsblur.network.APIResponse: 	at java.util.concurrent.ThreadPoolExecutor$Worker.run(ThreadPoolExecutor.java:588)
08-06 15:48:24.050 16505 17107 E baseline.com.newsblur.network.APIResponse: 	at java.lang.Thread.run(Thread.java:818)
08-06 15:48:24.050 16505 17107 E baseline.com.newsblur.network.APIResponse: Caused by: java.io.EOFException: \n not found: limit=0 content=
08-06 15:48:24.050 16505 17107 E baseline.com.newsblur.network.APIResponse: 	at okio.RealBufferedSource.readUtf8LineStrict(RealBufferedSource.java:240)
08-06 15:48:24.050 16505 17107 E baseline.com.newsblur.network.APIResponse: 	at okhttp3.internal.http1.Http1ExchangeCodec.readHeaderLine(Http1ExchangeCodec.java:242)
08-06 15:48:24.050 16505 17107 E baseline.com.newsblur.network.APIResponse: 	at okhttp3.internal.http1.Http1ExchangeCodec.readResponseHeaders(Http1ExchangeCodec.java:213)
08-06 15:48:24.050 16505 17107 E baseline.com.newsblur.network.APIResponse: 	... 30 more
08-06 15:48:24.051 16505 17107 I baseline.com.newsblur.network.APIManager: API call failed, pausing before retry number 1
08-06 15:48:24.301 16505 16523 I art     : Starting a blocking GC Explicit
08-06 15:48:24.337 16505 16523 I art     : Explicit concurrent mark sweep GC freed 4686(417KB) AllocSpace objects, 6(260KB) LOS objects, 30% free, 36MB/52MB, paused 783us total 34.948ms
08-06 15:48:24.348 16505 16523 I art     : Starting a blocking GC Explicit
08-06 15:48:24.380 16505 16523 I art     : Explicit concurrent mark sweep GC freed 993(118KB) AllocSpace objects, 0(0B) LOS objects, 30% free, 36MB/52MB, paused 1.019ms total 31.558ms
08-06 15:48:24.389 16505 16523 I art     : Starting a blocking GC Explicit
08-06 15:48:24.422 16505 16523 I art     : Explicit concurrent mark sweep GC freed 3(96B) AllocSpace objects, 0(0B) LOS objects, 30% free, 36MB/52MB, paused 848us total 32.440ms
08-06 15:48:24.434 16505 16523 I art     : Starting a blocking GC Explicit
08-06 15:48:24.466 16505 16523 I art     : Explicit concurrent mark sweep GC freed 3(96B) AllocSpace objects, 0(0B) LOS objects, 30% free, 36MB/52MB, paused 885us total 32.494ms
08-06 15:48:24.477 16505 16523 I art     : Starting a blocking GC Explicit
08-06 15:48:24.512 16505 16523 I art     : Explicit concurrent mark sweep GC freed 3(96B) AllocSpace objects, 0(0B) LOS objects, 30% free, 36MB/52MB, paused 1.281ms total 34.224ms
08-06 15:48:24.855 16505 16516 I art     : Starting a blocking GC Explicit
08-06 15:48:24.887 16505 16516 I art     : Explicit concurrent mark sweep GC freed 1500(84KB) AllocSpace objects, 1(20KB) LOS objects, 30% free, 36MB/52MB, paused 947us total 31.569ms
08-06 15:48:24.900 16505 16516 I art     : Starting a blocking GC Explicit
08-06 15:48:24.932 16505 16516 I art     : Explicit concurrent mark sweep GC freed 22(784B) AllocSpace objects, 0(0B) LOS objects, 30% free, 36MB/52MB, paused 766us total 32.522ms
08-06 15:48:24.943 16505 16516 I art     : Starting a blocking GC Explicit
08-06 15:48:24.974 16505 16516 I art     : Explicit concurrent mark sweep GC freed 3(96B) AllocSpace objects, 0(0B) LOS objects, 30% free, 36MB/52MB, paused 925us total 30.657ms
08-06 15:48:24.986 16505 16516 I art     : Starting a blocking GC Explicit
08-06 15:48:25.017 16505 16516 I art     : Explicit concurrent mark sweep GC freed 3(96B) AllocSpace objects, 0(0B) LOS objects, 30% free, 36MB/52MB, paused 831us total 31.462ms
08-06 15:48:25.027 16505 16516 I art     : Starting a blocking GC Explicit
08-06 15:48:25.055 16505 16516 I art     : Explicit concurrent mark sweep GC freed 3(96B) AllocSpace objects, 0(0B) LOS objects, 30% free, 36MB/52MB, paused 811us total 27.039ms
08-06 15:48:25.261   518   646 I ThermalEngine: ACTION: GPU - Setting GPU[0] to 450000000
08-06 15:48:25.424 16505 16516 I art     : Starting a blocking GC Explicit
08-06 15:48:25.463 16505 16516 I art     : Explicit concurrent mark sweep GC freed 1440(83KB) AllocSpace objects, 1(20KB) LOS objects, 30% free, 36MB/52MB, paused 1.263ms total 38.626ms
08-06 15:48:25.476 16505 16516 I art     : Starting a blocking GC Explicit
08-06 15:48:25.515 16505 16516 I art     : Explicit concurrent mark sweep GC freed 22(784B) AllocSpace objects, 0(0B) LOS objects, 30% free, 36MB/52MB, paused 1.309ms total 39.085ms
08-06 15:48:25.528 16505 16516 I art     : Starting a blocking GC Explicit
08-06 15:48:25.568 16505 16516 I art     : Explicit concurrent mark sweep GC freed 94(3KB) AllocSpace objects, 0(0B) LOS objects, 30% free, 36MB/52MB, paused 1.136ms total 40.183ms
08-06 15:48:25.582 16505 16516 I art     : Starting a blocking GC Explicit
08-06 15:48:25.621 16505 16516 I art     : Explicit concurrent mark sweep GC freed 9(352B) AllocSpace objects, 0(0B) LOS objects, 30% free, 36MB/52MB, paused 1.120ms total 38.431ms
08-06 15:48:25.635 16505 16516 I art     : Starting a blocking GC Explicit
08-06 15:48:25.675 16505 16516 I art     : Explicit concurrent mark sweep GC freed 37(1760B) AllocSpace objects, 0(0B) LOS objects, 30% free, 36MB/52MB, paused 1.550ms total 39.209ms
08-06 15:48:26.032 16505 16766 I art     : Starting a blocking GC Explicit
08-06 15:48:26.072 16505 16766 I art     : Explicit concurrent mark sweep GC freed 2015(109KB) AllocSpace objects, 1(20KB) LOS objects, 30% free, 36MB/52MB, paused 1.398ms total 39.601ms
08-06 15:48:26.086 16505 16766 I art     : Starting a blocking GC Explicit
08-06 15:48:26.119 16505 17107 E baseline.com.newsblur.network.APIResponse: Error (unexpected end of stream on https://www.newsblur.com/...) calling https://www.newsblur.com/reader/mark_story_hashes_as_read/
08-06 15:48:26.119 16505 17107 E baseline.com.newsblur.network.APIResponse: java.io.IOException: unexpected end of stream on https://www.newsblur.com/...
08-06 15:48:26.119 16505 17107 E baseline.com.newsblur.network.APIResponse: 	at okhttp3.internal.http1.Http1ExchangeCodec.readResponseHeaders(Http1ExchangeCodec.java:236)
08-06 15:48:26.119 16505 17107 E baseline.com.newsblur.network.APIResponse: 	at okhttp3.internal.connection.Exchange.readResponseHeaders(Exchange.java:115)
08-06 15:48:26.119 16505 17107 E baseline.com.newsblur.network.APIResponse: 	at okhttp3.internal.http.CallServerInterceptor.intercept(CallServerInterceptor.java:94)
08-06 15:48:26.119 16505 17107 E baseline.com.newsblur.network.APIResponse: 	at okhttp3.internal.http.RealInterceptorChain.proceed(RealInterceptorChain.java:142)
08-06 15:48:26.119 16505 17107 E baseline.com.newsblur.network.APIResponse: 	at okhttp3.internal.connection.ConnectInterceptor.intercept(ConnectInterceptor.java:43)
08-06 15:48:26.119 16505 17107 E baseline.com.newsblur.network.APIResponse: 	at okhttp3.internal.http.RealInterceptorChain.proceed(RealInterceptorChain.java:142)
08-06 15:48:26.119 16505 17107 E baseline.com.newsblur.network.APIResponse: 	at okhttp3.internal.http.RealInterceptorChain.proceed(RealInterceptorChain.java:117)
08-06 15:48:26.119 16505 17107 E baseline.com.newsblur.network.APIResponse: 	at okhttp3.internal.cache.CacheInterceptor.intercept(CacheInterceptor.java:94)
08-06 15:48:26.119 16505 17107 E baseline.com.newsblur.network.APIResponse: 	at okhttp3.internal.http.RealInterceptorChain.proceed(RealInterceptorChain.java:142)
08-06 15:48:26.119 16505 17107 E baseline.com.newsblur.network.APIResponse: 	at okhttp3.internal.http.RealInterceptorChain.proceed(RealInterceptorChain.java:117)
08-06 15:48:26.119 16505 17107 E baseline.com.newsblur.network.APIResponse: 	at okhttp3.internal.http.BridgeInterceptor.intercept(BridgeInterceptor.java:93)
08-06 15:48:26.119 16505 17107 E baseline.com.newsblur.network.APIResponse: 	at okhttp3.internal.http.RealInterceptorChain.proceed(RealInterceptorChain.java:142)
08-06 15:48:26.119 16505 17107 E baseline.com.newsblur.network.APIResponse: 	at okhttp3.internal.http.RetryAndFollowUpInterceptor.intercept(RetryAndFollowUpInterceptor.java:88)
08-06 15:48:26.119 16505 17107 E baseline.com.newsblur.network.APIResponse: 	at okhttp3.internal.http.RealInterceptorChain.proceed(RealInterceptorChain.java:142)
08-06 15:48:26.119 16505 17107 E baseline.com.newsblur.network.APIResponse: 	at okhttp3.internal.http.RealInterceptorChain.proceed(RealInterceptorChain.java:117)
08-06 15:48:26.119 16505 17107 E baseline.com.newsblur.network.APIResponse: 	at okhttp3.RealCall.getResponseWithInterceptorChain(RealCall.java:229)
08-06 15:48:26.119 16505 17107 E baseline.com.newsblur.network.APIResponse: 	at okhttp3.RealCall.execute(RealCall.java:81)
08-06 15:48:26.119 16505 17107 E baseline.com.newsblur.network.APIResponse: 	at baseline.com.newsblur.network.APIResponse.<init>(APIResponse.java:57)
08-06 15:48:26.119 16505 17107 E baseline.com.newsblur.network.APIResponse: 	at baseline.com.newsblur.network.APIResponse.<init>(APIResponse.java:43)
08-06 15:48:26.119 16505 17107 E baseline.com.newsblur.network.APIResponse: 	at baseline.com.newsblur.network.APIManager.post_single(APIManager.java:702)
08-06 15:48:26.119 16505 17107 E baseline.com.newsblur.network.APIResponse: 	at baseline.com.newsblur.network.APIManager.post(APIManager.java:675)
08-06 15:48:26.119 16505 17107 E baseline.com.newsblur.network.APIResponse: 	at baseline.com.newsblur.network.APIManager.post(APIManager.java:714)
08-06 15:48:26.119 16505 17107 E baseline.com.newsblur.network.APIResponse: 	at baseline.com.newsblur.network.APIManager.markStoryAsRead(APIManager.java:205)
08-06 15:48:26.119 16505 17107 E baseline.com.newsblur.network.APIResponse: 	at baseline.com.newsblur.util.ReadingAction.doRemote(ReadingAction.java:281)
08-06 15:48:26.119 16505 17107 E baseline.com.newsblur.network.APIResponse: 	at baseline.com.newsblur.service.NBSyncService.syncActions(NBSyncService.java:400)
08-06 15:48:26.119 16505 17107 E baseline.com.newsblur.network.APIResponse: 	at baseline.com.newsblur.service.NBSyncService.doSync(NBSyncService.java:298)
08-06 15:48:26.119 16505 17107 E baseline.com.newsblur.network.APIResponse: 	at baseline.com.newsblur.service.NBSyncService.access$100(NBSyncService.java:67)
08-06 15:48:26.119 16505 17107 E baseline.com.newsblur.network.APIResponse: 	at baseline.com.newsblur.service.NBSyncService$1.run(NBSyncService.java:188)
08-06 15:48:26.119 16505 17107 E baseline.com.newsblur.network.APIResponse: 	at java.util.concurrent.ThreadPoolExecutor.runWorker(ThreadPoolExecutor.java:1113)
08-06 15:48:26.119 16505 17107 E baseline.com.newsblur.network.APIResponse: 	at java.util.concurrent.ThreadPoolExecutor$Worker.run(ThreadPoolExecutor.java:588)
08-06 15:48:26.119 16505 17107 E baseline.com.newsblur.network.APIResponse: 	at java.lang.Thread.run(Thread.java:818)
08-06 15:48:26.119 16505 17107 E baseline.com.newsblur.network.APIResponse: Caused by: java.io.EOFException: \n not found: limit=0 content=
08-06 15:48:26.119 16505 17107 E baseline.com.newsblur.network.APIResponse: 	at okio.RealBufferedSource.readUtf8LineStrict(RealBufferedSource.java:240)
08-06 15:48:26.119 16505 17107 E baseline.com.newsblur.network.APIResponse: 	at okhttp3.internal.http1.Http1ExchangeCodec.readHeaderLine(Http1ExchangeCodec.java:242)
08-06 15:48:26.119 16505 17107 E baseline.com.newsblur.network.APIResponse: 	at okhttp3.internal.http1.Http1ExchangeCodec.readResponseHeaders(Http1ExchangeCodec.java:213)
08-06 15:48:26.119 16505 17107 E baseline.com.newsblur.network.APIResponse: 	... 30 more
08-06 15:48:26.120 16505 17107 I baseline.com.newsblur.network.APIManager: API call failed, pausing before retry number 2
08-06 15:48:26.122 16505 16766 I art     : Explicit concurrent mark sweep GC freed 1591(168KB) AllocSpace objects, 0(0B) LOS objects, 30% free, 36MB/52MB, paused 1.213ms total 35.636ms
08-06 15:48:26.135 16505 16766 I art     : Starting a blocking GC Explicit
08-06 15:48:26.168 16505 16766 I art     : Explicit concurrent mark sweep GC freed 454(85KB) AllocSpace objects, 2(40KB) LOS objects, 30% free, 36MB/52MB, paused 1.057ms total 33.010ms
08-06 15:48:26.181 16505 16766 I art     : Starting a blocking GC Explicit
08-06 15:48:26.217 16505 16766 I art     : Explicit concurrent mark sweep GC freed 43(1600B) AllocSpace objects, 0(0B) LOS objects, 30% free, 36MB/52MB, paused 1.148ms total 36.686ms
08-06 15:48:26.231 16505 16766 I art     : Starting a blocking GC Explicit
08-06 15:48:26.269 16505 16766 I art     : Explicit concurrent mark sweep GC freed 3(96B) AllocSpace objects, 0(0B) LOS objects, 30% free, 36MB/52MB, paused 1.047ms total 38.157ms
08-06 15:48:26.619 16505 16766 I art     : Starting a blocking GC Explicit
08-06 15:48:26.658 16505 16766 I art     : Explicit concurrent mark sweep GC freed 1440(83KB) AllocSpace objects, 1(20KB) LOS objects, 30% free, 36MB/52MB, paused 1.248ms total 37.974ms
08-06 15:48:26.672 16505 16766 I art     : Starting a blocking GC Explicit
08-06 15:48:26.709 16505 16766 I art     : Explicit concurrent mark sweep GC freed 22(784B) AllocSpace objects, 0(0B) LOS objects, 30% free, 36MB/52MB, paused 1.187ms total 36.991ms
08-06 15:48:26.723 16505 16766 I art     : Starting a blocking GC Explicit
08-06 15:48:26.761 16505 16766 I art     : Explicit concurrent mark sweep GC freed 3(96B) AllocSpace objects, 0(0B) LOS objects, 30% free, 36MB/52MB, paused 1.183ms total 36.751ms
08-06 15:48:26.774 16505 16766 I art     : Starting a blocking GC Explicit
08-06 15:48:26.812 16505 16766 I art     : Explicit concurrent mark sweep GC freed 3(96B) AllocSpace objects, 0(0B) LOS objects, 30% free, 36MB/52MB, paused 1.242ms total 37.021ms
08-06 15:48:26.825 16505 16766 I art     : Starting a blocking GC Explicit
08-06 15:48:26.863 16505 16766 I art     : Explicit concurrent mark sweep GC freed 3(96B) AllocSpace objects, 0(0B) LOS objects, 30% free, 36MB/52MB, paused 1.201ms total 37.785ms
08-06 15:48:27.221 16505 16516 I art     : Starting a blocking GC Explicit
08-06 15:48:27.260 16505 16516 I art     : Explicit concurrent mark sweep GC freed 1440(83KB) AllocSpace objects, 1(20KB) LOS objects, 30% free, 36MB/52MB, paused 1.165ms total 38.346ms
08-06 15:48:27.274 16505 16516 I art     : Starting a blocking GC Explicit
08-06 15:48:27.308 16505 16516 I art     : Explicit concurrent mark sweep GC freed 22(784B) AllocSpace objects, 0(0B) LOS objects, 30% free, 36MB/52MB, paused 1.378ms total 33.498ms
08-06 15:48:27.320 16505 16516 I art     : Starting a blocking GC Explicit
08-06 15:48:27.358 16505 16516 I art     : Explicit concurrent mark sweep GC freed 3(96B) AllocSpace objects, 0(0B) LOS objects, 30% free, 36MB/52MB, paused 1.267ms total 36.941ms
08-06 15:48:27.372 16505 16516 I art     : Starting a blocking GC Explicit
08-06 15:48:27.410 16505 16516 I art     : Explicit concurrent mark sweep GC freed 3(96B) AllocSpace objects, 0(0B) LOS objects, 30% free, 36MB/52MB, paused 1.305ms total 37.603ms
08-06 15:48:27.424 16505 16516 I art     : Starting a blocking GC Explicit
08-06 15:48:27.462 16505 16516 I art     : Explicit concurrent mark sweep GC freed 3(96B) AllocSpace objects, 0(0B) LOS objects, 30% free, 36MB/52MB, paused 1.185ms total 37.598ms
08-06 15:48:27.813 16505 16523 I art     : Starting a blocking GC Explicit
08-06 15:48:27.854 16505 16523 I art     : Explicit concurrent mark sweep GC freed 1439(83KB) AllocSpace objects, 1(20KB) LOS objects, 30% free, 36MB/52MB, paused 1.043ms total 40.276ms
08-06 15:48:27.867 16505 16523 I art     : Starting a blocking GC Explicit
08-06 15:48:27.906 16505 16523 I art     : Explicit concurrent mark sweep GC freed 22(784B) AllocSpace objects, 0(0B) LOS objects, 30% free, 36MB/52MB, paused 1.059ms total 37.851ms
08-06 15:48:27.920 16505 16523 I art     : Starting a blocking GC Explicit
08-06 15:48:27.957 16505 16523 I art     : Explicit concurrent mark sweep GC freed 3(96B) AllocSpace objects, 0(0B) LOS objects, 30% free, 36MB/52MB, paused 1.265ms total 37.133ms
08-06 15:48:27.971 16505 16523 I art     : Starting a blocking GC Explicit
08-06 15:48:28.009 16505 16523 I art     : Explicit concurrent mark sweep GC freed 3(96B) AllocSpace objects, 0(0B) LOS objects, 30% free, 36MB/52MB, paused 1.230ms total 37.318ms
08-06 15:48:28.024 16505 16523 I art     : Starting a blocking GC Explicit
08-06 15:48:28.062 16505 16523 I art     : Explicit concurrent mark sweep GC freed 3(96B) AllocSpace objects, 0(0B) LOS objects, 30% free, 36MB/52MB, paused 1.139ms total 37.810ms
08-06 15:48:28.422 16505 16516 I art     : Starting a blocking GC Explicit
08-06 15:48:28.460 16505 16516 I art     : Explicit concurrent mark sweep GC freed 1438(82KB) AllocSpace objects, 1(20KB) LOS objects, 30% free, 36MB/52MB, paused 1.122ms total 38.056ms
08-06 15:48:28.475 16505 16516 I art     : Starting a blocking GC Explicit
08-06 15:48:28.508 16505 16516 I art     : Explicit concurrent mark sweep GC freed 22(784B) AllocSpace objects, 0(0B) LOS objects, 30% free, 36MB/52MB, paused 1.247ms total 32.871ms
08-06 15:48:28.521 16505 16516 I art     : Starting a blocking GC Explicit
08-06 15:48:28.558 16505 16516 I art     : Explicit concurrent mark sweep GC freed 3(96B) AllocSpace objects, 0(0B) LOS objects, 30% free, 36MB/52MB, paused 1.194ms total 36.837ms
08-06 15:48:28.573 16505 16516 I art     : Starting a blocking GC Explicit
08-06 15:48:28.610 16505 16516 I art     : Explicit concurrent mark sweep GC freed 3(96B) AllocSpace objects, 0(0B) LOS objects, 30% free, 36MB/52MB, paused 1.175ms total 36.904ms
08-06 15:48:28.624 16505 16516 I art     : Starting a blocking GC Explicit
08-06 15:48:28.662 16505 16516 I art     : Explicit concurrent mark sweep GC freed 3(96B) AllocSpace objects, 0(0B) LOS objects, 30% free, 36MB/52MB, paused 1.214ms total 36.869ms
08-06 15:48:29.018 16505 16517 I art     : Starting a blocking GC Explicit
08-06 15:48:29.057 16505 16517 I art     : Explicit concurrent mark sweep GC freed 1438(82KB) AllocSpace objects, 1(20KB) LOS objects, 30% free, 36MB/52MB, paused 1.046ms total 38.700ms
08-06 15:48:29.071 16505 16517 I art     : Starting a blocking GC Explicit
08-06 15:48:29.104 16505 16517 I art     : Explicit concurrent mark sweep GC freed 22(784B) AllocSpace objects, 0(0B) LOS objects, 30% free, 36MB/52MB, paused 1.018ms total 32.804ms
08-06 15:48:29.117 16505 16517 I art     : Starting a blocking GC Explicit
08-06 15:48:29.156 16505 16517 I art     : Explicit concurrent mark sweep GC freed 94(3KB) AllocSpace objects, 0(0B) LOS objects, 30% free, 36MB/52MB, paused 1.102ms total 37.927ms
08-06 15:48:29.170 16505 16517 I art     : Starting a blocking GC Explicit
08-06 15:48:29.208 16505 16517 I art     : Explicit concurrent mark sweep GC freed 9(352B) AllocSpace objects, 0(0B) LOS objects, 30% free, 36MB/52MB, paused 1.235ms total 37.658ms
08-06 15:48:29.222 16505 16517 I art     : Starting a blocking GC Explicit
08-06 15:48:29.260 16505 16517 I art     : Explicit concurrent mark sweep GC freed 68(4KB) AllocSpace objects, 0(0B) LOS objects, 30% free, 36MB/52MB, paused 1.170ms total 37.373ms
08-06 15:48:29.270   518   646 I ThermalEngine: ACTION: GPU - Setting GPU[0] to 390000000
08-06 15:48:29.664 16505 16516 I art     : Starting a blocking GC Explicit
08-06 15:48:29.711 16505 17107 E baseline.com.newsblur.network.APIResponse: Error (unexpected end of stream on https://www.newsblur.com/...) calling https://www.newsblur.com/reader/mark_story_hashes_as_read/
08-06 15:48:29.711 16505 17107 E baseline.com.newsblur.network.APIResponse: java.io.IOException: unexpected end of stream on https://www.newsblur.com/...
08-06 15:48:29.711 16505 17107 E baseline.com.newsblur.network.APIResponse: 	at okhttp3.internal.http1.Http1ExchangeCodec.readResponseHeaders(Http1ExchangeCodec.java:236)
08-06 15:48:29.711 16505 17107 E baseline.com.newsblur.network.APIResponse: 	at okhttp3.internal.connection.Exchange.readResponseHeaders(Exchange.java:115)
08-06 15:48:29.711 16505 17107 E baseline.com.newsblur.network.APIResponse: 	at okhttp3.internal.http.CallServerInterceptor.intercept(CallServerInterceptor.java:94)
08-06 15:48:29.711 16505 17107 E baseline.com.newsblur.network.APIResponse: 	at okhttp3.internal.http.RealInterceptorChain.proceed(RealInterceptorChain.java:142)
08-06 15:48:29.711 16505 17107 E baseline.com.newsblur.network.APIResponse: 	at okhttp3.internal.connection.ConnectInterceptor.intercept(ConnectInterceptor.java:43)
08-06 15:48:29.711 16505 17107 E baseline.com.newsblur.network.APIResponse: 	at okhttp3.internal.http.RealInterceptorChain.proceed(RealInterceptorChain.java:142)
08-06 15:48:29.711 16505 17107 E baseline.com.newsblur.network.APIResponse: 	at okhttp3.internal.http.RealInterceptorChain.proceed(RealInterceptorChain.java:117)
08-06 15:48:29.711 16505 17107 E baseline.com.newsblur.network.APIResponse: 	at okhttp3.internal.cache.CacheInterceptor.intercept(CacheInterceptor.java:94)
08-06 15:48:29.711 16505 17107 E baseline.com.newsblur.network.APIResponse: 	at okhttp3.internal.http.RealInterceptorChain.proceed(RealInterceptorChain.java:142)
08-06 15:48:29.711 16505 17107 E baseline.com.newsblur.network.APIResponse: 	at okhttp3.internal.http.RealInterceptorChain.proceed(RealInterceptorChain.java:117)
08-06 15:48:29.711 16505 17107 E baseline.com.newsblur.network.APIResponse: 	at okhttp3.internal.http.BridgeInterceptor.intercept(BridgeInterceptor.java:93)
08-06 15:48:29.711 16505 17107 E baseline.com.newsblur.network.APIResponse: 	at okhttp3.internal.http.RealInterceptorChain.proceed(RealInterceptorChain.java:142)
08-06 15:48:29.711 16505 17107 E baseline.com.newsblur.network.APIResponse: 	at okhttp3.internal.http.RetryAndFollowUpInterceptor.intercept(RetryAndFollowUpInterceptor.java:88)
08-06 15:48:29.711 16505 17107 E baseline.com.newsblur.network.APIResponse: 	at okhttp3.internal.http.RealInterceptorChain.proceed(RealInterceptorChain.java:142)
08-06 15:48:29.711 16505 17107 E baseline.com.newsblur.network.APIResponse: 	at okhttp3.internal.http.RealInterceptorChain.proceed(RealInterceptorChain.java:117)
08-06 15:48:29.711 16505 17107 E baseline.com.newsblur.network.APIResponse: 	at okhttp3.RealCall.getResponseWithInterceptorChain(RealCall.java:229)
08-06 15:48:29.711 16505 17107 E baseline.com.newsblur.network.APIResponse: 	at okhttp3.RealCall.execute(RealCall.java:81)
08-06 15:48:29.711 16505 17107 E baseline.com.newsblur.network.APIResponse: 	at baseline.com.newsblur.network.APIResponse.<init>(APIResponse.java:57)
08-06 15:48:29.711 16505 17107 E baseline.com.newsblur.network.APIResponse: 	at baseline.com.newsblur.network.APIResponse.<init>(APIResponse.java:43)
08-06 15:48:29.711 16505 17107 E baseline.com.newsblur.network.APIResponse: 	at baseline.com.newsblur.network.APIManager.post_single(APIManager.java:702)
08-06 15:48:29.711 16505 17107 E baseline.com.newsblur.network.APIResponse: 	at baseline.com.newsblur.network.APIManager.post(APIManager.java:675)
08-06 15:48:29.711 16505 17107 E baseline.com.newsblur.network.APIResponse: 	at baseline.com.newsblur.network.APIManager.post(APIManager.java:714)
08-06 15:48:29.711 16505 17107 E baseline.com.newsblur.network.APIResponse: 	at baseline.com.newsblur.network.APIManager.markStoryAsRead(APIManager.java:205)
08-06 15:48:29.711 16505 17107 E baseline.com.newsblur.network.APIResponse: 	at baseline.com.newsblur.util.ReadingAction.doRemote(ReadingAction.java:281)
08-06 15:48:29.711 16505 17107 E baseline.com.newsblur.network.APIResponse: 	at baseline.com.newsblur.service.NBSyncService.syncActions(NBSyncService.java:400)
08-06 15:48:29.711 16505 17107 E baseline.com.newsblur.network.APIResponse: 	at baseline.com.newsblur.service.NBSyncService.doSync(NBSyncService.java:298)
08-06 15:48:29.711 16505 17107 E baseline.com.newsblur.network.APIResponse: 	at baseline.com.newsblur.service.NBSyncService.access$100(NBSyncService.java:67)
08-06 15:48:29.711 16505 17107 E baseline.com.newsblur.network.APIResponse: 	at baseline.com.newsblur.service.NBSyncService$1.run(NBSyncService.java:188)
08-06 15:48:29.711 16505 17107 E baseline.com.newsblur.network.APIResponse: 	at java.util.concurrent.ThreadPoolExecutor.runWorker(ThreadPoolExecutor.java:1113)
08-06 15:48:29.711 16505 17107 E baseline.com.newsblur.network.APIResponse: 	at java.util.concurrent.ThreadPoolExecutor$Worker.run(ThreadPoolExecutor.java:588)
08-06 15:48:29.711 16505 17107 E baseline.com.newsblur.network.APIResponse: 	at java.lang.Thread.run(Thread.java:818)
08-06 15:48:29.711 16505 17107 E baseline.com.newsblur.network.APIResponse: Caused by: java.io.EOFException: \n not found: limit=0 content=
08-06 15:48:29.711 16505 17107 E baseline.com.newsblur.network.APIResponse: 	at okio.RealBufferedSource.readUtf8LineStrict(RealBufferedSource.java:240)
08-06 15:48:29.711 16505 17107 E baseline.com.newsblur.network.APIResponse: 	at okhttp3.internal.http1.Http1ExchangeCodec.readHeaderLine(Http1ExchangeCodec.java:242)
08-06 15:48:29.711 16505 17107 E baseline.com.newsblur.network.APIResponse: 	at okhttp3.internal.http1.Http1ExchangeCodec.readResponseHeaders(Http1ExchangeCodec.java:213)
08-06 15:48:29.711 16505 17107 E baseline.com.newsblur.network.APIResponse: 	... 30 more
08-06 15:48:29.717 16505 17107 I baseline.com.newsblur.service.NBSyncService: Holding reading action with server-side or network error.
08-06 15:48:29.719 16505 16516 I art     : Explicit concurrent mark sweep GC freed 3521(290KB) AllocSpace objects, 1(20KB) LOS objects, 30% free, 36MB/52MB, paused 3.110ms total 54.340ms
08-06 15:48:29.739 16505 16516 I art     : Starting a blocking GC Explicit
08-06 15:48:29.740 16505 17107 W baseline.com.newsblur.service.NBSyncService: hard API failure
08-06 15:48:29.797 16505 16516 I art     : Explicit concurrent mark sweep GC freed 1461(277KB) AllocSpace objects, 15(300KB) LOS objects, 30% free, 36MB/52MB, paused 1.542ms total 57.706ms
08-06 15:48:29.813 16505 16516 I art     : Starting a blocking GC Explicit
08-06 15:48:29.854 16505 16516 I art     : Explicit concurrent mark sweep GC freed 230(9KB) AllocSpace objects, 0(0B) LOS objects, 30% free, 36MB/52MB, paused 1.466ms total 40.447ms
08-06 15:48:29.871 16505 16516 I art     : Starting a blocking GC Explicit
08-06 15:48:29.915 16505 16516 I art     : Explicit concurrent mark sweep GC freed 332(11KB) AllocSpace objects, 0(0B) LOS objects, 30% free, 36MB/52MB, paused 1.514ms total 43.595ms
08-06 15:48:29.933 16505 16516 I art     : Starting a blocking GC Explicit
08-06 15:48:29.978 16505 16516 I art     : Explicit concurrent mark sweep GC freed 3(96B) AllocSpace objects, 0(0B) LOS objects, 30% free, 36MB/52MB, paused 2.020ms total 44.741ms
08-06 15:48:30.354 16505 16517 I art     : Starting a blocking GC Explicit
08-06 15:48:30.400 16505 16517 I art     : Explicit concurrent mark sweep GC freed 1401(80KB) AllocSpace objects, 1(20KB) LOS objects, 30% free, 36MB/52MB, paused 1.809ms total 44.966ms
08-06 15:48:30.418 16505 16517 I art     : Starting a blocking GC Explicit
08-06 15:48:30.462 16505 16517 I art     : Explicit concurrent mark sweep GC freed 20(704B) AllocSpace objects, 0(0B) LOS objects, 30% free, 36MB/52MB, paused 1.788ms total 43.742ms
08-06 15:48:30.480 16505 16517 I art     : Starting a blocking GC Explicit
08-06 15:48:30.525 16505 16517 I art     : Explicit concurrent mark sweep GC freed 3(96B) AllocSpace objects, 0(0B) LOS objects, 30% free, 36MB/52MB, paused 1.561ms total 44.136ms
08-06 15:48:30.543 16505 16517 I art     : Starting a blocking GC Explicit
08-06 15:48:30.588 16505 16517 I art     : Explicit concurrent mark sweep GC freed 3(96B) AllocSpace objects, 0(0B) LOS objects, 30% free, 36MB/52MB, paused 1.698ms total 44.388ms
08-06 15:48:30.606 16505 16517 I art     : Starting a blocking GC Explicit
08-06 15:48:30.651 16505 16517 I art     : Explicit concurrent mark sweep GC freed 3(96B) AllocSpace objects, 0(0B) LOS objects, 30% free, 36MB/52MB, paused 1.887ms total 44.701ms
08-06 15:48:31.010 16505 16766 I art     : Starting a blocking GC Explicit
08-06 15:48:31.055 16505 16766 I art     : Explicit concurrent mark sweep GC freed 1398(80KB) AllocSpace objects, 1(20KB) LOS objects, 30% free, 36MB/52MB, paused 1.999ms total 45.276ms
08-06 15:48:31.073 16505 16766 I art     : Starting a blocking GC Explicit
08-06 15:48:31.118 16505 16766 I art     : Explicit concurrent mark sweep GC freed 20(704B) AllocSpace objects, 0(0B) LOS objects, 30% free, 36MB/52MB, paused 2.082ms total 44.512ms
08-06 15:48:31.118 16505 16515 I art     : WaitForGcToComplete blocked for 44.893ms for cause HeapTrim
08-06 15:48:31.136 16505 16766 I art     : Starting a blocking GC Explicit
08-06 15:48:31.181 16505 16766 I art     : Explicit concurrent mark sweep GC freed 3(96B) AllocSpace objects, 0(0B) LOS objects, 30% free, 36MB/52MB, paused 1.905ms total 44.514ms
08-06 15:48:31.199 16505 16766 I art     : Starting a blocking GC Explicit
08-06 15:48:31.244 16505 16766 I art     : Explicit concurrent mark sweep GC freed 3(96B) AllocSpace objects, 0(0B) LOS objects, 30% free, 36MB/52MB, paused 1.868ms total 44.725ms
08-06 15:48:31.262 16505 16766 I art     : Starting a blocking GC Explicit
08-06 15:48:31.268   518   646 I ThermalEngine: ACTION: GPU - Setting GPU[0] to 450000000
08-06 15:48:31.306 16505 16766 I art     : Explicit concurrent mark sweep GC freed 3(96B) AllocSpace objects, 0(0B) LOS objects, 30% free, 36MB/52MB, paused 1.658ms total 44.149ms
08-06 15:48:31.687 16505 16523 I art     : Starting a blocking GC Explicit
08-06 15:48:31.733 16505 16523 I art     : Explicit concurrent mark sweep GC freed 1398(80KB) AllocSpace objects, 1(20KB) LOS objects, 30% free, 36MB/52MB, paused 1.552ms total 45.358ms
08-06 15:48:31.751 16505 16523 I art     : Starting a blocking GC Explicit
08-06 15:48:31.795 16505 16523 I art     : Explicit concurrent mark sweep GC freed 20(704B) AllocSpace objects, 0(0B) LOS objects, 30% free, 36MB/52MB, paused 1.534ms total 43.697ms
08-06 15:48:31.813 16505 16523 I art     : Starting a blocking GC Explicit
08-06 15:48:31.858 16505 16523 I art     : Explicit concurrent mark sweep GC freed 3(96B) AllocSpace objects, 0(0B) LOS objects, 30% free, 36MB/52MB, paused 1.685ms total 44.065ms
08-06 15:48:31.876 16505 16523 I art     : Starting a blocking GC Explicit
08-06 15:48:31.921 16505 16523 I art     : Explicit concurrent mark sweep GC freed 3(96B) AllocSpace objects, 0(0B) LOS objects, 30% free, 36MB/52MB, paused 1.907ms total 45.056ms
08-06 15:48:31.940 16505 16523 I art     : Starting a blocking GC Explicit
08-06 15:48:31.984 16505 16523 I art     : Explicit concurrent mark sweep GC freed 3(96B) AllocSpace objects, 0(0B) LOS objects, 30% free, 36MB/52MB, paused 1.836ms total 43.974ms
08-06 15:48:32.345 16505 16516 I art     : Starting a blocking GC Explicit
08-06 15:48:32.382 16505 16516 I art     : Explicit concurrent mark sweep GC freed 1398(80KB) AllocSpace objects, 1(20KB) LOS objects, 30% free, 36MB/52MB, paused 1.060ms total 36.778ms
08-06 15:48:32.398 16505 16516 I art     : Starting a blocking GC Explicit
08-06 15:48:32.431 16505 16516 I art     : Explicit concurrent mark sweep GC freed 20(704B) AllocSpace objects, 0(0B) LOS objects, 30% free, 36MB/52MB, paused 1.074ms total 33.294ms
08-06 15:48:32.443 16505 16516 I art     : Starting a blocking GC Explicit
08-06 15:48:32.477 16505 16516 I art     : Explicit concurrent mark sweep GC freed 3(96B) AllocSpace objects, 0(0B) LOS objects, 30% free, 36MB/52MB, paused 1.112ms total 33.524ms
08-06 15:48:32.489 16505 16516 I art     : Starting a blocking GC Explicit
08-06 15:48:32.523 16505 16516 I art     : Explicit concurrent mark sweep GC freed 3(96B) AllocSpace objects, 0(0B) LOS objects, 30% free, 36MB/52MB, paused 1.078ms total 33.417ms
08-06 15:48:32.534 16505 16516 I art     : Starting a blocking GC Explicit
08-06 15:48:32.569 16505 16516 I art     : Explicit concurrent mark sweep GC freed 3(96B) AllocSpace objects, 0(0B) LOS objects, 30% free, 36MB/52MB, paused 1.125ms total 34.430ms
08-06 15:48:32.929 16505 16517 I art     : Starting a blocking GC Explicit
08-06 15:48:32.971 16505 16517 I art     : Explicit concurrent mark sweep GC freed 1398(80KB) AllocSpace objects, 1(20KB) LOS objects, 30% free, 36MB/52MB, paused 1.178ms total 41.077ms
08-06 15:48:32.985 16505 16517 I art     : Starting a blocking GC Explicit
08-06 15:48:33.021 16505 16517 I art     : Explicit concurrent mark sweep GC freed 20(704B) AllocSpace objects, 0(0B) LOS objects, 30% free, 36MB/52MB, paused 1.083ms total 35.733ms
08-06 15:48:33.034 16505 16517 I art     : Starting a blocking GC Explicit
08-06 15:48:33.071 16505 16517 I art     : Explicit concurrent mark sweep GC freed 3(96B) AllocSpace objects, 0(0B) LOS objects, 30% free, 36MB/52MB, paused 1.090ms total 37.634ms
08-06 15:48:33.084 16505 16517 I art     : Starting a blocking GC Explicit
08-06 15:48:33.122 16505 16517 I art     : Explicit concurrent mark sweep GC freed 3(96B) AllocSpace objects, 0(0B) LOS objects, 30% free, 36MB/52MB, paused 1.052ms total 37.404ms
08-06 15:48:33.134 16505 16517 I art     : Starting a blocking GC Explicit
08-06 15:48:33.173 16505 16517 I art     : Explicit concurrent mark sweep GC freed 3(96B) AllocSpace objects, 0(0B) LOS objects, 30% free, 36MB/52MB, paused 1.103ms total 38.357ms
08-06 15:48:33.538 16505 16766 I art     : Starting a blocking GC Explicit
08-06 15:48:33.576 16505 16766 I art     : Explicit concurrent mark sweep GC freed 1417(81KB) AllocSpace objects, 1(20KB) LOS objects, 30% free, 36MB/52MB, paused 1.070ms total 36.808ms
08-06 15:48:33.589 16505 16766 I art     : Starting a blocking GC Explicit
08-06 15:48:33.623 16505 16766 I art     : Explicit concurrent mark sweep GC freed 26(928B) AllocSpace objects, 0(0B) LOS objects, 30% free, 36MB/52MB, paused 1.187ms total 32.777ms
08-06 15:48:33.634 16505 16766 I art     : Starting a blocking GC Explicit
08-06 15:48:33.671 16505 16766 I art     : Explicit concurrent mark sweep GC freed 3(96B) AllocSpace objects, 0(0B) LOS objects, 30% free, 36MB/52MB, paused 1.102ms total 36.374ms
08-06 15:48:33.684 16505 16766 I art     : Starting a blocking GC Explicit
08-06 15:48:33.720 16505 16766 I art     : Explicit concurrent mark sweep GC freed 3(96B) AllocSpace objects, 0(0B) LOS objects, 30% free, 36MB/52MB, paused 1.104ms total 35.798ms
08-06 15:48:33.732 16505 16766 I art     : Starting a blocking GC Explicit
08-06 15:48:33.769 16505 16766 I art     : Explicit concurrent mark sweep GC freed 3(96B) AllocSpace objects, 0(0B) LOS objects, 30% free, 36MB/52MB, paused 1.101ms total 36.483ms
08-06 15:48:34.118 16505 16523 I art     : Starting a blocking GC Explicit
08-06 15:48:34.158 16505 16523 I art     : Explicit concurrent mark sweep GC freed 1398(80KB) AllocSpace objects, 1(20KB) LOS objects, 30% free, 36MB/52MB, paused 1.268ms total 39.952ms
08-06 15:48:34.173 16505 16523 I art     : Starting a blocking GC Explicit
08-06 15:48:34.210 16505 16523 I art     : Explicit concurrent mark sweep GC freed 20(704B) AllocSpace objects, 0(0B) LOS objects, 30% free, 36MB/52MB, paused 1.119ms total 37.084ms
08-06 15:48:34.222 16505 16523 I art     : Starting a blocking GC Explicit
08-06 15:48:34.258 16505 16523 I art     : Explicit concurrent mark sweep GC freed 3(96B) AllocSpace objects, 0(0B) LOS objects, 30% free, 36MB/52MB, paused 1.098ms total 35.449ms
08-06 15:48:34.271 16505 16523 I art     : Starting a blocking GC Explicit
08-06 15:48:34.309 16505 16523 I art     : Explicit concurrent mark sweep GC freed 3(96B) AllocSpace objects, 0(0B) LOS objects, 30% free, 36MB/52MB, paused 1.136ms total 37.569ms
08-06 15:48:34.321 16505 16523 I art     : Starting a blocking GC Explicit
08-06 15:48:34.359 16505 16523 I art     : Explicit concurrent mark sweep GC freed 3(96B) AllocSpace objects, 0(0B) LOS objects, 30% free, 36MB/52MB, paused 1.093ms total 37.758ms
08-06 15:48:34.734 16505 16516 I art     : Starting a blocking GC Explicit
08-06 15:48:34.773 16505 16516 I art     : Explicit concurrent mark sweep GC freed 1398(80KB) AllocSpace objects, 1(20KB) LOS objects, 30% free, 36MB/52MB, paused 1.191ms total 38.578ms
08-06 15:48:34.787 16505 16516 I art     : Starting a blocking GC Explicit
08-06 15:48:34.823 16505 16516 I art     : Explicit concurrent mark sweep GC freed 20(704B) AllocSpace objects, 0(0B) LOS objects, 30% free, 36MB/52MB, paused 1.110ms total 35.773ms
08-06 15:48:34.835 16505 16516 I art     : Starting a blocking GC Explicit
08-06 15:48:34.871 16505 16516 I art     : Explicit concurrent mark sweep GC freed 3(96B) AllocSpace objects, 0(0B) LOS objects, 30% free, 36MB/52MB, paused 1.053ms total 35.387ms
08-06 15:48:34.884 16505 16516 I art     : Starting a blocking GC Explicit
08-06 15:48:34.920 16505 16516 I art     : Explicit concurrent mark sweep GC freed 3(96B) AllocSpace objects, 0(0B) LOS objects, 30% free, 36MB/52MB, paused 1.086ms total 36.296ms
08-06 15:48:34.932 16505 16516 I art     : Starting a blocking GC Explicit
08-06 15:48:34.970 16505 16516 I art     : Explicit concurrent mark sweep GC freed 3(96B) AllocSpace objects, 0(0B) LOS objects, 30% free, 36MB/52MB, paused 1.084ms total 37.332ms
08-06 15:48:35.288 16505 16517 I art     : Starting a blocking GC Explicit
08-06 15:48:35.324 16505 16517 I art     : Explicit concurrent mark sweep GC freed 1398(80KB) AllocSpace objects, 1(20KB) LOS objects, 30% free, 36MB/52MB, paused 1.145ms total 36.033ms
08-06 15:48:35.336 16505 16517 I art     : Starting a blocking GC Explicit
08-06 15:48:35.372 16505 16517 I art     : Explicit concurrent mark sweep GC freed 20(704B) AllocSpace objects, 0(0B) LOS objects, 30% free, 36MB/52MB, paused 1.116ms total 35.183ms
08-06 15:48:35.384 16505 16517 I art     : Starting a blocking GC Explicit
08-06 15:48:35.419 16505 16517 I art     : Explicit concurrent mark sweep GC freed 3(96B) AllocSpace objects, 0(0B) LOS objects, 30% free, 36MB/52MB, paused 1.122ms total 35.038ms
08-06 15:48:35.431 16505 16517 I art     : Starting a blocking GC Explicit
08-06 15:48:35.469 16505 16517 I art     : Explicit concurrent mark sweep GC freed 3(96B) AllocSpace objects, 0(0B) LOS objects, 30% free, 36MB/52MB, paused 1.173ms total 36.915ms
08-06 15:48:35.481 16505 16517 I art     : Starting a blocking GC Explicit
08-06 15:48:35.516 16505 16517 I art     : Explicit concurrent mark sweep GC freed 3(96B) AllocSpace objects, 0(0B) LOS objects, 30% free, 36MB/52MB, paused 1.138ms total 35.083ms
08-06 15:48:35.601 17301 17301 D AndroidRuntime: >>>>>> START com.android.internal.os.RuntimeInit uid 2000 <<<<<<
08-06 15:48:35.607 17301 17301 D AndroidRuntime: CheckJNI is OFF
08-06 15:48:35.651 17301 17301 D ICU     : No timezone override file found: /data/misc/zoneinfo/current/icu/icu_tzdata.dat
08-06 15:48:35.702 17301 17301 I Radio-JNI: register_android_hardware_Radio DONE
08-06 15:48:35.732 17301 17301 D AndroidRuntime: Calling main entry com.android.commands.input.Input
08-06 15:48:35.735 17301 17301 I Input   : injectKeyEvent: KeyEvent { action=ACTION_DOWN, keyCode=KEYCODE_BACK, scanCode=0, metaState=0, flags=0x0, repeatCount=0, eventTime=892132148, downTime=892132148, deviceId=-1, source=0x101 }
08-06 15:48:35.742 17301 17301 I Input   : injectKeyEvent: KeyEvent { action=ACTION_UP, keyCode=KEYCODE_BACK, scanCode=0, metaState=0, flags=0x0, repeatCount=0, eventTime=892132148, downTime=892132148, deviceId=-1, source=0x101 }
08-06 15:48:35.751 17301 17301 D AndroidRuntime: Shutting down VM
08-06 15:48:35.812 24365  8032 I NetworkScheduler.Stats: Task com.google.android.apps.gcs/ started execution. cause:4 exec_start_elapsed_seconds: 1875519 [CONTEXT service_id=218 ]
08-06 15:48:35.814 16530 17334 W Gcs.WfaEliRefreshTask: [29379] afk.b: NULL eligibility response.
08-06 15:48:35.816 24365  8032 I NetworkScheduler.Stats: Task com.google.android.apps.gcs/ finished executing. cause:4 result: 3 elapsed_millis: 9 uptime_millis: 8 exec_start_elapsed_seconds: 1875519 [CONTEXT service_id=218 ]
08-06 15:48:35.871 24365 12204 I NetworkScheduler.Stats: Task com.google.android.gms/com.google.android.gms.checkin.EventLogService started execution. cause:5 exec_start_elapsed_seconds: 1875519 [CONTEXT service_id=218 ]
08-06 15:48:35.872 16505 16766 I art     : Starting a blocking GC Explicit
08-06 15:48:35.876 24365 12204 I NetworkScheduler.Stats: Task com.google.android.apps.gcs/ started execution. cause:5 exec_start_elapsed_seconds: 1875519 [CONTEXT service_id=218 ]
08-06 15:48:35.896 24577 18393 I Checkin : [EventLogChimeraService] Opted in for usage reporting: false
08-06 15:48:35.896 24577 18393 I Checkin : [EventLogChimeraService] Aggregate from 1596719885034 (log), 1596719885034 (data)
08-06 15:48:35.905 16505 16766 I art     : Explicit concurrent mark sweep GC freed 2213(161KB) AllocSpace objects, 4(80KB) LOS objects, 30% free, 36MB/52MB, paused 1.184ms total 33.316ms
08-06 15:48:35.910 13866 13866 I GoogleInputMethodServic: GoogleInputMethodService.onFinishInput():3138 
08-06 15:48:35.911 13866 13866 I GoogleInputMethodServic: GoogleInputMethodService.onStartInput():1808 
08-06 15:48:35.916 16505 16766 I art     : Starting a blocking GC Explicit
08-06 15:48:35.954 16505 16766 I art     : Explicit concurrent mark sweep GC freed 1927(168KB) AllocSpace objects, 5(100KB) LOS objects, 30% free, 36MB/52MB, paused 1.308ms total 37.322ms
08-06 15:48:35.974 16505 16766 I art     : Starting a blocking GC Explicit
08-06 15:48:35.998 24365  8032 I NetworkScheduler.Stats: Task com.google.android.apps.gcs/ finished executing. cause:5 result: 1 elapsed_millis: 115 uptime_millis: 114 exec_start_elapsed_seconds: 1875519 [CONTEXT service_id=218 ]
08-06 15:48:36.008 16505 16766 I art     : Explicit concurrent mark sweep GC freed 624(41KB) AllocSpace objects, 1(20KB) LOS objects, 30% free, 36MB/52MB, paused 1.442ms total 34.343ms
08-06 15:48:36.021 16505 16766 I art     : Starting a blocking GC Explicit
08-06 15:48:36.029 24365  8032 I NetworkScheduler.Stats: Task com.google.android.apps.gcs/ started execution. cause:5 exec_start_elapsed_seconds: 1875519 [CONTEXT service_id=218 ]
08-06 15:48:36.030 16530 17341 W Gcs.WfaEliRefreshTask: [29381] afk.b: NULL eligibility response.
08-06 15:48:36.034 24365  8032 I NetworkScheduler.Stats: Task com.google.android.apps.gcs/ finished executing. cause:5 result: 3 elapsed_millis: 6 uptime_millis: 6 exec_start_elapsed_seconds: 1875519 [CONTEXT service_id=218 ]
08-06 15:48:36.052 16505 16766 I art     : Explicit concurrent mark sweep GC freed 97(5KB) AllocSpace objects, 1(28KB) LOS objects, 30% free, 36MB/52MB, paused 1.089ms total 30.343ms
08-06 15:48:36.063 16505 16766 I art     : Starting a blocking GC Explicit
08-06 15:48:36.093 16505 16766 I art     : Explicit concurrent mark sweep GC freed 5(192B) AllocSpace objects, 0(0B) LOS objects, 30% free, 36MB/52MB, paused 1.079ms total 29.485ms
08-06 15:48:36.414 16505 16517 I art     : Starting a blocking GC Explicit
08-06 15:48:36.450 16505 16517 I art     : Explicit concurrent mark sweep GC freed 5095(268KB) AllocSpace objects, 1(20KB) LOS objects, 30% free, 37MB/53MB, paused 1.656ms total 35.242ms
08-06 15:48:36.461 16505 16517 I art     : Starting a blocking GC Explicit
08-06 15:48:36.477 16505 17336 I NAPPA_EXPERIMENTATION: MetricNetworkRequestExecutionTime: REQUEST_DURATION_SYSTEM='544',REQUEST_DURATION_OKHTTP='33',REQUEST_SYNCHRONOUS='TRUE',RESPONSE_CODE='200',RESPONSE_METHOD='GET',RESPONSE_LENGTH_OKHTTP='-1',RESPONSE_LENGTH_HEADER='12364',REQUEST_PROTOCOL='http/1.1',REQUEST_URL='https://www.newsblur.com/social/river_stories?order=newest&page=2&read_filter=all&global_feed=true',
08-06 15:48:36.477 16505 17336 D MY_TAG  : 0, 544
08-06 15:48:36.493 16505 16517 I art     : Explicit concurrent mark sweep GC freed 1239(136KB) AllocSpace objects, 3(200KB) LOS objects, 30% free, 36MB/52MB, paused 1.246ms total 31.915ms
08-06 15:48:36.505 16505 16517 I art     : Starting a blocking GC Explicit
08-06 15:48:36.539 16505 16517 I art     : Explicit concurrent mark sweep GC freed 15997(970KB) AllocSpace objects, 15(416KB) LOS objects, 30% free, 37MB/53MB, paused 1.461ms total 34.500ms
08-06 15:48:36.550 16505 16517 I art     : Starting a blocking GC Explicit
08-06 15:48:36.585 16505 16517 I art     : Explicit concurrent mark sweep GC freed 14382(912KB) AllocSpace objects, 4(80KB) LOS objects, 30% free, 37MB/53MB, paused 1.356ms total 33.880ms
08-06 15:48:36.596 16505 16517 I art     : Starting a blocking GC Explicit
08-06 15:48:36.629 16505 16517 I art     : Explicit concurrent mark sweep GC freed 2183(143KB) AllocSpace objects, 4(164KB) LOS objects, 30% free, 36MB/52MB, paused 1.295ms total 32.380ms
08-06 15:48:36.968 16505 16516 I art     : Starting a blocking GC Explicit
08-06 15:48:37.002 16505 16516 I art     : Explicit concurrent mark sweep GC freed 2720(343KB) AllocSpace objects, 11(220KB) LOS objects, 30% free, 36MB/52MB, paused 1.180ms total 33.204ms
08-06 15:48:37.013 16505 16516 I art     : Starting a blocking GC Explicit
08-06 15:48:37.044 16505 16516 I art     : Explicit concurrent mark sweep GC freed 2071(145KB) AllocSpace objects, 0(0B) LOS objects, 30% free, 36MB/52MB, paused 1.054ms total 30.738ms
08-06 15:48:37.056 16505 16516 I art     : Starting a blocking GC Explicit
08-06 15:48:37.086 16505 16516 I art     : Explicit concurrent mark sweep GC freed 7(224B) AllocSpace objects, 0(0B) LOS objects, 30% free, 36MB/52MB, paused 1.056ms total 29.971ms
08-06 15:48:37.097 16505 16516 I art     : Starting a blocking GC Explicit
08-06 15:48:37.127 16505 16516 I art     : Explicit concurrent mark sweep GC freed 9(288B) AllocSpace objects, 0(0B) LOS objects, 30% free, 36MB/52MB, paused 1.106ms total 29.890ms
08-06 15:48:37.138 16505 16516 I art     : Starting a blocking GC Explicit
08-06 15:48:37.169 16505 16516 I art     : Explicit concurrent mark sweep GC freed 8(256B) AllocSpace objects, 0(0B) LOS objects, 30% free, 36MB/52MB, paused 1.060ms total 30.507ms
08-06 15:48:37.479 17365 17365 D AndroidRuntime: >>>>>> START com.android.internal.os.RuntimeInit uid 2000 <<<<<<
08-06 15:48:37.484 17365 17365 D AndroidRuntime: CheckJNI is OFF
08-06 15:48:37.509 16505 16523 I art     : Starting a blocking GC Explicit
08-06 15:48:37.524 17365 17365 D ICU     : No timezone override file found: /data/misc/zoneinfo/current/icu/icu_tzdata.dat
08-06 15:48:37.541 16505 16523 I art     : Explicit concurrent mark sweep GC freed 1423(81KB) AllocSpace objects, 1(20KB) LOS objects, 30% free, 36MB/52MB, paused 1.048ms total 31.697ms
08-06 15:48:37.552 16505 16523 I art     : Starting a blocking GC Explicit
08-06 15:48:37.563 17365 17365 I Radio-JNI: register_android_hardware_Radio DONE
08-06 15:48:37.585 16505 16523 I art     : Explicit concurrent mark sweep GC freed 20(704B) AllocSpace objects, 0(0B) LOS objects, 30% free, 36MB/52MB, paused 1.038ms total 31.950ms
08-06 15:48:37.592 17365 17365 D AndroidRuntime: Calling main entry com.android.commands.input.Input
08-06 15:48:37.594 17365 17365 I Input   : injectMotionEvent: MotionEvent { action=ACTION_DOWN, actionButton=0, id[0]=0, x[0]=435.0, y[0]=858.0, toolType[0]=TOOL_TYPE_UNKNOWN, buttonState=0, metaState=0, flags=0x0, edgeFlags=0x0, pointerCount=1, historySize=0, eventTime=892134006, downTime=892134006, deviceId=0, source=0x1002 }
08-06 15:48:37.595 16505 16523 I art     : Starting a blocking GC Explicit
08-06 15:48:37.598 17365 17365 I Input   : injectMotionEvent: MotionEvent { action=ACTION_UP, actionButton=0, id[0]=0, x[0]=435.0, y[0]=858.0, toolType[0]=TOOL_TYPE_UNKNOWN, buttonState=0, metaState=0, flags=0x0, edgeFlags=0x0, pointerCount=1, historySize=0, eventTime=892134006, downTime=892134006, deviceId=0, source=0x1002 }
08-06 15:48:37.600 17365 17365 D AndroidRuntime: Shutting down VM
08-06 15:48:37.608   512  2967 D audio_hw_primary: out_set_parameters: enter: usecase(1: low-latency-playback) kvpairs: routing=2
08-06 15:48:37.610   918  3670 I ActivityManager: START u0 {cmp=baseline.com.newsblur/.activity.GlobalSharedStoriesReading (has extras)} from uid 10698 on display 0
08-06 15:48:37.621   512  2967 D audio_hw_primary: select_devices: out_snd_device(2: speaker) in_snd_device(0: none)
08-06 15:48:37.621   512  2967 D msm8974_platform: platform_send_audio_calibration: sending audio calibration for snd_device(2) acdb_id(15)
08-06 15:48:37.621   512  2967 I soundtrigger: audio_extn_sound_trigger_update_device_status: device 0x2 of type 0 for Event 1
08-06 15:48:37.627 16505 16523 I art     : Explicit concurrent mark sweep GC freed 436(62KB) AllocSpace objects, 1(20KB) LOS objects, 30% free, 36MB/52MB, paused 1.533ms total 31.765ms
08-06 15:48:37.634   512  2967 D audio_hw_primary: enable_snd_device: snd_device(2: speaker)
08-06 15:48:37.636   512  2967 D audio_hw_primary: enable_audio_route: apply and update mixer path: low-latency-playback speaker
08-06 15:48:37.639 16505 16523 I art     : Starting a blocking GC Explicit
08-06 15:48:37.674 16505 16523 I art     : Explicit concurrent mark sweep GC freed 1129(85KB) AllocSpace objects, 2(376KB) LOS objects, 30% free, 36MB/52MB, paused 1.120ms total 34.100ms
08-06 15:48:37.685 16505 16523 I art     : Starting a blocking GC Explicit
08-06 15:48:37.715 16505 16523 I art     : Explicit concurrent mark sweep GC freed 207(11KB) AllocSpace objects, 1(112KB) LOS objects, 30% free, 36MB/52MB, paused 1.109ms total 30.390ms
08-06 15:48:37.836   918   936 I ActivityManager: Displayed baseline.com.newsblur/.activity.GlobalSharedStoriesReading: +219ms
08-06 15:48:37.836 13866 13866 I GoogleInputMethodServic: GoogleInputMethodService.onFinishInput():3138 
08-06 15:48:37.838 13866 13866 I GoogleInputMethodServic: GoogleInputMethodService.onStartInput():1808 
08-06 15:48:37.996   918  6111 I AccountManagerService: getTypesVisibleToCaller: isPermitted? true
08-06 15:48:38.017 24577 18393 I Checkin : [ServiceDumpSys] dumping service [account]
08-06 15:48:38.029 24365 12204 I NetworkScheduler.Stats: Task com.google.android.gms/com.google.android.gms.checkin.EventLogService finished executing. cause:5 result: 1 elapsed_millis: 2187 uptime_millis: 2187 exec_start_elapsed_seconds: 1875519 [CONTEXT service_id=218 ]
08-06 15:48:38.038   918  3961 I AccountManagerService: getTypesVisibleToCaller: isPermitted? true
08-06 15:48:38.098 16505 16536 E SQLiteLog: (9) statement aborts at 125: [SELECT authors,short_content,timestamp,sharedDate,stories.feed_id,stories._id,intelligence_authors,intelligence_feed,intelligence_tags,intelligence_total,intelligence_title,permalink,
08-06 15:48:38.100 16505 16523 I art     : Starting a blocking GC Explicit
08-06 15:48:38.144 16505 16523 I art     : Explicit concurrent mark sweep GC freed 8498(686KB) AllocSpace objects, 22(476KB) LOS objects, 29% free, 37MB/53MB, paused 1.755ms total 43.643ms
08-06 15:48:38.156 16505 16523 I art     : Starting a blocking GC Explicit
08-06 15:48:38.169   512  2967 D audio_hw_primary: disable_audio_route: reset and update mixer path: low-latency-playback speaker
08-06 15:48:38.170   512  2967 D audio_hw_primary: disable_snd_device: snd_device(2: speaker)
08-06 15:48:38.178   512  2967 I soundtrigger: audio_extn_sound_trigger_update_device_status: device 0x2 of type 0 for Event 0
08-06 15:48:38.190 16505 17093 E chromium: [ERROR:tile_manager.cc(793)] WARNING: tile memory limits exceeded, some content may not draw
08-06 15:48:38.190 16505 17093 E chromium: [ERROR:tile_manager.cc(793)] WARNING: tile memory limits exceeded, some content may not draw
08-06 15:48:38.192 16505 16523 I art     : Explicit concurrent mark sweep GC freed 2850(160KB) AllocSpace objects, 1(28KB) LOS objects, 29% free, 37MB/53MB, paused 1.454ms total 35.765ms
08-06 15:48:38.204 16505 16523 I art     : Starting a blocking GC Explicit
08-06 15:48:38.240 16505 16523 I art     : Explicit concurrent mark sweep GC freed 307(26KB) AllocSpace objects, 1(20KB) LOS objects, 29% free, 37MB/53MB, paused 1.191ms total 36.391ms
08-06 15:48:38.252 16505 16523 I art     : Starting a blocking GC Explicit
08-06 15:48:38.290 16505 16523 I art     : Explicit concurrent mark sweep GC freed 18(752B) AllocSpace objects, 1(28KB) LOS objects, 29% free, 37MB/53MB, paused 1.263ms total 37.839ms
08-06 15:48:38.302 16505 16523 I art     : Starting a blocking GC Explicit
08-06 15:48:38.341 16505 16523 I art     : Explicit concurrent mark sweep GC freed 3(96B) AllocSpace objects, 0(0B) LOS objects, 29% free, 37MB/53MB, paused 1.190ms total 38.811ms
08-06 15:48:38.626 16505 17418 E baseline.com.newsblur.network.APIResponse: Error (unexpected end of stream on https://www.newsblur.com/...) calling https://www.newsblur.com/reader/mark_story_hashes_as_read/
08-06 15:48:38.626 16505 17418 E baseline.com.newsblur.network.APIResponse: java.io.IOException: unexpected end of stream on https://www.newsblur.com/...
08-06 15:48:38.626 16505 17418 E baseline.com.newsblur.network.APIResponse: 	at okhttp3.internal.http1.Http1ExchangeCodec.readResponseHeaders(Http1ExchangeCodec.java:236)
08-06 15:48:38.626 16505 17418 E baseline.com.newsblur.network.APIResponse: 	at okhttp3.internal.connection.Exchange.readResponseHeaders(Exchange.java:115)
08-06 15:48:38.626 16505 17418 E baseline.com.newsblur.network.APIResponse: 	at okhttp3.internal.http.CallServerInterceptor.intercept(CallServerInterceptor.java:94)
08-06 15:48:38.626 16505 17418 E baseline.com.newsblur.network.APIResponse: 	at okhttp3.internal.http.RealInterceptorChain.proceed(RealInterceptorChain.java:142)
08-06 15:48:38.626 16505 17418 E baseline.com.newsblur.network.APIResponse: 	at okhttp3.internal.connection.ConnectInterceptor.intercept(ConnectInterceptor.java:43)
08-06 15:48:38.626 16505 17418 E baseline.com.newsblur.network.APIResponse: 	at okhttp3.internal.http.RealInterceptorChain.proceed(RealInterceptorChain.java:142)
08-06 15:48:38.626 16505 17418 E baseline.com.newsblur.network.APIResponse: 	at okhttp3.internal.http.RealInterceptorChain.proceed(RealInterceptorChain.java:117)
08-06 15:48:38.626 16505 17418 E baseline.com.newsblur.network.APIResponse: 	at okhttp3.internal.cache.CacheInterceptor.intercept(CacheInterceptor.java:94)
08-06 15:48:38.626 16505 17418 E baseline.com.newsblur.network.APIResponse: 	at okhttp3.internal.http.RealInterceptorChain.proceed(RealInterceptorChain.java:142)
08-06 15:48:38.626 16505 17418 E baseline.com.newsblur.network.APIResponse: 	at okhttp3.internal.http.RealInterceptorChain.proceed(RealInterceptorChain.java:117)
08-06 15:48:38.626 16505 17418 E baseline.com.newsblur.network.APIResponse: 	at okhttp3.internal.http.BridgeInterceptor.intercept(BridgeInterceptor.java:93)
08-06 15:48:38.626 16505 17418 E baseline.com.newsblur.network.APIResponse: 	at okhttp3.internal.http.RealInterceptorChain.proceed(RealInterceptorChain.java:142)
08-06 15:48:38.626 16505 17418 E baseline.com.newsblur.network.APIResponse: 	at okhttp3.internal.http.RetryAndFollowUpInterceptor.intercept(RetryAndFollowUpInterceptor.java:88)
08-06 15:48:38.626 16505 17418 E baseline.com.newsblur.network.APIResponse: 	at okhttp3.internal.http.RealInterceptorChain.proceed(RealInterceptorChain.java:142)
08-06 15:48:38.626 16505 17418 E baseline.com.newsblur.network.APIResponse: 	at okhttp3.internal.http.RealInterceptorChain.proceed(RealInterceptorChain.java:117)
08-06 15:48:38.626 16505 17418 E baseline.com.newsblur.network.APIResponse: 	at okhttp3.RealCall.getResponseWithInterceptorChain(RealCall.java:229)
08-06 15:48:38.626 16505 17418 E baseline.com.newsblur.network.APIResponse: 	at okhttp3.RealCall.execute(RealCall.java:81)
08-06 15:48:38.626 16505 17418 E baseline.com.newsblur.network.APIResponse: 	at baseline.com.newsblur.network.APIResponse.<init>(APIResponse.java:57)
08-06 15:48:38.626 16505 17418 E baseline.com.newsblur.network.APIResponse: 	at baseline.com.newsblur.network.APIResponse.<init>(APIResponse.java:43)
08-06 15:48:38.626 16505 17418 E baseline.com.newsblur.network.APIResponse: 	at baseline.com.newsblur.network.APIManager.post_single(APIManager.java:702)
08-06 15:48:38.626 16505 17418 E baseline.com.newsblur.network.APIResponse: 	at baseline.com.newsblur.network.APIManager.post(APIManager.java:675)
08-06 15:48:38.626 16505 17418 E baseline.com.newsblur.network.APIResponse: 	at baseline.com.newsblur.network.APIManager.post(APIManager.java:714)
08-06 15:48:38.626 16505 17418 E baseline.com.newsblur.network.APIResponse: 	at baseline.com.newsblur.network.APIManager.markStoryAsRead(APIManager.java:205)
08-06 15:48:38.626 16505 17418 E baseline.com.newsblur.network.APIResponse: 	at baseline.com.newsblur.util.ReadingAction.doRemote(ReadingAction.java:281)
08-06 15:48:38.626 16505 17418 E baseline.com.newsblur.network.APIResponse: 	at baseline.com.newsblur.service.NBSyncService.syncActions(NBSyncService.java:400)
08-06 15:48:38.626 16505 17418 E baseline.com.newsblur.network.APIResponse: 	at baseline.com.newsblur.service.NBSyncService.doSync(NBSyncService.java:298)
08-06 15:48:38.626 16505 17418 E baseline.com.newsblur.network.APIResponse: 	at baseline.com.newsblur.service.NBSyncService.access$100(NBSyncService.java:67)
08-06 15:48:38.626 16505 17418 E baseline.com.newsblur.network.APIResponse: 	at baseline.com.newsblur.service.NBSyncService$1.run(NBSyncService.java:188)
08-06 15:48:38.626 16505 17418 E baseline.com.newsblur.network.APIResponse: 	at java.util.concurrent.ThreadPoolExecutor.runWorker(ThreadPoolExecutor.java:1113)
08-06 15:48:38.626 16505 17418 E baseline.com.newsblur.network.APIResponse: 	at java.util.concurrent.ThreadPoolExecutor$Worker.run(ThreadPoolExecutor.java:588)
08-06 15:48:38.626 16505 17418 E baseline.com.newsblur.network.APIResponse: 	at java.lang.Thread.run(Thread.java:818)
08-06 15:48:38.626 16505 17418 E baseline.com.newsblur.network.APIResponse: Caused by: java.io.EOFException: \n not found: limit=0 content=
08-06 15:48:38.626 16505 17418 E baseline.com.newsblur.network.APIResponse: 	at okio.RealBufferedSource.readUtf8LineStrict(RealBufferedSource.java:240)
08-06 15:48:38.626 16505 17418 E baseline.com.newsblur.network.APIResponse: 	at okhttp3.internal.http1.Http1ExchangeCodec.readHeaderLine(Http1ExchangeCodec.java:242)
08-06 15:48:38.626 16505 17418 E baseline.com.newsblur.network.APIResponse: 	at okhttp3.internal.http1.Http1ExchangeCodec.readResponseHeaders(Http1ExchangeCodec.java:213)
08-06 15:48:38.626 16505 17418 E baseline.com.newsblur.network.APIResponse: 	... 30 more
08-06 15:48:38.627 16505 17418 I baseline.com.newsblur.network.APIManager: API call failed, pausing before retry number 1
08-06 15:48:38.689 16505 16523 I art     : Starting a blocking GC Explicit
08-06 15:48:38.734 16505 16523 I art     : Explicit concurrent mark sweep GC freed 4688(417KB) AllocSpace objects, 6(260KB) LOS objects, 29% free, 37MB/53MB, paused 1.218ms total 44.638ms
08-06 15:48:38.749 16505 16523 I art     : Starting a blocking GC Explicit
08-06 15:48:38.789 16505 16523 I art     : Explicit concurrent mark sweep GC freed 999(118KB) AllocSpace objects, 0(0B) LOS objects, 29% free, 37MB/53MB, paused 1.216ms total 40.226ms
08-06 15:48:38.802 16505 16523 I art     : Starting a blocking GC Explicit
08-06 15:48:38.843 16505 16523 I art     : Explicit concurrent mark sweep GC freed 3(96B) AllocSpace objects, 0(0B) LOS objects, 29% free, 37MB/53MB, paused 1.212ms total 39.918ms
08-06 15:48:38.856 16505 16523 I art     : Starting a blocking GC Explicit
08-06 15:48:38.896 16505 16523 I art     : Explicit concurrent mark sweep GC freed 3(96B) AllocSpace objects, 0(0B) LOS objects, 29% free, 37MB/53MB, paused 1.138ms total 39.849ms
08-06 15:48:38.909 16505 16523 I art     : Starting a blocking GC Explicit
08-06 15:48:38.949 16505 16523 I art     : Explicit concurrent mark sweep GC freed 3(96B) AllocSpace objects, 0(0B) LOS objects, 29% free, 37MB/53MB, paused 1.171ms total 39.375ms
08-06 15:48:39.143 16505 17093 E chromium: [ERROR:tile_manager.cc(793)] WARNING: tile memory limits exceeded, some content may not draw
08-06 15:48:39.144 16505 17093 E chromium: [ERROR:tile_manager.cc(793)] WARNING: tile memory limits exceeded, some content may not draw
08-06 15:48:39.156 16505 17093 E chromium: [ERROR:tile_manager.cc(793)] WARNING: tile memory limits exceeded, some content may not draw
08-06 15:48:39.157 16505 17093 E chromium: [ERROR:tile_manager.cc(793)] WARNING: tile memory limits exceeded, some content may not draw
08-06 15:48:39.174 16505 17093 E chromium: [ERROR:tile_manager.cc(793)] WARNING: tile memory limits exceeded, some content may not draw
08-06 15:48:39.174 16505 17093 E chromium: [ERROR:tile_manager.cc(793)] WARNING: tile memory limits exceeded, some content may not draw
08-06 15:48:39.297 16505 16516 I art     : Starting a blocking GC Explicit
08-06 15:48:39.343 16505 16516 I art     : Explicit concurrent mark sweep GC freed 1585(88KB) AllocSpace objects, 1(20KB) LOS objects, 29% free, 37MB/53MB, paused 1.434ms total 46.148ms
08-06 15:48:39.357 16505 16516 I art     : Starting a blocking GC Explicit
08-06 15:48:39.396 16505 16516 I art     : Explicit concurrent mark sweep GC freed 36(1232B) AllocSpace objects, 0(0B) LOS objects, 29% free, 37MB/53MB, paused 1.132ms total 38.934ms
08-06 15:48:39.410 16505 16516 I art     : Starting a blocking GC Explicit
08-06 15:48:39.450 16505 16516 I art     : Explicit concurrent mark sweep GC freed 3(96B) AllocSpace objects, 0(0B) LOS objects, 29% free, 37MB/53MB, paused 1.236ms total 39.555ms
08-06 15:48:39.463 16505 16516 I art     : Starting a blocking GC Explicit
08-06 15:48:39.505 16505 16516 I art     : Explicit concurrent mark sweep GC freed 3(96B) AllocSpace objects, 0(0B) LOS objects, 29% free, 37MB/53MB, paused 1.256ms total 41.279ms
08-06 15:48:39.518 16505 16516 I art     : Starting a blocking GC Explicit
08-06 15:48:39.560 16505 16516 I art     : Explicit concurrent mark sweep GC freed 3(96B) AllocSpace objects, 0(0B) LOS objects, 29% free, 37MB/53MB, paused 1.199ms total 41.582ms
08-06 15:48:39.945 16505 16523 I art     : Starting a blocking GC Explicit
08-06 15:48:39.990 16505 16523 I art     : Explicit concurrent mark sweep GC freed 1440(83KB) AllocSpace objects, 1(20KB) LOS objects, 29% free, 37MB/53MB, paused 1.416ms total 44.520ms
08-06 15:48:40.003 16505 16523 I art     : Starting a blocking GC Explicit
08-06 15:48:40.045 16505 16523 I art     : Explicit concurrent mark sweep GC freed 22(784B) AllocSpace objects, 0(0B) LOS objects, 29% free, 37MB/53MB, paused 1.284ms total 41.789ms
08-06 15:48:40.059 16505 16523 I art     : Starting a blocking GC Explicit
08-06 15:48:40.100 16505 16523 I art     : Explicit concurrent mark sweep GC freed 3(96B) AllocSpace objects, 0(0B) LOS objects, 29% free, 37MB/53MB, paused 1.158ms total 40.668ms
08-06 15:48:40.113 16505 16523 I art     : Starting a blocking GC Explicit
08-06 15:48:40.156 16505 16523 I art     : Explicit concurrent mark sweep GC freed 94(3KB) AllocSpace objects, 0(0B) LOS objects, 29% free, 37MB/53MB, paused 1.349ms total 42.331ms
08-06 15:48:40.168 16505 16523 I art     : Starting a blocking GC Explicit
08-06 15:48:40.210 16505 16523 I art     : Explicit concurrent mark sweep GC freed 21(912B) AllocSpace objects, 0(0B) LOS objects, 29% free, 37MB/53MB, paused 1.286ms total 41.613ms
08-06 15:48:40.572 16505 16517 I art     : Starting a blocking GC Explicit
08-06 15:48:40.618 16505 16517 I art     : Explicit concurrent mark sweep GC freed 2120(113KB) AllocSpace objects, 1(20KB) LOS objects, 29% free, 37MB/53MB, paused 1.479ms total 45.149ms
08-06 15:48:40.632 16505 16517 I art     : Starting a blocking GC Explicit
08-06 15:48:40.670 16505 16517 I art     : Explicit concurrent mark sweep GC freed 1111(41KB) AllocSpace objects, 0(0B) LOS objects, 29% free, 37MB/53MB, paused 1.192ms total 37.686ms
08-06 15:48:40.673 16505 17418 E baseline.com.newsblur.network.APIResponse: Error (unexpected end of stream on https://www.newsblur.com/...) calling https://www.newsblur.com/reader/mark_story_hashes_as_read/
08-06 15:48:40.673 16505 17418 E baseline.com.newsblur.network.APIResponse: java.io.IOException: unexpected end of stream on https://www.newsblur.com/...
08-06 15:48:40.673 16505 17418 E baseline.com.newsblur.network.APIResponse: 	at okhttp3.internal.http1.Http1ExchangeCodec.readResponseHeaders(Http1ExchangeCodec.java:236)
08-06 15:48:40.673 16505 17418 E baseline.com.newsblur.network.APIResponse: 	at okhttp3.internal.connection.Exchange.readResponseHeaders(Exchange.java:115)
08-06 15:48:40.673 16505 17418 E baseline.com.newsblur.network.APIResponse: 	at okhttp3.internal.http.CallServerInterceptor.intercept(CallServerInterceptor.java:94)
08-06 15:48:40.673 16505 17418 E baseline.com.newsblur.network.APIResponse: 	at okhttp3.internal.http.RealInterceptorChain.proceed(RealInterceptorChain.java:142)
08-06 15:48:40.673 16505 17418 E baseline.com.newsblur.network.APIResponse: 	at okhttp3.internal.connection.ConnectInterceptor.intercept(ConnectInterceptor.java:43)
08-06 15:48:40.673 16505 17418 E baseline.com.newsblur.network.APIResponse: 	at okhttp3.internal.http.RealInterceptorChain.proceed(RealInterceptorChain.java:142)
08-06 15:48:40.673 16505 17418 E baseline.com.newsblur.network.APIResponse: 	at okhttp3.internal.http.RealInterceptorChain.proceed(RealInterceptorChain.java:117)
08-06 15:48:40.673 16505 17418 E baseline.com.newsblur.network.APIResponse: 	at okhttp3.internal.cache.CacheInterceptor.intercept(CacheInterceptor.java:94)
08-06 15:48:40.673 16505 17418 E baseline.com.newsblur.network.APIResponse: 	at okhttp3.internal.http.RealInterceptorChain.proceed(RealInterceptorChain.java:142)
08-06 15:48:40.673 16505 17418 E baseline.com.newsblur.network.APIResponse: 	at okhttp3.internal.http.RealInterceptorChain.proceed(RealInterceptorChain.java:117)
08-06 15:48:40.673 16505 17418 E baseline.com.newsblur.network.APIResponse: 	at okhttp3.internal.http.BridgeInterceptor.intercept(BridgeInterceptor.java:93)
08-06 15:48:40.673 16505 17418 E baseline.com.newsblur.network.APIResponse: 	at okhttp3.internal.http.RealInterceptorChain.proceed(RealInterceptorChain.java:142)
08-06 15:48:40.673 16505 17418 E baseline.com.newsblur.network.APIResponse: 	at okhttp3.internal.http.RetryAndFollowUpInterceptor.intercept(RetryAndFollowUpInterceptor.java:88)
08-06 15:48:40.673 16505 17418 E baseline.com.newsblur.network.APIResponse: 	at okhttp3.internal.http.RealInterceptorChain.proceed(RealInterceptorChain.java:142)
08-06 15:48:40.673 16505 17418 E baseline.com.newsblur.network.APIResponse: 	at okhttp3.internal.http.RealInterceptorChain.proceed(RealInterceptorChain.java:117)
08-06 15:48:40.673 16505 17418 E baseline.com.newsblur.network.APIResponse: 	at okhttp3.RealCall.getResponseWithInterceptorChain(RealCall.java:229)
08-06 15:48:40.673 16505 17418 E baseline.com.newsblur.network.APIResponse: 	at okhttp3.RealCall.execute(RealCall.java:81)
08-06 15:48:40.673 16505 17418 E baseline.com.newsblur.network.APIResponse: 	at baseline.com.newsblur.network.APIResponse.<init>(APIResponse.java:57)
08-06 15:48:40.673 16505 17418 E baseline.com.newsblur.network.APIResponse: 	at baseline.com.newsblur.network.APIResponse.<init>(APIResponse.java:43)
08-06 15:48:40.673 16505 17418 E baseline.com.newsblur.network.APIResponse: 	at baseline.com.newsblur.network.APIManager.post_single(APIManager.java:702)
08-06 15:48:40.673 16505 17418 E baseline.com.newsblur.network.APIResponse: 	at baseline.com.newsblur.network.APIManager.post(APIManager.java:675)
08-06 15:48:40.673 16505 17418 E baseline.com.newsblur.network.APIResponse: 	at baseline.com.newsblur.network.APIManager.post(APIManager.java:714)
08-06 15:48:40.673 16505 17418 E baseline.com.newsblur.network.APIResponse: 	at baseline.com.newsblur.network.APIManager.markStoryAsRead(APIManager.java:205)
08-06 15:48:40.673 16505 17418 E baseline.com.newsblur.network.APIResponse: 	at baseline.com.newsblur.util.ReadingAction.doRemote(ReadingAction.java:281)
08-06 15:48:40.673 16505 17418 E baseline.com.newsblur.network.APIResponse: 	at baseline.com.newsblur.service.NBSyncService.syncActions(NBSyncService.java:400)
08-06 15:48:40.673 16505 17418 E baseline.com.newsblur.network.APIResponse: 	at baseline.com.newsblur.service.NBSyncService.doSync(NBSyncService.java:298)
08-06 15:48:40.673 16505 17418 E baseline.com.newsblur.network.APIResponse: 	at baseline.com.newsblur.service.NBSyncService.access$100(NBSyncService.java:67)
08-06 15:48:40.673 16505 17418 E baseline.com.newsblur.network.APIResponse: 	at baseline.com.newsblur.service.NBSyncService$1.run(NBSyncService.java:188)
08-06 15:48:40.673 16505 17418 E baseline.com.newsblur.network.APIResponse: 	at java.util.concurrent.ThreadPoolExecutor.runWorker(ThreadPoolExecutor.java:1113)
08-06 15:48:40.673 16505 17418 E baseline.com.newsblur.network.APIResponse: 	at java.util.concurrent.ThreadPoolExecutor$Worker.run(ThreadPoolExecutor.java:588)
08-06 15:48:40.673 16505 17418 E baseline.com.newsblur.network.APIResponse: 	at java.lang.Thread.run(Thread.java:818)
08-06 15:48:40.673 16505 17418 E baseline.com.newsblur.network.APIResponse: Caused by: java.io.EOFException: \n not found: limit=0 content=
08-06 15:48:40.673 16505 17418 E baseline.com.newsblur.network.APIResponse: 	at okio.RealBufferedSource.readUtf8LineStrict(RealBufferedSource.java:240)
08-06 15:48:40.673 16505 17418 E baseline.com.newsblur.network.APIResponse: 	at okhttp3.internal.http1.Http1ExchangeCodec.readHeaderLine(Http1ExchangeCodec.java:242)
08-06 15:48:40.673 16505 17418 E baseline.com.newsblur.network.APIResponse: 	at okhttp3.internal.http1.Http1ExchangeCodec.readResponseHeaders(Http1ExchangeCodec.java:213)
08-06 15:48:40.673 16505 17418 E baseline.com.newsblur.network.APIResponse: 	... 30 more
08-06 15:48:40.675 16505 17418 I baseline.com.newsblur.network.APIManager: API call failed, pausing before retry number 2
08-06 15:48:40.682 16505 16517 I art     : Starting a blocking GC Explicit
08-06 15:48:40.721 16505 16517 I art     : Explicit concurrent mark sweep GC freed 847(209KB) AllocSpace objects, 2(40KB) LOS objects, 29% free, 37MB/53MB, paused 1.268ms total 39.459ms
08-06 15:48:40.734 16505 16517 I art     : Starting a blocking GC Explicit
08-06 15:48:40.776 16505 16517 I art     : Explicit concurrent mark sweep GC freed 47(1792B) AllocSpace objects, 0(0B) LOS objects, 29% free, 37MB/53MB, paused 1.247ms total 42.248ms
08-06 15:48:40.789 16505 16517 I art     : Starting a blocking GC Explicit
08-06 15:48:40.831 16505 16517 I art     : Explicit concurrent mark sweep GC freed 3(96B) AllocSpace objects, 0(0B) LOS objects, 29% free, 37MB/53MB, paused 1.131ms total 41.388ms
08-06 15:48:41.195 16505 16523 I art     : Starting a blocking GC Explicit
08-06 15:48:41.240 16505 16523 I art     : Explicit concurrent mark sweep GC freed 1440(83KB) AllocSpace objects, 1(20KB) LOS objects, 29% free, 37MB/53MB, paused 1.413ms total 44.572ms
08-06 15:48:41.253 16505 16523 I art     : Starting a blocking GC Explicit
08-06 15:48:41.293   518   646 I ThermalEngine: ACTION: GPU - Setting GPU[0] to 390000000
08-06 15:48:41.313 16505 16523 I art     : Explicit concurrent mark sweep GC freed 22(784B) AllocSpace objects, 0(0B) LOS objects, 29% free, 37MB/53MB, paused 5.489ms total 59.181ms
08-06 15:48:41.337 16505 16523 I art     : Starting a blocking GC Explicit
08-06 15:48:41.389 16505 16523 I art     : Explicit concurrent mark sweep GC freed 3(96B) AllocSpace objects, 0(0B) LOS objects, 29% free, 37MB/53MB, paused 2.345ms total 51.795ms
08-06 15:48:41.408 16505 16523 I art     : Starting a blocking GC Explicit
08-06 15:48:41.459 16505 16523 I art     : Explicit concurrent mark sweep GC freed 3(96B) AllocSpace objects, 0(0B) LOS objects, 29% free, 37MB/53MB, paused 1.900ms total 50.581ms
08-06 15:48:41.459 16505 16515 I art     : WaitForGcToComplete blocked for 8.509ms for cause HeapTrim
08-06 15:48:41.478 16505 16523 I art     : Starting a blocking GC Explicit
08-06 15:48:41.530 16505 16523 I art     : Explicit concurrent mark sweep GC freed 3(96B) AllocSpace objects, 0(0B) LOS objects, 29% free, 37MB/53MB, paused 2.193ms total 51.260ms
08-06 15:48:41.918 16505 16516 I art     : Starting a blocking GC Explicit
08-06 15:48:41.971 16505 16516 I art     : Explicit concurrent mark sweep GC freed 1440(83KB) AllocSpace objects, 1(20KB) LOS objects, 29% free, 37MB/53MB, paused 2.177ms total 52.626ms
08-06 15:48:41.989 16505 16516 I art     : Starting a blocking GC Explicit
08-06 15:48:42.042 16505 16516 I art     : Explicit concurrent mark sweep GC freed 22(784B) AllocSpace objects, 0(0B) LOS objects, 29% free, 37MB/53MB, paused 1.911ms total 52.506ms
08-06 15:48:42.061 16505 16516 I art     : Starting a blocking GC Explicit
08-06 15:48:42.113 16505 16516 I art     : Explicit concurrent mark sweep GC freed 3(96B) AllocSpace objects, 0(0B) LOS objects, 29% free, 37MB/53MB, paused 2.105ms total 51.119ms
08-06 15:48:42.132 16505 16516 I art     : Starting a blocking GC Explicit
08-06 15:48:42.179 16505 16516 I art     : Explicit concurrent mark sweep GC freed 3(96B) AllocSpace objects, 0(0B) LOS objects, 29% free, 37MB/53MB, paused 2.610ms total 46.854ms
08-06 15:48:42.198 16505 16516 I art     : Starting a blocking GC Explicit
08-06 15:48:42.250 16505 16516 I art     : Explicit concurrent mark sweep GC freed 3(96B) AllocSpace objects, 0(0B) LOS objects, 29% free, 37MB/53MB, paused 1.905ms total 51.221ms
08-06 15:48:42.530 17483 17483 D AndroidRuntime: >>>>>> START com.android.internal.os.RuntimeInit uid 2000 <<<<<<
08-06 15:48:42.536 17483 17483 D AndroidRuntime: CheckJNI is OFF
08-06 15:48:42.597 17483 17483 D ICU     : No timezone override file found: /data/misc/zoneinfo/current/icu/icu_tzdata.dat
08-06 15:48:42.644 16505 16517 I art     : Starting a blocking GC Explicit
08-06 15:48:42.645 17483 17483 I Radio-JNI: register_android_hardware_Radio DONE
08-06 15:48:42.678 17483 17483 D AndroidRuntime: Calling main entry com.android.commands.input.Input
08-06 15:48:42.680 17483 17483 I Input   : injectKeyEvent: KeyEvent { action=ACTION_DOWN, keyCode=KEYCODE_BACK, scanCode=0, metaState=0, flags=0x0, repeatCount=0, eventTime=892139093, downTime=892139093, deviceId=-1, source=0x101 }
08-06 15:48:42.695 17483 17483 I Input   : injectKeyEvent: KeyEvent { action=ACTION_UP, keyCode=KEYCODE_BACK, scanCode=0, metaState=0, flags=0x0, repeatCount=0, eventTime=892139093, downTime=892139093, deviceId=-1, source=0x101 }
08-06 15:48:42.701 16505 16517 I art     : Explicit concurrent mark sweep GC freed 1440(83KB) AllocSpace objects, 1(20KB) LOS objects, 29% free, 37MB/53MB, paused 2.202ms total 56.345ms
08-06 15:48:42.707 17483 17483 D AndroidRuntime: Shutting down VM
08-06 15:48:42.722 16505 16517 I art     : Starting a blocking GC Explicit
08-06 15:48:42.771 16505 16517 I art     : Explicit concurrent mark sweep GC freed 240(39KB) AllocSpace objects, 2(40KB) LOS objects, 29% free, 37MB/53MB, paused 1.846ms total 48.349ms
08-06 15:48:42.789 16505 16517 I art     : Starting a blocking GC Explicit
08-06 15:48:42.838 16505 16517 I art     : Explicit concurrent mark sweep GC freed 41(1536B) AllocSpace objects, 0(0B) LOS objects, 29% free, 37MB/53MB, paused 2.079ms total 49.293ms
08-06 15:48:42.858 16505 16517 I art     : Starting a blocking GC Explicit
08-06 15:48:42.897 13866 13866 I GoogleInputMethodServic: GoogleInputMethodService.onFinishInput():3138 
08-06 15:48:42.898 13866 13866 I GoogleInputMethodServic: GoogleInputMethodService.onStartInput():1808 
08-06 15:48:42.912 16505 16517 I art     : Explicit concurrent mark sweep GC freed 754(67KB) AllocSpace objects, 2(40KB) LOS objects, 29% free, 37MB/53MB, paused 2.923ms total 53.586ms
08-06 15:48:42.931 16505 16517 I art     : Starting a blocking GC Explicit
08-06 15:48:42.981 16505 16517 I art     : Explicit concurrent mark sweep GC freed 1044(85KB) AllocSpace objects, 1(20KB) LOS objects, 29% free, 37MB/53MB, paused 1.797ms total 50.078ms
08-06 15:48:43.390 16505 16517 I art     : Starting a blocking GC Explicit
08-06 15:48:43.449 16505 16517 I art     : Explicit concurrent mark sweep GC freed 3288(171KB) AllocSpace objects, 2(48KB) LOS objects, 29% free, 37MB/53MB, paused 2.514ms total 57.837ms
08-06 15:48:43.463   918  3261 D WifiStateMachine: starting scan for "H369AA63323"WPA_PSK with 2412,5180
08-06 15:48:43.471 16505 16517 I art     : Starting a blocking GC Explicit
08-06 15:48:43.533 16505 16517 I art     : Explicit concurrent mark sweep GC freed 159(7KB) AllocSpace objects, 0(0B) LOS objects, 29% free, 37MB/53MB, paused 2.184ms total 61.499ms
08-06 15:48:43.555 16505 16517 I art     : Starting a blocking GC Explicit
08-06 15:48:43.602 16505 16517 I art     : Explicit concurrent mark sweep GC freed 12(384B) AllocSpace objects, 0(0B) LOS objects, 29% free, 37MB/53MB, paused 1.631ms total 46.846ms
08-06 15:48:43.619 16505 16517 I art     : Starting a blocking GC Explicit
08-06 15:48:43.664 16505 16517 I art     : Explicit concurrent mark sweep GC freed 11(352B) AllocSpace objects, 0(0B) LOS objects, 29% free, 37MB/53MB, paused 1.885ms total 44.760ms
08-06 15:48:43.681 16505 16517 I art     : Starting a blocking GC Explicit
08-06 15:48:43.728 16505 16517 I art     : Explicit concurrent mark sweep GC freed 100(3KB) AllocSpace objects, 0(0B) LOS objects, 29% free, 37MB/53MB, paused 2.157ms total 46.687ms
08-06 15:48:44.127 16505 16517 I art     : Starting a blocking GC Explicit
08-06 15:48:44.182 16505 16517 I art     : Explicit concurrent mark sweep GC freed 1574(90KB) AllocSpace objects, 1(20KB) LOS objects, 29% free, 37MB/53MB, paused 2.178ms total 55.131ms
08-06 15:48:44.203 16505 16517 I art     : Starting a blocking GC Explicit
08-06 15:48:44.258 16505 17418 E baseline.com.newsblur.network.APIResponse: Error (unexpected end of stream on https://www.newsblur.com/...) calling https://www.newsblur.com/reader/mark_story_hashes_as_read/
08-06 15:48:44.258 16505 17418 E baseline.com.newsblur.network.APIResponse: java.io.IOException: unexpected end of stream on https://www.newsblur.com/...
08-06 15:48:44.258 16505 17418 E baseline.com.newsblur.network.APIResponse: 	at okhttp3.internal.http1.Http1ExchangeCodec.readResponseHeaders(Http1ExchangeCodec.java:236)
08-06 15:48:44.258 16505 17418 E baseline.com.newsblur.network.APIResponse: 	at okhttp3.internal.connection.Exchange.readResponseHeaders(Exchange.java:115)
08-06 15:48:44.258 16505 17418 E baseline.com.newsblur.network.APIResponse: 	at okhttp3.internal.http.CallServerInterceptor.intercept(CallServerInterceptor.java:94)
08-06 15:48:44.258 16505 17418 E baseline.com.newsblur.network.APIResponse: 	at okhttp3.internal.http.RealInterceptorChain.proceed(RealInterceptorChain.java:142)
08-06 15:48:44.258 16505 17418 E baseline.com.newsblur.network.APIResponse: 	at okhttp3.internal.connection.ConnectInterceptor.intercept(ConnectInterceptor.java:43)
08-06 15:48:44.258 16505 17418 E baseline.com.newsblur.network.APIResponse: 	at okhttp3.internal.http.RealInterceptorChain.proceed(RealInterceptorChain.java:142)
08-06 15:48:44.258 16505 17418 E baseline.com.newsblur.network.APIResponse: 	at okhttp3.internal.http.RealInterceptorChain.proceed(RealInterceptorChain.java:117)
08-06 15:48:44.258 16505 17418 E baseline.com.newsblur.network.APIResponse: 	at okhttp3.internal.cache.CacheInterceptor.intercept(CacheInterceptor.java:94)
08-06 15:48:44.258 16505 17418 E baseline.com.newsblur.network.APIResponse: 	at okhttp3.internal.http.RealInterceptorChain.proceed(RealInterceptorChain.java:142)
08-06 15:48:44.258 16505 17418 E baseline.com.newsblur.network.APIResponse: 	at okhttp3.internal.http.RealInterceptorChain.proceed(RealInterceptorChain.java:117)
08-06 15:48:44.258 16505 17418 E baseline.com.newsblur.network.APIResponse: 	at okhttp3.internal.http.BridgeInterceptor.intercept(BridgeInterceptor.java:93)
08-06 15:48:44.258 16505 17418 E baseline.com.newsblur.network.APIResponse: 	at okhttp3.internal.http.RealInterceptorChain.proceed(RealInterceptorChain.java:142)
08-06 15:48:44.258 16505 17418 E baseline.com.newsblur.network.APIResponse: 	at okhttp3.internal.http.RetryAndFollowUpInterceptor.intercept(RetryAndFollowUpInterceptor.java:88)
08-06 15:48:44.258 16505 17418 E baseline.com.newsblur.network.APIResponse: 	at okhttp3.internal.http.RealInterceptorChain.proceed(RealInterceptorChain.java:142)
08-06 15:48:44.258 16505 17418 E baseline.com.newsblur.network.APIResponse: 	at okhttp3.internal.http.RealInterceptorChain.proceed(RealInterceptorChain.java:117)
08-06 15:48:44.258 16505 17418 E baseline.com.newsblur.network.APIResponse: 	at okhttp3.RealCall.getResponseWithInterceptorChain(RealCall.java:229)
08-06 15:48:44.258 16505 17418 E baseline.com.newsblur.network.APIResponse: 	at okhttp3.RealCall.execute(RealCall.java:81)
08-06 15:48:44.258 16505 17418 E baseline.com.newsblur.network.APIResponse: 	at baseline.com.newsblur.network.APIResponse.<init>(APIResponse.java:57)
08-06 15:48:44.258 16505 17418 E baseline.com.newsblur.network.APIResponse: 	at baseline.com.newsblur.network.APIResponse.<init>(APIResponse.java:43)
08-06 15:48:44.258 16505 17418 E baseline.com.newsblur.network.APIResponse: 	at baseline.com.newsblur.network.APIManager.post_single(APIManager.java:702)
08-06 15:48:44.258 16505 17418 E baseline.com.newsblur.network.APIResponse: 	at baseline.com.newsblur.network.APIManager.post(APIManager.java:675)
08-06 15:48:44.258 16505 17418 E baseline.com.newsblur.network.APIResponse: 	at baseline.com.newsblur.network.APIManager.post(APIManager.java:714)
08-06 15:48:44.258 16505 17418 E baseline.com.newsblur.network.APIResponse: 	at baseline.com.newsblur.network.APIManager.markStoryAsRead(APIManager.java:205)
08-06 15:48:44.258 16505 17418 E baseline.com.newsblur.network.APIResponse: 	at baseline.com.newsblur.util.ReadingAction.doRemote(ReadingAction.java:281)
08-06 15:48:44.258 16505 17418 E baseline.com.newsblur.network.APIResponse: 	at baseline.com.newsblur.service.NBSyncService.syncActions(NBSyncService.java:400)
08-06 15:48:44.258 16505 17418 E baseline.com.newsblur.network.APIResponse: 	at baseline.com.newsblur.service.NBSyncService.doSync(NBSyncService.java:298)
08-06 15:48:44.258 16505 17418 E baseline.com.newsblur.network.APIResponse: 	at baseline.com.newsblur.service.NBSyncService.access$100(NBSyncService.java:67)
08-06 15:48:44.258 16505 17418 E baseline.com.newsblur.network.APIResponse: 	at baseline.com.newsblur.service.NBSyncService$1.run(NBSyncService.java:188)
08-06 15:48:44.258 16505 17418 E baseline.com.newsblur.network.APIResponse: 	at java.util.concurrent.ThreadPoolExecutor.runWorker(ThreadPoolExecutor.java:1113)
08-06 15:48:44.258 16505 17418 E baseline.com.newsblur.network.APIResponse: 	at java.util.concurrent.ThreadPoolExecutor$Worker.run(ThreadPoolExecutor.java:588)
08-06 15:48:44.258 16505 17418 E baseline.com.newsblur.network.APIResponse: 	at java.lang.Thread.run(Thread.java:818)
08-06 15:48:44.258 16505 17418 E baseline.com.newsblur.network.APIResponse: Caused by: java.io.EOFException: \n not found: limit=0 content=
08-06 15:48:44.258 16505 17418 E baseline.com.newsblur.network.APIResponse: 	at okio.RealBufferedSource.readUtf8LineStrict(RealBufferedSource.java:240)
08-06 15:48:44.258 16505 17418 E baseline.com.newsblur.network.APIResponse: 	at okhttp3.internal.http1.Http1ExchangeCodec.readHeaderLine(Http1ExchangeCodec.java:242)
08-06 15:48:44.258 16505 17418 E baseline.com.newsblur.network.APIResponse: 	at okhttp3.internal.http1.Http1ExchangeCodec.readResponseHeaders(Http1ExchangeCodec.java:213)
08-06 15:48:44.258 16505 17418 E baseline.com.newsblur.network.APIResponse: 	... 30 more
08-06 15:48:44.259 16505 17418 I baseline.com.newsblur.service.NBSyncService: Holding reading action with server-side or network error.
08-06 15:48:44.260 16505 16517 I art     : Explicit concurrent mark sweep GC freed 1915(106KB) AllocSpace objects, 0(0B) LOS objects, 29% free, 37MB/53MB, paused 2.544ms total 55.855ms
08-06 15:48:44.275 16505 17418 W baseline.com.newsblur.service.NBSyncService: hard API failure
08-06 15:48:44.279 16505 16517 I art     : Starting a blocking GC Explicit
08-06 15:48:44.330 16505 16517 I art     : Explicit concurrent mark sweep GC freed 1083(219KB) AllocSpace objects, 4(80KB) LOS objects, 29% free, 37MB/53MB, paused 2.883ms total 50.170ms
08-06 15:48:44.351 16505 16517 I art     : Starting a blocking GC Explicit
08-06 15:48:44.401 16505 16517 I art     : Explicit concurrent mark sweep GC freed 72(3KB) AllocSpace objects, 0(0B) LOS objects, 29% free, 37MB/53MB, paused 1.993ms total 49.342ms
08-06 15:48:44.419 16505 16517 I art     : Starting a blocking GC Explicit
08-06 15:48:44.471 16505 16517 I art     : Explicit concurrent mark sweep GC freed 6(192B) AllocSpace objects, 0(0B) LOS objects, 29% free, 37MB/53MB, paused 2.049ms total 51.330ms
08-06 15:48:44.641 17524 17524 D AndroidRuntime: >>>>>> START com.android.internal.os.RuntimeInit uid 2000 <<<<<<
08-06 15:48:44.647 17524 17524 D AndroidRuntime: CheckJNI is OFF
08-06 15:48:44.711 17524 17524 D ICU     : No timezone override file found: /data/misc/zoneinfo/current/icu/icu_tzdata.dat
08-06 15:48:44.752 16505 17418 E baseline.com.newsblur.network.APIResponse: Error (unexpected end of stream on https://www.newsblur.com/...) calling https://www.newsblur.com/reader/mark_story_hashes_as_read/
08-06 15:48:44.752 16505 17418 E baseline.com.newsblur.network.APIResponse: java.io.IOException: unexpected end of stream on https://www.newsblur.com/...
08-06 15:48:44.752 16505 17418 E baseline.com.newsblur.network.APIResponse: 	at okhttp3.internal.http1.Http1ExchangeCodec.readResponseHeaders(Http1ExchangeCodec.java:236)
08-06 15:48:44.752 16505 17418 E baseline.com.newsblur.network.APIResponse: 	at okhttp3.internal.connection.Exchange.readResponseHeaders(Exchange.java:115)
08-06 15:48:44.752 16505 17418 E baseline.com.newsblur.network.APIResponse: 	at okhttp3.internal.http.CallServerInterceptor.intercept(CallServerInterceptor.java:94)
08-06 15:48:44.752 16505 17418 E baseline.com.newsblur.network.APIResponse: 	at okhttp3.internal.http.RealInterceptorChain.proceed(RealInterceptorChain.java:142)
08-06 15:48:44.752 16505 17418 E baseline.com.newsblur.network.APIResponse: 	at okhttp3.internal.connection.ConnectInterceptor.intercept(ConnectInterceptor.java:43)
08-06 15:48:44.752 16505 17418 E baseline.com.newsblur.network.APIResponse: 	at okhttp3.internal.http.RealInterceptorChain.proceed(RealInterceptorChain.java:142)
08-06 15:48:44.752 16505 17418 E baseline.com.newsblur.network.APIResponse: 	at okhttp3.internal.http.RealInterceptorChain.proceed(RealInterceptorChain.java:117)
08-06 15:48:44.752 16505 17418 E baseline.com.newsblur.network.APIResponse: 	at okhttp3.internal.cache.CacheInterceptor.intercept(CacheInterceptor.java:94)
08-06 15:48:44.752 16505 17418 E baseline.com.newsblur.network.APIResponse: 	at okhttp3.internal.http.RealInterceptorChain.proceed(RealInterceptorChain.java:142)
08-06 15:48:44.752 16505 17418 E baseline.com.newsblur.network.APIResponse: 	at okhttp3.internal.http.RealInterceptorChain.proceed(RealInterceptorChain.java:117)
08-06 15:48:44.752 16505 17418 E baseline.com.newsblur.network.APIResponse: 	at okhttp3.internal.http.BridgeInterceptor.intercept(BridgeInterceptor.java:93)
08-06 15:48:44.752 16505 17418 E baseline.com.newsblur.network.APIResponse: 	at okhttp3.internal.http.RealInterceptorChain.proceed(RealInterceptorChain.java:142)
08-06 15:48:44.752 16505 17418 E baseline.com.newsblur.network.APIResponse: 	at okhttp3.internal.http.RetryAndFollowUpInterceptor.intercept(RetryAndFollowUpInterceptor.java:88)
08-06 15:48:44.752 16505 17418 E baseline.com.newsblur.network.APIResponse: 	at okhttp3.internal.http.RealInterceptorChain.proceed(RealInterceptorChain.java:142)
08-06 15:48:44.752 16505 17418 E baseline.com.newsblur.network.APIResponse: 	at okhttp3.internal.http.RealInterceptorChain.proceed(RealInterceptorChain.java:117)
08-06 15:48:44.752 16505 17418 E baseline.com.newsblur.network.APIResponse: 	at okhttp3.RealCall.getResponseWithInterceptorChain(RealCall.java:229)
08-06 15:48:44.752 16505 17418 E baseline.com.newsblur.network.APIResponse: 	at okhttp3.RealCall.execute(RealCall.java:81)
08-06 15:48:44.752 16505 17418 E baseline.com.newsblur.network.APIResponse: 	at baseline.com.newsblur.network.APIResponse.<init>(APIResponse.java:57)
08-06 15:48:44.752 16505 17418 E baseline.com.newsblur.network.APIResponse: 	at baseline.com.newsblur.network.APIResponse.<init>(APIResponse.java:43)
08-06 15:48:44.752 16505 17418 E baseline.com.newsblur.network.APIResponse: 	at baseline.com.newsblur.network.APIManager.post_single(APIManager.java:702)
08-06 15:48:44.752 16505 17418 E baseline.com.newsblur.network.APIResponse: 	at baseline.com.newsblur.network.APIManager.post(APIManager.java:675)
08-06 15:48:44.752 16505 17418 E baseline.com.newsblur.network.APIResponse: 	at baseline.com.newsblur.network.APIManager.post(APIManager.java:714)
08-06 15:48:44.752 16505 17418 E baseline.com.newsblur.network.APIResponse: 	at baseline.com.newsblur.network.APIManager.markStoryAsRead(APIManager.java:205)
08-06 15:48:44.752 16505 17418 E baseline.com.newsblur.network.APIResponse: 	at baseline.com.newsblur.util.ReadingAction.doRemote(ReadingAction.java:281)
08-06 15:48:44.752 16505 17418 E baseline.com.newsblur.network.APIResponse: 	at baseline.com.newsblur.service.NBSyncService.syncActions(NBSyncService.java:400)
08-06 15:48:44.752 16505 17418 E baseline.com.newsblur.network.APIResponse: 	at baseline.com.newsblur.service.NBSyncService.doSync(NBSyncService.java:298)
08-06 15:48:44.752 16505 17418 E baseline.com.newsblur.network.APIResponse: 	at baseline.com.newsblur.service.NBSyncService.access$100(NBSyncService.java:67)
08-06 15:48:44.752 16505 17418 E baseline.com.newsblur.network.APIResponse: 	at baseline.com.newsblur.service.NBSyncService$1.run(NBSyncService.java:188)
08-06 15:48:44.752 16505 17418 E baseline.com.newsblur.network.APIResponse: 	at java.util.concurrent.ThreadPoolExecutor.runWorker(ThreadPoolExecutor.java:1113)
08-06 15:48:44.752 16505 17418 E baseline.com.newsblur.network.APIResponse: 	at java.util.concurrent.ThreadPoolExecutor$Worker.run(ThreadPoolExecutor.java:588)
08-06 15:48:44.752 16505 17418 E baseline.com.newsblur.network.APIResponse: 	at java.lang.Thread.run(Thread.java:818)
08-06 15:48:44.752 16505 17418 E baseline.com.newsblur.network.APIResponse: Caused by: java.io.EOFException: \n not found: limit=0 content=
08-06 15:48:44.752 16505 17418 E baseline.com.newsblur.network.APIResponse: 	at okio.RealBufferedSource.readUtf8LineStrict(RealBufferedSource.java:240)
08-06 15:48:44.752 16505 17418 E baseline.com.newsblur.network.APIResponse: 	at okhttp3.internal.http1.Http1ExchangeCodec.readHeaderLine(Http1ExchangeCodec.java:242)
08-06 15:48:44.752 16505 17418 E baseline.com.newsblur.network.APIResponse: 	at okhttp3.internal.http1.Http1ExchangeCodec.readResponseHeaders(Http1ExchangeCodec.java:213)
08-06 15:48:44.752 16505 17418 E baseline.com.newsblur.network.APIResponse: 	... 30 more
08-06 15:48:44.753 16505 17418 I baseline.com.newsblur.network.APIManager: API call failed, pausing before retry number 1
08-06 15:48:44.758 17524 17524 I Radio-JNI: register_android_hardware_Radio DONE
08-06 15:48:44.792 17524 17524 D AndroidRuntime: Calling main entry com.android.commands.input.Input
08-06 15:48:44.794 17524 17524 I Input   : injectKeyEvent: KeyEvent { action=ACTION_DOWN, keyCode=KEYCODE_BACK, scanCode=0, metaState=0, flags=0x0, repeatCount=0, eventTime=892141207, downTime=892141207, deviceId=-1, source=0x101 }
08-06 15:48:44.800 17524 17524 I Input   : injectKeyEvent: KeyEvent { action=ACTION_UP, keyCode=KEYCODE_BACK, scanCode=0, metaState=0, flags=0x0, repeatCount=0, eventTime=892141207, downTime=892141207, deviceId=-1, source=0x101 }
08-06 15:48:44.807 17524 17524 D AndroidRuntime: Shutting down VM
08-06 15:48:44.842 16505 16517 I art     : Starting a blocking GC Explicit
08-06 15:48:44.893 16505 16517 I art     : Explicit concurrent mark sweep GC freed 4287(423KB) AllocSpace objects, 7(140KB) LOS objects, 29% free, 37MB/53MB, paused 2.185ms total 50.818ms
08-06 15:48:44.912 16505 16517 I art     : Starting a blocking GC Explicit
08-06 15:48:44.966 16505 16517 I art     : Explicit concurrent mark sweep GC freed 1455(92KB) AllocSpace objects, 2(40KB) LOS objects, 29% free, 37MB/53MB, paused 3.062ms total 53.361ms
08-06 15:48:44.985 16505 16517 I art     : Starting a blocking GC Explicit
08-06 15:48:45.032 13866 13866 I GoogleInputMethodServic: GoogleInputMethodService.onFinishInput():3138 
08-06 15:48:45.032 13866 13866 I GoogleInputMethodServic: GoogleInputMethodService.onStartInput():1808 
08-06 15:48:45.037 16505 16517 I art     : Explicit concurrent mark sweep GC freed 6359(417KB) AllocSpace objects, 6(120KB) LOS objects, 29% free, 37MB/53MB, paused 2.310ms total 51.397ms
08-06 15:48:45.053 16505 16517 I art     : Starting a blocking GC Explicit
08-06 15:48:45.113 16505 16517 I art     : Explicit concurrent mark sweep GC freed 254(9KB) AllocSpace objects, 0(0B) LOS objects, 29% free, 37MB/53MB, paused 2.224ms total 59.403ms
08-06 15:48:45.130 16505 16517 I art     : Starting a blocking GC Explicit
08-06 15:48:45.178 16505 16517 I art     : Explicit concurrent mark sweep GC freed 113(4KB) AllocSpace objects, 0(0B) LOS objects, 29% free, 37MB/53MB, paused 1.858ms total 47.145ms
08-06 15:48:45.298   518   646 I ThermalEngine: ACTION: GPU - Setting GPU[0] to 450000000
08-06 15:48:45.536 16505 16766 I art     : Starting a blocking GC Explicit
08-06 15:48:45.582 16505 16766 I art     : Explicit concurrent mark sweep GC freed 1903(103KB) AllocSpace objects, 1(20KB) LOS objects, 29% free, 37MB/53MB, paused 1.374ms total 45.710ms
08-06 15:48:45.597 16505 16766 I art     : Starting a blocking GC Explicit
08-06 15:48:45.638 16505 16766 I art     : Explicit concurrent mark sweep GC freed 166(7KB) AllocSpace objects, 0(0B) LOS objects, 29% free, 37MB/53MB, paused 1.408ms total 41.448ms
08-06 15:48:45.651 16505 16766 I art     : Starting a blocking GC Explicit
08-06 15:48:45.693 16505 16766 I art     : Explicit concurrent mark sweep GC freed 9(288B) AllocSpace objects, 0(0B) LOS objects, 29% free, 37MB/53MB, paused 1.182ms total 41.420ms
08-06 15:48:45.706 16505 16766 I art     : Starting a blocking GC Explicit
08-06 15:48:45.748 16505 16766 I art     : Explicit concurrent mark sweep GC freed 10(320B) AllocSpace objects, 0(0B) LOS objects, 29% free, 37MB/53MB, paused 1.393ms total 41.767ms
08-06 15:48:45.761 16505 16766 I art     : Starting a blocking GC Explicit
08-06 15:48:45.804 16505 16766 I art     : Explicit concurrent mark sweep GC freed 11(352B) AllocSpace objects, 0(0B) LOS objects, 29% free, 37MB/53MB, paused 1.327ms total 42.134ms
08-06 15:48:46.147 16505 16766 I art     : Starting a blocking GC Explicit
08-06 15:48:46.193 16505 16766 I art     : Explicit concurrent mark sweep GC freed 1481(84KB) AllocSpace objects, 1(20KB) LOS objects, 29% free, 37MB/53MB, paused 1.297ms total 45.348ms
08-06 15:48:46.206 16505 16766 I art     : Starting a blocking GC Explicit
08-06 15:48:46.248 16505 16766 I art     : Explicit concurrent mark sweep GC freed 28(976B) AllocSpace objects, 0(0B) LOS objects, 29% free, 37MB/53MB, paused 1.398ms total 42.314ms
08-06 15:48:46.262 16505 16766 I art     : Starting a blocking GC Explicit
08-06 15:48:46.301 16505 16766 I art     : Explicit concurrent mark sweep GC freed 101(3KB) AllocSpace objects, 0(0B) LOS objects, 29% free, 37MB/53MB, paused 1.279ms total 38.749ms
08-06 15:48:46.313 16505 16766 I art     : Starting a blocking GC Explicit
08-06 15:48:46.354 16505 16766 I art     : Explicit concurrent mark sweep GC freed 27(1104B) AllocSpace objects, 0(0B) LOS objects, 29% free, 37MB/53MB, paused 1.444ms total 41.291ms
08-06 15:48:46.367 16505 16766 I art     : Starting a blocking GC Explicit
08-06 15:48:46.408 16505 16766 I art     : Explicit concurrent mark sweep GC freed 71(4KB) AllocSpace objects, 0(0B) LOS objects, 29% free, 37MB/53MB, paused 1.506ms total 41.222ms
08-06 15:48:46.590 17571 17571 D AndroidRuntime: >>>>>> START com.android.internal.os.RuntimeInit uid 2000 <<<<<<
08-06 15:48:46.597 17571 17571 D AndroidRuntime: CheckJNI is OFF
08-06 15:48:46.638 17571 17571 D ICU     : No timezone override file found: /data/misc/zoneinfo/current/icu/icu_tzdata.dat
08-06 15:48:46.680 17571 17571 I Radio-JNI: register_android_hardware_Radio DONE
08-06 15:48:46.709 17571 17571 D AndroidRuntime: Calling main entry com.android.commands.input.Input
08-06 15:48:46.711 17571 17571 I Input   : injectMotionEvent: MotionEvent { action=ACTION_DOWN, actionButton=0, id[0]=0, x[0]=594.0, y[0]=330.0, toolType[0]=TOOL_TYPE_UNKNOWN, buttonState=0, metaState=0, flags=0x0, edgeFlags=0x0, pointerCount=1, historySize=0, eventTime=892143124, downTime=892143124, deviceId=0, source=0x1002 }
08-06 15:48:46.716 17571 17571 I Input   : injectMotionEvent: MotionEvent { action=ACTION_UP, actionButton=0, id[0]=0, x[0]=594.0, y[0]=330.0, toolType[0]=TOOL_TYPE_UNKNOWN, buttonState=0, metaState=0, flags=0x0, edgeFlags=0x0, pointerCount=1, historySize=0, eventTime=892143124, downTime=892143124, deviceId=0, source=0x1002 }
08-06 15:48:46.718 17571 17571 D AndroidRuntime: Shutting down VM
08-06 15:48:46.785   918   929 I ActivityManager: START u0 {cmp=baseline.com.newsblur/.activity.GlobalSharedStoriesItemsList (has extras)} from uid 10698 on display 0
08-06 15:48:46.788 16505 16766 I art     : Starting a blocking GC Explicit
08-06 15:48:46.796 16505 17418 E baseline.com.newsblur.network.APIResponse: Error (unexpected end of stream on https://www.newsblur.com/...) calling https://www.newsblur.com/reader/mark_story_hashes_as_read/
08-06 15:48:46.796 16505 17418 E baseline.com.newsblur.network.APIResponse: java.io.IOException: unexpected end of stream on https://www.newsblur.com/...
08-06 15:48:46.796 16505 17418 E baseline.com.newsblur.network.APIResponse: 	at okhttp3.internal.http1.Http1ExchangeCodec.readResponseHeaders(Http1ExchangeCodec.java:236)
08-06 15:48:46.796 16505 17418 E baseline.com.newsblur.network.APIResponse: 	at okhttp3.internal.connection.Exchange.readResponseHeaders(Exchange.java:115)
08-06 15:48:46.796 16505 17418 E baseline.com.newsblur.network.APIResponse: 	at okhttp3.internal.http.CallServerInterceptor.intercept(CallServerInterceptor.java:94)
08-06 15:48:46.796 16505 17418 E baseline.com.newsblur.network.APIResponse: 	at okhttp3.internal.http.RealInterceptorChain.proceed(RealInterceptorChain.java:142)
08-06 15:48:46.796 16505 17418 E baseline.com.newsblur.network.APIResponse: 	at okhttp3.internal.connection.ConnectInterceptor.intercept(ConnectInterceptor.java:43)
08-06 15:48:46.796 16505 17418 E baseline.com.newsblur.network.APIResponse: 	at okhttp3.internal.http.RealInterceptorChain.proceed(RealInterceptorChain.java:142)
08-06 15:48:46.796 16505 17418 E baseline.com.newsblur.network.APIResponse: 	at okhttp3.internal.http.RealInterceptorChain.proceed(RealInterceptorChain.java:117)
08-06 15:48:46.796 16505 17418 E baseline.com.newsblur.network.APIResponse: 	at okhttp3.internal.cache.CacheInterceptor.intercept(CacheInterceptor.java:94)
08-06 15:48:46.796 16505 17418 E baseline.com.newsblur.network.APIResponse: 	at okhttp3.internal.http.RealInterceptorChain.proceed(RealInterceptorChain.java:142)
08-06 15:48:46.796 16505 17418 E baseline.com.newsblur.network.APIResponse: 	at okhttp3.internal.http.RealInterceptorChain.proceed(RealInterceptorChain.java:117)
08-06 15:48:46.796 16505 17418 E baseline.com.newsblur.network.APIResponse: 	at okhttp3.internal.http.BridgeInterceptor.intercept(BridgeInterceptor.java:93)
08-06 15:48:46.796 16505 17418 E baseline.com.newsblur.network.APIResponse: 	at okhttp3.internal.http.RealInterceptorChain.proceed(RealInterceptorChain.java:142)
08-06 15:48:46.796 16505 17418 E baseline.com.newsblur.network.APIResponse: 	at okhttp3.internal.http.RetryAndFollowUpInterceptor.intercept(RetryAndFollowUpInterceptor.java:88)
08-06 15:48:46.796 16505 17418 E baseline.com.newsblur.network.APIResponse: 	at okhttp3.internal.http.RealInterceptorChain.proceed(RealInterceptorChain.java:142)
08-06 15:48:46.796 16505 17418 E baseline.com.newsblur.network.APIResponse: 	at okhttp3.internal.http.RealInterceptorChain.proceed(RealInterceptorChain.java:117)
08-06 15:48:46.796 16505 17418 E baseline.com.newsblur.network.APIResponse: 	at okhttp3.RealCall.getResponseWithInterceptorChain(RealCall.java:229)
08-06 15:48:46.796 16505 17418 E baseline.com.newsblur.network.APIResponse: 	at okhttp3.RealCall.execute(RealCall.java:81)
08-06 15:48:46.796 16505 17418 E baseline.com.newsblur.network.APIResponse: 	at baseline.com.newsblur.network.APIResponse.<init>(APIResponse.java:57)
08-06 15:48:46.796 16505 17418 E baseline.com.newsblur.network.APIResponse: 	at baseline.com.newsblur.network.APIResponse.<init>(APIResponse.java:43)
08-06 15:48:46.796 16505 17418 E baseline.com.newsblur.network.APIResponse: 	at baseline.com.newsblur.network.APIManager.post_single(APIManager.java:702)
08-06 15:48:46.796 16505 17418 E baseline.com.newsblur.network.APIResponse: 	at baseline.com.newsblur.network.APIManager.post(APIManager.java:675)
08-06 15:48:46.796 16505 17418 E baseline.com.newsblur.network.APIResponse: 	at baseline.com.newsblur.network.APIManager.post(APIManager.java:714)
08-06 15:48:46.796 16505 17418 E baseline.com.newsblur.network.APIResponse: 	at baseline.com.newsblur.network.APIManager.markStoryAsRead(APIManager.java:205)
08-06 15:48:46.796 16505 17418 E baseline.com.newsblur.network.APIResponse: 	at baseline.com.newsblur.util.ReadingAction.doRemote(ReadingAction.java:281)
08-06 15:48:46.796 16505 17418 E baseline.com.newsblur.network.APIResponse: 	at baseline.com.newsblur.service.NBSyncService.syncActions(NBSyncService.java:400)
08-06 15:48:46.796 16505 17418 E baseline.com.newsblur.network.APIResponse: 	at baseline.com.newsblur.service.NBSyncService.doSync(NBSyncService.java:298)
08-06 15:48:46.796 16505 17418 E baseline.com.newsblur.network.APIResponse: 	at baseline.com.newsblur.service.NBSyncService.access$100(NBSyncService.java:67)
08-06 15:48:46.796 16505 17418 E baseline.com.newsblur.network.APIResponse: 	at baseline.com.newsblur.service.NBSyncService$1.run(NBSyncService.java:188)
08-06 15:48:46.796 16505 17418 E baseline.com.newsblur.network.APIResponse: 	at java.util.concurrent.ThreadPoolExecutor.runWorker(ThreadPoolExecutor.java:1113)
08-06 15:48:46.796 16505 17418 E baseline.com.newsblur.network.APIResponse: 	at java.util.concurrent.ThreadPoolExecutor$Worker.run(ThreadPoolExecutor.java:588)
08-06 15:48:46.796 16505 17418 E baseline.com.newsblur.network.APIResponse: 	at java.lang.Thread.run(Thread.java:818)
08-06 15:48:46.796 16505 17418 E baseline.com.newsblur.network.APIResponse: Caused by: java.io.EOFException: \n not found: limit=0 content=
08-06 15:48:46.796 16505 17418 E baseline.com.newsblur.network.APIResponse: 	at okio.RealBufferedSource.readUtf8LineStrict(RealBufferedSource.java:240)
08-06 15:48:46.796 16505 17418 E baseline.com.newsblur.network.APIResponse: 	at okhttp3.internal.http1.Http1ExchangeCodec.readHeaderLine(Http1ExchangeCodec.java:242)
08-06 15:48:46.796 16505 17418 E baseline.com.newsblur.network.APIResponse: 	at okhttp3.internal.http1.Http1ExchangeCodec.readResponseHeaders(Http1ExchangeCodec.java:213)
08-06 15:48:46.796 16505 17418 E baseline.com.newsblur.network.APIResponse: 	... 30 more
08-06 15:48:46.797 16505 17418 I baseline.com.newsblur.network.APIManager: API call failed, pausing before retry number 2
08-06 15:48:46.811 16505 16746 I baseline.com.newsblur.database.BlurDatabaseHelper: reading session reset
08-06 15:48:46.834 16505 16766 I art     : Explicit concurrent mark sweep GC freed 4968(473KB) AllocSpace objects, 8(252KB) LOS objects, 29% free, 37MB/53MB, paused 1.549ms total 45.673ms
08-06 15:48:46.846 16505 16766 I art     : Starting a blocking GC Explicit
08-06 15:48:46.887 16505 16766 I art     : Explicit concurrent mark sweep GC freed 1071(66KB) AllocSpace objects, 0(0B) LOS objects, 29% free, 37MB/53MB, paused 1.321ms total 40.611ms
08-06 15:48:46.899 16505 16766 I art     : Starting a blocking GC Explicit
08-06 15:48:46.941 16505 16766 I art     : Explicit concurrent mark sweep GC freed 91(4KB) AllocSpace objects, 0(0B) LOS objects, 29% free, 37MB/53MB, paused 1.379ms total 41.151ms
08-06 15:48:46.954 16505 16766 I art     : Starting a blocking GC Explicit
08-06 15:48:46.993 16505 16766 I art     : Explicit concurrent mark sweep GC freed 565(44KB) AllocSpace objects, 1(20KB) LOS objects, 29% free, 37MB/53MB, paused 1.190ms total 38.789ms
08-06 15:48:47.005 16505 16766 I art     : Starting a blocking GC Explicit
08-06 15:48:47.015 16505 16505 W View    : requestLayout() improperly called by android.widget.FrameLayout{1dd4a10 V.E...... ......ID 0,0-1440,18 #7f07003f app:id/footer_view_inner} during layout: running second layout pass
08-06 15:48:47.015 16505 16505 W View    : requestLayout() improperly called by android.widget.FrameLayout{299909 V.E...... ......ID 0,0-1440,2091 #7f07003f app:id/footer_view_inner} during layout: running second layout pass
08-06 15:48:47.033   918   936 I ActivityManager: Displayed baseline.com.newsblur/.activity.GlobalSharedStoriesItemsList: +235ms
08-06 15:48:47.033 13866 13866 I GoogleInputMethodServic: GoogleInputMethodService.onFinishInput():3138 
08-06 15:48:47.034 13866 13866 I GoogleInputMethodServic: GoogleInputMethodService.onStartInput():1808 
08-06 15:48:47.046 16505 16766 I art     : Explicit concurrent mark sweep GC freed 504(45KB) AllocSpace objects, 2(40KB) LOS objects, 29% free, 37MB/53MB, paused 1.981ms total 40.995ms
08-06 15:48:47.186 16505 17597 I NAPPA_EXPERIMENTATION: MetricNetworkRequestExecutionTime: REQUEST_DURATION_SYSTEM='91',REQUEST_DURATION_OKHTTP='91',REQUEST_SYNCHRONOUS='TRUE',RESPONSE_CODE='200',RESPONSE_METHOD='GET',RESPONSE_LENGTH_OKHTTP='43',RESPONSE_LENGTH_HEADER='43',REQUEST_PROTOCOL='http/1.1',REQUEST_URL='http://feeds.feedburner.com/~r/retort/~4/UffaFMiJbNs',
08-06 15:48:47.378 16505 16516 I art     : Starting a blocking GC Explicit
08-06 15:48:47.425 16505 16516 I art     : Explicit concurrent mark sweep GC freed 3338(217KB) AllocSpace objects, 8(160KB) LOS objects, 29% free, 37MB/53MB, paused 1.300ms total 46.187ms
08-06 15:48:47.438 16505 16516 I art     : Starting a blocking GC Explicit
08-06 15:48:47.482 16505 16516 I art     : Explicit concurrent mark sweep GC freed 247(10KB) AllocSpace objects, 0(0B) LOS objects, 29% free, 37MB/53MB, paused 1.235ms total 43.033ms
08-06 15:48:47.494 16505 16516 I art     : Starting a blocking GC Explicit
08-06 15:48:47.538 16505 16516 I art     : Explicit concurrent mark sweep GC freed 3(96B) AllocSpace objects, 0(0B) LOS objects, 29% free, 37MB/53MB, paused 1.354ms total 43.105ms
08-06 15:48:47.551 16505 16516 I art     : Starting a blocking GC Explicit
08-06 15:48:47.598 16505 16516 I art     : Explicit concurrent mark sweep GC freed 3(96B) AllocSpace objects, 0(0B) LOS objects, 29% free, 37MB/53MB, paused 1.533ms total 47.261ms
08-06 15:48:47.616 16505 16516 I art     : Starting a blocking GC Explicit
08-06 15:48:47.659 16505 16516 I art     : Explicit concurrent mark sweep GC freed 3(96B) AllocSpace objects, 0(0B) LOS objects, 29% free, 37MB/53MB, paused 1.344ms total 42.897ms
08-06 15:48:48.015 16505 16523 I art     : Starting a blocking GC Explicit
08-06 15:48:48.063 16505 16523 I art     : Explicit concurrent mark sweep GC freed 1477(84KB) AllocSpace objects, 1(20KB) LOS objects, 29% free, 37MB/53MB, paused 1.336ms total 47.187ms
08-06 15:48:48.078 16505 16523 I art     : Starting a blocking GC Explicit
08-06 15:48:48.121 16505 16523 I art     : Explicit concurrent mark sweep GC freed 22(784B) AllocSpace objects, 0(0B) LOS objects, 29% free, 37MB/53MB, paused 1.337ms total 42.619ms
08-06 15:48:48.134 16505 16523 I art     : Starting a blocking GC Explicit
08-06 15:48:48.178 16505 16523 I art     : Explicit concurrent mark sweep GC freed 4(128B) AllocSpace objects, 0(0B) LOS objects, 29% free, 37MB/53MB, paused 1.484ms total 43.956ms
08-06 15:48:48.191 16505 16523 I art     : Starting a blocking GC Explicit
08-06 15:48:48.236 16505 16523 I art     : Explicit concurrent mark sweep GC freed 11(352B) AllocSpace objects, 0(0B) LOS objects, 29% free, 37MB/53MB, paused 1.355ms total 45.514ms
08-06 15:48:48.250 16505 16523 I art     : Starting a blocking GC Explicit
08-06 15:48:48.298 16505 16523 I art     : Explicit concurrent mark sweep GC freed 9(288B) AllocSpace objects, 0(0B) LOS objects, 29% free, 37MB/53MB, paused 1.472ms total 47.479ms
08-06 15:48:48.535 14491 14491 I Atfwd_Sendcmd: AtCmdFwd service not ready - Exhausted retry attempts - :6
08-06 15:48:48.536 14491 14491 I Atfwd_Daemon: result : -1 	 ,Init step :2 	 ,qmiErrorCode: 0
08-06 15:48:48.681 16505 16516 I art     : Starting a blocking GC Explicit
08-06 15:48:48.731 16505 16516 I art     : Explicit concurrent mark sweep GC freed 1455(83KB) AllocSpace objects, 1(20KB) LOS objects, 29% free, 37MB/53MB, paused 1.437ms total 49.582ms
08-06 15:48:48.744 16505 16516 I art     : Starting a blocking GC Explicit
08-06 15:48:48.795 16505 16516 I art     : Explicit concurrent mark sweep GC freed 22(784B) AllocSpace objects, 0(0B) LOS objects, 29% free, 37MB/53MB, paused 1.425ms total 50.075ms
08-06 15:48:48.808 16505 16516 I art     : Starting a blocking GC Explicit
08-06 15:48:48.856 16505 16516 I art     : Explicit concurrent mark sweep GC freed 3(96B) AllocSpace objects, 0(0B) LOS objects, 29% free, 37MB/53MB, paused 1.381ms total 47.209ms
08-06 15:48:48.869 16505 16516 I art     : Starting a blocking GC Explicit
08-06 15:48:48.921 16505 16516 I art     : Explicit concurrent mark sweep GC freed 3(96B) AllocSpace objects, 0(0B) LOS objects, 29% free, 37MB/53MB, paused 1.562ms total 51.177ms
08-06 15:48:48.936 16505 16516 I art     : Starting a blocking GC Explicit
08-06 15:48:48.983 16505 16516 I art     : Explicit concurrent mark sweep GC freed 3(96B) AllocSpace objects, 0(0B) LOS objects, 29% free, 37MB/53MB, paused 1.345ms total 46.668ms
08-06 15:48:49.363 16505 16517 I art     : Starting a blocking GC Explicit
08-06 15:48:49.416 16505 16517 I art     : Explicit concurrent mark sweep GC freed 1440(83KB) AllocSpace objects, 1(20KB) LOS objects, 29% free, 37MB/53MB, paused 1.393ms total 52.495ms
08-06 15:48:49.433 16505 16517 I art     : Starting a blocking GC Explicit
08-06 15:48:49.479 16505 16517 I art     : Explicit concurrent mark sweep GC freed 22(784B) AllocSpace objects, 0(0B) LOS objects, 29% free, 37MB/53MB, paused 1.448ms total 46.023ms
08-06 15:48:49.492 16505 16517 I art     : Starting a blocking GC Explicit
08-06 15:48:49.541 16505 16517 I art     : Explicit concurrent mark sweep GC freed 3(96B) AllocSpace objects, 0(0B) LOS objects, 29% free, 37MB/53MB, paused 1.430ms total 48.464ms
08-06 15:48:49.554 16505 16517 I art     : Starting a blocking GC Explicit
08-06 15:48:49.601 16505 16517 I art     : Explicit concurrent mark sweep GC freed 3(96B) AllocSpace objects, 0(0B) LOS objects, 29% free, 37MB/53MB, paused 1.332ms total 47.051ms
08-06 15:48:49.614 16505 16517 I art     : Starting a blocking GC Explicit
08-06 15:48:49.664 16505 16517 I art     : Explicit concurrent mark sweep GC freed 3(96B) AllocSpace objects, 0(0B) LOS objects, 29% free, 37MB/53MB, paused 1.415ms total 49.164ms
08-06 15:48:50.035 16505 16523 I art     : Starting a blocking GC Explicit
08-06 15:48:50.085 16505 16523 I art     : Explicit concurrent mark sweep GC freed 1605(91KB) AllocSpace objects, 1(20KB) LOS objects, 29% free, 37MB/53MB, paused 1.606ms total 49.950ms
08-06 15:48:50.101 16505 16523 I art     : Starting a blocking GC Explicit
08-06 15:48:50.149 16505 16523 I art     : Explicit concurrent mark sweep GC freed 28(1040B) AllocSpace objects, 0(0B) LOS objects, 29% free, 37MB/53MB, paused 1.480ms total 47.520ms
08-06 15:48:50.162 16505 16523 I art     : Starting a blocking GC Explicit
08-06 15:48:50.209 16505 16523 I art     : Explicit concurrent mark sweep GC freed 3(96B) AllocSpace objects, 0(0B) LOS objects, 29% free, 37MB/53MB, paused 1.517ms total 46.829ms
08-06 15:48:50.222 16505 16523 I art     : Starting a blocking GC Explicit
08-06 15:48:50.271 16505 16523 I art     : Explicit concurrent mark sweep GC freed 3(96B) AllocSpace objects, 0(0B) LOS objects, 29% free, 37MB/53MB, paused 1.451ms total 48.766ms
08-06 15:48:50.285 16505 16523 I art     : Starting a blocking GC Explicit
08-06 15:48:50.332 16505 16523 I art     : Explicit concurrent mark sweep GC freed 3(96B) AllocSpace objects, 0(0B) LOS objects, 29% free, 37MB/53MB, paused 1.393ms total 47.128ms
08-06 15:48:50.398 16505 17418 E baseline.com.newsblur.network.APIResponse: Error (unexpected end of stream on https://www.newsblur.com/...) calling https://www.newsblur.com/reader/mark_story_hashes_as_read/
08-06 15:48:50.398 16505 17418 E baseline.com.newsblur.network.APIResponse: java.io.IOException: unexpected end of stream on https://www.newsblur.com/...
08-06 15:48:50.398 16505 17418 E baseline.com.newsblur.network.APIResponse: 	at okhttp3.internal.http1.Http1ExchangeCodec.readResponseHeaders(Http1ExchangeCodec.java:236)
08-06 15:48:50.398 16505 17418 E baseline.com.newsblur.network.APIResponse: 	at okhttp3.internal.connection.Exchange.readResponseHeaders(Exchange.java:115)
08-06 15:48:50.398 16505 17418 E baseline.com.newsblur.network.APIResponse: 	at okhttp3.internal.http.CallServerInterceptor.intercept(CallServerInterceptor.java:94)
08-06 15:48:50.398 16505 17418 E baseline.com.newsblur.network.APIResponse: 	at okhttp3.internal.http.RealInterceptorChain.proceed(RealInterceptorChain.java:142)
08-06 15:48:50.398 16505 17418 E baseline.com.newsblur.network.APIResponse: 	at okhttp3.internal.connection.ConnectInterceptor.intercept(ConnectInterceptor.java:43)
08-06 15:48:50.398 16505 17418 E baseline.com.newsblur.network.APIResponse: 	at okhttp3.internal.http.RealInterceptorChain.proceed(RealInterceptorChain.java:142)
08-06 15:48:50.398 16505 17418 E baseline.com.newsblur.network.APIResponse: 	at okhttp3.internal.http.RealInterceptorChain.proceed(RealInterceptorChain.java:117)
08-06 15:48:50.398 16505 17418 E baseline.com.newsblur.network.APIResponse: 	at okhttp3.internal.cache.CacheInterceptor.intercept(CacheInterceptor.java:94)
08-06 15:48:50.398 16505 17418 E baseline.com.newsblur.network.APIResponse: 	at okhttp3.internal.http.RealInterceptorChain.proceed(RealInterceptorChain.java:142)
08-06 15:48:50.398 16505 17418 E baseline.com.newsblur.network.APIResponse: 	at okhttp3.internal.http.RealInterceptorChain.proceed(RealInterceptorChain.java:117)
08-06 15:48:50.398 16505 17418 E baseline.com.newsblur.network.APIResponse: 	at okhttp3.internal.http.BridgeInterceptor.intercept(BridgeInterceptor.java:93)
08-06 15:48:50.398 16505 17418 E baseline.com.newsblur.network.APIResponse: 	at okhttp3.internal.http.RealInterceptorChain.proceed(RealInterceptorChain.java:142)
08-06 15:48:50.398 16505 17418 E baseline.com.newsblur.network.APIResponse: 	at okhttp3.internal.http.RetryAndFollowUpInterceptor.intercept(RetryAndFollowUpInterceptor.java:88)
08-06 15:48:50.398 16505 17418 E baseline.com.newsblur.network.APIResponse: 	at okhttp3.internal.http.RealInterceptorChain.proceed(RealInterceptorChain.java:142)
08-06 15:48:50.398 16505 17418 E baseline.com.newsblur.network.APIResponse: 	at okhttp3.internal.http.RealInterceptorChain.proceed(RealInterceptorChain.java:117)
08-06 15:48:50.398 16505 17418 E baseline.com.newsblur.network.APIResponse: 	at okhttp3.RealCall.getResponseWithInterceptorChain(RealCall.java:229)
08-06 15:48:50.398 16505 17418 E baseline.com.newsblur.network.APIResponse: 	at okhttp3.RealCall.execute(RealCall.java:81)
08-06 15:48:50.398 16505 17418 E baseline.com.newsblur.network.APIResponse: 	at baseline.com.newsblur.network.APIResponse.<init>(APIResponse.java:57)
08-06 15:48:50.398 16505 17418 E baseline.com.newsblur.network.APIResponse: 	at baseline.com.newsblur.network.APIResponse.<init>(APIResponse.java:43)
08-06 15:48:50.398 16505 17418 E baseline.com.newsblur.network.APIResponse: 	at baseline.com.newsblur.network.APIManager.post_single(APIManager.java:702)
08-06 15:48:50.398 16505 17418 E baseline.com.newsblur.network.APIResponse: 	at baseline.com.newsblur.network.APIManager.post(APIManager.java:675)
08-06 15:48:50.398 16505 17418 E baseline.com.newsblur.network.APIResponse: 	at baseline.com.newsblur.network.APIManager.post(APIManager.java:714)
08-06 15:48:50.398 16505 17418 E baseline.com.newsblur.network.APIResponse: 	at baseline.com.newsblur.network.APIManager.markStoryAsRead(APIManager.java:205)
08-06 15:48:50.398 16505 17418 E baseline.com.newsblur.network.APIResponse: 	at baseline.com.newsblur.util.ReadingAction.doRemote(ReadingAction.java:281)
08-06 15:48:50.398 16505 17418 E baseline.com.newsblur.network.APIResponse: 	at baseline.com.newsblur.service.NBSyncService.syncActions(NBSyncService.java:400)
08-06 15:48:50.398 16505 17418 E baseline.com.newsblur.network.APIResponse: 	at baseline.com.newsblur.service.NBSyncService.doSync(NBSyncService.java:298)
08-06 15:48:50.398 16505 17418 E baseline.com.newsblur.network.APIResponse: 	at baseline.com.newsblur.service.NBSyncService.access$100(NBSyncService.java:67)
08-06 15:48:50.398 16505 17418 E baseline.com.newsblur.network.APIResponse: 	at baseline.com.newsblur.service.NBSyncService$1.run(NBSyncService.java:188)
08-06 15:48:50.398 16505 17418 E baseline.com.newsblur.network.APIResponse: 	at java.util.concurrent.ThreadPoolExecutor.runWorker(ThreadPoolExecutor.java:1113)
08-06 15:48:50.398 16505 17418 E baseline.com.newsblur.network.APIResponse: 	at java.util.concurrent.ThreadPoolExecutor$Worker.run(ThreadPoolExecutor.java:588)
08-06 15:48:50.398 16505 17418 E baseline.com.newsblur.network.APIResponse: 	at java.lang.Thread.run(Thread.java:818)
08-06 15:48:50.398 16505 17418 E baseline.com.newsblur.network.APIResponse: Caused by: java.io.EOFException: \n not found: limit=0 content=
08-06 15:48:50.398 16505 17418 E baseline.com.newsblur.network.APIResponse: 	at okio.RealBufferedSource.readUtf8LineStrict(RealBufferedSource.java:240)
08-06 15:48:50.398 16505 17418 E baseline.com.newsblur.network.APIResponse: 	at okhttp3.internal.http1.Http1ExchangeCodec.readHeaderLine(Http1ExchangeCodec.java:242)
08-06 15:48:50.398 16505 17418 E baseline.com.newsblur.network.APIResponse: 	at okhttp3.internal.http1.Http1ExchangeCodec.readResponseHeaders(Http1ExchangeCodec.java:213)
08-06 15:48:50.398 16505 17418 E baseline.com.newsblur.network.APIResponse: 	... 30 more
08-06 15:48:50.400 16505 17418 I baseline.com.newsblur.service.NBSyncService: Holding reading action with server-side or network error.
08-06 15:48:50.412 16505 17418 W baseline.com.newsblur.service.NBSyncService: hard API failure
08-06 15:48:50.423 16505 17418 I baseline.com.newsblur.service.NBSyncService: recounting dirty feed sets: 1
08-06 15:48:50.675 16505 16766 I art     : Starting a blocking GC Explicit
08-06 15:48:50.729 16505 16766 I art     : Explicit concurrent mark sweep GC freed 4768(429KB) AllocSpace objects, 5(100KB) LOS objects, 29% free, 37MB/53MB, paused 1.352ms total 52.848ms
08-06 15:48:50.744 16505 16766 I art     : Starting a blocking GC Explicit
08-06 15:48:50.791 16505 16766 I art     : Explicit concurrent mark sweep GC freed 282(10KB) AllocSpace objects, 0(0B) LOS objects, 29% free, 37MB/53MB, paused 1.370ms total 46.734ms
08-06 15:48:50.804 16505 16766 I art     : Starting a blocking GC Explicit
08-06 15:48:50.852 16505 16766 I art     : Explicit concurrent mark sweep GC freed 317(14KB) AllocSpace objects, 0(0B) LOS objects, 29% free, 37MB/53MB, paused 1.593ms total 47.546ms
08-06 15:48:50.865 16505 16766 I art     : Starting a blocking GC Explicit
08-06 15:48:50.912 16505 16766 I art     : Explicit concurrent mark sweep GC freed 1438(54KB) AllocSpace objects, 0(0B) LOS objects, 29% free, 37MB/53MB, paused 1.296ms total 46.776ms
08-06 15:48:50.913 16505 17418 E baseline.com.newsblur.network.APIResponse: Error (unexpected end of stream on https://www.newsblur.com/...) calling https://www.newsblur.com/reader/feed_unread_count?feed_id=0
08-06 15:48:50.913 16505 17418 E baseline.com.newsblur.network.APIResponse: java.io.IOException: unexpected end of stream on https://www.newsblur.com/...
08-06 15:48:50.913 16505 17418 E baseline.com.newsblur.network.APIResponse: 	at okhttp3.internal.http1.Http1ExchangeCodec.readResponseHeaders(Http1ExchangeCodec.java:236)
08-06 15:48:50.913 16505 17418 E baseline.com.newsblur.network.APIResponse: 	at okhttp3.internal.connection.Exchange.readResponseHeaders(Exchange.java:115)
08-06 15:48:50.913 16505 17418 E baseline.com.newsblur.network.APIResponse: 	at okhttp3.internal.http.CallServerInterceptor.intercept(CallServerInterceptor.java:94)
08-06 15:48:50.913 16505 17418 E baseline.com.newsblur.network.APIResponse: 	at okhttp3.internal.http.RealInterceptorChain.proceed(RealInterceptorChain.java:142)
08-06 15:48:50.913 16505 17418 E baseline.com.newsblur.network.APIResponse: 	at okhttp3.internal.connection.ConnectInterceptor.intercept(ConnectInterceptor.java:43)
08-06 15:48:50.913 16505 17418 E baseline.com.newsblur.network.APIResponse: 	at okhttp3.internal.http.RealInterceptorChain.proceed(RealInterceptorChain.java:142)
08-06 15:48:50.913 16505 17418 E baseline.com.newsblur.network.APIResponse: 	at okhttp3.internal.http.RealInterceptorChain.proceed(RealInterceptorChain.java:117)
08-06 15:48:50.913 16505 17418 E baseline.com.newsblur.network.APIResponse: 	at okhttp3.internal.cache.CacheInterceptor.intercept(CacheInterceptor.java:94)
08-06 15:48:50.913 16505 17418 E baseline.com.newsblur.network.APIResponse: 	at okhttp3.internal.http.RealInterceptorChain.proceed(RealInterceptorChain.java:142)
08-06 15:48:50.913 16505 17418 E baseline.com.newsblur.network.APIResponse: 	at okhttp3.internal.http.RealInterceptorChain.proceed(RealInterceptorChain.java:117)
08-06 15:48:50.913 16505 17418 E baseline.com.newsblur.network.APIResponse: 	at okhttp3.internal.http.BridgeInterceptor.intercept(BridgeInterceptor.java:93)
08-06 15:48:50.913 16505 17418 E baseline.com.newsblur.network.APIResponse: 	at okhttp3.internal.http.RealInterceptorChain.proceed(RealInterceptorChain.java:142)
08-06 15:48:50.913 16505 17418 E baseline.com.newsblur.network.APIResponse: 	at okhttp3.internal.http.RetryAndFollowUpInterceptor.intercept(RetryAndFollowUpInterceptor.java:88)
08-06 15:48:50.913 16505 17418 E baseline.com.newsblur.network.APIResponse: 	at okhttp3.internal.http.RealInterceptorChain.proceed(RealInterceptorChain.java:142)
08-06 15:48:50.913 16505 17418 E baseline.com.newsblur.network.APIResponse: 	at okhttp3.internal.http.RealInterceptorChain.proceed(RealInterceptorChain.java:117)
08-06 15:48:50.913 16505 17418 E baseline.com.newsblur.network.APIResponse: 	at okhttp3.RealCall.getResponseWithInterceptorChain(RealCall.java:229)
08-06 15:48:50.913 16505 17418 E baseline.com.newsblur.network.APIResponse: 	at okhttp3.RealCall.execute(RealCall.java:81)
08-06 15:48:50.913 16505 17418 E baseline.com.newsblur.network.APIResponse: 	at baseline.com.newsblur.network.APIResponse.<init>(APIResponse.java:57)
08-06 15:48:50.913 16505 17418 E baseline.com.newsblur.network.APIResponse: 	at baseline.com.newsblur.network.APIManager.get_single(APIManager.java:639)
08-06 15:48:50.913 16505 17418 E baseline.com.newsblur.network.APIResponse: 	at baseline.com.newsblur.network.APIManager.get(APIManager.java:625)
08-06 15:48:50.913 16505 17418 E baseline.com.newsblur.network.APIResponse: 	at baseline.com.newsblur.network.APIManager.get(APIManager.java:667)
08-06 15:48:50.913 16505 17418 E baseline.com.newsblur.network.APIResponse: 	at baseline.com.newsblur.network.APIManager.getFeedUnreadCounts(APIManager.java:274)
08-06 15:48:50.913 16505 17418 E baseline.com.newsblur.network.APIResponse: 	at baseline.com.newsblur.service.NBSyncService.checkRecounts(NBSyncService.java:660)
08-06 15:48:50.913 16505 17418 E baseline.com.newsblur.network.APIResponse: 	at baseline.com.newsblur.service.NBSyncService.doSync(NBSyncService.java:310)
08-06 15:48:50.913 16505 17418 E baseline.com.newsblur.network.APIResponse: 	at baseline.com.newsblur.service.NBSyncService.access$100(NBSyncService.java:67)
08-06 15:48:50.913 16505 17418 E baseline.com.newsblur.network.APIResponse: 	at baseline.com.newsblur.service.NBSyncService$1.run(NBSyncService.java:188)
08-06 15:48:50.913 16505 17418 E baseline.com.newsblur.network.APIResponse: 	at java.util.concurrent.ThreadPoolExecutor.runWorker(ThreadPoolExecutor.java:1113)
08-06 15:48:50.913 16505 17418 E baseline.com.newsblur.network.APIResponse: 	at java.util.concurrent.ThreadPoolExecutor$Worker.run(ThreadPoolExecutor.java:588)
08-06 15:48:50.913 16505 17418 E baseline.com.newsblur.network.APIResponse: 	at java.lang.Thread.run(Thread.java:818)
08-06 15:48:50.913 16505 17418 E baseline.com.newsblur.network.APIResponse: Caused by: java.io.EOFException: \n not found: limit=0 content=
08-06 15:48:50.913 16505 17418 E baseline.com.newsblur.network.APIResponse: 	at okio.RealBufferedSource.readUtf8LineStrict(RealBufferedSource.java:240)
08-06 15:48:50.913 16505 17418 E baseline.com.newsblur.network.APIResponse: 	at okhttp3.internal.http1.Http1ExchangeCodec.readHeaderLine(Http1ExchangeCodec.java:242)
08-06 15:48:50.913 16505 17418 E baseline.com.newsblur.network.APIResponse: 	at okhttp3.internal.http1.Http1ExchangeCodec.readResponseHeaders(Http1ExchangeCodec.java:213)
08-06 15:48:50.913 16505 17418 E baseline.com.newsblur.network.APIResponse: 	... 28 more
08-06 15:48:50.914 16505 17418 I baseline.com.newsblur.network.APIManager: API call failed, pausing before retry number 1
08-06 15:48:50.924 16505 16766 I art     : Starting a blocking GC Explicit
08-06 15:48:50.973 16505 16766 I art     : Explicit concurrent mark sweep GC freed 785(205KB) AllocSpace objects, 2(40KB) LOS objects, 29% free, 37MB/53MB, paused 1.381ms total 48.504ms
08-06 15:48:51.357 16505 16516 I art     : Starting a blocking GC Explicit
08-06 15:48:51.408 16505 16516 I art     : Explicit concurrent mark sweep GC freed 1483(84KB) AllocSpace objects, 1(20KB) LOS objects, 29% free, 37MB/53MB, paused 1.267ms total 50.007ms
08-06 15:48:51.423 16505 16516 I art     : Starting a blocking GC Explicit
08-06 15:48:51.470 16505 16516 I art     : Explicit concurrent mark sweep GC freed 22(784B) AllocSpace objects, 0(0B) LOS objects, 29% free, 37MB/53MB, paused 1.433ms total 46.589ms
08-06 15:48:51.483 16505 16516 I art     : Starting a blocking GC Explicit
08-06 15:48:51.531 16505 16516 I art     : Explicit concurrent mark sweep GC freed 3(96B) AllocSpace objects, 0(0B) LOS objects, 29% free, 37MB/53MB, paused 1.232ms total 47.516ms
08-06 15:48:51.544 16505 16516 I art     : Starting a blocking GC Explicit
08-06 15:48:51.592 16505 16516 I art     : Explicit concurrent mark sweep GC freed 3(96B) AllocSpace objects, 0(0B) LOS objects, 29% free, 37MB/53MB, paused 1.368ms total 48.427ms
08-06 15:48:51.606 16505 16516 I art     : Starting a blocking GC Explicit
08-06 15:48:51.655 16505 16516 I art     : Explicit concurrent mark sweep GC freed 3(96B) AllocSpace objects, 0(0B) LOS objects, 29% free, 37MB/53MB, paused 1.409ms total 48.786ms
08-06 15:48:52.040 16505 16517 I art     : Starting a blocking GC Explicit
08-06 15:48:52.091 16505 16517 I art     : Explicit concurrent mark sweep GC freed 1437(82KB) AllocSpace objects, 1(20KB) LOS objects, 29% free, 37MB/53MB, paused 1.472ms total 50.139ms
08-06 15:48:52.104 16505 16517 I art     : Starting a blocking GC Explicit
08-06 15:48:52.153 16505 16517 I art     : Explicit concurrent mark sweep GC freed 22(784B) AllocSpace objects, 0(0B) LOS objects, 29% free, 37MB/53MB, paused 1.414ms total 48.621ms
08-06 15:48:52.166 16505 16517 I art     : Starting a blocking GC Explicit
08-06 15:48:52.215 16505 16517 I art     : Explicit concurrent mark sweep GC freed 3(96B) AllocSpace objects, 0(0B) LOS objects, 29% free, 37MB/53MB, paused 1.379ms total 48.278ms
08-06 15:48:52.228 16505 16517 I art     : Starting a blocking GC Explicit
08-06 15:48:52.279 16505 16517 I art     : Explicit concurrent mark sweep GC freed 3(96B) AllocSpace objects, 0(0B) LOS objects, 29% free, 37MB/53MB, paused 1.536ms total 49.939ms
08-06 15:48:52.292 16505 16517 I art     : Starting a blocking GC Explicit
08-06 15:48:52.341 16505 16517 I art     : Explicit concurrent mark sweep GC freed 3(96B) AllocSpace objects, 0(0B) LOS objects, 29% free, 37MB/53MB, paused 1.360ms total 49.001ms
08-06 15:48:52.730 16505 16523 I art     : Starting a blocking GC Explicit
08-06 15:48:52.781 16505 16523 I art     : Explicit concurrent mark sweep GC freed 1605(91KB) AllocSpace objects, 1(20KB) LOS objects, 29% free, 37MB/53MB, paused 1.458ms total 51.223ms
08-06 15:48:52.798 16505 16523 I art     : Starting a blocking GC Explicit
08-06 15:48:52.846 16505 16523 I art     : Explicit concurrent mark sweep GC freed 28(1040B) AllocSpace objects, 0(0B) LOS objects, 29% free, 37MB/53MB, paused 1.384ms total 47.845ms
08-06 15:48:52.859 16505 16523 I art     : Starting a blocking GC Explicit
08-06 15:48:52.907 16505 16523 I art     : Explicit concurrent mark sweep GC freed 598(24KB) AllocSpace objects, 0(0B) LOS objects, 29% free, 37MB/53MB, paused 1.637ms total 47.833ms
08-06 15:48:52.920 16505 16523 I art     : Starting a blocking GC Explicit
08-06 15:48:52.953 16505 17418 E baseline.com.newsblur.network.APIResponse: Error (unexpected end of stream on https://www.newsblur.com/...) calling https://www.newsblur.com/reader/feed_unread_count?feed_id=0
08-06 15:48:52.953 16505 17418 E baseline.com.newsblur.network.APIResponse: java.io.IOException: unexpected end of stream on https://www.newsblur.com/...
08-06 15:48:52.953 16505 17418 E baseline.com.newsblur.network.APIResponse: 	at okhttp3.internal.http1.Http1ExchangeCodec.readResponseHeaders(Http1ExchangeCodec.java:236)
08-06 15:48:52.953 16505 17418 E baseline.com.newsblur.network.APIResponse: 	at okhttp3.internal.connection.Exchange.readResponseHeaders(Exchange.java:115)
08-06 15:48:52.953 16505 17418 E baseline.com.newsblur.network.APIResponse: 	at okhttp3.internal.http.CallServerInterceptor.intercept(CallServerInterceptor.java:94)
08-06 15:48:52.953 16505 17418 E baseline.com.newsblur.network.APIResponse: 	at okhttp3.internal.http.RealInterceptorChain.proceed(RealInterceptorChain.java:142)
08-06 15:48:52.953 16505 17418 E baseline.com.newsblur.network.APIResponse: 	at okhttp3.internal.connection.ConnectInterceptor.intercept(ConnectInterceptor.java:43)
08-06 15:48:52.953 16505 17418 E baseline.com.newsblur.network.APIResponse: 	at okhttp3.internal.http.RealInterceptorChain.proceed(RealInterceptorChain.java:142)
08-06 15:48:52.953 16505 17418 E baseline.com.newsblur.network.APIResponse: 	at okhttp3.internal.http.RealInterceptorChain.proceed(RealInterceptorChain.java:117)
08-06 15:48:52.953 16505 17418 E baseline.com.newsblur.network.APIResponse: 	at okhttp3.internal.cache.CacheInterceptor.intercept(CacheInterceptor.java:94)
08-06 15:48:52.953 16505 17418 E baseline.com.newsblur.network.APIResponse: 	at okhttp3.internal.http.RealInterceptorChain.proceed(RealInterceptorChain.java:142)
08-06 15:48:52.953 16505 17418 E baseline.com.newsblur.network.APIResponse: 	at okhttp3.internal.http.RealInterceptorChain.proceed(RealInterceptorChain.java:117)
08-06 15:48:52.953 16505 17418 E baseline.com.newsblur.network.APIResponse: 	at okhttp3.internal.http.BridgeInterceptor.intercept(BridgeInterceptor.java:93)
08-06 15:48:52.953 16505 17418 E baseline.com.newsblur.network.APIResponse: 	at okhttp3.internal.http.RealInterceptorChain.proceed(RealInterceptorChain.java:142)
08-06 15:48:52.953 16505 17418 E baseline.com.newsblur.network.APIResponse: 	at okhttp3.internal.http.RetryAndFollowUpInterceptor.intercept(RetryAndFollowUpInterceptor.java:88)
08-06 15:48:52.953 16505 17418 E baseline.com.newsblur.network.APIResponse: 	at okhttp3.internal.http.RealInterceptorChain.proceed(RealInterceptorChain.java:142)
08-06 15:48:52.953 16505 17418 E baseline.com.newsblur.network.APIResponse: 	at okhttp3.internal.http.RealInterceptorChain.proceed(RealInterceptorChain.java:117)
08-06 15:48:52.953 16505 17418 E baseline.com.newsblur.network.APIResponse: 	at okhttp3.RealCall.getResponseWithInterceptorChain(RealCall.java:229)
08-06 15:48:52.953 16505 17418 E baseline.com.newsblur.network.APIResponse: 	at okhttp3.RealCall.execute(RealCall.java:81)
08-06 15:48:52.953 16505 17418 E baseline.com.newsblur.network.APIResponse: 	at baseline.com.newsblur.network.APIResponse.<init>(APIResponse.java:57)
08-06 15:48:52.953 16505 17418 E baseline.com.newsblur.network.APIResponse: 	at baseline.com.newsblur.network.APIManager.get_single(APIManager.java:639)
08-06 15:48:52.953 16505 17418 E baseline.com.newsblur.network.APIResponse: 	at baseline.com.newsblur.network.APIManager.get(APIManager.java:625)
08-06 15:48:52.953 16505 17418 E baseline.com.newsblur.network.APIResponse: 	at baseline.com.newsblur.network.APIManager.get(APIManager.java:667)
08-06 15:48:52.953 16505 17418 E baseline.com.newsblur.network.APIResponse: 	at baseline.com.newsblur.network.APIManager.getFeedUnreadCounts(APIManager.java:274)
08-06 15:48:52.953 16505 17418 E baseline.com.newsblur.network.APIResponse: 	at baseline.com.newsblur.service.NBSyncService.checkRecounts(NBSyncService.java:660)
08-06 15:48:52.953 16505 17418 E baseline.com.newsblur.network.APIResponse: 	at baseline.com.newsblur.service.NBSyncService.doSync(NBSyncService.java:310)
08-06 15:48:52.953 16505 17418 E baseline.com.newsblur.network.APIResponse: 	at baseline.com.newsblur.service.NBSyncService.access$100(NBSyncService.java:67)
08-06 15:48:52.953 16505 17418 E baseline.com.newsblur.network.APIResponse: 	at baseline.com.newsblur.service.NBSyncService$1.run(NBSyncService.java:188)
08-06 15:48:52.953 16505 17418 E baseline.com.newsblur.network.APIResponse: 	at java.util.concurrent.ThreadPoolExecutor.runWorker(ThreadPoolExecutor.java:1113)
08-06 15:48:52.953 16505 17418 E baseline.com.newsblur.network.APIResponse: 	at java.util.concurrent.ThreadPoolExecutor$Worker.run(ThreadPoolExecutor.java:588)
08-06 15:48:52.953 16505 17418 E baseline.com.newsblur.network.APIResponse: 	at java.lang.Thread.run(Thread.java:818)
08-06 15:48:52.953 16505 17418 E baseline.com.newsblur.network.APIResponse: Caused by: java.io.EOFException: \n not found: limit=0 content=
08-06 15:48:52.953 16505 17418 E baseline.com.newsblur.network.APIResponse: 	at okio.RealBufferedSource.readUtf8LineStrict(RealBufferedSource.java:240)
08-06 15:48:52.953 16505 17418 E baseline.com.newsblur.network.APIResponse: 	at okhttp3.internal.http1.Http1ExchangeCodec.readHeaderLine(Http1ExchangeCodec.java:242)
08-06 15:48:52.953 16505 17418 E baseline.com.newsblur.network.APIResponse: 	at okhttp3.internal.http1.Http1ExchangeCodec.readResponseHeaders(Http1ExchangeCodec.java:213)
08-06 15:48:52.953 16505 17418 E baseline.com.newsblur.network.APIResponse: 	... 28 more
08-06 15:48:52.955 16505 17418 I baseline.com.newsblur.network.APIManager: API call failed, pausing before retry number 2
08-06 15:48:52.967 16505 16523 I art     : Explicit concurrent mark sweep GC freed 1835(234KB) AllocSpace objects, 2(40KB) LOS objects, 29% free, 37MB/53MB, paused 1.385ms total 47.013ms
08-06 15:48:52.981 16505 16523 I art     : Starting a blocking GC Explicit
08-06 15:48:53.030 16505 16523 I art     : Explicit concurrent mark sweep GC freed 130(16KB) AllocSpace objects, 0(0B) LOS objects, 29% free, 37MB/53MB, paused 1.389ms total 48.730ms
08-06 15:48:53.395 16505 16766 I art     : Starting a blocking GC Explicit
08-06 15:48:53.445 16505 16766 I art     : Explicit concurrent mark sweep GC freed 1483(84KB) AllocSpace objects, 1(20KB) LOS objects, 29% free, 37MB/53MB, paused 1.287ms total 49.610ms
08-06 15:48:53.461 16505 16766 I art     : Starting a blocking GC Explicit
08-06 15:48:53.509 16505 16766 I art     : Explicit concurrent mark sweep GC freed 22(784B) AllocSpace objects, 0(0B) LOS objects, 29% free, 37MB/53MB, paused 1.353ms total 47.695ms
08-06 15:48:53.522 16505 16766 I art     : Starting a blocking GC Explicit
08-06 15:48:53.568 16505 16766 I art     : Explicit concurrent mark sweep GC freed 472(25KB) AllocSpace objects, 0(0B) LOS objects, 29% free, 37MB/53MB, paused 1.553ms total 45.386ms
08-06 15:48:53.581 16505 16766 I art     : Starting a blocking GC Explicit
08-06 15:48:53.629 16505 16766 I art     : Explicit concurrent mark sweep GC freed 471(21KB) AllocSpace objects, 0(0B) LOS objects, 29% free, 37MB/53MB, paused 1.505ms total 48.305ms
08-06 15:48:53.642 16505 16766 I art     : Starting a blocking GC Explicit
08-06 15:48:53.688 16505 16766 I art     : Explicit concurrent mark sweep GC freed 476(32KB) AllocSpace objects, 0(0B) LOS objects, 29% free, 37MB/53MB, paused 1.448ms total 45.264ms
08-06 15:48:54.070 16505 16516 I art     : Starting a blocking GC Explicit
08-06 15:48:54.121 16505 16516 I art     : Explicit concurrent mark sweep GC freed 2293(135KB) AllocSpace objects, 1(20KB) LOS objects, 29% free, 37MB/53MB, paused 1.367ms total 50.304ms
08-06 15:48:54.136 16505 16516 I art     : Starting a blocking GC Explicit
08-06 15:48:54.183 16505 16516 I art     : Explicit concurrent mark sweep GC freed 402(29KB) AllocSpace objects, 0(0B) LOS objects, 29% free, 37MB/53MB, paused 1.248ms total 46.980ms
08-06 15:48:54.196 16505 16516 I art     : Starting a blocking GC Explicit
08-06 15:48:54.245 16505 16516 I art     : Explicit concurrent mark sweep GC freed 3(96B) AllocSpace objects, 0(0B) LOS objects, 29% free, 37MB/53MB, paused 1.339ms total 48.037ms
08-06 15:48:54.258 16505 16516 I art     : Starting a blocking GC Explicit
08-06 15:48:54.306 16505 16516 I art     : Explicit concurrent mark sweep GC freed 3(96B) AllocSpace objects, 0(0B) LOS objects, 29% free, 37MB/53MB, paused 1.243ms total 48.547ms
08-06 15:48:54.320 16505 16516 I art     : Starting a blocking GC Explicit
08-06 15:48:54.369 16505 16516 I art     : Explicit concurrent mark sweep GC freed 3(96B) AllocSpace objects, 0(0B) LOS objects, 29% free, 37MB/53MB, paused 1.368ms total 48.785ms
08-06 15:48:54.737 16505 16517 I art     : Starting a blocking GC Explicit
08-06 15:48:54.787 16505 16517 I art     : Explicit concurrent mark sweep GC freed 1437(82KB) AllocSpace objects, 1(20KB) LOS objects, 29% free, 37MB/53MB, paused 1.362ms total 49.972ms
08-06 15:48:54.803 16505 16517 I art     : Starting a blocking GC Explicit
08-06 15:48:54.849 16505 16517 I art     : Explicit concurrent mark sweep GC freed 22(784B) AllocSpace objects, 0(0B) LOS objects, 29% free, 37MB/53MB, paused 1.221ms total 45.717ms
08-06 15:48:54.862 16505 16517 I art     : Starting a blocking GC Explicit
08-06 15:48:54.910 16505 16517 I art     : Explicit concurrent mark sweep GC freed 3(96B) AllocSpace objects, 0(0B) LOS objects, 29% free, 37MB/53MB, paused 1.343ms total 47.678ms
08-06 15:48:54.923 16505 16517 I art     : Starting a blocking GC Explicit
08-06 15:48:54.967 16505 16517 I art     : Explicit concurrent mark sweep GC freed 3(96B) AllocSpace objects, 0(0B) LOS objects, 29% free, 37MB/53MB, paused 1.337ms total 44.150ms
08-06 15:48:54.980 16505 16517 I art     : Starting a blocking GC Explicit
08-06 15:48:55.029 16505 16517 I art     : Explicit concurrent mark sweep GC freed 3(96B) AllocSpace objects, 0(0B) LOS objects, 29% free, 37MB/53MB, paused 1.390ms total 48.439ms
08-06 15:48:55.410 16505 16523 I art     : Starting a blocking GC Explicit
08-06 15:48:55.460 16505 16523 I art     : Explicit concurrent mark sweep GC freed 1437(82KB) AllocSpace objects, 1(20KB) LOS objects, 29% free, 37MB/53MB, paused 1.277ms total 48.894ms
08-06 15:48:55.473 16505 16523 I art     : Starting a blocking GC Explicit
08-06 15:48:55.523 16505 16523 I art     : Explicit concurrent mark sweep GC freed 22(784B) AllocSpace objects, 0(0B) LOS objects, 29% free, 37MB/53MB, paused 1.406ms total 49.879ms
08-06 15:48:55.537 16505 16523 I art     : Starting a blocking GC Explicit
08-06 15:48:55.584 16505 16523 I art     : Explicit concurrent mark sweep GC freed 3(96B) AllocSpace objects, 0(0B) LOS objects, 29% free, 37MB/53MB, paused 1.280ms total 46.490ms
08-06 15:48:55.597 16505 16523 I art     : Starting a blocking GC Explicit
08-06 15:48:55.647 16505 16523 I art     : Explicit concurrent mark sweep GC freed 3(96B) AllocSpace objects, 0(0B) LOS objects, 29% free, 37MB/53MB, paused 1.344ms total 49.644ms
08-06 15:48:55.660 16505 16523 I art     : Starting a blocking GC Explicit
08-06 15:48:55.709 16505 16523 I art     : Explicit concurrent mark sweep GC freed 3(96B) AllocSpace objects, 0(0B) LOS objects, 29% free, 37MB/53MB, paused 1.395ms total 48.219ms
08-06 15:48:56.106 16505 16766 I art     : Starting a blocking GC Explicit
08-06 15:48:56.158 16505 16766 I art     : Explicit concurrent mark sweep GC freed 1604(91KB) AllocSpace objects, 1(20KB) LOS objects, 29% free, 37MB/53MB, paused 1.338ms total 51.115ms
08-06 15:48:56.174 16505 16766 I art     : Starting a blocking GC Explicit
08-06 15:48:56.220 16505 16766 I art     : Explicit concurrent mark sweep GC freed 28(1040B) AllocSpace objects, 0(0B) LOS objects, 29% free, 37MB/53MB, paused 1.371ms total 45.891ms
08-06 15:48:56.233 16505 16766 I art     : Starting a blocking GC Explicit
08-06 15:48:56.280 16505 16766 I art     : Explicit concurrent mark sweep GC freed 3(96B) AllocSpace objects, 0(0B) LOS objects, 29% free, 37MB/53MB, paused 1.417ms total 47.185ms
08-06 15:48:56.293 16505 16766 I art     : Starting a blocking GC Explicit
08-06 15:48:56.341 16505 16766 I art     : Explicit concurrent mark sweep GC freed 3(96B) AllocSpace objects, 0(0B) LOS objects, 29% free, 37MB/53MB, paused 1.316ms total 47.389ms
08-06 15:48:56.354 16505 16766 I art     : Starting a blocking GC Explicit
08-06 15:48:56.402 16505 16766 I art     : Explicit concurrent mark sweep GC freed 3(96B) AllocSpace objects, 0(0B) LOS objects, 29% free, 37MB/53MB, paused 1.397ms total 47.583ms
08-06 15:48:56.544 16505 17418 E baseline.com.newsblur.network.APIResponse: Error (unexpected end of stream on https://www.newsblur.com/...) calling https://www.newsblur.com/reader/feed_unread_count?feed_id=0
08-06 15:48:56.544 16505 17418 E baseline.com.newsblur.network.APIResponse: java.io.IOException: unexpected end of stream on https://www.newsblur.com/...
08-06 15:48:56.544 16505 17418 E baseline.com.newsblur.network.APIResponse: 	at okhttp3.internal.http1.Http1ExchangeCodec.readResponseHeaders(Http1ExchangeCodec.java:236)
08-06 15:48:56.544 16505 17418 E baseline.com.newsblur.network.APIResponse: 	at okhttp3.internal.connection.Exchange.readResponseHeaders(Exchange.java:115)
08-06 15:48:56.544 16505 17418 E baseline.com.newsblur.network.APIResponse: 	at okhttp3.internal.http.CallServerInterceptor.intercept(CallServerInterceptor.java:94)
08-06 15:48:56.544 16505 17418 E baseline.com.newsblur.network.APIResponse: 	at okhttp3.internal.http.RealInterceptorChain.proceed(RealInterceptorChain.java:142)
08-06 15:48:56.544 16505 17418 E baseline.com.newsblur.network.APIResponse: 	at okhttp3.internal.connection.ConnectInterceptor.intercept(ConnectInterceptor.java:43)
08-06 15:48:56.544 16505 17418 E baseline.com.newsblur.network.APIResponse: 	at okhttp3.internal.http.RealInterceptorChain.proceed(RealInterceptorChain.java:142)
08-06 15:48:56.544 16505 17418 E baseline.com.newsblur.network.APIResponse: 	at okhttp3.internal.http.RealInterceptorChain.proceed(RealInterceptorChain.java:117)
08-06 15:48:56.544 16505 17418 E baseline.com.newsblur.network.APIResponse: 	at okhttp3.internal.cache.CacheInterceptor.intercept(CacheInterceptor.java:94)
08-06 15:48:56.544 16505 17418 E baseline.com.newsblur.network.APIResponse: 	at okhttp3.internal.http.RealInterceptorChain.proceed(RealInterceptorChain.java:142)
08-06 15:48:56.544 16505 17418 E baseline.com.newsblur.network.APIResponse: 	at okhttp3.internal.http.RealInterceptorChain.proceed(RealInterceptorChain.java:117)
08-06 15:48:56.544 16505 17418 E baseline.com.newsblur.network.APIResponse: 	at okhttp3.internal.http.BridgeInterceptor.intercept(BridgeInterceptor.java:93)
08-06 15:48:56.544 16505 17418 E baseline.com.newsblur.network.APIResponse: 	at okhttp3.internal.http.RealInterceptorChain.proceed(RealInterceptorChain.java:142)
08-06 15:48:56.544 16505 17418 E baseline.com.newsblur.network.APIResponse: 	at okhttp3.internal.http.RetryAndFollowUpInterceptor.intercept(RetryAndFollowUpInterceptor.java:88)
08-06 15:48:56.544 16505 17418 E baseline.com.newsblur.network.APIResponse: 	at okhttp3.internal.http.RealInterceptorChain.proceed(RealInterceptorChain.java:142)
08-06 15:48:56.544 16505 17418 E baseline.com.newsblur.network.APIResponse: 	at okhttp3.internal.http.RealInterceptorChain.proceed(RealInterceptorChain.java:117)
08-06 15:48:56.544 16505 17418 E baseline.com.newsblur.network.APIResponse: 	at okhttp3.RealCall.getResponseWithInterceptorChain(RealCall.java:229)
08-06 15:48:56.544 16505 17418 E baseline.com.newsblur.network.APIResponse: 	at okhttp3.RealCall.execute(RealCall.java:81)
08-06 15:48:56.544 16505 17418 E baseline.com.newsblur.network.APIResponse: 	at baseline.com.newsblur.network.APIResponse.<init>(APIResponse.java:57)
08-06 15:48:56.544 16505 17418 E baseline.com.newsblur.network.APIResponse: 	at baseline.com.newsblur.network.APIManager.get_single(APIManager.java:639)
08-06 15:48:56.544 16505 17418 E baseline.com.newsblur.network.APIResponse: 	at baseline.com.newsblur.network.APIManager.get(APIManager.java:625)
08-06 15:48:56.544 16505 17418 E baseline.com.newsblur.network.APIResponse: 	at baseline.com.newsblur.network.APIManager.get(APIManager.java:667)
08-06 15:48:56.544 16505 17418 E baseline.com.newsblur.network.APIResponse: 	at baseline.com.newsblur.network.APIManager.getFeedUnreadCounts(APIManager.java:274)
08-06 15:48:56.544 16505 17418 E baseline.com.newsblur.network.APIResponse: 	at baseline.com.newsblur.service.NBSyncService.checkRecounts(NBSyncService.java:660)
08-06 15:48:56.544 16505 17418 E baseline.com.newsblur.network.APIResponse: 	at baseline.com.newsblur.service.NBSyncService.doSync(NBSyncService.java:310)
08-06 15:48:56.544 16505 17418 E baseline.com.newsblur.network.APIResponse: 	at baseline.com.newsblur.service.NBSyncService.access$100(NBSyncService.java:67)
08-06 15:48:56.544 16505 17418 E baseline.com.newsblur.network.APIResponse: 	at baseline.com.newsblur.service.NBSyncService$1.run(NBSyncService.java:188)
08-06 15:48:56.544 16505 17418 E baseline.com.newsblur.network.APIResponse: 	at java.util.concurrent.ThreadPoolExecutor.runWorker(ThreadPoolExecutor.java:1113)
08-06 15:48:56.544 16505 17418 E baseline.com.newsblur.network.APIResponse: 	at java.util.concurrent.ThreadPoolExecutor$Worker.run(ThreadPoolExecutor.java:588)
08-06 15:48:56.544 16505 17418 E baseline.com.newsblur.network.APIResponse: 	at java.lang.Thread.run(Thread.java:818)
08-06 15:48:56.544 16505 17418 E baseline.com.newsblur.network.APIResponse: Caused by: java.io.EOFException: \n not found: limit=0 content=
08-06 15:48:56.544 16505 17418 E baseline.com.newsblur.network.APIResponse: 	at okio.RealBufferedSource.readUtf8LineStrict(RealBufferedSource.java:240)
08-06 15:48:56.544 16505 17418 E baseline.com.newsblur.network.APIResponse: 	at okhttp3.internal.http1.Http1ExchangeCodec.readHeaderLine(Http1ExchangeCodec.java:242)
08-06 15:48:56.544 16505 17418 E baseline.com.newsblur.network.APIResponse: 	at okhttp3.internal.http1.Http1ExchangeCodec.readResponseHeaders(Http1ExchangeCodec.java:213)
08-06 15:48:56.544 16505 17418 E baseline.com.newsblur.network.APIResponse: 	... 28 more
08-06 15:48:56.546 16505 17418 W baseline.com.newsblur.service.NBSyncService: Bad response to feed_unread_count
08-06 15:48:56.776 16505 16516 I art     : Starting a blocking GC Explicit
08-06 15:48:56.828 16505 16516 I art     : Explicit concurrent mark sweep GC freed 4450(422KB) AllocSpace objects, 6(120KB) LOS objects, 29% free, 37MB/53MB, paused 1.458ms total 51.633ms
08-06 15:48:56.844 16505 16516 I art     : Starting a blocking GC Explicit
08-06 15:48:56.891 16505 16516 I art     : Explicit concurrent mark sweep GC freed 306(11KB) AllocSpace objects, 0(0B) LOS objects, 29% free, 37MB/53MB, paused 1.542ms total 46.461ms
08-06 15:48:56.904 16505 16516 I art     : Starting a blocking GC Explicit
08-06 15:48:56.950 16505 16516 I art     : Explicit concurrent mark sweep GC freed 1574(61KB) AllocSpace objects, 0(0B) LOS objects, 29% free, 37MB/53MB, paused 1.342ms total 46.001ms
08-06 15:48:56.951 16505 17418 E baseline.com.newsblur.network.APIResponse: Error (unexpected end of stream on https://www.newsblur.com/...) calling https://www.newsblur.com/reader/mark_story_hashes_as_read/
08-06 15:48:56.951 16505 17418 E baseline.com.newsblur.network.APIResponse: java.io.IOException: unexpected end of stream on https://www.newsblur.com/...
08-06 15:48:56.951 16505 17418 E baseline.com.newsblur.network.APIResponse: 	at okhttp3.internal.http1.Http1ExchangeCodec.readResponseHeaders(Http1ExchangeCodec.java:236)
08-06 15:48:56.951 16505 17418 E baseline.com.newsblur.network.APIResponse: 	at okhttp3.internal.connection.Exchange.readResponseHeaders(Exchange.java:115)
08-06 15:48:56.951 16505 17418 E baseline.com.newsblur.network.APIResponse: 	at okhttp3.internal.http.CallServerInterceptor.intercept(CallServerInterceptor.java:94)
08-06 15:48:56.951 16505 17418 E baseline.com.newsblur.network.APIResponse: 	at okhttp3.internal.http.RealInterceptorChain.proceed(RealInterceptorChain.java:142)
08-06 15:48:56.951 16505 17418 E baseline.com.newsblur.network.APIResponse: 	at okhttp3.internal.connection.ConnectInterceptor.intercept(ConnectInterceptor.java:43)
08-06 15:48:56.951 16505 17418 E baseline.com.newsblur.network.APIResponse: 	at okhttp3.internal.http.RealInterceptorChain.proceed(RealInterceptorChain.java:142)
08-06 15:48:56.951 16505 17418 E baseline.com.newsblur.network.APIResponse: 	at okhttp3.internal.http.RealInterceptorChain.proceed(RealInterceptorChain.java:117)
08-06 15:48:56.951 16505 17418 E baseline.com.newsblur.network.APIResponse: 	at okhttp3.internal.cache.CacheInterceptor.intercept(CacheInterceptor.java:94)
08-06 15:48:56.951 16505 17418 E baseline.com.newsblur.network.APIResponse: 	at okhttp3.internal.http.RealInterceptorChain.proceed(RealInterceptorChain.java:142)
08-06 15:48:56.951 16505 17418 E baseline.com.newsblur.network.APIResponse: 	at okhttp3.internal.http.RealInterceptorChain.proceed(RealInterceptorChain.java:117)
08-06 15:48:56.951 16505 17418 E baseline.com.newsblur.network.APIResponse: 	at okhttp3.internal.http.BridgeInterceptor.intercept(BridgeInterceptor.java:93)
08-06 15:48:56.951 16505 17418 E baseline.com.newsblur.network.APIResponse: 	at okhttp3.internal.http.RealInterceptorChain.proceed(RealInterceptorChain.java:142)
08-06 15:48:56.951 16505 17418 E baseline.com.newsblur.network.APIResponse: 	at okhttp3.internal.http.RetryAndFollowUpInterceptor.intercept(RetryAndFollowUpInterceptor.java:88)
08-06 15:48:56.951 16505 17418 E baseline.com.newsblur.network.APIResponse: 	at okhttp3.internal.http.RealInterceptorChain.proceed(RealInterceptorChain.java:142)
08-06 15:48:56.951 16505 17418 E baseline.com.newsblur.network.APIResponse: 	at okhttp3.internal.http.RealInterceptorChain.proceed(RealInterceptorChain.java:117)
08-06 15:48:56.951 16505 17418 E baseline.com.newsblur.network.APIResponse: 	at okhttp3.RealCall.getResponseWithInterceptorChain(RealCall.java:229)
08-06 15:48:56.951 16505 17418 E baseline.com.newsblur.network.APIResponse: 	at okhttp3.RealCall.execute(RealCall.java:81)
08-06 15:48:56.951 16505 17418 E baseline.com.newsblur.network.APIResponse: 	at baseline.com.newsblur.network.APIResponse.<init>(APIResponse.java:57)
08-06 15:48:56.951 16505 17418 E baseline.com.newsblur.network.APIResponse: 	at baseline.com.newsblur.network.APIResponse.<init>(APIResponse.java:43)
08-06 15:48:56.951 16505 17418 E baseline.com.newsblur.network.APIResponse: 	at baseline.com.newsblur.network.APIManager.post_single(APIManager.java:702)
08-06 15:48:56.951 16505 17418 E baseline.com.newsblur.network.APIResponse: 	at baseline.com.newsblur.network.APIManager.post(APIManager.java:675)
08-06 15:48:56.951 16505 17418 E baseline.com.newsblur.network.APIResponse: 	at baseline.com.newsblur.network.APIManager.post(APIManager.java:714)
08-06 15:48:56.951 16505 17418 E baseline.com.newsblur.network.APIResponse: 	at baseline.com.newsblur.network.APIManager.markStoryAsRead(APIManager.java:205)
08-06 15:48:56.951 16505 17418 E baseline.com.newsblur.network.APIResponse: 	at baseline.com.newsblur.util.ReadingAction.doRemote(ReadingAction.java:281)
08-06 15:48:56.951 16505 17418 E baseline.com.newsblur.network.APIResponse: 	at baseline.com.newsblur.service.NBSyncService.syncActions(NBSyncService.java:400)
08-06 15:48:56.951 16505 17418 E baseline.com.newsblur.network.APIResponse: 	at baseline.com.newsblur.service.NBSyncService.doSync(NBSyncService.java:298)
08-06 15:48:56.951 16505 17418 E baseline.com.newsblur.network.APIResponse: 	at baseline.com.newsblur.service.NBSyncService.access$100(NBSyncService.java:67)
08-06 15:48:56.951 16505 17418 E baseline.com.newsblur.network.APIResponse: 	at baseline.com.newsblur.service.NBSyncService$1.run(NBSyncService.java:188)
08-06 15:48:56.951 16505 17418 E baseline.com.newsblur.network.APIResponse: 	at java.util.concurrent.ThreadPoolExecutor.runWorker(ThreadPoolExecutor.java:1113)
08-06 15:48:56.951 16505 17418 E baseline.com.newsblur.network.APIResponse: 	at java.util.concurrent.ThreadPoolExecutor$Worker.run(ThreadPoolExecutor.java:588)
08-06 15:48:56.951 16505 17418 E baseline.com.newsblur.network.APIResponse: 	at java.lang.Thread.run(Thread.java:818)
08-06 15:48:56.951 16505 17418 E baseline.com.newsblur.network.APIResponse: Caused by: java.io.EOFException: \n not found: limit=0 content=
08-06 15:48:56.951 16505 17418 E baseline.com.newsblur.network.APIResponse: 	at okio.RealBufferedSource.readUtf8LineStrict(RealBufferedSource.java:240)
08-06 15:48:56.951 16505 17418 E baseline.com.newsblur.network.APIResponse: 	at okhttp3.internal.http1.Http1ExchangeCodec.readHeaderLine(Http1ExchangeCodec.java:242)
08-06 15:48:56.951 16505 17418 E baseline.com.newsblur.network.APIResponse: 	at okhttp3.internal.http1.Http1ExchangeCodec.readResponseHeaders(Http1ExchangeCodec.java:213)
08-06 15:48:56.951 16505 17418 E baseline.com.newsblur.network.APIResponse: 	... 30 more
08-06 15:48:56.952 16505 17418 I baseline.com.newsblur.network.APIManager: API call failed, pausing before retry number 1
08-06 15:48:56.963 16505 16516 I art     : Starting a blocking GC Explicit
08-06 15:48:57.005 16505 16516 I art     : Explicit concurrent mark sweep GC freed 812(207KB) AllocSpace objects, 2(40KB) LOS objects, 29% free, 37MB/53MB, paused 1.235ms total 41.831ms
08-06 15:48:57.019 16505 16516 I art     : Starting a blocking GC Explicit
08-06 15:48:57.061 16505 16516 I art     : Explicit concurrent mark sweep GC freed 47(1792B) AllocSpace objects, 0(0B) LOS objects, 29% free, 37MB/53MB, paused 1.252ms total 41.948ms
08-06 15:48:57.442 16505 16517 I art     : Starting a blocking GC Explicit
08-06 15:48:57.484 17755 17755 D AndroidRuntime: >>>>>> START com.android.internal.os.RuntimeInit uid 2000 <<<<<<
08-06 15:48:57.490 16505 16517 I art     : Explicit concurrent mark sweep GC freed 1437(82KB) AllocSpace objects, 1(20KB) LOS objects, 29% free, 37MB/53MB, paused 1.505ms total 47.478ms
08-06 15:48:57.490 17755 17755 D AndroidRuntime: CheckJNI is OFF
08-06 15:48:57.503 16505 16517 I art     : Starting a blocking GC Explicit
08-06 15:48:57.535 17755 17755 D ICU     : No timezone override file found: /data/misc/zoneinfo/current/icu/icu_tzdata.dat
08-06 15:48:57.548 16505 16517 I art     : Explicit concurrent mark sweep GC freed 22(784B) AllocSpace objects, 0(0B) LOS objects, 29% free, 37MB/53MB, paused 1.501ms total 45.260ms
08-06 15:48:57.561 16505 16517 I art     : Starting a blocking GC Explicit
08-06 15:48:57.582 17755 17755 I Radio-JNI: register_android_hardware_Radio DONE
08-06 15:48:57.606 16505 16517 I art     : Explicit concurrent mark sweep GC freed 3(96B) AllocSpace objects, 0(0B) LOS objects, 29% free, 37MB/53MB, paused 1.396ms total 44.490ms
08-06 15:48:57.612 17755 17755 D AndroidRuntime: Calling main entry com.android.commands.input.Input
08-06 15:48:57.614 17755 17755 I Input   : injectMotionEvent: MotionEvent { action=ACTION_DOWN, actionButton=0, id[0]=0, x[0]=436.0, y[0]=453.0, toolType[0]=TOOL_TYPE_UNKNOWN, buttonState=0, metaState=0, flags=0x0, edgeFlags=0x0, pointerCount=1, historySize=0, eventTime=892154026, downTime=892154026, deviceId=0, source=0x1002 }
08-06 15:48:57.619 16505 16517 I art     : Starting a blocking GC Explicit
08-06 15:48:57.621 17755 17755 I Input   : injectMotionEvent: MotionEvent { action=ACTION_UP, actionButton=0, id[0]=0, x[0]=436.0, y[0]=453.0, toolType[0]=TOOL_TYPE_UNKNOWN, buttonState=0, metaState=0, flags=0x0, edgeFlags=0x0, pointerCount=1, historySize=0, eventTime=892154026, downTime=892154026, deviceId=0, source=0x1002 }
08-06 15:48:57.624 17755 17755 D AndroidRuntime: Shutting down VM
08-06 15:48:57.646   512  2967 D audio_hw_primary: out_set_parameters: enter: usecase(1: low-latency-playback) kvpairs: routing=2
08-06 15:48:57.648   918  4400 I ActivityManager: START u0 {cmp=baseline.com.newsblur/.activity.GlobalSharedStoriesReading (has extras)} from uid 10698 on display 0
08-06 15:48:57.659   512  2967 D audio_hw_primary: select_devices: out_snd_device(2: speaker) in_snd_device(0: none)
08-06 15:48:57.659   512  2967 D msm8974_platform: platform_send_audio_calibration: sending audio calibration for snd_device(2) acdb_id(15)
08-06 15:48:57.659   512  2967 I soundtrigger: audio_extn_sound_trigger_update_device_status: device 0x2 of type 0 for Event 1
08-06 15:48:57.667 16505 16517 I art     : Explicit concurrent mark sweep GC freed 436(62KB) AllocSpace objects, 1(20KB) LOS objects, 29% free, 37MB/53MB, paused 2.101ms total 47.847ms
08-06 15:48:57.671   512  2967 D audio_hw_primary: enable_snd_device: snd_device(2: speaker)
08-06 15:48:57.673   512  2967 D audio_hw_primary: enable_audio_route: apply and update mixer path: low-latency-playback speaker
08-06 15:48:57.679 16505 16517 I art     : Starting a blocking GC Explicit
08-06 15:48:57.721 16505 16517 I art     : Explicit concurrent mark sweep GC freed 1047(82KB) AllocSpace objects, 2(376KB) LOS objects, 29% free, 37MB/53MB, paused 1.428ms total 41.584ms
08-06 15:48:57.896 13866 13866 I GoogleInputMethodServic: GoogleInputMethodService.onFinishInput():3138 
08-06 15:48:57.897 13866 13866 I GoogleInputMethodServic: GoogleInputMethodService.onStartInput():1808 
08-06 15:48:57.902   918   936 I ActivityManager: Displayed baseline.com.newsblur/.activity.GlobalSharedStoriesReading: +247ms
08-06 15:48:58.091 16505 16766 I art     : Starting a blocking GC Explicit
08-06 15:48:58.134 16505 16766 I art     : Explicit concurrent mark sweep GC freed 4584(349KB) AllocSpace objects, 15(428KB) LOS objects, 29% free, 38MB/54MB, paused 1.255ms total 42.730ms
08-06 15:48:58.147 16505 16766 I art     : Starting a blocking GC Explicit
08-06 15:48:58.174 16505 17093 E chromium: [ERROR:tile_manager.cc(793)] WARNING: tile memory limits exceeded, some content may not draw
08-06 15:48:58.175 16505 17093 E chromium: [ERROR:tile_manager.cc(793)] WARNING: tile memory limits exceeded, some content may not draw
08-06 15:48:58.188 16505 16766 I art     : Explicit concurrent mark sweep GC freed 1205(71KB) AllocSpace objects, 2(56KB) LOS objects, 29% free, 38MB/54MB, paused 1.382ms total 41.011ms
08-06 15:48:58.200 16505 16766 I art     : Starting a blocking GC Explicit
08-06 15:48:58.218   512  2967 D audio_hw_primary: disable_audio_route: reset and update mixer path: low-latency-playback speaker
08-06 15:48:58.219   512  2967 D audio_hw_primary: disable_snd_device: snd_device(2: speaker)
08-06 15:48:58.227   512  2967 I soundtrigger: audio_extn_sound_trigger_update_device_status: device 0x2 of type 0 for Event 0
08-06 15:48:58.240 16505 16766 I art     : Explicit concurrent mark sweep GC freed 27(1184B) AllocSpace objects, 0(0B) LOS objects, 29% free, 38MB/54MB, paused 1.336ms total 39.078ms
08-06 15:48:58.252 16505 16766 I art     : Starting a blocking GC Explicit
08-06 15:48:58.292 16505 16766 I art     : Explicit concurrent mark sweep GC freed 124(17KB) AllocSpace objects, 1(20KB) LOS objects, 29% free, 38MB/54MB, paused 1.410ms total 40.480ms
08-06 15:48:58.306 16505 16766 I art     : Starting a blocking GC Explicit
08-06 15:48:58.350 16505 16766 I art     : Explicit concurrent mark sweep GC freed 30(976B) AllocSpace objects, 0(0B) LOS objects, 29% free, 38MB/54MB, paused 1.289ms total 44.309ms
08-06 15:48:58.536 14491 14491 I ServiceManager: Waiting for service AtCmdFwd...
08-06 15:48:58.687   918  1210 D NetlinkSocketObserver: NeighborEvent{elapsedMs=1875542561, 192.168.2.254, [7C3953A63323], RTM_NEWNEIGH, NUD_PROBE}
08-06 15:48:58.700 16505 16516 I art     : Starting a blocking GC Explicit
08-06 15:48:58.748 16505 16516 I art     : Explicit concurrent mark sweep GC freed 1609(91KB) AllocSpace objects, 1(20KB) LOS objects, 29% free, 38MB/54MB, paused 1.467ms total 47.036ms
08-06 15:48:58.761 16505 16516 I art     : Starting a blocking GC Explicit
08-06 15:48:58.808 16505 16516 I art     : Explicit concurrent mark sweep GC freed 74(2768B) AllocSpace objects, 0(0B) LOS objects, 29% free, 38MB/54MB, paused 1.497ms total 47.083ms
08-06 15:48:58.822 16505 16516 I art     : Starting a blocking GC Explicit
08-06 15:48:58.869 16505 16516 I art     : Explicit concurrent mark sweep GC freed 1601(62KB) AllocSpace objects, 0(0B) LOS objects, 29% free, 38MB/54MB, paused 1.461ms total 47.133ms
08-06 15:48:58.882 16505 16516 I art     : Starting a blocking GC Explicit
08-06 15:48:58.904 16505 17418 E baseline.com.newsblur.network.APIResponse: Error (unexpected end of stream on https://www.newsblur.com/...) calling https://www.newsblur.com/reader/mark_story_hashes_as_read/
08-06 15:48:58.904 16505 17418 E baseline.com.newsblur.network.APIResponse: java.io.IOException: unexpected end of stream on https://www.newsblur.com/...
08-06 15:48:58.904 16505 17418 E baseline.com.newsblur.network.APIResponse: 	at okhttp3.internal.http1.Http1ExchangeCodec.readResponseHeaders(Http1ExchangeCodec.java:236)
08-06 15:48:58.904 16505 17418 E baseline.com.newsblur.network.APIResponse: 	at okhttp3.internal.connection.Exchange.readResponseHeaders(Exchange.java:115)
08-06 15:48:58.904 16505 17418 E baseline.com.newsblur.network.APIResponse: 	at okhttp3.internal.http.CallServerInterceptor.intercept(CallServerInterceptor.java:94)
08-06 15:48:58.904 16505 17418 E baseline.com.newsblur.network.APIResponse: 	at okhttp3.internal.http.RealInterceptorChain.proceed(RealInterceptorChain.java:142)
08-06 15:48:58.904 16505 17418 E baseline.com.newsblur.network.APIResponse: 	at okhttp3.internal.connection.ConnectInterceptor.intercept(ConnectInterceptor.java:43)
08-06 15:48:58.904 16505 17418 E baseline.com.newsblur.network.APIResponse: 	at okhttp3.internal.http.RealInterceptorChain.proceed(RealInterceptorChain.java:142)
08-06 15:48:58.904 16505 17418 E baseline.com.newsblur.network.APIResponse: 	at okhttp3.internal.http.RealInterceptorChain.proceed(RealInterceptorChain.java:117)
08-06 15:48:58.904 16505 17418 E baseline.com.newsblur.network.APIResponse: 	at okhttp3.internal.cache.CacheInterceptor.intercept(CacheInterceptor.java:94)
08-06 15:48:58.904 16505 17418 E baseline.com.newsblur.network.APIResponse: 	at okhttp3.internal.http.RealInterceptorChain.proceed(RealInterceptorChain.java:142)
08-06 15:48:58.904 16505 17418 E baseline.com.newsblur.network.APIResponse: 	at okhttp3.internal.http.RealInterceptorChain.proceed(RealInterceptorChain.java:117)
08-06 15:48:58.904 16505 17418 E baseline.com.newsblur.network.APIResponse: 	at okhttp3.internal.http.BridgeInterceptor.intercept(BridgeInterceptor.java:93)
08-06 15:48:58.904 16505 17418 E baseline.com.newsblur.network.APIResponse: 	at okhttp3.internal.http.RealInterceptorChain.proceed(RealInterceptorChain.java:142)
08-06 15:48:58.904 16505 17418 E baseline.com.newsblur.network.APIResponse: 	at okhttp3.internal.http.RetryAndFollowUpInterceptor.intercept(RetryAndFollowUpInterceptor.java:88)
08-06 15:48:58.904 16505 17418 E baseline.com.newsblur.network.APIResponse: 	at okhttp3.internal.http.RealInterceptorChain.proceed(RealInterceptorChain.java:142)
08-06 15:48:58.904 16505 17418 E baseline.com.newsblur.network.APIResponse: 	at okhttp3.internal.http.RealInterceptorChain.proceed(RealInterceptorChain.java:117)
08-06 15:48:58.904 16505 17418 E baseline.com.newsblur.network.APIResponse: 	at okhttp3.RealCall.getResponseWithInterceptorChain(RealCall.java:229)
08-06 15:48:58.904 16505 17418 E baseline.com.newsblur.network.APIResponse: 	at okhttp3.RealCall.execute(RealCall.java:81)
08-06 15:48:58.904 16505 17418 E baseline.com.newsblur.network.APIResponse: 	at baseline.com.newsblur.network.APIResponse.<init>(APIResponse.java:57)
08-06 15:48:58.904 16505 17418 E baseline.com.newsblur.network.APIResponse: 	at baseline.com.newsblur.network.APIResponse.<init>(APIResponse.java:43)
08-06 15:48:58.904 16505 17418 E baseline.com.newsblur.network.APIResponse: 	at baseline.com.newsblur.network.APIManager.post_single(APIManager.java:702)
08-06 15:48:58.904 16505 17418 E baseline.com.newsblur.network.APIResponse: 	at baseline.com.newsblur.network.APIManager.post(APIManager.java:675)
08-06 15:48:58.904 16505 17418 E baseline.com.newsblur.network.APIResponse: 	at baseline.com.newsblur.network.APIManager.post(APIManager.java:714)
08-06 15:48:58.904 16505 17418 E baseline.com.newsblur.network.APIResponse: 	at baseline.com.newsblur.network.APIManager.markStoryAsRead(APIManager.java:205)
08-06 15:48:58.904 16505 17418 E baseline.com.newsblur.network.APIResponse: 	at baseline.com.newsblur.util.ReadingAction.doRemote(ReadingAction.java:281)
08-06 15:48:58.904 16505 17418 E baseline.com.newsblur.network.APIResponse: 	at baseline.com.newsblur.service.NBSyncService.syncActions(NBSyncService.java:400)
08-06 15:48:58.904 16505 17418 E baseline.com.newsblur.network.APIResponse: 	at baseline.com.newsblur.service.NBSyncService.doSync(NBSyncService.java:298)
08-06 15:48:58.904 16505 17418 E baseline.com.newsblur.network.APIResponse: 	at baseline.com.newsblur.service.NBSyncService.access$100(NBSyncService.java:67)
08-06 15:48:58.904 16505 17418 E baseline.com.newsblur.network.APIResponse: 	at baseline.com.newsblur.service.NBSyncService$1.run(NBSyncService.java:188)
08-06 15:48:58.904 16505 17418 E baseline.com.newsblur.network.APIResponse: 	at java.util.concurrent.ThreadPoolExecutor.runWorker(ThreadPoolExecutor.java:1113)
08-06 15:48:58.904 16505 17418 E baseline.com.newsblur.network.APIResponse: 	at java.util.concurrent.ThreadPoolExecutor$Worker.run(ThreadPoolExecutor.java:588)
08-06 15:48:58.904 16505 17418 E baseline.com.newsblur.network.APIResponse: 	at java.lang.Thread.run(Thread.java:818)
08-06 15:48:58.904 16505 17418 E baseline.com.newsblur.network.APIResponse: Caused by: java.io.EOFException: \n not found: limit=0 content=
08-06 15:48:58.904 16505 17418 E baseline.com.newsblur.network.APIResponse: 	at okio.RealBufferedSource.readUtf8LineStrict(RealBufferedSource.java:240)
08-06 15:48:58.904 16505 17418 E baseline.com.newsblur.network.APIResponse: 	at okhttp3.internal.http1.Http1ExchangeCodec.readHeaderLine(Http1ExchangeCodec.java:242)
08-06 15:48:58.904 16505 17418 E baseline.com.newsblur.network.APIResponse: 	at okhttp3.internal.http1.Http1ExchangeCodec.readResponseHeaders(Http1ExchangeCodec.java:213)
08-06 15:48:58.904 16505 17418 E baseline.com.newsblur.network.APIResponse: 	... 30 more
08-06 15:48:58.905 16505 17418 I baseline.com.newsblur.network.APIManager: API call failed, pausing before retry number 2
08-06 15:48:58.930 16505 16516 I art     : Explicit concurrent mark sweep GC freed 877(198KB) AllocSpace objects, 2(40KB) LOS objects, 29% free, 38MB/54MB, paused 1.394ms total 47.871ms
08-06 15:48:58.944 16505 16516 I art     : Starting a blocking GC Explicit
08-06 15:48:58.992 16505 16516 I art     : Explicit concurrent mark sweep GC freed 117(16KB) AllocSpace objects, 0(0B) LOS objects, 29% free, 38MB/54MB, paused 1.342ms total 48.410ms
08-06 15:48:59.374 16505 16516 I art     : Starting a blocking GC Explicit
08-06 15:48:59.425 16505 16516 I art     : Explicit concurrent mark sweep GC freed 1524(85KB) AllocSpace objects, 1(20KB) LOS objects, 29% free, 38MB/54MB, paused 1.438ms total 51.231ms
08-06 15:48:59.440 16505 16516 I art     : Starting a blocking GC Explicit
08-06 15:48:59.485 16505 16516 I art     : Explicit concurrent mark sweep GC freed 23(816B) AllocSpace objects, 0(0B) LOS objects, 29% free, 38MB/54MB, paused 1.223ms total 44.432ms
08-06 15:48:59.498 16505 16516 I art     : Starting a blocking GC Explicit
08-06 15:48:59.537 14491 14491 I ServiceManager: Waiting for service AtCmdFwd...
08-06 15:48:59.547 16505 16516 I art     : Explicit concurrent mark sweep GC freed 3(96B) AllocSpace objects, 0(0B) LOS objects, 29% free, 38MB/54MB, paused 1.433ms total 48.786ms
08-06 15:48:59.561 16505 16516 I art     : Starting a blocking GC Explicit
08-06 15:48:59.614 16505 16516 I art     : Explicit concurrent mark sweep GC freed 3(96B) AllocSpace objects, 0(0B) LOS objects, 29% free, 38MB/54MB, paused 1.449ms total 52.296ms
08-06 15:48:59.628 16505 16516 I art     : Starting a blocking GC Explicit
08-06 15:48:59.679 16505 16516 I art     : Explicit concurrent mark sweep GC freed 3(96B) AllocSpace objects, 0(0B) LOS objects, 29% free, 38MB/54MB, paused 1.532ms total 50.654ms
08-06 15:49:00.069 16505 16517 I art     : Starting a blocking GC Explicit
08-06 15:49:00.114 16505 16517 I art     : Explicit concurrent mark sweep GC freed 1443(83KB) AllocSpace objects, 1(20KB) LOS objects, 29% free, 38MB/54MB, paused 1.332ms total 44.593ms
08-06 15:49:00.126 16505 16517 I art     : Starting a blocking GC Explicit
08-06 15:49:00.174 16505 16517 I art     : Explicit concurrent mark sweep GC freed 22(784B) AllocSpace objects, 0(0B) LOS objects, 29% free, 38MB/54MB, paused 1.366ms total 46.944ms
08-06 15:49:00.187 16505 16517 I art     : Starting a blocking GC Explicit
08-06 15:49:00.240 16505 16517 I art     : Explicit concurrent mark sweep GC freed 3(96B) AllocSpace objects, 0(0B) LOS objects, 29% free, 38MB/54MB, paused 1.459ms total 52.560ms
08-06 15:49:00.256 16505 16517 I art     : Starting a blocking GC Explicit
08-06 15:49:00.305 16505 16517 I art     : Explicit concurrent mark sweep GC freed 3(96B) AllocSpace objects, 0(0B) LOS objects, 29% free, 38MB/54MB, paused 1.490ms total 48.963ms
08-06 15:49:00.318 16505 16517 I art     : Starting a blocking GC Explicit
08-06 15:49:00.371 16505 16517 I art     : Explicit concurrent mark sweep GC freed 3(96B) AllocSpace objects, 0(0B) LOS objects, 29% free, 38MB/54MB, paused 1.438ms total 52.776ms
08-06 15:49:00.538 14491 14491 I ServiceManager: Waiting for service AtCmdFwd...
08-06 15:49:00.748 16505 16766 I art     : Starting a blocking GC Explicit
08-06 15:49:00.798 16505 16766 I art     : Explicit concurrent mark sweep GC freed 1444(83KB) AllocSpace objects, 1(20KB) LOS objects, 29% free, 38MB/54MB, paused 1.407ms total 49.574ms
08-06 15:49:00.811 16505 16766 I art     : Starting a blocking GC Explicit
08-06 15:49:00.854 16505 16766 I art     : Explicit concurrent mark sweep GC freed 22(784B) AllocSpace objects, 0(0B) LOS objects, 29% free, 38MB/54MB, paused 1.312ms total 43.204ms
08-06 15:49:00.867 16505 16766 I art     : Starting a blocking GC Explicit
08-06 15:49:00.915 16505 16766 I art     : Explicit concurrent mark sweep GC freed 3(96B) AllocSpace objects, 0(0B) LOS objects, 29% free, 38MB/54MB, paused 1.292ms total 47.269ms
08-06 15:49:00.929 16505 16766 I art     : Starting a blocking GC Explicit
08-06 15:49:00.978 16505 16766 I art     : Explicit concurrent mark sweep GC freed 3(96B) AllocSpace objects, 0(0B) LOS objects, 29% free, 38MB/54MB, paused 1.468ms total 48.763ms
08-06 15:49:00.991 16505 16766 I art     : Starting a blocking GC Explicit
08-06 15:49:01.040 16505 16766 I art     : Explicit concurrent mark sweep GC freed 3(96B) AllocSpace objects, 0(0B) LOS objects, 29% free, 38MB/54MB, paused 1.506ms total 48.418ms
08-06 15:49:01.440 16505 16523 I art     : Starting a blocking GC Explicit
08-06 15:49:01.496 16505 16523 I art     : Explicit concurrent mark sweep GC freed 1443(83KB) AllocSpace objects, 1(20KB) LOS objects, 29% free, 38MB/54MB, paused 1.330ms total 54.797ms
08-06 15:49:01.512 16505 16523 I art     : Starting a blocking GC Explicit
08-06 15:49:01.539 14491 14491 I ServiceManager: Waiting for service AtCmdFwd...
08-06 15:49:01.563 16505 16523 I art     : Explicit concurrent mark sweep GC freed 22(784B) AllocSpace objects, 0(0B) LOS objects, 29% free, 38MB/54MB, paused 1.416ms total 51.047ms
08-06 15:49:01.577 16505 16523 I art     : Starting a blocking GC Explicit
08-06 15:49:01.628 16505 16523 I art     : Explicit concurrent mark sweep GC freed 3(96B) AllocSpace objects, 0(0B) LOS objects, 29% free, 38MB/54MB, paused 1.476ms total 51.070ms
08-06 15:49:01.642 16505 16523 I art     : Starting a blocking GC Explicit
08-06 15:49:01.694 16505 16523 I art     : Explicit concurrent mark sweep GC freed 3(96B) AllocSpace objects, 0(0B) LOS objects, 29% free, 38MB/54MB, paused 1.421ms total 51.362ms
08-06 15:49:01.708 16505 16523 I art     : Starting a blocking GC Explicit
08-06 15:49:01.760 16505 16523 I art     : Explicit concurrent mark sweep GC freed 3(96B) AllocSpace objects, 0(0B) LOS objects, 29% free, 38MB/54MB, paused 1.374ms total 52.073ms
08-06 15:49:02.117 16505 16516 I art     : Starting a blocking GC Explicit
08-06 15:49:02.165 16505 16516 I art     : Explicit concurrent mark sweep GC freed 1609(91KB) AllocSpace objects, 1(20KB) LOS objects, 29% free, 38MB/54MB, paused 1.450ms total 47.325ms
08-06 15:49:02.178 16505 16516 I art     : Starting a blocking GC Explicit
08-06 15:49:02.226 16505 16516 I art     : Explicit concurrent mark sweep GC freed 28(1040B) AllocSpace objects, 0(0B) LOS objects, 29% free, 38MB/54MB, paused 1.445ms total 46.914ms
08-06 15:49:02.239 16505 16516 I art     : Starting a blocking GC Explicit
08-06 15:49:02.289 16505 16516 I art     : Explicit concurrent mark sweep GC freed 3(96B) AllocSpace objects, 0(0B) LOS objects, 29% free, 38MB/54MB, paused 1.434ms total 49.985ms
08-06 15:49:02.303 16505 16516 I art     : Starting a blocking GC Explicit
08-06 15:49:02.352 16505 16516 I art     : Explicit concurrent mark sweep GC freed 1657(64KB) AllocSpace objects, 0(0B) LOS objects, 29% free, 38MB/54MB, paused 1.537ms total 49.385ms
08-06 15:49:02.366 16505 16516 I art     : Starting a blocking GC Explicit
08-06 15:49:02.381 16505 17418 E baseline.com.newsblur.network.APIResponse: Error (unexpected end of stream on https://www.newsblur.com/...) calling https://www.newsblur.com/reader/mark_story_hashes_as_read/
08-06 15:49:02.381 16505 17418 E baseline.com.newsblur.network.APIResponse: java.io.IOException: unexpected end of stream on https://www.newsblur.com/...
08-06 15:49:02.381 16505 17418 E baseline.com.newsblur.network.APIResponse: 	at okhttp3.internal.http1.Http1ExchangeCodec.readResponseHeaders(Http1ExchangeCodec.java:236)
08-06 15:49:02.381 16505 17418 E baseline.com.newsblur.network.APIResponse: 	at okhttp3.internal.connection.Exchange.readResponseHeaders(Exchange.java:115)
08-06 15:49:02.381 16505 17418 E baseline.com.newsblur.network.APIResponse: 	at okhttp3.internal.http.CallServerInterceptor.intercept(CallServerInterceptor.java:94)
08-06 15:49:02.381 16505 17418 E baseline.com.newsblur.network.APIResponse: 	at okhttp3.internal.http.RealInterceptorChain.proceed(RealInterceptorChain.java:142)
08-06 15:49:02.381 16505 17418 E baseline.com.newsblur.network.APIResponse: 	at okhttp3.internal.connection.ConnectInterceptor.intercept(ConnectInterceptor.java:43)
08-06 15:49:02.381 16505 17418 E baseline.com.newsblur.network.APIResponse: 	at okhttp3.internal.http.RealInterceptorChain.proceed(RealInterceptorChain.java:142)
08-06 15:49:02.381 16505 17418 E baseline.com.newsblur.network.APIResponse: 	at okhttp3.internal.http.RealInterceptorChain.proceed(RealInterceptorChain.java:117)
08-06 15:49:02.381 16505 17418 E baseline.com.newsblur.network.APIResponse: 	at okhttp3.internal.cache.CacheInterceptor.intercept(CacheInterceptor.java:94)
08-06 15:49:02.381 16505 17418 E baseline.com.newsblur.network.APIResponse: 	at okhttp3.internal.http.RealInterceptorChain.proceed(RealInterceptorChain.java:142)
08-06 15:49:02.381 16505 17418 E baseline.com.newsblur.network.APIResponse: 	at okhttp3.internal.http.RealInterceptorChain.proceed(RealInterceptorChain.java:117)
08-06 15:49:02.381 16505 17418 E baseline.com.newsblur.network.APIResponse: 	at okhttp3.internal.http.BridgeInterceptor.intercept(BridgeInterceptor.java:93)
08-06 15:49:02.381 16505 17418 E baseline.com.newsblur.network.APIResponse: 	at okhttp3.internal.http.RealInterceptorChain.proceed(RealInterceptorChain.java:142)
08-06 15:49:02.381 16505 17418 E baseline.com.newsblur.network.APIResponse: 	at okhttp3.internal.http.RetryAndFollowUpInterceptor.intercept(RetryAndFollowUpInterceptor.java:88)
08-06 15:49:02.381 16505 17418 E baseline.com.newsblur.network.APIResponse: 	at okhttp3.internal.http.RealInterceptorChain.proceed(RealInterceptorChain.java:142)
08-06 15:49:02.381 16505 17418 E baseline.com.newsblur.network.APIResponse: 	at okhttp3.internal.http.RealInterceptorChain.proceed(RealInterceptorChain.java:117)
08-06 15:49:02.381 16505 17418 E baseline.com.newsblur.network.APIResponse: 	at okhttp3.RealCall.getResponseWithInterceptorChain(RealCall.java:229)
08-06 15:49:02.381 16505 17418 E baseline.com.newsblur.network.APIResponse: 	at okhttp3.RealCall.execute(RealCall.java:81)
08-06 15:49:02.381 16505 17418 E baseline.com.newsblur.network.APIResponse: 	at baseline.com.newsblur.network.APIResponse.<init>(APIResponse.java:57)
08-06 15:49:02.381 16505 17418 E baseline.com.newsblur.network.APIResponse: 	at baseline.com.newsblur.network.APIResponse.<init>(APIResponse.java:43)
08-06 15:49:02.381 16505 17418 E baseline.com.newsblur.network.APIResponse: 	at baseline.com.newsblur.network.APIManager.post_single(APIManager.java:702)
08-06 15:49:02.381 16505 17418 E baseline.com.newsblur.network.APIResponse: 	at baseline.com.newsblur.network.APIManager.post(APIManager.java:675)
08-06 15:49:02.381 16505 17418 E baseline.com.newsblur.network.APIResponse: 	at baseline.com.newsblur.network.APIManager.post(APIManager.java:714)
08-06 15:49:02.381 16505 17418 E baseline.com.newsblur.network.APIResponse: 	at baseline.com.newsblur.network.APIManager.markStoryAsRead(APIManager.java:205)
08-06 15:49:02.381 16505 17418 E baseline.com.newsblur.network.APIResponse: 	at baseline.com.newsblur.util.ReadingAction.doRemote(ReadingAction.java:281)
08-06 15:49:02.381 16505 17418 E baseline.com.newsblur.network.APIResponse: 	at baseline.com.newsblur.service.NBSyncService.syncActions(NBSyncService.java:400)
08-06 15:49:02.381 16505 17418 E baseline.com.newsblur.network.APIResponse: 	at baseline.com.newsblur.service.NBSyncService.doSync(NBSyncService.java:298)
08-06 15:49:02.381 16505 17418 E baseline.com.newsblur.network.APIResponse: 	at baseline.com.newsblur.service.NBSyncService.access$100(NBSyncService.java:67)
08-06 15:49:02.381 16505 17418 E baseline.com.newsblur.network.APIResponse: 	at baseline.com.newsblur.service.NBSyncService$1.run(NBSyncService.java:188)
08-06 15:49:02.381 16505 17418 E baseline.com.newsblur.network.APIResponse: 	at java.util.concurrent.ThreadPoolExecutor.runWorker(ThreadPoolExecutor.java:1113)
08-06 15:49:02.381 16505 17418 E baseline.com.newsblur.network.APIResponse: 	at java.util.concurrent.ThreadPoolExecutor$Worker.run(ThreadPoolExecutor.java:588)
08-06 15:49:02.381 16505 17418 E baseline.com.newsblur.network.APIResponse: 	at java.lang.Thread.run(Thread.java:818)
08-06 15:49:02.381 16505 17418 E baseline.com.newsblur.network.APIResponse: Caused by: java.io.EOFException: \n not found: limit=0 content=
08-06 15:49:02.381 16505 17418 E baseline.com.newsblur.network.APIResponse: 	at okio.RealBufferedSource.readUtf8LineStrict(RealBufferedSource.java:240)
08-06 15:49:02.381 16505 17418 E baseline.com.newsblur.network.APIResponse: 	at okhttp3.internal.http1.Http1ExchangeCodec.readHeaderLine(Http1ExchangeCodec.java:242)
08-06 15:49:02.381 16505 17418 E baseline.com.newsblur.network.APIResponse: 	at okhttp3.internal.http1.Http1ExchangeCodec.readResponseHeaders(Http1ExchangeCodec.java:213)
08-06 15:49:02.381 16505 17418 E baseline.com.newsblur.network.APIResponse: 	... 30 more
08-06 15:49:02.383 16505 17418 I baseline.com.newsblur.service.NBSyncService: Holding reading action with server-side or network error.
08-06 15:49:02.394 16505 17418 W baseline.com.newsblur.service.NBSyncService: hard API failure
08-06 15:49:02.413 16505 16516 I art     : Explicit concurrent mark sweep GC freed 1173(242KB) AllocSpace objects, 4(80KB) LOS objects, 29% free, 38MB/54MB, paused 1.480ms total 46.670ms
08-06 15:49:02.540 14491 14491 I ServiceManager: Waiting for service AtCmdFwd...
08-06 15:49:02.618 17840 17840 D AndroidRuntime: >>>>>> START com.android.internal.os.RuntimeInit uid 2000 <<<<<<
08-06 15:49:02.666 17840 17840 D AndroidRuntime: CheckJNI is OFF
08-06 15:49:02.722 17840 17840 D ICU     : No timezone override file found: /data/misc/zoneinfo/current/icu/icu_tzdata.dat
08-06 15:49:02.778 17840 17840 I Radio-JNI: register_android_hardware_Radio DONE
08-06 15:49:02.785 16505 16517 I art     : Starting a blocking GC Explicit
08-06 15:49:02.806 17840 17840 D AndroidRuntime: Calling main entry com.android.commands.input.Input
08-06 15:49:02.809 17840 17840 I Input   : injectKeyEvent: KeyEvent { action=ACTION_DOWN, keyCode=KEYCODE_BACK, scanCode=0, metaState=0, flags=0x0, repeatCount=0, eventTime=892159222, downTime=892159222, deviceId=-1, source=0x101 }
08-06 15:49:02.815 17840 17840 I Input   : injectKeyEvent: KeyEvent { action=ACTION_UP, keyCode=KEYCODE_BACK, scanCode=0, metaState=0, flags=0x0, repeatCount=0, eventTime=892159222, downTime=892159222, deviceId=-1, source=0x101 }
08-06 15:49:02.822 17840 17840 D AndroidRuntime: Shutting down VM
08-06 15:49:02.836 16505 16517 I art     : Explicit concurrent mark sweep GC freed 2288(143KB) AllocSpace objects, 2(40KB) LOS objects, 29% free, 38MB/54MB, paused 1.692ms total 51.099ms
08-06 15:49:02.850 16505 16517 I art     : Starting a blocking GC Explicit
08-06 15:49:02.879 16505 17418 E baseline.com.newsblur.network.APIResponse: Error (unexpected end of stream on https://www.newsblur.com/...) calling https://www.newsblur.com/reader/mark_story_hashes_as_read/
08-06 15:49:02.879 16505 17418 E baseline.com.newsblur.network.APIResponse: java.io.IOException: unexpected end of stream on https://www.newsblur.com/...
08-06 15:49:02.879 16505 17418 E baseline.com.newsblur.network.APIResponse: 	at okhttp3.internal.http1.Http1ExchangeCodec.readResponseHeaders(Http1ExchangeCodec.java:236)
08-06 15:49:02.879 16505 17418 E baseline.com.newsblur.network.APIResponse: 	at okhttp3.internal.connection.Exchange.readResponseHeaders(Exchange.java:115)
08-06 15:49:02.879 16505 17418 E baseline.com.newsblur.network.APIResponse: 	at okhttp3.internal.http.CallServerInterceptor.intercept(CallServerInterceptor.java:94)
08-06 15:49:02.879 16505 17418 E baseline.com.newsblur.network.APIResponse: 	at okhttp3.internal.http.RealInterceptorChain.proceed(RealInterceptorChain.java:142)
08-06 15:49:02.879 16505 17418 E baseline.com.newsblur.network.APIResponse: 	at okhttp3.internal.connection.ConnectInterceptor.intercept(ConnectInterceptor.java:43)
08-06 15:49:02.879 16505 17418 E baseline.com.newsblur.network.APIResponse: 	at okhttp3.internal.http.RealInterceptorChain.proceed(RealInterceptorChain.java:142)
08-06 15:49:02.879 16505 17418 E baseline.com.newsblur.network.APIResponse: 	at okhttp3.internal.http.RealInterceptorChain.proceed(RealInterceptorChain.java:117)
08-06 15:49:02.879 16505 17418 E baseline.com.newsblur.network.APIResponse: 	at okhttp3.internal.cache.CacheInterceptor.intercept(CacheInterceptor.java:94)
08-06 15:49:02.879 16505 17418 E baseline.com.newsblur.network.APIResponse: 	at okhttp3.internal.http.RealInterceptorChain.proceed(RealInterceptorChain.java:142)
08-06 15:49:02.879 16505 17418 E baseline.com.newsblur.network.APIResponse: 	at okhttp3.internal.http.RealInterceptorChain.proceed(RealInterceptorChain.java:117)
08-06 15:49:02.879 16505 17418 E baseline.com.newsblur.network.APIResponse: 	at okhttp3.internal.http.BridgeInterceptor.intercept(BridgeInterceptor.java:93)
08-06 15:49:02.879 16505 17418 E baseline.com.newsblur.network.APIResponse: 	at okhttp3.internal.http.RealInterceptorChain.proceed(RealInterceptorChain.java:142)
08-06 15:49:02.879 16505 17418 E baseline.com.newsblur.network.APIResponse: 	at okhttp3.internal.http.RetryAndFollowUpInterceptor.intercept(RetryAndFollowUpInterceptor.java:88)
08-06 15:49:02.879 16505 17418 E baseline.com.newsblur.network.APIResponse: 	at okhttp3.internal.http.RealInterceptorChain.proceed(RealInterceptorChain.java:142)
08-06 15:49:02.879 16505 17418 E baseline.com.newsblur.network.APIResponse: 	at okhttp3.internal.http.RealInterceptorChain.proceed(RealInterceptorChain.java:117)
08-06 15:49:02.879 16505 17418 E baseline.com.newsblur.network.APIResponse: 	at okhttp3.RealCall.getResponseWithInterceptorChain(RealCall.java:229)
08-06 15:49:02.879 16505 17418 E baseline.com.newsblur.network.APIResponse: 	at okhttp3.RealCall.execute(RealCall.java:81)
08-06 15:49:02.879 16505 17418 E baseline.com.newsblur.network.APIResponse: 	at baseline.com.newsblur.network.APIResponse.<init>(APIResponse.java:57)
08-06 15:49:02.879 16505 17418 E baseline.com.newsblur.network.APIResponse: 	at baseline.com.newsblur.network.APIResponse.<init>(APIResponse.java:43)
08-06 15:49:02.879 16505 17418 E baseline.com.newsblur.network.APIResponse: 	at baseline.com.newsblur.network.APIManager.post_single(APIManager.java:702)
08-06 15:49:02.879 16505 17418 E baseline.com.newsblur.network.APIResponse: 	at baseline.com.newsblur.network.APIManager.post(APIManager.java:675)
08-06 15:49:02.879 16505 17418 E baseline.com.newsblur.network.APIResponse: 	at baseline.com.newsblur.network.APIManager.post(APIManager.java:714)
08-06 15:49:02.879 16505 17418 E baseline.com.newsblur.network.APIResponse: 	at baseline.com.newsblur.network.APIManager.markStoryAsRead(APIManager.java:205)
08-06 15:49:02.879 16505 17418 E baseline.com.newsblur.network.APIResponse: 	at baseline.com.newsblur.util.ReadingAction.doRemote(ReadingAction.java:281)
08-06 15:49:02.879 16505 17418 E baseline.com.newsblur.network.APIResponse: 	at baseline.com.newsblur.service.NBSyncService.syncActions(NBSyncService.java:400)
08-06 15:49:02.879 16505 17418 E baseline.com.newsblur.network.APIResponse: 	at baseline.com.newsblur.service.NBSyncService.doSync(NBSyncService.java:298)
08-06 15:49:02.879 16505 17418 E baseline.com.newsblur.network.APIResponse: 	at baseline.com.newsblur.service.NBSyncService.access$100(NBSyncService.java:67)
08-06 15:49:02.879 16505 17418 E baseline.com.newsblur.network.APIResponse: 	at baseline.com.newsblur.service.NBSyncService$1.run(NBSyncService.java:188)
08-06 15:49:02.879 16505 17418 E baseline.com.newsblur.network.APIResponse: 	at java.util.concurrent.ThreadPoolExecutor.runWorker(ThreadPoolExecutor.java:1113)
08-06 15:49:02.879 16505 17418 E baseline.com.newsblur.network.APIResponse: 	at java.util.concurrent.ThreadPoolExecutor$Worker.run(ThreadPoolExecutor.java:588)
08-06 15:49:02.879 16505 17418 E baseline.com.newsblur.network.APIResponse: 	at java.lang.Thread.run(Thread.java:818)
08-06 15:49:02.879 16505 17418 E baseline.com.newsblur.network.APIResponse: Caused by: java.io.EOFException: \n not found: limit=0 content=
08-06 15:49:02.879 16505 17418 E baseline.com.newsblur.network.APIResponse: 	at okio.RealBufferedSource.readUtf8LineStrict(RealBufferedSource.java:240)
08-06 15:49:02.879 16505 17418 E baseline.com.newsblur.network.APIResponse: 	at okhttp3.internal.http1.Http1ExchangeCodec.readHeaderLine(Http1ExchangeCodec.java:242)
08-06 15:49:02.879 16505 17418 E baseline.com.newsblur.network.APIResponse: 	at okhttp3.internal.http1.Http1ExchangeCodec.readResponseHeaders(Http1ExchangeCodec.java:213)
08-06 15:49:02.879 16505 17418 E baseline.com.newsblur.network.APIResponse: 	... 30 more
08-06 15:49:02.880 16505 17418 I baseline.com.newsblur.network.APIManager: API call failed, pausing before retry number 1
08-06 15:49:02.895 16505 16517 I art     : Explicit concurrent mark sweep GC freed 2063(260KB) AllocSpace objects, 3(60KB) LOS objects, 29% free, 38MB/54MB, paused 1.278ms total 44.771ms
08-06 15:49:02.907 16505 16517 I art     : Starting a blocking GC Explicit
08-06 15:49:02.954 16505 16517 I art     : Explicit concurrent mark sweep GC freed 164(18KB) AllocSpace objects, 0(0B) LOS objects, 29% free, 38MB/54MB, paused 1.396ms total 46.515ms
08-06 15:49:02.967 16505 16517 I art     : Starting a blocking GC Explicit
08-06 15:49:02.993 13866 13866 I GoogleInputMethodServic: GoogleInputMethodService.onFinishInput():3138 
08-06 15:49:02.994 13866 13866 I GoogleInputMethodServic: GoogleInputMethodService.onStartInput():1808 
08-06 15:49:03.015 16505 16517 I art     : Explicit concurrent mark sweep GC freed 1081(93KB) AllocSpace objects, 2(40KB) LOS objects, 29% free, 38MB/54MB, paused 1.417ms total 47.587ms
08-06 15:49:03.028 16505 16517 I art     : Starting a blocking GC Explicit
08-06 15:49:03.075 16505 16517 I art     : Explicit concurrent mark sweep GC freed 527(41KB) AllocSpace objects, 0(0B) LOS objects, 29% free, 38MB/54MB, paused 1.279ms total 47.504ms
08-06 15:49:03.427 16505 16766 I art     : Starting a blocking GC Explicit
08-06 15:49:03.467   918  3261 D WifiStateMachine: starting scan for "H369AA63323"WPA_PSK with 2412,5180
08-06 15:49:03.477 16505 16766 I art     : Explicit concurrent mark sweep GC freed 2702(143KB) AllocSpace objects, 2(48KB) LOS objects, 29% free, 38MB/54MB, paused 1.348ms total 49.240ms
08-06 15:49:03.490 16505 16766 I art     : Starting a blocking GC Explicit
08-06 15:49:03.538 16505 16766 I art     : Explicit concurrent mark sweep GC freed 157(7KB) AllocSpace objects, 0(0B) LOS objects, 29% free, 38MB/54MB, paused 1.597ms total 47.901ms
08-06 15:49:03.540 14491 14491 W Atfwd_Sendcmd: AtCmdFwd service not published, waiting... retryCnt : 1
08-06 15:49:03.552 16505 16766 I art     : Starting a blocking GC Explicit
08-06 15:49:03.601 16505 16766 I art     : Explicit concurrent mark sweep GC freed 11(352B) AllocSpace objects, 0(0B) LOS objects, 29% free, 38MB/54MB, paused 1.325ms total 48.909ms
08-06 15:49:03.616 16505 16766 I art     : Starting a blocking GC Explicit
08-06 15:49:03.665 16505 16766 I art     : Explicit concurrent mark sweep GC freed 10(320B) AllocSpace objects, 0(0B) LOS objects, 29% free, 38MB/54MB, paused 1.483ms total 49.347ms
08-06 15:49:03.681 16505 16766 I art     : Starting a blocking GC Explicit
08-06 15:49:03.730 16505 16766 I art     : Explicit concurrent mark sweep GC freed 10(320B) AllocSpace objects, 0(0B) LOS objects, 29% free, 38MB/54MB, paused 1.234ms total 48.604ms
08-06 15:49:04.109 16505 16517 I art     : Starting a blocking GC Explicit
08-06 15:49:04.161 16505 16517 I art     : Explicit concurrent mark sweep GC freed 1494(84KB) AllocSpace objects, 1(20KB) LOS objects, 29% free, 38MB/54MB, paused 1.366ms total 51.980ms
08-06 15:49:04.175 16505 16517 I art     : Starting a blocking GC Explicit
08-06 15:49:04.226 16505 16517 I art     : Explicit concurrent mark sweep GC freed 30(1040B) AllocSpace objects, 0(0B) LOS objects, 29% free, 38MB/54MB, paused 1.390ms total 50.355ms
08-06 15:49:04.240 16505 16517 I art     : Starting a blocking GC Explicit
08-06 15:49:04.291 16505 16517 I art     : Explicit concurrent mark sweep GC freed 11(352B) AllocSpace objects, 0(0B) LOS objects, 29% free, 38MB/54MB, paused 1.546ms total 50.566ms
08-06 15:49:04.304 16505 16517 I art     : Starting a blocking GC Explicit
08-06 15:49:04.354 16505 16517 I art     : Explicit concurrent mark sweep GC freed 11(352B) AllocSpace objects, 0(0B) LOS objects, 29% free, 38MB/54MB, paused 1.499ms total 49.058ms
08-06 15:49:04.368 16505 16517 I art     : Starting a blocking GC Explicit
08-06 15:49:04.418 16505 16517 I art     : Explicit concurrent mark sweep GC freed 102(3KB) AllocSpace objects, 0(0B) LOS objects, 29% free, 38MB/54MB, paused 1.562ms total 50.070ms
08-06 15:49:04.626 17895 17895 D AndroidRuntime: >>>>>> START com.android.internal.os.RuntimeInit uid 2000 <<<<<<
08-06 15:49:04.632 17895 17895 D AndroidRuntime: CheckJNI is OFF
08-06 15:49:04.674 17895 17895 D ICU     : No timezone override file found: /data/misc/zoneinfo/current/icu/icu_tzdata.dat
08-06 15:49:04.715 17895 17895 I Radio-JNI: register_android_hardware_Radio DONE
08-06 15:49:04.745 17895 17895 D AndroidRuntime: Calling main entry com.android.commands.input.Input
08-06 15:49:04.746 17895 17895 I Input   : injectKeyEvent: KeyEvent { action=ACTION_DOWN, keyCode=KEYCODE_BACK, scanCode=0, metaState=0, flags=0x0, repeatCount=0, eventTime=892161159, downTime=892161159, deviceId=-1, source=0x101 }
08-06 15:49:04.752 17895 17895 I Input   : injectKeyEvent: KeyEvent { action=ACTION_UP, keyCode=KEYCODE_BACK, scanCode=0, metaState=0, flags=0x0, repeatCount=0, eventTime=892161159, downTime=892161159, deviceId=-1, source=0x101 }
08-06 15:49:04.758 17895 17895 D AndroidRuntime: Shutting down VM
08-06 15:49:04.782 16505 16523 I art     : Starting a blocking GC Explicit
08-06 15:49:04.831 16505 16523 I art     : Explicit concurrent mark sweep GC freed 1868(154KB) AllocSpace objects, 5(100KB) LOS objects, 29% free, 38MB/54MB, paused 1.577ms total 48.421ms
08-06 15:49:04.844 16505 16523 I art     : Starting a blocking GC Explicit
08-06 15:49:04.891 16505 16523 I art     : Explicit concurrent mark sweep GC freed 1695(66KB) AllocSpace objects, 0(0B) LOS objects, 29% free, 38MB/54MB, paused 1.624ms total 46.957ms
08-06 15:49:04.904 16505 16523 I art     : Starting a blocking GC Explicit
08-06 15:49:04.931 16505 17418 E baseline.com.newsblur.network.APIResponse: Error (unexpected end of stream on https://www.newsblur.com/...) calling https://www.newsblur.com/reader/mark_story_hashes_as_read/
08-06 15:49:04.931 16505 17418 E baseline.com.newsblur.network.APIResponse: java.io.IOException: unexpected end of stream on https://www.newsblur.com/...
08-06 15:49:04.931 16505 17418 E baseline.com.newsblur.network.APIResponse: 	at okhttp3.internal.http1.Http1ExchangeCodec.readResponseHeaders(Http1ExchangeCodec.java:236)
08-06 15:49:04.931 16505 17418 E baseline.com.newsblur.network.APIResponse: 	at okhttp3.internal.connection.Exchange.readResponseHeaders(Exchange.java:115)
08-06 15:49:04.931 16505 17418 E baseline.com.newsblur.network.APIResponse: 	at okhttp3.internal.http.CallServerInterceptor.intercept(CallServerInterceptor.java:94)
08-06 15:49:04.931 16505 17418 E baseline.com.newsblur.network.APIResponse: 	at okhttp3.internal.http.RealInterceptorChain.proceed(RealInterceptorChain.java:142)
08-06 15:49:04.931 16505 17418 E baseline.com.newsblur.network.APIResponse: 	at okhttp3.internal.connection.ConnectInterceptor.intercept(ConnectInterceptor.java:43)
08-06 15:49:04.931 16505 17418 E baseline.com.newsblur.network.APIResponse: 	at okhttp3.internal.http.RealInterceptorChain.proceed(RealInterceptorChain.java:142)
08-06 15:49:04.931 16505 17418 E baseline.com.newsblur.network.APIResponse: 	at okhttp3.internal.http.RealInterceptorChain.proceed(RealInterceptorChain.java:117)
08-06 15:49:04.931 16505 17418 E baseline.com.newsblur.network.APIResponse: 	at okhttp3.internal.cache.CacheInterceptor.intercept(CacheInterceptor.java:94)
08-06 15:49:04.931 16505 17418 E baseline.com.newsblur.network.APIResponse: 	at okhttp3.internal.http.RealInterceptorChain.proceed(RealInterceptorChain.java:142)
08-06 15:49:04.931 16505 17418 E baseline.com.newsblur.network.APIResponse: 	at okhttp3.internal.http.RealInterceptorChain.proceed(RealInterceptorChain.java:117)
08-06 15:49:04.931 16505 17418 E baseline.com.newsblur.network.APIResponse: 	at okhttp3.internal.http.BridgeInterceptor.intercept(BridgeInterceptor.java:93)
08-06 15:49:04.931 16505 17418 E baseline.com.newsblur.network.APIResponse: 	at okhttp3.internal.http.RealInterceptorChain.proceed(RealInterceptorChain.java:142)
08-06 15:49:04.931 16505 17418 E baseline.com.newsblur.network.APIResponse: 	at okhttp3.internal.http.RetryAndFollowUpInterceptor.intercept(RetryAndFollowUpInterceptor.java:88)
08-06 15:49:04.931 16505 17418 E baseline.com.newsblur.network.APIResponse: 	at okhttp3.internal.http.RealInterceptorChain.proceed(RealInterceptorChain.java:142)
08-06 15:49:04.931 16505 17418 E baseline.com.newsblur.network.APIResponse: 	at okhttp3.internal.http.RealInterceptorChain.proceed(RealInterceptorChain.java:117)
08-06 15:49:04.931 16505 17418 E baseline.com.newsblur.network.APIResponse: 	at okhttp3.RealCall.getResponseWithInterceptorChain(RealCall.java:229)
08-06 15:49:04.931 16505 17418 E baseline.com.newsblur.network.APIResponse: 	at okhttp3.RealCall.execute(RealCall.java:81)
08-06 15:49:04.931 16505 17418 E baseline.com.newsblur.network.APIResponse: 	at baseline.com.newsblur.network.APIResponse.<init>(APIResponse.java:57)
08-06 15:49:04.931 16505 17418 E baseline.com.newsblur.network.APIResponse: 	at baseline.com.newsblur.network.APIResponse.<init>(APIResponse.java:43)
08-06 15:49:04.931 16505 17418 E baseline.com.newsblur.network.APIResponse: 	at baseline.com.newsblur.network.APIManager.post_single(APIManager.java:702)
08-06 15:49:04.931 16505 17418 E baseline.com.newsblur.network.APIResponse: 	at baseline.com.newsblur.network.APIManager.post(APIManager.java:675)
08-06 15:49:04.931 16505 17418 E baseline.com.newsblur.network.APIResponse: 	at baseline.com.newsblur.network.APIManager.post(APIManager.java:714)
08-06 15:49:04.931 16505 17418 E baseline.com.newsblur.network.APIResponse: 	at baseline.com.newsblur.network.APIManager.markStoryAsRead(APIManager.java:205)
08-06 15:49:04.931 16505 17418 E baseline.com.newsblur.network.APIResponse: 	at baseline.com.newsblur.util.ReadingAction.doRemote(ReadingAction.java:281)
08-06 15:49:04.931 16505 17418 E baseline.com.newsblur.network.APIResponse: 	at baseline.com.newsblur.service.NBSyncService.syncActions(NBSyncService.java:400)
08-06 15:49:04.931 16505 17418 E baseline.com.newsblur.network.APIResponse: 	at baseline.com.newsblur.service.NBSyncService.doSync(NBSyncService.java:298)
08-06 15:49:04.931 16505 17418 E baseline.com.newsblur.network.APIResponse: 	at baseline.com.newsblur.service.NBSyncService.access$100(NBSyncService.java:67)
08-06 15:49:04.931 16505 17418 E baseline.com.newsblur.network.APIResponse: 	at baseline.com.newsblur.service.NBSyncService$1.run(NBSyncService.java:188)
08-06 15:49:04.931 16505 17418 E baseline.com.newsblur.network.APIResponse: 	at java.util.concurrent.ThreadPoolExecutor.runWorker(ThreadPoolExecutor.java:1113)
08-06 15:49:04.931 16505 17418 E baseline.com.newsblur.network.APIResponse: 	at java.util.concurrent.ThreadPoolExecutor$Worker.run(ThreadPoolExecutor.java:588)
08-06 15:49:04.931 16505 17418 E baseline.com.newsblur.network.APIResponse: 	at java.lang.Thread.run(Thread.java:818)
08-06 15:49:04.931 16505 17418 E baseline.com.newsblur.network.APIResponse: Caused by: java.io.EOFException: \n not found: limit=0 content=
08-06 15:49:04.931 16505 17418 E baseline.com.newsblur.network.APIResponse: 	at okio.RealBufferedSource.readUtf8LineStrict(RealBufferedSource.java:240)
08-06 15:49:04.931 16505 17418 E baseline.com.newsblur.network.APIResponse: 	at okhttp3.internal.http1.Http1ExchangeCodec.readHeaderLine(Http1ExchangeCodec.java:242)
08-06 15:49:04.931 16505 17418 E baseline.com.newsblur.network.APIResponse: 	at okhttp3.internal.http1.Http1ExchangeCodec.readResponseHeaders(Http1ExchangeCodec.java:213)
08-06 15:49:04.931 16505 17418 E baseline.com.newsblur.network.APIResponse: 	... 30 more
08-06 15:49:04.933 16505 17418 I baseline.com.newsblur.network.APIManager: API call failed, pausing before retry number 2
08-06 15:49:04.951 16505 16523 I art     : Explicit concurrent mark sweep GC freed 4957(479KB) AllocSpace objects, 8(160KB) LOS objects, 29% free, 38MB/54MB, paused 1.643ms total 46.969ms
08-06 15:49:04.964 16505 16523 I art     : Starting a blocking GC Explicit
08-06 15:49:04.987 13866 13866 I GoogleInputMethodServic: GoogleInputMethodService.onFinishInput():3138 
08-06 15:49:04.988 13866 13866 I GoogleInputMethodServic: GoogleInputMethodService.onStartInput():1808 
08-06 15:49:05.012 16505 16523 I art     : Explicit concurrent mark sweep GC freed 3984(252KB) AllocSpace objects, 2(40KB) LOS objects, 29% free, 38MB/54MB, paused 1.369ms total 47.711ms
08-06 15:49:05.028 16505 16523 I art     : Starting a blocking GC Explicit
08-06 15:49:05.070 16505 16523 I art     : Explicit concurrent mark sweep GC freed 165(6KB) AllocSpace objects, 0(0B) LOS objects, 29% free, 38MB/54MB, paused 1.316ms total 41.712ms
08-06 15:49:05.429 16505 16766 I art     : Starting a blocking GC Explicit
08-06 15:49:05.477 16505 16766 I art     : Explicit concurrent mark sweep GC freed 1910(103KB) AllocSpace objects, 1(20KB) LOS objects, 29% free, 38MB/54MB, paused 1.395ms total 48.484ms
08-06 15:49:05.491 16505 16766 I art     : Starting a blocking GC Explicit
08-06 15:49:05.539 16505 16766 I art     : Explicit concurrent mark sweep GC freed 167(7KB) AllocSpace objects, 0(0B) LOS objects, 29% free, 38MB/54MB, paused 1.326ms total 48.124ms
08-06 15:49:05.553 16505 16766 I art     : Starting a blocking GC Explicit
08-06 15:49:05.601 16505 16766 I art     : Explicit concurrent mark sweep GC freed 10(320B) AllocSpace objects, 0(0B) LOS objects, 29% free, 38MB/54MB, paused 1.680ms total 48.180ms
08-06 15:49:05.615 16505 16766 I art     : Starting a blocking GC Explicit
08-06 15:49:05.663 16505 16766 I art     : Explicit concurrent mark sweep GC freed 11(352B) AllocSpace objects, 0(0B) LOS objects, 29% free, 38MB/54MB, paused 1.314ms total 47.191ms
08-06 15:49:05.676 16505 16766 I art     : Starting a blocking GC Explicit
08-06 15:49:05.725 16505 16766 I art     : Explicit concurrent mark sweep GC freed 10(320B) AllocSpace objects, 0(0B) LOS objects, 29% free, 38MB/54MB, paused 1.472ms total 48.420ms
08-06 15:49:06.104 16505 16766 I art     : Starting a blocking GC Explicit
08-06 15:49:06.153 16505 16766 I art     : Explicit concurrent mark sweep GC freed 1493(84KB) AllocSpace objects, 1(20KB) LOS objects, 29% free, 38MB/54MB, paused 1.356ms total 48.545ms
08-06 15:49:06.167 16505 16766 I art     : Starting a blocking GC Explicit
08-06 15:49:06.215 16505 16766 I art     : Explicit concurrent mark sweep GC freed 29(1008B) AllocSpace objects, 0(0B) LOS objects, 29% free, 38MB/54MB, paused 1.408ms total 47.040ms
08-06 15:49:06.229 16505 16766 I art     : Starting a blocking GC Explicit
08-06 15:49:06.276 16505 16766 I art     : Explicit concurrent mark sweep GC freed 11(352B) AllocSpace objects, 0(0B) LOS objects, 29% free, 38MB/54MB, paused 1.506ms total 47.286ms
08-06 15:49:06.289 16505 16766 I art     : Starting a blocking GC Explicit
08-06 15:49:06.338 16505 16766 I art     : Explicit concurrent mark sweep GC freed 11(352B) AllocSpace objects, 0(0B) LOS objects, 29% free, 38MB/54MB, paused 1.470ms total 48.061ms
08-06 15:49:06.352 16505 16766 I art     : Starting a blocking GC Explicit
08-06 15:49:06.402 16505 16766 I art     : Explicit concurrent mark sweep GC freed 6(192B) AllocSpace objects, 0(0B) LOS objects, 29% free, 38MB/54MB, paused 1.353ms total 49.554ms
08-06 15:49:06.549 17938 17938 D AndroidRuntime: >>>>>> START com.android.internal.os.RuntimeInit uid 2000 <<<<<<
08-06 15:49:06.555 17938 17938 D AndroidRuntime: CheckJNI is OFF
08-06 15:49:06.597 17938 17938 D ICU     : No timezone override file found: /data/misc/zoneinfo/current/icu/icu_tzdata.dat
08-06 15:49:06.638 17938 17938 I Radio-JNI: register_android_hardware_Radio DONE
08-06 15:49:06.666 17938 17938 D AndroidRuntime: Calling main entry com.android.commands.input.Input
08-06 15:49:06.668 17938 17938 I Input   : injectMotionEvent: MotionEvent { action=ACTION_DOWN, actionButton=0, id[0]=0, x[0]=553.0, y[0]=442.0, toolType[0]=TOOL_TYPE_UNKNOWN, buttonState=0, metaState=0, flags=0x0, edgeFlags=0x0, pointerCount=1, historySize=0, eventTime=892163081, downTime=892163081, deviceId=0, source=0x1002 }
08-06 15:49:06.672 17938 17938 I Input   : injectMotionEvent: MotionEvent { action=ACTION_UP, actionButton=0, id[0]=0, x[0]=553.0, y[0]=442.0, toolType[0]=TOOL_TYPE_UNKNOWN, buttonState=0, metaState=0, flags=0x0, edgeFlags=0x0, pointerCount=1, historySize=0, eventTime=892163081, downTime=892163081, deviceId=0, source=0x1002 }
08-06 15:49:06.674 17938 17938 D AndroidRuntime: Shutting down VM
08-06 15:49:06.744   918  5481 I ActivityManager: START u0 {cmp=baseline.com.newsblur/.activity.AllSharedStoriesItemsList (has extras)} from uid 10698 on display 0
08-06 15:49:06.768 16505 16523 I art     : Starting a blocking GC Explicit
08-06 15:49:06.777 16505 17044 I baseline.com.newsblur.database.BlurDatabaseHelper: reading session reset
08-06 15:49:06.816 16505 16523 I art     : Explicit concurrent mark sweep GC freed 3424(289KB) AllocSpace objects, 6(212KB) LOS objects, 29% free, 38MB/54MB, paused 1.518ms total 47.251ms
08-06 15:49:06.829 16505 16523 I art     : Starting a blocking GC Explicit
08-06 15:49:06.876 16505 16523 I art     : Explicit concurrent mark sweep GC freed 322(14KB) AllocSpace objects, 0(0B) LOS objects, 29% free, 38MB/54MB, paused 1.459ms total 47.215ms
08-06 15:49:06.889 16505 16523 I art     : Starting a blocking GC Explicit
08-06 15:49:06.936 16505 16523 I art     : Explicit concurrent mark sweep GC freed 569(44KB) AllocSpace objects, 1(20KB) LOS objects, 29% free, 38MB/54MB, paused 1.324ms total 46.524ms
08-06 15:49:06.952 16505 16523 I art     : Starting a blocking GC Explicit
08-06 15:49:06.955 16505 16505 W View    : requestLayout() improperly called by android.widget.FrameLayout{fe5d106 V.E...... ......ID 0,0-1440,0 #7f07003f app:id/footer_view_inner} during layout: running second layout pass
08-06 15:49:06.955 16505 16505 W View    : requestLayout() improperly called by android.widget.FrameLayout{b2e03c7 V.E...... ......ID 0,0-1440,2091 #7f07003f app:id/footer_view_inner} during layout: running second layout pass
08-06 15:49:06.972 13866 13866 I GoogleInputMethodServic: GoogleInputMethodService.onFinishInput():3138 
08-06 15:49:06.973 13866 13866 I GoogleInputMethodServic: GoogleInputMethodService.onStartInput():1808 
08-06 15:49:06.973   918   936 I ActivityManager: Displayed baseline.com.newsblur/.activity.AllSharedStoriesItemsList: +218ms
08-06 15:49:07.000 16505 16523 I art     : Explicit concurrent mark sweep GC freed 964(86KB) AllocSpace objects, 5(100KB) LOS objects, 29% free, 38MB/54MB, paused 1.893ms total 48.105ms
08-06 15:49:07.013 16505 16523 I art     : Starting a blocking GC Explicit
08-06 15:49:07.063 16505 16523 I art     : Explicit concurrent mark sweep GC freed 1076(63KB) AllocSpace objects, 3(60KB) LOS objects, 29% free, 38MB/54MB, paused 1.539ms total 50.061ms
08-06 15:49:07.161 16505 17962 I NAPPA_EXPERIMENTATION: MetricNetworkRequestExecutionTime: REQUEST_DURATION_SYSTEM='137',REQUEST_DURATION_OKHTTP='136',REQUEST_SYNCHRONOUS='TRUE',RESPONSE_CODE='200',RESPONSE_METHOD='GET',RESPONSE_LENGTH_OKHTTP='43',RESPONSE_LENGTH_HEADER='43',REQUEST_PROTOCOL='http/1.1',REQUEST_URL='http://feeds.feedburner.com/~r/retort/~4/UffaFMiJbNs',
08-06 15:49:07.264 16505 16789 I NAPPA_EXPERIMENTATION: MetricNetworkRequestExecutionTime: REQUEST_DURATION_SYSTEM='222',REQUEST_DURATION_OKHTTP='221',REQUEST_SYNCHRONOUS='TRUE',RESPONSE_CODE='200',RESPONSE_METHOD='GET',RESPONSE_LENGTH_OKHTTP='56376',RESPONSE_LENGTH_HEADER='56376',REQUEST_PROTOCOL='h2',REQUEST_URL='https://images.fastcompany.net/image/upload/w_1280,q_auto,f_auto,fl_lossy/wp-cms/uploads/2020/07/p-1-quit-after-covid.jpg',
08-06 15:49:07.425 16505 16523 I art     : Starting a blocking GC Explicit
08-06 15:49:07.482 16505 16523 I art     : Explicit concurrent mark sweep GC freed 2682(189KB) AllocSpace objects, 7(3MB) LOS objects, 28% free, 40MB/56MB, paused 1.504ms total 56.744ms
08-06 15:49:07.496 16505 16523 I art     : Starting a blocking GC Explicit
08-06 15:49:07.544 16505 16523 I art     : Explicit concurrent mark sweep GC freed 75(2816B) AllocSpace objects, 0(0B) LOS objects, 28% free, 40MB/56MB, paused 1.423ms total 48.445ms
08-06 15:49:07.557 16505 16523 I art     : Starting a blocking GC Explicit
08-06 15:49:07.606 16505 16523 I art     : Explicit concurrent mark sweep GC freed 7(224B) AllocSpace objects, 0(0B) LOS objects, 28% free, 40MB/56MB, paused 1.365ms total 48.740ms
08-06 15:49:07.620 16505 16523 I art     : Starting a blocking GC Explicit
08-06 15:49:07.669 16505 16523 I art     : Explicit concurrent mark sweep GC freed 7(224B) AllocSpace objects, 0(0B) LOS objects, 28% free, 40MB/56MB, paused 1.397ms total 49.033ms
08-06 15:49:07.683 16505 16523 I art     : Starting a blocking GC Explicit
08-06 15:49:07.732 16505 16523 I art     : Explicit concurrent mark sweep GC freed 6(192B) AllocSpace objects, 0(0B) LOS objects, 28% free, 40MB/56MB, paused 1.426ms total 49.132ms
08-06 15:49:08.101 16505 16523 I art     : Starting a blocking GC Explicit
08-06 15:49:08.157 16505 16523 I art     : Explicit concurrent mark sweep GC freed 1640(92KB) AllocSpace objects, 1(20KB) LOS objects, 28% free, 40MB/56MB, paused 1.432ms total 55.893ms
08-06 15:49:08.173 16505 16523 I art     : Starting a blocking GC Explicit
08-06 15:49:08.225 16505 16523 I art     : Explicit concurrent mark sweep GC freed 40(1424B) AllocSpace objects, 0(0B) LOS objects, 28% free, 40MB/56MB, paused 1.370ms total 52.006ms
08-06 15:49:08.240 16505 16523 I art     : Starting a blocking GC Explicit
08-06 15:49:08.290 16505 16523 I art     : Explicit concurrent mark sweep GC freed 14(448B) AllocSpace objects, 0(0B) LOS objects, 28% free, 40MB/56MB, paused 1.470ms total 50.242ms
08-06 15:49:08.305 16505 16523 I art     : Starting a blocking GC Explicit
08-06 15:49:08.337   518   646 I ThermalEngine: ACTION: GPU - Setting GPU[0] to 390000000
08-06 15:49:08.380 16505 16523 I art     : Explicit concurrent mark sweep GC freed 17(544B) AllocSpace objects, 0(0B) LOS objects, 28% free, 40MB/56MB, paused 3.345ms total 74.938ms
08-06 15:49:08.404 16505 16523 I art     : Starting a blocking GC Explicit
08-06 15:49:08.468 16505 16523 I art     : Explicit concurrent mark sweep GC freed 612(25KB) AllocSpace objects, 0(0B) LOS objects, 28% free, 40MB/56MB, paused 2.684ms total 63.919ms
08-06 15:49:08.515 16505 17418 E baseline.com.newsblur.network.APIResponse: Error (unexpected end of stream on https://www.newsblur.com/...) calling https://www.newsblur.com/reader/mark_story_hashes_as_read/
08-06 15:49:08.515 16505 17418 E baseline.com.newsblur.network.APIResponse: java.io.IOException: unexpected end of stream on https://www.newsblur.com/...
08-06 15:49:08.515 16505 17418 E baseline.com.newsblur.network.APIResponse: 	at okhttp3.internal.http1.Http1ExchangeCodec.readResponseHeaders(Http1ExchangeCodec.java:236)
08-06 15:49:08.515 16505 17418 E baseline.com.newsblur.network.APIResponse: 	at okhttp3.internal.connection.Exchange.readResponseHeaders(Exchange.java:115)
08-06 15:49:08.515 16505 17418 E baseline.com.newsblur.network.APIResponse: 	at okhttp3.internal.http.CallServerInterceptor.intercept(CallServerInterceptor.java:94)
08-06 15:49:08.515 16505 17418 E baseline.com.newsblur.network.APIResponse: 	at okhttp3.internal.http.RealInterceptorChain.proceed(RealInterceptorChain.java:142)
08-06 15:49:08.515 16505 17418 E baseline.com.newsblur.network.APIResponse: 	at okhttp3.internal.connection.ConnectInterceptor.intercept(ConnectInterceptor.java:43)
08-06 15:49:08.515 16505 17418 E baseline.com.newsblur.network.APIResponse: 	at okhttp3.internal.http.RealInterceptorChain.proceed(RealInterceptorChain.java:142)
08-06 15:49:08.515 16505 17418 E baseline.com.newsblur.network.APIResponse: 	at okhttp3.internal.http.RealInterceptorChain.proceed(RealInterceptorChain.java:117)
08-06 15:49:08.515 16505 17418 E baseline.com.newsblur.network.APIResponse: 	at okhttp3.internal.cache.CacheInterceptor.intercept(CacheInterceptor.java:94)
08-06 15:49:08.515 16505 17418 E baseline.com.newsblur.network.APIResponse: 	at okhttp3.internal.http.RealInterceptorChain.proceed(RealInterceptorChain.java:142)
08-06 15:49:08.515 16505 17418 E baseline.com.newsblur.network.APIResponse: 	at okhttp3.internal.http.RealInterceptorChain.proceed(RealInterceptorChain.java:117)
08-06 15:49:08.515 16505 17418 E baseline.com.newsblur.network.APIResponse: 	at okhttp3.internal.http.BridgeInterceptor.intercept(BridgeInterceptor.java:93)
08-06 15:49:08.515 16505 17418 E baseline.com.newsblur.network.APIResponse: 	at okhttp3.internal.http.RealInterceptorChain.proceed(RealInterceptorChain.java:142)
08-06 15:49:08.515 16505 17418 E baseline.com.newsblur.network.APIResponse: 	at okhttp3.internal.http.RetryAndFollowUpInterceptor.intercept(RetryAndFollowUpInterceptor.java:88)
08-06 15:49:08.515 16505 17418 E baseline.com.newsblur.network.APIResponse: 	at okhttp3.internal.http.RealInterceptorChain.proceed(RealInterceptorChain.java:142)
08-06 15:49:08.515 16505 17418 E baseline.com.newsblur.network.APIResponse: 	at okhttp3.internal.http.RealInterceptorChain.proceed(RealInterceptorChain.java:117)
08-06 15:49:08.515 16505 17418 E baseline.com.newsblur.network.APIResponse: 	at okhttp3.RealCall.getResponseWithInterceptorChain(RealCall.java:229)
08-06 15:49:08.515 16505 17418 E baseline.com.newsblur.network.APIResponse: 	at okhttp3.RealCall.execute(RealCall.java:81)
08-06 15:49:08.515 16505 17418 E baseline.com.newsblur.network.APIResponse: 	at baseline.com.newsblur.network.APIResponse.<init>(APIResponse.java:57)
08-06 15:49:08.515 16505 17418 E baseline.com.newsblur.network.APIResponse: 	at baseline.com.newsblur.network.APIResponse.<init>(APIResponse.java:43)
08-06 15:49:08.515 16505 17418 E baseline.com.newsblur.network.APIResponse: 	at baseline.com.newsblur.network.APIManager.post_single(APIManager.java:702)
08-06 15:49:08.515 16505 17418 E baseline.com.newsblur.network.APIResponse: 	at baseline.com.newsblur.network.APIManager.post(APIManager.java:675)
08-06 15:49:08.515 16505 17418 E baseline.com.newsblur.network.APIResponse: 	at baseline.com.newsblur.network.APIManager.post(APIManager.java:714)
08-06 15:49:08.515 16505 17418 E baseline.com.newsblur.network.APIResponse: 	at baseline.com.newsblur.network.APIManager.markStoryAsRead(APIManager.java:205)
08-06 15:49:08.515 16505 17418 E baseline.com.newsblur.network.APIResponse: 	at baseline.com.newsblur.util.ReadingAction.doRemote(ReadingAction.java:281)
08-06 15:49:08.515 16505 17418 E baseline.com.newsblur.network.APIResponse: 	at baseline.com.newsblur.service.NBSyncService.syncActions(NBSyncService.java:400)
08-06 15:49:08.515 16505 17418 E baseline.com.newsblur.network.APIResponse: 	at baseline.com.newsblur.service.NBSyncService.doSync(NBSyncService.java:298)
08-06 15:49:08.515 16505 17418 E baseline.com.newsblur.network.APIResponse: 	at baseline.com.newsblur.service.NBSyncService.access$100(NBSyncService.java:67)
08-06 15:49:08.515 16505 17418 E baseline.com.newsblur.network.APIResponse: 	at baseline.com.newsblur.service.NBSyncService$1.run(NBSyncService.java:188)
08-06 15:49:08.515 16505 17418 E baseline.com.newsblur.network.APIResponse: 	at java.util.concurrent.ThreadPoolExecutor.runWorker(ThreadPoolExecutor.java:1113)
08-06 15:49:08.515 16505 17418 E baseline.com.newsblur.network.APIResponse: 	at java.util.concurrent.ThreadPoolExecutor$Worker.run(ThreadPoolExecutor.java:588)
08-06 15:49:08.515 16505 17418 E baseline.com.newsblur.network.APIResponse: 	at java.lang.Thread.run(Thread.java:818)
08-06 15:49:08.515 16505 17418 E baseline.com.newsblur.network.APIResponse: Caused by: java.io.EOFException: \n not found: limit=0 content=
08-06 15:49:08.515 16505 17418 E baseline.com.newsblur.network.APIResponse: 	at okio.RealBufferedSource.readUtf8LineStrict(RealBufferedSource.java:240)
08-06 15:49:08.515 16505 17418 E baseline.com.newsblur.network.APIResponse: 	at okhttp3.internal.http1.Http1ExchangeCodec.readHeaderLine(Http1ExchangeCodec.java:242)
08-06 15:49:08.515 16505 17418 E baseline.com.newsblur.network.APIResponse: 	at okhttp3.internal.http1.Http1ExchangeCodec.readResponseHeaders(Http1ExchangeCodec.java:213)
08-06 15:49:08.515 16505 17418 E baseline.com.newsblur.network.APIResponse: 	... 30 more
08-06 15:49:08.517 16505 17418 I baseline.com.newsblur.service.NBSyncService: Holding reading action with server-side or network error.
08-06 15:49:08.528 16505 17418 W baseline.com.newsblur.service.NBSyncService: hard API failure
08-06 15:49:08.538 16505 17418 I baseline.com.newsblur.service.NBSyncService: recounting dirty feed sets: 1
08-06 15:49:08.540 14491 14491 I ServiceManager: Waiting for service AtCmdFwd...
08-06 15:49:08.859 16505 16516 I art     : Starting a blocking GC Explicit
08-06 15:49:08.922 16505 17418 E baseline.com.newsblur.network.APIResponse: Error (unexpected end of stream on https://www.newsblur.com/...) calling https://www.newsblur.com/reader/feed_unread_count?feed_id=0
08-06 15:49:08.922 16505 17418 E baseline.com.newsblur.network.APIResponse: java.io.IOException: unexpected end of stream on https://www.newsblur.com/...
08-06 15:49:08.922 16505 17418 E baseline.com.newsblur.network.APIResponse: 	at okhttp3.internal.http1.Http1ExchangeCodec.readResponseHeaders(Http1ExchangeCodec.java:236)
08-06 15:49:08.922 16505 17418 E baseline.com.newsblur.network.APIResponse: 	at okhttp3.internal.connection.Exchange.readResponseHeaders(Exchange.java:115)
08-06 15:49:08.922 16505 17418 E baseline.com.newsblur.network.APIResponse: 	at okhttp3.internal.http.CallServerInterceptor.intercept(CallServerInterceptor.java:94)
08-06 15:49:08.922 16505 17418 E baseline.com.newsblur.network.APIResponse: 	at okhttp3.internal.http.RealInterceptorChain.proceed(RealInterceptorChain.java:142)
08-06 15:49:08.922 16505 17418 E baseline.com.newsblur.network.APIResponse: 	at okhttp3.internal.connection.ConnectInterceptor.intercept(ConnectInterceptor.java:43)
08-06 15:49:08.922 16505 17418 E baseline.com.newsblur.network.APIResponse: 	at okhttp3.internal.http.RealInterceptorChain.proceed(RealInterceptorChain.java:142)
08-06 15:49:08.922 16505 17418 E baseline.com.newsblur.network.APIResponse: 	at okhttp3.internal.http.RealInterceptorChain.proceed(RealInterceptorChain.java:117)
08-06 15:49:08.922 16505 17418 E baseline.com.newsblur.network.APIResponse: 	at okhttp3.internal.cache.CacheInterceptor.intercept(CacheInterceptor.java:94)
08-06 15:49:08.922 16505 17418 E baseline.com.newsblur.network.APIResponse: 	at okhttp3.internal.http.RealInterceptorChain.proceed(RealInterceptorChain.java:142)
08-06 15:49:08.922 16505 17418 E baseline.com.newsblur.network.APIResponse: 	at okhttp3.internal.http.RealInterceptorChain.proceed(RealInterceptorChain.java:117)
08-06 15:49:08.922 16505 17418 E baseline.com.newsblur.network.APIResponse: 	at okhttp3.internal.http.BridgeInterceptor.intercept(BridgeInterceptor.java:93)
08-06 15:49:08.922 16505 17418 E baseline.com.newsblur.network.APIResponse: 	at okhttp3.internal.http.RealInterceptorChain.proceed(RealInterceptorChain.java:142)
08-06 15:49:08.922 16505 17418 E baseline.com.newsblur.network.APIResponse: 	at okhttp3.internal.http.RetryAndFollowUpInterceptor.intercept(RetryAndFollowUpInterceptor.java:88)
08-06 15:49:08.922 16505 17418 E baseline.com.newsblur.network.APIResponse: 	at okhttp3.internal.http.RealInterceptorChain.proceed(RealInterceptorChain.java:142)
08-06 15:49:08.922 16505 17418 E baseline.com.newsblur.network.APIResponse: 	at okhttp3.internal.http.RealInterceptorChain.proceed(RealInterceptorChain.java:117)
08-06 15:49:08.922 16505 17418 E baseline.com.newsblur.network.APIResponse: 	at okhttp3.RealCall.getResponseWithInterceptorChain(RealCall.java:229)
08-06 15:49:08.922 16505 17418 E baseline.com.newsblur.network.APIResponse: 	at okhttp3.RealCall.execute(RealCall.java:81)
08-06 15:49:08.922 16505 17418 E baseline.com.newsblur.network.APIResponse: 	at baseline.com.newsblur.network.APIResponse.<init>(APIResponse.java:57)
08-06 15:49:08.922 16505 17418 E baseline.com.newsblur.network.APIResponse: 	at baseline.com.newsblur.network.APIManager.get_single(APIManager.java:639)
08-06 15:49:08.922 16505 17418 E baseline.com.newsblur.network.APIResponse: 	at baseline.com.newsblur.network.APIManager.get(APIManager.java:625)
08-06 15:49:08.922 16505 17418 E baseline.com.newsblur.network.APIResponse: 	at baseline.com.newsblur.network.APIManager.get(APIManager.java:667)
08-06 15:49:08.922 16505 17418 E baseline.com.newsblur.network.APIResponse: 	at baseline.com.newsblur.network.APIManager.getFeedUnreadCounts(APIManager.java:274)
08-06 15:49:08.922 16505 17418 E baseline.com.newsblur.network.APIResponse: 	at baseline.com.newsblur.service.NBSyncService.checkRecounts(NBSyncService.java:660)
08-06 15:49:08.922 16505 17418 E baseline.com.newsblur.network.APIResponse: 	at baseline.com.newsblur.service.NBSyncService.doSync(NBSyncService.java:310)
08-06 15:49:08.922 16505 17418 E baseline.com.newsblur.network.APIResponse: 	at baseline.com.newsblur.service.NBSyncService.access$100(NBSyncService.java:67)
08-06 15:49:08.922 16505 17418 E baseline.com.newsblur.network.APIResponse: 	at baseline.com.newsblur.service.NBSyncService$1.run(NBSyncService.java:188)
08-06 15:49:08.922 16505 17418 E baseline.com.newsblur.network.APIResponse: 	at java.util.concurrent.ThreadPoolExecutor.runWorker(ThreadPoolExecutor.java:1113)
08-06 15:49:08.922 16505 17418 E baseline.com.newsblur.network.APIResponse: 	at java.util.concurrent.ThreadPoolExecutor$Worker.run(ThreadPoolExecutor.java:588)
08-06 15:49:08.922 16505 17418 E baseline.com.newsblur.network.APIResponse: 	at java.lang.Thread.run(Thread.java:818)
08-06 15:49:08.922 16505 17418 E baseline.com.newsblur.network.APIResponse: Caused by: java.io.EOFException: \n not found: limit=0 content=
08-06 15:49:08.922 16505 17418 E baseline.com.newsblur.network.APIResponse: 	at okio.RealBufferedSource.readUtf8LineStrict(RealBufferedSource.java:240)
08-06 15:49:08.922 16505 17418 E baseline.com.newsblur.network.APIResponse: 	at okhttp3.internal.http1.Http1ExchangeCodec.readHeaderLine(Http1ExchangeCodec.java:242)
08-06 15:49:08.922 16505 17418 E baseline.com.newsblur.network.APIResponse: 	at okhttp3.internal.http1.Http1ExchangeCodec.readResponseHeaders(Http1ExchangeCodec.java:213)
08-06 15:49:08.922 16505 17418 E baseline.com.newsblur.network.APIResponse: 	... 28 more
08-06 15:49:08.925 16505 17418 I baseline.com.newsblur.network.APIManager: API call failed, pausing before retry number 1
08-06 15:49:08.933 16505 16516 I art     : Explicit concurrent mark sweep GC freed 6394(632KB) AllocSpace objects, 7(140KB) LOS objects, 28% free, 40MB/56MB, paused 2.301ms total 72.993ms
08-06 15:49:08.953 16505 16516 I art     : Starting a blocking GC Explicit
08-06 15:49:09.014 16505 16516 I art     : Explicit concurrent mark sweep GC freed 695(63KB) AllocSpace objects, 0(0B) LOS objects, 28% free, 40MB/56MB, paused 2.140ms total 61.064ms
08-06 15:49:09.034 16505 16516 I art     : Starting a blocking GC Explicit
08-06 15:49:09.096 16505 16516 I art     : Explicit concurrent mark sweep GC freed 37(1280B) AllocSpace objects, 0(0B) LOS objects, 28% free, 40MB/56MB, paused 2.050ms total 61.934ms
08-06 15:49:09.116 16505 16516 I art     : Starting a blocking GC Explicit
08-06 15:49:09.178 16505 16516 I art     : Explicit concurrent mark sweep GC freed 8(256B) AllocSpace objects, 0(0B) LOS objects, 28% free, 40MB/56MB, paused 2.207ms total 62.176ms
08-06 15:49:09.198 16505 16516 I art     : Starting a blocking GC Explicit
08-06 15:49:09.260 16505 16516 I art     : Explicit concurrent mark sweep GC freed 8(256B) AllocSpace objects, 0(0B) LOS objects, 28% free, 40MB/56MB, paused 2.349ms total 61.167ms
08-06 15:49:09.541 14491 14491 I ServiceManager: Waiting for service AtCmdFwd...
08-06 15:49:09.684 16505 16523 I art     : Starting a blocking GC Explicit
08-06 15:49:09.749 16505 16523 I art     : Explicit concurrent mark sweep GC freed 1475(84KB) AllocSpace objects, 1(20KB) LOS objects, 28% free, 40MB/56MB, paused 2.183ms total 64.097ms
08-06 15:49:09.769 16505 16523 I art     : Starting a blocking GC Explicit
08-06 15:49:09.831 16505 16523 I art     : Explicit concurrent mark sweep GC freed 27(944B) AllocSpace objects, 0(0B) LOS objects, 28% free, 40MB/56MB, paused 2.066ms total 61.849ms
08-06 15:49:09.851 16505 16523 I art     : Starting a blocking GC Explicit
08-06 15:49:09.913 16505 16523 I art     : Explicit concurrent mark sweep GC freed 8(256B) AllocSpace objects, 0(0B) LOS objects, 28% free, 40MB/56MB, paused 2.173ms total 61.860ms
08-06 15:49:09.933 16505 16523 I art     : Starting a blocking GC Explicit
08-06 15:49:09.994 16505 16523 I art     : Explicit concurrent mark sweep GC freed 8(256B) AllocSpace objects, 0(0B) LOS objects, 28% free, 40MB/56MB, paused 2.354ms total 60.966ms
08-06 15:49:10.015 16505 16523 I art     : Starting a blocking GC Explicit
08-06 15:49:10.077 16505 16523 I art     : Explicit concurrent mark sweep GC freed 8(256B) AllocSpace objects, 0(0B) LOS objects, 28% free, 40MB/56MB, paused 2.352ms total 61.760ms
08-06 15:49:10.477 16505 16516 I art     : Starting a blocking GC Explicit
08-06 15:49:10.541 14491 14491 I ServiceManager: Waiting for service AtCmdFwd...
08-06 15:49:10.542 16505 16516 I art     : Explicit concurrent mark sweep GC freed 1631(91KB) AllocSpace objects, 1(20KB) LOS objects, 28% free, 40MB/56MB, paused 2.324ms total 65.020ms
08-06 15:49:10.562 16505 16516 I art     : Starting a blocking GC Explicit
08-06 15:49:10.624 16505 16516 I art     : Explicit concurrent mark sweep GC freed 41(2480B) AllocSpace objects, 0(0B) LOS objects, 28% free, 40MB/56MB, paused 2.448ms total 61.440ms
08-06 15:49:10.643 16505 16516 I art     : Starting a blocking GC Explicit
08-06 15:49:10.705 16505 16516 I art     : Explicit concurrent mark sweep GC freed 8(256B) AllocSpace objects, 0(0B) LOS objects, 28% free, 40MB/56MB, paused 2.110ms total 61.544ms
08-06 15:49:10.725 16505 16516 I art     : Starting a blocking GC Explicit
08-06 15:49:10.786 16505 16516 I art     : Explicit concurrent mark sweep GC freed 8(256B) AllocSpace objects, 0(0B) LOS objects, 28% free, 40MB/56MB, paused 2.093ms total 61.271ms
08-06 15:49:10.806 16505 16516 I art     : Starting a blocking GC Explicit
08-06 15:49:10.868 16505 16516 I art     : Explicit concurrent mark sweep GC freed 8(256B) AllocSpace objects, 0(0B) LOS objects, 28% free, 40MB/56MB, paused 2.113ms total 61.755ms
08-06 15:49:10.961 16505 17418 E baseline.com.newsblur.network.APIResponse: Error (unexpected end of stream on https://www.newsblur.com/...) calling https://www.newsblur.com/reader/feed_unread_count?feed_id=0
08-06 15:49:10.961 16505 17418 E baseline.com.newsblur.network.APIResponse: java.io.IOException: unexpected end of stream on https://www.newsblur.com/...
08-06 15:49:10.961 16505 17418 E baseline.com.newsblur.network.APIResponse: 	at okhttp3.internal.http1.Http1ExchangeCodec.readResponseHeaders(Http1ExchangeCodec.java:236)
08-06 15:49:10.961 16505 17418 E baseline.com.newsblur.network.APIResponse: 	at okhttp3.internal.connection.Exchange.readResponseHeaders(Exchange.java:115)
08-06 15:49:10.961 16505 17418 E baseline.com.newsblur.network.APIResponse: 	at okhttp3.internal.http.CallServerInterceptor.intercept(CallServerInterceptor.java:94)
08-06 15:49:10.961 16505 17418 E baseline.com.newsblur.network.APIResponse: 	at okhttp3.internal.http.RealInterceptorChain.proceed(RealInterceptorChain.java:142)
08-06 15:49:10.961 16505 17418 E baseline.com.newsblur.network.APIResponse: 	at okhttp3.internal.connection.ConnectInterceptor.intercept(ConnectInterceptor.java:43)
08-06 15:49:10.961 16505 17418 E baseline.com.newsblur.network.APIResponse: 	at okhttp3.internal.http.RealInterceptorChain.proceed(RealInterceptorChain.java:142)
08-06 15:49:10.961 16505 17418 E baseline.com.newsblur.network.APIResponse: 	at okhttp3.internal.http.RealInterceptorChain.proceed(RealInterceptorChain.java:117)
08-06 15:49:10.961 16505 17418 E baseline.com.newsblur.network.APIResponse: 	at okhttp3.internal.cache.CacheInterceptor.intercept(CacheInterceptor.java:94)
08-06 15:49:10.961 16505 17418 E baseline.com.newsblur.network.APIResponse: 	at okhttp3.internal.http.RealInterceptorChain.proceed(RealInterceptorChain.java:142)
08-06 15:49:10.961 16505 17418 E baseline.com.newsblur.network.APIResponse: 	at okhttp3.internal.http.RealInterceptorChain.proceed(RealInterceptorChain.java:117)
08-06 15:49:10.961 16505 17418 E baseline.com.newsblur.network.APIResponse: 	at okhttp3.internal.http.BridgeInterceptor.intercept(BridgeInterceptor.java:93)
08-06 15:49:10.961 16505 17418 E baseline.com.newsblur.network.APIResponse: 	at okhttp3.internal.http.RealInterceptorChain.proceed(RealInterceptorChain.java:142)
08-06 15:49:10.961 16505 17418 E baseline.com.newsblur.network.APIResponse: 	at okhttp3.internal.http.RetryAndFollowUpInterceptor.intercept(RetryAndFollowUpInterceptor.java:88)
08-06 15:49:10.961 16505 17418 E baseline.com.newsblur.network.APIResponse: 	at okhttp3.internal.http.RealInterceptorChain.proceed(RealInterceptorChain.java:142)
08-06 15:49:10.961 16505 17418 E baseline.com.newsblur.network.APIResponse: 	at okhttp3.internal.http.RealInterceptorChain.proceed(RealInterceptorChain.java:117)
08-06 15:49:10.961 16505 17418 E baseline.com.newsblur.network.APIResponse: 	at okhttp3.RealCall.getResponseWithInterceptorChain(RealCall.java:229)
08-06 15:49:10.961 16505 17418 E baseline.com.newsblur.network.APIResponse: 	at okhttp3.RealCall.execute(RealCall.java:81)
08-06 15:49:10.961 16505 17418 E baseline.com.newsblur.network.APIResponse: 	at baseline.com.newsblur.network.APIResponse.<init>(APIResponse.java:57)
08-06 15:49:10.961 16505 17418 E baseline.com.newsblur.network.APIResponse: 	at baseline.com.newsblur.network.APIManager.get_single(APIManager.java:639)
08-06 15:49:10.961 16505 17418 E baseline.com.newsblur.network.APIResponse: 	at baseline.com.newsblur.network.APIManager.get(APIManager.java:625)
08-06 15:49:10.961 16505 17418 E baseline.com.newsblur.network.APIResponse: 	at baseline.com.newsblur.network.APIManager.get(APIManager.java:667)
08-06 15:49:10.961 16505 17418 E baseline.com.newsblur.network.APIResponse: 	at baseline.com.newsblur.network.APIManager.getFeedUnreadCounts(APIManager.java:274)
08-06 15:49:10.961 16505 17418 E baseline.com.newsblur.network.APIResponse: 	at baseline.com.newsblur.service.NBSyncService.checkRecounts(NBSyncService.java:660)
08-06 15:49:10.961 16505 17418 E baseline.com.newsblur.network.APIResponse: 	at baseline.com.newsblur.service.NBSyncService.doSync(NBSyncService.java:310)
08-06 15:49:10.961 16505 17418 E baseline.com.newsblur.network.APIResponse: 	at baseline.com.newsblur.service.NBSyncService.access$100(NBSyncService.java:67)
08-06 15:49:10.961 16505 17418 E baseline.com.newsblur.network.APIResponse: 	at baseline.com.newsblur.service.NBSyncService$1.run(NBSyncService.java:188)
08-06 15:49:10.961 16505 17418 E baseline.com.newsblur.network.APIResponse: 	at java.util.concurrent.ThreadPoolExecutor.runWorker(ThreadPoolExecutor.java:1113)
08-06 15:49:10.961 16505 17418 E baseline.com.newsblur.network.APIResponse: 	at java.util.concurrent.ThreadPoolExecutor$Worker.run(ThreadPoolExecutor.java:588)
08-06 15:49:10.961 16505 17418 E baseline.com.newsblur.network.APIResponse: 	at java.lang.Thread.run(Thread.java:818)
08-06 15:49:10.961 16505 17418 E baseline.com.newsblur.network.APIResponse: Caused by: java.io.EOFException: \n not found: limit=0 content=
08-06 15:49:10.961 16505 17418 E baseline.com.newsblur.network.APIResponse: 	at okio.RealBufferedSource.readUtf8LineStrict(RealBufferedSource.java:240)
08-06 15:49:10.961 16505 17418 E baseline.com.newsblur.network.APIResponse: 	at okhttp3.internal.http1.Http1ExchangeCodec.readHeaderLine(Http1ExchangeCodec.java:242)
08-06 15:49:10.961 16505 17418 E baseline.com.newsblur.network.APIResponse: 	at okhttp3.internal.http1.Http1ExchangeCodec.readResponseHeaders(Http1ExchangeCodec.java:213)
08-06 15:49:10.961 16505 17418 E baseline.com.newsblur.network.APIResponse: 	... 28 more
08-06 15:49:10.962 16505 17418 I baseline.com.newsblur.network.APIManager: API call failed, pausing before retry number 2
08-06 15:49:11.266 16505 16517 I art     : Starting a blocking GC Explicit
08-06 15:49:11.330 16505 16517 I art     : Explicit concurrent mark sweep GC freed 3964(356KB) AllocSpace objects, 3(60KB) LOS objects, 28% free, 40MB/56MB, paused 2.208ms total 64.278ms
08-06 15:49:11.341   518   646 I ThermalEngine: ACTION: GPU - Setting GPU[0] to 450000000
08-06 15:49:11.351 16505 16517 I art     : Starting a blocking GC Explicit
08-06 15:49:11.400 16505 16517 I art     : Explicit concurrent mark sweep GC freed 124(4KB) AllocSpace objects, 0(0B) LOS objects, 28% free, 40MB/56MB, paused 1.379ms total 48.214ms
08-06 15:49:11.413 16505 16517 I art     : Starting a blocking GC Explicit
08-06 15:49:11.462 16505 16517 I art     : Explicit concurrent mark sweep GC freed 7(224B) AllocSpace objects, 0(0B) LOS objects, 28% free, 40MB/56MB, paused 1.508ms total 49.211ms
08-06 15:49:11.476 16505 16517 I art     : Starting a blocking GC Explicit
08-06 15:49:11.526 16505 16517 I art     : Explicit concurrent mark sweep GC freed 7(224B) AllocSpace objects, 0(0B) LOS objects, 28% free, 40MB/56MB, paused 1.330ms total 50.130ms
08-06 15:49:11.540 16505 16517 I art     : Starting a blocking GC Explicit
08-06 15:49:11.542 14491 14491 I ServiceManager: Waiting for service AtCmdFwd...
08-06 15:49:11.591 16505 16517 I art     : Explicit concurrent mark sweep GC freed 7(224B) AllocSpace objects, 0(0B) LOS objects, 28% free, 40MB/56MB, paused 1.339ms total 50.760ms
08-06 15:49:11.974 16505 16523 I art     : Starting a blocking GC Explicit
08-06 15:49:12.026 16505 16523 I art     : Explicit concurrent mark sweep GC freed 1471(84KB) AllocSpace objects, 1(20KB) LOS objects, 28% free, 40MB/56MB, paused 1.409ms total 51.408ms
08-06 15:49:12.040 16505 16523 I art     : Starting a blocking GC Explicit
08-06 15:49:12.092 16505 16523 I art     : Explicit concurrent mark sweep GC freed 26(912B) AllocSpace objects, 0(0B) LOS objects, 28% free, 40MB/56MB, paused 1.429ms total 51.475ms
08-06 15:49:12.106 16505 16523 I art     : Starting a blocking GC Explicit
08-06 15:49:12.157 16505 16523 I art     : Explicit concurrent mark sweep GC freed 7(224B) AllocSpace objects, 0(0B) LOS objects, 28% free, 40MB/56MB, paused 1.469ms total 51.383ms
08-06 15:49:12.171 16505 16523 I art     : Starting a blocking GC Explicit
08-06 15:49:12.222 16505 16523 I art     : Explicit concurrent mark sweep GC freed 6(192B) AllocSpace objects, 0(0B) LOS objects, 28% free, 40MB/56MB, paused 1.352ms total 50.690ms
08-06 15:49:12.236 16505 16523 I art     : Starting a blocking GC Explicit
08-06 15:49:12.287 16505 16523 I art     : Explicit concurrent mark sweep GC freed 7(224B) AllocSpace objects, 0(0B) LOS objects, 28% free, 40MB/56MB, paused 1.424ms total 50.847ms
08-06 15:49:12.542 14491 14491 I ServiceManager: Waiting for service AtCmdFwd...
08-06 15:49:12.681 16505 16517 I art     : Starting a blocking GC Explicit
08-06 15:49:12.734 16505 16517 I art     : Explicit concurrent mark sweep GC freed 1471(83KB) AllocSpace objects, 1(20KB) LOS objects, 28% free, 40MB/56MB, paused 1.440ms total 52.742ms
08-06 15:49:12.747 16505 16517 I art     : Starting a blocking GC Explicit
08-06 15:49:12.798 16505 16517 I art     : Explicit concurrent mark sweep GC freed 26(912B) AllocSpace objects, 0(0B) LOS objects, 28% free, 40MB/56MB, paused 1.429ms total 50.647ms
08-06 15:49:12.812 16505 16517 I art     : Starting a blocking GC Explicit
08-06 15:49:12.863 16505 16517 I art     : Explicit concurrent mark sweep GC freed 7(224B) AllocSpace objects, 0(0B) LOS objects, 28% free, 40MB/56MB, paused 1.363ms total 50.500ms
08-06 15:49:12.877 16505 16517 I art     : Starting a blocking GC Explicit
08-06 15:49:12.928 16505 16517 I art     : Explicit concurrent mark sweep GC freed 7(224B) AllocSpace objects, 0(0B) LOS objects, 28% free, 40MB/56MB, paused 1.466ms total 51.090ms
08-06 15:49:12.942 16505 16517 I art     : Starting a blocking GC Explicit
08-06 15:49:12.992 16505 16517 I art     : Explicit concurrent mark sweep GC freed 7(224B) AllocSpace objects, 0(0B) LOS objects, 28% free, 40MB/56MB, paused 1.406ms total 49.850ms
08-06 15:49:13.363 16505 16766 I art     : Starting a blocking GC Explicit
08-06 15:49:13.416 16505 16766 I art     : Explicit concurrent mark sweep GC freed 1470(84KB) AllocSpace objects, 1(20KB) LOS objects, 28% free, 40MB/56MB, paused 1.522ms total 53.612ms
08-06 15:49:13.430 16505 16766 I art     : Starting a blocking GC Explicit
08-06 15:49:13.481 16505 16766 I art     : Explicit concurrent mark sweep GC freed 26(912B) AllocSpace objects, 0(0B) LOS objects, 28% free, 40MB/56MB, paused 1.370ms total 50.243ms
08-06 15:49:13.494 16505 16766 I art     : Starting a blocking GC Explicit
08-06 15:49:13.542 14491 14491 W Atfwd_Sendcmd: AtCmdFwd service not published, waiting... retryCnt : 2
08-06 15:49:13.546 16505 16766 I art     : Explicit concurrent mark sweep GC freed 6(192B) AllocSpace objects, 0(0B) LOS objects, 28% free, 40MB/56MB, paused 1.352ms total 51.697ms
08-06 15:49:13.560 16505 16766 I art     : Starting a blocking GC Explicit
08-06 15:49:13.610 16505 16766 I art     : Explicit concurrent mark sweep GC freed 8(256B) AllocSpace objects, 0(0B) LOS objects, 28% free, 40MB/56MB, paused 1.423ms total 49.583ms
08-06 15:49:13.623 16505 16766 I art     : Starting a blocking GC Explicit
08-06 15:49:13.676 16505 16766 I art     : Explicit concurrent mark sweep GC freed 7(224B) AllocSpace objects, 0(0B) LOS objects, 28% free, 40MB/56MB, paused 1.369ms total 52.056ms
08-06 15:49:14.075 16505 16516 I art     : Starting a blocking GC Explicit
08-06 15:49:14.130 16505 16516 I art     : Explicit concurrent mark sweep GC freed 1637(92KB) AllocSpace objects, 1(20KB) LOS objects, 28% free, 40MB/56MB, paused 1.493ms total 54.254ms
08-06 15:49:14.144 16505 16516 I art     : Starting a blocking GC Explicit
08-06 15:49:14.195 16505 16516 I art     : Explicit concurrent mark sweep GC freed 32(1168B) AllocSpace objects, 0(0B) LOS objects, 28% free, 40MB/56MB, paused 1.410ms total 51.300ms
08-06 15:49:14.209 16505 16516 I art     : Starting a blocking GC Explicit
08-06 15:49:14.261 16505 16516 I art     : Explicit concurrent mark sweep GC freed 7(224B) AllocSpace objects, 0(0B) LOS objects, 28% free, 40MB/56MB, paused 1.490ms total 52.187ms
08-06 15:49:14.275 16505 16516 I art     : Starting a blocking GC Explicit
08-06 15:49:14.326 16505 16516 I art     : Explicit concurrent mark sweep GC freed 6(192B) AllocSpace objects, 0(0B) LOS objects, 28% free, 40MB/56MB, paused 1.448ms total 50.918ms
08-06 15:49:14.340 16505 16516 I art     : Starting a blocking GC Explicit
08-06 15:49:14.392 16505 16516 I art     : Explicit concurrent mark sweep GC freed 7(224B) AllocSpace objects, 0(0B) LOS objects, 28% free, 40MB/56MB, paused 1.462ms total 52.102ms
08-06 15:49:14.464 16505 17418 E baseline.com.newsblur.network.APIResponse: Error (unexpected end of stream on https://www.newsblur.com/...) calling https://www.newsblur.com/reader/feed_unread_count?feed_id=0
08-06 15:49:14.464 16505 17418 E baseline.com.newsblur.network.APIResponse: java.io.IOException: unexpected end of stream on https://www.newsblur.com/...
08-06 15:49:14.464 16505 17418 E baseline.com.newsblur.network.APIResponse: 	at okhttp3.internal.http1.Http1ExchangeCodec.readResponseHeaders(Http1ExchangeCodec.java:236)
08-06 15:49:14.464 16505 17418 E baseline.com.newsblur.network.APIResponse: 	at okhttp3.internal.connection.Exchange.readResponseHeaders(Exchange.java:115)
08-06 15:49:14.464 16505 17418 E baseline.com.newsblur.network.APIResponse: 	at okhttp3.internal.http.CallServerInterceptor.intercept(CallServerInterceptor.java:94)
08-06 15:49:14.464 16505 17418 E baseline.com.newsblur.network.APIResponse: 	at okhttp3.internal.http.RealInterceptorChain.proceed(RealInterceptorChain.java:142)
08-06 15:49:14.464 16505 17418 E baseline.com.newsblur.network.APIResponse: 	at okhttp3.internal.connection.ConnectInterceptor.intercept(ConnectInterceptor.java:43)
08-06 15:49:14.464 16505 17418 E baseline.com.newsblur.network.APIResponse: 	at okhttp3.internal.http.RealInterceptorChain.proceed(RealInterceptorChain.java:142)
08-06 15:49:14.464 16505 17418 E baseline.com.newsblur.network.APIResponse: 	at okhttp3.internal.http.RealInterceptorChain.proceed(RealInterceptorChain.java:117)
08-06 15:49:14.464 16505 17418 E baseline.com.newsblur.network.APIResponse: 	at okhttp3.internal.cache.CacheInterceptor.intercept(CacheInterceptor.java:94)
08-06 15:49:14.464 16505 17418 E baseline.com.newsblur.network.APIResponse: 	at okhttp3.internal.http.RealInterceptorChain.proceed(RealInterceptorChain.java:142)
08-06 15:49:14.464 16505 17418 E baseline.com.newsblur.network.APIResponse: 	at okhttp3.internal.http.RealInterceptorChain.proceed(RealInterceptorChain.java:117)
08-06 15:49:14.464 16505 17418 E baseline.com.newsblur.network.APIResponse: 	at okhttp3.internal.http.BridgeInterceptor.intercept(BridgeInterceptor.java:93)
08-06 15:49:14.464 16505 17418 E baseline.com.newsblur.network.APIResponse: 	at okhttp3.internal.http.RealInterceptorChain.proceed(RealInterceptorChain.java:142)
08-06 15:49:14.464 16505 17418 E baseline.com.newsblur.network.APIResponse: 	at okhttp3.internal.http.RetryAndFollowUpInterceptor.intercept(RetryAndFollowUpInterceptor.java:88)
08-06 15:49:14.464 16505 17418 E baseline.com.newsblur.network.APIResponse: 	at okhttp3.internal.http.RealInterceptorChain.proceed(RealInterceptorChain.java:142)
08-06 15:49:14.464 16505 17418 E baseline.com.newsblur.network.APIResponse: 	at okhttp3.internal.http.RealInterceptorChain.proceed(RealInterceptorChain.java:117)
08-06 15:49:14.464 16505 17418 E baseline.com.newsblur.network.APIResponse: 	at okhttp3.RealCall.getResponseWithInterceptorChain(RealCall.java:229)
08-06 15:49:14.464 16505 17418 E baseline.com.newsblur.network.APIResponse: 	at okhttp3.RealCall.execute(RealCall.java:81)
08-06 15:49:14.464 16505 17418 E baseline.com.newsblur.network.APIResponse: 	at baseline.com.newsblur.network.APIResponse.<init>(APIResponse.java:57)
08-06 15:49:14.464 16505 17418 E baseline.com.newsblur.network.APIResponse: 	at baseline.com.newsblur.network.APIManager.get_single(APIManager.java:639)
08-06 15:49:14.464 16505 17418 E baseline.com.newsblur.network.APIResponse: 	at baseline.com.newsblur.network.APIManager.get(APIManager.java:625)
08-06 15:49:14.464 16505 17418 E baseline.com.newsblur.network.APIResponse: 	at baseline.com.newsblur.network.APIManager.get(APIManager.java:667)
08-06 15:49:14.464 16505 17418 E baseline.com.newsblur.network.APIResponse: 	at baseline.com.newsblur.network.APIManager.getFeedUnreadCounts(APIManager.java:274)
08-06 15:49:14.464 16505 17418 E baseline.com.newsblur.network.APIResponse: 	at baseline.com.newsblur.service.NBSyncService.checkRecounts(NBSyncService.java:660)
08-06 15:49:14.464 16505 17418 E baseline.com.newsblur.network.APIResponse: 	at baseline.com.newsblur.service.NBSyncService.doSync(NBSyncService.java:310)
08-06 15:49:14.464 16505 17418 E baseline.com.newsblur.network.APIResponse: 	at baseline.com.newsblur.service.NBSyncService.access$100(NBSyncService.java:67)
08-06 15:49:14.464 16505 17418 E baseline.com.newsblur.network.APIResponse: 	at baseline.com.newsblur.service.NBSyncService$1.run(NBSyncService.java:188)
08-06 15:49:14.464 16505 17418 E baseline.com.newsblur.network.APIResponse: 	at java.util.concurrent.ThreadPoolExecutor.runWorker(ThreadPoolExecutor.java:1113)
08-06 15:49:14.464 16505 17418 E baseline.com.newsblur.network.APIResponse: 	at java.util.concurrent.ThreadPoolExecutor$Worker.run(ThreadPoolExecutor.java:588)
08-06 15:49:14.464 16505 17418 E baseline.com.newsblur.network.APIResponse: 	at java.lang.Thread.run(Thread.java:818)
08-06 15:49:14.464 16505 17418 E baseline.com.newsblur.network.APIResponse: Caused by: java.io.EOFException: \n not found: limit=0 content=
08-06 15:49:14.464 16505 17418 E baseline.com.newsblur.network.APIResponse: 	at okio.RealBufferedSource.readUtf8LineStrict(RealBufferedSource.java:240)
08-06 15:49:14.464 16505 17418 E baseline.com.newsblur.network.APIResponse: 	at okhttp3.internal.http1.Http1ExchangeCodec.readHeaderLine(Http1ExchangeCodec.java:242)
08-06 15:49:14.464 16505 17418 E baseline.com.newsblur.network.APIResponse: 	at okhttp3.internal.http1.Http1ExchangeCodec.readResponseHeaders(Http1ExchangeCodec.java:213)
08-06 15:49:14.464 16505 17418 E baseline.com.newsblur.network.APIResponse: 	... 28 more
08-06 15:49:14.466 16505 17418 W baseline.com.newsblur.service.NBSyncService: Bad response to feed_unread_count
08-06 15:49:14.467   918  1210 D NetlinkSocketObserver: NeighborEvent{elapsedMs=1875558341, 192.168.2.254, [7C3953A63323], RTM_NEWNEIGH, NUD_STALE}
08-06 15:49:14.767 16505 16517 I art     : Starting a blocking GC Explicit
08-06 15:49:14.821 16505 16517 I art     : Explicit concurrent mark sweep GC freed 4488(423KB) AllocSpace objects, 5(100KB) LOS objects, 28% free, 40MB/56MB, paused 1.622ms total 52.982ms
08-06 15:49:14.834 16505 16517 I art     : Starting a blocking GC Explicit
08-06 15:49:14.887 16505 16517 I art     : Explicit concurrent mark sweep GC freed 201(7KB) AllocSpace objects, 0(0B) LOS objects, 28% free, 40MB/56MB, paused 1.577ms total 52.347ms
08-06 15:49:14.900 16505 16517 I art     : Starting a blocking GC Explicit
08-06 15:49:14.950 16505 16517 I art     : Explicit concurrent mark sweep GC freed 1661(65KB) AllocSpace objects, 0(0B) LOS objects, 28% free, 40MB/56MB, paused 1.548ms total 49.845ms
08-06 15:49:14.964 16505 16517 I art     : Starting a blocking GC Explicit
08-06 15:49:14.969 16505 17418 I NAPPA_EXPERIMENTATION: MetricNetworkRequestExecutionTime: REQUEST_DURATION_SYSTEM='491',REQUEST_DURATION_OKHTTP='34',REQUEST_SYNCHRONOUS='TRUE',RESPONSE_CODE='200',RESPONSE_METHOD='GET',RESPONSE_LENGTH_OKHTTP='-1',RESPONSE_LENGTH_HEADER='-2',REQUEST_PROTOCOL='http/1.1',REQUEST_URL='https://www.newsblur.com/social/river_stories?order=newest&page=1&read_filter=all',
08-06 15:49:14.969 16505 17418 D MY_TAG  : 0, 491
08-06 15:49:14.994 16505 16505 D baseline.com.newsblur.service.NBSyncService: rejecting request for feedset that is exhaused
08-06 15:49:15.013 16505 16517 I art     : Explicit concurrent mark sweep GC freed 4054(281KB) AllocSpace objects, 6(120KB) LOS objects, 28% free, 40MB/56MB, paused 1.568ms total 48.660ms
08-06 15:49:15.027 16505 16517 I art     : Starting a blocking GC Explicit
08-06 15:49:15.075 16505 16517 I art     : Explicit concurrent mark sweep GC freed 505(32KB) AllocSpace objects, 0(0B) LOS objects, 28% free, 40MB/56MB, paused 1.502ms total 48.063ms
08-06 15:49:15.367 16505 17418 E baseline.com.newsblur.network.APIResponse: Error (unexpected end of stream on https://www.newsblur.com/...) calling https://www.newsblur.com/reader/mark_story_hashes_as_read/
08-06 15:49:15.367 16505 17418 E baseline.com.newsblur.network.APIResponse: java.io.IOException: unexpected end of stream on https://www.newsblur.com/...
08-06 15:49:15.367 16505 17418 E baseline.com.newsblur.network.APIResponse: 	at okhttp3.internal.http1.Http1ExchangeCodec.readResponseHeaders(Http1ExchangeCodec.java:236)
08-06 15:49:15.367 16505 17418 E baseline.com.newsblur.network.APIResponse: 	at okhttp3.internal.connection.Exchange.readResponseHeaders(Exchange.java:115)
08-06 15:49:15.367 16505 17418 E baseline.com.newsblur.network.APIResponse: 	at okhttp3.internal.http.CallServerInterceptor.intercept(CallServerInterceptor.java:94)
08-06 15:49:15.367 16505 17418 E baseline.com.newsblur.network.APIResponse: 	at okhttp3.internal.http.RealInterceptorChain.proceed(RealInterceptorChain.java:142)
08-06 15:49:15.367 16505 17418 E baseline.com.newsblur.network.APIResponse: 	at okhttp3.internal.connection.ConnectInterceptor.intercept(ConnectInterceptor.java:43)
08-06 15:49:15.367 16505 17418 E baseline.com.newsblur.network.APIResponse: 	at okhttp3.internal.http.RealInterceptorChain.proceed(RealInterceptorChain.java:142)
08-06 15:49:15.367 16505 17418 E baseline.com.newsblur.network.APIResponse: 	at okhttp3.internal.http.RealInterceptorChain.proceed(RealInterceptorChain.java:117)
08-06 15:49:15.367 16505 17418 E baseline.com.newsblur.network.APIResponse: 	at okhttp3.internal.cache.CacheInterceptor.intercept(CacheInterceptor.java:94)
08-06 15:49:15.367 16505 17418 E baseline.com.newsblur.network.APIResponse: 	at okhttp3.internal.http.RealInterceptorChain.proceed(RealInterceptorChain.java:142)
08-06 15:49:15.367 16505 17418 E baseline.com.newsblur.network.APIResponse: 	at okhttp3.internal.http.RealInterceptorChain.proceed(RealInterceptorChain.java:117)
08-06 15:49:15.367 16505 17418 E baseline.com.newsblur.network.APIResponse: 	at okhttp3.internal.http.BridgeInterceptor.intercept(BridgeInterceptor.java:93)
08-06 15:49:15.367 16505 17418 E baseline.com.newsblur.network.APIResponse: 	at okhttp3.internal.http.RealInterceptorChain.proceed(RealInterceptorChain.java:142)
08-06 15:49:15.367 16505 17418 E baseline.com.newsblur.network.APIResponse: 	at okhttp3.internal.http.RetryAndFollowUpInterceptor.intercept(RetryAndFollowUpInterceptor.java:88)
08-06 15:49:15.367 16505 17418 E baseline.com.newsblur.network.APIResponse: 	at okhttp3.internal.http.RealInterceptorChain.proceed(RealInterceptorChain.java:142)
08-06 15:49:15.367 16505 17418 E baseline.com.newsblur.network.APIResponse: 	at okhttp3.internal.http.RealInterceptorChain.proceed(RealInterceptorChain.java:117)
08-06 15:49:15.367 16505 17418 E baseline.com.newsblur.network.APIResponse: 	at okhttp3.RealCall.getResponseWithInterceptorChain(RealCall.java:229)
08-06 15:49:15.367 16505 17418 E baseline.com.newsblur.network.APIResponse: 	at okhttp3.RealCall.execute(RealCall.java:81)
08-06 15:49:15.367 16505 17418 E baseline.com.newsblur.network.APIResponse: 	at baseline.com.newsblur.network.APIResponse.<init>(APIResponse.java:57)
08-06 15:49:15.367 16505 17418 E baseline.com.newsblur.network.APIResponse: 	at baseline.com.newsblur.network.APIResponse.<init>(APIResponse.java:43)
08-06 15:49:15.367 16505 17418 E baseline.com.newsblur.network.APIResponse: 	at baseline.com.newsblur.network.APIManager.post_single(APIManager.java:702)
08-06 15:49:15.367 16505 17418 E baseline.com.newsblur.network.APIResponse: 	at baseline.com.newsblur.network.APIManager.post(APIManager.java:675)
08-06 15:49:15.367 16505 17418 E baseline.com.newsblur.network.APIResponse: 	at baseline.com.newsblur.network.APIManager.post(APIManager.java:714)
08-06 15:49:15.367 16505 17418 E baseline.com.newsblur.network.APIResponse: 	at baseline.com.newsblur.network.APIManager.markStoryAsRead(APIManager.java:205)
08-06 15:49:15.367 16505 17418 E baseline.com.newsblur.network.APIResponse: 	at baseline.com.newsblur.util.ReadingAction.doRemote(ReadingAction.java:281)
08-06 15:49:15.367 16505 17418 E baseline.com.newsblur.network.APIResponse: 	at baseline.com.newsblur.service.NBSyncService.syncActions(NBSyncService.java:400)
08-06 15:49:15.367 16505 17418 E baseline.com.newsblur.network.APIResponse: 	at baseline.com.newsblur.service.NBSyncService.doSync(NBSyncService.java:298)
08-06 15:49:15.367 16505 17418 E baseline.com.newsblur.network.APIResponse: 	at baseline.com.newsblur.service.NBSyncService.access$100(NBSyncService.java:67)
08-06 15:49:15.367 16505 17418 E baseline.com.newsblur.network.APIResponse: 	at baseline.com.newsblur.service.NBSyncService$1.run(NBSyncService.java:188)
08-06 15:49:15.367 16505 17418 E baseline.com.newsblur.network.APIResponse: 	at java.util.concurrent.ThreadPoolExecutor.runWorker(ThreadPoolExecutor.java:1113)
08-06 15:49:15.367 16505 17418 E baseline.com.newsblur.network.APIResponse: 	at java.util.concurrent.ThreadPoolExecutor$Worker.run(ThreadPoolExecutor.java:588)
08-06 15:49:15.367 16505 17418 E baseline.com.newsblur.network.APIResponse: 	at java.lang.Thread.run(Thread.java:818)
08-06 15:49:15.367 16505 17418 E baseline.com.newsblur.network.APIResponse: Caused by: java.io.EOFException: \n not found: limit=0 content=
08-06 15:49:15.367 16505 17418 E baseline.com.newsblur.network.APIResponse: 	at okio.RealBufferedSource.readUtf8LineStrict(RealBufferedSource.java:240)
08-06 15:49:15.367 16505 17418 E baseline.com.newsblur.network.APIResponse: 	at okhttp3.internal.http1.Http1ExchangeCodec.readHeaderLine(Http1ExchangeCodec.java:242)
08-06 15:49:15.367 16505 17418 E baseline.com.newsblur.network.APIResponse: 	at okhttp3.internal.http1.Http1ExchangeCodec.readResponseHeaders(Http1ExchangeCodec.java:213)
08-06 15:49:15.367 16505 17418 E baseline.com.newsblur.network.APIResponse: 	... 30 more
08-06 15:49:15.369 16505 17418 I baseline.com.newsblur.network.APIManager: API call failed, pausing before retry number 1
08-06 15:49:15.461 16505 16516 I art     : Starting a blocking GC Explicit
08-06 15:49:15.513 16505 16516 I art     : Explicit concurrent mark sweep GC freed 4038(362KB) AllocSpace objects, 3(60KB) LOS objects, 28% free, 40MB/56MB, paused 1.458ms total 51.857ms
08-06 15:49:15.527 16505 16516 I art     : Starting a blocking GC Explicit
08-06 15:49:15.578 16505 16516 I art     : Explicit concurrent mark sweep GC freed 120(4KB) AllocSpace objects, 0(0B) LOS objects, 28% free, 40MB/56MB, paused 1.556ms total 51.057ms
08-06 15:49:15.592 16505 16516 I art     : Starting a blocking GC Explicit
08-06 15:49:15.645 16505 16516 I art     : Explicit concurrent mark sweep GC freed 3(96B) AllocSpace objects, 0(0B) LOS objects, 28% free, 40MB/56MB, paused 1.391ms total 53.384ms
08-06 15:49:15.659 16505 16516 I art     : Starting a blocking GC Explicit
08-06 15:49:15.716 16505 16516 I art     : Explicit concurrent mark sweep GC freed 3(96B) AllocSpace objects, 0(0B) LOS objects, 28% free, 40MB/56MB, paused 1.513ms total 56.339ms
08-06 15:49:15.730 16505 16516 I art     : Starting a blocking GC Explicit
08-06 15:49:15.786 16505 16516 I art     : Explicit concurrent mark sweep GC freed 3(96B) AllocSpace objects, 0(0B) LOS objects, 28% free, 40MB/56MB, paused 1.530ms total 55.456ms
08-06 15:49:16.165 16505 16766 I art     : Starting a blocking GC Explicit
08-06 15:49:16.223 16505 16766 I art     : Explicit concurrent mark sweep GC freed 1444(83KB) AllocSpace objects, 1(20KB) LOS objects, 28% free, 40MB/56MB, paused 1.536ms total 58.231ms
08-06 15:49:16.241 16505 16766 I art     : Starting a blocking GC Explicit
08-06 15:49:16.295 16505 16766 I art     : Explicit concurrent mark sweep GC freed 22(784B) AllocSpace objects, 0(0B) LOS objects, 28% free, 40MB/56MB, paused 1.515ms total 54.422ms
08-06 15:49:16.309 16505 16766 I art     : Starting a blocking GC Explicit
08-06 15:49:16.366 16505 16766 I art     : Explicit concurrent mark sweep GC freed 3(96B) AllocSpace objects, 0(0B) LOS objects, 28% free, 40MB/56MB, paused 1.536ms total 56.378ms
08-06 15:49:16.383 16505 16766 I art     : Starting a blocking GC Explicit
08-06 15:49:16.434 16505 16766 I art     : Explicit concurrent mark sweep GC freed 3(96B) AllocSpace objects, 0(0B) LOS objects, 28% free, 40MB/56MB, paused 1.451ms total 50.396ms
08-06 15:49:16.447 16505 16766 I art     : Starting a blocking GC Explicit
08-06 15:49:16.502 16505 16766 I art     : Explicit concurrent mark sweep GC freed 3(96B) AllocSpace objects, 0(0B) LOS objects, 28% free, 40MB/56MB, paused 1.514ms total 54.928ms
08-06 15:49:16.900 16505 16523 I art     : Starting a blocking GC Explicit
08-06 15:49:16.955 16505 16523 I art     : Explicit concurrent mark sweep GC freed 1535(86KB) AllocSpace objects, 1(20KB) LOS objects, 28% free, 40MB/56MB, paused 1.485ms total 54.829ms
08-06 15:49:16.968 16505 16523 I art     : Starting a blocking GC Explicit
08-06 15:49:17.017 16505 16523 I art     : Explicit concurrent mark sweep GC freed 102(6KB) AllocSpace objects, 0(0B) LOS objects, 28% free, 40MB/56MB, paused 1.509ms total 48.191ms
08-06 15:49:17.030 16505 16523 I art     : Starting a blocking GC Explicit
08-06 15:49:17.081 16505 16523 I art     : Explicit concurrent mark sweep GC freed 3(96B) AllocSpace objects, 0(0B) LOS objects, 28% free, 40MB/56MB, paused 1.564ms total 50.908ms
08-06 15:49:17.095 16505 16523 I art     : Starting a blocking GC Explicit
08-06 15:49:17.146 16505 16523 I art     : Explicit concurrent mark sweep GC freed 3(96B) AllocSpace objects, 0(0B) LOS objects, 28% free, 40MB/56MB, paused 1.446ms total 51.080ms
08-06 15:49:17.160 16505 16523 I art     : Starting a blocking GC Explicit
08-06 15:49:17.214 16505 16523 I art     : Explicit concurrent mark sweep GC freed 3(96B) AllocSpace objects, 0(0B) LOS objects, 28% free, 40MB/56MB, paused 1.488ms total 53.573ms
08-06 15:49:17.432 16505 17418 E baseline.com.newsblur.network.APIResponse: Error (unexpected end of stream on https://www.newsblur.com/...) calling https://www.newsblur.com/reader/mark_story_hashes_as_read/
08-06 15:49:17.432 16505 17418 E baseline.com.newsblur.network.APIResponse: java.io.IOException: unexpected end of stream on https://www.newsblur.com/...
08-06 15:49:17.432 16505 17418 E baseline.com.newsblur.network.APIResponse: 	at okhttp3.internal.http1.Http1ExchangeCodec.readResponseHeaders(Http1ExchangeCodec.java:236)
08-06 15:49:17.432 16505 17418 E baseline.com.newsblur.network.APIResponse: 	at okhttp3.internal.connection.Exchange.readResponseHeaders(Exchange.java:115)
08-06 15:49:17.432 16505 17418 E baseline.com.newsblur.network.APIResponse: 	at okhttp3.internal.http.CallServerInterceptor.intercept(CallServerInterceptor.java:94)
08-06 15:49:17.432 16505 17418 E baseline.com.newsblur.network.APIResponse: 	at okhttp3.internal.http.RealInterceptorChain.proceed(RealInterceptorChain.java:142)
08-06 15:49:17.432 16505 17418 E baseline.com.newsblur.network.APIResponse: 	at okhttp3.internal.connection.ConnectInterceptor.intercept(ConnectInterceptor.java:43)
08-06 15:49:17.432 16505 17418 E baseline.com.newsblur.network.APIResponse: 	at okhttp3.internal.http.RealInterceptorChain.proceed(RealInterceptorChain.java:142)
08-06 15:49:17.432 16505 17418 E baseline.com.newsblur.network.APIResponse: 	at okhttp3.internal.http.RealInterceptorChain.proceed(RealInterceptorChain.java:117)
08-06 15:49:17.432 16505 17418 E baseline.com.newsblur.network.APIResponse: 	at okhttp3.internal.cache.CacheInterceptor.intercept(CacheInterceptor.java:94)
08-06 15:49:17.432 16505 17418 E baseline.com.newsblur.network.APIResponse: 	at okhttp3.internal.http.RealInterceptorChain.proceed(RealInterceptorChain.java:142)
08-06 15:49:17.432 16505 17418 E baseline.com.newsblur.network.APIResponse: 	at okhttp3.internal.http.RealInterceptorChain.proceed(RealInterceptorChain.java:117)
08-06 15:49:17.432 16505 17418 E baseline.com.newsblur.network.APIResponse: 	at okhttp3.internal.http.BridgeInterceptor.intercept(BridgeInterceptor.java:93)
08-06 15:49:17.432 16505 17418 E baseline.com.newsblur.network.APIResponse: 	at okhttp3.internal.http.RealInterceptorChain.proceed(RealInterceptorChain.java:142)
08-06 15:49:17.432 16505 17418 E baseline.com.newsblur.network.APIResponse: 	at okhttp3.internal.http.RetryAndFollowUpInterceptor.intercept(RetryAndFollowUpInterceptor.java:88)
08-06 15:49:17.432 16505 17418 E baseline.com.newsblur.network.APIResponse: 	at okhttp3.internal.http.RealInterceptorChain.proceed(RealInterceptorChain.java:142)
08-06 15:49:17.432 16505 17418 E baseline.com.newsblur.network.APIResponse: 	at okhttp3.internal.http.RealInterceptorChain.proceed(RealInterceptorChain.java:117)
08-06 15:49:17.432 16505 17418 E baseline.com.newsblur.network.APIResponse: 	at okhttp3.RealCall.getResponseWithInterceptorChain(RealCall.java:229)
08-06 15:49:17.432 16505 17418 E baseline.com.newsblur.network.APIResponse: 	at okhttp3.RealCall.execute(RealCall.java:81)
08-06 15:49:17.432 16505 17418 E baseline.com.newsblur.network.APIResponse: 	at baseline.com.newsblur.network.APIResponse.<init>(APIResponse.java:57)
08-06 15:49:17.432 16505 17418 E baseline.com.newsblur.network.APIResponse: 	at baseline.com.newsblur.network.APIResponse.<init>(APIResponse.java:43)
08-06 15:49:17.432 16505 17418 E baseline.com.newsblur.network.APIResponse: 	at baseline.com.newsblur.network.APIManager.post_single(APIManager.java:702)
08-06 15:49:17.432 16505 17418 E baseline.com.newsblur.network.APIResponse: 	at baseline.com.newsblur.network.APIManager.post(APIManager.java:675)
08-06 15:49:17.432 16505 17418 E baseline.com.newsblur.network.APIResponse: 	at baseline.com.newsblur.network.APIManager.post(APIManager.java:714)
08-06 15:49:17.432 16505 17418 E baseline.com.newsblur.network.APIResponse: 	at baseline.com.newsblur.network.APIManager.markStoryAsRead(APIManager.java:205)
08-06 15:49:17.432 16505 17418 E baseline.com.newsblur.network.APIResponse: 	at baseline.com.newsblur.util.ReadingAction.doRemote(ReadingAction.java:281)
08-06 15:49:17.432 16505 17418 E baseline.com.newsblur.network.APIResponse: 	at baseline.com.newsblur.service.NBSyncService.syncActions(NBSyncService.java:400)
08-06 15:49:17.432 16505 17418 E baseline.com.newsblur.network.APIResponse: 	at baseline.com.newsblur.service.NBSyncService.doSync(NBSyncService.java:298)
08-06 15:49:17.432 16505 17418 E baseline.com.newsblur.network.APIResponse: 	at baseline.com.newsblur.service.NBSyncService.access$100(NBSyncService.java:67)
08-06 15:49:17.432 16505 17418 E baseline.com.newsblur.network.APIResponse: 	at baseline.com.newsblur.service.NBSyncService$1.run(NBSyncService.java:188)
08-06 15:49:17.432 16505 17418 E baseline.com.newsblur.network.APIResponse: 	at java.util.concurrent.ThreadPoolExecutor.runWorker(ThreadPoolExecutor.java:1113)
08-06 15:49:17.432 16505 17418 E baseline.com.newsblur.network.APIResponse: 	at java.util.concurrent.ThreadPoolExecutor$Worker.run(ThreadPoolExecutor.java:588)
08-06 15:49:17.432 16505 17418 E baseline.com.newsblur.network.APIResponse: 	at java.lang.Thread.run(Thread.java:818)
08-06 15:49:17.432 16505 17418 E baseline.com.newsblur.network.APIResponse: Caused by: java.io.EOFException: \n not found: limit=0 content=
08-06 15:49:17.432 16505 17418 E baseline.com.newsblur.network.APIResponse: 	at okio.RealBufferedSource.readUtf8LineStrict(RealBufferedSource.java:240)
08-06 15:49:17.432 16505 17418 E baseline.com.newsblur.network.APIResponse: 	at okhttp3.internal.http1.Http1ExchangeCodec.readHeaderLine(Http1ExchangeCodec.java:242)
08-06 15:49:17.432 16505 17418 E baseline.com.newsblur.network.APIResponse: 	at okhttp3.internal.http1.Http1ExchangeCodec.readResponseHeaders(Http1ExchangeCodec.java:213)
08-06 15:49:17.432 16505 17418 E baseline.com.newsblur.network.APIResponse: 	... 30 more
08-06 15:49:17.434 16505 17418 I baseline.com.newsblur.network.APIManager: API call failed, pausing before retry number 2
08-06 15:49:17.469 18129 18129 D AndroidRuntime: >>>>>> START com.android.internal.os.RuntimeInit uid 2000 <<<<<<
08-06 15:49:17.475 18129 18129 D AndroidRuntime: CheckJNI is OFF
08-06 15:49:17.517 18129 18129 D ICU     : No timezone override file found: /data/misc/zoneinfo/current/icu/icu_tzdata.dat
08-06 15:49:17.559 18129 18129 I Radio-JNI: register_android_hardware_Radio DONE
08-06 15:49:17.582 16505 16517 I art     : Starting a blocking GC Explicit
08-06 15:49:17.588 18129 18129 D AndroidRuntime: Calling main entry com.android.commands.input.Input
08-06 15:49:17.591 18129 18129 I Input   : injectMotionEvent: MotionEvent { action=ACTION_DOWN, actionButton=0, id[0]=0, x[0]=436.0, y[0]=453.0, toolType[0]=TOOL_TYPE_UNKNOWN, buttonState=0, metaState=0, flags=0x0, edgeFlags=0x0, pointerCount=1, historySize=0, eventTime=892174003, downTime=892174003, deviceId=0, source=0x1002 }
08-06 15:49:17.596 18129 18129 I Input   : injectMotionEvent: MotionEvent { action=ACTION_UP, actionButton=0, id[0]=0, x[0]=436.0, y[0]=453.0, toolType[0]=TOOL_TYPE_UNKNOWN, buttonState=0, metaState=0, flags=0x0, edgeFlags=0x0, pointerCount=1, historySize=0, eventTime=892174003, downTime=892174003, deviceId=0, source=0x1002 }
08-06 15:49:17.598 18129 18129 D AndroidRuntime: Shutting down VM
08-06 15:49:17.620   512  2967 D audio_hw_primary: out_set_parameters: enter: usecase(1: low-latency-playback) kvpairs: routing=2
08-06 15:49:17.623   918   929 I ActivityManager: START u0 {cmp=baseline.com.newsblur/.activity.AllSharedStoriesReading (has extras)} from uid 10698 on display 0
08-06 15:49:17.634   512  2967 D audio_hw_primary: select_devices: out_snd_device(2: speaker) in_snd_device(0: none)
08-06 15:49:17.634   512  2967 D msm8974_platform: platform_send_audio_calibration: sending audio calibration for snd_device(2) acdb_id(15)
08-06 15:49:17.634   512  2967 I soundtrigger: audio_extn_sound_trigger_update_device_status: device 0x2 of type 0 for Event 1
08-06 15:49:17.638 16505 16517 I art     : Explicit concurrent mark sweep GC freed 4570(442KB) AllocSpace objects, 4(80KB) LOS objects, 28% free, 40MB/56MB, paused 1.486ms total 55.521ms
08-06 15:49:17.644   512  2967 D audio_hw_primary: enable_snd_device: snd_device(2: speaker)
08-06 15:49:17.647   512  2967 D audio_hw_primary: enable_audio_route: apply and update mixer path: low-latency-playback speaker
08-06 15:49:17.652 16505 16517 I art     : Starting a blocking GC Explicit
08-06 15:49:17.698 16505 16517 I art     : Explicit concurrent mark sweep GC freed 1475(120KB) AllocSpace objects, 3(488KB) LOS objects, 28% free, 40MB/56MB, paused 1.429ms total 45.452ms
08-06 15:49:17.710 16505 16517 I art     : Starting a blocking GC Explicit
08-06 15:49:17.755 16505 16517 I art     : Explicit concurrent mark sweep GC freed 202(10KB) AllocSpace objects, 0(0B) LOS objects, 28% free, 40MB/56MB, paused 1.386ms total 44.836ms
08-06 15:49:17.768 16505 16517 I art     : Starting a blocking GC Explicit
08-06 15:49:17.819 16505 16517 I art     : Explicit concurrent mark sweep GC freed 178(27KB) AllocSpace objects, 1(20KB) LOS objects, 28% free, 40MB/56MB, paused 1.832ms total 51.029ms
08-06 15:49:17.834 16505 16517 I art     : Starting a blocking GC Explicit
08-06 15:49:17.877   918   936 I ActivityManager: Displayed baseline.com.newsblur/.activity.AllSharedStoriesReading: +245ms
08-06 15:49:17.877 13866 13866 I GoogleInputMethodServic: GoogleInputMethodService.onFinishInput():3138 
08-06 15:49:17.879 13866 13866 I GoogleInputMethodServic: GoogleInputMethodService.onStartInput():1808 
08-06 15:49:17.881 16505 16517 I art     : Explicit concurrent mark sweep GC freed 398(33KB) AllocSpace objects, 1(20KB) LOS objects, 28% free, 40MB/56MB, paused 1.725ms total 47.524ms
08-06 15:49:18.130 16505 17093 E chromium: [ERROR:tile_manager.cc(793)] WARNING: tile memory limits exceeded, some content may not draw
08-06 15:49:18.130 16505 17093 E chromium: [ERROR:tile_manager.cc(793)] WARNING: tile memory limits exceeded, some content may not draw
08-06 15:49:18.189   512  2967 D audio_hw_primary: disable_audio_route: reset and update mixer path: low-latency-playback speaker
08-06 15:49:18.190   512  2967 D audio_hw_primary: disable_snd_device: snd_device(2: speaker)
08-06 15:49:18.198   512  2967 I soundtrigger: audio_extn_sound_trigger_update_device_status: device 0x2 of type 0 for Event 0
08-06 15:49:18.229 16505 16517 I art     : Starting a blocking GC Explicit
08-06 15:49:18.285 16505 16517 I art     : Explicit concurrent mark sweep GC freed 4286(327KB) AllocSpace objects, 14(324KB) LOS objects, 28% free, 41MB/57MB, paused 1.425ms total 55.764ms
08-06 15:49:18.298 16505 16517 I art     : Starting a blocking GC Explicit
08-06 15:49:18.346 16505 16517 I art     : Explicit concurrent mark sweep GC freed 785(36KB) AllocSpace objects, 1(28KB) LOS objects, 28% free, 41MB/57MB, paused 1.413ms total 47.268ms
08-06 15:49:18.360 16505 16517 I art     : Starting a blocking GC Explicit
08-06 15:49:18.409 16505 16517 I art     : Explicit concurrent mark sweep GC freed 5(176B) AllocSpace objects, 0(0B) LOS objects, 28% free, 41MB/57MB, paused 1.422ms total 49.508ms
08-06 15:49:18.422 16505 16517 I art     : Starting a blocking GC Explicit
08-06 15:49:18.470 16505 16517 I art     : Explicit concurrent mark sweep GC freed 3(96B) AllocSpace objects, 0(0B) LOS objects, 28% free, 41MB/57MB, paused 1.479ms total 48.032ms
08-06 15:49:18.470 16505 16515 I art     : WaitForGcToComplete blocked for 48.331ms for cause HeapTrim
08-06 15:49:18.484 16505 16517 I art     : Starting a blocking GC Explicit
08-06 15:49:18.539 16505 16517 I art     : Explicit concurrent mark sweep GC freed 3(96B) AllocSpace objects, 0(0B) LOS objects, 28% free, 41MB/57MB, paused 1.487ms total 54.639ms
08-06 15:49:18.918 16505 16516 I art     : Starting a blocking GC Explicit
08-06 15:49:18.975 16505 16516 I art     : Explicit concurrent mark sweep GC freed 1448(83KB) AllocSpace objects, 1(20KB) LOS objects, 28% free, 41MB/57MB, paused 1.463ms total 56.297ms
08-06 15:49:18.989 16505 16516 I art     : Starting a blocking GC Explicit
08-06 15:49:19.045 16505 16516 I art     : Explicit concurrent mark sweep GC freed 22(784B) AllocSpace objects, 0(0B) LOS objects, 28% free, 41MB/57MB, paused 1.428ms total 55.052ms
08-06 15:49:19.059 16505 16516 I art     : Starting a blocking GC Explicit
08-06 15:49:19.114 16505 16516 I art     : Explicit concurrent mark sweep GC freed 3(96B) AllocSpace objects, 0(0B) LOS objects, 28% free, 41MB/57MB, paused 1.487ms total 55.039ms
08-06 15:49:19.128 16505 16516 I art     : Starting a blocking GC Explicit
08-06 15:49:19.186 16505 16516 I art     : Explicit concurrent mark sweep GC freed 10(320B) AllocSpace objects, 0(0B) LOS objects, 28% free, 41MB/57MB, paused 1.616ms total 57.037ms
08-06 15:49:19.205 16505 16516 I art     : Starting a blocking GC Explicit
08-06 15:49:19.260 16505 16516 I art     : Explicit concurrent mark sweep GC freed 19(608B) AllocSpace objects, 0(0B) LOS objects, 28% free, 41MB/57MB, paused 1.460ms total 54.618ms
08-06 15:49:19.634 16505 16523 I art     : Starting a blocking GC Explicit
08-06 15:49:19.695 16505 16523 I art     : Explicit concurrent mark sweep GC freed 1482(84KB) AllocSpace objects, 1(20KB) LOS objects, 28% free, 41MB/57MB, paused 1.525ms total 60.753ms
08-06 15:49:19.711 16505 16523 I art     : Starting a blocking GC Explicit
08-06 15:49:19.771 16505 16523 I art     : Explicit concurrent mark sweep GC freed 22(784B) AllocSpace objects, 0(0B) LOS objects, 28% free, 41MB/57MB, paused 1.531ms total 59.690ms
08-06 15:49:19.785 16505 16523 I art     : Starting a blocking GC Explicit
08-06 15:49:19.844 16505 16523 I art     : Explicit concurrent mark sweep GC freed 3(96B) AllocSpace objects, 0(0B) LOS objects, 28% free, 41MB/57MB, paused 1.548ms total 58.401ms
08-06 15:49:19.859 16505 16523 I art     : Starting a blocking GC Explicit
08-06 15:49:19.920 16505 16523 I art     : Explicit concurrent mark sweep GC freed 3(96B) AllocSpace objects, 0(0B) LOS objects, 28% free, 41MB/57MB, paused 1.484ms total 60.996ms
08-06 15:49:19.939 16505 16523 I art     : Starting a blocking GC Explicit
08-06 15:49:19.995 16505 16523 I art     : Explicit concurrent mark sweep GC freed 3(96B) AllocSpace objects, 0(0B) LOS objects, 28% free, 41MB/57MB, paused 1.441ms total 56.261ms
08-06 15:49:20.385 16505 16517 I art     : Starting a blocking GC Explicit
08-06 15:49:20.446 16505 16517 I art     : Explicit concurrent mark sweep GC freed 1536(86KB) AllocSpace objects, 1(20KB) LOS objects, 28% free, 41MB/57MB, paused 2.132ms total 60.630ms
08-06 15:49:20.460 16505 16517 I art     : Starting a blocking GC Explicit
08-06 15:49:20.522 16505 16517 I art     : Explicit concurrent mark sweep GC freed 28(1040B) AllocSpace objects, 0(0B) LOS objects, 28% free, 41MB/57MB, paused 1.673ms total 61.854ms
08-06 15:49:20.537 16505 16517 I art     : Starting a blocking GC Explicit
08-06 15:49:20.594 16505 16517 I art     : Explicit concurrent mark sweep GC freed 68(4KB) AllocSpace objects, 0(0B) LOS objects, 28% free, 41MB/57MB, paused 1.561ms total 56.673ms
08-06 15:49:20.611 16505 16517 I art     : Starting a blocking GC Explicit
08-06 15:49:20.664 16505 16517 I art     : Explicit concurrent mark sweep GC freed 12(1408B) AllocSpace objects, 0(0B) LOS objects, 28% free, 41MB/57MB, paused 1.572ms total 52.403ms
08-06 15:49:20.677 16505 16517 I art     : Starting a blocking GC Explicit
08-06 15:49:20.730 16505 16517 I art     : Explicit concurrent mark sweep GC freed 3(96B) AllocSpace objects, 0(0B) LOS objects, 28% free, 41MB/57MB, paused 1.431ms total 52.643ms
08-06 15:49:21.001 16505 17418 E baseline.com.newsblur.network.APIResponse: Error (unexpected end of stream on https://www.newsblur.com/...) calling https://www.newsblur.com/reader/mark_story_hashes_as_read/
08-06 15:49:21.001 16505 17418 E baseline.com.newsblur.network.APIResponse: java.io.IOException: unexpected end of stream on https://www.newsblur.com/...
08-06 15:49:21.001 16505 17418 E baseline.com.newsblur.network.APIResponse: 	at okhttp3.internal.http1.Http1ExchangeCodec.readResponseHeaders(Http1ExchangeCodec.java:236)
08-06 15:49:21.001 16505 17418 E baseline.com.newsblur.network.APIResponse: 	at okhttp3.internal.connection.Exchange.readResponseHeaders(Exchange.java:115)
08-06 15:49:21.001 16505 17418 E baseline.com.newsblur.network.APIResponse: 	at okhttp3.internal.http.CallServerInterceptor.intercept(CallServerInterceptor.java:94)
08-06 15:49:21.001 16505 17418 E baseline.com.newsblur.network.APIResponse: 	at okhttp3.internal.http.RealInterceptorChain.proceed(RealInterceptorChain.java:142)
08-06 15:49:21.001 16505 17418 E baseline.com.newsblur.network.APIResponse: 	at okhttp3.internal.connection.ConnectInterceptor.intercept(ConnectInterceptor.java:43)
08-06 15:49:21.001 16505 17418 E baseline.com.newsblur.network.APIResponse: 	at okhttp3.internal.http.RealInterceptorChain.proceed(RealInterceptorChain.java:142)
08-06 15:49:21.001 16505 17418 E baseline.com.newsblur.network.APIResponse: 	at okhttp3.internal.http.RealInterceptorChain.proceed(RealInterceptorChain.java:117)
08-06 15:49:21.001 16505 17418 E baseline.com.newsblur.network.APIResponse: 	at okhttp3.internal.cache.CacheInterceptor.intercept(CacheInterceptor.java:94)
08-06 15:49:21.001 16505 17418 E baseline.com.newsblur.network.APIResponse: 	at okhttp3.internal.http.RealInterceptorChain.proceed(RealInterceptorChain.java:142)
08-06 15:49:21.001 16505 17418 E baseline.com.newsblur.network.APIResponse: 	at okhttp3.internal.http.RealInterceptorChain.proceed(RealInterceptorChain.java:117)
08-06 15:49:21.001 16505 17418 E baseline.com.newsblur.network.APIResponse: 	at okhttp3.internal.http.BridgeInterceptor.intercept(BridgeInterceptor.java:93)
08-06 15:49:21.001 16505 17418 E baseline.com.newsblur.network.APIResponse: 	at okhttp3.internal.http.RealInterceptorChain.proceed(RealInterceptorChain.java:142)
08-06 15:49:21.001 16505 17418 E baseline.com.newsblur.network.APIResponse: 	at okhttp3.internal.http.RetryAndFollowUpInterceptor.intercept(RetryAndFollowUpInterceptor.java:88)
08-06 15:49:21.001 16505 17418 E baseline.com.newsblur.network.APIResponse: 	at okhttp3.internal.http.RealInterceptorChain.proceed(RealInterceptorChain.java:142)
08-06 15:49:21.001 16505 17418 E baseline.com.newsblur.network.APIResponse: 	at okhttp3.internal.http.RealInterceptorChain.proceed(RealInterceptorChain.java:117)
08-06 15:49:21.001 16505 17418 E baseline.com.newsblur.network.APIResponse: 	at okhttp3.RealCall.getResponseWithInterceptorChain(RealCall.java:229)
08-06 15:49:21.001 16505 17418 E baseline.com.newsblur.network.APIResponse: 	at okhttp3.RealCall.execute(RealCall.java:81)
08-06 15:49:21.001 16505 17418 E baseline.com.newsblur.network.APIResponse: 	at baseline.com.newsblur.network.APIResponse.<init>(APIResponse.java:57)
08-06 15:49:21.001 16505 17418 E baseline.com.newsblur.network.APIResponse: 	at baseline.com.newsblur.network.APIResponse.<init>(APIResponse.java:43)
08-06 15:49:21.001 16505 17418 E baseline.com.newsblur.network.APIResponse: 	at baseline.com.newsblur.network.APIManager.post_single(APIManager.java:702)
08-06 15:49:21.001 16505 17418 E baseline.com.newsblur.network.APIResponse: 	at baseline.com.newsblur.network.APIManager.post(APIManager.java:675)
08-06 15:49:21.001 16505 17418 E baseline.com.newsblur.network.APIResponse: 	at baseline.com.newsblur.network.APIManager.post(APIManager.java:714)
08-06 15:49:21.001 16505 17418 E baseline.com.newsblur.network.APIResponse: 	at baseline.com.newsblur.network.APIManager.markStoryAsRead(APIManager.java:205)
08-06 15:49:21.001 16505 17418 E baseline.com.newsblur.network.APIResponse: 	at baseline.com.newsblur.util.ReadingAction.doRemote(ReadingAction.java:281)
08-06 15:49:21.001 16505 17418 E baseline.com.newsblur.network.APIResponse: 	at baseline.com.newsblur.service.NBSyncService.syncActions(NBSyncService.java:400)
08-06 15:49:21.001 16505 17418 E baseline.com.newsblur.network.APIResponse: 	at baseline.com.newsblur.service.NBSyncService.doSync(NBSyncService.java:298)
08-06 15:49:21.001 16505 17418 E baseline.com.newsblur.network.APIResponse: 	at baseline.com.newsblur.service.NBSyncService.access$100(NBSyncService.java:67)
08-06 15:49:21.001 16505 17418 E baseline.com.newsblur.network.APIResponse: 	at baseline.com.newsblur.service.NBSyncService$1.run(NBSyncService.java:188)
08-06 15:49:21.001 16505 17418 E baseline.com.newsblur.network.APIResponse: 	at java.util.concurrent.ThreadPoolExecutor.runWorker(ThreadPoolExecutor.java:1113)
08-06 15:49:21.001 16505 17418 E baseline.com.newsblur.network.APIResponse: 	at java.util.concurrent.ThreadPoolExecutor$Worker.run(ThreadPoolExecutor.java:588)
08-06 15:49:21.001 16505 17418 E baseline.com.newsblur.network.APIResponse: 	at java.lang.Thread.run(Thread.java:818)
08-06 15:49:21.001 16505 17418 E baseline.com.newsblur.network.APIResponse: Caused by: java.io.EOFException: \n not found: limit=0 content=
08-06 15:49:21.001 16505 17418 E baseline.com.newsblur.network.APIResponse: 	at okio.RealBufferedSource.readUtf8LineStrict(RealBufferedSource.java:240)
08-06 15:49:21.001 16505 17418 E baseline.com.newsblur.network.APIResponse: 	at okhttp3.internal.http1.Http1ExchangeCodec.readHeaderLine(Http1ExchangeCodec.java:242)
08-06 15:49:21.001 16505 17418 E baseline.com.newsblur.network.APIResponse: 	at okhttp3.internal.http1.Http1ExchangeCodec.readResponseHeaders(Http1ExchangeCodec.java:213)
08-06 15:49:21.001 16505 17418 E baseline.com.newsblur.network.APIResponse: 	... 30 more
08-06 15:49:21.003 16505 17418 I baseline.com.newsblur.service.NBSyncService: Holding reading action with server-side or network error.
08-06 15:49:21.011 16505 17418 W baseline.com.newsblur.service.NBSyncService: hard API failure
08-06 15:49:21.096 16505 16516 I art     : Starting a blocking GC Explicit
08-06 15:49:21.154 16505 16516 I art     : Explicit concurrent mark sweep GC freed 4357(407KB) AllocSpace objects, 5(100KB) LOS objects, 28% free, 41MB/57MB, paused 1.524ms total 57.603ms
08-06 15:49:21.168 16505 16516 I art     : Starting a blocking GC Explicit
08-06 15:49:21.229 16505 16516 I art     : Explicit concurrent mark sweep GC freed 140(5KB) AllocSpace objects, 0(0B) LOS objects, 28% free, 41MB/57MB, paused 1.733ms total 60.049ms
08-06 15:49:21.247 16505 16516 I art     : Starting a blocking GC Explicit
08-06 15:49:21.303 16505 16516 I art     : Explicit concurrent mark sweep GC freed 3(96B) AllocSpace objects, 0(0B) LOS objects, 28% free, 41MB/57MB, paused 1.571ms total 56.730ms
08-06 15:49:21.318 16505 16516 I art     : Starting a blocking GC Explicit
08-06 15:49:21.375 16505 16516 I art     : Explicit concurrent mark sweep GC freed 610(25KB) AllocSpace objects, 0(0B) LOS objects, 28% free, 41MB/57MB, paused 1.762ms total 57.354ms
08-06 15:49:21.390 16505 16516 I art     : Starting a blocking GC Explicit
08-06 15:49:21.431 16505 17418 E baseline.com.newsblur.network.APIResponse: Error (unexpected end of stream on https://www.newsblur.com/...) calling https://www.newsblur.com/reader/mark_story_hashes_as_read/
08-06 15:49:21.431 16505 17418 E baseline.com.newsblur.network.APIResponse: java.io.IOException: unexpected end of stream on https://www.newsblur.com/...
08-06 15:49:21.431 16505 17418 E baseline.com.newsblur.network.APIResponse: 	at okhttp3.internal.http1.Http1ExchangeCodec.readResponseHeaders(Http1ExchangeCodec.java:236)
08-06 15:49:21.431 16505 17418 E baseline.com.newsblur.network.APIResponse: 	at okhttp3.internal.connection.Exchange.readResponseHeaders(Exchange.java:115)
08-06 15:49:21.431 16505 17418 E baseline.com.newsblur.network.APIResponse: 	at okhttp3.internal.http.CallServerInterceptor.intercept(CallServerInterceptor.java:94)
08-06 15:49:21.431 16505 17418 E baseline.com.newsblur.network.APIResponse: 	at okhttp3.internal.http.RealInterceptorChain.proceed(RealInterceptorChain.java:142)
08-06 15:49:21.431 16505 17418 E baseline.com.newsblur.network.APIResponse: 	at okhttp3.internal.connection.ConnectInterceptor.intercept(ConnectInterceptor.java:43)
08-06 15:49:21.431 16505 17418 E baseline.com.newsblur.network.APIResponse: 	at okhttp3.internal.http.RealInterceptorChain.proceed(RealInterceptorChain.java:142)
08-06 15:49:21.431 16505 17418 E baseline.com.newsblur.network.APIResponse: 	at okhttp3.internal.http.RealInterceptorChain.proceed(RealInterceptorChain.java:117)
08-06 15:49:21.431 16505 17418 E baseline.com.newsblur.network.APIResponse: 	at okhttp3.internal.cache.CacheInterceptor.intercept(CacheInterceptor.java:94)
08-06 15:49:21.431 16505 17418 E baseline.com.newsblur.network.APIResponse: 	at okhttp3.internal.http.RealInterceptorChain.proceed(RealInterceptorChain.java:142)
08-06 15:49:21.431 16505 17418 E baseline.com.newsblur.network.APIResponse: 	at okhttp3.internal.http.RealInterceptorChain.proceed(RealInterceptorChain.java:117)
08-06 15:49:21.431 16505 17418 E baseline.com.newsblur.network.APIResponse: 	at okhttp3.internal.http.BridgeInterceptor.intercept(BridgeInterceptor.java:93)
08-06 15:49:21.431 16505 17418 E baseline.com.newsblur.network.APIResponse: 	at okhttp3.internal.http.RealInterceptorChain.proceed(RealInterceptorChain.java:142)
08-06 15:49:21.431 16505 17418 E baseline.com.newsblur.network.APIResponse: 	at okhttp3.internal.http.RetryAndFollowUpInterceptor.intercept(RetryAndFollowUpInterceptor.java:88)
08-06 15:49:21.431 16505 17418 E baseline.com.newsblur.network.APIResponse: 	at okhttp3.internal.http.RealInterceptorChain.proceed(RealInterceptorChain.java:142)
08-06 15:49:21.431 16505 17418 E baseline.com.newsblur.network.APIResponse: 	at okhttp3.internal.http.RealInterceptorChain.proceed(RealInterceptorChain.java:117)
08-06 15:49:21.431 16505 17418 E baseline.com.newsblur.network.APIResponse: 	at okhttp3.RealCall.getResponseWithInterceptorChain(RealCall.java:229)
08-06 15:49:21.431 16505 17418 E baseline.com.newsblur.network.APIResponse: 	at okhttp3.RealCall.execute(RealCall.java:81)
08-06 15:49:21.431 16505 17418 E baseline.com.newsblur.network.APIResponse: 	at baseline.com.newsblur.network.APIResponse.<init>(APIResponse.java:57)
08-06 15:49:21.431 16505 17418 E baseline.com.newsblur.network.APIResponse: 	at baseline.com.newsblur.network.APIResponse.<init>(APIResponse.java:43)
08-06 15:49:21.431 16505 17418 E baseline.com.newsblur.network.APIResponse: 	at baseline.com.newsblur.network.APIManager.post_single(APIManager.java:702)
08-06 15:49:21.431 16505 17418 E baseline.com.newsblur.network.APIResponse: 	at baseline.com.newsblur.network.APIManager.post(APIManager.java:675)
08-06 15:49:21.431 16505 17418 E baseline.com.newsblur.network.APIResponse: 	at baseline.com.newsblur.network.APIManager.post(APIManager.java:714)
08-06 15:49:21.431 16505 17418 E baseline.com.newsblur.network.APIResponse: 	at baseline.com.newsblur.network.APIManager.markStoryAsRead(APIManager.java:205)
08-06 15:49:21.431 16505 17418 E baseline.com.newsblur.network.APIResponse: 	at baseline.com.newsblur.util.ReadingAction.doRemote(ReadingAction.java:281)
08-06 15:49:21.431 16505 17418 E baseline.com.newsblur.network.APIResponse: 	at baseline.com.newsblur.service.NBSyncService.syncActions(NBSyncService.java:400)
08-06 15:49:21.431 16505 17418 E baseline.com.newsblur.network.APIResponse: 	at baseline.com.newsblur.service.NBSyncService.doSync(NBSyncService.java:298)
08-06 15:49:21.431 16505 17418 E baseline.com.newsblur.network.APIResponse: 	at baseline.com.newsblur.service.NBSyncService.access$100(NBSyncService.java:67)
08-06 15:49:21.431 16505 17418 E baseline.com.newsblur.network.APIResponse: 	at baseline.com.newsblur.service.NBSyncService$1.run(NBSyncService.java:188)
08-06 15:49:21.431 16505 17418 E baseline.com.newsblur.network.APIResponse: 	at java.util.concurrent.ThreadPoolExecutor.runWorker(ThreadPoolExecutor.java:1113)
08-06 15:49:21.431 16505 17418 E baseline.com.newsblur.network.APIResponse: 	at java.util.concurrent.ThreadPoolExecutor$Worker.run(ThreadPoolExecutor.java:588)
08-06 15:49:21.431 16505 17418 E baseline.com.newsblur.network.APIResponse: 	at java.lang.Thread.run(Thread.java:818)
08-06 15:49:21.431 16505 17418 E baseline.com.newsblur.network.APIResponse: Caused by: java.io.EOFException: \n not found: limit=0 content=
08-06 15:49:21.431 16505 17418 E baseline.com.newsblur.network.APIResponse: 	at okio.RealBufferedSource.readUtf8LineStrict(RealBufferedSource.java:240)
08-06 15:49:21.431 16505 17418 E baseline.com.newsblur.network.APIResponse: 	at okhttp3.internal.http1.Http1ExchangeCodec.readHeaderLine(Http1ExchangeCodec.java:242)
08-06 15:49:21.431 16505 17418 E baseline.com.newsblur.network.APIResponse: 	at okhttp3.internal.http1.Http1ExchangeCodec.readResponseHeaders(Http1ExchangeCodec.java:213)
08-06 15:49:21.431 16505 17418 E baseline.com.newsblur.network.APIResponse: 	... 30 more
08-06 15:49:21.433 16505 17418 I baseline.com.newsblur.network.APIManager: API call failed, pausing before retry number 1
08-06 15:49:21.447 16505 16516 I art     : Explicit concurrent mark sweep GC freed 1849(235KB) AllocSpace objects, 2(40KB) LOS objects, 28% free, 41MB/57MB, paused 1.523ms total 56.703ms
08-06 15:49:21.855 16505 16766 I art     : Starting a blocking GC Explicit
08-06 15:49:21.916 16505 16766 I art     : Explicit concurrent mark sweep GC freed 1579(100KB) AllocSpace objects, 1(20KB) LOS objects, 28% free, 41MB/57MB, paused 1.575ms total 60.264ms
08-06 15:49:21.931 16505 16766 I art     : Starting a blocking GC Explicit
08-06 15:49:21.992 16505 16766 I art     : Explicit concurrent mark sweep GC freed 44(1520B) AllocSpace objects, 0(0B) LOS objects, 28% free, 41MB/57MB, paused 1.473ms total 60.869ms
08-06 15:49:22.011 16505 16766 I art     : Starting a blocking GC Explicit
08-06 15:49:22.068 16505 16766 I art     : Explicit concurrent mark sweep GC freed 3(96B) AllocSpace objects, 0(0B) LOS objects, 28% free, 41MB/57MB, paused 1.614ms total 57.104ms
08-06 15:49:22.082 16505 16766 I art     : Starting a blocking GC Explicit
08-06 15:49:22.139 16505 16766 I art     : Explicit concurrent mark sweep GC freed 3(96B) AllocSpace objects, 0(0B) LOS objects, 28% free, 41MB/57MB, paused 1.386ms total 56.858ms
08-06 15:49:22.153 16505 16766 I art     : Starting a blocking GC Explicit
08-06 15:49:22.213 16505 16766 I art     : Explicit concurrent mark sweep GC freed 3(96B) AllocSpace objects, 0(0B) LOS objects, 28% free, 41MB/57MB, paused 1.536ms total 59.151ms
08-06 15:49:22.603 16505 16523 I art     : Starting a blocking GC Explicit
08-06 15:49:22.663 16505 16523 I art     : Explicit concurrent mark sweep GC freed 1445(83KB) AllocSpace objects, 1(20KB) LOS objects, 28% free, 41MB/57MB, paused 1.489ms total 59.157ms
08-06 15:49:22.677 16505 16523 I art     : Starting a blocking GC Explicit
08-06 15:49:22.737 16505 16523 I art     : Explicit concurrent mark sweep GC freed 22(784B) AllocSpace objects, 0(0B) LOS objects, 28% free, 41MB/57MB, paused 1.541ms total 59.557ms
08-06 15:49:22.754 16505 16523 I art     : Starting a blocking GC Explicit
08-06 15:49:22.810 16505 16523 I art     : Explicit concurrent mark sweep GC freed 3(96B) AllocSpace objects, 0(0B) LOS objects, 28% free, 41MB/57MB, paused 1.329ms total 55.575ms
08-06 15:49:22.824 16505 16523 I art     : Starting a blocking GC Explicit
08-06 15:49:22.882 16505 16523 I art     : Explicit concurrent mark sweep GC freed 3(96B) AllocSpace objects, 0(0B) LOS objects, 28% free, 41MB/57MB, paused 1.497ms total 57.612ms
08-06 15:49:22.896 16505 16523 I art     : Starting a blocking GC Explicit
08-06 15:49:22.953 16505 16523 I art     : Explicit concurrent mark sweep GC freed 94(3KB) AllocSpace objects, 0(0B) LOS objects, 28% free, 41MB/57MB, paused 1.675ms total 56.083ms
08-06 15:49:23.332 16505 16517 I art     : Starting a blocking GC Explicit
08-06 15:49:23.393 16505 16517 I art     : Explicit concurrent mark sweep GC freed 1525(88KB) AllocSpace objects, 1(20KB) LOS objects, 28% free, 41MB/57MB, paused 1.520ms total 60.343ms
08-06 15:49:23.410 16505 16517 I art     : Starting a blocking GC Explicit
08-06 15:49:23.468 16505 16517 I art     : Explicit concurrent mark sweep GC freed 1688(65KB) AllocSpace objects, 0(0B) LOS objects, 28% free, 41MB/57MB, paused 1.699ms total 58.087ms
08-06 15:49:23.469   918  3261 D WifiStateMachine: starting scan for "H369AA63323"WPA_PSK with 2412,5180
08-06 15:49:23.473 16505 17418 E baseline.com.newsblur.network.APIResponse: Error (unexpected end of stream on https://www.newsblur.com/...) calling https://www.newsblur.com/reader/mark_story_hashes_as_read/
08-06 15:49:23.473 16505 17418 E baseline.com.newsblur.network.APIResponse: java.io.IOException: unexpected end of stream on https://www.newsblur.com/...
08-06 15:49:23.473 16505 17418 E baseline.com.newsblur.network.APIResponse: 	at okhttp3.internal.http1.Http1ExchangeCodec.readResponseHeaders(Http1ExchangeCodec.java:236)
08-06 15:49:23.473 16505 17418 E baseline.com.newsblur.network.APIResponse: 	at okhttp3.internal.connection.Exchange.readResponseHeaders(Exchange.java:115)
08-06 15:49:23.473 16505 17418 E baseline.com.newsblur.network.APIResponse: 	at okhttp3.internal.http.CallServerInterceptor.intercept(CallServerInterceptor.java:94)
08-06 15:49:23.473 16505 17418 E baseline.com.newsblur.network.APIResponse: 	at okhttp3.internal.http.RealInterceptorChain.proceed(RealInterceptorChain.java:142)
08-06 15:49:23.473 16505 17418 E baseline.com.newsblur.network.APIResponse: 	at okhttp3.internal.connection.ConnectInterceptor.intercept(ConnectInterceptor.java:43)
08-06 15:49:23.473 16505 17418 E baseline.com.newsblur.network.APIResponse: 	at okhttp3.internal.http.RealInterceptorChain.proceed(RealInterceptorChain.java:142)
08-06 15:49:23.473 16505 17418 E baseline.com.newsblur.network.APIResponse: 	at okhttp3.internal.http.RealInterceptorChain.proceed(RealInterceptorChain.java:117)
08-06 15:49:23.473 16505 17418 E baseline.com.newsblur.network.APIResponse: 	at okhttp3.internal.cache.CacheInterceptor.intercept(CacheInterceptor.java:94)
08-06 15:49:23.473 16505 17418 E baseline.com.newsblur.network.APIResponse: 	at okhttp3.internal.http.RealInterceptorChain.proceed(RealInterceptorChain.java:142)
08-06 15:49:23.473 16505 17418 E baseline.com.newsblur.network.APIResponse: 	at okhttp3.internal.http.RealInterceptorChain.proceed(RealInterceptorChain.java:117)
08-06 15:49:23.473 16505 17418 E baseline.com.newsblur.network.APIResponse: 	at okhttp3.internal.http.BridgeInterceptor.intercept(BridgeInterceptor.java:93)
08-06 15:49:23.473 16505 17418 E baseline.com.newsblur.network.APIResponse: 	at okhttp3.internal.http.RealInterceptorChain.proceed(RealInterceptorChain.java:142)
08-06 15:49:23.473 16505 17418 E baseline.com.newsblur.network.APIResponse: 	at okhttp3.internal.http.RetryAndFollowUpInterceptor.intercept(RetryAndFollowUpInterceptor.java:88)
08-06 15:49:23.473 16505 17418 E baseline.com.newsblur.network.APIResponse: 	at okhttp3.internal.http.RealInterceptorChain.proceed(RealInterceptorChain.java:142)
08-06 15:49:23.473 16505 17418 E baseline.com.newsblur.network.APIResponse: 	at okhttp3.internal.http.RealInterceptorChain.proceed(RealInterceptorChain.java:117)
08-06 15:49:23.473 16505 17418 E baseline.com.newsblur.network.APIResponse: 	at okhttp3.RealCall.getResponseWithInterceptorChain(RealCall.java:229)
08-06 15:49:23.473 16505 17418 E baseline.com.newsblur.network.APIResponse: 	at okhttp3.RealCall.execute(RealCall.java:81)
08-06 15:49:23.473 16505 17418 E baseline.com.newsblur.network.APIResponse: 	at baseline.com.newsblur.network.APIResponse.<init>(APIResponse.java:57)
08-06 15:49:23.473 16505 17418 E baseline.com.newsblur.network.APIResponse: 	at baseline.com.newsblur.network.APIResponse.<init>(APIResponse.java:43)
08-06 15:49:23.473 16505 17418 E baseline.com.newsblur.network.APIResponse: 	at baseline.com.newsblur.network.APIManager.post_single(APIManager.java:702)
08-06 15:49:23.473 16505 17418 E baseline.com.newsblur.network.APIResponse: 	at baseline.com.newsblur.network.APIManager.post(APIManager.java:675)
08-06 15:49:23.473 16505 17418 E baseline.com.newsblur.network.APIResponse: 	at baseline.com.newsblur.network.APIManager.post(APIManager.java:714)
08-06 15:49:23.473 16505 17418 E baseline.com.newsblur.network.APIResponse: 	at baseline.com.newsblur.network.APIManager.markStoryAsRead(APIManager.java:205)
08-06 15:49:23.473 16505 17418 E baseline.com.newsblur.network.APIResponse: 	at baseline.com.newsblur.util.ReadingAction.doRemote(ReadingAction.java:281)
08-06 15:49:23.473 16505 17418 E baseline.com.newsblur.network.APIResponse: 	at baseline.com.newsblur.service.NBSyncService.syncActions(NBSyncService.java:400)
08-06 15:49:23.473 16505 17418 E baseline.com.newsblur.network.APIResponse: 	at baseline.com.newsblur.service.NBSyncService.doSync(NBSyncService.java:298)
08-06 15:49:23.473 16505 17418 E baseline.com.newsblur.network.APIResponse: 	at baseline.com.newsblur.service.NBSyncService.access$100(NBSyncService.java:67)
08-06 15:49:23.473 16505 17418 E baseline.com.newsblur.network.APIResponse: 	at baseline.com.newsblur.service.NBSyncService$1.run(NBSyncService.java:188)
08-06 15:49:23.473 16505 17418 E baseline.com.newsblur.network.APIResponse: 	at java.util.concurrent.ThreadPoolExecutor.runWorker(ThreadPoolExecutor.java:1113)
08-06 15:49:23.473 16505 17418 E baseline.com.newsblur.network.APIResponse: 	at java.util.concurrent.ThreadPoolExecutor$Worker.run(ThreadPoolExecutor.java:588)
08-06 15:49:23.473 16505 17418 E baseline.com.newsblur.network.APIResponse: 	at java.lang.Thread.run(Thread.java:818)
08-06 15:49:23.473 16505 17418 E baseline.com.newsblur.network.APIResponse: Caused by: java.io.EOFException: \n not found: limit=0 content=
08-06 15:49:23.473 16505 17418 E baseline.com.newsblur.network.APIResponse: 	at okio.RealBufferedSource.readUtf8LineStrict(RealBufferedSource.java:240)
08-06 15:49:23.473 16505 17418 E baseline.com.newsblur.network.APIResponse: 	at okhttp3.internal.http1.Http1ExchangeCodec.readHeaderLine(Http1ExchangeCodec.java:242)
08-06 15:49:23.473 16505 17418 E baseline.com.newsblur.network.APIResponse: 	at okhttp3.internal.http1.Http1ExchangeCodec.readResponseHeaders(Http1ExchangeCodec.java:213)
08-06 15:49:23.473 16505 17418 E baseline.com.newsblur.network.APIResponse: 	... 30 more
08-06 15:49:23.474 16505 17418 I baseline.com.newsblur.network.APIManager: API call failed, pausing before retry number 2
08-06 15:49:23.482 16505 16517 I art     : Starting a blocking GC Explicit
08-06 15:49:23.539 16505 16517 I art     : Explicit concurrent mark sweep GC freed 894(211KB) AllocSpace objects, 2(40KB) LOS objects, 28% free, 41MB/57MB, paused 1.608ms total 56.700ms
08-06 15:49:23.543 14491 14491 I ServiceManager: Waiting for service AtCmdFwd...
08-06 15:49:23.553 16505 16517 I art     : Starting a blocking GC Explicit
08-06 15:49:23.611 16505 16517 I art     : Explicit concurrent mark sweep GC freed 855(42KB) AllocSpace objects, 0(0B) LOS objects, 28% free, 41MB/57MB, paused 1.605ms total 58.390ms
08-06 15:49:23.612 16505 16515 I art     : WaitForGcToComplete blocked for 58.653ms for cause HeapTrim
08-06 15:49:23.626 16505 16517 I art     : Starting a blocking GC Explicit
08-06 15:49:23.684 16505 16517 I art     : Explicit concurrent mark sweep GC freed 643(43KB) AllocSpace objects, 0(0B) LOS objects, 28% free, 41MB/57MB, paused 1.606ms total 58.465ms
08-06 15:49:24.057 16505 16516 I art     : Starting a blocking GC Explicit
08-06 15:49:24.114 16505 16516 I art     : Explicit concurrent mark sweep GC freed 6409(326KB) AllocSpace objects, 1(20KB) LOS objects, 28% free, 41MB/57MB, paused 1.483ms total 57.327ms
08-06 15:49:24.131 16505 16516 I art     : Starting a blocking GC Explicit
08-06 15:49:24.189 16505 16516 I art     : Explicit concurrent mark sweep GC freed 243(9KB) AllocSpace objects, 0(0B) LOS objects, 28% free, 40MB/56MB, paused 1.536ms total 58.290ms
08-06 15:49:24.204 16505 16516 I art     : Starting a blocking GC Explicit
08-06 15:49:24.260 16505 16516 I art     : Explicit concurrent mark sweep GC freed 3(96B) AllocSpace objects, 0(0B) LOS objects, 28% free, 40MB/56MB, paused 1.589ms total 56.366ms
08-06 15:49:24.275 16505 16516 I art     : Starting a blocking GC Explicit
08-06 15:49:24.335 16505 16516 I art     : Explicit concurrent mark sweep GC freed 173(6KB) AllocSpace objects, 0(0B) LOS objects, 28% free, 41MB/57MB, paused 1.717ms total 60.257ms
08-06 15:49:24.350 16505 16516 I art     : Starting a blocking GC Explicit
08-06 15:49:24.408 16505 16516 I art     : Explicit concurrent mark sweep GC freed 1688(68KB) AllocSpace objects, 0(0B) LOS objects, 28% free, 41MB/57MB, paused 1.674ms total 58.198ms
08-06 15:49:24.544 14491 14491 I ServiceManager: Waiting for service AtCmdFwd...
08-06 15:49:24.803 16505 16766 I art     : Starting a blocking GC Explicit
08-06 15:49:24.863 16505 16766 I art     : Explicit concurrent mark sweep GC freed 1622(101KB) AllocSpace objects, 1(20KB) LOS objects, 28% free, 40MB/56MB, paused 1.546ms total 59.741ms
08-06 15:49:24.878 16505 16766 I art     : Starting a blocking GC Explicit
08-06 15:49:24.940 16505 16766 I art     : Explicit concurrent mark sweep GC freed 44(1520B) AllocSpace objects, 0(0B) LOS objects, 28% free, 40MB/56MB, paused 1.595ms total 61.309ms
08-06 15:49:24.954 16505 16766 I art     : Starting a blocking GC Explicit
08-06 15:49:25.011 16505 16766 I art     : Explicit concurrent mark sweep GC freed 3(96B) AllocSpace objects, 0(0B) LOS objects, 28% free, 40MB/56MB, paused 1.549ms total 56.801ms
08-06 15:49:25.026 16505 16766 I art     : Starting a blocking GC Explicit
08-06 15:49:25.087 16505 16766 I art     : Explicit concurrent mark sweep GC freed 3(96B) AllocSpace objects, 0(0B) LOS objects, 28% free, 40MB/56MB, paused 1.552ms total 60.478ms
08-06 15:49:25.104 16505 16766 I art     : Starting a blocking GC Explicit
08-06 15:49:25.160 16505 16766 I art     : Explicit concurrent mark sweep GC freed 3(96B) AllocSpace objects, 0(0B) LOS objects, 28% free, 40MB/56MB, paused 1.514ms total 55.881ms
08-06 15:49:25.544 14491 14491 I ServiceManager: Waiting for service AtCmdFwd...
08-06 15:49:25.555 16505 16523 I art     : Starting a blocking GC Explicit
08-06 15:49:25.615 16505 16523 I art     : Explicit concurrent mark sweep GC freed 1443(83KB) AllocSpace objects, 1(20KB) LOS objects, 28% free, 40MB/56MB, paused 1.545ms total 59.679ms
08-06 15:49:25.632 16505 16523 I art     : Starting a blocking GC Explicit
08-06 15:49:25.689 16505 16523 I art     : Explicit concurrent mark sweep GC freed 22(784B) AllocSpace objects, 0(0B) LOS objects, 28% free, 40MB/56MB, paused 1.423ms total 56.328ms
08-06 15:49:25.703 16505 16523 I art     : Starting a blocking GC Explicit
08-06 15:49:25.759 16505 16523 I art     : Explicit concurrent mark sweep GC freed 3(96B) AllocSpace objects, 0(0B) LOS objects, 28% free, 40MB/56MB, paused 1.379ms total 56.173ms
08-06 15:49:25.774 16505 16523 I art     : Starting a blocking GC Explicit
08-06 15:49:25.832 16505 16523 I art     : Explicit concurrent mark sweep GC freed 3(96B) AllocSpace objects, 0(0B) LOS objects, 28% free, 40MB/56MB, paused 1.389ms total 58.044ms
08-06 15:49:25.846 16505 16523 I art     : Starting a blocking GC Explicit
08-06 15:49:25.906 16505 16523 I art     : Explicit concurrent mark sweep GC freed 3(96B) AllocSpace objects, 0(0B) LOS objects, 28% free, 40MB/56MB, paused 1.536ms total 59.222ms
08-06 15:49:26.304 16505 16517 I art     : Starting a blocking GC Explicit
08-06 15:49:26.361 16505 16517 I art     : Explicit concurrent mark sweep GC freed 1444(83KB) AllocSpace objects, 1(20KB) LOS objects, 28% free, 40MB/56MB, paused 1.449ms total 56.441ms
08-06 15:49:26.376 16505 16517 I art     : Starting a blocking GC Explicit
08-06 15:49:26.437 16505 16517 I art     : Explicit concurrent mark sweep GC freed 22(784B) AllocSpace objects, 0(0B) LOS objects, 28% free, 40MB/56MB, paused 1.475ms total 60.049ms
08-06 15:49:26.451 16505 16517 I art     : Starting a blocking GC Explicit
08-06 15:49:26.510 16505 16517 I art     : Explicit concurrent mark sweep GC freed 94(3KB) AllocSpace objects, 0(0B) LOS objects, 28% free, 41MB/57MB, paused 1.695ms total 59.005ms
08-06 15:49:26.525 16505 16517 I art     : Starting a blocking GC Explicit
08-06 15:49:26.545 14491 14491 I ServiceManager: Waiting for service AtCmdFwd...
08-06 15:49:26.583 16505 16517 I art     : Explicit concurrent mark sweep GC freed 9(352B) AllocSpace objects, 0(0B) LOS objects, 28% free, 41MB/57MB, paused 1.434ms total 57.633ms
08-06 15:49:26.598 16505 16517 I art     : Starting a blocking GC Explicit
08-06 15:49:26.658 16505 16517 I art     : Explicit concurrent mark sweep GC freed 77(5KB) AllocSpace objects, 0(0B) LOS objects, 28% free, 41MB/57MB, paused 1.579ms total 59.968ms
08-06 15:49:27.043 16505 17418 E baseline.com.newsblur.network.APIResponse: Error (unexpected end of stream on https://www.newsblur.com/...) calling https://www.newsblur.com/reader/mark_story_hashes_as_read/
08-06 15:49:27.043 16505 17418 E baseline.com.newsblur.network.APIResponse: java.io.IOException: unexpected end of stream on https://www.newsblur.com/...
08-06 15:49:27.043 16505 17418 E baseline.com.newsblur.network.APIResponse: 	at okhttp3.internal.http1.Http1ExchangeCodec.readResponseHeaders(Http1ExchangeCodec.java:236)
08-06 15:49:27.043 16505 17418 E baseline.com.newsblur.network.APIResponse: 	at okhttp3.internal.connection.Exchange.readResponseHeaders(Exchange.java:115)
08-06 15:49:27.043 16505 17418 E baseline.com.newsblur.network.APIResponse: 	at okhttp3.internal.http.CallServerInterceptor.intercept(CallServerInterceptor.java:94)
08-06 15:49:27.043 16505 17418 E baseline.com.newsblur.network.APIResponse: 	at okhttp3.internal.http.RealInterceptorChain.proceed(RealInterceptorChain.java:142)
08-06 15:49:27.043 16505 17418 E baseline.com.newsblur.network.APIResponse: 	at okhttp3.internal.connection.ConnectInterceptor.intercept(ConnectInterceptor.java:43)
08-06 15:49:27.043 16505 17418 E baseline.com.newsblur.network.APIResponse: 	at okhttp3.internal.http.RealInterceptorChain.proceed(RealInterceptorChain.java:142)
08-06 15:49:27.043 16505 17418 E baseline.com.newsblur.network.APIResponse: 	at okhttp3.internal.http.RealInterceptorChain.proceed(RealInterceptorChain.java:117)
08-06 15:49:27.043 16505 17418 E baseline.com.newsblur.network.APIResponse: 	at okhttp3.internal.cache.CacheInterceptor.intercept(CacheInterceptor.java:94)
08-06 15:49:27.043 16505 17418 E baseline.com.newsblur.network.APIResponse: 	at okhttp3.internal.http.RealInterceptorChain.proceed(RealInterceptorChain.java:142)
08-06 15:49:27.043 16505 17418 E baseline.com.newsblur.network.APIResponse: 	at okhttp3.internal.http.RealInterceptorChain.proceed(RealInterceptorChain.java:117)
08-06 15:49:27.043 16505 17418 E baseline.com.newsblur.network.APIResponse: 	at okhttp3.internal.http.BridgeInterceptor.intercept(BridgeInterceptor.java:93)
08-06 15:49:27.043 16505 17418 E baseline.com.newsblur.network.APIResponse: 	at okhttp3.internal.http.RealInterceptorChain.proceed(RealInterceptorChain.java:142)
08-06 15:49:27.043 16505 17418 E baseline.com.newsblur.network.APIResponse: 	at okhttp3.internal.http.RetryAndFollowUpInterceptor.intercept(RetryAndFollowUpInterceptor.java:88)
08-06 15:49:27.043 16505 17418 E baseline.com.newsblur.network.APIResponse: 	at okhttp3.internal.http.RealInterceptorChain.proceed(RealInterceptorChain.java:142)
08-06 15:49:27.043 16505 17418 E baseline.com.newsblur.network.APIResponse: 	at okhttp3.internal.http.RealInterceptorChain.proceed(RealInterceptorChain.java:117)
08-06 15:49:27.043 16505 17418 E baseline.com.newsblur.network.APIResponse: 	at okhttp3.RealCall.getResponseWithInterceptorChain(RealCall.java:229)
08-06 15:49:27.043 16505 17418 E baseline.com.newsblur.network.APIResponse: 	at okhttp3.RealCall.execute(RealCall.java:81)
08-06 15:49:27.043 16505 17418 E baseline.com.newsblur.network.APIResponse: 	at baseline.com.newsblur.network.APIResponse.<init>(APIResponse.java:57)
08-06 15:49:27.043 16505 17418 E baseline.com.newsblur.network.APIResponse: 	at baseline.com.newsblur.network.APIResponse.<init>(APIResponse.java:43)
08-06 15:49:27.043 16505 17418 E baseline.com.newsblur.network.APIResponse: 	at baseline.com.newsblur.network.APIManager.post_single(APIManager.java:702)
08-06 15:49:27.043 16505 17418 E baseline.com.newsblur.network.APIResponse: 	at baseline.com.newsblur.network.APIManager.post(APIManager.java:675)
08-06 15:49:27.043 16505 17418 E baseline.com.newsblur.network.APIResponse: 	at baseline.com.newsblur.network.APIManager.post(APIManager.java:714)
08-06 15:49:27.043 16505 17418 E baseline.com.newsblur.network.APIResponse: 	at baseline.com.newsblur.network.APIManager.markStoryAsRead(APIManager.java:205)
08-06 15:49:27.043 16505 17418 E baseline.com.newsblur.network.APIResponse: 	at baseline.com.newsblur.util.ReadingAction.doRemote(ReadingAction.java:281)
08-06 15:49:27.043 16505 17418 E baseline.com.newsblur.network.APIResponse: 	at baseline.com.newsblur.service.NBSyncService.syncActions(NBSyncService.java:400)
08-06 15:49:27.043 16505 17418 E baseline.com.newsblur.network.APIResponse: 	at baseline.com.newsblur.service.NBSyncService.doSync(NBSyncService.java:298)
08-06 15:49:27.043 16505 17418 E baseline.com.newsblur.network.APIResponse: 	at baseline.com.newsblur.service.NBSyncService.access$100(NBSyncService.java:67)
08-06 15:49:27.043 16505 17418 E baseline.com.newsblur.network.APIResponse: 	at baseline.com.newsblur.service.NBSyncService$1.run(NBSyncService.java:188)
08-06 15:49:27.043 16505 17418 E baseline.com.newsblur.network.APIResponse: 	at java.util.concurrent.ThreadPoolExecutor.runWorker(ThreadPoolExecutor.java:1113)
08-06 15:49:27.043 16505 17418 E baseline.com.newsblur.network.APIResponse: 	at java.util.concurrent.ThreadPoolExecutor$Worker.run(ThreadPoolExecutor.java:588)
08-06 15:49:27.043 16505 17418 E baseline.com.newsblur.network.APIResponse: 	at java.lang.Thread.run(Thread.java:818)
08-06 15:49:27.043 16505 17418 E baseline.com.newsblur.network.APIResponse: Caused by: java.io.EOFException: \n not found: limit=0 content=
08-06 15:49:27.043 16505 17418 E baseline.com.newsblur.network.APIResponse: 	at okio.RealBufferedSource.readUtf8LineStrict(RealBufferedSource.java:240)
08-06 15:49:27.043 16505 17418 E baseline.com.newsblur.network.APIResponse: 	at okhttp3.internal.http1.Http1ExchangeCodec.readHeaderLine(Http1ExchangeCodec.java:242)
08-06 15:49:27.043 16505 17418 E baseline.com.newsblur.network.APIResponse: 	at okhttp3.internal.http1.Http1ExchangeCodec.readResponseHeaders(Http1ExchangeCodec.java:213)
08-06 15:49:27.043 16505 17418 E baseline.com.newsblur.network.APIResponse: 	... 30 more
08-06 15:49:27.045 16505 17418 I baseline.com.newsblur.service.NBSyncService: Holding reading action with server-side or network error.
08-06 15:49:27.057 16505 17418 W baseline.com.newsblur.service.NBSyncService: hard API failure
08-06 15:49:27.079 16505 16516 I art     : Starting a blocking GC Explicit
08-06 15:49:27.132 16505 16516 I art     : Explicit concurrent mark sweep GC freed 4355(406KB) AllocSpace objects, 5(100KB) LOS objects, 28% free, 41MB/57MB, paused 1.488ms total 53.421ms
08-06 15:49:27.146 16505 16516 I art     : Starting a blocking GC Explicit
08-06 15:49:27.200 16505 16516 I art     : Explicit concurrent mark sweep GC freed 140(5KB) AllocSpace objects, 0(0B) LOS objects, 28% free, 41MB/57MB, paused 1.603ms total 53.561ms
08-06 15:49:27.214 16505 16516 I art     : Starting a blocking GC Explicit
08-06 15:49:27.273 16505 16516 I art     : Explicit concurrent mark sweep GC freed 3(96B) AllocSpace objects, 0(0B) LOS objects, 28% free, 41MB/57MB, paused 1.591ms total 58.401ms
08-06 15:49:27.289 16505 16516 I art     : Starting a blocking GC Explicit
08-06 15:49:27.348 16505 16516 I art     : Explicit concurrent mark sweep GC freed 3(96B) AllocSpace objects, 0(0B) LOS objects, 28% free, 41MB/57MB, paused 1.521ms total 58.074ms
08-06 15:49:27.362 16505 16516 I art     : Starting a blocking GC Explicit
08-06 15:49:27.422 16505 16516 I art     : Explicit concurrent mark sweep GC freed 955(40KB) AllocSpace objects, 0(0B) LOS objects, 28% free, 41MB/57MB, paused 2.534ms total 60.119ms
08-06 15:49:27.470 16505 17418 E baseline.com.newsblur.network.APIResponse: Error (unexpected end of stream on https://www.newsblur.com/...) calling https://www.newsblur.com/reader/mark_story_hashes_as_read/
08-06 15:49:27.470 16505 17418 E baseline.com.newsblur.network.APIResponse: java.io.IOException: unexpected end of stream on https://www.newsblur.com/...
08-06 15:49:27.470 16505 17418 E baseline.com.newsblur.network.APIResponse: 	at okhttp3.internal.http1.Http1ExchangeCodec.readResponseHeaders(Http1ExchangeCodec.java:236)
08-06 15:49:27.470 16505 17418 E baseline.com.newsblur.network.APIResponse: 	at okhttp3.internal.connection.Exchange.readResponseHeaders(Exchange.java:115)
08-06 15:49:27.470 16505 17418 E baseline.com.newsblur.network.APIResponse: 	at okhttp3.internal.http.CallServerInterceptor.intercept(CallServerInterceptor.java:94)
08-06 15:49:27.470 16505 17418 E baseline.com.newsblur.network.APIResponse: 	at okhttp3.internal.http.RealInterceptorChain.proceed(RealInterceptorChain.java:142)
08-06 15:49:27.470 16505 17418 E baseline.com.newsblur.network.APIResponse: 	at okhttp3.internal.connection.ConnectInterceptor.intercept(ConnectInterceptor.java:43)
08-06 15:49:27.470 16505 17418 E baseline.com.newsblur.network.APIResponse: 	at okhttp3.internal.http.RealInterceptorChain.proceed(RealInterceptorChain.java:142)
08-06 15:49:27.470 16505 17418 E baseline.com.newsblur.network.APIResponse: 	at okhttp3.internal.http.RealInterceptorChain.proceed(RealInterceptorChain.java:117)
08-06 15:49:27.470 16505 17418 E baseline.com.newsblur.network.APIResponse: 	at okhttp3.internal.cache.CacheInterceptor.intercept(CacheInterceptor.java:94)
08-06 15:49:27.470 16505 17418 E baseline.com.newsblur.network.APIResponse: 	at okhttp3.internal.http.RealInterceptorChain.proceed(RealInterceptorChain.java:142)
08-06 15:49:27.470 16505 17418 E baseline.com.newsblur.network.APIResponse: 	at okhttp3.internal.http.RealInterceptorChain.proceed(RealInterceptorChain.java:117)
08-06 15:49:27.470 16505 17418 E baseline.com.newsblur.network.APIResponse: 	at okhttp3.internal.http.BridgeInterceptor.intercept(BridgeInterceptor.java:93)
08-06 15:49:27.470 16505 17418 E baseline.com.newsblur.network.APIResponse: 	at okhttp3.internal.http.RealInterceptorChain.proceed(RealInterceptorChain.java:142)
08-06 15:49:27.470 16505 17418 E baseline.com.newsblur.network.APIResponse: 	at okhttp3.internal.http.RetryAndFollowUpInterceptor.intercept(RetryAndFollowUpInterceptor.java:88)
08-06 15:49:27.470 16505 17418 E baseline.com.newsblur.network.APIResponse: 	at okhttp3.internal.http.RealInterceptorChain.proceed(RealInterceptorChain.java:142)
08-06 15:49:27.470 16505 17418 E baseline.com.newsblur.network.APIResponse: 	at okhttp3.internal.http.RealInterceptorChain.proceed(RealInterceptorChain.java:117)
08-06 15:49:27.470 16505 17418 E baseline.com.newsblur.network.APIResponse: 	at okhttp3.RealCall.getResponseWithInterceptorChain(RealCall.java:229)
08-06 15:49:27.470 16505 17418 E baseline.com.newsblur.network.APIResponse: 	at okhttp3.RealCall.execute(RealCall.java:81)
08-06 15:49:27.470 16505 17418 E baseline.com.newsblur.network.APIResponse: 	at baseline.com.newsblur.network.APIResponse.<init>(APIResponse.java:57)
08-06 15:49:27.470 16505 17418 E baseline.com.newsblur.network.APIResponse: 	at baseline.com.newsblur.network.APIResponse.<init>(APIResponse.java:43)
08-06 15:49:27.470 16505 17418 E baseline.com.newsblur.network.APIResponse: 	at baseline.com.newsblur.network.APIManager.post_single(APIManager.java:702)
08-06 15:49:27.470 16505 17418 E baseline.com.newsblur.network.APIResponse: 	at baseline.com.newsblur.network.APIManager.post(APIManager.java:675)
08-06 15:49:27.470 16505 17418 E baseline.com.newsblur.network.APIResponse: 	at baseline.com.newsblur.network.APIManager.post(APIManager.java:714)
08-06 15:49:27.470 16505 17418 E baseline.com.newsblur.network.APIResponse: 	at baseline.com.newsblur.network.APIManager.markStoryAsRead(APIManager.java:205)
08-06 15:49:27.470 16505 17418 E baseline.com.newsblur.network.APIResponse: 	at baseline.com.newsblur.util.ReadingAction.doRemote(ReadingAction.java:281)
08-06 15:49:27.470 16505 17418 E baseline.com.newsblur.network.APIResponse: 	at baseline.com.newsblur.service.NBSyncService.syncActions(NBSyncService.java:400)
08-06 15:49:27.470 16505 17418 E baseline.com.newsblur.network.APIResponse: 	at baseline.com.newsblur.service.NBSyncService.doSync(NBSyncService.java:298)
08-06 15:49:27.470 16505 17418 E baseline.com.newsblur.network.APIResponse: 	at baseline.com.newsblur.service.NBSyncService.access$100(NBSyncService.java:67)
08-06 15:49:27.470 16505 17418 E baseline.com.newsblur.network.APIResponse: 	at baseline.com.newsblur.service.NBSyncService$1.run(NBSyncService.java:188)
08-06 15:49:27.470 16505 17418 E baseline.com.newsblur.network.APIResponse: 	at java.util.concurrent.ThreadPoolExecutor.runWorker(ThreadPoolExecutor.java:1113)
08-06 15:49:27.470 16505 17418 E baseline.com.newsblur.network.APIResponse: 	at java.util.concurrent.ThreadPoolExecutor$Worker.run(ThreadPoolExecutor.java:588)
08-06 15:49:27.470 16505 17418 E baseline.com.newsblur.network.APIResponse: 	at java.lang.Thread.run(Thread.java:818)
08-06 15:49:27.470 16505 17418 E baseline.com.newsblur.network.APIResponse: Caused by: java.io.EOFException: \n not found: limit=0 content=
08-06 15:49:27.470 16505 17418 E baseline.com.newsblur.network.APIResponse: 	at okio.RealBufferedSource.readUtf8LineStrict(RealBufferedSource.java:240)
08-06 15:49:27.470 16505 17418 E baseline.com.newsblur.network.APIResponse: 	at okhttp3.internal.http1.Http1ExchangeCodec.readHeaderLine(Http1ExchangeCodec.java:242)
08-06 15:49:27.470 16505 17418 E baseline.com.newsblur.network.APIResponse: 	at okhttp3.internal.http1.Http1ExchangeCodec.readResponseHeaders(Http1ExchangeCodec.java:213)
08-06 15:49:27.470 16505 17418 E baseline.com.newsblur.network.APIResponse: 	... 30 more
08-06 15:49:27.472 16505 17418 I baseline.com.newsblur.network.APIManager: API call failed, pausing before retry number 1
08-06 15:49:27.545 14491 14491 I ServiceManager: Waiting for service AtCmdFwd...
08-06 15:49:27.821 16505 16766 I art     : Starting a blocking GC Explicit
08-06 15:49:27.883 16505 16766 I art     : Explicit concurrent mark sweep GC freed 3028(317KB) AllocSpace objects, 3(60KB) LOS objects, 28% free, 40MB/56MB, paused 1.580ms total 61.172ms
08-06 15:49:27.902 16505 16766 I art     : Starting a blocking GC Explicit
08-06 15:49:27.960 16505 16766 I art     : Explicit concurrent mark sweep GC freed 94(3KB) AllocSpace objects, 0(0B) LOS objects, 28% free, 40MB/56MB, paused 1.535ms total 57.976ms
08-06 15:49:27.974 16505 16766 I art     : Starting a blocking GC Explicit
08-06 15:49:28.030 16505 16766 I art     : Explicit concurrent mark sweep GC freed 3(96B) AllocSpace objects, 0(0B) LOS objects, 28% free, 40MB/56MB, paused 1.500ms total 56.251ms
08-06 15:49:28.044 16505 16766 I art     : Starting a blocking GC Explicit
08-06 15:49:28.102 16505 16766 I art     : Explicit concurrent mark sweep GC freed 3(96B) AllocSpace objects, 0(0B) LOS objects, 28% free, 40MB/56MB, paused 1.467ms total 57.534ms
08-06 15:49:28.117 16505 16766 I art     : Starting a blocking GC Explicit
08-06 15:49:28.174 16505 16766 I art     : Explicit concurrent mark sweep GC freed 3(96B) AllocSpace objects, 0(0B) LOS objects, 28% free, 40MB/56MB, paused 1.497ms total 56.866ms
08-06 15:49:28.546 14491 14491 W Atfwd_Sendcmd: AtCmdFwd service not published, waiting... retryCnt : 3
08-06 15:49:28.565 16505 16523 I art     : Starting a blocking GC Explicit
08-06 15:49:28.623 16505 16523 I art     : Explicit concurrent mark sweep GC freed 1443(83KB) AllocSpace objects, 1(20KB) LOS objects, 28% free, 40MB/56MB, paused 1.420ms total 58.377ms
08-06 15:49:28.640 16505 16523 I art     : Starting a blocking GC Explicit
08-06 15:49:28.697 16505 16523 I art     : Explicit concurrent mark sweep GC freed 22(784B) AllocSpace objects, 0(0B) LOS objects, 28% free, 40MB/56MB, paused 1.502ms total 56.882ms
08-06 15:49:28.697 16505 16515 I art     : WaitForGcToComplete blocked for 11.744ms for cause HeapTrim
08-06 15:49:28.711 16505 16523 I art     : Starting a blocking GC Explicit
08-06 15:49:28.767 16505 16523 I art     : Explicit concurrent mark sweep GC freed 3(96B) AllocSpace objects, 0(0B) LOS objects, 28% free, 40MB/56MB, paused 1.569ms total 55.732ms
08-06 15:49:28.781 16505 16523 I art     : Starting a blocking GC Explicit
08-06 15:49:28.840 16505 16523 I art     : Explicit concurrent mark sweep GC freed 3(96B) AllocSpace objects, 0(0B) LOS objects, 28% free, 40MB/56MB, paused 1.492ms total 58.317ms
08-06 15:49:28.857 16505 16523 I art     : Starting a blocking GC Explicit
08-06 15:49:28.911 16505 16523 I art     : Explicit concurrent mark sweep GC freed 3(96B) AllocSpace objects, 0(0B) LOS objects, 28% free, 40MB/56MB, paused 1.531ms total 54.239ms
08-06 15:49:29.305 16505 16517 I art     : Starting a blocking GC Explicit
08-06 15:49:29.368 16505 16517 I art     : Explicit concurrent mark sweep GC freed 1608(91KB) AllocSpace objects, 1(20KB) LOS objects, 28% free, 40MB/56MB, paused 1.521ms total 62.459ms
08-06 15:49:29.386 16505 16517 I art     : Starting a blocking GC Explicit
08-06 15:49:29.442 16505 16517 I art     : Explicit concurrent mark sweep GC freed 28(1040B) AllocSpace objects, 0(0B) LOS objects, 28% free, 40MB/56MB, paused 1.565ms total 56.120ms
08-06 15:49:29.456 16505 16517 I art     : Starting a blocking GC Explicit
08-06 15:49:29.514 16505 16517 I art     : Explicit concurrent mark sweep GC freed 1602(63KB) AllocSpace objects, 0(0B) LOS objects, 28% free, 41MB/57MB, paused 1.566ms total 57.354ms
08-06 15:49:29.519 16505 17418 E baseline.com.newsblur.network.APIResponse: Error (unexpected end of stream on https://www.newsblur.com/...) calling https://www.newsblur.com/reader/mark_story_hashes_as_read/
08-06 15:49:29.519 16505 17418 E baseline.com.newsblur.network.APIResponse: java.io.IOException: unexpected end of stream on https://www.newsblur.com/...
08-06 15:49:29.519 16505 17418 E baseline.com.newsblur.network.APIResponse: 	at okhttp3.internal.http1.Http1ExchangeCodec.readResponseHeaders(Http1ExchangeCodec.java:236)
08-06 15:49:29.519 16505 17418 E baseline.com.newsblur.network.APIResponse: 	at okhttp3.internal.connection.Exchange.readResponseHeaders(Exchange.java:115)
08-06 15:49:29.519 16505 17418 E baseline.com.newsblur.network.APIResponse: 	at okhttp3.internal.http.CallServerInterceptor.intercept(CallServerInterceptor.java:94)
08-06 15:49:29.519 16505 17418 E baseline.com.newsblur.network.APIResponse: 	at okhttp3.internal.http.RealInterceptorChain.proceed(RealInterceptorChain.java:142)
08-06 15:49:29.519 16505 17418 E baseline.com.newsblur.network.APIResponse: 	at okhttp3.internal.connection.ConnectInterceptor.intercept(ConnectInterceptor.java:43)
08-06 15:49:29.519 16505 17418 E baseline.com.newsblur.network.APIResponse: 	at okhttp3.internal.http.RealInterceptorChain.proceed(RealInterceptorChain.java:142)
08-06 15:49:29.519 16505 17418 E baseline.com.newsblur.network.APIResponse: 	at okhttp3.internal.http.RealInterceptorChain.proceed(RealInterceptorChain.java:117)
08-06 15:49:29.519 16505 17418 E baseline.com.newsblur.network.APIResponse: 	at okhttp3.internal.cache.CacheInterceptor.intercept(CacheInterceptor.java:94)
08-06 15:49:29.519 16505 17418 E baseline.com.newsblur.network.APIResponse: 	at okhttp3.internal.http.RealInterceptorChain.proceed(RealInterceptorChain.java:142)
08-06 15:49:29.519 16505 17418 E baseline.com.newsblur.network.APIResponse: 	at okhttp3.internal.http.RealInterceptorChain.proceed(RealInterceptorChain.java:117)
08-06 15:49:29.519 16505 17418 E baseline.com.newsblur.network.APIResponse: 	at okhttp3.internal.http.BridgeInterceptor.intercept(BridgeInterceptor.java:93)
08-06 15:49:29.519 16505 17418 E baseline.com.newsblur.network.APIResponse: 	at okhttp3.internal.http.RealInterceptorChain.proceed(RealInterceptorChain.java:142)
08-06 15:49:29.519 16505 17418 E baseline.com.newsblur.network.APIResponse: 	at okhttp3.internal.http.RetryAndFollowUpInterceptor.intercept(RetryAndFollowUpInterceptor.java:88)
08-06 15:49:29.519 16505 17418 E baseline.com.newsblur.network.APIResponse: 	at okhttp3.internal.http.RealInterceptorChain.proceed(RealInterceptorChain.java:142)
08-06 15:49:29.519 16505 17418 E baseline.com.newsblur.network.APIResponse: 	at okhttp3.internal.http.RealInterceptorChain.proceed(RealInterceptorChain.java:117)
08-06 15:49:29.519 16505 17418 E baseline.com.newsblur.network.APIResponse: 	at okhttp3.RealCall.getResponseWithInterceptorChain(RealCall.java:229)
08-06 15:49:29.519 16505 17418 E baseline.com.newsblur.network.APIResponse: 	at okhttp3.RealCall.execute(RealCall.java:81)
08-06 15:49:29.519 16505 17418 E baseline.com.newsblur.network.APIResponse: 	at baseline.com.newsblur.network.APIResponse.<init>(APIResponse.java:57)
08-06 15:49:29.519 16505 17418 E baseline.com.newsblur.network.APIResponse: 	at baseline.com.newsblur.network.APIResponse.<init>(APIResponse.java:43)
08-06 15:49:29.519 16505 17418 E baseline.com.newsblur.network.APIResponse: 	at baseline.com.newsblur.network.APIManager.post_single(APIManager.java:702)
08-06 15:49:29.519 16505 17418 E baseline.com.newsblur.network.APIResponse: 	at baseline.com.newsblur.network.APIManager.post(APIManager.java:675)
08-06 15:49:29.519 16505 17418 E baseline.com.newsblur.network.APIResponse: 	at baseline.com.newsblur.network.APIManager.post(APIManager.java:714)
08-06 15:49:29.519 16505 17418 E baseline.com.newsblur.network.APIResponse: 	at baseline.com.newsblur.network.APIManager.markStoryAsRead(APIManager.java:205)
08-06 15:49:29.519 16505 17418 E baseline.com.newsblur.network.APIResponse: 	at baseline.com.newsblur.util.ReadingAction.doRemote(ReadingAction.java:281)
08-06 15:49:29.519 16505 17418 E baseline.com.newsblur.network.APIResponse: 	at baseline.com.newsblur.service.NBSyncService.syncActions(NBSyncService.java:400)
08-06 15:49:29.519 16505 17418 E baseline.com.newsblur.network.APIResponse: 	at baseline.com.newsblur.service.NBSyncService.doSync(NBSyncService.java:298)
08-06 15:49:29.519 16505 17418 E baseline.com.newsblur.network.APIResponse: 	at baseline.com.newsblur.service.NBSyncService.access$100(NBSyncService.java:67)
08-06 15:49:29.519 16505 17418 E baseline.com.newsblur.network.APIResponse: 	at baseline.com.newsblur.service.NBSyncService$1.run(NBSyncService.java:188)
08-06 15:49:29.519 16505 17418 E baseline.com.newsblur.network.APIResponse: 	at java.util.concurrent.ThreadPoolExecutor.runWorker(ThreadPoolExecutor.java:1113)
08-06 15:49:29.519 16505 17418 E baseline.com.newsblur.network.APIResponse: 	at java.util.concurrent.ThreadPoolExecutor$Worker.run(ThreadPoolExecutor.java:588)
08-06 15:49:29.519 16505 17418 E baseline.com.newsblur.network.APIResponse: 	at java.lang.Thread.run(Thread.java:818)
08-06 15:49:29.519 16505 17418 E baseline.com.newsblur.network.APIResponse: Caused by: java.io.EOFException: \n not found: limit=0 content=
08-06 15:49:29.519 16505 17418 E baseline.com.newsblur.network.APIResponse: 	at okio.RealBufferedSource.readUtf8LineStrict(RealBufferedSource.java:240)
08-06 15:49:29.519 16505 17418 E baseline.com.newsblur.network.APIResponse: 	at okhttp3.internal.http1.Http1ExchangeCodec.readHeaderLine(Http1ExchangeCodec.java:242)
08-06 15:49:29.519 16505 17418 E baseline.com.newsblur.network.APIResponse: 	at okhttp3.internal.http1.Http1ExchangeCodec.readResponseHeaders(Http1ExchangeCodec.java:213)
08-06 15:49:29.519 16505 17418 E baseline.com.newsblur.network.APIResponse: 	... 30 more
08-06 15:49:29.522 16505 17418 I baseline.com.newsblur.network.APIManager: API call failed, pausing before retry number 2
08-06 15:49:29.528 16505 16517 I art     : Starting a blocking GC Explicit
08-06 15:49:29.586 16505 16517 I art     : Explicit concurrent mark sweep GC freed 963(213KB) AllocSpace objects, 2(40KB) LOS objects, 28% free, 40MB/56MB, paused 1.496ms total 58.407ms
08-06 15:49:29.601 16505 16517 I art     : Starting a blocking GC Explicit
08-06 15:49:29.658 16505 16517 I art     : Explicit concurrent mark sweep GC freed 53(2016B) AllocSpace objects, 0(0B) LOS objects, 28% free, 40MB/56MB, paused 1.486ms total 56.379ms
08-06 15:49:30.051 16505 16516 I art     : Starting a blocking GC Explicit
08-06 15:49:30.110 16505 16516 I art     : Explicit concurrent mark sweep GC freed 1443(83KB) AllocSpace objects, 1(20KB) LOS objects, 28% free, 40MB/56MB, paused 1.570ms total 58.243ms
08-06 15:49:30.124 16505 16516 I art     : Starting a blocking GC Explicit
08-06 15:49:30.179 16505 16516 I art     : Explicit concurrent mark sweep GC freed 22(784B) AllocSpace objects, 0(0B) LOS objects, 28% free, 40MB/56MB, paused 1.606ms total 54.567ms
08-06 15:49:30.193 16505 16516 I art     : Starting a blocking GC Explicit
08-06 15:49:30.250 16505 16516 I art     : Explicit concurrent mark sweep GC freed 3(96B) AllocSpace objects, 0(0B) LOS objects, 28% free, 40MB/56MB, paused 1.529ms total 56.915ms
08-06 15:49:30.265 16505 16516 I art     : Starting a blocking GC Explicit
08-06 15:49:30.321 16505 16516 I art     : Explicit concurrent mark sweep GC freed 3(96B) AllocSpace objects, 0(0B) LOS objects, 28% free, 40MB/56MB, paused 1.506ms total 56.377ms
08-06 15:49:30.335 16505 16516 I art     : Starting a blocking GC Explicit
08-06 15:49:30.393 16505 16516 I art     : Explicit concurrent mark sweep GC freed 3(96B) AllocSpace objects, 0(0B) LOS objects, 28% free, 40MB/56MB, paused 1.534ms total 57.575ms
08-06 15:49:30.415 18350 18350 D AndroidRuntime: >>>>>> START com.android.internal.os.RuntimeInit uid 2000 <<<<<<
08-06 15:49:30.421 18350 18350 D AndroidRuntime: CheckJNI is OFF
08-06 15:49:30.464 18350 18350 D ICU     : No timezone override file found: /data/misc/zoneinfo/current/icu/icu_tzdata.dat
08-06 15:49:30.509 18350 18350 I Radio-JNI: register_android_hardware_Radio DONE
08-06 15:49:30.539 18350 18350 D AndroidRuntime: Calling main entry com.android.commands.input.Input
08-06 15:49:30.543 18350 18350 I Input   : injectKeyEvent: KeyEvent { action=ACTION_DOWN, keyCode=KEYCODE_BACK, scanCode=0, metaState=0, flags=0x0, repeatCount=0, eventTime=892186956, downTime=892186956, deviceId=-1, source=0x101 }
08-06 15:49:30.551 18350 18350 I Input   : injectKeyEvent: KeyEvent { action=ACTION_UP, keyCode=KEYCODE_BACK, scanCode=0, metaState=0, flags=0x0, repeatCount=0, eventTime=892186956, downTime=892186956, deviceId=-1, source=0x101 }
08-06 15:49:30.558 18350 18350 D AndroidRuntime: Shutting down VM
08-06 15:49:30.568 16505 16505 D baseline.com.newsblur.service.NBSyncService: rejecting request for feedset that is exhaused
08-06 15:49:30.732 16505 16505 D baseline.com.newsblur.service.NBSyncService: rejecting request for feedset that is exhaused
08-06 15:49:30.733 13866 13866 I GoogleInputMethodServic: GoogleInputMethodService.onFinishInput():3138 
08-06 15:49:30.734 13866 13866 I GoogleInputMethodServic: GoogleInputMethodService.onStartInput():1808 
08-06 15:49:30.758 16505 16766 I art     : Starting a blocking GC Explicit
08-06 15:49:30.807 16505 16766 I art     : Explicit concurrent mark sweep GC freed 2878(226KB) AllocSpace objects, 5(100KB) LOS objects, 28% free, 41MB/57MB, paused 1.519ms total 48.958ms
08-06 15:49:30.821 16505 16766 I art     : Starting a blocking GC Explicit
08-06 15:49:30.868 16505 16766 I art     : Explicit concurrent mark sweep GC freed 542(41KB) AllocSpace objects, 0(0B) LOS objects, 28% free, 40MB/56MB, paused 1.440ms total 47.016ms
08-06 15:49:30.882 16505 16766 I art     : Starting a blocking GC Explicit
08-06 15:49:30.931 16505 16766 I art     : Explicit concurrent mark sweep GC freed 3(96B) AllocSpace objects, 1(28KB) LOS objects, 28% free, 40MB/56MB, paused 1.269ms total 49.079ms
08-06 15:49:30.944 16505 16766 I art     : Starting a blocking GC Explicit
08-06 15:49:30.993 16505 16766 I art     : Explicit concurrent mark sweep GC freed 3(96B) AllocSpace objects, 0(0B) LOS objects, 28% free, 40MB/56MB, paused 1.417ms total 48.395ms
08-06 15:49:31.006 16505 16766 I art     : Starting a blocking GC Explicit
08-06 15:49:31.057 16505 16766 I art     : Explicit concurrent mark sweep GC freed 3(96B) AllocSpace objects, 0(0B) LOS objects, 28% free, 40MB/56MB, paused 1.433ms total 50.788ms
08-06 15:49:31.432 16505 16766 I art     : Starting a blocking GC Explicit
08-06 15:49:31.491 16505 16766 I art     : Explicit concurrent mark sweep GC freed 2755(145KB) AllocSpace objects, 1(20KB) LOS objects, 28% free, 40MB/56MB, paused 1.454ms total 59.637ms
08-06 15:49:31.508 16505 16766 I art     : Starting a blocking GC Explicit
08-06 15:49:31.567 16505 16766 I art     : Explicit concurrent mark sweep GC freed 159(7KB) AllocSpace objects, 0(0B) LOS objects, 28% free, 40MB/56MB, paused 1.385ms total 58.465ms
08-06 15:49:31.583 16505 16766 I art     : Starting a blocking GC Explicit
08-06 15:49:31.638 16505 16766 I art     : Explicit concurrent mark sweep GC freed 11(352B) AllocSpace objects, 0(0B) LOS objects, 28% free, 40MB/56MB, paused 1.647ms total 55.414ms
08-06 15:49:31.653 16505 16766 I art     : Starting a blocking GC Explicit
08-06 15:49:31.711 16505 16766 I art     : Explicit concurrent mark sweep GC freed 12(384B) AllocSpace objects, 0(0B) LOS objects, 28% free, 40MB/56MB, paused 1.412ms total 56.999ms
08-06 15:49:31.727 16505 16766 I art     : Starting a blocking GC Explicit
08-06 15:49:31.784 16505 16766 I art     : Explicit concurrent mark sweep GC freed 12(384B) AllocSpace objects, 0(0B) LOS objects, 28% free, 40MB/56MB, paused 1.585ms total 57.366ms
08-06 15:49:32.173 16505 16766 I art     : Starting a blocking GC Explicit
08-06 15:49:32.232 16505 16766 I art     : Explicit concurrent mark sweep GC freed 1492(84KB) AllocSpace objects, 1(20KB) LOS objects, 28% free, 40MB/56MB, paused 1.519ms total 58.269ms
08-06 15:49:32.246 16505 16766 I art     : Starting a blocking GC Explicit
08-06 15:49:32.301 16505 16766 I art     : Explicit concurrent mark sweep GC freed 22(784B) AllocSpace objects, 0(0B) LOS objects, 28% free, 40MB/56MB, paused 1.538ms total 55.330ms
08-06 15:49:32.315 16505 16766 I art     : Starting a blocking GC Explicit
08-06 15:49:32.352 18394 18394 D AndroidRuntime: >>>>>> START com.android.internal.os.RuntimeInit uid 2000 <<<<<<
08-06 15:49:32.358 18394 18394 D AndroidRuntime: CheckJNI is OFF
08-06 15:49:32.371 16505 16766 I art     : Explicit concurrent mark sweep GC freed 3(96B) AllocSpace objects, 0(0B) LOS objects, 28% free, 40MB/56MB, paused 1.601ms total 55.749ms
08-06 15:49:32.385 16505 16766 I art     : Starting a blocking GC Explicit
08-06 15:49:32.406 18394 18394 D ICU     : No timezone override file found: /data/misc/zoneinfo/current/icu/icu_tzdata.dat
08-06 15:49:32.439 16505 16766 I art     : Explicit concurrent mark sweep GC freed 3(96B) AllocSpace objects, 0(0B) LOS objects, 28% free, 40MB/56MB, paused 1.513ms total 53.814ms
08-06 15:49:32.453 18394 18394 I Radio-JNI: register_android_hardware_Radio DONE
08-06 15:49:32.453 16505 16766 I art     : Starting a blocking GC Explicit
08-06 15:49:32.482 18394 18394 D AndroidRuntime: Calling main entry com.android.commands.input.Input
08-06 15:49:32.484 18394 18394 I Input   : injectMotionEvent: MotionEvent { action=ACTION_DOWN, actionButton=0, id[0]=0, x[0]=435.0, y[0]=858.0, toolType[0]=TOOL_TYPE_UNKNOWN, buttonState=0, metaState=0, flags=0x0, edgeFlags=0x0, pointerCount=1, historySize=0, eventTime=892188897, downTime=892188897, deviceId=0, source=0x1002 }
08-06 15:49:32.491 18394 18394 I Input   : injectMotionEvent: MotionEvent { action=ACTION_UP, actionButton=0, id[0]=0, x[0]=435.0, y[0]=858.0, toolType[0]=TOOL_TYPE_UNKNOWN, buttonState=0, metaState=0, flags=0x0, edgeFlags=0x0, pointerCount=1, historySize=0, eventTime=892188897, downTime=892188897, deviceId=0, source=0x1002 }
08-06 15:49:32.493 18394 18394 D AndroidRuntime: Shutting down VM
08-06 15:49:32.510 16505 16766 I art     : Explicit concurrent mark sweep GC freed 5(160B) AllocSpace objects, 0(0B) LOS objects, 28% free, 40MB/56MB, paused 1.696ms total 56.215ms
08-06 15:49:32.512   512  2967 D audio_hw_primary: out_set_parameters: enter: usecase(1: low-latency-playback) kvpairs: routing=2
08-06 15:49:32.517   918  5481 I ActivityManager: START u0 {cmp=baseline.com.newsblur/.activity.AllSharedStoriesReading (has extras)} from uid 10698 on display 0
08-06 15:49:32.525   512  2967 D audio_hw_primary: select_devices: out_snd_device(2: speaker) in_snd_device(0: none)
08-06 15:49:32.525   512  2967 D msm8974_platform: platform_send_audio_calibration: sending audio calibration for snd_device(2) acdb_id(15)
08-06 15:49:32.525   512  2967 I soundtrigger: audio_extn_sound_trigger_update_device_status: device 0x2 of type 0 for Event 1
08-06 15:49:32.536   512  2967 D audio_hw_primary: enable_snd_device: snd_device(2: speaker)
08-06 15:49:32.539   512  2967 D audio_hw_primary: enable_audio_route: apply and update mixer path: low-latency-playback speaker
08-06 15:49:32.795 13866 13866 I GoogleInputMethodServic: GoogleInputMethodService.onFinishInput():3138 
08-06 15:49:32.797   918   936 I ActivityManager: Displayed baseline.com.newsblur/.activity.AllSharedStoriesReading: +267ms
08-06 15:49:32.797 13866 13866 I GoogleInputMethodServic: GoogleInputMethodService.onStartInput():1808 
08-06 15:49:32.877 16505 16517 I art     : Starting a blocking GC Explicit
08-06 15:49:32.941 16505 16517 I art     : Explicit concurrent mark sweep GC freed 6017(484KB) AllocSpace objects, 16(768KB) LOS objects, 27% free, 41MB/57MB, paused 2.677ms total 63.402ms
08-06 15:49:32.961 16505 16517 I art     : Starting a blocking GC Explicit
08-06 15:49:33.013 16505 16517 I art     : Explicit concurrent mark sweep GC freed 1816(122KB) AllocSpace objects, 4(104KB) LOS objects, 27% free, 41MB/57MB, paused 1.699ms total 52.293ms
08-06 15:49:33.027 16505 16517 I art     : Starting a blocking GC Explicit
08-06 15:49:33.068   512  2967 D audio_hw_primary: disable_audio_route: reset and update mixer path: low-latency-playback speaker
08-06 15:49:33.069   512  2967 D audio_hw_primary: disable_snd_device: snd_device(2: speaker)
08-06 15:49:33.077 16505 16517 I art     : Explicit concurrent mark sweep GC freed 2112(104KB) AllocSpace objects, 0(0B) LOS objects, 27% free, 41MB/57MB, paused 1.525ms total 49.760ms
08-06 15:49:33.083   512  2967 I soundtrigger: audio_extn_sound_trigger_update_device_status: device 0x2 of type 0 for Event 0
08-06 15:49:33.085 16505 17418 E baseline.com.newsblur.network.APIResponse: Error (unexpected end of stream on https://www.newsblur.com/...) calling https://www.newsblur.com/reader/mark_story_hashes_as_read/
08-06 15:49:33.085 16505 17418 E baseline.com.newsblur.network.APIResponse: java.io.IOException: unexpected end of stream on https://www.newsblur.com/...
08-06 15:49:33.085 16505 17418 E baseline.com.newsblur.network.APIResponse: 	at okhttp3.internal.http1.Http1ExchangeCodec.readResponseHeaders(Http1ExchangeCodec.java:236)
08-06 15:49:33.085 16505 17418 E baseline.com.newsblur.network.APIResponse: 	at okhttp3.internal.connection.Exchange.readResponseHeaders(Exchange.java:115)
08-06 15:49:33.085 16505 17418 E baseline.com.newsblur.network.APIResponse: 	at okhttp3.internal.http.CallServerInterceptor.intercept(CallServerInterceptor.java:94)
08-06 15:49:33.085 16505 17418 E baseline.com.newsblur.network.APIResponse: 	at okhttp3.internal.http.RealInterceptorChain.proceed(RealInterceptorChain.java:142)
08-06 15:49:33.085 16505 17418 E baseline.com.newsblur.network.APIResponse: 	at okhttp3.internal.connection.ConnectInterceptor.intercept(ConnectInterceptor.java:43)
08-06 15:49:33.085 16505 17418 E baseline.com.newsblur.network.APIResponse: 	at okhttp3.internal.http.RealInterceptorChain.proceed(RealInterceptorChain.java:142)
08-06 15:49:33.085 16505 17418 E baseline.com.newsblur.network.APIResponse: 	at okhttp3.internal.http.RealInterceptorChain.proceed(RealInterceptorChain.java:117)
08-06 15:49:33.085 16505 17418 E baseline.com.newsblur.network.APIResponse: 	at okhttp3.internal.cache.CacheInterceptor.intercept(CacheInterceptor.java:94)
08-06 15:49:33.085 16505 17418 E baseline.com.newsblur.network.APIResponse: 	at okhttp3.internal.http.RealInterceptorChain.proceed(RealInterceptorChain.java:142)
08-06 15:49:33.085 16505 17418 E baseline.com.newsblur.network.APIResponse: 	at okhttp3.internal.http.RealInterceptorChain.proceed(RealInterceptorChain.java:117)
08-06 15:49:33.085 16505 17418 E baseline.com.newsblur.network.APIResponse: 	at okhttp3.internal.http.BridgeInterceptor.intercept(BridgeInterceptor.java:93)
08-06 15:49:33.085 16505 17418 E baseline.com.newsblur.network.APIResponse: 	at okhttp3.internal.http.RealInterceptorChain.proceed(RealInterceptorChain.java:142)
08-06 15:49:33.085 16505 17418 E baseline.com.newsblur.network.APIResponse: 	at okhttp3.internal.http.RetryAndFollowUpInterceptor.intercept(RetryAndFollowUpInterceptor.java:88)
08-06 15:49:33.085 16505 17418 E baseline.com.newsblur.network.APIResponse: 	at okhttp3.internal.http.RealInterceptorChain.proceed(RealInterceptorChain.java:142)
08-06 15:49:33.085 16505 17418 E baseline.com.newsblur.network.APIResponse: 	at okhttp3.internal.http.RealInterceptorChain.proceed(RealInterceptorChain.java:117)
08-06 15:49:33.085 16505 17418 E baseline.com.newsblur.network.APIResponse: 	at okhttp3.RealCall.getResponseWithInterceptorChain(RealCall.java:229)
08-06 15:49:33.085 16505 17418 E baseline.com.newsblur.network.APIResponse: 	at okhttp3.RealCall.execute(RealCall.java:81)
08-06 15:49:33.085 16505 17418 E baseline.com.newsblur.network.APIResponse: 	at baseline.com.newsblur.network.APIResponse.<init>(APIResponse.java:57)
08-06 15:49:33.085 16505 17418 E baseline.com.newsblur.network.APIResponse: 	at baseline.com.newsblur.network.APIResponse.<init>(APIResponse.java:43)
08-06 15:49:33.085 16505 17418 E baseline.com.newsblur.network.APIResponse: 	at baseline.com.newsblur.network.APIManager.post_single(APIManager.java:702)
08-06 15:49:33.085 16505 17418 E baseline.com.newsblur.network.APIResponse: 	at baseline.com.newsblur.network.APIManager.post(APIManager.java:675)
08-06 15:49:33.085 16505 17418 E baseline.com.newsblur.network.APIResponse: 	at baseline.com.newsblur.network.APIManager.post(APIManager.java:714)
08-06 15:49:33.085 16505 17418 E baseline.com.newsblur.network.APIResponse: 	at baseline.com.newsblur.network.APIManager.markStoryAsRead(APIManager.java:205)
08-06 15:49:33.085 16505 17418 E baseline.com.newsblur.network.APIResponse: 	at baseline.com.newsblur.util.ReadingAction.doRemote(ReadingAction.java:281)
08-06 15:49:33.085 16505 17418 E baseline.com.newsblur.network.APIResponse: 	at baseline.com.newsblur.service.NBSyncService.syncActions(NBSyncService.java:400)
08-06 15:49:33.085 16505 17418 E baseline.com.newsblur.network.APIResponse: 	at baseline.com.newsblur.service.NBSyncService.doSync(NBSyncService.java:298)
08-06 15:49:33.085 16505 17418 E baseline.com.newsblur.network.APIResponse: 	at baseline.com.newsblur.service.NBSyncService.access$100(NBSyncService.java:67)
08-06 15:49:33.085 16505 17418 E baseline.com.newsblur.network.APIResponse: 	at baseline.com.newsblur.service.NBSyncService$1.run(NBSyncService.java:188)
08-06 15:49:33.085 16505 17418 E baseline.com.newsblur.network.APIResponse: 	at java.util.concurrent.ThreadPoolExecutor.runWorker(ThreadPoolExecutor.java:1113)
08-06 15:49:33.085 16505 17418 E baseline.com.newsblur.network.APIResponse: 	at java.util.concurrent.ThreadPoolExecutor$Worker.run(ThreadPoolExecutor.java:588)
08-06 15:49:33.085 16505 17418 E baseline.com.newsblur.network.APIResponse: 	at java.lang.Thread.run(Thread.java:818)
08-06 15:49:33.085 16505 17418 E baseline.com.newsblur.network.APIResponse: Caused by: java.io.EOFException: \n not found: limit=0 content=
08-06 15:49:33.085 16505 17418 E baseline.com.newsblur.network.APIResponse: 	at okio.RealBufferedSource.readUtf8LineStrict(RealBufferedSource.java:240)
08-06 15:49:33.085 16505 17418 E baseline.com.newsblur.network.APIResponse: 	at okhttp3.internal.http1.Http1ExchangeCodec.readHeaderLine(Http1ExchangeCodec.java:242)
08-06 15:49:33.085 16505 17418 E baseline.com.newsblur.network.APIResponse: 	at okhttp3.internal.http1.Http1ExchangeCodec.readResponseHeaders(Http1ExchangeCodec.java:213)
08-06 15:49:33.085 16505 17418 E baseline.com.newsblur.network.APIResponse: 	... 30 more
08-06 15:49:33.086 16505 17418 I baseline.com.newsblur.service.NBSyncService: Holding reading action with server-side or network error.
08-06 15:49:33.091 16505 16517 I art     : Starting a blocking GC Explicit
08-06 15:49:33.095 16505 17418 W baseline.com.newsblur.service.NBSyncService: hard API failure
08-06 15:49:33.101 16505 17093 E chromium: [ERROR:tile_manager.cc(793)] WARNING: tile memory limits exceeded, some content may not draw
08-06 15:49:33.102 16505 17093 E chromium: [ERROR:tile_manager.cc(793)] WARNING: tile memory limits exceeded, some content may not draw
08-06 15:49:33.141 16505 16517 I art     : Explicit concurrent mark sweep GC freed 1614(327KB) AllocSpace objects, 7(140KB) LOS objects, 27% free, 41MB/57MB, paused 1.462ms total 49.829ms
08-06 15:49:33.154 16505 16517 I art     : Starting a blocking GC Explicit
08-06 15:49:33.206 16505 16517 I art     : Explicit concurrent mark sweep GC freed 282(23KB) AllocSpace objects, 1(20KB) LOS objects, 27% free, 41MB/57MB, paused 1.513ms total 52.159ms
08-06 15:49:33.494 16505 17418 E baseline.com.newsblur.network.APIResponse: Error (unexpected end of stream on https://www.newsblur.com/...) calling https://www.newsblur.com/reader/mark_story_hashes_as_read/
08-06 15:49:33.494 16505 17418 E baseline.com.newsblur.network.APIResponse: java.io.IOException: unexpected end of stream on https://www.newsblur.com/...
08-06 15:49:33.494 16505 17418 E baseline.com.newsblur.network.APIResponse: 	at okhttp3.internal.http1.Http1ExchangeCodec.readResponseHeaders(Http1ExchangeCodec.java:236)
08-06 15:49:33.494 16505 17418 E baseline.com.newsblur.network.APIResponse: 	at okhttp3.internal.connection.Exchange.readResponseHeaders(Exchange.java:115)
08-06 15:49:33.494 16505 17418 E baseline.com.newsblur.network.APIResponse: 	at okhttp3.internal.http.CallServerInterceptor.intercept(CallServerInterceptor.java:94)
08-06 15:49:33.494 16505 17418 E baseline.com.newsblur.network.APIResponse: 	at okhttp3.internal.http.RealInterceptorChain.proceed(RealInterceptorChain.java:142)
08-06 15:49:33.494 16505 17418 E baseline.com.newsblur.network.APIResponse: 	at okhttp3.internal.connection.ConnectInterceptor.intercept(ConnectInterceptor.java:43)
08-06 15:49:33.494 16505 17418 E baseline.com.newsblur.network.APIResponse: 	at okhttp3.internal.http.RealInterceptorChain.proceed(RealInterceptorChain.java:142)
08-06 15:49:33.494 16505 17418 E baseline.com.newsblur.network.APIResponse: 	at okhttp3.internal.http.RealInterceptorChain.proceed(RealInterceptorChain.java:117)
08-06 15:49:33.494 16505 17418 E baseline.com.newsblur.network.APIResponse: 	at okhttp3.internal.cache.CacheInterceptor.intercept(CacheInterceptor.java:94)
08-06 15:49:33.494 16505 17418 E baseline.com.newsblur.network.APIResponse: 	at okhttp3.internal.http.RealInterceptorChain.proceed(RealInterceptorChain.java:142)
08-06 15:49:33.494 16505 17418 E baseline.com.newsblur.network.APIResponse: 	at okhttp3.internal.http.RealInterceptorChain.proceed(RealInterceptorChain.java:117)
08-06 15:49:33.494 16505 17418 E baseline.com.newsblur.network.APIResponse: 	at okhttp3.internal.http.BridgeInterceptor.intercept(BridgeInterceptor.java:93)
08-06 15:49:33.494 16505 17418 E baseline.com.newsblur.network.APIResponse: 	at okhttp3.internal.http.RealInterceptorChain.proceed(RealInterceptorChain.java:142)
08-06 15:49:33.494 16505 17418 E baseline.com.newsblur.network.APIResponse: 	at okhttp3.internal.http.RetryAndFollowUpInterceptor.intercept(RetryAndFollowUpInterceptor.java:88)
08-06 15:49:33.494 16505 17418 E baseline.com.newsblur.network.APIResponse: 	at okhttp3.internal.http.RealInterceptorChain.proceed(RealInterceptorChain.java:142)
08-06 15:49:33.494 16505 17418 E baseline.com.newsblur.network.APIResponse: 	at okhttp3.internal.http.RealInterceptorChain.proceed(RealInterceptorChain.java:117)
08-06 15:49:33.494 16505 17418 E baseline.com.newsblur.network.APIResponse: 	at okhttp3.RealCall.getResponseWithInterceptorChain(RealCall.java:229)
08-06 15:49:33.494 16505 17418 E baseline.com.newsblur.network.APIResponse: 	at okhttp3.RealCall.execute(RealCall.java:81)
08-06 15:49:33.494 16505 17418 E baseline.com.newsblur.network.APIResponse: 	at baseline.com.newsblur.network.APIResponse.<init>(APIResponse.java:57)
08-06 15:49:33.494 16505 17418 E baseline.com.newsblur.network.APIResponse: 	at baseline.com.newsblur.network.APIResponse.<init>(APIResponse.java:43)
08-06 15:49:33.494 16505 17418 E baseline.com.newsblur.network.APIResponse: 	at baseline.com.newsblur.network.APIManager.post_single(APIManager.java:702)
08-06 15:49:33.494 16505 17418 E baseline.com.newsblur.network.APIResponse: 	at baseline.com.newsblur.network.APIManager.post(APIManager.java:675)
08-06 15:49:33.494 16505 17418 E baseline.com.newsblur.network.APIResponse: 	at baseline.com.newsblur.network.APIManager.post(APIManager.java:714)
08-06 15:49:33.494 16505 17418 E baseline.com.newsblur.network.APIResponse: 	at baseline.com.newsblur.network.APIManager.markStoryAsRead(APIManager.java:205)
08-06 15:49:33.494 16505 17418 E baseline.com.newsblur.network.APIResponse: 	at baseline.com.newsblur.util.ReadingAction.doRemote(ReadingAction.java:281)
08-06 15:49:33.494 16505 17418 E baseline.com.newsblur.network.APIResponse: 	at baseline.com.newsblur.service.NBSyncService.syncActions(NBSyncService.java:400)
08-06 15:49:33.494 16505 17418 E baseline.com.newsblur.network.APIResponse: 	at baseline.com.newsblur.service.NBSyncService.doSync(NBSyncService.java:298)
08-06 15:49:33.494 16505 17418 E baseline.com.newsblur.network.APIResponse: 	at baseline.com.newsblur.service.NBSyncService.access$100(NBSyncService.java:67)
08-06 15:49:33.494 16505 17418 E baseline.com.newsblur.network.APIResponse: 	at baseline.com.newsblur.service.NBSyncService$1.run(NBSyncService.java:188)
08-06 15:49:33.494 16505 17418 E baseline.com.newsblur.network.APIResponse: 	at java.util.concurrent.ThreadPoolExecutor.runWorker(ThreadPoolExecutor.java:1113)
08-06 15:49:33.494 16505 17418 E baseline.com.newsblur.network.APIResponse: 	at java.util.concurrent.ThreadPoolExecutor$Worker.run(ThreadPoolExecutor.java:588)
08-06 15:49:33.494 16505 17418 E baseline.com.newsblur.network.APIResponse: 	at java.lang.Thread.run(Thread.java:818)
08-06 15:49:33.494 16505 17418 E baseline.com.newsblur.network.APIResponse: Caused by: java.io.EOFException: \n not found: limit=0 content=
08-06 15:49:33.494 16505 17418 E baseline.com.newsblur.network.APIResponse: 	at okio.RealBufferedSource.readUtf8LineStrict(RealBufferedSource.java:240)
08-06 15:49:33.494 16505 17418 E baseline.com.newsblur.network.APIResponse: 	at okhttp3.internal.http1.Http1ExchangeCodec.readHeaderLine(Http1ExchangeCodec.java:242)
08-06 15:49:33.494 16505 17418 E baseline.com.newsblur.network.APIResponse: 	at okhttp3.internal.http1.Http1ExchangeCodec.readResponseHeaders(Http1ExchangeCodec.java:213)
08-06 15:49:33.494 16505 17418 E baseline.com.newsblur.network.APIResponse: 	... 30 more
08-06 15:49:33.496 16505 17418 I baseline.com.newsblur.network.APIManager: API call failed, pausing before retry number 1
08-06 15:49:33.581 16505 16516 I art     : Starting a blocking GC Explicit
08-06 15:49:33.645 16505 16516 I art     : Explicit concurrent mark sweep GC freed 3997(359KB) AllocSpace objects, 4(88KB) LOS objects, 27% free, 41MB/57MB, paused 1.611ms total 63.346ms
08-06 15:49:33.662 16505 16516 I art     : Starting a blocking GC Explicit
08-06 15:49:33.718 16505 16516 I art     : Explicit concurrent mark sweep GC freed 120(4KB) AllocSpace objects, 0(0B) LOS objects, 27% free, 41MB/57MB, paused 1.537ms total 55.485ms
08-06 15:49:33.732 16505 16516 I art     : Starting a blocking GC Explicit
08-06 15:49:33.790 16505 16516 I art     : Explicit concurrent mark sweep GC freed 3(96B) AllocSpace objects, 0(0B) LOS objects, 27% free, 41MB/57MB, paused 1.481ms total 57.256ms
08-06 15:49:33.790 16505 16515 I art     : WaitForGcToComplete blocked for 22.227ms for cause HeapTrim
08-06 15:49:33.804 16505 16516 I art     : Starting a blocking GC Explicit
08-06 15:49:33.859 16505 16516 I art     : Explicit concurrent mark sweep GC freed 3(96B) AllocSpace objects, 0(0B) LOS objects, 27% free, 41MB/57MB, paused 1.544ms total 54.786ms
08-06 15:49:33.874 16505 16516 I art     : Starting a blocking GC Explicit
08-06 15:49:33.931 16505 16516 I art     : Explicit concurrent mark sweep GC freed 3(96B) AllocSpace objects, 0(0B) LOS objects, 27% free, 41MB/57MB, paused 1.509ms total 57.621ms
08-06 15:49:34.113 16505 17093 E chromium: [ERROR:tile_manager.cc(793)] WARNING: tile memory limits exceeded, some content may not draw
08-06 15:49:34.114 16505 17093 E chromium: [ERROR:tile_manager.cc(793)] WARNING: tile memory limits exceeded, some content may not draw
08-06 15:49:34.131 16505 17093 E chromium: [ERROR:tile_manager.cc(793)] WARNING: tile memory limits exceeded, some content may not draw
08-06 15:49:34.132 16505 17093 E chromium: [ERROR:tile_manager.cc(793)] WARNING: tile memory limits exceeded, some content may not draw
08-06 15:49:34.149 16505 17093 E chromium: [ERROR:tile_manager.cc(793)] WARNING: tile memory limits exceeded, some content may not draw
08-06 15:49:34.149 16505 17093 E chromium: [ERROR:tile_manager.cc(793)] WARNING: tile memory limits exceeded, some content may not draw
08-06 15:49:34.318 16505 16517 I art     : Starting a blocking GC Explicit
08-06 15:49:34.372 16505 16517 I art     : Explicit concurrent mark sweep GC freed 1564(86KB) AllocSpace objects, 1(20KB) LOS objects, 27% free, 41MB/57MB, paused 1.391ms total 53.095ms
08-06 15:49:34.382   518   646 I ThermalEngine: ACTION: GPU - Setting GPU[0] to 390000000
08-06 15:49:34.409 16505 16517 I art     : Starting a blocking GC Explicit
08-06 15:49:34.484 16505 16517 I art     : Explicit concurrent mark sweep GC freed 25(896B) AllocSpace objects, 0(0B) LOS objects, 27% free, 41MB/57MB, paused 1.955ms total 74.185ms
08-06 15:49:34.503 16505 16517 I art     : Starting a blocking GC Explicit
08-06 15:49:34.569 16505 16517 I art     : Explicit concurrent mark sweep GC freed 3(96B) AllocSpace objects, 0(0B) LOS objects, 27% free, 41MB/57MB, paused 2.082ms total 65.170ms
08-06 15:49:34.590 16505 16517 I art     : Starting a blocking GC Explicit
08-06 15:49:34.658 16505 16517 I art     : Explicit concurrent mark sweep GC freed 3(96B) AllocSpace objects, 0(0B) LOS objects, 27% free, 41MB/57MB, paused 2.024ms total 67.299ms
08-06 15:49:34.679 16505 16517 I art     : Starting a blocking GC Explicit
08-06 15:49:34.749 16505 16517 I art     : Explicit concurrent mark sweep GC freed 3(96B) AllocSpace objects, 0(0B) LOS objects, 27% free, 41MB/57MB, paused 2.210ms total 69.762ms
08-06 15:49:35.166 16505 16516 I art     : Starting a blocking GC Explicit
08-06 15:49:35.243 16505 16516 I art     : Explicit concurrent mark sweep GC freed 1609(91KB) AllocSpace objects, 1(20KB) LOS objects, 27% free, 41MB/57MB, paused 2.390ms total 77.326ms
08-06 15:49:35.266 16505 16516 I art     : Starting a blocking GC Explicit
08-06 15:49:35.341 16505 16516 I art     : Explicit concurrent mark sweep GC freed 28(1040B) AllocSpace objects, 0(0B) LOS objects, 27% free, 41MB/57MB, paused 2.278ms total 73.847ms
08-06 15:49:35.363 16505 16516 I art     : Starting a blocking GC Explicit
08-06 15:49:35.437 16505 16516 I art     : Explicit concurrent mark sweep GC freed 3(96B) AllocSpace objects, 0(0B) LOS objects, 27% free, 41MB/57MB, paused 2.123ms total 73.852ms
08-06 15:49:35.460 16505 16516 I art     : Starting a blocking GC Explicit
08-06 15:49:35.534 16505 16516 I art     : Explicit concurrent mark sweep GC freed 1657(64KB) AllocSpace objects, 0(0B) LOS objects, 27% free, 41MB/57MB, paused 2.350ms total 73.778ms
08-06 15:49:35.538 16505 17418 E baseline.com.newsblur.network.APIResponse: Error (unexpected end of stream on https://www.newsblur.com/...) calling https://www.newsblur.com/reader/mark_story_hashes_as_read/
08-06 15:49:35.538 16505 17418 E baseline.com.newsblur.network.APIResponse: java.io.IOException: unexpected end of stream on https://www.newsblur.com/...
08-06 15:49:35.538 16505 17418 E baseline.com.newsblur.network.APIResponse: 	at okhttp3.internal.http1.Http1ExchangeCodec.readResponseHeaders(Http1ExchangeCodec.java:236)
08-06 15:49:35.538 16505 17418 E baseline.com.newsblur.network.APIResponse: 	at okhttp3.internal.connection.Exchange.readResponseHeaders(Exchange.java:115)
08-06 15:49:35.538 16505 17418 E baseline.com.newsblur.network.APIResponse: 	at okhttp3.internal.http.CallServerInterceptor.intercept(CallServerInterceptor.java:94)
08-06 15:49:35.538 16505 17418 E baseline.com.newsblur.network.APIResponse: 	at okhttp3.internal.http.RealInterceptorChain.proceed(RealInterceptorChain.java:142)
08-06 15:49:35.538 16505 17418 E baseline.com.newsblur.network.APIResponse: 	at okhttp3.internal.connection.ConnectInterceptor.intercept(ConnectInterceptor.java:43)
08-06 15:49:35.538 16505 17418 E baseline.com.newsblur.network.APIResponse: 	at okhttp3.internal.http.RealInterceptorChain.proceed(RealInterceptorChain.java:142)
08-06 15:49:35.538 16505 17418 E baseline.com.newsblur.network.APIResponse: 	at okhttp3.internal.http.RealInterceptorChain.proceed(RealInterceptorChain.java:117)
08-06 15:49:35.538 16505 17418 E baseline.com.newsblur.network.APIResponse: 	at okhttp3.internal.cache.CacheInterceptor.intercept(CacheInterceptor.java:94)
08-06 15:49:35.538 16505 17418 E baseline.com.newsblur.network.APIResponse: 	at okhttp3.internal.http.RealInterceptorChain.proceed(RealInterceptorChain.java:142)
08-06 15:49:35.538 16505 17418 E baseline.com.newsblur.network.APIResponse: 	at okhttp3.internal.http.RealInterceptorChain.proceed(RealInterceptorChain.java:117)
08-06 15:49:35.538 16505 17418 E baseline.com.newsblur.network.APIResponse: 	at okhttp3.internal.http.BridgeInterceptor.intercept(BridgeInterceptor.java:93)
08-06 15:49:35.538 16505 17418 E baseline.com.newsblur.network.APIResponse: 	at okhttp3.internal.http.RealInterceptorChain.proceed(RealInterceptorChain.java:142)
08-06 15:49:35.538 16505 17418 E baseline.com.newsblur.network.APIResponse: 	at okhttp3.internal.http.RetryAndFollowUpInterceptor.intercept(RetryAndFollowUpInterceptor.java:88)
08-06 15:49:35.538 16505 17418 E baseline.com.newsblur.network.APIResponse: 	at okhttp3.internal.http.RealInterceptorChain.proceed(RealInterceptorChain.java:142)
08-06 15:49:35.538 16505 17418 E baseline.com.newsblur.network.APIResponse: 	at okhttp3.internal.http.RealInterceptorChain.proceed(RealInterceptorChain.java:117)
08-06 15:49:35.538 16505 17418 E baseline.com.newsblur.network.APIResponse: 	at okhttp3.RealCall.getResponseWithInterceptorChain(RealCall.java:229)
08-06 15:49:35.538 16505 17418 E baseline.com.newsblur.network.APIResponse: 	at okhttp3.RealCall.execute(RealCall.java:81)
08-06 15:49:35.538 16505 17418 E baseline.com.newsblur.network.APIResponse: 	at baseline.com.newsblur.network.APIResponse.<init>(APIResponse.java:57)
08-06 15:49:35.538 16505 17418 E baseline.com.newsblur.network.APIResponse: 	at baseline.com.newsblur.network.APIResponse.<init>(APIResponse.java:43)
08-06 15:49:35.538 16505 17418 E baseline.com.newsblur.network.APIResponse: 	at baseline.com.newsblur.network.APIManager.post_single(APIManager.java:702)
08-06 15:49:35.538 16505 17418 E baseline.com.newsblur.network.APIResponse: 	at baseline.com.newsblur.network.APIManager.post(APIManager.java:675)
08-06 15:49:35.538 16505 17418 E baseline.com.newsblur.network.APIResponse: 	at baseline.com.newsblur.network.APIManager.post(APIManager.java:714)
08-06 15:49:35.538 16505 17418 E baseline.com.newsblur.network.APIResponse: 	at baseline.com.newsblur.network.APIManager.markStoryAsRead(APIManager.java:205)
08-06 15:49:35.538 16505 17418 E baseline.com.newsblur.network.APIResponse: 	at baseline.com.newsblur.util.ReadingAction.doRemote(ReadingAction.java:281)
08-06 15:49:35.538 16505 17418 E baseline.com.newsblur.network.APIResponse: 	at baseline.com.newsblur.service.NBSyncService.syncActions(NBSyncService.java:400)
08-06 15:49:35.538 16505 17418 E baseline.com.newsblur.network.APIResponse: 	at baseline.com.newsblur.service.NBSyncService.doSync(NBSyncService.java:298)
08-06 15:49:35.538 16505 17418 E baseline.com.newsblur.network.APIResponse: 	at baseline.com.newsblur.service.NBSyncService.access$100(NBSyncService.java:67)
08-06 15:49:35.538 16505 17418 E baseline.com.newsblur.network.APIResponse: 	at baseline.com.newsblur.service.NBSyncService$1.run(NBSyncService.java:188)
08-06 15:49:35.538 16505 17418 E baseline.com.newsblur.network.APIResponse: 	at java.util.concurrent.ThreadPoolExecutor.runWorker(ThreadPoolExecutor.java:1113)
08-06 15:49:35.538 16505 17418 E baseline.com.newsblur.network.APIResponse: 	at java.util.concurrent.ThreadPoolExecutor$Worker.run(ThreadPoolExecutor.java:588)
08-06 15:49:35.538 16505 17418 E baseline.com.newsblur.network.APIResponse: 	at java.lang.Thread.run(Thread.java:818)
08-06 15:49:35.538 16505 17418 E baseline.com.newsblur.network.APIResponse: Caused by: java.io.EOFException: \n not found: limit=0 content=
08-06 15:49:35.538 16505 17418 E baseline.com.newsblur.network.APIResponse: 	at okio.RealBufferedSource.readUtf8LineStrict(RealBufferedSource.java:240)
08-06 15:49:35.538 16505 17418 E baseline.com.newsblur.network.APIResponse: 	at okhttp3.internal.http1.Http1ExchangeCodec.readHeaderLine(Http1ExchangeCodec.java:242)
08-06 15:49:35.538 16505 17418 E baseline.com.newsblur.network.APIResponse: 	at okhttp3.internal.http1.Http1ExchangeCodec.readResponseHeaders(Http1ExchangeCodec.java:213)
08-06 15:49:35.538 16505 17418 E baseline.com.newsblur.network.APIResponse: 	... 30 more
08-06 15:49:35.539 16505 17418 I baseline.com.newsblur.network.APIManager: API call failed, pausing before retry number 2
08-06 15:49:35.556 16505 16516 I art     : Starting a blocking GC Explicit
08-06 15:49:35.629 16505 16516 I art     : Explicit concurrent mark sweep GC freed 903(211KB) AllocSpace objects, 2(40KB) LOS objects, 27% free, 41MB/57MB, paused 2.420ms total 72.805ms
08-06 15:49:36.037 16505 16523 I art     : Starting a blocking GC Explicit
08-06 15:49:36.062 16530 18469 W Gcs.WfaEliRefreshTask: [29382] afk.b: NULL eligibility response.
08-06 15:49:36.063 24365 12204 I NetworkScheduler.Stats: Task com.google.android.apps.gcs/ started execution. cause:4 exec_start_elapsed_seconds: 1875579 [CONTEXT service_id=218 ]
08-06 15:49:36.066 24365 12204 I NetworkScheduler.Stats: Task com.google.android.apps.gcs/ finished executing. cause:4 result: 3 elapsed_millis: 9 uptime_millis: 10 exec_start_elapsed_seconds: 1875579 [CONTEXT service_id=218 ]
08-06 15:49:36.108 16505 16523 I art     : Explicit concurrent mark sweep GC freed 1500(85KB) AllocSpace objects, 1(20KB) LOS objects, 27% free, 41MB/57MB, paused 2.087ms total 70.494ms
08-06 15:49:36.129 16505 16523 I art     : Starting a blocking GC Explicit
08-06 15:49:36.202 16505 16523 I art     : Explicit concurrent mark sweep GC freed 22(784B) AllocSpace objects, 0(0B) LOS objects, 27% free, 41MB/57MB, paused 2.316ms total 71.878ms
08-06 15:49:36.224 16505 16523 I art     : Starting a blocking GC Explicit
08-06 15:49:36.297 16505 16523 I art     : Explicit concurrent mark sweep GC freed 3(96B) AllocSpace objects, 0(0B) LOS objects, 27% free, 41MB/57MB, paused 2.317ms total 73.123ms
08-06 15:49:36.319 16505 16523 I art     : Starting a blocking GC Explicit
08-06 15:49:36.383   518   646 I ThermalEngine: ACTION: GPU - Setting GPU[0] to 450000000
08-06 15:49:36.390 16505 16523 I art     : Explicit concurrent mark sweep GC freed 3(96B) AllocSpace objects, 0(0B) LOS objects, 27% free, 41MB/57MB, paused 1.747ms total 70.653ms
08-06 15:49:36.405 16505 16523 I art     : Starting a blocking GC Explicit
08-06 15:49:36.463 16505 16523 I art     : Explicit concurrent mark sweep GC freed 3(96B) AllocSpace objects, 0(0B) LOS objects, 27% free, 41MB/57MB, paused 1.536ms total 57.298ms
08-06 15:49:36.888 16505 16766 I art     : Starting a blocking GC Explicit
08-06 15:49:36.952 16505 16766 I art     : Explicit concurrent mark sweep GC freed 1444(83KB) AllocSpace objects, 1(20KB) LOS objects, 27% free, 41MB/57MB, paused 1.589ms total 63.856ms
08-06 15:49:36.967 16505 16766 I art     : Starting a blocking GC Explicit
08-06 15:49:37.027 16505 16766 I art     : Explicit concurrent mark sweep GC freed 22(784B) AllocSpace objects, 0(0B) LOS objects, 27% free, 41MB/57MB, paused 1.583ms total 60.246ms
08-06 15:49:37.042 16505 16766 I art     : Starting a blocking GC Explicit
08-06 15:49:37.103 16505 16766 I art     : Explicit concurrent mark sweep GC freed 3(96B) AllocSpace objects, 0(0B) LOS objects, 27% free, 41MB/57MB, paused 1.630ms total 60.934ms
08-06 15:49:37.119 16505 16766 I art     : Starting a blocking GC Explicit
08-06 15:49:37.179 16505 16766 I art     : Explicit concurrent mark sweep GC freed 3(96B) AllocSpace objects, 0(0B) LOS objects, 27% free, 41MB/57MB, paused 1.573ms total 60.181ms
08-06 15:49:37.194 16505 16766 I art     : Starting a blocking GC Explicit
08-06 15:49:37.255 16505 16766 I art     : Explicit concurrent mark sweep GC freed 3(96B) AllocSpace objects, 0(0B) LOS objects, 27% free, 41MB/57MB, paused 1.549ms total 60.549ms
08-06 15:49:37.295 18480 18480 D AndroidRuntime: >>>>>> START com.android.internal.os.RuntimeInit uid 2000 <<<<<<
08-06 15:49:37.301 18480 18480 D AndroidRuntime: CheckJNI is OFF
08-06 15:49:37.345 18480 18480 D ICU     : No timezone override file found: /data/misc/zoneinfo/current/icu/icu_tzdata.dat
08-06 15:49:37.390 18480 18480 I Radio-JNI: register_android_hardware_Radio DONE
08-06 15:49:37.420 18480 18480 D AndroidRuntime: Calling main entry com.android.commands.input.Input
08-06 15:49:37.422 18480 18480 I Input   : injectKeyEvent: KeyEvent { action=ACTION_DOWN, keyCode=KEYCODE_BACK, scanCode=0, metaState=0, flags=0x0, repeatCount=0, eventTime=892193834, downTime=892193834, deviceId=-1, source=0x101 }
08-06 15:49:37.435 18480 18480 I Input   : injectKeyEvent: KeyEvent { action=ACTION_UP, keyCode=KEYCODE_BACK, scanCode=0, metaState=0, flags=0x0, repeatCount=0, eventTime=892193834, downTime=892193834, deviceId=-1, source=0x101 }
08-06 15:49:37.443 18480 18480 D AndroidRuntime: Shutting down VM
08-06 15:49:37.455 16505 16505 D baseline.com.newsblur.service.NBSyncService: rejecting request for feedset that is exhaused
08-06 15:49:37.643 16505 16517 I art     : Starting a blocking GC Explicit
08-06 15:49:37.651 16505 16505 D baseline.com.newsblur.service.NBSyncService: rejecting request for feedset that is exhaused
08-06 15:49:37.653 13866 13866 I GoogleInputMethodServic: GoogleInputMethodService.onFinishInput():3138 
08-06 15:49:37.654 13866 13866 I GoogleInputMethodServic: GoogleInputMethodService.onStartInput():1808 
08-06 15:49:37.698 16505 16517 I art     : Explicit concurrent mark sweep GC freed 2866(226KB) AllocSpace objects, 5(100KB) LOS objects, 27% free, 41MB/57MB, paused 1.449ms total 54.824ms
08-06 15:49:37.714 16505 16517 I art     : Starting a blocking GC Explicit
08-06 15:49:37.767 16505 16517 I art     : Explicit concurrent mark sweep GC freed 570(42KB) AllocSpace objects, 0(0B) LOS objects, 27% free, 41MB/57MB, paused 1.427ms total 52.623ms
08-06 15:49:37.781 16505 16517 I art     : Starting a blocking GC Explicit
08-06 15:49:37.835 16505 16517 I art     : Explicit concurrent mark sweep GC freed 3(96B) AllocSpace objects, 1(28KB) LOS objects, 27% free, 41MB/57MB, paused 1.604ms total 53.439ms
08-06 15:49:37.849 16505 16517 I art     : Starting a blocking GC Explicit
08-06 15:49:37.910 16505 16517 I art     : Explicit concurrent mark sweep GC freed 3(96B) AllocSpace objects, 0(0B) LOS objects, 27% free, 41MB/57MB, paused 1.521ms total 60.866ms
08-06 15:49:37.927 16505 16517 I art     : Starting a blocking GC Explicit
08-06 15:49:37.994 16505 16517 I art     : Explicit concurrent mark sweep GC freed 389(17KB) AllocSpace objects, 0(0B) LOS objects, 27% free, 41MB/57MB, paused 2.350ms total 66.383ms
08-06 15:49:38.369 16505 16517 I art     : Starting a blocking GC Explicit
08-06 15:49:38.427 16505 16517 I art     : Explicit concurrent mark sweep GC freed 2768(146KB) AllocSpace objects, 1(20KB) LOS objects, 27% free, 41MB/57MB, paused 1.530ms total 57.267ms
08-06 15:49:38.441 16505 16517 I art     : Starting a blocking GC Explicit
08-06 15:49:38.493 16505 16517 I art     : Explicit concurrent mark sweep GC freed 157(7KB) AllocSpace objects, 0(0B) LOS objects, 27% free, 41MB/57MB, paused 1.353ms total 51.716ms
08-06 15:49:38.507 16505 16517 I art     : Starting a blocking GC Explicit
08-06 15:49:38.559 16505 16517 I art     : Explicit concurrent mark sweep GC freed 102(3KB) AllocSpace objects, 0(0B) LOS objects, 27% free, 41MB/57MB, paused 1.635ms total 51.780ms
08-06 15:49:38.573 16505 16517 I art     : Starting a blocking GC Explicit
08-06 15:49:38.631 16505 16517 I art     : Explicit concurrent mark sweep GC freed 86(5KB) AllocSpace objects, 0(0B) LOS objects, 27% free, 41MB/57MB, paused 1.622ms total 57.538ms
08-06 15:49:38.646 16505 16517 I art     : Starting a blocking GC Explicit
08-06 15:49:38.705 16505 16517 I art     : Explicit concurrent mark sweep GC freed 19(720B) AllocSpace objects, 0(0B) LOS objects, 27% free, 41MB/57MB, paused 1.531ms total 58.920ms
08-06 15:49:39.022 16505 17418 E baseline.com.newsblur.network.APIResponse: Error (unexpected end of stream on https://www.newsblur.com/...) calling https://www.newsblur.com/reader/mark_story_hashes_as_read/
08-06 15:49:39.022 16505 17418 E baseline.com.newsblur.network.APIResponse: java.io.IOException: unexpected end of stream on https://www.newsblur.com/...
08-06 15:49:39.022 16505 17418 E baseline.com.newsblur.network.APIResponse: 	at okhttp3.internal.http1.Http1ExchangeCodec.readResponseHeaders(Http1ExchangeCodec.java:236)
08-06 15:49:39.022 16505 17418 E baseline.com.newsblur.network.APIResponse: 	at okhttp3.internal.connection.Exchange.readResponseHeaders(Exchange.java:115)
08-06 15:49:39.022 16505 17418 E baseline.com.newsblur.network.APIResponse: 	at okhttp3.internal.http.CallServerInterceptor.intercept(CallServerInterceptor.java:94)
08-06 15:49:39.022 16505 17418 E baseline.com.newsblur.network.APIResponse: 	at okhttp3.internal.http.RealInterceptorChain.proceed(RealInterceptorChain.java:142)
08-06 15:49:39.022 16505 17418 E baseline.com.newsblur.network.APIResponse: 	at okhttp3.internal.connection.ConnectInterceptor.intercept(ConnectInterceptor.java:43)
08-06 15:49:39.022 16505 17418 E baseline.com.newsblur.network.APIResponse: 	at okhttp3.internal.http.RealInterceptorChain.proceed(RealInterceptorChain.java:142)
08-06 15:49:39.022 16505 17418 E baseline.com.newsblur.network.APIResponse: 	at okhttp3.internal.http.RealInterceptorChain.proceed(RealInterceptorChain.java:117)
08-06 15:49:39.022 16505 17418 E baseline.com.newsblur.network.APIResponse: 	at okhttp3.internal.cache.CacheInterceptor.intercept(CacheInterceptor.java:94)
08-06 15:49:39.022 16505 17418 E baseline.com.newsblur.network.APIResponse: 	at okhttp3.internal.http.RealInterceptorChain.proceed(RealInterceptorChain.java:142)
08-06 15:49:39.022 16505 17418 E baseline.com.newsblur.network.APIResponse: 	at okhttp3.internal.http.RealInterceptorChain.proceed(RealInterceptorChain.java:117)
08-06 15:49:39.022 16505 17418 E baseline.com.newsblur.network.APIResponse: 	at okhttp3.internal.http.BridgeInterceptor.intercept(BridgeInterceptor.java:93)
08-06 15:49:39.022 16505 17418 E baseline.com.newsblur.network.APIResponse: 	at okhttp3.internal.http.RealInterceptorChain.proceed(RealInterceptorChain.java:142)
08-06 15:49:39.022 16505 17418 E baseline.com.newsblur.network.APIResponse: 	at okhttp3.internal.http.RetryAndFollowUpInterceptor.intercept(RetryAndFollowUpInterceptor.java:88)
08-06 15:49:39.022 16505 17418 E baseline.com.newsblur.network.APIResponse: 	at okhttp3.internal.http.RealInterceptorChain.proceed(RealInterceptorChain.java:142)
08-06 15:49:39.022 16505 17418 E baseline.com.newsblur.network.APIResponse: 	at okhttp3.internal.http.RealInterceptorChain.proceed(RealInterceptorChain.java:117)
08-06 15:49:39.022 16505 17418 E baseline.com.newsblur.network.APIResponse: 	at okhttp3.RealCall.getResponseWithInterceptorChain(RealCall.java:229)
08-06 15:49:39.022 16505 17418 E baseline.com.newsblur.network.APIResponse: 	at okhttp3.RealCall.execute(RealCall.java:81)
08-06 15:49:39.022 16505 17418 E baseline.com.newsblur.network.APIResponse: 	at baseline.com.newsblur.network.APIResponse.<init>(APIResponse.java:57)
08-06 15:49:39.022 16505 17418 E baseline.com.newsblur.network.APIResponse: 	at baseline.com.newsblur.network.APIResponse.<init>(APIResponse.java:43)
08-06 15:49:39.022 16505 17418 E baseline.com.newsblur.network.APIResponse: 	at baseline.com.newsblur.network.APIManager.post_single(APIManager.java:702)
08-06 15:49:39.022 16505 17418 E baseline.com.newsblur.network.APIResponse: 	at baseline.com.newsblur.network.APIManager.post(APIManager.java:675)
08-06 15:49:39.022 16505 17418 E baseline.com.newsblur.network.APIResponse: 	at baseline.com.newsblur.network.APIManager.post(APIManager.java:714)
08-06 15:49:39.022 16505 17418 E baseline.com.newsblur.network.APIResponse: 	at baseline.com.newsblur.network.APIManager.markStoryAsRead(APIManager.java:205)
08-06 15:49:39.022 16505 17418 E baseline.com.newsblur.network.APIResponse: 	at baseline.com.newsblur.util.ReadingAction.doRemote(ReadingAction.java:281)
08-06 15:49:39.022 16505 17418 E baseline.com.newsblur.network.APIResponse: 	at baseline.com.newsblur.service.NBSyncService.syncActions(NBSyncService.java:400)
08-06 15:49:39.022 16505 17418 E baseline.com.newsblur.network.APIResponse: 	at baseline.com.newsblur.service.NBSyncService.doSync(NBSyncService.java:298)
08-06 15:49:39.022 16505 17418 E baseline.com.newsblur.network.APIResponse: 	at baseline.com.newsblur.service.NBSyncService.access$100(NBSyncService.java:67)
08-06 15:49:39.022 16505 17418 E baseline.com.newsblur.network.APIResponse: 	at baseline.com.newsblur.service.NBSyncService$1.run(NBSyncService.java:188)
08-06 15:49:39.022 16505 17418 E baseline.com.newsblur.network.APIResponse: 	at java.util.concurrent.ThreadPoolExecutor.runWorker(ThreadPoolExecutor.java:1113)
08-06 15:49:39.022 16505 17418 E baseline.com.newsblur.network.APIResponse: 	at java.util.concurrent.ThreadPoolExecutor$Worker.run(ThreadPoolExecutor.java:588)
08-06 15:49:39.022 16505 17418 E baseline.com.newsblur.network.APIResponse: 	at java.lang.Thread.run(Thread.java:818)
08-06 15:49:39.022 16505 17418 E baseline.com.newsblur.network.APIResponse: Caused by: java.io.EOFException: \n not found: limit=0 content=
08-06 15:49:39.022 16505 17418 E baseline.com.newsblur.network.APIResponse: 	at okio.RealBufferedSource.readUtf8LineStrict(RealBufferedSource.java:240)
08-06 15:49:39.022 16505 17418 E baseline.com.newsblur.network.APIResponse: 	at okhttp3.internal.http1.Http1ExchangeCodec.readHeaderLine(Http1ExchangeCodec.java:242)
08-06 15:49:39.022 16505 17418 E baseline.com.newsblur.network.APIResponse: 	at okhttp3.internal.http1.Http1ExchangeCodec.readResponseHeaders(Http1ExchangeCodec.java:213)
08-06 15:49:39.022 16505 17418 E baseline.com.newsblur.network.APIResponse: 	... 30 more
08-06 15:49:39.024 16505 17418 I baseline.com.newsblur.service.NBSyncService: Holding reading action with server-side or network error.
08-06 15:49:39.035 16505 17418 W baseline.com.newsblur.service.NBSyncService: hard API failure
08-06 15:49:39.080 16505 16766 I art     : Starting a blocking GC Explicit
08-06 15:49:39.139 16505 16766 I art     : Explicit concurrent mark sweep GC freed 4398(408KB) AllocSpace objects, 5(100KB) LOS objects, 27% free, 41MB/57MB, paused 1.579ms total 58.752ms
08-06 15:49:39.153 16505 16766 I art     : Starting a blocking GC Explicit
08-06 15:49:39.200 18513 18513 D AndroidRuntime: >>>>>> START com.android.internal.os.RuntimeInit uid 2000 <<<<<<
08-06 15:49:39.206 18513 18513 D AndroidRuntime: CheckJNI is OFF
08-06 15:49:39.214 16505 16766 I art     : Explicit concurrent mark sweep GC freed 140(5KB) AllocSpace objects, 0(0B) LOS objects, 27% free, 41MB/57MB, paused 1.674ms total 60.172ms
08-06 15:49:39.229 16505 16766 I art     : Starting a blocking GC Explicit
08-06 15:49:39.253 18513 18513 D ICU     : No timezone override file found: /data/misc/zoneinfo/current/icu/icu_tzdata.dat
08-06 15:49:39.288 16505 16766 I art     : Explicit concurrent mark sweep GC freed 3(96B) AllocSpace objects, 0(0B) LOS objects, 27% free, 41MB/57MB, paused 1.678ms total 59.284ms
08-06 15:49:39.299 18513 18513 I Radio-JNI: register_android_hardware_Radio DONE
08-06 15:49:39.303 16505 16766 I art     : Starting a blocking GC Explicit
08-06 15:49:39.328 18513 18513 D AndroidRuntime: Calling main entry com.android.commands.input.Input
08-06 15:49:39.330 18513 18513 I Input   : injectKeyEvent: KeyEvent { action=ACTION_DOWN, keyCode=KEYCODE_BACK, scanCode=0, metaState=0, flags=0x0, repeatCount=0, eventTime=892195743, downTime=892195743, deviceId=-1, source=0x101 }
08-06 15:49:39.336 18513 18513 I Input   : injectKeyEvent: KeyEvent { action=ACTION_UP, keyCode=KEYCODE_BACK, scanCode=0, metaState=0, flags=0x0, repeatCount=0, eventTime=892195743, downTime=892195743, deviceId=-1, source=0x101 }
08-06 15:49:39.344 18513 18513 D AndroidRuntime: Shutting down VM
08-06 15:49:39.362 16505 16766 I art     : Explicit concurrent mark sweep GC freed 318(64KB) AllocSpace objects, 4(80KB) LOS objects, 27% free, 41MB/57MB, paused 1.869ms total 58.552ms
08-06 15:49:39.376 16505 16766 I art     : Starting a blocking GC Explicit
08-06 15:49:39.431 16505 16766 I art     : Explicit concurrent mark sweep GC freed 1749(68KB) AllocSpace objects, 0(0B) LOS objects, 27% free, 41MB/57MB, paused 1.610ms total 54.864ms
08-06 15:49:39.432 16505 17418 E baseline.com.newsblur.network.APIResponse: Error (unexpected end of stream on https://www.newsblur.com/...) calling https://www.newsblur.com/reader/mark_story_hashes_as_read/
08-06 15:49:39.432 16505 17418 E baseline.com.newsblur.network.APIResponse: java.io.IOException: unexpected end of stream on https://www.newsblur.com/...
08-06 15:49:39.432 16505 17418 E baseline.com.newsblur.network.APIResponse: 	at okhttp3.internal.http1.Http1ExchangeCodec.readResponseHeaders(Http1ExchangeCodec.java:236)
08-06 15:49:39.432 16505 17418 E baseline.com.newsblur.network.APIResponse: 	at okhttp3.internal.connection.Exchange.readResponseHeaders(Exchange.java:115)
08-06 15:49:39.432 16505 17418 E baseline.com.newsblur.network.APIResponse: 	at okhttp3.internal.http.CallServerInterceptor.intercept(CallServerInterceptor.java:94)
08-06 15:49:39.432 16505 17418 E baseline.com.newsblur.network.APIResponse: 	at okhttp3.internal.http.RealInterceptorChain.proceed(RealInterceptorChain.java:142)
08-06 15:49:39.432 16505 17418 E baseline.com.newsblur.network.APIResponse: 	at okhttp3.internal.connection.ConnectInterceptor.intercept(ConnectInterceptor.java:43)
08-06 15:49:39.432 16505 17418 E baseline.com.newsblur.network.APIResponse: 	at okhttp3.internal.http.RealInterceptorChain.proceed(RealInterceptorChain.java:142)
08-06 15:49:39.432 16505 17418 E baseline.com.newsblur.network.APIResponse: 	at okhttp3.internal.http.RealInterceptorChain.proceed(RealInterceptorChain.java:117)
08-06 15:49:39.432 16505 17418 E baseline.com.newsblur.network.APIResponse: 	at okhttp3.internal.cache.CacheInterceptor.intercept(CacheInterceptor.java:94)
08-06 15:49:39.432 16505 17418 E baseline.com.newsblur.network.APIResponse: 	at okhttp3.internal.http.RealInterceptorChain.proceed(RealInterceptorChain.java:142)
08-06 15:49:39.432 16505 17418 E baseline.com.newsblur.network.APIResponse: 	at okhttp3.internal.http.RealInterceptorChain.proceed(RealInterceptorChain.java:117)
08-06 15:49:39.432 16505 17418 E baseline.com.newsblur.network.APIResponse: 	at okhttp3.internal.http.BridgeInterceptor.intercept(BridgeInterceptor.java:93)
08-06 15:49:39.432 16505 17418 E baseline.com.newsblur.network.APIResponse: 	at okhttp3.internal.http.RealInterceptorChain.proceed(RealInterceptorChain.java:142)
08-06 15:49:39.432 16505 17418 E baseline.com.newsblur.network.APIResponse: 	at okhttp3.internal.http.RetryAndFollowUpInterceptor.intercept(RetryAndFollowUpInterceptor.java:88)
08-06 15:49:39.432 16505 17418 E baseline.com.newsblur.network.APIResponse: 	at okhttp3.internal.http.RealInterceptorChain.proceed(RealInterceptorChain.java:142)
08-06 15:49:39.432 16505 17418 E baseline.com.newsblur.network.APIResponse: 	at okhttp3.internal.http.RealInterceptorChain.proceed(RealInterceptorChain.java:117)
08-06 15:49:39.432 16505 17418 E baseline.com.newsblur.network.APIResponse: 	at okhttp3.RealCall.getResponseWithInterceptorChain(RealCall.java:229)
08-06 15:49:39.432 16505 17418 E baseline.com.newsblur.network.APIResponse: 	at okhttp3.RealCall.execute(RealCall.java:81)
08-06 15:49:39.432 16505 17418 E baseline.com.newsblur.network.APIResponse: 	at baseline.com.newsblur.network.APIResponse.<init>(APIResponse.java:57)
08-06 15:49:39.432 16505 17418 E baseline.com.newsblur.network.APIResponse: 	at baseline.com.newsblur.network.APIResponse.<init>(APIResponse.java:43)
08-06 15:49:39.432 16505 17418 E baseline.com.newsblur.network.APIResponse: 	at baseline.com.newsblur.network.APIManager.post_single(APIManager.java:702)
08-06 15:49:39.432 16505 17418 E baseline.com.newsblur.network.APIResponse: 	at baseline.com.newsblur.network.APIManager.post(APIManager.java:675)
08-06 15:49:39.432 16505 17418 E baseline.com.newsblur.network.APIResponse: 	at baseline.com.newsblur.network.APIManager.post(APIManager.java:714)
08-06 15:49:39.432 16505 17418 E baseline.com.newsblur.network.APIResponse: 	at baseline.com.newsblur.network.APIManager.markStoryAsRead(APIManager.java:205)
08-06 15:49:39.432 16505 17418 E baseline.com.newsblur.network.APIResponse: 	at baseline.com.newsblur.util.ReadingAction.doRemote(ReadingAction.java:281)
08-06 15:49:39.432 16505 17418 E baseline.com.newsblur.network.APIResponse: 	at baseline.com.newsblur.service.NBSyncService.syncActions(NBSyncService.java:400)
08-06 15:49:39.432 16505 17418 E baseline.com.newsblur.network.APIResponse: 	at baseline.com.newsblur.service.NBSyncService.doSync(NBSyncService.java:298)
08-06 15:49:39.432 16505 17418 E baseline.com.newsblur.network.APIResponse: 	at baseline.com.newsblur.service.NBSyncService.access$100(NBSyncService.java:67)
08-06 15:49:39.432 16505 17418 E baseline.com.newsblur.network.APIResponse: 	at baseline.com.newsblur.service.NBSyncService$1.run(NBSyncService.java:188)
08-06 15:49:39.432 16505 17418 E baseline.com.newsblur.network.APIResponse: 	at java.util.concurrent.ThreadPoolExecutor.runWorker(ThreadPoolExecutor.java:1113)
08-06 15:49:39.432 16505 17418 E baseline.com.newsblur.network.APIResponse: 	at java.util.concurrent.ThreadPoolExecutor$Worker.run(ThreadPoolExecutor.java:588)
08-06 15:49:39.432 16505 17418 E baseline.com.newsblur.network.APIResponse: 	at java.lang.Thread.run(Thread.java:818)
08-06 15:49:39.432 16505 17418 E baseline.com.newsblur.network.APIResponse: Caused by: java.io.EOFException: \n not found: limit=0 content=
08-06 15:49:39.432 16505 17418 E baseline.com.newsblur.network.APIResponse: 	at okio.RealBufferedSource.readUtf8LineStrict(RealBufferedSource.java:240)
08-06 15:49:39.432 16505 17418 E baseline.com.newsblur.network.APIResponse: 	at okhttp3.internal.http1.Http1ExchangeCodec.readHeaderLine(Http1ExchangeCodec.java:242)
08-06 15:49:39.432 16505 17418 E baseline.com.newsblur.network.APIResponse: 	at okhttp3.internal.http1.Http1ExchangeCodec.readResponseHeaders(Http1ExchangeCodec.java:213)
08-06 15:49:39.432 16505 17418 E baseline.com.newsblur.network.APIResponse: 	... 30 more
08-06 15:49:39.433 16505 17418 I baseline.com.newsblur.network.APIManager: API call failed, pausing before retry number 1
08-06 15:49:39.556 13866 13866 I GoogleInputMethodServic: GoogleInputMethodService.onFinishInput():3138 
08-06 15:49:39.557 13866 13866 I GoogleInputMethodServic: GoogleInputMethodService.onStartInput():1808 
08-06 15:49:39.793 16505 16516 I art     : Starting a blocking GC Explicit
08-06 15:49:39.860 16505 16516 I art     : Explicit concurrent mark sweep GC freed 10307(811KB) AllocSpace objects, 11(220KB) LOS objects, 27% free, 41MB/57MB, paused 1.601ms total 67.097ms
08-06 15:49:39.877 16505 16516 I art     : Starting a blocking GC Explicit
08-06 15:49:39.937 16505 16516 I art     : Explicit concurrent mark sweep GC freed 645(27KB) AllocSpace objects, 0(0B) LOS objects, 27% free, 41MB/57MB, paused 1.568ms total 59.232ms
08-06 15:49:39.951 16505 16516 I art     : Starting a blocking GC Explicit
08-06 15:49:40.005 16505 16516 I art     : Explicit concurrent mark sweep GC freed 62(2496B) AllocSpace objects, 0(0B) LOS objects, 27% free, 41MB/57MB, paused 1.467ms total 53.584ms
08-06 15:49:40.019 16505 16516 I art     : Starting a blocking GC Explicit
08-06 15:49:40.078 16505 16516 I art     : Explicit concurrent mark sweep GC freed 148(7KB) AllocSpace objects, 0(0B) LOS objects, 27% free, 41MB/57MB, paused 1.665ms total 58.661ms
08-06 15:49:40.094 16505 16516 I art     : Starting a blocking GC Explicit
08-06 15:49:40.154 16505 16516 I art     : Explicit concurrent mark sweep GC freed 12(384B) AllocSpace objects, 0(0B) LOS objects, 27% free, 41MB/57MB, paused 1.448ms total 59.835ms
08-06 15:49:40.394   518   646 I ThermalEngine: ACTION: GPU - Setting GPU[0] to 390000000
08-06 15:49:40.588 16505 16766 I art     : Starting a blocking GC Explicit
08-06 15:49:40.665 16505 16766 I art     : Explicit concurrent mark sweep GC freed 1506(85KB) AllocSpace objects, 1(20KB) LOS objects, 27% free, 41MB/57MB, paused 2.092ms total 76.707ms
08-06 15:49:40.686 16505 16766 I art     : Starting a blocking GC Explicit
08-06 15:49:40.756 16505 16766 I art     : Explicit concurrent mark sweep GC freed 34(1168B) AllocSpace objects, 0(0B) LOS objects, 27% free, 41MB/57MB, paused 2.384ms total 69.794ms
08-06 15:49:40.778 16505 16766 I art     : Starting a blocking GC Explicit
08-06 15:49:40.850 16505 16766 I art     : Explicit concurrent mark sweep GC freed 13(416B) AllocSpace objects, 0(0B) LOS objects, 27% free, 41MB/57MB, paused 2.309ms total 71.614ms
08-06 15:49:40.872 16505 16766 I art     : Starting a blocking GC Explicit
08-06 15:49:40.945 16505 16766 I art     : Explicit concurrent mark sweep GC freed 102(3KB) AllocSpace objects, 0(0B) LOS objects, 27% free, 41MB/57MB, paused 2.497ms total 72.135ms
08-06 15:49:40.967 16505 16766 I art     : Starting a blocking GC Explicit
08-06 15:49:41.037 16505 16766 I art     : Explicit concurrent mark sweep GC freed 31(1232B) AllocSpace objects, 0(0B) LOS objects, 27% free, 41MB/57MB, paused 2.168ms total 69.705ms
08-06 15:49:41.252 18556 18556 D AndroidRuntime: >>>>>> START com.android.internal.os.RuntimeInit uid 2000 <<<<<<
08-06 15:49:41.258 18556 18556 D AndroidRuntime: CheckJNI is OFF
08-06 15:49:41.311 18556 18556 D ICU     : No timezone override file found: /data/misc/zoneinfo/current/icu/icu_tzdata.dat
08-06 15:49:41.357 18556 18556 I Radio-JNI: register_android_hardware_Radio DONE
08-06 15:49:41.391 18556 18556 D AndroidRuntime: Calling main entry com.android.commands.input.Input
08-06 15:49:41.393 18556 18556 I Input   : injectMotionEvent: MotionEvent { action=ACTION_DOWN, actionButton=0, id[0]=0, x[0]=553.0, y[0]=442.0, toolType[0]=TOOL_TYPE_UNKNOWN, buttonState=0, metaState=0, flags=0x0, edgeFlags=0x0, pointerCount=1, historySize=0, eventTime=892197805, downTime=892197805, deviceId=0, source=0x1002 }
08-06 15:49:41.401 18556 18556 I Input   : injectMotionEvent: MotionEvent { action=ACTION_UP, actionButton=0, id[0]=0, x[0]=553.0, y[0]=442.0, toolType[0]=TOOL_TYPE_UNKNOWN, buttonState=0, metaState=0, flags=0x0, edgeFlags=0x0, pointerCount=1, historySize=0, eventTime=892197805, downTime=892197805, deviceId=0, source=0x1002 }
08-06 15:49:41.405 18556 18556 D AndroidRuntime: Shutting down VM
08-06 15:49:41.460 16505 16523 I art     : Starting a blocking GC Explicit
08-06 15:49:41.473   918  5132 I ActivityManager: START u0 {cmp=baseline.com.newsblur/.activity.AllSharedStoriesItemsList (has extras)} from uid 10698 on display 0
08-06 15:49:41.486 16505 17418 E baseline.com.newsblur.network.APIResponse: Error (unexpected end of stream on https://www.newsblur.com/...) calling https://www.newsblur.com/reader/mark_story_hashes_as_read/
08-06 15:49:41.486 16505 17418 E baseline.com.newsblur.network.APIResponse: java.io.IOException: unexpected end of stream on https://www.newsblur.com/...
08-06 15:49:41.486 16505 17418 E baseline.com.newsblur.network.APIResponse: 	at okhttp3.internal.http1.Http1ExchangeCodec.readResponseHeaders(Http1ExchangeCodec.java:236)
08-06 15:49:41.486 16505 17418 E baseline.com.newsblur.network.APIResponse: 	at okhttp3.internal.connection.Exchange.readResponseHeaders(Exchange.java:115)
08-06 15:49:41.486 16505 17418 E baseline.com.newsblur.network.APIResponse: 	at okhttp3.internal.http.CallServerInterceptor.intercept(CallServerInterceptor.java:94)
08-06 15:49:41.486 16505 17418 E baseline.com.newsblur.network.APIResponse: 	at okhttp3.internal.http.RealInterceptorChain.proceed(RealInterceptorChain.java:142)
08-06 15:49:41.486 16505 17418 E baseline.com.newsblur.network.APIResponse: 	at okhttp3.internal.connection.ConnectInterceptor.intercept(ConnectInterceptor.java:43)
08-06 15:49:41.486 16505 17418 E baseline.com.newsblur.network.APIResponse: 	at okhttp3.internal.http.RealInterceptorChain.proceed(RealInterceptorChain.java:142)
08-06 15:49:41.486 16505 17418 E baseline.com.newsblur.network.APIResponse: 	at okhttp3.internal.http.RealInterceptorChain.proceed(RealInterceptorChain.java:117)
08-06 15:49:41.486 16505 17418 E baseline.com.newsblur.network.APIResponse: 	at okhttp3.internal.cache.CacheInterceptor.intercept(CacheInterceptor.java:94)
08-06 15:49:41.486 16505 17418 E baseline.com.newsblur.network.APIResponse: 	at okhttp3.internal.http.RealInterceptorChain.proceed(RealInterceptorChain.java:142)
08-06 15:49:41.486 16505 17418 E baseline.com.newsblur.network.APIResponse: 	at okhttp3.internal.http.RealInterceptorChain.proceed(RealInterceptorChain.java:117)
08-06 15:49:41.486 16505 17418 E baseline.com.newsblur.network.APIResponse: 	at okhttp3.internal.http.BridgeInterceptor.intercept(BridgeInterceptor.java:93)
08-06 15:49:41.486 16505 17418 E baseline.com.newsblur.network.APIResponse: 	at okhttp3.internal.http.RealInterceptorChain.proceed(RealInterceptorChain.java:142)
08-06 15:49:41.486 16505 17418 E baseline.com.newsblur.network.APIResponse: 	at okhttp3.internal.http.RetryAndFollowUpInterceptor.intercept(RetryAndFollowUpInterceptor.java:88)
08-06 15:49:41.486 16505 17418 E baseline.com.newsblur.network.APIResponse: 	at okhttp3.internal.http.RealInterceptorChain.proceed(RealInterceptorChain.java:142)
08-06 15:49:41.486 16505 17418 E baseline.com.newsblur.network.APIResponse: 	at okhttp3.internal.http.RealInterceptorChain.proceed(RealInterceptorChain.java:117)
08-06 15:49:41.486 16505 17418 E baseline.com.newsblur.network.APIResponse: 	at okhttp3.RealCall.getResponseWithInterceptorChain(RealCall.java:229)
08-06 15:49:41.486 16505 17418 E baseline.com.newsblur.network.APIResponse: 	at okhttp3.RealCall.execute(RealCall.java:81)
08-06 15:49:41.486 16505 17418 E baseline.com.newsblur.network.APIResponse: 	at baseline.com.newsblur.network.APIResponse.<init>(APIResponse.java:57)
08-06 15:49:41.486 16505 17418 E baseline.com.newsblur.network.APIResponse: 	at baseline.com.newsblur.network.APIResponse.<init>(APIResponse.java:43)
08-06 15:49:41.486 16505 17418 E baseline.com.newsblur.network.APIResponse: 	at baseline.com.newsblur.network.APIManager.post_single(APIManager.java:702)
08-06 15:49:41.486 16505 17418 E baseline.com.newsblur.network.APIResponse: 	at baseline.com.newsblur.network.APIManager.post(APIManager.java:675)
08-06 15:49:41.486 16505 17418 E baseline.com.newsblur.network.APIResponse: 	at baseline.com.newsblur.network.APIManager.post(APIManager.java:714)
08-06 15:49:41.486 16505 17418 E baseline.com.newsblur.network.APIResponse: 	at baseline.com.newsblur.network.APIManager.markStoryAsRead(APIManager.java:205)
08-06 15:49:41.486 16505 17418 E baseline.com.newsblur.network.APIResponse: 	at baseline.com.newsblur.util.ReadingAction.doRemote(ReadingAction.java:281)
08-06 15:49:41.486 16505 17418 E baseline.com.newsblur.network.APIResponse: 	at baseline.com.newsblur.service.NBSyncService.syncActions(NBSyncService.java:400)
08-06 15:49:41.486 16505 17418 E baseline.com.newsblur.network.APIResponse: 	at baseline.com.newsblur.service.NBSyncService.doSync(NBSyncService.java:298)
08-06 15:49:41.486 16505 17418 E baseline.com.newsblur.network.APIResponse: 	at baseline.com.newsblur.service.NBSyncService.access$100(NBSyncService.java:67)
08-06 15:49:41.486 16505 17418 E baseline.com.newsblur.network.APIResponse: 	at baseline.com.newsblur.service.NBSyncService$1.run(NBSyncService.java:188)
08-06 15:49:41.486 16505 17418 E baseline.com.newsblur.network.APIResponse: 	at java.util.concurrent.ThreadPoolExecutor.runWorker(ThreadPoolExecutor.java:1113)
08-06 15:49:41.486 16505 17418 E baseline.com.newsblur.network.APIResponse: 	at java.util.concurrent.ThreadPoolExecutor$Worker.run(ThreadPoolExecutor.java:588)
08-06 15:49:41.486 16505 17418 E baseline.com.newsblur.network.APIResponse: 	at java.lang.Thread.run(Thread.java:818)
08-06 15:49:41.486 16505 17418 E baseline.com.newsblur.network.APIResponse: Caused by: java.io.EOFException: \n not found: limit=0 content=
08-06 15:49:41.486 16505 17418 E baseline.com.newsblur.network.APIResponse: 	at okio.RealBufferedSource.readUtf8LineStrict(RealBufferedSource.java:240)
08-06 15:49:41.486 16505 17418 E baseline.com.newsblur.network.APIResponse: 	at okhttp3.internal.http1.Http1ExchangeCodec.readHeaderLine(Http1ExchangeCodec.java:242)
08-06 15:49:41.486 16505 17418 E baseline.com.newsblur.network.APIResponse: 	at okhttp3.internal.http1.Http1ExchangeCodec.readResponseHeaders(Http1ExchangeCodec.java:213)
08-06 15:49:41.486 16505 17418 E baseline.com.newsblur.network.APIResponse: 	... 30 more
08-06 15:49:41.488 16505 17418 I baseline.com.newsblur.network.APIManager: API call failed, pausing before retry number 2
08-06 15:49:41.503 16505 16519 I baseline.com.newsblur.database.BlurDatabaseHelper: reading session reset
08-06 15:49:41.535 16505 16523 I art     : Explicit concurrent mark sweep GC freed 5186(499KB) AllocSpace objects, 8(252KB) LOS objects, 27% free, 41MB/57MB, paused 2.779ms total 74.922ms
08-06 15:49:41.555 16505 16523 I art     : Starting a blocking GC Explicit
08-06 15:49:41.625 16505 16523 I art     : Explicit concurrent mark sweep GC freed 1073(67KB) AllocSpace objects, 0(0B) LOS objects, 27% free, 41MB/57MB, paused 2.174ms total 68.925ms
08-06 15:49:41.645 16505 16523 I art     : Starting a blocking GC Explicit
08-06 15:49:41.718 16505 16523 I art     : Explicit concurrent mark sweep GC freed 578(44KB) AllocSpace objects, 1(20KB) LOS objects, 27% free, 41MB/57MB, paused 3ms total 72.291ms
08-06 15:49:41.740 16505 16523 I art     : Starting a blocking GC Explicit
08-06 15:49:41.779 16505 16505 D baseline.com.newsblur.service.NBSyncService: rejecting request for feedset that is exhaused
08-06 15:49:41.790 16505 16505 W View    : requestLayout() improperly called by android.widget.FrameLayout{33be2f0 V.E...... ......ID 0,0-1440,18 #7f07003f app:id/footer_view_inner} during layout: running second layout pass
08-06 15:49:41.790 16505 16505 W View    : requestLayout() improperly called by android.widget.FrameLayout{544f069 V.E...... ......ID 0,0-1440,2091 #7f07003f app:id/footer_view_inner} during layout: running second layout pass
08-06 15:49:41.813 16505 16523 I art     : Explicit concurrent mark sweep GC freed 396(37KB) AllocSpace objects, 1(20KB) LOS objects, 27% free, 41MB/57MB, paused 2.845ms total 73.234ms
08-06 15:49:41.814   918   936 I ActivityManager: Displayed baseline.com.newsblur/.activity.AllSharedStoriesItemsList: +329ms
08-06 15:49:41.815 13866 13866 I GoogleInputMethodServic: GoogleInputMethodService.onFinishInput():3138 
08-06 15:49:41.834 16505 16523 I art     : Starting a blocking GC Explicit
08-06 15:49:41.835 13866 13866 I GoogleInputMethodServic: GoogleInputMethodService.onStartInput():1808 
08-06 15:49:41.914 16505 16523 I art     : Explicit concurrent mark sweep GC freed 1461(89KB) AllocSpace objects, 6(120KB) LOS objects, 27% free, 41MB/57MB, paused 2.703ms total 79.379ms
08-06 15:49:41.974 16505 16791 I NAPPA_EXPERIMENTATION: MetricNetworkRequestExecutionTime: REQUEST_DURATION_SYSTEM='96',REQUEST_DURATION_OKHTTP='95',REQUEST_SYNCHRONOUS='TRUE',RESPONSE_CODE='200',RESPONSE_METHOD='GET',RESPONSE_LENGTH_OKHTTP='43',RESPONSE_LENGTH_HEADER='43',REQUEST_PROTOCOL='http/1.1',REQUEST_URL='http://feeds.feedburner.com/~r/retort/~4/UffaFMiJbNs',
08-06 15:49:42.335 16505 16517 I art     : Starting a blocking GC Explicit
08-06 15:49:42.414 16505 16517 I art     : Explicit concurrent mark sweep GC freed 2306(150KB) AllocSpace objects, 3(60KB) LOS objects, 27% free, 41MB/57MB, paused 2.320ms total 77.889ms
08-06 15:49:42.436 16505 16517 I art     : Starting a blocking GC Explicit
08-06 15:49:42.513 16505 16517 I art     : Explicit concurrent mark sweep GC freed 47(1808B) AllocSpace objects, 0(0B) LOS objects, 27% free, 41MB/57MB, paused 2.288ms total 76.582ms
08-06 15:49:42.536 16505 16517 I art     : Starting a blocking GC Explicit
08-06 15:49:42.614 16505 16517 I art     : Explicit concurrent mark sweep GC freed 3(96B) AllocSpace objects, 0(0B) LOS objects, 27% free, 41MB/57MB, paused 2.291ms total 77.428ms
08-06 15:49:42.636 16505 16517 I art     : Starting a blocking GC Explicit
08-06 15:49:42.715 16505 16517 I art     : Explicit concurrent mark sweep GC freed 3(96B) AllocSpace objects, 0(0B) LOS objects, 27% free, 41MB/57MB, paused 2.311ms total 78.224ms
08-06 15:49:42.737 16505 16517 I art     : Starting a blocking GC Explicit
08-06 15:49:42.815 16505 16517 I art     : Explicit concurrent mark sweep GC freed 3(96B) AllocSpace objects, 0(0B) LOS objects, 27% free, 41MB/57MB, paused 2.349ms total 76.877ms
08-06 15:49:43.260 16505 16523 I art     : Starting a blocking GC Explicit
08-06 15:49:43.339 16505 16523 I art     : Explicit concurrent mark sweep GC freed 1474(83KB) AllocSpace objects, 1(20KB) LOS objects, 27% free, 41MB/57MB, paused 2.520ms total 78.104ms
08-06 15:49:43.362 16505 16523 I art     : Starting a blocking GC Explicit
08-06 15:49:43.440 16505 16523 I art     : Explicit concurrent mark sweep GC freed 22(784B) AllocSpace objects, 0(0B) LOS objects, 27% free, 41MB/57MB, paused 2.437ms total 78.284ms
08-06 15:49:43.463 16505 16523 I art     : Starting a blocking GC Explicit
08-06 15:49:43.470   918  3261 D WifiStateMachine: starting scan for "H369AA63323"WPA_PSK with 2412,5180
08-06 15:49:43.542 16505 16523 I art     : Explicit concurrent mark sweep GC freed 3(96B) AllocSpace objects, 0(0B) LOS objects, 27% free, 41MB/57MB, paused 2.354ms total 78.400ms
08-06 15:49:43.546 14491 14491 I ServiceManager: Waiting for service AtCmdFwd...
08-06 15:49:43.565 16505 16523 I art     : Starting a blocking GC Explicit
08-06 15:49:43.645 16505 16523 I art     : Explicit concurrent mark sweep GC freed 3(96B) AllocSpace objects, 0(0B) LOS objects, 27% free, 41MB/57MB, paused 2.309ms total 79.816ms
08-06 15:49:43.668 16505 16523 I art     : Starting a blocking GC Explicit
08-06 15:49:43.746 16505 16523 I art     : Explicit concurrent mark sweep GC freed 3(96B) AllocSpace objects, 0(0B) LOS objects, 27% free, 41MB/57MB, paused 2.189ms total 78.128ms
08-06 15:49:44.183 16505 16517 I art     : Starting a blocking GC Explicit
08-06 15:49:44.261 16505 16517 I art     : Explicit concurrent mark sweep GC freed 1445(83KB) AllocSpace objects, 1(20KB) LOS objects, 27% free, 41MB/57MB, paused 2.427ms total 78.180ms
08-06 15:49:44.285 16505 16517 I art     : Starting a blocking GC Explicit
08-06 15:49:44.363 16505 16517 I art     : Explicit concurrent mark sweep GC freed 22(784B) AllocSpace objects, 0(0B) LOS objects, 27% free, 41MB/57MB, paused 2.290ms total 77.109ms
08-06 15:49:44.385 16505 16517 I art     : Starting a blocking GC Explicit
08-06 15:49:44.462 16505 16517 I art     : Explicit concurrent mark sweep GC freed 3(96B) AllocSpace objects, 0(0B) LOS objects, 27% free, 41MB/57MB, paused 2.342ms total 76.643ms
08-06 15:49:44.486 16505 16517 I art     : Starting a blocking GC Explicit
08-06 15:49:44.547 14491 14491 I ServiceManager: Waiting for service AtCmdFwd...
08-06 15:49:44.564 16505 16517 I art     : Explicit concurrent mark sweep GC freed 94(3KB) AllocSpace objects, 0(0B) LOS objects, 27% free, 41MB/57MB, paused 2.410ms total 77.760ms
08-06 15:49:44.587 16505 16517 I art     : Starting a blocking GC Explicit
08-06 15:49:44.670 16505 16517 I art     : Explicit concurrent mark sweep GC freed 74(4KB) AllocSpace objects, 0(0B) LOS objects, 27% free, 41MB/57MB, paused 2.425ms total 82.453ms
08-06 15:49:45.067 16505 17418 E baseline.com.newsblur.network.APIResponse: Error (unexpected end of stream on https://www.newsblur.com/...) calling https://www.newsblur.com/reader/mark_story_hashes_as_read/
08-06 15:49:45.067 16505 17418 E baseline.com.newsblur.network.APIResponse: java.io.IOException: unexpected end of stream on https://www.newsblur.com/...
08-06 15:49:45.067 16505 17418 E baseline.com.newsblur.network.APIResponse: 	at okhttp3.internal.http1.Http1ExchangeCodec.readResponseHeaders(Http1ExchangeCodec.java:236)
08-06 15:49:45.067 16505 17418 E baseline.com.newsblur.network.APIResponse: 	at okhttp3.internal.connection.Exchange.readResponseHeaders(Exchange.java:115)
08-06 15:49:45.067 16505 17418 E baseline.com.newsblur.network.APIResponse: 	at okhttp3.internal.http.CallServerInterceptor.intercept(CallServerInterceptor.java:94)
08-06 15:49:45.067 16505 17418 E baseline.com.newsblur.network.APIResponse: 	at okhttp3.internal.http.RealInterceptorChain.proceed(RealInterceptorChain.java:142)
08-06 15:49:45.067 16505 17418 E baseline.com.newsblur.network.APIResponse: 	at okhttp3.internal.connection.ConnectInterceptor.intercept(ConnectInterceptor.java:43)
08-06 15:49:45.067 16505 17418 E baseline.com.newsblur.network.APIResponse: 	at okhttp3.internal.http.RealInterceptorChain.proceed(RealInterceptorChain.java:142)
08-06 15:49:45.067 16505 17418 E baseline.com.newsblur.network.APIResponse: 	at okhttp3.internal.http.RealInterceptorChain.proceed(RealInterceptorChain.java:117)
08-06 15:49:45.067 16505 17418 E baseline.com.newsblur.network.APIResponse: 	at okhttp3.internal.cache.CacheInterceptor.intercept(CacheInterceptor.java:94)
08-06 15:49:45.067 16505 17418 E baseline.com.newsblur.network.APIResponse: 	at okhttp3.internal.http.RealInterceptorChain.proceed(RealInterceptorChain.java:142)
08-06 15:49:45.067 16505 17418 E baseline.com.newsblur.network.APIResponse: 	at okhttp3.internal.http.RealInterceptorChain.proceed(RealInterceptorChain.java:117)
08-06 15:49:45.067 16505 17418 E baseline.com.newsblur.network.APIResponse: 	at okhttp3.internal.http.BridgeInterceptor.intercept(BridgeInterceptor.java:93)
08-06 15:49:45.067 16505 17418 E baseline.com.newsblur.network.APIResponse: 	at okhttp3.internal.http.RealInterceptorChain.proceed(RealInterceptorChain.java:142)
08-06 15:49:45.067 16505 17418 E baseline.com.newsblur.network.APIResponse: 	at okhttp3.internal.http.RetryAndFollowUpInterceptor.intercept(RetryAndFollowUpInterceptor.java:88)
08-06 15:49:45.067 16505 17418 E baseline.com.newsblur.network.APIResponse: 	at okhttp3.internal.http.RealInterceptorChain.proceed(RealInterceptorChain.java:142)
08-06 15:49:45.067 16505 17418 E baseline.com.newsblur.network.APIResponse: 	at okhttp3.internal.http.RealInterceptorChain.proceed(RealInterceptorChain.java:117)
08-06 15:49:45.067 16505 17418 E baseline.com.newsblur.network.APIResponse: 	at okhttp3.RealCall.getResponseWithInterceptorChain(RealCall.java:229)
08-06 15:49:45.067 16505 17418 E baseline.com.newsblur.network.APIResponse: 	at okhttp3.RealCall.execute(RealCall.java:81)
08-06 15:49:45.067 16505 17418 E baseline.com.newsblur.network.APIResponse: 	at baseline.com.newsblur.network.APIResponse.<init>(APIResponse.java:57)
08-06 15:49:45.067 16505 17418 E baseline.com.newsblur.network.APIResponse: 	at baseline.com.newsblur.network.APIResponse.<init>(APIResponse.java:43)
08-06 15:49:45.067 16505 17418 E baseline.com.newsblur.network.APIResponse: 	at baseline.com.newsblur.network.APIManager.post_single(APIManager.java:702)
08-06 15:49:45.067 16505 17418 E baseline.com.newsblur.network.APIResponse: 	at baseline.com.newsblur.network.APIManager.post(APIManager.java:675)
08-06 15:49:45.067 16505 17418 E baseline.com.newsblur.network.APIResponse: 	at baseline.com.newsblur.network.APIManager.post(APIManager.java:714)
08-06 15:49:45.067 16505 17418 E baseline.com.newsblur.network.APIResponse: 	at baseline.com.newsblur.network.APIManager.markStoryAsRead(APIManager.java:205)
08-06 15:49:45.067 16505 17418 E baseline.com.newsblur.network.APIResponse: 	at baseline.com.newsblur.util.ReadingAction.doRemote(ReadingAction.java:281)
08-06 15:49:45.067 16505 17418 E baseline.com.newsblur.network.APIResponse: 	at baseline.com.newsblur.service.NBSyncService.syncActions(NBSyncService.java:400)
08-06 15:49:45.067 16505 17418 E baseline.com.newsblur.network.APIResponse: 	at baseline.com.newsblur.service.NBSyncService.doSync(NBSyncService.java:298)
08-06 15:49:45.067 16505 17418 E baseline.com.newsblur.network.APIResponse: 	at baseline.com.newsblur.service.NBSyncService.access$100(NBSyncService.java:67)
08-06 15:49:45.067 16505 17418 E baseline.com.newsblur.network.APIResponse: 	at baseline.com.newsblur.service.NBSyncService$1.run(NBSyncService.java:188)
08-06 15:49:45.067 16505 17418 E baseline.com.newsblur.network.APIResponse: 	at java.util.concurrent.ThreadPoolExecutor.runWorker(ThreadPoolExecutor.java:1113)
08-06 15:49:45.067 16505 17418 E baseline.com.newsblur.network.APIResponse: 	at java.util.concurrent.ThreadPoolExecutor$Worker.run(ThreadPoolExecutor.java:588)
08-06 15:49:45.067 16505 17418 E baseline.com.newsblur.network.APIResponse: 	at java.lang.Thread.run(Thread.java:818)
08-06 15:49:45.067 16505 17418 E baseline.com.newsblur.network.APIResponse: Caused by: java.io.EOFException: \n not found: limit=0 content=
08-06 15:49:45.067 16505 17418 E baseline.com.newsblur.network.APIResponse: 	at okio.RealBufferedSource.readUtf8LineStrict(RealBufferedSource.java:240)
08-06 15:49:45.067 16505 17418 E baseline.com.newsblur.network.APIResponse: 	at okhttp3.internal.http1.Http1ExchangeCodec.readHeaderLine(Http1ExchangeCodec.java:242)
08-06 15:49:45.067 16505 17418 E baseline.com.newsblur.network.APIResponse: 	at okhttp3.internal.http1.Http1ExchangeCodec.readResponseHeaders(Http1ExchangeCodec.java:213)
08-06 15:49:45.067 16505 17418 E baseline.com.newsblur.network.APIResponse: 	... 30 more
08-06 15:49:45.069 16505 17418 I baseline.com.newsblur.service.NBSyncService: Holding reading action with server-side or network error.
08-06 15:49:45.081 16505 17418 W baseline.com.newsblur.service.NBSyncService: hard API failure
08-06 15:49:45.120 16505 16766 I art     : Starting a blocking GC Explicit
08-06 15:49:45.201 16505 16766 I art     : Explicit concurrent mark sweep GC freed 4366(408KB) AllocSpace objects, 5(100KB) LOS objects, 27% free, 41MB/57MB, paused 2.453ms total 79.796ms
08-06 15:49:45.224 16505 16766 I art     : Starting a blocking GC Explicit
08-06 15:49:45.297 16505 16766 I art     : Explicit concurrent mark sweep GC freed 140(5KB) AllocSpace objects, 0(0B) LOS objects, 27% free, 41MB/57MB, paused 2.122ms total 72.100ms
08-06 15:49:45.319 16505 16766 I art     : Starting a blocking GC Explicit
08-06 15:49:45.393 16505 16766 I art     : Explicit concurrent mark sweep GC freed 3(96B) AllocSpace objects, 0(0B) LOS objects, 27% free, 41MB/57MB, paused 2.285ms total 74.056ms
08-06 15:49:45.401   518   646 I ThermalEngine: ACTION: GPU - Setting GPU[0] to 450000000
08-06 15:49:45.419 16505 16766 I art     : Starting a blocking GC Explicit
08-06 15:49:45.475 16505 17418 E baseline.com.newsblur.network.APIResponse: Error (unexpected end of stream on https://www.newsblur.com/...) calling https://www.newsblur.com/reader/mark_story_hashes_as_read/
08-06 15:49:45.475 16505 17418 E baseline.com.newsblur.network.APIResponse: java.io.IOException: unexpected end of stream on https://www.newsblur.com/...
08-06 15:49:45.475 16505 17418 E baseline.com.newsblur.network.APIResponse: 	at okhttp3.internal.http1.Http1ExchangeCodec.readResponseHeaders(Http1ExchangeCodec.java:236)
08-06 15:49:45.475 16505 17418 E baseline.com.newsblur.network.APIResponse: 	at okhttp3.internal.connection.Exchange.readResponseHeaders(Exchange.java:115)
08-06 15:49:45.475 16505 17418 E baseline.com.newsblur.network.APIResponse: 	at okhttp3.internal.http.CallServerInterceptor.intercept(CallServerInterceptor.java:94)
08-06 15:49:45.475 16505 17418 E baseline.com.newsblur.network.APIResponse: 	at okhttp3.internal.http.RealInterceptorChain.proceed(RealInterceptorChain.java:142)
08-06 15:49:45.475 16505 17418 E baseline.com.newsblur.network.APIResponse: 	at okhttp3.internal.connection.ConnectInterceptor.intercept(ConnectInterceptor.java:43)
08-06 15:49:45.475 16505 17418 E baseline.com.newsblur.network.APIResponse: 	at okhttp3.internal.http.RealInterceptorChain.proceed(RealInterceptorChain.java:142)
08-06 15:49:45.475 16505 17418 E baseline.com.newsblur.network.APIResponse: 	at okhttp3.internal.http.RealInterceptorChain.proceed(RealInterceptorChain.java:117)
08-06 15:49:45.475 16505 17418 E baseline.com.newsblur.network.APIResponse: 	at okhttp3.internal.cache.CacheInterceptor.intercept(CacheInterceptor.java:94)
08-06 15:49:45.475 16505 17418 E baseline.com.newsblur.network.APIResponse: 	at okhttp3.internal.http.RealInterceptorChain.proceed(RealInterceptorChain.java:142)
08-06 15:49:45.475 16505 17418 E baseline.com.newsblur.network.APIResponse: 	at okhttp3.internal.http.RealInterceptorChain.proceed(RealInterceptorChain.java:117)
08-06 15:49:45.475 16505 17418 E baseline.com.newsblur.network.APIResponse: 	at okhttp3.internal.http.BridgeInterceptor.intercept(BridgeInterceptor.java:93)
08-06 15:49:45.475 16505 17418 E baseline.com.newsblur.network.APIResponse: 	at okhttp3.internal.http.RealInterceptorChain.proceed(RealInterceptorChain.java:142)
08-06 15:49:45.475 16505 17418 E baseline.com.newsblur.network.APIResponse: 	at okhttp3.internal.http.RetryAndFollowUpInterceptor.intercept(RetryAndFollowUpInterceptor.java:88)
08-06 15:49:45.475 16505 17418 E baseline.com.newsblur.network.APIResponse: 	at okhttp3.internal.http.RealInterceptorChain.proceed(RealInterceptorChain.java:142)
08-06 15:49:45.475 16505 17418 E baseline.com.newsblur.network.APIResponse: 	at okhttp3.internal.http.RealInterceptorChain.proceed(RealInterceptorChain.java:117)
08-06 15:49:45.475 16505 17418 E baseline.com.newsblur.network.APIResponse: 	at okhttp3.RealCall.getResponseWithInterceptorChain(RealCall.java:229)
08-06 15:49:45.475 16505 17418 E baseline.com.newsblur.network.APIResponse: 	at okhttp3.RealCall.execute(RealCall.java:81)
08-06 15:49:45.475 16505 17418 E baseline.com.newsblur.network.APIResponse: 	at baseline.com.newsblur.network.APIResponse.<init>(APIResponse.java:57)
08-06 15:49:45.475 16505 17418 E baseline.com.newsblur.network.APIResponse: 	at baseline.com.newsblur.network.APIResponse.<init>(APIResponse.java:43)
08-06 15:49:45.475 16505 17418 E baseline.com.newsblur.network.APIResponse: 	at baseline.com.newsblur.network.APIManager.post_single(APIManager.java:702)
08-06 15:49:45.475 16505 17418 E baseline.com.newsblur.network.APIResponse: 	at baseline.com.newsblur.network.APIManager.post(APIManager.java:675)
08-06 15:49:45.475 16505 17418 E baseline.com.newsblur.network.APIResponse: 	at baseline.com.newsblur.network.APIManager.post(APIManager.java:714)
08-06 15:49:45.475 16505 17418 E baseline.com.newsblur.network.APIResponse: 	at baseline.com.newsblur.network.APIManager.markStoryAsRead(APIManager.java:205)
08-06 15:49:45.475 16505 17418 E baseline.com.newsblur.network.APIResponse: 	at baseline.com.newsblur.util.ReadingAction.doRemote(ReadingAction.java:281)
08-06 15:49:45.475 16505 17418 E baseline.com.newsblur.network.APIResponse: 	at baseline.com.newsblur.service.NBSyncService.syncActions(NBSyncService.java:400)
08-06 15:49:45.475 16505 17418 E baseline.com.newsblur.network.APIResponse: 	at baseline.com.newsblur.service.NBSyncService.doSync(NBSyncService.java:298)
08-06 15:49:45.475 16505 17418 E baseline.com.newsblur.network.APIResponse: 	at baseline.com.newsblur.service.NBSyncService.access$100(NBSyncService.java:67)
08-06 15:49:45.475 16505 17418 E baseline.com.newsblur.network.APIResponse: 	at baseline.com.newsblur.service.NBSyncService$1.run(NBSyncService.java:188)
08-06 15:49:45.475 16505 17418 E baseline.com.newsblur.network.APIResponse: 	at java.util.concurrent.ThreadPoolExecutor.runWorker(ThreadPoolExecutor.java:1113)
08-06 15:49:45.475 16505 17418 E baseline.com.newsblur.network.APIResponse: 	at java.util.concurrent.ThreadPoolExecutor$Worker.run(ThreadPoolExecutor.java:588)
08-06 15:49:45.475 16505 17418 E baseline.com.newsblur.network.APIResponse: 	at java.lang.Thread.run(Thread.java:818)
08-06 15:49:45.475 16505 17418 E baseline.com.newsblur.network.APIResponse: Caused by: java.io.EOFException: \n not found: limit=0 content=
08-06 15:49:45.475 16505 17418 E baseline.com.newsblur.network.APIResponse: 	at okio.RealBufferedSource.readUtf8LineStrict(RealBufferedSource.java:240)
08-06 15:49:45.475 16505 17418 E baseline.com.newsblur.network.APIResponse: 	at okhttp3.internal.http1.Http1ExchangeCodec.readHeaderLine(Http1ExchangeCodec.java:242)
08-06 15:49:45.475 16505 17418 E baseline.com.newsblur.network.APIResponse: 	at okhttp3.internal.http1.Http1ExchangeCodec.readResponseHeaders(Http1ExchangeCodec.java:213)
08-06 15:49:45.475 16505 17418 E baseline.com.newsblur.network.APIResponse: 	... 30 more
08-06 15:49:45.476 16505 17418 I baseline.com.newsblur.network.APIManager: API call failed, pausing before retry number 1
08-06 15:49:45.485 16505 16766 I art     : Explicit concurrent mark sweep GC freed 2422(251KB) AllocSpace objects, 2(40KB) LOS objects, 27% free, 41MB/57MB, paused 1.627ms total 65.569ms
08-06 15:49:45.500 16505 16766 I art     : Starting a blocking GC Explicit
08-06 15:49:45.548 14491 14491 I ServiceManager: Waiting for service AtCmdFwd...
08-06 15:49:45.567 16505 16766 I art     : Explicit concurrent mark sweep GC freed 168(26KB) AllocSpace objects, 0(0B) LOS objects, 27% free, 41MB/57MB, paused 1.557ms total 66.563ms
08-06 15:49:45.969 16505 16516 I art     : Starting a blocking GC Explicit
08-06 15:49:46.037 16505 16516 I art     : Explicit concurrent mark sweep GC freed 1472(84KB) AllocSpace objects, 1(20KB) LOS objects, 27% free, 41MB/57MB, paused 1.540ms total 67.454ms
08-06 15:49:46.053 16505 16516 I art     : Starting a blocking GC Explicit
08-06 15:49:46.121 16505 16516 I art     : Explicit concurrent mark sweep GC freed 22(784B) AllocSpace objects, 0(0B) LOS objects, 27% free, 41MB/57MB, paused 1.616ms total 67.492ms
08-06 15:49:46.138 16505 16516 I art     : Starting a blocking GC Explicit
08-06 15:49:46.205 16505 16516 I art     : Explicit concurrent mark sweep GC freed 3(96B) AllocSpace objects, 0(0B) LOS objects, 27% free, 41MB/57MB, paused 1.532ms total 67.087ms
08-06 15:49:46.221 16505 16516 I art     : Starting a blocking GC Explicit
08-06 15:49:46.290 16505 16516 I art     : Explicit concurrent mark sweep GC freed 3(96B) AllocSpace objects, 0(0B) LOS objects, 27% free, 41MB/57MB, paused 1.638ms total 68.905ms
08-06 15:49:46.307 16505 16516 I art     : Starting a blocking GC Explicit
08-06 15:49:46.376 16505 16516 I art     : Explicit concurrent mark sweep GC freed 3(96B) AllocSpace objects, 0(0B) LOS objects, 27% free, 41MB/57MB, paused 1.488ms total 68.252ms
08-06 15:49:46.548 14491 14491 I ServiceManager: Waiting for service AtCmdFwd...
08-06 15:49:46.797 16505 16523 I art     : Starting a blocking GC Explicit
08-06 15:49:46.867 16505 16523 I art     : Explicit concurrent mark sweep GC freed 1442(84KB) AllocSpace objects, 1(20KB) LOS objects, 27% free, 41MB/57MB, paused 1.632ms total 69.716ms
08-06 15:49:46.885 16505 16523 I art     : Starting a blocking GC Explicit
08-06 15:49:46.950 16505 16523 I art     : Explicit concurrent mark sweep GC freed 22(784B) AllocSpace objects, 0(0B) LOS objects, 27% free, 41MB/57MB, paused 1.559ms total 64.876ms
08-06 15:49:46.965 16505 16523 I art     : Starting a blocking GC Explicit
08-06 15:49:47.030 16505 16523 I art     : Explicit concurrent mark sweep GC freed 94(3KB) AllocSpace objects, 0(0B) LOS objects, 27% free, 41MB/57MB, paused 1.663ms total 64.769ms
08-06 15:49:47.045 16505 16523 I art     : Starting a blocking GC Explicit
08-06 15:49:47.112 16505 16523 I art     : Explicit concurrent mark sweep GC freed 74(4KB) AllocSpace objects, 0(0B) LOS objects, 27% free, 41MB/57MB, paused 1.624ms total 66.351ms
08-06 15:49:47.128 16505 16523 I art     : Starting a blocking GC Explicit
08-06 15:49:47.195 16505 16523 I art     : Explicit concurrent mark sweep GC freed 12(1408B) AllocSpace objects, 0(0B) LOS objects, 27% free, 41MB/57MB, paused 1.712ms total 67.392ms
08-06 15:49:47.520 16505 17418 E baseline.com.newsblur.network.APIResponse: Error (unexpected end of stream on https://www.newsblur.com/...) calling https://www.newsblur.com/reader/mark_story_hashes_as_read/
08-06 15:49:47.520 16505 17418 E baseline.com.newsblur.network.APIResponse: java.io.IOException: unexpected end of stream on https://www.newsblur.com/...
08-06 15:49:47.520 16505 17418 E baseline.com.newsblur.network.APIResponse: 	at okhttp3.internal.http1.Http1ExchangeCodec.readResponseHeaders(Http1ExchangeCodec.java:236)
08-06 15:49:47.520 16505 17418 E baseline.com.newsblur.network.APIResponse: 	at okhttp3.internal.connection.Exchange.readResponseHeaders(Exchange.java:115)
08-06 15:49:47.520 16505 17418 E baseline.com.newsblur.network.APIResponse: 	at okhttp3.internal.http.CallServerInterceptor.intercept(CallServerInterceptor.java:94)
08-06 15:49:47.520 16505 17418 E baseline.com.newsblur.network.APIResponse: 	at okhttp3.internal.http.RealInterceptorChain.proceed(RealInterceptorChain.java:142)
08-06 15:49:47.520 16505 17418 E baseline.com.newsblur.network.APIResponse: 	at okhttp3.internal.connection.ConnectInterceptor.intercept(ConnectInterceptor.java:43)
08-06 15:49:47.520 16505 17418 E baseline.com.newsblur.network.APIResponse: 	at okhttp3.internal.http.RealInterceptorChain.proceed(RealInterceptorChain.java:142)
08-06 15:49:47.520 16505 17418 E baseline.com.newsblur.network.APIResponse: 	at okhttp3.internal.http.RealInterceptorChain.proceed(RealInterceptorChain.java:117)
08-06 15:49:47.520 16505 17418 E baseline.com.newsblur.network.APIResponse: 	at okhttp3.internal.cache.CacheInterceptor.intercept(CacheInterceptor.java:94)
08-06 15:49:47.520 16505 17418 E baseline.com.newsblur.network.APIResponse: 	at okhttp3.internal.http.RealInterceptorChain.proceed(RealInterceptorChain.java:142)
08-06 15:49:47.520 16505 17418 E baseline.com.newsblur.network.APIResponse: 	at okhttp3.internal.http.RealInterceptorChain.proceed(RealInterceptorChain.java:117)
08-06 15:49:47.520 16505 17418 E baseline.com.newsblur.network.APIResponse: 	at okhttp3.internal.http.BridgeInterceptor.intercept(BridgeInterceptor.java:93)
08-06 15:49:47.520 16505 17418 E baseline.com.newsblur.network.APIResponse: 	at okhttp3.internal.http.RealInterceptorChain.proceed(RealInterceptorChain.java:142)
08-06 15:49:47.520 16505 17418 E baseline.com.newsblur.network.APIResponse: 	at okhttp3.internal.http.RetryAndFollowUpInterceptor.intercept(RetryAndFollowUpInterceptor.java:88)
08-06 15:49:47.520 16505 17418 E baseline.com.newsblur.network.APIResponse: 	at okhttp3.internal.http.RealInterceptorChain.proceed(RealInterceptorChain.java:142)
08-06 15:49:47.520 16505 17418 E baseline.com.newsblur.network.APIResponse: 	at okhttp3.internal.http.RealInterceptorChain.proceed(RealInterceptorChain.java:117)
08-06 15:49:47.520 16505 17418 E baseline.com.newsblur.network.APIResponse: 	at okhttp3.RealCall.getResponseWithInterceptorChain(RealCall.java:229)
08-06 15:49:47.520 16505 17418 E baseline.com.newsblur.network.APIResponse: 	at okhttp3.RealCall.execute(RealCall.java:81)
08-06 15:49:47.520 16505 17418 E baseline.com.newsblur.network.APIResponse: 	at baseline.com.newsblur.network.APIResponse.<init>(APIResponse.java:57)
08-06 15:49:47.520 16505 17418 E baseline.com.newsblur.network.APIResponse: 	at baseline.com.newsblur.network.APIResponse.<init>(APIResponse.java:43)
08-06 15:49:47.520 16505 17418 E baseline.com.newsblur.network.APIResponse: 	at baseline.com.newsblur.network.APIManager.post_single(APIManager.java:702)
08-06 15:49:47.520 16505 17418 E baseline.com.newsblur.network.APIResponse: 	at baseline.com.newsblur.network.APIManager.post(APIManager.java:675)
08-06 15:49:47.520 16505 17418 E baseline.com.newsblur.network.APIResponse: 	at baseline.com.newsblur.network.APIManager.post(APIManager.java:714)
08-06 15:49:47.520 16505 17418 E baseline.com.newsblur.network.APIResponse: 	at baseline.com.newsblur.network.APIManager.markStoryAsRead(APIManager.java:205)
08-06 15:49:47.520 16505 17418 E baseline.com.newsblur.network.APIResponse: 	at baseline.com.newsblur.util.ReadingAction.doRemote(ReadingAction.java:281)
08-06 15:49:47.520 16505 17418 E baseline.com.newsblur.network.APIResponse: 	at baseline.com.newsblur.service.NBSyncService.syncActions(NBSyncService.java:400)
08-06 15:49:47.520 16505 17418 E baseline.com.newsblur.network.APIResponse: 	at baseline.com.newsblur.service.NBSyncService.doSync(NBSyncService.java:298)
08-06 15:49:47.520 16505 17418 E baseline.com.newsblur.network.APIResponse: 	at baseline.com.newsblur.service.NBSyncService.access$100(NBSyncService.java:67)
08-06 15:49:47.520 16505 17418 E baseline.com.newsblur.network.APIResponse: 	at baseline.com.newsblur.service.NBSyncService$1.run(NBSyncService.java:188)
08-06 15:49:47.520 16505 17418 E baseline.com.newsblur.network.APIResponse: 	at java.util.concurrent.ThreadPoolExecutor.runWorker(ThreadPoolExecutor.java:1113)
08-06 15:49:47.520 16505 17418 E baseline.com.newsblur.network.APIResponse: 	at java.util.concurrent.ThreadPoolExecutor$Worker.run(ThreadPoolExecutor.java:588)
08-06 15:49:47.520 16505 17418 E baseline.com.newsblur.network.APIResponse: 	at java.lang.Thread.run(Thread.java:818)
08-06 15:49:47.520 16505 17418 E baseline.com.newsblur.network.APIResponse: Caused by: java.io.EOFException: \n not found: limit=0 content=
08-06 15:49:47.520 16505 17418 E baseline.com.newsblur.network.APIResponse: 	at okio.RealBufferedSource.readUtf8LineStrict(RealBufferedSource.java:240)
08-06 15:49:47.520 16505 17418 E baseline.com.newsblur.network.APIResponse: 	at okhttp3.internal.http1.Http1ExchangeCodec.readHeaderLine(Http1ExchangeCodec.java:242)
08-06 15:49:47.520 16505 17418 E baseline.com.newsblur.network.APIResponse: 	at okhttp3.internal.http1.Http1ExchangeCodec.readResponseHeaders(Http1ExchangeCodec.java:213)
08-06 15:49:47.520 16505 17418 E baseline.com.newsblur.network.APIResponse: 	... 30 more
08-06 15:49:47.522 16505 17418 I baseline.com.newsblur.network.APIManager: API call failed, pausing before retry number 2
08-06 15:49:47.549 14491 14491 I ServiceManager: Waiting for service AtCmdFwd...
08-06 15:49:47.593 16505 16517 I art     : Starting a blocking GC Explicit
08-06 15:49:47.664 16505 16517 I art     : Explicit concurrent mark sweep GC freed 3953(357KB) AllocSpace objects, 3(60KB) LOS objects, 27% free, 41MB/57MB, paused 1.594ms total 69.776ms
08-06 15:49:47.682 16505 16517 I art     : Starting a blocking GC Explicit
08-06 15:49:47.748 16505 16517 I art     : Explicit concurrent mark sweep GC freed 120(4KB) AllocSpace objects, 0(0B) LOS objects, 27% free, 41MB/57MB, paused 1.603ms total 65.253ms
08-06 15:49:47.762 16505 16517 I art     : Starting a blocking GC Explicit
08-06 15:49:47.828 16505 16517 I art     : Explicit concurrent mark sweep GC freed 3(96B) AllocSpace objects, 0(0B) LOS objects, 27% free, 41MB/57MB, paused 1.653ms total 65.201ms
08-06 15:49:47.843 16505 16517 I art     : Starting a blocking GC Explicit
08-06 15:49:47.909 16505 16517 I art     : Explicit concurrent mark sweep GC freed 3(96B) AllocSpace objects, 0(0B) LOS objects, 27% free, 41MB/57MB, paused 1.549ms total 65.868ms
08-06 15:49:47.926 16505 16517 I art     : Starting a blocking GC Explicit
08-06 15:49:47.995 16505 16517 I art     : Explicit concurrent mark sweep GC freed 3(96B) AllocSpace objects, 0(0B) LOS objects, 27% free, 41MB/57MB, paused 1.641ms total 68.050ms
08-06 15:49:48.429 16505 16766 I art     : Starting a blocking GC Explicit
08-06 15:49:48.502 16505 16766 I art     : Explicit concurrent mark sweep GC freed 1441(82KB) AllocSpace objects, 1(20KB) LOS objects, 27% free, 41MB/57MB, paused 1.693ms total 72.596ms
08-06 15:49:48.521 16505 16766 I art     : Starting a blocking GC Explicit
08-06 15:49:48.549 14491 14491 W Atfwd_Sendcmd: AtCmdFwd service not published, waiting... retryCnt : 4
08-06 15:49:48.585 16505 16766 I art     : Explicit concurrent mark sweep GC freed 22(784B) AllocSpace objects, 0(0B) LOS objects, 27% free, 41MB/57MB, paused 1.593ms total 64.484ms
08-06 15:49:48.600 16505 16766 I art     : Starting a blocking GC Explicit
08-06 15:49:48.666 16505 16766 I art     : Explicit concurrent mark sweep GC freed 3(96B) AllocSpace objects, 0(0B) LOS objects, 27% free, 41MB/57MB, paused 1.489ms total 65.485ms
08-06 15:49:48.681 16505 16766 I art     : Starting a blocking GC Explicit
08-06 15:49:48.748 16505 16766 I art     : Explicit concurrent mark sweep GC freed 3(96B) AllocSpace objects, 0(0B) LOS objects, 27% free, 41MB/57MB, paused 1.648ms total 66.462ms
08-06 15:49:48.763 16505 16766 I art     : Starting a blocking GC Explicit
08-06 15:49:48.828 16505 16766 I art     : Explicit concurrent mark sweep GC freed 3(96B) AllocSpace objects, 0(0B) LOS objects, 27% free, 41MB/57MB, paused 1.739ms total 64.931ms
08-06 15:49:49.244 16505 16516 I art     : Starting a blocking GC Explicit
08-06 15:49:49.314 16505 16516 I art     : Explicit concurrent mark sweep GC freed 1441(82KB) AllocSpace objects, 1(20KB) LOS objects, 27% free, 41MB/57MB, paused 1.678ms total 69.550ms
08-06 15:49:49.314 16505 16515 I art     : WaitForGcToComplete blocked for 52.086ms for cause HeapTrim
08-06 15:49:49.329 16505 16516 I art     : Starting a blocking GC Explicit
08-06 15:49:49.399 16505 16516 I art     : Explicit concurrent mark sweep GC freed 22(784B) AllocSpace objects, 0(0B) LOS objects, 27% free, 41MB/57MB, paused 1.708ms total 69.572ms
08-06 15:49:49.418 16505 16516 I art     : Starting a blocking GC Explicit
08-06 15:49:49.485 16505 16516 I art     : Explicit concurrent mark sweep GC freed 3(96B) AllocSpace objects, 0(0B) LOS objects, 27% free, 41MB/57MB, paused 1.585ms total 66.752ms
08-06 15:49:49.500 16505 16516 I art     : Starting a blocking GC Explicit
08-06 15:49:49.563 16505 16516 I art     : Explicit concurrent mark sweep GC freed 3(96B) AllocSpace objects, 0(0B) LOS objects, 27% free, 41MB/57MB, paused 1.555ms total 62.384ms
08-06 15:49:49.578 16505 16516 I art     : Starting a blocking GC Explicit
08-06 15:49:49.645 16505 16516 I art     : Explicit concurrent mark sweep GC freed 3(96B) AllocSpace objects, 0(0B) LOS objects, 27% free, 41MB/57MB, paused 1.649ms total 67.037ms
08-06 15:49:50.058 16505 16523 I art     : Starting a blocking GC Explicit
08-06 15:49:50.129 16505 16523 I art     : Explicit concurrent mark sweep GC freed 1441(82KB) AllocSpace objects, 1(20KB) LOS objects, 27% free, 41MB/57MB, paused 1.700ms total 70.885ms
08-06 15:49:50.148 16505 16523 I art     : Starting a blocking GC Explicit
08-06 15:49:50.213 16505 16523 I art     : Explicit concurrent mark sweep GC freed 22(784B) AllocSpace objects, 0(0B) LOS objects, 27% free, 41MB/57MB, paused 1.609ms total 65.342ms
08-06 15:49:50.228 16505 16523 I art     : Starting a blocking GC Explicit
08-06 15:49:50.294 16505 16523 I art     : Explicit concurrent mark sweep GC freed 3(96B) AllocSpace objects, 0(0B) LOS objects, 27% free, 41MB/57MB, paused 1.614ms total 65.594ms
08-06 15:49:50.309 16505 16523 I art     : Starting a blocking GC Explicit
08-06 15:49:50.378 16505 16523 I art     : Explicit concurrent mark sweep GC freed 3(96B) AllocSpace objects, 0(0B) LOS objects, 27% free, 41MB/57MB, paused 1.622ms total 67.896ms
08-06 15:49:50.395 16505 16523 I art     : Starting a blocking GC Explicit
08-06 15:49:50.460 16505 16523 I art     : Explicit concurrent mark sweep GC freed 3(96B) AllocSpace objects, 0(0B) LOS objects, 27% free, 41MB/57MB, paused 1.643ms total 64.787ms
08-06 15:49:50.881 16505 16517 I art     : Starting a blocking GC Explicit
08-06 15:49:50.951 16505 16517 I art     : Explicit concurrent mark sweep GC freed 1607(91KB) AllocSpace objects, 1(20KB) LOS objects, 27% free, 41MB/57MB, paused 1.759ms total 69.724ms
08-06 15:49:50.967 16505 16517 I art     : Starting a blocking GC Explicit
08-06 15:49:51.035 16505 16517 I art     : Explicit concurrent mark sweep GC freed 28(1040B) AllocSpace objects, 0(0B) LOS objects, 27% free, 41MB/57MB, paused 1.598ms total 68.128ms
08-06 15:49:51.055 16505 16517 I art     : Starting a blocking GC Explicit
08-06 15:49:51.120 16505 16517 I art     : Explicit concurrent mark sweep GC freed 1661(65KB) AllocSpace objects, 0(0B) LOS objects, 27% free, 41MB/57MB, paused 1.713ms total 65.427ms
08-06 15:49:51.131 16505 17418 E baseline.com.newsblur.network.APIResponse: Error (unexpected end of stream on https://www.newsblur.com/...) calling https://www.newsblur.com/reader/mark_story_hashes_as_read/
08-06 15:49:51.131 16505 17418 E baseline.com.newsblur.network.APIResponse: java.io.IOException: unexpected end of stream on https://www.newsblur.com/...
08-06 15:49:51.131 16505 17418 E baseline.com.newsblur.network.APIResponse: 	at okhttp3.internal.http1.Http1ExchangeCodec.readResponseHeaders(Http1ExchangeCodec.java:236)
08-06 15:49:51.131 16505 17418 E baseline.com.newsblur.network.APIResponse: 	at okhttp3.internal.connection.Exchange.readResponseHeaders(Exchange.java:115)
08-06 15:49:51.131 16505 17418 E baseline.com.newsblur.network.APIResponse: 	at okhttp3.internal.http.CallServerInterceptor.intercept(CallServerInterceptor.java:94)
08-06 15:49:51.131 16505 17418 E baseline.com.newsblur.network.APIResponse: 	at okhttp3.internal.http.RealInterceptorChain.proceed(RealInterceptorChain.java:142)
08-06 15:49:51.131 16505 17418 E baseline.com.newsblur.network.APIResponse: 	at okhttp3.internal.connection.ConnectInterceptor.intercept(ConnectInterceptor.java:43)
08-06 15:49:51.131 16505 17418 E baseline.com.newsblur.network.APIResponse: 	at okhttp3.internal.http.RealInterceptorChain.proceed(RealInterceptorChain.java:142)
08-06 15:49:51.131 16505 17418 E baseline.com.newsblur.network.APIResponse: 	at okhttp3.internal.http.RealInterceptorChain.proceed(RealInterceptorChain.java:117)
08-06 15:49:51.131 16505 17418 E baseline.com.newsblur.network.APIResponse: 	at okhttp3.internal.cache.CacheInterceptor.intercept(CacheInterceptor.java:94)
08-06 15:49:51.131 16505 17418 E baseline.com.newsblur.network.APIResponse: 	at okhttp3.internal.http.RealInterceptorChain.proceed(RealInterceptorChain.java:142)
08-06 15:49:51.131 16505 17418 E baseline.com.newsblur.network.APIResponse: 	at okhttp3.internal.http.RealInterceptorChain.proceed(RealInterceptorChain.java:117)
08-06 15:49:51.131 16505 17418 E baseline.com.newsblur.network.APIResponse: 	at okhttp3.internal.http.BridgeInterceptor.intercept(BridgeInterceptor.java:93)
08-06 15:49:51.131 16505 17418 E baseline.com.newsblur.network.APIResponse: 	at okhttp3.internal.http.RealInterceptorChain.proceed(RealInterceptorChain.java:142)
08-06 15:49:51.131 16505 17418 E baseline.com.newsblur.network.APIResponse: 	at okhttp3.internal.http.RetryAndFollowUpInterceptor.intercept(RetryAndFollowUpInterceptor.java:88)
08-06 15:49:51.131 16505 17418 E baseline.com.newsblur.network.APIResponse: 	at okhttp3.internal.http.RealInterceptorChain.proceed(RealInterceptorChain.java:142)
08-06 15:49:51.131 16505 17418 E baseline.com.newsblur.network.APIResponse: 	at okhttp3.internal.http.RealInterceptorChain.proceed(RealInterceptorChain.java:117)
08-06 15:49:51.131 16505 17418 E baseline.com.newsblur.network.APIResponse: 	at okhttp3.RealCall.getResponseWithInterceptorChain(RealCall.java:229)
08-06 15:49:51.131 16505 17418 E baseline.com.newsblur.network.APIResponse: 	at okhttp3.RealCall.execute(RealCall.java:81)
08-06 15:49:51.131 16505 17418 E baseline.com.newsblur.network.APIResponse: 	at baseline.com.newsblur.network.APIResponse.<init>(APIResponse.java:57)
08-06 15:49:51.131 16505 17418 E baseline.com.newsblur.network.APIResponse: 	at baseline.com.newsblur.network.APIResponse.<init>(APIResponse.java:43)
08-06 15:49:51.131 16505 17418 E baseline.com.newsblur.network.APIResponse: 	at baseline.com.newsblur.network.APIManager.post_single(APIManager.java:702)
08-06 15:49:51.131 16505 17418 E baseline.com.newsblur.network.APIResponse: 	at baseline.com.newsblur.network.APIManager.post(APIManager.java:675)
08-06 15:49:51.131 16505 17418 E baseline.com.newsblur.network.APIResponse: 	at baseline.com.newsblur.network.APIManager.post(APIManager.java:714)
08-06 15:49:51.131 16505 17418 E baseline.com.newsblur.network.APIResponse: 	at baseline.com.newsblur.network.APIManager.markStoryAsRead(APIManager.java:205)
08-06 15:49:51.131 16505 17418 E baseline.com.newsblur.network.APIResponse: 	at baseline.com.newsblur.util.ReadingAction.doRemote(ReadingAction.java:281)
08-06 15:49:51.131 16505 17418 E baseline.com.newsblur.network.APIResponse: 	at baseline.com.newsblur.service.NBSyncService.syncActions(NBSyncService.java:400)
08-06 15:49:51.131 16505 17418 E baseline.com.newsblur.network.APIResponse: 	at baseline.com.newsblur.service.NBSyncService.doSync(NBSyncService.java:298)
08-06 15:49:51.131 16505 17418 E baseline.com.newsblur.network.APIResponse: 	at baseline.com.newsblur.service.NBSyncService.access$100(NBSyncService.java:67)
08-06 15:49:51.131 16505 17418 E baseline.com.newsblur.network.APIResponse: 	at baseline.com.newsblur.service.NBSyncService$1.run(NBSyncService.java:188)
08-06 15:49:51.131 16505 17418 E baseline.com.newsblur.network.APIResponse: 	at java.util.concurrent.ThreadPoolExecutor.runWorker(ThreadPoolExecutor.java:1113)
08-06 15:49:51.131 16505 17418 E baseline.com.newsblur.network.APIResponse: 	at java.util.concurrent.ThreadPoolExecutor$Worker.run(ThreadPoolExecutor.java:588)
08-06 15:49:51.131 16505 17418 E baseline.com.newsblur.network.APIResponse: 	at java.lang.Thread.run(Thread.java:818)
08-06 15:49:51.131 16505 17418 E baseline.com.newsblur.network.APIResponse: Caused by: java.io.EOFException: \n not found: limit=0 content=
08-06 15:49:51.131 16505 17418 E baseline.com.newsblur.network.APIResponse: 	at okio.RealBufferedSource.readUtf8LineStrict(RealBufferedSource.java:240)
08-06 15:49:51.131 16505 17418 E baseline.com.newsblur.network.APIResponse: 	at okhttp3.internal.http1.Http1ExchangeCodec.readHeaderLine(Http1ExchangeCodec.java:242)
08-06 15:49:51.131 16505 17418 E baseline.com.newsblur.network.APIResponse: 	at okhttp3.internal.http1.Http1ExchangeCodec.readResponseHeaders(Http1ExchangeCodec.java:213)
08-06 15:49:51.131 16505 17418 E baseline.com.newsblur.network.APIResponse: 	... 30 more
08-06 15:49:51.134 16505 17418 I baseline.com.newsblur.service.NBSyncService: Holding reading action with server-side or network error.
08-06 15:49:51.135 16505 16517 I art     : Starting a blocking GC Explicit
08-06 15:49:51.154 16505 17418 W baseline.com.newsblur.service.NBSyncService: hard API failure
08-06 15:49:51.169 16505 17418 I baseline.com.newsblur.service.NBSyncService: recounting dirty feed sets: 1
08-06 15:49:51.197 16505 16517 I art     : Explicit concurrent mark sweep GC freed 1738(282KB) AllocSpace objects, 5(100KB) LOS objects, 27% free, 41MB/57MB, paused 1.646ms total 61.766ms
08-06 15:49:51.211 16505 16517 I art     : Starting a blocking GC Explicit
08-06 15:49:51.273 16505 16517 I art     : Explicit concurrent mark sweep GC freed 200(15KB) AllocSpace objects, 0(0B) LOS objects, 27% free, 41MB/57MB, paused 1.596ms total 60.945ms
08-06 15:49:51.619 16505 17418 E baseline.com.newsblur.network.APIResponse: Error (unexpected end of stream on https://www.newsblur.com/...) calling https://www.newsblur.com/reader/feed_unread_count?feed_id=0
08-06 15:49:51.619 16505 17418 E baseline.com.newsblur.network.APIResponse: java.io.IOException: unexpected end of stream on https://www.newsblur.com/...
08-06 15:49:51.619 16505 17418 E baseline.com.newsblur.network.APIResponse: 	at okhttp3.internal.http1.Http1ExchangeCodec.readResponseHeaders(Http1ExchangeCodec.java:236)
08-06 15:49:51.619 16505 17418 E baseline.com.newsblur.network.APIResponse: 	at okhttp3.internal.connection.Exchange.readResponseHeaders(Exchange.java:115)
08-06 15:49:51.619 16505 17418 E baseline.com.newsblur.network.APIResponse: 	at okhttp3.internal.http.CallServerInterceptor.intercept(CallServerInterceptor.java:94)
08-06 15:49:51.619 16505 17418 E baseline.com.newsblur.network.APIResponse: 	at okhttp3.internal.http.RealInterceptorChain.proceed(RealInterceptorChain.java:142)
08-06 15:49:51.619 16505 17418 E baseline.com.newsblur.network.APIResponse: 	at okhttp3.internal.connection.ConnectInterceptor.intercept(ConnectInterceptor.java:43)
08-06 15:49:51.619 16505 17418 E baseline.com.newsblur.network.APIResponse: 	at okhttp3.internal.http.RealInterceptorChain.proceed(RealInterceptorChain.java:142)
08-06 15:49:51.619 16505 17418 E baseline.com.newsblur.network.APIResponse: 	at okhttp3.internal.http.RealInterceptorChain.proceed(RealInterceptorChain.java:117)
08-06 15:49:51.619 16505 17418 E baseline.com.newsblur.network.APIResponse: 	at okhttp3.internal.cache.CacheInterceptor.intercept(CacheInterceptor.java:94)
08-06 15:49:51.619 16505 17418 E baseline.com.newsblur.network.APIResponse: 	at okhttp3.internal.http.RealInterceptorChain.proceed(RealInterceptorChain.java:142)
08-06 15:49:51.619 16505 17418 E baseline.com.newsblur.network.APIResponse: 	at okhttp3.internal.http.RealInterceptorChain.proceed(RealInterceptorChain.java:117)
08-06 15:49:51.619 16505 17418 E baseline.com.newsblur.network.APIResponse: 	at okhttp3.internal.http.BridgeInterceptor.intercept(BridgeInterceptor.java:93)
08-06 15:49:51.619 16505 17418 E baseline.com.newsblur.network.APIResponse: 	at okhttp3.internal.http.RealInterceptorChain.proceed(RealInterceptorChain.java:142)
08-06 15:49:51.619 16505 17418 E baseline.com.newsblur.network.APIResponse: 	at okhttp3.internal.http.RetryAndFollowUpInterceptor.intercept(RetryAndFollowUpInterceptor.java:88)
08-06 15:49:51.619 16505 17418 E baseline.com.newsblur.network.APIResponse: 	at okhttp3.internal.http.RealInterceptorChain.proceed(RealInterceptorChain.java:142)
08-06 15:49:51.619 16505 17418 E baseline.com.newsblur.network.APIResponse: 	at okhttp3.internal.http.RealInterceptorChain.proceed(RealInterceptorChain.java:117)
08-06 15:49:51.619 16505 17418 E baseline.com.newsblur.network.APIResponse: 	at okhttp3.RealCall.getResponseWithInterceptorChain(RealCall.java:229)
08-06 15:49:51.619 16505 17418 E baseline.com.newsblur.network.APIResponse: 	at okhttp3.RealCall.execute(RealCall.java:81)
08-06 15:49:51.619 16505 17418 E baseline.com.newsblur.network.APIResponse: 	at baseline.com.newsblur.network.APIResponse.<init>(APIResponse.java:57)
08-06 15:49:51.619 16505 17418 E baseline.com.newsblur.network.APIResponse: 	at baseline.com.newsblur.network.APIManager.get_single(APIManager.java:639)
08-06 15:49:51.619 16505 17418 E baseline.com.newsblur.network.APIResponse: 	at baseline.com.newsblur.network.APIManager.get(APIManager.java:625)
08-06 15:49:51.619 16505 17418 E baseline.com.newsblur.network.APIResponse: 	at baseline.com.newsblur.network.APIManager.get(APIManager.java:667)
08-06 15:49:51.619 16505 17418 E baseline.com.newsblur.network.APIResponse: 	at baseline.com.newsblur.network.APIManager.getFeedUnreadCounts(APIManager.java:274)
08-06 15:49:51.619 16505 17418 E baseline.com.newsblur.network.APIResponse: 	at baseline.com.newsblur.service.NBSyncService.checkRecounts(NBSyncService.java:660)
08-06 15:49:51.619 16505 17418 E baseline.com.newsblur.network.APIResponse: 	at baseline.com.newsblur.service.NBSyncService.doSync(NBSyncService.java:310)
08-06 15:49:51.619 16505 17418 E baseline.com.newsblur.network.APIResponse: 	at baseline.com.newsblur.service.NBSyncService.access$100(NBSyncService.java:67)
08-06 15:49:51.619 16505 17418 E baseline.com.newsblur.network.APIResponse: 	at baseline.com.newsblur.service.NBSyncService$1.run(NBSyncService.java:188)
08-06 15:49:51.619 16505 17418 E baseline.com.newsblur.network.APIResponse: 	at java.util.concurrent.ThreadPoolExecutor.runWorker(ThreadPoolExecutor.java:1113)
08-06 15:49:51.619 16505 17418 E baseline.com.newsblur.network.APIResponse: 	at java.util.concurrent.ThreadPoolExecutor$Worker.run(ThreadPoolExecutor.java:588)
08-06 15:49:51.619 16505 17418 E baseline.com.newsblur.network.APIResponse: 	at java.lang.Thread.run(Thread.java:818)
08-06 15:49:51.619 16505 17418 E baseline.com.newsblur.network.APIResponse: Caused by: java.io.EOFException: \n not found: limit=0 content=
08-06 15:49:51.619 16505 17418 E baseline.com.newsblur.network.APIResponse: 	at okio.RealBufferedSource.readUtf8LineStrict(RealBufferedSource.java:240)
08-06 15:49:51.619 16505 17418 E baseline.com.newsblur.network.APIResponse: 	at okhttp3.internal.http1.Http1ExchangeCodec.readHeaderLine(Http1ExchangeCodec.java:242)
08-06 15:49:51.619 16505 17418 E baseline.com.newsblur.network.APIResponse: 	at okhttp3.internal.http1.Http1ExchangeCodec.readResponseHeaders(Http1ExchangeCodec.java:213)
08-06 15:49:51.619 16505 17418 E baseline.com.newsblur.network.APIResponse: 	... 28 more
08-06 15:49:51.620 16505 17418 I baseline.com.newsblur.network.APIManager: API call failed, pausing before retry number 1
08-06 15:49:51.675 16505 16766 I art     : Starting a blocking GC Explicit
08-06 15:49:51.737 16505 16766 I art     : Explicit concurrent mark sweep GC freed 3958(356KB) AllocSpace objects, 3(60KB) LOS objects, 27% free, 41MB/57MB, paused 1.569ms total 61.545ms
08-06 15:49:51.751 16505 16766 I art     : Starting a blocking GC Explicit
08-06 15:49:51.812 16505 16766 I art     : Explicit concurrent mark sweep GC freed 120(4KB) AllocSpace objects, 0(0B) LOS objects, 27% free, 41MB/57MB, paused 1.666ms total 60.133ms
08-06 15:49:51.827 16505 16766 I art     : Starting a blocking GC Explicit
08-06 15:49:51.892 16505 16766 I art     : Explicit concurrent mark sweep GC freed 3(96B) AllocSpace objects, 0(0B) LOS objects, 27% free, 41MB/57MB, paused 1.631ms total 64.986ms
08-06 15:49:51.908 16505 16766 I art     : Starting a blocking GC Explicit
08-06 15:49:51.972 16505 16766 I art     : Explicit concurrent mark sweep GC freed 3(96B) AllocSpace objects, 0(0B) LOS objects, 27% free, 41MB/57MB, paused 1.649ms total 64.628ms
08-06 15:49:51.988 16505 16766 I art     : Starting a blocking GC Explicit
08-06 15:49:52.053 16505 16766 I art     : Explicit concurrent mark sweep GC freed 3(96B) AllocSpace objects, 0(0B) LOS objects, 27% free, 41MB/57MB, paused 1.562ms total 65.507ms
08-06 15:49:52.215 18702 18702 D AndroidRuntime: >>>>>> START com.android.internal.os.RuntimeInit uid 2000 <<<<<<
08-06 15:49:52.223 18702 18702 D AndroidRuntime: CheckJNI is OFF
08-06 15:49:52.263 18702 18702 D ICU     : No timezone override file found: /data/misc/zoneinfo/current/icu/icu_tzdata.dat
08-06 15:49:52.304 18702 18702 I Radio-JNI: register_android_hardware_Radio DONE
08-06 15:49:52.332 18702 18702 D AndroidRuntime: Calling main entry com.android.commands.input.Input
08-06 15:49:52.335 18702 18702 I Input   : injectMotionEvent: MotionEvent { action=ACTION_DOWN, actionButton=0, id[0]=0, x[0]=436.0, y[0]=453.0, toolType[0]=TOOL_TYPE_UNKNOWN, buttonState=0, metaState=0, flags=0x0, edgeFlags=0x0, pointerCount=1, historySize=0, eventTime=892208747, downTime=892208747, deviceId=0, source=0x1002 }
08-06 15:49:52.339 18702 18702 I Input   : injectMotionEvent: MotionEvent { action=ACTION_UP, actionButton=0, id[0]=0, x[0]=436.0, y[0]=453.0, toolType[0]=TOOL_TYPE_UNKNOWN, buttonState=0, metaState=0, flags=0x0, edgeFlags=0x0, pointerCount=1, historySize=0, eventTime=892208747, downTime=892208747, deviceId=0, source=0x1002 }
08-06 15:49:52.342 18702 18702 D AndroidRuntime: Shutting down VM
08-06 15:49:52.348   512  2967 D audio_hw_primary: out_set_parameters: enter: usecase(1: low-latency-playback) kvpairs: routing=2
08-06 15:49:52.348   918  5132 I ActivityManager: START u0 {cmp=baseline.com.newsblur/.activity.AllSharedStoriesReading (has extras)} from uid 10698 on display 0
08-06 15:49:52.361   512  2967 D audio_hw_primary: select_devices: out_snd_device(2: speaker) in_snd_device(0: none)
08-06 15:49:52.361   512  2967 D msm8974_platform: platform_send_audio_calibration: sending audio calibration for snd_device(2) acdb_id(15)
08-06 15:49:52.361   512  2967 I soundtrigger: audio_extn_sound_trigger_update_device_status: device 0x2 of type 0 for Event 1
08-06 15:49:52.371   512  2967 D audio_hw_primary: enable_snd_device: snd_device(2: speaker)
08-06 15:49:52.373   512  2967 D audio_hw_primary: enable_audio_route: apply and update mixer path: low-latency-playback speaker
08-06 15:49:52.479 16505 16523 I art     : Starting a blocking GC Explicit
08-06 15:49:52.544 16505 16523 I art     : Explicit concurrent mark sweep GC freed 2913(228KB) AllocSpace objects, 5(528KB) LOS objects, 27% free, 41MB/57MB, paused 1.580ms total 64.182ms
08-06 15:49:52.559 16505 16523 I art     : Starting a blocking GC Explicit
08-06 15:49:52.616 16505 16523 I art     : Explicit concurrent mark sweep GC freed 627(65KB) AllocSpace objects, 2(40KB) LOS objects, 27% free, 42MB/58MB, paused 2.038ms total 57.101ms
08-06 15:49:52.631 16505 16523 I art     : Starting a blocking GC Explicit
08-06 15:49:52.634   918   936 I ActivityManager: Displayed baseline.com.newsblur/.activity.AllSharedStoriesReading: +274ms
08-06 15:49:52.635 13866 13866 I GoogleInputMethodServic: GoogleInputMethodService.onFinishInput():3138 
08-06 15:49:52.635 13866 13866 I GoogleInputMethodServic: GoogleInputMethodService.onStartInput():1808 
08-06 15:49:52.691 16505 16523 I art     : Explicit concurrent mark sweep GC freed 1355(86KB) AllocSpace objects, 1(20KB) LOS objects, 27% free, 42MB/58MB, paused 2.329ms total 59.858ms
08-06 15:49:52.707 16505 16523 I art     : Starting a blocking GC Explicit
08-06 15:49:52.768 16505 16523 I art     : Explicit concurrent mark sweep GC freed 1232(94KB) AllocSpace objects, 10(236KB) LOS objects, 27% free, 42MB/58MB, paused 1.867ms total 60.968ms
08-06 15:49:52.783 16505 16523 I art     : Starting a blocking GC Explicit
08-06 15:49:52.845 16505 16523 I art     : Explicit concurrent mark sweep GC freed 992(67KB) AllocSpace objects, 1(28KB) LOS objects, 27% free, 42MB/58MB, paused 1.493ms total 62.255ms
08-06 15:49:52.909 16505 17093 E chromium: [ERROR:tile_manager.cc(793)] WARNING: tile memory limits exceeded, some content may not draw
08-06 15:49:52.910 16505 17093 E chromium: [ERROR:tile_manager.cc(793)] WARNING: tile memory limits exceeded, some content may not draw
08-06 15:49:52.910   512  2967 D audio_hw_primary: disable_audio_route: reset and update mixer path: low-latency-playback speaker
08-06 15:49:52.911   512  2967 D audio_hw_primary: disable_snd_device: snd_device(2: speaker)
08-06 15:49:52.918   512  2967 I soundtrigger: audio_extn_sound_trigger_update_device_status: device 0x2 of type 0 for Event 0
08-06 15:49:53.229 16505 16517 I art     : Starting a blocking GC Explicit
08-06 15:49:53.292 16505 16517 I art     : Explicit concurrent mark sweep GC freed 1922(137KB) AllocSpace objects, 2(40KB) LOS objects, 27% free, 42MB/58MB, paused 1.540ms total 61.866ms
08-06 15:49:53.307 16505 16517 I art     : Starting a blocking GC Explicit
08-06 15:49:53.373 16505 16517 I art     : Explicit concurrent mark sweep GC freed 53(2192B) AllocSpace objects, 0(0B) LOS objects, 27% free, 42MB/58MB, paused 1.671ms total 65.440ms
08-06 15:49:53.392 16505 16517 I art     : Starting a blocking GC Explicit
08-06 15:49:53.455 16505 16517 I art     : Explicit concurrent mark sweep GC freed 3(96B) AllocSpace objects, 0(0B) LOS objects, 27% free, 42MB/58MB, paused 1.570ms total 63.237ms
08-06 15:49:53.470 16505 16517 I art     : Starting a blocking GC Explicit
08-06 15:49:53.534 16505 16517 I art     : Explicit concurrent mark sweep GC freed 3(96B) AllocSpace objects, 0(0B) LOS objects, 27% free, 42MB/58MB, paused 1.610ms total 63.566ms
08-06 15:49:53.549 16505 16517 I art     : Starting a blocking GC Explicit
08-06 15:49:53.603 16505 17418 E baseline.com.newsblur.network.APIResponse: Error (unexpected end of stream on https://www.newsblur.com/...) calling https://www.newsblur.com/reader/feed_unread_count?feed_id=0
08-06 15:49:53.603 16505 17418 E baseline.com.newsblur.network.APIResponse: java.io.IOException: unexpected end of stream on https://www.newsblur.com/...
08-06 15:49:53.603 16505 17418 E baseline.com.newsblur.network.APIResponse: 	at okhttp3.internal.http1.Http1ExchangeCodec.readResponseHeaders(Http1ExchangeCodec.java:236)
08-06 15:49:53.603 16505 17418 E baseline.com.newsblur.network.APIResponse: 	at okhttp3.internal.connection.Exchange.readResponseHeaders(Exchange.java:115)
08-06 15:49:53.603 16505 17418 E baseline.com.newsblur.network.APIResponse: 	at okhttp3.internal.http.CallServerInterceptor.intercept(CallServerInterceptor.java:94)
08-06 15:49:53.603 16505 17418 E baseline.com.newsblur.network.APIResponse: 	at okhttp3.internal.http.RealInterceptorChain.proceed(RealInterceptorChain.java:142)
08-06 15:49:53.603 16505 17418 E baseline.com.newsblur.network.APIResponse: 	at okhttp3.internal.connection.ConnectInterceptor.intercept(ConnectInterceptor.java:43)
08-06 15:49:53.603 16505 17418 E baseline.com.newsblur.network.APIResponse: 	at okhttp3.internal.http.RealInterceptorChain.proceed(RealInterceptorChain.java:142)
08-06 15:49:53.603 16505 17418 E baseline.com.newsblur.network.APIResponse: 	at okhttp3.internal.http.RealInterceptorChain.proceed(RealInterceptorChain.java:117)
08-06 15:49:53.603 16505 17418 E baseline.com.newsblur.network.APIResponse: 	at okhttp3.internal.cache.CacheInterceptor.intercept(CacheInterceptor.java:94)
08-06 15:49:53.603 16505 17418 E baseline.com.newsblur.network.APIResponse: 	at okhttp3.internal.http.RealInterceptorChain.proceed(RealInterceptorChain.java:142)
08-06 15:49:53.603 16505 17418 E baseline.com.newsblur.network.APIResponse: 	at okhttp3.internal.http.RealInterceptorChain.proceed(RealInterceptorChain.java:117)
08-06 15:49:53.603 16505 17418 E baseline.com.newsblur.network.APIResponse: 	at okhttp3.internal.http.BridgeInterceptor.intercept(BridgeInterceptor.java:93)
08-06 15:49:53.603 16505 17418 E baseline.com.newsblur.network.APIResponse: 	at okhttp3.internal.http.RealInterceptorChain.proceed(RealInterceptorChain.java:142)
08-06 15:49:53.603 16505 17418 E baseline.com.newsblur.network.APIResponse: 	at okhttp3.internal.http.RetryAndFollowUpInterceptor.intercept(RetryAndFollowUpInterceptor.java:88)
08-06 15:49:53.603 16505 17418 E baseline.com.newsblur.network.APIResponse: 	at okhttp3.internal.http.RealInterceptorChain.proceed(RealInterceptorChain.java:142)
08-06 15:49:53.603 16505 17418 E baseline.com.newsblur.network.APIResponse: 	at okhttp3.internal.http.RealInterceptorChain.proceed(RealInterceptorChain.java:117)
08-06 15:49:53.603 16505 17418 E baseline.com.newsblur.network.APIResponse: 	at okhttp3.RealCall.getResponseWithInterceptorChain(RealCall.java:229)
08-06 15:49:53.603 16505 17418 E baseline.com.newsblur.network.APIResponse: 	at okhttp3.RealCall.execute(RealCall.java:81)
08-06 15:49:53.603 16505 17418 E baseline.com.newsblur.network.APIResponse: 	at baseline.com.newsblur.network.APIResponse.<init>(APIResponse.java:57)
08-06 15:49:53.603 16505 17418 E baseline.com.newsblur.network.APIResponse: 	at baseline.com.newsblur.network.APIManager.get_single(APIManager.java:639)
08-06 15:49:53.603 16505 17418 E baseline.com.newsblur.network.APIResponse: 	at baseline.com.newsblur.network.APIManager.get(APIManager.java:625)
08-06 15:49:53.603 16505 17418 E baseline.com.newsblur.network.APIResponse: 	at baseline.com.newsblur.network.APIManager.get(APIManager.java:667)
08-06 15:49:53.603 16505 17418 E baseline.com.newsblur.network.APIResponse: 	at baseline.com.newsblur.network.APIManager.getFeedUnreadCounts(APIManager.java:274)
08-06 15:49:53.603 16505 17418 E baseline.com.newsblur.network.APIResponse: 	at baseline.com.newsblur.service.NBSyncService.checkRecounts(NBSyncService.java:660)
08-06 15:49:53.603 16505 17418 E baseline.com.newsblur.network.APIResponse: 	at baseline.com.newsblur.service.NBSyncService.doSync(NBSyncService.java:310)
08-06 15:49:53.603 16505 17418 E baseline.com.newsblur.network.APIResponse: 	at baseline.com.newsblur.service.NBSyncService.access$100(NBSyncService.java:67)
08-06 15:49:53.603 16505 17418 E baseline.com.newsblur.network.APIResponse: 	at baseline.com.newsblur.service.NBSyncService$1.run(NBSyncService.java:188)
08-06 15:49:53.603 16505 17418 E baseline.com.newsblur.network.APIResponse: 	at java.util.concurrent.ThreadPoolExecutor.runWorker(ThreadPoolExecutor.java:1113)
08-06 15:49:53.603 16505 17418 E baseline.com.newsblur.network.APIResponse: 	at java.util.concurrent.ThreadPoolExecutor$Worker.run(ThreadPoolExecutor.java:588)
08-06 15:49:53.603 16505 17418 E baseline.com.newsblur.network.APIResponse: 	at java.lang.Thread.run(Thread.java:818)
08-06 15:49:53.603 16505 17418 E baseline.com.newsblur.network.APIResponse: Caused by: java.io.EOFException: \n not found: limit=0 content=
08-06 15:49:53.603 16505 17418 E baseline.com.newsblur.network.APIResponse: 	at okio.RealBufferedSource.readUtf8LineStrict(RealBufferedSource.java:240)
08-06 15:49:53.603 16505 17418 E baseline.com.newsblur.network.APIResponse: 	at okhttp3.internal.http1.Http1ExchangeCodec.readHeaderLine(Http1ExchangeCodec.java:242)
08-06 15:49:53.603 16505 17418 E baseline.com.newsblur.network.APIResponse: 	at okhttp3.internal.http1.Http1ExchangeCodec.readResponseHeaders(Http1ExchangeCodec.java:213)
08-06 15:49:53.603 16505 17418 E baseline.com.newsblur.network.APIResponse: 	... 28 more
08-06 15:49:53.604 16505 17418 I baseline.com.newsblur.network.APIManager: API call failed, pausing before retry number 2
08-06 15:49:53.614 16505 16517 I art     : Explicit concurrent mark sweep GC freed 2704(265KB) AllocSpace objects, 2(40KB) LOS objects, 27% free, 42MB/58MB, paused 1.748ms total 64.283ms
08-06 15:49:54.008 16505 16766 I art     : Starting a blocking GC Explicit
08-06 15:49:54.088 16505 16766 I art     : Explicit concurrent mark sweep GC freed 2613(158KB) AllocSpace objects, 1(20KB) LOS objects, 27% free, 42MB/58MB, paused 2.400ms total 79.556ms
08-06 15:49:54.108 16505 16766 I art     : Starting a blocking GC Explicit
08-06 15:49:54.173 16505 16766 I art     : Explicit concurrent mark sweep GC freed 6802(461KB) AllocSpace objects, 1(20KB) LOS objects, 27% free, 41MB/57MB, paused 1.846ms total 65.306ms
08-06 15:49:54.189 16505 16766 I art     : Starting a blocking GC Explicit
08-06 15:49:54.242 16505 16766 I art     : Explicit concurrent mark sweep GC freed 616(39KB) AllocSpace objects, 0(0B) LOS objects, 27% free, 41MB/57MB, paused 1.506ms total 52.377ms
08-06 15:49:54.256 16505 16766 I art     : Starting a blocking GC Explicit
08-06 15:49:54.311 16505 16766 I art     : Explicit concurrent mark sweep GC freed 119(16KB) AllocSpace objects, 0(0B) LOS objects, 27% free, 41MB/57MB, paused 1.405ms total 55.159ms
08-06 15:49:54.325 16505 16766 I art     : Starting a blocking GC Explicit
08-06 15:49:54.387 16505 16766 I art     : Explicit concurrent mark sweep GC freed 25(832B) AllocSpace objects, 0(0B) LOS objects, 27% free, 41MB/57MB, paused 1.558ms total 61.431ms
08-06 15:49:54.583 12162 12181 I Finsky  : [6223] ktr.run(-1): Stats for Executor: BlockingExecutor kvs@e92de3c[Running, pool size = 0, active threads = 0, queued tasks = 0, completed tasks = 172]
08-06 15:49:54.584 12162 12181 I Finsky  : [6223] ktr.run(-1): Stats for Executor: LightweightExecutor kvs@2a717c5[Running, pool size = 4, active threads = 0, queued tasks = 0, completed tasks = 80]
08-06 15:49:54.780 16505 16517 I art     : Starting a blocking GC Explicit
08-06 15:49:54.850 16505 16517 I art     : Explicit concurrent mark sweep GC freed 1697(95KB) AllocSpace objects, 1(20KB) LOS objects, 27% free, 41MB/57MB, paused 1.756ms total 68.627ms
08-06 15:49:54.865 16505 16517 I art     : Starting a blocking GC Explicit
08-06 15:49:54.927 16505 16517 I art     : Explicit concurrent mark sweep GC freed 51(2432B) AllocSpace objects, 0(0B) LOS objects, 27% free, 41MB/57MB, paused 1.476ms total 62.173ms
08-06 15:49:54.942 16505 16517 I art     : Starting a blocking GC Explicit
08-06 15:49:55.011 16505 16517 I art     : Explicit concurrent mark sweep GC freed 3(96B) AllocSpace objects, 0(0B) LOS objects, 27% free, 41MB/57MB, paused 1.710ms total 67.692ms
08-06 15:49:55.029 16505 16517 I art     : Starting a blocking GC Explicit
08-06 15:49:55.091 12162 12181 I Finsky  : [6223] ktr.run(-1): Stats for Executor: bgExecutor kvs@1c1551a[Running, pool size = 4, active threads = 0, queued tasks = 0, completed tasks = 552]
08-06 15:49:55.093 16505 16517 I art     : Explicit concurrent mark sweep GC freed 3(96B) AllocSpace objects, 0(0B) LOS objects, 27% free, 41MB/57MB, paused 1.509ms total 63.985ms
08-06 15:49:55.108 16505 16517 I art     : Starting a blocking GC Explicit
08-06 15:49:55.173 16505 16517 I art     : Explicit concurrent mark sweep GC freed 3(96B) AllocSpace objects, 0(0B) LOS objects, 27% free, 41MB/57MB, paused 1.620ms total 65.261ms
08-06 15:49:55.585 16505 16523 I art     : Starting a blocking GC Explicit
08-06 15:49:55.653 16505 16523 I art     : Explicit concurrent mark sweep GC freed 1448(83KB) AllocSpace objects, 1(20KB) LOS objects, 27% free, 41MB/57MB, paused 1.687ms total 66.754ms
08-06 15:49:55.668 16505 16523 I art     : Starting a blocking GC Explicit
08-06 15:49:55.737 16505 16523 I art     : Explicit concurrent mark sweep GC freed 22(784B) AllocSpace objects, 0(0B) LOS objects, 27% free, 41MB/57MB, paused 1.636ms total 68.236ms
08-06 15:49:55.755 16505 16523 I art     : Starting a blocking GC Explicit
08-06 15:49:55.820 16505 16523 I art     : Explicit concurrent mark sweep GC freed 3(96B) AllocSpace objects, 0(0B) LOS objects, 27% free, 41MB/57MB, paused 1.616ms total 64.020ms
08-06 15:49:55.835 16505 16523 I art     : Starting a blocking GC Explicit
08-06 15:49:55.900 16505 16523 I art     : Explicit concurrent mark sweep GC freed 3(96B) AllocSpace objects, 0(0B) LOS objects, 27% free, 41MB/57MB, paused 1.564ms total 64.659ms
08-06 15:49:55.915 16505 16523 I art     : Starting a blocking GC Explicit
08-06 15:49:55.983 16505 16523 I art     : Explicit concurrent mark sweep GC freed 3(96B) AllocSpace objects, 0(0B) LOS objects, 27% free, 41MB/57MB, paused 1.646ms total 67.674ms
08-06 15:49:56.394 16505 16516 I art     : Starting a blocking GC Explicit
08-06 15:49:56.464 16505 16516 I art     : Explicit concurrent mark sweep GC freed 1445(83KB) AllocSpace objects, 1(20KB) LOS objects, 27% free, 41MB/57MB, paused 1.630ms total 70.273ms
08-06 15:49:56.482 16505 16516 I art     : Starting a blocking GC Explicit
08-06 15:49:56.543 16505 16516 I art     : Explicit concurrent mark sweep GC freed 22(784B) AllocSpace objects, 0(0B) LOS objects, 27% free, 41MB/57MB, paused 1.533ms total 60.852ms
08-06 15:49:56.558 16505 16516 I art     : Starting a blocking GC Explicit
08-06 15:49:56.620 16505 16516 I art     : Explicit concurrent mark sweep GC freed 96(3KB) AllocSpace objects, 0(0B) LOS objects, 27% free, 41MB/57MB, paused 1.585ms total 61.823ms
08-06 15:49:56.635 16505 16516 I art     : Starting a blocking GC Explicit
08-06 15:49:56.695 16505 16516 I art     : Explicit concurrent mark sweep GC freed 21(912B) AllocSpace objects, 0(0B) LOS objects, 27% free, 41MB/57MB, paused 1.647ms total 59.795ms
08-06 15:49:56.710 16505 16516 I art     : Starting a blocking GC Explicit
08-06 15:49:56.773 16505 16516 I art     : Explicit concurrent mark sweep GC freed 65(4KB) AllocSpace objects, 0(0B) LOS objects, 27% free, 41MB/57MB, paused 1.685ms total 62.656ms
08-06 15:49:57.132 18776 18776 D AndroidRuntime: >>>>>> START com.android.internal.os.RuntimeInit uid 2000 <<<<<<
08-06 15:49:57.139 18776 18776 D AndroidRuntime: CheckJNI is OFF
08-06 15:49:57.163 16505 16766 I art     : Starting a blocking GC Explicit
08-06 15:49:57.172 16505 17418 E baseline.com.newsblur.network.APIResponse: Error (unexpected end of stream on https://www.newsblur.com/...) calling https://www.newsblur.com/reader/feed_unread_count?feed_id=0
08-06 15:49:57.172 16505 17418 E baseline.com.newsblur.network.APIResponse: java.io.IOException: unexpected end of stream on https://www.newsblur.com/...
08-06 15:49:57.172 16505 17418 E baseline.com.newsblur.network.APIResponse: 	at okhttp3.internal.http1.Http1ExchangeCodec.readResponseHeaders(Http1ExchangeCodec.java:236)
08-06 15:49:57.172 16505 17418 E baseline.com.newsblur.network.APIResponse: 	at okhttp3.internal.connection.Exchange.readResponseHeaders(Exchange.java:115)
08-06 15:49:57.172 16505 17418 E baseline.com.newsblur.network.APIResponse: 	at okhttp3.internal.http.CallServerInterceptor.intercept(CallServerInterceptor.java:94)
08-06 15:49:57.172 16505 17418 E baseline.com.newsblur.network.APIResponse: 	at okhttp3.internal.http.RealInterceptorChain.proceed(RealInterceptorChain.java:142)
08-06 15:49:57.172 16505 17418 E baseline.com.newsblur.network.APIResponse: 	at okhttp3.internal.connection.ConnectInterceptor.intercept(ConnectInterceptor.java:43)
08-06 15:49:57.172 16505 17418 E baseline.com.newsblur.network.APIResponse: 	at okhttp3.internal.http.RealInterceptorChain.proceed(RealInterceptorChain.java:142)
08-06 15:49:57.172 16505 17418 E baseline.com.newsblur.network.APIResponse: 	at okhttp3.internal.http.RealInterceptorChain.proceed(RealInterceptorChain.java:117)
08-06 15:49:57.172 16505 17418 E baseline.com.newsblur.network.APIResponse: 	at okhttp3.internal.cache.CacheInterceptor.intercept(CacheInterceptor.java:94)
08-06 15:49:57.172 16505 17418 E baseline.com.newsblur.network.APIResponse: 	at okhttp3.internal.http.RealInterceptorChain.proceed(RealInterceptorChain.java:142)
08-06 15:49:57.172 16505 17418 E baseline.com.newsblur.network.APIResponse: 	at okhttp3.internal.http.RealInterceptorChain.proceed(RealInterceptorChain.java:117)
08-06 15:49:57.172 16505 17418 E baseline.com.newsblur.network.APIResponse: 	at okhttp3.internal.http.BridgeInterceptor.intercept(BridgeInterceptor.java:93)
08-06 15:49:57.172 16505 17418 E baseline.com.newsblur.network.APIResponse: 	at okhttp3.internal.http.RealInterceptorChain.proceed(RealInterceptorChain.java:142)
08-06 15:49:57.172 16505 17418 E baseline.com.newsblur.network.APIResponse: 	at okhttp3.internal.http.RetryAndFollowUpInterceptor.intercept(RetryAndFollowUpInterceptor.java:88)
08-06 15:49:57.172 16505 17418 E baseline.com.newsblur.network.APIResponse: 	at okhttp3.internal.http.RealInterceptorChain.proceed(RealInterceptorChain.java:142)
08-06 15:49:57.172 16505 17418 E baseline.com.newsblur.network.APIResponse: 	at okhttp3.internal.http.RealInterceptorChain.proceed(RealInterceptorChain.java:117)
08-06 15:49:57.172 16505 17418 E baseline.com.newsblur.network.APIResponse: 	at okhttp3.RealCall.getResponseWithInterceptorChain(RealCall.java:229)
08-06 15:49:57.172 16505 17418 E baseline.com.newsblur.network.APIResponse: 	at okhttp3.RealCall.execute(RealCall.java:81)
08-06 15:49:57.172 16505 17418 E baseline.com.newsblur.network.APIResponse: 	at baseline.com.newsblur.network.APIResponse.<init>(APIResponse.java:57)
08-06 15:49:57.172 16505 17418 E baseline.com.newsblur.network.APIResponse: 	at baseline.com.newsblur.network.APIManager.get_single(APIManager.java:639)
08-06 15:49:57.172 16505 17418 E baseline.com.newsblur.network.APIResponse: 	at baseline.com.newsblur.network.APIManager.get(APIManager.java:625)
08-06 15:49:57.172 16505 17418 E baseline.com.newsblur.network.APIResponse: 	at baseline.com.newsblur.network.APIManager.get(APIManager.java:667)
08-06 15:49:57.172 16505 17418 E baseline.com.newsblur.network.APIResponse: 	at baseline.com.newsblur.network.APIManager.getFeedUnreadCounts(APIManager.java:274)
08-06 15:49:57.172 16505 17418 E baseline.com.newsblur.network.APIResponse: 	at baseline.com.newsblur.service.NBSyncService.checkRecounts(NBSyncService.java:660)
08-06 15:49:57.172 16505 17418 E baseline.com.newsblur.network.APIResponse: 	at baseline.com.newsblur.service.NBSyncService.doSync(NBSyncService.java:310)
08-06 15:49:57.172 16505 17418 E baseline.com.newsblur.network.APIResponse: 	at baseline.com.newsblur.service.NBSyncService.access$100(NBSyncService.java:67)
08-06 15:49:57.172 16505 17418 E baseline.com.newsblur.network.APIResponse: 	at baseline.com.newsblur.service.NBSyncService$1.run(NBSyncService.java:188)
08-06 15:49:57.172 16505 17418 E baseline.com.newsblur.network.APIResponse: 	at java.util.concurrent.ThreadPoolExecutor.runWorker(ThreadPoolExecutor.java:1113)
08-06 15:49:57.172 16505 17418 E baseline.com.newsblur.network.APIResponse: 	at java.util.concurrent.ThreadPoolExecutor$Worker.run(ThreadPoolExecutor.java:588)
08-06 15:49:57.172 16505 17418 E baseline.com.newsblur.network.APIResponse: 	at java.lang.Thread.run(Thread.java:818)
08-06 15:49:57.172 16505 17418 E baseline.com.newsblur.network.APIResponse: Caused by: java.io.EOFException: \n not found: limit=0 content=
08-06 15:49:57.172 16505 17418 E baseline.com.newsblur.network.APIResponse: 	at okio.RealBufferedSource.readUtf8LineStrict(RealBufferedSource.java:240)
08-06 15:49:57.172 16505 17418 E baseline.com.newsblur.network.APIResponse: 	at okhttp3.internal.http1.Http1ExchangeCodec.readHeaderLine(Http1ExchangeCodec.java:242)
08-06 15:49:57.172 16505 17418 E baseline.com.newsblur.network.APIResponse: 	at okhttp3.internal.http1.Http1ExchangeCodec.readResponseHeaders(Http1ExchangeCodec.java:213)
08-06 15:49:57.172 16505 17418 E baseline.com.newsblur.network.APIResponse: 	... 28 more
08-06 15:49:57.173 16505 17418 W baseline.com.newsblur.service.NBSyncService: Bad response to feed_unread_count
08-06 15:49:57.184 18776 18776 D ICU     : No timezone override file found: /data/misc/zoneinfo/current/icu/icu_tzdata.dat
08-06 15:49:57.228 16505 16766 I art     : Explicit concurrent mark sweep GC freed 4359(407KB) AllocSpace objects, 6(120KB) LOS objects, 27% free, 41MB/57MB, paused 1.751ms total 64.936ms
08-06 15:49:57.235 18776 18776 I Radio-JNI: register_android_hardware_Radio DONE
08-06 15:49:57.243 16505 16766 I art     : Starting a blocking GC Explicit
08-06 15:49:57.265 18776 18776 D AndroidRuntime: Calling main entry com.android.commands.input.Input
08-06 15:49:57.268 18776 18776 I Input   : injectKeyEvent: KeyEvent { action=ACTION_DOWN, keyCode=KEYCODE_BACK, scanCode=0, metaState=0, flags=0x0, repeatCount=0, eventTime=892213680, downTime=892213680, deviceId=-1, source=0x101 }
08-06 15:49:57.273 18776 18776 I Input   : injectKeyEvent: KeyEvent { action=ACTION_UP, keyCode=KEYCODE_BACK, scanCode=0, metaState=0, flags=0x0, repeatCount=0, eventTime=892213680, downTime=892213680, deviceId=-1, source=0x101 }
08-06 15:49:57.279 18776 18776 D AndroidRuntime: Shutting down VM
08-06 15:49:57.292 16505 16505 D baseline.com.newsblur.service.NBSyncService: rejecting request for feedset that is exhaused
08-06 15:49:57.303 16505 16766 I art     : Explicit concurrent mark sweep GC freed 436(58KB) AllocSpace objects, 2(40KB) LOS objects, 27% free, 41MB/57MB, paused 1.591ms total 59.464ms
08-06 15:49:57.317 16505 16766 I art     : Starting a blocking GC Explicit
08-06 15:49:57.375 16505 16766 I art     : Explicit concurrent mark sweep GC freed 72(2672B) AllocSpace objects, 0(0B) LOS objects, 27% free, 41MB/57MB, paused 1.712ms total 58.346ms
08-06 15:49:57.390 16505 16766 I art     : Starting a blocking GC Explicit
08-06 15:49:57.452 16505 16766 I art     : Explicit concurrent mark sweep GC freed 582(44KB) AllocSpace objects, 1(20KB) LOS objects, 27% free, 41MB/57MB, paused 1.707ms total 61.562ms
08-06 15:49:57.467 16505 16766 I art     : Starting a blocking GC Explicit
08-06 15:49:57.472 16505 16505 D baseline.com.newsblur.service.NBSyncService: rejecting request for feedset that is exhaused
08-06 15:49:57.524 16505 16766 I art     : Explicit concurrent mark sweep GC freed 500(49KB) AllocSpace objects, 1(20KB) LOS objects, 27% free, 42MB/58MB, paused 1.883ms total 57.222ms
08-06 15:49:57.525 13866 13866 I GoogleInputMethodServic: GoogleInputMethodService.onFinishInput():3138 
08-06 15:49:57.526 13866 13866 I GoogleInputMethodServic: GoogleInputMethodService.onStartInput():1808 
08-06 15:49:57.658 16505 17418 E baseline.com.newsblur.network.APIResponse: Error (unexpected end of stream on https://www.newsblur.com/...) calling https://www.newsblur.com/reader/mark_story_hashes_as_read/
08-06 15:49:57.658 16505 17418 E baseline.com.newsblur.network.APIResponse: java.io.IOException: unexpected end of stream on https://www.newsblur.com/...
08-06 15:49:57.658 16505 17418 E baseline.com.newsblur.network.APIResponse: 	at okhttp3.internal.http1.Http1ExchangeCodec.readResponseHeaders(Http1ExchangeCodec.java:236)
08-06 15:49:57.658 16505 17418 E baseline.com.newsblur.network.APIResponse: 	at okhttp3.internal.connection.Exchange.readResponseHeaders(Exchange.java:115)
08-06 15:49:57.658 16505 17418 E baseline.com.newsblur.network.APIResponse: 	at okhttp3.internal.http.CallServerInterceptor.intercept(CallServerInterceptor.java:94)
08-06 15:49:57.658 16505 17418 E baseline.com.newsblur.network.APIResponse: 	at okhttp3.internal.http.RealInterceptorChain.proceed(RealInterceptorChain.java:142)
08-06 15:49:57.658 16505 17418 E baseline.com.newsblur.network.APIResponse: 	at okhttp3.internal.connection.ConnectInterceptor.intercept(ConnectInterceptor.java:43)
08-06 15:49:57.658 16505 17418 E baseline.com.newsblur.network.APIResponse: 	at okhttp3.internal.http.RealInterceptorChain.proceed(RealInterceptorChain.java:142)
08-06 15:49:57.658 16505 17418 E baseline.com.newsblur.network.APIResponse: 	at okhttp3.internal.http.RealInterceptorChain.proceed(RealInterceptorChain.java:117)
08-06 15:49:57.658 16505 17418 E baseline.com.newsblur.network.APIResponse: 	at okhttp3.internal.cache.CacheInterceptor.intercept(CacheInterceptor.java:94)
08-06 15:49:57.658 16505 17418 E baseline.com.newsblur.network.APIResponse: 	at okhttp3.internal.http.RealInterceptorChain.proceed(RealInterceptorChain.java:142)
08-06 15:49:57.658 16505 17418 E baseline.com.newsblur.network.APIResponse: 	at okhttp3.internal.http.RealInterceptorChain.proceed(RealInterceptorChain.java:117)
08-06 15:49:57.658 16505 17418 E baseline.com.newsblur.network.APIResponse: 	at okhttp3.internal.http.BridgeInterceptor.intercept(BridgeInterceptor.java:93)
08-06 15:49:57.658 16505 17418 E baseline.com.newsblur.network.APIResponse: 	at okhttp3.internal.http.RealInterceptorChain.proceed(RealInterceptorChain.java:142)
08-06 15:49:57.658 16505 17418 E baseline.com.newsblur.network.APIResponse: 	at okhttp3.internal.http.RetryAndFollowUpInterceptor.intercept(RetryAndFollowUpInterceptor.java:88)
08-06 15:49:57.658 16505 17418 E baseline.com.newsblur.network.APIResponse: 	at okhttp3.internal.http.RealInterceptorChain.proceed(RealInterceptorChain.java:142)
08-06 15:49:57.658 16505 17418 E baseline.com.newsblur.network.APIResponse: 	at okhttp3.internal.http.RealInterceptorChain.proceed(RealInterceptorChain.java:117)
08-06 15:49:57.658 16505 17418 E baseline.com.newsblur.network.APIResponse: 	at okhttp3.RealCall.getResponseWithInterceptorChain(RealCall.java:229)
08-06 15:49:57.658 16505 17418 E baseline.com.newsblur.network.APIResponse: 	at okhttp3.RealCall.execute(RealCall.java:81)
08-06 15:49:57.658 16505 17418 E baseline.com.newsblur.network.APIResponse: 	at baseline.com.newsblur.network.APIResponse.<init>(APIResponse.java:57)
08-06 15:49:57.658 16505 17418 E baseline.com.newsblur.network.APIResponse: 	at baseline.com.newsblur.network.APIResponse.<init>(APIResponse.java:43)
08-06 15:49:57.658 16505 17418 E baseline.com.newsblur.network.APIResponse: 	at baseline.com.newsblur.network.APIManager.post_single(APIManager.java:702)
08-06 15:49:57.658 16505 17418 E baseline.com.newsblur.network.APIResponse: 	at baseline.com.newsblur.network.APIManager.post(APIManager.java:675)
08-06 15:49:57.658 16505 17418 E baseline.com.newsblur.network.APIResponse: 	at baseline.com.newsblur.network.APIManager.post(APIManager.java:714)
08-06 15:49:57.658 16505 17418 E baseline.com.newsblur.network.APIResponse: 	at baseline.com.newsblur.network.APIManager.markStoryAsRead(APIManager.java:205)
08-06 15:49:57.658 16505 17418 E baseline.com.newsblur.network.APIResponse: 	at baseline.com.newsblur.util.ReadingAction.doRemote(ReadingAction.java:281)
08-06 15:49:57.658 16505 17418 E baseline.com.newsblur.network.APIResponse: 	at baseline.com.newsblur.service.NBSyncService.syncActions(NBSyncService.java:400)
08-06 15:49:57.658 16505 17418 E baseline.com.newsblur.network.APIResponse: 	at baseline.com.newsblur.service.NBSyncService.doSync(NBSyncService.java:298)
08-06 15:49:57.658 16505 17418 E baseline.com.newsblur.network.APIResponse: 	at baseline.com.newsblur.service.NBSyncService.access$100(NBSyncService.java:67)
08-06 15:49:57.658 16505 17418 E baseline.com.newsblur.network.APIResponse: 	at baseline.com.newsblur.service.NBSyncService$1.run(NBSyncService.java:188)
08-06 15:49:57.658 16505 17418 E baseline.com.newsblur.network.APIResponse: 	at java.util.concurrent.ThreadPoolExecutor.runWorker(ThreadPoolExecutor.java:1113)
08-06 15:49:57.658 16505 17418 E baseline.com.newsblur.network.APIResponse: 	at java.util.concurrent.ThreadPoolExecutor$Worker.run(ThreadPoolExecutor.java:588)
08-06 15:49:57.658 16505 17418 E baseline.com.newsblur.network.APIResponse: 	at java.lang.Thread.run(Thread.java:818)
08-06 15:49:57.658 16505 17418 E baseline.com.newsblur.network.APIResponse: Caused by: java.io.EOFException: \n not found: limit=0 content=
08-06 15:49:57.658 16505 17418 E baseline.com.newsblur.network.APIResponse: 	at okio.RealBufferedSource.readUtf8LineStrict(RealBufferedSource.java:240)
08-06 15:49:57.658 16505 17418 E baseline.com.newsblur.network.APIResponse: 	at okhttp3.internal.http1.Http1ExchangeCodec.readHeaderLine(Http1ExchangeCodec.java:242)
08-06 15:49:57.658 16505 17418 E baseline.com.newsblur.network.APIResponse: 	at okhttp3.internal.http1.Http1ExchangeCodec.readResponseHeaders(Http1ExchangeCodec.java:213)
08-06 15:49:57.658 16505 17418 E baseline.com.newsblur.network.APIResponse: 	... 30 more
08-06 15:49:57.659 16505 17418 I baseline.com.newsblur.network.APIManager: API call failed, pausing before retry number 1
08-06 15:49:57.889 16505 16523 I art     : Starting a blocking GC Explicit
08-06 15:49:57.948 16505 16523 I art     : Explicit concurrent mark sweep GC freed 5699(457KB) AllocSpace objects, 4(88KB) LOS objects, 27% free, 41MB/57MB, paused 1.470ms total 59.549ms
08-06 15:49:57.964 16505 16523 I art     : Starting a blocking GC Explicit
08-06 15:49:58.025 16505 16523 I art     : Explicit concurrent mark sweep GC freed 262(11KB) AllocSpace objects, 0(0B) LOS objects, 27% free, 41MB/57MB, paused 1.635ms total 60.620ms
08-06 15:49:58.041 16505 16523 I art     : Starting a blocking GC Explicit
08-06 15:49:58.102 16505 16523 I art     : Explicit concurrent mark sweep GC freed 12(384B) AllocSpace objects, 0(0B) LOS objects, 27% free, 41MB/57MB, paused 1.451ms total 60.737ms
08-06 15:49:58.117 16505 16523 I art     : Starting a blocking GC Explicit
08-06 15:49:58.179 16505 16523 I art     : Explicit concurrent mark sweep GC freed 11(352B) AllocSpace objects, 0(0B) LOS objects, 27% free, 41MB/57MB, paused 1.939ms total 61.017ms
08-06 15:49:58.194 16505 16523 I art     : Starting a blocking GC Explicit
08-06 15:49:58.255 16505 16523 I art     : Explicit concurrent mark sweep GC freed 13(416B) AllocSpace objects, 0(0B) LOS objects, 27% free, 41MB/57MB, paused 1.419ms total 60.890ms
08-06 15:49:58.648 16505 16766 I art     : Starting a blocking GC Explicit
08-06 15:49:58.711 16505 16766 I art     : Explicit concurrent mark sweep GC freed 1499(84KB) AllocSpace objects, 1(20KB) LOS objects, 27% free, 41MB/57MB, paused 1.785ms total 62.699ms
08-06 15:49:58.726 16505 16766 I art     : Starting a blocking GC Explicit
08-06 15:49:58.788 16505 16766 I art     : Explicit concurrent mark sweep GC freed 31(1072B) AllocSpace objects, 0(0B) LOS objects, 27% free, 41MB/57MB, paused 1.696ms total 61.216ms
08-06 15:49:58.803 16505 16766 I art     : Starting a blocking GC Explicit
08-06 15:49:58.863 16505 16766 I art     : Explicit concurrent mark sweep GC freed 11(352B) AllocSpace objects, 0(0B) LOS objects, 27% free, 41MB/57MB, paused 1.705ms total 59.779ms
08-06 15:49:58.879 16505 16766 I art     : Starting a blocking GC Explicit
08-06 15:49:58.945 16505 16766 I art     : Explicit concurrent mark sweep GC freed 9(288B) AllocSpace objects, 0(0B) LOS objects, 27% free, 41MB/57MB, paused 1.741ms total 64.795ms
08-06 15:49:58.960 16505 16766 I art     : Starting a blocking GC Explicit
08-06 15:49:59.023 16505 16766 I art     : Explicit concurrent mark sweep GC freed 4(128B) AllocSpace objects, 0(0B) LOS objects, 27% free, 41MB/57MB, paused 1.593ms total 62.799ms
08-06 15:49:59.075 18820 18820 D AndroidRuntime: >>>>>> START com.android.internal.os.RuntimeInit uid 2000 <<<<<<
08-06 15:49:59.081 18820 18820 D AndroidRuntime: CheckJNI is OFF
08-06 15:49:59.124 18820 18820 D ICU     : No timezone override file found: /data/misc/zoneinfo/current/icu/icu_tzdata.dat
08-06 15:49:59.170 18820 18820 I Radio-JNI: register_android_hardware_Radio DONE
08-06 15:49:59.199 18820 18820 D AndroidRuntime: Calling main entry com.android.commands.input.Input
08-06 15:49:59.202 18820 18820 I Input   : injectKeyEvent: KeyEvent { action=ACTION_DOWN, keyCode=KEYCODE_BACK, scanCode=0, metaState=0, flags=0x0, repeatCount=0, eventTime=892215614, downTime=892215614, deviceId=-1, source=0x101 }
08-06 15:49:59.207 18820 18820 I Input   : injectKeyEvent: KeyEvent { action=ACTION_UP, keyCode=KEYCODE_BACK, scanCode=0, metaState=0, flags=0x0, repeatCount=0, eventTime=892215614, downTime=892215614, deviceId=-1, source=0x101 }
08-06 15:49:59.213 18820 18820 D AndroidRuntime: Shutting down VM
08-06 15:49:59.424 16505 16516 I art     : Starting a blocking GC Explicit
08-06 15:49:59.425   518   646 I ThermalEngine: ACTION: GPU - Setting GPU[0] to 390000000
08-06 15:49:59.450 13866 13866 I GoogleInputMethodServic: GoogleInputMethodService.onFinishInput():3138 
08-06 15:49:59.450 13866 13866 I GoogleInputMethodServic: GoogleInputMethodService.onStartInput():1808 
08-06 15:49:59.503 16505 16516 I art     : Explicit concurrent mark sweep GC freed 9944(675KB) AllocSpace objects, 13(260KB) LOS objects, 27% free, 41MB/57MB, paused 2.849ms total 78.551ms
08-06 15:49:59.527 16505 16516 I art     : Starting a blocking GC Explicit
08-06 15:49:59.595 16505 16516 I art     : Explicit concurrent mark sweep GC freed 271(10KB) AllocSpace objects, 0(0B) LOS objects, 27% free, 41MB/57MB, paused 2.235ms total 67.188ms
08-06 15:49:59.616 16505 16516 I art     : Starting a blocking GC Explicit
08-06 15:49:59.699 16505 16516 I art     : Explicit concurrent mark sweep GC freed 1661(65KB) AllocSpace objects, 0(0B) LOS objects, 27% free, 41MB/57MB, paused 2.329ms total 82.036ms
08-06 15:49:59.708 16505 17418 E baseline.com.newsblur.network.APIResponse: Error (unexpected end of stream on https://www.newsblur.com/...) calling https://www.newsblur.com/reader/mark_story_hashes_as_read/
08-06 15:49:59.708 16505 17418 E baseline.com.newsblur.network.APIResponse: java.io.IOException: unexpected end of stream on https://www.newsblur.com/...
08-06 15:49:59.708 16505 17418 E baseline.com.newsblur.network.APIResponse: 	at okhttp3.internal.http1.Http1ExchangeCodec.readResponseHeaders(Http1ExchangeCodec.java:236)
08-06 15:49:59.708 16505 17418 E baseline.com.newsblur.network.APIResponse: 	at okhttp3.internal.connection.Exchange.readResponseHeaders(Exchange.java:115)
08-06 15:49:59.708 16505 17418 E baseline.com.newsblur.network.APIResponse: 	at okhttp3.internal.http.CallServerInterceptor.intercept(CallServerInterceptor.java:94)
08-06 15:49:59.708 16505 17418 E baseline.com.newsblur.network.APIResponse: 	at okhttp3.internal.http.RealInterceptorChain.proceed(RealInterceptorChain.java:142)
08-06 15:49:59.708 16505 17418 E baseline.com.newsblur.network.APIResponse: 	at okhttp3.internal.connection.ConnectInterceptor.intercept(ConnectInterceptor.java:43)
08-06 15:49:59.708 16505 17418 E baseline.com.newsblur.network.APIResponse: 	at okhttp3.internal.http.RealInterceptorChain.proceed(RealInterceptorChain.java:142)
08-06 15:49:59.708 16505 17418 E baseline.com.newsblur.network.APIResponse: 	at okhttp3.internal.http.RealInterceptorChain.proceed(RealInterceptorChain.java:117)
08-06 15:49:59.708 16505 17418 E baseline.com.newsblur.network.APIResponse: 	at okhttp3.internal.cache.CacheInterceptor.intercept(CacheInterceptor.java:94)
08-06 15:49:59.708 16505 17418 E baseline.com.newsblur.network.APIResponse: 	at okhttp3.internal.http.RealInterceptorChain.proceed(RealInterceptorChain.java:142)
08-06 15:49:59.708 16505 17418 E baseline.com.newsblur.network.APIResponse: 	at okhttp3.internal.http.RealInterceptorChain.proceed(RealInterceptorChain.java:117)
08-06 15:49:59.708 16505 17418 E baseline.com.newsblur.network.APIResponse: 	at okhttp3.internal.http.BridgeInterceptor.intercept(BridgeInterceptor.java:93)
08-06 15:49:59.708 16505 17418 E baseline.com.newsblur.network.APIResponse: 	at okhttp3.internal.http.RealInterceptorChain.proceed(RealInterceptorChain.java:142)
08-06 15:49:59.708 16505 17418 E baseline.com.newsblur.network.APIResponse: 	at okhttp3.internal.http.RetryAndFollowUpInterceptor.intercept(RetryAndFollowUpInterceptor.java:88)
08-06 15:49:59.708 16505 17418 E baseline.com.newsblur.network.APIResponse: 	at okhttp3.internal.http.RealInterceptorChain.proceed(RealInterceptorChain.java:142)
08-06 15:49:59.708 16505 17418 E baseline.com.newsblur.network.APIResponse: 	at okhttp3.internal.http.RealInterceptorChain.proceed(RealInterceptorChain.java:117)
08-06 15:49:59.708 16505 17418 E baseline.com.newsblur.network.APIResponse: 	at okhttp3.RealCall.getResponseWithInterceptorChain(RealCall.java:229)
08-06 15:49:59.708 16505 17418 E baseline.com.newsblur.network.APIResponse: 	at okhttp3.RealCall.execute(RealCall.java:81)
08-06 15:49:59.708 16505 17418 E baseline.com.newsblur.network.APIResponse: 	at baseline.com.newsblur.network.APIResponse.<init>(APIResponse.java:57)
08-06 15:49:59.708 16505 17418 E baseline.com.newsblur.network.APIResponse: 	at baseline.com.newsblur.network.APIResponse.<init>(APIResponse.java:43)
08-06 15:49:59.708 16505 17418 E baseline.com.newsblur.network.APIResponse: 	at baseline.com.newsblur.network.APIManager.post_single(APIManager.java:702)
08-06 15:49:59.708 16505 17418 E baseline.com.newsblur.network.APIResponse: 	at baseline.com.newsblur.network.APIManager.post(APIManager.java:675)
08-06 15:49:59.708 16505 17418 E baseline.com.newsblur.network.APIResponse: 	at baseline.com.newsblur.network.APIManager.post(APIManager.java:714)
08-06 15:49:59.708 16505 17418 E baseline.com.newsblur.network.APIResponse: 	at baseline.com.newsblur.network.APIManager.markStoryAsRead(APIManager.java:205)
08-06 15:49:59.708 16505 17418 E baseline.com.newsblur.network.APIResponse: 	at baseline.com.newsblur.util.ReadingAction.doRemote(ReadingAction.java:281)
08-06 15:49:59.708 16505 17418 E baseline.com.newsblur.network.APIResponse: 	at baseline.com.newsblur.service.NBSyncService.syncActions(NBSyncService.java:400)
08-06 15:49:59.708 16505 17418 E baseline.com.newsblur.network.APIResponse: 	at baseline.com.newsblur.service.NBSyncService.doSync(NBSyncService.java:298)
08-06 15:49:59.708 16505 17418 E baseline.com.newsblur.network.APIResponse: 	at baseline.com.newsblur.service.NBSyncService.access$100(NBSyncService.java:67)
08-06 15:49:59.708 16505 17418 E baseline.com.newsblur.network.APIResponse: 	at baseline.com.newsblur.service.NBSyncService$1.run(NBSyncService.java:188)
08-06 15:49:59.708 16505 17418 E baseline.com.newsblur.network.APIResponse: 	at java.util.concurrent.ThreadPoolExecutor.runWorker(ThreadPoolExecutor.java:1113)
08-06 15:49:59.708 16505 17418 E baseline.com.newsblur.network.APIResponse: 	at java.util.concurrent.ThreadPoolExecutor$Worker.run(ThreadPoolExecutor.java:588)
08-06 15:49:59.708 16505 17418 E baseline.com.newsblur.network.APIResponse: 	at java.lang.Thread.run(Thread.java:818)
08-06 15:49:59.708 16505 17418 E baseline.com.newsblur.network.APIResponse: Caused by: java.io.EOFException: \n not found: limit=0 content=
08-06 15:49:59.708 16505 17418 E baseline.com.newsblur.network.APIResponse: 	at okio.RealBufferedSource.readUtf8LineStrict(RealBufferedSource.java:240)
08-06 15:49:59.708 16505 17418 E baseline.com.newsblur.network.APIResponse: 	at okhttp3.internal.http1.Http1ExchangeCodec.readHeaderLine(Http1ExchangeCodec.java:242)
08-06 15:49:59.708 16505 17418 E baseline.com.newsblur.network.APIResponse: 	at okhttp3.internal.http1.Http1ExchangeCodec.readResponseHeaders(Http1ExchangeCodec.java:213)
08-06 15:49:59.708 16505 17418 E baseline.com.newsblur.network.APIResponse: 	... 30 more
08-06 15:49:59.711 16505 17418 I baseline.com.newsblur.network.APIManager: API call failed, pausing before retry number 2
08-06 15:49:59.726 16505 16516 I art     : Starting a blocking GC Explicit
08-06 15:49:59.811 16505 16516 I art     : Explicit concurrent mark sweep GC freed 1293(228KB) AllocSpace objects, 2(40KB) LOS objects, 27% free, 41MB/57MB, paused 2.663ms total 84.487ms
08-06 15:49:59.835 16505 16516 I art     : Starting a blocking GC Explicit
08-06 15:49:59.905 16505 16516 I art     : Explicit concurrent mark sweep GC freed 122(4KB) AllocSpace objects, 0(0B) LOS objects, 27% free, 41MB/57MB, paused 2.306ms total 69.883ms
08-06 15:49:59.905 16505 16515 I art     : WaitForGcToComplete blocked for 55.530ms for cause HeapTrim
08-06 15:50:00.341 16505 16766 I art     : Starting a blocking GC Explicit
08-06 15:50:00.425 16505 16766 I art     : Explicit concurrent mark sweep GC freed 1644(91KB) AllocSpace objects, 1(20KB) LOS objects, 27% free, 41MB/57MB, paused 2.449ms total 83.370ms
08-06 15:50:00.448 16505 16766 I art     : Starting a blocking GC Explicit
08-06 15:50:00.531 16505 16766 I art     : Explicit concurrent mark sweep GC freed 35(1216B) AllocSpace objects, 0(0B) LOS objects, 27% free, 41MB/57MB, paused 2.271ms total 82.549ms
08-06 15:50:00.555 16505 16766 I art     : Starting a blocking GC Explicit
08-06 15:50:00.629 16505 16766 I art     : Explicit concurrent mark sweep GC freed 15(480B) AllocSpace objects, 0(0B) LOS objects, 27% free, 41MB/57MB, paused 2.526ms total 74.214ms
08-06 15:50:00.652 16505 16766 I art     : Starting a blocking GC Explicit
08-06 15:50:00.722 16505 16766 I art     : Explicit concurrent mark sweep GC freed 14(448B) AllocSpace objects, 0(0B) LOS objects, 27% free, 41MB/57MB, paused 2.337ms total 69.858ms
08-06 15:50:00.744 16505 16766 I art     : Starting a blocking GC Explicit
08-06 15:50:00.817 16505 16766 I art     : Explicit concurrent mark sweep GC freed 14(448B) AllocSpace objects, 0(0B) LOS objects, 27% free, 41MB/57MB, paused 2.269ms total 72.810ms
08-06 15:50:01.177 18857 18857 D AndroidRuntime: >>>>>> START com.android.internal.os.RuntimeInit uid 2000 <<<<<<
08-06 15:50:01.183 18857 18857 D AndroidRuntime: CheckJNI is OFF
08-06 15:50:01.235 16505 16523 I art     : Starting a blocking GC Explicit
08-06 15:50:01.241 18857 18857 D ICU     : No timezone override file found: /data/misc/zoneinfo/current/icu/icu_tzdata.dat
08-06 15:50:01.291 18857 18857 I Radio-JNI: register_android_hardware_Radio DONE
08-06 15:50:01.311 16505 16523 I art     : Explicit concurrent mark sweep GC freed 1453(83KB) AllocSpace objects, 1(20KB) LOS objects, 27% free, 41MB/57MB, paused 2.325ms total 75.599ms
08-06 15:50:01.324 18857 18857 D AndroidRuntime: Calling main entry com.android.commands.am.Am
08-06 15:50:01.333 16505 16523 I art     : Starting a blocking GC Explicit
08-06 15:50:01.340   779   779 I Trepn   : Trepn 6.2s: Received intent: com.quicinc.trepn.stop_profiling
08-06 15:50:01.372   779   779 I Trepn   : Trepn 6.2s: Trepn has Stopped Profiling.
08-06 15:50:01.406 16505 16523 I art     : Explicit concurrent mark sweep GC freed 22(784B) AllocSpace objects, 0(0B) LOS objects, 27% free, 41MB/57MB, paused 2.249ms total 71.982ms
08-06 15:50:01.427 16505 16523 I art     : Starting a blocking GC Explicit
08-06 15:50:01.504 16505 16523 I art     : Explicit concurrent mark sweep GC freed 3(96B) AllocSpace objects, 0(0B) LOS objects, 27% free, 41MB/57MB, paused 2.467ms total 76.582ms
08-06 15:50:01.526 16505 16523 I art     : Starting a blocking GC Explicit
08-06 15:50:01.548 18857 18857 D AndroidRuntime: Shutting down VM
08-06 15:50:01.552   918  6111 W AppOps  : Finishing op nesting under-run: uid 10078 pkg com.quicinc.trepn code 24 time=0 duration=0 nesting=0
08-06 15:50:01.596 16505 16523 I art     : Explicit concurrent mark sweep GC freed 3(96B) AllocSpace objects, 0(0B) LOS objects, 27% free, 41MB/57MB, paused 1.942ms total 69.343ms
08-06 15:50:01.617 16505 16523 I art     : Starting a blocking GC Explicit
08-06 15:50:01.689 16505 16523 I art     : Explicit concurrent mark sweep GC freed 3(96B) AllocSpace objects, 0(0B) LOS objects, 27% free, 41MB/57MB, paused 2.594ms total 71.830ms
08-06 15:50:02.105 16505 16517 I art     : Starting a blocking GC Explicit
08-06 15:50:02.182 16505 16517 I art     : Explicit concurrent mark sweep GC freed 1444(83KB) AllocSpace objects, 1(20KB) LOS objects, 27% free, 41MB/57MB, paused 2.374ms total 76.492ms
08-06 15:50:02.204 16505 16517 I art     : Starting a blocking GC Explicit
08-06 15:50:02.278 16505 16517 I art     : Explicit concurrent mark sweep GC freed 22(784B) AllocSpace objects, 0(0B) LOS objects, 27% free, 41MB/57MB, paused 2.281ms total 73.513ms
08-06 15:50:02.299 16505 16517 I art     : Starting a blocking GC Explicit
08-06 15:50:02.373 16505 16517 I art     : Explicit concurrent mark sweep GC freed 3(96B) AllocSpace objects, 0(0B) LOS objects, 27% free, 41MB/57MB, paused 2.333ms total 73.058ms
08-06 15:50:02.395 16505 16517 I art     : Starting a blocking GC Explicit
08-06 15:50:02.465 16505 16517 I art     : Explicit concurrent mark sweep GC freed 3(96B) AllocSpace objects, 0(0B) LOS objects, 27% free, 41MB/57MB, paused 2.165ms total 69.725ms
08-06 15:50:02.487 16505 16517 I art     : Starting a blocking GC Explicit
08-06 15:50:02.555 16505 16517 I art     : Explicit concurrent mark sweep GC freed 3(96B) AllocSpace objects, 0(0B) LOS objects, 27% free, 41MB/57MB, paused 2.263ms total 68.237ms
08-06 15:50:03.474   918  3261 D WifiStateMachine: starting scan for "H369AA63323"WPA_PSK with 2412,5180
08-06 15:50:03.532 16505 17418 E baseline.com.newsblur.network.APIResponse: Error (unexpected end of stream on https://www.newsblur.com/...) calling https://www.newsblur.com/reader/mark_story_hashes_as_read/
08-06 15:50:03.532 16505 17418 E baseline.com.newsblur.network.APIResponse: java.io.IOException: unexpected end of stream on https://www.newsblur.com/...
08-06 15:50:03.532 16505 17418 E baseline.com.newsblur.network.APIResponse: 	at okhttp3.internal.http1.Http1ExchangeCodec.readResponseHeaders(Http1ExchangeCodec.java:236)
08-06 15:50:03.532 16505 17418 E baseline.com.newsblur.network.APIResponse: 	at okhttp3.internal.connection.Exchange.readResponseHeaders(Exchange.java:115)
08-06 15:50:03.532 16505 17418 E baseline.com.newsblur.network.APIResponse: 	at okhttp3.internal.http.CallServerInterceptor.intercept(CallServerInterceptor.java:94)
08-06 15:50:03.532 16505 17418 E baseline.com.newsblur.network.APIResponse: 	at okhttp3.internal.http.RealInterceptorChain.proceed(RealInterceptorChain.java:142)
08-06 15:50:03.532 16505 17418 E baseline.com.newsblur.network.APIResponse: 	at okhttp3.internal.connection.ConnectInterceptor.intercept(ConnectInterceptor.java:43)
08-06 15:50:03.532 16505 17418 E baseline.com.newsblur.network.APIResponse: 	at okhttp3.internal.http.RealInterceptorChain.proceed(RealInterceptorChain.java:142)
08-06 15:50:03.532 16505 17418 E baseline.com.newsblur.network.APIResponse: 	at okhttp3.internal.http.RealInterceptorChain.proceed(RealInterceptorChain.java:117)
08-06 15:50:03.532 16505 17418 E baseline.com.newsblur.network.APIResponse: 	at okhttp3.internal.cache.CacheInterceptor.intercept(CacheInterceptor.java:94)
08-06 15:50:03.532 16505 17418 E baseline.com.newsblur.network.APIResponse: 	at okhttp3.internal.http.RealInterceptorChain.proceed(RealInterceptorChain.java:142)
08-06 15:50:03.532 16505 17418 E baseline.com.newsblur.network.APIResponse: 	at okhttp3.internal.http.RealInterceptorChain.proceed(RealInterceptorChain.java:117)
08-06 15:50:03.532 16505 17418 E baseline.com.newsblur.network.APIResponse: 	at okhttp3.internal.http.BridgeInterceptor.intercept(BridgeInterceptor.java:93)
08-06 15:50:03.532 16505 17418 E baseline.com.newsblur.network.APIResponse: 	at okhttp3.internal.http.RealInterceptorChain.proceed(RealInterceptorChain.java:142)
08-06 15:50:03.532 16505 17418 E baseline.com.newsblur.network.APIResponse: 	at okhttp3.internal.http.RetryAndFollowUpInterceptor.intercept(RetryAndFollowUpInterceptor.java:88)
08-06 15:50:03.532 16505 17418 E baseline.com.newsblur.network.APIResponse: 	at okhttp3.internal.http.RealInterceptorChain.proceed(RealInterceptorChain.java:142)
08-06 15:50:03.532 16505 17418 E baseline.com.newsblur.network.APIResponse: 	at okhttp3.internal.http.RealInterceptorChain.proceed(RealInterceptorChain.java:117)
08-06 15:50:03.532 16505 17418 E baseline.com.newsblur.network.APIResponse: 	at okhttp3.RealCall.getResponseWithInterceptorChain(RealCall.java:229)
08-06 15:50:03.532 16505 17418 E baseline.com.newsblur.network.APIResponse: 	at okhttp3.RealCall.execute(RealCall.java:81)
08-06 15:50:03.532 16505 17418 E baseline.com.newsblur.network.APIResponse: 	at baseline.com.newsblur.network.APIResponse.<init>(APIResponse.java:57)
08-06 15:50:03.532 16505 17418 E baseline.com.newsblur.network.APIResponse: 	at baseline.com.newsblur.network.APIResponse.<init>(APIResponse.java:43)
08-06 15:50:03.532 16505 17418 E baseline.com.newsblur.network.APIResponse: 	at baseline.com.newsblur.network.APIManager.post_single(APIManager.java:702)
08-06 15:50:03.532 16505 17418 E baseline.com.newsblur.network.APIResponse: 	at baseline.com.newsblur.network.APIManager.post(APIManager.java:675)
08-06 15:50:03.532 16505 17418 E baseline.com.newsblur.network.APIResponse: 	at baseline.com.newsblur.network.APIManager.post(APIManager.java:714)
08-06 15:50:03.532 16505 17418 E baseline.com.newsblur.network.APIResponse: 	at baseline.com.newsblur.network.APIManager.markStoryAsRead(APIManager.java:205)
08-06 15:50:03.532 16505 17418 E baseline.com.newsblur.network.APIResponse: 	at baseline.com.newsblur.util.ReadingAction.doRemote(ReadingAction.java:281)
08-06 15:50:03.532 16505 17418 E baseline.com.newsblur.network.APIResponse: 	at baseline.com.newsblur.service.NBSyncService.syncActions(NBSyncService.java:400)
08-06 15:50:03.532 16505 17418 E baseline.com.newsblur.network.APIResponse: 	at baseline.com.newsblur.service.NBSyncService.doSync(NBSyncService.java:298)
08-06 15:50:03.532 16505 17418 E baseline.com.newsblur.network.APIResponse: 	at baseline.com.newsblur.service.NBSyncService.access$100(NBSyncService.java:67)
08-06 15:50:03.532 16505 17418 E baseline.com.newsblur.network.APIResponse: 	at baseline.com.newsblur.service.NBSyncService$1.run(NBSyncService.java:188)
08-06 15:50:03.532 16505 17418 E baseline.com.newsblur.network.APIResponse: 	at java.util.concurrent.ThreadPoolExecutor.runWorker(ThreadPoolExecutor.java:1113)
08-06 15:50:03.532 16505 17418 E baseline.com.newsblur.network.APIResponse: 	at java.util.concurrent.ThreadPoolExecutor$Worker.run(ThreadPoolExecutor.java:588)
08-06 15:50:03.532 16505 17418 E baseline.com.newsblur.network.APIResponse: 	at java.lang.Thread.run(Thread.java:818)
08-06 15:50:03.532 16505 17418 E baseline.com.newsblur.network.APIResponse: Caused by: java.io.EOFException: \n not found: limit=0 content=
08-06 15:50:03.532 16505 17418 E baseline.com.newsblur.network.APIResponse: 	at okio.RealBufferedSource.readUtf8LineStrict(RealBufferedSource.java:240)
08-06 15:50:03.532 16505 17418 E baseline.com.newsblur.network.APIResponse: 	at okhttp3.internal.http1.Http1ExchangeCodec.readHeaderLine(Http1ExchangeCodec.java:242)
08-06 15:50:03.532 16505 17418 E baseline.com.newsblur.network.APIResponse: 	at okhttp3.internal.http1.Http1ExchangeCodec.readResponseHeaders(Http1ExchangeCodec.java:213)
08-06 15:50:03.532 16505 17418 E baseline.com.newsblur.network.APIResponse: 	... 30 more
08-06 15:50:03.533 16505 17418 I baseline.com.newsblur.service.NBSyncService: Holding reading action with server-side or network error.
08-06 15:50:03.534 16505 17418 E SQLiteLog: (1032) statement aborts at 16: [UPDATE story_actions SET tried = tried + 1 WHERE _id = ?] 
08-06 15:50:03.537 16505 17418 E baseline.com.newsblur.service.NBSyncService: Sync error.
08-06 15:50:03.537 16505 17418 E baseline.com.newsblur.service.NBSyncService: android.database.sqlite.SQLiteReadOnlyDatabaseException: attempt to write a readonly database (code 1032)
08-06 15:50:03.537 16505 17418 E baseline.com.newsblur.service.NBSyncService: 	at android.database.sqlite.SQLiteConnection.nativeExecuteForChangedRowCount(Native Method)
08-06 15:50:03.537 16505 17418 E baseline.com.newsblur.service.NBSyncService: 	at android.database.sqlite.SQLiteConnection.executeForChangedRowCount(SQLiteConnection.java:732)
08-06 15:50:03.537 16505 17418 E baseline.com.newsblur.service.NBSyncService: 	at android.database.sqlite.SQLiteSession.executeForChangedRowCount(SQLiteSession.java:754)
08-06 15:50:03.537 16505 17418 E baseline.com.newsblur.service.NBSyncService: 	at android.database.sqlite.SQLiteStatement.executeUpdateDelete(SQLiteStatement.java:64)
08-06 15:50:03.537 16505 17418 E baseline.com.newsblur.service.NBSyncService: 	at android.database.sqlite.SQLiteDatabase.executeSql(SQLiteDatabase.java:1676)
08-06 15:50:03.537 16505 17418 E baseline.com.newsblur.service.NBSyncService: 	at android.database.sqlite.SQLiteDatabase.execSQL(SQLiteDatabase.java:1655)
08-06 15:50:03.537 16505 17418 E baseline.com.newsblur.service.NBSyncService: 	at baseline.com.newsblur.database.BlurDatabaseHelper.incrementActionTried(BlurDatabaseHelper.java:876)
08-06 15:50:03.537 16505 17418 E baseline.com.newsblur.service.NBSyncService: 	at baseline.com.newsblur.service.NBSyncService.syncActions(NBSyncService.java:408)
08-06 15:50:03.537 16505 17418 E baseline.com.newsblur.service.NBSyncService: 	at baseline.com.newsblur.service.NBSyncService.doSync(NBSyncService.java:298)
08-06 15:50:03.537 16505 17418 E baseline.com.newsblur.service.NBSyncService: 	at baseline.com.newsblur.service.NBSyncService.access$100(NBSyncService.java:67)
08-06 15:50:03.537 16505 17418 E baseline.com.newsblur.service.NBSyncService: 	at baseline.com.newsblur.service.NBSyncService$1.run(NBSyncService.java:188)
08-06 15:50:03.537 16505 17418 E baseline.com.newsblur.service.NBSyncService: 	at java.util.concurrent.ThreadPoolExecutor.runWorker(ThreadPoolExecutor.java:1113)
08-06 15:50:03.537 16505 17418 E baseline.com.newsblur.service.NBSyncService: 	at java.util.concurrent.ThreadPoolExecutor$Worker.run(ThreadPoolExecutor.java:588)
08-06 15:50:03.537 16505 17418 E baseline.com.newsblur.service.NBSyncService: 	at java.lang.Thread.run(Thread.java:818)
08-06 15:50:04.009 16505 17418 E baseline.com.newsblur.network.APIResponse: Error (unexpected end of stream on https://www.newsblur.com/...) calling https://www.newsblur.com/reader/mark_story_hashes_as_read/
08-06 15:50:04.009 16505 17418 E baseline.com.newsblur.network.APIResponse: java.io.IOException: unexpected end of stream on https://www.newsblur.com/...
08-06 15:50:04.009 16505 17418 E baseline.com.newsblur.network.APIResponse: 	at okhttp3.internal.http1.Http1ExchangeCodec.readResponseHeaders(Http1ExchangeCodec.java:236)
08-06 15:50:04.009 16505 17418 E baseline.com.newsblur.network.APIResponse: 	at okhttp3.internal.connection.Exchange.readResponseHeaders(Exchange.java:115)
08-06 15:50:04.009 16505 17418 E baseline.com.newsblur.network.APIResponse: 	at okhttp3.internal.http.CallServerInterceptor.intercept(CallServerInterceptor.java:94)
08-06 15:50:04.009 16505 17418 E baseline.com.newsblur.network.APIResponse: 	at okhttp3.internal.http.RealInterceptorChain.proceed(RealInterceptorChain.java:142)
08-06 15:50:04.009 16505 17418 E baseline.com.newsblur.network.APIResponse: 	at okhttp3.internal.connection.ConnectInterceptor.intercept(ConnectInterceptor.java:43)
08-06 15:50:04.009 16505 17418 E baseline.com.newsblur.network.APIResponse: 	at okhttp3.internal.http.RealInterceptorChain.proceed(RealInterceptorChain.java:142)
08-06 15:50:04.009 16505 17418 E baseline.com.newsblur.network.APIResponse: 	at okhttp3.internal.http.RealInterceptorChain.proceed(RealInterceptorChain.java:117)
08-06 15:50:04.009 16505 17418 E baseline.com.newsblur.network.APIResponse: 	at okhttp3.internal.cache.CacheInterceptor.intercept(CacheInterceptor.java:94)
08-06 15:50:04.009 16505 17418 E baseline.com.newsblur.network.APIResponse: 	at okhttp3.internal.http.RealInterceptorChain.proceed(RealInterceptorChain.java:142)
08-06 15:50:04.009 16505 17418 E baseline.com.newsblur.network.APIResponse: 	at okhttp3.internal.http.RealInterceptorChain.proceed(RealInterceptorChain.java:117)
08-06 15:50:04.009 16505 17418 E baseline.com.newsblur.network.APIResponse: 	at okhttp3.internal.http.BridgeInterceptor.intercept(BridgeInterceptor.java:93)
08-06 15:50:04.009 16505 17418 E baseline.com.newsblur.network.APIResponse: 	at okhttp3.internal.http.RealInterceptorChain.proceed(RealInterceptorChain.java:142)
08-06 15:50:04.009 16505 17418 E baseline.com.newsblur.network.APIResponse: 	at okhttp3.internal.http.RetryAndFollowUpInterceptor.intercept(RetryAndFollowUpInterceptor.java:88)
08-06 15:50:04.009 16505 17418 E baseline.com.newsblur.network.APIResponse: 	at okhttp3.internal.http.RealInterceptorChain.proceed(RealInterceptorChain.java:142)
08-06 15:50:04.009 16505 17418 E baseline.com.newsblur.network.APIResponse: 	at okhttp3.internal.http.RealInterceptorChain.proceed(RealInterceptorChain.java:117)
08-06 15:50:04.009 16505 17418 E baseline.com.newsblur.network.APIResponse: 	at okhttp3.RealCall.getResponseWithInterceptorChain(RealCall.java:229)
08-06 15:50:04.009 16505 17418 E baseline.com.newsblur.network.APIResponse: 	at okhttp3.RealCall.execute(RealCall.java:81)
08-06 15:50:04.009 16505 17418 E baseline.com.newsblur.network.APIResponse: 	at baseline.com.newsblur.network.APIResponse.<init>(APIResponse.java:57)
08-06 15:50:04.009 16505 17418 E baseline.com.newsblur.network.APIResponse: 	at baseline.com.newsblur.network.APIResponse.<init>(APIResponse.java:43)
08-06 15:50:04.009 16505 17418 E baseline.com.newsblur.network.APIResponse: 	at baseline.com.newsblur.network.APIManager.post_single(APIManager.java:702)
08-06 15:50:04.009 16505 17418 E baseline.com.newsblur.network.APIResponse: 	at baseline.com.newsblur.network.APIManager.post(APIManager.java:675)
08-06 15:50:04.009 16505 17418 E baseline.com.newsblur.network.APIResponse: 	at baseline.com.newsblur.network.APIManager.post(APIManager.java:714)
08-06 15:50:04.009 16505 17418 E baseline.com.newsblur.network.APIResponse: 	at baseline.com.newsblur.network.APIManager.markStoryAsRead(APIManager.java:205)
08-06 15:50:04.009 16505 17418 E baseline.com.newsblur.network.APIResponse: 	at baseline.com.newsblur.util.ReadingAction.doRemote(ReadingAction.java:281)
08-06 15:50:04.009 16505 17418 E baseline.com.newsblur.network.APIResponse: 	at baseline.com.newsblur.service.NBSyncService.syncActions(NBSyncService.java:400)
08-06 15:50:04.009 16505 17418 E baseline.com.newsblur.network.APIResponse: 	at baseline.com.newsblur.service.NBSyncService.doSync(NBSyncService.java:298)
08-06 15:50:04.009 16505 17418 E baseline.com.newsblur.network.APIResponse: 	at baseline.com.newsblur.service.NBSyncService.access$100(NBSyncService.java:67)
08-06 15:50:04.009 16505 17418 E baseline.com.newsblur.network.APIResponse: 	at baseline.com.newsblur.service.NBSyncService$1.run(NBSyncService.java:188)
08-06 15:50:04.009 16505 17418 E baseline.com.newsblur.network.APIResponse: 	at java.util.concurrent.ThreadPoolExecutor.runWorker(ThreadPoolExecutor.java:1113)
08-06 15:50:04.009 16505 17418 E baseline.com.newsblur.network.APIResponse: 	at java.util.concurrent.ThreadPoolExecutor$Worker.run(ThreadPoolExecutor.java:588)
08-06 15:50:04.009 16505 17418 E baseline.com.newsblur.network.APIResponse: 	at java.lang.Thread.run(Thread.java:818)
08-06 15:50:04.009 16505 17418 E baseline.com.newsblur.network.APIResponse: Caused by: java.io.EOFException: \n not found: limit=0 content=
08-06 15:50:04.009 16505 17418 E baseline.com.newsblur.network.APIResponse: 	at okio.RealBufferedSource.readUtf8LineStrict(RealBufferedSource.java:240)
08-06 15:50:04.009 16505 17418 E baseline.com.newsblur.network.APIResponse: 	at okhttp3.internal.http1.Http1ExchangeCodec.readHeaderLine(Http1ExchangeCodec.java:242)
08-06 15:50:04.009 16505 17418 E baseline.com.newsblur.network.APIResponse: 	at okhttp3.internal.http1.Http1ExchangeCodec.readResponseHeaders(Http1ExchangeCodec.java:213)
08-06 15:50:04.009 16505 17418 E baseline.com.newsblur.network.APIResponse: 	... 30 more
08-06 15:50:04.010 16505 17418 I baseline.com.newsblur.network.APIManager: API call failed, pausing before retry number 1
08-06 15:50:04.433   518   646 I ThermalEngine: ACTION: GPU - Setting GPU[0] to 450000000
