--------- beginning of main
08-06 04:36:15.508   918  3261 D WifiStateMachine: starting scan for "H369AA63323"WPA_PSK with 2412,5180
08-06 04:36:16.239 23351 23351 D AndroidRuntime: >>>>>> START com.android.internal.os.RuntimeInit uid 2000 <<<<<<
08-06 04:36:16.246 23351 23351 D AndroidRuntime: CheckJNI is OFF
08-06 04:36:16.285 23351 23351 D ICU     : No timezone override file found: /data/misc/zoneinfo/current/icu/icu_tzdata.dat
08-06 04:36:16.317 23351 23351 I Radio-JNI: register_android_hardware_Radio DONE
08-06 04:36:16.334 23351 23351 D AndroidRuntime: Calling main entry com.android.commands.monkey.Monkey
--------- beginning of system
08-06 04:36:16.351   918   931 W BroadcastQueue: Skipping deliver [background] BroadcastRecord{400596c u-1 android.net.conn.CONNECTIVITY_CHANGE} to ReceiverList{4ed2b35 23351 (unknown name)/2000/u-1 remote:e1941be}: process crashing
08-06 04:36:16.361   918  3961 I ActivityManager: START u0 {act=android.intent.action.MAIN cat=[android.intent.category.LAUNCHER] flg=0x10200000 cmp=baseline.com.newsblur/.activity.InitActivity} from uid 2000 on display 0
08-06 04:36:16.376   918   932 I sensors : batch
08-06 04:36:16.389   918  3188 I hubconnection: sensorhub said: 'batch 31 flags:0, sampling_rate_Hz:15.00, max_report_latency_us:0'
08-06 04:36:16.408 23351 23351 I art     : System.exit called, status: 0
08-06 04:36:16.408 23351 23351 I AndroidRuntime: VM exiting with result code 0.
08-06 04:36:16.409   918   932 I sensors : flush
08-06 04:36:16.417   918  3188 I hubconnection: sensorhub said: 'flush 31'
08-06 04:36:16.417   918  3188 I hubconnection: saw sensor 31 flushed
08-06 04:36:16.462 23322 23322 I baseline.com.newsblur.activity.InitActivity: cold launching version 9.0b1
08-06 04:36:16.469 16458  6583 I PBSessionCacheImpl: Deleted sessionId[72384646105454640] from persistence.
08-06 04:36:16.473 23322 23366 D OpenGLRenderer: Use EGL_SWAP_BEHAVIOR_PRESERVED: true
08-06 04:36:16.474 16458 16488 W SearchServiceCore: Abort, client detached.
08-06 04:36:16.475 16458 16488 I MicroDetectionState: Should stop hotword detection immediately - true
08-06 04:36:16.509 23322 23366 I Adreno  : QUALCOMM build                   : fcf4852, I1af360237c
08-06 04:36:16.509 23322 23366 I Adreno  : Build Date                       : 09/23/15
08-06 04:36:16.509 23322 23366 I Adreno  : OpenGL ES Shader Compiler Version: XE031.05.13.02
08-06 04:36:16.509 23322 23366 I Adreno  : Local Branch                     : mybranch14465806
08-06 04:36:16.509 23322 23366 I Adreno  : Remote Branch                    : quic/LA.BF64.1.2.9_v2
08-06 04:36:16.509 23322 23366 I Adreno  : Remote Branch                    : NONE
08-06 04:36:16.509 23322 23366 I Adreno  : Reconstruct Branch               : NOTHING
08-06 04:36:16.515 23322 23366 I OpenGLRenderer: Initialized EGL, version 1.4
08-06 04:36:16.542 13866 13866 I GoogleInputMethodServic: GoogleInputMethodService.onFinishInput():3138 
08-06 04:36:16.543 13866 13866 I GoogleInputMethodServic: GoogleInputMethodService.onStartInput():1808 
08-06 04:36:16.557   918  3961 I ActivityManager: START u0 {cmp=baseline.com.newsblur/.activity.Main} from uid 10698 on display 0
08-06 04:36:16.691 23322 23322 I art     : Rejecting re-init on previously-failed class java.lang.Class<androidx.core.view.ViewCompat$OnUnhandledKeyEventListenerWrapper>
08-06 04:36:16.692 23322 23322 I art     : Rejecting re-init on previously-failed class java.lang.Class<androidx.core.view.ViewCompat$OnUnhandledKeyEventListenerWrapper>
08-06 04:36:16.722 23322 23322 E BitmapFactory: Unable to decode stream: java.io.FileNotFoundException: /data/user/0/baseline.com.newsblur/cache/userProfilePicture: open failed: ENOENT (No such file or directory)
08-06 04:36:16.963   918   936 I ActivityManager: Displayed baseline.com.newsblur/.activity.Main: +335ms (total +594ms)
08-06 04:36:16.963 13866 13866 I GoogleInputMethodServic: GoogleInputMethodService.onFinishInput():3138 
08-06 04:36:16.965 13866 13866 I GoogleInputMethodServic: GoogleInputMethodService.onStartInput():1808 
08-06 04:36:17.985 23396 23396 D AndroidRuntime: >>>>>> START com.android.internal.os.RuntimeInit uid 2000 <<<<<<
08-06 04:36:17.993 23396 23396 D AndroidRuntime: CheckJNI is OFF
08-06 04:36:18.019 23396 23396 D ICU     : No timezone override file found: /data/misc/zoneinfo/current/icu/icu_tzdata.dat
08-06 04:36:18.054 23396 23396 I Radio-JNI: register_android_hardware_Radio DONE
08-06 04:36:18.071 23396 23396 D AndroidRuntime: Calling main entry com.android.commands.am.Am
08-06 04:36:18.078  3167  3167 I Trepn   : Trepn 6.2s: Received intent: com.quicinc.trepn.start_profiling
08-06 04:36:18.249  3167  3167 W FileUtils: Failed to chmod(/storage/emulated/0/trepn/Trepn_2020.08.06_043618.db): android.system.ErrnoException: chmod failed: EPERM (Operation not permitted)
08-06 04:36:18.360   918  3188 I hubconnection: sensorhub said: 'set_bias 3: -4.9536, 0.0000, 0.0000'
08-06 04:36:18.422  3167  3167 I Trepn   : Trepn 6.2s: Trepn has Started Profiling.
08-06 04:36:18.424 23396 23396 D AndroidRuntime: Shutting down VM
08-06 04:36:18.827   918  1210 D NetlinkSocketObserver: NeighborEvent{elapsedMs=1835182702, 192.168.2.254, [7C3953A63323], RTM_NEWNEIGH, NUD_PROBE}
08-06 04:36:18.910 23322 23337 I art     : Starting a blocking GC Explicit
08-06 04:36:18.932 23322 23337 I art     : Explicit concurrent mark sweep GC freed 13558(948KB) AllocSpace objects, 25(680KB) LOS objects, 38% free, 25MB/41MB, paused 193us total 21.493ms
08-06 04:36:18.945 23322 23337 I art     : Starting a blocking GC Explicit
08-06 04:36:18.958 23322 23337 I art     : Explicit concurrent mark sweep GC freed 1157(67KB) AllocSpace objects, 0(0B) LOS objects, 38% free, 25MB/41MB, paused 194us total 12.892ms
08-06 04:36:18.964 23322 23337 I art     : Starting a blocking GC Explicit
08-06 04:36:18.975 23322 23337 I art     : Explicit concurrent mark sweep GC freed 3(96B) AllocSpace objects, 0(0B) LOS objects, 38% free, 25MB/41MB, paused 167us total 10.582ms
08-06 04:36:18.980 23322 23337 I art     : Starting a blocking GC Explicit
08-06 04:36:18.991 23322 23337 I art     : Explicit concurrent mark sweep GC freed 3(96B) AllocSpace objects, 0(0B) LOS objects, 38% free, 25MB/41MB, paused 171us total 10.473ms
08-06 04:36:18.997 23322 23337 I art     : Starting a blocking GC Explicit
08-06 04:36:19.008 23322 23337 I art     : Explicit concurrent mark sweep GC freed 3(96B) AllocSpace objects, 0(0B) LOS objects, 38% free, 25MB/41MB, paused 172us total 10.671ms
08-06 04:36:19.313 23322 23384 I art     : Starting a blocking GC Explicit
08-06 04:36:19.330 23322 23384 I art     : Explicit concurrent mark sweep GC freed 1390(80KB) AllocSpace objects, 1(20KB) LOS objects, 38% free, 25MB/41MB, paused 209us total 16.242ms
08-06 04:36:19.339 23322 23384 I art     : Starting a blocking GC Explicit
08-06 04:36:19.353 23322 23384 I art     : Explicit concurrent mark sweep GC freed 20(704B) AllocSpace objects, 0(0B) LOS objects, 38% free, 25MB/41MB, paused 187us total 13.170ms
08-06 04:36:19.364 23322 23384 I art     : Starting a blocking GC Explicit
08-06 04:36:19.375 23322 23384 I art     : Explicit concurrent mark sweep GC freed 3(96B) AllocSpace objects, 0(0B) LOS objects, 38% free, 25MB/41MB, paused 152us total 10.506ms
08-06 04:36:19.381 23322 23384 I art     : Starting a blocking GC Explicit
08-06 04:36:19.391 23322 23384 I art     : Explicit concurrent mark sweep GC freed 3(96B) AllocSpace objects, 0(0B) LOS objects, 38% free, 25MB/41MB, paused 152us total 9.883ms
08-06 04:36:19.397 23322 23384 I art     : Starting a blocking GC Explicit
08-06 04:36:19.406 23322 23384 I art     : Explicit concurrent mark sweep GC freed 3(96B) AllocSpace objects, 0(0B) LOS objects, 38% free, 25MB/41MB, paused 144us total 9.293ms
08-06 04:36:19.671 23322 23336 I art     : Starting a blocking GC Explicit
08-06 04:36:19.687 23322 23336 I art     : Explicit concurrent mark sweep GC freed 1380(80KB) AllocSpace objects, 1(20KB) LOS objects, 38% free, 25MB/41MB, paused 356us total 15.696ms
08-06 04:36:19.697 23322 23336 I art     : Starting a blocking GC Explicit
08-06 04:36:19.711 23322 23336 I art     : Explicit concurrent mark sweep GC freed 20(704B) AllocSpace objects, 0(0B) LOS objects, 38% free, 25MB/41MB, paused 180us total 13.578ms
08-06 04:36:19.719 23322 23336 I art     : Starting a blocking GC Explicit
08-06 04:36:19.730 23322 23336 I art     : Explicit concurrent mark sweep GC freed 3(96B) AllocSpace objects, 0(0B) LOS objects, 38% free, 25MB/41MB, paused 165us total 11.083ms
08-06 04:36:19.737 23322 23336 I art     : Starting a blocking GC Explicit
08-06 04:36:19.748 23322 23336 I art     : Explicit concurrent mark sweep GC freed 3(96B) AllocSpace objects, 0(0B) LOS objects, 38% free, 25MB/41MB, paused 161us total 10.661ms
08-06 04:36:19.754 23322 23336 I art     : Starting a blocking GC Explicit
08-06 04:36:19.765 23322 23336 I art     : Explicit concurrent mark sweep GC freed 3(96B) AllocSpace objects, 0(0B) LOS objects, 38% free, 25MB/41MB, paused 161us total 10.569ms
08-06 04:36:20.087 23322 23337 I art     : Starting a blocking GC Explicit
08-06 04:36:20.107 23322 23337 I art     : Explicit concurrent mark sweep GC freed 1378(80KB) AllocSpace objects, 1(20KB) LOS objects, 38% free, 25MB/41MB, paused 249us total 19.582ms
08-06 04:36:20.116 23322 23337 I art     : Starting a blocking GC Explicit
08-06 04:36:20.128 23322 23337 I art     : Explicit concurrent mark sweep GC freed 20(704B) AllocSpace objects, 0(0B) LOS objects, 38% free, 25MB/41MB, paused 172us total 11.774ms
08-06 04:36:20.134 23322 23337 I art     : Starting a blocking GC Explicit
08-06 04:36:20.145 23322 23337 I art     : Explicit concurrent mark sweep GC freed 3(96B) AllocSpace objects, 0(0B) LOS objects, 38% free, 25MB/41MB, paused 167us total 11.042ms
08-06 04:36:20.151 23322 23337 I art     : Starting a blocking GC Explicit
08-06 04:36:20.162 23322 23337 I art     : Explicit concurrent mark sweep GC freed 3(96B) AllocSpace objects, 0(0B) LOS objects, 38% free, 25MB/41MB, paused 167us total 10.749ms
08-06 04:36:20.168 23322 23337 I art     : Starting a blocking GC Explicit
08-06 04:36:20.180 23322 23337 I art     : Explicit concurrent mark sweep GC freed 3(96B) AllocSpace objects, 0(0B) LOS objects, 38% free, 25MB/41MB, paused 168us total 10.867ms
08-06 04:36:20.479 23322 23384 I art     : Starting a blocking GC Explicit
08-06 04:36:20.496 23322 23384 I art     : Explicit concurrent mark sweep GC freed 1378(80KB) AllocSpace objects, 1(20KB) LOS objects, 38% free, 25MB/41MB, paused 223us total 16.211ms
08-06 04:36:20.507 23322 23384 I art     : Starting a blocking GC Explicit
08-06 04:36:20.521 23322 23384 I art     : Explicit concurrent mark sweep GC freed 20(704B) AllocSpace objects, 0(0B) LOS objects, 38% free, 25MB/41MB, paused 185us total 13.833ms
08-06 04:36:20.529 23322 23384 I art     : Starting a blocking GC Explicit
08-06 04:36:20.540 23322 23384 I art     : Explicit concurrent mark sweep GC freed 3(96B) AllocSpace objects, 0(0B) LOS objects, 38% free, 25MB/41MB, paused 171us total 11.107ms
08-06 04:36:20.546 23322 23384 I art     : Starting a blocking GC Explicit
08-06 04:36:20.558 23322 23384 I art     : Explicit concurrent mark sweep GC freed 3(96B) AllocSpace objects, 0(0B) LOS objects, 38% free, 25MB/41MB, paused 171us total 10.963ms
08-06 04:36:20.564 23322 23384 I art     : Starting a blocking GC Explicit
08-06 04:36:20.575 23322 23384 I art     : Explicit concurrent mark sweep GC freed 3(96B) AllocSpace objects, 0(0B) LOS objects, 38% free, 25MB/41MB, paused 169us total 11.163ms
08-06 04:36:20.878 23322 23336 I art     : Starting a blocking GC Explicit
08-06 04:36:20.892 23322 23336 I art     : Explicit concurrent mark sweep GC freed 1378(80KB) AllocSpace objects, 1(20KB) LOS objects, 38% free, 25MB/41MB, paused 203us total 13.529ms
08-06 04:36:20.899 23322 23336 I art     : Starting a blocking GC Explicit
08-06 04:36:20.910 23322 23336 I art     : Explicit concurrent mark sweep GC freed 20(704B) AllocSpace objects, 0(0B) LOS objects, 38% free, 25MB/41MB, paused 169us total 11.449ms
08-06 04:36:20.917 23322 23336 I art     : Starting a blocking GC Explicit
08-06 04:36:20.928 23322 23336 I art     : Explicit concurrent mark sweep GC freed 3(96B) AllocSpace objects, 0(0B) LOS objects, 38% free, 25MB/41MB, paused 168us total 10.946ms
08-06 04:36:20.934 23322 23336 I art     : Starting a blocking GC Explicit
08-06 04:36:20.945 23322 23336 I art     : Explicit concurrent mark sweep GC freed 3(96B) AllocSpace objects, 0(0B) LOS objects, 38% free, 25MB/41MB, paused 150us total 10.784ms
08-06 04:36:20.951 23322 23336 I art     : Starting a blocking GC Explicit
08-06 04:36:20.962 23322 23336 I art     : Explicit concurrent mark sweep GC freed 3(96B) AllocSpace objects, 0(0B) LOS objects, 38% free, 25MB/41MB, paused 150us total 10.738ms
08-06 04:36:21.269 23322 23337 I art     : Starting a blocking GC Explicit
08-06 04:36:21.282 23322 23337 I art     : Explicit concurrent mark sweep GC freed 1378(80KB) AllocSpace objects, 1(20KB) LOS objects, 38% free, 25MB/41MB, paused 224us total 13.396ms
08-06 04:36:21.289 23322 23337 I art     : Starting a blocking GC Explicit
08-06 04:36:21.301 23322 23337 I art     : Explicit concurrent mark sweep GC freed 20(704B) AllocSpace objects, 0(0B) LOS objects, 38% free, 25MB/41MB, paused 168us total 11.113ms
08-06 04:36:21.307 23322 23337 I art     : Starting a blocking GC Explicit
08-06 04:36:21.318 23322 23337 I art     : Explicit concurrent mark sweep GC freed 3(96B) AllocSpace objects, 0(0B) LOS objects, 38% free, 25MB/41MB, paused 171us total 10.939ms
08-06 04:36:21.325 23322 23337 I art     : Starting a blocking GC Explicit
08-06 04:36:21.336 23322 23337 I art     : Explicit concurrent mark sweep GC freed 3(96B) AllocSpace objects, 0(0B) LOS objects, 38% free, 25MB/41MB, paused 167us total 10.418ms
08-06 04:36:21.341 23322 23337 I art     : Starting a blocking GC Explicit
08-06 04:36:21.352 23322 23337 I art     : Explicit concurrent mark sweep GC freed 3(96B) AllocSpace objects, 0(0B) LOS objects, 38% free, 25MB/41MB, paused 168us total 10.386ms
08-06 04:36:21.659 23322 23384 I art     : Starting a blocking GC Explicit
08-06 04:36:21.679 23322 23384 I art     : Explicit concurrent mark sweep GC freed 1378(80KB) AllocSpace objects, 1(20KB) LOS objects, 38% free, 25MB/41MB, paused 223us total 19.081ms
08-06 04:36:21.687 23322 23384 I art     : Waiting for a blocking GC Explicit
08-06 04:36:21.687 23322 23384 I art     : Starting a blocking GC Explicit
08-06 04:36:21.699 23322 23384 I art     : Explicit concurrent mark sweep GC freed 20(704B) AllocSpace objects, 0(0B) LOS objects, 38% free, 25MB/41MB, paused 168us total 11.482ms
08-06 04:36:21.705 23322 23384 I art     : Starting a blocking GC Explicit
08-06 04:36:21.716 23322 23384 I art     : Explicit concurrent mark sweep GC freed 3(96B) AllocSpace objects, 0(0B) LOS objects, 38% free, 25MB/41MB, paused 170us total 10.568ms
08-06 04:36:21.722 23322 23384 I art     : Starting a blocking GC Explicit
08-06 04:36:21.732 23322 23384 I art     : Explicit concurrent mark sweep GC freed 3(96B) AllocSpace objects, 0(0B) LOS objects, 38% free, 25MB/41MB, paused 165us total 10.221ms
08-06 04:36:21.738 23322 23384 I art     : Starting a blocking GC Explicit
08-06 04:36:21.749 23322 23384 I art     : Explicit concurrent mark sweep GC freed 3(96B) AllocSpace objects, 0(0B) LOS objects, 38% free, 25MB/41MB, paused 164us total 10.491ms
08-06 04:36:22.048 23322 23336 I art     : Starting a blocking GC Explicit
08-06 04:36:22.062 23322 23336 I art     : Explicit concurrent mark sweep GC freed 1378(80KB) AllocSpace objects, 1(20KB) LOS objects, 38% free, 25MB/41MB, paused 171us total 13.148ms
08-06 04:36:22.068 23322 23336 I art     : Starting a blocking GC Explicit
08-06 04:36:22.082 23322 23336 I art     : Explicit concurrent mark sweep GC freed 20(704B) AllocSpace objects, 0(0B) LOS objects, 38% free, 25MB/41MB, paused 175us total 13.262ms
08-06 04:36:22.092 23322 23336 I art     : Starting a blocking GC Explicit
08-06 04:36:22.103 23322 23336 I art     : Explicit concurrent mark sweep GC freed 3(96B) AllocSpace objects, 0(0B) LOS objects, 38% free, 25MB/41MB, paused 155us total 11.119ms
08-06 04:36:22.109 23322 23336 I art     : Starting a blocking GC Explicit
08-06 04:36:22.120 23322 23336 I art     : Explicit concurrent mark sweep GC freed 3(96B) AllocSpace objects, 0(0B) LOS objects, 38% free, 25MB/41MB, paused 158us total 10.753ms
08-06 04:36:22.126 23322 23336 I art     : Starting a blocking GC Explicit
08-06 04:36:22.137 23322 23336 I art     : Explicit concurrent mark sweep GC freed 3(96B) AllocSpace objects, 0(0B) LOS objects, 38% free, 25MB/41MB, paused 156us total 10.891ms
08-06 04:36:22.402 23322 23337 I art     : Starting a blocking GC Explicit
08-06 04:36:22.414 23322 23337 I art     : Explicit concurrent mark sweep GC freed 1378(80KB) AllocSpace objects, 1(20KB) LOS objects, 38% free, 25MB/41MB, paused 193us total 12.108ms
08-06 04:36:22.421 23322 23337 I art     : Starting a blocking GC Explicit
08-06 04:36:22.433 23322 23337 I art     : Explicit concurrent mark sweep GC freed 20(704B) AllocSpace objects, 0(0B) LOS objects, 38% free, 25MB/41MB, paused 171us total 11.246ms
08-06 04:36:22.439 23322 23337 I art     : Starting a blocking GC Explicit
08-06 04:36:22.450 23322 23337 I art     : Explicit concurrent mark sweep GC freed 3(96B) AllocSpace objects, 0(0B) LOS objects, 38% free, 25MB/41MB, paused 153us total 10.381ms
08-06 04:36:22.456 23322 23337 I art     : Starting a blocking GC Explicit
08-06 04:36:22.466 23322 23337 I art     : Explicit concurrent mark sweep GC freed 3(96B) AllocSpace objects, 0(0B) LOS objects, 38% free, 25MB/41MB, paused 157us total 9.714ms
08-06 04:36:22.471 23322 23337 I art     : Starting a blocking GC Explicit
08-06 04:36:22.481 23322 23337 I art     : Explicit concurrent mark sweep GC freed 3(96B) AllocSpace objects, 0(0B) LOS objects, 38% free, 25MB/41MB, paused 158us total 9.699ms
08-06 04:36:22.649 22366 22366 I ServiceManager: Waiting for service AtCmdFwd...
08-06 04:36:22.799 23322 23384 I art     : Starting a blocking GC Explicit
08-06 04:36:22.816 23322 23384 I art     : Explicit concurrent mark sweep GC freed 1377(80KB) AllocSpace objects, 1(20KB) LOS objects, 38% free, 25MB/41MB, paused 225us total 16.758ms
08-06 04:36:22.826 23322 23384 I art     : Starting a blocking GC Explicit
08-06 04:36:22.840 23322 23384 I art     : Explicit concurrent mark sweep GC freed 20(704B) AllocSpace objects, 0(0B) LOS objects, 38% free, 25MB/41MB, paused 194us total 13.686ms
08-06 04:36:22.849 23322 23384 I art     : Starting a blocking GC Explicit
08-06 04:36:22.860 23322 23384 I art     : Explicit concurrent mark sweep GC freed 3(96B) AllocSpace objects, 0(0B) LOS objects, 38% free, 25MB/41MB, paused 164us total 11.086ms
08-06 04:36:22.866 23322 23384 I art     : Starting a blocking GC Explicit
08-06 04:36:22.877 23322 23384 I art     : Explicit concurrent mark sweep GC freed 3(96B) AllocSpace objects, 0(0B) LOS objects, 38% free, 25MB/41MB, paused 167us total 11.125ms
08-06 04:36:22.884 23322 23384 I art     : Starting a blocking GC Explicit
08-06 04:36:22.895 23322 23384 I art     : Explicit concurrent mark sweep GC freed 3(96B) AllocSpace objects, 0(0B) LOS objects, 38% free, 25MB/41MB, paused 168us total 10.848ms
08-06 04:36:23.189 23322 23336 I art     : Starting a blocking GC Explicit
08-06 04:36:23.202 23322 23336 I art     : Explicit concurrent mark sweep GC freed 1378(80KB) AllocSpace objects, 1(20KB) LOS objects, 38% free, 25MB/41MB, paused 192us total 12.679ms
08-06 04:36:23.209 23322 23336 I art     : Starting a blocking GC Explicit
08-06 04:36:23.219 23322 23336 I art     : Explicit concurrent mark sweep GC freed 20(704B) AllocSpace objects, 0(0B) LOS objects, 38% free, 25MB/41MB, paused 150us total 9.883ms
08-06 04:36:23.225 23322 23336 I art     : Starting a blocking GC Explicit
08-06 04:36:23.236 23322 23336 I art     : Explicit concurrent mark sweep GC freed 3(96B) AllocSpace objects, 0(0B) LOS objects, 38% free, 25MB/41MB, paused 148us total 10.345ms
08-06 04:36:23.242 23322 23336 I art     : Starting a blocking GC Explicit
08-06 04:36:23.252 23322 23336 I art     : Explicit concurrent mark sweep GC freed 3(96B) AllocSpace objects, 0(0B) LOS objects, 38% free, 25MB/41MB, paused 148us total 9.579ms
08-06 04:36:23.257 23322 23336 I art     : Starting a blocking GC Explicit
08-06 04:36:23.266 23322 23336 I art     : Explicit concurrent mark sweep GC freed 3(96B) AllocSpace objects, 0(0B) LOS objects, 38% free, 25MB/41MB, paused 193us total 9.330ms
08-06 04:36:23.553 23322 23337 I art     : Starting a blocking GC Explicit
08-06 04:36:23.564 23322 23337 I art     : Explicit concurrent mark sweep GC freed 1378(80KB) AllocSpace objects, 1(20KB) LOS objects, 38% free, 25MB/41MB, paused 194us total 11.420ms
08-06 04:36:23.571 23545 23545 D AndroidRuntime: >>>>>> START com.android.internal.os.RuntimeInit uid 2000 <<<<<<
08-06 04:36:23.571 23322 23337 I art     : Starting a blocking GC Explicit
08-06 04:36:23.575 23545 23545 D AndroidRuntime: CheckJNI is OFF
08-06 04:36:23.582 23322 23337 I art     : Explicit concurrent mark sweep GC freed 20(704B) AllocSpace objects, 0(0B) LOS objects, 38% free, 25MB/41MB, paused 173us total 10.948ms
08-06 04:36:23.588 23322 23337 I art     : Starting a blocking GC Explicit
08-06 04:36:23.598 23322 23337 I art     : Explicit concurrent mark sweep GC freed 3(96B) AllocSpace objects, 0(0B) LOS objects, 38% free, 25MB/41MB, paused 169us total 10.059ms
08-06 04:36:23.603 23545 23545 D ICU     : No timezone override file found: /data/misc/zoneinfo/current/icu/icu_tzdata.dat
08-06 04:36:23.604 23322 23337 I art     : Starting a blocking GC Explicit
08-06 04:36:23.614 23322 23337 I art     : Explicit concurrent mark sweep GC freed 3(96B) AllocSpace objects, 0(0B) LOS objects, 38% free, 25MB/41MB, paused 175us total 10.503ms
08-06 04:36:23.620 23322 23337 I art     : Starting a blocking GC Explicit
08-06 04:36:23.629 23545 23545 I Radio-JNI: register_android_hardware_Radio DONE
08-06 04:36:23.630 23322 23337 I art     : Explicit concurrent mark sweep GC freed 3(96B) AllocSpace objects, 0(0B) LOS objects, 38% free, 25MB/41MB, paused 167us total 9.539ms
08-06 04:36:23.645 23545 23545 D AndroidRuntime: Calling main entry com.android.commands.input.Input
08-06 04:36:23.646 23545 23545 I Input   : injectMotionEvent: MotionEvent { action=ACTION_DOWN, actionButton=0, id[0]=0, x[0]=594.0, y[0]=330.0, toolType[0]=TOOL_TYPE_UNKNOWN, buttonState=0, metaState=0, flags=0x0, edgeFlags=0x0, pointerCount=1, historySize=0, eventTime=851800059, downTime=851800059, deviceId=0, source=0x1002 }
08-06 04:36:23.650 22366 22366 I ServiceManager: Waiting for service AtCmdFwd...
08-06 04:36:23.653 23545 23545 I Input   : injectMotionEvent: MotionEvent { action=ACTION_UP, actionButton=0, id[0]=0, x[0]=594.0, y[0]=330.0, toolType[0]=TOOL_TYPE_UNKNOWN, buttonState=0, metaState=0, flags=0x0, edgeFlags=0x0, pointerCount=1, historySize=0, eventTime=851800059, downTime=851800059, deviceId=0, source=0x1002 }
08-06 04:36:23.655 23545 23545 D AndroidRuntime: Shutting down VM
08-06 04:36:23.724   918  3696 I ActivityManager: START u0 {cmp=baseline.com.newsblur/.activity.GlobalSharedStoriesItemsList (has extras)} from uid 10698 on display 0
08-06 04:36:23.743 23322 23568 I baseline.com.newsblur.database.BlurDatabaseHelper: reading session reset
08-06 04:36:23.831 23322 23337 I art     : Starting a blocking GC Explicit
08-06 04:36:23.844 23322 23337 I art     : Explicit concurrent mark sweep GC freed 7029(563KB) AllocSpace objects, 8(284KB) LOS objects, 37% free, 27MB/43MB, paused 188us total 12.719ms
08-06 04:36:23.850 23322 23337 I art     : Starting a blocking GC Explicit
08-06 04:36:23.862 23322 23337 I art     : Explicit concurrent mark sweep GC freed 347(16KB) AllocSpace objects, 0(0B) LOS objects, 37% free, 27MB/43MB, paused 213us total 11.405ms
08-06 04:36:23.868 23322 23337 I art     : Starting a blocking GC Explicit
08-06 04:36:23.881 23322 23337 I art     : Explicit concurrent mark sweep GC freed 267(33KB) AllocSpace objects, 1(20KB) LOS objects, 37% free, 27MB/43MB, paused 440us total 12.594ms
08-06 04:36:23.883 23322 23322 W View    : requestLayout() improperly called by android.widget.FrameLayout{f42935a V.E...... ......ID 0,0-1440,0 #7f07003f app:id/footer_view_inner} during layout: running second layout pass
08-06 04:36:23.883 23322 23322 W View    : requestLayout() improperly called by android.widget.FrameLayout{9da598b V.E...... ......ID 0,0-1440,2091 #7f07003f app:id/footer_view_inner} during layout: running second layout pass
08-06 04:36:23.888 23322 23337 I art     : Starting a blocking GC Explicit
08-06 04:36:23.901 23322 23337 I art     : Explicit concurrent mark sweep GC freed 161(13KB) AllocSpace objects, 0(0B) LOS objects, 37% free, 27MB/43MB, paused 199us total 12.055ms
08-06 04:36:23.902   918   936 I ActivityManager: Displayed baseline.com.newsblur/.activity.GlobalSharedStoriesItemsList: +171ms
08-06 04:36:23.903 13866 13866 I GoogleInputMethodServic: GoogleInputMethodService.onFinishInput():3138 
08-06 04:36:23.903 13866 13866 I GoogleInputMethodServic: GoogleInputMethodService.onStartInput():1808 
08-06 04:36:23.906 23322 23337 I art     : Starting a blocking GC Explicit
08-06 04:36:23.921 23322 23337 I art     : Explicit concurrent mark sweep GC freed 1686(147KB) AllocSpace objects, 5(100KB) LOS objects, 37% free, 27MB/43MB, paused 1.103ms total 14.289ms
08-06 04:36:24.148 23322 23336 I art     : Starting a blocking GC Explicit
08-06 04:36:24.174 23322 23336 I art     : Explicit concurrent mark sweep GC freed 2051(139KB) AllocSpace objects, 2(40KB) LOS objects, 37% free, 27MB/43MB, paused 729us total 25.784ms
08-06 04:36:24.186 23322 23336 I art     : Starting a blocking GC Explicit
08-06 04:36:24.198 23322 23336 I art     : Explicit concurrent mark sweep GC freed 50(2624B) AllocSpace objects, 0(0B) LOS objects, 37% free, 27MB/43MB, paused 223us total 11.602ms
08-06 04:36:24.203 23322 23336 I art     : Starting a blocking GC Explicit
08-06 04:36:24.215 23322 23336 I art     : Explicit concurrent mark sweep GC freed 4(128B) AllocSpace objects, 0(0B) LOS objects, 37% free, 27MB/43MB, paused 211us total 11.999ms
08-06 04:36:24.221 23322 23336 I art     : Starting a blocking GC Explicit
08-06 04:36:24.232 23322 23336 I art     : Explicit concurrent mark sweep GC freed 4(128B) AllocSpace objects, 0(0B) LOS objects, 37% free, 27MB/43MB, paused 233us total 10.661ms
08-06 04:36:24.237 23322 23336 I art     : Starting a blocking GC Explicit
08-06 04:36:24.248 23322 23336 I art     : Explicit concurrent mark sweep GC freed 4(128B) AllocSpace objects, 0(0B) LOS objects, 37% free, 27MB/43MB, paused 221us total 10.635ms
08-06 04:36:24.435 23322 23582 I NAPPA_EXPERIMENTATION: MetricNetworkRequestExecutionTime: REQUEST_DURATION_SYSTEM='517',REQUEST_DURATION_OKHTTP='34',REQUEST_SYNCHRONOUS='TRUE',RESPONSE_CODE='200',RESPONSE_METHOD='GET',RESPONSE_LENGTH_OKHTTP='-1',RESPONSE_LENGTH_HEADER='13047',REQUEST_PROTOCOL='http/1.1',REQUEST_URL='https://www.newsblur.com/social/river_stories?order=newest&page=1&read_filter=all&global_feed=true',
08-06 04:36:24.436 23322 23582 D MY_TAG  : 0, 517
08-06 04:36:24.512 23322 23337 I art     : Starting a blocking GC Explicit
08-06 04:36:24.537 23322 23337 I art     : Explicit concurrent mark sweep GC freed 33778(2MB) AllocSpace objects, 23(728KB) LOS objects, 36% free, 27MB/43MB, paused 378us total 24.366ms
08-06 04:36:24.543 23322 23337 I art     : Starting a blocking GC Explicit
08-06 04:36:24.558 23322 23337 I art     : Explicit concurrent mark sweep GC freed 2960(255KB) AllocSpace objects, 2(128KB) LOS objects, 36% free, 27MB/43MB, paused 431us total 14.740ms
08-06 04:36:24.564 23322 23337 I art     : Starting a blocking GC Explicit
08-06 04:36:24.577 23322 23337 I art     : Explicit concurrent mark sweep GC freed 1598(307KB) AllocSpace objects, 16(320KB) LOS objects, 36% free, 27MB/43MB, paused 203us total 12.725ms
08-06 04:36:24.583 23322 23337 I art     : Starting a blocking GC Explicit
08-06 04:36:24.594 23322 23337 I art     : Explicit concurrent mark sweep GC freed 604(32KB) AllocSpace objects, 1(20KB) LOS objects, 36% free, 27MB/43MB, paused 309us total 11.654ms
08-06 04:36:24.600 23322 23337 I art     : Starting a blocking GC Explicit
08-06 04:36:24.614 23322 23337 I art     : Explicit concurrent mark sweep GC freed 1371(63KB) AllocSpace objects, 1(20KB) LOS objects, 36% free, 27MB/43MB, paused 468us total 13.390ms
08-06 04:36:24.650 22366 22366 I ServiceManager: Waiting for service AtCmdFwd...
08-06 04:36:24.703 23322 23610 I NAPPA_EXPERIMENTATION: MetricNetworkRequestExecutionTime: REQUEST_DURATION_SYSTEM='80',REQUEST_DURATION_OKHTTP='76',REQUEST_SYNCHRONOUS='TRUE',RESPONSE_CODE='200',RESPONSE_METHOD='GET',RESPONSE_LENGTH_OKHTTP='43',RESPONSE_LENGTH_HEADER='43',REQUEST_PROTOCOL='http/1.1',REQUEST_URL='http://feeds.feedburner.com/~r/retort/~4/UffaFMiJbNs',
08-06 04:36:24.890 23322 23336 I art     : Starting a blocking GC Explicit
08-06 04:36:24.912 23322 23336 I art     : Explicit concurrent mark sweep GC freed 19688(1062KB) AllocSpace objects, 9(320KB) LOS objects, 36% free, 28MB/44MB, paused 592us total 22.521ms
08-06 04:36:24.920 23322 23336 I art     : Starting a blocking GC Explicit
08-06 04:36:24.937 23322 23336 I art     : Explicit concurrent mark sweep GC freed 1327(130KB) AllocSpace objects, 0(0B) LOS objects, 36% free, 28MB/44MB, paused 543us total 16.992ms
08-06 04:36:24.944 23322 23336 I art     : Starting a blocking GC Explicit
08-06 04:36:24.961 23322 23336 I art     : Explicit concurrent mark sweep GC freed 1981(81KB) AllocSpace objects, 0(0B) LOS objects, 36% free, 28MB/44MB, paused 583us total 16.053ms
08-06 04:36:24.967 23322 23336 I art     : Starting a blocking GC Explicit
08-06 04:36:24.983 23322 23336 I art     : Explicit concurrent mark sweep GC freed 232(8KB) AllocSpace objects, 0(0B) LOS objects, 36% free, 28MB/44MB, paused 541us total 15.833ms
08-06 04:36:24.990 23322 23336 I art     : Starting a blocking GC Explicit
08-06 04:36:25.004 23322 23336 I art     : Explicit concurrent mark sweep GC freed 7(256B) AllocSpace objects, 0(0B) LOS objects, 36% free, 28MB/44MB, paused 559us total 13.675ms
08-06 04:36:25.038 23322 23609 I NAPPA_EXPERIMENTATION: MetricNetworkRequestExecutionTime: REQUEST_DURATION_SYSTEM='447',REQUEST_DURATION_OKHTTP='79',REQUEST_SYNCHRONOUS='TRUE',RESPONSE_CODE='200',RESPONSE_METHOD='GET',RESPONSE_LENGTH_OKHTTP='145',RESPONSE_LENGTH_HEADER='145',REQUEST_PROTOCOL='http/1.1',REQUEST_URL='https://s3.amazonaws.com/icons.newsblur.com/6882243.png',
08-06 04:36:25.059 23322 23614 I NAPPA_EXPERIMENTATION: MetricNetworkRequestExecutionTime: REQUEST_DURATION_SYSTEM='416',REQUEST_DURATION_OKHTTP='215',REQUEST_SYNCHRONOUS='TRUE',RESPONSE_CODE='200',RESPONSE_METHOD='GET',RESPONSE_LENGTH_OKHTTP='56376',RESPONSE_LENGTH_HEADER='56376',REQUEST_PROTOCOL='h2',REQUEST_URL='https://images.fastcompany.net/image/upload/w_1280,q_auto,f_auto,fl_lossy/wp-cms/uploads/2020/07/p-1-quit-after-covid.jpg',
08-06 04:36:25.076 23322 23619 I NAPPA_EXPERIMENTATION: MetricNetworkRequestExecutionTime: REQUEST_DURATION_SYSTEM='417',REQUEST_DURATION_OKHTTP='233',REQUEST_SYNCHRONOUS='TRUE',RESPONSE_CODE='200',RESPONSE_METHOD='GET',RESPONSE_LENGTH_OKHTTP='1883',RESPONSE_LENGTH_HEADER='1883',REQUEST_PROTOCOL='h2',REQUEST_URL='https://pbs.twimg.com/profile_images/847818629840228354/VXyQHfn0_normal.jpg',
08-06 04:36:25.079 23322 23617 I NAPPA_EXPERIMENTATION: MetricNetworkRequestExecutionTime: REQUEST_DURATION_SYSTEM='428',REQUEST_DURATION_OKHTTP='235',REQUEST_SYNCHRONOUS='TRUE',RESPONSE_CODE='200',RESPONSE_METHOD='GET',RESPONSE_LENGTH_OKHTTP='24098',RESPONSE_LENGTH_HEADER='24098',REQUEST_PROTOCOL='h2',REQUEST_URL='https://i.cbc.ca/1.5665164.1595891792!/cpImage/httpImage/image.jpg_gen/derivatives/16x9_460/ont-windsor-hum-20200727.jpg',
08-06 04:36:25.100 23322 23612 I NAPPA_EXPERIMENTATION: MetricNetworkRequestExecutionTime: REQUEST_DURATION_SYSTEM='466',REQUEST_DURATION_OKHTTP='256',REQUEST_SYNCHRONOUS='TRUE',RESPONSE_CODE='200',RESPONSE_METHOD='GET',RESPONSE_LENGTH_OKHTTP='79351',RESPONSE_LENGTH_HEADER='79351',REQUEST_PROTOCOL='h2',REQUEST_URL='https://images.fastcompany.net/image/upload/w_1280,q_auto,f_auto,fl_lossy/wp-cms/uploads/2020/07/p-1-90532920-this-chart-shows-how-effective-masks-can-be.png',
08-06 04:36:25.210 23322 23611 I NAPPA_EXPERIMENTATION: MetricNetworkRequestExecutionTime: REQUEST_DURATION_SYSTEM='607',REQUEST_DURATION_OKHTTP='72',REQUEST_SYNCHRONOUS='TRUE',RESPONSE_CODE='200',RESPONSE_METHOD='GET',RESPONSE_LENGTH_OKHTTP='243',RESPONSE_LENGTH_HEADER='243',REQUEST_PROTOCOL='http/1.1',REQUEST_URL='https://s3.amazonaws.com/icons.newsblur.com/18178.png',
08-06 04:36:25.245 23322 23620 I NAPPA_EXPERIMENTATION: MetricNetworkRequestExecutionTime: REQUEST_DURATION_SYSTEM='605',REQUEST_DURATION_OKHTTP='91',REQUEST_SYNCHRONOUS='TRUE',RESPONSE_CODE='200',RESPONSE_METHOD='GET',RESPONSE_LENGTH_OKHTTP='796',RESPONSE_LENGTH_HEADER='796',REQUEST_PROTOCOL='http/1.1',REQUEST_URL='https://s3.amazonaws.com/icons.newsblur.com/6326827.png',
08-06 04:36:25.255 23322 23613 I NAPPA_EXPERIMENTATION: MetricNetworkRequestExecutionTime: REQUEST_DURATION_SYSTEM='641',REQUEST_DURATION_OKHTTP='102',REQUEST_SYNCHRONOUS='TRUE',RESPONSE_CODE='200',RESPONSE_METHOD='GET',RESPONSE_LENGTH_OKHTTP='477',RESPONSE_LENGTH_HEADER='477',REQUEST_PROTOCOL='http/1.1',REQUEST_URL='https://s3.amazonaws.com/icons.newsblur.com/5762506.png',
08-06 04:36:25.257 23322 23615 I NAPPA_EXPERIMENTATION: MetricNetworkRequestExecutionTime: REQUEST_DURATION_SYSTEM='634',REQUEST_DURATION_OKHTTP='108',REQUEST_SYNCHRONOUS='TRUE',RESPONSE_CODE='200',RESPONSE_METHOD='GET',RESPONSE_LENGTH_OKHTTP='477',RESPONSE_LENGTH_HEADER='477',REQUEST_PROTOCOL='http/1.1',REQUEST_URL='https://s3.amazonaws.com/icons.newsblur.com/5762506.png',
08-06 04:36:25.268 23322 23336 I art     : Starting a blocking GC Explicit
08-06 04:36:25.290 23322 23336 I art     : Explicit concurrent mark sweep GC freed 14193(795KB) AllocSpace objects, 25(7MB) LOS objects, 33% free, 32MB/48MB, paused 576us total 22.072ms
08-06 04:36:25.299 23322 23336 I art     : Starting a blocking GC Explicit
08-06 04:36:25.315 23322 23336 I art     : Explicit concurrent mark sweep GC freed 809(33KB) AllocSpace objects, 6(120KB) LOS objects, 33% free, 32MB/48MB, paused 392us total 16.040ms
08-06 04:36:25.321 23322 23336 I art     : Starting a blocking GC Explicit
08-06 04:36:25.331 23322 23618 I NAPPA_EXPERIMENTATION: MetricNetworkRequestExecutionTime: REQUEST_DURATION_SYSTEM='699',REQUEST_DURATION_OKHTTP='43',REQUEST_SYNCHRONOUS='TRUE',RESPONSE_CODE='200',RESPONSE_METHOD='GET',RESPONSE_LENGTH_OKHTTP='2228',RESPONSE_LENGTH_HEADER='2228',REQUEST_PROTOCOL='http/1.1',REQUEST_URL='https://s3.amazonaws.com/icons.newsblur.com/7702341.png',
08-06 04:36:25.338 23322 23336 I art     : Explicit concurrent mark sweep GC freed 787(100KB) AllocSpace objects, 2(40KB) LOS objects, 33% free, 32MB/48MB, paused 497us total 16.372ms
08-06 04:36:25.344 23322 23336 I art     : Starting a blocking GC Explicit
08-06 04:36:25.357 23322 23336 I art     : Explicit concurrent mark sweep GC freed 476(42KB) AllocSpace objects, 1(20KB) LOS objects, 33% free, 32MB/48MB, paused 342us total 13.097ms
08-06 04:36:25.363 23322 23336 I art     : Starting a blocking GC Explicit
08-06 04:36:25.376 23322 23336 I art     : Explicit concurrent mark sweep GC freed 71(2400B) AllocSpace objects, 0(0B) LOS objects, 33% free, 32MB/48MB, paused 309us total 12.379ms
08-06 04:36:25.651 22366 22366 I ServiceManager: Waiting for service AtCmdFwd...
08-06 04:36:25.671 23322 23337 I art     : Starting a blocking GC Explicit
08-06 04:36:25.689 23322 23337 I art     : Explicit concurrent mark sweep GC freed 1387(82KB) AllocSpace objects, 1(20KB) LOS objects, 33% free, 32MB/48MB, paused 356us total 17.827ms
08-06 04:36:25.700 23322 23337 I art     : Starting a blocking GC Explicit
08-06 04:36:25.715 23322 23337 I art     : Explicit concurrent mark sweep GC freed 20(704B) AllocSpace objects, 0(0B) LOS objects, 33% free, 32MB/48MB, paused 329us total 14.115ms
08-06 04:36:25.721 23322 23337 I art     : Starting a blocking GC Explicit
08-06 04:36:25.735 23322 23337 I art     : Explicit concurrent mark sweep GC freed 3(96B) AllocSpace objects, 0(0B) LOS objects, 33% free, 32MB/48MB, paused 337us total 14.186ms
08-06 04:36:25.742 23322 23337 I art     : Starting a blocking GC Explicit
08-06 04:36:25.756 23322 23337 I art     : Explicit concurrent mark sweep GC freed 3(96B) AllocSpace objects, 0(0B) LOS objects, 33% free, 32MB/48MB, paused 348us total 14.340ms
08-06 04:36:25.762 23322 23337 I art     : Starting a blocking GC Explicit
08-06 04:36:25.777 23322 23337 I art     : Explicit concurrent mark sweep GC freed 3(96B) AllocSpace objects, 0(0B) LOS objects, 33% free, 32MB/48MB, paused 442us total 14.274ms
08-06 04:36:26.069 23322 23384 I art     : Starting a blocking GC Explicit
08-06 04:36:26.087 23322 23384 I art     : Explicit concurrent mark sweep GC freed 1387(80KB) AllocSpace objects, 1(20KB) LOS objects, 33% free, 32MB/48MB, paused 422us total 18.029ms
08-06 04:36:26.098 23322 23384 I art     : Starting a blocking GC Explicit
08-06 04:36:26.112 23322 23384 I art     : Explicit concurrent mark sweep GC freed 20(704B) AllocSpace objects, 0(0B) LOS objects, 33% free, 32MB/48MB, paused 314us total 14.171ms
08-06 04:36:26.118 23322 23384 I art     : Starting a blocking GC Explicit
08-06 04:36:26.133 23322 23384 I art     : Explicit concurrent mark sweep GC freed 3(96B) AllocSpace objects, 0(0B) LOS objects, 33% free, 32MB/48MB, paused 336us total 14.222ms
08-06 04:36:26.139 23322 23384 I art     : Starting a blocking GC Explicit
08-06 04:36:26.153 23322 23384 I art     : Explicit concurrent mark sweep GC freed 3(96B) AllocSpace objects, 0(0B) LOS objects, 33% free, 32MB/48MB, paused 316us total 14.005ms
08-06 04:36:26.159 23322 23384 I art     : Starting a blocking GC Explicit
08-06 04:36:26.173 23322 23384 I art     : Explicit concurrent mark sweep GC freed 3(96B) AllocSpace objects, 0(0B) LOS objects, 33% free, 32MB/48MB, paused 328us total 14.040ms
08-06 04:36:26.471 23322 23336 I art     : Starting a blocking GC Explicit
08-06 04:36:26.490 23322 23336 I art     : Explicit concurrent mark sweep GC freed 1386(80KB) AllocSpace objects, 1(20KB) LOS objects, 33% free, 32MB/48MB, paused 360us total 18.297ms
08-06 04:36:26.500 23322 23336 I art     : Starting a blocking GC Explicit
08-06 04:36:26.515 23322 23336 I art     : Explicit concurrent mark sweep GC freed 20(704B) AllocSpace objects, 0(0B) LOS objects, 33% free, 32MB/48MB, paused 321us total 15.008ms
08-06 04:36:26.521 23322 23336 I art     : Starting a blocking GC Explicit
08-06 04:36:26.536 23322 23336 I art     : Explicit concurrent mark sweep GC freed 3(96B) AllocSpace objects, 0(0B) LOS objects, 33% free, 32MB/48MB, paused 402us total 14.467ms
08-06 04:36:26.543 23322 23336 I art     : Starting a blocking GC Explicit
08-06 04:36:26.558 23322 23336 I art     : Explicit concurrent mark sweep GC freed 3(96B) AllocSpace objects, 0(0B) LOS objects, 33% free, 32MB/48MB, paused 331us total 14.889ms
08-06 04:36:26.565 23322 23336 I art     : Starting a blocking GC Explicit
08-06 04:36:26.579 23322 23336 I art     : Explicit concurrent mark sweep GC freed 3(96B) AllocSpace objects, 0(0B) LOS objects, 33% free, 32MB/48MB, paused 300us total 14.208ms
08-06 04:36:26.652 22366 22366 I ServiceManager: Waiting for service AtCmdFwd...
08-06 04:36:26.915 23322 23337 I art     : Starting a blocking GC Explicit
08-06 04:36:26.933 23322 23337 I art     : Explicit concurrent mark sweep GC freed 1386(80KB) AllocSpace objects, 1(20KB) LOS objects, 33% free, 32MB/48MB, paused 362us total 18.058ms
08-06 04:36:26.940 23322 23337 I art     : Starting a blocking GC Explicit
08-06 04:36:26.955 23322 23337 I art     : Explicit concurrent mark sweep GC freed 20(704B) AllocSpace objects, 0(0B) LOS objects, 33% free, 32MB/48MB, paused 333us total 15.201ms
08-06 04:36:26.962 23322 23337 I art     : Starting a blocking GC Explicit
08-06 04:36:26.977 23322 23337 I art     : Explicit concurrent mark sweep GC freed 3(96B) AllocSpace objects, 0(0B) LOS objects, 33% free, 32MB/48MB, paused 350us total 14.749ms
08-06 04:36:26.983 23322 23337 I art     : Starting a blocking GC Explicit
08-06 04:36:26.998 23322 23337 I art     : Explicit concurrent mark sweep GC freed 3(96B) AllocSpace objects, 0(0B) LOS objects, 33% free, 32MB/48MB, paused 331us total 14.753ms
08-06 04:36:27.005 23322 23337 I art     : Starting a blocking GC Explicit
08-06 04:36:27.019 23322 23337 I art     : Explicit concurrent mark sweep GC freed 3(96B) AllocSpace objects, 0(0B) LOS objects, 33% free, 32MB/48MB, paused 322us total 14.426ms
08-06 04:36:27.331 23322 23384 I art     : Starting a blocking GC Explicit
08-06 04:36:27.349 23322 23384 I art     : Explicit concurrent mark sweep GC freed 1387(80KB) AllocSpace objects, 1(20KB) LOS objects, 33% free, 32MB/48MB, paused 383us total 17.600ms
08-06 04:36:27.358 23322 23384 I art     : Starting a blocking GC Explicit
08-06 04:36:27.372 23322 23384 I art     : Explicit concurrent mark sweep GC freed 20(704B) AllocSpace objects, 0(0B) LOS objects, 33% free, 32MB/48MB, paused 329us total 14.044ms
08-06 04:36:27.378 23322 23384 I art     : Starting a blocking GC Explicit
08-06 04:36:27.392 23322 23384 I art     : Explicit concurrent mark sweep GC freed 3(96B) AllocSpace objects, 0(0B) LOS objects, 33% free, 32MB/48MB, paused 327us total 14.098ms
08-06 04:36:27.399 23322 23384 I art     : Starting a blocking GC Explicit
08-06 04:36:27.413 23322 23384 I art     : Explicit concurrent mark sweep GC freed 3(96B) AllocSpace objects, 0(0B) LOS objects, 33% free, 32MB/48MB, paused 320us total 14.051ms
08-06 04:36:27.419 23322 23384 I art     : Starting a blocking GC Explicit
08-06 04:36:27.433 23322 23384 I art     : Explicit concurrent mark sweep GC freed 3(96B) AllocSpace objects, 0(0B) LOS objects, 33% free, 32MB/48MB, paused 335us total 14.064ms
08-06 04:36:27.652 22366 22366 W Atfwd_Sendcmd: AtCmdFwd service not published, waiting... retryCnt : 3
08-06 04:36:27.726 23322 23337 I art     : Starting a blocking GC Explicit
08-06 04:36:27.745 23322 23337 I art     : Explicit concurrent mark sweep GC freed 1386(80KB) AllocSpace objects, 1(20KB) LOS objects, 33% free, 32MB/48MB, paused 343us total 18.306ms
08-06 04:36:27.751 23322 23337 I art     : Starting a blocking GC Explicit
08-06 04:36:27.766 23322 23337 I art     : Explicit concurrent mark sweep GC freed 20(704B) AllocSpace objects, 0(0B) LOS objects, 33% free, 32MB/48MB, paused 346us total 14.758ms
08-06 04:36:27.773 23322 23337 I art     : Starting a blocking GC Explicit
08-06 04:36:27.788 23322 23337 I art     : Explicit concurrent mark sweep GC freed 3(96B) AllocSpace objects, 0(0B) LOS objects, 33% free, 32MB/48MB, paused 326us total 14.566ms
08-06 04:36:27.794 23322 23337 I art     : Starting a blocking GC Explicit
08-06 04:36:27.808 23322 23337 I art     : Explicit concurrent mark sweep GC freed 3(96B) AllocSpace objects, 0(0B) LOS objects, 33% free, 32MB/48MB, paused 320us total 14.243ms
08-06 04:36:27.814 23322 23337 I art     : Starting a blocking GC Explicit
08-06 04:36:27.829 23322 23337 I art     : Explicit concurrent mark sweep GC freed 3(96B) AllocSpace objects, 0(0B) LOS objects, 33% free, 32MB/48MB, paused 534us total 14.504ms
08-06 04:36:28.163 23322 23336 I art     : Starting a blocking GC Explicit
08-06 04:36:28.182 23322 23336 I art     : Explicit concurrent mark sweep GC freed 1386(80KB) AllocSpace objects, 1(20KB) LOS objects, 33% free, 32MB/48MB, paused 367us total 18.441ms
08-06 04:36:28.192 23322 23336 I art     : Starting a blocking GC Explicit
08-06 04:36:28.207 23322 23336 I art     : Explicit concurrent mark sweep GC freed 20(704B) AllocSpace objects, 0(0B) LOS objects, 33% free, 32MB/48MB, paused 414us total 14.605ms
08-06 04:36:28.213 23322 23336 I art     : Starting a blocking GC Explicit
08-06 04:36:28.227 23322 23336 I art     : Explicit concurrent mark sweep GC freed 3(96B) AllocSpace objects, 0(0B) LOS objects, 33% free, 32MB/48MB, paused 338us total 14.343ms
08-06 04:36:28.234 23322 23336 I art     : Starting a blocking GC Explicit
08-06 04:36:28.248 23322 23336 I art     : Explicit concurrent mark sweep GC freed 3(96B) AllocSpace objects, 0(0B) LOS objects, 33% free, 32MB/48MB, paused 350us total 14.481ms
08-06 04:36:28.254 23322 23336 I art     : Starting a blocking GC Explicit
08-06 04:36:28.269 23322 23336 I art     : Explicit concurrent mark sweep GC freed 3(96B) AllocSpace objects, 0(0B) LOS objects, 33% free, 32MB/48MB, paused 327us total 14.205ms
08-06 04:36:28.589 23322 23384 I art     : Starting a blocking GC Explicit
08-06 04:36:28.608 23322 23384 I art     : Explicit concurrent mark sweep GC freed 1386(80KB) AllocSpace objects, 1(20KB) LOS objects, 33% free, 32MB/48MB, paused 394us total 17.870ms
08-06 04:36:28.619 23322 23384 I art     : Starting a blocking GC Explicit
08-06 04:36:28.634 23322 23384 I art     : Explicit concurrent mark sweep GC freed 20(704B) AllocSpace objects, 0(0B) LOS objects, 33% free, 32MB/48MB, paused 339us total 14.147ms
08-06 04:36:28.640 23322 23384 I art     : Starting a blocking GC Explicit
08-06 04:36:28.654 23322 23384 I art     : Explicit concurrent mark sweep GC freed 3(96B) AllocSpace objects, 0(0B) LOS objects, 33% free, 32MB/48MB, paused 302us total 14.060ms
08-06 04:36:28.660 23322 23384 I art     : Starting a blocking GC Explicit
08-06 04:36:28.674 23322 23384 I art     : Explicit concurrent mark sweep GC freed 3(96B) AllocSpace objects, 0(0B) LOS objects, 33% free, 32MB/48MB, paused 372us total 13.925ms
08-06 04:36:28.681 23322 23384 I art     : Starting a blocking GC Explicit
08-06 04:36:28.695 23322 23384 I art     : Explicit concurrent mark sweep GC freed 3(96B) AllocSpace objects, 0(0B) LOS objects, 33% free, 32MB/48MB, paused 325us total 14.073ms
08-06 04:36:29.006 23322 23337 I art     : Starting a blocking GC Explicit
08-06 04:36:29.024 23322 23337 I art     : Explicit concurrent mark sweep GC freed 1386(80KB) AllocSpace objects, 1(20KB) LOS objects, 33% free, 32MB/48MB, paused 352us total 17.687ms
08-06 04:36:29.033 23322 23337 I art     : Starting a blocking GC Explicit
08-06 04:36:29.048 23322 23337 I art     : Explicit concurrent mark sweep GC freed 20(704B) AllocSpace objects, 0(0B) LOS objects, 33% free, 32MB/48MB, paused 332us total 15.015ms
08-06 04:36:29.054 23322 23337 I art     : Starting a blocking GC Explicit
08-06 04:36:29.069 23322 23337 I art     : Explicit concurrent mark sweep GC freed 3(96B) AllocSpace objects, 0(0B) LOS objects, 33% free, 32MB/48MB, paused 330us total 14.275ms
08-06 04:36:29.075 23322 23337 I art     : Starting a blocking GC Explicit
08-06 04:36:29.089 23322 23337 I art     : Explicit concurrent mark sweep GC freed 3(96B) AllocSpace objects, 0(0B) LOS objects, 33% free, 32MB/48MB, paused 304us total 14.395ms
08-06 04:36:29.096 23322 23337 I art     : Starting a blocking GC Explicit
08-06 04:36:29.110 23322 23337 I art     : Explicit concurrent mark sweep GC freed 3(96B) AllocSpace objects, 0(0B) LOS objects, 33% free, 32MB/48MB, paused 366us total 14.471ms
08-06 04:36:29.438 23322 23336 I art     : Starting a blocking GC Explicit
08-06 04:36:29.458 23322 23336 I art     : Explicit concurrent mark sweep GC freed 1386(80KB) AllocSpace objects, 1(20KB) LOS objects, 33% free, 32MB/48MB, paused 369us total 19.331ms
08-06 04:36:29.465 23322 23336 I art     : Starting a blocking GC Explicit
08-06 04:36:29.481 23322 23336 I art     : Explicit concurrent mark sweep GC freed 20(704B) AllocSpace objects, 0(0B) LOS objects, 33% free, 32MB/48MB, paused 334us total 15.644ms
08-06 04:36:29.488 23322 23336 I art     : Starting a blocking GC Explicit
08-06 04:36:29.502 23322 23336 I art     : Explicit concurrent mark sweep GC freed 3(96B) AllocSpace objects, 0(0B) LOS objects, 33% free, 32MB/48MB, paused 329us total 14.405ms
08-06 04:36:29.509 23322 23336 I art     : Starting a blocking GC Explicit
08-06 04:36:29.523 23322 23336 I art     : Explicit concurrent mark sweep GC freed 3(96B) AllocSpace objects, 0(0B) LOS objects, 33% free, 32MB/48MB, paused 336us total 14.409ms
08-06 04:36:29.530 23322 23336 I art     : Starting a blocking GC Explicit
08-06 04:36:29.544 23322 23336 I art     : Explicit concurrent mark sweep GC freed 3(96B) AllocSpace objects, 0(0B) LOS objects, 33% free, 32MB/48MB, paused 371us total 14.555ms
08-06 04:36:29.842 23322 23384 I art     : Starting a blocking GC Explicit
08-06 04:36:29.859 23322 23384 I art     : Explicit concurrent mark sweep GC freed 1386(80KB) AllocSpace objects, 1(20KB) LOS objects, 33% free, 32MB/48MB, paused 365us total 17.395ms
08-06 04:36:29.871 23322 23384 I art     : Starting a blocking GC Explicit
08-06 04:36:29.885 23322 23384 I art     : Explicit concurrent mark sweep GC freed 20(704B) AllocSpace objects, 0(0B) LOS objects, 33% free, 32MB/48MB, paused 326us total 14.094ms
08-06 04:36:29.891 23322 23384 I art     : Starting a blocking GC Explicit
08-06 04:36:29.905 23322 23384 I art     : Explicit concurrent mark sweep GC freed 3(96B) AllocSpace objects, 0(0B) LOS objects, 33% free, 32MB/48MB, paused 347us total 14.050ms
08-06 04:36:29.912 23322 23384 I art     : Starting a blocking GC Explicit
08-06 04:36:29.926 23322 23384 I art     : Explicit concurrent mark sweep GC freed 3(96B) AllocSpace objects, 0(0B) LOS objects, 33% free, 32MB/48MB, paused 325us total 14.118ms
08-06 04:36:29.932 23322 23384 I art     : Starting a blocking GC Explicit
08-06 04:36:29.947 23322 23384 I art     : Explicit concurrent mark sweep GC freed 3(96B) AllocSpace objects, 0(0B) LOS objects, 33% free, 32MB/48MB, paused 343us total 14.308ms
08-06 04:36:30.268 23322 23337 I art     : Starting a blocking GC Explicit
08-06 04:36:30.287 23322 23337 I art     : Explicit concurrent mark sweep GC freed 1386(80KB) AllocSpace objects, 1(20KB) LOS objects, 33% free, 32MB/48MB, paused 369us total 18.112ms
08-06 04:36:30.298 23322 23337 I art     : Starting a blocking GC Explicit
08-06 04:36:30.312 23322 23337 I art     : Explicit concurrent mark sweep GC freed 20(704B) AllocSpace objects, 0(0B) LOS objects, 33% free, 32MB/48MB, paused 330us total 14.135ms
08-06 04:36:30.318 23322 23337 I art     : Starting a blocking GC Explicit
08-06 04:36:30.333 23322 23337 I art     : Explicit concurrent mark sweep GC freed 3(96B) AllocSpace objects, 0(0B) LOS objects, 33% free, 32MB/48MB, paused 312us total 14.137ms
08-06 04:36:30.339 23322 23337 I art     : Starting a blocking GC Explicit
08-06 04:36:30.353 23322 23337 I art     : Explicit concurrent mark sweep GC freed 3(96B) AllocSpace objects, 0(0B) LOS objects, 33% free, 32MB/48MB, paused 323us total 13.958ms
08-06 04:36:30.359 23322 23337 I art     : Starting a blocking GC Explicit
08-06 04:36:30.373 23322 23337 I art     : Explicit concurrent mark sweep GC freed 3(96B) AllocSpace objects, 0(0B) LOS objects, 33% free, 32MB/48MB, paused 349us total 14.067ms
08-06 04:36:30.688 23322 23336 I art     : Starting a blocking GC Explicit
08-06 04:36:30.707 23322 23336 I art     : Explicit concurrent mark sweep GC freed 1386(80KB) AllocSpace objects, 1(20KB) LOS objects, 33% free, 32MB/48MB, paused 360us total 17.955ms
08-06 04:36:30.713 23322 23336 I art     : Starting a blocking GC Explicit
08-06 04:36:30.728 23322 23336 I art     : Explicit concurrent mark sweep GC freed 20(704B) AllocSpace objects, 0(0B) LOS objects, 33% free, 32MB/48MB, paused 321us total 14.851ms
08-06 04:36:30.735 23322 23336 I art     : Starting a blocking GC Explicit
08-06 04:36:30.749 23322 23336 I art     : Explicit concurrent mark sweep GC freed 3(96B) AllocSpace objects, 0(0B) LOS objects, 33% free, 32MB/48MB, paused 329us total 14.364ms
08-06 04:36:30.755 23322 23336 I art     : Starting a blocking GC Explicit
08-06 04:36:30.770 23322 23336 I art     : Explicit concurrent mark sweep GC freed 3(96B) AllocSpace objects, 0(0B) LOS objects, 33% free, 32MB/48MB, paused 375us total 14.530ms
08-06 04:36:30.776 23322 23336 I art     : Starting a blocking GC Explicit
08-06 04:36:30.791 23322 23336 I art     : Explicit concurrent mark sweep GC freed 3(96B) AllocSpace objects, 0(0B) LOS objects, 33% free, 32MB/48MB, paused 325us total 14.282ms
08-06 04:36:31.110 23322 23384 I art     : Starting a blocking GC Explicit
08-06 04:36:31.128 23322 23384 I art     : Explicit concurrent mark sweep GC freed 1386(80KB) AllocSpace objects, 1(20KB) LOS objects, 33% free, 32MB/48MB, paused 367us total 17.628ms
08-06 04:36:31.135 23322 23384 I art     : Starting a blocking GC Explicit
08-06 04:36:31.150 23322 23384 I art     : Explicit concurrent mark sweep GC freed 20(704B) AllocSpace objects, 0(0B) LOS objects, 33% free, 32MB/48MB, paused 372us total 15.462ms
08-06 04:36:31.157 23322 23384 I art     : Starting a blocking GC Explicit
08-06 04:36:31.172 23322 23384 I art     : Explicit concurrent mark sweep GC freed 3(96B) AllocSpace objects, 0(0B) LOS objects, 33% free, 32MB/48MB, paused 338us total 14.464ms
08-06 04:36:31.178 23322 23384 I art     : Starting a blocking GC Explicit
08-06 04:36:31.193 23322 23384 I art     : Explicit concurrent mark sweep GC freed 3(96B) AllocSpace objects, 0(0B) LOS objects, 33% free, 32MB/48MB, paused 339us total 14.356ms
08-06 04:36:31.199 23322 23384 I art     : Starting a blocking GC Explicit
08-06 04:36:31.214 23322 23384 I art     : Explicit concurrent mark sweep GC freed 3(96B) AllocSpace objects, 0(0B) LOS objects, 33% free, 32MB/48MB, paused 334us total 14.386ms
08-06 04:36:31.520 23322 23337 I art     : Starting a blocking GC Explicit
08-06 04:36:31.539 23322 23337 I art     : Explicit concurrent mark sweep GC freed 1386(80KB) AllocSpace objects, 1(20KB) LOS objects, 33% free, 32MB/48MB, paused 354us total 18.112ms
08-06 04:36:31.547 23322 23337 I art     : Starting a blocking GC Explicit
08-06 04:36:31.561 23322 23337 I art     : Explicit concurrent mark sweep GC freed 20(704B) AllocSpace objects, 0(0B) LOS objects, 33% free, 32MB/48MB, paused 338us total 13.790ms
08-06 04:36:31.567 23322 23337 I art     : Starting a blocking GC Explicit
08-06 04:36:31.581 23322 23337 I art     : Explicit concurrent mark sweep GC freed 3(96B) AllocSpace objects, 0(0B) LOS objects, 33% free, 32MB/48MB, paused 323us total 14.114ms
08-06 04:36:31.587 23322 23337 I art     : Starting a blocking GC Explicit
08-06 04:36:31.601 23322 23337 I art     : Explicit concurrent mark sweep GC freed 3(96B) AllocSpace objects, 0(0B) LOS objects, 33% free, 32MB/48MB, paused 389us total 13.981ms
08-06 04:36:31.608 23322 23337 I art     : Starting a blocking GC Explicit
08-06 04:36:31.622 23322 23337 I art     : Explicit concurrent mark sweep GC freed 3(96B) AllocSpace objects, 0(0B) LOS objects, 33% free, 32MB/48MB, paused 310us total 14.090ms
08-06 04:36:31.909 23322 23336 I art     : Starting a blocking GC Explicit
08-06 04:36:31.927 23322 23336 I art     : Explicit concurrent mark sweep GC freed 1386(80KB) AllocSpace objects, 1(20KB) LOS objects, 33% free, 32MB/48MB, paused 358us total 17.350ms
08-06 04:36:31.938 23322 23336 I art     : Starting a blocking GC Explicit
08-06 04:36:31.952 23322 23336 I art     : Explicit concurrent mark sweep GC freed 20(704B) AllocSpace objects, 0(0B) LOS objects, 33% free, 32MB/48MB, paused 348us total 14.317ms
08-06 04:36:31.952 23322 23335 I art     : WaitForGcToComplete blocked for 14.521ms for cause HeapTrim
08-06 04:36:31.959 23322 23336 I art     : Starting a blocking GC Explicit
08-06 04:36:31.973 23322 23336 I art     : Explicit concurrent mark sweep GC freed 3(96B) AllocSpace objects, 0(0B) LOS objects, 33% free, 32MB/48MB, paused 320us total 14.263ms
08-06 04:36:31.979 23322 23336 I art     : Starting a blocking GC Explicit
08-06 04:36:31.993 23322 23336 I art     : Explicit concurrent mark sweep GC freed 3(96B) AllocSpace objects, 0(0B) LOS objects, 33% free, 32MB/48MB, paused 325us total 14.122ms
08-06 04:36:32.000 23322 23336 I art     : Starting a blocking GC Explicit
08-06 04:36:32.014 23322 23336 I art     : Explicit concurrent mark sweep GC freed 3(96B) AllocSpace objects, 0(0B) LOS objects, 33% free, 32MB/48MB, paused 327us total 14.160ms
08-06 04:36:32.345 23322 23384 I art     : Starting a blocking GC Explicit
08-06 04:36:32.365 23322 23384 I art     : Explicit concurrent mark sweep GC freed 1386(80KB) AllocSpace objects, 1(20KB) LOS objects, 33% free, 32MB/48MB, paused 444us total 20.230ms
08-06 04:36:32.375 23322 23384 I art     : Starting a blocking GC Explicit
08-06 04:36:32.389 23322 23384 I art     : Explicit concurrent mark sweep GC freed 20(704B) AllocSpace objects, 0(0B) LOS objects, 33% free, 32MB/48MB, paused 327us total 13.914ms
08-06 04:36:32.395 23322 23384 I art     : Starting a blocking GC Explicit
08-06 04:36:32.409 23322 23384 I art     : Explicit concurrent mark sweep GC freed 3(96B) AllocSpace objects, 0(0B) LOS objects, 33% free, 32MB/48MB, paused 323us total 13.975ms
08-06 04:36:32.415 23322 23384 I art     : Starting a blocking GC Explicit
08-06 04:36:32.429 23322 23384 I art     : Explicit concurrent mark sweep GC freed 3(96B) AllocSpace objects, 0(0B) LOS objects, 33% free, 32MB/48MB, paused 333us total 13.984ms
08-06 04:36:32.436 23322 23384 I art     : Starting a blocking GC Explicit
08-06 04:36:32.450 23322 23384 I art     : Explicit concurrent mark sweep GC freed 3(96B) AllocSpace objects, 0(0B) LOS objects, 33% free, 32MB/48MB, paused 317us total 14.096ms
08-06 04:36:32.764 23322 23337 I art     : Starting a blocking GC Explicit
08-06 04:36:32.782 23322 23337 I art     : Explicit concurrent mark sweep GC freed 1386(80KB) AllocSpace objects, 1(20KB) LOS objects, 33% free, 32MB/48MB, paused 360us total 17.545ms
08-06 04:36:32.793 23322 23337 I art     : Starting a blocking GC Explicit
08-06 04:36:32.807 23322 23337 I art     : Explicit concurrent mark sweep GC freed 20(704B) AllocSpace objects, 0(0B) LOS objects, 33% free, 32MB/48MB, paused 341us total 14.200ms
08-06 04:36:32.813 23322 23337 I art     : Starting a blocking GC Explicit
08-06 04:36:32.828 23322 23337 I art     : Explicit concurrent mark sweep GC freed 3(96B) AllocSpace objects, 0(0B) LOS objects, 33% free, 32MB/48MB, paused 325us total 13.941ms
08-06 04:36:32.833 23322 23337 I art     : Starting a blocking GC Explicit
08-06 04:36:32.848 23322 23337 I art     : Explicit concurrent mark sweep GC freed 3(96B) AllocSpace objects, 0(0B) LOS objects, 33% free, 32MB/48MB, paused 328us total 14.611ms
08-06 04:36:32.854 23322 23337 I art     : Starting a blocking GC Explicit
08-06 04:36:32.869 23322 23337 I art     : Explicit concurrent mark sweep GC freed 3(96B) AllocSpace objects, 0(0B) LOS objects, 33% free, 32MB/48MB, paused 303us total 14.249ms
08-06 04:36:33.135 23322 23336 I art     : Starting a blocking GC Explicit
08-06 04:36:33.151 23322 23336 I art     : Explicit concurrent mark sweep GC freed 1386(80KB) AllocSpace objects, 1(20KB) LOS objects, 33% free, 32MB/48MB, paused 327us total 15.289ms
08-06 04:36:33.157 23322 23336 I art     : Starting a blocking GC Explicit
08-06 04:36:33.172 23322 23336 I art     : Explicit concurrent mark sweep GC freed 20(704B) AllocSpace objects, 0(0B) LOS objects, 33% free, 32MB/48MB, paused 323us total 14.962ms
08-06 04:36:33.179 23322 23336 I art     : Starting a blocking GC Explicit
08-06 04:36:33.194 23322 23336 I art     : Explicit concurrent mark sweep GC freed 3(96B) AllocSpace objects, 0(0B) LOS objects, 33% free, 32MB/48MB, paused 337us total 14.963ms
08-06 04:36:33.201 23322 23336 I art     : Starting a blocking GC Explicit
08-06 04:36:33.216 23322 23336 I art     : Explicit concurrent mark sweep GC freed 3(96B) AllocSpace objects, 0(0B) LOS objects, 33% free, 32MB/48MB, paused 333us total 14.556ms
08-06 04:36:33.222 23322 23336 I art     : Starting a blocking GC Explicit
08-06 04:36:33.237 23322 23336 I art     : Explicit concurrent mark sweep GC freed 3(96B) AllocSpace objects, 0(0B) LOS objects, 33% free, 32MB/48MB, paused 339us total 14.480ms
08-06 04:36:33.544 23322 23337 I art     : Starting a blocking GC Explicit
08-06 04:36:33.562 23322 23337 I art     : Explicit concurrent mark sweep GC freed 1386(80KB) AllocSpace objects, 1(20KB) LOS objects, 33% free, 32MB/48MB, paused 357us total 18.258ms
08-06 04:36:33.573 23322 23337 I art     : Starting a blocking GC Explicit
08-06 04:36:33.588 23322 23337 I art     : Explicit concurrent mark sweep GC freed 20(704B) AllocSpace objects, 0(0B) LOS objects, 33% free, 32MB/48MB, paused 330us total 14.344ms
08-06 04:36:33.594 23322 23337 I art     : Starting a blocking GC Explicit
08-06 04:36:33.608 23322 23337 I art     : Explicit concurrent mark sweep GC freed 3(96B) AllocSpace objects, 0(0B) LOS objects, 33% free, 32MB/48MB, paused 328us total 14.062ms
08-06 04:36:33.614 23322 23337 I art     : Starting a blocking GC Explicit
08-06 04:36:33.628 23322 23337 I art     : Explicit concurrent mark sweep GC freed 3(96B) AllocSpace objects, 0(0B) LOS objects, 33% free, 32MB/48MB, paused 331us total 14.055ms
08-06 04:36:33.635 23322 23337 I art     : Starting a blocking GC Explicit
08-06 04:36:33.649 23322 23337 I art     : Explicit concurrent mark sweep GC freed 3(96B) AllocSpace objects, 0(0B) LOS objects, 33% free, 32MB/48MB, paused 332us total 14.049ms
08-06 04:36:33.938 23322 23384 I art     : Starting a blocking GC Explicit
08-06 04:36:33.954 23322 23384 I art     : Explicit concurrent mark sweep GC freed 1386(80KB) AllocSpace objects, 1(20KB) LOS objects, 33% free, 32MB/48MB, paused 388us total 15.652ms
08-06 04:36:33.961 23322 23384 I art     : Starting a blocking GC Explicit
08-06 04:36:33.975 23322 23384 I art     : Explicit concurrent mark sweep GC freed 20(704B) AllocSpace objects, 0(0B) LOS objects, 33% free, 32MB/48MB, paused 339us total 14.146ms
08-06 04:36:33.982 23322 23384 I art     : Starting a blocking GC Explicit
08-06 04:36:33.996 23322 23384 I art     : Explicit concurrent mark sweep GC freed 3(96B) AllocSpace objects, 0(0B) LOS objects, 33% free, 32MB/48MB, paused 328us total 14.154ms
08-06 04:36:34.003 23322 23384 I art     : Starting a blocking GC Explicit
08-06 04:36:34.017 23322 23384 I art     : Explicit concurrent mark sweep GC freed 3(96B) AllocSpace objects, 0(0B) LOS objects, 33% free, 32MB/48MB, paused 423us total 14.031ms
08-06 04:36:34.023 23322 23384 I art     : Starting a blocking GC Explicit
08-06 04:36:34.037 23322 23384 I art     : Explicit concurrent mark sweep GC freed 3(96B) AllocSpace objects, 0(0B) LOS objects, 33% free, 32MB/48MB, paused 394us total 13.899ms
08-06 04:36:34.204 23865 23865 D AndroidRuntime: >>>>>> START com.android.internal.os.RuntimeInit uid 2000 <<<<<<
08-06 04:36:34.208 23865 23865 D AndroidRuntime: CheckJNI is OFF
08-06 04:36:34.232 23865 23865 D ICU     : No timezone override file found: /data/misc/zoneinfo/current/icu/icu_tzdata.dat
08-06 04:36:34.256 23865 23865 I Radio-JNI: register_android_hardware_Radio DONE
08-06 04:36:34.272 23865 23865 D AndroidRuntime: Calling main entry com.android.commands.input.Input
08-06 04:36:34.273 23865 23865 I Input   : injectMotionEvent: MotionEvent { action=ACTION_DOWN, actionButton=0, id[0]=0, x[0]=436.0, y[0]=453.0, toolType[0]=TOOL_TYPE_UNKNOWN, buttonState=0, metaState=0, flags=0x0, edgeFlags=0x0, pointerCount=1, historySize=0, eventTime=851810686, downTime=851810686, deviceId=0, source=0x1002 }
08-06 04:36:34.279 23865 23865 I Input   : injectMotionEvent: MotionEvent { action=ACTION_UP, actionButton=0, id[0]=0, x[0]=436.0, y[0]=453.0, toolType[0]=TOOL_TYPE_UNKNOWN, buttonState=0, metaState=0, flags=0x0, edgeFlags=0x0, pointerCount=1, historySize=0, eventTime=851810686, downTime=851810686, deviceId=0, source=0x1002 }
08-06 04:36:34.282 23865 23865 D AndroidRuntime: Shutting down VM
08-06 04:36:34.290   918   929 I ActivityManager: START u0 {cmp=baseline.com.newsblur/.activity.GlobalSharedStoriesReading (has extras)} from uid 10698 on display 0
08-06 04:36:34.291   512  2967 D audio_hw_primary: out_set_parameters: enter: usecase(1: low-latency-playback) kvpairs: routing=2
08-06 04:36:34.304   512  2967 D audio_hw_primary: select_devices: out_snd_device(2: speaker) in_snd_device(0: none)
08-06 04:36:34.304   512  2967 D msm8974_platform: platform_send_audio_calibration: sending audio calibration for snd_device(2) acdb_id(15)
08-06 04:36:34.304   512  2967 I soundtrigger: audio_extn_sound_trigger_update_device_status: device 0x2 of type 0 for Event 1
08-06 04:36:34.311 23322 23337 I art     : Starting a blocking GC Explicit
08-06 04:36:34.314   512  2967 D audio_hw_primary: enable_snd_device: snd_device(2: speaker)
08-06 04:36:34.316   512  2967 D audio_hw_primary: enable_audio_route: apply and update mixer path: low-latency-playback speaker
08-06 04:36:34.327 23322 23337 I art     : Explicit concurrent mark sweep GC freed 2037(172KB) AllocSpace objects, 3(60KB) LOS objects, 32% free, 32MB/48MB, paused 556us total 16.049ms
08-06 04:36:34.334 23322 23337 I art     : Starting a blocking GC Explicit
08-06 04:36:34.346   918  1210 D NetlinkSocketObserver: NeighborEvent{elapsedMs=1835198221, 192.168.2.254, [7C3953A63323], RTM_NEWNEIGH, NUD_STALE}
08-06 04:36:34.349 23322 23337 I art     : Explicit concurrent mark sweep GC freed 1055(77KB) AllocSpace objects, 1(112KB) LOS objects, 32% free, 33MB/49MB, paused 472us total 14.531ms
08-06 04:36:34.355 23322 23337 I art     : Starting a blocking GC Explicit
08-06 04:36:34.370 23322 23337 I art     : Explicit concurrent mark sweep GC freed 346(49KB) AllocSpace objects, 2(408KB) LOS objects, 31% free, 34MB/50MB, paused 341us total 15.537ms
08-06 04:36:34.376 23322 23337 I art     : Starting a blocking GC Explicit
08-06 04:36:34.391 23322 23337 I art     : Explicit concurrent mark sweep GC freed 121(5KB) AllocSpace objects, 0(0B) LOS objects, 31% free, 34MB/50MB, paused 362us total 14.212ms
08-06 04:36:34.397 23322 23337 I art     : Starting a blocking GC Explicit
08-06 04:36:34.412 23322 23337 I art     : Explicit concurrent mark sweep GC freed 152(26KB) AllocSpace objects, 1(20KB) LOS objects, 31% free, 34MB/50MB, paused 483us total 14.797ms
08-06 04:36:34.504 13866 13866 I GoogleInputMethodServic: GoogleInputMethodService.onFinishInput():3138 
08-06 04:36:34.505 13866 13866 I GoogleInputMethodServic: GoogleInputMethodService.onStartInput():1808 
08-06 04:36:34.505   918   936 I ActivityManager: Displayed baseline.com.newsblur/.activity.GlobalSharedStoriesReading: +208ms
08-06 04:36:34.518 23322 23322 I WebViewFactory: Loading com.google.android.webview version 84.0.4147.89 (code 414708953)
08-06 04:36:34.589 23322 23322 I cr_LibraryLoader: Loaded native library version number "84.0.4147.89"
08-06 04:36:34.589 23322 23322 I cr_CachingUmaRecorder: Flushed 5 samples from 5 histograms.
08-06 04:36:34.624 23322 23322 E chromium: [ERROR:filesystem_posix.cc(62)] mkdir /data/user/0/baseline.com.newsblur/cache/WebView/Crashpad: No such file or directory (2)
08-06 04:36:34.642 23322 23384 I art     : Starting a blocking GC Explicit
08-06 04:36:34.664 23322 23384 I art     : Explicit concurrent mark sweep GC freed 7441(764KB) AllocSpace objects, 5(100KB) LOS objects, 30% free, 36MB/52MB, paused 662us total 22.117ms
08-06 04:36:34.674 23322 23384 I art     : Starting a blocking GC Explicit
08-06 04:36:34.695 23322 23384 I art     : Explicit concurrent mark sweep GC freed 672(56KB) AllocSpace objects, 0(0B) LOS objects, 30% free, 37MB/53MB, paused 839us total 20.365ms
08-06 04:36:34.700   918  6110 D ConnectivityService: listenForNetwork for Listen from uid/pid:10698/23322 for NetworkRequest [ id=3831, legacyType=-1, [ Capabilities: INTERNET&NOT_RESTRICTED&TRUSTED] ]
08-06 04:36:34.702 23322 23384 I art     : Starting a blocking GC Explicit
08-06 04:36:34.738 23322 23384 I art     : Explicit concurrent mark sweep GC freed 1445(148KB) AllocSpace objects, 1(20KB) LOS objects, 30% free, 37MB/53MB, paused 864us total 36.470ms
08-06 04:36:34.746 23322 23384 I art     : Starting a blocking GC Explicit
08-06 04:36:34.764 23322 23384 I art     : Explicit concurrent mark sweep GC freed 952(63KB) AllocSpace objects, 1(20KB) LOS objects, 29% free, 37MB/53MB, paused 817us total 18.527ms
08-06 04:36:34.771 23322 23384 I art     : Starting a blocking GC Explicit
08-06 04:36:34.789 23322 23384 I art     : Explicit concurrent mark sweep GC freed 377(18KB) AllocSpace objects, 0(0B) LOS objects, 29% free, 38MB/54MB, paused 622us total 17.898ms
08-06 04:36:34.811 23322 23916 W cr_media: Requires BLUETOOTH permission
08-06 04:36:34.829 23322 23931 E libEGL  : validate_display:255 error 3008 (EGL_BAD_DISPLAY)
08-06 04:36:34.859 23322 23611 I NAPPA_EXPERIMENTATION: MetricNetworkRequestExecutionTime: REQUEST_DURATION_SYSTEM='127',REQUEST_DURATION_OKHTTP='125',REQUEST_SYNCHRONOUS='TRUE',RESPONSE_CODE='200',RESPONSE_METHOD='GET',RESPONSE_LENGTH_OKHTTP='4737',RESPONSE_LENGTH_HEADER='4737',REQUEST_PROTOCOL='http/1.1',REQUEST_URL='https://s3.amazonaws.com/avatars.newsblur.com/avatars/33448/thumbnail_profile_1420383332.gif',
08-06 04:36:34.868   512  2967 D audio_hw_primary: disable_audio_route: reset and update mixer path: low-latency-playback speaker
08-06 04:36:34.869   512  2967 D audio_hw_primary: disable_snd_device: snd_device(2: speaker)
08-06 04:36:34.878   512  2967 I soundtrigger: audio_extn_sound_trigger_update_device_status: device 0x2 of type 0 for Event 0
08-06 04:36:34.896 23322 23609 I NAPPA_EXPERIMENTATION: MetricNetworkRequestExecutionTime: REQUEST_DURATION_SYSTEM='95',REQUEST_DURATION_OKHTTP='95',REQUEST_SYNCHRONOUS='TRUE',RESPONSE_CODE='200',RESPONSE_METHOD='GET',RESPONSE_LENGTH_OKHTTP='4737',RESPONSE_LENGTH_HEADER='4737',REQUEST_PROTOCOL='http/1.1',REQUEST_URL='https://s3.amazonaws.com/avatars.newsblur.com/avatars/33448/thumbnail_profile_1420383332.gif',
08-06 04:36:34.904 23322 23611 D skia    : --- decoder->decode returned false
08-06 04:36:34.904 23322 23611 D skia    : --- SkImageDecoder::Factory returned null
08-06 04:36:35.064 23322 23336 I art     : Starting a blocking GC Explicit
08-06 04:36:35.072 23322 23936 E chromium: [ERROR:tile_manager.cc(793)] WARNING: tile memory limits exceeded, some content may not draw
08-06 04:36:35.080 23322 23936 E chromium: [ERROR:tile_manager.cc(793)] WARNING: tile memory limits exceeded, some content may not draw
08-06 04:36:35.087 23322 23336 I art     : Explicit concurrent mark sweep GC freed 24575(1463KB) AllocSpace objects, 22(440KB) LOS objects, 28% free, 39MB/55MB, paused 632us total 22.404ms
08-06 04:36:35.095 23322 23336 I art     : Starting a blocking GC Explicit
08-06 04:36:35.110 23322 23936 E chromium: [ERROR:tile_manager.cc(793)] WARNING: tile memory limits exceeded, some content may not draw
08-06 04:36:35.114 23322 23936 E chromium: [ERROR:tile_manager.cc(793)] WARNING: tile memory limits exceeded, some content may not draw
08-06 04:36:35.116 23322 23936 E chromium: [ERROR:tile_manager.cc(793)] WARNING: tile memory limits exceeded, some content may not draw
08-06 04:36:35.116 23322 23936 E chromium: [ERROR:tile_manager.cc(793)] WARNING: tile memory limits exceeded, some content may not draw
08-06 04:36:35.116 23322 23336 I art     : Explicit concurrent mark sweep GC freed 1486(92KB) AllocSpace objects, 2(80KB) LOS objects, 29% free, 39MB/55MB, paused 826us total 20.800ms
08-06 04:36:35.122 23322 23936 E chromium: [ERROR:tile_manager.cc(793)] WARNING: tile memory limits exceeded, some content may not draw
08-06 04:36:35.123 23322 23936 E chromium: [ERROR:tile_manager.cc(793)] WARNING: tile memory limits exceeded, some content may not draw
08-06 04:36:35.123 23322 23336 I art     : Starting a blocking GC Explicit
08-06 04:36:35.142 23322 23336 I art     : Explicit concurrent mark sweep GC freed 74(2608B) AllocSpace objects, 0(0B) LOS objects, 29% free, 39MB/55MB, paused 640us total 18.918ms
08-06 04:36:35.149 23322 23336 I art     : Starting a blocking GC Explicit
08-06 04:36:35.168 23322 23336 I art     : Explicit concurrent mark sweep GC freed 3(96B) AllocSpace objects, 0(0B) LOS objects, 29% free, 39MB/55MB, paused 728us total 19.101ms
08-06 04:36:35.175 23322 23336 I art     : Starting a blocking GC Explicit
08-06 04:36:35.195 23322 23336 I art     : Explicit concurrent mark sweep GC freed 3(96B) AllocSpace objects, 0(0B) LOS objects, 29% free, 39MB/55MB, paused 652us total 19.664ms
08-06 04:36:35.195 23322 23618 I NAPPA_EXPERIMENTATION: MetricNetworkRequestExecutionTime: REQUEST_DURATION_SYSTEM='401',REQUEST_DURATION_OKHTTP='197',REQUEST_SYNCHRONOUS='TRUE',RESPONSE_CODE='200',RESPONSE_METHOD='GET',RESPONSE_LENGTH_OKHTTP='2111',RESPONSE_LENGTH_HEADER='2111',REQUEST_PROTOCOL='h2',REQUEST_URL='https://pbs.twimg.com/profile_images/1186729813748248576/D6FFru_U_normal.jpg',
08-06 04:36:35.217 23322 23615 I NAPPA_EXPERIMENTATION: MetricNetworkRequestExecutionTime: REQUEST_DURATION_SYSTEM='424',REQUEST_DURATION_OKHTTP='215',REQUEST_SYNCHRONOUS='TRUE',RESPONSE_CODE='200',RESPONSE_METHOD='GET',RESPONSE_LENGTH_OKHTTP='2111',RESPONSE_LENGTH_HEADER='2111',REQUEST_PROTOCOL='h2',REQUEST_URL='https://pbs.twimg.com/profile_images/1186729813748248576/D6FFru_U_normal.jpg',
08-06 04:36:35.217 23322 23611 I NAPPA_EXPERIMENTATION: MetricNetworkRequestExecutionTime: REQUEST_DURATION_SYSTEM='312',REQUEST_DURATION_OKHTTP='205',REQUEST_SYNCHRONOUS='TRUE',RESPONSE_CODE='200',RESPONSE_METHOD='GET',RESPONSE_LENGTH_OKHTTP='2111',RESPONSE_LENGTH_HEADER='2111',REQUEST_PROTOCOL='h2',REQUEST_URL='https://pbs.twimg.com/profile_images/1186729813748248576/D6FFru_U_normal.jpg',
08-06 04:36:35.260 23322 23609 I NAPPA_EXPERIMENTATION: MetricNetworkRequestExecutionTime: REQUEST_DURATION_SYSTEM='344',REQUEST_DURATION_OKHTTP='188',REQUEST_SYNCHRONOUS='TRUE',RESPONSE_CODE='200',RESPONSE_METHOD='GET',RESPONSE_LENGTH_OKHTTP='2111',RESPONSE_LENGTH_HEADER='2111',REQUEST_PROTOCOL='h2',REQUEST_URL='https://pbs.twimg.com/profile_images/1186729813748248576/D6FFru_U_normal.jpg',
08-06 04:36:35.361 23322 23620 I NAPPA_EXPERIMENTATION: MetricNetworkRequestExecutionTime: REQUEST_DURATION_SYSTEM='542',REQUEST_DURATION_OKHTTP='63',REQUEST_SYNCHRONOUS='TRUE',RESPONSE_CODE='200',RESPONSE_METHOD='GET',RESPONSE_LENGTH_OKHTTP='17022',RESPONSE_LENGTH_HEADER='17022',REQUEST_PROTOCOL='http/1.1',REQUEST_URL='https://www.newsblur.com/media/img/reader/default_profile_photo.png',
08-06 04:36:35.370 23322 23613 I NAPPA_EXPERIMENTATION: MetricNetworkRequestExecutionTime: REQUEST_DURATION_SYSTEM='577',REQUEST_DURATION_OKHTTP='72',REQUEST_SYNCHRONOUS='TRUE',RESPONSE_CODE='200',RESPONSE_METHOD='GET',RESPONSE_LENGTH_OKHTTP='17022',RESPONSE_LENGTH_HEADER='17022',REQUEST_PROTOCOL='http/1.1',REQUEST_URL='https://www.newsblur.com/media/img/reader/default_profile_photo.png',
08-06 04:36:35.410 23322 23940 D MY_TAG  : 0, 464
08-06 04:36:35.482 23322 23384 I art     : Starting a blocking GC Explicit
08-06 04:36:35.506 23322 23384 I art     : Explicit concurrent mark sweep GC freed 10332(620KB) AllocSpace objects, 23(600KB) LOS objects, 28% free, 39MB/55MB, paused 578us total 24.240ms
08-06 04:36:35.510   918  3261 D WifiStateMachine: starting scan for "H369AA63323"WPA_PSK with 2412,5180
08-06 04:36:35.515 23322 23384 I art     : Starting a blocking GC Explicit
08-06 04:36:35.536 23322 23384 I art     : Explicit concurrent mark sweep GC freed 2284(264KB) AllocSpace objects, 3(204KB) LOS objects, 29% free, 39MB/55MB, paused 648us total 20.935ms
08-06 04:36:35.545 23322 23384 I art     : Starting a blocking GC Explicit
08-06 04:36:35.565 23322 23384 I art     : Explicit concurrent mark sweep GC freed 7(224B) AllocSpace objects, 0(0B) LOS objects, 29% free, 39MB/55MB, paused 514us total 20.174ms
08-06 04:36:35.573 23322 23384 I art     : Starting a blocking GC Explicit
08-06 04:36:35.595 23322 23384 I art     : Explicit concurrent mark sweep GC freed 3(96B) AllocSpace objects, 0(0B) LOS objects, 29% free, 39MB/55MB, paused 512us total 21.457ms
08-06 04:36:35.602 23322 23384 I art     : Starting a blocking GC Explicit
08-06 04:36:35.622 23322 23384 I art     : Explicit concurrent mark sweep GC freed 1597(62KB) AllocSpace objects, 0(0B) LOS objects, 29% free, 39MB/55MB, paused 577us total 20.210ms
08-06 04:36:35.662 23322 23618 I NAPPA_EXPERIMENTATION: MetricNetworkRequestExecutionTime: REQUEST_DURATION_SYSTEM='444',REQUEST_DURATION_OKHTTP='37',REQUEST_SYNCHRONOUS='TRUE',RESPONSE_CODE='200',RESPONSE_METHOD='GET',RESPONSE_LENGTH_OKHTTP='17022',RESPONSE_LENGTH_HEADER='17022',REQUEST_PROTOCOL='http/1.1',REQUEST_URL='https://www.newsblur.com/media/img/reader/default_profile_photo.png',
08-06 04:36:35.814 23322 23940 I NAPPA_EXPERIMENTATION: MetricNetworkRequestExecutionTime: REQUEST_DURATION_SYSTEM='386',REQUEST_DURATION_OKHTTP='36',REQUEST_SYNCHRONOUS='TRUE',RESPONSE_CODE='200',RESPONSE_METHOD='GET',RESPONSE_LENGTH_OKHTTP='-1',RESPONSE_LENGTH_HEADER='12364',REQUEST_PROTOCOL='http/1.1',REQUEST_URL='https://www.newsblur.com/social/river_stories?order=newest&page=2&read_filter=all&global_feed=true',
08-06 04:36:35.814 23322 23940 D MY_TAG  : 0, 386
08-06 04:36:35.918 23322 23384 I art     : Starting a blocking GC Explicit
08-06 04:36:35.946 23322 23384 I art     : Explicit concurrent mark sweep GC freed 35999(2MB) AllocSpace objects, 26(768KB) LOS objects, 28% free, 39MB/55MB, paused 1.501ms total 27.630ms
08-06 04:36:35.947 23322 23374 E SQLiteLog: (9) statement aborts at 0: [SELECT authors,short_content,timestamp,sharedDate,stories.feed_id,stories._id,intelligence_authors,intelligence_feed,intelligence_tags,intelligence_total,intelligence_title,permalink,re
08-06 04:36:35.953 23322 23384 I art     : Starting a blocking GC Explicit
08-06 04:36:35.975 23322 23384 I art     : Explicit concurrent mark sweep GC freed 2932(394KB) AllocSpace objects, 18(416KB) LOS objects, 28% free, 39MB/55MB, paused 940us total 22.055ms
08-06 04:36:35.983 23322 23384 I art     : Starting a blocking GC Explicit
08-06 04:36:36.003 23322 23384 I art     : Explicit concurrent mark sweep GC freed 1207(62KB) AllocSpace objects, 1(28KB) LOS objects, 28% free, 39MB/55MB, paused 485us total 19.564ms
08-06 04:36:36.010 23322 23384 I art     : Starting a blocking GC Explicit
08-06 04:36:36.029 23322 23384 I art     : Explicit concurrent mark sweep GC freed 1361(55KB) AllocSpace objects, 1(28KB) LOS objects, 28% free, 39MB/55MB, paused 451us total 19.033ms
08-06 04:36:36.036 23322 23384 I art     : Starting a blocking GC Explicit
08-06 04:36:36.056 23322 23384 I art     : Explicit concurrent mark sweep GC freed 609(55KB) AllocSpace objects, 0(0B) LOS objects, 29% free, 39MB/55MB, paused 481us total 19.437ms
08-06 04:36:36.377 23322 23337 I art     : Starting a blocking GC Explicit
08-06 04:36:36.401 23322 23337 I art     : Explicit concurrent mark sweep GC freed 1444(82KB) AllocSpace objects, 1(20KB) LOS objects, 29% free, 39MB/55MB, paused 519us total 23.591ms
08-06 04:36:36.411 23322 23337 I art     : Starting a blocking GC Explicit
08-06 04:36:36.431 23322 23337 I art     : Explicit concurrent mark sweep GC freed 20(704B) AllocSpace objects, 0(0B) LOS objects, 29% free, 39MB/55MB, paused 494us total 20.048ms
08-06 04:36:36.438 23322 23337 I art     : Starting a blocking GC Explicit
08-06 04:36:36.458 23322 23337 I art     : Explicit concurrent mark sweep GC freed 3(96B) AllocSpace objects, 0(0B) LOS objects, 29% free, 39MB/55MB, paused 494us total 19.754ms
08-06 04:36:36.465 23322 23337 I art     : Starting a blocking GC Explicit
08-06 04:36:36.485 23322 23337 I art     : Explicit concurrent mark sweep GC freed 3(96B) AllocSpace objects, 0(0B) LOS objects, 29% free, 39MB/55MB, paused 537us total 19.943ms
08-06 04:36:36.492 23322 23337 I art     : Starting a blocking GC Explicit
08-06 04:36:36.513 23322 23337 I art     : Explicit concurrent mark sweep GC freed 3(96B) AllocSpace objects, 0(0B) LOS objects, 29% free, 39MB/55MB, paused 505us total 20.873ms
08-06 04:36:36.829 23322 23384 I art     : Starting a blocking GC Explicit
08-06 04:36:36.853 23322 23384 I art     : Explicit concurrent mark sweep GC freed 1403(81KB) AllocSpace objects, 1(20KB) LOS objects, 29% free, 39MB/55MB, paused 498us total 23.667ms
08-06 04:36:36.860 23322 23384 I art     : Starting a blocking GC Explicit
08-06 04:36:36.881 23322 23384 I art     : Explicit concurrent mark sweep GC freed 20(704B) AllocSpace objects, 0(0B) LOS objects, 29% free, 39MB/55MB, paused 486us total 20.200ms
08-06 04:36:36.888 23322 23384 I art     : Starting a blocking GC Explicit
08-06 04:36:36.908 23322 23384 I art     : Explicit concurrent mark sweep GC freed 3(96B) AllocSpace objects, 0(0B) LOS objects, 29% free, 39MB/55MB, paused 524us total 20.013ms
08-06 04:36:36.915 23322 23384 I art     : Starting a blocking GC Explicit
08-06 04:36:36.929   518   646 I ThermalEngine: ACTION: GPU - Setting GPU[0] to 510000000
08-06 04:36:36.937 23322 23384 I art     : Explicit concurrent mark sweep GC freed 3(96B) AllocSpace objects, 0(0B) LOS objects, 29% free, 39MB/55MB, paused 819us total 21.973ms
08-06 04:36:36.946 23322 23384 I art     : Starting a blocking GC Explicit
08-06 04:36:36.972 23322 23384 I art     : Explicit concurrent mark sweep GC freed 3(96B) AllocSpace objects, 0(0B) LOS objects, 29% free, 39MB/55MB, paused 680us total 25.221ms
08-06 04:36:37.316 23322 23336 I art     : Starting a blocking GC Explicit
08-06 04:36:37.346 23322 23336 I art     : Explicit concurrent mark sweep GC freed 1402(80KB) AllocSpace objects, 1(20KB) LOS objects, 29% free, 39MB/55MB, paused 796us total 29.605ms
08-06 04:36:37.357 23322 23336 I art     : Starting a blocking GC Explicit
08-06 04:36:37.382 23322 23336 I art     : Explicit concurrent mark sweep GC freed 20(704B) AllocSpace objects, 0(0B) LOS objects, 29% free, 39MB/55MB, paused 651us total 24.891ms
08-06 04:36:37.391 23322 23336 I art     : Starting a blocking GC Explicit
08-06 04:36:37.416 23322 23336 I art     : Explicit concurrent mark sweep GC freed 3(96B) AllocSpace objects, 0(0B) LOS objects, 29% free, 39MB/55MB, paused 676us total 25.163ms
08-06 04:36:37.425 23322 23336 I art     : Starting a blocking GC Explicit
08-06 04:36:37.451 23322 23336 I art     : Explicit concurrent mark sweep GC freed 3(96B) AllocSpace objects, 0(0B) LOS objects, 29% free, 39MB/55MB, paused 726us total 25.221ms
08-06 04:36:37.460 23322 23336 I art     : Starting a blocking GC Explicit
08-06 04:36:37.485 23322 23336 I art     : Explicit concurrent mark sweep GC freed 3(96B) AllocSpace objects, 0(0B) LOS objects, 29% free, 39MB/55MB, paused 666us total 25.586ms
08-06 04:36:37.830 23322 23337 I art     : Starting a blocking GC Explicit
08-06 04:36:37.858 23322 23337 I art     : Explicit concurrent mark sweep GC freed 1403(81KB) AllocSpace objects, 1(20KB) LOS objects, 29% free, 39MB/55MB, paused 714us total 27.347ms
08-06 04:36:37.867 23322 23337 I art     : Starting a blocking GC Explicit
08-06 04:36:37.893 23322 23337 I art     : Explicit concurrent mark sweep GC freed 20(704B) AllocSpace objects, 0(0B) LOS objects, 29% free, 39MB/55MB, paused 687us total 25.819ms
08-06 04:36:37.903 23322 23337 I art     : Starting a blocking GC Explicit
08-06 04:36:37.929 23322 23337 I art     : Explicit concurrent mark sweep GC freed 3(96B) AllocSpace objects, 0(0B) LOS objects, 29% free, 39MB/55MB, paused 652us total 25.829ms
08-06 04:36:37.938 23322 23337 I art     : Starting a blocking GC Explicit
08-06 04:36:37.964 23322 23337 I art     : Explicit concurrent mark sweep GC freed 3(96B) AllocSpace objects, 0(0B) LOS objects, 29% free, 39MB/55MB, paused 647us total 25.348ms
08-06 04:36:37.973 23322 23337 I art     : Starting a blocking GC Explicit
08-06 04:36:37.999 23322 23337 I art     : Explicit concurrent mark sweep GC freed 3(96B) AllocSpace objects, 0(0B) LOS objects, 29% free, 39MB/55MB, paused 678us total 25.296ms
08-06 04:36:38.331 23322 23384 I art     : Starting a blocking GC Explicit
08-06 04:36:38.359 23322 23384 I art     : Explicit concurrent mark sweep GC freed 1402(80KB) AllocSpace objects, 1(20KB) LOS objects, 29% free, 39MB/55MB, paused 674us total 27.612ms
08-06 04:36:38.368 23322 23384 I art     : Starting a blocking GC Explicit
08-06 04:36:38.394 23322 23384 I art     : Explicit concurrent mark sweep GC freed 20(704B) AllocSpace objects, 0(0B) LOS objects, 29% free, 39MB/55MB, paused 680us total 25.773ms
08-06 04:36:38.403 23322 23384 I art     : Starting a blocking GC Explicit
08-06 04:36:38.429 23322 23384 I art     : Explicit concurrent mark sweep GC freed 3(96B) AllocSpace objects, 0(0B) LOS objects, 29% free, 39MB/55MB, paused 655us total 25.379ms
08-06 04:36:38.438 23322 23384 I art     : Starting a blocking GC Explicit
08-06 04:36:38.464 23322 23384 I art     : Explicit concurrent mark sweep GC freed 3(96B) AllocSpace objects, 0(0B) LOS objects, 29% free, 39MB/55MB, paused 671us total 25.776ms
08-06 04:36:38.474 23322 23384 I art     : Starting a blocking GC Explicit
08-06 04:36:38.500 23322 23384 I art     : Explicit concurrent mark sweep GC freed 3(96B) AllocSpace objects, 0(0B) LOS objects, 29% free, 39MB/55MB, paused 679us total 25.671ms
08-06 04:36:38.849 23322 23336 I art     : Starting a blocking GC Explicit
08-06 04:36:38.877 23322 23336 I art     : Explicit concurrent mark sweep GC freed 1404(81KB) AllocSpace objects, 1(20KB) LOS objects, 29% free, 39MB/55MB, paused 710us total 27.875ms
08-06 04:36:38.889 23322 23336 I art     : Starting a blocking GC Explicit
08-06 04:36:38.914 23322 23336 I art     : Explicit concurrent mark sweep GC freed 20(704B) AllocSpace objects, 0(0B) LOS objects, 29% free, 39MB/55MB, paused 659us total 24.891ms
08-06 04:36:38.923 23322 23336 I art     : Starting a blocking GC Explicit
08-06 04:36:38.948 23322 23336 I art     : Explicit concurrent mark sweep GC freed 3(96B) AllocSpace objects, 0(0B) LOS objects, 29% free, 39MB/55MB, paused 688us total 24.586ms
08-06 04:36:38.957 23322 23336 I art     : Starting a blocking GC Explicit
08-06 04:36:38.982 23322 23336 I art     : Explicit concurrent mark sweep GC freed 3(96B) AllocSpace objects, 0(0B) LOS objects, 29% free, 39MB/55MB, paused 703us total 24.427ms
08-06 04:36:38.991 23322 23336 I art     : Starting a blocking GC Explicit
08-06 04:36:39.017 23322 23336 I art     : Explicit concurrent mark sweep GC freed 3(96B) AllocSpace objects, 0(0B) LOS objects, 29% free, 39MB/55MB, paused 681us total 25.380ms
08-06 04:36:39.357 23322 23384 I art     : Starting a blocking GC Explicit
08-06 04:36:39.384 23322 23384 I art     : Explicit concurrent mark sweep GC freed 1403(81KB) AllocSpace objects, 1(20KB) LOS objects, 29% free, 39MB/55MB, paused 691us total 25.964ms
08-06 04:36:39.393 23322 23384 I art     : Starting a blocking GC Explicit
08-06 04:36:39.419 23322 23384 I art     : Explicit concurrent mark sweep GC freed 430(17KB) AllocSpace objects, 0(0B) LOS objects, 29% free, 39MB/55MB, paused 667us total 25.158ms
08-06 04:36:39.428 23322 23384 I art     : Starting a blocking GC Explicit
08-06 04:36:39.454 23322 23384 I art     : Explicit concurrent mark sweep GC freed 3(96B) AllocSpace objects, 0(0B) LOS objects, 29% free, 39MB/55MB, paused 697us total 25.683ms
08-06 04:36:39.463 23322 23384 I art     : Starting a blocking GC Explicit
08-06 04:36:39.489 23322 23384 I art     : Explicit concurrent mark sweep GC freed 3(96B) AllocSpace objects, 0(0B) LOS objects, 29% free, 39MB/55MB, paused 673us total 25.579ms
08-06 04:36:39.498 23322 23384 I art     : Starting a blocking GC Explicit
08-06 04:36:39.525 23322 23384 I art     : Explicit concurrent mark sweep GC freed 3(96B) AllocSpace objects, 0(0B) LOS objects, 29% free, 39MB/55MB, paused 640us total 26.176ms
08-06 04:36:39.890 23322 23336 I art     : Starting a blocking GC Explicit
08-06 04:36:39.916 23322 23336 I art     : Explicit concurrent mark sweep GC freed 1401(80KB) AllocSpace objects, 1(20KB) LOS objects, 29% free, 39MB/55MB, paused 657us total 26.216ms
08-06 04:36:39.925 23322 23336 I art     : Starting a blocking GC Explicit
08-06 04:36:39.951 23322 23336 I art     : Explicit concurrent mark sweep GC freed 20(704B) AllocSpace objects, 0(0B) LOS objects, 29% free, 39MB/55MB, paused 765us total 25.608ms
08-06 04:36:39.960 23322 23336 I art     : Starting a blocking GC Explicit
08-06 04:36:39.986 23322 23336 I art     : Explicit concurrent mark sweep GC freed 3(96B) AllocSpace objects, 0(0B) LOS objects, 29% free, 39MB/55MB, paused 685us total 25.100ms
08-06 04:36:39.995 23322 23336 I art     : Starting a blocking GC Explicit
08-06 04:36:40.021 23322 23336 I art     : Explicit concurrent mark sweep GC freed 3(96B) AllocSpace objects, 0(0B) LOS objects, 29% free, 39MB/55MB, paused 657us total 26.176ms
08-06 04:36:40.031 23322 23336 I art     : Starting a blocking GC Explicit
08-06 04:36:40.056 23322 23336 I art     : Explicit concurrent mark sweep GC freed 3(96B) AllocSpace objects, 0(0B) LOS objects, 29% free, 39MB/55MB, paused 677us total 25.598ms
08-06 04:36:40.384 23322 23337 I art     : Starting a blocking GC Explicit
08-06 04:36:40.413 23322 23337 I art     : Explicit concurrent mark sweep GC freed 1401(80KB) AllocSpace objects, 1(20KB) LOS objects, 29% free, 39MB/55MB, paused 675us total 28.368ms
08-06 04:36:40.426 23322 23337 I art     : Starting a blocking GC Explicit
08-06 04:36:40.451 23322 23337 I art     : Explicit concurrent mark sweep GC freed 20(704B) AllocSpace objects, 0(0B) LOS objects, 29% free, 39MB/55MB, paused 662us total 24.616ms
08-06 04:36:40.460 23322 23337 I art     : Starting a blocking GC Explicit
08-06 04:36:40.485 23322 23337 I art     : Explicit concurrent mark sweep GC freed 3(96B) AllocSpace objects, 0(0B) LOS objects, 29% free, 39MB/55MB, paused 667us total 24.580ms
08-06 04:36:40.494 23322 23337 I art     : Starting a blocking GC Explicit
08-06 04:36:40.518 23322 23337 I art     : Explicit concurrent mark sweep GC freed 3(96B) AllocSpace objects, 0(0B) LOS objects, 29% free, 39MB/55MB, paused 644us total 23.798ms
08-06 04:36:40.527 23322 23337 I art     : Starting a blocking GC Explicit
08-06 04:36:40.552 23322 23337 I art     : Explicit concurrent mark sweep GC freed 3(96B) AllocSpace objects, 0(0B) LOS objects, 29% free, 39MB/55MB, paused 663us total 24.472ms
08-06 04:36:40.897 23322 23384 I art     : Starting a blocking GC Explicit
08-06 04:36:40.924 23322 23384 I art     : Explicit concurrent mark sweep GC freed 1401(80KB) AllocSpace objects, 1(20KB) LOS objects, 29% free, 39MB/55MB, paused 686us total 26.917ms
08-06 04:36:40.936 23322 23384 I art     : Starting a blocking GC Explicit
08-06 04:36:40.961 23322 23384 I art     : Explicit concurrent mark sweep GC freed 20(704B) AllocSpace objects, 0(0B) LOS objects, 29% free, 39MB/55MB, paused 691us total 24.815ms
08-06 04:36:40.970 23322 23384 I art     : Starting a blocking GC Explicit
08-06 04:36:40.995 23322 23384 I art     : Explicit concurrent mark sweep GC freed 3(96B) AllocSpace objects, 0(0B) LOS objects, 29% free, 39MB/55MB, paused 670us total 24.293ms
08-06 04:36:41.004 23322 23384 I art     : Starting a blocking GC Explicit
08-06 04:36:41.028 23322 23384 I art     : Explicit concurrent mark sweep GC freed 3(96B) AllocSpace objects, 0(0B) LOS objects, 29% free, 39MB/55MB, paused 631us total 24.135ms
08-06 04:36:41.037 23322 23384 I art     : Starting a blocking GC Explicit
08-06 04:36:41.063 23322 23384 I art     : Explicit concurrent mark sweep GC freed 3(96B) AllocSpace objects, 0(0B) LOS objects, 29% free, 39MB/55MB, paused 696us total 25.213ms
08-06 04:36:41.385 23322 23336 I art     : Starting a blocking GC Explicit
08-06 04:36:41.413 23322 23336 I art     : Explicit concurrent mark sweep GC freed 1401(80KB) AllocSpace objects, 1(20KB) LOS objects, 29% free, 39MB/55MB, paused 637us total 27.855ms
08-06 04:36:41.425 23322 23336 I art     : Starting a blocking GC Explicit
08-06 04:36:41.450 23322 23336 I art     : Explicit concurrent mark sweep GC freed 20(704B) AllocSpace objects, 0(0B) LOS objects, 29% free, 39MB/55MB, paused 674us total 24.477ms
08-06 04:36:41.459 23322 23336 I art     : Starting a blocking GC Explicit
08-06 04:36:41.484 23322 23336 I art     : Explicit concurrent mark sweep GC freed 3(96B) AllocSpace objects, 0(0B) LOS objects, 29% free, 39MB/55MB, paused 669us total 24.578ms
08-06 04:36:41.493 23322 23336 I art     : Starting a blocking GC Explicit
08-06 04:36:41.517 23322 23336 I art     : Explicit concurrent mark sweep GC freed 3(96B) AllocSpace objects, 0(0B) LOS objects, 29% free, 39MB/55MB, paused 672us total 24.530ms
08-06 04:36:41.527 23322 23336 I art     : Starting a blocking GC Explicit
08-06 04:36:41.552 23322 23336 I art     : Explicit concurrent mark sweep GC freed 3(96B) AllocSpace objects, 0(0B) LOS objects, 29% free, 39MB/55MB, paused 673us total 24.529ms
08-06 04:36:41.920 23322 23337 I art     : Starting a blocking GC Explicit
08-06 04:36:41.948 23322 23337 I art     : Explicit concurrent mark sweep GC freed 1401(80KB) AllocSpace objects, 1(20KB) LOS objects, 29% free, 39MB/55MB, paused 803us total 26.998ms
08-06 04:36:41.959 23322 23337 I art     : Starting a blocking GC Explicit
08-06 04:36:41.984 23322 23337 I art     : Explicit concurrent mark sweep GC freed 20(704B) AllocSpace objects, 0(0B) LOS objects, 29% free, 39MB/55MB, paused 672us total 24.966ms
08-06 04:36:41.993 23322 23337 I art     : Starting a blocking GC Explicit
08-06 04:36:42.018 23322 23337 I art     : Explicit concurrent mark sweep GC freed 3(96B) AllocSpace objects, 0(0B) LOS objects, 29% free, 39MB/55MB, paused 709us total 24.400ms
08-06 04:36:42.026 23322 23337 I art     : Starting a blocking GC Explicit
08-06 04:36:42.041   918  3188 I hubconnection: sensorhub said: 'set_bias 3: -5.6160, 0.0000, 0.0000'
08-06 04:36:42.051 23322 23337 I art     : Explicit concurrent mark sweep GC freed 3(96B) AllocSpace objects, 0(0B) LOS objects, 29% free, 39MB/55MB, paused 680us total 23.958ms
08-06 04:36:42.060 23322 23337 I art     : Starting a blocking GC Explicit
08-06 04:36:42.085 23322 23337 I art     : Explicit concurrent mark sweep GC freed 3(96B) AllocSpace objects, 0(0B) LOS objects, 29% free, 39MB/55MB, paused 674us total 25.437ms
08-06 04:36:42.425 23322 23384 I art     : Starting a blocking GC Explicit
08-06 04:36:42.451 23322 23384 I art     : Explicit concurrent mark sweep GC freed 1401(80KB) AllocSpace objects, 1(20KB) LOS objects, 29% free, 39MB/55MB, paused 676us total 25.590ms
08-06 04:36:42.460 23322 23384 I art     : Starting a blocking GC Explicit
08-06 04:36:42.486 23322 23384 I art     : Explicit concurrent mark sweep GC freed 20(704B) AllocSpace objects, 0(0B) LOS objects, 29% free, 39MB/55MB, paused 681us total 25.386ms
08-06 04:36:42.495 23322 23384 I art     : Starting a blocking GC Explicit
08-06 04:36:42.520 23322 23384 I art     : Explicit concurrent mark sweep GC freed 3(96B) AllocSpace objects, 0(0B) LOS objects, 29% free, 39MB/55MB, paused 663us total 25.008ms
08-06 04:36:42.529 23322 23384 I art     : Starting a blocking GC Explicit
08-06 04:36:42.554 23322 23384 I art     : Explicit concurrent mark sweep GC freed 3(96B) AllocSpace objects, 0(0B) LOS objects, 29% free, 39MB/55MB, paused 668us total 24.911ms
08-06 04:36:42.563 23322 23384 I art     : Starting a blocking GC Explicit
08-06 04:36:42.589 23322 23384 I art     : Explicit concurrent mark sweep GC freed 3(96B) AllocSpace objects, 0(0B) LOS objects, 29% free, 39MB/55MB, paused 686us total 25.346ms
08-06 04:36:42.653 22366 22366 I ServiceManager: Waiting for service AtCmdFwd...
08-06 04:36:42.928 23322 23336 I art     : Starting a blocking GC Explicit
08-06 04:36:42.939   518   646 I ThermalEngine: ACTION: GPU - Setting GPU[0] to 600000000
08-06 04:36:42.953 23322 23336 I art     : Explicit concurrent mark sweep GC freed 1401(80KB) AllocSpace objects, 1(20KB) LOS objects, 29% free, 39MB/55MB, paused 681us total 25.406ms
08-06 04:36:42.962 23322 23336 I art     : Starting a blocking GC Explicit
08-06 04:36:42.987 23322 23336 I art     : Explicit concurrent mark sweep GC freed 20(704B) AllocSpace objects, 0(0B) LOS objects, 29% free, 39MB/55MB, paused 648us total 24.388ms
08-06 04:36:42.995 23322 23336 I art     : Starting a blocking GC Explicit
08-06 04:36:43.016 23322 23336 I art     : Explicit concurrent mark sweep GC freed 3(96B) AllocSpace objects, 0(0B) LOS objects, 29% free, 39MB/55MB, paused 487us total 20.592ms
08-06 04:36:43.023 23322 23336 I art     : Starting a blocking GC Explicit
08-06 04:36:43.044 23322 23336 I art     : Explicit concurrent mark sweep GC freed 3(96B) AllocSpace objects, 0(0B) LOS objects, 29% free, 39MB/55MB, paused 511us total 20.389ms
08-06 04:36:43.051 23322 23336 I art     : Starting a blocking GC Explicit
08-06 04:36:43.072 23322 23336 I art     : Explicit concurrent mark sweep GC freed 3(96B) AllocSpace objects, 0(0B) LOS objects, 29% free, 39MB/55MB, paused 484us total 20.391ms
08-06 04:36:43.409 23322 23337 I art     : Starting a blocking GC Explicit
08-06 04:36:43.433 23322 23337 I art     : Explicit concurrent mark sweep GC freed 1401(80KB) AllocSpace objects, 1(20KB) LOS objects, 29% free, 39MB/55MB, paused 524us total 23.171ms
08-06 04:36:43.444 23322 23337 I art     : Starting a blocking GC Explicit
08-06 04:36:43.464 23322 23337 I art     : Explicit concurrent mark sweep GC freed 20(704B) AllocSpace objects, 0(0B) LOS objects, 29% free, 39MB/55MB, paused 486us total 19.795ms
08-06 04:36:43.471 23322 23337 I art     : Starting a blocking GC Explicit
08-06 04:36:43.491 23322 23337 I art     : Explicit concurrent mark sweep GC freed 3(96B) AllocSpace objects, 0(0B) LOS objects, 29% free, 39MB/55MB, paused 487us total 19.757ms
08-06 04:36:43.498 23322 23337 I art     : Starting a blocking GC Explicit
08-06 04:36:43.516 23322 23337 I art     : Explicit concurrent mark sweep GC freed 3(96B) AllocSpace objects, 0(0B) LOS objects, 29% free, 39MB/55MB, paused 464us total 18.288ms
08-06 04:36:43.523 23322 23337 I art     : Starting a blocking GC Explicit
08-06 04:36:43.542 23322 23337 I art     : Explicit concurrent mark sweep GC freed 3(96B) AllocSpace objects, 0(0B) LOS objects, 29% free, 39MB/55MB, paused 484us total 18.887ms
08-06 04:36:43.654 22366 22366 I ServiceManager: Waiting for service AtCmdFwd...
08-06 04:36:43.879 23322 23384 I art     : Starting a blocking GC Explicit
08-06 04:36:43.902 23322 23384 I art     : Explicit concurrent mark sweep GC freed 1401(80KB) AllocSpace objects, 1(20KB) LOS objects, 29% free, 39MB/55MB, paused 511us total 22.781ms
08-06 04:36:43.911 23322 23384 I art     : Starting a blocking GC Explicit
08-06 04:36:43.932 23322 23384 I art     : Explicit concurrent mark sweep GC freed 20(704B) AllocSpace objects, 0(0B) LOS objects, 29% free, 39MB/55MB, paused 471us total 20.265ms
08-06 04:36:43.939 23322 23384 I art     : Starting a blocking GC Explicit
08-06 04:36:43.959 23322 23384 I art     : Explicit concurrent mark sweep GC freed 3(96B) AllocSpace objects, 0(0B) LOS objects, 29% free, 39MB/55MB, paused 491us total 20.186ms
08-06 04:36:43.966 23322 23384 I art     : Starting a blocking GC Explicit
08-06 04:36:43.986 23322 23384 I art     : Explicit concurrent mark sweep GC freed 3(96B) AllocSpace objects, 0(0B) LOS objects, 29% free, 39MB/55MB, paused 523us total 20.005ms
08-06 04:36:43.994 23322 23384 I art     : Starting a blocking GC Explicit
08-06 04:36:44.013 23322 23384 I art     : Explicit concurrent mark sweep GC freed 3(96B) AllocSpace objects, 0(0B) LOS objects, 29% free, 39MB/55MB, paused 451us total 19.374ms
08-06 04:36:44.351 23322 23336 I art     : Starting a blocking GC Explicit
08-06 04:36:44.376 23322 23336 I art     : Explicit concurrent mark sweep GC freed 1401(80KB) AllocSpace objects, 1(20KB) LOS objects, 29% free, 39MB/55MB, paused 734us total 24.821ms
08-06 04:36:44.383 23322 23336 I art     : Starting a blocking GC Explicit
08-06 04:36:44.403 23322 23336 I art     : Explicit concurrent mark sweep GC freed 20(704B) AllocSpace objects, 0(0B) LOS objects, 29% free, 39MB/55MB, paused 508us total 19.640ms
08-06 04:36:44.410 23322 23336 I art     : Starting a blocking GC Explicit
08-06 04:36:44.430 23322 23336 I art     : Explicit concurrent mark sweep GC freed 3(96B) AllocSpace objects, 0(0B) LOS objects, 29% free, 39MB/55MB, paused 495us total 19.693ms
08-06 04:36:44.437 23322 23336 I art     : Starting a blocking GC Explicit
08-06 04:36:44.457 23322 23336 I art     : Explicit concurrent mark sweep GC freed 3(96B) AllocSpace objects, 0(0B) LOS objects, 29% free, 39MB/55MB, paused 576us total 19.663ms
08-06 04:36:44.464 23322 23336 I art     : Starting a blocking GC Explicit
08-06 04:36:44.484 23322 23336 I art     : Explicit concurrent mark sweep GC freed 3(96B) AllocSpace objects, 0(0B) LOS objects, 29% free, 39MB/55MB, paused 489us total 19.800ms
08-06 04:36:44.654 22366 22366 I ServiceManager: Waiting for service AtCmdFwd...
08-06 04:36:44.838 23322 23337 I art     : Starting a blocking GC Explicit
08-06 04:36:44.861 23322 23337 I art     : Explicit concurrent mark sweep GC freed 1412(81KB) AllocSpace objects, 1(20KB) LOS objects, 29% free, 39MB/55MB, paused 501us total 22.308ms
08-06 04:36:44.868 23322 23337 I art     : Starting a blocking GC Explicit
08-06 04:36:44.890 23322 23337 I art     : Explicit concurrent mark sweep GC freed 28(864B) AllocSpace objects, 0(0B) LOS objects, 29% free, 39MB/55MB, paused 513us total 21.057ms
08-06 04:36:44.897 23322 23337 I art     : Starting a blocking GC Explicit
08-06 04:36:44.918 23322 23337 I art     : Explicit concurrent mark sweep GC freed 9(320B) AllocSpace objects, 0(0B) LOS objects, 29% free, 39MB/55MB, paused 522us total 20.286ms
08-06 04:36:44.925 23322 23337 I art     : Starting a blocking GC Explicit
08-06 04:36:44.945 23322 23337 I art     : Explicit concurrent mark sweep GC freed 3(96B) AllocSpace objects, 0(0B) LOS objects, 29% free, 39MB/55MB, paused 494us total 20.141ms
08-06 04:36:44.952 23322 23337 I art     : Starting a blocking GC Explicit
08-06 04:36:44.973 23322 23337 I art     : Explicit concurrent mark sweep GC freed 3(96B) AllocSpace objects, 0(0B) LOS objects, 29% free, 39MB/55MB, paused 480us total 19.945ms
08-06 04:36:45.326 23322 23384 I art     : Starting a blocking GC Explicit
08-06 04:36:45.352 23322 23384 I art     : Explicit concurrent mark sweep GC freed 1401(80KB) AllocSpace objects, 1(20KB) LOS objects, 29% free, 39MB/55MB, paused 499us total 25.635ms
08-06 04:36:45.359 23322 23384 I art     : Starting a blocking GC Explicit
08-06 04:36:45.380 23322 23384 I art     : Explicit concurrent mark sweep GC freed 20(704B) AllocSpace objects, 0(0B) LOS objects, 29% free, 39MB/55MB, paused 538us total 20.365ms
08-06 04:36:45.387 23322 23384 I art     : Starting a blocking GC Explicit
08-06 04:36:45.407 23322 23384 I art     : Explicit concurrent mark sweep GC freed 3(96B) AllocSpace objects, 0(0B) LOS objects, 29% free, 39MB/55MB, paused 499us total 19.674ms
08-06 04:36:45.414 23322 23384 I art     : Starting a blocking GC Explicit
08-06 04:36:45.434 23322 23384 I art     : Explicit concurrent mark sweep GC freed 3(96B) AllocSpace objects, 0(0B) LOS objects, 29% free, 39MB/55MB, paused 497us total 20.606ms
08-06 04:36:45.441 23322 23384 I art     : Starting a blocking GC Explicit
08-06 04:36:45.462 23322 23384 I art     : Explicit concurrent mark sweep GC freed 3(96B) AllocSpace objects, 0(0B) LOS objects, 29% free, 39MB/55MB, paused 511us total 20.029ms
08-06 04:36:45.655 22366 22366 I ServiceManager: Waiting for service AtCmdFwd...
08-06 04:36:45.781 23322 23336 I art     : Starting a blocking GC Explicit
08-06 04:36:45.804 23322 23336 I art     : Explicit concurrent mark sweep GC freed 1401(80KB) AllocSpace objects, 1(20KB) LOS objects, 29% free, 39MB/55MB, paused 501us total 23.046ms
08-06 04:36:45.813 23322 23336 I art     : Starting a blocking GC Explicit
08-06 04:36:45.833 23322 23336 I art     : Explicit concurrent mark sweep GC freed 20(704B) AllocSpace objects, 0(0B) LOS objects, 29% free, 39MB/55MB, paused 485us total 19.752ms
08-06 04:36:45.840 23322 23336 I art     : Starting a blocking GC Explicit
08-06 04:36:45.859 23322 23336 I art     : Explicit concurrent mark sweep GC freed 3(96B) AllocSpace objects, 0(0B) LOS objects, 29% free, 39MB/55MB, paused 504us total 19.131ms
08-06 04:36:45.866 23322 23336 I art     : Starting a blocking GC Explicit
08-06 04:36:45.886 23322 23336 I art     : Explicit concurrent mark sweep GC freed 3(96B) AllocSpace objects, 0(0B) LOS objects, 29% free, 39MB/55MB, paused 499us total 19.699ms
08-06 04:36:45.893 23322 23336 I art     : Starting a blocking GC Explicit
08-06 04:36:45.913 23322 23336 I art     : Explicit concurrent mark sweep GC freed 3(96B) AllocSpace objects, 0(0B) LOS objects, 29% free, 39MB/55MB, paused 497us total 20.005ms
08-06 04:36:46.240 23322 23337 I art     : Starting a blocking GC Explicit
08-06 04:36:46.262 23322 23337 I art     : Explicit concurrent mark sweep GC freed 1401(80KB) AllocSpace objects, 1(20KB) LOS objects, 29% free, 39MB/55MB, paused 517us total 22.090ms
08-06 04:36:46.270 23322 23337 I art     : Starting a blocking GC Explicit
08-06 04:36:46.290 23322 23337 I art     : Explicit concurrent mark sweep GC freed 20(704B) AllocSpace objects, 0(0B) LOS objects, 29% free, 39MB/55MB, paused 518us total 20.648ms
08-06 04:36:46.298 23322 23337 I art     : Starting a blocking GC Explicit
08-06 04:36:46.319 23322 23337 I art     : Explicit concurrent mark sweep GC freed 3(96B) AllocSpace objects, 0(0B) LOS objects, 29% free, 39MB/55MB, paused 492us total 20.598ms
08-06 04:36:46.326 23322 23337 I art     : Starting a blocking GC Explicit
08-06 04:36:46.346 23322 23337 I art     : Explicit concurrent mark sweep GC freed 3(96B) AllocSpace objects, 0(0B) LOS objects, 29% free, 39MB/55MB, paused 501us total 20.007ms
08-06 04:36:46.353 23322 23337 I art     : Starting a blocking GC Explicit
08-06 04:36:46.374 23322 23337 I art     : Explicit concurrent mark sweep GC freed 3(96B) AllocSpace objects, 0(0B) LOS objects, 29% free, 39MB/55MB, paused 509us total 20.377ms
08-06 04:36:46.655 22366 22366 I ServiceManager: Waiting for service AtCmdFwd...
08-06 04:36:46.666 23322 23384 I art     : Starting a blocking GC Explicit
08-06 04:36:46.687 23322 23384 I art     : Explicit concurrent mark sweep GC freed 1401(80KB) AllocSpace objects, 1(20KB) LOS objects, 29% free, 39MB/55MB, paused 670us total 21.358ms
08-06 04:36:46.695 23322 23384 I art     : Starting a blocking GC Explicit
08-06 04:36:46.714 23322 23384 I art     : Explicit concurrent mark sweep GC freed 20(704B) AllocSpace objects, 0(0B) LOS objects, 29% free, 39MB/55MB, paused 512us total 19.146ms
08-06 04:36:46.721 23322 23384 I art     : Starting a blocking GC Explicit
08-06 04:36:46.740 23322 23384 I art     : Explicit concurrent mark sweep GC freed 3(96B) AllocSpace objects, 0(0B) LOS objects, 29% free, 39MB/55MB, paused 519us total 19.105ms
08-06 04:36:46.747 23322 23384 I art     : Starting a blocking GC Explicit
08-06 04:36:46.767 23322 23384 I art     : Explicit concurrent mark sweep GC freed 3(96B) AllocSpace objects, 0(0B) LOS objects, 29% free, 39MB/55MB, paused 548us total 19.436ms
08-06 04:36:46.773 23322 23384 I art     : Starting a blocking GC Explicit
08-06 04:36:46.793 23322 23384 I art     : Explicit concurrent mark sweep GC freed 3(96B) AllocSpace objects, 0(0B) LOS objects, 29% free, 39MB/55MB, paused 501us total 19.434ms
08-06 04:36:46.866 24198 24198 D AndroidRuntime: >>>>>> START com.android.internal.os.RuntimeInit uid 2000 <<<<<<
08-06 04:36:46.870 24198 24198 D AndroidRuntime: CheckJNI is OFF
08-06 04:36:46.897 24198 24198 D ICU     : No timezone override file found: /data/misc/zoneinfo/current/icu/icu_tzdata.dat
08-06 04:36:46.922 24198 24198 I Radio-JNI: register_android_hardware_Radio DONE
08-06 04:36:46.938 24198 24198 D AndroidRuntime: Calling main entry com.android.commands.input.Input
08-06 04:36:46.939 24198 24198 I Input   : injectKeyEvent: KeyEvent { action=ACTION_DOWN, keyCode=KEYCODE_BACK, scanCode=0, metaState=0, flags=0x0, repeatCount=0, eventTime=851823353, downTime=851823353, deviceId=-1, source=0x101 }
08-06 04:36:46.947 24198 24198 I Input   : injectKeyEvent: KeyEvent { action=ACTION_UP, keyCode=KEYCODE_BACK, scanCode=0, metaState=0, flags=0x0, repeatCount=0, eventTime=851823353, downTime=851823353, deviceId=-1, source=0x101 }
08-06 04:36:46.954 24198 24198 D AndroidRuntime: Shutting down VM
08-06 04:36:47.048 13866 13866 I GoogleInputMethodServic: GoogleInputMethodService.onFinishInput():3138 
08-06 04:36:47.049 13866 13866 I GoogleInputMethodServic: GoogleInputMethodService.onStartInput():1808 
08-06 04:36:47.056 23322 23384 I art     : Starting a blocking GC Explicit
08-06 04:36:47.078 23322 23384 I art     : Explicit concurrent mark sweep GC freed 3995(317KB) AllocSpace objects, 9(180KB) LOS objects, 28% free, 39MB/55MB, paused 673us total 21.304ms
08-06 04:36:47.084 23322 23384 I art     : Starting a blocking GC Explicit
08-06 04:36:47.106 23322 23384 I art     : Explicit concurrent mark sweep GC freed 713(42KB) AllocSpace objects, 1(20KB) LOS objects, 28% free, 39MB/55MB, paused 740us total 21.243ms
08-06 04:36:47.114 23322 23384 I art     : Starting a blocking GC Explicit
08-06 04:36:47.133 23322 23384 I art     : Explicit concurrent mark sweep GC freed 50(3KB) AllocSpace objects, 1(28KB) LOS objects, 28% free, 39MB/55MB, paused 546us total 18.738ms
08-06 04:36:47.139 23322 23384 I art     : Starting a blocking GC Explicit
08-06 04:36:47.158 23322 23384 I art     : Explicit concurrent mark sweep GC freed 980(103KB) AllocSpace objects, 0(0B) LOS objects, 29% free, 39MB/55MB, paused 507us total 18.471ms
08-06 04:36:47.164 23322 23384 I art     : Starting a blocking GC Explicit
08-06 04:36:47.183 23322 23384 I art     : Explicit concurrent mark sweep GC freed 3(96B) AllocSpace objects, 0(0B) LOS objects, 29% free, 39MB/55MB, paused 543us total 18.632ms
08-06 04:36:47.433 23322 23336 I art     : Starting a blocking GC Explicit
08-06 04:36:47.452 23322 23336 I art     : Explicit concurrent mark sweep GC freed 2731(144KB) AllocSpace objects, 1(20KB) LOS objects, 29% free, 39MB/55MB, paused 537us total 19.382ms
08-06 04:36:47.460 23322 23336 I art     : Starting a blocking GC Explicit
08-06 04:36:47.472   918  3263 D ConnectivityService: releasing NetworkRequest NetworkRequest [ id=3831, legacyType=-1, [ Capabilities: INTERNET&NOT_RESTRICTED&TRUSTED] ]
08-06 04:36:47.480 23322 23336 I art     : Explicit concurrent mark sweep GC freed 5519(419KB) AllocSpace objects, 12(4MB) LOS objects, 32% free, 33MB/49MB, paused 616us total 19.704ms
08-06 04:36:47.486 23322 23336 I art     : Starting a blocking GC Explicit
08-06 04:36:47.505 23322 23336 I art     : Explicit concurrent mark sweep GC freed 1006(70KB) AllocSpace objects, 2(120KB) LOS objects, 31% free, 34MB/50MB, paused 666us total 18.816ms
08-06 04:36:47.512 23322 23336 I art     : Starting a blocking GC Explicit
08-06 04:36:47.528 23322 23336 I art     : Explicit concurrent mark sweep GC freed 2170(151KB) AllocSpace objects, 1(80KB) LOS objects, 31% free, 34MB/50MB, paused 545us total 16.527ms
08-06 04:36:47.535 23322 23336 I art     : Starting a blocking GC Explicit
08-06 04:36:47.551 23322 23336 I art     : Explicit concurrent mark sweep GC freed 190(20KB) AllocSpace objects, 0(0B) LOS objects, 31% free, 34MB/50MB, paused 596us total 16.495ms
08-06 04:36:47.558 23322 24229 I NAPPA_EXPERIMENTATION: MetricNetworkRequestExecutionTime: REQUEST_DURATION_SYSTEM='503',REQUEST_DURATION_OKHTTP='38',REQUEST_SYNCHRONOUS='TRUE',RESPONSE_CODE='200',RESPONSE_METHOD='GET',RESPONSE_LENGTH_OKHTTP='-1',RESPONSE_LENGTH_HEADER='22512',REQUEST_PROTOCOL='http/1.1',REQUEST_URL='https://www.newsblur.com/social/river_stories?order=newest&page=3&read_filter=all&global_feed=true',
08-06 04:36:47.559 23322 24229 D MY_TAG  : 0, 503
08-06 04:36:47.656 22366 22366 W Atfwd_Sendcmd: AtCmdFwd service not published, waiting... retryCnt : 4
08-06 04:36:47.834 23322 23384 I art     : Starting a blocking GC Explicit
08-06 04:36:47.857 23322 23384 I art     : Explicit concurrent mark sweep GC freed 36967(2MB) AllocSpace objects, 28(1012KB) LOS objects, 31% free, 34MB/50MB, paused 565us total 23.276ms
08-06 04:36:47.865 23322 23384 I art     : Starting a blocking GC Explicit
08-06 04:36:47.883 23322 23384 I art     : Explicit concurrent mark sweep GC freed 371(39KB) AllocSpace objects, 3(80KB) LOS objects, 31% free, 34MB/50MB, paused 555us total 18.285ms
08-06 04:36:47.890 23322 23384 I art     : Starting a blocking GC Explicit
08-06 04:36:47.909 23322 23384 I art     : Explicit concurrent mark sweep GC freed 6(192B) AllocSpace objects, 0(0B) LOS objects, 31% free, 34MB/50MB, paused 526us total 18.738ms
08-06 04:36:47.916 23322 23384 I art     : Starting a blocking GC Explicit
08-06 04:36:47.934 23322 23384 I art     : Explicit concurrent mark sweep GC freed 6(192B) AllocSpace objects, 0(0B) LOS objects, 31% free, 34MB/50MB, paused 534us total 18.644ms
08-06 04:36:47.942 23322 23384 I art     : Starting a blocking GC Explicit
08-06 04:36:47.949   518   646 I ThermalEngine: ACTION: GPU - Setting GPU[0] to 510000000
08-06 04:36:47.963 23322 23384 I art     : Explicit concurrent mark sweep GC freed 6(192B) AllocSpace objects, 0(0B) LOS objects, 31% free, 34MB/50MB, paused 697us total 21.663ms
08-06 04:36:48.062 23322 24229 I NAPPA_EXPERIMENTATION: MetricNetworkRequestExecutionTime: REQUEST_DURATION_SYSTEM='401',REQUEST_DURATION_OKHTTP='37',REQUEST_SYNCHRONOUS='TRUE',RESPONSE_CODE='200',RESPONSE_METHOD='GET',RESPONSE_LENGTH_OKHTTP='-1',RESPONSE_LENGTH_HEADER='10672',REQUEST_PROTOCOL='http/1.1',REQUEST_URL='https://www.newsblur.com/social/river_stories?order=newest&page=4&read_filter=all&global_feed=true',
08-06 04:36:48.062 23322 24229 D MY_TAG  : 0, 401
08-06 04:36:48.258 23322 23336 I art     : Starting a blocking GC Explicit
08-06 04:36:48.287 23322 23336 I art     : Explicit concurrent mark sweep GC freed 14871(1398KB) AllocSpace objects, 30(772KB) LOS objects, 31% free, 34MB/50MB, paused 729us total 28.717ms
08-06 04:36:48.298 23322 23336 I art     : Starting a blocking GC Explicit
08-06 04:36:48.321 23322 23336 I art     : Explicit concurrent mark sweep GC freed 1433(103KB) AllocSpace objects, 0(0B) LOS objects, 31% free, 34MB/50MB, paused 744us total 22.669ms
08-06 04:36:48.330 23322 23336 I art     : Starting a blocking GC Explicit
08-06 04:36:48.352 23322 23336 I art     : Explicit concurrent mark sweep GC freed 6(192B) AllocSpace objects, 0(0B) LOS objects, 31% free, 34MB/50MB, paused 678us total 21.856ms
08-06 04:36:48.362 23322 23336 I art     : Starting a blocking GC Explicit
08-06 04:36:48.384 23322 23336 I art     : Explicit concurrent mark sweep GC freed 7(224B) AllocSpace objects, 0(0B) LOS objects, 31% free, 34MB/50MB, paused 681us total 22.092ms
08-06 04:36:48.393 23322 23336 I art     : Starting a blocking GC Explicit
08-06 04:36:48.415 23322 23336 I art     : Explicit concurrent mark sweep GC freed 7(224B) AllocSpace objects, 0(0B) LOS objects, 31% free, 34MB/50MB, paused 674us total 22.246ms
08-06 04:36:48.578 24265 24265 D AndroidRuntime: >>>>>> START com.android.internal.os.RuntimeInit uid 2000 <<<<<<
08-06 04:36:48.583 24265 24265 D AndroidRuntime: CheckJNI is OFF
08-06 04:36:48.615 24265 24265 D ICU     : No timezone override file found: /data/misc/zoneinfo/current/icu/icu_tzdata.dat
08-06 04:36:48.646 24265 24265 I Radio-JNI: register_android_hardware_Radio DONE
08-06 04:36:48.668 24265 24265 D AndroidRuntime: Calling main entry com.android.commands.input.Input
08-06 04:36:48.670 24265 24265 I Input   : injectMotionEvent: MotionEvent { action=ACTION_DOWN, actionButton=0, id[0]=0, x[0]=435.0, y[0]=858.0, toolType[0]=TOOL_TYPE_UNKNOWN, buttonState=0, metaState=0, flags=0x0, edgeFlags=0x0, pointerCount=1, historySize=0, eventTime=851825083, downTime=851825083, deviceId=0, source=0x1002 }
08-06 04:36:48.674 24265 24265 I Input   : injectMotionEvent: MotionEvent { action=ACTION_UP, actionButton=0, id[0]=0, x[0]=435.0, y[0]=858.0, toolType[0]=TOOL_TYPE_UNKNOWN, buttonState=0, metaState=0, flags=0x0, edgeFlags=0x0, pointerCount=1, historySize=0, eventTime=851825083, downTime=851825083, deviceId=0, source=0x1002 }
08-06 04:36:48.676 24265 24265 D AndroidRuntime: Shutting down VM
08-06 04:36:48.688   512  2967 D audio_hw_primary: out_set_parameters: enter: usecase(1: low-latency-playback) kvpairs: routing=2
08-06 04:36:48.689   918   928 I ActivityManager: START u0 {cmp=baseline.com.newsblur/.activity.GlobalSharedStoriesReading (has extras)} from uid 10698 on display 0
08-06 04:36:48.701   512  2967 D audio_hw_primary: select_devices: out_snd_device(2: speaker) in_snd_device(0: none)
08-06 04:36:48.701   512  2967 D msm8974_platform: platform_send_audio_calibration: sending audio calibration for snd_device(2) acdb_id(15)
08-06 04:36:48.702   512  2967 I soundtrigger: audio_extn_sound_trigger_update_device_status: device 0x2 of type 0 for Event 1
08-06 04:36:48.711 23322 23337 I art     : Starting a blocking GC Explicit
08-06 04:36:48.713   512  2967 D audio_hw_primary: enable_snd_device: snd_device(2: speaker)
08-06 04:36:48.715   512  2967 D audio_hw_primary: enable_audio_route: apply and update mixer path: low-latency-playback speaker
08-06 04:36:48.736 23322 23337 I art     : Explicit concurrent mark sweep GC freed 2082(174KB) AllocSpace objects, 3(60KB) LOS objects, 31% free, 35MB/51MB, paused 983us total 24.438ms
08-06 04:36:48.746 23322 23337 I art     : Starting a blocking GC Explicit
08-06 04:36:48.769 23322 23337 I art     : Explicit concurrent mark sweep GC freed 1082(66KB) AllocSpace objects, 3(520KB) LOS objects, 30% free, 35MB/51MB, paused 803us total 23.171ms
08-06 04:36:48.778 23322 23337 I art     : Starting a blocking GC Explicit
08-06 04:36:48.800 23322 23337 I art     : Explicit concurrent mark sweep GC freed 231(11KB) AllocSpace objects, 0(0B) LOS objects, 30% free, 35MB/51MB, paused 701us total 22.227ms
08-06 04:36:48.809 23322 23337 I art     : Starting a blocking GC Explicit
08-06 04:36:48.831 23322 23337 I art     : Explicit concurrent mark sweep GC freed 27(1312B) AllocSpace objects, 0(0B) LOS objects, 30% free, 35MB/51MB, paused 710us total 22.529ms
08-06 04:36:48.841 23322 23337 I art     : Starting a blocking GC Explicit
08-06 04:36:48.865 23322 23337 I art     : Explicit concurrent mark sweep GC freed 158(26KB) AllocSpace objects, 1(20KB) LOS objects, 30% free, 35MB/51MB, paused 646us total 23.632ms
08-06 04:36:48.918   918   936 I ActivityManager: Displayed baseline.com.newsblur/.activity.GlobalSharedStoriesReading: +220ms
08-06 04:36:48.919 13866 13866 I GoogleInputMethodServic: GoogleInputMethodService.onFinishInput():3138 
08-06 04:36:48.920 13866 13866 I GoogleInputMethodServic: GoogleInputMethodService.onStartInput():1808 
08-06 04:36:48.939   918  6112 D ConnectivityService: listenForNetwork for Listen from uid/pid:10698/23322 for NetworkRequest [ id=3832, legacyType=-1, [ Capabilities: INTERNET&NOT_RESTRICTED&TRUSTED] ]
08-06 04:36:49.136 23322 23366 V RenderScript: 0x7f7ac90000 Launching thread(s), CPUs 8
08-06 04:36:49.156 23322 23384 I art     : Starting a blocking GC Explicit
08-06 04:36:49.169 23322 23611 I NAPPA_EXPERIMENTATION: MetricNetworkRequestExecutionTime: REQUEST_DURATION_SYSTEM='128',REQUEST_DURATION_OKHTTP='127',REQUEST_SYNCHRONOUS='TRUE',RESPONSE_CODE='200',RESPONSE_METHOD='GET',RESPONSE_LENGTH_OKHTTP='3140',RESPONSE_LENGTH_HEADER='3140',REQUEST_PROTOCOL='http/1.1',REQUEST_URL='https://s3.amazonaws.com/avatars.newsblur.com/avatars/136960/thumbnail_profile_1364434554.jpg',
08-06 04:36:49.193 23322 23384 I art     : Explicit concurrent mark sweep GC freed 5473(417KB) AllocSpace objects, 13(244KB) LOS objects, 28% free, 39MB/55MB, paused 765us total 36.514ms
08-06 04:36:49.201 23322 23384 I art     : Starting a blocking GC Explicit
08-06 04:36:49.225 23322 23384 I art     : Explicit concurrent mark sweep GC freed 2956(268KB) AllocSpace objects, 2(48KB) LOS objects, 28% free, 39MB/55MB, paused 764us total 23.231ms
08-06 04:36:49.234 23322 23384 I art     : Starting a blocking GC Explicit
08-06 04:36:49.258   512  2967 D audio_hw_primary: disable_audio_route: reset and update mixer path: low-latency-playback speaker
08-06 04:36:49.259   512  2967 D audio_hw_primary: disable_snd_device: snd_device(2: speaker)
08-06 04:36:49.260 23322 23384 I art     : Explicit concurrent mark sweep GC freed 3370(306KB) AllocSpace objects, 7(140KB) LOS objects, 28% free, 39MB/55MB, paused 1.199ms total 25.881ms
08-06 04:36:49.267   512  2967 I soundtrigger: audio_extn_sound_trigger_update_device_status: device 0x2 of type 0 for Event 0
08-06 04:36:49.268 23322 23384 I art     : Starting a blocking GC Explicit
08-06 04:36:49.293 23322 23384 I art     : Explicit concurrent mark sweep GC freed 2582(157KB) AllocSpace objects, 0(0B) LOS objects, 28% free, 39MB/55MB, paused 1.112ms total 24.511ms
08-06 04:36:49.302 23322 23384 I art     : Starting a blocking GC Explicit
08-06 04:36:49.326 23322 23384 I art     : Explicit concurrent mark sweep GC freed 1796(117KB) AllocSpace objects, 0(0B) LOS objects, 28% free, 39MB/55MB, paused 870us total 23.983ms
08-06 04:36:49.376 23322 23936 E chromium: [ERROR:tile_manager.cc(793)] WARNING: tile memory limits exceeded, some content may not draw
08-06 04:36:49.377 23322 23936 E chromium: [ERROR:tile_manager.cc(793)] WARNING: tile memory limits exceeded, some content may not draw
08-06 04:36:49.423 23322 23936 E chromium: [ERROR:tile_manager.cc(793)] WARNING: tile memory limits exceeded, some content may not draw
08-06 04:36:49.432 23322 23936 E chromium: [ERROR:tile_manager.cc(793)] WARNING: tile memory limits exceeded, some content may not draw
08-06 04:36:49.446   918  3188 I hubconnection: sensorhub said: 'set_bias 3: -6.2400, 0.0000, 0.0000'
08-06 04:36:49.458 23322 23936 E chromium: [ERROR:tile_manager.cc(793)] WARNING: tile memory limits exceeded, some content may not draw
08-06 04:36:49.459 23322 23936 E chromium: [ERROR:tile_manager.cc(793)] WARNING: tile memory limits exceeded, some content may not draw
08-06 04:36:49.459 23322 23936 E chromium: [ERROR:tile_manager.cc(793)] WARNING: tile memory limits exceeded, some content may not draw
08-06 04:36:49.460 23322 23936 E chromium: [ERROR:tile_manager.cc(793)] WARNING: tile memory limits exceeded, some content may not draw
08-06 04:36:49.472 23322 23936 E chromium: [ERROR:tile_manager.cc(793)] WARNING: tile memory limits exceeded, some content may not draw
08-06 04:36:49.473 23322 23936 E chromium: [ERROR:tile_manager.cc(793)] WARNING: tile memory limits exceeded, some content may not draw
08-06 04:36:49.473 23322 23936 E chromium: [ERROR:tile_manager.cc(793)] WARNING: tile memory limits exceeded, some content may not draw
08-06 04:36:49.476 23322 23936 E chromium: [ERROR:tile_manager.cc(793)] WARNING: tile memory limits exceeded, some content may not draw
08-06 04:36:49.477 23322 23936 E chromium: [ERROR:tile_manager.cc(793)] WARNING: tile memory limits exceeded, some content may not draw
08-06 04:36:49.478 23322 23936 E chromium: [ERROR:tile_manager.cc(793)] WARNING: tile memory limits exceeded, some content may not draw
08-06 04:36:49.490 23322 23936 E chromium: [ERROR:tile_manager.cc(793)] WARNING: tile memory limits exceeded, some content may not draw
08-06 04:36:49.492 23322 23936 E chromium: [ERROR:tile_manager.cc(793)] WARNING: tile memory limits exceeded, some content may not draw
08-06 04:36:49.492 23322 23936 E chromium: [ERROR:tile_manager.cc(793)] WARNING: tile memory limits exceeded, some content may not draw
08-06 04:36:49.494 23322 23936 E chromium: [ERROR:tile_manager.cc(793)] WARNING: tile memory limits exceeded, some content may not draw
08-06 04:36:49.497 23322 23936 E chromium: [ERROR:tile_manager.cc(793)] WARNING: tile memory limits exceeded, some content may not draw
08-06 04:36:49.497 23322 23936 E chromium: [ERROR:tile_manager.cc(793)] WARNING: tile memory limits exceeded, some content may not draw
08-06 04:36:49.504 23322 23936 E chromium: [ERROR:tile_manager.cc(793)] WARNING: tile memory limits exceeded, some content may not draw
08-06 04:36:49.505 23322 23936 E chromium: [ERROR:tile_manager.cc(793)] WARNING: tile memory limits exceeded, some content may not draw
08-06 04:36:49.620 23322 23337 I art     : Starting a blocking GC Explicit
08-06 04:36:49.655 23322 23337 I art     : Explicit concurrent mark sweep GC freed 8259(496KB) AllocSpace objects, 9(468KB) LOS objects, 28% free, 39MB/55MB, paused 826us total 34.245ms
08-06 04:36:49.658 23322 24309 D MY_TAG  : 0, 408
08-06 04:36:49.667 23322 23337 I art     : Starting a blocking GC Explicit
08-06 04:36:49.696 23322 23337 I art     : Explicit concurrent mark sweep GC freed 2787(308KB) AllocSpace objects, 2(40KB) LOS objects, 28% free, 39MB/55MB, paused 733us total 28.780ms
08-06 04:36:49.706 23322 23337 I art     : Starting a blocking GC Explicit
08-06 04:36:49.733 23322 23936 E chromium: [ERROR:tile_manager.cc(793)] WARNING: tile memory limits exceeded, some content may not draw
08-06 04:36:49.734 23322 23337 I art     : Explicit concurrent mark sweep GC freed 57(2528B) AllocSpace objects, 0(0B) LOS objects, 28% free, 39MB/55MB, paused 1.010ms total 27.080ms
08-06 04:36:49.734 23322 23936 E chromium: [ERROR:tile_manager.cc(793)] WARNING: tile memory limits exceeded, some content may not draw
08-06 04:36:49.744 23322 23936 E chromium: [ERROR:tile_manager.cc(793)] WARNING: tile memory limits exceeded, some content may not draw
08-06 04:36:49.747 23322 23337 I art     : Starting a blocking GC Explicit
08-06 04:36:49.769 23322 23936 E chromium: [ERROR:tile_manager.cc(793)] WARNING: tile memory limits exceeded, some content may not draw
08-06 04:36:49.773 23322 23337 I art     : Explicit concurrent mark sweep GC freed 68(3KB) AllocSpace objects, 0(0B) LOS objects, 28% free, 39MB/55MB, paused 865us total 26.364ms
08-06 04:36:49.782 23322 23337 I art     : Starting a blocking GC Explicit
08-06 04:36:49.806 23322 23337 I art     : Explicit concurrent mark sweep GC freed 3(96B) AllocSpace objects, 0(0B) LOS objects, 28% free, 39MB/55MB, paused 798us total 23.764ms
08-06 04:36:50.109 23322 24309 D MY_TAG  : 0, 431
08-06 04:36:50.137 23322 23337 I art     : Starting a blocking GC Explicit
08-06 04:36:50.161 23322 23936 E chromium: [ERROR:tile_manager.cc(793)] WARNING: tile memory limits exceeded, some content may not draw
08-06 04:36:50.162 23322 23936 E chromium: [ERROR:tile_manager.cc(793)] WARNING: tile memory limits exceeded, some content may not draw
08-06 04:36:50.166 23322 23337 I art     : Explicit concurrent mark sweep GC freed 4524(311KB) AllocSpace objects, 8(160KB) LOS objects, 28% free, 39MB/55MB, paused 954us total 29.250ms
08-06 04:36:50.170 23322 23936 E chromium: [ERROR:tile_manager.cc(793)] WARNING: tile memory limits exceeded, some content may not draw
08-06 04:36:50.171 23322 23936 E chromium: [ERROR:tile_manager.cc(793)] WARNING: tile memory limits exceeded, some content may not draw
08-06 04:36:50.177 23322 23337 I art     : Starting a blocking GC Explicit
08-06 04:36:50.198 23322 23936 E chromium: [ERROR:tile_manager.cc(793)] WARNING: tile memory limits exceeded, some content may not draw
08-06 04:36:50.199 23322 23936 E chromium: [ERROR:tile_manager.cc(793)] WARNING: tile memory limits exceeded, some content may not draw
08-06 04:36:50.205 23322 23337 I art     : Explicit concurrent mark sweep GC freed 2463(274KB) AllocSpace objects, 12(248KB) LOS objects, 28% free, 39MB/55MB, paused 1.112ms total 27.361ms
08-06 04:36:50.215 23322 23337 I art     : Starting a blocking GC Explicit
08-06 04:36:50.239 23322 23337 I art     : Explicit concurrent mark sweep GC freed 2011(104KB) AllocSpace objects, 1(28KB) LOS objects, 28% free, 39MB/55MB, paused 766us total 24.640ms
08-06 04:36:50.248 23322 23337 I art     : Starting a blocking GC Explicit
08-06 04:36:50.272 23322 23337 I art     : Explicit concurrent mark sweep GC freed 218(9KB) AllocSpace objects, 0(0B) LOS objects, 28% free, 39MB/55MB, paused 803us total 23.706ms
08-06 04:36:50.281 23322 23337 I art     : Starting a blocking GC Explicit
08-06 04:36:50.307 23322 23337 I art     : Explicit concurrent mark sweep GC freed 605(46KB) AllocSpace objects, 0(0B) LOS objects, 28% free, 39MB/55MB, paused 963us total 26.588ms
08-06 04:36:50.627 23322 23336 I art     : Starting a blocking GC Explicit
08-06 04:36:50.657 23322 23336 I art     : Explicit concurrent mark sweep GC freed 1459(82KB) AllocSpace objects, 1(20KB) LOS objects, 28% free, 39MB/55MB, paused 728us total 29.465ms
08-06 04:36:50.667 23322 23336 I art     : Starting a blocking GC Explicit
08-06 04:36:50.694 23322 23336 I art     : Explicit concurrent mark sweep GC freed 20(704B) AllocSpace objects, 0(0B) LOS objects, 28% free, 39MB/55MB, paused 730us total 26.837ms
08-06 04:36:50.704 23322 23336 I art     : Starting a blocking GC Explicit
08-06 04:36:50.731 23322 23336 I art     : Explicit concurrent mark sweep GC freed 3(96B) AllocSpace objects, 0(0B) LOS objects, 28% free, 39MB/55MB, paused 716us total 27.327ms
08-06 04:36:50.741 23322 23336 I art     : Starting a blocking GC Explicit
08-06 04:36:50.768 23322 23336 I art     : Explicit concurrent mark sweep GC freed 3(96B) AllocSpace objects, 0(0B) LOS objects, 28% free, 39MB/55MB, paused 760us total 26.942ms
08-06 04:36:50.777 23322 23336 I art     : Starting a blocking GC Explicit
08-06 04:36:50.804 23322 23336 I art     : Explicit concurrent mark sweep GC freed 3(96B) AllocSpace objects, 0(0B) LOS objects, 28% free, 39MB/55MB, paused 666us total 26.921ms
08-06 04:36:50.956   518   646 I ThermalEngine: ACTION: GPU - Setting GPU[0] to 450000000
08-06 04:36:51.181 23322 23337 I art     : Starting a blocking GC Explicit
08-06 04:36:51.218 23322 23337 I art     : Explicit concurrent mark sweep GC freed 1404(81KB) AllocSpace objects, 1(20KB) LOS objects, 28% free, 39MB/55MB, paused 1.112ms total 36.921ms
08-06 04:36:51.230 23322 23337 I art     : Starting a blocking GC Explicit
08-06 04:36:51.268 23322 23337 I art     : Explicit concurrent mark sweep GC freed 20(704B) AllocSpace objects, 0(0B) LOS objects, 28% free, 39MB/55MB, paused 1.035ms total 37.113ms
08-06 04:36:51.282 23322 23337 I art     : Starting a blocking GC Explicit
08-06 04:36:51.316 23322 23337 I art     : Explicit concurrent mark sweep GC freed 3(96B) AllocSpace objects, 0(0B) LOS objects, 28% free, 39MB/55MB, paused 921us total 32.806ms
08-06 04:36:51.327 23322 23337 I art     : Starting a blocking GC Explicit
08-06 04:36:51.363 23322 23337 I art     : Explicit concurrent mark sweep GC freed 3(96B) AllocSpace objects, 0(0B) LOS objects, 28% free, 39MB/55MB, paused 952us total 35.394ms
08-06 04:36:51.375 23322 23337 I art     : Starting a blocking GC Explicit
08-06 04:36:51.412 23322 23337 I art     : Explicit concurrent mark sweep GC freed 3(96B) AllocSpace objects, 0(0B) LOS objects, 28% free, 39MB/55MB, paused 1.055ms total 36.065ms
08-06 04:36:51.789 23322 23384 I art     : Starting a blocking GC Explicit
08-06 04:36:51.826 23322 23384 I art     : Explicit concurrent mark sweep GC freed 1403(80KB) AllocSpace objects, 1(20KB) LOS objects, 28% free, 39MB/55MB, paused 1.006ms total 36.964ms
08-06 04:36:51.841 23322 23384 I art     : Starting a blocking GC Explicit
08-06 04:36:51.876 23322 23384 I art     : Explicit concurrent mark sweep GC freed 20(704B) AllocSpace objects, 0(0B) LOS objects, 28% free, 39MB/55MB, paused 955us total 35.663ms
08-06 04:36:51.888 23322 23384 I art     : Starting a blocking GC Explicit
08-06 04:36:51.922 23322 23384 I art     : Explicit concurrent mark sweep GC freed 3(96B) AllocSpace objects, 0(0B) LOS objects, 28% free, 39MB/55MB, paused 899us total 33.285ms
08-06 04:36:51.934 23322 23384 I art     : Starting a blocking GC Explicit
08-06 04:36:51.969 23322 23384 I art     : Explicit concurrent mark sweep GC freed 3(96B) AllocSpace objects, 0(0B) LOS objects, 28% free, 39MB/55MB, paused 1.005ms total 34.635ms
08-06 04:36:51.981 23322 23384 I art     : Starting a blocking GC Explicit
08-06 04:36:52.016 23322 23384 I art     : Explicit concurrent mark sweep GC freed 3(96B) AllocSpace objects, 0(0B) LOS objects, 28% free, 39MB/55MB, paused 978us total 34.900ms
08-06 04:36:52.387 23322 23336 I art     : Starting a blocking GC Explicit
08-06 04:36:52.424 23322 23336 I art     : Explicit concurrent mark sweep GC freed 1404(81KB) AllocSpace objects, 1(20KB) LOS objects, 28% free, 39MB/55MB, paused 909us total 35.956ms
08-06 04:36:52.436 23322 23336 I art     : Starting a blocking GC Explicit
08-06 04:36:52.473 23322 23336 I art     : Explicit concurrent mark sweep GC freed 20(704B) AllocSpace objects, 0(0B) LOS objects, 28% free, 39MB/55MB, paused 940us total 36.487ms
08-06 04:36:52.485 23322 23336 I art     : Starting a blocking GC Explicit
08-06 04:36:52.522 23322 23336 I art     : Explicit concurrent mark sweep GC freed 3(96B) AllocSpace objects, 0(0B) LOS objects, 28% free, 39MB/55MB, paused 1.001ms total 36.454ms
08-06 04:36:52.522 23322 23335 I art     : WaitForGcToComplete blocked for 36.873ms for cause HeapTrim
08-06 04:36:52.534 23322 23336 I art     : Starting a blocking GC Explicit
08-06 04:36:52.570 23322 23336 I art     : Explicit concurrent mark sweep GC freed 3(96B) AllocSpace objects, 0(0B) LOS objects, 28% free, 39MB/55MB, paused 991us total 35.640ms
08-06 04:36:52.582 23322 23336 I art     : Starting a blocking GC Explicit
08-06 04:36:52.619 23322 23336 I art     : Explicit concurrent mark sweep GC freed 3(96B) AllocSpace objects, 0(0B) LOS objects, 28% free, 39MB/55MB, paused 948us total 36.511ms
08-06 04:36:52.998 23322 23337 I art     : Starting a blocking GC Explicit
08-06 04:36:53.031 23322 23337 I art     : Explicit concurrent mark sweep GC freed 1403(81KB) AllocSpace objects, 1(20KB) LOS objects, 28% free, 39MB/55MB, paused 909us total 32.658ms
08-06 04:36:53.043 23322 23337 I art     : Starting a blocking GC Explicit
08-06 04:36:53.078 23322 23337 I art     : Explicit concurrent mark sweep GC freed 20(704B) AllocSpace objects, 0(0B) LOS objects, 28% free, 39MB/55MB, paused 1.063ms total 34.247ms
08-06 04:36:53.089 23322 23337 I art     : Starting a blocking GC Explicit
08-06 04:36:53.125 23322 23337 I art     : Explicit concurrent mark sweep GC freed 3(96B) AllocSpace objects, 0(0B) LOS objects, 28% free, 39MB/55MB, paused 1ms total 35.230ms
08-06 04:36:53.137 23322 23337 I art     : Starting a blocking GC Explicit
08-06 04:36:53.172 23322 23337 I art     : Explicit concurrent mark sweep GC freed 3(96B) AllocSpace objects, 0(0B) LOS objects, 28% free, 39MB/55MB, paused 967us total 34.506ms
08-06 04:36:53.184 23322 23337 I art     : Starting a blocking GC Explicit
08-06 04:36:53.219 23322 23337 I art     : Explicit concurrent mark sweep GC freed 3(96B) AllocSpace objects, 0(0B) LOS objects, 28% free, 39MB/55MB, paused 950us total 35.031ms
08-06 04:36:53.442 24404 24404 D AndroidRuntime: >>>>>> START com.android.internal.os.RuntimeInit uid 2000 <<<<<<
08-06 04:36:53.449 24404 24404 D AndroidRuntime: CheckJNI is OFF
08-06 04:36:53.491 24404 24404 D ICU     : No timezone override file found: /data/misc/zoneinfo/current/icu/icu_tzdata.dat
08-06 04:36:53.533 24404 24404 I Radio-JNI: register_android_hardware_Radio DONE
08-06 04:36:53.563 24404 24404 D AndroidRuntime: Calling main entry com.android.commands.input.Input
08-06 04:36:53.565 24404 24404 I Input   : injectKeyEvent: KeyEvent { action=ACTION_DOWN, keyCode=KEYCODE_BACK, scanCode=0, metaState=0, flags=0x0, repeatCount=0, eventTime=851829978, downTime=851829978, deviceId=-1, source=0x101 }
08-06 04:36:53.569 24404 24404 I Input   : injectKeyEvent: KeyEvent { action=ACTION_UP, keyCode=KEYCODE_BACK, scanCode=0, metaState=0, flags=0x0, repeatCount=0, eventTime=851829978, downTime=851829978, deviceId=-1, source=0x101 }
08-06 04:36:53.575 24404 24404 D AndroidRuntime: Shutting down VM
08-06 04:36:53.579 23322 23337 I art     : Starting a blocking GC Explicit
08-06 04:36:53.615 23322 23337 I art     : Explicit concurrent mark sweep GC freed 1655(121KB) AllocSpace objects, 3(60KB) LOS objects, 28% free, 39MB/55MB, paused 911us total 36.234ms
08-06 04:36:53.627 23322 23337 I art     : Starting a blocking GC Explicit
08-06 04:36:53.659 23322 23337 I art     : Explicit concurrent mark sweep GC freed 53(1952B) AllocSpace objects, 0(0B) LOS objects, 28% free, 39MB/55MB, paused 1.331ms total 31.617ms
08-06 04:36:53.670 23322 23337 I art     : Starting a blocking GC Explicit
08-06 04:36:53.704 23322 23337 I art     : Explicit concurrent mark sweep GC freed 4(1120B) AllocSpace objects, 0(0B) LOS objects, 28% free, 39MB/55MB, paused 1.061ms total 33.411ms
08-06 04:36:53.719 23322 23337 I art     : Starting a blocking GC Explicit
08-06 04:36:53.743 13866 13866 I GoogleInputMethodServic: GoogleInputMethodService.onFinishInput():3138 
08-06 04:36:53.743 13866 13866 I GoogleInputMethodServic: GoogleInputMethodService.onStartInput():1808 
08-06 04:36:53.753 23322 23337 I art     : Explicit concurrent mark sweep GC freed 1522(128KB) AllocSpace objects, 2(40KB) LOS objects, 28% free, 39MB/55MB, paused 1.344ms total 33.636ms
08-06 04:36:53.767 23322 23337 I art     : Starting a blocking GC Explicit
08-06 04:36:53.800 23322 23337 I art     : Explicit concurrent mark sweep GC freed 286(19KB) AllocSpace objects, 1(20KB) LOS objects, 28% free, 39MB/55MB, paused 1.302ms total 32.721ms
08-06 04:36:53.881 23322 24427 I NAPPA_EXPERIMENTATION: MetricNetworkRequestExecutionTime: REQUEST_DURATION_SYSTEM='62',REQUEST_DURATION_OKHTTP='36',REQUEST_SYNCHRONOUS='TRUE',RESPONSE_CODE='200',RESPONSE_METHOD='GET',RESPONSE_LENGTH_OKHTTP='43',RESPONSE_LENGTH_HEADER='43',REQUEST_PROTOCOL='http/1.1',REQUEST_URL='http://feeds.feedburner.com/~r/retort/~4/UffaFMiJbNs',
08-06 04:36:53.961   518   646 I ThermalEngine: ACTION: GPU - Setting GPU[0] to 510000000
08-06 04:36:54.124 23322 24428 I art     : Starting a blocking GC Explicit
08-06 04:36:54.149 23322 24428 I art     : Explicit concurrent mark sweep GC freed 4549(273KB) AllocSpace objects, 3(68KB) LOS objects, 28% free, 39MB/55MB, paused 716us total 25.143ms
08-06 04:36:54.158 23322 24428 I art     : Starting a blocking GC Explicit
08-06 04:36:54.185 23322 24428 I art     : Explicit concurrent mark sweep GC freed 1171(112KB) AllocSpace objects, 0(0B) LOS objects, 28% free, 39MB/55MB, paused 679us total 27.193ms
08-06 04:36:54.194 23322 24428 I art     : Starting a blocking GC Explicit
08-06 04:36:54.204   918  3263 D ConnectivityService: releasing NetworkRequest NetworkRequest [ id=3832, legacyType=-1, [ Capabilities: INTERNET&NOT_RESTRICTED&TRUSTED] ]
08-06 04:36:54.219 23322 24428 I art     : Explicit concurrent mark sweep GC freed 7175(551KB) AllocSpace objects, 12(4MB) LOS objects, 31% free, 34MB/50MB, paused 709us total 24.333ms
08-06 04:36:54.228 23322 24428 I art     : Starting a blocking GC Explicit
08-06 04:36:54.251 23322 24428 I art     : Explicit concurrent mark sweep GC freed 45(1856B) AllocSpace objects, 0(0B) LOS objects, 31% free, 34MB/50MB, paused 666us total 23.199ms
08-06 04:36:54.259 23322 24428 I art     : Starting a blocking GC Explicit
08-06 04:36:54.280 23322 24428 I art     : Explicit concurrent mark sweep GC freed 7(224B) AllocSpace objects, 0(0B) LOS objects, 31% free, 34MB/50MB, paused 648us total 20.827ms
08-06 04:36:54.611 23322 24428 I art     : Starting a blocking GC Explicit
08-06 04:36:54.659 23322 24428 I art     : Explicit concurrent mark sweep GC freed 1446(82KB) AllocSpace objects, 1(20KB) LOS objects, 31% free, 34MB/50MB, paused 1.425ms total 47.293ms
08-06 04:36:54.674 23322 24428 I art     : Starting a blocking GC Explicit
08-06 04:36:54.703 23322 24428 I art     : Explicit concurrent mark sweep GC freed 26(896B) AllocSpace objects, 0(0B) LOS objects, 31% free, 34MB/50MB, paused 838us total 28.501ms
08-06 04:36:54.713 23322 24428 I art     : Starting a blocking GC Explicit
08-06 04:36:54.739 23322 24428 I art     : Explicit concurrent mark sweep GC freed 7(224B) AllocSpace objects, 0(0B) LOS objects, 31% free, 34MB/50MB, paused 739us total 26.158ms
08-06 04:36:54.749 23322 24428 I art     : Starting a blocking GC Explicit
08-06 04:36:54.774 23322 24428 I art     : Explicit concurrent mark sweep GC freed 8(256B) AllocSpace objects, 0(0B) LOS objects, 31% free, 34MB/50MB, paused 730us total 25.413ms
08-06 04:36:54.784 23322 24428 I art     : Starting a blocking GC Explicit
08-06 04:36:54.809 23322 24428 I art     : Explicit concurrent mark sweep GC freed 7(224B) AllocSpace objects, 0(0B) LOS objects, 31% free, 34MB/50MB, paused 676us total 24.431ms
08-06 04:36:55.092 23322 23337 I art     : Starting a blocking GC Explicit
08-06 04:36:55.116 23322 23337 I art     : Explicit concurrent mark sweep GC freed 1438(82KB) AllocSpace objects, 1(20KB) LOS objects, 31% free, 34MB/50MB, paused 702us total 23.006ms
08-06 04:36:55.124 23322 23337 I art     : Starting a blocking GC Explicit
08-06 04:36:55.150 23322 23337 I art     : Explicit concurrent mark sweep GC freed 38(1280B) AllocSpace objects, 0(0B) LOS objects, 31% free, 34MB/50MB, paused 818us total 25.461ms
08-06 04:36:55.159 23322 23337 I art     : Starting a blocking GC Explicit
08-06 04:36:55.186 23322 23337 I art     : Explicit concurrent mark sweep GC freed 4(128B) AllocSpace objects, 0(0B) LOS objects, 31% free, 34MB/50MB, paused 856us total 26.460ms
08-06 04:36:55.195 23322 23337 I art     : Starting a blocking GC Explicit
08-06 04:36:55.219 23322 23337 I art     : Explicit concurrent mark sweep GC freed 3(96B) AllocSpace objects, 0(0B) LOS objects, 31% free, 34MB/50MB, paused 748us total 23.854ms
08-06 04:36:55.225 24455 24455 D AndroidRuntime: >>>>>> START com.android.internal.os.RuntimeInit uid 2000 <<<<<<
08-06 04:36:55.229 23322 23337 I art     : Starting a blocking GC Explicit
08-06 04:36:55.230 24455 24455 D AndroidRuntime: CheckJNI is OFF
08-06 04:36:55.251 23322 23337 I art     : Explicit concurrent mark sweep GC freed 3(96B) AllocSpace objects, 0(0B) LOS objects, 31% free, 34MB/50MB, paused 700us total 21.899ms
08-06 04:36:55.264 24455 24455 D ICU     : No timezone override file found: /data/misc/zoneinfo/current/icu/icu_tzdata.dat
08-06 04:36:55.296 24455 24455 I Radio-JNI: register_android_hardware_Radio DONE
08-06 04:36:55.317 24455 24455 D AndroidRuntime: Calling main entry com.android.commands.input.Input
08-06 04:36:55.319 24455 24455 I Input   : injectKeyEvent: KeyEvent { action=ACTION_DOWN, keyCode=KEYCODE_BACK, scanCode=0, metaState=0, flags=0x0, repeatCount=0, eventTime=851831731, downTime=851831731, deviceId=-1, source=0x101 }
08-06 04:36:55.326 24455 24455 I Input   : injectKeyEvent: KeyEvent { action=ACTION_UP, keyCode=KEYCODE_BACK, scanCode=0, metaState=0, flags=0x0, repeatCount=0, eventTime=851831731, downTime=851831731, deviceId=-1, source=0x101 }
08-06 04:36:55.332 24455 24455 D AndroidRuntime: Shutting down VM
08-06 04:36:55.473 13866 13866 I GoogleInputMethodServic: GoogleInputMethodService.onFinishInput():3138 
08-06 04:36:55.474 13866 13866 I GoogleInputMethodServic: GoogleInputMethodService.onStartInput():1808 
08-06 04:36:55.491 23322 24491 I baseline.com.newsblur.service.NBSyncService: recounting dirty feed sets: 2
08-06 04:36:55.512   918  3261 D WifiStateMachine: starting scan for "H369AA63323"WPA_PSK with 2412,5180
08-06 04:36:55.533 23322 23336 I art     : Starting a blocking GC Explicit
08-06 04:36:55.560 23322 23336 I art     : Explicit concurrent mark sweep GC freed 15627(1022KB) AllocSpace objects, 18(360KB) LOS objects, 31% free, 34MB/50MB, paused 797us total 27.325ms
08-06 04:36:55.569 23322 23336 I art     : Starting a blocking GC Explicit
08-06 04:36:55.591 23322 23336 I art     : Explicit concurrent mark sweep GC freed 466(18KB) AllocSpace objects, 0(0B) LOS objects, 31% free, 34MB/50MB, paused 778us total 21.551ms
08-06 04:36:55.600 23322 23336 I art     : Starting a blocking GC Explicit
08-06 04:36:55.623 23322 23336 I art     : Explicit concurrent mark sweep GC freed 65(4KB) AllocSpace objects, 0(0B) LOS objects, 31% free, 34MB/50MB, paused 775us total 22.647ms
08-06 04:36:55.632 23322 23336 I art     : Starting a blocking GC Explicit
08-06 04:36:55.657 23322 23336 I art     : Explicit concurrent mark sweep GC freed 3(96B) AllocSpace objects, 0(0B) LOS objects, 31% free, 34MB/50MB, paused 872us total 24.818ms
08-06 04:36:55.666 23322 23336 I art     : Starting a blocking GC Explicit
08-06 04:36:55.693 23322 23336 I art     : Explicit concurrent mark sweep GC freed 3(96B) AllocSpace objects, 0(0B) LOS objects, 31% free, 34MB/50MB, paused 714us total 26.246ms
08-06 04:36:55.970   518   646 I ThermalEngine: ACTION: GPU - Setting GPU[0] to 450000000
08-06 04:36:56.048 23322 23336 I art     : Starting a blocking GC Explicit
08-06 04:36:56.069 23322 24491 I NAPPA_EXPERIMENTATION: MetricNetworkRequestExecutionTime: REQUEST_DURATION_SYSTEM='574',REQUEST_DURATION_OKHTTP='36',REQUEST_SYNCHRONOUS='TRUE',RESPONSE_CODE='200',RESPONSE_METHOD='GET',RESPONSE_LENGTH_OKHTTP='-1',RESPONSE_LENGTH_HEADER='-2',REQUEST_PROTOCOL='http/1.1',REQUEST_URL='https://www.newsblur.com/reader/feed_unread_count?feed_id=6882243&feed_id=18178',
08-06 04:36:56.069 23322 24491 D MY_TAG  : 0, 574
08-06 04:36:56.098 23322 23336 I art     : Explicit concurrent mark sweep GC freed 9160(503KB) AllocSpace objects, 8(300KB) LOS objects, 31% free, 34MB/50MB, paused 1.420ms total 49.588ms
08-06 04:36:56.112 23322 23336 I art     : Starting a blocking GC Explicit
08-06 04:36:56.143 23322 23336 I art     : Explicit concurrent mark sweep GC freed 11314(825KB) AllocSpace objects, 13(260KB) LOS objects, 31% free, 34MB/50MB, paused 1.021ms total 31.063ms
08-06 04:36:56.154 23322 23336 I art     : Starting a blocking GC Explicit
08-06 04:36:56.181 23322 23336 I art     : Explicit concurrent mark sweep GC freed 6979(555KB) AllocSpace objects, 2(1188KB) LOS objects, 32% free, 32MB/48MB, paused 890us total 27.011ms
08-06 04:36:56.192 23322 23336 I art     : Starting a blocking GC Explicit
08-06 04:36:56.219 23322 23336 I art     : Explicit concurrent mark sweep GC freed 11(352B) AllocSpace objects, 0(0B) LOS objects, 32% free, 32MB/48MB, paused 1.177ms total 25.983ms
08-06 04:36:56.230 23322 23336 I art     : Starting a blocking GC Explicit
08-06 04:36:56.258 23322 23336 I art     : Explicit concurrent mark sweep GC freed 6(192B) AllocSpace objects, 0(0B) LOS objects, 32% free, 32MB/48MB, paused 983us total 27.932ms
08-06 04:36:56.606 23322 23384 I art     : Starting a blocking GC Explicit
08-06 04:36:56.634 23322 23384 I art     : Explicit concurrent mark sweep GC freed 2229(114KB) AllocSpace objects, 1(20KB) LOS objects, 32% free, 32MB/48MB, paused 900us total 27.731ms
08-06 04:36:56.646 23322 23384 I art     : Starting a blocking GC Explicit
08-06 04:36:56.673 23322 23384 I art     : Explicit concurrent mark sweep GC freed 24(832B) AllocSpace objects, 0(0B) LOS objects, 32% free, 32MB/48MB, paused 911us total 26.808ms
08-06 04:36:56.683 23322 23384 I art     : Starting a blocking GC Explicit
08-06 04:36:56.709 23322 23384 I art     : Explicit concurrent mark sweep GC freed 7(224B) AllocSpace objects, 0(0B) LOS objects, 32% free, 32MB/48MB, paused 1.150ms total 25.531ms
08-06 04:36:56.720 23322 23384 I art     : Starting a blocking GC Explicit
08-06 04:36:56.747 23322 23384 I art     : Explicit concurrent mark sweep GC freed 9(288B) AllocSpace objects, 0(0B) LOS objects, 32% free, 32MB/48MB, paused 1.142ms total 26.476ms
08-06 04:36:56.758 23322 23384 I art     : Starting a blocking GC Explicit
08-06 04:36:56.784 23322 23384 I art     : Explicit concurrent mark sweep GC freed 7(224B) AllocSpace objects, 0(0B) LOS objects, 32% free, 32MB/48MB, paused 989us total 26.167ms
08-06 04:36:57.080 24518 24518 D AndroidRuntime: >>>>>> START com.android.internal.os.RuntimeInit uid 2000 <<<<<<
08-06 04:36:57.087 24518 24518 D AndroidRuntime: CheckJNI is OFF
08-06 04:36:57.136 24518 24518 D ICU     : No timezone override file found: /data/misc/zoneinfo/current/icu/icu_tzdata.dat
08-06 04:36:57.138 23322 23384 I art     : Starting a blocking GC Explicit
08-06 04:36:57.168 23322 23384 I art     : Explicit concurrent mark sweep GC freed 1414(81KB) AllocSpace objects, 1(20KB) LOS objects, 32% free, 32MB/48MB, paused 1.084ms total 29.216ms
08-06 04:36:57.178 23322 23384 I art     : Starting a blocking GC Explicit
08-06 04:36:57.182 24518 24518 I Radio-JNI: register_android_hardware_Radio DONE
08-06 04:36:57.205 23322 23384 I art     : Explicit concurrent mark sweep GC freed 20(704B) AllocSpace objects, 0(0B) LOS objects, 32% free, 32MB/48MB, paused 975us total 26.792ms
08-06 04:36:57.212 24518 24518 D AndroidRuntime: Calling main entry com.android.commands.input.Input
08-06 04:36:57.214 24518 24518 I Input   : injectMotionEvent: MotionEvent { action=ACTION_DOWN, actionButton=0, id[0]=0, x[0]=594.0, y[0]=330.0, toolType[0]=TOOL_TYPE_UNKNOWN, buttonState=0, metaState=0, flags=0x0, edgeFlags=0x0, pointerCount=1, historySize=0, eventTime=851833627, downTime=851833627, deviceId=0, source=0x1002 }
08-06 04:36:57.216 23322 23384 I art     : Starting a blocking GC Explicit
08-06 04:36:57.219 24518 24518 I Input   : injectMotionEvent: MotionEvent { action=ACTION_UP, actionButton=0, id[0]=0, x[0]=594.0, y[0]=330.0, toolType[0]=TOOL_TYPE_UNKNOWN, buttonState=0, metaState=0, flags=0x0, edgeFlags=0x0, pointerCount=1, historySize=0, eventTime=851833627, downTime=851833627, deviceId=0, source=0x1002 }
08-06 04:36:57.221 24518 24518 D AndroidRuntime: Shutting down VM
08-06 04:36:57.245 23322 23384 I art     : Explicit concurrent mark sweep GC freed 38(1584B) AllocSpace objects, 0(0B) LOS objects, 32% free, 32MB/48MB, paused 904us total 28.379ms
08-06 04:36:57.256 23322 23384 I art     : Starting a blocking GC Explicit
08-06 04:36:57.282 23322 23384 I art     : Explicit concurrent mark sweep GC freed 4(128B) AllocSpace objects, 0(0B) LOS objects, 32% free, 32MB/48MB, paused 980us total 25.578ms
08-06 04:36:57.288   918  5952 I ActivityManager: START u0 {cmp=baseline.com.newsblur/.activity.GlobalSharedStoriesItemsList (has extras)} from uid 10698 on display 0
08-06 04:36:57.293 23322 23384 I art     : Starting a blocking GC Explicit
08-06 04:36:57.310 23322 23888 I baseline.com.newsblur.database.BlurDatabaseHelper: reading session reset
08-06 04:36:57.321 23322 23384 I art     : Explicit concurrent mark sweep GC freed 829(118KB) AllocSpace objects, 4(80KB) LOS objects, 32% free, 32MB/48MB, paused 1.170ms total 28.094ms
08-06 04:36:57.516 23322 23322 W View    : requestLayout() improperly called by android.widget.FrameLayout{ee7b6d7 V.E...... ......ID 0,0-1440,18 #7f07003f app:id/footer_view_inner} during layout: running second layout pass
08-06 04:36:57.516 23322 23322 W View    : requestLayout() improperly called by android.widget.FrameLayout{3a88bc4 V.E...... ......ID 0,0-1440,2091 #7f07003f app:id/footer_view_inner} during layout: running second layout pass
08-06 04:36:57.533 13866 13866 I GoogleInputMethodServic: GoogleInputMethodService.onFinishInput():3138 
08-06 04:36:57.534 13866 13866 I GoogleInputMethodServic: GoogleInputMethodService.onStartInput():1808 
08-06 04:36:57.535   918   936 I ActivityManager: Displayed baseline.com.newsblur/.activity.GlobalSharedStoriesItemsList: +238ms
08-06 04:36:57.641 23322 23336 I art     : Starting a blocking GC Explicit
08-06 04:36:57.661 23322 23610 I NAPPA_EXPERIMENTATION: MetricNetworkRequestExecutionTime: REQUEST_DURATION_SYSTEM='88',REQUEST_DURATION_OKHTTP='88',REQUEST_SYNCHRONOUS='TRUE',RESPONSE_CODE='200',RESPONSE_METHOD='GET',RESPONSE_LENGTH_OKHTTP='43',RESPONSE_LENGTH_HEADER='43',REQUEST_PROTOCOL='http/1.1',REQUEST_URL='http://feeds.feedburner.com/~r/retort/~4/UffaFMiJbNs',
08-06 04:36:57.676 23322 23336 I art     : Explicit concurrent mark sweep GC freed 5184(341KB) AllocSpace objects, 12(364KB) LOS objects, 31% free, 34MB/50MB, paused 1.008ms total 34.322ms
08-06 04:36:57.687 23322 23336 I art     : Starting a blocking GC Explicit
08-06 04:36:57.715 23322 23336 I art     : Explicit concurrent mark sweep GC freed 445(21KB) AllocSpace objects, 0(0B) LOS objects, 31% free, 34MB/50MB, paused 895us total 27.412ms
08-06 04:36:57.725 23322 23336 I art     : Starting a blocking GC Explicit
08-06 04:36:57.752 23322 23336 I art     : Explicit concurrent mark sweep GC freed 3(96B) AllocSpace objects, 0(0B) LOS objects, 31% free, 34MB/50MB, paused 880us total 26.380ms
08-06 04:36:57.763 23322 23336 I art     : Starting a blocking GC Explicit
08-06 04:36:57.789 23322 23336 I art     : Explicit concurrent mark sweep GC freed 81(3KB) AllocSpace objects, 0(0B) LOS objects, 31% free, 34MB/50MB, paused 1.099ms total 26.288ms
08-06 04:36:57.800 23322 23336 I art     : Starting a blocking GC Explicit
08-06 04:36:57.827 23322 23336 I art     : Explicit concurrent mark sweep GC freed 134(17KB) AllocSpace objects, 1(20KB) LOS objects, 31% free, 34MB/50MB, paused 949us total 26.311ms
08-06 04:36:58.148 23322 24428 I art     : Starting a blocking GC Explicit
08-06 04:36:58.182 23322 24428 I art     : Explicit concurrent mark sweep GC freed 1654(91KB) AllocSpace objects, 1(20KB) LOS objects, 31% free, 34MB/50MB, paused 1.006ms total 33.829ms
08-06 04:36:58.193 23322 24428 I art     : Starting a blocking GC Explicit
08-06 04:36:58.223 23322 24428 I art     : Explicit concurrent mark sweep GC freed 20(704B) AllocSpace objects, 0(0B) LOS objects, 31% free, 34MB/50MB, paused 987us total 28.835ms
08-06 04:36:58.234 23322 24428 I art     : Starting a blocking GC Explicit
08-06 04:36:58.263 23322 24428 I art     : Explicit concurrent mark sweep GC freed 3(96B) AllocSpace objects, 0(0B) LOS objects, 31% free, 34MB/50MB, paused 989us total 28.977ms
08-06 04:36:58.274 23322 24428 I art     : Starting a blocking GC Explicit
08-06 04:36:58.304 23322 24428 I art     : Explicit concurrent mark sweep GC freed 3(96B) AllocSpace objects, 0(0B) LOS objects, 31% free, 34MB/50MB, paused 963us total 29.332ms
08-06 04:36:58.315 23322 24428 I art     : Starting a blocking GC Explicit
08-06 04:36:58.345 23322 24428 I art     : Explicit concurrent mark sweep GC freed 3(96B) AllocSpace objects, 0(0B) LOS objects, 31% free, 34MB/50MB, paused 1.005ms total 29.711ms
08-06 04:36:58.694 23322 23384 I art     : Starting a blocking GC Explicit
08-06 04:36:58.728 23322 23384 I art     : Explicit concurrent mark sweep GC freed 1408(81KB) AllocSpace objects, 1(20KB) LOS objects, 31% free, 34MB/50MB, paused 1.126ms total 33.845ms
08-06 04:36:58.740 23322 23384 I art     : Starting a blocking GC Explicit
08-06 04:36:58.772 23322 23384 I art     : Explicit concurrent mark sweep GC freed 26(896B) AllocSpace objects, 0(0B) LOS objects, 31% free, 34MB/50MB, paused 1.024ms total 31.777ms
08-06 04:36:58.784 23322 23384 I art     : Starting a blocking GC Explicit
08-06 04:36:58.814 23322 23384 I art     : Explicit concurrent mark sweep GC freed 8(256B) AllocSpace objects, 0(0B) LOS objects, 31% free, 34MB/50MB, paused 963us total 30.261ms
08-06 04:36:58.828 23322 23384 I art     : Starting a blocking GC Explicit
08-06 04:36:58.860 23322 23384 I art     : Explicit concurrent mark sweep GC freed 8(256B) AllocSpace objects, 0(0B) LOS objects, 31% free, 34MB/50MB, paused 1.024ms total 32.011ms
08-06 04:36:58.873 23322 23384 I art     : Starting a blocking GC Explicit
08-06 04:36:58.905 23322 23384 I art     : Explicit concurrent mark sweep GC freed 9(288B) AllocSpace objects, 0(0B) LOS objects, 31% free, 34MB/50MB, paused 1.085ms total 32.292ms
08-06 04:36:59.272 23322 23336 I art     : Starting a blocking GC Explicit
08-06 04:36:59.307 23322 23336 I art     : Explicit concurrent mark sweep GC freed 1403(81KB) AllocSpace objects, 1(20KB) LOS objects, 31% free, 34MB/50MB, paused 1.041ms total 33.947ms
08-06 04:36:59.322 23322 23336 I art     : Starting a blocking GC Explicit
08-06 04:36:59.352 23322 23336 I art     : Explicit concurrent mark sweep GC freed 20(704B) AllocSpace objects, 0(0B) LOS objects, 31% free, 34MB/50MB, paused 1.026ms total 30.255ms
08-06 04:36:59.364 23322 23336 I art     : Starting a blocking GC Explicit
08-06 04:36:59.395 23322 23336 I art     : Explicit concurrent mark sweep GC freed 3(96B) AllocSpace objects, 0(0B) LOS objects, 31% free, 34MB/50MB, paused 1.014ms total 31.401ms
08-06 04:36:59.407 23322 23336 I art     : Starting a blocking GC Explicit
08-06 04:36:59.439 23322 23336 I art     : Explicit concurrent mark sweep GC freed 3(96B) AllocSpace objects, 0(0B) LOS objects, 31% free, 34MB/50MB, paused 981us total 31.549ms
08-06 04:36:59.450 23322 23336 I art     : Starting a blocking GC Explicit
08-06 04:36:59.481 23322 23336 I art     : Explicit concurrent mark sweep GC freed 3(96B) AllocSpace objects, 0(0B) LOS objects, 31% free, 34MB/50MB, paused 974us total 30.712ms
08-06 04:36:59.845 23322 23384 I art     : Starting a blocking GC Explicit
08-06 04:36:59.880 23322 23384 I art     : Explicit concurrent mark sweep GC freed 1403(81KB) AllocSpace objects, 1(20KB) LOS objects, 31% free, 34MB/50MB, paused 1.052ms total 34.140ms
08-06 04:36:59.894 23322 23384 I art     : Starting a blocking GC Explicit
08-06 04:36:59.925 23322 23384 I art     : Explicit concurrent mark sweep GC freed 20(704B) AllocSpace objects, 0(0B) LOS objects, 31% free, 34MB/50MB, paused 977us total 30.786ms
08-06 04:36:59.936 23322 23384 I art     : Starting a blocking GC Explicit
08-06 04:36:59.967 23322 23384 I art     : Explicit concurrent mark sweep GC freed 3(96B) AllocSpace objects, 0(0B) LOS objects, 31% free, 34MB/50MB, paused 1.032ms total 30.409ms
08-06 04:36:59.978 23322 23384 I art     : Starting a blocking GC Explicit
08-06 04:37:00.009 23322 23384 I art     : Explicit concurrent mark sweep GC freed 3(96B) AllocSpace objects, 0(0B) LOS objects, 31% free, 34MB/50MB, paused 1.044ms total 30.645ms
08-06 04:37:00.020 23322 23384 I art     : Starting a blocking GC Explicit
08-06 04:37:00.050 23322 23384 I art     : Explicit concurrent mark sweep GC freed 3(96B) AllocSpace objects, 0(0B) LOS objects, 31% free, 34MB/50MB, paused 904us total 28.877ms
08-06 04:37:00.396 23322 24428 I art     : Starting a blocking GC Explicit
08-06 04:37:00.430 23322 24428 I art     : Explicit concurrent mark sweep GC freed 1403(81KB) AllocSpace objects, 1(20KB) LOS objects, 31% free, 34MB/50MB, paused 1.067ms total 33.425ms
08-06 04:37:00.444 23322 24428 I art     : Starting a blocking GC Explicit
08-06 04:37:00.476 23322 24428 I art     : Explicit concurrent mark sweep GC freed 20(704B) AllocSpace objects, 0(0B) LOS objects, 31% free, 34MB/50MB, paused 1.017ms total 31.897ms
08-06 04:37:00.488 23322 24428 I art     : Starting a blocking GC Explicit
08-06 04:37:00.519 23322 24428 I art     : Explicit concurrent mark sweep GC freed 3(96B) AllocSpace objects, 0(0B) LOS objects, 31% free, 34MB/50MB, paused 1.016ms total 31.308ms
08-06 04:37:00.531 23322 24428 I art     : Starting a blocking GC Explicit
08-06 04:37:00.563 23322 24428 I art     : Explicit concurrent mark sweep GC freed 3(96B) AllocSpace objects, 0(0B) LOS objects, 31% free, 34MB/50MB, paused 1.027ms total 31.522ms
08-06 04:37:00.574 23322 24428 I art     : Starting a blocking GC Explicit
08-06 04:37:00.606 23322 24428 I art     : Explicit concurrent mark sweep GC freed 3(96B) AllocSpace objects, 0(0B) LOS objects, 31% free, 34MB/50MB, paused 985us total 31.723ms
08-06 04:37:00.975 23322 23337 I art     : Starting a blocking GC Explicit
08-06 04:37:01.008 23322 23337 I art     : Explicit concurrent mark sweep GC freed 1402(82KB) AllocSpace objects, 1(20KB) LOS objects, 31% free, 34MB/50MB, paused 938us total 32.060ms
08-06 04:37:01.023 23322 23337 I art     : Starting a blocking GC Explicit
08-06 04:37:01.053 23322 23337 I art     : Explicit concurrent mark sweep GC freed 20(704B) AllocSpace objects, 0(0B) LOS objects, 31% free, 34MB/50MB, paused 1.013ms total 30.249ms
08-06 04:37:01.065 23322 23337 I art     : Starting a blocking GC Explicit
08-06 04:37:01.096 23322 23337 I art     : Explicit concurrent mark sweep GC freed 3(96B) AllocSpace objects, 0(0B) LOS objects, 31% free, 34MB/50MB, paused 999us total 31.527ms
08-06 04:37:01.108 23322 23337 I art     : Starting a blocking GC Explicit
08-06 04:37:01.138 23322 23337 I art     : Explicit concurrent mark sweep GC freed 3(96B) AllocSpace objects, 0(0B) LOS objects, 31% free, 34MB/50MB, paused 969us total 30.624ms
08-06 04:37:01.150 23322 23337 I art     : Starting a blocking GC Explicit
08-06 04:37:01.180 23322 23337 I art     : Explicit concurrent mark sweep GC freed 3(96B) AllocSpace objects, 0(0B) LOS objects, 31% free, 34MB/50MB, paused 986us total 29.783ms
08-06 04:37:01.554 23322 23336 I art     : Starting a blocking GC Explicit
08-06 04:37:01.589 23322 23336 I art     : Explicit concurrent mark sweep GC freed 1402(81KB) AllocSpace objects, 1(20KB) LOS objects, 31% free, 34MB/50MB, paused 1.085ms total 34.446ms
08-06 04:37:01.602 23322 23336 I art     : Starting a blocking GC Explicit
08-06 04:37:01.633 23322 23336 I art     : Explicit concurrent mark sweep GC freed 20(704B) AllocSpace objects, 0(0B) LOS objects, 31% free, 34MB/50MB, paused 907us total 30.040ms
08-06 04:37:01.644 23322 23336 I art     : Starting a blocking GC Explicit
08-06 04:37:01.676 23322 23336 I art     : Explicit concurrent mark sweep GC freed 3(96B) AllocSpace objects, 0(0B) LOS objects, 31% free, 34MB/50MB, paused 1.007ms total 32.133ms
08-06 04:37:01.688 23322 23336 I art     : Starting a blocking GC Explicit
08-06 04:37:01.720 23322 23336 I art     : Explicit concurrent mark sweep GC freed 3(96B) AllocSpace objects, 0(0B) LOS objects, 31% free, 34MB/50MB, paused 1.025ms total 31.632ms
08-06 04:37:01.732 23322 23336 I art     : Starting a blocking GC Explicit
08-06 04:37:01.763 23322 23336 I art     : Explicit concurrent mark sweep GC freed 3(96B) AllocSpace objects, 0(0B) LOS objects, 31% free, 34MB/50MB, paused 1.044ms total 31.004ms
08-06 04:37:01.978   518   646 I ThermalEngine: ACTION: GPU - Setting GPU[0] to 510000000
08-06 04:37:02.111 23322 23384 I art     : Starting a blocking GC Explicit
08-06 04:37:02.137 23322 23384 I art     : Explicit concurrent mark sweep GC freed 1401(80KB) AllocSpace objects, 1(20KB) LOS objects, 31% free, 34MB/50MB, paused 756us total 25.171ms
08-06 04:37:02.146 23322 23384 I art     : Starting a blocking GC Explicit
08-06 04:37:02.170 23322 23384 I art     : Explicit concurrent mark sweep GC freed 20(704B) AllocSpace objects, 0(0B) LOS objects, 31% free, 34MB/50MB, paused 750us total 24.469ms
08-06 04:37:02.179 23322 23384 I art     : Starting a blocking GC Explicit
08-06 04:37:02.204 23322 23384 I art     : Explicit concurrent mark sweep GC freed 3(96B) AllocSpace objects, 0(0B) LOS objects, 31% free, 34MB/50MB, paused 744us total 24.077ms
08-06 04:37:02.213 23322 23384 I art     : Starting a blocking GC Explicit
08-06 04:37:02.237 23322 23384 I art     : Explicit concurrent mark sweep GC freed 3(96B) AllocSpace objects, 0(0B) LOS objects, 31% free, 34MB/50MB, paused 709us total 23.675ms
08-06 04:37:02.246 23322 23384 I art     : Starting a blocking GC Explicit
08-06 04:37:02.270 23322 23384 I art     : Explicit concurrent mark sweep GC freed 3(96B) AllocSpace objects, 0(0B) LOS objects, 31% free, 34MB/50MB, paused 742us total 24.120ms
08-06 04:37:02.589 23322 24428 I art     : Starting a blocking GC Explicit
08-06 04:37:02.613 23322 24428 I art     : Explicit concurrent mark sweep GC freed 1401(80KB) AllocSpace objects, 1(20KB) LOS objects, 31% free, 34MB/50MB, paused 731us total 24.555ms
08-06 04:37:02.623 23322 24428 I art     : Starting a blocking GC Explicit
08-06 04:37:02.647 23322 24428 I art     : Explicit concurrent mark sweep GC freed 20(704B) AllocSpace objects, 0(0B) LOS objects, 31% free, 34MB/50MB, paused 875us total 24.235ms
08-06 04:37:02.656 23322 24428 I art     : Starting a blocking GC Explicit
08-06 04:37:02.680 23322 24428 I art     : Explicit concurrent mark sweep GC freed 3(96B) AllocSpace objects, 0(0B) LOS objects, 31% free, 34MB/50MB, paused 739us total 24.226ms
08-06 04:37:02.689 23322 24428 I art     : Starting a blocking GC Explicit
08-06 04:37:02.713 23322 24428 I art     : Explicit concurrent mark sweep GC freed 3(96B) AllocSpace objects, 0(0B) LOS objects, 31% free, 34MB/50MB, paused 701us total 23.284ms
08-06 04:37:02.722 23322 24428 I art     : Starting a blocking GC Explicit
08-06 04:37:02.745 23322 24428 I art     : Explicit concurrent mark sweep GC freed 3(96B) AllocSpace objects, 0(0B) LOS objects, 31% free, 34MB/50MB, paused 721us total 23.165ms
08-06 04:37:03.118 23322 23337 I art     : Starting a blocking GC Explicit
08-06 04:37:03.144 23322 23337 I art     : Explicit concurrent mark sweep GC freed 1401(80KB) AllocSpace objects, 1(20KB) LOS objects, 31% free, 34MB/50MB, paused 762us total 26.317ms
08-06 04:37:03.155 23322 23337 I art     : Starting a blocking GC Explicit
08-06 04:37:03.179 23322 23337 I art     : Explicit concurrent mark sweep GC freed 20(704B) AllocSpace objects, 0(0B) LOS objects, 31% free, 34MB/50MB, paused 741us total 23.315ms
08-06 04:37:03.187 23322 23337 I art     : Starting a blocking GC Explicit
08-06 04:37:03.211 23322 23337 I art     : Explicit concurrent mark sweep GC freed 3(96B) AllocSpace objects, 0(0B) LOS objects, 31% free, 34MB/50MB, paused 679us total 23.139ms
08-06 04:37:03.219 23322 23337 I art     : Starting a blocking GC Explicit
08-06 04:37:03.242 23322 23337 I art     : Explicit concurrent mark sweep GC freed 3(96B) AllocSpace objects, 0(0B) LOS objects, 31% free, 34MB/50MB, paused 720us total 22.822ms
08-06 04:37:03.252 23322 23337 I art     : Starting a blocking GC Explicit
08-06 04:37:03.276 23322 23337 I art     : Explicit concurrent mark sweep GC freed 3(96B) AllocSpace objects, 0(0B) LOS objects, 31% free, 34MB/50MB, paused 732us total 23.762ms
08-06 04:37:03.608 23322 23336 I art     : Starting a blocking GC Explicit
08-06 04:37:03.635 23322 23336 I art     : Explicit concurrent mark sweep GC freed 1401(80KB) AllocSpace objects, 1(20KB) LOS objects, 31% free, 34MB/50MB, paused 736us total 26.165ms
08-06 04:37:03.646 23322 23336 I art     : Starting a blocking GC Explicit
08-06 04:37:03.671 23322 23336 I art     : Explicit concurrent mark sweep GC freed 20(704B) AllocSpace objects, 0(0B) LOS objects, 31% free, 34MB/50MB, paused 767us total 24.589ms
08-06 04:37:03.680 23322 23336 I art     : Starting a blocking GC Explicit
08-06 04:37:03.705 23322 23336 I art     : Explicit concurrent mark sweep GC freed 3(96B) AllocSpace objects, 0(0B) LOS objects, 31% free, 34MB/50MB, paused 705us total 24.171ms
08-06 04:37:03.714 23322 23336 I art     : Starting a blocking GC Explicit
08-06 04:37:03.737 23322 23336 I art     : Explicit concurrent mark sweep GC freed 3(96B) AllocSpace objects, 0(0B) LOS objects, 31% free, 34MB/50MB, paused 804us total 23.365ms
08-06 04:37:03.746 23322 23336 I art     : Starting a blocking GC Explicit
08-06 04:37:03.771 23322 23336 I art     : Explicit concurrent mark sweep GC freed 3(96B) AllocSpace objects, 0(0B) LOS objects, 31% free, 34MB/50MB, paused 759us total 24.436ms
08-06 04:37:04.135 23322 23384 I art     : Starting a blocking GC Explicit
08-06 04:37:04.161 23322 23384 I art     : Explicit concurrent mark sweep GC freed 1401(80KB) AllocSpace objects, 1(20KB) LOS objects, 31% free, 34MB/50MB, paused 769us total 25.890ms
08-06 04:37:04.172 23322 23384 I art     : Starting a blocking GC Explicit
08-06 04:37:04.197 23322 23384 I art     : Explicit concurrent mark sweep GC freed 20(704B) AllocSpace objects, 0(0B) LOS objects, 31% free, 34MB/50MB, paused 743us total 24.324ms
08-06 04:37:04.206 23322 23384 I art     : Starting a blocking GC Explicit
08-06 04:37:04.230 23322 23384 I art     : Explicit concurrent mark sweep GC freed 3(96B) AllocSpace objects, 0(0B) LOS objects, 31% free, 34MB/50MB, paused 727us total 23.511ms
08-06 04:37:04.239 23322 23384 I art     : Starting a blocking GC Explicit
08-06 04:37:04.263 23322 23384 I art     : Explicit concurrent mark sweep GC freed 3(96B) AllocSpace objects, 0(0B) LOS objects, 31% free, 34MB/50MB, paused 742us total 23.922ms
08-06 04:37:04.272 23322 23384 I art     : Starting a blocking GC Explicit
08-06 04:37:04.296 23322 23384 I art     : Explicit concurrent mark sweep GC freed 3(96B) AllocSpace objects, 0(0B) LOS objects, 31% free, 34MB/50MB, paused 748us total 24.145ms
08-06 04:37:04.659 23322 23337 I art     : Starting a blocking GC Explicit
08-06 04:37:04.685 23322 23337 I art     : Explicit concurrent mark sweep GC freed 1425(81KB) AllocSpace objects, 1(20KB) LOS objects, 31% free, 34MB/50MB, paused 730us total 25.894ms
08-06 04:37:04.697 23322 23337 I art     : Starting a blocking GC Explicit
08-06 04:37:04.720 23322 23337 I art     : Explicit concurrent mark sweep GC freed 20(704B) AllocSpace objects, 0(0B) LOS objects, 31% free, 34MB/50MB, paused 672us total 22.821ms
08-06 04:37:04.729 23322 23337 I art     : Starting a blocking GC Explicit
08-06 04:37:04.752 23322 23337 I art     : Explicit concurrent mark sweep GC freed 3(96B) AllocSpace objects, 0(0B) LOS objects, 31% free, 34MB/50MB, paused 666us total 22.815ms
08-06 04:37:04.761 23322 23337 I art     : Starting a blocking GC Explicit
08-06 04:37:04.784 23322 23337 I art     : Explicit concurrent mark sweep GC freed 3(96B) AllocSpace objects, 0(0B) LOS objects, 31% free, 34MB/50MB, paused 698us total 22.958ms
08-06 04:37:04.793 23322 23337 I art     : Starting a blocking GC Explicit
08-06 04:37:04.818 23322 23337 I art     : Explicit concurrent mark sweep GC freed 3(96B) AllocSpace objects, 0(0B) LOS objects, 31% free, 34MB/50MB, paused 837us total 24.363ms
08-06 04:37:05.151 23322 23336 I art     : Starting a blocking GC Explicit
08-06 04:37:05.177 23322 23336 I art     : Explicit concurrent mark sweep GC freed 1401(80KB) AllocSpace objects, 1(20KB) LOS objects, 31% free, 34MB/50MB, paused 775us total 25.960ms
08-06 04:37:05.186 23322 23336 I art     : Starting a blocking GC Explicit
08-06 04:37:05.211 23322 23336 I art     : Explicit concurrent mark sweep GC freed 20(704B) AllocSpace objects, 0(0B) LOS objects, 31% free, 34MB/50MB, paused 665us total 23.937ms
08-06 04:37:05.220 23322 23336 I art     : Starting a blocking GC Explicit
08-06 04:37:05.243 23322 23336 I art     : Explicit concurrent mark sweep GC freed 3(96B) AllocSpace objects, 0(0B) LOS objects, 31% free, 34MB/50MB, paused 672us total 22.918ms
08-06 04:37:05.252 23322 23336 I art     : Starting a blocking GC Explicit
08-06 04:37:05.276 23322 23336 I art     : Explicit concurrent mark sweep GC freed 3(96B) AllocSpace objects, 0(0B) LOS objects, 31% free, 34MB/50MB, paused 702us total 23.405ms
08-06 04:37:05.285 23322 23336 I art     : Starting a blocking GC Explicit
08-06 04:37:05.309 23322 23336 I art     : Explicit concurrent mark sweep GC freed 3(96B) AllocSpace objects, 0(0B) LOS objects, 31% free, 34MB/50MB, paused 714us total 23.811ms
08-06 04:37:05.655 23322 24428 I art     : Starting a blocking GC Explicit
08-06 04:37:05.681 23322 24428 I art     : Explicit concurrent mark sweep GC freed 1401(80KB) AllocSpace objects, 1(20KB) LOS objects, 31% free, 34MB/50MB, paused 737us total 25.975ms
08-06 04:37:05.692 23322 24428 I art     : Starting a blocking GC Explicit
08-06 04:37:05.716 23322 24428 I art     : Explicit concurrent mark sweep GC freed 20(704B) AllocSpace objects, 0(0B) LOS objects, 31% free, 34MB/50MB, paused 700us total 23.859ms
08-06 04:37:05.725 23322 24428 I art     : Starting a blocking GC Explicit
08-06 04:37:05.749 23322 24428 I art     : Explicit concurrent mark sweep GC freed 3(96B) AllocSpace objects, 0(0B) LOS objects, 31% free, 34MB/50MB, paused 715us total 23.771ms
08-06 04:37:05.758 23322 24428 I art     : Starting a blocking GC Explicit
08-06 04:37:05.782 23322 24428 I art     : Explicit concurrent mark sweep GC freed 3(96B) AllocSpace objects, 0(0B) LOS objects, 31% free, 34MB/50MB, paused 711us total 23.882ms
08-06 04:37:05.791 23322 24428 I art     : Starting a blocking GC Explicit
08-06 04:37:05.816 23322 24428 I art     : Explicit concurrent mark sweep GC freed 3(96B) AllocSpace objects, 0(0B) LOS objects, 31% free, 34MB/50MB, paused 705us total 24.069ms
08-06 04:37:06.180 23322 23384 I art     : Starting a blocking GC Explicit
08-06 04:37:06.206 23322 23384 I art     : Explicit concurrent mark sweep GC freed 1401(80KB) AllocSpace objects, 1(20KB) LOS objects, 31% free, 34MB/50MB, paused 715us total 25.582ms
08-06 04:37:06.218 23322 23384 I art     : Starting a blocking GC Explicit
08-06 04:37:06.241 23322 23384 I art     : Explicit concurrent mark sweep GC freed 20(704B) AllocSpace objects, 0(0B) LOS objects, 31% free, 34MB/50MB, paused 713us total 22.939ms
08-06 04:37:06.250 23322 23384 I art     : Starting a blocking GC Explicit
08-06 04:37:06.273 23322 23384 I art     : Explicit concurrent mark sweep GC freed 3(96B) AllocSpace objects, 0(0B) LOS objects, 31% free, 34MB/50MB, paused 679us total 23.379ms
08-06 04:37:06.282 23322 23384 I art     : Starting a blocking GC Explicit
08-06 04:37:06.306 23322 23384 I art     : Explicit concurrent mark sweep GC freed 3(96B) AllocSpace objects, 0(0B) LOS objects, 31% free, 34MB/50MB, paused 704us total 23.604ms
08-06 04:37:06.315 23322 23384 I art     : Starting a blocking GC Explicit
08-06 04:37:06.338 23322 23384 I art     : Explicit concurrent mark sweep GC freed 3(96B) AllocSpace objects, 0(0B) LOS objects, 31% free, 34MB/50MB, paused 739us total 23.199ms
08-06 04:37:06.670 23322 23337 I art     : Starting a blocking GC Explicit
08-06 04:37:06.696 23322 23337 I art     : Explicit concurrent mark sweep GC freed 1401(80KB) AllocSpace objects, 1(20KB) LOS objects, 31% free, 34MB/50MB, paused 724us total 26.085ms
08-06 04:37:06.710 23322 23337 I art     : Starting a blocking GC Explicit
08-06 04:37:06.732 23322 23337 I art     : Explicit concurrent mark sweep GC freed 20(704B) AllocSpace objects, 0(0B) LOS objects, 31% free, 34MB/50MB, paused 694us total 22.388ms
08-06 04:37:06.741 23322 23337 I art     : Starting a blocking GC Explicit
08-06 04:37:06.764 23322 23337 I art     : Explicit concurrent mark sweep GC freed 3(96B) AllocSpace objects, 0(0B) LOS objects, 31% free, 34MB/50MB, paused 706us total 22.878ms
08-06 04:37:06.773 23322 23337 I art     : Starting a blocking GC Explicit
08-06 04:37:06.796 23322 23337 I art     : Explicit concurrent mark sweep GC freed 3(96B) AllocSpace objects, 0(0B) LOS objects, 31% free, 34MB/50MB, paused 702us total 22.991ms
08-06 04:37:06.805 23322 23337 I art     : Starting a blocking GC Explicit
08-06 04:37:06.829 23322 23337 I art     : Explicit concurrent mark sweep GC freed 3(96B) AllocSpace objects, 0(0B) LOS objects, 31% free, 34MB/50MB, paused 687us total 23.517ms
08-06 04:37:07.159 23322 23336 I art     : Starting a blocking GC Explicit
08-06 04:37:07.186 23322 23336 I art     : Explicit concurrent mark sweep GC freed 1401(80KB) AllocSpace objects, 1(20KB) LOS objects, 31% free, 34MB/50MB, paused 749us total 27.057ms
08-06 04:37:07.197 23322 23336 I art     : Starting a blocking GC Explicit
08-06 04:37:07.221 23322 23336 I art     : Explicit concurrent mark sweep GC freed 20(704B) AllocSpace objects, 0(0B) LOS objects, 31% free, 34MB/50MB, paused 678us total 23.979ms
08-06 04:37:07.230 23322 23336 I art     : Starting a blocking GC Explicit
08-06 04:37:07.254 23322 23336 I art     : Explicit concurrent mark sweep GC freed 3(96B) AllocSpace objects, 0(0B) LOS objects, 31% free, 34MB/50MB, paused 700us total 23.380ms
08-06 04:37:07.263 23322 23336 I art     : Starting a blocking GC Explicit
08-06 04:37:07.287 23322 23336 I art     : Explicit concurrent mark sweep GC freed 3(96B) AllocSpace objects, 0(0B) LOS objects, 31% free, 34MB/50MB, paused 814us total 24.036ms
08-06 04:37:07.296 23322 23336 I art     : Starting a blocking GC Explicit
08-06 04:37:07.320 23322 23336 I art     : Explicit concurrent mark sweep GC freed 3(96B) AllocSpace objects, 0(0B) LOS objects, 31% free, 34MB/50MB, paused 682us total 24.007ms
08-06 04:37:07.624 23322 24428 I art     : Starting a blocking GC Explicit
08-06 04:37:07.649 23322 24428 I art     : Explicit concurrent mark sweep GC freed 1401(80KB) AllocSpace objects, 1(20KB) LOS objects, 31% free, 34MB/50MB, paused 769us total 24.704ms
08-06 04:37:07.656 22366 22366 I ServiceManager: Waiting for service AtCmdFwd...
08-06 04:37:07.658 23322 24428 I art     : Starting a blocking GC Explicit
08-06 04:37:07.682 23322 24428 I art     : Explicit concurrent mark sweep GC freed 20(704B) AllocSpace objects, 0(0B) LOS objects, 31% free, 34MB/50MB, paused 712us total 23.772ms
08-06 04:37:07.691 23322 24428 I art     : Starting a blocking GC Explicit
08-06 04:37:07.714 23322 24428 I art     : Explicit concurrent mark sweep GC freed 3(96B) AllocSpace objects, 0(0B) LOS objects, 31% free, 34MB/50MB, paused 718us total 23.370ms
08-06 04:37:07.723 23322 24428 I art     : Starting a blocking GC Explicit
08-06 04:37:07.746 23322 24428 I art     : Explicit concurrent mark sweep GC freed 3(96B) AllocSpace objects, 0(0B) LOS objects, 31% free, 34MB/50MB, paused 718us total 22.983ms
08-06 04:37:07.755 23322 24428 I art     : Starting a blocking GC Explicit
08-06 04:37:07.779 23322 24428 I art     : Explicit concurrent mark sweep GC freed 3(96B) AllocSpace objects, 0(0B) LOS objects, 31% free, 34MB/50MB, paused 736us total 23.446ms
08-06 04:37:07.881 24756 24756 D AndroidRuntime: >>>>>> START com.android.internal.os.RuntimeInit uid 2000 <<<<<<
08-06 04:37:07.887 24756 24756 D AndroidRuntime: CheckJNI is OFF
08-06 04:37:07.921 24756 24756 D ICU     : No timezone override file found: /data/misc/zoneinfo/current/icu/icu_tzdata.dat
08-06 04:37:07.953 24756 24756 I Radio-JNI: register_android_hardware_Radio DONE
08-06 04:37:07.974 24756 24756 D AndroidRuntime: Calling main entry com.android.commands.input.Input
08-06 04:37:07.976 24756 24756 I Input   : injectMotionEvent: MotionEvent { action=ACTION_DOWN, actionButton=0, id[0]=0, x[0]=436.0, y[0]=453.0, toolType[0]=TOOL_TYPE_UNKNOWN, buttonState=0, metaState=0, flags=0x0, edgeFlags=0x0, pointerCount=1, historySize=0, eventTime=851844389, downTime=851844389, deviceId=0, source=0x1002 }
08-06 04:37:07.980 24756 24756 I Input   : injectMotionEvent: MotionEvent { action=ACTION_UP, actionButton=0, id[0]=0, x[0]=436.0, y[0]=453.0, toolType[0]=TOOL_TYPE_UNKNOWN, buttonState=0, metaState=0, flags=0x0, edgeFlags=0x0, pointerCount=1, historySize=0, eventTime=851844389, downTime=851844389, deviceId=0, source=0x1002 }
08-06 04:37:07.983 24756 24756 D AndroidRuntime: Shutting down VM
08-06 04:37:07.990   512  2967 D audio_hw_primary: out_set_parameters: enter: usecase(1: low-latency-playback) kvpairs: routing=2
08-06 04:37:07.991   918  5952 I ActivityManager: START u0 {cmp=baseline.com.newsblur/.activity.GlobalSharedStoriesReading (has extras)} from uid 10698 on display 0
08-06 04:37:08.004   512  2967 D audio_hw_primary: select_devices: out_snd_device(2: speaker) in_snd_device(0: none)
08-06 04:37:08.004   512  2967 D msm8974_platform: platform_send_audio_calibration: sending audio calibration for snd_device(2) acdb_id(15)
08-06 04:37:08.004   512  2967 I soundtrigger: audio_extn_sound_trigger_update_device_status: device 0x2 of type 0 for Event 1
08-06 04:37:08.016   512  2967 D audio_hw_primary: enable_snd_device: snd_device(2: speaker)
08-06 04:37:08.018   512  2967 D audio_hw_primary: enable_audio_route: apply and update mixer path: low-latency-playback speaker
08-06 04:37:08.093 23322 23336 I art     : Starting a blocking GC Explicit
08-06 04:37:08.118 23322 23336 I art     : Explicit concurrent mark sweep GC freed 2813(210KB) AllocSpace objects, 6(580KB) LOS objects, 30% free, 35MB/51MB, paused 802us total 24.744ms
08-06 04:37:08.127 23322 23336 I art     : Starting a blocking GC Explicit
08-06 04:37:08.153 23322 23336 I art     : Explicit concurrent mark sweep GC freed 567(46KB) AllocSpace objects, 1(20KB) LOS objects, 30% free, 35MB/51MB, paused 756us total 25.803ms
08-06 04:37:08.163 23322 23336 I art     : Starting a blocking GC Explicit
08-06 04:37:08.187 23322 23336 I art     : Explicit concurrent mark sweep GC freed 48(1712B) AllocSpace objects, 0(0B) LOS objects, 30% free, 35MB/51MB, paused 732us total 23.359ms
08-06 04:37:08.196 23322 23336 I art     : Starting a blocking GC Explicit
08-06 04:37:08.219 23322 23336 I art     : Explicit concurrent mark sweep GC freed 462(39KB) AllocSpace objects, 1(20KB) LOS objects, 29% free, 37MB/53MB, paused 972us total 23.535ms
08-06 04:37:08.229 23322 23336 I art     : Starting a blocking GC Explicit
08-06 04:37:08.245 13866 13866 I GoogleInputMethodServic: GoogleInputMethodService.onFinishInput():3138 
08-06 04:37:08.245   918   936 I ActivityManager: Displayed baseline.com.newsblur/.activity.GlobalSharedStoriesReading: +245ms
08-06 04:37:08.246 13866 13866 I GoogleInputMethodServic: GoogleInputMethodService.onStartInput():1808 
08-06 04:37:08.253 23322 23336 I art     : Explicit concurrent mark sweep GC freed 711(32KB) AllocSpace objects, 0(0B) LOS objects, 29% free, 37MB/53MB, paused 1ms total 24.188ms
08-06 04:37:08.266   918  3670 D ConnectivityService: listenForNetwork for Listen from uid/pid:10698/23322 for NetworkRequest [ id=3833, legacyType=-1, [ Capabilities: INTERNET&NOT_RESTRICTED&TRUSTED] ]
08-06 04:37:08.525 23322 23936 E chromium: [ERROR:tile_manager.cc(793)] WARNING: tile memory limits exceeded, some content may not draw
08-06 04:37:08.526 23322 23936 E chromium: [ERROR:tile_manager.cc(793)] WARNING: tile memory limits exceeded, some content may not draw
08-06 04:37:08.538 23322 23336 I art     : Starting a blocking GC Explicit
08-06 04:37:08.549   512  2967 D audio_hw_primary: disable_audio_route: reset and update mixer path: low-latency-playback speaker
08-06 04:37:08.552   512  2967 D audio_hw_primary: disable_snd_device: snd_device(2: speaker)
08-06 04:37:08.559 23322 23936 E chromium: [ERROR:tile_manager.cc(793)] WARNING: tile memory limits exceeded, some content may not draw
08-06 04:37:08.560 23322 23936 E chromium: [ERROR:tile_manager.cc(793)] WARNING: tile memory limits exceeded, some content may not draw
08-06 04:37:08.560   512  2967 I soundtrigger: audio_extn_sound_trigger_update_device_status: device 0x2 of type 0 for Event 0
08-06 04:37:08.562 23322 23336 I art     : Explicit concurrent mark sweep GC freed 4211(369KB) AllocSpace objects, 9(172KB) LOS objects, 28% free, 39MB/55MB, paused 685us total 24.072ms
08-06 04:37:08.571 23322 23336 I art     : Starting a blocking GC Explicit
08-06 04:37:08.594 23322 23336 I art     : Explicit concurrent mark sweep GC freed 1369(80KB) AllocSpace objects, 0(0B) LOS objects, 28% free, 39MB/55MB, paused 646us total 22.847ms
08-06 04:37:08.602 23322 23336 I art     : Starting a blocking GC Explicit
08-06 04:37:08.627 23322 23336 I art     : Explicit concurrent mark sweep GC freed 151(18KB) AllocSpace objects, 1(20KB) LOS objects, 28% free, 39MB/55MB, paused 743us total 24.183ms
08-06 04:37:08.635 23322 23336 I art     : Starting a blocking GC Explicit
08-06 04:37:08.655 23322 23936 E chromium: [ERROR:tile_manager.cc(793)] WARNING: tile memory limits exceeded, some content may not draw
08-06 04:37:08.657 22366 22366 I ServiceManager: Waiting for service AtCmdFwd...
08-06 04:37:08.660 23322 23336 I art     : Explicit concurrent mark sweep GC freed 30(992B) AllocSpace objects, 0(0B) LOS objects, 28% free, 39MB/55MB, paused 1.057ms total 24.517ms
08-06 04:37:08.660 23322 23936 E chromium: [ERROR:tile_manager.cc(793)] WARNING: tile memory limits exceeded, some content may not draw
08-06 04:37:08.664 23322 23936 E chromium: [ERROR:tile_manager.cc(793)] WARNING: tile memory limits exceeded, some content may not draw
08-06 04:37:08.664 23322 23936 E chromium: [ERROR:tile_manager.cc(793)] WARNING: tile memory limits exceeded, some content may not draw
08-06 04:37:08.669 23322 23336 I art     : Starting a blocking GC Explicit
08-06 04:37:08.692 23322 23336 I art     : Explicit concurrent mark sweep GC freed 7(208B) AllocSpace objects, 0(0B) LOS objects, 28% free, 39MB/55MB, paused 675us total 22.389ms
08-06 04:37:09.001 23322 23337 I art     : Starting a blocking GC Explicit
08-06 04:37:09.030 23322 23337 I art     : Explicit concurrent mark sweep GC freed 1403(81KB) AllocSpace objects, 1(20KB) LOS objects, 28% free, 39MB/55MB, paused 746us total 28.645ms
08-06 04:37:09.041 23322 23337 I art     : Starting a blocking GC Explicit
08-06 04:37:09.067 23322 23337 I art     : Explicit concurrent mark sweep GC freed 20(704B) AllocSpace objects, 0(0B) LOS objects, 28% free, 39MB/55MB, paused 858us total 25.553ms
08-06 04:37:09.076 23322 23337 I art     : Starting a blocking GC Explicit
08-06 04:37:09.101 23322 23337 I art     : Explicit concurrent mark sweep GC freed 3(96B) AllocSpace objects, 0(0B) LOS objects, 28% free, 39MB/55MB, paused 712us total 25.113ms
08-06 04:37:09.110 23322 23337 I art     : Starting a blocking GC Explicit
08-06 04:37:09.136 23322 23337 I art     : Explicit concurrent mark sweep GC freed 3(96B) AllocSpace objects, 0(0B) LOS objects, 28% free, 39MB/55MB, paused 733us total 25.824ms
08-06 04:37:09.145 23322 23337 I art     : Starting a blocking GC Explicit
08-06 04:37:09.171 23322 23337 I art     : Explicit concurrent mark sweep GC freed 3(96B) AllocSpace objects, 0(0B) LOS objects, 28% free, 39MB/55MB, paused 732us total 25.853ms
08-06 04:37:09.502 23322 24428 I art     : Starting a blocking GC Explicit
08-06 04:37:09.518 23322 23936 E chromium: [ERROR:tile_manager.cc(793)] WARNING: tile memory limits exceeded, some content may not draw
08-06 04:37:09.519 23322 23936 E chromium: [ERROR:tile_manager.cc(793)] WARNING: tile memory limits exceeded, some content may not draw
08-06 04:37:09.531 23322 24428 I art     : Explicit concurrent mark sweep GC freed 1407(81KB) AllocSpace objects, 1(20KB) LOS objects, 28% free, 39MB/55MB, paused 1.009ms total 28.229ms
08-06 04:37:09.541 23322 24428 I art     : Starting a blocking GC Explicit
08-06 04:37:09.566 23322 24428 I art     : Explicit concurrent mark sweep GC freed 31(1056B) AllocSpace objects, 0(0B) LOS objects, 28% free, 39MB/55MB, paused 728us total 25.002ms
08-06 04:37:09.575 23322 24428 I art     : Starting a blocking GC Explicit
08-06 04:37:09.599 23322 24428 I art     : Explicit concurrent mark sweep GC freed 12(384B) AllocSpace objects, 0(0B) LOS objects, 28% free, 39MB/55MB, paused 648us total 24.061ms
08-06 04:37:09.609 23322 24428 I art     : Starting a blocking GC Explicit
08-06 04:37:09.635 23322 24428 I art     : Explicit concurrent mark sweep GC freed 10(320B) AllocSpace objects, 0(0B) LOS objects, 28% free, 39MB/55MB, paused 762us total 25.349ms
08-06 04:37:09.647 23322 24428 I art     : Starting a blocking GC Explicit
08-06 04:37:09.658 22366 22366 I ServiceManager: Waiting for service AtCmdFwd...
08-06 04:37:09.679 23322 24428 I art     : Explicit concurrent mark sweep GC freed 15(480B) AllocSpace objects, 0(0B) LOS objects, 28% free, 39MB/55MB, paused 873us total 31.267ms
08-06 04:37:09.987 23322 24428 I art     : Starting a blocking GC Explicit
08-06 04:37:10.016 23322 24428 I art     : Explicit concurrent mark sweep GC freed 1419(81KB) AllocSpace objects, 1(20KB) LOS objects, 28% free, 39MB/55MB, paused 746us total 28.297ms
08-06 04:37:10.029 23322 24428 I art     : Starting a blocking GC Explicit
08-06 04:37:10.055 23322 24428 I art     : Explicit concurrent mark sweep GC freed 20(704B) AllocSpace objects, 0(0B) LOS objects, 28% free, 39MB/55MB, paused 721us total 25.326ms
08-06 04:37:10.064 23322 24428 I art     : Starting a blocking GC Explicit
08-06 04:37:10.089 23322 24428 I art     : Explicit concurrent mark sweep GC freed 3(96B) AllocSpace objects, 0(0B) LOS objects, 28% free, 39MB/55MB, paused 720us total 25.208ms
08-06 04:37:10.098 23322 24428 I art     : Starting a blocking GC Explicit
08-06 04:37:10.124 23322 24428 I art     : Explicit concurrent mark sweep GC freed 3(96B) AllocSpace objects, 0(0B) LOS objects, 28% free, 39MB/55MB, paused 682us total 25.185ms
08-06 04:37:10.133 23322 24428 I art     : Starting a blocking GC Explicit
08-06 04:37:10.159 23322 24428 I art     : Explicit concurrent mark sweep GC freed 3(96B) AllocSpace objects, 0(0B) LOS objects, 28% free, 39MB/55MB, paused 727us total 25.858ms
08-06 04:37:10.497 23322 23337 I art     : Starting a blocking GC Explicit
08-06 04:37:10.526 23322 23337 I art     : Explicit concurrent mark sweep GC freed 1403(81KB) AllocSpace objects, 1(20KB) LOS objects, 28% free, 39MB/55MB, paused 721us total 28.826ms
08-06 04:37:10.538 23322 23337 I art     : Starting a blocking GC Explicit
08-06 04:37:10.564 23322 23337 I art     : Explicit concurrent mark sweep GC freed 20(704B) AllocSpace objects, 0(0B) LOS objects, 28% free, 39MB/55MB, paused 727us total 25.350ms
08-06 04:37:10.573 23322 23337 I art     : Starting a blocking GC Explicit
08-06 04:37:10.597 23322 23337 I art     : Explicit concurrent mark sweep GC freed 3(96B) AllocSpace objects, 0(0B) LOS objects, 28% free, 39MB/55MB, paused 731us total 24.418ms
08-06 04:37:10.607 23322 23337 I art     : Starting a blocking GC Explicit
08-06 04:37:10.631 23322 23337 I art     : Explicit concurrent mark sweep GC freed 3(96B) AllocSpace objects, 0(0B) LOS objects, 28% free, 39MB/55MB, paused 704us total 23.191ms
08-06 04:37:10.639 23322 23337 I art     : Starting a blocking GC Explicit
08-06 04:37:10.658 22366 22366 I ServiceManager: Waiting for service AtCmdFwd...
08-06 04:37:10.662 23322 23337 I art     : Explicit concurrent mark sweep GC freed 3(96B) AllocSpace objects, 0(0B) LOS objects, 28% free, 39MB/55MB, paused 747us total 22.786ms
08-06 04:37:11.028 23322 23336 I art     : Starting a blocking GC Explicit
08-06 04:37:11.054 23322 23336 I art     : Explicit concurrent mark sweep GC freed 1402(80KB) AllocSpace objects, 1(20KB) LOS objects, 28% free, 39MB/55MB, paused 826us total 25.609ms
08-06 04:37:11.063 23322 23336 I art     : Starting a blocking GC Explicit
08-06 04:37:11.089 23322 23336 I art     : Explicit concurrent mark sweep GC freed 20(704B) AllocSpace objects, 0(0B) LOS objects, 28% free, 39MB/55MB, paused 739us total 25.434ms
08-06 04:37:11.098 23322 23336 I art     : Starting a blocking GC Explicit
08-06 04:37:11.124 23322 23336 I art     : Explicit concurrent mark sweep GC freed 3(96B) AllocSpace objects, 0(0B) LOS objects, 28% free, 39MB/55MB, paused 737us total 25.881ms
08-06 04:37:11.133 23322 23336 I art     : Starting a blocking GC Explicit
08-06 04:37:11.159 23322 23336 I art     : Explicit concurrent mark sweep GC freed 3(96B) AllocSpace objects, 0(0B) LOS objects, 28% free, 39MB/55MB, paused 780us total 25.527ms
08-06 04:37:11.168 23322 23336 I art     : Starting a blocking GC Explicit
08-06 04:37:11.194 23322 23336 I art     : Explicit concurrent mark sweep GC freed 3(96B) AllocSpace objects, 0(0B) LOS objects, 28% free, 39MB/55MB, paused 749us total 25.952ms
08-06 04:37:11.538 23322 23384 I art     : Starting a blocking GC Explicit
08-06 04:37:11.566 23322 23384 I art     : Explicit concurrent mark sweep GC freed 1404(81KB) AllocSpace objects, 1(20KB) LOS objects, 28% free, 39MB/55MB, paused 749us total 27.785ms
08-06 04:37:11.575 23322 23384 I art     : Starting a blocking GC Explicit
08-06 04:37:11.602 23322 23384 I art     : Explicit concurrent mark sweep GC freed 20(704B) AllocSpace objects, 0(0B) LOS objects, 28% free, 39MB/55MB, paused 754us total 26.800ms
08-06 04:37:11.611 23322 23384 I art     : Starting a blocking GC Explicit
08-06 04:37:11.639 23322 23384 I art     : Explicit concurrent mark sweep GC freed 3(96B) AllocSpace objects, 0(0B) LOS objects, 28% free, 39MB/55MB, paused 747us total 27.143ms
08-06 04:37:11.648 23322 23384 I art     : Starting a blocking GC Explicit
08-06 04:37:11.659 22366 22366 I ServiceManager: Waiting for service AtCmdFwd...
08-06 04:37:11.675 23322 23384 I art     : Explicit concurrent mark sweep GC freed 3(96B) AllocSpace objects, 0(0B) LOS objects, 28% free, 39MB/55MB, paused 745us total 26.033ms
08-06 04:37:11.684 23322 23384 I art     : Starting a blocking GC Explicit
08-06 04:37:11.710 23322 23384 I art     : Explicit concurrent mark sweep GC freed 3(96B) AllocSpace objects, 0(0B) LOS objects, 28% free, 39MB/55MB, paused 733us total 26.344ms
08-06 04:37:12.080 23322 24428 I art     : Starting a blocking GC Explicit
08-06 04:37:12.109 23322 24428 I art     : Explicit concurrent mark sweep GC freed 1403(81KB) AllocSpace objects, 1(20KB) LOS objects, 28% free, 39MB/55MB, paused 817us total 28.550ms
08-06 04:37:12.119 23322 24428 I art     : Starting a blocking GC Explicit
08-06 04:37:12.145 23322 24428 I art     : Explicit concurrent mark sweep GC freed 20(704B) AllocSpace objects, 0(0B) LOS objects, 28% free, 39MB/55MB, paused 744us total 26.522ms
08-06 04:37:12.155 23322 24428 I art     : Starting a blocking GC Explicit
08-06 04:37:12.182 23322 24428 I art     : Explicit concurrent mark sweep GC freed 3(96B) AllocSpace objects, 0(0B) LOS objects, 28% free, 39MB/55MB, paused 749us total 26.295ms
08-06 04:37:12.191 23322 24428 I art     : Starting a blocking GC Explicit
08-06 04:37:12.217 23322 24428 I art     : Explicit concurrent mark sweep GC freed 3(96B) AllocSpace objects, 0(0B) LOS objects, 28% free, 39MB/55MB, paused 786us total 25.970ms
08-06 04:37:12.227 23322 24428 I art     : Starting a blocking GC Explicit
08-06 04:37:12.252 23322 24428 I art     : Explicit concurrent mark sweep GC freed 3(96B) AllocSpace objects, 0(0B) LOS objects, 28% free, 39MB/55MB, paused 721us total 25.500ms
08-06 04:37:12.588 23322 23337 I art     : Starting a blocking GC Explicit
08-06 04:37:12.615 23322 23337 I art     : Explicit concurrent mark sweep GC freed 1401(80KB) AllocSpace objects, 1(20KB) LOS objects, 28% free, 39MB/55MB, paused 765us total 26.813ms
08-06 04:37:12.624 23322 23337 I art     : Starting a blocking GC Explicit
08-06 04:37:12.650 23322 23337 I art     : Explicit concurrent mark sweep GC freed 20(704B) AllocSpace objects, 0(0B) LOS objects, 28% free, 39MB/55MB, paused 782us total 25.556ms
08-06 04:37:12.651 24872 24872 D AndroidRuntime: >>>>>> START com.android.internal.os.RuntimeInit uid 2000 <<<<<<
08-06 04:37:12.656 24872 24872 D AndroidRuntime: CheckJNI is OFF
08-06 04:37:12.659 23322 23337 I art     : Starting a blocking GC Explicit
08-06 04:37:12.659 22366 22366 W Atfwd_Sendcmd: AtCmdFwd service not published, waiting... retryCnt : 5
08-06 04:37:12.685 23322 23337 I art     : Explicit concurrent mark sweep GC freed 3(96B) AllocSpace objects, 0(0B) LOS objects, 28% free, 39MB/55MB, paused 754us total 25.237ms
08-06 04:37:12.691 24872 24872 D ICU     : No timezone override file found: /data/misc/zoneinfo/current/icu/icu_tzdata.dat
08-06 04:37:12.693 23322 23337 I art     : Starting a blocking GC Explicit
08-06 04:37:12.719 23322 23337 I art     : Explicit concurrent mark sweep GC freed 3(96B) AllocSpace objects, 0(0B) LOS objects, 28% free, 39MB/55MB, paused 746us total 25.058ms
08-06 04:37:12.725 24872 24872 I Radio-JNI: register_android_hardware_Radio DONE
08-06 04:37:12.728 23322 23337 I art     : Starting a blocking GC Explicit
08-06 04:37:12.748 24872 24872 D AndroidRuntime: Calling main entry com.android.commands.input.Input
08-06 04:37:12.749 24872 24872 I Input   : injectKeyEvent: KeyEvent { action=ACTION_DOWN, keyCode=KEYCODE_BACK, scanCode=0, metaState=0, flags=0x0, repeatCount=0, eventTime=851849162, downTime=851849162, deviceId=-1, source=0x101 }
08-06 04:37:12.753 23322 23337 I art     : Explicit concurrent mark sweep GC freed 3(96B) AllocSpace objects, 0(0B) LOS objects, 28% free, 39MB/55MB, paused 684us total 24.948ms
08-06 04:37:12.753 23322 23335 I art     : WaitForGcToComplete blocked for 5.843ms for cause HeapTrim
08-06 04:37:12.755 24872 24872 I Input   : injectKeyEvent: KeyEvent { action=ACTION_UP, keyCode=KEYCODE_BACK, scanCode=0, metaState=0, flags=0x0, repeatCount=0, eventTime=851849162, downTime=851849162, deviceId=-1, source=0x101 }
08-06 04:37:12.760 24872 24872 D AndroidRuntime: Shutting down VM
08-06 04:37:12.881 13866 13866 I GoogleInputMethodServic: GoogleInputMethodService.onFinishInput():3138 
08-06 04:37:12.882 13866 13866 I GoogleInputMethodServic: GoogleInputMethodService.onStartInput():1808 
08-06 04:37:13.032 23322 23337 I art     : Starting a blocking GC Explicit
08-06 04:37:13.057 23322 23337 I art     : Explicit concurrent mark sweep GC freed 3823(301KB) AllocSpace objects, 6(128KB) LOS objects, 28% free, 39MB/55MB, paused 779us total 25.589ms
08-06 04:37:13.067 23322 23337 I art     : Starting a blocking GC Explicit
08-06 04:37:13.092 23322 23337 I art     : Explicit concurrent mark sweep GC freed 171(8KB) AllocSpace objects, 0(0B) LOS objects, 28% free, 39MB/55MB, paused 716us total 24.718ms
08-06 04:37:13.102 23322 23337 I art     : Starting a blocking GC Explicit
08-06 04:37:13.127 23322 23337 I art     : Explicit concurrent mark sweep GC freed 3(96B) AllocSpace objects, 0(0B) LOS objects, 28% free, 39MB/55MB, paused 801us total 24.894ms
08-06 04:37:13.137 23322 23337 I art     : Starting a blocking GC Explicit
08-06 04:37:13.161 23322 23337 I art     : Explicit concurrent mark sweep GC freed 3(96B) AllocSpace objects, 0(0B) LOS objects, 28% free, 39MB/55MB, paused 647us total 23.758ms
08-06 04:37:13.172 23322 23337 I art     : Starting a blocking GC Explicit
08-06 04:37:13.196 23322 23337 I art     : Explicit concurrent mark sweep GC freed 3(96B) AllocSpace objects, 0(0B) LOS objects, 28% free, 39MB/55MB, paused 907us total 23.751ms
08-06 04:37:13.530 23322 23336 I art     : Starting a blocking GC Explicit
08-06 04:37:13.564 23322 23336 I art     : Explicit concurrent mark sweep GC freed 2676(141KB) AllocSpace objects, 1(20KB) LOS objects, 28% free, 39MB/55MB, paused 830us total 33.330ms
08-06 04:37:13.575 23322 23336 I art     : Starting a blocking GC Explicit
08-06 04:37:13.587   918  3263 D ConnectivityService: releasing NetworkRequest NetworkRequest [ id=3833, legacyType=-1, [ Capabilities: INTERNET&NOT_RESTRICTED&TRUSTED] ]
08-06 04:37:13.602 23322 23336 I art     : Explicit concurrent mark sweep GC freed 5964(452KB) AllocSpace objects, 12(4MB) LOS objects, 31% free, 34MB/50MB, paused 681us total 27.025ms
08-06 04:37:13.611 23322 23336 I art     : Starting a blocking GC Explicit
08-06 04:37:13.634 23322 23336 I art     : Explicit concurrent mark sweep GC freed 35(1536B) AllocSpace objects, 0(0B) LOS objects, 31% free, 34MB/50MB, paused 706us total 22.602ms
08-06 04:37:13.643 23322 23336 I art     : Starting a blocking GC Explicit
08-06 04:37:13.665 23322 23336 I art     : Explicit concurrent mark sweep GC freed 6(192B) AllocSpace objects, 0(0B) LOS objects, 31% free, 34MB/50MB, paused 834us total 21.590ms
08-06 04:37:13.673 23322 23336 I art     : Starting a blocking GC Explicit
08-06 04:37:13.696 23322 23336 I art     : Explicit concurrent mark sweep GC freed 7(224B) AllocSpace objects, 0(0B) LOS objects, 31% free, 34MB/50MB, paused 747us total 22.299ms
08-06 04:37:14.024 23322 23337 I art     : Starting a blocking GC Explicit
08-06 04:37:14.051 23322 23337 I art     : Explicit concurrent mark sweep GC freed 1443(82KB) AllocSpace objects, 1(20KB) LOS objects, 31% free, 34MB/50MB, paused 912us total 26.914ms
08-06 04:37:14.062 23322 23337 I art     : Starting a blocking GC Explicit
08-06 04:37:14.085 23322 23337 I art     : Explicit concurrent mark sweep GC freed 25(864B) AllocSpace objects, 0(0B) LOS objects, 31% free, 34MB/50MB, paused 806us total 23.333ms
08-06 04:37:14.094 23322 23337 I art     : Starting a blocking GC Explicit
08-06 04:37:14.117 23322 23337 I art     : Explicit concurrent mark sweep GC freed 6(192B) AllocSpace objects, 0(0B) LOS objects, 31% free, 34MB/50MB, paused 877us total 22.495ms
08-06 04:37:14.126 23322 23337 I art     : Starting a blocking GC Explicit
08-06 04:37:14.148 23322 23337 I art     : Explicit concurrent mark sweep GC freed 7(224B) AllocSpace objects, 0(0B) LOS objects, 31% free, 34MB/50MB, paused 685us total 22.479ms
08-06 04:37:14.158 23322 23337 I art     : Starting a blocking GC Explicit
08-06 04:37:14.181 23322 23337 I art     : Explicit concurrent mark sweep GC freed 6(192B) AllocSpace objects, 0(0B) LOS objects, 31% free, 34MB/50MB, paused 819us total 22.742ms
08-06 04:37:14.424 24926 24926 D AndroidRuntime: >>>>>> START com.android.internal.os.RuntimeInit uid 2000 <<<<<<
08-06 04:37:14.429 24926 24926 D AndroidRuntime: CheckJNI is OFF
08-06 04:37:14.465 24926 24926 D ICU     : No timezone override file found: /data/misc/zoneinfo/current/icu/icu_tzdata.dat
08-06 04:37:14.487 23322 23337 I art     : Starting a blocking GC Explicit
08-06 04:37:14.499 24926 24926 I Radio-JNI: register_android_hardware_Radio DONE
08-06 04:37:14.512 23322 23337 I art     : Explicit concurrent mark sweep GC freed 1419(81KB) AllocSpace objects, 1(20KB) LOS objects, 31% free, 34MB/50MB, paused 753us total 24.876ms
08-06 04:37:14.521 23322 23337 I art     : Starting a blocking GC Explicit
08-06 04:37:14.522 24926 24926 D AndroidRuntime: Calling main entry com.android.commands.input.Input
08-06 04:37:14.524 24926 24926 I Input   : injectKeyEvent: KeyEvent { action=ACTION_DOWN, keyCode=KEYCODE_BACK, scanCode=0, metaState=0, flags=0x0, repeatCount=0, eventTime=851850937, downTime=851850937, deviceId=-1, source=0x101 }
08-06 04:37:14.529 24926 24926 I Input   : injectKeyEvent: KeyEvent { action=ACTION_UP, keyCode=KEYCODE_BACK, scanCode=0, metaState=0, flags=0x0, repeatCount=0, eventTime=851850937, downTime=851850937, deviceId=-1, source=0x101 }
08-06 04:37:14.535 24926 24926 D AndroidRuntime: Shutting down VM
08-06 04:37:14.545 23322 23337 I art     : Explicit concurrent mark sweep GC freed 140(18KB) AllocSpace objects, 1(20KB) LOS objects, 31% free, 34MB/50MB, paused 1.108ms total 22.828ms
08-06 04:37:14.554 23322 23337 I art     : Starting a blocking GC Explicit
08-06 04:37:14.575 23322 23337 I art     : Explicit concurrent mark sweep GC freed 257(49KB) AllocSpace objects, 3(60KB) LOS objects, 31% free, 34MB/50MB, paused 791us total 20.996ms
08-06 04:37:14.583 23322 23337 I art     : Starting a blocking GC Explicit
08-06 04:37:14.606 23322 23337 I art     : Explicit concurrent mark sweep GC freed 24(960B) AllocSpace objects, 0(0B) LOS objects, 31% free, 34MB/50MB, paused 753us total 22.834ms
08-06 04:37:14.615 23322 23337 I art     : Starting a blocking GC Explicit
08-06 04:37:14.639 23322 23337 I art     : Explicit concurrent mark sweep GC freed 1819(122KB) AllocSpace objects, 3(60KB) LOS objects, 31% free, 34MB/50MB, paused 871us total 24.030ms
08-06 04:37:14.705 13866 13866 I GoogleInputMethodServic: GoogleInputMethodService.onFinishInput():3138 
08-06 04:37:14.706 13866 13866 I GoogleInputMethodServic: GoogleInputMethodService.onStartInput():1808 
08-06 04:37:14.931 23322 23384 I art     : Starting a blocking GC Explicit
08-06 04:37:14.965 23322 23384 I art     : Explicit concurrent mark sweep GC freed 12947(951KB) AllocSpace objects, 22(440KB) LOS objects, 31% free, 34MB/50MB, paused 681us total 33.841ms
08-06 04:37:14.979 23322 23384 I art     : Starting a blocking GC Explicit
08-06 04:37:15.001   518   646 I ThermalEngine: ACTION: GPU - Setting GPU[0] to 450000000
08-06 04:37:15.011 23322 23384 I art     : Explicit concurrent mark sweep GC freed 707(26KB) AllocSpace objects, 0(0B) LOS objects, 31% free, 34MB/50MB, paused 1.009ms total 31.736ms
08-06 04:37:15.025 23322 23384 I art     : Starting a blocking GC Explicit
08-06 04:37:15.055 23322 23384 I art     : Explicit concurrent mark sweep GC freed 394(17KB) AllocSpace objects, 0(0B) LOS objects, 31% free, 34MB/50MB, paused 1.121ms total 29.372ms
08-06 04:37:15.069 23322 23384 I art     : Starting a blocking GC Explicit
08-06 04:37:15.096 23322 23384 I art     : Explicit concurrent mark sweep GC freed 62(2656B) AllocSpace objects, 0(0B) LOS objects, 31% free, 34MB/50MB, paused 939us total 26.920ms
08-06 04:37:15.107 23322 23384 I art     : Starting a blocking GC Explicit
08-06 04:37:15.133 23322 23384 I art     : Explicit concurrent mark sweep GC freed 5562(415KB) AllocSpace objects, 2(1188KB) LOS objects, 32% free, 32MB/48MB, paused 1.006ms total 26.198ms
08-06 04:37:15.466 23322 23336 I art     : Starting a blocking GC Explicit
08-06 04:37:15.496 23322 23336 I art     : Explicit concurrent mark sweep GC freed 1480(83KB) AllocSpace objects, 1(20KB) LOS objects, 32% free, 32MB/48MB, paused 938us total 29.379ms
08-06 04:37:15.509 23322 23336 I art     : Starting a blocking GC Explicit
08-06 04:37:15.515   918  3261 D WifiStateMachine: starting scan for "H369AA63323"WPA_PSK with 2412,5180
08-06 04:37:15.538 23322 23336 I art     : Explicit concurrent mark sweep GC freed 26(896B) AllocSpace objects, 0(0B) LOS objects, 32% free, 32MB/48MB, paused 1.199ms total 28.562ms
08-06 04:37:15.549 23322 23336 I art     : Starting a blocking GC Explicit
08-06 04:37:15.577 23322 23336 I art     : Explicit concurrent mark sweep GC freed 7(224B) AllocSpace objects, 0(0B) LOS objects, 32% free, 32MB/48MB, paused 964us total 27.774ms
08-06 04:37:15.588 23322 23336 I art     : Starting a blocking GC Explicit
08-06 04:37:15.614 23322 23336 I art     : Explicit concurrent mark sweep GC freed 8(256B) AllocSpace objects, 0(0B) LOS objects, 32% free, 32MB/48MB, paused 857us total 25.863ms
08-06 04:37:15.625 23322 23336 I art     : Starting a blocking GC Explicit
08-06 04:37:15.650 23322 23336 I art     : Explicit concurrent mark sweep GC freed 8(256B) AllocSpace objects, 0(0B) LOS objects, 32% free, 32MB/48MB, paused 808us total 24.713ms
08-06 04:37:15.967 23322 23337 I art     : Starting a blocking GC Explicit
08-06 04:37:15.997 23322 23337 I art     : Explicit concurrent mark sweep GC freed 1438(82KB) AllocSpace objects, 1(20KB) LOS objects, 32% free, 32MB/48MB, paused 925us total 30.103ms
08-06 04:37:16.010 23322 23337 I art     : Starting a blocking GC Explicit
08-06 04:37:16.038 23322 23337 I art     : Explicit concurrent mark sweep GC freed 26(896B) AllocSpace objects, 0(0B) LOS objects, 32% free, 32MB/48MB, paused 967us total 28.159ms
08-06 04:37:16.050 23322 23337 I art     : Starting a blocking GC Explicit
08-06 04:37:16.077 23322 23337 I art     : Explicit concurrent mark sweep GC freed 7(224B) AllocSpace objects, 0(0B) LOS objects, 32% free, 32MB/48MB, paused 945us total 27.467ms
08-06 04:37:16.088 23322 23337 I art     : Starting a blocking GC Explicit
08-06 04:37:16.115 23322 23337 I art     : Explicit concurrent mark sweep GC freed 8(256B) AllocSpace objects, 0(0B) LOS objects, 32% free, 32MB/48MB, paused 1.055ms total 26.510ms
08-06 04:37:16.126 23322 23337 I art     : Starting a blocking GC Explicit
08-06 04:37:16.154 23322 23337 I art     : Explicit concurrent mark sweep GC freed 3(96B) AllocSpace objects, 0(0B) LOS objects, 32% free, 32MB/48MB, paused 861us total 27.135ms
08-06 04:37:16.312 24973 24973 D AndroidRuntime: >>>>>> START com.android.internal.os.RuntimeInit uid 2000 <<<<<<
08-06 04:37:16.319 24973 24973 D AndroidRuntime: CheckJNI is OFF
08-06 04:37:16.360 24973 24973 D ICU     : No timezone override file found: /data/misc/zoneinfo/current/icu/icu_tzdata.dat
08-06 04:37:16.401 24973 24973 I Radio-JNI: register_android_hardware_Radio DONE
08-06 04:37:16.430 24973 24973 D AndroidRuntime: Calling main entry com.android.commands.input.Input
08-06 04:37:16.432 24973 24973 I Input   : injectMotionEvent: MotionEvent { action=ACTION_DOWN, actionButton=0, id[0]=0, x[0]=553.0, y[0]=442.0, toolType[0]=TOOL_TYPE_UNKNOWN, buttonState=0, metaState=0, flags=0x0, edgeFlags=0x0, pointerCount=1, historySize=0, eventTime=851852845, downTime=851852845, deviceId=0, source=0x1002 }
08-06 04:37:16.437 24973 24973 I Input   : injectMotionEvent: MotionEvent { action=ACTION_UP, actionButton=0, id[0]=0, x[0]=553.0, y[0]=442.0, toolType[0]=TOOL_TYPE_UNKNOWN, buttonState=0, metaState=0, flags=0x0, edgeFlags=0x0, pointerCount=1, historySize=0, eventTime=851852845, downTime=851852845, deviceId=0, source=0x1002 }
08-06 04:37:16.438 24973 24973 D AndroidRuntime: Shutting down VM
08-06 04:37:16.499 23322 24428 I art     : Starting a blocking GC Explicit
08-06 04:37:16.507   918  4413 I ActivityManager: START u0 {cmp=baseline.com.newsblur/.activity.AllSharedStoriesItemsList (has extras)} from uid 10698 on display 0
08-06 04:37:16.530 23322 24428 I art     : Explicit concurrent mark sweep GC freed 2001(173KB) AllocSpace objects, 2(40KB) LOS objects, 32% free, 32MB/48MB, paused 1.430ms total 30.526ms
08-06 04:37:16.535 23322 23568 I baseline.com.newsblur.database.BlurDatabaseHelper: reading session reset
08-06 04:37:16.542 23322 24428 I art     : Starting a blocking GC Explicit
08-06 04:37:16.570 23322 24428 I art     : Explicit concurrent mark sweep GC freed 1187(129KB) AllocSpace objects, 5(224KB) LOS objects, 32% free, 33MB/49MB, paused 1.120ms total 28.512ms
08-06 04:37:16.581 23322 24428 I art     : Starting a blocking GC Explicit
08-06 04:37:16.608 23322 24428 I art     : Explicit concurrent mark sweep GC freed 781(39KB) AllocSpace objects, 0(0B) LOS objects, 32% free, 33MB/49MB, paused 953us total 27.259ms
08-06 04:37:16.619 23322 24428 I art     : Starting a blocking GC Explicit
08-06 04:37:16.646 23322 24428 I art     : Explicit concurrent mark sweep GC freed 33(1616B) AllocSpace objects, 0(0B) LOS objects, 32% free, 33MB/49MB, paused 937us total 26.995ms
08-06 04:37:16.658 23322 24428 I art     : Starting a blocking GC Explicit
08-06 04:37:16.686 23322 24428 I art     : Explicit concurrent mark sweep GC freed 564(44KB) AllocSpace objects, 1(20KB) LOS objects, 32% free, 33MB/49MB, paused 1.159ms total 28.224ms
08-06 04:37:16.735 23322 23322 W View    : requestLayout() improperly called by android.widget.FrameLayout{d19e541 V.E...... ......ID 0,0-1440,0 #7f07003f app:id/footer_view_inner} during layout: running second layout pass
08-06 04:37:16.735 23322 23322 W View    : requestLayout() improperly called by android.widget.FrameLayout{9269ae6 V.E...... ......ID 0,0-1440,2091 #7f07003f app:id/footer_view_inner} during layout: running second layout pass
08-06 04:37:16.754   918   936 I ActivityManager: Displayed baseline.com.newsblur/.activity.AllSharedStoriesItemsList: +238ms
08-06 04:37:16.756 13866 13866 I GoogleInputMethodServic: GoogleInputMethodService.onFinishInput():3138 
08-06 04:37:16.757 13866 13866 I GoogleInputMethodServic: GoogleInputMethodService.onStartInput():1808 
08-06 04:37:16.940 23322 24427 I NAPPA_EXPERIMENTATION: MetricNetworkRequestExecutionTime: REQUEST_DURATION_SYSTEM='153',REQUEST_DURATION_OKHTTP='152',REQUEST_SYNCHRONOUS='TRUE',RESPONSE_CODE='200',RESPONSE_METHOD='GET',RESPONSE_LENGTH_OKHTTP='43',RESPONSE_LENGTH_HEADER='43',REQUEST_PROTOCOL='http/1.1',REQUEST_URL='http://feeds.feedburner.com/~r/retort/~4/UffaFMiJbNs',
08-06 04:37:16.948 23322 23611 I NAPPA_EXPERIMENTATION: MetricNetworkRequestExecutionTime: REQUEST_DURATION_SYSTEM='142',REQUEST_DURATION_OKHTTP='142',REQUEST_SYNCHRONOUS='TRUE',RESPONSE_CODE='200',RESPONSE_METHOD='GET',RESPONSE_LENGTH_OKHTTP='29813',RESPONSE_LENGTH_HEADER='29813',REQUEST_PROTOCOL='http/1.1',REQUEST_URL='https://s3.amazonaws.com/icons.newsblur.com/850543.png',
08-06 04:37:17.006 23322 23384 I art     : Starting a blocking GC Explicit
08-06 04:37:17.034 23322 23384 I art     : Explicit concurrent mark sweep GC freed 6129(450KB) AllocSpace objects, 17(340KB) LOS objects, 31% free, 34MB/50MB, paused 1.005ms total 28.108ms
08-06 04:37:17.045 23322 23384 I art     : Starting a blocking GC Explicit
08-06 04:37:17.073 23322 23384 I art     : Explicit concurrent mark sweep GC freed 2091(83KB) AllocSpace objects, 0(0B) LOS objects, 31% free, 34MB/50MB, paused 1.031ms total 28.173ms
08-06 04:37:17.084 23322 23384 I art     : Starting a blocking GC Explicit
08-06 04:37:17.111 23322 23384 I art     : Explicit concurrent mark sweep GC freed 68(2528B) AllocSpace objects, 0(0B) LOS objects, 31% free, 34MB/50MB, paused 1.065ms total 27.144ms
08-06 04:37:17.122 23322 23384 I art     : Starting a blocking GC Explicit
08-06 04:37:17.149 23322 23384 I art     : Explicit concurrent mark sweep GC freed 59(2400B) AllocSpace objects, 0(0B) LOS objects, 31% free, 34MB/50MB, paused 1.040ms total 26.970ms
08-06 04:37:17.159 23322 23384 I art     : Starting a blocking GC Explicit
08-06 04:37:17.187 23322 23384 I art     : Explicit concurrent mark sweep GC freed 18(768B) AllocSpace objects, 0(0B) LOS objects, 31% free, 34MB/50MB, paused 1.144ms total 27.473ms
08-06 04:37:17.209 23322 23612 I NAPPA_EXPERIMENTATION: MetricNetworkRequestExecutionTime: REQUEST_DURATION_SYSTEM='383',REQUEST_DURATION_OKHTTP='155',REQUEST_SYNCHRONOUS='TRUE',RESPONSE_CODE='200',RESPONSE_METHOD='GET',RESPONSE_LENGTH_OKHTTP='117046',RESPONSE_LENGTH_HEADER='117046',REQUEST_PROTOCOL='h2',REQUEST_URL='https://64.media.tumblr.com/58fdb3e3c1b2ba1306c2d1be0119460e/75c91623ddb4dfe2-55/s1280x1920/18a33520ca63b4c9f1d09ba5a5eb6fab3b9c104d.jpg',
08-06 04:37:17.358 23322 25008 I NAPPA_EXPERIMENTATION: MetricNetworkRequestExecutionTime: REQUEST_DURATION_SYSTEM='586',REQUEST_DURATION_OKHTTP='39',REQUEST_SYNCHRONOUS='TRUE',RESPONSE_CODE='200',RESPONSE_METHOD='GET',RESPONSE_LENGTH_OKHTTP='-1',RESPONSE_LENGTH_HEADER='-2',REQUEST_PROTOCOL='http/1.1',REQUEST_URL='https://www.newsblur.com/social/river_stories?order=newest&page=1&read_filter=all',
08-06 04:37:17.358 23322 25008 D MY_TAG  : 0, 586
08-06 04:37:17.387 23322 23322 D baseline.com.newsblur.service.NBSyncService: rejecting request for feedset that is exhaused
08-06 04:37:17.514 23322 24428 I art     : Starting a blocking GC Explicit
08-06 04:37:17.551 23322 24428 I art     : Explicit concurrent mark sweep GC freed 9493(705KB) AllocSpace objects, 23(2MB) LOS objects, 31% free, 35MB/51MB, paused 1.018ms total 36.044ms
08-06 04:37:17.564 23322 24428 I art     : Starting a blocking GC Explicit
08-06 04:37:17.595 23322 24428 I art     : Explicit concurrent mark sweep GC freed 1690(144KB) AllocSpace objects, 0(0B) LOS objects, 31% free, 35MB/51MB, paused 1.017ms total 30.937ms
08-06 04:37:17.606 23322 24428 I art     : Starting a blocking GC Explicit
08-06 04:37:17.636 23322 24428 I art     : Explicit concurrent mark sweep GC freed 3(96B) AllocSpace objects, 0(0B) LOS objects, 31% free, 35MB/51MB, paused 943us total 29.607ms
08-06 04:37:17.648 23322 24428 I art     : Starting a blocking GC Explicit
08-06 04:37:17.679 23322 24428 I art     : Explicit concurrent mark sweep GC freed 3(96B) AllocSpace objects, 0(0B) LOS objects, 31% free, 35MB/51MB, paused 1.012ms total 31.461ms
08-06 04:37:17.691 23322 24428 I art     : Starting a blocking GC Explicit
08-06 04:37:17.723 23322 24428 I art     : Explicit concurrent mark sweep GC freed 3(96B) AllocSpace objects, 0(0B) LOS objects, 31% free, 35MB/51MB, paused 1.003ms total 31.417ms
08-06 04:37:18.061 23322 23337 I art     : Starting a blocking GC Explicit
08-06 04:37:18.094 23322 23337 I art     : Explicit concurrent mark sweep GC freed 1425(82KB) AllocSpace objects, 1(20KB) LOS objects, 31% free, 35MB/51MB, paused 1.023ms total 32.678ms
08-06 04:37:18.106 23322 23337 I art     : Starting a blocking GC Explicit
08-06 04:37:18.135 23322 23337 I art     : Explicit concurrent mark sweep GC freed 25(864B) AllocSpace objects, 0(0B) LOS objects, 31% free, 35MB/51MB, paused 969us total 29.200ms
08-06 04:37:18.147 23322 23337 I art     : Starting a blocking GC Explicit
08-06 04:37:18.179 23322 23337 I art     : Explicit concurrent mark sweep GC freed 3(96B) AllocSpace objects, 0(0B) LOS objects, 31% free, 35MB/51MB, paused 1.051ms total 31.572ms
08-06 04:37:18.190 23322 23337 I art     : Starting a blocking GC Explicit
08-06 04:37:18.222 23322 23337 I art     : Explicit concurrent mark sweep GC freed 3(96B) AllocSpace objects, 0(0B) LOS objects, 31% free, 35MB/51MB, paused 964us total 31.589ms
08-06 04:37:18.234 23322 23337 I art     : Starting a blocking GC Explicit
08-06 04:37:18.267 23322 23337 I art     : Explicit concurrent mark sweep GC freed 3(96B) AllocSpace objects, 0(0B) LOS objects, 31% free, 35MB/51MB, paused 1.023ms total 32.815ms
08-06 04:37:18.630 23322 23384 I art     : Starting a blocking GC Explicit
08-06 04:37:18.673 23322 23384 I art     : Explicit concurrent mark sweep GC freed 1403(81KB) AllocSpace objects, 1(20KB) LOS objects, 31% free, 35MB/51MB, paused 1.187ms total 42.939ms
08-06 04:37:18.690 23322 23384 I art     : Starting a blocking GC Explicit
08-06 04:37:18.726 23322 23384 I art     : Explicit concurrent mark sweep GC freed 20(704B) AllocSpace objects, 0(0B) LOS objects, 31% free, 35MB/51MB, paused 1.056ms total 35.118ms
08-06 04:37:18.738 23322 23384 I art     : Starting a blocking GC Explicit
08-06 04:37:18.772 23322 23384 I art     : Explicit concurrent mark sweep GC freed 3(96B) AllocSpace objects, 0(0B) LOS objects, 31% free, 35MB/51MB, paused 1.022ms total 33.933ms
08-06 04:37:18.784 23322 23384 I art     : Starting a blocking GC Explicit
08-06 04:37:18.819 23322 23384 I art     : Explicit concurrent mark sweep GC freed 3(96B) AllocSpace objects, 0(0B) LOS objects, 31% free, 35MB/51MB, paused 1.107ms total 34.488ms
08-06 04:37:18.830 23322 23384 I art     : Starting a blocking GC Explicit
08-06 04:37:18.863 23322 23384 I art     : Explicit concurrent mark sweep GC freed 3(96B) AllocSpace objects, 0(0B) LOS objects, 31% free, 35MB/51MB, paused 1.028ms total 31.888ms
08-06 04:37:19.239 23322 24428 I art     : Starting a blocking GC Explicit
08-06 04:37:19.283 23322 24428 I art     : Explicit concurrent mark sweep GC freed 1402(82KB) AllocSpace objects, 1(20KB) LOS objects, 31% free, 35MB/51MB, paused 1.138ms total 43.496ms
08-06 04:37:19.301 23322 24428 I art     : Starting a blocking GC Explicit
08-06 04:37:19.338 23322 24428 I art     : Explicit concurrent mark sweep GC freed 20(704B) AllocSpace objects, 0(0B) LOS objects, 31% free, 35MB/51MB, paused 1.125ms total 36.377ms
08-06 04:37:19.350 23322 24428 I art     : Starting a blocking GC Explicit
08-06 04:37:19.384 23322 24428 I art     : Explicit concurrent mark sweep GC freed 3(96B) AllocSpace objects, 0(0B) LOS objects, 31% free, 35MB/51MB, paused 1.031ms total 33.942ms
08-06 04:37:19.396 23322 24428 I art     : Starting a blocking GC Explicit
08-06 04:37:19.431 23322 24428 I art     : Explicit concurrent mark sweep GC freed 3(96B) AllocSpace objects, 0(0B) LOS objects, 31% free, 35MB/51MB, paused 1.039ms total 34.249ms
08-06 04:37:19.443 23322 24428 I art     : Starting a blocking GC Explicit
08-06 04:37:19.476 23322 24428 I art     : Explicit concurrent mark sweep GC freed 3(96B) AllocSpace objects, 0(0B) LOS objects, 31% free, 35MB/51MB, paused 1.025ms total 33.123ms
08-06 04:37:19.855 23322 23336 I art     : Starting a blocking GC Explicit
08-06 04:37:19.901 23322 23336 I art     : Explicit concurrent mark sweep GC freed 1401(80KB) AllocSpace objects, 1(20KB) LOS objects, 31% free, 35MB/51MB, paused 1.491ms total 44.943ms
08-06 04:37:19.916 23322 23336 I art     : Starting a blocking GC Explicit
08-06 04:37:19.947 23322 23336 I art     : Explicit concurrent mark sweep GC freed 20(704B) AllocSpace objects, 0(0B) LOS objects, 31% free, 35MB/51MB, paused 1.141ms total 30.464ms
08-06 04:37:19.959 23322 23336 I art     : Starting a blocking GC Explicit
08-06 04:37:19.993 23322 23336 I art     : Explicit concurrent mark sweep GC freed 3(96B) AllocSpace objects, 0(0B) LOS objects, 31% free, 35MB/51MB, paused 1.052ms total 34.026ms
08-06 04:37:20.005 23322 23336 I art     : Starting a blocking GC Explicit
08-06 04:37:20.039 23322 23336 I art     : Explicit concurrent mark sweep GC freed 3(96B) AllocSpace objects, 0(0B) LOS objects, 31% free, 35MB/51MB, paused 1.025ms total 33.310ms
08-06 04:37:20.051 23322 23336 I art     : Starting a blocking GC Explicit
08-06 04:37:20.085 23322 23336 I art     : Explicit concurrent mark sweep GC freed 3(96B) AllocSpace objects, 0(0B) LOS objects, 31% free, 35MB/51MB, paused 1.033ms total 33.830ms
08-06 04:37:20.470 23322 23337 I art     : Starting a blocking GC Explicit
08-06 04:37:20.512 23322 23337 I art     : Explicit concurrent mark sweep GC freed 1402(81KB) AllocSpace objects, 1(20KB) LOS objects, 31% free, 35MB/51MB, paused 1.063ms total 41.857ms
08-06 04:37:20.527 23322 23337 I art     : Starting a blocking GC Explicit
08-06 04:37:20.560 23322 23337 I art     : Explicit concurrent mark sweep GC freed 20(704B) AllocSpace objects, 0(0B) LOS objects, 31% free, 35MB/51MB, paused 1.033ms total 33.035ms
08-06 04:37:20.572 23322 23337 I art     : Starting a blocking GC Explicit
08-06 04:37:20.606 23322 23337 I art     : Explicit concurrent mark sweep GC freed 3(96B) AllocSpace objects, 0(0B) LOS objects, 31% free, 35MB/51MB, paused 1.034ms total 34.019ms
08-06 04:37:20.618 23322 23337 I art     : Starting a blocking GC Explicit
08-06 04:37:20.652 23322 23337 I art     : Explicit concurrent mark sweep GC freed 3(96B) AllocSpace objects, 0(0B) LOS objects, 31% free, 35MB/51MB, paused 988us total 33.161ms
08-06 04:37:20.664 23322 23337 I art     : Starting a blocking GC Explicit
08-06 04:37:20.698 23322 23337 I art     : Explicit concurrent mark sweep GC freed 3(96B) AllocSpace objects, 0(0B) LOS objects, 31% free, 35MB/51MB, paused 1.169ms total 34.126ms
08-06 04:37:21.010   518   646 I ThermalEngine: ACTION: GPU - Setting GPU[0] to 510000000
08-06 04:37:21.069 23322 23384 I art     : Starting a blocking GC Explicit
08-06 04:37:21.102 23322 23384 I art     : Explicit concurrent mark sweep GC freed 1401(80KB) AllocSpace objects, 1(20KB) LOS objects, 31% free, 35MB/51MB, paused 1.052ms total 31.950ms
08-06 04:37:21.113 23322 23384 I art     : Starting a blocking GC Explicit
08-06 04:37:21.139 23322 23384 I art     : Explicit concurrent mark sweep GC freed 20(704B) AllocSpace objects, 0(0B) LOS objects, 31% free, 35MB/51MB, paused 733us total 25.171ms
08-06 04:37:21.148 23322 23384 I art     : Starting a blocking GC Explicit
08-06 04:37:21.173 23322 23384 I art     : Explicit concurrent mark sweep GC freed 3(96B) AllocSpace objects, 0(0B) LOS objects, 31% free, 35MB/51MB, paused 760us total 24.716ms
08-06 04:37:21.182 23322 23384 I art     : Starting a blocking GC Explicit
08-06 04:37:21.208 23322 23384 I art     : Explicit concurrent mark sweep GC freed 3(96B) AllocSpace objects, 0(0B) LOS objects, 31% free, 35MB/51MB, paused 875us total 25.054ms
08-06 04:37:21.217 23322 23384 I art     : Starting a blocking GC Explicit
08-06 04:37:21.243 23322 23384 I art     : Explicit concurrent mark sweep GC freed 3(96B) AllocSpace objects, 0(0B) LOS objects, 31% free, 35MB/51MB, paused 762us total 25.493ms
08-06 04:37:21.580 23322 24428 I art     : Starting a blocking GC Explicit
08-06 04:37:21.616 23322 24428 I art     : Explicit concurrent mark sweep GC freed 1402(81KB) AllocSpace objects, 1(20KB) LOS objects, 31% free, 35MB/51MB, paused 843us total 35.693ms
08-06 04:37:21.629 23322 24428 I art     : Starting a blocking GC Explicit
08-06 04:37:21.654 23322 24428 I art     : Explicit concurrent mark sweep GC freed 20(704B) AllocSpace objects, 0(0B) LOS objects, 31% free, 35MB/51MB, paused 758us total 25.072ms
08-06 04:37:21.663 23322 24428 I art     : Starting a blocking GC Explicit
08-06 04:37:21.689 23322 24428 I art     : Explicit concurrent mark sweep GC freed 3(96B) AllocSpace objects, 0(0B) LOS objects, 31% free, 35MB/51MB, paused 829us total 25.593ms
08-06 04:37:21.699 23322 24428 I art     : Starting a blocking GC Explicit
08-06 04:37:21.724 23322 24428 I art     : Explicit concurrent mark sweep GC freed 3(96B) AllocSpace objects, 0(0B) LOS objects, 31% free, 35MB/51MB, paused 754us total 25.399ms
08-06 04:37:21.734 23322 24428 I art     : Starting a blocking GC Explicit
08-06 04:37:21.759 23322 24428 I art     : Explicit concurrent mark sweep GC freed 3(96B) AllocSpace objects, 0(0B) LOS objects, 31% free, 35MB/51MB, paused 722us total 25.046ms
08-06 04:37:22.107 23322 23336 I art     : Starting a blocking GC Explicit
08-06 04:37:22.142 23322 23336 I art     : Explicit concurrent mark sweep GC freed 1401(80KB) AllocSpace objects, 1(20KB) LOS objects, 31% free, 35MB/51MB, paused 917us total 34.614ms
08-06 04:37:22.155 23322 23336 I art     : Starting a blocking GC Explicit
08-06 04:37:22.181 23322 23336 I art     : Explicit concurrent mark sweep GC freed 20(704B) AllocSpace objects, 0(0B) LOS objects, 31% free, 35MB/51MB, paused 701us total 25.272ms
08-06 04:37:22.190 23322 23336 I art     : Starting a blocking GC Explicit
08-06 04:37:22.215 23322 23336 I art     : Explicit concurrent mark sweep GC freed 3(96B) AllocSpace objects, 0(0B) LOS objects, 31% free, 35MB/51MB, paused 753us total 24.771ms
08-06 04:37:22.224 23322 23336 I art     : Starting a blocking GC Explicit
08-06 04:37:22.249 23322 23336 I art     : Explicit concurrent mark sweep GC freed 3(96B) AllocSpace objects, 0(0B) LOS objects, 31% free, 35MB/51MB, paused 747us total 24.841ms
08-06 04:37:22.258 23322 23336 I art     : Starting a blocking GC Explicit
08-06 04:37:22.283 23322 23336 I art     : Explicit concurrent mark sweep GC freed 3(96B) AllocSpace objects, 0(0B) LOS objects, 31% free, 35MB/51MB, paused 730us total 24.009ms
08-06 04:37:22.642 23322 23337 I art     : Starting a blocking GC Explicit
08-06 04:37:22.675 23322 23337 I art     : Explicit concurrent mark sweep GC freed 1401(80KB) AllocSpace objects, 1(20KB) LOS objects, 31% free, 35MB/51MB, paused 826us total 31.842ms
08-06 04:37:22.685 23322 23337 I art     : Starting a blocking GC Explicit
08-06 04:37:22.710 23322 23337 I art     : Explicit concurrent mark sweep GC freed 20(704B) AllocSpace objects, 0(0B) LOS objects, 31% free, 35MB/51MB, paused 766us total 25.541ms
08-06 04:37:22.720 23322 23337 I art     : Starting a blocking GC Explicit
08-06 04:37:22.745 23322 23337 I art     : Explicit concurrent mark sweep GC freed 3(96B) AllocSpace objects, 0(0B) LOS objects, 31% free, 35MB/51MB, paused 757us total 25.227ms
08-06 04:37:22.755 23322 23337 I art     : Starting a blocking GC Explicit
08-06 04:37:22.779 23322 23337 I art     : Explicit concurrent mark sweep GC freed 3(96B) AllocSpace objects, 0(0B) LOS objects, 31% free, 35MB/51MB, paused 717us total 24.001ms
08-06 04:37:22.788 23322 23337 I art     : Starting a blocking GC Explicit
08-06 04:37:22.813 23322 23337 I art     : Explicit concurrent mark sweep GC freed 3(96B) AllocSpace objects, 0(0B) LOS objects, 31% free, 35MB/51MB, paused 767us total 24.831ms
08-06 04:37:23.155 23322 23384 I art     : Starting a blocking GC Explicit
08-06 04:37:23.192 23322 23384 I art     : Explicit concurrent mark sweep GC freed 1401(80KB) AllocSpace objects, 1(20KB) LOS objects, 31% free, 35MB/51MB, paused 811us total 36.975ms
08-06 04:37:23.205 23322 23384 I art     : Starting a blocking GC Explicit
08-06 04:37:23.234 23322 23384 I art     : Explicit concurrent mark sweep GC freed 20(704B) AllocSpace objects, 0(0B) LOS objects, 31% free, 35MB/51MB, paused 760us total 28.665ms
08-06 04:37:23.243 23322 23384 I art     : Starting a blocking GC Explicit
08-06 04:37:23.268 23322 23384 I art     : Explicit concurrent mark sweep GC freed 3(96B) AllocSpace objects, 0(0B) LOS objects, 31% free, 35MB/51MB, paused 737us total 24.660ms
08-06 04:37:23.277 23322 23384 I art     : Starting a blocking GC Explicit
08-06 04:37:23.302 23322 23384 I art     : Explicit concurrent mark sweep GC freed 3(96B) AllocSpace objects, 0(0B) LOS objects, 31% free, 35MB/51MB, paused 756us total 24.325ms
08-06 04:37:23.311 23322 23384 I art     : Starting a blocking GC Explicit
08-06 04:37:23.335 23322 23384 I art     : Explicit concurrent mark sweep GC freed 3(96B) AllocSpace objects, 0(0B) LOS objects, 31% free, 35MB/51MB, paused 750us total 24.448ms
08-06 04:37:23.697 23322 24428 I art     : Starting a blocking GC Explicit
08-06 04:37:23.729 23322 24428 I art     : Explicit concurrent mark sweep GC freed 1401(80KB) AllocSpace objects, 1(20KB) LOS objects, 31% free, 35MB/51MB, paused 910us total 31.469ms
08-06 04:37:23.741 23322 24428 I art     : Starting a blocking GC Explicit
08-06 04:37:23.766 23322 24428 I art     : Explicit concurrent mark sweep GC freed 20(704B) AllocSpace objects, 0(0B) LOS objects, 31% free, 35MB/51MB, paused 838us total 24.608ms
08-06 04:37:23.775 23322 24428 I art     : Starting a blocking GC Explicit
08-06 04:37:23.800 23322 24428 I art     : Explicit concurrent mark sweep GC freed 3(96B) AllocSpace objects, 0(0B) LOS objects, 31% free, 35MB/51MB, paused 768us total 24.465ms
08-06 04:37:23.809 23322 24428 I art     : Starting a blocking GC Explicit
08-06 04:37:23.835 23322 24428 I art     : Explicit concurrent mark sweep GC freed 3(96B) AllocSpace objects, 0(0B) LOS objects, 31% free, 35MB/51MB, paused 758us total 25.325ms
08-06 04:37:23.844 23322 24428 I art     : Starting a blocking GC Explicit
08-06 04:37:23.869 23322 24428 I art     : Explicit concurrent mark sweep GC freed 3(96B) AllocSpace objects, 0(0B) LOS objects, 31% free, 35MB/51MB, paused 734us total 24.434ms
08-06 04:37:24.229 23322 23336 I art     : Starting a blocking GC Explicit
08-06 04:37:24.263 23322 23336 I art     : Explicit concurrent mark sweep GC freed 1401(80KB) AllocSpace objects, 1(20KB) LOS objects, 31% free, 35MB/51MB, paused 824us total 33.800ms
08-06 04:37:24.276 23322 23336 I art     : Starting a blocking GC Explicit
08-06 04:37:24.301 23322 23336 I art     : Explicit concurrent mark sweep GC freed 20(704B) AllocSpace objects, 0(0B) LOS objects, 31% free, 35MB/51MB, paused 768us total 24.863ms
08-06 04:37:24.310 23322 23336 I art     : Starting a blocking GC Explicit
08-06 04:37:24.335 23322 23336 I art     : Explicit concurrent mark sweep GC freed 3(96B) AllocSpace objects, 0(0B) LOS objects, 31% free, 35MB/51MB, paused 758us total 24.713ms
08-06 04:37:24.345 23322 23336 I art     : Starting a blocking GC Explicit
08-06 04:37:24.370 23322 23336 I art     : Explicit concurrent mark sweep GC freed 3(96B) AllocSpace objects, 0(0B) LOS objects, 31% free, 35MB/51MB, paused 849us total 24.726ms
08-06 04:37:24.379 23322 23336 I art     : Starting a blocking GC Explicit
08-06 04:37:24.403 23322 23336 I art     : Explicit concurrent mark sweep GC freed 3(96B) AllocSpace objects, 0(0B) LOS objects, 31% free, 35MB/51MB, paused 758us total 24.399ms
08-06 04:37:24.756 23322 23337 I art     : Starting a blocking GC Explicit
08-06 04:37:24.790 23322 23337 I art     : Explicit concurrent mark sweep GC freed 1401(80KB) AllocSpace objects, 1(20KB) LOS objects, 31% free, 35MB/51MB, paused 819us total 33.861ms
08-06 04:37:24.804 23322 23337 I art     : Starting a blocking GC Explicit
08-06 04:37:24.830 23322 23337 I art     : Explicit concurrent mark sweep GC freed 20(704B) AllocSpace objects, 0(0B) LOS objects, 31% free, 35MB/51MB, paused 761us total 25.648ms
08-06 04:37:24.839 23322 23337 I art     : Starting a blocking GC Explicit
08-06 04:37:24.864 23322 23337 I art     : Explicit concurrent mark sweep GC freed 6(192B) AllocSpace objects, 0(0B) LOS objects, 31% free, 35MB/51MB, paused 747us total 25.244ms
08-06 04:37:24.874 23322 23337 I art     : Starting a blocking GC Explicit
08-06 04:37:24.898 23322 23337 I art     : Explicit concurrent mark sweep GC freed 8(320B) AllocSpace objects, 0(0B) LOS objects, 31% free, 35MB/51MB, paused 709us total 24.363ms
08-06 04:37:24.907 23322 23337 I art     : Starting a blocking GC Explicit
08-06 04:37:24.932 23322 23337 I art     : Explicit concurrent mark sweep GC freed 3(96B) AllocSpace objects, 0(0B) LOS objects, 31% free, 35MB/51MB, paused 739us total 24.819ms
08-06 04:37:25.274 23322 23384 I art     : Starting a blocking GC Explicit
08-06 04:37:25.308 23322 23384 I art     : Explicit concurrent mark sweep GC freed 1401(80KB) AllocSpace objects, 1(20KB) LOS objects, 31% free, 35MB/51MB, paused 861us total 34.461ms
08-06 04:37:25.321 23322 23384 I art     : Starting a blocking GC Explicit
08-06 04:37:25.349 23322 23384 I art     : Explicit concurrent mark sweep GC freed 20(704B) AllocSpace objects, 0(0B) LOS objects, 31% free, 35MB/51MB, paused 753us total 27.265ms
08-06 04:37:25.358 23322 23384 I art     : Starting a blocking GC Explicit
08-06 04:37:25.383 23322 23384 I art     : Explicit concurrent mark sweep GC freed 3(96B) AllocSpace objects, 0(0B) LOS objects, 31% free, 35MB/51MB, paused 727us total 24.631ms
08-06 04:37:25.392 23322 23384 I art     : Starting a blocking GC Explicit
08-06 04:37:25.417 23322 23384 I art     : Explicit concurrent mark sweep GC freed 3(96B) AllocSpace objects, 0(0B) LOS objects, 31% free, 35MB/51MB, paused 917us total 24.964ms
08-06 04:37:25.427 23322 23384 I art     : Starting a blocking GC Explicit
08-06 04:37:25.452 23322 23384 I art     : Explicit concurrent mark sweep GC freed 3(96B) AllocSpace objects, 0(0B) LOS objects, 31% free, 35MB/51MB, paused 738us total 24.213ms
08-06 04:37:25.808 23322 24428 I art     : Starting a blocking GC Explicit
08-06 04:37:25.839 23322 24428 I art     : Explicit concurrent mark sweep GC freed 1401(80KB) AllocSpace objects, 1(20KB) LOS objects, 31% free, 35MB/51MB, paused 837us total 31.208ms
08-06 04:37:25.851 23322 24428 I art     : Starting a blocking GC Explicit
08-06 04:37:25.876 23322 24428 I art     : Explicit concurrent mark sweep GC freed 20(704B) AllocSpace objects, 0(0B) LOS objects, 31% free, 35MB/51MB, paused 738us total 24.757ms
08-06 04:37:25.886 23322 24428 I art     : Starting a blocking GC Explicit
08-06 04:37:25.911 23322 24428 I art     : Explicit concurrent mark sweep GC freed 3(96B) AllocSpace objects, 0(0B) LOS objects, 31% free, 35MB/51MB, paused 691us total 24.832ms
08-06 04:37:25.920 23322 24428 I art     : Starting a blocking GC Explicit
08-06 04:37:25.945 23322 24428 I art     : Explicit concurrent mark sweep GC freed 3(96B) AllocSpace objects, 0(0B) LOS objects, 31% free, 35MB/51MB, paused 750us total 24.704ms
08-06 04:37:25.954 23322 24428 I art     : Starting a blocking GC Explicit
08-06 04:37:25.980 23322 24428 I art     : Explicit concurrent mark sweep GC freed 3(96B) AllocSpace objects, 0(0B) LOS objects, 31% free, 35MB/51MB, paused 816us total 25.350ms
08-06 04:37:26.375 23322 23336 I art     : Starting a blocking GC Explicit
08-06 04:37:26.403 23322 23336 I art     : Explicit concurrent mark sweep GC freed 1401(80KB) AllocSpace objects, 1(20KB) LOS objects, 31% free, 35MB/51MB, paused 752us total 27.753ms
08-06 04:37:26.413 23322 23336 I art     : Starting a blocking GC Explicit
08-06 04:37:26.438 23322 23336 I art     : Explicit concurrent mark sweep GC freed 20(704B) AllocSpace objects, 0(0B) LOS objects, 31% free, 35MB/51MB, paused 777us total 25.067ms
08-06 04:37:26.447 23322 23336 I art     : Starting a blocking GC Explicit
08-06 04:37:26.472 23322 23336 I art     : Explicit concurrent mark sweep GC freed 3(96B) AllocSpace objects, 0(0B) LOS objects, 31% free, 35MB/51MB, paused 744us total 24.705ms
08-06 04:37:26.481 23322 23336 I art     : Starting a blocking GC Explicit
08-06 04:37:26.507 23322 23336 I art     : Explicit concurrent mark sweep GC freed 3(96B) AllocSpace objects, 0(0B) LOS objects, 31% free, 35MB/51MB, paused 796us total 25.341ms
08-06 04:37:26.516 23322 23336 I art     : Starting a blocking GC Explicit
08-06 04:37:26.541 23322 23336 I art     : Explicit concurrent mark sweep GC freed 3(96B) AllocSpace objects, 0(0B) LOS objects, 31% free, 35MB/51MB, paused 746us total 24.690ms
08-06 04:37:26.870 23322 23337 I art     : Starting a blocking GC Explicit
08-06 04:37:26.901 23322 23337 I art     : Explicit concurrent mark sweep GC freed 1401(80KB) AllocSpace objects, 1(20KB) LOS objects, 31% free, 35MB/51MB, paused 832us total 31.039ms
08-06 04:37:26.912 23322 23337 I art     : Starting a blocking GC Explicit
08-06 04:37:26.936 23322 23337 I art     : Explicit concurrent mark sweep GC freed 20(704B) AllocSpace objects, 0(0B) LOS objects, 31% free, 35MB/51MB, paused 754us total 24.659ms
08-06 04:37:26.946 23322 23337 I art     : Starting a blocking GC Explicit
08-06 04:37:26.970 23322 23337 I art     : Explicit concurrent mark sweep GC freed 3(96B) AllocSpace objects, 0(0B) LOS objects, 31% free, 35MB/51MB, paused 728us total 23.732ms
08-06 04:37:26.979 23322 23337 I art     : Starting a blocking GC Explicit
08-06 04:37:27.003 23322 23337 I art     : Explicit concurrent mark sweep GC freed 3(96B) AllocSpace objects, 0(0B) LOS objects, 31% free, 35MB/51MB, paused 739us total 23.390ms
08-06 04:37:27.011 23322 23337 I art     : Starting a blocking GC Explicit
08-06 04:37:27.036 23322 23337 I art     : Explicit concurrent mark sweep GC freed 3(96B) AllocSpace objects, 0(0B) LOS objects, 31% free, 35MB/51MB, paused 745us total 24.309ms
08-06 04:37:27.153 25199 25199 D AndroidRuntime: >>>>>> START com.android.internal.os.RuntimeInit uid 2000 <<<<<<
08-06 04:37:27.159 25199 25199 D AndroidRuntime: CheckJNI is OFF
08-06 04:37:27.199 25199 25199 D ICU     : No timezone override file found: /data/misc/zoneinfo/current/icu/icu_tzdata.dat
08-06 04:37:27.233 25199 25199 I Radio-JNI: register_android_hardware_Radio DONE
08-06 04:37:27.255 25199 25199 D AndroidRuntime: Calling main entry com.android.commands.input.Input
08-06 04:37:27.257 25199 25199 I Input   : injectMotionEvent: MotionEvent { action=ACTION_DOWN, actionButton=0, id[0]=0, x[0]=436.0, y[0]=453.0, toolType[0]=TOOL_TYPE_UNKNOWN, buttonState=0, metaState=0, flags=0x0, edgeFlags=0x0, pointerCount=1, historySize=0, eventTime=851863669, downTime=851863669, deviceId=0, source=0x1002 }
08-06 04:37:27.260 25199 25199 I Input   : injectMotionEvent: MotionEvent { action=ACTION_UP, actionButton=0, id[0]=0, x[0]=436.0, y[0]=453.0, toolType[0]=TOOL_TYPE_UNKNOWN, buttonState=0, metaState=0, flags=0x0, edgeFlags=0x0, pointerCount=1, historySize=0, eventTime=851863669, downTime=851863669, deviceId=0, source=0x1002 }
08-06 04:37:27.262 25199 25199 D AndroidRuntime: Shutting down VM
08-06 04:37:27.279   918  3961 I ActivityManager: START u0 {cmp=baseline.com.newsblur/.activity.AllSharedStoriesReading (has extras)} from uid 10698 on display 0
08-06 04:37:27.280   512  2967 D audio_hw_primary: out_set_parameters: enter: usecase(1: low-latency-playback) kvpairs: routing=2
08-06 04:37:27.293   512  2967 D audio_hw_primary: select_devices: out_snd_device(2: speaker) in_snd_device(0: none)
08-06 04:37:27.293   512  2967 D msm8974_platform: platform_send_audio_calibration: sending audio calibration for snd_device(2) acdb_id(15)
08-06 04:37:27.293   512  2967 I soundtrigger: audio_extn_sound_trigger_update_device_status: device 0x2 of type 0 for Event 1
08-06 04:37:27.304   512  2967 D audio_hw_primary: enable_snd_device: snd_device(2: speaker)
08-06 04:37:27.306   512  2967 D audio_hw_primary: enable_audio_route: apply and update mixer path: low-latency-playback speaker
08-06 04:37:27.359 23322 23384 I art     : Starting a blocking GC Explicit
08-06 04:37:27.382 23322 23384 I art     : Explicit concurrent mark sweep GC freed 2998(239KB) AllocSpace objects, 6(580KB) LOS objects, 30% free, 37MB/53MB, paused 710us total 23.022ms
08-06 04:37:27.390 23322 23384 I art     : Starting a blocking GC Explicit
08-06 04:37:27.412 23322 23384 I art     : Explicit concurrent mark sweep GC freed 431(20KB) AllocSpace objects, 0(0B) LOS objects, 30% free, 37MB/53MB, paused 720us total 21.995ms
08-06 04:37:27.421 23322 23384 I art     : Starting a blocking GC Explicit
08-06 04:37:27.444 23322 23384 I art     : Explicit concurrent mark sweep GC freed 160(26KB) AllocSpace objects, 1(20KB) LOS objects, 30% free, 37MB/53MB, paused 737us total 23.497ms
08-06 04:37:27.453 23322 23384 I art     : Starting a blocking GC Explicit
08-06 04:37:27.475 23322 23384 I art     : Explicit concurrent mark sweep GC freed 32(1184B) AllocSpace objects, 0(0B) LOS objects, 30% free, 37MB/53MB, paused 725us total 22.077ms
08-06 04:37:27.487 23322 23384 I art     : Starting a blocking GC Explicit
08-06 04:37:27.497 13866 13866 I GoogleInputMethodServic: GoogleInputMethodService.onFinishInput():3138 
08-06 04:37:27.498 13866 13866 I GoogleInputMethodServic: GoogleInputMethodService.onStartInput():1808 
08-06 04:37:27.512 23322 23384 I art     : Explicit concurrent mark sweep GC freed 473(39KB) AllocSpace objects, 1(20KB) LOS objects, 29% free, 39MB/55MB, paused 838us total 24.972ms
08-06 04:37:27.519   918   936 I ActivityManager: Displayed baseline.com.newsblur/.activity.AllSharedStoriesReading: +230ms
08-06 04:37:27.532   918  6112 D ConnectivityService: listenForNetwork for Listen from uid/pid:10698/23322 for NetworkRequest [ id=3834, legacyType=-1, [ Capabilities: INTERNET&NOT_RESTRICTED&TRUSTED] ]
08-06 04:37:27.693 23322 23936 E chromium: [ERROR:tile_manager.cc(793)] WARNING: tile memory limits exceeded, some content may not draw
08-06 04:37:27.694 23322 23936 E chromium: [ERROR:tile_manager.cc(793)] WARNING: tile memory limits exceeded, some content may not draw
08-06 04:37:27.710 23322 23936 E chromium: [ERROR:tile_manager.cc(793)] WARNING: tile memory limits exceeded, some content may not draw
08-06 04:37:27.710 23322 23936 E chromium: [ERROR:tile_manager.cc(793)] WARNING: tile memory limits exceeded, some content may not draw
08-06 04:37:27.790 23322 23336 I art     : Starting a blocking GC Explicit
08-06 04:37:27.818 23322 23336 I art     : Explicit concurrent mark sweep GC freed 5094(417KB) AllocSpace objects, 3(60KB) LOS objects, 28% free, 40MB/56MB, paused 890us total 27.401ms
08-06 04:37:27.827 23322 23336 I art     : Starting a blocking GC Explicit
08-06 04:37:27.848   512  2967 D audio_hw_primary: disable_audio_route: reset and update mixer path: low-latency-playback speaker
08-06 04:37:27.850   512  2967 D audio_hw_primary: disable_snd_device: snd_device(2: speaker)
08-06 04:37:27.853 23322 23336 I art     : Explicit concurrent mark sweep GC freed 1486(88KB) AllocSpace objects, 0(0B) LOS objects, 28% free, 40MB/56MB, paused 697us total 25.640ms
08-06 04:37:27.857   512  2967 I soundtrigger: audio_extn_sound_trigger_update_device_status: device 0x2 of type 0 for Event 0
08-06 04:37:27.863 23322 23336 I art     : Starting a blocking GC Explicit
08-06 04:37:27.888 23322 23336 I art     : Explicit concurrent mark sweep GC freed 3(96B) AllocSpace objects, 0(0B) LOS objects, 28% free, 40MB/56MB, paused 858us total 24.797ms
08-06 04:37:27.898 23322 23336 I art     : Starting a blocking GC Explicit
08-06 04:37:27.924 23322 23336 I art     : Explicit concurrent mark sweep GC freed 147(17KB) AllocSpace objects, 1(20KB) LOS objects, 28% free, 40MB/56MB, paused 783us total 26.186ms
08-06 04:37:27.934 23322 23336 I art     : Starting a blocking GC Explicit
08-06 04:37:27.942 23322 23936 E chromium: [ERROR:tile_manager.cc(793)] WARNING: tile memory limits exceeded, some content may not draw
08-06 04:37:27.945 23322 23936 E chromium: [ERROR:tile_manager.cc(793)] WARNING: tile memory limits exceeded, some content may not draw
08-06 04:37:27.949 23322 23936 E chromium: [ERROR:tile_manager.cc(793)] WARNING: tile memory limits exceeded, some content may not draw
08-06 04:37:27.951 23322 23936 E chromium: [ERROR:tile_manager.cc(793)] WARNING: tile memory limits exceeded, some content may not draw
08-06 04:37:27.960 23322 23336 I art     : Explicit concurrent mark sweep GC freed 33(1184B) AllocSpace objects, 1(28KB) LOS objects, 28% free, 40MB/56MB, paused 905us total 25.139ms
08-06 04:37:28.278 23322 23384 I art     : Starting a blocking GC Explicit
08-06 04:37:28.306 23322 23384 I art     : Explicit concurrent mark sweep GC freed 1405(81KB) AllocSpace objects, 1(20KB) LOS objects, 28% free, 40MB/56MB, paused 755us total 27.961ms
08-06 04:37:28.315 23322 23384 I art     : Starting a blocking GC Explicit
08-06 04:37:28.342 23322 23384 I art     : Explicit concurrent mark sweep GC freed 20(704B) AllocSpace objects, 0(0B) LOS objects, 28% free, 40MB/56MB, paused 738us total 26.164ms
08-06 04:37:28.351 23322 23384 I art     : Starting a blocking GC Explicit
08-06 04:37:28.378 23322 23384 I art     : Explicit concurrent mark sweep GC freed 3(96B) AllocSpace objects, 0(0B) LOS objects, 28% free, 40MB/56MB, paused 831us total 26.554ms
08-06 04:37:28.387 23322 23384 I art     : Starting a blocking GC Explicit
08-06 04:37:28.414 23322 23384 I art     : Explicit concurrent mark sweep GC freed 3(96B) AllocSpace objects, 0(0B) LOS objects, 28% free, 40MB/56MB, paused 752us total 26.943ms
08-06 04:37:28.424 23322 23384 I art     : Starting a blocking GC Explicit
08-06 04:37:28.451 23322 23384 I art     : Explicit concurrent mark sweep GC freed 3(96B) AllocSpace objects, 0(0B) LOS objects, 28% free, 40MB/56MB, paused 749us total 26.819ms
08-06 04:37:28.767 23322 23336 I art     : Starting a blocking GC Explicit
08-06 04:37:28.780 23322 23936 E chromium: [ERROR:tile_manager.cc(793)] WARNING: tile memory limits exceeded, some content may not draw
08-06 04:37:28.785 23322 23936 E chromium: [ERROR:tile_manager.cc(793)] WARNING: tile memory limits exceeded, some content may not draw
08-06 04:37:28.801 23322 23336 I art     : Explicit concurrent mark sweep GC freed 1409(81KB) AllocSpace objects, 1(20KB) LOS objects, 28% free, 40MB/56MB, paused 843us total 33.766ms
08-06 04:37:28.811 23322 23336 I art     : Starting a blocking GC Explicit
08-06 04:37:28.840 23322 23336 I art     : Explicit concurrent mark sweep GC freed 29(992B) AllocSpace objects, 0(0B) LOS objects, 28% free, 40MB/56MB, paused 702us total 28.176ms
08-06 04:37:28.849 23322 23336 I art     : Starting a blocking GC Explicit
08-06 04:37:28.873 23322 23336 I art     : Explicit concurrent mark sweep GC freed 10(320B) AllocSpace objects, 0(0B) LOS objects, 28% free, 40MB/56MB, paused 725us total 24.032ms
08-06 04:37:28.882 23322 23336 I art     : Starting a blocking GC Explicit
08-06 04:37:28.910 23322 23336 I art     : Explicit concurrent mark sweep GC freed 11(352B) AllocSpace objects, 0(0B) LOS objects, 28% free, 40MB/56MB, paused 794us total 27.376ms
08-06 04:37:28.919 23322 23336 I art     : Starting a blocking GC Explicit
08-06 04:37:28.947 23322 23336 I art     : Explicit concurrent mark sweep GC freed 15(480B) AllocSpace objects, 0(0B) LOS objects, 28% free, 40MB/56MB, paused 702us total 27.511ms
08-06 04:37:29.282 23322 23336 I art     : Starting a blocking GC Explicit
08-06 04:37:29.324 23322 23336 I art     : Explicit concurrent mark sweep GC freed 1419(81KB) AllocSpace objects, 1(20KB) LOS objects, 28% free, 40MB/56MB, paused 820us total 41.333ms
08-06 04:37:29.336 23322 23336 I art     : Starting a blocking GC Explicit
08-06 04:37:29.365 23322 23336 I art     : Explicit concurrent mark sweep GC freed 20(704B) AllocSpace objects, 0(0B) LOS objects, 28% free, 40MB/56MB, paused 732us total 28.478ms
08-06 04:37:29.375 23322 23336 I art     : Starting a blocking GC Explicit
08-06 04:37:29.403 23322 23336 I art     : Explicit concurrent mark sweep GC freed 3(96B) AllocSpace objects, 0(0B) LOS objects, 28% free, 40MB/56MB, paused 771us total 27.864ms
08-06 04:37:29.413 23322 23336 I art     : Starting a blocking GC Explicit
08-06 04:37:29.440 23322 23336 I art     : Explicit concurrent mark sweep GC freed 3(96B) AllocSpace objects, 0(0B) LOS objects, 28% free, 40MB/56MB, paused 754us total 27.639ms
08-06 04:37:29.450 23322 23336 I art     : Starting a blocking GC Explicit
08-06 04:37:29.478 23322 23336 I art     : Explicit concurrent mark sweep GC freed 3(96B) AllocSpace objects, 0(0B) LOS objects, 28% free, 40MB/56MB, paused 797us total 27.370ms
08-06 04:37:29.845 23322 23337 I art     : Starting a blocking GC Explicit
08-06 04:37:29.882 23322 23337 I art     : Explicit concurrent mark sweep GC freed 1404(81KB) AllocSpace objects, 1(20KB) LOS objects, 28% free, 40MB/56MB, paused 825us total 36.184ms
08-06 04:37:29.895 23322 23337 I art     : Starting a blocking GC Explicit
08-06 04:37:29.923 23322 23337 I art     : Explicit concurrent mark sweep GC freed 20(704B) AllocSpace objects, 0(0B) LOS objects, 28% free, 40MB/56MB, paused 767us total 28.164ms
08-06 04:37:29.933 23322 23337 I art     : Starting a blocking GC Explicit
08-06 04:37:29.960 23322 23337 I art     : Explicit concurrent mark sweep GC freed 3(96B) AllocSpace objects, 0(0B) LOS objects, 28% free, 40MB/56MB, paused 755us total 26.826ms
08-06 04:37:29.969 23322 23337 I art     : Starting a blocking GC Explicit
08-06 04:37:29.997 23322 23337 I art     : Explicit concurrent mark sweep GC freed 3(96B) AllocSpace objects, 0(0B) LOS objects, 28% free, 40MB/56MB, paused 799us total 27.426ms
08-06 04:37:30.006 23322 23337 I art     : Starting a blocking GC Explicit
08-06 04:37:30.034 23322 23337 I art     : Explicit concurrent mark sweep GC freed 3(96B) AllocSpace objects, 0(0B) LOS objects, 28% free, 40MB/56MB, paused 756us total 27.747ms
08-06 04:37:30.381 23322 23384 I art     : Starting a blocking GC Explicit
08-06 04:37:30.422 23322 23384 I art     : Explicit concurrent mark sweep GC freed 1404(81KB) AllocSpace objects, 1(20KB) LOS objects, 28% free, 40MB/56MB, paused 890us total 40.658ms
08-06 04:37:30.436 23322 23384 I art     : Starting a blocking GC Explicit
08-06 04:37:30.464 23322 23384 I art     : Explicit concurrent mark sweep GC freed 20(704B) AllocSpace objects, 0(0B) LOS objects, 28% free, 40MB/56MB, paused 760us total 27.298ms
08-06 04:37:30.473 23322 23384 I art     : Starting a blocking GC Explicit
08-06 04:37:30.500 23322 23384 I art     : Explicit concurrent mark sweep GC freed 3(96B) AllocSpace objects, 0(0B) LOS objects, 28% free, 40MB/56MB, paused 767us total 27.044ms
08-06 04:37:30.510 23322 23384 I art     : Starting a blocking GC Explicit
08-06 04:37:30.538 23322 23384 I art     : Explicit concurrent mark sweep GC freed 3(96B) AllocSpace objects, 0(0B) LOS objects, 28% free, 40MB/56MB, paused 785us total 27.741ms
08-06 04:37:30.547 23322 23384 I art     : Starting a blocking GC Explicit
08-06 04:37:30.575 23322 23384 I art     : Explicit concurrent mark sweep GC freed 3(96B) AllocSpace objects, 0(0B) LOS objects, 28% free, 40MB/56MB, paused 795us total 27.750ms
08-06 04:37:30.934 23322 24428 I art     : Starting a blocking GC Explicit
08-06 04:37:30.970 23322 24428 I art     : Explicit concurrent mark sweep GC freed 1404(81KB) AllocSpace objects, 1(20KB) LOS objects, 28% free, 40MB/56MB, paused 815us total 34.725ms
08-06 04:37:30.982 23322 24428 I art     : Starting a blocking GC Explicit
08-06 04:37:31.010 23322 24428 I art     : Explicit concurrent mark sweep GC freed 20(704B) AllocSpace objects, 0(0B) LOS objects, 28% free, 40MB/56MB, paused 848us total 27.579ms
08-06 04:37:31.020 23322 24428 I art     : Starting a blocking GC Explicit
08-06 04:37:31.047 23322 24428 I art     : Explicit concurrent mark sweep GC freed 3(96B) AllocSpace objects, 0(0B) LOS objects, 28% free, 40MB/56MB, paused 751us total 26.254ms
08-06 04:37:31.056 23322 24428 I art     : Starting a blocking GC Explicit
08-06 04:37:31.082 23322 24428 I art     : Explicit concurrent mark sweep GC freed 3(96B) AllocSpace objects, 0(0B) LOS objects, 28% free, 40MB/56MB, paused 771us total 26.134ms
08-06 04:37:31.091 23322 24428 I art     : Starting a blocking GC Explicit
08-06 04:37:31.118 23322 24428 I art     : Explicit concurrent mark sweep GC freed 3(96B) AllocSpace objects, 0(0B) LOS objects, 28% free, 40MB/56MB, paused 762us total 26.394ms
08-06 04:37:31.497 23322 23336 I art     : Starting a blocking GC Explicit
08-06 04:37:31.534 23322 23336 I art     : Explicit concurrent mark sweep GC freed 1404(81KB) AllocSpace objects, 1(20KB) LOS objects, 28% free, 40MB/56MB, paused 844us total 36.271ms
08-06 04:37:31.545 23322 23336 I art     : Starting a blocking GC Explicit
08-06 04:37:31.573 23322 23336 I art     : Explicit concurrent mark sweep GC freed 20(704B) AllocSpace objects, 0(0B) LOS objects, 28% free, 40MB/56MB, paused 783us total 27.809ms
08-06 04:37:31.583 23322 23336 I art     : Starting a blocking GC Explicit
08-06 04:37:31.611 23322 23336 I art     : Explicit concurrent mark sweep GC freed 3(96B) AllocSpace objects, 0(0B) LOS objects, 28% free, 40MB/56MB, paused 779us total 27.906ms
08-06 04:37:31.621 23322 23336 I art     : Starting a blocking GC Explicit
08-06 04:37:31.648 23322 23336 I art     : Explicit concurrent mark sweep GC freed 3(96B) AllocSpace objects, 0(0B) LOS objects, 28% free, 40MB/56MB, paused 802us total 27.244ms
08-06 04:37:31.658 23322 23336 I art     : Starting a blocking GC Explicit
08-06 04:37:31.685 23322 23336 I art     : Explicit concurrent mark sweep GC freed 3(96B) AllocSpace objects, 0(0B) LOS objects, 28% free, 40MB/56MB, paused 781us total 27.550ms
08-06 04:37:32.045 23322 23337 I art     : Starting a blocking GC Explicit
08-06 04:37:32.086 23322 23337 I art     : Explicit concurrent mark sweep GC freed 1402(80KB) AllocSpace objects, 1(20KB) LOS objects, 28% free, 40MB/56MB, paused 866us total 41.188ms
08-06 04:37:32.100 23322 23337 I art     : Starting a blocking GC Explicit
08-06 04:37:32.130 23322 23337 I art     : Explicit concurrent mark sweep GC freed 20(704B) AllocSpace objects, 0(0B) LOS objects, 28% free, 40MB/56MB, paused 765us total 30.211ms
08-06 04:37:32.140 23322 23337 I art     : Starting a blocking GC Explicit
08-06 04:37:32.168 23322 23337 I art     : Explicit concurrent mark sweep GC freed 3(96B) AllocSpace objects, 0(0B) LOS objects, 28% free, 40MB/56MB, paused 792us total 27.644ms
08-06 04:37:32.178 23322 23337 I art     : Starting a blocking GC Explicit
08-06 04:37:32.206 23322 23337 I art     : Explicit concurrent mark sweep GC freed 3(96B) AllocSpace objects, 0(0B) LOS objects, 28% free, 40MB/56MB, paused 766us total 27.674ms
08-06 04:37:32.215 23322 23337 I art     : Starting a blocking GC Explicit
08-06 04:37:32.243 23322 23337 I art     : Explicit concurrent mark sweep GC freed 3(96B) AllocSpace objects, 0(0B) LOS objects, 28% free, 40MB/56MB, paused 750us total 27.808ms
08-06 04:37:32.613 23322 23384 I art     : Starting a blocking GC Explicit
08-06 04:37:32.654 23322 23384 I art     : Explicit concurrent mark sweep GC freed 1402(80KB) AllocSpace objects, 1(20KB) LOS objects, 28% free, 40MB/56MB, paused 835us total 40.687ms
08-06 04:37:32.668 23322 23384 I art     : Starting a blocking GC Explicit
08-06 04:37:32.695 23322 23384 I art     : Explicit concurrent mark sweep GC freed 20(704B) AllocSpace objects, 0(0B) LOS objects, 28% free, 40MB/56MB, paused 763us total 27.207ms
08-06 04:37:32.705 23322 23384 I art     : Starting a blocking GC Explicit
08-06 04:37:32.732 23322 23384 I art     : Explicit concurrent mark sweep GC freed 3(96B) AllocSpace objects, 0(0B) LOS objects, 28% free, 40MB/56MB, paused 785us total 27.494ms
08-06 04:37:32.742 23322 23384 I art     : Starting a blocking GC Explicit
08-06 04:37:32.770 23322 23384 I art     : Explicit concurrent mark sweep GC freed 3(96B) AllocSpace objects, 0(0B) LOS objects, 28% free, 40MB/56MB, paused 837us total 27.679ms
08-06 04:37:32.779 23322 23384 I art     : Starting a blocking GC Explicit
08-06 04:37:32.807 23322 23384 I art     : Explicit concurrent mark sweep GC freed 3(96B) AllocSpace objects, 0(0B) LOS objects, 28% free, 40MB/56MB, paused 866us total 27.718ms
08-06 04:37:33.184 23322 24428 I art     : Starting a blocking GC Explicit
08-06 04:37:33.225 23322 24428 I art     : Explicit concurrent mark sweep GC freed 1402(80KB) AllocSpace objects, 1(20KB) LOS objects, 28% free, 40MB/56MB, paused 940us total 39.575ms
08-06 04:37:33.240 23322 24428 I art     : Starting a blocking GC Explicit
08-06 04:37:33.272 23322 24428 I art     : Explicit concurrent mark sweep GC freed 20(704B) AllocSpace objects, 0(0B) LOS objects, 28% free, 40MB/56MB, paused 787us total 31.022ms
08-06 04:37:33.281 23322 24428 I art     : Starting a blocking GC Explicit
08-06 04:37:33.309 23322 24428 I art     : Explicit concurrent mark sweep GC freed 3(96B) AllocSpace objects, 0(0B) LOS objects, 28% free, 40MB/56MB, paused 824us total 27.733ms
08-06 04:37:33.319 23322 24428 I art     : Starting a blocking GC Explicit
08-06 04:37:33.347 23322 24428 I art     : Explicit concurrent mark sweep GC freed 3(96B) AllocSpace objects, 0(0B) LOS objects, 28% free, 40MB/56MB, paused 844us total 27.826ms
08-06 04:37:33.357 23322 24428 I art     : Starting a blocking GC Explicit
08-06 04:37:33.384 23322 24428 I art     : Explicit concurrent mark sweep GC freed 3(96B) AllocSpace objects, 0(0B) LOS objects, 28% free, 40MB/56MB, paused 764us total 27.138ms
08-06 04:37:33.749 23322 23336 I art     : Starting a blocking GC Explicit
08-06 04:37:33.788 23322 23336 I art     : Explicit concurrent mark sweep GC freed 1402(80KB) AllocSpace objects, 1(20KB) LOS objects, 28% free, 40MB/56MB, paused 868us total 38.304ms
08-06 04:37:33.801 23322 23336 I art     : Starting a blocking GC Explicit
08-06 04:37:33.830 23322 23336 I art     : Explicit concurrent mark sweep GC freed 20(704B) AllocSpace objects, 0(0B) LOS objects, 28% free, 40MB/56MB, paused 782us total 29.120ms
08-06 04:37:33.840 23322 23336 I art     : Starting a blocking GC Explicit
08-06 04:37:33.868 23322 23336 I art     : Explicit concurrent mark sweep GC freed 3(96B) AllocSpace objects, 0(0B) LOS objects, 28% free, 40MB/56MB, paused 833us total 27.699ms
08-06 04:37:33.877 23322 23336 I art     : Starting a blocking GC Explicit
08-06 04:37:33.905 23322 23336 I art     : Explicit concurrent mark sweep GC freed 3(96B) AllocSpace objects, 0(0B) LOS objects, 28% free, 40MB/56MB, paused 812us total 27.059ms
08-06 04:37:33.914 23322 23336 I art     : Starting a blocking GC Explicit
08-06 04:37:33.942 23322 23336 I art     : Explicit concurrent mark sweep GC freed 3(96B) AllocSpace objects, 0(0B) LOS objects, 28% free, 40MB/56MB, paused 779us total 27.422ms
08-06 04:37:34.311 23322 23337 I art     : Starting a blocking GC Explicit
08-06 04:37:34.352 23322 23337 I art     : Explicit concurrent mark sweep GC freed 1402(80KB) AllocSpace objects, 1(20KB) LOS objects, 28% free, 40MB/56MB, paused 890us total 40.539ms
08-06 04:37:34.366 23322 23337 I art     : Starting a blocking GC Explicit
08-06 04:37:34.394 23322 23337 I art     : Explicit concurrent mark sweep GC freed 20(704B) AllocSpace objects, 0(0B) LOS objects, 28% free, 40MB/56MB, paused 753us total 27.859ms
08-06 04:37:34.403 23322 23337 I art     : Starting a blocking GC Explicit
08-06 04:37:34.430 23322 23337 I art     : Explicit concurrent mark sweep GC freed 3(96B) AllocSpace objects, 0(0B) LOS objects, 28% free, 40MB/56MB, paused 777us total 27.017ms
08-06 04:37:34.440 23322 23337 I art     : Starting a blocking GC Explicit
08-06 04:37:34.468 23322 23337 I art     : Explicit concurrent mark sweep GC freed 3(96B) AllocSpace objects, 0(0B) LOS objects, 28% free, 40MB/56MB, paused 812us total 27.803ms
08-06 04:37:34.478 23322 23337 I art     : Starting a blocking GC Explicit
08-06 04:37:34.506 23322 23337 I art     : Explicit concurrent mark sweep GC freed 3(96B) AllocSpace objects, 0(0B) LOS objects, 28% free, 40MB/56MB, paused 765us total 27.580ms
08-06 04:37:34.865 23322 23384 I art     : Starting a blocking GC Explicit
08-06 04:37:34.897 23322 23384 I art     : Explicit concurrent mark sweep GC freed 1402(80KB) AllocSpace objects, 1(20KB) LOS objects, 28% free, 40MB/56MB, paused 829us total 31.926ms
08-06 04:37:34.909 23322 23384 I art     : Starting a blocking GC Explicit
08-06 04:37:34.937 23322 23384 I art     : Explicit concurrent mark sweep GC freed 20(704B) AllocSpace objects, 0(0B) LOS objects, 28% free, 40MB/56MB, paused 895us total 27.588ms
08-06 04:37:34.946 23322 23384 I art     : Starting a blocking GC Explicit
08-06 04:37:34.974 23322 23384 I art     : Explicit concurrent mark sweep GC freed 3(96B) AllocSpace objects, 0(0B) LOS objects, 28% free, 40MB/56MB, paused 765us total 27.292ms
08-06 04:37:34.983 23322 23384 I art     : Starting a blocking GC Explicit
08-06 04:37:35.011 23322 23384 I art     : Explicit concurrent mark sweep GC freed 3(96B) AllocSpace objects, 0(0B) LOS objects, 28% free, 40MB/56MB, paused 773us total 27.844ms
08-06 04:37:35.021 23322 23384 I art     : Starting a blocking GC Explicit
08-06 04:37:35.049 23322 23384 I art     : Explicit concurrent mark sweep GC freed 3(96B) AllocSpace objects, 0(0B) LOS objects, 28% free, 40MB/56MB, paused 789us total 27.969ms
08-06 04:37:35.420 23322 24428 I art     : Starting a blocking GC Explicit
08-06 04:37:35.457 23322 24428 I art     : Explicit concurrent mark sweep GC freed 1402(80KB) AllocSpace objects, 1(20KB) LOS objects, 28% free, 40MB/56MB, paused 838us total 35.957ms
08-06 04:37:35.469 23322 24428 I art     : Starting a blocking GC Explicit
08-06 04:37:35.497 23322 24428 I art     : Explicit concurrent mark sweep GC freed 20(704B) AllocSpace objects, 0(0B) LOS objects, 28% free, 40MB/56MB, paused 898us total 27.842ms
08-06 04:37:35.507 23322 24428 I art     : Starting a blocking GC Explicit
08-06 04:37:35.535 23322 24428 I art     : Explicit concurrent mark sweep GC freed 3(96B) AllocSpace objects, 0(0B) LOS objects, 28% free, 40MB/56MB, paused 748us total 27.329ms
08-06 04:37:35.544 23322 24428 I art     : Starting a blocking GC Explicit
08-06 04:37:35.571 23322 24428 I art     : Explicit concurrent mark sweep GC freed 3(96B) AllocSpace objects, 0(0B) LOS objects, 28% free, 40MB/56MB, paused 769us total 26.862ms
08-06 04:37:35.581 23322 24428 I art     : Starting a blocking GC Explicit
08-06 04:37:35.608 23322 24428 I art     : Explicit concurrent mark sweep GC freed 3(96B) AllocSpace objects, 0(0B) LOS objects, 28% free, 40MB/56MB, paused 783us total 27.047ms
08-06 04:37:35.972 23322 23336 I art     : Starting a blocking GC Explicit
08-06 04:37:36.012 23322 23336 I art     : Explicit concurrent mark sweep GC freed 1402(80KB) AllocSpace objects, 1(20KB) LOS objects, 28% free, 40MB/56MB, paused 915us total 39.831ms
08-06 04:37:36.025 23322 23336 I art     : Starting a blocking GC Explicit
08-06 04:37:36.053 23322 23336 I art     : Explicit concurrent mark sweep GC freed 20(704B) AllocSpace objects, 0(0B) LOS objects, 28% free, 40MB/56MB, paused 778us total 27.760ms
08-06 04:37:36.063 23322 23336 I art     : Starting a blocking GC Explicit
08-06 04:37:36.091 23322 23336 I art     : Explicit concurrent mark sweep GC freed 3(96B) AllocSpace objects, 0(0B) LOS objects, 28% free, 40MB/56MB, paused 767us total 27.623ms
08-06 04:37:36.100 23322 23336 I art     : Starting a blocking GC Explicit
08-06 04:37:36.128 23322 23336 I art     : Explicit concurrent mark sweep GC freed 3(96B) AllocSpace objects, 0(0B) LOS objects, 28% free, 40MB/56MB, paused 800us total 27.162ms
08-06 04:37:36.137 23322 23336 I art     : Starting a blocking GC Explicit
08-06 04:37:36.165 23322 23336 I art     : Explicit concurrent mark sweep GC freed 3(96B) AllocSpace objects, 0(0B) LOS objects, 28% free, 40MB/56MB, paused 770us total 27.156ms
08-06 04:37:36.525 23322 23337 I art     : Starting a blocking GC Explicit
08-06 04:37:36.567 23322 23337 I art     : Explicit concurrent mark sweep GC freed 1402(80KB) AllocSpace objects, 1(20KB) LOS objects, 28% free, 40MB/56MB, paused 904us total 41.995ms
08-06 04:37:36.580 23322 23337 I art     : Starting a blocking GC Explicit
08-06 04:37:36.610 23322 23337 I art     : Explicit concurrent mark sweep GC freed 20(704B) AllocSpace objects, 0(0B) LOS objects, 28% free, 40MB/56MB, paused 811us total 29.782ms
08-06 04:37:36.620 23322 23337 I art     : Starting a blocking GC Explicit
08-06 04:37:36.648 23322 23337 I art     : Explicit concurrent mark sweep GC freed 3(96B) AllocSpace objects, 0(0B) LOS objects, 28% free, 40MB/56MB, paused 938us total 27.477ms
08-06 04:37:36.657 23322 23337 I art     : Starting a blocking GC Explicit
08-06 04:37:36.684 23322 23337 I art     : Explicit concurrent mark sweep GC freed 3(96B) AllocSpace objects, 0(0B) LOS objects, 28% free, 40MB/56MB, paused 751us total 27.258ms
08-06 04:37:36.694 23322 23337 I art     : Starting a blocking GC Explicit
08-06 04:37:36.722 23322 23337 I art     : Explicit concurrent mark sweep GC freed 3(96B) AllocSpace objects, 0(0B) LOS objects, 28% free, 40MB/56MB, paused 836us total 27.685ms
08-06 04:37:37.103 23322 23384 I art     : Starting a blocking GC Explicit
08-06 04:37:37.142 23322 23384 I art     : Explicit concurrent mark sweep GC freed 1402(80KB) AllocSpace objects, 1(20KB) LOS objects, 28% free, 40MB/56MB, paused 854us total 38.723ms
08-06 04:37:37.154 23322 23384 I art     : Starting a blocking GC Explicit
08-06 04:37:37.182 23322 23384 I art     : Explicit concurrent mark sweep GC freed 20(704B) AllocSpace objects, 0(0B) LOS objects, 28% free, 40MB/56MB, paused 770us total 27.082ms
08-06 04:37:37.191 23322 23384 I art     : Starting a blocking GC Explicit
08-06 04:37:37.219 23322 23384 I art     : Explicit concurrent mark sweep GC freed 3(96B) AllocSpace objects, 0(0B) LOS objects, 28% free, 40MB/56MB, paused 760us total 27.483ms
08-06 04:37:37.228 23322 23384 I art     : Starting a blocking GC Explicit
08-06 04:37:37.256 23322 23384 I art     : Explicit concurrent mark sweep GC freed 3(96B) AllocSpace objects, 0(0B) LOS objects, 28% free, 40MB/56MB, paused 774us total 27.507ms
08-06 04:37:37.265 23322 23384 I art     : Starting a blocking GC Explicit
08-06 04:37:37.293 23322 23384 I art     : Explicit concurrent mark sweep GC freed 3(96B) AllocSpace objects, 0(0B) LOS objects, 28% free, 40MB/56MB, paused 760us total 27.726ms
08-06 04:37:37.628 23322 24428 I art     : Starting a blocking GC Explicit
08-06 04:37:37.660 22366 22366 I Atfwd_Sendcmd: AtCmdFwd service not ready - Exhausted retry attempts - :6
08-06 04:37:37.660 22366 22366 I Atfwd_Daemon: result : -1 	 ,Init step :2 	 ,qmiErrorCode: 0
08-06 04:37:37.667 23322 24428 I art     : Explicit concurrent mark sweep GC freed 1402(80KB) AllocSpace objects, 1(20KB) LOS objects, 28% free, 40MB/56MB, paused 848us total 38.089ms
08-06 04:37:37.679 23322 24428 I art     : Starting a blocking GC Explicit
08-06 04:37:37.707 23322 24428 I art     : Explicit concurrent mark sweep GC freed 20(704B) AllocSpace objects, 0(0B) LOS objects, 28% free, 40MB/56MB, paused 942us total 27.944ms
08-06 04:37:37.717 23322 24428 I art     : Starting a blocking GC Explicit
08-06 04:37:37.744 23322 24428 I art     : Explicit concurrent mark sweep GC freed 3(96B) AllocSpace objects, 0(0B) LOS objects, 28% free, 40MB/56MB, paused 778us total 26.977ms
08-06 04:37:37.754 23322 24428 I art     : Starting a blocking GC Explicit
08-06 04:37:37.781 23322 24428 I art     : Explicit concurrent mark sweep GC freed 3(96B) AllocSpace objects, 0(0B) LOS objects, 28% free, 40MB/56MB, paused 775us total 27.363ms
08-06 04:37:37.791 23322 24428 I art     : Starting a blocking GC Explicit
08-06 04:37:37.819 23322 24428 I art     : Explicit concurrent mark sweep GC freed 3(96B) AllocSpace objects, 0(0B) LOS objects, 28% free, 40MB/56MB, paused 790us total 27.839ms
08-06 04:37:38.176 23322 23336 I art     : Starting a blocking GC Explicit
08-06 04:37:38.211 23322 23336 I art     : Explicit concurrent mark sweep GC freed 1402(80KB) AllocSpace objects, 1(20KB) LOS objects, 28% free, 40MB/56MB, paused 836us total 34.162ms
08-06 04:37:38.224 23322 23336 I art     : Starting a blocking GC Explicit
08-06 04:37:38.251 23322 23336 I art     : Explicit concurrent mark sweep GC freed 20(704B) AllocSpace objects, 0(0B) LOS objects, 28% free, 40MB/56MB, paused 826us total 27.470ms
08-06 04:37:38.261 23322 23336 I art     : Starting a blocking GC Explicit
08-06 04:37:38.288 23322 23336 I art     : Explicit concurrent mark sweep GC freed 3(96B) AllocSpace objects, 0(0B) LOS objects, 28% free, 40MB/56MB, paused 778us total 27.201ms
08-06 04:37:38.298 23322 23336 I art     : Starting a blocking GC Explicit
08-06 04:37:38.325 23322 23336 I art     : Explicit concurrent mark sweep GC freed 3(96B) AllocSpace objects, 0(0B) LOS objects, 28% free, 40MB/56MB, paused 763us total 27.208ms
08-06 04:37:38.335 23322 23336 I art     : Starting a blocking GC Explicit
08-06 04:37:38.363 23322 23336 I art     : Explicit concurrent mark sweep GC freed 3(96B) AllocSpace objects, 0(0B) LOS objects, 28% free, 40MB/56MB, paused 773us total 27.697ms
08-06 04:37:38.363 23322 23335 I art     : WaitForGcToComplete blocked for 15.106ms for cause HeapTrim
08-06 04:37:38.699 23322 23337 I art     : Starting a blocking GC Explicit
08-06 04:37:38.738 23322 23337 I art     : Explicit concurrent mark sweep GC freed 1402(80KB) AllocSpace objects, 1(20KB) LOS objects, 28% free, 40MB/56MB, paused 1.018ms total 38.179ms
08-06 04:37:38.752 23322 23337 I art     : Starting a blocking GC Explicit
08-06 04:37:38.780 23322 23337 I art     : Explicit concurrent mark sweep GC freed 20(704B) AllocSpace objects, 0(0B) LOS objects, 28% free, 40MB/56MB, paused 760us total 27.236ms
08-06 04:37:38.789 23322 23337 I art     : Starting a blocking GC Explicit
08-06 04:37:38.817 23322 23337 I art     : Explicit concurrent mark sweep GC freed 3(96B) AllocSpace objects, 0(0B) LOS objects, 28% free, 40MB/56MB, paused 849us total 27.658ms
08-06 04:37:38.827 23322 23337 I art     : Starting a blocking GC Explicit
08-06 04:37:38.855 23322 23337 I art     : Explicit concurrent mark sweep GC freed 3(96B) AllocSpace objects, 0(0B) LOS objects, 28% free, 40MB/56MB, paused 789us total 27.841ms
08-06 04:37:38.864 23322 23337 I art     : Starting a blocking GC Explicit
08-06 04:37:38.892 23322 23337 I art     : Explicit concurrent mark sweep GC freed 3(96B) AllocSpace objects, 0(0B) LOS objects, 28% free, 40MB/56MB, paused 755us total 27.560ms
08-06 04:37:39.230 23322 23384 I art     : Starting a blocking GC Explicit
08-06 04:37:39.268 23322 23384 I art     : Explicit concurrent mark sweep GC freed 1402(80KB) AllocSpace objects, 1(20KB) LOS objects, 28% free, 40MB/56MB, paused 958us total 38.024ms
08-06 04:37:39.280 23322 23384 I art     : Starting a blocking GC Explicit
08-06 04:37:39.308 23322 23384 I art     : Explicit concurrent mark sweep GC freed 20(704B) AllocSpace objects, 0(0B) LOS objects, 28% free, 40MB/56MB, paused 797us total 27.761ms
08-06 04:37:39.318 23322 23384 I art     : Starting a blocking GC Explicit
08-06 04:37:39.345 23322 23384 I art     : Explicit concurrent mark sweep GC freed 3(96B) AllocSpace objects, 0(0B) LOS objects, 28% free, 40MB/56MB, paused 763us total 27.091ms
08-06 04:37:39.355 23322 23384 I art     : Starting a blocking GC Explicit
08-06 04:37:39.382 23322 23384 I art     : Explicit concurrent mark sweep GC freed 3(96B) AllocSpace objects, 0(0B) LOS objects, 28% free, 40MB/56MB, paused 769us total 27.526ms
08-06 04:37:39.392 23322 23384 I art     : Starting a blocking GC Explicit
08-06 04:37:39.420 23322 23384 I art     : Explicit concurrent mark sweep GC freed 3(96B) AllocSpace objects, 0(0B) LOS objects, 28% free, 40MB/56MB, paused 778us total 27.750ms
08-06 04:37:39.724 23322 24428 I art     : Starting a blocking GC Explicit
08-06 04:37:39.758 23322 24428 I art     : Explicit concurrent mark sweep GC freed 1402(80KB) AllocSpace objects, 1(20KB) LOS objects, 28% free, 40MB/56MB, paused 839us total 33.383ms
08-06 04:37:39.768 23322 24428 I art     : Starting a blocking GC Explicit
08-06 04:37:39.794 23322 24428 I art     : Explicit concurrent mark sweep GC freed 20(704B) AllocSpace objects, 0(0B) LOS objects, 28% free, 40MB/56MB, paused 764us total 26.641ms
08-06 04:37:39.803 23322 24428 I art     : Starting a blocking GC Explicit
08-06 04:37:39.830 23322 24428 I art     : Explicit concurrent mark sweep GC freed 3(96B) AllocSpace objects, 0(0B) LOS objects, 28% free, 40MB/56MB, paused 781us total 25.917ms
08-06 04:37:39.839 23322 24428 I art     : Starting a blocking GC Explicit
08-06 04:37:39.865 23322 24428 I art     : Explicit concurrent mark sweep GC freed 3(96B) AllocSpace objects, 0(0B) LOS objects, 28% free, 40MB/56MB, paused 788us total 26.532ms
08-06 04:37:39.875 23322 24428 I art     : Starting a blocking GC Explicit
08-06 04:37:39.901 23322 24428 I art     : Explicit concurrent mark sweep GC freed 3(96B) AllocSpace objects, 0(0B) LOS objects, 28% free, 40MB/56MB, paused 766us total 25.797ms
08-06 04:37:39.978 25453 25453 D AndroidRuntime: >>>>>> START com.android.internal.os.RuntimeInit uid 2000 <<<<<<
08-06 04:37:39.984 25453 25453 D AndroidRuntime: CheckJNI is OFF
08-06 04:37:40.024 25453 25453 D ICU     : No timezone override file found: /data/misc/zoneinfo/current/icu/icu_tzdata.dat
08-06 04:37:40.058 25453 25453 I Radio-JNI: register_android_hardware_Radio DONE
08-06 04:37:40.080 25453 25453 D AndroidRuntime: Calling main entry com.android.commands.input.Input
08-06 04:37:40.081 25453 25453 I Input   : injectKeyEvent: KeyEvent { action=ACTION_DOWN, keyCode=KEYCODE_BACK, scanCode=0, metaState=0, flags=0x0, repeatCount=0, eventTime=851876494, downTime=851876494, deviceId=-1, source=0x101 }
08-06 04:37:40.088 25453 25453 I Input   : injectKeyEvent: KeyEvent { action=ACTION_UP, keyCode=KEYCODE_BACK, scanCode=0, metaState=0, flags=0x0, repeatCount=0, eventTime=851876494, downTime=851876494, deviceId=-1, source=0x101 }
08-06 04:37:40.094 25453 25453 D AndroidRuntime: Shutting down VM
08-06 04:37:40.104 23322 23322 D baseline.com.newsblur.service.NBSyncService: rejecting request for feedset that is exhaused
08-06 04:37:40.207 23322 23336 I art     : Starting a blocking GC Explicit
08-06 04:37:40.225 23322 23322 D baseline.com.newsblur.service.NBSyncService: rejecting request for feedset that is exhaused
08-06 04:37:40.226 13866 13866 I GoogleInputMethodServic: GoogleInputMethodService.onFinishInput():3138 
08-06 04:37:40.227 13866 13866 I GoogleInputMethodServic: GoogleInputMethodService.onStartInput():1808 
08-06 04:37:40.234 23322 23336 I art     : Explicit concurrent mark sweep GC freed 3159(251KB) AllocSpace objects, 5(100KB) LOS objects, 28% free, 40MB/56MB, paused 1.091ms total 26.567ms
08-06 04:37:40.245 23322 23336 I art     : Starting a blocking GC Explicit
08-06 04:37:40.269 23322 23336 I art     : Explicit concurrent mark sweep GC freed 227(10KB) AllocSpace objects, 0(0B) LOS objects, 28% free, 40MB/56MB, paused 804us total 24.115ms
08-06 04:37:40.279 23322 23336 I art     : Starting a blocking GC Explicit
08-06 04:37:40.307 23322 23336 I art     : Explicit concurrent mark sweep GC freed 738(59KB) AllocSpace objects, 0(0B) LOS objects, 28% free, 40MB/56MB, paused 945us total 27.838ms
08-06 04:37:40.316 23322 23336 I art     : Starting a blocking GC Explicit
08-06 04:37:40.339 23322 23336 I art     : Explicit concurrent mark sweep GC freed 12(368B) AllocSpace objects, 1(28KB) LOS objects, 28% free, 40MB/56MB, paused 687us total 22.389ms
08-06 04:37:40.348 23322 23336 I art     : Starting a blocking GC Explicit
08-06 04:37:40.372 23322 23336 I art     : Explicit concurrent mark sweep GC freed 3(96B) AllocSpace objects, 0(0B) LOS objects, 28% free, 40MB/56MB, paused 658us total 23.945ms
08-06 04:37:40.663 23322 23384 I art     : Starting a blocking GC Explicit
08-06 04:37:40.688 23322 23384 I art     : Explicit concurrent mark sweep GC freed 2645(140KB) AllocSpace objects, 1(20KB) LOS objects, 28% free, 40MB/56MB, paused 819us total 24.101ms
08-06 04:37:40.697 23322 23384 I art     : Starting a blocking GC Explicit
08-06 04:37:40.715   918  3263 D ConnectivityService: releasing NetworkRequest NetworkRequest [ id=3834, legacyType=-1, [ Capabilities: INTERNET&NOT_RESTRICTED&TRUSTED] ]
08-06 04:37:40.721 23322 23384 I art     : Explicit concurrent mark sweep GC freed 5798(435KB) AllocSpace objects, 12(4MB) LOS objects, 31% free, 35MB/51MB, paused 834us total 24.137ms
08-06 04:37:40.730 23322 23384 I art     : Starting a blocking GC Explicit
08-06 04:37:40.750 23322 23384 I art     : Explicit concurrent mark sweep GC freed 100(4KB) AllocSpace objects, 0(0B) LOS objects, 31% free, 35MB/51MB, paused 721us total 20.463ms
08-06 04:37:40.759 23322 23384 I art     : Starting a blocking GC Explicit
08-06 04:37:40.781 23322 23384 I art     : Explicit concurrent mark sweep GC freed 6(192B) AllocSpace objects, 0(0B) LOS objects, 31% free, 35MB/51MB, paused 658us total 21.356ms
08-06 04:37:40.789 23322 23384 I art     : Starting a blocking GC Explicit
08-06 04:37:40.812 23322 23384 I art     : Explicit concurrent mark sweep GC freed 8(256B) AllocSpace objects, 0(0B) LOS objects, 31% free, 35MB/51MB, paused 734us total 22.613ms
08-06 04:37:41.121 23322 23337 I art     : Starting a blocking GC Explicit
08-06 04:37:41.147 23322 23337 I art     : Explicit concurrent mark sweep GC freed 1441(82KB) AllocSpace objects, 1(20KB) LOS objects, 31% free, 35MB/51MB, paused 906us total 26.511ms
08-06 04:37:41.156 23322 23337 I art     : Starting a blocking GC Explicit
08-06 04:37:41.185 23322 23337 I art     : Explicit concurrent mark sweep GC freed 25(864B) AllocSpace objects, 0(0B) LOS objects, 31% free, 35MB/51MB, paused 779us total 28.136ms
08-06 04:37:41.194 23322 23337 I art     : Starting a blocking GC Explicit
08-06 04:37:41.220 23322 23337 I art     : Explicit concurrent mark sweep GC freed 7(224B) AllocSpace objects, 0(0B) LOS objects, 31% free, 35MB/51MB, paused 744us total 26.347ms
08-06 04:37:41.230 23322 23337 I art     : Starting a blocking GC Explicit
08-06 04:37:41.257 23322 23337 I art     : Explicit concurrent mark sweep GC freed 7(224B) AllocSpace objects, 0(0B) LOS objects, 31% free, 35MB/51MB, paused 846us total 26.145ms
08-06 04:37:41.268 23322 23337 I art     : Starting a blocking GC Explicit
08-06 04:37:41.293 23322 23337 I art     : Explicit concurrent mark sweep GC freed 8(256B) AllocSpace objects, 0(0B) LOS objects, 31% free, 35MB/51MB, paused 709us total 24.761ms
08-06 04:37:41.595 23322 23337 I art     : Starting a blocking GC Explicit
08-06 04:37:41.619 23322 23337 I art     : Explicit concurrent mark sweep GC freed 1439(82KB) AllocSpace objects, 1(20KB) LOS objects, 31% free, 35MB/51MB, paused 751us total 24.052ms
08-06 04:37:41.628 23322 23337 I art     : Starting a blocking GC Explicit
08-06 04:37:41.653 23322 23337 I art     : Explicit concurrent mark sweep GC freed 102(4KB) AllocSpace objects, 0(0B) LOS objects, 31% free, 35MB/51MB, paused 749us total 25.193ms
08-06 04:37:41.663 23322 23337 I art     : Starting a blocking GC Explicit
08-06 04:37:41.686 23322 23337 I art     : Explicit concurrent mark sweep GC freed 6(192B) AllocSpace objects, 0(0B) LOS objects, 31% free, 35MB/51MB, paused 731us total 22.735ms
08-06 04:37:41.694 23322 23337 I art     : Starting a blocking GC Explicit
08-06 04:37:41.716 23322 23337 I art     : Explicit concurrent mark sweep GC freed 3(96B) AllocSpace objects, 0(0B) LOS objects, 31% free, 35MB/51MB, paused 720us total 22.006ms
08-06 04:37:41.725 23322 23337 I art     : Starting a blocking GC Explicit
08-06 04:37:41.741 25506 25506 D AndroidRuntime: >>>>>> START com.android.internal.os.RuntimeInit uid 2000 <<<<<<
08-06 04:37:41.745 25506 25506 D AndroidRuntime: CheckJNI is OFF
08-06 04:37:41.747 23322 23337 I art     : Explicit concurrent mark sweep GC freed 3(96B) AllocSpace objects, 0(0B) LOS objects, 31% free, 35MB/51MB, paused 829us total 22.104ms
08-06 04:37:41.778 25506 25506 D ICU     : No timezone override file found: /data/misc/zoneinfo/current/icu/icu_tzdata.dat
08-06 04:37:41.811 25506 25506 I Radio-JNI: register_android_hardware_Radio DONE
08-06 04:37:41.833 25506 25506 D AndroidRuntime: Calling main entry com.android.commands.input.Input
08-06 04:37:41.835 25506 25506 I Input   : injectMotionEvent: MotionEvent { action=ACTION_DOWN, actionButton=0, id[0]=0, x[0]=435.0, y[0]=858.0, toolType[0]=TOOL_TYPE_UNKNOWN, buttonState=0, metaState=0, flags=0x0, edgeFlags=0x0, pointerCount=1, historySize=0, eventTime=851878247, downTime=851878247, deviceId=0, source=0x1002 }
08-06 04:37:41.840 25506 25506 I Input   : injectMotionEvent: MotionEvent { action=ACTION_UP, actionButton=0, id[0]=0, x[0]=435.0, y[0]=858.0, toolType[0]=TOOL_TYPE_UNKNOWN, buttonState=0, metaState=0, flags=0x0, edgeFlags=0x0, pointerCount=1, historySize=0, eventTime=851878247, downTime=851878247, deviceId=0, source=0x1002 }
08-06 04:37:41.843 25506 25506 D AndroidRuntime: Shutting down VM
08-06 04:37:41.861   512  2967 D audio_hw_primary: out_set_parameters: enter: usecase(1: low-latency-playback) kvpairs: routing=2
08-06 04:37:41.862   918  3714 I ActivityManager: START u0 {cmp=baseline.com.newsblur/.activity.AllSharedStoriesReading (has extras)} from uid 10698 on display 0
08-06 04:37:41.874   512  2967 D audio_hw_primary: select_devices: out_snd_device(2: speaker) in_snd_device(0: none)
08-06 04:37:41.874   512  2967 D msm8974_platform: platform_send_audio_calibration: sending audio calibration for snd_device(2) acdb_id(15)
08-06 04:37:41.874   512  2967 I soundtrigger: audio_extn_sound_trigger_update_device_status: device 0x2 of type 0 for Event 1
08-06 04:37:41.884   512  2967 D audio_hw_primary: enable_snd_device: snd_device(2: speaker)
08-06 04:37:41.886   512  2967 D audio_hw_primary: enable_audio_route: apply and update mixer path: low-latency-playback speaker
08-06 04:37:42.014 23322 24428 I art     : Starting a blocking GC Explicit
08-06 04:37:42.040 23322 24428 I art     : Explicit concurrent mark sweep GC freed 3127(257KB) AllocSpace objects, 7(600KB) LOS objects, 30% free, 37MB/53MB, paused 694us total 25.576ms
08-06 04:37:42.049 23322 24428 I art     : Starting a blocking GC Explicit
08-06 04:37:42.073 23322 24428 I art     : Explicit concurrent mark sweep GC freed 909(60KB) AllocSpace objects, 1(20KB) LOS objects, 29% free, 39MB/55MB, paused 1.037ms total 23.988ms
08-06 04:37:42.075 13866 13866 I GoogleInputMethodServic: GoogleInputMethodService.onFinishInput():3138 
08-06 04:37:42.077 13866 13866 I GoogleInputMethodServic: GoogleInputMethodService.onStartInput():1808 
08-06 04:37:42.083 23322 24428 I art     : Starting a blocking GC Explicit
08-06 04:37:42.098   918   936 I ActivityManager: Displayed baseline.com.newsblur/.activity.AllSharedStoriesReading: +227ms
08-06 04:37:42.112 23322 24428 I art     : Explicit concurrent mark sweep GC freed 718(32KB) AllocSpace objects, 0(0B) LOS objects, 29% free, 39MB/55MB, paused 5.711ms total 29.276ms
08-06 04:37:42.116   918  3696 D ConnectivityService: listenForNetwork for Listen from uid/pid:10698/23322 for NetworkRequest [ id=3835, legacyType=-1, [ Capabilities: INTERNET&NOT_RESTRICTED&TRUSTED] ]
08-06 04:37:42.121 23322 24428 I art     : Starting a blocking GC Explicit
08-06 04:37:42.147 23322 24428 I art     : Explicit concurrent mark sweep GC freed 1174(76KB) AllocSpace objects, 1(20KB) LOS objects, 28% free, 40MB/56MB, paused 1.203ms total 25.386ms
08-06 04:37:42.156 23322 24428 I art     : Starting a blocking GC Explicit
08-06 04:37:42.182 23322 24428 I art     : Explicit concurrent mark sweep GC freed 1065(70KB) AllocSpace objects, 1(20KB) LOS objects, 28% free, 40MB/56MB, paused 1.208ms total 26.027ms
08-06 04:37:42.321 23322 23936 E chromium: [ERROR:tile_manager.cc(793)] WARNING: tile memory limits exceeded, some content may not draw
08-06 04:37:42.321 23322 23936 E chromium: [ERROR:tile_manager.cc(793)] WARNING: tile memory limits exceeded, some content may not draw
08-06 04:37:42.358 23322 23936 E chromium: [ERROR:tile_manager.cc(793)] WARNING: tile memory limits exceeded, some content may not draw
08-06 04:37:42.358 23322 23936 E chromium: [ERROR:tile_manager.cc(793)] WARNING: tile memory limits exceeded, some content may not draw
08-06 04:37:42.375 23322 23936 E chromium: [ERROR:tile_manager.cc(793)] WARNING: tile memory limits exceeded, some content may not draw
08-06 04:37:42.375 23322 23936 E chromium: [ERROR:tile_manager.cc(793)] WARNING: tile memory limits exceeded, some content may not draw
08-06 04:37:42.428   512  2967 D audio_hw_primary: disable_audio_route: reset and update mixer path: low-latency-playback speaker
08-06 04:37:42.429   512  2967 D audio_hw_primary: disable_snd_device: snd_device(2: speaker)
08-06 04:37:42.436   512  2967 I soundtrigger: audio_extn_sound_trigger_update_device_status: device 0x2 of type 0 for Event 0
08-06 04:37:42.471 23322 23337 I art     : Starting a blocking GC Explicit
08-06 04:37:42.471 23322 23936 E chromium: [ERROR:tile_manager.cc(793)] WARNING: tile memory limits exceeded, some content may not draw
08-06 04:37:42.472 23322 23936 E chromium: [ERROR:tile_manager.cc(793)] WARNING: tile memory limits exceeded, some content may not draw
08-06 04:37:42.501 23322 23337 I art     : Explicit concurrent mark sweep GC freed 8337(753KB) AllocSpace objects, 10(200KB) LOS objects, 28% free, 40MB/56MB, paused 1.139ms total 29.301ms
08-06 04:37:42.510 23322 23337 I art     : Starting a blocking GC Explicit
08-06 04:37:42.535 23322 23337 I art     : Explicit concurrent mark sweep GC freed 3500(272KB) AllocSpace objects, 1(28KB) LOS objects, 28% free, 40MB/56MB, paused 924us total 24.968ms
08-06 04:37:42.538 23322 23936 E chromium: [ERROR:tile_manager.cc(793)] WARNING: tile memory limits exceeded, some content may not draw
08-06 04:37:42.543 23322 23936 E chromium: [ERROR:tile_manager.cc(793)] WARNING: tile memory limits exceeded, some content may not draw
08-06 04:37:42.544 23322 23337 I art     : Starting a blocking GC Explicit
08-06 04:37:42.545 23322 23936 E chromium: [ERROR:tile_manager.cc(793)] WARNING: tile memory limits exceeded, some content may not draw
08-06 04:37:42.547 23322 23936 E chromium: [ERROR:tile_manager.cc(793)] WARNING: tile memory limits exceeded, some content may not draw
08-06 04:37:42.552 23322 23936 E chromium: [ERROR:tile_manager.cc(793)] WARNING: tile memory limits exceeded, some content may not draw
08-06 04:37:42.553 23322 23936 E chromium: [ERROR:tile_manager.cc(793)] WARNING: tile memory limits exceeded, some content may not draw
08-06 04:37:42.553 23322 23936 E chromium: [ERROR:tile_manager.cc(793)] WARNING: tile memory limits exceeded, some content may not draw
08-06 04:37:42.554 23322 23936 E chromium: [ERROR:tile_manager.cc(793)] WARNING: tile memory limits exceeded, some content may not draw
08-06 04:37:42.570 23322 23337 I art     : Explicit concurrent mark sweep GC freed 37(1248B) AllocSpace objects, 0(0B) LOS objects, 28% free, 40MB/56MB, paused 955us total 25.544ms
08-06 04:37:42.579 23322 23337 I art     : Starting a blocking GC Explicit
08-06 04:37:42.602 23322 23337 I art     : Explicit concurrent mark sweep GC freed 5(176B) AllocSpace objects, 0(0B) LOS objects, 28% free, 40MB/56MB, paused 793us total 23.160ms
08-06 04:37:42.611 23322 23337 I art     : Starting a blocking GC Explicit
08-06 04:37:42.635 23322 23337 I art     : Explicit concurrent mark sweep GC freed 3(96B) AllocSpace objects, 0(0B) LOS objects, 28% free, 40MB/56MB, paused 808us total 24.173ms
08-06 04:37:42.744 23322 23936 E chromium: [ERROR:tile_manager.cc(793)] WARNING: tile memory limits exceeded, some content may not draw
08-06 04:37:42.745 23322 23936 E chromium: [ERROR:tile_manager.cc(793)] WARNING: tile memory limits exceeded, some content may not draw
08-06 04:37:42.761 23322 23936 E chromium: [ERROR:tile_manager.cc(793)] WARNING: tile memory limits exceeded, some content may not draw
08-06 04:37:42.788 23322 23936 E chromium: [ERROR:tile_manager.cc(793)] WARNING: tile memory limits exceeded, some content may not draw
08-06 04:37:42.821 23322 25541 D MY_TAG  : 0, 520
08-06 04:37:42.930 23322 24428 I art     : Starting a blocking GC Explicit
08-06 04:37:42.958 23322 24428 I art     : Explicit concurrent mark sweep GC freed 4758(285KB) AllocSpace objects, 6(260KB) LOS objects, 28% free, 40MB/56MB, paused 880us total 27.112ms
08-06 04:37:42.966 23322 24428 I art     : Starting a blocking GC Explicit
08-06 04:37:42.992 23322 24428 I art     : Explicit concurrent mark sweep GC freed 1000(118KB) AllocSpace objects, 0(0B) LOS objects, 28% free, 40MB/56MB, paused 817us total 25.526ms
08-06 04:37:43.001 23322 24428 I art     : Starting a blocking GC Explicit
08-06 04:37:43.026 23322 24428 I art     : Explicit concurrent mark sweep GC freed 3(96B) AllocSpace objects, 0(0B) LOS objects, 28% free, 40MB/56MB, paused 835us total 25.400ms
08-06 04:37:43.035 23322 24428 I art     : Starting a blocking GC Explicit
08-06 04:37:43.049   518   646 I ThermalEngine: ACTION: GPU - Setting GPU[0] to 450000000
08-06 04:37:43.064 23322 24428 I art     : Explicit concurrent mark sweep GC freed 3(96B) AllocSpace objects, 0(0B) LOS objects, 28% free, 40MB/56MB, paused 1.106ms total 29.027ms
08-06 04:37:43.076 23322 24428 I art     : Starting a blocking GC Explicit
08-06 04:37:43.109 23322 24428 I art     : Explicit concurrent mark sweep GC freed 3(96B) AllocSpace objects, 0(0B) LOS objects, 28% free, 40MB/56MB, paused 1.099ms total 33.411ms
08-06 04:37:43.253 23322 25541 D MY_TAG  : 0, 416
08-06 04:37:43.361 23322 23936 E chromium: [ERROR:tile_manager.cc(793)] WARNING: tile memory limits exceeded, some content may not draw
08-06 04:37:43.363 23322 23936 E chromium: [ERROR:tile_manager.cc(793)] WARNING: tile memory limits exceeded, some content may not draw
08-06 04:37:43.364 23322 23936 E chromium: [ERROR:tile_manager.cc(793)] WARNING: tile memory limits exceeded, some content may not draw
08-06 04:37:43.365 23322 23936 E chromium: [ERROR:tile_manager.cc(793)] WARNING: tile memory limits exceeded, some content may not draw
08-06 04:37:43.370 23322 23936 E chromium: [ERROR:tile_manager.cc(793)] WARNING: tile memory limits exceeded, some content may not draw
08-06 04:37:43.371 23322 23936 E chromium: [ERROR:tile_manager.cc(793)] WARNING: tile memory limits exceeded, some content may not draw
08-06 04:37:43.401 23322 23936 E chromium: [ERROR:tile_manager.cc(793)] WARNING: tile memory limits exceeded, some content may not draw
08-06 04:37:43.402 23322 23936 E chromium: [ERROR:tile_manager.cc(793)] WARNING: tile memory limits exceeded, some content may not draw
08-06 04:37:43.464 23322 23336 I art     : Starting a blocking GC Explicit
08-06 04:37:43.513 23322 23336 I art     : Explicit concurrent mark sweep GC freed 6879(590KB) AllocSpace objects, 21(428KB) LOS objects, 28% free, 40MB/56MB, paused 1.261ms total 48.610ms
08-06 04:37:43.528 23322 23336 I art     : Starting a blocking GC Explicit
08-06 04:37:43.571 23322 23336 I art     : Explicit concurrent mark sweep GC freed 2217(114KB) AllocSpace objects, 1(28KB) LOS objects, 28% free, 40MB/56MB, paused 1.019ms total 42.818ms
08-06 04:37:43.585 23322 23336 I art     : Starting a blocking GC Explicit
08-06 04:37:43.622 23322 23336 I art     : Explicit concurrent mark sweep GC freed 20(640B) AllocSpace objects, 0(0B) LOS objects, 28% free, 40MB/56MB, paused 989us total 36.254ms
08-06 04:37:43.636 23322 23336 I art     : Starting a blocking GC Explicit
08-06 04:37:43.670 23322 23336 I art     : Explicit concurrent mark sweep GC freed 10(320B) AllocSpace objects, 0(0B) LOS objects, 28% free, 40MB/56MB, paused 997us total 34.023ms
08-06 04:37:43.683 23322 23336 I art     : Starting a blocking GC Explicit
08-06 04:37:43.714 23322 23336 I art     : Explicit concurrent mark sweep GC freed 3(96B) AllocSpace objects, 0(0B) LOS objects, 28% free, 40MB/56MB, paused 945us total 30.971ms
08-06 04:37:44.101 23322 23384 I art     : Starting a blocking GC Explicit
08-06 04:37:44.142 23322 23384 I art     : Explicit concurrent mark sweep GC freed 1407(81KB) AllocSpace objects, 1(20KB) LOS objects, 28% free, 40MB/56MB, paused 990us total 39.853ms
08-06 04:37:44.154 23322 23384 I art     : Starting a blocking GC Explicit
08-06 04:37:44.192 23322 23384 I art     : Explicit concurrent mark sweep GC freed 20(704B) AllocSpace objects, 0(0B) LOS objects, 28% free, 40MB/56MB, paused 1.075ms total 37.872ms
08-06 04:37:44.205 23322 23384 I art     : Starting a blocking GC Explicit
08-06 04:37:44.239 23322 23384 I art     : Explicit concurrent mark sweep GC freed 3(96B) AllocSpace objects, 0(0B) LOS objects, 28% free, 40MB/56MB, paused 1.035ms total 34.139ms
08-06 04:37:44.252 23322 23384 I art     : Starting a blocking GC Explicit
08-06 04:37:44.266   918  3188 I hubconnection: sensorhub said: 'set_bias 3: -6.0960, 0.0000, 0.0000'
08-06 04:37:44.288 23322 23384 I art     : Explicit concurrent mark sweep GC freed 3(96B) AllocSpace objects, 0(0B) LOS objects, 28% free, 40MB/56MB, paused 1.183ms total 35.624ms
08-06 04:37:44.300 23322 23384 I art     : Starting a blocking GC Explicit
08-06 04:37:44.338 23322 23384 I art     : Explicit concurrent mark sweep GC freed 3(96B) AllocSpace objects, 0(0B) LOS objects, 28% free, 40MB/56MB, paused 1.143ms total 37.123ms
08-06 04:37:44.714 23322 23337 I art     : Starting a blocking GC Explicit
08-06 04:37:44.759 23322 23337 I art     : Explicit concurrent mark sweep GC freed 1404(81KB) AllocSpace objects, 1(20KB) LOS objects, 28% free, 40MB/56MB, paused 1.270ms total 44.441ms
08-06 04:37:44.773 23322 23337 I art     : Starting a blocking GC Explicit
08-06 04:37:44.812 23322 23337 I art     : Explicit concurrent mark sweep GC freed 20(704B) AllocSpace objects, 0(0B) LOS objects, 28% free, 40MB/56MB, paused 1.075ms total 38.320ms
08-06 04:37:44.824 23322 23337 I art     : Starting a blocking GC Explicit
08-06 04:37:44.860 23322 23337 I art     : Explicit concurrent mark sweep GC freed 3(96B) AllocSpace objects, 0(0B) LOS objects, 28% free, 40MB/56MB, paused 1ms total 35.512ms
08-06 04:37:44.872 23322 23337 I art     : Starting a blocking GC Explicit
08-06 04:37:44.910 23322 23337 I art     : Explicit concurrent mark sweep GC freed 3(96B) AllocSpace objects, 0(0B) LOS objects, 28% free, 40MB/56MB, paused 1.067ms total 37.836ms
08-06 04:37:44.923 23322 23337 I art     : Starting a blocking GC Explicit
08-06 04:37:44.960 23322 23337 I art     : Explicit concurrent mark sweep GC freed 3(96B) AllocSpace objects, 0(0B) LOS objects, 28% free, 40MB/56MB, paused 1.062ms total 37.171ms
08-06 04:37:45.360 23322 24428 I art     : Starting a blocking GC Explicit
08-06 04:37:45.406 23322 24428 I art     : Explicit concurrent mark sweep GC freed 1403(80KB) AllocSpace objects, 1(20KB) LOS objects, 28% free, 40MB/56MB, paused 1.124ms total 45.254ms
08-06 04:37:45.421 23322 24428 I art     : Starting a blocking GC Explicit
08-06 04:37:45.464 23322 24428 I art     : Explicit concurrent mark sweep GC freed 20(704B) AllocSpace objects, 0(0B) LOS objects, 28% free, 40MB/56MB, paused 1.136ms total 42.620ms
08-06 04:37:45.479 23322 24428 I art     : Starting a blocking GC Explicit
08-06 04:37:45.519 23322 24428 I art     : Explicit concurrent mark sweep GC freed 3(96B) AllocSpace objects, 0(0B) LOS objects, 28% free, 40MB/56MB, paused 1.107ms total 39.222ms
08-06 04:37:45.531 23322 24428 I art     : Starting a blocking GC Explicit
08-06 04:37:45.569 23322 24428 I art     : Explicit concurrent mark sweep GC freed 3(96B) AllocSpace objects, 0(0B) LOS objects, 28% free, 40MB/56MB, paused 1.084ms total 37.687ms
08-06 04:37:45.581 23322 24428 I art     : Starting a blocking GC Explicit
08-06 04:37:45.618 23322 24428 I art     : Explicit concurrent mark sweep GC freed 3(96B) AllocSpace objects, 0(0B) LOS objects, 28% free, 40MB/56MB, paused 1.180ms total 36.048ms
08-06 04:37:46.021 23322 23336 I art     : Starting a blocking GC Explicit
08-06 04:37:46.070 23322 23336 I art     : Explicit concurrent mark sweep GC freed 1405(81KB) AllocSpace objects, 1(20KB) LOS objects, 28% free, 40MB/56MB, paused 1.039ms total 48.905ms
08-06 04:37:46.082 23322 23336 I art     : Starting a blocking GC Explicit
08-06 04:37:46.114 23322 23336 I art     : Explicit concurrent mark sweep GC freed 20(704B) AllocSpace objects, 0(0B) LOS objects, 28% free, 40MB/56MB, paused 1.006ms total 31.789ms
08-06 04:37:46.126 23322 23336 I art     : Starting a blocking GC Explicit
08-06 04:37:46.158 23322 23336 I art     : Explicit concurrent mark sweep GC freed 3(96B) AllocSpace objects, 0(0B) LOS objects, 28% free, 40MB/56MB, paused 1.064ms total 32.025ms
08-06 04:37:46.170 23322 23336 I art     : Starting a blocking GC Explicit
08-06 04:37:46.205 23322 23336 I art     : Explicit concurrent mark sweep GC freed 3(96B) AllocSpace objects, 0(0B) LOS objects, 28% free, 40MB/56MB, paused 1.064ms total 35.226ms
08-06 04:37:46.218 23322 23336 I art     : Starting a blocking GC Explicit
08-06 04:37:46.254 23322 23336 I art     : Explicit concurrent mark sweep GC freed 3(96B) AllocSpace objects, 0(0B) LOS objects, 28% free, 40MB/56MB, paused 1.085ms total 35.764ms
08-06 04:37:46.641 25616 25616 D AndroidRuntime: >>>>>> START com.android.internal.os.RuntimeInit uid 2000 <<<<<<
08-06 04:37:46.645 23322 23384 I art     : Starting a blocking GC Explicit
08-06 04:37:46.648 25616 25616 D AndroidRuntime: CheckJNI is OFF
08-06 04:37:46.683 23322 23384 I art     : Explicit concurrent mark sweep GC freed 1403(81KB) AllocSpace objects, 1(20KB) LOS objects, 28% free, 40MB/56MB, paused 1.087ms total 37.014ms
08-06 04:37:46.694 23322 23384 I art     : Starting a blocking GC Explicit
08-06 04:37:46.696 25616 25616 D ICU     : No timezone override file found: /data/misc/zoneinfo/current/icu/icu_tzdata.dat
08-06 04:37:46.730 23322 23384 I art     : Explicit concurrent mark sweep GC freed 20(704B) AllocSpace objects, 0(0B) LOS objects, 28% free, 40MB/56MB, paused 1.091ms total 35.607ms
08-06 04:37:46.743 23322 23384 I art     : Starting a blocking GC Explicit
08-06 04:37:46.743 25616 25616 I Radio-JNI: register_android_hardware_Radio DONE
08-06 04:37:46.773 25616 25616 D AndroidRuntime: Calling main entry com.android.commands.input.Input
08-06 04:37:46.775 25616 25616 I Input   : injectKeyEvent: KeyEvent { action=ACTION_DOWN, keyCode=KEYCODE_BACK, scanCode=0, metaState=0, flags=0x0, repeatCount=0, eventTime=851883188, downTime=851883188, deviceId=-1, source=0x101 }
08-06 04:37:46.778 23322 23384 I art     : Explicit concurrent mark sweep GC freed 3(96B) AllocSpace objects, 0(0B) LOS objects, 28% free, 40MB/56MB, paused 1.067ms total 35.477ms
08-06 04:37:46.782 25616 25616 I Input   : injectKeyEvent: KeyEvent { action=ACTION_UP, keyCode=KEYCODE_BACK, scanCode=0, metaState=0, flags=0x0, repeatCount=0, eventTime=851883188, downTime=851883188, deviceId=-1, source=0x101 }
08-06 04:37:46.788 25616 25616 D AndroidRuntime: Shutting down VM
08-06 04:37:46.790 23322 23384 I art     : Starting a blocking GC Explicit
08-06 04:37:46.811 23322 23322 D baseline.com.newsblur.service.NBSyncService: rejecting request for feedset that is exhaused
08-06 04:37:46.832 23322 23384 I art     : Explicit concurrent mark sweep GC freed 248(28KB) AllocSpace objects, 2(40KB) LOS objects, 28% free, 40MB/56MB, paused 1.068ms total 42.025ms
08-06 04:37:46.843 23322 23384 I art     : Starting a blocking GC Explicit
08-06 04:37:46.876 23322 23384 I art     : Explicit concurrent mark sweep GC freed 41(13KB) AllocSpace objects, 0(0B) LOS objects, 28% free, 40MB/56MB, paused 1.059ms total 32.782ms
08-06 04:37:46.965 23322 23322 D baseline.com.newsblur.service.NBSyncService: rejecting request for feedset that is exhaused
08-06 04:37:46.967 13866 13866 I GoogleInputMethodServic: GoogleInputMethodService.onFinishInput():3138 
08-06 04:37:46.968 13866 13866 I GoogleInputMethodServic: GoogleInputMethodService.onStartInput():1808 
08-06 04:37:47.053   518   646 I ThermalEngine: ACTION: GPU - Setting GPU[0] to 510000000
08-06 04:37:47.185 23322 23336 I art     : Starting a blocking GC Explicit
08-06 04:37:47.222 23322 23336 I art     : Explicit concurrent mark sweep GC freed 3964(288KB) AllocSpace objects, 5(108KB) LOS objects, 28% free, 40MB/56MB, paused 924us total 36.115ms
08-06 04:37:47.231 23322 23336 I art     : Starting a blocking GC Explicit
08-06 04:37:47.265 23322 23336 I art     : Explicit concurrent mark sweep GC freed 151(8KB) AllocSpace objects, 0(0B) LOS objects, 28% free, 40MB/56MB, paused 792us total 32.761ms
08-06 04:37:47.278 23322 23336 I art     : Starting a blocking GC Explicit
08-06 04:37:47.308 23322 23336 I art     : Explicit concurrent mark sweep GC freed 389(17KB) AllocSpace objects, 0(0B) LOS objects, 28% free, 40MB/56MB, paused 1.189ms total 29.826ms
08-06 04:37:47.319 23322 23336 I art     : Starting a blocking GC Explicit
08-06 04:37:47.343 23322 23336 I art     : Explicit concurrent mark sweep GC freed 1193(53KB) AllocSpace objects, 0(0B) LOS objects, 28% free, 40MB/56MB, paused 758us total 23.876ms
08-06 04:37:47.352 23322 23336 I art     : Starting a blocking GC Explicit
08-06 04:37:47.378 23322 23336 I art     : Explicit concurrent mark sweep GC freed 216(14KB) AllocSpace objects, 0(0B) LOS objects, 28% free, 40MB/56MB, paused 779us total 26.001ms
08-06 04:37:47.412   918  3263 D ConnectivityService: releasing NetworkRequest NetworkRequest [ id=3835, legacyType=-1, [ Capabilities: INTERNET&NOT_RESTRICTED&TRUSTED] ]
08-06 04:37:47.661 22366 22366 I ServiceManager: Waiting for service AtCmdFwd...
08-06 04:37:47.706 23322 23336 I art     : Starting a blocking GC Explicit
08-06 04:37:47.738 23322 23336 I art     : Explicit concurrent mark sweep GC freed 8549(621KB) AllocSpace objects, 13(4MB) LOS objects, 31% free, 35MB/51MB, paused 899us total 32.134ms
08-06 04:37:47.749 23322 23336 I art     : Starting a blocking GC Explicit
08-06 04:37:47.777 23322 23336 I art     : Explicit concurrent mark sweep GC freed 24(832B) AllocSpace objects, 0(0B) LOS objects, 31% free, 35MB/51MB, paused 770us total 27.789ms
08-06 04:37:47.786 23322 23336 I art     : Starting a blocking GC Explicit
08-06 04:37:47.811 23322 23336 I art     : Explicit concurrent mark sweep GC freed 8(256B) AllocSpace objects, 0(0B) LOS objects, 31% free, 35MB/51MB, paused 699us total 24.590ms
08-06 04:37:47.821 23322 23336 I art     : Starting a blocking GC Explicit
08-06 04:37:47.847 23322 23336 I art     : Explicit concurrent mark sweep GC freed 7(224B) AllocSpace objects, 0(0B) LOS objects, 31% free, 35MB/51MB, paused 982us total 25.246ms
08-06 04:37:47.857 23322 23336 I art     : Starting a blocking GC Explicit
08-06 04:37:47.882 23322 23336 I art     : Explicit concurrent mark sweep GC freed 8(256B) AllocSpace objects, 0(0B) LOS objects, 31% free, 35MB/51MB, paused 685us total 24.477ms
08-06 04:37:48.058   518   646 I ThermalEngine: ACTION: GPU - Setting GPU[0] to 450000000
08-06 04:37:48.218 23322 23337 I art     : Starting a blocking GC Explicit
08-06 04:37:48.255 23322 23337 I art     : Explicit concurrent mark sweep GC freed 1445(82KB) AllocSpace objects, 1(20KB) LOS objects, 31% free, 35MB/51MB, paused 1.269ms total 35.686ms
08-06 04:37:48.268 23322 23337 I art     : Starting a blocking GC Explicit
08-06 04:37:48.299 23322 23337 I art     : Explicit concurrent mark sweep GC freed 25(864B) AllocSpace objects, 0(0B) LOS objects, 31% free, 35MB/51MB, paused 1.098ms total 30.490ms
08-06 04:37:48.311 23322 23337 I art     : Starting a blocking GC Explicit
08-06 04:37:48.342 23322 23337 I art     : Explicit concurrent mark sweep GC freed 8(256B) AllocSpace objects, 0(0B) LOS objects, 31% free, 35MB/51MB, paused 963us total 31.466ms
08-06 04:37:48.354 23322 23337 I art     : Starting a blocking GC Explicit
08-06 04:37:48.387 23322 23337 I art     : Explicit concurrent mark sweep GC freed 9(288B) AllocSpace objects, 0(0B) LOS objects, 31% free, 35MB/51MB, paused 1.220ms total 32.585ms
08-06 04:37:48.399 23322 23337 I art     : Starting a blocking GC Explicit
08-06 04:37:48.433 23322 23337 I art     : Explicit concurrent mark sweep GC freed 6(192B) AllocSpace objects, 0(0B) LOS objects, 31% free, 35MB/51MB, paused 1.031ms total 33.339ms
08-06 04:37:48.576 25661 25661 D AndroidRuntime: >>>>>> START com.android.internal.os.RuntimeInit uid 2000 <<<<<<
08-06 04:37:48.582 25661 25661 D AndroidRuntime: CheckJNI is OFF
08-06 04:37:48.624 25661 25661 D ICU     : No timezone override file found: /data/misc/zoneinfo/current/icu/icu_tzdata.dat
08-06 04:37:48.661 22366 22366 I ServiceManager: Waiting for service AtCmdFwd...
08-06 04:37:48.665 25661 25661 I Radio-JNI: register_android_hardware_Radio DONE
08-06 04:37:48.693 25661 25661 D AndroidRuntime: Calling main entry com.android.commands.input.Input
08-06 04:37:48.695 25661 25661 I Input   : injectKeyEvent: KeyEvent { action=ACTION_DOWN, keyCode=KEYCODE_BACK, scanCode=0, metaState=0, flags=0x0, repeatCount=0, eventTime=851885108, downTime=851885108, deviceId=-1, source=0x101 }
08-06 04:37:48.700 25661 25661 I Input   : injectKeyEvent: KeyEvent { action=ACTION_UP, keyCode=KEYCODE_BACK, scanCode=0, metaState=0, flags=0x0, repeatCount=0, eventTime=851885108, downTime=851885108, deviceId=-1, source=0x101 }
08-06 04:37:48.705 25661 25661 D AndroidRuntime: Shutting down VM
08-06 04:37:48.785 23322 23337 I art     : Starting a blocking GC Explicit
08-06 04:37:48.817 23322 23337 I art     : Explicit concurrent mark sweep GC freed 1765(147KB) AllocSpace objects, 5(100KB) LOS objects, 31% free, 35MB/51MB, paused 1.209ms total 32.232ms
08-06 04:37:48.829 23322 23337 I art     : Starting a blocking GC Explicit
08-06 04:37:48.859 23322 23337 I art     : Explicit concurrent mark sweep GC freed 2141(148KB) AllocSpace objects, 4(80KB) LOS objects, 31% free, 35MB/51MB, paused 1.070ms total 29.275ms
08-06 04:37:48.870 23322 23337 I art     : Starting a blocking GC Explicit
08-06 04:37:48.884 13866 13866 I GoogleInputMethodServic: GoogleInputMethodService.onFinishInput():3138 
08-06 04:37:48.885 13866 13866 I GoogleInputMethodServic: GoogleInputMethodService.onStartInput():1808 
08-06 04:37:48.903 23322 23337 I art     : Explicit concurrent mark sweep GC freed 10069(632KB) AllocSpace objects, 8(160KB) LOS objects, 31% free, 35MB/51MB, paused 1.368ms total 32.505ms
08-06 04:37:48.903 23322 25692 I baseline.com.newsblur.service.NBSyncService: recounting dirty feed sets: 1
08-06 04:37:48.916 23322 23337 I art     : Starting a blocking GC Explicit
08-06 04:37:48.946 23322 23337 I art     : Explicit concurrent mark sweep GC freed 1573(89KB) AllocSpace objects, 1(20KB) LOS objects, 31% free, 35MB/51MB, paused 1.204ms total 29.624ms
08-06 04:37:48.957 23322 23337 I art     : Starting a blocking GC Explicit
08-06 04:37:48.985 23322 23337 I art     : Explicit concurrent mark sweep GC freed 186(9KB) AllocSpace objects, 0(0B) LOS objects, 31% free, 35MB/51MB, paused 991us total 27.832ms
08-06 04:37:49.302 23322 23384 I art     : Starting a blocking GC Explicit
08-06 04:37:49.334 23322 23384 I art     : Explicit concurrent mark sweep GC freed 3108(216KB) AllocSpace objects, 1(20KB) LOS objects, 31% free, 35MB/51MB, paused 1.172ms total 31.746ms
08-06 04:37:49.346 23322 23384 I art     : Starting a blocking GC Explicit
08-06 04:37:49.376 23322 23384 I art     : Explicit concurrent mark sweep GC freed 8827(591KB) AllocSpace objects, 5(1388KB) LOS objects, 31% free, 34MB/50MB, paused 1.360ms total 30.082ms
08-06 04:37:49.387 23322 23384 I art     : Starting a blocking GC Explicit
08-06 04:37:49.413 23322 25692 I NAPPA_EXPERIMENTATION: MetricNetworkRequestExecutionTime: REQUEST_DURATION_SYSTEM='504',REQUEST_DURATION_OKHTTP='35',REQUEST_SYNCHRONOUS='TRUE',RESPONSE_CODE='200',RESPONSE_METHOD='GET',RESPONSE_LENGTH_OKHTTP='-1',RESPONSE_LENGTH_HEADER='-2',REQUEST_PROTOCOL='http/1.1',REQUEST_URL='https://www.newsblur.com/reader/feed_unread_count?feed_id=5762506',
08-06 04:37:49.413 23322 25692 D MY_TAG  : 0, 504
08-06 04:37:49.414 23322 23384 I art     : Explicit concurrent mark sweep GC freed 1117(125KB) AllocSpace objects, 0(0B) LOS objects, 32% free, 33MB/49MB, paused 1.263ms total 27.062ms
08-06 04:37:49.426 23322 23384 I art     : Starting a blocking GC Explicit
08-06 04:37:49.456 23322 23384 I art     : Explicit concurrent mark sweep GC freed 5397(381KB) AllocSpace objects, 13(260KB) LOS objects, 31% free, 34MB/50MB, paused 1.386ms total 29.674ms
08-06 04:37:49.467 23322 23384 I art     : Starting a blocking GC Explicit
08-06 04:37:49.495 23322 23384 I art     : Explicit concurrent mark sweep GC freed 8428(551KB) AllocSpace objects, 5(100KB) LOS objects, 32% free, 33MB/49MB, paused 1.025ms total 27.877ms
08-06 04:37:49.661 22366 22366 I ServiceManager: Waiting for service AtCmdFwd...
08-06 04:37:49.842 23322 23336 I art     : Starting a blocking GC Explicit
08-06 04:37:49.872 23322 23336 I art     : Explicit concurrent mark sweep GC freed 2808(139KB) AllocSpace objects, 1(20KB) LOS objects, 32% free, 33MB/49MB, paused 985us total 29.877ms
08-06 04:37:49.884 23322 23336 I art     : Starting a blocking GC Explicit
08-06 04:37:49.913 23322 23336 I art     : Explicit concurrent mark sweep GC freed 24(832B) AllocSpace objects, 0(0B) LOS objects, 32% free, 33MB/49MB, paused 1.013ms total 28.733ms
08-06 04:37:49.925 23322 23336 I art     : Starting a blocking GC Explicit
08-06 04:37:49.953 23322 23336 I art     : Explicit concurrent mark sweep GC freed 9(288B) AllocSpace objects, 0(0B) LOS objects, 32% free, 33MB/49MB, paused 949us total 27.974ms
08-06 04:37:49.964 23322 23336 I art     : Starting a blocking GC Explicit
08-06 04:37:49.992 23322 23336 I art     : Explicit concurrent mark sweep GC freed 8(256B) AllocSpace objects, 0(0B) LOS objects, 32% free, 33MB/49MB, paused 1.120ms total 27.459ms
08-06 04:37:50.003 23322 23336 I art     : Starting a blocking GC Explicit
08-06 04:37:50.029 23322 23336 I art     : Explicit concurrent mark sweep GC freed 6(192B) AllocSpace objects, 0(0B) LOS objects, 32% free, 33MB/49MB, paused 1.089ms total 25.283ms
08-06 04:37:50.359 23322 24428 I art     : Starting a blocking GC Explicit
08-06 04:37:50.388 23322 24428 I art     : Explicit concurrent mark sweep GC freed 1435(82KB) AllocSpace objects, 1(20KB) LOS objects, 32% free, 33MB/49MB, paused 1.152ms total 28.987ms
08-06 04:37:50.399 23322 24428 I art     : Starting a blocking GC Explicit
08-06 04:37:50.429 23322 24428 I art     : Explicit concurrent mark sweep GC freed 20(704B) AllocSpace objects, 0(0B) LOS objects, 32% free, 33MB/49MB, paused 1.108ms total 29.429ms
08-06 04:37:50.440 23322 24428 I art     : Starting a blocking GC Explicit
08-06 04:37:50.469 23322 24428 I art     : Explicit concurrent mark sweep GC freed 3(96B) AllocSpace objects, 0(0B) LOS objects, 32% free, 33MB/49MB, paused 1.101ms total 28.995ms
08-06 04:37:50.480 25718 25718 D AndroidRuntime: >>>>>> START com.android.internal.os.RuntimeInit uid 2000 <<<<<<
08-06 04:37:50.481 23322 24428 I art     : Starting a blocking GC Explicit
08-06 04:37:50.486 25718 25718 D AndroidRuntime: CheckJNI is OFF
08-06 04:37:50.511 23322 24428 I art     : Explicit concurrent mark sweep GC freed 3(96B) AllocSpace objects, 0(0B) LOS objects, 32% free, 33MB/49MB, paused 1.060ms total 29.014ms
08-06 04:37:50.521 23322 24428 I art     : Starting a blocking GC Explicit
08-06 04:37:50.534 25718 25718 D ICU     : No timezone override file found: /data/misc/zoneinfo/current/icu/icu_tzdata.dat
08-06 04:37:50.550 23322 24428 I art     : Explicit concurrent mark sweep GC freed 3(96B) AllocSpace objects, 0(0B) LOS objects, 32% free, 33MB/49MB, paused 1.030ms total 28.661ms
08-06 04:37:50.582 25718 25718 I Radio-JNI: register_android_hardware_Radio DONE
08-06 04:37:50.612 25718 25718 D AndroidRuntime: Calling main entry com.android.commands.input.Input
08-06 04:37:50.614 25718 25718 I Input   : injectMotionEvent: MotionEvent { action=ACTION_DOWN, actionButton=0, id[0]=0, x[0]=553.0, y[0]=442.0, toolType[0]=TOOL_TYPE_UNKNOWN, buttonState=0, metaState=0, flags=0x0, edgeFlags=0x0, pointerCount=1, historySize=0, eventTime=851887026, downTime=851887026, deviceId=0, source=0x1002 }
08-06 04:37:50.620 25718 25718 I Input   : injectMotionEvent: MotionEvent { action=ACTION_UP, actionButton=0, id[0]=0, x[0]=553.0, y[0]=442.0, toolType[0]=TOOL_TYPE_UNKNOWN, buttonState=0, metaState=0, flags=0x0, edgeFlags=0x0, pointerCount=1, historySize=0, eventTime=851887026, downTime=851887026, deviceId=0, source=0x1002 }
08-06 04:37:50.622 25718 25718 D AndroidRuntime: Shutting down VM
08-06 04:37:50.662 22366 22366 I ServiceManager: Waiting for service AtCmdFwd...
08-06 04:37:50.690   918  3670 I ActivityManager: START u0 {cmp=baseline.com.newsblur/.activity.AllSharedStoriesItemsList (has extras)} from uid 10698 on display 0
08-06 04:37:50.713 23322 23608 I baseline.com.newsblur.database.BlurDatabaseHelper: reading session reset
08-06 04:37:50.864 23322 23384 I art     : Starting a blocking GC Explicit
08-06 04:37:50.894 23322 23384 I art     : Explicit concurrent mark sweep GC freed 4025(320KB) AllocSpace objects, 8(284KB) LOS objects, 31% free, 34MB/50MB, paused 1.039ms total 29.841ms
08-06 04:37:50.905 23322 23384 I art     : Starting a blocking GC Explicit
08-06 04:37:50.911 23322 23322 D baseline.com.newsblur.service.NBSyncService: rejecting request for feedset that is exhaused
08-06 04:37:50.919 23322 23322 W View    : requestLayout() improperly called by android.widget.FrameLayout{67ac93c V.E...... ......ID 0,0-1440,18 #7f07003f app:id/footer_view_inner} during layout: running second layout pass
08-06 04:37:50.919 23322 23322 W View    : requestLayout() improperly called by android.widget.FrameLayout{c0026c5 V.E...... ......ID 0,0-1440,2091 #7f07003f app:id/footer_view_inner} during layout: running second layout pass
08-06 04:37:50.934 23322 23384 I art     : Explicit concurrent mark sweep GC freed 618(48KB) AllocSpace objects, 1(20KB) LOS objects, 31% free, 34MB/50MB, paused 1.217ms total 28.830ms
08-06 04:37:50.939 13866 13866 I GoogleInputMethodServic: GoogleInputMethodService.onFinishInput():3138 
08-06 04:37:50.939   918   936 I ActivityManager: Displayed baseline.com.newsblur/.activity.AllSharedStoriesItemsList: +240ms
08-06 04:37:50.940 13866 13866 I GoogleInputMethodServic: GoogleInputMethodService.onStartInput():1808 
08-06 04:37:50.945 23322 23384 I art     : Starting a blocking GC Explicit
08-06 04:37:50.974 23322 23384 I art     : Explicit concurrent mark sweep GC freed 720(47KB) AllocSpace objects, 3(60KB) LOS objects, 31% free, 35MB/51MB, paused 1.491ms total 28.539ms
08-06 04:37:50.985 23322 23384 I art     : Starting a blocking GC Explicit
08-06 04:37:51.015 23322 23384 I art     : Explicit concurrent mark sweep GC freed 855(49KB) AllocSpace objects, 3(60KB) LOS objects, 31% free, 35MB/51MB, paused 1.270ms total 30.216ms
08-06 04:37:51.028 23322 23384 I art     : Starting a blocking GC Explicit
08-06 04:37:51.063 23322 23384 I art     : Explicit concurrent mark sweep GC freed 1010(105KB) AllocSpace objects, 0(0B) LOS objects, 31% free, 35MB/51MB, paused 1.243ms total 34.540ms
08-06 04:37:51.119 23322 23619 I NAPPA_EXPERIMENTATION: MetricNetworkRequestExecutionTime: REQUEST_DURATION_SYSTEM='144',REQUEST_DURATION_OKHTTP='144',REQUEST_SYNCHRONOUS='TRUE',RESPONSE_CODE='200',RESPONSE_METHOD='GET',RESPONSE_LENGTH_OKHTTP='43',RESPONSE_LENGTH_HEADER='43',REQUEST_PROTOCOL='http/1.1',REQUEST_URL='http://feeds.feedburner.com/~r/retort/~4/UffaFMiJbNs',
08-06 04:37:51.395 23322 23337 I art     : Starting a blocking GC Explicit
08-06 04:37:51.426 23322 23337 I art     : Explicit concurrent mark sweep GC freed 2198(145KB) AllocSpace objects, 3(60KB) LOS objects, 31% free, 35MB/51MB, paused 999us total 30.071ms
08-06 04:37:51.437 23322 23337 I art     : Starting a blocking GC Explicit
08-06 04:37:51.468 23322 23337 I art     : Explicit concurrent mark sweep GC freed 51(2208B) AllocSpace objects, 0(0B) LOS objects, 31% free, 35MB/51MB, paused 1.192ms total 30.274ms
08-06 04:37:51.479 23322 23337 I art     : Starting a blocking GC Explicit
08-06 04:37:51.509 23322 23337 I art     : Explicit concurrent mark sweep GC freed 3(96B) AllocSpace objects, 0(0B) LOS objects, 31% free, 35MB/51MB, paused 1.082ms total 30.113ms
08-06 04:37:51.521 23322 23337 I art     : Starting a blocking GC Explicit
08-06 04:37:51.552 23322 23337 I art     : Explicit concurrent mark sweep GC freed 3(96B) AllocSpace objects, 0(0B) LOS objects, 31% free, 35MB/51MB, paused 1.058ms total 30.617ms
08-06 04:37:51.563 23322 23337 I art     : Starting a blocking GC Explicit
08-06 04:37:51.595 23322 23337 I art     : Explicit concurrent mark sweep GC freed 3(96B) AllocSpace objects, 0(0B) LOS objects, 31% free, 35MB/51MB, paused 1.065ms total 31.128ms
08-06 04:37:51.662 22366 22366 I ServiceManager: Waiting for service AtCmdFwd...
08-06 04:37:51.676   918  3188 I hubconnection: sensorhub said: 'set_bias 3: -4.9344, 0.0000, 0.0000'
08-06 04:37:51.957 23322 24428 I art     : Starting a blocking GC Explicit
08-06 04:37:51.996 23322 24428 I art     : Explicit concurrent mark sweep GC freed 1401(80KB) AllocSpace objects, 1(20KB) LOS objects, 31% free, 35MB/51MB, paused 1.149ms total 38.581ms
08-06 04:37:52.009 23322 24428 I art     : Starting a blocking GC Explicit
08-06 04:37:52.040 23322 24428 I art     : Explicit concurrent mark sweep GC freed 20(704B) AllocSpace objects, 0(0B) LOS objects, 31% free, 35MB/51MB, paused 1.080ms total 30.884ms
08-06 04:37:52.052 23322 24428 I art     : Starting a blocking GC Explicit
08-06 04:37:52.083 23322 24428 I art     : Explicit concurrent mark sweep GC freed 3(96B) AllocSpace objects, 0(0B) LOS objects, 31% free, 35MB/51MB, paused 1.072ms total 31.224ms
08-06 04:37:52.095 23322 24428 I art     : Starting a blocking GC Explicit
08-06 04:37:52.130 23322 24428 I art     : Explicit concurrent mark sweep GC freed 8(256B) AllocSpace objects, 0(0B) LOS objects, 31% free, 35MB/51MB, paused 1.041ms total 35.176ms
08-06 04:37:52.143 23322 24428 I art     : Starting a blocking GC Explicit
08-06 04:37:52.175 23322 24428 I art     : Explicit concurrent mark sweep GC freed 9(288B) AllocSpace objects, 0(0B) LOS objects, 31% free, 35MB/51MB, paused 1.118ms total 32.043ms
08-06 04:37:52.547 23322 23336 I art     : Starting a blocking GC Explicit
08-06 04:37:52.593 23322 23336 I art     : Explicit concurrent mark sweep GC freed 1419(81KB) AllocSpace objects, 1(20KB) LOS objects, 31% free, 35MB/51MB, paused 1.251ms total 45.853ms
08-06 04:37:52.609 23322 23336 I art     : Starting a blocking GC Explicit
08-06 04:37:52.645 23322 23336 I art     : Explicit concurrent mark sweep GC freed 20(704B) AllocSpace objects, 0(0B) LOS objects, 31% free, 35MB/51MB, paused 1.160ms total 36.547ms
08-06 04:37:52.657 23322 23336 I art     : Starting a blocking GC Explicit
08-06 04:37:52.663 22366 22366 W Atfwd_Sendcmd: AtCmdFwd service not published, waiting... retryCnt : 1
08-06 04:37:52.689 23322 23336 I art     : Explicit concurrent mark sweep GC freed 3(96B) AllocSpace objects, 0(0B) LOS objects, 31% free, 35MB/51MB, paused 1.099ms total 31.472ms
08-06 04:37:52.701 23322 23336 I art     : Starting a blocking GC Explicit
08-06 04:37:52.734 23322 23336 I art     : Explicit concurrent mark sweep GC freed 3(96B) AllocSpace objects, 0(0B) LOS objects, 31% free, 35MB/51MB, paused 1.102ms total 33.517ms
08-06 04:37:52.746 23322 23336 I art     : Starting a blocking GC Explicit
08-06 04:37:52.780 23322 23336 I art     : Explicit concurrent mark sweep GC freed 3(96B) AllocSpace objects, 0(0B) LOS objects, 31% free, 35MB/51MB, paused 1.066ms total 33.601ms
08-06 04:37:53.176 23322 23384 I art     : Starting a blocking GC Explicit
08-06 04:37:53.217 23322 23384 I art     : Explicit concurrent mark sweep GC freed 1403(81KB) AllocSpace objects, 1(20KB) LOS objects, 31% free, 35MB/51MB, paused 1.159ms total 40.370ms
08-06 04:37:53.232 23322 23384 I art     : Starting a blocking GC Explicit
08-06 04:37:53.270 23322 23384 I art     : Explicit concurrent mark sweep GC freed 20(704B) AllocSpace objects, 0(0B) LOS objects, 31% free, 35MB/51MB, paused 1.043ms total 37.641ms
08-06 04:37:53.281 23322 23384 I art     : Starting a blocking GC Explicit
08-06 04:37:53.314 23322 23384 I art     : Explicit concurrent mark sweep GC freed 3(96B) AllocSpace objects, 0(0B) LOS objects, 31% free, 35MB/51MB, paused 1.081ms total 32.141ms
08-06 04:37:53.326 23322 23384 I art     : Starting a blocking GC Explicit
08-06 04:37:53.360 23322 23384 I art     : Explicit concurrent mark sweep GC freed 3(96B) AllocSpace objects, 0(0B) LOS objects, 31% free, 35MB/51MB, paused 1.121ms total 33.475ms
08-06 04:37:53.371 23322 23384 I art     : Starting a blocking GC Explicit
08-06 04:37:53.406 23322 23384 I art     : Explicit concurrent mark sweep GC freed 3(96B) AllocSpace objects, 0(0B) LOS objects, 31% free, 35MB/51MB, paused 1.092ms total 33.895ms
08-06 04:37:53.772 23322 24428 I art     : Starting a blocking GC Explicit
08-06 04:37:53.808 23322 24428 I art     : Explicit concurrent mark sweep GC freed 1403(81KB) AllocSpace objects, 1(20KB) LOS objects, 31% free, 35MB/51MB, paused 1.228ms total 35.894ms
08-06 04:37:53.820 23322 24428 I art     : Starting a blocking GC Explicit
08-06 04:37:53.851 23322 24428 I art     : Explicit concurrent mark sweep GC freed 20(704B) AllocSpace objects, 0(0B) LOS objects, 31% free, 35MB/51MB, paused 1.090ms total 31.366ms
08-06 04:37:53.863 23322 24428 I art     : Starting a blocking GC Explicit
08-06 04:37:53.898 23322 24428 I art     : Explicit concurrent mark sweep GC freed 3(96B) AllocSpace objects, 0(0B) LOS objects, 31% free, 35MB/51MB, paused 1.141ms total 33.926ms
08-06 04:37:53.909 23322 24428 I art     : Starting a blocking GC Explicit
08-06 04:37:53.943 23322 24428 I art     : Explicit concurrent mark sweep GC freed 3(96B) AllocSpace objects, 0(0B) LOS objects, 31% free, 35MB/51MB, paused 1.094ms total 32.998ms
08-06 04:37:53.955 23322 24428 I art     : Starting a blocking GC Explicit
08-06 04:37:53.988 23322 24428 I art     : Explicit concurrent mark sweep GC freed 3(96B) AllocSpace objects, 0(0B) LOS objects, 31% free, 35MB/51MB, paused 1.201ms total 33.089ms
08-06 04:37:54.374 23322 23337 I art     : Starting a blocking GC Explicit
08-06 04:37:54.418 23322 23337 I art     : Explicit concurrent mark sweep GC freed 1402(82KB) AllocSpace objects, 1(20KB) LOS objects, 31% free, 35MB/51MB, paused 1.129ms total 43.571ms
08-06 04:37:54.432 23322 23337 I art     : Starting a blocking GC Explicit
08-06 04:37:54.468 23322 23337 I art     : Explicit concurrent mark sweep GC freed 20(704B) AllocSpace objects, 0(0B) LOS objects, 31% free, 35MB/51MB, paused 1.308ms total 35.414ms
08-06 04:37:54.480 23322 23337 I art     : Starting a blocking GC Explicit
08-06 04:37:54.514 23322 23337 I art     : Explicit concurrent mark sweep GC freed 3(96B) AllocSpace objects, 0(0B) LOS objects, 31% free, 35MB/51MB, paused 1.035ms total 33.878ms
08-06 04:37:54.526 23322 23337 I art     : Starting a blocking GC Explicit
08-06 04:37:54.559 23322 23337 I art     : Explicit concurrent mark sweep GC freed 3(96B) AllocSpace objects, 0(0B) LOS objects, 31% free, 35MB/51MB, paused 1.093ms total 33.412ms
08-06 04:37:54.571 23322 23337 I art     : Starting a blocking GC Explicit
08-06 04:37:54.605 23322 23337 I art     : Explicit concurrent mark sweep GC freed 3(96B) AllocSpace objects, 0(0B) LOS objects, 31% free, 35MB/51MB, paused 1.106ms total 33.899ms
08-06 04:37:54.983 23322 23336 I art     : Starting a blocking GC Explicit
08-06 04:37:55.023 23322 23336 I art     : Explicit concurrent mark sweep GC freed 1402(80KB) AllocSpace objects, 1(20KB) LOS objects, 31% free, 35MB/51MB, paused 1.161ms total 39.657ms
08-06 04:37:55.037 23322 23336 I art     : Starting a blocking GC Explicit
08-06 04:37:55.071 23322 23336 I art     : Explicit concurrent mark sweep GC freed 20(704B) AllocSpace objects, 0(0B) LOS objects, 31% free, 35MB/51MB, paused 1.103ms total 33.830ms
08-06 04:37:55.083 23322 23336 I art     : Starting a blocking GC Explicit
08-06 04:37:55.118 23322 23336 I art     : Explicit concurrent mark sweep GC freed 3(96B) AllocSpace objects, 0(0B) LOS objects, 31% free, 35MB/51MB, paused 1.177ms total 34.086ms
08-06 04:37:55.129 23322 23336 I art     : Starting a blocking GC Explicit
08-06 04:37:55.162 23322 23336 I art     : Explicit concurrent mark sweep GC freed 3(96B) AllocSpace objects, 0(0B) LOS objects, 31% free, 35MB/51MB, paused 1.100ms total 32.300ms
08-06 04:37:55.174 23322 23336 I art     : Starting a blocking GC Explicit
08-06 04:37:55.208 23322 23336 I art     : Explicit concurrent mark sweep GC freed 3(96B) AllocSpace objects, 0(0B) LOS objects, 31% free, 35MB/51MB, paused 1.151ms total 34.178ms
08-06 04:37:55.520   918  3261 D WifiStateMachine: starting scan for "H369AA63323"WPA_PSK with 2412,5180
08-06 04:37:55.574 23322 23384 I art     : Starting a blocking GC Explicit
08-06 04:37:55.614 23322 23384 I art     : Explicit concurrent mark sweep GC freed 1401(80KB) AllocSpace objects, 1(20KB) LOS objects, 31% free, 35MB/51MB, paused 1.189ms total 38.902ms
08-06 04:37:55.628 23322 23384 I art     : Starting a blocking GC Explicit
08-06 04:37:55.662 23322 23384 I art     : Explicit concurrent mark sweep GC freed 20(704B) AllocSpace objects, 0(0B) LOS objects, 31% free, 35MB/51MB, paused 1.099ms total 33.177ms
08-06 04:37:55.674 23322 23384 I art     : Starting a blocking GC Explicit
08-06 04:37:55.708 23322 23384 I art     : Explicit concurrent mark sweep GC freed 3(96B) AllocSpace objects, 0(0B) LOS objects, 31% free, 35MB/51MB, paused 1.238ms total 33.948ms
08-06 04:37:55.720 23322 23384 I art     : Starting a blocking GC Explicit
08-06 04:37:55.752 23322 23384 I art     : Explicit concurrent mark sweep GC freed 3(96B) AllocSpace objects, 0(0B) LOS objects, 31% free, 35MB/51MB, paused 1.020ms total 32.214ms
08-06 04:37:55.764 23322 23384 I art     : Starting a blocking GC Explicit
08-06 04:37:55.798 23322 23384 I art     : Explicit concurrent mark sweep GC freed 3(96B) AllocSpace objects, 0(0B) LOS objects, 31% free, 35MB/51MB, paused 1.174ms total 34.024ms
08-06 04:37:56.070   518   646 I ThermalEngine: ACTION: GPU - Setting GPU[0] to 510000000
08-06 04:37:56.158 23322 24428 I art     : Starting a blocking GC Explicit
08-06 04:37:56.195 23322 24428 I art     : Explicit concurrent mark sweep GC freed 1401(80KB) AllocSpace objects, 1(20KB) LOS objects, 31% free, 35MB/51MB, paused 884us total 36.511ms
08-06 04:37:56.208 23322 24428 I art     : Starting a blocking GC Explicit
08-06 04:37:56.237 23322 24428 I art     : Explicit concurrent mark sweep GC freed 20(704B) AllocSpace objects, 0(0B) LOS objects, 31% free, 35MB/51MB, paused 886us total 29.031ms
08-06 04:37:56.246 23322 24428 I art     : Starting a blocking GC Explicit
08-06 04:37:56.271 23322 24428 I art     : Explicit concurrent mark sweep GC freed 3(96B) AllocSpace objects, 0(0B) LOS objects, 31% free, 35MB/51MB, paused 805us total 24.625ms
08-06 04:37:56.280 23322 24428 I art     : Starting a blocking GC Explicit
08-06 04:37:56.305 23322 24428 I art     : Explicit concurrent mark sweep GC freed 3(96B) AllocSpace objects, 0(0B) LOS objects, 31% free, 35MB/51MB, paused 803us total 24.728ms
08-06 04:37:56.314 23322 24428 I art     : Starting a blocking GC Explicit
08-06 04:37:56.339 23322 24428 I art     : Explicit concurrent mark sweep GC freed 3(96B) AllocSpace objects, 0(0B) LOS objects, 31% free, 35MB/51MB, paused 808us total 24.803ms
08-06 04:37:56.680 23322 23337 I art     : Starting a blocking GC Explicit
08-06 04:37:56.716 23322 23337 I art     : Explicit concurrent mark sweep GC freed 1401(80KB) AllocSpace objects, 1(20KB) LOS objects, 31% free, 35MB/51MB, paused 883us total 35.132ms
08-06 04:37:56.728 23322 23337 I art     : Starting a blocking GC Explicit
08-06 04:37:56.755 23322 23337 I art     : Explicit concurrent mark sweep GC freed 20(704B) AllocSpace objects, 0(0B) LOS objects, 31% free, 35MB/51MB, paused 767us total 26.556ms
08-06 04:37:56.764 23322 23337 I art     : Starting a blocking GC Explicit
08-06 04:37:56.790 23322 23337 I art     : Explicit concurrent mark sweep GC freed 3(96B) AllocSpace objects, 0(0B) LOS objects, 31% free, 35MB/51MB, paused 812us total 25.300ms
08-06 04:37:56.799 23322 23337 I art     : Starting a blocking GC Explicit
08-06 04:37:56.824 23322 23337 I art     : Explicit concurrent mark sweep GC freed 3(96B) AllocSpace objects, 0(0B) LOS objects, 31% free, 35MB/51MB, paused 811us total 24.737ms
08-06 04:37:56.833 23322 23337 I art     : Starting a blocking GC Explicit
08-06 04:37:56.858 23322 23337 I art     : Explicit concurrent mark sweep GC freed 3(96B) AllocSpace objects, 0(0B) LOS objects, 31% free, 35MB/51MB, paused 850us total 24.764ms
08-06 04:37:57.225 23322 23336 I art     : Starting a blocking GC Explicit
08-06 04:37:57.259 23322 23336 I art     : Explicit concurrent mark sweep GC freed 1401(80KB) AllocSpace objects, 1(20KB) LOS objects, 31% free, 35MB/51MB, paused 895us total 33.634ms
08-06 04:37:57.271 23322 23336 I art     : Starting a blocking GC Explicit
08-06 04:37:57.296 23322 23336 I art     : Explicit concurrent mark sweep GC freed 20(704B) AllocSpace objects, 0(0B) LOS objects, 31% free, 35MB/51MB, paused 813us total 24.705ms
08-06 04:37:57.305 23322 23336 I art     : Starting a blocking GC Explicit
08-06 04:37:57.330 23322 23336 I art     : Explicit concurrent mark sweep GC freed 3(96B) AllocSpace objects, 0(0B) LOS objects, 31% free, 35MB/51MB, paused 811us total 24.884ms
08-06 04:37:57.339 23322 23336 I art     : Starting a blocking GC Explicit
08-06 04:37:57.365 23322 23336 I art     : Explicit concurrent mark sweep GC freed 3(96B) AllocSpace objects, 0(0B) LOS objects, 31% free, 35MB/51MB, paused 785us total 24.894ms
08-06 04:37:57.374 23322 23336 I art     : Starting a blocking GC Explicit
08-06 04:37:57.399 23322 23336 I art     : Explicit concurrent mark sweep GC freed 3(96B) AllocSpace objects, 0(0B) LOS objects, 31% free, 35MB/51MB, paused 819us total 25.268ms
08-06 04:37:57.663 22366 22366 I ServiceManager: Waiting for service AtCmdFwd...
08-06 04:37:57.770 23322 23384 I art     : Starting a blocking GC Explicit
08-06 04:37:57.803 23322 23384 I art     : Explicit concurrent mark sweep GC freed 1401(80KB) AllocSpace objects, 1(20KB) LOS objects, 31% free, 35MB/51MB, paused 883us total 32.723ms
08-06 04:37:57.814 23322 23384 I art     : Starting a blocking GC Explicit
08-06 04:37:57.839 23322 23384 I art     : Explicit concurrent mark sweep GC freed 20(704B) AllocSpace objects, 0(0B) LOS objects, 31% free, 35MB/51MB, paused 827us total 25.406ms
08-06 04:37:57.849 23322 23384 I art     : Starting a blocking GC Explicit
08-06 04:37:57.873 23322 23384 I art     : Explicit concurrent mark sweep GC freed 3(96B) AllocSpace objects, 0(0B) LOS objects, 31% free, 35MB/51MB, paused 777us total 24.145ms
08-06 04:37:57.882 23322 23384 I art     : Starting a blocking GC Explicit
08-06 04:37:57.907 23322 23384 I art     : Explicit concurrent mark sweep GC freed 3(96B) AllocSpace objects, 0(0B) LOS objects, 31% free, 35MB/51MB, paused 878us total 24.929ms
08-06 04:37:57.916 23322 23384 I art     : Starting a blocking GC Explicit
08-06 04:37:57.941 23322 23384 I art     : Explicit concurrent mark sweep GC freed 3(96B) AllocSpace objects, 0(0B) LOS objects, 31% free, 35MB/51MB, paused 796us total 24.694ms
08-06 04:37:58.307 23322 24428 I art     : Starting a blocking GC Explicit
08-06 04:37:58.343 23322 24428 I art     : Explicit concurrent mark sweep GC freed 1401(80KB) AllocSpace objects, 1(20KB) LOS objects, 31% free, 35MB/51MB, paused 883us total 35.730ms
08-06 04:37:58.357 23322 24428 I art     : Starting a blocking GC Explicit
08-06 04:37:58.382 23322 24428 I art     : Explicit concurrent mark sweep GC freed 20(704B) AllocSpace objects, 0(0B) LOS objects, 31% free, 35MB/51MB, paused 809us total 24.752ms
08-06 04:37:58.391 23322 24428 I art     : Starting a blocking GC Explicit
08-06 04:37:58.417 23322 24428 I art     : Explicit concurrent mark sweep GC freed 3(96B) AllocSpace objects, 0(0B) LOS objects, 31% free, 35MB/51MB, paused 964us total 26.065ms
08-06 04:37:58.426 23322 24428 I art     : Starting a blocking GC Explicit
08-06 04:37:58.451 23322 24428 I art     : Explicit concurrent mark sweep GC freed 3(96B) AllocSpace objects, 0(0B) LOS objects, 31% free, 35MB/51MB, paused 807us total 24.985ms
08-06 04:37:58.461 23322 24428 I art     : Starting a blocking GC Explicit
08-06 04:37:58.485 23322 24428 I art     : Explicit concurrent mark sweep GC freed 3(96B) AllocSpace objects, 0(0B) LOS objects, 31% free, 35MB/51MB, paused 776us total 24.151ms
08-06 04:37:58.664 22366 22366 I ServiceManager: Waiting for service AtCmdFwd...
08-06 04:37:58.860 23322 23337 I art     : Starting a blocking GC Explicit
08-06 04:37:58.889 23322 23337 I art     : Explicit concurrent mark sweep GC freed 1401(80KB) AllocSpace objects, 1(20KB) LOS objects, 31% free, 35MB/51MB, paused 835us total 28.214ms
08-06 04:37:58.898 23322 23337 I art     : Starting a blocking GC Explicit
08-06 04:37:58.922 23322 23337 I art     : Explicit concurrent mark sweep GC freed 20(704B) AllocSpace objects, 0(0B) LOS objects, 31% free, 35MB/51MB, paused 800us total 24.170ms
08-06 04:37:58.931 23322 23337 I art     : Starting a blocking GC Explicit
08-06 04:37:58.956 23322 23337 I art     : Explicit concurrent mark sweep GC freed 3(96B) AllocSpace objects, 0(0B) LOS objects, 31% free, 35MB/51MB, paused 807us total 24.431ms
08-06 04:37:58.965 23322 23337 I art     : Starting a blocking GC Explicit
08-06 04:37:58.990 23322 23337 I art     : Explicit concurrent mark sweep GC freed 3(96B) AllocSpace objects, 0(0B) LOS objects, 31% free, 35MB/51MB, paused 770us total 24.781ms
08-06 04:37:58.999 23322 23337 I art     : Starting a blocking GC Explicit
08-06 04:37:59.024 23322 23337 I art     : Explicit concurrent mark sweep GC freed 3(96B) AllocSpace objects, 0(0B) LOS objects, 31% free, 35MB/51MB, paused 798us total 24.082ms
08-06 04:37:59.387 23322 23336 I art     : Starting a blocking GC Explicit
08-06 04:37:59.419 23322 23336 I art     : Explicit concurrent mark sweep GC freed 1401(80KB) AllocSpace objects, 1(20KB) LOS objects, 31% free, 35MB/51MB, paused 919us total 31.474ms
08-06 04:37:59.432 23322 23336 I art     : Starting a blocking GC Explicit
08-06 04:37:59.457 23322 23336 I art     : Explicit concurrent mark sweep GC freed 20(704B) AllocSpace objects, 0(0B) LOS objects, 31% free, 35MB/51MB, paused 909us total 24.953ms
08-06 04:37:59.466 23322 23336 I art     : Starting a blocking GC Explicit
08-06 04:37:59.491 23322 23336 I art     : Explicit concurrent mark sweep GC freed 3(96B) AllocSpace objects, 0(0B) LOS objects, 31% free, 35MB/51MB, paused 808us total 24.255ms
08-06 04:37:59.500 23322 23336 I art     : Starting a blocking GC Explicit
08-06 04:37:59.525 23322 23336 I art     : Explicit concurrent mark sweep GC freed 3(96B) AllocSpace objects, 0(0B) LOS objects, 31% free, 35MB/51MB, paused 809us total 25.205ms
08-06 04:37:59.535 23322 23336 I art     : Starting a blocking GC Explicit
08-06 04:37:59.560 23322 23336 I art     : Explicit concurrent mark sweep GC freed 3(96B) AllocSpace objects, 0(0B) LOS objects, 31% free, 35MB/51MB, paused 823us total 25.301ms
08-06 04:37:59.664 22366 22366 I ServiceManager: Waiting for service AtCmdFwd...
08-06 04:37:59.903 23322 23384 I art     : Starting a blocking GC Explicit
08-06 04:37:59.939 23322 23384 I art     : Explicit concurrent mark sweep GC freed 1401(80KB) AllocSpace objects, 1(20KB) LOS objects, 31% free, 35MB/51MB, paused 911us total 35.132ms
08-06 04:37:59.951 23322 23384 I art     : Starting a blocking GC Explicit
08-06 04:37:59.976 23322 23384 I art     : Explicit concurrent mark sweep GC freed 20(704B) AllocSpace objects, 0(0B) LOS objects, 31% free, 35MB/51MB, paused 782us total 24.172ms
08-06 04:37:59.985 23322 23384 I art     : Starting a blocking GC Explicit
08-06 04:38:00.010 23322 23384 I art     : Explicit concurrent mark sweep GC freed 3(96B) AllocSpace objects, 0(0B) LOS objects, 31% free, 35MB/51MB, paused 890us total 24.485ms
08-06 04:38:00.019 23322 23384 I art     : Starting a blocking GC Explicit
08-06 04:38:00.042 23322 23384 I art     : Explicit concurrent mark sweep GC freed 3(96B) AllocSpace objects, 0(0B) LOS objects, 31% free, 35MB/51MB, paused 772us total 23.517ms
08-06 04:38:00.051 23322 23384 I art     : Starting a blocking GC Explicit
08-06 04:38:00.073 23322 23384 I art     : Explicit concurrent mark sweep GC freed 3(96B) AllocSpace objects, 0(0B) LOS objects, 31% free, 35MB/51MB, paused 714us total 22.099ms
08-06 04:38:00.417 23322 24428 I art     : Starting a blocking GC Explicit
08-06 04:38:00.453 23322 24428 I art     : Explicit concurrent mark sweep GC freed 1401(80KB) AllocSpace objects, 1(20KB) LOS objects, 31% free, 35MB/51MB, paused 905us total 35.901ms
08-06 04:38:00.467 23322 24428 I art     : Starting a blocking GC Explicit
08-06 04:38:00.492 23322 24428 I art     : Explicit concurrent mark sweep GC freed 20(704B) AllocSpace objects, 0(0B) LOS objects, 31% free, 35MB/51MB, paused 813us total 25.146ms
08-06 04:38:00.502 23322 24428 I art     : Starting a blocking GC Explicit
08-06 04:38:00.527 23322 24428 I art     : Explicit concurrent mark sweep GC freed 3(96B) AllocSpace objects, 0(0B) LOS objects, 31% free, 35MB/51MB, paused 859us total 25.100ms
08-06 04:38:00.536 23322 24428 I art     : Starting a blocking GC Explicit
08-06 04:38:00.561 23322 24428 I art     : Explicit concurrent mark sweep GC freed 3(96B) AllocSpace objects, 0(0B) LOS objects, 31% free, 35MB/51MB, paused 801us total 24.429ms
08-06 04:38:00.570 23322 24428 I art     : Starting a blocking GC Explicit
08-06 04:38:00.594 23322 24428 I art     : Explicit concurrent mark sweep GC freed 3(96B) AllocSpace objects, 0(0B) LOS objects, 31% free, 35MB/51MB, paused 798us total 23.965ms
08-06 04:38:00.665 22366 22366 I ServiceManager: Waiting for service AtCmdFwd...
08-06 04:38:00.952 23322 23337 I art     : Starting a blocking GC Explicit
08-06 04:38:00.977 23322 23337 I art     : Explicit concurrent mark sweep GC freed 1401(80KB) AllocSpace objects, 1(20KB) LOS objects, 31% free, 35MB/51MB, paused 844us total 24.606ms
08-06 04:38:00.986 23322 23337 I art     : Starting a blocking GC Explicit
08-06 04:38:01.011 23322 23337 I art     : Explicit concurrent mark sweep GC freed 20(704B) AllocSpace objects, 0(0B) LOS objects, 31% free, 35MB/51MB, paused 794us total 24.824ms
08-06 04:38:01.020 23322 23337 I art     : Starting a blocking GC Explicit
08-06 04:38:01.044 23322 23337 I art     : Explicit concurrent mark sweep GC freed 3(96B) AllocSpace objects, 0(0B) LOS objects, 31% free, 35MB/51MB, paused 788us total 23.610ms
08-06 04:38:01.052 23322 23337 I art     : Starting a blocking GC Explicit
08-06 04:38:01.076 23322 23337 I art     : Explicit concurrent mark sweep GC freed 3(96B) AllocSpace objects, 0(0B) LOS objects, 31% free, 35MB/51MB, paused 779us total 23.291ms
08-06 04:38:01.085 23322 23337 I art     : Starting a blocking GC Explicit
08-06 04:38:01.109 23322 23337 I art     : Explicit concurrent mark sweep GC freed 3(96B) AllocSpace objects, 0(0B) LOS objects, 31% free, 35MB/51MB, paused 813us total 23.645ms
08-06 04:38:01.287 25932 25932 D AndroidRuntime: >>>>>> START com.android.internal.os.RuntimeInit uid 2000 <<<<<<
08-06 04:38:01.292 25932 25932 D AndroidRuntime: CheckJNI is OFF
08-06 04:38:01.323 25932 25932 D ICU     : No timezone override file found: /data/misc/zoneinfo/current/icu/icu_tzdata.dat
08-06 04:38:01.354 25932 25932 I Radio-JNI: register_android_hardware_Radio DONE
08-06 04:38:01.375 25932 25932 D AndroidRuntime: Calling main entry com.android.commands.input.Input
08-06 04:38:01.377 25932 25932 I Input   : injectMotionEvent: MotionEvent { action=ACTION_DOWN, actionButton=0, id[0]=0, x[0]=436.0, y[0]=453.0, toolType[0]=TOOL_TYPE_UNKNOWN, buttonState=0, metaState=0, flags=0x0, edgeFlags=0x0, pointerCount=1, historySize=0, eventTime=851897790, downTime=851897790, deviceId=0, source=0x1002 }
08-06 04:38:01.381 25932 25932 I Input   : injectMotionEvent: MotionEvent { action=ACTION_UP, actionButton=0, id[0]=0, x[0]=436.0, y[0]=453.0, toolType[0]=TOOL_TYPE_UNKNOWN, buttonState=0, metaState=0, flags=0x0, edgeFlags=0x0, pointerCount=1, historySize=0, eventTime=851897790, downTime=851897790, deviceId=0, source=0x1002 }
08-06 04:38:01.383 25932 25932 D AndroidRuntime: Shutting down VM
08-06 04:38:01.394   512  2967 D audio_hw_primary: out_set_parameters: enter: usecase(1: low-latency-playback) kvpairs: routing=2
08-06 04:38:01.395   918  3696 I ActivityManager: START u0 {cmp=baseline.com.newsblur/.activity.AllSharedStoriesReading (has extras)} from uid 10698 on display 0
08-06 04:38:01.407   512  2967 D audio_hw_primary: select_devices: out_snd_device(2: speaker) in_snd_device(0: none)
08-06 04:38:01.407   512  2967 D msm8974_platform: platform_send_audio_calibration: sending audio calibration for snd_device(2) acdb_id(15)
08-06 04:38:01.407   512  2967 I soundtrigger: audio_extn_sound_trigger_update_device_status: device 0x2 of type 0 for Event 1
08-06 04:38:01.420   512  2967 D audio_hw_primary: enable_snd_device: snd_device(2: speaker)
08-06 04:38:01.422   512  2967 D audio_hw_primary: enable_audio_route: apply and update mixer path: low-latency-playback speaker
08-06 04:38:01.453 23322 23336 I art     : Starting a blocking GC Explicit
08-06 04:38:01.479 23322 23336 I art     : Explicit concurrent mark sweep GC freed 2948(230KB) AllocSpace objects, 6(580KB) LOS objects, 30% free, 37MB/53MB, paused 933us total 25.670ms
08-06 04:38:01.487 23322 23336 I art     : Starting a blocking GC Explicit
08-06 04:38:01.512 23322 23336 I art     : Explicit concurrent mark sweep GC freed 408(19KB) AllocSpace objects, 0(0B) LOS objects, 30% free, 37MB/53MB, paused 821us total 24.096ms
08-06 04:38:01.520 23322 23336 I art     : Starting a blocking GC Explicit
08-06 04:38:01.545 23322 23336 I art     : Explicit concurrent mark sweep GC freed 27(1312B) AllocSpace objects, 0(0B) LOS objects, 30% free, 37MB/53MB, paused 889us total 23.991ms
08-06 04:38:01.554 23322 23336 I art     : Starting a blocking GC Explicit
08-06 04:38:01.580 23322 23336 I art     : Explicit concurrent mark sweep GC freed 158(26KB) AllocSpace objects, 1(20KB) LOS objects, 30% free, 37MB/53MB, paused 883us total 26.208ms
08-06 04:38:01.589 23322 23336 I art     : Starting a blocking GC Explicit
08-06 04:38:01.611 23322 23336 I art     : Explicit concurrent mark sweep GC freed 32(1184B) AllocSpace objects, 0(0B) LOS objects, 30% free, 37MB/53MB, paused 723us total 21.950ms
08-06 04:38:01.634 13866 13866 I GoogleInputMethodServic: GoogleInputMethodService.onFinishInput():3138 
08-06 04:38:01.635 13866 13866 I GoogleInputMethodServic: GoogleInputMethodService.onStartInput():1808 
08-06 04:38:01.659   918   936 I ActivityManager: Displayed baseline.com.newsblur/.activity.AllSharedStoriesReading: +256ms
08-06 04:38:01.666 22366 22366 I ServiceManager: Waiting for service AtCmdFwd...
08-06 04:38:01.670   918  5132 D ConnectivityService: listenForNetwork for Listen from uid/pid:10698/23322 for NetworkRequest [ id=3836, legacyType=-1, [ Capabilities: INTERNET&NOT_RESTRICTED&TRUSTED] ]
08-06 04:38:01.843 23322 23936 E chromium: [ERROR:tile_manager.cc(793)] WARNING: tile memory limits exceeded, some content may not draw
08-06 04:38:01.843 23322 23936 E chromium: [ERROR:tile_manager.cc(793)] WARNING: tile memory limits exceeded, some content may not draw
08-06 04:38:01.860 23322 23936 E chromium: [ERROR:tile_manager.cc(793)] WARNING: tile memory limits exceeded, some content may not draw
08-06 04:38:01.860 23322 23936 E chromium: [ERROR:tile_manager.cc(793)] WARNING: tile memory limits exceeded, some content may not draw
08-06 04:38:01.900 23322 24428 I art     : Starting a blocking GC Explicit
08-06 04:38:01.929 23322 24428 I art     : Explicit concurrent mark sweep GC freed 4998(434KB) AllocSpace objects, 4(80KB) LOS objects, 28% free, 40MB/56MB, paused 883us total 28.632ms
08-06 04:38:01.938 23322 24428 I art     : Starting a blocking GC Explicit
08-06 04:38:01.958   512  2967 D audio_hw_primary: disable_audio_route: reset and update mixer path: low-latency-playback speaker
08-06 04:38:01.960   512  2967 D audio_hw_primary: disable_snd_device: snd_device(2: speaker)
08-06 04:38:01.962 23322 24428 I art     : Explicit concurrent mark sweep GC freed 1982(108KB) AllocSpace objects, 0(0B) LOS objects, 28% free, 40MB/56MB, paused 866us total 23.730ms
08-06 04:38:01.967   512  2967 I soundtrigger: audio_extn_sound_trigger_update_device_status: device 0x2 of type 0 for Event 0
08-06 04:38:01.970 23322 24428 I art     : Starting a blocking GC Explicit
08-06 04:38:01.994 23322 24428 I art     : Explicit concurrent mark sweep GC freed 3(96B) AllocSpace objects, 0(0B) LOS objects, 28% free, 40MB/56MB, paused 805us total 23.765ms
08-06 04:38:02.002 23322 24428 I art     : Starting a blocking GC Explicit
08-06 04:38:02.026 23322 24428 I art     : Explicit concurrent mark sweep GC freed 3(96B) AllocSpace objects, 0(0B) LOS objects, 28% free, 40MB/56MB, paused 741us total 23.618ms
08-06 04:38:02.036 23322 24428 I art     : Starting a blocking GC Explicit
08-06 04:38:02.064 23322 24428 I art     : Explicit concurrent mark sweep GC freed 146(17KB) AllocSpace objects, 1(20KB) LOS objects, 28% free, 40MB/56MB, paused 849us total 26.980ms
08-06 04:38:02.072 23322 23936 E chromium: [ERROR:tile_manager.cc(793)] WARNING: tile memory limits exceeded, some content may not draw
08-06 04:38:02.075 23322 23936 E chromium: [ERROR:tile_manager.cc(793)] WARNING: tile memory limits exceeded, some content may not draw
08-06 04:38:02.077 23322 23936 E chromium: [ERROR:tile_manager.cc(793)] WARNING: tile memory limits exceeded, some content may not draw
08-06 04:38:02.077 23322 23936 E chromium: [ERROR:tile_manager.cc(793)] WARNING: tile memory limits exceeded, some content may not draw
08-06 04:38:02.396 23322 24428 I art     : Starting a blocking GC Explicit
08-06 04:38:02.424 23322 24428 I art     : Explicit concurrent mark sweep GC freed 1431(82KB) AllocSpace objects, 2(48KB) LOS objects, 28% free, 40MB/56MB, paused 898us total 28.206ms
08-06 04:38:02.433 23322 24428 I art     : Starting a blocking GC Explicit
08-06 04:38:02.460 23322 24428 I art     : Explicit concurrent mark sweep GC freed 22(784B) AllocSpace objects, 0(0B) LOS objects, 28% free, 40MB/56MB, paused 781us total 26.257ms
08-06 04:38:02.469 23322 24428 I art     : Starting a blocking GC Explicit
08-06 04:38:02.495 23322 24428 I art     : Explicit concurrent mark sweep GC freed 3(96B) AllocSpace objects, 0(0B) LOS objects, 28% free, 40MB/56MB, paused 782us total 26.091ms
08-06 04:38:02.504 23322 24428 I art     : Starting a blocking GC Explicit
08-06 04:38:02.532 23322 24428 I art     : Explicit concurrent mark sweep GC freed 3(96B) AllocSpace objects, 0(0B) LOS objects, 28% free, 40MB/56MB, paused 864us total 27.179ms
08-06 04:38:02.541 23322 24428 I art     : Starting a blocking GC Explicit
08-06 04:38:02.568 23322 24428 I art     : Explicit concurrent mark sweep GC freed 3(96B) AllocSpace objects, 0(0B) LOS objects, 28% free, 40MB/56MB, paused 772us total 26.703ms
08-06 04:38:02.666 22366 22366 W Atfwd_Sendcmd: AtCmdFwd service not published, waiting... retryCnt : 2
08-06 04:38:02.889 23322 23384 I art     : Starting a blocking GC Explicit
08-06 04:38:02.912 23322 23936 E chromium: [ERROR:tile_manager.cc(793)] WARNING: tile memory limits exceeded, some content may not draw
08-06 04:38:02.916 23322 23936 E chromium: [ERROR:tile_manager.cc(793)] WARNING: tile memory limits exceeded, some content may not draw
08-06 04:38:02.916 23322 23384 I art     : Explicit concurrent mark sweep GC freed 1405(81KB) AllocSpace objects, 1(20KB) LOS objects, 28% free, 40MB/56MB, paused 873us total 26.843ms
08-06 04:38:02.927 23322 23384 I art     : Starting a blocking GC Explicit
08-06 04:38:02.951 23322 23384 I art     : Explicit concurrent mark sweep GC freed 28(960B) AllocSpace objects, 0(0B) LOS objects, 28% free, 40MB/56MB, paused 741us total 23.660ms
08-06 04:38:02.960 23322 23384 I art     : Starting a blocking GC Explicit
08-06 04:38:02.984 23322 23384 I art     : Explicit concurrent mark sweep GC freed 12(384B) AllocSpace objects, 0(0B) LOS objects, 28% free, 40MB/56MB, paused 720us total 24.271ms
08-06 04:38:02.993 23322 23384 I art     : Starting a blocking GC Explicit
08-06 04:38:03.017 23322 23384 I art     : Explicit concurrent mark sweep GC freed 11(352B) AllocSpace objects, 0(0B) LOS objects, 28% free, 40MB/56MB, paused 816us total 23.732ms
08-06 04:38:03.028 23322 23384 I art     : Starting a blocking GC Explicit
08-06 04:38:03.053 23322 23384 I art     : Explicit concurrent mark sweep GC freed 11(352B) AllocSpace objects, 0(0B) LOS objects, 28% free, 40MB/56MB, paused 710us total 24.619ms
08-06 04:38:03.394 23322 23337 I art     : Starting a blocking GC Explicit
08-06 04:38:03.434 23322 23337 I art     : Explicit concurrent mark sweep GC freed 1426(81KB) AllocSpace objects, 1(20KB) LOS objects, 28% free, 40MB/56MB, paused 841us total 39.296ms
08-06 04:38:03.444 23322 23337 I art     : Starting a blocking GC Explicit
08-06 04:38:03.472 23322 23337 I art     : Explicit concurrent mark sweep GC freed 20(704B) AllocSpace objects, 0(0B) LOS objects, 28% free, 40MB/56MB, paused 827us total 27.657ms
08-06 04:38:03.481 23322 23337 I art     : Starting a blocking GC Explicit
08-06 04:38:03.508 23322 23337 I art     : Explicit concurrent mark sweep GC freed 3(96B) AllocSpace objects, 0(0B) LOS objects, 28% free, 40MB/56MB, paused 850us total 27.213ms
08-06 04:38:03.518 23322 23337 I art     : Starting a blocking GC Explicit
08-06 04:38:03.545 23322 23337 I art     : Explicit concurrent mark sweep GC freed 3(96B) AllocSpace objects, 0(0B) LOS objects, 28% free, 40MB/56MB, paused 866us total 27.217ms
08-06 04:38:03.555 23322 23337 I art     : Starting a blocking GC Explicit
08-06 04:38:03.582 23322 23337 I art     : Explicit concurrent mark sweep GC freed 3(96B) AllocSpace objects, 0(0B) LOS objects, 28% free, 40MB/56MB, paused 829us total 27.397ms
08-06 04:38:03.945 23322 24428 I art     : Starting a blocking GC Explicit
08-06 04:38:03.979 23322 24428 I art     : Explicit concurrent mark sweep GC freed 1404(81KB) AllocSpace objects, 1(20KB) LOS objects, 28% free, 40MB/56MB, paused 920us total 34.440ms
08-06 04:38:03.993 23322 24428 I art     : Starting a blocking GC Explicit
08-06 04:38:04.020 23322 24428 I art     : Explicit concurrent mark sweep GC freed 20(704B) AllocSpace objects, 0(0B) LOS objects, 28% free, 40MB/56MB, paused 796us total 26.065ms
08-06 04:38:04.029 23322 24428 I art     : Starting a blocking GC Explicit
08-06 04:38:04.056 23322 24428 I art     : Explicit concurrent mark sweep GC freed 3(96B) AllocSpace objects, 0(0B) LOS objects, 28% free, 40MB/56MB, paused 824us total 26.880ms
08-06 04:38:04.065 23322 24428 I art     : Starting a blocking GC Explicit
08-06 04:38:04.090   518   646 I ThermalEngine: ACTION: GPU - Setting GPU[0] to 450000000
08-06 04:38:04.095 23322 24428 I art     : Explicit concurrent mark sweep GC freed 3(96B) AllocSpace objects, 0(0B) LOS objects, 28% free, 40MB/56MB, paused 1.269ms total 29.190ms
08-06 04:38:04.107 23322 24428 I art     : Starting a blocking GC Explicit
08-06 04:38:04.144 23322 24428 I art     : Explicit concurrent mark sweep GC freed 3(96B) AllocSpace objects, 0(0B) LOS objects, 28% free, 40MB/56MB, paused 1.133ms total 36.788ms
08-06 04:38:04.550 23322 23384 I art     : Starting a blocking GC Explicit
08-06 04:38:04.594 23322 23384 I art     : Explicit concurrent mark sweep GC freed 1404(81KB) AllocSpace objects, 1(20KB) LOS objects, 28% free, 40MB/56MB, paused 1.203ms total 43.310ms
08-06 04:38:04.609 23322 23384 I art     : Starting a blocking GC Explicit
08-06 04:38:04.646 23322 23384 I art     : Explicit concurrent mark sweep GC freed 20(704B) AllocSpace objects, 0(0B) LOS objects, 28% free, 40MB/56MB, paused 1.129ms total 36.615ms
08-06 04:38:04.658 23322 23384 I art     : Starting a blocking GC Explicit
08-06 04:38:04.695 23322 23384 I art     : Explicit concurrent mark sweep GC freed 3(96B) AllocSpace objects, 0(0B) LOS objects, 28% free, 40MB/56MB, paused 1.107ms total 37.085ms
08-06 04:38:04.708 23322 23384 I art     : Starting a blocking GC Explicit
08-06 04:38:04.745 23322 23384 I art     : Explicit concurrent mark sweep GC freed 3(96B) AllocSpace objects, 0(0B) LOS objects, 28% free, 40MB/56MB, paused 1.122ms total 37.338ms
08-06 04:38:04.758 23322 23384 I art     : Starting a blocking GC Explicit
08-06 04:38:04.794 23322 23384 I art     : Explicit concurrent mark sweep GC freed 3(96B) AllocSpace objects, 0(0B) LOS objects, 28% free, 40MB/56MB, paused 1.119ms total 36.179ms
08-06 04:38:05.087   518   646 I ThermalEngine: ACTION: GPU - Setting GPU[0] to 510000000
08-06 04:38:05.191 23322 23336 I art     : Starting a blocking GC Explicit
08-06 04:38:05.232 23322 23336 I art     : Explicit concurrent mark sweep GC freed 1404(81KB) AllocSpace objects, 1(20KB) LOS objects, 28% free, 40MB/56MB, paused 986us total 39.983ms
08-06 04:38:05.247 23322 23336 I art     : Starting a blocking GC Explicit
08-06 04:38:05.277 23322 23336 I art     : Explicit concurrent mark sweep GC freed 20(704B) AllocSpace objects, 0(0B) LOS objects, 28% free, 40MB/56MB, paused 894us total 29.374ms
08-06 04:38:05.287 23322 23336 I art     : Starting a blocking GC Explicit
08-06 04:38:05.314 23322 23336 I art     : Explicit concurrent mark sweep GC freed 3(96B) AllocSpace objects, 0(0B) LOS objects, 28% free, 40MB/56MB, paused 833us total 27.164ms
08-06 04:38:05.324 23322 23336 I art     : Starting a blocking GC Explicit
08-06 04:38:05.351 23322 23336 I art     : Explicit concurrent mark sweep GC freed 3(96B) AllocSpace objects, 0(0B) LOS objects, 28% free, 40MB/56MB, paused 826us total 27.680ms
08-06 04:38:05.361 23322 23336 I art     : Starting a blocking GC Explicit
08-06 04:38:05.388 23322 23336 I art     : Explicit concurrent mark sweep GC freed 3(96B) AllocSpace objects, 0(0B) LOS objects, 28% free, 40MB/56MB, paused 847us total 27.302ms
08-06 04:38:05.743 23322 23337 I art     : Starting a blocking GC Explicit
08-06 04:38:05.771 23322 23337 I art     : Explicit concurrent mark sweep GC freed 1404(81KB) AllocSpace objects, 1(20KB) LOS objects, 28% free, 40MB/56MB, paused 907us total 27.385ms
08-06 04:38:05.781 23322 23337 I art     : Starting a blocking GC Explicit
08-06 04:38:05.808 23322 23337 I art     : Explicit concurrent mark sweep GC freed 20(704B) AllocSpace objects, 0(0B) LOS objects, 28% free, 40MB/56MB, paused 855us total 26.755ms
08-06 04:38:05.817 23322 23337 I art     : Starting a blocking GC Explicit
08-06 04:38:05.843 23322 23337 I art     : Explicit concurrent mark sweep GC freed 3(96B) AllocSpace objects, 0(0B) LOS objects, 28% free, 40MB/56MB, paused 829us total 25.718ms
08-06 04:38:05.852 23322 23337 I art     : Starting a blocking GC Explicit
08-06 04:38:05.878 23322 23337 I art     : Explicit concurrent mark sweep GC freed 3(96B) AllocSpace objects, 0(0B) LOS objects, 28% free, 40MB/56MB, paused 846us total 25.743ms
08-06 04:38:05.887 23322 23337 I art     : Starting a blocking GC Explicit
08-06 04:38:05.913 23322 23337 I art     : Explicit concurrent mark sweep GC freed 3(96B) AllocSpace objects, 0(0B) LOS objects, 28% free, 40MB/56MB, paused 822us total 25.940ms
08-06 04:38:06.051 26038 26038 D AndroidRuntime: >>>>>> START com.android.internal.os.RuntimeInit uid 2000 <<<<<<
08-06 04:38:06.059 26038 26038 D AndroidRuntime: CheckJNI is OFF
08-06 04:38:06.095 26038 26038 D ICU     : No timezone override file found: /data/misc/zoneinfo/current/icu/icu_tzdata.dat
08-06 04:38:06.127 26038 26038 I Radio-JNI: register_android_hardware_Radio DONE
08-06 04:38:06.148 26038 26038 D AndroidRuntime: Calling main entry com.android.commands.input.Input
08-06 04:38:06.149 26038 26038 I Input   : injectKeyEvent: KeyEvent { action=ACTION_DOWN, keyCode=KEYCODE_BACK, scanCode=0, metaState=0, flags=0x0, repeatCount=0, eventTime=851902562, downTime=851902562, deviceId=-1, source=0x101 }
08-06 04:38:06.155 26038 26038 I Input   : injectKeyEvent: KeyEvent { action=ACTION_UP, keyCode=KEYCODE_BACK, scanCode=0, metaState=0, flags=0x0, repeatCount=0, eventTime=851902562, downTime=851902562, deviceId=-1, source=0x101 }
08-06 04:38:06.164 26038 26038 D AndroidRuntime: Shutting down VM
08-06 04:38:06.180 23322 23322 D baseline.com.newsblur.service.NBSyncService: rejecting request for feedset that is exhaused
08-06 04:38:06.251 23322 23337 I art     : Starting a blocking GC Explicit
08-06 04:38:06.279 23322 23337 I art     : Explicit concurrent mark sweep GC freed 2237(165KB) AllocSpace objects, 4(80KB) LOS objects, 28% free, 40MB/56MB, paused 955us total 27.128ms
08-06 04:38:06.288 23322 23337 I art     : Starting a blocking GC Explicit
08-06 04:38:06.296 23322 23322 D baseline.com.newsblur.service.NBSyncService: rejecting request for feedset that is exhaused
08-06 04:38:06.300 13866 13866 I GoogleInputMethodServic: GoogleInputMethodService.onFinishInput():3138 
08-06 04:38:06.301 13866 13866 I GoogleInputMethodServic: GoogleInputMethodService.onStartInput():1808 
08-06 04:38:06.315 23322 23337 I art     : Explicit concurrent mark sweep GC freed 915(78KB) AllocSpace objects, 1(20KB) LOS objects, 28% free, 40MB/56MB, paused 912us total 26.859ms
08-06 04:38:06.324 23322 23337 I art     : Starting a blocking GC Explicit
08-06 04:38:06.351 23322 23337 I art     : Explicit concurrent mark sweep GC freed 842(66KB) AllocSpace objects, 0(0B) LOS objects, 28% free, 40MB/56MB, paused 832us total 26.636ms
08-06 04:38:06.360 23322 23337 I art     : Starting a blocking GC Explicit
08-06 04:38:06.383 23322 23337 I art     : Explicit concurrent mark sweep GC freed 19(592B) AllocSpace objects, 0(0B) LOS objects, 28% free, 40MB/56MB, paused 711us total 22.907ms
08-06 04:38:06.392 23322 23337 I art     : Starting a blocking GC Explicit
08-06 04:38:06.414 23322 23337 I art     : Explicit concurrent mark sweep GC freed 3(96B) AllocSpace objects, 1(28KB) LOS objects, 28% free, 40MB/56MB, paused 696us total 22.428ms
08-06 04:38:06.495   918  3188 I hubconnection: sensorhub said: 'set_bias 3: -6.2400, 0.0000, 0.0000'
08-06 04:38:06.711 23322 23384 I art     : Starting a blocking GC Explicit
08-06 04:38:06.738 23322 23384 I art     : Explicit concurrent mark sweep GC freed 2644(140KB) AllocSpace objects, 1(20KB) LOS objects, 28% free, 40MB/56MB, paused 864us total 26.421ms
08-06 04:38:06.746 23322 23384 I art     : Starting a blocking GC Explicit
08-06 04:38:06.753   918  3263 D ConnectivityService: releasing NetworkRequest NetworkRequest [ id=3836, legacyType=-1, [ Capabilities: INTERNET&NOT_RESTRICTED&TRUSTED] ]
08-06 04:38:06.775 23322 23384 I art     : Explicit concurrent mark sweep GC freed 5866(438KB) AllocSpace objects, 12(4MB) LOS objects, 31% free, 35MB/51MB, paused 1.015ms total 28.569ms
08-06 04:38:06.785 23322 23384 I art     : Starting a blocking GC Explicit
08-06 04:38:06.806 23322 23384 I art     : Explicit concurrent mark sweep GC freed 32(1440B) AllocSpace objects, 0(0B) LOS objects, 31% free, 35MB/51MB, paused 709us total 21.377ms
08-06 04:38:06.814 23322 23384 I art     : Starting a blocking GC Explicit
08-06 04:38:06.837 23322 23384 I art     : Explicit concurrent mark sweep GC freed 7(224B) AllocSpace objects, 0(0B) LOS objects, 31% free, 35MB/51MB, paused 912us total 23.022ms
08-06 04:38:06.846 23322 23384 I art     : Starting a blocking GC Explicit
08-06 04:38:06.869 23322 23384 I art     : Explicit concurrent mark sweep GC freed 7(224B) AllocSpace objects, 0(0B) LOS objects, 31% free, 35MB/51MB, paused 746us total 22.730ms
08-06 04:38:07.197 23322 24428 I art     : Starting a blocking GC Explicit
08-06 04:38:07.227 23322 24428 I art     : Explicit concurrent mark sweep GC freed 1444(82KB) AllocSpace objects, 1(20KB) LOS objects, 31% free, 35MB/51MB, paused 906us total 30.285ms
08-06 04:38:07.237 23322 24428 I art     : Starting a blocking GC Explicit
08-06 04:38:07.265 23322 24428 I art     : Explicit concurrent mark sweep GC freed 25(864B) AllocSpace objects, 0(0B) LOS objects, 31% free, 35MB/51MB, paused 819us total 28.145ms
08-06 04:38:07.277 23322 24428 I art     : Starting a blocking GC Explicit
08-06 04:38:07.304 23322 24428 I art     : Explicit concurrent mark sweep GC freed 8(256B) AllocSpace objects, 0(0B) LOS objects, 31% free, 35MB/51MB, paused 876us total 26.179ms
08-06 04:38:07.314 23322 24428 I art     : Starting a blocking GC Explicit
08-06 04:38:07.342 23322 24428 I art     : Explicit concurrent mark sweep GC freed 8(256B) AllocSpace objects, 0(0B) LOS objects, 31% free, 35MB/51MB, paused 900us total 27.420ms
08-06 04:38:07.351 23322 24428 I art     : Starting a blocking GC Explicit
08-06 04:38:07.378 23322 24428 I art     : Explicit concurrent mark sweep GC freed 6(192B) AllocSpace objects, 0(0B) LOS objects, 31% free, 35MB/51MB, paused 868us total 27.002ms
08-06 04:38:07.692 23322 24428 I art     : Starting a blocking GC Explicit
08-06 04:38:07.719 23322 24428 I art     : Explicit concurrent mark sweep GC freed 1443(82KB) AllocSpace objects, 1(20KB) LOS objects, 31% free, 35MB/51MB, paused 955us total 26.524ms
08-06 04:38:07.730 23322 24428 I art     : Starting a blocking GC Explicit
08-06 04:38:07.757 23322 24428 I art     : Explicit concurrent mark sweep GC freed 23(800B) AllocSpace objects, 0(0B) LOS objects, 31% free, 35MB/51MB, paused 1.014ms total 26.982ms
08-06 04:38:07.766 23322 24428 I art     : Starting a blocking GC Explicit
08-06 04:38:07.791 23322 24428 I art     : Explicit concurrent mark sweep GC freed 3(96B) AllocSpace objects, 0(0B) LOS objects, 31% free, 35MB/51MB, paused 819us total 25.071ms
08-06 04:38:07.800 23322 24428 I art     : Starting a blocking GC Explicit
08-06 04:38:07.822 23322 24428 I art     : Explicit concurrent mark sweep GC freed 3(96B) AllocSpace objects, 0(0B) LOS objects, 31% free, 35MB/51MB, paused 799us total 21.917ms
08-06 04:38:07.831 23322 24428 I art     : Starting a blocking GC Explicit
08-06 04:38:07.836 26086 26086 D AndroidRuntime: >>>>>> START com.android.internal.os.RuntimeInit uid 2000 <<<<<<
08-06 04:38:07.841 26086 26086 D AndroidRuntime: CheckJNI is OFF
08-06 04:38:07.855 23322 24428 I art     : Explicit concurrent mark sweep GC freed 3(96B) AllocSpace objects, 0(0B) LOS objects, 31% free, 35MB/51MB, paused 837us total 24.016ms
08-06 04:38:07.877 26086 26086 D ICU     : No timezone override file found: /data/misc/zoneinfo/current/icu/icu_tzdata.dat
08-06 04:38:07.912 26086 26086 I Radio-JNI: register_android_hardware_Radio DONE
08-06 04:38:07.934 26086 26086 D AndroidRuntime: Calling main entry com.android.commands.input.Input
08-06 04:38:07.935 26086 26086 I Input   : injectKeyEvent: KeyEvent { action=ACTION_DOWN, keyCode=KEYCODE_BACK, scanCode=0, metaState=0, flags=0x0, repeatCount=0, eventTime=851904348, downTime=851904348, deviceId=-1, source=0x101 }
08-06 04:38:07.943 26086 26086 I Input   : injectKeyEvent: KeyEvent { action=ACTION_UP, keyCode=KEYCODE_BACK, scanCode=0, metaState=0, flags=0x0, repeatCount=0, eventTime=851904348, downTime=851904348, deviceId=-1, source=0x101 }
08-06 04:38:07.950 26086 26086 D AndroidRuntime: Shutting down VM
08-06 04:38:08.094   518   646 I ThermalEngine: ACTION: GPU - Setting GPU[0] to 450000000
08-06 04:38:08.131 13866 13866 I GoogleInputMethodServic: GoogleInputMethodService.onFinishInput():3138 
08-06 04:38:08.131 13866 13866 I GoogleInputMethodServic: GoogleInputMethodService.onStartInput():1808 
08-06 04:38:08.160 23322 24428 I art     : Starting a blocking GC Explicit
08-06 04:38:08.193 23322 24428 I art     : Explicit concurrent mark sweep GC freed 15130(1140KB) AllocSpace objects, 29(580KB) LOS objects, 31% free, 35MB/51MB, paused 966us total 32.737ms
08-06 04:38:08.205 23322 24428 I art     : Starting a blocking GC Explicit
08-06 04:38:08.232 23322 24428 I art     : Explicit concurrent mark sweep GC freed 756(28KB) AllocSpace objects, 0(0B) LOS objects, 31% free, 35MB/51MB, paused 1.018ms total 26.183ms
08-06 04:38:08.242 23322 24428 I art     : Starting a blocking GC Explicit
08-06 04:38:08.271 23322 24428 I art     : Explicit concurrent mark sweep GC freed 3(96B) AllocSpace objects, 0(0B) LOS objects, 31% free, 35MB/51MB, paused 1.009ms total 28.767ms
08-06 04:38:08.282 23322 24428 I art     : Starting a blocking GC Explicit
08-06 04:38:08.309 23322 24428 I art     : Explicit concurrent mark sweep GC freed 3(96B) AllocSpace objects, 0(0B) LOS objects, 31% free, 35MB/51MB, paused 958us total 27.129ms
08-06 04:38:08.320 23322 24428 I art     : Starting a blocking GC Explicit
08-06 04:38:08.349 23322 24428 I art     : Explicit concurrent mark sweep GC freed 3(96B) AllocSpace objects, 0(0B) LOS objects, 31% free, 35MB/51MB, paused 1.029ms total 28.058ms
08-06 04:38:08.697 23322 23337 I art     : Starting a blocking GC Explicit
08-06 04:38:08.731 23322 23337 I art     : Explicit concurrent mark sweep GC freed 1876(101KB) AllocSpace objects, 1(20KB) LOS objects, 31% free, 35MB/51MB, paused 1.109ms total 33.845ms
08-06 04:38:08.744 23322 23337 I art     : Starting a blocking GC Explicit
08-06 04:38:08.775 23322 23337 I art     : Explicit concurrent mark sweep GC freed 5558(414KB) AllocSpace objects, 2(1188KB) LOS objects, 32% free, 33MB/49MB, paused 1.066ms total 30.322ms
08-06 04:38:08.786 23322 23337 I art     : Starting a blocking GC Explicit
08-06 04:38:08.813 23322 23337 I art     : Explicit concurrent mark sweep GC freed 7(224B) AllocSpace objects, 0(0B) LOS objects, 32% free, 33MB/49MB, paused 1.049ms total 27ms
08-06 04:38:08.824 23322 23337 I art     : Starting a blocking GC Explicit
08-06 04:38:08.850 23322 23337 I art     : Explicit concurrent mark sweep GC freed 8(256B) AllocSpace objects, 0(0B) LOS objects, 32% free, 33MB/49MB, paused 979us total 25.987ms
08-06 04:38:08.862 23322 23337 I art     : Starting a blocking GC Explicit
08-06 04:38:08.890 23322 23337 I art     : Explicit concurrent mark sweep GC freed 8(256B) AllocSpace objects, 0(0B) LOS objects, 32% free, 33MB/49MB, paused 1.026ms total 27.935ms
08-06 04:38:09.233 23322 23337 I art     : Starting a blocking GC Explicit
08-06 04:38:09.262 23322 23337 I art     : Explicit concurrent mark sweep GC freed 1446(82KB) AllocSpace objects, 1(20KB) LOS objects, 32% free, 33MB/49MB, paused 1.196ms total 28.974ms
08-06 04:38:09.274 23322 23337 I art     : Starting a blocking GC Explicit
08-06 04:38:09.302 23322 23337 I art     : Explicit concurrent mark sweep GC freed 24(832B) AllocSpace objects, 0(0B) LOS objects, 32% free, 33MB/49MB, paused 1.203ms total 28.295ms
08-06 04:38:09.313 23322 23337 I art     : Starting a blocking GC Explicit
08-06 04:38:09.339 23322 23337 I art     : Explicit concurrent mark sweep GC freed 8(256B) AllocSpace objects, 0(0B) LOS objects, 32% free, 33MB/49MB, paused 1.033ms total 25.470ms
08-06 04:38:09.350 23322 23337 I art     : Starting a blocking GC Explicit
08-06 04:38:09.378 23322 23337 I art     : Explicit concurrent mark sweep GC freed 8(256B) AllocSpace objects, 0(0B) LOS objects, 32% free, 33MB/49MB, paused 1.121ms total 27.831ms
08-06 04:38:09.389 23322 23337 I art     : Starting a blocking GC Explicit
08-06 04:38:09.417 23322 23337 I art     : Explicit concurrent mark sweep GC freed 7(224B) AllocSpace objects, 0(0B) LOS objects, 32% free, 33MB/49MB, paused 1.066ms total 27.657ms
08-06 04:38:09.748 23322 23337 I art     : Starting a blocking GC Explicit
08-06 04:38:09.784 23322 23337 I art     : Explicit concurrent mark sweep GC freed 1412(81KB) AllocSpace objects, 1(20KB) LOS objects, 32% free, 33MB/49MB, paused 1.390ms total 34.997ms
08-06 04:38:09.795 26149 26149 D AndroidRuntime: >>>>>> START com.android.internal.os.RuntimeInit uid 2000 <<<<<<
08-06 04:38:09.801 23322 23337 I art     : Starting a blocking GC Explicit
08-06 04:38:09.803 26149 26149 D AndroidRuntime: CheckJNI is OFF
08-06 04:38:09.830 23322 23337 I art     : Explicit concurrent mark sweep GC freed 20(704B) AllocSpace objects, 0(0B) LOS objects, 32% free, 33MB/49MB, paused 1.117ms total 28.240ms
08-06 04:38:09.840 23322 23337 I art     : Starting a blocking GC Explicit
08-06 04:38:09.851 26149 26149 D ICU     : No timezone override file found: /data/misc/zoneinfo/current/icu/icu_tzdata.dat
08-06 04:38:09.869 23322 23337 I art     : Explicit concurrent mark sweep GC freed 3(96B) AllocSpace objects, 0(0B) LOS objects, 32% free, 33MB/49MB, paused 1.099ms total 28.357ms
08-06 04:38:09.880 23322 23337 I art     : Starting a blocking GC Explicit
08-06 04:38:09.900 26149 26149 I Radio-JNI: register_android_hardware_Radio DONE
08-06 04:38:09.909 23322 23337 I art     : Explicit concurrent mark sweep GC freed 3(96B) AllocSpace objects, 0(0B) LOS objects, 32% free, 33MB/49MB, paused 1.237ms total 28.279ms
08-06 04:38:09.920 23322 23337 I art     : Starting a blocking GC Explicit
08-06 04:38:09.930 26149 26149 D AndroidRuntime: Calling main entry com.android.commands.am.Am
08-06 04:38:09.940  3167  3167 I Trepn   : Trepn 6.2s: Received intent: com.quicinc.trepn.stop_profiling
08-06 04:38:09.948 23322 23337 I art     : Explicit concurrent mark sweep GC freed 3(96B) AllocSpace objects, 0(0B) LOS objects, 32% free, 33MB/49MB, paused 1.115ms total 27.636ms
08-06 04:38:09.976  3167  3167 I Trepn   : Trepn 6.2s: Trepn has Stopped Profiling.
08-06 04:38:10.186 26149 26149 D AndroidRuntime: Shutting down VM
08-06 04:38:10.190   918   929 W AppOps  : Finishing op nesting under-run: uid 10078 pkg com.quicinc.trepn code 24 time=0 duration=0 nesting=0
08-06 04:38:10.303 23322 23384 I art     : Starting a blocking GC Explicit
08-06 04:38:10.336 23322 23384 I art     : Explicit concurrent mark sweep GC freed 1398(80KB) AllocSpace objects, 1(20KB) LOS objects, 32% free, 33MB/49MB, paused 1.062ms total 32.140ms
08-06 04:38:10.350 23322 23384 I art     : Starting a blocking GC Explicit
08-06 04:38:10.381 23322 23384 I art     : Explicit concurrent mark sweep GC freed 20(704B) AllocSpace objects, 0(0B) LOS objects, 32% free, 33MB/49MB, paused 1.099ms total 30.996ms
08-06 04:38:10.393 23322 23384 I art     : Starting a blocking GC Explicit
08-06 04:38:10.422 23322 23384 I art     : Explicit concurrent mark sweep GC freed 3(96B) AllocSpace objects, 0(0B) LOS objects, 32% free, 33MB/49MB, paused 1.084ms total 29.097ms
08-06 04:38:10.434 23322 23384 I art     : Starting a blocking GC Explicit
08-06 04:38:10.462 23322 23384 I art     : Explicit concurrent mark sweep GC freed 3(96B) AllocSpace objects, 0(0B) LOS objects, 32% free, 33MB/49MB, paused 983us total 27.053ms
08-06 04:38:10.472 23322 23384 I art     : Starting a blocking GC Explicit
08-06 04:38:10.499 23322 23384 I art     : Explicit concurrent mark sweep GC freed 3(96B) AllocSpace objects, 0(0B) LOS objects, 32% free, 33MB/49MB, paused 995us total 26.759ms
08-06 04:38:12.667 22366 22366 I ServiceManager: Waiting for service AtCmdFwd...
