--------- beginning of main
08-05 22:59:21.049 22746 22746 D AndroidRuntime: >>>>>> START com.android.internal.os.RuntimeInit uid 2000 <<<<<<
08-05 22:59:21.056 22746 22746 D AndroidRuntime: CheckJNI is OFF
08-05 22:59:21.087 22746 22746 D ICU     : No timezone override file found: /data/misc/zoneinfo/current/icu/icu_tzdata.dat
08-05 22:59:21.207 22746 22746 I Radio-JNI: register_android_hardware_Radio DONE
08-05 22:59:21.226 22746 22746 D AndroidRuntime: Calling main entry com.android.commands.monkey.Monkey
--------- beginning of system
08-05 22:59:21.243   918   931 W BroadcastQueue: Skipping deliver [background] BroadcastRecord{e3d3c1f u-1 android.net.conn.CONNECTIVITY_CHANGE} to ReceiverList{75e3b6c 22746 (unknown name)/2000/u-1 remote:32b9a79}: process crashing
08-05 22:59:21.253   918  4413 I ActivityManager: START u0 {act=android.intent.action.MAIN cat=[android.intent.category.LAUNCHER] flg=0x10200000 cmp=baseline.com.newsblur/.activity.InitActivity} from uid 2000 on display 0
08-05 22:59:21.268   918   932 I sensors : batch
08-05 22:59:21.275   918  3188 I hubconnection: sensorhub said: 'batch 31 flags:0, sampling_rate_Hz:15.00, max_report_latency_us:0'
08-05 22:59:21.326   918   932 I sensors : flush
08-05 22:59:21.332   918  3188 I hubconnection: sensorhub said: 'flush 31'
08-05 22:59:21.332   918  3188 I hubconnection: saw sensor 31 flushed
08-05 22:59:21.340 22746 22746 I art     : System.exit called, status: 0
08-05 22:59:21.341 22746 22746 I AndroidRuntime: VM exiting with result code 0.
08-05 22:59:21.361 16458  3075 I PBSessionCacheImpl: Deleted sessionId[72384646105454640] from persistence.
08-05 22:59:21.368 16458 16488 W SearchServiceCore: Abort, client detached.
08-05 22:59:21.368 16458 16488 I MicroDetectionState: Should stop hotword detection immediately - true
08-05 22:59:21.385  5211  5211 I baseline.com.newsblur.activity.InitActivity: cold launching version 9.0b1
08-05 22:59:21.391  5211 22762 D OpenGLRenderer: Use EGL_SWAP_BEHAVIOR_PRESERVED: true
08-05 22:59:21.424  5211 22762 I Adreno  : QUALCOMM build                   : fcf4852, I1af360237c
08-05 22:59:21.424  5211 22762 I Adreno  : Build Date                       : 09/23/15
08-05 22:59:21.424  5211 22762 I Adreno  : OpenGL ES Shader Compiler Version: XE031.05.13.02
08-05 22:59:21.424  5211 22762 I Adreno  : Local Branch                     : mybranch14465806
08-05 22:59:21.424  5211 22762 I Adreno  : Remote Branch                    : quic/LA.BF64.1.2.9_v2
08-05 22:59:21.424  5211 22762 I Adreno  : Remote Branch                    : NONE
08-05 22:59:21.424  5211 22762 I Adreno  : Reconstruct Branch               : NOTHING
08-05 22:59:21.430  5211 22762 I OpenGLRenderer: Initialized EGL, version 1.4
08-05 22:59:21.436   918  3670 I ActivityManager: START u0 {cmp=baseline.com.newsblur/.activity.Main} from uid 10698 on display 0
08-05 22:59:21.453   918  3696 W InputMethodManagerService: Focus gain on non-focused client com.android.internal.view.IInputMethodClient$Stub$Proxy@4f3ad07 (uid=10698 pid=5211)
08-05 22:59:21.606  5211  5211 I art     : Rejecting re-init on previously-failed class java.lang.Class<androidx.core.view.ViewCompat$OnUnhandledKeyEventListenerWrapper>
08-05 22:59:21.606  5211  5211 I art     : Rejecting re-init on previously-failed class java.lang.Class<androidx.core.view.ViewCompat$OnUnhandledKeyEventListenerWrapper>
08-05 22:59:21.645  5211  5211 E BitmapFactory: Unable to decode stream: java.io.FileNotFoundException: /data/user/0/baseline.com.newsblur/cache/userProfilePicture: open failed: ENOENT (No such file or directory)
08-05 22:59:21.758  5211 22771 I baseline.com.newsblur.service.NBSyncService: ready to sync feed list
08-05 22:59:21.793 13866 13866 I GoogleInputMethodServic: GoogleInputMethodService.onFinishInput():3138 
08-05 22:59:21.793 13866 13866 I GoogleInputMethodServic: GoogleInputMethodService.onStartInput():1808 
08-05 22:59:21.897   918   936 I ActivityManager: Displayed baseline.com.newsblur/.activity.Main: +443ms (total +616ms)
08-05 22:59:22.365  5211 22771 I NAPPA_EXPERIMENTATION: MetricNetworkRequestExecutionTime: REQUEST_DURATION_SYSTEM='603',REQUEST_DURATION_OKHTTP='33',REQUEST_SYNCHRONOUS='TRUE',RESPONSE_CODE='200',RESPONSE_METHOD='GET',RESPONSE_LENGTH_OKHTTP='-1',RESPONSE_LENGTH_HEADER='-2',REQUEST_PROTOCOL='http/1.1',REQUEST_URL='https://www.newsblur.com/reader/feeds/?update_counts=true',
08-05 22:59:22.365  5211 22771 D MY_TAG  : 0, 603
08-05 22:59:22.398  5211 22771 I baseline.com.newsblur.service.NBSyncService: got feed list: 1 feeds in  conn:603 read:3 parse:3 store:25
08-05 22:59:22.844  5211 22781 I NAPPA_EXPERIMENTATION: MetricNetworkRequestExecutionTime: REQUEST_DURATION_SYSTEM='443',REQUEST_DURATION_OKHTTP='34',REQUEST_SYNCHRONOUS='TRUE',RESPONSE_CODE='200',RESPONSE_METHOD='GET',RESPONSE_LENGTH_OKHTTP='-1',RESPONSE_LENGTH_HEADER='-2',REQUEST_PROTOCOL='http/1.1',REQUEST_URL='https://www.newsblur.com/reader/unread_story_hashes?include_timestamps=1',
08-05 22:59:22.844  5211 22781 D MY_TAG  : 0, 443
08-05 22:59:22.861  5211 22781 I baseline.com.newsblur.service.UnreadsService: starting unread count: 0
08-05 22:59:22.862 22790 22790 D AndroidRuntime: >>>>>> START com.android.internal.os.RuntimeInit uid 2000 <<<<<<
08-05 22:59:22.862  5211 22781 I baseline.com.newsblur.service.UnreadsService: new unread count:      0
08-05 22:59:22.863  5211 22781 I baseline.com.newsblur.service.UnreadsService: new unreads found:     0
08-05 22:59:22.863  5211 22781 I baseline.com.newsblur.service.UnreadsService: unreads to retire:     0
08-05 22:59:22.866 22790 22790 D AndroidRuntime: CheckJNI is OFF
08-05 22:59:22.893 22790 22790 D ICU     : No timezone override file found: /data/misc/zoneinfo/current/icu/icu_tzdata.dat
08-05 22:59:22.917 22790 22790 I Radio-JNI: register_android_hardware_Radio DONE
08-05 22:59:22.932 22790 22790 D AndroidRuntime: Calling main entry com.android.commands.am.Am
08-05 22:59:22.938  3167  3167 I Trepn   : Trepn 6.2s: Received intent: com.quicinc.trepn.start_profiling
08-05 22:59:23.021  3167  3167 W FileUtils: Failed to chmod(/storage/emulated/0/trepn/Trepn_2020.08.05_225922.db): android.system.ErrnoException: chmod failed: EPERM (Operation not permitted)
08-05 22:59:23.106  3167  3167 I Trepn   : Trepn 6.2s: Trepn has Started Profiling.
08-05 22:59:23.108 22790 22790 D AndroidRuntime: Shutting down VM
08-05 22:59:23.566  5211  5223 I art     : Starting a blocking GC Explicit
08-05 22:59:23.591  5211  5223 I art     : Explicit concurrent mark sweep GC freed 29405(1905KB) AllocSpace objects, 38(1080KB) LOS objects, 37% free, 26MB/42MB, paused 271us total 24.375ms
08-05 22:59:23.601  5211  5223 I art     : Starting a blocking GC Explicit
08-05 22:59:23.614  5211  5223 I art     : Explicit concurrent mark sweep GC freed 2432(198KB) AllocSpace objects, 0(0B) LOS objects, 38% free, 26MB/42MB, paused 182us total 12.613ms
08-05 22:59:23.620  5211  5223 I art     : Starting a blocking GC Explicit
08-05 22:59:23.632  5211  5223 I art     : Explicit concurrent mark sweep GC freed 3(96B) AllocSpace objects, 0(0B) LOS objects, 38% free, 26MB/42MB, paused 177us total 11.787ms
08-05 22:59:23.639  5211  5223 I art     : Starting a blocking GC Explicit
08-05 22:59:23.651  5211  5223 I art     : Explicit concurrent mark sweep GC freed 3(96B) AllocSpace objects, 0(0B) LOS objects, 38% free, 26MB/42MB, paused 173us total 11.455ms
08-05 22:59:23.657  5211  5223 I art     : Starting a blocking GC Explicit
08-05 22:59:23.668  5211  5223 I art     : Explicit concurrent mark sweep GC freed 3(96B) AllocSpace objects, 0(0B) LOS objects, 38% free, 26MB/42MB, paused 176us total 11.456ms
08-05 22:59:23.958  5211 22763 I art     : Starting a blocking GC Explicit
08-05 22:59:23.977  5211 22763 I art     : Explicit concurrent mark sweep GC freed 1388(80KB) AllocSpace objects, 1(20KB) LOS objects, 38% free, 26MB/42MB, paused 277us total 18.103ms
08-05 22:59:23.989  5211 22763 I art     : Starting a blocking GC Explicit
08-05 22:59:24.001  5211 22763 I art     : Explicit concurrent mark sweep GC freed 20(704B) AllocSpace objects, 0(0B) LOS objects, 38% free, 26MB/42MB, paused 195us total 12.382ms
08-05 22:59:24.008  5211 22763 I art     : Starting a blocking GC Explicit
08-05 22:59:24.020  5211 22763 I art     : Explicit concurrent mark sweep GC freed 3(96B) AllocSpace objects, 0(0B) LOS objects, 38% free, 26MB/42MB, paused 186us total 11.869ms
08-05 22:59:24.026  5211 22763 I art     : Starting a blocking GC Explicit
08-05 22:59:24.038  5211 22763 I art     : Explicit concurrent mark sweep GC freed 3(96B) AllocSpace objects, 0(0B) LOS objects, 38% free, 26MB/42MB, paused 183us total 11.275ms
08-05 22:59:24.044  5211 22763 I art     : Starting a blocking GC Explicit
08-05 22:59:24.055  5211 22763 I art     : Explicit concurrent mark sweep GC freed 3(96B) AllocSpace objects, 0(0B) LOS objects, 38% free, 26MB/42MB, paused 182us total 11.352ms
08-05 22:59:24.357  5211  5224 I art     : Starting a blocking GC Explicit
08-05 22:59:24.376  5211  5224 I art     : Explicit concurrent mark sweep GC freed 1379(80KB) AllocSpace objects, 1(20KB) LOS objects, 38% free, 26MB/42MB, paused 249us total 18.698ms
08-05 22:59:24.387  5211  5224 I art     : Starting a blocking GC Explicit
08-05 22:59:24.400  5211  5224 I art     : Explicit concurrent mark sweep GC freed 20(704B) AllocSpace objects, 0(0B) LOS objects, 38% free, 26MB/42MB, paused 207us total 12.360ms
08-05 22:59:24.407  5211  5224 I art     : Starting a blocking GC Explicit
08-05 22:59:24.419  5211  5224 I art     : Explicit concurrent mark sweep GC freed 3(96B) AllocSpace objects, 0(0B) LOS objects, 38% free, 26MB/42MB, paused 178us total 11.774ms
08-05 22:59:24.425  5211  5224 I art     : Starting a blocking GC Explicit
08-05 22:59:24.437  5211  5224 I art     : Explicit concurrent mark sweep GC freed 3(96B) AllocSpace objects, 0(0B) LOS objects, 38% free, 26MB/42MB, paused 182us total 11.747ms
08-05 22:59:24.444  5211  5224 I art     : Starting a blocking GC Explicit
08-05 22:59:24.455  5211  5224 I art     : Explicit concurrent mark sweep GC freed 3(96B) AllocSpace objects, 0(0B) LOS objects, 38% free, 26MB/42MB, paused 178us total 11.618ms
08-05 22:59:24.765  5211  5223 I art     : Starting a blocking GC Explicit
08-05 22:59:24.779  5211  5223 I art     : Explicit concurrent mark sweep GC freed 1375(80KB) AllocSpace objects, 1(20KB) LOS objects, 38% free, 26MB/42MB, paused 191us total 14.187ms
08-05 22:59:24.786  5211  5223 I art     : Starting a blocking GC Explicit
08-05 22:59:24.799  5211  5223 I art     : Explicit concurrent mark sweep GC freed 20(704B) AllocSpace objects, 0(0B) LOS objects, 38% free, 26MB/42MB, paused 173us total 12.511ms
08-05 22:59:24.805  5211  5223 I art     : Starting a blocking GC Explicit
08-05 22:59:24.817  5211  5223 I art     : Explicit concurrent mark sweep GC freed 3(96B) AllocSpace objects, 0(0B) LOS objects, 38% free, 26MB/42MB, paused 170us total 11.823ms
08-05 22:59:24.824  5211  5223 I art     : Starting a blocking GC Explicit
08-05 22:59:24.836  5211  5223 I art     : Explicit concurrent mark sweep GC freed 3(96B) AllocSpace objects, 0(0B) LOS objects, 38% free, 26MB/42MB, paused 167us total 11.788ms
08-05 22:59:24.842  5211  5223 I art     : Starting a blocking GC Explicit
08-05 22:59:24.854  5211  5223 I art     : Explicit concurrent mark sweep GC freed 3(96B) AllocSpace objects, 0(0B) LOS objects, 38% free, 26MB/42MB, paused 174us total 11.375ms
08-05 22:59:25.133  5211 22763 I art     : Starting a blocking GC Explicit
08-05 22:59:25.148  5211 22763 I art     : Explicit concurrent mark sweep GC freed 1376(80KB) AllocSpace objects, 1(20KB) LOS objects, 38% free, 26MB/42MB, paused 208us total 13.712ms
08-05 22:59:25.154  5211 22763 I art     : Starting a blocking GC Explicit
08-05 22:59:25.167  5211 22763 I art     : Explicit concurrent mark sweep GC freed 20(704B) AllocSpace objects, 0(0B) LOS objects, 38% free, 26MB/42MB, paused 223us total 12.167ms
08-05 22:59:25.173  5211 22763 I art     : Starting a blocking GC Explicit
08-05 22:59:25.185  5211 22763 I art     : Explicit concurrent mark sweep GC freed 3(96B) AllocSpace objects, 0(0B) LOS objects, 38% free, 26MB/42MB, paused 176us total 11.750ms
08-05 22:59:25.191  5211 22763 I art     : Starting a blocking GC Explicit
08-05 22:59:25.203  5211 22763 I art     : Explicit concurrent mark sweep GC freed 3(96B) AllocSpace objects, 0(0B) LOS objects, 38% free, 26MB/42MB, paused 188us total 11.831ms
08-05 22:59:25.209  5211 22763 I art     : Starting a blocking GC Explicit
08-05 22:59:25.221  5211 22763 I art     : Explicit concurrent mark sweep GC freed 3(96B) AllocSpace objects, 0(0B) LOS objects, 38% free, 26MB/42MB, paused 182us total 11.395ms
08-05 22:59:25.322 22733 22733 I ServiceManager: Waiting for service AtCmdFwd...
08-05 22:59:25.512  5211  5224 I art     : Starting a blocking GC Explicit
08-05 22:59:25.529  5211  5224 I art     : Explicit concurrent mark sweep GC freed 1374(79KB) AllocSpace objects, 1(20KB) LOS objects, 38% free, 26MB/42MB, paused 211us total 16.560ms
08-05 22:59:25.539  5211  5224 I art     : Starting a blocking GC Explicit
08-05 22:59:25.551  5211  5224 I art     : Explicit concurrent mark sweep GC freed 20(704B) AllocSpace objects, 0(0B) LOS objects, 38% free, 26MB/42MB, paused 189us total 11.983ms
08-05 22:59:25.558  5211  5224 I art     : Starting a blocking GC Explicit
08-05 22:59:25.569  5211  5224 I art     : Explicit concurrent mark sweep GC freed 3(96B) AllocSpace objects, 0(0B) LOS objects, 38% free, 26MB/42MB, paused 182us total 11.576ms
08-05 22:59:25.576  5211  5224 I art     : Starting a blocking GC Explicit
08-05 22:59:25.587  5211  5224 I art     : Explicit concurrent mark sweep GC freed 3(96B) AllocSpace objects, 0(0B) LOS objects, 38% free, 26MB/42MB, paused 177us total 11.516ms
08-05 22:59:25.593  5211  5224 I art     : Starting a blocking GC Explicit
08-05 22:59:25.605  5211  5224 I art     : Explicit concurrent mark sweep GC freed 3(96B) AllocSpace objects, 0(0B) LOS objects, 38% free, 26MB/42MB, paused 177us total 11.260ms
08-05 22:59:25.898  5211  5223 I art     : Starting a blocking GC Explicit
08-05 22:59:25.914  5211  5223 I art     : Explicit concurrent mark sweep GC freed 1375(79KB) AllocSpace objects, 1(20KB) LOS objects, 38% free, 26MB/42MB, paused 209us total 15.303ms
08-05 22:59:25.923  5211  5223 I art     : Starting a blocking GC Explicit
08-05 22:59:25.935  5211  5223 I art     : Explicit concurrent mark sweep GC freed 20(704B) AllocSpace objects, 0(0B) LOS objects, 38% free, 26MB/42MB, paused 174us total 11.782ms
08-05 22:59:25.942  5211  5223 I art     : Starting a blocking GC Explicit
08-05 22:59:25.953  5211  5223 I art     : Explicit concurrent mark sweep GC freed 3(96B) AllocSpace objects, 0(0B) LOS objects, 38% free, 26MB/42MB, paused 176us total 11.562ms
08-05 22:59:25.960  5211  5223 I art     : Starting a blocking GC Explicit
08-05 22:59:25.971  5211  5223 I art     : Explicit concurrent mark sweep GC freed 3(96B) AllocSpace objects, 0(0B) LOS objects, 38% free, 26MB/42MB, paused 170us total 11.370ms
08-05 22:59:25.977  5211  5223 I art     : Starting a blocking GC Explicit
08-05 22:59:25.988  5211  5223 I art     : Explicit concurrent mark sweep GC freed 3(96B) AllocSpace objects, 0(0B) LOS objects, 38% free, 26MB/42MB, paused 168us total 11.113ms
08-05 22:59:26.308  5211 22763 I art     : Starting a blocking GC Explicit
08-05 22:59:26.323 22733 22733 I ServiceManager: Waiting for service AtCmdFwd...
08-05 22:59:26.325  5211 22763 I art     : Explicit concurrent mark sweep GC freed 1375(79KB) AllocSpace objects, 1(20KB) LOS objects, 38% free, 26MB/42MB, paused 243us total 17.277ms
08-05 22:59:26.335  5211 22763 I art     : Starting a blocking GC Explicit
08-05 22:59:26.350  5211 22763 I art     : Explicit concurrent mark sweep GC freed 20(704B) AllocSpace objects, 0(0B) LOS objects, 38% free, 26MB/42MB, paused 199us total 14.455ms
08-05 22:59:26.357  5211 22763 I art     : Starting a blocking GC Explicit
08-05 22:59:26.369  5211 22763 I art     : Explicit concurrent mark sweep GC freed 3(96B) AllocSpace objects, 0(0B) LOS objects, 38% free, 26MB/42MB, paused 191us total 11.550ms
08-05 22:59:26.375  5211 22763 I art     : Starting a blocking GC Explicit
08-05 22:59:26.387  5211 22763 I art     : Explicit concurrent mark sweep GC freed 3(96B) AllocSpace objects, 0(0B) LOS objects, 38% free, 26MB/42MB, paused 244us total 11.626ms
08-05 22:59:26.393  5211 22763 I art     : Starting a blocking GC Explicit
08-05 22:59:26.404  5211 22763 I art     : Explicit concurrent mark sweep GC freed 3(96B) AllocSpace objects, 0(0B) LOS objects, 38% free, 26MB/42MB, paused 191us total 10.962ms
08-05 22:59:26.663   918   918 I ActivityManager: Start proc 22906:nappatfpr.com.newsblur/u0a704 for service nappatfpr.com.newsblur/.service.NBSyncService
08-05 22:59:26.664 22906 22906 I art     : Late-enabling -Xcheck:jni
08-05 22:59:26.719 22906 22906 W System  : ClassLoader referenced unknown path: /data/app/nappatfpr.com.newsblur-1/lib/arm64
08-05 22:59:26.734  5211  5224 I art     : Starting a blocking GC Explicit
08-05 22:59:26.749  5211  5224 I art     : Explicit concurrent mark sweep GC freed 3997(409KB) AllocSpace objects, 18(360KB) LOS objects, 38% free, 26MB/42MB, paused 210us total 14.645ms
08-05 22:59:26.755  5211  5224 I art     : Starting a blocking GC Explicit
08-05 22:59:26.768  5211  5224 I art     : Explicit concurrent mark sweep GC freed 230(9KB) AllocSpace objects, 0(0B) LOS objects, 38% free, 26MB/42MB, paused 187us total 12.195ms
08-05 22:59:26.773  5211  5224 I art     : Starting a blocking GC Explicit
08-05 22:59:26.785  5211  5224 I art     : Explicit concurrent mark sweep GC freed 3(96B) AllocSpace objects, 0(0B) LOS objects, 38% free, 26MB/42MB, paused 193us total 11.146ms
08-05 22:59:26.790  5211  5224 I art     : Starting a blocking GC Explicit
08-05 22:59:26.801  5211  5224 I art     : Explicit concurrent mark sweep GC freed 3(96B) AllocSpace objects, 0(0B) LOS objects, 38% free, 26MB/42MB, paused 177us total 10.354ms
08-05 22:59:26.806  5211  5224 I art     : Starting a blocking GC Explicit
08-05 22:59:26.817  5211  5224 I art     : Explicit concurrent mark sweep GC freed 3(96B) AllocSpace objects, 0(0B) LOS objects, 38% free, 26MB/42MB, paused 389us total 10.871ms
08-05 22:59:27.110  5211  5223 I art     : Starting a blocking GC Explicit
08-05 22:59:27.124  5211  5223 I art     : Explicit concurrent mark sweep GC freed 1376(79KB) AllocSpace objects, 1(20KB) LOS objects, 38% free, 26MB/42MB, paused 197us total 13.890ms
08-05 22:59:27.132  5211  5223 I art     : Starting a blocking GC Explicit
08-05 22:59:27.147  5211  5223 I art     : Explicit concurrent mark sweep GC freed 20(704B) AllocSpace objects, 0(0B) LOS objects, 38% free, 26MB/42MB, paused 229us total 15.148ms
08-05 22:59:27.157  5211  5223 I art     : Starting a blocking GC Explicit
08-05 22:59:27.169  5211  5223 I art     : Explicit concurrent mark sweep GC freed 3(96B) AllocSpace objects, 0(0B) LOS objects, 38% free, 26MB/42MB, paused 173us total 12.371ms
08-05 22:59:27.176  5211  5223 I art     : Starting a blocking GC Explicit
08-05 22:59:27.188  5211  5223 I art     : Explicit concurrent mark sweep GC freed 3(96B) AllocSpace objects, 0(0B) LOS objects, 38% free, 26MB/42MB, paused 177us total 11.761ms
08-05 22:59:27.194  5211  5223 I art     : Starting a blocking GC Explicit
08-05 22:59:27.206  5211  5223 I art     : Explicit concurrent mark sweep GC freed 3(96B) AllocSpace objects, 0(0B) LOS objects, 38% free, 26MB/42MB, paused 177us total 11.773ms
08-05 22:59:27.323 22733 22733 I ServiceManager: Waiting for service AtCmdFwd...
08-05 22:59:27.478  5211 22763 I art     : Starting a blocking GC Explicit
08-05 22:59:27.491  5211 22763 I art     : Explicit concurrent mark sweep GC freed 1375(79KB) AllocSpace objects, 1(20KB) LOS objects, 38% free, 26MB/42MB, paused 223us total 12.586ms
08-05 22:59:27.498  5211 22763 I art     : Starting a blocking GC Explicit
08-05 22:59:27.509  5211 22763 I art     : Explicit concurrent mark sweep GC freed 20(704B) AllocSpace objects, 0(0B) LOS objects, 38% free, 26MB/42MB, paused 194us total 10.815ms
08-05 22:59:27.515  5211 22763 I art     : Starting a blocking GC Explicit
08-05 22:59:27.525  5211 22763 I art     : Explicit concurrent mark sweep GC freed 3(96B) AllocSpace objects, 0(0B) LOS objects, 38% free, 26MB/42MB, paused 169us total 10.285ms
08-05 22:59:27.530  5211 22763 I art     : Starting a blocking GC Explicit
08-05 22:59:27.541  5211 22763 I art     : Explicit concurrent mark sweep GC freed 3(96B) AllocSpace objects, 0(0B) LOS objects, 38% free, 26MB/42MB, paused 176us total 9.944ms
08-05 22:59:27.546  5211 22763 I art     : Starting a blocking GC Explicit
08-05 22:59:27.556  5211 22763 I art     : Explicit concurrent mark sweep GC freed 3(96B) AllocSpace objects, 0(0B) LOS objects, 38% free, 26MB/42MB, paused 176us total 10.168ms
08-05 22:59:27.844  5211  5224 I art     : Starting a blocking GC Explicit
08-05 22:59:27.858  5211  5224 I art     : Explicit concurrent mark sweep GC freed 1375(79KB) AllocSpace objects, 1(20KB) LOS objects, 38% free, 26MB/42MB, paused 199us total 14.015ms
08-05 22:59:27.865  5211  5224 I art     : Starting a blocking GC Explicit
08-05 22:59:27.876  5211  5224 I art     : Explicit concurrent mark sweep GC freed 20(704B) AllocSpace objects, 0(0B) LOS objects, 38% free, 26MB/42MB, paused 192us total 11.393ms
08-05 22:59:27.882  5211  5224 I art     : Starting a blocking GC Explicit
08-05 22:59:27.894  5211  5224 I art     : Explicit concurrent mark sweep GC freed 3(96B) AllocSpace objects, 0(0B) LOS objects, 38% free, 26MB/42MB, paused 187us total 11.248ms
08-05 22:59:27.900  5211  5224 I art     : Starting a blocking GC Explicit
08-05 22:59:27.911  5211  5224 I art     : Explicit concurrent mark sweep GC freed 3(96B) AllocSpace objects, 0(0B) LOS objects, 38% free, 26MB/42MB, paused 189us total 10.378ms
08-05 22:59:27.916  5211  5224 I art     : Starting a blocking GC Explicit
08-05 22:59:27.926  5211  5224 I art     : Explicit concurrent mark sweep GC freed 3(96B) AllocSpace objects, 0(0B) LOS objects, 38% free, 26MB/42MB, paused 213us total 10.228ms
08-05 22:59:28.195 22962 22962 D AndroidRuntime: >>>>>> START com.android.internal.os.RuntimeInit uid 2000 <<<<<<
08-05 22:59:28.200 22962 22962 D AndroidRuntime: CheckJNI is OFF
08-05 22:59:28.215  5211  5223 I art     : Starting a blocking GC Explicit
08-05 22:59:28.227  5211  5223 I art     : Explicit concurrent mark sweep GC freed 1375(79KB) AllocSpace objects, 1(20KB) LOS objects, 38% free, 26MB/42MB, paused 213us total 12.035ms
08-05 22:59:28.229 22962 22962 D ICU     : No timezone override file found: /data/misc/zoneinfo/current/icu/icu_tzdata.dat
08-05 22:59:28.234  5211  5223 I art     : Starting a blocking GC Explicit
08-05 22:59:28.246  5211  5223 I art     : Explicit concurrent mark sweep GC freed 20(704B) AllocSpace objects, 0(0B) LOS objects, 38% free, 26MB/42MB, paused 196us total 11.734ms
08-05 22:59:28.252  5211  5223 I art     : Starting a blocking GC Explicit
08-05 22:59:28.256 22962 22962 I Radio-JNI: register_android_hardware_Radio DONE
08-05 22:59:28.263  5211  5223 I art     : Explicit concurrent mark sweep GC freed 3(96B) AllocSpace objects, 0(0B) LOS objects, 38% free, 26MB/42MB, paused 197us total 11.433ms
08-05 22:59:28.269  5211  5223 I art     : Starting a blocking GC Explicit
08-05 22:59:28.273 22962 22962 D AndroidRuntime: Calling main entry com.android.commands.input.Input
08-05 22:59:28.275 22962 22962 I Input   : injectMotionEvent: MotionEvent { action=ACTION_DOWN, actionButton=0, id[0]=0, x[0]=594.0, y[0]=330.0, toolType[0]=TOOL_TYPE_UNKNOWN, buttonState=0, metaState=0, flags=0x0, edgeFlags=0x0, pointerCount=1, historySize=0, eventTime=831584688, downTime=831584688, deviceId=0, source=0x1002 }
08-05 22:59:28.298  5211  5223 W art     : Suspending all threads took: 12.191ms
08-05 22:59:28.298  5211  5223 I art     : Explicit concurrent mark sweep GC freed 3(96B) AllocSpace objects, 0(0B) LOS objects, 38% free, 26MB/42MB, paused 12.725ms total 29.155ms
08-05 22:59:28.299 22962 22962 I Input   : injectMotionEvent: MotionEvent { action=ACTION_UP, actionButton=0, id[0]=0, x[0]=594.0, y[0]=330.0, toolType[0]=TOOL_TYPE_UNKNOWN, buttonState=0, metaState=0, flags=0x0, edgeFlags=0x0, pointerCount=1, historySize=0, eventTime=831584688, downTime=831584688, deviceId=0, source=0x1002 }
08-05 22:59:28.301 22962 22962 D AndroidRuntime: Shutting down VM
08-05 22:59:28.304  5211  5223 I art     : Starting a blocking GC Explicit
08-05 22:59:28.316  5211  5223 I art     : Explicit concurrent mark sweep GC freed 54(2480B) AllocSpace objects, 0(0B) LOS objects, 38% free, 26MB/42MB, paused 230us total 11.470ms
08-05 22:59:28.324 22733 22733 I ServiceManager: Waiting for service AtCmdFwd...
08-05 22:59:28.378   918  4400 I ActivityManager: START u0 {cmp=baseline.com.newsblur/.activity.GlobalSharedStoriesItemsList (has extras)} from uid 10698 on display 0
08-05 22:59:28.407  5211 22985 I baseline.com.newsblur.database.BlurDatabaseHelper: reading session reset
08-05 22:59:28.530  5211 22763 I art     : Starting a blocking GC Explicit
08-05 22:59:28.545  5211 22763 I art     : Explicit concurrent mark sweep GC freed 6381(515KB) AllocSpace objects, 8(284KB) LOS objects, 36% free, 27MB/43MB, paused 405us total 14.443ms
08-05 22:59:28.551  5211 22763 I art     : Starting a blocking GC Explicit
08-05 22:59:28.564  5211 22763 I art     : Explicit concurrent mark sweep GC freed 351(16KB) AllocSpace objects, 0(0B) LOS objects, 36% free, 27MB/43MB, paused 249us total 12.541ms
08-05 22:59:28.570  5211 22763 I art     : Starting a blocking GC Explicit
08-05 22:59:28.591  5211 22763 I art     : Explicit concurrent mark sweep GC freed 9(288B) AllocSpace objects, 0(0B) LOS objects, 36% free, 27MB/43MB, paused 444us total 20.439ms
08-05 22:59:28.598  5211 22763 I art     : Starting a blocking GC Explicit
08-05 22:59:28.604  5211  5211 W View    : requestLayout() improperly called by android.widget.FrameLayout{12f7e10 V.E...... ......ID 0,0-1440,0 #7f07003f app:id/footer_view_inner} during layout: running second layout pass
08-05 22:59:28.604  5211  5211 W View    : requestLayout() improperly called by android.widget.FrameLayout{a01bd09 V.E...... ......ID 0,0-1440,2091 #7f07003f app:id/footer_view_inner} during layout: running second layout pass
08-05 22:59:28.611  5211 22763 I art     : Explicit concurrent mark sweep GC freed 317(39KB) AllocSpace objects, 1(20KB) LOS objects, 36% free, 27MB/43MB, paused 219us total 13.302ms
08-05 22:59:28.618  5211 22763 I art     : Starting a blocking GC Explicit
08-05 22:59:28.623   918   936 I ActivityManager: Displayed baseline.com.newsblur/.activity.GlobalSharedStoriesItemsList: +238ms
08-05 22:59:28.623 13866 13866 I GoogleInputMethodServic: GoogleInputMethodService.onFinishInput():3138 
08-05 22:59:28.624 13866 13866 I GoogleInputMethodServic: GoogleInputMethodService.onStartInput():1808 
08-05 22:59:28.631  5211 22763 I art     : Explicit concurrent mark sweep GC freed 1392(113KB) AllocSpace objects, 4(80KB) LOS objects, 36% free, 27MB/43MB, paused 452us total 13.028ms
08-05 22:59:28.906  5211  5224 I art     : Starting a blocking GC Explicit
08-05 22:59:28.921  5211  5224 I art     : Explicit concurrent mark sweep GC freed 2181(151KB) AllocSpace objects, 3(60KB) LOS objects, 36% free, 27MB/43MB, paused 291us total 15.646ms
08-05 22:59:28.928  5211  5224 I art     : Starting a blocking GC Explicit
08-05 22:59:28.941  5211  5224 I art     : Explicit concurrent mark sweep GC freed 123(4KB) AllocSpace objects, 0(0B) LOS objects, 36% free, 27MB/43MB, paused 239us total 12.680ms
08-05 22:59:28.947  5211  5224 I art     : Starting a blocking GC Explicit
08-05 22:59:28.959  5211  5224 I art     : Explicit concurrent mark sweep GC freed 5(160B) AllocSpace objects, 0(0B) LOS objects, 36% free, 27MB/43MB, paused 243us total 12.106ms
08-05 22:59:28.965  5211  5224 I art     : Starting a blocking GC Explicit
08-05 22:59:28.977  5211  5224 I art     : Explicit concurrent mark sweep GC freed 4(128B) AllocSpace objects, 0(0B) LOS objects, 36% free, 27MB/43MB, paused 246us total 11.518ms
08-05 22:59:28.982  5211  5224 I art     : Starting a blocking GC Explicit
08-05 22:59:28.994  5211  5224 I art     : Explicit concurrent mark sweep GC freed 4(128B) AllocSpace objects, 0(0B) LOS objects, 36% free, 27MB/43MB, paused 224us total 11.399ms
08-05 22:59:29.212  5211 22997 I NAPPA_EXPERIMENTATION: MetricNetworkRequestExecutionTime: REQUEST_DURATION_SYSTEM='575',REQUEST_DURATION_OKHTTP='33',REQUEST_SYNCHRONOUS='TRUE',RESPONSE_CODE='200',RESPONSE_METHOD='GET',RESPONSE_LENGTH_OKHTTP='-1',RESPONSE_LENGTH_HEADER='13047',REQUEST_PROTOCOL='http/1.1',REQUEST_URL='https://www.newsblur.com/social/river_stories?order=newest&page=1&read_filter=all&global_feed=true',
08-05 22:59:29.212  5211 22997 D MY_TAG  : 0, 575
08-05 22:59:29.249  5211  5224 I art     : Starting a blocking GC Explicit
08-05 22:59:29.265  5211  5224 I art     : Explicit concurrent mark sweep GC freed 12325(651KB) AllocSpace objects, 9(452KB) LOS objects, 36% free, 27MB/43MB, paused 363us total 15.556ms
08-05 22:59:29.271  5211  5224 I art     : Starting a blocking GC Explicit
08-05 22:59:29.292  5211  5224 I art     : Explicit concurrent mark sweep GC freed 5482(380KB) AllocSpace objects, 1(20KB) LOS objects, 36% free, 27MB/43MB, paused 387us total 20.808ms
08-05 22:59:29.299  5211  5224 I art     : Starting a blocking GC Explicit
08-05 22:59:29.313  5211  5224 I art     : Explicit concurrent mark sweep GC freed 4519(453KB) AllocSpace objects, 9(176KB) LOS objects, 36% free, 27MB/43MB, paused 611us total 13.784ms
08-05 22:59:29.319  5211  5224 I art     : Starting a blocking GC Explicit
08-05 22:59:29.324 22733 22733 I ServiceManager: Waiting for service AtCmdFwd...
08-05 22:59:29.334  5211  5224 I art     : Explicit concurrent mark sweep GC freed 12117(678KB) AllocSpace objects, 4(80KB) LOS objects, 36% free, 27MB/43MB, paused 407us total 14.503ms
08-05 22:59:29.340  5211  5224 I art     : Starting a blocking GC Explicit
08-05 22:59:29.353  5211  5224 I art     : Explicit concurrent mark sweep GC freed 1522(112KB) AllocSpace objects, 3(148KB) LOS objects, 36% free, 27MB/43MB, paused 534us total 12.920ms
08-05 22:59:29.499  5211 23038 I NAPPA_EXPERIMENTATION: MetricNetworkRequestExecutionTime: REQUEST_DURATION_SYSTEM='34',REQUEST_DURATION_OKHTTP='31',REQUEST_SYNCHRONOUS='TRUE',RESPONSE_CODE='200',RESPONSE_METHOD='GET',RESPONSE_LENGTH_OKHTTP='43',RESPONSE_LENGTH_HEADER='43',REQUEST_PROTOCOL='http/1.1',REQUEST_URL='http://feeds.feedburner.com/~r/retort/~4/UffaFMiJbNs',
08-05 22:59:29.582  5211  5223 I art     : Starting a blocking GC Explicit
08-05 22:59:29.601  5211  5223 I art     : Explicit concurrent mark sweep GC freed 6560(647KB) AllocSpace objects, 23(460KB) LOS objects, 36% free, 28MB/44MB, paused 487us total 18.793ms
08-05 22:59:29.609  5211  5223 I art     : Starting a blocking GC Explicit
08-05 22:59:29.625  5211  5223 I art     : Explicit concurrent mark sweep GC freed 5226(274KB) AllocSpace objects, 2(120KB) LOS objects, 36% free, 28MB/44MB, paused 1.024ms total 16.388ms
08-05 22:59:29.631  5211  5223 I art     : Starting a blocking GC Explicit
08-05 22:59:29.646  5211  5223 I art     : Explicit concurrent mark sweep GC freed 3774(232KB) AllocSpace objects, 1(80KB) LOS objects, 36% free, 28MB/44MB, paused 602us total 14.917ms
08-05 22:59:29.652  5211  5223 I art     : Starting a blocking GC Explicit
08-05 22:59:29.666  5211  5223 I art     : Explicit concurrent mark sweep GC freed 73(9KB) AllocSpace objects, 0(0B) LOS objects, 36% free, 28MB/44MB, paused 420us total 13.315ms
08-05 22:59:29.672  5211  5223 I art     : Starting a blocking GC Explicit
08-05 22:59:29.686  5211  5223 I art     : Explicit concurrent mark sweep GC freed 3(96B) AllocSpace objects, 0(0B) LOS objects, 36% free, 28MB/44MB, paused 448us total 13.195ms
08-05 22:59:29.794  5211 23040 I NAPPA_EXPERIMENTATION: MetricNetworkRequestExecutionTime: REQUEST_DURATION_SYSTEM='320',REQUEST_DURATION_OKHTTP='154',REQUEST_SYNCHRONOUS='TRUE',RESPONSE_CODE='200',RESPONSE_METHOD='GET',RESPONSE_LENGTH_OKHTTP='79351',RESPONSE_LENGTH_HEADER='79351',REQUEST_PROTOCOL='h2',REQUEST_URL='https://images.fastcompany.net/image/upload/w_1280,q_auto,f_auto,fl_lossy/wp-cms/uploads/2020/07/p-1-90532920-this-chart-shows-how-effective-masks-can-be.png',
08-05 22:59:29.952  5211  5223 I art     : Starting a blocking GC Explicit
08-05 22:59:29.965  5211 23041 I NAPPA_EXPERIMENTATION: MetricNetworkRequestExecutionTime: REQUEST_DURATION_SYSTEM='511',REQUEST_DURATION_OKHTTP='87',REQUEST_SYNCHRONOUS='TRUE',RESPONSE_CODE='200',RESPONSE_METHOD='GET',RESPONSE_LENGTH_OKHTTP='477',RESPONSE_LENGTH_HEADER='477',REQUEST_PROTOCOL='http/1.1',REQUEST_URL='https://s3.amazonaws.com/icons.newsblur.com/5762506.png',
08-05 22:59:29.965  5211 23039 I NAPPA_EXPERIMENTATION: MetricNetworkRequestExecutionTime: REQUEST_DURATION_SYSTEM='520',REQUEST_DURATION_OKHTTP='82',REQUEST_SYNCHRONOUS='TRUE',RESPONSE_CODE='200',RESPONSE_METHOD='GET',RESPONSE_LENGTH_OKHTTP='243',RESPONSE_LENGTH_HEADER='243',REQUEST_PROTOCOL='http/1.1',REQUEST_URL='https://s3.amazonaws.com/icons.newsblur.com/18178.png',
08-05 22:59:29.965  5211 23037 I NAPPA_EXPERIMENTATION: MetricNetworkRequestExecutionTime: REQUEST_DURATION_SYSTEM='528',REQUEST_DURATION_OKHTTP='84',REQUEST_SYNCHRONOUS='TRUE',RESPONSE_CODE='200',RESPONSE_METHOD='GET',RESPONSE_LENGTH_OKHTTP='145',RESPONSE_LENGTH_HEADER='145',REQUEST_PROTOCOL='http/1.1',REQUEST_URL='https://s3.amazonaws.com/icons.newsblur.com/6882243.png',
08-05 22:59:29.974  5211  5223 I art     : Explicit concurrent mark sweep GC freed 14184(696KB) AllocSpace objects, 8(3MB) LOS objects, 34% free, 30MB/46MB, paused 523us total 21.377ms
08-05 22:59:29.982  5211  5223 I art     : Starting a blocking GC Explicit
08-05 22:59:29.996  5211  5223 I art     : Explicit concurrent mark sweep GC freed 474(40KB) AllocSpace objects, 0(0B) LOS objects, 34% free, 30MB/46MB, paused 311us total 13.813ms
08-05 22:59:30.003  5211  5223 I art     : Starting a blocking GC Explicit
08-05 22:59:30.017  5211  5223 I art     : Explicit concurrent mark sweep GC freed 328(16KB) AllocSpace objects, 4(80KB) LOS objects, 34% free, 30MB/46MB, paused 363us total 13.804ms
08-05 22:59:30.023  5211  5223 I art     : Starting a blocking GC Explicit
08-05 22:59:30.037  5211  5223 I art     : Explicit concurrent mark sweep GC freed 68(2832B) AllocSpace objects, 2(40KB) LOS objects, 34% free, 30MB/46MB, paused 301us total 13.238ms
08-05 22:59:30.043  5211  5223 I art     : Starting a blocking GC Explicit
08-05 22:59:30.057  5211  5223 I art     : Explicit concurrent mark sweep GC freed 12(384B) AllocSpace objects, 0(0B) LOS objects, 34% free, 30MB/46MB, paused 414us total 13.619ms
08-05 22:59:30.325 22733 22733 W Atfwd_Sendcmd: AtCmdFwd service not published, waiting... retryCnt : 4
08-05 22:59:30.358  5211 22763 I art     : Starting a blocking GC Explicit
08-05 22:59:30.377  5211 22763 I art     : Explicit concurrent mark sweep GC freed 1387(82KB) AllocSpace objects, 1(20KB) LOS objects, 34% free, 30MB/46MB, paused 452us total 18.765ms
08-05 22:59:30.388  5211 22763 I art     : Starting a blocking GC Explicit
08-05 22:59:30.403  5211 22763 I art     : Explicit concurrent mark sweep GC freed 20(704B) AllocSpace objects, 0(0B) LOS objects, 34% free, 30MB/46MB, paused 341us total 14.676ms
08-05 22:59:30.409  5211 22763 I art     : Starting a blocking GC Explicit
08-05 22:59:30.424  5211 22763 I art     : Explicit concurrent mark sweep GC freed 3(96B) AllocSpace objects, 0(0B) LOS objects, 34% free, 30MB/46MB, paused 330us total 14.902ms
08-05 22:59:30.430  5211 22763 I art     : Starting a blocking GC Explicit
08-05 22:59:30.445  5211 22763 I art     : Explicit concurrent mark sweep GC freed 3(96B) AllocSpace objects, 0(0B) LOS objects, 34% free, 30MB/46MB, paused 324us total 14.618ms
08-05 22:59:30.451  5211 22763 I art     : Starting a blocking GC Explicit
08-05 22:59:30.466  5211 22763 I art     : Explicit concurrent mark sweep GC freed 3(96B) AllocSpace objects, 0(0B) LOS objects, 34% free, 30MB/46MB, paused 348us total 14.537ms
08-05 22:59:30.788  5211  5224 I art     : Starting a blocking GC Explicit
08-05 22:59:30.808  5211  5224 I art     : Explicit concurrent mark sweep GC freed 1387(80KB) AllocSpace objects, 1(20KB) LOS objects, 34% free, 30MB/46MB, paused 392us total 19.017ms
08-05 22:59:30.819  5211  5224 I art     : Starting a blocking GC Explicit
08-05 22:59:30.833  5211  5224 I art     : Explicit concurrent mark sweep GC freed 20(704B) AllocSpace objects, 0(0B) LOS objects, 34% free, 30MB/46MB, paused 315us total 13.507ms
08-05 22:59:30.839  5211  5224 I art     : Starting a blocking GC Explicit
08-05 22:59:30.854  5211  5224 I art     : Explicit concurrent mark sweep GC freed 3(96B) AllocSpace objects, 0(0B) LOS objects, 34% free, 30MB/46MB, paused 327us total 14.663ms
08-05 22:59:30.860  5211  5224 I art     : Starting a blocking GC Explicit
08-05 22:59:30.875  5211  5224 I art     : Explicit concurrent mark sweep GC freed 3(96B) AllocSpace objects, 0(0B) LOS objects, 34% free, 30MB/46MB, paused 334us total 14.688ms
08-05 22:59:30.881  5211  5224 I art     : Starting a blocking GC Explicit
08-05 22:59:30.896  5211  5224 I art     : Explicit concurrent mark sweep GC freed 3(96B) AllocSpace objects, 0(0B) LOS objects, 34% free, 30MB/46MB, paused 335us total 14.524ms
08-05 22:59:31.222  5211  5223 I art     : Starting a blocking GC Explicit
08-05 22:59:31.242  5211  5223 I art     : Explicit concurrent mark sweep GC freed 1386(80KB) AllocSpace objects, 1(20KB) LOS objects, 34% free, 30MB/46MB, paused 344us total 19.039ms
08-05 22:59:31.251  5211  5223 I art     : Starting a blocking GC Explicit
08-05 22:59:31.266  5211  5223 I art     : Explicit concurrent mark sweep GC freed 20(704B) AllocSpace objects, 0(0B) LOS objects, 34% free, 30MB/46MB, paused 336us total 14.894ms
08-05 22:59:31.272  5211  5223 I art     : Starting a blocking GC Explicit
08-05 22:59:31.287  5211  5223 I art     : Explicit concurrent mark sweep GC freed 3(96B) AllocSpace objects, 0(0B) LOS objects, 34% free, 30MB/46MB, paused 347us total 14.575ms
08-05 22:59:31.293  5211  5223 I art     : Starting a blocking GC Explicit
08-05 22:59:31.308  5211  5223 I art     : Explicit concurrent mark sweep GC freed 3(96B) AllocSpace objects, 0(0B) LOS objects, 34% free, 30MB/46MB, paused 321us total 14.855ms
08-05 22:59:31.315  5211  5223 I art     : Starting a blocking GC Explicit
08-05 22:59:31.330  5211  5223 I art     : Explicit concurrent mark sweep GC freed 3(96B) AllocSpace objects, 0(0B) LOS objects, 34% free, 30MB/46MB, paused 323us total 14.805ms
08-05 22:59:31.634  5211 22763 I art     : Starting a blocking GC Explicit
08-05 22:59:31.653  5211 22763 I art     : Explicit concurrent mark sweep GC freed 1386(80KB) AllocSpace objects, 1(20KB) LOS objects, 34% free, 30MB/46MB, paused 362us total 18.626ms
08-05 22:59:31.661  5211 22763 I art     : Starting a blocking GC Explicit
08-05 22:59:31.677  5211 22763 I art     : Explicit concurrent mark sweep GC freed 20(704B) AllocSpace objects, 0(0B) LOS objects, 34% free, 30MB/46MB, paused 351us total 15.359ms
08-05 22:59:31.683  5211 22763 I art     : Starting a blocking GC Explicit
08-05 22:59:31.698  5211 22763 I art     : Explicit concurrent mark sweep GC freed 3(96B) AllocSpace objects, 0(0B) LOS objects, 34% free, 30MB/46MB, paused 320us total 14.334ms
08-05 22:59:31.704  5211 22763 I art     : Starting a blocking GC Explicit
08-05 22:59:31.718  5211 22763 I art     : Explicit concurrent mark sweep GC freed 3(96B) AllocSpace objects, 0(0B) LOS objects, 34% free, 30MB/46MB, paused 306us total 13.754ms
08-05 22:59:31.724  5211 22763 I art     : Starting a blocking GC Explicit
08-05 22:59:31.738  5211 22763 I art     : Explicit concurrent mark sweep GC freed 3(96B) AllocSpace objects, 0(0B) LOS objects, 34% free, 30MB/46MB, paused 329us total 13.651ms
08-05 22:59:31.987  5211  5224 I art     : Starting a blocking GC Explicit
08-05 22:59:32.004  5211  5224 I art     : Explicit concurrent mark sweep GC freed 1387(80KB) AllocSpace objects, 1(20KB) LOS objects, 34% free, 30MB/46MB, paused 347us total 16.393ms
08-05 22:59:32.011  5211  5224 I art     : Starting a blocking GC Explicit
08-05 22:59:32.027  5211  5224 I art     : Explicit concurrent mark sweep GC freed 20(704B) AllocSpace objects, 0(0B) LOS objects, 34% free, 30MB/46MB, paused 389us total 16.067ms
08-05 22:59:32.034  5211  5224 I art     : Starting a blocking GC Explicit
08-05 22:59:32.051  5211  5224 I art     : Explicit concurrent mark sweep GC freed 3(96B) AllocSpace objects, 0(0B) LOS objects, 34% free, 30MB/46MB, paused 347us total 16.005ms
08-05 22:59:32.058  5211  5224 I art     : Starting a blocking GC Explicit
08-05 22:59:32.073  5211  5224 I art     : Explicit concurrent mark sweep GC freed 3(96B) AllocSpace objects, 0(0B) LOS objects, 34% free, 30MB/46MB, paused 323us total 14.900ms
08-05 22:59:32.079  5211  5224 I art     : Starting a blocking GC Explicit
08-05 22:59:32.094  5211  5224 I art     : Explicit concurrent mark sweep GC freed 3(96B) AllocSpace objects, 0(0B) LOS objects, 34% free, 30MB/46MB, paused 333us total 15.100ms
08-05 22:59:32.382  5211  5224 I art     : Starting a blocking GC Explicit
08-05 22:59:32.398  5211  5224 I art     : Explicit concurrent mark sweep GC freed 1386(80KB) AllocSpace objects, 1(20KB) LOS objects, 34% free, 30MB/46MB, paused 346us total 15.921ms
08-05 22:59:32.405  5211  5224 I art     : Starting a blocking GC Explicit
08-05 22:59:32.419  5211  5224 I art     : Explicit concurrent mark sweep GC freed 360(12KB) AllocSpace objects, 0(0B) LOS objects, 34% free, 30MB/46MB, paused 332us total 13.772ms
08-05 22:59:32.425  5211  5224 I art     : Starting a blocking GC Explicit
08-05 22:59:32.439  5211  5224 I art     : Explicit concurrent mark sweep GC freed 3(96B) AllocSpace objects, 0(0B) LOS objects, 34% free, 30MB/46MB, paused 331us total 14.202ms
08-05 22:59:32.446  5211  5224 I art     : Starting a blocking GC Explicit
08-05 22:59:32.461  5211  5224 I art     : Explicit concurrent mark sweep GC freed 3(96B) AllocSpace objects, 0(0B) LOS objects, 34% free, 30MB/46MB, paused 338us total 15.014ms
08-05 22:59:32.467  5211  5224 I art     : Starting a blocking GC Explicit
08-05 22:59:32.482  5211  5224 I art     : Explicit concurrent mark sweep GC freed 3(96B) AllocSpace objects, 0(0B) LOS objects, 34% free, 30MB/46MB, paused 345us total 14.839ms
08-05 22:59:32.793  5211  5223 I art     : Starting a blocking GC Explicit
08-05 22:59:32.814  5211  5223 I art     : Explicit concurrent mark sweep GC freed 1386(80KB) AllocSpace objects, 1(20KB) LOS objects, 34% free, 30MB/46MB, paused 443us total 20.183ms
08-05 22:59:32.821  5211  5223 I art     : Starting a blocking GC Explicit
08-05 22:59:32.836  5211  5223 I art     : Explicit concurrent mark sweep GC freed 20(704B) AllocSpace objects, 0(0B) LOS objects, 34% free, 30MB/46MB, paused 334us total 15.590ms
08-05 22:59:32.843  5211  5223 I art     : Starting a blocking GC Explicit
08-05 22:59:32.858  5211  5223 I art     : Explicit concurrent mark sweep GC freed 3(96B) AllocSpace objects, 0(0B) LOS objects, 34% free, 30MB/46MB, paused 320us total 14.493ms
08-05 22:59:32.864  5211  5223 I art     : Starting a blocking GC Explicit
08-05 22:59:32.879  5211  5223 I art     : Explicit concurrent mark sweep GC freed 3(96B) AllocSpace objects, 0(0B) LOS objects, 34% free, 30MB/46MB, paused 297us total 14.592ms
08-05 22:59:32.885  5211  5223 I art     : Starting a blocking GC Explicit
08-05 22:59:32.900  5211  5223 I art     : Explicit concurrent mark sweep GC freed 3(96B) AllocSpace objects, 0(0B) LOS objects, 34% free, 30MB/46MB, paused 321us total 14.959ms
08-05 22:59:33.227  5211 22763 I art     : Starting a blocking GC Explicit
08-05 22:59:33.246  5211 22763 I art     : Explicit concurrent mark sweep GC freed 1386(80KB) AllocSpace objects, 1(20KB) LOS objects, 34% free, 30MB/46MB, paused 368us total 18.704ms
08-05 22:59:33.252  5211 22763 I art     : Starting a blocking GC Explicit
08-05 22:59:33.268  5211 22763 I art     : Explicit concurrent mark sweep GC freed 20(704B) AllocSpace objects, 0(0B) LOS objects, 34% free, 30MB/46MB, paused 329us total 15.471ms
08-05 22:59:33.275  5211 22763 I art     : Starting a blocking GC Explicit
08-05 22:59:33.290  5211 22763 I art     : Explicit concurrent mark sweep GC freed 3(96B) AllocSpace objects, 0(0B) LOS objects, 34% free, 30MB/46MB, paused 337us total 15.018ms
08-05 22:59:33.297  5211 22763 I art     : Starting a blocking GC Explicit
08-05 22:59:33.312  5211 22763 I art     : Explicit concurrent mark sweep GC freed 3(96B) AllocSpace objects, 0(0B) LOS objects, 34% free, 30MB/46MB, paused 324us total 14.814ms
08-05 22:59:33.318  5211 22763 I art     : Starting a blocking GC Explicit
08-05 22:59:33.333  5211 22763 I art     : Explicit concurrent mark sweep GC freed 3(96B) AllocSpace objects, 0(0B) LOS objects, 34% free, 30MB/46MB, paused 341us total 14.935ms
08-05 22:59:33.613  5211  5224 I art     : Starting a blocking GC Explicit
08-05 22:59:33.630  5211  5224 I art     : Explicit concurrent mark sweep GC freed 1386(80KB) AllocSpace objects, 1(20KB) LOS objects, 34% free, 30MB/46MB, paused 348us total 16.481ms
08-05 22:59:33.637  5211  5224 I art     : Starting a blocking GC Explicit
08-05 22:59:33.653  5211  5224 I art     : Explicit concurrent mark sweep GC freed 20(704B) AllocSpace objects, 0(0B) LOS objects, 34% free, 30MB/46MB, paused 345us total 15.441ms
08-05 22:59:33.660  5211  5224 I art     : Starting a blocking GC Explicit
08-05 22:59:33.676  5211  5224 I art     : Explicit concurrent mark sweep GC freed 3(96B) AllocSpace objects, 0(0B) LOS objects, 34% free, 30MB/46MB, paused 330us total 15.640ms
08-05 22:59:33.683  5211  5224 I art     : Starting a blocking GC Explicit
08-05 22:59:33.698  5211  5224 I art     : Explicit concurrent mark sweep GC freed 3(96B) AllocSpace objects, 0(0B) LOS objects, 34% free, 30MB/46MB, paused 372us total 15.454ms
08-05 22:59:33.705  5211  5224 I art     : Starting a blocking GC Explicit
08-05 22:59:33.721  5211  5224 I art     : Explicit concurrent mark sweep GC freed 3(96B) AllocSpace objects, 0(0B) LOS objects, 34% free, 30MB/46MB, paused 331us total 15.222ms
08-05 22:59:34.042  5211  5223 I art     : Starting a blocking GC Explicit
08-05 22:59:34.061  5211  5223 I art     : Explicit concurrent mark sweep GC freed 1386(80KB) AllocSpace objects, 1(20KB) LOS objects, 34% free, 30MB/46MB, paused 375us total 18.781ms
08-05 22:59:34.068  5211  5223 I art     : Starting a blocking GC Explicit
08-05 22:59:34.082  5211  5223 I art     : Explicit concurrent mark sweep GC freed 20(704B) AllocSpace objects, 0(0B) LOS objects, 34% free, 30MB/46MB, paused 313us total 14.011ms
08-05 22:59:34.088  5211  5223 I art     : Starting a blocking GC Explicit
08-05 22:59:34.101  5211  5223 I art     : Explicit concurrent mark sweep GC freed 3(96B) AllocSpace objects, 0(0B) LOS objects, 34% free, 30MB/46MB, paused 317us total 13.370ms
08-05 22:59:34.107  5211  5223 I art     : Starting a blocking GC Explicit
08-05 22:59:34.122  5211  5223 I art     : Explicit concurrent mark sweep GC freed 3(96B) AllocSpace objects, 0(0B) LOS objects, 34% free, 30MB/46MB, paused 332us total 14.237ms
08-05 22:59:34.128  5211  5223 I art     : Starting a blocking GC Explicit
08-05 22:59:34.137   918  1210 D NetlinkSocketObserver: NeighborEvent{elapsedMs=1814978012, 192.168.2.254, [7C3953A63323], RTM_NEWNEIGH, NUD_PROBE}
08-05 22:59:34.143  5211  5223 I art     : Explicit concurrent mark sweep GC freed 3(96B) AllocSpace objects, 0(0B) LOS objects, 34% free, 30MB/46MB, paused 371us total 14.708ms
08-05 22:59:34.439  5211 22763 I art     : Starting a blocking GC Explicit
08-05 22:59:34.456  5211 22763 I art     : Explicit concurrent mark sweep GC freed 1386(80KB) AllocSpace objects, 1(20KB) LOS objects, 34% free, 30MB/46MB, paused 370us total 17.594ms
08-05 22:59:34.465  5211 22763 I art     : Starting a blocking GC Explicit
08-05 22:59:34.481  5211 22763 I art     : Explicit concurrent mark sweep GC freed 20(704B) AllocSpace objects, 0(0B) LOS objects, 34% free, 30MB/46MB, paused 331us total 15.374ms
08-05 22:59:34.488  5211 22763 I art     : Starting a blocking GC Explicit
08-05 22:59:34.503  5211 22763 I art     : Explicit concurrent mark sweep GC freed 3(96B) AllocSpace objects, 0(0B) LOS objects, 34% free, 30MB/46MB, paused 375us total 15.610ms
08-05 22:59:34.510  5211 22763 I art     : Starting a blocking GC Explicit
08-05 22:59:34.525  5211 22763 I art     : Explicit concurrent mark sweep GC freed 3(96B) AllocSpace objects, 0(0B) LOS objects, 34% free, 30MB/46MB, paused 345us total 14.992ms
08-05 22:59:34.531  5211 22763 I art     : Starting a blocking GC Explicit
08-05 22:59:34.547  5211 22763 I art     : Explicit concurrent mark sweep GC freed 3(96B) AllocSpace objects, 0(0B) LOS objects, 34% free, 30MB/46MB, paused 377us total 15.166ms
08-05 22:59:34.870  5211  5224 I art     : Starting a blocking GC Explicit
08-05 22:59:34.889  5211  5224 I art     : Explicit concurrent mark sweep GC freed 1386(80KB) AllocSpace objects, 1(20KB) LOS objects, 34% free, 30MB/46MB, paused 370us total 18.326ms
08-05 22:59:34.900  5211  5224 I art     : Starting a blocking GC Explicit
08-05 22:59:34.915  5211  5224 I art     : Explicit concurrent mark sweep GC freed 20(704B) AllocSpace objects, 0(0B) LOS objects, 34% free, 30MB/46MB, paused 368us total 14.463ms
08-05 22:59:34.922  5211  5224 I art     : Starting a blocking GC Explicit
08-05 22:59:34.936  5211  5224 I art     : Explicit concurrent mark sweep GC freed 3(96B) AllocSpace objects, 0(0B) LOS objects, 34% free, 30MB/46MB, paused 365us total 14.446ms
08-05 22:59:34.942  5211  5224 I art     : Starting a blocking GC Explicit
08-05 22:59:34.957  5211  5224 I art     : Explicit concurrent mark sweep GC freed 3(96B) AllocSpace objects, 0(0B) LOS objects, 34% free, 30MB/46MB, paused 397us total 14.327ms
08-05 22:59:34.963  5211  5224 I art     : Starting a blocking GC Explicit
08-05 22:59:34.978  5211  5224 I art     : Explicit concurrent mark sweep GC freed 3(96B) AllocSpace objects, 0(0B) LOS objects, 34% free, 30MB/46MB, paused 319us total 14.466ms
08-05 22:59:35.265  5211  5223 I art     : Starting a blocking GC Explicit
08-05 22:59:35.283  5211  5223 I art     : Explicit concurrent mark sweep GC freed 1386(80KB) AllocSpace objects, 1(20KB) LOS objects, 34% free, 30MB/46MB, paused 345us total 17.243ms
08-05 22:59:35.292  5211  5223 I art     : Starting a blocking GC Explicit
08-05 22:59:35.307  5211  5223 I art     : Explicit concurrent mark sweep GC freed 20(704B) AllocSpace objects, 0(0B) LOS objects, 34% free, 30MB/46MB, paused 370us total 14.581ms
08-05 22:59:35.312  5211  5223 I art     : Starting a blocking GC Explicit
08-05 22:59:35.327  5211  5223 I art     : Explicit concurrent mark sweep GC freed 3(96B) AllocSpace objects, 0(0B) LOS objects, 34% free, 30MB/46MB, paused 406us total 14.316ms
08-05 22:59:35.333  5211  5223 I art     : Starting a blocking GC Explicit
08-05 22:59:35.349  5211  5223 I art     : Explicit concurrent mark sweep GC freed 3(96B) AllocSpace objects, 0(0B) LOS objects, 34% free, 30MB/46MB, paused 324us total 15.487ms
08-05 22:59:35.355  5211  5223 I art     : Starting a blocking GC Explicit
08-05 22:59:35.370  5211  5223 I art     : Explicit concurrent mark sweep GC freed 3(96B) AllocSpace objects, 0(0B) LOS objects, 34% free, 30MB/46MB, paused 325us total 14.577ms
08-05 22:59:35.670  5211 22763 I art     : Starting a blocking GC Explicit
08-05 22:59:35.688  5211 22763 I art     : Explicit concurrent mark sweep GC freed 1386(80KB) AllocSpace objects, 1(20KB) LOS objects, 34% free, 30MB/46MB, paused 375us total 18.351ms
08-05 22:59:35.699  5211 22763 I art     : Starting a blocking GC Explicit
08-05 22:59:35.714  5211 22763 I art     : Explicit concurrent mark sweep GC freed 20(704B) AllocSpace objects, 0(0B) LOS objects, 34% free, 30MB/46MB, paused 321us total 14.514ms
08-05 22:59:35.720  5211 22763 I art     : Starting a blocking GC Explicit
08-05 22:59:35.735  5211 22763 I art     : Explicit concurrent mark sweep GC freed 3(96B) AllocSpace objects, 0(0B) LOS objects, 34% free, 30MB/46MB, paused 344us total 14.314ms
08-05 22:59:35.741  5211 22763 I art     : Starting a blocking GC Explicit
08-05 22:59:35.756  5211 22763 I art     : Explicit concurrent mark sweep GC freed 3(96B) AllocSpace objects, 0(0B) LOS objects, 34% free, 30MB/46MB, paused 346us total 14.585ms
08-05 22:59:35.762  5211 22763 I art     : Starting a blocking GC Explicit
08-05 22:59:35.777  5211 22763 I art     : Explicit concurrent mark sweep GC freed 3(96B) AllocSpace objects, 0(0B) LOS objects, 34% free, 30MB/46MB, paused 386us total 14.432ms
08-05 22:59:36.058  5211  5224 I art     : Starting a blocking GC Explicit
08-05 22:59:36.077  5211  5224 I art     : Explicit concurrent mark sweep GC freed 1386(80KB) AllocSpace objects, 1(20KB) LOS objects, 34% free, 30MB/46MB, paused 360us total 17.948ms
08-05 22:59:36.083  5211  5224 I art     : Starting a blocking GC Explicit
08-05 22:59:36.099  5211  5224 I art     : Explicit concurrent mark sweep GC freed 20(704B) AllocSpace objects, 0(0B) LOS objects, 34% free, 30MB/46MB, paused 333us total 15.004ms
08-05 22:59:36.106  5211  5224 I art     : Starting a blocking GC Explicit
08-05 22:59:36.120  5211  5224 I art     : Explicit concurrent mark sweep GC freed 3(96B) AllocSpace objects, 0(0B) LOS objects, 34% free, 30MB/46MB, paused 333us total 14.388ms
08-05 22:59:36.127  5211  5224 I art     : Starting a blocking GC Explicit
08-05 22:59:36.141  5211  5224 I art     : Explicit concurrent mark sweep GC freed 3(96B) AllocSpace objects, 0(0B) LOS objects, 34% free, 30MB/46MB, paused 337us total 14.533ms
08-05 22:59:36.148  5211  5224 I art     : Starting a blocking GC Explicit
08-05 22:59:36.163  5211  5224 I art     : Explicit concurrent mark sweep GC freed 3(96B) AllocSpace objects, 0(0B) LOS objects, 34% free, 30MB/46MB, paused 335us total 14.870ms
08-05 22:59:36.460  5211  5223 I art     : Starting a blocking GC Explicit
08-05 22:59:36.478  5211  5223 I art     : Explicit concurrent mark sweep GC freed 1386(80KB) AllocSpace objects, 1(20KB) LOS objects, 34% free, 30MB/46MB, paused 482us total 17.754ms
08-05 22:59:36.486  5211  5223 I art     : Starting a blocking GC Explicit
08-05 22:59:36.501  5211  5223 I art     : Explicit concurrent mark sweep GC freed 20(704B) AllocSpace objects, 0(0B) LOS objects, 34% free, 30MB/46MB, paused 353us total 15.197ms
08-05 22:59:36.508  5211  5223 I art     : Starting a blocking GC Explicit
08-05 22:59:36.524  5211  5223 I art     : Explicit concurrent mark sweep GC freed 3(96B) AllocSpace objects, 0(0B) LOS objects, 34% free, 30MB/46MB, paused 384us total 15.702ms
08-05 22:59:36.530  5211  5223 I art     : Starting a blocking GC Explicit
08-05 22:59:36.546  5211  5223 I art     : Explicit concurrent mark sweep GC freed 3(96B) AllocSpace objects, 0(0B) LOS objects, 34% free, 30MB/46MB, paused 373us total 15.071ms
08-05 22:59:36.552  5211  5223 I art     : Starting a blocking GC Explicit
08-05 22:59:36.567  5211  5223 I art     : Explicit concurrent mark sweep GC freed 3(96B) AllocSpace objects, 0(0B) LOS objects, 34% free, 30MB/46MB, paused 343us total 14.930ms
08-05 22:59:36.884  5211 22763 I art     : Starting a blocking GC Explicit
08-05 22:59:36.903  5211 22763 I art     : Explicit concurrent mark sweep GC freed 1386(80KB) AllocSpace objects, 1(20KB) LOS objects, 34% free, 30MB/46MB, paused 362us total 18.328ms
08-05 22:59:36.910  5211 22763 I art     : Starting a blocking GC Explicit
08-05 22:59:36.925  5211 22763 I art     : Explicit concurrent mark sweep GC freed 20(704B) AllocSpace objects, 0(0B) LOS objects, 34% free, 30MB/46MB, paused 337us total 15.559ms
08-05 22:59:36.932  5211 22763 I art     : Starting a blocking GC Explicit
08-05 22:59:36.948  5211 22763 I art     : Explicit concurrent mark sweep GC freed 3(96B) AllocSpace objects, 0(0B) LOS objects, 34% free, 30MB/46MB, paused 340us total 15.317ms
08-05 22:59:36.954  5211 22763 I art     : Starting a blocking GC Explicit
08-05 22:59:36.970  5211 22763 I art     : Explicit concurrent mark sweep GC freed 3(96B) AllocSpace objects, 0(0B) LOS objects, 34% free, 30MB/46MB, paused 340us total 15.709ms
08-05 22:59:36.977  5211 22763 I art     : Starting a blocking GC Explicit
08-05 22:59:36.991  5211 22763 I art     : Explicit concurrent mark sweep GC freed 3(96B) AllocSpace objects, 0(0B) LOS objects, 34% free, 30MB/46MB, paused 350us total 14.533ms
08-05 22:59:37.298  5211  5224 I art     : Starting a blocking GC Explicit
08-05 22:59:37.317  5211  5224 I art     : Explicit concurrent mark sweep GC freed 1386(80KB) AllocSpace objects, 1(20KB) LOS objects, 34% free, 30MB/46MB, paused 415us total 18.554ms
08-05 22:59:37.326  5211  5224 I art     : Starting a blocking GC Explicit
08-05 22:59:37.341  5211  5224 I art     : Explicit concurrent mark sweep GC freed 20(704B) AllocSpace objects, 0(0B) LOS objects, 34% free, 30MB/46MB, paused 329us total 14.759ms
08-05 22:59:37.347  5211  5224 I art     : Starting a blocking GC Explicit
08-05 22:59:37.362  5211  5224 I art     : Explicit concurrent mark sweep GC freed 3(96B) AllocSpace objects, 0(0B) LOS objects, 34% free, 30MB/46MB, paused 369us total 14.772ms
08-05 22:59:37.368  5211  5224 I art     : Starting a blocking GC Explicit
08-05 22:59:37.383  5211  5224 I art     : Explicit concurrent mark sweep GC freed 3(96B) AllocSpace objects, 0(0B) LOS objects, 34% free, 30MB/46MB, paused 330us total 14.547ms
08-05 22:59:37.389  5211  5224 I art     : Starting a blocking GC Explicit
08-05 22:59:37.404  5211  5224 I art     : Explicit concurrent mark sweep GC freed 3(96B) AllocSpace objects, 0(0B) LOS objects, 34% free, 30MB/46MB, paused 333us total 14.339ms
08-05 22:59:37.697  5211  5223 I art     : Starting a blocking GC Explicit
08-05 22:59:37.715  5211  5223 I art     : Explicit concurrent mark sweep GC freed 1386(80KB) AllocSpace objects, 1(20KB) LOS objects, 34% free, 30MB/46MB, paused 345us total 17.257ms
08-05 22:59:37.725  5211  5223 I art     : Starting a blocking GC Explicit
08-05 22:59:37.740  5211  5223 I art     : Explicit concurrent mark sweep GC freed 20(704B) AllocSpace objects, 0(0B) LOS objects, 34% free, 30MB/46MB, paused 323us total 14.514ms
08-05 22:59:37.746  5211  5223 I art     : Starting a blocking GC Explicit
08-05 22:59:37.761  5211  5223 I art     : Explicit concurrent mark sweep GC freed 3(96B) AllocSpace objects, 0(0B) LOS objects, 34% free, 30MB/46MB, paused 323us total 14.440ms
08-05 22:59:37.767  5211  5223 I art     : Starting a blocking GC Explicit
08-05 22:59:37.781  5211  5223 I art     : Explicit concurrent mark sweep GC freed 3(96B) AllocSpace objects, 0(0B) LOS objects, 34% free, 30MB/46MB, paused 349us total 14.356ms
08-05 22:59:37.788  5211  5223 I art     : Starting a blocking GC Explicit
08-05 22:59:37.802  5211  5223 I art     : Explicit concurrent mark sweep GC freed 3(96B) AllocSpace objects, 0(0B) LOS objects, 34% free, 30MB/46MB, paused 351us total 14.486ms
08-05 22:59:38.104  5211 22763 I art     : Starting a blocking GC Explicit
08-05 22:59:38.123  5211 22763 I art     : Explicit concurrent mark sweep GC freed 1386(80KB) AllocSpace objects, 1(20KB) LOS objects, 34% free, 30MB/46MB, paused 366us total 18.289ms
08-05 22:59:38.130  5211 22763 I art     : Starting a blocking GC Explicit
08-05 22:59:38.145  5211 22763 I art     : Explicit concurrent mark sweep GC freed 20(704B) AllocSpace objects, 0(0B) LOS objects, 34% free, 30MB/46MB, paused 399us total 15.297ms
08-05 22:59:38.151  5211 22763 I art     : Starting a blocking GC Explicit
08-05 22:59:38.167  5211 22763 I art     : Explicit concurrent mark sweep GC freed 3(96B) AllocSpace objects, 0(0B) LOS objects, 34% free, 30MB/46MB, paused 423us total 15.287ms
08-05 22:59:38.173  5211 22763 I art     : Starting a blocking GC Explicit
08-05 22:59:38.188  5211 22763 I art     : Explicit concurrent mark sweep GC freed 3(96B) AllocSpace objects, 0(0B) LOS objects, 34% free, 30MB/46MB, paused 332us total 14.558ms
08-05 22:59:38.194  5211 22763 I art     : Starting a blocking GC Explicit
08-05 22:59:38.209  5211 22763 I art     : Explicit concurrent mark sweep GC freed 3(96B) AllocSpace objects, 0(0B) LOS objects, 34% free, 30MB/46MB, paused 342us total 14.727ms
08-05 22:59:38.539  5211  5224 I art     : Starting a blocking GC Explicit
08-05 22:59:38.557  5211  5224 I art     : Explicit concurrent mark sweep GC freed 1386(80KB) AllocSpace objects, 1(20KB) LOS objects, 34% free, 30MB/46MB, paused 422us total 17.163ms
08-05 22:59:38.564  5211  5224 I art     : Starting a blocking GC Explicit
08-05 22:59:38.578  5211  5224 I art     : Explicit concurrent mark sweep GC freed 20(704B) AllocSpace objects, 0(0B) LOS objects, 34% free, 30MB/46MB, paused 347us total 13.646ms
08-05 22:59:38.584  5211  5224 I art     : Starting a blocking GC Explicit
08-05 22:59:38.598  5211  5224 I art     : Explicit concurrent mark sweep GC freed 3(96B) AllocSpace objects, 0(0B) LOS objects, 34% free, 30MB/46MB, paused 324us total 13.284ms
08-05 22:59:38.603  5211  5224 I art     : Starting a blocking GC Explicit
08-05 22:59:38.617  5211  5224 I art     : Explicit concurrent mark sweep GC freed 3(96B) AllocSpace objects, 0(0B) LOS objects, 34% free, 30MB/46MB, paused 384us total 13.259ms
08-05 22:59:38.623  5211  5224 I art     : Starting a blocking GC Explicit
08-05 22:59:38.636  5211  5224 I art     : Explicit concurrent mark sweep GC freed 3(96B) AllocSpace objects, 0(0B) LOS objects, 34% free, 30MB/46MB, paused 323us total 13.278ms
08-05 22:59:38.830 23278 23278 D AndroidRuntime: >>>>>> START com.android.internal.os.RuntimeInit uid 2000 <<<<<<
08-05 22:59:38.834 23278 23278 D AndroidRuntime: CheckJNI is OFF
08-05 22:59:38.858 23278 23278 D ICU     : No timezone override file found: /data/misc/zoneinfo/current/icu/icu_tzdata.dat
08-05 22:59:38.885 23278 23278 I Radio-JNI: register_android_hardware_Radio DONE
08-05 22:59:38.901 23278 23278 D AndroidRuntime: Calling main entry com.android.commands.input.Input
08-05 22:59:38.902 23278 23278 I Input   : injectMotionEvent: MotionEvent { action=ACTION_DOWN, actionButton=0, id[0]=0, x[0]=436.0, y[0]=453.0, toolType[0]=TOOL_TYPE_UNKNOWN, buttonState=0, metaState=0, flags=0x0, edgeFlags=0x0, pointerCount=1, historySize=0, eventTime=831595315, downTime=831595315, deviceId=0, source=0x1002 }
08-05 22:59:38.906 23278 23278 I Input   : injectMotionEvent: MotionEvent { action=ACTION_UP, actionButton=0, id[0]=0, x[0]=436.0, y[0]=453.0, toolType[0]=TOOL_TYPE_UNKNOWN, buttonState=0, metaState=0, flags=0x0, edgeFlags=0x0, pointerCount=1, historySize=0, eventTime=831595315, downTime=831595315, deviceId=0, source=0x1002 }
08-05 22:59:38.908 23278 23278 D AndroidRuntime: Shutting down VM
08-05 22:59:38.923   512  2967 D audio_hw_primary: out_set_parameters: enter: usecase(1: low-latency-playback) kvpairs: routing=2
08-05 22:59:38.926   918  3670 I ActivityManager: START u0 {cmp=baseline.com.newsblur/.activity.GlobalSharedStoriesReading (has extras)} from uid 10698 on display 0
08-05 22:59:38.935   512  2967 D audio_hw_primary: select_devices: out_snd_device(2: speaker) in_snd_device(0: none)
08-05 22:59:38.935   512  2967 D msm8974_platform: platform_send_audio_calibration: sending audio calibration for snd_device(2) acdb_id(15)
08-05 22:59:38.936   512  2967 I soundtrigger: audio_extn_sound_trigger_update_device_status: device 0x2 of type 0 for Event 1
08-05 22:59:38.936  5211 22763 I art     : Starting a blocking GC Explicit
08-05 22:59:38.947   512  2967 D audio_hw_primary: enable_snd_device: snd_device(2: speaker)
08-05 22:59:38.949   512  2967 D audio_hw_primary: enable_audio_route: apply and update mixer path: low-latency-playback speaker
08-05 22:59:38.953  5211 22763 I art     : Explicit concurrent mark sweep GC freed 1983(168KB) AllocSpace objects, 3(60KB) LOS objects, 34% free, 30MB/46MB, paused 571us total 16.878ms
08-05 22:59:38.960  5211 22763 I art     : Starting a blocking GC Explicit
08-05 22:59:38.976  5211 22763 I art     : Explicit concurrent mark sweep GC freed 207(19KB) AllocSpace objects, 0(0B) LOS objects, 33% free, 31MB/47MB, paused 600us total 15.862ms
08-05 22:59:38.982  5211 22763 I art     : Starting a blocking GC Explicit
08-05 22:59:38.998  5211 22763 I art     : Explicit concurrent mark sweep GC freed 1010(87KB) AllocSpace objects, 1(112KB) LOS objects, 33% free, 32MB/48MB, paused 673us total 15.432ms
08-05 22:59:39.004  5211 22763 I art     : Starting a blocking GC Explicit
08-05 22:59:39.019  5211 22763 I art     : Explicit concurrent mark sweep GC freed 221(24KB) AllocSpace objects, 1(356KB) LOS objects, 33% free, 32MB/48MB, paused 375us total 14.890ms
08-05 22:59:39.025  5211 22763 I art     : Starting a blocking GC Explicit
08-05 22:59:39.040  5211 22763 I art     : Explicit concurrent mark sweep GC freed 50(2352B) AllocSpace objects, 0(0B) LOS objects, 33% free, 32MB/48MB, paused 390us total 14.604ms
08-05 22:59:39.131   918   936 I ActivityManager: Displayed baseline.com.newsblur/.activity.GlobalSharedStoriesReading: +197ms
08-05 22:59:39.131 13866 13866 I GoogleInputMethodServic: GoogleInputMethodService.onFinishInput():3138 
08-05 22:59:39.132 13866 13866 I GoogleInputMethodServic: GoogleInputMethodService.onStartInput():1808 
08-05 22:59:39.144  5211  5211 I WebViewFactory: Loading com.google.android.webview version 84.0.4147.89 (code 414708953)
08-05 22:59:39.278  5211  5224 I art     : Starting a blocking GC Explicit
08-05 22:59:39.305  5211  5224 I art     : Explicit concurrent mark sweep GC freed 5544(526KB) AllocSpace objects, 4(80KB) LOS objects, 31% free, 34MB/50MB, paused 4.330ms total 25.980ms
08-05 22:59:39.306  5211  5211 I cr_LibraryLoader: Loaded native library version number "84.0.4147.89"
08-05 22:59:39.307  5211  5211 I cr_CachingUmaRecorder: Flushed 5 samples from 5 histograms.
08-05 22:59:39.313  5211  5224 I art     : Starting a blocking GC Explicit
08-05 22:59:39.334  5211  5224 I art     : Explicit concurrent mark sweep GC freed 1201(134KB) AllocSpace objects, 1(20KB) LOS objects, 31% free, 34MB/50MB, paused 863us total 21.724ms
08-05 22:59:39.344  5211  5224 I art     : Starting a blocking GC Explicit
08-05 22:59:39.354  5211  5211 E chromium: [ERROR:filesystem_posix.cc(62)] mkdir /data/user/0/baseline.com.newsblur/cache/WebView/Crashpad: No such file or directory (2)
08-05 22:59:39.365  5211  5224 I art     : Explicit concurrent mark sweep GC freed 500(61KB) AllocSpace objects, 0(0B) LOS objects, 31% free, 34MB/50MB, paused 701us total 20.922ms
08-05 22:59:39.374  5211  5224 I art     : Starting a blocking GC Explicit
08-05 22:59:39.394  5211  5224 I art     : Explicit concurrent mark sweep GC freed 639(37KB) AllocSpace objects, 0(0B) LOS objects, 31% free, 34MB/50MB, paused 662us total 19.892ms
08-05 22:59:39.406  5211  5224 I art     : Starting a blocking GC Explicit
08-05 22:59:39.424  5211  5224 I art     : Explicit concurrent mark sweep GC freed 311(34KB) AllocSpace objects, 0(0B) LOS objects, 31% free, 35MB/51MB, paused 815us total 18.157ms
08-05 22:59:39.427   918  3359 D ConnectivityService: listenForNetwork for Listen from uid/pid:10698/5211 for NetworkRequest [ id=3602, legacyType=-1, [ Capabilities: INTERNET&NOT_RESTRICTED&TRUSTED] ]
08-05 22:59:39.489   512  2967 D audio_hw_primary: disable_audio_route: reset and update mixer path: low-latency-playback speaker
08-05 22:59:39.490   512  2967 D audio_hw_primary: disable_snd_device: snd_device(2: speaker)
08-05 22:59:39.499   512  2967 I soundtrigger: audio_extn_sound_trigger_update_device_status: device 0x2 of type 0 for Event 0
08-05 22:59:39.547  5211 23347 E libEGL  : validate_display:255 error 3008 (EGL_BAD_DISPLAY)
08-05 22:59:39.557  5211 23332 W cr_media: Requires BLUETOOTH permission
08-05 22:59:39.708  5211  5223 I art     : Starting a blocking GC Explicit
08-05 22:59:39.741  5211  5223 I art     : Explicit concurrent mark sweep GC freed 23822(1447KB) AllocSpace objects, 20(444KB) LOS objects, 30% free, 36MB/52MB, paused 883us total 33.180ms
08-05 22:59:39.750  5211  5223 I art     : Starting a blocking GC Explicit
08-05 22:59:39.771  5211  5223 I art     : Explicit concurrent mark sweep GC freed 1875(83KB) AllocSpace objects, 2(56KB) LOS objects, 30% free, 36MB/52MB, paused 635us total 20.306ms
08-05 22:59:39.778  5211  5223 I art     : Starting a blocking GC Explicit
08-05 22:59:39.797  5211  5223 I art     : Explicit concurrent mark sweep GC freed 12(544B) AllocSpace objects, 0(0B) LOS objects, 30% free, 36MB/52MB, paused 723us total 19.726ms
08-05 22:59:39.804  5211  5223 I art     : Starting a blocking GC Explicit
08-05 22:59:39.823  5211  5223 I art     : Explicit concurrent mark sweep GC freed 18(832B) AllocSpace objects, 0(0B) LOS objects, 30% free, 36MB/52MB, paused 898us total 19.382ms
08-05 22:59:39.830  5211  5223 I art     : Starting a blocking GC Explicit
08-05 22:59:39.849  5211  5223 I art     : Explicit concurrent mark sweep GC freed 4(128B) AllocSpace objects, 0(0B) LOS objects, 30% free, 36MB/52MB, paused 734us total 18.792ms
08-05 22:59:40.112  5211 23371 E baseline.com.newsblur.network.APIResponse: Error (unexpected end of stream on https://www.newsblur.com/...) calling https://www.newsblur.com/reader/mark_story_hashes_as_read/
08-05 22:59:40.112  5211 23371 E baseline.com.newsblur.network.APIResponse: java.io.IOException: unexpected end of stream on https://www.newsblur.com/...
08-05 22:59:40.112  5211 23371 E baseline.com.newsblur.network.APIResponse: 	at okhttp3.internal.http1.Http1ExchangeCodec.readResponseHeaders(Http1ExchangeCodec.java:236)
08-05 22:59:40.112  5211 23371 E baseline.com.newsblur.network.APIResponse: 	at okhttp3.internal.connection.Exchange.readResponseHeaders(Exchange.java:115)
08-05 22:59:40.112  5211 23371 E baseline.com.newsblur.network.APIResponse: 	at okhttp3.internal.http.CallServerInterceptor.intercept(CallServerInterceptor.java:94)
08-05 22:59:40.112  5211 23371 E baseline.com.newsblur.network.APIResponse: 	at okhttp3.internal.http.RealInterceptorChain.proceed(RealInterceptorChain.java:142)
08-05 22:59:40.112  5211 23371 E baseline.com.newsblur.network.APIResponse: 	at okhttp3.internal.connection.ConnectInterceptor.intercept(ConnectInterceptor.java:43)
08-05 22:59:40.112  5211 23371 E baseline.com.newsblur.network.APIResponse: 	at okhttp3.internal.http.RealInterceptorChain.proceed(RealInterceptorChain.java:142)
08-05 22:59:40.112  5211 23371 E baseline.com.newsblur.network.APIResponse: 	at okhttp3.internal.http.RealInterceptorChain.proceed(RealInterceptorChain.java:117)
08-05 22:59:40.112  5211 23371 E baseline.com.newsblur.network.APIResponse: 	at okhttp3.internal.cache.CacheInterceptor.intercept(CacheInterceptor.java:94)
08-05 22:59:40.112  5211 23371 E baseline.com.newsblur.network.APIResponse: 	at okhttp3.internal.http.RealInterceptorChain.proceed(RealInterceptorChain.java:142)
08-05 22:59:40.112  5211 23371 E baseline.com.newsblur.network.APIResponse: 	at okhttp3.internal.http.RealInterceptorChain.proceed(RealInterceptorChain.java:117)
08-05 22:59:40.112  5211 23371 E baseline.com.newsblur.network.APIResponse: 	at okhttp3.internal.http.BridgeInterceptor.intercept(BridgeInterceptor.java:93)
08-05 22:59:40.112  5211 23371 E baseline.com.newsblur.network.APIResponse: 	at okhttp3.internal.http.RealInterceptorChain.proceed(RealInterceptorChain.java:142)
08-05 22:59:40.112  5211 23371 E baseline.com.newsblur.network.APIResponse: 	at okhttp3.internal.http.RetryAndFollowUpInterceptor.intercept(RetryAndFollowUpInterceptor.java:88)
08-05 22:59:40.112  5211 23371 E baseline.com.newsblur.network.APIResponse: 	at okhttp3.internal.http.RealInterceptorChain.proceed(RealInterceptorChain.java:142)
08-05 22:59:40.112  5211 23371 E baseline.com.newsblur.network.APIResponse: 	at okhttp3.internal.http.RealInterceptorChain.proceed(RealInterceptorChain.java:117)
08-05 22:59:40.112  5211 23371 E baseline.com.newsblur.network.APIResponse: 	at okhttp3.RealCall.getResponseWithInterceptorChain(RealCall.java:229)
08-05 22:59:40.112  5211 23371 E baseline.com.newsblur.network.APIResponse: 	at okhttp3.RealCall.execute(RealCall.java:81)
08-05 22:59:40.112  5211 23371 E baseline.com.newsblur.network.APIResponse: 	at baseline.com.newsblur.network.APIResponse.<init>(APIResponse.java:57)
08-05 22:59:40.112  5211 23371 E baseline.com.newsblur.network.APIResponse: 	at baseline.com.newsblur.network.APIResponse.<init>(APIResponse.java:43)
08-05 22:59:40.112  5211 23371 E baseline.com.newsblur.network.APIResponse: 	at baseline.com.newsblur.network.APIManager.post_single(APIManager.java:702)
08-05 22:59:40.112  5211 23371 E baseline.com.newsblur.network.APIResponse: 	at baseline.com.newsblur.network.APIManager.post(APIManager.java:675)
08-05 22:59:40.112  5211 23371 E baseline.com.newsblur.network.APIResponse: 	at baseline.com.newsblur.network.APIManager.post(APIManager.java:714)
08-05 22:59:40.112  5211 23371 E baseline.com.newsblur.network.APIResponse: 	at baseline.com.newsblur.network.APIManager.markStoryAsRead(APIManager.java:205)
08-05 22:59:40.112  5211 23371 E baseline.com.newsblur.network.APIResponse: 	at baseline.com.newsblur.util.ReadingAction.doRemote(ReadingAction.java:281)
08-05 22:59:40.112  5211 23371 E baseline.com.newsblur.network.APIResponse: 	at baseline.com.newsblur.service.NBSyncService.syncActions(NBSyncService.java:400)
08-05 22:59:40.112  5211 23371 E baseline.com.newsblur.network.APIResponse: 	at baseline.com.newsblur.service.NBSyncService.doSync(NBSyncService.java:298)
08-05 22:59:40.112  5211 23371 E baseline.com.newsblur.network.APIResponse: 	at baseline.com.newsblur.service.NBSyncService.access$100(NBSyncService.java:67)
08-05 22:59:40.112  5211 23371 E baseline.com.newsblur.network.APIResponse: 	at baseline.com.newsblur.service.NBSyncService$1.run(NBSyncService.java:188)
08-05 22:59:40.112  5211 23371 E baseline.com.newsblur.network.APIResponse: 	at java.util.concurrent.ThreadPoolExecutor.runWorker(ThreadPoolExecutor.java:1113)
08-05 22:59:40.112  5211 23371 E baseline.com.newsblur.network.APIResponse: 	at java.util.concurrent.ThreadPoolExecutor$Worker.run(ThreadPoolExecutor.java:588)
08-05 22:59:40.112  5211 23371 E baseline.com.newsblur.network.APIResponse: 	at java.lang.Thread.run(Thread.java:818)
08-05 22:59:40.112  5211 23371 E baseline.com.newsblur.network.APIResponse: Caused by: java.io.EOFException: \n not found: limit=0 content=
08-05 22:59:40.112  5211 23371 E baseline.com.newsblur.network.APIResponse: 	at okio.RealBufferedSource.readUtf8LineStrict(RealBufferedSource.java:240)
08-05 22:59:40.112  5211 23371 E baseline.com.newsblur.network.APIResponse: 	at okhttp3.internal.http1.Http1ExchangeCodec.readHeaderLine(Http1ExchangeCodec.java:242)
08-05 22:59:40.112  5211 23371 E baseline.com.newsblur.network.APIResponse: 	at okhttp3.internal.http1.Http1ExchangeCodec.readResponseHeaders(Http1ExchangeCodec.java:213)
08-05 22:59:40.112  5211 23371 E baseline.com.newsblur.network.APIResponse: 	... 30 more
08-05 22:59:40.113  5211 23371 I baseline.com.newsblur.network.APIManager: API call failed, pausing before retry number 1
08-05 22:59:40.140  5211  5223 I art     : Starting a blocking GC Explicit
08-05 22:59:40.167  5211  5223 I art     : Explicit concurrent mark sweep GC freed 8651(601KB) AllocSpace objects, 6(260KB) LOS objects, 30% free, 36MB/52MB, paused 879us total 27.617ms
08-05 22:59:40.177  5211  5223 I art     : Starting a blocking GC Explicit
08-05 22:59:40.202  5211  5223 I art     : Explicit concurrent mark sweep GC freed 1176(124KB) AllocSpace objects, 0(0B) LOS objects, 30% free, 36MB/52MB, paused 674us total 25.086ms
08-05 22:59:40.212  5211  5223 I art     : Starting a blocking GC Explicit
08-05 22:59:40.232  5211  5223 I art     : Explicit concurrent mark sweep GC freed 3(96B) AllocSpace objects, 0(0B) LOS objects, 30% free, 36MB/52MB, paused 623us total 19.838ms
08-05 22:59:40.239  5211  5223 I art     : Starting a blocking GC Explicit
08-05 22:59:40.260  5211  5223 I art     : Explicit concurrent mark sweep GC freed 3(96B) AllocSpace objects, 0(0B) LOS objects, 30% free, 36MB/52MB, paused 589us total 20.531ms
08-05 22:59:40.267  5211  5223 I art     : Starting a blocking GC Explicit
08-05 22:59:40.287  5211  5223 I art     : Explicit concurrent mark sweep GC freed 3(96B) AllocSpace objects, 0(0B) LOS objects, 30% free, 36MB/52MB, paused 680us total 20.370ms
08-05 22:59:40.602  5211  5223 I art     : Starting a blocking GC Explicit
08-05 22:59:40.632  5211  5223 I art     : Explicit concurrent mark sweep GC freed 1440(83KB) AllocSpace objects, 1(20KB) LOS objects, 30% free, 36MB/52MB, paused 580us total 30.106ms
08-05 22:59:40.642  5211  5223 I art     : Starting a blocking GC Explicit
08-05 22:59:40.667  5211  5223 I art     : Explicit concurrent mark sweep GC freed 22(784B) AllocSpace objects, 0(0B) LOS objects, 30% free, 36MB/52MB, paused 751us total 24.945ms
08-05 22:59:40.676  5211  5223 I art     : Starting a blocking GC Explicit
08-05 22:59:40.696  5211  5223 I art     : Explicit concurrent mark sweep GC freed 3(96B) AllocSpace objects, 0(0B) LOS objects, 30% free, 36MB/52MB, paused 563us total 19.591ms
08-05 22:59:40.703  5211  5223 I art     : Starting a blocking GC Explicit
08-05 22:59:40.724  5211  5223 I art     : Explicit concurrent mark sweep GC freed 10(320B) AllocSpace objects, 0(0B) LOS objects, 30% free, 36MB/52MB, paused 605us total 20.586ms
08-05 22:59:40.731  5211  5223 I art     : Starting a blocking GC Explicit
08-05 22:59:40.751  5211  5223 I art     : Explicit concurrent mark sweep GC freed 8(256B) AllocSpace objects, 0(0B) LOS objects, 30% free, 36MB/52MB, paused 605us total 19.870ms
08-05 22:59:41.070  5211  5223 I art     : Starting a blocking GC Explicit
08-05 22:59:41.096  5211  5223 I art     : Explicit concurrent mark sweep GC freed 1486(84KB) AllocSpace objects, 1(20KB) LOS objects, 30% free, 36MB/52MB, paused 579us total 25.166ms
08-05 22:59:41.105  5211  5223 I art     : Starting a blocking GC Explicit
08-05 22:59:41.130  5211  5223 I art     : Explicit concurrent mark sweep GC freed 22(784B) AllocSpace objects, 0(0B) LOS objects, 30% free, 36MB/52MB, paused 575us total 24.997ms
08-05 22:59:41.138  5211  5223 I art     : Starting a blocking GC Explicit
08-05 22:59:41.161  5211  5223 I art     : Explicit concurrent mark sweep GC freed 3(96B) AllocSpace objects, 0(0B) LOS objects, 30% free, 36MB/52MB, paused 568us total 22.575ms
08-05 22:59:41.170  5211  5223 I art     : Starting a blocking GC Explicit
08-05 22:59:41.190  5211  5223 I art     : Explicit concurrent mark sweep GC freed 3(96B) AllocSpace objects, 0(0B) LOS objects, 30% free, 36MB/52MB, paused 624us total 19.898ms
08-05 22:59:41.196  5211  5223 I art     : Starting a blocking GC Explicit
08-05 22:59:41.216  5211  5223 I art     : Explicit concurrent mark sweep GC freed 3(96B) AllocSpace objects, 0(0B) LOS objects, 30% free, 36MB/52MB, paused 582us total 19.830ms
08-05 22:59:41.542   518   646 I ThermalEngine: ACTION: GPU - Setting GPU[0] to 510000000
08-05 22:59:41.550  5211  5223 I art     : Starting a blocking GC Explicit
08-05 22:59:41.581  5211  5223 I art     : Explicit concurrent mark sweep GC freed 1441(83KB) AllocSpace objects, 1(20KB) LOS objects, 30% free, 36MB/52MB, paused 800us total 30.788ms
08-05 22:59:41.593  5211  5223 I art     : Starting a blocking GC Explicit
08-05 22:59:41.624  5211  5223 I art     : Explicit concurrent mark sweep GC freed 112(4KB) AllocSpace objects, 0(0B) LOS objects, 30% free, 36MB/52MB, paused 1.193ms total 30.870ms
08-05 22:59:41.633  5211  5223 I art     : Starting a blocking GC Explicit
08-05 22:59:41.662  5211  5223 I art     : Explicit concurrent mark sweep GC freed 75(4KB) AllocSpace objects, 0(0B) LOS objects, 30% free, 36MB/52MB, paused 843us total 28.566ms
08-05 22:59:41.672  5211  5223 I art     : Starting a blocking GC Explicit
08-05 22:59:41.697  5211  5223 I art     : Explicit concurrent mark sweep GC freed 12(1408B) AllocSpace objects, 0(0B) LOS objects, 30% free, 36MB/52MB, paused 870us total 24.801ms
08-05 22:59:41.706  5211  5223 I art     : Starting a blocking GC Explicit
08-05 22:59:41.734  5211  5223 I art     : Explicit concurrent mark sweep GC freed 3(96B) AllocSpace objects, 0(0B) LOS objects, 30% free, 36MB/52MB, paused 901us total 28.038ms
08-05 22:59:42.053  5211  5224 I art     : Starting a blocking GC Explicit
08-05 22:59:42.088  5211  5224 I art     : Explicit concurrent mark sweep GC freed 3021(145KB) AllocSpace objects, 1(20KB) LOS objects, 30% free, 36MB/52MB, paused 1.021ms total 34.764ms
08-05 22:59:42.098  5211  5224 I art     : Starting a blocking GC Explicit
08-05 22:59:42.106  5211 23371 E baseline.com.newsblur.network.APIResponse: Error (unexpected end of stream on https://www.newsblur.com/...) calling https://www.newsblur.com/reader/mark_story_hashes_as_read/
08-05 22:59:42.106  5211 23371 E baseline.com.newsblur.network.APIResponse: java.io.IOException: unexpected end of stream on https://www.newsblur.com/...
08-05 22:59:42.106  5211 23371 E baseline.com.newsblur.network.APIResponse: 	at okhttp3.internal.http1.Http1ExchangeCodec.readResponseHeaders(Http1ExchangeCodec.java:236)
08-05 22:59:42.106  5211 23371 E baseline.com.newsblur.network.APIResponse: 	at okhttp3.internal.connection.Exchange.readResponseHeaders(Exchange.java:115)
08-05 22:59:42.106  5211 23371 E baseline.com.newsblur.network.APIResponse: 	at okhttp3.internal.http.CallServerInterceptor.intercept(CallServerInterceptor.java:94)
08-05 22:59:42.106  5211 23371 E baseline.com.newsblur.network.APIResponse: 	at okhttp3.internal.http.RealInterceptorChain.proceed(RealInterceptorChain.java:142)
08-05 22:59:42.106  5211 23371 E baseline.com.newsblur.network.APIResponse: 	at okhttp3.internal.connection.ConnectInterceptor.intercept(ConnectInterceptor.java:43)
08-05 22:59:42.106  5211 23371 E baseline.com.newsblur.network.APIResponse: 	at okhttp3.internal.http.RealInterceptorChain.proceed(RealInterceptorChain.java:142)
08-05 22:59:42.106  5211 23371 E baseline.com.newsblur.network.APIResponse: 	at okhttp3.internal.http.RealInterceptorChain.proceed(RealInterceptorChain.java:117)
08-05 22:59:42.106  5211 23371 E baseline.com.newsblur.network.APIResponse: 	at okhttp3.internal.cache.CacheInterceptor.intercept(CacheInterceptor.java:94)
08-05 22:59:42.106  5211 23371 E baseline.com.newsblur.network.APIResponse: 	at okhttp3.internal.http.RealInterceptorChain.proceed(RealInterceptorChain.java:142)
08-05 22:59:42.106  5211 23371 E baseline.com.newsblur.network.APIResponse: 	at okhttp3.internal.http.RealInterceptorChain.proceed(RealInterceptorChain.java:117)
08-05 22:59:42.106  5211 23371 E baseline.com.newsblur.network.APIResponse: 	at okhttp3.internal.http.BridgeInterceptor.intercept(BridgeInterceptor.java:93)
08-05 22:59:42.106  5211 23371 E baseline.com.newsblur.network.APIResponse: 	at okhttp3.internal.http.RealInterceptorChain.proceed(RealInterceptorChain.java:142)
08-05 22:59:42.106  5211 23371 E baseline.com.newsblur.network.APIResponse: 	at okhttp3.internal.http.RetryAndFollowUpInterceptor.intercept(RetryAndFollowUpInterceptor.java:88)
08-05 22:59:42.106  5211 23371 E baseline.com.newsblur.network.APIResponse: 	at okhttp3.internal.http.RealInterceptorChain.proceed(RealInterceptorChain.java:142)
08-05 22:59:42.106  5211 23371 E baseline.com.newsblur.network.APIResponse: 	at okhttp3.internal.http.RealInterceptorChain.proceed(RealInterceptorChain.java:117)
08-05 22:59:42.106  5211 23371 E baseline.com.newsblur.network.APIResponse: 	at okhttp3.RealCall.getResponseWithInterceptorChain(RealCall.java:229)
08-05 22:59:42.106  5211 23371 E baseline.com.newsblur.network.APIResponse: 	at okhttp3.RealCall.execute(RealCall.java:81)
08-05 22:59:42.106  5211 23371 E baseline.com.newsblur.network.APIResponse: 	at baseline.com.newsblur.network.APIResponse.<init>(APIResponse.java:57)
08-05 22:59:42.106  5211 23371 E baseline.com.newsblur.network.APIResponse: 	at baseline.com.newsblur.network.APIResponse.<init>(APIResponse.java:43)
08-05 22:59:42.106  5211 23371 E baseline.com.newsblur.network.APIResponse: 	at baseline.com.newsblur.network.APIManager.post_single(APIManager.java:702)
08-05 22:59:42.106  5211 23371 E baseline.com.newsblur.network.APIResponse: 	at baseline.com.newsblur.network.APIManager.post(APIManager.java:675)
08-05 22:59:42.106  5211 23371 E baseline.com.newsblur.network.APIResponse: 	at baseline.com.newsblur.network.APIManager.post(APIManager.java:714)
08-05 22:59:42.106  5211 23371 E baseline.com.newsblur.network.APIResponse: 	at baseline.com.newsblur.network.APIManager.markStoryAsRead(APIManager.java:205)
08-05 22:59:42.106  5211 23371 E baseline.com.newsblur.network.APIResponse: 	at baseline.com.newsblur.util.ReadingAction.doRemote(ReadingAction.java:281)
08-05 22:59:42.106  5211 23371 E baseline.com.newsblur.network.APIResponse: 	at baseline.com.newsblur.service.NBSyncService.syncActions(NBSyncService.java:400)
08-05 22:59:42.106  5211 23371 E baseline.com.newsblur.network.APIResponse: 	at baseline.com.newsblur.service.NBSyncService.doSync(NBSyncService.java:298)
08-05 22:59:42.106  5211 23371 E baseline.com.newsblur.network.APIResponse: 	at baseline.com.newsblur.service.NBSyncService.access$100(NBSyncService.java:67)
08-05 22:59:42.106  5211 23371 E baseline.com.newsblur.network.APIResponse: 	at baseline.com.newsblur.service.NBSyncService$1.run(NBSyncService.java:188)
08-05 22:59:42.106  5211 23371 E baseline.com.newsblur.network.APIResponse: 	at java.util.concurrent.ThreadPoolExecutor.runWorker(ThreadPoolExecutor.java:1113)
08-05 22:59:42.106  5211 23371 E baseline.com.newsblur.network.APIResponse: 	at java.util.concurrent.ThreadPoolExecutor$Worker.run(ThreadPoolExecutor.java:588)
08-05 22:59:42.106  5211 23371 E baseline.com.newsblur.network.APIResponse: 	at java.lang.Thread.run(Thread.java:818)
08-05 22:59:42.106  5211 23371 E baseline.com.newsblur.network.APIResponse: Caused by: java.io.EOFException: \n not found: limit=0 content=
08-05 22:59:42.106  5211 23371 E baseline.com.newsblur.network.APIResponse: 	at okio.RealBufferedSource.readUtf8LineStrict(RealBufferedSource.java:240)
08-05 22:59:42.106  5211 23371 E baseline.com.newsblur.network.APIResponse: 	at okhttp3.internal.http1.Http1ExchangeCodec.readHeaderLine(Http1ExchangeCodec.java:242)
08-05 22:59:42.106  5211 23371 E baseline.com.newsblur.network.APIResponse: 	at okhttp3.internal.http1.Http1ExchangeCodec.readResponseHeaders(Http1ExchangeCodec.java:213)
08-05 22:59:42.106  5211 23371 E baseline.com.newsblur.network.APIResponse: 	... 30 more
08-05 22:59:42.108  5211 23371 I baseline.com.newsblur.network.APIManager: API call failed, pausing before retry number 2
08-05 22:59:42.128  5211  5224 I art     : Explicit concurrent mark sweep GC freed 911(199KB) AllocSpace objects, 2(40KB) LOS objects, 30% free, 36MB/52MB, paused 958us total 29.029ms
08-05 22:59:42.137  5211  5224 I art     : Starting a blocking GC Explicit
08-05 22:59:42.165  5211  5224 I art     : Explicit concurrent mark sweep GC freed 105(16KB) AllocSpace objects, 0(0B) LOS objects, 30% free, 36MB/52MB, paused 790us total 27.074ms
08-05 22:59:42.175  5211  5224 I art     : Starting a blocking GC Explicit
08-05 22:59:42.203  5211  5224 I art     : Explicit concurrent mark sweep GC freed 25(832B) AllocSpace objects, 0(0B) LOS objects, 30% free, 36MB/52MB, paused 910us total 27.536ms
08-05 22:59:42.213  5211  5224 I art     : Starting a blocking GC Explicit
08-05 22:59:42.242  5211  5224 I art     : Explicit concurrent mark sweep GC freed 3(96B) AllocSpace objects, 0(0B) LOS objects, 30% free, 36MB/52MB, paused 948us total 28.698ms
08-05 22:59:42.578  5211 22763 I art     : Starting a blocking GC Explicit
08-05 22:59:42.609  5211 22763 I art     : Explicit concurrent mark sweep GC freed 1440(83KB) AllocSpace objects, 1(20KB) LOS objects, 30% free, 36MB/52MB, paused 1.011ms total 30.913ms
08-05 22:59:42.620  5211 22763 I art     : Starting a blocking GC Explicit
08-05 22:59:42.651  5211 22763 I art     : Explicit concurrent mark sweep GC freed 22(784B) AllocSpace objects, 0(0B) LOS objects, 30% free, 36MB/52MB, paused 835us total 30.818ms
08-05 22:59:42.662  5211 22763 I art     : Starting a blocking GC Explicit
08-05 22:59:42.689  5211 22763 I art     : Explicit concurrent mark sweep GC freed 3(96B) AllocSpace objects, 0(0B) LOS objects, 30% free, 36MB/52MB, paused 838us total 27.532ms
08-05 22:59:42.699  5211 22763 I art     : Starting a blocking GC Explicit
08-05 22:59:42.724  5211 22763 I art     : Explicit concurrent mark sweep GC freed 3(96B) AllocSpace objects, 0(0B) LOS objects, 30% free, 36MB/52MB, paused 837us total 24.978ms
08-05 22:59:42.734  5211 22763 I art     : Starting a blocking GC Explicit
08-05 22:59:42.762  5211 22763 I art     : Explicit concurrent mark sweep GC freed 3(96B) AllocSpace objects, 0(0B) LOS objects, 30% free, 36MB/52MB, paused 792us total 28.661ms
08-05 22:59:43.117  5211  5223 I art     : Starting a blocking GC Explicit
08-05 22:59:43.148  5211  5223 I art     : Explicit concurrent mark sweep GC freed 1439(83KB) AllocSpace objects, 1(20KB) LOS objects, 30% free, 36MB/52MB, paused 836us total 30.394ms
08-05 22:59:43.158  5211  5223 I art     : Starting a blocking GC Explicit
08-05 22:59:43.187  5211  5223 I art     : Explicit concurrent mark sweep GC freed 22(784B) AllocSpace objects, 0(0B) LOS objects, 30% free, 36MB/52MB, paused 882us total 28.033ms
08-05 22:59:43.197  5211  5223 I art     : Starting a blocking GC Explicit
08-05 22:59:43.225  5211  5223 I art     : Explicit concurrent mark sweep GC freed 3(96B) AllocSpace objects, 0(0B) LOS objects, 30% free, 36MB/52MB, paused 936us total 28.417ms
08-05 22:59:43.236  5211  5223 I art     : Starting a blocking GC Explicit
08-05 22:59:43.265  5211  5223 I art     : Explicit concurrent mark sweep GC freed 3(96B) AllocSpace objects, 0(0B) LOS objects, 30% free, 36MB/52MB, paused 798us total 29.325ms
08-05 22:59:43.277  5211  5223 I art     : Starting a blocking GC Explicit
08-05 22:59:43.305  5211  5223 I art     : Explicit concurrent mark sweep GC freed 3(96B) AllocSpace objects, 0(0B) LOS objects, 30% free, 36MB/52MB, paused 876us total 27.725ms
08-05 22:59:43.636  5211  5224 I art     : Starting a blocking GC Explicit
08-05 22:59:43.666  5211  5224 I art     : Explicit concurrent mark sweep GC freed 1439(82KB) AllocSpace objects, 1(20KB) LOS objects, 30% free, 36MB/52MB, paused 801us total 30.293ms
08-05 22:59:43.678  5211  5224 I art     : Starting a blocking GC Explicit
08-05 22:59:43.708  5211  5224 I art     : Explicit concurrent mark sweep GC freed 22(784B) AllocSpace objects, 0(0B) LOS objects, 30% free, 36MB/52MB, paused 978us total 29.938ms
08-05 22:59:43.718  5211  5224 I art     : Starting a blocking GC Explicit
08-05 22:59:43.750  5211  5224 I art     : Explicit concurrent mark sweep GC freed 3(96B) AllocSpace objects, 0(0B) LOS objects, 30% free, 36MB/52MB, paused 796us total 31.272ms
08-05 22:59:43.760  5211  5224 I art     : Starting a blocking GC Explicit
08-05 22:59:43.789  5211  5224 I art     : Explicit concurrent mark sweep GC freed 3(96B) AllocSpace objects, 0(0B) LOS objects, 30% free, 36MB/52MB, paused 897us total 29.021ms
08-05 22:59:43.800  5211  5224 I art     : Starting a blocking GC Explicit
08-05 22:59:43.831  5211  5224 I art     : Explicit concurrent mark sweep GC freed 3(96B) AllocSpace objects, 0(0B) LOS objects, 30% free, 36MB/52MB, paused 795us total 30.367ms
08-05 22:59:44.163  5211 22763 I art     : Starting a blocking GC Explicit
08-05 22:59:44.196  5211 22763 I art     : Explicit concurrent mark sweep GC freed 1438(82KB) AllocSpace objects, 1(20KB) LOS objects, 30% free, 36MB/52MB, paused 2.001ms total 32.847ms
08-05 22:59:44.206  5211 22763 I art     : Starting a blocking GC Explicit
08-05 22:59:44.237  5211 22763 I art     : Explicit concurrent mark sweep GC freed 22(784B) AllocSpace objects, 0(0B) LOS objects, 30% free, 36MB/52MB, paused 1.020ms total 30.601ms
08-05 22:59:44.248  5211 22763 I art     : Starting a blocking GC Explicit
08-05 22:59:44.277  5211 22763 I art     : Explicit concurrent mark sweep GC freed 3(96B) AllocSpace objects, 0(0B) LOS objects, 30% free, 36MB/52MB, paused 1.098ms total 28.791ms
08-05 22:59:44.286  5211 22763 I art     : Starting a blocking GC Explicit
08-05 22:59:44.315  5211 22763 I art     : Explicit concurrent mark sweep GC freed 3(96B) AllocSpace objects, 0(0B) LOS objects, 30% free, 36MB/52MB, paused 794us total 28.176ms
08-05 22:59:44.325  5211 22763 I art     : Starting a blocking GC Explicit
08-05 22:59:44.353  5211 22763 I art     : Explicit concurrent mark sweep GC freed 3(96B) AllocSpace objects, 0(0B) LOS objects, 30% free, 36MB/52MB, paused 855us total 27.815ms
08-05 22:59:44.549   518   646 I ThermalEngine: ACTION: GPU - Setting GPU[0] to 450000000
08-05 22:59:44.699  5211  5223 I art     : Starting a blocking GC Explicit
08-05 22:59:44.736  5211  5223 I art     : Explicit concurrent mark sweep GC freed 1438(82KB) AllocSpace objects, 1(20KB) LOS objects, 30% free, 36MB/52MB, paused 1.100ms total 36.747ms
08-05 22:59:44.750  5211  5223 I art     : Starting a blocking GC Explicit
08-05 22:59:44.788  5211  5223 I art     : Explicit concurrent mark sweep GC freed 24(864B) AllocSpace objects, 0(0B) LOS objects, 30% free, 36MB/52MB, paused 1.156ms total 38.106ms
08-05 22:59:44.803  5211  5223 I art     : Starting a blocking GC Explicit
08-05 22:59:44.839  5211  5223 I art     : Explicit concurrent mark sweep GC freed 3(96B) AllocSpace objects, 0(0B) LOS objects, 30% free, 36MB/52MB, paused 1.483ms total 36.440ms
08-05 22:59:44.853  5211  5223 I art     : Starting a blocking GC Explicit
08-05 22:59:44.891  5211  5223 I art     : Explicit concurrent mark sweep GC freed 3(96B) AllocSpace objects, 0(0B) LOS objects, 30% free, 36MB/52MB, paused 1.264ms total 37.516ms
08-05 22:59:44.905  5211  5223 I art     : Starting a blocking GC Explicit
08-05 22:59:44.939  5211  5223 I art     : Explicit concurrent mark sweep GC freed 3(96B) AllocSpace objects, 0(0B) LOS objects, 30% free, 36MB/52MB, paused 1.294ms total 34.073ms
08-05 22:59:45.295  5211 22763 I art     : Starting a blocking GC Explicit
08-05 22:59:45.349  5211 22763 I art     : Explicit concurrent mark sweep GC freed 1604(91KB) AllocSpace objects, 1(20KB) LOS objects, 30% free, 36MB/52MB, paused 2.026ms total 53.312ms
08-05 22:59:45.362  5211 22763 I art     : Starting a blocking GC Explicit
08-05 22:59:45.398  5211 22763 I art     : Explicit concurrent mark sweep GC freed 28(1040B) AllocSpace objects, 0(0B) LOS objects, 30% free, 36MB/52MB, paused 1.285ms total 35.844ms
08-05 22:59:45.410  5211 22763 I art     : Starting a blocking GC Explicit
08-05 22:59:45.447  5211 22763 I art     : Explicit concurrent mark sweep GC freed 3(96B) AllocSpace objects, 0(0B) LOS objects, 30% free, 36MB/52MB, paused 1.325ms total 37.084ms
08-05 22:59:45.460  5211 22763 I art     : Starting a blocking GC Explicit
08-05 22:59:45.499  5211 22763 I art     : Explicit concurrent mark sweep GC freed 3(96B) AllocSpace objects, 0(0B) LOS objects, 30% free, 36MB/52MB, paused 1.314ms total 38.988ms
08-05 22:59:45.512  5211 22763 I art     : Starting a blocking GC Explicit
08-05 22:59:45.552  5211 22763 I art     : Explicit concurrent mark sweep GC freed 3(96B) AllocSpace objects, 0(0B) LOS objects, 30% free, 36MB/52MB, paused 1.157ms total 39.305ms
08-05 22:59:45.689  5211 23371 E baseline.com.newsblur.network.APIResponse: Error (unexpected end of stream on https://www.newsblur.com/...) calling https://www.newsblur.com/reader/mark_story_hashes_as_read/
08-05 22:59:45.689  5211 23371 E baseline.com.newsblur.network.APIResponse: java.io.IOException: unexpected end of stream on https://www.newsblur.com/...
08-05 22:59:45.689  5211 23371 E baseline.com.newsblur.network.APIResponse: 	at okhttp3.internal.http1.Http1ExchangeCodec.readResponseHeaders(Http1ExchangeCodec.java:236)
08-05 22:59:45.689  5211 23371 E baseline.com.newsblur.network.APIResponse: 	at okhttp3.internal.connection.Exchange.readResponseHeaders(Exchange.java:115)
08-05 22:59:45.689  5211 23371 E baseline.com.newsblur.network.APIResponse: 	at okhttp3.internal.http.CallServerInterceptor.intercept(CallServerInterceptor.java:94)
08-05 22:59:45.689  5211 23371 E baseline.com.newsblur.network.APIResponse: 	at okhttp3.internal.http.RealInterceptorChain.proceed(RealInterceptorChain.java:142)
08-05 22:59:45.689  5211 23371 E baseline.com.newsblur.network.APIResponse: 	at okhttp3.internal.connection.ConnectInterceptor.intercept(ConnectInterceptor.java:43)
08-05 22:59:45.689  5211 23371 E baseline.com.newsblur.network.APIResponse: 	at okhttp3.internal.http.RealInterceptorChain.proceed(RealInterceptorChain.java:142)
08-05 22:59:45.689  5211 23371 E baseline.com.newsblur.network.APIResponse: 	at okhttp3.internal.http.RealInterceptorChain.proceed(RealInterceptorChain.java:117)
08-05 22:59:45.689  5211 23371 E baseline.com.newsblur.network.APIResponse: 	at okhttp3.internal.cache.CacheInterceptor.intercept(CacheInterceptor.java:94)
08-05 22:59:45.689  5211 23371 E baseline.com.newsblur.network.APIResponse: 	at okhttp3.internal.http.RealInterceptorChain.proceed(RealInterceptorChain.java:142)
08-05 22:59:45.689  5211 23371 E baseline.com.newsblur.network.APIResponse: 	at okhttp3.internal.http.RealInterceptorChain.proceed(RealInterceptorChain.java:117)
08-05 22:59:45.689  5211 23371 E baseline.com.newsblur.network.APIResponse: 	at okhttp3.internal.http.BridgeInterceptor.intercept(BridgeInterceptor.java:93)
08-05 22:59:45.689  5211 23371 E baseline.com.newsblur.network.APIResponse: 	at okhttp3.internal.http.RealInterceptorChain.proceed(RealInterceptorChain.java:142)
08-05 22:59:45.689  5211 23371 E baseline.com.newsblur.network.APIResponse: 	at okhttp3.internal.http.RetryAndFollowUpInterceptor.intercept(RetryAndFollowUpInterceptor.java:88)
08-05 22:59:45.689  5211 23371 E baseline.com.newsblur.network.APIResponse: 	at okhttp3.internal.http.RealInterceptorChain.proceed(RealInterceptorChain.java:142)
08-05 22:59:45.689  5211 23371 E baseline.com.newsblur.network.APIResponse: 	at okhttp3.internal.http.RealInterceptorChain.proceed(RealInterceptorChain.java:117)
08-05 22:59:45.689  5211 23371 E baseline.com.newsblur.network.APIResponse: 	at okhttp3.RealCall.getResponseWithInterceptorChain(RealCall.java:229)
08-05 22:59:45.689  5211 23371 E baseline.com.newsblur.network.APIResponse: 	at okhttp3.RealCall.execute(RealCall.java:81)
08-05 22:59:45.689  5211 23371 E baseline.com.newsblur.network.APIResponse: 	at baseline.com.newsblur.network.APIResponse.<init>(APIResponse.java:57)
08-05 22:59:45.689  5211 23371 E baseline.com.newsblur.network.APIResponse: 	at baseline.com.newsblur.network.APIResponse.<init>(APIResponse.java:43)
08-05 22:59:45.689  5211 23371 E baseline.com.newsblur.network.APIResponse: 	at baseline.com.newsblur.network.APIManager.post_single(APIManager.java:702)
08-05 22:59:45.689  5211 23371 E baseline.com.newsblur.network.APIResponse: 	at baseline.com.newsblur.network.APIManager.post(APIManager.java:675)
08-05 22:59:45.689  5211 23371 E baseline.com.newsblur.network.APIResponse: 	at baseline.com.newsblur.network.APIManager.post(APIManager.java:714)
08-05 22:59:45.689  5211 23371 E baseline.com.newsblur.network.APIResponse: 	at baseline.com.newsblur.network.APIManager.markStoryAsRead(APIManager.java:205)
08-05 22:59:45.689  5211 23371 E baseline.com.newsblur.network.APIResponse: 	at baseline.com.newsblur.util.ReadingAction.doRemote(ReadingAction.java:281)
08-05 22:59:45.689  5211 23371 E baseline.com.newsblur.network.APIResponse: 	at baseline.com.newsblur.service.NBSyncService.syncActions(NBSyncService.java:400)
08-05 22:59:45.689  5211 23371 E baseline.com.newsblur.network.APIResponse: 	at baseline.com.newsblur.service.NBSyncService.doSync(NBSyncService.java:298)
08-05 22:59:45.689  5211 23371 E baseline.com.newsblur.network.APIResponse: 	at baseline.com.newsblur.service.NBSyncService.access$100(NBSyncService.java:67)
08-05 22:59:45.689  5211 23371 E baseline.com.newsblur.network.APIResponse: 	at baseline.com.newsblur.service.NBSyncService$1.run(NBSyncService.java:188)
08-05 22:59:45.689  5211 23371 E baseline.com.newsblur.network.APIResponse: 	at java.util.concurrent.ThreadPoolExecutor.runWorker(ThreadPoolExecutor.java:1113)
08-05 22:59:45.689  5211 23371 E baseline.com.newsblur.network.APIResponse: 	at java.util.concurrent.ThreadPoolExecutor$Worker.run(ThreadPoolExecutor.java:588)
08-05 22:59:45.689  5211 23371 E baseline.com.newsblur.network.APIResponse: 	at java.lang.Thread.run(Thread.java:818)
08-05 22:59:45.689  5211 23371 E baseline.com.newsblur.network.APIResponse: Caused by: java.io.EOFException: \n not found: limit=0 content=
08-05 22:59:45.689  5211 23371 E baseline.com.newsblur.network.APIResponse: 	at okio.RealBufferedSource.readUtf8LineStrict(RealBufferedSource.java:240)
08-05 22:59:45.689  5211 23371 E baseline.com.newsblur.network.APIResponse: 	at okhttp3.internal.http1.Http1ExchangeCodec.readHeaderLine(Http1ExchangeCodec.java:242)
08-05 22:59:45.689  5211 23371 E baseline.com.newsblur.network.APIResponse: 	at okhttp3.internal.http1.Http1ExchangeCodec.readResponseHeaders(Http1ExchangeCodec.java:213)
08-05 22:59:45.689  5211 23371 E baseline.com.newsblur.network.APIResponse: 	... 30 more
08-05 22:59:45.691  5211 23371 I baseline.com.newsblur.service.NBSyncService: Holding reading action with server-side or network error.
08-05 22:59:45.720  5211 23371 W baseline.com.newsblur.service.NBSyncService: hard API failure
08-05 22:59:45.894  5211  5223 I art     : Starting a blocking GC Explicit
08-05 22:59:45.933  5211  5223 I art     : Explicit concurrent mark sweep GC freed 4922(564KB) AllocSpace objects, 16(320KB) LOS objects, 30% free, 36MB/52MB, paused 1.140ms total 38.447ms
08-05 22:59:45.947  5211  5223 I art     : Starting a blocking GC Explicit
08-05 22:59:45.982  5211  5223 I art     : Explicit concurrent mark sweep GC freed 607(22KB) AllocSpace objects, 0(0B) LOS objects, 30% free, 36MB/52MB, paused 1.073ms total 34.181ms
08-05 22:59:45.994  5211  5223 I art     : Starting a blocking GC Explicit
08-05 22:59:46.032  5211  5223 I art     : Explicit concurrent mark sweep GC freed 3(96B) AllocSpace objects, 0(0B) LOS objects, 30% free, 36MB/52MB, paused 1.164ms total 37.570ms
08-05 22:59:46.044  5211  5223 I art     : Starting a blocking GC Explicit
08-05 22:59:46.083  5211  5223 I art     : Explicit concurrent mark sweep GC freed 3(96B) AllocSpace objects, 0(0B) LOS objects, 30% free, 36MB/52MB, paused 1.082ms total 37.997ms
08-05 22:59:46.095  5211  5223 I art     : Starting a blocking GC Explicit
08-05 22:59:46.132  5211  5223 I art     : Explicit concurrent mark sweep GC freed 3(96B) AllocSpace objects, 0(0B) LOS objects, 30% free, 36MB/52MB, paused 1.145ms total 37.097ms
08-05 22:59:46.499  5211 22763 I art     : Starting a blocking GC Explicit
08-05 22:59:46.534  5211 22763 I art     : Explicit concurrent mark sweep GC freed 1401(80KB) AllocSpace objects, 1(20KB) LOS objects, 30% free, 36MB/52MB, paused 1.122ms total 35.336ms
08-05 22:59:46.548  5211 22763 I art     : Starting a blocking GC Explicit
08-05 22:59:46.582  5211 22763 I art     : Explicit concurrent mark sweep GC freed 20(704B) AllocSpace objects, 0(0B) LOS objects, 30% free, 36MB/52MB, paused 1.057ms total 33.132ms
08-05 22:59:46.593  5211 22763 I art     : Starting a blocking GC Explicit
08-05 22:59:46.630  5211 22763 I art     : Explicit concurrent mark sweep GC freed 3(96B) AllocSpace objects, 0(0B) LOS objects, 30% free, 36MB/52MB, paused 1.159ms total 36.354ms
08-05 22:59:46.642  5211 22763 I art     : Starting a blocking GC Explicit
08-05 22:59:46.680  5211 22763 I art     : Explicit concurrent mark sweep GC freed 3(96B) AllocSpace objects, 0(0B) LOS objects, 30% free, 36MB/52MB, paused 1.141ms total 37.108ms
08-05 22:59:46.692  5211 22763 I art     : Starting a blocking GC Explicit
08-05 22:59:46.728  5211 22763 I art     : Explicit concurrent mark sweep GC freed 3(96B) AllocSpace objects, 0(0B) LOS objects, 30% free, 36MB/52MB, paused 1.264ms total 35.476ms
08-05 22:59:47.081  5211  5224 I art     : Starting a blocking GC Explicit
08-05 22:59:47.117  5211  5224 I art     : Explicit concurrent mark sweep GC freed 1398(80KB) AllocSpace objects, 1(20KB) LOS objects, 30% free, 36MB/52MB, paused 1.148ms total 35.019ms
08-05 22:59:47.129  5211  5224 I art     : Starting a blocking GC Explicit
08-05 22:59:47.166  5211  5224 I art     : Explicit concurrent mark sweep GC freed 20(704B) AllocSpace objects, 0(0B) LOS objects, 30% free, 36MB/52MB, paused 1.155ms total 36.881ms
08-05 22:59:47.178  5211  5224 I art     : Starting a blocking GC Explicit
08-05 22:59:47.215  5211  5224 I art     : Explicit concurrent mark sweep GC freed 3(96B) AllocSpace objects, 0(0B) LOS objects, 30% free, 36MB/52MB, paused 1.155ms total 36.243ms
08-05 22:59:47.227  5211  5224 I art     : Starting a blocking GC Explicit
08-05 22:59:47.265  5211  5224 I art     : Explicit concurrent mark sweep GC freed 3(96B) AllocSpace objects, 0(0B) LOS objects, 30% free, 36MB/52MB, paused 1.161ms total 37.650ms
08-05 22:59:47.278  5211  5224 I art     : Starting a blocking GC Explicit
08-05 22:59:47.315  5211  5224 I art     : Explicit concurrent mark sweep GC freed 3(96B) AllocSpace objects, 0(0B) LOS objects, 30% free, 36MB/52MB, paused 1.107ms total 36.558ms
08-05 22:59:47.555   518   646 I ThermalEngine: ACTION: GPU - Setting GPU[0] to 510000000
08-05 22:59:47.667  5211  5223 I art     : Starting a blocking GC Explicit
08-05 22:59:47.697  5211  5223 I art     : Explicit concurrent mark sweep GC freed 1398(80KB) AllocSpace objects, 1(20KB) LOS objects, 30% free, 36MB/52MB, paused 822us total 29.442ms
08-05 22:59:47.708  5211  5223 I art     : Starting a blocking GC Explicit
08-05 22:59:47.735  5211  5223 I art     : Explicit concurrent mark sweep GC freed 20(704B) AllocSpace objects, 0(0B) LOS objects, 30% free, 36MB/52MB, paused 845us total 26.716ms
08-05 22:59:47.745  5211  5223 I art     : Starting a blocking GC Explicit
08-05 22:59:47.771  5211  5223 I art     : Explicit concurrent mark sweep GC freed 3(96B) AllocSpace objects, 0(0B) LOS objects, 30% free, 36MB/52MB, paused 838us total 26.706ms
08-05 22:59:47.781  5211  5223 I art     : Starting a blocking GC Explicit
08-05 22:59:47.808  5211  5223 I art     : Explicit concurrent mark sweep GC freed 3(96B) AllocSpace objects, 0(0B) LOS objects, 30% free, 36MB/52MB, paused 859us total 27.308ms
08-05 22:59:47.817  5211  5223 I art     : Starting a blocking GC Explicit
08-05 22:59:47.844  5211  5223 I art     : Explicit concurrent mark sweep GC freed 3(96B) AllocSpace objects, 0(0B) LOS objects, 30% free, 36MB/52MB, paused 850us total 26.931ms
08-05 22:59:48.147   918  1210 D NetlinkSocketObserver: NeighborEvent{elapsedMs=1814992021, 192.168.2.254, [7C3953A63323], RTM_NEWNEIGH, NUD_STALE}
08-05 22:59:48.163  5211 22763 I art     : Starting a blocking GC Explicit
08-05 22:59:48.192  5211 22763 I art     : Explicit concurrent mark sweep GC freed 1398(80KB) AllocSpace objects, 1(20KB) LOS objects, 30% free, 36MB/52MB, paused 829us total 28.798ms
08-05 22:59:48.202  5211 22763 I art     : Starting a blocking GC Explicit
08-05 22:59:48.229  5211 22763 I art     : Explicit concurrent mark sweep GC freed 20(704B) AllocSpace objects, 0(0B) LOS objects, 30% free, 36MB/52MB, paused 817us total 27.625ms
08-05 22:59:48.239  5211 22763 I art     : Starting a blocking GC Explicit
08-05 22:59:48.267  5211 22763 I art     : Explicit concurrent mark sweep GC freed 3(96B) AllocSpace objects, 0(0B) LOS objects, 30% free, 36MB/52MB, paused 839us total 27.861ms
08-05 22:59:48.276  5211 22763 I art     : Starting a blocking GC Explicit
08-05 22:59:48.305  5211 22763 I art     : Explicit concurrent mark sweep GC freed 3(96B) AllocSpace objects, 0(0B) LOS objects, 30% free, 36MB/52MB, paused 825us total 27.810ms
08-05 22:59:48.314  5211 22763 I art     : Starting a blocking GC Explicit
08-05 22:59:48.342  5211 22763 I art     : Explicit concurrent mark sweep GC freed 3(96B) AllocSpace objects, 0(0B) LOS objects, 30% free, 36MB/52MB, paused 847us total 28.114ms
08-05 22:59:48.679  5211  5224 I art     : Starting a blocking GC Explicit
08-05 22:59:48.707  5211  5224 I art     : Explicit concurrent mark sweep GC freed 1398(80KB) AllocSpace objects, 1(20KB) LOS objects, 30% free, 36MB/52MB, paused 909us total 27.919ms
08-05 22:59:48.716  5211  5224 I art     : Starting a blocking GC Explicit
08-05 22:59:48.744  5211  5224 I art     : Explicit concurrent mark sweep GC freed 20(704B) AllocSpace objects, 0(0B) LOS objects, 30% free, 36MB/52MB, paused 820us total 27.681ms
08-05 22:59:48.754  5211  5224 I art     : Starting a blocking GC Explicit
08-05 22:59:48.781  5211  5224 I art     : Explicit concurrent mark sweep GC freed 3(96B) AllocSpace objects, 0(0B) LOS objects, 30% free, 36MB/52MB, paused 797us total 27.426ms
08-05 22:59:48.790  5211  5224 I art     : Starting a blocking GC Explicit
08-05 22:59:48.818  5211  5224 I art     : Explicit concurrent mark sweep GC freed 3(96B) AllocSpace objects, 0(0B) LOS objects, 30% free, 36MB/52MB, paused 864us total 27.532ms
08-05 22:59:48.828  5211  5224 I art     : Starting a blocking GC Explicit
08-05 22:59:48.856  5211  5224 I art     : Explicit concurrent mark sweep GC freed 3(96B) AllocSpace objects, 0(0B) LOS objects, 30% free, 36MB/52MB, paused 836us total 28.516ms
08-05 22:59:49.172  5211  5223 I art     : Starting a blocking GC Explicit
08-05 22:59:49.202  5211  5223 I art     : Explicit concurrent mark sweep GC freed 1398(80KB) AllocSpace objects, 1(20KB) LOS objects, 30% free, 36MB/52MB, paused 869us total 29.882ms
08-05 22:59:49.214  5211  5223 I art     : Starting a blocking GC Explicit
08-05 22:59:49.242  5211  5223 I art     : Explicit concurrent mark sweep GC freed 20(704B) AllocSpace objects, 0(0B) LOS objects, 30% free, 36MB/52MB, paused 856us total 27.791ms
08-05 22:59:49.252  5211  5223 I art     : Starting a blocking GC Explicit
08-05 22:59:49.279  5211  5223 I art     : Explicit concurrent mark sweep GC freed 3(96B) AllocSpace objects, 0(0B) LOS objects, 30% free, 36MB/52MB, paused 819us total 27.086ms
08-05 22:59:49.289  5211  5223 I art     : Starting a blocking GC Explicit
08-05 22:59:49.316  5211  5223 I art     : Explicit concurrent mark sweep GC freed 3(96B) AllocSpace objects, 0(0B) LOS objects, 30% free, 36MB/52MB, paused 849us total 27.336ms
08-05 22:59:49.325  5211  5223 I art     : Starting a blocking GC Explicit
08-05 22:59:49.353  5211  5223 I art     : Explicit concurrent mark sweep GC freed 3(96B) AllocSpace objects, 0(0B) LOS objects, 30% free, 36MB/52MB, paused 858us total 27.861ms
08-05 22:59:49.676  5211 22763 I art     : Starting a blocking GC Explicit
08-05 22:59:49.706  5211 22763 I art     : Explicit concurrent mark sweep GC freed 1417(81KB) AllocSpace objects, 1(20KB) LOS objects, 30% free, 36MB/52MB, paused 847us total 30.278ms
08-05 22:59:49.719  5211 22763 I art     : Starting a blocking GC Explicit
08-05 22:59:49.746  5211 22763 I art     : Explicit concurrent mark sweep GC freed 26(928B) AllocSpace objects, 0(0B) LOS objects, 30% free, 36MB/52MB, paused 823us total 27.550ms
08-05 22:59:49.756  5211 22763 I art     : Starting a blocking GC Explicit
08-05 22:59:49.784  5211 22763 I art     : Explicit concurrent mark sweep GC freed 3(96B) AllocSpace objects, 0(0B) LOS objects, 30% free, 36MB/52MB, paused 855us total 27.641ms
08-05 22:59:49.793  5211 22763 I art     : Starting a blocking GC Explicit
08-05 22:59:49.821  5211 22763 I art     : Explicit concurrent mark sweep GC freed 3(96B) AllocSpace objects, 0(0B) LOS objects, 30% free, 36MB/52MB, paused 838us total 27.758ms
08-05 22:59:49.830  5211 22763 I art     : Starting a blocking GC Explicit
08-05 22:59:49.858  5211 22763 I art     : Explicit concurrent mark sweep GC freed 3(96B) AllocSpace objects, 0(0B) LOS objects, 30% free, 36MB/52MB, paused 828us total 27.972ms
08-05 22:59:50.194  5211  5224 I art     : Starting a blocking GC Explicit
08-05 22:59:50.224  5211  5224 I art     : Explicit concurrent mark sweep GC freed 1398(80KB) AllocSpace objects, 1(20KB) LOS objects, 30% free, 36MB/52MB, paused 853us total 29.738ms
08-05 22:59:50.235  5211  5224 I art     : Starting a blocking GC Explicit
08-05 22:59:50.263  5211  5224 I art     : Explicit concurrent mark sweep GC freed 20(704B) AllocSpace objects, 0(0B) LOS objects, 30% free, 36MB/52MB, paused 820us total 27.340ms
08-05 22:59:50.272  5211  5224 I art     : Starting a blocking GC Explicit
08-05 22:59:50.299  5211  5224 I art     : Explicit concurrent mark sweep GC freed 3(96B) AllocSpace objects, 0(0B) LOS objects, 30% free, 36MB/52MB, paused 799us total 26.779ms
08-05 22:59:50.309  5211  5224 I art     : Starting a blocking GC Explicit
08-05 22:59:50.325 22733 22733 I ServiceManager: Waiting for service AtCmdFwd...
08-05 22:59:50.336  5211  5224 I art     : Explicit concurrent mark sweep GC freed 3(96B) AllocSpace objects, 0(0B) LOS objects, 30% free, 36MB/52MB, paused 860us total 27.143ms
08-05 22:59:50.345  5211  5224 I art     : Starting a blocking GC Explicit
08-05 22:59:50.373  5211  5224 I art     : Explicit concurrent mark sweep GC freed 3(96B) AllocSpace objects, 0(0B) LOS objects, 30% free, 36MB/52MB, paused 938us total 27.943ms
08-05 22:59:50.718  5211  5223 I art     : Starting a blocking GC Explicit
08-05 22:59:50.746  5211  5223 I art     : Explicit concurrent mark sweep GC freed 1398(80KB) AllocSpace objects, 1(20KB) LOS objects, 30% free, 36MB/52MB, paused 841us total 27.782ms
08-05 22:59:50.755  5211  5223 I art     : Starting a blocking GC Explicit
08-05 22:59:50.782  5211  5223 I art     : Explicit concurrent mark sweep GC freed 20(704B) AllocSpace objects, 0(0B) LOS objects, 30% free, 36MB/52MB, paused 830us total 26.846ms
08-05 22:59:50.792  5211  5223 I art     : Starting a blocking GC Explicit
08-05 22:59:50.819  5211  5223 I art     : Explicit concurrent mark sweep GC freed 3(96B) AllocSpace objects, 0(0B) LOS objects, 30% free, 36MB/52MB, paused 845us total 27.469ms
08-05 22:59:50.829  5211  5223 I art     : Starting a blocking GC Explicit
08-05 22:59:50.856  5211  5223 I art     : Explicit concurrent mark sweep GC freed 3(96B) AllocSpace objects, 0(0B) LOS objects, 30% free, 36MB/52MB, paused 852us total 27.147ms
08-05 22:59:50.865  5211  5223 I art     : Starting a blocking GC Explicit
08-05 22:59:50.893  5211  5223 I art     : Explicit concurrent mark sweep GC freed 3(96B) AllocSpace objects, 0(0B) LOS objects, 30% free, 36MB/52MB, paused 840us total 27.617ms
08-05 22:59:51.218  5211 22763 I art     : Starting a blocking GC Explicit
08-05 22:59:51.246  5211 22763 I art     : Explicit concurrent mark sweep GC freed 1398(80KB) AllocSpace objects, 1(20KB) LOS objects, 30% free, 36MB/52MB, paused 879us total 28.099ms
08-05 22:59:51.256  5211 22763 I art     : Starting a blocking GC Explicit
08-05 22:59:51.283  5211 22763 I art     : Explicit concurrent mark sweep GC freed 20(704B) AllocSpace objects, 0(0B) LOS objects, 30% free, 36MB/52MB, paused 832us total 26.688ms
08-05 22:59:51.292  5211 22763 I art     : Starting a blocking GC Explicit
08-05 22:59:51.319  5211 22763 I art     : Explicit concurrent mark sweep GC freed 3(96B) AllocSpace objects, 0(0B) LOS objects, 30% free, 36MB/52MB, paused 832us total 26.695ms
08-05 22:59:51.326 22733 22733 I ServiceManager: Waiting for service AtCmdFwd...
08-05 22:59:51.328  5211 22763 I art     : Starting a blocking GC Explicit
08-05 22:59:51.355  5211 22763 I art     : Explicit concurrent mark sweep GC freed 3(96B) AllocSpace objects, 0(0B) LOS objects, 30% free, 36MB/52MB, paused 875us total 26.577ms
08-05 22:59:51.364  5211 22763 I art     : Starting a blocking GC Explicit
08-05 22:59:51.392  5211 22763 I art     : Explicit concurrent mark sweep GC freed 3(96B) AllocSpace objects, 0(0B) LOS objects, 30% free, 36MB/52MB, paused 853us total 27.420ms
08-05 22:59:51.558 23601 23601 D AndroidRuntime: >>>>>> START com.android.internal.os.RuntimeInit uid 2000 <<<<<<
08-05 22:59:51.563 23601 23601 D AndroidRuntime: CheckJNI is OFF
08-05 22:59:51.595 23601 23601 D ICU     : No timezone override file found: /data/misc/zoneinfo/current/icu/icu_tzdata.dat
08-05 22:59:51.626 23601 23601 I Radio-JNI: register_android_hardware_Radio DONE
08-05 22:59:51.648 23601 23601 D AndroidRuntime: Calling main entry com.android.commands.input.Input
08-05 22:59:51.649 23601 23601 I Input   : injectKeyEvent: KeyEvent { action=ACTION_DOWN, keyCode=KEYCODE_BACK, scanCode=0, metaState=0, flags=0x0, repeatCount=0, eventTime=831608062, downTime=831608062, deviceId=-1, source=0x101 }
08-05 22:59:51.656 23601 23601 I Input   : injectKeyEvent: KeyEvent { action=ACTION_UP, keyCode=KEYCODE_BACK, scanCode=0, metaState=0, flags=0x0, repeatCount=0, eventTime=831608062, downTime=831608062, deviceId=-1, source=0x101 }
08-05 22:59:51.664 23601 23601 D AndroidRuntime: Shutting down VM
08-05 22:59:51.721  5211 22763 I art     : Starting a blocking GC Explicit
08-05 22:59:51.748  5211 22763 I art     : Explicit concurrent mark sweep GC freed 1610(119KB) AllocSpace objects, 3(60KB) LOS objects, 30% free, 36MB/52MB, paused 950us total 26.548ms
08-05 22:59:51.757  5211 22763 I art     : Starting a blocking GC Explicit
08-05 22:59:51.781 13866 13866 I GoogleInputMethodServic: GoogleInputMethodService.onFinishInput():3138 
08-05 22:59:51.781 13866 13866 I GoogleInputMethodServic: GoogleInputMethodService.onStartInput():1808 
08-05 22:59:51.786  5211 22763 I art     : Explicit concurrent mark sweep GC freed 1867(143KB) AllocSpace objects, 4(80KB) LOS objects, 30% free, 36MB/52MB, paused 1.670ms total 28.101ms
08-05 22:59:51.797  5211 22763 I art     : Starting a blocking GC Explicit
08-05 22:59:51.822  5211 22763 I art     : Explicit concurrent mark sweep GC freed 704(69KB) AllocSpace objects, 2(40KB) LOS objects, 30% free, 36MB/52MB, paused 1.006ms total 24.859ms
08-05 22:59:51.831  5211 22763 I art     : Starting a blocking GC Explicit
08-05 22:59:51.858  5211 22763 I art     : Explicit concurrent mark sweep GC freed 574(39KB) AllocSpace objects, 1(20KB) LOS objects, 30% free, 36MB/52MB, paused 1.088ms total 26.050ms
08-05 22:59:51.866  5211 22763 I art     : Starting a blocking GC Explicit
08-05 22:59:51.892  5211 22763 I art     : Explicit concurrent mark sweep GC freed 81(4KB) AllocSpace objects, 1(28KB) LOS objects, 30% free, 36MB/52MB, paused 825us total 24.893ms
08-05 22:59:52.170  5211 23628 I art     : Starting a blocking GC Explicit
08-05 22:59:52.201  5211 23628 I art     : Explicit concurrent mark sweep GC freed 2739(145KB) AllocSpace objects, 1(20KB) LOS objects, 30% free, 36MB/52MB, paused 964us total 30.033ms
08-05 22:59:52.212  5211 23628 I art     : Starting a blocking GC Explicit
08-05 22:59:52.243  5211 23628 I art     : Explicit concurrent mark sweep GC freed 155(7KB) AllocSpace objects, 0(0B) LOS objects, 30% free, 36MB/52MB, paused 1.010ms total 30.982ms
08-05 22:59:52.252  5211 23628 I art     : Starting a blocking GC Explicit
08-05 22:59:52.284  5211 23628 I art     : Explicit concurrent mark sweep GC freed 7(224B) AllocSpace objects, 0(0B) LOS objects, 30% free, 36MB/52MB, paused 934us total 31.550ms
08-05 22:59:52.294  5211 23628 I art     : Starting a blocking GC Explicit
08-05 22:59:52.325  5211 23628 I art     : Explicit concurrent mark sweep GC freed 2308(121KB) AllocSpace objects, 0(0B) LOS objects, 30% free, 37MB/53MB, paused 1.277ms total 31.010ms
08-05 22:59:52.327 22733 22733 I ServiceManager: Waiting for service AtCmdFwd...
08-05 22:59:52.334  5211 23628 I art     : Starting a blocking GC Explicit
08-05 22:59:52.362  5211 23628 I art     : Explicit concurrent mark sweep GC freed 1020(119KB) AllocSpace objects, 3(200KB) LOS objects, 30% free, 36MB/52MB, paused 977us total 28.040ms
08-05 22:59:52.364  5211 23625 I NAPPA_EXPERIMENTATION: MetricNetworkRequestExecutionTime: REQUEST_DURATION_SYSTEM='569',REQUEST_DURATION_OKHTTP='36',REQUEST_SYNCHRONOUS='TRUE',RESPONSE_CODE='200',RESPONSE_METHOD='GET',RESPONSE_LENGTH_OKHTTP='-1',RESPONSE_LENGTH_HEADER='12364',REQUEST_PROTOCOL='http/1.1',REQUEST_URL='https://www.newsblur.com/social/river_stories?order=newest&page=2&read_filter=all&global_feed=true',
08-05 22:59:52.364  5211 23625 D MY_TAG  : 0, 569
08-05 22:59:52.459   918  3261 D WifiStateMachine: starting scan for "H369AA63323"WPA_PSK with 2412,5180
08-05 22:59:52.677  5211  5224 I art     : Starting a blocking GC Explicit
08-05 22:59:52.715  5211  5224 I art     : Explicit concurrent mark sweep GC freed 35118(2MB) AllocSpace objects, 33(860KB) LOS objects, 30% free, 36MB/52MB, paused 839us total 36.711ms
08-05 22:59:52.715  5211  5222 I art     : WaitForGcToComplete blocked for 17.378ms for cause HeapTrim
08-05 22:59:52.725  5211  5224 I art     : Starting a blocking GC Explicit
08-05 22:59:52.753  5211  5224 I art     : Explicit concurrent mark sweep GC freed 2373(202KB) AllocSpace objects, 0(0B) LOS objects, 30% free, 36MB/52MB, paused 958us total 28.352ms
08-05 22:59:52.763  5211  5224 I art     : Starting a blocking GC Explicit
08-05 22:59:52.790  5211  5224 I art     : Explicit concurrent mark sweep GC freed 8(256B) AllocSpace objects, 0(0B) LOS objects, 30% free, 36MB/52MB, paused 805us total 27.442ms
08-05 22:59:52.800  5211  5224 I art     : Starting a blocking GC Explicit
08-05 22:59:52.828  5211  5224 I art     : Explicit concurrent mark sweep GC freed 7(224B) AllocSpace objects, 0(0B) LOS objects, 30% free, 36MB/52MB, paused 897us total 27.536ms
08-05 22:59:52.839  5211  5224 I art     : Starting a blocking GC Explicit
08-05 22:59:52.868  5211  5224 I art     : Explicit concurrent mark sweep GC freed 7(224B) AllocSpace objects, 0(0B) LOS objects, 30% free, 36MB/52MB, paused 876us total 29.080ms
08-05 22:59:53.165  5211 22763 I art     : Starting a blocking GC Explicit
08-05 22:59:53.194  5211 22763 I art     : Explicit concurrent mark sweep GC freed 1441(82KB) AllocSpace objects, 1(20KB) LOS objects, 30% free, 36MB/52MB, paused 872us total 28.526ms
08-05 22:59:53.205  5211 22763 I art     : Starting a blocking GC Explicit
08-05 22:59:53.235  5211 22763 I art     : Explicit concurrent mark sweep GC freed 25(864B) AllocSpace objects, 0(0B) LOS objects, 30% free, 36MB/52MB, paused 936us total 30.107ms
08-05 22:59:53.244  5211 22763 I art     : Starting a blocking GC Explicit
08-05 22:59:53.272  5211 22763 I art     : Explicit concurrent mark sweep GC freed 3(96B) AllocSpace objects, 0(0B) LOS objects, 30% free, 36MB/52MB, paused 852us total 27.780ms
08-05 22:59:53.282  5211 22763 I art     : Starting a blocking GC Explicit
08-05 22:59:53.301 23653 23653 D AndroidRuntime: >>>>>> START com.android.internal.os.RuntimeInit uid 2000 <<<<<<
08-05 22:59:53.305 23653 23653 D AndroidRuntime: CheckJNI is OFF
08-05 22:59:53.307  5211 22763 I art     : Explicit concurrent mark sweep GC freed 3(96B) AllocSpace objects, 0(0B) LOS objects, 30% free, 36MB/52MB, paused 931us total 25.236ms
08-05 22:59:53.316  5211 22763 I art     : Starting a blocking GC Explicit
08-05 22:59:53.328 22733 22733 I ServiceManager: Waiting for service AtCmdFwd...
08-05 22:59:53.340 23653 23653 D ICU     : No timezone override file found: /data/misc/zoneinfo/current/icu/icu_tzdata.dat
08-05 22:59:53.342  5211 22763 I art     : Explicit concurrent mark sweep GC freed 3(96B) AllocSpace objects, 0(0B) LOS objects, 30% free, 36MB/52MB, paused 961us total 26.461ms
08-05 22:59:53.375 23653 23653 I Radio-JNI: register_android_hardware_Radio DONE
08-05 22:59:53.397 23653 23653 D AndroidRuntime: Calling main entry com.android.commands.input.Input
08-05 22:59:53.398 23653 23653 I Input   : injectMotionEvent: MotionEvent { action=ACTION_DOWN, actionButton=0, id[0]=0, x[0]=435.0, y[0]=858.0, toolType[0]=TOOL_TYPE_UNKNOWN, buttonState=0, metaState=0, flags=0x0, edgeFlags=0x0, pointerCount=1, historySize=0, eventTime=831609811, downTime=831609811, deviceId=0, source=0x1002 }
08-05 22:59:53.405 23653 23653 I Input   : injectMotionEvent: MotionEvent { action=ACTION_UP, actionButton=0, id[0]=0, x[0]=435.0, y[0]=858.0, toolType[0]=TOOL_TYPE_UNKNOWN, buttonState=0, metaState=0, flags=0x0, edgeFlags=0x0, pointerCount=1, historySize=0, eventTime=831609811, downTime=831609811, deviceId=0, source=0x1002 }
08-05 22:59:53.407 23653 23653 D AndroidRuntime: Shutting down VM
08-05 22:59:53.423   512  2967 D audio_hw_primary: out_set_parameters: enter: usecase(1: low-latency-playback) kvpairs: routing=2
08-05 22:59:53.427   918  4413 I ActivityManager: START u0 {cmp=baseline.com.newsblur/.activity.GlobalSharedStoriesReading (has extras)} from uid 10698 on display 0
08-05 22:59:53.437   512  2967 D audio_hw_primary: select_devices: out_snd_device(2: speaker) in_snd_device(0: none)
08-05 22:59:53.437   512  2967 D msm8974_platform: platform_send_audio_calibration: sending audio calibration for snd_device(2) acdb_id(15)
08-05 22:59:53.437   512  2967 I soundtrigger: audio_extn_sound_trigger_update_device_status: device 0x2 of type 0 for Event 1
08-05 22:59:53.448   512  2967 D audio_hw_primary: enable_snd_device: snd_device(2: speaker)
08-05 22:59:53.450   512  2967 D audio_hw_primary: enable_audio_route: apply and update mixer path: low-latency-playback speaker
08-05 22:59:53.610  5211 22763 I art     : Starting a blocking GC Explicit
08-05 22:59:53.625   918   936 I ActivityManager: Displayed baseline.com.newsblur/.activity.GlobalSharedStoriesReading: +190ms
08-05 22:59:53.628 13866 13866 I GoogleInputMethodServic: GoogleInputMethodService.onFinishInput():3138 
08-05 22:59:53.629 13866 13866 I GoogleInputMethodServic: GoogleInputMethodService.onStartInput():1808 
08-05 22:59:53.643  5211 22763 I art     : Explicit concurrent mark sweep GC freed 3452(280KB) AllocSpace objects, 7(568KB) LOS objects, 30% free, 36MB/52MB, paused 1.302ms total 32.184ms
08-05 22:59:53.653  5211 22763 I art     : Starting a blocking GC Explicit
08-05 22:59:53.685  5211 22763 I art     : Explicit concurrent mark sweep GC freed 1926(122KB) AllocSpace objects, 2(40KB) LOS objects, 30% free, 37MB/53MB, paused 1.390ms total 32.164ms
08-05 22:59:53.695  5211 22763 I art     : Starting a blocking GC Explicit
08-05 22:59:53.726  5211 22763 I art     : Explicit concurrent mark sweep GC freed 1061(63KB) AllocSpace objects, 1(20KB) LOS objects, 30% free, 37MB/53MB, paused 1.230ms total 30.650ms
08-05 22:59:53.737  5211 22763 I art     : Starting a blocking GC Explicit
08-05 22:59:53.767  5211 22763 I art     : Explicit concurrent mark sweep GC freed 1090(88KB) AllocSpace objects, 10(244KB) LOS objects, 30% free, 37MB/53MB, paused 1.089ms total 30.755ms
08-05 22:59:53.779  5211 22763 I art     : Starting a blocking GC Explicit
08-05 22:59:53.809  5211 22763 I art     : Explicit concurrent mark sweep GC freed 425(65KB) AllocSpace objects, 0(0B) LOS objects, 30% free, 37MB/53MB, paused 999us total 30.172ms
08-05 22:59:53.886  5211 23368 E chromium: [ERROR:tile_manager.cc(793)] WARNING: tile memory limits exceeded, some content may not draw
08-05 22:59:53.887  5211 23368 E chromium: [ERROR:tile_manager.cc(793)] WARNING: tile memory limits exceeded, some content may not draw
08-05 22:59:53.979   512  2967 D audio_hw_primary: disable_audio_route: reset and update mixer path: low-latency-playback speaker
08-05 22:59:53.981   512  2967 D audio_hw_primary: disable_snd_device: snd_device(2: speaker)
08-05 22:59:53.990   512  2967 I soundtrigger: audio_extn_sound_trigger_update_device_status: device 0x2 of type 0 for Event 0
08-05 22:59:54.123  5211  5223 I art     : Starting a blocking GC Explicit
08-05 22:59:54.161  5211  5223 I art     : Explicit concurrent mark sweep GC freed 5741(427KB) AllocSpace objects, 10(208KB) LOS objects, 29% free, 37MB/53MB, paused 963us total 37.721ms
08-05 22:59:54.172  5211  5223 I art     : Starting a blocking GC Explicit
08-05 22:59:54.207  5211  5223 I art     : Explicit concurrent mark sweep GC freed 994(47KB) AllocSpace objects, 0(0B) LOS objects, 29% free, 37MB/53MB, paused 925us total 34.332ms
08-05 22:59:54.216  5211  5223 I art     : Starting a blocking GC Explicit
08-05 22:59:54.248  5211  5223 I art     : Explicit concurrent mark sweep GC freed 3(96B) AllocSpace objects, 0(0B) LOS objects, 29% free, 37MB/53MB, paused 1.071ms total 31.755ms
08-05 22:59:54.258  5211  5223 I art     : Starting a blocking GC Explicit
08-05 22:59:54.291  5211  5223 I art     : Explicit concurrent mark sweep GC freed 3(96B) AllocSpace objects, 0(0B) LOS objects, 29% free, 37MB/53MB, paused 1.130ms total 32.396ms
08-05 22:59:54.302  5211  5223 I art     : Starting a blocking GC Explicit
08-05 22:59:54.328 22733 22733 I ServiceManager: Waiting for service AtCmdFwd...
08-05 22:59:54.334  5211  5223 I art     : Explicit concurrent mark sweep GC freed 3(96B) AllocSpace objects, 0(0B) LOS objects, 29% free, 37MB/53MB, paused 1.025ms total 32.126ms
08-05 22:59:54.415  5211 23688 E baseline.com.newsblur.network.APIResponse: Error (unexpected end of stream on https://www.newsblur.com/...) calling https://www.newsblur.com/reader/mark_story_hashes_as_read/
08-05 22:59:54.415  5211 23688 E baseline.com.newsblur.network.APIResponse: java.io.IOException: unexpected end of stream on https://www.newsblur.com/...
08-05 22:59:54.415  5211 23688 E baseline.com.newsblur.network.APIResponse: 	at okhttp3.internal.http1.Http1ExchangeCodec.readResponseHeaders(Http1ExchangeCodec.java:236)
08-05 22:59:54.415  5211 23688 E baseline.com.newsblur.network.APIResponse: 	at okhttp3.internal.connection.Exchange.readResponseHeaders(Exchange.java:115)
08-05 22:59:54.415  5211 23688 E baseline.com.newsblur.network.APIResponse: 	at okhttp3.internal.http.CallServerInterceptor.intercept(CallServerInterceptor.java:94)
08-05 22:59:54.415  5211 23688 E baseline.com.newsblur.network.APIResponse: 	at okhttp3.internal.http.RealInterceptorChain.proceed(RealInterceptorChain.java:142)
08-05 22:59:54.415  5211 23688 E baseline.com.newsblur.network.APIResponse: 	at okhttp3.internal.connection.ConnectInterceptor.intercept(ConnectInterceptor.java:43)
08-05 22:59:54.415  5211 23688 E baseline.com.newsblur.network.APIResponse: 	at okhttp3.internal.http.RealInterceptorChain.proceed(RealInterceptorChain.java:142)
08-05 22:59:54.415  5211 23688 E baseline.com.newsblur.network.APIResponse: 	at okhttp3.internal.http.RealInterceptorChain.proceed(RealInterceptorChain.java:117)
08-05 22:59:54.415  5211 23688 E baseline.com.newsblur.network.APIResponse: 	at okhttp3.internal.cache.CacheInterceptor.intercept(CacheInterceptor.java:94)
08-05 22:59:54.415  5211 23688 E baseline.com.newsblur.network.APIResponse: 	at okhttp3.internal.http.RealInterceptorChain.proceed(RealInterceptorChain.java:142)
08-05 22:59:54.415  5211 23688 E baseline.com.newsblur.network.APIResponse: 	at okhttp3.internal.http.RealInterceptorChain.proceed(RealInterceptorChain.java:117)
08-05 22:59:54.415  5211 23688 E baseline.com.newsblur.network.APIResponse: 	at okhttp3.internal.http.BridgeInterceptor.intercept(BridgeInterceptor.java:93)
08-05 22:59:54.415  5211 23688 E baseline.com.newsblur.network.APIResponse: 	at okhttp3.internal.http.RealInterceptorChain.proceed(RealInterceptorChain.java:142)
08-05 22:59:54.415  5211 23688 E baseline.com.newsblur.network.APIResponse: 	at okhttp3.internal.http.RetryAndFollowUpInterceptor.intercept(RetryAndFollowUpInterceptor.java:88)
08-05 22:59:54.415  5211 23688 E baseline.com.newsblur.network.APIResponse: 	at okhttp3.internal.http.RealInterceptorChain.proceed(RealInterceptorChain.java:142)
08-05 22:59:54.415  5211 23688 E baseline.com.newsblur.network.APIResponse: 	at okhttp3.internal.http.RealInterceptorChain.proceed(RealInterceptorChain.java:117)
08-05 22:59:54.415  5211 23688 E baseline.com.newsblur.network.APIResponse: 	at okhttp3.RealCall.getResponseWithInterceptorChain(RealCall.java:229)
08-05 22:59:54.415  5211 23688 E baseline.com.newsblur.network.APIResponse: 	at okhttp3.RealCall.execute(RealCall.java:81)
08-05 22:59:54.415  5211 23688 E baseline.com.newsblur.network.APIResponse: 	at baseline.com.newsblur.network.APIResponse.<init>(APIResponse.java:57)
08-05 22:59:54.415  5211 23688 E baseline.com.newsblur.network.APIResponse: 	at baseline.com.newsblur.network.APIResponse.<init>(APIResponse.java:43)
08-05 22:59:54.415  5211 23688 E baseline.com.newsblur.network.APIResponse: 	at baseline.com.newsblur.network.APIManager.post_single(APIManager.java:702)
08-05 22:59:54.415  5211 23688 E baseline.com.newsblur.network.APIResponse: 	at baseline.com.newsblur.network.APIManager.post(APIManager.java:675)
08-05 22:59:54.415  5211 23688 E baseline.com.newsblur.network.APIResponse: 	at baseline.com.newsblur.network.APIManager.post(APIManager.java:714)
08-05 22:59:54.415  5211 23688 E baseline.com.newsblur.network.APIResponse: 	at baseline.com.newsblur.network.APIManager.markStoryAsRead(APIManager.java:205)
08-05 22:59:54.415  5211 23688 E baseline.com.newsblur.network.APIResponse: 	at baseline.com.newsblur.util.ReadingAction.doRemote(ReadingAction.java:281)
08-05 22:59:54.415  5211 23688 E baseline.com.newsblur.network.APIResponse: 	at baseline.com.newsblur.service.NBSyncService.syncActions(NBSyncService.java:400)
08-05 22:59:54.415  5211 23688 E baseline.com.newsblur.network.APIResponse: 	at baseline.com.newsblur.service.NBSyncService.doSync(NBSyncService.java:298)
08-05 22:59:54.415  5211 23688 E baseline.com.newsblur.network.APIResponse: 	at baseline.com.newsblur.service.NBSyncService.access$100(NBSyncService.java:67)
08-05 22:59:54.415  5211 23688 E baseline.com.newsblur.network.APIResponse: 	at baseline.com.newsblur.service.NBSyncService$1.run(NBSyncService.java:188)
08-05 22:59:54.415  5211 23688 E baseline.com.newsblur.network.APIResponse: 	at java.util.concurrent.ThreadPoolExecutor.runWorker(ThreadPoolExecutor.java:1113)
08-05 22:59:54.415  5211 23688 E baseline.com.newsblur.network.APIResponse: 	at java.util.concurrent.ThreadPoolExecutor$Worker.run(ThreadPoolExecutor.java:588)
08-05 22:59:54.415  5211 23688 E baseline.com.newsblur.network.APIResponse: 	at java.lang.Thread.run(Thread.java:818)
08-05 22:59:54.415  5211 23688 E baseline.com.newsblur.network.APIResponse: Caused by: java.io.EOFException: \n not found: limit=0 content=
08-05 22:59:54.415  5211 23688 E baseline.com.newsblur.network.APIResponse: 	at okio.RealBufferedSource.readUtf8LineStrict(RealBufferedSource.java:240)
08-05 22:59:54.415  5211 23688 E baseline.com.newsblur.network.APIResponse: 	at okhttp3.internal.http1.Http1ExchangeCodec.readHeaderLine(Http1ExchangeCodec.java:242)
08-05 22:59:54.415  5211 23688 E baseline.com.newsblur.network.APIResponse: 	at okhttp3.internal.http1.Http1ExchangeCodec.readResponseHeaders(Http1ExchangeCodec.java:213)
08-05 22:59:54.415  5211 23688 E baseline.com.newsblur.network.APIResponse: 	... 30 more
08-05 22:59:54.416  5211 23688 I baseline.com.newsblur.network.APIManager: API call failed, pausing before retry number 1
08-05 22:59:54.645  5211  5224 I art     : Starting a blocking GC Explicit
08-05 22:59:54.681  5211  5224 I art     : Explicit concurrent mark sweep GC freed 4692(417KB) AllocSpace objects, 6(260KB) LOS objects, 29% free, 37MB/53MB, paused 1.011ms total 35.023ms
08-05 22:59:54.692  5211  5224 I art     : Starting a blocking GC Explicit
08-05 22:59:54.725  5211  5224 I art     : Explicit concurrent mark sweep GC freed 999(118KB) AllocSpace objects, 0(0B) LOS objects, 29% free, 37MB/53MB, paused 882us total 32.282ms
08-05 22:59:54.735  5211  5224 I art     : Starting a blocking GC Explicit
08-05 22:59:54.765  5211  5224 I art     : Explicit concurrent mark sweep GC freed 3(96B) AllocSpace objects, 0(0B) LOS objects, 29% free, 37MB/53MB, paused 941us total 29.972ms
08-05 22:59:54.775  5211  5224 I art     : Starting a blocking GC Explicit
08-05 22:59:54.807  5211  5224 I art     : Explicit concurrent mark sweep GC freed 3(96B) AllocSpace objects, 0(0B) LOS objects, 29% free, 37MB/53MB, paused 1.023ms total 32.147ms
08-05 22:59:54.817  5211  5224 I art     : Starting a blocking GC Explicit
08-05 22:59:54.849  5211  5224 I art     : Explicit concurrent mark sweep GC freed 3(96B) AllocSpace objects, 0(0B) LOS objects, 29% free, 37MB/53MB, paused 970us total 31.005ms
08-05 22:59:54.926  5211 23368 E chromium: [ERROR:tile_manager.cc(793)] WARNING: tile memory limits exceeded, some content may not draw
08-05 22:59:54.927  5211 23368 E chromium: [ERROR:tile_manager.cc(793)] WARNING: tile memory limits exceeded, some content may not draw
08-05 22:59:54.941  5211 23368 E chromium: [ERROR:tile_manager.cc(793)] WARNING: tile memory limits exceeded, some content may not draw
08-05 22:59:54.941  5211 23368 E chromium: [ERROR:tile_manager.cc(793)] WARNING: tile memory limits exceeded, some content may not draw
08-05 22:59:54.956  5211 23368 E chromium: [ERROR:tile_manager.cc(793)] WARNING: tile memory limits exceeded, some content may not draw
08-05 22:59:54.956  5211 23368 E chromium: [ERROR:tile_manager.cc(793)] WARNING: tile memory limits exceeded, some content may not draw
08-05 22:59:55.166  5211  5223 I art     : Starting a blocking GC Explicit
08-05 22:59:55.202  5211  5223 I art     : Explicit concurrent mark sweep GC freed 1558(86KB) AllocSpace objects, 1(20KB) LOS objects, 29% free, 37MB/53MB, paused 1.040ms total 36.114ms
08-05 22:59:55.213  5211  5223 I art     : Starting a blocking GC Explicit
08-05 22:59:55.245  5211  5223 I art     : Explicit concurrent mark sweep GC freed 22(784B) AllocSpace objects, 0(0B) LOS objects, 29% free, 37MB/53MB, paused 851us total 32.016ms
08-05 22:59:55.255  5211  5223 I art     : Starting a blocking GC Explicit
08-05 22:59:55.287  5211  5223 I art     : Explicit concurrent mark sweep GC freed 3(96B) AllocSpace objects, 0(0B) LOS objects, 29% free, 37MB/53MB, paused 1.001ms total 31.761ms
08-05 22:59:55.297  5211  5223 I art     : Starting a blocking GC Explicit
08-05 22:59:55.328 22733 22733 W Atfwd_Sendcmd: AtCmdFwd service not published, waiting... retryCnt : 5
08-05 22:59:55.329  5211  5223 I art     : Explicit concurrent mark sweep GC freed 3(96B) AllocSpace objects, 0(0B) LOS objects, 29% free, 37MB/53MB, paused 889us total 31.565ms
08-05 22:59:55.339  5211  5223 I art     : Starting a blocking GC Explicit
08-05 22:59:55.372  5211  5223 I art     : Explicit concurrent mark sweep GC freed 3(96B) AllocSpace objects, 0(0B) LOS objects, 29% free, 37MB/53MB, paused 960us total 32.772ms
08-05 22:59:55.571   518   646 I ThermalEngine: ACTION: GPU - Setting GPU[0] to 450000000
08-05 22:59:55.752  5211 22763 I art     : Starting a blocking GC Explicit
08-05 22:59:55.796  5211 22763 I art     : Explicit concurrent mark sweep GC freed 1440(83KB) AllocSpace objects, 1(20KB) LOS objects, 29% free, 37MB/53MB, paused 1.176ms total 43.575ms
08-05 22:59:55.809  5211 22763 I art     : Starting a blocking GC Explicit
08-05 22:59:55.850  5211 22763 I art     : Explicit concurrent mark sweep GC freed 22(784B) AllocSpace objects, 0(0B) LOS objects, 29% free, 37MB/53MB, paused 1.242ms total 39.946ms
08-05 22:59:55.863  5211 22763 I art     : Starting a blocking GC Explicit
08-05 22:59:55.905  5211 22763 I art     : Explicit concurrent mark sweep GC freed 3(96B) AllocSpace objects, 0(0B) LOS objects, 29% free, 37MB/53MB, paused 1.262ms total 41.440ms
08-05 22:59:55.918  5211 22763 I art     : Starting a blocking GC Explicit
08-05 22:59:55.973  5211 22763 I art     : Explicit concurrent mark sweep GC freed 92(3KB) AllocSpace objects, 0(0B) LOS objects, 29% free, 37MB/53MB, paused 1.238ms total 55.570ms
08-05 22:59:55.987  5211 22763 I art     : Starting a blocking GC Explicit
08-05 22:59:56.027  5211 22763 I art     : Explicit concurrent mark sweep GC freed 82(5KB) AllocSpace objects, 0(0B) LOS objects, 29% free, 37MB/53MB, paused 1.371ms total 40.296ms
08-05 22:59:56.376  5211 23628 I art     : Starting a blocking GC Explicit
08-05 22:59:56.420  5211 23628 I art     : Explicit concurrent mark sweep GC freed 3098(148KB) AllocSpace objects, 1(20KB) LOS objects, 29% free, 37MB/53MB, paused 1.485ms total 43.631ms
08-05 22:59:56.433  5211 23628 I art     : Starting a blocking GC Explicit
08-05 22:59:56.448  5211 23688 E baseline.com.newsblur.network.APIResponse: Error (unexpected end of stream on https://www.newsblur.com/...) calling https://www.newsblur.com/reader/mark_story_hashes_as_read/
08-05 22:59:56.448  5211 23688 E baseline.com.newsblur.network.APIResponse: java.io.IOException: unexpected end of stream on https://www.newsblur.com/...
08-05 22:59:56.448  5211 23688 E baseline.com.newsblur.network.APIResponse: 	at okhttp3.internal.http1.Http1ExchangeCodec.readResponseHeaders(Http1ExchangeCodec.java:236)
08-05 22:59:56.448  5211 23688 E baseline.com.newsblur.network.APIResponse: 	at okhttp3.internal.connection.Exchange.readResponseHeaders(Exchange.java:115)
08-05 22:59:56.448  5211 23688 E baseline.com.newsblur.network.APIResponse: 	at okhttp3.internal.http.CallServerInterceptor.intercept(CallServerInterceptor.java:94)
08-05 22:59:56.448  5211 23688 E baseline.com.newsblur.network.APIResponse: 	at okhttp3.internal.http.RealInterceptorChain.proceed(RealInterceptorChain.java:142)
08-05 22:59:56.448  5211 23688 E baseline.com.newsblur.network.APIResponse: 	at okhttp3.internal.connection.ConnectInterceptor.intercept(ConnectInterceptor.java:43)
08-05 22:59:56.448  5211 23688 E baseline.com.newsblur.network.APIResponse: 	at okhttp3.internal.http.RealInterceptorChain.proceed(RealInterceptorChain.java:142)
08-05 22:59:56.448  5211 23688 E baseline.com.newsblur.network.APIResponse: 	at okhttp3.internal.http.RealInterceptorChain.proceed(RealInterceptorChain.java:117)
08-05 22:59:56.448  5211 23688 E baseline.com.newsblur.network.APIResponse: 	at okhttp3.internal.cache.CacheInterceptor.intercept(CacheInterceptor.java:94)
08-05 22:59:56.448  5211 23688 E baseline.com.newsblur.network.APIResponse: 	at okhttp3.internal.http.RealInterceptorChain.proceed(RealInterceptorChain.java:142)
08-05 22:59:56.448  5211 23688 E baseline.com.newsblur.network.APIResponse: 	at okhttp3.internal.http.RealInterceptorChain.proceed(RealInterceptorChain.java:117)
08-05 22:59:56.448  5211 23688 E baseline.com.newsblur.network.APIResponse: 	at okhttp3.internal.http.BridgeInterceptor.intercept(BridgeInterceptor.java:93)
08-05 22:59:56.448  5211 23688 E baseline.com.newsblur.network.APIResponse: 	at okhttp3.internal.http.RealInterceptorChain.proceed(RealInterceptorChain.java:142)
08-05 22:59:56.448  5211 23688 E baseline.com.newsblur.network.APIResponse: 	at okhttp3.internal.http.RetryAndFollowUpInterceptor.intercept(RetryAndFollowUpInterceptor.java:88)
08-05 22:59:56.448  5211 23688 E baseline.com.newsblur.network.APIResponse: 	at okhttp3.internal.http.RealInterceptorChain.proceed(RealInterceptorChain.java:142)
08-05 22:59:56.448  5211 23688 E baseline.com.newsblur.network.APIResponse: 	at okhttp3.internal.http.RealInterceptorChain.proceed(RealInterceptorChain.java:117)
08-05 22:59:56.448  5211 23688 E baseline.com.newsblur.network.APIResponse: 	at okhttp3.RealCall.getResponseWithInterceptorChain(RealCall.java:229)
08-05 22:59:56.448  5211 23688 E baseline.com.newsblur.network.APIResponse: 	at okhttp3.RealCall.execute(RealCall.java:81)
08-05 22:59:56.448  5211 23688 E baseline.com.newsblur.network.APIResponse: 	at baseline.com.newsblur.network.APIResponse.<init>(APIResponse.java:57)
08-05 22:59:56.448  5211 23688 E baseline.com.newsblur.network.APIResponse: 	at baseline.com.newsblur.network.APIResponse.<init>(APIResponse.java:43)
08-05 22:59:56.448  5211 23688 E baseline.com.newsblur.network.APIResponse: 	at baseline.com.newsblur.network.APIManager.post_single(APIManager.java:702)
08-05 22:59:56.448  5211 23688 E baseline.com.newsblur.network.APIResponse: 	at baseline.com.newsblur.network.APIManager.post(APIManager.java:675)
08-05 22:59:56.448  5211 23688 E baseline.com.newsblur.network.APIResponse: 	at baseline.com.newsblur.network.APIManager.post(APIManager.java:714)
08-05 22:59:56.448  5211 23688 E baseline.com.newsblur.network.APIResponse: 	at baseline.com.newsblur.network.APIManager.markStoryAsRead(APIManager.java:205)
08-05 22:59:56.448  5211 23688 E baseline.com.newsblur.network.APIResponse: 	at baseline.com.newsblur.util.ReadingAction.doRemote(ReadingAction.java:281)
08-05 22:59:56.448  5211 23688 E baseline.com.newsblur.network.APIResponse: 	at baseline.com.newsblur.service.NBSyncService.syncActions(NBSyncService.java:400)
08-05 22:59:56.448  5211 23688 E baseline.com.newsblur.network.APIResponse: 	at baseline.com.newsblur.service.NBSyncService.doSync(NBSyncService.java:298)
08-05 22:59:56.448  5211 23688 E baseline.com.newsblur.network.APIResponse: 	at baseline.com.newsblur.service.NBSyncService.access$100(NBSyncService.java:67)
08-05 22:59:56.448  5211 23688 E baseline.com.newsblur.network.APIResponse: 	at baseline.com.newsblur.service.NBSyncService$1.run(NBSyncService.java:188)
08-05 22:59:56.448  5211 23688 E baseline.com.newsblur.network.APIResponse: 	at java.util.concurrent.ThreadPoolExecutor.runWorker(ThreadPoolExecutor.java:1113)
08-05 22:59:56.448  5211 23688 E baseline.com.newsblur.network.APIResponse: 	at java.util.concurrent.ThreadPoolExecutor$Worker.run(ThreadPoolExecutor.java:588)
08-05 22:59:56.448  5211 23688 E baseline.com.newsblur.network.APIResponse: 	at java.lang.Thread.run(Thread.java:818)
08-05 22:59:56.448  5211 23688 E baseline.com.newsblur.network.APIResponse: Caused by: java.io.EOFException: \n not found: limit=0 content=
08-05 22:59:56.448  5211 23688 E baseline.com.newsblur.network.APIResponse: 	at okio.RealBufferedSource.readUtf8LineStrict(RealBufferedSource.java:240)
08-05 22:59:56.448  5211 23688 E baseline.com.newsblur.network.APIResponse: 	at okhttp3.internal.http1.Http1ExchangeCodec.readHeaderLine(Http1ExchangeCodec.java:242)
08-05 22:59:56.448  5211 23688 E baseline.com.newsblur.network.APIResponse: 	at okhttp3.internal.http1.Http1ExchangeCodec.readResponseHeaders(Http1ExchangeCodec.java:213)
08-05 22:59:56.448  5211 23688 E baseline.com.newsblur.network.APIResponse: 	... 30 more
08-05 22:59:56.449  5211 23688 I baseline.com.newsblur.network.APIManager: API call failed, pausing before retry number 2
08-05 22:59:56.474  5211 23628 I art     : Explicit concurrent mark sweep GC freed 844(197KB) AllocSpace objects, 2(40KB) LOS objects, 29% free, 37MB/53MB, paused 1.151ms total 40.009ms
08-05 22:59:56.486  5211 23628 I art     : Starting a blocking GC Explicit
08-05 22:59:56.531  5211 23628 I art     : Explicit concurrent mark sweep GC freed 99(15KB) AllocSpace objects, 0(0B) LOS objects, 29% free, 37MB/53MB, paused 1.264ms total 44.886ms
08-05 22:59:56.545  5211 23628 I art     : Starting a blocking GC Explicit
08-05 22:59:56.587  5211 23628 I art     : Explicit concurrent mark sweep GC freed 25(832B) AllocSpace objects, 0(0B) LOS objects, 29% free, 37MB/53MB, paused 1.321ms total 41.538ms
08-05 22:59:56.599  5211 23628 I art     : Starting a blocking GC Explicit
08-05 22:59:56.641  5211 23628 I art     : Explicit concurrent mark sweep GC freed 3(96B) AllocSpace objects, 0(0B) LOS objects, 29% free, 37MB/53MB, paused 1.220ms total 41.280ms
08-05 22:59:57.013  5211 23628 I art     : Starting a blocking GC Explicit
08-05 22:59:57.059  5211 23628 I art     : Explicit concurrent mark sweep GC freed 1440(83KB) AllocSpace objects, 1(20KB) LOS objects, 29% free, 37MB/53MB, paused 1.755ms total 45.363ms
08-05 22:59:57.072  5211 23628 I art     : Starting a blocking GC Explicit
08-05 22:59:57.114  5211 23628 I art     : Explicit concurrent mark sweep GC freed 22(784B) AllocSpace objects, 0(0B) LOS objects, 29% free, 37MB/53MB, paused 1.186ms total 41.207ms
08-05 22:59:57.127  5211 23628 I art     : Starting a blocking GC Explicit
08-05 22:59:57.167  5211 23628 I art     : Explicit concurrent mark sweep GC freed 3(96B) AllocSpace objects, 0(0B) LOS objects, 29% free, 37MB/53MB, paused 1.293ms total 40.150ms
08-05 22:59:57.180  5211 23628 I art     : Starting a blocking GC Explicit
08-05 22:59:57.222  5211 23628 I art     : Explicit concurrent mark sweep GC freed 3(96B) AllocSpace objects, 0(0B) LOS objects, 29% free, 37MB/53MB, paused 1.306ms total 41.085ms
08-05 22:59:57.234  5211 23628 I art     : Starting a blocking GC Explicit
08-05 22:59:57.276  5211 23628 I art     : Explicit concurrent mark sweep GC freed 3(96B) AllocSpace objects, 0(0B) LOS objects, 29% free, 37MB/53MB, paused 1.297ms total 41.127ms
08-05 22:59:57.644  5211  5223 I art     : Starting a blocking GC Explicit
08-05 22:59:57.686  5211  5223 I art     : Explicit concurrent mark sweep GC freed 1440(83KB) AllocSpace objects, 1(20KB) LOS objects, 29% free, 37MB/53MB, paused 1.350ms total 41.856ms
08-05 22:59:57.699  5211  5223 I art     : Starting a blocking GC Explicit
08-05 22:59:57.735  5211  5223 I art     : Explicit concurrent mark sweep GC freed 22(784B) AllocSpace objects, 0(0B) LOS objects, 29% free, 37MB/53MB, paused 1.197ms total 35.748ms
08-05 22:59:57.747  5211  5223 I art     : Starting a blocking GC Explicit
08-05 22:59:57.784  5211  5223 I art     : Explicit concurrent mark sweep GC freed 3(96B) AllocSpace objects, 0(0B) LOS objects, 29% free, 37MB/53MB, paused 1.256ms total 37.145ms
08-05 22:59:57.785  5211  5222 I art     : WaitForGcToComplete blocked for 30.833ms for cause HeapTrim
08-05 22:59:57.796  5211  5223 I art     : Starting a blocking GC Explicit
08-05 22:59:57.837  5211  5223 I art     : Explicit concurrent mark sweep GC freed 3(96B) AllocSpace objects, 0(0B) LOS objects, 29% free, 37MB/53MB, paused 1.194ms total 40.090ms
08-05 22:59:57.850  5211  5223 I art     : Starting a blocking GC Explicit
08-05 22:59:57.891  5211  5223 I art     : Explicit concurrent mark sweep GC freed 3(96B) AllocSpace objects, 0(0B) LOS objects, 29% free, 37MB/53MB, paused 1.288ms total 40.296ms
08-05 22:59:58.157 23761 23761 D AndroidRuntime: >>>>>> START com.android.internal.os.RuntimeInit uid 2000 <<<<<<
08-05 22:59:58.162 23761 23761 D AndroidRuntime: CheckJNI is OFF
08-05 22:59:58.204 23761 23761 D ICU     : No timezone override file found: /data/misc/zoneinfo/current/icu/icu_tzdata.dat
08-05 22:59:58.234  5211 23628 I art     : Starting a blocking GC Explicit
08-05 22:59:58.246 23761 23761 I Radio-JNI: register_android_hardware_Radio DONE
08-05 22:59:58.276 23761 23761 D AndroidRuntime: Calling main entry com.android.commands.input.Input
08-05 22:59:58.278  5211 23628 I art     : Explicit concurrent mark sweep GC freed 1439(82KB) AllocSpace objects, 1(20KB) LOS objects, 29% free, 37MB/53MB, paused 1.508ms total 43.328ms
08-05 22:59:58.278 23761 23761 I Input   : injectKeyEvent: KeyEvent { action=ACTION_DOWN, keyCode=KEYCODE_BACK, scanCode=0, metaState=0, flags=0x0, repeatCount=0, eventTime=831614690, downTime=831614690, deviceId=-1, source=0x101 }
08-05 22:59:58.286 23761 23761 I Input   : injectKeyEvent: KeyEvent { action=ACTION_UP, keyCode=KEYCODE_BACK, scanCode=0, metaState=0, flags=0x0, repeatCount=0, eventTime=831614690, downTime=831614690, deviceId=-1, source=0x101 }
08-05 22:59:58.291  5211 23628 I art     : Starting a blocking GC Explicit
08-05 22:59:58.293 23761 23761 D AndroidRuntime: Shutting down VM
08-05 22:59:58.331  5211 23628 I art     : Explicit concurrent mark sweep GC freed 243(39KB) AllocSpace objects, 2(40KB) LOS objects, 29% free, 37MB/53MB, paused 1.187ms total 40.300ms
08-05 22:59:58.343  5211 23628 I art     : Starting a blocking GC Explicit
08-05 22:59:58.380  5211 23628 I art     : Explicit concurrent mark sweep GC freed 38(1456B) AllocSpace objects, 0(0B) LOS objects, 29% free, 37MB/53MB, paused 1.262ms total 37.063ms
08-05 22:59:58.392  5211 23628 I art     : Starting a blocking GC Explicit
08-05 22:59:58.434  5211 23628 I art     : Explicit concurrent mark sweep GC freed 580(43KB) AllocSpace objects, 1(20KB) LOS objects, 29% free, 37MB/53MB, paused 1.340ms total 40.658ms
08-05 22:59:58.448  5211 23628 I art     : Starting a blocking GC Explicit
08-05 22:59:58.460 13866 13866 I GoogleInputMethodServic: GoogleInputMethodService.onFinishInput():3138 
08-05 22:59:58.460 13866 13866 I GoogleInputMethodServic: GoogleInputMethodService.onStartInput():1808 
08-05 22:59:58.489  5211 23628 I art     : Explicit concurrent mark sweep GC freed 603(59KB) AllocSpace objects, 1(20KB) LOS objects, 29% free, 37MB/53MB, paused 1.353ms total 40.392ms
08-05 22:59:58.829  5211  5223 I art     : Starting a blocking GC Explicit
08-05 22:59:58.866  5211  5223 I art     : Explicit concurrent mark sweep GC freed 3864(219KB) AllocSpace objects, 3(68KB) LOS objects, 29% free, 37MB/53MB, paused 1.192ms total 37.570ms
08-05 22:59:58.879  5211  5223 I art     : Starting a blocking GC Explicit
08-05 22:59:58.920  5211  5223 I art     : Explicit concurrent mark sweep GC freed 157(7KB) AllocSpace objects, 0(0B) LOS objects, 29% free, 37MB/53MB, paused 1.307ms total 41.395ms
08-05 22:59:58.934  5211  5223 I art     : Starting a blocking GC Explicit
08-05 22:59:58.977  5211  5223 I art     : Explicit concurrent mark sweep GC freed 10(320B) AllocSpace objects, 0(0B) LOS objects, 29% free, 37MB/53MB, paused 1.445ms total 43.527ms
08-05 22:59:58.991  5211  5223 I art     : Starting a blocking GC Explicit
08-05 22:59:59.035  5211  5223 I art     : Explicit concurrent mark sweep GC freed 10(320B) AllocSpace objects, 0(0B) LOS objects, 29% free, 37MB/53MB, paused 1.312ms total 43.004ms
08-05 22:59:59.047  5211  5223 I art     : Starting a blocking GC Explicit
08-05 22:59:59.091  5211  5223 I art     : Explicit concurrent mark sweep GC freed 9(288B) AllocSpace objects, 0(0B) LOS objects, 29% free, 37MB/53MB, paused 1.313ms total 43.225ms
08-05 22:59:59.454  5211 23628 I art     : Starting a blocking GC Explicit
08-05 22:59:59.503  5211 23628 I art     : Explicit concurrent mark sweep GC freed 1580(87KB) AllocSpace objects, 1(20KB) LOS objects, 29% free, 37MB/53MB, paused 1.553ms total 48.596ms
08-05 22:59:59.517  5211 23628 I art     : Starting a blocking GC Explicit
08-05 22:59:59.561  5211 23628 I art     : Explicit concurrent mark sweep GC freed 47(1824B) AllocSpace objects, 0(0B) LOS objects, 29% free, 37MB/53MB, paused 1.524ms total 44.126ms
08-05 22:59:59.575  5211 23628 I art     : Starting a blocking GC Explicit
08-05 22:59:59.613  5211 23628 I art     : Explicit concurrent mark sweep GC freed 72(5KB) AllocSpace objects, 0(0B) LOS objects, 29% free, 37MB/53MB, paused 1.361ms total 38.482ms
08-05 22:59:59.626  5211 23628 I art     : Starting a blocking GC Explicit
08-05 22:59:59.664  5211 23628 I art     : Explicit concurrent mark sweep GC freed 9(288B) AllocSpace objects, 0(0B) LOS objects, 29% free, 37MB/53MB, paused 1.269ms total 37.548ms
08-05 22:59:59.675  5211 23628 I art     : Starting a blocking GC Explicit
08-05 22:59:59.713  5211 23628 I art     : Explicit concurrent mark sweep GC freed 9(288B) AllocSpace objects, 0(0B) LOS objects, 29% free, 37MB/53MB, paused 1.307ms total 37.022ms
08-05 23:00:00.018  5211 23688 E baseline.com.newsblur.network.APIResponse: Error (unexpected end of stream on https://www.newsblur.com/...) calling https://www.newsblur.com/reader/mark_story_hashes_as_read/
08-05 23:00:00.018  5211 23688 E baseline.com.newsblur.network.APIResponse: java.io.IOException: unexpected end of stream on https://www.newsblur.com/...
08-05 23:00:00.018  5211 23688 E baseline.com.newsblur.network.APIResponse: 	at okhttp3.internal.http1.Http1ExchangeCodec.readResponseHeaders(Http1ExchangeCodec.java:236)
08-05 23:00:00.018  5211 23688 E baseline.com.newsblur.network.APIResponse: 	at okhttp3.internal.connection.Exchange.readResponseHeaders(Exchange.java:115)
08-05 23:00:00.018  5211 23688 E baseline.com.newsblur.network.APIResponse: 	at okhttp3.internal.http.CallServerInterceptor.intercept(CallServerInterceptor.java:94)
08-05 23:00:00.018  5211 23688 E baseline.com.newsblur.network.APIResponse: 	at okhttp3.internal.http.RealInterceptorChain.proceed(RealInterceptorChain.java:142)
08-05 23:00:00.018  5211 23688 E baseline.com.newsblur.network.APIResponse: 	at okhttp3.internal.connection.ConnectInterceptor.intercept(ConnectInterceptor.java:43)
08-05 23:00:00.018  5211 23688 E baseline.com.newsblur.network.APIResponse: 	at okhttp3.internal.http.RealInterceptorChain.proceed(RealInterceptorChain.java:142)
08-05 23:00:00.018  5211 23688 E baseline.com.newsblur.network.APIResponse: 	at okhttp3.internal.http.RealInterceptorChain.proceed(RealInterceptorChain.java:117)
08-05 23:00:00.018  5211 23688 E baseline.com.newsblur.network.APIResponse: 	at okhttp3.internal.cache.CacheInterceptor.intercept(CacheInterceptor.java:94)
08-05 23:00:00.018  5211 23688 E baseline.com.newsblur.network.APIResponse: 	at okhttp3.internal.http.RealInterceptorChain.proceed(RealInterceptorChain.java:142)
08-05 23:00:00.018  5211 23688 E baseline.com.newsblur.network.APIResponse: 	at okhttp3.internal.http.RealInterceptorChain.proceed(RealInterceptorChain.java:117)
08-05 23:00:00.018  5211 23688 E baseline.com.newsblur.network.APIResponse: 	at okhttp3.internal.http.BridgeInterceptor.intercept(BridgeInterceptor.java:93)
08-05 23:00:00.018  5211 23688 E baseline.com.newsblur.network.APIResponse: 	at okhttp3.internal.http.RealInterceptorChain.proceed(RealInterceptorChain.java:142)
08-05 23:00:00.018  5211 23688 E baseline.com.newsblur.network.APIResponse: 	at okhttp3.internal.http.RetryAndFollowUpInterceptor.intercept(RetryAndFollowUpInterceptor.java:88)
08-05 23:00:00.018  5211 23688 E baseline.com.newsblur.network.APIResponse: 	at okhttp3.internal.http.RealInterceptorChain.proceed(RealInterceptorChain.java:142)
08-05 23:00:00.018  5211 23688 E baseline.com.newsblur.network.APIResponse: 	at okhttp3.internal.http.RealInterceptorChain.proceed(RealInterceptorChain.java:117)
08-05 23:00:00.018  5211 23688 E baseline.com.newsblur.network.APIResponse: 	at okhttp3.RealCall.getResponseWithInterceptorChain(RealCall.java:229)
08-05 23:00:00.018  5211 23688 E baseline.com.newsblur.network.APIResponse: 	at okhttp3.RealCall.execute(RealCall.java:81)
08-05 23:00:00.018  5211 23688 E baseline.com.newsblur.network.APIResponse: 	at baseline.com.newsblur.network.APIResponse.<init>(APIResponse.java:57)
08-05 23:00:00.018  5211 23688 E baseline.com.newsblur.network.APIResponse: 	at baseline.com.newsblur.network.APIResponse.<init>(APIResponse.java:43)
08-05 23:00:00.018  5211 23688 E baseline.com.newsblur.network.APIResponse: 	at baseline.com.newsblur.network.APIManager.post_single(APIManager.java:702)
08-05 23:00:00.018  5211 23688 E baseline.com.newsblur.network.APIResponse: 	at baseline.com.newsblur.network.APIManager.post(APIManager.java:675)
08-05 23:00:00.018  5211 23688 E baseline.com.newsblur.network.APIResponse: 	at baseline.com.newsblur.network.APIManager.post(APIManager.java:714)
08-05 23:00:00.018  5211 23688 E baseline.com.newsblur.network.APIResponse: 	at baseline.com.newsblur.network.APIManager.markStoryAsRead(APIManager.java:205)
08-05 23:00:00.018  5211 23688 E baseline.com.newsblur.network.APIResponse: 	at baseline.com.newsblur.util.ReadingAction.doRemote(ReadingAction.java:281)
08-05 23:00:00.018  5211 23688 E baseline.com.newsblur.network.APIResponse: 	at baseline.com.newsblur.service.NBSyncService.syncActions(NBSyncService.java:400)
08-05 23:00:00.018  5211 23688 E baseline.com.newsblur.network.APIResponse: 	at baseline.com.newsblur.service.NBSyncService.doSync(NBSyncService.java:298)
08-05 23:00:00.018  5211 23688 E baseline.com.newsblur.network.APIResponse: 	at baseline.com.newsblur.service.NBSyncService.access$100(NBSyncService.java:67)
08-05 23:00:00.018  5211 23688 E baseline.com.newsblur.network.APIResponse: 	at baseline.com.newsblur.service.NBSyncService$1.run(NBSyncService.java:188)
08-05 23:00:00.018  5211 23688 E baseline.com.newsblur.network.APIResponse: 	at java.util.concurrent.ThreadPoolExecutor.runWorker(ThreadPoolExecutor.java:1113)
08-05 23:00:00.018  5211 23688 E baseline.com.newsblur.network.APIResponse: 	at java.util.concurrent.ThreadPoolExecutor$Worker.run(ThreadPoolExecutor.java:588)
08-05 23:00:00.018  5211 23688 E baseline.com.newsblur.network.APIResponse: 	at java.lang.Thread.run(Thread.java:818)
08-05 23:00:00.018  5211 23688 E baseline.com.newsblur.network.APIResponse: Caused by: java.io.EOFException: \n not found: limit=0 content=
08-05 23:00:00.018  5211 23688 E baseline.com.newsblur.network.APIResponse: 	at okio.RealBufferedSource.readUtf8LineStrict(RealBufferedSource.java:240)
08-05 23:00:00.018  5211 23688 E baseline.com.newsblur.network.APIResponse: 	at okhttp3.internal.http1.Http1ExchangeCodec.readHeaderLine(Http1ExchangeCodec.java:242)
08-05 23:00:00.018  5211 23688 E baseline.com.newsblur.network.APIResponse: 	at okhttp3.internal.http1.Http1ExchangeCodec.readResponseHeaders(Http1ExchangeCodec.java:213)
08-05 23:00:00.018  5211 23688 E baseline.com.newsblur.network.APIResponse: 	... 30 more
08-05 23:00:00.020  5211 23688 I baseline.com.newsblur.service.NBSyncService: Holding reading action with server-side or network error.
08-05 23:00:00.033  5211 23688 W baseline.com.newsblur.service.NBSyncService: hard API failure
08-05 23:00:00.042 23804 23804 D AndroidRuntime: >>>>>> START com.android.internal.os.RuntimeInit uid 2000 <<<<<<
08-05 23:00:00.048 23804 23804 D AndroidRuntime: CheckJNI is OFF
08-05 23:00:00.049  5211  5223 I art     : Starting a blocking GC Explicit
08-05 23:00:00.087  5211  5223 I art     : Explicit concurrent mark sweep GC freed 4365(407KB) AllocSpace objects, 5(100KB) LOS objects, 29% free, 37MB/53MB, paused 1.353ms total 38.290ms
08-05 23:00:00.088 23804 23804 D ICU     : No timezone override file found: /data/misc/zoneinfo/current/icu/icu_tzdata.dat
08-05 23:00:00.099  5211  5223 I art     : Starting a blocking GC Explicit
08-05 23:00:00.129 23804 23804 I Radio-JNI: register_android_hardware_Radio DONE
08-05 23:00:00.138  5211  5223 I art     : Explicit concurrent mark sweep GC freed 138(5KB) AllocSpace objects, 0(0B) LOS objects, 29% free, 37MB/53MB, paused 1.484ms total 38.845ms
08-05 23:00:00.150  5211  5223 I art     : Starting a blocking GC Explicit
08-05 23:00:00.158 23804 23804 D AndroidRuntime: Calling main entry com.android.commands.input.Input
08-05 23:00:00.160 23804 23804 I Input   : injectKeyEvent: KeyEvent { action=ACTION_DOWN, keyCode=KEYCODE_BACK, scanCode=0, metaState=0, flags=0x0, repeatCount=0, eventTime=831616573, downTime=831616573, deviceId=-1, source=0x101 }
08-05 23:00:00.164 23804 23804 I Input   : injectKeyEvent: KeyEvent { action=ACTION_UP, keyCode=KEYCODE_BACK, scanCode=0, metaState=0, flags=0x0, repeatCount=0, eventTime=831616573, downTime=831616573, deviceId=-1, source=0x101 }
08-05 23:00:00.170 23804 23804 D AndroidRuntime: Shutting down VM
08-05 23:00:00.190  5211  5223 I art     : Explicit concurrent mark sweep GC freed 308(40KB) AllocSpace objects, 4(80KB) LOS objects, 29% free, 37MB/53MB, paused 1.508ms total 39.256ms
08-05 23:00:00.201  5211  5223 I art     : Starting a blocking GC Explicit
08-05 23:00:00.241  5211  5223 I art     : Explicit concurrent mark sweep GC freed 55(26KB) AllocSpace objects, 0(0B) LOS objects, 29% free, 37MB/53MB, paused 1.444ms total 39.722ms
08-05 23:00:00.253  5211  5223 I art     : Starting a blocking GC Explicit
08-05 23:00:00.296  5211  5223 I art     : Explicit concurrent mark sweep GC freed 1035(73KB) AllocSpace objects, 2(40KB) LOS objects, 29% free, 37MB/53MB, paused 2.690ms total 42.813ms
08-05 23:00:00.348 13866 13866 I GoogleInputMethodServic: GoogleInputMethodService.onFinishInput():3138 
08-05 23:00:00.349 13866 13866 I GoogleInputMethodServic: GoogleInputMethodService.onStartInput():1808 
08-05 23:00:00.435  5211 23688 E baseline.com.newsblur.network.APIResponse: Error (unexpected end of stream on https://www.newsblur.com/...) calling https://www.newsblur.com/reader/mark_story_hashes_as_read/
08-05 23:00:00.435  5211 23688 E baseline.com.newsblur.network.APIResponse: java.io.IOException: unexpected end of stream on https://www.newsblur.com/...
08-05 23:00:00.435  5211 23688 E baseline.com.newsblur.network.APIResponse: 	at okhttp3.internal.http1.Http1ExchangeCodec.readResponseHeaders(Http1ExchangeCodec.java:236)
08-05 23:00:00.435  5211 23688 E baseline.com.newsblur.network.APIResponse: 	at okhttp3.internal.connection.Exchange.readResponseHeaders(Exchange.java:115)
08-05 23:00:00.435  5211 23688 E baseline.com.newsblur.network.APIResponse: 	at okhttp3.internal.http.CallServerInterceptor.intercept(CallServerInterceptor.java:94)
08-05 23:00:00.435  5211 23688 E baseline.com.newsblur.network.APIResponse: 	at okhttp3.internal.http.RealInterceptorChain.proceed(RealInterceptorChain.java:142)
08-05 23:00:00.435  5211 23688 E baseline.com.newsblur.network.APIResponse: 	at okhttp3.internal.connection.ConnectInterceptor.intercept(ConnectInterceptor.java:43)
08-05 23:00:00.435  5211 23688 E baseline.com.newsblur.network.APIResponse: 	at okhttp3.internal.http.RealInterceptorChain.proceed(RealInterceptorChain.java:142)
08-05 23:00:00.435  5211 23688 E baseline.com.newsblur.network.APIResponse: 	at okhttp3.internal.http.RealInterceptorChain.proceed(RealInterceptorChain.java:117)
08-05 23:00:00.435  5211 23688 E baseline.com.newsblur.network.APIResponse: 	at okhttp3.internal.cache.CacheInterceptor.intercept(CacheInterceptor.java:94)
08-05 23:00:00.435  5211 23688 E baseline.com.newsblur.network.APIResponse: 	at okhttp3.internal.http.RealInterceptorChain.proceed(RealInterceptorChain.java:142)
08-05 23:00:00.435  5211 23688 E baseline.com.newsblur.network.APIResponse: 	at okhttp3.internal.http.RealInterceptorChain.proceed(RealInterceptorChain.java:117)
08-05 23:00:00.435  5211 23688 E baseline.com.newsblur.network.APIResponse: 	at okhttp3.internal.http.BridgeInterceptor.intercept(BridgeInterceptor.java:93)
08-05 23:00:00.435  5211 23688 E baseline.com.newsblur.network.APIResponse: 	at okhttp3.internal.http.RealInterceptorChain.proceed(RealInterceptorChain.java:142)
08-05 23:00:00.435  5211 23688 E baseline.com.newsblur.network.APIResponse: 	at okhttp3.internal.http.RetryAndFollowUpInterceptor.intercept(RetryAndFollowUpInterceptor.java:88)
08-05 23:00:00.435  5211 23688 E baseline.com.newsblur.network.APIResponse: 	at okhttp3.internal.http.RealInterceptorChain.proceed(RealInterceptorChain.java:142)
08-05 23:00:00.435  5211 23688 E baseline.com.newsblur.network.APIResponse: 	at okhttp3.internal.http.RealInterceptorChain.proceed(RealInterceptorChain.java:117)
08-05 23:00:00.435  5211 23688 E baseline.com.newsblur.network.APIResponse: 	at okhttp3.RealCall.getResponseWithInterceptorChain(RealCall.java:229)
08-05 23:00:00.435  5211 23688 E baseline.com.newsblur.network.APIResponse: 	at okhttp3.RealCall.execute(RealCall.java:81)
08-05 23:00:00.435  5211 23688 E baseline.com.newsblur.network.APIResponse: 	at baseline.com.newsblur.network.APIResponse.<init>(APIResponse.java:57)
08-05 23:00:00.435  5211 23688 E baseline.com.newsblur.network.APIResponse: 	at baseline.com.newsblur.network.APIResponse.<init>(APIResponse.java:43)
08-05 23:00:00.435  5211 23688 E baseline.com.newsblur.network.APIResponse: 	at baseline.com.newsblur.network.APIManager.post_single(APIManager.java:702)
08-05 23:00:00.435  5211 23688 E baseline.com.newsblur.network.APIResponse: 	at baseline.com.newsblur.network.APIManager.post(APIManager.java:675)
08-05 23:00:00.435  5211 23688 E baseline.com.newsblur.network.APIResponse: 	at baseline.com.newsblur.network.APIManager.post(APIManager.java:714)
08-05 23:00:00.435  5211 23688 E baseline.com.newsblur.network.APIResponse: 	at baseline.com.newsblur.network.APIManager.markStoryAsRead(APIManager.java:205)
08-05 23:00:00.435  5211 23688 E baseline.com.newsblur.network.APIResponse: 	at baseline.com.newsblur.util.ReadingAction.doRemote(ReadingAction.java:281)
08-05 23:00:00.435  5211 23688 E baseline.com.newsblur.network.APIResponse: 	at baseline.com.newsblur.service.NBSyncService.syncActions(NBSyncService.java:400)
08-05 23:00:00.435  5211 23688 E baseline.com.newsblur.network.APIResponse: 	at baseline.com.newsblur.service.NBSyncService.doSync(NBSyncService.java:298)
08-05 23:00:00.435  5211 23688 E baseline.com.newsblur.network.APIResponse: 	at baseline.com.newsblur.service.NBSyncService.access$100(NBSyncService.java:67)
08-05 23:00:00.435  5211 23688 E baseline.com.newsblur.network.APIResponse: 	at baseline.com.newsblur.service.NBSyncService$1.run(NBSyncService.java:188)
08-05 23:00:00.435  5211 23688 E baseline.com.newsblur.network.APIResponse: 	at java.util.concurrent.ThreadPoolExecutor.runWorker(ThreadPoolExecutor.java:1113)
08-05 23:00:00.435  5211 23688 E baseline.com.newsblur.network.APIResponse: 	at java.util.concurrent.ThreadPoolExecutor$Worker.run(ThreadPoolExecutor.java:588)
08-05 23:00:00.435  5211 23688 E baseline.com.newsblur.network.APIResponse: 	at java.lang.Thread.run(Thread.java:818)
08-05 23:00:00.435  5211 23688 E baseline.com.newsblur.network.APIResponse: Caused by: java.io.EOFException: \n not found: limit=0 content=
08-05 23:00:00.435  5211 23688 E baseline.com.newsblur.network.APIResponse: 	at okio.RealBufferedSource.readUtf8LineStrict(RealBufferedSource.java:240)
08-05 23:00:00.435  5211 23688 E baseline.com.newsblur.network.APIResponse: 	at okhttp3.internal.http1.Http1ExchangeCodec.readHeaderLine(Http1ExchangeCodec.java:242)
08-05 23:00:00.435  5211 23688 E baseline.com.newsblur.network.APIResponse: 	at okhttp3.internal.http1.Http1ExchangeCodec.readResponseHeaders(Http1ExchangeCodec.java:213)
08-05 23:00:00.435  5211 23688 E baseline.com.newsblur.network.APIResponse: 	... 30 more
08-05 23:00:00.437  5211 23688 I baseline.com.newsblur.network.APIManager: API call failed, pausing before retry number 1
08-05 23:00:00.614  5211  5224 I art     : Starting a blocking GC Explicit
08-05 23:00:00.660  5211  5224 I art     : Explicit concurrent mark sweep GC freed 10795(795KB) AllocSpace objects, 9(180KB) LOS objects, 29% free, 37MB/53MB, paused 1.346ms total 44.923ms
08-05 23:00:00.674  5211  5224 I art     : Starting a blocking GC Explicit
08-05 23:00:00.717  5211  5224 I art     : Explicit concurrent mark sweep GC freed 567(23KB) AllocSpace objects, 0(0B) LOS objects, 29% free, 37MB/53MB, paused 1.628ms total 42.901ms
08-05 23:00:00.731  5211  5224 I art     : Starting a blocking GC Explicit
08-05 23:00:00.767  5211  5224 I art     : Explicit concurrent mark sweep GC freed 164(7KB) AllocSpace objects, 0(0B) LOS objects, 29% free, 37MB/53MB, paused 1.251ms total 35.818ms
08-05 23:00:00.779  5211  5224 I art     : Starting a blocking GC Explicit
08-05 23:00:00.817  5211  5224 I art     : Explicit concurrent mark sweep GC freed 146(6KB) AllocSpace objects, 0(0B) LOS objects, 29% free, 37MB/53MB, paused 1.234ms total 37.731ms
08-05 23:00:00.829  5211  5224 I art     : Starting a blocking GC Explicit
08-05 23:00:00.868  5211  5224 I art     : Explicit concurrent mark sweep GC freed 10(320B) AllocSpace objects, 0(0B) LOS objects, 29% free, 37MB/53MB, paused 1.291ms total 38.869ms
08-05 23:00:01.216  5211  5223 I art     : Starting a blocking GC Explicit
08-05 23:00:01.259  5211  5223 I art     : Explicit concurrent mark sweep GC freed 1483(84KB) AllocSpace objects, 1(20KB) LOS objects, 29% free, 37MB/53MB, paused 1.334ms total 42.510ms
08-05 23:00:01.272  5211  5223 I art     : Starting a blocking GC Explicit
08-05 23:00:01.314  5211  5223 I art     : Explicit concurrent mark sweep GC freed 29(1008B) AllocSpace objects, 0(0B) LOS objects, 29% free, 37MB/53MB, paused 1.228ms total 41.079ms
08-05 23:00:01.327  5211  5223 I art     : Starting a blocking GC Explicit
08-05 23:00:01.369  5211  5223 I art     : Explicit concurrent mark sweep GC freed 11(352B) AllocSpace objects, 0(0B) LOS objects, 29% free, 37MB/53MB, paused 1.652ms total 40.964ms
08-05 23:00:01.381  5211  5223 I art     : Starting a blocking GC Explicit
08-05 23:00:01.422  5211  5223 I art     : Explicit concurrent mark sweep GC freed 8(256B) AllocSpace objects, 0(0B) LOS objects, 29% free, 37MB/53MB, paused 1.308ms total 40.669ms
08-05 23:00:01.435  5211  5223 I art     : Starting a blocking GC Explicit
08-05 23:00:01.474  5211  5223 I art     : Explicit concurrent mark sweep GC freed 9(288B) AllocSpace objects, 0(0B) LOS objects, 29% free, 37MB/53MB, paused 1.288ms total 39.225ms
08-05 23:00:01.809  5211  5224 I art     : Starting a blocking GC Explicit
08-05 23:00:01.853  5211  5224 I art     : Explicit concurrent mark sweep GC freed 1473(83KB) AllocSpace objects, 1(20KB) LOS objects, 29% free, 37MB/53MB, paused 1.356ms total 43.386ms
08-05 23:00:01.865  5211  5224 I art     : Starting a blocking GC Explicit
08-05 23:00:01.908  5211  5224 I art     : Explicit concurrent mark sweep GC freed 22(784B) AllocSpace objects, 0(0B) LOS objects, 29% free, 37MB/53MB, paused 1.464ms total 42.527ms
08-05 23:00:01.921  5211  5224 I art     : Starting a blocking GC Explicit
08-05 23:00:01.929 23847 23847 D AndroidRuntime: >>>>>> START com.android.internal.os.RuntimeInit uid 2000 <<<<<<
08-05 23:00:01.935 23847 23847 D AndroidRuntime: CheckJNI is OFF
08-05 23:00:01.965  5211  5224 I art     : Explicit concurrent mark sweep GC freed 94(3KB) AllocSpace objects, 0(0B) LOS objects, 29% free, 37MB/53MB, paused 1.518ms total 44.012ms
08-05 23:00:01.977  5211  5224 I art     : Starting a blocking GC Explicit
08-05 23:00:01.982 23847 23847 D ICU     : No timezone override file found: /data/misc/zoneinfo/current/icu/icu_tzdata.dat
08-05 23:00:02.020  5211  5224 I art     : Explicit concurrent mark sweep GC freed 17(672B) AllocSpace objects, 0(0B) LOS objects, 29% free, 37MB/53MB, paused 1.534ms total 42.804ms
08-05 23:00:02.028 23847 23847 I Radio-JNI: register_android_hardware_Radio DONE
08-05 23:00:02.033  5211  5224 I art     : Starting a blocking GC Explicit
08-05 23:00:02.058 23847 23847 D AndroidRuntime: Calling main entry com.android.commands.input.Input
08-05 23:00:02.060 23847 23847 I Input   : injectMotionEvent: MotionEvent { action=ACTION_DOWN, actionButton=0, id[0]=0, x[0]=594.0, y[0]=330.0, toolType[0]=TOOL_TYPE_UNKNOWN, buttonState=0, metaState=0, flags=0x0, edgeFlags=0x0, pointerCount=1, historySize=0, eventTime=831618472, downTime=831618472, deviceId=0, source=0x1002 }
08-05 23:00:02.066 23847 23847 I Input   : injectMotionEvent: MotionEvent { action=ACTION_UP, actionButton=0, id[0]=0, x[0]=594.0, y[0]=330.0, toolType[0]=TOOL_TYPE_UNKNOWN, buttonState=0, metaState=0, flags=0x0, edgeFlags=0x0, pointerCount=1, historySize=0, eventTime=831618472, downTime=831618472, deviceId=0, source=0x1002 }
08-05 23:00:02.068 23847 23847 D AndroidRuntime: Shutting down VM
08-05 23:00:02.076  5211  5224 I art     : Explicit concurrent mark sweep GC freed 80(5KB) AllocSpace objects, 0(0B) LOS objects, 29% free, 37MB/53MB, paused 1.355ms total 42.997ms
08-05 23:00:02.134   918   929 I ActivityManager: START u0 {cmp=baseline.com.newsblur/.activity.GlobalSharedStoriesItemsList (has extras)} from uid 10698 on display 0
08-05 23:00:02.158  5211 22985 I baseline.com.newsblur.database.BlurDatabaseHelper: reading session reset
08-05 23:00:02.351  5211  5211 W View    : requestLayout() improperly called by android.widget.FrameLayout{df84b28 V.E...... ......ID 0,0-1440,18 #7f07003f app:id/footer_view_inner} during layout: running second layout pass
08-05 23:00:02.352  5211  5211 W View    : requestLayout() improperly called by android.widget.FrameLayout{28e6041 V.E...... ......ID 0,0-1440,2091 #7f07003f app:id/footer_view_inner} during layout: running second layout pass
08-05 23:00:02.371 13866 13866 I GoogleInputMethodServic: GoogleInputMethodService.onFinishInput():3138 
08-05 23:00:02.371   918   936 I ActivityManager: Displayed baseline.com.newsblur/.activity.GlobalSharedStoriesItemsList: +225ms
08-05 23:00:02.371 13866 13866 I GoogleInputMethodServic: GoogleInputMethodService.onStartInput():1808 
08-05 23:00:02.407  5211  5223 I art     : Starting a blocking GC Explicit
08-05 23:00:02.463  5211  5223 I art     : Explicit concurrent mark sweep GC freed 7112(479KB) AllocSpace objects, 14(372KB) LOS objects, 29% free, 37MB/53MB, paused 1.630ms total 55.424ms
08-05 23:00:02.464  5211 23881 I NAPPA_EXPERIMENTATION: MetricNetworkRequestExecutionTime: REQUEST_DURATION_SYSTEM='35',REQUEST_DURATION_OKHTTP='34',REQUEST_SYNCHRONOUS='TRUE',RESPONSE_CODE='200',RESPONSE_METHOD='GET',RESPONSE_LENGTH_OKHTTP='43',RESPONSE_LENGTH_HEADER='43',REQUEST_PROTOCOL='http/1.1',REQUEST_URL='http://feeds.feedburner.com/~r/retort/~4/UffaFMiJbNs',
08-05 23:00:02.479  5211  5223 I art     : Starting a blocking GC Explicit
08-05 23:00:02.492  5211 23688 E baseline.com.newsblur.network.APIResponse: Error (unexpected end of stream on https://www.newsblur.com/...) calling https://www.newsblur.com/reader/mark_story_hashes_as_read/
08-05 23:00:02.492  5211 23688 E baseline.com.newsblur.network.APIResponse: java.io.IOException: unexpected end of stream on https://www.newsblur.com/...
08-05 23:00:02.492  5211 23688 E baseline.com.newsblur.network.APIResponse: 	at okhttp3.internal.http1.Http1ExchangeCodec.readResponseHeaders(Http1ExchangeCodec.java:236)
08-05 23:00:02.492  5211 23688 E baseline.com.newsblur.network.APIResponse: 	at okhttp3.internal.connection.Exchange.readResponseHeaders(Exchange.java:115)
08-05 23:00:02.492  5211 23688 E baseline.com.newsblur.network.APIResponse: 	at okhttp3.internal.http.CallServerInterceptor.intercept(CallServerInterceptor.java:94)
08-05 23:00:02.492  5211 23688 E baseline.com.newsblur.network.APIResponse: 	at okhttp3.internal.http.RealInterceptorChain.proceed(RealInterceptorChain.java:142)
08-05 23:00:02.492  5211 23688 E baseline.com.newsblur.network.APIResponse: 	at okhttp3.internal.connection.ConnectInterceptor.intercept(ConnectInterceptor.java:43)
08-05 23:00:02.492  5211 23688 E baseline.com.newsblur.network.APIResponse: 	at okhttp3.internal.http.RealInterceptorChain.proceed(RealInterceptorChain.java:142)
08-05 23:00:02.492  5211 23688 E baseline.com.newsblur.network.APIResponse: 	at okhttp3.internal.http.RealInterceptorChain.proceed(RealInterceptorChain.java:117)
08-05 23:00:02.492  5211 23688 E baseline.com.newsblur.network.APIResponse: 	at okhttp3.internal.cache.CacheInterceptor.intercept(CacheInterceptor.java:94)
08-05 23:00:02.492  5211 23688 E baseline.com.newsblur.network.APIResponse: 	at okhttp3.internal.http.RealInterceptorChain.proceed(RealInterceptorChain.java:142)
08-05 23:00:02.492  5211 23688 E baseline.com.newsblur.network.APIResponse: 	at okhttp3.internal.http.RealInterceptorChain.proceed(RealInterceptorChain.java:117)
08-05 23:00:02.492  5211 23688 E baseline.com.newsblur.network.APIResponse: 	at okhttp3.internal.http.BridgeInterceptor.intercept(BridgeInterceptor.java:93)
08-05 23:00:02.492  5211 23688 E baseline.com.newsblur.network.APIResponse: 	at okhttp3.internal.http.RealInterceptorChain.proceed(RealInterceptorChain.java:142)
08-05 23:00:02.492  5211 23688 E baseline.com.newsblur.network.APIResponse: 	at okhttp3.internal.http.RetryAndFollowUpInterceptor.intercept(RetryAndFollowUpInterceptor.java:88)
08-05 23:00:02.492  5211 23688 E baseline.com.newsblur.network.APIResponse: 	at okhttp3.internal.http.RealInterceptorChain.proceed(RealInterceptorChain.java:142)
08-05 23:00:02.492  5211 23688 E baseline.com.newsblur.network.APIResponse: 	at okhttp3.internal.http.RealInterceptorChain.proceed(RealInterceptorChain.java:117)
08-05 23:00:02.492  5211 23688 E baseline.com.newsblur.network.APIResponse: 	at okhttp3.RealCall.getResponseWithInterceptorChain(RealCall.java:229)
08-05 23:00:02.492  5211 23688 E baseline.com.newsblur.network.APIResponse: 	at okhttp3.RealCall.execute(RealCall.java:81)
08-05 23:00:02.492  5211 23688 E baseline.com.newsblur.network.APIResponse: 	at baseline.com.newsblur.network.APIResponse.<init>(APIResponse.java:57)
08-05 23:00:02.492  5211 23688 E baseline.com.newsblur.network.APIResponse: 	at baseline.com.newsblur.network.APIResponse.<init>(APIResponse.java:43)
08-05 23:00:02.492  5211 23688 E baseline.com.newsblur.network.APIResponse: 	at baseline.com.newsblur.network.APIManager.post_single(APIManager.java:702)
08-05 23:00:02.492  5211 23688 E baseline.com.newsblur.network.APIResponse: 	at baseline.com.newsblur.network.APIManager.post(APIManager.java:675)
08-05 23:00:02.492  5211 23688 E baseline.com.newsblur.network.APIResponse: 	at baseline.com.newsblur.network.APIManager.post(APIManager.java:714)
08-05 23:00:02.492  5211 23688 E baseline.com.newsblur.network.APIResponse: 	at baseline.com.newsblur.network.APIManager.markStoryAsRead(APIManager.java:205)
08-05 23:00:02.492  5211 23688 E baseline.com.newsblur.network.APIResponse: 	at baseline.com.newsblur.util.ReadingAction.doRemote(ReadingAction.java:281)
08-05 23:00:02.492  5211 23688 E baseline.com.newsblur.network.APIResponse: 	at baseline.com.newsblur.service.NBSyncService.syncActions(NBSyncService.java:400)
08-05 23:00:02.492  5211 23688 E baseline.com.newsblur.network.APIResponse: 	at baseline.com.newsblur.service.NBSyncService.doSync(NBSyncService.java:298)
08-05 23:00:02.492  5211 23688 E baseline.com.newsblur.network.APIResponse: 	at baseline.com.newsblur.service.NBSyncService.access$100(NBSyncService.java:67)
08-05 23:00:02.492  5211 23688 E baseline.com.newsblur.network.APIResponse: 	at baseline.com.newsblur.service.NBSyncService$1.run(NBSyncService.java:188)
08-05 23:00:02.492  5211 23688 E baseline.com.newsblur.network.APIResponse: 	at java.util.concurrent.ThreadPoolExecutor.runWorker(ThreadPoolExecutor.java:1113)
08-05 23:00:02.492  5211 23688 E baseline.com.newsblur.network.APIResponse: 	at java.util.concurrent.ThreadPoolExecutor$Worker.run(ThreadPoolExecutor.java:588)
08-05 23:00:02.492  5211 23688 E baseline.com.newsblur.network.APIResponse: 	at java.lang.Thread.run(Thread.java:818)
08-05 23:00:02.492  5211 23688 E baseline.com.newsblur.network.APIResponse: Caused by: java.io.EOFException: \n not found: limit=0 content=
08-05 23:00:02.492  5211 23688 E baseline.com.newsblur.network.APIResponse: 	at okio.RealBufferedSource.readUtf8LineStrict(RealBufferedSource.java:240)
08-05 23:00:02.492  5211 23688 E baseline.com.newsblur.network.APIResponse: 	at okhttp3.internal.http1.Http1ExchangeCodec.readHeaderLine(Http1ExchangeCodec.java:242)
08-05 23:00:02.492  5211 23688 E baseline.com.newsblur.network.APIResponse: 	at okhttp3.internal.http1.Http1ExchangeCodec.readResponseHeaders(Http1ExchangeCodec.java:213)
08-05 23:00:02.492  5211 23688 E baseline.com.newsblur.network.APIResponse: 	... 30 more
08-05 23:00:02.493  5211 23688 I baseline.com.newsblur.network.APIManager: API call failed, pausing before retry number 2
08-05 23:00:02.520  5211  5223 I art     : Explicit concurrent mark sweep GC freed 1610(251KB) AllocSpace objects, 3(60KB) LOS objects, 29% free, 37MB/53MB, paused 1.263ms total 40.771ms
08-05 23:00:02.532  5211  5223 I art     : Starting a blocking GC Explicit
08-05 23:00:02.573  5211  5223 I art     : Explicit concurrent mark sweep GC freed 117(16KB) AllocSpace objects, 0(0B) LOS objects, 29% free, 37MB/53MB, paused 1.666ms total 40.254ms
08-05 23:00:02.585  5211  5223 I art     : Starting a blocking GC Explicit
08-05 23:00:02.629  5211  5223 I art     : Explicit concurrent mark sweep GC freed 174(6KB) AllocSpace objects, 1(20KB) LOS objects, 29% free, 37MB/53MB, paused 1.335ms total 43.153ms
08-05 23:00:02.643  5211  5223 I art     : Starting a blocking GC Explicit
08-05 23:00:02.682  5211  5223 I art     : Explicit concurrent mark sweep GC freed 72(15KB) AllocSpace objects, 0(0B) LOS objects, 29% free, 37MB/53MB, paused 1.393ms total 38.896ms
08-05 23:00:03.026  5211  5224 I art     : Starting a blocking GC Explicit
08-05 23:00:03.073  5211  5224 I art     : Explicit concurrent mark sweep GC freed 1643(91KB) AllocSpace objects, 1(20KB) LOS objects, 29% free, 37MB/53MB, paused 1.389ms total 46.858ms
08-05 23:00:03.089  5211  5224 I art     : Starting a blocking GC Explicit
08-05 23:00:03.133  5211  5224 I art     : Explicit concurrent mark sweep GC freed 22(784B) AllocSpace objects, 0(0B) LOS objects, 29% free, 37MB/53MB, paused 1.334ms total 44.050ms
08-05 23:00:03.146  5211  5224 I art     : Starting a blocking GC Explicit
08-05 23:00:03.190  5211  5224 I art     : Explicit concurrent mark sweep GC freed 3(96B) AllocSpace objects, 0(0B) LOS objects, 29% free, 37MB/53MB, paused 1.420ms total 43.941ms
08-05 23:00:03.203  5211  5224 I art     : Starting a blocking GC Explicit
08-05 23:00:03.248  5211  5224 I art     : Explicit concurrent mark sweep GC freed 3(96B) AllocSpace objects, 0(0B) LOS objects, 29% free, 37MB/53MB, paused 1.493ms total 44.721ms
08-05 23:00:03.261  5211  5224 I art     : Starting a blocking GC Explicit
08-05 23:00:03.307  5211  5224 I art     : Explicit concurrent mark sweep GC freed 3(96B) AllocSpace objects, 0(0B) LOS objects, 29% free, 37MB/53MB, paused 1.403ms total 45.688ms
08-05 23:00:03.665  5211 23628 I art     : Starting a blocking GC Explicit
08-05 23:00:03.715  5211 23628 I art     : Explicit concurrent mark sweep GC freed 1461(83KB) AllocSpace objects, 1(20KB) LOS objects, 29% free, 37MB/53MB, paused 1.398ms total 49.592ms
08-05 23:00:03.730  5211 23628 I art     : Starting a blocking GC Explicit
08-05 23:00:03.778  5211 23628 I art     : Explicit concurrent mark sweep GC freed 27(944B) AllocSpace objects, 0(0B) LOS objects, 29% free, 37MB/53MB, paused 1.526ms total 48.581ms
08-05 23:00:03.792  5211 23628 I art     : Starting a blocking GC Explicit
08-05 23:00:03.839  5211 23628 I art     : Explicit concurrent mark sweep GC freed 3(96B) AllocSpace objects, 0(0B) LOS objects, 29% free, 37MB/53MB, paused 1.387ms total 47.261ms
08-05 23:00:03.852  5211 23628 I art     : Starting a blocking GC Explicit
08-05 23:00:03.902  5211 23628 I art     : Explicit concurrent mark sweep GC freed 3(96B) AllocSpace objects, 0(0B) LOS objects, 29% free, 37MB/53MB, paused 1.488ms total 49.220ms
08-05 23:00:03.915  5211 23628 I art     : Starting a blocking GC Explicit
08-05 23:00:03.964  5211 23628 I art     : Explicit concurrent mark sweep GC freed 3(96B) AllocSpace objects, 0(0B) LOS objects, 29% free, 37MB/53MB, paused 1.316ms total 48.872ms
08-05 23:00:04.362  5211  5224 I art     : Starting a blocking GC Explicit
08-05 23:00:04.413  5211  5224 I art     : Explicit concurrent mark sweep GC freed 1478(84KB) AllocSpace objects, 1(20KB) LOS objects, 29% free, 37MB/53MB, paused 1.452ms total 50.566ms
08-05 23:00:04.426  5211  5224 I art     : Starting a blocking GC Explicit
08-05 23:00:04.474  5211  5224 I art     : Explicit concurrent mark sweep GC freed 22(784B) AllocSpace objects, 0(0B) LOS objects, 29% free, 37MB/53MB, paused 1.383ms total 47.858ms
08-05 23:00:04.488  5211  5224 I art     : Starting a blocking GC Explicit
08-05 23:00:04.539  5211  5224 I art     : Explicit concurrent mark sweep GC freed 3(96B) AllocSpace objects, 0(0B) LOS objects, 29% free, 37MB/53MB, paused 1.483ms total 51.118ms
08-05 23:00:04.555  5211  5224 I art     : Starting a blocking GC Explicit
08-05 23:00:04.602  5211  5224 I art     : Explicit concurrent mark sweep GC freed 3(96B) AllocSpace objects, 0(0B) LOS objects, 29% free, 37MB/53MB, paused 1.445ms total 47.346ms
08-05 23:00:04.615  5211  5224 I art     : Starting a blocking GC Explicit
08-05 23:00:04.665  5211  5224 I art     : Explicit concurrent mark sweep GC freed 3(96B) AllocSpace objects, 0(0B) LOS objects, 29% free, 37MB/53MB, paused 1.413ms total 48.835ms
08-05 23:00:05.041  5211  5223 I art     : Starting a blocking GC Explicit
08-05 23:00:05.090  5211  5223 I art     : Explicit concurrent mark sweep GC freed 1440(83KB) AllocSpace objects, 1(20KB) LOS objects, 29% free, 37MB/53MB, paused 1.433ms total 49.192ms
08-05 23:00:05.103  5211  5223 I art     : Starting a blocking GC Explicit
08-05 23:00:05.152  5211  5223 I art     : Explicit concurrent mark sweep GC freed 22(784B) AllocSpace objects, 0(0B) LOS objects, 29% free, 37MB/53MB, paused 1.453ms total 48.700ms
08-05 23:00:05.165  5211  5223 I art     : Starting a blocking GC Explicit
08-05 23:00:05.215  5211  5223 I art     : Explicit concurrent mark sweep GC freed 3(96B) AllocSpace objects, 0(0B) LOS objects, 29% free, 37MB/53MB, paused 1.403ms total 49.402ms
08-05 23:00:05.228  5211  5223 I art     : Starting a blocking GC Explicit
08-05 23:00:05.278  5211  5223 I art     : Explicit concurrent mark sweep GC freed 3(96B) AllocSpace objects, 0(0B) LOS objects, 29% free, 37MB/53MB, paused 1.485ms total 49.668ms
08-05 23:00:05.294  5211  5223 I art     : Starting a blocking GC Explicit
08-05 23:00:05.343  5211  5223 I art     : Explicit concurrent mark sweep GC freed 3(96B) AllocSpace objects, 0(0B) LOS objects, 29% free, 37MB/53MB, paused 1.315ms total 48.791ms
08-05 23:00:05.733  5211 22763 I art     : Starting a blocking GC Explicit
08-05 23:00:05.782  5211 22763 I art     : Explicit concurrent mark sweep GC freed 1606(91KB) AllocSpace objects, 1(20KB) LOS objects, 29% free, 37MB/53MB, paused 1.545ms total 47.979ms
08-05 23:00:05.798  5211 22763 I art     : Starting a blocking GC Explicit
08-05 23:00:05.845  5211 22763 I art     : Explicit concurrent mark sweep GC freed 28(1040B) AllocSpace objects, 0(0B) LOS objects, 29% free, 37MB/53MB, paused 1.436ms total 47.284ms
08-05 23:00:05.858  5211 22763 I art     : Starting a blocking GC Explicit
08-05 23:00:05.907  5211 22763 I art     : Explicit concurrent mark sweep GC freed 3(96B) AllocSpace objects, 0(0B) LOS objects, 29% free, 37MB/53MB, paused 1.530ms total 48.134ms
08-05 23:00:05.920  5211 22763 I art     : Starting a blocking GC Explicit
08-05 23:00:05.966  5211 22763 I art     : Explicit concurrent mark sweep GC freed 3(96B) AllocSpace objects, 0(0B) LOS objects, 29% free, 37MB/53MB, paused 1.384ms total 46.166ms
08-05 23:00:05.979  5211 22763 I art     : Starting a blocking GC Explicit
08-05 23:00:06.038  5211 22763 I art     : Explicit concurrent mark sweep GC freed 882(37KB) AllocSpace objects, 0(0B) LOS objects, 29% free, 37MB/53MB, paused 11.397ms total 58.363ms
08-05 23:00:06.102  5211 23688 E baseline.com.newsblur.network.APIResponse: Error (unexpected end of stream on https://www.newsblur.com/...) calling https://www.newsblur.com/reader/mark_story_hashes_as_read/
08-05 23:00:06.102  5211 23688 E baseline.com.newsblur.network.APIResponse: java.io.IOException: unexpected end of stream on https://www.newsblur.com/...
08-05 23:00:06.102  5211 23688 E baseline.com.newsblur.network.APIResponse: 	at okhttp3.internal.http1.Http1ExchangeCodec.readResponseHeaders(Http1ExchangeCodec.java:236)
08-05 23:00:06.102  5211 23688 E baseline.com.newsblur.network.APIResponse: 	at okhttp3.internal.connection.Exchange.readResponseHeaders(Exchange.java:115)
08-05 23:00:06.102  5211 23688 E baseline.com.newsblur.network.APIResponse: 	at okhttp3.internal.http.CallServerInterceptor.intercept(CallServerInterceptor.java:94)
08-05 23:00:06.102  5211 23688 E baseline.com.newsblur.network.APIResponse: 	at okhttp3.internal.http.RealInterceptorChain.proceed(RealInterceptorChain.java:142)
08-05 23:00:06.102  5211 23688 E baseline.com.newsblur.network.APIResponse: 	at okhttp3.internal.connection.ConnectInterceptor.intercept(ConnectInterceptor.java:43)
08-05 23:00:06.102  5211 23688 E baseline.com.newsblur.network.APIResponse: 	at okhttp3.internal.http.RealInterceptorChain.proceed(RealInterceptorChain.java:142)
08-05 23:00:06.102  5211 23688 E baseline.com.newsblur.network.APIResponse: 	at okhttp3.internal.http.RealInterceptorChain.proceed(RealInterceptorChain.java:117)
08-05 23:00:06.102  5211 23688 E baseline.com.newsblur.network.APIResponse: 	at okhttp3.internal.cache.CacheInterceptor.intercept(CacheInterceptor.java:94)
08-05 23:00:06.102  5211 23688 E baseline.com.newsblur.network.APIResponse: 	at okhttp3.internal.http.RealInterceptorChain.proceed(RealInterceptorChain.java:142)
08-05 23:00:06.102  5211 23688 E baseline.com.newsblur.network.APIResponse: 	at okhttp3.internal.http.RealInterceptorChain.proceed(RealInterceptorChain.java:117)
08-05 23:00:06.102  5211 23688 E baseline.com.newsblur.network.APIResponse: 	at okhttp3.internal.http.BridgeInterceptor.intercept(BridgeInterceptor.java:93)
08-05 23:00:06.102  5211 23688 E baseline.com.newsblur.network.APIResponse: 	at okhttp3.internal.http.RealInterceptorChain.proceed(RealInterceptorChain.java:142)
08-05 23:00:06.102  5211 23688 E baseline.com.newsblur.network.APIResponse: 	at okhttp3.internal.http.RetryAndFollowUpInterceptor.intercept(RetryAndFollowUpInterceptor.java:88)
08-05 23:00:06.102  5211 23688 E baseline.com.newsblur.network.APIResponse: 	at okhttp3.internal.http.RealInterceptorChain.proceed(RealInterceptorChain.java:142)
08-05 23:00:06.102  5211 23688 E baseline.com.newsblur.network.APIResponse: 	at okhttp3.internal.http.RealInterceptorChain.proceed(RealInterceptorChain.java:117)
08-05 23:00:06.102  5211 23688 E baseline.com.newsblur.network.APIResponse: 	at okhttp3.RealCall.getResponseWithInterceptorChain(RealCall.java:229)
08-05 23:00:06.102  5211 23688 E baseline.com.newsblur.network.APIResponse: 	at okhttp3.RealCall.execute(RealCall.java:81)
08-05 23:00:06.102  5211 23688 E baseline.com.newsblur.network.APIResponse: 	at baseline.com.newsblur.network.APIResponse.<init>(APIResponse.java:57)
08-05 23:00:06.102  5211 23688 E baseline.com.newsblur.network.APIResponse: 	at baseline.com.newsblur.network.APIResponse.<init>(APIResponse.java:43)
08-05 23:00:06.102  5211 23688 E baseline.com.newsblur.network.APIResponse: 	at baseline.com.newsblur.network.APIManager.post_single(APIManager.java:702)
08-05 23:00:06.102  5211 23688 E baseline.com.newsblur.network.APIResponse: 	at baseline.com.newsblur.network.APIManager.post(APIManager.java:675)
08-05 23:00:06.102  5211 23688 E baseline.com.newsblur.network.APIResponse: 	at baseline.com.newsblur.network.APIManager.post(APIManager.java:714)
08-05 23:00:06.102  5211 23688 E baseline.com.newsblur.network.APIResponse: 	at baseline.com.newsblur.network.APIManager.markStoryAsRead(APIManager.java:205)
08-05 23:00:06.102  5211 23688 E baseline.com.newsblur.network.APIResponse: 	at baseline.com.newsblur.util.ReadingAction.doRemote(ReadingAction.java:281)
08-05 23:00:06.102  5211 23688 E baseline.com.newsblur.network.APIResponse: 	at baseline.com.newsblur.service.NBSyncService.syncActions(NBSyncService.java:400)
08-05 23:00:06.102  5211 23688 E baseline.com.newsblur.network.APIResponse: 	at baseline.com.newsblur.service.NBSyncService.doSync(NBSyncService.java:298)
08-05 23:00:06.102  5211 23688 E baseline.com.newsblur.network.APIResponse: 	at baseline.com.newsblur.service.NBSyncService.access$100(NBSyncService.java:67)
08-05 23:00:06.102  5211 23688 E baseline.com.newsblur.network.APIResponse: 	at baseline.com.newsblur.service.NBSyncService$1.run(NBSyncService.java:188)
08-05 23:00:06.102  5211 23688 E baseline.com.newsblur.network.APIResponse: 	at java.util.concurrent.ThreadPoolExecutor.runWorker(ThreadPoolExecutor.java:1113)
08-05 23:00:06.102  5211 23688 E baseline.com.newsblur.network.APIResponse: 	at java.util.concurrent.ThreadPoolExecutor$Worker.run(ThreadPoolExecutor.java:588)
08-05 23:00:06.102  5211 23688 E baseline.com.newsblur.network.APIResponse: 	at java.lang.Thread.run(Thread.java:818)
08-05 23:00:06.102  5211 23688 E baseline.com.newsblur.network.APIResponse: Caused by: java.io.EOFException: \n not found: limit=0 content=
08-05 23:00:06.102  5211 23688 E baseline.com.newsblur.network.APIResponse: 	at okio.RealBufferedSource.readUtf8LineStrict(RealBufferedSource.java:240)
08-05 23:00:06.102  5211 23688 E baseline.com.newsblur.network.APIResponse: 	at okhttp3.internal.http1.Http1ExchangeCodec.readHeaderLine(Http1ExchangeCodec.java:242)
08-05 23:00:06.102  5211 23688 E baseline.com.newsblur.network.APIResponse: 	at okhttp3.internal.http1.Http1ExchangeCodec.readResponseHeaders(Http1ExchangeCodec.java:213)
08-05 23:00:06.102  5211 23688 E baseline.com.newsblur.network.APIResponse: 	... 30 more
08-05 23:00:06.106  5211 23688 I baseline.com.newsblur.service.NBSyncService: Holding reading action with server-side or network error.
08-05 23:00:06.122  5211 23688 W baseline.com.newsblur.service.NBSyncService: hard API failure
08-05 23:00:06.136  5211 23688 I baseline.com.newsblur.service.NBSyncService: recounting dirty feed sets: 1
08-05 23:00:06.392  5211 23628 I art     : Starting a blocking GC Explicit
08-05 23:00:06.440  5211 23628 I art     : Explicit concurrent mark sweep GC freed 3912(393KB) AllocSpace objects, 5(100KB) LOS objects, 29% free, 37MB/53MB, paused 1.559ms total 47.756ms
08-05 23:00:06.454  5211 23628 I art     : Starting a blocking GC Explicit
08-05 23:00:06.504  5211 23628 I art     : Explicit concurrent mark sweep GC freed 258(9KB) AllocSpace objects, 0(0B) LOS objects, 29% free, 37MB/53MB, paused 1.628ms total 49.283ms
08-05 23:00:06.520  5211 23628 I art     : Starting a blocking GC Explicit
08-05 23:00:06.566  5211 23628 I art     : Explicit concurrent mark sweep GC freed 1657(65KB) AllocSpace objects, 0(0B) LOS objects, 29% free, 37MB/53MB, paused 1.535ms total 45.745ms
08-05 23:00:06.579  5211 23628 I art     : Starting a blocking GC Explicit
08-05 23:00:06.585   518   646 I ThermalEngine: ACTION: GPU - Setting GPU[0] to 510000000
08-05 23:00:06.598  5211 23688 E baseline.com.newsblur.network.APIResponse: Error (unexpected end of stream on https://www.newsblur.com/...) calling https://www.newsblur.com/reader/feed_unread_count?feed_id=0
08-05 23:00:06.598  5211 23688 E baseline.com.newsblur.network.APIResponse: java.io.IOException: unexpected end of stream on https://www.newsblur.com/...
08-05 23:00:06.598  5211 23688 E baseline.com.newsblur.network.APIResponse: 	at okhttp3.internal.http1.Http1ExchangeCodec.readResponseHeaders(Http1ExchangeCodec.java:236)
08-05 23:00:06.598  5211 23688 E baseline.com.newsblur.network.APIResponse: 	at okhttp3.internal.connection.Exchange.readResponseHeaders(Exchange.java:115)
08-05 23:00:06.598  5211 23688 E baseline.com.newsblur.network.APIResponse: 	at okhttp3.internal.http.CallServerInterceptor.intercept(CallServerInterceptor.java:94)
08-05 23:00:06.598  5211 23688 E baseline.com.newsblur.network.APIResponse: 	at okhttp3.internal.http.RealInterceptorChain.proceed(RealInterceptorChain.java:142)
08-05 23:00:06.598  5211 23688 E baseline.com.newsblur.network.APIResponse: 	at okhttp3.internal.connection.ConnectInterceptor.intercept(ConnectInterceptor.java:43)
08-05 23:00:06.598  5211 23688 E baseline.com.newsblur.network.APIResponse: 	at okhttp3.internal.http.RealInterceptorChain.proceed(RealInterceptorChain.java:142)
08-05 23:00:06.598  5211 23688 E baseline.com.newsblur.network.APIResponse: 	at okhttp3.internal.http.RealInterceptorChain.proceed(RealInterceptorChain.java:117)
08-05 23:00:06.598  5211 23688 E baseline.com.newsblur.network.APIResponse: 	at okhttp3.internal.cache.CacheInterceptor.intercept(CacheInterceptor.java:94)
08-05 23:00:06.598  5211 23688 E baseline.com.newsblur.network.APIResponse: 	at okhttp3.internal.http.RealInterceptorChain.proceed(RealInterceptorChain.java:142)
08-05 23:00:06.598  5211 23688 E baseline.com.newsblur.network.APIResponse: 	at okhttp3.internal.http.RealInterceptorChain.proceed(RealInterceptorChain.java:117)
08-05 23:00:06.598  5211 23688 E baseline.com.newsblur.network.APIResponse: 	at okhttp3.internal.http.BridgeInterceptor.intercept(BridgeInterceptor.java:93)
08-05 23:00:06.598  5211 23688 E baseline.com.newsblur.network.APIResponse: 	at okhttp3.internal.http.RealInterceptorChain.proceed(RealInterceptorChain.java:142)
08-05 23:00:06.598  5211 23688 E baseline.com.newsblur.network.APIResponse: 	at okhttp3.internal.http.RetryAndFollowUpInterceptor.intercept(RetryAndFollowUpInterceptor.java:88)
08-05 23:00:06.598  5211 23688 E baseline.com.newsblur.network.APIResponse: 	at okhttp3.internal.http.RealInterceptorChain.proceed(RealInterceptorChain.java:142)
08-05 23:00:06.598  5211 23688 E baseline.com.newsblur.network.APIResponse: 	at okhttp3.internal.http.RealInterceptorChain.proceed(RealInterceptorChain.java:117)
08-05 23:00:06.598  5211 23688 E baseline.com.newsblur.network.APIResponse: 	at okhttp3.RealCall.getResponseWithInterceptorChain(RealCall.java:229)
08-05 23:00:06.598  5211 23688 E baseline.com.newsblur.network.APIResponse: 	at okhttp3.RealCall.execute(RealCall.java:81)
08-05 23:00:06.598  5211 23688 E baseline.com.newsblur.network.APIResponse: 	at baseline.com.newsblur.network.APIResponse.<init>(APIResponse.java:57)
08-05 23:00:06.598  5211 23688 E baseline.com.newsblur.network.APIResponse: 	at baseline.com.newsblur.network.APIManager.get_single(APIManager.java:639)
08-05 23:00:06.598  5211 23688 E baseline.com.newsblur.network.APIResponse: 	at baseline.com.newsblur.network.APIManager.get(APIManager.java:625)
08-05 23:00:06.598  5211 23688 E baseline.com.newsblur.network.APIResponse: 	at baseline.com.newsblur.network.APIManager.get(APIManager.java:667)
08-05 23:00:06.598  5211 23688 E baseline.com.newsblur.network.APIResponse: 	at baseline.com.newsblur.network.APIManager.getFeedUnreadCounts(APIManager.java:274)
08-05 23:00:06.598  5211 23688 E baseline.com.newsblur.network.APIResponse: 	at baseline.com.newsblur.service.NBSyncService.checkRecounts(NBSyncService.java:660)
08-05 23:00:06.598  5211 23688 E baseline.com.newsblur.network.APIResponse: 	at baseline.com.newsblur.service.NBSyncService.doSync(NBSyncService.java:310)
08-05 23:00:06.598  5211 23688 E baseline.com.newsblur.network.APIResponse: 	at baseline.com.newsblur.service.NBSyncService.access$100(NBSyncService.java:67)
08-05 23:00:06.598  5211 23688 E baseline.com.newsblur.network.APIResponse: 	at baseline.com.newsblur.service.NBSyncService$1.run(NBSyncService.java:188)
08-05 23:00:06.598  5211 23688 E baseline.com.newsblur.network.APIResponse: 	at java.util.concurrent.ThreadPoolExecutor.runWorker(ThreadPoolExecutor.java:1113)
08-05 23:00:06.598  5211 23688 E baseline.com.newsblur.network.APIResponse: 	at java.util.concurrent.ThreadPoolExecutor$Worker.run(ThreadPoolExecutor.java:588)
08-05 23:00:06.598  5211 23688 E baseline.com.newsblur.network.APIResponse: 	at java.lang.Thread.run(Thread.java:818)
08-05 23:00:06.598  5211 23688 E baseline.com.newsblur.network.APIResponse: Caused by: java.io.EOFException: \n not found: limit=0 content=
08-05 23:00:06.598  5211 23688 E baseline.com.newsblur.network.APIResponse: 	at okio.RealBufferedSource.readUtf8LineStrict(RealBufferedSource.java:240)
08-05 23:00:06.598  5211 23688 E baseline.com.newsblur.network.APIResponse: 	at okhttp3.internal.http1.Http1ExchangeCodec.readHeaderLine(Http1ExchangeCodec.java:242)
08-05 23:00:06.598  5211 23688 E baseline.com.newsblur.network.APIResponse: 	at okhttp3.internal.http1.Http1ExchangeCodec.readResponseHeaders(Http1ExchangeCodec.java:213)
08-05 23:00:06.598  5211 23688 E baseline.com.newsblur.network.APIResponse: 	... 28 more
08-05 23:00:06.600  5211 23688 I baseline.com.newsblur.network.APIManager: API call failed, pausing before retry number 1
08-05 23:00:06.626  5211 23628 I art     : Explicit concurrent mark sweep GC freed 801(194KB) AllocSpace objects, 2(40KB) LOS objects, 29% free, 37MB/53MB, paused 1.453ms total 46.680ms
08-05 23:00:06.637  5211 23628 I art     : Starting a blocking GC Explicit
08-05 23:00:06.672  5211 23628 I art     : Explicit concurrent mark sweep GC freed 104(15KB) AllocSpace objects, 0(0B) LOS objects, 29% free, 37MB/53MB, paused 988us total 35.202ms
08-05 23:00:06.996  5211  5224 I art     : Starting a blocking GC Explicit
08-05 23:00:07.035  5211  5224 I art     : Explicit concurrent mark sweep GC freed 1461(83KB) AllocSpace objects, 1(20KB) LOS objects, 29% free, 37MB/53MB, paused 1.009ms total 38.717ms
08-05 23:00:07.045  5211  5224 I art     : Starting a blocking GC Explicit
08-05 23:00:07.081  5211  5224 I art     : Explicit concurrent mark sweep GC freed 22(784B) AllocSpace objects, 0(0B) LOS objects, 29% free, 37MB/53MB, paused 1.045ms total 36.217ms
08-05 23:00:07.091  5211  5224 I art     : Starting a blocking GC Explicit
08-05 23:00:07.129  5211  5224 I art     : Explicit concurrent mark sweep GC freed 3(96B) AllocSpace objects, 0(0B) LOS objects, 29% free, 37MB/53MB, paused 1.029ms total 36.972ms
08-05 23:00:07.139  5211  5224 I art     : Starting a blocking GC Explicit
08-05 23:00:07.176  5211  5224 I art     : Explicit concurrent mark sweep GC freed 3(96B) AllocSpace objects, 0(0B) LOS objects, 29% free, 37MB/53MB, paused 1.043ms total 36.480ms
08-05 23:00:07.186  5211  5224 I art     : Starting a blocking GC Explicit
08-05 23:00:07.224  5211  5224 I art     : Explicit concurrent mark sweep GC freed 3(96B) AllocSpace objects, 0(0B) LOS objects, 29% free, 37MB/53MB, paused 1.077ms total 37.641ms
08-05 23:00:07.558  5211  5223 I art     : Starting a blocking GC Explicit
08-05 23:00:07.597  5211  5223 I art     : Explicit concurrent mark sweep GC freed 1437(82KB) AllocSpace objects, 1(20KB) LOS objects, 29% free, 37MB/53MB, paused 1.064ms total 38.875ms
08-05 23:00:07.610  5211  5223 I art     : Starting a blocking GC Explicit
08-05 23:00:07.647  5211  5223 I art     : Explicit concurrent mark sweep GC freed 22(784B) AllocSpace objects, 0(0B) LOS objects, 29% free, 37MB/53MB, paused 1.058ms total 36.752ms
08-05 23:00:07.657  5211  5223 I art     : Starting a blocking GC Explicit
08-05 23:00:07.693  5211  5223 I art     : Explicit concurrent mark sweep GC freed 3(96B) AllocSpace objects, 0(0B) LOS objects, 29% free, 37MB/53MB, paused 1.116ms total 35.900ms
08-05 23:00:07.703  5211  5223 I art     : Starting a blocking GC Explicit
08-05 23:00:07.740  5211  5223 I art     : Explicit concurrent mark sweep GC freed 3(96B) AllocSpace objects, 0(0B) LOS objects, 29% free, 37MB/53MB, paused 1.069ms total 36.473ms
08-05 23:00:07.750  5211  5223 I art     : Starting a blocking GC Explicit
08-05 23:00:07.788  5211  5223 I art     : Explicit concurrent mark sweep GC freed 3(96B) AllocSpace objects, 0(0B) LOS objects, 29% free, 37MB/53MB, paused 1.127ms total 36.775ms
08-05 23:00:08.154  5211 22763 I art     : Starting a blocking GC Explicit
08-05 23:00:08.192  5211 22763 I art     : Explicit concurrent mark sweep GC freed 1596(90KB) AllocSpace objects, 1(20KB) LOS objects, 29% free, 37MB/53MB, paused 1.137ms total 37.733ms
08-05 23:00:08.202  5211 22763 I art     : Starting a blocking GC Explicit
08-05 23:00:08.239  5211 22763 I art     : Explicit concurrent mark sweep GC freed 37(2352B) AllocSpace objects, 0(0B) LOS objects, 29% free, 37MB/53MB, paused 1.150ms total 36.162ms
08-05 23:00:08.249  5211 22763 I art     : Starting a blocking GC Explicit
08-05 23:00:08.285  5211 22763 I art     : Explicit concurrent mark sweep GC freed 3(96B) AllocSpace objects, 0(0B) LOS objects, 29% free, 37MB/53MB, paused 1.025ms total 36.548ms
08-05 23:00:08.296  5211 22763 I art     : Starting a blocking GC Explicit
08-05 23:00:08.333  5211 22763 I art     : Explicit concurrent mark sweep GC freed 3(96B) AllocSpace objects, 0(0B) LOS objects, 29% free, 37MB/53MB, paused 1.118ms total 37.390ms
08-05 23:00:08.344  5211 22763 I art     : Starting a blocking GC Explicit
08-05 23:00:08.382  5211 22763 I art     : Explicit concurrent mark sweep GC freed 3(96B) AllocSpace objects, 0(0B) LOS objects, 29% free, 37MB/53MB, paused 1.111ms total 37.657ms
08-05 23:00:08.624  5211 23688 E baseline.com.newsblur.network.APIResponse: Error (unexpected end of stream on https://www.newsblur.com/...) calling https://www.newsblur.com/reader/feed_unread_count?feed_id=0
08-05 23:00:08.624  5211 23688 E baseline.com.newsblur.network.APIResponse: java.io.IOException: unexpected end of stream on https://www.newsblur.com/...
08-05 23:00:08.624  5211 23688 E baseline.com.newsblur.network.APIResponse: 	at okhttp3.internal.http1.Http1ExchangeCodec.readResponseHeaders(Http1ExchangeCodec.java:236)
08-05 23:00:08.624  5211 23688 E baseline.com.newsblur.network.APIResponse: 	at okhttp3.internal.connection.Exchange.readResponseHeaders(Exchange.java:115)
08-05 23:00:08.624  5211 23688 E baseline.com.newsblur.network.APIResponse: 	at okhttp3.internal.http.CallServerInterceptor.intercept(CallServerInterceptor.java:94)
08-05 23:00:08.624  5211 23688 E baseline.com.newsblur.network.APIResponse: 	at okhttp3.internal.http.RealInterceptorChain.proceed(RealInterceptorChain.java:142)
08-05 23:00:08.624  5211 23688 E baseline.com.newsblur.network.APIResponse: 	at okhttp3.internal.connection.ConnectInterceptor.intercept(ConnectInterceptor.java:43)
08-05 23:00:08.624  5211 23688 E baseline.com.newsblur.network.APIResponse: 	at okhttp3.internal.http.RealInterceptorChain.proceed(RealInterceptorChain.java:142)
08-05 23:00:08.624  5211 23688 E baseline.com.newsblur.network.APIResponse: 	at okhttp3.internal.http.RealInterceptorChain.proceed(RealInterceptorChain.java:117)
08-05 23:00:08.624  5211 23688 E baseline.com.newsblur.network.APIResponse: 	at okhttp3.internal.cache.CacheInterceptor.intercept(CacheInterceptor.java:94)
08-05 23:00:08.624  5211 23688 E baseline.com.newsblur.network.APIResponse: 	at okhttp3.internal.http.RealInterceptorChain.proceed(RealInterceptorChain.java:142)
08-05 23:00:08.624  5211 23688 E baseline.com.newsblur.network.APIResponse: 	at okhttp3.internal.http.RealInterceptorChain.proceed(RealInterceptorChain.java:117)
08-05 23:00:08.624  5211 23688 E baseline.com.newsblur.network.APIResponse: 	at okhttp3.internal.http.BridgeInterceptor.intercept(BridgeInterceptor.java:93)
08-05 23:00:08.624  5211 23688 E baseline.com.newsblur.network.APIResponse: 	at okhttp3.internal.http.RealInterceptorChain.proceed(RealInterceptorChain.java:142)
08-05 23:00:08.624  5211 23688 E baseline.com.newsblur.network.APIResponse: 	at okhttp3.internal.http.RetryAndFollowUpInterceptor.intercept(RetryAndFollowUpInterceptor.java:88)
08-05 23:00:08.624  5211 23688 E baseline.com.newsblur.network.APIResponse: 	at okhttp3.internal.http.RealInterceptorChain.proceed(RealInterceptorChain.java:142)
08-05 23:00:08.624  5211 23688 E baseline.com.newsblur.network.APIResponse: 	at okhttp3.internal.http.RealInterceptorChain.proceed(RealInterceptorChain.java:117)
08-05 23:00:08.624  5211 23688 E baseline.com.newsblur.network.APIResponse: 	at okhttp3.RealCall.getResponseWithInterceptorChain(RealCall.java:229)
08-05 23:00:08.624  5211 23688 E baseline.com.newsblur.network.APIResponse: 	at okhttp3.RealCall.execute(RealCall.java:81)
08-05 23:00:08.624  5211 23688 E baseline.com.newsblur.network.APIResponse: 	at baseline.com.newsblur.network.APIResponse.<init>(APIResponse.java:57)
08-05 23:00:08.624  5211 23688 E baseline.com.newsblur.network.APIResponse: 	at baseline.com.newsblur.network.APIManager.get_single(APIManager.java:639)
08-05 23:00:08.624  5211 23688 E baseline.com.newsblur.network.APIResponse: 	at baseline.com.newsblur.network.APIManager.get(APIManager.java:625)
08-05 23:00:08.624  5211 23688 E baseline.com.newsblur.network.APIResponse: 	at baseline.com.newsblur.network.APIManager.get(APIManager.java:667)
08-05 23:00:08.624  5211 23688 E baseline.com.newsblur.network.APIResponse: 	at baseline.com.newsblur.network.APIManager.getFeedUnreadCounts(APIManager.java:274)
08-05 23:00:08.624  5211 23688 E baseline.com.newsblur.network.APIResponse: 	at baseline.com.newsblur.service.NBSyncService.checkRecounts(NBSyncService.java:660)
08-05 23:00:08.624  5211 23688 E baseline.com.newsblur.network.APIResponse: 	at baseline.com.newsblur.service.NBSyncService.doSync(NBSyncService.java:310)
08-05 23:00:08.624  5211 23688 E baseline.com.newsblur.network.APIResponse: 	at baseline.com.newsblur.service.NBSyncService.access$100(NBSyncService.java:67)
08-05 23:00:08.624  5211 23688 E baseline.com.newsblur.network.APIResponse: 	at baseline.com.newsblur.service.NBSyncService$1.run(NBSyncService.java:188)
08-05 23:00:08.624  5211 23688 E baseline.com.newsblur.network.APIResponse: 	at java.util.concurrent.ThreadPoolExecutor.runWorker(ThreadPoolExecutor.java:1113)
08-05 23:00:08.624  5211 23688 E baseline.com.newsblur.network.APIResponse: 	at java.util.concurrent.ThreadPoolExecutor$Worker.run(ThreadPoolExecutor.java:588)
08-05 23:00:08.624  5211 23688 E baseline.com.newsblur.network.APIResponse: 	at java.lang.Thread.run(Thread.java:818)
08-05 23:00:08.624  5211 23688 E baseline.com.newsblur.network.APIResponse: Caused by: java.io.EOFException: \n not found: limit=0 content=
08-05 23:00:08.624  5211 23688 E baseline.com.newsblur.network.APIResponse: 	at okio.RealBufferedSource.readUtf8LineStrict(RealBufferedSource.java:240)
08-05 23:00:08.624  5211 23688 E baseline.com.newsblur.network.APIResponse: 	at okhttp3.internal.http1.Http1ExchangeCodec.readHeaderLine(Http1ExchangeCodec.java:242)
08-05 23:00:08.624  5211 23688 E baseline.com.newsblur.network.APIResponse: 	at okhttp3.internal.http1.Http1ExchangeCodec.readResponseHeaders(Http1ExchangeCodec.java:213)
08-05 23:00:08.624  5211 23688 E baseline.com.newsblur.network.APIResponse: 	... 28 more
08-05 23:00:08.626  5211 23688 I baseline.com.newsblur.network.APIManager: API call failed, pausing before retry number 2
08-05 23:00:08.731  5211 23628 I art     : Starting a blocking GC Explicit
08-05 23:00:08.771  5211 23628 I art     : Explicit concurrent mark sweep GC freed 3926(355KB) AllocSpace objects, 3(60KB) LOS objects, 29% free, 37MB/53MB, paused 1.126ms total 39.753ms
08-05 23:00:08.786  5211 23628 I art     : Starting a blocking GC Explicit
08-05 23:00:08.820  5211 23628 I art     : Explicit concurrent mark sweep GC freed 109(3KB) AllocSpace objects, 0(0B) LOS objects, 29% free, 37MB/53MB, paused 1.023ms total 34.049ms
08-05 23:00:08.829  5211 23628 I art     : Starting a blocking GC Explicit
08-05 23:00:08.862  5211 23628 I art     : Explicit concurrent mark sweep GC freed 3(96B) AllocSpace objects, 0(0B) LOS objects, 29% free, 37MB/53MB, paused 968us total 32.361ms
08-05 23:00:08.872  5211 23628 I art     : Starting a blocking GC Explicit
08-05 23:00:08.907  5211 23628 I art     : Explicit concurrent mark sweep GC freed 3(96B) AllocSpace objects, 0(0B) LOS objects, 29% free, 37MB/53MB, paused 974us total 34.585ms
08-05 23:00:08.917  5211 23628 I art     : Starting a blocking GC Explicit
08-05 23:00:08.952  5211 23628 I art     : Explicit concurrent mark sweep GC freed 3(96B) AllocSpace objects, 0(0B) LOS objects, 29% free, 37MB/53MB, paused 999us total 35.008ms
08-05 23:00:09.305  5211  5224 I art     : Starting a blocking GC Explicit
08-05 23:00:09.344  5211  5224 I art     : Explicit concurrent mark sweep GC freed 1450(83KB) AllocSpace objects, 1(20KB) LOS objects, 29% free, 37MB/53MB, paused 1.093ms total 38.726ms
08-05 23:00:09.357  5211  5224 I art     : Starting a blocking GC Explicit
08-05 23:00:09.391  5211  5224 I art     : Explicit concurrent mark sweep GC freed 33(1200B) AllocSpace objects, 0(0B) LOS objects, 29% free, 37MB/53MB, paused 950us total 33.816ms
08-05 23:00:09.401  5211  5224 I art     : Starting a blocking GC Explicit
08-05 23:00:09.437  5211  5224 I art     : Explicit concurrent mark sweep GC freed 3(96B) AllocSpace objects, 0(0B) LOS objects, 29% free, 37MB/53MB, paused 961us total 35.276ms
08-05 23:00:09.447  5211  5224 I art     : Starting a blocking GC Explicit
08-05 23:00:09.483  5211  5224 I art     : Explicit concurrent mark sweep GC freed 3(96B) AllocSpace objects, 0(0B) LOS objects, 29% free, 37MB/53MB, paused 993us total 35.945ms
08-05 23:00:09.493  5211  5224 I art     : Starting a blocking GC Explicit
08-05 23:00:09.528  5211  5224 I art     : Explicit concurrent mark sweep GC freed 3(96B) AllocSpace objects, 0(0B) LOS objects, 29% free, 37MB/53MB, paused 1.033ms total 35.087ms
08-05 23:00:09.856  5211  5223 I art     : Starting a blocking GC Explicit
08-05 23:00:09.894  5211  5223 I art     : Explicit concurrent mark sweep GC freed 2427(131KB) AllocSpace objects, 1(20KB) LOS objects, 29% free, 37MB/53MB, paused 1.001ms total 37.587ms
08-05 23:00:09.908  5211  5223 I art     : Starting a blocking GC Explicit
08-05 23:00:09.943  5211  5223 I art     : Explicit concurrent mark sweep GC freed 783(58KB) AllocSpace objects, 0(0B) LOS objects, 29% free, 37MB/53MB, paused 1.007ms total 34.874ms
08-05 23:00:09.953  5211  5223 I art     : Starting a blocking GC Explicit
08-05 23:00:09.988  5211  5223 I art     : Explicit concurrent mark sweep GC freed 3(96B) AllocSpace objects, 0(0B) LOS objects, 29% free, 37MB/53MB, paused 1.129ms total 34.474ms
08-05 23:00:09.998  5211  5223 I art     : Starting a blocking GC Explicit
08-05 23:00:10.032  5211  5223 I art     : Explicit concurrent mark sweep GC freed 3(96B) AllocSpace objects, 0(0B) LOS objects, 29% free, 37MB/53MB, paused 983us total 33.816ms
08-05 23:00:10.042  5211  5223 I art     : Starting a blocking GC Explicit
08-05 23:00:10.077  5211  5223 I art     : Explicit concurrent mark sweep GC freed 172(9KB) AllocSpace objects, 0(0B) LOS objects, 29% free, 37MB/53MB, paused 1.013ms total 34.447ms
08-05 23:00:10.422  5211 22763 I art     : Starting a blocking GC Explicit
08-05 23:00:10.462  5211 22763 I art     : Explicit concurrent mark sweep GC freed 1779(98KB) AllocSpace objects, 1(20KB) LOS objects, 29% free, 37MB/53MB, paused 1.014ms total 38.271ms
08-05 23:00:10.474  5211 22763 I art     : Starting a blocking GC Explicit
08-05 23:00:10.508  5211 22763 I art     : Explicit concurrent mark sweep GC freed 387(28KB) AllocSpace objects, 0(0B) LOS objects, 29% free, 37MB/53MB, paused 957us total 34.042ms
08-05 23:00:10.517  5211 22763 I art     : Starting a blocking GC Explicit
08-05 23:00:10.550  5211 22763 I art     : Explicit concurrent mark sweep GC freed 3(96B) AllocSpace objects, 0(0B) LOS objects, 29% free, 37MB/53MB, paused 953us total 32.311ms
08-05 23:00:10.559  5211 22763 I art     : Starting a blocking GC Explicit
08-05 23:00:10.590  5211 22763 I art     : Explicit concurrent mark sweep GC freed 3(96B) AllocSpace objects, 0(0B) LOS objects, 29% free, 37MB/53MB, paused 953us total 30.813ms
08-05 23:00:10.599  5211 22763 I art     : Starting a blocking GC Explicit
08-05 23:00:10.630  5211 22763 I art     : Explicit concurrent mark sweep GC freed 3(96B) AllocSpace objects, 0(0B) LOS objects, 29% free, 37MB/53MB, paused 946us total 30.522ms
08-05 23:00:10.980  5211 23628 I art     : Starting a blocking GC Explicit
08-05 23:00:11.014  5211 23628 I art     : Explicit concurrent mark sweep GC freed 1437(82KB) AllocSpace objects, 1(20KB) LOS objects, 29% free, 37MB/53MB, paused 944us total 33.748ms
08-05 23:00:11.024  5211 23628 I art     : Starting a blocking GC Explicit
08-05 23:00:11.060  5211 23628 I art     : Explicit concurrent mark sweep GC freed 22(784B) AllocSpace objects, 0(0B) LOS objects, 29% free, 37MB/53MB, paused 1.018ms total 35.319ms
08-05 23:00:11.070  5211 23628 I art     : Starting a blocking GC Explicit
08-05 23:00:11.105  5211 23628 I art     : Explicit concurrent mark sweep GC freed 3(96B) AllocSpace objects, 0(0B) LOS objects, 29% free, 37MB/53MB, paused 948us total 34.881ms
08-05 23:00:11.115  5211 23628 I art     : Starting a blocking GC Explicit
08-05 23:00:11.150  5211 23628 I art     : Explicit concurrent mark sweep GC freed 3(96B) AllocSpace objects, 0(0B) LOS objects, 29% free, 37MB/53MB, paused 934us total 34.750ms
08-05 23:00:11.160  5211 23628 I art     : Starting a blocking GC Explicit
08-05 23:00:11.195  5211 23628 I art     : Explicit concurrent mark sweep GC freed 3(96B) AllocSpace objects, 0(0B) LOS objects, 29% free, 37MB/53MB, paused 1.001ms total 34.395ms
08-05 23:00:11.559  5211  5224 I art     : Starting a blocking GC Explicit
08-05 23:00:11.597  5211  5224 I art     : Explicit concurrent mark sweep GC freed 1437(82KB) AllocSpace objects, 1(20KB) LOS objects, 29% free, 37MB/53MB, paused 1.032ms total 38.043ms
08-05 23:00:11.611  5211  5224 I art     : Starting a blocking GC Explicit
08-05 23:00:11.647  5211  5224 I art     : Explicit concurrent mark sweep GC freed 115(4KB) AllocSpace objects, 0(0B) LOS objects, 29% free, 37MB/53MB, paused 1.033ms total 35.773ms
08-05 23:00:11.657  5211  5224 I art     : Starting a blocking GC Explicit
08-05 23:00:11.692  5211  5224 I art     : Explicit concurrent mark sweep GC freed 9(352B) AllocSpace objects, 0(0B) LOS objects, 29% free, 37MB/53MB, paused 1.072ms total 35.059ms
08-05 23:00:11.703  5211  5224 I art     : Starting a blocking GC Explicit
08-05 23:00:11.740  5211  5224 I art     : Explicit concurrent mark sweep GC freed 3(96B) AllocSpace objects, 0(0B) LOS objects, 29% free, 37MB/53MB, paused 1.069ms total 36.633ms
08-05 23:00:11.750  5211  5224 I art     : Starting a blocking GC Explicit
08-05 23:00:11.786  5211  5224 I art     : Explicit concurrent mark sweep GC freed 71(5KB) AllocSpace objects, 0(0B) LOS objects, 29% free, 37MB/53MB, paused 1.023ms total 35.152ms
08-05 23:00:12.135  5211  5223 I art     : Starting a blocking GC Explicit
08-05 23:00:12.171  5211  5223 I art     : Explicit concurrent mark sweep GC freed 3079(147KB) AllocSpace objects, 1(20KB) LOS objects, 29% free, 37MB/53MB, paused 1.109ms total 35.576ms
08-05 23:00:12.181  5211  5223 I art     : Starting a blocking GC Explicit
08-05 23:00:12.209  5211 23688 E baseline.com.newsblur.network.APIResponse: Error (unexpected end of stream on https://www.newsblur.com/...) calling https://www.newsblur.com/reader/feed_unread_count?feed_id=0
08-05 23:00:12.209  5211 23688 E baseline.com.newsblur.network.APIResponse: java.io.IOException: unexpected end of stream on https://www.newsblur.com/...
08-05 23:00:12.209  5211 23688 E baseline.com.newsblur.network.APIResponse: 	at okhttp3.internal.http1.Http1ExchangeCodec.readResponseHeaders(Http1ExchangeCodec.java:236)
08-05 23:00:12.209  5211 23688 E baseline.com.newsblur.network.APIResponse: 	at okhttp3.internal.connection.Exchange.readResponseHeaders(Exchange.java:115)
08-05 23:00:12.209  5211 23688 E baseline.com.newsblur.network.APIResponse: 	at okhttp3.internal.http.CallServerInterceptor.intercept(CallServerInterceptor.java:94)
08-05 23:00:12.209  5211 23688 E baseline.com.newsblur.network.APIResponse: 	at okhttp3.internal.http.RealInterceptorChain.proceed(RealInterceptorChain.java:142)
08-05 23:00:12.209  5211 23688 E baseline.com.newsblur.network.APIResponse: 	at okhttp3.internal.connection.ConnectInterceptor.intercept(ConnectInterceptor.java:43)
08-05 23:00:12.209  5211 23688 E baseline.com.newsblur.network.APIResponse: 	at okhttp3.internal.http.RealInterceptorChain.proceed(RealInterceptorChain.java:142)
08-05 23:00:12.209  5211 23688 E baseline.com.newsblur.network.APIResponse: 	at okhttp3.internal.http.RealInterceptorChain.proceed(RealInterceptorChain.java:117)
08-05 23:00:12.209  5211 23688 E baseline.com.newsblur.network.APIResponse: 	at okhttp3.internal.cache.CacheInterceptor.intercept(CacheInterceptor.java:94)
08-05 23:00:12.209  5211 23688 E baseline.com.newsblur.network.APIResponse: 	at okhttp3.internal.http.RealInterceptorChain.proceed(RealInterceptorChain.java:142)
08-05 23:00:12.209  5211 23688 E baseline.com.newsblur.network.APIResponse: 	at okhttp3.internal.http.RealInterceptorChain.proceed(RealInterceptorChain.java:117)
08-05 23:00:12.209  5211 23688 E baseline.com.newsblur.network.APIResponse: 	at okhttp3.internal.http.BridgeInterceptor.intercept(BridgeInterceptor.java:93)
08-05 23:00:12.209  5211 23688 E baseline.com.newsblur.network.APIResponse: 	at okhttp3.internal.http.RealInterceptorChain.proceed(RealInterceptorChain.java:142)
08-05 23:00:12.209  5211 23688 E baseline.com.newsblur.network.APIResponse: 	at okhttp3.internal.http.RetryAndFollowUpInterceptor.intercept(RetryAndFollowUpInterceptor.java:88)
08-05 23:00:12.209  5211 23688 E baseline.com.newsblur.network.APIResponse: 	at okhttp3.internal.http.RealInterceptorChain.proceed(RealInterceptorChain.java:142)
08-05 23:00:12.209  5211 23688 E baseline.com.newsblur.network.APIResponse: 	at okhttp3.internal.http.RealInterceptorChain.proceed(RealInterceptorChain.java:117)
08-05 23:00:12.209  5211 23688 E baseline.com.newsblur.network.APIResponse: 	at okhttp3.RealCall.getResponseWithInterceptorChain(RealCall.java:229)
08-05 23:00:12.209  5211 23688 E baseline.com.newsblur.network.APIResponse: 	at okhttp3.RealCall.execute(RealCall.java:81)
08-05 23:00:12.209  5211 23688 E baseline.com.newsblur.network.APIResponse: 	at baseline.com.newsblur.network.APIResponse.<init>(APIResponse.java:57)
08-05 23:00:12.209  5211 23688 E baseline.com.newsblur.network.APIResponse: 	at baseline.com.newsblur.network.APIManager.get_single(APIManager.java:639)
08-05 23:00:12.209  5211 23688 E baseline.com.newsblur.network.APIResponse: 	at baseline.com.newsblur.network.APIManager.get(APIManager.java:625)
08-05 23:00:12.209  5211 23688 E baseline.com.newsblur.network.APIResponse: 	at baseline.com.newsblur.network.APIManager.get(APIManager.java:667)
08-05 23:00:12.209  5211 23688 E baseline.com.newsblur.network.APIResponse: 	at baseline.com.newsblur.network.APIManager.getFeedUnreadCounts(APIManager.java:274)
08-05 23:00:12.209  5211 23688 E baseline.com.newsblur.network.APIResponse: 	at baseline.com.newsblur.service.NBSyncService.checkRecounts(NBSyncService.java:660)
08-05 23:00:12.209  5211 23688 E baseline.com.newsblur.network.APIResponse: 	at baseline.com.newsblur.service.NBSyncService.doSync(NBSyncService.java:310)
08-05 23:00:12.209  5211 23688 E baseline.com.newsblur.network.APIResponse: 	at baseline.com.newsblur.service.NBSyncService.access$100(NBSyncService.java:67)
08-05 23:00:12.209  5211 23688 E baseline.com.newsblur.network.APIResponse: 	at baseline.com.newsblur.service.NBSyncService$1.run(NBSyncService.java:188)
08-05 23:00:12.209  5211 23688 E baseline.com.newsblur.network.APIResponse: 	at java.util.concurrent.ThreadPoolExecutor.runWorker(ThreadPoolExecutor.java:1113)
08-05 23:00:12.209  5211 23688 E baseline.com.newsblur.network.APIResponse: 	at java.util.concurrent.ThreadPoolExecutor$Worker.run(ThreadPoolExecutor.java:588)
08-05 23:00:12.209  5211 23688 E baseline.com.newsblur.network.APIResponse: 	at java.lang.Thread.run(Thread.java:818)
08-05 23:00:12.209  5211 23688 E baseline.com.newsblur.network.APIResponse: Caused by: java.io.EOFException: \n not found: limit=0 content=
08-05 23:00:12.209  5211 23688 E baseline.com.newsblur.network.APIResponse: 	at okio.RealBufferedSource.readUtf8LineStrict(RealBufferedSource.java:240)
08-05 23:00:12.209  5211 23688 E baseline.com.newsblur.network.APIResponse: 	at okhttp3.internal.http1.Http1ExchangeCodec.readHeaderLine(Http1ExchangeCodec.java:242)
08-05 23:00:12.209  5211 23688 E baseline.com.newsblur.network.APIResponse: 	at okhttp3.internal.http1.Http1ExchangeCodec.readResponseHeaders(Http1ExchangeCodec.java:213)
08-05 23:00:12.209  5211 23688 E baseline.com.newsblur.network.APIResponse: 	... 28 more
08-05 23:00:12.210  5211 23688 W baseline.com.newsblur.service.NBSyncService: Bad response to feed_unread_count
08-05 23:00:12.216  5211  5223 I art     : Explicit concurrent mark sweep GC freed 913(191KB) AllocSpace objects, 3(60KB) LOS objects, 29% free, 37MB/53MB, paused 1.198ms total 34.705ms
08-05 23:00:12.225  5211  5223 I art     : Starting a blocking GC Explicit
08-05 23:00:12.261  5211  5223 I art     : Explicit concurrent mark sweep GC freed 543(87KB) AllocSpace objects, 2(40KB) LOS objects, 29% free, 37MB/53MB, paused 985us total 34.968ms
08-05 23:00:12.271  5211  5223 I art     : Starting a blocking GC Explicit
08-05 23:00:12.306  5211  5223 I art     : Explicit concurrent mark sweep GC freed 61(2352B) AllocSpace objects, 0(0B) LOS objects, 29% free, 37MB/53MB, paused 1.018ms total 34.842ms
08-05 23:00:12.316  5211  5223 I art     : Starting a blocking GC Explicit
08-05 23:00:12.351  5211  5223 I art     : Explicit concurrent mark sweep GC freed 3(96B) AllocSpace objects, 0(0B) LOS objects, 29% free, 37MB/53MB, paused 1.034ms total 34.645ms
08-05 23:00:12.460   918  3261 D WifiStateMachine: starting scan for "H369AA63323"WPA_PSK with 2412,5180
08-05 23:00:12.593  5211 23688 E baseline.com.newsblur.network.APIResponse: Error (unexpected end of stream on https://www.newsblur.com/...) calling https://www.newsblur.com/reader/mark_story_hashes_as_read/
08-05 23:00:12.593  5211 23688 E baseline.com.newsblur.network.APIResponse: java.io.IOException: unexpected end of stream on https://www.newsblur.com/...
08-05 23:00:12.593  5211 23688 E baseline.com.newsblur.network.APIResponse: 	at okhttp3.internal.http1.Http1ExchangeCodec.readResponseHeaders(Http1ExchangeCodec.java:236)
08-05 23:00:12.593  5211 23688 E baseline.com.newsblur.network.APIResponse: 	at okhttp3.internal.connection.Exchange.readResponseHeaders(Exchange.java:115)
08-05 23:00:12.593  5211 23688 E baseline.com.newsblur.network.APIResponse: 	at okhttp3.internal.http.CallServerInterceptor.intercept(CallServerInterceptor.java:94)
08-05 23:00:12.593  5211 23688 E baseline.com.newsblur.network.APIResponse: 	at okhttp3.internal.http.RealInterceptorChain.proceed(RealInterceptorChain.java:142)
08-05 23:00:12.593  5211 23688 E baseline.com.newsblur.network.APIResponse: 	at okhttp3.internal.connection.ConnectInterceptor.intercept(ConnectInterceptor.java:43)
08-05 23:00:12.593  5211 23688 E baseline.com.newsblur.network.APIResponse: 	at okhttp3.internal.http.RealInterceptorChain.proceed(RealInterceptorChain.java:142)
08-05 23:00:12.593  5211 23688 E baseline.com.newsblur.network.APIResponse: 	at okhttp3.internal.http.RealInterceptorChain.proceed(RealInterceptorChain.java:117)
08-05 23:00:12.593  5211 23688 E baseline.com.newsblur.network.APIResponse: 	at okhttp3.internal.cache.CacheInterceptor.intercept(CacheInterceptor.java:94)
08-05 23:00:12.593  5211 23688 E baseline.com.newsblur.network.APIResponse: 	at okhttp3.internal.http.RealInterceptorChain.proceed(RealInterceptorChain.java:142)
08-05 23:00:12.593  5211 23688 E baseline.com.newsblur.network.APIResponse: 	at okhttp3.internal.http.RealInterceptorChain.proceed(RealInterceptorChain.java:117)
08-05 23:00:12.593  5211 23688 E baseline.com.newsblur.network.APIResponse: 	at okhttp3.internal.http.BridgeInterceptor.intercept(BridgeInterceptor.java:93)
08-05 23:00:12.593  5211 23688 E baseline.com.newsblur.network.APIResponse: 	at okhttp3.internal.http.RealInterceptorChain.proceed(RealInterceptorChain.java:142)
08-05 23:00:12.593  5211 23688 E baseline.com.newsblur.network.APIResponse: 	at okhttp3.internal.http.RetryAndFollowUpInterceptor.intercept(RetryAndFollowUpInterceptor.java:88)
08-05 23:00:12.593  5211 23688 E baseline.com.newsblur.network.APIResponse: 	at okhttp3.internal.http.RealInterceptorChain.proceed(RealInterceptorChain.java:142)
08-05 23:00:12.593  5211 23688 E baseline.com.newsblur.network.APIResponse: 	at okhttp3.internal.http.RealInterceptorChain.proceed(RealInterceptorChain.java:117)
08-05 23:00:12.593  5211 23688 E baseline.com.newsblur.network.APIResponse: 	at okhttp3.RealCall.getResponseWithInterceptorChain(RealCall.java:229)
08-05 23:00:12.593  5211 23688 E baseline.com.newsblur.network.APIResponse: 	at okhttp3.RealCall.execute(RealCall.java:81)
08-05 23:00:12.593  5211 23688 E baseline.com.newsblur.network.APIResponse: 	at baseline.com.newsblur.network.APIResponse.<init>(APIResponse.java:57)
08-05 23:00:12.593  5211 23688 E baseline.com.newsblur.network.APIResponse: 	at baseline.com.newsblur.network.APIResponse.<init>(APIResponse.java:43)
08-05 23:00:12.593  5211 23688 E baseline.com.newsblur.network.APIResponse: 	at baseline.com.newsblur.network.APIManager.post_single(APIManager.java:702)
08-05 23:00:12.593  5211 23688 E baseline.com.newsblur.network.APIResponse: 	at baseline.com.newsblur.network.APIManager.post(APIManager.java:675)
08-05 23:00:12.593  5211 23688 E baseline.com.newsblur.network.APIResponse: 	at baseline.com.newsblur.network.APIManager.post(APIManager.java:714)
08-05 23:00:12.593  5211 23688 E baseline.com.newsblur.network.APIResponse: 	at baseline.com.newsblur.network.APIManager.markStoryAsRead(APIManager.java:205)
08-05 23:00:12.593  5211 23688 E baseline.com.newsblur.network.APIResponse: 	at baseline.com.newsblur.util.ReadingAction.doRemote(ReadingAction.java:281)
08-05 23:00:12.593  5211 23688 E baseline.com.newsblur.network.APIResponse: 	at baseline.com.newsblur.service.NBSyncService.syncActions(NBSyncService.java:400)
08-05 23:00:12.593  5211 23688 E baseline.com.newsblur.network.APIResponse: 	at baseline.com.newsblur.service.NBSyncService.doSync(NBSyncService.java:298)
08-05 23:00:12.593  5211 23688 E baseline.com.newsblur.network.APIResponse: 	at baseline.com.newsblur.service.NBSyncService.access$100(NBSyncService.java:67)
08-05 23:00:12.593  5211 23688 E baseline.com.newsblur.network.APIResponse: 	at baseline.com.newsblur.service.NBSyncService$1.run(NBSyncService.java:188)
08-05 23:00:12.593  5211 23688 E baseline.com.newsblur.network.APIResponse: 	at java.util.concurrent.ThreadPoolExecutor.runWorker(ThreadPoolExecutor.java:1113)
08-05 23:00:12.593  5211 23688 E baseline.com.newsblur.network.APIResponse: 	at java.util.concurrent.ThreadPoolExecutor$Worker.run(ThreadPoolExecutor.java:588)
08-05 23:00:12.593  5211 23688 E baseline.com.newsblur.network.APIResponse: 	at java.lang.Thread.run(Thread.java:818)
08-05 23:00:12.593  5211 23688 E baseline.com.newsblur.network.APIResponse: Caused by: java.io.EOFException: \n not found: limit=0 content=
08-05 23:00:12.593  5211 23688 E baseline.com.newsblur.network.APIResponse: 	at okio.RealBufferedSource.readUtf8LineStrict(RealBufferedSource.java:240)
08-05 23:00:12.593  5211 23688 E baseline.com.newsblur.network.APIResponse: 	at okhttp3.internal.http1.Http1ExchangeCodec.readHeaderLine(Http1ExchangeCodec.java:242)
08-05 23:00:12.593  5211 23688 E baseline.com.newsblur.network.APIResponse: 	at okhttp3.internal.http1.Http1ExchangeCodec.readResponseHeaders(Http1ExchangeCodec.java:213)
08-05 23:00:12.593  5211 23688 E baseline.com.newsblur.network.APIResponse: 	... 30 more
08-05 23:00:12.594  5211 23688 I baseline.com.newsblur.network.APIManager: API call failed, pausing before retry number 1
08-05 23:00:12.690  5211 22763 I art     : Starting a blocking GC Explicit
08-05 23:00:12.729  5211 22763 I art     : Explicit concurrent mark sweep GC freed 3944(357KB) AllocSpace objects, 3(60KB) LOS objects, 29% free, 37MB/53MB, paused 1.074ms total 38.348ms
08-05 23:00:12.741  5211 22763 I art     : Starting a blocking GC Explicit
08-05 23:00:12.741 24049 24049 D AndroidRuntime: >>>>>> START com.android.internal.os.RuntimeInit uid 2000 <<<<<<
08-05 23:00:12.746 24049 24049 D AndroidRuntime: CheckJNI is OFF
08-05 23:00:12.774  5211 22763 I art     : Explicit concurrent mark sweep GC freed 109(3KB) AllocSpace objects, 0(0B) LOS objects, 29% free, 37MB/53MB, paused 1.018ms total 32.630ms
08-05 23:00:12.779 24049 24049 D ICU     : No timezone override file found: /data/misc/zoneinfo/current/icu/icu_tzdata.dat
08-05 23:00:12.783  5211 22763 I art     : Starting a blocking GC Explicit
08-05 23:00:12.812 24049 24049 I Radio-JNI: register_android_hardware_Radio DONE
08-05 23:00:12.817  5211 22763 I art     : Explicit concurrent mark sweep GC freed 3(96B) AllocSpace objects, 0(0B) LOS objects, 29% free, 37MB/53MB, paused 1.065ms total 33.709ms
08-05 23:00:12.826  5211 22763 I art     : Starting a blocking GC Explicit
08-05 23:00:12.835 24049 24049 D AndroidRuntime: Calling main entry com.android.commands.input.Input
08-05 23:00:12.837 24049 24049 I Input   : injectMotionEvent: MotionEvent { action=ACTION_DOWN, actionButton=0, id[0]=0, x[0]=436.0, y[0]=453.0, toolType[0]=TOOL_TYPE_UNKNOWN, buttonState=0, metaState=0, flags=0x0, edgeFlags=0x0, pointerCount=1, historySize=0, eventTime=831629249, downTime=831629249, deviceId=0, source=0x1002 }
08-05 23:00:12.845 24049 24049 I Input   : injectMotionEvent: MotionEvent { action=ACTION_UP, actionButton=0, id[0]=0, x[0]=436.0, y[0]=453.0, toolType[0]=TOOL_TYPE_UNKNOWN, buttonState=0, metaState=0, flags=0x0, edgeFlags=0x0, pointerCount=1, historySize=0, eventTime=831629249, downTime=831629249, deviceId=0, source=0x1002 }
08-05 23:00:12.847 24049 24049 D AndroidRuntime: Shutting down VM
08-05 23:00:12.860  5211 22763 I art     : Explicit concurrent mark sweep GC freed 5(160B) AllocSpace objects, 0(0B) LOS objects, 29% free, 37MB/53MB, paused 1.142ms total 33.806ms
08-05 23:00:12.863   512  2967 D audio_hw_primary: out_set_parameters: enter: usecase(1: low-latency-playback) kvpairs: routing=2
08-05 23:00:12.867   918  5132 I ActivityManager: START u0 {cmp=baseline.com.newsblur/.activity.GlobalSharedStoriesReading (has extras)} from uid 10698 on display 0
08-05 23:00:12.872  5211 22763 I art     : Starting a blocking GC Explicit
08-05 23:00:12.875   512  2967 D audio_hw_primary: select_devices: out_snd_device(2: speaker) in_snd_device(0: none)
08-05 23:00:12.875   512  2967 D msm8974_platform: platform_send_audio_calibration: sending audio calibration for snd_device(2) acdb_id(15)
08-05 23:00:12.876   512  2967 I soundtrigger: audio_extn_sound_trigger_update_device_status: device 0x2 of type 0 for Event 1
08-05 23:00:12.888   512  2967 D audio_hw_primary: enable_snd_device: snd_device(2: speaker)
08-05 23:00:12.890   512  2967 D audio_hw_primary: enable_audio_route: apply and update mixer path: low-latency-playback speaker
08-05 23:00:12.905  5211 22763 I art     : Explicit concurrent mark sweep GC freed 747(90KB) AllocSpace objects, 2(40KB) LOS objects, 29% free, 38MB/54MB, paused 1.390ms total 33.209ms
08-05 23:00:13.075   918   936 I ActivityManager: Displayed baseline.com.newsblur/.activity.GlobalSharedStoriesReading: +198ms
08-05 23:00:13.076 13866 13866 I GoogleInputMethodServic: GoogleInputMethodService.onFinishInput():3138 
08-05 23:00:13.077 13866 13866 I GoogleInputMethodServic: GoogleInputMethodService.onStartInput():1808 
08-05 23:00:13.205  5211 23628 I art     : Starting a blocking GC Explicit
08-05 23:00:13.246  5211 23628 I art     : Explicit concurrent mark sweep GC freed 5237(408KB) AllocSpace objects, 16(784KB) LOS objects, 29% free, 38MB/54MB, paused 1.098ms total 40.921ms
08-05 23:00:13.256  5211 23628 I art     : Starting a blocking GC Explicit
08-05 23:00:13.275  5211 23368 E chromium: [ERROR:tile_manager.cc(793)] WARNING: tile memory limits exceeded, some content may not draw
08-05 23:00:13.275  5211 23368 E chromium: [ERROR:tile_manager.cc(793)] WARNING: tile memory limits exceeded, some content may not draw
08-05 23:00:13.290  5211 23628 I art     : Explicit concurrent mark sweep GC freed 1253(66KB) AllocSpace objects, 1(28KB) LOS objects, 29% free, 38MB/54MB, paused 993us total 34.643ms
08-05 23:00:13.301  5211 23628 I art     : Starting a blocking GC Explicit
08-05 23:00:13.335  5211 23628 I art     : Explicit concurrent mark sweep GC freed 56(2208B) AllocSpace objects, 0(0B) LOS objects, 29% free, 38MB/54MB, paused 973us total 34.046ms
08-05 23:00:13.345  5211 23628 I art     : Starting a blocking GC Explicit
08-05 23:00:13.377  5211 23628 I art     : Explicit concurrent mark sweep GC freed 3(96B) AllocSpace objects, 0(0B) LOS objects, 29% free, 38MB/54MB, paused 1.030ms total 32.502ms
08-05 23:00:13.387  5211 23628 I art     : Starting a blocking GC Explicit
08-05 23:00:13.422  5211 23628 I art     : Explicit concurrent mark sweep GC freed 3(96B) AllocSpace objects, 0(0B) LOS objects, 29% free, 38MB/54MB, paused 1.032ms total 35.422ms
08-05 23:00:13.429   512  2967 D audio_hw_primary: disable_audio_route: reset and update mixer path: low-latency-playback speaker
08-05 23:00:13.430   512  2967 D audio_hw_primary: disable_snd_device: snd_device(2: speaker)
08-05 23:00:13.438   512  2967 I soundtrigger: audio_extn_sound_trigger_update_device_status: device 0x2 of type 0 for Event 0
08-05 23:00:13.726  5211  5223 I art     : Starting a blocking GC Explicit
08-05 23:00:13.768  5211  5223 I art     : Explicit concurrent mark sweep GC freed 1585(100KB) AllocSpace objects, 2(40KB) LOS objects, 29% free, 38MB/54MB, paused 1.156ms total 41.778ms
08-05 23:00:13.780  5211  5223 I art     : Starting a blocking GC Explicit
08-05 23:00:13.817  5211  5223 I art     : Explicit concurrent mark sweep GC freed 29(1072B) AllocSpace objects, 0(0B) LOS objects, 29% free, 38MB/54MB, paused 1.103ms total 36.713ms
08-05 23:00:13.827  5211  5223 I art     : Starting a blocking GC Explicit
08-05 23:00:13.864  5211  5223 I art     : Explicit concurrent mark sweep GC freed 3(96B) AllocSpace objects, 0(0B) LOS objects, 29% free, 38MB/54MB, paused 1.029ms total 36.925ms
08-05 23:00:13.875  5211  5223 I art     : Starting a blocking GC Explicit
08-05 23:00:13.912  5211  5223 I art     : Explicit concurrent mark sweep GC freed 3(96B) AllocSpace objects, 0(0B) LOS objects, 29% free, 38MB/54MB, paused 1.049ms total 36.416ms
08-05 23:00:13.922  5211  5223 I art     : Starting a blocking GC Explicit
08-05 23:00:13.960  5211  5223 I art     : Explicit concurrent mark sweep GC freed 3(96B) AllocSpace objects, 0(0B) LOS objects, 29% free, 38MB/54MB, paused 1.070ms total 37.851ms
08-05 23:00:14.284  5211 23628 I art     : Starting a blocking GC Explicit
08-05 23:00:14.326  5211 23628 I art     : Explicit concurrent mark sweep GC freed 1608(91KB) AllocSpace objects, 1(20KB) LOS objects, 29% free, 38MB/54MB, paused 1.090ms total 41.488ms
08-05 23:00:14.340  5211 23628 I art     : Starting a blocking GC Explicit
08-05 23:00:14.376  5211 23628 I art     : Explicit concurrent mark sweep GC freed 35(1264B) AllocSpace objects, 0(0B) LOS objects, 29% free, 38MB/54MB, paused 955us total 35.316ms
08-05 23:00:14.386  5211 23628 I art     : Starting a blocking GC Explicit
08-05 23:00:14.420  5211 23628 I art     : Explicit concurrent mark sweep GC freed 15(480B) AllocSpace objects, 0(0B) LOS objects, 29% free, 38MB/54MB, paused 1.046ms total 34.133ms
08-05 23:00:14.430  5211 23628 I art     : Starting a blocking GC Explicit
08-05 23:00:14.464  5211 23628 I art     : Explicit concurrent mark sweep GC freed 15(480B) AllocSpace objects, 0(0B) LOS objects, 29% free, 38MB/54MB, paused 943us total 34.177ms
08-05 23:00:14.474  5211 23628 I art     : Starting a blocking GC Explicit
08-05 23:00:14.509  5211 23628 I art     : Explicit concurrent mark sweep GC freed 11(352B) AllocSpace objects, 0(0B) LOS objects, 29% free, 38MB/54MB, paused 1.215ms total 34.899ms
08-05 23:00:14.670  5211 23688 E baseline.com.newsblur.network.APIResponse: Error (unexpected end of stream on https://www.newsblur.com/...) calling https://www.newsblur.com/reader/mark_story_hashes_as_read/
08-05 23:00:14.670  5211 23688 E baseline.com.newsblur.network.APIResponse: java.io.IOException: unexpected end of stream on https://www.newsblur.com/...
08-05 23:00:14.670  5211 23688 E baseline.com.newsblur.network.APIResponse: 	at okhttp3.internal.http1.Http1ExchangeCodec.readResponseHeaders(Http1ExchangeCodec.java:236)
08-05 23:00:14.670  5211 23688 E baseline.com.newsblur.network.APIResponse: 	at okhttp3.internal.connection.Exchange.readResponseHeaders(Exchange.java:115)
08-05 23:00:14.670  5211 23688 E baseline.com.newsblur.network.APIResponse: 	at okhttp3.internal.http.CallServerInterceptor.intercept(CallServerInterceptor.java:94)
08-05 23:00:14.670  5211 23688 E baseline.com.newsblur.network.APIResponse: 	at okhttp3.internal.http.RealInterceptorChain.proceed(RealInterceptorChain.java:142)
08-05 23:00:14.670  5211 23688 E baseline.com.newsblur.network.APIResponse: 	at okhttp3.internal.connection.ConnectInterceptor.intercept(ConnectInterceptor.java:43)
08-05 23:00:14.670  5211 23688 E baseline.com.newsblur.network.APIResponse: 	at okhttp3.internal.http.RealInterceptorChain.proceed(RealInterceptorChain.java:142)
08-05 23:00:14.670  5211 23688 E baseline.com.newsblur.network.APIResponse: 	at okhttp3.internal.http.RealInterceptorChain.proceed(RealInterceptorChain.java:117)
08-05 23:00:14.670  5211 23688 E baseline.com.newsblur.network.APIResponse: 	at okhttp3.internal.cache.CacheInterceptor.intercept(CacheInterceptor.java:94)
08-05 23:00:14.670  5211 23688 E baseline.com.newsblur.network.APIResponse: 	at okhttp3.internal.http.RealInterceptorChain.proceed(RealInterceptorChain.java:142)
08-05 23:00:14.670  5211 23688 E baseline.com.newsblur.network.APIResponse: 	at okhttp3.internal.http.RealInterceptorChain.proceed(RealInterceptorChain.java:117)
08-05 23:00:14.670  5211 23688 E baseline.com.newsblur.network.APIResponse: 	at okhttp3.internal.http.BridgeInterceptor.intercept(BridgeInterceptor.java:93)
08-05 23:00:14.670  5211 23688 E baseline.com.newsblur.network.APIResponse: 	at okhttp3.internal.http.RealInterceptorChain.proceed(RealInterceptorChain.java:142)
08-05 23:00:14.670  5211 23688 E baseline.com.newsblur.network.APIResponse: 	at okhttp3.internal.http.RetryAndFollowUpInterceptor.intercept(RetryAndFollowUpInterceptor.java:88)
08-05 23:00:14.670  5211 23688 E baseline.com.newsblur.network.APIResponse: 	at okhttp3.internal.http.RealInterceptorChain.proceed(RealInterceptorChain.java:142)
08-05 23:00:14.670  5211 23688 E baseline.com.newsblur.network.APIResponse: 	at okhttp3.internal.http.RealInterceptorChain.proceed(RealInterceptorChain.java:117)
08-05 23:00:14.670  5211 23688 E baseline.com.newsblur.network.APIResponse: 	at okhttp3.RealCall.getResponseWithInterceptorChain(RealCall.java:229)
08-05 23:00:14.670  5211 23688 E baseline.com.newsblur.network.APIResponse: 	at okhttp3.RealCall.execute(RealCall.java:81)
08-05 23:00:14.670  5211 23688 E baseline.com.newsblur.network.APIResponse: 	at baseline.com.newsblur.network.APIResponse.<init>(APIResponse.java:57)
08-05 23:00:14.670  5211 23688 E baseline.com.newsblur.network.APIResponse: 	at baseline.com.newsblur.network.APIResponse.<init>(APIResponse.java:43)
08-05 23:00:14.670  5211 23688 E baseline.com.newsblur.network.APIResponse: 	at baseline.com.newsblur.network.APIManager.post_single(APIManager.java:702)
08-05 23:00:14.670  5211 23688 E baseline.com.newsblur.network.APIResponse: 	at baseline.com.newsblur.network.APIManager.post(APIManager.java:675)
08-05 23:00:14.670  5211 23688 E baseline.com.newsblur.network.APIResponse: 	at baseline.com.newsblur.network.APIManager.post(APIManager.java:714)
08-05 23:00:14.670  5211 23688 E baseline.com.newsblur.network.APIResponse: 	at baseline.com.newsblur.network.APIManager.markStoryAsRead(APIManager.java:205)
08-05 23:00:14.670  5211 23688 E baseline.com.newsblur.network.APIResponse: 	at baseline.com.newsblur.util.ReadingAction.doRemote(ReadingAction.java:281)
08-05 23:00:14.670  5211 23688 E baseline.com.newsblur.network.APIResponse: 	at baseline.com.newsblur.service.NBSyncService.syncActions(NBSyncService.java:400)
08-05 23:00:14.670  5211 23688 E baseline.com.newsblur.network.APIResponse: 	at baseline.com.newsblur.service.NBSyncService.doSync(NBSyncService.java:298)
08-05 23:00:14.670  5211 23688 E baseline.com.newsblur.network.APIResponse: 	at baseline.com.newsblur.service.NBSyncService.access$100(NBSyncService.java:67)
08-05 23:00:14.670  5211 23688 E baseline.com.newsblur.network.APIResponse: 	at baseline.com.newsblur.service.NBSyncService$1.run(NBSyncService.java:188)
08-05 23:00:14.670  5211 23688 E baseline.com.newsblur.network.APIResponse: 	at java.util.concurrent.ThreadPoolExecutor.runWorker(ThreadPoolExecutor.java:1113)
08-05 23:00:14.670  5211 23688 E baseline.com.newsblur.network.APIResponse: 	at java.util.concurrent.ThreadPoolExecutor$Worker.run(ThreadPoolExecutor.java:588)
08-05 23:00:14.670  5211 23688 E baseline.com.newsblur.network.APIResponse: 	at java.lang.Thread.run(Thread.java:818)
08-05 23:00:14.670  5211 23688 E baseline.com.newsblur.network.APIResponse: Caused by: java.io.EOFException: \n not found: limit=0 content=
08-05 23:00:14.670  5211 23688 E baseline.com.newsblur.network.APIResponse: 	at okio.RealBufferedSource.readUtf8LineStrict(RealBufferedSource.java:240)
08-05 23:00:14.670  5211 23688 E baseline.com.newsblur.network.APIResponse: 	at okhttp3.internal.http1.Http1ExchangeCodec.readHeaderLine(Http1ExchangeCodec.java:242)
08-05 23:00:14.670  5211 23688 E baseline.com.newsblur.network.APIResponse: 	at okhttp3.internal.http1.Http1ExchangeCodec.readResponseHeaders(Http1ExchangeCodec.java:213)
08-05 23:00:14.670  5211 23688 E baseline.com.newsblur.network.APIResponse: 	... 30 more
08-05 23:00:14.671  5211 23688 I baseline.com.newsblur.network.APIManager: API call failed, pausing before retry number 2
08-05 23:00:14.840  5211  5223 I art     : Starting a blocking GC Explicit
08-05 23:00:14.882  5211  5223 I art     : Explicit concurrent mark sweep GC freed 3975(358KB) AllocSpace objects, 3(60KB) LOS objects, 29% free, 38MB/54MB, paused 1.067ms total 41.995ms
08-05 23:00:14.895  5211  5223 I art     : Starting a blocking GC Explicit
08-05 23:00:14.932  5211  5223 I art     : Explicit concurrent mark sweep GC freed 119(4KB) AllocSpace objects, 0(0B) LOS objects, 29% free, 38MB/54MB, paused 977us total 36.187ms
08-05 23:00:14.942  5211  5223 I art     : Starting a blocking GC Explicit
08-05 23:00:14.979  5211  5223 I art     : Explicit concurrent mark sweep GC freed 3(96B) AllocSpace objects, 0(0B) LOS objects, 29% free, 38MB/54MB, paused 1.190ms total 37.517ms
08-05 23:00:14.989  5211  5223 I art     : Starting a blocking GC Explicit
08-05 23:00:15.027  5211  5223 I art     : Explicit concurrent mark sweep GC freed 3(96B) AllocSpace objects, 0(0B) LOS objects, 29% free, 38MB/54MB, paused 1.120ms total 37.731ms
08-05 23:00:15.037  5211  5223 I art     : Starting a blocking GC Explicit
08-05 23:00:15.074  5211  5223 I art     : Explicit concurrent mark sweep GC freed 3(96B) AllocSpace objects, 0(0B) LOS objects, 29% free, 38MB/54MB, paused 1.007ms total 36.261ms
08-05 23:00:15.438  5211  5224 I art     : Starting a blocking GC Explicit
08-05 23:00:15.477  5211  5224 I art     : Explicit concurrent mark sweep GC freed 1444(83KB) AllocSpace objects, 1(20KB) LOS objects, 29% free, 38MB/54MB, paused 1.107ms total 39.511ms
08-05 23:00:15.488  5211  5224 I art     : Starting a blocking GC Explicit
08-05 23:00:15.525  5211  5224 I art     : Explicit concurrent mark sweep GC freed 22(784B) AllocSpace objects, 0(0B) LOS objects, 29% free, 38MB/54MB, paused 1.038ms total 36.850ms
08-05 23:00:15.535  5211  5224 I art     : Starting a blocking GC Explicit
08-05 23:00:15.573  5211  5224 I art     : Explicit concurrent mark sweep GC freed 3(96B) AllocSpace objects, 0(0B) LOS objects, 29% free, 38MB/54MB, paused 1.064ms total 37.679ms
08-05 23:00:15.583  5211  5224 I art     : Starting a blocking GC Explicit
08-05 23:00:15.621  5211  5224 I art     : Explicit concurrent mark sweep GC freed 3(96B) AllocSpace objects, 0(0B) LOS objects, 29% free, 38MB/54MB, paused 968us total 37.491ms
08-05 23:00:15.631  5211  5224 I art     : Starting a blocking GC Explicit
08-05 23:00:15.669  5211  5224 I art     : Explicit concurrent mark sweep GC freed 3(96B) AllocSpace objects, 0(0B) LOS objects, 29% free, 38MB/54MB, paused 1.070ms total 38.201ms
08-05 23:00:16.012  5211 23628 I art     : Starting a blocking GC Explicit
08-05 23:00:16.055  5211 23628 I art     : Explicit concurrent mark sweep GC freed 1443(83KB) AllocSpace objects, 1(20KB) LOS objects, 29% free, 38MB/54MB, paused 1.214ms total 42.061ms
08-05 23:00:16.069  5211 23628 I art     : Starting a blocking GC Explicit
08-05 23:00:16.105  5211 23628 I art     : Explicit concurrent mark sweep GC freed 22(784B) AllocSpace objects, 0(0B) LOS objects, 29% free, 38MB/54MB, paused 1.038ms total 36.301ms
08-05 23:00:16.115  5211 23628 I art     : Starting a blocking GC Explicit
08-05 23:00:16.153  5211 23628 I art     : Explicit concurrent mark sweep GC freed 3(96B) AllocSpace objects, 0(0B) LOS objects, 29% free, 38MB/54MB, paused 1.032ms total 37.010ms
08-05 23:00:16.163  5211 23628 I art     : Starting a blocking GC Explicit
08-05 23:00:16.200  5211 23628 I art     : Explicit concurrent mark sweep GC freed 3(96B) AllocSpace objects, 0(0B) LOS objects, 29% free, 38MB/54MB, paused 1ms total 36.586ms
08-05 23:00:16.210  5211 23628 I art     : Starting a blocking GC Explicit
08-05 23:00:16.248  5211 23628 I art     : Explicit concurrent mark sweep GC freed 3(96B) AllocSpace objects, 0(0B) LOS objects, 29% free, 38MB/54MB, paused 1.098ms total 37.883ms
08-05 23:00:16.603  5211 22763 I art     : Starting a blocking GC Explicit
08-05 23:00:16.642  5211 22763 I art     : Explicit concurrent mark sweep GC freed 1444(83KB) AllocSpace objects, 1(20KB) LOS objects, 29% free, 38MB/54MB, paused 1.080ms total 38.782ms
08-05 23:00:16.654  5211 22763 I art     : Starting a blocking GC Explicit
08-05 23:00:16.692  5211 22763 I art     : Explicit concurrent mark sweep GC freed 22(784B) AllocSpace objects, 0(0B) LOS objects, 29% free, 38MB/54MB, paused 1.064ms total 36.978ms
08-05 23:00:16.702  5211 22763 I art     : Starting a blocking GC Explicit
08-05 23:00:16.740  5211 22763 I art     : Explicit concurrent mark sweep GC freed 3(96B) AllocSpace objects, 0(0B) LOS objects, 29% free, 38MB/54MB, paused 1.065ms total 37.598ms
08-05 23:00:16.750  5211 22763 I art     : Starting a blocking GC Explicit
08-05 23:00:16.789  5211 22763 I art     : Explicit concurrent mark sweep GC freed 3(96B) AllocSpace objects, 0(0B) LOS objects, 29% free, 38MB/54MB, paused 1.018ms total 38.610ms
08-05 23:00:16.800  5211 22763 I art     : Starting a blocking GC Explicit
08-05 23:00:16.838  5211 22763 I art     : Explicit concurrent mark sweep GC freed 3(96B) AllocSpace objects, 0(0B) LOS objects, 29% free, 38MB/54MB, paused 1.100ms total 38.065ms
08-05 23:00:17.188  5211  5223 I art     : Starting a blocking GC Explicit
08-05 23:00:17.228  5211  5223 I art     : Explicit concurrent mark sweep GC freed 1444(83KB) AllocSpace objects, 1(20KB) LOS objects, 29% free, 38MB/54MB, paused 1.162ms total 38.960ms
08-05 23:00:17.238  5211  5223 I art     : Starting a blocking GC Explicit
08-05 23:00:17.276  5211  5223 I art     : Explicit concurrent mark sweep GC freed 22(784B) AllocSpace objects, 0(0B) LOS objects, 29% free, 38MB/54MB, paused 1.072ms total 37.571ms
08-05 23:00:17.287  5211  5223 I art     : Starting a blocking GC Explicit
08-05 23:00:17.324  5211  5223 I art     : Explicit concurrent mark sweep GC freed 3(96B) AllocSpace objects, 0(0B) LOS objects, 29% free, 38MB/54MB, paused 1.069ms total 36.919ms
08-05 23:00:17.334  5211  5223 I art     : Starting a blocking GC Explicit
08-05 23:00:17.371  5211  5223 I art     : Explicit concurrent mark sweep GC freed 3(96B) AllocSpace objects, 0(0B) LOS objects, 29% free, 38MB/54MB, paused 1.080ms total 37.143ms
08-05 23:00:17.382  5211  5223 I art     : Starting a blocking GC Explicit
08-05 23:00:17.419  5211  5223 I art     : Explicit concurrent mark sweep GC freed 3(96B) AllocSpace objects, 0(0B) LOS objects, 29% free, 38MB/54MB, paused 1.077ms total 36.882ms
08-05 23:00:17.505 24155 24155 D AndroidRuntime: >>>>>> START com.android.internal.os.RuntimeInit uid 2000 <<<<<<
08-05 23:00:17.511 24155 24155 D AndroidRuntime: CheckJNI is OFF
08-05 23:00:17.545 24155 24155 D ICU     : No timezone override file found: /data/misc/zoneinfo/current/icu/icu_tzdata.dat
08-05 23:00:17.578 24155 24155 I Radio-JNI: register_android_hardware_Radio DONE
08-05 23:00:17.599 24155 24155 D AndroidRuntime: Calling main entry com.android.commands.input.Input
08-05 23:00:17.601 24155 24155 I Input   : injectKeyEvent: KeyEvent { action=ACTION_DOWN, keyCode=KEYCODE_BACK, scanCode=0, metaState=0, flags=0x0, repeatCount=0, eventTime=831634014, downTime=831634014, deviceId=-1, source=0x101 }
08-05 23:00:17.607 24155 24155 I Input   : injectKeyEvent: KeyEvent { action=ACTION_UP, keyCode=KEYCODE_BACK, scanCode=0, metaState=0, flags=0x0, repeatCount=0, eventTime=831634014, downTime=831634014, deviceId=-1, source=0x101 }
08-05 23:00:17.614 24155 24155 D AndroidRuntime: Shutting down VM
08-05 23:00:17.731  5211  5224 I art     : Starting a blocking GC Explicit
08-05 23:00:17.745 13866 13866 I GoogleInputMethodServic: GoogleInputMethodService.onFinishInput():3138 
08-05 23:00:17.749 13866 13866 I GoogleInputMethodServic: GoogleInputMethodService.onStartInput():1808 
08-05 23:00:17.771  5211  5224 I art     : Explicit concurrent mark sweep GC freed 2788(217KB) AllocSpace objects, 5(100KB) LOS objects, 29% free, 38MB/54MB, paused 1.279ms total 39.168ms
08-05 23:00:17.782  5211  5224 I art     : Starting a blocking GC Explicit
08-05 23:00:17.820  5211  5224 I art     : Explicit concurrent mark sweep GC freed 592(42KB) AllocSpace objects, 0(0B) LOS objects, 29% free, 38MB/54MB, paused 1.643ms total 38.571ms
08-05 23:00:17.830  5211  5224 I art     : Starting a blocking GC Explicit
08-05 23:00:17.863  5211  5224 I art     : Explicit concurrent mark sweep GC freed 104(7KB) AllocSpace objects, 1(28KB) LOS objects, 29% free, 38MB/54MB, paused 979us total 32.315ms
08-05 23:00:17.873  5211  5224 I art     : Starting a blocking GC Explicit
08-05 23:00:17.908  5211  5224 I art     : Explicit concurrent mark sweep GC freed 3(96B) AllocSpace objects, 0(0B) LOS objects, 29% free, 38MB/54MB, paused 1.778ms total 34.708ms
08-05 23:00:17.918  5211  5224 I art     : Starting a blocking GC Explicit
08-05 23:00:17.953  5211  5224 I art     : Explicit concurrent mark sweep GC freed 3(96B) AllocSpace objects, 0(0B) LOS objects, 29% free, 38MB/54MB, paused 980us total 34.054ms
08-05 23:00:18.167   918   918 I EntropyMixer: Added HW RNG output to entropy pool
08-05 23:00:18.168   918   918 I EntropyMixer: Writing entropy...
08-05 23:00:18.244  5211 23688 E baseline.com.newsblur.network.APIResponse: Error (unexpected end of stream on https://www.newsblur.com/...) calling https://www.newsblur.com/reader/mark_story_hashes_as_read/
08-05 23:00:18.244  5211 23688 E baseline.com.newsblur.network.APIResponse: java.io.IOException: unexpected end of stream on https://www.newsblur.com/...
08-05 23:00:18.244  5211 23688 E baseline.com.newsblur.network.APIResponse: 	at okhttp3.internal.http1.Http1ExchangeCodec.readResponseHeaders(Http1ExchangeCodec.java:236)
08-05 23:00:18.244  5211 23688 E baseline.com.newsblur.network.APIResponse: 	at okhttp3.internal.connection.Exchange.readResponseHeaders(Exchange.java:115)
08-05 23:00:18.244  5211 23688 E baseline.com.newsblur.network.APIResponse: 	at okhttp3.internal.http.CallServerInterceptor.intercept(CallServerInterceptor.java:94)
08-05 23:00:18.244  5211 23688 E baseline.com.newsblur.network.APIResponse: 	at okhttp3.internal.http.RealInterceptorChain.proceed(RealInterceptorChain.java:142)
08-05 23:00:18.244  5211 23688 E baseline.com.newsblur.network.APIResponse: 	at okhttp3.internal.connection.ConnectInterceptor.intercept(ConnectInterceptor.java:43)
08-05 23:00:18.244  5211 23688 E baseline.com.newsblur.network.APIResponse: 	at okhttp3.internal.http.RealInterceptorChain.proceed(RealInterceptorChain.java:142)
08-05 23:00:18.244  5211 23688 E baseline.com.newsblur.network.APIResponse: 	at okhttp3.internal.http.RealInterceptorChain.proceed(RealInterceptorChain.java:117)
08-05 23:00:18.244  5211 23688 E baseline.com.newsblur.network.APIResponse: 	at okhttp3.internal.cache.CacheInterceptor.intercept(CacheInterceptor.java:94)
08-05 23:00:18.244  5211 23688 E baseline.com.newsblur.network.APIResponse: 	at okhttp3.internal.http.RealInterceptorChain.proceed(RealInterceptorChain.java:142)
08-05 23:00:18.244  5211 23688 E baseline.com.newsblur.network.APIResponse: 	at okhttp3.internal.http.RealInterceptorChain.proceed(RealInterceptorChain.java:117)
08-05 23:00:18.244  5211 23688 E baseline.com.newsblur.network.APIResponse: 	at okhttp3.internal.http.BridgeInterceptor.intercept(BridgeInterceptor.java:93)
08-05 23:00:18.244  5211 23688 E baseline.com.newsblur.network.APIResponse: 	at okhttp3.internal.http.RealInterceptorChain.proceed(RealInterceptorChain.java:142)
08-05 23:00:18.244  5211 23688 E baseline.com.newsblur.network.APIResponse: 	at okhttp3.internal.http.RetryAndFollowUpInterceptor.intercept(RetryAndFollowUpInterceptor.java:88)
08-05 23:00:18.244  5211 23688 E baseline.com.newsblur.network.APIResponse: 	at okhttp3.internal.http.RealInterceptorChain.proceed(RealInterceptorChain.java:142)
08-05 23:00:18.244  5211 23688 E baseline.com.newsblur.network.APIResponse: 	at okhttp3.internal.http.RealInterceptorChain.proceed(RealInterceptorChain.java:117)
08-05 23:00:18.244  5211 23688 E baseline.com.newsblur.network.APIResponse: 	at okhttp3.RealCall.getResponseWithInterceptorChain(RealCall.java:229)
08-05 23:00:18.244  5211 23688 E baseline.com.newsblur.network.APIResponse: 	at okhttp3.RealCall.execute(RealCall.java:81)
08-05 23:00:18.244  5211 23688 E baseline.com.newsblur.network.APIResponse: 	at baseline.com.newsblur.network.APIResponse.<init>(APIResponse.java:57)
08-05 23:00:18.244  5211 23688 E baseline.com.newsblur.network.APIResponse: 	at baseline.com.newsblur.network.APIResponse.<init>(APIResponse.java:43)
08-05 23:00:18.244  5211 23688 E baseline.com.newsblur.network.APIResponse: 	at baseline.com.newsblur.network.APIManager.post_single(APIManager.java:702)
08-05 23:00:18.244  5211 23688 E baseline.com.newsblur.network.APIResponse: 	at baseline.com.newsblur.network.APIManager.post(APIManager.java:675)
08-05 23:00:18.244  5211 23688 E baseline.com.newsblur.network.APIResponse: 	at baseline.com.newsblur.network.APIManager.post(APIManager.java:714)
08-05 23:00:18.244  5211 23688 E baseline.com.newsblur.network.APIResponse: 	at baseline.com.newsblur.network.APIManager.markStoryAsRead(APIManager.java:205)
08-05 23:00:18.244  5211 23688 E baseline.com.newsblur.network.APIResponse: 	at baseline.com.newsblur.util.ReadingAction.doRemote(ReadingAction.java:281)
08-05 23:00:18.244  5211 23688 E baseline.com.newsblur.network.APIResponse: 	at baseline.com.newsblur.service.NBSyncService.syncActions(NBSyncService.java:400)
08-05 23:00:18.244  5211 23688 E baseline.com.newsblur.network.APIResponse: 	at baseline.com.newsblur.service.NBSyncService.doSync(NBSyncService.java:298)
08-05 23:00:18.244  5211 23688 E baseline.com.newsblur.network.APIResponse: 	at baseline.com.newsblur.service.NBSyncService.access$100(NBSyncService.java:67)
08-05 23:00:18.244  5211 23688 E baseline.com.newsblur.network.APIResponse: 	at baseline.com.newsblur.service.NBSyncService$1.run(NBSyncService.java:188)
08-05 23:00:18.244  5211 23688 E baseline.com.newsblur.network.APIResponse: 	at java.util.concurrent.ThreadPoolExecutor.runWorker(ThreadPoolExecutor.java:1113)
08-05 23:00:18.244  5211 23688 E baseline.com.newsblur.network.APIResponse: 	at java.util.concurrent.ThreadPoolExecutor$Worker.run(ThreadPoolExecutor.java:588)
08-05 23:00:18.244  5211 23688 E baseline.com.newsblur.network.APIResponse: 	at java.lang.Thread.run(Thread.java:818)
08-05 23:00:18.244  5211 23688 E baseline.com.newsblur.network.APIResponse: Caused by: java.io.EOFException: \n not found: limit=0 content=
08-05 23:00:18.244  5211 23688 E baseline.com.newsblur.network.APIResponse: 	at okio.RealBufferedSource.readUtf8LineStrict(RealBufferedSource.java:240)
08-05 23:00:18.244  5211 23688 E baseline.com.newsblur.network.APIResponse: 	at okhttp3.internal.http1.Http1ExchangeCodec.readHeaderLine(Http1ExchangeCodec.java:242)
08-05 23:00:18.244  5211 23688 E baseline.com.newsblur.network.APIResponse: 	at okhttp3.internal.http1.Http1ExchangeCodec.readResponseHeaders(Http1ExchangeCodec.java:213)
08-05 23:00:18.244  5211 23688 E baseline.com.newsblur.network.APIResponse: 	... 30 more
08-05 23:00:18.245  5211 23688 I baseline.com.newsblur.service.NBSyncService: Holding reading action with server-side or network error.
08-05 23:00:18.253  5211 23688 W baseline.com.newsblur.service.NBSyncService: hard API failure
08-05 23:00:18.259  5211 22763 I art     : Starting a blocking GC Explicit
08-05 23:00:18.297  5211 22763 I art     : Explicit concurrent mark sweep GC freed 5914(505KB) AllocSpace objects, 6(120KB) LOS objects, 29% free, 38MB/54MB, paused 1.078ms total 37.367ms
08-05 23:00:18.307  5211 22763 I art     : Starting a blocking GC Explicit
08-05 23:00:18.344  5211 22763 I art     : Explicit concurrent mark sweep GC freed 346(26KB) AllocSpace objects, 1(20KB) LOS objects, 29% free, 38MB/54MB, paused 1.084ms total 36.090ms
08-05 23:00:18.354  5211 22763 I art     : Starting a blocking GC Explicit
08-05 23:00:18.389  5211 22763 I art     : Explicit concurrent mark sweep GC freed 16(576B) AllocSpace objects, 0(0B) LOS objects, 29% free, 38MB/54MB, paused 1ms total 35.346ms
08-05 23:00:18.399  5211 22763 I art     : Starting a blocking GC Explicit
08-05 23:00:18.439  5211 22763 I art     : Explicit concurrent mark sweep GC freed 9(288B) AllocSpace objects, 0(0B) LOS objects, 29% free, 38MB/54MB, paused 1.502ms total 39.719ms
08-05 23:00:18.449  5211 22763 I art     : Starting a blocking GC Explicit
08-05 23:00:18.489  5211 22763 I art     : Explicit concurrent mark sweep GC freed 9(288B) AllocSpace objects, 0(0B) LOS objects, 29% free, 38MB/54MB, paused 1.206ms total 39.977ms
08-05 23:00:18.673  5211 23688 E baseline.com.newsblur.network.APIResponse: Error (unexpected end of stream on https://www.newsblur.com/...) calling https://www.newsblur.com/reader/mark_story_hashes_as_read/
08-05 23:00:18.673  5211 23688 E baseline.com.newsblur.network.APIResponse: java.io.IOException: unexpected end of stream on https://www.newsblur.com/...
08-05 23:00:18.673  5211 23688 E baseline.com.newsblur.network.APIResponse: 	at okhttp3.internal.http1.Http1ExchangeCodec.readResponseHeaders(Http1ExchangeCodec.java:236)
08-05 23:00:18.673  5211 23688 E baseline.com.newsblur.network.APIResponse: 	at okhttp3.internal.connection.Exchange.readResponseHeaders(Exchange.java:115)
08-05 23:00:18.673  5211 23688 E baseline.com.newsblur.network.APIResponse: 	at okhttp3.internal.http.CallServerInterceptor.intercept(CallServerInterceptor.java:94)
08-05 23:00:18.673  5211 23688 E baseline.com.newsblur.network.APIResponse: 	at okhttp3.internal.http.RealInterceptorChain.proceed(RealInterceptorChain.java:142)
08-05 23:00:18.673  5211 23688 E baseline.com.newsblur.network.APIResponse: 	at okhttp3.internal.connection.ConnectInterceptor.intercept(ConnectInterceptor.java:43)
08-05 23:00:18.673  5211 23688 E baseline.com.newsblur.network.APIResponse: 	at okhttp3.internal.http.RealInterceptorChain.proceed(RealInterceptorChain.java:142)
08-05 23:00:18.673  5211 23688 E baseline.com.newsblur.network.APIResponse: 	at okhttp3.internal.http.RealInterceptorChain.proceed(RealInterceptorChain.java:117)
08-05 23:00:18.673  5211 23688 E baseline.com.newsblur.network.APIResponse: 	at okhttp3.internal.cache.CacheInterceptor.intercept(CacheInterceptor.java:94)
08-05 23:00:18.673  5211 23688 E baseline.com.newsblur.network.APIResponse: 	at okhttp3.internal.http.RealInterceptorChain.proceed(RealInterceptorChain.java:142)
08-05 23:00:18.673  5211 23688 E baseline.com.newsblur.network.APIResponse: 	at okhttp3.internal.http.RealInterceptorChain.proceed(RealInterceptorChain.java:117)
08-05 23:00:18.673  5211 23688 E baseline.com.newsblur.network.APIResponse: 	at okhttp3.internal.http.BridgeInterceptor.intercept(BridgeInterceptor.java:93)
08-05 23:00:18.673  5211 23688 E baseline.com.newsblur.network.APIResponse: 	at okhttp3.internal.http.RealInterceptorChain.proceed(RealInterceptorChain.java:142)
08-05 23:00:18.673  5211 23688 E baseline.com.newsblur.network.APIResponse: 	at okhttp3.internal.http.RetryAndFollowUpInterceptor.intercept(RetryAndFollowUpInterceptor.java:88)
08-05 23:00:18.673  5211 23688 E baseline.com.newsblur.network.APIResponse: 	at okhttp3.internal.http.RealInterceptorChain.proceed(RealInterceptorChain.java:142)
08-05 23:00:18.673  5211 23688 E baseline.com.newsblur.network.APIResponse: 	at okhttp3.internal.http.RealInterceptorChain.proceed(RealInterceptorChain.java:117)
08-05 23:00:18.673  5211 23688 E baseline.com.newsblur.network.APIResponse: 	at okhttp3.RealCall.getResponseWithInterceptorChain(RealCall.java:229)
08-05 23:00:18.673  5211 23688 E baseline.com.newsblur.network.APIResponse: 	at okhttp3.RealCall.execute(RealCall.java:81)
08-05 23:00:18.673  5211 23688 E baseline.com.newsblur.network.APIResponse: 	at baseline.com.newsblur.network.APIResponse.<init>(APIResponse.java:57)
08-05 23:00:18.673  5211 23688 E baseline.com.newsblur.network.APIResponse: 	at baseline.com.newsblur.network.APIResponse.<init>(APIResponse.java:43)
08-05 23:00:18.673  5211 23688 E baseline.com.newsblur.network.APIResponse: 	at baseline.com.newsblur.network.APIManager.post_single(APIManager.java:702)
08-05 23:00:18.673  5211 23688 E baseline.com.newsblur.network.APIResponse: 	at baseline.com.newsblur.network.APIManager.post(APIManager.java:675)
08-05 23:00:18.673  5211 23688 E baseline.com.newsblur.network.APIResponse: 	at baseline.com.newsblur.network.APIManager.post(APIManager.java:714)
08-05 23:00:18.673  5211 23688 E baseline.com.newsblur.network.APIResponse: 	at baseline.com.newsblur.network.APIManager.markStoryAsRead(APIManager.java:205)
08-05 23:00:18.673  5211 23688 E baseline.com.newsblur.network.APIResponse: 	at baseline.com.newsblur.util.ReadingAction.doRemote(ReadingAction.java:281)
08-05 23:00:18.673  5211 23688 E baseline.com.newsblur.network.APIResponse: 	at baseline.com.newsblur.service.NBSyncService.syncActions(NBSyncService.java:400)
08-05 23:00:18.673  5211 23688 E baseline.com.newsblur.network.APIResponse: 	at baseline.com.newsblur.service.NBSyncService.doSync(NBSyncService.java:298)
08-05 23:00:18.673  5211 23688 E baseline.com.newsblur.network.APIResponse: 	at baseline.com.newsblur.service.NBSyncService.access$100(NBSyncService.java:67)
08-05 23:00:18.673  5211 23688 E baseline.com.newsblur.network.APIResponse: 	at baseline.com.newsblur.service.NBSyncService$1.run(NBSyncService.java:188)
08-05 23:00:18.673  5211 23688 E baseline.com.newsblur.network.APIResponse: 	at java.util.concurrent.ThreadPoolExecutor.runWorker(ThreadPoolExecutor.java:1113)
08-05 23:00:18.673  5211 23688 E baseline.com.newsblur.network.APIResponse: 	at java.util.concurrent.ThreadPoolExecutor$Worker.run(ThreadPoolExecutor.java:588)
08-05 23:00:18.673  5211 23688 E baseline.com.newsblur.network.APIResponse: 	at java.lang.Thread.run(Thread.java:818)
08-05 23:00:18.673  5211 23688 E baseline.com.newsblur.network.APIResponse: Caused by: java.io.EOFException: \n not found: limit=0 content=
08-05 23:00:18.673  5211 23688 E baseline.com.newsblur.network.APIResponse: 	at okio.RealBufferedSource.readUtf8LineStrict(RealBufferedSource.java:240)
08-05 23:00:18.673  5211 23688 E baseline.com.newsblur.network.APIResponse: 	at okhttp3.internal.http1.Http1ExchangeCodec.readHeaderLine(Http1ExchangeCodec.java:242)
08-05 23:00:18.673  5211 23688 E baseline.com.newsblur.network.APIResponse: 	at okhttp3.internal.http1.Http1ExchangeCodec.readResponseHeaders(Http1ExchangeCodec.java:213)
08-05 23:00:18.673  5211 23688 E baseline.com.newsblur.network.APIResponse: 	... 30 more
08-05 23:00:18.675  5211 23688 I baseline.com.newsblur.network.APIManager: API call failed, pausing before retry number 1
08-05 23:00:18.822  5211  5224 I art     : Starting a blocking GC Explicit
08-05 23:00:18.865  5211  5224 I art     : Explicit concurrent mark sweep GC freed 3997(358KB) AllocSpace objects, 3(60KB) LOS objects, 29% free, 38MB/54MB, paused 965us total 42.946ms
08-05 23:00:18.877  5211  5224 I art     : Starting a blocking GC Explicit
08-05 23:00:18.915  5211  5224 I art     : Explicit concurrent mark sweep GC freed 126(4KB) AllocSpace objects, 0(0B) LOS objects, 29% free, 38MB/54MB, paused 948us total 36.955ms
08-05 23:00:18.925  5211  5224 I art     : Starting a blocking GC Explicit
08-05 23:00:18.961  5211  5224 I art     : Explicit concurrent mark sweep GC freed 9(288B) AllocSpace objects, 0(0B) LOS objects, 29% free, 38MB/54MB, paused 1.055ms total 35.846ms
08-05 23:00:18.972  5211  5224 I art     : Starting a blocking GC Explicit
08-05 23:00:19.012  5211  5224 I art     : Explicit concurrent mark sweep GC freed 9(288B) AllocSpace objects, 0(0B) LOS objects, 29% free, 38MB/54MB, paused 1.095ms total 39.531ms
08-05 23:00:19.023  5211  5224 I art     : Starting a blocking GC Explicit
08-05 23:00:19.063  5211  5224 I art     : Explicit concurrent mark sweep GC freed 9(288B) AllocSpace objects, 0(0B) LOS objects, 29% free, 38MB/54MB, paused 1.152ms total 39.190ms
08-05 23:00:19.267 24198 24198 D AndroidRuntime: >>>>>> START com.android.internal.os.RuntimeInit uid 2000 <<<<<<
08-05 23:00:19.272 24198 24198 D AndroidRuntime: CheckJNI is OFF
08-05 23:00:19.303 24198 24198 D ICU     : No timezone override file found: /data/misc/zoneinfo/current/icu/icu_tzdata.dat
08-05 23:00:19.337 24198 24198 I Radio-JNI: register_android_hardware_Radio DONE
08-05 23:00:19.359 24198 24198 D AndroidRuntime: Calling main entry com.android.commands.input.Input
08-05 23:00:19.361 24198 24198 I Input   : injectKeyEvent: KeyEvent { action=ACTION_DOWN, keyCode=KEYCODE_BACK, scanCode=0, metaState=0, flags=0x0, repeatCount=0, eventTime=831635774, downTime=831635774, deviceId=-1, source=0x101 }
08-05 23:00:19.366 24198 24198 I Input   : injectKeyEvent: KeyEvent { action=ACTION_UP, keyCode=KEYCODE_BACK, scanCode=0, metaState=0, flags=0x0, repeatCount=0, eventTime=831635774, downTime=831635774, deviceId=-1, source=0x101 }
08-05 23:00:19.372 24198 24198 D AndroidRuntime: Shutting down VM
08-05 23:00:19.380  5211 23628 I art     : Starting a blocking GC Explicit
08-05 23:00:19.419  5211 23628 I art     : Explicit concurrent mark sweep GC freed 1792(137KB) AllocSpace objects, 5(100KB) LOS objects, 29% free, 38MB/54MB, paused 1.166ms total 38.579ms
08-05 23:00:19.429  5211 23628 I art     : Starting a blocking GC Explicit
08-05 23:00:19.467  5211 23628 I art     : Explicit concurrent mark sweep GC freed 54(14KB) AllocSpace objects, 0(0B) LOS objects, 29% free, 38MB/54MB, paused 1.173ms total 38.017ms
08-05 23:00:19.478  5211 23628 I art     : Starting a blocking GC Explicit
08-05 23:00:19.516  5211 23628 I art     : Explicit concurrent mark sweep GC freed 2114(147KB) AllocSpace objects, 4(80KB) LOS objects, 29% free, 38MB/54MB, paused 1.301ms total 37.212ms
08-05 23:00:19.526  5211 23628 I art     : Starting a blocking GC Explicit
08-05 23:00:19.527 13866 13866 I GoogleInputMethodServic: GoogleInputMethodService.onFinishInput():3138 
08-05 23:00:19.527 13866 13866 I GoogleInputMethodServic: GoogleInputMethodService.onStartInput():1808 
08-05 23:00:19.565  5211 23628 I art     : Explicit concurrent mark sweep GC freed 5889(370KB) AllocSpace objects, 4(80KB) LOS objects, 29% free, 38MB/54MB, paused 1.092ms total 38.293ms
08-05 23:00:19.575  5211 23628 I art     : Starting a blocking GC Explicit
08-05 23:00:19.609   518   646 I ThermalEngine: ACTION: GPU - Setting GPU[0] to 450000000
08-05 23:00:19.617  5211 23628 I art     : Explicit concurrent mark sweep GC freed 169(6KB) AllocSpace objects, 0(0B) LOS objects, 29% free, 38MB/54MB, paused 1.264ms total 41.085ms
08-05 23:00:19.643 15866 15897 I Finsky  : [6071] ktr.run(-1): Stats for Executor: BlockingExecutor kvs@43d8fc2[Running, pool size = 0, active threads = 0, queued tasks = 0, completed tasks = 313]
08-05 23:00:19.643 15866 15897 I Finsky  : [6071] ktr.run(-1): Stats for Executor: LightweightExecutor kvs@20f81d3[Running, pool size = 4, active threads = 0, queued tasks = 0, completed tasks = 357]
08-05 23:00:19.963  5211  5224 I art     : Starting a blocking GC Explicit
08-05 23:00:20.013  5211  5224 I art     : Explicit concurrent mark sweep GC freed 1905(103KB) AllocSpace objects, 1(20KB) LOS objects, 29% free, 38MB/54MB, paused 1.333ms total 50.076ms
08-05 23:00:20.028  5211  5224 I art     : Starting a blocking GC Explicit
08-05 23:00:20.073  5211  5224 I art     : Explicit concurrent mark sweep GC freed 167(7KB) AllocSpace objects, 0(0B) LOS objects, 29% free, 38MB/54MB, paused 1.314ms total 44.490ms
08-05 23:00:20.086  5211  5224 I art     : Starting a blocking GC Explicit
08-05 23:00:20.133  5211  5224 I art     : Explicit concurrent mark sweep GC freed 10(320B) AllocSpace objects, 0(0B) LOS objects, 29% free, 38MB/54MB, paused 1.294ms total 46.764ms
08-05 23:00:20.147  5211  5224 I art     : Starting a blocking GC Explicit
08-05 23:00:20.196  5211  5224 I art     : Explicit concurrent mark sweep GC freed 101(3KB) AllocSpace objects, 0(0B) LOS objects, 29% free, 38MB/54MB, paused 1.520ms total 48.063ms
08-05 23:00:20.209  5211  5224 I art     : Starting a blocking GC Explicit
08-05 23:00:20.257  5211  5224 I art     : Explicit concurrent mark sweep GC freed 29(1168B) AllocSpace objects, 0(0B) LOS objects, 29% free, 38MB/54MB, paused 1.493ms total 47.501ms
08-05 23:00:20.329 22733 22733 I Atfwd_Sendcmd: AtCmdFwd service not ready - Exhausted retry attempts - :6
08-05 23:00:20.329 22733 22733 I Atfwd_Daemon: result : -1 	 ,Init step :2 	 ,qmiErrorCode: 0
08-05 23:00:20.611  5211 23628 I art     : Starting a blocking GC Explicit
08-05 23:00:20.640 15866 15897 I Finsky  : [6071] ktr.run(-1): Stats for Executor: bgExecutor kvs@65ac110[Running, pool size = 4, active threads = 0, queued tasks = 0, completed tasks = 994]
08-05 23:00:20.657  5211 23628 I art     : Explicit concurrent mark sweep GC freed 1719(95KB) AllocSpace objects, 1(20KB) LOS objects, 29% free, 38MB/54MB, paused 1.618ms total 45.614ms
08-05 23:00:20.670  5211 23628 I art     : Starting a blocking GC Explicit
08-05 23:00:20.703  5211 23688 E baseline.com.newsblur.network.APIResponse: Error (unexpected end of stream on https://www.newsblur.com/...) calling https://www.newsblur.com/reader/mark_story_hashes_as_read/
08-05 23:00:20.703  5211 23688 E baseline.com.newsblur.network.APIResponse: java.io.IOException: unexpected end of stream on https://www.newsblur.com/...
08-05 23:00:20.703  5211 23688 E baseline.com.newsblur.network.APIResponse: 	at okhttp3.internal.http1.Http1ExchangeCodec.readResponseHeaders(Http1ExchangeCodec.java:236)
08-05 23:00:20.703  5211 23688 E baseline.com.newsblur.network.APIResponse: 	at okhttp3.internal.connection.Exchange.readResponseHeaders(Exchange.java:115)
08-05 23:00:20.703  5211 23688 E baseline.com.newsblur.network.APIResponse: 	at okhttp3.internal.http.CallServerInterceptor.intercept(CallServerInterceptor.java:94)
08-05 23:00:20.703  5211 23688 E baseline.com.newsblur.network.APIResponse: 	at okhttp3.internal.http.RealInterceptorChain.proceed(RealInterceptorChain.java:142)
08-05 23:00:20.703  5211 23688 E baseline.com.newsblur.network.APIResponse: 	at okhttp3.internal.connection.ConnectInterceptor.intercept(ConnectInterceptor.java:43)
08-05 23:00:20.703  5211 23688 E baseline.com.newsblur.network.APIResponse: 	at okhttp3.internal.http.RealInterceptorChain.proceed(RealInterceptorChain.java:142)
08-05 23:00:20.703  5211 23688 E baseline.com.newsblur.network.APIResponse: 	at okhttp3.internal.http.RealInterceptorChain.proceed(RealInterceptorChain.java:117)
08-05 23:00:20.703  5211 23688 E baseline.com.newsblur.network.APIResponse: 	at okhttp3.internal.cache.CacheInterceptor.intercept(CacheInterceptor.java:94)
08-05 23:00:20.703  5211 23688 E baseline.com.newsblur.network.APIResponse: 	at okhttp3.internal.http.RealInterceptorChain.proceed(RealInterceptorChain.java:142)
08-05 23:00:20.703  5211 23688 E baseline.com.newsblur.network.APIResponse: 	at okhttp3.internal.http.RealInterceptorChain.proceed(RealInterceptorChain.java:117)
08-05 23:00:20.703  5211 23688 E baseline.com.newsblur.network.APIResponse: 	at okhttp3.internal.http.BridgeInterceptor.intercept(BridgeInterceptor.java:93)
08-05 23:00:20.703  5211 23688 E baseline.com.newsblur.network.APIResponse: 	at okhttp3.internal.http.RealInterceptorChain.proceed(RealInterceptorChain.java:142)
08-05 23:00:20.703  5211 23688 E baseline.com.newsblur.network.APIResponse: 	at okhttp3.internal.http.RetryAndFollowUpInterceptor.intercept(RetryAndFollowUpInterceptor.java:88)
08-05 23:00:20.703  5211 23688 E baseline.com.newsblur.network.APIResponse: 	at okhttp3.internal.http.RealInterceptorChain.proceed(RealInterceptorChain.java:142)
08-05 23:00:20.703  5211 23688 E baseline.com.newsblur.network.APIResponse: 	at okhttp3.internal.http.RealInterceptorChain.proceed(RealInterceptorChain.java:117)
08-05 23:00:20.703  5211 23688 E baseline.com.newsblur.network.APIResponse: 	at okhttp3.RealCall.getResponseWithInterceptorChain(RealCall.java:229)
08-05 23:00:20.703  5211 23688 E baseline.com.newsblur.network.APIResponse: 	at okhttp3.RealCall.execute(RealCall.java:81)
08-05 23:00:20.703  5211 23688 E baseline.com.newsblur.network.APIResponse: 	at baseline.com.newsblur.network.APIResponse.<init>(APIResponse.java:57)
08-05 23:00:20.703  5211 23688 E baseline.com.newsblur.network.APIResponse: 	at baseline.com.newsblur.network.APIResponse.<init>(APIResponse.java:43)
08-05 23:00:20.703  5211 23688 E baseline.com.newsblur.network.APIResponse: 	at baseline.com.newsblur.network.APIManager.post_single(APIManager.java:702)
08-05 23:00:20.703  5211 23688 E baseline.com.newsblur.network.APIResponse: 	at baseline.com.newsblur.network.APIManager.post(APIManager.java:675)
08-05 23:00:20.703  5211 23688 E baseline.com.newsblur.network.APIResponse: 	at baseline.com.newsblur.network.APIManager.post(APIManager.java:714)
08-05 23:00:20.703  5211 23688 E baseline.com.newsblur.network.APIResponse: 	at baseline.com.newsblur.network.APIManager.markStoryAsRead(APIManager.java:205)
08-05 23:00:20.703  5211 23688 E baseline.com.newsblur.network.APIResponse: 	at baseline.com.newsblur.util.ReadingAction.doRemote(ReadingAction.java:281)
08-05 23:00:20.703  5211 23688 E baseline.com.newsblur.network.APIResponse: 	at baseline.com.newsblur.service.NBSyncService.syncActions(NBSyncService.java:400)
08-05 23:00:20.703  5211 23688 E baseline.com.newsblur.network.APIResponse: 	at baseline.com.newsblur.service.NBSyncService.doSync(NBSyncService.java:298)
08-05 23:00:20.703  5211 23688 E baseline.com.newsblur.network.APIResponse: 	at baseline.com.newsblur.service.NBSyncService.access$100(NBSyncService.java:67)
08-05 23:00:20.703  5211 23688 E baseline.com.newsblur.network.APIResponse: 	at baseline.com.newsblur.service.NBSyncService$1.run(NBSyncService.java:188)
08-05 23:00:20.703  5211 23688 E baseline.com.newsblur.network.APIResponse: 	at java.util.concurrent.ThreadPoolExecutor.runWorker(ThreadPoolExecutor.java:1113)
08-05 23:00:20.703  5211 23688 E baseline.com.newsblur.network.APIResponse: 	at java.util.concurrent.ThreadPoolExecutor$Worker.run(ThreadPoolExecutor.java:588)
08-05 23:00:20.703  5211 23688 E baseline.com.newsblur.network.APIResponse: 	at java.lang.Thread.run(Thread.java:818)
08-05 23:00:20.703  5211 23688 E baseline.com.newsblur.network.APIResponse: Caused by: java.io.EOFException: \n not found: limit=0 content=
08-05 23:00:20.703  5211 23688 E baseline.com.newsblur.network.APIResponse: 	at okio.RealBufferedSource.readUtf8LineStrict(RealBufferedSource.java:240)
08-05 23:00:20.703  5211 23688 E baseline.com.newsblur.network.APIResponse: 	at okhttp3.internal.http1.Http1ExchangeCodec.readHeaderLine(Http1ExchangeCodec.java:242)
08-05 23:00:20.703  5211 23688 E baseline.com.newsblur.network.APIResponse: 	at okhttp3.internal.http1.Http1ExchangeCodec.readResponseHeaders(Http1ExchangeCodec.java:213)
08-05 23:00:20.703  5211 23688 E baseline.com.newsblur.network.APIResponse: 	... 30 more
08-05 23:00:20.704  5211 23688 I baseline.com.newsblur.network.APIManager: API call failed, pausing before retry number 2
08-05 23:00:20.714  5211 23628 I art     : Explicit concurrent mark sweep GC freed 2294(254KB) AllocSpace objects, 2(40KB) LOS objects, 29% free, 38MB/54MB, paused 1.333ms total 44.070ms
08-05 23:00:20.728  5211 23628 I art     : Starting a blocking GC Explicit
08-05 23:00:20.775  5211 23628 I art     : Explicit concurrent mark sweep GC freed 162(18KB) AllocSpace objects, 0(0B) LOS objects, 29% free, 38MB/54MB, paused 1.451ms total 46.324ms
08-05 23:00:20.788  5211 23628 I art     : Starting a blocking GC Explicit
08-05 23:00:20.835  5211 23628 I art     : Explicit concurrent mark sweep GC freed 31(1024B) AllocSpace objects, 0(0B) LOS objects, 29% free, 38MB/54MB, paused 1.562ms total 47.035ms
08-05 23:00:20.849  5211 23628 I art     : Starting a blocking GC Explicit
08-05 23:00:20.897  5211 23628 I art     : Explicit concurrent mark sweep GC freed 12(384B) AllocSpace objects, 0(0B) LOS objects, 29% free, 38MB/54MB, paused 1.413ms total 47.352ms
08-05 23:00:21.143 24241 24241 D AndroidRuntime: >>>>>> START com.android.internal.os.RuntimeInit uid 2000 <<<<<<
08-05 23:00:21.150 24241 24241 D AndroidRuntime: CheckJNI is OFF
08-05 23:00:21.191 24241 24241 D ICU     : No timezone override file found: /data/misc/zoneinfo/current/icu/icu_tzdata.dat
08-05 23:00:21.233 24241 24241 I Radio-JNI: register_android_hardware_Radio DONE
08-05 23:00:21.263 24241 24241 D AndroidRuntime: Calling main entry com.android.commands.input.Input
08-05 23:00:21.265 24241 24241 I Input   : injectMotionEvent: MotionEvent { action=ACTION_DOWN, actionButton=0, id[0]=0, x[0]=553.0, y[0]=442.0, toolType[0]=TOOL_TYPE_UNKNOWN, buttonState=0, metaState=0, flags=0x0, edgeFlags=0x0, pointerCount=1, historySize=0, eventTime=831637677, downTime=831637677, deviceId=0, source=0x1002 }
08-05 23:00:21.267  5211 23628 I art     : Starting a blocking GC Explicit
08-05 23:00:21.272 24241 24241 I Input   : injectMotionEvent: MotionEvent { action=ACTION_UP, actionButton=0, id[0]=0, x[0]=553.0, y[0]=442.0, toolType[0]=TOOL_TYPE_UNKNOWN, buttonState=0, metaState=0, flags=0x0, edgeFlags=0x0, pointerCount=1, historySize=0, eventTime=831637677, downTime=831637677, deviceId=0, source=0x1002 }
08-05 23:00:21.274 24241 24241 D AndroidRuntime: Shutting down VM
08-05 23:00:21.317  5211 23628 I art     : Explicit concurrent mark sweep GC freed 1497(85KB) AllocSpace objects, 1(20KB) LOS objects, 29% free, 38MB/54MB, paused 1.453ms total 49.667ms
08-05 23:00:21.330  5211 23628 I art     : Starting a blocking GC Explicit
08-05 23:00:21.343   918   928 I ActivityManager: START u0 {cmp=baseline.com.newsblur/.activity.AllSharedStoriesItemsList (has extras)} from uid 10698 on display 0
08-05 23:00:21.365  5211 23345 I baseline.com.newsblur.database.BlurDatabaseHelper: reading session reset
08-05 23:00:21.381  5211 23628 I art     : Explicit concurrent mark sweep GC freed 1039(146KB) AllocSpace objects, 4(80KB) LOS objects, 29% free, 38MB/54MB, paused 2.110ms total 50.813ms
08-05 23:00:21.394  5211 23628 I art     : Starting a blocking GC Explicit
08-05 23:00:21.439  5211 23628 I art     : Explicit concurrent mark sweep GC freed 1125(67KB) AllocSpace objects, 1(112KB) LOS objects, 29% free, 38MB/54MB, paused 1.415ms total 45.145ms
08-05 23:00:21.452  5211 23628 I art     : Starting a blocking GC Explicit
08-05 23:00:21.499  5211 23628 I art     : Explicit concurrent mark sweep GC freed 98(5KB) AllocSpace objects, 0(0B) LOS objects, 29% free, 38MB/54MB, paused 1.539ms total 46.949ms
08-05 23:00:21.512  5211 23628 I art     : Starting a blocking GC Explicit
08-05 23:00:21.560  5211 23628 I art     : Explicit concurrent mark sweep GC freed 568(44KB) AllocSpace objects, 1(20KB) LOS objects, 29% free, 38MB/54MB, paused 1.508ms total 47.298ms
08-05 23:00:21.577  5211  5211 W View    : requestLayout() improperly called by android.widget.FrameLayout{8d96cb7 V.E...... ......ID 0,0-1440,0 #7f07003f app:id/footer_view_inner} during layout: running second layout pass
08-05 23:00:21.577  5211  5211 W View    : requestLayout() improperly called by android.widget.FrameLayout{3d3c24 V.E...... ......ID 0,0-1440,2091 #7f07003f app:id/footer_view_inner} during layout: running second layout pass
08-05 23:00:21.598   918   936 I ActivityManager: Displayed baseline.com.newsblur/.activity.AllSharedStoriesItemsList: +246ms
08-05 23:00:21.599 13866 13866 I GoogleInputMethodServic: GoogleInputMethodService.onFinishInput():3138 
08-05 23:00:21.599 13866 13866 I GoogleInputMethodServic: GoogleInputMethodService.onStartInput():1808 
08-05 23:00:21.710  5211 24265 I NAPPA_EXPERIMENTATION: MetricNetworkRequestExecutionTime: REQUEST_DURATION_SYSTEM='61',REQUEST_DURATION_OKHTTP='60',REQUEST_SYNCHRONOUS='TRUE',RESPONSE_CODE='200',RESPONSE_METHOD='GET',RESPONSE_LENGTH_OKHTTP='43',RESPONSE_LENGTH_HEADER='43',REQUEST_PROTOCOL='http/1.1',REQUEST_URL='http://feeds.feedburner.com/~r/retort/~4/UffaFMiJbNs',
08-05 23:00:21.813  5211 23038 I NAPPA_EXPERIMENTATION: MetricNetworkRequestExecutionTime: REQUEST_DURATION_SYSTEM='148',REQUEST_DURATION_OKHTTP='147',REQUEST_SYNCHRONOUS='TRUE',RESPONSE_CODE='200',RESPONSE_METHOD='GET',RESPONSE_LENGTH_OKHTTP='56376',RESPONSE_LENGTH_HEADER='56376',REQUEST_PROTOCOL='h2',REQUEST_URL='https://images.fastcompany.net/image/upload/w_1280,q_auto,f_auto,fl_lossy/wp-cms/uploads/2020/07/p-1-quit-after-covid.jpg',
08-05 23:00:21.898  5211 23628 I art     : Starting a blocking GC Explicit
08-05 23:00:21.945  5211 23628 I art     : Explicit concurrent mark sweep GC freed 4288(322KB) AllocSpace objects, 15(3MB) LOS objects, 28% free, 40MB/56MB, paused 1.291ms total 46.895ms
08-05 23:00:21.958  5211 23628 I art     : Starting a blocking GC Explicit
08-05 23:00:22.004  5211 23628 I art     : Explicit concurrent mark sweep GC freed 303(12KB) AllocSpace objects, 0(0B) LOS objects, 28% free, 40MB/56MB, paused 1.355ms total 46.220ms
08-05 23:00:22.017  5211 23628 I art     : Starting a blocking GC Explicit
08-05 23:00:22.063  5211 23628 I art     : Explicit concurrent mark sweep GC freed 150(6KB) AllocSpace objects, 0(0B) LOS objects, 28% free, 40MB/56MB, paused 1.445ms total 45.370ms
08-05 23:00:22.076  5211 23628 I art     : Starting a blocking GC Explicit
08-05 23:00:22.123  5211 23628 I art     : Explicit concurrent mark sweep GC freed 7(224B) AllocSpace objects, 0(0B) LOS objects, 28% free, 40MB/56MB, paused 1.454ms total 47.546ms
08-05 23:00:22.136  5211 23628 I art     : Starting a blocking GC Explicit
08-05 23:00:22.186  5211 23628 I art     : Explicit concurrent mark sweep GC freed 6(192B) AllocSpace objects, 0(0B) LOS objects, 28% free, 40MB/56MB, paused 1.346ms total 48.959ms
08-05 23:00:22.556  5211  5224 I art     : Starting a blocking GC Explicit
08-05 23:00:22.607  5211  5224 I art     : Explicit concurrent mark sweep GC freed 1508(85KB) AllocSpace objects, 1(20KB) LOS objects, 28% free, 40MB/56MB, paused 1.419ms total 50.533ms
08-05 23:00:22.621  5211  5224 I art     : Starting a blocking GC Explicit
08-05 23:00:22.671  5211  5224 I art     : Explicit concurrent mark sweep GC freed 25(880B) AllocSpace objects, 0(0B) LOS objects, 28% free, 40MB/56MB, paused 1.500ms total 49.378ms
08-05 23:00:22.684  5211  5224 I art     : Starting a blocking GC Explicit
08-05 23:00:22.733  5211  5224 I art     : Explicit concurrent mark sweep GC freed 7(224B) AllocSpace objects, 0(0B) LOS objects, 28% free, 40MB/56MB, paused 1.473ms total 49.091ms
08-05 23:00:22.747  5211  5224 I art     : Starting a blocking GC Explicit
08-05 23:00:22.799  5211  5224 I art     : Explicit concurrent mark sweep GC freed 14(448B) AllocSpace objects, 0(0B) LOS objects, 28% free, 40MB/56MB, paused 1.680ms total 50.916ms
08-05 23:00:22.813  5211  5224 I art     : Starting a blocking GC Explicit
08-05 23:00:22.865  5211  5224 I art     : Explicit concurrent mark sweep GC freed 15(480B) AllocSpace objects, 0(0B) LOS objects, 28% free, 40MB/56MB, paused 1.539ms total 52.166ms
08-05 23:00:23.267  5211  5223 I art     : Starting a blocking GC Explicit
08-05 23:00:23.320  5211  5223 I art     : Explicit concurrent mark sweep GC freed 1487(84KB) AllocSpace objects, 1(20KB) LOS objects, 28% free, 40MB/56MB, paused 1.448ms total 52.195ms
08-05 23:00:23.320  5211  5222 I art     : WaitForGcToComplete blocked for 22.755ms for cause HeapTrim
08-05 23:00:23.333  5211  5223 I art     : Starting a blocking GC Explicit
08-05 23:00:23.384  5211  5223 I art     : Explicit concurrent mark sweep GC freed 26(912B) AllocSpace objects, 0(0B) LOS objects, 28% free, 40MB/56MB, paused 1.532ms total 50.433ms
08-05 23:00:23.398  5211  5223 I art     : Starting a blocking GC Explicit
08-05 23:00:23.449  5211  5223 I art     : Explicit concurrent mark sweep GC freed 7(224B) AllocSpace objects, 0(0B) LOS objects, 28% free, 40MB/56MB, paused 1.591ms total 51.093ms
08-05 23:00:23.463  5211  5223 I art     : Starting a blocking GC Explicit
08-05 23:00:23.513  5211  5223 I art     : Explicit concurrent mark sweep GC freed 7(224B) AllocSpace objects, 0(0B) LOS objects, 28% free, 40MB/56MB, paused 1.502ms total 49.997ms
08-05 23:00:23.527  5211  5223 I art     : Starting a blocking GC Explicit
08-05 23:00:23.577  5211  5223 I art     : Explicit concurrent mark sweep GC freed 7(224B) AllocSpace objects, 0(0B) LOS objects, 28% free, 40MB/56MB, paused 1.390ms total 50.194ms
08-05 23:00:23.949  5211  5223 I art     : Starting a blocking GC Explicit
08-05 23:00:24.002  5211  5223 I art     : Explicit concurrent mark sweep GC freed 1636(93KB) AllocSpace objects, 1(20KB) LOS objects, 28% free, 40MB/56MB, paused 1.570ms total 52.846ms
08-05 23:00:24.015  5211  5223 I art     : Starting a blocking GC Explicit
08-05 23:00:24.067  5211  5223 I art     : Explicit concurrent mark sweep GC freed 32(1168B) AllocSpace objects, 0(0B) LOS objects, 28% free, 40MB/56MB, paused 1.737ms total 51.809ms
08-05 23:00:24.081  5211  5223 I art     : Starting a blocking GC Explicit
08-05 23:00:24.131  5211  5223 I art     : Explicit concurrent mark sweep GC freed 7(224B) AllocSpace objects, 0(0B) LOS objects, 28% free, 40MB/56MB, paused 1.480ms total 50.162ms
08-05 23:00:24.145  5211  5223 I art     : Starting a blocking GC Explicit
08-05 23:00:24.197  5211  5223 I art     : Explicit concurrent mark sweep GC freed 7(224B) AllocSpace objects, 0(0B) LOS objects, 28% free, 40MB/56MB, paused 1.539ms total 52.216ms
08-05 23:00:24.211  5211  5223 I art     : Starting a blocking GC Explicit
08-05 23:00:24.260  5211  5223 I art     : Explicit concurrent mark sweep GC freed 1601(62KB) AllocSpace objects, 0(0B) LOS objects, 28% free, 40MB/56MB, paused 1.458ms total 49.200ms
08-05 23:00:24.297  5211 23688 E baseline.com.newsblur.network.APIResponse: Error (unexpected end of stream on https://www.newsblur.com/...) calling https://www.newsblur.com/reader/mark_story_hashes_as_read/
08-05 23:00:24.297  5211 23688 E baseline.com.newsblur.network.APIResponse: java.io.IOException: unexpected end of stream on https://www.newsblur.com/...
08-05 23:00:24.297  5211 23688 E baseline.com.newsblur.network.APIResponse: 	at okhttp3.internal.http1.Http1ExchangeCodec.readResponseHeaders(Http1ExchangeCodec.java:236)
08-05 23:00:24.297  5211 23688 E baseline.com.newsblur.network.APIResponse: 	at okhttp3.internal.connection.Exchange.readResponseHeaders(Exchange.java:115)
08-05 23:00:24.297  5211 23688 E baseline.com.newsblur.network.APIResponse: 	at okhttp3.internal.http.CallServerInterceptor.intercept(CallServerInterceptor.java:94)
08-05 23:00:24.297  5211 23688 E baseline.com.newsblur.network.APIResponse: 	at okhttp3.internal.http.RealInterceptorChain.proceed(RealInterceptorChain.java:142)
08-05 23:00:24.297  5211 23688 E baseline.com.newsblur.network.APIResponse: 	at okhttp3.internal.connection.ConnectInterceptor.intercept(ConnectInterceptor.java:43)
08-05 23:00:24.297  5211 23688 E baseline.com.newsblur.network.APIResponse: 	at okhttp3.internal.http.RealInterceptorChain.proceed(RealInterceptorChain.java:142)
08-05 23:00:24.297  5211 23688 E baseline.com.newsblur.network.APIResponse: 	at okhttp3.internal.http.RealInterceptorChain.proceed(RealInterceptorChain.java:117)
08-05 23:00:24.297  5211 23688 E baseline.com.newsblur.network.APIResponse: 	at okhttp3.internal.cache.CacheInterceptor.intercept(CacheInterceptor.java:94)
08-05 23:00:24.297  5211 23688 E baseline.com.newsblur.network.APIResponse: 	at okhttp3.internal.http.RealInterceptorChain.proceed(RealInterceptorChain.java:142)
08-05 23:00:24.297  5211 23688 E baseline.com.newsblur.network.APIResponse: 	at okhttp3.internal.http.RealInterceptorChain.proceed(RealInterceptorChain.java:117)
08-05 23:00:24.297  5211 23688 E baseline.com.newsblur.network.APIResponse: 	at okhttp3.internal.http.BridgeInterceptor.intercept(BridgeInterceptor.java:93)
08-05 23:00:24.297  5211 23688 E baseline.com.newsblur.network.APIResponse: 	at okhttp3.internal.http.RealInterceptorChain.proceed(RealInterceptorChain.java:142)
08-05 23:00:24.297  5211 23688 E baseline.com.newsblur.network.APIResponse: 	at okhttp3.internal.http.RetryAndFollowUpInterceptor.intercept(RetryAndFollowUpInterceptor.java:88)
08-05 23:00:24.297  5211 23688 E baseline.com.newsblur.network.APIResponse: 	at okhttp3.internal.http.RealInterceptorChain.proceed(RealInterceptorChain.java:142)
08-05 23:00:24.297  5211 23688 E baseline.com.newsblur.network.APIResponse: 	at okhttp3.internal.http.RealInterceptorChain.proceed(RealInterceptorChain.java:117)
08-05 23:00:24.297  5211 23688 E baseline.com.newsblur.network.APIResponse: 	at okhttp3.RealCall.getResponseWithInterceptorChain(RealCall.java:229)
08-05 23:00:24.297  5211 23688 E baseline.com.newsblur.network.APIResponse: 	at okhttp3.RealCall.execute(RealCall.java:81)
08-05 23:00:24.297  5211 23688 E baseline.com.newsblur.network.APIResponse: 	at baseline.com.newsblur.network.APIResponse.<init>(APIResponse.java:57)
08-05 23:00:24.297  5211 23688 E baseline.com.newsblur.network.APIResponse: 	at baseline.com.newsblur.network.APIResponse.<init>(APIResponse.java:43)
08-05 23:00:24.297  5211 23688 E baseline.com.newsblur.network.APIResponse: 	at baseline.com.newsblur.network.APIManager.post_single(APIManager.java:702)
08-05 23:00:24.297  5211 23688 E baseline.com.newsblur.network.APIResponse: 	at baseline.com.newsblur.network.APIManager.post(APIManager.java:675)
08-05 23:00:24.297  5211 23688 E baseline.com.newsblur.network.APIResponse: 	at baseline.com.newsblur.network.APIManager.post(APIManager.java:714)
08-05 23:00:24.297  5211 23688 E baseline.com.newsblur.network.APIResponse: 	at baseline.com.newsblur.network.APIManager.markStoryAsRead(APIManager.java:205)
08-05 23:00:24.297  5211 23688 E baseline.com.newsblur.network.APIResponse: 	at baseline.com.newsblur.util.ReadingAction.doRemote(ReadingAction.java:281)
08-05 23:00:24.297  5211 23688 E baseline.com.newsblur.network.APIResponse: 	at baseline.com.newsblur.service.NBSyncService.syncActions(NBSyncService.java:400)
08-05 23:00:24.297  5211 23688 E baseline.com.newsblur.network.APIResponse: 	at baseline.com.newsblur.service.NBSyncService.doSync(NBSyncService.java:298)
08-05 23:00:24.297  5211 23688 E baseline.com.newsblur.network.APIResponse: 	at baseline.com.newsblur.service.NBSyncService.access$100(NBSyncService.java:67)
08-05 23:00:24.297  5211 23688 E baseline.com.newsblur.network.APIResponse: 	at baseline.com.newsblur.service.NBSyncService$1.run(NBSyncService.java:188)
08-05 23:00:24.297  5211 23688 E baseline.com.newsblur.network.APIResponse: 	at java.util.concurrent.ThreadPoolExecutor.runWorker(ThreadPoolExecutor.java:1113)
08-05 23:00:24.297  5211 23688 E baseline.com.newsblur.network.APIResponse: 	at java.util.concurrent.ThreadPoolExecutor$Worker.run(ThreadPoolExecutor.java:588)
08-05 23:00:24.297  5211 23688 E baseline.com.newsblur.network.APIResponse: 	at java.lang.Thread.run(Thread.java:818)
08-05 23:00:24.297  5211 23688 E baseline.com.newsblur.network.APIResponse: Caused by: java.io.EOFException: \n not found: limit=0 content=
08-05 23:00:24.297  5211 23688 E baseline.com.newsblur.network.APIResponse: 	at okio.RealBufferedSource.readUtf8LineStrict(RealBufferedSource.java:240)
08-05 23:00:24.297  5211 23688 E baseline.com.newsblur.network.APIResponse: 	at okhttp3.internal.http1.Http1ExchangeCodec.readHeaderLine(Http1ExchangeCodec.java:242)
08-05 23:00:24.297  5211 23688 E baseline.com.newsblur.network.APIResponse: 	at okhttp3.internal.http1.Http1ExchangeCodec.readResponseHeaders(Http1ExchangeCodec.java:213)
08-05 23:00:24.297  5211 23688 E baseline.com.newsblur.network.APIResponse: 	... 30 more
08-05 23:00:24.298  5211 23688 I baseline.com.newsblur.service.NBSyncService: Holding reading action with server-side or network error.
08-05 23:00:24.307  5211 23688 W baseline.com.newsblur.service.NBSyncService: hard API failure
08-05 23:00:24.314  5211 23688 I baseline.com.newsblur.service.NBSyncService: recounting dirty feed sets: 1
08-05 23:00:24.611  5211  5224 I art     : Starting a blocking GC Explicit
08-05 23:00:24.665  5211  5224 I art     : Explicit concurrent mark sweep GC freed 4785(438KB) AllocSpace objects, 5(100KB) LOS objects, 28% free, 40MB/56MB, paused 1.625ms total 52.892ms
08-05 23:00:24.679  5211  5224 I art     : Starting a blocking GC Explicit
08-05 23:00:24.709  5211 23688 E baseline.com.newsblur.network.APIResponse: Error (unexpected end of stream on https://www.newsblur.com/...) calling https://www.newsblur.com/reader/feed_unread_count?feed_id=0
08-05 23:00:24.709  5211 23688 E baseline.com.newsblur.network.APIResponse: java.io.IOException: unexpected end of stream on https://www.newsblur.com/...
08-05 23:00:24.709  5211 23688 E baseline.com.newsblur.network.APIResponse: 	at okhttp3.internal.http1.Http1ExchangeCodec.readResponseHeaders(Http1ExchangeCodec.java:236)
08-05 23:00:24.709  5211 23688 E baseline.com.newsblur.network.APIResponse: 	at okhttp3.internal.connection.Exchange.readResponseHeaders(Exchange.java:115)
08-05 23:00:24.709  5211 23688 E baseline.com.newsblur.network.APIResponse: 	at okhttp3.internal.http.CallServerInterceptor.intercept(CallServerInterceptor.java:94)
08-05 23:00:24.709  5211 23688 E baseline.com.newsblur.network.APIResponse: 	at okhttp3.internal.http.RealInterceptorChain.proceed(RealInterceptorChain.java:142)
08-05 23:00:24.709  5211 23688 E baseline.com.newsblur.network.APIResponse: 	at okhttp3.internal.connection.ConnectInterceptor.intercept(ConnectInterceptor.java:43)
08-05 23:00:24.709  5211 23688 E baseline.com.newsblur.network.APIResponse: 	at okhttp3.internal.http.RealInterceptorChain.proceed(RealInterceptorChain.java:142)
08-05 23:00:24.709  5211 23688 E baseline.com.newsblur.network.APIResponse: 	at okhttp3.internal.http.RealInterceptorChain.proceed(RealInterceptorChain.java:117)
08-05 23:00:24.709  5211 23688 E baseline.com.newsblur.network.APIResponse: 	at okhttp3.internal.cache.CacheInterceptor.intercept(CacheInterceptor.java:94)
08-05 23:00:24.709  5211 23688 E baseline.com.newsblur.network.APIResponse: 	at okhttp3.internal.http.RealInterceptorChain.proceed(RealInterceptorChain.java:142)
08-05 23:00:24.709  5211 23688 E baseline.com.newsblur.network.APIResponse: 	at okhttp3.internal.http.RealInterceptorChain.proceed(RealInterceptorChain.java:117)
08-05 23:00:24.709  5211 23688 E baseline.com.newsblur.network.APIResponse: 	at okhttp3.internal.http.BridgeInterceptor.intercept(BridgeInterceptor.java:93)
08-05 23:00:24.709  5211 23688 E baseline.com.newsblur.network.APIResponse: 	at okhttp3.internal.http.RealInterceptorChain.proceed(RealInterceptorChain.java:142)
08-05 23:00:24.709  5211 23688 E baseline.com.newsblur.network.APIResponse: 	at okhttp3.internal.http.RetryAndFollowUpInterceptor.intercept(RetryAndFollowUpInterceptor.java:88)
08-05 23:00:24.709  5211 23688 E baseline.com.newsblur.network.APIResponse: 	at okhttp3.internal.http.RealInterceptorChain.proceed(RealInterceptorChain.java:142)
08-05 23:00:24.709  5211 23688 E baseline.com.newsblur.network.APIResponse: 	at okhttp3.internal.http.RealInterceptorChain.proceed(RealInterceptorChain.java:117)
08-05 23:00:24.709  5211 23688 E baseline.com.newsblur.network.APIResponse: 	at okhttp3.RealCall.getResponseWithInterceptorChain(RealCall.java:229)
08-05 23:00:24.709  5211 23688 E baseline.com.newsblur.network.APIResponse: 	at okhttp3.RealCall.execute(RealCall.java:81)
08-05 23:00:24.709  5211 23688 E baseline.com.newsblur.network.APIResponse: 	at baseline.com.newsblur.network.APIResponse.<init>(APIResponse.java:57)
08-05 23:00:24.709  5211 23688 E baseline.com.newsblur.network.APIResponse: 	at baseline.com.newsblur.network.APIManager.get_single(APIManager.java:639)
08-05 23:00:24.709  5211 23688 E baseline.com.newsblur.network.APIResponse: 	at baseline.com.newsblur.network.APIManager.get(APIManager.java:625)
08-05 23:00:24.709  5211 23688 E baseline.com.newsblur.network.APIResponse: 	at baseline.com.newsblur.network.APIManager.get(APIManager.java:667)
08-05 23:00:24.709  5211 23688 E baseline.com.newsblur.network.APIResponse: 	at baseline.com.newsblur.network.APIManager.getFeedUnreadCounts(APIManager.java:274)
08-05 23:00:24.709  5211 23688 E baseline.com.newsblur.network.APIResponse: 	at baseline.com.newsblur.service.NBSyncService.checkRecounts(NBSyncService.java:660)
08-05 23:00:24.709  5211 23688 E baseline.com.newsblur.network.APIResponse: 	at baseline.com.newsblur.service.NBSyncService.doSync(NBSyncService.java:310)
08-05 23:00:24.709  5211 23688 E baseline.com.newsblur.network.APIResponse: 	at baseline.com.newsblur.service.NBSyncService.access$100(NBSyncService.java:67)
08-05 23:00:24.709  5211 23688 E baseline.com.newsblur.network.APIResponse: 	at baseline.com.newsblur.service.NBSyncService$1.run(NBSyncService.java:188)
08-05 23:00:24.709  5211 23688 E baseline.com.newsblur.network.APIResponse: 	at java.util.concurrent.ThreadPoolExecutor.runWorker(ThreadPoolExecutor.java:1113)
08-05 23:00:24.709  5211 23688 E baseline.com.newsblur.network.APIResponse: 	at java.util.concurrent.ThreadPoolExecutor$Worker.run(ThreadPoolExecutor.java:588)
08-05 23:00:24.709  5211 23688 E baseline.com.newsblur.network.APIResponse: 	at java.lang.Thread.run(Thread.java:818)
08-05 23:00:24.709  5211 23688 E baseline.com.newsblur.network.APIResponse: Caused by: java.io.EOFException: \n not found: limit=0 content=
08-05 23:00:24.709  5211 23688 E baseline.com.newsblur.network.APIResponse: 	at okio.RealBufferedSource.readUtf8LineStrict(RealBufferedSource.java:240)
08-05 23:00:24.709  5211 23688 E baseline.com.newsblur.network.APIResponse: 	at okhttp3.internal.http1.Http1ExchangeCodec.readHeaderLine(Http1ExchangeCodec.java:242)
08-05 23:00:24.709  5211 23688 E baseline.com.newsblur.network.APIResponse: 	at okhttp3.internal.http1.Http1ExchangeCodec.readResponseHeaders(Http1ExchangeCodec.java:213)
08-05 23:00:24.709  5211 23688 E baseline.com.newsblur.network.APIResponse: 	... 28 more
08-05 23:00:24.710  5211 23688 I baseline.com.newsblur.network.APIManager: API call failed, pausing before retry number 1
08-05 23:00:24.730  5211  5224 I art     : Explicit concurrent mark sweep GC freed 1214(209KB) AllocSpace objects, 2(40KB) LOS objects, 28% free, 40MB/56MB, paused 1.642ms total 51.089ms
08-05 23:00:24.743  5211  5224 I art     : Starting a blocking GC Explicit
08-05 23:00:24.796  5211  5224 I art     : Explicit concurrent mark sweep GC freed 130(16KB) AllocSpace objects, 0(0B) LOS objects, 28% free, 40MB/56MB, paused 1.552ms total 52.299ms
08-05 23:00:24.810  5211  5224 I art     : Starting a blocking GC Explicit
08-05 23:00:24.860  5211  5224 I art     : Explicit concurrent mark sweep GC freed 29(960B) AllocSpace objects, 0(0B) LOS objects, 28% free, 40MB/56MB, paused 1.428ms total 49.435ms
08-05 23:00:24.874  5211  5224 I art     : Starting a blocking GC Explicit
08-05 23:00:24.926  5211  5224 I art     : Explicit concurrent mark sweep GC freed 7(224B) AllocSpace objects, 0(0B) LOS objects, 28% free, 40MB/56MB, paused 1.443ms total 51.890ms
08-05 23:00:25.292  5211  5224 I art     : Starting a blocking GC Explicit
08-05 23:00:25.329 22733 22733 I ServiceManager: Waiting for service AtCmdFwd...
08-05 23:00:25.365  5211  5224 I art     : Explicit concurrent mark sweep GC freed 1470(83KB) AllocSpace objects, 1(20KB) LOS objects, 28% free, 40MB/56MB, paused 1.483ms total 72.275ms
08-05 23:00:25.381  5211  5224 I art     : Starting a blocking GC Explicit
08-05 23:00:25.432  5211  5224 I art     : Explicit concurrent mark sweep GC freed 26(912B) AllocSpace objects, 0(0B) LOS objects, 28% free, 40MB/56MB, paused 1.384ms total 51.057ms
08-05 23:00:25.446  5211  5224 I art     : Starting a blocking GC Explicit
08-05 23:00:25.498  5211  5224 I art     : Explicit concurrent mark sweep GC freed 7(224B) AllocSpace objects, 0(0B) LOS objects, 28% free, 40MB/56MB, paused 1.447ms total 52.378ms
08-05 23:00:25.512  5211  5224 I art     : Starting a blocking GC Explicit
08-05 23:00:25.562  5211  5224 I art     : Explicit concurrent mark sweep GC freed 7(224B) AllocSpace objects, 0(0B) LOS objects, 28% free, 40MB/56MB, paused 1.386ms total 50.278ms
08-05 23:00:25.576  5211  5224 I art     : Starting a blocking GC Explicit
08-05 23:00:25.629  5211  5224 I art     : Explicit concurrent mark sweep GC freed 7(224B) AllocSpace objects, 0(0B) LOS objects, 28% free, 40MB/56MB, paused 1.476ms total 52.813ms
08-05 23:00:26.021  5211 22763 I art     : Starting a blocking GC Explicit
08-05 23:00:26.105  5211 22763 I art     : Explicit concurrent mark sweep GC freed 1472(84KB) AllocSpace objects, 1(20KB) LOS objects, 28% free, 40MB/56MB, paused 1.757ms total 83.495ms
08-05 23:00:26.126  5211 22763 I art     : Starting a blocking GC Explicit
08-05 23:00:26.175  5211 22763 I art     : Explicit concurrent mark sweep GC freed 27(944B) AllocSpace objects, 0(0B) LOS objects, 28% free, 40MB/56MB, paused 1.445ms total 48.688ms
08-05 23:00:26.189  5211 22763 I art     : Starting a blocking GC Explicit
08-05 23:00:26.240  5211 22763 I art     : Explicit concurrent mark sweep GC freed 99(3KB) AllocSpace objects, 0(0B) LOS objects, 28% free, 40MB/56MB, paused 1.508ms total 51.341ms
08-05 23:00:26.254  5211 22763 I art     : Starting a blocking GC Explicit
08-05 23:00:26.305  5211 22763 I art     : Explicit concurrent mark sweep GC freed 75(4KB) AllocSpace objects, 0(0B) LOS objects, 28% free, 40MB/56MB, paused 1.619ms total 50.760ms
08-05 23:00:26.318  5211 22763 I art     : Starting a blocking GC Explicit
08-05 23:00:26.330 22733 22733 I ServiceManager: Waiting for service AtCmdFwd...
08-05 23:00:26.370  5211 22763 I art     : Explicit concurrent mark sweep GC freed 19(1728B) AllocSpace objects, 0(0B) LOS objects, 28% free, 40MB/56MB, paused 1.619ms total 51.397ms
08-05 23:00:26.653  5211 23688 E baseline.com.newsblur.network.APIResponse: Error (unexpected end of stream on https://www.newsblur.com/...) calling https://www.newsblur.com/reader/feed_unread_count?feed_id=0
08-05 23:00:26.653  5211 23688 E baseline.com.newsblur.network.APIResponse: java.io.IOException: unexpected end of stream on https://www.newsblur.com/...
08-05 23:00:26.653  5211 23688 E baseline.com.newsblur.network.APIResponse: 	at okhttp3.internal.http1.Http1ExchangeCodec.readResponseHeaders(Http1ExchangeCodec.java:236)
08-05 23:00:26.653  5211 23688 E baseline.com.newsblur.network.APIResponse: 	at okhttp3.internal.connection.Exchange.readResponseHeaders(Exchange.java:115)
08-05 23:00:26.653  5211 23688 E baseline.com.newsblur.network.APIResponse: 	at okhttp3.internal.http.CallServerInterceptor.intercept(CallServerInterceptor.java:94)
08-05 23:00:26.653  5211 23688 E baseline.com.newsblur.network.APIResponse: 	at okhttp3.internal.http.RealInterceptorChain.proceed(RealInterceptorChain.java:142)
08-05 23:00:26.653  5211 23688 E baseline.com.newsblur.network.APIResponse: 	at okhttp3.internal.connection.ConnectInterceptor.intercept(ConnectInterceptor.java:43)
08-05 23:00:26.653  5211 23688 E baseline.com.newsblur.network.APIResponse: 	at okhttp3.internal.http.RealInterceptorChain.proceed(RealInterceptorChain.java:142)
08-05 23:00:26.653  5211 23688 E baseline.com.newsblur.network.APIResponse: 	at okhttp3.internal.http.RealInterceptorChain.proceed(RealInterceptorChain.java:117)
08-05 23:00:26.653  5211 23688 E baseline.com.newsblur.network.APIResponse: 	at okhttp3.internal.cache.CacheInterceptor.intercept(CacheInterceptor.java:94)
08-05 23:00:26.653  5211 23688 E baseline.com.newsblur.network.APIResponse: 	at okhttp3.internal.http.RealInterceptorChain.proceed(RealInterceptorChain.java:142)
08-05 23:00:26.653  5211 23688 E baseline.com.newsblur.network.APIResponse: 	at okhttp3.internal.http.RealInterceptorChain.proceed(RealInterceptorChain.java:117)
08-05 23:00:26.653  5211 23688 E baseline.com.newsblur.network.APIResponse: 	at okhttp3.internal.http.BridgeInterceptor.intercept(BridgeInterceptor.java:93)
08-05 23:00:26.653  5211 23688 E baseline.com.newsblur.network.APIResponse: 	at okhttp3.internal.http.RealInterceptorChain.proceed(RealInterceptorChain.java:142)
08-05 23:00:26.653  5211 23688 E baseline.com.newsblur.network.APIResponse: 	at okhttp3.internal.http.RetryAndFollowUpInterceptor.intercept(RetryAndFollowUpInterceptor.java:88)
08-05 23:00:26.653  5211 23688 E baseline.com.newsblur.network.APIResponse: 	at okhttp3.internal.http.RealInterceptorChain.proceed(RealInterceptorChain.java:142)
08-05 23:00:26.653  5211 23688 E baseline.com.newsblur.network.APIResponse: 	at okhttp3.internal.http.RealInterceptorChain.proceed(RealInterceptorChain.java:117)
08-05 23:00:26.653  5211 23688 E baseline.com.newsblur.network.APIResponse: 	at okhttp3.RealCall.getResponseWithInterceptorChain(RealCall.java:229)
08-05 23:00:26.653  5211 23688 E baseline.com.newsblur.network.APIResponse: 	at okhttp3.RealCall.execute(RealCall.java:81)
08-05 23:00:26.653  5211 23688 E baseline.com.newsblur.network.APIResponse: 	at baseline.com.newsblur.network.APIResponse.<init>(APIResponse.java:57)
08-05 23:00:26.653  5211 23688 E baseline.com.newsblur.network.APIResponse: 	at baseline.com.newsblur.network.APIManager.get_single(APIManager.java:639)
08-05 23:00:26.653  5211 23688 E baseline.com.newsblur.network.APIResponse: 	at baseline.com.newsblur.network.APIManager.get(APIManager.java:625)
08-05 23:00:26.653  5211 23688 E baseline.com.newsblur.network.APIResponse: 	at baseline.com.newsblur.network.APIManager.get(APIManager.java:667)
08-05 23:00:26.653  5211 23688 E baseline.com.newsblur.network.APIResponse: 	at baseline.com.newsblur.network.APIManager.getFeedUnreadCounts(APIManager.java:274)
08-05 23:00:26.653  5211 23688 E baseline.com.newsblur.network.APIResponse: 	at baseline.com.newsblur.service.NBSyncService.checkRecounts(NBSyncService.java:660)
08-05 23:00:26.653  5211 23688 E baseline.com.newsblur.network.APIResponse: 	at baseline.com.newsblur.service.NBSyncService.doSync(NBSyncService.java:310)
08-05 23:00:26.653  5211 23688 E baseline.com.newsblur.network.APIResponse: 	at baseline.com.newsblur.service.NBSyncService.access$100(NBSyncService.java:67)
08-05 23:00:26.653  5211 23688 E baseline.com.newsblur.network.APIResponse: 	at baseline.com.newsblur.service.NBSyncService$1.run(NBSyncService.java:188)
08-05 23:00:26.653  5211 23688 E baseline.com.newsblur.network.APIResponse: 	at java.util.concurrent.ThreadPoolExecutor.runWorker(ThreadPoolExecutor.java:1113)
08-05 23:00:26.653  5211 23688 E baseline.com.newsblur.network.APIResponse: 	at java.util.concurrent.ThreadPoolExecutor$Worker.run(ThreadPoolExecutor.java:588)
08-05 23:00:26.653  5211 23688 E baseline.com.newsblur.network.APIResponse: 	at java.lang.Thread.run(Thread.java:818)
08-05 23:00:26.653  5211 23688 E baseline.com.newsblur.network.APIResponse: Caused by: java.io.EOFException: \n not found: limit=0 content=
08-05 23:00:26.653  5211 23688 E baseline.com.newsblur.network.APIResponse: 	at okio.RealBufferedSource.readUtf8LineStrict(RealBufferedSource.java:240)
08-05 23:00:26.653  5211 23688 E baseline.com.newsblur.network.APIResponse: 	at okhttp3.internal.http1.Http1ExchangeCodec.readHeaderLine(Http1ExchangeCodec.java:242)
08-05 23:00:26.653  5211 23688 E baseline.com.newsblur.network.APIResponse: 	at okhttp3.internal.http1.Http1ExchangeCodec.readResponseHeaders(Http1ExchangeCodec.java:213)
08-05 23:00:26.653  5211 23688 E baseline.com.newsblur.network.APIResponse: 	... 28 more
08-05 23:00:26.654  5211 23688 I baseline.com.newsblur.network.APIManager: API call failed, pausing before retry number 2
08-05 23:00:26.751  5211  5223 I art     : Starting a blocking GC Explicit
08-05 23:00:26.805  5211  5223 I art     : Explicit concurrent mark sweep GC freed 3962(356KB) AllocSpace objects, 3(60KB) LOS objects, 28% free, 40MB/56MB, paused 1.526ms total 53.390ms
08-05 23:00:26.819  5211  5223 I art     : Starting a blocking GC Explicit
08-05 23:00:26.871  5211  5223 I art     : Explicit concurrent mark sweep GC freed 124(4KB) AllocSpace objects, 0(0B) LOS objects, 28% free, 40MB/56MB, paused 1.568ms total 52.210ms
08-05 23:00:26.885  5211  5223 I art     : Starting a blocking GC Explicit
08-05 23:00:26.938  5211  5223 I art     : Explicit concurrent mark sweep GC freed 7(224B) AllocSpace objects, 0(0B) LOS objects, 28% free, 40MB/56MB, paused 1.583ms total 52.635ms
08-05 23:00:26.951  5211  5223 I art     : Starting a blocking GC Explicit
08-05 23:00:27.001  5211  5223 I art     : Explicit concurrent mark sweep GC freed 7(224B) AllocSpace objects, 0(0B) LOS objects, 28% free, 40MB/56MB, paused 1.443ms total 50.165ms
08-05 23:00:27.015  5211  5223 I art     : Starting a blocking GC Explicit
08-05 23:00:27.066  5211  5223 I art     : Explicit concurrent mark sweep GC freed 7(224B) AllocSpace objects, 0(0B) LOS objects, 28% free, 40MB/56MB, paused 1.535ms total 51.050ms
08-05 23:00:27.330 22733 22733 I ServiceManager: Waiting for service AtCmdFwd...
08-05 23:00:27.453  5211  5223 I art     : Starting a blocking GC Explicit
08-05 23:00:27.506  5211  5223 I art     : Explicit concurrent mark sweep GC freed 1470(83KB) AllocSpace objects, 1(20KB) LOS objects, 28% free, 40MB/56MB, paused 1.570ms total 52.320ms
08-05 23:00:27.520  5211  5223 I art     : Starting a blocking GC Explicit
08-05 23:00:27.571  5211  5223 I art     : Explicit concurrent mark sweep GC freed 26(912B) AllocSpace objects, 0(0B) LOS objects, 28% free, 40MB/56MB, paused 1.604ms total 50.343ms
08-05 23:00:27.584  5211  5223 I art     : Starting a blocking GC Explicit
08-05 23:00:27.634  5211  5223 I art     : Explicit concurrent mark sweep GC freed 7(224B) AllocSpace objects, 0(0B) LOS objects, 28% free, 40MB/56MB, paused 1.510ms total 49.692ms
08-05 23:00:27.648  5211  5223 I art     : Starting a blocking GC Explicit
08-05 23:00:27.699  5211  5223 I art     : Explicit concurrent mark sweep GC freed 7(224B) AllocSpace objects, 0(0B) LOS objects, 28% free, 40MB/56MB, paused 1.437ms total 50.427ms
08-05 23:00:27.712  5211  5223 I art     : Starting a blocking GC Explicit
08-05 23:00:27.763  5211  5223 I art     : Explicit concurrent mark sweep GC freed 6(192B) AllocSpace objects, 0(0B) LOS objects, 28% free, 40MB/56MB, paused 1.477ms total 49.849ms
08-05 23:00:28.125  5211  5224 I art     : Starting a blocking GC Explicit
08-05 23:00:28.179  5211  5224 I art     : Explicit concurrent mark sweep GC freed 1470(83KB) AllocSpace objects, 1(20KB) LOS objects, 28% free, 40MB/56MB, paused 1.561ms total 53.144ms
08-05 23:00:28.193  5211  5224 I art     : Starting a blocking GC Explicit
08-05 23:00:28.244  5211  5224 I art     : Explicit concurrent mark sweep GC freed 91(3KB) AllocSpace objects, 0(0B) LOS objects, 28% free, 40MB/56MB, paused 1.461ms total 50.528ms
08-05 23:00:28.257  5211  5224 I art     : Starting a blocking GC Explicit
08-05 23:00:28.309  5211  5224 I art     : Explicit concurrent mark sweep GC freed 7(224B) AllocSpace objects, 0(0B) LOS objects, 28% free, 40MB/56MB, paused 1.410ms total 51.532ms
08-05 23:00:28.323  5211  5224 I art     : Starting a blocking GC Explicit
08-05 23:00:28.331 22733 22733 I ServiceManager: Waiting for service AtCmdFwd...
08-05 23:00:28.372  5211  5224 I art     : Explicit concurrent mark sweep GC freed 7(224B) AllocSpace objects, 0(0B) LOS objects, 28% free, 40MB/56MB, paused 1.541ms total 49.614ms
08-05 23:00:28.386  5211  5224 I art     : Starting a blocking GC Explicit
08-05 23:00:28.439  5211  5224 I art     : Explicit concurrent mark sweep GC freed 7(224B) AllocSpace objects, 0(0B) LOS objects, 28% free, 40MB/56MB, paused 1.613ms total 52.140ms
08-05 23:00:28.439  5211  5222 I art     : WaitForGcToComplete blocked for 52.513ms for cause HeapTrim
08-05 23:00:28.843  5211 23628 I art     : Starting a blocking GC Explicit
08-05 23:00:28.919  5211 23628 I art     : Explicit concurrent mark sweep GC freed 1474(84KB) AllocSpace objects, 1(20KB) LOS objects, 28% free, 40MB/56MB, paused 2.027ms total 75.614ms
08-05 23:00:28.934  5211 23628 I art     : Starting a blocking GC Explicit
08-05 23:00:28.986  5211 23628 I art     : Explicit concurrent mark sweep GC freed 26(912B) AllocSpace objects, 0(0B) LOS objects, 28% free, 40MB/56MB, paused 1.441ms total 51.564ms
08-05 23:00:28.999  5211 23628 I art     : Starting a blocking GC Explicit
08-05 23:00:29.050  5211 23628 I art     : Explicit concurrent mark sweep GC freed 7(224B) AllocSpace objects, 0(0B) LOS objects, 28% free, 40MB/56MB, paused 1.485ms total 50.933ms
08-05 23:00:29.063  5211 23628 I art     : Starting a blocking GC Explicit
08-05 23:00:29.113  5211 23628 I art     : Explicit concurrent mark sweep GC freed 7(224B) AllocSpace objects, 0(0B) LOS objects, 28% free, 40MB/56MB, paused 1.395ms total 48.768ms
08-05 23:00:29.126  5211 23628 I art     : Starting a blocking GC Explicit
08-05 23:00:29.177  5211 23628 I art     : Explicit concurrent mark sweep GC freed 6(192B) AllocSpace objects, 0(0B) LOS objects, 28% free, 40MB/56MB, paused 1.469ms total 50.692ms
08-05 23:00:29.332 22733 22733 I ServiceManager: Waiting for service AtCmdFwd...
08-05 23:00:29.574  5211  5223 I art     : Starting a blocking GC Explicit
08-05 23:00:29.626   518   646 I ThermalEngine: ACTION: GPU - Setting GPU[0] to 510000000
08-05 23:00:29.627  5211  5223 I art     : Explicit concurrent mark sweep GC freed 1470(83KB) AllocSpace objects, 1(20KB) LOS objects, 28% free, 40MB/56MB, paused 1.451ms total 53.024ms
08-05 23:00:29.641  5211  5223 I art     : Starting a blocking GC Explicit
08-05 23:00:29.687  5211  5223 I art     : Explicit concurrent mark sweep GC freed 119(4KB) AllocSpace objects, 0(0B) LOS objects, 28% free, 40MB/56MB, paused 1.339ms total 46.378ms
08-05 23:00:29.698  5211  5223 I art     : Starting a blocking GC Explicit
08-05 23:00:29.737  5211  5223 I art     : Explicit concurrent mark sweep GC freed 12(448B) AllocSpace objects, 0(0B) LOS objects, 28% free, 40MB/56MB, paused 1.200ms total 39.208ms
08-05 23:00:29.748  5211  5223 I art     : Starting a blocking GC Explicit
08-05 23:00:29.790  5211  5223 I art     : Explicit concurrent mark sweep GC freed 60(2816B) AllocSpace objects, 0(0B) LOS objects, 28% free, 40MB/56MB, paused 4.710ms total 42.106ms
08-05 23:00:29.800  5211  5223 I art     : Starting a blocking GC Explicit
08-05 23:00:29.839  5211  5223 I art     : Explicit concurrent mark sweep GC freed 26(2928B) AllocSpace objects, 0(0B) LOS objects, 28% free, 40MB/56MB, paused 1.190ms total 38.581ms
08-05 23:00:30.204  5211  5223 I art     : Starting a blocking GC Explicit
08-05 23:00:30.231  5211 23688 E baseline.com.newsblur.network.APIResponse: Error (unexpected end of stream on https://www.newsblur.com/...) calling https://www.newsblur.com/reader/feed_unread_count?feed_id=0
08-05 23:00:30.231  5211 23688 E baseline.com.newsblur.network.APIResponse: java.io.IOException: unexpected end of stream on https://www.newsblur.com/...
08-05 23:00:30.231  5211 23688 E baseline.com.newsblur.network.APIResponse: 	at okhttp3.internal.http1.Http1ExchangeCodec.readResponseHeaders(Http1ExchangeCodec.java:236)
08-05 23:00:30.231  5211 23688 E baseline.com.newsblur.network.APIResponse: 	at okhttp3.internal.connection.Exchange.readResponseHeaders(Exchange.java:115)
08-05 23:00:30.231  5211 23688 E baseline.com.newsblur.network.APIResponse: 	at okhttp3.internal.http.CallServerInterceptor.intercept(CallServerInterceptor.java:94)
08-05 23:00:30.231  5211 23688 E baseline.com.newsblur.network.APIResponse: 	at okhttp3.internal.http.RealInterceptorChain.proceed(RealInterceptorChain.java:142)
08-05 23:00:30.231  5211 23688 E baseline.com.newsblur.network.APIResponse: 	at okhttp3.internal.connection.ConnectInterceptor.intercept(ConnectInterceptor.java:43)
08-05 23:00:30.231  5211 23688 E baseline.com.newsblur.network.APIResponse: 	at okhttp3.internal.http.RealInterceptorChain.proceed(RealInterceptorChain.java:142)
08-05 23:00:30.231  5211 23688 E baseline.com.newsblur.network.APIResponse: 	at okhttp3.internal.http.RealInterceptorChain.proceed(RealInterceptorChain.java:117)
08-05 23:00:30.231  5211 23688 E baseline.com.newsblur.network.APIResponse: 	at okhttp3.internal.cache.CacheInterceptor.intercept(CacheInterceptor.java:94)
08-05 23:00:30.231  5211 23688 E baseline.com.newsblur.network.APIResponse: 	at okhttp3.internal.http.RealInterceptorChain.proceed(RealInterceptorChain.java:142)
08-05 23:00:30.231  5211 23688 E baseline.com.newsblur.network.APIResponse: 	at okhttp3.internal.http.RealInterceptorChain.proceed(RealInterceptorChain.java:117)
08-05 23:00:30.231  5211 23688 E baseline.com.newsblur.network.APIResponse: 	at okhttp3.internal.http.BridgeInterceptor.intercept(BridgeInterceptor.java:93)
08-05 23:00:30.231  5211 23688 E baseline.com.newsblur.network.APIResponse: 	at okhttp3.internal.http.RealInterceptorChain.proceed(RealInterceptorChain.java:142)
08-05 23:00:30.231  5211 23688 E baseline.com.newsblur.network.APIResponse: 	at okhttp3.internal.http.RetryAndFollowUpInterceptor.intercept(RetryAndFollowUpInterceptor.java:88)
08-05 23:00:30.231  5211 23688 E baseline.com.newsblur.network.APIResponse: 	at okhttp3.internal.http.RealInterceptorChain.proceed(RealInterceptorChain.java:142)
08-05 23:00:30.231  5211 23688 E baseline.com.newsblur.network.APIResponse: 	at okhttp3.internal.http.RealInterceptorChain.proceed(RealInterceptorChain.java:117)
08-05 23:00:30.231  5211 23688 E baseline.com.newsblur.network.APIResponse: 	at okhttp3.RealCall.getResponseWithInterceptorChain(RealCall.java:229)
08-05 23:00:30.231  5211 23688 E baseline.com.newsblur.network.APIResponse: 	at okhttp3.RealCall.execute(RealCall.java:81)
08-05 23:00:30.231  5211 23688 E baseline.com.newsblur.network.APIResponse: 	at baseline.com.newsblur.network.APIResponse.<init>(APIResponse.java:57)
08-05 23:00:30.231  5211 23688 E baseline.com.newsblur.network.APIResponse: 	at baseline.com.newsblur.network.APIManager.get_single(APIManager.java:639)
08-05 23:00:30.231  5211 23688 E baseline.com.newsblur.network.APIResponse: 	at baseline.com.newsblur.network.APIManager.get(APIManager.java:625)
08-05 23:00:30.231  5211 23688 E baseline.com.newsblur.network.APIResponse: 	at baseline.com.newsblur.network.APIManager.get(APIManager.java:667)
08-05 23:00:30.231  5211 23688 E baseline.com.newsblur.network.APIResponse: 	at baseline.com.newsblur.network.APIManager.getFeedUnreadCounts(APIManager.java:274)
08-05 23:00:30.231  5211 23688 E baseline.com.newsblur.network.APIResponse: 	at baseline.com.newsblur.service.NBSyncService.checkRecounts(NBSyncService.java:660)
08-05 23:00:30.231  5211 23688 E baseline.com.newsblur.network.APIResponse: 	at baseline.com.newsblur.service.NBSyncService.doSync(NBSyncService.java:310)
08-05 23:00:30.231  5211 23688 E baseline.com.newsblur.network.APIResponse: 	at baseline.com.newsblur.service.NBSyncService.access$100(NBSyncService.java:67)
08-05 23:00:30.231  5211 23688 E baseline.com.newsblur.network.APIResponse: 	at baseline.com.newsblur.service.NBSyncService$1.run(NBSyncService.java:188)
08-05 23:00:30.231  5211 23688 E baseline.com.newsblur.network.APIResponse: 	at java.util.concurrent.ThreadPoolExecutor.runWorker(ThreadPoolExecutor.java:1113)
08-05 23:00:30.231  5211 23688 E baseline.com.newsblur.network.APIResponse: 	at java.util.concurrent.ThreadPoolExecutor$Worker.run(ThreadPoolExecutor.java:588)
08-05 23:00:30.231  5211 23688 E baseline.com.newsblur.network.APIResponse: 	at java.lang.Thread.run(Thread.java:818)
08-05 23:00:30.231  5211 23688 E baseline.com.newsblur.network.APIResponse: Caused by: java.io.EOFException: \n not found: limit=0 content=
08-05 23:00:30.231  5211 23688 E baseline.com.newsblur.network.APIResponse: 	at okio.RealBufferedSource.readUtf8LineStrict(RealBufferedSource.java:240)
08-05 23:00:30.231  5211 23688 E baseline.com.newsblur.network.APIResponse: 	at okhttp3.internal.http1.Http1ExchangeCodec.readHeaderLine(Http1ExchangeCodec.java:242)
08-05 23:00:30.231  5211 23688 E baseline.com.newsblur.network.APIResponse: 	at okhttp3.internal.http1.Http1ExchangeCodec.readResponseHeaders(Http1ExchangeCodec.java:213)
08-05 23:00:30.231  5211 23688 E baseline.com.newsblur.network.APIResponse: 	... 28 more
08-05 23:00:30.232  5211 23688 W baseline.com.newsblur.service.NBSyncService: Bad response to feed_unread_count
08-05 23:00:30.246  5211  5223 I art     : Explicit concurrent mark sweep GC freed 4255(400KB) AllocSpace objects, 5(100KB) LOS objects, 28% free, 40MB/56MB, paused 1.232ms total 41.145ms
08-05 23:00:30.256  5211  5223 I art     : Starting a blocking GC Explicit
08-05 23:00:30.293  5211  5223 I art     : Explicit concurrent mark sweep GC freed 397(28KB) AllocSpace objects, 0(0B) LOS objects, 28% free, 40MB/56MB, paused 1.119ms total 36.137ms
08-05 23:00:30.303  5211  5223 I art     : Starting a blocking GC Explicit
08-05 23:00:30.332 22733 22733 W Atfwd_Sendcmd: AtCmdFwd service not published, waiting... retryCnt : 1
08-05 23:00:30.341  5211  5223 I art     : Explicit concurrent mark sweep GC freed 40(1488B) AllocSpace objects, 0(0B) LOS objects, 28% free, 40MB/56MB, paused 1.155ms total 38.068ms
08-05 23:00:30.352  5211  5223 I art     : Starting a blocking GC Explicit
08-05 23:00:30.391  5211  5223 I art     : Explicit concurrent mark sweep GC freed 6(192B) AllocSpace objects, 0(0B) LOS objects, 28% free, 40MB/56MB, paused 1.172ms total 38.690ms
08-05 23:00:30.401  5211  5223 I art     : Starting a blocking GC Explicit
08-05 23:00:30.440  5211  5223 I art     : Explicit concurrent mark sweep GC freed 6(192B) AllocSpace objects, 0(0B) LOS objects, 28% free, 40MB/56MB, paused 1.119ms total 38.576ms
08-05 23:00:30.645  5211 23688 I NAPPA_EXPERIMENTATION: MetricNetworkRequestExecutionTime: REQUEST_DURATION_SYSTEM='403',REQUEST_DURATION_OKHTTP='36',REQUEST_SYNCHRONOUS='TRUE',RESPONSE_CODE='200',RESPONSE_METHOD='GET',RESPONSE_LENGTH_OKHTTP='-1',RESPONSE_LENGTH_HEADER='-2',REQUEST_PROTOCOL='http/1.1',REQUEST_URL='https://www.newsblur.com/social/river_stories?order=newest&page=1&read_filter=all',
08-05 23:00:30.645  5211 23688 D MY_TAG  : 0, 403
08-05 23:00:30.668  5211  5211 D baseline.com.newsblur.service.NBSyncService: rejecting request for feedset that is exhaused
08-05 23:00:30.790  5211  5223 I art     : Starting a blocking GC Explicit
08-05 23:00:30.834  5211  5223 I art     : Explicit concurrent mark sweep GC freed 7531(457KB) AllocSpace objects, 7(140KB) LOS objects, 28% free, 40MB/56MB, paused 1.209ms total 43.710ms
08-05 23:00:30.845  5211  5223 I art     : Starting a blocking GC Explicit
08-05 23:00:30.888  5211  5223 I art     : Explicit concurrent mark sweep GC freed 253(11KB) AllocSpace objects, 0(0B) LOS objects, 28% free, 40MB/56MB, paused 1.332ms total 42.663ms
08-05 23:00:30.899  5211  5223 I art     : Starting a blocking GC Explicit
08-05 23:00:30.940  5211  5223 I art     : Explicit concurrent mark sweep GC freed 3(96B) AllocSpace objects, 0(0B) LOS objects, 28% free, 40MB/56MB, paused 1.193ms total 41.315ms
08-05 23:00:30.951  5211  5223 I art     : Starting a blocking GC Explicit
08-05 23:00:30.992  5211  5223 I art     : Explicit concurrent mark sweep GC freed 3(96B) AllocSpace objects, 0(0B) LOS objects, 28% free, 40MB/56MB, paused 1.190ms total 41.403ms
08-05 23:00:31.003  5211  5223 I art     : Starting a blocking GC Explicit
08-05 23:00:31.044  5211  5223 I art     : Explicit concurrent mark sweep GC freed 1641(64KB) AllocSpace objects, 0(0B) LOS objects, 28% free, 40MB/56MB, paused 1.166ms total 40.808ms
08-05 23:00:31.070  5211 23688 E baseline.com.newsblur.network.APIResponse: Error (unexpected end of stream on https://www.newsblur.com/...) calling https://www.newsblur.com/reader/mark_story_hashes_as_read/
08-05 23:00:31.070  5211 23688 E baseline.com.newsblur.network.APIResponse: java.io.IOException: unexpected end of stream on https://www.newsblur.com/...
08-05 23:00:31.070  5211 23688 E baseline.com.newsblur.network.APIResponse: 	at okhttp3.internal.http1.Http1ExchangeCodec.readResponseHeaders(Http1ExchangeCodec.java:236)
08-05 23:00:31.070  5211 23688 E baseline.com.newsblur.network.APIResponse: 	at okhttp3.internal.connection.Exchange.readResponseHeaders(Exchange.java:115)
08-05 23:00:31.070  5211 23688 E baseline.com.newsblur.network.APIResponse: 	at okhttp3.internal.http.CallServerInterceptor.intercept(CallServerInterceptor.java:94)
08-05 23:00:31.070  5211 23688 E baseline.com.newsblur.network.APIResponse: 	at okhttp3.internal.http.RealInterceptorChain.proceed(RealInterceptorChain.java:142)
08-05 23:00:31.070  5211 23688 E baseline.com.newsblur.network.APIResponse: 	at okhttp3.internal.connection.ConnectInterceptor.intercept(ConnectInterceptor.java:43)
08-05 23:00:31.070  5211 23688 E baseline.com.newsblur.network.APIResponse: 	at okhttp3.internal.http.RealInterceptorChain.proceed(RealInterceptorChain.java:142)
08-05 23:00:31.070  5211 23688 E baseline.com.newsblur.network.APIResponse: 	at okhttp3.internal.http.RealInterceptorChain.proceed(RealInterceptorChain.java:117)
08-05 23:00:31.070  5211 23688 E baseline.com.newsblur.network.APIResponse: 	at okhttp3.internal.cache.CacheInterceptor.intercept(CacheInterceptor.java:94)
08-05 23:00:31.070  5211 23688 E baseline.com.newsblur.network.APIResponse: 	at okhttp3.internal.http.RealInterceptorChain.proceed(RealInterceptorChain.java:142)
08-05 23:00:31.070  5211 23688 E baseline.com.newsblur.network.APIResponse: 	at okhttp3.internal.http.RealInterceptorChain.proceed(RealInterceptorChain.java:117)
08-05 23:00:31.070  5211 23688 E baseline.com.newsblur.network.APIResponse: 	at okhttp3.internal.http.BridgeInterceptor.intercept(BridgeInterceptor.java:93)
08-05 23:00:31.070  5211 23688 E baseline.com.newsblur.network.APIResponse: 	at okhttp3.internal.http.RealInterceptorChain.proceed(RealInterceptorChain.java:142)
08-05 23:00:31.070  5211 23688 E baseline.com.newsblur.network.APIResponse: 	at okhttp3.internal.http.RetryAndFollowUpInterceptor.intercept(RetryAndFollowUpInterceptor.java:88)
08-05 23:00:31.070  5211 23688 E baseline.com.newsblur.network.APIResponse: 	at okhttp3.internal.http.RealInterceptorChain.proceed(RealInterceptorChain.java:142)
08-05 23:00:31.070  5211 23688 E baseline.com.newsblur.network.APIResponse: 	at okhttp3.internal.http.RealInterceptorChain.proceed(RealInterceptorChain.java:117)
08-05 23:00:31.070  5211 23688 E baseline.com.newsblur.network.APIResponse: 	at okhttp3.RealCall.getResponseWithInterceptorChain(RealCall.java:229)
08-05 23:00:31.070  5211 23688 E baseline.com.newsblur.network.APIResponse: 	at okhttp3.RealCall.execute(RealCall.java:81)
08-05 23:00:31.070  5211 23688 E baseline.com.newsblur.network.APIResponse: 	at baseline.com.newsblur.network.APIResponse.<init>(APIResponse.java:57)
08-05 23:00:31.070  5211 23688 E baseline.com.newsblur.network.APIResponse: 	at baseline.com.newsblur.network.APIResponse.<init>(APIResponse.java:43)
08-05 23:00:31.070  5211 23688 E baseline.com.newsblur.network.APIResponse: 	at baseline.com.newsblur.network.APIManager.post_single(APIManager.java:702)
08-05 23:00:31.070  5211 23688 E baseline.com.newsblur.network.APIResponse: 	at baseline.com.newsblur.network.APIManager.post(APIManager.java:675)
08-05 23:00:31.070  5211 23688 E baseline.com.newsblur.network.APIResponse: 	at baseline.com.newsblur.network.APIManager.post(APIManager.java:714)
08-05 23:00:31.070  5211 23688 E baseline.com.newsblur.network.APIResponse: 	at baseline.com.newsblur.network.APIManager.markStoryAsRead(APIManager.java:205)
08-05 23:00:31.070  5211 23688 E baseline.com.newsblur.network.APIResponse: 	at baseline.com.newsblur.util.ReadingAction.doRemote(ReadingAction.java:281)
08-05 23:00:31.070  5211 23688 E baseline.com.newsblur.network.APIResponse: 	at baseline.com.newsblur.service.NBSyncService.syncActions(NBSyncService.java:400)
08-05 23:00:31.070  5211 23688 E baseline.com.newsblur.network.APIResponse: 	at baseline.com.newsblur.service.NBSyncService.doSync(NBSyncService.java:298)
08-05 23:00:31.070  5211 23688 E baseline.com.newsblur.network.APIResponse: 	at baseline.com.newsblur.service.NBSyncService.access$100(NBSyncService.java:67)
08-05 23:00:31.070  5211 23688 E baseline.com.newsblur.network.APIResponse: 	at baseline.com.newsblur.service.NBSyncService$1.run(NBSyncService.java:188)
08-05 23:00:31.070  5211 23688 E baseline.com.newsblur.network.APIResponse: 	at java.util.concurrent.ThreadPoolExecutor.runWorker(ThreadPoolExecutor.java:1113)
08-05 23:00:31.070  5211 23688 E baseline.com.newsblur.network.APIResponse: 	at java.util.concurrent.ThreadPoolExecutor$Worker.run(ThreadPoolExecutor.java:588)
08-05 23:00:31.070  5211 23688 E baseline.com.newsblur.network.APIResponse: 	at java.lang.Thread.run(Thread.java:818)
08-05 23:00:31.070  5211 23688 E baseline.com.newsblur.network.APIResponse: Caused by: java.io.EOFException: \n not found: limit=0 content=
08-05 23:00:31.070  5211 23688 E baseline.com.newsblur.network.APIResponse: 	at okio.RealBufferedSource.readUtf8LineStrict(RealBufferedSource.java:240)
08-05 23:00:31.070  5211 23688 E baseline.com.newsblur.network.APIResponse: 	at okhttp3.internal.http1.Http1ExchangeCodec.readHeaderLine(Http1ExchangeCodec.java:242)
08-05 23:00:31.070  5211 23688 E baseline.com.newsblur.network.APIResponse: 	at okhttp3.internal.http1.Http1ExchangeCodec.readResponseHeaders(Http1ExchangeCodec.java:213)
08-05 23:00:31.070  5211 23688 E baseline.com.newsblur.network.APIResponse: 	... 30 more
08-05 23:00:31.071  5211 23688 I baseline.com.newsblur.network.APIManager: API call failed, pausing before retry number 1
08-05 23:00:31.418  5211 23628 I art     : Starting a blocking GC Explicit
08-05 23:00:31.463  5211 23628 I art     : Explicit concurrent mark sweep GC freed 2334(293KB) AllocSpace objects, 3(60KB) LOS objects, 28% free, 40MB/56MB, paused 1.145ms total 44.592ms
08-05 23:00:31.477  5211 23628 I art     : Starting a blocking GC Explicit
08-05 23:00:31.516  5211 23628 I art     : Explicit concurrent mark sweep GC freed 83(3KB) AllocSpace objects, 0(0B) LOS objects, 28% free, 40MB/56MB, paused 1.043ms total 38.624ms
08-05 23:00:31.526  5211 23628 I art     : Starting a blocking GC Explicit
08-05 23:00:31.564  5211 23628 I art     : Explicit concurrent mark sweep GC freed 3(96B) AllocSpace objects, 0(0B) LOS objects, 28% free, 40MB/56MB, paused 1.085ms total 38.299ms
08-05 23:00:31.575  5211 23628 I art     : Starting a blocking GC Explicit
08-05 23:00:31.614  5211 23628 I art     : Explicit concurrent mark sweep GC freed 3(96B) AllocSpace objects, 0(0B) LOS objects, 28% free, 40MB/56MB, paused 1.167ms total 38.636ms
08-05 23:00:31.625  5211 23628 I art     : Starting a blocking GC Explicit
08-05 23:00:31.636   918  1210 D NetlinkSocketObserver: NeighborEvent{elapsedMs=1815035511, 192.168.2.254, [7C3953A63323], RTM_NEWNEIGH, NUD_PROBE}
08-05 23:00:31.663  5211 23628 I art     : Explicit concurrent mark sweep GC freed 3(96B) AllocSpace objects, 0(0B) LOS objects, 28% free, 40MB/56MB, paused 1.156ms total 37.670ms
08-05 23:00:31.949 24446 24446 D AndroidRuntime: >>>>>> START com.android.internal.os.RuntimeInit uid 2000 <<<<<<
08-05 23:00:31.954 24446 24446 D AndroidRuntime: CheckJNI is OFF
08-05 23:00:31.988 24446 24446 D ICU     : No timezone override file found: /data/misc/zoneinfo/current/icu/icu_tzdata.dat
08-05 23:00:31.998  5211 22763 I art     : Starting a blocking GC Explicit
08-05 23:00:32.023 24446 24446 I Radio-JNI: register_android_hardware_Radio DONE
08-05 23:00:32.039  5211 22763 I art     : Explicit concurrent mark sweep GC freed 1444(83KB) AllocSpace objects, 1(20KB) LOS objects, 28% free, 40MB/56MB, paused 1.214ms total 40.835ms
08-05 23:00:32.045 24446 24446 D AndroidRuntime: Calling main entry com.android.commands.input.Input
08-05 23:00:32.047 24446 24446 I Input   : injectMotionEvent: MotionEvent { action=ACTION_DOWN, actionButton=0, id[0]=0, x[0]=436.0, y[0]=453.0, toolType[0]=TOOL_TYPE_UNKNOWN, buttonState=0, metaState=0, flags=0x0, edgeFlags=0x0, pointerCount=1, historySize=0, eventTime=831648460, downTime=831648460, deviceId=0, source=0x1002 }
08-05 23:00:32.050  5211 22763 I art     : Starting a blocking GC Explicit
08-05 23:00:32.054 24446 24446 I Input   : injectMotionEvent: MotionEvent { action=ACTION_UP, actionButton=0, id[0]=0, x[0]=436.0, y[0]=453.0, toolType[0]=TOOL_TYPE_UNKNOWN, buttonState=0, metaState=0, flags=0x0, edgeFlags=0x0, pointerCount=1, historySize=0, eventTime=831648460, downTime=831648460, deviceId=0, source=0x1002 }
08-05 23:00:32.057 24446 24446 D AndroidRuntime: Shutting down VM
08-05 23:00:32.065   512  2967 D audio_hw_primary: out_set_parameters: enter: usecase(1: low-latency-playback) kvpairs: routing=2
08-05 23:00:32.066   918   929 I ActivityManager: START u0 {cmp=baseline.com.newsblur/.activity.AllSharedStoriesReading (has extras)} from uid 10698 on display 0
08-05 23:00:32.078   512  2967 D audio_hw_primary: select_devices: out_snd_device(2: speaker) in_snd_device(0: none)
08-05 23:00:32.078   512  2967 D msm8974_platform: platform_send_audio_calibration: sending audio calibration for snd_device(2) acdb_id(15)
08-05 23:00:32.078   512  2967 I soundtrigger: audio_extn_sound_trigger_update_device_status: device 0x2 of type 0 for Event 1
08-05 23:00:32.090   512  2967 D audio_hw_primary: enable_snd_device: snd_device(2: speaker)
08-05 23:00:32.091  5211 22763 I art     : Explicit concurrent mark sweep GC freed 672(88KB) AllocSpace objects, 1(20KB) LOS objects, 28% free, 40MB/56MB, paused 1.314ms total 41.323ms
08-05 23:00:32.093   512  2967 D audio_hw_primary: enable_audio_route: apply and update mixer path: low-latency-playback speaker
08-05 23:00:32.101  5211 22763 I art     : Starting a blocking GC Explicit
08-05 23:00:32.136  5211 22763 I art     : Explicit concurrent mark sweep GC freed 1141(106KB) AllocSpace objects, 3(488KB) LOS objects, 28% free, 40MB/56MB, paused 1.037ms total 34.479ms
08-05 23:00:32.145  5211 22763 I art     : Starting a blocking GC Explicit
08-05 23:00:32.180  5211 22763 I art     : Explicit concurrent mark sweep GC freed 216(10KB) AllocSpace objects, 0(0B) LOS objects, 28% free, 40MB/56MB, paused 1.037ms total 34.564ms
08-05 23:00:32.190  5211 22763 I art     : Starting a blocking GC Explicit
08-05 23:00:32.228  5211 22763 I art     : Explicit concurrent mark sweep GC freed 155(26KB) AllocSpace objects, 1(20KB) LOS objects, 28% free, 40MB/56MB, paused 1.220ms total 37.795ms
08-05 23:00:32.272   918   936 I ActivityManager: Displayed baseline.com.newsblur/.activity.AllSharedStoriesReading: +197ms
08-05 23:00:32.272 13866 13866 I GoogleInputMethodServic: GoogleInputMethodService.onFinishInput():3138 
08-05 23:00:32.273 13866 13866 I GoogleInputMethodServic: GoogleInputMethodService.onStartInput():1808 
08-05 23:00:32.462   918  3261 D WifiStateMachine: starting scan for "H369AA63323"WPA_PSK with 2412,5180
08-05 23:00:32.480  5211 23368 E chromium: [ERROR:tile_manager.cc(793)] WARNING: tile memory limits exceeded, some content may not draw
08-05 23:00:32.480  5211 23368 E chromium: [ERROR:tile_manager.cc(793)] WARNING: tile memory limits exceeded, some content may not draw
08-05 23:00:32.535  5211  5223 I art     : Starting a blocking GC Explicit
08-05 23:00:32.578  5211  5223 I art     : Explicit concurrent mark sweep GC freed 4422(342KB) AllocSpace objects, 13(296KB) LOS objects, 28% free, 41MB/57MB, paused 1.260ms total 42.805ms
08-05 23:00:32.590  5211  5223 I art     : Starting a blocking GC Explicit
08-05 23:00:32.628   512  2967 D audio_hw_primary: disable_audio_route: reset and update mixer path: low-latency-playback speaker
08-05 23:00:32.630   512  2967 D audio_hw_primary: disable_snd_device: snd_device(2: speaker)
08-05 23:00:32.631  5211  5223 I art     : Explicit concurrent mark sweep GC freed 1156(53KB) AllocSpace objects, 1(28KB) LOS objects, 28% free, 41MB/57MB, paused 1.110ms total 40.862ms
08-05 23:00:32.638   512  2967 I soundtrigger: audio_extn_sound_trigger_update_device_status: device 0x2 of type 0 for Event 0
08-05 23:00:32.641  5211  5223 I art     : Starting a blocking GC Explicit
08-05 23:00:32.685  5211  5223 I art     : Explicit concurrent mark sweep GC freed 207(22KB) AllocSpace objects, 1(20KB) LOS objects, 28% free, 41MB/57MB, paused 1.580ms total 43.749ms
08-05 23:00:32.696  5211  5223 I art     : Starting a blocking GC Explicit
08-05 23:00:32.735  5211  5223 I art     : Explicit concurrent mark sweep GC freed 30(1088B) AllocSpace objects, 0(0B) LOS objects, 28% free, 41MB/57MB, paused 1.204ms total 37.967ms
08-05 23:00:32.745  5211  5223 I art     : Starting a blocking GC Explicit
08-05 23:00:32.784  5211  5223 I art     : Explicit concurrent mark sweep GC freed 3(96B) AllocSpace objects, 0(0B) LOS objects, 28% free, 41MB/57MB, paused 1.023ms total 38.356ms
08-05 23:00:33.089  5211 23688 E baseline.com.newsblur.network.APIResponse: Error (unexpected end of stream on https://www.newsblur.com/...) calling https://www.newsblur.com/reader/mark_story_hashes_as_read/
08-05 23:00:33.089  5211 23688 E baseline.com.newsblur.network.APIResponse: java.io.IOException: unexpected end of stream on https://www.newsblur.com/...
08-05 23:00:33.089  5211 23688 E baseline.com.newsblur.network.APIResponse: 	at okhttp3.internal.http1.Http1ExchangeCodec.readResponseHeaders(Http1ExchangeCodec.java:236)
08-05 23:00:33.089  5211 23688 E baseline.com.newsblur.network.APIResponse: 	at okhttp3.internal.connection.Exchange.readResponseHeaders(Exchange.java:115)
08-05 23:00:33.089  5211 23688 E baseline.com.newsblur.network.APIResponse: 	at okhttp3.internal.http.CallServerInterceptor.intercept(CallServerInterceptor.java:94)
08-05 23:00:33.089  5211 23688 E baseline.com.newsblur.network.APIResponse: 	at okhttp3.internal.http.RealInterceptorChain.proceed(RealInterceptorChain.java:142)
08-05 23:00:33.089  5211 23688 E baseline.com.newsblur.network.APIResponse: 	at okhttp3.internal.connection.ConnectInterceptor.intercept(ConnectInterceptor.java:43)
08-05 23:00:33.089  5211 23688 E baseline.com.newsblur.network.APIResponse: 	at okhttp3.internal.http.RealInterceptorChain.proceed(RealInterceptorChain.java:142)
08-05 23:00:33.089  5211 23688 E baseline.com.newsblur.network.APIResponse: 	at okhttp3.internal.http.RealInterceptorChain.proceed(RealInterceptorChain.java:117)
08-05 23:00:33.089  5211 23688 E baseline.com.newsblur.network.APIResponse: 	at okhttp3.internal.cache.CacheInterceptor.intercept(CacheInterceptor.java:94)
08-05 23:00:33.089  5211 23688 E baseline.com.newsblur.network.APIResponse: 	at okhttp3.internal.http.RealInterceptorChain.proceed(RealInterceptorChain.java:142)
08-05 23:00:33.089  5211 23688 E baseline.com.newsblur.network.APIResponse: 	at okhttp3.internal.http.RealInterceptorChain.proceed(RealInterceptorChain.java:117)
08-05 23:00:33.089  5211 23688 E baseline.com.newsblur.network.APIResponse: 	at okhttp3.internal.http.BridgeInterceptor.intercept(BridgeInterceptor.java:93)
08-05 23:00:33.089  5211 23688 E baseline.com.newsblur.network.APIResponse: 	at okhttp3.internal.http.RealInterceptorChain.proceed(RealInterceptorChain.java:142)
08-05 23:00:33.089  5211 23688 E baseline.com.newsblur.network.APIResponse: 	at okhttp3.internal.http.RetryAndFollowUpInterceptor.intercept(RetryAndFollowUpInterceptor.java:88)
08-05 23:00:33.089  5211 23688 E baseline.com.newsblur.network.APIResponse: 	at okhttp3.internal.http.RealInterceptorChain.proceed(RealInterceptorChain.java:142)
08-05 23:00:33.089  5211 23688 E baseline.com.newsblur.network.APIResponse: 	at okhttp3.internal.http.RealInterceptorChain.proceed(RealInterceptorChain.java:117)
08-05 23:00:33.089  5211 23688 E baseline.com.newsblur.network.APIResponse: 	at okhttp3.RealCall.getResponseWithInterceptorChain(RealCall.java:229)
08-05 23:00:33.089  5211 23688 E baseline.com.newsblur.network.APIResponse: 	at okhttp3.RealCall.execute(RealCall.java:81)
08-05 23:00:33.089  5211 23688 E baseline.com.newsblur.network.APIResponse: 	at baseline.com.newsblur.network.APIResponse.<init>(APIResponse.java:57)
08-05 23:00:33.089  5211 23688 E baseline.com.newsblur.network.APIResponse: 	at baseline.com.newsblur.network.APIResponse.<init>(APIResponse.java:43)
08-05 23:00:33.089  5211 23688 E baseline.com.newsblur.network.APIResponse: 	at baseline.com.newsblur.network.APIManager.post_single(APIManager.java:702)
08-05 23:00:33.089  5211 23688 E baseline.com.newsblur.network.APIResponse: 	at baseline.com.newsblur.network.APIManager.post(APIManager.java:675)
08-05 23:00:33.089  5211 23688 E baseline.com.newsblur.network.APIResponse: 	at baseline.com.newsblur.network.APIManager.post(APIManager.java:714)
08-05 23:00:33.089  5211 23688 E baseline.com.newsblur.network.APIResponse: 	at baseline.com.newsblur.network.APIManager.markStoryAsRead(APIManager.java:205)
08-05 23:00:33.089  5211 23688 E baseline.com.newsblur.network.APIResponse: 	at baseline.com.newsblur.util.ReadingAction.doRemote(ReadingAction.java:281)
08-05 23:00:33.089  5211 23688 E baseline.com.newsblur.network.APIResponse: 	at baseline.com.newsblur.service.NBSyncService.syncActions(NBSyncService.java:400)
08-05 23:00:33.089  5211 23688 E baseline.com.newsblur.network.APIResponse: 	at baseline.com.newsblur.service.NBSyncService.doSync(NBSyncService.java:298)
08-05 23:00:33.089  5211 23688 E baseline.com.newsblur.network.APIResponse: 	at baseline.com.newsblur.service.NBSyncService.access$100(NBSyncService.java:67)
08-05 23:00:33.089  5211 23688 E baseline.com.newsblur.network.APIResponse: 	at baseline.com.newsblur.service.NBSyncService$1.run(NBSyncService.java:188)
08-05 23:00:33.089  5211 23688 E baseline.com.newsblur.network.APIResponse: 	at java.util.concurrent.ThreadPoolExecutor.runWorker(ThreadPoolExecutor.java:1113)
08-05 23:00:33.089  5211 23688 E baseline.com.newsblur.network.APIResponse: 	at java.util.concurrent.ThreadPoolExecutor$Worker.run(ThreadPoolExecutor.java:588)
08-05 23:00:33.089  5211 23688 E baseline.com.newsblur.network.APIResponse: 	at java.lang.Thread.run(Thread.java:818)
08-05 23:00:33.089  5211 23688 E baseline.com.newsblur.network.APIResponse: Caused by: java.io.EOFException: \n not found: limit=0 content=
08-05 23:00:33.089  5211 23688 E baseline.com.newsblur.network.APIResponse: 	at okio.RealBufferedSource.readUtf8LineStrict(RealBufferedSource.java:240)
08-05 23:00:33.089  5211 23688 E baseline.com.newsblur.network.APIResponse: 	at okhttp3.internal.http1.Http1ExchangeCodec.readHeaderLine(Http1ExchangeCodec.java:242)
08-05 23:00:33.089  5211 23688 E baseline.com.newsblur.network.APIResponse: 	at okhttp3.internal.http1.Http1ExchangeCodec.readResponseHeaders(Http1ExchangeCodec.java:213)
08-05 23:00:33.089  5211 23688 E baseline.com.newsblur.network.APIResponse: 	... 30 more
08-05 23:00:33.091  5211 23688 I baseline.com.newsblur.network.APIManager: API call failed, pausing before retry number 2
08-05 23:00:33.128  5211 23628 I art     : Starting a blocking GC Explicit
08-05 23:00:33.175  5211 23628 I art     : Explicit concurrent mark sweep GC freed 3956(357KB) AllocSpace objects, 3(60KB) LOS objects, 28% free, 41MB/57MB, paused 1.176ms total 46.559ms
08-05 23:00:33.186  5211 23628 I art     : Starting a blocking GC Explicit
08-05 23:00:33.230  5211 23628 I art     : Explicit concurrent mark sweep GC freed 120(4KB) AllocSpace objects, 0(0B) LOS objects, 28% free, 41MB/57MB, paused 1.182ms total 43.257ms
08-05 23:00:33.241  5211 23628 I art     : Starting a blocking GC Explicit
08-05 23:00:33.285  5211 23628 I art     : Explicit concurrent mark sweep GC freed 3(96B) AllocSpace objects, 0(0B) LOS objects, 28% free, 41MB/57MB, paused 1.176ms total 43.516ms
08-05 23:00:33.296  5211 23628 I art     : Starting a blocking GC Explicit
08-05 23:00:33.341  5211 23628 I art     : Explicit concurrent mark sweep GC freed 3(96B) AllocSpace objects, 0(0B) LOS objects, 28% free, 41MB/57MB, paused 1.177ms total 44.709ms
08-05 23:00:33.352  5211 23628 I art     : Starting a blocking GC Explicit
08-05 23:00:33.397  5211 23628 I art     : Explicit concurrent mark sweep GC freed 3(96B) AllocSpace objects, 0(0B) LOS objects, 28% free, 41MB/57MB, paused 1.161ms total 44.572ms
08-05 23:00:33.633   518   646 I ThermalEngine: ACTION: GPU - Setting GPU[0] to 450000000
08-05 23:00:33.775  5211 22763 I art     : Starting a blocking GC Explicit
08-05 23:00:33.834  5211 22763 I art     : Explicit concurrent mark sweep GC freed 1506(85KB) AllocSpace objects, 1(20KB) LOS objects, 28% free, 41MB/57MB, paused 1.423ms total 59.128ms
08-05 23:00:33.848  5211 22763 I art     : Starting a blocking GC Explicit
08-05 23:00:33.906  5211 22763 I art     : Explicit concurrent mark sweep GC freed 22(800B) AllocSpace objects, 0(0B) LOS objects, 28% free, 41MB/57MB, paused 1.629ms total 57.775ms
08-05 23:00:33.921  5211 22763 I art     : Starting a blocking GC Explicit
08-05 23:00:33.980  5211 22763 I art     : Explicit concurrent mark sweep GC freed 3(96B) AllocSpace objects, 0(0B) LOS objects, 28% free, 41MB/57MB, paused 1.636ms total 58.163ms
08-05 23:00:33.980  5211  5222 I art     : WaitForGcToComplete blocked for 57.821ms for cause HeapTrim
08-05 23:00:33.994  5211 22763 I art     : Starting a blocking GC Explicit
08-05 23:00:34.054  5211 22763 I art     : Explicit concurrent mark sweep GC freed 3(96B) AllocSpace objects, 0(0B) LOS objects, 28% free, 41MB/57MB, paused 1.515ms total 59.231ms
08-05 23:00:34.073  5211 22763 I art     : Starting a blocking GC Explicit
08-05 23:00:34.131  5211 22763 I art     : Explicit concurrent mark sweep GC freed 3(96B) AllocSpace objects, 0(0B) LOS objects, 28% free, 41MB/57MB, paused 1.594ms total 57.744ms
08-05 23:00:34.523  5211  5224 I art     : Starting a blocking GC Explicit
08-05 23:00:34.585  5211  5224 I art     : Explicit concurrent mark sweep GC freed 1445(83KB) AllocSpace objects, 1(20KB) LOS objects, 28% free, 41MB/57MB, paused 1.755ms total 60.812ms
08-05 23:00:34.599  5211  5224 I art     : Starting a blocking GC Explicit
08-05 23:00:34.660  5211  5224 I art     : Explicit concurrent mark sweep GC freed 22(784B) AllocSpace objects, 0(0B) LOS objects, 28% free, 41MB/57MB, paused 1.555ms total 60.354ms
08-05 23:00:34.674  5211  5224 I art     : Starting a blocking GC Explicit
08-05 23:00:34.735  5211  5224 I art     : Explicit concurrent mark sweep GC freed 3(96B) AllocSpace objects, 0(0B) LOS objects, 28% free, 41MB/57MB, paused 1.493ms total 60.220ms
08-05 23:00:34.749  5211  5224 I art     : Starting a blocking GC Explicit
08-05 23:00:34.808  5211  5224 I art     : Explicit concurrent mark sweep GC freed 3(96B) AllocSpace objects, 0(0B) LOS objects, 28% free, 41MB/57MB, paused 1.681ms total 58.585ms
08-05 23:00:34.823  5211  5224 I art     : Starting a blocking GC Explicit
08-05 23:00:34.883  5211  5224 I art     : Explicit concurrent mark sweep GC freed 3(96B) AllocSpace objects, 0(0B) LOS objects, 28% free, 41MB/57MB, paused 1.580ms total 60.277ms
08-05 23:00:35.280  5211 23628 I art     : Starting a blocking GC Explicit
08-05 23:00:35.333 22733 22733 I ServiceManager: Waiting for service AtCmdFwd...
08-05 23:00:35.339  5211 23628 I art     : Explicit concurrent mark sweep GC freed 1446(83KB) AllocSpace objects, 1(20KB) LOS objects, 28% free, 41MB/57MB, paused 1.586ms total 58.862ms
08-05 23:00:35.353  5211 23628 I art     : Starting a blocking GC Explicit
08-05 23:00:35.412  5211 23628 I art     : Explicit concurrent mark sweep GC freed 22(784B) AllocSpace objects, 0(0B) LOS objects, 28% free, 41MB/57MB, paused 1.575ms total 58.777ms
08-05 23:00:35.427  5211 23628 I art     : Starting a blocking GC Explicit
08-05 23:00:35.484  5211 23628 I art     : Explicit concurrent mark sweep GC freed 3(96B) AllocSpace objects, 0(0B) LOS objects, 28% free, 41MB/57MB, paused 1.627ms total 56.678ms
08-05 23:00:35.498  5211 23628 I art     : Starting a blocking GC Explicit
08-05 23:00:35.558  5211 23628 I art     : Explicit concurrent mark sweep GC freed 3(96B) AllocSpace objects, 0(0B) LOS objects, 28% free, 41MB/57MB, paused 1.582ms total 59.472ms
08-05 23:00:35.574  5211 23628 I art     : Starting a blocking GC Explicit
08-05 23:00:35.632  5211 23628 I art     : Explicit concurrent mark sweep GC freed 3(96B) AllocSpace objects, 0(0B) LOS objects, 28% free, 41MB/57MB, paused 1.575ms total 58.225ms
08-05 23:00:36.029  5211  5223 I art     : Starting a blocking GC Explicit
08-05 23:00:36.089  5211  5223 I art     : Explicit concurrent mark sweep GC freed 1445(83KB) AllocSpace objects, 1(20KB) LOS objects, 28% free, 41MB/57MB, paused 1.668ms total 59.963ms
08-05 23:00:36.103  5211  5223 I art     : Starting a blocking GC Explicit
08-05 23:00:36.161  5211  5223 I art     : Explicit concurrent mark sweep GC freed 178(8KB) AllocSpace objects, 0(0B) LOS objects, 28% free, 41MB/57MB, paused 1.580ms total 57.464ms
08-05 23:00:36.176  5211  5223 I art     : Starting a blocking GC Explicit
08-05 23:00:36.235  5211  5223 I art     : Explicit concurrent mark sweep GC freed 18(1664B) AllocSpace objects, 0(0B) LOS objects, 28% free, 41MB/57MB, paused 1.569ms total 58.504ms
08-05 23:00:36.250  5211  5223 I art     : Starting a blocking GC Explicit
08-05 23:00:36.308  5211  5223 I art     : Explicit concurrent mark sweep GC freed 3(96B) AllocSpace objects, 0(0B) LOS objects, 28% free, 41MB/57MB, paused 1.803ms total 58.587ms
08-05 23:00:36.323  5211  5223 I art     : Starting a blocking GC Explicit
08-05 23:00:36.335 22733 22733 I ServiceManager: Waiting for service AtCmdFwd...
08-05 23:00:36.382  5211  5223 I art     : Explicit concurrent mark sweep GC freed 3(96B) AllocSpace objects, 0(0B) LOS objects, 28% free, 41MB/57MB, paused 1.664ms total 58.514ms
08-05 23:00:36.590  5211 23688 E baseline.com.newsblur.network.APIResponse: Error (unexpected end of stream on https://www.newsblur.com/...) calling https://www.newsblur.com/reader/mark_story_hashes_as_read/
08-05 23:00:36.590  5211 23688 E baseline.com.newsblur.network.APIResponse: java.io.IOException: unexpected end of stream on https://www.newsblur.com/...
08-05 23:00:36.590  5211 23688 E baseline.com.newsblur.network.APIResponse: 	at okhttp3.internal.http1.Http1ExchangeCodec.readResponseHeaders(Http1ExchangeCodec.java:236)
08-05 23:00:36.590  5211 23688 E baseline.com.newsblur.network.APIResponse: 	at okhttp3.internal.connection.Exchange.readResponseHeaders(Exchange.java:115)
08-05 23:00:36.590  5211 23688 E baseline.com.newsblur.network.APIResponse: 	at okhttp3.internal.http.CallServerInterceptor.intercept(CallServerInterceptor.java:94)
08-05 23:00:36.590  5211 23688 E baseline.com.newsblur.network.APIResponse: 	at okhttp3.internal.http.RealInterceptorChain.proceed(RealInterceptorChain.java:142)
08-05 23:00:36.590  5211 23688 E baseline.com.newsblur.network.APIResponse: 	at okhttp3.internal.connection.ConnectInterceptor.intercept(ConnectInterceptor.java:43)
08-05 23:00:36.590  5211 23688 E baseline.com.newsblur.network.APIResponse: 	at okhttp3.internal.http.RealInterceptorChain.proceed(RealInterceptorChain.java:142)
08-05 23:00:36.590  5211 23688 E baseline.com.newsblur.network.APIResponse: 	at okhttp3.internal.http.RealInterceptorChain.proceed(RealInterceptorChain.java:117)
08-05 23:00:36.590  5211 23688 E baseline.com.newsblur.network.APIResponse: 	at okhttp3.internal.cache.CacheInterceptor.intercept(CacheInterceptor.java:94)
08-05 23:00:36.590  5211 23688 E baseline.com.newsblur.network.APIResponse: 	at okhttp3.internal.http.RealInterceptorChain.proceed(RealInterceptorChain.java:142)
08-05 23:00:36.590  5211 23688 E baseline.com.newsblur.network.APIResponse: 	at okhttp3.internal.http.RealInterceptorChain.proceed(RealInterceptorChain.java:117)
08-05 23:00:36.590  5211 23688 E baseline.com.newsblur.network.APIResponse: 	at okhttp3.internal.http.BridgeInterceptor.intercept(BridgeInterceptor.java:93)
08-05 23:00:36.590  5211 23688 E baseline.com.newsblur.network.APIResponse: 	at okhttp3.internal.http.RealInterceptorChain.proceed(RealInterceptorChain.java:142)
08-05 23:00:36.590  5211 23688 E baseline.com.newsblur.network.APIResponse: 	at okhttp3.internal.http.RetryAndFollowUpInterceptor.intercept(RetryAndFollowUpInterceptor.java:88)
08-05 23:00:36.590  5211 23688 E baseline.com.newsblur.network.APIResponse: 	at okhttp3.internal.http.RealInterceptorChain.proceed(RealInterceptorChain.java:142)
08-05 23:00:36.590  5211 23688 E baseline.com.newsblur.network.APIResponse: 	at okhttp3.internal.http.RealInterceptorChain.proceed(RealInterceptorChain.java:117)
08-05 23:00:36.590  5211 23688 E baseline.com.newsblur.network.APIResponse: 	at okhttp3.RealCall.getResponseWithInterceptorChain(RealCall.java:229)
08-05 23:00:36.590  5211 23688 E baseline.com.newsblur.network.APIResponse: 	at okhttp3.RealCall.execute(RealCall.java:81)
08-05 23:00:36.590  5211 23688 E baseline.com.newsblur.network.APIResponse: 	at baseline.com.newsblur.network.APIResponse.<init>(APIResponse.java:57)
08-05 23:00:36.590  5211 23688 E baseline.com.newsblur.network.APIResponse: 	at baseline.com.newsblur.network.APIResponse.<init>(APIResponse.java:43)
08-05 23:00:36.590  5211 23688 E baseline.com.newsblur.network.APIResponse: 	at baseline.com.newsblur.network.APIManager.post_single(APIManager.java:702)
08-05 23:00:36.590  5211 23688 E baseline.com.newsblur.network.APIResponse: 	at baseline.com.newsblur.network.APIManager.post(APIManager.java:675)
08-05 23:00:36.590  5211 23688 E baseline.com.newsblur.network.APIResponse: 	at baseline.com.newsblur.network.APIManager.post(APIManager.java:714)
08-05 23:00:36.590  5211 23688 E baseline.com.newsblur.network.APIResponse: 	at baseline.com.newsblur.network.APIManager.markStoryAsRead(APIManager.java:205)
08-05 23:00:36.590  5211 23688 E baseline.com.newsblur.network.APIResponse: 	at baseline.com.newsblur.util.ReadingAction.doRemote(ReadingAction.java:281)
08-05 23:00:36.590  5211 23688 E baseline.com.newsblur.network.APIResponse: 	at baseline.com.newsblur.service.NBSyncService.syncActions(NBSyncService.java:400)
08-05 23:00:36.590  5211 23688 E baseline.com.newsblur.network.APIResponse: 	at baseline.com.newsblur.service.NBSyncService.doSync(NBSyncService.java:298)
08-05 23:00:36.590  5211 23688 E baseline.com.newsblur.network.APIResponse: 	at baseline.com.newsblur.service.NBSyncService.access$100(NBSyncService.java:67)
08-05 23:00:36.590  5211 23688 E baseline.com.newsblur.network.APIResponse: 	at baseline.com.newsblur.service.NBSyncService$1.run(NBSyncService.java:188)
08-05 23:00:36.590  5211 23688 E baseline.com.newsblur.network.APIResponse: 	at java.util.concurrent.ThreadPoolExecutor.runWorker(ThreadPoolExecutor.java:1113)
08-05 23:00:36.590  5211 23688 E baseline.com.newsblur.network.APIResponse: 	at java.util.concurrent.ThreadPoolExecutor$Worker.run(ThreadPoolExecutor.java:588)
08-05 23:00:36.590  5211 23688 E baseline.com.newsblur.network.APIResponse: 	at java.lang.Thread.run(Thread.java:818)
08-05 23:00:36.590  5211 23688 E baseline.com.newsblur.network.APIResponse: Caused by: java.io.EOFException: \n not found: limit=0 content=
08-05 23:00:36.590  5211 23688 E baseline.com.newsblur.network.APIResponse: 	at okio.RealBufferedSource.readUtf8LineStrict(RealBufferedSource.java:240)
08-05 23:00:36.590  5211 23688 E baseline.com.newsblur.network.APIResponse: 	at okhttp3.internal.http1.Http1ExchangeCodec.readHeaderLine(Http1ExchangeCodec.java:242)
08-05 23:00:36.590  5211 23688 E baseline.com.newsblur.network.APIResponse: 	at okhttp3.internal.http1.Http1ExchangeCodec.readResponseHeaders(Http1ExchangeCodec.java:213)
08-05 23:00:36.590  5211 23688 E baseline.com.newsblur.network.APIResponse: 	... 30 more
08-05 23:00:36.591  5211 23688 I baseline.com.newsblur.service.NBSyncService: Holding reading action with server-side or network error.
08-05 23:00:36.602  5211 23688 W baseline.com.newsblur.service.NBSyncService: hard API failure
08-05 23:00:36.780  5211 22763 I art     : Starting a blocking GC Explicit
08-05 23:00:36.844  5211 22763 I art     : Explicit concurrent mark sweep GC freed 4357(407KB) AllocSpace objects, 5(100KB) LOS objects, 28% free, 41MB/57MB, paused 1.661ms total 62.889ms
08-05 23:00:36.860  5211 22763 I art     : Starting a blocking GC Explicit
08-05 23:00:36.917  5211 22763 I art     : Explicit concurrent mark sweep GC freed 140(5KB) AllocSpace objects, 0(0B) LOS objects, 28% free, 41MB/57MB, paused 1.563ms total 56.359ms
08-05 23:00:36.931  5211 22763 I art     : Starting a blocking GC Explicit
08-05 23:00:36.989  5211 22763 I art     : Explicit concurrent mark sweep GC freed 3(96B) AllocSpace objects, 0(0B) LOS objects, 28% free, 41MB/57MB, paused 1.703ms total 58.389ms
08-05 23:00:37.003  5211 22763 I art     : Starting a blocking GC Explicit
08-05 23:00:37.061  5211 22763 I art     : Explicit concurrent mark sweep GC freed 1597(62KB) AllocSpace objects, 0(0B) LOS objects, 28% free, 41MB/57MB, paused 1.611ms total 57.062ms
08-05 23:00:37.075  5211 22763 I art     : Starting a blocking GC Explicit
08-05 23:00:37.103  5211 23688 E baseline.com.newsblur.network.APIResponse: Error (unexpected end of stream on https://www.newsblur.com/...) calling https://www.newsblur.com/reader/mark_story_hashes_as_read/
08-05 23:00:37.103  5211 23688 E baseline.com.newsblur.network.APIResponse: java.io.IOException: unexpected end of stream on https://www.newsblur.com/...
08-05 23:00:37.103  5211 23688 E baseline.com.newsblur.network.APIResponse: 	at okhttp3.internal.http1.Http1ExchangeCodec.readResponseHeaders(Http1ExchangeCodec.java:236)
08-05 23:00:37.103  5211 23688 E baseline.com.newsblur.network.APIResponse: 	at okhttp3.internal.connection.Exchange.readResponseHeaders(Exchange.java:115)
08-05 23:00:37.103  5211 23688 E baseline.com.newsblur.network.APIResponse: 	at okhttp3.internal.http.CallServerInterceptor.intercept(CallServerInterceptor.java:94)
08-05 23:00:37.103  5211 23688 E baseline.com.newsblur.network.APIResponse: 	at okhttp3.internal.http.RealInterceptorChain.proceed(RealInterceptorChain.java:142)
08-05 23:00:37.103  5211 23688 E baseline.com.newsblur.network.APIResponse: 	at okhttp3.internal.connection.ConnectInterceptor.intercept(ConnectInterceptor.java:43)
08-05 23:00:37.103  5211 23688 E baseline.com.newsblur.network.APIResponse: 	at okhttp3.internal.http.RealInterceptorChain.proceed(RealInterceptorChain.java:142)
08-05 23:00:37.103  5211 23688 E baseline.com.newsblur.network.APIResponse: 	at okhttp3.internal.http.RealInterceptorChain.proceed(RealInterceptorChain.java:117)
08-05 23:00:37.103  5211 23688 E baseline.com.newsblur.network.APIResponse: 	at okhttp3.internal.cache.CacheInterceptor.intercept(CacheInterceptor.java:94)
08-05 23:00:37.103  5211 23688 E baseline.com.newsblur.network.APIResponse: 	at okhttp3.internal.http.RealInterceptorChain.proceed(RealInterceptorChain.java:142)
08-05 23:00:37.103  5211 23688 E baseline.com.newsblur.network.APIResponse: 	at okhttp3.internal.http.RealInterceptorChain.proceed(RealInterceptorChain.java:117)
08-05 23:00:37.103  5211 23688 E baseline.com.newsblur.network.APIResponse: 	at okhttp3.internal.http.BridgeInterceptor.intercept(BridgeInterceptor.java:93)
08-05 23:00:37.103  5211 23688 E baseline.com.newsblur.network.APIResponse: 	at okhttp3.internal.http.RealInterceptorChain.proceed(RealInterceptorChain.java:142)
08-05 23:00:37.103  5211 23688 E baseline.com.newsblur.network.APIResponse: 	at okhttp3.internal.http.RetryAndFollowUpInterceptor.intercept(RetryAndFollowUpInterceptor.java:88)
08-05 23:00:37.103  5211 23688 E baseline.com.newsblur.network.APIResponse: 	at okhttp3.internal.http.RealInterceptorChain.proceed(RealInterceptorChain.java:142)
08-05 23:00:37.103  5211 23688 E baseline.com.newsblur.network.APIResponse: 	at okhttp3.internal.http.RealInterceptorChain.proceed(RealInterceptorChain.java:117)
08-05 23:00:37.103  5211 23688 E baseline.com.newsblur.network.APIResponse: 	at okhttp3.RealCall.getResponseWithInterceptorChain(RealCall.java:229)
08-05 23:00:37.103  5211 23688 E baseline.com.newsblur.network.APIResponse: 	at okhttp3.RealCall.execute(RealCall.java:81)
08-05 23:00:37.103  5211 23688 E baseline.com.newsblur.network.APIResponse: 	at baseline.com.newsblur.network.APIResponse.<init>(APIResponse.java:57)
08-05 23:00:37.103  5211 23688 E baseline.com.newsblur.network.APIResponse: 	at baseline.com.newsblur.network.APIResponse.<init>(APIResponse.java:43)
08-05 23:00:37.103  5211 23688 E baseline.com.newsblur.network.APIResponse: 	at baseline.com.newsblur.network.APIManager.post_single(APIManager.java:702)
08-05 23:00:37.103  5211 23688 E baseline.com.newsblur.network.APIResponse: 	at baseline.com.newsblur.network.APIManager.post(APIManager.java:675)
08-05 23:00:37.103  5211 23688 E baseline.com.newsblur.network.APIResponse: 	at baseline.com.newsblur.network.APIManager.post(APIManager.java:714)
08-05 23:00:37.103  5211 23688 E baseline.com.newsblur.network.APIResponse: 	at baseline.com.newsblur.network.APIManager.markStoryAsRead(APIManager.java:205)
08-05 23:00:37.103  5211 23688 E baseline.com.newsblur.network.APIResponse: 	at baseline.com.newsblur.util.ReadingAction.doRemote(ReadingAction.java:281)
08-05 23:00:37.103  5211 23688 E baseline.com.newsblur.network.APIResponse: 	at baseline.com.newsblur.service.NBSyncService.syncActions(NBSyncService.java:400)
08-05 23:00:37.103  5211 23688 E baseline.com.newsblur.network.APIResponse: 	at baseline.com.newsblur.service.NBSyncService.doSync(NBSyncService.java:298)
08-05 23:00:37.103  5211 23688 E baseline.com.newsblur.network.APIResponse: 	at baseline.com.newsblur.service.NBSyncService.access$100(NBSyncService.java:67)
08-05 23:00:37.103  5211 23688 E baseline.com.newsblur.network.APIResponse: 	at baseline.com.newsblur.service.NBSyncService$1.run(NBSyncService.java:188)
08-05 23:00:37.103  5211 23688 E baseline.com.newsblur.network.APIResponse: 	at java.util.concurrent.ThreadPoolExecutor.runWorker(ThreadPoolExecutor.java:1113)
08-05 23:00:37.103  5211 23688 E baseline.com.newsblur.network.APIResponse: 	at java.util.concurrent.ThreadPoolExecutor$Worker.run(ThreadPoolExecutor.java:588)
08-05 23:00:37.103  5211 23688 E baseline.com.newsblur.network.APIResponse: 	at java.lang.Thread.run(Thread.java:818)
08-05 23:00:37.103  5211 23688 E baseline.com.newsblur.network.APIResponse: Caused by: java.io.EOFException: \n not found: limit=0 content=
08-05 23:00:37.103  5211 23688 E baseline.com.newsblur.network.APIResponse: 	at okio.RealBufferedSource.readUtf8LineStrict(RealBufferedSource.java:240)
08-05 23:00:37.103  5211 23688 E baseline.com.newsblur.network.APIResponse: 	at okhttp3.internal.http1.Http1ExchangeCodec.readHeaderLine(Http1ExchangeCodec.java:242)
08-05 23:00:37.103  5211 23688 E baseline.com.newsblur.network.APIResponse: 	at okhttp3.internal.http1.Http1ExchangeCodec.readResponseHeaders(Http1ExchangeCodec.java:213)
08-05 23:00:37.103  5211 23688 E baseline.com.newsblur.network.APIResponse: 	... 30 more
08-05 23:00:37.105  5211 23688 I baseline.com.newsblur.network.APIManager: API call failed, pausing before retry number 1
08-05 23:00:37.134  5211 22763 I art     : Explicit concurrent mark sweep GC freed 877(198KB) AllocSpace objects, 2(40KB) LOS objects, 28% free, 41MB/57MB, paused 1.654ms total 58.772ms
08-05 23:00:37.335 22733 22733 I ServiceManager: Waiting for service AtCmdFwd...
08-05 23:00:37.532  5211  5224 I art     : Starting a blocking GC Explicit
08-05 23:00:37.593  5211  5224 I art     : Explicit concurrent mark sweep GC freed 1566(99KB) AllocSpace objects, 1(20KB) LOS objects, 28% free, 41MB/57MB, paused 1.598ms total 60.812ms
08-05 23:00:37.608  5211  5224 I art     : Starting a blocking GC Explicit
08-05 23:00:37.640   518   646 I ThermalEngine: ACTION: GPU - Setting GPU[0] to 510000000
08-05 23:00:37.667  5211  5224 I art     : Explicit concurrent mark sweep GC freed 44(1520B) AllocSpace objects, 0(0B) LOS objects, 28% free, 41MB/57MB, paused 1.677ms total 58.684ms
08-05 23:00:37.680  5211  5224 I art     : Starting a blocking GC Explicit
08-05 23:00:37.725  5211  5224 I art     : Explicit concurrent mark sweep GC freed 3(96B) AllocSpace objects, 0(0B) LOS objects, 28% free, 41MB/57MB, paused 1.181ms total 44.305ms
08-05 23:00:37.736  5211  5224 I art     : Starting a blocking GC Explicit
08-05 23:00:37.781  5211  5224 I art     : Explicit concurrent mark sweep GC freed 3(96B) AllocSpace objects, 0(0B) LOS objects, 28% free, 41MB/57MB, paused 1.215ms total 44.921ms
08-05 23:00:37.793  5211  5224 I art     : Starting a blocking GC Explicit
08-05 23:00:37.837  5211  5224 I art     : Explicit concurrent mark sweep GC freed 3(96B) AllocSpace objects, 0(0B) LOS objects, 28% free, 41MB/57MB, paused 1.258ms total 44.213ms
08-05 23:00:38.220  5211 23628 I art     : Starting a blocking GC Explicit
08-05 23:00:38.267  5211 23628 I art     : Explicit concurrent mark sweep GC freed 1443(83KB) AllocSpace objects, 1(20KB) LOS objects, 28% free, 41MB/57MB, paused 1.258ms total 46.575ms
08-05 23:00:38.278  5211 23628 I art     : Starting a blocking GC Explicit
08-05 23:00:38.321  5211 23628 I art     : Explicit concurrent mark sweep GC freed 22(784B) AllocSpace objects, 0(0B) LOS objects, 28% free, 41MB/57MB, paused 1.145ms total 42.631ms
08-05 23:00:38.332  5211 23628 I art     : Starting a blocking GC Explicit
08-05 23:00:38.336 22733 22733 I ServiceManager: Waiting for service AtCmdFwd...
08-05 23:00:38.377  5211 23628 I art     : Explicit concurrent mark sweep GC freed 3(96B) AllocSpace objects, 0(0B) LOS objects, 28% free, 41MB/57MB, paused 1.294ms total 45.522ms
08-05 23:00:38.389  5211 23628 I art     : Starting a blocking GC Explicit
08-05 23:00:38.433  5211 23628 I art     : Explicit concurrent mark sweep GC freed 3(96B) AllocSpace objects, 0(0B) LOS objects, 28% free, 41MB/57MB, paused 1.176ms total 43.764ms
08-05 23:00:38.444  5211 23628 I art     : Starting a blocking GC Explicit
08-05 23:00:38.489  5211 23628 I art     : Explicit concurrent mark sweep GC freed 3(96B) AllocSpace objects, 0(0B) LOS objects, 28% free, 41MB/57MB, paused 1.226ms total 45.095ms
08-05 23:00:38.856  5211  5223 I art     : Starting a blocking GC Explicit
08-05 23:00:38.900  5211  5223 I art     : Explicit concurrent mark sweep GC freed 1608(91KB) AllocSpace objects, 1(20KB) LOS objects, 28% free, 41MB/57MB, paused 1.234ms total 44.369ms
08-05 23:00:38.912  5211  5223 I art     : Starting a blocking GC Explicit
08-05 23:00:38.925  3784  3784 D CallStatisticsService: Post delayed to sync data packages to nv.
08-05 23:00:38.926  3784  3784 D CallStatisticsService: handleMessage PHONE_DATA.
08-05 23:00:38.927  3784  3784 D CallStatisticsService: txTotal(Kb) = 0
08-05 23:00:38.927  3784  3784 D CallStatisticsService: rxTotal(Kb) = 0
08-05 23:00:38.927  3784  3784 E CallStatisticsService: TX And RX Data packages are totally 0, no need to update.
08-05 23:00:38.956  5211  5223 I art     : Explicit concurrent mark sweep GC freed 28(1040B) AllocSpace objects, 0(0B) LOS objects, 28% free, 41MB/57MB, paused 1.207ms total 43.512ms
08-05 23:00:38.967  5211  5223 I art     : Starting a blocking GC Explicit
08-05 23:00:39.011  5211  5223 I art     : Explicit concurrent mark sweep GC freed 3(96B) AllocSpace objects, 0(0B) LOS objects, 28% free, 41MB/57MB, paused 1.118ms total 44.030ms
08-05 23:00:39.022  5211  5223 I art     : Starting a blocking GC Explicit
08-05 23:00:39.067  5211  5223 I art     : Explicit concurrent mark sweep GC freed 3(96B) AllocSpace objects, 0(0B) LOS objects, 28% free, 41MB/57MB, paused 1.285ms total 44.594ms
08-05 23:00:39.068  5211  5222 I art     : WaitForGcToComplete blocked for 13.199ms for cause HeapTrim
08-05 23:00:39.079  5211  5223 I art     : Starting a blocking GC Explicit
08-05 23:00:39.123  5211  5223 I art     : Explicit concurrent mark sweep GC freed 1657(64KB) AllocSpace objects, 0(0B) LOS objects, 28% free, 41MB/57MB, paused 1.230ms total 44.141ms
08-05 23:00:39.152  5211 23688 E baseline.com.newsblur.network.APIResponse: Error (unexpected end of stream on https://www.newsblur.com/...) calling https://www.newsblur.com/reader/mark_story_hashes_as_read/
08-05 23:00:39.152  5211 23688 E baseline.com.newsblur.network.APIResponse: java.io.IOException: unexpected end of stream on https://www.newsblur.com/...
08-05 23:00:39.152  5211 23688 E baseline.com.newsblur.network.APIResponse: 	at okhttp3.internal.http1.Http1ExchangeCodec.readResponseHeaders(Http1ExchangeCodec.java:236)
08-05 23:00:39.152  5211 23688 E baseline.com.newsblur.network.APIResponse: 	at okhttp3.internal.connection.Exchange.readResponseHeaders(Exchange.java:115)
08-05 23:00:39.152  5211 23688 E baseline.com.newsblur.network.APIResponse: 	at okhttp3.internal.http.CallServerInterceptor.intercept(CallServerInterceptor.java:94)
08-05 23:00:39.152  5211 23688 E baseline.com.newsblur.network.APIResponse: 	at okhttp3.internal.http.RealInterceptorChain.proceed(RealInterceptorChain.java:142)
08-05 23:00:39.152  5211 23688 E baseline.com.newsblur.network.APIResponse: 	at okhttp3.internal.connection.ConnectInterceptor.intercept(ConnectInterceptor.java:43)
08-05 23:00:39.152  5211 23688 E baseline.com.newsblur.network.APIResponse: 	at okhttp3.internal.http.RealInterceptorChain.proceed(RealInterceptorChain.java:142)
08-05 23:00:39.152  5211 23688 E baseline.com.newsblur.network.APIResponse: 	at okhttp3.internal.http.RealInterceptorChain.proceed(RealInterceptorChain.java:117)
08-05 23:00:39.152  5211 23688 E baseline.com.newsblur.network.APIResponse: 	at okhttp3.internal.cache.CacheInterceptor.intercept(CacheInterceptor.java:94)
08-05 23:00:39.152  5211 23688 E baseline.com.newsblur.network.APIResponse: 	at okhttp3.internal.http.RealInterceptorChain.proceed(RealInterceptorChain.java:142)
08-05 23:00:39.152  5211 23688 E baseline.com.newsblur.network.APIResponse: 	at okhttp3.internal.http.RealInterceptorChain.proceed(RealInterceptorChain.java:117)
08-05 23:00:39.152  5211 23688 E baseline.com.newsblur.network.APIResponse: 	at okhttp3.internal.http.BridgeInterceptor.intercept(BridgeInterceptor.java:93)
08-05 23:00:39.152  5211 23688 E baseline.com.newsblur.network.APIResponse: 	at okhttp3.internal.http.RealInterceptorChain.proceed(RealInterceptorChain.java:142)
08-05 23:00:39.152  5211 23688 E baseline.com.newsblur.network.APIResponse: 	at okhttp3.internal.http.RetryAndFollowUpInterceptor.intercept(RetryAndFollowUpInterceptor.java:88)
08-05 23:00:39.152  5211 23688 E baseline.com.newsblur.network.APIResponse: 	at okhttp3.internal.http.RealInterceptorChain.proceed(RealInterceptorChain.java:142)
08-05 23:00:39.152  5211 23688 E baseline.com.newsblur.network.APIResponse: 	at okhttp3.internal.http.RealInterceptorChain.proceed(RealInterceptorChain.java:117)
08-05 23:00:39.152  5211 23688 E baseline.com.newsblur.network.APIResponse: 	at okhttp3.RealCall.getResponseWithInterceptorChain(RealCall.java:229)
08-05 23:00:39.152  5211 23688 E baseline.com.newsblur.network.APIResponse: 	at okhttp3.RealCall.execute(RealCall.java:81)
08-05 23:00:39.152  5211 23688 E baseline.com.newsblur.network.APIResponse: 	at baseline.com.newsblur.network.APIResponse.<init>(APIResponse.java:57)
08-05 23:00:39.152  5211 23688 E baseline.com.newsblur.network.APIResponse: 	at baseline.com.newsblur.network.APIResponse.<init>(APIResponse.java:43)
08-05 23:00:39.152  5211 23688 E baseline.com.newsblur.network.APIResponse: 	at baseline.com.newsblur.network.APIManager.post_single(APIManager.java:702)
08-05 23:00:39.152  5211 23688 E baseline.com.newsblur.network.APIResponse: 	at baseline.com.newsblur.network.APIManager.post(APIManager.java:675)
08-05 23:00:39.152  5211 23688 E baseline.com.newsblur.network.APIResponse: 	at baseline.com.newsblur.network.APIManager.post(APIManager.java:714)
08-05 23:00:39.152  5211 23688 E baseline.com.newsblur.network.APIResponse: 	at baseline.com.newsblur.network.APIManager.markStoryAsRead(APIManager.java:205)
08-05 23:00:39.152  5211 23688 E baseline.com.newsblur.network.APIResponse: 	at baseline.com.newsblur.util.ReadingAction.doRemote(ReadingAction.java:281)
08-05 23:00:39.152  5211 23688 E baseline.com.newsblur.network.APIResponse: 	at baseline.com.newsblur.service.NBSyncService.syncActions(NBSyncService.java:400)
08-05 23:00:39.152  5211 23688 E baseline.com.newsblur.network.APIResponse: 	at baseline.com.newsblur.service.NBSyncService.doSync(NBSyncService.java:298)
08-05 23:00:39.152  5211 23688 E baseline.com.newsblur.network.APIResponse: 	at baseline.com.newsblur.service.NBSyncService.access$100(NBSyncService.java:67)
08-05 23:00:39.152  5211 23688 E baseline.com.newsblur.network.APIResponse: 	at baseline.com.newsblur.service.NBSyncService$1.run(NBSyncService.java:188)
08-05 23:00:39.152  5211 23688 E baseline.com.newsblur.network.APIResponse: 	at java.util.concurrent.ThreadPoolExecutor.runWorker(ThreadPoolExecutor.java:1113)
08-05 23:00:39.152  5211 23688 E baseline.com.newsblur.network.APIResponse: 	at java.util.concurrent.ThreadPoolExecutor$Worker.run(ThreadPoolExecutor.java:588)
08-05 23:00:39.152  5211 23688 E baseline.com.newsblur.network.APIResponse: 	at java.lang.Thread.run(Thread.java:818)
08-05 23:00:39.152  5211 23688 E baseline.com.newsblur.network.APIResponse: Caused by: java.io.EOFException: \n not found: limit=0 content=
08-05 23:00:39.152  5211 23688 E baseline.com.newsblur.network.APIResponse: 	at okio.RealBufferedSource.readUtf8LineStrict(RealBufferedSource.java:240)
08-05 23:00:39.152  5211 23688 E baseline.com.newsblur.network.APIResponse: 	at okhttp3.internal.http1.Http1ExchangeCodec.readHeaderLine(Http1ExchangeCodec.java:242)
08-05 23:00:39.152  5211 23688 E baseline.com.newsblur.network.APIResponse: 	at okhttp3.internal.http1.Http1ExchangeCodec.readResponseHeaders(Http1ExchangeCodec.java:213)
08-05 23:00:39.152  5211 23688 E baseline.com.newsblur.network.APIResponse: 	... 30 more
08-05 23:00:39.154  5211 23688 I baseline.com.newsblur.network.APIManager: API call failed, pausing before retry number 2
08-05 23:00:39.338 22733 22733 I ServiceManager: Waiting for service AtCmdFwd...
08-05 23:00:39.497  5211 22763 I art     : Starting a blocking GC Explicit
08-05 23:00:39.543  5211 22763 I art     : Explicit concurrent mark sweep GC freed 2343(294KB) AllocSpace objects, 3(60KB) LOS objects, 28% free, 41MB/57MB, paused 1.183ms total 45.421ms
08-05 23:00:39.554  5211 22763 I art     : Starting a blocking GC Explicit
08-05 23:00:39.599  5211 22763 I art     : Explicit concurrent mark sweep GC freed 77(2976B) AllocSpace objects, 0(0B) LOS objects, 28% free, 41MB/57MB, paused 1.229ms total 45.207ms
08-05 23:00:39.611  5211 22763 I art     : Starting a blocking GC Explicit
08-05 23:00:39.655  5211 22763 I art     : Explicit concurrent mark sweep GC freed 623(33KB) AllocSpace objects, 0(0B) LOS objects, 28% free, 41MB/57MB, paused 1.168ms total 43.584ms
08-05 23:00:39.665  5211 22763 I art     : Starting a blocking GC Explicit
08-05 23:00:39.709  5211 22763 I art     : Explicit concurrent mark sweep GC freed 449(18KB) AllocSpace objects, 0(0B) LOS objects, 28% free, 41MB/57MB, paused 1.247ms total 43.521ms
08-05 23:00:39.720  5211 22763 I art     : Starting a blocking GC Explicit
08-05 23:00:39.763  5211 22763 I art     : Explicit concurrent mark sweep GC freed 815(63KB) AllocSpace objects, 0(0B) LOS objects, 28% free, 40MB/56MB, paused 1.210ms total 42.284ms
08-05 23:00:40.129  5211  5224 I art     : Starting a blocking GC Explicit
08-05 23:00:40.173  5211  5224 I art     : Explicit concurrent mark sweep GC freed 5871(280KB) AllocSpace objects, 1(20KB) LOS objects, 28% free, 41MB/57MB, paused 1.143ms total 44.169ms
08-05 23:00:40.184  5211  5224 I art     : Starting a blocking GC Explicit
08-05 23:00:40.229  5211  5224 I art     : Explicit concurrent mark sweep GC freed 306(23KB) AllocSpace objects, 0(0B) LOS objects, 28% free, 41MB/57MB, paused 1.194ms total 43.879ms
08-05 23:00:40.239  5211  5224 I art     : Starting a blocking GC Explicit
08-05 23:00:40.283  5211  5224 I art     : Explicit concurrent mark sweep GC freed 27(880B) AllocSpace objects, 0(0B) LOS objects, 28% free, 41MB/57MB, paused 1.206ms total 43.668ms
08-05 23:00:40.295  5211  5224 I art     : Starting a blocking GC Explicit
08-05 23:00:40.338 22733 22733 W Atfwd_Sendcmd: AtCmdFwd service not published, waiting... retryCnt : 2
08-05 23:00:40.339  5211  5224 I art     : Explicit concurrent mark sweep GC freed 3(96B) AllocSpace objects, 0(0B) LOS objects, 28% free, 41MB/57MB, paused 1.160ms total 44.178ms
08-05 23:00:40.350  5211  5224 I art     : Starting a blocking GC Explicit
08-05 23:00:40.394  5211  5224 I art     : Explicit concurrent mark sweep GC freed 3(96B) AllocSpace objects, 0(0B) LOS objects, 28% free, 41MB/57MB, paused 1.137ms total 43.820ms
08-05 23:00:40.774  5211 23628 I art     : Starting a blocking GC Explicit
08-05 23:00:40.822  5211 23628 I art     : Explicit concurrent mark sweep GC freed 3417(174KB) AllocSpace objects, 1(20KB) LOS objects, 28% free, 40MB/56MB, paused 1.135ms total 46.834ms
08-05 23:00:40.836  5211 23628 I art     : Starting a blocking GC Explicit
08-05 23:00:40.877  5211 23628 I art     : Explicit concurrent mark sweep GC freed 102(3KB) AllocSpace objects, 0(0B) LOS objects, 28% free, 40MB/56MB, paused 1.165ms total 41.449ms
08-05 23:00:40.888  5211 23628 I art     : Starting a blocking GC Explicit
08-05 23:00:40.931  5211 23628 I art     : Explicit concurrent mark sweep GC freed 3(96B) AllocSpace objects, 0(0B) LOS objects, 28% free, 40MB/56MB, paused 1.109ms total 42.409ms
08-05 23:00:40.942  5211 23628 I art     : Starting a blocking GC Explicit
08-05 23:00:40.984  5211 23628 I art     : Explicit concurrent mark sweep GC freed 3(96B) AllocSpace objects, 0(0B) LOS objects, 28% free, 40MB/56MB, paused 1.086ms total 42.456ms
08-05 23:00:40.995  5211 23628 I art     : Starting a blocking GC Explicit
08-05 23:00:41.037  5211 23628 I art     : Explicit concurrent mark sweep GC freed 3(96B) AllocSpace objects, 0(0B) LOS objects, 28% free, 40MB/56MB, paused 1.183ms total 41.907ms
08-05 23:00:41.397  5211  5223 I art     : Starting a blocking GC Explicit
08-05 23:00:41.443  5211  5223 I art     : Explicit concurrent mark sweep GC freed 1444(83KB) AllocSpace objects, 1(20KB) LOS objects, 28% free, 40MB/56MB, paused 1.149ms total 45.688ms
08-05 23:00:41.457  5211  5223 I art     : Starting a blocking GC Explicit
08-05 23:00:41.499  5211  5223 I art     : Explicit concurrent mark sweep GC freed 22(784B) AllocSpace objects, 0(0B) LOS objects, 28% free, 40MB/56MB, paused 1.109ms total 41.313ms
08-05 23:00:41.509  5211  5223 I art     : Starting a blocking GC Explicit
08-05 23:00:41.551  5211  5223 I art     : Explicit concurrent mark sweep GC freed 3(96B) AllocSpace objects, 0(0B) LOS objects, 28% free, 40MB/56MB, paused 1.117ms total 41.764ms
08-05 23:00:41.562  5211  5223 I art     : Starting a blocking GC Explicit
08-05 23:00:41.605  5211  5223 I art     : Explicit concurrent mark sweep GC freed 3(96B) AllocSpace objects, 0(0B) LOS objects, 28% free, 40MB/56MB, paused 1.105ms total 42.894ms
08-05 23:00:41.616  5211  5223 I art     : Starting a blocking GC Explicit
08-05 23:00:41.658  5211  5223 I art     : Explicit concurrent mark sweep GC freed 3(96B) AllocSpace objects, 0(0B) LOS objects, 28% free, 40MB/56MB, paused 1.211ms total 41.905ms
08-05 23:00:42.038  5211 22763 I art     : Starting a blocking GC Explicit
08-05 23:00:42.084  5211 22763 I art     : Explicit concurrent mark sweep GC freed 1443(83KB) AllocSpace objects, 1(20KB) LOS objects, 28% free, 40MB/56MB, paused 1.166ms total 44.798ms
08-05 23:00:42.097  5211 22763 I art     : Starting a blocking GC Explicit
08-05 23:00:42.139  5211 22763 I art     : Explicit concurrent mark sweep GC freed 22(784B) AllocSpace objects, 0(0B) LOS objects, 28% free, 40MB/56MB, paused 1.156ms total 41.442ms
08-05 23:00:42.150  5211 22763 I art     : Starting a blocking GC Explicit
08-05 23:00:42.193  5211 22763 I art     : Explicit concurrent mark sweep GC freed 94(3KB) AllocSpace objects, 0(0B) LOS objects, 28% free, 41MB/57MB, paused 1.243ms total 42.493ms
08-05 23:00:42.204  5211 22763 I art     : Starting a blocking GC Explicit
08-05 23:00:42.247  5211 22763 I art     : Explicit concurrent mark sweep GC freed 9(352B) AllocSpace objects, 0(0B) LOS objects, 28% free, 40MB/56MB, paused 1.220ms total 42.629ms
08-05 23:00:42.258  5211 22763 I art     : Starting a blocking GC Explicit
08-05 23:00:42.302  5211 22763 I art     : Explicit concurrent mark sweep GC freed 68(4KB) AllocSpace objects, 0(0B) LOS objects, 28% free, 41MB/57MB, paused 1.239ms total 44.224ms
08-05 23:00:42.654  5211  5224 I art     : Starting a blocking GC Explicit
08-05 23:00:42.700  5211  5224 I art     : Explicit concurrent mark sweep GC freed 3106(149KB) AllocSpace objects, 1(20KB) LOS objects, 28% free, 41MB/57MB, paused 1.292ms total 45.843ms
08-05 23:00:42.712  5211  5224 I art     : Starting a blocking GC Explicit
08-05 23:00:42.723  5211 23688 E baseline.com.newsblur.network.APIResponse: Error (unexpected end of stream on https://www.newsblur.com/...) calling https://www.newsblur.com/reader/mark_story_hashes_as_read/
08-05 23:00:42.723  5211 23688 E baseline.com.newsblur.network.APIResponse: java.io.IOException: unexpected end of stream on https://www.newsblur.com/...
08-05 23:00:42.723  5211 23688 E baseline.com.newsblur.network.APIResponse: 	at okhttp3.internal.http1.Http1ExchangeCodec.readResponseHeaders(Http1ExchangeCodec.java:236)
08-05 23:00:42.723  5211 23688 E baseline.com.newsblur.network.APIResponse: 	at okhttp3.internal.connection.Exchange.readResponseHeaders(Exchange.java:115)
08-05 23:00:42.723  5211 23688 E baseline.com.newsblur.network.APIResponse: 	at okhttp3.internal.http.CallServerInterceptor.intercept(CallServerInterceptor.java:94)
08-05 23:00:42.723  5211 23688 E baseline.com.newsblur.network.APIResponse: 	at okhttp3.internal.http.RealInterceptorChain.proceed(RealInterceptorChain.java:142)
08-05 23:00:42.723  5211 23688 E baseline.com.newsblur.network.APIResponse: 	at okhttp3.internal.connection.ConnectInterceptor.intercept(ConnectInterceptor.java:43)
08-05 23:00:42.723  5211 23688 E baseline.com.newsblur.network.APIResponse: 	at okhttp3.internal.http.RealInterceptorChain.proceed(RealInterceptorChain.java:142)
08-05 23:00:42.723  5211 23688 E baseline.com.newsblur.network.APIResponse: 	at okhttp3.internal.http.RealInterceptorChain.proceed(RealInterceptorChain.java:117)
08-05 23:00:42.723  5211 23688 E baseline.com.newsblur.network.APIResponse: 	at okhttp3.internal.cache.CacheInterceptor.intercept(CacheInterceptor.java:94)
08-05 23:00:42.723  5211 23688 E baseline.com.newsblur.network.APIResponse: 	at okhttp3.internal.http.RealInterceptorChain.proceed(RealInterceptorChain.java:142)
08-05 23:00:42.723  5211 23688 E baseline.com.newsblur.network.APIResponse: 	at okhttp3.internal.http.RealInterceptorChain.proceed(RealInterceptorChain.java:117)
08-05 23:00:42.723  5211 23688 E baseline.com.newsblur.network.APIResponse: 	at okhttp3.internal.http.BridgeInterceptor.intercept(BridgeInterceptor.java:93)
08-05 23:00:42.723  5211 23688 E baseline.com.newsblur.network.APIResponse: 	at okhttp3.internal.http.RealInterceptorChain.proceed(RealInterceptorChain.java:142)
08-05 23:00:42.723  5211 23688 E baseline.com.newsblur.network.APIResponse: 	at okhttp3.internal.http.RetryAndFollowUpInterceptor.intercept(RetryAndFollowUpInterceptor.java:88)
08-05 23:00:42.723  5211 23688 E baseline.com.newsblur.network.APIResponse: 	at okhttp3.internal.http.RealInterceptorChain.proceed(RealInterceptorChain.java:142)
08-05 23:00:42.723  5211 23688 E baseline.com.newsblur.network.APIResponse: 	at okhttp3.internal.http.RealInterceptorChain.proceed(RealInterceptorChain.java:117)
08-05 23:00:42.723  5211 23688 E baseline.com.newsblur.network.APIResponse: 	at okhttp3.RealCall.getResponseWithInterceptorChain(RealCall.java:229)
08-05 23:00:42.723  5211 23688 E baseline.com.newsblur.network.APIResponse: 	at okhttp3.RealCall.execute(RealCall.java:81)
08-05 23:00:42.723  5211 23688 E baseline.com.newsblur.network.APIResponse: 	at baseline.com.newsblur.network.APIResponse.<init>(APIResponse.java:57)
08-05 23:00:42.723  5211 23688 E baseline.com.newsblur.network.APIResponse: 	at baseline.com.newsblur.network.APIResponse.<init>(APIResponse.java:43)
08-05 23:00:42.723  5211 23688 E baseline.com.newsblur.network.APIResponse: 	at baseline.com.newsblur.network.APIManager.post_single(APIManager.java:702)
08-05 23:00:42.723  5211 23688 E baseline.com.newsblur.network.APIResponse: 	at baseline.com.newsblur.network.APIManager.post(APIManager.java:675)
08-05 23:00:42.723  5211 23688 E baseline.com.newsblur.network.APIResponse: 	at baseline.com.newsblur.network.APIManager.post(APIManager.java:714)
08-05 23:00:42.723  5211 23688 E baseline.com.newsblur.network.APIResponse: 	at baseline.com.newsblur.network.APIManager.markStoryAsRead(APIManager.java:205)
08-05 23:00:42.723  5211 23688 E baseline.com.newsblur.network.APIResponse: 	at baseline.com.newsblur.util.ReadingAction.doRemote(ReadingAction.java:281)
08-05 23:00:42.723  5211 23688 E baseline.com.newsblur.network.APIResponse: 	at baseline.com.newsblur.service.NBSyncService.syncActions(NBSyncService.java:400)
08-05 23:00:42.723  5211 23688 E baseline.com.newsblur.network.APIResponse: 	at baseline.com.newsblur.service.NBSyncService.doSync(NBSyncService.java:298)
08-05 23:00:42.723  5211 23688 E baseline.com.newsblur.network.APIResponse: 	at baseline.com.newsblur.service.NBSyncService.access$100(NBSyncService.java:67)
08-05 23:00:42.723  5211 23688 E baseline.com.newsblur.network.APIResponse: 	at baseline.com.newsblur.service.NBSyncService$1.run(NBSyncService.java:188)
08-05 23:00:42.723  5211 23688 E baseline.com.newsblur.network.APIResponse: 	at java.util.concurrent.ThreadPoolExecutor.runWorker(ThreadPoolExecutor.java:1113)
08-05 23:00:42.723  5211 23688 E baseline.com.newsblur.network.APIResponse: 	at java.util.concurrent.ThreadPoolExecutor$Worker.run(ThreadPoolExecutor.java:588)
08-05 23:00:42.723  5211 23688 E baseline.com.newsblur.network.APIResponse: 	at java.lang.Thread.run(Thread.java:818)
08-05 23:00:42.723  5211 23688 E baseline.com.newsblur.network.APIResponse: Caused by: java.io.EOFException: \n not found: limit=0 content=
08-05 23:00:42.723  5211 23688 E baseline.com.newsblur.network.APIResponse: 	at okio.RealBufferedSource.readUtf8LineStrict(RealBufferedSource.java:240)
08-05 23:00:42.723  5211 23688 E baseline.com.newsblur.network.APIResponse: 	at okhttp3.internal.http1.Http1ExchangeCodec.readHeaderLine(Http1ExchangeCodec.java:242)
08-05 23:00:42.723  5211 23688 E baseline.com.newsblur.network.APIResponse: 	at okhttp3.internal.http1.Http1ExchangeCodec.readResponseHeaders(Http1ExchangeCodec.java:213)
08-05 23:00:42.723  5211 23688 E baseline.com.newsblur.network.APIResponse: 	... 30 more
08-05 23:00:42.724  5211 23688 I baseline.com.newsblur.service.NBSyncService: Holding reading action with server-side or network error.
08-05 23:00:42.733  5211 23688 W baseline.com.newsblur.service.NBSyncService: hard API failure
08-05 23:00:42.755  5211  5224 I art     : Explicit concurrent mark sweep GC freed 1171(242KB) AllocSpace objects, 4(80KB) LOS objects, 28% free, 41MB/57MB, paused 1.234ms total 42.323ms
08-05 23:00:42.765  5211  5224 I art     : Starting a blocking GC Explicit
08-05 23:00:42.809  5211  5224 I art     : Explicit concurrent mark sweep GC freed 207(21KB) AllocSpace objects, 0(0B) LOS objects, 28% free, 40MB/56MB, paused 1.263ms total 43.556ms
08-05 23:00:42.821  5211  5224 I art     : Starting a blocking GC Explicit
08-05 23:00:42.866  5211  5224 I art     : Explicit concurrent mark sweep GC freed 25(832B) AllocSpace objects, 0(0B) LOS objects, 28% free, 40MB/56MB, paused 1.226ms total 44.853ms
08-05 23:00:42.877  5211  5224 I art     : Starting a blocking GC Explicit
08-05 23:00:42.921  5211  5224 I art     : Explicit concurrent mark sweep GC freed 3(96B) AllocSpace objects, 0(0B) LOS objects, 28% free, 40MB/56MB, paused 1.219ms total 44.293ms
08-05 23:00:43.144  5211 23688 E baseline.com.newsblur.network.APIResponse: Error (unexpected end of stream on https://www.newsblur.com/...) calling https://www.newsblur.com/reader/mark_story_hashes_as_read/
08-05 23:00:43.144  5211 23688 E baseline.com.newsblur.network.APIResponse: java.io.IOException: unexpected end of stream on https://www.newsblur.com/...
08-05 23:00:43.144  5211 23688 E baseline.com.newsblur.network.APIResponse: 	at okhttp3.internal.http1.Http1ExchangeCodec.readResponseHeaders(Http1ExchangeCodec.java:236)
08-05 23:00:43.144  5211 23688 E baseline.com.newsblur.network.APIResponse: 	at okhttp3.internal.connection.Exchange.readResponseHeaders(Exchange.java:115)
08-05 23:00:43.144  5211 23688 E baseline.com.newsblur.network.APIResponse: 	at okhttp3.internal.http.CallServerInterceptor.intercept(CallServerInterceptor.java:94)
08-05 23:00:43.144  5211 23688 E baseline.com.newsblur.network.APIResponse: 	at okhttp3.internal.http.RealInterceptorChain.proceed(RealInterceptorChain.java:142)
08-05 23:00:43.144  5211 23688 E baseline.com.newsblur.network.APIResponse: 	at okhttp3.internal.connection.ConnectInterceptor.intercept(ConnectInterceptor.java:43)
08-05 23:00:43.144  5211 23688 E baseline.com.newsblur.network.APIResponse: 	at okhttp3.internal.http.RealInterceptorChain.proceed(RealInterceptorChain.java:142)
08-05 23:00:43.144  5211 23688 E baseline.com.newsblur.network.APIResponse: 	at okhttp3.internal.http.RealInterceptorChain.proceed(RealInterceptorChain.java:117)
08-05 23:00:43.144  5211 23688 E baseline.com.newsblur.network.APIResponse: 	at okhttp3.internal.cache.CacheInterceptor.intercept(CacheInterceptor.java:94)
08-05 23:00:43.144  5211 23688 E baseline.com.newsblur.network.APIResponse: 	at okhttp3.internal.http.RealInterceptorChain.proceed(RealInterceptorChain.java:142)
08-05 23:00:43.144  5211 23688 E baseline.com.newsblur.network.APIResponse: 	at okhttp3.internal.http.RealInterceptorChain.proceed(RealInterceptorChain.java:117)
08-05 23:00:43.144  5211 23688 E baseline.com.newsblur.network.APIResponse: 	at okhttp3.internal.http.BridgeInterceptor.intercept(BridgeInterceptor.java:93)
08-05 23:00:43.144  5211 23688 E baseline.com.newsblur.network.APIResponse: 	at okhttp3.internal.http.RealInterceptorChain.proceed(RealInterceptorChain.java:142)
08-05 23:00:43.144  5211 23688 E baseline.com.newsblur.network.APIResponse: 	at okhttp3.internal.http.RetryAndFollowUpInterceptor.intercept(RetryAndFollowUpInterceptor.java:88)
08-05 23:00:43.144  5211 23688 E baseline.com.newsblur.network.APIResponse: 	at okhttp3.internal.http.RealInterceptorChain.proceed(RealInterceptorChain.java:142)
08-05 23:00:43.144  5211 23688 E baseline.com.newsblur.network.APIResponse: 	at okhttp3.internal.http.RealInterceptorChain.proceed(RealInterceptorChain.java:117)
08-05 23:00:43.144  5211 23688 E baseline.com.newsblur.network.APIResponse: 	at okhttp3.RealCall.getResponseWithInterceptorChain(RealCall.java:229)
08-05 23:00:43.144  5211 23688 E baseline.com.newsblur.network.APIResponse: 	at okhttp3.RealCall.execute(RealCall.java:81)
08-05 23:00:43.144  5211 23688 E baseline.com.newsblur.network.APIResponse: 	at baseline.com.newsblur.network.APIResponse.<init>(APIResponse.java:57)
08-05 23:00:43.144  5211 23688 E baseline.com.newsblur.network.APIResponse: 	at baseline.com.newsblur.network.APIResponse.<init>(APIResponse.java:43)
08-05 23:00:43.144  5211 23688 E baseline.com.newsblur.network.APIResponse: 	at baseline.com.newsblur.network.APIManager.post_single(APIManager.java:702)
08-05 23:00:43.144  5211 23688 E baseline.com.newsblur.network.APIResponse: 	at baseline.com.newsblur.network.APIManager.post(APIManager.java:675)
08-05 23:00:43.144  5211 23688 E baseline.com.newsblur.network.APIResponse: 	at baseline.com.newsblur.network.APIManager.post(APIManager.java:714)
08-05 23:00:43.144  5211 23688 E baseline.com.newsblur.network.APIResponse: 	at baseline.com.newsblur.network.APIManager.markStoryAsRead(APIManager.java:205)
08-05 23:00:43.144  5211 23688 E baseline.com.newsblur.network.APIResponse: 	at baseline.com.newsblur.util.ReadingAction.doRemote(ReadingAction.java:281)
08-05 23:00:43.144  5211 23688 E baseline.com.newsblur.network.APIResponse: 	at baseline.com.newsblur.service.NBSyncService.syncActions(NBSyncService.java:400)
08-05 23:00:43.144  5211 23688 E baseline.com.newsblur.network.APIResponse: 	at baseline.com.newsblur.service.NBSyncService.doSync(NBSyncService.java:298)
08-05 23:00:43.144  5211 23688 E baseline.com.newsblur.network.APIResponse: 	at baseline.com.newsblur.service.NBSyncService.access$100(NBSyncService.java:67)
08-05 23:00:43.144  5211 23688 E baseline.com.newsblur.network.APIResponse: 	at baseline.com.newsblur.service.NBSyncService$1.run(NBSyncService.java:188)
08-05 23:00:43.144  5211 23688 E baseline.com.newsblur.network.APIResponse: 	at java.util.concurrent.ThreadPoolExecutor.runWorker(ThreadPoolExecutor.java:1113)
08-05 23:00:43.144  5211 23688 E baseline.com.newsblur.network.APIResponse: 	at java.util.concurrent.ThreadPoolExecutor$Worker.run(ThreadPoolExecutor.java:588)
08-05 23:00:43.144  5211 23688 E baseline.com.newsblur.network.APIResponse: 	at java.lang.Thread.run(Thread.java:818)
08-05 23:00:43.144  5211 23688 E baseline.com.newsblur.network.APIResponse: Caused by: java.io.EOFException: \n not found: limit=0 content=
08-05 23:00:43.144  5211 23688 E baseline.com.newsblur.network.APIResponse: 	at okio.RealBufferedSource.readUtf8LineStrict(RealBufferedSource.java:240)
08-05 23:00:43.144  5211 23688 E baseline.com.newsblur.network.APIResponse: 	at okhttp3.internal.http1.Http1ExchangeCodec.readHeaderLine(Http1ExchangeCodec.java:242)
08-05 23:00:43.144  5211 23688 E baseline.com.newsblur.network.APIResponse: 	at okhttp3.internal.http1.Http1ExchangeCodec.readResponseHeaders(Http1ExchangeCodec.java:213)
08-05 23:00:43.144  5211 23688 E baseline.com.newsblur.network.APIResponse: 	... 30 more
08-05 23:00:43.145  5211 23688 I baseline.com.newsblur.network.APIManager: API call failed, pausing before retry number 1
08-05 23:00:43.317  5211 23628 I art     : Starting a blocking GC Explicit
08-05 23:00:43.362  5211 23628 I art     : Explicit concurrent mark sweep GC freed 3954(357KB) AllocSpace objects, 3(60KB) LOS objects, 28% free, 40MB/56MB, paused 1.143ms total 45.057ms
08-05 23:00:43.373  5211 23628 I art     : Starting a blocking GC Explicit
08-05 23:00:43.417  5211 23628 I art     : Explicit concurrent mark sweep GC freed 120(4KB) AllocSpace objects, 0(0B) LOS objects, 28% free, 40MB/56MB, paused 1.185ms total 44.139ms
08-05 23:00:43.429  5211 23628 I art     : Starting a blocking GC Explicit
08-05 23:00:43.474  5211 23628 I art     : Explicit concurrent mark sweep GC freed 3(96B) AllocSpace objects, 0(0B) LOS objects, 28% free, 40MB/56MB, paused 1.146ms total 44.677ms
08-05 23:00:43.485  5211 23628 I art     : Starting a blocking GC Explicit
08-05 23:00:43.530  5211 23628 I art     : Explicit concurrent mark sweep GC freed 3(96B) AllocSpace objects, 0(0B) LOS objects, 28% free, 40MB/56MB, paused 1.166ms total 44.876ms
08-05 23:00:43.541  5211 23628 I art     : Starting a blocking GC Explicit
08-05 23:00:43.585  5211 23628 I art     : Explicit concurrent mark sweep GC freed 3(96B) AllocSpace objects, 0(0B) LOS objects, 28% free, 40MB/56MB, paused 1.127ms total 43.983ms
08-05 23:00:43.956  5211  5223 I art     : Starting a blocking GC Explicit
08-05 23:00:44.003  5211  5223 I art     : Explicit concurrent mark sweep GC freed 1443(83KB) AllocSpace objects, 1(20KB) LOS objects, 28% free, 40MB/56MB, paused 1.174ms total 47ms
08-05 23:00:44.018  5211  5223 I art     : Starting a blocking GC Explicit
08-05 23:00:44.059  5211  5223 I art     : Explicit concurrent mark sweep GC freed 22(784B) AllocSpace objects, 0(0B) LOS objects, 28% free, 40MB/56MB, paused 1.081ms total 41.256ms
08-05 23:00:44.070  5211  5223 I art     : Starting a blocking GC Explicit
08-05 23:00:44.113  5211  5223 I art     : Explicit concurrent mark sweep GC freed 3(96B) AllocSpace objects, 0(0B) LOS objects, 28% free, 40MB/56MB, paused 1.129ms total 42.533ms
08-05 23:00:44.124  5211  5223 I art     : Starting a blocking GC Explicit
08-05 23:00:44.166  5211  5223 I art     : Explicit concurrent mark sweep GC freed 3(96B) AllocSpace objects, 0(0B) LOS objects, 28% free, 40MB/56MB, paused 1.090ms total 41.699ms
08-05 23:00:44.166  5211  5222 I art     : WaitForGcToComplete blocked for 41.949ms for cause HeapTrim
08-05 23:00:44.177  5211  5223 I art     : Starting a blocking GC Explicit
08-05 23:00:44.221  5211  5223 I art     : Explicit concurrent mark sweep GC freed 3(96B) AllocSpace objects, 0(0B) LOS objects, 28% free, 40MB/56MB, paused 1.153ms total 43.635ms
08-05 23:00:44.545  5211 22763 I art     : Starting a blocking GC Explicit
08-05 23:00:44.590  5211 22763 I art     : Explicit concurrent mark sweep GC freed 1443(83KB) AllocSpace objects, 1(20KB) LOS objects, 28% free, 40MB/56MB, paused 1.225ms total 44.166ms
08-05 23:00:44.601  5211 22763 I art     : Starting a blocking GC Explicit
08-05 23:00:44.643  5211 22763 I art     : Explicit concurrent mark sweep GC freed 22(784B) AllocSpace objects, 0(0B) LOS objects, 28% free, 40MB/56MB, paused 1.125ms total 42.316ms
08-05 23:00:44.654  5211 22763 I art     : Starting a blocking GC Explicit
08-05 23:00:44.697  5211 22763 I art     : Explicit concurrent mark sweep GC freed 94(3KB) AllocSpace objects, 0(0B) LOS objects, 28% free, 40MB/56MB, paused 1.211ms total 42.348ms
08-05 23:00:44.707  5211 22763 I art     : Starting a blocking GC Explicit
08-05 23:00:44.749  5211 22763 I art     : Explicit concurrent mark sweep GC freed 74(4KB) AllocSpace objects, 0(0B) LOS objects, 28% free, 40MB/56MB, paused 1.231ms total 41.654ms
08-05 23:00:44.754 24669 24669 D AndroidRuntime: >>>>>> START com.android.internal.os.RuntimeInit uid 2000 <<<<<<
08-05 23:00:44.759 24669 24669 D AndroidRuntime: CheckJNI is OFF
08-05 23:00:44.760  5211 22763 I art     : Starting a blocking GC Explicit
08-05 23:00:44.793 24669 24669 D ICU     : No timezone override file found: /data/misc/zoneinfo/current/icu/icu_tzdata.dat
08-05 23:00:44.803  5211 22763 I art     : Explicit concurrent mark sweep GC freed 12(1408B) AllocSpace objects, 0(0B) LOS objects, 28% free, 40MB/56MB, paused 1.302ms total 42.303ms
08-05 23:00:44.828 24669 24669 I Radio-JNI: register_android_hardware_Radio DONE
08-05 23:00:44.849 24669 24669 D AndroidRuntime: Calling main entry com.android.commands.input.Input
08-05 23:00:44.851 24669 24669 I Input   : injectKeyEvent: KeyEvent { action=ACTION_DOWN, keyCode=KEYCODE_BACK, scanCode=0, metaState=0, flags=0x0, repeatCount=0, eventTime=831661264, downTime=831661264, deviceId=-1, source=0x101 }
08-05 23:00:44.857 24669 24669 I Input   : injectKeyEvent: KeyEvent { action=ACTION_UP, keyCode=KEYCODE_BACK, scanCode=0, metaState=0, flags=0x0, repeatCount=0, eventTime=831661264, downTime=831661264, deviceId=-1, source=0x101 }
08-05 23:00:44.863 24669 24669 D AndroidRuntime: Shutting down VM
08-05 23:00:44.870  5211  5211 D baseline.com.newsblur.service.NBSyncService: rejecting request for feedset that is exhaused
08-05 23:00:45.005  5211  5211 D baseline.com.newsblur.service.NBSyncService: rejecting request for feedset that is exhaused
08-05 23:00:45.007 13866 13866 I GoogleInputMethodServic: GoogleInputMethodService.onFinishInput():3138 
08-05 23:00:45.008 13866 13866 I GoogleInputMethodServic: GoogleInputMethodService.onStartInput():1808 
08-05 23:00:45.110  5211 23628 I art     : Starting a blocking GC Explicit
08-05 23:00:45.152  5211 23628 I art     : Explicit concurrent mark sweep GC freed 4890(324KB) AllocSpace objects, 6(128KB) LOS objects, 28% free, 40MB/56MB, paused 1.181ms total 41.329ms
08-05 23:00:45.162  5211 23628 I art     : Starting a blocking GC Explicit
08-05 23:00:45.176  5211 23688 E baseline.com.newsblur.network.APIResponse: Error (unexpected end of stream on https://www.newsblur.com/...) calling https://www.newsblur.com/reader/mark_story_hashes_as_read/
08-05 23:00:45.176  5211 23688 E baseline.com.newsblur.network.APIResponse: java.io.IOException: unexpected end of stream on https://www.newsblur.com/...
08-05 23:00:45.176  5211 23688 E baseline.com.newsblur.network.APIResponse: 	at okhttp3.internal.http1.Http1ExchangeCodec.readResponseHeaders(Http1ExchangeCodec.java:236)
08-05 23:00:45.176  5211 23688 E baseline.com.newsblur.network.APIResponse: 	at okhttp3.internal.connection.Exchange.readResponseHeaders(Exchange.java:115)
08-05 23:00:45.176  5211 23688 E baseline.com.newsblur.network.APIResponse: 	at okhttp3.internal.http.CallServerInterceptor.intercept(CallServerInterceptor.java:94)
08-05 23:00:45.176  5211 23688 E baseline.com.newsblur.network.APIResponse: 	at okhttp3.internal.http.RealInterceptorChain.proceed(RealInterceptorChain.java:142)
08-05 23:00:45.176  5211 23688 E baseline.com.newsblur.network.APIResponse: 	at okhttp3.internal.connection.ConnectInterceptor.intercept(ConnectInterceptor.java:43)
08-05 23:00:45.176  5211 23688 E baseline.com.newsblur.network.APIResponse: 	at okhttp3.internal.http.RealInterceptorChain.proceed(RealInterceptorChain.java:142)
08-05 23:00:45.176  5211 23688 E baseline.com.newsblur.network.APIResponse: 	at okhttp3.internal.http.RealInterceptorChain.proceed(RealInterceptorChain.java:117)
08-05 23:00:45.176  5211 23688 E baseline.com.newsblur.network.APIResponse: 	at okhttp3.internal.cache.CacheInterceptor.intercept(CacheInterceptor.java:94)
08-05 23:00:45.176  5211 23688 E baseline.com.newsblur.network.APIResponse: 	at okhttp3.internal.http.RealInterceptorChain.proceed(RealInterceptorChain.java:142)
08-05 23:00:45.176  5211 23688 E baseline.com.newsblur.network.APIResponse: 	at okhttp3.internal.http.RealInterceptorChain.proceed(RealInterceptorChain.java:117)
08-05 23:00:45.176  5211 23688 E baseline.com.newsblur.network.APIResponse: 	at okhttp3.internal.http.BridgeInterceptor.intercept(BridgeInterceptor.java:93)
08-05 23:00:45.176  5211 23688 E baseline.com.newsblur.network.APIResponse: 	at okhttp3.internal.http.RealInterceptorChain.proceed(RealInterceptorChain.java:142)
08-05 23:00:45.176  5211 23688 E baseline.com.newsblur.network.APIResponse: 	at okhttp3.internal.http.RetryAndFollowUpInterceptor.intercept(RetryAndFollowUpInterceptor.java:88)
08-05 23:00:45.176  5211 23688 E baseline.com.newsblur.network.APIResponse: 	at okhttp3.internal.http.RealInterceptorChain.proceed(RealInterceptorChain.java:142)
08-05 23:00:45.176  5211 23688 E baseline.com.newsblur.network.APIResponse: 	at okhttp3.internal.http.RealInterceptorChain.proceed(RealInterceptorChain.java:117)
08-05 23:00:45.176  5211 23688 E baseline.com.newsblur.network.APIResponse: 	at okhttp3.RealCall.getResponseWithInterceptorChain(RealCall.java:229)
08-05 23:00:45.176  5211 23688 E baseline.com.newsblur.network.APIResponse: 	at okhttp3.RealCall.execute(RealCall.java:81)
08-05 23:00:45.176  5211 23688 E baseline.com.newsblur.network.APIResponse: 	at baseline.com.newsblur.network.APIResponse.<init>(APIResponse.java:57)
08-05 23:00:45.176  5211 23688 E baseline.com.newsblur.network.APIResponse: 	at baseline.com.newsblur.network.APIResponse.<init>(APIResponse.java:43)
08-05 23:00:45.176  5211 23688 E baseline.com.newsblur.network.APIResponse: 	at baseline.com.newsblur.network.APIManager.post_single(APIManager.java:702)
08-05 23:00:45.176  5211 23688 E baseline.com.newsblur.network.APIResponse: 	at baseline.com.newsblur.network.APIManager.post(APIManager.java:675)
08-05 23:00:45.176  5211 23688 E baseline.com.newsblur.network.APIResponse: 	at baseline.com.newsblur.network.APIManager.post(APIManager.java:714)
08-05 23:00:45.176  5211 23688 E baseline.com.newsblur.network.APIResponse: 	at baseline.com.newsblur.network.APIManager.markStoryAsRead(APIManager.java:205)
08-05 23:00:45.176  5211 23688 E baseline.com.newsblur.network.APIResponse: 	at baseline.com.newsblur.util.ReadingAction.doRemote(ReadingAction.java:281)
08-05 23:00:45.176  5211 23688 E baseline.com.newsblur.network.APIResponse: 	at baseline.com.newsblur.service.NBSyncService.syncActions(NBSyncService.java:400)
08-05 23:00:45.176  5211 23688 E baseline.com.newsblur.network.APIResponse: 	at baseline.com.newsblur.service.NBSyncService.doSync(NBSyncService.java:298)
08-05 23:00:45.176  5211 23688 E baseline.com.newsblur.network.APIResponse: 	at baseline.com.newsblur.service.NBSyncService.access$100(NBSyncService.java:67)
08-05 23:00:45.176  5211 23688 E baseline.com.newsblur.network.APIResponse: 	at baseline.com.newsblur.service.NBSyncService$1.run(NBSyncService.java:188)
08-05 23:00:45.176  5211 23688 E baseline.com.newsblur.network.APIResponse: 	at java.util.concurrent.ThreadPoolExecutor.runWorker(ThreadPoolExecutor.java:1113)
08-05 23:00:45.176  5211 23688 E baseline.com.newsblur.network.APIResponse: 	at java.util.concurrent.ThreadPoolExecutor$Worker.run(ThreadPoolExecutor.java:588)
08-05 23:00:45.176  5211 23688 E baseline.com.newsblur.network.APIResponse: 	at java.lang.Thread.run(Thread.java:818)
08-05 23:00:45.176  5211 23688 E baseline.com.newsblur.network.APIResponse: Caused by: java.io.EOFException: \n not found: limit=0 content=
08-05 23:00:45.176  5211 23688 E baseline.com.newsblur.network.APIResponse: 	at okio.RealBufferedSource.readUtf8LineStrict(RealBufferedSource.java:240)
08-05 23:00:45.176  5211 23688 E baseline.com.newsblur.network.APIResponse: 	at okhttp3.internal.http1.Http1ExchangeCodec.readHeaderLine(Http1ExchangeCodec.java:242)
08-05 23:00:45.176  5211 23688 E baseline.com.newsblur.network.APIResponse: 	at okhttp3.internal.http1.Http1ExchangeCodec.readResponseHeaders(Http1ExchangeCodec.java:213)
08-05 23:00:45.176  5211 23688 E baseline.com.newsblur.network.APIResponse: 	... 30 more
08-05 23:00:45.177  5211 23688 I baseline.com.newsblur.network.APIManager: API call failed, pausing before retry number 2
08-05 23:00:45.209  5211 23628 I art     : Explicit concurrent mark sweep GC freed 991(204KB) AllocSpace objects, 2(40KB) LOS objects, 28% free, 40MB/56MB, paused 1.166ms total 46.720ms
08-05 23:00:45.223  5211 23628 I art     : Starting a blocking GC Explicit
08-05 23:00:45.276  5211 23628 I art     : Explicit concurrent mark sweep GC freed 118(16KB) AllocSpace objects, 0(0B) LOS objects, 28% free, 40MB/56MB, paused 1.150ms total 52.964ms
08-05 23:00:45.291  5211 23628 I art     : Starting a blocking GC Explicit
08-05 23:00:45.342  5211 23628 I art     : Explicit concurrent mark sweep GC freed 409(17KB) AllocSpace objects, 0(0B) LOS objects, 28% free, 40MB/56MB, paused 2.204ms total 50.805ms
08-05 23:00:45.353  5211 23628 I art     : Starting a blocking GC Explicit
08-05 23:00:45.392  5211 23628 I art     : Explicit concurrent mark sweep GC freed 850(42KB) AllocSpace objects, 0(0B) LOS objects, 28% free, 40MB/56MB, paused 1.074ms total 39.594ms
08-05 23:00:45.626   918  1210 D NetlinkSocketObserver: NeighborEvent{elapsedMs=1815049501, 192.168.2.254, [7C3953A63323], RTM_NEWNEIGH, NUD_STALE}
08-05 23:00:45.744  5211 23628 I art     : Starting a blocking GC Explicit
08-05 23:00:45.798  5211 23628 I art     : Explicit concurrent mark sweep GC freed 1621(90KB) AllocSpace objects, 1(20KB) LOS objects, 28% free, 40MB/56MB, paused 1.475ms total 53.483ms
08-05 23:00:45.812  5211 23628 I art     : Starting a blocking GC Explicit
08-05 23:00:45.859  5211 23628 I art     : Explicit concurrent mark sweep GC freed 29(1008B) AllocSpace objects, 0(0B) LOS objects, 28% free, 40MB/56MB, paused 1.174ms total 46.685ms
08-05 23:00:45.871  5211 23628 I art     : Starting a blocking GC Explicit
08-05 23:00:45.918  5211 23628 I art     : Explicit concurrent mark sweep GC freed 10(320B) AllocSpace objects, 0(0B) LOS objects, 28% free, 40MB/56MB, paused 1.458ms total 47.273ms
08-05 23:00:45.930  5211 23628 I art     : Starting a blocking GC Explicit
08-05 23:00:45.977  5211 23628 I art     : Explicit concurrent mark sweep GC freed 9(288B) AllocSpace objects, 0(0B) LOS objects, 28% free, 40MB/56MB, paused 1.160ms total 46.507ms
08-05 23:00:45.990  5211 23628 I art     : Starting a blocking GC Explicit
08-05 23:00:46.038  5211 23628 I art     : Explicit concurrent mark sweep GC freed 11(352B) AllocSpace objects, 0(0B) LOS objects, 28% free, 40MB/56MB, paused 1.502ms total 48.010ms
08-05 23:00:46.374  5211  5224 I art     : Starting a blocking GC Explicit
08-05 23:00:46.421  5211  5224 I art     : Explicit concurrent mark sweep GC freed 1528(86KB) AllocSpace objects, 1(20KB) LOS objects, 28% free, 40MB/56MB, paused 1.559ms total 47.631ms
08-05 23:00:46.433  5211  5224 I art     : Starting a blocking GC Explicit
08-05 23:00:46.478  5211  5224 I art     : Explicit concurrent mark sweep GC freed 23(816B) AllocSpace objects, 0(0B) LOS objects, 28% free, 40MB/56MB, paused 1.222ms total 45.398ms
08-05 23:00:46.489  5211  5224 I art     : Starting a blocking GC Explicit
08-05 23:00:46.519 24714 24714 D AndroidRuntime: >>>>>> START com.android.internal.os.RuntimeInit uid 2000 <<<<<<
08-05 23:00:46.523 24714 24714 D AndroidRuntime: CheckJNI is OFF
08-05 23:00:46.532  5211  5224 I art     : Explicit concurrent mark sweep GC freed 3(96B) AllocSpace objects, 0(0B) LOS objects, 28% free, 40MB/56MB, paused 1.235ms total 42.863ms
08-05 23:00:46.543  5211  5224 I art     : Starting a blocking GC Explicit
08-05 23:00:46.559 24714 24714 D ICU     : No timezone override file found: /data/misc/zoneinfo/current/icu/icu_tzdata.dat
08-05 23:00:46.585  5211  5224 I art     : Explicit concurrent mark sweep GC freed 3(96B) AllocSpace objects, 0(0B) LOS objects, 28% free, 40MB/56MB, paused 1.155ms total 41.766ms
08-05 23:00:46.595 24714 24714 I Radio-JNI: register_android_hardware_Radio DONE
08-05 23:00:46.595  5211  5224 I art     : Starting a blocking GC Explicit
08-05 23:00:46.617 24714 24714 D AndroidRuntime: Calling main entry com.android.commands.input.Input
08-05 23:00:46.619 24714 24714 I Input   : injectMotionEvent: MotionEvent { action=ACTION_DOWN, actionButton=0, id[0]=0, x[0]=435.0, y[0]=858.0, toolType[0]=TOOL_TYPE_UNKNOWN, buttonState=0, metaState=0, flags=0x0, edgeFlags=0x0, pointerCount=1, historySize=0, eventTime=831663031, downTime=831663031, deviceId=0, source=0x1002 }
08-05 23:00:46.626 24714 24714 I Input   : injectMotionEvent: MotionEvent { action=ACTION_UP, actionButton=0, id[0]=0, x[0]=435.0, y[0]=858.0, toolType[0]=TOOL_TYPE_UNKNOWN, buttonState=0, metaState=0, flags=0x0, edgeFlags=0x0, pointerCount=1, historySize=0, eventTime=831663031, downTime=831663031, deviceId=0, source=0x1002 }
08-05 23:00:46.629 24714 24714 D AndroidRuntime: Shutting down VM
08-05 23:00:46.632   512  2967 D audio_hw_primary: out_set_parameters: enter: usecase(1: low-latency-playback) kvpairs: routing=2
08-05 23:00:46.641   918  6112 I ActivityManager: START u0 {cmp=baseline.com.newsblur/.activity.AllSharedStoriesReading (has extras)} from uid 10698 on display 0
08-05 23:00:46.643  5211  5224 I art     : Explicit concurrent mark sweep GC freed 443(64KB) AllocSpace objects, 0(0B) LOS objects, 28% free, 40MB/56MB, paused 1.379ms total 47.602ms
08-05 23:00:46.645   512  2967 D audio_hw_primary: select_devices: out_snd_device(2: speaker) in_snd_device(0: none)
08-05 23:00:46.645   512  2967 D msm8974_platform: platform_send_audio_calibration: sending audio calibration for snd_device(2) acdb_id(15)
08-05 23:00:46.645   512  2967 I soundtrigger: audio_extn_sound_trigger_update_device_status: device 0x2 of type 0 for Event 1
08-05 23:00:46.657   518   646 I ThermalEngine: ACTION: GPU - Setting GPU[0] to 450000000
08-05 23:00:46.657   512  2967 D audio_hw_primary: enable_snd_device: snd_device(2: speaker)
08-05 23:00:46.660   512  2967 D audio_hw_primary: enable_audio_route: apply and update mixer path: low-latency-playback speaker
08-05 23:00:46.916   918   936 I ActivityManager: Displayed baseline.com.newsblur/.activity.AllSharedStoriesReading: +267ms
08-05 23:00:46.916 13866 13866 I GoogleInputMethodServic: GoogleInputMethodService.onFinishInput():3138 
08-05 23:00:46.919 13866 13866 I GoogleInputMethodServic: GoogleInputMethodService.onStartInput():1808 
08-05 23:00:47.013  5211  5224 I art     : Starting a blocking GC Explicit
08-05 23:00:47.076  5211  5224 I art     : Explicit concurrent mark sweep GC freed 5918(476KB) AllocSpace objects, 19(844KB) LOS objects, 27% free, 41MB/57MB, paused 1.522ms total 63.103ms
08-05 23:00:47.091  5211  5224 I art     : Starting a blocking GC Explicit
08-05 23:00:47.143  5211  5224 I art     : Explicit concurrent mark sweep GC freed 1831(130KB) AllocSpace objects, 1(28KB) LOS objects, 27% free, 41MB/57MB, paused 1.589ms total 51.794ms
08-05 23:00:47.159  5211  5224 I art     : Starting a blocking GC Explicit
08-05 23:00:47.199   512  2967 D audio_hw_primary: disable_audio_route: reset and update mixer path: low-latency-playback speaker
08-05 23:00:47.200   512  2967 D audio_hw_primary: disable_snd_device: snd_device(2: speaker)
08-05 23:00:47.206   512  2967 I soundtrigger: audio_extn_sound_trigger_update_device_status: device 0x2 of type 0 for Event 0
08-05 23:00:47.208  5211  5224 I art     : Explicit concurrent mark sweep GC freed 236(9KB) AllocSpace objects, 0(0B) LOS objects, 27% free, 41MB/57MB, paused 1.503ms total 49.215ms
08-05 23:00:47.222  5211  5224 I art     : Starting a blocking GC Explicit
08-05 23:00:47.247  5211 23368 E chromium: [ERROR:tile_manager.cc(793)] WARNING: tile memory limits exceeded, some content may not draw
08-05 23:00:47.247  5211 23368 E chromium: [ERROR:tile_manager.cc(793)] WARNING: tile memory limits exceeded, some content may not draw
08-05 23:00:47.273  5211  5224 I art     : Explicit concurrent mark sweep GC freed 181(35KB) AllocSpace objects, 1(20KB) LOS objects, 27% free, 41MB/57MB, paused 1.501ms total 50.587ms
08-05 23:00:47.287  5211  5224 I art     : Starting a blocking GC Explicit
08-05 23:00:47.339  5211  5224 I art     : Explicit concurrent mark sweep GC freed 39(1488B) AllocSpace objects, 0(0B) LOS objects, 27% free, 41MB/57MB, paused 1.337ms total 51.135ms
08-05 23:00:47.721  5211 22763 I art     : Starting a blocking GC Explicit
08-05 23:00:47.781  5211 22763 I art     : Explicit concurrent mark sweep GC freed 1449(83KB) AllocSpace objects, 1(20KB) LOS objects, 27% free, 41MB/57MB, paused 1.515ms total 59.957ms
08-05 23:00:47.797  5211 22763 I art     : Starting a blocking GC Explicit
08-05 23:00:47.853  5211 22763 I art     : Explicit concurrent mark sweep GC freed 22(784B) AllocSpace objects, 0(0B) LOS objects, 27% free, 41MB/57MB, paused 1.433ms total 55.635ms
08-05 23:00:47.868  5211 22763 I art     : Starting a blocking GC Explicit
08-05 23:00:47.924  5211 22763 I art     : Explicit concurrent mark sweep GC freed 3(96B) AllocSpace objects, 0(0B) LOS objects, 27% free, 41MB/57MB, paused 1.523ms total 56.401ms
08-05 23:00:47.939  5211 22763 I art     : Starting a blocking GC Explicit
08-05 23:00:47.996  5211 22763 I art     : Explicit concurrent mark sweep GC freed 3(96B) AllocSpace objects, 0(0B) LOS objects, 27% free, 41MB/57MB, paused 1.512ms total 57.109ms
08-05 23:00:48.011  5211 22763 I art     : Starting a blocking GC Explicit
08-05 23:00:48.070  5211 22763 I art     : Explicit concurrent mark sweep GC freed 3(96B) AllocSpace objects, 0(0B) LOS objects, 27% free, 41MB/57MB, paused 1.475ms total 58.654ms
08-05 23:00:48.219  5211 23368 E chromium: [ERROR:tile_manager.cc(793)] WARNING: tile memory limits exceeded, some content may not draw
08-05 23:00:48.219  5211 23368 E chromium: [ERROR:tile_manager.cc(793)] WARNING: tile memory limits exceeded, some content may not draw
08-05 23:00:48.233  5211 23368 E chromium: [ERROR:tile_manager.cc(793)] WARNING: tile memory limits exceeded, some content may not draw
08-05 23:00:48.235  5211 23368 E chromium: [ERROR:tile_manager.cc(793)] WARNING: tile memory limits exceeded, some content may not draw
08-05 23:00:48.250  5211 23368 E chromium: [ERROR:tile_manager.cc(793)] WARNING: tile memory limits exceeded, some content may not draw
08-05 23:00:48.250  5211 23368 E chromium: [ERROR:tile_manager.cc(793)] WARNING: tile memory limits exceeded, some content may not draw
08-05 23:00:48.451  5211  5224 I art     : Starting a blocking GC Explicit
08-05 23:00:48.515  5211  5224 I art     : Explicit concurrent mark sweep GC freed 1729(95KB) AllocSpace objects, 1(20KB) LOS objects, 27% free, 41MB/57MB, paused 1.580ms total 63.888ms
08-05 23:00:48.530  5211  5224 I art     : Starting a blocking GC Explicit
08-05 23:00:48.594  5211  5224 I art     : Explicit concurrent mark sweep GC freed 28(1040B) AllocSpace objects, 0(0B) LOS objects, 27% free, 41MB/57MB, paused 1.663ms total 63.210ms
08-05 23:00:48.609  5211  5224 I art     : Starting a blocking GC Explicit
08-05 23:00:48.671  5211  5224 I art     : Explicit concurrent mark sweep GC freed 1693(65KB) AllocSpace objects, 0(0B) LOS objects, 27% free, 41MB/57MB, paused 1.713ms total 61.779ms
08-05 23:00:48.681  5211 23688 E baseline.com.newsblur.network.APIResponse: Error (unexpected end of stream on https://www.newsblur.com/...) calling https://www.newsblur.com/reader/mark_story_hashes_as_read/
08-05 23:00:48.681  5211 23688 E baseline.com.newsblur.network.APIResponse: java.io.IOException: unexpected end of stream on https://www.newsblur.com/...
08-05 23:00:48.681  5211 23688 E baseline.com.newsblur.network.APIResponse: 	at okhttp3.internal.http1.Http1ExchangeCodec.readResponseHeaders(Http1ExchangeCodec.java:236)
08-05 23:00:48.681  5211 23688 E baseline.com.newsblur.network.APIResponse: 	at okhttp3.internal.connection.Exchange.readResponseHeaders(Exchange.java:115)
08-05 23:00:48.681  5211 23688 E baseline.com.newsblur.network.APIResponse: 	at okhttp3.internal.http.CallServerInterceptor.intercept(CallServerInterceptor.java:94)
08-05 23:00:48.681  5211 23688 E baseline.com.newsblur.network.APIResponse: 	at okhttp3.internal.http.RealInterceptorChain.proceed(RealInterceptorChain.java:142)
08-05 23:00:48.681  5211 23688 E baseline.com.newsblur.network.APIResponse: 	at okhttp3.internal.connection.ConnectInterceptor.intercept(ConnectInterceptor.java:43)
08-05 23:00:48.681  5211 23688 E baseline.com.newsblur.network.APIResponse: 	at okhttp3.internal.http.RealInterceptorChain.proceed(RealInterceptorChain.java:142)
08-05 23:00:48.681  5211 23688 E baseline.com.newsblur.network.APIResponse: 	at okhttp3.internal.http.RealInterceptorChain.proceed(RealInterceptorChain.java:117)
08-05 23:00:48.681  5211 23688 E baseline.com.newsblur.network.APIResponse: 	at okhttp3.internal.cache.CacheInterceptor.intercept(CacheInterceptor.java:94)
08-05 23:00:48.681  5211 23688 E baseline.com.newsblur.network.APIResponse: 	at okhttp3.internal.http.RealInterceptorChain.proceed(RealInterceptorChain.java:142)
08-05 23:00:48.681  5211 23688 E baseline.com.newsblur.network.APIResponse: 	at okhttp3.internal.http.RealInterceptorChain.proceed(RealInterceptorChain.java:117)
08-05 23:00:48.681  5211 23688 E baseline.com.newsblur.network.APIResponse: 	at okhttp3.internal.http.BridgeInterceptor.intercept(BridgeInterceptor.java:93)
08-05 23:00:48.681  5211 23688 E baseline.com.newsblur.network.APIResponse: 	at okhttp3.internal.http.RealInterceptorChain.proceed(RealInterceptorChain.java:142)
08-05 23:00:48.681  5211 23688 E baseline.com.newsblur.network.APIResponse: 	at okhttp3.internal.http.RetryAndFollowUpInterceptor.intercept(RetryAndFollowUpInterceptor.java:88)
08-05 23:00:48.681  5211 23688 E baseline.com.newsblur.network.APIResponse: 	at okhttp3.internal.http.RealInterceptorChain.proceed(RealInterceptorChain.java:142)
08-05 23:00:48.681  5211 23688 E baseline.com.newsblur.network.APIResponse: 	at okhttp3.internal.http.RealInterceptorChain.proceed(RealInterceptorChain.java:117)
08-05 23:00:48.681  5211 23688 E baseline.com.newsblur.network.APIResponse: 	at okhttp3.RealCall.getResponseWithInterceptorChain(RealCall.java:229)
08-05 23:00:48.681  5211 23688 E baseline.com.newsblur.network.APIResponse: 	at okhttp3.RealCall.execute(RealCall.java:81)
08-05 23:00:48.681  5211 23688 E baseline.com.newsblur.network.APIResponse: 	at baseline.com.newsblur.network.APIResponse.<init>(APIResponse.java:57)
08-05 23:00:48.681  5211 23688 E baseline.com.newsblur.network.APIResponse: 	at baseline.com.newsblur.network.APIResponse.<init>(APIResponse.java:43)
08-05 23:00:48.681  5211 23688 E baseline.com.newsblur.network.APIResponse: 	at baseline.com.newsblur.network.APIManager.post_single(APIManager.java:702)
08-05 23:00:48.681  5211 23688 E baseline.com.newsblur.network.APIResponse: 	at baseline.com.newsblur.network.APIManager.post(APIManager.java:675)
08-05 23:00:48.681  5211 23688 E baseline.com.newsblur.network.APIResponse: 	at baseline.com.newsblur.network.APIManager.post(APIManager.java:714)
08-05 23:00:48.681  5211 23688 E baseline.com.newsblur.network.APIResponse: 	at baseline.com.newsblur.network.APIManager.markStoryAsRead(APIManager.java:205)
08-05 23:00:48.681  5211 23688 E baseline.com.newsblur.network.APIResponse: 	at baseline.com.newsblur.util.ReadingAction.doRemote(ReadingAction.java:281)
08-05 23:00:48.681  5211 23688 E baseline.com.newsblur.network.APIResponse: 	at baseline.com.newsblur.service.NBSyncService.syncActions(NBSyncService.java:400)
08-05 23:00:48.681  5211 23688 E baseline.com.newsblur.network.APIResponse: 	at baseline.com.newsblur.service.NBSyncService.doSync(NBSyncService.java:298)
08-05 23:00:48.681  5211 23688 E baseline.com.newsblur.network.APIResponse: 	at baseline.com.newsblur.service.NBSyncService.access$100(NBSyncService.java:67)
08-05 23:00:48.681  5211 23688 E baseline.com.newsblur.network.APIResponse: 	at baseline.com.newsblur.service.NBSyncService$1.run(NBSyncService.java:188)
08-05 23:00:48.681  5211 23688 E baseline.com.newsblur.network.APIResponse: 	at java.util.concurrent.ThreadPoolExecutor.runWorker(ThreadPoolExecutor.java:1113)
08-05 23:00:48.681  5211 23688 E baseline.com.newsblur.network.APIResponse: 	at java.util.concurrent.ThreadPoolExecutor$Worker.run(ThreadPoolExecutor.java:588)
08-05 23:00:48.681  5211 23688 E baseline.com.newsblur.network.APIResponse: 	at java.lang.Thread.run(Thread.java:818)
08-05 23:00:48.681  5211 23688 E baseline.com.newsblur.network.APIResponse: Caused by: java.io.EOFException: \n not found: limit=0 content=
08-05 23:00:48.681  5211 23688 E baseline.com.newsblur.network.APIResponse: 	at okio.RealBufferedSource.readUtf8LineStrict(RealBufferedSource.java:240)
08-05 23:00:48.681  5211 23688 E baseline.com.newsblur.network.APIResponse: 	at okhttp3.internal.http1.Http1ExchangeCodec.readHeaderLine(Http1ExchangeCodec.java:242)
08-05 23:00:48.681  5211 23688 E baseline.com.newsblur.network.APIResponse: 	at okhttp3.internal.http1.Http1ExchangeCodec.readResponseHeaders(Http1ExchangeCodec.java:213)
08-05 23:00:48.681  5211 23688 E baseline.com.newsblur.network.APIResponse: 	... 30 more
08-05 23:00:48.683  5211 23688 I baseline.com.newsblur.service.NBSyncService: Holding reading action with server-side or network error.
08-05 23:00:48.686  5211  5224 I art     : Starting a blocking GC Explicit
08-05 23:00:48.695  5211 23688 W baseline.com.newsblur.service.NBSyncService: hard API failure
08-05 23:00:48.747  5211  5224 I art     : Explicit concurrent mark sweep GC freed 1842(425KB) AllocSpace objects, 16(320KB) LOS objects, 27% free, 41MB/57MB, paused 1.533ms total 61.033ms
08-05 23:00:48.762  5211  5224 I art     : Starting a blocking GC Explicit
08-05 23:00:48.824  5211  5224 I art     : Explicit concurrent mark sweep GC freed 202(8KB) AllocSpace objects, 0(0B) LOS objects, 27% free, 41MB/57MB, paused 1.454ms total 62.234ms
08-05 23:00:49.234  5211 23628 I art     : Starting a blocking GC Explicit
08-05 23:00:49.297  5211 23628 I art     : Explicit concurrent mark sweep GC freed 1930(100KB) AllocSpace objects, 1(20KB) LOS objects, 27% free, 41MB/57MB, paused 1.550ms total 63.011ms
08-05 23:00:49.312  5211 23628 I art     : Starting a blocking GC Explicit
08-05 23:00:49.376  5211 23628 I art     : Explicit concurrent mark sweep GC freed 20(704B) AllocSpace objects, 0(0B) LOS objects, 27% free, 41MB/57MB, paused 1.409ms total 63.136ms
08-05 23:00:49.394  5211 23628 I art     : Starting a blocking GC Explicit
08-05 23:00:49.455  5211 23628 I art     : Explicit concurrent mark sweep GC freed 3(96B) AllocSpace objects, 0(0B) LOS objects, 27% free, 41MB/57MB, paused 1.479ms total 60.612ms
08-05 23:00:49.469  5211 23628 I art     : Starting a blocking GC Explicit
08-05 23:00:49.529  5211 23628 I art     : Explicit concurrent mark sweep GC freed 3(96B) AllocSpace objects, 0(0B) LOS objects, 27% free, 41MB/57MB, paused 1.354ms total 59.487ms
08-05 23:00:49.544  5211 23628 I art     : Starting a blocking GC Explicit
08-05 23:00:49.607  5211 23628 I art     : Explicit concurrent mark sweep GC freed 3(96B) AllocSpace objects, 0(0B) LOS objects, 27% free, 41MB/57MB, paused 1.506ms total 62.948ms
08-05 23:00:50.024  5211 22763 I art     : Starting a blocking GC Explicit
08-05 23:00:50.089  5211 22763 I art     : Explicit concurrent mark sweep GC freed 1406(81KB) AllocSpace objects, 1(20KB) LOS objects, 27% free, 41MB/57MB, paused 1.640ms total 64.766ms
08-05 23:00:50.106  5211 22763 I art     : Starting a blocking GC Explicit
08-05 23:00:50.163  5211 22763 I art     : Explicit concurrent mark sweep GC freed 20(704B) AllocSpace objects, 0(0B) LOS objects, 27% free, 41MB/57MB, paused 1.464ms total 56.593ms
08-05 23:00:50.177  5211 22763 I art     : Starting a blocking GC Explicit
08-05 23:00:50.239  5211 22763 I art     : Explicit concurrent mark sweep GC freed 3(96B) AllocSpace objects, 0(0B) LOS objects, 27% free, 41MB/57MB, paused 1.471ms total 61.191ms
08-05 23:00:50.253  5211 22763 I art     : Starting a blocking GC Explicit
08-05 23:00:50.314  5211 22763 I art     : Explicit concurrent mark sweep GC freed 3(96B) AllocSpace objects, 0(0B) LOS objects, 27% free, 41MB/57MB, paused 1.571ms total 60.209ms
08-05 23:00:50.329  5211 22763 I art     : Starting a blocking GC Explicit
08-05 23:00:50.339 22733 22733 I ServiceManager: Waiting for service AtCmdFwd...
08-05 23:00:50.391  5211 22763 I art     : Explicit concurrent mark sweep GC freed 3(96B) AllocSpace objects, 0(0B) LOS objects, 27% free, 41MB/57MB, paused 1.438ms total 61.429ms
08-05 23:00:50.821  5211  5223 I art     : Starting a blocking GC Explicit
08-05 23:00:50.885  5211  5223 I art     : Explicit concurrent mark sweep GC freed 1405(81KB) AllocSpace objects, 1(20KB) LOS objects, 27% free, 41MB/57MB, paused 1.374ms total 62.810ms
08-05 23:00:50.900  5211  5223 I art     : Starting a blocking GC Explicit
08-05 23:00:50.950  5211  5223 I art     : Explicit concurrent mark sweep GC freed 20(704B) AllocSpace objects, 0(0B) LOS objects, 27% free, 41MB/57MB, paused 1.443ms total 50.280ms
08-05 23:00:50.964  5211  5223 I art     : Starting a blocking GC Explicit
08-05 23:00:51.019  5211  5223 I art     : Explicit concurrent mark sweep GC freed 3(96B) AllocSpace objects, 0(0B) LOS objects, 27% free, 41MB/57MB, paused 1.491ms total 54.883ms
08-05 23:00:51.034  5211  5223 I art     : Starting a blocking GC Explicit
08-05 23:00:51.095  5211  5223 I art     : Explicit concurrent mark sweep GC freed 3(96B) AllocSpace objects, 0(0B) LOS objects, 27% free, 41MB/57MB, paused 1.517ms total 60.930ms
08-05 23:00:51.110  5211  5223 I art     : Starting a blocking GC Explicit
08-05 23:00:51.169  5211  5223 I art     : Explicit concurrent mark sweep GC freed 3(96B) AllocSpace objects, 0(0B) LOS objects, 27% free, 41MB/57MB, paused 1.614ms total 58.658ms
08-05 23:00:51.341 22733 22733 I ServiceManager: Waiting for service AtCmdFwd...
08-05 23:00:51.420 24808 24808 D AndroidRuntime: >>>>>> START com.android.internal.os.RuntimeInit uid 2000 <<<<<<
08-05 23:00:51.427 24808 24808 D AndroidRuntime: CheckJNI is OFF
08-05 23:00:51.469 24808 24808 D ICU     : No timezone override file found: /data/misc/zoneinfo/current/icu/icu_tzdata.dat
08-05 23:00:51.512 24808 24808 I Radio-JNI: register_android_hardware_Radio DONE
08-05 23:00:51.541 24808 24808 D AndroidRuntime: Calling main entry com.android.commands.input.Input
08-05 23:00:51.543 24808 24808 I Input   : injectKeyEvent: KeyEvent { action=ACTION_DOWN, keyCode=KEYCODE_BACK, scanCode=0, metaState=0, flags=0x0, repeatCount=0, eventTime=831667956, downTime=831667956, deviceId=-1, source=0x101 }
08-05 23:00:51.549 24808 24808 I Input   : injectKeyEvent: KeyEvent { action=ACTION_UP, keyCode=KEYCODE_BACK, scanCode=0, metaState=0, flags=0x0, repeatCount=0, eventTime=831667956, downTime=831667956, deviceId=-1, source=0x101 }
08-05 23:00:51.556 24808 24808 D AndroidRuntime: Shutting down VM
08-05 23:00:51.570  5211  5223 I art     : Starting a blocking GC Explicit
08-05 23:00:51.571  5211  5211 D baseline.com.newsblur.service.NBSyncService: rejecting request for feedset that is exhaused
08-05 23:00:51.623  5211  5223 I art     : Explicit concurrent mark sweep GC freed 1625(119KB) AllocSpace objects, 3(60KB) LOS objects, 27% free, 41MB/57MB, paused 1.431ms total 51.869ms
08-05 23:00:51.637  5211  5223 I art     : Starting a blocking GC Explicit
08-05 23:00:51.694  5211  5223 I art     : Explicit concurrent mark sweep GC freed 65(2848B) AllocSpace objects, 0(0B) LOS objects, 27% free, 41MB/57MB, paused 1.485ms total 56.781ms
08-05 23:00:51.708  5211  5223 I art     : Starting a blocking GC Explicit
08-05 23:00:51.754  5211  5211 D baseline.com.newsblur.service.NBSyncService: rejecting request for feedset that is exhaused
08-05 23:00:51.756 13866 13866 I GoogleInputMethodServic: GoogleInputMethodService.onFinishInput():3138 
08-05 23:00:51.756 13866 13866 I GoogleInputMethodServic: GoogleInputMethodService.onStartInput():1808 
08-05 23:00:51.765  5211  5223 I art     : Explicit concurrent mark sweep GC freed 759(69KB) AllocSpace objects, 2(40KB) LOS objects, 27% free, 41MB/57MB, paused 1.744ms total 56.587ms
08-05 23:00:51.781  5211  5223 I art     : Starting a blocking GC Explicit
08-05 23:00:51.836  5211  5223 I art     : Explicit concurrent mark sweep GC freed 482(37KB) AllocSpace objects, 0(0B) LOS objects, 27% free, 41MB/57MB, paused 1.349ms total 54.417ms
08-05 23:00:51.850  5211  5223 I art     : Starting a blocking GC Explicit
08-05 23:00:51.901  5211  5223 I art     : Explicit concurrent mark sweep GC freed 457(38KB) AllocSpace objects, 1(28KB) LOS objects, 27% free, 41MB/57MB, paused 1.345ms total 50.078ms
08-05 23:00:52.270  5211  5224 I art     : Starting a blocking GC Explicit
08-05 23:00:52.332  5211  5224 I art     : Explicit concurrent mark sweep GC freed 3054(159KB) AllocSpace objects, 1(20KB) LOS objects, 27% free, 41MB/57MB, paused 1.424ms total 61.600ms
08-05 23:00:52.342 22733 22733 I ServiceManager: Waiting for service AtCmdFwd...
08-05 23:00:52.346  5211  5224 I art     : Starting a blocking GC Explicit
08-05 23:00:52.404  5211  5224 I art     : Explicit concurrent mark sweep GC freed 155(7KB) AllocSpace objects, 0(0B) LOS objects, 27% free, 41MB/57MB, paused 1.497ms total 57.949ms
08-05 23:00:52.419  5211  5224 I art     : Starting a blocking GC Explicit
08-05 23:00:52.464   918  3261 D WifiStateMachine: starting scan for "H369AA63323"WPA_PSK with 2412,5180
08-05 23:00:52.479  5211  5224 I art     : Explicit concurrent mark sweep GC freed 13(416B) AllocSpace objects, 0(0B) LOS objects, 27% free, 41MB/57MB, paused 1.780ms total 58.918ms
08-05 23:00:52.493  5211  5224 I art     : Starting a blocking GC Explicit
08-05 23:00:52.554  5211  5224 I art     : Explicit concurrent mark sweep GC freed 11(352B) AllocSpace objects, 0(0B) LOS objects, 27% free, 41MB/57MB, paused 1.324ms total 60.291ms
08-05 23:00:52.569  5211  5224 I art     : Starting a blocking GC Explicit
08-05 23:00:52.631  5211  5224 I art     : Explicit concurrent mark sweep GC freed 14(448B) AllocSpace objects, 0(0B) LOS objects, 27% free, 41MB/57MB, paused 1.730ms total 60.910ms
08-05 23:00:53.002  5211 23628 I art     : Starting a blocking GC Explicit
08-05 23:00:53.069  5211 23628 I art     : Explicit concurrent mark sweep GC freed 1457(82KB) AllocSpace objects, 1(20KB) LOS objects, 27% free, 41MB/57MB, paused 1.509ms total 66.837ms
08-05 23:00:53.085  5211 23628 I art     : Starting a blocking GC Explicit
08-05 23:00:53.143  5211 23628 I art     : Explicit concurrent mark sweep GC freed 30(1024B) AllocSpace objects, 0(0B) LOS objects, 27% free, 41MB/57MB, paused 1.582ms total 58.398ms
08-05 23:00:53.159  5211 23628 I art     : Starting a blocking GC Explicit
08-05 23:00:53.221  5211 23628 I art     : Explicit concurrent mark sweep GC freed 9(288B) AllocSpace objects, 0(0B) LOS objects, 27% free, 41MB/57MB, paused 1.367ms total 62.249ms
08-05 23:00:53.237  5211 23628 I art     : Starting a blocking GC Explicit
08-05 23:00:53.296  5211 23628 I art     : Explicit concurrent mark sweep GC freed 4(128B) AllocSpace objects, 0(0B) LOS objects, 27% free, 41MB/57MB, paused 1.507ms total 58.377ms
08-05 23:00:53.310  5211 23628 I art     : Starting a blocking GC Explicit
08-05 23:00:53.342 22733 22733 I ServiceManager: Waiting for service AtCmdFwd...
08-05 23:00:53.363 24844 24844 D AndroidRuntime: >>>>>> START com.android.internal.os.RuntimeInit uid 2000 <<<<<<
08-05 23:00:53.369 24844 24844 D AndroidRuntime: CheckJNI is OFF
08-05 23:00:53.370  5211 23628 I art     : Explicit concurrent mark sweep GC freed 3(96B) AllocSpace objects, 0(0B) LOS objects, 27% free, 41MB/57MB, paused 1.526ms total 58.849ms
08-05 23:00:53.413 24844 24844 D ICU     : No timezone override file found: /data/misc/zoneinfo/current/icu/icu_tzdata.dat
08-05 23:00:53.456 24844 24844 I Radio-JNI: register_android_hardware_Radio DONE
08-05 23:00:53.486 24844 24844 D AndroidRuntime: Calling main entry com.android.commands.input.Input
08-05 23:00:53.488 24844 24844 I Input   : injectKeyEvent: KeyEvent { action=ACTION_DOWN, keyCode=KEYCODE_BACK, scanCode=0, metaState=0, flags=0x0, repeatCount=0, eventTime=831669901, downTime=831669901, deviceId=-1, source=0x101 }
08-05 23:00:53.494 24844 24844 I Input   : injectKeyEvent: KeyEvent { action=ACTION_UP, keyCode=KEYCODE_BACK, scanCode=0, metaState=0, flags=0x0, repeatCount=0, eventTime=831669901, downTime=831669901, deviceId=-1, source=0x101 }
08-05 23:00:53.500 24844 24844 D AndroidRuntime: Shutting down VM
08-05 23:00:53.738  5211  5224 I art     : Starting a blocking GC Explicit
08-05 23:00:53.757 13866 13866 I GoogleInputMethodServic: GoogleInputMethodService.onFinishInput():3138 
08-05 23:00:53.758 13866 13866 I GoogleInputMethodServic: GoogleInputMethodService.onStartInput():1808 
08-05 23:00:53.798  5211  5224 I art     : Explicit concurrent mark sweep GC freed 11946(814KB) AllocSpace objects, 17(340KB) LOS objects, 27% free, 41MB/57MB, paused 1.489ms total 59.105ms
08-05 23:00:53.812  5211  5224 I art     : Starting a blocking GC Explicit
08-05 23:00:53.862  5211  5224 I art     : Explicit concurrent mark sweep GC freed 344(14KB) AllocSpace objects, 0(0B) LOS objects, 27% free, 41MB/57MB, paused 1.364ms total 50.150ms
08-05 23:00:53.875  5211  5224 I art     : Starting a blocking GC Explicit
08-05 23:00:53.934  5211  5224 I art     : Explicit concurrent mark sweep GC freed 15(1520B) AllocSpace objects, 0(0B) LOS objects, 27% free, 41MB/57MB, paused 1.557ms total 58.692ms
08-05 23:00:53.950  5211  5224 I art     : Starting a blocking GC Explicit
08-05 23:00:54.012  5211  5224 I art     : Explicit concurrent mark sweep GC freed 3(96B) AllocSpace objects, 0(0B) LOS objects, 27% free, 41MB/57MB, paused 1.927ms total 61.903ms
08-05 23:00:54.028  5211  5224 I art     : Starting a blocking GC Explicit
08-05 23:00:54.090  5211  5224 I art     : Explicit concurrent mark sweep GC freed 5(192B) AllocSpace objects, 0(0B) LOS objects, 27% free, 41MB/57MB, paused 1.540ms total 61.034ms
08-05 23:00:54.318  5211 24875 E baseline.com.newsblur.network.APIResponse: Error (unexpected end of stream on https://www.newsblur.com/...) calling https://www.newsblur.com/reader/mark_story_hashes_as_read/
08-05 23:00:54.318  5211 24875 E baseline.com.newsblur.network.APIResponse: java.io.IOException: unexpected end of stream on https://www.newsblur.com/...
08-05 23:00:54.318  5211 24875 E baseline.com.newsblur.network.APIResponse: 	at okhttp3.internal.http1.Http1ExchangeCodec.readResponseHeaders(Http1ExchangeCodec.java:236)
08-05 23:00:54.318  5211 24875 E baseline.com.newsblur.network.APIResponse: 	at okhttp3.internal.connection.Exchange.readResponseHeaders(Exchange.java:115)
08-05 23:00:54.318  5211 24875 E baseline.com.newsblur.network.APIResponse: 	at okhttp3.internal.http.CallServerInterceptor.intercept(CallServerInterceptor.java:94)
08-05 23:00:54.318  5211 24875 E baseline.com.newsblur.network.APIResponse: 	at okhttp3.internal.http.RealInterceptorChain.proceed(RealInterceptorChain.java:142)
08-05 23:00:54.318  5211 24875 E baseline.com.newsblur.network.APIResponse: 	at okhttp3.internal.connection.ConnectInterceptor.intercept(ConnectInterceptor.java:43)
08-05 23:00:54.318  5211 24875 E baseline.com.newsblur.network.APIResponse: 	at okhttp3.internal.http.RealInterceptorChain.proceed(RealInterceptorChain.java:142)
08-05 23:00:54.318  5211 24875 E baseline.com.newsblur.network.APIResponse: 	at okhttp3.internal.http.RealInterceptorChain.proceed(RealInterceptorChain.java:117)
08-05 23:00:54.318  5211 24875 E baseline.com.newsblur.network.APIResponse: 	at okhttp3.internal.cache.CacheInterceptor.intercept(CacheInterceptor.java:94)
08-05 23:00:54.318  5211 24875 E baseline.com.newsblur.network.APIResponse: 	at okhttp3.internal.http.RealInterceptorChain.proceed(RealInterceptorChain.java:142)
08-05 23:00:54.318  5211 24875 E baseline.com.newsblur.network.APIResponse: 	at okhttp3.internal.http.RealInterceptorChain.proceed(RealInterceptorChain.java:117)
08-05 23:00:54.318  5211 24875 E baseline.com.newsblur.network.APIResponse: 	at okhttp3.internal.http.BridgeInterceptor.intercept(BridgeInterceptor.java:93)
08-05 23:00:54.318  5211 24875 E baseline.com.newsblur.network.APIResponse: 	at okhttp3.internal.http.RealInterceptorChain.proceed(RealInterceptorChain.java:142)
08-05 23:00:54.318  5211 24875 E baseline.com.newsblur.network.APIResponse: 	at okhttp3.internal.http.RetryAndFollowUpInterceptor.intercept(RetryAndFollowUpInterceptor.java:88)
08-05 23:00:54.318  5211 24875 E baseline.com.newsblur.network.APIResponse: 	at okhttp3.internal.http.RealInterceptorChain.proceed(RealInterceptorChain.java:142)
08-05 23:00:54.318  5211 24875 E baseline.com.newsblur.network.APIResponse: 	at okhttp3.internal.http.RealInterceptorChain.proceed(RealInterceptorChain.java:117)
08-05 23:00:54.318  5211 24875 E baseline.com.newsblur.network.APIResponse: 	at okhttp3.RealCall.getResponseWithInterceptorChain(RealCall.java:229)
08-05 23:00:54.318  5211 24875 E baseline.com.newsblur.network.APIResponse: 	at okhttp3.RealCall.execute(RealCall.java:81)
08-05 23:00:54.318  5211 24875 E baseline.com.newsblur.network.APIResponse: 	at baseline.com.newsblur.network.APIResponse.<init>(APIResponse.java:57)
08-05 23:00:54.318  5211 24875 E baseline.com.newsblur.network.APIResponse: 	at baseline.com.newsblur.network.APIResponse.<init>(APIResponse.java:43)
08-05 23:00:54.318  5211 24875 E baseline.com.newsblur.network.APIResponse: 	at baseline.com.newsblur.network.APIManager.post_single(APIManager.java:702)
08-05 23:00:54.318  5211 24875 E baseline.com.newsblur.network.APIResponse: 	at baseline.com.newsblur.network.APIManager.post(APIManager.java:675)
08-05 23:00:54.318  5211 24875 E baseline.com.newsblur.network.APIResponse: 	at baseline.com.newsblur.network.APIManager.post(APIManager.java:714)
08-05 23:00:54.318  5211 24875 E baseline.com.newsblur.network.APIResponse: 	at baseline.com.newsblur.network.APIManager.markStoryAsRead(APIManager.java:205)
08-05 23:00:54.318  5211 24875 E baseline.com.newsblur.network.APIResponse: 	at baseline.com.newsblur.util.ReadingAction.doRemote(ReadingAction.java:281)
08-05 23:00:54.318  5211 24875 E baseline.com.newsblur.network.APIResponse: 	at baseline.com.newsblur.service.NBSyncService.syncActions(NBSyncService.java:400)
08-05 23:00:54.318  5211 24875 E baseline.com.newsblur.network.APIResponse: 	at baseline.com.newsblur.service.NBSyncService.doSync(NBSyncService.java:298)
08-05 23:00:54.318  5211 24875 E baseline.com.newsblur.network.APIResponse: 	at baseline.com.newsblur.service.NBSyncService.access$100(NBSyncService.java:67)
08-05 23:00:54.318  5211 24875 E baseline.com.newsblur.network.APIResponse: 	at baseline.com.newsblur.service.NBSyncService$1.run(NBSyncService.java:188)
08-05 23:00:54.318  5211 24875 E baseline.com.newsblur.network.APIResponse: 	at java.util.concurrent.ThreadPoolExecutor.runWorker(ThreadPoolExecutor.java:1113)
08-05 23:00:54.318  5211 24875 E baseline.com.newsblur.network.APIResponse: 	at java.util.concurrent.ThreadPoolExecutor$Worker.run(ThreadPoolExecutor.java:588)
08-05 23:00:54.318  5211 24875 E baseline.com.newsblur.network.APIResponse: 	at java.lang.Thread.run(Thread.java:818)
08-05 23:00:54.318  5211 24875 E baseline.com.newsblur.network.APIResponse: Caused by: java.io.EOFException: \n not found: limit=0 content=
08-05 23:00:54.318  5211 24875 E baseline.com.newsblur.network.APIResponse: 	at okio.RealBufferedSource.readUtf8LineStrict(RealBufferedSource.java:240)
08-05 23:00:54.318  5211 24875 E baseline.com.newsblur.network.APIResponse: 	at okhttp3.internal.http1.Http1ExchangeCodec.readHeaderLine(Http1ExchangeCodec.java:242)
08-05 23:00:54.318  5211 24875 E baseline.com.newsblur.network.APIResponse: 	at okhttp3.internal.http1.Http1ExchangeCodec.readResponseHeaders(Http1ExchangeCodec.java:213)
08-05 23:00:54.318  5211 24875 E baseline.com.newsblur.network.APIResponse: 	... 30 more
08-05 23:00:54.320  5211 24875 I baseline.com.newsblur.network.APIManager: API call failed, pausing before retry number 1
08-05 23:00:54.343 22733 22733 I ServiceManager: Waiting for service AtCmdFwd...
08-05 23:00:54.458  5211 22763 I art     : Starting a blocking GC Explicit
08-05 23:00:54.531  5211 22763 I art     : Explicit concurrent mark sweep GC freed 5933(469KB) AllocSpace objects, 6(260KB) LOS objects, 27% free, 41MB/57MB, paused 1.606ms total 72.196ms
08-05 23:00:54.545  5211 22763 I art     : Starting a blocking GC Explicit
08-05 23:00:54.602  5211 22763 I art     : Explicit concurrent mark sweep GC freed 1138(125KB) AllocSpace objects, 0(0B) LOS objects, 27% free, 41MB/57MB, paused 1.732ms total 56.455ms
08-05 23:00:54.617  5211 22763 I art     : Starting a blocking GC Explicit
08-05 23:00:54.673  5211 22763 I art     : Explicit concurrent mark sweep GC freed 11(352B) AllocSpace objects, 0(0B) LOS objects, 27% free, 41MB/57MB, paused 1.370ms total 55.907ms
08-05 23:00:54.688  5211 22763 I art     : Starting a blocking GC Explicit
08-05 23:00:54.744  5211 22763 I art     : Explicit concurrent mark sweep GC freed 13(416B) AllocSpace objects, 0(0B) LOS objects, 27% free, 41MB/57MB, paused 1.427ms total 56.238ms
08-05 23:00:54.759  5211 22763 I art     : Starting a blocking GC Explicit
08-05 23:00:54.811  5211 22763 I art     : Explicit concurrent mark sweep GC freed 11(352B) AllocSpace objects, 0(0B) LOS objects, 27% free, 41MB/57MB, paused 1.416ms total 51.433ms
08-05 23:00:55.179  5211  5223 I art     : Starting a blocking GC Explicit
08-05 23:00:55.240  5211  5223 I art     : Explicit concurrent mark sweep GC freed 1485(84KB) AllocSpace objects, 1(20KB) LOS objects, 27% free, 41MB/57MB, paused 1.632ms total 61.397ms
08-05 23:00:55.255  5211  5223 I art     : Starting a blocking GC Explicit
08-05 23:00:55.260 24888 24888 D AndroidRuntime: >>>>>> START com.android.internal.os.RuntimeInit uid 2000 <<<<<<
08-05 23:00:55.266 24888 24888 D AndroidRuntime: CheckJNI is OFF
08-05 23:00:55.309 24888 24888 D ICU     : No timezone override file found: /data/misc/zoneinfo/current/icu/icu_tzdata.dat
08-05 23:00:55.316  5211  5223 I art     : Explicit concurrent mark sweep GC freed 22(784B) AllocSpace objects, 0(0B) LOS objects, 27% free, 41MB/57MB, paused 1.598ms total 59.956ms
08-05 23:00:55.330  5211  5223 I art     : Starting a blocking GC Explicit
08-05 23:00:55.343 22733 22733 W Atfwd_Sendcmd: AtCmdFwd service not published, waiting... retryCnt : 3
08-05 23:00:55.357 24888 24888 I Radio-JNI: register_android_hardware_Radio DONE
08-05 23:00:55.387 24888 24888 D AndroidRuntime: Calling main entry com.android.commands.input.Input
08-05 23:00:55.389 24888 24888 I Input   : injectMotionEvent: MotionEvent { action=ACTION_DOWN, actionButton=0, id[0]=0, x[0]=553.0, y[0]=442.0, toolType[0]=TOOL_TYPE_UNKNOWN, buttonState=0, metaState=0, flags=0x0, edgeFlags=0x0, pointerCount=1, historySize=0, eventTime=831671802, downTime=831671802, deviceId=0, source=0x1002 }
08-05 23:00:55.391  5211  5223 I art     : Explicit concurrent mark sweep GC freed 3(96B) AllocSpace objects, 0(0B) LOS objects, 27% free, 41MB/57MB, paused 1.619ms total 60.900ms
08-05 23:00:55.395 24888 24888 I Input   : injectMotionEvent: MotionEvent { action=ACTION_UP, actionButton=0, id[0]=0, x[0]=553.0, y[0]=442.0, toolType[0]=TOOL_TYPE_UNKNOWN, buttonState=0, metaState=0, flags=0x0, edgeFlags=0x0, pointerCount=1, historySize=0, eventTime=831671802, downTime=831671802, deviceId=0, source=0x1002 }
08-05 23:00:55.397 24888 24888 D AndroidRuntime: Shutting down VM
08-05 23:00:55.406  5211  5223 I art     : Starting a blocking GC Explicit
08-05 23:00:55.464  5211  5223 I art     : Explicit concurrent mark sweep GC freed 42(1712B) AllocSpace objects, 0(0B) LOS objects, 27% free, 41MB/57MB, paused 1.532ms total 57.931ms
08-05 23:00:55.467   918  5481 I ActivityManager: START u0 {cmp=baseline.com.newsblur/.activity.AllSharedStoriesItemsList (has extras)} from uid 10698 on display 0
08-05 23:00:55.478  5211  5223 I art     : Starting a blocking GC Explicit
08-05 23:00:55.491  5211 22985 I baseline.com.newsblur.database.BlurDatabaseHelper: reading session reset
08-05 23:00:55.535  5211  5223 I art     : Explicit concurrent mark sweep GC freed 1885(188KB) AllocSpace objects, 5(192KB) LOS objects, 27% free, 41MB/57MB, paused 1.670ms total 57.162ms
08-05 23:00:55.702  5211  5211 D baseline.com.newsblur.service.NBSyncService: rejecting request for feedset that is exhaused
08-05 23:00:55.708  5211  5211 W View    : requestLayout() improperly called by android.widget.FrameLayout{f4b0677 V.E...... ......ID 0,0-1440,18 #7f07003f app:id/footer_view_inner} during layout: running second layout pass
08-05 23:00:55.709  5211  5211 W View    : requestLayout() improperly called by android.widget.FrameLayout{5f432e4 V.E...... ......ID 0,0-1440,2091 #7f07003f app:id/footer_view_inner} during layout: running second layout pass
08-05 23:00:55.728 13866 13866 I GoogleInputMethodServic: GoogleInputMethodService.onFinishInput():3138 
08-05 23:00:55.729 13866 13866 I GoogleInputMethodServic: GoogleInputMethodService.onStartInput():1808 
08-05 23:00:55.729   918   936 I ActivityManager: Displayed baseline.com.newsblur/.activity.AllSharedStoriesItemsList: +251ms
08-05 23:00:55.903  5211  5224 I art     : Starting a blocking GC Explicit
08-05 23:00:55.911  5211 23040 I NAPPA_EXPERIMENTATION: MetricNetworkRequestExecutionTime: REQUEST_DURATION_SYSTEM='134',REQUEST_DURATION_OKHTTP='134',REQUEST_SYNCHRONOUS='TRUE',RESPONSE_CODE='200',RESPONSE_METHOD='GET',RESPONSE_LENGTH_OKHTTP='43',RESPONSE_LENGTH_HEADER='43',REQUEST_PROTOCOL='http/1.1',REQUEST_URL='http://feeds.feedburner.com/~r/retort/~4/UffaFMiJbNs',
08-05 23:00:55.969  5211  5224 I art     : Explicit concurrent mark sweep GC freed 4429(300KB) AllocSpace objects, 10(200KB) LOS objects, 27% free, 42MB/58MB, paused 1.556ms total 65.877ms
08-05 23:00:55.985  5211  5224 I art     : Starting a blocking GC Explicit
08-05 23:00:56.040  5211  5224 I art     : Explicit concurrent mark sweep GC freed 511(34KB) AllocSpace objects, 1(20KB) LOS objects, 27% free, 41MB/57MB, paused 1.913ms total 54.690ms
08-05 23:00:56.053  5211  5224 I art     : Starting a blocking GC Explicit
08-05 23:00:56.110  5211  5224 I art     : Explicit concurrent mark sweep GC freed 14(576B) AllocSpace objects, 0(0B) LOS objects, 27% free, 41MB/57MB, paused 1.531ms total 56.152ms
08-05 23:00:56.125  5211  5224 I art     : Starting a blocking GC Explicit
08-05 23:00:56.186  5211  5224 I art     : Explicit concurrent mark sweep GC freed 87(3KB) AllocSpace objects, 0(0B) LOS objects, 27% free, 41MB/57MB, paused 1.627ms total 60.243ms
08-05 23:00:56.201  5211  5224 I art     : Starting a blocking GC Explicit
08-05 23:00:56.264  5211  5224 I art     : Explicit concurrent mark sweep GC freed 113(4KB) AllocSpace objects, 0(0B) LOS objects, 27% free, 41MB/57MB, paused 1.540ms total 63.007ms
08-05 23:00:56.338  5211 24875 E baseline.com.newsblur.network.APIResponse: Error (unexpected end of stream on https://www.newsblur.com/...) calling https://www.newsblur.com/reader/mark_story_hashes_as_read/
08-05 23:00:56.338  5211 24875 E baseline.com.newsblur.network.APIResponse: java.io.IOException: unexpected end of stream on https://www.newsblur.com/...
08-05 23:00:56.338  5211 24875 E baseline.com.newsblur.network.APIResponse: 	at okhttp3.internal.http1.Http1ExchangeCodec.readResponseHeaders(Http1ExchangeCodec.java:236)
08-05 23:00:56.338  5211 24875 E baseline.com.newsblur.network.APIResponse: 	at okhttp3.internal.connection.Exchange.readResponseHeaders(Exchange.java:115)
08-05 23:00:56.338  5211 24875 E baseline.com.newsblur.network.APIResponse: 	at okhttp3.internal.http.CallServerInterceptor.intercept(CallServerInterceptor.java:94)
08-05 23:00:56.338  5211 24875 E baseline.com.newsblur.network.APIResponse: 	at okhttp3.internal.http.RealInterceptorChain.proceed(RealInterceptorChain.java:142)
08-05 23:00:56.338  5211 24875 E baseline.com.newsblur.network.APIResponse: 	at okhttp3.internal.connection.ConnectInterceptor.intercept(ConnectInterceptor.java:43)
08-05 23:00:56.338  5211 24875 E baseline.com.newsblur.network.APIResponse: 	at okhttp3.internal.http.RealInterceptorChain.proceed(RealInterceptorChain.java:142)
08-05 23:00:56.338  5211 24875 E baseline.com.newsblur.network.APIResponse: 	at okhttp3.internal.http.RealInterceptorChain.proceed(RealInterceptorChain.java:117)
08-05 23:00:56.338  5211 24875 E baseline.com.newsblur.network.APIResponse: 	at okhttp3.internal.cache.CacheInterceptor.intercept(CacheInterceptor.java:94)
08-05 23:00:56.338  5211 24875 E baseline.com.newsblur.network.APIResponse: 	at okhttp3.internal.http.RealInterceptorChain.proceed(RealInterceptorChain.java:142)
08-05 23:00:56.338  5211 24875 E baseline.com.newsblur.network.APIResponse: 	at okhttp3.internal.http.RealInterceptorChain.proceed(RealInterceptorChain.java:117)
08-05 23:00:56.338  5211 24875 E baseline.com.newsblur.network.APIResponse: 	at okhttp3.internal.http.BridgeInterceptor.intercept(BridgeInterceptor.java:93)
08-05 23:00:56.338  5211 24875 E baseline.com.newsblur.network.APIResponse: 	at okhttp3.internal.http.RealInterceptorChain.proceed(RealInterceptorChain.java:142)
08-05 23:00:56.338  5211 24875 E baseline.com.newsblur.network.APIResponse: 	at okhttp3.internal.http.RetryAndFollowUpInterceptor.intercept(RetryAndFollowUpInterceptor.java:88)
08-05 23:00:56.338  5211 24875 E baseline.com.newsblur.network.APIResponse: 	at okhttp3.internal.http.RealInterceptorChain.proceed(RealInterceptorChain.java:142)
08-05 23:00:56.338  5211 24875 E baseline.com.newsblur.network.APIResponse: 	at okhttp3.internal.http.RealInterceptorChain.proceed(RealInterceptorChain.java:117)
08-05 23:00:56.338  5211 24875 E baseline.com.newsblur.network.APIResponse: 	at okhttp3.RealCall.getResponseWithInterceptorChain(RealCall.java:229)
08-05 23:00:56.338  5211 24875 E baseline.com.newsblur.network.APIResponse: 	at okhttp3.RealCall.execute(RealCall.java:81)
08-05 23:00:56.338  5211 24875 E baseline.com.newsblur.network.APIResponse: 	at baseline.com.newsblur.network.APIResponse.<init>(APIResponse.java:57)
08-05 23:00:56.338  5211 24875 E baseline.com.newsblur.network.APIResponse: 	at baseline.com.newsblur.network.APIResponse.<init>(APIResponse.java:43)
08-05 23:00:56.338  5211 24875 E baseline.com.newsblur.network.APIResponse: 	at baseline.com.newsblur.network.APIManager.post_single(APIManager.java:702)
08-05 23:00:56.338  5211 24875 E baseline.com.newsblur.network.APIResponse: 	at baseline.com.newsblur.network.APIManager.post(APIManager.java:675)
08-05 23:00:56.338  5211 24875 E baseline.com.newsblur.network.APIResponse: 	at baseline.com.newsblur.network.APIManager.post(APIManager.java:714)
08-05 23:00:56.338  5211 24875 E baseline.com.newsblur.network.APIResponse: 	at baseline.com.newsblur.network.APIManager.markStoryAsRead(APIManager.java:205)
08-05 23:00:56.338  5211 24875 E baseline.com.newsblur.network.APIResponse: 	at baseline.com.newsblur.util.ReadingAction.doRemote(ReadingAction.java:281)
08-05 23:00:56.338  5211 24875 E baseline.com.newsblur.network.APIResponse: 	at baseline.com.newsblur.service.NBSyncService.syncActions(NBSyncService.java:400)
08-05 23:00:56.338  5211 24875 E baseline.com.newsblur.network.APIResponse: 	at baseline.com.newsblur.service.NBSyncService.doSync(NBSyncService.java:298)
08-05 23:00:56.338  5211 24875 E baseline.com.newsblur.network.APIResponse: 	at baseline.com.newsblur.service.NBSyncService.access$100(NBSyncService.java:67)
08-05 23:00:56.338  5211 24875 E baseline.com.newsblur.network.APIResponse: 	at baseline.com.newsblur.service.NBSyncService$1.run(NBSyncService.java:188)
08-05 23:00:56.338  5211 24875 E baseline.com.newsblur.network.APIResponse: 	at java.util.concurrent.ThreadPoolExecutor.runWorker(ThreadPoolExecutor.java:1113)
08-05 23:00:56.338  5211 24875 E baseline.com.newsblur.network.APIResponse: 	at java.util.concurrent.ThreadPoolExecutor$Worker.run(ThreadPoolExecutor.java:588)
08-05 23:00:56.338  5211 24875 E baseline.com.newsblur.network.APIResponse: 	at java.lang.Thread.run(Thread.java:818)
08-05 23:00:56.338  5211 24875 E baseline.com.newsblur.network.APIResponse: Caused by: java.io.EOFException: \n not found: limit=0 content=
08-05 23:00:56.338  5211 24875 E baseline.com.newsblur.network.APIResponse: 	at okio.RealBufferedSource.readUtf8LineStrict(RealBufferedSource.java:240)
08-05 23:00:56.338  5211 24875 E baseline.com.newsblur.network.APIResponse: 	at okhttp3.internal.http1.Http1ExchangeCodec.readHeaderLine(Http1ExchangeCodec.java:242)
08-05 23:00:56.338  5211 24875 E baseline.com.newsblur.network.APIResponse: 	at okhttp3.internal.http1.Http1ExchangeCodec.readResponseHeaders(Http1ExchangeCodec.java:213)
08-05 23:00:56.338  5211 24875 E baseline.com.newsblur.network.APIResponse: 	... 30 more
08-05 23:00:56.340  5211 24875 I baseline.com.newsblur.network.APIManager: API call failed, pausing before retry number 2
08-05 23:00:56.638  5211 24923 I art     : Starting a blocking GC Explicit
08-05 23:00:56.704  5211 24923 I art     : Explicit concurrent mark sweep GC freed 3952(357KB) AllocSpace objects, 3(60KB) LOS objects, 27% free, 41MB/57MB, paused 1.552ms total 65.624ms
08-05 23:00:56.721  5211 24923 I art     : Starting a blocking GC Explicit
08-05 23:00:56.780  5211 24923 I art     : Explicit concurrent mark sweep GC freed 109(3KB) AllocSpace objects, 0(0B) LOS objects, 27% free, 41MB/57MB, paused 1.501ms total 58.930ms
08-05 23:00:56.795  5211 24923 I art     : Starting a blocking GC Explicit
08-05 23:00:56.855  5211 24923 I art     : Explicit concurrent mark sweep GC freed 3(96B) AllocSpace objects, 0(0B) LOS objects, 27% free, 41MB/57MB, paused 1.535ms total 59.480ms
08-05 23:00:56.869  5211 24923 I art     : Starting a blocking GC Explicit
08-05 23:00:56.933  5211 24923 I art     : Explicit concurrent mark sweep GC freed 10(320B) AllocSpace objects, 0(0B) LOS objects, 27% free, 41MB/57MB, paused 1.707ms total 63.540ms
08-05 23:00:56.948  5211 24923 I art     : Starting a blocking GC Explicit
08-05 23:00:57.013  5211 24923 I art     : Explicit concurrent mark sweep GC freed 13(416B) AllocSpace objects, 0(0B) LOS objects, 27% free, 41MB/57MB, paused 1.495ms total 64.374ms
08-05 23:00:57.432  5211  5224 I art     : Starting a blocking GC Explicit
08-05 23:00:57.502  5211  5224 I art     : Explicit concurrent mark sweep GC freed 1459(83KB) AllocSpace objects, 1(20KB) LOS objects, 27% free, 41MB/57MB, paused 1.696ms total 70.403ms
08-05 23:00:57.518  5211  5224 I art     : Starting a blocking GC Explicit
08-05 23:00:57.585  5211  5224 I art     : Explicit concurrent mark sweep GC freed 22(784B) AllocSpace objects, 0(0B) LOS objects, 27% free, 41MB/57MB, paused 1.668ms total 67.072ms
08-05 23:00:57.601  5211  5224 I art     : Starting a blocking GC Explicit
08-05 23:00:57.670  5211  5224 I art     : Explicit concurrent mark sweep GC freed 3(96B) AllocSpace objects, 0(0B) LOS objects, 27% free, 41MB/57MB, paused 1.693ms total 68.970ms
08-05 23:00:57.689  5211  5224 I art     : Starting a blocking GC Explicit
08-05 23:00:57.754  5211  5224 I art     : Explicit concurrent mark sweep GC freed 3(96B) AllocSpace objects, 0(0B) LOS objects, 27% free, 41MB/57MB, paused 1.587ms total 64.832ms
08-05 23:00:57.769  5211  5224 I art     : Starting a blocking GC Explicit
08-05 23:00:57.833  5211  5224 I art     : Explicit concurrent mark sweep GC freed 3(96B) AllocSpace objects, 0(0B) LOS objects, 27% free, 41MB/57MB, paused 1.584ms total 63.563ms
08-05 23:00:58.234  5211  5223 I art     : Starting a blocking GC Explicit
08-05 23:00:58.305  5211  5223 I art     : Explicit concurrent mark sweep GC freed 1446(83KB) AllocSpace objects, 1(20KB) LOS objects, 27% free, 41MB/57MB, paused 1.585ms total 69.938ms
08-05 23:00:58.320  5211  5223 I art     : Starting a blocking GC Explicit
08-05 23:00:58.389  5211  5223 I art     : Explicit concurrent mark sweep GC freed 22(784B) AllocSpace objects, 0(0B) LOS objects, 27% free, 41MB/57MB, paused 1.777ms total 68.304ms
08-05 23:00:58.407  5211  5223 I art     : Starting a blocking GC Explicit
08-05 23:00:58.471  5211  5223 I art     : Explicit concurrent mark sweep GC freed 3(96B) AllocSpace objects, 0(0B) LOS objects, 27% free, 41MB/57MB, paused 1.660ms total 64.068ms
08-05 23:00:58.487  5211  5223 I art     : Starting a blocking GC Explicit
08-05 23:00:58.555  5211  5223 I art     : Explicit concurrent mark sweep GC freed 3(96B) AllocSpace objects, 0(0B) LOS objects, 27% free, 41MB/57MB, paused 1.575ms total 68.095ms
08-05 23:00:58.574  5211  5223 I art     : Starting a blocking GC Explicit
08-05 23:00:58.638  5211  5223 I art     : Explicit concurrent mark sweep GC freed 3(96B) AllocSpace objects, 0(0B) LOS objects, 27% free, 41MB/57MB, paused 1.590ms total 64.211ms
08-05 23:00:59.046  5211 22763 I art     : Starting a blocking GC Explicit
08-05 23:00:59.115  5211 22763 I art     : Explicit concurrent mark sweep GC freed 1446(83KB) AllocSpace objects, 1(20KB) LOS objects, 27% free, 41MB/57MB, paused 1.678ms total 68.454ms
08-05 23:00:59.132  5211 22763 I art     : Starting a blocking GC Explicit
08-05 23:00:59.195  5211 22763 I art     : Explicit concurrent mark sweep GC freed 22(784B) AllocSpace objects, 0(0B) LOS objects, 27% free, 41MB/57MB, paused 1.572ms total 62.968ms
08-05 23:00:59.210  5211 22763 I art     : Starting a blocking GC Explicit
08-05 23:00:59.277  5211 22763 I art     : Explicit concurrent mark sweep GC freed 3(96B) AllocSpace objects, 0(0B) LOS objects, 27% free, 41MB/57MB, paused 1.653ms total 66.007ms
08-05 23:00:59.292  5211 22763 I art     : Starting a blocking GC Explicit
08-05 23:00:59.356  5211 22763 I art     : Explicit concurrent mark sweep GC freed 94(3KB) AllocSpace objects, 0(0B) LOS objects, 27% free, 41MB/57MB, paused 1.735ms total 64.004ms
08-05 23:00:59.371  5211 22763 I art     : Starting a blocking GC Explicit
08-05 23:00:59.439  5211 22763 I art     : Explicit concurrent mark sweep GC freed 9(352B) AllocSpace objects, 0(0B) LOS objects, 27% free, 41MB/57MB, paused 1.739ms total 67.385ms
08-05 23:00:59.857  5211 23628 I art     : Starting a blocking GC Explicit
08-05 23:00:59.925  5211 23628 I art     : Explicit concurrent mark sweep GC freed 3173(155KB) AllocSpace objects, 1(20KB) LOS objects, 27% free, 41MB/57MB, paused 1.832ms total 67.822ms
08-05 23:00:59.940  5211 23628 I art     : Starting a blocking GC Explicit
08-05 23:00:59.942  5211 24875 E baseline.com.newsblur.network.APIResponse: Error (unexpected end of stream on https://www.newsblur.com/...) calling https://www.newsblur.com/reader/mark_story_hashes_as_read/
08-05 23:00:59.942  5211 24875 E baseline.com.newsblur.network.APIResponse: java.io.IOException: unexpected end of stream on https://www.newsblur.com/...
08-05 23:00:59.942  5211 24875 E baseline.com.newsblur.network.APIResponse: 	at okhttp3.internal.http1.Http1ExchangeCodec.readResponseHeaders(Http1ExchangeCodec.java:236)
08-05 23:00:59.942  5211 24875 E baseline.com.newsblur.network.APIResponse: 	at okhttp3.internal.connection.Exchange.readResponseHeaders(Exchange.java:115)
08-05 23:00:59.942  5211 24875 E baseline.com.newsblur.network.APIResponse: 	at okhttp3.internal.http.CallServerInterceptor.intercept(CallServerInterceptor.java:94)
08-05 23:00:59.942  5211 24875 E baseline.com.newsblur.network.APIResponse: 	at okhttp3.internal.http.RealInterceptorChain.proceed(RealInterceptorChain.java:142)
08-05 23:00:59.942  5211 24875 E baseline.com.newsblur.network.APIResponse: 	at okhttp3.internal.connection.ConnectInterceptor.intercept(ConnectInterceptor.java:43)
08-05 23:00:59.942  5211 24875 E baseline.com.newsblur.network.APIResponse: 	at okhttp3.internal.http.RealInterceptorChain.proceed(RealInterceptorChain.java:142)
08-05 23:00:59.942  5211 24875 E baseline.com.newsblur.network.APIResponse: 	at okhttp3.internal.http.RealInterceptorChain.proceed(RealInterceptorChain.java:117)
08-05 23:00:59.942  5211 24875 E baseline.com.newsblur.network.APIResponse: 	at okhttp3.internal.cache.CacheInterceptor.intercept(CacheInterceptor.java:94)
08-05 23:00:59.942  5211 24875 E baseline.com.newsblur.network.APIResponse: 	at okhttp3.internal.http.RealInterceptorChain.proceed(RealInterceptorChain.java:142)
08-05 23:00:59.942  5211 24875 E baseline.com.newsblur.network.APIResponse: 	at okhttp3.internal.http.RealInterceptorChain.proceed(RealInterceptorChain.java:117)
08-05 23:00:59.942  5211 24875 E baseline.com.newsblur.network.APIResponse: 	at okhttp3.internal.http.BridgeInterceptor.intercept(BridgeInterceptor.java:93)
08-05 23:00:59.942  5211 24875 E baseline.com.newsblur.network.APIResponse: 	at okhttp3.internal.http.RealInterceptorChain.proceed(RealInterceptorChain.java:142)
08-05 23:00:59.942  5211 24875 E baseline.com.newsblur.network.APIResponse: 	at okhttp3.internal.http.RetryAndFollowUpInterceptor.intercept(RetryAndFollowUpInterceptor.java:88)
08-05 23:00:59.942  5211 24875 E baseline.com.newsblur.network.APIResponse: 	at okhttp3.internal.http.RealInterceptorChain.proceed(RealInterceptorChain.java:142)
08-05 23:00:59.942  5211 24875 E baseline.com.newsblur.network.APIResponse: 	at okhttp3.internal.http.RealInterceptorChain.proceed(RealInterceptorChain.java:117)
08-05 23:00:59.942  5211 24875 E baseline.com.newsblur.network.APIResponse: 	at okhttp3.RealCall.getResponseWithInterceptorChain(RealCall.java:229)
08-05 23:00:59.942  5211 24875 E baseline.com.newsblur.network.APIResponse: 	at okhttp3.RealCall.execute(RealCall.java:81)
08-05 23:00:59.942  5211 24875 E baseline.com.newsblur.network.APIResponse: 	at baseline.com.newsblur.network.APIResponse.<init>(APIResponse.java:57)
08-05 23:00:59.942  5211 24875 E baseline.com.newsblur.network.APIResponse: 	at baseline.com.newsblur.network.APIResponse.<init>(APIResponse.java:43)
08-05 23:00:59.942  5211 24875 E baseline.com.newsblur.network.APIResponse: 	at baseline.com.newsblur.network.APIManager.post_single(APIManager.java:702)
08-05 23:00:59.942  5211 24875 E baseline.com.newsblur.network.APIResponse: 	at baseline.com.newsblur.network.APIManager.post(APIManager.java:675)
08-05 23:00:59.942  5211 24875 E baseline.com.newsblur.network.APIResponse: 	at baseline.com.newsblur.network.APIManager.post(APIManager.java:714)
08-05 23:00:59.942  5211 24875 E baseline.com.newsblur.network.APIResponse: 	at baseline.com.newsblur.network.APIManager.markStoryAsRead(APIManager.java:205)
08-05 23:00:59.942  5211 24875 E baseline.com.newsblur.network.APIResponse: 	at baseline.com.newsblur.util.ReadingAction.doRemote(ReadingAction.java:281)
08-05 23:00:59.942  5211 24875 E baseline.com.newsblur.network.APIResponse: 	at baseline.com.newsblur.service.NBSyncService.syncActions(NBSyncService.java:400)
08-05 23:00:59.942  5211 24875 E baseline.com.newsblur.network.APIResponse: 	at baseline.com.newsblur.service.NBSyncService.doSync(NBSyncService.java:298)
08-05 23:00:59.942  5211 24875 E baseline.com.newsblur.network.APIResponse: 	at baseline.com.newsblur.service.NBSyncService.access$100(NBSyncService.java:67)
08-05 23:00:59.942  5211 24875 E baseline.com.newsblur.network.APIResponse: 	at baseline.com.newsblur.service.NBSyncService$1.run(NBSyncService.java:188)
08-05 23:00:59.942  5211 24875 E baseline.com.newsblur.network.APIResponse: 	at java.util.concurrent.ThreadPoolExecutor.runWorker(ThreadPoolExecutor.java:1113)
08-05 23:00:59.942  5211 24875 E baseline.com.newsblur.network.APIResponse: 	at java.util.concurrent.ThreadPoolExecutor$Worker.run(ThreadPoolExecutor.java:588)
08-05 23:00:59.942  5211 24875 E baseline.com.newsblur.network.APIResponse: 	at java.lang.Thread.run(Thread.java:818)
08-05 23:00:59.942  5211 24875 E baseline.com.newsblur.network.APIResponse: Caused by: java.io.EOFException: \n not found: limit=0 content=
08-05 23:00:59.942  5211 24875 E baseline.com.newsblur.network.APIResponse: 	at okio.RealBufferedSource.readUtf8LineStrict(RealBufferedSource.java:240)
08-05 23:00:59.942  5211 24875 E baseline.com.newsblur.network.APIResponse: 	at okhttp3.internal.http1.Http1ExchangeCodec.readHeaderLine(Http1ExchangeCodec.java:242)
08-05 23:00:59.942  5211 24875 E baseline.com.newsblur.network.APIResponse: 	at okhttp3.internal.http1.Http1ExchangeCodec.readResponseHeaders(Http1ExchangeCodec.java:213)
08-05 23:00:59.942  5211 24875 E baseline.com.newsblur.network.APIResponse: 	... 30 more
08-05 23:00:59.944  5211 24875 I baseline.com.newsblur.service.NBSyncService: Holding reading action with server-side or network error.
08-05 23:00:59.956  5211 24875 W baseline.com.newsblur.service.NBSyncService: hard API failure
08-05 23:01:00.006  5211 23628 I art     : Explicit concurrent mark sweep GC freed 1011(225KB) AllocSpace objects, 4(80KB) LOS objects, 27% free, 42MB/58MB, paused 1.659ms total 65.425ms
08-05 23:01:00.021  5211 23628 I art     : Starting a blocking GC Explicit
08-05 23:01:00.079  5211 23628 I art     : Explicit concurrent mark sweep GC freed 370(37KB) AllocSpace objects, 0(0B) LOS objects, 27% free, 41MB/57MB, paused 1.473ms total 57.664ms
08-05 23:01:00.094  5211 23628 I art     : Starting a blocking GC Explicit
08-05 23:01:00.159  5211 23628 I art     : Explicit concurrent mark sweep GC freed 7(288B) AllocSpace objects, 0(0B) LOS objects, 27% free, 41MB/57MB, paused 1.689ms total 65.268ms
08-05 23:01:00.175  5211 23628 I art     : Starting a blocking GC Explicit
08-05 23:01:00.244  5211 23628 I art     : Explicit concurrent mark sweep GC freed 3(96B) AllocSpace objects, 0(0B) LOS objects, 27% free, 41MB/57MB, paused 1.800ms total 69.333ms
08-05 23:01:00.457  5211 24875 E baseline.com.newsblur.network.APIResponse: Error (unexpected end of stream on https://www.newsblur.com/...) calling https://www.newsblur.com/reader/mark_story_hashes_as_read/
08-05 23:01:00.457  5211 24875 E baseline.com.newsblur.network.APIResponse: java.io.IOException: unexpected end of stream on https://www.newsblur.com/...
08-05 23:01:00.457  5211 24875 E baseline.com.newsblur.network.APIResponse: 	at okhttp3.internal.http1.Http1ExchangeCodec.readResponseHeaders(Http1ExchangeCodec.java:236)
08-05 23:01:00.457  5211 24875 E baseline.com.newsblur.network.APIResponse: 	at okhttp3.internal.connection.Exchange.readResponseHeaders(Exchange.java:115)
08-05 23:01:00.457  5211 24875 E baseline.com.newsblur.network.APIResponse: 	at okhttp3.internal.http.CallServerInterceptor.intercept(CallServerInterceptor.java:94)
08-05 23:01:00.457  5211 24875 E baseline.com.newsblur.network.APIResponse: 	at okhttp3.internal.http.RealInterceptorChain.proceed(RealInterceptorChain.java:142)
08-05 23:01:00.457  5211 24875 E baseline.com.newsblur.network.APIResponse: 	at okhttp3.internal.connection.ConnectInterceptor.intercept(ConnectInterceptor.java:43)
08-05 23:01:00.457  5211 24875 E baseline.com.newsblur.network.APIResponse: 	at okhttp3.internal.http.RealInterceptorChain.proceed(RealInterceptorChain.java:142)
08-05 23:01:00.457  5211 24875 E baseline.com.newsblur.network.APIResponse: 	at okhttp3.internal.http.RealInterceptorChain.proceed(RealInterceptorChain.java:117)
08-05 23:01:00.457  5211 24875 E baseline.com.newsblur.network.APIResponse: 	at okhttp3.internal.cache.CacheInterceptor.intercept(CacheInterceptor.java:94)
08-05 23:01:00.457  5211 24875 E baseline.com.newsblur.network.APIResponse: 	at okhttp3.internal.http.RealInterceptorChain.proceed(RealInterceptorChain.java:142)
08-05 23:01:00.457  5211 24875 E baseline.com.newsblur.network.APIResponse: 	at okhttp3.internal.http.RealInterceptorChain.proceed(RealInterceptorChain.java:117)
08-05 23:01:00.457  5211 24875 E baseline.com.newsblur.network.APIResponse: 	at okhttp3.internal.http.BridgeInterceptor.intercept(BridgeInterceptor.java:93)
08-05 23:01:00.457  5211 24875 E baseline.com.newsblur.network.APIResponse: 	at okhttp3.internal.http.RealInterceptorChain.proceed(RealInterceptorChain.java:142)
08-05 23:01:00.457  5211 24875 E baseline.com.newsblur.network.APIResponse: 	at okhttp3.internal.http.RetryAndFollowUpInterceptor.intercept(RetryAndFollowUpInterceptor.java:88)
08-05 23:01:00.457  5211 24875 E baseline.com.newsblur.network.APIResponse: 	at okhttp3.internal.http.RealInterceptorChain.proceed(RealInterceptorChain.java:142)
08-05 23:01:00.457  5211 24875 E baseline.com.newsblur.network.APIResponse: 	at okhttp3.internal.http.RealInterceptorChain.proceed(RealInterceptorChain.java:117)
08-05 23:01:00.457  5211 24875 E baseline.com.newsblur.network.APIResponse: 	at okhttp3.RealCall.getResponseWithInterceptorChain(RealCall.java:229)
08-05 23:01:00.457  5211 24875 E baseline.com.newsblur.network.APIResponse: 	at okhttp3.RealCall.execute(RealCall.java:81)
08-05 23:01:00.457  5211 24875 E baseline.com.newsblur.network.APIResponse: 	at baseline.com.newsblur.network.APIResponse.<init>(APIResponse.java:57)
08-05 23:01:00.457  5211 24875 E baseline.com.newsblur.network.APIResponse: 	at baseline.com.newsblur.network.APIResponse.<init>(APIResponse.java:43)
08-05 23:01:00.457  5211 24875 E baseline.com.newsblur.network.APIResponse: 	at baseline.com.newsblur.network.APIManager.post_single(APIManager.java:702)
08-05 23:01:00.457  5211 24875 E baseline.com.newsblur.network.APIResponse: 	at baseline.com.newsblur.network.APIManager.post(APIManager.java:675)
08-05 23:01:00.457  5211 24875 E baseline.com.newsblur.network.APIResponse: 	at baseline.com.newsblur.network.APIManager.post(APIManager.java:714)
08-05 23:01:00.457  5211 24875 E baseline.com.newsblur.network.APIResponse: 	at baseline.com.newsblur.network.APIManager.markStoryAsRead(APIManager.java:205)
08-05 23:01:00.457  5211 24875 E baseline.com.newsblur.network.APIResponse: 	at baseline.com.newsblur.util.ReadingAction.doRemote(ReadingAction.java:281)
08-05 23:01:00.457  5211 24875 E baseline.com.newsblur.network.APIResponse: 	at baseline.com.newsblur.service.NBSyncService.syncActions(NBSyncService.java:400)
08-05 23:01:00.457  5211 24875 E baseline.com.newsblur.network.APIResponse: 	at baseline.com.newsblur.service.NBSyncService.doSync(NBSyncService.java:298)
08-05 23:01:00.457  5211 24875 E baseline.com.newsblur.network.APIResponse: 	at baseline.com.newsblur.service.NBSyncService.access$100(NBSyncService.java:67)
08-05 23:01:00.457  5211 24875 E baseline.com.newsblur.network.APIResponse: 	at baseline.com.newsblur.service.NBSyncService$1.run(NBSyncService.java:188)
08-05 23:01:00.457  5211 24875 E baseline.com.newsblur.network.APIResponse: 	at java.util.concurrent.ThreadPoolExecutor.runWorker(ThreadPoolExecutor.java:1113)
08-05 23:01:00.457  5211 24875 E baseline.com.newsblur.network.APIResponse: 	at java.util.concurrent.ThreadPoolExecutor$Worker.run(ThreadPoolExecutor.java:588)
08-05 23:01:00.457  5211 24875 E baseline.com.newsblur.network.APIResponse: 	at java.lang.Thread.run(Thread.java:818)
08-05 23:01:00.457  5211 24875 E baseline.com.newsblur.network.APIResponse: Caused by: java.io.EOFException: \n not found: limit=0 content=
08-05 23:01:00.457  5211 24875 E baseline.com.newsblur.network.APIResponse: 	at okio.RealBufferedSource.readUtf8LineStrict(RealBufferedSource.java:240)
08-05 23:01:00.457  5211 24875 E baseline.com.newsblur.network.APIResponse: 	at okhttp3.internal.http1.Http1ExchangeCodec.readHeaderLine(Http1ExchangeCodec.java:242)
08-05 23:01:00.457  5211 24875 E baseline.com.newsblur.network.APIResponse: 	at okhttp3.internal.http1.Http1ExchangeCodec.readResponseHeaders(Http1ExchangeCodec.java:213)
08-05 23:01:00.457  5211 24875 E baseline.com.newsblur.network.APIResponse: 	... 30 more
08-05 23:01:00.458  5211 24875 I baseline.com.newsblur.network.APIManager: API call failed, pausing before retry number 1
08-05 23:01:00.663  5211 24923 I art     : Starting a blocking GC Explicit
08-05 23:01:00.735  5211 24923 I art     : Explicit concurrent mark sweep GC freed 3951(357KB) AllocSpace objects, 3(60KB) LOS objects, 27% free, 41MB/57MB, paused 1.549ms total 71.565ms
08-05 23:01:00.754  5211 24923 I art     : Starting a blocking GC Explicit
08-05 23:01:00.819  5211 24923 I art     : Explicit concurrent mark sweep GC freed 109(3KB) AllocSpace objects, 0(0B) LOS objects, 27% free, 41MB/57MB, paused 1.730ms total 64.895ms
08-05 23:01:00.834  5211 24923 I art     : Starting a blocking GC Explicit
08-05 23:01:00.902  5211 24923 I art     : Explicit concurrent mark sweep GC freed 3(96B) AllocSpace objects, 0(0B) LOS objects, 27% free, 41MB/57MB, paused 1.593ms total 68.031ms
08-05 23:01:00.917  5211 24923 I art     : Starting a blocking GC Explicit
08-05 23:01:00.985  5211 24923 I art     : Explicit concurrent mark sweep GC freed 3(96B) AllocSpace objects, 0(0B) LOS objects, 27% free, 41MB/57MB, paused 1.680ms total 67.764ms
08-05 23:01:01.001  5211 24923 I art     : Starting a blocking GC Explicit
08-05 23:01:01.066  5211 24923 I art     : Explicit concurrent mark sweep GC freed 3(96B) AllocSpace objects, 0(0B) LOS objects, 27% free, 41MB/57MB, paused 1.549ms total 64.874ms
08-05 23:01:01.490  5211  5224 I art     : Starting a blocking GC Explicit
08-05 23:01:01.559  5211  5224 I art     : Explicit concurrent mark sweep GC freed 1442(83KB) AllocSpace objects, 1(20KB) LOS objects, 27% free, 41MB/57MB, paused 1.719ms total 68.794ms
08-05 23:01:01.575  5211  5224 I art     : Starting a blocking GC Explicit
08-05 23:01:01.645  5211  5224 I art     : Explicit concurrent mark sweep GC freed 22(784B) AllocSpace objects, 0(0B) LOS objects, 27% free, 41MB/57MB, paused 1.481ms total 69.533ms
08-05 23:01:01.662  5211  5224 I art     : Starting a blocking GC Explicit
08-05 23:01:01.728  5211  5224 I art     : Explicit concurrent mark sweep GC freed 3(96B) AllocSpace objects, 0(0B) LOS objects, 27% free, 41MB/57MB, paused 1.707ms total 65.625ms
08-05 23:01:01.743  5211  5224 I art     : Starting a blocking GC Explicit
08-05 23:01:01.810  5211  5224 I art     : Explicit concurrent mark sweep GC freed 3(96B) AllocSpace objects, 0(0B) LOS objects, 27% free, 41MB/57MB, paused 1.689ms total 66.113ms
08-05 23:01:01.825  5211  5224 I art     : Starting a blocking GC Explicit
08-05 23:01:01.892  5211  5224 I art     : Explicit concurrent mark sweep GC freed 3(96B) AllocSpace objects, 0(0B) LOS objects, 27% free, 41MB/57MB, paused 1.673ms total 66.763ms
08-05 23:01:02.318  5211  5223 I art     : Starting a blocking GC Explicit
08-05 23:01:02.389  5211  5223 I art     : Explicit concurrent mark sweep GC freed 1606(91KB) AllocSpace objects, 1(20KB) LOS objects, 27% free, 41MB/57MB, paused 1.817ms total 70.128ms
08-05 23:01:02.407  5211  5223 I art     : Starting a blocking GC Explicit
08-05 23:01:02.472  5211  5223 I art     : Explicit concurrent mark sweep GC freed 1680(65KB) AllocSpace objects, 0(0B) LOS objects, 27% free, 41MB/57MB, paused 1.838ms total 64.550ms
08-05 23:01:02.488  5211  5223 I art     : Starting a blocking GC Explicit
08-05 23:01:02.506  5211 24875 E baseline.com.newsblur.network.APIResponse: Error (unexpected end of stream on https://www.newsblur.com/...) calling https://www.newsblur.com/reader/mark_story_hashes_as_read/
08-05 23:01:02.506  5211 24875 E baseline.com.newsblur.network.APIResponse: java.io.IOException: unexpected end of stream on https://www.newsblur.com/...
08-05 23:01:02.506  5211 24875 E baseline.com.newsblur.network.APIResponse: 	at okhttp3.internal.http1.Http1ExchangeCodec.readResponseHeaders(Http1ExchangeCodec.java:236)
08-05 23:01:02.506  5211 24875 E baseline.com.newsblur.network.APIResponse: 	at okhttp3.internal.connection.Exchange.readResponseHeaders(Exchange.java:115)
08-05 23:01:02.506  5211 24875 E baseline.com.newsblur.network.APIResponse: 	at okhttp3.internal.http.CallServerInterceptor.intercept(CallServerInterceptor.java:94)
08-05 23:01:02.506  5211 24875 E baseline.com.newsblur.network.APIResponse: 	at okhttp3.internal.http.RealInterceptorChain.proceed(RealInterceptorChain.java:142)
08-05 23:01:02.506  5211 24875 E baseline.com.newsblur.network.APIResponse: 	at okhttp3.internal.connection.ConnectInterceptor.intercept(ConnectInterceptor.java:43)
08-05 23:01:02.506  5211 24875 E baseline.com.newsblur.network.APIResponse: 	at okhttp3.internal.http.RealInterceptorChain.proceed(RealInterceptorChain.java:142)
08-05 23:01:02.506  5211 24875 E baseline.com.newsblur.network.APIResponse: 	at okhttp3.internal.http.RealInterceptorChain.proceed(RealInterceptorChain.java:117)
08-05 23:01:02.506  5211 24875 E baseline.com.newsblur.network.APIResponse: 	at okhttp3.internal.cache.CacheInterceptor.intercept(CacheInterceptor.java:94)
08-05 23:01:02.506  5211 24875 E baseline.com.newsblur.network.APIResponse: 	at okhttp3.internal.http.RealInterceptorChain.proceed(RealInterceptorChain.java:142)
08-05 23:01:02.506  5211 24875 E baseline.com.newsblur.network.APIResponse: 	at okhttp3.internal.http.RealInterceptorChain.proceed(RealInterceptorChain.java:117)
08-05 23:01:02.506  5211 24875 E baseline.com.newsblur.network.APIResponse: 	at okhttp3.internal.http.BridgeInterceptor.intercept(BridgeInterceptor.java:93)
08-05 23:01:02.506  5211 24875 E baseline.com.newsblur.network.APIResponse: 	at okhttp3.internal.http.RealInterceptorChain.proceed(RealInterceptorChain.java:142)
08-05 23:01:02.506  5211 24875 E baseline.com.newsblur.network.APIResponse: 	at okhttp3.internal.http.RetryAndFollowUpInterceptor.intercept(RetryAndFollowUpInterceptor.java:88)
08-05 23:01:02.506  5211 24875 E baseline.com.newsblur.network.APIResponse: 	at okhttp3.internal.http.RealInterceptorChain.proceed(RealInterceptorChain.java:142)
08-05 23:01:02.506  5211 24875 E baseline.com.newsblur.network.APIResponse: 	at okhttp3.internal.http.RealInterceptorChain.proceed(RealInterceptorChain.java:117)
08-05 23:01:02.506  5211 24875 E baseline.com.newsblur.network.APIResponse: 	at okhttp3.RealCall.getResponseWithInterceptorChain(RealCall.java:229)
08-05 23:01:02.506  5211 24875 E baseline.com.newsblur.network.APIResponse: 	at okhttp3.RealCall.execute(RealCall.java:81)
08-05 23:01:02.506  5211 24875 E baseline.com.newsblur.network.APIResponse: 	at baseline.com.newsblur.network.APIResponse.<init>(APIResponse.java:57)
08-05 23:01:02.506  5211 24875 E baseline.com.newsblur.network.APIResponse: 	at baseline.com.newsblur.network.APIResponse.<init>(APIResponse.java:43)
08-05 23:01:02.506  5211 24875 E baseline.com.newsblur.network.APIResponse: 	at baseline.com.newsblur.network.APIManager.post_single(APIManager.java:702)
08-05 23:01:02.506  5211 24875 E baseline.com.newsblur.network.APIResponse: 	at baseline.com.newsblur.network.APIManager.post(APIManager.java:675)
08-05 23:01:02.506  5211 24875 E baseline.com.newsblur.network.APIResponse: 	at baseline.com.newsblur.network.APIManager.post(APIManager.java:714)
08-05 23:01:02.506  5211 24875 E baseline.com.newsblur.network.APIResponse: 	at baseline.com.newsblur.network.APIManager.markStoryAsRead(APIManager.java:205)
08-05 23:01:02.506  5211 24875 E baseline.com.newsblur.network.APIResponse: 	at baseline.com.newsblur.util.ReadingAction.doRemote(ReadingAction.java:281)
08-05 23:01:02.506  5211 24875 E baseline.com.newsblur.network.APIResponse: 	at baseline.com.newsblur.service.NBSyncService.syncActions(NBSyncService.java:400)
08-05 23:01:02.506  5211 24875 E baseline.com.newsblur.network.APIResponse: 	at baseline.com.newsblur.service.NBSyncService.doSync(NBSyncService.java:298)
08-05 23:01:02.506  5211 24875 E baseline.com.newsblur.network.APIResponse: 	at baseline.com.newsblur.service.NBSyncService.access$100(NBSyncService.java:67)
08-05 23:01:02.506  5211 24875 E baseline.com.newsblur.network.APIResponse: 	at baseline.com.newsblur.service.NBSyncService$1.run(NBSyncService.java:188)
08-05 23:01:02.506  5211 24875 E baseline.com.newsblur.network.APIResponse: 	at java.util.concurrent.ThreadPoolExecutor.runWorker(ThreadPoolExecutor.java:1113)
08-05 23:01:02.506  5211 24875 E baseline.com.newsblur.network.APIResponse: 	at java.util.concurrent.ThreadPoolExecutor$Worker.run(ThreadPoolExecutor.java:588)
08-05 23:01:02.506  5211 24875 E baseline.com.newsblur.network.APIResponse: 	at java.lang.Thread.run(Thread.java:818)
08-05 23:01:02.506  5211 24875 E baseline.com.newsblur.network.APIResponse: Caused by: java.io.EOFException: \n not found: limit=0 content=
08-05 23:01:02.506  5211 24875 E baseline.com.newsblur.network.APIResponse: 	at okio.RealBufferedSource.readUtf8LineStrict(RealBufferedSource.java:240)
08-05 23:01:02.506  5211 24875 E baseline.com.newsblur.network.APIResponse: 	at okhttp3.internal.http1.Http1ExchangeCodec.readHeaderLine(Http1ExchangeCodec.java:242)
08-05 23:01:02.506  5211 24875 E baseline.com.newsblur.network.APIResponse: 	at okhttp3.internal.http1.Http1ExchangeCodec.readResponseHeaders(Http1ExchangeCodec.java:213)
08-05 23:01:02.506  5211 24875 E baseline.com.newsblur.network.APIResponse: 	... 30 more
08-05 23:01:02.507  5211 24875 I baseline.com.newsblur.network.APIManager: API call failed, pausing before retry number 2
08-05 23:01:02.555  5211  5223 I art     : Explicit concurrent mark sweep GC freed 820(196KB) AllocSpace objects, 2(40KB) LOS objects, 27% free, 41MB/57MB, paused 1.708ms total 66.697ms
08-05 23:01:02.571  5211  5223 I art     : Starting a blocking GC Explicit
08-05 23:01:02.639  5211  5223 I art     : Explicit concurrent mark sweep GC freed 107(16KB) AllocSpace objects, 0(0B) LOS objects, 27% free, 41MB/57MB, paused 1.746ms total 68.115ms
08-05 23:01:02.654  5211  5223 I art     : Starting a blocking GC Explicit
08-05 23:01:02.685   518   646 I ThermalEngine: ACTION: GPU - Setting GPU[0] to 510000000
08-05 23:01:02.721  5211  5223 I art     : Explicit concurrent mark sweep GC freed 25(832B) AllocSpace objects, 0(0B) LOS objects, 27% free, 41MB/57MB, paused 1.724ms total 66.270ms
08-05 23:01:03.107  5211 22763 I art     : Starting a blocking GC Explicit
08-05 23:01:03.160  5211 22763 I art     : Explicit concurrent mark sweep GC freed 1441(82KB) AllocSpace objects, 1(20KB) LOS objects, 27% free, 41MB/57MB, paused 1.325ms total 52.591ms
08-05 23:01:03.175  5211 22763 I art     : Starting a blocking GC Explicit
08-05 23:01:03.224  5211 22763 I art     : Explicit concurrent mark sweep GC freed 22(784B) AllocSpace objects, 0(0B) LOS objects, 27% free, 41MB/57MB, paused 1.200ms total 48.109ms
08-05 23:01:03.235  5211 22763 I art     : Starting a blocking GC Explicit
08-05 23:01:03.285  5211 22763 I art     : Explicit concurrent mark sweep GC freed 3(96B) AllocSpace objects, 0(0B) LOS objects, 27% free, 41MB/57MB, paused 1.224ms total 49.668ms
08-05 23:01:03.297  5211 22763 I art     : Starting a blocking GC Explicit
08-05 23:01:03.348  5211 22763 I art     : Explicit concurrent mark sweep GC freed 3(96B) AllocSpace objects, 0(0B) LOS objects, 27% free, 41MB/57MB, paused 1.212ms total 50.222ms
08-05 23:01:03.359  5211 22763 I art     : Starting a blocking GC Explicit
08-05 23:01:03.410  5211 22763 I art     : Explicit concurrent mark sweep GC freed 3(96B) AllocSpace objects, 0(0B) LOS objects, 27% free, 41MB/57MB, paused 1.247ms total 50.932ms
08-05 23:01:03.791  5211 23628 I art     : Starting a blocking GC Explicit
08-05 23:01:03.844  5211 23628 I art     : Explicit concurrent mark sweep GC freed 1441(82KB) AllocSpace objects, 1(20KB) LOS objects, 27% free, 41MB/57MB, paused 1.242ms total 52.824ms
08-05 23:01:03.856  5211 23628 I art     : Starting a blocking GC Explicit
08-05 23:01:03.908  5211 23628 I art     : Explicit concurrent mark sweep GC freed 22(784B) AllocSpace objects, 0(0B) LOS objects, 27% free, 41MB/57MB, paused 1.370ms total 51.704ms
08-05 23:01:03.920  5211 23628 I art     : Starting a blocking GC Explicit
08-05 23:01:03.969  5211 23628 I art     : Explicit concurrent mark sweep GC freed 3(96B) AllocSpace objects, 0(0B) LOS objects, 27% free, 41MB/57MB, paused 1.216ms total 48.392ms
08-05 23:01:03.981  5211 23628 I art     : Starting a blocking GC Explicit
08-05 23:01:04.033  5211 23628 I art     : Explicit concurrent mark sweep GC freed 3(96B) AllocSpace objects, 0(0B) LOS objects, 27% free, 41MB/57MB, paused 1.192ms total 51.658ms
08-05 23:01:04.045  5211 23628 I art     : Starting a blocking GC Explicit
08-05 23:01:04.094  5211 23628 I art     : Explicit concurrent mark sweep GC freed 3(96B) AllocSpace objects, 0(0B) LOS objects, 27% free, 41MB/57MB, paused 1.219ms total 49.065ms
08-05 23:01:04.485  5211 24923 I art     : Starting a blocking GC Explicit
08-05 23:01:04.538  5211 24923 I art     : Explicit concurrent mark sweep GC freed 1441(82KB) AllocSpace objects, 1(20KB) LOS objects, 27% free, 41MB/57MB, paused 1.198ms total 52.656ms
08-05 23:01:04.553  5211 24923 I art     : Starting a blocking GC Explicit
08-05 23:01:04.603  5211 24923 I art     : Explicit concurrent mark sweep GC freed 22(784B) AllocSpace objects, 0(0B) LOS objects, 27% free, 41MB/57MB, paused 1.220ms total 49.523ms
08-05 23:01:04.614  5211 24923 I art     : Starting a blocking GC Explicit
08-05 23:01:04.664  5211 24923 I art     : Explicit concurrent mark sweep GC freed 3(96B) AllocSpace objects, 0(0B) LOS objects, 27% free, 41MB/57MB, paused 1.144ms total 49.366ms
08-05 23:01:04.676  5211 24923 I art     : Starting a blocking GC Explicit
08-05 23:01:04.725  5211 24923 I art     : Explicit concurrent mark sweep GC freed 3(96B) AllocSpace objects, 0(0B) LOS objects, 27% free, 41MB/57MB, paused 1.185ms total 49.184ms
08-05 23:01:04.737  5211 24923 I art     : Starting a blocking GC Explicit
08-05 23:01:04.787  5211 24923 I art     : Explicit concurrent mark sweep GC freed 3(96B) AllocSpace objects, 0(0B) LOS objects, 27% free, 41MB/57MB, paused 1.311ms total 50.354ms
08-05 23:01:05.173  5211  5224 I art     : Starting a blocking GC Explicit
08-05 23:01:05.226  5211  5224 I art     : Explicit concurrent mark sweep GC freed 1442(82KB) AllocSpace objects, 1(20KB) LOS objects, 27% free, 41MB/57MB, paused 1.232ms total 52.834ms
08-05 23:01:05.238  5211  5224 I art     : Starting a blocking GC Explicit
08-05 23:01:05.290  5211  5224 I art     : Explicit concurrent mark sweep GC freed 22(784B) AllocSpace objects, 0(0B) LOS objects, 27% free, 41MB/57MB, paused 1.261ms total 51.773ms
08-05 23:01:05.302  5211  5224 I art     : Starting a blocking GC Explicit
08-05 23:01:05.353  5211  5224 I art     : Explicit concurrent mark sweep GC freed 3(96B) AllocSpace objects, 0(0B) LOS objects, 27% free, 41MB/57MB, paused 1.242ms total 50.759ms
08-05 23:01:05.365  5211  5224 I art     : Starting a blocking GC Explicit
08-05 23:01:05.417  5211  5224 I art     : Explicit concurrent mark sweep GC freed 3(96B) AllocSpace objects, 0(0B) LOS objects, 27% free, 41MB/57MB, paused 1.226ms total 52.108ms
08-05 23:01:05.429  5211  5224 I art     : Starting a blocking GC Explicit
08-05 23:01:05.479  5211  5224 I art     : Explicit concurrent mark sweep GC freed 3(96B) AllocSpace objects, 0(0B) LOS objects, 27% free, 41MB/57MB, paused 1.184ms total 49.333ms
08-05 23:01:05.840  5211  5223 I art     : Starting a blocking GC Explicit
08-05 23:01:05.891  5211  5223 I art     : Explicit concurrent mark sweep GC freed 1606(91KB) AllocSpace objects, 1(20KB) LOS objects, 27% free, 41MB/57MB, paused 1.325ms total 50.772ms
08-05 23:01:05.903  5211  5223 I art     : Starting a blocking GC Explicit
08-05 23:01:05.951  5211  5223 I art     : Explicit concurrent mark sweep GC freed 28(1040B) AllocSpace objects, 0(0B) LOS objects, 27% free, 41MB/57MB, paused 1.273ms total 47.926ms
08-05 23:01:05.963  5211  5223 I art     : Starting a blocking GC Explicit
08-05 23:01:06.013  5211  5223 I art     : Explicit concurrent mark sweep GC freed 3(96B) AllocSpace objects, 0(0B) LOS objects, 27% free, 41MB/57MB, paused 1.232ms total 49.833ms
08-05 23:01:06.024  5211  5223 I art     : Starting a blocking GC Explicit
08-05 23:01:06.072  5211  5223 I art     : Explicit concurrent mark sweep GC freed 1624(63KB) AllocSpace objects, 0(0B) LOS objects, 27% free, 41MB/57MB, paused 1.286ms total 47.815ms
08-05 23:01:06.084  5211  5223 I art     : Starting a blocking GC Explicit
08-05 23:01:06.093  5211 24875 E baseline.com.newsblur.network.APIResponse: Error (unexpected end of stream on https://www.newsblur.com/...) calling https://www.newsblur.com/reader/mark_story_hashes_as_read/
08-05 23:01:06.093  5211 24875 E baseline.com.newsblur.network.APIResponse: java.io.IOException: unexpected end of stream on https://www.newsblur.com/...
08-05 23:01:06.093  5211 24875 E baseline.com.newsblur.network.APIResponse: 	at okhttp3.internal.http1.Http1ExchangeCodec.readResponseHeaders(Http1ExchangeCodec.java:236)
08-05 23:01:06.093  5211 24875 E baseline.com.newsblur.network.APIResponse: 	at okhttp3.internal.connection.Exchange.readResponseHeaders(Exchange.java:115)
08-05 23:01:06.093  5211 24875 E baseline.com.newsblur.network.APIResponse: 	at okhttp3.internal.http.CallServerInterceptor.intercept(CallServerInterceptor.java:94)
08-05 23:01:06.093  5211 24875 E baseline.com.newsblur.network.APIResponse: 	at okhttp3.internal.http.RealInterceptorChain.proceed(RealInterceptorChain.java:142)
08-05 23:01:06.093  5211 24875 E baseline.com.newsblur.network.APIResponse: 	at okhttp3.internal.connection.ConnectInterceptor.intercept(ConnectInterceptor.java:43)
08-05 23:01:06.093  5211 24875 E baseline.com.newsblur.network.APIResponse: 	at okhttp3.internal.http.RealInterceptorChain.proceed(RealInterceptorChain.java:142)
08-05 23:01:06.093  5211 24875 E baseline.com.newsblur.network.APIResponse: 	at okhttp3.internal.http.RealInterceptorChain.proceed(RealInterceptorChain.java:117)
08-05 23:01:06.093  5211 24875 E baseline.com.newsblur.network.APIResponse: 	at okhttp3.internal.cache.CacheInterceptor.intercept(CacheInterceptor.java:94)
08-05 23:01:06.093  5211 24875 E baseline.com.newsblur.network.APIResponse: 	at okhttp3.internal.http.RealInterceptorChain.proceed(RealInterceptorChain.java:142)
08-05 23:01:06.093  5211 24875 E baseline.com.newsblur.network.APIResponse: 	at okhttp3.internal.http.RealInterceptorChain.proceed(RealInterceptorChain.java:117)
08-05 23:01:06.093  5211 24875 E baseline.com.newsblur.network.APIResponse: 	at okhttp3.internal.http.BridgeInterceptor.intercept(BridgeInterceptor.java:93)
08-05 23:01:06.093  5211 24875 E baseline.com.newsblur.network.APIResponse: 	at okhttp3.internal.http.RealInterceptorChain.proceed(RealInterceptorChain.java:142)
08-05 23:01:06.093  5211 24875 E baseline.com.newsblur.network.APIResponse: 	at okhttp3.internal.http.RetryAndFollowUpInterceptor.intercept(RetryAndFollowUpInterceptor.java:88)
08-05 23:01:06.093  5211 24875 E baseline.com.newsblur.network.APIResponse: 	at okhttp3.internal.http.RealInterceptorChain.proceed(RealInterceptorChain.java:142)
08-05 23:01:06.093  5211 24875 E baseline.com.newsblur.network.APIResponse: 	at okhttp3.internal.http.RealInterceptorChain.proceed(RealInterceptorChain.java:117)
08-05 23:01:06.093  5211 24875 E baseline.com.newsblur.network.APIResponse: 	at okhttp3.RealCall.getResponseWithInterceptorChain(RealCall.java:229)
08-05 23:01:06.093  5211 24875 E baseline.com.newsblur.network.APIResponse: 	at okhttp3.RealCall.execute(RealCall.java:81)
08-05 23:01:06.093  5211 24875 E baseline.com.newsblur.network.APIResponse: 	at baseline.com.newsblur.network.APIResponse.<init>(APIResponse.java:57)
08-05 23:01:06.093  5211 24875 E baseline.com.newsblur.network.APIResponse: 	at baseline.com.newsblur.network.APIResponse.<init>(APIResponse.java:43)
08-05 23:01:06.093  5211 24875 E baseline.com.newsblur.network.APIResponse: 	at baseline.com.newsblur.network.APIManager.post_single(APIManager.java:702)
08-05 23:01:06.093  5211 24875 E baseline.com.newsblur.network.APIResponse: 	at baseline.com.newsblur.network.APIManager.post(APIManager.java:675)
08-05 23:01:06.093  5211 24875 E baseline.com.newsblur.network.APIResponse: 	at baseline.com.newsblur.network.APIManager.post(APIManager.java:714)
08-05 23:01:06.093  5211 24875 E baseline.com.newsblur.network.APIResponse: 	at baseline.com.newsblur.network.APIManager.markStoryAsRead(APIManager.java:205)
08-05 23:01:06.093  5211 24875 E baseline.com.newsblur.network.APIResponse: 	at baseline.com.newsblur.util.ReadingAction.doRemote(ReadingAction.java:281)
08-05 23:01:06.093  5211 24875 E baseline.com.newsblur.network.APIResponse: 	at baseline.com.newsblur.service.NBSyncService.syncActions(NBSyncService.java:400)
08-05 23:01:06.093  5211 24875 E baseline.com.newsblur.network.APIResponse: 	at baseline.com.newsblur.service.NBSyncService.doSync(NBSyncService.java:298)
08-05 23:01:06.093  5211 24875 E baseline.com.newsblur.network.APIResponse: 	at baseline.com.newsblur.service.NBSyncService.access$100(NBSyncService.java:67)
08-05 23:01:06.093  5211 24875 E baseline.com.newsblur.network.APIResponse: 	at baseline.com.newsblur.service.NBSyncService$1.run(NBSyncService.java:188)
08-05 23:01:06.093  5211 24875 E baseline.com.newsblur.network.APIResponse: 	at java.util.concurrent.ThreadPoolExecutor.runWorker(ThreadPoolExecutor.java:1113)
08-05 23:01:06.093  5211 24875 E baseline.com.newsblur.network.APIResponse: 	at java.util.concurrent.ThreadPoolExecutor$Worker.run(ThreadPoolExecutor.java:588)
08-05 23:01:06.093  5211 24875 E baseline.com.newsblur.network.APIResponse: 	at java.lang.Thread.run(Thread.java:818)
08-05 23:01:06.093  5211 24875 E baseline.com.newsblur.network.APIResponse: Caused by: java.io.EOFException: \n not found: limit=0 content=
08-05 23:01:06.093  5211 24875 E baseline.com.newsblur.network.APIResponse: 	at okio.RealBufferedSource.readUtf8LineStrict(RealBufferedSource.java:240)
08-05 23:01:06.093  5211 24875 E baseline.com.newsblur.network.APIResponse: 	at okhttp3.internal.http1.Http1ExchangeCodec.readHeaderLine(Http1ExchangeCodec.java:242)
08-05 23:01:06.093  5211 24875 E baseline.com.newsblur.network.APIResponse: 	at okhttp3.internal.http1.Http1ExchangeCodec.readResponseHeaders(Http1ExchangeCodec.java:213)
08-05 23:01:06.093  5211 24875 E baseline.com.newsblur.network.APIResponse: 	... 30 more
08-05 23:01:06.095  5211 24875 I baseline.com.newsblur.service.NBSyncService: Holding reading action with server-side or network error.
08-05 23:01:06.098 25048 25048 D AndroidRuntime: >>>>>> START com.android.internal.os.RuntimeInit uid 2000 <<<<<<
08-05 23:01:06.103 25048 25048 D AndroidRuntime: CheckJNI is OFF
08-05 23:01:06.108  5211 24875 W baseline.com.newsblur.service.NBSyncService: hard API failure
08-05 23:01:06.132  5211  5223 I art     : Explicit concurrent mark sweep GC freed 1173(242KB) AllocSpace objects, 4(80KB) LOS objects, 27% free, 41MB/57MB, paused 1.285ms total 48.152ms
08-05 23:01:06.137 25048 25048 D ICU     : No timezone override file found: /data/misc/zoneinfo/current/icu/icu_tzdata.dat
08-05 23:01:06.170 25048 25048 I Radio-JNI: register_android_hardware_Radio DONE
08-05 23:01:06.190 25048 25048 D AndroidRuntime: Calling main entry com.android.commands.input.Input
08-05 23:01:06.192 25048 25048 I Input   : injectMotionEvent: MotionEvent { action=ACTION_DOWN, actionButton=0, id[0]=0, x[0]=436.0, y[0]=453.0, toolType[0]=TOOL_TYPE_UNKNOWN, buttonState=0, metaState=0, flags=0x0, edgeFlags=0x0, pointerCount=1, historySize=0, eventTime=831682605, downTime=831682605, deviceId=0, source=0x1002 }
08-05 23:01:06.198 25048 25048 I Input   : injectMotionEvent: MotionEvent { action=ACTION_UP, actionButton=0, id[0]=0, x[0]=436.0, y[0]=453.0, toolType[0]=TOOL_TYPE_UNKNOWN, buttonState=0, metaState=0, flags=0x0, edgeFlags=0x0, pointerCount=1, historySize=0, eventTime=831682605, downTime=831682605, deviceId=0, source=0x1002 }
08-05 23:01:06.200 25048 25048 D AndroidRuntime: Shutting down VM
08-05 23:01:06.206   512  2967 D audio_hw_primary: out_set_parameters: enter: usecase(1: low-latency-playback) kvpairs: routing=2
08-05 23:01:06.208   918  5132 I ActivityManager: START u0 {cmp=baseline.com.newsblur/.activity.AllSharedStoriesReading (has extras)} from uid 10698 on display 0
08-05 23:01:06.219   512  2967 D audio_hw_primary: select_devices: out_snd_device(2: speaker) in_snd_device(0: none)
08-05 23:01:06.219   512  2967 D msm8974_platform: platform_send_audio_calibration: sending audio calibration for snd_device(2) acdb_id(15)
08-05 23:01:06.219   512  2967 I soundtrigger: audio_extn_sound_trigger_update_device_status: device 0x2 of type 0 for Event 1
08-05 23:01:06.232   512  2967 D audio_hw_primary: enable_snd_device: snd_device(2: speaker)
08-05 23:01:06.234   512  2967 D audio_hw_primary: enable_audio_route: apply and update mixer path: low-latency-playback speaker
08-05 23:01:06.433   918   936 I ActivityManager: Displayed baseline.com.newsblur/.activity.AllSharedStoriesReading: +216ms
08-05 23:01:06.433 13866 13866 I GoogleInputMethodServic: GoogleInputMethodService.onFinishInput():3138 
08-05 23:01:06.434 13866 13866 I GoogleInputMethodServic: GoogleInputMethodService.onStartInput():1808 
08-05 23:01:06.437  5211 22763 I art     : Starting a blocking GC Explicit
08-05 23:01:06.492  5211 22763 I art     : Explicit concurrent mark sweep GC freed 4973(407KB) AllocSpace objects, 9(608KB) LOS objects, 27% free, 42MB/58MB, paused 1.711ms total 54.061ms
08-05 23:01:06.504  5211 22763 I art     : Starting a blocking GC Explicit
08-05 23:01:06.561  5211 22763 I art     : Explicit concurrent mark sweep GC freed 3202(174KB) AllocSpace objects, 9(216KB) LOS objects, 27% free, 42MB/58MB, paused 1.577ms total 56.133ms
08-05 23:01:06.574  5211 22763 I art     : Starting a blocking GC Explicit
08-05 23:01:06.579  5211 24875 E baseline.com.newsblur.network.APIResponse: Error (unexpected end of stream on https://www.newsblur.com/...) calling https://www.newsblur.com/reader/mark_story_hashes_as_read/
08-05 23:01:06.579  5211 24875 E baseline.com.newsblur.network.APIResponse: java.io.IOException: unexpected end of stream on https://www.newsblur.com/...
08-05 23:01:06.579  5211 24875 E baseline.com.newsblur.network.APIResponse: 	at okhttp3.internal.http1.Http1ExchangeCodec.readResponseHeaders(Http1ExchangeCodec.java:236)
08-05 23:01:06.579  5211 24875 E baseline.com.newsblur.network.APIResponse: 	at okhttp3.internal.connection.Exchange.readResponseHeaders(Exchange.java:115)
08-05 23:01:06.579  5211 24875 E baseline.com.newsblur.network.APIResponse: 	at okhttp3.internal.http.CallServerInterceptor.intercept(CallServerInterceptor.java:94)
08-05 23:01:06.579  5211 24875 E baseline.com.newsblur.network.APIResponse: 	at okhttp3.internal.http.RealInterceptorChain.proceed(RealInterceptorChain.java:142)
08-05 23:01:06.579  5211 24875 E baseline.com.newsblur.network.APIResponse: 	at okhttp3.internal.connection.ConnectInterceptor.intercept(ConnectInterceptor.java:43)
08-05 23:01:06.579  5211 24875 E baseline.com.newsblur.network.APIResponse: 	at okhttp3.internal.http.RealInterceptorChain.proceed(RealInterceptorChain.java:142)
08-05 23:01:06.579  5211 24875 E baseline.com.newsblur.network.APIResponse: 	at okhttp3.internal.http.RealInterceptorChain.proceed(RealInterceptorChain.java:117)
08-05 23:01:06.579  5211 24875 E baseline.com.newsblur.network.APIResponse: 	at okhttp3.internal.cache.CacheInterceptor.intercept(CacheInterceptor.java:94)
08-05 23:01:06.579  5211 24875 E baseline.com.newsblur.network.APIResponse: 	at okhttp3.internal.http.RealInterceptorChain.proceed(RealInterceptorChain.java:142)
08-05 23:01:06.579  5211 24875 E baseline.com.newsblur.network.APIResponse: 	at okhttp3.internal.http.RealInterceptorChain.proceed(RealInterceptorChain.java:117)
08-05 23:01:06.579  5211 24875 E baseline.com.newsblur.network.APIResponse: 	at okhttp3.internal.http.BridgeInterceptor.intercept(BridgeInterceptor.java:93)
08-05 23:01:06.579  5211 24875 E baseline.com.newsblur.network.APIResponse: 	at okhttp3.internal.http.RealInterceptorChain.proceed(RealInterceptorChain.java:142)
08-05 23:01:06.579  5211 24875 E baseline.com.newsblur.network.APIResponse: 	at okhttp3.internal.http.RetryAndFollowUpInterceptor.intercept(RetryAndFollowUpInterceptor.java:88)
08-05 23:01:06.579  5211 24875 E baseline.com.newsblur.network.APIResponse: 	at okhttp3.internal.http.RealInterceptorChain.proceed(RealInterceptorChain.java:142)
08-05 23:01:06.579  5211 24875 E baseline.com.newsblur.network.APIResponse: 	at okhttp3.internal.http.RealInterceptorChain.proceed(RealInterceptorChain.java:117)
08-05 23:01:06.579  5211 24875 E baseline.com.newsblur.network.APIResponse: 	at okhttp3.RealCall.getResponseWithInterceptorChain(RealCall.java:229)
08-05 23:01:06.579  5211 24875 E baseline.com.newsblur.network.APIResponse: 	at okhttp3.RealCall.execute(RealCall.java:81)
08-05 23:01:06.579  5211 24875 E baseline.com.newsblur.network.APIResponse: 	at baseline.com.newsblur.network.APIResponse.<init>(APIResponse.java:57)
08-05 23:01:06.579  5211 24875 E baseline.com.newsblur.network.APIResponse: 	at baseline.com.newsblur.network.APIResponse.<init>(APIResponse.java:43)
08-05 23:01:06.579  5211 24875 E baseline.com.newsblur.network.APIResponse: 	at baseline.com.newsblur.network.APIManager.post_single(APIManager.java:702)
08-05 23:01:06.579  5211 24875 E baseline.com.newsblur.network.APIResponse: 	at baseline.com.newsblur.network.APIManager.post(APIManager.java:675)
08-05 23:01:06.579  5211 24875 E baseline.com.newsblur.network.APIResponse: 	at baseline.com.newsblur.network.APIManager.post(APIManager.java:714)
08-05 23:01:06.579  5211 24875 E baseline.com.newsblur.network.APIResponse: 	at baseline.com.newsblur.network.APIManager.markStoryAsRead(APIManager.java:205)
08-05 23:01:06.579  5211 24875 E baseline.com.newsblur.network.APIResponse: 	at baseline.com.newsblur.util.ReadingAction.doRemote(ReadingAction.java:281)
08-05 23:01:06.579  5211 24875 E baseline.com.newsblur.network.APIResponse: 	at baseline.com.newsblur.service.NBSyncService.syncActions(NBSyncService.java:400)
08-05 23:01:06.579  5211 24875 E baseline.com.newsblur.network.APIResponse: 	at baseline.com.newsblur.service.NBSyncService.doSync(NBSyncService.java:298)
08-05 23:01:06.579  5211 24875 E baseline.com.newsblur.network.APIResponse: 	at baseline.com.newsblur.service.NBSyncService.access$100(NBSyncService.java:67)
08-05 23:01:06.579  5211 24875 E baseline.com.newsblur.network.APIResponse: 	at baseline.com.newsblur.service.NBSyncService$1.run(NBSyncService.java:188)
08-05 23:01:06.579  5211 24875 E baseline.com.newsblur.network.APIResponse: 	at java.util.concurrent.ThreadPoolExecutor.runWorker(ThreadPoolExecutor.java:1113)
08-05 23:01:06.579  5211 24875 E baseline.com.newsblur.network.APIResponse: 	at java.util.concurrent.ThreadPoolExecutor$Worker.run(ThreadPoolExecutor.java:588)
08-05 23:01:06.579  5211 24875 E baseline.com.newsblur.network.APIResponse: 	at java.lang.Thread.run(Thread.java:818)
08-05 23:01:06.579  5211 24875 E baseline.com.newsblur.network.APIResponse: Caused by: java.io.EOFException: \n not found: limit=0 content=
08-05 23:01:06.579  5211 24875 E baseline.com.newsblur.network.APIResponse: 	at okio.RealBufferedSource.readUtf8LineStrict(RealBufferedSource.java:240)
08-05 23:01:06.579  5211 24875 E baseline.com.newsblur.network.APIResponse: 	at okhttp3.internal.http1.Http1ExchangeCodec.readHeaderLine(Http1ExchangeCodec.java:242)
08-05 23:01:06.579  5211 24875 E baseline.com.newsblur.network.APIResponse: 	at okhttp3.internal.http1.Http1ExchangeCodec.readResponseHeaders(Http1ExchangeCodec.java:213)
08-05 23:01:06.579  5211 24875 E baseline.com.newsblur.network.APIResponse: 	... 30 more
08-05 23:01:06.580  5211 24875 I baseline.com.newsblur.network.APIManager: API call failed, pausing before retry number 1
08-05 23:01:06.622  5211 22763 I art     : Explicit concurrent mark sweep GC freed 1689(249KB) AllocSpace objects, 3(68KB) LOS objects, 27% free, 42MB/58MB, paused 1.386ms total 47.143ms
08-05 23:01:06.634  5211 22763 I art     : Starting a blocking GC Explicit
08-05 23:01:06.653  5211 23368 E chromium: [ERROR:tile_manager.cc(793)] WARNING: tile memory limits exceeded, some content may not draw
08-05 23:01:06.653  5211 23368 E chromium: [ERROR:tile_manager.cc(793)] WARNING: tile memory limits exceeded, some content may not draw
08-05 23:01:06.679  5211 22763 I art     : Explicit concurrent mark sweep GC freed 188(35KB) AllocSpace objects, 0(0B) LOS objects, 27% free, 42MB/58MB, paused 1.095ms total 45.285ms
08-05 23:01:06.690  5211 22763 I art     : Starting a blocking GC Explicit
08-05 23:01:06.735  5211 22763 I art     : Explicit concurrent mark sweep GC freed 45(1776B) AllocSpace objects, 0(0B) LOS objects, 27% free, 42MB/58MB, paused 1.158ms total 45.048ms
08-05 23:01:06.778   512  2967 D audio_hw_primary: disable_audio_route: reset and update mixer path: low-latency-playback speaker
08-05 23:01:06.779   512  2967 D audio_hw_primary: disable_snd_device: snd_device(2: speaker)
08-05 23:01:06.788   512  2967 I soundtrigger: audio_extn_sound_trigger_update_device_status: device 0x2 of type 0 for Event 0
08-05 23:01:07.063  5211  5223 I art     : Starting a blocking GC Explicit
08-05 23:01:07.119  5211  5223 I art     : Explicit concurrent mark sweep GC freed 1590(100KB) AllocSpace objects, 2(40KB) LOS objects, 27% free, 42MB/58MB, paused 1.310ms total 55.790ms
08-05 23:01:07.131  5211  5223 I art     : Starting a blocking GC Explicit
08-05 23:01:07.184  5211  5223 I art     : Explicit concurrent mark sweep GC freed 29(1072B) AllocSpace objects, 0(0B) LOS objects, 27% free, 42MB/58MB, paused 1.209ms total 52.900ms
08-05 23:01:07.197  5211  5223 I art     : Starting a blocking GC Explicit
08-05 23:01:07.251  5211  5223 I art     : Explicit concurrent mark sweep GC freed 3(96B) AllocSpace objects, 0(0B) LOS objects, 27% free, 42MB/58MB, paused 1.262ms total 54.259ms
08-05 23:01:07.263  5211  5223 I art     : Starting a blocking GC Explicit
08-05 23:01:07.319  5211  5223 I art     : Explicit concurrent mark sweep GC freed 3(96B) AllocSpace objects, 0(0B) LOS objects, 27% free, 42MB/58MB, paused 1.312ms total 55.337ms
08-05 23:01:07.332  5211  5223 I art     : Starting a blocking GC Explicit
08-05 23:01:07.385  5211  5223 I art     : Explicit concurrent mark sweep GC freed 3(96B) AllocSpace objects, 0(0B) LOS objects, 27% free, 42MB/58MB, paused 1.235ms total 53.121ms
08-05 23:01:07.695   518   646 I ThermalEngine: ACTION: GPU - Setting GPU[0] to 450000000
08-05 23:01:07.790  5211  5224 I art     : Starting a blocking GC Explicit
08-05 23:01:07.858  5211  5224 I art     : Explicit concurrent mark sweep GC freed 1484(84KB) AllocSpace objects, 1(20KB) LOS objects, 27% free, 42MB/58MB, paused 1.569ms total 67.488ms
08-05 23:01:07.874  5211  5224 I art     : Starting a blocking GC Explicit
08-05 23:01:07.942  5211  5224 I art     : Explicit concurrent mark sweep GC freed 42(1424B) AllocSpace objects, 0(0B) LOS objects, 27% free, 42MB/58MB, paused 1.445ms total 67.492ms
08-05 23:01:07.959  5211  5224 I art     : Starting a blocking GC Explicit
08-05 23:01:08.028  5211  5224 I art     : Explicit concurrent mark sweep GC freed 4(128B) AllocSpace objects, 0(0B) LOS objects, 27% free, 42MB/58MB, paused 1.695ms total 68.130ms
08-05 23:01:08.044  5211  5224 I art     : Starting a blocking GC Explicit
08-05 23:01:08.115  5211  5224 I art     : Explicit concurrent mark sweep GC freed 94(3KB) AllocSpace objects, 0(0B) LOS objects, 27% free, 42MB/58MB, paused 1.700ms total 71.441ms
08-05 23:01:08.131  5211  5224 I art     : Starting a blocking GC Explicit
08-05 23:01:08.205  5211  5224 I art     : Explicit concurrent mark sweep GC freed 74(4KB) AllocSpace objects, 0(0B) LOS objects, 27% free, 42MB/58MB, paused 1.739ms total 73.175ms
08-05 23:01:08.628  5211 24875 E baseline.com.newsblur.network.APIResponse: Error (unexpected end of stream on https://www.newsblur.com/...) calling https://www.newsblur.com/reader/mark_story_hashes_as_read/
08-05 23:01:08.628  5211 24875 E baseline.com.newsblur.network.APIResponse: java.io.IOException: unexpected end of stream on https://www.newsblur.com/...
08-05 23:01:08.628  5211 24875 E baseline.com.newsblur.network.APIResponse: 	at okhttp3.internal.http1.Http1ExchangeCodec.readResponseHeaders(Http1ExchangeCodec.java:236)
08-05 23:01:08.628  5211 24875 E baseline.com.newsblur.network.APIResponse: 	at okhttp3.internal.connection.Exchange.readResponseHeaders(Exchange.java:115)
08-05 23:01:08.628  5211 24875 E baseline.com.newsblur.network.APIResponse: 	at okhttp3.internal.http.CallServerInterceptor.intercept(CallServerInterceptor.java:94)
08-05 23:01:08.628  5211 24875 E baseline.com.newsblur.network.APIResponse: 	at okhttp3.internal.http.RealInterceptorChain.proceed(RealInterceptorChain.java:142)
08-05 23:01:08.628  5211 24875 E baseline.com.newsblur.network.APIResponse: 	at okhttp3.internal.connection.ConnectInterceptor.intercept(ConnectInterceptor.java:43)
08-05 23:01:08.628  5211 24875 E baseline.com.newsblur.network.APIResponse: 	at okhttp3.internal.http.RealInterceptorChain.proceed(RealInterceptorChain.java:142)
08-05 23:01:08.628  5211 24875 E baseline.com.newsblur.network.APIResponse: 	at okhttp3.internal.http.RealInterceptorChain.proceed(RealInterceptorChain.java:117)
08-05 23:01:08.628  5211 24875 E baseline.com.newsblur.network.APIResponse: 	at okhttp3.internal.cache.CacheInterceptor.intercept(CacheInterceptor.java:94)
08-05 23:01:08.628  5211 24875 E baseline.com.newsblur.network.APIResponse: 	at okhttp3.internal.http.RealInterceptorChain.proceed(RealInterceptorChain.java:142)
08-05 23:01:08.628  5211 24875 E baseline.com.newsblur.network.APIResponse: 	at okhttp3.internal.http.RealInterceptorChain.proceed(RealInterceptorChain.java:117)
08-05 23:01:08.628  5211 24875 E baseline.com.newsblur.network.APIResponse: 	at okhttp3.internal.http.BridgeInterceptor.intercept(BridgeInterceptor.java:93)
08-05 23:01:08.628  5211 24875 E baseline.com.newsblur.network.APIResponse: 	at okhttp3.internal.http.RealInterceptorChain.proceed(RealInterceptorChain.java:142)
08-05 23:01:08.628  5211 24875 E baseline.com.newsblur.network.APIResponse: 	at okhttp3.internal.http.RetryAndFollowUpInterceptor.intercept(RetryAndFollowUpInterceptor.java:88)
08-05 23:01:08.628  5211 24875 E baseline.com.newsblur.network.APIResponse: 	at okhttp3.internal.http.RealInterceptorChain.proceed(RealInterceptorChain.java:142)
08-05 23:01:08.628  5211 24875 E baseline.com.newsblur.network.APIResponse: 	at okhttp3.internal.http.RealInterceptorChain.proceed(RealInterceptorChain.java:117)
08-05 23:01:08.628  5211 24875 E baseline.com.newsblur.network.APIResponse: 	at okhttp3.RealCall.getResponseWithInterceptorChain(RealCall.java:229)
08-05 23:01:08.628  5211 24875 E baseline.com.newsblur.network.APIResponse: 	at okhttp3.RealCall.execute(RealCall.java:81)
08-05 23:01:08.628  5211 24875 E baseline.com.newsblur.network.APIResponse: 	at baseline.com.newsblur.network.APIResponse.<init>(APIResponse.java:57)
08-05 23:01:08.628  5211 24875 E baseline.com.newsblur.network.APIResponse: 	at baseline.com.newsblur.network.APIResponse.<init>(APIResponse.java:43)
08-05 23:01:08.628  5211 24875 E baseline.com.newsblur.network.APIResponse: 	at baseline.com.newsblur.network.APIManager.post_single(APIManager.java:702)
08-05 23:01:08.628  5211 24875 E baseline.com.newsblur.network.APIResponse: 	at baseline.com.newsblur.network.APIManager.post(APIManager.java:675)
08-05 23:01:08.628  5211 24875 E baseline.com.newsblur.network.APIResponse: 	at baseline.com.newsblur.network.APIManager.post(APIManager.java:714)
08-05 23:01:08.628  5211 24875 E baseline.com.newsblur.network.APIResponse: 	at baseline.com.newsblur.network.APIManager.markStoryAsRead(APIManager.java:205)
08-05 23:01:08.628  5211 24875 E baseline.com.newsblur.network.APIResponse: 	at baseline.com.newsblur.util.ReadingAction.doRemote(ReadingAction.java:281)
08-05 23:01:08.628  5211 24875 E baseline.com.newsblur.network.APIResponse: 	at baseline.com.newsblur.service.NBSyncService.syncActions(NBSyncService.java:400)
08-05 23:01:08.628  5211 24875 E baseline.com.newsblur.network.APIResponse: 	at baseline.com.newsblur.service.NBSyncService.doSync(NBSyncService.java:298)
08-05 23:01:08.628  5211 24875 E baseline.com.newsblur.network.APIResponse: 	at baseline.com.newsblur.service.NBSyncService.access$100(NBSyncService.java:67)
08-05 23:01:08.628  5211 24875 E baseline.com.newsblur.network.APIResponse: 	at baseline.com.newsblur.service.NBSyncService$1.run(NBSyncService.java:188)
08-05 23:01:08.628  5211 24875 E baseline.com.newsblur.network.APIResponse: 	at java.util.concurrent.ThreadPoolExecutor.runWorker(ThreadPoolExecutor.java:1113)
08-05 23:01:08.628  5211 24875 E baseline.com.newsblur.network.APIResponse: 	at java.util.concurrent.ThreadPoolExecutor$Worker.run(ThreadPoolExecutor.java:588)
08-05 23:01:08.628  5211 24875 E baseline.com.newsblur.network.APIResponse: 	at java.lang.Thread.run(Thread.java:818)
08-05 23:01:08.628  5211 24875 E baseline.com.newsblur.network.APIResponse: Caused by: java.io.EOFException: \n not found: limit=0 content=
08-05 23:01:08.628  5211 24875 E baseline.com.newsblur.network.APIResponse: 	at okio.RealBufferedSource.readUtf8LineStrict(RealBufferedSource.java:240)
08-05 23:01:08.628  5211 24875 E baseline.com.newsblur.network.APIResponse: 	at okhttp3.internal.http1.Http1ExchangeCodec.readHeaderLine(Http1ExchangeCodec.java:242)
08-05 23:01:08.628  5211 24875 E baseline.com.newsblur.network.APIResponse: 	at okhttp3.internal.http1.Http1ExchangeCodec.readResponseHeaders(Http1ExchangeCodec.java:213)
08-05 23:01:08.628  5211 24875 E baseline.com.newsblur.network.APIResponse: 	... 30 more
08-05 23:01:08.630  5211 24875 I baseline.com.newsblur.network.APIManager: API call failed, pausing before retry number 2
08-05 23:01:08.631  5211 23628 I art     : Starting a blocking GC Explicit
08-05 23:01:08.701  5211 23628 I art     : Explicit concurrent mark sweep GC freed 3956(358KB) AllocSpace objects, 3(60KB) LOS objects, 27% free, 42MB/58MB, paused 1.888ms total 69.900ms
08-05 23:01:08.721  5211 23628 I art     : Starting a blocking GC Explicit
08-05 23:01:08.787  5211 23628 I art     : Explicit concurrent mark sweep GC freed 115(4KB) AllocSpace objects, 0(0B) LOS objects, 27% free, 42MB/58MB, paused 1.589ms total 66.404ms
08-05 23:01:08.802  5211 23628 I art     : Starting a blocking GC Explicit
08-05 23:01:08.871  5211 23628 I art     : Explicit concurrent mark sweep GC freed 3(96B) AllocSpace objects, 0(0B) LOS objects, 27% free, 42MB/58MB, paused 1.658ms total 68.806ms
08-05 23:01:08.887  5211 23628 I art     : Starting a blocking GC Explicit
08-05 23:01:08.959  5211 23628 I art     : Explicit concurrent mark sweep GC freed 3(96B) AllocSpace objects, 0(0B) LOS objects, 27% free, 42MB/58MB, paused 1.713ms total 71.646ms
08-05 23:01:08.977  5211 23628 I art     : Starting a blocking GC Explicit
08-05 23:01:09.047  5211 23628 I art     : Explicit concurrent mark sweep GC freed 3(96B) AllocSpace objects, 0(0B) LOS objects, 27% free, 42MB/58MB, paused 1.642ms total 69.774ms
08-05 23:01:09.484  5211 24923 I art     : Starting a blocking GC Explicit
08-05 23:01:09.559  5211 24923 I art     : Explicit concurrent mark sweep GC freed 1447(83KB) AllocSpace objects, 1(20KB) LOS objects, 27% free, 42MB/58MB, paused 1.764ms total 75.423ms
08-05 23:01:09.578  5211 24923 I art     : Starting a blocking GC Explicit
08-05 23:01:09.645  5211 24923 I art     : Explicit concurrent mark sweep GC freed 329(17KB) AllocSpace objects, 0(0B) LOS objects, 27% free, 42MB/58MB, paused 1.676ms total 66.410ms
08-05 23:01:09.660  5211 24923 I art     : Starting a blocking GC Explicit
08-05 23:01:09.729  5211 24923 I art     : Explicit concurrent mark sweep GC freed 215(8KB) AllocSpace objects, 0(0B) LOS objects, 27% free, 42MB/58MB, paused 1.563ms total 69.002ms
08-05 23:01:09.745  5211 24923 I art     : Starting a blocking GC Explicit
08-05 23:01:09.805  5211 24923 I art     : Explicit concurrent mark sweep GC freed 4888(372KB) AllocSpace objects, 1(20KB) LOS objects, 27% free, 42MB/58MB, paused 1.644ms total 60.421ms
08-05 23:01:09.821  5211 24923 I art     : Starting a blocking GC Explicit
08-05 23:01:09.885  5211 24923 I art     : Explicit concurrent mark sweep GC freed 20(848B) AllocSpace objects, 0(0B) LOS objects, 27% free, 42MB/58MB, paused 1.617ms total 63.844ms
08-05 23:01:10.295  5211 22763 I art     : Starting a blocking GC Explicit
08-05 23:01:10.344 22733 22733 I ServiceManager: Waiting for service AtCmdFwd...
08-05 23:01:10.367  5211 22763 I art     : Explicit concurrent mark sweep GC freed 2273(125KB) AllocSpace objects, 1(20KB) LOS objects, 27% free, 42MB/58MB, paused 1.708ms total 70.623ms
08-05 23:01:10.386  5211 22763 I art     : Starting a blocking GC Explicit
08-05 23:01:10.451  5211 22763 I art     : Explicit concurrent mark sweep GC freed 451(44KB) AllocSpace objects, 0(0B) LOS objects, 27% free, 42MB/58MB, paused 1.582ms total 64.166ms
08-05 23:01:10.465  5211 22763 I art     : Starting a blocking GC Explicit
08-05 23:01:10.525  5211 22763 I art     : Explicit concurrent mark sweep GC freed 3(96B) AllocSpace objects, 0(0B) LOS objects, 27% free, 42MB/58MB, paused 1.689ms total 59.458ms
08-05 23:01:10.539  5211 22763 I art     : Starting a blocking GC Explicit
08-05 23:01:10.599  5211 22763 I art     : Explicit concurrent mark sweep GC freed 1889(76KB) AllocSpace objects, 0(0B) LOS objects, 27% free, 42MB/58MB, paused 1.642ms total 58.948ms
08-05 23:01:10.614  5211 22763 I art     : Starting a blocking GC Explicit
08-05 23:01:10.679  5211 22763 I art     : Explicit concurrent mark sweep GC freed 404(30KB) AllocSpace objects, 0(0B) LOS objects, 27% free, 42MB/58MB, paused 1.693ms total 65.073ms
08-05 23:01:10.983 25131 25131 D AndroidRuntime: >>>>>> START com.android.internal.os.RuntimeInit uid 2000 <<<<<<
08-05 23:01:10.989 25131 25131 D AndroidRuntime: CheckJNI is OFF
08-05 23:01:11.033 25131 25131 D ICU     : No timezone override file found: /data/misc/zoneinfo/current/icu/icu_tzdata.dat
08-05 23:01:11.075 25131 25131 I Radio-JNI: register_android_hardware_Radio DONE
08-05 23:01:11.092  5211  5223 I art     : Starting a blocking GC Explicit
08-05 23:01:11.106 25131 25131 D AndroidRuntime: Calling main entry com.android.commands.input.Input
08-05 23:01:11.109 25131 25131 I Input   : injectKeyEvent: KeyEvent { action=ACTION_DOWN, keyCode=KEYCODE_BACK, scanCode=0, metaState=0, flags=0x0, repeatCount=0, eventTime=831687521, downTime=831687521, deviceId=-1, source=0x101 }
08-05 23:01:11.115 25131 25131 I Input   : injectKeyEvent: KeyEvent { action=ACTION_UP, keyCode=KEYCODE_BACK, scanCode=0, metaState=0, flags=0x0, repeatCount=0, eventTime=831687521, downTime=831687521, deviceId=-1, source=0x101 }
08-05 23:01:11.121 25131 25131 D AndroidRuntime: Shutting down VM
08-05 23:01:11.134  5211  5211 D baseline.com.newsblur.service.NBSyncService: rejecting request for feedset that is exhaused
08-05 23:01:11.152  5211  5223 I art     : Explicit concurrent mark sweep GC freed 1711(124KB) AllocSpace objects, 3(60KB) LOS objects, 27% free, 42MB/58MB, paused 1.455ms total 60.229ms
08-05 23:01:11.167  5211  5223 I art     : Starting a blocking GC Explicit
08-05 23:01:11.225  5211  5223 I art     : Explicit concurrent mark sweep GC freed 70(2704B) AllocSpace objects, 0(0B) LOS objects, 27% free, 42MB/58MB, paused 1.532ms total 58.409ms
08-05 23:01:11.240  5211  5223 I art     : Starting a blocking GC Explicit
08-05 23:01:11.303  5211  5223 I art     : Explicit concurrent mark sweep GC freed 582(44KB) AllocSpace objects, 1(20KB) LOS objects, 27% free, 42MB/58MB, paused 1.625ms total 62.280ms
08-05 23:01:11.318  5211  5223 I art     : Starting a blocking GC Explicit
08-05 23:01:11.319  5211  5211 D baseline.com.newsblur.service.NBSyncService: rejecting request for feedset that is exhaused
08-05 23:01:11.344 22733 22733 I ServiceManager: Waiting for service AtCmdFwd...
08-05 23:01:11.370 13866 13866 I GoogleInputMethodServic: GoogleInputMethodService.onFinishInput():3138 
08-05 23:01:11.371 13866 13866 I GoogleInputMethodServic: GoogleInputMethodService.onStartInput():1808 
08-05 23:01:11.374  5211  5223 I art     : Explicit concurrent mark sweep GC freed 479(44KB) AllocSpace objects, 1(20KB) LOS objects, 27% free, 42MB/58MB, paused 1.688ms total 55.785ms
08-05 23:01:11.388  5211  5223 I art     : Starting a blocking GC Explicit
08-05 23:01:11.443  5211  5223 I art     : Explicit concurrent mark sweep GC freed 500(45KB) AllocSpace objects, 0(0B) LOS objects, 27% free, 42MB/58MB, paused 1.426ms total 55.650ms
08-05 23:01:11.700   518   646 I ThermalEngine: ACTION: GPU - Setting GPU[0] to 510000000
08-05 23:01:11.803  5211  5223 I art     : Starting a blocking GC Explicit
08-05 23:01:11.858  5211  5223 I art     : Explicit concurrent mark sweep GC freed 2879(152KB) AllocSpace objects, 2(48KB) LOS objects, 27% free, 42MB/58MB, paused 1.280ms total 54.499ms
08-05 23:01:11.871  5211  5223 I art     : Starting a blocking GC Explicit
08-05 23:01:11.925  5211  5223 I art     : Explicit concurrent mark sweep GC freed 163(7KB) AllocSpace objects, 0(0B) LOS objects, 27% free, 42MB/58MB, paused 1.284ms total 53.384ms
08-05 23:01:11.938  5211  5223 I art     : Starting a blocking GC Explicit
08-05 23:01:11.993  5211  5223 I art     : Explicit concurrent mark sweep GC freed 11(352B) AllocSpace objects, 0(0B) LOS objects, 27% free, 42MB/58MB, paused 1.146ms total 54.217ms
08-05 23:01:12.007  5211  5223 I art     : Starting a blocking GC Explicit
08-05 23:01:12.061  5211  5223 I art     : Explicit concurrent mark sweep GC freed 11(352B) AllocSpace objects, 0(0B) LOS objects, 27% free, 42MB/58MB, paused 1.306ms total 53.366ms
08-05 23:01:12.075  5211  5223 I art     : Starting a blocking GC Explicit
08-05 23:01:12.132  5211  5223 I art     : Explicit concurrent mark sweep GC freed 14(448B) AllocSpace objects, 0(0B) LOS objects, 27% free, 42MB/58MB, paused 1.477ms total 56.627ms
08-05 23:01:12.217  5211 24875 E baseline.com.newsblur.network.APIResponse: Error (unexpected end of stream on https://www.newsblur.com/...) calling https://www.newsblur.com/reader/mark_story_hashes_as_read/
08-05 23:01:12.217  5211 24875 E baseline.com.newsblur.network.APIResponse: java.io.IOException: unexpected end of stream on https://www.newsblur.com/...
08-05 23:01:12.217  5211 24875 E baseline.com.newsblur.network.APIResponse: 	at okhttp3.internal.http1.Http1ExchangeCodec.readResponseHeaders(Http1ExchangeCodec.java:236)
08-05 23:01:12.217  5211 24875 E baseline.com.newsblur.network.APIResponse: 	at okhttp3.internal.connection.Exchange.readResponseHeaders(Exchange.java:115)
08-05 23:01:12.217  5211 24875 E baseline.com.newsblur.network.APIResponse: 	at okhttp3.internal.http.CallServerInterceptor.intercept(CallServerInterceptor.java:94)
08-05 23:01:12.217  5211 24875 E baseline.com.newsblur.network.APIResponse: 	at okhttp3.internal.http.RealInterceptorChain.proceed(RealInterceptorChain.java:142)
08-05 23:01:12.217  5211 24875 E baseline.com.newsblur.network.APIResponse: 	at okhttp3.internal.connection.ConnectInterceptor.intercept(ConnectInterceptor.java:43)
08-05 23:01:12.217  5211 24875 E baseline.com.newsblur.network.APIResponse: 	at okhttp3.internal.http.RealInterceptorChain.proceed(RealInterceptorChain.java:142)
08-05 23:01:12.217  5211 24875 E baseline.com.newsblur.network.APIResponse: 	at okhttp3.internal.http.RealInterceptorChain.proceed(RealInterceptorChain.java:117)
08-05 23:01:12.217  5211 24875 E baseline.com.newsblur.network.APIResponse: 	at okhttp3.internal.cache.CacheInterceptor.intercept(CacheInterceptor.java:94)
08-05 23:01:12.217  5211 24875 E baseline.com.newsblur.network.APIResponse: 	at okhttp3.internal.http.RealInterceptorChain.proceed(RealInterceptorChain.java:142)
08-05 23:01:12.217  5211 24875 E baseline.com.newsblur.network.APIResponse: 	at okhttp3.internal.http.RealInterceptorChain.proceed(RealInterceptorChain.java:117)
08-05 23:01:12.217  5211 24875 E baseline.com.newsblur.network.APIResponse: 	at okhttp3.internal.http.BridgeInterceptor.intercept(BridgeInterceptor.java:93)
08-05 23:01:12.217  5211 24875 E baseline.com.newsblur.network.APIResponse: 	at okhttp3.internal.http.RealInterceptorChain.proceed(RealInterceptorChain.java:142)
08-05 23:01:12.217  5211 24875 E baseline.com.newsblur.network.APIResponse: 	at okhttp3.internal.http.RetryAndFollowUpInterceptor.intercept(RetryAndFollowUpInterceptor.java:88)
08-05 23:01:12.217  5211 24875 E baseline.com.newsblur.network.APIResponse: 	at okhttp3.internal.http.RealInterceptorChain.proceed(RealInterceptorChain.java:142)
08-05 23:01:12.217  5211 24875 E baseline.com.newsblur.network.APIResponse: 	at okhttp3.internal.http.RealInterceptorChain.proceed(RealInterceptorChain.java:117)
08-05 23:01:12.217  5211 24875 E baseline.com.newsblur.network.APIResponse: 	at okhttp3.RealCall.getResponseWithInterceptorChain(RealCall.java:229)
08-05 23:01:12.217  5211 24875 E baseline.com.newsblur.network.APIResponse: 	at okhttp3.RealCall.execute(RealCall.java:81)
08-05 23:01:12.217  5211 24875 E baseline.com.newsblur.network.APIResponse: 	at baseline.com.newsblur.network.APIResponse.<init>(APIResponse.java:57)
08-05 23:01:12.217  5211 24875 E baseline.com.newsblur.network.APIResponse: 	at baseline.com.newsblur.network.APIResponse.<init>(APIResponse.java:43)
08-05 23:01:12.217  5211 24875 E baseline.com.newsblur.network.APIResponse: 	at baseline.com.newsblur.network.APIManager.post_single(APIManager.java:702)
08-05 23:01:12.217  5211 24875 E baseline.com.newsblur.network.APIResponse: 	at baseline.com.newsblur.network.APIManager.post(APIManager.java:675)
08-05 23:01:12.217  5211 24875 E baseline.com.newsblur.network.APIResponse: 	at baseline.com.newsblur.network.APIManager.post(APIManager.java:714)
08-05 23:01:12.217  5211 24875 E baseline.com.newsblur.network.APIResponse: 	at baseline.com.newsblur.network.APIManager.markStoryAsRead(APIManager.java:205)
08-05 23:01:12.217  5211 24875 E baseline.com.newsblur.network.APIResponse: 	at baseline.com.newsblur.util.ReadingAction.doRemote(ReadingAction.java:281)
08-05 23:01:12.217  5211 24875 E baseline.com.newsblur.network.APIResponse: 	at baseline.com.newsblur.service.NBSyncService.syncActions(NBSyncService.java:400)
08-05 23:01:12.217  5211 24875 E baseline.com.newsblur.network.APIResponse: 	at baseline.com.newsblur.service.NBSyncService.doSync(NBSyncService.java:298)
08-05 23:01:12.217  5211 24875 E baseline.com.newsblur.network.APIResponse: 	at baseline.com.newsblur.service.NBSyncService.access$100(NBSyncService.java:67)
08-05 23:01:12.217  5211 24875 E baseline.com.newsblur.network.APIResponse: 	at baseline.com.newsblur.service.NBSyncService$1.run(NBSyncService.java:188)
08-05 23:01:12.217  5211 24875 E baseline.com.newsblur.network.APIResponse: 	at java.util.concurrent.ThreadPoolExecutor.runWorker(ThreadPoolExecutor.java:1113)
08-05 23:01:12.217  5211 24875 E baseline.com.newsblur.network.APIResponse: 	at java.util.concurrent.ThreadPoolExecutor$Worker.run(ThreadPoolExecutor.java:588)
08-05 23:01:12.217  5211 24875 E baseline.com.newsblur.network.APIResponse: 	at java.lang.Thread.run(Thread.java:818)
08-05 23:01:12.217  5211 24875 E baseline.com.newsblur.network.APIResponse: Caused by: java.io.EOFException: \n not found: limit=0 content=
08-05 23:01:12.217  5211 24875 E baseline.com.newsblur.network.APIResponse: 	at okio.RealBufferedSource.readUtf8LineStrict(RealBufferedSource.java:240)
08-05 23:01:12.217  5211 24875 E baseline.com.newsblur.network.APIResponse: 	at okhttp3.internal.http1.Http1ExchangeCodec.readHeaderLine(Http1ExchangeCodec.java:242)
08-05 23:01:12.217  5211 24875 E baseline.com.newsblur.network.APIResponse: 	at okhttp3.internal.http1.Http1ExchangeCodec.readResponseHeaders(Http1ExchangeCodec.java:213)
08-05 23:01:12.217  5211 24875 E baseline.com.newsblur.network.APIResponse: 	... 30 more
08-05 23:01:12.219  5211 24875 I baseline.com.newsblur.service.NBSyncService: Holding reading action with server-side or network error.
08-05 23:01:12.229  5211 24875 W baseline.com.newsblur.service.NBSyncService: hard API failure
08-05 23:01:12.238  5211 24875 I baseline.com.newsblur.service.NBSyncService: recounting dirty feed sets: 1
08-05 23:01:12.345 22733 22733 I ServiceManager: Waiting for service AtCmdFwd...
08-05 23:01:12.465   918  3261 D WifiStateMachine: starting scan for "H369AA63323"WPA_PSK with 2412,5180
08-05 23:01:12.487  5211 23628 I art     : Starting a blocking GC Explicit
08-05 23:01:12.543  5211 23628 I art     : Explicit concurrent mark sweep GC freed 4847(438KB) AllocSpace objects, 6(120KB) LOS objects, 27% free, 42MB/58MB, paused 1.298ms total 56.065ms
08-05 23:01:12.557  5211 23628 I art     : Starting a blocking GC Explicit
08-05 23:01:12.606  5211 23628 I art     : Explicit concurrent mark sweep GC freed 1964(76KB) AllocSpace objects, 0(0B) LOS objects, 27% free, 42MB/58MB, paused 1.240ms total 48.457ms
08-05 23:01:12.612  5211 24875 E baseline.com.newsblur.network.APIResponse: Error (unexpected end of stream on https://www.newsblur.com/...) calling https://www.newsblur.com/reader/feed_unread_count?feed_id=0
08-05 23:01:12.612  5211 24875 E baseline.com.newsblur.network.APIResponse: java.io.IOException: unexpected end of stream on https://www.newsblur.com/...
08-05 23:01:12.612  5211 24875 E baseline.com.newsblur.network.APIResponse: 	at okhttp3.internal.http1.Http1ExchangeCodec.readResponseHeaders(Http1ExchangeCodec.java:236)
08-05 23:01:12.612  5211 24875 E baseline.com.newsblur.network.APIResponse: 	at okhttp3.internal.connection.Exchange.readResponseHeaders(Exchange.java:115)
08-05 23:01:12.612  5211 24875 E baseline.com.newsblur.network.APIResponse: 	at okhttp3.internal.http.CallServerInterceptor.intercept(CallServerInterceptor.java:94)
08-05 23:01:12.612  5211 24875 E baseline.com.newsblur.network.APIResponse: 	at okhttp3.internal.http.RealInterceptorChain.proceed(RealInterceptorChain.java:142)
08-05 23:01:12.612  5211 24875 E baseline.com.newsblur.network.APIResponse: 	at okhttp3.internal.connection.ConnectInterceptor.intercept(ConnectInterceptor.java:43)
08-05 23:01:12.612  5211 24875 E baseline.com.newsblur.network.APIResponse: 	at okhttp3.internal.http.RealInterceptorChain.proceed(RealInterceptorChain.java:142)
08-05 23:01:12.612  5211 24875 E baseline.com.newsblur.network.APIResponse: 	at okhttp3.internal.http.RealInterceptorChain.proceed(RealInterceptorChain.java:117)
08-05 23:01:12.612  5211 24875 E baseline.com.newsblur.network.APIResponse: 	at okhttp3.internal.cache.CacheInterceptor.intercept(CacheInterceptor.java:94)
08-05 23:01:12.612  5211 24875 E baseline.com.newsblur.network.APIResponse: 	at okhttp3.internal.http.RealInterceptorChain.proceed(RealInterceptorChain.java:142)
08-05 23:01:12.612  5211 24875 E baseline.com.newsblur.network.APIResponse: 	at okhttp3.internal.http.RealInterceptorChain.proceed(RealInterceptorChain.java:117)
08-05 23:01:12.612  5211 24875 E baseline.com.newsblur.network.APIResponse: 	at okhttp3.internal.http.BridgeInterceptor.intercept(BridgeInterceptor.java:93)
08-05 23:01:12.612  5211 24875 E baseline.com.newsblur.network.APIResponse: 	at okhttp3.internal.http.RealInterceptorChain.proceed(RealInterceptorChain.java:142)
08-05 23:01:12.612  5211 24875 E baseline.com.newsblur.network.APIResponse: 	at okhttp3.internal.http.RetryAndFollowUpInterceptor.intercept(RetryAndFollowUpInterceptor.java:88)
08-05 23:01:12.612  5211 24875 E baseline.com.newsblur.network.APIResponse: 	at okhttp3.internal.http.RealInterceptorChain.proceed(RealInterceptorChain.java:142)
08-05 23:01:12.612  5211 24875 E baseline.com.newsblur.network.APIResponse: 	at okhttp3.internal.http.RealInterceptorChain.proceed(RealInterceptorChain.java:117)
08-05 23:01:12.612  5211 24875 E baseline.com.newsblur.network.APIResponse: 	at okhttp3.RealCall.getResponseWithInterceptorChain(RealCall.java:229)
08-05 23:01:12.612  5211 24875 E baseline.com.newsblur.network.APIResponse: 	at okhttp3.RealCall.execute(RealCall.java:81)
08-05 23:01:12.612  5211 24875 E baseline.com.newsblur.network.APIResponse: 	at baseline.com.newsblur.network.APIResponse.<init>(APIResponse.java:57)
08-05 23:01:12.612  5211 24875 E baseline.com.newsblur.network.APIResponse: 	at baseline.com.newsblur.network.APIManager.get_single(APIManager.java:639)
08-05 23:01:12.612  5211 24875 E baseline.com.newsblur.network.APIResponse: 	at baseline.com.newsblur.network.APIManager.get(APIManager.java:625)
08-05 23:01:12.612  5211 24875 E baseline.com.newsblur.network.APIResponse: 	at baseline.com.newsblur.network.APIManager.get(APIManager.java:667)
08-05 23:01:12.612  5211 24875 E baseline.com.newsblur.network.APIResponse: 	at baseline.com.newsblur.network.APIManager.getFeedUnreadCounts(APIManager.java:274)
08-05 23:01:12.612  5211 24875 E baseline.com.newsblur.network.APIResponse: 	at baseline.com.newsblur.service.NBSyncService.checkRecounts(NBSyncService.java:660)
08-05 23:01:12.612  5211 24875 E baseline.com.newsblur.network.APIResponse: 	at baseline.com.newsblur.service.NBSyncService.doSync(NBSyncService.java:310)
08-05 23:01:12.612  5211 24875 E baseline.com.newsblur.network.APIResponse: 	at baseline.com.newsblur.service.NBSyncService.access$100(NBSyncService.java:67)
08-05 23:01:12.612  5211 24875 E baseline.com.newsblur.network.APIResponse: 	at baseline.com.newsblur.service.NBSyncService$1.run(NBSyncService.java:188)
08-05 23:01:12.612  5211 24875 E baseline.com.newsblur.network.APIResponse: 	at java.util.concurrent.ThreadPoolExecutor.runWorker(ThreadPoolExecutor.java:1113)
08-05 23:01:12.612  5211 24875 E baseline.com.newsblur.network.APIResponse: 	at java.util.concurrent.ThreadPoolExecutor$Worker.run(ThreadPoolExecutor.java:588)
08-05 23:01:12.612  5211 24875 E baseline.com.newsblur.network.APIResponse: 	at java.lang.Thread.run(Thread.java:818)
08-05 23:01:12.612  5211 24875 E baseline.com.newsblur.network.APIResponse: Caused by: java.io.EOFException: \n not found: limit=0 content=
08-05 23:01:12.612  5211 24875 E baseline.com.newsblur.network.APIResponse: 	at okio.RealBufferedSource.readUtf8LineStrict(RealBufferedSource.java:240)
08-05 23:01:12.612  5211 24875 E baseline.com.newsblur.network.APIResponse: 	at okhttp3.internal.http1.Http1ExchangeCodec.readHeaderLine(Http1ExchangeCodec.java:242)
08-05 23:01:12.612  5211 24875 E baseline.com.newsblur.network.APIResponse: 	at okhttp3.internal.http1.Http1ExchangeCodec.readResponseHeaders(Http1ExchangeCodec.java:213)
08-05 23:01:12.612  5211 24875 E baseline.com.newsblur.network.APIResponse: 	... 28 more
08-05 23:01:12.614  5211 24875 I baseline.com.newsblur.network.APIManager: API call failed, pausing before retry number 1
08-05 23:01:12.619  5211 23628 I art     : Starting a blocking GC Explicit
08-05 23:01:12.670  5211 23628 I art     : Explicit concurrent mark sweep GC freed 856(208KB) AllocSpace objects, 2(40KB) LOS objects, 27% free, 41MB/57MB, paused 1.165ms total 50.646ms
08-05 23:01:12.681  5211 23628 I art     : Starting a blocking GC Explicit
08-05 23:01:12.702   518   646 I ThermalEngine: ACTION: GPU - Setting GPU[0] to 450000000
08-05 23:01:12.738  5211 23628 I art     : Explicit concurrent mark sweep GC freed 55(2048B) AllocSpace objects, 0(0B) LOS objects, 27% free, 41MB/57MB, paused 1.926ms total 57.027ms
08-05 23:01:12.753  5211 23628 I art     : Starting a blocking GC Explicit
08-05 23:01:12.816  5211 23628 I art     : Explicit concurrent mark sweep GC freed 6(192B) AllocSpace objects, 0(0B) LOS objects, 27% free, 41MB/57MB, paused 1.680ms total 62.326ms
08-05 23:01:12.821 25172 25172 D AndroidRuntime: >>>>>> START com.android.internal.os.RuntimeInit uid 2000 <<<<<<
08-05 23:01:12.826 25172 25172 D AndroidRuntime: CheckJNI is OFF
08-05 23:01:12.871 25172 25172 D ICU     : No timezone override file found: /data/misc/zoneinfo/current/icu/icu_tzdata.dat
08-05 23:01:12.914 25172 25172 I Radio-JNI: register_android_hardware_Radio DONE
08-05 23:01:12.943 25172 25172 D AndroidRuntime: Calling main entry com.android.commands.input.Input
08-05 23:01:12.945 25172 25172 I Input   : injectKeyEvent: KeyEvent { action=ACTION_DOWN, keyCode=KEYCODE_BACK, scanCode=0, metaState=0, flags=0x0, repeatCount=0, eventTime=831689358, downTime=831689358, deviceId=-1, source=0x101 }
08-05 23:01:12.957 25172 25172 I Input   : injectKeyEvent: KeyEvent { action=ACTION_UP, keyCode=KEYCODE_BACK, scanCode=0, metaState=0, flags=0x0, repeatCount=0, eventTime=831689358, downTime=831689358, deviceId=-1, source=0x101 }
08-05 23:01:12.964 25172 25172 D AndroidRuntime: Shutting down VM
08-05 23:01:12.986   918   937 W ProcessCpuTracker: Skipping unknown process pid 25183
08-05 23:01:13.185  5211 24923 I art     : Starting a blocking GC Explicit
08-05 23:01:13.189 13866 13866 I GoogleInputMethodServic: GoogleInputMethodService.onFinishInput():3138 
08-05 23:01:13.189 13866 13866 I GoogleInputMethodServic: GoogleInputMethodService.onStartInput():1808 
08-05 23:01:13.257  5211 24923 I art     : Explicit concurrent mark sweep GC freed 9784(666KB) AllocSpace objects, 13(260KB) LOS objects, 27% free, 41MB/57MB, paused 2.143ms total 71.405ms
08-05 23:01:13.271  5211 24923 I art     : Starting a blocking GC Explicit
08-05 23:01:13.328  5211 24923 I art     : Explicit concurrent mark sweep GC freed 259(10KB) AllocSpace objects, 0(0B) LOS objects, 27% free, 41MB/57MB, paused 1.433ms total 56.432ms
08-05 23:01:13.343  5211 24923 I art     : Starting a blocking GC Explicit
08-05 23:01:13.347 22733 22733 I ServiceManager: Waiting for service AtCmdFwd...
08-05 23:01:13.403  5211 24923 I art     : Explicit concurrent mark sweep GC freed 3(96B) AllocSpace objects, 0(0B) LOS objects, 27% free, 41MB/57MB, paused 1.510ms total 60.274ms
08-05 23:01:13.419  5211 24923 I art     : Starting a blocking GC Explicit
08-05 23:01:13.484  5211 24923 I art     : Explicit concurrent mark sweep GC freed 3(96B) AllocSpace objects, 0(0B) LOS objects, 27% free, 41MB/57MB, paused 1.875ms total 64.945ms
08-05 23:01:13.502  5211 24923 I art     : Starting a blocking GC Explicit
08-05 23:01:13.565  5211 24923 I art     : Explicit concurrent mark sweep GC freed 395(17KB) AllocSpace objects, 0(0B) LOS objects, 27% free, 41MB/57MB, paused 1.566ms total 63.034ms
08-05 23:01:13.954  5211  5223 I art     : Starting a blocking GC Explicit
08-05 23:01:14.020  5211  5223 I art     : Explicit concurrent mark sweep GC freed 1554(87KB) AllocSpace objects, 1(20KB) LOS objects, 27% free, 41MB/57MB, paused 1.719ms total 65.426ms
08-05 23:01:14.034  5211  5223 I art     : Starting a blocking GC Explicit
08-05 23:01:14.096  5211  5223 I art     : Explicit concurrent mark sweep GC freed 167(7KB) AllocSpace objects, 0(0B) LOS objects, 27% free, 41MB/57MB, paused 1.430ms total 61.093ms
08-05 23:01:14.111  5211  5223 I art     : Starting a blocking GC Explicit
08-05 23:01:14.173  5211  5223 I art     : Explicit concurrent mark sweep GC freed 107(4KB) AllocSpace objects, 0(0B) LOS objects, 27% free, 41MB/57MB, paused 1.739ms total 61.422ms
08-05 23:01:14.189  5211  5223 I art     : Starting a blocking GC Explicit
08-05 23:01:14.250  5211  5223 I art     : Explicit concurrent mark sweep GC freed 83(4KB) AllocSpace objects, 0(0B) LOS objects, 27% free, 41MB/57MB, paused 1.659ms total 61.214ms
08-05 23:01:14.266  5211  5223 I art     : Starting a blocking GC Explicit
08-05 23:01:14.323  5211  5223 I art     : Explicit concurrent mark sweep GC freed 20(1664B) AllocSpace objects, 0(0B) LOS objects, 27% free, 41MB/57MB, paused 1.583ms total 56.167ms
08-05 23:01:14.347 22733 22733 I ServiceManager: Waiting for service AtCmdFwd...
08-05 23:01:14.668  5211 24875 E baseline.com.newsblur.network.APIResponse: Error (unexpected end of stream on https://www.newsblur.com/...) calling https://www.newsblur.com/reader/feed_unread_count?feed_id=0
08-05 23:01:14.668  5211 24875 E baseline.com.newsblur.network.APIResponse: java.io.IOException: unexpected end of stream on https://www.newsblur.com/...
08-05 23:01:14.668  5211 24875 E baseline.com.newsblur.network.APIResponse: 	at okhttp3.internal.http1.Http1ExchangeCodec.readResponseHeaders(Http1ExchangeCodec.java:236)
08-05 23:01:14.668  5211 24875 E baseline.com.newsblur.network.APIResponse: 	at okhttp3.internal.connection.Exchange.readResponseHeaders(Exchange.java:115)
08-05 23:01:14.668  5211 24875 E baseline.com.newsblur.network.APIResponse: 	at okhttp3.internal.http.CallServerInterceptor.intercept(CallServerInterceptor.java:94)
08-05 23:01:14.668  5211 24875 E baseline.com.newsblur.network.APIResponse: 	at okhttp3.internal.http.RealInterceptorChain.proceed(RealInterceptorChain.java:142)
08-05 23:01:14.668  5211 24875 E baseline.com.newsblur.network.APIResponse: 	at okhttp3.internal.connection.ConnectInterceptor.intercept(ConnectInterceptor.java:43)
08-05 23:01:14.668  5211 24875 E baseline.com.newsblur.network.APIResponse: 	at okhttp3.internal.http.RealInterceptorChain.proceed(RealInterceptorChain.java:142)
08-05 23:01:14.668  5211 24875 E baseline.com.newsblur.network.APIResponse: 	at okhttp3.internal.http.RealInterceptorChain.proceed(RealInterceptorChain.java:117)
08-05 23:01:14.668  5211 24875 E baseline.com.newsblur.network.APIResponse: 	at okhttp3.internal.cache.CacheInterceptor.intercept(CacheInterceptor.java:94)
08-05 23:01:14.668  5211 24875 E baseline.com.newsblur.network.APIResponse: 	at okhttp3.internal.http.RealInterceptorChain.proceed(RealInterceptorChain.java:142)
08-05 23:01:14.668  5211 24875 E baseline.com.newsblur.network.APIResponse: 	at okhttp3.internal.http.RealInterceptorChain.proceed(RealInterceptorChain.java:117)
08-05 23:01:14.668  5211 24875 E baseline.com.newsblur.network.APIResponse: 	at okhttp3.internal.http.BridgeInterceptor.intercept(BridgeInterceptor.java:93)
08-05 23:01:14.668  5211 24875 E baseline.com.newsblur.network.APIResponse: 	at okhttp3.internal.http.RealInterceptorChain.proceed(RealInterceptorChain.java:142)
08-05 23:01:14.668  5211 24875 E baseline.com.newsblur.network.APIResponse: 	at okhttp3.internal.http.RetryAndFollowUpInterceptor.intercept(RetryAndFollowUpInterceptor.java:88)
08-05 23:01:14.668  5211 24875 E baseline.com.newsblur.network.APIResponse: 	at okhttp3.internal.http.RealInterceptorChain.proceed(RealInterceptorChain.java:142)
08-05 23:01:14.668  5211 24875 E baseline.com.newsblur.network.APIResponse: 	at okhttp3.internal.http.RealInterceptorChain.proceed(RealInterceptorChain.java:117)
08-05 23:01:14.668  5211 24875 E baseline.com.newsblur.network.APIResponse: 	at okhttp3.RealCall.getResponseWithInterceptorChain(RealCall.java:229)
08-05 23:01:14.668  5211 24875 E baseline.com.newsblur.network.APIResponse: 	at okhttp3.RealCall.execute(RealCall.java:81)
08-05 23:01:14.668  5211 24875 E baseline.com.newsblur.network.APIResponse: 	at baseline.com.newsblur.network.APIResponse.<init>(APIResponse.java:57)
08-05 23:01:14.668  5211 24875 E baseline.com.newsblur.network.APIResponse: 	at baseline.com.newsblur.network.APIManager.get_single(APIManager.java:639)
08-05 23:01:14.668  5211 24875 E baseline.com.newsblur.network.APIResponse: 	at baseline.com.newsblur.network.APIManager.get(APIManager.java:625)
08-05 23:01:14.668  5211 24875 E baseline.com.newsblur.network.APIResponse: 	at baseline.com.newsblur.network.APIManager.get(APIManager.java:667)
08-05 23:01:14.668  5211 24875 E baseline.com.newsblur.network.APIResponse: 	at baseline.com.newsblur.network.APIManager.getFeedUnreadCounts(APIManager.java:274)
08-05 23:01:14.668  5211 24875 E baseline.com.newsblur.network.APIResponse: 	at baseline.com.newsblur.service.NBSyncService.checkRecounts(NBSyncService.java:660)
08-05 23:01:14.668  5211 24875 E baseline.com.newsblur.network.APIResponse: 	at baseline.com.newsblur.service.NBSyncService.doSync(NBSyncService.java:310)
08-05 23:01:14.668  5211 24875 E baseline.com.newsblur.network.APIResponse: 	at baseline.com.newsblur.service.NBSyncService.access$100(NBSyncService.java:67)
08-05 23:01:14.668  5211 24875 E baseline.com.newsblur.network.APIResponse: 	at baseline.com.newsblur.service.NBSyncService$1.run(NBSyncService.java:188)
08-05 23:01:14.668  5211 24875 E baseline.com.newsblur.network.APIResponse: 	at java.util.concurrent.ThreadPoolExecutor.runWorker(ThreadPoolExecutor.java:1113)
08-05 23:01:14.668  5211 24875 E baseline.com.newsblur.network.APIResponse: 	at java.util.concurrent.ThreadPoolExecutor$Worker.run(ThreadPoolExecutor.java:588)
08-05 23:01:14.668  5211 24875 E baseline.com.newsblur.network.APIResponse: 	at java.lang.Thread.run(Thread.java:818)
08-05 23:01:14.668  5211 24875 E baseline.com.newsblur.network.APIResponse: Caused by: java.io.EOFException: \n not found: limit=0 content=
08-05 23:01:14.668  5211 24875 E baseline.com.newsblur.network.APIResponse: 	at okio.RealBufferedSource.readUtf8LineStrict(RealBufferedSource.java:240)
08-05 23:01:14.668  5211 24875 E baseline.com.newsblur.network.APIResponse: 	at okhttp3.internal.http1.Http1ExchangeCodec.readHeaderLine(Http1ExchangeCodec.java:242)
08-05 23:01:14.668  5211 24875 E baseline.com.newsblur.network.APIResponse: 	at okhttp3.internal.http1.Http1ExchangeCodec.readResponseHeaders(Http1ExchangeCodec.java:213)
08-05 23:01:14.668  5211 24875 E baseline.com.newsblur.network.APIResponse: 	... 28 more
08-05 23:01:14.669  5211 24875 I baseline.com.newsblur.network.APIManager: API call failed, pausing before retry number 2
08-05 23:01:14.703  5211 24923 I art     : Starting a blocking GC Explicit
08-05 23:01:14.766  5211 24923 I art     : Explicit concurrent mark sweep GC freed 3968(356KB) AllocSpace objects, 3(60KB) LOS objects, 27% free, 41MB/57MB, paused 1.678ms total 63.385ms
08-05 23:01:14.778 25212 25212 D AndroidRuntime: >>>>>> START com.android.internal.os.RuntimeInit uid 2000 <<<<<<
08-05 23:01:14.782  5211 24923 I art     : Starting a blocking GC Explicit
08-05 23:01:14.784 25212 25212 D AndroidRuntime: CheckJNI is OFF
08-05 23:01:14.829 25212 25212 D ICU     : No timezone override file found: /data/misc/zoneinfo/current/icu/icu_tzdata.dat
08-05 23:01:14.847  5211 24923 I art     : Explicit concurrent mark sweep GC freed 119(4KB) AllocSpace objects, 0(0B) LOS objects, 27% free, 41MB/57MB, paused 1.623ms total 64.400ms
08-05 23:01:14.862  5211 24923 I art     : Starting a blocking GC Explicit
08-05 23:01:14.879 25212 25212 I Radio-JNI: register_android_hardware_Radio DONE
08-05 23:01:14.908 25212 25212 D AndroidRuntime: Calling main entry com.android.commands.am.Am
08-05 23:01:14.917  3167  3167 I Trepn   : Trepn 6.2s: Received intent: com.quicinc.trepn.stop_profiling
08-05 23:01:14.926  5211 24923 I art     : Explicit concurrent mark sweep GC freed 3(96B) AllocSpace objects, 0(0B) LOS objects, 27% free, 41MB/57MB, paused 1.631ms total 63.358ms
08-05 23:01:14.941  5211 24923 I art     : Starting a blocking GC Explicit
08-05 23:01:14.972  3167  3167 I Trepn   : Trepn 6.2s: Trepn has Stopped Profiling.
08-05 23:01:14.998  5211 24923 I art     : Explicit concurrent mark sweep GC freed 3(96B) AllocSpace objects, 0(0B) LOS objects, 27% free, 41MB/57MB, paused 1.735ms total 56.815ms
08-05 23:01:15.013  5211 24923 I art     : Starting a blocking GC Explicit
08-05 23:01:15.081  5211 24923 I art     : Explicit concurrent mark sweep GC freed 3(96B) AllocSpace objects, 0(0B) LOS objects, 27% free, 41MB/57MB, paused 1.730ms total 67.972ms
08-05 23:01:15.195 25212 25212 D AndroidRuntime: Shutting down VM
08-05 23:01:15.213   918  3714 W AppOps  : Finishing op nesting under-run: uid 10078 pkg com.quicinc.trepn code 24 time=0 duration=0 nesting=0
08-05 23:01:15.347 22733 22733 W Atfwd_Sendcmd: AtCmdFwd service not published, waiting... retryCnt : 4
08-05 23:01:15.452  5211 23628 I art     : Starting a blocking GC Explicit
08-05 23:01:15.508  5211 23628 I art     : Explicit concurrent mark sweep GC freed 1442(82KB) AllocSpace objects, 1(20KB) LOS objects, 27% free, 41MB/57MB, paused 1.521ms total 56.498ms
08-05 23:01:15.523  5211 23628 I art     : Starting a blocking GC Explicit
08-05 23:01:15.578  5211 23628 I art     : Explicit concurrent mark sweep GC freed 22(784B) AllocSpace objects, 0(0B) LOS objects, 27% free, 41MB/57MB, paused 1.480ms total 55.068ms
08-05 23:01:15.592  5211 23628 I art     : Starting a blocking GC Explicit
08-05 23:01:15.650  5211 23628 I art     : Explicit concurrent mark sweep GC freed 3(96B) AllocSpace objects, 0(0B) LOS objects, 27% free, 41MB/57MB, paused 1.513ms total 58.127ms
08-05 23:01:15.665  5211 23628 I art     : Starting a blocking GC Explicit
08-05 23:01:15.723  5211 23628 I art     : Explicit concurrent mark sweep GC freed 3(96B) AllocSpace objects, 0(0B) LOS objects, 27% free, 41MB/57MB, paused 1.585ms total 58.374ms
08-05 23:01:15.738  5211 23628 I art     : Starting a blocking GC Explicit
08-05 23:01:15.798  5211 23628 I art     : Explicit concurrent mark sweep GC freed 3(96B) AllocSpace objects, 0(0B) LOS objects, 27% free, 41MB/57MB, paused 1.732ms total 59.722ms
