--------- beginning of main
08-06 05:31:53.407  8757  8757 D AndroidRuntime: >>>>>> START com.android.internal.os.RuntimeInit uid 2000 <<<<<<
08-06 05:31:53.413  8757  8757 D AndroidRuntime: CheckJNI is OFF
08-06 05:31:53.440  8757  8757 D ICU     : No timezone override file found: /data/misc/zoneinfo/current/icu/icu_tzdata.dat
08-06 05:31:53.485  8757  8757 I Radio-JNI: register_android_hardware_Radio DONE
08-06 05:31:53.504  8757  8757 D AndroidRuntime: Calling main entry com.android.commands.monkey.Monkey
--------- beginning of system
08-06 05:31:53.522   918   931 W BroadcastQueue: Skipping deliver [background] BroadcastRecord{7c685e3 u-1 android.net.conn.CONNECTIVITY_CHANGE} to ReceiverList{ce45be0 8757 (unknown name)/2000/u-1 remote:bcaec74}: process crashing
08-06 05:31:53.533   918  4413 I ActivityManager: START u0 {act=android.intent.action.MAIN cat=[android.intent.category.LAUNCHER] flg=0x10200000 cmp=baseline.com.newsblur/.activity.InitActivity} from uid 2000 on display 0
08-06 05:31:53.566  8766  8766 I art     : Late-enabling -Xcheck:jni
08-06 05:31:53.570   918  3961 I ActivityManager: Start proc 8766:baseline.com.newsblur/u0a698 for activity baseline.com.newsblur/.activity.InitActivity
08-06 05:31:53.588  8757  8757 I art     : System.exit called, status: 0
08-06 05:31:53.588  8757  8757 I AndroidRuntime: VM exiting with result code 0.
08-06 05:31:53.623  8766  8766 W System  : ClassLoader referenced unknown path: /data/app/baseline.com.newsblur-1/lib/arm64
08-06 05:31:53.642 16458  6583 I PBSessionCacheImpl: Deleted sessionId[72384646105454640] from persistence.
08-06 05:31:53.650 16458 16488 W SearchServiceCore: Abort, client detached.
08-06 05:31:53.651 16458 16488 I MicroDetectionState: Should stop hotword detection immediately - true
08-06 05:31:53.682  8766  8766 I baseline.com.newsblur.activity.InitActivity: cold launching version 9.0b1
08-06 05:31:53.690  8766  8782 D OpenGLRenderer: Use EGL_SWAP_BEHAVIOR_PRESERVED: true
08-06 05:31:53.737  8766  8782 I Adreno  : QUALCOMM build                   : fcf4852, I1af360237c
08-06 05:31:53.737  8766  8782 I Adreno  : Build Date                       : 09/23/15
08-06 05:31:53.737  8766  8782 I Adreno  : OpenGL ES Shader Compiler Version: XE031.05.13.02
08-06 05:31:53.737  8766  8782 I Adreno  : Local Branch                     : mybranch14465806
08-06 05:31:53.737  8766  8782 I Adreno  : Remote Branch                    : quic/LA.BF64.1.2.9_v2
08-06 05:31:53.737  8766  8782 I Adreno  : Remote Branch                    : NONE
08-06 05:31:53.737  8766  8782 I Adreno  : Reconstruct Branch               : NOTHING
08-06 05:31:53.750  8766  8782 I OpenGLRenderer: Initialized EGL, version 1.4
08-06 05:31:53.777   918  3359 I ActivityManager: START u0 {cmp=baseline.com.newsblur/.activity.Main} from uid 10698 on display 0
08-06 05:31:53.803   918  5481 W InputMethodManagerService: Focus gain on non-focused client com.android.internal.view.IInputMethodClient$Stub$Proxy@4e4de28 (uid=10698 pid=8766)
08-06 05:31:53.824  8745  8745 I ServiceManager: Waiting for service AtCmdFwd...
08-06 05:31:53.993  8766  8766 I art     : Rejecting re-init on previously-failed class java.lang.Class<androidx.core.view.ViewCompat$OnUnhandledKeyEventListenerWrapper>
08-06 05:31:53.993  8766  8766 I art     : Rejecting re-init on previously-failed class java.lang.Class<androidx.core.view.ViewCompat$OnUnhandledKeyEventListenerWrapper>
08-06 05:31:54.038  8766  8766 E BitmapFactory: Unable to decode stream: java.io.FileNotFoundException: /data/user/0/baseline.com.newsblur/cache/userProfilePicture: open failed: ENOENT (No such file or directory)
08-06 05:31:54.178  8766  8776 I art     : Background sticky concurrent mark sweep GC freed 24193(1875KB) AllocSpace objects, 24(572KB) LOS objects, 16% free, 25MB/30MB, paused 6.959ms total 53.307ms
08-06 05:31:54.321   918   936 I ActivityManager: Displayed baseline.com.newsblur/.activity.Main: +516ms (total +780ms)
08-06 05:31:54.331 13866 13866 I GoogleInputMethodServic: GoogleInputMethodService.onFinishInput():3138 
08-06 05:31:54.332 13866 13866 I GoogleInputMethodServic: GoogleInputMethodService.onStartInput():1808 
08-06 05:31:54.825  8745  8745 I ServiceManager: Waiting for service AtCmdFwd...
08-06 05:31:55.210  8808  8808 D AndroidRuntime: >>>>>> START com.android.internal.os.RuntimeInit uid 2000 <<<<<<
08-06 05:31:55.217  8808  8808 D AndroidRuntime: CheckJNI is OFF
08-06 05:31:55.245  8808  8808 D ICU     : No timezone override file found: /data/misc/zoneinfo/current/icu/icu_tzdata.dat
08-06 05:31:55.273  8808  8808 I Radio-JNI: register_android_hardware_Radio DONE
08-06 05:31:55.289  8808  8808 D AndroidRuntime: Calling main entry com.android.commands.am.Am
08-06 05:31:55.301  3167  3167 I Trepn   : Trepn 6.2s: Received intent: com.quicinc.trepn.start_profiling
08-06 05:31:55.457  3167  3167 W FileUtils: Failed to chmod(/storage/emulated/0/trepn/Trepn_2020.08.06_053155.db): android.system.ErrnoException: chmod failed: EPERM (Operation not permitted)
08-06 05:31:55.585  3167  3167 I Trepn   : Trepn 6.2s: Trepn has Started Profiling.
08-06 05:31:55.588  8808  8808 D AndroidRuntime: Shutting down VM
08-06 05:31:55.826  8745  8745 I ServiceManager: Waiting for service AtCmdFwd...
08-06 05:31:55.997   918  3261 D WifiStateMachine: starting scan for "H369AA63323"WPA_PSK with 2412,5180
08-06 05:31:56.081  8766  8777 I art     : Starting a blocking GC Explicit
08-06 05:31:56.098  8766  8777 I art     : Explicit concurrent mark sweep GC freed 6975(422KB) AllocSpace objects, 11(400KB) LOS objects, 38% free, 25MB/41MB, paused 204us total 16.959ms
08-06 05:31:56.105  8766  8777 I art     : Starting a blocking GC Explicit
08-06 05:31:56.116  8766  8777 I art     : Explicit concurrent mark sweep GC freed 946(59KB) AllocSpace objects, 0(0B) LOS objects, 38% free, 25MB/41MB, paused 170us total 10.300ms
08-06 05:31:56.123  8766  8777 I art     : Starting a blocking GC Explicit
08-06 05:31:56.133  8766  8777 I art     : Explicit concurrent mark sweep GC freed 3(96B) AllocSpace objects, 0(0B) LOS objects, 38% free, 25MB/41MB, paused 156us total 9.148ms
08-06 05:31:56.138  8766  8777 I art     : Starting a blocking GC Explicit
08-06 05:31:56.148  8766  8777 I art     : Explicit concurrent mark sweep GC freed 6(208B) AllocSpace objects, 0(0B) LOS objects, 38% free, 25MB/41MB, paused 151us total 9.543ms
08-06 05:31:56.153  8766  8777 I art     : Starting a blocking GC Explicit
08-06 05:31:56.162  8766  8777 I art     : Explicit concurrent mark sweep GC freed 3(96B) AllocSpace objects, 0(0B) LOS objects, 38% free, 25MB/41MB, paused 151us total 9.388ms
08-06 05:31:56.442  8766  8778 I art     : Starting a blocking GC Explicit
08-06 05:31:56.458  8766  8778 I art     : Explicit concurrent mark sweep GC freed 1391(80KB) AllocSpace objects, 1(20KB) LOS objects, 38% free, 25MB/41MB, paused 210us total 16.020ms
08-06 05:31:56.467  8766  8778 I art     : Starting a blocking GC Explicit
08-06 05:31:56.479  8766  8778 I art     : Explicit concurrent mark sweep GC freed 20(704B) AllocSpace objects, 0(0B) LOS objects, 38% free, 25MB/41MB, paused 177us total 10.936ms
08-06 05:31:56.485  8766  8778 I art     : Starting a blocking GC Explicit
08-06 05:31:56.496  8766  8778 I art     : Explicit concurrent mark sweep GC freed 3(96B) AllocSpace objects, 0(0B) LOS objects, 38% free, 25MB/41MB, paused 175us total 11.225ms
08-06 05:31:56.503  8766  8778 I art     : Starting a blocking GC Explicit
08-06 05:31:56.513  8766  8778 I art     : Explicit concurrent mark sweep GC freed 3(96B) AllocSpace objects, 0(0B) LOS objects, 38% free, 25MB/41MB, paused 165us total 10.541ms
08-06 05:31:56.519  8766  8778 I art     : Starting a blocking GC Explicit
08-06 05:31:56.530  8766  8778 I art     : Explicit concurrent mark sweep GC freed 3(96B) AllocSpace objects, 0(0B) LOS objects, 38% free, 25MB/41MB, paused 173us total 10.602ms
08-06 05:31:56.809  8766  8836 I art     : Starting a blocking GC Explicit
08-06 05:31:56.823  8766  8836 I art     : Explicit concurrent mark sweep GC freed 1379(80KB) AllocSpace objects, 1(20KB) LOS objects, 38% free, 25MB/41MB, paused 188us total 13.219ms
08-06 05:31:56.827  8745  8745 I ServiceManager: Waiting for service AtCmdFwd...
08-06 05:31:56.829  8766  8836 I art     : Starting a blocking GC Explicit
08-06 05:31:56.840  8766  8836 I art     : Explicit concurrent mark sweep GC freed 20(704B) AllocSpace objects, 0(0B) LOS objects, 38% free, 25MB/41MB, paused 170us total 11.095ms
08-06 05:31:56.846  8766  8836 I art     : Starting a blocking GC Explicit
08-06 05:31:56.857  8766  8836 I art     : Explicit concurrent mark sweep GC freed 3(96B) AllocSpace objects, 0(0B) LOS objects, 38% free, 25MB/41MB, paused 172us total 10.755ms
08-06 05:31:56.863  8766  8836 I art     : Starting a blocking GC Explicit
08-06 05:31:56.874  8766  8836 I art     : Explicit concurrent mark sweep GC freed 3(96B) AllocSpace objects, 0(0B) LOS objects, 38% free, 25MB/41MB, paused 173us total 10.512ms
08-06 05:31:56.880  8766  8836 I art     : Starting a blocking GC Explicit
08-06 05:31:56.890  8766  8836 I art     : Explicit concurrent mark sweep GC freed 3(96B) AllocSpace objects, 0(0B) LOS objects, 38% free, 25MB/41MB, paused 165us total 10.490ms
08-06 05:31:57.189  8766  8777 I art     : Starting a blocking GC Explicit
08-06 05:31:57.203  8766  8777 I art     : Explicit concurrent mark sweep GC freed 1378(80KB) AllocSpace objects, 1(20KB) LOS objects, 38% free, 25MB/41MB, paused 178us total 13.314ms
08-06 05:31:57.210  8766  8777 I art     : Starting a blocking GC Explicit
08-06 05:31:57.221  8766  8777 I art     : Explicit concurrent mark sweep GC freed 20(704B) AllocSpace objects, 0(0B) LOS objects, 38% free, 25MB/41MB, paused 165us total 11.472ms
08-06 05:31:57.228  8766  8777 I art     : Starting a blocking GC Explicit
08-06 05:31:57.239  8766  8777 I art     : Explicit concurrent mark sweep GC freed 3(96B) AllocSpace objects, 0(0B) LOS objects, 38% free, 25MB/41MB, paused 154us total 10.981ms
08-06 05:31:57.245  8766  8777 I art     : Starting a blocking GC Explicit
08-06 05:31:57.256  8766  8777 I art     : Explicit concurrent mark sweep GC freed 3(96B) AllocSpace objects, 0(0B) LOS objects, 38% free, 25MB/41MB, paused 158us total 11.261ms
08-06 05:31:57.262  8766  8777 I art     : Starting a blocking GC Explicit
08-06 05:31:57.273  8766  8777 I art     : Explicit concurrent mark sweep GC freed 3(96B) AllocSpace objects, 0(0B) LOS objects, 38% free, 25MB/41MB, paused 158us total 10.621ms
08-06 05:31:57.578  8766  8778 I art     : Starting a blocking GC Explicit
08-06 05:31:57.591  8766  8778 I art     : Explicit concurrent mark sweep GC freed 1378(80KB) AllocSpace objects, 1(20KB) LOS objects, 38% free, 25MB/41MB, paused 193us total 13.376ms
08-06 05:31:57.598  8766  8778 I art     : Starting a blocking GC Explicit
08-06 05:31:57.610  8766  8778 I art     : Explicit concurrent mark sweep GC freed 20(704B) AllocSpace objects, 0(0B) LOS objects, 38% free, 25MB/41MB, paused 178us total 11.729ms
08-06 05:31:57.616  8766  8778 I art     : Starting a blocking GC Explicit
08-06 05:31:57.627  8766  8778 I art     : Explicit concurrent mark sweep GC freed 3(96B) AllocSpace objects, 0(0B) LOS objects, 38% free, 25MB/41MB, paused 173us total 10.694ms
08-06 05:31:57.633  8766  8778 I art     : Starting a blocking GC Explicit
08-06 05:31:57.644  8766  8778 I art     : Explicit concurrent mark sweep GC freed 3(96B) AllocSpace objects, 0(0B) LOS objects, 38% free, 25MB/41MB, paused 174us total 10.909ms
08-06 05:31:57.650  8766  8778 I art     : Starting a blocking GC Explicit
08-06 05:31:57.661  8766  8778 I art     : Explicit concurrent mark sweep GC freed 3(96B) AllocSpace objects, 0(0B) LOS objects, 38% free, 25MB/41MB, paused 167us total 10.893ms
08-06 05:31:57.827  8745  8745 I ServiceManager: Waiting for service AtCmdFwd...
08-06 05:31:57.969  8766  8836 I art     : Starting a blocking GC Explicit
08-06 05:31:57.982  8766  8836 I art     : Explicit concurrent mark sweep GC freed 1377(80KB) AllocSpace objects, 1(20KB) LOS objects, 38% free, 25MB/41MB, paused 207us total 13.351ms
08-06 05:31:57.990  8766  8836 I art     : Starting a blocking GC Explicit
08-06 05:31:58.003  8766  8836 I art     : Explicit concurrent mark sweep GC freed 20(704B) AllocSpace objects, 0(0B) LOS objects, 38% free, 25MB/41MB, paused 204us total 13.296ms
08-06 05:31:58.013  8766  8836 I art     : Starting a blocking GC Explicit
08-06 05:31:58.024  8766  8836 I art     : Explicit concurrent mark sweep GC freed 3(96B) AllocSpace objects, 0(0B) LOS objects, 38% free, 25MB/41MB, paused 167us total 11.330ms
08-06 05:31:58.030  8766  8836 I art     : Starting a blocking GC Explicit
08-06 05:31:58.042  8766  8836 I art     : Explicit concurrent mark sweep GC freed 3(96B) AllocSpace objects, 0(0B) LOS objects, 38% free, 25MB/41MB, paused 162us total 11.054ms
08-06 05:31:58.048  8766  8836 I art     : Starting a blocking GC Explicit
08-06 05:31:58.059  8766  8836 I art     : Explicit concurrent mark sweep GC freed 3(96B) AllocSpace objects, 0(0B) LOS objects, 38% free, 25MB/41MB, paused 166us total 10.864ms
08-06 05:31:58.361  8766  8777 I art     : Starting a blocking GC Explicit
08-06 05:31:58.377  8766  8777 I art     : Explicit concurrent mark sweep GC freed 1378(80KB) AllocSpace objects, 1(20KB) LOS objects, 38% free, 25MB/41MB, paused 365us total 16.161ms
08-06 05:31:58.386  8766  8777 I art     : Starting a blocking GC Explicit
08-06 05:31:58.398  8766  8777 I art     : Explicit concurrent mark sweep GC freed 20(704B) AllocSpace objects, 0(0B) LOS objects, 38% free, 25MB/41MB, paused 171us total 11.641ms
08-06 05:31:58.404  8766  8777 I art     : Starting a blocking GC Explicit
08-06 05:31:58.415  8766  8777 I art     : Explicit concurrent mark sweep GC freed 3(96B) AllocSpace objects, 0(0B) LOS objects, 38% free, 25MB/41MB, paused 167us total 11.172ms
08-06 05:31:58.421  8766  8777 I art     : Starting a blocking GC Explicit
08-06 05:31:58.432  8766  8777 I art     : Explicit concurrent mark sweep GC freed 3(96B) AllocSpace objects, 0(0B) LOS objects, 38% free, 25MB/41MB, paused 168us total 10.775ms
08-06 05:31:58.438  8766  8777 I art     : Starting a blocking GC Explicit
08-06 05:31:58.449  8766  8777 I art     : Explicit concurrent mark sweep GC freed 3(96B) AllocSpace objects, 0(0B) LOS objects, 38% free, 25MB/41MB, paused 158us total 10.708ms
08-06 05:31:58.749  8766  8778 I art     : Starting a blocking GC Explicit
08-06 05:31:58.766  8766  8778 I art     : Explicit concurrent mark sweep GC freed 1378(80KB) AllocSpace objects, 1(20KB) LOS objects, 38% free, 25MB/41MB, paused 227us total 16.118ms
08-06 05:31:58.776  8766  8778 I art     : Starting a blocking GC Explicit
08-06 05:31:58.790  8766  8778 I art     : Explicit concurrent mark sweep GC freed 20(704B) AllocSpace objects, 0(0B) LOS objects, 38% free, 25MB/41MB, paused 188us total 13.880ms
08-06 05:31:58.799  8766  8778 I art     : Starting a blocking GC Explicit
08-06 05:31:58.812  8766  8778 I art     : Explicit concurrent mark sweep GC freed 3(96B) AllocSpace objects, 0(0B) LOS objects, 38% free, 25MB/41MB, paused 169us total 12.865ms
08-06 05:31:58.818  8766  8778 I art     : Starting a blocking GC Explicit
08-06 05:31:58.828  8745  8745 W Atfwd_Sendcmd: AtCmdFwd service not published, waiting... retryCnt : 2
08-06 05:31:58.830  8766  8778 I art     : Explicit concurrent mark sweep GC freed 3(96B) AllocSpace objects, 0(0B) LOS objects, 38% free, 25MB/41MB, paused 159us total 10.877ms
08-06 05:31:58.836  8766  8778 I art     : Starting a blocking GC Explicit
08-06 05:31:58.847  8766  8778 I art     : Explicit concurrent mark sweep GC freed 3(96B) AllocSpace objects, 0(0B) LOS objects, 38% free, 25MB/41MB, paused 180us total 11.138ms
08-06 05:31:59.132  8766  8836 I art     : Starting a blocking GC Explicit
08-06 05:31:59.145  8766  8836 I art     : Explicit concurrent mark sweep GC freed 4007(411KB) AllocSpace objects, 18(360KB) LOS objects, 38% free, 25MB/41MB, paused 192us total 12.667ms
08-06 05:31:59.151  8766  8836 I art     : Starting a blocking GC Explicit
08-06 05:31:59.162  8766  8836 I art     : Explicit concurrent mark sweep GC freed 230(9KB) AllocSpace objects, 0(0B) LOS objects, 38% free, 25MB/41MB, paused 174us total 10.954ms
08-06 05:31:59.167  8766  8836 I art     : Starting a blocking GC Explicit
08-06 05:31:59.179  8766  8836 I art     : Explicit concurrent mark sweep GC freed 3(96B) AllocSpace objects, 0(0B) LOS objects, 38% free, 25MB/41MB, paused 166us total 10.925ms
08-06 05:31:59.185  8766  8836 I art     : Starting a blocking GC Explicit
08-06 05:31:59.196  8766  8836 I art     : Explicit concurrent mark sweep GC freed 3(96B) AllocSpace objects, 0(0B) LOS objects, 38% free, 25MB/41MB, paused 182us total 11.050ms
08-06 05:31:59.202  8766  8836 I art     : Starting a blocking GC Explicit
08-06 05:31:59.213  8766  8836 I art     : Explicit concurrent mark sweep GC freed 3(96B) AllocSpace objects, 0(0B) LOS objects, 38% free, 25MB/41MB, paused 176us total 10.784ms
08-06 05:31:59.512  8766  8777 I art     : Starting a blocking GC Explicit
08-06 05:31:59.524  8766  8777 I art     : Explicit concurrent mark sweep GC freed 1379(80KB) AllocSpace objects, 1(20KB) LOS objects, 38% free, 25MB/41MB, paused 193us total 12.119ms
08-06 05:31:59.531  8766  8777 I art     : Starting a blocking GC Explicit
08-06 05:31:59.542  8766  8777 I art     : Explicit concurrent mark sweep GC freed 20(704B) AllocSpace objects, 0(0B) LOS objects, 38% free, 25MB/41MB, paused 166us total 11.024ms
08-06 05:31:59.548  8766  8777 I art     : Starting a blocking GC Explicit
08-06 05:31:59.558  8766  8777 I art     : Explicit concurrent mark sweep GC freed 3(96B) AllocSpace objects, 0(0B) LOS objects, 38% free, 25MB/41MB, paused 163us total 10.341ms
08-06 05:31:59.564  8766  8777 I art     : Starting a blocking GC Explicit
08-06 05:31:59.574  8766  8777 I art     : Explicit concurrent mark sweep GC freed 3(96B) AllocSpace objects, 0(0B) LOS objects, 38% free, 25MB/41MB, paused 158us total 9.412ms
08-06 05:31:59.579  8766  8777 I art     : Starting a blocking GC Explicit
08-06 05:31:59.589  8766  8777 I art     : Explicit concurrent mark sweep GC freed 3(96B) AllocSpace objects, 0(0B) LOS objects, 38% free, 25MB/41MB, paused 160us total 9.461ms
08-06 05:31:59.888  8766  8778 I art     : Starting a blocking GC Explicit
08-06 05:31:59.904  8766  8778 I art     : Explicit concurrent mark sweep GC freed 1377(80KB) AllocSpace objects, 1(20KB) LOS objects, 38% free, 25MB/41MB, paused 213us total 15.591ms
08-06 05:31:59.912  8766  8778 I art     : Starting a blocking GC Explicit
08-06 05:31:59.924  8766  8778 I art     : Explicit concurrent mark sweep GC freed 20(704B) AllocSpace objects, 0(0B) LOS objects, 38% free, 25MB/41MB, paused 187us total 11.605ms
08-06 05:31:59.931  8766  8778 I art     : Starting a blocking GC Explicit
08-06 05:31:59.942  8766  8778 I art     : Explicit concurrent mark sweep GC freed 3(96B) AllocSpace objects, 0(0B) LOS objects, 38% free, 25MB/41MB, paused 175us total 11.407ms
08-06 05:31:59.948  8766  8778 I art     : Starting a blocking GC Explicit
08-06 05:31:59.960  8766  8778 I art     : Explicit concurrent mark sweep GC freed 3(96B) AllocSpace objects, 0(0B) LOS objects, 38% free, 25MB/41MB, paused 184us total 11.305ms
08-06 05:31:59.966  8766  8778 I art     : Starting a blocking GC Explicit
08-06 05:31:59.977  8766  8778 I art     : Explicit concurrent mark sweep GC freed 3(96B) AllocSpace objects, 0(0B) LOS objects, 38% free, 25MB/41MB, paused 176us total 11.084ms
08-06 05:32:00.290  8766  8836 I art     : Starting a blocking GC Explicit
08-06 05:32:00.306  8766  8836 I art     : Explicit concurrent mark sweep GC freed 1378(80KB) AllocSpace objects, 1(20KB) LOS objects, 38% free, 25MB/41MB, paused 253us total 15.432ms
08-06 05:32:00.313  8766  8836 I art     : Starting a blocking GC Explicit
08-06 05:32:00.325  8766  8836 I art     : Explicit concurrent mark sweep GC freed 20(704B) AllocSpace objects, 0(0B) LOS objects, 38% free, 25MB/41MB, paused 185us total 11.609ms
08-06 05:32:00.330  8766  8836 I art     : Starting a blocking GC Explicit
08-06 05:32:00.340  8766  8836 I art     : Explicit concurrent mark sweep GC freed 3(96B) AllocSpace objects, 0(0B) LOS objects, 38% free, 25MB/41MB, paused 165us total 9.503ms
08-06 05:32:00.345  8766  8836 I art     : Starting a blocking GC Explicit
08-06 05:32:00.355  8766  8836 I art     : Explicit concurrent mark sweep GC freed 3(96B) AllocSpace objects, 0(0B) LOS objects, 38% free, 25MB/41MB, paused 158us total 9.501ms
08-06 05:32:00.360  8766  8836 I art     : Starting a blocking GC Explicit
08-06 05:32:00.370  8766  8836 I art     : Explicit concurrent mark sweep GC freed 3(96B) AllocSpace objects, 0(0B) LOS objects, 38% free, 25MB/41MB, paused 158us total 9.434ms
08-06 05:32:00.608  8766  8777 I art     : Starting a blocking GC Explicit
08-06 05:32:00.619  8766  8777 I art     : Explicit concurrent mark sweep GC freed 1378(80KB) AllocSpace objects, 1(20KB) LOS objects, 38% free, 25MB/41MB, paused 186us total 11.685ms
08-06 05:32:00.626  8766  8777 I art     : Starting a blocking GC Explicit
08-06 05:32:00.637  8766  8777 I art     : Explicit concurrent mark sweep GC freed 20(704B) AllocSpace objects, 0(0B) LOS objects, 38% free, 25MB/41MB, paused 180us total 11.322ms
08-06 05:32:00.643  8766  8777 I art     : Starting a blocking GC Explicit
08-06 05:32:00.654  8766  8777 I art     : Explicit concurrent mark sweep GC freed 3(96B) AllocSpace objects, 0(0B) LOS objects, 38% free, 25MB/41MB, paused 176us total 10.523ms
08-06 05:32:00.660  8766  8777 I art     : Starting a blocking GC Explicit
08-06 05:32:00.670  8766  8777 I art     : Explicit concurrent mark sweep GC freed 3(96B) AllocSpace objects, 0(0B) LOS objects, 38% free, 25MB/41MB, paused 171us total 10.474ms
08-06 05:32:00.676  8766  8777 I art     : Starting a blocking GC Explicit
08-06 05:32:00.687  8766  8777 I art     : Explicit concurrent mark sweep GC freed 3(96B) AllocSpace objects, 0(0B) LOS objects, 38% free, 25MB/41MB, paused 232us total 10.549ms
08-06 05:32:00.723  8964  8964 D AndroidRuntime: >>>>>> START com.android.internal.os.RuntimeInit uid 2000 <<<<<<
08-06 05:32:00.727  8964  8964 D AndroidRuntime: CheckJNI is OFF
08-06 05:32:00.754  8964  8964 D ICU     : No timezone override file found: /data/misc/zoneinfo/current/icu/icu_tzdata.dat
08-06 05:32:00.779  8964  8964 I Radio-JNI: register_android_hardware_Radio DONE
08-06 05:32:00.795  8964  8964 D AndroidRuntime: Calling main entry com.android.commands.input.Input
08-06 05:32:00.797  8964  8964 I Input   : injectMotionEvent: MotionEvent { action=ACTION_DOWN, actionButton=0, id[0]=0, x[0]=594.0, y[0]=330.0, toolType[0]=TOOL_TYPE_UNKNOWN, buttonState=0, metaState=0, flags=0x0, edgeFlags=0x0, pointerCount=1, historySize=0, eventTime=855137210, downTime=855137210, deviceId=0, source=0x1002 }
08-06 05:32:00.804  8964  8964 I Input   : injectMotionEvent: MotionEvent { action=ACTION_UP, actionButton=0, id[0]=0, x[0]=594.0, y[0]=330.0, toolType[0]=TOOL_TYPE_UNKNOWN, buttonState=0, metaState=0, flags=0x0, edgeFlags=0x0, pointerCount=1, historySize=0, eventTime=855137210, downTime=855137210, deviceId=0, source=0x1002 }
08-06 05:32:00.806  8964  8964 D AndroidRuntime: Shutting down VM
08-06 05:32:00.874   918  3670 I ActivityManager: START u0 {cmp=baseline.com.newsblur/.activity.GlobalSharedStoriesItemsList (has extras)} from uid 10698 on display 0
08-06 05:32:00.898  8766  8997 I baseline.com.newsblur.database.BlurDatabaseHelper: reading session reset
08-06 05:32:00.914  8766  8777 I art     : Starting a blocking GC Explicit
08-06 05:32:00.929  8766  8777 I art     : Explicit concurrent mark sweep GC freed 5562(443KB) AllocSpace objects, 7(264KB) LOS objects, 37% free, 27MB/43MB, paused 692us total 14.724ms
08-06 05:32:00.935  8766  8777 I art     : Starting a blocking GC Explicit
08-06 05:32:00.947  8766  8777 I art     : Explicit concurrent mark sweep GC freed 1008(73KB) AllocSpace objects, 0(0B) LOS objects, 37% free, 27MB/43MB, paused 265us total 11.697ms
08-06 05:32:00.952  8766  8777 I art     : Starting a blocking GC Explicit
08-06 05:32:00.964  8766  8777 I art     : Explicit concurrent mark sweep GC freed 518(27KB) AllocSpace objects, 1(20KB) LOS objects, 37% free, 27MB/43MB, paused 387us total 11.297ms
08-06 05:32:00.969  8766  8777 I art     : Starting a blocking GC Explicit
08-06 05:32:00.982  8766  8777 I art     : Explicit concurrent mark sweep GC freed 199(30KB) AllocSpace objects, 0(0B) LOS objects, 37% free, 27MB/43MB, paused 203us total 12.067ms
08-06 05:32:00.987  8766  8777 I art     : Starting a blocking GC Explicit
08-06 05:32:00.998  8766  8777 I art     : Explicit concurrent mark sweep GC freed 99(4KB) AllocSpace objects, 0(0B) LOS objects, 37% free, 27MB/43MB, paused 183us total 10.929ms
08-06 05:32:01.016  8766  8766 W View    : requestLayout() improperly called by android.widget.FrameLayout{fac9b13 V.E...... ......ID 0,0-1440,0 #7f07003f app:id/footer_view_inner} during layout: running second layout pass
08-06 05:32:01.017  8766  8766 W View    : requestLayout() improperly called by android.widget.FrameLayout{7700150 V.E...... ......ID 0,0-1440,2091 #7f07003f app:id/footer_view_inner} during layout: running second layout pass
08-06 05:32:01.036   918   936 I ActivityManager: Displayed baseline.com.newsblur/.activity.GlobalSharedStoriesItemsList: +151ms
08-06 05:32:01.037 13866 13866 I GoogleInputMethodServic: GoogleInputMethodService.onFinishInput():3138 
08-06 05:32:01.038 13866 13866 I GoogleInputMethodServic: GoogleInputMethodService.onStartInput():1808 
08-06 05:32:01.258  8766  8778 I art     : Starting a blocking GC Explicit
08-06 05:32:01.274  8766  8778 I art     : Explicit concurrent mark sweep GC freed 3864(321KB) AllocSpace objects, 8(160KB) LOS objects, 37% free, 27MB/43MB, paused 323us total 15.498ms
08-06 05:32:01.283  8766  8778 I art     : Starting a blocking GC Explicit
08-06 05:32:01.297  8766  8778 I art     : Explicit concurrent mark sweep GC freed 185(7KB) AllocSpace objects, 0(0B) LOS objects, 37% free, 27MB/43MB, paused 292us total 14.396ms
08-06 05:32:01.303  8766  8778 I art     : Starting a blocking GC Explicit
08-06 05:32:01.315  8766  8778 I art     : Explicit concurrent mark sweep GC freed 115(4KB) AllocSpace objects, 0(0B) LOS objects, 37% free, 27MB/43MB, paused 256us total 11.862ms
08-06 05:32:01.321  8766  8778 I art     : Starting a blocking GC Explicit
08-06 05:32:01.332  8766  8778 I art     : Explicit concurrent mark sweep GC freed 4(128B) AllocSpace objects, 0(0B) LOS objects, 37% free, 27MB/43MB, paused 253us total 11.339ms
08-06 05:32:01.338  8766  8778 I art     : Starting a blocking GC Explicit
08-06 05:32:01.349  8766  8778 I art     : Explicit concurrent mark sweep GC freed 4(128B) AllocSpace objects, 0(0B) LOS objects, 37% free, 27MB/43MB, paused 233us total 10.854ms
08-06 05:32:01.621  8766  8777 I art     : Starting a blocking GC Explicit
08-06 05:32:01.637  8766  8777 I art     : Explicit concurrent mark sweep GC freed 3976(245KB) AllocSpace objects, 4(220KB) LOS objects, 36% free, 27MB/43MB, paused 966us total 16.806ms
08-06 05:32:01.644  8766  8777 I art     : Starting a blocking GC Explicit
08-06 05:32:01.655  8766  8999 I NAPPA_EXPERIMENTATION: MetricNetworkRequestExecutionTime: REQUEST_DURATION_SYSTEM='603',REQUEST_DURATION_OKHTTP='43',REQUEST_SYNCHRONOUS='TRUE',RESPONSE_CODE='200',RESPONSE_METHOD='GET',RESPONSE_LENGTH_OKHTTP='-1',RESPONSE_LENGTH_HEADER='13047',REQUEST_PROTOCOL='http/1.1',REQUEST_URL='https://www.newsblur.com/social/river_stories?order=newest&page=1&read_filter=all&global_feed=true',
08-06 05:32:01.656  8766  8999 D MY_TAG  : 0, 603
08-06 05:32:01.657  8766  8777 I art     : Explicit concurrent mark sweep GC freed 1134(130KB) AllocSpace objects, 0(0B) LOS objects, 36% free, 27MB/43MB, paused 642us total 13.220ms
08-06 05:32:01.663  8766  8777 I art     : Starting a blocking GC Explicit
08-06 05:32:01.676  8766  8777 I art     : Explicit concurrent mark sweep GC freed 618(43KB) AllocSpace objects, 3(184KB) LOS objects, 36% free, 27MB/43MB, paused 384us total 12.543ms
08-06 05:32:01.682  8766  8777 I art     : Starting a blocking GC Explicit
08-06 05:32:01.695  8766  8777 I art     : Explicit concurrent mark sweep GC freed 6177(323KB) AllocSpace objects, 2(48KB) LOS objects, 36% free, 27MB/43MB, paused 370us total 12.276ms
08-06 05:32:01.701  8766  8777 I art     : Starting a blocking GC Explicit
08-06 05:32:01.714  8766  8777 I art     : Explicit concurrent mark sweep GC freed 8182(527KB) AllocSpace objects, 6(116KB) LOS objects, 36% free, 27MB/43MB, paused 358us total 13.157ms
08-06 05:32:01.894  8766  9027 I NAPPA_EXPERIMENTATION: MetricNetworkRequestExecutionTime: REQUEST_DURATION_SYSTEM='55',REQUEST_DURATION_OKHTTP='50',REQUEST_SYNCHRONOUS='TRUE',RESPONSE_CODE='200',RESPONSE_METHOD='GET',RESPONSE_LENGTH_OKHTTP='43',RESPONSE_LENGTH_HEADER='43',REQUEST_PROTOCOL='http/1.1',REQUEST_URL='http://feeds.feedburner.com/~r/retort/~4/UffaFMiJbNs',
08-06 05:32:01.947  8766  8778 I art     : Starting a blocking GC Explicit
08-06 05:32:01.965  8766  8778 I art     : Explicit concurrent mark sweep GC freed 23426(1686KB) AllocSpace objects, 33(748KB) LOS objects, 36% free, 28MB/44MB, paused 535us total 17.126ms
08-06 05:32:01.970  8766  8778 I art     : Starting a blocking GC Explicit
08-06 05:32:01.984  8766  8778 I art     : Explicit concurrent mark sweep GC freed 2538(200KB) AllocSpace objects, 1(20KB) LOS objects, 36% free, 27MB/43MB, paused 512us total 13.865ms
08-06 05:32:01.991  8766  8778 I art     : Starting a blocking GC Explicit
08-06 05:32:02.005  8766  8778 I art     : Explicit concurrent mark sweep GC freed 37(1440B) AllocSpace objects, 0(0B) LOS objects, 36% free, 27MB/43MB, paused 484us total 14.154ms
08-06 05:32:02.011  8766  8778 I art     : Starting a blocking GC Explicit
08-06 05:32:02.025  8766  8778 I art     : Explicit concurrent mark sweep GC freed 1085(75KB) AllocSpace objects, 2(120KB) LOS objects, 36% free, 28MB/44MB, paused 543us total 13.810ms
08-06 05:32:02.031  8766  8778 I art     : Starting a blocking GC Explicit
08-06 05:32:02.046  8766  8778 I art     : Explicit concurrent mark sweep GC freed 4169(168KB) AllocSpace objects, 0(0B) LOS objects, 36% free, 28MB/44MB, paused 578us total 14.858ms
08-06 05:32:02.260  8766  9041 I NAPPA_EXPERIMENTATION: MetricNetworkRequestExecutionTime: REQUEST_DURATION_SYSTEM='381',REQUEST_DURATION_OKHTTP='203',REQUEST_SYNCHRONOUS='TRUE',RESPONSE_CODE='200',RESPONSE_METHOD='GET',RESPONSE_LENGTH_OKHTTP='1883',RESPONSE_LENGTH_HEADER='1883',REQUEST_PROTOCOL='h2',REQUEST_URL='https://pbs.twimg.com/profile_images/847818629840228354/VXyQHfn0_normal.jpg',
08-06 05:32:02.289  8766  9031 I NAPPA_EXPERIMENTATION: MetricNetworkRequestExecutionTime: REQUEST_DURATION_SYSTEM='436',REQUEST_DURATION_OKHTTP='218',REQUEST_SYNCHRONOUS='TRUE',RESPONSE_CODE='200',RESPONSE_METHOD='GET',RESPONSE_LENGTH_OKHTTP='79351',RESPONSE_LENGTH_HEADER='79351',REQUEST_PROTOCOL='h2',REQUEST_URL='https://images.fastcompany.net/image/upload/w_1280,q_auto,f_auto,fl_lossy/wp-cms/uploads/2020/07/p-1-90532920-this-chart-shows-how-effective-masks-can-be.png',
08-06 05:32:02.322  8766  9028 I NAPPA_EXPERIMENTATION: MetricNetworkRequestExecutionTime: REQUEST_DURATION_SYSTEM='500',REQUEST_DURATION_OKHTTP='128',REQUEST_SYNCHRONOUS='TRUE',RESPONSE_CODE='200',RESPONSE_METHOD='GET',RESPONSE_LENGTH_OKHTTP='243',RESPONSE_LENGTH_HEADER='243',REQUEST_PROTOCOL='http/1.1',REQUEST_URL='https://s3.amazonaws.com/icons.newsblur.com/18178.png',
08-06 05:32:02.325  8766  9036 I NAPPA_EXPERIMENTATION: MetricNetworkRequestExecutionTime: REQUEST_DURATION_SYSTEM='454',REQUEST_DURATION_OKHTTP='268',REQUEST_SYNCHRONOUS='TRUE',RESPONSE_CODE='200',RESPONSE_METHOD='GET',RESPONSE_LENGTH_OKHTTP='24098',RESPONSE_LENGTH_HEADER='24098',REQUEST_PROTOCOL='h2',REQUEST_URL='https://i.cbc.ca/1.5665164.1595891792!/cpImage/httpImage/image.jpg_gen/derivatives/16x9_460/ont-windsor-hum-20200727.jpg',
08-06 05:32:02.326  8766  8778 I art     : Starting a blocking GC Explicit
08-06 05:32:02.349  8766  8778 I art     : Explicit concurrent mark sweep GC freed 16500(894KB) AllocSpace objects, 8(220KB) LOS objects, 36% free, 28MB/44MB, paused 855us total 23.032ms
08-06 05:32:02.360  8766  8778 I art     : Starting a blocking GC Explicit
08-06 05:32:02.364  8766  9026 I NAPPA_EXPERIMENTATION: MetricNetworkRequestExecutionTime: REQUEST_DURATION_SYSTEM='561',REQUEST_DURATION_OKHTTP='174',REQUEST_SYNCHRONOUS='TRUE',RESPONSE_CODE='200',RESPONSE_METHOD='GET',RESPONSE_LENGTH_OKHTTP='145',RESPONSE_LENGTH_HEADER='145',REQUEST_PROTOCOL='http/1.1',REQUEST_URL='https://s3.amazonaws.com/icons.newsblur.com/6882243.png',
08-06 05:32:02.368  8766  9033 I NAPPA_EXPERIMENTATION: MetricNetworkRequestExecutionTime: REQUEST_DURATION_SYSTEM='506',REQUEST_DURATION_OKHTTP='296',REQUEST_SYNCHRONOUS='TRUE',RESPONSE_CODE='200',RESPONSE_METHOD='GET',RESPONSE_LENGTH_OKHTTP='56376',RESPONSE_LENGTH_HEADER='56376',REQUEST_PROTOCOL='h2',REQUEST_URL='https://images.fastcompany.net/image/upload/w_1280,q_auto,f_auto,fl_lossy/wp-cms/uploads/2020/07/p-1-quit-after-covid.jpg',
08-06 05:32:02.380  8766  8778 I art     : Explicit concurrent mark sweep GC freed 1937(126KB) AllocSpace objects, 8(608KB) LOS objects, 32% free, 33MB/49MB, paused 617us total 19.922ms
08-06 05:32:02.387  8766  8778 I art     : Starting a blocking GC Explicit
08-06 05:32:02.405  8766  8778 I art     : Explicit concurrent mark sweep GC freed 7408(303KB) AllocSpace objects, 5(3MB) LOS objects, 30% free, 35MB/51MB, paused 1.010ms total 18.397ms
08-06 05:32:02.412  8766  8778 I art     : Starting a blocking GC Explicit
08-06 05:32:02.428  8766  8778 I art     : Explicit concurrent mark sweep GC freed 414(16KB) AllocSpace objects, 2(3MB) LOS objects, 33% free, 32MB/48MB, paused 561us total 15.340ms
08-06 05:32:02.434  8766  8778 I art     : Starting a blocking GC Explicit
08-06 05:32:02.440  8766  9032 I NAPPA_EXPERIMENTATION: MetricNetworkRequestExecutionTime: REQUEST_DURATION_SYSTEM='606',REQUEST_DURATION_OKHTTP='52',REQUEST_SYNCHRONOUS='TRUE',RESPONSE_CODE='200',RESPONSE_METHOD='GET',RESPONSE_LENGTH_OKHTTP='477',RESPONSE_LENGTH_HEADER='477',REQUEST_PROTOCOL='http/1.1',REQUEST_URL='https://s3.amazonaws.com/icons.newsblur.com/5762506.png',
08-06 05:32:02.447  8766  8778 I art     : Explicit concurrent mark sweep GC freed 197(26KB) AllocSpace objects, 1(20KB) LOS objects, 33% free, 32MB/48MB, paused 457us total 13.326ms
08-06 05:32:02.481  8766  9037 I NAPPA_EXPERIMENTATION: MetricNetworkRequestExecutionTime: REQUEST_DURATION_SYSTEM='630',REQUEST_DURATION_OKHTTP='84',REQUEST_SYNCHRONOUS='TRUE',RESPONSE_CODE='200',RESPONSE_METHOD='GET',RESPONSE_LENGTH_OKHTTP='2228',RESPONSE_LENGTH_HEADER='2228',REQUEST_PROTOCOL='http/1.1',REQUEST_URL='https://s3.amazonaws.com/icons.newsblur.com/7702341.png',
08-06 05:32:02.488  8766  9042 I NAPPA_EXPERIMENTATION: MetricNetworkRequestExecutionTime: REQUEST_DURATION_SYSTEM='628',REQUEST_DURATION_OKHTTP='86',REQUEST_SYNCHRONOUS='TRUE',RESPONSE_CODE='200',RESPONSE_METHOD='GET',RESPONSE_LENGTH_OKHTTP='796',RESPONSE_LENGTH_HEADER='796',REQUEST_PROTOCOL='http/1.1',REQUEST_URL='https://s3.amazonaws.com/icons.newsblur.com/6326827.png',
08-06 05:32:02.523  8766  9034 I NAPPA_EXPERIMENTATION: MetricNetworkRequestExecutionTime: REQUEST_DURATION_SYSTEM='681',REQUEST_DURATION_OKHTTP='130',REQUEST_SYNCHRONOUS='TRUE',RESPONSE_CODE='200',RESPONSE_METHOD='GET',RESPONSE_LENGTH_OKHTTP='477',RESPONSE_LENGTH_HEADER='477',REQUEST_PROTOCOL='http/1.1',REQUEST_URL='https://s3.amazonaws.com/icons.newsblur.com/5762506.png',
08-06 05:32:02.733  8766  8778 I art     : Starting a blocking GC Explicit
08-06 05:32:02.755  8766  8778 I art     : Explicit concurrent mark sweep GC freed 3090(284KB) AllocSpace objects, 12(240KB) LOS objects, 33% free, 32MB/48MB, paused 573us total 21.443ms
08-06 05:32:02.763  8766  8778 I art     : Starting a blocking GC Explicit
08-06 05:32:02.778  8766  8778 I art     : Explicit concurrent mark sweep GC freed 308(10KB) AllocSpace objects, 0(0B) LOS objects, 33% free, 32MB/48MB, paused 330us total 14.654ms
08-06 05:32:02.784  8766  8778 I art     : Starting a blocking GC Explicit
08-06 05:32:02.798  8766  8778 I art     : Explicit concurrent mark sweep GC freed 3(96B) AllocSpace objects, 0(0B) LOS objects, 33% free, 32MB/48MB, paused 348us total 14.316ms
08-06 05:32:02.805  8766  8778 I art     : Starting a blocking GC Explicit
08-06 05:32:02.819  8766  8778 I art     : Explicit concurrent mark sweep GC freed 3(96B) AllocSpace objects, 0(0B) LOS objects, 33% free, 32MB/48MB, paused 350us total 14.408ms
08-06 05:32:02.825  8766  8778 I art     : Starting a blocking GC Explicit
08-06 05:32:02.840  8766  8778 I art     : Explicit concurrent mark sweep GC freed 3(96B) AllocSpace objects, 0(0B) LOS objects, 33% free, 32MB/48MB, paused 330us total 14.478ms
08-06 05:32:03.140  8766  8836 I art     : Starting a blocking GC Explicit
08-06 05:32:03.159  8766  8836 I art     : Explicit concurrent mark sweep GC freed 1386(80KB) AllocSpace objects, 1(20KB) LOS objects, 33% free, 32MB/48MB, paused 363us total 18.027ms
08-06 05:32:03.168  8766  8836 I art     : Starting a blocking GC Explicit
08-06 05:32:03.183  8766  8836 I art     : Explicit concurrent mark sweep GC freed 20(704B) AllocSpace objects, 0(0B) LOS objects, 33% free, 32MB/48MB, paused 341us total 14.965ms
08-06 05:32:03.190  8766  8836 I art     : Starting a blocking GC Explicit
08-06 05:32:03.205  8766  8836 I art     : Explicit concurrent mark sweep GC freed 3(96B) AllocSpace objects, 0(0B) LOS objects, 33% free, 32MB/48MB, paused 349us total 14.696ms
08-06 05:32:03.211  8766  8836 I art     : Starting a blocking GC Explicit
08-06 05:32:03.226  8766  8836 I art     : Explicit concurrent mark sweep GC freed 3(96B) AllocSpace objects, 0(0B) LOS objects, 33% free, 32MB/48MB, paused 337us total 14.607ms
08-06 05:32:03.232  8766  8836 I art     : Starting a blocking GC Explicit
08-06 05:32:03.247  8766  8836 I art     : Explicit concurrent mark sweep GC freed 3(96B) AllocSpace objects, 0(0B) LOS objects, 33% free, 32MB/48MB, paused 343us total 14.678ms
08-06 05:32:03.569  8766  8777 I art     : Starting a blocking GC Explicit
08-06 05:32:03.587  8766  8777 I art     : Explicit concurrent mark sweep GC freed 1387(80KB) AllocSpace objects, 1(20KB) LOS objects, 33% free, 32MB/48MB, paused 467us total 18.522ms
08-06 05:32:03.598  8766  8777 I art     : Starting a blocking GC Explicit
08-06 05:32:03.613  8766  8777 I art     : Explicit concurrent mark sweep GC freed 20(704B) AllocSpace objects, 0(0B) LOS objects, 33% free, 32MB/48MB, paused 321us total 14.258ms
08-06 05:32:03.619  8766  8777 I art     : Starting a blocking GC Explicit
08-06 05:32:03.633  8766  8777 I art     : Explicit concurrent mark sweep GC freed 3(96B) AllocSpace objects, 0(0B) LOS objects, 33% free, 32MB/48MB, paused 321us total 14.438ms
08-06 05:32:03.640  8766  8777 I art     : Starting a blocking GC Explicit
08-06 05:32:03.654  8766  8777 I art     : Explicit concurrent mark sweep GC freed 3(96B) AllocSpace objects, 0(0B) LOS objects, 33% free, 32MB/48MB, paused 327us total 14.222ms
08-06 05:32:03.660  8766  8777 I art     : Starting a blocking GC Explicit
08-06 05:32:03.675  8766  8777 I art     : Explicit concurrent mark sweep GC freed 3(96B) AllocSpace objects, 0(0B) LOS objects, 33% free, 32MB/48MB, paused 316us total 14.102ms
08-06 05:32:03.994  8766  8778 I art     : Starting a blocking GC Explicit
08-06 05:32:04.012  8766  8778 I art     : Explicit concurrent mark sweep GC freed 1386(80KB) AllocSpace objects, 1(20KB) LOS objects, 33% free, 32MB/48MB, paused 362us total 18.094ms
08-06 05:32:04.019  8766  8778 I art     : Starting a blocking GC Explicit
08-06 05:32:04.035  8766  8778 I art     : Explicit concurrent mark sweep GC freed 20(704B) AllocSpace objects, 0(0B) LOS objects, 33% free, 32MB/48MB, paused 340us total 15.716ms
08-06 05:32:04.041  8766  8778 I art     : Starting a blocking GC Explicit
08-06 05:32:04.056  8766  8778 I art     : Explicit concurrent mark sweep GC freed 3(96B) AllocSpace objects, 0(0B) LOS objects, 33% free, 32MB/48MB, paused 337us total 14.886ms
08-06 05:32:04.063  8766  8778 I art     : Starting a blocking GC Explicit
08-06 05:32:04.078  8766  8778 I art     : Explicit concurrent mark sweep GC freed 3(96B) AllocSpace objects, 0(0B) LOS objects, 33% free, 32MB/48MB, paused 330us total 14.706ms
08-06 05:32:04.084  8766  8778 I art     : Starting a blocking GC Explicit
08-06 05:32:04.099  8766  8778 I art     : Explicit concurrent mark sweep GC freed 3(96B) AllocSpace objects, 0(0B) LOS objects, 33% free, 32MB/48MB, paused 334us total 14.590ms
08-06 05:32:04.420  8766  8836 I art     : Starting a blocking GC Explicit
08-06 05:32:04.439  8766  8836 I art     : Explicit concurrent mark sweep GC freed 1386(80KB) AllocSpace objects, 1(20KB) LOS objects, 33% free, 32MB/48MB, paused 366us total 18.235ms
08-06 05:32:04.450  8766  8836 I art     : Starting a blocking GC Explicit
08-06 05:32:04.464  8766  8836 I art     : Explicit concurrent mark sweep GC freed 20(704B) AllocSpace objects, 0(0B) LOS objects, 33% free, 32MB/48MB, paused 304us total 14.122ms
08-06 05:32:04.470  8766  8836 I art     : Starting a blocking GC Explicit
08-06 05:32:04.485  8766  8836 I art     : Explicit concurrent mark sweep GC freed 3(96B) AllocSpace objects, 0(0B) LOS objects, 33% free, 32MB/48MB, paused 362us total 14.308ms
08-06 05:32:04.491  8766  8836 I art     : Starting a blocking GC Explicit
08-06 05:32:04.505  8766  8836 I art     : Explicit concurrent mark sweep GC freed 3(96B) AllocSpace objects, 0(0B) LOS objects, 33% free, 32MB/48MB, paused 380us total 14.315ms
08-06 05:32:04.512  8766  8836 I art     : Starting a blocking GC Explicit
08-06 05:32:04.526  8766  8836 I art     : Explicit concurrent mark sweep GC freed 3(96B) AllocSpace objects, 0(0B) LOS objects, 33% free, 32MB/48MB, paused 325us total 14.303ms
08-06 05:32:04.826  8766  8777 I art     : Starting a blocking GC Explicit
08-06 05:32:04.846  8766  8777 I art     : Explicit concurrent mark sweep GC freed 1387(80KB) AllocSpace objects, 1(20KB) LOS objects, 33% free, 32MB/48MB, paused 368us total 19.970ms
08-06 05:32:04.854  8766  8777 I art     : Starting a blocking GC Explicit
08-06 05:32:04.869  8766  8777 I art     : Explicit concurrent mark sweep GC freed 20(704B) AllocSpace objects, 0(0B) LOS objects, 33% free, 32MB/48MB, paused 309us total 14.769ms
08-06 05:32:04.875  8766  8777 I art     : Starting a blocking GC Explicit
08-06 05:32:04.890  8766  8777 I art     : Explicit concurrent mark sweep GC freed 3(96B) AllocSpace objects, 0(0B) LOS objects, 33% free, 32MB/48MB, paused 319us total 14.286ms
08-06 05:32:04.896  8766  8777 I art     : Starting a blocking GC Explicit
08-06 05:32:04.910  8766  8777 I art     : Explicit concurrent mark sweep GC freed 3(96B) AllocSpace objects, 0(0B) LOS objects, 33% free, 32MB/48MB, paused 351us total 14.153ms
08-06 05:32:04.916  8766  8777 I art     : Starting a blocking GC Explicit
08-06 05:32:04.931  8766  8777 I art     : Explicit concurrent mark sweep GC freed 3(96B) AllocSpace objects, 0(0B) LOS objects, 33% free, 32MB/48MB, paused 317us total 14.133ms
08-06 05:32:05.229  8766  8778 I art     : Starting a blocking GC Explicit
08-06 05:32:05.247  8766  8778 I art     : Explicit concurrent mark sweep GC freed 1386(80KB) AllocSpace objects, 1(20KB) LOS objects, 33% free, 32MB/48MB, paused 368us total 17.296ms
08-06 05:32:05.256  8766  8778 I art     : Starting a blocking GC Explicit
08-06 05:32:05.271  8766  8778 I art     : Explicit concurrent mark sweep GC freed 20(704B) AllocSpace objects, 0(0B) LOS objects, 33% free, 32MB/48MB, paused 323us total 15.271ms
08-06 05:32:05.278  8766  8778 I art     : Starting a blocking GC Explicit
08-06 05:32:05.293  8766  8778 I art     : Explicit concurrent mark sweep GC freed 3(96B) AllocSpace objects, 0(0B) LOS objects, 33% free, 32MB/48MB, paused 334us total 15.139ms
08-06 05:32:05.300  8766  8778 I art     : Starting a blocking GC Explicit
08-06 05:32:05.314  8766  8778 I art     : Explicit concurrent mark sweep GC freed 3(96B) AllocSpace objects, 0(0B) LOS objects, 33% free, 32MB/48MB, paused 351us total 14.198ms
08-06 05:32:05.321  8766  8778 I art     : Starting a blocking GC Explicit
08-06 05:32:05.335  8766  8778 I art     : Explicit concurrent mark sweep GC freed 3(96B) AllocSpace objects, 0(0B) LOS objects, 33% free, 32MB/48MB, paused 319us total 14.222ms
08-06 05:32:05.628  8766  8836 I art     : Starting a blocking GC Explicit
08-06 05:32:05.646  8766  8836 I art     : Explicit concurrent mark sweep GC freed 1386(80KB) AllocSpace objects, 1(20KB) LOS objects, 33% free, 32MB/48MB, paused 357us total 17.359ms
08-06 05:32:05.655  8766  8836 I art     : Starting a blocking GC Explicit
08-06 05:32:05.670  8766  8836 I art     : Explicit concurrent mark sweep GC freed 20(704B) AllocSpace objects, 0(0B) LOS objects, 33% free, 32MB/48MB, paused 342us total 15.203ms
08-06 05:32:05.677  8766  8836 I art     : Starting a blocking GC Explicit
08-06 05:32:05.692  8766  8836 I art     : Explicit concurrent mark sweep GC freed 3(96B) AllocSpace objects, 0(0B) LOS objects, 33% free, 32MB/48MB, paused 330us total 14.730ms
08-06 05:32:05.699  8766  8836 I art     : Starting a blocking GC Explicit
08-06 05:32:05.713  8766  8836 I art     : Explicit concurrent mark sweep GC freed 3(96B) AllocSpace objects, 0(0B) LOS objects, 33% free, 32MB/48MB, paused 346us total 14.658ms
08-06 05:32:05.720  8766  8836 I art     : Starting a blocking GC Explicit
08-06 05:32:05.735  8766  8836 I art     : Explicit concurrent mark sweep GC freed 3(96B) AllocSpace objects, 0(0B) LOS objects, 33% free, 32MB/48MB, paused 331us total 14.735ms
08-06 05:32:06.029  8766  8777 I art     : Starting a blocking GC Explicit
08-06 05:32:06.047  8766  8777 I art     : Explicit concurrent mark sweep GC freed 1386(80KB) AllocSpace objects, 1(20KB) LOS objects, 33% free, 32MB/48MB, paused 349us total 17.498ms
08-06 05:32:06.056  8766  8777 I art     : Starting a blocking GC Explicit
08-06 05:32:06.071  8766  8777 I art     : Explicit concurrent mark sweep GC freed 20(704B) AllocSpace objects, 0(0B) LOS objects, 33% free, 32MB/48MB, paused 327us total 15.173ms
08-06 05:32:06.078  8766  8777 I art     : Starting a blocking GC Explicit
08-06 05:32:06.093  8766  8777 I art     : Explicit concurrent mark sweep GC freed 3(96B) AllocSpace objects, 0(0B) LOS objects, 33% free, 32MB/48MB, paused 317us total 14.778ms
08-06 05:32:06.099  8766  8777 I art     : Starting a blocking GC Explicit
08-06 05:32:06.114  8766  8777 I art     : Explicit concurrent mark sweep GC freed 3(96B) AllocSpace objects, 0(0B) LOS objects, 33% free, 32MB/48MB, paused 333us total 14.623ms
08-06 05:32:06.120  8766  8777 I art     : Starting a blocking GC Explicit
08-06 05:32:06.135  8766  8777 I art     : Explicit concurrent mark sweep GC freed 3(96B) AllocSpace objects, 0(0B) LOS objects, 33% free, 32MB/48MB, paused 320us total 14.674ms
08-06 05:32:06.438  8766  8778 I art     : Starting a blocking GC Explicit
08-06 05:32:06.456  8766  8778 I art     : Explicit concurrent mark sweep GC freed 1386(80KB) AllocSpace objects, 1(20KB) LOS objects, 33% free, 32MB/48MB, paused 371us total 17.100ms
08-06 05:32:06.466  8766  8778 I art     : Starting a blocking GC Explicit
08-06 05:32:06.481  8766  8778 I art     : Explicit concurrent mark sweep GC freed 20(704B) AllocSpace objects, 0(0B) LOS objects, 33% free, 32MB/48MB, paused 328us total 14.300ms
08-06 05:32:06.487  8766  8778 I art     : Starting a blocking GC Explicit
08-06 05:32:06.502  8766  8778 I art     : Explicit concurrent mark sweep GC freed 3(96B) AllocSpace objects, 0(0B) LOS objects, 33% free, 32MB/48MB, paused 328us total 14.252ms
08-06 05:32:06.508  8766  8778 I art     : Starting a blocking GC Explicit
08-06 05:32:06.522  8766  8778 I art     : Explicit concurrent mark sweep GC freed 3(96B) AllocSpace objects, 0(0B) LOS objects, 33% free, 32MB/48MB, paused 327us total 14.192ms
08-06 05:32:06.528  8766  8778 I art     : Starting a blocking GC Explicit
08-06 05:32:06.543  8766  8778 I art     : Explicit concurrent mark sweep GC freed 3(96B) AllocSpace objects, 0(0B) LOS objects, 33% free, 32MB/48MB, paused 320us total 14.297ms
08-06 05:32:06.849  8766  8836 I art     : Starting a blocking GC Explicit
08-06 05:32:06.866  8766  8836 I art     : Explicit concurrent mark sweep GC freed 1386(80KB) AllocSpace objects, 1(20KB) LOS objects, 33% free, 32MB/48MB, paused 362us total 17.072ms
08-06 05:32:06.875  8766  8836 I art     : Starting a blocking GC Explicit
08-06 05:32:06.890  8766  8836 I art     : Explicit concurrent mark sweep GC freed 20(704B) AllocSpace objects, 0(0B) LOS objects, 33% free, 32MB/48MB, paused 359us total 15.057ms
08-06 05:32:06.897  8766  8836 I art     : Starting a blocking GC Explicit
08-06 05:32:06.912  8766  8836 I art     : Explicit concurrent mark sweep GC freed 3(96B) AllocSpace objects, 0(0B) LOS objects, 33% free, 32MB/48MB, paused 332us total 14.735ms
08-06 05:32:06.918  8766  8836 I art     : Starting a blocking GC Explicit
08-06 05:32:06.933  8766  8836 I art     : Explicit concurrent mark sweep GC freed 3(96B) AllocSpace objects, 0(0B) LOS objects, 33% free, 32MB/48MB, paused 332us total 14.924ms
08-06 05:32:06.940  8766  8836 I art     : Starting a blocking GC Explicit
08-06 05:32:06.955  8766  8836 I art     : Explicit concurrent mark sweep GC freed 3(96B) AllocSpace objects, 0(0B) LOS objects, 33% free, 32MB/48MB, paused 345us total 14.820ms
08-06 05:32:07.266  8766  8777 I art     : Starting a blocking GC Explicit
08-06 05:32:07.284  8766  8777 I art     : Explicit concurrent mark sweep GC freed 1386(80KB) AllocSpace objects, 1(20KB) LOS objects, 33% free, 32MB/48MB, paused 347us total 17.004ms
08-06 05:32:07.293  8766  8777 I art     : Starting a blocking GC Explicit
08-06 05:32:07.307  8766  8777 I art     : Explicit concurrent mark sweep GC freed 20(704B) AllocSpace objects, 0(0B) LOS objects, 33% free, 32MB/48MB, paused 293us total 14.208ms
08-06 05:32:07.313  8766  8777 I art     : Starting a blocking GC Explicit
08-06 05:32:07.328  8766  8777 I art     : Explicit concurrent mark sweep GC freed 3(96B) AllocSpace objects, 0(0B) LOS objects, 33% free, 32MB/48MB, paused 321us total 14.562ms
08-06 05:32:07.334  8766  8777 I art     : Starting a blocking GC Explicit
08-06 05:32:07.349  8766  8777 I art     : Explicit concurrent mark sweep GC freed 3(96B) AllocSpace objects, 0(0B) LOS objects, 33% free, 32MB/48MB, paused 317us total 14.471ms
08-06 05:32:07.355  8766  8777 I art     : Starting a blocking GC Explicit
08-06 05:32:07.370  8766  8777 I art     : Explicit concurrent mark sweep GC freed 3(96B) AllocSpace objects, 0(0B) LOS objects, 33% free, 32MB/48MB, paused 316us total 14.387ms
08-06 05:32:07.685  8766  8778 I art     : Starting a blocking GC Explicit
08-06 05:32:07.702  8766  8778 I art     : Explicit concurrent mark sweep GC freed 1386(80KB) AllocSpace objects, 1(20KB) LOS objects, 33% free, 32MB/48MB, paused 357us total 17.430ms
08-06 05:32:07.710  8766  8778 I art     : Starting a blocking GC Explicit
08-06 05:32:07.725  8766  8778 I art     : Explicit concurrent mark sweep GC freed 20(704B) AllocSpace objects, 0(0B) LOS objects, 33% free, 32MB/48MB, paused 325us total 14.180ms
08-06 05:32:07.731  8766  8778 I art     : Starting a blocking GC Explicit
08-06 05:32:07.745  8766  8778 I art     : Explicit concurrent mark sweep GC freed 3(96B) AllocSpace objects, 0(0B) LOS objects, 33% free, 32MB/48MB, paused 319us total 14.105ms
08-06 05:32:07.752  8766  8778 I art     : Starting a blocking GC Explicit
08-06 05:32:07.766  8766  8778 I art     : Explicit concurrent mark sweep GC freed 3(96B) AllocSpace objects, 0(0B) LOS objects, 33% free, 32MB/48MB, paused 322us total 14.360ms
08-06 05:32:07.772  8766  8778 I art     : Starting a blocking GC Explicit
08-06 05:32:07.787  8766  8778 I art     : Explicit concurrent mark sweep GC freed 3(96B) AllocSpace objects, 0(0B) LOS objects, 33% free, 32MB/48MB, paused 400us total 14.247ms
08-06 05:32:08.110  8766  8836 I art     : Starting a blocking GC Explicit
08-06 05:32:08.129  8766  8836 I art     : Explicit concurrent mark sweep GC freed 1386(80KB) AllocSpace objects, 1(20KB) LOS objects, 33% free, 32MB/48MB, paused 370us total 18.839ms
08-06 05:32:08.138  8766  8836 I art     : Starting a blocking GC Explicit
08-06 05:32:08.152  8766  8836 I art     : Explicit concurrent mark sweep GC freed 20(704B) AllocSpace objects, 0(0B) LOS objects, 33% free, 32MB/48MB, paused 335us total 14.158ms
08-06 05:32:08.158  8766  8836 I art     : Starting a blocking GC Explicit
08-06 05:32:08.173  8766  8836 I art     : Explicit concurrent mark sweep GC freed 3(96B) AllocSpace objects, 0(0B) LOS objects, 33% free, 32MB/48MB, paused 326us total 14.278ms
08-06 05:32:08.179  8766  8836 I art     : Starting a blocking GC Explicit
08-06 05:32:08.193  8766  8836 I art     : Explicit concurrent mark sweep GC freed 3(96B) AllocSpace objects, 0(0B) LOS objects, 33% free, 32MB/48MB, paused 338us total 14.337ms
08-06 05:32:08.200  8766  8836 I art     : Starting a blocking GC Explicit
08-06 05:32:08.214  8766  8836 I art     : Explicit concurrent mark sweep GC freed 3(96B) AllocSpace objects, 0(0B) LOS objects, 33% free, 32MB/48MB, paused 318us total 14.258ms
08-06 05:32:08.552  8766  8777 I art     : Starting a blocking GC Explicit
08-06 05:32:08.571  8766  8777 I art     : Explicit concurrent mark sweep GC freed 1386(80KB) AllocSpace objects, 1(20KB) LOS objects, 33% free, 32MB/48MB, paused 344us total 18.836ms
08-06 05:32:08.582  8766  8777 I art     : Starting a blocking GC Explicit
08-06 05:32:08.596  8766  8777 I art     : Explicit concurrent mark sweep GC freed 20(704B) AllocSpace objects, 0(0B) LOS objects, 33% free, 32MB/48MB, paused 316us total 14.489ms
08-06 05:32:08.603  8766  8777 I art     : Starting a blocking GC Explicit
08-06 05:32:08.617  8766  8777 I art     : Explicit concurrent mark sweep GC freed 3(96B) AllocSpace objects, 0(0B) LOS objects, 33% free, 32MB/48MB, paused 355us total 14.265ms
08-06 05:32:08.623  8766  8777 I art     : Starting a blocking GC Explicit
08-06 05:32:08.638  8766  8777 I art     : Explicit concurrent mark sweep GC freed 3(96B) AllocSpace objects, 0(0B) LOS objects, 33% free, 32MB/48MB, paused 324us total 14.389ms
08-06 05:32:08.644  8766  8777 I art     : Starting a blocking GC Explicit
08-06 05:32:08.658  8766  8777 I art     : Explicit concurrent mark sweep GC freed 3(96B) AllocSpace objects, 0(0B) LOS objects, 33% free, 32MB/48MB, paused 295us total 13.802ms
08-06 05:32:08.828  8745  8745 I ServiceManager: Waiting for service AtCmdFwd...
08-06 05:32:08.987  8766  8778 I art     : Starting a blocking GC Explicit
08-06 05:32:09.006  8766  8778 I art     : Explicit concurrent mark sweep GC freed 1386(80KB) AllocSpace objects, 1(20KB) LOS objects, 33% free, 32MB/48MB, paused 355us total 18.595ms
08-06 05:32:09.015  8766  8778 I art     : Starting a blocking GC Explicit
08-06 05:32:09.029  8766  8778 I art     : Explicit concurrent mark sweep GC freed 20(704B) AllocSpace objects, 0(0B) LOS objects, 33% free, 32MB/48MB, paused 322us total 14.524ms
08-06 05:32:09.036  8766  8778 I art     : Starting a blocking GC Explicit
08-06 05:32:09.050  8766  8778 I art     : Explicit concurrent mark sweep GC freed 3(96B) AllocSpace objects, 0(0B) LOS objects, 33% free, 32MB/48MB, paused 300us total 14.251ms
08-06 05:32:09.056  8766  8778 I art     : Starting a blocking GC Explicit
08-06 05:32:09.071  8766  8778 I art     : Explicit concurrent mark sweep GC freed 3(96B) AllocSpace objects, 0(0B) LOS objects, 33% free, 32MB/48MB, paused 323us total 14.367ms
08-06 05:32:09.077  8766  8778 I art     : Starting a blocking GC Explicit
08-06 05:32:09.091  8766  8778 I art     : Explicit concurrent mark sweep GC freed 3(96B) AllocSpace objects, 0(0B) LOS objects, 33% free, 32MB/48MB, paused 327us total 14.314ms
08-06 05:32:09.408  8766  8836 I art     : Starting a blocking GC Explicit
08-06 05:32:09.426  8766  8836 I art     : Explicit concurrent mark sweep GC freed 1386(80KB) AllocSpace objects, 1(20KB) LOS objects, 33% free, 32MB/48MB, paused 341us total 18.365ms
08-06 05:32:09.435  8766  8836 I art     : Starting a blocking GC Explicit
08-06 05:32:09.450  8766  8836 I art     : Explicit concurrent mark sweep GC freed 20(704B) AllocSpace objects, 0(0B) LOS objects, 33% free, 32MB/48MB, paused 329us total 14.607ms
08-06 05:32:09.450  8766  8776 I art     : WaitForGcToComplete blocked for 10.954ms for cause HeapTrim
08-06 05:32:09.456  8766  8836 I art     : Starting a blocking GC Explicit
08-06 05:32:09.471  8766  8836 I art     : Explicit concurrent mark sweep GC freed 3(96B) AllocSpace objects, 0(0B) LOS objects, 33% free, 32MB/48MB, paused 322us total 14.236ms
08-06 05:32:09.477  8766  8836 I art     : Starting a blocking GC Explicit
08-06 05:32:09.491  8766  8836 I art     : Explicit concurrent mark sweep GC freed 3(96B) AllocSpace objects, 0(0B) LOS objects, 33% free, 32MB/48MB, paused 335us total 14.350ms
08-06 05:32:09.498  8766  8836 I art     : Starting a blocking GC Explicit
08-06 05:32:09.512  8766  8836 I art     : Explicit concurrent mark sweep GC freed 3(96B) AllocSpace objects, 0(0B) LOS objects, 33% free, 32MB/48MB, paused 338us total 14.307ms
08-06 05:32:09.819  8766  8777 I art     : Starting a blocking GC Explicit
08-06 05:32:09.829  8745  8745 I ServiceManager: Waiting for service AtCmdFwd...
08-06 05:32:09.837  8766  8777 I art     : Explicit concurrent mark sweep GC freed 1386(80KB) AllocSpace objects, 1(20KB) LOS objects, 33% free, 32MB/48MB, paused 356us total 17.476ms
08-06 05:32:09.849  8766  8777 I art     : Starting a blocking GC Explicit
08-06 05:32:09.864  8766  8777 I art     : Explicit concurrent mark sweep GC freed 20(704B) AllocSpace objects, 0(0B) LOS objects, 33% free, 32MB/48MB, paused 352us total 14.154ms
08-06 05:32:09.870  8766  8777 I art     : Starting a blocking GC Explicit
08-06 05:32:09.884  8766  8777 I art     : Explicit concurrent mark sweep GC freed 3(96B) AllocSpace objects, 0(0B) LOS objects, 33% free, 32MB/48MB, paused 321us total 14.281ms
08-06 05:32:09.890  8766  8777 I art     : Starting a blocking GC Explicit
08-06 05:32:09.905  8766  8777 I art     : Explicit concurrent mark sweep GC freed 3(96B) AllocSpace objects, 0(0B) LOS objects, 33% free, 32MB/48MB, paused 312us total 14.378ms
08-06 05:32:09.911  8766  8777 I art     : Starting a blocking GC Explicit
08-06 05:32:09.926  8766  8777 I art     : Explicit concurrent mark sweep GC freed 3(96B) AllocSpace objects, 0(0B) LOS objects, 33% free, 32MB/48MB, paused 312us total 14.325ms
08-06 05:32:10.219  8766  8778 I art     : Starting a blocking GC Explicit
08-06 05:32:10.235  8766  8778 I art     : Explicit concurrent mark sweep GC freed 1386(80KB) AllocSpace objects, 1(20KB) LOS objects, 33% free, 32MB/48MB, paused 359us total 16.731ms
08-06 05:32:10.242  8766  8778 I art     : Starting a blocking GC Explicit
08-06 05:32:10.258  8766  8778 I art     : Explicit concurrent mark sweep GC freed 20(704B) AllocSpace objects, 0(0B) LOS objects, 33% free, 32MB/48MB, paused 346us total 15.712ms
08-06 05:32:10.265  8766  8778 I art     : Starting a blocking GC Explicit
08-06 05:32:10.280  8766  8778 I art     : Explicit concurrent mark sweep GC freed 3(96B) AllocSpace objects, 0(0B) LOS objects, 33% free, 32MB/48MB, paused 326us total 14.769ms
08-06 05:32:10.287  8766  8778 I art     : Starting a blocking GC Explicit
08-06 05:32:10.301  8766  8778 I art     : Explicit concurrent mark sweep GC freed 3(96B) AllocSpace objects, 0(0B) LOS objects, 33% free, 32MB/48MB, paused 331us total 14.554ms
08-06 05:32:10.308  8766  8778 I art     : Starting a blocking GC Explicit
08-06 05:32:10.322  8766  8778 I art     : Explicit concurrent mark sweep GC freed 3(96B) AllocSpace objects, 0(0B) LOS objects, 33% free, 32MB/48MB, paused 337us total 14.386ms
08-06 05:32:10.645  8766  8836 I art     : Starting a blocking GC Explicit
08-06 05:32:10.665  8766  8836 I art     : Explicit concurrent mark sweep GC freed 1386(80KB) AllocSpace objects, 1(20KB) LOS objects, 33% free, 32MB/48MB, paused 362us total 19.331ms
08-06 05:32:10.675  8766  8836 I art     : Starting a blocking GC Explicit
08-06 05:32:10.690  8766  8836 I art     : Explicit concurrent mark sweep GC freed 20(704B) AllocSpace objects, 0(0B) LOS objects, 33% free, 32MB/48MB, paused 334us total 14.400ms
08-06 05:32:10.696  8766  8836 I art     : Starting a blocking GC Explicit
08-06 05:32:10.711  8766  8836 I art     : Explicit concurrent mark sweep GC freed 3(96B) AllocSpace objects, 0(0B) LOS objects, 33% free, 32MB/48MB, paused 338us total 14.420ms
08-06 05:32:10.717  8766  8836 I art     : Starting a blocking GC Explicit
08-06 05:32:10.732  8766  8836 I art     : Explicit concurrent mark sweep GC freed 3(96B) AllocSpace objects, 0(0B) LOS objects, 33% free, 32MB/48MB, paused 328us total 14.465ms
08-06 05:32:10.738  8766  8836 I art     : Starting a blocking GC Explicit
08-06 05:32:10.752  8766  8836 I art     : Explicit concurrent mark sweep GC freed 3(96B) AllocSpace objects, 0(0B) LOS objects, 33% free, 32MB/48MB, paused 330us total 14.357ms
08-06 05:32:10.829  8745  8745 I ServiceManager: Waiting for service AtCmdFwd...
08-06 05:32:11.058  8766  8777 I art     : Starting a blocking GC Explicit
08-06 05:32:11.074  8766  8777 I art     : Explicit concurrent mark sweep GC freed 1386(80KB) AllocSpace objects, 1(20KB) LOS objects, 33% free, 32MB/48MB, paused 351us total 16.572ms
08-06 05:32:11.082  8766  8777 I art     : Starting a blocking GC Explicit
08-06 05:32:11.096  8766  8777 I art     : Explicit concurrent mark sweep GC freed 20(704B) AllocSpace objects, 0(0B) LOS objects, 33% free, 32MB/48MB, paused 317us total 14.572ms
08-06 05:32:11.103  8766  8777 I art     : Starting a blocking GC Explicit
08-06 05:32:11.117  8766  8777 I art     : Explicit concurrent mark sweep GC freed 3(96B) AllocSpace objects, 0(0B) LOS objects, 33% free, 32MB/48MB, paused 389us total 13.978ms
08-06 05:32:11.123  8766  8777 I art     : Starting a blocking GC Explicit
08-06 05:32:11.137  8766  8777 I art     : Explicit concurrent mark sweep GC freed 3(96B) AllocSpace objects, 0(0B) LOS objects, 33% free, 32MB/48MB, paused 348us total 14.143ms
08-06 05:32:11.143  8766  8777 I art     : Starting a blocking GC Explicit
08-06 05:32:11.158  8766  8777 I art     : Explicit concurrent mark sweep GC freed 3(96B) AllocSpace objects, 0(0B) LOS objects, 33% free, 32MB/48MB, paused 325us total 14.366ms
08-06 05:32:11.341  9279  9279 D AndroidRuntime: >>>>>> START com.android.internal.os.RuntimeInit uid 2000 <<<<<<
08-06 05:32:11.345  9279  9279 D AndroidRuntime: CheckJNI is OFF
08-06 05:32:11.368  9279  9279 D ICU     : No timezone override file found: /data/misc/zoneinfo/current/icu/icu_tzdata.dat
08-06 05:32:11.392  9279  9279 I Radio-JNI: register_android_hardware_Radio DONE
08-06 05:32:11.408  9279  9279 D AndroidRuntime: Calling main entry com.android.commands.input.Input
08-06 05:32:11.410  9279  9279 I Input   : injectMotionEvent: MotionEvent { action=ACTION_DOWN, actionButton=0, id[0]=0, x[0]=436.0, y[0]=453.0, toolType[0]=TOOL_TYPE_UNKNOWN, buttonState=0, metaState=0, flags=0x0, edgeFlags=0x0, pointerCount=1, historySize=0, eventTime=855147823, downTime=855147823, deviceId=0, source=0x1002 }
08-06 05:32:11.414  9279  9279 I Input   : injectMotionEvent: MotionEvent { action=ACTION_UP, actionButton=0, id[0]=0, x[0]=436.0, y[0]=453.0, toolType[0]=TOOL_TYPE_UNKNOWN, buttonState=0, metaState=0, flags=0x0, edgeFlags=0x0, pointerCount=1, historySize=0, eventTime=855147823, downTime=855147823, deviceId=0, source=0x1002 }
08-06 05:32:11.416  9279  9279 D AndroidRuntime: Shutting down VM
08-06 05:32:11.430   512  2967 D audio_hw_primary: out_set_parameters: enter: usecase(1: low-latency-playback) kvpairs: routing=2
08-06 05:32:11.431   918  4400 I ActivityManager: START u0 {cmp=baseline.com.newsblur/.activity.GlobalSharedStoriesReading (has extras)} from uid 10698 on display 0
08-06 05:32:11.437  8766  8836 I art     : Starting a blocking GC Explicit
08-06 05:32:11.443   512  2967 D audio_hw_primary: select_devices: out_snd_device(2: speaker) in_snd_device(0: none)
08-06 05:32:11.443   512  2967 D msm8974_platform: platform_send_audio_calibration: sending audio calibration for snd_device(2) acdb_id(15)
08-06 05:32:11.444   512  2967 I soundtrigger: audio_extn_sound_trigger_update_device_status: device 0x2 of type 0 for Event 1
08-06 05:32:11.453  8766  8836 I art     : Explicit concurrent mark sweep GC freed 1967(163KB) AllocSpace objects, 3(60KB) LOS objects, 33% free, 32MB/48MB, paused 533us total 15.279ms
08-06 05:32:11.455   512  2967 D audio_hw_primary: enable_snd_device: snd_device(2: speaker)
08-06 05:32:11.457   512  2967 D audio_hw_primary: enable_audio_route: apply and update mixer path: low-latency-playback speaker
08-06 05:32:11.459  8766  8836 I art     : Starting a blocking GC Explicit
08-06 05:32:11.473  8766  8836 I art     : Explicit concurrent mark sweep GC freed 165(13KB) AllocSpace objects, 0(0B) LOS objects, 32% free, 33MB/49MB, paused 436us total 13.854ms
08-06 05:32:11.480  8766  8836 I art     : Starting a blocking GC Explicit
08-06 05:32:11.494  8766  8836 I art     : Explicit concurrent mark sweep GC freed 1021(91KB) AllocSpace objects, 2(164KB) LOS objects, 31% free, 34MB/50MB, paused 461us total 14.409ms
08-06 05:32:11.500  8766  8836 I art     : Starting a blocking GC Explicit
08-06 05:32:11.515  8766  8836 I art     : Explicit concurrent mark sweep GC freed 261(30KB) AllocSpace objects, 1(356KB) LOS objects, 31% free, 34MB/50MB, paused 409us total 14.210ms
08-06 05:32:11.521  8766  8836 I art     : Starting a blocking GC Explicit
08-06 05:32:11.535  8766  8836 I art     : Explicit concurrent mark sweep GC freed 67(3KB) AllocSpace objects, 0(0B) LOS objects, 31% free, 34MB/50MB, paused 369us total 14.086ms
08-06 05:32:11.642 13866 13866 I GoogleInputMethodServic: GoogleInputMethodService.onFinishInput():3138 
08-06 05:32:11.642 13866 13866 I GoogleInputMethodServic: GoogleInputMethodService.onStartInput():1808 
08-06 05:32:11.643   918   936 I ActivityManager: Displayed baseline.com.newsblur/.activity.GlobalSharedStoriesReading: +203ms
08-06 05:32:11.652  8766  8766 I WebViewFactory: Loading com.google.android.webview version 84.0.4147.89 (code 414708953)
08-06 05:32:11.718  8766  8766 I cr_LibraryLoader: Loaded native library version number "84.0.4147.89"
08-06 05:32:11.719  8766  8766 I cr_CachingUmaRecorder: Flushed 5 samples from 5 histograms.
08-06 05:32:11.744  8766  8766 E chromium: [ERROR:filesystem_posix.cc(62)] mkdir /data/user/0/baseline.com.newsblur/cache/WebView/Crashpad: No such file or directory (2)
08-06 05:32:11.763  8766  8777 I art     : Starting a blocking GC Explicit
08-06 05:32:11.785  8766  8777 I art     : Explicit concurrent mark sweep GC freed 7569(797KB) AllocSpace objects, 6(120KB) LOS objects, 30% free, 36MB/52MB, paused 765us total 22.249ms
08-06 05:32:11.798  8766  8777 I art     : Starting a blocking GC Explicit
08-06 05:32:11.818  8766  8777 I art     : Explicit concurrent mark sweep GC freed 921(72KB) AllocSpace objects, 0(0B) LOS objects, 30% free, 37MB/53MB, paused 752us total 19.891ms
08-06 05:32:11.820   918  6029 D ConnectivityService: listenForNetwork for Listen from uid/pid:10698/8766 for NetworkRequest [ id=3867, legacyType=-1, [ Capabilities: INTERNET&NOT_RESTRICTED&TRUSTED] ]
08-06 05:32:11.825  8766  8777 I art     : Starting a blocking GC Explicit
08-06 05:32:11.830  8745  8745 I ServiceManager: Waiting for service AtCmdFwd...
08-06 05:32:11.844  8766  8777 I art     : Explicit concurrent mark sweep GC freed 515(73KB) AllocSpace objects, 0(0B) LOS objects, 30% free, 37MB/53MB, paused 938us total 18.910ms
08-06 05:32:11.851  8766  8777 I art     : Starting a blocking GC Explicit
08-06 05:32:11.870  8766  8777 I art     : Explicit concurrent mark sweep GC freed 1022(80KB) AllocSpace objects, 1(20KB) LOS objects, 30% free, 37MB/53MB, paused 775us total 19.190ms
08-06 05:32:11.877  8766  8777 I art     : Starting a blocking GC Explicit
08-06 05:32:11.897  8766  8777 I art     : Explicit concurrent mark sweep GC freed 783(47KB) AllocSpace objects, 1(20KB) LOS objects, 29% free, 38MB/54MB, paused 780us total 19.640ms
08-06 05:32:11.932  8766  9328 W cr_media: Requires BLUETOOTH permission
08-06 05:32:11.942  8766  9343 E libEGL  : validate_display:255 error 3008 (EGL_BAD_DISPLAY)
08-06 05:32:11.962  8766  9026 I NAPPA_EXPERIMENTATION: MetricNetworkRequestExecutionTime: REQUEST_DURATION_SYSTEM='104',REQUEST_DURATION_OKHTTP='104',REQUEST_SYNCHRONOUS='TRUE',RESPONSE_CODE='200',RESPONSE_METHOD='GET',RESPONSE_LENGTH_OKHTTP='4737',RESPONSE_LENGTH_HEADER='4737',REQUEST_PROTOCOL='http/1.1',REQUEST_URL='https://s3.amazonaws.com/avatars.newsblur.com/avatars/33448/thumbnail_profile_1420383332.gif',
08-06 05:32:11.987  8766  9028 I NAPPA_EXPERIMENTATION: MetricNetworkRequestExecutionTime: REQUEST_DURATION_SYSTEM='67',REQUEST_DURATION_OKHTTP='66',REQUEST_SYNCHRONOUS='TRUE',RESPONSE_CODE='200',RESPONSE_METHOD='GET',RESPONSE_LENGTH_OKHTTP='4737',RESPONSE_LENGTH_HEADER='4737',REQUEST_PROTOCOL='http/1.1',REQUEST_URL='https://s3.amazonaws.com/avatars.newsblur.com/avatars/33448/thumbnail_profile_1420383332.gif',
08-06 05:32:11.998   512  2967 D audio_hw_primary: disable_audio_route: reset and update mixer path: low-latency-playback speaker
08-06 05:32:11.999   512  2967 D audio_hw_primary: disable_snd_device: snd_device(2: speaker)
08-06 05:32:12.007   512  2967 I soundtrigger: audio_extn_sound_trigger_update_device_status: device 0x2 of type 0 for Event 0
08-06 05:32:12.156  8766  9349 E chromium: [ERROR:tile_manager.cc(793)] WARNING: tile memory limits exceeded, some content may not draw
08-06 05:32:12.160  8766  8777 I art     : Starting a blocking GC Explicit
08-06 05:32:12.176  8766  9349 E chromium: [ERROR:tile_manager.cc(793)] WARNING: tile memory limits exceeded, some content may not draw
08-06 05:32:12.181  8766  9349 E chromium: [ERROR:tile_manager.cc(793)] WARNING: tile memory limits exceeded, some content may not draw
08-06 05:32:12.187  8766  9349 E chromium: [ERROR:tile_manager.cc(793)] WARNING: tile memory limits exceeded, some content may not draw
08-06 05:32:12.188  8766  9349 E chromium: [ERROR:tile_manager.cc(793)] WARNING: tile memory limits exceeded, some content may not draw
08-06 05:32:12.188  8766  9349 E chromium: [ERROR:tile_manager.cc(793)] WARNING: tile memory limits exceeded, some content may not draw
08-06 05:32:12.191  8766  8777 I art     : Explicit concurrent mark sweep GC freed 23750(1452KB) AllocSpace objects, 21(412KB) LOS objects, 29% free, 39MB/55MB, paused 861us total 31.044ms
08-06 05:32:12.198  8766  8777 I art     : Starting a blocking GC Explicit
08-06 05:32:12.200  8766  9349 E chromium: [ERROR:tile_manager.cc(793)] WARNING: tile memory limits exceeded, some content may not draw
08-06 05:32:12.201  8766  9349 E chromium: [ERROR:tile_manager.cc(793)] WARNING: tile memory limits exceeded, some content may not draw
08-06 05:32:12.218  8766  8777 I art     : Explicit concurrent mark sweep GC freed 1596(77KB) AllocSpace objects, 3(76KB) LOS objects, 29% free, 38MB/54MB, paused 790us total 19.403ms
08-06 05:32:12.224  8766  8777 I art     : Starting a blocking GC Explicit
08-06 05:32:12.243  8766  8777 I art     : Explicit concurrent mark sweep GC freed 3(96B) AllocSpace objects, 0(0B) LOS objects, 29% free, 38MB/54MB, paused 631us total 19.115ms
08-06 05:32:12.251  8766  8777 I art     : Starting a blocking GC Explicit
08-06 05:32:12.271  8766  8777 I art     : Explicit concurrent mark sweep GC freed 3(96B) AllocSpace objects, 0(0B) LOS objects, 29% free, 38MB/54MB, paused 669us total 19.736ms
08-06 05:32:12.277  8766  8777 I art     : Starting a blocking GC Explicit
08-06 05:32:12.296  8766  8777 I art     : Explicit concurrent mark sweep GC freed 3(96B) AllocSpace objects, 0(0B) LOS objects, 29% free, 38MB/54MB, paused 718us total 18.990ms
08-06 05:32:12.340  8766  9034 I NAPPA_EXPERIMENTATION: MetricNetworkRequestExecutionTime: REQUEST_DURATION_SYSTEM='423',REQUEST_DURATION_OKHTTP='220',REQUEST_SYNCHRONOUS='TRUE',RESPONSE_CODE='200',RESPONSE_METHOD='GET',RESPONSE_LENGTH_OKHTTP='2111',RESPONSE_LENGTH_HEADER='2111',REQUEST_PROTOCOL='h2',REQUEST_URL='https://pbs.twimg.com/profile_images/1186729813748248576/D6FFru_U_normal.jpg',
08-06 05:32:12.353  8766  9026 I NAPPA_EXPERIMENTATION: MetricNetworkRequestExecutionTime: REQUEST_DURATION_SYSTEM='350',REQUEST_DURATION_OKHTTP='229',REQUEST_SYNCHRONOUS='TRUE',RESPONSE_CODE='200',RESPONSE_METHOD='GET',RESPONSE_LENGTH_OKHTTP='2111',RESPONSE_LENGTH_HEADER='2111',REQUEST_PROTOCOL='h2',REQUEST_URL='https://pbs.twimg.com/profile_images/1186729813748248576/D6FFru_U_normal.jpg',
08-06 05:32:12.369  8766  9042 I NAPPA_EXPERIMENTATION: MetricNetworkRequestExecutionTime: REQUEST_DURATION_SYSTEM='452',REQUEST_DURATION_OKHTTP='245',REQUEST_SYNCHRONOUS='TRUE',RESPONSE_CODE='200',RESPONSE_METHOD='GET',RESPONSE_LENGTH_OKHTTP='2111',RESPONSE_LENGTH_HEADER='2111',REQUEST_PROTOCOL='h2',REQUEST_URL='https://pbs.twimg.com/profile_images/1186729813748248576/D6FFru_U_normal.jpg',
08-06 05:32:12.373  8766  9028 I NAPPA_EXPERIMENTATION: MetricNetworkRequestExecutionTime: REQUEST_DURATION_SYSTEM='347',REQUEST_DURATION_OKHTTP='239',REQUEST_SYNCHRONOUS='TRUE',RESPONSE_CODE='200',RESPONSE_METHOD='GET',RESPONSE_LENGTH_OKHTTP='2111',RESPONSE_LENGTH_HEADER='2111',REQUEST_PROTOCOL='h2',REQUEST_URL='https://pbs.twimg.com/profile_images/1186729813748248576/D6FFru_U_normal.jpg',
08-06 05:32:12.423  8766  9032 I NAPPA_EXPERIMENTATION: MetricNetworkRequestExecutionTime: REQUEST_DURATION_SYSTEM='489',REQUEST_DURATION_OKHTTP='93',REQUEST_SYNCHRONOUS='TRUE',RESPONSE_CODE='200',RESPONSE_METHOD='GET',RESPONSE_LENGTH_OKHTTP='17022',RESPONSE_LENGTH_HEADER='17022',REQUEST_PROTOCOL='http/1.1',REQUEST_URL='https://www.newsblur.com/media/img/reader/default_profile_photo.png',
08-06 05:32:12.434  8766  9037 I NAPPA_EXPERIMENTATION: MetricNetworkRequestExecutionTime: REQUEST_DURATION_SYSTEM='517',REQUEST_DURATION_OKHTTP='101',REQUEST_SYNCHRONOUS='TRUE',RESPONSE_CODE='200',RESPONSE_METHOD='GET',RESPONSE_LENGTH_OKHTTP='17022',RESPONSE_LENGTH_HEADER='17022',REQUEST_PROTOCOL='http/1.1',REQUEST_URL='https://www.newsblur.com/media/img/reader/default_profile_photo.png',
08-06 05:32:12.439  8766  9032 D skia    : --- SkImageDecoder::Factory returned null
08-06 05:32:12.521  8766  9352 D MY_TAG  : 0, 469
08-06 05:32:12.606  8766  8778 I art     : Starting a blocking GC Explicit
08-06 05:32:12.636  8766  8778 I art     : Explicit concurrent mark sweep GC freed 10332(620KB) AllocSpace objects, 23(600KB) LOS objects, 28% free, 39MB/55MB, paused 727us total 30.263ms
08-06 05:32:12.645  8766  8778 I art     : Starting a blocking GC Explicit
08-06 05:32:12.674  8766  8778 I art     : Explicit concurrent mark sweep GC freed 2025(216KB) AllocSpace objects, 2(136KB) LOS objects, 28% free, 39MB/55MB, paused 538us total 29.044ms
08-06 05:32:12.685  8766  8778 I art     : Starting a blocking GC Explicit
08-06 05:32:12.705  8766  8778 I art     : Explicit concurrent mark sweep GC freed 266(49KB) AllocSpace objects, 1(68KB) LOS objects, 29% free, 39MB/55MB, paused 512us total 20.541ms
08-06 05:32:12.714  8766  8778 I art     : Starting a blocking GC Explicit
08-06 05:32:12.735  8766  8778 I art     : Explicit concurrent mark sweep GC freed 318(13KB) AllocSpace objects, 0(0B) LOS objects, 29% free, 39MB/55MB, paused 540us total 20.893ms
08-06 05:32:12.742  8766  8778 I art     : Starting a blocking GC Explicit
08-06 05:32:12.764  8766  8778 I art     : Explicit concurrent mark sweep GC freed 1362(52KB) AllocSpace objects, 0(0B) LOS objects, 29% free, 39MB/55MB, paused 735us total 22.054ms
08-06 05:32:12.787  8766  9034 I NAPPA_EXPERIMENTATION: MetricNetworkRequestExecutionTime: REQUEST_DURATION_SYSTEM='443',REQUEST_DURATION_OKHTTP='40',REQUEST_SYNCHRONOUS='TRUE',RESPONSE_CODE='200',RESPONSE_METHOD='GET',RESPONSE_LENGTH_OKHTTP='17022',RESPONSE_LENGTH_HEADER='17022',REQUEST_PROTOCOL='http/1.1',REQUEST_URL='https://www.newsblur.com/media/img/reader/default_profile_photo.png',
08-06 05:32:12.830  8745  8745 I ServiceManager: Waiting for service AtCmdFwd...
08-06 05:32:12.936  8766  9352 I NAPPA_EXPERIMENTATION: MetricNetworkRequestExecutionTime: REQUEST_DURATION_SYSTEM='384',REQUEST_DURATION_OKHTTP='38',REQUEST_SYNCHRONOUS='TRUE',RESPONSE_CODE='200',RESPONSE_METHOD='GET',RESPONSE_LENGTH_OKHTTP='-1',RESPONSE_LENGTH_HEADER='12364',REQUEST_PROTOCOL='http/1.1',REQUEST_URL='https://www.newsblur.com/social/river_stories?order=newest&page=2&read_filter=all&global_feed=true',
08-06 05:32:12.937  8766  9352 D MY_TAG  : 0, 384
08-06 05:32:13.059  8766  8777 I art     : Starting a blocking GC Explicit
08-06 05:32:13.063  8766  8786 E SQLiteLog: (9) statement aborts at 0: [SELECT authors,short_content,timestamp,sharedDate,stories.feed_id,stories._id,intelligence_authors,intelligence_feed,intelligence_tags,intelligence_total,intelligence_title,permalink,re
08-06 05:32:13.088  8766  8777 I art     : Explicit concurrent mark sweep GC freed 38376(2MB) AllocSpace objects, 39(1036KB) LOS objects, 28% free, 39MB/55MB, paused 654us total 28.838ms
08-06 05:32:13.095  8766  8777 I art     : Starting a blocking GC Explicit
08-06 05:32:13.116  8766  8777 I art     : Explicit concurrent mark sweep GC freed 1539(169KB) AllocSpace objects, 6(176KB) LOS objects, 28% free, 39MB/55MB, paused 948us total 20.614ms
08-06 05:32:13.122  8766  8777 I art     : Starting a blocking GC Explicit
08-06 05:32:13.141  8766  8777 I art     : Explicit concurrent mark sweep GC freed 2070(119KB) AllocSpace objects, 1(28KB) LOS objects, 29% free, 39MB/55MB, paused 448us total 18.647ms
08-06 05:32:13.148  8766  8777 I art     : Starting a blocking GC Explicit
08-06 05:32:13.167  8766  8777 I art     : Explicit concurrent mark sweep GC freed 13(448B) AllocSpace objects, 0(0B) LOS objects, 29% free, 39MB/55MB, paused 416us total 18.069ms
08-06 05:32:13.173  8766  8777 I art     : Starting a blocking GC Explicit
08-06 05:32:13.195  8766  8777 I art     : Explicit concurrent mark sweep GC freed 8(256B) AllocSpace objects, 0(0B) LOS objects, 29% free, 39MB/55MB, paused 513us total 21.945ms
08-06 05:32:13.460   518   646 I ThermalEngine: ACTION: GPU - Setting GPU[0] to 510000000
08-06 05:32:13.531  8766  8836 I art     : Starting a blocking GC Explicit
08-06 05:32:13.559  8766  8836 I art     : Explicit concurrent mark sweep GC freed 1443(82KB) AllocSpace objects, 1(20KB) LOS objects, 29% free, 39MB/55MB, paused 663us total 27.874ms
08-06 05:32:13.573  8766  8836 I art     : Starting a blocking GC Explicit
08-06 05:32:13.598  8766  8836 I art     : Explicit concurrent mark sweep GC freed 20(704B) AllocSpace objects, 0(0B) LOS objects, 29% free, 39MB/55MB, paused 662us total 25.189ms
08-06 05:32:13.608  8766  8836 I art     : Starting a blocking GC Explicit
08-06 05:32:13.632  8766  8836 I art     : Explicit concurrent mark sweep GC freed 3(96B) AllocSpace objects, 0(0B) LOS objects, 29% free, 39MB/55MB, paused 649us total 24.070ms
08-06 05:32:13.641  8766  8836 I art     : Starting a blocking GC Explicit
08-06 05:32:13.666  8766  8836 I art     : Explicit concurrent mark sweep GC freed 3(96B) AllocSpace objects, 0(0B) LOS objects, 29% free, 39MB/55MB, paused 641us total 24.727ms
08-06 05:32:13.675  8766  8836 I art     : Starting a blocking GC Explicit
08-06 05:32:13.701  8766  8836 I art     : Explicit concurrent mark sweep GC freed 3(96B) AllocSpace objects, 0(0B) LOS objects, 29% free, 39MB/55MB, paused 644us total 25.243ms
08-06 05:32:13.831  8745  8745 W Atfwd_Sendcmd: AtCmdFwd service not published, waiting... retryCnt : 3
08-06 05:32:14.050  8766  8777 I art     : Starting a blocking GC Explicit
08-06 05:32:14.078  8766  8777 I art     : Explicit concurrent mark sweep GC freed 1403(81KB) AllocSpace objects, 1(20KB) LOS objects, 29% free, 39MB/55MB, paused 691us total 27.914ms
08-06 05:32:14.087  8766  8777 I art     : Starting a blocking GC Explicit
08-06 05:32:14.112  8766  8777 I art     : Explicit concurrent mark sweep GC freed 20(704B) AllocSpace objects, 0(0B) LOS objects, 29% free, 39MB/55MB, paused 724us total 24.954ms
08-06 05:32:14.121  8766  8777 I art     : Starting a blocking GC Explicit
08-06 05:32:14.146  8766  8777 I art     : Explicit concurrent mark sweep GC freed 3(96B) AllocSpace objects, 0(0B) LOS objects, 29% free, 39MB/55MB, paused 665us total 25.187ms
08-06 05:32:14.155  8766  8777 I art     : Starting a blocking GC Explicit
08-06 05:32:14.181  8766  8777 I art     : Explicit concurrent mark sweep GC freed 3(96B) AllocSpace objects, 0(0B) LOS objects, 29% free, 39MB/55MB, paused 629us total 25.400ms
08-06 05:32:14.190  8766  8777 I art     : Starting a blocking GC Explicit
08-06 05:32:14.216  8766  8777 I art     : Explicit concurrent mark sweep GC freed 3(96B) AllocSpace objects, 0(0B) LOS objects, 29% free, 39MB/55MB, paused 672us total 25.507ms
08-06 05:32:14.560  8766  8778 I art     : Starting a blocking GC Explicit
08-06 05:32:14.588  8766  8778 I art     : Explicit concurrent mark sweep GC freed 1402(80KB) AllocSpace objects, 1(20KB) LOS objects, 29% free, 39MB/55MB, paused 699us total 28.299ms
08-06 05:32:14.600  8766  8778 I art     : Starting a blocking GC Explicit
08-06 05:32:14.626  8766  8778 I art     : Explicit concurrent mark sweep GC freed 20(704B) AllocSpace objects, 0(0B) LOS objects, 29% free, 39MB/55MB, paused 637us total 25.038ms
08-06 05:32:14.635  8766  8778 I art     : Starting a blocking GC Explicit
08-06 05:32:14.660  8766  8778 I art     : Explicit concurrent mark sweep GC freed 3(96B) AllocSpace objects, 0(0B) LOS objects, 29% free, 39MB/55MB, paused 638us total 25.086ms
08-06 05:32:14.669  8766  8778 I art     : Starting a blocking GC Explicit
08-06 05:32:14.693  8766  8778 I art     : Explicit concurrent mark sweep GC freed 3(96B) AllocSpace objects, 0(0B) LOS objects, 29% free, 39MB/55MB, paused 652us total 24.632ms
08-06 05:32:14.703  8766  8778 I art     : Starting a blocking GC Explicit
08-06 05:32:14.728  8766  8778 I art     : Explicit concurrent mark sweep GC freed 3(96B) AllocSpace objects, 0(0B) LOS objects, 29% free, 39MB/55MB, paused 665us total 25.609ms
08-06 05:32:15.074  8766  8836 I art     : Starting a blocking GC Explicit
08-06 05:32:15.103  8766  8836 I art     : Explicit concurrent mark sweep GC freed 1403(81KB) AllocSpace objects, 1(20KB) LOS objects, 29% free, 39MB/55MB, paused 683us total 28.131ms
08-06 05:32:15.117  8766  8836 I art     : Starting a blocking GC Explicit
08-06 05:32:15.142  8766  8836 I art     : Explicit concurrent mark sweep GC freed 20(704B) AllocSpace objects, 0(0B) LOS objects, 29% free, 39MB/55MB, paused 651us total 24.966ms
08-06 05:32:15.151  8766  8836 I art     : Starting a blocking GC Explicit
08-06 05:32:15.176  8766  8836 I art     : Explicit concurrent mark sweep GC freed 3(96B) AllocSpace objects, 0(0B) LOS objects, 29% free, 39MB/55MB, paused 636us total 24.395ms
08-06 05:32:15.185  8766  8836 I art     : Starting a blocking GC Explicit
08-06 05:32:15.210  8766  8836 I art     : Explicit concurrent mark sweep GC freed 3(96B) AllocSpace objects, 0(0B) LOS objects, 29% free, 39MB/55MB, paused 633us total 25.150ms
08-06 05:32:15.219  8766  8836 I art     : Starting a blocking GC Explicit
08-06 05:32:15.245  8766  8836 I art     : Explicit concurrent mark sweep GC freed 3(96B) AllocSpace objects, 0(0B) LOS objects, 29% free, 39MB/55MB, paused 651us total 25.823ms
08-06 05:32:15.593  8766  8777 I art     : Starting a blocking GC Explicit
08-06 05:32:15.623  8766  8777 I art     : Explicit concurrent mark sweep GC freed 1402(80KB) AllocSpace objects, 1(20KB) LOS objects, 29% free, 39MB/55MB, paused 699us total 29.665ms
08-06 05:32:15.634  8766  8777 I art     : Starting a blocking GC Explicit
08-06 05:32:15.658  8766  8777 I art     : Explicit concurrent mark sweep GC freed 20(704B) AllocSpace objects, 0(0B) LOS objects, 29% free, 39MB/55MB, paused 674us total 24.556ms
08-06 05:32:15.667  8766  8777 I art     : Starting a blocking GC Explicit
08-06 05:32:15.693  8766  8777 I art     : Explicit concurrent mark sweep GC freed 3(96B) AllocSpace objects, 0(0B) LOS objects, 29% free, 39MB/55MB, paused 652us total 25.052ms
08-06 05:32:15.702  8766  8777 I art     : Starting a blocking GC Explicit
08-06 05:32:15.728  8766  8777 I art     : Explicit concurrent mark sweep GC freed 3(96B) AllocSpace objects, 0(0B) LOS objects, 29% free, 39MB/55MB, paused 700us total 25.977ms
08-06 05:32:15.737  8766  8777 I art     : Starting a blocking GC Explicit
08-06 05:32:15.762  8766  8777 I art     : Explicit concurrent mark sweep GC freed 3(96B) AllocSpace objects, 0(0B) LOS objects, 29% free, 39MB/55MB, paused 631us total 25.336ms
08-06 05:32:16.114  8766  8778 I art     : Starting a blocking GC Explicit
08-06 05:32:16.141  8766  8778 I art     : Explicit concurrent mark sweep GC freed 1403(81KB) AllocSpace objects, 1(20KB) LOS objects, 29% free, 39MB/55MB, paused 624us total 27.629ms
08-06 05:32:16.151  8766  8778 I art     : Starting a blocking GC Explicit
08-06 05:32:16.177  8766  8778 I art     : Explicit concurrent mark sweep GC freed 20(704B) AllocSpace objects, 0(0B) LOS objects, 29% free, 39MB/55MB, paused 692us total 25.930ms
08-06 05:32:16.186  8766  8778 I art     : Starting a blocking GC Explicit
08-06 05:32:16.212  8766  8778 I art     : Explicit concurrent mark sweep GC freed 3(96B) AllocSpace objects, 0(0B) LOS objects, 29% free, 39MB/55MB, paused 671us total 25.713ms
08-06 05:32:16.221  8766  8778 I art     : Starting a blocking GC Explicit
08-06 05:32:16.248  8766  8778 I art     : Explicit concurrent mark sweep GC freed 3(96B) AllocSpace objects, 0(0B) LOS objects, 29% free, 39MB/55MB, paused 680us total 26.829ms
08-06 05:32:16.258  8766  8778 I art     : Starting a blocking GC Explicit
08-06 05:32:16.284  8766  8778 I art     : Explicit concurrent mark sweep GC freed 3(96B) AllocSpace objects, 0(0B) LOS objects, 29% free, 39MB/55MB, paused 641us total 25.943ms
08-06 05:32:16.614  8766  8836 I art     : Starting a blocking GC Explicit
08-06 05:32:16.643  8766  8836 I art     : Explicit concurrent mark sweep GC freed 1403(81KB) AllocSpace objects, 1(20KB) LOS objects, 29% free, 39MB/55MB, paused 651us total 28.361ms
08-06 05:32:16.652  8766  8836 I art     : Starting a blocking GC Explicit
08-06 05:32:16.678  8766  8836 I art     : Explicit concurrent mark sweep GC freed 20(704B) AllocSpace objects, 0(0B) LOS objects, 29% free, 39MB/55MB, paused 677us total 25.429ms
08-06 05:32:16.687  8766  8836 I art     : Starting a blocking GC Explicit
08-06 05:32:16.712  8766  8836 I art     : Explicit concurrent mark sweep GC freed 3(96B) AllocSpace objects, 0(0B) LOS objects, 29% free, 39MB/55MB, paused 643us total 25.183ms
08-06 05:32:16.721  8766  8836 I art     : Starting a blocking GC Explicit
08-06 05:32:16.746  8766  8836 I art     : Explicit concurrent mark sweep GC freed 3(96B) AllocSpace objects, 0(0B) LOS objects, 29% free, 39MB/55MB, paused 630us total 24.787ms
08-06 05:32:16.755  8766  8836 I art     : Starting a blocking GC Explicit
08-06 05:32:16.781  8766  8836 I art     : Explicit concurrent mark sweep GC freed 3(96B) AllocSpace objects, 0(0B) LOS objects, 29% free, 39MB/55MB, paused 664us total 25.397ms
08-06 05:32:17.114  8766  8777 I art     : Starting a blocking GC Explicit
08-06 05:32:17.142  8766  8777 I art     : Explicit concurrent mark sweep GC freed 1401(80KB) AllocSpace objects, 1(20KB) LOS objects, 29% free, 39MB/55MB, paused 665us total 26.931ms
08-06 05:32:17.151  8766  8777 I art     : Starting a blocking GC Explicit
08-06 05:32:17.177  8766  8777 I art     : Explicit concurrent mark sweep GC freed 20(704B) AllocSpace objects, 0(0B) LOS objects, 29% free, 39MB/55MB, paused 731us total 26.033ms
08-06 05:32:17.186  8766  8777 I art     : Starting a blocking GC Explicit
08-06 05:32:17.212  8766  8777 I art     : Explicit concurrent mark sweep GC freed 3(96B) AllocSpace objects, 0(0B) LOS objects, 29% free, 39MB/55MB, paused 669us total 25.580ms
08-06 05:32:17.221  8766  8777 I art     : Starting a blocking GC Explicit
08-06 05:32:17.248  8766  8777 I art     : Explicit concurrent mark sweep GC freed 3(96B) AllocSpace objects, 0(0B) LOS objects, 29% free, 39MB/55MB, paused 655us total 26.340ms
08-06 05:32:17.257  8766  8777 I art     : Starting a blocking GC Explicit
08-06 05:32:17.283  8766  8777 I art     : Explicit concurrent mark sweep GC freed 3(96B) AllocSpace objects, 0(0B) LOS objects, 29% free, 39MB/55MB, paused 663us total 25.025ms
08-06 05:32:17.621  8766  8778 I art     : Starting a blocking GC Explicit
08-06 05:32:17.651  8766  8778 I art     : Explicit concurrent mark sweep GC freed 1401(80KB) AllocSpace objects, 1(20KB) LOS objects, 29% free, 39MB/55MB, paused 674us total 28.494ms
08-06 05:32:17.662  8766  8778 I art     : Starting a blocking GC Explicit
08-06 05:32:17.688  8766  8778 I art     : Explicit concurrent mark sweep GC freed 20(704B) AllocSpace objects, 0(0B) LOS objects, 29% free, 39MB/55MB, paused 691us total 25.059ms
08-06 05:32:17.697  8766  8778 I art     : Starting a blocking GC Explicit
08-06 05:32:17.721  8766  8778 I art     : Explicit concurrent mark sweep GC freed 3(96B) AllocSpace objects, 0(0B) LOS objects, 29% free, 39MB/55MB, paused 628us total 24.706ms
08-06 05:32:17.730  8766  8778 I art     : Starting a blocking GC Explicit
08-06 05:32:17.755  8766  8778 I art     : Explicit concurrent mark sweep GC freed 3(96B) AllocSpace objects, 0(0B) LOS objects, 29% free, 39MB/55MB, paused 609us total 24.708ms
08-06 05:32:17.764  8766  8778 I art     : Starting a blocking GC Explicit
08-06 05:32:17.790  8766  8778 I art     : Explicit concurrent mark sweep GC freed 3(96B) AllocSpace objects, 0(0B) LOS objects, 29% free, 39MB/55MB, paused 664us total 25.813ms
08-06 05:32:18.127  8766  8836 I art     : Starting a blocking GC Explicit
08-06 05:32:18.155  8766  8836 I art     : Explicit concurrent mark sweep GC freed 1401(80KB) AllocSpace objects, 1(20KB) LOS objects, 29% free, 39MB/55MB, paused 664us total 27.456ms
08-06 05:32:18.164  8766  8836 I art     : Starting a blocking GC Explicit
08-06 05:32:18.190  8766  8836 I art     : Explicit concurrent mark sweep GC freed 20(704B) AllocSpace objects, 0(0B) LOS objects, 29% free, 39MB/55MB, paused 656us total 26.156ms
08-06 05:32:18.200  8766  8836 I art     : Starting a blocking GC Explicit
08-06 05:32:18.225  8766  8836 I art     : Explicit concurrent mark sweep GC freed 3(96B) AllocSpace objects, 0(0B) LOS objects, 29% free, 39MB/55MB, paused 659us total 25.445ms
08-06 05:32:18.235  8766  8836 I art     : Starting a blocking GC Explicit
08-06 05:32:18.261  8766  8836 I art     : Explicit concurrent mark sweep GC freed 3(96B) AllocSpace objects, 0(0B) LOS objects, 29% free, 39MB/55MB, paused 637us total 26.102ms
08-06 05:32:18.270  8766  8836 I art     : Starting a blocking GC Explicit
08-06 05:32:18.297  8766  8836 I art     : Explicit concurrent mark sweep GC freed 3(96B) AllocSpace objects, 0(0B) LOS objects, 29% free, 39MB/55MB, paused 706us total 26.207ms
08-06 05:32:18.635  8766  8777 I art     : Starting a blocking GC Explicit
08-06 05:32:18.663  8766  8777 I art     : Explicit concurrent mark sweep GC freed 1401(80KB) AllocSpace objects, 1(20KB) LOS objects, 29% free, 39MB/55MB, paused 690us total 28.204ms
08-06 05:32:18.675  8766  8777 I art     : Starting a blocking GC Explicit
08-06 05:32:18.700  8766  8777 I art     : Explicit concurrent mark sweep GC freed 20(704B) AllocSpace objects, 0(0B) LOS objects, 29% free, 39MB/55MB, paused 643us total 24.720ms
08-06 05:32:18.709  8766  8777 I art     : Starting a blocking GC Explicit
08-06 05:32:18.735  8766  8777 I art     : Explicit concurrent mark sweep GC freed 3(96B) AllocSpace objects, 0(0B) LOS objects, 29% free, 39MB/55MB, paused 733us total 25.527ms
08-06 05:32:18.743  8766  8777 I art     : Starting a blocking GC Explicit
08-06 05:32:18.767  8766  8777 I art     : Explicit concurrent mark sweep GC freed 3(96B) AllocSpace objects, 0(0B) LOS objects, 29% free, 39MB/55MB, paused 635us total 23.857ms
08-06 05:32:18.776  8766  8777 I art     : Starting a blocking GC Explicit
08-06 05:32:18.798  8766  8777 I art     : Explicit concurrent mark sweep GC freed 3(96B) AllocSpace objects, 0(0B) LOS objects, 29% free, 39MB/55MB, paused 634us total 22.595ms
08-06 05:32:19.136  8766  8778 I art     : Starting a blocking GC Explicit
08-06 05:32:19.160  8766  8778 I art     : Explicit concurrent mark sweep GC freed 1401(80KB) AllocSpace objects, 1(20KB) LOS objects, 29% free, 39MB/55MB, paused 650us total 23.953ms
08-06 05:32:19.168  8766  8778 I art     : Starting a blocking GC Explicit
08-06 05:32:19.193  8766  8778 I art     : Explicit concurrent mark sweep GC freed 20(704B) AllocSpace objects, 0(0B) LOS objects, 29% free, 39MB/55MB, paused 612us total 24.480ms
08-06 05:32:19.202  8766  8778 I art     : Starting a blocking GC Explicit
08-06 05:32:19.227  8766  8778 I art     : Explicit concurrent mark sweep GC freed 3(96B) AllocSpace objects, 0(0B) LOS objects, 29% free, 39MB/55MB, paused 720us total 24.966ms
08-06 05:32:19.236  8766  8778 I art     : Starting a blocking GC Explicit
08-06 05:32:19.261  8766  8778 I art     : Explicit concurrent mark sweep GC freed 3(96B) AllocSpace objects, 0(0B) LOS objects, 29% free, 39MB/55MB, paused 644us total 25.168ms
08-06 05:32:19.270  8766  8778 I art     : Starting a blocking GC Explicit
08-06 05:32:19.296  8766  8778 I art     : Explicit concurrent mark sweep GC freed 3(96B) AllocSpace objects, 0(0B) LOS objects, 29% free, 39MB/55MB, paused 656us total 25.691ms
08-06 05:32:19.634  8766  8836 I art     : Starting a blocking GC Explicit
08-06 05:32:19.663  8766  8836 I art     : Explicit concurrent mark sweep GC freed 1401(80KB) AllocSpace objects, 1(20KB) LOS objects, 29% free, 39MB/55MB, paused 661us total 28.870ms
08-06 05:32:19.672  8766  8836 I art     : Starting a blocking GC Explicit
08-06 05:32:19.698  8766  8836 I art     : Explicit concurrent mark sweep GC freed 20(704B) AllocSpace objects, 0(0B) LOS objects, 29% free, 39MB/55MB, paused 624us total 25.741ms
08-06 05:32:19.707  8766  8836 I art     : Starting a blocking GC Explicit
08-06 05:32:19.734  8766  8836 I art     : Explicit concurrent mark sweep GC freed 3(96B) AllocSpace objects, 0(0B) LOS objects, 29% free, 39MB/55MB, paused 659us total 26.221ms
08-06 05:32:19.744  8766  8836 I art     : Starting a blocking GC Explicit
08-06 05:32:19.770  8766  8836 I art     : Explicit concurrent mark sweep GC freed 3(96B) AllocSpace objects, 0(0B) LOS objects, 29% free, 39MB/55MB, paused 634us total 25.904ms
08-06 05:32:19.779  8766  8836 I art     : Starting a blocking GC Explicit
08-06 05:32:19.806  8766  8836 I art     : Explicit concurrent mark sweep GC freed 3(96B) AllocSpace objects, 0(0B) LOS objects, 29% free, 39MB/55MB, paused 663us total 26.392ms
08-06 05:32:20.135  8766  8777 I art     : Starting a blocking GC Explicit
08-06 05:32:20.164  8766  8777 I art     : Explicit concurrent mark sweep GC freed 1401(80KB) AllocSpace objects, 1(20KB) LOS objects, 29% free, 39MB/55MB, paused 673us total 28.560ms
08-06 05:32:20.173  8766  8777 I art     : Starting a blocking GC Explicit
08-06 05:32:20.199  8766  8777 I art     : Explicit concurrent mark sweep GC freed 20(704B) AllocSpace objects, 0(0B) LOS objects, 29% free, 39MB/55MB, paused 656us total 25.608ms
08-06 05:32:20.208  8766  8777 I art     : Starting a blocking GC Explicit
08-06 05:32:20.234  8766  8777 I art     : Explicit concurrent mark sweep GC freed 3(96B) AllocSpace objects, 0(0B) LOS objects, 29% free, 39MB/55MB, paused 679us total 26.157ms
08-06 05:32:20.244  8766  8777 I art     : Starting a blocking GC Explicit
08-06 05:32:20.270  8766  8777 I art     : Explicit concurrent mark sweep GC freed 3(96B) AllocSpace objects, 0(0B) LOS objects, 29% free, 39MB/55MB, paused 645us total 25.986ms
08-06 05:32:20.279  8766  8777 I art     : Starting a blocking GC Explicit
08-06 05:32:20.306  8766  8777 I art     : Explicit concurrent mark sweep GC freed 3(96B) AllocSpace objects, 0(0B) LOS objects, 29% free, 39MB/55MB, paused 706us total 26.416ms
08-06 05:32:20.637  8766  8778 I art     : Starting a blocking GC Explicit
08-06 05:32:20.665  8766  8778 I art     : Explicit concurrent mark sweep GC freed 1401(80KB) AllocSpace objects, 1(20KB) LOS objects, 29% free, 39MB/55MB, paused 675us total 27.830ms
08-06 05:32:20.676  8766  8778 I art     : Starting a blocking GC Explicit
08-06 05:32:20.702  8766  8778 I art     : Explicit concurrent mark sweep GC freed 20(704B) AllocSpace objects, 0(0B) LOS objects, 29% free, 39MB/55MB, paused 635us total 25.309ms
08-06 05:32:20.711  8766  8778 I art     : Starting a blocking GC Explicit
08-06 05:32:20.737  8766  8778 I art     : Explicit concurrent mark sweep GC freed 3(96B) AllocSpace objects, 0(0B) LOS objects, 29% free, 39MB/55MB, paused 716us total 25.614ms
08-06 05:32:20.746  8766  8778 I art     : Starting a blocking GC Explicit
08-06 05:32:20.773  8766  8778 I art     : Explicit concurrent mark sweep GC freed 3(96B) AllocSpace objects, 0(0B) LOS objects, 29% free, 39MB/55MB, paused 652us total 26.098ms
08-06 05:32:20.782  8766  8778 I art     : Starting a blocking GC Explicit
08-06 05:32:20.809  8766  8778 I art     : Explicit concurrent mark sweep GC freed 3(96B) AllocSpace objects, 0(0B) LOS objects, 29% free, 39MB/55MB, paused 629us total 26.612ms
08-06 05:32:21.143  8766  8836 I art     : Starting a blocking GC Explicit
08-06 05:32:21.171  8766  8836 I art     : Explicit concurrent mark sweep GC freed 1401(80KB) AllocSpace objects, 1(20KB) LOS objects, 29% free, 39MB/55MB, paused 641us total 28.436ms
08-06 05:32:21.181  8766  8836 I art     : Starting a blocking GC Explicit
08-06 05:32:21.206  8766  8836 I art     : Explicit concurrent mark sweep GC freed 20(704B) AllocSpace objects, 0(0B) LOS objects, 29% free, 39MB/55MB, paused 658us total 25.495ms
08-06 05:32:21.215  8766  8836 I art     : Starting a blocking GC Explicit
08-06 05:32:21.241  8766  8836 I art     : Explicit concurrent mark sweep GC freed 3(96B) AllocSpace objects, 0(0B) LOS objects, 29% free, 39MB/55MB, paused 652us total 25.526ms
08-06 05:32:21.250  8766  8836 I art     : Starting a blocking GC Explicit
08-06 05:32:21.277  8766  8836 I art     : Explicit concurrent mark sweep GC freed 3(96B) AllocSpace objects, 0(0B) LOS objects, 29% free, 39MB/55MB, paused 725us total 26.389ms
08-06 05:32:21.286  8766  8836 I art     : Starting a blocking GC Explicit
08-06 05:32:21.312  8766  8836 I art     : Explicit concurrent mark sweep GC freed 3(96B) AllocSpace objects, 0(0B) LOS objects, 29% free, 39MB/55MB, paused 642us total 25.402ms
08-06 05:32:21.654  8766  8777 I art     : Starting a blocking GC Explicit
08-06 05:32:21.682  8766  8777 I art     : Explicit concurrent mark sweep GC freed 1401(80KB) AllocSpace objects, 1(20KB) LOS objects, 29% free, 39MB/55MB, paused 671us total 27.316ms
08-06 05:32:21.691  8766  8777 I art     : Starting a blocking GC Explicit
08-06 05:32:21.717  8766  8777 I art     : Explicit concurrent mark sweep GC freed 20(704B) AllocSpace objects, 0(0B) LOS objects, 29% free, 39MB/55MB, paused 748us total 25.568ms
08-06 05:32:21.726  8766  8777 I art     : Starting a blocking GC Explicit
08-06 05:32:21.752  8766  8777 I art     : Explicit concurrent mark sweep GC freed 3(96B) AllocSpace objects, 0(0B) LOS objects, 29% free, 39MB/55MB, paused 757us total 25.574ms
08-06 05:32:21.761  8766  8777 I art     : Starting a blocking GC Explicit
08-06 05:32:21.788  8766  8777 I art     : Explicit concurrent mark sweep GC freed 3(96B) AllocSpace objects, 0(0B) LOS objects, 29% free, 39MB/55MB, paused 687us total 26.439ms
08-06 05:32:21.798  8766  8777 I art     : Starting a blocking GC Explicit
08-06 05:32:21.823  8766  8777 I art     : Explicit concurrent mark sweep GC freed 3(96B) AllocSpace objects, 0(0B) LOS objects, 29% free, 39MB/55MB, paused 640us total 24.932ms
08-06 05:32:22.188  8766  8778 I art     : Starting a blocking GC Explicit
08-06 05:32:22.216  8766  8778 I art     : Explicit concurrent mark sweep GC freed 1420(81KB) AllocSpace objects, 1(20KB) LOS objects, 29% free, 39MB/55MB, paused 655us total 26.834ms
08-06 05:32:22.225  8766  8778 I art     : Starting a blocking GC Explicit
08-06 05:32:22.251  8766  8778 I art     : Explicit concurrent mark sweep GC freed 26(928B) AllocSpace objects, 0(0B) LOS objects, 29% free, 39MB/55MB, paused 653us total 26.182ms
08-06 05:32:22.261  8766  8778 I art     : Starting a blocking GC Explicit
08-06 05:32:22.287  8766  8778 I art     : Explicit concurrent mark sweep GC freed 3(96B) AllocSpace objects, 0(0B) LOS objects, 29% free, 39MB/55MB, paused 746us total 26.124ms
08-06 05:32:22.297  8766  8778 I art     : Starting a blocking GC Explicit
08-06 05:32:22.322  8766  8778 I art     : Explicit concurrent mark sweep GC freed 3(96B) AllocSpace objects, 0(0B) LOS objects, 29% free, 39MB/55MB, paused 623us total 25.595ms
08-06 05:32:22.332  8766  8778 I art     : Starting a blocking GC Explicit
08-06 05:32:22.358  8766  8778 I art     : Explicit concurrent mark sweep GC freed 3(96B) AllocSpace objects, 0(0B) LOS objects, 29% free, 39MB/55MB, paused 685us total 26.083ms
08-06 05:32:22.476   518   646 I ThermalEngine: ACTION: GPU - Setting GPU[0] to 600000000
08-06 05:32:22.685  8766  8836 I art     : Starting a blocking GC Explicit
08-06 05:32:22.709  8766  8836 I art     : Explicit concurrent mark sweep GC freed 1402(80KB) AllocSpace objects, 1(20KB) LOS objects, 29% free, 39MB/55MB, paused 498us total 23.010ms
08-06 05:32:22.716  8766  8836 I art     : Starting a blocking GC Explicit
08-06 05:32:22.738  8766  8836 I art     : Explicit concurrent mark sweep GC freed 20(704B) AllocSpace objects, 0(0B) LOS objects, 29% free, 39MB/55MB, paused 488us total 21.289ms
08-06 05:32:22.745  8766  8836 I art     : Starting a blocking GC Explicit
08-06 05:32:22.767  8766  8836 I art     : Explicit concurrent mark sweep GC freed 3(96B) AllocSpace objects, 0(0B) LOS objects, 29% free, 39MB/55MB, paused 497us total 21.648ms
08-06 05:32:22.774  8766  8836 I art     : Starting a blocking GC Explicit
08-06 05:32:22.795  8766  8836 I art     : Explicit concurrent mark sweep GC freed 3(96B) AllocSpace objects, 0(0B) LOS objects, 29% free, 39MB/55MB, paused 478us total 20.848ms
08-06 05:32:22.802  8766  8836 I art     : Starting a blocking GC Explicit
08-06 05:32:22.823  8766  8836 I art     : Explicit concurrent mark sweep GC freed 3(96B) AllocSpace objects, 0(0B) LOS objects, 29% free, 39MB/55MB, paused 468us total 20.142ms
08-06 05:32:23.147  8766  8777 I art     : Starting a blocking GC Explicit
08-06 05:32:23.171  8766  8777 I art     : Explicit concurrent mark sweep GC freed 1401(80KB) AllocSpace objects, 1(20KB) LOS objects, 29% free, 39MB/55MB, paused 505us total 23.727ms
08-06 05:32:23.182  8766  8777 I art     : Starting a blocking GC Explicit
08-06 05:32:23.201  8766  8777 I art     : Explicit concurrent mark sweep GC freed 20(704B) AllocSpace objects, 0(0B) LOS objects, 29% free, 39MB/55MB, paused 495us total 19.587ms
08-06 05:32:23.209  8766  8777 I art     : Starting a blocking GC Explicit
08-06 05:32:23.228  8766  8777 I art     : Explicit concurrent mark sweep GC freed 3(96B) AllocSpace objects, 0(0B) LOS objects, 29% free, 39MB/55MB, paused 483us total 18.940ms
08-06 05:32:23.235  8766  8777 I art     : Starting a blocking GC Explicit
08-06 05:32:23.253  8766  8777 I art     : Explicit concurrent mark sweep GC freed 3(96B) AllocSpace objects, 0(0B) LOS objects, 29% free, 39MB/55MB, paused 467us total 17.612ms
08-06 05:32:23.259  8766  8777 I art     : Starting a blocking GC Explicit
08-06 05:32:23.277  8766  8777 I art     : Explicit concurrent mark sweep GC freed 3(96B) AllocSpace objects, 0(0B) LOS objects, 29% free, 39MB/55MB, paused 483us total 17.925ms
08-06 05:32:23.612  8766  8778 I art     : Starting a blocking GC Explicit
08-06 05:32:23.632  8766  8778 I art     : Explicit concurrent mark sweep GC freed 1401(80KB) AllocSpace objects, 1(20KB) LOS objects, 29% free, 39MB/55MB, paused 473us total 19.951ms
08-06 05:32:23.639  8766  8778 I art     : Starting a blocking GC Explicit
08-06 05:32:23.657  8766  8778 I art     : Explicit concurrent mark sweep GC freed 20(704B) AllocSpace objects, 0(0B) LOS objects, 29% free, 39MB/55MB, paused 548us total 18.117ms
08-06 05:32:23.664  8766  8778 I art     : Starting a blocking GC Explicit
08-06 05:32:23.681  8766  8778 I art     : Explicit concurrent mark sweep GC freed 3(96B) AllocSpace objects, 0(0B) LOS objects, 29% free, 39MB/55MB, paused 484us total 17.727ms
08-06 05:32:23.688  8766  8778 I art     : Starting a blocking GC Explicit
08-06 05:32:23.706  8766  8778 I art     : Explicit concurrent mark sweep GC freed 3(96B) AllocSpace objects, 0(0B) LOS objects, 29% free, 39MB/55MB, paused 436us total 18.263ms
08-06 05:32:23.713  8766  8778 I art     : Starting a blocking GC Explicit
08-06 05:32:23.731  8766  8778 I art     : Explicit concurrent mark sweep GC freed 3(96B) AllocSpace objects, 0(0B) LOS objects, 29% free, 39MB/55MB, paused 497us total 18.236ms
08-06 05:32:23.975  9605  9605 D AndroidRuntime: >>>>>> START com.android.internal.os.RuntimeInit uid 2000 <<<<<<
08-06 05:32:23.979  9605  9605 D AndroidRuntime: CheckJNI is OFF
08-06 05:32:24.006  9605  9605 D ICU     : No timezone override file found: /data/misc/zoneinfo/current/icu/icu_tzdata.dat
08-06 05:32:24.032  9605  9605 I Radio-JNI: register_android_hardware_Radio DONE
08-06 05:32:24.042  8766  8836 I art     : Starting a blocking GC Explicit
08-06 05:32:24.048  9605  9605 D AndroidRuntime: Calling main entry com.android.commands.input.Input
08-06 05:32:24.050  9605  9605 I Input   : injectKeyEvent: KeyEvent { action=ACTION_DOWN, keyCode=KEYCODE_BACK, scanCode=0, metaState=0, flags=0x0, repeatCount=0, eventTime=855160464, downTime=855160464, deviceId=-1, source=0x101 }
08-06 05:32:24.056  9605  9605 I Input   : injectKeyEvent: KeyEvent { action=ACTION_UP, keyCode=KEYCODE_BACK, scanCode=0, metaState=0, flags=0x0, repeatCount=0, eventTime=855160464, downTime=855160464, deviceId=-1, source=0x101 }
08-06 05:32:24.063  9605  9605 D AndroidRuntime: Shutting down VM
08-06 05:32:24.064  8766  8836 I art     : Explicit concurrent mark sweep GC freed 1403(80KB) AllocSpace objects, 1(20KB) LOS objects, 29% free, 39MB/55MB, paused 683us total 21.781ms
08-06 05:32:24.072  8766  8836 I art     : Starting a blocking GC Explicit
08-06 05:32:24.091  8766  8836 I art     : Explicit concurrent mark sweep GC freed 227(38KB) AllocSpace objects, 2(40KB) LOS objects, 28% free, 39MB/55MB, paused 486us total 18.490ms
08-06 05:32:24.097  8766  8836 I art     : Starting a blocking GC Explicit
08-06 05:32:24.115  8766  8836 I art     : Explicit concurrent mark sweep GC freed 36(1344B) AllocSpace objects, 0(0B) LOS objects, 29% free, 39MB/55MB, paused 466us total 17.532ms
08-06 05:32:24.122  8766  8836 I art     : Starting a blocking GC Explicit
08-06 05:32:24.141  8766  8836 I art     : Explicit concurrent mark sweep GC freed 582(43KB) AllocSpace objects, 1(20KB) LOS objects, 28% free, 39MB/55MB, paused 478us total 18.434ms
08-06 05:32:24.147  8766  8836 I art     : Starting a blocking GC Explicit
08-06 05:32:24.155 13866 13866 I GoogleInputMethodServic: GoogleInputMethodService.onFinishInput():3138 
08-06 05:32:24.156 13866 13866 I GoogleInputMethodServic: GoogleInputMethodService.onStartInput():1808 
08-06 05:32:24.168  8766  8836 I art     : Explicit concurrent mark sweep GC freed 1824(154KB) AllocSpace objects, 5(100KB) LOS objects, 28% free, 39MB/55MB, paused 719us total 20.608ms
08-06 05:32:24.449  8766  8778 I art     : Starting a blocking GC Explicit
08-06 05:32:24.473  8766  8778 I art     : Explicit concurrent mark sweep GC freed 2147(126KB) AllocSpace objects, 3(68KB) LOS objects, 28% free, 39MB/55MB, paused 551us total 23.890ms
08-06 05:32:24.485  8766  8778 I art     : Starting a blocking GC Explicit
08-06 05:32:24.508  8766  8778 I art     : Explicit concurrent mark sweep GC freed 1846(142KB) AllocSpace objects, 0(0B) LOS objects, 29% free, 39MB/55MB, paused 820us total 21.777ms
08-06 05:32:24.515  8766  8778 I art     : Starting a blocking GC Explicit
08-06 05:32:24.535  8766  8778 I art     : Explicit concurrent mark sweep GC freed 454(24KB) AllocSpace objects, 0(0B) LOS objects, 29% free, 39MB/55MB, paused 508us total 19.994ms
08-06 05:32:24.542  8766  8778 I art     : Starting a blocking GC Explicit
08-06 05:32:24.548   918  3263 D ConnectivityService: releasing NetworkRequest NetworkRequest [ id=3867, legacyType=-1, [ Capabilities: INTERNET&NOT_RESTRICTED&TRUSTED] ]
08-06 05:32:24.562  8766  8778 I art     : Explicit concurrent mark sweep GC freed 5651(424KB) AllocSpace objects, 12(4MB) LOS objects, 32% free, 33MB/49MB, paused 761us total 20.332ms
08-06 05:32:24.571  8766  8778 I art     : Starting a blocking GC Explicit
08-06 05:32:24.591  8766  8778 I art     : Explicit concurrent mark sweep GC freed 2188(116KB) AllocSpace objects, 2(120KB) LOS objects, 31% free, 34MB/50MB, paused 617us total 19.660ms
08-06 05:32:24.622  8766  9628 I NAPPA_EXPERIMENTATION: MetricNetworkRequestExecutionTime: REQUEST_DURATION_SYSTEM='459',REQUEST_DURATION_OKHTTP='32',REQUEST_SYNCHRONOUS='TRUE',RESPONSE_CODE='200',RESPONSE_METHOD='GET',RESPONSE_LENGTH_OKHTTP='-1',RESPONSE_LENGTH_HEADER='22512',REQUEST_PROTOCOL='http/1.1',REQUEST_URL='https://www.newsblur.com/social/river_stories?order=newest&page=3&read_filter=all&global_feed=true',
08-06 05:32:24.623  8766  9628 D MY_TAG  : 0, 459
08-06 05:32:24.852  8766  9643 I art     : Starting a blocking GC Explicit
08-06 05:32:24.877  8766  9643 I art     : Explicit concurrent mark sweep GC freed 37971(2MB) AllocSpace objects, 29(1092KB) LOS objects, 31% free, 34MB/50MB, paused 561us total 24.673ms
08-06 05:32:24.887  8766  9643 I art     : Starting a blocking GC Explicit
08-06 05:32:24.909  8766  9643 I art     : Explicit concurrent mark sweep GC freed 385(42KB) AllocSpace objects, 3(80KB) LOS objects, 31% free, 34MB/50MB, paused 502us total 21.506ms
08-06 05:32:24.917  8766  9643 I art     : Starting a blocking GC Explicit
08-06 05:32:24.936  8766  9643 I art     : Explicit concurrent mark sweep GC freed 6(192B) AllocSpace objects, 0(0B) LOS objects, 31% free, 34MB/50MB, paused 538us total 18.635ms
08-06 05:32:24.942  8766  9643 I art     : Starting a blocking GC Explicit
08-06 05:32:24.961  8766  9643 I art     : Explicit concurrent mark sweep GC freed 8(256B) AllocSpace objects, 0(0B) LOS objects, 31% free, 34MB/50MB, paused 499us total 18.627ms
08-06 05:32:24.969  8766  9643 I art     : Starting a blocking GC Explicit
08-06 05:32:24.988  8766  9643 I art     : Explicit concurrent mark sweep GC freed 5(160B) AllocSpace objects, 0(0B) LOS objects, 31% free, 34MB/50MB, paused 550us total 18.617ms
08-06 05:32:25.176  8766  9628 I NAPPA_EXPERIMENTATION: MetricNetworkRequestExecutionTime: REQUEST_DURATION_SYSTEM='436',REQUEST_DURATION_OKHTTP='33',REQUEST_SYNCHRONOUS='TRUE',RESPONSE_CODE='200',RESPONSE_METHOD='GET',RESPONSE_LENGTH_OKHTTP='-1',RESPONSE_LENGTH_HEADER='10672',REQUEST_PROTOCOL='http/1.1',REQUEST_URL='https://www.newsblur.com/social/river_stories?order=newest&page=4&read_filter=all&global_feed=true',
08-06 05:32:25.177  8766  9628 D MY_TAG  : 0, 436
08-06 05:32:25.276  8766  8778 I art     : Starting a blocking GC Explicit
08-06 05:32:25.304  8766  8778 I art     : Explicit concurrent mark sweep GC freed 14869(1398KB) AllocSpace objects, 30(772KB) LOS objects, 31% free, 34MB/50MB, paused 653us total 28.165ms
08-06 05:32:25.314  8766  8778 I art     : Starting a blocking GC Explicit
08-06 05:32:25.332  8766  8778 I art     : Explicit concurrent mark sweep GC freed 1431(102KB) AllocSpace objects, 0(0B) LOS objects, 31% free, 34MB/50MB, paused 529us total 18ms
08-06 05:32:25.339  8766  8778 I art     : Starting a blocking GC Explicit
08-06 05:32:25.356  8766  8778 I art     : Explicit concurrent mark sweep GC freed 6(192B) AllocSpace objects, 0(0B) LOS objects, 31% free, 34MB/50MB, paused 480us total 16.886ms
08-06 05:32:25.363  8766  8778 I art     : Starting a blocking GC Explicit
08-06 05:32:25.381  8766  8778 I art     : Explicit concurrent mark sweep GC freed 6(192B) AllocSpace objects, 0(0B) LOS objects, 31% free, 34MB/50MB, paused 523us total 17.864ms
08-06 05:32:25.389  8766  8778 I art     : Starting a blocking GC Explicit
08-06 05:32:25.407  8766  8778 I art     : Explicit concurrent mark sweep GC freed 6(192B) AllocSpace objects, 0(0B) LOS objects, 31% free, 34MB/50MB, paused 547us total 18.079ms
08-06 05:32:25.485   518   646 I ThermalEngine: ACTION: GPU - Setting GPU[0] to 510000000
08-06 05:32:25.636  9668  9668 D AndroidRuntime: >>>>>> START com.android.internal.os.RuntimeInit uid 2000 <<<<<<
08-06 05:32:25.640  9668  9668 D AndroidRuntime: CheckJNI is OFF
08-06 05:32:25.671  9668  9668 D ICU     : No timezone override file found: /data/misc/zoneinfo/current/icu/icu_tzdata.dat
08-06 05:32:25.698  8766  8778 I art     : Starting a blocking GC Explicit
08-06 05:32:25.704  9668  9668 I Radio-JNI: register_android_hardware_Radio DONE
08-06 05:32:25.723  8766  8778 I art     : Explicit concurrent mark sweep GC freed 1429(83KB) AllocSpace objects, 1(20KB) LOS objects, 31% free, 34MB/50MB, paused 684us total 24.682ms
08-06 05:32:25.727  9668  9668 D AndroidRuntime: Calling main entry com.android.commands.input.Input
08-06 05:32:25.729  9668  9668 I Input   : injectMotionEvent: MotionEvent { action=ACTION_DOWN, actionButton=0, id[0]=0, x[0]=435.0, y[0]=858.0, toolType[0]=TOOL_TYPE_UNKNOWN, buttonState=0, metaState=0, flags=0x0, edgeFlags=0x0, pointerCount=1, historySize=0, eventTime=855162141, downTime=855162141, deviceId=0, source=0x1002 }
08-06 05:32:25.732  8766  8778 I art     : Starting a blocking GC Explicit
08-06 05:32:25.735  9668  9668 I Input   : injectMotionEvent: MotionEvent { action=ACTION_UP, actionButton=0, id[0]=0, x[0]=435.0, y[0]=858.0, toolType[0]=TOOL_TYPE_UNKNOWN, buttonState=0, metaState=0, flags=0x0, edgeFlags=0x0, pointerCount=1, historySize=0, eventTime=855162141, downTime=855162141, deviceId=0, source=0x1002 }
08-06 05:32:25.737  9668  9668 D AndroidRuntime: Shutting down VM
08-06 05:32:25.747   918  4400 I ActivityManager: START u0 {cmp=baseline.com.newsblur/.activity.GlobalSharedStoriesReading (has extras)} from uid 10698 on display 0
08-06 05:32:25.748   512  2967 D audio_hw_primary: out_set_parameters: enter: usecase(1: low-latency-playback) kvpairs: routing=2
08-06 05:32:25.758  8766  8778 I art     : Explicit concurrent mark sweep GC freed 412(49KB) AllocSpace objects, 0(0B) LOS objects, 31% free, 34MB/50MB, paused 1.004ms total 25.585ms
08-06 05:32:25.761   512  2967 D audio_hw_primary: select_devices: out_snd_device(2: speaker) in_snd_device(0: none)
08-06 05:32:25.761   512  2967 D msm8974_platform: platform_send_audio_calibration: sending audio calibration for snd_device(2) acdb_id(15)
08-06 05:32:25.761   512  2967 I soundtrigger: audio_extn_sound_trigger_update_device_status: device 0x2 of type 0 for Event 1
08-06 05:32:25.766  8766  8778 I art     : Starting a blocking GC Explicit
08-06 05:32:25.770   512  2967 D audio_hw_primary: enable_snd_device: snd_device(2: speaker)
08-06 05:32:25.774   512  2967 D audio_hw_primary: enable_audio_route: apply and update mixer path: low-latency-playback speaker
08-06 05:32:25.790  8766  8778 I art     : Explicit concurrent mark sweep GC freed 292(43KB) AllocSpace objects, 2(40KB) LOS objects, 31% free, 35MB/51MB, paused 934us total 22.912ms
08-06 05:32:25.798  8766  8778 I art     : Starting a blocking GC Explicit
08-06 05:32:25.821  8766  8778 I art     : Explicit concurrent mark sweep GC freed 1067(65KB) AllocSpace objects, 3(520KB) LOS objects, 30% free, 35MB/51MB, paused 775us total 22.726ms
08-06 05:32:25.829  8766  8778 I art     : Starting a blocking GC Explicit
08-06 05:32:25.852  8766  8778 I art     : Explicit concurrent mark sweep GC freed 230(11KB) AllocSpace objects, 0(0B) LOS objects, 30% free, 35MB/51MB, paused 703us total 23.048ms
08-06 05:32:25.976   918   936 I ActivityManager: Displayed baseline.com.newsblur/.activity.GlobalSharedStoriesReading: +220ms
08-06 05:32:25.977 13866 13866 I GoogleInputMethodServic: GoogleInputMethodService.onFinishInput():3138 
08-06 05:32:25.978 13866 13866 I GoogleInputMethodServic: GoogleInputMethodService.onStartInput():1808 
08-06 05:32:25.994   918  3359 D ConnectivityService: listenForNetwork for Listen from uid/pid:10698/8766 for NetworkRequest [ id=3868, legacyType=-1, [ Capabilities: INTERNET&NOT_RESTRICTED&TRUSTED] ]
08-06 05:32:26.138  8766  8782 V RenderScript: 0x7f7b111000 Launching thread(s), CPUs 8
08-06 05:32:26.139  8766  9643 I art     : Starting a blocking GC Explicit
08-06 05:32:26.176  8766  9643 I art     : Explicit concurrent mark sweep GC freed 5443(454KB) AllocSpace objects, 11(204KB) LOS objects, 28% free, 39MB/55MB, paused 908us total 37.319ms
08-06 05:32:26.179  8766  9042 I NAPPA_EXPERIMENTATION: MetricNetworkRequestExecutionTime: REQUEST_DURATION_SYSTEM='87',REQUEST_DURATION_OKHTTP='87',REQUEST_SYNCHRONOUS='TRUE',RESPONSE_CODE='200',RESPONSE_METHOD='GET',RESPONSE_LENGTH_OKHTTP='3140',RESPONSE_LENGTH_HEADER='3140',REQUEST_PROTOCOL='http/1.1',REQUEST_URL='https://s3.amazonaws.com/avatars.newsblur.com/avatars/136960/thumbnail_profile_1364434554.jpg',
08-06 05:32:26.185  8766  9643 I art     : Starting a blocking GC Explicit
08-06 05:32:26.212  8766  9643 I art     : Explicit concurrent mark sweep GC freed 3144(235KB) AllocSpace objects, 4(88KB) LOS objects, 28% free, 39MB/55MB, paused 1.368ms total 26.824ms
08-06 05:32:26.221  8766  9643 I art     : Starting a blocking GC Explicit
08-06 05:32:26.246  8766  9643 I art     : Explicit concurrent mark sweep GC freed 2465(241KB) AllocSpace objects, 4(80KB) LOS objects, 28% free, 39MB/55MB, paused 1.257ms total 24.860ms
08-06 05:32:26.257  8766  9643 I art     : Starting a blocking GC Explicit
08-06 05:32:26.282  8766  9643 I art     : Explicit concurrent mark sweep GC freed 2171(181KB) AllocSpace objects, 4(80KB) LOS objects, 28% free, 39MB/55MB, paused 970us total 24.853ms
08-06 05:32:26.291  8766  9643 I art     : Starting a blocking GC Explicit
08-06 05:32:26.308   512  2967 D audio_hw_primary: disable_audio_route: reset and update mixer path: low-latency-playback speaker
08-06 05:32:26.310   512  2967 D audio_hw_primary: disable_snd_device: snd_device(2: speaker)
08-06 05:32:26.315  8766  9643 I art     : Explicit concurrent mark sweep GC freed 2367(145KB) AllocSpace objects, 0(0B) LOS objects, 28% free, 39MB/55MB, paused 1.100ms total 24.630ms
08-06 05:32:26.317   512  2967 I soundtrigger: audio_extn_sound_trigger_update_device_status: device 0x2 of type 0 for Event 0
08-06 05:32:26.355  8766  9349 E chromium: [ERROR:tile_manager.cc(793)] WARNING: tile memory limits exceeded, some content may not draw
08-06 05:32:26.355  8766  9349 E chromium: [ERROR:tile_manager.cc(793)] WARNING: tile memory limits exceeded, some content may not draw
08-06 05:32:26.428  8766  9349 E chromium: [ERROR:tile_manager.cc(793)] WARNING: tile memory limits exceeded, some content may not draw
08-06 05:32:26.429  8766  9349 E chromium: [ERROR:tile_manager.cc(793)] WARNING: tile memory limits exceeded, some content may not draw
08-06 05:32:26.451  8766  9349 E chromium: [ERROR:tile_manager.cc(793)] WARNING: tile memory limits exceeded, some content may not draw
08-06 05:32:26.453  8766  9349 E chromium: [ERROR:tile_manager.cc(793)] WARNING: tile memory limits exceeded, some content may not draw
08-06 05:32:26.485  8766  9349 E chromium: [ERROR:tile_manager.cc(793)] WARNING: tile memory limits exceeded, some content may not draw
08-06 05:32:26.486  8766  9349 E chromium: [ERROR:tile_manager.cc(793)] WARNING: tile memory limits exceeded, some content may not draw
08-06 05:32:26.522  8766  9349 E chromium: [ERROR:tile_manager.cc(793)] WARNING: tile memory limits exceeded, some content may not draw
08-06 05:32:26.522  8766  9349 E chromium: [ERROR:tile_manager.cc(793)] WARNING: tile memory limits exceeded, some content may not draw
08-06 05:32:26.530  8766  9349 E chromium: [ERROR:tile_manager.cc(793)] WARNING: tile memory limits exceeded, some content may not draw
08-06 05:32:26.530  8766  9349 E chromium: [ERROR:tile_manager.cc(793)] WARNING: tile memory limits exceeded, some content may not draw
08-06 05:32:26.599  8766  8836 I art     : Starting a blocking GC Explicit
08-06 05:32:26.645  8766  8836 I art     : Explicit concurrent mark sweep GC freed 8912(525KB) AllocSpace objects, 8(388KB) LOS objects, 28% free, 39MB/55MB, paused 1.031ms total 45.864ms
08-06 05:32:26.655  8766  8836 I art     : Starting a blocking GC Explicit
08-06 05:32:26.669  8766  9713 D MY_TAG  : 0, 413
08-06 05:32:26.683  8766  8836 I art     : Explicit concurrent mark sweep GC freed 2469(279KB) AllocSpace objects, 2(100KB) LOS objects, 28% free, 39MB/55MB, paused 695us total 27.400ms
08-06 05:32:26.692  8766  8836 I art     : Starting a blocking GC Explicit
08-06 05:32:26.717  8766  8836 I art     : Explicit concurrent mark sweep GC freed 452(39KB) AllocSpace objects, 1(20KB) LOS objects, 28% free, 39MB/55MB, paused 757us total 24.867ms
08-06 05:32:26.726  8766  8836 I art     : Starting a blocking GC Explicit
08-06 05:32:26.751  8766  8836 I art     : Explicit concurrent mark sweep GC freed 46(1728B) AllocSpace objects, 0(0B) LOS objects, 28% free, 39MB/55MB, paused 664us total 24.285ms
08-06 05:32:26.761  8766  8836 I art     : Starting a blocking GC Explicit
08-06 05:32:26.788  8766  8836 I art     : Explicit concurrent mark sweep GC freed 3(96B) AllocSpace objects, 0(0B) LOS objects, 28% free, 39MB/55MB, paused 751us total 26.294ms
08-06 05:32:26.796  8766  9349 E chromium: [ERROR:tile_manager.cc(793)] WARNING: tile memory limits exceeded, some content may not draw
08-06 05:32:26.797  8766  9349 E chromium: [ERROR:tile_manager.cc(793)] WARNING: tile memory limits exceeded, some content may not draw
08-06 05:32:26.800  8766  9349 E chromium: [ERROR:tile_manager.cc(793)] WARNING: tile memory limits exceeded, some content may not draw
08-06 05:32:26.801  8766  9349 E chromium: [ERROR:tile_manager.cc(793)] WARNING: tile memory limits exceeded, some content may not draw
08-06 05:32:27.117  8766  8778 I art     : Starting a blocking GC Explicit
08-06 05:32:27.124  8766  9713 D MY_TAG  : 0, 436
08-06 05:32:27.146  8766  8778 I art     : Explicit concurrent mark sweep GC freed 3500(189KB) AllocSpace objects, 3(60KB) LOS objects, 28% free, 39MB/55MB, paused 789us total 28.261ms
08-06 05:32:27.155  8766  8778 I art     : Starting a blocking GC Explicit
08-06 05:32:27.172  8766  9349 E chromium: [ERROR:tile_manager.cc(793)] WARNING: tile memory limits exceeded, some content may not draw
08-06 05:32:27.172  8766  9349 E chromium: [ERROR:tile_manager.cc(793)] WARNING: tile memory limits exceeded, some content may not draw
08-06 05:32:27.176  8766  9349 E chromium: [ERROR:tile_manager.cc(793)] WARNING: tile memory limits exceeded, some content may not draw
08-06 05:32:27.179  8766  9349 E chromium: [ERROR:tile_manager.cc(793)] WARNING: tile memory limits exceeded, some content may not draw
08-06 05:32:27.183  8766  8778 I art     : Explicit concurrent mark sweep GC freed 1221(129KB) AllocSpace objects, 5(100KB) LOS objects, 28% free, 39MB/55MB, paused 1.136ms total 28.260ms
08-06 05:32:27.187  8766  9349 E chromium: [ERROR:tile_manager.cc(793)] WARNING: tile memory limits exceeded, some content may not draw
08-06 05:32:27.187  8766  9349 E chromium: [ERROR:tile_manager.cc(793)] WARNING: tile memory limits exceeded, some content may not draw
08-06 05:32:27.190  8766  9349 E chromium: [ERROR:tile_manager.cc(793)] WARNING: tile memory limits exceeded, some content may not draw
08-06 05:32:27.191  8766  9349 E chromium: [ERROR:tile_manager.cc(793)] WARNING: tile memory limits exceeded, some content may not draw
08-06 05:32:27.196  8766  8778 I art     : Starting a blocking GC Explicit
08-06 05:32:27.214  8766  9349 E chromium: [ERROR:tile_manager.cc(793)] WARNING: tile memory limits exceeded, some content may not draw
08-06 05:32:27.214  8766  9349 E chromium: [ERROR:tile_manager.cc(793)] WARNING: tile memory limits exceeded, some content may not draw
08-06 05:32:27.215  8766  9349 E chromium: [ERROR:tile_manager.cc(793)] WARNING: tile memory limits exceeded, some content may not draw
08-06 05:32:27.218  8766  9349 E chromium: [ERROR:tile_manager.cc(793)] WARNING: tile memory limits exceeded, some content may not draw
08-06 05:32:27.223  8766  8778 I art     : Explicit concurrent mark sweep GC freed 2369(259KB) AllocSpace objects, 12(248KB) LOS objects, 28% free, 39MB/55MB, paused 975us total 27.261ms
08-06 05:32:27.233  8766  8778 I art     : Starting a blocking GC Explicit
08-06 05:32:27.257  8766  8778 I art     : Explicit concurrent mark sweep GC freed 1998(116KB) AllocSpace objects, 1(28KB) LOS objects, 28% free, 39MB/55MB, paused 656us total 23.945ms
08-06 05:32:27.266  8766  8778 I art     : Starting a blocking GC Explicit
08-06 05:32:27.293  8766  8778 I art     : Explicit concurrent mark sweep GC freed 726(51KB) AllocSpace objects, 0(0B) LOS objects, 28% free, 39MB/55MB, paused 672us total 26.627ms
08-06 05:32:27.489   518   646 I ThermalEngine: ACTION: GPU - Setting GPU[0] to 450000000
08-06 05:32:27.650  8766  9643 I art     : Starting a blocking GC Explicit
08-06 05:32:27.687  8766  9643 I art     : Explicit concurrent mark sweep GC freed 1508(84KB) AllocSpace objects, 1(20KB) LOS objects, 28% free, 39MB/55MB, paused 967us total 36.583ms
08-06 05:32:27.700  8766  9643 I art     : Starting a blocking GC Explicit
08-06 05:32:27.736  8766  9643 I art     : Explicit concurrent mark sweep GC freed 20(704B) AllocSpace objects, 0(0B) LOS objects, 28% free, 39MB/55MB, paused 926us total 35.718ms
08-06 05:32:27.748  8766  9643 I art     : Starting a blocking GC Explicit
08-06 05:32:27.785  8766  9643 I art     : Explicit concurrent mark sweep GC freed 3(96B) AllocSpace objects, 0(0B) LOS objects, 28% free, 39MB/55MB, paused 1.089ms total 37.264ms
08-06 05:32:27.798  8766  9643 I art     : Starting a blocking GC Explicit
08-06 05:32:27.835  8766  9643 I art     : Explicit concurrent mark sweep GC freed 3(96B) AllocSpace objects, 0(0B) LOS objects, 28% free, 39MB/55MB, paused 936us total 37.007ms
08-06 05:32:27.848  8766  9643 I art     : Starting a blocking GC Explicit
08-06 05:32:27.885  8766  9643 I art     : Explicit concurrent mark sweep GC freed 3(96B) AllocSpace objects, 0(0B) LOS objects, 28% free, 39MB/55MB, paused 1.088ms total 37.473ms
08-06 05:32:28.263  8766  8777 I art     : Starting a blocking GC Explicit
08-06 05:32:28.303  8766  8777 I art     : Explicit concurrent mark sweep GC freed 1405(81KB) AllocSpace objects, 1(20KB) LOS objects, 28% free, 39MB/55MB, paused 957us total 39.006ms
08-06 05:32:28.317  8766  8777 I art     : Starting a blocking GC Explicit
08-06 05:32:28.352  8766  8777 I art     : Explicit concurrent mark sweep GC freed 20(704B) AllocSpace objects, 0(0B) LOS objects, 28% free, 39MB/55MB, paused 926us total 35.185ms
08-06 05:32:28.366  8766  8777 I art     : Starting a blocking GC Explicit
08-06 05:32:28.401  8766  8777 I art     : Explicit concurrent mark sweep GC freed 3(96B) AllocSpace objects, 0(0B) LOS objects, 28% free, 39MB/55MB, paused 968us total 34.295ms
08-06 05:32:28.413  8766  8777 I art     : Starting a blocking GC Explicit
08-06 05:32:28.449  8766  8777 I art     : Explicit concurrent mark sweep GC freed 3(96B) AllocSpace objects, 0(0B) LOS objects, 28% free, 39MB/55MB, paused 954us total 35.691ms
08-06 05:32:28.461  8766  8777 I art     : Starting a blocking GC Explicit
08-06 05:32:28.499  8766  8777 I art     : Explicit concurrent mark sweep GC freed 3(96B) AllocSpace objects, 0(0B) LOS objects, 28% free, 39MB/55MB, paused 1.064ms total 36.857ms
08-06 05:32:28.832  8745  8745 I ServiceManager: Waiting for service AtCmdFwd...
08-06 05:32:28.858  8766  8836 I art     : Starting a blocking GC Explicit
08-06 05:32:28.895  8766  8836 I art     : Explicit concurrent mark sweep GC freed 1403(80KB) AllocSpace objects, 1(20KB) LOS objects, 28% free, 39MB/55MB, paused 946us total 36.777ms
08-06 05:32:28.908  8766  8836 I art     : Starting a blocking GC Explicit
08-06 05:32:28.945  8766  8836 I art     : Explicit concurrent mark sweep GC freed 20(704B) AllocSpace objects, 0(0B) LOS objects, 28% free, 39MB/55MB, paused 916us total 36.531ms
08-06 05:32:28.958  8766  8836 I art     : Starting a blocking GC Explicit
08-06 05:32:28.994  8766  8836 I art     : Explicit concurrent mark sweep GC freed 3(96B) AllocSpace objects, 0(0B) LOS objects, 28% free, 39MB/55MB, paused 968us total 36.190ms
08-06 05:32:29.006  8766  8836 I art     : Starting a blocking GC Explicit
08-06 05:32:29.042  8766  8836 I art     : Explicit concurrent mark sweep GC freed 3(96B) AllocSpace objects, 0(0B) LOS objects, 28% free, 39MB/55MB, paused 953us total 35.698ms
08-06 05:32:29.055  8766  8836 I art     : Starting a blocking GC Explicit
08-06 05:32:29.092  8766  8836 I art     : Explicit concurrent mark sweep GC freed 3(96B) AllocSpace objects, 0(0B) LOS objects, 28% free, 39MB/55MB, paused 986us total 36.850ms
08-06 05:32:29.466  8766  8778 I art     : Starting a blocking GC Explicit
08-06 05:32:29.505  8766  8778 I art     : Explicit concurrent mark sweep GC freed 1404(81KB) AllocSpace objects, 1(20KB) LOS objects, 28% free, 39MB/55MB, paused 929us total 38.864ms
08-06 05:32:29.519  8766  8778 I art     : Starting a blocking GC Explicit
08-06 05:32:29.555  8766  8778 I art     : Explicit concurrent mark sweep GC freed 20(704B) AllocSpace objects, 0(0B) LOS objects, 28% free, 39MB/55MB, paused 937us total 35.398ms
08-06 05:32:29.567  8766  8778 I art     : Starting a blocking GC Explicit
08-06 05:32:29.603  8766  8778 I art     : Explicit concurrent mark sweep GC freed 3(96B) AllocSpace objects, 0(0B) LOS objects, 28% free, 39MB/55MB, paused 916us total 35.719ms
08-06 05:32:29.615  8766  8778 I art     : Starting a blocking GC Explicit
08-06 05:32:29.651  8766  8778 I art     : Explicit concurrent mark sweep GC freed 3(96B) AllocSpace objects, 0(0B) LOS objects, 28% free, 39MB/55MB, paused 874us total 35.204ms
08-06 05:32:29.663  8766  8778 I art     : Starting a blocking GC Explicit
08-06 05:32:29.700  8766  8778 I art     : Explicit concurrent mark sweep GC freed 3(96B) AllocSpace objects, 0(0B) LOS objects, 28% free, 39MB/55MB, paused 915us total 36.299ms
08-06 05:32:29.833  8745  8745 I ServiceManager: Waiting for service AtCmdFwd...
08-06 05:32:30.069  8766  9643 I art     : Starting a blocking GC Explicit
08-06 05:32:30.106  8766  9643 I art     : Explicit concurrent mark sweep GC freed 1403(81KB) AllocSpace objects, 1(20KB) LOS objects, 28% free, 39MB/55MB, paused 986us total 36.490ms
08-06 05:32:30.119  8766  9643 I art     : Starting a blocking GC Explicit
08-06 05:32:30.153  8766  9643 I art     : Explicit concurrent mark sweep GC freed 20(704B) AllocSpace objects, 0(0B) LOS objects, 28% free, 39MB/55MB, paused 940us total 33.533ms
08-06 05:32:30.164  8766  9643 I art     : Starting a blocking GC Explicit
08-06 05:32:30.200  8766  9643 I art     : Explicit concurrent mark sweep GC freed 3(96B) AllocSpace objects, 0(0B) LOS objects, 28% free, 39MB/55MB, paused 977us total 35.744ms
08-06 05:32:30.212  8766  9643 I art     : Starting a blocking GC Explicit
08-06 05:32:30.248  8766  9643 I art     : Explicit concurrent mark sweep GC freed 3(96B) AllocSpace objects, 0(0B) LOS objects, 28% free, 39MB/55MB, paused 952us total 35.447ms
08-06 05:32:30.260  8766  9643 I art     : Starting a blocking GC Explicit
08-06 05:32:30.296  8766  9643 I art     : Explicit concurrent mark sweep GC freed 3(96B) AllocSpace objects, 0(0B) LOS objects, 28% free, 39MB/55MB, paused 925us total 35.457ms
08-06 05:32:30.516  9789  9789 D AndroidRuntime: >>>>>> START com.android.internal.os.RuntimeInit uid 2000 <<<<<<
08-06 05:32:30.522  9789  9789 D AndroidRuntime: CheckJNI is OFF
08-06 05:32:30.561  9789  9789 D ICU     : No timezone override file found: /data/misc/zoneinfo/current/icu/icu_tzdata.dat
08-06 05:32:30.603  9789  9789 I Radio-JNI: register_android_hardware_Radio DONE
08-06 05:32:30.632  9789  9789 D AndroidRuntime: Calling main entry com.android.commands.input.Input
08-06 05:32:30.633  9789  9789 I Input   : injectKeyEvent: KeyEvent { action=ACTION_DOWN, keyCode=KEYCODE_BACK, scanCode=0, metaState=0, flags=0x0, repeatCount=0, eventTime=855167046, downTime=855167046, deviceId=-1, source=0x101 }
08-06 05:32:30.638  9789  9789 I Input   : injectKeyEvent: KeyEvent { action=ACTION_UP, keyCode=KEYCODE_BACK, scanCode=0, metaState=0, flags=0x0, repeatCount=0, eventTime=855167046, downTime=855167046, deviceId=-1, source=0x101 }
08-06 05:32:30.643  9789  9789 D AndroidRuntime: Shutting down VM
08-06 05:32:30.680  8766  9643 I art     : Starting a blocking GC Explicit
08-06 05:32:30.714  8766  9643 I art     : Explicit concurrent mark sweep GC freed 1655(121KB) AllocSpace objects, 3(60KB) LOS objects, 28% free, 39MB/55MB, paused 1.032ms total 34.027ms
08-06 05:32:30.726  8766  9643 I art     : Starting a blocking GC Explicit
08-06 05:32:30.759  8766  9643 I art     : Explicit concurrent mark sweep GC freed 53(1952B) AllocSpace objects, 0(0B) LOS objects, 28% free, 39MB/55MB, paused 1.021ms total 33.167ms
08-06 05:32:30.771  8766  9643 I art     : Starting a blocking GC Explicit
08-06 05:32:30.805  8766  9643 I art     : Explicit concurrent mark sweep GC freed 602(44KB) AllocSpace objects, 1(20KB) LOS objects, 28% free, 39MB/55MB, paused 1.143ms total 33.464ms
08-06 05:32:30.817  8766  9643 I art     : Starting a blocking GC Explicit
08-06 05:32:30.833  8745  8745 I ServiceManager: Waiting for service AtCmdFwd...
08-06 05:32:30.850  8766  9643 I art     : Explicit concurrent mark sweep GC freed 967(86KB) AllocSpace objects, 1(20KB) LOS objects, 28% free, 39MB/55MB, paused 951us total 32.550ms
08-06 05:32:30.862  8766  9643 I art     : Starting a blocking GC Explicit
08-06 05:32:30.868 13866 13866 I GoogleInputMethodServic: GoogleInputMethodService.onFinishInput():3138 
08-06 05:32:30.869 13866 13866 I GoogleInputMethodServic: GoogleInputMethodService.onStartInput():1808 
08-06 05:32:30.897  8766  9643 I art     : Explicit concurrent mark sweep GC freed 1208(88KB) AllocSpace objects, 1(20KB) LOS objects, 28% free, 39MB/55MB, paused 4.052ms total 34.593ms
08-06 05:32:30.995  8766  9813 I NAPPA_EXPERIMENTATION: MetricNetworkRequestExecutionTime: REQUEST_DURATION_SYSTEM='103',REQUEST_DURATION_OKHTTP='36',REQUEST_SYNCHRONOUS='TRUE',RESPONSE_CODE='200',RESPONSE_METHOD='GET',RESPONSE_LENGTH_OKHTTP='43',RESPONSE_LENGTH_HEADER='43',REQUEST_PROTOCOL='http/1.1',REQUEST_URL='http://feeds.feedburner.com/~r/retort/~4/UffaFMiJbNs',
08-06 05:32:31.237  8766  8777 I art     : Starting a blocking GC Explicit
08-06 05:32:31.272  8766  8777 I art     : Explicit concurrent mark sweep GC freed 3624(204KB) AllocSpace objects, 3(68KB) LOS objects, 28% free, 39MB/55MB, paused 974us total 34.744ms
08-06 05:32:31.286  8766  8777 I art     : Starting a blocking GC Explicit
08-06 05:32:31.298   918  3263 D ConnectivityService: releasing NetworkRequest NetworkRequest [ id=3868, legacyType=-1, [ Capabilities: INTERNET&NOT_RESTRICTED&TRUSTED] ]
08-06 05:32:31.319  8766  8777 I art     : Explicit concurrent mark sweep GC freed 8333(663KB) AllocSpace objects, 12(4MB) LOS objects, 31% free, 34MB/50MB, paused 1.865ms total 33.226ms
08-06 05:32:31.331  8766  8777 I art     : Starting a blocking GC Explicit
08-06 05:32:31.358  8766  8777 I art     : Explicit concurrent mark sweep GC freed 38(1616B) AllocSpace objects, 0(0B) LOS objects, 31% free, 34MB/50MB, paused 926us total 26.763ms
08-06 05:32:31.369  8766  8777 I art     : Starting a blocking GC Explicit
08-06 05:32:31.397  8766  8777 I art     : Explicit concurrent mark sweep GC freed 7(224B) AllocSpace objects, 0(0B) LOS objects, 31% free, 34MB/50MB, paused 941us total 27.597ms
08-06 05:32:31.408  8766  8777 I art     : Starting a blocking GC Explicit
08-06 05:32:31.439  8766  8777 I art     : Explicit concurrent mark sweep GC freed 8(256B) AllocSpace objects, 0(0B) LOS objects, 31% free, 34MB/50MB, paused 959us total 30.195ms
08-06 05:32:31.795  8766  8836 I art     : Starting a blocking GC Explicit
08-06 05:32:31.831  8766  8836 I art     : Explicit concurrent mark sweep GC freed 1449(82KB) AllocSpace objects, 1(20KB) LOS objects, 31% free, 34MB/50MB, paused 937us total 36.011ms
08-06 05:32:31.834  8745  8745 I ServiceManager: Waiting for service AtCmdFwd...
08-06 05:32:31.845  8766  8836 I art     : Starting a blocking GC Explicit
08-06 05:32:31.880  8766  8836 I art     : Explicit concurrent mark sweep GC freed 26(896B) AllocSpace objects, 0(0B) LOS objects, 31% free, 34MB/50MB, paused 864us total 34.975ms
08-06 05:32:31.892  8766  8836 I art     : Starting a blocking GC Explicit
08-06 05:32:31.921  8766  8836 I art     : Explicit concurrent mark sweep GC freed 9(288B) AllocSpace objects, 0(0B) LOS objects, 31% free, 34MB/50MB, paused 941us total 28.439ms
08-06 05:32:31.931  8766  8836 I art     : Starting a blocking GC Explicit
08-06 05:32:31.961  8766  8836 I art     : Explicit concurrent mark sweep GC freed 7(224B) AllocSpace objects, 0(0B) LOS objects, 31% free, 34MB/50MB, paused 909us total 29.461ms
08-06 05:32:31.972  8766  8836 I art     : Starting a blocking GC Explicit
08-06 05:32:32.003  8766  8836 I art     : Explicit concurrent mark sweep GC freed 9(288B) AllocSpace objects, 0(0B) LOS objects, 31% free, 34MB/50MB, paused 929us total 29.826ms
08-06 05:32:32.311  8766  8836 I art     : Starting a blocking GC Explicit
08-06 05:32:32.342  8766  8836 I art     : Explicit concurrent mark sweep GC freed 1430(81KB) AllocSpace objects, 1(20KB) LOS objects, 31% free, 34MB/50MB, paused 988us total 30.341ms
08-06 05:32:32.354  8766  8836 I art     : Starting a blocking GC Explicit
08-06 05:32:32.385  8766  8836 I art     : Explicit concurrent mark sweep GC freed 34(1152B) AllocSpace objects, 0(0B) LOS objects, 31% free, 34MB/50MB, paused 973us total 30.816ms
08-06 05:32:32.396  8766  8836 I art     : Starting a blocking GC Explicit
08-06 05:32:32.420  9834  9834 D AndroidRuntime: >>>>>> START com.android.internal.os.RuntimeInit uid 2000 <<<<<<
08-06 05:32:32.426  8766  8836 I art     : Explicit concurrent mark sweep GC freed 3(96B) AllocSpace objects, 0(0B) LOS objects, 31% free, 34MB/50MB, paused 960us total 30.294ms
08-06 05:32:32.426  9834  9834 D AndroidRuntime: CheckJNI is OFF
08-06 05:32:32.438  8766  8836 I art     : Starting a blocking GC Explicit
08-06 05:32:32.468  8766  8836 I art     : Explicit concurrent mark sweep GC freed 3(96B) AllocSpace objects, 0(0B) LOS objects, 31% free, 34MB/50MB, paused 1.075ms total 30.545ms
08-06 05:32:32.472  9834  9834 D ICU     : No timezone override file found: /data/misc/zoneinfo/current/icu/icu_tzdata.dat
08-06 05:32:32.480  8766  8836 I art     : Starting a blocking GC Explicit
08-06 05:32:32.510  8766  8836 I art     : Explicit concurrent mark sweep GC freed 3(96B) AllocSpace objects, 0(0B) LOS objects, 31% free, 34MB/50MB, paused 950us total 29.827ms
08-06 05:32:32.518  9834  9834 I Radio-JNI: register_android_hardware_Radio DONE
08-06 05:32:32.548  9834  9834 D AndroidRuntime: Calling main entry com.android.commands.input.Input
08-06 05:32:32.550  9834  9834 I Input   : injectKeyEvent: KeyEvent { action=ACTION_DOWN, keyCode=KEYCODE_BACK, scanCode=0, metaState=0, flags=0x0, repeatCount=0, eventTime=855168963, downTime=855168963, deviceId=-1, source=0x101 }
08-06 05:32:32.556  9834  9834 I Input   : injectKeyEvent: KeyEvent { action=ACTION_UP, keyCode=KEYCODE_BACK, scanCode=0, metaState=0, flags=0x0, repeatCount=0, eventTime=855168963, downTime=855168963, deviceId=-1, source=0x101 }
08-06 05:32:32.561  9834  9834 D AndroidRuntime: Shutting down VM
08-06 05:32:32.751 13866 13866 I GoogleInputMethodServic: GoogleInputMethodService.onFinishInput():3138 
08-06 05:32:32.752 13866 13866 I GoogleInputMethodServic: GoogleInputMethodService.onStartInput():1808 
08-06 05:32:32.773  8766  9867 I baseline.com.newsblur.service.NBSyncService: recounting dirty feed sets: 2
08-06 05:32:32.829  8766  8778 I art     : Starting a blocking GC Explicit
08-06 05:32:32.835  8745  8745 I ServiceManager: Waiting for service AtCmdFwd...
08-06 05:32:32.860  8766  8778 I art     : Explicit concurrent mark sweep GC freed 15714(1028KB) AllocSpace objects, 18(360KB) LOS objects, 31% free, 34MB/50MB, paused 1.067ms total 30.831ms
08-06 05:32:32.871  8766  8778 I art     : Starting a blocking GC Explicit
08-06 05:32:32.900  8766  8778 I art     : Explicit concurrent mark sweep GC freed 853(32KB) AllocSpace objects, 0(0B) LOS objects, 31% free, 34MB/50MB, paused 950us total 29.145ms
08-06 05:32:32.912  8766  8778 I art     : Starting a blocking GC Explicit
08-06 05:32:32.945  8766  8778 I art     : Explicit concurrent mark sweep GC freed 3(96B) AllocSpace objects, 0(0B) LOS objects, 31% free, 34MB/50MB, paused 985us total 32.589ms
08-06 05:32:32.956  8766  8778 I art     : Starting a blocking GC Explicit
08-06 05:32:32.990  8766  8778 I art     : Explicit concurrent mark sweep GC freed 3(96B) AllocSpace objects, 0(0B) LOS objects, 31% free, 34MB/50MB, paused 1.114ms total 33.599ms
08-06 05:32:33.003  8766  8778 I art     : Starting a blocking GC Explicit
08-06 05:32:33.037  8766  8778 I art     : Explicit concurrent mark sweep GC freed 3(96B) AllocSpace objects, 0(0B) LOS objects, 31% free, 34MB/50MB, paused 1.003ms total 33.609ms
08-06 05:32:33.290  8766  9867 I NAPPA_EXPERIMENTATION: MetricNetworkRequestExecutionTime: REQUEST_DURATION_SYSTEM='513',REQUEST_DURATION_OKHTTP='36',REQUEST_SYNCHRONOUS='TRUE',RESPONSE_CODE='200',RESPONSE_METHOD='GET',RESPONSE_LENGTH_OKHTTP='-1',RESPONSE_LENGTH_HEADER='-2',REQUEST_PROTOCOL='http/1.1',REQUEST_URL='https://www.newsblur.com/reader/feed_unread_count?feed_id=6882243&feed_id=18178',
08-06 05:32:33.290  8766  9867 D MY_TAG  : 0, 513
08-06 05:32:33.375  8766  8778 I art     : Starting a blocking GC Explicit
08-06 05:32:33.413  8766  8778 I art     : Explicit concurrent mark sweep GC freed 18805(1182KB) AllocSpace objects, 21(560KB) LOS objects, 31% free, 34MB/50MB, paused 962us total 37.191ms
08-06 05:32:33.425  8766  8778 I art     : Starting a blocking GC Explicit
08-06 05:32:33.455  8766  8778 I art     : Explicit concurrent mark sweep GC freed 7680(598KB) AllocSpace objects, 2(1188KB) LOS objects, 32% free, 32MB/48MB, paused 957us total 29.333ms
08-06 05:32:33.467  8766  8778 I art     : Starting a blocking GC Explicit
08-06 05:32:33.493  8766  8778 I art     : Explicit concurrent mark sweep GC freed 13(480B) AllocSpace objects, 0(0B) LOS objects, 32% free, 32MB/48MB, paused 913us total 25.873ms
08-06 05:32:33.504  8766  8778 I art     : Starting a blocking GC Explicit
08-06 05:32:33.529  8766  8778 I art     : Explicit concurrent mark sweep GC freed 6(192B) AllocSpace objects, 0(0B) LOS objects, 32% free, 32MB/48MB, paused 900us total 25.264ms
08-06 05:32:33.540  8766  8778 I art     : Starting a blocking GC Explicit
08-06 05:32:33.567  8766  8778 I art     : Explicit concurrent mark sweep GC freed 8(256B) AllocSpace objects, 0(0B) LOS objects, 32% free, 32MB/48MB, paused 985us total 27.033ms
08-06 05:32:33.835  8745  8745 W Atfwd_Sendcmd: AtCmdFwd service not published, waiting... retryCnt : 4
08-06 05:32:33.901  8766  8836 I art     : Starting a blocking GC Explicit
08-06 05:32:33.930  8766  8836 I art     : Explicit concurrent mark sweep GC freed 2228(114KB) AllocSpace objects, 1(20KB) LOS objects, 32% free, 32MB/48MB, paused 1.102ms total 28.729ms
08-06 05:32:33.941  8766  8836 I art     : Starting a blocking GC Explicit
08-06 05:32:33.968  8766  8836 I art     : Explicit concurrent mark sweep GC freed 23(800B) AllocSpace objects, 0(0B) LOS objects, 32% free, 32MB/48MB, paused 912us total 27.481ms
08-06 05:32:33.980  8766  8836 I art     : Starting a blocking GC Explicit
08-06 05:32:34.006  8766  8836 I art     : Explicit concurrent mark sweep GC freed 9(288B) AllocSpace objects, 0(0B) LOS objects, 32% free, 32MB/48MB, paused 861us total 26.142ms
08-06 05:32:34.017  8766  8836 I art     : Starting a blocking GC Explicit
08-06 05:32:34.045  8766  8836 I art     : Explicit concurrent mark sweep GC freed 8(256B) AllocSpace objects, 0(0B) LOS objects, 32% free, 32MB/48MB, paused 1ms total 26.837ms
08-06 05:32:34.056  8766  8836 I art     : Starting a blocking GC Explicit
08-06 05:32:34.083  8766  8836 I art     : Explicit concurrent mark sweep GC freed 6(192B) AllocSpace objects, 0(0B) LOS objects, 32% free, 32MB/48MB, paused 953us total 26.920ms
08-06 05:32:34.324  9894  9894 D AndroidRuntime: >>>>>> START com.android.internal.os.RuntimeInit uid 2000 <<<<<<
08-06 05:32:34.330  9894  9894 D AndroidRuntime: CheckJNI is OFF
08-06 05:32:34.374  9894  9894 D ICU     : No timezone override file found: /data/misc/zoneinfo/current/icu/icu_tzdata.dat
08-06 05:32:34.396  8766  9643 I art     : Starting a blocking GC Explicit
08-06 05:32:34.419  9894  9894 I Radio-JNI: register_android_hardware_Radio DONE
08-06 05:32:34.426  8766  9643 I art     : Explicit concurrent mark sweep GC freed 1412(81KB) AllocSpace objects, 1(20KB) LOS objects, 32% free, 32MB/48MB, paused 1.035ms total 29.964ms
08-06 05:32:34.437  8766  9643 I art     : Starting a blocking GC Explicit
08-06 05:32:34.451  9894  9894 D AndroidRuntime: Calling main entry com.android.commands.input.Input
08-06 05:32:34.453  9894  9894 I Input   : injectMotionEvent: MotionEvent { action=ACTION_DOWN, actionButton=0, id[0]=0, x[0]=594.0, y[0]=330.0, toolType[0]=TOOL_TYPE_UNKNOWN, buttonState=0, metaState=0, flags=0x0, edgeFlags=0x0, pointerCount=1, historySize=0, eventTime=855170865, downTime=855170865, deviceId=0, source=0x1002 }
08-06 05:32:34.460  9894  9894 I Input   : injectMotionEvent: MotionEvent { action=ACTION_UP, actionButton=0, id[0]=0, x[0]=594.0, y[0]=330.0, toolType[0]=TOOL_TYPE_UNKNOWN, buttonState=0, metaState=0, flags=0x0, edgeFlags=0x0, pointerCount=1, historySize=0, eventTime=855170865, downTime=855170865, deviceId=0, source=0x1002 }
08-06 05:32:34.462  9894  9894 D AndroidRuntime: Shutting down VM
08-06 05:32:34.466  8766  9643 I art     : Explicit concurrent mark sweep GC freed 31(1056B) AllocSpace objects, 0(0B) LOS objects, 32% free, 32MB/48MB, paused 1.087ms total 28.031ms
08-06 05:32:34.477  8766  9643 I art     : Starting a blocking GC Explicit
08-06 05:32:34.504  8766  9643 I art     : Explicit concurrent mark sweep GC freed 28(1264B) AllocSpace objects, 0(0B) LOS objects, 32% free, 32MB/48MB, paused 861us total 27.347ms
08-06 05:32:34.515  8766  9643 I art     : Starting a blocking GC Explicit
08-06 05:32:34.529   918  3961 I ActivityManager: START u0 {cmp=baseline.com.newsblur/.activity.GlobalSharedStoriesItemsList (has extras)} from uid 10698 on display 0
08-06 05:32:34.543  8766  9643 I art     : Explicit concurrent mark sweep GC freed 403(49KB) AllocSpace objects, 1(20KB) LOS objects, 32% free, 32MB/48MB, paused 1.014ms total 27.487ms
08-06 05:32:34.555  8766  9643 I art     : Starting a blocking GC Explicit
08-06 05:32:34.566  8766  9302 I baseline.com.newsblur.database.BlurDatabaseHelper: reading session reset
08-06 05:32:34.586  8766  9643 I art     : Explicit concurrent mark sweep GC freed 802(102KB) AllocSpace objects, 5(224KB) LOS objects, 32% free, 32MB/48MB, paused 1.327ms total 30.480ms
08-06 05:32:34.757  8766  8766 W View    : requestLayout() improperly called by android.widget.FrameLayout{57db5fb V.E...... ......ID 0,0-1440,18 #7f07003f app:id/footer_view_inner} during layout: running second layout pass
08-06 05:32:34.757  8766  8766 W View    : requestLayout() improperly called by android.widget.FrameLayout{f1b2618 V.E...... ......ID 0,0-1440,2091 #7f07003f app:id/footer_view_inner} during layout: running second layout pass
08-06 05:32:34.777 13866 13866 I GoogleInputMethodServic: GoogleInputMethodService.onFinishInput():3138 
08-06 05:32:34.777   918   936 I ActivityManager: Displayed baseline.com.newsblur/.activity.GlobalSharedStoriesItemsList: +235ms
08-06 05:32:34.778 13866 13866 I GoogleInputMethodServic: GoogleInputMethodService.onStartInput():1808 
08-06 05:32:34.883  8766  9027 I NAPPA_EXPERIMENTATION: MetricNetworkRequestExecutionTime: REQUEST_DURATION_SYSTEM='67',REQUEST_DURATION_OKHTTP='66',REQUEST_SYNCHRONOUS='TRUE',RESPONSE_CODE='200',RESPONSE_METHOD='GET',RESPONSE_LENGTH_OKHTTP='43',RESPONSE_LENGTH_HEADER='43',REQUEST_PROTOCOL='http/1.1',REQUEST_URL='http://feeds.feedburner.com/~r/retort/~4/UffaFMiJbNs',
08-06 05:32:34.920  8766  8778 I art     : Starting a blocking GC Explicit
08-06 05:32:34.948  8766  8778 I art     : Explicit concurrent mark sweep GC freed 5258(341KB) AllocSpace objects, 10(200KB) LOS objects, 31% free, 34MB/50MB, paused 875us total 27.961ms
08-06 05:32:34.958  8766  8778 I art     : Starting a blocking GC Explicit
08-06 05:32:34.985  8766  8778 I art     : Explicit concurrent mark sweep GC freed 1245(116KB) AllocSpace objects, 0(0B) LOS objects, 31% free, 34MB/50MB, paused 927us total 26.202ms
08-06 05:32:34.996  8766  8778 I art     : Starting a blocking GC Explicit
08-06 05:32:35.022  8766  8778 I art     : Explicit concurrent mark sweep GC freed 11(352B) AllocSpace objects, 0(0B) LOS objects, 31% free, 34MB/50MB, paused 920us total 25.827ms
08-06 05:32:35.033  8766  8778 I art     : Starting a blocking GC Explicit
08-06 05:32:35.059  8766  8778 I art     : Explicit concurrent mark sweep GC freed 208(20KB) AllocSpace objects, 1(20KB) LOS objects, 31% free, 34MB/50MB, paused 1.002ms total 25.802ms
08-06 05:32:35.069  8766  8778 I art     : Starting a blocking GC Explicit
08-06 05:32:35.096  8766  8778 I art     : Explicit concurrent mark sweep GC freed 14(464B) AllocSpace objects, 0(0B) LOS objects, 31% free, 34MB/50MB, paused 851us total 25.900ms
08-06 05:32:35.421  8766  8836 I art     : Starting a blocking GC Explicit
08-06 05:32:35.452  8766  8836 I art     : Explicit concurrent mark sweep GC freed 1599(89KB) AllocSpace objects, 1(20KB) LOS objects, 31% free, 34MB/50MB, paused 955us total 30.334ms
08-06 05:32:35.463  8766  8836 I art     : Starting a blocking GC Explicit
08-06 05:32:35.493  8766  8836 I art     : Explicit concurrent mark sweep GC freed 20(704B) AllocSpace objects, 0(0B) LOS objects, 31% free, 34MB/50MB, paused 952us total 29.615ms
08-06 05:32:35.504  8766  8836 I art     : Starting a blocking GC Explicit
08-06 05:32:35.535  8766  8836 I art     : Explicit concurrent mark sweep GC freed 3(96B) AllocSpace objects, 0(0B) LOS objects, 31% free, 34MB/50MB, paused 955us total 30.399ms
08-06 05:32:35.546  8766  8836 I art     : Starting a blocking GC Explicit
08-06 05:32:35.576  8766  8836 I art     : Explicit concurrent mark sweep GC freed 3(96B) AllocSpace objects, 0(0B) LOS objects, 31% free, 34MB/50MB, paused 917us total 29.220ms
08-06 05:32:35.587  8766  8836 I art     : Starting a blocking GC Explicit
08-06 05:32:35.618  8766  8836 I art     : Explicit concurrent mark sweep GC freed 3(96B) AllocSpace objects, 0(0B) LOS objects, 31% free, 34MB/50MB, paused 1.133ms total 30.430ms
08-06 05:32:35.957  8766  8778 I art     : Starting a blocking GC Explicit
08-06 05:32:35.988  8766  8778 I art     : Explicit concurrent mark sweep GC freed 1410(81KB) AllocSpace objects, 1(20KB) LOS objects, 31% free, 34MB/50MB, paused 1.037ms total 31.168ms
08-06 05:32:36.001  8766  8778 I art     : Starting a blocking GC Explicit
08-06 05:32:36.001   918  3261 D WifiStateMachine: starting scan for "H369AA63323"WPA_PSK with 2412,5180
08-06 05:32:36.029  8766  8778 I art     : Explicit concurrent mark sweep GC freed 25(864B) AllocSpace objects, 0(0B) LOS objects, 31% free, 34MB/50MB, paused 911us total 28.080ms
08-06 05:32:36.040  8766  8778 I art     : Starting a blocking GC Explicit
08-06 05:32:36.069  8766  8778 I art     : Explicit concurrent mark sweep GC freed 8(256B) AllocSpace objects, 0(0B) LOS objects, 31% free, 34MB/50MB, paused 875us total 29.327ms
08-06 05:32:36.082  8766  8778 I art     : Starting a blocking GC Explicit
08-06 05:32:36.112  8766  8778 I art     : Explicit concurrent mark sweep GC freed 8(256B) AllocSpace objects, 0(0B) LOS objects, 31% free, 34MB/50MB, paused 979us total 30.418ms
08-06 05:32:36.124  8766  8778 I art     : Starting a blocking GC Explicit
08-06 05:32:36.156  8766  8778 I art     : Explicit concurrent mark sweep GC freed 9(288B) AllocSpace objects, 0(0B) LOS objects, 31% free, 34MB/50MB, paused 946us total 31.557ms
08-06 05:32:36.535  8766  8836 I art     : Starting a blocking GC Explicit
08-06 05:32:36.570  8766  8836 I art     : Explicit concurrent mark sweep GC freed 1404(81KB) AllocSpace objects, 1(20KB) LOS objects, 31% free, 34MB/50MB, paused 923us total 34.389ms
08-06 05:32:36.584  8766  8836 I art     : Starting a blocking GC Explicit
08-06 05:32:36.616  8766  8836 I art     : Explicit concurrent mark sweep GC freed 20(704B) AllocSpace objects, 0(0B) LOS objects, 31% free, 34MB/50MB, paused 950us total 31.889ms
08-06 05:32:36.627  8766  8836 I art     : Starting a blocking GC Explicit
08-06 05:32:36.660  8766  8836 I art     : Explicit concurrent mark sweep GC freed 3(96B) AllocSpace objects, 0(0B) LOS objects, 31% free, 34MB/50MB, paused 930us total 32.468ms
08-06 05:32:36.672  8766  8836 I art     : Starting a blocking GC Explicit
08-06 05:32:36.705  8766  8836 I art     : Explicit concurrent mark sweep GC freed 3(96B) AllocSpace objects, 0(0B) LOS objects, 31% free, 34MB/50MB, paused 1.026ms total 33.367ms
08-06 05:32:36.717  8766  8836 I art     : Starting a blocking GC Explicit
08-06 05:32:36.749  8766  8836 I art     : Explicit concurrent mark sweep GC freed 3(96B) AllocSpace objects, 0(0B) LOS objects, 31% free, 34MB/50MB, paused 1.016ms total 31.952ms
08-06 05:32:37.130  8766  8778 I art     : Starting a blocking GC Explicit
08-06 05:32:37.165  8766  8778 I art     : Explicit concurrent mark sweep GC freed 1403(81KB) AllocSpace objects, 1(20KB) LOS objects, 31% free, 34MB/50MB, paused 971us total 34.812ms
08-06 05:32:37.179  8766  8778 I art     : Starting a blocking GC Explicit
08-06 05:32:37.210  8766  8778 I art     : Explicit concurrent mark sweep GC freed 20(704B) AllocSpace objects, 0(0B) LOS objects, 31% free, 34MB/50MB, paused 900us total 30.683ms
08-06 05:32:37.221  8766  8778 I art     : Starting a blocking GC Explicit
08-06 05:32:37.253  8766  8778 I art     : Explicit concurrent mark sweep GC freed 3(96B) AllocSpace objects, 0(0B) LOS objects, 31% free, 34MB/50MB, paused 970us total 31.905ms
08-06 05:32:37.265  8766  8778 I art     : Starting a blocking GC Explicit
08-06 05:32:37.296  8766  8778 I art     : Explicit concurrent mark sweep GC freed 3(96B) AllocSpace objects, 0(0B) LOS objects, 31% free, 34MB/50MB, paused 980us total 31.226ms
08-06 05:32:37.308  8766  8778 I art     : Starting a blocking GC Explicit
08-06 05:32:37.339  8766  8778 I art     : Explicit concurrent mark sweep GC freed 3(96B) AllocSpace objects, 0(0B) LOS objects, 31% free, 34MB/50MB, paused 925us total 31.170ms
08-06 05:32:37.716  8766  9643 I art     : Starting a blocking GC Explicit
08-06 05:32:37.751  8766  9643 I art     : Explicit concurrent mark sweep GC freed 1401(80KB) AllocSpace objects, 1(20KB) LOS objects, 31% free, 34MB/50MB, paused 997us total 34.520ms
08-06 05:32:37.765  8766  9643 I art     : Starting a blocking GC Explicit
08-06 05:32:37.797  8766  9643 I art     : Explicit concurrent mark sweep GC freed 20(704B) AllocSpace objects, 0(0B) LOS objects, 31% free, 34MB/50MB, paused 1.091ms total 32.036ms
08-06 05:32:37.809  8766  9643 I art     : Starting a blocking GC Explicit
08-06 05:32:37.840  8766  9643 I art     : Explicit concurrent mark sweep GC freed 3(96B) AllocSpace objects, 0(0B) LOS objects, 31% free, 34MB/50MB, paused 1.002ms total 31.112ms
08-06 05:32:37.852  8766  9643 I art     : Starting a blocking GC Explicit
08-06 05:32:37.885  8766  9643 I art     : Explicit concurrent mark sweep GC freed 3(96B) AllocSpace objects, 0(0B) LOS objects, 31% free, 34MB/50MB, paused 944us total 32.785ms
08-06 05:32:37.897  8766  9643 I art     : Starting a blocking GC Explicit
08-06 05:32:37.931  8766  9643 I art     : Explicit concurrent mark sweep GC freed 3(96B) AllocSpace objects, 0(0B) LOS objects, 31% free, 34MB/50MB, paused 950us total 33.312ms
08-06 05:32:38.301  8766  8777 I art     : Starting a blocking GC Explicit
08-06 05:32:38.335  8766  8777 I art     : Explicit concurrent mark sweep GC freed 1402(82KB) AllocSpace objects, 1(20KB) LOS objects, 31% free, 34MB/50MB, paused 960us total 33.374ms
08-06 05:32:38.348  8766  8777 I art     : Starting a blocking GC Explicit
08-06 05:32:38.381  8766  8777 I art     : Explicit concurrent mark sweep GC freed 20(704B) AllocSpace objects, 0(0B) LOS objects, 31% free, 34MB/50MB, paused 952us total 32.723ms
08-06 05:32:38.393  8766  8777 I art     : Starting a blocking GC Explicit
08-06 05:32:38.426  8766  8777 I art     : Explicit concurrent mark sweep GC freed 3(96B) AllocSpace objects, 0(0B) LOS objects, 31% free, 34MB/50MB, paused 987us total 32.871ms
08-06 05:32:38.438  8766  8777 I art     : Starting a blocking GC Explicit
08-06 05:32:38.470  8766  8777 I art     : Explicit concurrent mark sweep GC freed 3(96B) AllocSpace objects, 0(0B) LOS objects, 31% free, 34MB/50MB, paused 1.010ms total 31.795ms
08-06 05:32:38.481  8766  8777 I art     : Starting a blocking GC Explicit
08-06 05:32:38.514  8766  8777 I art     : Explicit concurrent mark sweep GC freed 3(96B) AllocSpace objects, 0(0B) LOS objects, 31% free, 34MB/50MB, paused 971us total 32.628ms
08-06 05:32:38.882  8766  8836 I art     : Starting a blocking GC Explicit
08-06 05:32:38.916  8766  8836 I art     : Explicit concurrent mark sweep GC freed 1402(81KB) AllocSpace objects, 1(20KB) LOS objects, 31% free, 34MB/50MB, paused 1ms total 34.063ms
08-06 05:32:38.928  8766  8836 I art     : Starting a blocking GC Explicit
08-06 05:32:38.960  8766  8836 I art     : Explicit concurrent mark sweep GC freed 20(704B) AllocSpace objects, 0(0B) LOS objects, 31% free, 34MB/50MB, paused 1.022ms total 31.277ms
08-06 05:32:38.971  8766  8836 I art     : Starting a blocking GC Explicit
08-06 05:32:39.004  8766  8836 I art     : Explicit concurrent mark sweep GC freed 3(96B) AllocSpace objects, 0(0B) LOS objects, 31% free, 34MB/50MB, paused 990us total 31.869ms
08-06 05:32:39.016  8766  8836 I art     : Starting a blocking GC Explicit
08-06 05:32:39.049  8766  8836 I art     : Explicit concurrent mark sweep GC freed 3(96B) AllocSpace objects, 0(0B) LOS objects, 31% free, 34MB/50MB, paused 1.012ms total 33.499ms
08-06 05:32:39.061  8766  8836 I art     : Starting a blocking GC Explicit
08-06 05:32:39.093  8766  8836 I art     : Explicit concurrent mark sweep GC freed 3(96B) AllocSpace objects, 0(0B) LOS objects, 31% free, 34MB/50MB, paused 954us total 31.819ms
08-06 05:32:39.444  8766  8778 I art     : Starting a blocking GC Explicit
08-06 05:32:39.475  8766  8778 I art     : Explicit concurrent mark sweep GC freed 1401(80KB) AllocSpace objects, 1(20KB) LOS objects, 31% free, 34MB/50MB, paused 955us total 30.515ms
08-06 05:32:39.486  8766  8778 I art     : Starting a blocking GC Explicit
08-06 05:32:39.506   518   646 I ThermalEngine: ACTION: GPU - Setting GPU[0] to 510000000
08-06 05:32:39.516  8766  8778 I art     : Explicit concurrent mark sweep GC freed 20(704B) AllocSpace objects, 0(0B) LOS objects, 31% free, 34MB/50MB, paused 961us total 29.249ms
08-06 05:32:39.527  8766  8778 I art     : Starting a blocking GC Explicit
08-06 05:32:39.556  8766  8778 I art     : Explicit concurrent mark sweep GC freed 3(96B) AllocSpace objects, 0(0B) LOS objects, 31% free, 34MB/50MB, paused 762us total 28.692ms
08-06 05:32:39.565  8766  8778 I art     : Starting a blocking GC Explicit
08-06 05:32:39.594  8766  8778 I art     : Explicit concurrent mark sweep GC freed 3(96B) AllocSpace objects, 0(0B) LOS objects, 31% free, 34MB/50MB, paused 658us total 28.502ms
08-06 05:32:39.603  8766  8778 I art     : Starting a blocking GC Explicit
08-06 05:32:39.628  8766  8778 I art     : Explicit concurrent mark sweep GC freed 3(96B) AllocSpace objects, 0(0B) LOS objects, 31% free, 34MB/50MB, paused 780us total 24.654ms
08-06 05:32:39.974  8766  9643 I art     : Starting a blocking GC Explicit
08-06 05:32:40.001  8766  9643 I art     : Explicit concurrent mark sweep GC freed 1401(80KB) AllocSpace objects, 1(20KB) LOS objects, 31% free, 34MB/50MB, paused 746us total 26.708ms
08-06 05:32:40.010  8766  9643 I art     : Starting a blocking GC Explicit
08-06 05:32:40.034  8766  9643 I art     : Explicit concurrent mark sweep GC freed 20(704B) AllocSpace objects, 0(0B) LOS objects, 31% free, 34MB/50MB, paused 736us total 24.251ms
08-06 05:32:40.044  8766  9643 I art     : Starting a blocking GC Explicit
08-06 05:32:40.068  8766  9643 I art     : Explicit concurrent mark sweep GC freed 3(96B) AllocSpace objects, 0(0B) LOS objects, 31% free, 34MB/50MB, paused 743us total 24.700ms
08-06 05:32:40.077  8766  9643 I art     : Starting a blocking GC Explicit
08-06 05:32:40.102  8766  9643 I art     : Explicit concurrent mark sweep GC freed 3(96B) AllocSpace objects, 0(0B) LOS objects, 31% free, 34MB/50MB, paused 731us total 24.423ms
08-06 05:32:40.111  8766  9643 I art     : Starting a blocking GC Explicit
08-06 05:32:40.136  8766  9643 I art     : Explicit concurrent mark sweep GC freed 3(96B) AllocSpace objects, 0(0B) LOS objects, 31% free, 34MB/50MB, paused 706us total 24.282ms
08-06 05:32:40.472  8766  8777 I art     : Starting a blocking GC Explicit
08-06 05:32:40.498  8766  8777 I art     : Explicit concurrent mark sweep GC freed 1401(80KB) AllocSpace objects, 1(20KB) LOS objects, 31% free, 34MB/50MB, paused 689us total 25.922ms
08-06 05:32:40.510  8766  8777 I art     : Starting a blocking GC Explicit
08-06 05:32:40.533  8766  8777 I art     : Explicit concurrent mark sweep GC freed 20(704B) AllocSpace objects, 0(0B) LOS objects, 31% free, 34MB/50MB, paused 714us total 22.950ms
08-06 05:32:40.542  8766  8777 I art     : Starting a blocking GC Explicit
08-06 05:32:40.565  8766  8777 I art     : Explicit concurrent mark sweep GC freed 3(96B) AllocSpace objects, 0(0B) LOS objects, 31% free, 34MB/50MB, paused 704us total 23.354ms
08-06 05:32:40.574  8766  8777 I art     : Starting a blocking GC Explicit
08-06 05:32:40.597  8766  8777 I art     : Explicit concurrent mark sweep GC freed 3(96B) AllocSpace objects, 0(0B) LOS objects, 31% free, 34MB/50MB, paused 753us total 23.217ms
08-06 05:32:40.607  8766  8777 I art     : Starting a blocking GC Explicit
08-06 05:32:40.631  8766  8777 I art     : Explicit concurrent mark sweep GC freed 3(96B) AllocSpace objects, 0(0B) LOS objects, 31% free, 34MB/50MB, paused 675us total 23.720ms
08-06 05:32:40.978  8766  8836 I art     : Starting a blocking GC Explicit
08-06 05:32:41.004  8766  8836 I art     : Explicit concurrent mark sweep GC freed 1401(80KB) AllocSpace objects, 1(20KB) LOS objects, 31% free, 34MB/50MB, paused 698us total 25.686ms
08-06 05:32:41.016  8766  8836 I art     : Starting a blocking GC Explicit
08-06 05:32:41.039  8766  8836 I art     : Explicit concurrent mark sweep GC freed 20(704B) AllocSpace objects, 0(0B) LOS objects, 31% free, 34MB/50MB, paused 689us total 22.542ms
08-06 05:32:41.048  8766  8836 I art     : Starting a blocking GC Explicit
08-06 05:32:41.071  8766  8836 I art     : Explicit concurrent mark sweep GC freed 3(96B) AllocSpace objects, 0(0B) LOS objects, 31% free, 34MB/50MB, paused 699us total 23.521ms
08-06 05:32:41.080  8766  8836 I art     : Starting a blocking GC Explicit
08-06 05:32:41.104  8766  8836 I art     : Explicit concurrent mark sweep GC freed 3(96B) AllocSpace objects, 0(0B) LOS objects, 31% free, 34MB/50MB, paused 721us total 23.179ms
08-06 05:32:41.113  8766  8836 I art     : Starting a blocking GC Explicit
08-06 05:32:41.137  8766  8836 I art     : Explicit concurrent mark sweep GC freed 3(96B) AllocSpace objects, 0(0B) LOS objects, 31% free, 34MB/50MB, paused 773us total 23.990ms
08-06 05:32:41.491  8766  8778 I art     : Starting a blocking GC Explicit
08-06 05:32:41.515   918  3188 I hubconnection: sensorhub said: 'set_bias 3: -6.7200, 0.0000, 0.0000'
08-06 05:32:41.517  8766  8778 I art     : Explicit concurrent mark sweep GC freed 1401(80KB) AllocSpace objects, 1(20KB) LOS objects, 31% free, 34MB/50MB, paused 743us total 25.580ms
08-06 05:32:41.526  8766  8778 I art     : Starting a blocking GC Explicit
08-06 05:32:41.550  8766  8778 I art     : Explicit concurrent mark sweep GC freed 20(704B) AllocSpace objects, 0(0B) LOS objects, 31% free, 34MB/50MB, paused 713us total 23.753ms
08-06 05:32:41.559  8766  8778 I art     : Starting a blocking GC Explicit
08-06 05:32:41.583  8766  8778 I art     : Explicit concurrent mark sweep GC freed 3(96B) AllocSpace objects, 0(0B) LOS objects, 31% free, 34MB/50MB, paused 726us total 23.887ms
08-06 05:32:41.592  8766  8778 I art     : Starting a blocking GC Explicit
08-06 05:32:41.616  8766  8778 I art     : Explicit concurrent mark sweep GC freed 3(96B) AllocSpace objects, 0(0B) LOS objects, 31% free, 34MB/50MB, paused 728us total 24.177ms
08-06 05:32:41.625  8766  8778 I art     : Starting a blocking GC Explicit
08-06 05:32:41.649  8766  8778 I art     : Explicit concurrent mark sweep GC freed 3(96B) AllocSpace objects, 0(0B) LOS objects, 31% free, 34MB/50MB, paused 710us total 23.613ms
08-06 05:32:41.980  8766  9643 I art     : Starting a blocking GC Explicit
08-06 05:32:42.007  8766  9643 I art     : Explicit concurrent mark sweep GC freed 1425(81KB) AllocSpace objects, 1(20KB) LOS objects, 31% free, 34MB/50MB, paused 658us total 25.849ms
08-06 05:32:42.016  8766  9643 I art     : Starting a blocking GC Explicit
08-06 05:32:42.040  8766  9643 I art     : Explicit concurrent mark sweep GC freed 20(704B) AllocSpace objects, 0(0B) LOS objects, 31% free, 34MB/50MB, paused 697us total 23.907ms
08-06 05:32:42.049  8766  9643 I art     : Starting a blocking GC Explicit
08-06 05:32:42.073  8766  9643 I art     : Explicit concurrent mark sweep GC freed 3(96B) AllocSpace objects, 0(0B) LOS objects, 31% free, 34MB/50MB, paused 705us total 23.874ms
08-06 05:32:42.082  8766  9643 I art     : Starting a blocking GC Explicit
08-06 05:32:42.107  8766  9643 I art     : Explicit concurrent mark sweep GC freed 3(96B) AllocSpace objects, 0(0B) LOS objects, 31% free, 34MB/50MB, paused 664us total 24.453ms
08-06 05:32:42.116  8766  9643 I art     : Starting a blocking GC Explicit
08-06 05:32:42.140  8766  9643 I art     : Explicit concurrent mark sweep GC freed 3(96B) AllocSpace objects, 0(0B) LOS objects, 31% free, 34MB/50MB, paused 639us total 23.881ms
08-06 05:32:42.461  8766  8777 I art     : Starting a blocking GC Explicit
08-06 05:32:42.487  8766  8777 I art     : Explicit concurrent mark sweep GC freed 1401(80KB) AllocSpace objects, 1(20KB) LOS objects, 31% free, 34MB/50MB, paused 755us total 25.830ms
08-06 05:32:42.496  8766  8777 I art     : Starting a blocking GC Explicit
08-06 05:32:42.520  8766  8777 I art     : Explicit concurrent mark sweep GC freed 20(704B) AllocSpace objects, 0(0B) LOS objects, 31% free, 34MB/50MB, paused 653us total 23.624ms
08-06 05:32:42.529  8766  8777 I art     : Starting a blocking GC Explicit
08-06 05:32:42.552  8766  8777 I art     : Explicit concurrent mark sweep GC freed 3(96B) AllocSpace objects, 0(0B) LOS objects, 31% free, 34MB/50MB, paused 659us total 23.004ms
08-06 05:32:42.561  8766  8777 I art     : Starting a blocking GC Explicit
08-06 05:32:42.585  8766  8777 I art     : Explicit concurrent mark sweep GC freed 3(96B) AllocSpace objects, 0(0B) LOS objects, 31% free, 34MB/50MB, paused 671us total 23.800ms
08-06 05:32:42.594  8766  8777 I art     : Starting a blocking GC Explicit
08-06 05:32:42.619  8766  8777 I art     : Explicit concurrent mark sweep GC freed 3(96B) AllocSpace objects, 0(0B) LOS objects, 31% free, 34MB/50MB, paused 726us total 24.712ms
08-06 05:32:42.948  8766  8836 I art     : Starting a blocking GC Explicit
08-06 05:32:42.972  8766  8836 I art     : Explicit concurrent mark sweep GC freed 1401(80KB) AllocSpace objects, 1(20KB) LOS objects, 31% free, 34MB/50MB, paused 674us total 24.257ms
08-06 05:32:42.981  8766  8836 I art     : Starting a blocking GC Explicit
08-06 05:32:43.005  8766  8836 I art     : Explicit concurrent mark sweep GC freed 20(704B) AllocSpace objects, 0(0B) LOS objects, 31% free, 34MB/50MB, paused 621us total 23.481ms
08-06 05:32:43.014  8766  8836 I art     : Starting a blocking GC Explicit
08-06 05:32:43.037  8766  8836 I art     : Explicit concurrent mark sweep GC freed 3(96B) AllocSpace objects, 0(0B) LOS objects, 31% free, 34MB/50MB, paused 731us total 23.093ms
08-06 05:32:43.046  8766  8836 I art     : Starting a blocking GC Explicit
08-06 05:32:43.069  8766  8836 I art     : Explicit concurrent mark sweep GC freed 3(96B) AllocSpace objects, 0(0B) LOS objects, 31% free, 34MB/50MB, paused 688us total 23.510ms
08-06 05:32:43.078  8766  8836 I art     : Starting a blocking GC Explicit
08-06 05:32:43.102  8766  8836 I art     : Explicit concurrent mark sweep GC freed 3(96B) AllocSpace objects, 0(0B) LOS objects, 31% free, 34MB/50MB, paused 672us total 23.827ms
08-06 05:32:43.453  8766  8778 I art     : Starting a blocking GC Explicit
08-06 05:32:43.479  8766  8778 I art     : Explicit concurrent mark sweep GC freed 1401(80KB) AllocSpace objects, 1(20KB) LOS objects, 31% free, 34MB/50MB, paused 710us total 26.414ms
08-06 05:32:43.492  8766  8778 I art     : Starting a blocking GC Explicit
08-06 05:32:43.514  8766  8778 I art     : Explicit concurrent mark sweep GC freed 20(704B) AllocSpace objects, 0(0B) LOS objects, 31% free, 34MB/50MB, paused 655us total 22.270ms
08-06 05:32:43.523  8766  8778 I art     : Starting a blocking GC Explicit
08-06 05:32:43.546  8766  8778 I art     : Explicit concurrent mark sweep GC freed 3(96B) AllocSpace objects, 0(0B) LOS objects, 31% free, 34MB/50MB, paused 683us total 23.072ms
08-06 05:32:43.555  8766  8778 I art     : Starting a blocking GC Explicit
08-06 05:32:43.579  8766  8778 I art     : Explicit concurrent mark sweep GC freed 3(96B) AllocSpace objects, 0(0B) LOS objects, 31% free, 34MB/50MB, paused 679us total 23.368ms
08-06 05:32:43.587  8766  8778 I art     : Starting a blocking GC Explicit
08-06 05:32:43.612  8766  8778 I art     : Explicit concurrent mark sweep GC freed 3(96B) AllocSpace objects, 0(0B) LOS objects, 31% free, 34MB/50MB, paused 702us total 24.253ms
08-06 05:32:43.975  8766  9643 I art     : Starting a blocking GC Explicit
08-06 05:32:44.002  8766  9643 I art     : Explicit concurrent mark sweep GC freed 1401(80KB) AllocSpace objects, 1(20KB) LOS objects, 31% free, 34MB/50MB, paused 650us total 27.064ms
08-06 05:32:44.011  8766  9643 I art     : Starting a blocking GC Explicit
08-06 05:32:44.035  8766  9643 I art     : Explicit concurrent mark sweep GC freed 20(704B) AllocSpace objects, 0(0B) LOS objects, 31% free, 34MB/50MB, paused 685us total 23.614ms
08-06 05:32:44.043  8766  9643 I art     : Starting a blocking GC Explicit
08-06 05:32:44.068  8766  9643 I art     : Explicit concurrent mark sweep GC freed 3(96B) AllocSpace objects, 0(0B) LOS objects, 31% free, 34MB/50MB, paused 723us total 23.956ms
08-06 05:32:44.077  8766  9643 I art     : Starting a blocking GC Explicit
08-06 05:32:44.100  8766  9643 I art     : Explicit concurrent mark sweep GC freed 3(96B) AllocSpace objects, 0(0B) LOS objects, 31% free, 34MB/50MB, paused 664us total 23.689ms
08-06 05:32:44.110  8766  9643 I art     : Starting a blocking GC Explicit
08-06 05:32:44.134  8766  9643 I art     : Explicit concurrent mark sweep GC freed 3(96B) AllocSpace objects, 0(0B) LOS objects, 31% free, 34MB/50MB, paused 692us total 23.995ms
08-06 05:32:44.457  8766  8777 I art     : Starting a blocking GC Explicit
08-06 05:32:44.483  8766  8777 I art     : Explicit concurrent mark sweep GC freed 1401(80KB) AllocSpace objects, 1(20KB) LOS objects, 31% free, 34MB/50MB, paused 700us total 24.691ms
08-06 05:32:44.494  8766  8777 I art     : Starting a blocking GC Explicit
08-06 05:32:44.517  8766  8777 I art     : Explicit concurrent mark sweep GC freed 20(704B) AllocSpace objects, 0(0B) LOS objects, 31% free, 34MB/50MB, paused 643us total 22.835ms
08-06 05:32:44.525  8766  8777 I art     : Starting a blocking GC Explicit
08-06 05:32:44.549  8766  8777 I art     : Explicit concurrent mark sweep GC freed 3(96B) AllocSpace objects, 0(0B) LOS objects, 31% free, 34MB/50MB, paused 677us total 23.790ms
08-06 05:32:44.558  8766  8777 I art     : Starting a blocking GC Explicit
08-06 05:32:44.582  8766  8777 I art     : Explicit concurrent mark sweep GC freed 3(96B) AllocSpace objects, 0(0B) LOS objects, 31% free, 34MB/50MB, paused 669us total 23.541ms
08-06 05:32:44.591  8766  8777 I art     : Starting a blocking GC Explicit
08-06 05:32:44.615  8766  8777 I art     : Explicit concurrent mark sweep GC freed 3(96B) AllocSpace objects, 0(0B) LOS objects, 31% free, 34MB/50MB, paused 684us total 23.893ms
08-06 05:32:44.912  8766  8836 I art     : Starting a blocking GC Explicit
08-06 05:32:44.936  8766  8836 I art     : Explicit concurrent mark sweep GC freed 1401(80KB) AllocSpace objects, 1(20KB) LOS objects, 31% free, 34MB/50MB, paused 691us total 23.394ms
08-06 05:32:44.945  8766  8836 I art     : Starting a blocking GC Explicit
08-06 05:32:44.969  8766  8836 I art     : Explicit concurrent mark sweep GC freed 20(704B) AllocSpace objects, 0(0B) LOS objects, 31% free, 34MB/50MB, paused 700us total 23.639ms
08-06 05:32:44.978  8766  8836 I art     : Starting a blocking GC Explicit
08-06 05:32:45.001  8766  8836 I art     : Explicit concurrent mark sweep GC freed 3(96B) AllocSpace objects, 0(0B) LOS objects, 31% free, 34MB/50MB, paused 708us total 22.830ms
08-06 05:32:45.009  8766  8836 I art     : Starting a blocking GC Explicit
08-06 05:32:45.033  8766  8836 I art     : Explicit concurrent mark sweep GC freed 3(96B) AllocSpace objects, 0(0B) LOS objects, 31% free, 34MB/50MB, paused 679us total 23.254ms
08-06 05:32:45.042  8766  8836 I art     : Starting a blocking GC Explicit
08-06 05:32:45.065  8766  8836 I art     : Explicit concurrent mark sweep GC freed 3(96B) AllocSpace objects, 0(0B) LOS objects, 31% free, 34MB/50MB, paused 685us total 23.399ms
08-06 05:32:45.150 10114 10114 D AndroidRuntime: >>>>>> START com.android.internal.os.RuntimeInit uid 2000 <<<<<<
08-06 05:32:45.155 10114 10114 D AndroidRuntime: CheckJNI is OFF
08-06 05:32:45.188 10114 10114 D ICU     : No timezone override file found: /data/misc/zoneinfo/current/icu/icu_tzdata.dat
08-06 05:32:45.220 10114 10114 I Radio-JNI: register_android_hardware_Radio DONE
08-06 05:32:45.242 10114 10114 D AndroidRuntime: Calling main entry com.android.commands.input.Input
08-06 05:32:45.244 10114 10114 I Input   : injectMotionEvent: MotionEvent { action=ACTION_DOWN, actionButton=0, id[0]=0, x[0]=436.0, y[0]=453.0, toolType[0]=TOOL_TYPE_UNKNOWN, buttonState=0, metaState=0, flags=0x0, edgeFlags=0x0, pointerCount=1, historySize=0, eventTime=855181657, downTime=855181657, deviceId=0, source=0x1002 }
08-06 05:32:45.249 10114 10114 I Input   : injectMotionEvent: MotionEvent { action=ACTION_UP, actionButton=0, id[0]=0, x[0]=436.0, y[0]=453.0, toolType[0]=TOOL_TYPE_UNKNOWN, buttonState=0, metaState=0, flags=0x0, edgeFlags=0x0, pointerCount=1, historySize=0, eventTime=855181657, downTime=855181657, deviceId=0, source=0x1002 }
08-06 05:32:45.251 10114 10114 D AndroidRuntime: Shutting down VM
08-06 05:32:45.265   512  2967 D audio_hw_primary: out_set_parameters: enter: usecase(1: low-latency-playback) kvpairs: routing=2
08-06 05:32:45.265   918  5132 I ActivityManager: START u0 {cmp=baseline.com.newsblur/.activity.GlobalSharedStoriesReading (has extras)} from uid 10698 on display 0
08-06 05:32:45.278   512  2967 D audio_hw_primary: select_devices: out_snd_device(2: speaker) in_snd_device(0: none)
08-06 05:32:45.278   512  2967 D msm8974_platform: platform_send_audio_calibration: sending audio calibration for snd_device(2) acdb_id(15)
08-06 05:32:45.278   512  2967 I soundtrigger: audio_extn_sound_trigger_update_device_status: device 0x2 of type 0 for Event 1
08-06 05:32:45.288   512  2967 D audio_hw_primary: enable_snd_device: snd_device(2: speaker)
08-06 05:32:45.290   512  2967 D audio_hw_primary: enable_audio_route: apply and update mixer path: low-latency-playback speaker
08-06 05:32:45.366  8766  8778 I art     : Starting a blocking GC Explicit
08-06 05:32:45.393  8766  8778 I art     : Explicit concurrent mark sweep GC freed 2811(209KB) AllocSpace objects, 6(580KB) LOS objects, 30% free, 35MB/51MB, paused 750us total 26.475ms
08-06 05:32:45.402  8766  8778 I art     : Starting a blocking GC Explicit
08-06 05:32:45.429  8766  8778 I art     : Explicit concurrent mark sweep GC freed 583(46KB) AllocSpace objects, 1(20KB) LOS objects, 30% free, 35MB/51MB, paused 787us total 26.587ms
08-06 05:32:45.440  8766  8778 I art     : Starting a blocking GC Explicit
08-06 05:32:45.463  8766  8778 I art     : Explicit concurrent mark sweep GC freed 297(30KB) AllocSpace objects, 1(20KB) LOS objects, 29% free, 37MB/53MB, paused 956us total 23.536ms
08-06 05:32:45.473  8766  8778 I art     : Starting a blocking GC Explicit
08-06 05:32:45.495   918   936 I ActivityManager: Displayed baseline.com.newsblur/.activity.GlobalSharedStoriesReading: +220ms
08-06 05:32:45.496 13866 13866 I GoogleInputMethodServic: GoogleInputMethodService.onFinishInput():3138 
08-06 05:32:45.496 13866 13866 I GoogleInputMethodServic: GoogleInputMethodService.onStartInput():1808 
08-06 05:32:45.497  8766  8778 I art     : Explicit concurrent mark sweep GC freed 384(16KB) AllocSpace objects, 0(0B) LOS objects, 29% free, 37MB/53MB, paused 635us total 23.830ms
08-06 05:32:45.505  8766  8778 I art     : Starting a blocking GC Explicit
08-06 05:32:45.516   918  6112 D ConnectivityService: listenForNetwork for Listen from uid/pid:10698/8766 for NetworkRequest [ id=3869, legacyType=-1, [ Capabilities: INTERNET&NOT_RESTRICTED&TRUSTED] ]
08-06 05:32:45.530  8766  8778 I art     : Explicit concurrent mark sweep GC freed 1102(57KB) AllocSpace objects, 0(0B) LOS objects, 29% free, 37MB/53MB, paused 977us total 24.567ms
08-06 05:32:45.530  8766  8776 I art     : WaitForGcToComplete blocked for 24.714ms for cause HeapTrim
08-06 05:32:45.781  8766  9349 E chromium: [ERROR:tile_manager.cc(793)] WARNING: tile memory limits exceeded, some content may not draw
08-06 05:32:45.782  8766  9349 E chromium: [ERROR:tile_manager.cc(793)] WARNING: tile memory limits exceeded, some content may not draw
08-06 05:32:45.797  8766  9349 E chromium: [ERROR:tile_manager.cc(793)] WARNING: tile memory limits exceeded, some content may not draw
08-06 05:32:45.797  8766  9349 E chromium: [ERROR:tile_manager.cc(793)] WARNING: tile memory limits exceeded, some content may not draw
08-06 05:32:45.805  8766  8777 I art     : Starting a blocking GC Explicit
08-06 05:32:45.829   512  2967 D audio_hw_primary: disable_audio_route: reset and update mixer path: low-latency-playback speaker
08-06 05:32:45.830  8766  8777 I art     : Explicit concurrent mark sweep GC freed 3692(339KB) AllocSpace objects, 9(172KB) LOS objects, 28% free, 39MB/55MB, paused 820us total 24.343ms
08-06 05:32:45.831   512  2967 D audio_hw_primary: disable_snd_device: snd_device(2: speaker)
08-06 05:32:45.838   512  2967 I soundtrigger: audio_extn_sound_trigger_update_device_status: device 0x2 of type 0 for Event 0
08-06 05:32:45.839  8766  8777 I art     : Starting a blocking GC Explicit
08-06 05:32:45.864  8766  8777 I art     : Explicit concurrent mark sweep GC freed 1446(95KB) AllocSpace objects, 1(20KB) LOS objects, 28% free, 39MB/55MB, paused 713us total 24.728ms
08-06 05:32:45.873  8766  8777 I art     : Starting a blocking GC Explicit
08-06 05:32:45.898  8766  8777 I art     : Explicit concurrent mark sweep GC freed 13(464B) AllocSpace objects, 0(0B) LOS objects, 28% free, 39MB/55MB, paused 815us total 24.645ms
08-06 05:32:45.908  8766  8777 I art     : Starting a blocking GC Explicit
08-06 05:32:45.911  8766  9349 E chromium: [ERROR:tile_manager.cc(793)] WARNING: tile memory limits exceeded, some content may not draw
08-06 05:32:45.915  8766  9349 E chromium: [ERROR:tile_manager.cc(793)] WARNING: tile memory limits exceeded, some content may not draw
08-06 05:32:45.918  8766  9349 E chromium: [ERROR:tile_manager.cc(793)] WARNING: tile memory limits exceeded, some content may not draw
08-06 05:32:45.920  8766  9349 E chromium: [ERROR:tile_manager.cc(793)] WARNING: tile memory limits exceeded, some content may not draw
08-06 05:32:45.933  8766  8777 I art     : Explicit concurrent mark sweep GC freed 29(800B) AllocSpace objects, 0(0B) LOS objects, 28% free, 39MB/55MB, paused 689us total 24.444ms
08-06 05:32:45.942  8766  8777 I art     : Starting a blocking GC Explicit
08-06 05:32:45.966  8766  8777 I art     : Explicit concurrent mark sweep GC freed 3(96B) AllocSpace objects, 0(0B) LOS objects, 28% free, 39MB/55MB, paused 798us total 23.352ms
08-06 05:32:46.293  8766  8778 I art     : Starting a blocking GC Explicit
08-06 05:32:46.321  8766  8778 I art     : Explicit concurrent mark sweep GC freed 1403(81KB) AllocSpace objects, 1(20KB) LOS objects, 28% free, 39MB/55MB, paused 733us total 27.979ms
08-06 05:32:46.330  8766  8778 I art     : Starting a blocking GC Explicit
08-06 05:32:46.358  8766  8778 I art     : Explicit concurrent mark sweep GC freed 20(704B) AllocSpace objects, 0(0B) LOS objects, 28% free, 39MB/55MB, paused 744us total 27.153ms
08-06 05:32:46.367  8766  8778 I art     : Starting a blocking GC Explicit
08-06 05:32:46.393  8766  8778 I art     : Explicit concurrent mark sweep GC freed 3(96B) AllocSpace objects, 0(0B) LOS objects, 28% free, 39MB/55MB, paused 715us total 25.850ms
08-06 05:32:46.402  8766  8778 I art     : Starting a blocking GC Explicit
08-06 05:32:46.429  8766  8778 I art     : Explicit concurrent mark sweep GC freed 3(96B) AllocSpace objects, 0(0B) LOS objects, 28% free, 39MB/55MB, paused 710us total 26.678ms
08-06 05:32:46.439  8766  8778 I art     : Starting a blocking GC Explicit
08-06 05:32:46.465  8766  8778 I art     : Explicit concurrent mark sweep GC freed 3(96B) AllocSpace objects, 0(0B) LOS objects, 28% free, 39MB/55MB, paused 753us total 26.537ms
08-06 05:32:46.766  8766  9349 E chromium: [ERROR:tile_manager.cc(793)] WARNING: tile memory limits exceeded, some content may not draw
08-06 05:32:46.772  8766  9349 E chromium: [ERROR:tile_manager.cc(793)] WARNING: tile memory limits exceeded, some content may not draw
08-06 05:32:46.787  8766  8836 I art     : Starting a blocking GC Explicit
08-06 05:32:46.814  8766  8836 I art     : Explicit concurrent mark sweep GC freed 1414(81KB) AllocSpace objects, 1(20KB) LOS objects, 28% free, 39MB/55MB, paused 642us total 27.016ms
08-06 05:32:46.823  8766  8836 I art     : Starting a blocking GC Explicit
08-06 05:32:46.849  8766  8836 I art     : Explicit concurrent mark sweep GC freed 29(992B) AllocSpace objects, 0(0B) LOS objects, 28% free, 39MB/55MB, paused 739us total 26.111ms
08-06 05:32:46.858  8766  8836 I art     : Starting a blocking GC Explicit
08-06 05:32:46.884  8766  8836 I art     : Explicit concurrent mark sweep GC freed 11(352B) AllocSpace objects, 0(0B) LOS objects, 28% free, 39MB/55MB, paused 770us total 25.900ms
08-06 05:32:46.893  8766  8836 I art     : Starting a blocking GC Explicit
08-06 05:32:46.919  8766  8836 I art     : Explicit concurrent mark sweep GC freed 14(448B) AllocSpace objects, 0(0B) LOS objects, 28% free, 39MB/55MB, paused 635us total 25.767ms
08-06 05:32:46.930  8766  8836 I art     : Starting a blocking GC Explicit
08-06 05:32:46.959  8766  8836 I art     : Explicit concurrent mark sweep GC freed 11(352B) AllocSpace objects, 0(0B) LOS objects, 28% free, 39MB/55MB, paused 654us total 28.296ms
08-06 05:32:47.289  8766  9643 I art     : Starting a blocking GC Explicit
08-06 05:32:47.319  8766  9643 I art     : Explicit concurrent mark sweep GC freed 1415(81KB) AllocSpace objects, 1(20KB) LOS objects, 28% free, 39MB/55MB, paused 727us total 29.513ms
08-06 05:32:47.331  8766  9643 I art     : Starting a blocking GC Explicit
08-06 05:32:47.356  8766  9643 I art     : Explicit concurrent mark sweep GC freed 20(704B) AllocSpace objects, 0(0B) LOS objects, 28% free, 39MB/55MB, paused 698us total 25.730ms
08-06 05:32:47.365  8766  9643 I art     : Starting a blocking GC Explicit
08-06 05:32:47.391  8766  9643 I art     : Explicit concurrent mark sweep GC freed 3(96B) AllocSpace objects, 0(0B) LOS objects, 28% free, 39MB/55MB, paused 683us total 25.721ms
08-06 05:32:47.400  8766  9643 I art     : Starting a blocking GC Explicit
08-06 05:32:47.426  8766  9643 I art     : Explicit concurrent mark sweep GC freed 3(96B) AllocSpace objects, 0(0B) LOS objects, 28% free, 39MB/55MB, paused 713us total 25.105ms
08-06 05:32:47.435  8766  9643 I art     : Starting a blocking GC Explicit
08-06 05:32:47.460  8766  9643 I art     : Explicit concurrent mark sweep GC freed 3(96B) AllocSpace objects, 0(0B) LOS objects, 28% free, 39MB/55MB, paused 682us total 25.298ms
08-06 05:32:47.812  8766  8836 I art     : Starting a blocking GC Explicit
08-06 05:32:47.842  8766  8836 I art     : Explicit concurrent mark sweep GC freed 1403(81KB) AllocSpace objects, 1(20KB) LOS objects, 28% free, 39MB/55MB, paused 741us total 29.159ms
08-06 05:32:47.854  8766  8836 I art     : Starting a blocking GC Explicit
08-06 05:32:47.880  8766  8836 I art     : Explicit concurrent mark sweep GC freed 20(704B) AllocSpace objects, 0(0B) LOS objects, 28% free, 39MB/55MB, paused 724us total 25.645ms
08-06 05:32:47.889  8766  8836 I art     : Starting a blocking GC Explicit
08-06 05:32:47.914  8766  8836 I art     : Explicit concurrent mark sweep GC freed 3(96B) AllocSpace objects, 0(0B) LOS objects, 28% free, 39MB/55MB, paused 718us total 24.904ms
08-06 05:32:47.923  8766  8836 I art     : Starting a blocking GC Explicit
08-06 05:32:47.950  8766  8836 I art     : Explicit concurrent mark sweep GC freed 3(96B) AllocSpace objects, 0(0B) LOS objects, 28% free, 39MB/55MB, paused 680us total 26.134ms
08-06 05:32:47.959  8766  8836 I art     : Starting a blocking GC Explicit
08-06 05:32:47.985  8766  8836 I art     : Explicit concurrent mark sweep GC freed 3(96B) AllocSpace objects, 0(0B) LOS objects, 28% free, 39MB/55MB, paused 719us total 26.093ms
08-06 05:32:48.333  8766  8778 I art     : Starting a blocking GC Explicit
08-06 05:32:48.361  8766  8778 I art     : Explicit concurrent mark sweep GC freed 1402(80KB) AllocSpace objects, 1(20KB) LOS objects, 28% free, 39MB/55MB, paused 732us total 28.560ms
08-06 05:32:48.373  8766  8778 I art     : Starting a blocking GC Explicit
08-06 05:32:48.399  8766  8778 I art     : Explicit concurrent mark sweep GC freed 20(704B) AllocSpace objects, 0(0B) LOS objects, 28% free, 39MB/55MB, paused 701us total 25.050ms
08-06 05:32:48.408  8766  8778 I art     : Starting a blocking GC Explicit
08-06 05:32:48.434  8766  8778 I art     : Explicit concurrent mark sweep GC freed 3(96B) AllocSpace objects, 0(0B) LOS objects, 28% free, 39MB/55MB, paused 770us total 25.580ms
08-06 05:32:48.443  8766  8778 I art     : Starting a blocking GC Explicit
08-06 05:32:48.469  8766  8778 I art     : Explicit concurrent mark sweep GC freed 3(96B) AllocSpace objects, 0(0B) LOS objects, 28% free, 39MB/55MB, paused 781us total 25.916ms
08-06 05:32:48.478  8766  8778 I art     : Starting a blocking GC Explicit
08-06 05:32:48.504  8766  8778 I art     : Explicit concurrent mark sweep GC freed 3(96B) AllocSpace objects, 0(0B) LOS objects, 28% free, 39MB/55MB, paused 677us total 25.621ms
08-06 05:32:48.857  8766  8777 I art     : Starting a blocking GC Explicit
08-06 05:32:48.886  8766  8777 I art     : Explicit concurrent mark sweep GC freed 1404(81KB) AllocSpace objects, 1(20KB) LOS objects, 28% free, 39MB/55MB, paused 1.024ms total 28.799ms
08-06 05:32:48.898  8766  8777 I art     : Starting a blocking GC Explicit
08-06 05:32:48.921   918  3188 I hubconnection: sensorhub said: 'set_bias 3: -5.8944, 0.0000, 0.0000'
08-06 05:32:48.923  8766  8777 I art     : Explicit concurrent mark sweep GC freed 20(704B) AllocSpace objects, 0(0B) LOS objects, 28% free, 39MB/55MB, paused 737us total 25.356ms
08-06 05:32:48.932  8766  8777 I art     : Starting a blocking GC Explicit
08-06 05:32:48.958  8766  8777 I art     : Explicit concurrent mark sweep GC freed 3(96B) AllocSpace objects, 0(0B) LOS objects, 28% free, 39MB/55MB, paused 718us total 25.610ms
08-06 05:32:48.967  8766  8777 I art     : Starting a blocking GC Explicit
08-06 05:32:48.994  8766  8777 I art     : Explicit concurrent mark sweep GC freed 3(96B) AllocSpace objects, 0(0B) LOS objects, 28% free, 39MB/55MB, paused 726us total 26.247ms
08-06 05:32:49.003  8766  8777 I art     : Starting a blocking GC Explicit
08-06 05:32:49.029  8766  8777 I art     : Explicit concurrent mark sweep GC freed 3(96B) AllocSpace objects, 0(0B) LOS objects, 28% free, 39MB/55MB, paused 713us total 25.745ms
08-06 05:32:49.378  8766  9643 I art     : Starting a blocking GC Explicit
08-06 05:32:49.405  8766  9643 I art     : Explicit concurrent mark sweep GC freed 1403(81KB) AllocSpace objects, 1(20KB) LOS objects, 28% free, 39MB/55MB, paused 718us total 26.546ms
08-06 05:32:49.414  8766  9643 I art     : Starting a blocking GC Explicit
08-06 05:32:49.440  8766  9643 I art     : Explicit concurrent mark sweep GC freed 20(704B) AllocSpace objects, 0(0B) LOS objects, 28% free, 39MB/55MB, paused 759us total 26.102ms
08-06 05:32:49.450  8766  9643 I art     : Starting a blocking GC Explicit
08-06 05:32:49.475  8766  9643 I art     : Explicit concurrent mark sweep GC freed 3(96B) AllocSpace objects, 0(0B) LOS objects, 28% free, 39MB/55MB, paused 676us total 24.931ms
08-06 05:32:49.484  8766  9643 I art     : Starting a blocking GC Explicit
08-06 05:32:49.509  8766  9643 I art     : Explicit concurrent mark sweep GC freed 3(96B) AllocSpace objects, 0(0B) LOS objects, 28% free, 39MB/55MB, paused 699us total 24.332ms
08-06 05:32:49.518  8766  9643 I art     : Starting a blocking GC Explicit
08-06 05:32:49.543  8766  9643 I art     : Explicit concurrent mark sweep GC freed 3(96B) AllocSpace objects, 0(0B) LOS objects, 28% free, 39MB/55MB, paused 805us total 25.115ms
08-06 05:32:49.871  8766  8836 I art     : Starting a blocking GC Explicit
08-06 05:32:49.898  8766  8836 I art     : Explicit concurrent mark sweep GC freed 1401(80KB) AllocSpace objects, 1(20KB) LOS objects, 28% free, 39MB/55MB, paused 772us total 26.701ms
08-06 05:32:49.908  8766  8836 I art     : Starting a blocking GC Explicit
08-06 05:32:49.912 10231 10231 D AndroidRuntime: >>>>>> START com.android.internal.os.RuntimeInit uid 2000 <<<<<<
08-06 05:32:49.921 10231 10231 D AndroidRuntime: CheckJNI is OFF
08-06 05:32:49.938  8766  8836 I art     : Explicit concurrent mark sweep GC freed 20(704B) AllocSpace objects, 0(0B) LOS objects, 28% free, 39MB/55MB, paused 785us total 29.932ms
08-06 05:32:49.948  8766  8836 I art     : Starting a blocking GC Explicit
08-06 05:32:49.959 10231 10231 D ICU     : No timezone override file found: /data/misc/zoneinfo/current/icu/icu_tzdata.dat
08-06 05:32:49.974  8766  8836 I art     : Explicit concurrent mark sweep GC freed 3(96B) AllocSpace objects, 0(0B) LOS objects, 28% free, 39MB/55MB, paused 785us total 25.788ms
08-06 05:32:49.983  8766  8836 I art     : Starting a blocking GC Explicit
08-06 05:32:49.994 10231 10231 I Radio-JNI: register_android_hardware_Radio DONE
08-06 05:32:50.007  8766  8836 I art     : Explicit concurrent mark sweep GC freed 3(96B) AllocSpace objects, 0(0B) LOS objects, 28% free, 39MB/55MB, paused 839us total 23.791ms
08-06 05:32:50.015 10231 10231 D AndroidRuntime: Calling main entry com.android.commands.input.Input
08-06 05:32:50.015  8766  8836 I art     : Starting a blocking GC Explicit
08-06 05:32:50.016 10231 10231 I Input   : injectKeyEvent: KeyEvent { action=ACTION_DOWN, keyCode=KEYCODE_BACK, scanCode=0, metaState=0, flags=0x0, repeatCount=0, eventTime=855186429, downTime=855186429, deviceId=-1, source=0x101 }
08-06 05:32:50.021 10231 10231 I Input   : injectKeyEvent: KeyEvent { action=ACTION_UP, keyCode=KEYCODE_BACK, scanCode=0, metaState=0, flags=0x0, repeatCount=0, eventTime=855186429, downTime=855186429, deviceId=-1, source=0x101 }
08-06 05:32:50.027 10231 10231 D AndroidRuntime: Shutting down VM
08-06 05:32:50.040  8766  8836 I art     : Explicit concurrent mark sweep GC freed 239(40KB) AllocSpace objects, 2(40KB) LOS objects, 28% free, 39MB/55MB, paused 736us total 24.096ms
08-06 05:32:50.157 13866 13866 I GoogleInputMethodServic: GoogleInputMethodService.onFinishInput():3138 
08-06 05:32:50.158 13866 13866 I GoogleInputMethodServic: GoogleInputMethodService.onStartInput():1808 
08-06 05:32:50.312  8766  9643 I art     : Starting a blocking GC Explicit
08-06 05:32:50.342  8766  9643 I art     : Explicit concurrent mark sweep GC freed 3638(262KB) AllocSpace objects, 4(88KB) LOS objects, 28% free, 39MB/55MB, paused 835us total 29.917ms
08-06 05:32:50.353  8766  9643 I art     : Starting a blocking GC Explicit
08-06 05:32:50.383  8766  9643 I art     : Explicit concurrent mark sweep GC freed 138(7KB) AllocSpace objects, 0(0B) LOS objects, 28% free, 39MB/55MB, paused 715us total 29.795ms
08-06 05:32:50.395  8766  9643 I art     : Starting a blocking GC Explicit
08-06 05:32:50.426  8766  9643 I art     : Explicit concurrent mark sweep GC freed 3(96B) AllocSpace objects, 0(0B) LOS objects, 28% free, 39MB/55MB, paused 853us total 31.266ms
08-06 05:32:50.436  8766  9643 I art     : Starting a blocking GC Explicit
08-06 05:32:50.465  8766  9643 I art     : Explicit concurrent mark sweep GC freed 3(96B) AllocSpace objects, 0(0B) LOS objects, 28% free, 39MB/55MB, paused 732us total 28.401ms
08-06 05:32:50.479  8766  9643 I art     : Starting a blocking GC Explicit
08-06 05:32:50.504  8766  9643 I art     : Explicit concurrent mark sweep GC freed 1229(58KB) AllocSpace objects, 0(0B) LOS objects, 28% free, 39MB/55MB, paused 706us total 25.062ms
08-06 05:32:50.822  8766  9643 I art     : Starting a blocking GC Explicit
08-06 05:32:50.855  8766  9643 I art     : Explicit concurrent mark sweep GC freed 1560(88KB) AllocSpace objects, 1(20KB) LOS objects, 28% free, 39MB/55MB, paused 842us total 33.060ms
08-06 05:32:50.855  8766  8776 I art     : WaitForGcToComplete blocked for 25.520ms for cause HeapTrim
08-06 05:32:50.867  8766  9643 I art     : Starting a blocking GC Explicit
08-06 05:32:50.873   918  3263 D ConnectivityService: releasing NetworkRequest NetworkRequest [ id=3869, legacyType=-1, [ Capabilities: INTERNET&NOT_RESTRICTED&TRUSTED] ]
08-06 05:32:50.894  8766  9643 I art     : Explicit concurrent mark sweep GC freed 5857(447KB) AllocSpace objects, 12(4MB) LOS objects, 31% free, 34MB/50MB, paused 871us total 27.471ms
08-06 05:32:50.903  8766  9643 I art     : Starting a blocking GC Explicit
08-06 05:32:50.925  8766  9643 I art     : Explicit concurrent mark sweep GC freed 33(1472B) AllocSpace objects, 0(0B) LOS objects, 31% free, 34MB/50MB, paused 668us total 21.941ms
08-06 05:32:50.933  8766  9643 I art     : Starting a blocking GC Explicit
08-06 05:32:50.955  8766  9643 I art     : Explicit concurrent mark sweep GC freed 7(224B) AllocSpace objects, 0(0B) LOS objects, 31% free, 34MB/50MB, paused 652us total 21.445ms
08-06 05:32:50.964  8766  9643 I art     : Starting a blocking GC Explicit
08-06 05:32:50.986  8766  9643 I art     : Explicit concurrent mark sweep GC freed 7(224B) AllocSpace objects, 0(0B) LOS objects, 31% free, 34MB/50MB, paused 741us total 22.682ms
08-06 05:32:51.313  8766  8836 I art     : Starting a blocking GC Explicit
08-06 05:32:51.342  8766  8836 I art     : Explicit concurrent mark sweep GC freed 1443(82KB) AllocSpace objects, 1(20KB) LOS objects, 31% free, 34MB/50MB, paused 1.983ms total 28.322ms
08-06 05:32:51.352  8766  8836 I art     : Starting a blocking GC Explicit
08-06 05:32:51.377  8766  8836 I art     : Explicit concurrent mark sweep GC freed 25(864B) AllocSpace objects, 0(0B) LOS objects, 31% free, 34MB/50MB, paused 818us total 23.987ms
08-06 05:32:51.385  8766  8836 I art     : Starting a blocking GC Explicit
08-06 05:32:51.408  8766  8836 I art     : Explicit concurrent mark sweep GC freed 7(224B) AllocSpace objects, 0(0B) LOS objects, 31% free, 34MB/50MB, paused 930us total 23.125ms
08-06 05:32:51.417  8766  8836 I art     : Starting a blocking GC Explicit
08-06 05:32:51.440  8766  8836 I art     : Explicit concurrent mark sweep GC freed 6(192B) AllocSpace objects, 0(0B) LOS objects, 31% free, 34MB/50MB, paused 780us total 22.277ms
08-06 05:32:51.449  8766  8836 I art     : Starting a blocking GC Explicit
08-06 05:32:51.472  8766  8836 I art     : Explicit concurrent mark sweep GC freed 7(224B) AllocSpace objects, 0(0B) LOS objects, 31% free, 34MB/50MB, paused 722us total 22.898ms
08-06 05:32:51.528   518   646 I ThermalEngine: ACTION: GPU - Setting GPU[0] to 450000000
08-06 05:32:51.723 10284 10284 D AndroidRuntime: >>>>>> START com.android.internal.os.RuntimeInit uid 2000 <<<<<<
08-06 05:32:51.729 10284 10284 D AndroidRuntime: CheckJNI is OFF
08-06 05:32:51.773 10284 10284 D ICU     : No timezone override file found: /data/misc/zoneinfo/current/icu/icu_tzdata.dat
08-06 05:32:51.803  8766  8777 I art     : Starting a blocking GC Explicit
08-06 05:32:51.815 10284 10284 I Radio-JNI: register_android_hardware_Radio DONE
08-06 05:32:51.835  8766  8777 I art     : Explicit concurrent mark sweep GC freed 1416(81KB) AllocSpace objects, 1(20KB) LOS objects, 31% free, 34MB/50MB, paused 1ms total 32.018ms
08-06 05:32:51.846 10284 10284 D AndroidRuntime: Calling main entry com.android.commands.input.Input
08-06 05:32:51.847  8766  8777 I art     : Starting a blocking GC Explicit
08-06 05:32:51.848 10284 10284 I Input   : injectKeyEvent: KeyEvent { action=ACTION_DOWN, keyCode=KEYCODE_BACK, scanCode=0, metaState=0, flags=0x0, repeatCount=0, eventTime=855188260, downTime=855188260, deviceId=-1, source=0x101 }
08-06 05:32:51.855 10284 10284 I Input   : injectKeyEvent: KeyEvent { action=ACTION_UP, keyCode=KEYCODE_BACK, scanCode=0, metaState=0, flags=0x0, repeatCount=0, eventTime=855188260, downTime=855188260, deviceId=-1, source=0x101 }
08-06 05:32:51.863 10284 10284 D AndroidRuntime: Shutting down VM
08-06 05:32:51.876  8766  8777 I art     : Explicit concurrent mark sweep GC freed 330(40KB) AllocSpace objects, 3(60KB) LOS objects, 31% free, 34MB/50MB, paused 1.174ms total 29.555ms
08-06 05:32:51.888  8766  8777 I art     : Starting a blocking GC Explicit
08-06 05:32:51.916  8766  8777 I art     : Explicit concurrent mark sweep GC freed 72(27KB) AllocSpace objects, 1(20KB) LOS objects, 31% free, 34MB/50MB, paused 918us total 28.266ms
08-06 05:32:51.927  8766  8777 I art     : Starting a blocking GC Explicit
08-06 05:32:51.955  8766  8777 I art     : Explicit concurrent mark sweep GC freed 17(672B) AllocSpace objects, 0(0B) LOS objects, 31% free, 34MB/50MB, paused 968us total 28.362ms
08-06 05:32:51.967  8766  8777 I art     : Starting a blocking GC Explicit
08-06 05:32:51.997  8766  8777 I art     : Explicit concurrent mark sweep GC freed 1896(126KB) AllocSpace objects, 3(60KB) LOS objects, 31% free, 34MB/50MB, paused 1.395ms total 30.583ms
08-06 05:32:52.066 13866 13866 I GoogleInputMethodServic: GoogleInputMethodService.onFinishInput():3138 
08-06 05:32:52.067 13866 13866 I GoogleInputMethodServic: GoogleInputMethodService.onStartInput():1808 
08-06 05:32:52.325  8766  8777 I art     : Starting a blocking GC Explicit
08-06 05:32:52.367  8766  8777 I art     : Explicit concurrent mark sweep GC freed 12863(946KB) AllocSpace objects, 22(440KB) LOS objects, 31% free, 34MB/50MB, paused 875us total 41.668ms
08-06 05:32:52.378  8766  8777 I art     : Starting a blocking GC Explicit
08-06 05:32:52.405  8766  8777 I art     : Explicit concurrent mark sweep GC freed 708(26KB) AllocSpace objects, 0(0B) LOS objects, 31% free, 34MB/50MB, paused 921us total 26.810ms
08-06 05:32:52.417  8766  8777 I art     : Starting a blocking GC Explicit
08-06 05:32:52.445  8766  8777 I art     : Explicit concurrent mark sweep GC freed 451(20KB) AllocSpace objects, 0(0B) LOS objects, 31% free, 34MB/50MB, paused 901us total 28.072ms
08-06 05:32:52.456  8766  8777 I art     : Starting a blocking GC Explicit
08-06 05:32:52.483  8766  8777 I art     : Explicit concurrent mark sweep GC freed 5562(415KB) AllocSpace objects, 2(1188KB) LOS objects, 32% free, 32MB/48MB, paused 966us total 27.254ms
08-06 05:32:52.495  8766  8777 I art     : Starting a blocking GC Explicit
08-06 05:32:52.522  8766  8777 I art     : Explicit concurrent mark sweep GC freed 9(288B) AllocSpace objects, 0(0B) LOS objects, 32% free, 32MB/48MB, paused 912us total 26.614ms
08-06 05:32:52.868  8766  8778 I art     : Starting a blocking GC Explicit
08-06 05:32:52.898  8766  8778 I art     : Explicit concurrent mark sweep GC freed 1445(82KB) AllocSpace objects, 1(20KB) LOS objects, 32% free, 32MB/48MB, paused 1.111ms total 29.786ms
08-06 05:32:52.910  8766  8778 I art     : Starting a blocking GC Explicit
08-06 05:32:52.940  8766  8778 I art     : Explicit concurrent mark sweep GC freed 25(864B) AllocSpace objects, 0(0B) LOS objects, 32% free, 32MB/48MB, paused 1.411ms total 29.744ms
08-06 05:32:52.951  8766  8778 I art     : Starting a blocking GC Explicit
08-06 05:32:52.979  8766  8778 I art     : Explicit concurrent mark sweep GC freed 8(256B) AllocSpace objects, 0(0B) LOS objects, 32% free, 32MB/48MB, paused 995us total 27.948ms
08-06 05:32:52.991  8766  8778 I art     : Starting a blocking GC Explicit
08-06 05:32:53.018  8766  8778 I art     : Explicit concurrent mark sweep GC freed 7(224B) AllocSpace objects, 0(0B) LOS objects, 32% free, 32MB/48MB, paused 966us total 27.007ms
08-06 05:32:53.030  8766  8778 I art     : Starting a blocking GC Explicit
08-06 05:32:53.058  8766  8778 I art     : Explicit concurrent mark sweep GC freed 9(288B) AllocSpace objects, 0(0B) LOS objects, 32% free, 32MB/48MB, paused 1.020ms total 27.496ms
08-06 05:32:53.387  8766  8836 I art     : Starting a blocking GC Explicit
08-06 05:32:53.418  8766  8836 I art     : Explicit concurrent mark sweep GC freed 1440(82KB) AllocSpace objects, 1(20KB) LOS objects, 32% free, 32MB/48MB, paused 1.051ms total 30.344ms
08-06 05:32:53.429  8766  8836 I art     : Starting a blocking GC Explicit
08-06 05:32:53.458  8766  8836 I art     : Explicit concurrent mark sweep GC freed 26(896B) AllocSpace objects, 0(0B) LOS objects, 32% free, 32MB/48MB, paused 922us total 28.413ms
08-06 05:32:53.469  8766  8836 I art     : Starting a blocking GC Explicit
08-06 05:32:53.498  8766  8836 I art     : Explicit concurrent mark sweep GC freed 4(128B) AllocSpace objects, 0(0B) LOS objects, 32% free, 32MB/48MB, paused 1.028ms total 28.243ms
08-06 05:32:53.509  8766  8836 I art     : Starting a blocking GC Explicit
08-06 05:32:53.537  8766  8836 I art     : Explicit concurrent mark sweep GC freed 3(96B) AllocSpace objects, 0(0B) LOS objects, 32% free, 32MB/48MB, paused 951us total 27.419ms
08-06 05:32:53.548  8766  8836 I art     : Starting a blocking GC Explicit
08-06 05:32:53.576  8766  8836 I art     : Explicit concurrent mark sweep GC freed 3(96B) AllocSpace objects, 0(0B) LOS objects, 32% free, 32MB/48MB, paused 981us total 28.075ms
08-06 05:32:53.642 10332 10332 D AndroidRuntime: >>>>>> START com.android.internal.os.RuntimeInit uid 2000 <<<<<<
08-06 05:32:53.649 10332 10332 D AndroidRuntime: CheckJNI is OFF
08-06 05:32:53.699 10332 10332 D ICU     : No timezone override file found: /data/misc/zoneinfo/current/icu/icu_tzdata.dat
08-06 05:32:53.747 10332 10332 I Radio-JNI: register_android_hardware_Radio DONE
08-06 05:32:53.776 10332 10332 D AndroidRuntime: Calling main entry com.android.commands.input.Input
08-06 05:32:53.778 10332 10332 I Input   : injectMotionEvent: MotionEvent { action=ACTION_DOWN, actionButton=0, id[0]=0, x[0]=553.0, y[0]=442.0, toolType[0]=TOOL_TYPE_UNKNOWN, buttonState=0, metaState=0, flags=0x0, edgeFlags=0x0, pointerCount=1, historySize=0, eventTime=855190191, downTime=855190191, deviceId=0, source=0x1002 }
08-06 05:32:53.783 10332 10332 I Input   : injectMotionEvent: MotionEvent { action=ACTION_UP, actionButton=0, id[0]=0, x[0]=553.0, y[0]=442.0, toolType[0]=TOOL_TYPE_UNKNOWN, buttonState=0, metaState=0, flags=0x0, edgeFlags=0x0, pointerCount=1, historySize=0, eventTime=855190191, downTime=855190191, deviceId=0, source=0x1002 }
08-06 05:32:53.785 10332 10332 D AndroidRuntime: Shutting down VM
08-06 05:32:53.836  8745  8745 I ServiceManager: Waiting for service AtCmdFwd...
08-06 05:32:53.853   918  6112 I ActivityManager: START u0 {cmp=baseline.com.newsblur/.activity.AllSharedStoriesItemsList (has extras)} from uid 10698 on display 0
08-06 05:32:53.875  8766  9341 I baseline.com.newsblur.database.BlurDatabaseHelper: reading session reset
08-06 05:32:53.920  8766  9643 I art     : Starting a blocking GC Explicit
08-06 05:32:53.950  8766  9643 I art     : Explicit concurrent mark sweep GC freed 3528(293KB) AllocSpace objects, 7(264KB) LOS objects, 32% free, 33MB/49MB, paused 976us total 28.931ms
08-06 05:32:53.960  8766  9643 I art     : Starting a blocking GC Explicit
08-06 05:32:53.989  8766  9643 I art     : Explicit concurrent mark sweep GC freed 207(10KB) AllocSpace objects, 0(0B) LOS objects, 32% free, 33MB/49MB, paused 944us total 28.021ms
08-06 05:32:54.000  8766  9643 I art     : Starting a blocking GC Explicit
08-06 05:32:54.029  8766  9643 I art     : Explicit concurrent mark sweep GC freed 576(44KB) AllocSpace objects, 1(20KB) LOS objects, 32% free, 33MB/49MB, paused 1.074ms total 28.876ms
08-06 05:32:54.040  8766  9643 I art     : Starting a blocking GC Explicit
08-06 05:32:54.068  8766  9643 I art     : Explicit concurrent mark sweep GC freed 79(3KB) AllocSpace objects, 0(0B) LOS objects, 32% free, 33MB/49MB, paused 1.365ms total 27.521ms
08-06 05:32:54.078  8766  8766 W View    : requestLayout() improperly called by android.widget.FrameLayout{6ed271a V.E...... ......ID 0,0-1440,0 #7f07003f app:id/footer_view_inner} during layout: running second layout pass
08-06 05:32:54.078  8766  8766 W View    : requestLayout() improperly called by android.widget.FrameLayout{cffc24b V.E...... ......ID 0,0-1440,2091 #7f07003f app:id/footer_view_inner} during layout: running second layout pass
08-06 05:32:54.079  8766  9643 I art     : Starting a blocking GC Explicit
08-06 05:32:54.099   918   936 I ActivityManager: Displayed baseline.com.newsblur/.activity.AllSharedStoriesItemsList: +236ms
08-06 05:32:54.100 13866 13866 I GoogleInputMethodServic: GoogleInputMethodService.onFinishInput():3138 
08-06 05:32:54.100 13866 13866 I GoogleInputMethodServic: GoogleInputMethodService.onStartInput():1808 
08-06 05:32:54.109  8766  9643 I art     : Explicit concurrent mark sweep GC freed 1513(114KB) AllocSpace objects, 4(80KB) LOS objects, 32% free, 33MB/49MB, paused 1.469ms total 30.131ms
08-06 05:32:54.260  8766  9813 I NAPPA_EXPERIMENTATION: MetricNetworkRequestExecutionTime: REQUEST_DURATION_SYSTEM='126',REQUEST_DURATION_OKHTTP='125',REQUEST_SYNCHRONOUS='TRUE',RESPONSE_CODE='200',RESPONSE_METHOD='GET',RESPONSE_LENGTH_OKHTTP='43',RESPONSE_LENGTH_HEADER='43',REQUEST_PROTOCOL='http/1.1',REQUEST_URL='http://feeds.feedburner.com/~r/retort/~4/UffaFMiJbNs',
08-06 05:32:54.297  8766  9042 I NAPPA_EXPERIMENTATION: MetricNetworkRequestExecutionTime: REQUEST_DURATION_SYSTEM='143',REQUEST_DURATION_OKHTTP='142',REQUEST_SYNCHRONOUS='TRUE',RESPONSE_CODE='200',RESPONSE_METHOD='GET',RESPONSE_LENGTH_OKHTTP='29813',RESPONSE_LENGTH_HEADER='29813',REQUEST_PROTOCOL='http/1.1',REQUEST_URL='https://s3.amazonaws.com/icons.newsblur.com/850543.png',
08-06 05:32:54.421  8766  8836 I art     : Starting a blocking GC Explicit
08-06 05:32:54.457  8766  8836 I art     : Explicit concurrent mark sweep GC freed 6452(407KB) AllocSpace objects, 13(260KB) LOS objects, 31% free, 34MB/50MB, paused 1.219ms total 34.498ms
08-06 05:32:54.469  8766  8836 I art     : Starting a blocking GC Explicit
08-06 05:32:54.500  8766  8836 I art     : Explicit concurrent mark sweep GC freed 336(13KB) AllocSpace objects, 0(0B) LOS objects, 31% free, 34MB/50MB, paused 1.167ms total 30.614ms
08-06 05:32:54.511  8766  8836 I art     : Starting a blocking GC Explicit
08-06 05:32:54.542  8766  8836 I art     : Explicit concurrent mark sweep GC freed 150(6KB) AllocSpace objects, 0(0B) LOS objects, 31% free, 34MB/50MB, paused 1.038ms total 30.081ms
08-06 05:32:54.553  8766  8836 I art     : Starting a blocking GC Explicit
08-06 05:32:54.556  8766  9033 I NAPPA_EXPERIMENTATION: MetricNetworkRequestExecutionTime: REQUEST_DURATION_SYSTEM='383',REQUEST_DURATION_OKHTTP='147',REQUEST_SYNCHRONOUS='TRUE',RESPONSE_CODE='200',RESPONSE_METHOD='GET',RESPONSE_LENGTH_OKHTTP='117046',RESPONSE_LENGTH_HEADER='117046',REQUEST_PROTOCOL='h2',REQUEST_URL='https://64.media.tumblr.com/58fdb3e3c1b2ba1306c2d1be0119460e/75c91623ddb4dfe2-55/s1280x1920/18a33520ca63b4c9f1d09ba5a5eb6fab3b9c104d.jpg',
08-06 05:32:54.584  8766  8836 I art     : Explicit concurrent mark sweep GC freed 265(31KB) AllocSpace objects, 1(20KB) LOS objects, 31% free, 34MB/50MB, paused 1.061ms total 30.749ms
08-06 05:32:54.596  8766  8836 I art     : Starting a blocking GC Explicit
08-06 05:32:54.626  8766  8836 I art     : Explicit concurrent mark sweep GC freed 121(5KB) AllocSpace objects, 1(20KB) LOS objects, 31% free, 34MB/50MB, paused 1.075ms total 29.766ms
08-06 05:32:54.714  8766 10366 I NAPPA_EXPERIMENTATION: MetricNetworkRequestExecutionTime: REQUEST_DURATION_SYSTEM='585',REQUEST_DURATION_OKHTTP='32',REQUEST_SYNCHRONOUS='TRUE',RESPONSE_CODE='200',RESPONSE_METHOD='GET',RESPONSE_LENGTH_OKHTTP='-1',RESPONSE_LENGTH_HEADER='-2',REQUEST_PROTOCOL='http/1.1',REQUEST_URL='https://www.newsblur.com/social/river_stories?order=newest&page=1&read_filter=all',
08-06 05:32:54.714  8766 10366 D MY_TAG  : 0, 585
08-06 05:32:54.736  8766  8766 D baseline.com.newsblur.service.NBSyncService: rejecting request for feedset that is exhaused
08-06 05:32:54.836  8745  8745 I ServiceManager: Waiting for service AtCmdFwd...
08-06 05:32:54.957  8766  8836 I art     : Starting a blocking GC Explicit
08-06 05:32:54.999  8766  8836 I art     : Explicit concurrent mark sweep GC freed 9037(666KB) AllocSpace objects, 21(2MB) LOS objects, 31% free, 35MB/51MB, paused 1.101ms total 42.213ms
08-06 05:32:55.014  8766  8836 I art     : Starting a blocking GC Explicit
08-06 05:32:55.045  8766  8836 I art     : Explicit concurrent mark sweep GC freed 1650(142KB) AllocSpace objects, 0(0B) LOS objects, 31% free, 35MB/51MB, paused 962us total 31.088ms
08-06 05:32:55.057  8766  8836 I art     : Starting a blocking GC Explicit
08-06 05:32:55.089  8766  8836 I art     : Explicit concurrent mark sweep GC freed 3(96B) AllocSpace objects, 0(0B) LOS objects, 31% free, 35MB/51MB, paused 1.016ms total 31.747ms
08-06 05:32:55.101  8766  8836 I art     : Starting a blocking GC Explicit
08-06 05:32:55.132  8766  8836 I art     : Explicit concurrent mark sweep GC freed 3(96B) AllocSpace objects, 0(0B) LOS objects, 31% free, 35MB/51MB, paused 1.005ms total 31.280ms
08-06 05:32:55.144  8766  8836 I art     : Starting a blocking GC Explicit
08-06 05:32:55.176  8766  8836 I art     : Explicit concurrent mark sweep GC freed 3(96B) AllocSpace objects, 0(0B) LOS objects, 31% free, 35MB/51MB, paused 1.006ms total 31.478ms
08-06 05:32:55.519  8766  9643 I art     : Starting a blocking GC Explicit
08-06 05:32:55.552  8766  9643 I art     : Explicit concurrent mark sweep GC freed 1432(82KB) AllocSpace objects, 1(20KB) LOS objects, 31% free, 35MB/51MB, paused 1.029ms total 32.647ms
08-06 05:32:55.564  8766  9643 I art     : Starting a blocking GC Explicit
08-06 05:32:55.597  8766  9643 I art     : Explicit concurrent mark sweep GC freed 20(704B) AllocSpace objects, 0(0B) LOS objects, 31% free, 35MB/51MB, paused 1.087ms total 33.027ms
08-06 05:32:55.609  8766  9643 I art     : Starting a blocking GC Explicit
08-06 05:32:55.641  8766  9643 I art     : Explicit concurrent mark sweep GC freed 3(96B) AllocSpace objects, 0(0B) LOS objects, 31% free, 35MB/51MB, paused 974us total 31.879ms
08-06 05:32:55.653  8766  9643 I art     : Starting a blocking GC Explicit
08-06 05:32:55.687  8766  9643 I art     : Explicit concurrent mark sweep GC freed 3(96B) AllocSpace objects, 0(0B) LOS objects, 31% free, 35MB/51MB, paused 1.106ms total 34.315ms
08-06 05:32:55.699  8766  9643 I art     : Starting a blocking GC Explicit
08-06 05:32:55.733  8766  9643 I art     : Explicit concurrent mark sweep GC freed 3(96B) AllocSpace objects, 0(0B) LOS objects, 31% free, 35MB/51MB, paused 1.033ms total 33.540ms
08-06 05:32:55.837  8745  8745 I ServiceManager: Waiting for service AtCmdFwd...
08-06 05:32:56.107  8766  8777 I art     : Starting a blocking GC Explicit
08-06 05:32:56.153  8766  8777 I art     : Explicit concurrent mark sweep GC freed 1441(83KB) AllocSpace objects, 1(20KB) LOS objects, 31% free, 35MB/51MB, paused 1.166ms total 45.014ms
08-06 05:32:56.168  8766  8777 I art     : Starting a blocking GC Explicit
08-06 05:32:56.205  8766  8777 I art     : Explicit concurrent mark sweep GC freed 20(704B) AllocSpace objects, 0(0B) LOS objects, 31% free, 35MB/51MB, paused 1.035ms total 36.292ms
08-06 05:32:56.217  8766  8777 I art     : Starting a blocking GC Explicit
08-06 05:32:56.249  8766  8777 I art     : Explicit concurrent mark sweep GC freed 3(96B) AllocSpace objects, 0(0B) LOS objects, 31% free, 35MB/51MB, paused 987us total 31.690ms
08-06 05:32:56.261  8766  8777 I art     : Starting a blocking GC Explicit
08-06 05:32:56.295  8766  8777 I art     : Explicit concurrent mark sweep GC freed 3(96B) AllocSpace objects, 0(0B) LOS objects, 31% free, 35MB/51MB, paused 1.029ms total 34.243ms
08-06 05:32:56.307  8766  8777 I art     : Starting a blocking GC Explicit
08-06 05:32:56.342  8766  8777 I art     : Explicit concurrent mark sweep GC freed 3(96B) AllocSpace objects, 0(0B) LOS objects, 31% free, 35MB/51MB, paused 1.044ms total 33.943ms
08-06 05:32:56.717  8766  8836 I art     : Starting a blocking GC Explicit
08-06 05:32:56.756  8766  8836 I art     : Explicit concurrent mark sweep GC freed 1402(82KB) AllocSpace objects, 1(20KB) LOS objects, 31% free, 35MB/51MB, paused 1.054ms total 38.146ms
08-06 05:32:56.768  8766  8836 I art     : Starting a blocking GC Explicit
08-06 05:32:56.803  8766  8836 I art     : Explicit concurrent mark sweep GC freed 20(704B) AllocSpace objects, 0(0B) LOS objects, 31% free, 35MB/51MB, paused 1.027ms total 34.724ms
08-06 05:32:56.815  8766  8836 I art     : Starting a blocking GC Explicit
08-06 05:32:56.838  8745  8745 I ServiceManager: Waiting for service AtCmdFwd...
08-06 05:32:56.849  8766  8836 I art     : Explicit concurrent mark sweep GC freed 3(96B) AllocSpace objects, 0(0B) LOS objects, 31% free, 35MB/51MB, paused 1.066ms total 33.853ms
08-06 05:32:56.861  8766  8836 I art     : Starting a blocking GC Explicit
08-06 05:32:56.895  8766  8836 I art     : Explicit concurrent mark sweep GC freed 3(96B) AllocSpace objects, 0(0B) LOS objects, 31% free, 35MB/51MB, paused 1.034ms total 33.949ms
08-06 05:32:56.907  8766  8836 I art     : Starting a blocking GC Explicit
08-06 05:32:56.941  8766  8836 I art     : Explicit concurrent mark sweep GC freed 3(96B) AllocSpace objects, 0(0B) LOS objects, 31% free, 35MB/51MB, paused 994us total 33.453ms
08-06 05:32:57.284  8766  8778 I art     : Starting a blocking GC Explicit
08-06 05:32:57.328  8766  8778 I art     : Explicit concurrent mark sweep GC freed 1402(81KB) AllocSpace objects, 1(20KB) LOS objects, 31% free, 35MB/51MB, paused 1.092ms total 43.551ms
08-06 05:32:57.344  8766  8778 I art     : Starting a blocking GC Explicit
08-06 05:32:57.377  8766  8778 I art     : Explicit concurrent mark sweep GC freed 20(704B) AllocSpace objects, 0(0B) LOS objects, 31% free, 35MB/51MB, paused 1.168ms total 33.010ms
08-06 05:32:57.389  8766  8778 I art     : Starting a blocking GC Explicit
08-06 05:32:57.423  8766  8778 I art     : Explicit concurrent mark sweep GC freed 3(96B) AllocSpace objects, 0(0B) LOS objects, 31% free, 35MB/51MB, paused 1.037ms total 33.950ms
08-06 05:32:57.435  8766  8778 I art     : Starting a blocking GC Explicit
08-06 05:32:57.470  8766  8778 I art     : Explicit concurrent mark sweep GC freed 3(96B) AllocSpace objects, 0(0B) LOS objects, 31% free, 35MB/51MB, paused 1.007ms total 34.225ms
08-06 05:32:57.482  8766  8778 I art     : Starting a blocking GC Explicit
08-06 05:32:57.516  8766  8778 I art     : Explicit concurrent mark sweep GC freed 3(96B) AllocSpace objects, 0(0B) LOS objects, 31% free, 35MB/51MB, paused 1.040ms total 34.210ms
08-06 05:32:57.839  8745  8745 I ServiceManager: Waiting for service AtCmdFwd...
08-06 05:32:57.898  8766  9643 I art     : Starting a blocking GC Explicit
08-06 05:32:57.941  8766  9643 I art     : Explicit concurrent mark sweep GC freed 1401(80KB) AllocSpace objects, 1(20KB) LOS objects, 31% free, 35MB/51MB, paused 1.015ms total 42.929ms
08-06 05:32:57.955  8766  9643 I art     : Starting a blocking GC Explicit
08-06 05:32:57.989  8766  9643 I art     : Explicit concurrent mark sweep GC freed 20(704B) AllocSpace objects, 0(0B) LOS objects, 31% free, 35MB/51MB, paused 1.090ms total 33.886ms
08-06 05:32:58.001  8766  9643 I art     : Starting a blocking GC Explicit
08-06 05:32:58.035  8766  9643 I art     : Explicit concurrent mark sweep GC freed 3(96B) AllocSpace objects, 0(0B) LOS objects, 31% free, 35MB/51MB, paused 970us total 33.762ms
08-06 05:32:58.047  8766  9643 I art     : Starting a blocking GC Explicit
08-06 05:32:58.081  8766  9643 I art     : Explicit concurrent mark sweep GC freed 3(96B) AllocSpace objects, 0(0B) LOS objects, 31% free, 35MB/51MB, paused 974us total 33.704ms
08-06 05:32:58.093  8766  9643 I art     : Starting a blocking GC Explicit
08-06 05:32:58.127  8766  9643 I art     : Explicit concurrent mark sweep GC freed 3(96B) AllocSpace objects, 0(0B) LOS objects, 31% free, 35MB/51MB, paused 1.135ms total 34.242ms
08-06 05:32:58.490  8766  8777 I art     : Starting a blocking GC Explicit
08-06 05:32:58.532  8766  8777 I art     : Explicit concurrent mark sweep GC freed 1401(80KB) AllocSpace objects, 1(20KB) LOS objects, 31% free, 35MB/51MB, paused 1.083ms total 41.799ms
08-06 05:32:58.544   518   646 I ThermalEngine: ACTION: GPU - Setting GPU[0] to 510000000
08-06 05:32:58.547  8766  8777 I art     : Starting a blocking GC Explicit
08-06 05:32:58.579  8766  8777 I art     : Explicit concurrent mark sweep GC freed 20(704B) AllocSpace objects, 0(0B) LOS objects, 31% free, 35MB/51MB, paused 1.016ms total 32.024ms
08-06 05:32:58.590  8766  8777 I art     : Starting a blocking GC Explicit
08-06 05:32:58.617  8766  8777 I art     : Explicit concurrent mark sweep GC freed 3(96B) AllocSpace objects, 0(0B) LOS objects, 31% free, 35MB/51MB, paused 768us total 26.223ms
08-06 05:32:58.626  8766  8777 I art     : Starting a blocking GC Explicit
08-06 05:32:58.651  8766  8777 I art     : Explicit concurrent mark sweep GC freed 3(96B) AllocSpace objects, 0(0B) LOS objects, 31% free, 35MB/51MB, paused 763us total 25.148ms
08-06 05:32:58.661  8766  8777 I art     : Starting a blocking GC Explicit
08-06 05:32:58.686  8766  8777 I art     : Explicit concurrent mark sweep GC freed 3(96B) AllocSpace objects, 0(0B) LOS objects, 31% free, 35MB/51MB, paused 751us total 25.461ms
08-06 05:32:58.841  8745  8745 W Atfwd_Sendcmd: AtCmdFwd service not published, waiting... retryCnt : 5
08-06 05:32:59.043  8766  8836 I art     : Starting a blocking GC Explicit
08-06 05:32:59.075  8766  8836 I art     : Explicit concurrent mark sweep GC freed 1402(81KB) AllocSpace objects, 1(20KB) LOS objects, 31% free, 35MB/51MB, paused 830us total 31.946ms
08-06 05:32:59.087  8766  8836 I art     : Starting a blocking GC Explicit
08-06 05:32:59.113  8766  8836 I art     : Explicit concurrent mark sweep GC freed 20(704B) AllocSpace objects, 0(0B) LOS objects, 31% free, 35MB/51MB, paused 768us total 25.995ms
08-06 05:32:59.123  8766  8836 I art     : Starting a blocking GC Explicit
08-06 05:32:59.148  8766  8836 I art     : Explicit concurrent mark sweep GC freed 3(96B) AllocSpace objects, 0(0B) LOS objects, 31% free, 35MB/51MB, paused 773us total 25.420ms
08-06 05:32:59.158  8766  8836 I art     : Starting a blocking GC Explicit
08-06 05:32:59.183  8766  8836 I art     : Explicit concurrent mark sweep GC freed 3(96B) AllocSpace objects, 0(0B) LOS objects, 31% free, 35MB/51MB, paused 736us total 25.404ms
08-06 05:32:59.193  8766  8836 I art     : Starting a blocking GC Explicit
08-06 05:32:59.219  8766  8836 I art     : Explicit concurrent mark sweep GC freed 3(96B) AllocSpace objects, 0(0B) LOS objects, 31% free, 35MB/51MB, paused 785us total 25.876ms
08-06 05:32:59.574  8766  8778 I art     : Starting a blocking GC Explicit
08-06 05:32:59.607  8766  8778 I art     : Explicit concurrent mark sweep GC freed 1401(80KB) AllocSpace objects, 1(20KB) LOS objects, 31% free, 35MB/51MB, paused 855us total 32.179ms
08-06 05:32:59.619  8766  8778 I art     : Starting a blocking GC Explicit
08-06 05:32:59.646  8766  8778 I art     : Explicit concurrent mark sweep GC freed 20(704B) AllocSpace objects, 0(0B) LOS objects, 31% free, 35MB/51MB, paused 726us total 26.143ms
08-06 05:32:59.655  8766  8778 I art     : Starting a blocking GC Explicit
08-06 05:32:59.680  8766  8778 I art     : Explicit concurrent mark sweep GC freed 3(96B) AllocSpace objects, 0(0B) LOS objects, 31% free, 35MB/51MB, paused 774us total 25.031ms
08-06 05:32:59.690  8766  8778 I art     : Starting a blocking GC Explicit
08-06 05:32:59.715  8766  8778 I art     : Explicit concurrent mark sweep GC freed 3(96B) AllocSpace objects, 0(0B) LOS objects, 31% free, 35MB/51MB, paused 768us total 25.490ms
08-06 05:32:59.725  8766  8778 I art     : Starting a blocking GC Explicit
08-06 05:32:59.751  8766  8778 I art     : Explicit concurrent mark sweep GC freed 3(96B) AllocSpace objects, 0(0B) LOS objects, 31% free, 35MB/51MB, paused 742us total 25.470ms
08-06 05:33:00.077  8766  9643 I art     : Starting a blocking GC Explicit
08-06 05:33:00.099  8766  9643 I art     : Explicit concurrent mark sweep GC freed 1401(80KB) AllocSpace objects, 1(20KB) LOS objects, 31% free, 35MB/51MB, paused 710us total 22.124ms
08-06 05:33:00.108  8766  9643 I art     : Starting a blocking GC Explicit
08-06 05:33:00.130  8766  9643 I art     : Explicit concurrent mark sweep GC freed 20(704B) AllocSpace objects, 0(0B) LOS objects, 31% free, 35MB/51MB, paused 702us total 22.337ms
08-06 05:33:00.139  8766  9643 I art     : Starting a blocking GC Explicit
08-06 05:33:00.163  8766  9643 I art     : Explicit concurrent mark sweep GC freed 3(96B) AllocSpace objects, 0(0B) LOS objects, 31% free, 35MB/51MB, paused 751us total 23.462ms
08-06 05:33:00.171  8766  9643 I art     : Starting a blocking GC Explicit
08-06 05:33:00.195  8766  9643 I art     : Explicit concurrent mark sweep GC freed 3(96B) AllocSpace objects, 0(0B) LOS objects, 31% free, 35MB/51MB, paused 744us total 23.831ms
08-06 05:33:00.204  8766  9643 I art     : Starting a blocking GC Explicit
08-06 05:33:00.230  8766  9643 I art     : Explicit concurrent mark sweep GC freed 3(96B) AllocSpace objects, 0(0B) LOS objects, 31% free, 35MB/51MB, paused 751us total 24.957ms
08-06 05:33:00.588  8766  8777 I art     : Starting a blocking GC Explicit
08-06 05:33:00.627  8766  8777 I art     : Explicit concurrent mark sweep GC freed 1401(80KB) AllocSpace objects, 1(20KB) LOS objects, 31% free, 35MB/51MB, paused 855us total 37.926ms
08-06 05:33:00.640  8766  8777 I art     : Starting a blocking GC Explicit
08-06 05:33:00.665  8766  8777 I art     : Explicit concurrent mark sweep GC freed 20(704B) AllocSpace objects, 0(0B) LOS objects, 31% free, 35MB/51MB, paused 752us total 25.483ms
08-06 05:33:00.675  8766  8777 I art     : Starting a blocking GC Explicit
08-06 05:33:00.700  8766  8777 I art     : Explicit concurrent mark sweep GC freed 3(96B) AllocSpace objects, 0(0B) LOS objects, 31% free, 35MB/51MB, paused 757us total 25.341ms
08-06 05:33:00.709  8766  8777 I art     : Starting a blocking GC Explicit
08-06 05:33:00.735  8766  8777 I art     : Explicit concurrent mark sweep GC freed 3(96B) AllocSpace objects, 0(0B) LOS objects, 31% free, 35MB/51MB, paused 738us total 25.148ms
08-06 05:33:00.744  8766  8777 I art     : Starting a blocking GC Explicit
08-06 05:33:00.768  8766  8777 I art     : Explicit concurrent mark sweep GC freed 3(96B) AllocSpace objects, 0(0B) LOS objects, 31% free, 35MB/51MB, paused 771us total 24.318ms
08-06 05:33:01.111  8766  8836 I art     : Starting a blocking GC Explicit
08-06 05:33:01.146  8766  8836 I art     : Explicit concurrent mark sweep GC freed 1401(80KB) AllocSpace objects, 1(20KB) LOS objects, 31% free, 35MB/51MB, paused 831us total 33.956ms
08-06 05:33:01.158  8766  8836 I art     : Starting a blocking GC Explicit
08-06 05:33:01.184  8766  8836 I art     : Explicit concurrent mark sweep GC freed 20(704B) AllocSpace objects, 0(0B) LOS objects, 31% free, 35MB/51MB, paused 779us total 25.672ms
08-06 05:33:01.185  8766  8776 I art     : WaitForGcToComplete blocked for 25.593ms for cause HeapTrim
08-06 05:33:01.194  8766  8836 I art     : Starting a blocking GC Explicit
08-06 05:33:01.220  8766  8836 I art     : Explicit concurrent mark sweep GC freed 3(96B) AllocSpace objects, 0(0B) LOS objects, 31% free, 35MB/51MB, paused 765us total 25.838ms
08-06 05:33:01.229  8766  8836 I art     : Starting a blocking GC Explicit
08-06 05:33:01.254  8766  8836 I art     : Explicit concurrent mark sweep GC freed 3(96B) AllocSpace objects, 0(0B) LOS objects, 31% free, 35MB/51MB, paused 716us total 24.720ms
08-06 05:33:01.263  8766  8836 I art     : Starting a blocking GC Explicit
08-06 05:33:01.289  8766  8836 I art     : Explicit concurrent mark sweep GC freed 3(96B) AllocSpace objects, 0(0B) LOS objects, 31% free, 35MB/51MB, paused 765us total 25.107ms
08-06 05:33:01.631  8766  8778 I art     : Starting a blocking GC Explicit
08-06 05:33:01.664  8766  8778 I art     : Explicit concurrent mark sweep GC freed 1401(80KB) AllocSpace objects, 1(20KB) LOS objects, 31% free, 35MB/51MB, paused 811us total 32.180ms
08-06 05:33:01.675  8766  8778 I art     : Starting a blocking GC Explicit
08-06 05:33:01.701  8766  8778 I art     : Explicit concurrent mark sweep GC freed 20(704B) AllocSpace objects, 0(0B) LOS objects, 31% free, 35MB/51MB, paused 779us total 26.003ms
08-06 05:33:01.711  8766  8778 I art     : Starting a blocking GC Explicit
08-06 05:33:01.737  8766  8778 I art     : Explicit concurrent mark sweep GC freed 3(96B) AllocSpace objects, 0(0B) LOS objects, 31% free, 35MB/51MB, paused 829us total 26.019ms
08-06 05:33:01.746  8766  8778 I art     : Starting a blocking GC Explicit
08-06 05:33:01.771  8766  8778 I art     : Explicit concurrent mark sweep GC freed 3(96B) AllocSpace objects, 0(0B) LOS objects, 31% free, 35MB/51MB, paused 753us total 24.431ms
08-06 05:33:01.780  8766  8778 I art     : Starting a blocking GC Explicit
08-06 05:33:01.806  8766  8778 I art     : Explicit concurrent mark sweep GC freed 3(96B) AllocSpace objects, 0(0B) LOS objects, 31% free, 35MB/51MB, paused 766us total 25.538ms
08-06 05:33:02.143  8766  9643 I art     : Starting a blocking GC Explicit
08-06 05:33:02.178  8766  9643 I art     : Explicit concurrent mark sweep GC freed 1401(80KB) AllocSpace objects, 1(20KB) LOS objects, 31% free, 35MB/51MB, paused 920us total 33.985ms
08-06 05:33:02.190  8766  9643 I art     : Starting a blocking GC Explicit
08-06 05:33:02.216  8766  9643 I art     : Explicit concurrent mark sweep GC freed 20(704B) AllocSpace objects, 0(0B) LOS objects, 31% free, 35MB/51MB, paused 757us total 25.748ms
08-06 05:33:02.226  8766  9643 I art     : Starting a blocking GC Explicit
08-06 05:33:02.251  8766  9643 I art     : Explicit concurrent mark sweep GC freed 3(96B) AllocSpace objects, 0(0B) LOS objects, 31% free, 35MB/51MB, paused 726us total 25.353ms
08-06 05:33:02.260  8766  9643 I art     : Starting a blocking GC Explicit
08-06 05:33:02.286  8766  9643 I art     : Explicit concurrent mark sweep GC freed 3(96B) AllocSpace objects, 0(0B) LOS objects, 31% free, 35MB/51MB, paused 764us total 25.656ms
08-06 05:33:02.296  8766  9643 I art     : Starting a blocking GC Explicit
08-06 05:33:02.321  8766  9643 I art     : Explicit concurrent mark sweep GC freed 3(96B) AllocSpace objects, 0(0B) LOS objects, 31% free, 35MB/51MB, paused 760us total 25.635ms
08-06 05:33:02.671  8766  8777 I art     : Starting a blocking GC Explicit
08-06 05:33:02.703  8766  8777 I art     : Explicit concurrent mark sweep GC freed 1401(80KB) AllocSpace objects, 1(20KB) LOS objects, 31% free, 35MB/51MB, paused 821us total 32.035ms
08-06 05:33:02.715  8766  8777 I art     : Starting a blocking GC Explicit
08-06 05:33:02.741  8766  8777 I art     : Explicit concurrent mark sweep GC freed 20(704B) AllocSpace objects, 0(0B) LOS objects, 31% free, 35MB/51MB, paused 704us total 25.358ms
08-06 05:33:02.750  8766  8777 I art     : Starting a blocking GC Explicit
08-06 05:33:02.775  8766  8777 I art     : Explicit concurrent mark sweep GC freed 3(96B) AllocSpace objects, 0(0B) LOS objects, 31% free, 35MB/51MB, paused 752us total 25.095ms
08-06 05:33:02.785  8766  8777 I art     : Starting a blocking GC Explicit
08-06 05:33:02.811  8766  8777 I art     : Explicit concurrent mark sweep GC freed 3(96B) AllocSpace objects, 0(0B) LOS objects, 31% free, 35MB/51MB, paused 771us total 25.872ms
08-06 05:33:02.820  8766  8777 I art     : Starting a blocking GC Explicit
08-06 05:33:02.846  8766  8777 I art     : Explicit concurrent mark sweep GC freed 3(96B) AllocSpace objects, 0(0B) LOS objects, 31% free, 35MB/51MB, paused 749us total 25.830ms
08-06 05:33:03.203  8766  8836 I art     : Starting a blocking GC Explicit
08-06 05:33:03.240  8766  8836 I art     : Explicit concurrent mark sweep GC freed 1401(80KB) AllocSpace objects, 1(20KB) LOS objects, 31% free, 35MB/51MB, paused 940us total 37.178ms
08-06 05:33:03.252  8766  8836 I art     : Starting a blocking GC Explicit
08-06 05:33:03.278  8766  8836 I art     : Explicit concurrent mark sweep GC freed 20(704B) AllocSpace objects, 0(0B) LOS objects, 31% free, 35MB/51MB, paused 812us total 25.245ms
08-06 05:33:03.287  8766  8836 I art     : Starting a blocking GC Explicit
08-06 05:33:03.313  8766  8836 I art     : Explicit concurrent mark sweep GC freed 3(96B) AllocSpace objects, 0(0B) LOS objects, 31% free, 35MB/51MB, paused 769us total 25.813ms
08-06 05:33:03.322  8766  8836 I art     : Starting a blocking GC Explicit
08-06 05:33:03.348  8766  8836 I art     : Explicit concurrent mark sweep GC freed 3(96B) AllocSpace objects, 0(0B) LOS objects, 31% free, 35MB/51MB, paused 884us total 24.863ms
08-06 05:33:03.357  8766  8836 I art     : Starting a blocking GC Explicit
08-06 05:33:03.381  8766  8836 I art     : Explicit concurrent mark sweep GC freed 3(96B) AllocSpace objects, 0(0B) LOS objects, 31% free, 35MB/51MB, paused 755us total 24.696ms
08-06 05:33:03.737  8766  8778 I art     : Starting a blocking GC Explicit
08-06 05:33:03.773  8766  8778 I art     : Explicit concurrent mark sweep GC freed 1401(80KB) AllocSpace objects, 1(20KB) LOS objects, 31% free, 35MB/51MB, paused 826us total 35.577ms
08-06 05:33:03.786  8766  8778 I art     : Starting a blocking GC Explicit
08-06 05:33:03.814  8766  8778 I art     : Explicit concurrent mark sweep GC freed 20(704B) AllocSpace objects, 0(0B) LOS objects, 31% free, 35MB/51MB, paused 777us total 28.127ms
08-06 05:33:03.823  8766  8778 I art     : Starting a blocking GC Explicit
08-06 05:33:03.849  8766  8778 I art     : Explicit concurrent mark sweep GC freed 3(96B) AllocSpace objects, 0(0B) LOS objects, 31% free, 35MB/51MB, paused 750us total 25.097ms
08-06 05:33:03.858  8766  8778 I art     : Starting a blocking GC Explicit
08-06 05:33:03.884  8766  8778 I art     : Explicit concurrent mark sweep GC freed 3(96B) AllocSpace objects, 0(0B) LOS objects, 31% free, 35MB/51MB, paused 782us total 25.423ms
08-06 05:33:03.893  8766  8778 I art     : Starting a blocking GC Explicit
08-06 05:33:03.919  8766  8778 I art     : Explicit concurrent mark sweep GC freed 3(96B) AllocSpace objects, 0(0B) LOS objects, 31% free, 35MB/51MB, paused 773us total 25.293ms
08-06 05:33:04.227  8766  9643 I art     : Starting a blocking GC Explicit
08-06 05:33:04.252  8766  9643 I art     : Explicit concurrent mark sweep GC freed 1401(80KB) AllocSpace objects, 1(20KB) LOS objects, 31% free, 35MB/51MB, paused 802us total 25.384ms
08-06 05:33:04.262  8766  9643 I art     : Starting a blocking GC Explicit
08-06 05:33:04.286  8766  9643 I art     : Explicit concurrent mark sweep GC freed 20(704B) AllocSpace objects, 0(0B) LOS objects, 31% free, 35MB/51MB, paused 763us total 23.876ms
08-06 05:33:04.295  8766  9643 I art     : Starting a blocking GC Explicit
08-06 05:33:04.319  8766  9643 I art     : Explicit concurrent mark sweep GC freed 3(96B) AllocSpace objects, 0(0B) LOS objects, 31% free, 35MB/51MB, paused 761us total 24.038ms
08-06 05:33:04.328  8766  9643 I art     : Starting a blocking GC Explicit
08-06 05:33:04.352  8766  9643 I art     : Explicit concurrent mark sweep GC freed 3(96B) AllocSpace objects, 0(0B) LOS objects, 31% free, 35MB/51MB, paused 764us total 23.869ms
08-06 05:33:04.361  8766  9643 I art     : Starting a blocking GC Explicit
08-06 05:33:04.385  8766  9643 I art     : Explicit concurrent mark sweep GC freed 3(96B) AllocSpace objects, 0(0B) LOS objects, 31% free, 35MB/51MB, paused 770us total 24.076ms
08-06 05:33:04.479 10555 10555 D AndroidRuntime: >>>>>> START com.android.internal.os.RuntimeInit uid 2000 <<<<<<
08-06 05:33:04.484 10555 10555 D AndroidRuntime: CheckJNI is OFF
08-06 05:33:04.521 10555 10555 D ICU     : No timezone override file found: /data/misc/zoneinfo/current/icu/icu_tzdata.dat
08-06 05:33:04.554 10555 10555 I Radio-JNI: register_android_hardware_Radio DONE
08-06 05:33:04.576 10555 10555 D AndroidRuntime: Calling main entry com.android.commands.input.Input
08-06 05:33:04.578 10555 10555 I Input   : injectMotionEvent: MotionEvent { action=ACTION_DOWN, actionButton=0, id[0]=0, x[0]=436.0, y[0]=453.0, toolType[0]=TOOL_TYPE_UNKNOWN, buttonState=0, metaState=0, flags=0x0, edgeFlags=0x0, pointerCount=1, historySize=0, eventTime=855200991, downTime=855200991, deviceId=0, source=0x1002 }
08-06 05:33:04.583 10555 10555 I Input   : injectMotionEvent: MotionEvent { action=ACTION_UP, actionButton=0, id[0]=0, x[0]=436.0, y[0]=453.0, toolType[0]=TOOL_TYPE_UNKNOWN, buttonState=0, metaState=0, flags=0x0, edgeFlags=0x0, pointerCount=1, historySize=0, eventTime=855200991, downTime=855200991, deviceId=0, source=0x1002 }
08-06 05:33:04.585 10555 10555 D AndroidRuntime: Shutting down VM
08-06 05:33:04.603   512  2967 D audio_hw_primary: out_set_parameters: enter: usecase(1: low-latency-playback) kvpairs: routing=2
08-06 05:33:04.607   918  5952 I ActivityManager: START u0 {cmp=baseline.com.newsblur/.activity.AllSharedStoriesReading (has extras)} from uid 10698 on display 0
08-06 05:33:04.616   512  2967 D audio_hw_primary: select_devices: out_snd_device(2: speaker) in_snd_device(0: none)
08-06 05:33:04.616   512  2967 D msm8974_platform: platform_send_audio_calibration: sending audio calibration for snd_device(2) acdb_id(15)
08-06 05:33:04.616   512  2967 I soundtrigger: audio_extn_sound_trigger_update_device_status: device 0x2 of type 0 for Event 1
08-06 05:33:04.632   512  2967 D audio_hw_primary: enable_snd_device: snd_device(2: speaker)
08-06 05:33:04.635   512  2967 D audio_hw_primary: enable_audio_route: apply and update mixer path: low-latency-playback speaker
08-06 05:33:04.704  8766  8836 I art     : Starting a blocking GC Explicit
08-06 05:33:04.730  8766  8836 I art     : Explicit concurrent mark sweep GC freed 2998(239KB) AllocSpace objects, 6(580KB) LOS objects, 30% free, 37MB/53MB, paused 824us total 25.593ms
08-06 05:33:04.739  8766  8836 I art     : Starting a blocking GC Explicit
08-06 05:33:04.764  8766  8836 I art     : Explicit concurrent mark sweep GC freed 572(46KB) AllocSpace objects, 1(20KB) LOS objects, 30% free, 37MB/53MB, paused 906us total 25.170ms
08-06 05:33:04.773  8766  8836 I art     : Starting a blocking GC Explicit
08-06 05:33:04.796  8766  8836 I art     : Explicit concurrent mark sweep GC freed 48(1712B) AllocSpace objects, 0(0B) LOS objects, 30% free, 37MB/53MB, paused 748us total 22.428ms
08-06 05:33:04.804  8766  8836 I art     : Starting a blocking GC Explicit
08-06 05:33:04.823 13866 13866 I GoogleInputMethodServic: GoogleInputMethodService.onFinishInput():3138 
08-06 05:33:04.823 13866 13866 I GoogleInputMethodServic: GoogleInputMethodService.onStartInput():1808 
08-06 05:33:04.830  8766  8836 I art     : Explicit concurrent mark sweep GC freed 476(39KB) AllocSpace objects, 1(20KB) LOS objects, 29% free, 39MB/55MB, paused 1.498ms total 25.237ms
08-06 05:33:04.839  8766  8836 I art     : Starting a blocking GC Explicit
08-06 05:33:04.848   918   936 I ActivityManager: Displayed baseline.com.newsblur/.activity.AllSharedStoriesReading: +233ms
08-06 05:33:04.861   918  4400 D ConnectivityService: listenForNetwork for Listen from uid/pid:10698/8766 for NetworkRequest [ id=3870, legacyType=-1, [ Capabilities: INTERNET&NOT_RESTRICTED&TRUSTED] ]
08-06 05:33:04.862  8766  8836 I art     : Explicit concurrent mark sweep GC freed 977(45KB) AllocSpace objects, 0(0B) LOS objects, 29% free, 39MB/55MB, paused 1.068ms total 23.559ms
08-06 05:33:04.874  8766  8836 E libc++abi: Pure virtual function called!
08-06 05:33:05.169   512  2967 D audio_hw_primary: disable_audio_route: reset and update mixer path: low-latency-playback speaker
08-06 05:33:05.170   512  2967 D audio_hw_primary: disable_snd_device: snd_device(2: speaker)
08-06 05:33:05.178   512  2967 I soundtrigger: audio_extn_sound_trigger_update_device_status: device 0x2 of type 0 for Event 0
08-06 05:33:05.319 10591 10591 D AndroidRuntime: >>>>>> START com.android.internal.os.RuntimeInit uid 10698 <<<<<<
08-06 05:33:05.325 10591 10591 D AndroidRuntime: CheckJNI is OFF
08-06 05:33:05.357 10591 10591 D ICU     : No timezone override file found: /data/misc/zoneinfo/current/icu/icu_tzdata.dat
08-06 05:33:05.390 10591 10591 I Radio-JNI: register_android_hardware_Radio DONE
08-06 05:33:05.411 10591 10591 D AndroidRuntime: Calling main entry org.chromium.components.crash.browser.CrashpadMain
08-06 05:33:05.493 10591 10591 E chromium: [0806/053305.493181:ERROR:elf_dynamic_array_reader.h(61)] tag not found
08-06 05:33:05.595 10591 10591 D AndroidRuntime: Shutting down VM
--------- beginning of crash
08-06 05:33:05.835  8766  8836 F libc    : Fatal signal 6 (SIGABRT), code -6 in tid 8836 (Binder_3)
08-06 05:33:05.955   509   509 F DEBUG   : *** *** *** *** *** *** *** *** *** *** *** *** *** *** *** ***
08-06 05:33:05.955   509   509 F DEBUG   : Build fingerprint: 'google/angler/angler:6.0/MDB08K/2343511:user/release-keys'
08-06 05:33:05.956   509   509 F DEBUG   : Revision: '0'
08-06 05:33:05.956   509   509 F DEBUG   : ABI: 'arm64'
08-06 05:33:05.957   509   509 F DEBUG   : pid: 8766, tid: 8836, name: Binder_3  >>> baseline.com.newsblur <<<
08-06 05:33:05.957   509   509 F DEBUG   : signal 6 (SIGABRT), code -6 (SI_TKILL), fault addr --------
08-06 05:33:06.009   509   509 F DEBUG   : Abort message: 'Pure virtual function called!'
08-06 05:33:06.009   509   509 F DEBUG   :     x0   0000000000000000  x1   0000000000002284  x2   0000000000000006  x3   0000000000000000
08-06 05:33:06.009   509   509 F DEBUG   :     x4   0000000000000000  x5   0000000000000001  x6   0000000000000000  x7   0000000000000000
08-06 05:33:06.010   509   509 F DEBUG   :     x8   0000000000000083  x9   fefefefefefefeff  x10  7f7f7f7f7f7f7f7f  x11  0101010101010101
08-06 05:33:06.010   509   509 F DEBUG   :     x12  000000000000001e  x13  0000000000000000  x14  0000000000000000  x15  00341cac6cf0444b
08-06 05:33:06.010   509   509 F DEBUG   :     x16  0000007f9e064568  x17  0000007f9dff64a4  x18  00000000ffffffe0  x19  0000007f81bbf500
08-06 05:33:06.010   509   509 F DEBUG   :     x20  0000007f81bbf440  x21  0000000000000002  x22  0000000000000006  x23  0000007f81bbe240
08-06 05:33:06.010   509   509 F DEBUG   :     x24  0000007f81bbe330  x25  0000007f9e0673e0  x26  0000007f81bbe268  x27  0000000070c5b158
08-06 05:33:06.010   509   509 F DEBUG   :     x28  0000000000000001  x29  0000007f81bbe0c0  x30  0000007f9dff4858
08-06 05:33:06.010   509   509 F DEBUG   :     sp   0000007f81bbe0c0  pc   0000007f9dff64ac  pstate 0000000020000000
08-06 05:33:06.021   509   509 F DEBUG   : 
08-06 05:33:06.021   509   509 F DEBUG   : backtrace:
08-06 05:33:06.021   509   509 F DEBUG   :     #00 pc 00000000000694ac  /system/lib64/libc.so (tgkill+8)
08-06 05:33:06.022   509   509 F DEBUG   :     #01 pc 0000000000067854  /system/lib64/libc.so (pthread_kill+68)
08-06 05:33:06.022   509   509 F DEBUG   :     #02 pc 0000000000023838  /system/lib64/libc.so (raise+28)
08-06 05:33:06.022   509   509 F DEBUG   :     #03 pc 000000000001dfd8  /system/lib64/libc.so (abort+60)
08-06 05:33:06.022   509   509 F DEBUG   :     #04 pc 000000000003e768  /system/lib64/libc++.so
08-06 05:33:06.022   509   509 F DEBUG   :     #05 pc 000000000006a594  /system/lib64/libc++.so (__cxa_pure_virtual+16)
08-06 05:33:06.022   509   509 F DEBUG   :     #06 pc 0000000000013cec  /system/lib64/libandroidfw.so (android::Asset::getAssetAllocations()+168)
08-06 05:33:06.022   509   509 F DEBUG   :     #07 pc 00000000000d6ec4  /system/lib64/libandroid_runtime.so
08-06 05:33:06.022   509   509 F DEBUG   :     #08 pc 000000007345b7b8  /data/dalvik-cache/arm64/system@framework@boot.oat (offset 0x1ed4000)
08-06 05:33:06.129   509   509 W debuggerd64: type=1400 audit(0.0:740033): avc: denied { read } for name="kgsl-3d0" dev="tmpfs" ino=1263 scontext=u:r:debuggerd:s0 tcontext=u:object_r:gpu_device:s0 tclass=chr_file permissive=0
08-06 05:33:06.956   509   509 F DEBUG   : 
08-06 05:33:06.956   509   509 F DEBUG   : Tombstone written to: /data/tombstones/tombstone_01
08-06 05:33:06.956   509   509 E DEBUG   : AM write failed: Broken pipe
08-06 05:33:06.957   918   934 I BootReceiver: Copying /data/tombstones/tombstone_01 to DropBox (SYSTEM_TOMBSTONE)
08-06 05:33:06.978   918 10600 W ActivityManager:   Force finishing activity baseline.com.newsblur/.activity.AllSharedStoriesReading
08-06 05:33:06.983   918 10600 W ActivityManager:   Force finishing activity baseline.com.newsblur/.activity.AllSharedStoriesItemsList
08-06 05:33:07.025   918  5481 I AccountManagerService: getTypesVisibleToCaller: isPermitted? true
08-06 05:33:07.030   918  6112 I WindowState: WIN DEATH: Window{2223538 u0 baseline.com.newsblur/baseline.com.newsblur.activity.AllSharedStoriesItemsList}
08-06 05:33:07.030   918  6110 D GraphicsStats: Buffer count: 4
08-06 05:33:07.032   918  3696 D ConnectivityService: ConnectivityService NetworkRequestInfo binderDied(NetworkRequest [ id=3870, legacyType=-1, [ Capabilities: INTERNET&NOT_RESTRICTED&TRUSTED] ], android.os.BinderProxy@f04f5e5)
08-06 05:33:07.032   918  3263 D ConnectivityService: releasing NetworkRequest NetworkRequest [ id=3870, legacyType=-1, [ Capabilities: INTERNET&NOT_RESTRICTED&TRUSTED] ]
08-06 05:33:07.032   918   928 I WindowState: WIN DEATH: Window{99ae802 u0 baseline.com.newsblur/baseline.com.newsblur.activity.AllSharedStoriesReading}
08-06 05:33:07.035   918  4413 I WindowState: WIN DEATH: Window{8bdb4d4 u0 baseline.com.newsblur/baseline.com.newsblur.activity.Main}
08-06 05:33:07.036   918  3263 E ConnectivityService: RemoteException caught trying to send a callback msg for NetworkRequest [ id=3870, legacyType=-1, [ Capabilities: INTERNET&NOT_RESTRICTED&TRUSTED] ]
08-06 05:33:07.039   918  3359 I AccountManagerService: getTypesVisibleToCaller: isPermitted? true
08-06 05:33:07.064   526   526 I Zygote  : Process 8766 exited due to signal (6)
08-06 05:33:07.068   918   929 I ActivityManager: Process baseline.com.newsblur (pid 8766) has died
08-06 05:33:07.115   918   929 I ActivityManager: Start proc 10605:baseline.com.newsblur/u0a698 for activity baseline.com.newsblur/.activity.Main
08-06 05:33:07.115 10605 10605 I art     : Late-enabling -Xcheck:jni
08-06 05:33:07.162 10605 10605 W System  : ClassLoader referenced unknown path: /data/app/baseline.com.newsblur-1/lib/arm64
08-06 05:33:07.225 10605 10617 I art     : Starting a blocking GC Explicit
08-06 05:33:07.246 10605 10617 I art     : Explicit concurrent mark sweep GC freed 14032(927KB) AllocSpace objects, 6(120KB) LOS objects, 40% free, 21MB/36MB, paused 253us total 21.048ms
08-06 05:33:07.253 10605 10617 I art     : Starting a blocking GC Explicit
08-06 05:33:07.264 10605 10617 I art     : Explicit concurrent mark sweep GC freed 119(5KB) AllocSpace objects, 0(0B) LOS objects, 40% free, 22MB/37MB, paused 199us total 10.180ms
08-06 05:33:07.271 10605 10617 I art     : Starting a blocking GC Explicit
08-06 05:33:07.282 10605 10617 I art     : Explicit concurrent mark sweep GC freed 114(15KB) AllocSpace objects, 0(0B) LOS objects, 40% free, 22MB/37MB, paused 380us total 10.837ms
08-06 05:33:07.289 10605 10617 I art     : Starting a blocking GC Explicit
08-06 05:33:07.299 10605 10617 I art     : Explicit concurrent mark sweep GC freed 90(6KB) AllocSpace objects, 0(0B) LOS objects, 39% free, 24MB/40MB, paused 355us total 10.385ms
08-06 05:33:07.305 10605 10605 I art     : Rejecting re-init on previously-failed class java.lang.Class<androidx.core.view.ViewCompat$OnUnhandledKeyEventListenerWrapper>
08-06 05:33:07.305 10605 10605 I art     : Rejecting re-init on previously-failed class java.lang.Class<androidx.core.view.ViewCompat$OnUnhandledKeyEventListenerWrapper>
08-06 05:33:07.306 10605 10617 I art     : Starting a blocking GC Explicit
08-06 05:33:07.316 10605 10617 I art     : Explicit concurrent mark sweep GC freed 302(69KB) AllocSpace objects, 0(0B) LOS objects, 39% free, 24MB/40MB, paused 337us total 10.506ms
08-06 05:33:07.340 10605 10605 E BitmapFactory: Unable to decode stream: java.io.FileNotFoundException: /data/user/0/baseline.com.newsblur/cache/userProfilePicture: open failed: ENOENT (No such file or directory)
08-06 05:33:07.414 10605 10634 D OpenGLRenderer: Use EGL_SWAP_BEHAVIOR_PRESERVED: true
08-06 05:33:07.438   918   936 W WindowAnimator: Failed to dispatch window animation state change.
08-06 05:33:07.438   918   936 W WindowAnimator: android.os.DeadObjectException
08-06 05:33:07.438   918   936 W WindowAnimator: 	at android.os.BinderProxy.transactNative(Native Method)
08-06 05:33:07.438   918   936 W WindowAnimator: 	at android.os.BinderProxy.transact(Binder.java:503)
08-06 05:33:07.438   918   936 W WindowAnimator: 	at android.view.IWindow$Stub$Proxy.onAnimationStopped(IWindow.java:534)
08-06 05:33:07.438   918   936 W WindowAnimator: 	at com.android.server.wm.WindowAnimator.updateWindowsLocked(WindowAnimator.java:286)
08-06 05:33:07.438   918   936 W WindowAnimator: 	at com.android.server.wm.WindowAnimator.animateLocked(WindowAnimator.java:678)
08-06 05:33:07.438   918   936 W WindowAnimator: 	at com.android.server.wm.WindowAnimator.-wrap0(WindowAnimator.java)
08-06 05:33:07.438   918   936 W WindowAnimator: 	at com.android.server.wm.WindowAnimator$1.doFrame(WindowAnimator.java:123)
08-06 05:33:07.438   918   936 W WindowAnimator: 	at android.view.Choreographer$CallbackRecord.run(Choreographer.java:856)
08-06 05:33:07.438   918   936 W WindowAnimator: 	at android.view.Choreographer.doCallbacks(Choreographer.java:670)
08-06 05:33:07.438   918   936 W WindowAnimator: 	at android.view.Choreographer.doFrame(Choreographer.java:603)
08-06 05:33:07.438   918   936 W WindowAnimator: 	at android.view.Choreographer$FrameDisplayEventReceiver.run(Choreographer.java:844)
08-06 05:33:07.438   918   936 W WindowAnimator: 	at android.os.Handler.handleCallback(Handler.java:739)
08-06 05:33:07.438   918   936 W WindowAnimator: 	at android.os.Handler.dispatchMessage(Handler.java:95)
08-06 05:33:07.438   918   936 W WindowAnimator: 	at android.os.Looper.loop(Looper.java:148)
08-06 05:33:07.438   918   936 W WindowAnimator: 	at android.os.HandlerThread.run(HandlerThread.java:61)
08-06 05:33:07.438   918   936 W WindowAnimator: 	at com.android.server.ServiceThread.run(ServiceThread.java:46)
08-06 05:33:07.472 10605 10634 I Adreno  : QUALCOMM build                   : fcf4852, I1af360237c
08-06 05:33:07.472 10605 10634 I Adreno  : Build Date                       : 09/23/15
08-06 05:33:07.472 10605 10634 I Adreno  : OpenGL ES Shader Compiler Version: XE031.05.13.02
08-06 05:33:07.472 10605 10634 I Adreno  : Local Branch                     : mybranch14465806
08-06 05:33:07.472 10605 10634 I Adreno  : Remote Branch                    : quic/LA.BF64.1.2.9_v2
08-06 05:33:07.472 10605 10634 I Adreno  : Remote Branch                    : NONE
08-06 05:33:07.472 10605 10634 I Adreno  : Reconstruct Branch               : NOTHING
08-06 05:33:07.491 10605 10634 I OpenGLRenderer: Initialized EGL, version 1.4
08-06 05:33:07.499 10605 10617 I art     : Starting a blocking GC Explicit
08-06 05:33:07.514 10605 10617 I art     : Explicit concurrent mark sweep GC freed 18539(1384KB) AllocSpace objects, 18(452KB) LOS objects, 39% free, 24MB/40MB, paused 246us total 14.878ms
08-06 05:33:07.522 10605 10617 I art     : Starting a blocking GC Explicit
08-06 05:33:07.538 10605 10617 I art     : Explicit concurrent mark sweep GC freed 1076(33KB) AllocSpace objects, 0(0B) LOS objects, 38% free, 25MB/41MB, paused 459us total 15.456ms
08-06 05:33:07.545 10605 10617 I art     : Starting a blocking GC Explicit
08-06 05:33:07.559 10605 10617 I art     : Explicit concurrent mark sweep GC freed 72(3KB) AllocSpace objects, 1(200KB) LOS objects, 38% free, 25MB/41MB, paused 419us total 14.299ms
08-06 05:33:07.567 10605 10617 I art     : Starting a blocking GC Explicit
08-06 05:33:07.582 10605 10617 I art     : Explicit concurrent mark sweep GC freed 383(12KB) AllocSpace objects, 1(200KB) LOS objects, 38% free, 25MB/41MB, paused 315us total 14.867ms
08-06 05:33:07.590 10605 10617 I art     : Starting a blocking GC Explicit
08-06 05:33:07.606 10605 10617 I art     : Explicit concurrent mark sweep GC freed 49(2288B) AllocSpace objects, 0(0B) LOS objects, 38% free, 25MB/41MB, paused 288us total 15.729ms
08-06 05:33:07.626   918   936 I ActivityManager: Displayed baseline.com.newsblur/.activity.Main: +523ms
08-06 05:33:07.907 10605 10643 I art     : Starting a blocking GC Explicit
08-06 05:33:07.922 10605 10643 I art     : Explicit concurrent mark sweep GC freed 4582(322KB) AllocSpace objects, 11(220KB) LOS objects, 38% free, 25MB/41MB, paused 207us total 14.901ms
08-06 05:33:07.930 10605 10643 I art     : Starting a blocking GC Explicit
08-06 05:33:07.944 10605 10643 I art     : Explicit concurrent mark sweep GC freed 149(6KB) AllocSpace objects, 0(0B) LOS objects, 38% free, 25MB/41MB, paused 218us total 14.410ms
08-06 05:33:07.952 10605 10643 I art     : Starting a blocking GC Explicit
08-06 05:33:07.967 10605 10643 I art     : Explicit concurrent mark sweep GC freed 3(96B) AllocSpace objects, 0(0B) LOS objects, 38% free, 25MB/41MB, paused 218us total 14.624ms
08-06 05:33:07.974 10605 10643 I art     : Starting a blocking GC Explicit
08-06 05:33:07.989 10605 10643 I art     : Explicit concurrent mark sweep GC freed 3(96B) AllocSpace objects, 0(0B) LOS objects, 38% free, 25MB/41MB, paused 210us total 14.007ms
08-06 05:33:07.996 10605 10643 I art     : Starting a blocking GC Explicit
08-06 05:33:08.010 10605 10643 I art     : Explicit concurrent mark sweep GC freed 1661(68KB) AllocSpace objects, 0(0B) LOS objects, 38% free, 25MB/41MB, paused 215us total 13.400ms
08-06 05:33:08.296 10605 10617 I art     : Starting a blocking GC Explicit
08-06 05:33:08.311 10605 10617 I art     : Explicit concurrent mark sweep GC freed 2408(122KB) AllocSpace objects, 1(20KB) LOS objects, 38% free, 25MB/41MB, paused 219us total 14.439ms
08-06 05:33:08.319 10605 10617 I art     : Starting a blocking GC Explicit
08-06 05:33:08.333 10605 10617 I art     : Explicit concurrent mark sweep GC freed 20(704B) AllocSpace objects, 0(0B) LOS objects, 38% free, 25MB/41MB, paused 223us total 14.629ms
08-06 05:33:08.341 10605 10617 I art     : Starting a blocking GC Explicit
08-06 05:33:08.356 10605 10617 I art     : Explicit concurrent mark sweep GC freed 3(96B) AllocSpace objects, 0(0B) LOS objects, 38% free, 25MB/41MB, paused 209us total 14.426ms
08-06 05:33:08.364 10605 10617 I art     : Starting a blocking GC Explicit
08-06 05:33:08.378 10605 10617 I art     : Explicit concurrent mark sweep GC freed 3(96B) AllocSpace objects, 0(0B) LOS objects, 38% free, 25MB/41MB, paused 219us total 14.312ms
08-06 05:33:08.386 10605 10617 I art     : Starting a blocking GC Explicit
08-06 05:33:08.401 10605 10617 I art     : Explicit concurrent mark sweep GC freed 3(96B) AllocSpace objects, 0(0B) LOS objects, 38% free, 25MB/41MB, paused 213us total 14.385ms
08-06 05:33:08.557   518   646 I ThermalEngine: ACTION: GPU - Setting GPU[0] to 450000000
08-06 05:33:08.725 10605 10643 I art     : Starting a blocking GC Explicit
08-06 05:33:08.745 10605 10643 I art     : Explicit concurrent mark sweep GC freed 1387(80KB) AllocSpace objects, 1(20KB) LOS objects, 38% free, 25MB/41MB, paused 279us total 19.273ms
08-06 05:33:08.756 10605 10643 I art     : Starting a blocking GC Explicit
08-06 05:33:08.776 10605 10643 I art     : Explicit concurrent mark sweep GC freed 24(832B) AllocSpace objects, 0(0B) LOS objects, 38% free, 25MB/41MB, paused 266us total 19.299ms
08-06 05:33:08.787 10605 10643 I art     : Starting a blocking GC Explicit
08-06 05:33:08.808 10605 10643 I art     : Explicit concurrent mark sweep GC freed 8(256B) AllocSpace objects, 0(0B) LOS objects, 38% free, 25MB/41MB, paused 289us total 20.304ms
08-06 05:33:08.818 10605 10643 I art     : Starting a blocking GC Explicit
08-06 05:33:08.837 10605 10643 I art     : Explicit concurrent mark sweep GC freed 5(160B) AllocSpace objects, 0(0B) LOS objects, 38% free, 25MB/41MB, paused 457us total 18.354ms
08-06 05:33:08.847 10605 10643 I art     : Starting a blocking GC Explicit
08-06 05:33:08.865 10605 10643 I art     : Explicit concurrent mark sweep GC freed 7(224B) AllocSpace objects, 0(0B) LOS objects, 38% free, 25MB/41MB, paused 281us total 17.443ms
08-06 05:33:09.168 10605 10616 I art     : Starting a blocking GC Explicit
08-06 05:33:09.191 10605 10616 I art     : Explicit concurrent mark sweep GC freed 1377(80KB) AllocSpace objects, 1(20KB) LOS objects, 38% free, 25MB/41MB, paused 355us total 22.341ms
08-06 05:33:09.203 10605 10616 I art     : Starting a blocking GC Explicit
08-06 05:33:09.225 10605 10616 I art     : Explicit concurrent mark sweep GC freed 20(704B) AllocSpace objects, 0(0B) LOS objects, 38% free, 25MB/41MB, paused 303us total 21.546ms
08-06 05:33:09.237 10605 10616 I art     : Starting a blocking GC Explicit
08-06 05:33:09.255 10605 10616 I art     : Explicit concurrent mark sweep GC freed 3(96B) AllocSpace objects, 0(0B) LOS objects, 38% free, 25MB/41MB, paused 273us total 18.286ms
08-06 05:33:09.265 10605 10616 I art     : Starting a blocking GC Explicit
08-06 05:33:09.285 10605 10616 I art     : Explicit concurrent mark sweep GC freed 3(96B) AllocSpace objects, 0(0B) LOS objects, 38% free, 25MB/41MB, paused 288us total 19.138ms
08-06 05:33:09.295 10605 10616 I art     : Starting a blocking GC Explicit
08-06 05:33:09.314 10605 10616 I art     : Explicit concurrent mark sweep GC freed 3(96B) AllocSpace objects, 0(0B) LOS objects, 38% free, 25MB/41MB, paused 277us total 19.136ms
08-06 05:33:09.638 10605 10643 I art     : Starting a blocking GC Explicit
08-06 05:33:09.660 10605 10643 I art     : Explicit concurrent mark sweep GC freed 1374(79KB) AllocSpace objects, 1(20KB) LOS objects, 38% free, 25MB/41MB, paused 298us total 21.857ms
08-06 05:33:09.672 10605 10643 I art     : Starting a blocking GC Explicit
08-06 05:33:09.692 10605 10643 I art     : Explicit concurrent mark sweep GC freed 20(704B) AllocSpace objects, 0(0B) LOS objects, 38% free, 25MB/41MB, paused 328us total 20.178ms
08-06 05:33:09.702 10605 10643 I art     : Starting a blocking GC Explicit
08-06 05:33:09.722 10605 10643 I art     : Explicit concurrent mark sweep GC freed 3(96B) AllocSpace objects, 0(0B) LOS objects, 38% free, 25MB/41MB, paused 291us total 19.286ms
08-06 05:33:09.732 10605 10643 I art     : Starting a blocking GC Explicit
08-06 05:33:09.751 10605 10643 I art     : Explicit concurrent mark sweep GC freed 3(96B) AllocSpace objects, 0(0B) LOS objects, 38% free, 25MB/41MB, paused 286us total 18.610ms
08-06 05:33:09.761 10605 10643 I art     : Starting a blocking GC Explicit
08-06 05:33:09.780 10605 10643 I art     : Explicit concurrent mark sweep GC freed 3(96B) AllocSpace objects, 0(0B) LOS objects, 38% free, 25MB/41MB, paused 293us total 19.099ms
08-06 05:33:10.096 10605 10617 I art     : Starting a blocking GC Explicit
08-06 05:33:10.118 10605 10617 I art     : Explicit concurrent mark sweep GC freed 1374(79KB) AllocSpace objects, 1(20KB) LOS objects, 38% free, 25MB/41MB, paused 549us total 21.789ms
08-06 05:33:10.135 10605 10617 I art     : Starting a blocking GC Explicit
08-06 05:33:10.153 10605 10617 I art     : Explicit concurrent mark sweep GC freed 20(704B) AllocSpace objects, 0(0B) LOS objects, 38% free, 25MB/41MB, paused 293us total 17.659ms
08-06 05:33:10.163 10605 10617 I art     : Starting a blocking GC Explicit
08-06 05:33:10.181 10605 10617 I art     : Explicit concurrent mark sweep GC freed 3(96B) AllocSpace objects, 0(0B) LOS objects, 38% free, 25MB/41MB, paused 287us total 17.844ms
08-06 05:33:10.191 10605 10617 I art     : Starting a blocking GC Explicit
08-06 05:33:10.211 10605 10617 I art     : Explicit concurrent mark sweep GC freed 3(96B) AllocSpace objects, 0(0B) LOS objects, 38% free, 25MB/41MB, paused 297us total 19.890ms
08-06 05:33:10.221 10605 10617 I art     : Starting a blocking GC Explicit
08-06 05:33:10.240 10605 10617 I art     : Explicit concurrent mark sweep GC freed 3(96B) AllocSpace objects, 0(0B) LOS objects, 38% free, 25MB/41MB, paused 292us total 18.808ms
08-06 05:33:10.557 10605 10616 I art     : Starting a blocking GC Explicit
08-06 05:33:10.576 10605 10616 I art     : Explicit concurrent mark sweep GC freed 1373(79KB) AllocSpace objects, 1(20KB) LOS objects, 38% free, 25MB/41MB, paused 278us total 18.384ms
08-06 05:33:10.587 10605 10616 I art     : Starting a blocking GC Explicit
08-06 05:33:10.607 10605 10616 I art     : Explicit concurrent mark sweep GC freed 20(704B) AllocSpace objects, 0(0B) LOS objects, 38% free, 25MB/41MB, paused 304us total 19.802ms
08-06 05:33:10.617 10605 10616 I art     : Starting a blocking GC Explicit
08-06 05:33:10.637 10605 10616 I art     : Explicit concurrent mark sweep GC freed 3(96B) AllocSpace objects, 0(0B) LOS objects, 38% free, 25MB/41MB, paused 440us total 19.430ms
08-06 05:33:10.647 10605 10616 I art     : Starting a blocking GC Explicit
08-06 05:33:10.666 10605 10616 I art     : Explicit concurrent mark sweep GC freed 3(96B) AllocSpace objects, 0(0B) LOS objects, 38% free, 25MB/41MB, paused 283us total 18.977ms
08-06 05:33:10.677 10605 10616 I art     : Starting a blocking GC Explicit
08-06 05:33:10.696 10605 10616 I art     : Explicit concurrent mark sweep GC freed 3(96B) AllocSpace objects, 0(0B) LOS objects, 38% free, 25MB/41MB, paused 296us total 19.256ms
08-06 05:33:10.999 10605 10643 I art     : Starting a blocking GC Explicit
08-06 05:33:11.025 10605 10643 I art     : Explicit concurrent mark sweep GC freed 1373(79KB) AllocSpace objects, 1(20KB) LOS objects, 38% free, 25MB/41MB, paused 337us total 25.522ms
08-06 05:33:11.038 10605 10643 I art     : Starting a blocking GC Explicit
08-06 05:33:11.059 10605 10643 I art     : Explicit concurrent mark sweep GC freed 20(704B) AllocSpace objects, 0(0B) LOS objects, 38% free, 25MB/41MB, paused 319us total 21.512ms
08-06 05:33:11.071 10605 10643 I art     : Starting a blocking GC Explicit
08-06 05:33:11.089 10605 10643 I art     : Explicit concurrent mark sweep GC freed 3(96B) AllocSpace objects, 0(0B) LOS objects, 38% free, 25MB/41MB, paused 293us total 18.229ms
08-06 05:33:11.099 10605 10643 I art     : Starting a blocking GC Explicit
08-06 05:33:11.119 10605 10643 I art     : Explicit concurrent mark sweep GC freed 3(96B) AllocSpace objects, 0(0B) LOS objects, 38% free, 25MB/41MB, paused 301us total 19.261ms
08-06 05:33:11.128 10605 10643 I art     : Starting a blocking GC Explicit
08-06 05:33:11.148 10605 10643 I art     : Explicit concurrent mark sweep GC freed 3(96B) AllocSpace objects, 0(0B) LOS objects, 38% free, 25MB/41MB, paused 299us total 19.004ms
08-06 05:33:11.474 10605 10617 I art     : Starting a blocking GC Explicit
08-06 05:33:11.494 10605 10617 I art     : Explicit concurrent mark sweep GC freed 1374(79KB) AllocSpace objects, 1(20KB) LOS objects, 38% free, 25MB/41MB, paused 297us total 19.776ms
08-06 05:33:11.504 10605 10617 I art     : Starting a blocking GC Explicit
08-06 05:33:11.522 10605 10617 I art     : Explicit concurrent mark sweep GC freed 20(704B) AllocSpace objects, 0(0B) LOS objects, 38% free, 25MB/41MB, paused 290us total 18.048ms
08-06 05:33:11.532 10605 10617 I art     : Starting a blocking GC Explicit
08-06 05:33:11.552 10605 10617 I art     : Explicit concurrent mark sweep GC freed 3(96B) AllocSpace objects, 0(0B) LOS objects, 38% free, 25MB/41MB, paused 294us total 19.355ms
08-06 05:33:11.562 10605 10617 I art     : Starting a blocking GC Explicit
08-06 05:33:11.566   518   646 I ThermalEngine: ACTION: GPU - Setting GPU[0] to 510000000
08-06 05:33:11.581 10605 10617 I art     : Explicit concurrent mark sweep GC freed 3(96B) AllocSpace objects, 0(0B) LOS objects, 38% free, 25MB/41MB, paused 284us total 18.380ms
08-06 05:33:11.591 10605 10617 I art     : Starting a blocking GC Explicit
08-06 05:33:11.610 10605 10617 I art     : Explicit concurrent mark sweep GC freed 3(96B) AllocSpace objects, 0(0B) LOS objects, 38% free, 25MB/41MB, paused 239us total 18.546ms
08-06 05:33:11.900 10605 10616 I art     : Starting a blocking GC Explicit
08-06 05:33:11.917 10605 10616 I art     : Explicit concurrent mark sweep GC freed 1374(79KB) AllocSpace objects, 1(20KB) LOS objects, 38% free, 25MB/41MB, paused 240us total 16.362ms
08-06 05:33:11.927 10605 10616 I art     : Starting a blocking GC Explicit
08-06 05:33:11.944 10605 10616 I art     : Explicit concurrent mark sweep GC freed 20(704B) AllocSpace objects, 0(0B) LOS objects, 38% free, 25MB/41MB, paused 198us total 16.374ms
08-06 05:33:11.952 10605 10616 I art     : Starting a blocking GC Explicit
08-06 05:33:11.966 10605 10616 I art     : Explicit concurrent mark sweep GC freed 3(96B) AllocSpace objects, 0(0B) LOS objects, 38% free, 25MB/41MB, paused 205us total 13.891ms
08-06 05:33:11.973 10605 10616 I art     : Starting a blocking GC Explicit
08-06 05:33:11.988 10605 10616 I art     : Explicit concurrent mark sweep GC freed 3(96B) AllocSpace objects, 0(0B) LOS objects, 38% free, 25MB/41MB, paused 205us total 13.986ms
08-06 05:33:11.995 10605 10616 I art     : Starting a blocking GC Explicit
08-06 05:33:12.009 10605 10616 I art     : Explicit concurrent mark sweep GC freed 3(96B) AllocSpace objects, 0(0B) LOS objects, 38% free, 25MB/41MB, paused 207us total 13.889ms
08-06 05:33:12.324 10605 10643 I art     : Starting a blocking GC Explicit
08-06 05:33:12.344 10605 10643 I art     : Explicit concurrent mark sweep GC freed 1374(79KB) AllocSpace objects, 1(20KB) LOS objects, 38% free, 25MB/41MB, paused 263us total 19.849ms
08-06 05:33:12.354 10605 10643 I art     : Starting a blocking GC Explicit
08-06 05:33:12.369 10605 10643 I art     : Explicit concurrent mark sweep GC freed 20(704B) AllocSpace objects, 0(0B) LOS objects, 38% free, 25MB/41MB, paused 210us total 14.263ms
08-06 05:33:12.377 10605 10643 I art     : Starting a blocking GC Explicit
08-06 05:33:12.391 10605 10643 I art     : Explicit concurrent mark sweep GC freed 3(96B) AllocSpace objects, 0(0B) LOS objects, 38% free, 25MB/41MB, paused 217us total 14.183ms
08-06 05:33:12.399 10605 10643 I art     : Starting a blocking GC Explicit
08-06 05:33:12.413 10605 10643 I art     : Explicit concurrent mark sweep GC freed 3(96B) AllocSpace objects, 0(0B) LOS objects, 38% free, 25MB/41MB, paused 214us total 14.216ms
08-06 05:33:12.421 10605 10643 I art     : Starting a blocking GC Explicit
08-06 05:33:12.436 10605 10643 I art     : Explicit concurrent mark sweep GC freed 3(96B) AllocSpace objects, 0(0B) LOS objects, 38% free, 25MB/41MB, paused 218us total 14.312ms
08-06 05:33:12.629   918  3188 I hubconnection: sensorhub said: 'set_bias 3: -5.7600, 0.0000, 0.0000'
08-06 05:33:12.744 10605 10617 I art     : Starting a blocking GC Explicit
08-06 05:33:12.761 10605 10617 I art     : Explicit concurrent mark sweep GC freed 1374(79KB) AllocSpace objects, 1(20KB) LOS objects, 38% free, 25MB/41MB, paused 243us total 17.639ms
08-06 05:33:12.772 10605 10617 I art     : Starting a blocking GC Explicit
08-06 05:33:12.786 10605 10617 I art     : Explicit concurrent mark sweep GC freed 20(704B) AllocSpace objects, 0(0B) LOS objects, 38% free, 25MB/41MB, paused 217us total 14.295ms
08-06 05:33:12.794 10605 10617 I art     : Starting a blocking GC Explicit
08-06 05:33:12.808 10605 10617 I art     : Explicit concurrent mark sweep GC freed 3(96B) AllocSpace objects, 0(0B) LOS objects, 38% free, 25MB/41MB, paused 248us total 14.199ms
08-06 05:33:12.816 10605 10617 I art     : Starting a blocking GC Explicit
08-06 05:33:12.830 10605 10617 I art     : Explicit concurrent mark sweep GC freed 3(96B) AllocSpace objects, 0(0B) LOS objects, 38% free, 25MB/41MB, paused 202us total 13.622ms
08-06 05:33:12.838 10605 10617 I art     : Starting a blocking GC Explicit
08-06 05:33:12.852 10605 10617 I art     : Explicit concurrent mark sweep GC freed 3(96B) AllocSpace objects, 0(0B) LOS objects, 38% free, 25MB/41MB, paused 226us total 14.207ms
08-06 05:33:13.162 10605 10616 I art     : Starting a blocking GC Explicit
08-06 05:33:13.183 10605 10616 I art     : Explicit concurrent mark sweep GC freed 1374(79KB) AllocSpace objects, 1(20KB) LOS objects, 38% free, 25MB/41MB, paused 235us total 20.868ms
08-06 05:33:13.196 10605 10616 I art     : Starting a blocking GC Explicit
08-06 05:33:13.211 10605 10616 I art     : Explicit concurrent mark sweep GC freed 20(704B) AllocSpace objects, 0(0B) LOS objects, 38% free, 25MB/41MB, paused 204us total 14.510ms
08-06 05:33:13.218 10605 10616 I art     : Starting a blocking GC Explicit
08-06 05:33:13.232 10605 10616 I art     : Explicit concurrent mark sweep GC freed 3(96B) AllocSpace objects, 0(0B) LOS objects, 38% free, 25MB/41MB, paused 199us total 13.800ms
08-06 05:33:13.240 10605 10616 I art     : Starting a blocking GC Explicit
08-06 05:33:13.254 10605 10616 I art     : Explicit concurrent mark sweep GC freed 3(96B) AllocSpace objects, 0(0B) LOS objects, 38% free, 25MB/41MB, paused 206us total 13.972ms
08-06 05:33:13.262 10605 10616 I art     : Starting a blocking GC Explicit
08-06 05:33:13.276 10605 10616 I art     : Explicit concurrent mark sweep GC freed 3(96B) AllocSpace objects, 0(0B) LOS objects, 38% free, 25MB/41MB, paused 208us total 14.082ms
08-06 05:33:13.571 10605 10643 I art     : Starting a blocking GC Explicit
08-06 05:33:13.589 10605 10643 I art     : Explicit concurrent mark sweep GC freed 1373(79KB) AllocSpace objects, 1(20KB) LOS objects, 38% free, 25MB/41MB, paused 246us total 17.599ms
08-06 05:33:13.599 10605 10643 I art     : Starting a blocking GC Explicit
08-06 05:33:13.616 10605 10643 I art     : Explicit concurrent mark sweep GC freed 20(704B) AllocSpace objects, 0(0B) LOS objects, 38% free, 25MB/41MB, paused 234us total 16.659ms
08-06 05:33:13.628 10605 10643 I art     : Starting a blocking GC Explicit
08-06 05:33:13.642 10605 10643 I art     : Explicit concurrent mark sweep GC freed 3(96B) AllocSpace objects, 0(0B) LOS objects, 38% free, 25MB/41MB, paused 222us total 14.320ms
08-06 05:33:13.650 10605 10643 I art     : Starting a blocking GC Explicit
08-06 05:33:13.664 10605 10643 I art     : Explicit concurrent mark sweep GC freed 3(96B) AllocSpace objects, 0(0B) LOS objects, 38% free, 25MB/41MB, paused 209us total 14.090ms
08-06 05:33:13.672 10605 10643 I art     : Starting a blocking GC Explicit
08-06 05:33:13.686 10605 10643 I art     : Explicit concurrent mark sweep GC freed 3(96B) AllocSpace objects, 0(0B) LOS objects, 38% free, 25MB/41MB, paused 211us total 13.890ms
08-06 05:33:13.978 10605 10617 I art     : Starting a blocking GC Explicit
08-06 05:33:13.999 10605 10617 I art     : Explicit concurrent mark sweep GC freed 1374(79KB) AllocSpace objects, 1(20KB) LOS objects, 38% free, 25MB/41MB, paused 271us total 20.783ms
08-06 05:33:14.010 10605 10617 I art     : Starting a blocking GC Explicit
08-06 05:33:14.027 10605 10617 I art     : Explicit concurrent mark sweep GC freed 20(704B) AllocSpace objects, 0(0B) LOS objects, 38% free, 25MB/41MB, paused 430us total 16.880ms
08-06 05:33:14.036 10605 10617 I art     : Starting a blocking GC Explicit
08-06 05:33:14.050 10605 10617 I art     : Explicit concurrent mark sweep GC freed 3(96B) AllocSpace objects, 0(0B) LOS objects, 38% free, 25MB/41MB, paused 205us total 13.757ms
08-06 05:33:14.058 10605 10617 I art     : Starting a blocking GC Explicit
08-06 05:33:14.073 10605 10617 I art     : Explicit concurrent mark sweep GC freed 3(96B) AllocSpace objects, 0(0B) LOS objects, 38% free, 25MB/41MB, paused 220us total 14.250ms
08-06 05:33:14.081 10605 10617 I art     : Starting a blocking GC Explicit
08-06 05:33:14.095 10605 10617 I art     : Explicit concurrent mark sweep GC freed 3(96B) AllocSpace objects, 0(0B) LOS objects, 38% free, 25MB/41MB, paused 212us total 14.139ms
08-06 05:33:14.409 10605 10616 I art     : Starting a blocking GC Explicit
08-06 05:33:14.427 10605 10616 I art     : Explicit concurrent mark sweep GC freed 1374(79KB) AllocSpace objects, 1(20KB) LOS objects, 38% free, 25MB/41MB, paused 229us total 16.891ms
08-06 05:33:14.437 10605 10616 I art     : Starting a blocking GC Explicit
08-06 05:33:14.454 10605 10616 I art     : Explicit concurrent mark sweep GC freed 20(704B) AllocSpace objects, 0(0B) LOS objects, 38% free, 25MB/41MB, paused 218us total 16.680ms
08-06 05:33:14.463 10605 10616 I art     : Starting a blocking GC Explicit
08-06 05:33:14.477 10605 10616 I art     : Explicit concurrent mark sweep GC freed 3(96B) AllocSpace objects, 0(0B) LOS objects, 38% free, 25MB/41MB, paused 221us total 13.980ms
08-06 05:33:14.485 10605 10616 I art     : Starting a blocking GC Explicit
08-06 05:33:14.500 10605 10616 I art     : Explicit concurrent mark sweep GC freed 3(96B) AllocSpace objects, 0(0B) LOS objects, 38% free, 25MB/41MB, paused 209us total 14.476ms
08-06 05:33:14.507 10605 10616 I art     : Starting a blocking GC Explicit
08-06 05:33:14.522 10605 10616 I art     : Explicit concurrent mark sweep GC freed 3(96B) AllocSpace objects, 0(0B) LOS objects, 38% free, 25MB/41MB, paused 207us total 13.993ms
08-06 05:33:14.818 10605 10643 I art     : Starting a blocking GC Explicit
08-06 05:33:14.836 10605 10643 I art     : Explicit concurrent mark sweep GC freed 1374(79KB) AllocSpace objects, 1(20KB) LOS objects, 38% free, 25MB/41MB, paused 228us total 17.515ms
08-06 05:33:14.846 10605 10643 I art     : Starting a blocking GC Explicit
08-06 05:33:14.863 10605 10643 I art     : Explicit concurrent mark sweep GC freed 20(704B) AllocSpace objects, 0(0B) LOS objects, 38% free, 25MB/41MB, paused 223us total 16.343ms
08-06 05:33:14.873 10605 10643 I art     : Starting a blocking GC Explicit
08-06 05:33:14.890 10605 10643 I art     : Explicit concurrent mark sweep GC freed 3(96B) AllocSpace objects, 0(0B) LOS objects, 38% free, 25MB/41MB, paused 217us total 16.079ms
08-06 05:33:14.898 10605 10643 I art     : Starting a blocking GC Explicit
08-06 05:33:14.912 10605 10643 I art     : Explicit concurrent mark sweep GC freed 3(96B) AllocSpace objects, 0(0B) LOS objects, 38% free, 25MB/41MB, paused 222us total 13.973ms
08-06 05:33:14.920 10605 10643 I art     : Starting a blocking GC Explicit
08-06 05:33:14.934 10605 10643 I art     : Explicit concurrent mark sweep GC freed 3(96B) AllocSpace objects, 0(0B) LOS objects, 38% free, 25MB/41MB, paused 215us total 14.395ms
08-06 05:33:15.244 10605 10617 I art     : Starting a blocking GC Explicit
08-06 05:33:15.261 10605 10617 I art     : Explicit concurrent mark sweep GC freed 1374(79KB) AllocSpace objects, 1(20KB) LOS objects, 38% free, 25MB/41MB, paused 240us total 17.456ms
08-06 05:33:15.273 10605 10617 I art     : Starting a blocking GC Explicit
08-06 05:33:15.290 10605 10617 I art     : Explicit concurrent mark sweep GC freed 20(704B) AllocSpace objects, 0(0B) LOS objects, 38% free, 25MB/41MB, paused 243us total 16.269ms
08-06 05:33:15.300 10605 10617 I art     : Starting a blocking GC Explicit
08-06 05:33:15.314 10605 10617 I art     : Explicit concurrent mark sweep GC freed 3(96B) AllocSpace objects, 0(0B) LOS objects, 38% free, 25MB/41MB, paused 217us total 14.122ms
08-06 05:33:15.322 10605 10617 I art     : Starting a blocking GC Explicit
08-06 05:33:15.336 10605 10617 I art     : Explicit concurrent mark sweep GC freed 3(96B) AllocSpace objects, 0(0B) LOS objects, 38% free, 25MB/41MB, paused 216us total 14.274ms
08-06 05:33:15.344 10605 10617 I art     : Starting a blocking GC Explicit
08-06 05:33:15.359 10605 10617 I art     : Explicit concurrent mark sweep GC freed 3(96B) AllocSpace objects, 0(0B) LOS objects, 38% free, 25MB/41MB, paused 215us total 14.363ms
08-06 05:33:15.665 10605 10616 I art     : Starting a blocking GC Explicit
08-06 05:33:15.683 10605 10616 I art     : Explicit concurrent mark sweep GC freed 1373(79KB) AllocSpace objects, 1(20KB) LOS objects, 38% free, 25MB/41MB, paused 217us total 17.139ms
08-06 05:33:15.693 10605 10616 I art     : Starting a blocking GC Explicit
08-06 05:33:15.710 10605 10616 I art     : Explicit concurrent mark sweep GC freed 20(704B) AllocSpace objects, 0(0B) LOS objects, 38% free, 25MB/41MB, paused 213us total 16.525ms
08-06 05:33:15.720 10605 10616 I art     : Starting a blocking GC Explicit
08-06 05:33:15.735 10605 10616 I art     : Explicit concurrent mark sweep GC freed 3(96B) AllocSpace objects, 0(0B) LOS objects, 38% free, 25MB/41MB, paused 202us total 14.726ms
08-06 05:33:15.743 10605 10616 I art     : Starting a blocking GC Explicit
08-06 05:33:15.757 10605 10616 I art     : Explicit concurrent mark sweep GC freed 3(96B) AllocSpace objects, 0(0B) LOS objects, 38% free, 25MB/41MB, paused 207us total 13.912ms
08-06 05:33:15.765 10605 10616 I art     : Starting a blocking GC Explicit
08-06 05:33:15.779 10605 10616 I art     : Explicit concurrent mark sweep GC freed 3(96B) AllocSpace objects, 0(0B) LOS objects, 38% free, 25MB/41MB, paused 195us total 14.031ms
08-06 05:33:16.003   918  3261 D WifiStateMachine: starting scan for "H369AA63323"WPA_PSK with 2412,5180
08-06 05:33:16.068 10605 10643 I art     : Starting a blocking GC Explicit
08-06 05:33:16.084 10605 10643 I art     : Explicit concurrent mark sweep GC freed 1374(79KB) AllocSpace objects, 1(20KB) LOS objects, 38% free, 25MB/41MB, paused 222us total 15.462ms
08-06 05:33:16.094 10605 10643 I art     : Starting a blocking GC Explicit
08-06 05:33:16.109 10605 10643 I art     : Explicit concurrent mark sweep GC freed 20(704B) AllocSpace objects, 0(0B) LOS objects, 38% free, 25MB/41MB, paused 209us total 14.178ms
08-06 05:33:16.116 10605 10643 I art     : Starting a blocking GC Explicit
08-06 05:33:16.130 10605 10643 I art     : Explicit concurrent mark sweep GC freed 3(96B) AllocSpace objects, 0(0B) LOS objects, 38% free, 25MB/41MB, paused 222us total 13.832ms
08-06 05:33:16.138 10605 10643 I art     : Starting a blocking GC Explicit
08-06 05:33:16.152 10605 10643 I art     : Explicit concurrent mark sweep GC freed 3(96B) AllocSpace objects, 0(0B) LOS objects, 38% free, 25MB/41MB, paused 216us total 13.933ms
08-06 05:33:16.160 10605 10643 I art     : Starting a blocking GC Explicit
08-06 05:33:16.174 10605 10643 I art     : Explicit concurrent mark sweep GC freed 3(96B) AllocSpace objects, 0(0B) LOS objects, 38% free, 25MB/41MB, paused 216us total 14.007ms
08-06 05:33:16.481 10605 10617 I art     : Starting a blocking GC Explicit
08-06 05:33:16.499 10605 10617 I art     : Explicit concurrent mark sweep GC freed 1373(79KB) AllocSpace objects, 1(20KB) LOS objects, 38% free, 25MB/41MB, paused 246us total 17.773ms
08-06 05:33:16.510 10605 10617 I art     : Starting a blocking GC Explicit
08-06 05:33:16.527 10605 10617 I art     : Explicit concurrent mark sweep GC freed 20(704B) AllocSpace objects, 0(0B) LOS objects, 38% free, 25MB/41MB, paused 231us total 16.564ms
08-06 05:33:16.536 10605 10617 I art     : Starting a blocking GC Explicit
08-06 05:33:16.551 10605 10617 I art     : Explicit concurrent mark sweep GC freed 3(96B) AllocSpace objects, 0(0B) LOS objects, 38% free, 25MB/41MB, paused 225us total 14.192ms
08-06 05:33:16.558 10605 10617 I art     : Starting a blocking GC Explicit
08-06 05:33:16.573 10605 10617 I art     : Explicit concurrent mark sweep GC freed 3(96B) AllocSpace objects, 0(0B) LOS objects, 38% free, 25MB/41MB, paused 215us total 14.064ms
08-06 05:33:16.581 10605 10617 I art     : Starting a blocking GC Explicit
08-06 05:33:16.594 10605 10617 I art     : Explicit concurrent mark sweep GC freed 3(96B) AllocSpace objects, 0(0B) LOS objects, 38% free, 25MB/41MB, paused 208us total 13.159ms
08-06 05:33:16.902 10605 10616 I art     : Starting a blocking GC Explicit
08-06 05:33:16.916 10605 10616 I art     : Explicit concurrent mark sweep GC freed 1374(79KB) AllocSpace objects, 1(20KB) LOS objects, 38% free, 25MB/41MB, paused 220us total 14.513ms
08-06 05:33:16.924 10605 10616 I art     : Starting a blocking GC Explicit
08-06 05:33:16.938 10605 10616 I art     : Explicit concurrent mark sweep GC freed 20(704B) AllocSpace objects, 0(0B) LOS objects, 38% free, 25MB/41MB, paused 217us total 13.869ms
08-06 05:33:16.946 10605 10616 I art     : Starting a blocking GC Explicit
08-06 05:33:16.959 10605 10616 I art     : Explicit concurrent mark sweep GC freed 3(96B) AllocSpace objects, 0(0B) LOS objects, 38% free, 25MB/41MB, paused 218us total 13.684ms
08-06 05:33:16.967 10605 10616 I art     : Starting a blocking GC Explicit
08-06 05:33:16.981 10605 10616 I art     : Explicit concurrent mark sweep GC freed 3(96B) AllocSpace objects, 0(0B) LOS objects, 38% free, 25MB/41MB, paused 198us total 13.206ms
08-06 05:33:16.988 10605 10616 I art     : Starting a blocking GC Explicit
08-06 05:33:17.002 10605 10616 I art     : Explicit concurrent mark sweep GC freed 3(96B) AllocSpace objects, 0(0B) LOS objects, 38% free, 25MB/41MB, paused 199us total 13.358ms
08-06 05:33:17.244 10868 10868 D AndroidRuntime: >>>>>> START com.android.internal.os.RuntimeInit uid 2000 <<<<<<
08-06 05:33:17.249 10868 10868 D AndroidRuntime: CheckJNI is OFF
08-06 05:33:17.275 10605 10643 I art     : Starting a blocking GC Explicit
08-06 05:33:17.284 10868 10868 D ICU     : No timezone override file found: /data/misc/zoneinfo/current/icu/icu_tzdata.dat
08-06 05:33:17.289 10605 10643 I art     : Explicit concurrent mark sweep GC freed 1374(79KB) AllocSpace objects, 1(20KB) LOS objects, 38% free, 25MB/41MB, paused 213us total 14.301ms
08-06 05:33:17.297 10605 10643 I art     : Starting a blocking GC Explicit
08-06 05:33:17.311 10605 10643 I art     : Explicit concurrent mark sweep GC freed 20(704B) AllocSpace objects, 0(0B) LOS objects, 38% free, 25MB/41MB, paused 214us total 13.506ms
08-06 05:33:17.318 10605 10643 I art     : Starting a blocking GC Explicit
08-06 05:33:17.319 10868 10868 I Radio-JNI: register_android_hardware_Radio DONE
08-06 05:33:17.330 10605 10643 I art     : Explicit concurrent mark sweep GC freed 3(96B) AllocSpace objects, 0(0B) LOS objects, 38% free, 25MB/41MB, paused 214us total 12.742ms
08-06 05:33:17.337 10605 10643 I art     : Starting a blocking GC Explicit
08-06 05:33:17.340 10868 10868 D AndroidRuntime: Calling main entry com.android.commands.input.Input
08-06 05:33:17.341 10868 10868 I Input   : injectKeyEvent: KeyEvent { action=ACTION_DOWN, keyCode=KEYCODE_BACK, scanCode=0, metaState=0, flags=0x0, repeatCount=0, eventTime=855213755, downTime=855213755, deviceId=-1, source=0x101 }
08-06 05:33:17.346 10868 10868 I Input   : injectKeyEvent: KeyEvent { action=ACTION_UP, keyCode=KEYCODE_BACK, scanCode=0, metaState=0, flags=0x0, repeatCount=0, eventTime=855213755, downTime=855213755, deviceId=-1, source=0x101 }
08-06 05:33:17.347 10868 10868 D AndroidRuntime: Shutting down VM
08-06 05:33:17.350 10605 10643 I art     : Explicit concurrent mark sweep GC freed 3(96B) AllocSpace objects, 0(0B) LOS objects, 38% free, 25MB/41MB, paused 212us total 12.615ms
08-06 05:33:17.350 10605 10615 I art     : WaitForGcToComplete blocked for 5.998ms for cause HeapTrim
08-06 05:33:17.357 10605 10643 I art     : Starting a blocking GC Explicit
08-06 05:33:17.370 10605 10643 I art     : Explicit concurrent mark sweep GC freed 3(96B) AllocSpace objects, 0(0B) LOS objects, 38% free, 25MB/41MB, paused 206us total 12.910ms
08-06 05:33:17.632 10605 10617 I art     : Starting a blocking GC Explicit
08-06 05:33:17.649 10605 10617 I art     : Explicit concurrent mark sweep GC freed 1374(79KB) AllocSpace objects, 1(20KB) LOS objects, 38% free, 25MB/41MB, paused 229us total 15.793ms
08-06 05:33:17.662 10605 10617 I art     : Starting a blocking GC Explicit
08-06 05:33:17.675 10605 10617 I art     : Explicit concurrent mark sweep GC freed 20(704B) AllocSpace objects, 0(0B) LOS objects, 38% free, 25MB/41MB, paused 209us total 13.591ms
08-06 05:33:17.683 10605 10617 I art     : Starting a blocking GC Explicit
08-06 05:33:17.696 10605 10617 I art     : Explicit concurrent mark sweep GC freed 3(96B) AllocSpace objects, 0(0B) LOS objects, 38% free, 25MB/41MB, paused 213us total 13.525ms
08-06 05:33:17.704 10605 10617 I art     : Starting a blocking GC Explicit
08-06 05:33:17.718 10605 10617 I art     : Explicit concurrent mark sweep GC freed 3(96B) AllocSpace objects, 0(0B) LOS objects, 38% free, 25MB/41MB, paused 213us total 14.226ms
08-06 05:33:17.726 10605 10617 I art     : Starting a blocking GC Explicit
08-06 05:33:17.740 10605 10617 I art     : Explicit concurrent mark sweep GC freed 3(96B) AllocSpace objects, 0(0B) LOS objects, 38% free, 25MB/41MB, paused 215us total 14.082ms
08-06 05:33:18.025 10605 10616 I art     : Starting a blocking GC Explicit
08-06 05:33:18.043 10605 10616 I art     : Explicit concurrent mark sweep GC freed 1374(79KB) AllocSpace objects, 1(20KB) LOS objects, 38% free, 25MB/41MB, paused 234us total 18.118ms
08-06 05:33:18.053 10605 10616 I art     : Starting a blocking GC Explicit
08-06 05:33:18.068 10605 10616 I art     : Explicit concurrent mark sweep GC freed 20(704B) AllocSpace objects, 0(0B) LOS objects, 38% free, 25MB/41MB, paused 213us total 14.347ms
08-06 05:33:18.076 10605 10616 I art     : Starting a blocking GC Explicit
08-06 05:33:18.090 10605 10616 I art     : Explicit concurrent mark sweep GC freed 3(96B) AllocSpace objects, 0(0B) LOS objects, 38% free, 25MB/41MB, paused 227us total 14.212ms
08-06 05:33:18.098 10605 10616 I art     : Starting a blocking GC Explicit
08-06 05:33:18.112 10605 10616 I art     : Explicit concurrent mark sweep GC freed 3(96B) AllocSpace objects, 0(0B) LOS objects, 38% free, 25MB/41MB, paused 234us total 13.706ms
08-06 05:33:18.120 10605 10616 I art     : Starting a blocking GC Explicit
08-06 05:33:18.134 10605 10616 I art     : Explicit concurrent mark sweep GC freed 3(96B) AllocSpace objects, 0(0B) LOS objects, 38% free, 25MB/41MB, paused 199us total 14.016ms
08-06 05:33:18.408 10605 10643 I art     : Starting a blocking GC Explicit
08-06 05:33:18.427 10605 10643 I art     : Explicit concurrent mark sweep GC freed 1374(79KB) AllocSpace objects, 1(20KB) LOS objects, 38% free, 25MB/41MB, paused 253us total 18.041ms
08-06 05:33:18.440 10605 10643 I art     : Starting a blocking GC Explicit
08-06 05:33:18.454 10605 10643 I art     : Explicit concurrent mark sweep GC freed 20(704B) AllocSpace objects, 0(0B) LOS objects, 38% free, 25MB/41MB, paused 217us total 14.321ms
08-06 05:33:18.462 10605 10643 I art     : Starting a blocking GC Explicit
08-06 05:33:18.477 10605 10643 I art     : Explicit concurrent mark sweep GC freed 3(96B) AllocSpace objects, 0(0B) LOS objects, 38% free, 25MB/41MB, paused 297us total 14.319ms
08-06 05:33:18.484 10605 10643 I art     : Starting a blocking GC Explicit
08-06 05:33:18.499 10605 10643 I art     : Explicit concurrent mark sweep GC freed 3(96B) AllocSpace objects, 0(0B) LOS objects, 38% free, 25MB/41MB, paused 216us total 14.125ms
08-06 05:33:18.507 10605 10643 I art     : Starting a blocking GC Explicit
08-06 05:33:18.521 10605 10643 I art     : Explicit concurrent mark sweep GC freed 3(96B) AllocSpace objects, 0(0B) LOS objects, 38% free, 25MB/41MB, paused 210us total 14.280ms
08-06 05:33:18.775 10605 10617 I art     : Starting a blocking GC Explicit
08-06 05:33:18.790 10605 10617 I art     : Explicit concurrent mark sweep GC freed 1373(79KB) AllocSpace objects, 1(20KB) LOS objects, 38% free, 25MB/41MB, paused 229us total 14.357ms
08-06 05:33:18.797 10605 10617 I art     : Starting a blocking GC Explicit
08-06 05:33:18.811 10605 10617 I art     : Explicit concurrent mark sweep GC freed 20(704B) AllocSpace objects, 0(0B) LOS objects, 38% free, 25MB/41MB, paused 222us total 13.633ms
08-06 05:33:18.819 10605 10617 I art     : Starting a blocking GC Explicit
08-06 05:33:18.833 10605 10617 I art     : Explicit concurrent mark sweep GC freed 3(96B) AllocSpace objects, 0(0B) LOS objects, 38% free, 25MB/41MB, paused 212us total 13.683ms
08-06 05:33:18.841 10605 10617 I art     : Starting a blocking GC Explicit
08-06 05:33:18.854 10605 10617 I art     : Explicit concurrent mark sweep GC freed 3(96B) AllocSpace objects, 0(0B) LOS objects, 38% free, 25MB/41MB, paused 219us total 13.393ms
08-06 05:33:18.862 10605 10617 I art     : Starting a blocking GC Explicit
08-06 05:33:18.875 10605 10617 I art     : Explicit concurrent mark sweep GC freed 3(96B) AllocSpace objects, 0(0B) LOS objects, 38% free, 25MB/41MB, paused 238us total 13.402ms
08-06 05:33:19.020 10928 10928 D AndroidRuntime: >>>>>> START com.android.internal.os.RuntimeInit uid 2000 <<<<<<
08-06 05:33:19.026 10928 10928 D AndroidRuntime: CheckJNI is OFF
08-06 05:33:19.058 10928 10928 D ICU     : No timezone override file found: /data/misc/zoneinfo/current/icu/icu_tzdata.dat
08-06 05:33:19.091 10928 10928 I Radio-JNI: register_android_hardware_Radio DONE
08-06 05:33:19.114 10928 10928 D AndroidRuntime: Calling main entry com.android.commands.input.Input
08-06 05:33:19.116 10928 10928 I Input   : injectMotionEvent: MotionEvent { action=ACTION_DOWN, actionButton=0, id[0]=0, x[0]=435.0, y[0]=858.0, toolType[0]=TOOL_TYPE_UNKNOWN, buttonState=0, metaState=0, flags=0x0, edgeFlags=0x0, pointerCount=1, historySize=0, eventTime=855215528, downTime=855215528, deviceId=0, source=0x1002 }
08-06 05:33:19.120 10928 10928 I Input   : injectMotionEvent: MotionEvent { action=ACTION_UP, actionButton=0, id[0]=0, x[0]=435.0, y[0]=858.0, toolType[0]=TOOL_TYPE_UNKNOWN, buttonState=0, metaState=0, flags=0x0, edgeFlags=0x0, pointerCount=1, historySize=0, eventTime=855215528, downTime=855215528, deviceId=0, source=0x1002 }
08-06 05:33:19.122 10928 10928 D AndroidRuntime: Shutting down VM
08-06 05:33:19.134 10605 10616 I art     : Starting a blocking GC Explicit
08-06 05:33:19.149 10605 10616 I art     : Explicit concurrent mark sweep GC freed 1373(79KB) AllocSpace objects, 1(20KB) LOS objects, 38% free, 25MB/41MB, paused 216us total 14.490ms
08-06 05:33:19.158 10605 10616 I art     : Starting a blocking GC Explicit
08-06 05:33:19.172 10605 10616 I art     : Explicit concurrent mark sweep GC freed 20(704B) AllocSpace objects, 0(0B) LOS objects, 38% free, 25MB/41MB, paused 203us total 13.274ms
08-06 05:33:19.179 10605 10616 I art     : Starting a blocking GC Explicit
08-06 05:33:19.193 10605 10616 I art     : Explicit concurrent mark sweep GC freed 3(96B) AllocSpace objects, 0(0B) LOS objects, 38% free, 25MB/41MB, paused 235us total 13.859ms
08-06 05:33:19.201 10605 10616 I art     : Starting a blocking GC Explicit
08-06 05:33:19.215 10605 10616 I art     : Explicit concurrent mark sweep GC freed 3(96B) AllocSpace objects, 0(0B) LOS objects, 38% free, 25MB/41MB, paused 205us total 13.624ms
08-06 05:33:19.223 10605 10616 I art     : Starting a blocking GC Explicit
08-06 05:33:19.237 10605 10616 I art     : Explicit concurrent mark sweep GC freed 3(96B) AllocSpace objects, 0(0B) LOS objects, 38% free, 25MB/41MB, paused 205us total 14.049ms
08-06 05:33:19.479 10605 10643 I art     : Starting a blocking GC Explicit
08-06 05:33:19.497 10605 10643 I art     : Explicit concurrent mark sweep GC freed 1373(79KB) AllocSpace objects, 1(20KB) LOS objects, 38% free, 25MB/41MB, paused 269us total 18.099ms
08-06 05:33:19.508 10605 10643 I art     : Starting a blocking GC Explicit
08-06 05:33:19.523 10605 10643 I art     : Explicit concurrent mark sweep GC freed 20(704B) AllocSpace objects, 0(0B) LOS objects, 38% free, 25MB/41MB, paused 218us total 14.665ms
08-06 05:33:19.531 10605 10643 I art     : Starting a blocking GC Explicit
08-06 05:33:19.545 10605 10643 I art     : Explicit concurrent mark sweep GC freed 3(96B) AllocSpace objects, 0(0B) LOS objects, 38% free, 25MB/41MB, paused 217us total 13.851ms
08-06 05:33:19.553 10605 10643 I art     : Starting a blocking GC Explicit
08-06 05:33:19.567 10605 10643 I art     : Explicit concurrent mark sweep GC freed 3(96B) AllocSpace objects, 0(0B) LOS objects, 38% free, 25MB/41MB, paused 233us total 14.157ms
08-06 05:33:19.575 10605 10643 I art     : Starting a blocking GC Explicit
08-06 05:33:19.589 10605 10643 I art     : Explicit concurrent mark sweep GC freed 3(96B) AllocSpace objects, 0(0B) LOS objects, 38% free, 25MB/41MB, paused 215us total 14.128ms
08-06 05:33:19.869 10605 10617 I art     : Starting a blocking GC Explicit
08-06 05:33:19.883 10605 10617 I art     : Explicit concurrent mark sweep GC freed 1373(79KB) AllocSpace objects, 1(20KB) LOS objects, 38% free, 25MB/41MB, paused 223us total 14.652ms
08-06 05:33:19.892 10605 10617 I art     : Starting a blocking GC Explicit
08-06 05:33:19.910 10605 10617 I art     : Explicit concurrent mark sweep GC freed 20(704B) AllocSpace objects, 0(0B) LOS objects, 38% free, 25MB/41MB, paused 239us total 17.155ms
08-06 05:33:19.920 10605 10617 I art     : Starting a blocking GC Explicit
08-06 05:33:19.934 10605 10617 I art     : Explicit concurrent mark sweep GC freed 3(96B) AllocSpace objects, 0(0B) LOS objects, 38% free, 25MB/41MB, paused 222us total 14.390ms
08-06 05:33:19.942 10605 10617 I art     : Starting a blocking GC Explicit
08-06 05:33:19.957 10605 10617 I art     : Explicit concurrent mark sweep GC freed 3(96B) AllocSpace objects, 0(0B) LOS objects, 38% free, 25MB/41MB, paused 353us total 14.287ms
08-06 05:33:19.965 10605 10617 I art     : Starting a blocking GC Explicit
08-06 05:33:19.979 10605 10617 I art     : Explicit concurrent mark sweep GC freed 3(96B) AllocSpace objects, 0(0B) LOS objects, 38% free, 25MB/41MB, paused 214us total 14.030ms
08-06 05:33:20.259 10605 10616 I art     : Starting a blocking GC Explicit
08-06 05:33:20.277 10605 10616 I art     : Explicit concurrent mark sweep GC freed 1373(79KB) AllocSpace objects, 1(20KB) LOS objects, 38% free, 25MB/41MB, paused 243us total 18.201ms
08-06 05:33:20.288 10605 10616 I art     : Starting a blocking GC Explicit
08-06 05:33:20.306 10605 10616 I art     : Explicit concurrent mark sweep GC freed 20(704B) AllocSpace objects, 0(0B) LOS objects, 38% free, 25MB/41MB, paused 233us total 16.798ms
08-06 05:33:20.315 10605 10616 I art     : Starting a blocking GC Explicit
08-06 05:33:20.330 10605 10616 I art     : Explicit concurrent mark sweep GC freed 3(96B) AllocSpace objects, 0(0B) LOS objects, 38% free, 25MB/41MB, paused 218us total 14.141ms
08-06 05:33:20.337 10605 10616 I art     : Starting a blocking GC Explicit
08-06 05:33:20.352 10605 10616 I art     : Explicit concurrent mark sweep GC freed 3(96B) AllocSpace objects, 0(0B) LOS objects, 38% free, 25MB/41MB, paused 209us total 14.470ms
08-06 05:33:20.360 10605 10616 I art     : Starting a blocking GC Explicit
08-06 05:33:20.374 10605 10616 I art     : Explicit concurrent mark sweep GC freed 3(96B) AllocSpace objects, 0(0B) LOS objects, 38% free, 25MB/41MB, paused 199us total 13.960ms
08-06 05:33:20.658 10605 10643 I art     : Starting a blocking GC Explicit
08-06 05:33:20.679 10605 10643 I art     : Explicit concurrent mark sweep GC freed 1373(79KB) AllocSpace objects, 1(20KB) LOS objects, 38% free, 25MB/41MB, paused 236us total 20.267ms
08-06 05:33:20.690 10605 10643 I art     : Starting a blocking GC Explicit
08-06 05:33:20.707 10605 10643 I art     : Explicit concurrent mark sweep GC freed 20(704B) AllocSpace objects, 0(0B) LOS objects, 38% free, 25MB/41MB, paused 243us total 17.114ms
08-06 05:33:20.717 10605 10643 I art     : Starting a blocking GC Explicit
08-06 05:33:20.731 10605 10643 I art     : Explicit concurrent mark sweep GC freed 3(96B) AllocSpace objects, 0(0B) LOS objects, 38% free, 25MB/41MB, paused 219us total 14.391ms
08-06 05:33:20.739 10605 10643 I art     : Starting a blocking GC Explicit
08-06 05:33:20.753 10605 10643 I art     : Explicit concurrent mark sweep GC freed 3(96B) AllocSpace objects, 0(0B) LOS objects, 38% free, 25MB/41MB, paused 215us total 14.300ms
08-06 05:33:20.761 10605 10643 I art     : Starting a blocking GC Explicit
08-06 05:33:20.776 10605 10643 I art     : Explicit concurrent mark sweep GC freed 3(96B) AllocSpace objects, 0(0B) LOS objects, 38% free, 25MB/41MB, paused 222us total 14.163ms
08-06 05:33:21.094 10605 10617 I art     : Starting a blocking GC Explicit
08-06 05:33:21.112 10605 10617 I art     : Explicit concurrent mark sweep GC freed 1373(79KB) AllocSpace objects, 1(20KB) LOS objects, 38% free, 25MB/41MB, paused 245us total 17.669ms
08-06 05:33:21.123 10605 10617 I art     : Starting a blocking GC Explicit
08-06 05:33:21.140 10605 10617 I art     : Explicit concurrent mark sweep GC freed 20(704B) AllocSpace objects, 0(0B) LOS objects, 38% free, 25MB/41MB, paused 246us total 16.794ms
08-06 05:33:21.149 10605 10617 I art     : Starting a blocking GC Explicit
08-06 05:33:21.163 10605 10617 I art     : Explicit concurrent mark sweep GC freed 3(96B) AllocSpace objects, 0(0B) LOS objects, 38% free, 25MB/41MB, paused 224us total 14.261ms
08-06 05:33:21.171 10605 10617 I art     : Starting a blocking GC Explicit
08-06 05:33:21.186 10605 10617 I art     : Explicit concurrent mark sweep GC freed 3(96B) AllocSpace objects, 0(0B) LOS objects, 38% free, 25MB/41MB, paused 217us total 14.152ms
08-06 05:33:21.193 10605 10617 I art     : Starting a blocking GC Explicit
08-06 05:33:21.208 10605 10617 I art     : Explicit concurrent mark sweep GC freed 3(96B) AllocSpace objects, 0(0B) LOS objects, 38% free, 25MB/41MB, paused 224us total 14.331ms
08-06 05:33:21.508 10605 10616 I art     : Starting a blocking GC Explicit
08-06 05:33:21.526 10605 10616 I art     : Explicit concurrent mark sweep GC freed 1373(79KB) AllocSpace objects, 1(20KB) LOS objects, 38% free, 25MB/41MB, paused 227us total 17.476ms
08-06 05:33:21.537 10605 10616 I art     : Starting a blocking GC Explicit
08-06 05:33:21.553 10605 10616 I art     : Explicit concurrent mark sweep GC freed 20(704B) AllocSpace objects, 0(0B) LOS objects, 38% free, 25MB/41MB, paused 223us total 16.480ms
08-06 05:33:21.562 10605 10616 I art     : Starting a blocking GC Explicit
08-06 05:33:21.577 10605 10616 I art     : Explicit concurrent mark sweep GC freed 3(96B) AllocSpace objects, 0(0B) LOS objects, 38% free, 25MB/41MB, paused 263us total 14.335ms
08-06 05:33:21.584 10605 10616 I art     : Starting a blocking GC Explicit
08-06 05:33:21.599 10605 10616 I art     : Explicit concurrent mark sweep GC freed 3(96B) AllocSpace objects, 0(0B) LOS objects, 38% free, 25MB/41MB, paused 199us total 14.026ms
08-06 05:33:21.606 10605 10616 I art     : Starting a blocking GC Explicit
08-06 05:33:21.621 10605 10616 I art     : Explicit concurrent mark sweep GC freed 3(96B) AllocSpace objects, 0(0B) LOS objects, 38% free, 25MB/41MB, paused 202us total 14.338ms
08-06 05:33:21.926 10605 10643 I art     : Starting a blocking GC Explicit
08-06 05:33:21.947 10605 10643 I art     : Explicit concurrent mark sweep GC freed 1373(79KB) AllocSpace objects, 1(20KB) LOS objects, 38% free, 25MB/41MB, paused 323us total 20.858ms
08-06 05:33:21.957 10605 10643 I art     : Starting a blocking GC Explicit
08-06 05:33:21.971 10605 10643 I art     : Explicit concurrent mark sweep GC freed 20(704B) AllocSpace objects, 0(0B) LOS objects, 38% free, 25MB/41MB, paused 267us total 14.259ms
08-06 05:33:21.979 10605 10643 I art     : Starting a blocking GC Explicit
08-06 05:33:21.993 10605 10643 I art     : Explicit concurrent mark sweep GC freed 3(96B) AllocSpace objects, 0(0B) LOS objects, 38% free, 25MB/41MB, paused 220us total 13.983ms
08-06 05:33:22.001 10605 10643 I art     : Starting a blocking GC Explicit
08-06 05:33:22.015 10605 10643 I art     : Explicit concurrent mark sweep GC freed 3(96B) AllocSpace objects, 0(0B) LOS objects, 38% free, 25MB/41MB, paused 222us total 14.049ms
08-06 05:33:22.023 10605 10643 I art     : Starting a blocking GC Explicit
08-06 05:33:22.037 10605 10643 I art     : Explicit concurrent mark sweep GC freed 3(96B) AllocSpace objects, 0(0B) LOS objects, 38% free, 25MB/41MB, paused 225us total 14.155ms
08-06 05:33:22.330 10605 10617 I art     : Starting a blocking GC Explicit
08-06 05:33:22.345 10605 10617 I art     : Explicit concurrent mark sweep GC freed 1373(79KB) AllocSpace objects, 1(20KB) LOS objects, 38% free, 25MB/41MB, paused 224us total 15.046ms
08-06 05:33:22.353 10605 10617 I art     : Starting a blocking GC Explicit
08-06 05:33:22.368 10605 10617 I art     : Explicit concurrent mark sweep GC freed 20(704B) AllocSpace objects, 0(0B) LOS objects, 38% free, 25MB/41MB, paused 221us total 14.426ms
08-06 05:33:22.375 10605 10617 I art     : Starting a blocking GC Explicit
08-06 05:33:22.390 10605 10617 I art     : Explicit concurrent mark sweep GC freed 3(96B) AllocSpace objects, 0(0B) LOS objects, 38% free, 25MB/41MB, paused 211us total 14.439ms
08-06 05:33:22.391 10605 10615 I art     : WaitForGcToComplete blocked for 14.812ms for cause HeapTrim
08-06 05:33:22.398 10605 10617 I art     : Starting a blocking GC Explicit
08-06 05:33:22.412 10605 10617 I art     : Explicit concurrent mark sweep GC freed 3(96B) AllocSpace objects, 0(0B) LOS objects, 38% free, 25MB/41MB, paused 221us total 14.113ms
08-06 05:33:22.420 10605 10617 I art     : Starting a blocking GC Explicit
08-06 05:33:22.435 10605 10617 I art     : Explicit concurrent mark sweep GC freed 3(96B) AllocSpace objects, 0(0B) LOS objects, 38% free, 25MB/41MB, paused 220us total 14.209ms
08-06 05:33:22.739 10605 10616 I art     : Starting a blocking GC Explicit
08-06 05:33:22.759 10605 10616 I art     : Explicit concurrent mark sweep GC freed 1373(79KB) AllocSpace objects, 1(20KB) LOS objects, 38% free, 25MB/41MB, paused 240us total 20.069ms
08-06 05:33:22.771 10605 10616 I art     : Starting a blocking GC Explicit
08-06 05:33:22.788 10605 10616 I art     : Explicit concurrent mark sweep GC freed 20(704B) AllocSpace objects, 0(0B) LOS objects, 38% free, 25MB/41MB, paused 229us total 16.629ms
08-06 05:33:22.797 10605 10616 I art     : Starting a blocking GC Explicit
08-06 05:33:22.812 10605 10616 I art     : Explicit concurrent mark sweep GC freed 3(96B) AllocSpace objects, 0(0B) LOS objects, 38% free, 25MB/41MB, paused 240us total 14.265ms
08-06 05:33:22.819 10605 10616 I art     : Starting a blocking GC Explicit
08-06 05:33:22.834 10605 10616 I art     : Explicit concurrent mark sweep GC freed 3(96B) AllocSpace objects, 0(0B) LOS objects, 38% free, 25MB/41MB, paused 210us total 14.315ms
08-06 05:33:22.842 10605 10616 I art     : Starting a blocking GC Explicit
08-06 05:33:22.856 10605 10616 I art     : Explicit concurrent mark sweep GC freed 3(96B) AllocSpace objects, 0(0B) LOS objects, 38% free, 25MB/41MB, paused 209us total 14.320ms
08-06 05:33:23.150 10605 10643 I art     : Starting a blocking GC Explicit
08-06 05:33:23.168 10605 10643 I art     : Explicit concurrent mark sweep GC freed 1373(79KB) AllocSpace objects, 1(20KB) LOS objects, 38% free, 25MB/41MB, paused 269us total 17.559ms
08-06 05:33:23.177 10605 10643 I art     : Starting a blocking GC Explicit
08-06 05:33:23.192 10605 10643 I art     : Explicit concurrent mark sweep GC freed 20(704B) AllocSpace objects, 0(0B) LOS objects, 38% free, 25MB/41MB, paused 218us total 14.461ms
08-06 05:33:23.200 10605 10643 I art     : Starting a blocking GC Explicit
08-06 05:33:23.214 10605 10643 I art     : Explicit concurrent mark sweep GC freed 3(96B) AllocSpace objects, 0(0B) LOS objects, 38% free, 25MB/41MB, paused 243us total 14.210ms
08-06 05:33:23.222 10605 10643 I art     : Starting a blocking GC Explicit
08-06 05:33:23.237 10605 10643 I art     : Explicit concurrent mark sweep GC freed 3(96B) AllocSpace objects, 0(0B) LOS objects, 38% free, 25MB/41MB, paused 255us total 14.550ms
08-06 05:33:23.245 10605 10643 I art     : Starting a blocking GC Explicit
08-06 05:33:23.259 10605 10643 I art     : Explicit concurrent mark sweep GC freed 3(96B) AllocSpace objects, 0(0B) LOS objects, 38% free, 25MB/41MB, paused 220us total 14.497ms
08-06 05:33:23.525 10605 10617 I art     : Starting a blocking GC Explicit
08-06 05:33:23.540 10605 10617 I art     : Explicit concurrent mark sweep GC freed 1373(79KB) AllocSpace objects, 1(20KB) LOS objects, 38% free, 25MB/41MB, paused 229us total 14.705ms
08-06 05:33:23.548 10605 10617 I art     : Starting a blocking GC Explicit
08-06 05:33:23.562 10605 10617 I art     : Explicit concurrent mark sweep GC freed 20(704B) AllocSpace objects, 0(0B) LOS objects, 38% free, 25MB/41MB, paused 249us total 13.855ms
08-06 05:33:23.569 10605 10617 I art     : Starting a blocking GC Explicit
08-06 05:33:23.583 10605 10617 I art     : Explicit concurrent mark sweep GC freed 3(96B) AllocSpace objects, 0(0B) LOS objects, 38% free, 25MB/41MB, paused 221us total 13.778ms
08-06 05:33:23.591 10605 10617 I art     : Starting a blocking GC Explicit
08-06 05:33:23.606 10605 10617 I art     : Explicit concurrent mark sweep GC freed 3(96B) AllocSpace objects, 0(0B) LOS objects, 38% free, 25MB/41MB, paused 211us total 14.092ms
08-06 05:33:23.613 10605 10617 I art     : Starting a blocking GC Explicit
08-06 05:33:23.627 10605 10617 I art     : Explicit concurrent mark sweep GC freed 3(96B) AllocSpace objects, 0(0B) LOS objects, 38% free, 25MB/41MB, paused 237us total 13.791ms
08-06 05:33:23.834 11062 11062 D AndroidRuntime: >>>>>> START com.android.internal.os.RuntimeInit uid 2000 <<<<<<
08-06 05:33:23.840 11062 11062 D AndroidRuntime: CheckJNI is OFF
08-06 05:33:23.841  8745  8745 I Atfwd_Sendcmd: AtCmdFwd service not ready - Exhausted retry attempts - :6
08-06 05:33:23.841  8745  8745 I Atfwd_Daemon: result : -1 	 ,Init step :2 	 ,qmiErrorCode: 0
08-06 05:33:23.872 11062 11062 D ICU     : No timezone override file found: /data/misc/zoneinfo/current/icu/icu_tzdata.dat
08-06 05:33:23.905 11062 11062 I Radio-JNI: register_android_hardware_Radio DONE
08-06 05:33:23.910 10605 10616 I art     : Starting a blocking GC Explicit
08-06 05:33:23.925 10605 10616 I art     : Explicit concurrent mark sweep GC freed 1373(79KB) AllocSpace objects, 1(20KB) LOS objects, 38% free, 25MB/41MB, paused 214us total 14.695ms
08-06 05:33:23.928 11062 11062 D AndroidRuntime: Calling main entry com.android.commands.input.Input
08-06 05:33:23.931 11062 11062 I Input   : injectKeyEvent: KeyEvent { action=ACTION_DOWN, keyCode=KEYCODE_BACK, scanCode=0, metaState=0, flags=0x0, repeatCount=0, eventTime=855220343, downTime=855220343, deviceId=-1, source=0x101 }
08-06 05:33:23.934 10605 10616 I art     : Starting a blocking GC Explicit
08-06 05:33:23.936 11062 11062 I Input   : injectKeyEvent: KeyEvent { action=ACTION_UP, keyCode=KEYCODE_BACK, scanCode=0, metaState=0, flags=0x0, repeatCount=0, eventTime=855220343, downTime=855220343, deviceId=-1, source=0x101 }
08-06 05:33:23.937 11062 11062 D AndroidRuntime: Shutting down VM
08-06 05:33:23.948 10605 10616 I art     : Explicit concurrent mark sweep GC freed 20(704B) AllocSpace objects, 0(0B) LOS objects, 38% free, 25MB/41MB, paused 209us total 13.826ms
08-06 05:33:23.955 10605 10616 I art     : Starting a blocking GC Explicit
08-06 05:33:23.969 10605 10616 I art     : Explicit concurrent mark sweep GC freed 3(96B) AllocSpace objects, 0(0B) LOS objects, 38% free, 25MB/41MB, paused 208us total 13.827ms
08-06 05:33:23.977 10605 10616 I art     : Starting a blocking GC Explicit
08-06 05:33:23.991 10605 10616 I art     : Explicit concurrent mark sweep GC freed 3(96B) AllocSpace objects, 0(0B) LOS objects, 38% free, 25MB/41MB, paused 205us total 13.794ms
08-06 05:33:23.998 10605 10616 I art     : Starting a blocking GC Explicit
08-06 05:33:24.012 10605 10616 I art     : Explicit concurrent mark sweep GC freed 3(96B) AllocSpace objects, 0(0B) LOS objects, 38% free, 25MB/41MB, paused 199us total 13.560ms
08-06 05:33:24.267 10605 10643 I art     : Starting a blocking GC Explicit
08-06 05:33:24.281 10605 10643 I art     : Explicit concurrent mark sweep GC freed 1373(79KB) AllocSpace objects, 1(20KB) LOS objects, 38% free, 25MB/41MB, paused 221us total 14.740ms
08-06 05:33:24.289 10605 10643 I art     : Starting a blocking GC Explicit
08-06 05:33:24.304 10605 10643 I art     : Explicit concurrent mark sweep GC freed 20(704B) AllocSpace objects, 0(0B) LOS objects, 38% free, 25MB/41MB, paused 215us total 14.433ms
08-06 05:33:24.312 10605 10643 I art     : Starting a blocking GC Explicit
08-06 05:33:24.326 10605 10643 I art     : Explicit concurrent mark sweep GC freed 3(96B) AllocSpace objects, 0(0B) LOS objects, 38% free, 25MB/41MB, paused 222us total 14.333ms
08-06 05:33:24.334 10605 10643 I art     : Starting a blocking GC Explicit
08-06 05:33:24.349 10605 10643 I art     : Explicit concurrent mark sweep GC freed 3(96B) AllocSpace objects, 0(0B) LOS objects, 38% free, 25MB/41MB, paused 222us total 14.370ms
08-06 05:33:24.356 10605 10643 I art     : Starting a blocking GC Explicit
08-06 05:33:24.371 10605 10643 I art     : Explicit concurrent mark sweep GC freed 3(96B) AllocSpace objects, 0(0B) LOS objects, 38% free, 25MB/41MB, paused 216us total 14.078ms
08-06 05:33:24.649 10605 10617 I art     : Starting a blocking GC Explicit
08-06 05:33:24.670 10605 10617 I art     : Explicit concurrent mark sweep GC freed 1373(79KB) AllocSpace objects, 1(20KB) LOS objects, 38% free, 25MB/41MB, paused 258us total 20.161ms
08-06 05:33:24.680 10605 10617 I art     : Starting a blocking GC Explicit
08-06 05:33:24.695 10605 10617 I art     : Explicit concurrent mark sweep GC freed 20(704B) AllocSpace objects, 0(0B) LOS objects, 38% free, 25MB/41MB, paused 217us total 14.254ms
08-06 05:33:24.703 10605 10617 I art     : Starting a blocking GC Explicit
08-06 05:33:24.717 10605 10617 I art     : Explicit concurrent mark sweep GC freed 3(96B) AllocSpace objects, 0(0B) LOS objects, 38% free, 25MB/41MB, paused 285us total 13.828ms
08-06 05:33:24.724 10605 10617 I art     : Starting a blocking GC Explicit
08-06 05:33:24.739 10605 10617 I art     : Explicit concurrent mark sweep GC freed 3(96B) AllocSpace objects, 0(0B) LOS objects, 38% free, 25MB/41MB, paused 222us total 14.035ms
08-06 05:33:24.746 10605 10617 I art     : Starting a blocking GC Explicit
08-06 05:33:24.761 10605 10617 I art     : Explicit concurrent mark sweep GC freed 3(96B) AllocSpace objects, 0(0B) LOS objects, 38% free, 25MB/41MB, paused 209us total 14.267ms
08-06 05:33:25.039 10605 10616 I art     : Starting a blocking GC Explicit
08-06 05:33:25.057 10605 10616 I art     : Explicit concurrent mark sweep GC freed 1373(79KB) AllocSpace objects, 1(20KB) LOS objects, 38% free, 25MB/41MB, paused 232us total 18.043ms
08-06 05:33:25.069 10605 10616 I art     : Starting a blocking GC Explicit
08-06 05:33:25.084 10605 10616 I art     : Explicit concurrent mark sweep GC freed 20(704B) AllocSpace objects, 0(0B) LOS objects, 38% free, 25MB/41MB, paused 206us total 14.584ms
08-06 05:33:25.092 10605 10616 I art     : Starting a blocking GC Explicit
08-06 05:33:25.106 10605 10616 I art     : Explicit concurrent mark sweep GC freed 3(96B) AllocSpace objects, 0(0B) LOS objects, 38% free, 25MB/41MB, paused 198us total 13.756ms
08-06 05:33:25.113 10605 10616 I art     : Starting a blocking GC Explicit
08-06 05:33:25.128 10605 10616 I art     : Explicit concurrent mark sweep GC freed 3(96B) AllocSpace objects, 0(0B) LOS objects, 38% free, 25MB/41MB, paused 208us total 14.114ms
08-06 05:33:25.135 10605 10616 I art     : Starting a blocking GC Explicit
08-06 05:33:25.150 10605 10616 I art     : Explicit concurrent mark sweep GC freed 3(96B) AllocSpace objects, 0(0B) LOS objects, 38% free, 25MB/41MB, paused 205us total 14.266ms
08-06 05:33:25.415 10605 10643 I art     : Starting a blocking GC Explicit
08-06 05:33:25.430 10605 10643 I art     : Explicit concurrent mark sweep GC freed 1373(79KB) AllocSpace objects, 1(20KB) LOS objects, 38% free, 25MB/41MB, paused 230us total 14.515ms
08-06 05:33:25.437 10605 10643 I art     : Starting a blocking GC Explicit
08-06 05:33:25.451 10605 10643 I art     : Explicit concurrent mark sweep GC freed 20(704B) AllocSpace objects, 0(0B) LOS objects, 38% free, 25MB/41MB, paused 222us total 13.947ms
08-06 05:33:25.459 10605 10643 I art     : Starting a blocking GC Explicit
08-06 05:33:25.472 10605 10643 I art     : Explicit concurrent mark sweep GC freed 3(96B) AllocSpace objects, 0(0B) LOS objects, 38% free, 25MB/41MB, paused 218us total 13.258ms
08-06 05:33:25.480 10605 10643 I art     : Starting a blocking GC Explicit
08-06 05:33:25.493 10605 10643 I art     : Explicit concurrent mark sweep GC freed 3(96B) AllocSpace objects, 0(0B) LOS objects, 38% free, 25MB/41MB, paused 219us total 13.237ms
08-06 05:33:25.501 10605 10643 I art     : Starting a blocking GC Explicit
08-06 05:33:25.515 10605 10643 I art     : Explicit concurrent mark sweep GC freed 3(96B) AllocSpace objects, 0(0B) LOS objects, 38% free, 25MB/41MB, paused 218us total 13.465ms
08-06 05:33:25.586 11125 11125 D AndroidRuntime: >>>>>> START com.android.internal.os.RuntimeInit uid 2000 <<<<<<
08-06 05:33:25.591 11125 11125 D AndroidRuntime: CheckJNI is OFF
08-06 05:33:25.630 11125 11125 D ICU     : No timezone override file found: /data/misc/zoneinfo/current/icu/icu_tzdata.dat
08-06 05:33:25.663 11125 11125 I Radio-JNI: register_android_hardware_Radio DONE
08-06 05:33:25.685 11125 11125 D AndroidRuntime: Calling main entry com.android.commands.input.Input
08-06 05:33:25.686 11125 11125 I Input   : injectKeyEvent: KeyEvent { action=ACTION_DOWN, keyCode=KEYCODE_BACK, scanCode=0, metaState=0, flags=0x0, repeatCount=0, eventTime=855222099, downTime=855222099, deviceId=-1, source=0x101 }
08-06 05:33:25.692 11125 11125 I Input   : injectKeyEvent: KeyEvent { action=ACTION_UP, keyCode=KEYCODE_BACK, scanCode=0, metaState=0, flags=0x0, repeatCount=0, eventTime=855222099, downTime=855222099, deviceId=-1, source=0x101 }
08-06 05:33:25.693 11125 11125 D AndroidRuntime: Shutting down VM
08-06 05:33:25.780 10605 10617 I art     : Starting a blocking GC Explicit
08-06 05:33:25.796 10605 10617 I art     : Explicit concurrent mark sweep GC freed 1373(79KB) AllocSpace objects, 1(20KB) LOS objects, 38% free, 25MB/41MB, paused 223us total 14.944ms
08-06 05:33:25.803 10605 10617 I art     : Starting a blocking GC Explicit
08-06 05:33:25.818 10605 10617 I art     : Explicit concurrent mark sweep GC freed 20(704B) AllocSpace objects, 0(0B) LOS objects, 38% free, 25MB/41MB, paused 216us total 14.348ms
08-06 05:33:25.826 10605 10617 I art     : Starting a blocking GC Explicit
08-06 05:33:25.840 10605 10617 I art     : Explicit concurrent mark sweep GC freed 3(96B) AllocSpace objects, 0(0B) LOS objects, 38% free, 25MB/41MB, paused 242us total 14.344ms
08-06 05:33:25.848 10605 10617 I art     : Starting a blocking GC Explicit
08-06 05:33:25.863 10605 10617 I art     : Explicit concurrent mark sweep GC freed 3(96B) AllocSpace objects, 0(0B) LOS objects, 38% free, 25MB/41MB, paused 220us total 14.375ms
08-06 05:33:25.871 10605 10617 I art     : Starting a blocking GC Explicit
08-06 05:33:25.885 10605 10617 I art     : Explicit concurrent mark sweep GC freed 3(96B) AllocSpace objects, 0(0B) LOS objects, 38% free, 25MB/41MB, paused 217us total 14.362ms
08-06 05:33:26.135 10605 10616 I art     : Starting a blocking GC Explicit
08-06 05:33:26.150 10605 10616 I art     : Explicit concurrent mark sweep GC freed 1373(79KB) AllocSpace objects, 1(20KB) LOS objects, 38% free, 25MB/41MB, paused 212us total 14.934ms
08-06 05:33:26.158 10605 10616 I art     : Starting a blocking GC Explicit
08-06 05:33:26.172 10605 10616 I art     : Explicit concurrent mark sweep GC freed 20(704B) AllocSpace objects, 0(0B) LOS objects, 38% free, 25MB/41MB, paused 203us total 14.368ms
08-06 05:33:26.180 10605 10616 I art     : Starting a blocking GC Explicit
08-06 05:33:26.194 10605 10616 I art     : Explicit concurrent mark sweep GC freed 3(96B) AllocSpace objects, 0(0B) LOS objects, 38% free, 25MB/41MB, paused 212us total 14.111ms
08-06 05:33:26.202 10605 10616 I art     : Starting a blocking GC Explicit
08-06 05:33:26.216 10605 10616 I art     : Explicit concurrent mark sweep GC freed 3(96B) AllocSpace objects, 0(0B) LOS objects, 38% free, 25MB/41MB, paused 202us total 14.024ms
08-06 05:33:26.224 10605 10616 I art     : Starting a blocking GC Explicit
08-06 05:33:26.238 10605 10616 I art     : Explicit concurrent mark sweep GC freed 3(96B) AllocSpace objects, 0(0B) LOS objects, 38% free, 25MB/41MB, paused 204us total 14.226ms
08-06 05:33:26.507 10605 10643 I art     : Starting a blocking GC Explicit
08-06 05:33:26.524 10605 10643 I art     : Explicit concurrent mark sweep GC freed 1373(79KB) AllocSpace objects, 1(20KB) LOS objects, 38% free, 25MB/41MB, paused 242us total 16.309ms
08-06 05:33:26.536 10605 10643 I art     : Starting a blocking GC Explicit
08-06 05:33:26.550 10605 10643 I art     : Explicit concurrent mark sweep GC freed 20(704B) AllocSpace objects, 0(0B) LOS objects, 38% free, 25MB/41MB, paused 213us total 13.827ms
08-06 05:33:26.557 10605 10643 I art     : Starting a blocking GC Explicit
08-06 05:33:26.571 10605 10643 I art     : Explicit concurrent mark sweep GC freed 3(96B) AllocSpace objects, 0(0B) LOS objects, 38% free, 25MB/41MB, paused 215us total 13.669ms
08-06 05:33:26.579 10605 10643 I art     : Starting a blocking GC Explicit
08-06 05:33:26.593 10605 10643 I art     : Explicit concurrent mark sweep GC freed 3(96B) AllocSpace objects, 0(0B) LOS objects, 38% free, 25MB/41MB, paused 218us total 14.169ms
08-06 05:33:26.601 10605 10643 I art     : Starting a blocking GC Explicit
08-06 05:33:26.616 10605 10643 I art     : Explicit concurrent mark sweep GC freed 3(96B) AllocSpace objects, 0(0B) LOS objects, 38% free, 25MB/41MB, paused 288us total 14.295ms
08-06 05:33:26.892 10605 10617 I art     : Starting a blocking GC Explicit
08-06 05:33:26.907 10605 10617 I art     : Explicit concurrent mark sweep GC freed 1373(79KB) AllocSpace objects, 1(20KB) LOS objects, 38% free, 25MB/41MB, paused 221us total 14.621ms
08-06 05:33:26.915 10605 10617 I art     : Starting a blocking GC Explicit
08-06 05:33:26.929 10605 10617 I art     : Explicit concurrent mark sweep GC freed 20(704B) AllocSpace objects, 0(0B) LOS objects, 38% free, 25MB/41MB, paused 273us total 13.679ms
08-06 05:33:26.937 10605 10617 I art     : Starting a blocking GC Explicit
08-06 05:33:26.950 10605 10617 I art     : Explicit concurrent mark sweep GC freed 3(96B) AllocSpace objects, 0(0B) LOS objects, 38% free, 25MB/41MB, paused 221us total 13.364ms
08-06 05:33:26.958 10605 10617 I art     : Starting a blocking GC Explicit
08-06 05:33:26.972 10605 10617 I art     : Explicit concurrent mark sweep GC freed 3(96B) AllocSpace objects, 0(0B) LOS objects, 38% free, 25MB/41MB, paused 229us total 13.646ms
08-06 05:33:26.980 10605 10617 I art     : Starting a blocking GC Explicit
08-06 05:33:26.993 10605 10617 I art     : Explicit concurrent mark sweep GC freed 3(96B) AllocSpace objects, 0(0B) LOS objects, 38% free, 25MB/41MB, paused 238us total 13.179ms
08-06 05:33:27.253 10605 10616 I art     : Starting a blocking GC Explicit
08-06 05:33:27.268 10605 10616 I art     : Explicit concurrent mark sweep GC freed 1373(79KB) AllocSpace objects, 1(20KB) LOS objects, 38% free, 25MB/41MB, paused 231us total 14.404ms
08-06 05:33:27.275 10605 10616 I art     : Starting a blocking GC Explicit
08-06 05:33:27.290 10605 10616 I art     : Explicit concurrent mark sweep GC freed 20(704B) AllocSpace objects, 0(0B) LOS objects, 38% free, 25MB/41MB, paused 299us total 14.547ms
08-06 05:33:27.298 10605 10616 I art     : Starting a blocking GC Explicit
08-06 05:33:27.312 10605 10616 I art     : Explicit concurrent mark sweep GC freed 3(96B) AllocSpace objects, 0(0B) LOS objects, 38% free, 25MB/41MB, paused 217us total 13.862ms
08-06 05:33:27.320 10605 10616 I art     : Starting a blocking GC Explicit
08-06 05:33:27.333 10605 10616 I art     : Explicit concurrent mark sweep GC freed 3(96B) AllocSpace objects, 0(0B) LOS objects, 38% free, 25MB/41MB, paused 208us total 13.325ms
08-06 05:33:27.341 10605 10616 I art     : Starting a blocking GC Explicit
08-06 05:33:27.344 11189 11189 D AndroidRuntime: >>>>>> START com.android.internal.os.RuntimeInit uid 2000 <<<<<<
08-06 05:33:27.349 11189 11189 D AndroidRuntime: CheckJNI is OFF
08-06 05:33:27.355 10605 10616 I art     : Explicit concurrent mark sweep GC freed 3(96B) AllocSpace objects, 0(0B) LOS objects, 38% free, 25MB/41MB, paused 213us total 13.771ms
08-06 05:33:27.382 11189 11189 D ICU     : No timezone override file found: /data/misc/zoneinfo/current/icu/icu_tzdata.dat
08-06 05:33:27.415 11189 11189 I Radio-JNI: register_android_hardware_Radio DONE
08-06 05:33:27.437 11189 11189 D AndroidRuntime: Calling main entry com.android.commands.input.Input
08-06 05:33:27.439 11189 11189 I Input   : injectMotionEvent: MotionEvent { action=ACTION_DOWN, actionButton=0, id[0]=0, x[0]=553.0, y[0]=442.0, toolType[0]=TOOL_TYPE_UNKNOWN, buttonState=0, metaState=0, flags=0x0, edgeFlags=0x0, pointerCount=1, historySize=0, eventTime=855223852, downTime=855223852, deviceId=0, source=0x1002 }
08-06 05:33:27.444 11189 11189 I Input   : injectMotionEvent: MotionEvent { action=ACTION_UP, actionButton=0, id[0]=0, x[0]=553.0, y[0]=442.0, toolType[0]=TOOL_TYPE_UNKNOWN, buttonState=0, metaState=0, flags=0x0, edgeFlags=0x0, pointerCount=1, historySize=0, eventTime=855223852, downTime=855223852, deviceId=0, source=0x1002 }
08-06 05:33:27.445 11189 11189 D AndroidRuntime: Shutting down VM
08-06 05:33:27.597 10605 10643 I art     : Starting a blocking GC Explicit
08-06 05:33:27.611 10605 10643 I art     : Explicit concurrent mark sweep GC freed 1373(79KB) AllocSpace objects, 1(20KB) LOS objects, 38% free, 25MB/41MB, paused 219us total 14.479ms
08-06 05:33:27.619 10605 10643 I art     : Starting a blocking GC Explicit
08-06 05:33:27.633 10605 10643 I art     : Explicit concurrent mark sweep GC freed 20(704B) AllocSpace objects, 0(0B) LOS objects, 38% free, 25MB/41MB, paused 239us total 13.766ms
08-06 05:33:27.641 10605 10643 I art     : Starting a blocking GC Explicit
08-06 05:33:27.655 10605 10643 I art     : Explicit concurrent mark sweep GC freed 3(96B) AllocSpace objects, 0(0B) LOS objects, 38% free, 25MB/41MB, paused 226us total 13.880ms
08-06 05:33:27.662 10605 10643 I art     : Starting a blocking GC Explicit
08-06 05:33:27.676 10605 10643 I art     : Explicit concurrent mark sweep GC freed 3(96B) AllocSpace objects, 0(0B) LOS objects, 38% free, 25MB/41MB, paused 220us total 13.978ms
08-06 05:33:27.684 10605 10643 I art     : Starting a blocking GC Explicit
08-06 05:33:27.698 10605 10643 I art     : Explicit concurrent mark sweep GC freed 3(96B) AllocSpace objects, 0(0B) LOS objects, 38% free, 25MB/41MB, paused 210us total 13.918ms
08-06 05:33:27.948 10605 10617 I art     : Starting a blocking GC Explicit
08-06 05:33:27.966 10605 10617 I art     : Explicit concurrent mark sweep GC freed 1373(79KB) AllocSpace objects, 1(20KB) LOS objects, 38% free, 25MB/41MB, paused 253us total 18.069ms
08-06 05:33:27.976 10605 10617 I art     : Starting a blocking GC Explicit
08-06 05:33:27.991 10605 10617 I art     : Explicit concurrent mark sweep GC freed 20(704B) AllocSpace objects, 0(0B) LOS objects, 38% free, 25MB/41MB, paused 227us total 14.364ms
08-06 05:33:27.999 10605 10617 I art     : Starting a blocking GC Explicit
08-06 05:33:28.013 10605 10617 I art     : Explicit concurrent mark sweep GC freed 3(96B) AllocSpace objects, 0(0B) LOS objects, 38% free, 25MB/41MB, paused 212us total 14.380ms
08-06 05:33:28.021 10605 10617 I art     : Starting a blocking GC Explicit
08-06 05:33:28.035 10605 10617 I art     : Explicit concurrent mark sweep GC freed 3(96B) AllocSpace objects, 0(0B) LOS objects, 38% free, 25MB/41MB, paused 224us total 14.010ms
08-06 05:33:28.043 10605 10617 I art     : Starting a blocking GC Explicit
08-06 05:33:28.058 10605 10617 I art     : Explicit concurrent mark sweep GC freed 3(96B) AllocSpace objects, 0(0B) LOS objects, 38% free, 25MB/41MB, paused 214us total 14.383ms
08-06 05:33:28.338 10605 10616 I art     : Starting a blocking GC Explicit
08-06 05:33:28.354 10605 10616 I art     : Explicit concurrent mark sweep GC freed 1373(79KB) AllocSpace objects, 1(20KB) LOS objects, 38% free, 25MB/41MB, paused 215us total 15.096ms
08-06 05:33:28.362 10605 10616 I art     : Starting a blocking GC Explicit
08-06 05:33:28.376 10605 10616 I art     : Explicit concurrent mark sweep GC freed 20(704B) AllocSpace objects, 0(0B) LOS objects, 38% free, 25MB/41MB, paused 206us total 14.156ms
08-06 05:33:28.384 10605 10616 I art     : Starting a blocking GC Explicit
08-06 05:33:28.398 10605 10616 I art     : Explicit concurrent mark sweep GC freed 3(96B) AllocSpace objects, 0(0B) LOS objects, 38% free, 25MB/41MB, paused 207us total 14.451ms
08-06 05:33:28.406 10605 10616 I art     : Starting a blocking GC Explicit
08-06 05:33:28.421 10605 10616 I art     : Explicit concurrent mark sweep GC freed 3(96B) AllocSpace objects, 0(0B) LOS objects, 38% free, 25MB/41MB, paused 211us total 14.148ms
08-06 05:33:28.428 10605 10616 I art     : Starting a blocking GC Explicit
08-06 05:33:28.442 10605 10616 I art     : Explicit concurrent mark sweep GC freed 3(96B) AllocSpace objects, 0(0B) LOS objects, 38% free, 25MB/41MB, paused 207us total 14.029ms
08-06 05:33:28.720 10605 10643 I art     : Starting a blocking GC Explicit
08-06 05:33:28.740 10605 10643 I art     : Explicit concurrent mark sweep GC freed 1373(79KB) AllocSpace objects, 1(20KB) LOS objects, 38% free, 25MB/41MB, paused 291us total 19.486ms
08-06 05:33:28.753 10605 10643 I art     : Starting a blocking GC Explicit
08-06 05:33:28.770 10605 10643 I art     : Explicit concurrent mark sweep GC freed 20(704B) AllocSpace objects, 0(0B) LOS objects, 38% free, 25MB/41MB, paused 224us total 17.182ms
08-06 05:33:28.780 10605 10643 I art     : Starting a blocking GC Explicit
08-06 05:33:28.794 10605 10643 I art     : Explicit concurrent mark sweep GC freed 3(96B) AllocSpace objects, 0(0B) LOS objects, 38% free, 25MB/41MB, paused 219us total 14.398ms
08-06 05:33:28.802 10605 10643 I art     : Starting a blocking GC Explicit
08-06 05:33:28.817 10605 10643 I art     : Explicit concurrent mark sweep GC freed 3(96B) AllocSpace objects, 0(0B) LOS objects, 38% free, 25MB/41MB, paused 214us total 14.316ms
08-06 05:33:28.824 10605 10643 I art     : Starting a blocking GC Explicit
08-06 05:33:28.839 10605 10643 I art     : Explicit concurrent mark sweep GC freed 3(96B) AllocSpace objects, 0(0B) LOS objects, 38% free, 25MB/41MB, paused 216us total 14.168ms
08-06 05:33:28.841  8745  8745 I ServiceManager: Waiting for service AtCmdFwd...
08-06 05:33:29.106 10605 10617 I art     : Starting a blocking GC Explicit
08-06 05:33:29.128 10605 10617 I art     : Explicit concurrent mark sweep GC freed 1373(79KB) AllocSpace objects, 1(20KB) LOS objects, 38% free, 25MB/41MB, paused 386us total 20.860ms
08-06 05:33:29.141 10605 10617 I art     : Starting a blocking GC Explicit
08-06 05:33:29.158 10605 10617 I art     : Explicit concurrent mark sweep GC freed 20(704B) AllocSpace objects, 0(0B) LOS objects, 38% free, 25MB/41MB, paused 238us total 16.704ms
08-06 05:33:29.167 10605 10617 I art     : Starting a blocking GC Explicit
08-06 05:33:29.182 10605 10617 I art     : Explicit concurrent mark sweep GC freed 3(96B) AllocSpace objects, 0(0B) LOS objects, 38% free, 25MB/41MB, paused 210us total 14.139ms
08-06 05:33:29.190 10605 10617 I art     : Starting a blocking GC Explicit
08-06 05:33:29.205 10605 10617 I art     : Explicit concurrent mark sweep GC freed 3(96B) AllocSpace objects, 0(0B) LOS objects, 38% free, 25MB/41MB, paused 216us total 14.669ms
08-06 05:33:29.213 10605 10617 I art     : Starting a blocking GC Explicit
08-06 05:33:29.227 10605 10617 I art     : Explicit concurrent mark sweep GC freed 3(96B) AllocSpace objects, 0(0B) LOS objects, 38% free, 25MB/41MB, paused 236us total 14.031ms
08-06 05:33:29.533 10605 10616 I art     : Starting a blocking GC Explicit
08-06 05:33:29.554 10605 10616 I art     : Explicit concurrent mark sweep GC freed 1373(79KB) AllocSpace objects, 1(20KB) LOS objects, 38% free, 25MB/41MB, paused 256us total 20.088ms
08-06 05:33:29.565 10605 10616 I art     : Starting a blocking GC Explicit
08-06 05:33:29.580 10605 10616 I art     : Explicit concurrent mark sweep GC freed 20(704B) AllocSpace objects, 0(0B) LOS objects, 38% free, 25MB/41MB, paused 207us total 14.322ms
08-06 05:33:29.588 10605 10616 I art     : Starting a blocking GC Explicit
08-06 05:33:29.602 10605 10616 I art     : Explicit concurrent mark sweep GC freed 3(96B) AllocSpace objects, 0(0B) LOS objects, 38% free, 25MB/41MB, paused 204us total 14.296ms
08-06 05:33:29.610 10605 10616 I art     : Starting a blocking GC Explicit
08-06 05:33:29.624 10605 10616 I art     : Explicit concurrent mark sweep GC freed 3(96B) AllocSpace objects, 0(0B) LOS objects, 38% free, 25MB/41MB, paused 260us total 14.172ms
08-06 05:33:29.633 10605 10616 I art     : Starting a blocking GC Explicit
08-06 05:33:29.647 10605 10616 I art     : Explicit concurrent mark sweep GC freed 3(96B) AllocSpace objects, 0(0B) LOS objects, 38% free, 25MB/41MB, paused 212us total 14.507ms
08-06 05:33:29.842  8745  8745 I ServiceManager: Waiting for service AtCmdFwd...
08-06 05:33:29.948 10605 10643 I art     : Starting a blocking GC Explicit
08-06 05:33:29.966 10605 10643 I art     : Explicit concurrent mark sweep GC freed 1373(79KB) AllocSpace objects, 1(20KB) LOS objects, 38% free, 25MB/41MB, paused 261us total 18.121ms
08-06 05:33:29.980 10605 10643 I art     : Starting a blocking GC Explicit
08-06 05:33:29.995 10605 10643 I art     : Explicit concurrent mark sweep GC freed 20(704B) AllocSpace objects, 0(0B) LOS objects, 38% free, 25MB/41MB, paused 227us total 14.445ms
08-06 05:33:30.003 10605 10643 I art     : Starting a blocking GC Explicit
08-06 05:33:30.017 10605 10643 I art     : Explicit concurrent mark sweep GC freed 3(96B) AllocSpace objects, 0(0B) LOS objects, 38% free, 25MB/41MB, paused 239us total 14.241ms
08-06 05:33:30.025 10605 10643 I art     : Starting a blocking GC Explicit
08-06 05:33:30.039 10605 10643 I art     : Explicit concurrent mark sweep GC freed 3(96B) AllocSpace objects, 0(0B) LOS objects, 38% free, 25MB/41MB, paused 247us total 14.254ms
08-06 05:33:30.047 10605 10643 I art     : Starting a blocking GC Explicit
08-06 05:33:30.062 10605 10643 I art     : Explicit concurrent mark sweep GC freed 3(96B) AllocSpace objects, 0(0B) LOS objects, 38% free, 25MB/41MB, paused 209us total 14.170ms
08-06 05:33:30.371 10605 10617 I art     : Starting a blocking GC Explicit
08-06 05:33:30.387 10605 10617 I art     : Explicit concurrent mark sweep GC freed 1373(79KB) AllocSpace objects, 1(20KB) LOS objects, 38% free, 25MB/41MB, paused 238us total 15.618ms
08-06 05:33:30.398 10605 10617 I art     : Starting a blocking GC Explicit
08-06 05:33:30.413 10605 10617 I art     : Explicit concurrent mark sweep GC freed 20(704B) AllocSpace objects, 0(0B) LOS objects, 38% free, 25MB/41MB, paused 217us total 14.388ms
08-06 05:33:30.420 10605 10617 I art     : Starting a blocking GC Explicit
08-06 05:33:30.435 10605 10617 I art     : Explicit concurrent mark sweep GC freed 3(96B) AllocSpace objects, 0(0B) LOS objects, 38% free, 25MB/41MB, paused 221us total 14.095ms
08-06 05:33:30.442 10605 10617 I art     : Starting a blocking GC Explicit
08-06 05:33:30.456 10605 10617 I art     : Explicit concurrent mark sweep GC freed 3(96B) AllocSpace objects, 0(0B) LOS objects, 38% free, 25MB/41MB, paused 212us total 14.207ms
08-06 05:33:30.464 10605 10617 I art     : Starting a blocking GC Explicit
08-06 05:33:30.478 10605 10617 I art     : Explicit concurrent mark sweep GC freed 3(96B) AllocSpace objects, 0(0B) LOS objects, 38% free, 25MB/41MB, paused 204us total 13.923ms
08-06 05:33:30.778 10605 10616 I art     : Starting a blocking GC Explicit
08-06 05:33:30.796 10605 10616 I art     : Explicit concurrent mark sweep GC freed 1373(79KB) AllocSpace objects, 1(20KB) LOS objects, 38% free, 25MB/41MB, paused 227us total 17.489ms
08-06 05:33:30.806 10605 10616 I art     : Starting a blocking GC Explicit
08-06 05:33:30.821 10605 10616 I art     : Explicit concurrent mark sweep GC freed 20(704B) AllocSpace objects, 0(0B) LOS objects, 38% free, 25MB/41MB, paused 214us total 14.295ms
08-06 05:33:30.828 10605 10616 I art     : Starting a blocking GC Explicit
08-06 05:33:30.842  8745  8745 I ServiceManager: Waiting for service AtCmdFwd...
08-06 05:33:30.843 10605 10616 I art     : Explicit concurrent mark sweep GC freed 3(96B) AllocSpace objects, 0(0B) LOS objects, 38% free, 25MB/41MB, paused 247us total 14.281ms
08-06 05:33:30.851 10605 10616 I art     : Starting a blocking GC Explicit
08-06 05:33:30.865 10605 10616 I art     : Explicit concurrent mark sweep GC freed 3(96B) AllocSpace objects, 0(0B) LOS objects, 38% free, 25MB/41MB, paused 234us total 14.366ms
08-06 05:33:30.874 10605 10616 I art     : Starting a blocking GC Explicit
08-06 05:33:30.888 10605 10616 I art     : Explicit concurrent mark sweep GC freed 3(96B) AllocSpace objects, 0(0B) LOS objects, 38% free, 25MB/41MB, paused 207us total 14.074ms
08-06 05:33:31.193 10605 10643 I art     : Starting a blocking GC Explicit
08-06 05:33:31.212 10605 10643 I art     : Explicit concurrent mark sweep GC freed 1373(79KB) AllocSpace objects, 1(20KB) LOS objects, 38% free, 25MB/41MB, paused 261us total 18.382ms
08-06 05:33:31.222 10605 10643 I art     : Starting a blocking GC Explicit
08-06 05:33:31.239 10605 10643 I art     : Explicit concurrent mark sweep GC freed 20(704B) AllocSpace objects, 0(0B) LOS objects, 38% free, 25MB/41MB, paused 231us total 16.872ms
08-06 05:33:31.250 10605 10643 I art     : Starting a blocking GC Explicit
08-06 05:33:31.265 10605 10643 I art     : Explicit concurrent mark sweep GC freed 3(96B) AllocSpace objects, 0(0B) LOS objects, 38% free, 25MB/41MB, paused 213us total 14.548ms
08-06 05:33:31.273 10605 10643 I art     : Starting a blocking GC Explicit
08-06 05:33:31.288 10605 10643 I art     : Explicit concurrent mark sweep GC freed 3(96B) AllocSpace objects, 0(0B) LOS objects, 38% free, 25MB/41MB, paused 218us total 14.461ms
08-06 05:33:31.295 10605 10643 I art     : Starting a blocking GC Explicit
08-06 05:33:31.310 10605 10643 I art     : Explicit concurrent mark sweep GC freed 3(96B) AllocSpace objects, 0(0B) LOS objects, 38% free, 25MB/41MB, paused 221us total 14.201ms
08-06 05:33:31.625 10605 10617 I art     : Starting a blocking GC Explicit
08-06 05:33:31.643 10605 10617 I art     : Explicit concurrent mark sweep GC freed 1373(79KB) AllocSpace objects, 1(20KB) LOS objects, 38% free, 25MB/41MB, paused 241us total 17.839ms
08-06 05:33:31.654 10605 10617 I art     : Starting a blocking GC Explicit
08-06 05:33:31.672 10605 10617 I art     : Explicit concurrent mark sweep GC freed 20(704B) AllocSpace objects, 0(0B) LOS objects, 38% free, 25MB/41MB, paused 234us total 16.831ms
08-06 05:33:31.681 10605 10617 I art     : Starting a blocking GC Explicit
08-06 05:33:31.696 10605 10617 I art     : Explicit concurrent mark sweep GC freed 3(96B) AllocSpace objects, 0(0B) LOS objects, 38% free, 25MB/41MB, paused 218us total 14.424ms
08-06 05:33:31.703 10605 10617 I art     : Starting a blocking GC Explicit
08-06 05:33:31.718 10605 10617 I art     : Explicit concurrent mark sweep GC freed 3(96B) AllocSpace objects, 0(0B) LOS objects, 38% free, 25MB/41MB, paused 219us total 14.146ms
08-06 05:33:31.726 10605 10617 I art     : Starting a blocking GC Explicit
08-06 05:33:31.740 10605 10617 I art     : Explicit concurrent mark sweep GC freed 3(96B) AllocSpace objects, 0(0B) LOS objects, 38% free, 25MB/41MB, paused 207us total 14.412ms
08-06 05:33:31.843  8745  8745 I ServiceManager: Waiting for service AtCmdFwd...
08-06 05:33:32.058 10605 10616 I art     : Starting a blocking GC Explicit
08-06 05:33:32.076 10605 10616 I art     : Explicit concurrent mark sweep GC freed 1373(79KB) AllocSpace objects, 1(20KB) LOS objects, 38% free, 25MB/41MB, paused 225us total 17.555ms
08-06 05:33:32.086 10605 10616 I art     : Starting a blocking GC Explicit
08-06 05:33:32.104 10605 10616 I art     : Explicit concurrent mark sweep GC freed 20(704B) AllocSpace objects, 0(0B) LOS objects, 38% free, 25MB/41MB, paused 401us total 17.049ms
08-06 05:33:32.112 10605 10616 I art     : Starting a blocking GC Explicit
08-06 05:33:32.127 10605 10616 I art     : Explicit concurrent mark sweep GC freed 3(96B) AllocSpace objects, 0(0B) LOS objects, 38% free, 25MB/41MB, paused 341us total 14.492ms
08-06 05:33:32.134 10605 10616 I art     : Starting a blocking GC Explicit
08-06 05:33:32.149 10605 10616 I art     : Explicit concurrent mark sweep GC freed 3(96B) AllocSpace objects, 0(0B) LOS objects, 38% free, 25MB/41MB, paused 200us total 14.162ms
08-06 05:33:32.156 10605 10616 I art     : Starting a blocking GC Explicit
08-06 05:33:32.170 10605 10616 I art     : Explicit concurrent mark sweep GC freed 3(96B) AllocSpace objects, 0(0B) LOS objects, 38% free, 25MB/41MB, paused 206us total 13.657ms
08-06 05:33:32.474 10605 10643 I art     : Starting a blocking GC Explicit
08-06 05:33:32.495 10605 10643 I art     : Explicit concurrent mark sweep GC freed 1373(79KB) AllocSpace objects, 1(20KB) LOS objects, 38% free, 25MB/41MB, paused 260us total 20.833ms
08-06 05:33:32.507 10605 10643 I art     : Starting a blocking GC Explicit
08-06 05:33:32.522 10605 10643 I art     : Explicit concurrent mark sweep GC freed 20(704B) AllocSpace objects, 0(0B) LOS objects, 38% free, 25MB/41MB, paused 220us total 14.490ms
08-06 05:33:32.530 10605 10643 I art     : Starting a blocking GC Explicit
08-06 05:33:32.544 10605 10643 I art     : Explicit concurrent mark sweep GC freed 3(96B) AllocSpace objects, 0(0B) LOS objects, 38% free, 25MB/41MB, paused 222us total 14.383ms
08-06 05:33:32.552 10605 10643 I art     : Starting a blocking GC Explicit
08-06 05:33:32.567 10605 10643 I art     : Explicit concurrent mark sweep GC freed 3(96B) AllocSpace objects, 0(0B) LOS objects, 38% free, 25MB/41MB, paused 285us total 14.488ms
08-06 05:33:32.574 10605 10643 I art     : Starting a blocking GC Explicit
08-06 05:33:32.589 10605 10643 I art     : Explicit concurrent mark sweep GC freed 3(96B) AllocSpace objects, 0(0B) LOS objects, 38% free, 25MB/41MB, paused 214us total 14.306ms
08-06 05:33:32.844  8745  8745 I ServiceManager: Waiting for service AtCmdFwd...
08-06 05:33:32.895 10605 10617 I art     : Starting a blocking GC Explicit
08-06 05:33:32.916 10605 10617 I art     : Explicit concurrent mark sweep GC freed 1373(79KB) AllocSpace objects, 1(20KB) LOS objects, 38% free, 25MB/41MB, paused 239us total 21.150ms
08-06 05:33:32.927 10605 10617 I art     : Starting a blocking GC Explicit
08-06 05:33:32.944 10605 10617 I art     : Explicit concurrent mark sweep GC freed 20(704B) AllocSpace objects, 0(0B) LOS objects, 38% free, 25MB/41MB, paused 245us total 16.466ms
08-06 05:33:32.952 10605 10617 I art     : Starting a blocking GC Explicit
08-06 05:33:32.967 10605 10617 I art     : Explicit concurrent mark sweep GC freed 3(96B) AllocSpace objects, 0(0B) LOS objects, 38% free, 25MB/41MB, paused 244us total 14.674ms
08-06 05:33:32.975 10605 10617 I art     : Starting a blocking GC Explicit
08-06 05:33:32.989 10605 10617 I art     : Explicit concurrent mark sweep GC freed 3(96B) AllocSpace objects, 0(0B) LOS objects, 38% free, 25MB/41MB, paused 219us total 14.337ms
08-06 05:33:32.997 10605 10617 I art     : Starting a blocking GC Explicit
08-06 05:33:33.011 10605 10617 I art     : Explicit concurrent mark sweep GC freed 3(96B) AllocSpace objects, 0(0B) LOS objects, 38% free, 25MB/41MB, paused 210us total 14.118ms
08-06 05:33:33.325 10605 10616 I art     : Starting a blocking GC Explicit
08-06 05:33:33.346 10605 10616 I art     : Explicit concurrent mark sweep GC freed 1373(79KB) AllocSpace objects, 1(20KB) LOS objects, 38% free, 25MB/41MB, paused 245us total 20.514ms
08-06 05:33:33.359 10605 10616 I art     : Starting a blocking GC Explicit
08-06 05:33:33.377 10605 10616 I art     : Explicit concurrent mark sweep GC freed 20(704B) AllocSpace objects, 0(0B) LOS objects, 38% free, 25MB/41MB, paused 247us total 17.519ms
08-06 05:33:33.384 10605 10616 I art     : Starting a blocking GC Explicit
08-06 05:33:33.399 10605 10616 I art     : Explicit concurrent mark sweep GC freed 3(96B) AllocSpace objects, 0(0B) LOS objects, 38% free, 25MB/41MB, paused 206us total 14.073ms
08-06 05:33:33.406 10605 10616 I art     : Starting a blocking GC Explicit
08-06 05:33:33.420 10605 10616 I art     : Explicit concurrent mark sweep GC freed 3(96B) AllocSpace objects, 0(0B) LOS objects, 38% free, 25MB/41MB, paused 198us total 13.961ms
08-06 05:33:33.428 10605 10616 I art     : Starting a blocking GC Explicit
08-06 05:33:33.442 10605 10616 I art     : Explicit concurrent mark sweep GC freed 3(96B) AllocSpace objects, 0(0B) LOS objects, 38% free, 25MB/41MB, paused 212us total 14.056ms
08-06 05:33:33.763 10605 10643 I art     : Starting a blocking GC Explicit
08-06 05:33:33.782 10605 10643 I art     : Explicit concurrent mark sweep GC freed 1373(79KB) AllocSpace objects, 1(20KB) LOS objects, 38% free, 25MB/41MB, paused 272us total 18.796ms
08-06 05:33:33.796 10605 10643 I art     : Starting a blocking GC Explicit
08-06 05:33:33.811 10605 10643 I art     : Explicit concurrent mark sweep GC freed 20(704B) AllocSpace objects, 0(0B) LOS objects, 38% free, 25MB/41MB, paused 225us total 14.856ms
08-06 05:33:33.819 10605 10643 I art     : Starting a blocking GC Explicit
08-06 05:33:33.833 10605 10643 I art     : Explicit concurrent mark sweep GC freed 3(96B) AllocSpace objects, 0(0B) LOS objects, 38% free, 25MB/41MB, paused 227us total 14.258ms
08-06 05:33:33.841 10605 10643 I art     : Starting a blocking GC Explicit
08-06 05:33:33.845  8745  8745 W Atfwd_Sendcmd: AtCmdFwd service not published, waiting... retryCnt : 1
08-06 05:33:33.855 10605 10643 I art     : Explicit concurrent mark sweep GC freed 3(96B) AllocSpace objects, 0(0B) LOS objects, 38% free, 25MB/41MB, paused 216us total 14.057ms
08-06 05:33:33.863 10605 10643 I art     : Starting a blocking GC Explicit
08-06 05:33:33.877 10605 10643 I art     : Explicit concurrent mark sweep GC freed 3(96B) AllocSpace objects, 0(0B) LOS objects, 38% free, 25MB/41MB, paused 215us total 14.248ms
08-06 05:33:34.196 10605 10617 I art     : Starting a blocking GC Explicit
08-06 05:33:34.214 10605 10617 I art     : Explicit concurrent mark sweep GC freed 1373(79KB) AllocSpace objects, 1(20KB) LOS objects, 38% free, 25MB/41MB, paused 240us total 17.552ms
08-06 05:33:34.224 10605 10617 I art     : Starting a blocking GC Explicit
08-06 05:33:34.241 10605 10617 I art     : Explicit concurrent mark sweep GC freed 20(704B) AllocSpace objects, 0(0B) LOS objects, 38% free, 25MB/41MB, paused 228us total 16.574ms
08-06 05:33:34.251 10605 10617 I art     : Starting a blocking GC Explicit
08-06 05:33:34.265 10605 10617 I art     : Explicit concurrent mark sweep GC freed 3(96B) AllocSpace objects, 0(0B) LOS objects, 38% free, 25MB/41MB, paused 240us total 14.293ms
08-06 05:33:34.273 10605 10617 I art     : Starting a blocking GC Explicit
08-06 05:33:34.288 10605 10617 I art     : Explicit concurrent mark sweep GC freed 3(96B) AllocSpace objects, 0(0B) LOS objects, 38% free, 25MB/41MB, paused 241us total 14.095ms
08-06 05:33:34.295 10605 10617 I art     : Starting a blocking GC Explicit
08-06 05:33:34.310 10605 10617 I art     : Explicit concurrent mark sweep GC freed 3(96B) AllocSpace objects, 0(0B) LOS objects, 38% free, 25MB/41MB, paused 217us total 14.273ms
08-06 05:33:34.600 10605 10616 I art     : Starting a blocking GC Explicit
08-06 05:33:34.620 10605 10616 I art     : Explicit concurrent mark sweep GC freed 1373(79KB) AllocSpace objects, 1(20KB) LOS objects, 38% free, 25MB/41MB, paused 289us total 19.834ms
08-06 05:33:34.633 10605 10616 I art     : Starting a blocking GC Explicit
08-06 05:33:34.648 10605 10616 I art     : Explicit concurrent mark sweep GC freed 20(704B) AllocSpace objects, 0(0B) LOS objects, 38% free, 25MB/41MB, paused 218us total 14.466ms
08-06 05:33:34.656 10605 10616 I art     : Starting a blocking GC Explicit
08-06 05:33:34.670 10605 10616 I art     : Explicit concurrent mark sweep GC freed 3(96B) AllocSpace objects, 0(0B) LOS objects, 38% free, 25MB/41MB, paused 217us total 14.335ms
08-06 05:33:34.678 10605 10616 I art     : Starting a blocking GC Explicit
08-06 05:33:34.692 10605 10616 I art     : Explicit concurrent mark sweep GC freed 3(96B) AllocSpace objects, 0(0B) LOS objects, 38% free, 25MB/41MB, paused 203us total 14.147ms
08-06 05:33:34.700 10605 10616 I art     : Starting a blocking GC Explicit
08-06 05:33:34.714 10605 10616 I art     : Explicit concurrent mark sweep GC freed 3(96B) AllocSpace objects, 0(0B) LOS objects, 38% free, 25MB/41MB, paused 205us total 13.975ms
08-06 05:33:35.008 10605 10643 I art     : Starting a blocking GC Explicit
08-06 05:33:35.022 10605 10643 I art     : Explicit concurrent mark sweep GC freed 1373(79KB) AllocSpace objects, 1(20KB) LOS objects, 38% free, 25MB/41MB, paused 215us total 14.142ms
08-06 05:33:35.030 10605 10643 I art     : Starting a blocking GC Explicit
08-06 05:33:35.044 10605 10643 I art     : Explicit concurrent mark sweep GC freed 20(704B) AllocSpace objects, 0(0B) LOS objects, 38% free, 25MB/41MB, paused 211us total 13.816ms
08-06 05:33:35.051 10605 10643 I art     : Starting a blocking GC Explicit
08-06 05:33:35.065 10605 10643 I art     : Explicit concurrent mark sweep GC freed 3(96B) AllocSpace objects, 0(0B) LOS objects, 38% free, 25MB/41MB, paused 210us total 13.458ms
08-06 05:33:35.072 10605 10643 I art     : Starting a blocking GC Explicit
08-06 05:33:35.087 10605 10643 I art     : Explicit concurrent mark sweep GC freed 3(96B) AllocSpace objects, 0(0B) LOS objects, 38% free, 25MB/41MB, paused 214us total 14.142ms
08-06 05:33:35.094 10605 10643 I art     : Starting a blocking GC Explicit
08-06 05:33:35.108 10605 10643 I art     : Explicit concurrent mark sweep GC freed 3(96B) AllocSpace objects, 0(0B) LOS objects, 38% free, 25MB/41MB, paused 222us total 13.800ms
08-06 05:33:35.410 10605 10617 I art     : Starting a blocking GC Explicit
08-06 05:33:35.428 10605 10617 I art     : Explicit concurrent mark sweep GC freed 1373(79KB) AllocSpace objects, 1(20KB) LOS objects, 38% free, 25MB/41MB, paused 265us total 17.512ms
08-06 05:33:35.438 10605 10617 I art     : Starting a blocking GC Explicit
08-06 05:33:35.455 10605 10617 I art     : Explicit concurrent mark sweep GC freed 20(704B) AllocSpace objects, 0(0B) LOS objects, 38% free, 25MB/41MB, paused 250us total 16.159ms
08-06 05:33:35.466 10605 10617 I art     : Starting a blocking GC Explicit
08-06 05:33:35.481 10605 10617 I art     : Explicit concurrent mark sweep GC freed 3(96B) AllocSpace objects, 0(0B) LOS objects, 38% free, 25MB/41MB, paused 224us total 14.421ms
08-06 05:33:35.489 10605 10617 I art     : Starting a blocking GC Explicit
08-06 05:33:35.503 10605 10617 I art     : Explicit concurrent mark sweep GC freed 3(96B) AllocSpace objects, 0(0B) LOS objects, 38% free, 25MB/41MB, paused 217us total 14.195ms
08-06 05:33:35.511 10605 10617 I art     : Starting a blocking GC Explicit
08-06 05:33:35.525 10605 10617 I art     : Explicit concurrent mark sweep GC freed 3(96B) AllocSpace objects, 0(0B) LOS objects, 38% free, 25MB/41MB, paused 221us total 14.208ms
08-06 05:33:35.830 10605 10616 I art     : Starting a blocking GC Explicit
08-06 05:33:35.845 10605 10616 I art     : Explicit concurrent mark sweep GC freed 1373(79KB) AllocSpace objects, 1(20KB) LOS objects, 38% free, 25MB/41MB, paused 244us total 14.898ms
08-06 05:33:35.854 10605 10616 I art     : Starting a blocking GC Explicit
08-06 05:33:35.872 10605 10616 I art     : Explicit concurrent mark sweep GC freed 20(704B) AllocSpace objects, 0(0B) LOS objects, 38% free, 25MB/41MB, paused 215us total 16.622ms
08-06 05:33:35.883 10605 10616 I art     : Starting a blocking GC Explicit
08-06 05:33:35.898 10605 10616 I art     : Explicit concurrent mark sweep GC freed 3(96B) AllocSpace objects, 0(0B) LOS objects, 38% free, 25MB/41MB, paused 215us total 14.496ms
08-06 05:33:35.906 10605 10616 I art     : Starting a blocking GC Explicit
08-06 05:33:35.920 10605 10616 I art     : Explicit concurrent mark sweep GC freed 3(96B) AllocSpace objects, 0(0B) LOS objects, 38% free, 25MB/41MB, paused 208us total 14.144ms
08-06 05:33:35.928 10605 10616 I art     : Starting a blocking GC Explicit
08-06 05:33:35.942 10605 10616 I art     : Explicit concurrent mark sweep GC freed 3(96B) AllocSpace objects, 0(0B) LOS objects, 38% free, 25MB/41MB, paused 210us total 14.154ms
08-06 05:33:36.008   918  3261 D WifiStateMachine: starting scan for "H369AA63323"WPA_PSK with 2412,5180
08-06 05:33:36.254 10605 10643 I art     : Starting a blocking GC Explicit
08-06 05:33:36.276 10605 10643 I art     : Explicit concurrent mark sweep GC freed 1373(79KB) AllocSpace objects, 1(20KB) LOS objects, 38% free, 25MB/41MB, paused 271us total 21.290ms
08-06 05:33:36.288 10605 10643 I art     : Starting a blocking GC Explicit
08-06 05:33:36.304 10605 10643 I art     : Explicit concurrent mark sweep GC freed 20(704B) AllocSpace objects, 0(0B) LOS objects, 38% free, 25MB/41MB, paused 237us total 15.333ms
08-06 05:33:36.312 10605 10643 I art     : Starting a blocking GC Explicit
08-06 05:33:36.326 10605 10643 I art     : Explicit concurrent mark sweep GC freed 3(96B) AllocSpace objects, 0(0B) LOS objects, 38% free, 25MB/41MB, paused 228us total 14.239ms
08-06 05:33:36.334 10605 10643 I art     : Starting a blocking GC Explicit
08-06 05:33:36.348 10605 10643 I art     : Explicit concurrent mark sweep GC freed 3(96B) AllocSpace objects, 0(0B) LOS objects, 38% free, 25MB/41MB, paused 212us total 14.435ms
08-06 05:33:36.356 10605 10643 I art     : Starting a blocking GC Explicit
08-06 05:33:36.370 10605 10643 I art     : Explicit concurrent mark sweep GC freed 3(96B) AllocSpace objects, 0(0B) LOS objects, 38% free, 25MB/41MB, paused 217us total 13.976ms
08-06 05:33:36.681 10605 10617 I art     : Starting a blocking GC Explicit
08-06 05:33:36.700 10605 10617 I art     : Explicit concurrent mark sweep GC freed 1373(79KB) AllocSpace objects, 1(20KB) LOS objects, 38% free, 25MB/41MB, paused 239us total 18.019ms
08-06 05:33:36.710 10605 10617 I art     : Starting a blocking GC Explicit
08-06 05:33:36.727 10605 10617 I art     : Explicit concurrent mark sweep GC freed 20(704B) AllocSpace objects, 0(0B) LOS objects, 38% free, 25MB/41MB, paused 231us total 16.408ms
08-06 05:33:36.736 10605 10617 I art     : Starting a blocking GC Explicit
08-06 05:33:36.751 10605 10617 I art     : Explicit concurrent mark sweep GC freed 3(96B) AllocSpace objects, 0(0B) LOS objects, 38% free, 25MB/41MB, paused 210us total 14.293ms
08-06 05:33:36.759 10605 10617 I art     : Starting a blocking GC Explicit
08-06 05:33:36.773 10605 10617 I art     : Explicit concurrent mark sweep GC freed 3(96B) AllocSpace objects, 0(0B) LOS objects, 38% free, 25MB/41MB, paused 210us total 13.881ms
08-06 05:33:36.781 10605 10617 I art     : Starting a blocking GC Explicit
08-06 05:33:36.795 10605 10617 I art     : Explicit concurrent mark sweep GC freed 3(96B) AllocSpace objects, 0(0B) LOS objects, 38% free, 25MB/41MB, paused 214us total 13.796ms
08-06 05:33:37.119 10605 10616 I art     : Starting a blocking GC Explicit
08-06 05:33:37.138 10605 10616 I art     : Explicit concurrent mark sweep GC freed 1373(79KB) AllocSpace objects, 1(20KB) LOS objects, 38% free, 25MB/41MB, paused 353us total 17.886ms
08-06 05:33:37.152 10605 10616 I art     : Starting a blocking GC Explicit
08-06 05:33:37.166 10605 10616 I art     : Explicit concurrent mark sweep GC freed 20(704B) AllocSpace objects, 0(0B) LOS objects, 38% free, 25MB/41MB, paused 209us total 13.629ms
08-06 05:33:37.173 10605 10616 I art     : Starting a blocking GC Explicit
08-06 05:33:37.187 10605 10616 I art     : Explicit concurrent mark sweep GC freed 3(96B) AllocSpace objects, 0(0B) LOS objects, 38% free, 25MB/41MB, paused 215us total 13.837ms
08-06 05:33:37.195 10605 10616 I art     : Starting a blocking GC Explicit
08-06 05:33:37.209 10605 10616 I art     : Explicit concurrent mark sweep GC freed 3(96B) AllocSpace objects, 0(0B) LOS objects, 38% free, 25MB/41MB, paused 207us total 14.116ms
08-06 05:33:37.217 10605 10616 I art     : Starting a blocking GC Explicit
08-06 05:33:37.231 10605 10616 I art     : Explicit concurrent mark sweep GC freed 3(96B) AllocSpace objects, 0(0B) LOS objects, 38% free, 25MB/41MB, paused 204us total 13.943ms
08-06 05:33:37.528 10605 10643 I art     : Starting a blocking GC Explicit
08-06 05:33:37.546 10605 10643 I art     : Explicit concurrent mark sweep GC freed 1373(79KB) AllocSpace objects, 1(20KB) LOS objects, 38% free, 25MB/41MB, paused 234us total 17.568ms
08-06 05:33:37.557 10605 10643 I art     : Starting a blocking GC Explicit
08-06 05:33:37.573 10605 10643 I art     : Explicit concurrent mark sweep GC freed 20(704B) AllocSpace objects, 0(0B) LOS objects, 38% free, 25MB/41MB, paused 225us total 16.286ms
08-06 05:33:37.583 10605 10643 I art     : Starting a blocking GC Explicit
08-06 05:33:37.598 10605 10643 I art     : Explicit concurrent mark sweep GC freed 3(96B) AllocSpace objects, 0(0B) LOS objects, 38% free, 25MB/41MB, paused 207us total 14.632ms
08-06 05:33:37.605 10605 10643 I art     : Starting a blocking GC Explicit
08-06 05:33:37.620 10605 10643 I art     : Explicit concurrent mark sweep GC freed 3(96B) AllocSpace objects, 0(0B) LOS objects, 38% free, 25MB/41MB, paused 208us total 14.413ms
08-06 05:33:37.628 10605 10643 I art     : Starting a blocking GC Explicit
08-06 05:33:37.641 10605 10643 I art     : Explicit concurrent mark sweep GC freed 3(96B) AllocSpace objects, 0(0B) LOS objects, 38% free, 25MB/41MB, paused 212us total 13.315ms
08-06 05:33:37.907 10605 10617 I art     : Starting a blocking GC Explicit
08-06 05:33:37.925 10605 10617 I art     : Explicit concurrent mark sweep GC freed 1373(79KB) AllocSpace objects, 1(20KB) LOS objects, 38% free, 25MB/41MB, paused 253us total 17.380ms
08-06 05:33:37.926 10605 10615 I art     : WaitForGcToComplete blocked for 8.899ms for cause HeapTrim
08-06 05:33:37.937 10605 10617 I art     : Starting a blocking GC Explicit
08-06 05:33:37.951 10605 10617 I art     : Explicit concurrent mark sweep GC freed 20(704B) AllocSpace objects, 0(0B) LOS objects, 38% free, 25MB/41MB, paused 220us total 13.680ms
08-06 05:33:37.958 10605 10617 I art     : Starting a blocking GC Explicit
08-06 05:33:37.972 10605 10617 I art     : Explicit concurrent mark sweep GC freed 3(96B) AllocSpace objects, 0(0B) LOS objects, 38% free, 25MB/41MB, paused 226us total 13.599ms
08-06 05:33:37.980 10605 10617 I art     : Starting a blocking GC Explicit
08-06 05:33:37.993 10605 10617 I art     : Explicit concurrent mark sweep GC freed 3(96B) AllocSpace objects, 0(0B) LOS objects, 38% free, 25MB/41MB, paused 219us total 13.278ms
08-06 05:33:38.000 10605 10617 I art     : Starting a blocking GC Explicit
08-06 05:33:38.014 10605 10617 I art     : Explicit concurrent mark sweep GC freed 3(96B) AllocSpace objects, 0(0B) LOS objects, 38% free, 25MB/41MB, paused 217us total 13.586ms
08-06 05:33:38.149 11465 11465 D AndroidRuntime: >>>>>> START com.android.internal.os.RuntimeInit uid 2000 <<<<<<
08-06 05:33:38.155 11465 11465 D AndroidRuntime: CheckJNI is OFF
08-06 05:33:38.190 11465 11465 D ICU     : No timezone override file found: /data/misc/zoneinfo/current/icu/icu_tzdata.dat
08-06 05:33:38.223 11465 11465 I Radio-JNI: register_android_hardware_Radio DONE
08-06 05:33:38.245 11465 11465 D AndroidRuntime: Calling main entry com.android.commands.input.Input
08-06 05:33:38.247 11465 11465 I Input   : injectMotionEvent: MotionEvent { action=ACTION_DOWN, actionButton=0, id[0]=0, x[0]=436.0, y[0]=453.0, toolType[0]=TOOL_TYPE_UNKNOWN, buttonState=0, metaState=0, flags=0x0, edgeFlags=0x0, pointerCount=1, historySize=0, eventTime=855234660, downTime=855234660, deviceId=0, source=0x1002 }
08-06 05:33:38.251 11465 11465 I Input   : injectMotionEvent: MotionEvent { action=ACTION_UP, actionButton=0, id[0]=0, x[0]=436.0, y[0]=453.0, toolType[0]=TOOL_TYPE_UNKNOWN, buttonState=0, metaState=0, flags=0x0, edgeFlags=0x0, pointerCount=1, historySize=0, eventTime=855234660, downTime=855234660, deviceId=0, source=0x1002 }
08-06 05:33:38.252 11465 11465 D AndroidRuntime: Shutting down VM
08-06 05:33:38.296 10605 10616 I art     : Starting a blocking GC Explicit
08-06 05:33:38.311 10605 10616 I art     : Explicit concurrent mark sweep GC freed 1373(79KB) AllocSpace objects, 1(20KB) LOS objects, 38% free, 25MB/41MB, paused 208us total 14.320ms
08-06 05:33:38.319 10605 10616 I art     : Starting a blocking GC Explicit
08-06 05:33:38.333 10605 10616 I art     : Explicit concurrent mark sweep GC freed 20(704B) AllocSpace objects, 0(0B) LOS objects, 38% free, 25MB/41MB, paused 205us total 14.269ms
08-06 05:33:38.341 10605 10616 I art     : Starting a blocking GC Explicit
08-06 05:33:38.355 10605 10616 I art     : Explicit concurrent mark sweep GC freed 3(96B) AllocSpace objects, 0(0B) LOS objects, 38% free, 25MB/41MB, paused 207us total 13.905ms
08-06 05:33:38.363 10605 10616 I art     : Starting a blocking GC Explicit
08-06 05:33:38.377 10605 10616 I art     : Explicit concurrent mark sweep GC freed 3(96B) AllocSpace objects, 0(0B) LOS objects, 38% free, 25MB/41MB, paused 222us total 14.097ms
08-06 05:33:38.385 10605 10616 I art     : Starting a blocking GC Explicit
08-06 05:33:38.399 10605 10616 I art     : Explicit concurrent mark sweep GC freed 3(96B) AllocSpace objects, 0(0B) LOS objects, 38% free, 25MB/41MB, paused 197us total 13.997ms
08-06 05:33:38.649 10605 10643 I art     : Starting a blocking GC Explicit
08-06 05:33:38.664 10605 10643 I art     : Explicit concurrent mark sweep GC freed 1373(79KB) AllocSpace objects, 1(20KB) LOS objects, 38% free, 25MB/41MB, paused 223us total 15.132ms
08-06 05:33:38.672 10605 10643 I art     : Starting a blocking GC Explicit
08-06 05:33:38.686 10605 10643 I art     : Explicit concurrent mark sweep GC freed 20(704B) AllocSpace objects, 0(0B) LOS objects, 38% free, 25MB/41MB, paused 232us total 14.335ms
08-06 05:33:38.695 10605 10643 I art     : Starting a blocking GC Explicit
08-06 05:33:38.709 10605 10643 I art     : Explicit concurrent mark sweep GC freed 3(96B) AllocSpace objects, 0(0B) LOS objects, 38% free, 25MB/41MB, paused 212us total 13.751ms
08-06 05:33:38.716 10605 10643 I art     : Starting a blocking GC Explicit
08-06 05:33:38.730 10605 10643 I art     : Explicit concurrent mark sweep GC freed 3(96B) AllocSpace objects, 0(0B) LOS objects, 38% free, 25MB/41MB, paused 214us total 13.686ms
08-06 05:33:38.737 10605 10643 I art     : Starting a blocking GC Explicit
08-06 05:33:38.752 10605 10643 I art     : Explicit concurrent mark sweep GC freed 3(96B) AllocSpace objects, 0(0B) LOS objects, 38% free, 25MB/41MB, paused 204us total 14.003ms
08-06 05:33:38.845  8745  8745 I ServiceManager: Waiting for service AtCmdFwd...
08-06 05:33:39.028 10605 10617 I art     : Starting a blocking GC Explicit
08-06 05:33:39.044 10605 10617 I art     : Explicit concurrent mark sweep GC freed 1373(79KB) AllocSpace objects, 1(20KB) LOS objects, 38% free, 25MB/41MB, paused 246us total 16.074ms
08-06 05:33:39.055 10605 10617 I art     : Starting a blocking GC Explicit
08-06 05:33:39.069 10605 10617 I art     : Explicit concurrent mark sweep GC freed 20(704B) AllocSpace objects, 0(0B) LOS objects, 38% free, 25MB/41MB, paused 209us total 14.042ms
08-06 05:33:39.077 10605 10617 I art     : Starting a blocking GC Explicit
08-06 05:33:39.091 10605 10617 I art     : Explicit concurrent mark sweep GC freed 3(96B) AllocSpace objects, 0(0B) LOS objects, 38% free, 25MB/41MB, paused 207us total 14.135ms
08-06 05:33:39.099 10605 10617 I art     : Starting a blocking GC Explicit
08-06 05:33:39.113 10605 10617 I art     : Explicit concurrent mark sweep GC freed 3(96B) AllocSpace objects, 0(0B) LOS objects, 38% free, 25MB/41MB, paused 237us total 14.239ms
08-06 05:33:39.121 10605 10617 I art     : Starting a blocking GC Explicit
08-06 05:33:39.136 10605 10617 I art     : Explicit concurrent mark sweep GC freed 3(96B) AllocSpace objects, 0(0B) LOS objects, 38% free, 25MB/41MB, paused 229us total 14.546ms
08-06 05:33:39.417 10605 10616 I art     : Starting a blocking GC Explicit
08-06 05:33:39.434 10605 10616 I art     : Explicit concurrent mark sweep GC freed 1373(79KB) AllocSpace objects, 1(20KB) LOS objects, 38% free, 25MB/41MB, paused 247us total 17.158ms
08-06 05:33:39.448 10605 10616 I art     : Starting a blocking GC Explicit
08-06 05:33:39.462 10605 10616 I art     : Explicit concurrent mark sweep GC freed 20(704B) AllocSpace objects, 0(0B) LOS objects, 38% free, 25MB/41MB, paused 215us total 14.185ms
08-06 05:33:39.470 10605 10616 I art     : Starting a blocking GC Explicit
08-06 05:33:39.484 10605 10616 I art     : Explicit concurrent mark sweep GC freed 3(96B) AllocSpace objects, 0(0B) LOS objects, 38% free, 25MB/41MB, paused 207us total 14.223ms
08-06 05:33:39.492 10605 10616 I art     : Starting a blocking GC Explicit
08-06 05:33:39.506 10605 10616 I art     : Explicit concurrent mark sweep GC freed 3(96B) AllocSpace objects, 0(0B) LOS objects, 38% free, 25MB/41MB, paused 207us total 14.022ms
08-06 05:33:39.514 10605 10616 I art     : Starting a blocking GC Explicit
08-06 05:33:39.528 10605 10616 I art     : Explicit concurrent mark sweep GC freed 3(96B) AllocSpace objects, 0(0B) LOS objects, 38% free, 25MB/41MB, paused 207us total 13.917ms
08-06 05:33:39.808 10605 10643 I art     : Starting a blocking GC Explicit
08-06 05:33:39.823 10605 10643 I art     : Explicit concurrent mark sweep GC freed 1373(79KB) AllocSpace objects, 1(20KB) LOS objects, 38% free, 25MB/41MB, paused 219us total 14.796ms
08-06 05:33:39.831 10605 10643 I art     : Starting a blocking GC Explicit
08-06 05:33:39.846  8745  8745 I ServiceManager: Waiting for service AtCmdFwd...
08-06 05:33:39.848 10605 10643 I art     : Explicit concurrent mark sweep GC freed 20(704B) AllocSpace objects, 0(0B) LOS objects, 38% free, 25MB/41MB, paused 242us total 16.961ms
08-06 05:33:39.859 10605 10643 I art     : Starting a blocking GC Explicit
08-06 05:33:39.874 10605 10643 I art     : Explicit concurrent mark sweep GC freed 3(96B) AllocSpace objects, 0(0B) LOS objects, 38% free, 25MB/41MB, paused 214us total 14.955ms
08-06 05:33:39.882 10605 10643 I art     : Starting a blocking GC Explicit
08-06 05:33:39.896 10605 10643 I art     : Explicit concurrent mark sweep GC freed 3(96B) AllocSpace objects, 0(0B) LOS objects, 38% free, 25MB/41MB, paused 229us total 13.970ms
08-06 05:33:39.904 10605 10643 I art     : Starting a blocking GC Explicit
08-06 05:33:39.918 10605 10643 I art     : Explicit concurrent mark sweep GC freed 3(96B) AllocSpace objects, 0(0B) LOS objects, 38% free, 25MB/41MB, paused 212us total 14.003ms
08-06 05:33:40.240 10605 10617 I art     : Starting a blocking GC Explicit
08-06 05:33:40.258 10605 10617 I art     : Explicit concurrent mark sweep GC freed 1373(79KB) AllocSpace objects, 1(20KB) LOS objects, 38% free, 25MB/41MB, paused 279us total 17.875ms
08-06 05:33:40.268 10605 10617 I art     : Starting a blocking GC Explicit
08-06 05:33:40.285 10605 10617 I art     : Explicit concurrent mark sweep GC freed 20(704B) AllocSpace objects, 0(0B) LOS objects, 38% free, 25MB/41MB, paused 235us total 16.454ms
08-06 05:33:40.295 10605 10617 I art     : Starting a blocking GC Explicit
08-06 05:33:40.309 10605 10617 I art     : Explicit concurrent mark sweep GC freed 3(96B) AllocSpace objects, 0(0B) LOS objects, 38% free, 25MB/41MB, paused 219us total 14.409ms
08-06 05:33:40.317 10605 10617 I art     : Starting a blocking GC Explicit
08-06 05:33:40.331 10605 10617 I art     : Explicit concurrent mark sweep GC freed 3(96B) AllocSpace objects, 0(0B) LOS objects, 38% free, 25MB/41MB, paused 223us total 14.286ms
08-06 05:33:40.339 10605 10617 I art     : Starting a blocking GC Explicit
08-06 05:33:40.354 10605 10617 I art     : Explicit concurrent mark sweep GC freed 3(96B) AllocSpace objects, 0(0B) LOS objects, 38% free, 25MB/41MB, paused 255us total 14.597ms
08-06 05:33:40.677 10605 10616 I art     : Starting a blocking GC Explicit
08-06 05:33:40.695 10605 10616 I art     : Explicit concurrent mark sweep GC freed 1373(79KB) AllocSpace objects, 1(20KB) LOS objects, 38% free, 25MB/41MB, paused 223us total 17.807ms
08-06 05:33:40.709 10605 10616 I art     : Starting a blocking GC Explicit
08-06 05:33:40.725 10605 10616 I art     : Explicit concurrent mark sweep GC freed 20(704B) AllocSpace objects, 0(0B) LOS objects, 38% free, 25MB/41MB, paused 207us total 14.934ms
08-06 05:33:40.732 10605 10616 I art     : Starting a blocking GC Explicit
08-06 05:33:40.746 10605 10616 I art     : Explicit concurrent mark sweep GC freed 3(96B) AllocSpace objects, 0(0B) LOS objects, 38% free, 25MB/41MB, paused 224us total 13.990ms
08-06 05:33:40.754 10605 10616 I art     : Starting a blocking GC Explicit
08-06 05:33:40.770 10605 10616 I art     : Explicit concurrent mark sweep GC freed 3(96B) AllocSpace objects, 0(0B) LOS objects, 38% free, 25MB/41MB, paused 208us total 15.651ms
08-06 05:33:40.778 10605 10616 I art     : Starting a blocking GC Explicit
08-06 05:33:40.792 10605 10616 I art     : Explicit concurrent mark sweep GC freed 3(96B) AllocSpace objects, 0(0B) LOS objects, 38% free, 25MB/41MB, paused 201us total 14.246ms
08-06 05:33:40.847  8745  8745 I ServiceManager: Waiting for service AtCmdFwd...
08-06 05:33:41.103 10605 10643 I art     : Starting a blocking GC Explicit
08-06 05:33:41.120 10605 10643 I art     : Explicit concurrent mark sweep GC freed 1373(79KB) AllocSpace objects, 1(20KB) LOS objects, 38% free, 25MB/41MB, paused 270us total 16.390ms
08-06 05:33:41.133 10605 10643 I art     : Starting a blocking GC Explicit
08-06 05:33:41.147 10605 10643 I art     : Explicit concurrent mark sweep GC freed 20(704B) AllocSpace objects, 0(0B) LOS objects, 38% free, 25MB/41MB, paused 271us total 14ms
08-06 05:33:41.155 10605 10643 I art     : Starting a blocking GC Explicit
08-06 05:33:41.169 10605 10643 I art     : Explicit concurrent mark sweep GC freed 3(96B) AllocSpace objects, 0(0B) LOS objects, 38% free, 25MB/41MB, paused 213us total 13.869ms
08-06 05:33:41.177 10605 10643 I art     : Starting a blocking GC Explicit
08-06 05:33:41.191 10605 10643 I art     : Explicit concurrent mark sweep GC freed 3(96B) AllocSpace objects, 0(0B) LOS objects, 38% free, 25MB/41MB, paused 212us total 13.837ms
08-06 05:33:41.199 10605 10643 I art     : Starting a blocking GC Explicit
08-06 05:33:41.213 10605 10643 I art     : Explicit concurrent mark sweep GC freed 3(96B) AllocSpace objects, 0(0B) LOS objects, 38% free, 25MB/41MB, paused 212us total 13.738ms
08-06 05:33:41.509 10605 10617 I art     : Starting a blocking GC Explicit
08-06 05:33:41.528 10605 10617 I art     : Explicit concurrent mark sweep GC freed 1373(79KB) AllocSpace objects, 1(20KB) LOS objects, 38% free, 25MB/41MB, paused 297us total 18.561ms
08-06 05:33:41.541 10605 10617 I art     : Starting a blocking GC Explicit
08-06 05:33:41.555 10605 10617 I art     : Explicit concurrent mark sweep GC freed 20(704B) AllocSpace objects, 0(0B) LOS objects, 38% free, 25MB/41MB, paused 228us total 14.175ms
08-06 05:33:41.563 10605 10617 I art     : Starting a blocking GC Explicit
08-06 05:33:41.578 10605 10617 I art     : Explicit concurrent mark sweep GC freed 3(96B) AllocSpace objects, 0(0B) LOS objects, 38% free, 25MB/41MB, paused 218us total 14.359ms
08-06 05:33:41.585 10605 10617 I art     : Starting a blocking GC Explicit
08-06 05:33:41.600 10605 10617 I art     : Explicit concurrent mark sweep GC freed 3(96B) AllocSpace objects, 0(0B) LOS objects, 38% free, 25MB/41MB, paused 220us total 14.209ms
08-06 05:33:41.608 10605 10617 I art     : Starting a blocking GC Explicit
08-06 05:33:41.621 10605 10617 I art     : Explicit concurrent mark sweep GC freed 3(96B) AllocSpace objects, 0(0B) LOS objects, 38% free, 25MB/41MB, paused 235us total 13.760ms
08-06 05:33:41.847  8745  8745 I ServiceManager: Waiting for service AtCmdFwd...
08-06 05:33:41.906 10605 10616 I art     : Starting a blocking GC Explicit
08-06 05:33:41.924 10605 10616 I art     : Explicit concurrent mark sweep GC freed 1373(79KB) AllocSpace objects, 1(20KB) LOS objects, 38% free, 25MB/41MB, paused 227us total 17.594ms
08-06 05:33:41.934 10605 10616 I art     : Starting a blocking GC Explicit
08-06 05:33:41.952 10605 10616 I art     : Explicit concurrent mark sweep GC freed 20(704B) AllocSpace objects, 0(0B) LOS objects, 38% free, 25MB/41MB, paused 234us total 16.767ms
08-06 05:33:41.964 10605 10616 I art     : Starting a blocking GC Explicit
08-06 05:33:41.978 10605 10616 I art     : Explicit concurrent mark sweep GC freed 3(96B) AllocSpace objects, 0(0B) LOS objects, 38% free, 25MB/41MB, paused 209us total 14.208ms
08-06 05:33:41.986 10605 10616 I art     : Starting a blocking GC Explicit
08-06 05:33:42.000 10605 10616 I art     : Explicit concurrent mark sweep GC freed 3(96B) AllocSpace objects, 0(0B) LOS objects, 38% free, 25MB/41MB, paused 205us total 13.824ms
08-06 05:33:42.008 10605 10616 I art     : Starting a blocking GC Explicit
08-06 05:33:42.022 10605 10616 I art     : Explicit concurrent mark sweep GC freed 3(96B) AllocSpace objects, 0(0B) LOS objects, 38% free, 25MB/41MB, paused 205us total 14.083ms
08-06 05:33:42.367 10605 10643 I art     : Starting a blocking GC Explicit
08-06 05:33:42.386 10605 10643 I art     : Explicit concurrent mark sweep GC freed 1373(79KB) AllocSpace objects, 1(20KB) LOS objects, 38% free, 25MB/41MB, paused 236us total 18.811ms
08-06 05:33:42.397 10605 10643 I art     : Starting a blocking GC Explicit
08-06 05:33:42.412 10605 10643 I art     : Explicit concurrent mark sweep GC freed 20(704B) AllocSpace objects, 0(0B) LOS objects, 38% free, 25MB/41MB, paused 223us total 14.892ms
08-06 05:33:42.420 10605 10643 I art     : Starting a blocking GC Explicit
08-06 05:33:42.434 10605 10643 I art     : Explicit concurrent mark sweep GC freed 3(96B) AllocSpace objects, 0(0B) LOS objects, 38% free, 25MB/41MB, paused 221us total 14.248ms
08-06 05:33:42.442 10605 10643 I art     : Starting a blocking GC Explicit
08-06 05:33:42.456 10605 10643 I art     : Explicit concurrent mark sweep GC freed 3(96B) AllocSpace objects, 0(0B) LOS objects, 38% free, 25MB/41MB, paused 233us total 13.631ms
08-06 05:33:42.463 10605 10643 I art     : Starting a blocking GC Explicit
08-06 05:33:42.478 10605 10643 I art     : Explicit concurrent mark sweep GC freed 3(96B) AllocSpace objects, 0(0B) LOS objects, 38% free, 25MB/41MB, paused 212us total 14.099ms
08-06 05:33:42.740 10605 10617 I art     : Starting a blocking GC Explicit
08-06 05:33:42.758 10605 10617 I art     : Explicit concurrent mark sweep GC freed 1373(79KB) AllocSpace objects, 1(20KB) LOS objects, 38% free, 25MB/41MB, paused 535us total 17.249ms
08-06 05:33:42.772 10605 10617 I art     : Starting a blocking GC Explicit
08-06 05:33:42.785 10605 10617 I art     : Explicit concurrent mark sweep GC freed 20(704B) AllocSpace objects, 0(0B) LOS objects, 38% free, 25MB/41MB, paused 216us total 13.460ms
08-06 05:33:42.793 10605 10617 I art     : Starting a blocking GC Explicit
08-06 05:33:42.807 10605 10617 I art     : Explicit concurrent mark sweep GC freed 3(96B) AllocSpace objects, 0(0B) LOS objects, 38% free, 25MB/41MB, paused 218us total 13.777ms
08-06 05:33:42.814 10605 10617 I art     : Starting a blocking GC Explicit
08-06 05:33:42.828 10605 10617 I art     : Explicit concurrent mark sweep GC freed 3(96B) AllocSpace objects, 0(0B) LOS objects, 38% free, 25MB/41MB, paused 216us total 13.678ms
08-06 05:33:42.835 10605 10617 I art     : Starting a blocking GC Explicit
08-06 05:33:42.848  8745  8745 I ServiceManager: Waiting for service AtCmdFwd...
08-06 05:33:42.849 10605 10617 I art     : Explicit concurrent mark sweep GC freed 3(96B) AllocSpace objects, 0(0B) LOS objects, 38% free, 25MB/41MB, paused 225us total 13.486ms
08-06 05:33:42.944 11600 11600 D AndroidRuntime: >>>>>> START com.android.internal.os.RuntimeInit uid 2000 <<<<<<
08-06 05:33:42.950 11600 11600 D AndroidRuntime: CheckJNI is OFF
08-06 05:33:42.988 11600 11600 D ICU     : No timezone override file found: /data/misc/zoneinfo/current/icu/icu_tzdata.dat
08-06 05:33:43.022 11600 11600 I Radio-JNI: register_android_hardware_Radio DONE
08-06 05:33:43.043 11600 11600 D AndroidRuntime: Calling main entry com.android.commands.input.Input
08-06 05:33:43.044 11600 11600 I Input   : injectKeyEvent: KeyEvent { action=ACTION_DOWN, keyCode=KEYCODE_BACK, scanCode=0, metaState=0, flags=0x0, repeatCount=0, eventTime=855239457, downTime=855239457, deviceId=-1, source=0x101 }
08-06 05:33:43.049 11600 11600 I Input   : injectKeyEvent: KeyEvent { action=ACTION_UP, keyCode=KEYCODE_BACK, scanCode=0, metaState=0, flags=0x0, repeatCount=0, eventTime=855239457, downTime=855239457, deviceId=-1, source=0x101 }
08-06 05:33:43.050 11600 11600 D AndroidRuntime: Shutting down VM
08-06 05:33:43.120 10605 10616 I art     : Starting a blocking GC Explicit
08-06 05:33:43.136 10605 10616 I art     : Explicit concurrent mark sweep GC freed 1373(79KB) AllocSpace objects, 1(20KB) LOS objects, 38% free, 25MB/41MB, paused 213us total 14.918ms
08-06 05:33:43.143 10605 10616 I art     : Starting a blocking GC Explicit
08-06 05:33:43.158 10605 10616 I art     : Explicit concurrent mark sweep GC freed 20(704B) AllocSpace objects, 0(0B) LOS objects, 38% free, 25MB/41MB, paused 246us total 14.323ms
08-06 05:33:43.166 10605 10616 I art     : Starting a blocking GC Explicit
08-06 05:33:43.180 10605 10616 I art     : Explicit concurrent mark sweep GC freed 3(96B) AllocSpace objects, 0(0B) LOS objects, 38% free, 25MB/41MB, paused 203us total 14.223ms
08-06 05:33:43.188 10605 10616 I art     : Starting a blocking GC Explicit
08-06 05:33:43.202 10605 10616 I art     : Explicit concurrent mark sweep GC freed 3(96B) AllocSpace objects, 0(0B) LOS objects, 38% free, 25MB/41MB, paused 204us total 14.225ms
08-06 05:33:43.210 10605 10616 I art     : Starting a blocking GC Explicit
08-06 05:33:43.224 10605 10616 I art     : Explicit concurrent mark sweep GC freed 3(96B) AllocSpace objects, 0(0B) LOS objects, 38% free, 25MB/41MB, paused 208us total 13.840ms
08-06 05:33:43.480 10605 10643 I art     : Starting a blocking GC Explicit
08-06 05:33:43.496 10605 10643 I art     : Explicit concurrent mark sweep GC freed 1373(79KB) AllocSpace objects, 1(20KB) LOS objects, 38% free, 25MB/41MB, paused 221us total 15.232ms
08-06 05:33:43.504 10605 10643 I art     : Starting a blocking GC Explicit
08-06 05:33:43.518 10605 10643 I art     : Explicit concurrent mark sweep GC freed 20(704B) AllocSpace objects, 0(0B) LOS objects, 38% free, 25MB/41MB, paused 218us total 14.426ms
08-06 05:33:43.526 10605 10643 I art     : Starting a blocking GC Explicit
08-06 05:33:43.541 10605 10643 I art     : Explicit concurrent mark sweep GC freed 3(96B) AllocSpace objects, 0(0B) LOS objects, 38% free, 25MB/41MB, paused 239us total 14.296ms
08-06 05:33:43.548 10605 10643 I art     : Starting a blocking GC Explicit
08-06 05:33:43.563 10605 10643 I art     : Explicit concurrent mark sweep GC freed 3(96B) AllocSpace objects, 0(0B) LOS objects, 38% free, 25MB/41MB, paused 221us total 13.969ms
08-06 05:33:43.570 10605 10643 I art     : Starting a blocking GC Explicit
08-06 05:33:43.584 10605 10643 I art     : Explicit concurrent mark sweep GC freed 3(96B) AllocSpace objects, 0(0B) LOS objects, 38% free, 25MB/41MB, paused 207us total 13.474ms
08-06 05:33:43.736   918  3188 I hubconnection: sensorhub said: 'set_bias 3: -5.0976, 0.0000, 0.0000'
08-06 05:33:43.848  8745  8745 W Atfwd_Sendcmd: AtCmdFwd service not published, waiting... retryCnt : 2
08-06 05:33:43.857 10605 10617 I art     : Starting a blocking GC Explicit
08-06 05:33:43.874 10605 10617 I art     : Explicit concurrent mark sweep GC freed 1373(79KB) AllocSpace objects, 1(20KB) LOS objects, 38% free, 25MB/41MB, paused 247us total 15.871ms
08-06 05:33:43.884 10605 10617 I art     : Starting a blocking GC Explicit
08-06 05:33:43.898 10605 10617 I art     : Explicit concurrent mark sweep GC freed 20(704B) AllocSpace objects, 0(0B) LOS objects, 38% free, 25MB/41MB, paused 222us total 13.935ms
08-06 05:33:43.906 10605 10617 I art     : Starting a blocking GC Explicit
08-06 05:33:43.920 10605 10617 I art     : Explicit concurrent mark sweep GC freed 3(96B) AllocSpace objects, 0(0B) LOS objects, 38% free, 25MB/41MB, paused 217us total 14.074ms
08-06 05:33:43.928 10605 10617 I art     : Starting a blocking GC Explicit
08-06 05:33:43.942 10605 10617 I art     : Explicit concurrent mark sweep GC freed 3(96B) AllocSpace objects, 0(0B) LOS objects, 38% free, 25MB/41MB, paused 213us total 13.948ms
08-06 05:33:43.950 10605 10617 I art     : Starting a blocking GC Explicit
08-06 05:33:43.964 10605 10617 I art     : Explicit concurrent mark sweep GC freed 3(96B) AllocSpace objects, 0(0B) LOS objects, 38% free, 25MB/41MB, paused 223us total 13.961ms
08-06 05:33:44.239 10605 10616 I art     : Starting a blocking GC Explicit
08-06 05:33:44.255 10605 10616 I art     : Explicit concurrent mark sweep GC freed 1373(79KB) AllocSpace objects, 1(20KB) LOS objects, 38% free, 25MB/41MB, paused 231us total 16.213ms
08-06 05:33:44.266 10605 10616 I art     : Starting a blocking GC Explicit
08-06 05:33:44.280 10605 10616 I art     : Explicit concurrent mark sweep GC freed 20(704B) AllocSpace objects, 0(0B) LOS objects, 38% free, 25MB/41MB, paused 201us total 13.441ms
08-06 05:33:44.288 10605 10616 I art     : Starting a blocking GC Explicit
08-06 05:33:44.301 10605 10616 I art     : Explicit concurrent mark sweep GC freed 3(96B) AllocSpace objects, 0(0B) LOS objects, 38% free, 25MB/41MB, paused 197us total 13.584ms
08-06 05:33:44.309 10605 10616 I art     : Starting a blocking GC Explicit
08-06 05:33:44.323 10605 10616 I art     : Explicit concurrent mark sweep GC freed 3(96B) AllocSpace objects, 0(0B) LOS objects, 38% free, 25MB/41MB, paused 205us total 13.197ms
08-06 05:33:44.330 10605 10616 I art     : Starting a blocking GC Explicit
08-06 05:33:44.344 10605 10616 I art     : Explicit concurrent mark sweep GC freed 3(96B) AllocSpace objects, 0(0B) LOS objects, 38% free, 25MB/41MB, paused 209us total 13.523ms
08-06 05:33:44.604 10605 10643 I art     : Starting a blocking GC Explicit
08-06 05:33:44.619 10605 10643 I art     : Explicit concurrent mark sweep GC freed 1373(79KB) AllocSpace objects, 1(20KB) LOS objects, 38% free, 25MB/41MB, paused 223us total 14.425ms
08-06 05:33:44.626 10605 10643 I art     : Starting a blocking GC Explicit
08-06 05:33:44.640 10605 10643 I art     : Explicit concurrent mark sweep GC freed 20(704B) AllocSpace objects, 0(0B) LOS objects, 38% free, 25MB/41MB, paused 226us total 13.557ms
08-06 05:33:44.648 10605 10643 I art     : Starting a blocking GC Explicit
08-06 05:33:44.662 10605 10643 I art     : Explicit concurrent mark sweep GC freed 3(96B) AllocSpace objects, 0(0B) LOS objects, 38% free, 25MB/41MB, paused 227us total 13.728ms
08-06 05:33:44.670 10605 10643 I art     : Starting a blocking GC Explicit
08-06 05:33:44.683 10605 10643 I art     : Explicit concurrent mark sweep GC freed 3(96B) AllocSpace objects, 0(0B) LOS objects, 38% free, 25MB/41MB, paused 214us total 13.062ms
08-06 05:33:44.690 10605 10643 I art     : Starting a blocking GC Explicit
08-06 05:33:44.704 10605 10643 I art     : Explicit concurrent mark sweep GC freed 3(96B) AllocSpace objects, 0(0B) LOS objects, 38% free, 25MB/41MB, paused 219us total 13.617ms
08-06 05:33:44.708 11663 11663 D AndroidRuntime: >>>>>> START com.android.internal.os.RuntimeInit uid 2000 <<<<<<
08-06 05:33:44.713 11663 11663 D AndroidRuntime: CheckJNI is OFF
08-06 05:33:44.746 11663 11663 D ICU     : No timezone override file found: /data/misc/zoneinfo/current/icu/icu_tzdata.dat
08-06 05:33:44.780 11663 11663 I Radio-JNI: register_android_hardware_Radio DONE
08-06 05:33:44.802 11663 11663 D AndroidRuntime: Calling main entry com.android.commands.input.Input
08-06 05:33:44.804 11663 11663 I Input   : injectKeyEvent: KeyEvent { action=ACTION_DOWN, keyCode=KEYCODE_BACK, scanCode=0, metaState=0, flags=0x0, repeatCount=0, eventTime=855241217, downTime=855241217, deviceId=-1, source=0x101 }
08-06 05:33:44.809 11663 11663 I Input   : injectKeyEvent: KeyEvent { action=ACTION_UP, keyCode=KEYCODE_BACK, scanCode=0, metaState=0, flags=0x0, repeatCount=0, eventTime=855241217, downTime=855241217, deviceId=-1, source=0x101 }
08-06 05:33:44.810 11663 11663 D AndroidRuntime: Shutting down VM
08-06 05:33:44.939 10605 10617 I art     : Starting a blocking GC Explicit
08-06 05:33:44.956 10605 10617 I art     : Explicit concurrent mark sweep GC freed 1373(79KB) AllocSpace objects, 1(20KB) LOS objects, 38% free, 25MB/41MB, paused 231us total 16.484ms
08-06 05:33:44.966 10605 10617 I art     : Starting a blocking GC Explicit
08-06 05:33:44.980 10605 10617 I art     : Explicit concurrent mark sweep GC freed 20(704B) AllocSpace objects, 0(0B) LOS objects, 38% free, 25MB/41MB, paused 219us total 14.480ms
08-06 05:33:44.988 10605 10617 I art     : Starting a blocking GC Explicit
08-06 05:33:45.003 10605 10617 I art     : Explicit concurrent mark sweep GC freed 3(96B) AllocSpace objects, 0(0B) LOS objects, 38% free, 25MB/41MB, paused 239us total 14.132ms
08-06 05:33:45.010 10605 10617 I art     : Starting a blocking GC Explicit
08-06 05:33:45.024 10605 10617 I art     : Explicit concurrent mark sweep GC freed 3(96B) AllocSpace objects, 0(0B) LOS objects, 38% free, 25MB/41MB, paused 237us total 13.702ms
08-06 05:33:45.032 10605 10617 I art     : Starting a blocking GC Explicit
08-06 05:33:45.046 10605 10617 I art     : Explicit concurrent mark sweep GC freed 3(96B) AllocSpace objects, 0(0B) LOS objects, 38% free, 25MB/41MB, paused 212us total 14.014ms
08-06 05:33:45.296 10605 10616 I art     : Starting a blocking GC Explicit
08-06 05:33:45.311 10605 10616 I art     : Explicit concurrent mark sweep GC freed 1373(79KB) AllocSpace objects, 1(20KB) LOS objects, 38% free, 25MB/41MB, paused 210us total 14.809ms
08-06 05:33:45.319 10605 10616 I art     : Starting a blocking GC Explicit
08-06 05:33:45.333 10605 10616 I art     : Explicit concurrent mark sweep GC freed 20(704B) AllocSpace objects, 0(0B) LOS objects, 38% free, 25MB/41MB, paused 221us total 14.237ms
08-06 05:33:45.341 10605 10616 I art     : Starting a blocking GC Explicit
08-06 05:33:45.356 10605 10616 I art     : Explicit concurrent mark sweep GC freed 3(96B) AllocSpace objects, 0(0B) LOS objects, 38% free, 25MB/41MB, paused 206us total 14.537ms
08-06 05:33:45.364 10605 10616 I art     : Starting a blocking GC Explicit
08-06 05:33:45.378 10605 10616 I art     : Explicit concurrent mark sweep GC freed 3(96B) AllocSpace objects, 0(0B) LOS objects, 38% free, 25MB/41MB, paused 208us total 14.421ms
08-06 05:33:45.386 10605 10616 I art     : Starting a blocking GC Explicit
08-06 05:33:45.400 10605 10616 I art     : Explicit concurrent mark sweep GC freed 3(96B) AllocSpace objects, 0(0B) LOS objects, 38% free, 25MB/41MB, paused 210us total 14.024ms
08-06 05:33:45.662   918  1209 D NetworkMonitor/NetworkAgentInfo [WIFI () - 159]: Checking http://connectivitycheck.gstatic.com/generate_204 on "H369AA63323", 192.168.2.12=192.168.2.12
08-06 05:33:45.678 10605 10643 I art     : Starting a blocking GC Explicit
08-06 05:33:45.696 10605 10643 I art     : Explicit concurrent mark sweep GC freed 1373(79KB) AllocSpace objects, 1(20KB) LOS objects, 38% free, 25MB/41MB, paused 242us total 17.719ms
08-06 05:33:45.706 10605 10643 I art     : Starting a blocking GC Explicit
08-06 05:33:45.720 10605 10643 I art     : Explicit concurrent mark sweep GC freed 20(704B) AllocSpace objects, 0(0B) LOS objects, 38% free, 25MB/41MB, paused 225us total 14.127ms
08-06 05:33:45.728 10605 10643 I art     : Starting a blocking GC Explicit
08-06 05:33:45.743 10605 10643 I art     : Explicit concurrent mark sweep GC freed 3(96B) AllocSpace objects, 0(0B) LOS objects, 38% free, 25MB/41MB, paused 214us total 14.311ms
08-06 05:33:45.748   918  1209 D NetworkMonitor/NetworkAgentInfo [WIFI () - 159]: Probably not a portal: exception java.io.IOException: unexpected end of stream on Connection{connectivitycheck.gstatic.com:80, proxy=HTTP@/192.168.2.12:8080 hostAddress=192.168.2.12 cipherSuite=none protocol=http/1.1} (recycle count=0)
08-06 05:33:45.749   918  3263 D ConnectivityService: NetworkAgentInfo [WIFI () - 159] validation failed
08-06 05:33:45.750   918  3261 E WifiConfigStore:  rewrite network history for "H369AA63323"WPA_PSK
08-06 05:33:45.750 10605 10643 I art     : Starting a blocking GC Explicit
08-06 05:33:45.765 10605 10643 I art     : Explicit concurrent mark sweep GC freed 3(96B) AllocSpace objects, 0(0B) LOS objects, 38% free, 25MB/41MB, paused 223us total 14.451ms
08-06 05:33:45.773 10605 10643 I art     : Starting a blocking GC Explicit
08-06 05:33:45.787 10605 10643 I art     : Explicit concurrent mark sweep GC freed 3(96B) AllocSpace objects, 0(0B) LOS objects, 38% free, 25MB/41MB, paused 217us total 14.310ms
08-06 05:33:46.064 10605 10617 I art     : Starting a blocking GC Explicit
08-06 05:33:46.078 10605 10617 I art     : Explicit concurrent mark sweep GC freed 1373(79KB) AllocSpace objects, 1(20KB) LOS objects, 38% free, 25MB/41MB, paused 209us total 14.426ms
08-06 05:33:46.086 10605 10617 I art     : Starting a blocking GC Explicit
08-06 05:33:46.100 10605 10617 I art     : Explicit concurrent mark sweep GC freed 20(704B) AllocSpace objects, 0(0B) LOS objects, 38% free, 25MB/41MB, paused 210us total 13.951ms
08-06 05:33:46.108 10605 10617 I art     : Starting a blocking GC Explicit
08-06 05:33:46.121 10605 10617 I art     : Explicit concurrent mark sweep GC freed 3(96B) AllocSpace objects, 0(0B) LOS objects, 38% free, 25MB/41MB, paused 204us total 12.833ms
08-06 05:33:46.129 10605 10617 I art     : Starting a blocking GC Explicit
08-06 05:33:46.142 10605 10617 I art     : Explicit concurrent mark sweep GC freed 3(96B) AllocSpace objects, 0(0B) LOS objects, 38% free, 25MB/41MB, paused 216us total 12.865ms
08-06 05:33:46.149 10605 10617 I art     : Starting a blocking GC Explicit
08-06 05:33:46.162 10605 10617 I art     : Explicit concurrent mark sweep GC freed 3(96B) AllocSpace objects, 0(0B) LOS objects, 38% free, 25MB/41MB, paused 214us total 12.596ms
08-06 05:33:46.417 10605 10616 I art     : Starting a blocking GC Explicit
08-06 05:33:46.432 10605 10616 I art     : Explicit concurrent mark sweep GC freed 1373(79KB) AllocSpace objects, 1(20KB) LOS objects, 38% free, 25MB/41MB, paused 221us total 14.546ms
08-06 05:33:46.439 10605 10616 I art     : Starting a blocking GC Explicit
08-06 05:33:46.453 10605 10616 I art     : Explicit concurrent mark sweep GC freed 20(704B) AllocSpace objects, 0(0B) LOS objects, 38% free, 25MB/41MB, paused 222us total 13.643ms
08-06 05:33:46.461 10605 10616 I art     : Starting a blocking GC Explicit
08-06 05:33:46.474 10605 10616 I art     : Explicit concurrent mark sweep GC freed 3(96B) AllocSpace objects, 0(0B) LOS objects, 38% free, 25MB/41MB, paused 223us total 13.548ms
08-06 05:33:46.482 10605 10616 I art     : Starting a blocking GC Explicit
08-06 05:33:46.496 10605 10616 I art     : Explicit concurrent mark sweep GC freed 3(96B) AllocSpace objects, 0(0B) LOS objects, 38% free, 25MB/41MB, paused 205us total 13.875ms
08-06 05:33:46.503 10605 10616 I art     : Starting a blocking GC Explicit
08-06 05:33:46.517 10605 10616 I art     : Explicit concurrent mark sweep GC freed 3(96B) AllocSpace objects, 0(0B) LOS objects, 38% free, 25MB/41MB, paused 222us total 13.387ms
08-06 05:33:46.530 11731 11731 D AndroidRuntime: >>>>>> START com.android.internal.os.RuntimeInit uid 2000 <<<<<<
08-06 05:33:46.535 11731 11731 D AndroidRuntime: CheckJNI is OFF
08-06 05:33:46.568 11731 11731 D ICU     : No timezone override file found: /data/misc/zoneinfo/current/icu/icu_tzdata.dat
08-06 05:33:46.602 11731 11731 I Radio-JNI: register_android_hardware_Radio DONE
08-06 05:33:46.624 11731 11731 D AndroidRuntime: Calling main entry com.android.commands.am.Am
08-06 05:33:46.633  3167  3167 I Trepn   : Trepn 6.2s: Received intent: com.quicinc.trepn.stop_profiling
08-06 05:33:46.688  3167  3167 I Trepn   : Trepn 6.2s: Trepn has Stopped Profiling.
08-06 05:33:46.815 10605 10643 I art     : Starting a blocking GC Explicit
08-06 05:33:46.832 10605 10643 I art     : Explicit concurrent mark sweep GC freed 1373(79KB) AllocSpace objects, 1(20KB) LOS objects, 38% free, 25MB/41MB, paused 225us total 17.172ms
08-06 05:33:46.840 10605 10643 I art     : Starting a blocking GC Explicit
08-06 05:33:46.854 10605 10643 I art     : Explicit concurrent mark sweep GC freed 20(704B) AllocSpace objects, 0(0B) LOS objects, 38% free, 25MB/41MB, paused 227us total 13.721ms
08-06 05:33:46.862 10605 10643 I art     : Starting a blocking GC Explicit
08-06 05:33:46.867 11731 11731 D AndroidRuntime: Shutting down VM
08-06 05:33:46.870   918  6029 W AppOps  : Finishing op nesting under-run: uid 10078 pkg com.quicinc.trepn code 24 time=0 duration=0 nesting=0
08-06 05:33:46.875 10605 10643 I art     : Explicit concurrent mark sweep GC freed 3(96B) AllocSpace objects, 0(0B) LOS objects, 38% free, 25MB/41MB, paused 202us total 13ms
08-06 05:33:46.884 10605 10643 I art     : Starting a blocking GC Explicit
08-06 05:33:46.896 10605 10643 I art     : Explicit concurrent mark sweep GC freed 3(96B) AllocSpace objects, 0(0B) LOS objects, 38% free, 25MB/41MB, paused 197us total 12.223ms
08-06 05:33:46.903 10605 10643 I art     : Starting a blocking GC Explicit
08-06 05:33:46.915 10605 10643 I art     : Explicit concurrent mark sweep GC freed 3(96B) AllocSpace objects, 0(0B) LOS objects, 38% free, 25MB/41MB, paused 189us total 11.268ms
08-06 05:33:47.166 10605 10617 I art     : Starting a blocking GC Explicit
08-06 05:33:47.181 10605 10617 I art     : Explicit concurrent mark sweep GC freed 1373(79KB) AllocSpace objects, 1(20KB) LOS objects, 38% free, 25MB/41MB, paused 220us total 14.707ms
08-06 05:33:47.189 10605 10617 I art     : Starting a blocking GC Explicit
08-06 05:33:47.203 10605 10617 I art     : Explicit concurrent mark sweep GC freed 20(704B) AllocSpace objects, 0(0B) LOS objects, 38% free, 25MB/41MB, paused 213us total 13.818ms
08-06 05:33:47.210 10605 10617 I art     : Starting a blocking GC Explicit
08-06 05:33:47.224 10605 10617 I art     : Explicit concurrent mark sweep GC freed 3(96B) AllocSpace objects, 0(0B) LOS objects, 38% free, 25MB/41MB, paused 203us total 12.967ms
08-06 05:33:47.231 10605 10617 I art     : Starting a blocking GC Explicit
08-06 05:33:47.244 10605 10617 I art     : Explicit concurrent mark sweep GC freed 3(96B) AllocSpace objects, 0(0B) LOS objects, 38% free, 25MB/41MB, paused 209us total 13.253ms
08-06 05:33:47.252 10605 10617 I art     : Starting a blocking GC Explicit
08-06 05:33:47.265 10605 10617 I art     : Explicit concurrent mark sweep GC freed 3(96B) AllocSpace objects, 0(0B) LOS objects, 38% free, 25MB/41MB, paused 214us total 13.450ms
