--------- beginning of main
08-06 12:54:25.395 21756 21756 D AndroidRuntime: >>>>>> START com.android.internal.os.RuntimeInit uid 2000 <<<<<<
08-06 12:54:25.402 21756 21756 D AndroidRuntime: CheckJNI is OFF
08-06 12:54:25.430 21756 21756 D ICU     : No timezone override file found: /data/misc/zoneinfo/current/icu/icu_tzdata.dat
08-06 12:54:25.460 21756 21756 I Radio-JNI: register_android_hardware_Radio DONE
08-06 12:54:25.476 21756 21756 D AndroidRuntime: Calling main entry com.android.commands.monkey.Monkey
--------- beginning of system
08-06 12:54:25.492   918   931 W BroadcastQueue: Skipping deliver [background] BroadcastRecord{d830656 u-1 android.net.conn.CONNECTIVITY_CHANGE} to ReceiverList{ed56bc4 21756 (unknown name)/2000/u-1 remote:73a0618}: process crashing
08-06 12:54:25.503   918  5481 I ActivityManager: START u0 {act=android.intent.action.MAIN cat=[android.intent.category.LAUNCHER] flg=0x10200000 cmp=baseline.com.newsblur/.activity.InitActivity} from uid 2000 on display 0
08-06 12:54:25.617 16458 28535 I PBSessionCacheImpl: Deleted sessionId[72384646105454640] from persistence.
08-06 12:54:25.621 16458 16488 W SearchServiceCore: Abort, client detached.
08-06 12:54:25.621 16458 16488 I MicroDetectionState: Should stop hotword detection immediately - true
08-06 12:54:25.629   918   927 I art     : Background sticky concurrent mark sweep GC freed 110872(9MB) AllocSpace objects, 187(3MB) LOS objects, 16% free, 70MB/84MB, paused 78.209ms total 122.039ms
08-06 12:54:25.641 21756 21756 I art     : System.exit called, status: 0
08-06 12:54:25.641 21756 21756 I AndroidRuntime: VM exiting with result code 0.
08-06 12:54:25.697  6998  6998 I baseline.com.newsblur.activity.InitActivity: cold launching version 9.0b1
08-06 12:54:25.708  6998 21767 D OpenGLRenderer: Use EGL_SWAP_BEHAVIOR_PRESERVED: true
08-06 12:54:25.740  6998 21767 I Adreno  : QUALCOMM build                   : fcf4852, I1af360237c
08-06 12:54:25.740  6998 21767 I Adreno  : Build Date                       : 09/23/15
08-06 12:54:25.740  6998 21767 I Adreno  : OpenGL ES Shader Compiler Version: XE031.05.13.02
08-06 12:54:25.740  6998 21767 I Adreno  : Local Branch                     : mybranch14465806
08-06 12:54:25.740  6998 21767 I Adreno  : Remote Branch                    : quic/LA.BF64.1.2.9_v2
08-06 12:54:25.740  6998 21767 I Adreno  : Remote Branch                    : NONE
08-06 12:54:25.740  6998 21767 I Adreno  : Reconstruct Branch               : NOTHING
08-06 12:54:25.745  6998 21767 I OpenGLRenderer: Initialized EGL, version 1.4
08-06 12:54:25.757   918  6112 I ActivityManager: START u0 {cmp=baseline.com.newsblur/.activity.Main} from uid 10698 on display 0
08-06 12:54:25.767   918   929 W InputMethodManagerService: Focus gain on non-focused client com.android.internal.view.IInputMethodClient$Stub$Proxy@47a04bf (uid=10698 pid=6998)
08-06 12:54:25.970  6998  6998 I art     : Rejecting re-init on previously-failed class java.lang.Class<androidx.core.view.ViewCompat$OnUnhandledKeyEventListenerWrapper>
08-06 12:54:25.971  6998  6998 I art     : Rejecting re-init on previously-failed class java.lang.Class<androidx.core.view.ViewCompat$OnUnhandledKeyEventListenerWrapper>
08-06 12:54:26.003  6998  6998 E BitmapFactory: Unable to decode stream: java.io.FileNotFoundException: /data/user/0/baseline.com.newsblur/cache/userProfilePicture: open failed: ENOENT (No such file or directory)
08-06 12:54:26.126  6998 21775 I baseline.com.newsblur.service.NBSyncService: ready to sync feed list
08-06 12:54:26.151 13866 13866 I GoogleInputMethodServic: GoogleInputMethodService.onFinishInput():3138 
08-06 12:54:26.153 13866 13866 I GoogleInputMethodServic: GoogleInputMethodService.onStartInput():1808 
08-06 12:54:26.252   918   936 I ActivityManager: Displayed baseline.com.newsblur/.activity.Main: +483ms (total +740ms)
08-06 12:54:26.774  6998 21775 I NAPPA_EXPERIMENTATION: MetricNetworkRequestExecutionTime: REQUEST_DURATION_SYSTEM='644',REQUEST_DURATION_OKHTTP='35',REQUEST_SYNCHRONOUS='TRUE',RESPONSE_CODE='200',RESPONSE_METHOD='GET',RESPONSE_LENGTH_OKHTTP='-1',RESPONSE_LENGTH_HEADER='-2',REQUEST_PROTOCOL='http/1.1',REQUEST_URL='https://www.newsblur.com/reader/feeds/?update_counts=true',
08-06 12:54:26.774  6998 21775 D MY_TAG  : 1, 644
08-06 12:54:26.809  6998 21775 I baseline.com.newsblur.service.NBSyncService: got feed list: 1 feeds in  conn:645 read:3 parse:4 store:27
08-06 12:54:26.826  6998 21793 I baseline.com.newsblur.util.FileCache: have 0 files
08-06 12:54:26.827  6998 21793 I baseline.com.newsblur.util.FileCache: cleaned up 0 files
08-06 12:54:27.164 21795 21795 D AndroidRuntime: >>>>>> START com.android.internal.os.RuntimeInit uid 2000 <<<<<<
08-06 12:54:27.169 21795 21795 D AndroidRuntime: CheckJNI is OFF
08-06 12:54:27.200 21795 21795 D ICU     : No timezone override file found: /data/misc/zoneinfo/current/icu/icu_tzdata.dat
08-06 12:54:27.226 21795 21795 I Radio-JNI: register_android_hardware_Radio DONE
08-06 12:54:27.241  6998 21792 I NAPPA_EXPERIMENTATION: MetricNetworkRequestExecutionTime: REQUEST_DURATION_SYSTEM='426',REQUEST_DURATION_OKHTTP='33',REQUEST_SYNCHRONOUS='TRUE',RESPONSE_CODE='200',RESPONSE_METHOD='GET',RESPONSE_LENGTH_OKHTTP='-1',RESPONSE_LENGTH_HEADER='-2',REQUEST_PROTOCOL='http/1.1',REQUEST_URL='https://www.newsblur.com/reader/unread_story_hashes?include_timestamps=1',
08-06 12:54:27.241  6998 21792 D MY_TAG  : 0, 426
08-06 12:54:27.242 21795 21795 D AndroidRuntime: Calling main entry com.android.commands.am.Am
08-06 12:54:27.247 14970 14970 I Trepn   : Trepn 6.2s: Received intent: com.quicinc.trepn.start_profiling
08-06 12:54:27.252  6998 21792 I baseline.com.newsblur.service.UnreadsService: starting unread count: 0
08-06 12:54:27.254  6998 21792 I baseline.com.newsblur.service.UnreadsService: new unread count:      0
08-06 12:54:27.254  6998 21792 I baseline.com.newsblur.service.UnreadsService: new unreads found:     0
08-06 12:54:27.255  6998 21792 I baseline.com.newsblur.service.UnreadsService: unreads to retire:     0
08-06 12:54:27.331 14970 14970 W FileUtils: Failed to chmod(/storage/emulated/0/trepn/Trepn_2020.08.06_125427.db): android.system.ErrnoException: chmod failed: EPERM (Operation not permitted)
08-06 12:54:27.410 14970 14970 I Trepn   : Trepn 6.2s: Trepn has Started Profiling.
08-06 12:54:27.411 21795 21795 D AndroidRuntime: Shutting down VM
08-06 12:54:27.890  6998 21780 I art     : Starting a blocking GC Explicit
08-06 12:54:27.914  6998 21780 I art     : Explicit concurrent mark sweep GC freed 32102(2MB) AllocSpace objects, 53(1380KB) LOS objects, 37% free, 26MB/42MB, paused 234us total 23.416ms
08-06 12:54:27.926  6998 21780 I art     : Starting a blocking GC Explicit
08-06 12:54:27.938  6998 21780 I art     : Explicit concurrent mark sweep GC freed 2546(202KB) AllocSpace objects, 0(0B) LOS objects, 38% free, 26MB/42MB, paused 186us total 11.304ms
08-06 12:54:27.944  6998 21780 I art     : Starting a blocking GC Explicit
08-06 12:54:27.955  6998 21780 I art     : Explicit concurrent mark sweep GC freed 9(320B) AllocSpace objects, 0(0B) LOS objects, 38% free, 26MB/42MB, paused 183us total 10.883ms
08-06 12:54:27.960  6998 21780 I art     : Starting a blocking GC Explicit
08-06 12:54:27.972  6998 21780 I art     : Explicit concurrent mark sweep GC freed 3(96B) AllocSpace objects, 0(0B) LOS objects, 38% free, 26MB/42MB, paused 185us total 11.482ms
08-06 12:54:27.978  6998 21780 I art     : Starting a blocking GC Explicit
08-06 12:54:27.990  6998 21780 I art     : Explicit concurrent mark sweep GC freed 3(96B) AllocSpace objects, 0(0B) LOS objects, 38% free, 26MB/42MB, paused 178us total 11.333ms
08-06 12:54:28.273  6998  7011 I art     : Starting a blocking GC Explicit
08-06 12:54:28.291  6998  7011 I art     : Explicit concurrent mark sweep GC freed 1388(80KB) AllocSpace objects, 1(20KB) LOS objects, 38% free, 26MB/42MB, paused 212us total 17.206ms
08-06 12:54:28.302  6998  7011 I art     : Starting a blocking GC Explicit
08-06 12:54:28.317  6998  7011 I art     : Explicit concurrent mark sweep GC freed 20(704B) AllocSpace objects, 0(0B) LOS objects, 38% free, 26MB/42MB, paused 307us total 14.769ms
08-06 12:54:28.327  6998  7011 I art     : Starting a blocking GC Explicit
08-06 12:54:28.338  6998  7011 I art     : Explicit concurrent mark sweep GC freed 3(96B) AllocSpace objects, 0(0B) LOS objects, 38% free, 26MB/42MB, paused 187us total 11.540ms
08-06 12:54:28.345  6998  7011 I art     : Starting a blocking GC Explicit
08-06 12:54:28.356  6998  7011 I art     : Explicit concurrent mark sweep GC freed 3(96B) AllocSpace objects, 0(0B) LOS objects, 38% free, 26MB/42MB, paused 188us total 11.621ms
08-06 12:54:28.363  6998  7011 I art     : Starting a blocking GC Explicit
08-06 12:54:28.374  6998  7011 I art     : Explicit concurrent mark sweep GC freed 3(96B) AllocSpace objects, 0(0B) LOS objects, 38% free, 26MB/42MB, paused 183us total 11.645ms
08-06 12:54:28.670  6998  7009 I art     : Starting a blocking GC Explicit
08-06 12:54:28.684  6998  7009 I art     : Explicit concurrent mark sweep GC freed 1380(80KB) AllocSpace objects, 1(20KB) LOS objects, 38% free, 26MB/42MB, paused 207us total 14.036ms
08-06 12:54:28.693  6998  7009 I art     : Starting a blocking GC Explicit
08-06 12:54:28.708  6998  7009 I art     : Explicit concurrent mark sweep GC freed 20(704B) AllocSpace objects, 0(0B) LOS objects, 38% free, 26MB/42MB, paused 202us total 14.855ms
08-06 12:54:28.717  6998  7009 I art     : Starting a blocking GC Explicit
08-06 12:54:28.729  6998  7009 I art     : Explicit concurrent mark sweep GC freed 3(96B) AllocSpace objects, 0(0B) LOS objects, 38% free, 26MB/42MB, paused 163us total 11.537ms
08-06 12:54:28.735  6998  7009 I art     : Starting a blocking GC Explicit
08-06 12:54:28.747  6998  7009 I art     : Explicit concurrent mark sweep GC freed 3(96B) AllocSpace objects, 0(0B) LOS objects, 38% free, 26MB/42MB, paused 231us total 11.569ms
08-06 12:54:28.753  6998  7009 I art     : Starting a blocking GC Explicit
08-06 12:54:28.765  6998  7009 I art     : Explicit concurrent mark sweep GC freed 3(96B) AllocSpace objects, 0(0B) LOS objects, 38% free, 26MB/42MB, paused 174us total 11.498ms
08-06 12:54:29.058  6998 21780 I art     : Starting a blocking GC Explicit
08-06 12:54:29.079  6998 21780 I art     : Explicit concurrent mark sweep GC freed 1375(79KB) AllocSpace objects, 1(20KB) LOS objects, 38% free, 26MB/42MB, paused 254us total 20.386ms
08-06 12:54:29.091  6998 21780 I art     : Starting a blocking GC Explicit
08-06 12:54:29.105  6998 21780 I art     : Explicit concurrent mark sweep GC freed 20(704B) AllocSpace objects, 0(0B) LOS objects, 38% free, 26MB/42MB, paused 210us total 13.853ms
08-06 12:54:29.115  6998 21780 I art     : Starting a blocking GC Explicit
08-06 12:54:29.126  6998 21780 I art     : Explicit concurrent mark sweep GC freed 3(96B) AllocSpace objects, 0(0B) LOS objects, 38% free, 26MB/42MB, paused 185us total 10.729ms
08-06 12:54:29.131  6998 21780 I art     : Starting a blocking GC Explicit
08-06 12:54:29.132 21246 21246 I Atfwd_Sendcmd: AtCmdFwd service not ready - Exhausted retry attempts - :6
08-06 12:54:29.132 21246 21246 I Atfwd_Daemon: result : -1 	 ,Init step :2 	 ,qmiErrorCode: 0
08-06 12:54:29.142  6998 21780 I art     : Explicit concurrent mark sweep GC freed 3(96B) AllocSpace objects, 0(0B) LOS objects, 38% free, 26MB/42MB, paused 185us total 10.815ms
08-06 12:54:29.148  6998 21780 I art     : Starting a blocking GC Explicit
08-06 12:54:29.159  6998 21780 I art     : Explicit concurrent mark sweep GC freed 3(96B) AllocSpace objects, 0(0B) LOS objects, 38% free, 26MB/42MB, paused 182us total 10.960ms
08-06 12:54:29.460  6998  7011 I art     : Starting a blocking GC Explicit
08-06 12:54:29.478  6998  7011 I art     : Explicit concurrent mark sweep GC freed 1378(80KB) AllocSpace objects, 1(20KB) LOS objects, 38% free, 26MB/42MB, paused 399us total 17.549ms
08-06 12:54:29.488  6998  7011 I art     : Starting a blocking GC Explicit
08-06 12:54:29.502  6998  7011 I art     : Explicit concurrent mark sweep GC freed 20(704B) AllocSpace objects, 0(0B) LOS objects, 38% free, 26MB/42MB, paused 195us total 14.555ms
08-06 12:54:29.513  6998  7011 I art     : Starting a blocking GC Explicit
08-06 12:54:29.526  6998  7011 I art     : Explicit concurrent mark sweep GC freed 3(96B) AllocSpace objects, 0(0B) LOS objects, 38% free, 26MB/42MB, paused 183us total 12.866ms
08-06 12:54:29.532  6998  7011 I art     : Starting a blocking GC Explicit
08-06 12:54:29.544  6998  7011 I art     : Explicit concurrent mark sweep GC freed 3(96B) AllocSpace objects, 0(0B) LOS objects, 38% free, 26MB/42MB, paused 190us total 11.665ms
08-06 12:54:29.551  6998  7011 I art     : Starting a blocking GC Explicit
08-06 12:54:29.563  6998  7011 I art     : Explicit concurrent mark sweep GC freed 3(96B) AllocSpace objects, 0(0B) LOS objects, 38% free, 26MB/42MB, paused 186us total 11.844ms
08-06 12:54:29.863  6998  7009 I art     : Starting a blocking GC Explicit
08-06 12:54:29.880  6998  7009 I art     : Explicit concurrent mark sweep GC freed 1376(79KB) AllocSpace objects, 1(20KB) LOS objects, 38% free, 26MB/42MB, paused 195us total 17.132ms
08-06 12:54:29.891  6998  7009 I art     : Starting a blocking GC Explicit
08-06 12:54:29.906  6998  7009 I art     : Explicit concurrent mark sweep GC freed 20(704B) AllocSpace objects, 0(0B) LOS objects, 38% free, 26MB/42MB, paused 194us total 14.370ms
08-06 12:54:29.915  6998  7009 I art     : Starting a blocking GC Explicit
08-06 12:54:29.927  6998  7009 I art     : Explicit concurrent mark sweep GC freed 3(96B) AllocSpace objects, 0(0B) LOS objects, 38% free, 26MB/42MB, paused 196us total 11.596ms
08-06 12:54:29.933  6998  7009 I art     : Starting a blocking GC Explicit
08-06 12:54:29.945  6998  7009 I art     : Explicit concurrent mark sweep GC freed 3(96B) AllocSpace objects, 0(0B) LOS objects, 38% free, 26MB/42MB, paused 172us total 11.546ms
08-06 12:54:29.951  6998  7009 I art     : Starting a blocking GC Explicit
08-06 12:54:29.963  6998  7009 I art     : Explicit concurrent mark sweep GC freed 3(96B) AllocSpace objects, 0(0B) LOS objects, 38% free, 26MB/42MB, paused 173us total 11.742ms
08-06 12:54:30.279  6998 21780 I art     : Starting a blocking GC Explicit
08-06 12:54:30.300  6998 21780 I art     : Explicit concurrent mark sweep GC freed 1376(79KB) AllocSpace objects, 1(20KB) LOS objects, 38% free, 26MB/42MB, paused 260us total 21.013ms
08-06 12:54:30.312  6998 21780 I art     : Starting a blocking GC Explicit
08-06 12:54:30.327  6998 21780 I art     : Explicit concurrent mark sweep GC freed 20(704B) AllocSpace objects, 0(0B) LOS objects, 38% free, 26MB/42MB, paused 233us total 14.895ms
08-06 12:54:30.336  6998 21780 I art     : Starting a blocking GC Explicit
08-06 12:54:30.347  6998 21780 I art     : Explicit concurrent mark sweep GC freed 3(96B) AllocSpace objects, 0(0B) LOS objects, 38% free, 26MB/42MB, paused 171us total 11.553ms
08-06 12:54:30.353  6998 21780 I art     : Starting a blocking GC Explicit
08-06 12:54:30.365  6998 21780 I art     : Explicit concurrent mark sweep GC freed 3(96B) AllocSpace objects, 0(0B) LOS objects, 38% free, 26MB/42MB, paused 174us total 11.210ms
08-06 12:54:30.371  6998 21780 I art     : Starting a blocking GC Explicit
08-06 12:54:30.383  6998 21780 I art     : Explicit concurrent mark sweep GC freed 3(96B) AllocSpace objects, 0(0B) LOS objects, 38% free, 26MB/42MB, paused 187us total 11.714ms
08-06 12:54:30.689  6998  7011 I art     : Starting a blocking GC Explicit
08-06 12:54:30.703  6998  7011 I art     : Explicit concurrent mark sweep GC freed 1376(79KB) AllocSpace objects, 1(20KB) LOS objects, 38% free, 26MB/42MB, paused 202us total 13.690ms
08-06 12:54:30.709  6998  7011 I art     : Starting a blocking GC Explicit
08-06 12:54:30.722  6998  7011 I art     : Explicit concurrent mark sweep GC freed 20(704B) AllocSpace objects, 0(0B) LOS objects, 38% free, 26MB/42MB, paused 190us total 12.191ms
08-06 12:54:30.728  6998  7011 I art     : Starting a blocking GC Explicit
08-06 12:54:30.740  6998  7011 I art     : Explicit concurrent mark sweep GC freed 3(96B) AllocSpace objects, 0(0B) LOS objects, 38% free, 26MB/42MB, paused 187us total 11.365ms
08-06 12:54:30.747  6998  7011 I art     : Starting a blocking GC Explicit
08-06 12:54:30.758  6998  7011 I art     : Explicit concurrent mark sweep GC freed 3(96B) AllocSpace objects, 0(0B) LOS objects, 38% free, 26MB/42MB, paused 185us total 10.923ms
08-06 12:54:30.764  6998  7011 I art     : Starting a blocking GC Explicit
08-06 12:54:30.775  6998  7011 I art     : Explicit concurrent mark sweep GC freed 3(96B) AllocSpace objects, 0(0B) LOS objects, 38% free, 26MB/42MB, paused 171us total 11.054ms
08-06 12:54:31.082  6998  7009 I art     : Starting a blocking GC Explicit
08-06 12:54:31.097  6998  7009 I art     : Explicit concurrent mark sweep GC freed 3999(409KB) AllocSpace objects, 18(360KB) LOS objects, 38% free, 26MB/42MB, paused 223us total 15.081ms
08-06 12:54:31.104  6998  7009 I art     : Starting a blocking GC Explicit
08-06 12:54:31.117  6998  7009 I art     : Explicit concurrent mark sweep GC freed 230(9KB) AllocSpace objects, 0(0B) LOS objects, 38% free, 26MB/42MB, paused 272us total 12.488ms
08-06 12:54:31.123  6998  7009 I art     : Starting a blocking GC Explicit
08-06 12:54:31.135  6998  7009 I art     : Explicit concurrent mark sweep GC freed 3(96B) AllocSpace objects, 0(0B) LOS objects, 38% free, 26MB/42MB, paused 180us total 11.661ms
08-06 12:54:31.141  6998  7009 I art     : Starting a blocking GC Explicit
08-06 12:54:31.153  6998  7009 I art     : Explicit concurrent mark sweep GC freed 3(96B) AllocSpace objects, 0(0B) LOS objects, 38% free, 26MB/42MB, paused 183us total 11.205ms
08-06 12:54:31.159  6998  7009 I art     : Starting a blocking GC Explicit
08-06 12:54:31.171  6998  7009 I art     : Explicit concurrent mark sweep GC freed 3(96B) AllocSpace objects, 0(0B) LOS objects, 38% free, 26MB/42MB, paused 181us total 11.532ms
08-06 12:54:31.482  6998 21780 I art     : Starting a blocking GC Explicit
08-06 12:54:31.500  6998 21780 I art     : Explicit concurrent mark sweep GC freed 1376(79KB) AllocSpace objects, 1(20KB) LOS objects, 38% free, 26MB/42MB, paused 240us total 17.290ms
08-06 12:54:31.510  6998 21780 I art     : Starting a blocking GC Explicit
08-06 12:54:31.525  6998 21780 I art     : Explicit concurrent mark sweep GC freed 20(704B) AllocSpace objects, 0(0B) LOS objects, 38% free, 26MB/42MB, paused 222us total 14.956ms
08-06 12:54:31.534  6998 21780 I art     : Starting a blocking GC Explicit
08-06 12:54:31.546  6998 21780 I art     : Explicit concurrent mark sweep GC freed 3(96B) AllocSpace objects, 0(0B) LOS objects, 38% free, 26MB/42MB, paused 191us total 11.586ms
08-06 12:54:31.552  6998 21780 I art     : Starting a blocking GC Explicit
08-06 12:54:31.563  6998 21780 I art     : Explicit concurrent mark sweep GC freed 3(96B) AllocSpace objects, 0(0B) LOS objects, 38% free, 26MB/42MB, paused 183us total 11.292ms
08-06 12:54:31.570  6998 21780 I art     : Starting a blocking GC Explicit
08-06 12:54:31.582  6998 21780 I art     : Explicit concurrent mark sweep GC freed 3(96B) AllocSpace objects, 0(0B) LOS objects, 38% free, 26MB/42MB, paused 202us total 12.033ms
08-06 12:54:31.846  6998  7011 I art     : Starting a blocking GC Explicit
08-06 12:54:31.859  6998  7011 I art     : Explicit concurrent mark sweep GC freed 1375(79KB) AllocSpace objects, 1(20KB) LOS objects, 38% free, 26MB/42MB, paused 184us total 12.242ms
08-06 12:54:31.864  6998  7011 I art     : Starting a blocking GC Explicit
08-06 12:54:31.875  6998  7011 I art     : Explicit concurrent mark sweep GC freed 20(704B) AllocSpace objects, 0(0B) LOS objects, 38% free, 26MB/42MB, paused 191us total 10.459ms
08-06 12:54:31.881  6998  7011 I art     : Starting a blocking GC Explicit
08-06 12:54:31.891  6998  7011 I art     : Explicit concurrent mark sweep GC freed 3(96B) AllocSpace objects, 0(0B) LOS objects, 38% free, 26MB/42MB, paused 178us total 10.012ms
08-06 12:54:31.896  6998  7011 I art     : Starting a blocking GC Explicit
08-06 12:54:31.906  6998  7011 I art     : Explicit concurrent mark sweep GC freed 3(96B) AllocSpace objects, 0(0B) LOS objects, 38% free, 26MB/42MB, paused 181us total 9.976ms
08-06 12:54:31.912  6998  7011 I art     : Starting a blocking GC Explicit
08-06 12:54:31.922  6998  7011 I art     : Explicit concurrent mark sweep GC freed 3(96B) AllocSpace objects, 0(0B) LOS objects, 38% free, 26MB/42MB, paused 179us total 9.998ms
08-06 12:54:32.207  6998  7009 I art     : Starting a blocking GC Explicit
08-06 12:54:32.221  6998  7009 I art     : Explicit concurrent mark sweep GC freed 1376(79KB) AllocSpace objects, 1(20KB) LOS objects, 38% free, 26MB/42MB, paused 260us total 13.857ms
08-06 12:54:32.229  6998  7009 I art     : Starting a blocking GC Explicit
08-06 12:54:32.241  6998  7009 I art     : Explicit concurrent mark sweep GC freed 20(704B) AllocSpace objects, 0(0B) LOS objects, 38% free, 26MB/42MB, paused 193us total 11.732ms
08-06 12:54:32.247  6998  7009 I art     : Starting a blocking GC Explicit
08-06 12:54:32.258  6998  7009 I art     : Explicit concurrent mark sweep GC freed 3(96B) AllocSpace objects, 0(0B) LOS objects, 38% free, 26MB/42MB, paused 171us total 10.809ms
08-06 12:54:32.264  6998  7009 I art     : Starting a blocking GC Explicit
08-06 12:54:32.276  6998  7009 I art     : Explicit concurrent mark sweep GC freed 3(96B) AllocSpace objects, 0(0B) LOS objects, 38% free, 26MB/42MB, paused 185us total 11.515ms
08-06 12:54:32.282  6998  7009 I art     : Starting a blocking GC Explicit
08-06 12:54:32.293  6998  7009 I art     : Explicit concurrent mark sweep GC freed 3(96B) AllocSpace objects, 0(0B) LOS objects, 38% free, 26MB/42MB, paused 183us total 10.913ms
08-06 12:54:32.551 21951 21951 D AndroidRuntime: >>>>>> START com.android.internal.os.RuntimeInit uid 2000 <<<<<<
08-06 12:54:32.556 21951 21951 D AndroidRuntime: CheckJNI is OFF
08-06 12:54:32.565  6998 21780 I art     : Starting a blocking GC Explicit
08-06 12:54:32.577  6998 21780 I art     : Explicit concurrent mark sweep GC freed 1376(79KB) AllocSpace objects, 1(20KB) LOS objects, 38% free, 26MB/42MB, paused 205us total 11.402ms
08-06 12:54:32.583  6998 21780 I art     : Starting a blocking GC Explicit
08-06 12:54:32.584 21951 21951 D ICU     : No timezone override file found: /data/misc/zoneinfo/current/icu/icu_tzdata.dat
08-06 12:54:32.595  6998 21780 I art     : Explicit concurrent mark sweep GC freed 20(704B) AllocSpace objects, 0(0B) LOS objects, 38% free, 26MB/42MB, paused 210us total 12.283ms
08-06 12:54:32.602  6998 21780 I art     : Starting a blocking GC Explicit
08-06 12:54:32.611 21951 21951 I Radio-JNI: register_android_hardware_Radio DONE
08-06 12:54:32.613  6998 21780 I art     : Explicit concurrent mark sweep GC freed 3(96B) AllocSpace objects, 0(0B) LOS objects, 38% free, 26MB/42MB, paused 201us total 10.558ms
08-06 12:54:32.618  6998 21780 I art     : Starting a blocking GC Explicit
08-06 12:54:32.627 21951 21951 D AndroidRuntime: Calling main entry com.android.commands.input.Input
08-06 12:54:32.629 21951 21951 I Input   : injectMotionEvent: MotionEvent { action=ACTION_DOWN, actionButton=0, id[0]=0, x[0]=594.0, y[0]=330.0, toolType[0]=TOOL_TYPE_UNKNOWN, buttonState=0, metaState=0, flags=0x0, edgeFlags=0x0, pointerCount=1, historySize=0, eventTime=881689042, downTime=881689042, deviceId=0, source=0x1002 }
08-06 12:54:32.629  6998 21780 I art     : Explicit concurrent mark sweep GC freed 3(96B) AllocSpace objects, 0(0B) LOS objects, 38% free, 26MB/42MB, paused 248us total 10.559ms
08-06 12:54:32.635  6998 21780 I art     : Starting a blocking GC Explicit
08-06 12:54:32.635 21951 21951 I Input   : injectMotionEvent: MotionEvent { action=ACTION_UP, actionButton=0, id[0]=0, x[0]=594.0, y[0]=330.0, toolType[0]=TOOL_TYPE_UNKNOWN, buttonState=0, metaState=0, flags=0x0, edgeFlags=0x0, pointerCount=1, historySize=0, eventTime=881689042, downTime=881689042, deviceId=0, source=0x1002 }
08-06 12:54:32.637 21951 21951 D AndroidRuntime: Shutting down VM
08-06 12:54:32.646  6998 21780 I art     : Explicit concurrent mark sweep GC freed 53(2448B) AllocSpace objects, 0(0B) LOS objects, 37% free, 26MB/42MB, paused 212us total 10.877ms
08-06 12:54:32.706   918   928 I ActivityManager: START u0 {cmp=baseline.com.newsblur/.activity.GlobalSharedStoriesItemsList (has extras)} from uid 10698 on display 0
08-06 12:54:32.753  6998 21975 I baseline.com.newsblur.database.BlurDatabaseHelper: reading session reset
08-06 12:54:32.866  6998  7009 I art     : Starting a blocking GC Explicit
08-06 12:54:32.882  6998  7009 I art     : Explicit concurrent mark sweep GC freed 6389(516KB) AllocSpace objects, 8(284KB) LOS objects, 36% free, 27MB/43MB, paused 474us total 15.209ms
08-06 12:54:32.889  6998  7009 I art     : Starting a blocking GC Explicit
08-06 12:54:32.895  6998  6998 W View    : requestLayout() improperly called by android.widget.FrameLayout{84c6b0e V.E...... ......ID 0,0-1440,0 #7f07003f app:id/footer_view_inner} during layout: running second layout pass
08-06 12:54:32.895  6998  6998 W View    : requestLayout() improperly called by android.widget.FrameLayout{bfc092f V.E...... ......ID 0,0-1440,2091 #7f07003f app:id/footer_view_inner} during layout: running second layout pass
08-06 12:54:32.902  6998  7009 I art     : Explicit concurrent mark sweep GC freed 675(56KB) AllocSpace objects, 1(20KB) LOS objects, 36% free, 27MB/43MB, paused 215us total 12.670ms
08-06 12:54:32.908  6998  7009 I art     : Starting a blocking GC Explicit
08-06 12:54:32.916   918   936 I ActivityManager: Displayed baseline.com.newsblur/.activity.GlobalSharedStoriesItemsList: +199ms
08-06 12:54:32.917 13866 13866 I GoogleInputMethodServic: GoogleInputMethodService.onFinishInput():3138 
08-06 12:54:32.917 13866 13866 I GoogleInputMethodServic: GoogleInputMethodService.onStartInput():1808 
08-06 12:54:32.921  6998  7009 I art     : Explicit concurrent mark sweep GC freed 1257(82KB) AllocSpace objects, 3(60KB) LOS objects, 36% free, 27MB/43MB, paused 571us total 12.553ms
08-06 12:54:32.929  6998  7009 I art     : Starting a blocking GC Explicit
08-06 12:54:32.942  6998  7009 I art     : Explicit concurrent mark sweep GC freed 534(69KB) AllocSpace objects, 2(40KB) LOS objects, 36% free, 27MB/43MB, paused 354us total 13.640ms
08-06 12:54:32.948  6998  7009 I art     : Starting a blocking GC Explicit
08-06 12:54:32.960  6998  7009 I art     : Explicit concurrent mark sweep GC freed 69(2560B) AllocSpace objects, 0(0B) LOS objects, 36% free, 27MB/43MB, paused 241us total 11.577ms
08-06 12:54:33.236  6998  7009 I art     : Starting a blocking GC Explicit
08-06 12:54:33.252  6998  7009 I art     : Explicit concurrent mark sweep GC freed 1785(113KB) AllocSpace objects, 2(40KB) LOS objects, 36% free, 27MB/43MB, paused 296us total 15.931ms
08-06 12:54:33.259  6998  7009 I art     : Starting a blocking GC Explicit
08-06 12:54:33.273  6998  7009 I art     : Explicit concurrent mark sweep GC freed 54(1888B) AllocSpace objects, 0(0B) LOS objects, 36% free, 27MB/43MB, paused 260us total 13.401ms
08-06 12:54:33.279  6998  7009 I art     : Starting a blocking GC Explicit
08-06 12:54:33.292  6998  7009 I art     : Explicit concurrent mark sweep GC freed 4(128B) AllocSpace objects, 0(0B) LOS objects, 36% free, 27MB/43MB, paused 220us total 12.964ms
08-06 12:54:33.298  6998  7009 I art     : Starting a blocking GC Explicit
08-06 12:54:33.310  6998  7009 I art     : Explicit concurrent mark sweep GC freed 5(160B) AllocSpace objects, 0(0B) LOS objects, 36% free, 27MB/43MB, paused 249us total 12.312ms
08-06 12:54:33.316  6998  7009 I art     : Starting a blocking GC Explicit
08-06 12:54:33.330  6998  7009 I art     : Explicit concurrent mark sweep GC freed 4(128B) AllocSpace objects, 0(0B) LOS objects, 36% free, 27MB/43MB, paused 327us total 13.442ms
08-06 12:54:33.521  6998 21987 I NAPPA_EXPERIMENTATION: MetricNetworkRequestExecutionTime: REQUEST_DURATION_SYSTEM='589',REQUEST_DURATION_OKHTTP='38',REQUEST_SYNCHRONOUS='TRUE',RESPONSE_CODE='200',RESPONSE_METHOD='GET',RESPONSE_LENGTH_OKHTTP='-1',RESPONSE_LENGTH_HEADER='13047',REQUEST_PROTOCOL='http/1.1',REQUEST_URL='https://www.newsblur.com/social/river_stories?order=newest&page=1&read_filter=all&global_feed=true',
08-06 12:54:33.521  6998 21987 D MY_TAG  : 0, 589
08-06 12:54:33.597  6998  7011 I art     : Starting a blocking GC Explicit
08-06 12:54:33.618  6998  7011 I art     : Explicit concurrent mark sweep GC freed 31750(1892KB) AllocSpace objects, 20(668KB) LOS objects, 36% free, 28MB/44MB, paused 662us total 20.559ms
08-06 12:54:33.624  6998  7011 I art     : Starting a blocking GC Explicit
08-06 12:54:33.638  6998  7011 I art     : Explicit concurrent mark sweep GC freed 3472(335KB) AllocSpace objects, 4(168KB) LOS objects, 36% free, 27MB/43MB, paused 253us total 13.570ms
08-06 12:54:33.644  6998  7011 I art     : Starting a blocking GC Explicit
08-06 12:54:33.658  6998  7011 I art     : Explicit concurrent mark sweep GC freed 2225(316KB) AllocSpace objects, 16(320KB) LOS objects, 36% free, 27MB/43MB, paused 274us total 13.124ms
08-06 12:54:33.663  6998  7011 I art     : Starting a blocking GC Explicit
08-06 12:54:33.675  6998  7011 I art     : Explicit concurrent mark sweep GC freed 659(72KB) AllocSpace objects, 2(40KB) LOS objects, 36% free, 27MB/43MB, paused 326us total 12.009ms
08-06 12:54:33.681  6998  7011 I art     : Starting a blocking GC Explicit
08-06 12:54:33.694  6998  7011 I art     : Explicit concurrent mark sweep GC freed 748(48KB) AllocSpace objects, 2(40KB) LOS objects, 36% free, 28MB/44MB, paused 565us total 13.285ms
08-06 12:54:33.759  6998 22018 I NAPPA_EXPERIMENTATION: MetricNetworkRequestExecutionTime: REQUEST_DURATION_SYSTEM='33',REQUEST_DURATION_OKHTTP='31',REQUEST_SYNCHRONOUS='TRUE',RESPONSE_CODE='200',RESPONSE_METHOD='GET',RESPONSE_LENGTH_OKHTTP='43',RESPONSE_LENGTH_HEADER='43',REQUEST_PROTOCOL='http/1.1',REQUEST_URL='http://feeds.feedburner.com/~r/retort/~4/UffaFMiJbNs',
08-06 12:54:33.962  6998 21780 I art     : Starting a blocking GC Explicit
08-06 12:54:33.984  6998 21780 I art     : Explicit concurrent mark sweep GC freed 9925(525KB) AllocSpace objects, 8(300KB) LOS objects, 36% free, 28MB/44MB, paused 513us total 21.598ms
08-06 12:54:33.992  6998 21780 I art     : Starting a blocking GC Explicit
08-06 12:54:34.010  6998 21780 I art     : Explicit concurrent mark sweep GC freed 4827(333KB) AllocSpace objects, 0(0B) LOS objects, 36% free, 28MB/44MB, paused 615us total 17.868ms
08-06 12:54:34.017  6998 21780 I art     : Starting a blocking GC Explicit
08-06 12:54:34.033  6998 21780 I art     : Explicit concurrent mark sweep GC freed 2821(108KB) AllocSpace objects, 0(0B) LOS objects, 36% free, 28MB/44MB, paused 456us total 15.668ms
08-06 12:54:34.040  6998 21780 I art     : Starting a blocking GC Explicit
08-06 12:54:34.054  6998 21780 I art     : Explicit concurrent mark sweep GC freed 441(15KB) AllocSpace objects, 0(0B) LOS objects, 36% free, 28MB/44MB, paused 520us total 13.912ms
08-06 12:54:34.060  6998 21780 I art     : Starting a blocking GC Explicit
08-06 12:54:34.063  6998 22020 I NAPPA_EXPERIMENTATION: MetricNetworkRequestExecutionTime: REQUEST_DURATION_SYSTEM='329',REQUEST_DURATION_OKHTTP='156',REQUEST_SYNCHRONOUS='TRUE',RESPONSE_CODE='200',RESPONSE_METHOD='GET',RESPONSE_LENGTH_OKHTTP='79351',RESPONSE_LENGTH_HEADER='79351',REQUEST_PROTOCOL='h2',REQUEST_URL='https://images.fastcompany.net/image/upload/w_1280,q_auto,f_auto,fl_lossy/wp-cms/uploads/2020/07/p-1-90532920-this-chart-shows-how-effective-masks-can-be.png',
08-06 12:54:34.075  6998 21780 I art     : Explicit concurrent mark sweep GC freed 339(35KB) AllocSpace objects, 1(20KB) LOS objects, 36% free, 28MB/44MB, paused 485us total 14.990ms
08-06 12:54:34.132 21246 21246 I ServiceManager: Waiting for service AtCmdFwd...
08-06 12:54:34.209  6998 22021 I NAPPA_EXPERIMENTATION: MetricNetworkRequestExecutionTime: REQUEST_DURATION_SYSTEM='494',REQUEST_DURATION_OKHTTP='45',REQUEST_SYNCHRONOUS='TRUE',RESPONSE_CODE='200',RESPONSE_METHOD='GET',RESPONSE_LENGTH_OKHTTP='477',RESPONSE_LENGTH_HEADER='477',REQUEST_PROTOCOL='http/1.1',REQUEST_URL='https://s3.amazonaws.com/icons.newsblur.com/5762506.png',
08-06 12:54:34.228  6998 22019 I NAPPA_EXPERIMENTATION: MetricNetworkRequestExecutionTime: REQUEST_DURATION_SYSTEM='522',REQUEST_DURATION_OKHTTP='56',REQUEST_SYNCHRONOUS='TRUE',RESPONSE_CODE='200',RESPONSE_METHOD='GET',RESPONSE_LENGTH_OKHTTP='243',RESPONSE_LENGTH_HEADER='243',REQUEST_PROTOCOL='http/1.1',REQUEST_URL='https://s3.amazonaws.com/icons.newsblur.com/18178.png',
08-06 12:54:34.254  6998 22017 I NAPPA_EXPERIMENTATION: MetricNetworkRequestExecutionTime: REQUEST_DURATION_SYSTEM='556',REQUEST_DURATION_OKHTTP='87',REQUEST_SYNCHRONOUS='TRUE',RESPONSE_CODE='200',RESPONSE_METHOD='GET',RESPONSE_LENGTH_OKHTTP='145',RESPONSE_LENGTH_HEADER='145',REQUEST_PROTOCOL='http/1.1',REQUEST_URL='https://s3.amazonaws.com/icons.newsblur.com/6882243.png',
08-06 12:54:34.328  6998 21780 I art     : Starting a blocking GC Explicit
08-06 12:54:34.347  6998 21780 I art     : Explicit concurrent mark sweep GC freed 9216(510KB) AllocSpace objects, 13(3MB) LOS objects, 34% free, 30MB/46MB, paused 365us total 18.340ms
08-06 12:54:34.353  6998 21780 I art     : Starting a blocking GC Explicit
08-06 12:54:34.368  6998 21780 I art     : Explicit concurrent mark sweep GC freed 306(10KB) AllocSpace objects, 0(0B) LOS objects, 34% free, 30MB/46MB, paused 318us total 14.746ms
08-06 12:54:34.375  6998 21780 I art     : Starting a blocking GC Explicit
08-06 12:54:34.390  6998 21780 I art     : Explicit concurrent mark sweep GC freed 3(96B) AllocSpace objects, 0(0B) LOS objects, 34% free, 30MB/46MB, paused 351us total 14.863ms
08-06 12:54:34.396  6998 21780 I art     : Starting a blocking GC Explicit
08-06 12:54:34.411  6998 21780 I art     : Explicit concurrent mark sweep GC freed 3(96B) AllocSpace objects, 0(0B) LOS objects, 34% free, 30MB/46MB, paused 332us total 14.876ms
08-06 12:54:34.418  6998 21780 I art     : Starting a blocking GC Explicit
08-06 12:54:34.433  6998 21780 I art     : Explicit concurrent mark sweep GC freed 3(96B) AllocSpace objects, 0(0B) LOS objects, 34% free, 30MB/46MB, paused 362us total 14.974ms
08-06 12:54:34.741  6998  7009 I art     : Starting a blocking GC Explicit
08-06 12:54:34.761  6998  7009 I art     : Explicit concurrent mark sweep GC freed 1387(82KB) AllocSpace objects, 1(20KB) LOS objects, 34% free, 30MB/46MB, paused 351us total 19.209ms
08-06 12:54:34.770  6998  7009 I art     : Starting a blocking GC Explicit
08-06 12:54:34.786  6998  7009 I art     : Explicit concurrent mark sweep GC freed 20(720B) AllocSpace objects, 0(0B) LOS objects, 34% free, 30MB/46MB, paused 347us total 15.991ms
08-06 12:54:34.793  6998  7009 I art     : Starting a blocking GC Explicit
08-06 12:54:34.809  6998  7009 I art     : Explicit concurrent mark sweep GC freed 3(96B) AllocSpace objects, 0(0B) LOS objects, 34% free, 30MB/46MB, paused 326us total 15.930ms
08-06 12:54:34.815  6998  7009 I art     : Starting a blocking GC Explicit
08-06 12:54:34.831  6998  7009 I art     : Explicit concurrent mark sweep GC freed 3(96B) AllocSpace objects, 0(0B) LOS objects, 34% free, 30MB/46MB, paused 338us total 15.154ms
08-06 12:54:34.837  6998  7009 I art     : Starting a blocking GC Explicit
08-06 12:54:34.852  6998  7009 I art     : Explicit concurrent mark sweep GC freed 3(96B) AllocSpace objects, 0(0B) LOS objects, 34% free, 30MB/46MB, paused 328us total 15.016ms
08-06 12:54:35.133 21246 21246 I ServiceManager: Waiting for service AtCmdFwd...
08-06 12:54:35.150  6998  7011 I art     : Starting a blocking GC Explicit
08-06 12:54:35.168  6998  7011 I art     : Explicit concurrent mark sweep GC freed 1387(80KB) AllocSpace objects, 1(20KB) LOS objects, 34% free, 30MB/46MB, paused 371us total 18.432ms
08-06 12:54:35.179  6998  7011 I art     : Starting a blocking GC Explicit
08-06 12:54:35.194  6998  7011 I art     : Explicit concurrent mark sweep GC freed 20(704B) AllocSpace objects, 0(0B) LOS objects, 34% free, 30MB/46MB, paused 314us total 14.761ms
08-06 12:54:35.200  6998  7011 I art     : Starting a blocking GC Explicit
08-06 12:54:35.215  6998  7011 I art     : Explicit concurrent mark sweep GC freed 3(96B) AllocSpace objects, 0(0B) LOS objects, 34% free, 30MB/46MB, paused 353us total 14.483ms
08-06 12:54:35.221  6998  7011 I art     : Starting a blocking GC Explicit
08-06 12:54:35.236  6998  7011 I art     : Explicit concurrent mark sweep GC freed 3(96B) AllocSpace objects, 0(0B) LOS objects, 34% free, 30MB/46MB, paused 336us total 14.857ms
08-06 12:54:35.242  6998  7011 I art     : Starting a blocking GC Explicit
08-06 12:54:35.257  6998  7011 I art     : Explicit concurrent mark sweep GC freed 3(96B) AllocSpace objects, 0(0B) LOS objects, 34% free, 30MB/46MB, paused 368us total 14.820ms
08-06 12:54:35.568  6998 21988 I art     : Starting a blocking GC Explicit
08-06 12:54:35.587  6998 21988 I art     : Explicit concurrent mark sweep GC freed 1386(80KB) AllocSpace objects, 1(20KB) LOS objects, 34% free, 30MB/46MB, paused 348us total 18.854ms
08-06 12:54:35.597  6998 21988 I art     : Starting a blocking GC Explicit
08-06 12:54:35.612  6998 21988 I art     : Explicit concurrent mark sweep GC freed 20(704B) AllocSpace objects, 0(0B) LOS objects, 34% free, 30MB/46MB, paused 355us total 14.499ms
08-06 12:54:35.619  6998 21988 I art     : Starting a blocking GC Explicit
08-06 12:54:35.633  6998 21988 I art     : Explicit concurrent mark sweep GC freed 3(96B) AllocSpace objects, 0(0B) LOS objects, 34% free, 30MB/46MB, paused 327us total 13.667ms
08-06 12:54:35.639  6998 21988 I art     : Starting a blocking GC Explicit
08-06 12:54:35.654  6998 21988 I art     : Explicit concurrent mark sweep GC freed 3(96B) AllocSpace objects, 0(0B) LOS objects, 34% free, 30MB/46MB, paused 324us total 14.665ms
08-06 12:54:35.660  6998 21988 I art     : Starting a blocking GC Explicit
08-06 12:54:35.675  6998 21988 I art     : Explicit concurrent mark sweep GC freed 3(96B) AllocSpace objects, 0(0B) LOS objects, 34% free, 30MB/46MB, paused 343us total 14.551ms
08-06 12:54:35.989  6998 21780 I art     : Starting a blocking GC Explicit
08-06 12:54:36.008  6998 21780 I art     : Explicit concurrent mark sweep GC freed 1386(80KB) AllocSpace objects, 1(20KB) LOS objects, 34% free, 30MB/46MB, paused 392us total 18.545ms
08-06 12:54:36.017  6998 21780 I art     : Starting a blocking GC Explicit
08-06 12:54:36.032  6998 21780 I art     : Explicit concurrent mark sweep GC freed 20(704B) AllocSpace objects, 0(0B) LOS objects, 34% free, 30MB/46MB, paused 382us total 15.003ms
08-06 12:54:36.039  6998 21780 I art     : Starting a blocking GC Explicit
08-06 12:54:36.054  6998 21780 I art     : Explicit concurrent mark sweep GC freed 3(96B) AllocSpace objects, 0(0B) LOS objects, 34% free, 30MB/46MB, paused 335us total 14.842ms
08-06 12:54:36.060  6998 21780 I art     : Starting a blocking GC Explicit
08-06 12:54:36.075  6998 21780 I art     : Explicit concurrent mark sweep GC freed 3(96B) AllocSpace objects, 0(0B) LOS objects, 34% free, 30MB/46MB, paused 329us total 15.110ms
08-06 12:54:36.082  6998 21780 I art     : Starting a blocking GC Explicit
08-06 12:54:36.097  6998 21780 I art     : Explicit concurrent mark sweep GC freed 3(96B) AllocSpace objects, 0(0B) LOS objects, 34% free, 30MB/46MB, paused 370us total 15.187ms
08-06 12:54:36.133 21246 21246 I ServiceManager: Waiting for service AtCmdFwd...
08-06 12:54:36.414  6998  7009 I art     : Starting a blocking GC Explicit
08-06 12:54:36.434  6998  7009 I art     : Explicit concurrent mark sweep GC freed 1387(80KB) AllocSpace objects, 1(20KB) LOS objects, 34% free, 30MB/46MB, paused 465us total 19.790ms
08-06 12:54:36.444  6998  7009 I art     : Starting a blocking GC Explicit
08-06 12:54:36.459  6998  7009 I art     : Explicit concurrent mark sweep GC freed 20(704B) AllocSpace objects, 0(0B) LOS objects, 34% free, 30MB/46MB, paused 366us total 14.823ms
08-06 12:54:36.465  6998  7009 I art     : Starting a blocking GC Explicit
08-06 12:54:36.480  6998  7009 I art     : Explicit concurrent mark sweep GC freed 3(96B) AllocSpace objects, 0(0B) LOS objects, 34% free, 30MB/46MB, paused 322us total 14.801ms
08-06 12:54:36.487  6998  7009 I art     : Starting a blocking GC Explicit
08-06 12:54:36.501  6998  7009 I art     : Explicit concurrent mark sweep GC freed 3(96B) AllocSpace objects, 0(0B) LOS objects, 34% free, 30MB/46MB, paused 327us total 14.521ms
08-06 12:54:36.508  6998  7009 I art     : Starting a blocking GC Explicit
08-06 12:54:36.522  6998  7009 I art     : Explicit concurrent mark sweep GC freed 3(96B) AllocSpace objects, 0(0B) LOS objects, 34% free, 30MB/46MB, paused 320us total 14.645ms
08-06 12:54:36.825  6998  7011 I art     : Starting a blocking GC Explicit
08-06 12:54:36.843  6998  7011 I art     : Explicit concurrent mark sweep GC freed 1386(80KB) AllocSpace objects, 1(20KB) LOS objects, 34% free, 30MB/46MB, paused 366us total 17.940ms
08-06 12:54:36.850  6998  7011 I art     : Starting a blocking GC Explicit
08-06 12:54:36.866  6998  7011 I art     : Explicit concurrent mark sweep GC freed 20(704B) AllocSpace objects, 0(0B) LOS objects, 34% free, 30MB/46MB, paused 339us total 15.355ms
08-06 12:54:36.873  6998  7011 I art     : Starting a blocking GC Explicit
08-06 12:54:36.888  6998  7011 I art     : Explicit concurrent mark sweep GC freed 3(96B) AllocSpace objects, 0(0B) LOS objects, 34% free, 30MB/46MB, paused 335us total 14.760ms
08-06 12:54:36.894  6998  7011 I art     : Starting a blocking GC Explicit
08-06 12:54:36.909  6998  7011 I art     : Explicit concurrent mark sweep GC freed 3(96B) AllocSpace objects, 0(0B) LOS objects, 34% free, 30MB/46MB, paused 334us total 14.873ms
08-06 12:54:36.916  6998  7011 I art     : Starting a blocking GC Explicit
08-06 12:54:36.931  6998  7011 I art     : Explicit concurrent mark sweep GC freed 3(96B) AllocSpace objects, 0(0B) LOS objects, 34% free, 30MB/46MB, paused 349us total 14.940ms
08-06 12:54:37.134 21246 21246 I ServiceManager: Waiting for service AtCmdFwd...
08-06 12:54:37.227  6998 21988 I art     : Starting a blocking GC Explicit
08-06 12:54:37.246  6998 21988 I art     : Explicit concurrent mark sweep GC freed 1386(80KB) AllocSpace objects, 1(20KB) LOS objects, 34% free, 30MB/46MB, paused 357us total 18.906ms
08-06 12:54:37.253  6998 21988 I art     : Starting a blocking GC Explicit
08-06 12:54:37.268  6998 21988 I art     : Explicit concurrent mark sweep GC freed 20(704B) AllocSpace objects, 0(0B) LOS objects, 34% free, 30MB/46MB, paused 335us total 14.762ms
08-06 12:54:37.274  6998 21988 I art     : Starting a blocking GC Explicit
08-06 12:54:37.288  6998 21988 I art     : Explicit concurrent mark sweep GC freed 3(96B) AllocSpace objects, 0(0B) LOS objects, 34% free, 30MB/46MB, paused 328us total 14.360ms
08-06 12:54:37.295  6998 21988 I art     : Starting a blocking GC Explicit
08-06 12:54:37.309  6998 21988 I art     : Explicit concurrent mark sweep GC freed 3(96B) AllocSpace objects, 0(0B) LOS objects, 34% free, 30MB/46MB, paused 320us total 14.551ms
08-06 12:54:37.315  6998 21988 I art     : Starting a blocking GC Explicit
08-06 12:54:37.330  6998 21988 I art     : Explicit concurrent mark sweep GC freed 3(96B) AllocSpace objects, 0(0B) LOS objects, 34% free, 30MB/46MB, paused 351us total 14.669ms
08-06 12:54:37.647  6998 21780 I art     : Starting a blocking GC Explicit
08-06 12:54:37.666  6998 21780 I art     : Explicit concurrent mark sweep GC freed 1386(80KB) AllocSpace objects, 1(20KB) LOS objects, 34% free, 30MB/46MB, paused 362us total 18.095ms
08-06 12:54:37.673  6998 21780 I art     : Starting a blocking GC Explicit
08-06 12:54:37.688  6998 21780 I art     : Explicit concurrent mark sweep GC freed 20(704B) AllocSpace objects, 0(0B) LOS objects, 34% free, 30MB/46MB, paused 420us total 15.778ms
08-06 12:54:37.695  6998 21780 I art     : Starting a blocking GC Explicit
08-06 12:54:37.711  6998 21780 I art     : Explicit concurrent mark sweep GC freed 3(96B) AllocSpace objects, 0(0B) LOS objects, 34% free, 30MB/46MB, paused 337us total 15.122ms
08-06 12:54:37.717  6998 21780 I art     : Starting a blocking GC Explicit
08-06 12:54:37.732  6998 21780 I art     : Explicit concurrent mark sweep GC freed 3(96B) AllocSpace objects, 0(0B) LOS objects, 34% free, 30MB/46MB, paused 307us total 14.802ms
08-06 12:54:37.739  6998 21780 I art     : Starting a blocking GC Explicit
08-06 12:54:37.754  6998 21780 I art     : Explicit concurrent mark sweep GC freed 3(96B) AllocSpace objects, 0(0B) LOS objects, 34% free, 30MB/46MB, paused 338us total 15.197ms
08-06 12:54:38.057  6998  7009 I art     : Starting a blocking GC Explicit
08-06 12:54:38.076  6998  7009 I art     : Explicit concurrent mark sweep GC freed 1386(80KB) AllocSpace objects, 1(20KB) LOS objects, 34% free, 30MB/46MB, paused 358us total 17.882ms
08-06 12:54:38.086  6998  7009 I art     : Starting a blocking GC Explicit
08-06 12:54:38.100  6998  7009 I art     : Explicit concurrent mark sweep GC freed 20(704B) AllocSpace objects, 0(0B) LOS objects, 34% free, 30MB/46MB, paused 327us total 14.551ms
08-06 12:54:38.107  6998  7009 I art     : Starting a blocking GC Explicit
08-06 12:54:38.121  6998  7009 I art     : Explicit concurrent mark sweep GC freed 3(96B) AllocSpace objects, 0(0B) LOS objects, 34% free, 30MB/46MB, paused 324us total 14.549ms
08-06 12:54:38.128  6998  7009 I art     : Starting a blocking GC Explicit
08-06 12:54:38.135 21246 21246 I ServiceManager: Waiting for service AtCmdFwd...
08-06 12:54:38.142  6998  7009 I art     : Explicit concurrent mark sweep GC freed 3(96B) AllocSpace objects, 0(0B) LOS objects, 34% free, 30MB/46MB, paused 381us total 14.480ms
08-06 12:54:38.149  6998  7009 I art     : Starting a blocking GC Explicit
08-06 12:54:38.164  6998  7009 I art     : Explicit concurrent mark sweep GC freed 3(96B) AllocSpace objects, 0(0B) LOS objects, 34% free, 30MB/46MB, paused 324us total 14.662ms
08-06 12:54:38.465  6998  7011 I art     : Starting a blocking GC Explicit
08-06 12:54:38.484  6998  7011 I art     : Explicit concurrent mark sweep GC freed 1386(80KB) AllocSpace objects, 1(20KB) LOS objects, 34% free, 30MB/46MB, paused 348us total 18.926ms
08-06 12:54:38.491  6998  7011 I art     : Starting a blocking GC Explicit
08-06 12:54:38.506  6998  7011 I art     : Explicit concurrent mark sweep GC freed 20(704B) AllocSpace objects, 0(0B) LOS objects, 34% free, 30MB/46MB, paused 335us total 15.187ms
08-06 12:54:38.513  6998  7011 I art     : Starting a blocking GC Explicit
08-06 12:54:38.528  6998  7011 I art     : Explicit concurrent mark sweep GC freed 3(96B) AllocSpace objects, 0(0B) LOS objects, 34% free, 30MB/46MB, paused 341us total 15.081ms
08-06 12:54:38.534  6998  7011 I art     : Starting a blocking GC Explicit
08-06 12:54:38.550  6998  7011 I art     : Explicit concurrent mark sweep GC freed 3(96B) AllocSpace objects, 0(0B) LOS objects, 34% free, 30MB/46MB, paused 359us total 15.275ms
08-06 12:54:38.556  6998  7011 I art     : Starting a blocking GC Explicit
08-06 12:54:38.572  6998  7011 I art     : Explicit concurrent mark sweep GC freed 3(96B) AllocSpace objects, 0(0B) LOS objects, 34% free, 30MB/46MB, paused 336us total 14.991ms
08-06 12:54:38.877  6998 21988 I art     : Starting a blocking GC Explicit
08-06 12:54:38.895  6998 21988 I art     : Explicit concurrent mark sweep GC freed 1386(80KB) AllocSpace objects, 1(20KB) LOS objects, 34% free, 30MB/46MB, paused 361us total 17.715ms
08-06 12:54:38.905  6998 21988 I art     : Starting a blocking GC Explicit
08-06 12:54:38.921  6998 21988 I art     : Explicit concurrent mark sweep GC freed 20(704B) AllocSpace objects, 0(0B) LOS objects, 34% free, 30MB/46MB, paused 330us total 15.384ms
08-06 12:54:38.928  6998 21988 I art     : Starting a blocking GC Explicit
08-06 12:54:38.943  6998 21988 I art     : Explicit concurrent mark sweep GC freed 3(96B) AllocSpace objects, 0(0B) LOS objects, 34% free, 30MB/46MB, paused 344us total 14.866ms
08-06 12:54:38.949  6998 21988 I art     : Starting a blocking GC Explicit
08-06 12:54:38.964  6998 21988 I art     : Explicit concurrent mark sweep GC freed 3(96B) AllocSpace objects, 0(0B) LOS objects, 34% free, 30MB/46MB, paused 318us total 15.227ms
08-06 12:54:38.971  6998 21988 I art     : Starting a blocking GC Explicit
08-06 12:54:38.986  6998 21988 I art     : Explicit concurrent mark sweep GC freed 3(96B) AllocSpace objects, 0(0B) LOS objects, 34% free, 30MB/46MB, paused 330us total 15.045ms
08-06 12:54:39.135 21246 21246 W Atfwd_Sendcmd: AtCmdFwd service not published, waiting... retryCnt : 1
08-06 12:54:39.310  6998 21780 I art     : Starting a blocking GC Explicit
08-06 12:54:39.328  6998 21780 I art     : Explicit concurrent mark sweep GC freed 1386(80KB) AllocSpace objects, 1(20KB) LOS objects, 34% free, 30MB/46MB, paused 368us total 18.419ms
08-06 12:54:39.335  6998 21780 I art     : Starting a blocking GC Explicit
08-06 12:54:39.351  6998 21780 I art     : Explicit concurrent mark sweep GC freed 20(704B) AllocSpace objects, 0(0B) LOS objects, 34% free, 30MB/46MB, paused 410us total 15.442ms
08-06 12:54:39.358  6998 21780 I art     : Starting a blocking GC Explicit
08-06 12:54:39.373  6998 21780 I art     : Explicit concurrent mark sweep GC freed 3(96B) AllocSpace objects, 0(0B) LOS objects, 34% free, 30MB/46MB, paused 351us total 14.972ms
08-06 12:54:39.379  6998 21780 I art     : Starting a blocking GC Explicit
08-06 12:54:39.395  6998 21780 I art     : Explicit concurrent mark sweep GC freed 3(96B) AllocSpace objects, 0(0B) LOS objects, 34% free, 30MB/46MB, paused 372us total 14.918ms
08-06 12:54:39.401  6998 21780 I art     : Starting a blocking GC Explicit
08-06 12:54:39.416  6998 21780 I art     : Explicit concurrent mark sweep GC freed 3(96B) AllocSpace objects, 0(0B) LOS objects, 34% free, 30MB/46MB, paused 358us total 15.080ms
08-06 12:54:39.734  6998  7009 I art     : Starting a blocking GC Explicit
08-06 12:54:39.755  6998  7009 I art     : Explicit concurrent mark sweep GC freed 1386(80KB) AllocSpace objects, 1(20KB) LOS objects, 34% free, 30MB/46MB, paused 995us total 20.548ms
08-06 12:54:39.761  6998  7009 I art     : Starting a blocking GC Explicit
08-06 12:54:39.777  6998  7009 I art     : Explicit concurrent mark sweep GC freed 20(704B) AllocSpace objects, 0(0B) LOS objects, 34% free, 30MB/46MB, paused 380us total 15.147ms
08-06 12:54:39.783  6998  7009 I art     : Starting a blocking GC Explicit
08-06 12:54:39.798  6998  7009 I art     : Explicit concurrent mark sweep GC freed 3(96B) AllocSpace objects, 0(0B) LOS objects, 34% free, 30MB/46MB, paused 325us total 14.791ms
08-06 12:54:39.804  6998  7009 I art     : Starting a blocking GC Explicit
08-06 12:54:39.819  6998  7009 I art     : Explicit concurrent mark sweep GC freed 3(96B) AllocSpace objects, 0(0B) LOS objects, 34% free, 30MB/46MB, paused 329us total 14.757ms
08-06 12:54:39.825  6998  7009 I art     : Starting a blocking GC Explicit
08-06 12:54:39.840  6998  7009 I art     : Explicit concurrent mark sweep GC freed 3(96B) AllocSpace objects, 0(0B) LOS objects, 34% free, 30MB/46MB, paused 330us total 14.542ms
08-06 12:54:40.147  6998  7011 I art     : Starting a blocking GC Explicit
08-06 12:54:40.166  6998  7011 I art     : Explicit concurrent mark sweep GC freed 1386(80KB) AllocSpace objects, 1(20KB) LOS objects, 34% free, 30MB/46MB, paused 360us total 18.629ms
08-06 12:54:40.173  6998  7011 I art     : Starting a blocking GC Explicit
08-06 12:54:40.188  6998  7011 I art     : Explicit concurrent mark sweep GC freed 20(704B) AllocSpace objects, 0(0B) LOS objects, 34% free, 30MB/46MB, paused 336us total 15.293ms
08-06 12:54:40.195  6998  7011 I art     : Starting a blocking GC Explicit
08-06 12:54:40.210  6998  7011 I art     : Explicit concurrent mark sweep GC freed 3(96B) AllocSpace objects, 0(0B) LOS objects, 34% free, 30MB/46MB, paused 347us total 14.976ms
08-06 12:54:40.216  6998  7011 I art     : Starting a blocking GC Explicit
08-06 12:54:40.231  6998  7011 I art     : Explicit concurrent mark sweep GC freed 3(96B) AllocSpace objects, 0(0B) LOS objects, 34% free, 30MB/46MB, paused 330us total 14.912ms
08-06 12:54:40.238  6998  7011 I art     : Starting a blocking GC Explicit
08-06 12:54:40.253  6998  7011 I art     : Explicit concurrent mark sweep GC freed 3(96B) AllocSpace objects, 0(0B) LOS objects, 34% free, 30MB/46MB, paused 325us total 14.885ms
08-06 12:54:40.548  6998 21988 I art     : Starting a blocking GC Explicit
08-06 12:54:40.566  6998 21988 I art     : Explicit concurrent mark sweep GC freed 1386(80KB) AllocSpace objects, 1(20KB) LOS objects, 34% free, 30MB/46MB, paused 356us total 16.966ms
08-06 12:54:40.572  6998 21988 I art     : Starting a blocking GC Explicit
08-06 12:54:40.587  6998 21988 I art     : Explicit concurrent mark sweep GC freed 20(704B) AllocSpace objects, 0(0B) LOS objects, 34% free, 30MB/46MB, paused 315us total 14.992ms
08-06 12:54:40.594  6998 21988 I art     : Starting a blocking GC Explicit
08-06 12:54:40.608  6998 21988 I art     : Explicit concurrent mark sweep GC freed 3(96B) AllocSpace objects, 0(0B) LOS objects, 34% free, 30MB/46MB, paused 317us total 14.506ms
08-06 12:54:40.615  6998 21988 I art     : Starting a blocking GC Explicit
08-06 12:54:40.630  6998 21988 I art     : Explicit concurrent mark sweep GC freed 3(96B) AllocSpace objects, 0(0B) LOS objects, 34% free, 30MB/46MB, paused 369us total 15.382ms
08-06 12:54:40.637  6998 21988 I art     : Starting a blocking GC Explicit
08-06 12:54:40.652  6998 21988 I art     : Explicit concurrent mark sweep GC freed 3(96B) AllocSpace objects, 0(0B) LOS objects, 34% free, 30MB/46MB, paused 334us total 15.115ms
08-06 12:54:40.976  6998 21780 I art     : Starting a blocking GC Explicit
08-06 12:54:40.992  6998 21780 I art     : Explicit concurrent mark sweep GC freed 1386(80KB) AllocSpace objects, 1(20KB) LOS objects, 34% free, 30MB/46MB, paused 361us total 16.403ms
08-06 12:54:40.999  6998 21780 I art     : Starting a blocking GC Explicit
08-06 12:54:41.014  6998 21780 I art     : Explicit concurrent mark sweep GC freed 20(704B) AllocSpace objects, 0(0B) LOS objects, 34% free, 30MB/46MB, paused 347us total 15.238ms
08-06 12:54:41.021  6998 21780 I art     : Starting a blocking GC Explicit
08-06 12:54:41.036  6998 21780 I art     : Explicit concurrent mark sweep GC freed 3(96B) AllocSpace objects, 0(0B) LOS objects, 34% free, 30MB/46MB, paused 341us total 15.205ms
08-06 12:54:41.043  6998 21780 I art     : Starting a blocking GC Explicit
08-06 12:54:41.058  6998 21780 I art     : Explicit concurrent mark sweep GC freed 3(96B) AllocSpace objects, 0(0B) LOS objects, 34% free, 30MB/46MB, paused 331us total 15.058ms
08-06 12:54:41.064  6998 21780 I art     : Starting a blocking GC Explicit
08-06 12:54:41.079  6998 21780 I art     : Explicit concurrent mark sweep GC freed 3(96B) AllocSpace objects, 0(0B) LOS objects, 34% free, 30MB/46MB, paused 342us total 14.994ms
08-06 12:54:41.395  6998  7009 I art     : Starting a blocking GC Explicit
08-06 12:54:41.414  6998  7009 I art     : Explicit concurrent mark sweep GC freed 1386(80KB) AllocSpace objects, 1(20KB) LOS objects, 34% free, 30MB/46MB, paused 358us total 18.632ms
08-06 12:54:41.425  6998  7009 I art     : Starting a blocking GC Explicit
08-06 12:54:41.440  6998  7009 I art     : Explicit concurrent mark sweep GC freed 20(704B) AllocSpace objects, 0(0B) LOS objects, 34% free, 30MB/46MB, paused 357us total 14.783ms
08-06 12:54:41.440  6998  7008 I art     : WaitForGcToComplete blocked for 5.141ms for cause HeapTrim
08-06 12:54:41.446  6998  7009 I art     : Starting a blocking GC Explicit
08-06 12:54:41.461  6998  7009 I art     : Explicit concurrent mark sweep GC freed 3(96B) AllocSpace objects, 0(0B) LOS objects, 34% free, 30MB/46MB, paused 380us total 14.818ms
08-06 12:54:41.468  6998  7009 I art     : Starting a blocking GC Explicit
08-06 12:54:41.483  6998  7009 I art     : Explicit concurrent mark sweep GC freed 3(96B) AllocSpace objects, 0(0B) LOS objects, 34% free, 30MB/46MB, paused 319us total 14.834ms
08-06 12:54:41.489  6998  7009 I art     : Starting a blocking GC Explicit
08-06 12:54:41.504  6998  7009 I art     : Explicit concurrent mark sweep GC freed 3(96B) AllocSpace objects, 0(0B) LOS objects, 34% free, 30MB/46MB, paused 318us total 14.667ms
08-06 12:54:41.641   918  3261 D WifiStateMachine: starting scan for "H369AA63323"WPA_PSK with 2412,5180
08-06 12:54:41.799  6998  7011 I art     : Starting a blocking GC Explicit
08-06 12:54:41.819  6998  7011 I art     : Explicit concurrent mark sweep GC freed 1386(80KB) AllocSpace objects, 1(20KB) LOS objects, 34% free, 30MB/46MB, paused 388us total 18.810ms
08-06 12:54:41.830  6998  7011 I art     : Starting a blocking GC Explicit
08-06 12:54:41.844  6998  7011 I art     : Explicit concurrent mark sweep GC freed 20(704B) AllocSpace objects, 0(0B) LOS objects, 34% free, 30MB/46MB, paused 338us total 14.640ms
08-06 12:54:41.851  6998  7011 I art     : Starting a blocking GC Explicit
08-06 12:54:41.866  6998  7011 I art     : Explicit concurrent mark sweep GC freed 3(96B) AllocSpace objects, 0(0B) LOS objects, 34% free, 30MB/46MB, paused 346us total 14.910ms
08-06 12:54:41.872  6998  7011 I art     : Starting a blocking GC Explicit
08-06 12:54:41.887  6998  7011 I art     : Explicit concurrent mark sweep GC freed 3(96B) AllocSpace objects, 0(0B) LOS objects, 34% free, 30MB/46MB, paused 431us total 14.450ms
08-06 12:54:41.893  6998  7011 I art     : Starting a blocking GC Explicit
08-06 12:54:41.908  6998  7011 I art     : Explicit concurrent mark sweep GC freed 3(96B) AllocSpace objects, 0(0B) LOS objects, 34% free, 30MB/46MB, paused 344us total 14.701ms
08-06 12:54:42.216  6998 21988 I art     : Starting a blocking GC Explicit
08-06 12:54:42.237  6998 21988 I art     : Explicit concurrent mark sweep GC freed 1386(80KB) AllocSpace objects, 1(20KB) LOS objects, 34% free, 30MB/46MB, paused 409us total 20.155ms
08-06 12:54:42.247  6998 21988 I art     : Starting a blocking GC Explicit
08-06 12:54:42.261  6998 21988 I art     : Explicit concurrent mark sweep GC freed 20(704B) AllocSpace objects, 0(0B) LOS objects, 34% free, 30MB/46MB, paused 330us total 14.694ms
08-06 12:54:42.268  6998 21988 I art     : Starting a blocking GC Explicit
08-06 12:54:42.283  6998 21988 I art     : Explicit concurrent mark sweep GC freed 3(96B) AllocSpace objects, 0(0B) LOS objects, 34% free, 30MB/46MB, paused 323us total 14.659ms
08-06 12:54:42.289  6998 21988 I art     : Starting a blocking GC Explicit
08-06 12:54:42.304  6998 21988 I art     : Explicit concurrent mark sweep GC freed 3(96B) AllocSpace objects, 0(0B) LOS objects, 34% free, 30MB/46MB, paused 318us total 14.641ms
08-06 12:54:42.310  6998 21988 I art     : Starting a blocking GC Explicit
08-06 12:54:42.325  6998 21988 I art     : Explicit concurrent mark sweep GC freed 3(96B) AllocSpace objects, 0(0B) LOS objects, 34% free, 30MB/46MB, paused 325us total 14.612ms
08-06 12:54:42.615  6998 21780 I art     : Starting a blocking GC Explicit
08-06 12:54:42.633  6998 21780 I art     : Explicit concurrent mark sweep GC freed 1386(80KB) AllocSpace objects, 1(20KB) LOS objects, 34% free, 30MB/46MB, paused 377us total 17.797ms
08-06 12:54:42.644  6998 21780 I art     : Starting a blocking GC Explicit
08-06 12:54:42.659  6998 21780 I art     : Explicit concurrent mark sweep GC freed 20(704B) AllocSpace objects, 0(0B) LOS objects, 34% free, 30MB/46MB, paused 336us total 14.696ms
08-06 12:54:42.665  6998 21780 I art     : Starting a blocking GC Explicit
08-06 12:54:42.680  6998 21780 I art     : Explicit concurrent mark sweep GC freed 3(96B) AllocSpace objects, 0(0B) LOS objects, 34% free, 30MB/46MB, paused 333us total 14.433ms
08-06 12:54:42.686  6998 21780 I art     : Starting a blocking GC Explicit
08-06 12:54:42.701  6998 21780 I art     : Explicit concurrent mark sweep GC freed 3(96B) AllocSpace objects, 0(0B) LOS objects, 34% free, 30MB/46MB, paused 338us total 14.699ms
08-06 12:54:42.707  6998 21780 I art     : Starting a blocking GC Explicit
08-06 12:54:42.722  6998 21780 I art     : Explicit concurrent mark sweep GC freed 3(96B) AllocSpace objects, 0(0B) LOS objects, 34% free, 30MB/46MB, paused 336us total 14.594ms
08-06 12:54:42.982  6998  7009 I art     : Starting a blocking GC Explicit
08-06 12:54:42.998  6998  7009 I art     : Explicit concurrent mark sweep GC freed 1386(80KB) AllocSpace objects, 1(20KB) LOS objects, 34% free, 30MB/46MB, paused 362us total 16.212ms
08-06 12:54:43.005  6998  7009 I art     : Starting a blocking GC Explicit
08-06 12:54:43.021  6998  7009 I art     : Explicit concurrent mark sweep GC freed 20(704B) AllocSpace objects, 0(0B) LOS objects, 34% free, 30MB/46MB, paused 359us total 15.874ms
08-06 12:54:43.027  6998  7009 I art     : Starting a blocking GC Explicit
08-06 12:54:43.042  6998  7009 I art     : Explicit concurrent mark sweep GC freed 3(96B) AllocSpace objects, 0(0B) LOS objects, 34% free, 30MB/46MB, paused 379us total 14.815ms
08-06 12:54:43.049  6998  7009 I art     : Starting a blocking GC Explicit
08-06 12:54:43.064  6998  7009 I art     : Explicit concurrent mark sweep GC freed 3(96B) AllocSpace objects, 0(0B) LOS objects, 34% free, 30MB/46MB, paused 495us total 14.948ms
08-06 12:54:43.070  6998  7009 I art     : Starting a blocking GC Explicit
08-06 12:54:43.085  6998  7009 I art     : Explicit concurrent mark sweep GC freed 3(96B) AllocSpace objects, 0(0B) LOS objects, 34% free, 30MB/46MB, paused 321us total 14.405ms
08-06 12:54:43.219 22249 22249 D AndroidRuntime: >>>>>> START com.android.internal.os.RuntimeInit uid 2000 <<<<<<
08-06 12:54:43.223 22249 22249 D AndroidRuntime: CheckJNI is OFF
08-06 12:54:43.249 22249 22249 D ICU     : No timezone override file found: /data/misc/zoneinfo/current/icu/icu_tzdata.dat
08-06 12:54:43.275 22249 22249 I Radio-JNI: register_android_hardware_Radio DONE
08-06 12:54:43.291 22249 22249 D AndroidRuntime: Calling main entry com.android.commands.input.Input
08-06 12:54:43.292 22249 22249 I Input   : injectMotionEvent: MotionEvent { action=ACTION_DOWN, actionButton=0, id[0]=0, x[0]=436.0, y[0]=453.0, toolType[0]=TOOL_TYPE_UNKNOWN, buttonState=0, metaState=0, flags=0x0, edgeFlags=0x0, pointerCount=1, historySize=0, eventTime=881699705, downTime=881699705, deviceId=0, source=0x1002 }
08-06 12:54:43.298 22249 22249 I Input   : injectMotionEvent: MotionEvent { action=ACTION_UP, actionButton=0, id[0]=0, x[0]=436.0, y[0]=453.0, toolType[0]=TOOL_TYPE_UNKNOWN, buttonState=0, metaState=0, flags=0x0, edgeFlags=0x0, pointerCount=1, historySize=0, eventTime=881699705, downTime=881699705, deviceId=0, source=0x1002 }
08-06 12:54:43.301 22249 22249 D AndroidRuntime: Shutting down VM
08-06 12:54:43.308   918  3961 I ActivityManager: START u0 {cmp=baseline.com.newsblur/.activity.GlobalSharedStoriesReading (has extras)} from uid 10698 on display 0
08-06 12:54:43.309   512  2967 D audio_hw_primary: out_set_parameters: enter: usecase(1: low-latency-playback) kvpairs: routing=2
08-06 12:54:43.322   512  2967 D audio_hw_primary: select_devices: out_snd_device(2: speaker) in_snd_device(0: none)
08-06 12:54:43.323   512  2967 D msm8974_platform: platform_send_audio_calibration: sending audio calibration for snd_device(2) acdb_id(15)
08-06 12:54:43.323   512  2967 I soundtrigger: audio_extn_sound_trigger_update_device_status: device 0x2 of type 0 for Event 1
08-06 12:54:43.334   512  2967 D audio_hw_primary: enable_snd_device: snd_device(2: speaker)
08-06 12:54:43.336   512  2967 D audio_hw_primary: enable_audio_route: apply and update mixer path: low-latency-playback speaker
08-06 12:54:43.373  6998  7011 I art     : Starting a blocking GC Explicit
08-06 12:54:43.389  6998  7011 I art     : Explicit concurrent mark sweep GC freed 2894(261KB) AllocSpace objects, 5(528KB) LOS objects, 33% free, 32MB/48MB, paused 380us total 15.266ms
08-06 12:54:43.394  6998  7011 I art     : Starting a blocking GC Explicit
08-06 12:54:43.409  6998  7011 I art     : Explicit concurrent mark sweep GC freed 422(19KB) AllocSpace objects, 0(0B) LOS objects, 33% free, 32MB/48MB, paused 370us total 14.456ms
08-06 12:54:43.415  6998  7011 I art     : Starting a blocking GC Explicit
08-06 12:54:43.430  6998  7011 I art     : Explicit concurrent mark sweep GC freed 158(26KB) AllocSpace objects, 1(20KB) LOS objects, 33% free, 32MB/48MB, paused 397us total 14.963ms
08-06 12:54:43.436  6998  7011 I art     : Starting a blocking GC Explicit
08-06 12:54:43.450  6998  7011 I art     : Explicit concurrent mark sweep GC freed 29(1056B) AllocSpace objects, 0(0B) LOS objects, 33% free, 32MB/48MB, paused 359us total 13.813ms
08-06 12:54:43.456  6998  7011 I art     : Starting a blocking GC Explicit
08-06 12:54:43.472  6998  7011 I art     : Explicit concurrent mark sweep GC freed 246(35KB) AllocSpace objects, 1(20KB) LOS objects, 32% free, 33MB/49MB, paused 647us total 15.390ms
08-06 12:54:43.501   918   936 I ActivityManager: Displayed baseline.com.newsblur/.activity.GlobalSharedStoriesReading: +183ms
08-06 12:54:43.502 13866 13866 I GoogleInputMethodServic: GoogleInputMethodService.onFinishInput():3138 
08-06 12:54:43.503 13866 13866 I GoogleInputMethodServic: GoogleInputMethodService.onStartInput():1808 
08-06 12:54:43.513  6998  6998 I WebViewFactory: Loading com.google.android.webview version 84.0.4147.89 (code 414708953)
08-06 12:54:43.574  6998  6998 I cr_LibraryLoader: Loaded native library version number "84.0.4147.89"
08-06 12:54:43.575  6998  6998 I cr_CachingUmaRecorder: Flushed 5 samples from 5 histograms.
08-06 12:54:43.602  6998  6998 E chromium: [ERROR:filesystem_posix.cc(62)] mkdir /data/user/0/baseline.com.newsblur/cache/WebView/Crashpad: No such file or directory (2)
08-06 12:54:43.717  6998  7011 I art     : Starting a blocking GC Explicit
08-06 12:54:43.724   918  6029 D ConnectivityService: listenForNetwork for Listen from uid/pid:10698/6998 for NetworkRequest [ id=3985, legacyType=-1, [ Capabilities: INTERNET&NOT_RESTRICTED&TRUSTED] ]
08-06 12:54:43.740  6998  7011 I art     : Explicit concurrent mark sweep GC freed 8217(818KB) AllocSpace objects, 4(80KB) LOS objects, 31% free, 35MB/51MB, paused 708us total 22.213ms
08-06 12:54:43.748  6998  7011 I art     : Starting a blocking GC Explicit
08-06 12:54:43.767  6998  7011 I art     : Explicit concurrent mark sweep GC freed 1316(123KB) AllocSpace objects, 1(20KB) LOS objects, 30% free, 35MB/51MB, paused 1.078ms total 18.967ms
08-06 12:54:43.774  6998  7011 I art     : Starting a blocking GC Explicit
08-06 12:54:43.794  6998  7011 I art     : Explicit concurrent mark sweep GC freed 1241(81KB) AllocSpace objects, 1(20KB) LOS objects, 30% free, 36MB/52MB, paused 986us total 20.208ms
08-06 12:54:43.801  6998  7011 I art     : Starting a blocking GC Explicit
08-06 12:54:43.821  6998  7011 I art     : Explicit concurrent mark sweep GC freed 897(45KB) AllocSpace objects, 0(0B) LOS objects, 30% free, 36MB/52MB, paused 1.015ms total 20.299ms
08-06 12:54:43.831  6998  7011 I art     : Starting a blocking GC Explicit
08-06 12:54:43.840  6998 22312 W cr_media: Requires BLUETOOTH permission
08-06 12:54:43.853  6998 22327 E libEGL  : validate_display:255 error 3008 (EGL_BAD_DISPLAY)
08-06 12:54:43.861  6998  7011 I art     : Explicit concurrent mark sweep GC freed 5518(307KB) AllocSpace objects, 7(168KB) LOS objects, 30% free, 36MB/52MB, paused 907us total 28.981ms
08-06 12:54:43.879   512  2967 D audio_hw_primary: disable_audio_route: reset and update mixer path: low-latency-playback speaker
08-06 12:54:43.880   512  2967 D audio_hw_primary: disable_snd_device: snd_device(2: speaker)
08-06 12:54:43.888   512  2967 I soundtrigger: audio_extn_sound_trigger_update_device_status: device 0x2 of type 0 for Event 0
08-06 12:54:44.128  6998 21780 I art     : Starting a blocking GC Explicit
08-06 12:54:44.136 21246 21246 I ServiceManager: Waiting for service AtCmdFwd...
08-06 12:54:44.150  6998 21780 I art     : Explicit concurrent mark sweep GC freed 17099(972KB) AllocSpace objects, 12(264KB) LOS objects, 30% free, 36MB/52MB, paused 764us total 21.679ms
08-06 12:54:44.156  6998 21780 I art     : Starting a blocking GC Explicit
08-06 12:54:44.177  6998 21780 I art     : Explicit concurrent mark sweep GC freed 3007(136KB) AllocSpace objects, 1(28KB) LOS objects, 30% free, 36MB/52MB, paused 756us total 20.079ms
08-06 12:54:44.183  6998 21780 I art     : Starting a blocking GC Explicit
08-06 12:54:44.201  6998 21780 I art     : Explicit concurrent mark sweep GC freed 173(5KB) AllocSpace objects, 0(0B) LOS objects, 30% free, 36MB/52MB, paused 619us total 18.084ms
08-06 12:54:44.209  6998 21780 I art     : Starting a blocking GC Explicit
08-06 12:54:44.228  6998 21780 I art     : Explicit concurrent mark sweep GC freed 217(11KB) AllocSpace objects, 0(0B) LOS objects, 30% free, 36MB/52MB, paused 594us total 18.814ms
08-06 12:54:44.234  6998 21780 I art     : Starting a blocking GC Explicit
08-06 12:54:44.255  6998 21780 I art     : Explicit concurrent mark sweep GC freed 106(16KB) AllocSpace objects, 0(0B) LOS objects, 30% free, 36MB/52MB, paused 636us total 20.483ms
08-06 12:54:44.384  6998 22340 E baseline.com.newsblur.network.APIResponse: Error (unexpected end of stream on https://www.newsblur.com/...) calling https://www.newsblur.com/reader/mark_story_hashes_as_read/
08-06 12:54:44.384  6998 22340 E baseline.com.newsblur.network.APIResponse: java.io.IOException: unexpected end of stream on https://www.newsblur.com/...
08-06 12:54:44.384  6998 22340 E baseline.com.newsblur.network.APIResponse: 	at okhttp3.internal.http1.Http1ExchangeCodec.readResponseHeaders(Http1ExchangeCodec.java:236)
08-06 12:54:44.384  6998 22340 E baseline.com.newsblur.network.APIResponse: 	at okhttp3.internal.connection.Exchange.readResponseHeaders(Exchange.java:115)
08-06 12:54:44.384  6998 22340 E baseline.com.newsblur.network.APIResponse: 	at okhttp3.internal.http.CallServerInterceptor.intercept(CallServerInterceptor.java:94)
08-06 12:54:44.384  6998 22340 E baseline.com.newsblur.network.APIResponse: 	at okhttp3.internal.http.RealInterceptorChain.proceed(RealInterceptorChain.java:142)
08-06 12:54:44.384  6998 22340 E baseline.com.newsblur.network.APIResponse: 	at okhttp3.internal.connection.ConnectInterceptor.intercept(ConnectInterceptor.java:43)
08-06 12:54:44.384  6998 22340 E baseline.com.newsblur.network.APIResponse: 	at okhttp3.internal.http.RealInterceptorChain.proceed(RealInterceptorChain.java:142)
08-06 12:54:44.384  6998 22340 E baseline.com.newsblur.network.APIResponse: 	at okhttp3.internal.http.RealInterceptorChain.proceed(RealInterceptorChain.java:117)
08-06 12:54:44.384  6998 22340 E baseline.com.newsblur.network.APIResponse: 	at okhttp3.internal.cache.CacheInterceptor.intercept(CacheInterceptor.java:94)
08-06 12:54:44.384  6998 22340 E baseline.com.newsblur.network.APIResponse: 	at okhttp3.internal.http.RealInterceptorChain.proceed(RealInterceptorChain.java:142)
08-06 12:54:44.384  6998 22340 E baseline.com.newsblur.network.APIResponse: 	at okhttp3.internal.http.RealInterceptorChain.proceed(RealInterceptorChain.java:117)
08-06 12:54:44.384  6998 22340 E baseline.com.newsblur.network.APIResponse: 	at okhttp3.internal.http.BridgeInterceptor.intercept(BridgeInterceptor.java:93)
08-06 12:54:44.384  6998 22340 E baseline.com.newsblur.network.APIResponse: 	at okhttp3.internal.http.RealInterceptorChain.proceed(RealInterceptorChain.java:142)
08-06 12:54:44.384  6998 22340 E baseline.com.newsblur.network.APIResponse: 	at okhttp3.internal.http.RetryAndFollowUpInterceptor.intercept(RetryAndFollowUpInterceptor.java:88)
08-06 12:54:44.384  6998 22340 E baseline.com.newsblur.network.APIResponse: 	at okhttp3.internal.http.RealInterceptorChain.proceed(RealInterceptorChain.java:142)
08-06 12:54:44.384  6998 22340 E baseline.com.newsblur.network.APIResponse: 	at okhttp3.internal.http.RealInterceptorChain.proceed(RealInterceptorChain.java:117)
08-06 12:54:44.384  6998 22340 E baseline.com.newsblur.network.APIResponse: 	at okhttp3.RealCall.getResponseWithInterceptorChain(RealCall.java:229)
08-06 12:54:44.384  6998 22340 E baseline.com.newsblur.network.APIResponse: 	at okhttp3.RealCall.execute(RealCall.java:81)
08-06 12:54:44.384  6998 22340 E baseline.com.newsblur.network.APIResponse: 	at baseline.com.newsblur.network.APIResponse.<init>(APIResponse.java:57)
08-06 12:54:44.384  6998 22340 E baseline.com.newsblur.network.APIResponse: 	at baseline.com.newsblur.network.APIResponse.<init>(APIResponse.java:43)
08-06 12:54:44.384  6998 22340 E baseline.com.newsblur.network.APIResponse: 	at baseline.com.newsblur.network.APIManager.post_single(APIManager.java:702)
08-06 12:54:44.384  6998 22340 E baseline.com.newsblur.network.APIResponse: 	at baseline.com.newsblur.network.APIManager.post(APIManager.java:675)
08-06 12:54:44.384  6998 22340 E baseline.com.newsblur.network.APIResponse: 	at baseline.com.newsblur.network.APIManager.post(APIManager.java:714)
08-06 12:54:44.384  6998 22340 E baseline.com.newsblur.network.APIResponse: 	at baseline.com.newsblur.network.APIManager.markStoryAsRead(APIManager.java:205)
08-06 12:54:44.384  6998 22340 E baseline.com.newsblur.network.APIResponse: 	at baseline.com.newsblur.util.ReadingAction.doRemote(ReadingAction.java:281)
08-06 12:54:44.384  6998 22340 E baseline.com.newsblur.network.APIResponse: 	at baseline.com.newsblur.service.NBSyncService.syncActions(NBSyncService.java:400)
08-06 12:54:44.384  6998 22340 E baseline.com.newsblur.network.APIResponse: 	at baseline.com.newsblur.service.NBSyncService.doSync(NBSyncService.java:298)
08-06 12:54:44.384  6998 22340 E baseline.com.newsblur.network.APIResponse: 	at baseline.com.newsblur.service.NBSyncService.access$100(NBSyncService.java:67)
08-06 12:54:44.384  6998 22340 E baseline.com.newsblur.network.APIResponse: 	at baseline.com.newsblur.service.NBSyncService$1.run(NBSyncService.java:188)
08-06 12:54:44.384  6998 22340 E baseline.com.newsblur.network.APIResponse: 	at java.util.concurrent.ThreadPoolExecutor.runWorker(ThreadPoolExecutor.java:1113)
08-06 12:54:44.384  6998 22340 E baseline.com.newsblur.network.APIResponse: 	at java.util.concurrent.ThreadPoolExecutor$Worker.run(ThreadPoolExecutor.java:588)
08-06 12:54:44.384  6998 22340 E baseline.com.newsblur.network.APIResponse: 	at java.lang.Thread.run(Thread.java:818)
08-06 12:54:44.384  6998 22340 E baseline.com.newsblur.network.APIResponse: Caused by: java.io.EOFException: \n not found: limit=0 content=
08-06 12:54:44.384  6998 22340 E baseline.com.newsblur.network.APIResponse: 	at okio.RealBufferedSource.readUtf8LineStrict(RealBufferedSource.java:240)
08-06 12:54:44.384  6998 22340 E baseline.com.newsblur.network.APIResponse: 	at okhttp3.internal.http1.Http1ExchangeCodec.readHeaderLine(Http1ExchangeCodec.java:242)
08-06 12:54:44.384  6998 22340 E baseline.com.newsblur.network.APIResponse: 	at okhttp3.internal.http1.Http1ExchangeCodec.readResponseHeaders(Http1ExchangeCodec.java:213)
08-06 12:54:44.384  6998 22340 E baseline.com.newsblur.network.APIResponse: 	... 30 more
08-06 12:54:44.385  6998 22340 I baseline.com.newsblur.network.APIManager: API call failed, pausing before retry number 1
08-06 12:54:44.550  6998  7011 I art     : Starting a blocking GC Explicit
08-06 12:54:44.579  6998  7011 I art     : Explicit concurrent mark sweep GC freed 4680(417KB) AllocSpace objects, 6(260KB) LOS objects, 30% free, 36MB/52MB, paused 729us total 28.385ms
08-06 12:54:44.587  6998  7011 I art     : Starting a blocking GC Explicit
08-06 12:54:44.612  6998  7011 I art     : Explicit concurrent mark sweep GC freed 993(118KB) AllocSpace objects, 0(0B) LOS objects, 30% free, 36MB/52MB, paused 999us total 24.966ms
08-06 12:54:44.620  6998  7011 I art     : Starting a blocking GC Explicit
08-06 12:54:44.642  6998  7011 I art     : Explicit concurrent mark sweep GC freed 3(96B) AllocSpace objects, 0(0B) LOS objects, 30% free, 36MB/52MB, paused 556us total 21.737ms
08-06 12:54:44.649  6998  7011 I art     : Starting a blocking GC Explicit
08-06 12:54:44.671  6998  7011 I art     : Explicit concurrent mark sweep GC freed 3(96B) AllocSpace objects, 0(0B) LOS objects, 30% free, 36MB/52MB, paused 605us total 20.897ms
08-06 12:54:44.678  6998  7011 I art     : Starting a blocking GC Explicit
08-06 12:54:44.699  6998  7011 I art     : Explicit concurrent mark sweep GC freed 3(96B) AllocSpace objects, 0(0B) LOS objects, 30% free, 36MB/52MB, paused 614us total 21.430ms
08-06 12:54:44.731   518   646 I ThermalEngine: ACTION: GPU - Setting GPU[0] to 510000000
08-06 12:54:45.041  6998 21780 I art     : Starting a blocking GC Explicit
08-06 12:54:45.074  6998 21780 I art     : Explicit concurrent mark sweep GC freed 1460(83KB) AllocSpace objects, 1(20KB) LOS objects, 30% free, 36MB/52MB, paused 1.084ms total 32.546ms
08-06 12:54:45.085  6998 21780 I art     : Starting a blocking GC Explicit
08-06 12:54:45.118  6998 21780 I art     : Explicit concurrent mark sweep GC freed 33(1136B) AllocSpace objects, 0(0B) LOS objects, 30% free, 36MB/52MB, paused 969us total 31.931ms
08-06 12:54:45.129  6998 21780 I art     : Starting a blocking GC Explicit
08-06 12:54:45.136 21246 21246 I ServiceManager: Waiting for service AtCmdFwd...
08-06 12:54:45.162  6998 21780 I art     : Explicit concurrent mark sweep GC freed 14(448B) AllocSpace objects, 0(0B) LOS objects, 30% free, 36MB/52MB, paused 1.197ms total 32.034ms
08-06 12:54:45.172  6998 21780 I art     : Starting a blocking GC Explicit
08-06 12:54:45.203  6998 21780 I art     : Explicit concurrent mark sweep GC freed 13(416B) AllocSpace objects, 0(0B) LOS objects, 30% free, 36MB/52MB, paused 876us total 30.745ms
08-06 12:54:45.215  6998 21780 I art     : Starting a blocking GC Explicit
08-06 12:54:45.243  6998 21780 I art     : Explicit concurrent mark sweep GC freed 11(352B) AllocSpace objects, 0(0B) LOS objects, 30% free, 36MB/52MB, paused 928us total 27.640ms
08-06 12:54:45.580  6998 21988 I art     : Starting a blocking GC Explicit
08-06 12:54:45.613  6998 21988 I art     : Explicit concurrent mark sweep GC freed 1440(83KB) AllocSpace objects, 1(20KB) LOS objects, 30% free, 36MB/52MB, paused 785us total 32.770ms
08-06 12:54:45.624  6998 21988 I art     : Starting a blocking GC Explicit
08-06 12:54:45.651  6998 21988 I art     : Explicit concurrent mark sweep GC freed 22(784B) AllocSpace objects, 0(0B) LOS objects, 30% free, 36MB/52MB, paused 875us total 27.388ms
08-06 12:54:45.661  6998 21988 I art     : Starting a blocking GC Explicit
08-06 12:54:45.689  6998 21988 I art     : Explicit concurrent mark sweep GC freed 3(96B) AllocSpace objects, 0(0B) LOS objects, 30% free, 36MB/52MB, paused 874us total 27.343ms
08-06 12:54:45.698  6998 21988 I art     : Starting a blocking GC Explicit
08-06 12:54:45.726  6998 21988 I art     : Explicit concurrent mark sweep GC freed 3(96B) AllocSpace objects, 0(0B) LOS objects, 30% free, 36MB/52MB, paused 810us total 27.428ms
08-06 12:54:45.732   518   646 I ThermalEngine: ACTION: GPU - Setting GPU[0] to 450000000
08-06 12:54:45.736  6998 21988 I art     : Starting a blocking GC Explicit
08-06 12:54:45.770  6998 21988 I art     : Explicit concurrent mark sweep GC freed 3(96B) AllocSpace objects, 0(0B) LOS objects, 30% free, 36MB/52MB, paused 1.124ms total 33.770ms
08-06 12:54:46.112  6998  7011 I art     : Starting a blocking GC Explicit
08-06 12:54:46.137 21246 21246 I ServiceManager: Waiting for service AtCmdFwd...
08-06 12:54:46.152  6998  7011 I art     : Explicit concurrent mark sweep GC freed 1606(91KB) AllocSpace objects, 1(20KB) LOS objects, 30% free, 36MB/52MB, paused 1.168ms total 39.178ms
08-06 12:54:46.166  6998  7011 I art     : Starting a blocking GC Explicit
08-06 12:54:46.200  6998  7011 I art     : Explicit concurrent mark sweep GC freed 28(1040B) AllocSpace objects, 0(0B) LOS objects, 30% free, 36MB/52MB, paused 1.153ms total 33.614ms
08-06 12:54:46.212  6998  7011 I art     : Starting a blocking GC Explicit
08-06 12:54:46.246  6998  7011 I art     : Explicit concurrent mark sweep GC freed 3(96B) AllocSpace objects, 0(0B) LOS objects, 30% free, 36MB/52MB, paused 1.104ms total 33.961ms
08-06 12:54:46.259  6998  7011 I art     : Starting a blocking GC Explicit
08-06 12:54:46.294  6998  7011 I art     : Explicit concurrent mark sweep GC freed 3(96B) AllocSpace objects, 0(0B) LOS objects, 30% free, 36MB/52MB, paused 1.122ms total 35.088ms
08-06 12:54:46.306  6998  7011 I art     : Starting a blocking GC Explicit
08-06 12:54:46.341  6998  7011 I art     : Explicit concurrent mark sweep GC freed 3(96B) AllocSpace objects, 0(0B) LOS objects, 30% free, 36MB/52MB, paused 1.290ms total 35.050ms
08-06 12:54:46.403  6998 22340 E baseline.com.newsblur.network.APIResponse: Error (unexpected end of stream on https://www.newsblur.com/...) calling https://www.newsblur.com/reader/mark_story_hashes_as_read/
08-06 12:54:46.403  6998 22340 E baseline.com.newsblur.network.APIResponse: java.io.IOException: unexpected end of stream on https://www.newsblur.com/...
08-06 12:54:46.403  6998 22340 E baseline.com.newsblur.network.APIResponse: 	at okhttp3.internal.http1.Http1ExchangeCodec.readResponseHeaders(Http1ExchangeCodec.java:236)
08-06 12:54:46.403  6998 22340 E baseline.com.newsblur.network.APIResponse: 	at okhttp3.internal.connection.Exchange.readResponseHeaders(Exchange.java:115)
08-06 12:54:46.403  6998 22340 E baseline.com.newsblur.network.APIResponse: 	at okhttp3.internal.http.CallServerInterceptor.intercept(CallServerInterceptor.java:94)
08-06 12:54:46.403  6998 22340 E baseline.com.newsblur.network.APIResponse: 	at okhttp3.internal.http.RealInterceptorChain.proceed(RealInterceptorChain.java:142)
08-06 12:54:46.403  6998 22340 E baseline.com.newsblur.network.APIResponse: 	at okhttp3.internal.connection.ConnectInterceptor.intercept(ConnectInterceptor.java:43)
08-06 12:54:46.403  6998 22340 E baseline.com.newsblur.network.APIResponse: 	at okhttp3.internal.http.RealInterceptorChain.proceed(RealInterceptorChain.java:142)
08-06 12:54:46.403  6998 22340 E baseline.com.newsblur.network.APIResponse: 	at okhttp3.internal.http.RealInterceptorChain.proceed(RealInterceptorChain.java:117)
08-06 12:54:46.403  6998 22340 E baseline.com.newsblur.network.APIResponse: 	at okhttp3.internal.cache.CacheInterceptor.intercept(CacheInterceptor.java:94)
08-06 12:54:46.403  6998 22340 E baseline.com.newsblur.network.APIResponse: 	at okhttp3.internal.http.RealInterceptorChain.proceed(RealInterceptorChain.java:142)
08-06 12:54:46.403  6998 22340 E baseline.com.newsblur.network.APIResponse: 	at okhttp3.internal.http.RealInterceptorChain.proceed(RealInterceptorChain.java:117)
08-06 12:54:46.403  6998 22340 E baseline.com.newsblur.network.APIResponse: 	at okhttp3.internal.http.BridgeInterceptor.intercept(BridgeInterceptor.java:93)
08-06 12:54:46.403  6998 22340 E baseline.com.newsblur.network.APIResponse: 	at okhttp3.internal.http.RealInterceptorChain.proceed(RealInterceptorChain.java:142)
08-06 12:54:46.403  6998 22340 E baseline.com.newsblur.network.APIResponse: 	at okhttp3.internal.http.RetryAndFollowUpInterceptor.intercept(RetryAndFollowUpInterceptor.java:88)
08-06 12:54:46.403  6998 22340 E baseline.com.newsblur.network.APIResponse: 	at okhttp3.internal.http.RealInterceptorChain.proceed(RealInterceptorChain.java:142)
08-06 12:54:46.403  6998 22340 E baseline.com.newsblur.network.APIResponse: 	at okhttp3.internal.http.RealInterceptorChain.proceed(RealInterceptorChain.java:117)
08-06 12:54:46.403  6998 22340 E baseline.com.newsblur.network.APIResponse: 	at okhttp3.RealCall.getResponseWithInterceptorChain(RealCall.java:229)
08-06 12:54:46.403  6998 22340 E baseline.com.newsblur.network.APIResponse: 	at okhttp3.RealCall.execute(RealCall.java:81)
08-06 12:54:46.403  6998 22340 E baseline.com.newsblur.network.APIResponse: 	at baseline.com.newsblur.network.APIResponse.<init>(APIResponse.java:57)
08-06 12:54:46.403  6998 22340 E baseline.com.newsblur.network.APIResponse: 	at baseline.com.newsblur.network.APIResponse.<init>(APIResponse.java:43)
08-06 12:54:46.403  6998 22340 E baseline.com.newsblur.network.APIResponse: 	at baseline.com.newsblur.network.APIManager.post_single(APIManager.java:702)
08-06 12:54:46.403  6998 22340 E baseline.com.newsblur.network.APIResponse: 	at baseline.com.newsblur.network.APIManager.post(APIManager.java:675)
08-06 12:54:46.403  6998 22340 E baseline.com.newsblur.network.APIResponse: 	at baseline.com.newsblur.network.APIManager.post(APIManager.java:714)
08-06 12:54:46.403  6998 22340 E baseline.com.newsblur.network.APIResponse: 	at baseline.com.newsblur.network.APIManager.markStoryAsRead(APIManager.java:205)
08-06 12:54:46.403  6998 22340 E baseline.com.newsblur.network.APIResponse: 	at baseline.com.newsblur.util.ReadingAction.doRemote(ReadingAction.java:281)
08-06 12:54:46.403  6998 22340 E baseline.com.newsblur.network.APIResponse: 	at baseline.com.newsblur.service.NBSyncService.syncActions(NBSyncService.java:400)
08-06 12:54:46.403  6998 22340 E baseline.com.newsblur.network.APIResponse: 	at baseline.com.newsblur.service.NBSyncService.doSync(NBSyncService.java:298)
08-06 12:54:46.403  6998 22340 E baseline.com.newsblur.network.APIResponse: 	at baseline.com.newsblur.service.NBSyncService.access$100(NBSyncService.java:67)
08-06 12:54:46.403  6998 22340 E baseline.com.newsblur.network.APIResponse: 	at baseline.com.newsblur.service.NBSyncService$1.run(NBSyncService.java:188)
08-06 12:54:46.403  6998 22340 E baseline.com.newsblur.network.APIResponse: 	at java.util.concurrent.ThreadPoolExecutor.runWorker(ThreadPoolExecutor.java:1113)
08-06 12:54:46.403  6998 22340 E baseline.com.newsblur.network.APIResponse: 	at java.util.concurrent.ThreadPoolExecutor$Worker.run(ThreadPoolExecutor.java:588)
08-06 12:54:46.403  6998 22340 E baseline.com.newsblur.network.APIResponse: 	at java.lang.Thread.run(Thread.java:818)
08-06 12:54:46.403  6998 22340 E baseline.com.newsblur.network.APIResponse: Caused by: java.io.EOFException: \n not found: limit=0 content=
08-06 12:54:46.403  6998 22340 E baseline.com.newsblur.network.APIResponse: 	at okio.RealBufferedSource.readUtf8LineStrict(RealBufferedSource.java:240)
08-06 12:54:46.403  6998 22340 E baseline.com.newsblur.network.APIResponse: 	at okhttp3.internal.http1.Http1ExchangeCodec.readHeaderLine(Http1ExchangeCodec.java:242)
08-06 12:54:46.403  6998 22340 E baseline.com.newsblur.network.APIResponse: 	at okhttp3.internal.http1.Http1ExchangeCodec.readResponseHeaders(Http1ExchangeCodec.java:213)
08-06 12:54:46.403  6998 22340 E baseline.com.newsblur.network.APIResponse: 	... 30 more
08-06 12:54:46.404  6998 22340 I baseline.com.newsblur.network.APIManager: API call failed, pausing before retry number 2
08-06 12:54:46.675  6998  7011 I art     : Starting a blocking GC Explicit
08-06 12:54:46.725  6998  7011 I art     : Explicit concurrent mark sweep GC freed 3947(357KB) AllocSpace objects, 3(60KB) LOS objects, 30% free, 36MB/52MB, paused 1.236ms total 48.790ms
08-06 12:54:46.738  6998  7011 I art     : Starting a blocking GC Explicit
08-06 12:54:46.774  6998  7011 I art     : Explicit concurrent mark sweep GC freed 109(3KB) AllocSpace objects, 0(0B) LOS objects, 30% free, 36MB/52MB, paused 1.137ms total 35.336ms
08-06 12:54:46.785  6998  7011 I art     : Starting a blocking GC Explicit
08-06 12:54:46.819  6998  7011 I art     : Explicit concurrent mark sweep GC freed 3(96B) AllocSpace objects, 0(0B) LOS objects, 30% free, 36MB/52MB, paused 1.219ms total 33.461ms
08-06 12:54:46.831  6998  7011 I art     : Starting a blocking GC Explicit
08-06 12:54:46.865  6998  7011 I art     : Explicit concurrent mark sweep GC freed 3(96B) AllocSpace objects, 0(0B) LOS objects, 30% free, 36MB/52MB, paused 1.038ms total 33.541ms
08-06 12:54:46.878  6998  7011 I art     : Starting a blocking GC Explicit
08-06 12:54:46.912  6998  7011 I art     : Explicit concurrent mark sweep GC freed 3(96B) AllocSpace objects, 0(0B) LOS objects, 30% free, 36MB/52MB, paused 1.044ms total 33.668ms
08-06 12:54:47.137 21246 21246 I ServiceManager: Waiting for service AtCmdFwd...
08-06 12:54:47.254  6998  7009 I art     : Starting a blocking GC Explicit
08-06 12:54:47.292  6998  7009 I art     : Explicit concurrent mark sweep GC freed 1440(83KB) AllocSpace objects, 1(20KB) LOS objects, 30% free, 36MB/52MB, paused 1.175ms total 38.257ms
08-06 12:54:47.305  6998  7009 I art     : Starting a blocking GC Explicit
08-06 12:54:47.344  6998  7009 I art     : Explicit concurrent mark sweep GC freed 22(784B) AllocSpace objects, 0(0B) LOS objects, 30% free, 36MB/52MB, paused 1.284ms total 37.750ms
08-06 12:54:47.357  6998  7009 I art     : Starting a blocking GC Explicit
08-06 12:54:47.391  6998  7009 I art     : Explicit concurrent mark sweep GC freed 3(96B) AllocSpace objects, 0(0B) LOS objects, 30% free, 36MB/52MB, paused 1.120ms total 33.611ms
08-06 12:54:47.402  6998  7009 I art     : Starting a blocking GC Explicit
08-06 12:54:47.435  6998  7009 I art     : Explicit concurrent mark sweep GC freed 3(96B) AllocSpace objects, 0(0B) LOS objects, 30% free, 36MB/52MB, paused 1.084ms total 32.070ms
08-06 12:54:47.447  6998  7009 I art     : Starting a blocking GC Explicit
08-06 12:54:47.481  6998  7009 I art     : Explicit concurrent mark sweep GC freed 3(96B) AllocSpace objects, 0(0B) LOS objects, 30% free, 36MB/52MB, paused 1.067ms total 33.340ms
08-06 12:54:47.826  6998 21988 I art     : Starting a blocking GC Explicit
08-06 12:54:47.866  6998 21988 I art     : Explicit concurrent mark sweep GC freed 1439(83KB) AllocSpace objects, 1(20KB) LOS objects, 30% free, 36MB/52MB, paused 1.045ms total 39.487ms
08-06 12:54:47.880  6998 21988 I art     : Starting a blocking GC Explicit
08-06 12:54:47.918  6998 21988 I art     : Explicit concurrent mark sweep GC freed 22(784B) AllocSpace objects, 0(0B) LOS objects, 30% free, 36MB/52MB, paused 1.443ms total 37.963ms
08-06 12:54:47.931  6998 21988 I art     : Starting a blocking GC Explicit
08-06 12:54:47.965  6998 21988 I art     : Explicit concurrent mark sweep GC freed 3(96B) AllocSpace objects, 0(0B) LOS objects, 30% free, 36MB/52MB, paused 1.043ms total 33.390ms
08-06 12:54:47.978  6998 21988 I art     : Starting a blocking GC Explicit
08-06 12:54:48.010  6998 21988 I art     : Explicit concurrent mark sweep GC freed 3(96B) AllocSpace objects, 0(0B) LOS objects, 30% free, 36MB/52MB, paused 1.087ms total 32.110ms
08-06 12:54:48.022  6998 21988 I art     : Starting a blocking GC Explicit
08-06 12:54:48.057  6998 21988 I art     : Explicit concurrent mark sweep GC freed 3(96B) AllocSpace objects, 0(0B) LOS objects, 30% free, 36MB/52MB, paused 1.391ms total 34.643ms
08-06 12:54:48.138 21246 21246 I ServiceManager: Waiting for service AtCmdFwd...
08-06 12:54:48.409  6998 21988 I art     : Starting a blocking GC Explicit
08-06 12:54:48.449  6998 21988 I art     : Explicit concurrent mark sweep GC freed 1438(82KB) AllocSpace objects, 1(20KB) LOS objects, 30% free, 36MB/52MB, paused 1.078ms total 39.139ms
08-06 12:54:48.461  6998 21988 I art     : Starting a blocking GC Explicit
08-06 12:54:48.496  6998 21988 I art     : Explicit concurrent mark sweep GC freed 22(784B) AllocSpace objects, 0(0B) LOS objects, 30% free, 36MB/52MB, paused 1.041ms total 34.918ms
08-06 12:54:48.508  6998 21988 I art     : Starting a blocking GC Explicit
08-06 12:54:48.542  6998 21988 I art     : Explicit concurrent mark sweep GC freed 3(96B) AllocSpace objects, 0(0B) LOS objects, 30% free, 36MB/52MB, paused 1.117ms total 33.654ms
08-06 12:54:48.554  6998 21988 I art     : Starting a blocking GC Explicit
08-06 12:54:48.588  6998 21988 I art     : Explicit concurrent mark sweep GC freed 3(96B) AllocSpace objects, 0(0B) LOS objects, 30% free, 36MB/52MB, paused 1.255ms total 33.712ms
08-06 12:54:48.600  6998 21988 I art     : Starting a blocking GC Explicit
08-06 12:54:48.634  6998 21988 I art     : Explicit concurrent mark sweep GC freed 3(96B) AllocSpace objects, 0(0B) LOS objects, 30% free, 36MB/52MB, paused 1.038ms total 33.438ms
08-06 12:54:48.985  6998  7011 I art     : Starting a blocking GC Explicit
08-06 12:54:49.023  6998  7011 I art     : Explicit concurrent mark sweep GC freed 1438(82KB) AllocSpace objects, 1(20KB) LOS objects, 30% free, 36MB/52MB, paused 1.151ms total 38.015ms
08-06 12:54:49.038  6998  7011 I art     : Starting a blocking GC Explicit
08-06 12:54:49.073  6998  7011 I art     : Explicit concurrent mark sweep GC freed 24(864B) AllocSpace objects, 0(0B) LOS objects, 30% free, 36MB/52MB, paused 1.186ms total 34.592ms
08-06 12:54:49.085  6998  7011 I art     : Starting a blocking GC Explicit
08-06 12:54:49.119  6998  7011 I art     : Explicit concurrent mark sweep GC freed 3(96B) AllocSpace objects, 0(0B) LOS objects, 30% free, 36MB/52MB, paused 1.105ms total 33.841ms
08-06 12:54:49.132  6998  7011 I art     : Starting a blocking GC Explicit
08-06 12:54:49.138 21246 21246 W Atfwd_Sendcmd: AtCmdFwd service not published, waiting... retryCnt : 2
08-06 12:54:49.167  6998  7011 I art     : Explicit concurrent mark sweep GC freed 3(96B) AllocSpace objects, 0(0B) LOS objects, 30% free, 36MB/52MB, paused 1.047ms total 34.301ms
08-06 12:54:49.180  6998  7011 I art     : Starting a blocking GC Explicit
08-06 12:54:49.215  6998  7011 I art     : Explicit concurrent mark sweep GC freed 3(96B) AllocSpace objects, 0(0B) LOS objects, 30% free, 36MB/52MB, paused 1.055ms total 34.831ms
08-06 12:54:49.557  6998  7011 I art     : Starting a blocking GC Explicit
08-06 12:54:49.598  6998  7011 I art     : Explicit concurrent mark sweep GC freed 1604(91KB) AllocSpace objects, 1(20KB) LOS objects, 30% free, 36MB/52MB, paused 1.577ms total 40.257ms
08-06 12:54:49.610  6998  7011 I art     : Starting a blocking GC Explicit
08-06 12:54:49.648  6998  7011 I art     : Explicit concurrent mark sweep GC freed 28(1040B) AllocSpace objects, 0(0B) LOS objects, 30% free, 36MB/52MB, paused 1.142ms total 37.803ms
08-06 12:54:49.660  6998  7011 I art     : Starting a blocking GC Explicit
08-06 12:54:49.694  6998  7011 I art     : Explicit concurrent mark sweep GC freed 3(96B) AllocSpace objects, 0(0B) LOS objects, 30% free, 36MB/52MB, paused 1.187ms total 33.996ms
08-06 12:54:49.706  6998  7011 I art     : Starting a blocking GC Explicit
08-06 12:54:49.745   518   646 I ThermalEngine: ACTION: GPU - Setting GPU[0] to 390000000
08-06 12:54:49.753  6998  7011 I art     : Explicit concurrent mark sweep GC freed 3(96B) AllocSpace objects, 0(0B) LOS objects, 30% free, 36MB/52MB, paused 4.153ms total 46.662ms
08-06 12:54:49.780  6998  7011 I art     : Starting a blocking GC Explicit
08-06 12:54:49.824  6998  7011 I art     : Explicit concurrent mark sweep GC freed 3(96B) AllocSpace objects, 0(0B) LOS objects, 30% free, 36MB/52MB, paused 2.020ms total 44.036ms
08-06 12:54:49.984  6998 22340 E baseline.com.newsblur.network.APIResponse: Error (unexpected end of stream on https://www.newsblur.com/...) calling https://www.newsblur.com/reader/mark_story_hashes_as_read/
08-06 12:54:49.984  6998 22340 E baseline.com.newsblur.network.APIResponse: java.io.IOException: unexpected end of stream on https://www.newsblur.com/...
08-06 12:54:49.984  6998 22340 E baseline.com.newsblur.network.APIResponse: 	at okhttp3.internal.http1.Http1ExchangeCodec.readResponseHeaders(Http1ExchangeCodec.java:236)
08-06 12:54:49.984  6998 22340 E baseline.com.newsblur.network.APIResponse: 	at okhttp3.internal.connection.Exchange.readResponseHeaders(Exchange.java:115)
08-06 12:54:49.984  6998 22340 E baseline.com.newsblur.network.APIResponse: 	at okhttp3.internal.http.CallServerInterceptor.intercept(CallServerInterceptor.java:94)
08-06 12:54:49.984  6998 22340 E baseline.com.newsblur.network.APIResponse: 	at okhttp3.internal.http.RealInterceptorChain.proceed(RealInterceptorChain.java:142)
08-06 12:54:49.984  6998 22340 E baseline.com.newsblur.network.APIResponse: 	at okhttp3.internal.connection.ConnectInterceptor.intercept(ConnectInterceptor.java:43)
08-06 12:54:49.984  6998 22340 E baseline.com.newsblur.network.APIResponse: 	at okhttp3.internal.http.RealInterceptorChain.proceed(RealInterceptorChain.java:142)
08-06 12:54:49.984  6998 22340 E baseline.com.newsblur.network.APIResponse: 	at okhttp3.internal.http.RealInterceptorChain.proceed(RealInterceptorChain.java:117)
08-06 12:54:49.984  6998 22340 E baseline.com.newsblur.network.APIResponse: 	at okhttp3.internal.cache.CacheInterceptor.intercept(CacheInterceptor.java:94)
08-06 12:54:49.984  6998 22340 E baseline.com.newsblur.network.APIResponse: 	at okhttp3.internal.http.RealInterceptorChain.proceed(RealInterceptorChain.java:142)
08-06 12:54:49.984  6998 22340 E baseline.com.newsblur.network.APIResponse: 	at okhttp3.internal.http.RealInterceptorChain.proceed(RealInterceptorChain.java:117)
08-06 12:54:49.984  6998 22340 E baseline.com.newsblur.network.APIResponse: 	at okhttp3.internal.http.BridgeInterceptor.intercept(BridgeInterceptor.java:93)
08-06 12:54:49.984  6998 22340 E baseline.com.newsblur.network.APIResponse: 	at okhttp3.internal.http.RealInterceptorChain.proceed(RealInterceptorChain.java:142)
08-06 12:54:49.984  6998 22340 E baseline.com.newsblur.network.APIResponse: 	at okhttp3.internal.http.RetryAndFollowUpInterceptor.intercept(RetryAndFollowUpInterceptor.java:88)
08-06 12:54:49.984  6998 22340 E baseline.com.newsblur.network.APIResponse: 	at okhttp3.internal.http.RealInterceptorChain.proceed(RealInterceptorChain.java:142)
08-06 12:54:49.984  6998 22340 E baseline.com.newsblur.network.APIResponse: 	at okhttp3.internal.http.RealInterceptorChain.proceed(RealInterceptorChain.java:117)
08-06 12:54:49.984  6998 22340 E baseline.com.newsblur.network.APIResponse: 	at okhttp3.RealCall.getResponseWithInterceptorChain(RealCall.java:229)
08-06 12:54:49.984  6998 22340 E baseline.com.newsblur.network.APIResponse: 	at okhttp3.RealCall.execute(RealCall.java:81)
08-06 12:54:49.984  6998 22340 E baseline.com.newsblur.network.APIResponse: 	at baseline.com.newsblur.network.APIResponse.<init>(APIResponse.java:57)
08-06 12:54:49.984  6998 22340 E baseline.com.newsblur.network.APIResponse: 	at baseline.com.newsblur.network.APIResponse.<init>(APIResponse.java:43)
08-06 12:54:49.984  6998 22340 E baseline.com.newsblur.network.APIResponse: 	at baseline.com.newsblur.network.APIManager.post_single(APIManager.java:702)
08-06 12:54:49.984  6998 22340 E baseline.com.newsblur.network.APIResponse: 	at baseline.com.newsblur.network.APIManager.post(APIManager.java:675)
08-06 12:54:49.984  6998 22340 E baseline.com.newsblur.network.APIResponse: 	at baseline.com.newsblur.network.APIManager.post(APIManager.java:714)
08-06 12:54:49.984  6998 22340 E baseline.com.newsblur.network.APIResponse: 	at baseline.com.newsblur.network.APIManager.markStoryAsRead(APIManager.java:205)
08-06 12:54:49.984  6998 22340 E baseline.com.newsblur.network.APIResponse: 	at baseline.com.newsblur.util.ReadingAction.doRemote(ReadingAction.java:281)
08-06 12:54:49.984  6998 22340 E baseline.com.newsblur.network.APIResponse: 	at baseline.com.newsblur.service.NBSyncService.syncActions(NBSyncService.java:400)
08-06 12:54:49.984  6998 22340 E baseline.com.newsblur.network.APIResponse: 	at baseline.com.newsblur.service.NBSyncService.doSync(NBSyncService.java:298)
08-06 12:54:49.984  6998 22340 E baseline.com.newsblur.network.APIResponse: 	at baseline.com.newsblur.service.NBSyncService.access$100(NBSyncService.java:67)
08-06 12:54:49.984  6998 22340 E baseline.com.newsblur.network.APIResponse: 	at baseline.com.newsblur.service.NBSyncService$1.run(NBSyncService.java:188)
08-06 12:54:49.984  6998 22340 E baseline.com.newsblur.network.APIResponse: 	at java.util.concurrent.ThreadPoolExecutor.runWorker(ThreadPoolExecutor.java:1113)
08-06 12:54:49.984  6998 22340 E baseline.com.newsblur.network.APIResponse: 	at java.util.concurrent.ThreadPoolExecutor$Worker.run(ThreadPoolExecutor.java:588)
08-06 12:54:49.984  6998 22340 E baseline.com.newsblur.network.APIResponse: 	at java.lang.Thread.run(Thread.java:818)
08-06 12:54:49.984  6998 22340 E baseline.com.newsblur.network.APIResponse: Caused by: java.io.EOFException: \n not found: limit=0 content=
08-06 12:54:49.984  6998 22340 E baseline.com.newsblur.network.APIResponse: 	at okio.RealBufferedSource.readUtf8LineStrict(RealBufferedSource.java:240)
08-06 12:54:49.984  6998 22340 E baseline.com.newsblur.network.APIResponse: 	at okhttp3.internal.http1.Http1ExchangeCodec.readHeaderLine(Http1ExchangeCodec.java:242)
08-06 12:54:49.984  6998 22340 E baseline.com.newsblur.network.APIResponse: 	at okhttp3.internal.http1.Http1ExchangeCodec.readResponseHeaders(Http1ExchangeCodec.java:213)
08-06 12:54:49.984  6998 22340 E baseline.com.newsblur.network.APIResponse: 	... 30 more
08-06 12:54:49.987  6998 22340 I baseline.com.newsblur.service.NBSyncService: Holding reading action with server-side or network error.
08-06 12:54:50.016  6998 22340 W baseline.com.newsblur.service.NBSyncService: hard API failure
08-06 12:54:50.194  6998 21780 I art     : Starting a blocking GC Explicit
08-06 12:54:50.239  6998 21780 I art     : Explicit concurrent mark sweep GC freed 4919(564KB) AllocSpace objects, 16(320KB) LOS objects, 30% free, 36MB/52MB, paused 1.566ms total 44.635ms
08-06 12:54:50.258  6998 21780 I art     : Starting a blocking GC Explicit
08-06 12:54:50.299  6998 21780 I art     : Explicit concurrent mark sweep GC freed 607(22KB) AllocSpace objects, 0(0B) LOS objects, 30% free, 36MB/52MB, paused 1.661ms total 40.421ms
08-06 12:54:50.316  6998 21780 I art     : Starting a blocking GC Explicit
08-06 12:54:50.357  6998 21780 I art     : Explicit concurrent mark sweep GC freed 3(96B) AllocSpace objects, 0(0B) LOS objects, 30% free, 36MB/52MB, paused 1.451ms total 40.671ms
08-06 12:54:50.374  6998 21780 I art     : Starting a blocking GC Explicit
08-06 12:54:50.416  6998 21780 I art     : Explicit concurrent mark sweep GC freed 3(96B) AllocSpace objects, 0(0B) LOS objects, 30% free, 36MB/52MB, paused 1.531ms total 41.274ms
08-06 12:54:50.433  6998 21780 I art     : Starting a blocking GC Explicit
08-06 12:54:50.476  6998 21780 I art     : Explicit concurrent mark sweep GC freed 3(96B) AllocSpace objects, 0(0B) LOS objects, 30% free, 36MB/52MB, paused 1.536ms total 42.457ms
08-06 12:54:50.867  6998  7009 I art     : Starting a blocking GC Explicit
08-06 12:54:50.912  6998  7009 I art     : Explicit concurrent mark sweep GC freed 1401(80KB) AllocSpace objects, 1(20KB) LOS objects, 30% free, 36MB/52MB, paused 1.733ms total 44.219ms
08-06 12:54:50.930  6998  7009 I art     : Starting a blocking GC Explicit
08-06 12:54:50.975  6998  7009 I art     : Explicit concurrent mark sweep GC freed 20(704B) AllocSpace objects, 0(0B) LOS objects, 30% free, 36MB/52MB, paused 1.978ms total 44.099ms
08-06 12:54:50.992  6998  7009 I art     : Starting a blocking GC Explicit
08-06 12:54:51.035  6998  7009 I art     : Explicit concurrent mark sweep GC freed 3(96B) AllocSpace objects, 0(0B) LOS objects, 30% free, 36MB/52MB, paused 1.556ms total 42.808ms
08-06 12:54:51.053  6998  7009 I art     : Starting a blocking GC Explicit
08-06 12:54:51.098  6998  7009 I art     : Explicit concurrent mark sweep GC freed 3(96B) AllocSpace objects, 0(0B) LOS objects, 30% free, 36MB/52MB, paused 2.022ms total 44.412ms
08-06 12:54:51.116  6998  7009 I art     : Starting a blocking GC Explicit
08-06 12:54:51.160  6998  7009 I art     : Explicit concurrent mark sweep GC freed 3(96B) AllocSpace objects, 0(0B) LOS objects, 30% free, 36MB/52MB, paused 1.788ms total 43.731ms
08-06 12:54:51.553  6998 21988 I art     : Starting a blocking GC Explicit
08-06 12:54:51.599  6998 21988 I art     : Explicit concurrent mark sweep GC freed 1398(80KB) AllocSpace objects, 1(20KB) LOS objects, 30% free, 36MB/52MB, paused 1.998ms total 45.195ms
08-06 12:54:51.617  6998 21988 I art     : Starting a blocking GC Explicit
08-06 12:54:51.661  6998 21988 I art     : Explicit concurrent mark sweep GC freed 20(704B) AllocSpace objects, 0(0B) LOS objects, 30% free, 36MB/52MB, paused 2.001ms total 43.302ms
08-06 12:54:51.679  6998 21988 I art     : Starting a blocking GC Explicit
08-06 12:54:51.722  6998 21988 I art     : Explicit concurrent mark sweep GC freed 3(96B) AllocSpace objects, 0(0B) LOS objects, 30% free, 36MB/52MB, paused 1.687ms total 41.972ms
08-06 12:54:51.740  6998 21988 I art     : Starting a blocking GC Explicit
08-06 12:54:51.745   518   646 I ThermalEngine: ACTION: GPU - Setting GPU[0] to 450000000
08-06 12:54:51.779  6998 21988 I art     : Explicit concurrent mark sweep GC freed 3(96B) AllocSpace objects, 0(0B) LOS objects, 30% free, 36MB/52MB, paused 1.180ms total 38.783ms
08-06 12:54:51.779  6998  7008 I art     : WaitForGcToComplete blocked for 39.088ms for cause HeapTrim
08-06 12:54:51.791  6998 21988 I art     : Starting a blocking GC Explicit
08-06 12:54:51.826  6998 21988 I art     : Explicit concurrent mark sweep GC freed 3(96B) AllocSpace objects, 0(0B) LOS objects, 30% free, 36MB/52MB, paused 1.102ms total 34.545ms
08-06 12:54:52.178  6998  7011 I art     : Starting a blocking GC Explicit
08-06 12:54:52.216  6998  7011 I art     : Explicit concurrent mark sweep GC freed 1398(80KB) AllocSpace objects, 1(20KB) LOS objects, 30% free, 36MB/52MB, paused 1.150ms total 37.593ms
08-06 12:54:52.228  6998  7011 I art     : Starting a blocking GC Explicit
08-06 12:54:52.264  6998  7011 I art     : Explicit concurrent mark sweep GC freed 20(704B) AllocSpace objects, 0(0B) LOS objects, 30% free, 36MB/52MB, paused 1.078ms total 35.448ms
08-06 12:54:52.276  6998  7011 I art     : Starting a blocking GC Explicit
08-06 12:54:52.313  6998  7011 I art     : Explicit concurrent mark sweep GC freed 3(96B) AllocSpace objects, 0(0B) LOS objects, 30% free, 36MB/52MB, paused 1.099ms total 37.408ms
08-06 12:54:52.326  6998  7011 I art     : Starting a blocking GC Explicit
08-06 12:54:52.364  6998  7011 I art     : Explicit concurrent mark sweep GC freed 3(96B) AllocSpace objects, 0(0B) LOS objects, 30% free, 36MB/52MB, paused 1.208ms total 38.489ms
08-06 12:54:52.377  6998  7011 I art     : Starting a blocking GC Explicit
08-06 12:54:52.412  6998  7011 I art     : Explicit concurrent mark sweep GC freed 3(96B) AllocSpace objects, 0(0B) LOS objects, 30% free, 36MB/52MB, paused 1.080ms total 34.797ms
08-06 12:54:52.757  6998 21780 I art     : Starting a blocking GC Explicit
08-06 12:54:52.794  6998 21780 I art     : Explicit concurrent mark sweep GC freed 1398(80KB) AllocSpace objects, 1(20KB) LOS objects, 30% free, 36MB/52MB, paused 1.130ms total 37.026ms
08-06 12:54:52.806  6998 21780 I art     : Starting a blocking GC Explicit
08-06 12:54:52.843  6998 21780 I art     : Explicit concurrent mark sweep GC freed 20(704B) AllocSpace objects, 0(0B) LOS objects, 30% free, 36MB/52MB, paused 1.145ms total 36.404ms
08-06 12:54:52.855  6998 21780 I art     : Starting a blocking GC Explicit
08-06 12:54:52.890  6998 21780 I art     : Explicit concurrent mark sweep GC freed 3(96B) AllocSpace objects, 0(0B) LOS objects, 30% free, 36MB/52MB, paused 1.065ms total 34.403ms
08-06 12:54:52.902  6998 21780 I art     : Starting a blocking GC Explicit
08-06 12:54:52.938  6998 21780 I art     : Explicit concurrent mark sweep GC freed 3(96B) AllocSpace objects, 0(0B) LOS objects, 30% free, 36MB/52MB, paused 1.178ms total 36.192ms
08-06 12:54:52.950  6998 21780 I art     : Starting a blocking GC Explicit
08-06 12:54:52.987  6998 21780 I art     : Explicit concurrent mark sweep GC freed 3(96B) AllocSpace objects, 0(0B) LOS objects, 30% free, 36MB/52MB, paused 1.134ms total 35.939ms
08-06 12:54:53.341  6998  7009 I art     : Starting a blocking GC Explicit
08-06 12:54:53.381  6998  7009 I art     : Explicit concurrent mark sweep GC freed 1398(80KB) AllocSpace objects, 1(20KB) LOS objects, 30% free, 36MB/52MB, paused 1.069ms total 38.886ms
08-06 12:54:53.397  6998  7009 I art     : Starting a blocking GC Explicit
08-06 12:54:53.433  6998  7009 I art     : Explicit concurrent mark sweep GC freed 20(704B) AllocSpace objects, 0(0B) LOS objects, 30% free, 36MB/52MB, paused 1.142ms total 35.468ms
08-06 12:54:53.445  6998  7009 I art     : Starting a blocking GC Explicit
08-06 12:54:53.480  6998  7009 I art     : Explicit concurrent mark sweep GC freed 3(96B) AllocSpace objects, 0(0B) LOS objects, 30% free, 36MB/52MB, paused 1.063ms total 35.707ms
08-06 12:54:53.493  6998  7009 I art     : Starting a blocking GC Explicit
08-06 12:54:53.530  6998  7009 I art     : Explicit concurrent mark sweep GC freed 3(96B) AllocSpace objects, 0(0B) LOS objects, 30% free, 36MB/52MB, paused 1.064ms total 36.006ms
08-06 12:54:53.542  6998  7009 I art     : Starting a blocking GC Explicit
08-06 12:54:53.579  6998  7009 I art     : Explicit concurrent mark sweep GC freed 3(96B) AllocSpace objects, 0(0B) LOS objects, 30% free, 36MB/52MB, paused 1.082ms total 36.433ms
08-06 12:54:53.940  6998 21988 I art     : Starting a blocking GC Explicit
08-06 12:54:53.976  6998 21988 I art     : Explicit concurrent mark sweep GC freed 1417(81KB) AllocSpace objects, 1(20KB) LOS objects, 30% free, 36MB/52MB, paused 1.140ms total 35.981ms
08-06 12:54:53.991  6998 21988 I art     : Starting a blocking GC Explicit
08-06 12:54:54.026  6998 21988 I art     : Explicit concurrent mark sweep GC freed 26(928B) AllocSpace objects, 0(0B) LOS objects, 30% free, 36MB/52MB, paused 1.132ms total 35.408ms
08-06 12:54:54.039  6998 21988 I art     : Starting a blocking GC Explicit
08-06 12:54:54.076  6998 21988 I art     : Explicit concurrent mark sweep GC freed 3(96B) AllocSpace objects, 0(0B) LOS objects, 30% free, 36MB/52MB, paused 1.124ms total 36.916ms
08-06 12:54:54.088  6998 21988 I art     : Starting a blocking GC Explicit
08-06 12:54:54.125  6998 21988 I art     : Explicit concurrent mark sweep GC freed 3(96B) AllocSpace objects, 0(0B) LOS objects, 30% free, 36MB/52MB, paused 1.099ms total 36.358ms
08-06 12:54:54.137  6998 21988 I art     : Starting a blocking GC Explicit
08-06 12:54:54.174  6998 21988 I art     : Explicit concurrent mark sweep GC freed 3(96B) AllocSpace objects, 0(0B) LOS objects, 30% free, 36MB/52MB, paused 1.112ms total 37.277ms
08-06 12:54:54.525  6998  7011 I art     : Starting a blocking GC Explicit
08-06 12:54:54.564  6998  7011 I art     : Explicit concurrent mark sweep GC freed 1399(80KB) AllocSpace objects, 1(20KB) LOS objects, 30% free, 36MB/52MB, paused 1.147ms total 38.651ms
08-06 12:54:54.579  6998  7011 I art     : Starting a blocking GC Explicit
08-06 12:54:54.615  6998  7011 I art     : Explicit concurrent mark sweep GC freed 20(704B) AllocSpace objects, 0(0B) LOS objects, 30% free, 36MB/52MB, paused 1.080ms total 35.567ms
08-06 12:54:54.626  6998  7011 I art     : Starting a blocking GC Explicit
08-06 12:54:54.663  6998  7011 I art     : Explicit concurrent mark sweep GC freed 3(96B) AllocSpace objects, 0(0B) LOS objects, 30% free, 36MB/52MB, paused 1.119ms total 36.434ms
08-06 12:54:54.676  6998  7011 I art     : Starting a blocking GC Explicit
08-06 12:54:54.712  6998  7011 I art     : Explicit concurrent mark sweep GC freed 3(96B) AllocSpace objects, 0(0B) LOS objects, 30% free, 36MB/52MB, paused 1.100ms total 36.244ms
08-06 12:54:54.724  6998  7011 I art     : Starting a blocking GC Explicit
08-06 12:54:54.752   518   646 I ThermalEngine: ACTION: GPU - Setting GPU[0] to 510000000
08-06 12:54:54.759  6998  7011 I art     : Explicit concurrent mark sweep GC freed 3(96B) AllocSpace objects, 0(0B) LOS objects, 30% free, 36MB/52MB, paused 1.161ms total 34.291ms
08-06 12:54:55.105  6998 21780 I art     : Starting a blocking GC Explicit
08-06 12:54:55.133  6998 21780 I art     : Explicit concurrent mark sweep GC freed 1398(80KB) AllocSpace objects, 1(20KB) LOS objects, 30% free, 36MB/52MB, paused 816us total 28.067ms
08-06 12:54:55.142  6998 21780 I art     : Starting a blocking GC Explicit
08-06 12:54:55.170  6998 21780 I art     : Explicit concurrent mark sweep GC freed 20(704B) AllocSpace objects, 0(0B) LOS objects, 30% free, 36MB/52MB, paused 845us total 27.526ms
08-06 12:54:55.180  6998 21780 I art     : Starting a blocking GC Explicit
08-06 12:54:55.207  6998 21780 I art     : Explicit concurrent mark sweep GC freed 3(96B) AllocSpace objects, 0(0B) LOS objects, 30% free, 36MB/52MB, paused 920us total 27.567ms
08-06 12:54:55.217  6998 21780 I art     : Starting a blocking GC Explicit
08-06 12:54:55.244  6998 21780 I art     : Explicit concurrent mark sweep GC freed 3(96B) AllocSpace objects, 0(0B) LOS objects, 30% free, 36MB/52MB, paused 835us total 27.576ms
08-06 12:54:55.254  6998 21780 I art     : Starting a blocking GC Explicit
08-06 12:54:55.282  6998 21780 I art     : Explicit concurrent mark sweep GC freed 3(96B) AllocSpace objects, 0(0B) LOS objects, 30% free, 36MB/52MB, paused 834us total 27.433ms
08-06 12:54:55.591  6998  7009 I art     : Starting a blocking GC Explicit
08-06 12:54:55.619  6998  7009 I art     : Explicit concurrent mark sweep GC freed 1398(80KB) AllocSpace objects, 1(20KB) LOS objects, 30% free, 36MB/52MB, paused 835us total 27.537ms
08-06 12:54:55.629  6998  7009 I art     : Starting a blocking GC Explicit
08-06 12:54:55.655  6998  7009 I art     : Explicit concurrent mark sweep GC freed 20(704B) AllocSpace objects, 0(0B) LOS objects, 30% free, 36MB/52MB, paused 831us total 26.679ms
08-06 12:54:55.665  6998  7009 I art     : Starting a blocking GC Explicit
08-06 12:54:55.691  6998  7009 I art     : Explicit concurrent mark sweep GC freed 3(96B) AllocSpace objects, 0(0B) LOS objects, 30% free, 36MB/52MB, paused 831us total 26.346ms
08-06 12:54:55.700  6998  7009 I art     : Starting a blocking GC Explicit
08-06 12:54:55.728  6998  7009 I art     : Explicit concurrent mark sweep GC freed 3(96B) AllocSpace objects, 0(0B) LOS objects, 30% free, 36MB/52MB, paused 934us total 27.020ms
08-06 12:54:55.737  6998  7009 I art     : Starting a blocking GC Explicit
08-06 12:54:55.764  6998  7009 I art     : Explicit concurrent mark sweep GC freed 3(96B) AllocSpace objects, 0(0B) LOS objects, 30% free, 36MB/52MB, paused 849us total 27.142ms
08-06 12:54:55.949 22559 22559 D AndroidRuntime: >>>>>> START com.android.internal.os.RuntimeInit uid 2000 <<<<<<
08-06 12:54:55.954 22559 22559 D AndroidRuntime: CheckJNI is OFF
08-06 12:54:55.985 22559 22559 D ICU     : No timezone override file found: /data/misc/zoneinfo/current/icu/icu_tzdata.dat
08-06 12:54:56.019 22559 22559 I Radio-JNI: register_android_hardware_Radio DONE
08-06 12:54:56.041 22559 22559 D AndroidRuntime: Calling main entry com.android.commands.input.Input
08-06 12:54:56.043 22559 22559 I Input   : injectKeyEvent: KeyEvent { action=ACTION_DOWN, keyCode=KEYCODE_BACK, scanCode=0, metaState=0, flags=0x0, repeatCount=0, eventTime=881712456, downTime=881712456, deviceId=-1, source=0x101 }
08-06 12:54:56.049 22559 22559 I Input   : injectKeyEvent: KeyEvent { action=ACTION_UP, keyCode=KEYCODE_BACK, scanCode=0, metaState=0, flags=0x0, repeatCount=0, eventTime=881712456, downTime=881712456, deviceId=-1, source=0x101 }
08-06 12:54:56.055 22559 22559 D AndroidRuntime: Shutting down VM
08-06 12:54:56.072  6998 21988 I art     : Starting a blocking GC Explicit
08-06 12:54:56.096  6998 21988 I art     : Explicit concurrent mark sweep GC freed 1610(119KB) AllocSpace objects, 3(60KB) LOS objects, 30% free, 36MB/52MB, paused 895us total 24.271ms
08-06 12:54:56.105  6998 21988 I art     : Starting a blocking GC Explicit
08-06 12:54:56.129  6998 21988 I art     : Explicit concurrent mark sweep GC freed 53(1952B) AllocSpace objects, 0(0B) LOS objects, 30% free, 36MB/52MB, paused 795us total 23.990ms
08-06 12:54:56.137  6998 21988 I art     : Starting a blocking GC Explicit
08-06 12:54:56.165  6998 21988 I art     : Explicit concurrent mark sweep GC freed 1808(128KB) AllocSpace objects, 3(60KB) LOS objects, 30% free, 36MB/52MB, paused 1.566ms total 27.167ms
08-06 12:54:56.165 13866 13866 I GoogleInputMethodServic: GoogleInputMethodService.onFinishInput():3138 
08-06 12:54:56.166 13866 13866 I GoogleInputMethodServic: GoogleInputMethodService.onStartInput():1808 
08-06 12:54:56.174  6998 21988 I art     : Starting a blocking GC Explicit
08-06 12:54:56.200  6998 21988 I art     : Explicit concurrent mark sweep GC freed 672(80KB) AllocSpace objects, 3(60KB) LOS objects, 30% free, 36MB/52MB, paused 928us total 25.608ms
08-06 12:54:56.209  6998 21988 I art     : Starting a blocking GC Explicit
08-06 12:54:56.236  6998 21988 I art     : Explicit concurrent mark sweep GC freed 611(40KB) AllocSpace objects, 1(20KB) LOS objects, 30% free, 36MB/52MB, paused 1.059ms total 26.149ms
08-06 12:54:56.527  6998 21988 I art     : Starting a blocking GC Explicit
08-06 12:54:56.555  6998 21988 I art     : Explicit concurrent mark sweep GC freed 2817(150KB) AllocSpace objects, 2(48KB) LOS objects, 30% free, 36MB/52MB, paused 933us total 27.809ms
08-06 12:54:56.565  6998 21988 I art     : Starting a blocking GC Explicit
08-06 12:54:56.593  6998 21988 I art     : Explicit concurrent mark sweep GC freed 153(7KB) AllocSpace objects, 0(0B) LOS objects, 30% free, 36MB/52MB, paused 1.246ms total 28.454ms
08-06 12:54:56.602  6998 21988 I art     : Starting a blocking GC Explicit
08-06 12:54:56.633  6998 21988 I art     : Explicit concurrent mark sweep GC freed 7(224B) AllocSpace objects, 0(0B) LOS objects, 30% free, 36MB/52MB, paused 921us total 30.120ms
08-06 12:54:56.644  6998 21988 I art     : Starting a blocking GC Explicit
08-06 12:54:56.673  6998 21988 I art     : Explicit concurrent mark sweep GC freed 9(288B) AllocSpace objects, 0(0B) LOS objects, 30% free, 36MB/52MB, paused 976us total 29.381ms
08-06 12:54:56.683  6998 21988 I art     : Starting a blocking GC Explicit
08-06 12:54:56.716  6998 21988 I art     : Explicit concurrent mark sweep GC freed 1675(98KB) AllocSpace objects, 3(200KB) LOS objects, 30% free, 36MB/52MB, paused 1.344ms total 32.696ms
08-06 12:54:56.764  6998 22582 I NAPPA_EXPERIMENTATION: MetricNetworkRequestExecutionTime: REQUEST_DURATION_SYSTEM='590',REQUEST_DURATION_OKHTTP='38',REQUEST_SYNCHRONOUS='TRUE',RESPONSE_CODE='200',RESPONSE_METHOD='GET',RESPONSE_LENGTH_OKHTTP='-1',RESPONSE_LENGTH_HEADER='12364',REQUEST_PROTOCOL='http/1.1',REQUEST_URL='https://www.newsblur.com/social/river_stories?order=newest&page=2&read_filter=all&global_feed=true',
08-06 12:54:56.764  6998 22582 D MY_TAG  : 0, 590
08-06 12:54:57.039  6998 21988 I art     : Starting a blocking GC Explicit
08-06 12:54:57.080  6998 21988 I art     : Explicit concurrent mark sweep GC freed 36742(2MB) AllocSpace objects, 33(860KB) LOS objects, 30% free, 36MB/52MB, paused 915us total 39.944ms
08-06 12:54:57.090  6998 21988 I art     : Starting a blocking GC Explicit
08-06 12:54:57.121  6998 21988 I art     : Explicit concurrent mark sweep GC freed 2387(202KB) AllocSpace objects, 0(0B) LOS objects, 30% free, 36MB/52MB, paused 928us total 30.522ms
08-06 12:54:57.132  6998 21988 I art     : Starting a blocking GC Explicit
08-06 12:54:57.158  6998 21988 I art     : Explicit concurrent mark sweep GC freed 9(288B) AllocSpace objects, 0(0B) LOS objects, 30% free, 36MB/52MB, paused 915us total 26.521ms
08-06 12:54:57.167  6998 21988 I art     : Starting a blocking GC Explicit
08-06 12:54:57.197  6998 21988 I art     : Explicit concurrent mark sweep GC freed 7(224B) AllocSpace objects, 0(0B) LOS objects, 30% free, 36MB/52MB, paused 1.063ms total 29.942ms
08-06 12:54:57.207  6998 21988 I art     : Starting a blocking GC Explicit
08-06 12:54:57.238  6998 21988 I art     : Explicit concurrent mark sweep GC freed 9(288B) AllocSpace objects, 0(0B) LOS objects, 30% free, 36MB/52MB, paused 1.024ms total 30.609ms
08-06 12:54:57.548  6998 21988 I art     : Starting a blocking GC Explicit
08-06 12:54:57.584  6998 21988 I art     : Explicit concurrent mark sweep GC freed 1441(82KB) AllocSpace objects, 1(20KB) LOS objects, 30% free, 36MB/52MB, paused 945us total 35.569ms
08-06 12:54:57.596  6998 21988 I art     : Starting a blocking GC Explicit
08-06 12:54:57.624  6998 21988 I art     : Explicit concurrent mark sweep GC freed 25(864B) AllocSpace objects, 0(0B) LOS objects, 30% free, 36MB/52MB, paused 891us total 27.267ms
08-06 12:54:57.633  6998 21988 I art     : Starting a blocking GC Explicit
08-06 12:54:57.660  6998 21988 I art     : Explicit concurrent mark sweep GC freed 3(96B) AllocSpace objects, 0(0B) LOS objects, 30% free, 36MB/52MB, paused 852us total 27.220ms
08-06 12:54:57.669  6998 21988 I art     : Starting a blocking GC Explicit
08-06 12:54:57.696  6998 21988 I art     : Explicit concurrent mark sweep GC freed 3(96B) AllocSpace objects, 0(0B) LOS objects, 30% free, 36MB/52MB, paused 887us total 26.747ms
08-06 12:54:57.705  6998 21988 I art     : Starting a blocking GC Explicit
08-06 12:54:57.720 22609 22609 D AndroidRuntime: >>>>>> START com.android.internal.os.RuntimeInit uid 2000 <<<<<<
08-06 12:54:57.724 22609 22609 D AndroidRuntime: CheckJNI is OFF
08-06 12:54:57.733  6998 21988 I art     : Explicit concurrent mark sweep GC freed 3(96B) AllocSpace objects, 0(0B) LOS objects, 30% free, 36MB/52MB, paused 899us total 27.072ms
08-06 12:54:57.758 22609 22609 D ICU     : No timezone override file found: /data/misc/zoneinfo/current/icu/icu_tzdata.dat
08-06 12:54:57.790 22609 22609 I Radio-JNI: register_android_hardware_Radio DONE
08-06 12:54:57.811 22609 22609 D AndroidRuntime: Calling main entry com.android.commands.input.Input
08-06 12:54:57.813 22609 22609 I Input   : injectMotionEvent: MotionEvent { action=ACTION_DOWN, actionButton=0, id[0]=0, x[0]=435.0, y[0]=858.0, toolType[0]=TOOL_TYPE_UNKNOWN, buttonState=0, metaState=0, flags=0x0, edgeFlags=0x0, pointerCount=1, historySize=0, eventTime=881714225, downTime=881714225, deviceId=0, source=0x1002 }
08-06 12:54:57.818 22609 22609 I Input   : injectMotionEvent: MotionEvent { action=ACTION_UP, actionButton=0, id[0]=0, x[0]=435.0, y[0]=858.0, toolType[0]=TOOL_TYPE_UNKNOWN, buttonState=0, metaState=0, flags=0x0, edgeFlags=0x0, pointerCount=1, historySize=0, eventTime=881714225, downTime=881714225, deviceId=0, source=0x1002 }
08-06 12:54:57.820 22609 22609 D AndroidRuntime: Shutting down VM
08-06 12:54:57.838   918  4413 I ActivityManager: START u0 {cmp=baseline.com.newsblur/.activity.GlobalSharedStoriesReading (has extras)} from uid 10698 on display 0
08-06 12:54:57.839   512  2967 D audio_hw_primary: out_set_parameters: enter: usecase(1: low-latency-playback) kvpairs: routing=2
08-06 12:54:57.853   512  2967 D audio_hw_primary: select_devices: out_snd_device(2: speaker) in_snd_device(0: none)
08-06 12:54:57.853   512  2967 D msm8974_platform: platform_send_audio_calibration: sending audio calibration for snd_device(2) acdb_id(15)
08-06 12:54:57.855   512  2967 I soundtrigger: audio_extn_sound_trigger_update_device_status: device 0x2 of type 0 for Event 1
08-06 12:54:57.865   512  2967 D audio_hw_primary: enable_snd_device: snd_device(2: speaker)
08-06 12:54:57.868   512  2967 D audio_hw_primary: enable_audio_route: apply and update mixer path: low-latency-playback speaker
08-06 12:54:58.009  6998 21780 I art     : Starting a blocking GC Explicit
08-06 12:54:58.038   918   936 I ActivityManager: Displayed baseline.com.newsblur/.activity.GlobalSharedStoriesReading: +189ms
08-06 12:54:58.039 13866 13866 I GoogleInputMethodServic: GoogleInputMethodService.onFinishInput():3138 
08-06 12:54:58.041 13866 13866 I GoogleInputMethodServic: GoogleInputMethodService.onStartInput():1808 
08-06 12:54:58.043  6998 21780 I art     : Explicit concurrent mark sweep GC freed 3240(266KB) AllocSpace objects, 7(568KB) LOS objects, 30% free, 36MB/52MB, paused 2.213ms total 34.032ms
08-06 12:54:58.052  6998 21780 I art     : Starting a blocking GC Explicit
08-06 12:54:58.081  6998 21780 I art     : Explicit concurrent mark sweep GC freed 1497(89KB) AllocSpace objects, 2(48KB) LOS objects, 30% free, 37MB/53MB, paused 1.262ms total 28.611ms
08-06 12:54:58.089  6998 21780 I art     : Starting a blocking GC Explicit
08-06 12:54:58.119  6998 21780 I art     : Explicit concurrent mark sweep GC freed 941(65KB) AllocSpace objects, 1(20KB) LOS objects, 30% free, 37MB/53MB, paused 1.351ms total 29.160ms
08-06 12:54:58.128  6998 21780 I art     : Starting a blocking GC Explicit
08-06 12:54:58.158  6998 21780 I art     : Explicit concurrent mark sweep GC freed 1212(66KB) AllocSpace objects, 1(20KB) LOS objects, 29% free, 37MB/53MB, paused 1.100ms total 29.397ms
08-06 12:54:58.169  6998 21780 I art     : Starting a blocking GC Explicit
08-06 12:54:58.200  6998 21780 I art     : Explicit concurrent mark sweep GC freed 849(74KB) AllocSpace objects, 9(216KB) LOS objects, 30% free, 37MB/53MB, paused 1.279ms total 30.668ms
08-06 12:54:58.303  6998 22331 E chromium: [ERROR:tile_manager.cc(793)] WARNING: tile memory limits exceeded, some content may not draw
08-06 12:54:58.303  6998 22331 E chromium: [ERROR:tile_manager.cc(793)] WARNING: tile memory limits exceeded, some content may not draw
08-06 12:54:58.399   512  2967 D audio_hw_primary: disable_audio_route: reset and update mixer path: low-latency-playback speaker
08-06 12:54:58.400   512  2967 D audio_hw_primary: disable_snd_device: snd_device(2: speaker)
08-06 12:54:58.409   512  2967 I soundtrigger: audio_extn_sound_trigger_update_device_status: device 0x2 of type 0 for Event 0
08-06 12:54:58.516  6998 21988 I art     : Starting a blocking GC Explicit
08-06 12:54:58.553  6998 21988 I art     : Explicit concurrent mark sweep GC freed 5994(488KB) AllocSpace objects, 10(208KB) LOS objects, 29% free, 37MB/53MB, paused 990us total 37.151ms
08-06 12:54:58.564  6998 21988 I art     : Starting a blocking GC Explicit
08-06 12:54:58.598  6998 21988 I art     : Explicit concurrent mark sweep GC freed 1048(49KB) AllocSpace objects, 0(0B) LOS objects, 29% free, 37MB/53MB, paused 1.200ms total 33.550ms
08-06 12:54:58.609  6998 21988 I art     : Starting a blocking GC Explicit
08-06 12:54:58.640  6998 21988 I art     : Explicit concurrent mark sweep GC freed 3(96B) AllocSpace objects, 0(0B) LOS objects, 29% free, 37MB/53MB, paused 916us total 31.466ms
08-06 12:54:58.651  6998 21988 I art     : Starting a blocking GC Explicit
08-06 12:54:58.682  6998 21988 I art     : Explicit concurrent mark sweep GC freed 3(96B) AllocSpace objects, 0(0B) LOS objects, 29% free, 37MB/53MB, paused 1.218ms total 31.727ms
08-06 12:54:58.692  6998 21988 I art     : Starting a blocking GC Explicit
08-06 12:54:58.724  6998 21988 I art     : Explicit concurrent mark sweep GC freed 3(96B) AllocSpace objects, 0(0B) LOS objects, 29% free, 37MB/53MB, paused 883us total 31.396ms
08-06 12:54:58.758   518   646 I ThermalEngine: ACTION: GPU - Setting GPU[0] to 450000000
08-06 12:54:58.809  6998 22644 E baseline.com.newsblur.network.APIResponse: Error (unexpected end of stream on https://www.newsblur.com/...) calling https://www.newsblur.com/reader/mark_story_hashes_as_read/
08-06 12:54:58.809  6998 22644 E baseline.com.newsblur.network.APIResponse: java.io.IOException: unexpected end of stream on https://www.newsblur.com/...
08-06 12:54:58.809  6998 22644 E baseline.com.newsblur.network.APIResponse: 	at okhttp3.internal.http1.Http1ExchangeCodec.readResponseHeaders(Http1ExchangeCodec.java:236)
08-06 12:54:58.809  6998 22644 E baseline.com.newsblur.network.APIResponse: 	at okhttp3.internal.connection.Exchange.readResponseHeaders(Exchange.java:115)
08-06 12:54:58.809  6998 22644 E baseline.com.newsblur.network.APIResponse: 	at okhttp3.internal.http.CallServerInterceptor.intercept(CallServerInterceptor.java:94)
08-06 12:54:58.809  6998 22644 E baseline.com.newsblur.network.APIResponse: 	at okhttp3.internal.http.RealInterceptorChain.proceed(RealInterceptorChain.java:142)
08-06 12:54:58.809  6998 22644 E baseline.com.newsblur.network.APIResponse: 	at okhttp3.internal.connection.ConnectInterceptor.intercept(ConnectInterceptor.java:43)
08-06 12:54:58.809  6998 22644 E baseline.com.newsblur.network.APIResponse: 	at okhttp3.internal.http.RealInterceptorChain.proceed(RealInterceptorChain.java:142)
08-06 12:54:58.809  6998 22644 E baseline.com.newsblur.network.APIResponse: 	at okhttp3.internal.http.RealInterceptorChain.proceed(RealInterceptorChain.java:117)
08-06 12:54:58.809  6998 22644 E baseline.com.newsblur.network.APIResponse: 	at okhttp3.internal.cache.CacheInterceptor.intercept(CacheInterceptor.java:94)
08-06 12:54:58.809  6998 22644 E baseline.com.newsblur.network.APIResponse: 	at okhttp3.internal.http.RealInterceptorChain.proceed(RealInterceptorChain.java:142)
08-06 12:54:58.809  6998 22644 E baseline.com.newsblur.network.APIResponse: 	at okhttp3.internal.http.RealInterceptorChain.proceed(RealInterceptorChain.java:117)
08-06 12:54:58.809  6998 22644 E baseline.com.newsblur.network.APIResponse: 	at okhttp3.internal.http.BridgeInterceptor.intercept(BridgeInterceptor.java:93)
08-06 12:54:58.809  6998 22644 E baseline.com.newsblur.network.APIResponse: 	at okhttp3.internal.http.RealInterceptorChain.proceed(RealInterceptorChain.java:142)
08-06 12:54:58.809  6998 22644 E baseline.com.newsblur.network.APIResponse: 	at okhttp3.internal.http.RetryAndFollowUpInterceptor.intercept(RetryAndFollowUpInterceptor.java:88)
08-06 12:54:58.809  6998 22644 E baseline.com.newsblur.network.APIResponse: 	at okhttp3.internal.http.RealInterceptorChain.proceed(RealInterceptorChain.java:142)
08-06 12:54:58.809  6998 22644 E baseline.com.newsblur.network.APIResponse: 	at okhttp3.internal.http.RealInterceptorChain.proceed(RealInterceptorChain.java:117)
08-06 12:54:58.809  6998 22644 E baseline.com.newsblur.network.APIResponse: 	at okhttp3.RealCall.getResponseWithInterceptorChain(RealCall.java:229)
08-06 12:54:58.809  6998 22644 E baseline.com.newsblur.network.APIResponse: 	at okhttp3.RealCall.execute(RealCall.java:81)
08-06 12:54:58.809  6998 22644 E baseline.com.newsblur.network.APIResponse: 	at baseline.com.newsblur.network.APIResponse.<init>(APIResponse.java:57)
08-06 12:54:58.809  6998 22644 E baseline.com.newsblur.network.APIResponse: 	at baseline.com.newsblur.network.APIResponse.<init>(APIResponse.java:43)
08-06 12:54:58.809  6998 22644 E baseline.com.newsblur.network.APIResponse: 	at baseline.com.newsblur.network.APIManager.post_single(APIManager.java:702)
08-06 12:54:58.809  6998 22644 E baseline.com.newsblur.network.APIResponse: 	at baseline.com.newsblur.network.APIManager.post(APIManager.java:675)
08-06 12:54:58.809  6998 22644 E baseline.com.newsblur.network.APIResponse: 	at baseline.com.newsblur.network.APIManager.post(APIManager.java:714)
08-06 12:54:58.809  6998 22644 E baseline.com.newsblur.network.APIResponse: 	at baseline.com.newsblur.network.APIManager.markStoryAsRead(APIManager.java:205)
08-06 12:54:58.809  6998 22644 E baseline.com.newsblur.network.APIResponse: 	at baseline.com.newsblur.util.ReadingAction.doRemote(ReadingAction.java:281)
08-06 12:54:58.809  6998 22644 E baseline.com.newsblur.network.APIResponse: 	at baseline.com.newsblur.service.NBSyncService.syncActions(NBSyncService.java:400)
08-06 12:54:58.809  6998 22644 E baseline.com.newsblur.network.APIResponse: 	at baseline.com.newsblur.service.NBSyncService.doSync(NBSyncService.java:298)
08-06 12:54:58.809  6998 22644 E baseline.com.newsblur.network.APIResponse: 	at baseline.com.newsblur.service.NBSyncService.access$100(NBSyncService.java:67)
08-06 12:54:58.809  6998 22644 E baseline.com.newsblur.network.APIResponse: 	at baseline.com.newsblur.service.NBSyncService$1.run(NBSyncService.java:188)
08-06 12:54:58.809  6998 22644 E baseline.com.newsblur.network.APIResponse: 	at java.util.concurrent.ThreadPoolExecutor.runWorker(ThreadPoolExecutor.java:1113)
08-06 12:54:58.809  6998 22644 E baseline.com.newsblur.network.APIResponse: 	at java.util.concurrent.ThreadPoolExecutor$Worker.run(ThreadPoolExecutor.java:588)
08-06 12:54:58.809  6998 22644 E baseline.com.newsblur.network.APIResponse: 	at java.lang.Thread.run(Thread.java:818)
08-06 12:54:58.809  6998 22644 E baseline.com.newsblur.network.APIResponse: Caused by: java.io.EOFException: \n not found: limit=0 content=
08-06 12:54:58.809  6998 22644 E baseline.com.newsblur.network.APIResponse: 	at okio.RealBufferedSource.readUtf8LineStrict(RealBufferedSource.java:240)
08-06 12:54:58.809  6998 22644 E baseline.com.newsblur.network.APIResponse: 	at okhttp3.internal.http1.Http1ExchangeCodec.readHeaderLine(Http1ExchangeCodec.java:242)
08-06 12:54:58.809  6998 22644 E baseline.com.newsblur.network.APIResponse: 	at okhttp3.internal.http1.Http1ExchangeCodec.readResponseHeaders(Http1ExchangeCodec.java:213)
08-06 12:54:58.809  6998 22644 E baseline.com.newsblur.network.APIResponse: 	... 30 more
08-06 12:54:58.810  6998 22644 I baseline.com.newsblur.network.APIManager: API call failed, pausing before retry number 1
08-06 12:54:59.055  6998  7009 I art     : Starting a blocking GC Explicit
08-06 12:54:59.094  6998  7009 I art     : Explicit concurrent mark sweep GC freed 4691(417KB) AllocSpace objects, 6(260KB) LOS objects, 29% free, 37MB/53MB, paused 1.113ms total 38.863ms
08-06 12:54:59.108  6998  7009 I art     : Starting a blocking GC Explicit
08-06 12:54:59.139 21246 21246 I ServiceManager: Waiting for service AtCmdFwd...
08-06 12:54:59.144  6998  7009 I art     : Explicit concurrent mark sweep GC freed 999(118KB) AllocSpace objects, 0(0B) LOS objects, 29% free, 37MB/53MB, paused 1.099ms total 35.826ms
08-06 12:54:59.156  6998  7009 I art     : Starting a blocking GC Explicit
08-06 12:54:59.193  6998  7009 I art     : Explicit concurrent mark sweep GC freed 3(96B) AllocSpace objects, 0(0B) LOS objects, 29% free, 37MB/53MB, paused 1.108ms total 35.939ms
08-06 12:54:59.206  6998  7009 I art     : Starting a blocking GC Explicit
08-06 12:54:59.245  6998  7009 I art     : Explicit concurrent mark sweep GC freed 3(96B) AllocSpace objects, 0(0B) LOS objects, 29% free, 37MB/53MB, paused 1.159ms total 38.685ms
08-06 12:54:59.258  6998  7009 I art     : Starting a blocking GC Explicit
08-06 12:54:59.298  6998  7009 I art     : Explicit concurrent mark sweep GC freed 3(96B) AllocSpace objects, 0(0B) LOS objects, 29% free, 37MB/53MB, paused 1.243ms total 39.081ms
08-06 12:54:59.342  6998 22331 E chromium: [ERROR:tile_manager.cc(793)] WARNING: tile memory limits exceeded, some content may not draw
08-06 12:54:59.342  6998 22331 E chromium: [ERROR:tile_manager.cc(793)] WARNING: tile memory limits exceeded, some content may not draw
08-06 12:54:59.355  6998 22331 E chromium: [ERROR:tile_manager.cc(793)] WARNING: tile memory limits exceeded, some content may not draw
08-06 12:54:59.356  6998 22331 E chromium: [ERROR:tile_manager.cc(793)] WARNING: tile memory limits exceeded, some content may not draw
08-06 12:54:59.372  6998 22331 E chromium: [ERROR:tile_manager.cc(793)] WARNING: tile memory limits exceeded, some content may not draw
08-06 12:54:59.373  6998 22331 E chromium: [ERROR:tile_manager.cc(793)] WARNING: tile memory limits exceeded, some content may not draw
08-06 12:54:59.650  6998 21780 I art     : Starting a blocking GC Explicit
08-06 12:54:59.695  6998 21780 I art     : Explicit concurrent mark sweep GC freed 1556(86KB) AllocSpace objects, 1(20KB) LOS objects, 29% free, 37MB/53MB, paused 1.192ms total 44.435ms
08-06 12:54:59.710  6998 21780 I art     : Starting a blocking GC Explicit
08-06 12:54:59.748  6998 21780 I art     : Explicit concurrent mark sweep GC freed 24(864B) AllocSpace objects, 0(0B) LOS objects, 29% free, 37MB/53MB, paused 1.273ms total 37.520ms
08-06 12:54:59.760  6998 21780 I art     : Starting a blocking GC Explicit
08-06 12:54:59.801  6998 21780 I art     : Explicit concurrent mark sweep GC freed 3(96B) AllocSpace objects, 0(0B) LOS objects, 29% free, 37MB/53MB, paused 1.278ms total 40.138ms
08-06 12:54:59.814  6998 21780 I art     : Starting a blocking GC Explicit
08-06 12:54:59.855  6998 21780 I art     : Explicit concurrent mark sweep GC freed 3(96B) AllocSpace objects, 0(0B) LOS objects, 29% free, 37MB/53MB, paused 1.241ms total 40.877ms
08-06 12:54:59.868  6998 21780 I art     : Starting a blocking GC Explicit
08-06 12:54:59.910  6998 21780 I art     : Explicit concurrent mark sweep GC freed 3(96B) AllocSpace objects, 0(0B) LOS objects, 29% free, 37MB/53MB, paused 1.238ms total 42.072ms
08-06 12:55:00.139 21246 21246 I ServiceManager: Waiting for service AtCmdFwd...
08-06 12:55:00.274  6998 21780 I art     : Starting a blocking GC Explicit
08-06 12:55:00.319  6998 21780 I art     : Explicit concurrent mark sweep GC freed 1526(86KB) AllocSpace objects, 1(20KB) LOS objects, 29% free, 37MB/53MB, paused 1.330ms total 44.726ms
08-06 12:55:00.332  6998 21780 I art     : Starting a blocking GC Explicit
08-06 12:55:00.373  6998 21780 I art     : Explicit concurrent mark sweep GC freed 45(1872B) AllocSpace objects, 0(0B) LOS objects, 29% free, 37MB/53MB, paused 1.349ms total 40.445ms
08-06 12:55:00.385  6998 21780 I art     : Starting a blocking GC Explicit
08-06 12:55:00.428  6998 21780 I art     : Explicit concurrent mark sweep GC freed 62(4KB) AllocSpace objects, 0(0B) LOS objects, 29% free, 37MB/53MB, paused 1.332ms total 42.307ms
08-06 12:55:00.441  6998 21780 I art     : Starting a blocking GC Explicit
08-06 12:55:00.482  6998 21780 I art     : Explicit concurrent mark sweep GC freed 6(256B) AllocSpace objects, 0(0B) LOS objects, 29% free, 37MB/53MB, paused 1.229ms total 40.849ms
08-06 12:55:00.496  6998 21780 I art     : Starting a blocking GC Explicit
08-06 12:55:00.538  6998 21780 I art     : Explicit concurrent mark sweep GC freed 3(96B) AllocSpace objects, 0(0B) LOS objects, 29% free, 37MB/53MB, paused 1.414ms total 42.400ms
08-06 12:55:00.834  6998 22644 E baseline.com.newsblur.network.APIResponse: Error (unexpected end of stream on https://www.newsblur.com/...) calling https://www.newsblur.com/reader/mark_story_hashes_as_read/
08-06 12:55:00.834  6998 22644 E baseline.com.newsblur.network.APIResponse: java.io.IOException: unexpected end of stream on https://www.newsblur.com/...
08-06 12:55:00.834  6998 22644 E baseline.com.newsblur.network.APIResponse: 	at okhttp3.internal.http1.Http1ExchangeCodec.readResponseHeaders(Http1ExchangeCodec.java:236)
08-06 12:55:00.834  6998 22644 E baseline.com.newsblur.network.APIResponse: 	at okhttp3.internal.connection.Exchange.readResponseHeaders(Exchange.java:115)
08-06 12:55:00.834  6998 22644 E baseline.com.newsblur.network.APIResponse: 	at okhttp3.internal.http.CallServerInterceptor.intercept(CallServerInterceptor.java:94)
08-06 12:55:00.834  6998 22644 E baseline.com.newsblur.network.APIResponse: 	at okhttp3.internal.http.RealInterceptorChain.proceed(RealInterceptorChain.java:142)
08-06 12:55:00.834  6998 22644 E baseline.com.newsblur.network.APIResponse: 	at okhttp3.internal.connection.ConnectInterceptor.intercept(ConnectInterceptor.java:43)
08-06 12:55:00.834  6998 22644 E baseline.com.newsblur.network.APIResponse: 	at okhttp3.internal.http.RealInterceptorChain.proceed(RealInterceptorChain.java:142)
08-06 12:55:00.834  6998 22644 E baseline.com.newsblur.network.APIResponse: 	at okhttp3.internal.http.RealInterceptorChain.proceed(RealInterceptorChain.java:117)
08-06 12:55:00.834  6998 22644 E baseline.com.newsblur.network.APIResponse: 	at okhttp3.internal.cache.CacheInterceptor.intercept(CacheInterceptor.java:94)
08-06 12:55:00.834  6998 22644 E baseline.com.newsblur.network.APIResponse: 	at okhttp3.internal.http.RealInterceptorChain.proceed(RealInterceptorChain.java:142)
08-06 12:55:00.834  6998 22644 E baseline.com.newsblur.network.APIResponse: 	at okhttp3.internal.http.RealInterceptorChain.proceed(RealInterceptorChain.java:117)
08-06 12:55:00.834  6998 22644 E baseline.com.newsblur.network.APIResponse: 	at okhttp3.internal.http.BridgeInterceptor.intercept(BridgeInterceptor.java:93)
08-06 12:55:00.834  6998 22644 E baseline.com.newsblur.network.APIResponse: 	at okhttp3.internal.http.RealInterceptorChain.proceed(RealInterceptorChain.java:142)
08-06 12:55:00.834  6998 22644 E baseline.com.newsblur.network.APIResponse: 	at okhttp3.internal.http.RetryAndFollowUpInterceptor.intercept(RetryAndFollowUpInterceptor.java:88)
08-06 12:55:00.834  6998 22644 E baseline.com.newsblur.network.APIResponse: 	at okhttp3.internal.http.RealInterceptorChain.proceed(RealInterceptorChain.java:142)
08-06 12:55:00.834  6998 22644 E baseline.com.newsblur.network.APIResponse: 	at okhttp3.internal.http.RealInterceptorChain.proceed(RealInterceptorChain.java:117)
08-06 12:55:00.834  6998 22644 E baseline.com.newsblur.network.APIResponse: 	at okhttp3.RealCall.getResponseWithInterceptorChain(RealCall.java:229)
08-06 12:55:00.834  6998 22644 E baseline.com.newsblur.network.APIResponse: 	at okhttp3.RealCall.execute(RealCall.java:81)
08-06 12:55:00.834  6998 22644 E baseline.com.newsblur.network.APIResponse: 	at baseline.com.newsblur.network.APIResponse.<init>(APIResponse.java:57)
08-06 12:55:00.834  6998 22644 E baseline.com.newsblur.network.APIResponse: 	at baseline.com.newsblur.network.APIResponse.<init>(APIResponse.java:43)
08-06 12:55:00.834  6998 22644 E baseline.com.newsblur.network.APIResponse: 	at baseline.com.newsblur.network.APIManager.post_single(APIManager.java:702)
08-06 12:55:00.834  6998 22644 E baseline.com.newsblur.network.APIResponse: 	at baseline.com.newsblur.network.APIManager.post(APIManager.java:675)
08-06 12:55:00.834  6998 22644 E baseline.com.newsblur.network.APIResponse: 	at baseline.com.newsblur.network.APIManager.post(APIManager.java:714)
08-06 12:55:00.834  6998 22644 E baseline.com.newsblur.network.APIResponse: 	at baseline.com.newsblur.network.APIManager.markStoryAsRead(APIManager.java:205)
08-06 12:55:00.834  6998 22644 E baseline.com.newsblur.network.APIResponse: 	at baseline.com.newsblur.util.ReadingAction.doRemote(ReadingAction.java:281)
08-06 12:55:00.834  6998 22644 E baseline.com.newsblur.network.APIResponse: 	at baseline.com.newsblur.service.NBSyncService.syncActions(NBSyncService.java:400)
08-06 12:55:00.834  6998 22644 E baseline.com.newsblur.network.APIResponse: 	at baseline.com.newsblur.service.NBSyncService.doSync(NBSyncService.java:298)
08-06 12:55:00.834  6998 22644 E baseline.com.newsblur.network.APIResponse: 	at baseline.com.newsblur.service.NBSyncService.access$100(NBSyncService.java:67)
08-06 12:55:00.834  6998 22644 E baseline.com.newsblur.network.APIResponse: 	at baseline.com.newsblur.service.NBSyncService$1.run(NBSyncService.java:188)
08-06 12:55:00.834  6998 22644 E baseline.com.newsblur.network.APIResponse: 	at java.util.concurrent.ThreadPoolExecutor.runWorker(ThreadPoolExecutor.java:1113)
08-06 12:55:00.834  6998 22644 E baseline.com.newsblur.network.APIResponse: 	at java.util.concurrent.ThreadPoolExecutor$Worker.run(ThreadPoolExecutor.java:588)
08-06 12:55:00.834  6998 22644 E baseline.com.newsblur.network.APIResponse: 	at java.lang.Thread.run(Thread.java:818)
08-06 12:55:00.834  6998 22644 E baseline.com.newsblur.network.APIResponse: Caused by: java.io.EOFException: \n not found: limit=0 content=
08-06 12:55:00.834  6998 22644 E baseline.com.newsblur.network.APIResponse: 	at okio.RealBufferedSource.readUtf8LineStrict(RealBufferedSource.java:240)
08-06 12:55:00.834  6998 22644 E baseline.com.newsblur.network.APIResponse: 	at okhttp3.internal.http1.Http1ExchangeCodec.readHeaderLine(Http1ExchangeCodec.java:242)
08-06 12:55:00.834  6998 22644 E baseline.com.newsblur.network.APIResponse: 	at okhttp3.internal.http1.Http1ExchangeCodec.readResponseHeaders(Http1ExchangeCodec.java:213)
08-06 12:55:00.834  6998 22644 E baseline.com.newsblur.network.APIResponse: 	... 30 more
08-06 12:55:00.835  6998 22644 I baseline.com.newsblur.network.APIManager: API call failed, pausing before retry number 2
08-06 12:55:00.898  6998 21780 I art     : Starting a blocking GC Explicit
08-06 12:55:00.943  6998 21780 I art     : Explicit concurrent mark sweep GC freed 3948(357KB) AllocSpace objects, 3(60KB) LOS objects, 29% free, 37MB/53MB, paused 1.180ms total 44.219ms
08-06 12:55:00.957  6998 21780 I art     : Starting a blocking GC Explicit
08-06 12:55:00.998  6998 21780 I art     : Explicit concurrent mark sweep GC freed 109(3KB) AllocSpace objects, 0(0B) LOS objects, 29% free, 37MB/53MB, paused 1.222ms total 40.864ms
08-06 12:55:01.011  6998 21780 I art     : Starting a blocking GC Explicit
08-06 12:55:01.053  6998 21780 I art     : Explicit concurrent mark sweep GC freed 3(96B) AllocSpace objects, 0(0B) LOS objects, 29% free, 37MB/53MB, paused 1.241ms total 41.099ms
08-06 12:55:01.065  6998 21780 I art     : Starting a blocking GC Explicit
08-06 12:55:01.108  6998 21780 I art     : Explicit concurrent mark sweep GC freed 3(96B) AllocSpace objects, 0(0B) LOS objects, 29% free, 37MB/53MB, paused 1.238ms total 42.020ms
08-06 12:55:01.121  6998 21780 I art     : Starting a blocking GC Explicit
08-06 12:55:01.140 21246 21246 I ServiceManager: Waiting for service AtCmdFwd...
08-06 12:55:01.163  6998 21780 I art     : Explicit concurrent mark sweep GC freed 3(96B) AllocSpace objects, 0(0B) LOS objects, 29% free, 37MB/53MB, paused 1.164ms total 42.192ms
08-06 12:55:01.530  6998  7009 I art     : Starting a blocking GC Explicit
08-06 12:55:01.575  6998  7009 I art     : Explicit concurrent mark sweep GC freed 1440(83KB) AllocSpace objects, 1(20KB) LOS objects, 29% free, 37MB/53MB, paused 1.216ms total 44.115ms
08-06 12:55:01.589  6998  7009 I art     : Starting a blocking GC Explicit
08-06 12:55:01.633  6998  7009 I art     : Explicit concurrent mark sweep GC freed 22(784B) AllocSpace objects, 0(0B) LOS objects, 29% free, 37MB/53MB, paused 1.164ms total 44.021ms
08-06 12:55:01.644   918  3261 D WifiStateMachine: starting scan for "H369AA63323"WPA_PSK with 2412,5180
08-06 12:55:01.646  6998  7009 I art     : Starting a blocking GC Explicit
08-06 12:55:01.688  6998  7009 I art     : Explicit concurrent mark sweep GC freed 3(96B) AllocSpace objects, 0(0B) LOS objects, 29% free, 37MB/53MB, paused 1.396ms total 41.508ms
08-06 12:55:01.700  6998  7009 I art     : Starting a blocking GC Explicit
08-06 12:55:01.741  6998  7009 I art     : Explicit concurrent mark sweep GC freed 3(96B) AllocSpace objects, 0(0B) LOS objects, 29% free, 37MB/53MB, paused 1.244ms total 40.575ms
08-06 12:55:01.754  6998  7009 I art     : Starting a blocking GC Explicit
08-06 12:55:01.796  6998  7009 I art     : Explicit concurrent mark sweep GC freed 3(96B) AllocSpace objects, 0(0B) LOS objects, 29% free, 37MB/53MB, paused 1.155ms total 41.349ms
08-06 12:55:02.141 21246 21246 I ServiceManager: Waiting for service AtCmdFwd...
08-06 12:55:02.168  6998  7009 I art     : Starting a blocking GC Explicit
08-06 12:55:02.211  6998  7009 I art     : Explicit concurrent mark sweep GC freed 1440(83KB) AllocSpace objects, 1(20KB) LOS objects, 29% free, 37MB/53MB, paused 1.375ms total 43.329ms
08-06 12:55:02.225  6998  7009 I art     : Starting a blocking GC Explicit
08-06 12:55:02.267  6998  7009 I art     : Explicit concurrent mark sweep GC freed 22(784B) AllocSpace objects, 0(0B) LOS objects, 29% free, 37MB/53MB, paused 1.206ms total 41.391ms
08-06 12:55:02.280  6998  7009 I art     : Starting a blocking GC Explicit
08-06 12:55:02.321  6998  7009 I art     : Explicit concurrent mark sweep GC freed 3(96B) AllocSpace objects, 0(0B) LOS objects, 29% free, 37MB/53MB, paused 1.354ms total 40.541ms
08-06 12:55:02.334  6998  7009 I art     : Starting a blocking GC Explicit
08-06 12:55:02.376  6998  7009 I art     : Explicit concurrent mark sweep GC freed 3(96B) AllocSpace objects, 0(0B) LOS objects, 29% free, 37MB/53MB, paused 1.327ms total 41.918ms
08-06 12:55:02.389  6998  7009 I art     : Starting a blocking GC Explicit
08-06 12:55:02.431  6998  7009 I art     : Explicit concurrent mark sweep GC freed 3(96B) AllocSpace objects, 0(0B) LOS objects, 29% free, 37MB/53MB, paused 1.329ms total 42.028ms
08-06 12:55:02.606 22717 22717 D AndroidRuntime: >>>>>> START com.android.internal.os.RuntimeInit uid 2000 <<<<<<
08-06 12:55:02.613 22717 22717 D AndroidRuntime: CheckJNI is OFF
08-06 12:55:02.653 22717 22717 D ICU     : No timezone override file found: /data/misc/zoneinfo/current/icu/icu_tzdata.dat
08-06 12:55:02.694 22717 22717 I Radio-JNI: register_android_hardware_Radio DONE
08-06 12:55:02.723 22717 22717 D AndroidRuntime: Calling main entry com.android.commands.input.Input
08-06 12:55:02.725 22717 22717 I Input   : injectKeyEvent: KeyEvent { action=ACTION_DOWN, keyCode=KEYCODE_BACK, scanCode=0, metaState=0, flags=0x0, repeatCount=0, eventTime=881719138, downTime=881719138, deviceId=-1, source=0x101 }
08-06 12:55:02.731 22717 22717 I Input   : injectKeyEvent: KeyEvent { action=ACTION_UP, keyCode=KEYCODE_BACK, scanCode=0, metaState=0, flags=0x0, repeatCount=0, eventTime=881719138, downTime=881719138, deviceId=-1, source=0x101 }
08-06 12:55:02.736 22717 22717 D AndroidRuntime: Shutting down VM
08-06 12:55:02.796  6998  7011 I art     : Starting a blocking GC Explicit
08-06 12:55:02.838  6998  7011 I art     : Explicit concurrent mark sweep GC freed 1662(121KB) AllocSpace objects, 3(60KB) LOS objects, 29% free, 37MB/53MB, paused 1.416ms total 42.057ms
08-06 12:55:02.851  6998  7011 I art     : Starting a blocking GC Explicit
08-06 12:55:02.891  6998  7011 I art     : Explicit concurrent mark sweep GC freed 660(46KB) AllocSpace objects, 1(20KB) LOS objects, 29% free, 37MB/53MB, paused 1.540ms total 40.326ms
08-06 12:55:02.896 13866 13866 I GoogleInputMethodServic: GoogleInputMethodService.onFinishInput():3138 
08-06 12:55:02.896 13866 13866 I GoogleInputMethodServic: GoogleInputMethodService.onStartInput():1808 
08-06 12:55:02.904  6998  7011 I art     : Starting a blocking GC Explicit
08-06 12:55:02.943  6998  7011 I art     : Explicit concurrent mark sweep GC freed 606(59KB) AllocSpace objects, 1(20KB) LOS objects, 29% free, 37MB/53MB, paused 1.605ms total 38.551ms
08-06 12:55:02.957  6998  7011 I art     : Starting a blocking GC Explicit
08-06 12:55:02.995  6998  7011 I art     : Explicit concurrent mark sweep GC freed 715(56KB) AllocSpace objects, 1(20KB) LOS objects, 29% free, 37MB/53MB, paused 1.167ms total 37.696ms
08-06 12:55:03.007  6998  7011 I art     : Starting a blocking GC Explicit
08-06 12:55:03.043  6998  7011 I art     : Explicit concurrent mark sweep GC freed 6(256B) AllocSpace objects, 1(28KB) LOS objects, 29% free, 37MB/53MB, paused 1.168ms total 35.804ms
08-06 12:55:03.141 21246 21246 I ServiceManager: Waiting for service AtCmdFwd...
08-06 12:55:03.388  6998 21780 I art     : Starting a blocking GC Explicit
08-06 12:55:03.433  6998 21780 I art     : Explicit concurrent mark sweep GC freed 3138(163KB) AllocSpace objects, 1(20KB) LOS objects, 29% free, 37MB/53MB, paused 1.335ms total 44.208ms
08-06 12:55:03.446  6998 21780 I art     : Starting a blocking GC Explicit
08-06 12:55:03.490  6998 21780 I art     : Explicit concurrent mark sweep GC freed 155(7KB) AllocSpace objects, 0(0B) LOS objects, 29% free, 37MB/53MB, paused 1.545ms total 43.481ms
08-06 12:55:03.504  6998 21780 I art     : Starting a blocking GC Explicit
08-06 12:55:03.548  6998 21780 I art     : Explicit concurrent mark sweep GC freed 11(352B) AllocSpace objects, 0(0B) LOS objects, 29% free, 37MB/53MB, paused 1.500ms total 43.724ms
08-06 12:55:03.562  6998 21780 I art     : Starting a blocking GC Explicit
08-06 12:55:03.606  6998 21780 I art     : Explicit concurrent mark sweep GC freed 9(288B) AllocSpace objects, 0(0B) LOS objects, 29% free, 37MB/53MB, paused 1.322ms total 43.996ms
08-06 12:55:03.620  6998 21780 I art     : Starting a blocking GC Explicit
08-06 12:55:03.663  6998 21780 I art     : Explicit concurrent mark sweep GC freed 11(352B) AllocSpace objects, 0(0B) LOS objects, 29% free, 37MB/53MB, paused 1.217ms total 42.918ms
08-06 12:55:04.030  6998  7009 I art     : Starting a blocking GC Explicit
08-06 12:55:04.069  6998  7009 I art     : Explicit concurrent mark sweep GC freed 1651(93KB) AllocSpace objects, 1(20KB) LOS objects, 29% free, 37MB/53MB, paused 1.264ms total 39.208ms
08-06 12:55:04.081  6998  7009 I art     : Starting a blocking GC Explicit
08-06 12:55:04.119  6998  7009 I art     : Explicit concurrent mark sweep GC freed 34(1232B) AllocSpace objects, 0(0B) LOS objects, 29% free, 37MB/53MB, paused 1.298ms total 37.770ms
08-06 12:55:04.131  6998  7009 I art     : Starting a blocking GC Explicit
08-06 12:55:04.141 21246 21246 W Atfwd_Sendcmd: AtCmdFwd service not published, waiting... retryCnt : 3
08-06 12:55:04.171  6998  7009 I art     : Explicit concurrent mark sweep GC freed 9(288B) AllocSpace objects, 0(0B) LOS objects, 29% free, 37MB/53MB, paused 1.240ms total 39.626ms
08-06 12:55:04.184  6998  7009 I art     : Starting a blocking GC Explicit
08-06 12:55:04.223  6998  7009 I art     : Explicit concurrent mark sweep GC freed 23(736B) AllocSpace objects, 0(0B) LOS objects, 29% free, 37MB/53MB, paused 1.318ms total 38.845ms
08-06 12:55:04.236  6998  7009 I art     : Starting a blocking GC Explicit
08-06 12:55:04.279  6998  7009 I art     : Explicit concurrent mark sweep GC freed 11(352B) AllocSpace objects, 0(0B) LOS objects, 29% free, 37MB/53MB, paused 1.375ms total 42.823ms
08-06 12:55:04.432  6998 22644 E baseline.com.newsblur.network.APIResponse: Error (unexpected end of stream on https://www.newsblur.com/...) calling https://www.newsblur.com/reader/mark_story_hashes_as_read/
08-06 12:55:04.432  6998 22644 E baseline.com.newsblur.network.APIResponse: java.io.IOException: unexpected end of stream on https://www.newsblur.com/...
08-06 12:55:04.432  6998 22644 E baseline.com.newsblur.network.APIResponse: 	at okhttp3.internal.http1.Http1ExchangeCodec.readResponseHeaders(Http1ExchangeCodec.java:236)
08-06 12:55:04.432  6998 22644 E baseline.com.newsblur.network.APIResponse: 	at okhttp3.internal.connection.Exchange.readResponseHeaders(Exchange.java:115)
08-06 12:55:04.432  6998 22644 E baseline.com.newsblur.network.APIResponse: 	at okhttp3.internal.http.CallServerInterceptor.intercept(CallServerInterceptor.java:94)
08-06 12:55:04.432  6998 22644 E baseline.com.newsblur.network.APIResponse: 	at okhttp3.internal.http.RealInterceptorChain.proceed(RealInterceptorChain.java:142)
08-06 12:55:04.432  6998 22644 E baseline.com.newsblur.network.APIResponse: 	at okhttp3.internal.connection.ConnectInterceptor.intercept(ConnectInterceptor.java:43)
08-06 12:55:04.432  6998 22644 E baseline.com.newsblur.network.APIResponse: 	at okhttp3.internal.http.RealInterceptorChain.proceed(RealInterceptorChain.java:142)
08-06 12:55:04.432  6998 22644 E baseline.com.newsblur.network.APIResponse: 	at okhttp3.internal.http.RealInterceptorChain.proceed(RealInterceptorChain.java:117)
08-06 12:55:04.432  6998 22644 E baseline.com.newsblur.network.APIResponse: 	at okhttp3.internal.cache.CacheInterceptor.intercept(CacheInterceptor.java:94)
08-06 12:55:04.432  6998 22644 E baseline.com.newsblur.network.APIResponse: 	at okhttp3.internal.http.RealInterceptorChain.proceed(RealInterceptorChain.java:142)
08-06 12:55:04.432  6998 22644 E baseline.com.newsblur.network.APIResponse: 	at okhttp3.internal.http.RealInterceptorChain.proceed(RealInterceptorChain.java:117)
08-06 12:55:04.432  6998 22644 E baseline.com.newsblur.network.APIResponse: 	at okhttp3.internal.http.BridgeInterceptor.intercept(BridgeInterceptor.java:93)
08-06 12:55:04.432  6998 22644 E baseline.com.newsblur.network.APIResponse: 	at okhttp3.internal.http.RealInterceptorChain.proceed(RealInterceptorChain.java:142)
08-06 12:55:04.432  6998 22644 E baseline.com.newsblur.network.APIResponse: 	at okhttp3.internal.http.RetryAndFollowUpInterceptor.intercept(RetryAndFollowUpInterceptor.java:88)
08-06 12:55:04.432  6998 22644 E baseline.com.newsblur.network.APIResponse: 	at okhttp3.internal.http.RealInterceptorChain.proceed(RealInterceptorChain.java:142)
08-06 12:55:04.432  6998 22644 E baseline.com.newsblur.network.APIResponse: 	at okhttp3.internal.http.RealInterceptorChain.proceed(RealInterceptorChain.java:117)
08-06 12:55:04.432  6998 22644 E baseline.com.newsblur.network.APIResponse: 	at okhttp3.RealCall.getResponseWithInterceptorChain(RealCall.java:229)
08-06 12:55:04.432  6998 22644 E baseline.com.newsblur.network.APIResponse: 	at okhttp3.RealCall.execute(RealCall.java:81)
08-06 12:55:04.432  6998 22644 E baseline.com.newsblur.network.APIResponse: 	at baseline.com.newsblur.network.APIResponse.<init>(APIResponse.java:57)
08-06 12:55:04.432  6998 22644 E baseline.com.newsblur.network.APIResponse: 	at baseline.com.newsblur.network.APIResponse.<init>(APIResponse.java:43)
08-06 12:55:04.432  6998 22644 E baseline.com.newsblur.network.APIResponse: 	at baseline.com.newsblur.network.APIManager.post_single(APIManager.java:702)
08-06 12:55:04.432  6998 22644 E baseline.com.newsblur.network.APIResponse: 	at baseline.com.newsblur.network.APIManager.post(APIManager.java:675)
08-06 12:55:04.432  6998 22644 E baseline.com.newsblur.network.APIResponse: 	at baseline.com.newsblur.network.APIManager.post(APIManager.java:714)
08-06 12:55:04.432  6998 22644 E baseline.com.newsblur.network.APIResponse: 	at baseline.com.newsblur.network.APIManager.markStoryAsRead(APIManager.java:205)
08-06 12:55:04.432  6998 22644 E baseline.com.newsblur.network.APIResponse: 	at baseline.com.newsblur.util.ReadingAction.doRemote(ReadingAction.java:281)
08-06 12:55:04.432  6998 22644 E baseline.com.newsblur.network.APIResponse: 	at baseline.com.newsblur.service.NBSyncService.syncActions(NBSyncService.java:400)
08-06 12:55:04.432  6998 22644 E baseline.com.newsblur.network.APIResponse: 	at baseline.com.newsblur.service.NBSyncService.doSync(NBSyncService.java:298)
08-06 12:55:04.432  6998 22644 E baseline.com.newsblur.network.APIResponse: 	at baseline.com.newsblur.service.NBSyncService.access$100(NBSyncService.java:67)
08-06 12:55:04.432  6998 22644 E baseline.com.newsblur.network.APIResponse: 	at baseline.com.newsblur.service.NBSyncService$1.run(NBSyncService.java:188)
08-06 12:55:04.432  6998 22644 E baseline.com.newsblur.network.APIResponse: 	at java.util.concurrent.ThreadPoolExecutor.runWorker(ThreadPoolExecutor.java:1113)
08-06 12:55:04.432  6998 22644 E baseline.com.newsblur.network.APIResponse: 	at java.util.concurrent.ThreadPoolExecutor$Worker.run(ThreadPoolExecutor.java:588)
08-06 12:55:04.432  6998 22644 E baseline.com.newsblur.network.APIResponse: 	at java.lang.Thread.run(Thread.java:818)
08-06 12:55:04.432  6998 22644 E baseline.com.newsblur.network.APIResponse: Caused by: java.io.EOFException: \n not found: limit=0 content=
08-06 12:55:04.432  6998 22644 E baseline.com.newsblur.network.APIResponse: 	at okio.RealBufferedSource.readUtf8LineStrict(RealBufferedSource.java:240)
08-06 12:55:04.432  6998 22644 E baseline.com.newsblur.network.APIResponse: 	at okhttp3.internal.http1.Http1ExchangeCodec.readHeaderLine(Http1ExchangeCodec.java:242)
08-06 12:55:04.432  6998 22644 E baseline.com.newsblur.network.APIResponse: 	at okhttp3.internal.http1.Http1ExchangeCodec.readResponseHeaders(Http1ExchangeCodec.java:213)
08-06 12:55:04.432  6998 22644 E baseline.com.newsblur.network.APIResponse: 	... 30 more
08-06 12:55:04.434  6998 22644 I baseline.com.newsblur.service.NBSyncService: Holding reading action with server-side or network error.
08-06 12:55:04.445  6998 22644 W baseline.com.newsblur.service.NBSyncService: hard API failure
08-06 12:55:04.495 22761 22761 D AndroidRuntime: >>>>>> START com.android.internal.os.RuntimeInit uid 2000 <<<<<<
08-06 12:55:04.501 22761 22761 D AndroidRuntime: CheckJNI is OFF
08-06 12:55:04.543 22761 22761 D ICU     : No timezone override file found: /data/misc/zoneinfo/current/icu/icu_tzdata.dat
08-06 12:55:04.585 22761 22761 I Radio-JNI: register_android_hardware_Radio DONE
08-06 12:55:04.612  6998  7011 I art     : Starting a blocking GC Explicit
08-06 12:55:04.615 22761 22761 D AndroidRuntime: Calling main entry com.android.commands.input.Input
08-06 12:55:04.617 22761 22761 I Input   : injectKeyEvent: KeyEvent { action=ACTION_DOWN, keyCode=KEYCODE_BACK, scanCode=0, metaState=0, flags=0x0, repeatCount=0, eventTime=881721029, downTime=881721029, deviceId=-1, source=0x101 }
08-06 12:55:04.624 22761 22761 I Input   : injectKeyEvent: KeyEvent { action=ACTION_UP, keyCode=KEYCODE_BACK, scanCode=0, metaState=0, flags=0x0, repeatCount=0, eventTime=881721029, downTime=881721029, deviceId=-1, source=0x101 }
08-06 12:55:04.632 22761 22761 D AndroidRuntime: Shutting down VM
08-06 12:55:04.655  6998  7011 I art     : Explicit concurrent mark sweep GC freed 4664(471KB) AllocSpace objects, 9(180KB) LOS objects, 29% free, 37MB/53MB, paused 1.526ms total 41.930ms
08-06 12:55:04.667  6998  7011 I art     : Starting a blocking GC Explicit
08-06 12:55:04.706  6998  7011 I art     : Explicit concurrent mark sweep GC freed 185(7KB) AllocSpace objects, 0(0B) LOS objects, 29% free, 37MB/53MB, paused 1.371ms total 38.797ms
08-06 12:55:04.719  6998  7011 I art     : Starting a blocking GC Explicit
08-06 12:55:04.760  6998  7011 I art     : Explicit concurrent mark sweep GC freed 32(3008B) AllocSpace objects, 0(0B) LOS objects, 29% free, 37MB/53MB, paused 1.556ms total 41.543ms
08-06 12:55:04.773  6998  7011 I art     : Starting a blocking GC Explicit
08-06 12:55:04.813  6998  7011 I art     : Explicit concurrent mark sweep GC freed 6388(408KB) AllocSpace objects, 6(120KB) LOS objects, 29% free, 37MB/53MB, paused 1.480ms total 39.498ms
08-06 12:55:04.815 13866 13866 I GoogleInputMethodServic: GoogleInputMethodService.onFinishInput():3138 
08-06 12:55:04.816 13866 13866 I GoogleInputMethodServic: GoogleInputMethodService.onStartInput():1808 
08-06 12:55:04.827  6998  7011 I art     : Starting a blocking GC Explicit
08-06 12:55:04.868  6998  7011 I art     : Explicit concurrent mark sweep GC freed 1530(103KB) AllocSpace objects, 2(40KB) LOS objects, 29% free, 37MB/53MB, paused 1.451ms total 41.082ms
08-06 12:55:05.035  6998 22644 E baseline.com.newsblur.network.APIResponse: Error (unexpected end of stream on https://www.newsblur.com/...) calling https://www.newsblur.com/reader/mark_story_hashes_as_read/
08-06 12:55:05.035  6998 22644 E baseline.com.newsblur.network.APIResponse: java.io.IOException: unexpected end of stream on https://www.newsblur.com/...
08-06 12:55:05.035  6998 22644 E baseline.com.newsblur.network.APIResponse: 	at okhttp3.internal.http1.Http1ExchangeCodec.readResponseHeaders(Http1ExchangeCodec.java:236)
08-06 12:55:05.035  6998 22644 E baseline.com.newsblur.network.APIResponse: 	at okhttp3.internal.connection.Exchange.readResponseHeaders(Exchange.java:115)
08-06 12:55:05.035  6998 22644 E baseline.com.newsblur.network.APIResponse: 	at okhttp3.internal.http.CallServerInterceptor.intercept(CallServerInterceptor.java:94)
08-06 12:55:05.035  6998 22644 E baseline.com.newsblur.network.APIResponse: 	at okhttp3.internal.http.RealInterceptorChain.proceed(RealInterceptorChain.java:142)
08-06 12:55:05.035  6998 22644 E baseline.com.newsblur.network.APIResponse: 	at okhttp3.internal.connection.ConnectInterceptor.intercept(ConnectInterceptor.java:43)
08-06 12:55:05.035  6998 22644 E baseline.com.newsblur.network.APIResponse: 	at okhttp3.internal.http.RealInterceptorChain.proceed(RealInterceptorChain.java:142)
08-06 12:55:05.035  6998 22644 E baseline.com.newsblur.network.APIResponse: 	at okhttp3.internal.http.RealInterceptorChain.proceed(RealInterceptorChain.java:117)
08-06 12:55:05.035  6998 22644 E baseline.com.newsblur.network.APIResponse: 	at okhttp3.internal.cache.CacheInterceptor.intercept(CacheInterceptor.java:94)
08-06 12:55:05.035  6998 22644 E baseline.com.newsblur.network.APIResponse: 	at okhttp3.internal.http.RealInterceptorChain.proceed(RealInterceptorChain.java:142)
08-06 12:55:05.035  6998 22644 E baseline.com.newsblur.network.APIResponse: 	at okhttp3.internal.http.RealInterceptorChain.proceed(RealInterceptorChain.java:117)
08-06 12:55:05.035  6998 22644 E baseline.com.newsblur.network.APIResponse: 	at okhttp3.internal.http.BridgeInterceptor.intercept(BridgeInterceptor.java:93)
08-06 12:55:05.035  6998 22644 E baseline.com.newsblur.network.APIResponse: 	at okhttp3.internal.http.RealInterceptorChain.proceed(RealInterceptorChain.java:142)
08-06 12:55:05.035  6998 22644 E baseline.com.newsblur.network.APIResponse: 	at okhttp3.internal.http.RetryAndFollowUpInterceptor.intercept(RetryAndFollowUpInterceptor.java:88)
08-06 12:55:05.035  6998 22644 E baseline.com.newsblur.network.APIResponse: 	at okhttp3.internal.http.RealInterceptorChain.proceed(RealInterceptorChain.java:142)
08-06 12:55:05.035  6998 22644 E baseline.com.newsblur.network.APIResponse: 	at okhttp3.internal.http.RealInterceptorChain.proceed(RealInterceptorChain.java:117)
08-06 12:55:05.035  6998 22644 E baseline.com.newsblur.network.APIResponse: 	at okhttp3.RealCall.getResponseWithInterceptorChain(RealCall.java:229)
08-06 12:55:05.035  6998 22644 E baseline.com.newsblur.network.APIResponse: 	at okhttp3.RealCall.execute(RealCall.java:81)
08-06 12:55:05.035  6998 22644 E baseline.com.newsblur.network.APIResponse: 	at baseline.com.newsblur.network.APIResponse.<init>(APIResponse.java:57)
08-06 12:55:05.035  6998 22644 E baseline.com.newsblur.network.APIResponse: 	at baseline.com.newsblur.network.APIResponse.<init>(APIResponse.java:43)
08-06 12:55:05.035  6998 22644 E baseline.com.newsblur.network.APIResponse: 	at baseline.com.newsblur.network.APIManager.post_single(APIManager.java:702)
08-06 12:55:05.035  6998 22644 E baseline.com.newsblur.network.APIResponse: 	at baseline.com.newsblur.network.APIManager.post(APIManager.java:675)
08-06 12:55:05.035  6998 22644 E baseline.com.newsblur.network.APIResponse: 	at baseline.com.newsblur.network.APIManager.post(APIManager.java:714)
08-06 12:55:05.035  6998 22644 E baseline.com.newsblur.network.APIResponse: 	at baseline.com.newsblur.network.APIManager.markStoryAsRead(APIManager.java:205)
08-06 12:55:05.035  6998 22644 E baseline.com.newsblur.network.APIResponse: 	at baseline.com.newsblur.util.ReadingAction.doRemote(ReadingAction.java:281)
08-06 12:55:05.035  6998 22644 E baseline.com.newsblur.network.APIResponse: 	at baseline.com.newsblur.service.NBSyncService.syncActions(NBSyncService.java:400)
08-06 12:55:05.035  6998 22644 E baseline.com.newsblur.network.APIResponse: 	at baseline.com.newsblur.service.NBSyncService.doSync(NBSyncService.java:298)
08-06 12:55:05.035  6998 22644 E baseline.com.newsblur.network.APIResponse: 	at baseline.com.newsblur.service.NBSyncService.access$100(NBSyncService.java:67)
08-06 12:55:05.035  6998 22644 E baseline.com.newsblur.network.APIResponse: 	at baseline.com.newsblur.service.NBSyncService$1.run(NBSyncService.java:188)
08-06 12:55:05.035  6998 22644 E baseline.com.newsblur.network.APIResponse: 	at java.util.concurrent.ThreadPoolExecutor.runWorker(ThreadPoolExecutor.java:1113)
08-06 12:55:05.035  6998 22644 E baseline.com.newsblur.network.APIResponse: 	at java.util.concurrent.ThreadPoolExecutor$Worker.run(ThreadPoolExecutor.java:588)
08-06 12:55:05.035  6998 22644 E baseline.com.newsblur.network.APIResponse: 	at java.lang.Thread.run(Thread.java:818)
08-06 12:55:05.035  6998 22644 E baseline.com.newsblur.network.APIResponse: Caused by: java.io.EOFException: \n not found: limit=0 content=
08-06 12:55:05.035  6998 22644 E baseline.com.newsblur.network.APIResponse: 	at okio.RealBufferedSource.readUtf8LineStrict(RealBufferedSource.java:240)
08-06 12:55:05.035  6998 22644 E baseline.com.newsblur.network.APIResponse: 	at okhttp3.internal.http1.Http1ExchangeCodec.readHeaderLine(Http1ExchangeCodec.java:242)
08-06 12:55:05.035  6998 22644 E baseline.com.newsblur.network.APIResponse: 	at okhttp3.internal.http1.Http1ExchangeCodec.readResponseHeaders(Http1ExchangeCodec.java:213)
08-06 12:55:05.035  6998 22644 E baseline.com.newsblur.network.APIResponse: 	... 30 more
08-06 12:55:05.037  6998 22644 I baseline.com.newsblur.network.APIManager: API call failed, pausing before retry number 1
08-06 12:55:05.209  6998 21988 I art     : Starting a blocking GC Explicit
08-06 12:55:05.249  6998 21988 I art     : Explicit concurrent mark sweep GC freed 4496(381KB) AllocSpace objects, 3(60KB) LOS objects, 29% free, 37MB/53MB, paused 1.257ms total 39.380ms
08-06 12:55:05.261  6998 21988 I art     : Starting a blocking GC Explicit
08-06 12:55:05.301  6998 21988 I art     : Explicit concurrent mark sweep GC freed 253(10KB) AllocSpace objects, 0(0B) LOS objects, 29% free, 37MB/53MB, paused 1.313ms total 39.093ms
08-06 12:55:05.313  6998 21988 I art     : Starting a blocking GC Explicit
08-06 12:55:05.354  6998 21988 I art     : Explicit concurrent mark sweep GC freed 9(288B) AllocSpace objects, 0(0B) LOS objects, 29% free, 37MB/53MB, paused 1.289ms total 40.642ms
08-06 12:55:05.366  6998 21988 I art     : Starting a blocking GC Explicit
08-06 12:55:05.408  6998 21988 I art     : Explicit concurrent mark sweep GC freed 9(288B) AllocSpace objects, 0(0B) LOS objects, 29% free, 37MB/53MB, paused 1.361ms total 41.304ms
08-06 12:55:05.421  6998 21988 I art     : Starting a blocking GC Explicit
08-06 12:55:05.463  6998 21988 I art     : Explicit concurrent mark sweep GC freed 10(320B) AllocSpace objects, 0(0B) LOS objects, 29% free, 37MB/53MB, paused 1.356ms total 42.100ms
08-06 12:55:05.819  6998  7009 I art     : Starting a blocking GC Explicit
08-06 12:55:05.865  6998  7009 I art     : Explicit concurrent mark sweep GC freed 1483(84KB) AllocSpace objects, 1(20KB) LOS objects, 29% free, 37MB/53MB, paused 1.199ms total 45.783ms
08-06 12:55:05.880  6998  7009 I art     : Starting a blocking GC Explicit
08-06 12:55:05.921  6998  7009 I art     : Explicit concurrent mark sweep GC freed 31(1088B) AllocSpace objects, 0(0B) LOS objects, 29% free, 37MB/53MB, paused 1.478ms total 41.024ms
08-06 12:55:05.933  6998  7009 I art     : Starting a blocking GC Explicit
08-06 12:55:05.974  6998  7009 I art     : Explicit concurrent mark sweep GC freed 8(256B) AllocSpace objects, 0(0B) LOS objects, 29% free, 37MB/53MB, paused 1.273ms total 40.549ms
08-06 12:55:05.988  6998  7009 I art     : Starting a blocking GC Explicit
08-06 12:55:06.030  6998  7009 I art     : Explicit concurrent mark sweep GC freed 9(288B) AllocSpace objects, 0(0B) LOS objects, 29% free, 37MB/53MB, paused 1.272ms total 42.104ms
08-06 12:55:06.043  6998  7009 I art     : Starting a blocking GC Explicit
08-06 12:55:06.084  6998  7009 I art     : Explicit concurrent mark sweep GC freed 11(352B) AllocSpace objects, 0(0B) LOS objects, 29% free, 37MB/53MB, paused 1.307ms total 40.971ms
08-06 12:55:06.408 22804 22804 D AndroidRuntime: >>>>>> START com.android.internal.os.RuntimeInit uid 2000 <<<<<<
08-06 12:55:06.414 22804 22804 D AndroidRuntime: CheckJNI is OFF
08-06 12:55:06.436  6998  7011 I art     : Starting a blocking GC Explicit
08-06 12:55:06.461 22804 22804 D ICU     : No timezone override file found: /data/misc/zoneinfo/current/icu/icu_tzdata.dat
08-06 12:55:06.481  6998  7011 I art     : Explicit concurrent mark sweep GC freed 1455(83KB) AllocSpace objects, 1(20KB) LOS objects, 29% free, 37MB/53MB, paused 1.341ms total 43.929ms
08-06 12:55:06.493  6998  7011 I art     : Starting a blocking GC Explicit
08-06 12:55:06.510 22804 22804 I Radio-JNI: register_android_hardware_Radio DONE
08-06 12:55:06.537  6998  7011 I art     : Explicit concurrent mark sweep GC freed 22(784B) AllocSpace objects, 0(0B) LOS objects, 29% free, 37MB/53MB, paused 1.309ms total 43.581ms
08-06 12:55:06.540 22804 22804 D AndroidRuntime: Calling main entry com.android.commands.input.Input
08-06 12:55:06.543 22804 22804 I Input   : injectMotionEvent: MotionEvent { action=ACTION_DOWN, actionButton=0, id[0]=0, x[0]=594.0, y[0]=330.0, toolType[0]=TOOL_TYPE_UNKNOWN, buttonState=0, metaState=0, flags=0x0, edgeFlags=0x0, pointerCount=1, historySize=0, eventTime=881722955, downTime=881722955, deviceId=0, source=0x1002 }
08-06 12:55:06.549 22804 22804 I Input   : injectMotionEvent: MotionEvent { action=ACTION_UP, actionButton=0, id[0]=0, x[0]=594.0, y[0]=330.0, toolType[0]=TOOL_TYPE_UNKNOWN, buttonState=0, metaState=0, flags=0x0, edgeFlags=0x0, pointerCount=1, historySize=0, eventTime=881722955, downTime=881722955, deviceId=0, source=0x1002 }
08-06 12:55:06.549  6998  7011 I art     : Starting a blocking GC Explicit
08-06 12:55:06.552 22804 22804 D AndroidRuntime: Shutting down VM
08-06 12:55:06.592  6998  7011 I art     : Explicit concurrent mark sweep GC freed 134(5KB) AllocSpace objects, 0(0B) LOS objects, 29% free, 37MB/53MB, paused 1.318ms total 42.149ms
08-06 12:55:06.604  6998  7011 I art     : Starting a blocking GC Explicit
08-06 12:55:06.619   918  4413 I ActivityManager: START u0 {cmp=baseline.com.newsblur/.activity.GlobalSharedStoriesItemsList (has extras)} from uid 10698 on display 0
08-06 12:55:06.643  6998 21975 I baseline.com.newsblur.database.BlurDatabaseHelper: reading session reset
08-06 12:55:06.648  6998  7011 I art     : Explicit concurrent mark sweep GC freed 846(107KB) AllocSpace objects, 4(80KB) LOS objects, 29% free, 37MB/53MB, paused 1.983ms total 44.147ms
08-06 12:55:06.660  6998  7011 I art     : Starting a blocking GC Explicit
08-06 12:55:06.702  6998  7011 I art     : Explicit concurrent mark sweep GC freed 1134(72KB) AllocSpace objects, 1(112KB) LOS objects, 29% free, 37MB/53MB, paused 1.379ms total 41.532ms
08-06 12:55:06.834  6998  6998 W View    : requestLayout() improperly called by android.widget.FrameLayout{dec6135 V.E...... ......ID 0,0-1440,18 #7f07003f app:id/footer_view_inner} during layout: running second layout pass
08-06 12:55:06.834  6998  6998 W View    : requestLayout() improperly called by android.widget.FrameLayout{741b9ca V.E...... ......ID 0,0-1440,2091 #7f07003f app:id/footer_view_inner} during layout: running second layout pass
08-06 12:55:06.854 13866 13866 I GoogleInputMethodServic: GoogleInputMethodService.onFinishInput():3138 
08-06 12:55:06.854   918   936 I ActivityManager: Displayed baseline.com.newsblur/.activity.GlobalSharedStoriesItemsList: +223ms
08-06 12:55:06.854 13866 13866 I GoogleInputMethodServic: GoogleInputMethodService.onStartInput():1808 
08-06 12:55:06.951  6998 22835 I NAPPA_EXPERIMENTATION: MetricNetworkRequestExecutionTime: REQUEST_DURATION_SYSTEM='39',REQUEST_DURATION_OKHTTP='38',REQUEST_SYNCHRONOUS='TRUE',RESPONSE_CODE='200',RESPONSE_METHOD='GET',RESPONSE_LENGTH_OKHTTP='43',RESPONSE_LENGTH_HEADER='43',REQUEST_PROTOCOL='http/1.1',REQUEST_URL='http://feeds.feedburner.com/~r/retort/~4/UffaFMiJbNs',
08-06 12:55:07.017  6998 22644 E baseline.com.newsblur.network.APIResponse: Error (unexpected end of stream on https://www.newsblur.com/...) calling https://www.newsblur.com/reader/mark_story_hashes_as_read/
08-06 12:55:07.017  6998 22644 E baseline.com.newsblur.network.APIResponse: java.io.IOException: unexpected end of stream on https://www.newsblur.com/...
08-06 12:55:07.017  6998 22644 E baseline.com.newsblur.network.APIResponse: 	at okhttp3.internal.http1.Http1ExchangeCodec.readResponseHeaders(Http1ExchangeCodec.java:236)
08-06 12:55:07.017  6998 22644 E baseline.com.newsblur.network.APIResponse: 	at okhttp3.internal.connection.Exchange.readResponseHeaders(Exchange.java:115)
08-06 12:55:07.017  6998 22644 E baseline.com.newsblur.network.APIResponse: 	at okhttp3.internal.http.CallServerInterceptor.intercept(CallServerInterceptor.java:94)
08-06 12:55:07.017  6998 22644 E baseline.com.newsblur.network.APIResponse: 	at okhttp3.internal.http.RealInterceptorChain.proceed(RealInterceptorChain.java:142)
08-06 12:55:07.017  6998 22644 E baseline.com.newsblur.network.APIResponse: 	at okhttp3.internal.connection.ConnectInterceptor.intercept(ConnectInterceptor.java:43)
08-06 12:55:07.017  6998 22644 E baseline.com.newsblur.network.APIResponse: 	at okhttp3.internal.http.RealInterceptorChain.proceed(RealInterceptorChain.java:142)
08-06 12:55:07.017  6998 22644 E baseline.com.newsblur.network.APIResponse: 	at okhttp3.internal.http.RealInterceptorChain.proceed(RealInterceptorChain.java:117)
08-06 12:55:07.017  6998 22644 E baseline.com.newsblur.network.APIResponse: 	at okhttp3.internal.cache.CacheInterceptor.intercept(CacheInterceptor.java:94)
08-06 12:55:07.017  6998 22644 E baseline.com.newsblur.network.APIResponse: 	at okhttp3.internal.http.RealInterceptorChain.proceed(RealInterceptorChain.java:142)
08-06 12:55:07.017  6998 22644 E baseline.com.newsblur.network.APIResponse: 	at okhttp3.internal.http.RealInterceptorChain.proceed(RealInterceptorChain.java:117)
08-06 12:55:07.017  6998 22644 E baseline.com.newsblur.network.APIResponse: 	at okhttp3.internal.http.BridgeInterceptor.intercept(BridgeInterceptor.java:93)
08-06 12:55:07.017  6998 22644 E baseline.com.newsblur.network.APIResponse: 	at okhttp3.internal.http.RealInterceptorChain.proceed(RealInterceptorChain.java:142)
08-06 12:55:07.017  6998 22644 E baseline.com.newsblur.network.APIResponse: 	at okhttp3.internal.http.RetryAndFollowUpInterceptor.intercept(RetryAndFollowUpInterceptor.java:88)
08-06 12:55:07.017  6998 22644 E baseline.com.newsblur.network.APIResponse: 	at okhttp3.internal.http.RealInterceptorChain.proceed(RealInterceptorChain.java:142)
08-06 12:55:07.017  6998 22644 E baseline.com.newsblur.network.APIResponse: 	at okhttp3.internal.http.RealInterceptorChain.proceed(RealInterceptorChain.java:117)
08-06 12:55:07.017  6998 22644 E baseline.com.newsblur.network.APIResponse: 	at okhttp3.RealCall.getResponseWithInterceptorChain(RealCall.java:229)
08-06 12:55:07.017  6998 22644 E baseline.com.newsblur.network.APIResponse: 	at okhttp3.RealCall.execute(RealCall.java:81)
08-06 12:55:07.017  6998 22644 E baseline.com.newsblur.network.APIResponse: 	at baseline.com.newsblur.network.APIResponse.<init>(APIResponse.java:57)
08-06 12:55:07.017  6998 22644 E baseline.com.newsblur.network.APIResponse: 	at baseline.com.newsblur.network.APIResponse.<init>(APIResponse.java:43)
08-06 12:55:07.017  6998 22644 E baseline.com.newsblur.network.APIResponse: 	at baseline.com.newsblur.network.APIManager.post_single(APIManager.java:702)
08-06 12:55:07.017  6998 22644 E baseline.com.newsblur.network.APIResponse: 	at baseline.com.newsblur.network.APIManager.post(APIManager.java:675)
08-06 12:55:07.017  6998 22644 E baseline.com.newsblur.network.APIResponse: 	at baseline.com.newsblur.network.APIManager.post(APIManager.java:714)
08-06 12:55:07.017  6998 22644 E baseline.com.newsblur.network.APIResponse: 	at baseline.com.newsblur.network.APIManager.markStoryAsRead(APIManager.java:205)
08-06 12:55:07.017  6998 22644 E baseline.com.newsblur.network.APIResponse: 	at baseline.com.newsblur.util.ReadingAction.doRemote(ReadingAction.java:281)
08-06 12:55:07.017  6998 22644 E baseline.com.newsblur.network.APIResponse: 	at baseline.com.newsblur.service.NBSyncService.syncActions(NBSyncService.java:400)
08-06 12:55:07.017  6998 22644 E baseline.com.newsblur.network.APIResponse: 	at baseline.com.newsblur.service.NBSyncService.doSync(NBSyncService.java:298)
08-06 12:55:07.017  6998 22644 E baseline.com.newsblur.network.APIResponse: 	at baseline.com.newsblur.service.NBSyncService.access$100(NBSyncService.java:67)
08-06 12:55:07.017  6998 22644 E baseline.com.newsblur.network.APIResponse: 	at baseline.com.newsblur.service.NBSyncService$1.run(NBSyncService.java:188)
08-06 12:55:07.017  6998 22644 E baseline.com.newsblur.network.APIResponse: 	at java.util.concurrent.ThreadPoolExecutor.runWorker(ThreadPoolExecutor.java:1113)
08-06 12:55:07.017  6998 22644 E baseline.com.newsblur.network.APIResponse: 	at java.util.concurrent.ThreadPoolExecutor$Worker.run(ThreadPoolExecutor.java:588)
08-06 12:55:07.017  6998 22644 E baseline.com.newsblur.network.APIResponse: 	at java.lang.Thread.run(Thread.java:818)
08-06 12:55:07.017  6998 22644 E baseline.com.newsblur.network.APIResponse: Caused by: java.io.EOFException: \n not found: limit=0 content=
08-06 12:55:07.017  6998 22644 E baseline.com.newsblur.network.APIResponse: 	at okio.RealBufferedSource.readUtf8LineStrict(RealBufferedSource.java:240)
08-06 12:55:07.017  6998 22644 E baseline.com.newsblur.network.APIResponse: 	at okhttp3.internal.http1.Http1ExchangeCodec.readHeaderLine(Http1ExchangeCodec.java:242)
08-06 12:55:07.017  6998 22644 E baseline.com.newsblur.network.APIResponse: 	at okhttp3.internal.http1.Http1ExchangeCodec.readResponseHeaders(Http1ExchangeCodec.java:213)
08-06 12:55:07.017  6998 22644 E baseline.com.newsblur.network.APIResponse: 	... 30 more
08-06 12:55:07.018  6998 22644 I baseline.com.newsblur.network.APIManager: API call failed, pausing before retry number 2
08-06 12:55:07.048  6998  7009 I art     : Starting a blocking GC Explicit
08-06 12:55:07.101  6998  7009 I art     : Explicit concurrent mark sweep GC freed 6689(562KB) AllocSpace objects, 12(240KB) LOS objects, 29% free, 37MB/53MB, paused 1.571ms total 52.763ms
08-06 12:55:07.114  6998  7009 I art     : Starting a blocking GC Explicit
08-06 12:55:07.157  6998  7009 I art     : Explicit concurrent mark sweep GC freed 458(30KB) AllocSpace objects, 1(20KB) LOS objects, 29% free, 37MB/53MB, paused 1.193ms total 41.921ms
08-06 12:55:07.168  6998  7009 I art     : Starting a blocking GC Explicit
08-06 12:55:07.210  6998  7009 I art     : Explicit concurrent mark sweep GC freed 14(576B) AllocSpace objects, 0(0B) LOS objects, 29% free, 37MB/53MB, paused 1.409ms total 41.042ms
08-06 12:55:07.223  6998  7009 I art     : Starting a blocking GC Explicit
08-06 12:55:07.268  6998  7009 I art     : Explicit concurrent mark sweep GC freed 65(2720B) AllocSpace objects, 0(0B) LOS objects, 29% free, 37MB/53MB, paused 1.340ms total 45.273ms
08-06 12:55:07.268  6998  7008 I art     : WaitForGcToComplete blocked for 45.562ms for cause HeapTrim
08-06 12:55:07.282  6998  7009 I art     : Starting a blocking GC Explicit
08-06 12:55:07.325  6998  7009 I art     : Explicit concurrent mark sweep GC freed 135(5KB) AllocSpace objects, 0(0B) LOS objects, 29% free, 37MB/53MB, paused 1.355ms total 42.500ms
08-06 12:55:07.673  6998 21780 I art     : Starting a blocking GC Explicit
08-06 12:55:07.719  6998 21780 I art     : Explicit concurrent mark sweep GC freed 1443(83KB) AllocSpace objects, 1(20KB) LOS objects, 29% free, 37MB/53MB, paused 1.471ms total 46.093ms
08-06 12:55:07.733  6998 21780 I art     : Starting a blocking GC Explicit
08-06 12:55:07.778  6998 21780 I art     : Explicit concurrent mark sweep GC freed 22(800B) AllocSpace objects, 0(0B) LOS objects, 29% free, 37MB/53MB, paused 1.354ms total 44.556ms
08-06 12:55:07.791  6998 21780 I art     : Starting a blocking GC Explicit
08-06 12:55:07.836  6998 21780 I art     : Explicit concurrent mark sweep GC freed 3(96B) AllocSpace objects, 0(0B) LOS objects, 29% free, 37MB/53MB, paused 1.303ms total 44.824ms
08-06 12:55:07.849  6998 21780 I art     : Starting a blocking GC Explicit
08-06 12:55:07.893  6998 21780 I art     : Explicit concurrent mark sweep GC freed 3(96B) AllocSpace objects, 0(0B) LOS objects, 29% free, 37MB/53MB, paused 1.334ms total 44.220ms
08-06 12:55:07.906  6998 21780 I art     : Starting a blocking GC Explicit
08-06 12:55:07.952  6998 21780 I art     : Explicit concurrent mark sweep GC freed 3(96B) AllocSpace objects, 0(0B) LOS objects, 29% free, 37MB/53MB, paused 1.369ms total 45.698ms
08-06 12:55:08.327  6998  7009 I art     : Starting a blocking GC Explicit
08-06 12:55:08.379  6998  7009 I art     : Explicit concurrent mark sweep GC freed 1470(83KB) AllocSpace objects, 1(20KB) LOS objects, 29% free, 37MB/53MB, paused 1.506ms total 51.040ms
08-06 12:55:08.395  6998  7009 I art     : Starting a blocking GC Explicit
08-06 12:55:08.443  6998  7009 I art     : Explicit concurrent mark sweep GC freed 22(784B) AllocSpace objects, 0(0B) LOS objects, 29% free, 37MB/53MB, paused 1.353ms total 48.104ms
08-06 12:55:08.456  6998  7009 I art     : Starting a blocking GC Explicit
08-06 12:55:08.505  6998  7009 I art     : Explicit concurrent mark sweep GC freed 3(96B) AllocSpace objects, 0(0B) LOS objects, 29% free, 37MB/53MB, paused 1.406ms total 48.071ms
08-06 12:55:08.518  6998  7009 I art     : Starting a blocking GC Explicit
08-06 12:55:08.569  6998  7009 I art     : Explicit concurrent mark sweep GC freed 3(96B) AllocSpace objects, 0(0B) LOS objects, 29% free, 37MB/53MB, paused 1.504ms total 50.958ms
08-06 12:55:08.583  6998  7009 I art     : Starting a blocking GC Explicit
08-06 12:55:08.633  6998  7009 I art     : Explicit concurrent mark sweep GC freed 3(96B) AllocSpace objects, 0(0B) LOS objects, 29% free, 37MB/53MB, paused 1.425ms total 50.455ms
08-06 12:55:08.989  6998 21988 I art     : Starting a blocking GC Explicit
08-06 12:55:09.039  6998 21988 I art     : Explicit concurrent mark sweep GC freed 1441(83KB) AllocSpace objects, 1(20KB) LOS objects, 29% free, 37MB/53MB, paused 1.490ms total 49.032ms
08-06 12:55:09.053  6998 21988 I art     : Starting a blocking GC Explicit
08-06 12:55:09.100  6998 21988 I art     : Explicit concurrent mark sweep GC freed 22(784B) AllocSpace objects, 0(0B) LOS objects, 29% free, 37MB/53MB, paused 1.449ms total 46.547ms
08-06 12:55:09.113  6998 21988 I art     : Starting a blocking GC Explicit
08-06 12:55:09.162  6998 21988 I art     : Explicit concurrent mark sweep GC freed 3(96B) AllocSpace objects, 0(0B) LOS objects, 29% free, 37MB/53MB, paused 1.358ms total 48.061ms
08-06 12:55:09.175  6998 21988 I art     : Starting a blocking GC Explicit
08-06 12:55:09.223  6998 21988 I art     : Explicit concurrent mark sweep GC freed 3(96B) AllocSpace objects, 0(0B) LOS objects, 29% free, 37MB/53MB, paused 1.416ms total 48.582ms
08-06 12:55:09.237  6998 21988 I art     : Starting a blocking GC Explicit
08-06 12:55:09.286  6998 21988 I art     : Explicit concurrent mark sweep GC freed 3(96B) AllocSpace objects, 0(0B) LOS objects, 29% free, 37MB/53MB, paused 1.324ms total 48.750ms
08-06 12:55:09.685  6998  7011 I art     : Starting a blocking GC Explicit
08-06 12:55:09.737  6998  7011 I art     : Explicit concurrent mark sweep GC freed 1440(83KB) AllocSpace objects, 1(20KB) LOS objects, 29% free, 37MB/53MB, paused 1.426ms total 50.814ms
08-06 12:55:09.750  6998  7011 I art     : Starting a blocking GC Explicit
08-06 12:55:09.800  6998  7011 I art     : Explicit concurrent mark sweep GC freed 22(784B) AllocSpace objects, 0(0B) LOS objects, 29% free, 37MB/53MB, paused 1.328ms total 49.457ms
08-06 12:55:09.813  6998  7011 I art     : Starting a blocking GC Explicit
08-06 12:55:09.862  6998  7011 I art     : Explicit concurrent mark sweep GC freed 3(96B) AllocSpace objects, 0(0B) LOS objects, 29% free, 37MB/53MB, paused 1.455ms total 48.479ms
08-06 12:55:09.875  6998  7011 I art     : Starting a blocking GC Explicit
08-06 12:55:09.926  6998  7011 I art     : Explicit concurrent mark sweep GC freed 3(96B) AllocSpace objects, 0(0B) LOS objects, 29% free, 37MB/53MB, paused 1.429ms total 50.355ms
08-06 12:55:09.939  6998  7011 I art     : Starting a blocking GC Explicit
08-06 12:55:09.988  6998  7011 I art     : Explicit concurrent mark sweep GC freed 3(96B) AllocSpace objects, 0(0B) LOS objects, 29% free, 37MB/53MB, paused 1.458ms total 48.449ms
08-06 12:55:10.370  6998 22841 I art     : Starting a blocking GC Explicit
08-06 12:55:10.420  6998 22841 I art     : Explicit concurrent mark sweep GC freed 1605(93KB) AllocSpace objects, 1(20KB) LOS objects, 29% free, 37MB/53MB, paused 1.476ms total 48.980ms
08-06 12:55:10.435  6998 22841 I art     : Starting a blocking GC Explicit
08-06 12:55:10.484  6998 22841 I art     : Explicit concurrent mark sweep GC freed 28(1040B) AllocSpace objects, 0(0B) LOS objects, 29% free, 37MB/53MB, paused 1.427ms total 48.584ms
08-06 12:55:10.497  6998 22841 I art     : Starting a blocking GC Explicit
08-06 12:55:10.546  6998 22841 I art     : Explicit concurrent mark sweep GC freed 1657(64KB) AllocSpace objects, 0(0B) LOS objects, 29% free, 37MB/53MB, paused 1.500ms total 48.719ms
08-06 12:55:10.560  6998 22841 I art     : Starting a blocking GC Explicit
08-06 12:55:10.570  6998 22644 E baseline.com.newsblur.network.APIResponse: Error (unexpected end of stream on https://www.newsblur.com/...) calling https://www.newsblur.com/reader/mark_story_hashes_as_read/
08-06 12:55:10.570  6998 22644 E baseline.com.newsblur.network.APIResponse: java.io.IOException: unexpected end of stream on https://www.newsblur.com/...
08-06 12:55:10.570  6998 22644 E baseline.com.newsblur.network.APIResponse: 	at okhttp3.internal.http1.Http1ExchangeCodec.readResponseHeaders(Http1ExchangeCodec.java:236)
08-06 12:55:10.570  6998 22644 E baseline.com.newsblur.network.APIResponse: 	at okhttp3.internal.connection.Exchange.readResponseHeaders(Exchange.java:115)
08-06 12:55:10.570  6998 22644 E baseline.com.newsblur.network.APIResponse: 	at okhttp3.internal.http.CallServerInterceptor.intercept(CallServerInterceptor.java:94)
08-06 12:55:10.570  6998 22644 E baseline.com.newsblur.network.APIResponse: 	at okhttp3.internal.http.RealInterceptorChain.proceed(RealInterceptorChain.java:142)
08-06 12:55:10.570  6998 22644 E baseline.com.newsblur.network.APIResponse: 	at okhttp3.internal.connection.ConnectInterceptor.intercept(ConnectInterceptor.java:43)
08-06 12:55:10.570  6998 22644 E baseline.com.newsblur.network.APIResponse: 	at okhttp3.internal.http.RealInterceptorChain.proceed(RealInterceptorChain.java:142)
08-06 12:55:10.570  6998 22644 E baseline.com.newsblur.network.APIResponse: 	at okhttp3.internal.http.RealInterceptorChain.proceed(RealInterceptorChain.java:117)
08-06 12:55:10.570  6998 22644 E baseline.com.newsblur.network.APIResponse: 	at okhttp3.internal.cache.CacheInterceptor.intercept(CacheInterceptor.java:94)
08-06 12:55:10.570  6998 22644 E baseline.com.newsblur.network.APIResponse: 	at okhttp3.internal.http.RealInterceptorChain.proceed(RealInterceptorChain.java:142)
08-06 12:55:10.570  6998 22644 E baseline.com.newsblur.network.APIResponse: 	at okhttp3.internal.http.RealInterceptorChain.proceed(RealInterceptorChain.java:117)
08-06 12:55:10.570  6998 22644 E baseline.com.newsblur.network.APIResponse: 	at okhttp3.internal.http.BridgeInterceptor.intercept(BridgeInterceptor.java:93)
08-06 12:55:10.570  6998 22644 E baseline.com.newsblur.network.APIResponse: 	at okhttp3.internal.http.RealInterceptorChain.proceed(RealInterceptorChain.java:142)
08-06 12:55:10.570  6998 22644 E baseline.com.newsblur.network.APIResponse: 	at okhttp3.internal.http.RetryAndFollowUpInterceptor.intercept(RetryAndFollowUpInterceptor.java:88)
08-06 12:55:10.570  6998 22644 E baseline.com.newsblur.network.APIResponse: 	at okhttp3.internal.http.RealInterceptorChain.proceed(RealInterceptorChain.java:142)
08-06 12:55:10.570  6998 22644 E baseline.com.newsblur.network.APIResponse: 	at okhttp3.internal.http.RealInterceptorChain.proceed(RealInterceptorChain.java:117)
08-06 12:55:10.570  6998 22644 E baseline.com.newsblur.network.APIResponse: 	at okhttp3.RealCall.getResponseWithInterceptorChain(RealCall.java:229)
08-06 12:55:10.570  6998 22644 E baseline.com.newsblur.network.APIResponse: 	at okhttp3.RealCall.execute(RealCall.java:81)
08-06 12:55:10.570  6998 22644 E baseline.com.newsblur.network.APIResponse: 	at baseline.com.newsblur.network.APIResponse.<init>(APIResponse.java:57)
08-06 12:55:10.570  6998 22644 E baseline.com.newsblur.network.APIResponse: 	at baseline.com.newsblur.network.APIResponse.<init>(APIResponse.java:43)
08-06 12:55:10.570  6998 22644 E baseline.com.newsblur.network.APIResponse: 	at baseline.com.newsblur.network.APIManager.post_single(APIManager.java:702)
08-06 12:55:10.570  6998 22644 E baseline.com.newsblur.network.APIResponse: 	at baseline.com.newsblur.network.APIManager.post(APIManager.java:675)
08-06 12:55:10.570  6998 22644 E baseline.com.newsblur.network.APIResponse: 	at baseline.com.newsblur.network.APIManager.post(APIManager.java:714)
08-06 12:55:10.570  6998 22644 E baseline.com.newsblur.network.APIResponse: 	at baseline.com.newsblur.network.APIManager.markStoryAsRead(APIManager.java:205)
08-06 12:55:10.570  6998 22644 E baseline.com.newsblur.network.APIResponse: 	at baseline.com.newsblur.util.ReadingAction.doRemote(ReadingAction.java:281)
08-06 12:55:10.570  6998 22644 E baseline.com.newsblur.network.APIResponse: 	at baseline.com.newsblur.service.NBSyncService.syncActions(NBSyncService.java:400)
08-06 12:55:10.570  6998 22644 E baseline.com.newsblur.network.APIResponse: 	at baseline.com.newsblur.service.NBSyncService.doSync(NBSyncService.java:298)
08-06 12:55:10.570  6998 22644 E baseline.com.newsblur.network.APIResponse: 	at baseline.com.newsblur.service.NBSyncService.access$100(NBSyncService.java:67)
08-06 12:55:10.570  6998 22644 E baseline.com.newsblur.network.APIResponse: 	at baseline.com.newsblur.service.NBSyncService$1.run(NBSyncService.java:188)
08-06 12:55:10.570  6998 22644 E baseline.com.newsblur.network.APIResponse: 	at java.util.concurrent.ThreadPoolExecutor.runWorker(ThreadPoolExecutor.java:1113)
08-06 12:55:10.570  6998 22644 E baseline.com.newsblur.network.APIResponse: 	at java.util.concurrent.ThreadPoolExecutor$Worker.run(ThreadPoolExecutor.java:588)
08-06 12:55:10.570  6998 22644 E baseline.com.newsblur.network.APIResponse: 	at java.lang.Thread.run(Thread.java:818)
08-06 12:55:10.570  6998 22644 E baseline.com.newsblur.network.APIResponse: Caused by: java.io.EOFException: \n not found: limit=0 content=
08-06 12:55:10.570  6998 22644 E baseline.com.newsblur.network.APIResponse: 	at okio.RealBufferedSource.readUtf8LineStrict(RealBufferedSource.java:240)
08-06 12:55:10.570  6998 22644 E baseline.com.newsblur.network.APIResponse: 	at okhttp3.internal.http1.Http1ExchangeCodec.readHeaderLine(Http1ExchangeCodec.java:242)
08-06 12:55:10.570  6998 22644 E baseline.com.newsblur.network.APIResponse: 	at okhttp3.internal.http1.Http1ExchangeCodec.readResponseHeaders(Http1ExchangeCodec.java:213)
08-06 12:55:10.570  6998 22644 E baseline.com.newsblur.network.APIResponse: 	... 30 more
08-06 12:55:10.572  6998 22644 I baseline.com.newsblur.service.NBSyncService: Holding reading action with server-side or network error.
08-06 12:55:10.582  6998 22644 W baseline.com.newsblur.service.NBSyncService: hard API failure
08-06 12:55:10.592  6998 22644 I baseline.com.newsblur.service.NBSyncService: recounting dirty feed sets: 1
08-06 12:55:10.606  6998 22841 I art     : Explicit concurrent mark sweep GC freed 1566(262KB) AllocSpace objects, 4(80KB) LOS objects, 29% free, 37MB/53MB, paused 1.538ms total 46.226ms
08-06 12:55:10.620  6998 22841 I art     : Starting a blocking GC Explicit
08-06 12:55:10.669  6998 22841 I art     : Explicit concurrent mark sweep GC freed 332(26KB) AllocSpace objects, 0(0B) LOS objects, 29% free, 37MB/53MB, paused 1.431ms total 49.243ms
08-06 12:55:10.970  6998 22644 E baseline.com.newsblur.network.APIResponse: Error (unexpected end of stream on https://www.newsblur.com/...) calling https://www.newsblur.com/reader/feed_unread_count?feed_id=0
08-06 12:55:10.970  6998 22644 E baseline.com.newsblur.network.APIResponse: java.io.IOException: unexpected end of stream on https://www.newsblur.com/...
08-06 12:55:10.970  6998 22644 E baseline.com.newsblur.network.APIResponse: 	at okhttp3.internal.http1.Http1ExchangeCodec.readResponseHeaders(Http1ExchangeCodec.java:236)
08-06 12:55:10.970  6998 22644 E baseline.com.newsblur.network.APIResponse: 	at okhttp3.internal.connection.Exchange.readResponseHeaders(Exchange.java:115)
08-06 12:55:10.970  6998 22644 E baseline.com.newsblur.network.APIResponse: 	at okhttp3.internal.http.CallServerInterceptor.intercept(CallServerInterceptor.java:94)
08-06 12:55:10.970  6998 22644 E baseline.com.newsblur.network.APIResponse: 	at okhttp3.internal.http.RealInterceptorChain.proceed(RealInterceptorChain.java:142)
08-06 12:55:10.970  6998 22644 E baseline.com.newsblur.network.APIResponse: 	at okhttp3.internal.connection.ConnectInterceptor.intercept(ConnectInterceptor.java:43)
08-06 12:55:10.970  6998 22644 E baseline.com.newsblur.network.APIResponse: 	at okhttp3.internal.http.RealInterceptorChain.proceed(RealInterceptorChain.java:142)
08-06 12:55:10.970  6998 22644 E baseline.com.newsblur.network.APIResponse: 	at okhttp3.internal.http.RealInterceptorChain.proceed(RealInterceptorChain.java:117)
08-06 12:55:10.970  6998 22644 E baseline.com.newsblur.network.APIResponse: 	at okhttp3.internal.cache.CacheInterceptor.intercept(CacheInterceptor.java:94)
08-06 12:55:10.970  6998 22644 E baseline.com.newsblur.network.APIResponse: 	at okhttp3.internal.http.RealInterceptorChain.proceed(RealInterceptorChain.java:142)
08-06 12:55:10.970  6998 22644 E baseline.com.newsblur.network.APIResponse: 	at okhttp3.internal.http.RealInterceptorChain.proceed(RealInterceptorChain.java:117)
08-06 12:55:10.970  6998 22644 E baseline.com.newsblur.network.APIResponse: 	at okhttp3.internal.http.BridgeInterceptor.intercept(BridgeInterceptor.java:93)
08-06 12:55:10.970  6998 22644 E baseline.com.newsblur.network.APIResponse: 	at okhttp3.internal.http.RealInterceptorChain.proceed(RealInterceptorChain.java:142)
08-06 12:55:10.970  6998 22644 E baseline.com.newsblur.network.APIResponse: 	at okhttp3.internal.http.RetryAndFollowUpInterceptor.intercept(RetryAndFollowUpInterceptor.java:88)
08-06 12:55:10.970  6998 22644 E baseline.com.newsblur.network.APIResponse: 	at okhttp3.internal.http.RealInterceptorChain.proceed(RealInterceptorChain.java:142)
08-06 12:55:10.970  6998 22644 E baseline.com.newsblur.network.APIResponse: 	at okhttp3.internal.http.RealInterceptorChain.proceed(RealInterceptorChain.java:117)
08-06 12:55:10.970  6998 22644 E baseline.com.newsblur.network.APIResponse: 	at okhttp3.RealCall.getResponseWithInterceptorChain(RealCall.java:229)
08-06 12:55:10.970  6998 22644 E baseline.com.newsblur.network.APIResponse: 	at okhttp3.RealCall.execute(RealCall.java:81)
08-06 12:55:10.970  6998 22644 E baseline.com.newsblur.network.APIResponse: 	at baseline.com.newsblur.network.APIResponse.<init>(APIResponse.java:57)
08-06 12:55:10.970  6998 22644 E baseline.com.newsblur.network.APIResponse: 	at baseline.com.newsblur.network.APIManager.get_single(APIManager.java:639)
08-06 12:55:10.970  6998 22644 E baseline.com.newsblur.network.APIResponse: 	at baseline.com.newsblur.network.APIManager.get(APIManager.java:625)
08-06 12:55:10.970  6998 22644 E baseline.com.newsblur.network.APIResponse: 	at baseline.com.newsblur.network.APIManager.get(APIManager.java:667)
08-06 12:55:10.970  6998 22644 E baseline.com.newsblur.network.APIResponse: 	at baseline.com.newsblur.network.APIManager.getFeedUnreadCounts(APIManager.java:274)
08-06 12:55:10.970  6998 22644 E baseline.com.newsblur.network.APIResponse: 	at baseline.com.newsblur.service.NBSyncService.checkRecounts(NBSyncService.java:660)
08-06 12:55:10.970  6998 22644 E baseline.com.newsblur.network.APIResponse: 	at baseline.com.newsblur.service.NBSyncService.doSync(NBSyncService.java:310)
08-06 12:55:10.970  6998 22644 E baseline.com.newsblur.network.APIResponse: 	at baseline.com.newsblur.service.NBSyncService.access$100(NBSyncService.java:67)
08-06 12:55:10.970  6998 22644 E baseline.com.newsblur.network.APIResponse: 	at baseline.com.newsblur.service.NBSyncService$1.run(NBSyncService.java:188)
08-06 12:55:10.970  6998 22644 E baseline.com.newsblur.network.APIResponse: 	at java.util.concurrent.ThreadPoolExecutor.runWorker(ThreadPoolExecutor.java:1113)
08-06 12:55:10.970  6998 22644 E baseline.com.newsblur.network.APIResponse: 	at java.util.concurrent.ThreadPoolExecutor$Worker.run(ThreadPoolExecutor.java:588)
08-06 12:55:10.970  6998 22644 E baseline.com.newsblur.network.APIResponse: 	at java.lang.Thread.run(Thread.java:818)
08-06 12:55:10.970  6998 22644 E baseline.com.newsblur.network.APIResponse: Caused by: java.io.EOFException: \n not found: limit=0 content=
08-06 12:55:10.970  6998 22644 E baseline.com.newsblur.network.APIResponse: 	at okio.RealBufferedSource.readUtf8LineStrict(RealBufferedSource.java:240)
08-06 12:55:10.970  6998 22644 E baseline.com.newsblur.network.APIResponse: 	at okhttp3.internal.http1.Http1ExchangeCodec.readHeaderLine(Http1ExchangeCodec.java:242)
08-06 12:55:10.970  6998 22644 E baseline.com.newsblur.network.APIResponse: 	at okhttp3.internal.http1.Http1ExchangeCodec.readResponseHeaders(Http1ExchangeCodec.java:213)
08-06 12:55:10.970  6998 22644 E baseline.com.newsblur.network.APIResponse: 	... 28 more
08-06 12:55:10.971  6998 22644 I baseline.com.newsblur.network.APIManager: API call failed, pausing before retry number 1
08-06 12:55:11.033  6998 21780 I art     : Starting a blocking GC Explicit
08-06 12:55:11.085  6998 21780 I art     : Explicit concurrent mark sweep GC freed 3968(357KB) AllocSpace objects, 3(60KB) LOS objects, 29% free, 37MB/53MB, paused 1.408ms total 51.475ms
08-06 12:55:11.100  6998 21780 I art     : Starting a blocking GC Explicit
08-06 12:55:11.151  6998 21780 I art     : Explicit concurrent mark sweep GC freed 109(3KB) AllocSpace objects, 0(0B) LOS objects, 29% free, 37MB/53MB, paused 1.406ms total 50.015ms
08-06 12:55:11.164  6998 21780 I art     : Starting a blocking GC Explicit
08-06 12:55:11.212  6998 21780 I art     : Explicit concurrent mark sweep GC freed 3(96B) AllocSpace objects, 0(0B) LOS objects, 29% free, 37MB/53MB, paused 1.646ms total 47.991ms
08-06 12:55:11.226  6998 21780 I art     : Starting a blocking GC Explicit
08-06 12:55:11.277  6998 21780 I art     : Explicit concurrent mark sweep GC freed 3(96B) AllocSpace objects, 0(0B) LOS objects, 29% free, 37MB/53MB, paused 1.445ms total 50.820ms
08-06 12:55:11.293  6998 21780 I art     : Starting a blocking GC Explicit
08-06 12:55:11.340  6998 21780 I art     : Explicit concurrent mark sweep GC freed 3(96B) AllocSpace objects, 0(0B) LOS objects, 29% free, 37MB/53MB, paused 1.423ms total 47.033ms
08-06 12:55:11.704  6998  7009 I art     : Starting a blocking GC Explicit
08-06 12:55:11.756  6998  7009 I art     : Explicit concurrent mark sweep GC freed 1438(82KB) AllocSpace objects, 1(20KB) LOS objects, 29% free, 37MB/53MB, paused 1.434ms total 51.594ms
08-06 12:55:11.772  6998  7009 I art     : Starting a blocking GC Explicit
08-06 12:55:11.818  6998  7009 I art     : Explicit concurrent mark sweep GC freed 22(784B) AllocSpace objects, 0(0B) LOS objects, 29% free, 37MB/53MB, paused 1.525ms total 45.672ms
08-06 12:55:11.831  6998  7009 I art     : Starting a blocking GC Explicit
08-06 12:55:11.879  6998  7009 I art     : Explicit concurrent mark sweep GC freed 3(96B) AllocSpace objects, 0(0B) LOS objects, 29% free, 37MB/53MB, paused 1.445ms total 47.885ms
08-06 12:55:11.892  6998  7009 I art     : Starting a blocking GC Explicit
08-06 12:55:11.941  6998  7009 I art     : Explicit concurrent mark sweep GC freed 3(96B) AllocSpace objects, 0(0B) LOS objects, 29% free, 37MB/53MB, paused 1.409ms total 48.481ms
08-06 12:55:11.954  6998  7009 I art     : Starting a blocking GC Explicit
08-06 12:55:12.003  6998  7009 I art     : Explicit concurrent mark sweep GC freed 3(96B) AllocSpace objects, 0(0B) LOS objects, 29% free, 37MB/53MB, paused 1.413ms total 49.405ms
08-06 12:55:12.368  6998 21988 I art     : Starting a blocking GC Explicit
08-06 12:55:12.419  6998 21988 I art     : Explicit concurrent mark sweep GC freed 1438(82KB) AllocSpace objects, 1(20KB) LOS objects, 29% free, 37MB/53MB, paused 1.604ms total 50.065ms
08-06 12:55:12.432  6998 21988 I art     : Starting a blocking GC Explicit
08-06 12:55:12.480  6998 21988 I art     : Explicit concurrent mark sweep GC freed 108(4KB) AllocSpace objects, 0(0B) LOS objects, 29% free, 37MB/53MB, paused 1.932ms total 47.990ms
08-06 12:55:12.493  6998 21988 I art     : Starting a blocking GC Explicit
08-06 12:55:12.544  6998 21988 I art     : Explicit concurrent mark sweep GC freed 10(448B) AllocSpace objects, 0(0B) LOS objects, 29% free, 37MB/53MB, paused 1.511ms total 50.230ms
08-06 12:55:12.557  6998 21988 I art     : Starting a blocking GC Explicit
08-06 12:55:12.607  6998 21988 I art     : Explicit concurrent mark sweep GC freed 77(5KB) AllocSpace objects, 0(0B) LOS objects, 29% free, 37MB/53MB, paused 1.492ms total 49.310ms
08-06 12:55:12.620  6998 21988 I art     : Starting a blocking GC Explicit
08-06 12:55:12.671  6998 21988 I art     : Explicit concurrent mark sweep GC freed 9(400B) AllocSpace objects, 0(0B) LOS objects, 29% free, 37MB/53MB, paused 1.549ms total 50.963ms
08-06 12:55:13.017  6998 22644 E baseline.com.newsblur.network.APIResponse: Error (unexpected end of stream on https://www.newsblur.com/...) calling https://www.newsblur.com/reader/feed_unread_count?feed_id=0
08-06 12:55:13.017  6998 22644 E baseline.com.newsblur.network.APIResponse: java.io.IOException: unexpected end of stream on https://www.newsblur.com/...
08-06 12:55:13.017  6998 22644 E baseline.com.newsblur.network.APIResponse: 	at okhttp3.internal.http1.Http1ExchangeCodec.readResponseHeaders(Http1ExchangeCodec.java:236)
08-06 12:55:13.017  6998 22644 E baseline.com.newsblur.network.APIResponse: 	at okhttp3.internal.connection.Exchange.readResponseHeaders(Exchange.java:115)
08-06 12:55:13.017  6998 22644 E baseline.com.newsblur.network.APIResponse: 	at okhttp3.internal.http.CallServerInterceptor.intercept(CallServerInterceptor.java:94)
08-06 12:55:13.017  6998 22644 E baseline.com.newsblur.network.APIResponse: 	at okhttp3.internal.http.RealInterceptorChain.proceed(RealInterceptorChain.java:142)
08-06 12:55:13.017  6998 22644 E baseline.com.newsblur.network.APIResponse: 	at okhttp3.internal.connection.ConnectInterceptor.intercept(ConnectInterceptor.java:43)
08-06 12:55:13.017  6998 22644 E baseline.com.newsblur.network.APIResponse: 	at okhttp3.internal.http.RealInterceptorChain.proceed(RealInterceptorChain.java:142)
08-06 12:55:13.017  6998 22644 E baseline.com.newsblur.network.APIResponse: 	at okhttp3.internal.http.RealInterceptorChain.proceed(RealInterceptorChain.java:117)
08-06 12:55:13.017  6998 22644 E baseline.com.newsblur.network.APIResponse: 	at okhttp3.internal.cache.CacheInterceptor.intercept(CacheInterceptor.java:94)
08-06 12:55:13.017  6998 22644 E baseline.com.newsblur.network.APIResponse: 	at okhttp3.internal.http.RealInterceptorChain.proceed(RealInterceptorChain.java:142)
08-06 12:55:13.017  6998 22644 E baseline.com.newsblur.network.APIResponse: 	at okhttp3.internal.http.RealInterceptorChain.proceed(RealInterceptorChain.java:117)
08-06 12:55:13.017  6998 22644 E baseline.com.newsblur.network.APIResponse: 	at okhttp3.internal.http.BridgeInterceptor.intercept(BridgeInterceptor.java:93)
08-06 12:55:13.017  6998 22644 E baseline.com.newsblur.network.APIResponse: 	at okhttp3.internal.http.RealInterceptorChain.proceed(RealInterceptorChain.java:142)
08-06 12:55:13.017  6998 22644 E baseline.com.newsblur.network.APIResponse: 	at okhttp3.internal.http.RetryAndFollowUpInterceptor.intercept(RetryAndFollowUpInterceptor.java:88)
08-06 12:55:13.017  6998 22644 E baseline.com.newsblur.network.APIResponse: 	at okhttp3.internal.http.RealInterceptorChain.proceed(RealInterceptorChain.java:142)
08-06 12:55:13.017  6998 22644 E baseline.com.newsblur.network.APIResponse: 	at okhttp3.internal.http.RealInterceptorChain.proceed(RealInterceptorChain.java:117)
08-06 12:55:13.017  6998 22644 E baseline.com.newsblur.network.APIResponse: 	at okhttp3.RealCall.getResponseWithInterceptorChain(RealCall.java:229)
08-06 12:55:13.017  6998 22644 E baseline.com.newsblur.network.APIResponse: 	at okhttp3.RealCall.execute(RealCall.java:81)
08-06 12:55:13.017  6998 22644 E baseline.com.newsblur.network.APIResponse: 	at baseline.com.newsblur.network.APIResponse.<init>(APIResponse.java:57)
08-06 12:55:13.017  6998 22644 E baseline.com.newsblur.network.APIResponse: 	at baseline.com.newsblur.network.APIManager.get_single(APIManager.java:639)
08-06 12:55:13.017  6998 22644 E baseline.com.newsblur.network.APIResponse: 	at baseline.com.newsblur.network.APIManager.get(APIManager.java:625)
08-06 12:55:13.017  6998 22644 E baseline.com.newsblur.network.APIResponse: 	at baseline.com.newsblur.network.APIManager.get(APIManager.java:667)
08-06 12:55:13.017  6998 22644 E baseline.com.newsblur.network.APIResponse: 	at baseline.com.newsblur.network.APIManager.getFeedUnreadCounts(APIManager.java:274)
08-06 12:55:13.017  6998 22644 E baseline.com.newsblur.network.APIResponse: 	at baseline.com.newsblur.service.NBSyncService.checkRecounts(NBSyncService.java:660)
08-06 12:55:13.017  6998 22644 E baseline.com.newsblur.network.APIResponse: 	at baseline.com.newsblur.service.NBSyncService.doSync(NBSyncService.java:310)
08-06 12:55:13.017  6998 22644 E baseline.com.newsblur.network.APIResponse: 	at baseline.com.newsblur.service.NBSyncService.access$100(NBSyncService.java:67)
08-06 12:55:13.017  6998 22644 E baseline.com.newsblur.network.APIResponse: 	at baseline.com.newsblur.service.NBSyncService$1.run(NBSyncService.java:188)
08-06 12:55:13.017  6998 22644 E baseline.com.newsblur.network.APIResponse: 	at java.util.concurrent.ThreadPoolExecutor.runWorker(ThreadPoolExecutor.java:1113)
08-06 12:55:13.017  6998 22644 E baseline.com.newsblur.network.APIResponse: 	at java.util.concurrent.ThreadPoolExecutor$Worker.run(ThreadPoolExecutor.java:588)
08-06 12:55:13.017  6998 22644 E baseline.com.newsblur.network.APIResponse: 	at java.lang.Thread.run(Thread.java:818)
08-06 12:55:13.017  6998 22644 E baseline.com.newsblur.network.APIResponse: Caused by: java.io.EOFException: \n not found: limit=0 content=
08-06 12:55:13.017  6998 22644 E baseline.com.newsblur.network.APIResponse: 	at okio.RealBufferedSource.readUtf8LineStrict(RealBufferedSource.java:240)
08-06 12:55:13.017  6998 22644 E baseline.com.newsblur.network.APIResponse: 	at okhttp3.internal.http1.Http1ExchangeCodec.readHeaderLine(Http1ExchangeCodec.java:242)
08-06 12:55:13.017  6998 22644 E baseline.com.newsblur.network.APIResponse: 	at okhttp3.internal.http1.Http1ExchangeCodec.readResponseHeaders(Http1ExchangeCodec.java:213)
08-06 12:55:13.017  6998 22644 E baseline.com.newsblur.network.APIResponse: 	... 28 more
08-06 12:55:13.020  6998 22644 I baseline.com.newsblur.network.APIManager: API call failed, pausing before retry number 2
08-06 12:55:13.034  6998  7011 I art     : Starting a blocking GC Explicit
08-06 12:55:13.079  6998  7011 I art     : Explicit concurrent mark sweep GC freed 3926(355KB) AllocSpace objects, 3(60KB) LOS objects, 29% free, 37MB/53MB, paused 1.457ms total 44.634ms
08-06 12:55:13.092  6998  7011 I art     : Starting a blocking GC Explicit
08-06 12:55:13.141  6998  7011 I art     : Explicit concurrent mark sweep GC freed 109(3KB) AllocSpace objects, 0(0B) LOS objects, 29% free, 37MB/53MB, paused 1.448ms total 48.394ms
08-06 12:55:13.154  6998  7011 I art     : Starting a blocking GC Explicit
08-06 12:55:13.201  6998  7011 I art     : Explicit concurrent mark sweep GC freed 3(96B) AllocSpace objects, 0(0B) LOS objects, 29% free, 37MB/53MB, paused 1.395ms total 46.909ms
08-06 12:55:13.214  6998  7011 I art     : Starting a blocking GC Explicit
08-06 12:55:13.264  6998  7011 I art     : Explicit concurrent mark sweep GC freed 3(96B) AllocSpace objects, 0(0B) LOS objects, 29% free, 37MB/53MB, paused 1.423ms total 49.052ms
08-06 12:55:13.277  6998  7011 I art     : Starting a blocking GC Explicit
08-06 12:55:13.325  6998  7011 I art     : Explicit concurrent mark sweep GC freed 3(96B) AllocSpace objects, 0(0B) LOS objects, 29% free, 37MB/53MB, paused 1.533ms total 47.730ms
08-06 12:55:13.697  6998 22841 I art     : Starting a blocking GC Explicit
08-06 12:55:13.750  6998 22841 I art     : Explicit concurrent mark sweep GC freed 1461(83KB) AllocSpace objects, 1(20KB) LOS objects, 29% free, 37MB/53MB, paused 1.420ms total 52.236ms
08-06 12:55:13.765  6998 22841 I art     : Starting a blocking GC Explicit
08-06 12:55:13.811  6998 22841 I art     : Explicit concurrent mark sweep GC freed 22(784B) AllocSpace objects, 0(0B) LOS objects, 29% free, 37MB/53MB, paused 1.335ms total 45.915ms
08-06 12:55:13.824  6998 22841 I art     : Starting a blocking GC Explicit
08-06 12:55:13.873  6998 22841 I art     : Explicit concurrent mark sweep GC freed 3(96B) AllocSpace objects, 0(0B) LOS objects, 29% free, 37MB/53MB, paused 1.479ms total 48.245ms
08-06 12:55:13.886  6998 22841 I art     : Starting a blocking GC Explicit
08-06 12:55:13.932  6998 22841 I art     : Explicit concurrent mark sweep GC freed 481(26KB) AllocSpace objects, 0(0B) LOS objects, 29% free, 37MB/53MB, paused 1.368ms total 45.254ms
08-06 12:55:13.945  6998 22841 I art     : Starting a blocking GC Explicit
08-06 12:55:13.993  6998 22841 I art     : Explicit concurrent mark sweep GC freed 557(24KB) AllocSpace objects, 0(0B) LOS objects, 29% free, 37MB/53MB, paused 1.342ms total 48.180ms
08-06 12:55:14.340  6998 21780 I art     : Starting a blocking GC Explicit
08-06 12:55:14.387  6998 21780 I art     : Explicit concurrent mark sweep GC freed 2657(163KB) AllocSpace objects, 1(20KB) LOS objects, 29% free, 37MB/53MB, paused 1.298ms total 46.312ms
08-06 12:55:14.402  6998 21780 I art     : Starting a blocking GC Explicit
08-06 12:55:14.447  6998 21780 I art     : Explicit concurrent mark sweep GC freed 402(29KB) AllocSpace objects, 0(0B) LOS objects, 29% free, 37MB/53MB, paused 1.274ms total 44.551ms
08-06 12:55:14.460  6998 21780 I art     : Starting a blocking GC Explicit
08-06 12:55:14.509  6998 21780 I art     : Explicit concurrent mark sweep GC freed 3(96B) AllocSpace objects, 0(0B) LOS objects, 29% free, 37MB/53MB, paused 1.487ms total 48.144ms
08-06 12:55:14.523  6998 21780 I art     : Starting a blocking GC Explicit
08-06 12:55:14.570  6998 21780 I art     : Explicit concurrent mark sweep GC freed 3(96B) AllocSpace objects, 0(0B) LOS objects, 29% free, 37MB/53MB, paused 1.309ms total 45.778ms
08-06 12:55:14.583  6998 21780 I art     : Starting a blocking GC Explicit
08-06 12:55:14.632  6998 21780 I art     : Explicit concurrent mark sweep GC freed 3(96B) AllocSpace objects, 0(0B) LOS objects, 29% free, 37MB/53MB, paused 1.629ms total 48.768ms
08-06 12:55:14.786   518   646 I ThermalEngine: ACTION: GPU - Setting GPU[0] to 510000000
08-06 12:55:14.995  6998  7009 I art     : Starting a blocking GC Explicit
08-06 12:55:15.035  6998  7009 I art     : Explicit concurrent mark sweep GC freed 1437(82KB) AllocSpace objects, 1(20KB) LOS objects, 29% free, 37MB/53MB, paused 1.061ms total 39.928ms
08-06 12:55:15.045  6998  7009 I art     : Starting a blocking GC Explicit
08-06 12:55:15.080  6998  7009 I art     : Explicit concurrent mark sweep GC freed 22(784B) AllocSpace objects, 0(0B) LOS objects, 29% free, 37MB/53MB, paused 990us total 34.807ms
08-06 12:55:15.090  6998  7009 I art     : Starting a blocking GC Explicit
08-06 12:55:15.126  6998  7009 I art     : Explicit concurrent mark sweep GC freed 3(96B) AllocSpace objects, 0(0B) LOS objects, 29% free, 37MB/53MB, paused 996us total 35.816ms
08-06 12:55:15.136  6998  7009 I art     : Starting a blocking GC Explicit
08-06 12:55:15.174  6998  7009 I art     : Explicit concurrent mark sweep GC freed 3(96B) AllocSpace objects, 0(0B) LOS objects, 29% free, 37MB/53MB, paused 978us total 36.869ms
08-06 12:55:15.184  6998  7009 I art     : Starting a blocking GC Explicit
08-06 12:55:15.221  6998  7009 I art     : Explicit concurrent mark sweep GC freed 3(96B) AllocSpace objects, 0(0B) LOS objects, 29% free, 37MB/53MB, paused 1.010ms total 36.716ms
08-06 12:55:15.581  6998 21988 I art     : Starting a blocking GC Explicit
08-06 12:55:15.621  6998 21988 I art     : Explicit concurrent mark sweep GC freed 1437(82KB) AllocSpace objects, 1(20KB) LOS objects, 29% free, 37MB/53MB, paused 1.038ms total 38.828ms
08-06 12:55:15.633  6998 21988 I art     : Starting a blocking GC Explicit
08-06 12:55:15.669  6998 21988 I art     : Explicit concurrent mark sweep GC freed 22(784B) AllocSpace objects, 0(0B) LOS objects, 29% free, 37MB/53MB, paused 974us total 35.339ms
08-06 12:55:15.679  6998 21988 I art     : Starting a blocking GC Explicit
08-06 12:55:15.716  6998 21988 I art     : Explicit concurrent mark sweep GC freed 3(96B) AllocSpace objects, 0(0B) LOS objects, 29% free, 37MB/53MB, paused 1.002ms total 36.304ms
08-06 12:55:15.726  6998 21988 I art     : Starting a blocking GC Explicit
08-06 12:55:15.763  6998 21988 I art     : Explicit concurrent mark sweep GC freed 3(96B) AllocSpace objects, 0(0B) LOS objects, 29% free, 37MB/53MB, paused 1.027ms total 37.067ms
08-06 12:55:15.774  6998 21988 I art     : Starting a blocking GC Explicit
08-06 12:55:15.810  6998 21988 I art     : Explicit concurrent mark sweep GC freed 3(96B) AllocSpace objects, 0(0B) LOS objects, 29% free, 37MB/53MB, paused 1.010ms total 36.149ms
08-06 12:55:16.162  6998  7011 I art     : Starting a blocking GC Explicit
08-06 12:55:16.198  6998  7011 I art     : Explicit concurrent mark sweep GC freed 1604(91KB) AllocSpace objects, 1(20KB) LOS objects, 29% free, 37MB/53MB, paused 1.092ms total 35.707ms
08-06 12:55:16.208  6998  7011 I art     : Starting a blocking GC Explicit
08-06 12:55:16.244  6998  7011 I art     : Explicit concurrent mark sweep GC freed 28(1040B) AllocSpace objects, 0(0B) LOS objects, 29% free, 37MB/53MB, paused 1.063ms total 35.670ms
08-06 12:55:16.254  6998  7011 I art     : Starting a blocking GC Explicit
08-06 12:55:16.290  6998  7011 I art     : Explicit concurrent mark sweep GC freed 3(96B) AllocSpace objects, 0(0B) LOS objects, 29% free, 37MB/53MB, paused 996us total 35.724ms
08-06 12:55:16.300  6998  7011 I art     : Starting a blocking GC Explicit
08-06 12:55:16.337  6998  7011 I art     : Explicit concurrent mark sweep GC freed 3(96B) AllocSpace objects, 0(0B) LOS objects, 29% free, 37MB/53MB, paused 1.169ms total 36.921ms
08-06 12:55:16.348  6998  7011 I art     : Starting a blocking GC Explicit
08-06 12:55:16.385  6998  7011 I art     : Explicit concurrent mark sweep GC freed 3(96B) AllocSpace objects, 0(0B) LOS objects, 29% free, 37MB/53MB, paused 1.058ms total 36.846ms
08-06 12:55:16.616  6998 22644 E baseline.com.newsblur.network.APIResponse: Error (unexpected end of stream on https://www.newsblur.com/...) calling https://www.newsblur.com/reader/feed_unread_count?feed_id=0
08-06 12:55:16.616  6998 22644 E baseline.com.newsblur.network.APIResponse: java.io.IOException: unexpected end of stream on https://www.newsblur.com/...
08-06 12:55:16.616  6998 22644 E baseline.com.newsblur.network.APIResponse: 	at okhttp3.internal.http1.Http1ExchangeCodec.readResponseHeaders(Http1ExchangeCodec.java:236)
08-06 12:55:16.616  6998 22644 E baseline.com.newsblur.network.APIResponse: 	at okhttp3.internal.connection.Exchange.readResponseHeaders(Exchange.java:115)
08-06 12:55:16.616  6998 22644 E baseline.com.newsblur.network.APIResponse: 	at okhttp3.internal.http.CallServerInterceptor.intercept(CallServerInterceptor.java:94)
08-06 12:55:16.616  6998 22644 E baseline.com.newsblur.network.APIResponse: 	at okhttp3.internal.http.RealInterceptorChain.proceed(RealInterceptorChain.java:142)
08-06 12:55:16.616  6998 22644 E baseline.com.newsblur.network.APIResponse: 	at okhttp3.internal.connection.ConnectInterceptor.intercept(ConnectInterceptor.java:43)
08-06 12:55:16.616  6998 22644 E baseline.com.newsblur.network.APIResponse: 	at okhttp3.internal.http.RealInterceptorChain.proceed(RealInterceptorChain.java:142)
08-06 12:55:16.616  6998 22644 E baseline.com.newsblur.network.APIResponse: 	at okhttp3.internal.http.RealInterceptorChain.proceed(RealInterceptorChain.java:117)
08-06 12:55:16.616  6998 22644 E baseline.com.newsblur.network.APIResponse: 	at okhttp3.internal.cache.CacheInterceptor.intercept(CacheInterceptor.java:94)
08-06 12:55:16.616  6998 22644 E baseline.com.newsblur.network.APIResponse: 	at okhttp3.internal.http.RealInterceptorChain.proceed(RealInterceptorChain.java:142)
08-06 12:55:16.616  6998 22644 E baseline.com.newsblur.network.APIResponse: 	at okhttp3.internal.http.RealInterceptorChain.proceed(RealInterceptorChain.java:117)
08-06 12:55:16.616  6998 22644 E baseline.com.newsblur.network.APIResponse: 	at okhttp3.internal.http.BridgeInterceptor.intercept(BridgeInterceptor.java:93)
08-06 12:55:16.616  6998 22644 E baseline.com.newsblur.network.APIResponse: 	at okhttp3.internal.http.RealInterceptorChain.proceed(RealInterceptorChain.java:142)
08-06 12:55:16.616  6998 22644 E baseline.com.newsblur.network.APIResponse: 	at okhttp3.internal.http.RetryAndFollowUpInterceptor.intercept(RetryAndFollowUpInterceptor.java:88)
08-06 12:55:16.616  6998 22644 E baseline.com.newsblur.network.APIResponse: 	at okhttp3.internal.http.RealInterceptorChain.proceed(RealInterceptorChain.java:142)
08-06 12:55:16.616  6998 22644 E baseline.com.newsblur.network.APIResponse: 	at okhttp3.internal.http.RealInterceptorChain.proceed(RealInterceptorChain.java:117)
08-06 12:55:16.616  6998 22644 E baseline.com.newsblur.network.APIResponse: 	at okhttp3.RealCall.getResponseWithInterceptorChain(RealCall.java:229)
08-06 12:55:16.616  6998 22644 E baseline.com.newsblur.network.APIResponse: 	at okhttp3.RealCall.execute(RealCall.java:81)
08-06 12:55:16.616  6998 22644 E baseline.com.newsblur.network.APIResponse: 	at baseline.com.newsblur.network.APIResponse.<init>(APIResponse.java:57)
08-06 12:55:16.616  6998 22644 E baseline.com.newsblur.network.APIResponse: 	at baseline.com.newsblur.network.APIManager.get_single(APIManager.java:639)
08-06 12:55:16.616  6998 22644 E baseline.com.newsblur.network.APIResponse: 	at baseline.com.newsblur.network.APIManager.get(APIManager.java:625)
08-06 12:55:16.616  6998 22644 E baseline.com.newsblur.network.APIResponse: 	at baseline.com.newsblur.network.APIManager.get(APIManager.java:667)
08-06 12:55:16.616  6998 22644 E baseline.com.newsblur.network.APIResponse: 	at baseline.com.newsblur.network.APIManager.getFeedUnreadCounts(APIManager.java:274)
08-06 12:55:16.616  6998 22644 E baseline.com.newsblur.network.APIResponse: 	at baseline.com.newsblur.service.NBSyncService.checkRecounts(NBSyncService.java:660)
08-06 12:55:16.616  6998 22644 E baseline.com.newsblur.network.APIResponse: 	at baseline.com.newsblur.service.NBSyncService.doSync(NBSyncService.java:310)
08-06 12:55:16.616  6998 22644 E baseline.com.newsblur.network.APIResponse: 	at baseline.com.newsblur.service.NBSyncService.access$100(NBSyncService.java:67)
08-06 12:55:16.616  6998 22644 E baseline.com.newsblur.network.APIResponse: 	at baseline.com.newsblur.service.NBSyncService$1.run(NBSyncService.java:188)
08-06 12:55:16.616  6998 22644 E baseline.com.newsblur.network.APIResponse: 	at java.util.concurrent.ThreadPoolExecutor.runWorker(ThreadPoolExecutor.java:1113)
08-06 12:55:16.616  6998 22644 E baseline.com.newsblur.network.APIResponse: 	at java.util.concurrent.ThreadPoolExecutor$Worker.run(ThreadPoolExecutor.java:588)
08-06 12:55:16.616  6998 22644 E baseline.com.newsblur.network.APIResponse: 	at java.lang.Thread.run(Thread.java:818)
08-06 12:55:16.616  6998 22644 E baseline.com.newsblur.network.APIResponse: Caused by: java.io.EOFException: \n not found: limit=0 content=
08-06 12:55:16.616  6998 22644 E baseline.com.newsblur.network.APIResponse: 	at okio.RealBufferedSource.readUtf8LineStrict(RealBufferedSource.java:240)
08-06 12:55:16.616  6998 22644 E baseline.com.newsblur.network.APIResponse: 	at okhttp3.internal.http1.Http1ExchangeCodec.readHeaderLine(Http1ExchangeCodec.java:242)
08-06 12:55:16.616  6998 22644 E baseline.com.newsblur.network.APIResponse: 	at okhttp3.internal.http1.Http1ExchangeCodec.readResponseHeaders(Http1ExchangeCodec.java:213)
08-06 12:55:16.616  6998 22644 E baseline.com.newsblur.network.APIResponse: 	... 28 more
08-06 12:55:16.618  6998 22644 W baseline.com.newsblur.service.NBSyncService: Bad response to feed_unread_count
08-06 12:55:16.730  6998 22841 I art     : Starting a blocking GC Explicit
08-06 12:55:16.770  6998 22841 I art     : Explicit concurrent mark sweep GC freed 4447(422KB) AllocSpace objects, 6(120KB) LOS objects, 29% free, 37MB/53MB, paused 1.071ms total 39.786ms
08-06 12:55:16.780  6998 22841 I art     : Starting a blocking GC Explicit
08-06 12:55:16.814  6998 22841 I art     : Explicit concurrent mark sweep GC freed 136(5KB) AllocSpace objects, 0(0B) LOS objects, 29% free, 37MB/53MB, paused 988us total 34.043ms
08-06 12:55:16.824  6998 22841 I art     : Starting a blocking GC Explicit
08-06 12:55:16.859  6998 22841 I art     : Explicit concurrent mark sweep GC freed 3(96B) AllocSpace objects, 0(0B) LOS objects, 29% free, 37MB/53MB, paused 1.110ms total 34.475ms
08-06 12:55:16.869  6998 22841 I art     : Starting a blocking GC Explicit
08-06 12:55:16.904  6998 22841 I art     : Explicit concurrent mark sweep GC freed 3(96B) AllocSpace objects, 0(0B) LOS objects, 29% free, 37MB/53MB, paused 1.044ms total 34.467ms
08-06 12:55:16.913  6998 22841 I art     : Starting a blocking GC Explicit
08-06 12:55:16.948  6998 22841 I art     : Explicit concurrent mark sweep GC freed 3(96B) AllocSpace objects, 0(0B) LOS objects, 29% free, 37MB/53MB, paused 1.090ms total 34.813ms
08-06 12:55:17.027  6998 22644 E baseline.com.newsblur.network.APIResponse: Error (unexpected end of stream on https://www.newsblur.com/...) calling https://www.newsblur.com/reader/mark_story_hashes_as_read/
08-06 12:55:17.027  6998 22644 E baseline.com.newsblur.network.APIResponse: java.io.IOException: unexpected end of stream on https://www.newsblur.com/...
08-06 12:55:17.027  6998 22644 E baseline.com.newsblur.network.APIResponse: 	at okhttp3.internal.http1.Http1ExchangeCodec.readResponseHeaders(Http1ExchangeCodec.java:236)
08-06 12:55:17.027  6998 22644 E baseline.com.newsblur.network.APIResponse: 	at okhttp3.internal.connection.Exchange.readResponseHeaders(Exchange.java:115)
08-06 12:55:17.027  6998 22644 E baseline.com.newsblur.network.APIResponse: 	at okhttp3.internal.http.CallServerInterceptor.intercept(CallServerInterceptor.java:94)
08-06 12:55:17.027  6998 22644 E baseline.com.newsblur.network.APIResponse: 	at okhttp3.internal.http.RealInterceptorChain.proceed(RealInterceptorChain.java:142)
08-06 12:55:17.027  6998 22644 E baseline.com.newsblur.network.APIResponse: 	at okhttp3.internal.connection.ConnectInterceptor.intercept(ConnectInterceptor.java:43)
08-06 12:55:17.027  6998 22644 E baseline.com.newsblur.network.APIResponse: 	at okhttp3.internal.http.RealInterceptorChain.proceed(RealInterceptorChain.java:142)
08-06 12:55:17.027  6998 22644 E baseline.com.newsblur.network.APIResponse: 	at okhttp3.internal.http.RealInterceptorChain.proceed(RealInterceptorChain.java:117)
08-06 12:55:17.027  6998 22644 E baseline.com.newsblur.network.APIResponse: 	at okhttp3.internal.cache.CacheInterceptor.intercept(CacheInterceptor.java:94)
08-06 12:55:17.027  6998 22644 E baseline.com.newsblur.network.APIResponse: 	at okhttp3.internal.http.RealInterceptorChain.proceed(RealInterceptorChain.java:142)
08-06 12:55:17.027  6998 22644 E baseline.com.newsblur.network.APIResponse: 	at okhttp3.internal.http.RealInterceptorChain.proceed(RealInterceptorChain.java:117)
08-06 12:55:17.027  6998 22644 E baseline.com.newsblur.network.APIResponse: 	at okhttp3.internal.http.BridgeInterceptor.intercept(BridgeInterceptor.java:93)
08-06 12:55:17.027  6998 22644 E baseline.com.newsblur.network.APIResponse: 	at okhttp3.internal.http.RealInterceptorChain.proceed(RealInterceptorChain.java:142)
08-06 12:55:17.027  6998 22644 E baseline.com.newsblur.network.APIResponse: 	at okhttp3.internal.http.RetryAndFollowUpInterceptor.intercept(RetryAndFollowUpInterceptor.java:88)
08-06 12:55:17.027  6998 22644 E baseline.com.newsblur.network.APIResponse: 	at okhttp3.internal.http.RealInterceptorChain.proceed(RealInterceptorChain.java:142)
08-06 12:55:17.027  6998 22644 E baseline.com.newsblur.network.APIResponse: 	at okhttp3.internal.http.RealInterceptorChain.proceed(RealInterceptorChain.java:117)
08-06 12:55:17.027  6998 22644 E baseline.com.newsblur.network.APIResponse: 	at okhttp3.RealCall.getResponseWithInterceptorChain(RealCall.java:229)
08-06 12:55:17.027  6998 22644 E baseline.com.newsblur.network.APIResponse: 	at okhttp3.RealCall.execute(RealCall.java:81)
08-06 12:55:17.027  6998 22644 E baseline.com.newsblur.network.APIResponse: 	at baseline.com.newsblur.network.APIResponse.<init>(APIResponse.java:57)
08-06 12:55:17.027  6998 22644 E baseline.com.newsblur.network.APIResponse: 	at baseline.com.newsblur.network.APIResponse.<init>(APIResponse.java:43)
08-06 12:55:17.027  6998 22644 E baseline.com.newsblur.network.APIResponse: 	at baseline.com.newsblur.network.APIManager.post_single(APIManager.java:702)
08-06 12:55:17.027  6998 22644 E baseline.com.newsblur.network.APIResponse: 	at baseline.com.newsblur.network.APIManager.post(APIManager.java:675)
08-06 12:55:17.027  6998 22644 E baseline.com.newsblur.network.APIResponse: 	at baseline.com.newsblur.network.APIManager.post(APIManager.java:714)
08-06 12:55:17.027  6998 22644 E baseline.com.newsblur.network.APIResponse: 	at baseline.com.newsblur.network.APIManager.markStoryAsRead(APIManager.java:205)
08-06 12:55:17.027  6998 22644 E baseline.com.newsblur.network.APIResponse: 	at baseline.com.newsblur.util.ReadingAction.doRemote(ReadingAction.java:281)
08-06 12:55:17.027  6998 22644 E baseline.com.newsblur.network.APIResponse: 	at baseline.com.newsblur.service.NBSyncService.syncActions(NBSyncService.java:400)
08-06 12:55:17.027  6998 22644 E baseline.com.newsblur.network.APIResponse: 	at baseline.com.newsblur.service.NBSyncService.doSync(NBSyncService.java:298)
08-06 12:55:17.027  6998 22644 E baseline.com.newsblur.network.APIResponse: 	at baseline.com.newsblur.service.NBSyncService.access$100(NBSyncService.java:67)
08-06 12:55:17.027  6998 22644 E baseline.com.newsblur.network.APIResponse: 	at baseline.com.newsblur.service.NBSyncService$1.run(NBSyncService.java:188)
08-06 12:55:17.027  6998 22644 E baseline.com.newsblur.network.APIResponse: 	at java.util.concurrent.ThreadPoolExecutor.runWorker(ThreadPoolExecutor.java:1113)
08-06 12:55:17.027  6998 22644 E baseline.com.newsblur.network.APIResponse: 	at java.util.concurrent.ThreadPoolExecutor$Worker.run(ThreadPoolExecutor.java:588)
08-06 12:55:17.027  6998 22644 E baseline.com.newsblur.network.APIResponse: 	at java.lang.Thread.run(Thread.java:818)
08-06 12:55:17.027  6998 22644 E baseline.com.newsblur.network.APIResponse: Caused by: java.io.EOFException: \n not found: limit=0 content=
08-06 12:55:17.027  6998 22644 E baseline.com.newsblur.network.APIResponse: 	at okio.RealBufferedSource.readUtf8LineStrict(RealBufferedSource.java:240)
08-06 12:55:17.027  6998 22644 E baseline.com.newsblur.network.APIResponse: 	at okhttp3.internal.http1.Http1ExchangeCodec.readHeaderLine(Http1ExchangeCodec.java:242)
08-06 12:55:17.027  6998 22644 E baseline.com.newsblur.network.APIResponse: 	at okhttp3.internal.http1.Http1ExchangeCodec.readResponseHeaders(Http1ExchangeCodec.java:213)
08-06 12:55:17.027  6998 22644 E baseline.com.newsblur.network.APIResponse: 	... 30 more
08-06 12:55:17.028  6998 22644 I baseline.com.newsblur.network.APIManager: API call failed, pausing before retry number 1
08-06 12:55:17.218 22997 22997 D AndroidRuntime: >>>>>> START com.android.internal.os.RuntimeInit uid 2000 <<<<<<
08-06 12:55:17.223 22997 22997 D AndroidRuntime: CheckJNI is OFF
08-06 12:55:17.258 22997 22997 D ICU     : No timezone override file found: /data/misc/zoneinfo/current/icu/icu_tzdata.dat
08-06 12:55:17.266  6998 21780 I art     : Starting a blocking GC Explicit
08-06 12:55:17.291 22997 22997 I Radio-JNI: register_android_hardware_Radio DONE
08-06 12:55:17.303  6998 21780 I art     : Explicit concurrent mark sweep GC freed 3944(357KB) AllocSpace objects, 3(60KB) LOS objects, 29% free, 37MB/53MB, paused 1.099ms total 36.488ms
08-06 12:55:17.314  6998 21780 I art     : Starting a blocking GC Explicit
08-06 12:55:17.314 22997 22997 D AndroidRuntime: Calling main entry com.android.commands.input.Input
08-06 12:55:17.316 22997 22997 I Input   : injectMotionEvent: MotionEvent { action=ACTION_DOWN, actionButton=0, id[0]=0, x[0]=436.0, y[0]=453.0, toolType[0]=TOOL_TYPE_UNKNOWN, buttonState=0, metaState=0, flags=0x0, edgeFlags=0x0, pointerCount=1, historySize=0, eventTime=881733729, downTime=881733729, deviceId=0, source=0x1002 }
08-06 12:55:17.321 22997 22997 I Input   : injectMotionEvent: MotionEvent { action=ACTION_UP, actionButton=0, id[0]=0, x[0]=436.0, y[0]=453.0, toolType[0]=TOOL_TYPE_UNKNOWN, buttonState=0, metaState=0, flags=0x0, edgeFlags=0x0, pointerCount=1, historySize=0, eventTime=881733729, downTime=881733729, deviceId=0, source=0x1002 }
08-06 12:55:17.324 22997 22997 D AndroidRuntime: Shutting down VM
08-06 12:55:17.327   512  2967 D audio_hw_primary: out_set_parameters: enter: usecase(1: low-latency-playback) kvpairs: routing=2
08-06 12:55:17.333   918   928 I ActivityManager: START u0 {cmp=baseline.com.newsblur/.activity.GlobalSharedStoriesReading (has extras)} from uid 10698 on display 0
08-06 12:55:17.340   512  2967 D audio_hw_primary: select_devices: out_snd_device(2: speaker) in_snd_device(0: none)
08-06 12:55:17.340   512  2967 D msm8974_platform: platform_send_audio_calibration: sending audio calibration for snd_device(2) acdb_id(15)
08-06 12:55:17.340   512  2967 I soundtrigger: audio_extn_sound_trigger_update_device_status: device 0x2 of type 0 for Event 1
08-06 12:55:17.351   512  2967 D audio_hw_primary: enable_snd_device: snd_device(2: speaker)
08-06 12:55:17.353  6998 21780 I art     : Explicit concurrent mark sweep GC freed 541(66KB) AllocSpace objects, 1(20KB) LOS objects, 29% free, 37MB/53MB, paused 1.499ms total 38.101ms
08-06 12:55:17.354   512  2967 D audio_hw_primary: enable_audio_route: apply and update mixer path: low-latency-playback speaker
08-06 12:55:17.363  6998 21780 I art     : Starting a blocking GC Explicit
08-06 12:55:17.397  6998 21780 I art     : Explicit concurrent mark sweep GC freed 1048(82KB) AllocSpace objects, 2(376KB) LOS objects, 29% free, 37MB/53MB, paused 1.063ms total 33.696ms
08-06 12:55:17.406  6998 21780 I art     : Starting a blocking GC Explicit
08-06 12:55:17.440  6998 21780 I art     : Explicit concurrent mark sweep GC freed 202(10KB) AllocSpace objects, 1(112KB) LOS objects, 29% free, 37MB/53MB, paused 1.092ms total 33.865ms
08-06 12:55:17.440  6998  7008 I art     : WaitForGcToComplete blocked for 21.537ms for cause HeapTrim
08-06 12:55:17.450  6998 21780 I art     : Starting a blocking GC Explicit
08-06 12:55:17.486  6998 21780 I art     : Explicit concurrent mark sweep GC freed 175(27KB) AllocSpace objects, 1(20KB) LOS objects, 29% free, 37MB/53MB, paused 1.015ms total 35.222ms
08-06 12:55:17.525   918   936 I ActivityManager: Displayed baseline.com.newsblur/.activity.GlobalSharedStoriesReading: +183ms
08-06 12:55:17.528 13866 13866 I GoogleInputMethodServic: GoogleInputMethodService.onFinishInput():3138 
08-06 12:55:17.528 13866 13866 I GoogleInputMethodServic: GoogleInputMethodService.onStartInput():1808 
08-06 12:55:17.742  6998 22331 E chromium: [ERROR:tile_manager.cc(793)] WARNING: tile memory limits exceeded, some content may not draw
08-06 12:55:17.743  6998 22331 E chromium: [ERROR:tile_manager.cc(793)] WARNING: tile memory limits exceeded, some content may not draw
08-06 12:55:17.776  6998 22841 I art     : Starting a blocking GC Explicit
08-06 12:55:17.812  6998 22841 I art     : Explicit concurrent mark sweep GC freed 4351(333KB) AllocSpace objects, 13(296KB) LOS objects, 29% free, 38MB/54MB, paused 1.045ms total 35.639ms
08-06 12:55:17.822  6998 22841 I art     : Starting a blocking GC Explicit
08-06 12:55:17.856  6998 22841 I art     : Explicit concurrent mark sweep GC freed 1091(50KB) AllocSpace objects, 1(28KB) LOS objects, 29% free, 38MB/54MB, paused 1.010ms total 33.831ms
08-06 12:55:17.867  6998 22841 I art     : Starting a blocking GC Explicit
08-06 12:55:17.888   512  2967 D audio_hw_primary: disable_audio_route: reset and update mixer path: low-latency-playback speaker
08-06 12:55:17.889   512  2967 D audio_hw_primary: disable_snd_device: snd_device(2: speaker)
08-06 12:55:17.901   512  2967 I soundtrigger: audio_extn_sound_trigger_update_device_status: device 0x2 of type 0 for Event 0
08-06 12:55:17.903  6998 22841 I art     : Explicit concurrent mark sweep GC freed 116(4KB) AllocSpace objects, 1(20KB) LOS objects, 29% free, 38MB/54MB, paused 1.132ms total 36.125ms
08-06 12:55:17.914  6998 22841 I art     : Starting a blocking GC Explicit
08-06 12:55:17.949  6998 22841 I art     : Explicit concurrent mark sweep GC freed 32(13KB) AllocSpace objects, 0(0B) LOS objects, 29% free, 38MB/54MB, paused 986us total 35.420ms
08-06 12:55:17.959  6998 22841 I art     : Starting a blocking GC Explicit
08-06 12:55:17.993  6998 22841 I art     : Explicit concurrent mark sweep GC freed 11(416B) AllocSpace objects, 0(0B) LOS objects, 29% free, 38MB/54MB, paused 997us total 33.141ms
08-06 12:55:18.314  6998  7011 I art     : Starting a blocking GC Explicit
08-06 12:55:18.356  6998  7011 I art     : Explicit concurrent mark sweep GC freed 1443(83KB) AllocSpace objects, 1(20KB) LOS objects, 29% free, 38MB/54MB, paused 1.090ms total 41.504ms
08-06 12:55:18.370  6998  7011 I art     : Starting a blocking GC Explicit
08-06 12:55:18.407  6998  7011 I art     : Explicit concurrent mark sweep GC freed 22(784B) AllocSpace objects, 0(0B) LOS objects, 29% free, 38MB/54MB, paused 1.086ms total 37.361ms
08-06 12:55:18.418  6998  7011 I art     : Starting a blocking GC Explicit
08-06 12:55:18.455  6998  7011 I art     : Explicit concurrent mark sweep GC freed 3(96B) AllocSpace objects, 0(0B) LOS objects, 29% free, 38MB/54MB, paused 1.016ms total 36.882ms
08-06 12:55:18.466  6998  7011 I art     : Starting a blocking GC Explicit
08-06 12:55:18.504  6998  7011 I art     : Explicit concurrent mark sweep GC freed 3(96B) AllocSpace objects, 0(0B) LOS objects, 29% free, 38MB/54MB, paused 958us total 37.772ms
08-06 12:55:18.514  6998  7011 I art     : Starting a blocking GC Explicit
08-06 12:55:18.552  6998  7011 I art     : Explicit concurrent mark sweep GC freed 94(3KB) AllocSpace objects, 0(0B) LOS objects, 29% free, 38MB/54MB, paused 1.126ms total 37.856ms
08-06 12:55:18.794   518   646 I ThermalEngine: ACTION: GPU - Setting GPU[0] to 450000000
08-06 12:55:18.920  6998 22841 I art     : Starting a blocking GC Explicit
08-06 12:55:18.980  6998 22841 I art     : Explicit concurrent mark sweep GC freed 1566(90KB) AllocSpace objects, 1(20KB) LOS objects, 29% free, 38MB/54MB, paused 1.794ms total 59.328ms
08-06 12:55:18.996  6998 22841 I art     : Starting a blocking GC Explicit
08-06 12:55:19.053  6998 22841 I art     : Explicit concurrent mark sweep GC freed 1729(67KB) AllocSpace objects, 0(0B) LOS objects, 29% free, 38MB/54MB, paused 2.026ms total 56.317ms
08-06 12:55:19.068  6998 22644 E baseline.com.newsblur.network.APIResponse: Error (unexpected end of stream on https://www.newsblur.com/...) calling https://www.newsblur.com/reader/mark_story_hashes_as_read/
08-06 12:55:19.068  6998 22644 E baseline.com.newsblur.network.APIResponse: java.io.IOException: unexpected end of stream on https://www.newsblur.com/...
08-06 12:55:19.068  6998 22644 E baseline.com.newsblur.network.APIResponse: 	at okhttp3.internal.http1.Http1ExchangeCodec.readResponseHeaders(Http1ExchangeCodec.java:236)
08-06 12:55:19.068  6998 22644 E baseline.com.newsblur.network.APIResponse: 	at okhttp3.internal.connection.Exchange.readResponseHeaders(Exchange.java:115)
08-06 12:55:19.068  6998 22644 E baseline.com.newsblur.network.APIResponse: 	at okhttp3.internal.http.CallServerInterceptor.intercept(CallServerInterceptor.java:94)
08-06 12:55:19.068  6998 22644 E baseline.com.newsblur.network.APIResponse: 	at okhttp3.internal.http.RealInterceptorChain.proceed(RealInterceptorChain.java:142)
08-06 12:55:19.068  6998 22644 E baseline.com.newsblur.network.APIResponse: 	at okhttp3.internal.connection.ConnectInterceptor.intercept(ConnectInterceptor.java:43)
08-06 12:55:19.068  6998 22644 E baseline.com.newsblur.network.APIResponse: 	at okhttp3.internal.http.RealInterceptorChain.proceed(RealInterceptorChain.java:142)
08-06 12:55:19.068  6998 22644 E baseline.com.newsblur.network.APIResponse: 	at okhttp3.internal.http.RealInterceptorChain.proceed(RealInterceptorChain.java:117)
08-06 12:55:19.068  6998 22644 E baseline.com.newsblur.network.APIResponse: 	at okhttp3.internal.cache.CacheInterceptor.intercept(CacheInterceptor.java:94)
08-06 12:55:19.068  6998 22644 E baseline.com.newsblur.network.APIResponse: 	at okhttp3.internal.http.RealInterceptorChain.proceed(RealInterceptorChain.java:142)
08-06 12:55:19.068  6998 22644 E baseline.com.newsblur.network.APIResponse: 	at okhttp3.internal.http.RealInterceptorChain.proceed(RealInterceptorChain.java:117)
08-06 12:55:19.068  6998 22644 E baseline.com.newsblur.network.APIResponse: 	at okhttp3.internal.http.BridgeInterceptor.intercept(BridgeInterceptor.java:93)
08-06 12:55:19.068  6998 22644 E baseline.com.newsblur.network.APIResponse: 	at okhttp3.internal.http.RealInterceptorChain.proceed(RealInterceptorChain.java:142)
08-06 12:55:19.068  6998 22644 E baseline.com.newsblur.network.APIResponse: 	at okhttp3.internal.http.RetryAndFollowUpInterceptor.intercept(RetryAndFollowUpInterceptor.java:88)
08-06 12:55:19.068  6998 22644 E baseline.com.newsblur.network.APIResponse: 	at okhttp3.internal.http.RealInterceptorChain.proceed(RealInterceptorChain.java:142)
08-06 12:55:19.068  6998 22644 E baseline.com.newsblur.network.APIResponse: 	at okhttp3.internal.http.RealInterceptorChain.proceed(RealInterceptorChain.java:117)
08-06 12:55:19.068  6998 22644 E baseline.com.newsblur.network.APIResponse: 	at okhttp3.RealCall.getResponseWithInterceptorChain(RealCall.java:229)
08-06 12:55:19.068  6998 22644 E baseline.com.newsblur.network.APIResponse: 	at okhttp3.RealCall.execute(RealCall.java:81)
08-06 12:55:19.068  6998 22644 E baseline.com.newsblur.network.APIResponse: 	at baseline.com.newsblur.network.APIResponse.<init>(APIResponse.java:57)
08-06 12:55:19.068  6998 22644 E baseline.com.newsblur.network.APIResponse: 	at baseline.com.newsblur.network.APIResponse.<init>(APIResponse.java:43)
08-06 12:55:19.068  6998 22644 E baseline.com.newsblur.network.APIResponse: 	at baseline.com.newsblur.network.APIManager.post_single(APIManager.java:702)
08-06 12:55:19.068  6998 22644 E baseline.com.newsblur.network.APIResponse: 	at baseline.com.newsblur.network.APIManager.post(APIManager.java:675)
08-06 12:55:19.068  6998 22644 E baseline.com.newsblur.network.APIResponse: 	at baseline.com.newsblur.network.APIManager.post(APIManager.java:714)
08-06 12:55:19.068  6998 22644 E baseline.com.newsblur.network.APIResponse: 	at baseline.com.newsblur.network.APIManager.markStoryAsRead(APIManager.java:205)
08-06 12:55:19.068  6998 22644 E baseline.com.newsblur.network.APIResponse: 	at baseline.com.newsblur.util.ReadingAction.doRemote(ReadingAction.java:281)
08-06 12:55:19.068  6998 22644 E baseline.com.newsblur.network.APIResponse: 	at baseline.com.newsblur.service.NBSyncService.syncActions(NBSyncService.java:400)
08-06 12:55:19.068  6998 22644 E baseline.com.newsblur.network.APIResponse: 	at baseline.com.newsblur.service.NBSyncService.doSync(NBSyncService.java:298)
08-06 12:55:19.068  6998 22644 E baseline.com.newsblur.network.APIResponse: 	at baseline.com.newsblur.service.NBSyncService.access$100(NBSyncService.java:67)
08-06 12:55:19.068  6998 22644 E baseline.com.newsblur.network.APIResponse: 	at baseline.com.newsblur.service.NBSyncService$1.run(NBSyncService.java:188)
08-06 12:55:19.068  6998 22644 E baseline.com.newsblur.network.APIResponse: 	at java.util.concurrent.ThreadPoolExecutor.runWorker(ThreadPoolExecutor.java:1113)
08-06 12:55:19.068  6998 22644 E baseline.com.newsblur.network.APIResponse: 	at java.util.concurrent.ThreadPoolExecutor$Worker.run(ThreadPoolExecutor.java:588)
08-06 12:55:19.068  6998 22644 E baseline.com.newsblur.network.APIResponse: 	at java.lang.Thread.run(Thread.java:818)
08-06 12:55:19.068  6998 22644 E baseline.com.newsblur.network.APIResponse: Caused by: java.io.EOFException: \n not found: limit=0 content=
08-06 12:55:19.068  6998 22644 E baseline.com.newsblur.network.APIResponse: 	at okio.RealBufferedSource.readUtf8LineStrict(RealBufferedSource.java:240)
08-06 12:55:19.068  6998 22644 E baseline.com.newsblur.network.APIResponse: 	at okhttp3.internal.http1.Http1ExchangeCodec.readHeaderLine(Http1ExchangeCodec.java:242)
08-06 12:55:19.068  6998 22644 E baseline.com.newsblur.network.APIResponse: 	at okhttp3.internal.http1.Http1ExchangeCodec.readResponseHeaders(Http1ExchangeCodec.java:213)
08-06 12:55:19.068  6998 22644 E baseline.com.newsblur.network.APIResponse: 	... 30 more
08-06 12:55:19.069  6998 22644 I baseline.com.newsblur.network.APIManager: API call failed, pausing before retry number 2
08-06 12:55:19.070  6998 22841 I art     : Starting a blocking GC Explicit
08-06 12:55:19.113  6998 22841 I art     : Explicit concurrent mark sweep GC freed 870(190KB) AllocSpace objects, 2(40KB) LOS objects, 29% free, 38MB/54MB, paused 1.220ms total 43.307ms
08-06 12:55:19.126  6998 22841 I art     : Starting a blocking GC Explicit
08-06 12:55:19.142 21246 21246 I ServiceManager: Waiting for service AtCmdFwd...
08-06 12:55:19.173  6998 22841 I art     : Explicit concurrent mark sweep GC freed 51(21KB) AllocSpace objects, 0(0B) LOS objects, 29% free, 38MB/54MB, paused 1.395ms total 46.870ms
08-06 12:55:19.186  6998 22841 I art     : Starting a blocking GC Explicit
08-06 12:55:19.240  6998 22841 I art     : Explicit concurrent mark sweep GC freed 6(192B) AllocSpace objects, 0(0B) LOS objects, 29% free, 38MB/54MB, paused 1.459ms total 53.801ms
08-06 12:55:19.633  6998  7009 I art     : Starting a blocking GC Explicit
08-06 12:55:19.685  6998  7009 I art     : Explicit concurrent mark sweep GC freed 1481(84KB) AllocSpace objects, 1(20KB) LOS objects, 29% free, 38MB/54MB, paused 1.380ms total 51.009ms
08-06 12:55:19.698  6998  7009 I art     : Starting a blocking GC Explicit
08-06 12:55:19.751  6998  7009 I art     : Explicit concurrent mark sweep GC freed 22(784B) AllocSpace objects, 0(0B) LOS objects, 29% free, 38MB/54MB, paused 1.447ms total 52.360ms
08-06 12:55:19.765  6998  7009 I art     : Starting a blocking GC Explicit
08-06 12:55:19.816  6998  7009 I art     : Explicit concurrent mark sweep GC freed 3(96B) AllocSpace objects, 0(0B) LOS objects, 29% free, 38MB/54MB, paused 1.450ms total 51.293ms
08-06 12:55:19.830  6998  7009 I art     : Starting a blocking GC Explicit
08-06 12:55:19.884  6998  7009 I art     : Explicit concurrent mark sweep GC freed 3(96B) AllocSpace objects, 0(0B) LOS objects, 29% free, 38MB/54MB, paused 1.447ms total 53.300ms
08-06 12:55:19.902  6998  7009 I art     : Starting a blocking GC Explicit
08-06 12:55:19.952  6998  7009 I art     : Explicit concurrent mark sweep GC freed 3(96B) AllocSpace objects, 0(0B) LOS objects, 29% free, 38MB/54MB, paused 1.394ms total 49.617ms
08-06 12:55:20.143 21246 21246 I ServiceManager: Waiting for service AtCmdFwd...
08-06 12:55:20.331  6998 21988 I art     : Starting a blocking GC Explicit
08-06 12:55:20.385  6998 21988 I art     : Explicit concurrent mark sweep GC freed 1444(83KB) AllocSpace objects, 1(20KB) LOS objects, 29% free, 38MB/54MB, paused 1.360ms total 53.800ms
08-06 12:55:20.401  6998 21988 I art     : Starting a blocking GC Explicit
08-06 12:55:20.451  6998 21988 I art     : Explicit concurrent mark sweep GC freed 411(14KB) AllocSpace objects, 0(0B) LOS objects, 29% free, 38MB/54MB, paused 1.417ms total 49.259ms
08-06 12:55:20.464  6998 21988 I art     : Starting a blocking GC Explicit
08-06 12:55:20.514  6998 21988 I art     : Explicit concurrent mark sweep GC freed 3(96B) AllocSpace objects, 0(0B) LOS objects, 29% free, 38MB/54MB, paused 1.309ms total 50.095ms
08-06 12:55:20.528  6998 21988 I art     : Starting a blocking GC Explicit
08-06 12:55:20.579  6998 21988 I art     : Explicit concurrent mark sweep GC freed 3(96B) AllocSpace objects, 0(0B) LOS objects, 29% free, 38MB/54MB, paused 1.311ms total 50.779ms
08-06 12:55:20.593  6998 21988 I art     : Starting a blocking GC Explicit
08-06 12:55:20.644  6998 21988 I art     : Explicit concurrent mark sweep GC freed 3(96B) AllocSpace objects, 0(0B) LOS objects, 29% free, 38MB/54MB, paused 1.317ms total 51.202ms
08-06 12:55:21.016  6998  7011 I art     : Starting a blocking GC Explicit
08-06 12:55:21.067  6998  7011 I art     : Explicit concurrent mark sweep GC freed 1443(83KB) AllocSpace objects, 1(20KB) LOS objects, 29% free, 38MB/54MB, paused 1.398ms total 50.572ms
08-06 12:55:21.082  6998  7011 I art     : Starting a blocking GC Explicit
08-06 12:55:21.129  6998  7011 I art     : Explicit concurrent mark sweep GC freed 22(784B) AllocSpace objects, 0(0B) LOS objects, 29% free, 38MB/54MB, paused 1.347ms total 47.187ms
08-06 12:55:21.141  6998  7011 I art     : Starting a blocking GC Explicit
08-06 12:55:21.143 21246 21246 I ServiceManager: Waiting for service AtCmdFwd...
08-06 12:55:21.188  6998  7011 I art     : Explicit concurrent mark sweep GC freed 3(96B) AllocSpace objects, 0(0B) LOS objects, 29% free, 38MB/54MB, paused 1.808ms total 46.477ms
08-06 12:55:21.201  6998  7011 I art     : Starting a blocking GC Explicit
08-06 12:55:21.249  6998  7011 I art     : Explicit concurrent mark sweep GC freed 3(96B) AllocSpace objects, 0(0B) LOS objects, 29% free, 38MB/54MB, paused 1.410ms total 47.459ms
08-06 12:55:21.261  6998  7011 I art     : Starting a blocking GC Explicit
08-06 12:55:21.309  6998  7011 I art     : Explicit concurrent mark sweep GC freed 3(96B) AllocSpace objects, 0(0B) LOS objects, 29% free, 38MB/54MB, paused 1.409ms total 47.221ms
08-06 12:55:21.646   918  3261 D WifiStateMachine: starting scan for "H369AA63323"WPA_PSK with 2412,5180
08-06 12:55:21.681  6998 21780 I art     : Starting a blocking GC Explicit
08-06 12:55:21.731  6998 21780 I art     : Explicit concurrent mark sweep GC freed 1444(83KB) AllocSpace objects, 1(20KB) LOS objects, 29% free, 38MB/54MB, paused 1.392ms total 49.685ms
08-06 12:55:21.744  6998 21780 I art     : Starting a blocking GC Explicit
08-06 12:55:21.794  6998 21780 I art     : Explicit concurrent mark sweep GC freed 22(784B) AllocSpace objects, 0(0B) LOS objects, 29% free, 38MB/54MB, paused 1.454ms total 49.884ms
08-06 12:55:21.807  6998 21780 I art     : Starting a blocking GC Explicit
08-06 12:55:21.857  6998 21780 I art     : Explicit concurrent mark sweep GC freed 3(96B) AllocSpace objects, 0(0B) LOS objects, 29% free, 38MB/54MB, paused 1.386ms total 49.168ms
08-06 12:55:21.870  6998 21780 I art     : Starting a blocking GC Explicit
08-06 12:55:21.919  6998 21780 I art     : Explicit concurrent mark sweep GC freed 3(96B) AllocSpace objects, 0(0B) LOS objects, 29% free, 38MB/54MB, paused 1.436ms total 48.707ms
08-06 12:55:21.933  6998 21780 I art     : Starting a blocking GC Explicit
08-06 12:55:21.984  6998 21780 I art     : Explicit concurrent mark sweep GC freed 3(96B) AllocSpace objects, 0(0B) LOS objects, 29% free, 38MB/54MB, paused 1.468ms total 51.265ms
08-06 12:55:22.106 23102 23102 D AndroidRuntime: >>>>>> START com.android.internal.os.RuntimeInit uid 2000 <<<<<<
08-06 12:55:22.113 23102 23102 D AndroidRuntime: CheckJNI is OFF
08-06 12:55:22.144 21246 21246 I ServiceManager: Waiting for service AtCmdFwd...
08-06 12:55:22.155 23102 23102 D ICU     : No timezone override file found: /data/misc/zoneinfo/current/icu/icu_tzdata.dat
08-06 12:55:22.197 23102 23102 I Radio-JNI: register_android_hardware_Radio DONE
08-06 12:55:22.224 23102 23102 D AndroidRuntime: Calling main entry com.android.commands.input.Input
08-06 12:55:22.226 23102 23102 I Input   : injectKeyEvent: KeyEvent { action=ACTION_DOWN, keyCode=KEYCODE_BACK, scanCode=0, metaState=0, flags=0x0, repeatCount=0, eventTime=881738639, downTime=881738639, deviceId=-1, source=0x101 }
08-06 12:55:22.237 23102 23102 I Input   : injectKeyEvent: KeyEvent { action=ACTION_UP, keyCode=KEYCODE_BACK, scanCode=0, metaState=0, flags=0x0, repeatCount=0, eventTime=881738639, downTime=881738639, deviceId=-1, source=0x101 }
08-06 12:55:22.243 23102 23102 D AndroidRuntime: Shutting down VM
08-06 12:55:22.362  6998 22841 I art     : Starting a blocking GC Explicit
08-06 12:55:22.409  6998 22841 I art     : Explicit concurrent mark sweep GC freed 2413(174KB) AllocSpace objects, 4(80KB) LOS objects, 29% free, 38MB/54MB, paused 1.403ms total 46.807ms
08-06 12:55:22.414 13866 13866 I GoogleInputMethodServic: GoogleInputMethodService.onFinishInput():3138 
08-06 12:55:22.416 13866 13866 I GoogleInputMethodServic: GoogleInputMethodService.onStartInput():1808 
08-06 12:55:22.422  6998 22841 I art     : Starting a blocking GC Explicit
08-06 12:55:22.467  6998 22841 I art     : Explicit concurrent mark sweep GC freed 595(53KB) AllocSpace objects, 1(20KB) LOS objects, 29% free, 38MB/54MB, paused 1.753ms total 45.075ms
08-06 12:55:22.481  6998 22841 I art     : Starting a blocking GC Explicit
08-06 12:55:22.523  6998 22841 I art     : Explicit concurrent mark sweep GC freed 478(39KB) AllocSpace objects, 0(0B) LOS objects, 29% free, 38MB/54MB, paused 1.243ms total 42.327ms
08-06 12:55:22.524  6998  7008 I art     : WaitForGcToComplete blocked for 37.309ms for cause HeapTrim
08-06 12:55:22.536  6998 22841 I art     : Starting a blocking GC Explicit
08-06 12:55:22.581  6998 22841 I art     : Explicit concurrent mark sweep GC freed 3(96B) AllocSpace objects, 1(28KB) LOS objects, 29% free, 38MB/54MB, paused 1.329ms total 44.607ms
08-06 12:55:22.595  6998 22841 I art     : Starting a blocking GC Explicit
08-06 12:55:22.647  6998 22841 I art     : Explicit concurrent mark sweep GC freed 1602(63KB) AllocSpace objects, 0(0B) LOS objects, 29% free, 38MB/54MB, paused 1.359ms total 52.001ms
08-06 12:55:22.648  6998 22644 E baseline.com.newsblur.network.APIResponse: Error (unexpected end of stream on https://www.newsblur.com/...) calling https://www.newsblur.com/reader/mark_story_hashes_as_read/
08-06 12:55:22.648  6998 22644 E baseline.com.newsblur.network.APIResponse: java.io.IOException: unexpected end of stream on https://www.newsblur.com/...
08-06 12:55:22.648  6998 22644 E baseline.com.newsblur.network.APIResponse: 	at okhttp3.internal.http1.Http1ExchangeCodec.readResponseHeaders(Http1ExchangeCodec.java:236)
08-06 12:55:22.648  6998 22644 E baseline.com.newsblur.network.APIResponse: 	at okhttp3.internal.connection.Exchange.readResponseHeaders(Exchange.java:115)
08-06 12:55:22.648  6998 22644 E baseline.com.newsblur.network.APIResponse: 	at okhttp3.internal.http.CallServerInterceptor.intercept(CallServerInterceptor.java:94)
08-06 12:55:22.648  6998 22644 E baseline.com.newsblur.network.APIResponse: 	at okhttp3.internal.http.RealInterceptorChain.proceed(RealInterceptorChain.java:142)
08-06 12:55:22.648  6998 22644 E baseline.com.newsblur.network.APIResponse: 	at okhttp3.internal.connection.ConnectInterceptor.intercept(ConnectInterceptor.java:43)
08-06 12:55:22.648  6998 22644 E baseline.com.newsblur.network.APIResponse: 	at okhttp3.internal.http.RealInterceptorChain.proceed(RealInterceptorChain.java:142)
08-06 12:55:22.648  6998 22644 E baseline.com.newsblur.network.APIResponse: 	at okhttp3.internal.http.RealInterceptorChain.proceed(RealInterceptorChain.java:117)
08-06 12:55:22.648  6998 22644 E baseline.com.newsblur.network.APIResponse: 	at okhttp3.internal.cache.CacheInterceptor.intercept(CacheInterceptor.java:94)
08-06 12:55:22.648  6998 22644 E baseline.com.newsblur.network.APIResponse: 	at okhttp3.internal.http.RealInterceptorChain.proceed(RealInterceptorChain.java:142)
08-06 12:55:22.648  6998 22644 E baseline.com.newsblur.network.APIResponse: 	at okhttp3.internal.http.RealInterceptorChain.proceed(RealInterceptorChain.java:117)
08-06 12:55:22.648  6998 22644 E baseline.com.newsblur.network.APIResponse: 	at okhttp3.internal.http.BridgeInterceptor.intercept(BridgeInterceptor.java:93)
08-06 12:55:22.648  6998 22644 E baseline.com.newsblur.network.APIResponse: 	at okhttp3.internal.http.RealInterceptorChain.proceed(RealInterceptorChain.java:142)
08-06 12:55:22.648  6998 22644 E baseline.com.newsblur.network.APIResponse: 	at okhttp3.internal.http.RetryAndFollowUpInterceptor.intercept(RetryAndFollowUpInterceptor.java:88)
08-06 12:55:22.648  6998 22644 E baseline.com.newsblur.network.APIResponse: 	at okhttp3.internal.http.RealInterceptorChain.proceed(RealInterceptorChain.java:142)
08-06 12:55:22.648  6998 22644 E baseline.com.newsblur.network.APIResponse: 	at okhttp3.internal.http.RealInterceptorChain.proceed(RealInterceptorChain.java:117)
08-06 12:55:22.648  6998 22644 E baseline.com.newsblur.network.APIResponse: 	at okhttp3.RealCall.getResponseWithInterceptorChain(RealCall.java:229)
08-06 12:55:22.648  6998 22644 E baseline.com.newsblur.network.APIResponse: 	at okhttp3.RealCall.execute(RealCall.java:81)
08-06 12:55:22.648  6998 22644 E baseline.com.newsblur.network.APIResponse: 	at baseline.com.newsblur.network.APIResponse.<init>(APIResponse.java:57)
08-06 12:55:22.648  6998 22644 E baseline.com.newsblur.network.APIResponse: 	at baseline.com.newsblur.network.APIResponse.<init>(APIResponse.java:43)
08-06 12:55:22.648  6998 22644 E baseline.com.newsblur.network.APIResponse: 	at baseline.com.newsblur.network.APIManager.post_single(APIManager.java:702)
08-06 12:55:22.648  6998 22644 E baseline.com.newsblur.network.APIResponse: 	at baseline.com.newsblur.network.APIManager.post(APIManager.java:675)
08-06 12:55:22.648  6998 22644 E baseline.com.newsblur.network.APIResponse: 	at baseline.com.newsblur.network.APIManager.post(APIManager.java:714)
08-06 12:55:22.648  6998 22644 E baseline.com.newsblur.network.APIResponse: 	at baseline.com.newsblur.network.APIManager.markStoryAsRead(APIManager.java:205)
08-06 12:55:22.648  6998 22644 E baseline.com.newsblur.network.APIResponse: 	at baseline.com.newsblur.util.ReadingAction.doRemote(ReadingAction.java:281)
08-06 12:55:22.648  6998 22644 E baseline.com.newsblur.network.APIResponse: 	at baseline.com.newsblur.service.NBSyncService.syncActions(NBSyncService.java:400)
08-06 12:55:22.648  6998 22644 E baseline.com.newsblur.network.APIResponse: 	at baseline.com.newsblur.service.NBSyncService.doSync(NBSyncService.java:298)
08-06 12:55:22.648  6998 22644 E baseline.com.newsblur.network.APIResponse: 	at baseline.com.newsblur.service.NBSyncService.access$100(NBSyncService.java:67)
08-06 12:55:22.648  6998 22644 E baseline.com.newsblur.network.APIResponse: 	at baseline.com.newsblur.service.NBSyncService$1.run(NBSyncService.java:188)
08-06 12:55:22.648  6998 22644 E baseline.com.newsblur.network.APIResponse: 	at java.util.concurrent.ThreadPoolExecutor.runWorker(ThreadPoolExecutor.java:1113)
08-06 12:55:22.648  6998 22644 E baseline.com.newsblur.network.APIResponse: 	at java.util.concurrent.ThreadPoolExecutor$Worker.run(ThreadPoolExecutor.java:588)
08-06 12:55:22.648  6998 22644 E baseline.com.newsblur.network.APIResponse: 	at java.lang.Thread.run(Thread.java:818)
08-06 12:55:22.648  6998 22644 E baseline.com.newsblur.network.APIResponse: Caused by: java.io.EOFException: \n not found: limit=0 content=
08-06 12:55:22.648  6998 22644 E baseline.com.newsblur.network.APIResponse: 	at okio.RealBufferedSource.readUtf8LineStrict(RealBufferedSource.java:240)
08-06 12:55:22.648  6998 22644 E baseline.com.newsblur.network.APIResponse: 	at okhttp3.internal.http1.Http1ExchangeCodec.readHeaderLine(Http1ExchangeCodec.java:242)
08-06 12:55:22.648  6998 22644 E baseline.com.newsblur.network.APIResponse: 	at okhttp3.internal.http1.Http1ExchangeCodec.readResponseHeaders(Http1ExchangeCodec.java:213)
08-06 12:55:22.648  6998 22644 E baseline.com.newsblur.network.APIResponse: 	... 30 more
08-06 12:55:22.649  6998 22644 I baseline.com.newsblur.service.NBSyncService: Holding reading action with server-side or network error.
08-06 12:55:22.662  6998 22644 W baseline.com.newsblur.service.NBSyncService: hard API failure
08-06 12:55:23.015  6998 22841 I art     : Starting a blocking GC Explicit
08-06 12:55:23.053  6998 22644 E baseline.com.newsblur.network.APIResponse: Error (unexpected end of stream on https://www.newsblur.com/...) calling https://www.newsblur.com/reader/mark_story_hashes_as_read/
08-06 12:55:23.053  6998 22644 E baseline.com.newsblur.network.APIResponse: java.io.IOException: unexpected end of stream on https://www.newsblur.com/...
08-06 12:55:23.053  6998 22644 E baseline.com.newsblur.network.APIResponse: 	at okhttp3.internal.http1.Http1ExchangeCodec.readResponseHeaders(Http1ExchangeCodec.java:236)
08-06 12:55:23.053  6998 22644 E baseline.com.newsblur.network.APIResponse: 	at okhttp3.internal.connection.Exchange.readResponseHeaders(Exchange.java:115)
08-06 12:55:23.053  6998 22644 E baseline.com.newsblur.network.APIResponse: 	at okhttp3.internal.http.CallServerInterceptor.intercept(CallServerInterceptor.java:94)
08-06 12:55:23.053  6998 22644 E baseline.com.newsblur.network.APIResponse: 	at okhttp3.internal.http.RealInterceptorChain.proceed(RealInterceptorChain.java:142)
08-06 12:55:23.053  6998 22644 E baseline.com.newsblur.network.APIResponse: 	at okhttp3.internal.connection.ConnectInterceptor.intercept(ConnectInterceptor.java:43)
08-06 12:55:23.053  6998 22644 E baseline.com.newsblur.network.APIResponse: 	at okhttp3.internal.http.RealInterceptorChain.proceed(RealInterceptorChain.java:142)
08-06 12:55:23.053  6998 22644 E baseline.com.newsblur.network.APIResponse: 	at okhttp3.internal.http.RealInterceptorChain.proceed(RealInterceptorChain.java:117)
08-06 12:55:23.053  6998 22644 E baseline.com.newsblur.network.APIResponse: 	at okhttp3.internal.cache.CacheInterceptor.intercept(CacheInterceptor.java:94)
08-06 12:55:23.053  6998 22644 E baseline.com.newsblur.network.APIResponse: 	at okhttp3.internal.http.RealInterceptorChain.proceed(RealInterceptorChain.java:142)
08-06 12:55:23.053  6998 22644 E baseline.com.newsblur.network.APIResponse: 	at okhttp3.internal.http.RealInterceptorChain.proceed(RealInterceptorChain.java:117)
08-06 12:55:23.053  6998 22644 E baseline.com.newsblur.network.APIResponse: 	at okhttp3.internal.http.BridgeInterceptor.intercept(BridgeInterceptor.java:93)
08-06 12:55:23.053  6998 22644 E baseline.com.newsblur.network.APIResponse: 	at okhttp3.internal.http.RealInterceptorChain.proceed(RealInterceptorChain.java:142)
08-06 12:55:23.053  6998 22644 E baseline.com.newsblur.network.APIResponse: 	at okhttp3.internal.http.RetryAndFollowUpInterceptor.intercept(RetryAndFollowUpInterceptor.java:88)
08-06 12:55:23.053  6998 22644 E baseline.com.newsblur.network.APIResponse: 	at okhttp3.internal.http.RealInterceptorChain.proceed(RealInterceptorChain.java:142)
08-06 12:55:23.053  6998 22644 E baseline.com.newsblur.network.APIResponse: 	at okhttp3.internal.http.RealInterceptorChain.proceed(RealInterceptorChain.java:117)
08-06 12:55:23.053  6998 22644 E baseline.com.newsblur.network.APIResponse: 	at okhttp3.RealCall.getResponseWithInterceptorChain(RealCall.java:229)
08-06 12:55:23.053  6998 22644 E baseline.com.newsblur.network.APIResponse: 	at okhttp3.RealCall.execute(RealCall.java:81)
08-06 12:55:23.053  6998 22644 E baseline.com.newsblur.network.APIResponse: 	at baseline.com.newsblur.network.APIResponse.<init>(APIResponse.java:57)
08-06 12:55:23.053  6998 22644 E baseline.com.newsblur.network.APIResponse: 	at baseline.com.newsblur.network.APIResponse.<init>(APIResponse.java:43)
08-06 12:55:23.053  6998 22644 E baseline.com.newsblur.network.APIResponse: 	at baseline.com.newsblur.network.APIManager.post_single(APIManager.java:702)
08-06 12:55:23.053  6998 22644 E baseline.com.newsblur.network.APIResponse: 	at baseline.com.newsblur.network.APIManager.post(APIManager.java:675)
08-06 12:55:23.053  6998 22644 E baseline.com.newsblur.network.APIResponse: 	at baseline.com.newsblur.network.APIManager.post(APIManager.java:714)
08-06 12:55:23.053  6998 22644 E baseline.com.newsblur.network.APIResponse: 	at baseline.com.newsblur.network.APIManager.markStoryAsRead(APIManager.java:205)
08-06 12:55:23.053  6998 22644 E baseline.com.newsblur.network.APIResponse: 	at baseline.com.newsblur.util.ReadingAction.doRemote(ReadingAction.java:281)
08-06 12:55:23.053  6998 22644 E baseline.com.newsblur.network.APIResponse: 	at baseline.com.newsblur.service.NBSyncService.syncActions(NBSyncService.java:400)
08-06 12:55:23.053  6998 22644 E baseline.com.newsblur.network.APIResponse: 	at baseline.com.newsblur.service.NBSyncService.doSync(NBSyncService.java:298)
08-06 12:55:23.053  6998 22644 E baseline.com.newsblur.network.APIResponse: 	at baseline.com.newsblur.service.NBSyncService.access$100(NBSyncService.java:67)
08-06 12:55:23.053  6998 22644 E baseline.com.newsblur.network.APIResponse: 	at baseline.com.newsblur.service.NBSyncService$1.run(NBSyncService.java:188)
08-06 12:55:23.053  6998 22644 E baseline.com.newsblur.network.APIResponse: 	at java.util.concurrent.ThreadPoolExecutor.runWorker(ThreadPoolExecutor.java:1113)
08-06 12:55:23.053  6998 22644 E baseline.com.newsblur.network.APIResponse: 	at java.util.concurrent.ThreadPoolExecutor$Worker.run(ThreadPoolExecutor.java:588)
08-06 12:55:23.053  6998 22644 E baseline.com.newsblur.network.APIResponse: 	at java.lang.Thread.run(Thread.java:818)
08-06 12:55:23.053  6998 22644 E baseline.com.newsblur.network.APIResponse: Caused by: java.io.EOFException: \n not found: limit=0 content=
08-06 12:55:23.053  6998 22644 E baseline.com.newsblur.network.APIResponse: 	at okio.RealBufferedSource.readUtf8LineStrict(RealBufferedSource.java:240)
08-06 12:55:23.053  6998 22644 E baseline.com.newsblur.network.APIResponse: 	at okhttp3.internal.http1.Http1ExchangeCodec.readHeaderLine(Http1ExchangeCodec.java:242)
08-06 12:55:23.053  6998 22644 E baseline.com.newsblur.network.APIResponse: 	at okhttp3.internal.http1.Http1ExchangeCodec.readResponseHeaders(Http1ExchangeCodec.java:213)
08-06 12:55:23.053  6998 22644 E baseline.com.newsblur.network.APIResponse: 	... 30 more
08-06 12:55:23.056  6998 22644 I baseline.com.newsblur.network.APIManager: API call failed, pausing before retry number 1
08-06 12:55:23.072  6998 22841 I art     : Explicit concurrent mark sweep GC freed 6775(715KB) AllocSpace objects, 9(180KB) LOS objects, 29% free, 38MB/54MB, paused 1.389ms total 56.398ms
08-06 12:55:23.088  6998 22841 I art     : Starting a blocking GC Explicit
08-06 12:55:23.139  6998 22841 I art     : Explicit concurrent mark sweep GC freed 451(30KB) AllocSpace objects, 0(0B) LOS objects, 29% free, 38MB/54MB, paused 1.560ms total 50.527ms
08-06 12:55:23.144 21246 21246 I ServiceManager: Waiting for service AtCmdFwd...
08-06 12:55:23.153  6998 22841 I art     : Starting a blocking GC Explicit
08-06 12:55:23.204  6998 22841 I art     : Explicit concurrent mark sweep GC freed 33(1088B) AllocSpace objects, 0(0B) LOS objects, 29% free, 38MB/54MB, paused 1.443ms total 50.723ms
08-06 12:55:23.219  6998 22841 I art     : Starting a blocking GC Explicit
08-06 12:55:23.269  6998 22841 I art     : Explicit concurrent mark sweep GC freed 11(352B) AllocSpace objects, 0(0B) LOS objects, 29% free, 38MB/54MB, paused 1.316ms total 49.959ms
08-06 12:55:23.286  6998 22841 I art     : Starting a blocking GC Explicit
08-06 12:55:23.335  6998 22841 I art     : Explicit concurrent mark sweep GC freed 9(288B) AllocSpace objects, 0(0B) LOS objects, 29% free, 38MB/54MB, paused 1.340ms total 49.429ms
08-06 12:55:23.701  6998  7009 I art     : Starting a blocking GC Explicit
08-06 12:55:23.757  6998  7009 I art     : Explicit concurrent mark sweep GC freed 1493(84KB) AllocSpace objects, 1(20KB) LOS objects, 29% free, 38MB/54MB, paused 1.578ms total 55.390ms
08-06 12:55:23.772  6998  7009 I art     : Starting a blocking GC Explicit
08-06 12:55:23.823  6998  7009 I art     : Explicit concurrent mark sweep GC freed 30(1040B) AllocSpace objects, 0(0B) LOS objects, 29% free, 38MB/54MB, paused 1.333ms total 51.346ms
08-06 12:55:23.838  6998  7009 I art     : Starting a blocking GC Explicit
08-06 12:55:23.888  6998  7009 I art     : Explicit concurrent mark sweep GC freed 8(256B) AllocSpace objects, 0(0B) LOS objects, 29% free, 38MB/54MB, paused 1.387ms total 49.405ms
08-06 12:55:23.902  6998  7009 I art     : Starting a blocking GC Explicit
08-06 12:55:23.951  6998  7009 I art     : Explicit concurrent mark sweep GC freed 3(96B) AllocSpace objects, 0(0B) LOS objects, 29% free, 38MB/54MB, paused 1.465ms total 48.739ms
08-06 12:55:23.964  6998  7009 I art     : Starting a blocking GC Explicit
08-06 12:55:24.014  6998  7009 I art     : Explicit concurrent mark sweep GC freed 3(96B) AllocSpace objects, 0(0B) LOS objects, 29% free, 38MB/54MB, paused 1.430ms total 49.237ms
08-06 12:55:24.065 23137 23137 D AndroidRuntime: >>>>>> START com.android.internal.os.RuntimeInit uid 2000 <<<<<<
08-06 12:55:24.072 23137 23137 D AndroidRuntime: CheckJNI is OFF
08-06 12:55:24.117 23137 23137 D ICU     : No timezone override file found: /data/misc/zoneinfo/current/icu/icu_tzdata.dat
08-06 12:55:24.145 21246 21246 W Atfwd_Sendcmd: AtCmdFwd service not published, waiting... retryCnt : 4
08-06 12:55:24.163 23137 23137 I Radio-JNI: register_android_hardware_Radio DONE
08-06 12:55:24.192 23137 23137 D AndroidRuntime: Calling main entry com.android.commands.input.Input
08-06 12:55:24.194 23137 23137 I Input   : injectKeyEvent: KeyEvent { action=ACTION_DOWN, keyCode=KEYCODE_BACK, scanCode=0, metaState=0, flags=0x0, repeatCount=0, eventTime=881740607, downTime=881740607, deviceId=-1, source=0x101 }
08-06 12:55:24.202 23137 23137 I Input   : injectKeyEvent: KeyEvent { action=ACTION_UP, keyCode=KEYCODE_BACK, scanCode=0, metaState=0, flags=0x0, repeatCount=0, eventTime=881740607, downTime=881740607, deviceId=-1, source=0x101 }
08-06 12:55:24.209 23137 23137 D AndroidRuntime: Shutting down VM
08-06 12:55:24.379  6998  7011 I art     : Starting a blocking GC Explicit
08-06 12:55:24.427  6998  7011 I art     : Explicit concurrent mark sweep GC freed 9556(656KB) AllocSpace objects, 13(260KB) LOS objects, 29% free, 38MB/54MB, paused 1.542ms total 47.220ms
08-06 12:55:24.428 13866 13866 I GoogleInputMethodServic: GoogleInputMethodService.onFinishInput():3138 
08-06 12:55:24.429 13866 13866 I GoogleInputMethodServic: GoogleInputMethodService.onStartInput():1808 
08-06 12:55:24.443  6998  7011 I art     : Starting a blocking GC Explicit
08-06 12:55:24.487  6998  7011 I art     : Explicit concurrent mark sweep GC freed 352(15KB) AllocSpace objects, 0(0B) LOS objects, 29% free, 38MB/54MB, paused 1.461ms total 44.594ms
08-06 12:55:24.501  6998  7011 I art     : Starting a blocking GC Explicit
08-06 12:55:24.542  6998  7011 I art     : Explicit concurrent mark sweep GC freed 109(4KB) AllocSpace objects, 0(0B) LOS objects, 29% free, 38MB/54MB, paused 1.186ms total 41.464ms
08-06 12:55:24.556  6998  7011 I art     : Starting a blocking GC Explicit
08-06 12:55:24.609  6998  7011 I art     : Explicit concurrent mark sweep GC freed 94(3KB) AllocSpace objects, 0(0B) LOS objects, 29% free, 38MB/54MB, paused 1.426ms total 52.739ms
08-06 12:55:24.623  6998  7011 I art     : Starting a blocking GC Explicit
08-06 12:55:24.677  6998  7011 I art     : Explicit concurrent mark sweep GC freed 74(4KB) AllocSpace objects, 0(0B) LOS objects, 29% free, 38MB/54MB, paused 1.377ms total 53.646ms
08-06 12:55:25.039  6998 21780 I art     : Starting a blocking GC Explicit
08-06 12:55:25.092  6998 21780 I art     : Explicit concurrent mark sweep GC freed 3593(170KB) AllocSpace objects, 1(20KB) LOS objects, 29% free, 38MB/54MB, paused 1.466ms total 52.429ms
08-06 12:55:25.104  6998 22644 E baseline.com.newsblur.network.APIResponse: Error (unexpected end of stream on https://www.newsblur.com/...) calling https://www.newsblur.com/reader/mark_story_hashes_as_read/
08-06 12:55:25.104  6998 22644 E baseline.com.newsblur.network.APIResponse: java.io.IOException: unexpected end of stream on https://www.newsblur.com/...
08-06 12:55:25.104  6998 22644 E baseline.com.newsblur.network.APIResponse: 	at okhttp3.internal.http1.Http1ExchangeCodec.readResponseHeaders(Http1ExchangeCodec.java:236)
08-06 12:55:25.104  6998 22644 E baseline.com.newsblur.network.APIResponse: 	at okhttp3.internal.connection.Exchange.readResponseHeaders(Exchange.java:115)
08-06 12:55:25.104  6998 22644 E baseline.com.newsblur.network.APIResponse: 	at okhttp3.internal.http.CallServerInterceptor.intercept(CallServerInterceptor.java:94)
08-06 12:55:25.104  6998 22644 E baseline.com.newsblur.network.APIResponse: 	at okhttp3.internal.http.RealInterceptorChain.proceed(RealInterceptorChain.java:142)
08-06 12:55:25.104  6998 22644 E baseline.com.newsblur.network.APIResponse: 	at okhttp3.internal.connection.ConnectInterceptor.intercept(ConnectInterceptor.java:43)
08-06 12:55:25.104  6998 22644 E baseline.com.newsblur.network.APIResponse: 	at okhttp3.internal.http.RealInterceptorChain.proceed(RealInterceptorChain.java:142)
08-06 12:55:25.104  6998 22644 E baseline.com.newsblur.network.APIResponse: 	at okhttp3.internal.http.RealInterceptorChain.proceed(RealInterceptorChain.java:117)
08-06 12:55:25.104  6998 22644 E baseline.com.newsblur.network.APIResponse: 	at okhttp3.internal.cache.CacheInterceptor.intercept(CacheInterceptor.java:94)
08-06 12:55:25.104  6998 22644 E baseline.com.newsblur.network.APIResponse: 	at okhttp3.internal.http.RealInterceptorChain.proceed(RealInterceptorChain.java:142)
08-06 12:55:25.104  6998 22644 E baseline.com.newsblur.network.APIResponse: 	at okhttp3.internal.http.RealInterceptorChain.proceed(RealInterceptorChain.java:117)
08-06 12:55:25.104  6998 22644 E baseline.com.newsblur.network.APIResponse: 	at okhttp3.internal.http.BridgeInterceptor.intercept(BridgeInterceptor.java:93)
08-06 12:55:25.104  6998 22644 E baseline.com.newsblur.network.APIResponse: 	at okhttp3.internal.http.RealInterceptorChain.proceed(RealInterceptorChain.java:142)
08-06 12:55:25.104  6998 22644 E baseline.com.newsblur.network.APIResponse: 	at okhttp3.internal.http.RetryAndFollowUpInterceptor.intercept(RetryAndFollowUpInterceptor.java:88)
08-06 12:55:25.104  6998 22644 E baseline.com.newsblur.network.APIResponse: 	at okhttp3.internal.http.RealInterceptorChain.proceed(RealInterceptorChain.java:142)
08-06 12:55:25.104  6998 22644 E baseline.com.newsblur.network.APIResponse: 	at okhttp3.internal.http.RealInterceptorChain.proceed(RealInterceptorChain.java:117)
08-06 12:55:25.104  6998 22644 E baseline.com.newsblur.network.APIResponse: 	at okhttp3.RealCall.getResponseWithInterceptorChain(RealCall.java:229)
08-06 12:55:25.104  6998 22644 E baseline.com.newsblur.network.APIResponse: 	at okhttp3.RealCall.execute(RealCall.java:81)
08-06 12:55:25.104  6998 22644 E baseline.com.newsblur.network.APIResponse: 	at baseline.com.newsblur.network.APIResponse.<init>(APIResponse.java:57)
08-06 12:55:25.104  6998 22644 E baseline.com.newsblur.network.APIResponse: 	at baseline.com.newsblur.network.APIResponse.<init>(APIResponse.java:43)
08-06 12:55:25.104  6998 22644 E baseline.com.newsblur.network.APIResponse: 	at baseline.com.newsblur.network.APIManager.post_single(APIManager.java:702)
08-06 12:55:25.104  6998 22644 E baseline.com.newsblur.network.APIResponse: 	at baseline.com.newsblur.network.APIManager.post(APIManager.java:675)
08-06 12:55:25.104  6998 22644 E baseline.com.newsblur.network.APIResponse: 	at baseline.com.newsblur.network.APIManager.post(APIManager.java:714)
08-06 12:55:25.104  6998 22644 E baseline.com.newsblur.network.APIResponse: 	at baseline.com.newsblur.network.APIManager.markStoryAsRead(APIManager.java:205)
08-06 12:55:25.104  6998 22644 E baseline.com.newsblur.network.APIResponse: 	at baseline.com.newsblur.util.ReadingAction.doRemote(ReadingAction.java:281)
08-06 12:55:25.104  6998 22644 E baseline.com.newsblur.network.APIResponse: 	at baseline.com.newsblur.service.NBSyncService.syncActions(NBSyncService.java:400)
08-06 12:55:25.104  6998 22644 E baseline.com.newsblur.network.APIResponse: 	at baseline.com.newsblur.service.NBSyncService.doSync(NBSyncService.java:298)
08-06 12:55:25.104  6998 22644 E baseline.com.newsblur.network.APIResponse: 	at baseline.com.newsblur.service.NBSyncService.access$100(NBSyncService.java:67)
08-06 12:55:25.104  6998 22644 E baseline.com.newsblur.network.APIResponse: 	at baseline.com.newsblur.service.NBSyncService$1.run(NBSyncService.java:188)
08-06 12:55:25.104  6998 22644 E baseline.com.newsblur.network.APIResponse: 	at java.util.concurrent.ThreadPoolExecutor.runWorker(ThreadPoolExecutor.java:1113)
08-06 12:55:25.104  6998 22644 E baseline.com.newsblur.network.APIResponse: 	at java.util.concurrent.ThreadPoolExecutor$Worker.run(ThreadPoolExecutor.java:588)
08-06 12:55:25.104  6998 22644 E baseline.com.newsblur.network.APIResponse: 	at java.lang.Thread.run(Thread.java:818)
08-06 12:55:25.104  6998 22644 E baseline.com.newsblur.network.APIResponse: Caused by: java.io.EOFException: \n not found: limit=0 content=
08-06 12:55:25.104  6998 22644 E baseline.com.newsblur.network.APIResponse: 	at okio.RealBufferedSource.readUtf8LineStrict(RealBufferedSource.java:240)
08-06 12:55:25.104  6998 22644 E baseline.com.newsblur.network.APIResponse: 	at okhttp3.internal.http1.Http1ExchangeCodec.readHeaderLine(Http1ExchangeCodec.java:242)
08-06 12:55:25.104  6998 22644 E baseline.com.newsblur.network.APIResponse: 	at okhttp3.internal.http1.Http1ExchangeCodec.readResponseHeaders(Http1ExchangeCodec.java:213)
08-06 12:55:25.104  6998 22644 E baseline.com.newsblur.network.APIResponse: 	... 30 more
08-06 12:55:25.106  6998 22644 I baseline.com.newsblur.network.APIManager: API call failed, pausing before retry number 2
08-06 12:55:25.106  6998 21780 I art     : Starting a blocking GC Explicit
08-06 12:55:25.155  6998 21780 I art     : Explicit concurrent mark sweep GC freed 1067(210KB) AllocSpace objects, 2(40KB) LOS objects, 29% free, 38MB/54MB, paused 1.346ms total 47.915ms
08-06 12:55:25.169  6998 21780 I art     : Starting a blocking GC Explicit
08-06 12:55:25.216  6998 21780 I art     : Explicit concurrent mark sweep GC freed 58(10KB) AllocSpace objects, 0(0B) LOS objects, 29% free, 38MB/54MB, paused 1.258ms total 47.225ms
08-06 12:55:25.230  6998 21780 I art     : Starting a blocking GC Explicit
08-06 12:55:25.278  6998 21780 I art     : Explicit concurrent mark sweep GC freed 13(416B) AllocSpace objects, 0(0B) LOS objects, 29% free, 38MB/54MB, paused 1.573ms total 47.861ms
08-06 12:55:25.291  6998 21780 I art     : Starting a blocking GC Explicit
08-06 12:55:25.339  6998 21780 I art     : Explicit concurrent mark sweep GC freed 10(320B) AllocSpace objects, 0(0B) LOS objects, 29% free, 38MB/54MB, paused 1.372ms total 47.575ms
08-06 12:55:25.695  6998 21780 I art     : Starting a blocking GC Explicit
08-06 12:55:25.747  6998 21780 I art     : Explicit concurrent mark sweep GC freed 1489(84KB) AllocSpace objects, 1(20KB) LOS objects, 29% free, 38MB/54MB, paused 1.568ms total 51.440ms
08-06 12:55:25.761  6998 21780 I art     : Starting a blocking GC Explicit
08-06 12:55:25.811  6998 21780 I art     : Explicit concurrent mark sweep GC freed 30(1040B) AllocSpace objects, 0(0B) LOS objects, 29% free, 38MB/54MB, paused 1.539ms total 49.591ms
08-06 12:55:25.824  6998 21780 I art     : Starting a blocking GC Explicit
08-06 12:55:25.873  6998 21780 I art     : Explicit concurrent mark sweep GC freed 6(192B) AllocSpace objects, 0(0B) LOS objects, 29% free, 38MB/54MB, paused 1.369ms total 48.558ms
08-06 12:55:25.886  6998 21780 I art     : Starting a blocking GC Explicit
08-06 12:55:25.935  6998 21780 I art     : Explicit concurrent mark sweep GC freed 3(96B) AllocSpace objects, 0(0B) LOS objects, 29% free, 38MB/54MB, paused 1.427ms total 48.402ms
08-06 12:55:25.948  6998 21780 I art     : Starting a blocking GC Explicit
08-06 12:55:25.998  6998 21780 I art     : Explicit concurrent mark sweep GC freed 3(96B) AllocSpace objects, 0(0B) LOS objects, 29% free, 38MB/54MB, paused 1.550ms total 50.252ms
08-06 12:55:26.003 23178 23178 D AndroidRuntime: >>>>>> START com.android.internal.os.RuntimeInit uid 2000 <<<<<<
08-06 12:55:26.010 23178 23178 D AndroidRuntime: CheckJNI is OFF
08-06 12:55:26.052 23178 23178 D ICU     : No timezone override file found: /data/misc/zoneinfo/current/icu/icu_tzdata.dat
08-06 12:55:26.097 23178 23178 I Radio-JNI: register_android_hardware_Radio DONE
08-06 12:55:26.126 23178 23178 D AndroidRuntime: Calling main entry com.android.commands.input.Input
08-06 12:55:26.129 23178 23178 I Input   : injectMotionEvent: MotionEvent { action=ACTION_DOWN, actionButton=0, id[0]=0, x[0]=553.0, y[0]=442.0, toolType[0]=TOOL_TYPE_UNKNOWN, buttonState=0, metaState=0, flags=0x0, edgeFlags=0x0, pointerCount=1, historySize=0, eventTime=881742542, downTime=881742542, deviceId=0, source=0x1002 }
08-06 12:55:26.140 23178 23178 I Input   : injectMotionEvent: MotionEvent { action=ACTION_UP, actionButton=0, id[0]=0, x[0]=553.0, y[0]=442.0, toolType[0]=TOOL_TYPE_UNKNOWN, buttonState=0, metaState=0, flags=0x0, edgeFlags=0x0, pointerCount=1, historySize=0, eventTime=881742542, downTime=881742542, deviceId=0, source=0x1002 }
08-06 12:55:26.148 23178 23178 D AndroidRuntime: Shutting down VM
08-06 12:55:26.216   918   929 I ActivityManager: START u0 {cmp=baseline.com.newsblur/.activity.AllSharedStoriesItemsList (has extras)} from uid 10698 on display 0
08-06 12:55:26.238  6998 22013 I baseline.com.newsblur.database.BlurDatabaseHelper: reading session reset
08-06 12:55:26.345  6998 21988 I art     : Starting a blocking GC Explicit
08-06 12:55:26.396  6998 21988 I art     : Explicit concurrent mark sweep GC freed 4100(338KB) AllocSpace objects, 7(232KB) LOS objects, 29% free, 38MB/54MB, paused 1.617ms total 51.151ms
08-06 12:55:26.411  6998 21988 I art     : Starting a blocking GC Explicit
08-06 12:55:26.435  6998  6998 W View    : requestLayout() improperly called by android.widget.FrameLayout{24d745 V.E...... ......ID 0,0-1440,0 #7f07003f app:id/footer_view_inner} during layout: running second layout pass
08-06 12:55:26.435  6998  6998 W View    : requestLayout() improperly called by android.widget.FrameLayout{da4de9a V.E...... ......ID 0,0-1440,2091 #7f07003f app:id/footer_view_inner} during layout: running second layout pass
08-06 12:55:26.453 13866 13866 I GoogleInputMethodServic: GoogleInputMethodService.onFinishInput():3138 
08-06 12:55:26.453   918   936 I ActivityManager: Displayed baseline.com.newsblur/.activity.AllSharedStoriesItemsList: +229ms
08-06 12:55:26.455 13866 13866 I GoogleInputMethodServic: GoogleInputMethodService.onStartInput():1808 
08-06 12:55:26.458  6998 21988 I art     : Explicit concurrent mark sweep GC freed 623(47KB) AllocSpace objects, 1(20KB) LOS objects, 29% free, 38MB/54MB, paused 1.835ms total 46.998ms
08-06 12:55:26.471  6998 21988 I art     : Starting a blocking GC Explicit
08-06 12:55:26.520  6998 21988 I art     : Explicit concurrent mark sweep GC freed 1295(91KB) AllocSpace objects, 6(120KB) LOS objects, 29% free, 38MB/54MB, paused 1.882ms total 48.774ms
08-06 12:55:26.535  6998 21988 I art     : Starting a blocking GC Explicit
08-06 12:55:26.585  6998 21988 I art     : Explicit concurrent mark sweep GC freed 358(23KB) AllocSpace objects, 1(20KB) LOS objects, 29% free, 38MB/54MB, paused 1.468ms total 49.359ms
08-06 12:55:26.598  6998 21988 I art     : Starting a blocking GC Explicit
08-06 12:55:26.628  6998 23212 I NAPPA_EXPERIMENTATION: MetricNetworkRequestExecutionTime: REQUEST_DURATION_SYSTEM='120',REQUEST_DURATION_OKHTTP='120',REQUEST_SYNCHRONOUS='TRUE',RESPONSE_CODE='200',RESPONSE_METHOD='GET',RESPONSE_LENGTH_OKHTTP='43',RESPONSE_LENGTH_HEADER='43',REQUEST_PROTOCOL='http/1.1',REQUEST_URL='http://feeds.feedburner.com/~r/retort/~4/UffaFMiJbNs',
08-06 12:55:26.644  6998 21988 I art     : Explicit concurrent mark sweep GC freed 280(31KB) AllocSpace objects, 1(20KB) LOS objects, 29% free, 38MB/54MB, paused 1.442ms total 45.789ms
08-06 12:55:26.747  6998 22018 I NAPPA_EXPERIMENTATION: MetricNetworkRequestExecutionTime: REQUEST_DURATION_SYSTEM='223',REQUEST_DURATION_OKHTTP='222',REQUEST_SYNCHRONOUS='TRUE',RESPONSE_CODE='200',RESPONSE_METHOD='GET',RESPONSE_LENGTH_OKHTTP='56376',RESPONSE_LENGTH_HEADER='56376',REQUEST_PROTOCOL='h2',REQUEST_URL='https://images.fastcompany.net/image/upload/w_1280,q_auto,f_auto,fl_lossy/wp-cms/uploads/2020/07/p-1-quit-after-covid.jpg',
08-06 12:55:26.989  6998  7011 I art     : Starting a blocking GC Explicit
08-06 12:55:27.044  6998  7011 I art     : Explicit concurrent mark sweep GC freed 2369(156KB) AllocSpace objects, 6(3MB) LOS objects, 28% free, 40MB/56MB, paused 1.446ms total 55.284ms
08-06 12:55:27.058  6998  7011 I art     : Starting a blocking GC Explicit
08-06 12:55:27.106  6998  7011 I art     : Explicit concurrent mark sweep GC freed 59(2176B) AllocSpace objects, 0(0B) LOS objects, 28% free, 40MB/56MB, paused 1.372ms total 48.595ms
08-06 12:55:27.120  6998  7011 I art     : Starting a blocking GC Explicit
08-06 12:55:27.169  6998  7011 I art     : Explicit concurrent mark sweep GC freed 6(192B) AllocSpace objects, 0(0B) LOS objects, 28% free, 40MB/56MB, paused 1.449ms total 49.304ms
08-06 12:55:27.183  6998  7011 I art     : Starting a blocking GC Explicit
08-06 12:55:27.231  6998  7011 I art     : Explicit concurrent mark sweep GC freed 7(224B) AllocSpace objects, 0(0B) LOS objects, 28% free, 40MB/56MB, paused 1.297ms total 48.414ms
08-06 12:55:27.245  6998  7011 I art     : Starting a blocking GC Explicit
08-06 12:55:27.293  6998  7011 I art     : Explicit concurrent mark sweep GC freed 7(224B) AllocSpace objects, 0(0B) LOS objects, 28% free, 40MB/56MB, paused 1.330ms total 48.526ms
08-06 12:55:27.655  6998  7011 I art     : Starting a blocking GC Explicit
08-06 12:55:27.711  6998  7011 I art     : Explicit concurrent mark sweep GC freed 1485(84KB) AllocSpace objects, 1(20KB) LOS objects, 28% free, 40MB/56MB, paused 1.387ms total 55.474ms
08-06 12:55:27.726  6998  7011 I art     : Starting a blocking GC Explicit
08-06 12:55:27.776  6998  7011 I art     : Explicit concurrent mark sweep GC freed 33(1136B) AllocSpace objects, 0(0B) LOS objects, 28% free, 40MB/56MB, paused 1.315ms total 49.719ms
08-06 12:55:27.791  6998  7011 I art     : Starting a blocking GC Explicit
08-06 12:55:27.842  6998  7011 I art     : Explicit concurrent mark sweep GC freed 13(416B) AllocSpace objects, 0(0B) LOS objects, 28% free, 40MB/56MB, paused 1.486ms total 50.747ms
08-06 12:55:27.857  6998  7011 I art     : Starting a blocking GC Explicit
08-06 12:55:27.908  6998  7011 I art     : Explicit concurrent mark sweep GC freed 8(256B) AllocSpace objects, 0(0B) LOS objects, 28% free, 40MB/56MB, paused 1.449ms total 51.491ms
08-06 12:55:27.922  6998  7011 I art     : Starting a blocking GC Explicit
08-06 12:55:27.977  6998  7011 I art     : Explicit concurrent mark sweep GC freed 7(224B) AllocSpace objects, 0(0B) LOS objects, 28% free, 40MB/56MB, paused 4.396ms total 54.054ms
08-06 12:55:28.367  6998 22841 I art     : Starting a blocking GC Explicit
08-06 12:55:28.420  6998 22841 I art     : Explicit concurrent mark sweep GC freed 1636(92KB) AllocSpace objects, 1(20KB) LOS objects, 28% free, 40MB/56MB, paused 1.647ms total 52.412ms
08-06 12:55:28.434  6998 22841 I art     : Starting a blocking GC Explicit
08-06 12:55:28.485  6998 22841 I art     : Explicit concurrent mark sweep GC freed 32(1168B) AllocSpace objects, 0(0B) LOS objects, 28% free, 40MB/56MB, paused 1.573ms total 50.977ms
08-06 12:55:28.499  6998 22841 I art     : Starting a blocking GC Explicit
08-06 12:55:28.550  6998 22841 I art     : Explicit concurrent mark sweep GC freed 7(224B) AllocSpace objects, 0(0B) LOS objects, 28% free, 40MB/56MB, paused 1.625ms total 51.038ms
08-06 12:55:28.563  6998 22841 I art     : Starting a blocking GC Explicit
08-06 12:55:28.614  6998 22841 I art     : Explicit concurrent mark sweep GC freed 7(224B) AllocSpace objects, 0(0B) LOS objects, 28% free, 40MB/56MB, paused 1.574ms total 50.703ms
08-06 12:55:28.628  6998 22841 I art     : Starting a blocking GC Explicit
08-06 12:55:28.679  6998 22841 I art     : Explicit concurrent mark sweep GC freed 1661(65KB) AllocSpace objects, 0(0B) LOS objects, 28% free, 40MB/56MB, paused 1.713ms total 50.927ms
08-06 12:55:28.703  6998 22644 E baseline.com.newsblur.network.APIResponse: Error (unexpected end of stream on https://www.newsblur.com/...) calling https://www.newsblur.com/reader/mark_story_hashes_as_read/
08-06 12:55:28.703  6998 22644 E baseline.com.newsblur.network.APIResponse: java.io.IOException: unexpected end of stream on https://www.newsblur.com/...
08-06 12:55:28.703  6998 22644 E baseline.com.newsblur.network.APIResponse: 	at okhttp3.internal.http1.Http1ExchangeCodec.readResponseHeaders(Http1ExchangeCodec.java:236)
08-06 12:55:28.703  6998 22644 E baseline.com.newsblur.network.APIResponse: 	at okhttp3.internal.connection.Exchange.readResponseHeaders(Exchange.java:115)
08-06 12:55:28.703  6998 22644 E baseline.com.newsblur.network.APIResponse: 	at okhttp3.internal.http.CallServerInterceptor.intercept(CallServerInterceptor.java:94)
08-06 12:55:28.703  6998 22644 E baseline.com.newsblur.network.APIResponse: 	at okhttp3.internal.http.RealInterceptorChain.proceed(RealInterceptorChain.java:142)
08-06 12:55:28.703  6998 22644 E baseline.com.newsblur.network.APIResponse: 	at okhttp3.internal.connection.ConnectInterceptor.intercept(ConnectInterceptor.java:43)
08-06 12:55:28.703  6998 22644 E baseline.com.newsblur.network.APIResponse: 	at okhttp3.internal.http.RealInterceptorChain.proceed(RealInterceptorChain.java:142)
08-06 12:55:28.703  6998 22644 E baseline.com.newsblur.network.APIResponse: 	at okhttp3.internal.http.RealInterceptorChain.proceed(RealInterceptorChain.java:117)
08-06 12:55:28.703  6998 22644 E baseline.com.newsblur.network.APIResponse: 	at okhttp3.internal.cache.CacheInterceptor.intercept(CacheInterceptor.java:94)
08-06 12:55:28.703  6998 22644 E baseline.com.newsblur.network.APIResponse: 	at okhttp3.internal.http.RealInterceptorChain.proceed(RealInterceptorChain.java:142)
08-06 12:55:28.703  6998 22644 E baseline.com.newsblur.network.APIResponse: 	at okhttp3.internal.http.RealInterceptorChain.proceed(RealInterceptorChain.java:117)
08-06 12:55:28.703  6998 22644 E baseline.com.newsblur.network.APIResponse: 	at okhttp3.internal.http.BridgeInterceptor.intercept(BridgeInterceptor.java:93)
08-06 12:55:28.703  6998 22644 E baseline.com.newsblur.network.APIResponse: 	at okhttp3.internal.http.RealInterceptorChain.proceed(RealInterceptorChain.java:142)
08-06 12:55:28.703  6998 22644 E baseline.com.newsblur.network.APIResponse: 	at okhttp3.internal.http.RetryAndFollowUpInterceptor.intercept(RetryAndFollowUpInterceptor.java:88)
08-06 12:55:28.703  6998 22644 E baseline.com.newsblur.network.APIResponse: 	at okhttp3.internal.http.RealInterceptorChain.proceed(RealInterceptorChain.java:142)
08-06 12:55:28.703  6998 22644 E baseline.com.newsblur.network.APIResponse: 	at okhttp3.internal.http.RealInterceptorChain.proceed(RealInterceptorChain.java:117)
08-06 12:55:28.703  6998 22644 E baseline.com.newsblur.network.APIResponse: 	at okhttp3.RealCall.getResponseWithInterceptorChain(RealCall.java:229)
08-06 12:55:28.703  6998 22644 E baseline.com.newsblur.network.APIResponse: 	at okhttp3.RealCall.execute(RealCall.java:81)
08-06 12:55:28.703  6998 22644 E baseline.com.newsblur.network.APIResponse: 	at baseline.com.newsblur.network.APIResponse.<init>(APIResponse.java:57)
08-06 12:55:28.703  6998 22644 E baseline.com.newsblur.network.APIResponse: 	at baseline.com.newsblur.network.APIResponse.<init>(APIResponse.java:43)
08-06 12:55:28.703  6998 22644 E baseline.com.newsblur.network.APIResponse: 	at baseline.com.newsblur.network.APIManager.post_single(APIManager.java:702)
08-06 12:55:28.703  6998 22644 E baseline.com.newsblur.network.APIResponse: 	at baseline.com.newsblur.network.APIManager.post(APIManager.java:675)
08-06 12:55:28.703  6998 22644 E baseline.com.newsblur.network.APIResponse: 	at baseline.com.newsblur.network.APIManager.post(APIManager.java:714)
08-06 12:55:28.703  6998 22644 E baseline.com.newsblur.network.APIResponse: 	at baseline.com.newsblur.network.APIManager.markStoryAsRead(APIManager.java:205)
08-06 12:55:28.703  6998 22644 E baseline.com.newsblur.network.APIResponse: 	at baseline.com.newsblur.util.ReadingAction.doRemote(ReadingAction.java:281)
08-06 12:55:28.703  6998 22644 E baseline.com.newsblur.network.APIResponse: 	at baseline.com.newsblur.service.NBSyncService.syncActions(NBSyncService.java:400)
08-06 12:55:28.703  6998 22644 E baseline.com.newsblur.network.APIResponse: 	at baseline.com.newsblur.service.NBSyncService.doSync(NBSyncService.java:298)
08-06 12:55:28.703  6998 22644 E baseline.com.newsblur.network.APIResponse: 	at baseline.com.newsblur.service.NBSyncService.access$100(NBSyncService.java:67)
08-06 12:55:28.703  6998 22644 E baseline.com.newsblur.network.APIResponse: 	at baseline.com.newsblur.service.NBSyncService$1.run(NBSyncService.java:188)
08-06 12:55:28.703  6998 22644 E baseline.com.newsblur.network.APIResponse: 	at java.util.concurrent.ThreadPoolExecutor.runWorker(ThreadPoolExecutor.java:1113)
08-06 12:55:28.703  6998 22644 E baseline.com.newsblur.network.APIResponse: 	at java.util.concurrent.ThreadPoolExecutor$Worker.run(ThreadPoolExecutor.java:588)
08-06 12:55:28.703  6998 22644 E baseline.com.newsblur.network.APIResponse: 	at java.lang.Thread.run(Thread.java:818)
08-06 12:55:28.703  6998 22644 E baseline.com.newsblur.network.APIResponse: Caused by: java.io.EOFException: \n not found: limit=0 content=
08-06 12:55:28.703  6998 22644 E baseline.com.newsblur.network.APIResponse: 	at okio.RealBufferedSource.readUtf8LineStrict(RealBufferedSource.java:240)
08-06 12:55:28.703  6998 22644 E baseline.com.newsblur.network.APIResponse: 	at okhttp3.internal.http1.Http1ExchangeCodec.readHeaderLine(Http1ExchangeCodec.java:242)
08-06 12:55:28.703  6998 22644 E baseline.com.newsblur.network.APIResponse: 	at okhttp3.internal.http1.Http1ExchangeCodec.readResponseHeaders(Http1ExchangeCodec.java:213)
08-06 12:55:28.703  6998 22644 E baseline.com.newsblur.network.APIResponse: 	... 30 more
08-06 12:55:28.705  6998 22644 I baseline.com.newsblur.service.NBSyncService: Holding reading action with server-side or network error.
08-06 12:55:28.717  6998 22644 W baseline.com.newsblur.service.NBSyncService: hard API failure
08-06 12:55:28.726  6998 22644 I baseline.com.newsblur.service.NBSyncService: recounting dirty feed sets: 1
08-06 12:55:29.066  6998 21988 I art     : Starting a blocking GC Explicit
08-06 12:55:29.122  6998 21988 I art     : Explicit concurrent mark sweep GC freed 3241(376KB) AllocSpace objects, 5(100KB) LOS objects, 28% free, 40MB/56MB, paused 1.547ms total 54.987ms
08-06 12:55:29.134  6998 21988 I art     : Starting a blocking GC Explicit
08-06 12:55:29.183  6998 21988 I art     : Explicit concurrent mark sweep GC freed 1908(74KB) AllocSpace objects, 0(0B) LOS objects, 28% free, 40MB/56MB, paused 1.602ms total 47.976ms
08-06 12:55:29.195  6998 21988 I art     : Starting a blocking GC Explicit
08-06 12:55:29.207  6998 22644 E baseline.com.newsblur.network.APIResponse: Error (unexpected end of stream on https://www.newsblur.com/...) calling https://www.newsblur.com/reader/feed_unread_count?feed_id=0
08-06 12:55:29.207  6998 22644 E baseline.com.newsblur.network.APIResponse: java.io.IOException: unexpected end of stream on https://www.newsblur.com/...
08-06 12:55:29.207  6998 22644 E baseline.com.newsblur.network.APIResponse: 	at okhttp3.internal.http1.Http1ExchangeCodec.readResponseHeaders(Http1ExchangeCodec.java:236)
08-06 12:55:29.207  6998 22644 E baseline.com.newsblur.network.APIResponse: 	at okhttp3.internal.connection.Exchange.readResponseHeaders(Exchange.java:115)
08-06 12:55:29.207  6998 22644 E baseline.com.newsblur.network.APIResponse: 	at okhttp3.internal.http.CallServerInterceptor.intercept(CallServerInterceptor.java:94)
08-06 12:55:29.207  6998 22644 E baseline.com.newsblur.network.APIResponse: 	at okhttp3.internal.http.RealInterceptorChain.proceed(RealInterceptorChain.java:142)
08-06 12:55:29.207  6998 22644 E baseline.com.newsblur.network.APIResponse: 	at okhttp3.internal.connection.ConnectInterceptor.intercept(ConnectInterceptor.java:43)
08-06 12:55:29.207  6998 22644 E baseline.com.newsblur.network.APIResponse: 	at okhttp3.internal.http.RealInterceptorChain.proceed(RealInterceptorChain.java:142)
08-06 12:55:29.207  6998 22644 E baseline.com.newsblur.network.APIResponse: 	at okhttp3.internal.http.RealInterceptorChain.proceed(RealInterceptorChain.java:117)
08-06 12:55:29.207  6998 22644 E baseline.com.newsblur.network.APIResponse: 	at okhttp3.internal.cache.CacheInterceptor.intercept(CacheInterceptor.java:94)
08-06 12:55:29.207  6998 22644 E baseline.com.newsblur.network.APIResponse: 	at okhttp3.internal.http.RealInterceptorChain.proceed(RealInterceptorChain.java:142)
08-06 12:55:29.207  6998 22644 E baseline.com.newsblur.network.APIResponse: 	at okhttp3.internal.http.RealInterceptorChain.proceed(RealInterceptorChain.java:117)
08-06 12:55:29.207  6998 22644 E baseline.com.newsblur.network.APIResponse: 	at okhttp3.internal.http.BridgeInterceptor.intercept(BridgeInterceptor.java:93)
08-06 12:55:29.207  6998 22644 E baseline.com.newsblur.network.APIResponse: 	at okhttp3.internal.http.RealInterceptorChain.proceed(RealInterceptorChain.java:142)
08-06 12:55:29.207  6998 22644 E baseline.com.newsblur.network.APIResponse: 	at okhttp3.internal.http.RetryAndFollowUpInterceptor.intercept(RetryAndFollowUpInterceptor.java:88)
08-06 12:55:29.207  6998 22644 E baseline.com.newsblur.network.APIResponse: 	at okhttp3.internal.http.RealInterceptorChain.proceed(RealInterceptorChain.java:142)
08-06 12:55:29.207  6998 22644 E baseline.com.newsblur.network.APIResponse: 	at okhttp3.internal.http.RealInterceptorChain.proceed(RealInterceptorChain.java:117)
08-06 12:55:29.207  6998 22644 E baseline.com.newsblur.network.APIResponse: 	at okhttp3.RealCall.getResponseWithInterceptorChain(RealCall.java:229)
08-06 12:55:29.207  6998 22644 E baseline.com.newsblur.network.APIResponse: 	at okhttp3.RealCall.execute(RealCall.java:81)
08-06 12:55:29.207  6998 22644 E baseline.com.newsblur.network.APIResponse: 	at baseline.com.newsblur.network.APIResponse.<init>(APIResponse.java:57)
08-06 12:55:29.207  6998 22644 E baseline.com.newsblur.network.APIResponse: 	at baseline.com.newsblur.network.APIManager.get_single(APIManager.java:639)
08-06 12:55:29.207  6998 22644 E baseline.com.newsblur.network.APIResponse: 	at baseline.com.newsblur.network.APIManager.get(APIManager.java:625)
08-06 12:55:29.207  6998 22644 E baseline.com.newsblur.network.APIResponse: 	at baseline.com.newsblur.network.APIManager.get(APIManager.java:667)
08-06 12:55:29.207  6998 22644 E baseline.com.newsblur.network.APIResponse: 	at baseline.com.newsblur.network.APIManager.getFeedUnreadCounts(APIManager.java:274)
08-06 12:55:29.207  6998 22644 E baseline.com.newsblur.network.APIResponse: 	at baseline.com.newsblur.service.NBSyncService.checkRecounts(NBSyncService.java:660)
08-06 12:55:29.207  6998 22644 E baseline.com.newsblur.network.APIResponse: 	at baseline.com.newsblur.service.NBSyncService.doSync(NBSyncService.java:310)
08-06 12:55:29.207  6998 22644 E baseline.com.newsblur.network.APIResponse: 	at baseline.com.newsblur.service.NBSyncService.access$100(NBSyncService.java:67)
08-06 12:55:29.207  6998 22644 E baseline.com.newsblur.network.APIResponse: 	at baseline.com.newsblur.service.NBSyncService$1.run(NBSyncService.java:188)
08-06 12:55:29.207  6998 22644 E baseline.com.newsblur.network.APIResponse: 	at java.util.concurrent.ThreadPoolExecutor.runWorker(ThreadPoolExecutor.java:1113)
08-06 12:55:29.207  6998 22644 E baseline.com.newsblur.network.APIResponse: 	at java.util.concurrent.ThreadPoolExecutor$Worker.run(ThreadPoolExecutor.java:588)
08-06 12:55:29.207  6998 22644 E baseline.com.newsblur.network.APIResponse: 	at java.lang.Thread.run(Thread.java:818)
08-06 12:55:29.207  6998 22644 E baseline.com.newsblur.network.APIResponse: Caused by: java.io.EOFException: \n not found: limit=0 content=
08-06 12:55:29.207  6998 22644 E baseline.com.newsblur.network.APIResponse: 	at okio.RealBufferedSource.readUtf8LineStrict(RealBufferedSource.java:240)
08-06 12:55:29.207  6998 22644 E baseline.com.newsblur.network.APIResponse: 	at okhttp3.internal.http1.Http1ExchangeCodec.readHeaderLine(Http1ExchangeCodec.java:242)
08-06 12:55:29.207  6998 22644 E baseline.com.newsblur.network.APIResponse: 	at okhttp3.internal.http1.Http1ExchangeCodec.readResponseHeaders(Http1ExchangeCodec.java:213)
08-06 12:55:29.207  6998 22644 E baseline.com.newsblur.network.APIResponse: 	... 28 more
08-06 12:55:29.209  6998 22644 I baseline.com.newsblur.network.APIManager: API call failed, pausing before retry number 1
08-06 12:55:29.245  6998 21988 I art     : Explicit concurrent mark sweep GC freed 809(194KB) AllocSpace objects, 2(40KB) LOS objects, 28% free, 40MB/56MB, paused 1.370ms total 49.370ms
08-06 12:55:29.258  6998 21988 I art     : Starting a blocking GC Explicit
08-06 12:55:29.309  6998 21988 I art     : Explicit concurrent mark sweep GC freed 119(16KB) AllocSpace objects, 0(0B) LOS objects, 28% free, 40MB/56MB, paused 1.429ms total 50.505ms
08-06 12:55:29.323  6998 21988 I art     : Starting a blocking GC Explicit
08-06 12:55:29.375  6998 21988 I art     : Explicit concurrent mark sweep GC freed 28(928B) AllocSpace objects, 0(0B) LOS objects, 28% free, 40MB/56MB, paused 1.432ms total 51.405ms
08-06 12:55:29.757  6998  7009 I art     : Starting a blocking GC Explicit
08-06 12:55:29.812  6998  7009 I art     : Explicit concurrent mark sweep GC freed 1473(84KB) AllocSpace objects, 1(20KB) LOS objects, 28% free, 40MB/56MB, paused 1.578ms total 53.929ms
08-06 12:55:29.826  6998  7009 I art     : Starting a blocking GC Explicit
08-06 12:55:29.876  6998  7009 I art     : Explicit concurrent mark sweep GC freed 26(912B) AllocSpace objects, 0(0B) LOS objects, 28% free, 40MB/56MB, paused 1.420ms total 49.803ms
08-06 12:55:29.889  6998  7009 I art     : Starting a blocking GC Explicit
08-06 12:55:29.942  6998  7009 I art     : Explicit concurrent mark sweep GC freed 6(192B) AllocSpace objects, 0(0B) LOS objects, 28% free, 40MB/56MB, paused 1.430ms total 52.328ms
08-06 12:55:29.956  6998  7009 I art     : Starting a blocking GC Explicit
08-06 12:55:30.008  6998  7009 I art     : Explicit concurrent mark sweep GC freed 7(224B) AllocSpace objects, 0(0B) LOS objects, 28% free, 40MB/56MB, paused 1.398ms total 51.511ms
08-06 12:55:30.021  6998  7009 I art     : Starting a blocking GC Explicit
08-06 12:55:30.072  6998  7009 I art     : Explicit concurrent mark sweep GC freed 7(224B) AllocSpace objects, 0(0B) LOS objects, 28% free, 40MB/56MB, paused 1.526ms total 50.886ms
08-06 12:55:30.478  6998  7011 I art     : Starting a blocking GC Explicit
08-06 12:55:30.530  6998  7011 I art     : Explicit concurrent mark sweep GC freed 1471(83KB) AllocSpace objects, 1(20KB) LOS objects, 28% free, 40MB/56MB, paused 1.390ms total 50.784ms
08-06 12:55:30.543  6998  7011 I art     : Starting a blocking GC Explicit
08-06 12:55:30.596  6998  7011 I art     : Explicit concurrent mark sweep GC freed 26(912B) AllocSpace objects, 0(0B) LOS objects, 28% free, 40MB/56MB, paused 3.765ms total 53.279ms
08-06 12:55:30.610  6998  7011 I art     : Starting a blocking GC Explicit
08-06 12:55:30.662  6998  7011 I art     : Explicit concurrent mark sweep GC freed 6(192B) AllocSpace objects, 0(0B) LOS objects, 28% free, 40MB/56MB, paused 1.379ms total 52.018ms
08-06 12:55:30.676  6998  7011 I art     : Starting a blocking GC Explicit
08-06 12:55:30.728  6998  7011 I art     : Explicit concurrent mark sweep GC freed 100(3KB) AllocSpace objects, 0(0B) LOS objects, 28% free, 40MB/56MB, paused 1.747ms total 51.939ms
08-06 12:55:30.741  6998  7011 I art     : Starting a blocking GC Explicit
08-06 12:55:30.785   918  3188 I hubconnection: sensorhub said: 'set_bias 3: -5.0400, 0.0000, 0.0000'
08-06 12:55:30.793  6998  7011 I art     : Explicit concurrent mark sweep GC freed 26(1072B) AllocSpace objects, 0(0B) LOS objects, 28% free, 40MB/56MB, paused 1.448ms total 51.429ms
08-06 12:55:31.173  6998 21988 I art     : Starting a blocking GC Explicit
08-06 12:55:31.226  6998 21988 I art     : Explicit concurrent mark sweep GC freed 3126(151KB) AllocSpace objects, 1(20KB) LOS objects, 28% free, 40MB/56MB, paused 2.075ms total 53.027ms
08-06 12:55:31.240  6998 21988 I art     : Starting a blocking GC Explicit
08-06 12:55:31.261  6998 22644 E baseline.com.newsblur.network.APIResponse: Error (unexpected end of stream on https://www.newsblur.com/...) calling https://www.newsblur.com/reader/feed_unread_count?feed_id=0
08-06 12:55:31.261  6998 22644 E baseline.com.newsblur.network.APIResponse: java.io.IOException: unexpected end of stream on https://www.newsblur.com/...
08-06 12:55:31.261  6998 22644 E baseline.com.newsblur.network.APIResponse: 	at okhttp3.internal.http1.Http1ExchangeCodec.readResponseHeaders(Http1ExchangeCodec.java:236)
08-06 12:55:31.261  6998 22644 E baseline.com.newsblur.network.APIResponse: 	at okhttp3.internal.connection.Exchange.readResponseHeaders(Exchange.java:115)
08-06 12:55:31.261  6998 22644 E baseline.com.newsblur.network.APIResponse: 	at okhttp3.internal.http.CallServerInterceptor.intercept(CallServerInterceptor.java:94)
08-06 12:55:31.261  6998 22644 E baseline.com.newsblur.network.APIResponse: 	at okhttp3.internal.http.RealInterceptorChain.proceed(RealInterceptorChain.java:142)
08-06 12:55:31.261  6998 22644 E baseline.com.newsblur.network.APIResponse: 	at okhttp3.internal.connection.ConnectInterceptor.intercept(ConnectInterceptor.java:43)
08-06 12:55:31.261  6998 22644 E baseline.com.newsblur.network.APIResponse: 	at okhttp3.internal.http.RealInterceptorChain.proceed(RealInterceptorChain.java:142)
08-06 12:55:31.261  6998 22644 E baseline.com.newsblur.network.APIResponse: 	at okhttp3.internal.http.RealInterceptorChain.proceed(RealInterceptorChain.java:117)
08-06 12:55:31.261  6998 22644 E baseline.com.newsblur.network.APIResponse: 	at okhttp3.internal.cache.CacheInterceptor.intercept(CacheInterceptor.java:94)
08-06 12:55:31.261  6998 22644 E baseline.com.newsblur.network.APIResponse: 	at okhttp3.internal.http.RealInterceptorChain.proceed(RealInterceptorChain.java:142)
08-06 12:55:31.261  6998 22644 E baseline.com.newsblur.network.APIResponse: 	at okhttp3.internal.http.RealInterceptorChain.proceed(RealInterceptorChain.java:117)
08-06 12:55:31.261  6998 22644 E baseline.com.newsblur.network.APIResponse: 	at okhttp3.internal.http.BridgeInterceptor.intercept(BridgeInterceptor.java:93)
08-06 12:55:31.261  6998 22644 E baseline.com.newsblur.network.APIResponse: 	at okhttp3.internal.http.RealInterceptorChain.proceed(RealInterceptorChain.java:142)
08-06 12:55:31.261  6998 22644 E baseline.com.newsblur.network.APIResponse: 	at okhttp3.internal.http.RetryAndFollowUpInterceptor.intercept(RetryAndFollowUpInterceptor.java:88)
08-06 12:55:31.261  6998 22644 E baseline.com.newsblur.network.APIResponse: 	at okhttp3.internal.http.RealInterceptorChain.proceed(RealInterceptorChain.java:142)
08-06 12:55:31.261  6998 22644 E baseline.com.newsblur.network.APIResponse: 	at okhttp3.internal.http.RealInterceptorChain.proceed(RealInterceptorChain.java:117)
08-06 12:55:31.261  6998 22644 E baseline.com.newsblur.network.APIResponse: 	at okhttp3.RealCall.getResponseWithInterceptorChain(RealCall.java:229)
08-06 12:55:31.261  6998 22644 E baseline.com.newsblur.network.APIResponse: 	at okhttp3.RealCall.execute(RealCall.java:81)
08-06 12:55:31.261  6998 22644 E baseline.com.newsblur.network.APIResponse: 	at baseline.com.newsblur.network.APIResponse.<init>(APIResponse.java:57)
08-06 12:55:31.261  6998 22644 E baseline.com.newsblur.network.APIResponse: 	at baseline.com.newsblur.network.APIManager.get_single(APIManager.java:639)
08-06 12:55:31.261  6998 22644 E baseline.com.newsblur.network.APIResponse: 	at baseline.com.newsblur.network.APIManager.get(APIManager.java:625)
08-06 12:55:31.261  6998 22644 E baseline.com.newsblur.network.APIResponse: 	at baseline.com.newsblur.network.APIManager.get(APIManager.java:667)
08-06 12:55:31.261  6998 22644 E baseline.com.newsblur.network.APIResponse: 	at baseline.com.newsblur.network.APIManager.getFeedUnreadCounts(APIManager.java:274)
08-06 12:55:31.261  6998 22644 E baseline.com.newsblur.network.APIResponse: 	at baseline.com.newsblur.service.NBSyncService.checkRecounts(NBSyncService.java:660)
08-06 12:55:31.261  6998 22644 E baseline.com.newsblur.network.APIResponse: 	at baseline.com.newsblur.service.NBSyncService.doSync(NBSyncService.java:310)
08-06 12:55:31.261  6998 22644 E baseline.com.newsblur.network.APIResponse: 	at baseline.com.newsblur.service.NBSyncService.access$100(NBSyncService.java:67)
08-06 12:55:31.261  6998 22644 E baseline.com.newsblur.network.APIResponse: 	at baseline.com.newsblur.service.NBSyncService$1.run(NBSyncService.java:188)
08-06 12:55:31.261  6998 22644 E baseline.com.newsblur.network.APIResponse: 	at java.util.concurrent.ThreadPoolExecutor.runWorker(ThreadPoolExecutor.java:1113)
08-06 12:55:31.261  6998 22644 E baseline.com.newsblur.network.APIResponse: 	at java.util.concurrent.ThreadPoolExecutor$Worker.run(ThreadPoolExecutor.java:588)
08-06 12:55:31.261  6998 22644 E baseline.com.newsblur.network.APIResponse: 	at java.lang.Thread.run(Thread.java:818)
08-06 12:55:31.261  6998 22644 E baseline.com.newsblur.network.APIResponse: Caused by: java.io.EOFException: \n not found: limit=0 content=
08-06 12:55:31.261  6998 22644 E baseline.com.newsblur.network.APIResponse: 	at okio.RealBufferedSource.readUtf8LineStrict(RealBufferedSource.java:240)
08-06 12:55:31.261  6998 22644 E baseline.com.newsblur.network.APIResponse: 	at okhttp3.internal.http1.Http1ExchangeCodec.readHeaderLine(Http1ExchangeCodec.java:242)
08-06 12:55:31.261  6998 22644 E baseline.com.newsblur.network.APIResponse: 	at okhttp3.internal.http1.Http1ExchangeCodec.readResponseHeaders(Http1ExchangeCodec.java:213)
08-06 12:55:31.261  6998 22644 E baseline.com.newsblur.network.APIResponse: 	... 28 more
08-06 12:55:31.264  6998 22644 I baseline.com.newsblur.network.APIManager: API call failed, pausing before retry number 2
08-06 12:55:31.292  6998 21988 I art     : Explicit concurrent mark sweep GC freed 876(197KB) AllocSpace objects, 2(40KB) LOS objects, 28% free, 40MB/56MB, paused 1.424ms total 52.043ms
08-06 12:55:31.306  6998 21988 I art     : Starting a blocking GC Explicit
08-06 12:55:31.357  6998 21988 I art     : Explicit concurrent mark sweep GC freed 131(17KB) AllocSpace objects, 0(0B) LOS objects, 28% free, 40MB/56MB, paused 1.479ms total 50.998ms
08-06 12:55:31.370  6998 21988 I art     : Starting a blocking GC Explicit
08-06 12:55:31.422  6998 21988 I art     : Explicit concurrent mark sweep GC freed 29(960B) AllocSpace objects, 0(0B) LOS objects, 28% free, 40MB/56MB, paused 1.506ms total 51.359ms
08-06 12:55:31.435  6998 21988 I art     : Starting a blocking GC Explicit
08-06 12:55:31.484  6998 21988 I art     : Explicit concurrent mark sweep GC freed 7(224B) AllocSpace objects, 0(0B) LOS objects, 28% free, 40MB/56MB, paused 1.430ms total 48.453ms
08-06 12:55:31.874  6998 21988 I art     : Starting a blocking GC Explicit
08-06 12:55:31.928  6998 21988 I art     : Explicit concurrent mark sweep GC freed 1470(83KB) AllocSpace objects, 1(20KB) LOS objects, 28% free, 40MB/56MB, paused 1.666ms total 53.738ms
08-06 12:55:31.942  6998 21988 I art     : Starting a blocking GC Explicit
08-06 12:55:31.992  6998 21988 I art     : Explicit concurrent mark sweep GC freed 25(880B) AllocSpace objects, 0(0B) LOS objects, 28% free, 40MB/56MB, paused 1.438ms total 49.460ms
08-06 12:55:32.006  6998 21988 I art     : Starting a blocking GC Explicit
08-06 12:55:32.058  6998 21988 I art     : Explicit concurrent mark sweep GC freed 8(256B) AllocSpace objects, 0(0B) LOS objects, 28% free, 40MB/56MB, paused 1.566ms total 52.021ms
08-06 12:55:32.071  6998 21988 I art     : Starting a blocking GC Explicit
08-06 12:55:32.121  6998 21988 I art     : Explicit concurrent mark sweep GC freed 7(224B) AllocSpace objects, 0(0B) LOS objects, 28% free, 40MB/56MB, paused 1.479ms total 49.477ms
08-06 12:55:32.135  6998 21988 I art     : Starting a blocking GC Explicit
08-06 12:55:32.185  6998 21988 I art     : Explicit concurrent mark sweep GC freed 7(224B) AllocSpace objects, 0(0B) LOS objects, 28% free, 40MB/56MB, paused 1.486ms total 50.393ms
08-06 12:55:32.573  6998  7009 I art     : Starting a blocking GC Explicit
08-06 12:55:32.627  6998  7009 I art     : Explicit concurrent mark sweep GC freed 1470(83KB) AllocSpace objects, 1(20KB) LOS objects, 28% free, 40MB/56MB, paused 1.423ms total 53.024ms
08-06 12:55:32.641  6998  7009 I art     : Starting a blocking GC Explicit
08-06 12:55:32.693  6998  7009 I art     : Explicit concurrent mark sweep GC freed 26(912B) AllocSpace objects, 0(0B) LOS objects, 28% free, 40MB/56MB, paused 1.464ms total 51.314ms
08-06 12:55:32.706  6998  7009 I art     : Starting a blocking GC Explicit
08-06 12:55:32.757  6998  7009 I art     : Explicit concurrent mark sweep GC freed 7(224B) AllocSpace objects, 0(0B) LOS objects, 28% free, 40MB/56MB, paused 1.568ms total 51.160ms
08-06 12:55:32.758  6998  7008 I art     : WaitForGcToComplete blocked for 46.032ms for cause HeapTrim
08-06 12:55:32.771  6998  7009 I art     : Starting a blocking GC Explicit
08-06 12:55:32.823  6998  7009 I art     : Explicit concurrent mark sweep GC freed 7(224B) AllocSpace objects, 0(0B) LOS objects, 28% free, 40MB/56MB, paused 1.517ms total 51.842ms
08-06 12:55:32.837  6998  7009 I art     : Starting a blocking GC Explicit
08-06 12:55:32.888  6998  7009 I art     : Explicit concurrent mark sweep GC freed 7(224B) AllocSpace objects, 0(0B) LOS objects, 28% free, 40MB/56MB, paused 1.498ms total 51.028ms
08-06 12:55:33.279  6998 22841 I art     : Starting a blocking GC Explicit
08-06 12:55:33.331  6998 22841 I art     : Explicit concurrent mark sweep GC freed 1472(84KB) AllocSpace objects, 1(20KB) LOS objects, 28% free, 40MB/56MB, paused 1.365ms total 51.953ms
08-06 12:55:33.345  6998 22841 I art     : Starting a blocking GC Explicit
08-06 12:55:33.397  6998 22841 I art     : Explicit concurrent mark sweep GC freed 26(912B) AllocSpace objects, 0(0B) LOS objects, 28% free, 40MB/56MB, paused 1.396ms total 51.020ms
08-06 12:55:33.410  6998 22841 I art     : Starting a blocking GC Explicit
08-06 12:55:33.461  6998 22841 I art     : Explicit concurrent mark sweep GC freed 6(192B) AllocSpace objects, 0(0B) LOS objects, 28% free, 40MB/56MB, paused 1.357ms total 50.657ms
08-06 12:55:33.475  6998 22841 I art     : Starting a blocking GC Explicit
08-06 12:55:33.527  6998 22841 I art     : Explicit concurrent mark sweep GC freed 7(224B) AllocSpace objects, 0(0B) LOS objects, 28% free, 40MB/56MB, paused 1.434ms total 52.113ms
08-06 12:55:33.541  6998 22841 I art     : Starting a blocking GC Explicit
08-06 12:55:33.590  6998 22841 I art     : Explicit concurrent mark sweep GC freed 7(224B) AllocSpace objects, 0(0B) LOS objects, 28% free, 40MB/56MB, paused 1.407ms total 49.444ms
08-06 12:55:33.956  6998 21780 I art     : Starting a blocking GC Explicit
08-06 12:55:34.008  6998 21780 I art     : Explicit concurrent mark sweep GC freed 1468(83KB) AllocSpace objects, 1(20KB) LOS objects, 28% free, 40MB/56MB, paused 1.601ms total 52.227ms
08-06 12:55:34.022  6998 21780 I art     : Starting a blocking GC Explicit
08-06 12:55:34.073  6998 21780 I art     : Explicit concurrent mark sweep GC freed 26(912B) AllocSpace objects, 0(0B) LOS objects, 28% free, 40MB/56MB, paused 1.518ms total 51.148ms
08-06 12:55:34.087  6998 21780 I art     : Starting a blocking GC Explicit
08-06 12:55:34.138  6998 21780 I art     : Explicit concurrent mark sweep GC freed 7(224B) AllocSpace objects, 0(0B) LOS objects, 28% free, 40MB/56MB, paused 1.575ms total 51.247ms
08-06 12:55:34.152  6998 21780 I art     : Starting a blocking GC Explicit
08-06 12:55:34.201  6998 21780 I art     : Explicit concurrent mark sweep GC freed 7(224B) AllocSpace objects, 0(0B) LOS objects, 28% free, 40MB/56MB, paused 1.411ms total 48.711ms
08-06 12:55:34.214  6998 21780 I art     : Starting a blocking GC Explicit
08-06 12:55:34.266  6998 21780 I art     : Explicit concurrent mark sweep GC freed 7(224B) AllocSpace objects, 0(0B) LOS objects, 28% free, 40MB/56MB, paused 1.360ms total 51.268ms
08-06 12:55:34.637  6998  7009 I art     : Starting a blocking GC Explicit
08-06 12:55:34.690  6998  7009 I art     : Explicit concurrent mark sweep GC freed 1635(92KB) AllocSpace objects, 1(20KB) LOS objects, 28% free, 40MB/56MB, paused 1.482ms total 52.530ms
08-06 12:55:34.704  6998  7009 I art     : Starting a blocking GC Explicit
08-06 12:55:34.754  6998  7009 I art     : Explicit concurrent mark sweep GC freed 32(1168B) AllocSpace objects, 0(0B) LOS objects, 28% free, 40MB/56MB, paused 1.558ms total 49.439ms
08-06 12:55:34.767  6998  7009 I art     : Starting a blocking GC Explicit
08-06 12:55:34.818  6998  7009 I art     : Explicit concurrent mark sweep GC freed 1661(65KB) AllocSpace objects, 0(0B) LOS objects, 28% free, 40MB/56MB, paused 1.521ms total 50.021ms
08-06 12:55:34.831  6998  7009 I art     : Starting a blocking GC Explicit
08-06 12:55:34.841  6998 22644 E baseline.com.newsblur.network.APIResponse: Error (unexpected end of stream on https://www.newsblur.com/...) calling https://www.newsblur.com/reader/feed_unread_count?feed_id=0
08-06 12:55:34.841  6998 22644 E baseline.com.newsblur.network.APIResponse: java.io.IOException: unexpected end of stream on https://www.newsblur.com/...
08-06 12:55:34.841  6998 22644 E baseline.com.newsblur.network.APIResponse: 	at okhttp3.internal.http1.Http1ExchangeCodec.readResponseHeaders(Http1ExchangeCodec.java:236)
08-06 12:55:34.841  6998 22644 E baseline.com.newsblur.network.APIResponse: 	at okhttp3.internal.connection.Exchange.readResponseHeaders(Exchange.java:115)
08-06 12:55:34.841  6998 22644 E baseline.com.newsblur.network.APIResponse: 	at okhttp3.internal.http.CallServerInterceptor.intercept(CallServerInterceptor.java:94)
08-06 12:55:34.841  6998 22644 E baseline.com.newsblur.network.APIResponse: 	at okhttp3.internal.http.RealInterceptorChain.proceed(RealInterceptorChain.java:142)
08-06 12:55:34.841  6998 22644 E baseline.com.newsblur.network.APIResponse: 	at okhttp3.internal.connection.ConnectInterceptor.intercept(ConnectInterceptor.java:43)
08-06 12:55:34.841  6998 22644 E baseline.com.newsblur.network.APIResponse: 	at okhttp3.internal.http.RealInterceptorChain.proceed(RealInterceptorChain.java:142)
08-06 12:55:34.841  6998 22644 E baseline.com.newsblur.network.APIResponse: 	at okhttp3.internal.http.RealInterceptorChain.proceed(RealInterceptorChain.java:117)
08-06 12:55:34.841  6998 22644 E baseline.com.newsblur.network.APIResponse: 	at okhttp3.internal.cache.CacheInterceptor.intercept(CacheInterceptor.java:94)
08-06 12:55:34.841  6998 22644 E baseline.com.newsblur.network.APIResponse: 	at okhttp3.internal.http.RealInterceptorChain.proceed(RealInterceptorChain.java:142)
08-06 12:55:34.841  6998 22644 E baseline.com.newsblur.network.APIResponse: 	at okhttp3.internal.http.RealInterceptorChain.proceed(RealInterceptorChain.java:117)
08-06 12:55:34.841  6998 22644 E baseline.com.newsblur.network.APIResponse: 	at okhttp3.internal.http.BridgeInterceptor.intercept(BridgeInterceptor.java:93)
08-06 12:55:34.841  6998 22644 E baseline.com.newsblur.network.APIResponse: 	at okhttp3.internal.http.RealInterceptorChain.proceed(RealInterceptorChain.java:142)
08-06 12:55:34.841  6998 22644 E baseline.com.newsblur.network.APIResponse: 	at okhttp3.internal.http.RetryAndFollowUpInterceptor.intercept(RetryAndFollowUpInterceptor.java:88)
08-06 12:55:34.841  6998 22644 E baseline.com.newsblur.network.APIResponse: 	at okhttp3.internal.http.RealInterceptorChain.proceed(RealInterceptorChain.java:142)
08-06 12:55:34.841  6998 22644 E baseline.com.newsblur.network.APIResponse: 	at okhttp3.internal.http.RealInterceptorChain.proceed(RealInterceptorChain.java:117)
08-06 12:55:34.841  6998 22644 E baseline.com.newsblur.network.APIResponse: 	at okhttp3.RealCall.getResponseWithInterceptorChain(RealCall.java:229)
08-06 12:55:34.841  6998 22644 E baseline.com.newsblur.network.APIResponse: 	at okhttp3.RealCall.execute(RealCall.java:81)
08-06 12:55:34.841  6998 22644 E baseline.com.newsblur.network.APIResponse: 	at baseline.com.newsblur.network.APIResponse.<init>(APIResponse.java:57)
08-06 12:55:34.841  6998 22644 E baseline.com.newsblur.network.APIResponse: 	at baseline.com.newsblur.network.APIManager.get_single(APIManager.java:639)
08-06 12:55:34.841  6998 22644 E baseline.com.newsblur.network.APIResponse: 	at baseline.com.newsblur.network.APIManager.get(APIManager.java:625)
08-06 12:55:34.841  6998 22644 E baseline.com.newsblur.network.APIResponse: 	at baseline.com.newsblur.network.APIManager.get(APIManager.java:667)
08-06 12:55:34.841  6998 22644 E baseline.com.newsblur.network.APIResponse: 	at baseline.com.newsblur.network.APIManager.getFeedUnreadCounts(APIManager.java:274)
08-06 12:55:34.841  6998 22644 E baseline.com.newsblur.network.APIResponse: 	at baseline.com.newsblur.service.NBSyncService.checkRecounts(NBSyncService.java:660)
08-06 12:55:34.841  6998 22644 E baseline.com.newsblur.network.APIResponse: 	at baseline.com.newsblur.service.NBSyncService.doSync(NBSyncService.java:310)
08-06 12:55:34.841  6998 22644 E baseline.com.newsblur.network.APIResponse: 	at baseline.com.newsblur.service.NBSyncService.access$100(NBSyncService.java:67)
08-06 12:55:34.841  6998 22644 E baseline.com.newsblur.network.APIResponse: 	at baseline.com.newsblur.service.NBSyncService$1.run(NBSyncService.java:188)
08-06 12:55:34.841  6998 22644 E baseline.com.newsblur.network.APIResponse: 	at java.util.concurrent.ThreadPoolExecutor.runWorker(ThreadPoolExecutor.java:1113)
08-06 12:55:34.841  6998 22644 E baseline.com.newsblur.network.APIResponse: 	at java.util.concurrent.ThreadPoolExecutor$Worker.run(ThreadPoolExecutor.java:588)
08-06 12:55:34.841  6998 22644 E baseline.com.newsblur.network.APIResponse: 	at java.lang.Thread.run(Thread.java:818)
08-06 12:55:34.841  6998 22644 E baseline.com.newsblur.network.APIResponse: Caused by: java.io.EOFException: \n not found: limit=0 content=
08-06 12:55:34.841  6998 22644 E baseline.com.newsblur.network.APIResponse: 	at okio.RealBufferedSource.readUtf8LineStrict(RealBufferedSource.java:240)
08-06 12:55:34.841  6998 22644 E baseline.com.newsblur.network.APIResponse: 	at okhttp3.internal.http1.Http1ExchangeCodec.readHeaderLine(Http1ExchangeCodec.java:242)
08-06 12:55:34.841  6998 22644 E baseline.com.newsblur.network.APIResponse: 	at okhttp3.internal.http1.Http1ExchangeCodec.readResponseHeaders(Http1ExchangeCodec.java:213)
08-06 12:55:34.841  6998 22644 E baseline.com.newsblur.network.APIResponse: 	... 28 more
08-06 12:55:34.843  6998 22644 W baseline.com.newsblur.service.NBSyncService: Bad response to feed_unread_count
08-06 12:55:34.883  6998  7009 I art     : Explicit concurrent mark sweep GC freed 1316(260KB) AllocSpace objects, 4(80KB) LOS objects, 28% free, 40MB/56MB, paused 1.419ms total 51.295ms
08-06 12:55:34.897  6998  7009 I art     : Starting a blocking GC Explicit
08-06 12:55:34.948  6998  7009 I art     : Explicit concurrent mark sweep GC freed 215(20KB) AllocSpace objects, 0(0B) LOS objects, 28% free, 40MB/56MB, paused 1.606ms total 51.188ms
08-06 12:55:35.237  6998 22644 I NAPPA_EXPERIMENTATION: MetricNetworkRequestExecutionTime: REQUEST_DURATION_SYSTEM='386',REQUEST_DURATION_OKHTTP='37',REQUEST_SYNCHRONOUS='TRUE',RESPONSE_CODE='200',RESPONSE_METHOD='GET',RESPONSE_LENGTH_OKHTTP='-1',RESPONSE_LENGTH_HEADER='-2',REQUEST_PROTOCOL='http/1.1',REQUEST_URL='https://www.newsblur.com/social/river_stories?order=newest&page=1&read_filter=all',
08-06 12:55:35.237  6998 22644 D MY_TAG  : 0, 386
08-06 12:55:35.255  6998  6998 D baseline.com.newsblur.service.NBSyncService: rejecting request for feedset that is exhaused
08-06 12:55:35.333  6998 21988 I art     : Starting a blocking GC Explicit
08-06 12:55:35.391  6998 21988 I art     : Explicit concurrent mark sweep GC freed 7559(458KB) AllocSpace objects, 7(140KB) LOS objects, 28% free, 40MB/56MB, paused 1.494ms total 57.212ms
08-06 12:55:35.409  6998 21988 I art     : Starting a blocking GC Explicit
08-06 12:55:35.464  6998 21988 I art     : Explicit concurrent mark sweep GC freed 257(11KB) AllocSpace objects, 0(0B) LOS objects, 28% free, 40MB/56MB, paused 1.511ms total 54.864ms
08-06 12:55:35.478  6998 21988 I art     : Starting a blocking GC Explicit
08-06 12:55:35.532  6998 21988 I art     : Explicit concurrent mark sweep GC freed 3(96B) AllocSpace objects, 0(0B) LOS objects, 28% free, 40MB/56MB, paused 1.487ms total 53.895ms
08-06 12:55:35.546  6998 21988 I art     : Starting a blocking GC Explicit
08-06 12:55:35.600  6998 21988 I art     : Explicit concurrent mark sweep GC freed 3(96B) AllocSpace objects, 0(0B) LOS objects, 28% free, 40MB/56MB, paused 1.539ms total 53.996ms
08-06 12:55:35.614  6998 21988 I art     : Starting a blocking GC Explicit
08-06 12:55:35.664  6998 22644 E baseline.com.newsblur.network.APIResponse: Error (unexpected end of stream on https://www.newsblur.com/...) calling https://www.newsblur.com/reader/mark_story_hashes_as_read/
08-06 12:55:35.664  6998 22644 E baseline.com.newsblur.network.APIResponse: java.io.IOException: unexpected end of stream on https://www.newsblur.com/...
08-06 12:55:35.664  6998 22644 E baseline.com.newsblur.network.APIResponse: 	at okhttp3.internal.http1.Http1ExchangeCodec.readResponseHeaders(Http1ExchangeCodec.java:236)
08-06 12:55:35.664  6998 22644 E baseline.com.newsblur.network.APIResponse: 	at okhttp3.internal.connection.Exchange.readResponseHeaders(Exchange.java:115)
08-06 12:55:35.664  6998 22644 E baseline.com.newsblur.network.APIResponse: 	at okhttp3.internal.http.CallServerInterceptor.intercept(CallServerInterceptor.java:94)
08-06 12:55:35.664  6998 22644 E baseline.com.newsblur.network.APIResponse: 	at okhttp3.internal.http.RealInterceptorChain.proceed(RealInterceptorChain.java:142)
08-06 12:55:35.664  6998 22644 E baseline.com.newsblur.network.APIResponse: 	at okhttp3.internal.connection.ConnectInterceptor.intercept(ConnectInterceptor.java:43)
08-06 12:55:35.664  6998 22644 E baseline.com.newsblur.network.APIResponse: 	at okhttp3.internal.http.RealInterceptorChain.proceed(RealInterceptorChain.java:142)
08-06 12:55:35.664  6998 22644 E baseline.com.newsblur.network.APIResponse: 	at okhttp3.internal.http.RealInterceptorChain.proceed(RealInterceptorChain.java:117)
08-06 12:55:35.664  6998 22644 E baseline.com.newsblur.network.APIResponse: 	at okhttp3.internal.cache.CacheInterceptor.intercept(CacheInterceptor.java:94)
08-06 12:55:35.664  6998 22644 E baseline.com.newsblur.network.APIResponse: 	at okhttp3.internal.http.RealInterceptorChain.proceed(RealInterceptorChain.java:142)
08-06 12:55:35.664  6998 22644 E baseline.com.newsblur.network.APIResponse: 	at okhttp3.internal.http.RealInterceptorChain.proceed(RealInterceptorChain.java:117)
08-06 12:55:35.664  6998 22644 E baseline.com.newsblur.network.APIResponse: 	at okhttp3.internal.http.BridgeInterceptor.intercept(BridgeInterceptor.java:93)
08-06 12:55:35.664  6998 22644 E baseline.com.newsblur.network.APIResponse: 	at okhttp3.internal.http.RealInterceptorChain.proceed(RealInterceptorChain.java:142)
08-06 12:55:35.664  6998 22644 E baseline.com.newsblur.network.APIResponse: 	at okhttp3.internal.http.RetryAndFollowUpInterceptor.intercept(RetryAndFollowUpInterceptor.java:88)
08-06 12:55:35.664  6998 22644 E baseline.com.newsblur.network.APIResponse: 	at okhttp3.internal.http.RealInterceptorChain.proceed(RealInterceptorChain.java:142)
08-06 12:55:35.664  6998 22644 E baseline.com.newsblur.network.APIResponse: 	at okhttp3.internal.http.RealInterceptorChain.proceed(RealInterceptorChain.java:117)
08-06 12:55:35.664  6998 22644 E baseline.com.newsblur.network.APIResponse: 	at okhttp3.RealCall.getResponseWithInterceptorChain(RealCall.java:229)
08-06 12:55:35.664  6998 22644 E baseline.com.newsblur.network.APIResponse: 	at okhttp3.RealCall.execute(RealCall.java:81)
08-06 12:55:35.664  6998 22644 E baseline.com.newsblur.network.APIResponse: 	at baseline.com.newsblur.network.APIResponse.<init>(APIResponse.java:57)
08-06 12:55:35.664  6998 22644 E baseline.com.newsblur.network.APIResponse: 	at baseline.com.newsblur.network.APIResponse.<init>(APIResponse.java:43)
08-06 12:55:35.664  6998 22644 E baseline.com.newsblur.network.APIResponse: 	at baseline.com.newsblur.network.APIManager.post_single(APIManager.java:702)
08-06 12:55:35.664  6998 22644 E baseline.com.newsblur.network.APIResponse: 	at baseline.com.newsblur.network.APIManager.post(APIManager.java:675)
08-06 12:55:35.664  6998 22644 E baseline.com.newsblur.network.APIResponse: 	at baseline.com.newsblur.network.APIManager.post(APIManager.java:714)
08-06 12:55:35.664  6998 22644 E baseline.com.newsblur.network.APIResponse: 	at baseline.com.newsblur.network.APIManager.markStoryAsRead(APIManager.java:205)
08-06 12:55:35.664  6998 22644 E baseline.com.newsblur.network.APIResponse: 	at baseline.com.newsblur.util.ReadingAction.doRemote(ReadingAction.java:281)
08-06 12:55:35.664  6998 22644 E baseline.com.newsblur.network.APIResponse: 	at baseline.com.newsblur.service.NBSyncService.syncActions(NBSyncService.java:400)
08-06 12:55:35.664  6998 22644 E baseline.com.newsblur.network.APIResponse: 	at baseline.com.newsblur.service.NBSyncService.doSync(NBSyncService.java:298)
08-06 12:55:35.664  6998 22644 E baseline.com.newsblur.network.APIResponse: 	at baseline.com.newsblur.service.NBSyncService.access$100(NBSyncService.java:67)
08-06 12:55:35.664  6998 22644 E baseline.com.newsblur.network.APIResponse: 	at baseline.com.newsblur.service.NBSyncService$1.run(NBSyncService.java:188)
08-06 12:55:35.664  6998 22644 E baseline.com.newsblur.network.APIResponse: 	at java.util.concurrent.ThreadPoolExecutor.runWorker(ThreadPoolExecutor.java:1113)
08-06 12:55:35.664  6998 22644 E baseline.com.newsblur.network.APIResponse: 	at java.util.concurrent.ThreadPoolExecutor$Worker.run(ThreadPoolExecutor.java:588)
08-06 12:55:35.664  6998 22644 E baseline.com.newsblur.network.APIResponse: 	at java.lang.Thread.run(Thread.java:818)
08-06 12:55:35.664  6998 22644 E baseline.com.newsblur.network.APIResponse: Caused by: java.io.EOFException: \n not found: limit=0 content=
08-06 12:55:35.664  6998 22644 E baseline.com.newsblur.network.APIResponse: 	at okio.RealBufferedSource.readUtf8LineStrict(RealBufferedSource.java:240)
08-06 12:55:35.664  6998 22644 E baseline.com.newsblur.network.APIResponse: 	at okhttp3.internal.http1.Http1ExchangeCodec.readHeaderLine(Http1ExchangeCodec.java:242)
08-06 12:55:35.664  6998 22644 E baseline.com.newsblur.network.APIResponse: 	at okhttp3.internal.http1.Http1ExchangeCodec.readResponseHeaders(Http1ExchangeCodec.java:213)
08-06 12:55:35.664  6998 22644 E baseline.com.newsblur.network.APIResponse: 	... 30 more
08-06 12:55:35.667  6998 22644 I baseline.com.newsblur.network.APIManager: API call failed, pausing before retry number 1
08-06 12:55:35.668  6998 21988 I art     : Explicit concurrent mark sweep GC freed 1968(145KB) AllocSpace objects, 0(0B) LOS objects, 28% free, 40MB/56MB, paused 1.668ms total 54.471ms
08-06 12:55:36.041  6998 22841 I art     : Starting a blocking GC Explicit
08-06 12:55:36.099  6998 22841 I art     : Explicit concurrent mark sweep GC freed 2028(213KB) AllocSpace objects, 3(60KB) LOS objects, 28% free, 40MB/56MB, paused 1.603ms total 57.220ms
08-06 12:55:36.113  6998 22841 I art     : Starting a blocking GC Explicit
08-06 12:55:36.170  6998 22841 I art     : Explicit concurrent mark sweep GC freed 62(2288B) AllocSpace objects, 0(0B) LOS objects, 28% free, 40MB/56MB, paused 1.486ms total 56.628ms
08-06 12:55:36.188  6998 22841 I art     : Starting a blocking GC Explicit
08-06 12:55:36.243  6998 22841 I art     : Explicit concurrent mark sweep GC freed 3(96B) AllocSpace objects, 0(0B) LOS objects, 28% free, 40MB/56MB, paused 1.493ms total 54.880ms
08-06 12:55:36.256  6998 22841 I art     : Starting a blocking GC Explicit
08-06 12:55:36.309  6998 22841 I art     : Explicit concurrent mark sweep GC freed 3(96B) AllocSpace objects, 0(0B) LOS objects, 28% free, 40MB/56MB, paused 1.476ms total 52.287ms
08-06 12:55:36.323  6998 22841 I art     : Starting a blocking GC Explicit
08-06 12:55:36.379  6998 22841 I art     : Explicit concurrent mark sweep GC freed 3(96B) AllocSpace objects, 0(0B) LOS objects, 28% free, 40MB/56MB, paused 1.525ms total 55.682ms
08-06 12:55:36.734  6998 21780 I art     : Starting a blocking GC Explicit
08-06 12:55:36.790  6998 21780 I art     : Explicit concurrent mark sweep GC freed 1444(83KB) AllocSpace objects, 1(20KB) LOS objects, 28% free, 40MB/56MB, paused 1.474ms total 55.834ms
08-06 12:55:36.804  6998 21780 I art     : Starting a blocking GC Explicit
08-06 12:55:36.857  6998 21780 I art     : Explicit concurrent mark sweep GC freed 22(800B) AllocSpace objects, 0(0B) LOS objects, 28% free, 40MB/56MB, paused 1.609ms total 53.183ms
08-06 12:55:36.871  6998 21780 I art     : Starting a blocking GC Explicit
08-06 12:55:36.924  6998 21780 I art     : Explicit concurrent mark sweep GC freed 3(96B) AllocSpace objects, 0(0B) LOS objects, 28% free, 40MB/56MB, paused 1.479ms total 52.928ms
08-06 12:55:36.938  6998 21780 I art     : Starting a blocking GC Explicit
08-06 12:55:36.966 23357 23357 D AndroidRuntime: >>>>>> START com.android.internal.os.RuntimeInit uid 2000 <<<<<<
08-06 12:55:36.972 23357 23357 D AndroidRuntime: CheckJNI is OFF
08-06 12:55:36.992  6998 21780 I art     : Explicit concurrent mark sweep GC freed 3(96B) AllocSpace objects, 0(0B) LOS objects, 28% free, 40MB/56MB, paused 1.583ms total 53.661ms
08-06 12:55:37.005  6998 21780 I art     : Starting a blocking GC Explicit
08-06 12:55:37.021 23357 23357 D ICU     : No timezone override file found: /data/misc/zoneinfo/current/icu/icu_tzdata.dat
08-06 12:55:37.055  6998 21780 I art     : Explicit concurrent mark sweep GC freed 3(96B) AllocSpace objects, 0(0B) LOS objects, 28% free, 40MB/56MB, paused 1.425ms total 49.481ms
08-06 12:55:37.066 23357 23357 I Radio-JNI: register_android_hardware_Radio DONE
08-06 12:55:37.096 23357 23357 D AndroidRuntime: Calling main entry com.android.commands.input.Input
08-06 12:55:37.098 23357 23357 I Input   : injectMotionEvent: MotionEvent { action=ACTION_DOWN, actionButton=0, id[0]=0, x[0]=436.0, y[0]=453.0, toolType[0]=TOOL_TYPE_UNKNOWN, buttonState=0, metaState=0, flags=0x0, edgeFlags=0x0, pointerCount=1, historySize=0, eventTime=881753511, downTime=881753511, deviceId=0, source=0x1002 }
08-06 12:55:37.105 23357 23357 I Input   : injectMotionEvent: MotionEvent { action=ACTION_UP, actionButton=0, id[0]=0, x[0]=436.0, y[0]=453.0, toolType[0]=TOOL_TYPE_UNKNOWN, buttonState=0, metaState=0, flags=0x0, edgeFlags=0x0, pointerCount=1, historySize=0, eventTime=881753511, downTime=881753511, deviceId=0, source=0x1002 }
08-06 12:55:37.107 23357 23357 D AndroidRuntime: Shutting down VM
08-06 12:55:37.118   512  2967 D audio_hw_primary: out_set_parameters: enter: usecase(1: low-latency-playback) kvpairs: routing=2
08-06 12:55:37.124   918  4400 I ActivityManager: START u0 {cmp=baseline.com.newsblur/.activity.AllSharedStoriesReading (has extras)} from uid 10698 on display 0
08-06 12:55:37.131   512  2967 D audio_hw_primary: select_devices: out_snd_device(2: speaker) in_snd_device(0: none)
08-06 12:55:37.132   512  2967 D msm8974_platform: platform_send_audio_calibration: sending audio calibration for snd_device(2) acdb_id(15)
08-06 12:55:37.132   512  2967 I soundtrigger: audio_extn_sound_trigger_update_device_status: device 0x2 of type 0 for Event 1
08-06 12:55:37.144   512  2967 D audio_hw_primary: enable_snd_device: snd_device(2: speaker)
08-06 12:55:37.146   512  2967 D audio_hw_primary: enable_audio_route: apply and update mixer path: low-latency-playback speaker
08-06 12:55:37.381 13866 13866 I GoogleInputMethodServic: GoogleInputMethodService.onFinishInput():3138 
08-06 12:55:37.382 13866 13866 I GoogleInputMethodServic: GoogleInputMethodService.onStartInput():1808 
08-06 12:55:37.383   918   936 I ActivityManager: Displayed baseline.com.newsblur/.activity.AllSharedStoriesReading: +248ms
08-06 12:55:37.408  6998 21988 I art     : Starting a blocking GC Explicit
08-06 12:55:37.461  6998 21988 I art     : Explicit concurrent mark sweep GC freed 5090(406KB) AllocSpace objects, 9(608KB) LOS objects, 28% free, 41MB/57MB, paused 2.191ms total 52.966ms
08-06 12:55:37.484  6998 21988 I art     : Starting a blocking GC Explicit
08-06 12:55:37.536  6998 21988 I art     : Explicit concurrent mark sweep GC freed 1550(109KB) AllocSpace objects, 10(244KB) LOS objects, 28% free, 41MB/57MB, paused 1.593ms total 50.705ms
08-06 12:55:37.555  6998 21988 I art     : Starting a blocking GC Explicit
08-06 12:55:37.604  6998 21988 I art     : Explicit concurrent mark sweep GC freed 788(50KB) AllocSpace objects, 0(0B) LOS objects, 28% free, 41MB/57MB, paused 1.477ms total 48.326ms
08-06 12:55:37.617  6998 21988 I art     : Starting a blocking GC Explicit
08-06 12:55:37.665  6998 21988 I art     : Explicit concurrent mark sweep GC freed 1703(82KB) AllocSpace objects, 0(0B) LOS objects, 28% free, 41MB/57MB, paused 1.579ms total 47.420ms
08-06 12:55:37.666  6998 22331 E chromium: [ERROR:tile_manager.cc(793)] WARNING: tile memory limits exceeded, some content may not draw
08-06 12:55:37.666  6998 22331 E chromium: [ERROR:tile_manager.cc(793)] WARNING: tile memory limits exceeded, some content may not draw
08-06 12:55:37.677  6998 21988 I art     : Starting a blocking GC Explicit
08-06 12:55:37.688   512  2967 D audio_hw_primary: disable_audio_route: reset and update mixer path: low-latency-playback speaker
08-06 12:55:37.689   512  2967 D audio_hw_primary: disable_snd_device: snd_device(2: speaker)
08-06 12:55:37.695  6998 22644 E baseline.com.newsblur.network.APIResponse: Error (unexpected end of stream on https://www.newsblur.com/...) calling https://www.newsblur.com/reader/mark_story_hashes_as_read/
08-06 12:55:37.695  6998 22644 E baseline.com.newsblur.network.APIResponse: java.io.IOException: unexpected end of stream on https://www.newsblur.com/...
08-06 12:55:37.695  6998 22644 E baseline.com.newsblur.network.APIResponse: 	at okhttp3.internal.http1.Http1ExchangeCodec.readResponseHeaders(Http1ExchangeCodec.java:236)
08-06 12:55:37.695  6998 22644 E baseline.com.newsblur.network.APIResponse: 	at okhttp3.internal.connection.Exchange.readResponseHeaders(Exchange.java:115)
08-06 12:55:37.695  6998 22644 E baseline.com.newsblur.network.APIResponse: 	at okhttp3.internal.http.CallServerInterceptor.intercept(CallServerInterceptor.java:94)
08-06 12:55:37.695  6998 22644 E baseline.com.newsblur.network.APIResponse: 	at okhttp3.internal.http.RealInterceptorChain.proceed(RealInterceptorChain.java:142)
08-06 12:55:37.695  6998 22644 E baseline.com.newsblur.network.APIResponse: 	at okhttp3.internal.connection.ConnectInterceptor.intercept(ConnectInterceptor.java:43)
08-06 12:55:37.695  6998 22644 E baseline.com.newsblur.network.APIResponse: 	at okhttp3.internal.http.RealInterceptorChain.proceed(RealInterceptorChain.java:142)
08-06 12:55:37.695  6998 22644 E baseline.com.newsblur.network.APIResponse: 	at okhttp3.internal.http.RealInterceptorChain.proceed(RealInterceptorChain.java:117)
08-06 12:55:37.695  6998 22644 E baseline.com.newsblur.network.APIResponse: 	at okhttp3.internal.cache.CacheInterceptor.intercept(CacheInterceptor.java:94)
08-06 12:55:37.695  6998 22644 E baseline.com.newsblur.network.APIResponse: 	at okhttp3.internal.http.RealInterceptorChain.proceed(RealInterceptorChain.java:142)
08-06 12:55:37.695  6998 22644 E baseline.com.newsblur.network.APIResponse: 	at okhttp3.internal.http.RealInterceptorChain.proceed(RealInterceptorChain.java:117)
08-06 12:55:37.695  6998 22644 E baseline.com.newsblur.network.APIResponse: 	at okhttp3.internal.http.BridgeInterceptor.intercept(BridgeInterceptor.java:93)
08-06 12:55:37.695  6998 22644 E baseline.com.newsblur.network.APIResponse: 	at okhttp3.internal.http.RealInterceptorChain.proceed(RealInterceptorChain.java:142)
08-06 12:55:37.695  6998 22644 E baseline.com.newsblur.network.APIResponse: 	at okhttp3.internal.http.RetryAndFollowUpInterceptor.intercept(RetryAndFollowUpInterceptor.java:88)
08-06 12:55:37.695  6998 22644 E baseline.com.newsblur.network.APIResponse: 	at okhttp3.internal.http.RealInterceptorChain.proceed(RealInterceptorChain.java:142)
08-06 12:55:37.695  6998 22644 E baseline.com.newsblur.network.APIResponse: 	at okhttp3.internal.http.RealInterceptorChain.proceed(RealInterceptorChain.java:117)
08-06 12:55:37.695  6998 22644 E baseline.com.newsblur.network.APIResponse: 	at okhttp3.RealCall.getResponseWithInterceptorChain(RealCall.java:229)
08-06 12:55:37.695  6998 22644 E baseline.com.newsblur.network.APIResponse: 	at okhttp3.RealCall.execute(RealCall.java:81)
08-06 12:55:37.695  6998 22644 E baseline.com.newsblur.network.APIResponse: 	at baseline.com.newsblur.network.APIResponse.<init>(APIResponse.java:57)
08-06 12:55:37.695  6998 22644 E baseline.com.newsblur.network.APIResponse: 	at baseline.com.newsblur.network.APIResponse.<init>(APIResponse.java:43)
08-06 12:55:37.695  6998 22644 E baseline.com.newsblur.network.APIResponse: 	at baseline.com.newsblur.network.APIManager.post_single(APIManager.java:702)
08-06 12:55:37.695  6998 22644 E baseline.com.newsblur.network.APIResponse: 	at baseline.com.newsblur.network.APIManager.post(APIManager.java:675)
08-06 12:55:37.695  6998 22644 E baseline.com.newsblur.network.APIResponse: 	at baseline.com.newsblur.network.APIManager.post(APIManager.java:714)
08-06 12:55:37.695  6998 22644 E baseline.com.newsblur.network.APIResponse: 	at baseline.com.newsblur.network.APIManager.markStoryAsRead(APIManager.java:205)
08-06 12:55:37.695  6998 22644 E baseline.com.newsblur.network.APIResponse: 	at baseline.com.newsblur.util.ReadingAction.doRemote(ReadingAction.java:281)
08-06 12:55:37.695  6998 22644 E baseline.com.newsblur.network.APIResponse: 	at baseline.com.newsblur.service.NBSyncService.syncActions(NBSyncService.java:400)
08-06 12:55:37.695  6998 22644 E baseline.com.newsblur.network.APIResponse: 	at baseline.com.newsblur.service.NBSyncService.doSync(NBSyncService.java:298)
08-06 12:55:37.695  6998 22644 E baseline.com.newsblur.network.APIResponse: 	at baseline.com.newsblur.service.NBSyncService.access$100(NBSyncService.java:67)
08-06 12:55:37.695  6998 22644 E baseline.com.newsblur.network.APIResponse: 	at baseline.com.newsblur.service.NBSyncService$1.run(NBSyncService.java:188)
08-06 12:55:37.695  6998 22644 E baseline.com.newsblur.network.APIResponse: 	at java.util.concurrent.ThreadPoolExecutor.runWorker(ThreadPoolExecutor.java:1113)
08-06 12:55:37.695  6998 22644 E baseline.com.newsblur.network.APIResponse: 	at java.util.concurrent.ThreadPoolExecutor$Worker.run(ThreadPoolExecutor.java:588)
08-06 12:55:37.695  6998 22644 E baseline.com.newsblur.network.APIResponse: 	at java.lang.Thread.run(Thread.java:818)
08-06 12:55:37.695  6998 22644 E baseline.com.newsblur.network.APIResponse: Caused by: java.io.EOFException: \n not found: limit=0 content=
08-06 12:55:37.695  6998 22644 E baseline.com.newsblur.network.APIResponse: 	at okio.RealBufferedSource.readUtf8LineStrict(RealBufferedSource.java:240)
08-06 12:55:37.695  6998 22644 E baseline.com.newsblur.network.APIResponse: 	at okhttp3.internal.http1.Http1ExchangeCodec.readHeaderLine(Http1ExchangeCodec.java:242)
08-06 12:55:37.695  6998 22644 E baseline.com.newsblur.network.APIResponse: 	at okhttp3.internal.http1.Http1ExchangeCodec.readResponseHeaders(Http1ExchangeCodec.java:213)
08-06 12:55:37.695  6998 22644 E baseline.com.newsblur.network.APIResponse: 	... 30 more
08-06 12:55:37.696  6998 22644 I baseline.com.newsblur.network.APIManager: API call failed, pausing before retry number 2
08-06 12:55:37.699   512  2967 I soundtrigger: audio_extn_sound_trigger_update_device_status: device 0x2 of type 0 for Event 0
08-06 12:55:37.724  6998 21988 I art     : Explicit concurrent mark sweep GC freed 833(196KB) AllocSpace objects, 2(40KB) LOS objects, 28% free, 41MB/57MB, paused 1.317ms total 46.661ms
08-06 12:55:38.086  6998  7011 I art     : Starting a blocking GC Explicit
08-06 12:55:38.140  6998  7011 I art     : Explicit concurrent mark sweep GC freed 1716(117KB) AllocSpace objects, 3(68KB) LOS objects, 28% free, 41MB/57MB, paused 1.354ms total 53.692ms
08-06 12:55:38.153  6998  7011 I art     : Starting a blocking GC Explicit
08-06 12:55:38.206  6998  7011 I art     : Explicit concurrent mark sweep GC freed 61(2272B) AllocSpace objects, 0(0B) LOS objects, 28% free, 41MB/57MB, paused 1.395ms total 52.414ms
08-06 12:55:38.220  6998  7011 I art     : Starting a blocking GC Explicit
08-06 12:55:38.275  6998  7011 I art     : Explicit concurrent mark sweep GC freed 3(96B) AllocSpace objects, 0(0B) LOS objects, 28% free, 41MB/57MB, paused 1.461ms total 54.622ms
08-06 12:55:38.289  6998  7011 I art     : Starting a blocking GC Explicit
08-06 12:55:38.344  6998  7011 I art     : Explicit concurrent mark sweep GC freed 3(96B) AllocSpace objects, 0(0B) LOS objects, 28% free, 41MB/57MB, paused 1.458ms total 54.458ms
08-06 12:55:38.358  6998  7011 I art     : Starting a blocking GC Explicit
08-06 12:55:38.413  6998  7011 I art     : Explicit concurrent mark sweep GC freed 3(96B) AllocSpace objects, 0(0B) LOS objects, 28% free, 41MB/57MB, paused 1.415ms total 55.077ms
08-06 12:55:38.797  6998 21988 I art     : Starting a blocking GC Explicit
08-06 12:55:38.854  6998 21988 I art     : Explicit concurrent mark sweep GC freed 1490(84KB) AllocSpace objects, 1(20KB) LOS objects, 28% free, 41MB/57MB, paused 1.919ms total 56.150ms
08-06 12:55:38.869  6998 21988 I art     : Starting a blocking GC Explicit
08-06 12:55:38.932  6998 21988 I art     : Explicit concurrent mark sweep GC freed 39(1344B) AllocSpace objects, 0(0B) LOS objects, 28% free, 41MB/57MB, paused 1.423ms total 61.893ms
08-06 12:55:38.948  6998 21988 I art     : Starting a blocking GC Explicit
08-06 12:55:38.998  6998 21988 I art     : Explicit concurrent mark sweep GC freed 3(96B) AllocSpace objects, 0(0B) LOS objects, 28% free, 41MB/57MB, paused 1.489ms total 49.863ms
08-06 12:55:39.012  6998 21988 I art     : Starting a blocking GC Explicit
08-06 12:55:39.070  6998 21988 I art     : Explicit concurrent mark sweep GC freed 3(96B) AllocSpace objects, 0(0B) LOS objects, 28% free, 41MB/57MB, paused 1.579ms total 57.980ms
08-06 12:55:39.085  6998 21988 I art     : Starting a blocking GC Explicit
08-06 12:55:39.141  6998 21988 I art     : Explicit concurrent mark sweep GC freed 3(96B) AllocSpace objects, 0(0B) LOS objects, 28% free, 41MB/57MB, paused 1.535ms total 55.728ms
08-06 12:55:39.551  6998  7011 I art     : Starting a blocking GC Explicit
08-06 12:55:39.612  6998  7011 I art     : Explicit concurrent mark sweep GC freed 1445(83KB) AllocSpace objects, 1(20KB) LOS objects, 28% free, 41MB/57MB, paused 1.404ms total 60.932ms
08-06 12:55:39.630  6998  7011 I art     : Starting a blocking GC Explicit
08-06 12:55:39.689  6998  7011 I art     : Explicit concurrent mark sweep GC freed 22(784B) AllocSpace objects, 0(0B) LOS objects, 28% free, 41MB/57MB, paused 1.581ms total 58.245ms
08-06 12:55:39.703  6998  7011 I art     : Starting a blocking GC Explicit
08-06 12:55:39.760  6998  7011 I art     : Explicit concurrent mark sweep GC freed 3(96B) AllocSpace objects, 0(0B) LOS objects, 28% free, 41MB/57MB, paused 1.440ms total 56.575ms
08-06 12:55:39.774  6998  7011 I art     : Starting a blocking GC Explicit
08-06 12:55:39.832  6998  7011 I art     : Explicit concurrent mark sweep GC freed 3(96B) AllocSpace objects, 0(0B) LOS objects, 28% free, 41MB/57MB, paused 1.506ms total 57.903ms
08-06 12:55:39.847  6998  7011 I art     : Starting a blocking GC Explicit
08-06 12:55:39.904  6998  7011 I art     : Explicit concurrent mark sweep GC freed 3(96B) AllocSpace objects, 0(0B) LOS objects, 28% free, 41MB/57MB, paused 1.502ms total 56.895ms
08-06 12:55:40.305  6998  7009 I art     : Starting a blocking GC Explicit
08-06 12:55:40.365  6998  7009 I art     : Explicit concurrent mark sweep GC freed 1446(83KB) AllocSpace objects, 1(20KB) LOS objects, 28% free, 41MB/57MB, paused 1.483ms total 60.077ms
08-06 12:55:40.381  6998  7009 I art     : Starting a blocking GC Explicit
08-06 12:55:40.441  6998  7009 I art     : Explicit concurrent mark sweep GC freed 22(784B) AllocSpace objects, 0(0B) LOS objects, 28% free, 41MB/57MB, paused 1.586ms total 59.454ms
08-06 12:55:40.455  6998  7009 I art     : Starting a blocking GC Explicit
08-06 12:55:40.514  6998  7009 I art     : Explicit concurrent mark sweep GC freed 3(96B) AllocSpace objects, 0(0B) LOS objects, 28% free, 41MB/57MB, paused 1.402ms total 58.631ms
08-06 12:55:40.532  6998  7009 I art     : Starting a blocking GC Explicit
08-06 12:55:40.590  6998  7009 I art     : Explicit concurrent mark sweep GC freed 3(96B) AllocSpace objects, 0(0B) LOS objects, 28% free, 41MB/57MB, paused 1.593ms total 57.903ms
08-06 12:55:40.604  6998  7009 I art     : Starting a blocking GC Explicit
08-06 12:55:40.659  6998  7009 I art     : Explicit concurrent mark sweep GC freed 3(96B) AllocSpace objects, 0(0B) LOS objects, 28% free, 41MB/57MB, paused 1.535ms total 55.020ms
08-06 12:55:41.042  6998 22841 I art     : Starting a blocking GC Explicit
08-06 12:55:41.104  6998 22841 I art     : Explicit concurrent mark sweep GC freed 1610(91KB) AllocSpace objects, 1(20KB) LOS objects, 28% free, 41MB/57MB, paused 1.506ms total 61.095ms
08-06 12:55:41.120  6998 22841 I art     : Starting a blocking GC Explicit
08-06 12:55:41.178  6998 22841 I art     : Explicit concurrent mark sweep GC freed 28(1040B) AllocSpace objects, 0(0B) LOS objects, 28% free, 41MB/57MB, paused 1.665ms total 57.996ms
08-06 12:55:41.193  6998 22841 I art     : Starting a blocking GC Explicit
08-06 12:55:41.247  6998 22841 I art     : Explicit concurrent mark sweep GC freed 1462(58KB) AllocSpace objects, 0(0B) LOS objects, 28% free, 41MB/57MB, paused 1.625ms total 54.359ms
08-06 12:55:41.261  6998 22841 I art     : Starting a blocking GC Explicit
08-06 12:55:41.289  6998 22644 E baseline.com.newsblur.network.APIResponse: Error (unexpected end of stream on https://www.newsblur.com/...) calling https://www.newsblur.com/reader/mark_story_hashes_as_read/
08-06 12:55:41.289  6998 22644 E baseline.com.newsblur.network.APIResponse: java.io.IOException: unexpected end of stream on https://www.newsblur.com/...
08-06 12:55:41.289  6998 22644 E baseline.com.newsblur.network.APIResponse: 	at okhttp3.internal.http1.Http1ExchangeCodec.readResponseHeaders(Http1ExchangeCodec.java:236)
08-06 12:55:41.289  6998 22644 E baseline.com.newsblur.network.APIResponse: 	at okhttp3.internal.connection.Exchange.readResponseHeaders(Exchange.java:115)
08-06 12:55:41.289  6998 22644 E baseline.com.newsblur.network.APIResponse: 	at okhttp3.internal.http.CallServerInterceptor.intercept(CallServerInterceptor.java:94)
08-06 12:55:41.289  6998 22644 E baseline.com.newsblur.network.APIResponse: 	at okhttp3.internal.http.RealInterceptorChain.proceed(RealInterceptorChain.java:142)
08-06 12:55:41.289  6998 22644 E baseline.com.newsblur.network.APIResponse: 	at okhttp3.internal.connection.ConnectInterceptor.intercept(ConnectInterceptor.java:43)
08-06 12:55:41.289  6998 22644 E baseline.com.newsblur.network.APIResponse: 	at okhttp3.internal.http.RealInterceptorChain.proceed(RealInterceptorChain.java:142)
08-06 12:55:41.289  6998 22644 E baseline.com.newsblur.network.APIResponse: 	at okhttp3.internal.http.RealInterceptorChain.proceed(RealInterceptorChain.java:117)
08-06 12:55:41.289  6998 22644 E baseline.com.newsblur.network.APIResponse: 	at okhttp3.internal.cache.CacheInterceptor.intercept(CacheInterceptor.java:94)
08-06 12:55:41.289  6998 22644 E baseline.com.newsblur.network.APIResponse: 	at okhttp3.internal.http.RealInterceptorChain.proceed(RealInterceptorChain.java:142)
08-06 12:55:41.289  6998 22644 E baseline.com.newsblur.network.APIResponse: 	at okhttp3.internal.http.RealInterceptorChain.proceed(RealInterceptorChain.java:117)
08-06 12:55:41.289  6998 22644 E baseline.com.newsblur.network.APIResponse: 	at okhttp3.internal.http.BridgeInterceptor.intercept(BridgeInterceptor.java:93)
08-06 12:55:41.289  6998 22644 E baseline.com.newsblur.network.APIResponse: 	at okhttp3.internal.http.RealInterceptorChain.proceed(RealInterceptorChain.java:142)
08-06 12:55:41.289  6998 22644 E baseline.com.newsblur.network.APIResponse: 	at okhttp3.internal.http.RetryAndFollowUpInterceptor.intercept(RetryAndFollowUpInterceptor.java:88)
08-06 12:55:41.289  6998 22644 E baseline.com.newsblur.network.APIResponse: 	at okhttp3.internal.http.RealInterceptorChain.proceed(RealInterceptorChain.java:142)
08-06 12:55:41.289  6998 22644 E baseline.com.newsblur.network.APIResponse: 	at okhttp3.internal.http.RealInterceptorChain.proceed(RealInterceptorChain.java:117)
08-06 12:55:41.289  6998 22644 E baseline.com.newsblur.network.APIResponse: 	at okhttp3.RealCall.getResponseWithInterceptorChain(RealCall.java:229)
08-06 12:55:41.289  6998 22644 E baseline.com.newsblur.network.APIResponse: 	at okhttp3.RealCall.execute(RealCall.java:81)
08-06 12:55:41.289  6998 22644 E baseline.com.newsblur.network.APIResponse: 	at baseline.com.newsblur.network.APIResponse.<init>(APIResponse.java:57)
08-06 12:55:41.289  6998 22644 E baseline.com.newsblur.network.APIResponse: 	at baseline.com.newsblur.network.APIResponse.<init>(APIResponse.java:43)
08-06 12:55:41.289  6998 22644 E baseline.com.newsblur.network.APIResponse: 	at baseline.com.newsblur.network.APIManager.post_single(APIManager.java:702)
08-06 12:55:41.289  6998 22644 E baseline.com.newsblur.network.APIResponse: 	at baseline.com.newsblur.network.APIManager.post(APIManager.java:675)
08-06 12:55:41.289  6998 22644 E baseline.com.newsblur.network.APIResponse: 	at baseline.com.newsblur.network.APIManager.post(APIManager.java:714)
08-06 12:55:41.289  6998 22644 E baseline.com.newsblur.network.APIResponse: 	at baseline.com.newsblur.network.APIManager.markStoryAsRead(APIManager.java:205)
08-06 12:55:41.289  6998 22644 E baseline.com.newsblur.network.APIResponse: 	at baseline.com.newsblur.util.ReadingAction.doRemote(ReadingAction.java:281)
08-06 12:55:41.289  6998 22644 E baseline.com.newsblur.network.APIResponse: 	at baseline.com.newsblur.service.NBSyncService.syncActions(NBSyncService.java:400)
08-06 12:55:41.289  6998 22644 E baseline.com.newsblur.network.APIResponse: 	at baseline.com.newsblur.service.NBSyncService.doSync(NBSyncService.java:298)
08-06 12:55:41.289  6998 22644 E baseline.com.newsblur.network.APIResponse: 	at baseline.com.newsblur.service.NBSyncService.access$100(NBSyncService.java:67)
08-06 12:55:41.289  6998 22644 E baseline.com.newsblur.network.APIResponse: 	at baseline.com.newsblur.service.NBSyncService$1.run(NBSyncService.java:188)
08-06 12:55:41.289  6998 22644 E baseline.com.newsblur.network.APIResponse: 	at java.util.concurrent.ThreadPoolExecutor.runWorker(ThreadPoolExecutor.java:1113)
08-06 12:55:41.289  6998 22644 E baseline.com.newsblur.network.APIResponse: 	at java.util.concurrent.ThreadPoolExecutor$Worker.run(ThreadPoolExecutor.java:588)
08-06 12:55:41.289  6998 22644 E baseline.com.newsblur.network.APIResponse: 	at java.lang.Thread.run(Thread.java:818)
08-06 12:55:41.289  6998 22644 E baseline.com.newsblur.network.APIResponse: Caused by: java.io.EOFException: \n not found: limit=0 content=
08-06 12:55:41.289  6998 22644 E baseline.com.newsblur.network.APIResponse: 	at okio.RealBufferedSource.readUtf8LineStrict(RealBufferedSource.java:240)
08-06 12:55:41.289  6998 22644 E baseline.com.newsblur.network.APIResponse: 	at okhttp3.internal.http1.Http1ExchangeCodec.readHeaderLine(Http1ExchangeCodec.java:242)
08-06 12:55:41.289  6998 22644 E baseline.com.newsblur.network.APIResponse: 	at okhttp3.internal.http1.Http1ExchangeCodec.readResponseHeaders(Http1ExchangeCodec.java:213)
08-06 12:55:41.289  6998 22644 E baseline.com.newsblur.network.APIResponse: 	... 30 more
08-06 12:55:41.291  6998 22644 I baseline.com.newsblur.service.NBSyncService: Holding reading action with server-side or network error.
08-06 12:55:41.304  6998 22644 W baseline.com.newsblur.service.NBSyncService: hard API failure
08-06 12:55:41.318  6998 22841 I art     : Explicit concurrent mark sweep GC freed 1331(246KB) AllocSpace objects, 4(80KB) LOS objects, 28% free, 41MB/57MB, paused 1.553ms total 56.068ms
08-06 12:55:41.333  6998 22841 I art     : Starting a blocking GC Explicit
08-06 12:55:41.391  6998 22841 I art     : Explicit concurrent mark sweep GC freed 223(22KB) AllocSpace objects, 0(0B) LOS objects, 28% free, 41MB/57MB, paused 1.709ms total 58.540ms
08-06 12:55:41.648   918  3261 D WifiStateMachine: starting scan for "H369AA63323"WPA_PSK with 2412,5180
08-06 12:55:41.727  6998 22644 E baseline.com.newsblur.network.APIResponse: Error (unexpected end of stream on https://www.newsblur.com/...) calling https://www.newsblur.com/reader/mark_story_hashes_as_read/
08-06 12:55:41.727  6998 22644 E baseline.com.newsblur.network.APIResponse: java.io.IOException: unexpected end of stream on https://www.newsblur.com/...
08-06 12:55:41.727  6998 22644 E baseline.com.newsblur.network.APIResponse: 	at okhttp3.internal.http1.Http1ExchangeCodec.readResponseHeaders(Http1ExchangeCodec.java:236)
08-06 12:55:41.727  6998 22644 E baseline.com.newsblur.network.APIResponse: 	at okhttp3.internal.connection.Exchange.readResponseHeaders(Exchange.java:115)
08-06 12:55:41.727  6998 22644 E baseline.com.newsblur.network.APIResponse: 	at okhttp3.internal.http.CallServerInterceptor.intercept(CallServerInterceptor.java:94)
08-06 12:55:41.727  6998 22644 E baseline.com.newsblur.network.APIResponse: 	at okhttp3.internal.http.RealInterceptorChain.proceed(RealInterceptorChain.java:142)
08-06 12:55:41.727  6998 22644 E baseline.com.newsblur.network.APIResponse: 	at okhttp3.internal.connection.ConnectInterceptor.intercept(ConnectInterceptor.java:43)
08-06 12:55:41.727  6998 22644 E baseline.com.newsblur.network.APIResponse: 	at okhttp3.internal.http.RealInterceptorChain.proceed(RealInterceptorChain.java:142)
08-06 12:55:41.727  6998 22644 E baseline.com.newsblur.network.APIResponse: 	at okhttp3.internal.http.RealInterceptorChain.proceed(RealInterceptorChain.java:117)
08-06 12:55:41.727  6998 22644 E baseline.com.newsblur.network.APIResponse: 	at okhttp3.internal.cache.CacheInterceptor.intercept(CacheInterceptor.java:94)
08-06 12:55:41.727  6998 22644 E baseline.com.newsblur.network.APIResponse: 	at okhttp3.internal.http.RealInterceptorChain.proceed(RealInterceptorChain.java:142)
08-06 12:55:41.727  6998 22644 E baseline.com.newsblur.network.APIResponse: 	at okhttp3.internal.http.RealInterceptorChain.proceed(RealInterceptorChain.java:117)
08-06 12:55:41.727  6998 22644 E baseline.com.newsblur.network.APIResponse: 	at okhttp3.internal.http.BridgeInterceptor.intercept(BridgeInterceptor.java:93)
08-06 12:55:41.727  6998 22644 E baseline.com.newsblur.network.APIResponse: 	at okhttp3.internal.http.RealInterceptorChain.proceed(RealInterceptorChain.java:142)
08-06 12:55:41.727  6998 22644 E baseline.com.newsblur.network.APIResponse: 	at okhttp3.internal.http.RetryAndFollowUpInterceptor.intercept(RetryAndFollowUpInterceptor.java:88)
08-06 12:55:41.727  6998 22644 E baseline.com.newsblur.network.APIResponse: 	at okhttp3.internal.http.RealInterceptorChain.proceed(RealInterceptorChain.java:142)
08-06 12:55:41.727  6998 22644 E baseline.com.newsblur.network.APIResponse: 	at okhttp3.internal.http.RealInterceptorChain.proceed(RealInterceptorChain.java:117)
08-06 12:55:41.727  6998 22644 E baseline.com.newsblur.network.APIResponse: 	at okhttp3.RealCall.getResponseWithInterceptorChain(RealCall.java:229)
08-06 12:55:41.727  6998 22644 E baseline.com.newsblur.network.APIResponse: 	at okhttp3.RealCall.execute(RealCall.java:81)
08-06 12:55:41.727  6998 22644 E baseline.com.newsblur.network.APIResponse: 	at baseline.com.newsblur.network.APIResponse.<init>(APIResponse.java:57)
08-06 12:55:41.727  6998 22644 E baseline.com.newsblur.network.APIResponse: 	at baseline.com.newsblur.network.APIResponse.<init>(APIResponse.java:43)
08-06 12:55:41.727  6998 22644 E baseline.com.newsblur.network.APIResponse: 	at baseline.com.newsblur.network.APIManager.post_single(APIManager.java:702)
08-06 12:55:41.727  6998 22644 E baseline.com.newsblur.network.APIResponse: 	at baseline.com.newsblur.network.APIManager.post(APIManager.java:675)
08-06 12:55:41.727  6998 22644 E baseline.com.newsblur.network.APIResponse: 	at baseline.com.newsblur.network.APIManager.post(APIManager.java:714)
08-06 12:55:41.727  6998 22644 E baseline.com.newsblur.network.APIResponse: 	at baseline.com.newsblur.network.APIManager.markStoryAsRead(APIManager.java:205)
08-06 12:55:41.727  6998 22644 E baseline.com.newsblur.network.APIResponse: 	at baseline.com.newsblur.util.ReadingAction.doRemote(ReadingAction.java:281)
08-06 12:55:41.727  6998 22644 E baseline.com.newsblur.network.APIResponse: 	at baseline.com.newsblur.service.NBSyncService.syncActions(NBSyncService.java:400)
08-06 12:55:41.727  6998 22644 E baseline.com.newsblur.network.APIResponse: 	at baseline.com.newsblur.service.NBSyncService.doSync(NBSyncService.java:298)
08-06 12:55:41.727  6998 22644 E baseline.com.newsblur.network.APIResponse: 	at baseline.com.newsblur.service.NBSyncService.access$100(NBSyncService.java:67)
08-06 12:55:41.727  6998 22644 E baseline.com.newsblur.network.APIResponse: 	at baseline.com.newsblur.service.NBSyncService$1.run(NBSyncService.java:188)
08-06 12:55:41.727  6998 22644 E baseline.com.newsblur.network.APIResponse: 	at java.util.concurrent.ThreadPoolExecutor.runWorker(ThreadPoolExecutor.java:1113)
08-06 12:55:41.727  6998 22644 E baseline.com.newsblur.network.APIResponse: 	at java.util.concurrent.ThreadPoolExecutor$Worker.run(ThreadPoolExecutor.java:588)
08-06 12:55:41.727  6998 22644 E baseline.com.newsblur.network.APIResponse: 	at java.lang.Thread.run(Thread.java:818)
08-06 12:55:41.727  6998 22644 E baseline.com.newsblur.network.APIResponse: Caused by: java.io.EOFException: \n not found: limit=0 content=
08-06 12:55:41.727  6998 22644 E baseline.com.newsblur.network.APIResponse: 	at okio.RealBufferedSource.readUtf8LineStrict(RealBufferedSource.java:240)
08-06 12:55:41.727  6998 22644 E baseline.com.newsblur.network.APIResponse: 	at okhttp3.internal.http1.Http1ExchangeCodec.readHeaderLine(Http1ExchangeCodec.java:242)
08-06 12:55:41.727  6998 22644 E baseline.com.newsblur.network.APIResponse: 	at okhttp3.internal.http1.Http1ExchangeCodec.readResponseHeaders(Http1ExchangeCodec.java:213)
08-06 12:55:41.727  6998 22644 E baseline.com.newsblur.network.APIResponse: 	... 30 more
08-06 12:55:41.728  6998 22644 I baseline.com.newsblur.network.APIManager: API call failed, pausing before retry number 1
08-06 12:55:41.772  6998 21780 I art     : Starting a blocking GC Explicit
08-06 12:55:41.830  6998 21780 I art     : Explicit concurrent mark sweep GC freed 3979(358KB) AllocSpace objects, 3(60KB) LOS objects, 28% free, 41MB/57MB, paused 1.606ms total 57.996ms
08-06 12:55:41.846  6998 21780 I art     : Starting a blocking GC Explicit
08-06 12:55:41.906  6998 21780 I art     : Explicit concurrent mark sweep GC freed 120(4KB) AllocSpace objects, 0(0B) LOS objects, 28% free, 41MB/57MB, paused 1.578ms total 59.831ms
08-06 12:55:41.921  6998 21780 I art     : Starting a blocking GC Explicit
08-06 12:55:41.979  6998 21780 I art     : Explicit concurrent mark sweep GC freed 3(96B) AllocSpace objects, 0(0B) LOS objects, 28% free, 41MB/57MB, paused 1.541ms total 58.575ms
08-06 12:55:41.997  6998 21780 I art     : Starting a blocking GC Explicit
08-06 12:55:42.054  6998 21780 I art     : Explicit concurrent mark sweep GC freed 3(96B) AllocSpace objects, 0(0B) LOS objects, 28% free, 41MB/57MB, paused 1.482ms total 57.076ms
08-06 12:55:42.068  6998 21780 I art     : Starting a blocking GC Explicit
08-06 12:55:42.125  6998 21780 I art     : Explicit concurrent mark sweep GC freed 3(96B) AllocSpace objects, 0(0B) LOS objects, 28% free, 41MB/57MB, paused 1.470ms total 56.171ms
08-06 12:55:42.532  6998 21988 I art     : Starting a blocking GC Explicit
08-06 12:55:42.592  6998 21988 I art     : Explicit concurrent mark sweep GC freed 1445(83KB) AllocSpace objects, 1(20KB) LOS objects, 28% free, 41MB/57MB, paused 1.588ms total 59.894ms
08-06 12:55:42.608  6998 21988 I art     : Starting a blocking GC Explicit
08-06 12:55:42.667  6998 21988 I art     : Explicit concurrent mark sweep GC freed 22(784B) AllocSpace objects, 0(0B) LOS objects, 28% free, 41MB/57MB, paused 1.394ms total 58.035ms
08-06 12:55:42.681  6998 21988 I art     : Starting a blocking GC Explicit
08-06 12:55:42.738  6998 21988 I art     : Explicit concurrent mark sweep GC freed 3(96B) AllocSpace objects, 0(0B) LOS objects, 28% free, 41MB/57MB, paused 1.614ms total 57.104ms
08-06 12:55:42.753  6998 21988 I art     : Starting a blocking GC Explicit
08-06 12:55:42.812  6998 21988 I art     : Explicit concurrent mark sweep GC freed 3(96B) AllocSpace objects, 0(0B) LOS objects, 28% free, 41MB/57MB, paused 1.618ms total 59.037ms
08-06 12:55:42.826  6998 21988 I art     : Starting a blocking GC Explicit
08-06 12:55:42.885  6998 21988 I art     : Explicit concurrent mark sweep GC freed 3(96B) AllocSpace objects, 0(0B) LOS objects, 28% free, 41MB/57MB, paused 1.554ms total 57.771ms
08-06 12:55:43.304  6998  7011 I art     : Starting a blocking GC Explicit
08-06 12:55:43.363  6998  7011 I art     : Explicit concurrent mark sweep GC freed 1608(91KB) AllocSpace objects, 1(20KB) LOS objects, 28% free, 41MB/57MB, paused 1.602ms total 58.723ms
08-06 12:55:43.378  6998  7011 I art     : Starting a blocking GC Explicit
08-06 12:55:43.438  6998  7011 I art     : Explicit concurrent mark sweep GC freed 28(1040B) AllocSpace objects, 0(0B) LOS objects, 28% free, 41MB/57MB, paused 1.687ms total 60.655ms
08-06 12:55:43.453  6998  7011 I art     : Starting a blocking GC Explicit
08-06 12:55:43.512  6998  7011 I art     : Explicit concurrent mark sweep GC freed 3(96B) AllocSpace objects, 0(0B) LOS objects, 28% free, 41MB/57MB, paused 1.647ms total 58.621ms
08-06 12:55:43.527  6998  7011 I art     : Starting a blocking GC Explicit
08-06 12:55:43.589  6998  7011 I art     : Explicit concurrent mark sweep GC freed 3(96B) AllocSpace objects, 0(0B) LOS objects, 28% free, 41MB/57MB, paused 1.801ms total 61.453ms
08-06 12:55:43.607  6998  7011 I art     : Starting a blocking GC Explicit
08-06 12:55:43.659  6998 22644 E baseline.com.newsblur.network.APIResponse: Error (unexpected end of stream on https://www.newsblur.com/...) calling https://www.newsblur.com/reader/mark_story_hashes_as_read/
08-06 12:55:43.659  6998 22644 E baseline.com.newsblur.network.APIResponse: java.io.IOException: unexpected end of stream on https://www.newsblur.com/...
08-06 12:55:43.659  6998 22644 E baseline.com.newsblur.network.APIResponse: 	at okhttp3.internal.http1.Http1ExchangeCodec.readResponseHeaders(Http1ExchangeCodec.java:236)
08-06 12:55:43.659  6998 22644 E baseline.com.newsblur.network.APIResponse: 	at okhttp3.internal.connection.Exchange.readResponseHeaders(Exchange.java:115)
08-06 12:55:43.659  6998 22644 E baseline.com.newsblur.network.APIResponse: 	at okhttp3.internal.http.CallServerInterceptor.intercept(CallServerInterceptor.java:94)
08-06 12:55:43.659  6998 22644 E baseline.com.newsblur.network.APIResponse: 	at okhttp3.internal.http.RealInterceptorChain.proceed(RealInterceptorChain.java:142)
08-06 12:55:43.659  6998 22644 E baseline.com.newsblur.network.APIResponse: 	at okhttp3.internal.connection.ConnectInterceptor.intercept(ConnectInterceptor.java:43)
08-06 12:55:43.659  6998 22644 E baseline.com.newsblur.network.APIResponse: 	at okhttp3.internal.http.RealInterceptorChain.proceed(RealInterceptorChain.java:142)
08-06 12:55:43.659  6998 22644 E baseline.com.newsblur.network.APIResponse: 	at okhttp3.internal.http.RealInterceptorChain.proceed(RealInterceptorChain.java:117)
08-06 12:55:43.659  6998 22644 E baseline.com.newsblur.network.APIResponse: 	at okhttp3.internal.cache.CacheInterceptor.intercept(CacheInterceptor.java:94)
08-06 12:55:43.659  6998 22644 E baseline.com.newsblur.network.APIResponse: 	at okhttp3.internal.http.RealInterceptorChain.proceed(RealInterceptorChain.java:142)
08-06 12:55:43.659  6998 22644 E baseline.com.newsblur.network.APIResponse: 	at okhttp3.internal.http.RealInterceptorChain.proceed(RealInterceptorChain.java:117)
08-06 12:55:43.659  6998 22644 E baseline.com.newsblur.network.APIResponse: 	at okhttp3.internal.http.BridgeInterceptor.intercept(BridgeInterceptor.java:93)
08-06 12:55:43.659  6998 22644 E baseline.com.newsblur.network.APIResponse: 	at okhttp3.internal.http.RealInterceptorChain.proceed(RealInterceptorChain.java:142)
08-06 12:55:43.659  6998 22644 E baseline.com.newsblur.network.APIResponse: 	at okhttp3.internal.http.RetryAndFollowUpInterceptor.intercept(RetryAndFollowUpInterceptor.java:88)
08-06 12:55:43.659  6998 22644 E baseline.com.newsblur.network.APIResponse: 	at okhttp3.internal.http.RealInterceptorChain.proceed(RealInterceptorChain.java:142)
08-06 12:55:43.659  6998 22644 E baseline.com.newsblur.network.APIResponse: 	at okhttp3.internal.http.RealInterceptorChain.proceed(RealInterceptorChain.java:117)
08-06 12:55:43.659  6998 22644 E baseline.com.newsblur.network.APIResponse: 	at okhttp3.RealCall.getResponseWithInterceptorChain(RealCall.java:229)
08-06 12:55:43.659  6998 22644 E baseline.com.newsblur.network.APIResponse: 	at okhttp3.RealCall.execute(RealCall.java:81)
08-06 12:55:43.659  6998 22644 E baseline.com.newsblur.network.APIResponse: 	at baseline.com.newsblur.network.APIResponse.<init>(APIResponse.java:57)
08-06 12:55:43.659  6998 22644 E baseline.com.newsblur.network.APIResponse: 	at baseline.com.newsblur.network.APIResponse.<init>(APIResponse.java:43)
08-06 12:55:43.659  6998 22644 E baseline.com.newsblur.network.APIResponse: 	at baseline.com.newsblur.network.APIManager.post_single(APIManager.java:702)
08-06 12:55:43.659  6998 22644 E baseline.com.newsblur.network.APIResponse: 	at baseline.com.newsblur.network.APIManager.post(APIManager.java:675)
08-06 12:55:43.659  6998 22644 E baseline.com.newsblur.network.APIResponse: 	at baseline.com.newsblur.network.APIManager.post(APIManager.java:714)
08-06 12:55:43.659  6998 22644 E baseline.com.newsblur.network.APIResponse: 	at baseline.com.newsblur.network.APIManager.markStoryAsRead(APIManager.java:205)
08-06 12:55:43.659  6998 22644 E baseline.com.newsblur.network.APIResponse: 	at baseline.com.newsblur.util.ReadingAction.doRemote(ReadingAction.java:281)
08-06 12:55:43.659  6998 22644 E baseline.com.newsblur.network.APIResponse: 	at baseline.com.newsblur.service.NBSyncService.syncActions(NBSyncService.java:400)
08-06 12:55:43.659  6998 22644 E baseline.com.newsblur.network.APIResponse: 	at baseline.com.newsblur.service.NBSyncService.doSync(NBSyncService.java:298)
08-06 12:55:43.659  6998 22644 E baseline.com.newsblur.network.APIResponse: 	at baseline.com.newsblur.service.NBSyncService.access$100(NBSyncService.java:67)
08-06 12:55:43.659  6998 22644 E baseline.com.newsblur.network.APIResponse: 	at baseline.com.newsblur.service.NBSyncService$1.run(NBSyncService.java:188)
08-06 12:55:43.659  6998 22644 E baseline.com.newsblur.network.APIResponse: 	at java.util.concurrent.ThreadPoolExecutor.runWorker(ThreadPoolExecutor.java:1113)
08-06 12:55:43.659  6998 22644 E baseline.com.newsblur.network.APIResponse: 	at java.util.concurrent.ThreadPoolExecutor$Worker.run(ThreadPoolExecutor.java:588)
08-06 12:55:43.659  6998 22644 E baseline.com.newsblur.network.APIResponse: 	at java.lang.Thread.run(Thread.java:818)
08-06 12:55:43.659  6998 22644 E baseline.com.newsblur.network.APIResponse: Caused by: java.io.EOFException: \n not found: limit=0 content=
08-06 12:55:43.659  6998 22644 E baseline.com.newsblur.network.APIResponse: 	at okio.RealBufferedSource.readUtf8LineStrict(RealBufferedSource.java:240)
08-06 12:55:43.659  6998 22644 E baseline.com.newsblur.network.APIResponse: 	at okhttp3.internal.http1.Http1ExchangeCodec.readHeaderLine(Http1ExchangeCodec.java:242)
08-06 12:55:43.659  6998 22644 E baseline.com.newsblur.network.APIResponse: 	at okhttp3.internal.http1.Http1ExchangeCodec.readResponseHeaders(Http1ExchangeCodec.java:213)
08-06 12:55:43.659  6998 22644 E baseline.com.newsblur.network.APIResponse: 	... 30 more
08-06 12:55:43.660  6998 22644 I baseline.com.newsblur.network.APIManager: API call failed, pausing before retry number 2
08-06 12:55:43.664  6998  7011 I art     : Explicit concurrent mark sweep GC freed 2084(190KB) AllocSpace objects, 0(0B) LOS objects, 27% free, 41MB/57MB, paused 1.530ms total 56.404ms
08-06 12:55:44.056  6998  7009 I art     : Starting a blocking GC Explicit
08-06 12:55:44.117   918  3188 I hubconnection: sensorhub said: 'set_bias 3: -6.2400, 0.0000, 0.0000'
08-06 12:55:44.117  6998  7009 I art     : Explicit concurrent mark sweep GC freed 3062(227KB) AllocSpace objects, 3(60KB) LOS objects, 28% free, 41MB/57MB, paused 1.475ms total 60.323ms
08-06 12:55:44.133  6998  7009 I art     : Starting a blocking GC Explicit
08-06 12:55:44.145 21246 21246 I ServiceManager: Waiting for service AtCmdFwd...
08-06 12:55:44.190  6998  7009 I art     : Explicit concurrent mark sweep GC freed 992(68KB) AllocSpace objects, 0(0B) LOS objects, 28% free, 41MB/57MB, paused 1.463ms total 56.480ms
08-06 12:55:44.204  6998  7009 I art     : Starting a blocking GC Explicit
08-06 12:55:44.258  6998  7009 I art     : Explicit concurrent mark sweep GC freed 268(13KB) AllocSpace objects, 0(0B) LOS objects, 28% free, 41MB/57MB, paused 1.646ms total 54.244ms
08-06 12:55:44.272  6998  7009 I art     : Starting a blocking GC Explicit
08-06 12:55:44.329  6998  7009 I art     : Explicit concurrent mark sweep GC freed 106(4KB) AllocSpace objects, 0(0B) LOS objects, 28% free, 41MB/57MB, paused 1.536ms total 56.166ms
08-06 12:55:44.342  6998  7009 I art     : Starting a blocking GC Explicit
08-06 12:55:44.401  6998  7009 I art     : Explicit concurrent mark sweep GC freed 3(96B) AllocSpace objects, 0(0B) LOS objects, 28% free, 41MB/57MB, paused 1.575ms total 57.976ms
08-06 12:55:44.797  6998 22841 I art     : Starting a blocking GC Explicit
08-06 12:55:44.856  6998 22841 I art     : Explicit concurrent mark sweep GC freed 1443(83KB) AllocSpace objects, 1(20KB) LOS objects, 28% free, 41MB/57MB, paused 1.555ms total 58.548ms
08-06 12:55:44.870  6998 22841 I art     : Starting a blocking GC Explicit
08-06 12:55:44.930  6998 22841 I art     : Explicit concurrent mark sweep GC freed 22(784B) AllocSpace objects, 0(0B) LOS objects, 28% free, 41MB/57MB, paused 1.577ms total 59.451ms
08-06 12:55:44.944  6998 22841 I art     : Starting a blocking GC Explicit
08-06 12:55:45.004  6998 22841 I art     : Explicit concurrent mark sweep GC freed 3(96B) AllocSpace objects, 0(0B) LOS objects, 28% free, 41MB/57MB, paused 1.602ms total 59.599ms
08-06 12:55:45.019  6998 22841 I art     : Starting a blocking GC Explicit
08-06 12:55:45.077  6998 22841 I art     : Explicit concurrent mark sweep GC freed 3(96B) AllocSpace objects, 0(0B) LOS objects, 28% free, 41MB/57MB, paused 1.491ms total 58.038ms
08-06 12:55:45.092  6998 22841 I art     : Starting a blocking GC Explicit
08-06 12:55:45.146 21246 21246 I ServiceManager: Waiting for service AtCmdFwd...
08-06 12:55:45.150  6998 22841 I art     : Explicit concurrent mark sweep GC freed 3235(126KB) AllocSpace objects, 0(0B) LOS objects, 28% free, 41MB/57MB, paused 1.768ms total 58.053ms
08-06 12:55:45.539  6998 21780 I art     : Starting a blocking GC Explicit
08-06 12:55:45.599  6998 21780 I art     : Explicit concurrent mark sweep GC freed 2311(147KB) AllocSpace objects, 1(20KB) LOS objects, 28% free, 41MB/57MB, paused 1.632ms total 58.929ms
08-06 12:55:45.613  6998 21780 I art     : Starting a blocking GC Explicit
08-06 12:55:45.671  6998 21780 I art     : Explicit concurrent mark sweep GC freed 1769(68KB) AllocSpace objects, 0(0B) LOS objects, 28% free, 41MB/57MB, paused 1.671ms total 57.859ms
08-06 12:55:45.686  6998 21780 I art     : Starting a blocking GC Explicit
08-06 12:55:45.745  6998 21780 I art     : Explicit concurrent mark sweep GC freed 283(13KB) AllocSpace objects, 0(0B) LOS objects, 28% free, 41MB/57MB, paused 1.446ms total 58.770ms
08-06 12:55:45.760  6998 21780 I art     : Starting a blocking GC Explicit
08-06 12:55:45.819  6998 21780 I art     : Explicit concurrent mark sweep GC freed 106(16KB) AllocSpace objects, 0(0B) LOS objects, 28% free, 41MB/57MB, paused 1.515ms total 58.795ms
08-06 12:55:45.833  6998 21780 I art     : Starting a blocking GC Explicit
08-06 12:55:45.893  6998 21780 I art     : Explicit concurrent mark sweep GC freed 25(832B) AllocSpace objects, 0(0B) LOS objects, 28% free, 41MB/57MB, paused 1.645ms total 59.739ms
08-06 12:55:46.147 21246 21246 I ServiceManager: Waiting for service AtCmdFwd...
08-06 12:55:46.295  6998 21988 I art     : Starting a blocking GC Explicit
08-06 12:55:46.355  6998 21988 I art     : Explicit concurrent mark sweep GC freed 1444(83KB) AllocSpace objects, 1(20KB) LOS objects, 28% free, 41MB/57MB, paused 1.574ms total 59.636ms
08-06 12:55:46.372  6998 21988 I art     : Starting a blocking GC Explicit
08-06 12:55:46.429  6998 21988 I art     : Explicit concurrent mark sweep GC freed 22(784B) AllocSpace objects, 0(0B) LOS objects, 28% free, 41MB/57MB, paused 1.450ms total 56.431ms
08-06 12:55:46.443  6998 21988 I art     : Starting a blocking GC Explicit
08-06 12:55:46.501  6998 21988 I art     : Explicit concurrent mark sweep GC freed 3(96B) AllocSpace objects, 0(0B) LOS objects, 28% free, 41MB/57MB, paused 1.505ms total 57.800ms
08-06 12:55:46.516  6998 21988 I art     : Starting a blocking GC Explicit
08-06 12:55:46.571  6998 21988 I art     : Explicit concurrent mark sweep GC freed 3(96B) AllocSpace objects, 0(0B) LOS objects, 28% free, 41MB/57MB, paused 1.453ms total 55.272ms
08-06 12:55:46.585  6998 21988 I art     : Starting a blocking GC Explicit
08-06 12:55:46.645  6998 21988 I art     : Explicit concurrent mark sweep GC freed 3(96B) AllocSpace objects, 0(0B) LOS objects, 28% free, 41MB/57MB, paused 1.429ms total 59.300ms
08-06 12:55:46.837   518   646 I ThermalEngine: ACTION: GPU - Setting GPU[0] to 510000000
08-06 12:55:47.006  6998  7011 I art     : Starting a blocking GC Explicit
08-06 12:55:47.053  6998  7011 I art     : Explicit concurrent mark sweep GC freed 1608(91KB) AllocSpace objects, 1(20KB) LOS objects, 28% free, 41MB/57MB, paused 1.089ms total 46.622ms
08-06 12:55:47.065  6998  7011 I art     : Starting a blocking GC Explicit
08-06 12:55:47.109  6998  7011 I art     : Explicit concurrent mark sweep GC freed 28(1040B) AllocSpace objects, 0(0B) LOS objects, 28% free, 41MB/57MB, paused 1.164ms total 44.058ms
08-06 12:55:47.120  6998  7011 I art     : Starting a blocking GC Explicit
08-06 12:55:47.148 21246 21246 I ServiceManager: Waiting for service AtCmdFwd...
08-06 12:55:47.163  6998  7011 I art     : Explicit concurrent mark sweep GC freed 3(96B) AllocSpace objects, 0(0B) LOS objects, 28% free, 41MB/57MB, paused 1.198ms total 42.792ms
08-06 12:55:47.174  6998  7011 I art     : Starting a blocking GC Explicit
08-06 12:55:47.215  6998  7011 I art     : Explicit concurrent mark sweep GC freed 1657(64KB) AllocSpace objects, 0(0B) LOS objects, 28% free, 41MB/57MB, paused 1.057ms total 40.365ms
08-06 12:55:47.226  6998  7011 I art     : Starting a blocking GC Explicit
08-06 12:55:47.234  6998 22644 E baseline.com.newsblur.network.APIResponse: Error (unexpected end of stream on https://www.newsblur.com/...) calling https://www.newsblur.com/reader/mark_story_hashes_as_read/
08-06 12:55:47.234  6998 22644 E baseline.com.newsblur.network.APIResponse: java.io.IOException: unexpected end of stream on https://www.newsblur.com/...
08-06 12:55:47.234  6998 22644 E baseline.com.newsblur.network.APIResponse: 	at okhttp3.internal.http1.Http1ExchangeCodec.readResponseHeaders(Http1ExchangeCodec.java:236)
08-06 12:55:47.234  6998 22644 E baseline.com.newsblur.network.APIResponse: 	at okhttp3.internal.connection.Exchange.readResponseHeaders(Exchange.java:115)
08-06 12:55:47.234  6998 22644 E baseline.com.newsblur.network.APIResponse: 	at okhttp3.internal.http.CallServerInterceptor.intercept(CallServerInterceptor.java:94)
08-06 12:55:47.234  6998 22644 E baseline.com.newsblur.network.APIResponse: 	at okhttp3.internal.http.RealInterceptorChain.proceed(RealInterceptorChain.java:142)
08-06 12:55:47.234  6998 22644 E baseline.com.newsblur.network.APIResponse: 	at okhttp3.internal.connection.ConnectInterceptor.intercept(ConnectInterceptor.java:43)
08-06 12:55:47.234  6998 22644 E baseline.com.newsblur.network.APIResponse: 	at okhttp3.internal.http.RealInterceptorChain.proceed(RealInterceptorChain.java:142)
08-06 12:55:47.234  6998 22644 E baseline.com.newsblur.network.APIResponse: 	at okhttp3.internal.http.RealInterceptorChain.proceed(RealInterceptorChain.java:117)
08-06 12:55:47.234  6998 22644 E baseline.com.newsblur.network.APIResponse: 	at okhttp3.internal.cache.CacheInterceptor.intercept(CacheInterceptor.java:94)
08-06 12:55:47.234  6998 22644 E baseline.com.newsblur.network.APIResponse: 	at okhttp3.internal.http.RealInterceptorChain.proceed(RealInterceptorChain.java:142)
08-06 12:55:47.234  6998 22644 E baseline.com.newsblur.network.APIResponse: 	at okhttp3.internal.http.RealInterceptorChain.proceed(RealInterceptorChain.java:117)
08-06 12:55:47.234  6998 22644 E baseline.com.newsblur.network.APIResponse: 	at okhttp3.internal.http.BridgeInterceptor.intercept(BridgeInterceptor.java:93)
08-06 12:55:47.234  6998 22644 E baseline.com.newsblur.network.APIResponse: 	at okhttp3.internal.http.RealInterceptorChain.proceed(RealInterceptorChain.java:142)
08-06 12:55:47.234  6998 22644 E baseline.com.newsblur.network.APIResponse: 	at okhttp3.internal.http.RetryAndFollowUpInterceptor.intercept(RetryAndFollowUpInterceptor.java:88)
08-06 12:55:47.234  6998 22644 E baseline.com.newsblur.network.APIResponse: 	at okhttp3.internal.http.RealInterceptorChain.proceed(RealInterceptorChain.java:142)
08-06 12:55:47.234  6998 22644 E baseline.com.newsblur.network.APIResponse: 	at okhttp3.internal.http.RealInterceptorChain.proceed(RealInterceptorChain.java:117)
08-06 12:55:47.234  6998 22644 E baseline.com.newsblur.network.APIResponse: 	at okhttp3.RealCall.getResponseWithInterceptorChain(RealCall.java:229)
08-06 12:55:47.234  6998 22644 E baseline.com.newsblur.network.APIResponse: 	at okhttp3.RealCall.execute(RealCall.java:81)
08-06 12:55:47.234  6998 22644 E baseline.com.newsblur.network.APIResponse: 	at baseline.com.newsblur.network.APIResponse.<init>(APIResponse.java:57)
08-06 12:55:47.234  6998 22644 E baseline.com.newsblur.network.APIResponse: 	at baseline.com.newsblur.network.APIResponse.<init>(APIResponse.java:43)
08-06 12:55:47.234  6998 22644 E baseline.com.newsblur.network.APIResponse: 	at baseline.com.newsblur.network.APIManager.post_single(APIManager.java:702)
08-06 12:55:47.234  6998 22644 E baseline.com.newsblur.network.APIResponse: 	at baseline.com.newsblur.network.APIManager.post(APIManager.java:675)
08-06 12:55:47.234  6998 22644 E baseline.com.newsblur.network.APIResponse: 	at baseline.com.newsblur.network.APIManager.post(APIManager.java:714)
08-06 12:55:47.234  6998 22644 E baseline.com.newsblur.network.APIResponse: 	at baseline.com.newsblur.network.APIManager.markStoryAsRead(APIManager.java:205)
08-06 12:55:47.234  6998 22644 E baseline.com.newsblur.network.APIResponse: 	at baseline.com.newsblur.util.ReadingAction.doRemote(ReadingAction.java:281)
08-06 12:55:47.234  6998 22644 E baseline.com.newsblur.network.APIResponse: 	at baseline.com.newsblur.service.NBSyncService.syncActions(NBSyncService.java:400)
08-06 12:55:47.234  6998 22644 E baseline.com.newsblur.network.APIResponse: 	at baseline.com.newsblur.service.NBSyncService.doSync(NBSyncService.java:298)
08-06 12:55:47.234  6998 22644 E baseline.com.newsblur.network.APIResponse: 	at baseline.com.newsblur.service.NBSyncService.access$100(NBSyncService.java:67)
08-06 12:55:47.234  6998 22644 E baseline.com.newsblur.network.APIResponse: 	at baseline.com.newsblur.service.NBSyncService$1.run(NBSyncService.java:188)
08-06 12:55:47.234  6998 22644 E baseline.com.newsblur.network.APIResponse: 	at java.util.concurrent.ThreadPoolExecutor.runWorker(ThreadPoolExecutor.java:1113)
08-06 12:55:47.234  6998 22644 E baseline.com.newsblur.network.APIResponse: 	at java.util.concurrent.ThreadPoolExecutor$Worker.run(ThreadPoolExecutor.java:588)
08-06 12:55:47.234  6998 22644 E baseline.com.newsblur.network.APIResponse: 	at java.lang.Thread.run(Thread.java:818)
08-06 12:55:47.234  6998 22644 E baseline.com.newsblur.network.APIResponse: Caused by: java.io.EOFException: \n not found: limit=0 content=
08-06 12:55:47.234  6998 22644 E baseline.com.newsblur.network.APIResponse: 	at okio.RealBufferedSource.readUtf8LineStrict(RealBufferedSource.java:240)
08-06 12:55:47.234  6998 22644 E baseline.com.newsblur.network.APIResponse: 	at okhttp3.internal.http1.Http1ExchangeCodec.readHeaderLine(Http1ExchangeCodec.java:242)
08-06 12:55:47.234  6998 22644 E baseline.com.newsblur.network.APIResponse: 	at okhttp3.internal.http1.Http1ExchangeCodec.readResponseHeaders(Http1ExchangeCodec.java:213)
08-06 12:55:47.234  6998 22644 E baseline.com.newsblur.network.APIResponse: 	... 30 more
08-06 12:55:47.235  6998 22644 I baseline.com.newsblur.service.NBSyncService: Holding reading action with server-side or network error.
08-06 12:55:47.246  6998 22644 W baseline.com.newsblur.service.NBSyncService: hard API failure
08-06 12:55:47.269  6998  7011 I art     : Explicit concurrent mark sweep GC freed 1212(245KB) AllocSpace objects, 4(80KB) LOS objects, 28% free, 41MB/57MB, paused 1.283ms total 42.796ms
08-06 12:55:47.628  6998 22644 E baseline.com.newsblur.network.APIResponse: Error (unexpected end of stream on https://www.newsblur.com/...) calling https://www.newsblur.com/reader/mark_story_hashes_as_read/
08-06 12:55:47.628  6998 22644 E baseline.com.newsblur.network.APIResponse: java.io.IOException: unexpected end of stream on https://www.newsblur.com/...
08-06 12:55:47.628  6998 22644 E baseline.com.newsblur.network.APIResponse: 	at okhttp3.internal.http1.Http1ExchangeCodec.readResponseHeaders(Http1ExchangeCodec.java:236)
08-06 12:55:47.628  6998 22644 E baseline.com.newsblur.network.APIResponse: 	at okhttp3.internal.connection.Exchange.readResponseHeaders(Exchange.java:115)
08-06 12:55:47.628  6998 22644 E baseline.com.newsblur.network.APIResponse: 	at okhttp3.internal.http.CallServerInterceptor.intercept(CallServerInterceptor.java:94)
08-06 12:55:47.628  6998 22644 E baseline.com.newsblur.network.APIResponse: 	at okhttp3.internal.http.RealInterceptorChain.proceed(RealInterceptorChain.java:142)
08-06 12:55:47.628  6998 22644 E baseline.com.newsblur.network.APIResponse: 	at okhttp3.internal.connection.ConnectInterceptor.intercept(ConnectInterceptor.java:43)
08-06 12:55:47.628  6998 22644 E baseline.com.newsblur.network.APIResponse: 	at okhttp3.internal.http.RealInterceptorChain.proceed(RealInterceptorChain.java:142)
08-06 12:55:47.628  6998 22644 E baseline.com.newsblur.network.APIResponse: 	at okhttp3.internal.http.RealInterceptorChain.proceed(RealInterceptorChain.java:117)
08-06 12:55:47.628  6998 22644 E baseline.com.newsblur.network.APIResponse: 	at okhttp3.internal.cache.CacheInterceptor.intercept(CacheInterceptor.java:94)
08-06 12:55:47.628  6998 22644 E baseline.com.newsblur.network.APIResponse: 	at okhttp3.internal.http.RealInterceptorChain.proceed(RealInterceptorChain.java:142)
08-06 12:55:47.628  6998 22644 E baseline.com.newsblur.network.APIResponse: 	at okhttp3.internal.http.RealInterceptorChain.proceed(RealInterceptorChain.java:117)
08-06 12:55:47.628  6998 22644 E baseline.com.newsblur.network.APIResponse: 	at okhttp3.internal.http.BridgeInterceptor.intercept(BridgeInterceptor.java:93)
08-06 12:55:47.628  6998 22644 E baseline.com.newsblur.network.APIResponse: 	at okhttp3.internal.http.RealInterceptorChain.proceed(RealInterceptorChain.java:142)
08-06 12:55:47.628  6998 22644 E baseline.com.newsblur.network.APIResponse: 	at okhttp3.internal.http.RetryAndFollowUpInterceptor.intercept(RetryAndFollowUpInterceptor.java:88)
08-06 12:55:47.628  6998 22644 E baseline.com.newsblur.network.APIResponse: 	at okhttp3.internal.http.RealInterceptorChain.proceed(RealInterceptorChain.java:142)
08-06 12:55:47.628  6998 22644 E baseline.com.newsblur.network.APIResponse: 	at okhttp3.internal.http.RealInterceptorChain.proceed(RealInterceptorChain.java:117)
08-06 12:55:47.628  6998 22644 E baseline.com.newsblur.network.APIResponse: 	at okhttp3.RealCall.getResponseWithInterceptorChain(RealCall.java:229)
08-06 12:55:47.628  6998 22644 E baseline.com.newsblur.network.APIResponse: 	at okhttp3.RealCall.execute(RealCall.java:81)
08-06 12:55:47.628  6998 22644 E baseline.com.newsblur.network.APIResponse: 	at baseline.com.newsblur.network.APIResponse.<init>(APIResponse.java:57)
08-06 12:55:47.628  6998 22644 E baseline.com.newsblur.network.APIResponse: 	at baseline.com.newsblur.network.APIResponse.<init>(APIResponse.java:43)
08-06 12:55:47.628  6998 22644 E baseline.com.newsblur.network.APIResponse: 	at baseline.com.newsblur.network.APIManager.post_single(APIManager.java:702)
08-06 12:55:47.628  6998 22644 E baseline.com.newsblur.network.APIResponse: 	at baseline.com.newsblur.network.APIManager.post(APIManager.java:675)
08-06 12:55:47.628  6998 22644 E baseline.com.newsblur.network.APIResponse: 	at baseline.com.newsblur.network.APIManager.post(APIManager.java:714)
08-06 12:55:47.628  6998 22644 E baseline.com.newsblur.network.APIResponse: 	at baseline.com.newsblur.network.APIManager.markStoryAsRead(APIManager.java:205)
08-06 12:55:47.628  6998 22644 E baseline.com.newsblur.network.APIResponse: 	at baseline.com.newsblur.util.ReadingAction.doRemote(ReadingAction.java:281)
08-06 12:55:47.628  6998 22644 E baseline.com.newsblur.network.APIResponse: 	at baseline.com.newsblur.service.NBSyncService.syncActions(NBSyncService.java:400)
08-06 12:55:47.628  6998 22644 E baseline.com.newsblur.network.APIResponse: 	at baseline.com.newsblur.service.NBSyncService.doSync(NBSyncService.java:298)
08-06 12:55:47.628  6998 22644 E baseline.com.newsblur.network.APIResponse: 	at baseline.com.newsblur.service.NBSyncService.access$100(NBSyncService.java:67)
08-06 12:55:47.628  6998 22644 E baseline.com.newsblur.network.APIResponse: 	at baseline.com.newsblur.service.NBSyncService$1.run(NBSyncService.java:188)
08-06 12:55:47.628  6998 22644 E baseline.com.newsblur.network.APIResponse: 	at java.util.concurrent.ThreadPoolExecutor.runWorker(ThreadPoolExecutor.java:1113)
08-06 12:55:47.628  6998 22644 E baseline.com.newsblur.network.APIResponse: 	at java.util.concurrent.ThreadPoolExecutor$Worker.run(ThreadPoolExecutor.java:588)
08-06 12:55:47.628  6998 22644 E baseline.com.newsblur.network.APIResponse: 	at java.lang.Thread.run(Thread.java:818)
08-06 12:55:47.628  6998 22644 E baseline.com.newsblur.network.APIResponse: Caused by: java.io.EOFException: \n not found: limit=0 content=
08-06 12:55:47.628  6998 22644 E baseline.com.newsblur.network.APIResponse: 	at okio.RealBufferedSource.readUtf8LineStrict(RealBufferedSource.java:240)
08-06 12:55:47.628  6998 22644 E baseline.com.newsblur.network.APIResponse: 	at okhttp3.internal.http1.Http1ExchangeCodec.readHeaderLine(Http1ExchangeCodec.java:242)
08-06 12:55:47.628  6998 22644 E baseline.com.newsblur.network.APIResponse: 	at okhttp3.internal.http1.Http1ExchangeCodec.readResponseHeaders(Http1ExchangeCodec.java:213)
08-06 12:55:47.628  6998 22644 E baseline.com.newsblur.network.APIResponse: 	... 30 more
08-06 12:55:47.630  6998 22644 I baseline.com.newsblur.network.APIManager: API call failed, pausing before retry number 1
08-06 12:55:47.644  6998  7009 I art     : Starting a blocking GC Explicit
08-06 12:55:47.690  6998  7009 I art     : Explicit concurrent mark sweep GC freed 4097(375KB) AllocSpace objects, 3(60KB) LOS objects, 28% free, 41MB/57MB, paused 1.133ms total 45.549ms
08-06 12:55:47.702  6998  7009 I art     : Starting a blocking GC Explicit
08-06 12:55:47.745  6998  7009 I art     : Explicit concurrent mark sweep GC freed 144(5KB) AllocSpace objects, 0(0B) LOS objects, 28% free, 41MB/57MB, paused 1.132ms total 43.323ms
08-06 12:55:47.756  6998  7009 I art     : Starting a blocking GC Explicit
08-06 12:55:47.801  6998  7009 I art     : Explicit concurrent mark sweep GC freed 3(96B) AllocSpace objects, 0(0B) LOS objects, 28% free, 41MB/57MB, paused 1.130ms total 44.295ms
08-06 12:55:47.812  6998  7009 I art     : Starting a blocking GC Explicit
08-06 12:55:47.857  6998  7009 I art     : Explicit concurrent mark sweep GC freed 3(96B) AllocSpace objects, 0(0B) LOS objects, 28% free, 41MB/57MB, paused 1.150ms total 44.763ms
08-06 12:55:47.869  6998  7009 I art     : Starting a blocking GC Explicit
08-06 12:55:47.913  6998  7009 I art     : Explicit concurrent mark sweep GC freed 3(96B) AllocSpace objects, 0(0B) LOS objects, 28% free, 41MB/57MB, paused 1.134ms total 43.880ms
08-06 12:55:48.148 21246 21246 I ServiceManager: Waiting for service AtCmdFwd...
08-06 12:55:48.283  6998 22841 I art     : Starting a blocking GC Explicit
08-06 12:55:48.330  6998 22841 I art     : Explicit concurrent mark sweep GC freed 1443(83KB) AllocSpace objects, 1(20KB) LOS objects, 28% free, 41MB/57MB, paused 1.171ms total 46.075ms
08-06 12:55:48.343  6998 22841 I art     : Starting a blocking GC Explicit
08-06 12:55:48.385  6998 22841 I art     : Explicit concurrent mark sweep GC freed 22(800B) AllocSpace objects, 0(0B) LOS objects, 28% free, 41MB/57MB, paused 1.076ms total 41.619ms
08-06 12:55:48.385  6998  7008 I art     : WaitForGcToComplete blocked for 21.946ms for cause HeapTrim
08-06 12:55:48.396  6998 22841 I art     : Starting a blocking GC Explicit
08-06 12:55:48.439  6998 22841 I art     : Explicit concurrent mark sweep GC freed 3(96B) AllocSpace objects, 0(0B) LOS objects, 28% free, 41MB/57MB, paused 1.143ms total 42.875ms
08-06 12:55:48.450  6998 22841 I art     : Starting a blocking GC Explicit
08-06 12:55:48.493  6998 22841 I art     : Explicit concurrent mark sweep GC freed 3(96B) AllocSpace objects, 0(0B) LOS objects, 28% free, 41MB/57MB, paused 1.114ms total 42.950ms
08-06 12:55:48.504  6998 22841 I art     : Starting a blocking GC Explicit
08-06 12:55:48.547  6998 22841 I art     : Explicit concurrent mark sweep GC freed 3(96B) AllocSpace objects, 0(0B) LOS objects, 28% free, 41MB/57MB, paused 1.157ms total 43.032ms
08-06 12:55:48.912  6998 21780 I art     : Starting a blocking GC Explicit
08-06 12:55:48.957  6998 21780 I art     : Explicit concurrent mark sweep GC freed 1443(83KB) AllocSpace objects, 1(20KB) LOS objects, 28% free, 41MB/57MB, paused 1.014ms total 43.760ms
08-06 12:55:48.971  6998 21780 I art     : Starting a blocking GC Explicit
08-06 12:55:49.014  6998 21780 I art     : Explicit concurrent mark sweep GC freed 22(784B) AllocSpace objects, 0(0B) LOS objects, 28% free, 41MB/57MB, paused 1.133ms total 42.437ms
08-06 12:55:49.025  6998 21780 I art     : Starting a blocking GC Explicit
08-06 12:55:49.067  6998 21780 I art     : Explicit concurrent mark sweep GC freed 3(96B) AllocSpace objects, 0(0B) LOS objects, 28% free, 41MB/57MB, paused 1.163ms total 42.486ms
08-06 12:55:49.078  6998 21780 I art     : Starting a blocking GC Explicit
08-06 12:55:49.122  6998 21780 I art     : Explicit concurrent mark sweep GC freed 3(96B) AllocSpace objects, 0(0B) LOS objects, 28% free, 41MB/57MB, paused 1.122ms total 43.388ms
08-06 12:55:49.133  6998 21780 I art     : Starting a blocking GC Explicit
08-06 12:55:49.149 21246 21246 W Atfwd_Sendcmd: AtCmdFwd service not published, waiting... retryCnt : 5
08-06 12:55:49.176  6998 21780 I art     : Explicit concurrent mark sweep GC freed 94(3KB) AllocSpace objects, 0(0B) LOS objects, 28% free, 41MB/57MB, paused 1.189ms total 43.287ms
08-06 12:55:49.507  6998 21988 I art     : Starting a blocking GC Explicit
08-06 12:55:49.550  6998 21988 I art     : Explicit concurrent mark sweep GC freed 1523(88KB) AllocSpace objects, 1(20KB) LOS objects, 28% free, 41MB/57MB, paused 1.166ms total 42.803ms
08-06 12:55:49.561  6998 21988 I art     : Starting a blocking GC Explicit
08-06 12:55:49.600  6998 21988 I art     : Explicit concurrent mark sweep GC freed 22(784B) AllocSpace objects, 0(0B) LOS objects, 28% free, 41MB/57MB, paused 1.087ms total 38.786ms
08-06 12:55:49.610  6998 21988 I art     : Starting a blocking GC Explicit
08-06 12:55:49.653  6998 21988 I art     : Explicit concurrent mark sweep GC freed 1601(62KB) AllocSpace objects, 0(0B) LOS objects, 28% free, 41MB/57MB, paused 1.238ms total 42.409ms
08-06 12:55:49.663  6998 21988 I art     : Starting a blocking GC Explicit
08-06 12:55:49.694  6998 22644 E baseline.com.newsblur.network.APIResponse: Error (unexpected end of stream on https://www.newsblur.com/...) calling https://www.newsblur.com/reader/mark_story_hashes_as_read/
08-06 12:55:49.694  6998 22644 E baseline.com.newsblur.network.APIResponse: java.io.IOException: unexpected end of stream on https://www.newsblur.com/...
08-06 12:55:49.694  6998 22644 E baseline.com.newsblur.network.APIResponse: 	at okhttp3.internal.http1.Http1ExchangeCodec.readResponseHeaders(Http1ExchangeCodec.java:236)
08-06 12:55:49.694  6998 22644 E baseline.com.newsblur.network.APIResponse: 	at okhttp3.internal.connection.Exchange.readResponseHeaders(Exchange.java:115)
08-06 12:55:49.694  6998 22644 E baseline.com.newsblur.network.APIResponse: 	at okhttp3.internal.http.CallServerInterceptor.intercept(CallServerInterceptor.java:94)
08-06 12:55:49.694  6998 22644 E baseline.com.newsblur.network.APIResponse: 	at okhttp3.internal.http.RealInterceptorChain.proceed(RealInterceptorChain.java:142)
08-06 12:55:49.694  6998 22644 E baseline.com.newsblur.network.APIResponse: 	at okhttp3.internal.connection.ConnectInterceptor.intercept(ConnectInterceptor.java:43)
08-06 12:55:49.694  6998 22644 E baseline.com.newsblur.network.APIResponse: 	at okhttp3.internal.http.RealInterceptorChain.proceed(RealInterceptorChain.java:142)
08-06 12:55:49.694  6998 22644 E baseline.com.newsblur.network.APIResponse: 	at okhttp3.internal.http.RealInterceptorChain.proceed(RealInterceptorChain.java:117)
08-06 12:55:49.694  6998 22644 E baseline.com.newsblur.network.APIResponse: 	at okhttp3.internal.cache.CacheInterceptor.intercept(CacheInterceptor.java:94)
08-06 12:55:49.694  6998 22644 E baseline.com.newsblur.network.APIResponse: 	at okhttp3.internal.http.RealInterceptorChain.proceed(RealInterceptorChain.java:142)
08-06 12:55:49.694  6998 22644 E baseline.com.newsblur.network.APIResponse: 	at okhttp3.internal.http.RealInterceptorChain.proceed(RealInterceptorChain.java:117)
08-06 12:55:49.694  6998 22644 E baseline.com.newsblur.network.APIResponse: 	at okhttp3.internal.http.BridgeInterceptor.intercept(BridgeInterceptor.java:93)
08-06 12:55:49.694  6998 22644 E baseline.com.newsblur.network.APIResponse: 	at okhttp3.internal.http.RealInterceptorChain.proceed(RealInterceptorChain.java:142)
08-06 12:55:49.694  6998 22644 E baseline.com.newsblur.network.APIResponse: 	at okhttp3.internal.http.RetryAndFollowUpInterceptor.intercept(RetryAndFollowUpInterceptor.java:88)
08-06 12:55:49.694  6998 22644 E baseline.com.newsblur.network.APIResponse: 	at okhttp3.internal.http.RealInterceptorChain.proceed(RealInterceptorChain.java:142)
08-06 12:55:49.694  6998 22644 E baseline.com.newsblur.network.APIResponse: 	at okhttp3.internal.http.RealInterceptorChain.proceed(RealInterceptorChain.java:117)
08-06 12:55:49.694  6998 22644 E baseline.com.newsblur.network.APIResponse: 	at okhttp3.RealCall.getResponseWithInterceptorChain(RealCall.java:229)
08-06 12:55:49.694  6998 22644 E baseline.com.newsblur.network.APIResponse: 	at okhttp3.RealCall.execute(RealCall.java:81)
08-06 12:55:49.694  6998 22644 E baseline.com.newsblur.network.APIResponse: 	at baseline.com.newsblur.network.APIResponse.<init>(APIResponse.java:57)
08-06 12:55:49.694  6998 22644 E baseline.com.newsblur.network.APIResponse: 	at baseline.com.newsblur.network.APIResponse.<init>(APIResponse.java:43)
08-06 12:55:49.694  6998 22644 E baseline.com.newsblur.network.APIResponse: 	at baseline.com.newsblur.network.APIManager.post_single(APIManager.java:702)
08-06 12:55:49.694  6998 22644 E baseline.com.newsblur.network.APIResponse: 	at baseline.com.newsblur.network.APIManager.post(APIManager.java:675)
08-06 12:55:49.694  6998 22644 E baseline.com.newsblur.network.APIResponse: 	at baseline.com.newsblur.network.APIManager.post(APIManager.java:714)
08-06 12:55:49.694  6998 22644 E baseline.com.newsblur.network.APIResponse: 	at baseline.com.newsblur.network.APIManager.markStoryAsRead(APIManager.java:205)
08-06 12:55:49.694  6998 22644 E baseline.com.newsblur.network.APIResponse: 	at baseline.com.newsblur.util.ReadingAction.doRemote(ReadingAction.java:281)
08-06 12:55:49.694  6998 22644 E baseline.com.newsblur.network.APIResponse: 	at baseline.com.newsblur.service.NBSyncService.syncActions(NBSyncService.java:400)
08-06 12:55:49.694  6998 22644 E baseline.com.newsblur.network.APIResponse: 	at baseline.com.newsblur.service.NBSyncService.doSync(NBSyncService.java:298)
08-06 12:55:49.694  6998 22644 E baseline.com.newsblur.network.APIResponse: 	at baseline.com.newsblur.service.NBSyncService.access$100(NBSyncService.java:67)
08-06 12:55:49.694  6998 22644 E baseline.com.newsblur.network.APIResponse: 	at baseline.com.newsblur.service.NBSyncService$1.run(NBSyncService.java:188)
08-06 12:55:49.694  6998 22644 E baseline.com.newsblur.network.APIResponse: 	at java.util.concurrent.ThreadPoolExecutor.runWorker(ThreadPoolExecutor.java:1113)
08-06 12:55:49.694  6998 22644 E baseline.com.newsblur.network.APIResponse: 	at java.util.concurrent.ThreadPoolExecutor$Worker.run(ThreadPoolExecutor.java:588)
08-06 12:55:49.694  6998 22644 E baseline.com.newsblur.network.APIResponse: 	at java.lang.Thread.run(Thread.java:818)
08-06 12:55:49.694  6998 22644 E baseline.com.newsblur.network.APIResponse: Caused by: java.io.EOFException: \n not found: limit=0 content=
08-06 12:55:49.694  6998 22644 E baseline.com.newsblur.network.APIResponse: 	at okio.RealBufferedSource.readUtf8LineStrict(RealBufferedSource.java:240)
08-06 12:55:49.694  6998 22644 E baseline.com.newsblur.network.APIResponse: 	at okhttp3.internal.http1.Http1ExchangeCodec.readHeaderLine(Http1ExchangeCodec.java:242)
08-06 12:55:49.694  6998 22644 E baseline.com.newsblur.network.APIResponse: 	at okhttp3.internal.http1.Http1ExchangeCodec.readResponseHeaders(Http1ExchangeCodec.java:213)
08-06 12:55:49.694  6998 22644 E baseline.com.newsblur.network.APIResponse: 	... 30 more
08-06 12:55:49.695  6998 22644 I baseline.com.newsblur.network.APIManager: API call failed, pausing before retry number 2
08-06 12:55:49.705  6998 21988 I art     : Explicit concurrent mark sweep GC freed 869(198KB) AllocSpace objects, 2(40KB) LOS objects, 28% free, 41MB/57MB, paused 1.096ms total 41.871ms
08-06 12:55:49.716  6998 21988 I art     : Starting a blocking GC Explicit
08-06 12:55:49.758  6998 21988 I art     : Explicit concurrent mark sweep GC freed 126(16KB) AllocSpace objects, 0(0B) LOS objects, 28% free, 41MB/57MB, paused 1.163ms total 41.703ms
08-06 12:55:49.780 23555 23555 D AndroidRuntime: >>>>>> START com.android.internal.os.RuntimeInit uid 2000 <<<<<<
08-06 12:55:49.785 23555 23555 D AndroidRuntime: CheckJNI is OFF
08-06 12:55:49.818 23555 23555 D ICU     : No timezone override file found: /data/misc/zoneinfo/current/icu/icu_tzdata.dat
08-06 12:55:49.851 23555 23555 I Radio-JNI: register_android_hardware_Radio DONE
08-06 12:55:49.873 23555 23555 D AndroidRuntime: Calling main entry com.android.commands.input.Input
08-06 12:55:49.875 23555 23555 I Input   : injectKeyEvent: KeyEvent { action=ACTION_DOWN, keyCode=KEYCODE_BACK, scanCode=0, metaState=0, flags=0x0, repeatCount=0, eventTime=881766288, downTime=881766288, deviceId=-1, source=0x101 }
08-06 12:55:49.881 23555 23555 I Input   : injectKeyEvent: KeyEvent { action=ACTION_UP, keyCode=KEYCODE_BACK, scanCode=0, metaState=0, flags=0x0, repeatCount=0, eventTime=881766288, downTime=881766288, deviceId=-1, source=0x101 }
08-06 12:55:49.888 23555 23555 D AndroidRuntime: Shutting down VM
08-06 12:55:49.898  6998  6998 D baseline.com.newsblur.service.NBSyncService: rejecting request for feedset that is exhaused
08-06 12:55:50.035  6998  6998 D baseline.com.newsblur.service.NBSyncService: rejecting request for feedset that is exhaused
08-06 12:55:50.037 13866 13866 I GoogleInputMethodServic: GoogleInputMethodService.onFinishInput():3138 
08-06 12:55:50.038 13866 13866 I GoogleInputMethodServic: GoogleInputMethodService.onStartInput():1808 
08-06 12:55:50.054  6998  7011 I art     : Starting a blocking GC Explicit
08-06 12:55:50.100  6998  7011 I art     : Explicit concurrent mark sweep GC freed 2891(227KB) AllocSpace objects, 5(100KB) LOS objects, 28% free, 41MB/57MB, paused 1.715ms total 45.562ms
08-06 12:55:50.111  6998  7011 I art     : Starting a blocking GC Explicit
08-06 12:55:50.149  6998  7011 I art     : Explicit concurrent mark sweep GC freed 541(41KB) AllocSpace objects, 0(0B) LOS objects, 28% free, 41MB/57MB, paused 1.312ms total 37.175ms
08-06 12:55:50.159  6998  7011 I art     : Starting a blocking GC Explicit
08-06 12:55:50.198  6998  7011 I art     : Explicit concurrent mark sweep GC freed 3(96B) AllocSpace objects, 1(28KB) LOS objects, 28% free, 40MB/56MB, paused 1.088ms total 38.204ms
08-06 12:55:50.211  6998  7011 I art     : Starting a blocking GC Explicit
08-06 12:55:50.253  6998  7011 I art     : Explicit concurrent mark sweep GC freed 3(96B) AllocSpace objects, 0(0B) LOS objects, 28% free, 40MB/56MB, paused 1.188ms total 41.349ms
08-06 12:55:50.263  6998  7011 I art     : Starting a blocking GC Explicit
08-06 12:55:50.305  6998  7011 I art     : Explicit concurrent mark sweep GC freed 3(96B) AllocSpace objects, 0(0B) LOS objects, 28% free, 40MB/56MB, paused 951us total 41.880ms
08-06 12:55:50.650  6998 21780 I art     : Starting a blocking GC Explicit
08-06 12:55:50.694  6998 21780 I art     : Explicit concurrent mark sweep GC freed 2707(143KB) AllocSpace objects, 1(20KB) LOS objects, 28% free, 40MB/56MB, paused 1.119ms total 43.637ms
08-06 12:55:50.705  6998 21780 I art     : Starting a blocking GC Explicit
08-06 12:55:50.750  6998 21780 I art     : Explicit concurrent mark sweep GC freed 157(7KB) AllocSpace objects, 0(0B) LOS objects, 28% free, 40MB/56MB, paused 1.190ms total 44.045ms
08-06 12:55:50.762  6998 21780 I art     : Starting a blocking GC Explicit
08-06 12:55:50.808  6998 21780 I art     : Explicit concurrent mark sweep GC freed 9(288B) AllocSpace objects, 0(0B) LOS objects, 28% free, 40MB/56MB, paused 1.285ms total 46.253ms
08-06 12:55:50.820  6998 21780 I art     : Starting a blocking GC Explicit
08-06 12:55:50.849   518   646 I ThermalEngine: ACTION: GPU - Setting GPU[0] to 450000000
08-06 12:55:50.874  6998 21780 I art     : Explicit concurrent mark sweep GC freed 11(352B) AllocSpace objects, 0(0B) LOS objects, 28% free, 40MB/56MB, paused 1.629ms total 53.770ms
08-06 12:55:50.888  6998 21780 I art     : Starting a blocking GC Explicit
08-06 12:55:50.946  6998 21780 I art     : Explicit concurrent mark sweep GC freed 11(352B) AllocSpace objects, 0(0B) LOS objects, 28% free, 40MB/56MB, paused 1.468ms total 57.712ms
08-06 12:55:51.323  6998  7009 I art     : Starting a blocking GC Explicit
08-06 12:55:51.380  6998  7009 I art     : Explicit concurrent mark sweep GC freed 1497(84KB) AllocSpace objects, 1(20KB) LOS objects, 28% free, 40MB/56MB, paused 1.518ms total 55.846ms
08-06 12:55:51.395  6998  7009 I art     : Starting a blocking GC Explicit
08-06 12:55:51.451  6998  7009 I art     : Explicit concurrent mark sweep GC freed 32(1104B) AllocSpace objects, 0(0B) LOS objects, 28% free, 40MB/56MB, paused 1.462ms total 55.369ms
08-06 12:55:51.466  6998  7009 I art     : Starting a blocking GC Explicit
08-06 12:55:51.522  6998  7009 I art     : Explicit concurrent mark sweep GC freed 6(192B) AllocSpace objects, 0(0B) LOS objects, 28% free, 40MB/56MB, paused 1.390ms total 56.029ms
08-06 12:55:51.536  6998  7009 I art     : Starting a blocking GC Explicit
08-06 12:55:51.592  6998  7009 I art     : Explicit concurrent mark sweep GC freed 3(96B) AllocSpace objects, 0(0B) LOS objects, 28% free, 40MB/56MB, paused 1.516ms total 55.727ms
08-06 12:55:51.606  6998  7009 I art     : Starting a blocking GC Explicit
08-06 12:55:51.663  6998  7009 I art     : Explicit concurrent mark sweep GC freed 3(96B) AllocSpace objects, 0(0B) LOS objects, 28% free, 40MB/56MB, paused 1.546ms total 55.966ms
08-06 12:55:51.667 23601 23601 D AndroidRuntime: >>>>>> START com.android.internal.os.RuntimeInit uid 2000 <<<<<<
08-06 12:55:51.673 23601 23601 D AndroidRuntime: CheckJNI is OFF
08-06 12:55:51.718 23601 23601 D ICU     : No timezone override file found: /data/misc/zoneinfo/current/icu/icu_tzdata.dat
08-06 12:55:51.764 23601 23601 I Radio-JNI: register_android_hardware_Radio DONE
08-06 12:55:51.793 23601 23601 D AndroidRuntime: Calling main entry com.android.commands.input.Input
08-06 12:55:51.795 23601 23601 I Input   : injectMotionEvent: MotionEvent { action=ACTION_DOWN, actionButton=0, id[0]=0, x[0]=435.0, y[0]=858.0, toolType[0]=TOOL_TYPE_UNKNOWN, buttonState=0, metaState=0, flags=0x0, edgeFlags=0x0, pointerCount=1, historySize=0, eventTime=881768208, downTime=881768208, deviceId=0, source=0x1002 }
08-06 12:55:51.802 23601 23601 I Input   : injectMotionEvent: MotionEvent { action=ACTION_UP, actionButton=0, id[0]=0, x[0]=435.0, y[0]=858.0, toolType[0]=TOOL_TYPE_UNKNOWN, buttonState=0, metaState=0, flags=0x0, edgeFlags=0x0, pointerCount=1, historySize=0, eventTime=881768208, downTime=881768208, deviceId=0, source=0x1002 }
08-06 12:55:51.804 23601 23601 D AndroidRuntime: Shutting down VM
08-06 12:55:51.822   512  2967 D audio_hw_primary: out_set_parameters: enter: usecase(1: low-latency-playback) kvpairs: routing=2
08-06 12:55:51.825   918   929 I ActivityManager: START u0 {cmp=baseline.com.newsblur/.activity.AllSharedStoriesReading (has extras)} from uid 10698 on display 0
08-06 12:55:51.835   512  2967 D audio_hw_primary: select_devices: out_snd_device(2: speaker) in_snd_device(0: none)
08-06 12:55:51.835   512  2967 D msm8974_platform: platform_send_audio_calibration: sending audio calibration for snd_device(2) acdb_id(15)
08-06 12:55:51.835   512  2967 I soundtrigger: audio_extn_sound_trigger_update_device_status: device 0x2 of type 0 for Event 1
08-06 12:55:51.846   512  2967 D audio_hw_primary: enable_snd_device: snd_device(2: speaker)
08-06 12:55:51.849   512  2967 D audio_hw_primary: enable_audio_route: apply and update mixer path: low-latency-playback speaker
08-06 12:55:52.029  6998  7009 I art     : Starting a blocking GC Explicit
08-06 12:55:52.081  6998  7009 I art     : Explicit concurrent mark sweep GC freed 3313(282KB) AllocSpace objects, 7(568KB) LOS objects, 27% free, 41MB/57MB, paused 1.880ms total 51.847ms
08-06 12:55:52.096  6998  7009 I art     : Starting a blocking GC Explicit
08-06 12:55:52.099   918   936 I ActivityManager: Displayed baseline.com.newsblur/.activity.AllSharedStoriesReading: +264ms
08-06 12:55:52.102 13866 13866 I GoogleInputMethodServic: GoogleInputMethodService.onFinishInput():3138 
08-06 12:55:52.103 13866 13866 I GoogleInputMethodServic: GoogleInputMethodService.onStartInput():1808 
08-06 12:55:52.149  6998  7009 I art     : Explicit concurrent mark sweep GC freed 1327(80KB) AllocSpace objects, 1(20KB) LOS objects, 27% free, 41MB/57MB, paused 2.015ms total 52.730ms
08-06 12:55:52.161  6998  7009 I art     : Starting a blocking GC Explicit
08-06 12:55:52.215  6998  7009 I art     : Explicit concurrent mark sweep GC freed 1751(119KB) AllocSpace objects, 3(68KB) LOS objects, 27% free, 41MB/57MB, paused 2.198ms total 53.123ms
08-06 12:55:52.230  6998  7009 I art     : Starting a blocking GC Explicit
08-06 12:55:52.284  6998  7009 I art     : Explicit concurrent mark sweep GC freed 1123(89KB) AllocSpace objects, 9(216KB) LOS objects, 27% free, 41MB/57MB, paused 1.494ms total 53.737ms
08-06 12:55:52.298  6998  7009 I art     : Starting a blocking GC Explicit
08-06 12:55:52.349  6998  7009 I art     : Explicit concurrent mark sweep GC freed 590(55KB) AllocSpace objects, 0(0B) LOS objects, 27% free, 41MB/57MB, paused 1.529ms total 50.437ms
08-06 12:55:52.388   512  2967 D audio_hw_primary: disable_audio_route: reset and update mixer path: low-latency-playback speaker
08-06 12:55:52.389   512  2967 D audio_hw_primary: disable_snd_device: snd_device(2: speaker)
08-06 12:55:52.397   512  2967 I soundtrigger: audio_extn_sound_trigger_update_device_status: device 0x2 of type 0 for Event 0
08-06 12:55:52.405  6998 22331 E chromium: [ERROR:tile_manager.cc(793)] WARNING: tile memory limits exceeded, some content may not draw
08-06 12:55:52.405  6998 22331 E chromium: [ERROR:tile_manager.cc(793)] WARNING: tile memory limits exceeded, some content may not draw
08-06 12:55:52.729  6998  7011 I art     : Starting a blocking GC Explicit
08-06 12:55:52.789  6998  7011 I art     : Explicit concurrent mark sweep GC freed 1831(143KB) AllocSpace objects, 3(68KB) LOS objects, 27% free, 41MB/57MB, paused 1.721ms total 59.727ms
08-06 12:55:52.804  6998  7011 I art     : Starting a blocking GC Explicit
08-06 12:55:52.861  6998  7011 I art     : Explicit concurrent mark sweep GC freed 147(8KB) AllocSpace objects, 0(0B) LOS objects, 27% free, 41MB/57MB, paused 1.593ms total 56.761ms
08-06 12:55:52.875  6998  7011 I art     : Starting a blocking GC Explicit
08-06 12:55:52.935  6998  7011 I art     : Explicit concurrent mark sweep GC freed 9(400B) AllocSpace objects, 0(0B) LOS objects, 27% free, 41MB/57MB, paused 1.635ms total 58.999ms
08-06 12:55:52.949  6998  7011 I art     : Starting a blocking GC Explicit
08-06 12:55:53.009  6998  7011 I art     : Explicit concurrent mark sweep GC freed 3(96B) AllocSpace objects, 0(0B) LOS objects, 27% free, 41MB/57MB, paused 1.676ms total 59.342ms
08-06 12:55:53.024  6998  7011 I art     : Starting a blocking GC Explicit
08-06 12:55:53.081  6998  7011 I art     : Explicit concurrent mark sweep GC freed 3(96B) AllocSpace objects, 0(0B) LOS objects, 27% free, 41MB/57MB, paused 1.606ms total 57.583ms
08-06 12:55:53.269  6998 22644 E baseline.com.newsblur.network.APIResponse: Error (unexpected end of stream on https://www.newsblur.com/...) calling https://www.newsblur.com/reader/mark_story_hashes_as_read/
08-06 12:55:53.269  6998 22644 E baseline.com.newsblur.network.APIResponse: java.io.IOException: unexpected end of stream on https://www.newsblur.com/...
08-06 12:55:53.269  6998 22644 E baseline.com.newsblur.network.APIResponse: 	at okhttp3.internal.http1.Http1ExchangeCodec.readResponseHeaders(Http1ExchangeCodec.java:236)
08-06 12:55:53.269  6998 22644 E baseline.com.newsblur.network.APIResponse: 	at okhttp3.internal.connection.Exchange.readResponseHeaders(Exchange.java:115)
08-06 12:55:53.269  6998 22644 E baseline.com.newsblur.network.APIResponse: 	at okhttp3.internal.http.CallServerInterceptor.intercept(CallServerInterceptor.java:94)
08-06 12:55:53.269  6998 22644 E baseline.com.newsblur.network.APIResponse: 	at okhttp3.internal.http.RealInterceptorChain.proceed(RealInterceptorChain.java:142)
08-06 12:55:53.269  6998 22644 E baseline.com.newsblur.network.APIResponse: 	at okhttp3.internal.connection.ConnectInterceptor.intercept(ConnectInterceptor.java:43)
08-06 12:55:53.269  6998 22644 E baseline.com.newsblur.network.APIResponse: 	at okhttp3.internal.http.RealInterceptorChain.proceed(RealInterceptorChain.java:142)
08-06 12:55:53.269  6998 22644 E baseline.com.newsblur.network.APIResponse: 	at okhttp3.internal.http.RealInterceptorChain.proceed(RealInterceptorChain.java:117)
08-06 12:55:53.269  6998 22644 E baseline.com.newsblur.network.APIResponse: 	at okhttp3.internal.cache.CacheInterceptor.intercept(CacheInterceptor.java:94)
08-06 12:55:53.269  6998 22644 E baseline.com.newsblur.network.APIResponse: 	at okhttp3.internal.http.RealInterceptorChain.proceed(RealInterceptorChain.java:142)
08-06 12:55:53.269  6998 22644 E baseline.com.newsblur.network.APIResponse: 	at okhttp3.internal.http.RealInterceptorChain.proceed(RealInterceptorChain.java:117)
08-06 12:55:53.269  6998 22644 E baseline.com.newsblur.network.APIResponse: 	at okhttp3.internal.http.BridgeInterceptor.intercept(BridgeInterceptor.java:93)
08-06 12:55:53.269  6998 22644 E baseline.com.newsblur.network.APIResponse: 	at okhttp3.internal.http.RealInterceptorChain.proceed(RealInterceptorChain.java:142)
08-06 12:55:53.269  6998 22644 E baseline.com.newsblur.network.APIResponse: 	at okhttp3.internal.http.RetryAndFollowUpInterceptor.intercept(RetryAndFollowUpInterceptor.java:88)
08-06 12:55:53.269  6998 22644 E baseline.com.newsblur.network.APIResponse: 	at okhttp3.internal.http.RealInterceptorChain.proceed(RealInterceptorChain.java:142)
08-06 12:55:53.269  6998 22644 E baseline.com.newsblur.network.APIResponse: 	at okhttp3.internal.http.RealInterceptorChain.proceed(RealInterceptorChain.java:117)
08-06 12:55:53.269  6998 22644 E baseline.com.newsblur.network.APIResponse: 	at okhttp3.RealCall.getResponseWithInterceptorChain(RealCall.java:229)
08-06 12:55:53.269  6998 22644 E baseline.com.newsblur.network.APIResponse: 	at okhttp3.RealCall.execute(RealCall.java:81)
08-06 12:55:53.269  6998 22644 E baseline.com.newsblur.network.APIResponse: 	at baseline.com.newsblur.network.APIResponse.<init>(APIResponse.java:57)
08-06 12:55:53.269  6998 22644 E baseline.com.newsblur.network.APIResponse: 	at baseline.com.newsblur.network.APIResponse.<init>(APIResponse.java:43)
08-06 12:55:53.269  6998 22644 E baseline.com.newsblur.network.APIResponse: 	at baseline.com.newsblur.network.APIManager.post_single(APIManager.java:702)
08-06 12:55:53.269  6998 22644 E baseline.com.newsblur.network.APIResponse: 	at baseline.com.newsblur.network.APIManager.post(APIManager.java:675)
08-06 12:55:53.269  6998 22644 E baseline.com.newsblur.network.APIResponse: 	at baseline.com.newsblur.network.APIManager.post(APIManager.java:714)
08-06 12:55:53.269  6998 22644 E baseline.com.newsblur.network.APIResponse: 	at baseline.com.newsblur.network.APIManager.markStoryAsRead(APIManager.java:205)
08-06 12:55:53.269  6998 22644 E baseline.com.newsblur.network.APIResponse: 	at baseline.com.newsblur.util.ReadingAction.doRemote(ReadingAction.java:281)
08-06 12:55:53.269  6998 22644 E baseline.com.newsblur.network.APIResponse: 	at baseline.com.newsblur.service.NBSyncService.syncActions(NBSyncService.java:400)
08-06 12:55:53.269  6998 22644 E baseline.com.newsblur.network.APIResponse: 	at baseline.com.newsblur.service.NBSyncService.doSync(NBSyncService.java:298)
08-06 12:55:53.269  6998 22644 E baseline.com.newsblur.network.APIResponse: 	at baseline.com.newsblur.service.NBSyncService.access$100(NBSyncService.java:67)
08-06 12:55:53.269  6998 22644 E baseline.com.newsblur.network.APIResponse: 	at baseline.com.newsblur.service.NBSyncService$1.run(NBSyncService.java:188)
08-06 12:55:53.269  6998 22644 E baseline.com.newsblur.network.APIResponse: 	at java.util.concurrent.ThreadPoolExecutor.runWorker(ThreadPoolExecutor.java:1113)
08-06 12:55:53.269  6998 22644 E baseline.com.newsblur.network.APIResponse: 	at java.util.concurrent.ThreadPoolExecutor$Worker.run(ThreadPoolExecutor.java:588)
08-06 12:55:53.269  6998 22644 E baseline.com.newsblur.network.APIResponse: 	at java.lang.Thread.run(Thread.java:818)
08-06 12:55:53.269  6998 22644 E baseline.com.newsblur.network.APIResponse: Caused by: java.io.EOFException: \n not found: limit=0 content=
08-06 12:55:53.269  6998 22644 E baseline.com.newsblur.network.APIResponse: 	at okio.RealBufferedSource.readUtf8LineStrict(RealBufferedSource.java:240)
08-06 12:55:53.269  6998 22644 E baseline.com.newsblur.network.APIResponse: 	at okhttp3.internal.http1.Http1ExchangeCodec.readHeaderLine(Http1ExchangeCodec.java:242)
08-06 12:55:53.269  6998 22644 E baseline.com.newsblur.network.APIResponse: 	at okhttp3.internal.http1.Http1ExchangeCodec.readResponseHeaders(Http1ExchangeCodec.java:213)
08-06 12:55:53.269  6998 22644 E baseline.com.newsblur.network.APIResponse: 	... 30 more
08-06 12:55:53.270  6998 22644 I baseline.com.newsblur.service.NBSyncService: Holding reading action with server-side or network error.
08-06 12:55:53.278  6998 22644 W baseline.com.newsblur.service.NBSyncService: hard API failure
08-06 12:55:53.421  6998 22331 E chromium: [ERROR:tile_manager.cc(793)] WARNING: tile memory limits exceeded, some content may not draw
08-06 12:55:53.421  6998 22331 E chromium: [ERROR:tile_manager.cc(793)] WARNING: tile memory limits exceeded, some content may not draw
08-06 12:55:53.435  6998 22331 E chromium: [ERROR:tile_manager.cc(793)] WARNING: tile memory limits exceeded, some content may not draw
08-06 12:55:53.436  6998 22331 E chromium: [ERROR:tile_manager.cc(793)] WARNING: tile memory limits exceeded, some content may not draw
08-06 12:55:53.452  6998 22331 E chromium: [ERROR:tile_manager.cc(793)] WARNING: tile memory limits exceeded, some content may not draw
08-06 12:55:53.452  6998 22331 E chromium: [ERROR:tile_manager.cc(793)] WARNING: tile memory limits exceeded, some content may not draw
08-06 12:55:53.459  6998 21780 I art     : Starting a blocking GC Explicit
08-06 12:55:53.528  6998 21780 I art     : Explicit concurrent mark sweep GC freed 5026(576KB) AllocSpace objects, 17(340KB) LOS objects, 27% free, 41MB/57MB, paused 1.299ms total 68.970ms
08-06 12:55:53.543  6998 21780 I art     : Starting a blocking GC Explicit
08-06 12:55:53.596  6998 21780 I art     : Explicit concurrent mark sweep GC freed 782(28KB) AllocSpace objects, 0(0B) LOS objects, 27% free, 41MB/57MB, paused 1.426ms total 52.201ms
08-06 12:55:53.611  6998 21780 I art     : Starting a blocking GC Explicit
08-06 12:55:53.667  6998 21780 I art     : Explicit concurrent mark sweep GC freed 27(864B) AllocSpace objects, 0(0B) LOS objects, 27% free, 41MB/57MB, paused 1.417ms total 55.656ms
08-06 12:55:53.681  6998 21780 I art     : Starting a blocking GC Explicit
08-06 12:55:53.736  6998 21780 I art     : Explicit concurrent mark sweep GC freed 4(128B) AllocSpace objects, 0(0B) LOS objects, 27% free, 41MB/57MB, paused 1.407ms total 54.915ms
08-06 12:55:53.751  6998 21780 I art     : Starting a blocking GC Explicit
08-06 12:55:53.812  6998 21780 I art     : Explicit concurrent mark sweep GC freed 3(96B) AllocSpace objects, 0(0B) LOS objects, 27% free, 41MB/57MB, paused 1.506ms total 60.908ms
08-06 12:55:54.219  6998  7009 I art     : Starting a blocking GC Explicit
08-06 12:55:54.279  6998  7009 I art     : Explicit concurrent mark sweep GC freed 1446(83KB) AllocSpace objects, 1(20KB) LOS objects, 27% free, 41MB/57MB, paused 1.489ms total 60.233ms
08-06 12:55:54.294  6998  7009 I art     : Starting a blocking GC Explicit
08-06 12:55:54.358  6998  7009 I art     : Explicit concurrent mark sweep GC freed 20(704B) AllocSpace objects, 0(0B) LOS objects, 27% free, 41MB/57MB, paused 1.590ms total 63.367ms
08-06 12:55:54.373  6998  7009 I art     : Starting a blocking GC Explicit
08-06 12:55:54.435  6998  7009 I art     : Explicit concurrent mark sweep GC freed 3(96B) AllocSpace objects, 0(0B) LOS objects, 27% free, 41MB/57MB, paused 1.318ms total 62.226ms
08-06 12:55:54.450  6998  7009 I art     : Starting a blocking GC Explicit
08-06 12:55:54.513  6998  7009 I art     : Explicit concurrent mark sweep GC freed 3(96B) AllocSpace objects, 0(0B) LOS objects, 27% free, 41MB/57MB, paused 1.412ms total 62.706ms
08-06 12:55:54.532  6998  7009 I art     : Starting a blocking GC Explicit
08-06 12:55:54.594  6998  7009 I art     : Explicit concurrent mark sweep GC freed 3(96B) AllocSpace objects, 0(0B) LOS objects, 27% free, 41MB/57MB, paused 1.427ms total 61.877ms
08-06 12:55:55.007  6998  7011 I art     : Starting a blocking GC Explicit
08-06 12:55:55.072  6998  7011 I art     : Explicit concurrent mark sweep GC freed 1406(81KB) AllocSpace objects, 1(20KB) LOS objects, 27% free, 41MB/57MB, paused 1.492ms total 65.009ms
08-06 12:55:55.087  6998  7011 I art     : Starting a blocking GC Explicit
08-06 12:55:55.145  6998  7011 I art     : Explicit concurrent mark sweep GC freed 21(768B) AllocSpace objects, 0(0B) LOS objects, 27% free, 41MB/57MB, paused 1.509ms total 58.551ms
08-06 12:55:55.160  6998  7011 I art     : Starting a blocking GC Explicit
08-06 12:55:55.222  6998  7011 I art     : Explicit concurrent mark sweep GC freed 3(96B) AllocSpace objects, 0(0B) LOS objects, 27% free, 41MB/57MB, paused 1.526ms total 62.198ms
08-06 12:55:55.237  6998  7011 I art     : Starting a blocking GC Explicit
08-06 12:55:55.299  6998  7011 I art     : Explicit concurrent mark sweep GC freed 3(96B) AllocSpace objects, 0(0B) LOS objects, 27% free, 41MB/57MB, paused 1.679ms total 61.433ms
08-06 12:55:55.314  6998  7011 I art     : Starting a blocking GC Explicit
08-06 12:55:55.377  6998  7011 I art     : Explicit concurrent mark sweep GC freed 3(96B) AllocSpace objects, 0(0B) LOS objects, 27% free, 41MB/57MB, paused 1.406ms total 63.465ms
08-06 12:55:55.648   918   918 I ActivityManager: Start proc 23685:com.google.android.apps.docs/u0a43 for service com.google.android.apps.docs/com.google.android.libraries.internal.growth.growthkit.internal.jobs.impl.GrowthKitJobService
08-06 12:55:55.664   918   918 I ActivityManager: Start proc 23697:com.google.android.keep/u0a82 for service com.google.android.keep/com.google.android.libraries.internal.growth.growthkit.internal.jobs.impl.GrowthKitJobService
08-06 12:55:55.678   918   918 I ActivityManager: Start proc 23709:com.google.android.play.games/u0a64 for service com.google.android.play.games/com.google.android.libraries.internal.growth.growthkit.internal.jobs.impl.GrowthKitJobService
08-06 12:55:55.774  6998 21988 I art     : Starting a blocking GC Explicit
08-06 12:55:55.824  6998 21988 I art     : Explicit concurrent mark sweep GC freed 1405(81KB) AllocSpace objects, 1(20KB) LOS objects, 27% free, 41MB/57MB, paused 1.266ms total 50.039ms
08-06 12:55:55.837  6998 21988 I art     : Starting a blocking GC Explicit
08-06 12:55:55.887  6998 21988 I art     : Explicit concurrent mark sweep GC freed 20(704B) AllocSpace objects, 0(0B) LOS objects, 27% free, 41MB/57MB, paused 1.335ms total 49.641ms
08-06 12:55:55.901  6998 21988 I art     : Starting a blocking GC Explicit
08-06 12:55:55.950  6998 21988 I art     : Explicit concurrent mark sweep GC freed 3(96B) AllocSpace objects, 0(0B) LOS objects, 27% free, 41MB/57MB, paused 1.340ms total 48.666ms
08-06 12:55:55.964  6998 21988 I art     : Starting a blocking GC Explicit
08-06 12:55:56.012  6998 21988 I art     : Explicit concurrent mark sweep GC freed 3(96B) AllocSpace objects, 0(0B) LOS objects, 27% free, 41MB/57MB, paused 1.299ms total 48.706ms
08-06 12:55:56.027  6998 21988 I art     : Starting a blocking GC Explicit
08-06 12:55:56.076  6998 21988 I art     : Explicit concurrent mark sweep GC freed 3(96B) AllocSpace objects, 0(0B) LOS objects, 27% free, 41MB/57MB, paused 1.251ms total 49.522ms
08-06 12:55:56.303   918  5952 I AccountManagerService: getTypesVisibleToCaller: isPermitted? false
08-06 12:55:56.317   918  4413 I AccountManagerService: getTypesVisibleToCaller: isPermitted? true
08-06 12:55:56.371   918   928 I AccountManagerService: getTypesVisibleToCaller: isPermitted? true
08-06 12:55:56.379   918  3359 I AccountManagerService: getTypesVisibleToCaller: isPermitted? true
08-06 12:55:56.388 23697 23697 I art     : Rejecting re-init on previously-failed class java.lang.Class<abb>
08-06 12:55:56.391 23697 23697 I art     : Rejecting re-init on previously-failed class java.lang.Class<abb>
08-06 12:55:56.391 23697 23697 I art     : Rejecting re-init on previously-failed class java.lang.Class<abb>
08-06 12:55:56.391 23697 23697 I art     : Rejecting re-init on previously-failed class java.lang.Class<abb>
08-06 12:55:56.392 23697 23697 I art     : Rejecting re-init on previously-failed class java.lang.Class<abb>
08-06 12:55:56.453  6998 22841 I art     : Starting a blocking GC Explicit
08-06 12:55:56.482 23697 23754 W DynamiteModule: Local module descriptor class for providerinstaller not found.
08-06 12:55:56.487 24365 30814 W ProviderHelper: Unknown dynamite feature providerinstaller
08-06 12:55:56.490 23709 23709 I GAv4-SVC: Google Analytics 202.5.90 is starting up.
08-06 12:55:56.490 23697 23754 W ProviderInstaller: Failed to load providerinstaller module: No acceptable module found. Local version is 0 and remote version is 0.
08-06 12:55:56.501  6998 22841 I art     : Explicit concurrent mark sweep GC freed 1406(81KB) AllocSpace objects, 1(20KB) LOS objects, 27% free, 41MB/57MB, paused 1.287ms total 47.661ms
08-06 12:55:56.515  6998 22841 I art     : Starting a blocking GC Explicit
08-06 12:55:56.519 23697 23754 E linker  : readlink('/proc/self/fd/23') failed: Permission denied [fd=23]
08-06 12:55:56.520 23697 23754 E linker  : warning: unable to get realpath for the library "/system/framework/oat/arm64/com.android.location.provider.odex". Will use given name.
08-06 12:55:56.530 23697 23754 E linker  : readlink('/proc/self/fd/23') failed: Permission denied [fd=23]
08-06 12:55:56.530 23697 23754 E linker  : warning: unable to get realpath for the library "/system/framework/oat/arm64/com.android.media.remotedisplay.odex". Will use given name.
08-06 12:55:56.544 23697 23754 E linker  : readlink('/proc/self/fd/23') failed: Permission denied [fd=23]
08-06 12:55:56.544 23697 23754 E linker  : warning: unable to get realpath for the library "/data/app/com.google.android.gms-2/oat/arm64/base.odex". Will use given name.
08-06 12:55:56.553 23725 23725 D AndroidRuntime: >>>>>> START com.android.internal.os.RuntimeInit uid 2000 <<<<<<
08-06 12:55:56.558 23725 23725 D AndroidRuntime: CheckJNI is OFF
08-06 12:55:56.562  6998 22841 I art     : Explicit concurrent mark sweep GC freed 20(704B) AllocSpace objects, 0(0B) LOS objects, 27% free, 41MB/57MB, paused 1.311ms total 47.140ms
08-06 12:55:56.577  6998 22841 I art     : Starting a blocking GC Explicit
08-06 12:55:56.597 23725 23725 D ICU     : No timezone override file found: /data/misc/zoneinfo/current/icu/icu_tzdata.dat
08-06 12:55:56.625  6998 22841 I art     : Explicit concurrent mark sweep GC freed 3(96B) AllocSpace objects, 0(0B) LOS objects, 27% free, 41MB/57MB, paused 1.370ms total 48.035ms
08-06 12:55:56.639  6998 22841 I art     : Starting a blocking GC Explicit
08-06 12:55:56.641 23725 23725 I Radio-JNI: register_android_hardware_Radio DONE
08-06 12:55:56.643 23685 23694 W art     : Suspending all threads took: 11.091ms
08-06 12:55:56.664   918  6111 I AccountManagerService: getTypesVisibleToCaller: isPermitted? true
08-06 12:55:56.665   918  4413 I AccountManagerService: getTypesVisibleToCaller: isPermitted? true
08-06 12:55:56.675 23725 23725 D AndroidRuntime: Calling main entry com.android.commands.input.Input
08-06 12:55:56.684 23725 23725 I Input   : injectKeyEvent: KeyEvent { action=ACTION_DOWN, keyCode=KEYCODE_BACK, scanCode=0, metaState=0, flags=0x0, repeatCount=0, eventTime=881773097, downTime=881773097, deviceId=-1, source=0x101 }
08-06 12:55:56.686  6998 22841 I art     : Explicit concurrent mark sweep GC freed 3(96B) AllocSpace objects, 0(0B) LOS objects, 27% free, 41MB/57MB, paused 1.329ms total 47.454ms
08-06 12:55:56.691 23725 23725 I Input   : injectKeyEvent: KeyEvent { action=ACTION_UP, keyCode=KEYCODE_BACK, scanCode=0, metaState=0, flags=0x0, repeatCount=0, eventTime=881773097, downTime=881773097, deviceId=-1, source=0x101 }
08-06 12:55:56.699 23725 23725 D AndroidRuntime: Shutting down VM
08-06 12:55:56.703  6998 22841 I art     : Starting a blocking GC Explicit
08-06 12:55:56.711  6998  6998 D baseline.com.newsblur.service.NBSyncService: rejecting request for feedset that is exhaused
08-06 12:55:56.718   918  6112 I AccountManagerService: getTypesVisibleToCaller: isPermitted? true
08-06 12:55:56.727   918  3359 I AccountManagerService: getTypesVisibleToCaller: isPermitted? false
08-06 12:55:56.731 23709 23781 W DynamiteModule: Local module descriptor class for com.google.android.gms.measurement.dynamite not found.
08-06 12:55:56.737 23709 23781 E linker  : readlink('/proc/self/fd/21') failed: Permission denied [fd=21]
08-06 12:55:56.737 23709 23781 E linker  : warning: unable to get realpath for the library "/data/data/com.google.android.gms/app_chimera/m/00000039/oat/arm64/DynamiteLoader.odex". Will use given name.
08-06 12:55:56.760  6998 22841 I art     : Explicit concurrent mark sweep GC freed 227(26KB) AllocSpace objects, 2(40KB) LOS objects, 27% free, 41MB/57MB, paused 1.301ms total 57.197ms
08-06 12:55:56.786 23685 23773 I GAv4    : Google Analytics 202.8.12 is starting up. To enable debug logging on a device run:
08-06 12:55:56.786 23685 23773 I GAv4    :   adb shell setprop log.tag.GAv4 DEBUG
08-06 12:55:56.786 23685 23773 I GAv4    :   adb logcat -s GAv4
08-06 12:55:56.798 23709 23781 I DynamiteLoaderV2: [71] Measurementdynamite
08-06 12:55:56.801 23709 23781 E linker  : readlink('/proc/self/fd/23') failed: Permission denied [fd=23]
08-06 12:55:56.801 23709 23781 E linker  : warning: unable to get realpath for the library "/data/data/com.google.android.gms/app_chimera/m/0000003e/oat/arm64/MeasurementDynamite.odex". Will use given name.
08-06 12:55:56.825 23709 23781 W System  : ClassLoader referenced unknown path: /data/data/com.google.android.gms/app_chimera/m/0000003e/n/arm64-v8a
08-06 12:55:56.838 23685 23797 W GAv4    : CampaignTrackingReceiver is not registered, not exported or is disabled. Installation campaign tracking is not possible. See http://goo.gl/8Rd3yj for instructions.
08-06 12:55:56.840 23709 23781 W DynamiteModule: Local module descriptor class for com.google.android.gms.measurement.dynamite not found.
08-06 12:55:56.862 23685 23787 W FieldDefinition: [RxCachedThreadScheduler-4] Ignoring isIndexed constraint as field also has uniqueness constraint (on just this field, and therefore SQLite will have to create an index on that. For field: brc$a@e6b10fc
08-06 12:55:56.906 13866 13866 I GoogleInputMethodServic: GoogleInputMethodService.onFinishInput():3138 
08-06 12:55:56.907 13866 13866 I GoogleInputMethodServic: GoogleInputMethodService.onStartInput():1808 
08-06 12:55:56.940 23709 23718 W art     : Suspending all threads took: 17.901ms
08-06 12:55:56.954  6998  6998 D baseline.com.newsblur.service.NBSyncService: rejecting request for feedset that is exhaused
08-06 12:55:57.001 23697 23754 W art     : Verification of void com.google.android.chimera.ModuleContext.<init>(android.content.Context, com.google.android.chimera.ModuleContext, cuv, java.lang.String, int, android.content.res.Resources, java.lang.ClassLoader, csq) took 177.982ms
08-06 12:55:57.065   918   928 I AccountManagerService: getTypesVisibleToCaller: isPermitted? true
08-06 12:55:57.087 23685 23810 W DynamiteModule: Local module descriptor class for providerinstaller not found.
08-06 12:55:57.095 24365 24376 W ProviderHelper: Unknown dynamite feature providerinstaller
08-06 12:55:57.108 23685 23810 W ProviderInstaller: Failed to load providerinstaller module: No acceptable module found. Local version is 0 and remote version is 0.
08-06 12:55:57.122 23697 23754 E linker  : readlink('/proc/self/fd/23') failed: Permission denied [fd=23]
08-06 12:55:57.122 23697 23754 E linker  : warning: unable to get realpath for the library "/data/app/com.google.android.gms-2/lib/arm64/libconscrypt_gmscore_jni.so". Will use given name.
08-06 12:55:57.133  6998  7011 I art     : Starting a blocking GC Explicit
08-06 12:55:57.189  6998  7011 I art     : Explicit concurrent mark sweep GC freed 3011(232KB) AllocSpace objects, 4(88KB) LOS objects, 27% free, 41MB/57MB, paused 1.483ms total 55.197ms
08-06 12:55:57.198 23685 23810 E linker  : readlink('/proc/self/fd/25') failed: Permission denied [fd=25]
08-06 12:55:57.198 23685 23810 E linker  : warning: unable to get realpath for the library "/system/framework/oat/arm64/com.android.location.provider.odex". Will use given name.
08-06 12:55:57.205  6998  7011 I art     : Starting a blocking GC Explicit
08-06 12:55:57.257  6998  7011 I art     : Explicit concurrent mark sweep GC freed 1670(76KB) AllocSpace objects, 0(0B) LOS objects, 27% free, 41MB/57MB, paused 1.414ms total 51.742ms
08-06 12:55:57.271  6998  7011 I art     : Starting a blocking GC Explicit
08-06 12:55:57.306 23697 23754 V NativeCrypto: Registering com/google/android/gms/org/conscrypt/NativeCrypto's 286 native methods...
08-06 12:55:57.320  6998  7011 I art     : Explicit concurrent mark sweep GC freed 104(8KB) AllocSpace objects, 0(0B) LOS objects, 27% free, 41MB/57MB, paused 1.279ms total 48.732ms
08-06 12:55:57.334  6998  7011 I art     : Starting a blocking GC Explicit
08-06 12:55:57.384  6998  7011 I art     : Explicit concurrent mark sweep GC freed 138(6KB) AllocSpace objects, 0(0B) LOS objects, 27% free, 41MB/57MB, paused 1.242ms total 50.377ms
08-06 12:55:57.391   918   930 I UsageStatsService: User[0] Flushing usage stats to disk
08-06 12:55:57.398  6998  7011 I art     : Starting a blocking GC Explicit
08-06 12:55:57.425   918  5132 I AccountManagerService: getTypesVisibleToCaller: isPermitted? true
08-06 12:55:57.451  6998  7011 I art     : Explicit concurrent mark sweep GC freed 11(352B) AllocSpace objects, 0(0B) LOS objects, 27% free, 41MB/57MB, paused 1.320ms total 52.700ms
08-06 12:55:57.454 23685 23810 E linker  : readlink('/proc/self/fd/28') failed: Permission denied [fd=28]
08-06 12:55:57.454 23685 23810 E linker  : warning: unable to get realpath for the library "/system/framework/oat/arm64/com.android.media.remotedisplay.odex". Will use given name.
08-06 12:55:57.464 23709 23835 W DynamiteModule: Local module descriptor class for providerinstaller not found.
08-06 12:55:57.560 23685 23810 E linker  : readlink('/proc/self/fd/28') failed: Permission denied [fd=28]
08-06 12:55:57.560 23685 23810 E linker  : warning: unable to get realpath for the library "/data/app/com.google.android.gms-2/oat/arm64/base.odex". Will use given name.
08-06 12:55:57.591 23709 23835 W ProviderInstaller: Failed to load providerinstaller module: No acceptable module found. Local version is 0 and remote version is 0.
08-06 12:55:57.696 23709 23835 E linker  : readlink('/proc/self/fd/22') failed: Permission denied [fd=22]
08-06 12:55:57.700 23709 23835 E linker  : warning: unable to get realpath for the library "/system/framework/oat/arm64/com.android.location.provider.odex". Will use given name.
08-06 12:55:57.710 23709 23835 E linker  : readlink('/proc/self/fd/22') failed: Permission denied [fd=22]
08-06 12:55:57.710 23709 23835 E linker  : warning: unable to get realpath for the library "/system/framework/oat/arm64/com.android.media.remotedisplay.odex". Will use given name.
08-06 12:55:57.725 23697 23754 I art     : Rejecting re-init on previously-failed class java.lang.Class<com.google.android.gms.org.conscrypt.Java7ExtendedSSLSession>
08-06 12:55:57.726 23697 23754 I art     : Rejecting re-init on previously-failed class java.lang.Class<com.google.android.gms.org.conscrypt.Java7ExtendedSSLSession>
08-06 12:55:57.727 23697 23754 I art     : Rejecting re-init on previously-failed class java.lang.Class<com.google.android.gms.org.conscrypt.Java8ExtendedSSLSession>
08-06 12:55:57.728 23697 23754 I art     : Rejecting re-init on previously-failed class java.lang.Class<com.google.android.gms.org.conscrypt.Java8ExtendedSSLSession>
08-06 12:55:57.836  6998 21988 I art     : Starting a blocking GC Explicit
08-06 12:55:57.870 23697 23754 I ProviderInstaller: Installed default security provider GmsCore_OpenSSL
08-06 12:55:57.870   918  3670 I AccountManagerService: getTypesVisibleToCaller: isPermitted? true
08-06 12:55:57.889  6998 21988 I art     : Explicit concurrent mark sweep GC freed 1458(82KB) AllocSpace objects, 1(20KB) LOS objects, 27% free, 41MB/57MB, paused 1.345ms total 52.080ms
08-06 12:55:57.903  6998 21988 I art     : Starting a blocking GC Explicit
08-06 12:55:57.920   918  3714 I AccountManagerService: getTypesVisibleToCaller: isPermitted? true
08-06 12:55:57.952 23709 23835 E linker  : readlink('/proc/self/fd/22') failed: Permission denied [fd=22]
08-06 12:55:57.952 23709 23835 E linker  : warning: unable to get realpath for the library "/data/app/com.google.android.gms-2/oat/arm64/base.odex". Will use given name.
08-06 12:55:57.954  6998 21988 I art     : Explicit concurrent mark sweep GC freed 28(960B) AllocSpace objects, 0(0B) LOS objects, 27% free, 41MB/57MB, paused 1.324ms total 50.585ms
08-06 12:55:57.961 23685 23810 W art     : Verification of void com.google.android.chimera.ModuleContext.<init>(android.content.Context, com.google.android.chimera.ModuleContext, cuv, java.lang.String, int, android.content.res.Resources, java.lang.ClassLoader, csq) took 130.907ms
08-06 12:55:57.968  6998 21988 I art     : Starting a blocking GC Explicit
08-06 12:55:58.019  6998 21988 I art     : Explicit concurrent mark sweep GC freed 11(352B) AllocSpace objects, 0(0B) LOS objects, 27% free, 41MB/57MB, paused 1.245ms total 50.544ms
08-06 12:55:58.020 23685 23810 E linker  : readlink('/proc/self/fd/28') failed: Permission denied [fd=28]
08-06 12:55:58.020 23685 23810 E linker  : warning: unable to get realpath for the library "/data/app/com.google.android.gms-2/lib/arm64/libconscrypt_gmscore_jni.so". Will use given name.
08-06 12:55:58.032  6998 21988 I art     : Starting a blocking GC Explicit
08-06 12:55:58.082  6998 21988 I art     : Explicit concurrent mark sweep GC freed 11(352B) AllocSpace objects, 0(0B) LOS objects, 27% free, 41MB/57MB, paused 1.283ms total 50.042ms
08-06 12:55:58.091 23697 23706 W art     : Suspending all threads took: 22.133ms
08-06 12:55:58.096  6998 21988 I art     : Starting a blocking GC Explicit
08-06 12:55:58.117   918  6110 I AccountManagerService: getTypesVisibleToCaller: isPermitted? true
08-06 12:55:58.125 23685 23787 W art     : Verification of int hwn.a(hwy) took 122.527ms
08-06 12:55:58.145  6998 21988 I art     : Explicit concurrent mark sweep GC freed 11(352B) AllocSpace objects, 0(0B) LOS objects, 27% free, 41MB/57MB, paused 1.304ms total 48.998ms
08-06 12:55:58.149 23685 23810 V NativeCrypto: Registering com/google/android/gms/org/conscrypt/NativeCrypto's 286 native methods...
08-06 12:55:58.349   918   927 I art     : Background partial concurrent mark sweep GC freed 83156(6MB) AllocSpace objects, 123(2MB) LOS objects, 18% free, 68MB/84MB, paused 1.671ms total 216.502ms
08-06 12:55:58.472 23851 23851 D AndroidRuntime: >>>>>> START com.android.internal.os.RuntimeInit uid 2000 <<<<<<
08-06 12:55:58.477 23851 23851 D AndroidRuntime: CheckJNI is OFF
08-06 12:55:58.509  6998 22841 I art     : Starting a blocking GC Explicit
08-06 12:55:58.516 23851 23851 D ICU     : No timezone override file found: /data/misc/zoneinfo/current/icu/icu_tzdata.dat
08-06 12:55:58.557 23851 23851 I Radio-JNI: register_android_hardware_Radio DONE
08-06 12:55:58.563  6998 22841 I art     : Explicit concurrent mark sweep GC freed 1431(81KB) AllocSpace objects, 1(20KB) LOS objects, 27% free, 41MB/57MB, paused 1.926ms total 53.245ms
08-06 12:55:58.563  6998  7008 I art     : WaitForGcToComplete blocked for 34.120ms for cause HeapTrim
08-06 12:55:58.576  6998 22841 I art     : Starting a blocking GC Explicit
08-06 12:55:58.586 23851 23851 D AndroidRuntime: Calling main entry com.android.commands.input.Input
08-06 12:55:58.587 23851 23851 I Input   : injectKeyEvent: KeyEvent { action=ACTION_DOWN, keyCode=KEYCODE_BACK, scanCode=0, metaState=0, flags=0x0, repeatCount=0, eventTime=881775000, downTime=881775000, deviceId=-1, source=0x101 }
08-06 12:55:58.587 23685 23810 I art     : Rejecting re-init on previously-failed class java.lang.Class<com.google.android.gms.org.conscrypt.Java7ExtendedSSLSession>
08-06 12:55:58.588 23685 23810 I art     : Rejecting re-init on previously-failed class java.lang.Class<com.google.android.gms.org.conscrypt.Java7ExtendedSSLSession>
08-06 12:55:58.589 23685 23810 I art     : Rejecting re-init on previously-failed class java.lang.Class<com.google.android.gms.org.conscrypt.Java8ExtendedSSLSession>
08-06 12:55:58.589 23685 23810 I art     : Rejecting re-init on previously-failed class java.lang.Class<com.google.android.gms.org.conscrypt.Java8ExtendedSSLSession>
08-06 12:55:58.592 23851 23851 I Input   : injectKeyEvent: KeyEvent { action=ACTION_UP, keyCode=KEYCODE_BACK, scanCode=0, metaState=0, flags=0x0, repeatCount=0, eventTime=881775000, downTime=881775000, deviceId=-1, source=0x101 }
08-06 12:55:58.597 23851 23851 D AndroidRuntime: Shutting down VM
08-06 12:55:58.625  6998 22841 I art     : Explicit concurrent mark sweep GC freed 408(68KB) AllocSpace objects, 4(80KB) LOS objects, 27% free, 41MB/57MB, paused 1.287ms total 49.088ms
08-06 12:55:58.638  6998 22841 I art     : Starting a blocking GC Explicit
08-06 12:55:58.654 23685 23810 I ProviderInstaller: Installed default security provider GmsCore_OpenSSL
08-06 12:55:58.667   918  4413 I AccountManagerService: getTypesVisibleToCaller: isPermitted? true
08-06 12:55:58.687  6998 22841 I art     : Explicit concurrent mark sweep GC freed 48(1904B) AllocSpace objects, 0(0B) LOS objects, 27% free, 41MB/57MB, paused 1.359ms total 49.159ms
08-06 12:55:58.700   918  5132 I AccountManagerService: getTypesVisibleToCaller: isPermitted? true
08-06 12:55:58.700   918  6111 I AccountManagerService: getTypesVisibleToCaller: isPermitted? true
08-06 12:55:58.700  6998 22841 I art     : Starting a blocking GC Explicit
08-06 12:55:58.752  6998 22841 I art     : Explicit concurrent mark sweep GC freed 1776(108KB) AllocSpace objects, 3(60KB) LOS objects, 27% free, 41MB/57MB, paused 1.952ms total 51.207ms
08-06 12:55:58.766  6998 22841 I art     : Starting a blocking GC Explicit
08-06 12:55:58.803 13866 13866 I GoogleInputMethodServic: GoogleInputMethodService.onFinishInput():3138 
08-06 12:55:58.804 13866 13866 I GoogleInputMethodServic: GoogleInputMethodService.onStartInput():1808 
08-06 12:55:58.821  6998 22841 I art     : Explicit concurrent mark sweep GC freed 7187(480KB) AllocSpace objects, 7(140KB) LOS objects, 27% free, 41MB/57MB, paused 1.647ms total 54.527ms
08-06 12:55:58.862   518   646 I ThermalEngine: ACTION: GPU - Setting GPU[0] to 390000000
08-06 12:55:58.937 23709 23835 E linker  : readlink('/proc/self/fd/22') failed: Permission denied [fd=22]
08-06 12:55:58.937 23709 23835 E linker  : warning: unable to get realpath for the library "/data/app/com.google.android.gms-2/lib/arm64/libconscrypt_gmscore_jni.so". Will use given name.
08-06 12:55:58.946 23709 23822 I FA      : App measurement initialized, version: 29027
08-06 12:55:58.947 23709 23822 I FA      : To enable debug logging run: adb shell setprop log.tag.FA VERBOSE
08-06 12:55:58.947 23709 23822 I FA      : To enable faster debug mode event logging run:
08-06 12:55:58.947 23709 23822 I FA      :   adb shell setprop debug.firebase.analytics.app com.google.android.play.games
08-06 12:55:59.068 23709 23835 V NativeCrypto: Registering com/google/android/gms/org/conscrypt/NativeCrypto's 286 native methods...
08-06 12:55:59.070   918  5952 I AccountManagerService: getTypesVisibleToCaller: isPermitted? true
08-06 12:55:59.244  6998  7011 I art     : Starting a blocking GC Explicit
08-06 12:55:59.278  6998 23886 E baseline.com.newsblur.network.APIResponse: Error (unexpected end of stream on https://www.newsblur.com/...) calling https://www.newsblur.com/reader/mark_story_hashes_as_read/
08-06 12:55:59.278  6998 23886 E baseline.com.newsblur.network.APIResponse: java.io.IOException: unexpected end of stream on https://www.newsblur.com/...
08-06 12:55:59.278  6998 23886 E baseline.com.newsblur.network.APIResponse: 	at okhttp3.internal.http1.Http1ExchangeCodec.readResponseHeaders(Http1ExchangeCodec.java:236)
08-06 12:55:59.278  6998 23886 E baseline.com.newsblur.network.APIResponse: 	at okhttp3.internal.connection.Exchange.readResponseHeaders(Exchange.java:115)
08-06 12:55:59.278  6998 23886 E baseline.com.newsblur.network.APIResponse: 	at okhttp3.internal.http.CallServerInterceptor.intercept(CallServerInterceptor.java:94)
08-06 12:55:59.278  6998 23886 E baseline.com.newsblur.network.APIResponse: 	at okhttp3.internal.http.RealInterceptorChain.proceed(RealInterceptorChain.java:142)
08-06 12:55:59.278  6998 23886 E baseline.com.newsblur.network.APIResponse: 	at okhttp3.internal.connection.ConnectInterceptor.intercept(ConnectInterceptor.java:43)
08-06 12:55:59.278  6998 23886 E baseline.com.newsblur.network.APIResponse: 	at okhttp3.internal.http.RealInterceptorChain.proceed(RealInterceptorChain.java:142)
08-06 12:55:59.278  6998 23886 E baseline.com.newsblur.network.APIResponse: 	at okhttp3.internal.http.RealInterceptorChain.proceed(RealInterceptorChain.java:117)
08-06 12:55:59.278  6998 23886 E baseline.com.newsblur.network.APIResponse: 	at okhttp3.internal.cache.CacheInterceptor.intercept(CacheInterceptor.java:94)
08-06 12:55:59.278  6998 23886 E baseline.com.newsblur.network.APIResponse: 	at okhttp3.internal.http.RealInterceptorChain.proceed(RealInterceptorChain.java:142)
08-06 12:55:59.278  6998 23886 E baseline.com.newsblur.network.APIResponse: 	at okhttp3.internal.http.RealInterceptorChain.proceed(RealInterceptorChain.java:117)
08-06 12:55:59.278  6998 23886 E baseline.com.newsblur.network.APIResponse: 	at okhttp3.internal.http.BridgeInterceptor.intercept(BridgeInterceptor.java:93)
08-06 12:55:59.278  6998 23886 E baseline.com.newsblur.network.APIResponse: 	at okhttp3.internal.http.RealInterceptorChain.proceed(RealInterceptorChain.java:142)
08-06 12:55:59.278  6998 23886 E baseline.com.newsblur.network.APIResponse: 	at okhttp3.internal.http.RetryAndFollowUpInterceptor.intercept(RetryAndFollowUpInterceptor.java:88)
08-06 12:55:59.278  6998 23886 E baseline.com.newsblur.network.APIResponse: 	at okhttp3.internal.http.RealInterceptorChain.proceed(RealInterceptorChain.java:142)
08-06 12:55:59.278  6998 23886 E baseline.com.newsblur.network.APIResponse: 	at okhttp3.internal.http.RealInterceptorChain.proceed(RealInterceptorChain.java:117)
08-06 12:55:59.278  6998 23886 E baseline.com.newsblur.network.APIResponse: 	at okhttp3.RealCall.getResponseWithInterceptorChain(RealCall.java:229)
08-06 12:55:59.278  6998 23886 E baseline.com.newsblur.network.APIResponse: 	at okhttp3.RealCall.execute(RealCall.java:81)
08-06 12:55:59.278  6998 23886 E baseline.com.newsblur.network.APIResponse: 	at baseline.com.newsblur.network.APIResponse.<init>(APIResponse.java:57)
08-06 12:55:59.278  6998 23886 E baseline.com.newsblur.network.APIResponse: 	at baseline.com.newsblur.network.APIResponse.<init>(APIResponse.java:43)
08-06 12:55:59.278  6998 23886 E baseline.com.newsblur.network.APIResponse: 	at baseline.com.newsblur.network.APIManager.post_single(APIManager.java:702)
08-06 12:55:59.278  6998 23886 E baseline.com.newsblur.network.APIResponse: 	at baseline.com.newsblur.network.APIManager.post(APIManager.java:675)
08-06 12:55:59.278  6998 23886 E baseline.com.newsblur.network.APIResponse: 	at baseline.com.newsblur.network.APIManager.post(APIManager.java:714)
08-06 12:55:59.278  6998 23886 E baseline.com.newsblur.network.APIResponse: 	at baseline.com.newsblur.network.APIManager.markStoryAsRead(APIManager.java:205)
08-06 12:55:59.278  6998 23886 E baseline.com.newsblur.network.APIResponse: 	at baseline.com.newsblur.util.ReadingAction.doRemote(ReadingAction.java:281)
08-06 12:55:59.278  6998 23886 E baseline.com.newsblur.network.APIResponse: 	at baseline.com.newsblur.service.NBSyncService.syncActions(NBSyncService.java:400)
08-06 12:55:59.278  6998 23886 E baseline.com.newsblur.network.APIResponse: 	at baseline.com.newsblur.service.NBSyncService.doSync(NBSyncService.java:298)
08-06 12:55:59.278  6998 23886 E baseline.com.newsblur.network.APIResponse: 	at baseline.com.newsblur.service.NBSyncService.access$100(NBSyncService.java:67)
08-06 12:55:59.278  6998 23886 E baseline.com.newsblur.network.APIResponse: 	at baseline.com.newsblur.service.NBSyncService$1.run(NBSyncService.java:188)
08-06 12:55:59.278  6998 23886 E baseline.com.newsblur.network.APIResponse: 	at java.util.concurrent.ThreadPoolExecutor.runWorker(ThreadPoolExecutor.java:1113)
08-06 12:55:59.278  6998 23886 E baseline.com.newsblur.network.APIResponse: 	at java.util.concurrent.ThreadPoolExecutor$Worker.run(ThreadPoolExecutor.java:588)
08-06 12:55:59.278  6998 23886 E baseline.com.newsblur.network.APIResponse: 	at java.lang.Thread.run(Thread.java:818)
08-06 12:55:59.278  6998 23886 E baseline.com.newsblur.network.APIResponse: Caused by: java.io.EOFException: \n not found: limit=0 content=
08-06 12:55:59.278  6998 23886 E baseline.com.newsblur.network.APIResponse: 	at okio.RealBufferedSource.readUtf8LineStrict(RealBufferedSource.java:240)
08-06 12:55:59.278  6998 23886 E baseline.com.newsblur.network.APIResponse: 	at okhttp3.internal.http1.Http1ExchangeCodec.readHeaderLine(Http1ExchangeCodec.java:242)
08-06 12:55:59.278  6998 23886 E baseline.com.newsblur.network.APIResponse: 	at okhttp3.internal.http1.Http1ExchangeCodec.readResponseHeaders(Http1ExchangeCodec.java:213)
08-06 12:55:59.278  6998 23886 E baseline.com.newsblur.network.APIResponse: 	... 30 more
08-06 12:55:59.279  6998 23886 I baseline.com.newsblur.network.APIManager: API call failed, pausing before retry number 1
08-06 12:55:59.312  6998  7011 I art     : Explicit concurrent mark sweep GC freed 7212(540KB) AllocSpace objects, 8(300KB) LOS objects, 27% free, 41MB/57MB, paused 2.091ms total 67.097ms
08-06 12:55:59.331  6998  7011 I art     : Starting a blocking GC Explicit
08-06 12:55:59.388 23709 23835 I art     : Rejecting re-init on previously-failed class java.lang.Class<com.google.android.gms.org.conscrypt.Java7ExtendedSSLSession>
08-06 12:55:59.389 23709 23835 I art     : Rejecting re-init on previously-failed class java.lang.Class<com.google.android.gms.org.conscrypt.Java7ExtendedSSLSession>
08-06 12:55:59.389 23709 23835 I art     : Rejecting re-init on previously-failed class java.lang.Class<com.google.android.gms.org.conscrypt.Java8ExtendedSSLSession>
08-06 12:55:59.390 23709 23835 I art     : Rejecting re-init on previously-failed class java.lang.Class<com.google.android.gms.org.conscrypt.Java8ExtendedSSLSession>
08-06 12:55:59.398  6998  7011 I art     : Explicit concurrent mark sweep GC freed 1318(144KB) AllocSpace objects, 0(0B) LOS objects, 27% free, 41MB/57MB, paused 2.108ms total 67.014ms
08-06 12:55:59.417  6998  7011 I art     : Starting a blocking GC Explicit
08-06 12:55:59.445 23709 23835 I ProviderInstaller: Installed default security provider GmsCore_OpenSSL
08-06 12:55:59.455   918  4400 I AccountManagerService: getTypesVisibleToCaller: isPermitted? true
08-06 12:55:59.482  6998  7011 I art     : Explicit concurrent mark sweep GC freed 41(1408B) AllocSpace objects, 0(0B) LOS objects, 27% free, 41MB/57MB, paused 2.027ms total 64.128ms
08-06 12:55:59.501  6998  7011 I art     : Starting a blocking GC Explicit
08-06 12:55:59.514   918  3359 I AccountManagerService: getTypesVisibleToCaller: isPermitted? true
08-06 12:55:59.530 23709 23835 I DynamiteLoaderV2: [71] Cronetdynamite
08-06 12:55:59.532 23709 23835 E linker  : readlink('/proc/self/fd/31') failed: Permission denied [fd=31]
08-06 12:55:59.532 23709 23835 E linker  : warning: unable to get realpath for the library "/data/data/com.google.android.gms/app_chimera/m/00000038/oat/arm64/CronetDynamite.odex". Will use given name.
08-06 12:55:59.564  6998  7011 I art     : Explicit concurrent mark sweep GC freed 28(1088B) AllocSpace objects, 0(0B) LOS objects, 27% free, 41MB/57MB, paused 1.967ms total 62.177ms
08-06 12:55:59.584  6998  7011 I art     : Starting a blocking GC Explicit
08-06 12:55:59.598 23709 23835 E linker  : readlink('/proc/self/fd/34') failed: Permission denied [fd=34]
08-06 12:55:59.598 23709 23835 E linker  : warning: unable to get realpath for the library "/data/data/com.google.android.gms/app_chimera/m/00000038/n/arm64-v8a/libcronet.83.0.4103.106.so". Will use given name.
08-06 12:55:59.615   918  6112 D ConnectivityService: listenForNetwork for Listen from uid/pid:10064/23709 for NetworkRequest [ id=3986, legacyType=-1, [ Capabilities: INTERNET&NOT_RESTRICTED&TRUSTED] ]
08-06 12:55:59.636 23709 23835 I cr_CronetLibraryLoader: Cronet version: 83.0.4103.106, arch: aarch64
08-06 12:55:59.649  6998  7011 I art     : Explicit concurrent mark sweep GC freed 14(448B) AllocSpace objects, 0(0B) LOS objects, 27% free, 41MB/57MB, paused 2.112ms total 64.980ms
08-06 12:55:59.865   918  4400 I AccountManagerService: getTypesVisibleToCaller: isPermitted? true
08-06 12:55:59.888   918  3714 I AccountManagerService: getTypesVisibleToCaller: isPermitted? true
08-06 12:55:59.898   918  3359 I AccountManagerService: getTypesVisibleToCaller: isPermitted? true
08-06 12:55:59.953 23685 23772 W DynamiteModule: Local module descriptor class for providerinstaller not found.
08-06 12:55:59.956 24365 24381 W ProviderHelper: Unknown dynamite feature providerinstaller
08-06 12:55:59.963 23685 23772 W ProviderInstaller: Failed to load providerinstaller module: No acceptable module found. Local version is 0 and remote version is 0.
08-06 12:56:00.060  6998 22841 I art     : Starting a blocking GC Explicit
08-06 12:56:00.130  6998 22841 I art     : Explicit concurrent mark sweep GC freed 1502(84KB) AllocSpace objects, 1(20KB) LOS objects, 27% free, 41MB/57MB, paused 2.225ms total 69.282ms
08-06 12:56:00.150  6998 22841 I art     : Starting a blocking GC Explicit
08-06 12:56:00.168   918  6111 I AccountManagerService: getTypesVisibleToCaller: isPermitted? true
08-06 12:56:00.215  6998 22841 I art     : Explicit concurrent mark sweep GC freed 32(1104B) AllocSpace objects, 0(0B) LOS objects, 27% free, 41MB/57MB, paused 2.072ms total 64.600ms
08-06 12:56:00.235  6998 22841 I art     : Starting a blocking GC Explicit
08-06 12:56:00.299  6998 22841 I art     : Explicit concurrent mark sweep GC freed 7(224B) AllocSpace objects, 0(0B) LOS objects, 27% free, 41MB/57MB, paused 2.013ms total 63.333ms
08-06 12:56:00.319  6998 22841 I art     : Starting a blocking GC Explicit
08-06 12:56:00.389  6998 22841 I art     : Explicit concurrent mark sweep GC freed 3(96B) AllocSpace objects, 0(0B) LOS objects, 27% free, 41MB/57MB, paused 2.243ms total 68.994ms
08-06 12:56:00.410  6998 22841 I art     : Starting a blocking GC Explicit
08-06 12:56:00.478 23918 23918 D AndroidRuntime: >>>>>> START com.android.internal.os.RuntimeInit uid 2000 <<<<<<
08-06 12:56:00.481  6998 22841 I art     : Explicit concurrent mark sweep GC freed 3(96B) AllocSpace objects, 0(0B) LOS objects, 27% free, 41MB/57MB, paused 2.323ms total 70.962ms
08-06 12:56:00.484 23918 23918 D AndroidRuntime: CheckJNI is OFF
08-06 12:56:00.538 23918 23918 D ICU     : No timezone override file found: /data/misc/zoneinfo/current/icu/icu_tzdata.dat
08-06 12:56:00.586 23918 23918 I Radio-JNI: register_android_hardware_Radio DONE
08-06 12:56:00.618 23918 23918 D AndroidRuntime: Calling main entry com.android.commands.input.Input
08-06 12:56:00.620 23918 23918 I Input   : injectMotionEvent: MotionEvent { action=ACTION_DOWN, actionButton=0, id[0]=0, x[0]=553.0, y[0]=442.0, toolType[0]=TOOL_TYPE_UNKNOWN, buttonState=0, metaState=0, flags=0x0, edgeFlags=0x0, pointerCount=1, historySize=0, eventTime=881777033, downTime=881777033, deviceId=0, source=0x1002 }
08-06 12:56:00.627 23918 23918 I Input   : injectMotionEvent: MotionEvent { action=ACTION_UP, actionButton=0, id[0]=0, x[0]=553.0, y[0]=442.0, toolType[0]=TOOL_TYPE_UNKNOWN, buttonState=0, metaState=0, flags=0x0, edgeFlags=0x0, pointerCount=1, historySize=0, eventTime=881777033, downTime=881777033, deviceId=0, source=0x1002 }
08-06 12:56:00.631 23918 23918 D AndroidRuntime: Shutting down VM
08-06 12:56:00.701   918  6111 I ActivityManager: START u0 {cmp=baseline.com.newsblur/.activity.AllSharedStoriesItemsList (has extras)} from uid 10698 on display 0
08-06 12:56:00.732  6998 21975 I baseline.com.newsblur.database.BlurDatabaseHelper: reading session reset
08-06 12:56:00.907  6998  7011 I art     : Starting a blocking GC Explicit
08-06 12:56:00.972  6998  7011 I art     : Explicit concurrent mark sweep GC freed 4188(330KB) AllocSpace objects, 7(232KB) LOS objects, 27% free, 41MB/57MB, paused 2.096ms total 64.859ms
08-06 12:56:00.990  6998  6998 D baseline.com.newsblur.service.NBSyncService: rejecting request for feedset that is exhaused
08-06 12:56:00.992  6998  7011 I art     : Starting a blocking GC Explicit
08-06 12:56:01.002  6998  6998 W View    : requestLayout() improperly called by android.widget.FrameLayout{ceca9bd V.E...... ......ID 0,0-1440,18 #7f07003f app:id/footer_view_inner} during layout: running second layout pass
08-06 12:56:01.002  6998  6998 W View    : requestLayout() improperly called by android.widget.FrameLayout{1aa0bb2 V.E...... ......ID 0,0-1440,2091 #7f07003f app:id/footer_view_inner} during layout: running second layout pass
08-06 12:56:01.023   918   936 I ActivityManager: Displayed baseline.com.newsblur/.activity.AllSharedStoriesItemsList: +307ms
08-06 12:56:01.023 13866 13866 I GoogleInputMethodServic: GoogleInputMethodService.onFinishInput():3138 
08-06 12:56:01.024 13866 13866 I GoogleInputMethodServic: GoogleInputMethodService.onStartInput():1808 
08-06 12:56:01.061  6998  7011 I art     : Explicit concurrent mark sweep GC freed 1074(80KB) AllocSpace objects, 4(80KB) LOS objects, 27% free, 41MB/57MB, paused 2.981ms total 68.715ms
08-06 12:56:01.083  6998  7011 I art     : Starting a blocking GC Explicit
08-06 12:56:01.124  6998 22020 I NAPPA_EXPERIMENTATION: MetricNetworkRequestExecutionTime: REQUEST_DURATION_SYSTEM='34',REQUEST_DURATION_OKHTTP='34',REQUEST_SYNCHRONOUS='TRUE',RESPONSE_CODE='200',RESPONSE_METHOD='GET',RESPONSE_LENGTH_OKHTTP='43',RESPONSE_LENGTH_HEADER='43',REQUEST_PROTOCOL='http/1.1',REQUEST_URL='http://feeds.feedburner.com/~r/retort/~4/UffaFMiJbNs',
08-06 12:56:01.156  6998  7011 I art     : Explicit concurrent mark sweep GC freed 1237(86KB) AllocSpace objects, 4(80KB) LOS objects, 27% free, 42MB/58MB, paused 2.361ms total 72.832ms
08-06 12:56:01.179  6998  7011 I art     : Starting a blocking GC Explicit
08-06 12:56:01.246  6998  7011 I art     : Explicit concurrent mark sweep GC freed 1791(71KB) AllocSpace objects, 0(0B) LOS objects, 27% free, 42MB/58MB, paused 2.084ms total 66.364ms
08-06 12:56:01.266  6998  7011 I art     : Starting a blocking GC Explicit
08-06 12:56:01.271  6998 23886 E baseline.com.newsblur.network.APIResponse: Error (unexpected end of stream on https://www.newsblur.com/...) calling https://www.newsblur.com/reader/mark_story_hashes_as_read/
08-06 12:56:01.271  6998 23886 E baseline.com.newsblur.network.APIResponse: java.io.IOException: unexpected end of stream on https://www.newsblur.com/...
08-06 12:56:01.271  6998 23886 E baseline.com.newsblur.network.APIResponse: 	at okhttp3.internal.http1.Http1ExchangeCodec.readResponseHeaders(Http1ExchangeCodec.java:236)
08-06 12:56:01.271  6998 23886 E baseline.com.newsblur.network.APIResponse: 	at okhttp3.internal.connection.Exchange.readResponseHeaders(Exchange.java:115)
08-06 12:56:01.271  6998 23886 E baseline.com.newsblur.network.APIResponse: 	at okhttp3.internal.http.CallServerInterceptor.intercept(CallServerInterceptor.java:94)
08-06 12:56:01.271  6998 23886 E baseline.com.newsblur.network.APIResponse: 	at okhttp3.internal.http.RealInterceptorChain.proceed(RealInterceptorChain.java:142)
08-06 12:56:01.271  6998 23886 E baseline.com.newsblur.network.APIResponse: 	at okhttp3.internal.connection.ConnectInterceptor.intercept(ConnectInterceptor.java:43)
08-06 12:56:01.271  6998 23886 E baseline.com.newsblur.network.APIResponse: 	at okhttp3.internal.http.RealInterceptorChain.proceed(RealInterceptorChain.java:142)
08-06 12:56:01.271  6998 23886 E baseline.com.newsblur.network.APIResponse: 	at okhttp3.internal.http.RealInterceptorChain.proceed(RealInterceptorChain.java:117)
08-06 12:56:01.271  6998 23886 E baseline.com.newsblur.network.APIResponse: 	at okhttp3.internal.cache.CacheInterceptor.intercept(CacheInterceptor.java:94)
08-06 12:56:01.271  6998 23886 E baseline.com.newsblur.network.APIResponse: 	at okhttp3.internal.http.RealInterceptorChain.proceed(RealInterceptorChain.java:142)
08-06 12:56:01.271  6998 23886 E baseline.com.newsblur.network.APIResponse: 	at okhttp3.internal.http.RealInterceptorChain.proceed(RealInterceptorChain.java:117)
08-06 12:56:01.271  6998 23886 E baseline.com.newsblur.network.APIResponse: 	at okhttp3.internal.http.BridgeInterceptor.intercept(BridgeInterceptor.java:93)
08-06 12:56:01.271  6998 23886 E baseline.com.newsblur.network.APIResponse: 	at okhttp3.internal.http.RealInterceptorChain.proceed(RealInterceptorChain.java:142)
08-06 12:56:01.271  6998 23886 E baseline.com.newsblur.network.APIResponse: 	at okhttp3.internal.http.RetryAndFollowUpInterceptor.intercept(RetryAndFollowUpInterceptor.java:88)
08-06 12:56:01.271  6998 23886 E baseline.com.newsblur.network.APIResponse: 	at okhttp3.internal.http.RealInterceptorChain.proceed(RealInterceptorChain.java:142)
08-06 12:56:01.271  6998 23886 E baseline.com.newsblur.network.APIResponse: 	at okhttp3.internal.http.RealInterceptorChain.proceed(RealInterceptorChain.java:117)
08-06 12:56:01.271  6998 23886 E baseline.com.newsblur.network.APIResponse: 	at okhttp3.RealCall.getResponseWithInterceptorChain(RealCall.java:229)
08-06 12:56:01.271  6998 23886 E baseline.com.newsblur.network.APIResponse: 	at okhttp3.RealCall.execute(RealCall.java:81)
08-06 12:56:01.271  6998 23886 E baseline.com.newsblur.network.APIResponse: 	at baseline.com.newsblur.network.APIResponse.<init>(APIResponse.java:57)
08-06 12:56:01.271  6998 23886 E baseline.com.newsblur.network.APIResponse: 	at baseline.com.newsblur.network.APIResponse.<init>(APIResponse.java:43)
08-06 12:56:01.271  6998 23886 E baseline.com.newsblur.network.APIResponse: 	at baseline.com.newsblur.network.APIManager.post_single(APIManager.java:702)
08-06 12:56:01.271  6998 23886 E baseline.com.newsblur.network.APIResponse: 	at baseline.com.newsblur.network.APIManager.post(APIManager.java:675)
08-06 12:56:01.271  6998 23886 E baseline.com.newsblur.network.APIResponse: 	at baseline.com.newsblur.network.APIManager.post(APIManager.java:714)
08-06 12:56:01.271  6998 23886 E baseline.com.newsblur.network.APIResponse: 	at baseline.com.newsblur.network.APIManager.markStoryAsRead(APIManager.java:205)
08-06 12:56:01.271  6998 23886 E baseline.com.newsblur.network.APIResponse: 	at baseline.com.newsblur.util.ReadingAction.doRemote(ReadingAction.java:281)
08-06 12:56:01.271  6998 23886 E baseline.com.newsblur.network.APIResponse: 	at baseline.com.newsblur.service.NBSyncService.syncActions(NBSyncService.java:400)
08-06 12:56:01.271  6998 23886 E baseline.com.newsblur.network.APIResponse: 	at baseline.com.newsblur.service.NBSyncService.doSync(NBSyncService.java:298)
08-06 12:56:01.271  6998 23886 E baseline.com.newsblur.network.APIResponse: 	at baseline.com.newsblur.service.NBSyncService.access$100(NBSyncService.java:67)
08-06 12:56:01.271  6998 23886 E baseline.com.newsblur.network.APIResponse: 	at baseline.com.newsblur.service.NBSyncService$1.run(NBSyncService.java:188)
08-06 12:56:01.271  6998 23886 E baseline.com.newsblur.network.APIResponse: 	at java.util.concurrent.ThreadPoolExecutor.runWorker(ThreadPoolExecutor.java:1113)
08-06 12:56:01.271  6998 23886 E baseline.com.newsblur.network.APIResponse: 	at java.util.concurrent.ThreadPoolExecutor$Worker.run(ThreadPoolExecutor.java:588)
08-06 12:56:01.271  6998 23886 E baseline.com.newsblur.network.APIResponse: 	at java.lang.Thread.run(Thread.java:818)
08-06 12:56:01.271  6998 23886 E baseline.com.newsblur.network.APIResponse: Caused by: java.io.EOFException: \n not found: limit=0 content=
08-06 12:56:01.271  6998 23886 E baseline.com.newsblur.network.APIResponse: 	at okio.RealBufferedSource.readUtf8LineStrict(RealBufferedSource.java:240)
08-06 12:56:01.271  6998 23886 E baseline.com.newsblur.network.APIResponse: 	at okhttp3.internal.http1.Http1ExchangeCodec.readHeaderLine(Http1ExchangeCodec.java:242)
08-06 12:56:01.271  6998 23886 E baseline.com.newsblur.network.APIResponse: 	at okhttp3.internal.http1.Http1ExchangeCodec.readResponseHeaders(Http1ExchangeCodec.java:213)
08-06 12:56:01.271  6998 23886 E baseline.com.newsblur.network.APIResponse: 	... 30 more
08-06 12:56:01.272  6998 23886 I baseline.com.newsblur.network.APIManager: API call failed, pausing before retry number 2
08-06 12:56:01.337  6998  7011 I art     : Explicit concurrent mark sweep GC freed 733(199KB) AllocSpace objects, 3(60KB) LOS objects, 27% free, 42MB/58MB, paused 1.865ms total 70.721ms
08-06 12:56:01.653   918  3261 D WifiStateMachine: starting scan for "H369AA63323"WPA_PSK with 2412,5180
08-06 12:56:01.767  6998  7011 I art     : Starting a blocking GC Explicit
08-06 12:56:01.845  6998  7011 I art     : Explicit concurrent mark sweep GC freed 2053(124KB) AllocSpace objects, 1(20KB) LOS objects, 27% free, 41MB/57MB, paused 2.433ms total 77.950ms
08-06 12:56:01.869  6998  7011 I art     : Starting a blocking GC Explicit
08-06 12:56:01.899   918  3188 I hubconnection: sensorhub said: 'set_bias 3: -5.3952, 0.0000, 0.0000'
08-06 12:56:01.946  6998  7011 I art     : Explicit concurrent mark sweep GC freed 46(1600B) AllocSpace objects, 0(0B) LOS objects, 27% free, 41MB/57MB, paused 2.261ms total 76.261ms
08-06 12:56:01.968  6998  7011 I art     : Starting a blocking GC Explicit
08-06 12:56:02.045  6998  7011 I art     : Explicit concurrent mark sweep GC freed 3(96B) AllocSpace objects, 0(0B) LOS objects, 27% free, 41MB/57MB, paused 2.368ms total 76.660ms
08-06 12:56:02.069  6998  7011 I art     : Starting a blocking GC Explicit
08-06 12:56:02.147  6998  7011 I art     : Explicit concurrent mark sweep GC freed 3(96B) AllocSpace objects, 0(0B) LOS objects, 27% free, 41MB/57MB, paused 2.308ms total 77.049ms
08-06 12:56:02.171  6998  7011 I art     : Starting a blocking GC Explicit
08-06 12:56:02.256  6998  7011 I art     : Explicit concurrent mark sweep GC freed 16(512B) AllocSpace objects, 0(0B) LOS objects, 27% free, 41MB/57MB, paused 3.377ms total 84.458ms
08-06 12:56:02.718  6998 21988 I art     : Starting a blocking GC Explicit
08-06 12:56:02.795  6998 21988 I art     : Explicit concurrent mark sweep GC freed 1462(83KB) AllocSpace objects, 1(20KB) LOS objects, 27% free, 41MB/57MB, paused 2.285ms total 77.184ms
08-06 12:56:02.818  6998 21988 I art     : Starting a blocking GC Explicit
08-06 12:56:02.897  6998 21988 I art     : Explicit concurrent mark sweep GC freed 22(784B) AllocSpace objects, 0(0B) LOS objects, 27% free, 41MB/57MB, paused 2.278ms total 78.445ms
08-06 12:56:02.920  6998 21988 I art     : Starting a blocking GC Explicit
08-06 12:56:02.997  6998 21988 I art     : Explicit concurrent mark sweep GC freed 3(96B) AllocSpace objects, 0(0B) LOS objects, 27% free, 41MB/57MB, paused 2.308ms total 76.924ms
08-06 12:56:03.020  6998 21988 I art     : Starting a blocking GC Explicit
08-06 12:56:03.098  6998 21988 I art     : Explicit concurrent mark sweep GC freed 3(96B) AllocSpace objects, 0(0B) LOS objects, 27% free, 41MB/57MB, paused 2.201ms total 77.616ms
08-06 12:56:03.122  6998 21988 I art     : Starting a blocking GC Explicit
08-06 12:56:03.196  6998 21988 I art     : Explicit concurrent mark sweep GC freed 3(96B) AllocSpace objects, 0(0B) LOS objects, 27% free, 41MB/57MB, paused 2.107ms total 73.491ms
08-06 12:56:03.635  6998 22841 I art     : Starting a blocking GC Explicit
08-06 12:56:03.714  6998 22841 I art     : Explicit concurrent mark sweep GC freed 1445(83KB) AllocSpace objects, 1(20KB) LOS objects, 27% free, 41MB/57MB, paused 2.332ms total 78.553ms
08-06 12:56:03.737  6998 22841 I art     : Starting a blocking GC Explicit
08-06 12:56:03.815  6998 22841 I art     : Explicit concurrent mark sweep GC freed 22(784B) AllocSpace objects, 0(0B) LOS objects, 27% free, 41MB/57MB, paused 2.252ms total 77.704ms
08-06 12:56:03.838  6998 22841 I art     : Starting a blocking GC Explicit
08-06 12:56:03.917  6998 22841 I art     : Explicit concurrent mark sweep GC freed 3(96B) AllocSpace objects, 0(0B) LOS objects, 27% free, 41MB/57MB, paused 2.664ms total 78.736ms
08-06 12:56:03.940  6998 22841 I art     : Starting a blocking GC Explicit
08-06 12:56:04.017  6998 22841 I art     : Explicit concurrent mark sweep GC freed 3(96B) AllocSpace objects, 0(0B) LOS objects, 27% free, 41MB/57MB, paused 2.370ms total 76.854ms
08-06 12:56:04.040  6998 22841 I art     : Starting a blocking GC Explicit
08-06 12:56:04.116  6998 22841 I art     : Explicit concurrent mark sweep GC freed 3(96B) AllocSpace objects, 0(0B) LOS objects, 27% free, 41MB/57MB, paused 2.304ms total 75.740ms
08-06 12:56:04.448 23709 23822 W ConnectionTracker: Exception thrown while unbinding
08-06 12:56:04.448 23709 23822 W ConnectionTracker: java.lang.IllegalArgumentException: Service not registered: lu@1dbaae3
08-06 12:56:04.448 23709 23822 W ConnectionTracker: 	at android.app.LoadedApk.forgetServiceDispatcher(LoadedApk.java:1044)
08-06 12:56:04.448 23709 23822 W ConnectionTracker: 	at android.app.ContextImpl.unbindService(ContextImpl.java:1337)
08-06 12:56:04.448 23709 23822 W ConnectionTracker: 	at android.content.ContextWrapper.unbindService(ContextWrapper.java:616)
08-06 12:56:04.448 23709 23822 W ConnectionTracker: 	at cg.b(:com.google.android.gms.dynamite_measurementdynamite@202614048@20.26.14 (040400-0):1)
08-06 12:56:04.448 23709 23822 W ConnectionTracker: 	at cg.a(:com.google.android.gms.dynamite_measurementdynamite@202614048@20.26.14 (040400-0):6)
08-06 12:56:04.448 23709 23822 W ConnectionTracker: 	at lv.A(:com.google.android.gms.dynamite_measurementdynamite@202614048@20.26.14 (040400-0):10)
08-06 12:56:04.448 23709 23822 W ConnectionTracker: 	at lg.a(:com.google.android.gms.dynamite_measurementdynamite@202614048@20.26.14 (040400-0):3)
08-06 12:56:04.448 23709 23822 W ConnectionTracker: 	at dz.run(:com.google.android.gms.dynamite_measurementdynamite@202614048@20.26.14 (040400-0):3)
08-06 12:56:04.448 23709 23822 W ConnectionTracker: 	at java.util.concurrent.Executors$RunnableAdapter.call(Executors.java:423)
08-06 12:56:04.448 23709 23822 W ConnectionTracker: 	at java.util.concurrent.FutureTask.run(FutureTask.java:237)
08-06 12:56:04.448 23709 23822 W ConnectionTracker: 	at jb.run(:com.google.android.gms.dynamite_measurementdynamite@202614048@20.26.14 (040400-0):6)
08-06 12:56:04.579  6998  7009 I art     : Starting a blocking GC Explicit
08-06 12:56:04.657  6998  7009 I art     : Explicit concurrent mark sweep GC freed 1611(92KB) AllocSpace objects, 1(20KB) LOS objects, 27% free, 41MB/57MB, paused 2.247ms total 78.028ms
08-06 12:56:04.679  6998  7009 I art     : Starting a blocking GC Explicit
08-06 12:56:04.758  6998  7009 I art     : Explicit concurrent mark sweep GC freed 28(1040B) AllocSpace objects, 0(0B) LOS objects, 27% free, 41MB/57MB, paused 2.378ms total 78.761ms
08-06 12:56:04.788  6998  7009 I art     : Starting a blocking GC Explicit
08-06 12:56:04.833  6998 23886 E baseline.com.newsblur.network.APIResponse: Error (unexpected end of stream on https://www.newsblur.com/...) calling https://www.newsblur.com/reader/mark_story_hashes_as_read/
08-06 12:56:04.833  6998 23886 E baseline.com.newsblur.network.APIResponse: java.io.IOException: unexpected end of stream on https://www.newsblur.com/...
08-06 12:56:04.833  6998 23886 E baseline.com.newsblur.network.APIResponse: 	at okhttp3.internal.http1.Http1ExchangeCodec.readResponseHeaders(Http1ExchangeCodec.java:236)
08-06 12:56:04.833  6998 23886 E baseline.com.newsblur.network.APIResponse: 	at okhttp3.internal.connection.Exchange.readResponseHeaders(Exchange.java:115)
08-06 12:56:04.833  6998 23886 E baseline.com.newsblur.network.APIResponse: 	at okhttp3.internal.http.CallServerInterceptor.intercept(CallServerInterceptor.java:94)
08-06 12:56:04.833  6998 23886 E baseline.com.newsblur.network.APIResponse: 	at okhttp3.internal.http.RealInterceptorChain.proceed(RealInterceptorChain.java:142)
08-06 12:56:04.833  6998 23886 E baseline.com.newsblur.network.APIResponse: 	at okhttp3.internal.connection.ConnectInterceptor.intercept(ConnectInterceptor.java:43)
08-06 12:56:04.833  6998 23886 E baseline.com.newsblur.network.APIResponse: 	at okhttp3.internal.http.RealInterceptorChain.proceed(RealInterceptorChain.java:142)
08-06 12:56:04.833  6998 23886 E baseline.com.newsblur.network.APIResponse: 	at okhttp3.internal.http.RealInterceptorChain.proceed(RealInterceptorChain.java:117)
08-06 12:56:04.833  6998 23886 E baseline.com.newsblur.network.APIResponse: 	at okhttp3.internal.cache.CacheInterceptor.intercept(CacheInterceptor.java:94)
08-06 12:56:04.833  6998 23886 E baseline.com.newsblur.network.APIResponse: 	at okhttp3.internal.http.RealInterceptorChain.proceed(RealInterceptorChain.java:142)
08-06 12:56:04.833  6998 23886 E baseline.com.newsblur.network.APIResponse: 	at okhttp3.internal.http.RealInterceptorChain.proceed(RealInterceptorChain.java:117)
08-06 12:56:04.833  6998 23886 E baseline.com.newsblur.network.APIResponse: 	at okhttp3.internal.http.BridgeInterceptor.intercept(BridgeInterceptor.java:93)
08-06 12:56:04.833  6998 23886 E baseline.com.newsblur.network.APIResponse: 	at okhttp3.internal.http.RealInterceptorChain.proceed(RealInterceptorChain.java:142)
08-06 12:56:04.833  6998 23886 E baseline.com.newsblur.network.APIResponse: 	at okhttp3.internal.http.RetryAndFollowUpInterceptor.intercept(RetryAndFollowUpInterceptor.java:88)
08-06 12:56:04.833  6998 23886 E baseline.com.newsblur.network.APIResponse: 	at okhttp3.internal.http.RealInterceptorChain.proceed(RealInterceptorChain.java:142)
08-06 12:56:04.833  6998 23886 E baseline.com.newsblur.network.APIResponse: 	at okhttp3.internal.http.RealInterceptorChain.proceed(RealInterceptorChain.java:117)
08-06 12:56:04.833  6998 23886 E baseline.com.newsblur.network.APIResponse: 	at okhttp3.RealCall.getResponseWithInterceptorChain(RealCall.java:229)
08-06 12:56:04.833  6998 23886 E baseline.com.newsblur.network.APIResponse: 	at okhttp3.RealCall.execute(RealCall.java:81)
08-06 12:56:04.833  6998 23886 E baseline.com.newsblur.network.APIResponse: 	at baseline.com.newsblur.network.APIResponse.<init>(APIResponse.java:57)
08-06 12:56:04.833  6998 23886 E baseline.com.newsblur.network.APIResponse: 	at baseline.com.newsblur.network.APIResponse.<init>(APIResponse.java:43)
08-06 12:56:04.833  6998 23886 E baseline.com.newsblur.network.APIResponse: 	at baseline.com.newsblur.network.APIManager.post_single(APIManager.java:702)
08-06 12:56:04.833  6998 23886 E baseline.com.newsblur.network.APIResponse: 	at baseline.com.newsblur.network.APIManager.post(APIManager.java:675)
08-06 12:56:04.833  6998 23886 E baseline.com.newsblur.network.APIResponse: 	at baseline.com.newsblur.network.APIManager.post(APIManager.java:714)
08-06 12:56:04.833  6998 23886 E baseline.com.newsblur.network.APIResponse: 	at baseline.com.newsblur.network.APIManager.markStoryAsRead(APIManager.java:205)
08-06 12:56:04.833  6998 23886 E baseline.com.newsblur.network.APIResponse: 	at baseline.com.newsblur.util.ReadingAction.doRemote(ReadingAction.java:281)
08-06 12:56:04.833  6998 23886 E baseline.com.newsblur.network.APIResponse: 	at baseline.com.newsblur.service.NBSyncService.syncActions(NBSyncService.java:400)
08-06 12:56:04.833  6998 23886 E baseline.com.newsblur.network.APIResponse: 	at baseline.com.newsblur.service.NBSyncService.doSync(NBSyncService.java:298)
08-06 12:56:04.833  6998 23886 E baseline.com.newsblur.network.APIResponse: 	at baseline.com.newsblur.service.NBSyncService.access$100(NBSyncService.java:67)
08-06 12:56:04.833  6998 23886 E baseline.com.newsblur.network.APIResponse: 	at baseline.com.newsblur.service.NBSyncService$1.run(NBSyncService.java:188)
08-06 12:56:04.833  6998 23886 E baseline.com.newsblur.network.APIResponse: 	at java.util.concurrent.ThreadPoolExecutor.runWorker(ThreadPoolExecutor.java:1113)
08-06 12:56:04.833  6998 23886 E baseline.com.newsblur.network.APIResponse: 	at java.util.concurrent.ThreadPoolExecutor$Worker.run(ThreadPoolExecutor.java:588)
08-06 12:56:04.833  6998 23886 E baseline.com.newsblur.network.APIResponse: 	at java.lang.Thread.run(Thread.java:818)
08-06 12:56:04.833  6998 23886 E baseline.com.newsblur.network.APIResponse: Caused by: java.io.EOFException: \n not found: limit=0 content=
08-06 12:56:04.833  6998 23886 E baseline.com.newsblur.network.APIResponse: 	at okio.RealBufferedSource.readUtf8LineStrict(RealBufferedSource.java:240)
08-06 12:56:04.833  6998 23886 E baseline.com.newsblur.network.APIResponse: 	at okhttp3.internal.http1.Http1ExchangeCodec.readHeaderLine(Http1ExchangeCodec.java:242)
08-06 12:56:04.833  6998 23886 E baseline.com.newsblur.network.APIResponse: 	at okhttp3.internal.http1.Http1ExchangeCodec.readResponseHeaders(Http1ExchangeCodec.java:213)
08-06 12:56:04.833  6998 23886 E baseline.com.newsblur.network.APIResponse: 	... 30 more
08-06 12:56:04.834  6998 23886 I baseline.com.newsblur.service.NBSyncService: Holding reading action with server-side or network error.
08-06 12:56:04.847  6998 23886 W baseline.com.newsblur.service.NBSyncService: hard API failure
08-06 12:56:04.867  6998  7009 I art     : Explicit concurrent mark sweep GC freed 2747(303KB) AllocSpace objects, 4(80KB) LOS objects, 27% free, 42MB/58MB, paused 2.357ms total 78.461ms
08-06 12:56:04.871   518   646 I ThermalEngine: ACTION: GPU - Setting GPU[0] to 450000000
08-06 12:56:04.885  6998  7009 I art     : Starting a blocking GC Explicit
08-06 12:56:04.946  6998  7009 I art     : Explicit concurrent mark sweep GC freed 251(23KB) AllocSpace objects, 0(0B) LOS objects, 27% free, 41MB/57MB, paused 1.559ms total 60.633ms
08-06 12:56:04.964  6998  7009 I art     : Starting a blocking GC Explicit
08-06 12:56:05.030  6998  7009 I art     : Explicit concurrent mark sweep GC freed 25(832B) AllocSpace objects, 0(0B) LOS objects, 27% free, 41MB/57MB, paused 1.588ms total 65.815ms
08-06 12:56:05.249  6998 23886 E baseline.com.newsblur.network.APIResponse: Error (unexpected end of stream on https://www.newsblur.com/...) calling https://www.newsblur.com/reader/mark_story_hashes_as_read/
08-06 12:56:05.249  6998 23886 E baseline.com.newsblur.network.APIResponse: java.io.IOException: unexpected end of stream on https://www.newsblur.com/...
08-06 12:56:05.249  6998 23886 E baseline.com.newsblur.network.APIResponse: 	at okhttp3.internal.http1.Http1ExchangeCodec.readResponseHeaders(Http1ExchangeCodec.java:236)
08-06 12:56:05.249  6998 23886 E baseline.com.newsblur.network.APIResponse: 	at okhttp3.internal.connection.Exchange.readResponseHeaders(Exchange.java:115)
08-06 12:56:05.249  6998 23886 E baseline.com.newsblur.network.APIResponse: 	at okhttp3.internal.http.CallServerInterceptor.intercept(CallServerInterceptor.java:94)
08-06 12:56:05.249  6998 23886 E baseline.com.newsblur.network.APIResponse: 	at okhttp3.internal.http.RealInterceptorChain.proceed(RealInterceptorChain.java:142)
08-06 12:56:05.249  6998 23886 E baseline.com.newsblur.network.APIResponse: 	at okhttp3.internal.connection.ConnectInterceptor.intercept(ConnectInterceptor.java:43)
08-06 12:56:05.249  6998 23886 E baseline.com.newsblur.network.APIResponse: 	at okhttp3.internal.http.RealInterceptorChain.proceed(RealInterceptorChain.java:142)
08-06 12:56:05.249  6998 23886 E baseline.com.newsblur.network.APIResponse: 	at okhttp3.internal.http.RealInterceptorChain.proceed(RealInterceptorChain.java:117)
08-06 12:56:05.249  6998 23886 E baseline.com.newsblur.network.APIResponse: 	at okhttp3.internal.cache.CacheInterceptor.intercept(CacheInterceptor.java:94)
08-06 12:56:05.249  6998 23886 E baseline.com.newsblur.network.APIResponse: 	at okhttp3.internal.http.RealInterceptorChain.proceed(RealInterceptorChain.java:142)
08-06 12:56:05.249  6998 23886 E baseline.com.newsblur.network.APIResponse: 	at okhttp3.internal.http.RealInterceptorChain.proceed(RealInterceptorChain.java:117)
08-06 12:56:05.249  6998 23886 E baseline.com.newsblur.network.APIResponse: 	at okhttp3.internal.http.BridgeInterceptor.intercept(BridgeInterceptor.java:93)
08-06 12:56:05.249  6998 23886 E baseline.com.newsblur.network.APIResponse: 	at okhttp3.internal.http.RealInterceptorChain.proceed(RealInterceptorChain.java:142)
08-06 12:56:05.249  6998 23886 E baseline.com.newsblur.network.APIResponse: 	at okhttp3.internal.http.RetryAndFollowUpInterceptor.intercept(RetryAndFollowUpInterceptor.java:88)
08-06 12:56:05.249  6998 23886 E baseline.com.newsblur.network.APIResponse: 	at okhttp3.internal.http.RealInterceptorChain.proceed(RealInterceptorChain.java:142)
08-06 12:56:05.249  6998 23886 E baseline.com.newsblur.network.APIResponse: 	at okhttp3.internal.http.RealInterceptorChain.proceed(RealInterceptorChain.java:117)
08-06 12:56:05.249  6998 23886 E baseline.com.newsblur.network.APIResponse: 	at okhttp3.RealCall.getResponseWithInterceptorChain(RealCall.java:229)
08-06 12:56:05.249  6998 23886 E baseline.com.newsblur.network.APIResponse: 	at okhttp3.RealCall.execute(RealCall.java:81)
08-06 12:56:05.249  6998 23886 E baseline.com.newsblur.network.APIResponse: 	at baseline.com.newsblur.network.APIResponse.<init>(APIResponse.java:57)
08-06 12:56:05.249  6998 23886 E baseline.com.newsblur.network.APIResponse: 	at baseline.com.newsblur.network.APIResponse.<init>(APIResponse.java:43)
08-06 12:56:05.249  6998 23886 E baseline.com.newsblur.network.APIResponse: 	at baseline.com.newsblur.network.APIManager.post_single(APIManager.java:702)
08-06 12:56:05.249  6998 23886 E baseline.com.newsblur.network.APIResponse: 	at baseline.com.newsblur.network.APIManager.post(APIManager.java:675)
08-06 12:56:05.249  6998 23886 E baseline.com.newsblur.network.APIResponse: 	at baseline.com.newsblur.network.APIManager.post(APIManager.java:714)
08-06 12:56:05.249  6998 23886 E baseline.com.newsblur.network.APIResponse: 	at baseline.com.newsblur.network.APIManager.markStoryAsRead(APIManager.java:205)
08-06 12:56:05.249  6998 23886 E baseline.com.newsblur.network.APIResponse: 	at baseline.com.newsblur.util.ReadingAction.doRemote(ReadingAction.java:281)
08-06 12:56:05.249  6998 23886 E baseline.com.newsblur.network.APIResponse: 	at baseline.com.newsblur.service.NBSyncService.syncActions(NBSyncService.java:400)
08-06 12:56:05.249  6998 23886 E baseline.com.newsblur.network.APIResponse: 	at baseline.com.newsblur.service.NBSyncService.doSync(NBSyncService.java:298)
08-06 12:56:05.249  6998 23886 E baseline.com.newsblur.network.APIResponse: 	at baseline.com.newsblur.service.NBSyncService.access$100(NBSyncService.java:67)
08-06 12:56:05.249  6998 23886 E baseline.com.newsblur.network.APIResponse: 	at baseline.com.newsblur.service.NBSyncService$1.run(NBSyncService.java:188)
08-06 12:56:05.249  6998 23886 E baseline.com.newsblur.network.APIResponse: 	at java.util.concurrent.ThreadPoolExecutor.runWorker(ThreadPoolExecutor.java:1113)
08-06 12:56:05.249  6998 23886 E baseline.com.newsblur.network.APIResponse: 	at java.util.concurrent.ThreadPoolExecutor$Worker.run(ThreadPoolExecutor.java:588)
08-06 12:56:05.249  6998 23886 E baseline.com.newsblur.network.APIResponse: 	at java.lang.Thread.run(Thread.java:818)
08-06 12:56:05.249  6998 23886 E baseline.com.newsblur.network.APIResponse: Caused by: java.io.EOFException: \n not found: limit=0 content=
08-06 12:56:05.249  6998 23886 E baseline.com.newsblur.network.APIResponse: 	at okio.RealBufferedSource.readUtf8LineStrict(RealBufferedSource.java:240)
08-06 12:56:05.249  6998 23886 E baseline.com.newsblur.network.APIResponse: 	at okhttp3.internal.http1.Http1ExchangeCodec.readHeaderLine(Http1ExchangeCodec.java:242)
08-06 12:56:05.249  6998 23886 E baseline.com.newsblur.network.APIResponse: 	at okhttp3.internal.http1.Http1ExchangeCodec.readResponseHeaders(Http1ExchangeCodec.java:213)
08-06 12:56:05.249  6998 23886 E baseline.com.newsblur.network.APIResponse: 	... 30 more
08-06 12:56:05.250  6998 23886 I baseline.com.newsblur.network.APIManager: API call failed, pausing before retry number 1
08-06 12:56:05.445  6998  7011 I art     : Starting a blocking GC Explicit
08-06 12:56:05.514  6998  7011 I art     : Explicit concurrent mark sweep GC freed 3953(357KB) AllocSpace objects, 3(60KB) LOS objects, 27% free, 41MB/57MB, paused 1.659ms total 68.941ms
08-06 12:56:05.531  6998  7011 I art     : Starting a blocking GC Explicit
08-06 12:56:05.596  6998  7011 I art     : Explicit concurrent mark sweep GC freed 109(3KB) AllocSpace objects, 0(0B) LOS objects, 27% free, 41MB/57MB, paused 1.584ms total 64.178ms
08-06 12:56:05.610  6998  7011 I art     : Starting a blocking GC Explicit
08-06 12:56:05.678  6998  7011 I art     : Explicit concurrent mark sweep GC freed 3(96B) AllocSpace objects, 0(0B) LOS objects, 27% free, 41MB/57MB, paused 1.675ms total 67.074ms
08-06 12:56:05.692  6998  7011 I art     : Starting a blocking GC Explicit
08-06 12:56:05.757  6998  7011 I art     : Explicit concurrent mark sweep GC freed 3(96B) AllocSpace objects, 0(0B) LOS objects, 27% free, 41MB/57MB, paused 1.621ms total 64.528ms
08-06 12:56:05.773  6998  7011 I art     : Starting a blocking GC Explicit
08-06 12:56:05.841  6998  7011 I art     : Explicit concurrent mark sweep GC freed 3(96B) AllocSpace objects, 0(0B) LOS objects, 27% free, 41MB/57MB, paused 1.508ms total 67.592ms
08-06 12:56:06.264  6998 21780 I art     : Starting a blocking GC Explicit
08-06 12:56:06.335  6998 21780 I art     : Explicit concurrent mark sweep GC freed 1442(84KB) AllocSpace objects, 1(20KB) LOS objects, 27% free, 41MB/57MB, paused 1.677ms total 70.360ms
08-06 12:56:06.354  6998 21780 I art     : Starting a blocking GC Explicit
08-06 12:56:06.420  6998 21780 I art     : Explicit concurrent mark sweep GC freed 22(784B) AllocSpace objects, 0(0B) LOS objects, 27% free, 41MB/57MB, paused 1.576ms total 65.593ms
08-06 12:56:06.435  6998 21780 I art     : Starting a blocking GC Explicit
08-06 12:56:06.501  6998 21780 I art     : Explicit concurrent mark sweep GC freed 3(96B) AllocSpace objects, 0(0B) LOS objects, 27% free, 41MB/57MB, paused 1.587ms total 66.119ms
08-06 12:56:06.516  6998 21780 I art     : Starting a blocking GC Explicit
08-06 12:56:06.584  6998 21780 I art     : Explicit concurrent mark sweep GC freed 3(96B) AllocSpace objects, 0(0B) LOS objects, 27% free, 41MB/57MB, paused 1.456ms total 67.415ms
08-06 12:56:06.601  6998 21780 I art     : Starting a blocking GC Explicit
08-06 12:56:06.668  6998 21780 I art     : Explicit concurrent mark sweep GC freed 3(96B) AllocSpace objects, 0(0B) LOS objects, 27% free, 41MB/57MB, paused 1.769ms total 67.128ms
08-06 12:56:07.077  6998 21988 I art     : Starting a blocking GC Explicit
08-06 12:56:07.144  6998 21988 I art     : Explicit concurrent mark sweep GC freed 1607(91KB) AllocSpace objects, 1(20KB) LOS objects, 27% free, 41MB/57MB, paused 1.696ms total 67.200ms
08-06 12:56:07.160  6998 21988 I art     : Starting a blocking GC Explicit
08-06 12:56:07.226  6998 21988 I art     : Explicit concurrent mark sweep GC freed 28(1040B) AllocSpace objects, 0(0B) LOS objects, 27% free, 41MB/57MB, paused 1.534ms total 65.261ms
08-06 12:56:07.240  6998 21988 I art     : Starting a blocking GC Explicit
08-06 12:56:07.306  6998 21988 I art     : Explicit concurrent mark sweep GC freed 1707(66KB) AllocSpace objects, 0(0B) LOS objects, 27% free, 42MB/58MB, paused 1.580ms total 65.766ms
08-06 12:56:07.308  6998 23886 E baseline.com.newsblur.network.APIResponse: Error (unexpected end of stream on https://www.newsblur.com/...) calling https://www.newsblur.com/reader/mark_story_hashes_as_read/
08-06 12:56:07.308  6998 23886 E baseline.com.newsblur.network.APIResponse: java.io.IOException: unexpected end of stream on https://www.newsblur.com/...
08-06 12:56:07.308  6998 23886 E baseline.com.newsblur.network.APIResponse: 	at okhttp3.internal.http1.Http1ExchangeCodec.readResponseHeaders(Http1ExchangeCodec.java:236)
08-06 12:56:07.308  6998 23886 E baseline.com.newsblur.network.APIResponse: 	at okhttp3.internal.connection.Exchange.readResponseHeaders(Exchange.java:115)
08-06 12:56:07.308  6998 23886 E baseline.com.newsblur.network.APIResponse: 	at okhttp3.internal.http.CallServerInterceptor.intercept(CallServerInterceptor.java:94)
08-06 12:56:07.308  6998 23886 E baseline.com.newsblur.network.APIResponse: 	at okhttp3.internal.http.RealInterceptorChain.proceed(RealInterceptorChain.java:142)
08-06 12:56:07.308  6998 23886 E baseline.com.newsblur.network.APIResponse: 	at okhttp3.internal.connection.ConnectInterceptor.intercept(ConnectInterceptor.java:43)
08-06 12:56:07.308  6998 23886 E baseline.com.newsblur.network.APIResponse: 	at okhttp3.internal.http.RealInterceptorChain.proceed(RealInterceptorChain.java:142)
08-06 12:56:07.308  6998 23886 E baseline.com.newsblur.network.APIResponse: 	at okhttp3.internal.http.RealInterceptorChain.proceed(RealInterceptorChain.java:117)
08-06 12:56:07.308  6998 23886 E baseline.com.newsblur.network.APIResponse: 	at okhttp3.internal.cache.CacheInterceptor.intercept(CacheInterceptor.java:94)
08-06 12:56:07.308  6998 23886 E baseline.com.newsblur.network.APIResponse: 	at okhttp3.internal.http.RealInterceptorChain.proceed(RealInterceptorChain.java:142)
08-06 12:56:07.308  6998 23886 E baseline.com.newsblur.network.APIResponse: 	at okhttp3.internal.http.RealInterceptorChain.proceed(RealInterceptorChain.java:117)
08-06 12:56:07.308  6998 23886 E baseline.com.newsblur.network.APIResponse: 	at okhttp3.internal.http.BridgeInterceptor.intercept(BridgeInterceptor.java:93)
08-06 12:56:07.308  6998 23886 E baseline.com.newsblur.network.APIResponse: 	at okhttp3.internal.http.RealInterceptorChain.proceed(RealInterceptorChain.java:142)
08-06 12:56:07.308  6998 23886 E baseline.com.newsblur.network.APIResponse: 	at okhttp3.internal.http.RetryAndFollowUpInterceptor.intercept(RetryAndFollowUpInterceptor.java:88)
08-06 12:56:07.308  6998 23886 E baseline.com.newsblur.network.APIResponse: 	at okhttp3.internal.http.RealInterceptorChain.proceed(RealInterceptorChain.java:142)
08-06 12:56:07.308  6998 23886 E baseline.com.newsblur.network.APIResponse: 	at okhttp3.internal.http.RealInterceptorChain.proceed(RealInterceptorChain.java:117)
08-06 12:56:07.308  6998 23886 E baseline.com.newsblur.network.APIResponse: 	at okhttp3.RealCall.getResponseWithInterceptorChain(RealCall.java:229)
08-06 12:56:07.308  6998 23886 E baseline.com.newsblur.network.APIResponse: 	at okhttp3.RealCall.execute(RealCall.java:81)
08-06 12:56:07.308  6998 23886 E baseline.com.newsblur.network.APIResponse: 	at baseline.com.newsblur.network.APIResponse.<init>(APIResponse.java:57)
08-06 12:56:07.308  6998 23886 E baseline.com.newsblur.network.APIResponse: 	at baseline.com.newsblur.network.APIResponse.<init>(APIResponse.java:43)
08-06 12:56:07.308  6998 23886 E baseline.com.newsblur.network.APIResponse: 	at baseline.com.newsblur.network.APIManager.post_single(APIManager.java:702)
08-06 12:56:07.308  6998 23886 E baseline.com.newsblur.network.APIResponse: 	at baseline.com.newsblur.network.APIManager.post(APIManager.java:675)
08-06 12:56:07.308  6998 23886 E baseline.com.newsblur.network.APIResponse: 	at baseline.com.newsblur.network.APIManager.post(APIManager.java:714)
08-06 12:56:07.308  6998 23886 E baseline.com.newsblur.network.APIResponse: 	at baseline.com.newsblur.network.APIManager.markStoryAsRead(APIManager.java:205)
08-06 12:56:07.308  6998 23886 E baseline.com.newsblur.network.APIResponse: 	at baseline.com.newsblur.util.ReadingAction.doRemote(ReadingAction.java:281)
08-06 12:56:07.308  6998 23886 E baseline.com.newsblur.network.APIResponse: 	at baseline.com.newsblur.service.NBSyncService.syncActions(NBSyncService.java:400)
08-06 12:56:07.308  6998 23886 E baseline.com.newsblur.network.APIResponse: 	at baseline.com.newsblur.service.NBSyncService.doSync(NBSyncService.java:298)
08-06 12:56:07.308  6998 23886 E baseline.com.newsblur.network.APIResponse: 	at baseline.com.newsblur.service.NBSyncService.access$100(NBSyncService.java:67)
08-06 12:56:07.308  6998 23886 E baseline.com.newsblur.network.APIResponse: 	at baseline.com.newsblur.service.NBSyncService$1.run(NBSyncService.java:188)
08-06 12:56:07.308  6998 23886 E baseline.com.newsblur.network.APIResponse: 	at java.util.concurrent.ThreadPoolExecutor.runWorker(ThreadPoolExecutor.java:1113)
08-06 12:56:07.308  6998 23886 E baseline.com.newsblur.network.APIResponse: 	at java.util.concurrent.ThreadPoolExecutor$Worker.run(ThreadPoolExecutor.java:588)
08-06 12:56:07.308  6998 23886 E baseline.com.newsblur.network.APIResponse: 	at java.lang.Thread.run(Thread.java:818)
08-06 12:56:07.308  6998 23886 E baseline.com.newsblur.network.APIResponse: Caused by: java.io.EOFException: \n not found: limit=0 content=
08-06 12:56:07.308  6998 23886 E baseline.com.newsblur.network.APIResponse: 	at okio.RealBufferedSource.readUtf8LineStrict(RealBufferedSource.java:240)
08-06 12:56:07.308  6998 23886 E baseline.com.newsblur.network.APIResponse: 	at okhttp3.internal.http1.Http1ExchangeCodec.readHeaderLine(Http1ExchangeCodec.java:242)
08-06 12:56:07.308  6998 23886 E baseline.com.newsblur.network.APIResponse: 	at okhttp3.internal.http1.Http1ExchangeCodec.readResponseHeaders(Http1ExchangeCodec.java:213)
08-06 12:56:07.308  6998 23886 E baseline.com.newsblur.network.APIResponse: 	... 30 more
08-06 12:56:07.310  6998 23886 I baseline.com.newsblur.network.APIManager: API call failed, pausing before retry number 2
08-06 12:56:07.321  6998 21988 I art     : Starting a blocking GC Explicit
08-06 12:56:07.386  6998 21988 I art     : Explicit concurrent mark sweep GC freed 846(208KB) AllocSpace objects, 2(40KB) LOS objects, 27% free, 41MB/57MB, paused 1.594ms total 64.567ms
08-06 12:56:07.402  6998 21988 I art     : Starting a blocking GC Explicit
08-06 12:56:07.470  6998 21988 I art     : Explicit concurrent mark sweep GC freed 51(1952B) AllocSpace objects, 0(0B) LOS objects, 27% free, 41MB/57MB, paused 1.646ms total 67.929ms
08-06 12:56:07.890  6998 22841 I art     : Starting a blocking GC Explicit
08-06 12:56:07.962  6998 22841 I art     : Explicit concurrent mark sweep GC freed 1441(82KB) AllocSpace objects, 1(20KB) LOS objects, 27% free, 41MB/57MB, paused 1.467ms total 71.886ms
08-06 12:56:07.982  6998 22841 I art     : Starting a blocking GC Explicit
08-06 12:56:08.049  6998 22841 I art     : Explicit concurrent mark sweep GC freed 22(784B) AllocSpace objects, 0(0B) LOS objects, 27% free, 41MB/57MB, paused 1.590ms total 66.486ms
08-06 12:56:08.064  6998 22841 I art     : Starting a blocking GC Explicit
08-06 12:56:08.129  6998 22841 I art     : Explicit concurrent mark sweep GC freed 3(96B) AllocSpace objects, 0(0B) LOS objects, 27% free, 41MB/57MB, paused 1.622ms total 65.290ms
08-06 12:56:08.144  6998 22841 I art     : Starting a blocking GC Explicit
08-06 12:56:08.212  6998 22841 I art     : Explicit concurrent mark sweep GC freed 3(96B) AllocSpace objects, 0(0B) LOS objects, 27% free, 41MB/57MB, paused 1.574ms total 67.420ms
08-06 12:56:08.227  6998 22841 I art     : Starting a blocking GC Explicit
08-06 12:56:08.295  6998 22841 I art     : Explicit concurrent mark sweep GC freed 3(96B) AllocSpace objects, 0(0B) LOS objects, 27% free, 41MB/57MB, paused 1.627ms total 67.786ms
08-06 12:56:08.704  6998  7009 I art     : Starting a blocking GC Explicit
08-06 12:56:08.774  6998  7009 I art     : Explicit concurrent mark sweep GC freed 1441(82KB) AllocSpace objects, 1(20KB) LOS objects, 27% free, 41MB/57MB, paused 1.682ms total 69.591ms
08-06 12:56:08.775  6998  7008 I art     : WaitForGcToComplete blocked for 60.240ms for cause HeapTrim
08-06 12:56:08.792  6998  7009 I art     : Starting a blocking GC Explicit
08-06 12:56:08.858  6998  7009 I art     : Explicit concurrent mark sweep GC freed 22(784B) AllocSpace objects, 0(0B) LOS objects, 27% free, 41MB/57MB, paused 1.680ms total 65.334ms
08-06 12:56:08.873  6998  7009 I art     : Starting a blocking GC Explicit
08-06 12:56:08.941  6998  7009 I art     : Explicit concurrent mark sweep GC freed 3(96B) AllocSpace objects, 0(0B) LOS objects, 27% free, 41MB/57MB, paused 1.662ms total 67.835ms
08-06 12:56:08.955  6998  7009 I art     : Starting a blocking GC Explicit
08-06 12:56:09.023  6998  7009 I art     : Explicit concurrent mark sweep GC freed 3(96B) AllocSpace objects, 0(0B) LOS objects, 27% free, 41MB/57MB, paused 1.625ms total 66.862ms
08-06 12:56:09.038  6998  7009 I art     : Starting a blocking GC Explicit
08-06 12:56:09.102  6998  7009 I art     : Explicit concurrent mark sweep GC freed 3(96B) AllocSpace objects, 0(0B) LOS objects, 27% free, 41MB/57MB, paused 1.469ms total 64.204ms
08-06 12:56:09.535  6998  7011 I art     : Starting a blocking GC Explicit
08-06 12:56:09.604  6998  7011 I art     : Explicit concurrent mark sweep GC freed 1441(82KB) AllocSpace objects, 1(20KB) LOS objects, 27% free, 41MB/57MB, paused 1.464ms total 68.842ms
08-06 12:56:09.620  6998  7011 I art     : Starting a blocking GC Explicit
08-06 12:56:09.686  6998  7011 I art     : Explicit concurrent mark sweep GC freed 22(784B) AllocSpace objects, 0(0B) LOS objects, 27% free, 41MB/57MB, paused 1.520ms total 65.644ms
08-06 12:56:09.701  6998  7011 I art     : Starting a blocking GC Explicit
08-06 12:56:09.767  6998  7011 I art     : Explicit concurrent mark sweep GC freed 3(96B) AllocSpace objects, 0(0B) LOS objects, 27% free, 41MB/57MB, paused 1.600ms total 65.940ms
08-06 12:56:09.783  6998  7011 I art     : Starting a blocking GC Explicit
08-06 12:56:09.850  6998  7011 I art     : Explicit concurrent mark sweep GC freed 3(96B) AllocSpace objects, 0(0B) LOS objects, 27% free, 41MB/57MB, paused 1.617ms total 66.841ms
08-06 12:56:09.869  6998  7011 I art     : Starting a blocking GC Explicit
08-06 12:56:09.934  6998  7011 I art     : Explicit concurrent mark sweep GC freed 3(96B) AllocSpace objects, 0(0B) LOS objects, 27% free, 41MB/57MB, paused 1.562ms total 64.445ms
08-06 12:56:10.346  6998 21988 I art     : Starting a blocking GC Explicit
08-06 12:56:10.417  6998 21988 I art     : Explicit concurrent mark sweep GC freed 1545(87KB) AllocSpace objects, 1(20KB) LOS objects, 27% free, 41MB/57MB, paused 1.704ms total 69.622ms
08-06 12:56:10.435  6998 21988 I art     : Starting a blocking GC Explicit
08-06 12:56:10.498  6998 21988 I art     : Explicit concurrent mark sweep GC freed 90(5KB) AllocSpace objects, 0(0B) LOS objects, 27% free, 41MB/57MB, paused 1.586ms total 62.631ms
08-06 12:56:10.513  6998 21988 I art     : Starting a blocking GC Explicit
08-06 12:56:10.580  6998 21988 I art     : Explicit concurrent mark sweep GC freed 3(96B) AllocSpace objects, 0(0B) LOS objects, 27% free, 41MB/57MB, paused 1.554ms total 66.731ms
08-06 12:56:10.595  6998 21988 I art     : Starting a blocking GC Explicit
08-06 12:56:10.662  6998 21988 I art     : Explicit concurrent mark sweep GC freed 3(96B) AllocSpace objects, 0(0B) LOS objects, 27% free, 41MB/57MB, paused 1.667ms total 66.968ms
08-06 12:56:10.677  6998 21988 I art     : Starting a blocking GC Explicit
08-06 12:56:10.745  6998 21988 I art     : Explicit concurrent mark sweep GC freed 3(96B) AllocSpace objects, 0(0B) LOS objects, 27% free, 41MB/57MB, paused 1.564ms total 67.140ms
08-06 12:56:10.890  6998 23886 E baseline.com.newsblur.network.APIResponse: Error (unexpected end of stream on https://www.newsblur.com/...) calling https://www.newsblur.com/reader/mark_story_hashes_as_read/
08-06 12:56:10.890  6998 23886 E baseline.com.newsblur.network.APIResponse: java.io.IOException: unexpected end of stream on https://www.newsblur.com/...
08-06 12:56:10.890  6998 23886 E baseline.com.newsblur.network.APIResponse: 	at okhttp3.internal.http1.Http1ExchangeCodec.readResponseHeaders(Http1ExchangeCodec.java:236)
08-06 12:56:10.890  6998 23886 E baseline.com.newsblur.network.APIResponse: 	at okhttp3.internal.connection.Exchange.readResponseHeaders(Exchange.java:115)
08-06 12:56:10.890  6998 23886 E baseline.com.newsblur.network.APIResponse: 	at okhttp3.internal.http.CallServerInterceptor.intercept(CallServerInterceptor.java:94)
08-06 12:56:10.890  6998 23886 E baseline.com.newsblur.network.APIResponse: 	at okhttp3.internal.http.RealInterceptorChain.proceed(RealInterceptorChain.java:142)
08-06 12:56:10.890  6998 23886 E baseline.com.newsblur.network.APIResponse: 	at okhttp3.internal.connection.ConnectInterceptor.intercept(ConnectInterceptor.java:43)
08-06 12:56:10.890  6998 23886 E baseline.com.newsblur.network.APIResponse: 	at okhttp3.internal.http.RealInterceptorChain.proceed(RealInterceptorChain.java:142)
08-06 12:56:10.890  6998 23886 E baseline.com.newsblur.network.APIResponse: 	at okhttp3.internal.http.RealInterceptorChain.proceed(RealInterceptorChain.java:117)
08-06 12:56:10.890  6998 23886 E baseline.com.newsblur.network.APIResponse: 	at okhttp3.internal.cache.CacheInterceptor.intercept(CacheInterceptor.java:94)
08-06 12:56:10.890  6998 23886 E baseline.com.newsblur.network.APIResponse: 	at okhttp3.internal.http.RealInterceptorChain.proceed(RealInterceptorChain.java:142)
08-06 12:56:10.890  6998 23886 E baseline.com.newsblur.network.APIResponse: 	at okhttp3.internal.http.RealInterceptorChain.proceed(RealInterceptorChain.java:117)
08-06 12:56:10.890  6998 23886 E baseline.com.newsblur.network.APIResponse: 	at okhttp3.internal.http.BridgeInterceptor.intercept(BridgeInterceptor.java:93)
08-06 12:56:10.890  6998 23886 E baseline.com.newsblur.network.APIResponse: 	at okhttp3.internal.http.RealInterceptorChain.proceed(RealInterceptorChain.java:142)
08-06 12:56:10.890  6998 23886 E baseline.com.newsblur.network.APIResponse: 	at okhttp3.internal.http.RetryAndFollowUpInterceptor.intercept(RetryAndFollowUpInterceptor.java:88)
08-06 12:56:10.890  6998 23886 E baseline.com.newsblur.network.APIResponse: 	at okhttp3.internal.http.RealInterceptorChain.proceed(RealInterceptorChain.java:142)
08-06 12:56:10.890  6998 23886 E baseline.com.newsblur.network.APIResponse: 	at okhttp3.internal.http.RealInterceptorChain.proceed(RealInterceptorChain.java:117)
08-06 12:56:10.890  6998 23886 E baseline.com.newsblur.network.APIResponse: 	at okhttp3.RealCall.getResponseWithInterceptorChain(RealCall.java:229)
08-06 12:56:10.890  6998 23886 E baseline.com.newsblur.network.APIResponse: 	at okhttp3.RealCall.execute(RealCall.java:81)
08-06 12:56:10.890  6998 23886 E baseline.com.newsblur.network.APIResponse: 	at baseline.com.newsblur.network.APIResponse.<init>(APIResponse.java:57)
08-06 12:56:10.890  6998 23886 E baseline.com.newsblur.network.APIResponse: 	at baseline.com.newsblur.network.APIResponse.<init>(APIResponse.java:43)
08-06 12:56:10.890  6998 23886 E baseline.com.newsblur.network.APIResponse: 	at baseline.com.newsblur.network.APIManager.post_single(APIManager.java:702)
08-06 12:56:10.890  6998 23886 E baseline.com.newsblur.network.APIResponse: 	at baseline.com.newsblur.network.APIManager.post(APIManager.java:675)
08-06 12:56:10.890  6998 23886 E baseline.com.newsblur.network.APIResponse: 	at baseline.com.newsblur.network.APIManager.post(APIManager.java:714)
08-06 12:56:10.890  6998 23886 E baseline.com.newsblur.network.APIResponse: 	at baseline.com.newsblur.network.APIManager.markStoryAsRead(APIManager.java:205)
08-06 12:56:10.890  6998 23886 E baseline.com.newsblur.network.APIResponse: 	at baseline.com.newsblur.util.ReadingAction.doRemote(ReadingAction.java:281)
08-06 12:56:10.890  6998 23886 E baseline.com.newsblur.network.APIResponse: 	at baseline.com.newsblur.service.NBSyncService.syncActions(NBSyncService.java:400)
08-06 12:56:10.890  6998 23886 E baseline.com.newsblur.network.APIResponse: 	at baseline.com.newsblur.service.NBSyncService.doSync(NBSyncService.java:298)
08-06 12:56:10.890  6998 23886 E baseline.com.newsblur.network.APIResponse: 	at baseline.com.newsblur.service.NBSyncService.access$100(NBSyncService.java:67)
08-06 12:56:10.890  6998 23886 E baseline.com.newsblur.network.APIResponse: 	at baseline.com.newsblur.service.NBSyncService$1.run(NBSyncService.java:188)
08-06 12:56:10.890  6998 23886 E baseline.com.newsblur.network.APIResponse: 	at java.util.concurrent.ThreadPoolExecutor.runWorker(ThreadPoolExecutor.java:1113)
08-06 12:56:10.890  6998 23886 E baseline.com.newsblur.network.APIResponse: 	at java.util.concurrent.ThreadPoolExecutor$Worker.run(ThreadPoolExecutor.java:588)
08-06 12:56:10.890  6998 23886 E baseline.com.newsblur.network.APIResponse: 	at java.lang.Thread.run(Thread.java:818)
08-06 12:56:10.890  6998 23886 E baseline.com.newsblur.network.APIResponse: Caused by: java.io.EOFException: \n not found: limit=0 content=
08-06 12:56:10.890  6998 23886 E baseline.com.newsblur.network.APIResponse: 	at okio.RealBufferedSource.readUtf8LineStrict(RealBufferedSource.java:240)
08-06 12:56:10.890  6998 23886 E baseline.com.newsblur.network.APIResponse: 	at okhttp3.internal.http1.Http1ExchangeCodec.readHeaderLine(Http1ExchangeCodec.java:242)
08-06 12:56:10.890  6998 23886 E baseline.com.newsblur.network.APIResponse: 	at okhttp3.internal.http1.Http1ExchangeCodec.readResponseHeaders(Http1ExchangeCodec.java:213)
08-06 12:56:10.890  6998 23886 E baseline.com.newsblur.network.APIResponse: 	... 30 more
08-06 12:56:10.891  6998 23886 I baseline.com.newsblur.service.NBSyncService: Holding reading action with server-side or network error.
08-06 12:56:10.901  6998 23886 W baseline.com.newsblur.service.NBSyncService: hard API failure
08-06 12:56:11.113  6998 22841 I art     : Starting a blocking GC Explicit
08-06 12:56:11.178  6998 22841 I art     : Explicit concurrent mark sweep GC freed 4347(406KB) AllocSpace objects, 5(100KB) LOS objects, 27% free, 41MB/57MB, paused 1.776ms total 64.621ms
08-06 12:56:11.193  6998 22841 I art     : Starting a blocking GC Explicit
08-06 12:56:11.258  6998 22841 I art     : Explicit concurrent mark sweep GC freed 1723(67KB) AllocSpace objects, 0(0B) LOS objects, 27% free, 42MB/58MB, paused 1.826ms total 65.262ms
08-06 12:56:11.273  6998 22841 I art     : Starting a blocking GC Explicit
08-06 12:56:11.301  6998 23886 E baseline.com.newsblur.network.APIResponse: Error (unexpected end of stream on https://www.newsblur.com/...) calling https://www.newsblur.com/reader/mark_story_hashes_as_read/
08-06 12:56:11.301  6998 23886 E baseline.com.newsblur.network.APIResponse: java.io.IOException: unexpected end of stream on https://www.newsblur.com/...
08-06 12:56:11.301  6998 23886 E baseline.com.newsblur.network.APIResponse: 	at okhttp3.internal.http1.Http1ExchangeCodec.readResponseHeaders(Http1ExchangeCodec.java:236)
08-06 12:56:11.301  6998 23886 E baseline.com.newsblur.network.APIResponse: 	at okhttp3.internal.connection.Exchange.readResponseHeaders(Exchange.java:115)
08-06 12:56:11.301  6998 23886 E baseline.com.newsblur.network.APIResponse: 	at okhttp3.internal.http.CallServerInterceptor.intercept(CallServerInterceptor.java:94)
08-06 12:56:11.301  6998 23886 E baseline.com.newsblur.network.APIResponse: 	at okhttp3.internal.http.RealInterceptorChain.proceed(RealInterceptorChain.java:142)
08-06 12:56:11.301  6998 23886 E baseline.com.newsblur.network.APIResponse: 	at okhttp3.internal.connection.ConnectInterceptor.intercept(ConnectInterceptor.java:43)
08-06 12:56:11.301  6998 23886 E baseline.com.newsblur.network.APIResponse: 	at okhttp3.internal.http.RealInterceptorChain.proceed(RealInterceptorChain.java:142)
08-06 12:56:11.301  6998 23886 E baseline.com.newsblur.network.APIResponse: 	at okhttp3.internal.http.RealInterceptorChain.proceed(RealInterceptorChain.java:117)
08-06 12:56:11.301  6998 23886 E baseline.com.newsblur.network.APIResponse: 	at okhttp3.internal.cache.CacheInterceptor.intercept(CacheInterceptor.java:94)
08-06 12:56:11.301  6998 23886 E baseline.com.newsblur.network.APIResponse: 	at okhttp3.internal.http.RealInterceptorChain.proceed(RealInterceptorChain.java:142)
08-06 12:56:11.301  6998 23886 E baseline.com.newsblur.network.APIResponse: 	at okhttp3.internal.http.RealInterceptorChain.proceed(RealInterceptorChain.java:117)
08-06 12:56:11.301  6998 23886 E baseline.com.newsblur.network.APIResponse: 	at okhttp3.internal.http.BridgeInterceptor.intercept(BridgeInterceptor.java:93)
08-06 12:56:11.301  6998 23886 E baseline.com.newsblur.network.APIResponse: 	at okhttp3.internal.http.RealInterceptorChain.proceed(RealInterceptorChain.java:142)
08-06 12:56:11.301  6998 23886 E baseline.com.newsblur.network.APIResponse: 	at okhttp3.internal.http.RetryAndFollowUpInterceptor.intercept(RetryAndFollowUpInterceptor.java:88)
08-06 12:56:11.301  6998 23886 E baseline.com.newsblur.network.APIResponse: 	at okhttp3.internal.http.RealInterceptorChain.proceed(RealInterceptorChain.java:142)
08-06 12:56:11.301  6998 23886 E baseline.com.newsblur.network.APIResponse: 	at okhttp3.internal.http.RealInterceptorChain.proceed(RealInterceptorChain.java:117)
08-06 12:56:11.301  6998 23886 E baseline.com.newsblur.network.APIResponse: 	at okhttp3.RealCall.getResponseWithInterceptorChain(RealCall.java:229)
08-06 12:56:11.301  6998 23886 E baseline.com.newsblur.network.APIResponse: 	at okhttp3.RealCall.execute(RealCall.java:81)
08-06 12:56:11.301  6998 23886 E baseline.com.newsblur.network.APIResponse: 	at baseline.com.newsblur.network.APIResponse.<init>(APIResponse.java:57)
08-06 12:56:11.301  6998 23886 E baseline.com.newsblur.network.APIResponse: 	at baseline.com.newsblur.network.APIResponse.<init>(APIResponse.java:43)
08-06 12:56:11.301  6998 23886 E baseline.com.newsblur.network.APIResponse: 	at baseline.com.newsblur.network.APIManager.post_single(APIManager.java:702)
08-06 12:56:11.301  6998 23886 E baseline.com.newsblur.network.APIResponse: 	at baseline.com.newsblur.network.APIManager.post(APIManager.java:675)
08-06 12:56:11.301  6998 23886 E baseline.com.newsblur.network.APIResponse: 	at baseline.com.newsblur.network.APIManager.post(APIManager.java:714)
08-06 12:56:11.301  6998 23886 E baseline.com.newsblur.network.APIResponse: 	at baseline.com.newsblur.network.APIManager.markStoryAsRead(APIManager.java:205)
08-06 12:56:11.301  6998 23886 E baseline.com.newsblur.network.APIResponse: 	at baseline.com.newsblur.util.ReadingAction.doRemote(ReadingAction.java:281)
08-06 12:56:11.301  6998 23886 E baseline.com.newsblur.network.APIResponse: 	at baseline.com.newsblur.service.NBSyncService.syncActions(NBSyncService.java:400)
08-06 12:56:11.301  6998 23886 E baseline.com.newsblur.network.APIResponse: 	at baseline.com.newsblur.service.NBSyncService.doSync(NBSyncService.java:298)
08-06 12:56:11.301  6998 23886 E baseline.com.newsblur.network.APIResponse: 	at baseline.com.newsblur.service.NBSyncService.access$100(NBSyncService.java:67)
08-06 12:56:11.301  6998 23886 E baseline.com.newsblur.network.APIResponse: 	at baseline.com.newsblur.service.NBSyncService$1.run(NBSyncService.java:188)
08-06 12:56:11.301  6998 23886 E baseline.com.newsblur.network.APIResponse: 	at java.util.concurrent.ThreadPoolExecutor.runWorker(ThreadPoolExecutor.java:1113)
08-06 12:56:11.301  6998 23886 E baseline.com.newsblur.network.APIResponse: 	at java.util.concurrent.ThreadPoolExecutor$Worker.run(ThreadPoolExecutor.java:588)
08-06 12:56:11.301  6998 23886 E baseline.com.newsblur.network.APIResponse: 	at java.lang.Thread.run(Thread.java:818)
08-06 12:56:11.301  6998 23886 E baseline.com.newsblur.network.APIResponse: Caused by: java.io.EOFException: \n not found: limit=0 content=
08-06 12:56:11.301  6998 23886 E baseline.com.newsblur.network.APIResponse: 	at okio.RealBufferedSource.readUtf8LineStrict(RealBufferedSource.java:240)
08-06 12:56:11.301  6998 23886 E baseline.com.newsblur.network.APIResponse: 	at okhttp3.internal.http1.Http1ExchangeCodec.readHeaderLine(Http1ExchangeCodec.java:242)
08-06 12:56:11.301  6998 23886 E baseline.com.newsblur.network.APIResponse: 	at okhttp3.internal.http1.Http1ExchangeCodec.readResponseHeaders(Http1ExchangeCodec.java:213)
08-06 12:56:11.301  6998 23886 E baseline.com.newsblur.network.APIResponse: 	... 30 more
08-06 12:56:11.302  6998 23886 I baseline.com.newsblur.network.APIManager: API call failed, pausing before retry number 1
08-06 12:56:11.338  6998 22841 I art     : Explicit concurrent mark sweep GC freed 881(198KB) AllocSpace objects, 2(40KB) LOS objects, 27% free, 42MB/58MB, paused 1.658ms total 64.276ms
08-06 12:56:11.353  6998 22841 I art     : Starting a blocking GC Explicit
08-06 12:56:11.418  6998 22841 I art     : Explicit concurrent mark sweep GC freed 103(15KB) AllocSpace objects, 0(0B) LOS objects, 27% free, 41MB/57MB, paused 1.668ms total 64.844ms
08-06 12:56:11.427 24062 24062 D AndroidRuntime: >>>>>> START com.android.internal.os.RuntimeInit uid 2000 <<<<<<
08-06 12:56:11.433 24062 24062 D AndroidRuntime: CheckJNI is OFF
08-06 12:56:11.434  6998 22841 I art     : Starting a blocking GC Explicit
08-06 12:56:11.477 24062 24062 D ICU     : No timezone override file found: /data/misc/zoneinfo/current/icu/icu_tzdata.dat
08-06 12:56:11.497  6998 22841 I art     : Explicit concurrent mark sweep GC freed 25(832B) AllocSpace objects, 0(0B) LOS objects, 27% free, 41MB/57MB, paused 1.609ms total 62.373ms
08-06 12:56:11.525 24062 24062 I Radio-JNI: register_android_hardware_Radio DONE
08-06 12:56:11.554 24062 24062 D AndroidRuntime: Calling main entry com.android.commands.input.Input
08-06 12:56:11.557 24062 24062 I Input   : injectMotionEvent: MotionEvent { action=ACTION_DOWN, actionButton=0, id[0]=0, x[0]=436.0, y[0]=453.0, toolType[0]=TOOL_TYPE_UNKNOWN, buttonState=0, metaState=0, flags=0x0, edgeFlags=0x0, pointerCount=1, historySize=0, eventTime=881787969, downTime=881787969, deviceId=0, source=0x1002 }
08-06 12:56:11.563 24062 24062 I Input   : injectMotionEvent: MotionEvent { action=ACTION_UP, actionButton=0, id[0]=0, x[0]=436.0, y[0]=453.0, toolType[0]=TOOL_TYPE_UNKNOWN, buttonState=0, metaState=0, flags=0x0, edgeFlags=0x0, pointerCount=1, historySize=0, eventTime=881787969, downTime=881787969, deviceId=0, source=0x1002 }
08-06 12:56:11.565 24062 24062 D AndroidRuntime: Shutting down VM
08-06 12:56:11.575   512  2967 D audio_hw_primary: out_set_parameters: enter: usecase(1: low-latency-playback) kvpairs: routing=2
08-06 12:56:11.577   918  3961 I ActivityManager: START u0 {cmp=baseline.com.newsblur/.activity.AllSharedStoriesReading (has extras)} from uid 10698 on display 0
08-06 12:56:11.588   512  2967 D audio_hw_primary: select_devices: out_snd_device(2: speaker) in_snd_device(0: none)
08-06 12:56:11.588   512  2967 D msm8974_platform: platform_send_audio_calibration: sending audio calibration for snd_device(2) acdb_id(15)
08-06 12:56:11.588   512  2967 I soundtrigger: audio_extn_sound_trigger_update_device_status: device 0x2 of type 0 for Event 1
08-06 12:56:11.600   512  2967 D audio_hw_primary: enable_snd_device: snd_device(2: speaker)
08-06 12:56:11.602   512  2967 D audio_hw_primary: enable_audio_route: apply and update mixer path: low-latency-playback speaker
08-06 12:56:11.867  6998 21988 I art     : Starting a blocking GC Explicit
08-06 12:56:11.880   918   936 I ActivityManager: Displayed baseline.com.newsblur/.activity.AllSharedStoriesReading: +294ms
08-06 12:56:11.880 13866 13866 I GoogleInputMethodServic: GoogleInputMethodService.onFinishInput():3138 
08-06 12:56:11.881 13866 13866 I GoogleInputMethodServic: GoogleInputMethodService.onStartInput():1808 
08-06 12:56:11.933  6998 21988 I art     : Explicit concurrent mark sweep GC freed 4336(345KB) AllocSpace objects, 8(588KB) LOS objects, 27% free, 42MB/58MB, paused 2.119ms total 65.150ms
08-06 12:56:11.948  6998 21988 I art     : Starting a blocking GC Explicit
08-06 12:56:12.010  6998 21988 I art     : Explicit concurrent mark sweep GC freed 1870(144KB) AllocSpace objects, 10(236KB) LOS objects, 27% free, 42MB/58MB, paused 1.585ms total 61.606ms
08-06 12:56:12.032  6998 21988 I art     : Starting a blocking GC Explicit
08-06 12:56:12.094  6998 21988 I art     : Explicit concurrent mark sweep GC freed 980(75KB) AllocSpace objects, 1(28KB) LOS objects, 27% free, 42MB/58MB, paused 1.484ms total 60.983ms
08-06 12:56:12.108  6998 21988 I art     : Starting a blocking GC Explicit
08-06 12:56:12.140   512  2967 D audio_hw_primary: disable_audio_route: reset and update mixer path: low-latency-playback speaker
08-06 12:56:12.141   512  2967 D audio_hw_primary: disable_snd_device: snd_device(2: speaker)
08-06 12:56:12.150   512  2967 I soundtrigger: audio_extn_sound_trigger_update_device_status: device 0x2 of type 0 for Event 0
08-06 12:56:12.160  6998 22331 E chromium: [ERROR:tile_manager.cc(793)] WARNING: tile memory limits exceeded, some content may not draw
08-06 12:56:12.161  6998 22331 E chromium: [ERROR:tile_manager.cc(793)] WARNING: tile memory limits exceeded, some content may not draw
08-06 12:56:12.167  6998 21988 I art     : Explicit concurrent mark sweep GC freed 90(3KB) AllocSpace objects, 0(0B) LOS objects, 27% free, 42MB/58MB, paused 1.493ms total 59.424ms
08-06 12:56:12.181  6998 21988 I art     : Starting a blocking GC Explicit
08-06 12:56:12.238  6998 21988 I art     : Explicit concurrent mark sweep GC freed 10(352B) AllocSpace objects, 0(0B) LOS objects, 27% free, 42MB/58MB, paused 1.561ms total 56.705ms
08-06 12:56:12.658  6998  7009 I art     : Starting a blocking GC Explicit
08-06 12:56:12.725  6998  7009 I art     : Explicit concurrent mark sweep GC freed 1624(102KB) AllocSpace objects, 2(40KB) LOS objects, 27% free, 42MB/58MB, paused 1.555ms total 67.396ms
08-06 12:56:12.741  6998  7009 I art     : Starting a blocking GC Explicit
08-06 12:56:12.805  6998  7009 I art     : Explicit concurrent mark sweep GC freed 29(1088B) AllocSpace objects, 0(0B) LOS objects, 27% free, 42MB/58MB, paused 1.556ms total 62.894ms
08-06 12:56:12.820  6998  7009 I art     : Starting a blocking GC Explicit
08-06 12:56:12.886  6998  7009 I art     : Explicit concurrent mark sweep GC freed 106(4KB) AllocSpace objects, 0(0B) LOS objects, 27% free, 42MB/58MB, paused 1.562ms total 65.997ms
08-06 12:56:12.902  6998  7009 I art     : Starting a blocking GC Explicit
08-06 12:56:12.967  6998  7009 I art     : Explicit concurrent mark sweep GC freed 71(5KB) AllocSpace objects, 0(0B) LOS objects, 27% free, 42MB/58MB, paused 1.633ms total 64.580ms
08-06 12:56:12.982  6998  7009 I art     : Starting a blocking GC Explicit
08-06 12:56:13.050  6998  7009 I art     : Explicit concurrent mark sweep GC freed 3(96B) AllocSpace objects, 0(0B) LOS objects, 27% free, 42MB/58MB, paused 1.671ms total 67.587ms
08-06 12:56:13.335  6998 23886 E baseline.com.newsblur.network.APIResponse: Error (unexpected end of stream on https://www.newsblur.com/...) calling https://www.newsblur.com/reader/mark_story_hashes_as_read/
08-06 12:56:13.335  6998 23886 E baseline.com.newsblur.network.APIResponse: java.io.IOException: unexpected end of stream on https://www.newsblur.com/...
08-06 12:56:13.335  6998 23886 E baseline.com.newsblur.network.APIResponse: 	at okhttp3.internal.http1.Http1ExchangeCodec.readResponseHeaders(Http1ExchangeCodec.java:236)
08-06 12:56:13.335  6998 23886 E baseline.com.newsblur.network.APIResponse: 	at okhttp3.internal.connection.Exchange.readResponseHeaders(Exchange.java:115)
08-06 12:56:13.335  6998 23886 E baseline.com.newsblur.network.APIResponse: 	at okhttp3.internal.http.CallServerInterceptor.intercept(CallServerInterceptor.java:94)
08-06 12:56:13.335  6998 23886 E baseline.com.newsblur.network.APIResponse: 	at okhttp3.internal.http.RealInterceptorChain.proceed(RealInterceptorChain.java:142)
08-06 12:56:13.335  6998 23886 E baseline.com.newsblur.network.APIResponse: 	at okhttp3.internal.connection.ConnectInterceptor.intercept(ConnectInterceptor.java:43)
08-06 12:56:13.335  6998 23886 E baseline.com.newsblur.network.APIResponse: 	at okhttp3.internal.http.RealInterceptorChain.proceed(RealInterceptorChain.java:142)
08-06 12:56:13.335  6998 23886 E baseline.com.newsblur.network.APIResponse: 	at okhttp3.internal.http.RealInterceptorChain.proceed(RealInterceptorChain.java:117)
08-06 12:56:13.335  6998 23886 E baseline.com.newsblur.network.APIResponse: 	at okhttp3.internal.cache.CacheInterceptor.intercept(CacheInterceptor.java:94)
08-06 12:56:13.335  6998 23886 E baseline.com.newsblur.network.APIResponse: 	at okhttp3.internal.http.RealInterceptorChain.proceed(RealInterceptorChain.java:142)
08-06 12:56:13.335  6998 23886 E baseline.com.newsblur.network.APIResponse: 	at okhttp3.internal.http.RealInterceptorChain.proceed(RealInterceptorChain.java:117)
08-06 12:56:13.335  6998 23886 E baseline.com.newsblur.network.APIResponse: 	at okhttp3.internal.http.BridgeInterceptor.intercept(BridgeInterceptor.java:93)
08-06 12:56:13.335  6998 23886 E baseline.com.newsblur.network.APIResponse: 	at okhttp3.internal.http.RealInterceptorChain.proceed(RealInterceptorChain.java:142)
08-06 12:56:13.335  6998 23886 E baseline.com.newsblur.network.APIResponse: 	at okhttp3.internal.http.RetryAndFollowUpInterceptor.intercept(RetryAndFollowUpInterceptor.java:88)
08-06 12:56:13.335  6998 23886 E baseline.com.newsblur.network.APIResponse: 	at okhttp3.internal.http.RealInterceptorChain.proceed(RealInterceptorChain.java:142)
08-06 12:56:13.335  6998 23886 E baseline.com.newsblur.network.APIResponse: 	at okhttp3.internal.http.RealInterceptorChain.proceed(RealInterceptorChain.java:117)
08-06 12:56:13.335  6998 23886 E baseline.com.newsblur.network.APIResponse: 	at okhttp3.RealCall.getResponseWithInterceptorChain(RealCall.java:229)
08-06 12:56:13.335  6998 23886 E baseline.com.newsblur.network.APIResponse: 	at okhttp3.RealCall.execute(RealCall.java:81)
08-06 12:56:13.335  6998 23886 E baseline.com.newsblur.network.APIResponse: 	at baseline.com.newsblur.network.APIResponse.<init>(APIResponse.java:57)
08-06 12:56:13.335  6998 23886 E baseline.com.newsblur.network.APIResponse: 	at baseline.com.newsblur.network.APIResponse.<init>(APIResponse.java:43)
08-06 12:56:13.335  6998 23886 E baseline.com.newsblur.network.APIResponse: 	at baseline.com.newsblur.network.APIManager.post_single(APIManager.java:702)
08-06 12:56:13.335  6998 23886 E baseline.com.newsblur.network.APIResponse: 	at baseline.com.newsblur.network.APIManager.post(APIManager.java:675)
08-06 12:56:13.335  6998 23886 E baseline.com.newsblur.network.APIResponse: 	at baseline.com.newsblur.network.APIManager.post(APIManager.java:714)
08-06 12:56:13.335  6998 23886 E baseline.com.newsblur.network.APIResponse: 	at baseline.com.newsblur.network.APIManager.markStoryAsRead(APIManager.java:205)
08-06 12:56:13.335  6998 23886 E baseline.com.newsblur.network.APIResponse: 	at baseline.com.newsblur.util.ReadingAction.doRemote(ReadingAction.java:281)
08-06 12:56:13.335  6998 23886 E baseline.com.newsblur.network.APIResponse: 	at baseline.com.newsblur.service.NBSyncService.syncActions(NBSyncService.java:400)
08-06 12:56:13.335  6998 23886 E baseline.com.newsblur.network.APIResponse: 	at baseline.com.newsblur.service.NBSyncService.doSync(NBSyncService.java:298)
08-06 12:56:13.335  6998 23886 E baseline.com.newsblur.network.APIResponse: 	at baseline.com.newsblur.service.NBSyncService.access$100(NBSyncService.java:67)
08-06 12:56:13.335  6998 23886 E baseline.com.newsblur.network.APIResponse: 	at baseline.com.newsblur.service.NBSyncService$1.run(NBSyncService.java:188)
08-06 12:56:13.335  6998 23886 E baseline.com.newsblur.network.APIResponse: 	at java.util.concurrent.ThreadPoolExecutor.runWorker(ThreadPoolExecutor.java:1113)
08-06 12:56:13.335  6998 23886 E baseline.com.newsblur.network.APIResponse: 	at java.util.concurrent.ThreadPoolExecutor$Worker.run(ThreadPoolExecutor.java:588)
08-06 12:56:13.335  6998 23886 E baseline.com.newsblur.network.APIResponse: 	at java.lang.Thread.run(Thread.java:818)
08-06 12:56:13.335  6998 23886 E baseline.com.newsblur.network.APIResponse: Caused by: java.io.EOFException: \n not found: limit=0 content=
08-06 12:56:13.335  6998 23886 E baseline.com.newsblur.network.APIResponse: 	at okio.RealBufferedSource.readUtf8LineStrict(RealBufferedSource.java:240)
08-06 12:56:13.335  6998 23886 E baseline.com.newsblur.network.APIResponse: 	at okhttp3.internal.http1.Http1ExchangeCodec.readHeaderLine(Http1ExchangeCodec.java:242)
08-06 12:56:13.335  6998 23886 E baseline.com.newsblur.network.APIResponse: 	at okhttp3.internal.http1.Http1ExchangeCodec.readResponseHeaders(Http1ExchangeCodec.java:213)
08-06 12:56:13.335  6998 23886 E baseline.com.newsblur.network.APIResponse: 	... 30 more
08-06 12:56:13.337  6998 23886 I baseline.com.newsblur.network.APIManager: API call failed, pausing before retry number 2
08-06 12:56:13.451  6998  7011 I art     : Starting a blocking GC Explicit
08-06 12:56:13.516  6998  7011 I art     : Explicit concurrent mark sweep GC freed 4013(359KB) AllocSpace objects, 3(60KB) LOS objects, 27% free, 42MB/58MB, paused 1.418ms total 64.938ms
08-06 12:56:13.532  6998  7011 I art     : Starting a blocking GC Explicit
08-06 12:56:13.603  6998  7011 I art     : Explicit concurrent mark sweep GC freed 109(3KB) AllocSpace objects, 0(0B) LOS objects, 27% free, 42MB/58MB, paused 1.634ms total 71.163ms
08-06 12:56:13.619  6998  7011 I art     : Starting a blocking GC Explicit
08-06 12:56:13.690  6998  7011 I art     : Explicit concurrent mark sweep GC freed 3(96B) AllocSpace objects, 0(0B) LOS objects, 27% free, 42MB/58MB, paused 1.538ms total 70.446ms
08-06 12:56:13.706  6998  7011 I art     : Starting a blocking GC Explicit
08-06 12:56:13.778  6998  7011 I art     : Explicit concurrent mark sweep GC freed 3(96B) AllocSpace objects, 0(0B) LOS objects, 27% free, 42MB/58MB, paused 1.647ms total 71.607ms
08-06 12:56:13.796  6998  7011 I art     : Starting a blocking GC Explicit
08-06 12:56:13.867  6998  7011 I art     : Explicit concurrent mark sweep GC freed 3(96B) AllocSpace objects, 0(0B) LOS objects, 27% free, 42MB/58MB, paused 1.600ms total 71.016ms
08-06 12:56:13.867  6998  7008 I art     : WaitForGcToComplete blocked for 8.423ms for cause HeapTrim
08-06 12:56:14.149 21246 21246 I Atfwd_Sendcmd: AtCmdFwd service not ready - Exhausted retry attempts - :6
08-06 12:56:14.150 21246 21246 I Atfwd_Daemon: result : -1 	 ,Init step :2 	 ,qmiErrorCode: 0
08-06 12:56:14.288  6998  7009 I art     : Starting a blocking GC Explicit
08-06 12:56:14.359  6998  7009 I art     : Explicit concurrent mark sweep GC freed 2552(138KB) AllocSpace objects, 1(20KB) LOS objects, 27% free, 42MB/58MB, paused 1.658ms total 70.784ms
08-06 12:56:14.378  6998  7009 I art     : Starting a blocking GC Explicit
08-06 12:56:14.440  6998  7009 I art     : Explicit concurrent mark sweep GC freed 5169(397KB) AllocSpace objects, 1(20KB) LOS objects, 27% free, 42MB/58MB, paused 1.696ms total 61.068ms
08-06 12:56:14.455  6998  7009 I art     : Starting a blocking GC Explicit
08-06 12:56:14.519  6998  7009 I art     : Explicit concurrent mark sweep GC freed 18(768B) AllocSpace objects, 0(0B) LOS objects, 27% free, 42MB/58MB, paused 1.545ms total 63.662ms
08-06 12:56:14.535  6998  7009 I art     : Starting a blocking GC Explicit
08-06 12:56:14.603  6998  7009 I art     : Explicit concurrent mark sweep GC freed 3(96B) AllocSpace objects, 0(0B) LOS objects, 27% free, 42MB/58MB, paused 1.606ms total 67.024ms
08-06 12:56:14.620  6998  7009 I art     : Starting a blocking GC Explicit
08-06 12:56:14.686  6998  7009 I art     : Explicit concurrent mark sweep GC freed 1886(76KB) AllocSpace objects, 0(0B) LOS objects, 27% free, 42MB/58MB, paused 1.639ms total 65.140ms
08-06 12:56:15.085  6998 22841 I art     : Starting a blocking GC Explicit
08-06 12:56:15.155  6998 22841 I art     : Explicit concurrent mark sweep GC freed 1608(101KB) AllocSpace objects, 1(20KB) LOS objects, 27% free, 42MB/58MB, paused 1.639ms total 69.517ms
08-06 12:56:15.173  6998 22841 I art     : Starting a blocking GC Explicit
08-06 12:56:15.236  6998 22841 I art     : Explicit concurrent mark sweep GC freed 203(10KB) AllocSpace objects, 0(0B) LOS objects, 27% free, 42MB/58MB, paused 1.480ms total 61.736ms
08-06 12:56:15.240   918  3188 I hubconnection: sensorhub said: 'set_bias 3: -5.8848, 0.0000, 0.0000'
08-06 12:56:15.251  6998 22841 I art     : Starting a blocking GC Explicit
08-06 12:56:15.317  6998 22841 I art     : Explicit concurrent mark sweep GC freed 109(4KB) AllocSpace objects, 0(0B) LOS objects, 27% free, 42MB/58MB, paused 1.671ms total 66.444ms
08-06 12:56:15.332  6998 22841 I art     : Starting a blocking GC Explicit
08-06 12:56:15.398  6998 22841 I art     : Explicit concurrent mark sweep GC freed 189(20KB) AllocSpace objects, 0(0B) LOS objects, 27% free, 42MB/58MB, paused 1.758ms total 65.728ms
08-06 12:56:15.413  6998 22841 I art     : Starting a blocking GC Explicit
08-06 12:56:15.480  6998 22841 I art     : Explicit concurrent mark sweep GC freed 3(96B) AllocSpace objects, 0(0B) LOS objects, 27% free, 42MB/58MB, paused 1.594ms total 66.672ms
08-06 12:56:15.901  6998 21780 I art     : Starting a blocking GC Explicit
08-06 12:56:15.969  6998 21780 I art     : Explicit concurrent mark sweep GC freed 1698(95KB) AllocSpace objects, 1(20KB) LOS objects, 27% free, 42MB/58MB, paused 1.706ms total 67.595ms
08-06 12:56:15.985  6998 21780 I art     : Starting a blocking GC Explicit
08-06 12:56:16.046  6998 21780 I art     : Explicit concurrent mark sweep GC freed 51(2432B) AllocSpace objects, 0(0B) LOS objects, 27% free, 42MB/58MB, paused 1.675ms total 61.378ms
08-06 12:56:16.062  6998 21780 I art     : Starting a blocking GC Explicit
08-06 12:56:16.124  6998 21780 I art     : Explicit concurrent mark sweep GC freed 3(96B) AllocSpace objects, 0(0B) LOS objects, 27% free, 42MB/58MB, paused 1.578ms total 61.627ms
08-06 12:56:16.139  6998 21780 I art     : Starting a blocking GC Explicit
08-06 12:56:16.205  6998 21780 I art     : Explicit concurrent mark sweep GC freed 3(96B) AllocSpace objects, 0(0B) LOS objects, 27% free, 42MB/58MB, paused 1.497ms total 65.591ms
08-06 12:56:16.220  6998 21780 I art     : Starting a blocking GC Explicit
08-06 12:56:16.284  6998 21780 I art     : Explicit concurrent mark sweep GC freed 3(96B) AllocSpace objects, 0(0B) LOS objects, 27% free, 42MB/58MB, paused 1.638ms total 63.393ms
08-06 12:56:16.367 24147 24147 D AndroidRuntime: >>>>>> START com.android.internal.os.RuntimeInit uid 2000 <<<<<<
08-06 12:56:16.373 24147 24147 D AndroidRuntime: CheckJNI is OFF
08-06 12:56:16.418 24147 24147 D ICU     : No timezone override file found: /data/misc/zoneinfo/current/icu/icu_tzdata.dat
08-06 12:56:16.465 24147 24147 I Radio-JNI: register_android_hardware_Radio DONE
08-06 12:56:16.494 24147 24147 D AndroidRuntime: Calling main entry com.android.commands.input.Input
08-06 12:56:16.496 24147 24147 I Input   : injectKeyEvent: KeyEvent { action=ACTION_DOWN, keyCode=KEYCODE_BACK, scanCode=0, metaState=0, flags=0x0, repeatCount=0, eventTime=881792909, downTime=881792909, deviceId=-1, source=0x101 }
08-06 12:56:16.508 24147 24147 I Input   : injectKeyEvent: KeyEvent { action=ACTION_UP, keyCode=KEYCODE_BACK, scanCode=0, metaState=0, flags=0x0, repeatCount=0, eventTime=881792909, downTime=881792909, deviceId=-1, source=0x101 }
08-06 12:56:16.515 24147 24147 D AndroidRuntime: Shutting down VM
08-06 12:56:16.526  6998  6998 D baseline.com.newsblur.service.NBSyncService: rejecting request for feedset that is exhaused
08-06 12:56:16.692  6998 22841 I art     : Starting a blocking GC Explicit
08-06 12:56:16.720  6998  6998 D baseline.com.newsblur.service.NBSyncService: rejecting request for feedset that is exhaused
08-06 12:56:16.753  6998 22841 I art     : Explicit concurrent mark sweep GC freed 2875(223KB) AllocSpace objects, 5(100KB) LOS objects, 27% free, 42MB/58MB, paused 1.564ms total 60.147ms
08-06 12:56:16.768  6998 22841 I art     : Starting a blocking GC Explicit
08-06 12:56:16.773 13866 13866 I GoogleInputMethodServic: GoogleInputMethodService.onFinishInput():3138 
08-06 12:56:16.773 13866 13866 I GoogleInputMethodServic: GoogleInputMethodService.onStartInput():1808 
08-06 12:56:16.822  6998 22841 I art     : Explicit concurrent mark sweep GC freed 595(43KB) AllocSpace objects, 0(0B) LOS objects, 27% free, 42MB/58MB, paused 1.464ms total 53.469ms
08-06 12:56:16.836  6998 22841 I art     : Starting a blocking GC Explicit
08-06 12:56:16.890  6998 22841 I art     : Explicit concurrent mark sweep GC freed 1663(65KB) AllocSpace objects, 1(28KB) LOS objects, 27% free, 42MB/58MB, paused 1.603ms total 54.446ms
08-06 12:56:16.904  6998 22841 I art     : Starting a blocking GC Explicit
08-06 12:56:16.909  6998 23886 E baseline.com.newsblur.network.APIResponse: Error (unexpected end of stream on https://www.newsblur.com/...) calling https://www.newsblur.com/reader/mark_story_hashes_as_read/
08-06 12:56:16.909  6998 23886 E baseline.com.newsblur.network.APIResponse: java.io.IOException: unexpected end of stream on https://www.newsblur.com/...
08-06 12:56:16.909  6998 23886 E baseline.com.newsblur.network.APIResponse: 	at okhttp3.internal.http1.Http1ExchangeCodec.readResponseHeaders(Http1ExchangeCodec.java:236)
08-06 12:56:16.909  6998 23886 E baseline.com.newsblur.network.APIResponse: 	at okhttp3.internal.connection.Exchange.readResponseHeaders(Exchange.java:115)
08-06 12:56:16.909  6998 23886 E baseline.com.newsblur.network.APIResponse: 	at okhttp3.internal.http.CallServerInterceptor.intercept(CallServerInterceptor.java:94)
08-06 12:56:16.909  6998 23886 E baseline.com.newsblur.network.APIResponse: 	at okhttp3.internal.http.RealInterceptorChain.proceed(RealInterceptorChain.java:142)
08-06 12:56:16.909  6998 23886 E baseline.com.newsblur.network.APIResponse: 	at okhttp3.internal.connection.ConnectInterceptor.intercept(ConnectInterceptor.java:43)
08-06 12:56:16.909  6998 23886 E baseline.com.newsblur.network.APIResponse: 	at okhttp3.internal.http.RealInterceptorChain.proceed(RealInterceptorChain.java:142)
08-06 12:56:16.909  6998 23886 E baseline.com.newsblur.network.APIResponse: 	at okhttp3.internal.http.RealInterceptorChain.proceed(RealInterceptorChain.java:117)
08-06 12:56:16.909  6998 23886 E baseline.com.newsblur.network.APIResponse: 	at okhttp3.internal.cache.CacheInterceptor.intercept(CacheInterceptor.java:94)
08-06 12:56:16.909  6998 23886 E baseline.com.newsblur.network.APIResponse: 	at okhttp3.internal.http.RealInterceptorChain.proceed(RealInterceptorChain.java:142)
08-06 12:56:16.909  6998 23886 E baseline.com.newsblur.network.APIResponse: 	at okhttp3.internal.http.RealInterceptorChain.proceed(RealInterceptorChain.java:117)
08-06 12:56:16.909  6998 23886 E baseline.com.newsblur.network.APIResponse: 	at okhttp3.internal.http.BridgeInterceptor.intercept(BridgeInterceptor.java:93)
08-06 12:56:16.909  6998 23886 E baseline.com.newsblur.network.APIResponse: 	at okhttp3.internal.http.RealInterceptorChain.proceed(RealInterceptorChain.java:142)
08-06 12:56:16.909  6998 23886 E baseline.com.newsblur.network.APIResponse: 	at okhttp3.internal.http.RetryAndFollowUpInterceptor.intercept(RetryAndFollowUpInterceptor.java:88)
08-06 12:56:16.909  6998 23886 E baseline.com.newsblur.network.APIResponse: 	at okhttp3.internal.http.RealInterceptorChain.proceed(RealInterceptorChain.java:142)
08-06 12:56:16.909  6998 23886 E baseline.com.newsblur.network.APIResponse: 	at okhttp3.internal.http.RealInterceptorChain.proceed(RealInterceptorChain.java:117)
08-06 12:56:16.909  6998 23886 E baseline.com.newsblur.network.APIResponse: 	at okhttp3.RealCall.getResponseWithInterceptorChain(RealCall.java:229)
08-06 12:56:16.909  6998 23886 E baseline.com.newsblur.network.APIResponse: 	at okhttp3.RealCall.execute(RealCall.java:81)
08-06 12:56:16.909  6998 23886 E baseline.com.newsblur.network.APIResponse: 	at baseline.com.newsblur.network.APIResponse.<init>(APIResponse.java:57)
08-06 12:56:16.909  6998 23886 E baseline.com.newsblur.network.APIResponse: 	at baseline.com.newsblur.network.APIResponse.<init>(APIResponse.java:43)
08-06 12:56:16.909  6998 23886 E baseline.com.newsblur.network.APIResponse: 	at baseline.com.newsblur.network.APIManager.post_single(APIManager.java:702)
08-06 12:56:16.909  6998 23886 E baseline.com.newsblur.network.APIResponse: 	at baseline.com.newsblur.network.APIManager.post(APIManager.java:675)
08-06 12:56:16.909  6998 23886 E baseline.com.newsblur.network.APIResponse: 	at baseline.com.newsblur.network.APIManager.post(APIManager.java:714)
08-06 12:56:16.909  6998 23886 E baseline.com.newsblur.network.APIResponse: 	at baseline.com.newsblur.network.APIManager.markStoryAsRead(APIManager.java:205)
08-06 12:56:16.909  6998 23886 E baseline.com.newsblur.network.APIResponse: 	at baseline.com.newsblur.util.ReadingAction.doRemote(ReadingAction.java:281)
08-06 12:56:16.909  6998 23886 E baseline.com.newsblur.network.APIResponse: 	at baseline.com.newsblur.service.NBSyncService.syncActions(NBSyncService.java:400)
08-06 12:56:16.909  6998 23886 E baseline.com.newsblur.network.APIResponse: 	at baseline.com.newsblur.service.NBSyncService.doSync(NBSyncService.java:298)
08-06 12:56:16.909  6998 23886 E baseline.com.newsblur.network.APIResponse: 	at baseline.com.newsblur.service.NBSyncService.access$100(NBSyncService.java:67)
08-06 12:56:16.909  6998 23886 E baseline.com.newsblur.network.APIResponse: 	at baseline.com.newsblur.service.NBSyncService$1.run(NBSyncService.java:188)
08-06 12:56:16.909  6998 23886 E baseline.com.newsblur.network.APIResponse: 	at java.util.concurrent.ThreadPoolExecutor.runWorker(ThreadPoolExecutor.java:1113)
08-06 12:56:16.909  6998 23886 E baseline.com.newsblur.network.APIResponse: 	at java.util.concurrent.ThreadPoolExecutor$Worker.run(ThreadPoolExecutor.java:588)
08-06 12:56:16.909  6998 23886 E baseline.com.newsblur.network.APIResponse: 	at java.lang.Thread.run(Thread.java:818)
08-06 12:56:16.909  6998 23886 E baseline.com.newsblur.network.APIResponse: Caused by: java.io.EOFException: \n not found: limit=0 content=
08-06 12:56:16.909  6998 23886 E baseline.com.newsblur.network.APIResponse: 	at okio.RealBufferedSource.readUtf8LineStrict(RealBufferedSource.java:240)
08-06 12:56:16.909  6998 23886 E baseline.com.newsblur.network.APIResponse: 	at okhttp3.internal.http1.Http1ExchangeCodec.readHeaderLine(Http1ExchangeCodec.java:242)
08-06 12:56:16.909  6998 23886 E baseline.com.newsblur.network.APIResponse: 	at okhttp3.internal.http1.Http1ExchangeCodec.readResponseHeaders(Http1ExchangeCodec.java:213)
08-06 12:56:16.909  6998 23886 E baseline.com.newsblur.network.APIResponse: 	... 30 more
08-06 12:56:16.909  6998 23886 I baseline.com.newsblur.service.NBSyncService: Holding reading action with server-side or network error.
08-06 12:56:16.919  6998 23886 W baseline.com.newsblur.service.NBSyncService: hard API failure
08-06 12:56:16.925  6998 23886 I baseline.com.newsblur.service.NBSyncService: recounting dirty feed sets: 1
08-06 12:56:16.961  6998 22841 I art     : Explicit concurrent mark sweep GC freed 1648(274KB) AllocSpace objects, 5(100KB) LOS objects, 27% free, 42MB/58MB, paused 1.579ms total 56.307ms
08-06 12:56:16.975  6998 22841 I art     : Starting a blocking GC Explicit
08-06 12:56:17.031  6998 22841 I art     : Explicit concurrent mark sweep GC freed 267(22KB) AllocSpace objects, 0(0B) LOS objects, 27% free, 42MB/58MB, paused 1.615ms total 55.639ms
08-06 12:56:17.328  6998 23886 E baseline.com.newsblur.network.APIResponse: Error (unexpected end of stream on https://www.newsblur.com/...) calling https://www.newsblur.com/reader/feed_unread_count?feed_id=0
08-06 12:56:17.328  6998 23886 E baseline.com.newsblur.network.APIResponse: java.io.IOException: unexpected end of stream on https://www.newsblur.com/...
08-06 12:56:17.328  6998 23886 E baseline.com.newsblur.network.APIResponse: 	at okhttp3.internal.http1.Http1ExchangeCodec.readResponseHeaders(Http1ExchangeCodec.java:236)
08-06 12:56:17.328  6998 23886 E baseline.com.newsblur.network.APIResponse: 	at okhttp3.internal.connection.Exchange.readResponseHeaders(Exchange.java:115)
08-06 12:56:17.328  6998 23886 E baseline.com.newsblur.network.APIResponse: 	at okhttp3.internal.http.CallServerInterceptor.intercept(CallServerInterceptor.java:94)
08-06 12:56:17.328  6998 23886 E baseline.com.newsblur.network.APIResponse: 	at okhttp3.internal.http.RealInterceptorChain.proceed(RealInterceptorChain.java:142)
08-06 12:56:17.328  6998 23886 E baseline.com.newsblur.network.APIResponse: 	at okhttp3.internal.connection.ConnectInterceptor.intercept(ConnectInterceptor.java:43)
08-06 12:56:17.328  6998 23886 E baseline.com.newsblur.network.APIResponse: 	at okhttp3.internal.http.RealInterceptorChain.proceed(RealInterceptorChain.java:142)
08-06 12:56:17.328  6998 23886 E baseline.com.newsblur.network.APIResponse: 	at okhttp3.internal.http.RealInterceptorChain.proceed(RealInterceptorChain.java:117)
08-06 12:56:17.328  6998 23886 E baseline.com.newsblur.network.APIResponse: 	at okhttp3.internal.cache.CacheInterceptor.intercept(CacheInterceptor.java:94)
08-06 12:56:17.328  6998 23886 E baseline.com.newsblur.network.APIResponse: 	at okhttp3.internal.http.RealInterceptorChain.proceed(RealInterceptorChain.java:142)
08-06 12:56:17.328  6998 23886 E baseline.com.newsblur.network.APIResponse: 	at okhttp3.internal.http.RealInterceptorChain.proceed(RealInterceptorChain.java:117)
08-06 12:56:17.328  6998 23886 E baseline.com.newsblur.network.APIResponse: 	at okhttp3.internal.http.BridgeInterceptor.intercept(BridgeInterceptor.java:93)
08-06 12:56:17.328  6998 23886 E baseline.com.newsblur.network.APIResponse: 	at okhttp3.internal.http.RealInterceptorChain.proceed(RealInterceptorChain.java:142)
08-06 12:56:17.328  6998 23886 E baseline.com.newsblur.network.APIResponse: 	at okhttp3.internal.http.RetryAndFollowUpInterceptor.intercept(RetryAndFollowUpInterceptor.java:88)
08-06 12:56:17.328  6998 23886 E baseline.com.newsblur.network.APIResponse: 	at okhttp3.internal.http.RealInterceptorChain.proceed(RealInterceptorChain.java:142)
08-06 12:56:17.328  6998 23886 E baseline.com.newsblur.network.APIResponse: 	at okhttp3.internal.http.RealInterceptorChain.proceed(RealInterceptorChain.java:117)
08-06 12:56:17.328  6998 23886 E baseline.com.newsblur.network.APIResponse: 	at okhttp3.RealCall.getResponseWithInterceptorChain(RealCall.java:229)
08-06 12:56:17.328  6998 23886 E baseline.com.newsblur.network.APIResponse: 	at okhttp3.RealCall.execute(RealCall.java:81)
08-06 12:56:17.328  6998 23886 E baseline.com.newsblur.network.APIResponse: 	at baseline.com.newsblur.network.APIResponse.<init>(APIResponse.java:57)
08-06 12:56:17.328  6998 23886 E baseline.com.newsblur.network.APIResponse: 	at baseline.com.newsblur.network.APIManager.get_single(APIManager.java:639)
08-06 12:56:17.328  6998 23886 E baseline.com.newsblur.network.APIResponse: 	at baseline.com.newsblur.network.APIManager.get(APIManager.java:625)
08-06 12:56:17.328  6998 23886 E baseline.com.newsblur.network.APIResponse: 	at baseline.com.newsblur.network.APIManager.get(APIManager.java:667)
08-06 12:56:17.328  6998 23886 E baseline.com.newsblur.network.APIResponse: 	at baseline.com.newsblur.network.APIManager.getFeedUnreadCounts(APIManager.java:274)
08-06 12:56:17.328  6998 23886 E baseline.com.newsblur.network.APIResponse: 	at baseline.com.newsblur.service.NBSyncService.checkRecounts(NBSyncService.java:660)
08-06 12:56:17.328  6998 23886 E baseline.com.newsblur.network.APIResponse: 	at baseline.com.newsblur.service.NBSyncService.doSync(NBSyncService.java:310)
08-06 12:56:17.328  6998 23886 E baseline.com.newsblur.network.APIResponse: 	at baseline.com.newsblur.service.NBSyncService.access$100(NBSyncService.java:67)
08-06 12:56:17.328  6998 23886 E baseline.com.newsblur.network.APIResponse: 	at baseline.com.newsblur.service.NBSyncService$1.run(NBSyncService.java:188)
08-06 12:56:17.328  6998 23886 E baseline.com.newsblur.network.APIResponse: 	at java.util.concurrent.ThreadPoolExecutor.runWorker(ThreadPoolExecutor.java:1113)
08-06 12:56:17.328  6998 23886 E baseline.com.newsblur.network.APIResponse: 	at java.util.concurrent.ThreadPoolExecutor$Worker.run(ThreadPoolExecutor.java:588)
08-06 12:56:17.328  6998 23886 E baseline.com.newsblur.network.APIResponse: 	at java.lang.Thread.run(Thread.java:818)
08-06 12:56:17.328  6998 23886 E baseline.com.newsblur.network.APIResponse: Caused by: java.io.EOFException: \n not found: limit=0 content=
08-06 12:56:17.328  6998 23886 E baseline.com.newsblur.network.APIResponse: 	at okio.RealBufferedSource.readUtf8LineStrict(RealBufferedSource.java:240)
08-06 12:56:17.328  6998 23886 E baseline.com.newsblur.network.APIResponse: 	at okhttp3.internal.http1.Http1ExchangeCodec.readHeaderLine(Http1ExchangeCodec.java:242)
08-06 12:56:17.328  6998 23886 E baseline.com.newsblur.network.APIResponse: 	at okhttp3.internal.http1.Http1ExchangeCodec.readResponseHeaders(Http1ExchangeCodec.java:213)
08-06 12:56:17.328  6998 23886 E baseline.com.newsblur.network.APIResponse: 	... 28 more
08-06 12:56:17.329  6998 23886 I baseline.com.newsblur.network.APIManager: API call failed, pausing before retry number 1
08-06 12:56:17.420  6998  7009 I art     : Starting a blocking GC Explicit
08-06 12:56:17.491  6998  7009 I art     : Explicit concurrent mark sweep GC freed 5249(417KB) AllocSpace objects, 3(60KB) LOS objects, 27% free, 42MB/58MB, paused 1.834ms total 70.732ms
08-06 12:56:17.509  6998  7009 I art     : Starting a blocking GC Explicit
08-06 12:56:17.566  6998  7009 I art     : Explicit concurrent mark sweep GC freed 246(10KB) AllocSpace objects, 0(0B) LOS objects, 27% free, 41MB/57MB, paused 1.406ms total 56.096ms
08-06 12:56:17.580  6998  7009 I art     : Starting a blocking GC Explicit
08-06 12:56:17.633  6998  7009 I art     : Explicit concurrent mark sweep GC freed 11(352B) AllocSpace objects, 0(0B) LOS objects, 27% free, 41MB/57MB, paused 1.421ms total 52.665ms
08-06 12:56:17.647  6998  7009 I art     : Starting a blocking GC Explicit
08-06 12:56:17.702  6998  7009 I art     : Explicit concurrent mark sweep GC freed 11(352B) AllocSpace objects, 0(0B) LOS objects, 27% free, 41MB/57MB, paused 1.507ms total 55.134ms
08-06 12:56:17.716  6998  7009 I art     : Starting a blocking GC Explicit
08-06 12:56:17.774  6998  7009 I art     : Explicit concurrent mark sweep GC freed 11(352B) AllocSpace objects, 0(0B) LOS objects, 27% free, 41MB/57MB, paused 1.569ms total 57.507ms
08-06 12:56:18.160  6998 21988 I art     : Starting a blocking GC Explicit
08-06 12:56:18.250  6998 21988 I art     : Explicit concurrent mark sweep GC freed 1490(84KB) AllocSpace objects, 1(20KB) LOS objects, 27% free, 41MB/57MB, paused 1.594ms total 88.864ms
08-06 12:56:18.264  6998 21988 I art     : Starting a blocking GC Explicit
08-06 12:56:18.271 24180 24180 D AndroidRuntime: >>>>>> START com.android.internal.os.RuntimeInit uid 2000 <<<<<<
08-06 12:56:18.273 23697 23858 W GrowthKit: Failed to fetch promotions.
08-06 12:56:18.273 23697 23858 W GrowthKit: ljk: DEADLINE_EXCEEDED: deadline exceeded after 19.980556563s. [buffered_nanos=565854583, remote_addr=/192.168.2.12:8080]
08-06 12:56:18.273 23697 23858 W GrowthKit: 	at lji.d(PG:31)
08-06 12:56:18.273 23697 23858 W GrowthKit: 	at llb.a(PG:28)
08-06 12:56:18.273 23697 23858 W GrowthKit: 	at lkt.a(PG:3)
08-06 12:56:18.273 23697 23858 W GrowthKit: 	at llo.run(PG:2)
08-06 12:56:18.273 23697 23858 W GrowthKit: 	at lrk.run(PG:10)
08-06 12:56:18.273 23697 23858 W GrowthKit: 	at java.util.concurrent.ThreadPoolExecutor.runWorker(ThreadPoolExecutor.java:1113)
08-06 12:56:18.273 23697 23858 W GrowthKit: 	at java.util.concurrent.ThreadPoolExecutor$Worker.run(ThreadPoolExecutor.java:588)
08-06 12:56:18.273 23697 23858 W GrowthKit: 	at java.lang.Thread.run(Thread.java:818)
08-06 12:56:18.275 23697 23858 E GrowthKit: job GrowthKitJobScheduler.PeriodicSyncJob failed
08-06 12:56:18.277 24180 24180 D AndroidRuntime: CheckJNI is OFF
08-06 12:56:18.319 24180 24180 D ICU     : No timezone override file found: /data/misc/zoneinfo/current/icu/icu_tzdata.dat
08-06 12:56:18.324  6998 21988 I art     : Explicit concurrent mark sweep GC freed 22(784B) AllocSpace objects, 0(0B) LOS objects, 27% free, 41MB/57MB, paused 1.543ms total 59.171ms
08-06 12:56:18.338  6998 21988 I art     : Starting a blocking GC Explicit
08-06 12:56:18.361 24180 24180 I Radio-JNI: register_android_hardware_Radio DONE
08-06 12:56:18.389 24180 24180 D AndroidRuntime: Calling main entry com.android.commands.input.Input
08-06 12:56:18.391 24180 24180 I Input   : injectKeyEvent: KeyEvent { action=ACTION_DOWN, keyCode=KEYCODE_BACK, scanCode=0, metaState=0, flags=0x0, repeatCount=0, eventTime=881794804, downTime=881794804, deviceId=-1, source=0x101 }
08-06 12:56:18.397 24180 24180 I Input   : injectKeyEvent: KeyEvent { action=ACTION_UP, keyCode=KEYCODE_BACK, scanCode=0, metaState=0, flags=0x0, repeatCount=0, eventTime=881794804, downTime=881794804, deviceId=-1, source=0x101 }
08-06 12:56:18.398  6998 21988 I art     : Explicit concurrent mark sweep GC freed 3(96B) AllocSpace objects, 0(0B) LOS objects, 27% free, 42MB/58MB, paused 1.697ms total 59.120ms
08-06 12:56:18.403 24180 24180 D AndroidRuntime: Shutting down VM
08-06 12:56:18.412  6998 21988 I art     : Starting a blocking GC Explicit
08-06 12:56:18.470  6998 21988 I art     : Explicit concurrent mark sweep GC freed 336(65KB) AllocSpace objects, 4(80KB) LOS objects, 27% free, 42MB/58MB, paused 1.726ms total 58.092ms
08-06 12:56:18.486  6998 21988 I art     : Starting a blocking GC Explicit
08-06 12:56:18.547  6998 21988 I art     : Explicit concurrent mark sweep GC freed 35(1648B) AllocSpace objects, 0(0B) LOS objects, 27% free, 41MB/57MB, paused 1.507ms total 61.281ms
08-06 12:56:18.607 13866 13866 I GoogleInputMethodServic: GoogleInputMethodService.onFinishInput():3138 
08-06 12:56:18.608 13866 13866 I GoogleInputMethodServic: GoogleInputMethodService.onStartInput():1808 
08-06 12:56:18.780 23685 23885 W GrowthKit: Failed to fetch promotions.
08-06 12:56:18.780 23685 23885 W GrowthKit: teh: DEADLINE_EXCEEDED: deadline exceeded after 19.991796927s. [buffered_nanos=308011875, remote_addr=/192.168.2.12:8080]
08-06 12:56:18.780 23685 23885 W GrowthKit: 	at tla.a(PG:9)
08-06 12:56:18.780 23685 23885 W GrowthKit: 	at tfo.a(PG:2)
08-06 12:56:18.780 23685 23885 W GrowthKit: 	at tgc.run(PG:4)
08-06 12:56:18.780 23685 23885 W GrowthKit: 	at tjb.run(PG:2)
08-06 12:56:18.780 23685 23885 W GrowthKit: 	at java.util.concurrent.ThreadPoolExecutor.runWorker(ThreadPoolExecutor.java:1113)
08-06 12:56:18.780 23685 23885 W GrowthKit: 	at java.util.concurrent.ThreadPoolExecutor$Worker.run(ThreadPoolExecutor.java:588)
08-06 12:56:18.780 23685 23885 W GrowthKit: 	at java.lang.Thread.run(Thread.java:818)
08-06 12:56:18.785 23685 23885 E GrowthKit: job GrowthKitJobScheduler.PeriodicSyncJob failed
08-06 12:56:18.792   918   928 I ActivityManager: Killing 7010:nappagreedy.com.newsblur/u0a701 (adj 15): empty #17
08-06 12:56:18.917  6998  7009 I art     : Starting a blocking GC Explicit
08-06 12:56:18.982  6998  7009 I art     : Explicit concurrent mark sweep GC freed 9985(626KB) AllocSpace objects, 9(180KB) LOS objects, 27% free, 42MB/58MB, paused 1.529ms total 64.064ms
08-06 12:56:18.999  6998  7009 I art     : Starting a blocking GC Explicit
08-06 12:56:19.054  6998  7009 I art     : Explicit concurrent mark sweep GC freed 283(11KB) AllocSpace objects, 0(0B) LOS objects, 27% free, 42MB/58MB, paused 1.418ms total 55.282ms
08-06 12:56:19.069  6998  7009 I art     : Starting a blocking GC Explicit
08-06 12:56:19.129  6998  7009 I art     : Explicit concurrent mark sweep GC freed 148(7KB) AllocSpace objects, 0(0B) LOS objects, 27% free, 42MB/58MB, paused 1.560ms total 59.908ms
08-06 12:56:19.145  6998  7009 I art     : Starting a blocking GC Explicit
08-06 12:56:19.207  6998  7009 I art     : Explicit concurrent mark sweep GC freed 13(416B) AllocSpace objects, 0(0B) LOS objects, 27% free, 42MB/58MB, paused 1.580ms total 61.355ms
08-06 12:56:19.222  6998  7009 I art     : Starting a blocking GC Explicit
08-06 12:56:19.283  6998  7009 I art     : Explicit concurrent mark sweep GC freed 12(384B) AllocSpace objects, 0(0B) LOS objects, 27% free, 42MB/58MB, paused 1.495ms total 60.439ms
08-06 12:56:19.341  6998 23886 E baseline.com.newsblur.network.APIResponse: Error (unexpected end of stream on https://www.newsblur.com/...) calling https://www.newsblur.com/reader/feed_unread_count?feed_id=0
08-06 12:56:19.341  6998 23886 E baseline.com.newsblur.network.APIResponse: java.io.IOException: unexpected end of stream on https://www.newsblur.com/...
08-06 12:56:19.341  6998 23886 E baseline.com.newsblur.network.APIResponse: 	at okhttp3.internal.http1.Http1ExchangeCodec.readResponseHeaders(Http1ExchangeCodec.java:236)
08-06 12:56:19.341  6998 23886 E baseline.com.newsblur.network.APIResponse: 	at okhttp3.internal.connection.Exchange.readResponseHeaders(Exchange.java:115)
08-06 12:56:19.341  6998 23886 E baseline.com.newsblur.network.APIResponse: 	at okhttp3.internal.http.CallServerInterceptor.intercept(CallServerInterceptor.java:94)
08-06 12:56:19.341  6998 23886 E baseline.com.newsblur.network.APIResponse: 	at okhttp3.internal.http.RealInterceptorChain.proceed(RealInterceptorChain.java:142)
08-06 12:56:19.341  6998 23886 E baseline.com.newsblur.network.APIResponse: 	at okhttp3.internal.connection.ConnectInterceptor.intercept(ConnectInterceptor.java:43)
08-06 12:56:19.341  6998 23886 E baseline.com.newsblur.network.APIResponse: 	at okhttp3.internal.http.RealInterceptorChain.proceed(RealInterceptorChain.java:142)
08-06 12:56:19.341  6998 23886 E baseline.com.newsblur.network.APIResponse: 	at okhttp3.internal.http.RealInterceptorChain.proceed(RealInterceptorChain.java:117)
08-06 12:56:19.341  6998 23886 E baseline.com.newsblur.network.APIResponse: 	at okhttp3.internal.cache.CacheInterceptor.intercept(CacheInterceptor.java:94)
08-06 12:56:19.341  6998 23886 E baseline.com.newsblur.network.APIResponse: 	at okhttp3.internal.http.RealInterceptorChain.proceed(RealInterceptorChain.java:142)
08-06 12:56:19.341  6998 23886 E baseline.com.newsblur.network.APIResponse: 	at okhttp3.internal.http.RealInterceptorChain.proceed(RealInterceptorChain.java:117)
08-06 12:56:19.341  6998 23886 E baseline.com.newsblur.network.APIResponse: 	at okhttp3.internal.http.BridgeInterceptor.intercept(BridgeInterceptor.java:93)
08-06 12:56:19.341  6998 23886 E baseline.com.newsblur.network.APIResponse: 	at okhttp3.internal.http.RealInterceptorChain.proceed(RealInterceptorChain.java:142)
08-06 12:56:19.341  6998 23886 E baseline.com.newsblur.network.APIResponse: 	at okhttp3.internal.http.RetryAndFollowUpInterceptor.intercept(RetryAndFollowUpInterceptor.java:88)
08-06 12:56:19.341  6998 23886 E baseline.com.newsblur.network.APIResponse: 	at okhttp3.internal.http.RealInterceptorChain.proceed(RealInterceptorChain.java:142)
08-06 12:56:19.341  6998 23886 E baseline.com.newsblur.network.APIResponse: 	at okhttp3.internal.http.RealInterceptorChain.proceed(RealInterceptorChain.java:117)
08-06 12:56:19.341  6998 23886 E baseline.com.newsblur.network.APIResponse: 	at okhttp3.RealCall.getResponseWithInterceptorChain(RealCall.java:229)
08-06 12:56:19.341  6998 23886 E baseline.com.newsblur.network.APIResponse: 	at okhttp3.RealCall.execute(RealCall.java:81)
08-06 12:56:19.341  6998 23886 E baseline.com.newsblur.network.APIResponse: 	at baseline.com.newsblur.network.APIResponse.<init>(APIResponse.java:57)
08-06 12:56:19.341  6998 23886 E baseline.com.newsblur.network.APIResponse: 	at baseline.com.newsblur.network.APIManager.get_single(APIManager.java:639)
08-06 12:56:19.341  6998 23886 E baseline.com.newsblur.network.APIResponse: 	at baseline.com.newsblur.network.APIManager.get(APIManager.java:625)
08-06 12:56:19.341  6998 23886 E baseline.com.newsblur.network.APIResponse: 	at baseline.com.newsblur.network.APIManager.get(APIManager.java:667)
08-06 12:56:19.341  6998 23886 E baseline.com.newsblur.network.APIResponse: 	at baseline.com.newsblur.network.APIManager.getFeedUnreadCounts(APIManager.java:274)
08-06 12:56:19.341  6998 23886 E baseline.com.newsblur.network.APIResponse: 	at baseline.com.newsblur.service.NBSyncService.checkRecounts(NBSyncService.java:660)
08-06 12:56:19.341  6998 23886 E baseline.com.newsblur.network.APIResponse: 	at baseline.com.newsblur.service.NBSyncService.doSync(NBSyncService.java:310)
08-06 12:56:19.341  6998 23886 E baseline.com.newsblur.network.APIResponse: 	at baseline.com.newsblur.service.NBSyncService.access$100(NBSyncService.java:67)
08-06 12:56:19.341  6998 23886 E baseline.com.newsblur.network.APIResponse: 	at baseline.com.newsblur.service.NBSyncService$1.run(NBSyncService.java:188)
08-06 12:56:19.341  6998 23886 E baseline.com.newsblur.network.APIResponse: 	at java.util.concurrent.ThreadPoolExecutor.runWorker(ThreadPoolExecutor.java:1113)
08-06 12:56:19.341  6998 23886 E baseline.com.newsblur.network.APIResponse: 	at java.util.concurrent.ThreadPoolExecutor$Worker.run(ThreadPoolExecutor.java:588)
08-06 12:56:19.341  6998 23886 E baseline.com.newsblur.network.APIResponse: 	at java.lang.Thread.run(Thread.java:818)
08-06 12:56:19.341  6998 23886 E baseline.com.newsblur.network.APIResponse: Caused by: java.io.EOFException: \n not found: limit=0 content=
08-06 12:56:19.341  6998 23886 E baseline.com.newsblur.network.APIResponse: 	at okio.RealBufferedSource.readUtf8LineStrict(RealBufferedSource.java:240)
08-06 12:56:19.341  6998 23886 E baseline.com.newsblur.network.APIResponse: 	at okhttp3.internal.http1.Http1ExchangeCodec.readHeaderLine(Http1ExchangeCodec.java:242)
08-06 12:56:19.341  6998 23886 E baseline.com.newsblur.network.APIResponse: 	at okhttp3.internal.http1.Http1ExchangeCodec.readResponseHeaders(Http1ExchangeCodec.java:213)
08-06 12:56:19.341  6998 23886 E baseline.com.newsblur.network.APIResponse: 	... 28 more
08-06 12:56:19.342  6998 23886 I baseline.com.newsblur.network.APIManager: API call failed, pausing before retry number 2
08-06 12:56:19.661  6998 22841 I art     : Starting a blocking GC Explicit
08-06 12:56:19.724  6998 22841 I art     : Explicit concurrent mark sweep GC freed 3988(357KB) AllocSpace objects, 3(60KB) LOS objects, 27% free, 41MB/57MB, paused 1.548ms total 62.240ms
08-06 12:56:19.724 23709 23833 W GrowthKit: Failed to fetch promotions.
08-06 12:56:19.724 23709 23833 W GrowthKit: rjp: DEADLINE_EXCEEDED: deadline exceeded after 19.932126198s. [remote_addr=null]
08-06 12:56:19.724 23709 23833 W GrowthKit: 	at rjn.a(PG:31)
08-06 12:56:19.724 23709 23833 W GrowthKit: 	at rwd.a(PG:6)
08-06 12:56:19.724 23709 23833 W GrowthKit: 	at rlw.a(PG:23)
08-06 12:56:19.724 23709 23833 W GrowthKit: 	at rln.a(PG:3)
08-06 12:56:19.724 23709 23833 W GrowthKit: 	at rmk.run(PG:2)
08-06 12:56:19.724 23709 23833 W GrowthKit: 	at rsm.run(PG:10)
08-06 12:56:19.724 23709 23833 W GrowthKit: 	at java.util.concurrent.ThreadPoolExecutor.runWorker(ThreadPoolExecutor.java:1113)
08-06 12:56:19.724 23709 23833 W GrowthKit: 	at java.util.concurrent.ThreadPoolExecutor$Worker.run(ThreadPoolExecutor.java:588)
08-06 12:56:19.724 23709 23833 W GrowthKit: 	at foi.run(Unknown Source)
08-06 12:56:19.724 23709 23833 W GrowthKit: 	at java.lang.Thread.run(Thread.java:818)
08-06 12:56:19.728 23709 23833 E GrowthKit: job GrowthKitJobScheduler.PeriodicSyncJob failed
08-06 12:56:19.735   918  4413 I ActivityManager: Killing 28399:com.android.defcontainer/u0a7 (adj 15): empty #17
08-06 12:56:19.739  6998 22841 I art     : Starting a blocking GC Explicit
08-06 12:56:19.793  6998 22841 I art     : Explicit concurrent mark sweep GC freed 131(4KB) AllocSpace objects, 0(0B) LOS objects, 27% free, 41MB/57MB, paused 1.508ms total 53.914ms
08-06 12:56:19.807  6998 22841 I art     : Starting a blocking GC Explicit
08-06 12:56:19.862  6998 22841 I art     : Explicit concurrent mark sweep GC freed 11(352B) AllocSpace objects, 0(0B) LOS objects, 27% free, 41MB/57MB, paused 1.496ms total 54.841ms
08-06 12:56:19.876  6998 22841 I art     : Starting a blocking GC Explicit
08-06 12:56:19.935  6998 22841 I art     : Explicit concurrent mark sweep GC freed 12(384B) AllocSpace objects, 0(0B) LOS objects, 27% free, 41MB/57MB, paused 1.502ms total 58.838ms
08-06 12:56:19.951  6998 22841 I art     : Starting a blocking GC Explicit
08-06 12:56:20.012  6998 22841 I art     : Explicit concurrent mark sweep GC freed 12(384B) AllocSpace objects, 0(0B) LOS objects, 27% free, 41MB/57MB, paused 1.707ms total 60.886ms
08-06 12:56:20.236 24228 24228 D AndroidRuntime: >>>>>> START com.android.internal.os.RuntimeInit uid 2000 <<<<<<
08-06 12:56:20.242 24228 24228 D AndroidRuntime: CheckJNI is OFF
08-06 12:56:20.282 24228 24228 D ICU     : No timezone override file found: /data/misc/zoneinfo/current/icu/icu_tzdata.dat
08-06 12:56:20.327 24228 24228 I Radio-JNI: register_android_hardware_Radio DONE
08-06 12:56:20.355 24228 24228 D AndroidRuntime: Calling main entry com.android.commands.am.Am
08-06 12:56:20.368 14970 14970 I Trepn   : Trepn 6.2s: Received intent: com.quicinc.trepn.stop_profiling
08-06 12:56:20.404 14970 14970 I Trepn   : Trepn 6.2s: Trepn has Stopped Profiling.
08-06 12:56:20.420  6998 22841 I art     : Starting a blocking GC Explicit
08-06 12:56:20.484  6998 22841 I art     : Explicit concurrent mark sweep GC freed 1446(83KB) AllocSpace objects, 1(20KB) LOS objects, 27% free, 41MB/57MB, paused 1.635ms total 63.698ms
08-06 12:56:20.500  6998 22841 I art     : Starting a blocking GC Explicit
08-06 12:56:20.565  6998 22841 I art     : Explicit concurrent mark sweep GC freed 22(784B) AllocSpace objects, 0(0B) LOS objects, 27% free, 41MB/57MB, paused 1.528ms total 65.489ms
08-06 12:56:20.581  6998 22841 I art     : Starting a blocking GC Explicit
08-06 12:56:20.615 24228 24228 D AndroidRuntime: Shutting down VM
08-06 12:56:20.621   918  5481 W AppOps  : Finishing op nesting under-run: uid 10078 pkg com.quicinc.trepn code 24 time=0 duration=0 nesting=0
08-06 12:56:20.642  6998 22841 I art     : Explicit concurrent mark sweep GC freed 3(96B) AllocSpace objects, 0(0B) LOS objects, 27% free, 41MB/57MB, paused 1.483ms total 61.329ms
08-06 12:56:20.656  6998 22841 I art     : Starting a blocking GC Explicit
08-06 12:56:20.714  6998 22841 I art     : Explicit concurrent mark sweep GC freed 3(96B) AllocSpace objects, 0(0B) LOS objects, 27% free, 41MB/57MB, paused 1.515ms total 58.094ms
08-06 12:56:20.721 23709 23854 I cr_CronetUrlRequestContext: destroyNativeStreamLocked org.chromium.net.impl.CronetBidirectionalStream@d5270c
08-06 12:56:20.729  6998 22841 I art     : Starting a blocking GC Explicit
08-06 12:56:20.798  6998 22841 I art     : Explicit concurrent mark sweep GC freed 3(96B) AllocSpace objects, 0(0B) LOS objects, 27% free, 41MB/57MB, paused 1.681ms total 68.653ms
08-06 12:56:21.177  6998  7011 I art     : Starting a blocking GC Explicit
08-06 12:56:21.239  6998  7011 I art     : Explicit concurrent mark sweep GC freed 1441(82KB) AllocSpace objects, 1(20KB) LOS objects, 27% free, 41MB/57MB, paused 1.531ms total 61.317ms
08-06 12:56:21.254  6998  7011 I art     : Starting a blocking GC Explicit
08-06 12:56:21.314  6998  7011 I art     : Explicit concurrent mark sweep GC freed 22(784B) AllocSpace objects, 0(0B) LOS objects, 27% free, 41MB/57MB, paused 1.591ms total 59.743ms
08-06 12:56:21.329  6998  7011 I art     : Starting a blocking GC Explicit
08-06 12:56:21.390  6998  7011 I art     : Explicit concurrent mark sweep GC freed 3(96B) AllocSpace objects, 0(0B) LOS objects, 27% free, 41MB/57MB, paused 1.514ms total 60.439ms
08-06 12:56:21.404  6998  7011 I art     : Starting a blocking GC Explicit
08-06 12:56:21.465  6998  7011 I art     : Explicit concurrent mark sweep GC freed 3(96B) AllocSpace objects, 0(0B) LOS objects, 27% free, 41MB/57MB, paused 1.594ms total 60.373ms
08-06 12:56:21.480  6998  7011 I art     : Starting a blocking GC Explicit
08-06 12:56:21.540  6998  7011 I art     : Explicit concurrent mark sweep GC freed 3(96B) AllocSpace objects, 0(0B) LOS objects, 27% free, 41MB/57MB, paused 1.605ms total 59.914ms
08-06 12:56:21.656   918  3261 D WifiStateMachine: starting scan for "H369AA63323"WPA_PSK with 2412,5180
08-06 12:56:22.853  6998 23886 E baseline.com.newsblur.network.APIResponse: Error (unexpected end of stream on https://www.newsblur.com/...) calling https://www.newsblur.com/reader/feed_unread_count?feed_id=0
08-06 12:56:22.853  6998 23886 E baseline.com.newsblur.network.APIResponse: java.io.IOException: unexpected end of stream on https://www.newsblur.com/...
08-06 12:56:22.853  6998 23886 E baseline.com.newsblur.network.APIResponse: 	at okhttp3.internal.http1.Http1ExchangeCodec.readResponseHeaders(Http1ExchangeCodec.java:236)
08-06 12:56:22.853  6998 23886 E baseline.com.newsblur.network.APIResponse: 	at okhttp3.internal.connection.Exchange.readResponseHeaders(Exchange.java:115)
08-06 12:56:22.853  6998 23886 E baseline.com.newsblur.network.APIResponse: 	at okhttp3.internal.http.CallServerInterceptor.intercept(CallServerInterceptor.java:94)
08-06 12:56:22.853  6998 23886 E baseline.com.newsblur.network.APIResponse: 	at okhttp3.internal.http.RealInterceptorChain.proceed(RealInterceptorChain.java:142)
08-06 12:56:22.853  6998 23886 E baseline.com.newsblur.network.APIResponse: 	at okhttp3.internal.connection.ConnectInterceptor.intercept(ConnectInterceptor.java:43)
08-06 12:56:22.853  6998 23886 E baseline.com.newsblur.network.APIResponse: 	at okhttp3.internal.http.RealInterceptorChain.proceed(RealInterceptorChain.java:142)
08-06 12:56:22.853  6998 23886 E baseline.com.newsblur.network.APIResponse: 	at okhttp3.internal.http.RealInterceptorChain.proceed(RealInterceptorChain.java:117)
08-06 12:56:22.853  6998 23886 E baseline.com.newsblur.network.APIResponse: 	at okhttp3.internal.cache.CacheInterceptor.intercept(CacheInterceptor.java:94)
08-06 12:56:22.853  6998 23886 E baseline.com.newsblur.network.APIResponse: 	at okhttp3.internal.http.RealInterceptorChain.proceed(RealInterceptorChain.java:142)
08-06 12:56:22.853  6998 23886 E baseline.com.newsblur.network.APIResponse: 	at okhttp3.internal.http.RealInterceptorChain.proceed(RealInterceptorChain.java:117)
08-06 12:56:22.853  6998 23886 E baseline.com.newsblur.network.APIResponse: 	at okhttp3.internal.http.BridgeInterceptor.intercept(BridgeInterceptor.java:93)
08-06 12:56:22.853  6998 23886 E baseline.com.newsblur.network.APIResponse: 	at okhttp3.internal.http.RealInterceptorChain.proceed(RealInterceptorChain.java:142)
08-06 12:56:22.853  6998 23886 E baseline.com.newsblur.network.APIResponse: 	at okhttp3.internal.http.RetryAndFollowUpInterceptor.intercept(RetryAndFollowUpInterceptor.java:88)
08-06 12:56:22.853  6998 23886 E baseline.com.newsblur.network.APIResponse: 	at okhttp3.internal.http.RealInterceptorChain.proceed(RealInterceptorChain.java:142)
08-06 12:56:22.853  6998 23886 E baseline.com.newsblur.network.APIResponse: 	at okhttp3.internal.http.RealInterceptorChain.proceed(RealInterceptorChain.java:117)
08-06 12:56:22.853  6998 23886 E baseline.com.newsblur.network.APIResponse: 	at okhttp3.RealCall.getResponseWithInterceptorChain(RealCall.java:229)
08-06 12:56:22.853  6998 23886 E baseline.com.newsblur.network.APIResponse: 	at okhttp3.RealCall.execute(RealCall.java:81)
08-06 12:56:22.853  6998 23886 E baseline.com.newsblur.network.APIResponse: 	at baseline.com.newsblur.network.APIResponse.<init>(APIResponse.java:57)
08-06 12:56:22.853  6998 23886 E baseline.com.newsblur.network.APIResponse: 	at baseline.com.newsblur.network.APIManager.get_single(APIManager.java:639)
08-06 12:56:22.853  6998 23886 E baseline.com.newsblur.network.APIResponse: 	at baseline.com.newsblur.network.APIManager.get(APIManager.java:625)
08-06 12:56:22.853  6998 23886 E baseline.com.newsblur.network.APIResponse: 	at baseline.com.newsblur.network.APIManager.get(APIManager.java:667)
08-06 12:56:22.853  6998 23886 E baseline.com.newsblur.network.APIResponse: 	at baseline.com.newsblur.network.APIManager.getFeedUnreadCounts(APIManager.java:274)
08-06 12:56:22.853  6998 23886 E baseline.com.newsblur.network.APIResponse: 	at baseline.com.newsblur.service.NBSyncService.checkRecounts(NBSyncService.java:660)
08-06 12:56:22.853  6998 23886 E baseline.com.newsblur.network.APIResponse: 	at baseline.com.newsblur.service.NBSyncService.doSync(NBSyncService.java:310)
08-06 12:56:22.853  6998 23886 E baseline.com.newsblur.network.APIResponse: 	at baseline.com.newsblur.service.NBSyncService.access$100(NBSyncService.java:67)
08-06 12:56:22.853  6998 23886 E baseline.com.newsblur.network.APIResponse: 	at baseline.com.newsblur.service.NBSyncService$1.run(NBSyncService.java:188)
08-06 12:56:22.853  6998 23886 E baseline.com.newsblur.network.APIResponse: 	at java.util.concurrent.ThreadPoolExecutor.runWorker(ThreadPoolExecutor.java:1113)
08-06 12:56:22.853  6998 23886 E baseline.com.newsblur.network.APIResponse: 	at java.util.concurrent.ThreadPoolExecutor$Worker.run(ThreadPoolExecutor.java:588)
08-06 12:56:22.853  6998 23886 E baseline.com.newsblur.network.APIResponse: 	at java.lang.Thread.run(Thread.java:818)
08-06 12:56:22.853  6998 23886 E baseline.com.newsblur.network.APIResponse: Caused by: java.io.EOFException: \n not found: limit=0 content=
08-06 12:56:22.853  6998 23886 E baseline.com.newsblur.network.APIResponse: 	at okio.RealBufferedSource.readUtf8LineStrict(RealBufferedSource.java:240)
08-06 12:56:22.853  6998 23886 E baseline.com.newsblur.network.APIResponse: 	at okhttp3.internal.http1.Http1ExchangeCodec.readHeaderLine(Http1ExchangeCodec.java:242)
08-06 12:56:22.853  6998 23886 E baseline.com.newsblur.network.APIResponse: 	at okhttp3.internal.http1.Http1ExchangeCodec.readResponseHeaders(Http1ExchangeCodec.java:213)
08-06 12:56:22.853  6998 23886 E baseline.com.newsblur.network.APIResponse: 	... 28 more
08-06 12:56:22.855  6998 23886 W baseline.com.newsblur.service.NBSyncService: Bad response to feed_unread_count
08-06 12:56:23.269  6998 23886 E baseline.com.newsblur.network.APIResponse: Error (unexpected end of stream on https://www.newsblur.com/...) calling https://www.newsblur.com/reader/mark_story_hashes_as_read/
08-06 12:56:23.269  6998 23886 E baseline.com.newsblur.network.APIResponse: java.io.IOException: unexpected end of stream on https://www.newsblur.com/...
08-06 12:56:23.269  6998 23886 E baseline.com.newsblur.network.APIResponse: 	at okhttp3.internal.http1.Http1ExchangeCodec.readResponseHeaders(Http1ExchangeCodec.java:236)
08-06 12:56:23.269  6998 23886 E baseline.com.newsblur.network.APIResponse: 	at okhttp3.internal.connection.Exchange.readResponseHeaders(Exchange.java:115)
08-06 12:56:23.269  6998 23886 E baseline.com.newsblur.network.APIResponse: 	at okhttp3.internal.http.CallServerInterceptor.intercept(CallServerInterceptor.java:94)
08-06 12:56:23.269  6998 23886 E baseline.com.newsblur.network.APIResponse: 	at okhttp3.internal.http.RealInterceptorChain.proceed(RealInterceptorChain.java:142)
08-06 12:56:23.269  6998 23886 E baseline.com.newsblur.network.APIResponse: 	at okhttp3.internal.connection.ConnectInterceptor.intercept(ConnectInterceptor.java:43)
08-06 12:56:23.269  6998 23886 E baseline.com.newsblur.network.APIResponse: 	at okhttp3.internal.http.RealInterceptorChain.proceed(RealInterceptorChain.java:142)
08-06 12:56:23.269  6998 23886 E baseline.com.newsblur.network.APIResponse: 	at okhttp3.internal.http.RealInterceptorChain.proceed(RealInterceptorChain.java:117)
08-06 12:56:23.269  6998 23886 E baseline.com.newsblur.network.APIResponse: 	at okhttp3.internal.cache.CacheInterceptor.intercept(CacheInterceptor.java:94)
08-06 12:56:23.269  6998 23886 E baseline.com.newsblur.network.APIResponse: 	at okhttp3.internal.http.RealInterceptorChain.proceed(RealInterceptorChain.java:142)
08-06 12:56:23.269  6998 23886 E baseline.com.newsblur.network.APIResponse: 	at okhttp3.internal.http.RealInterceptorChain.proceed(RealInterceptorChain.java:117)
08-06 12:56:23.269  6998 23886 E baseline.com.newsblur.network.APIResponse: 	at okhttp3.internal.http.BridgeInterceptor.intercept(BridgeInterceptor.java:93)
08-06 12:56:23.269  6998 23886 E baseline.com.newsblur.network.APIResponse: 	at okhttp3.internal.http.RealInterceptorChain.proceed(RealInterceptorChain.java:142)
08-06 12:56:23.269  6998 23886 E baseline.com.newsblur.network.APIResponse: 	at okhttp3.internal.http.RetryAndFollowUpInterceptor.intercept(RetryAndFollowUpInterceptor.java:88)
08-06 12:56:23.269  6998 23886 E baseline.com.newsblur.network.APIResponse: 	at okhttp3.internal.http.RealInterceptorChain.proceed(RealInterceptorChain.java:142)
08-06 12:56:23.269  6998 23886 E baseline.com.newsblur.network.APIResponse: 	at okhttp3.internal.http.RealInterceptorChain.proceed(RealInterceptorChain.java:117)
08-06 12:56:23.269  6998 23886 E baseline.com.newsblur.network.APIResponse: 	at okhttp3.RealCall.getResponseWithInterceptorChain(RealCall.java:229)
08-06 12:56:23.269  6998 23886 E baseline.com.newsblur.network.APIResponse: 	at okhttp3.RealCall.execute(RealCall.java:81)
08-06 12:56:23.269  6998 23886 E baseline.com.newsblur.network.APIResponse: 	at baseline.com.newsblur.network.APIResponse.<init>(APIResponse.java:57)
08-06 12:56:23.269  6998 23886 E baseline.com.newsblur.network.APIResponse: 	at baseline.com.newsblur.network.APIResponse.<init>(APIResponse.java:43)
08-06 12:56:23.269  6998 23886 E baseline.com.newsblur.network.APIResponse: 	at baseline.com.newsblur.network.APIManager.post_single(APIManager.java:702)
08-06 12:56:23.269  6998 23886 E baseline.com.newsblur.network.APIResponse: 	at baseline.com.newsblur.network.APIManager.post(APIManager.java:675)
08-06 12:56:23.269  6998 23886 E baseline.com.newsblur.network.APIResponse: 	at baseline.com.newsblur.network.APIManager.post(APIManager.java:714)
08-06 12:56:23.269  6998 23886 E baseline.com.newsblur.network.APIResponse: 	at baseline.com.newsblur.network.APIManager.markStoryAsRead(APIManager.java:205)
08-06 12:56:23.269  6998 23886 E baseline.com.newsblur.network.APIResponse: 	at baseline.com.newsblur.util.ReadingAction.doRemote(ReadingAction.java:281)
08-06 12:56:23.269  6998 23886 E baseline.com.newsblur.network.APIResponse: 	at baseline.com.newsblur.service.NBSyncService.syncActions(NBSyncService.java:400)
08-06 12:56:23.269  6998 23886 E baseline.com.newsblur.network.APIResponse: 	at baseline.com.newsblur.service.NBSyncService.doSync(NBSyncService.java:298)
08-06 12:56:23.269  6998 23886 E baseline.com.newsblur.network.APIResponse: 	at baseline.com.newsblur.service.NBSyncService.access$100(NBSyncService.java:67)
08-06 12:56:23.269  6998 23886 E baseline.com.newsblur.network.APIResponse: 	at baseline.com.newsblur.service.NBSyncService$1.run(NBSyncService.java:188)
08-06 12:56:23.269  6998 23886 E baseline.com.newsblur.network.APIResponse: 	at java.util.concurrent.ThreadPoolExecutor.runWorker(ThreadPoolExecutor.java:1113)
08-06 12:56:23.269  6998 23886 E baseline.com.newsblur.network.APIResponse: 	at java.util.concurrent.ThreadPoolExecutor$Worker.run(ThreadPoolExecutor.java:588)
08-06 12:56:23.269  6998 23886 E baseline.com.newsblur.network.APIResponse: 	at java.lang.Thread.run(Thread.java:818)
08-06 12:56:23.269  6998 23886 E baseline.com.newsblur.network.APIResponse: Caused by: java.io.EOFException: \n not found: limit=0 content=
08-06 12:56:23.269  6998 23886 E baseline.com.newsblur.network.APIResponse: 	at okio.RealBufferedSource.readUtf8LineStrict(RealBufferedSource.java:240)
08-06 12:56:23.269  6998 23886 E baseline.com.newsblur.network.APIResponse: 	at okhttp3.internal.http1.Http1ExchangeCodec.readHeaderLine(Http1ExchangeCodec.java:242)
08-06 12:56:23.269  6998 23886 E baseline.com.newsblur.network.APIResponse: 	at okhttp3.internal.http1.Http1ExchangeCodec.readResponseHeaders(Http1ExchangeCodec.java:213)
08-06 12:56:23.269  6998 23886 E baseline.com.newsblur.network.APIResponse: 	... 30 more
08-06 12:56:23.270  6998 23886 I baseline.com.newsblur.network.APIManager: API call failed, pausing before retry number 1
