--------- beginning of main
08-06 03:15:36.789 14548 14548 I ServiceManager: Waiting for service AtCmdFwd...
08-06 03:15:37.398 21393 21393 D AndroidRuntime: >>>>>> START com.android.internal.os.RuntimeInit uid 2000 <<<<<<
08-06 03:15:37.405 21393 21393 D AndroidRuntime: CheckJNI is OFF
08-06 03:15:37.441 21393 21393 D ICU     : No timezone override file found: /data/misc/zoneinfo/current/icu/icu_tzdata.dat
08-06 03:15:37.475 21393 21393 I Radio-JNI: register_android_hardware_Radio DONE
08-06 03:15:37.491 21393 21393 D AndroidRuntime: Calling main entry com.android.commands.monkey.Monkey
--------- beginning of system
08-06 03:15:37.508   918   931 W BroadcastQueue: Skipping deliver [background] BroadcastRecord{51a1b50 u-1 android.net.conn.CONNECTIVITY_CHANGE} to ReceiverList{89f6a4e 21393 (unknown name)/2000/u-1 remote:6f85002}: process crashing
08-06 03:15:37.521   918  5481 I ActivityManager: START u0 {act=android.intent.action.MAIN cat=[android.intent.category.LAUNCHER] flg=0x10200000 cmp=baseline.com.newsblur/.activity.InitActivity} from uid 2000 on display 0
08-06 03:15:37.540   918   932 I sensors : batch
08-06 03:15:37.554   918  3188 I hubconnection: sensorhub said: 'batch 31 flags:0, sampling_rate_Hz:15.00, max_report_latency_us:0'
08-06 03:15:37.604 21393 21393 I art     : System.exit called, status: 0
08-06 03:15:37.604 21393 21393 I AndroidRuntime: VM exiting with result code 0.
08-06 03:15:37.605   918   932 I sensors : flush
08-06 03:15:37.612   918  3188 I hubconnection: sensorhub said: 'flush 31'
08-06 03:15:37.612   918  3188 I hubconnection: saw sensor 31 flushed
08-06 03:15:37.630 16458  6583 I PBSessionCacheImpl: Deleted sessionId[72384646105454640] from persistence.
08-06 03:15:37.639 16458 16488 W SearchServiceCore: Abort, client detached.
08-06 03:15:37.640 16458 16488 I MicroDetectionState: Should stop hotword detection immediately - true
08-06 03:15:37.701 14491 14491 I baseline.com.newsblur.activity.InitActivity: cold launching version 9.0b1
08-06 03:15:37.709 14491 21409 D OpenGLRenderer: Use EGL_SWAP_BEHAVIOR_PRESERVED: true
08-06 03:15:37.750 14491 21409 I Adreno  : QUALCOMM build                   : fcf4852, I1af360237c
08-06 03:15:37.750 14491 21409 I Adreno  : Build Date                       : 09/23/15
08-06 03:15:37.750 14491 21409 I Adreno  : OpenGL ES Shader Compiler Version: XE031.05.13.02
08-06 03:15:37.750 14491 21409 I Adreno  : Local Branch                     : mybranch14465806
08-06 03:15:37.750 14491 21409 I Adreno  : Remote Branch                    : quic/LA.BF64.1.2.9_v2
08-06 03:15:37.750 14491 21409 I Adreno  : Remote Branch                    : NONE
08-06 03:15:37.750 14491 21409 I Adreno  : Reconstruct Branch               : NOTHING
08-06 03:15:37.754 14491 21409 I OpenGLRenderer: Initialized EGL, version 1.4
08-06 03:15:37.789 14548 14548 I ServiceManager: Waiting for service AtCmdFwd...
08-06 03:15:37.790 13866 13866 I GoogleInputMethodServic: GoogleInputMethodService.onFinishInput():3138 
08-06 03:15:37.791 13866 13866 I GoogleInputMethodServic: GoogleInputMethodService.onStartInput():1808 
08-06 03:15:37.808   918  3714 I ActivityManager: START u0 {cmp=baseline.com.newsblur/.activity.Main} from uid 10698 on display 0
08-06 03:15:37.952 14491 14491 I art     : Rejecting re-init on previously-failed class java.lang.Class<androidx.core.view.ViewCompat$OnUnhandledKeyEventListenerWrapper>
08-06 03:15:37.952 14491 14491 I art     : Rejecting re-init on previously-failed class java.lang.Class<androidx.core.view.ViewCompat$OnUnhandledKeyEventListenerWrapper>
08-06 03:15:37.988 14491 14491 E BitmapFactory: Unable to decode stream: java.io.FileNotFoundException: /data/user/0/baseline.com.newsblur/cache/userProfilePicture: open failed: ENOENT (No such file or directory)
08-06 03:15:38.089 14491 21419 I baseline.com.newsblur.service.NBSyncService: ready to sync feed list
08-06 03:15:38.117 13866 13866 I GoogleInputMethodServic: GoogleInputMethodService.onFinishInput():3138 
08-06 03:15:38.119 13866 13866 I GoogleInputMethodServic: GoogleInputMethodService.onStartInput():1808 
08-06 03:15:38.239   918   936 I ActivityManager: Displayed baseline.com.newsblur/.activity.Main: +392ms (total +688ms)
08-06 03:15:38.667 14491 21419 I NAPPA_EXPERIMENTATION: MetricNetworkRequestExecutionTime: REQUEST_DURATION_SYSTEM='575',REQUEST_DURATION_OKHTTP='39',REQUEST_SYNCHRONOUS='TRUE',RESPONSE_CODE='200',RESPONSE_METHOD='GET',RESPONSE_LENGTH_OKHTTP='-1',RESPONSE_LENGTH_HEADER='-2',REQUEST_PROTOCOL='http/1.1',REQUEST_URL='https://www.newsblur.com/reader/feeds/?update_counts=true',
08-06 03:15:38.667 14491 21419 D MY_TAG  : 0, 575
08-06 03:15:38.704 14491 21419 I baseline.com.newsblur.service.NBSyncService: got feed list: 1 feeds in  conn:575 read:8 parse:5 store:23
08-06 03:15:38.790 14548 14548 I ServiceManager: Waiting for service AtCmdFwd...
08-06 03:15:39.117 21440 21440 D AndroidRuntime: >>>>>> START com.android.internal.os.RuntimeInit uid 2000 <<<<<<
08-06 03:15:39.121 21440 21440 D AndroidRuntime: CheckJNI is OFF
08-06 03:15:39.140 14491 21433 I NAPPA_EXPERIMENTATION: MetricNetworkRequestExecutionTime: REQUEST_DURATION_SYSTEM='430',REQUEST_DURATION_OKHTTP='35',REQUEST_SYNCHRONOUS='TRUE',RESPONSE_CODE='200',RESPONSE_METHOD='GET',RESPONSE_LENGTH_OKHTTP='-1',RESPONSE_LENGTH_HEADER='-2',REQUEST_PROTOCOL='http/1.1',REQUEST_URL='https://www.newsblur.com/reader/unread_story_hashes?include_timestamps=1',
08-06 03:15:39.140 14491 21433 D MY_TAG  : 0, 430
08-06 03:15:39.146 21440 21440 D ICU     : No timezone override file found: /data/misc/zoneinfo/current/icu/icu_tzdata.dat
08-06 03:15:39.152 14491 21433 I baseline.com.newsblur.service.UnreadsService: starting unread count: 0
08-06 03:15:39.153 14491 21433 I baseline.com.newsblur.service.UnreadsService: new unread count:      0
08-06 03:15:39.153 14491 21433 I baseline.com.newsblur.service.UnreadsService: new unreads found:     0
08-06 03:15:39.153 14491 21433 I baseline.com.newsblur.service.UnreadsService: unreads to retire:     0
08-06 03:15:39.182 21440 21440 I Radio-JNI: register_android_hardware_Radio DONE
08-06 03:15:39.200 21440 21440 D AndroidRuntime: Calling main entry com.android.commands.am.Am
08-06 03:15:39.204  3167  3167 I Trepn   : Trepn 6.2s: Received intent: com.quicinc.trepn.start_profiling
08-06 03:15:39.297  3167  3167 W FileUtils: Failed to chmod(/storage/emulated/0/trepn/Trepn_2020.08.06_031539.db): android.system.ErrnoException: chmod failed: EPERM (Operation not permitted)
08-06 03:15:39.404  3167  3167 I Trepn   : Trepn 6.2s: Trepn has Started Profiling.
08-06 03:15:39.406 21440 21440 D AndroidRuntime: Shutting down VM
08-06 03:15:39.790 14548 14548 I ServiceManager: Waiting for service AtCmdFwd...
08-06 03:15:39.895 14491 14502 I art     : Starting a blocking GC Explicit
08-06 03:15:39.921 14491 14502 I art     : Explicit concurrent mark sweep GC freed 31974(2MB) AllocSpace objects, 45(1220KB) LOS objects, 37% free, 26MB/42MB, paused 209us total 25.825ms
08-06 03:15:39.937 14491 14502 I art     : Starting a blocking GC Explicit
08-06 03:15:39.948 14491 14502 I art     : Explicit concurrent mark sweep GC freed 2530(201KB) AllocSpace objects, 0(0B) LOS objects, 38% free, 26MB/42MB, paused 170us total 11.126ms
08-06 03:15:39.954 14491 14502 I art     : Starting a blocking GC Explicit
08-06 03:15:39.965 14491 14502 I art     : Explicit concurrent mark sweep GC freed 3(96B) AllocSpace objects, 0(0B) LOS objects, 38% free, 26MB/42MB, paused 181us total 10.846ms
08-06 03:15:39.971 14491 14502 I art     : Starting a blocking GC Explicit
08-06 03:15:39.982 14491 14502 I art     : Explicit concurrent mark sweep GC freed 3(96B) AllocSpace objects, 0(0B) LOS objects, 38% free, 26MB/42MB, paused 176us total 11.187ms
08-06 03:15:39.988 14491 14502 I art     : Starting a blocking GC Explicit
08-06 03:15:40.000 14491 14502 I art     : Explicit concurrent mark sweep GC freed 3(96B) AllocSpace objects, 0(0B) LOS objects, 38% free, 26MB/42MB, paused 171us total 11.168ms
08-06 03:15:40.284 14491 14503 I art     : Starting a blocking GC Explicit
08-06 03:15:40.301 14491 14503 I art     : Explicit concurrent mark sweep GC freed 1390(80KB) AllocSpace objects, 1(20KB) LOS objects, 38% free, 26MB/42MB, paused 220us total 17.013ms
08-06 03:15:40.311 14491 14503 I art     : Starting a blocking GC Explicit
08-06 03:15:40.323 14491 14503 I art     : Explicit concurrent mark sweep GC freed 20(704B) AllocSpace objects, 0(0B) LOS objects, 38% free, 26MB/42MB, paused 185us total 11.616ms
08-06 03:15:40.329 14491 14503 I art     : Starting a blocking GC Explicit
08-06 03:15:40.341 14491 14503 I art     : Explicit concurrent mark sweep GC freed 3(96B) AllocSpace objects, 0(0B) LOS objects, 38% free, 26MB/42MB, paused 182us total 11.641ms
08-06 03:15:40.348 14491 14503 I art     : Starting a blocking GC Explicit
08-06 03:15:40.359 14491 14503 I art     : Explicit concurrent mark sweep GC freed 3(96B) AllocSpace objects, 0(0B) LOS objects, 38% free, 26MB/42MB, paused 183us total 11.056ms
08-06 03:15:40.365 14491 14503 I art     : Starting a blocking GC Explicit
08-06 03:15:40.377 14491 14503 I art     : Explicit concurrent mark sweep GC freed 3(96B) AllocSpace objects, 0(0B) LOS objects, 38% free, 26MB/42MB, paused 243us total 10.913ms
08-06 03:15:40.668 14491 14502 I art     : Starting a blocking GC Explicit
08-06 03:15:40.686 14491 14502 I art     : Explicit concurrent mark sweep GC freed 1380(80KB) AllocSpace objects, 1(20KB) LOS objects, 38% free, 26MB/42MB, paused 234us total 17.634ms
08-06 03:15:40.695 14491 14502 I art     : Starting a blocking GC Explicit
08-06 03:15:40.708 14491 14502 I art     : Explicit concurrent mark sweep GC freed 20(704B) AllocSpace objects, 0(0B) LOS objects, 38% free, 26MB/42MB, paused 210us total 12.655ms
08-06 03:15:40.715 14491 14502 I art     : Starting a blocking GC Explicit
08-06 03:15:40.726 14491 14502 I art     : Explicit concurrent mark sweep GC freed 3(96B) AllocSpace objects, 0(0B) LOS objects, 38% free, 26MB/42MB, paused 158us total 10.610ms
08-06 03:15:40.732 14491 14502 I art     : Starting a blocking GC Explicit
08-06 03:15:40.743 14491 14502 I art     : Explicit concurrent mark sweep GC freed 3(96B) AllocSpace objects, 0(0B) LOS objects, 38% free, 26MB/42MB, paused 182us total 10.894ms
08-06 03:15:40.749 14491 14502 I art     : Starting a blocking GC Explicit
08-06 03:15:40.760 14491 14502 I art     : Explicit concurrent mark sweep GC freed 3(96B) AllocSpace objects, 0(0B) LOS objects, 38% free, 26MB/42MB, paused 179us total 11.135ms
08-06 03:15:40.791 14548 14548 W Atfwd_Sendcmd: AtCmdFwd service not published, waiting... retryCnt : 2
08-06 03:15:41.041 14491 14503 I art     : Starting a blocking GC Explicit
08-06 03:15:41.057 14491 14503 I art     : Explicit concurrent mark sweep GC freed 1375(79KB) AllocSpace objects, 1(20KB) LOS objects, 38% free, 26MB/42MB, paused 241us total 16.558ms
08-06 03:15:41.068 14491 14503 I art     : Starting a blocking GC Explicit
08-06 03:15:41.079 14491 14503 I art     : Explicit concurrent mark sweep GC freed 20(704B) AllocSpace objects, 0(0B) LOS objects, 38% free, 26MB/42MB, paused 182us total 11.415ms
08-06 03:15:41.086 14491 14503 I art     : Starting a blocking GC Explicit
08-06 03:15:41.097 14491 14503 I art     : Explicit concurrent mark sweep GC freed 3(96B) AllocSpace objects, 0(0B) LOS objects, 38% free, 26MB/42MB, paused 212us total 11.111ms
08-06 03:15:41.103 14491 14503 I art     : Starting a blocking GC Explicit
08-06 03:15:41.115 14491 14503 I art     : Explicit concurrent mark sweep GC freed 3(96B) AllocSpace objects, 0(0B) LOS objects, 38% free, 26MB/42MB, paused 176us total 11.648ms
08-06 03:15:41.121 14491 14503 I art     : Starting a blocking GC Explicit
08-06 03:15:41.132 14491 14503 I art     : Explicit concurrent mark sweep GC freed 3(96B) AllocSpace objects, 0(0B) LOS objects, 38% free, 26MB/42MB, paused 188us total 11.278ms
08-06 03:15:41.461 14491 14502 I art     : Starting a blocking GC Explicit
08-06 03:15:41.478 14491 14502 I art     : Explicit concurrent mark sweep GC freed 1378(80KB) AllocSpace objects, 1(20KB) LOS objects, 38% free, 26MB/42MB, paused 270us total 16.670ms
08-06 03:15:41.490 14491 14502 I art     : Starting a blocking GC Explicit
08-06 03:15:41.503 14491 14502 I art     : Explicit concurrent mark sweep GC freed 20(704B) AllocSpace objects, 0(0B) LOS objects, 38% free, 26MB/42MB, paused 198us total 13.581ms
08-06 03:15:41.510 14491 14502 I art     : Starting a blocking GC Explicit
08-06 03:15:41.522 14491 14502 I art     : Explicit concurrent mark sweep GC freed 3(96B) AllocSpace objects, 0(0B) LOS objects, 38% free, 26MB/42MB, paused 171us total 11.888ms
08-06 03:15:41.528 14491 14502 I art     : Starting a blocking GC Explicit
08-06 03:15:41.539 14491 14502 I art     : Explicit concurrent mark sweep GC freed 3(96B) AllocSpace objects, 0(0B) LOS objects, 38% free, 26MB/42MB, paused 165us total 10.943ms
08-06 03:15:41.545 14491 14502 I art     : Starting a blocking GC Explicit
08-06 03:15:41.556 14491 14502 I art     : Explicit concurrent mark sweep GC freed 3(96B) AllocSpace objects, 0(0B) LOS objects, 38% free, 26MB/42MB, paused 176us total 10.899ms
08-06 03:15:41.870 14491 14503 I art     : Starting a blocking GC Explicit
08-06 03:15:41.884 14491 14503 I art     : Explicit concurrent mark sweep GC freed 1375(79KB) AllocSpace objects, 1(20KB) LOS objects, 38% free, 26MB/42MB, paused 190us total 13.782ms
08-06 03:15:41.890 14491 14503 I art     : Starting a blocking GC Explicit
08-06 03:15:41.902 14491 14503 I art     : Explicit concurrent mark sweep GC freed 20(704B) AllocSpace objects, 0(0B) LOS objects, 38% free, 26MB/42MB, paused 171us total 11.621ms
08-06 03:15:41.909 14491 14503 I art     : Starting a blocking GC Explicit
08-06 03:15:41.920 14491 14503 I art     : Explicit concurrent mark sweep GC freed 3(96B) AllocSpace objects, 0(0B) LOS objects, 38% free, 26MB/42MB, paused 182us total 11.617ms
08-06 03:15:41.927 14491 14503 I art     : Starting a blocking GC Explicit
08-06 03:15:41.939 14491 14503 I art     : Explicit concurrent mark sweep GC freed 3(96B) AllocSpace objects, 0(0B) LOS objects, 38% free, 26MB/42MB, paused 180us total 11.283ms
08-06 03:15:41.945 14491 14503 I art     : Starting a blocking GC Explicit
08-06 03:15:41.956 14491 14503 I art     : Explicit concurrent mark sweep GC freed 3(96B) AllocSpace objects, 0(0B) LOS objects, 38% free, 26MB/42MB, paused 171us total 10.904ms
08-06 03:15:42.259 14491 14502 I art     : Starting a blocking GC Explicit
08-06 03:15:42.277 14491 14502 I art     : Explicit concurrent mark sweep GC freed 1376(79KB) AllocSpace objects, 1(20KB) LOS objects, 38% free, 26MB/42MB, paused 245us total 17.581ms
08-06 03:15:42.287 14491 14502 I art     : Starting a blocking GC Explicit
08-06 03:15:42.301 14491 14502 I art     : Explicit concurrent mark sweep GC freed 20(704B) AllocSpace objects, 0(0B) LOS objects, 38% free, 26MB/42MB, paused 197us total 14.176ms
08-06 03:15:42.311 14491 14502 I art     : Starting a blocking GC Explicit
08-06 03:15:42.324 14491 14502 I art     : Explicit concurrent mark sweep GC freed 3(96B) AllocSpace objects, 0(0B) LOS objects, 38% free, 26MB/42MB, paused 178us total 13.370ms
08-06 03:15:42.331 14491 14502 I art     : Starting a blocking GC Explicit
08-06 03:15:42.342 14491 14502 I art     : Explicit concurrent mark sweep GC freed 3(96B) AllocSpace objects, 0(0B) LOS objects, 38% free, 26MB/42MB, paused 170us total 11.362ms
08-06 03:15:42.349 14491 14502 I art     : Starting a blocking GC Explicit
08-06 03:15:42.361 14491 14502 I art     : Explicit concurrent mark sweep GC freed 3(96B) AllocSpace objects, 0(0B) LOS objects, 38% free, 26MB/42MB, paused 179us total 11.721ms
08-06 03:15:42.647 14491 14503 I art     : Starting a blocking GC Explicit
08-06 03:15:42.664 14491 14503 I art     : Explicit concurrent mark sweep GC freed 1376(79KB) AllocSpace objects, 1(20KB) LOS objects, 38% free, 26MB/42MB, paused 235us total 16.828ms
08-06 03:15:42.674 14491 14503 I art     : Starting a blocking GC Explicit
08-06 03:15:42.689 14491 14503 I art     : Explicit concurrent mark sweep GC freed 20(704B) AllocSpace objects, 0(0B) LOS objects, 38% free, 26MB/42MB, paused 197us total 14.347ms
08-06 03:15:42.698 14491 14503 I art     : Starting a blocking GC Explicit
08-06 03:15:42.709 14491 14503 I art     : Explicit concurrent mark sweep GC freed 3(96B) AllocSpace objects, 0(0B) LOS objects, 38% free, 26MB/42MB, paused 163us total 10.697ms
08-06 03:15:42.715 14491 14503 I art     : Starting a blocking GC Explicit
08-06 03:15:42.726 14491 14503 I art     : Explicit concurrent mark sweep GC freed 3(96B) AllocSpace objects, 0(0B) LOS objects, 38% free, 26MB/42MB, paused 176us total 10.747ms
08-06 03:15:42.732 14491 14503 I art     : Starting a blocking GC Explicit
08-06 03:15:42.742 14491 14503 I art     : Explicit concurrent mark sweep GC freed 3(96B) AllocSpace objects, 0(0B) LOS objects, 38% free, 26MB/42MB, paused 168us total 10.350ms
08-06 03:15:43.038 14491 14502 I art     : Starting a blocking GC Explicit
08-06 03:15:43.053 14491 14502 I art     : Explicit concurrent mark sweep GC freed 1376(79KB) AllocSpace objects, 1(20KB) LOS objects, 38% free, 26MB/42MB, paused 209us total 15.152ms
08-06 03:15:43.063 14491 14502 I art     : Starting a blocking GC Explicit
08-06 03:15:43.075 14491 14502 I art     : Explicit concurrent mark sweep GC freed 20(704B) AllocSpace objects, 0(0B) LOS objects, 38% free, 26MB/42MB, paused 176us total 12.127ms
08-06 03:15:43.082 14491 14502 I art     : Starting a blocking GC Explicit
08-06 03:15:43.093 14491 14502 I art     : Explicit concurrent mark sweep GC freed 3(96B) AllocSpace objects, 0(0B) LOS objects, 38% free, 26MB/42MB, paused 173us total 11.406ms
08-06 03:15:43.100 14491 14502 I art     : Starting a blocking GC Explicit
08-06 03:15:43.111 14491 14502 I art     : Explicit concurrent mark sweep GC freed 3(96B) AllocSpace objects, 0(0B) LOS objects, 38% free, 26MB/42MB, paused 177us total 11.337ms
08-06 03:15:43.118 14491 14502 I art     : Starting a blocking GC Explicit
08-06 03:15:43.129 14491 14502 I art     : Explicit concurrent mark sweep GC freed 3(96B) AllocSpace objects, 0(0B) LOS objects, 38% free, 26MB/42MB, paused 178us total 11.322ms
08-06 03:15:43.438 14491 14503 I art     : Starting a blocking GC Explicit
08-06 03:15:43.453 14491 14503 I art     : Explicit concurrent mark sweep GC freed 1376(79KB) AllocSpace objects, 1(20KB) LOS objects, 38% free, 26MB/42MB, paused 212us total 15.209ms
08-06 03:15:43.463 14491 14503 I art     : Starting a blocking GC Explicit
08-06 03:15:43.475 14491 14503 I art     : Explicit concurrent mark sweep GC freed 20(704B) AllocSpace objects, 0(0B) LOS objects, 38% free, 26MB/42MB, paused 180us total 11.904ms
08-06 03:15:43.482 14491 14503 I art     : Starting a blocking GC Explicit
08-06 03:15:43.493 14491 14503 I art     : Explicit concurrent mark sweep GC freed 3(96B) AllocSpace objects, 0(0B) LOS objects, 38% free, 26MB/42MB, paused 172us total 11.465ms
08-06 03:15:43.500 14491 14503 I art     : Starting a blocking GC Explicit
08-06 03:15:43.511 14491 14503 I art     : Explicit concurrent mark sweep GC freed 3(96B) AllocSpace objects, 0(0B) LOS objects, 38% free, 26MB/42MB, paused 169us total 11.315ms
08-06 03:15:43.517 14491 14503 I art     : Starting a blocking GC Explicit
08-06 03:15:43.528 14491 14503 I art     : Explicit concurrent mark sweep GC freed 3(96B) AllocSpace objects, 0(0B) LOS objects, 38% free, 26MB/42MB, paused 167us total 10.800ms
08-06 03:15:43.638   918  3188 I hubconnection: sensorhub said: 'set_bias 3: -6.2400, 0.0000, 0.0000'
08-06 03:15:43.819 14491 14502 I art     : Starting a blocking GC Explicit
08-06 03:15:43.831 14491 14502 I art     : Explicit concurrent mark sweep GC freed 1375(79KB) AllocSpace objects, 1(20KB) LOS objects, 38% free, 26MB/42MB, paused 193us total 11.824ms
08-06 03:15:43.837 14491 14502 I art     : Starting a blocking GC Explicit
08-06 03:15:43.848 14491 14502 I art     : Explicit concurrent mark sweep GC freed 20(704B) AllocSpace objects, 0(0B) LOS objects, 38% free, 26MB/42MB, paused 170us total 10.304ms
08-06 03:15:43.853 14491 14502 I art     : Starting a blocking GC Explicit
08-06 03:15:43.864 14491 14502 I art     : Explicit concurrent mark sweep GC freed 3(96B) AllocSpace objects, 0(0B) LOS objects, 38% free, 26MB/42MB, paused 159us total 10.141ms
08-06 03:15:43.869 14491 14502 I art     : Starting a blocking GC Explicit
08-06 03:15:43.879 14491 14502 I art     : Explicit concurrent mark sweep GC freed 3(96B) AllocSpace objects, 0(0B) LOS objects, 38% free, 26MB/42MB, paused 158us total 9.778ms
08-06 03:15:43.885 14491 14502 I art     : Starting a blocking GC Explicit
08-06 03:15:43.894 14491 14502 I art     : Explicit concurrent mark sweep GC freed 3(96B) AllocSpace objects, 0(0B) LOS objects, 38% free, 26MB/42MB, paused 160us total 9.620ms
08-06 03:15:44.184 14491 14503 I art     : Starting a blocking GC Explicit
08-06 03:15:44.198 14491 14503 I art     : Explicit concurrent mark sweep GC freed 1376(79KB) AllocSpace objects, 1(20KB) LOS objects, 38% free, 26MB/42MB, paused 211us total 14.352ms
08-06 03:15:44.206 14491 14503 I art     : Starting a blocking GC Explicit
08-06 03:15:44.217 14491 14503 I art     : Explicit concurrent mark sweep GC freed 20(704B) AllocSpace objects, 0(0B) LOS objects, 38% free, 26MB/42MB, paused 179us total 10.445ms
08-06 03:15:44.222 14491 14503 I art     : Starting a blocking GC Explicit
08-06 03:15:44.233 14491 14503 I art     : Explicit concurrent mark sweep GC freed 3(96B) AllocSpace objects, 0(0B) LOS objects, 38% free, 26MB/42MB, paused 176us total 10.271ms
08-06 03:15:44.239 14491 14503 I art     : Starting a blocking GC Explicit
08-06 03:15:44.249 14491 14503 I art     : Explicit concurrent mark sweep GC freed 3(96B) AllocSpace objects, 0(0B) LOS objects, 38% free, 26MB/42MB, paused 161us total 10.642ms
08-06 03:15:44.255 14491 14503 I art     : Starting a blocking GC Explicit
08-06 03:15:44.265 14491 14503 I art     : Explicit concurrent mark sweep GC freed 3(96B) AllocSpace objects, 0(0B) LOS objects, 38% free, 26MB/42MB, paused 162us total 9.672ms
08-06 03:15:44.523 14491 14502 I art     : Starting a blocking GC Explicit
08-06 03:15:44.535 14491 14502 I art     : Explicit concurrent mark sweep GC freed 1376(79KB) AllocSpace objects, 1(20KB) LOS objects, 38% free, 26MB/42MB, paused 191us total 11.851ms
08-06 03:15:44.542 14491 14502 I art     : Starting a blocking GC Explicit
08-06 03:15:44.553 14491 14502 I art     : Explicit concurrent mark sweep GC freed 20(704B) AllocSpace objects, 0(0B) LOS objects, 38% free, 26MB/42MB, paused 181us total 11.381ms
08-06 03:15:44.559 14491 14502 I art     : Starting a blocking GC Explicit
08-06 03:15:44.563 21590 21590 D AndroidRuntime: >>>>>> START com.android.internal.os.RuntimeInit uid 2000 <<<<<<
08-06 03:15:44.567 21590 21590 D AndroidRuntime: CheckJNI is OFF
08-06 03:15:44.571 14491 14502 I art     : Explicit concurrent mark sweep GC freed 3(96B) AllocSpace objects, 0(0B) LOS objects, 38% free, 26MB/42MB, paused 198us total 11.180ms
08-06 03:15:44.577 14491 14502 I art     : Starting a blocking GC Explicit
08-06 03:15:44.588 14491 14502 I art     : Explicit concurrent mark sweep GC freed 3(96B) AllocSpace objects, 0(0B) LOS objects, 38% free, 26MB/42MB, paused 177us total 11.235ms
08-06 03:15:44.594 14491 14502 I art     : Starting a blocking GC Explicit
08-06 03:15:44.596 21590 21590 D ICU     : No timezone override file found: /data/misc/zoneinfo/current/icu/icu_tzdata.dat
08-06 03:15:44.605 14491 14502 I art     : Explicit concurrent mark sweep GC freed 3(96B) AllocSpace objects, 0(0B) LOS objects, 38% free, 26MB/42MB, paused 198us total 11.027ms
08-06 03:15:44.622 21590 21590 I Radio-JNI: register_android_hardware_Radio DONE
08-06 03:15:44.638 21590 21590 D AndroidRuntime: Calling main entry com.android.commands.input.Input
08-06 03:15:44.639 21590 21590 I Input   : injectMotionEvent: MotionEvent { action=ACTION_DOWN, actionButton=0, id[0]=0, x[0]=594.0, y[0]=330.0, toolType[0]=TOOL_TYPE_UNKNOWN, buttonState=0, metaState=0, flags=0x0, edgeFlags=0x0, pointerCount=1, historySize=0, eventTime=846961052, downTime=846961052, deviceId=0, source=0x1002 }
08-06 03:15:44.644 21590 21590 I Input   : injectMotionEvent: MotionEvent { action=ACTION_UP, actionButton=0, id[0]=0, x[0]=594.0, y[0]=330.0, toolType[0]=TOOL_TYPE_UNKNOWN, buttonState=0, metaState=0, flags=0x0, edgeFlags=0x0, pointerCount=1, historySize=0, eventTime=846961052, downTime=846961052, deviceId=0, source=0x1002 }
08-06 03:15:44.645 21590 21590 D AndroidRuntime: Shutting down VM
08-06 03:15:44.715   918  6112 I ActivityManager: START u0 {cmp=baseline.com.newsblur/.activity.GlobalSharedStoriesItemsList (has extras)} from uid 10698 on display 0
08-06 03:15:44.734 14491 21615 I baseline.com.newsblur.database.BlurDatabaseHelper: reading session reset
08-06 03:15:44.815 14491 14502 I art     : Starting a blocking GC Explicit
08-06 03:15:44.830 14491 14502 I art     : Explicit concurrent mark sweep GC freed 6436(518KB) AllocSpace objects, 8(284KB) LOS objects, 36% free, 27MB/43MB, paused 249us total 15.040ms
08-06 03:15:44.836 14491 14502 I art     : Starting a blocking GC Explicit
08-06 03:15:44.849 14491 14502 I art     : Explicit concurrent mark sweep GC freed 347(16KB) AllocSpace objects, 0(0B) LOS objects, 36% free, 27MB/43MB, paused 192us total 12.396ms
08-06 03:15:44.855 14491 14502 I art     : Starting a blocking GC Explicit
08-06 03:15:44.868 14491 14502 I art     : Explicit concurrent mark sweep GC freed 253(31KB) AllocSpace objects, 1(20KB) LOS objects, 36% free, 27MB/43MB, paused 479us total 12.682ms
08-06 03:15:44.869 14491 14491 W View    : requestLayout() improperly called by android.widget.FrameLayout{d5270c V.E...... ......ID 0,0-1440,0 #7f07003f app:id/footer_view_inner} during layout: running second layout pass
08-06 03:15:44.870 14491 14491 W View    : requestLayout() improperly called by android.widget.FrameLayout{bef7855 V.E...... ......ID 0,0-1440,2091 #7f07003f app:id/footer_view_inner} during layout: running second layout pass
08-06 03:15:44.875 14491 14502 I art     : Starting a blocking GC Explicit
08-06 03:15:44.889 13866 13866 I GoogleInputMethodServic: GoogleInputMethodService.onFinishInput():3138 
08-06 03:15:44.890 14491 14502 I art     : Explicit concurrent mark sweep GC freed 165(13KB) AllocSpace objects, 0(0B) LOS objects, 36% free, 27MB/43MB, paused 215us total 14.933ms
08-06 03:15:44.890   918   936 I ActivityManager: Displayed baseline.com.newsblur/.activity.GlobalSharedStoriesItemsList: +168ms
08-06 03:15:44.890 13866 13866 I GoogleInputMethodServic: GoogleInputMethodService.onStartInput():1808 
08-06 03:15:44.897 14491 14502 I art     : Starting a blocking GC Explicit
08-06 03:15:44.910 14491 14502 I art     : Explicit concurrent mark sweep GC freed 1692(145KB) AllocSpace objects, 5(100KB) LOS objects, 36% free, 27MB/43MB, paused 303us total 12.770ms
08-06 03:15:45.154 14491 14502 I art     : Starting a blocking GC Explicit
08-06 03:15:45.168 14491 14502 I art     : Explicit concurrent mark sweep GC freed 1856(116KB) AllocSpace objects, 2(40KB) LOS objects, 36% free, 27MB/43MB, paused 401us total 13.887ms
08-06 03:15:45.174 14491 14502 I art     : Starting a blocking GC Explicit
08-06 03:15:45.187 14491 14502 I art     : Explicit concurrent mark sweep GC freed 34(1248B) AllocSpace objects, 0(0B) LOS objects, 36% free, 27MB/43MB, paused 250us total 12.596ms
08-06 03:15:45.193 14491 14502 I art     : Starting a blocking GC Explicit
08-06 03:15:45.204 14491 14502 I art     : Explicit concurrent mark sweep GC freed 4(128B) AllocSpace objects, 0(0B) LOS objects, 36% free, 27MB/43MB, paused 215us total 11.328ms
08-06 03:15:45.210 14491 14502 I art     : Starting a blocking GC Explicit
08-06 03:15:45.221 14491 14502 I art     : Explicit concurrent mark sweep GC freed 4(128B) AllocSpace objects, 0(0B) LOS objects, 36% free, 27MB/43MB, paused 235us total 11.270ms
08-06 03:15:45.227 14491 14502 I art     : Starting a blocking GC Explicit
08-06 03:15:45.239 14491 14502 I art     : Explicit concurrent mark sweep GC freed 4(128B) AllocSpace objects, 0(0B) LOS objects, 36% free, 27MB/43MB, paused 233us total 11.722ms
08-06 03:15:45.409 14491 21626 I NAPPA_EXPERIMENTATION: MetricNetworkRequestExecutionTime: REQUEST_DURATION_SYSTEM='507',REQUEST_DURATION_OKHTTP='33',REQUEST_SYNCHRONOUS='TRUE',RESPONSE_CODE='200',RESPONSE_METHOD='GET',RESPONSE_LENGTH_OKHTTP='-1',RESPONSE_LENGTH_HEADER='13047',REQUEST_PROTOCOL='http/1.1',REQUEST_URL='https://www.newsblur.com/social/river_stories?order=newest&page=1&read_filter=all&global_feed=true',
08-06 03:15:45.409 14491 21626 D MY_TAG  : 0, 507
08-06 03:15:45.492 14491 14502 I art     : Starting a blocking GC Explicit
08-06 03:15:45.511 14491 14502 I art     : Explicit concurrent mark sweep GC freed 34156(2MB) AllocSpace objects, 24(836KB) LOS objects, 36% free, 27MB/43MB, paused 245us total 17.995ms
08-06 03:15:45.518 14491 14502 I art     : Starting a blocking GC Explicit
08-06 03:15:45.531 14491 14502 I art     : Explicit concurrent mark sweep GC freed 3325(479KB) AllocSpace objects, 17(340KB) LOS objects, 36% free, 27MB/43MB, paused 229us total 12.665ms
08-06 03:15:45.537 14491 14502 I art     : Starting a blocking GC Explicit
08-06 03:15:45.549 14491 14502 I art     : Explicit concurrent mark sweep GC freed 357(16KB) AllocSpace objects, 0(0B) LOS objects, 36% free, 27MB/43MB, paused 191us total 12.119ms
08-06 03:15:45.555 14491 14502 I art     : Starting a blocking GC Explicit
08-06 03:15:45.567 14491 14502 I art     : Explicit concurrent mark sweep GC freed 1094(46KB) AllocSpace objects, 1(20KB) LOS objects, 36% free, 27MB/43MB, paused 735us total 12.447ms
08-06 03:15:45.573 14491 14502 I art     : Starting a blocking GC Explicit
08-06 03:15:45.585 14491 14502 I art     : Explicit concurrent mark sweep GC freed 405(28KB) AllocSpace objects, 1(20KB) LOS objects, 36% free, 27MB/43MB, paused 537us total 12.270ms
08-06 03:15:45.665 14491 21657 I NAPPA_EXPERIMENTATION: MetricNetworkRequestExecutionTime: REQUEST_DURATION_SYSTEM='35',REQUEST_DURATION_OKHTTP='32',REQUEST_SYNCHRONOUS='TRUE',RESPONSE_CODE='200',RESPONSE_METHOD='GET',RESPONSE_LENGTH_OKHTTP='43',RESPONSE_LENGTH_HEADER='43',REQUEST_PROTOCOL='http/1.1',REQUEST_URL='http://feeds.feedburner.com/~r/retort/~4/UffaFMiJbNs',
08-06 03:15:45.849 14491 14503 I art     : Starting a blocking GC Explicit
08-06 03:15:45.887 14491 14503 I art     : Explicit concurrent mark sweep GC freed 9196(561KB) AllocSpace objects, 9(320KB) LOS objects, 36% free, 28MB/44MB, paused 1.462ms total 38.040ms
08-06 03:15:45.899 14491 14503 I art     : Starting a blocking GC Explicit
08-06 03:15:45.923 14491 14503 I art     : Explicit concurrent mark sweep GC freed 6255(329KB) AllocSpace objects, 0(0B) LOS objects, 36% free, 28MB/44MB, paused 724us total 23.906ms
08-06 03:15:45.932 14491 14503 I art     : Starting a blocking GC Explicit
08-06 03:15:45.950 14491 14503 I art     : Explicit concurrent mark sweep GC freed 389(19KB) AllocSpace objects, 0(0B) LOS objects, 36% free, 28MB/44MB, paused 500us total 16.917ms
08-06 03:15:45.956 14491 14503 I art     : Starting a blocking GC Explicit
08-06 03:15:45.971 14491 14503 I art     : Explicit concurrent mark sweep GC freed 129(17KB) AllocSpace objects, 0(0B) LOS objects, 36% free, 28MB/44MB, paused 412us total 15.400ms
08-06 03:15:45.977 14491 14503 I art     : Starting a blocking GC Explicit
08-06 03:15:45.992 14491 14503 I art     : Explicit concurrent mark sweep GC freed 2139(103KB) AllocSpace objects, 0(0B) LOS objects, 36% free, 28MB/44MB, paused 610us total 14.147ms
08-06 03:15:46.079 14491 21656 I NAPPA_EXPERIMENTATION: MetricNetworkRequestExecutionTime: REQUEST_DURATION_SYSTEM='475',REQUEST_DURATION_OKHTTP='75',REQUEST_SYNCHRONOUS='TRUE',RESPONSE_CODE='200',RESPONSE_METHOD='GET',RESPONSE_LENGTH_OKHTTP='145',RESPONSE_LENGTH_HEADER='145',REQUEST_PROTOCOL='http/1.1',REQUEST_URL='https://s3.amazonaws.com/icons.newsblur.com/6882243.png',
08-06 03:15:46.123 14491 21658 I NAPPA_EXPERIMENTATION: MetricNetworkRequestExecutionTime: REQUEST_DURATION_SYSTEM='513',REQUEST_DURATION_OKHTTP='113',REQUEST_SYNCHRONOUS='TRUE',RESPONSE_CODE='200',RESPONSE_METHOD='GET',RESPONSE_LENGTH_OKHTTP='243',RESPONSE_LENGTH_HEADER='243',REQUEST_PROTOCOL='http/1.1',REQUEST_URL='https://s3.amazonaws.com/icons.newsblur.com/18178.png',
08-06 03:15:46.133 14491 21659 I NAPPA_EXPERIMENTATION: MetricNetworkRequestExecutionTime: REQUEST_DURATION_SYSTEM='493',REQUEST_DURATION_OKHTTP='226',REQUEST_SYNCHRONOUS='TRUE',RESPONSE_CODE='200',RESPONSE_METHOD='GET',RESPONSE_LENGTH_OKHTTP='79351',RESPONSE_LENGTH_HEADER='79351',REQUEST_PROTOCOL='h2',REQUEST_URL='https://images.fastcompany.net/image/upload/w_1280,q_auto,f_auto,fl_lossy/wp-cms/uploads/2020/07/p-1-90532920-this-chart-shows-how-effective-masks-can-be.png',
08-06 03:15:46.145 14491 21660 I NAPPA_EXPERIMENTATION: MetricNetworkRequestExecutionTime: REQUEST_DURATION_SYSTEM='525',REQUEST_DURATION_OKHTTP='138',REQUEST_SYNCHRONOUS='TRUE',RESPONSE_CODE='200',RESPONSE_METHOD='GET',RESPONSE_LENGTH_OKHTTP='477',RESPONSE_LENGTH_HEADER='477',REQUEST_PROTOCOL='http/1.1',REQUEST_URL='https://s3.amazonaws.com/icons.newsblur.com/5762506.png',
08-06 03:15:46.261 14491 14503 I art     : Starting a blocking GC Explicit
08-06 03:15:46.276 14491 14503 I art     : Explicit concurrent mark sweep GC freed 8887(481KB) AllocSpace objects, 14(3MB) LOS objects, 34% free, 30MB/46MB, paused 321us total 14.915ms
08-06 03:15:46.282 14491 14503 I art     : Starting a blocking GC Explicit
08-06 03:15:46.294 14491 14503 I art     : Explicit concurrent mark sweep GC freed 260(9KB) AllocSpace objects, 0(0B) LOS objects, 34% free, 30MB/46MB, paused 280us total 12.136ms
08-06 03:15:46.301 14491 14503 I art     : Starting a blocking GC Explicit
08-06 03:15:46.313 14491 14503 I art     : Explicit concurrent mark sweep GC freed 3(96B) AllocSpace objects, 0(0B) LOS objects, 34% free, 30MB/46MB, paused 304us total 12.177ms
08-06 03:15:46.318 14491 14503 I art     : Starting a blocking GC Explicit
08-06 03:15:46.331 14491 14503 I art     : Explicit concurrent mark sweep GC freed 3(96B) AllocSpace objects, 0(0B) LOS objects, 34% free, 30MB/46MB, paused 303us total 12.383ms
08-06 03:15:46.337 14491 14503 I art     : Starting a blocking GC Explicit
08-06 03:15:46.349 14491 14503 I art     : Explicit concurrent mark sweep GC freed 3(96B) AllocSpace objects, 0(0B) LOS objects, 34% free, 30MB/46MB, paused 304us total 12.455ms
08-06 03:15:46.644 14491 21624 I art     : Starting a blocking GC Explicit
08-06 03:15:46.661 14491 21624 I art     : Explicit concurrent mark sweep GC freed 1387(82KB) AllocSpace objects, 1(20KB) LOS objects, 34% free, 30MB/46MB, paused 343us total 16.953ms
08-06 03:15:46.668 14491 21624 I art     : Starting a blocking GC Explicit
08-06 03:15:46.683 14491 21624 I art     : Explicit concurrent mark sweep GC freed 20(704B) AllocSpace objects, 0(0B) LOS objects, 34% free, 30MB/46MB, paused 312us total 14.854ms
08-06 03:15:46.689 14491 21624 I art     : Starting a blocking GC Explicit
08-06 03:15:46.704 14491 21624 I art     : Explicit concurrent mark sweep GC freed 3(96B) AllocSpace objects, 0(0B) LOS objects, 34% free, 30MB/46MB, paused 393us total 14.631ms
08-06 03:15:46.710 14491 21624 I art     : Starting a blocking GC Explicit
08-06 03:15:46.725 14491 21624 I art     : Explicit concurrent mark sweep GC freed 3(96B) AllocSpace objects, 0(0B) LOS objects, 34% free, 30MB/46MB, paused 319us total 14.758ms
08-06 03:15:46.731 14491 21624 I art     : Starting a blocking GC Explicit
08-06 03:15:46.746 14491 21624 I art     : Explicit concurrent mark sweep GC freed 3(96B) AllocSpace objects, 0(0B) LOS objects, 34% free, 30MB/46MB, paused 322us total 14.766ms
08-06 03:15:47.044 14491 14502 I art     : Starting a blocking GC Explicit
08-06 03:15:47.062 14491 14502 I art     : Explicit concurrent mark sweep GC freed 1387(80KB) AllocSpace objects, 1(20KB) LOS objects, 34% free, 30MB/46MB, paused 397us total 18.267ms
08-06 03:15:47.072 14491 14502 I art     : Starting a blocking GC Explicit
08-06 03:15:47.087 14491 14502 I art     : Explicit concurrent mark sweep GC freed 20(704B) AllocSpace objects, 0(0B) LOS objects, 34% free, 30MB/46MB, paused 380us total 14.644ms
08-06 03:15:47.093 14491 14502 I art     : Starting a blocking GC Explicit
08-06 03:15:47.107 14491 14502 I art     : Explicit concurrent mark sweep GC freed 3(96B) AllocSpace objects, 0(0B) LOS objects, 34% free, 30MB/46MB, paused 301us total 14.273ms
08-06 03:15:47.114 14491 14502 I art     : Starting a blocking GC Explicit
08-06 03:15:47.128 14491 14502 I art     : Explicit concurrent mark sweep GC freed 3(96B) AllocSpace objects, 0(0B) LOS objects, 34% free, 30MB/46MB, paused 323us total 14.657ms
08-06 03:15:47.135 14491 14502 I art     : Starting a blocking GC Explicit
08-06 03:15:47.149 14491 14502 I art     : Explicit concurrent mark sweep GC freed 3(96B) AllocSpace objects, 0(0B) LOS objects, 34% free, 30MB/46MB, paused 313us total 14.625ms
08-06 03:15:47.469 14491 14503 I art     : Starting a blocking GC Explicit
08-06 03:15:47.487 14491 14503 I art     : Explicit concurrent mark sweep GC freed 1386(80KB) AllocSpace objects, 1(20KB) LOS objects, 34% free, 30MB/46MB, paused 485us total 18.527ms
08-06 03:15:47.499 14491 14503 I art     : Starting a blocking GC Explicit
08-06 03:15:47.513 14491 14503 I art     : Explicit concurrent mark sweep GC freed 20(704B) AllocSpace objects, 0(0B) LOS objects, 34% free, 30MB/46MB, paused 325us total 14.220ms
08-06 03:15:47.520 14491 14503 I art     : Starting a blocking GC Explicit
08-06 03:15:47.534 14491 14503 I art     : Explicit concurrent mark sweep GC freed 3(96B) AllocSpace objects, 0(0B) LOS objects, 34% free, 30MB/46MB, paused 326us total 14.524ms
08-06 03:15:47.541 14491 14503 I art     : Starting a blocking GC Explicit
08-06 03:15:47.555 14491 14503 I art     : Explicit concurrent mark sweep GC freed 3(96B) AllocSpace objects, 0(0B) LOS objects, 34% free, 30MB/46MB, paused 324us total 14.338ms
08-06 03:15:47.561 14491 14503 I art     : Starting a blocking GC Explicit
08-06 03:15:47.576 14491 14503 I art     : Explicit concurrent mark sweep GC freed 3(96B) AllocSpace objects, 0(0B) LOS objects, 34% free, 30MB/46MB, paused 321us total 14.211ms
08-06 03:15:47.890 14491 21624 I art     : Starting a blocking GC Explicit
08-06 03:15:47.909 14491 21624 I art     : Explicit concurrent mark sweep GC freed 1386(80KB) AllocSpace objects, 1(20KB) LOS objects, 34% free, 30MB/46MB, paused 345us total 18.620ms
08-06 03:15:47.917 14491 21624 I art     : Starting a blocking GC Explicit
08-06 03:15:47.933 14491 21624 I art     : Explicit concurrent mark sweep GC freed 20(720B) AllocSpace objects, 0(0B) LOS objects, 34% free, 30MB/46MB, paused 331us total 15.331ms
08-06 03:15:47.939 14491 21624 I art     : Starting a blocking GC Explicit
08-06 03:15:47.954 14491 21624 I art     : Explicit concurrent mark sweep GC freed 3(96B) AllocSpace objects, 0(0B) LOS objects, 34% free, 30MB/46MB, paused 315us total 14.756ms
08-06 03:15:47.961 14491 21624 I art     : Starting a blocking GC Explicit
08-06 03:15:47.976 14491 21624 I art     : Explicit concurrent mark sweep GC freed 3(96B) AllocSpace objects, 0(0B) LOS objects, 34% free, 30MB/46MB, paused 325us total 14.789ms
08-06 03:15:47.982 14491 21624 I art     : Starting a blocking GC Explicit
08-06 03:15:47.997 14491 21624 I art     : Explicit concurrent mark sweep GC freed 3(96B) AllocSpace objects, 0(0B) LOS objects, 34% free, 30MB/46MB, paused 348us total 14.885ms
08-06 03:15:48.312 14491 14502 I art     : Starting a blocking GC Explicit
08-06 03:15:48.332 14491 14502 I art     : Explicit concurrent mark sweep GC freed 1387(80KB) AllocSpace objects, 1(20KB) LOS objects, 34% free, 30MB/46MB, paused 355us total 19.508ms
08-06 03:15:48.338 14491 14502 I art     : Starting a blocking GC Explicit
08-06 03:15:48.353 14491 14502 I art     : Explicit concurrent mark sweep GC freed 20(704B) AllocSpace objects, 0(0B) LOS objects, 34% free, 30MB/46MB, paused 301us total 14.845ms
08-06 03:15:48.359 14491 14502 I art     : Starting a blocking GC Explicit
08-06 03:15:48.374 14491 14502 I art     : Explicit concurrent mark sweep GC freed 3(96B) AllocSpace objects, 0(0B) LOS objects, 34% free, 30MB/46MB, paused 311us total 14.300ms
08-06 03:15:48.380 14491 14502 I art     : Starting a blocking GC Explicit
08-06 03:15:48.395 14491 14502 I art     : Explicit concurrent mark sweep GC freed 3(96B) AllocSpace objects, 0(0B) LOS objects, 34% free, 30MB/46MB, paused 312us total 14.428ms
08-06 03:15:48.401 14491 14502 I art     : Starting a blocking GC Explicit
08-06 03:15:48.416 14491 14502 I art     : Explicit concurrent mark sweep GC freed 3(96B) AllocSpace objects, 0(0B) LOS objects, 34% free, 30MB/46MB, paused 326us total 14.447ms
08-06 03:15:48.714 14491 14503 I art     : Starting a blocking GC Explicit
08-06 03:15:48.732 14491 14503 I art     : Explicit concurrent mark sweep GC freed 1386(80KB) AllocSpace objects, 1(20KB) LOS objects, 34% free, 30MB/46MB, paused 359us total 16.977ms
08-06 03:15:48.739 14491 14503 I art     : Starting a blocking GC Explicit
08-06 03:15:48.754 14491 14503 I art     : Explicit concurrent mark sweep GC freed 20(720B) AllocSpace objects, 0(0B) LOS objects, 34% free, 30MB/46MB, paused 404us total 15.496ms
08-06 03:15:48.761 14491 14503 I art     : Starting a blocking GC Explicit
08-06 03:15:48.776 14491 14503 I art     : Explicit concurrent mark sweep GC freed 3(96B) AllocSpace objects, 0(0B) LOS objects, 34% free, 30MB/46MB, paused 324us total 14.875ms
08-06 03:15:48.783 14491 14503 I art     : Starting a blocking GC Explicit
08-06 03:15:48.798 14491 14503 I art     : Explicit concurrent mark sweep GC freed 3(96B) AllocSpace objects, 0(0B) LOS objects, 34% free, 30MB/46MB, paused 325us total 14.852ms
08-06 03:15:48.804 14491 14503 I art     : Starting a blocking GC Explicit
08-06 03:15:48.819 14491 14503 I art     : Explicit concurrent mark sweep GC freed 3(96B) AllocSpace objects, 0(0B) LOS objects, 34% free, 30MB/46MB, paused 319us total 14.875ms
08-06 03:15:49.125 14491 21624 I art     : Starting a blocking GC Explicit
08-06 03:15:49.142 14491 21624 I art     : Explicit concurrent mark sweep GC freed 1386(80KB) AllocSpace objects, 1(20KB) LOS objects, 34% free, 30MB/46MB, paused 343us total 17.254ms
08-06 03:15:49.149 14491 21624 I art     : Starting a blocking GC Explicit
08-06 03:15:49.164 14491 21624 I art     : Explicit concurrent mark sweep GC freed 20(704B) AllocSpace objects, 0(0B) LOS objects, 34% free, 30MB/46MB, paused 321us total 15.125ms
08-06 03:15:49.170 14491 21624 I art     : Starting a blocking GC Explicit
08-06 03:15:49.185 14491 21624 I art     : Explicit concurrent mark sweep GC freed 3(96B) AllocSpace objects, 0(0B) LOS objects, 34% free, 30MB/46MB, paused 312us total 14.711ms
08-06 03:15:49.192 14491 21624 I art     : Starting a blocking GC Explicit
08-06 03:15:49.206 14491 21624 I art     : Explicit concurrent mark sweep GC freed 3(96B) AllocSpace objects, 0(0B) LOS objects, 34% free, 30MB/46MB, paused 356us total 14.297ms
08-06 03:15:49.212 14491 21624 I art     : Starting a blocking GC Explicit
08-06 03:15:49.227 14491 21624 I art     : Explicit concurrent mark sweep GC freed 3(96B) AllocSpace objects, 0(0B) LOS objects, 34% free, 30MB/46MB, paused 379us total 14.197ms
08-06 03:15:49.530 14491 14502 I art     : Starting a blocking GC Explicit
08-06 03:15:49.546 14491 14502 I art     : Explicit concurrent mark sweep GC freed 1386(80KB) AllocSpace objects, 1(20KB) LOS objects, 34% free, 30MB/46MB, paused 337us total 16.485ms
08-06 03:15:49.553 14491 14502 I art     : Starting a blocking GC Explicit
08-06 03:15:49.557   918  3188 I hubconnection: sensorhub said: 'set_bias 3: -5.6256, 0.0000, 0.0000'
08-06 03:15:49.568 14491 14502 I art     : Explicit concurrent mark sweep GC freed 20(720B) AllocSpace objects, 0(0B) LOS objects, 34% free, 30MB/46MB, paused 312us total 14.921ms
08-06 03:15:49.574 14491 14502 I art     : Starting a blocking GC Explicit
08-06 03:15:49.589 14491 14502 I art     : Explicit concurrent mark sweep GC freed 3(96B) AllocSpace objects, 0(0B) LOS objects, 34% free, 30MB/46MB, paused 432us total 14.605ms
08-06 03:15:49.595 14491 14502 I art     : Starting a blocking GC Explicit
08-06 03:15:49.611 14491 14502 I art     : Explicit concurrent mark sweep GC freed 3(96B) AllocSpace objects, 0(0B) LOS objects, 34% free, 30MB/46MB, paused 323us total 15.017ms
08-06 03:15:49.617 14491 14502 I art     : Starting a blocking GC Explicit
08-06 03:15:49.632 14491 14502 I art     : Explicit concurrent mark sweep GC freed 3(96B) AllocSpace objects, 0(0B) LOS objects, 34% free, 30MB/46MB, paused 385us total 14.679ms
08-06 03:15:49.929 14491 14503 I art     : Starting a blocking GC Explicit
08-06 03:15:49.947 14491 14503 I art     : Explicit concurrent mark sweep GC freed 1386(80KB) AllocSpace objects, 1(20KB) LOS objects, 34% free, 30MB/46MB, paused 356us total 18.057ms
08-06 03:15:49.958 14491 14503 I art     : Starting a blocking GC Explicit
08-06 03:15:49.971 14491 14503 I art     : Explicit concurrent mark sweep GC freed 20(704B) AllocSpace objects, 0(0B) LOS objects, 34% free, 30MB/46MB, paused 284us total 13.411ms
08-06 03:15:49.977 14491 14503 I art     : Starting a blocking GC Explicit
08-06 03:15:49.992 14491 14503 I art     : Explicit concurrent mark sweep GC freed 3(96B) AllocSpace objects, 0(0B) LOS objects, 34% free, 30MB/46MB, paused 359us total 14.908ms
08-06 03:15:49.999 14491 14503 I art     : Starting a blocking GC Explicit
08-06 03:15:50.012 14491 14503 I art     : Explicit concurrent mark sweep GC freed 3(96B) AllocSpace objects, 0(0B) LOS objects, 34% free, 30MB/46MB, paused 318us total 13.453ms
08-06 03:15:50.018 14491 14503 I art     : Starting a blocking GC Explicit
08-06 03:15:50.032 14491 14503 I art     : Explicit concurrent mark sweep GC freed 3(96B) AllocSpace objects, 0(0B) LOS objects, 34% free, 30MB/46MB, paused 311us total 13.595ms
08-06 03:15:50.334 14491 21624 I art     : Starting a blocking GC Explicit
08-06 03:15:50.352 14491 21624 I art     : Explicit concurrent mark sweep GC freed 1386(80KB) AllocSpace objects, 1(20KB) LOS objects, 34% free, 30MB/46MB, paused 354us total 17.703ms
08-06 03:15:50.363 14491 21624 I art     : Starting a blocking GC Explicit
08-06 03:15:50.377 14491 21624 I art     : Explicit concurrent mark sweep GC freed 20(720B) AllocSpace objects, 0(0B) LOS objects, 34% free, 30MB/46MB, paused 332us total 14.423ms
08-06 03:15:50.384 14491 21624 I art     : Starting a blocking GC Explicit
08-06 03:15:50.398 14491 21624 I art     : Explicit concurrent mark sweep GC freed 3(96B) AllocSpace objects, 0(0B) LOS objects, 34% free, 30MB/46MB, paused 321us total 14.388ms
08-06 03:15:50.404 14491 21624 I art     : Starting a blocking GC Explicit
08-06 03:15:50.419 14491 21624 I art     : Explicit concurrent mark sweep GC freed 3(96B) AllocSpace objects, 0(0B) LOS objects, 34% free, 30MB/46MB, paused 321us total 14.383ms
08-06 03:15:50.425 14491 21624 I art     : Starting a blocking GC Explicit
08-06 03:15:50.440 14491 21624 I art     : Explicit concurrent mark sweep GC freed 3(96B) AllocSpace objects, 0(0B) LOS objects, 34% free, 30MB/46MB, paused 318us total 14.388ms
08-06 03:15:50.763 14491 14502 I art     : Starting a blocking GC Explicit
08-06 03:15:50.782 14491 14502 I art     : Explicit concurrent mark sweep GC freed 1386(80KB) AllocSpace objects, 1(20KB) LOS objects, 34% free, 30MB/46MB, paused 385us total 18.693ms
08-06 03:15:50.789 14491 14502 I art     : Starting a blocking GC Explicit
08-06 03:15:50.791 14548 14548 I ServiceManager: Waiting for service AtCmdFwd...
08-06 03:15:50.805 14491 14502 I art     : Explicit concurrent mark sweep GC freed 20(704B) AllocSpace objects, 0(0B) LOS objects, 34% free, 30MB/46MB, paused 318us total 15.522ms
08-06 03:15:50.812 14491 14502 I art     : Starting a blocking GC Explicit
08-06 03:15:50.826 14491 14502 I art     : Explicit concurrent mark sweep GC freed 3(96B) AllocSpace objects, 0(0B) LOS objects, 34% free, 30MB/46MB, paused 316us total 14.239ms
08-06 03:15:50.833 14491 14502 I art     : Starting a blocking GC Explicit
08-06 03:15:50.847 14491 14502 I art     : Explicit concurrent mark sweep GC freed 3(96B) AllocSpace objects, 0(0B) LOS objects, 34% free, 30MB/46MB, paused 320us total 14.446ms
08-06 03:15:50.853 14491 14502 I art     : Starting a blocking GC Explicit
08-06 03:15:50.868 14491 14502 I art     : Explicit concurrent mark sweep GC freed 3(96B) AllocSpace objects, 0(0B) LOS objects, 34% free, 30MB/46MB, paused 313us total 14.505ms
08-06 03:15:51.204 14491 14503 I art     : Starting a blocking GC Explicit
08-06 03:15:51.225 14491 14503 I art     : Explicit concurrent mark sweep GC freed 1386(80KB) AllocSpace objects, 1(20KB) LOS objects, 34% free, 30MB/46MB, paused 442us total 20.946ms
08-06 03:15:51.233 14491 14503 I art     : Starting a blocking GC Explicit
08-06 03:15:51.248 14491 14503 I art     : Explicit concurrent mark sweep GC freed 20(720B) AllocSpace objects, 0(0B) LOS objects, 34% free, 30MB/46MB, paused 313us total 14.779ms
08-06 03:15:51.254 14491 14503 I art     : Starting a blocking GC Explicit
08-06 03:15:51.269 14491 14503 I art     : Explicit concurrent mark sweep GC freed 3(96B) AllocSpace objects, 0(0B) LOS objects, 34% free, 30MB/46MB, paused 331us total 14.351ms
08-06 03:15:51.275 14491 14503 I art     : Starting a blocking GC Explicit
08-06 03:15:51.290 14491 14503 I art     : Explicit concurrent mark sweep GC freed 3(96B) AllocSpace objects, 0(0B) LOS objects, 34% free, 30MB/46MB, paused 302us total 14.483ms
08-06 03:15:51.296 14491 14503 I art     : Starting a blocking GC Explicit
08-06 03:15:51.310 14491 14503 I art     : Explicit concurrent mark sweep GC freed 3(96B) AllocSpace objects, 0(0B) LOS objects, 34% free, 30MB/46MB, paused 312us total 14.255ms
08-06 03:15:51.596 14491 21624 I art     : Starting a blocking GC Explicit
08-06 03:15:51.613 14491 21624 I art     : Explicit concurrent mark sweep GC freed 1386(80KB) AllocSpace objects, 1(20KB) LOS objects, 34% free, 30MB/46MB, paused 326us total 16.839ms
08-06 03:15:51.623 14491 21624 I art     : Starting a blocking GC Explicit
08-06 03:15:51.637 14491 21624 I art     : Explicit concurrent mark sweep GC freed 20(704B) AllocSpace objects, 0(0B) LOS objects, 34% free, 30MB/46MB, paused 340us total 14.381ms
08-06 03:15:51.643 14491 21624 I art     : Starting a blocking GC Explicit
08-06 03:15:51.658 14491 21624 I art     : Explicit concurrent mark sweep GC freed 3(96B) AllocSpace objects, 0(0B) LOS objects, 34% free, 30MB/46MB, paused 319us total 14.358ms
08-06 03:15:51.664 14491 21624 I art     : Starting a blocking GC Explicit
08-06 03:15:51.679 14491 21624 I art     : Explicit concurrent mark sweep GC freed 3(96B) AllocSpace objects, 0(0B) LOS objects, 34% free, 30MB/46MB, paused 321us total 14.433ms
08-06 03:15:51.685 14491 21624 I art     : Starting a blocking GC Explicit
08-06 03:15:51.700 14491 21624 I art     : Explicit concurrent mark sweep GC freed 3(96B) AllocSpace objects, 0(0B) LOS objects, 34% free, 30MB/46MB, paused 321us total 14.624ms
08-06 03:15:51.792 14548 14548 I ServiceManager: Waiting for service AtCmdFwd...
08-06 03:15:52.015 14491 14502 I art     : Starting a blocking GC Explicit
08-06 03:15:52.034 14491 14502 I art     : Explicit concurrent mark sweep GC freed 1386(80KB) AllocSpace objects, 1(20KB) LOS objects, 34% free, 30MB/46MB, paused 355us total 18.453ms
08-06 03:15:52.041 14491 14502 I art     : Starting a blocking GC Explicit
08-06 03:15:52.057 14491 14502 I art     : Explicit concurrent mark sweep GC freed 20(720B) AllocSpace objects, 0(0B) LOS objects, 34% free, 30MB/46MB, paused 344us total 15.672ms
08-06 03:15:52.064 14491 14502 I art     : Starting a blocking GC Explicit
08-06 03:15:52.079 14491 14502 I art     : Explicit concurrent mark sweep GC freed 3(96B) AllocSpace objects, 0(0B) LOS objects, 34% free, 30MB/46MB, paused 317us total 14.849ms
08-06 03:15:52.085 14491 14502 I art     : Starting a blocking GC Explicit
08-06 03:15:52.100 14491 14502 I art     : Explicit concurrent mark sweep GC freed 3(96B) AllocSpace objects, 0(0B) LOS objects, 34% free, 30MB/46MB, paused 319us total 14.638ms
08-06 03:15:52.106 14491 14502 I art     : Starting a blocking GC Explicit
08-06 03:15:52.121 14491 14502 I art     : Explicit concurrent mark sweep GC freed 3(96B) AllocSpace objects, 0(0B) LOS objects, 34% free, 30MB/46MB, paused 316us total 14.736ms
08-06 03:15:52.439 14491 14503 I art     : Starting a blocking GC Explicit
08-06 03:15:52.458 14491 14503 I art     : Explicit concurrent mark sweep GC freed 1386(80KB) AllocSpace objects, 1(20KB) LOS objects, 34% free, 30MB/46MB, paused 328us total 18.681ms
08-06 03:15:52.464 14491 14503 I art     : Starting a blocking GC Explicit
08-06 03:15:52.479 14491 14503 I art     : Explicit concurrent mark sweep GC freed 20(704B) AllocSpace objects, 0(0B) LOS objects, 34% free, 30MB/46MB, paused 363us total 14.518ms
08-06 03:15:52.485 14491 14503 I art     : Starting a blocking GC Explicit
08-06 03:15:52.500 14491 14503 I art     : Explicit concurrent mark sweep GC freed 3(96B) AllocSpace objects, 0(0B) LOS objects, 34% free, 30MB/46MB, paused 324us total 14.196ms
08-06 03:15:52.506 14491 14503 I art     : Starting a blocking GC Explicit
08-06 03:15:52.520 14491 14503 I art     : Explicit concurrent mark sweep GC freed 3(96B) AllocSpace objects, 0(0B) LOS objects, 34% free, 30MB/46MB, paused 319us total 14.319ms
08-06 03:15:52.526 14491 14503 I art     : Starting a blocking GC Explicit
08-06 03:15:52.540 14491 14503 I art     : Explicit concurrent mark sweep GC freed 3(96B) AllocSpace objects, 0(0B) LOS objects, 34% free, 30MB/46MB, paused 315us total 14.012ms
08-06 03:15:52.793 14548 14548 I ServiceManager: Waiting for service AtCmdFwd...
08-06 03:15:52.855 14491 21624 I art     : Starting a blocking GC Explicit
08-06 03:15:52.874 14491 21624 I art     : Explicit concurrent mark sweep GC freed 1386(80KB) AllocSpace objects, 1(20KB) LOS objects, 34% free, 30MB/46MB, paused 347us total 18.231ms
08-06 03:15:52.885 14491 21624 I art     : Starting a blocking GC Explicit
08-06 03:15:52.900 14491 21624 I art     : Explicit concurrent mark sweep GC freed 20(720B) AllocSpace objects, 0(0B) LOS objects, 34% free, 30MB/46MB, paused 319us total 14.603ms
08-06 03:15:52.906 14491 21624 I art     : Starting a blocking GC Explicit
08-06 03:15:52.920 14491 21624 I art     : Explicit concurrent mark sweep GC freed 3(96B) AllocSpace objects, 0(0B) LOS objects, 34% free, 30MB/46MB, paused 314us total 14.330ms
08-06 03:15:52.927 14491 21624 I art     : Starting a blocking GC Explicit
08-06 03:15:52.941 14491 21624 I art     : Explicit concurrent mark sweep GC freed 3(96B) AllocSpace objects, 0(0B) LOS objects, 34% free, 30MB/46MB, paused 293us total 14.571ms
08-06 03:15:52.948 14491 21624 I art     : Starting a blocking GC Explicit
08-06 03:15:52.962 14491 21624 I art     : Explicit concurrent mark sweep GC freed 3(96B) AllocSpace objects, 0(0B) LOS objects, 34% free, 30MB/46MB, paused 311us total 14.505ms
08-06 03:15:53.276 14491 14502 I art     : Starting a blocking GC Explicit
08-06 03:15:53.294 14491 14502 I art     : Explicit concurrent mark sweep GC freed 1386(80KB) AllocSpace objects, 1(20KB) LOS objects, 34% free, 30MB/46MB, paused 335us total 18.188ms
08-06 03:15:53.303 14491 14502 I art     : Starting a blocking GC Explicit
08-06 03:15:53.318 14491 14502 I art     : Explicit concurrent mark sweep GC freed 20(704B) AllocSpace objects, 0(0B) LOS objects, 34% free, 30MB/46MB, paused 318us total 15.090ms
08-06 03:15:53.325 14491 14502 I art     : Starting a blocking GC Explicit
08-06 03:15:53.340 14491 14502 I art     : Explicit concurrent mark sweep GC freed 3(96B) AllocSpace objects, 0(0B) LOS objects, 34% free, 30MB/46MB, paused 314us total 14.884ms
08-06 03:15:53.341 14491 14501 I art     : WaitForGcToComplete blocked for 8.827ms for cause HeapTrim
08-06 03:15:53.346 14491 14502 I art     : Starting a blocking GC Explicit
08-06 03:15:53.361 14491 14502 I art     : Explicit concurrent mark sweep GC freed 3(96B) AllocSpace objects, 0(0B) LOS objects, 34% free, 30MB/46MB, paused 334us total 14.861ms
08-06 03:15:53.368 14491 14502 I art     : Starting a blocking GC Explicit
08-06 03:15:53.383 14491 14502 I art     : Explicit concurrent mark sweep GC freed 3(96B) AllocSpace objects, 0(0B) LOS objects, 34% free, 30MB/46MB, paused 372us total 14.536ms
08-06 03:15:53.711 14491 14503 I art     : Starting a blocking GC Explicit
08-06 03:15:53.730 14491 14503 I art     : Explicit concurrent mark sweep GC freed 1386(80KB) AllocSpace objects, 1(20KB) LOS objects, 34% free, 30MB/46MB, paused 349us total 18.603ms
08-06 03:15:53.739 14491 14503 I art     : Starting a blocking GC Explicit
08-06 03:15:53.754 14491 14503 I art     : Explicit concurrent mark sweep GC freed 20(720B) AllocSpace objects, 0(0B) LOS objects, 34% free, 30MB/46MB, paused 325us total 14.824ms
08-06 03:15:53.761 14491 14503 I art     : Starting a blocking GC Explicit
08-06 03:15:53.775 14491 14503 I art     : Explicit concurrent mark sweep GC freed 3(96B) AllocSpace objects, 0(0B) LOS objects, 34% free, 30MB/46MB, paused 312us total 14.481ms
08-06 03:15:53.782 14491 14503 I art     : Starting a blocking GC Explicit
08-06 03:15:53.793 14548 14548 I ServiceManager: Waiting for service AtCmdFwd...
08-06 03:15:53.796 14491 14503 I art     : Explicit concurrent mark sweep GC freed 3(96B) AllocSpace objects, 0(0B) LOS objects, 34% free, 30MB/46MB, paused 396us total 14.460ms
08-06 03:15:53.802 14491 14503 I art     : Starting a blocking GC Explicit
08-06 03:15:53.815 14491 14503 I art     : Explicit concurrent mark sweep GC freed 3(96B) AllocSpace objects, 0(0B) LOS objects, 34% free, 30MB/46MB, paused 300us total 13.140ms
08-06 03:15:53.999   918  3188 I hubconnection: sensorhub said: 'set_bias 3: -6.2400, 0.0000, 0.0000'
08-06 03:15:54.133 14491 21624 I art     : Starting a blocking GC Explicit
08-06 03:15:54.149 14491 21624 I art     : Explicit concurrent mark sweep GC freed 1386(80KB) AllocSpace objects, 1(20KB) LOS objects, 34% free, 30MB/46MB, paused 347us total 16.195ms
08-06 03:15:54.156 14491 21624 I art     : Starting a blocking GC Explicit
08-06 03:15:54.171 14491 21624 I art     : Explicit concurrent mark sweep GC freed 20(704B) AllocSpace objects, 0(0B) LOS objects, 34% free, 30MB/46MB, paused 334us total 15.319ms
08-06 03:15:54.178 14491 21624 I art     : Starting a blocking GC Explicit
08-06 03:15:54.193 14491 21624 I art     : Explicit concurrent mark sweep GC freed 3(96B) AllocSpace objects, 0(0B) LOS objects, 34% free, 30MB/46MB, paused 325us total 14.761ms
08-06 03:15:54.199 14491 21624 I art     : Starting a blocking GC Explicit
08-06 03:15:54.214 14491 21624 I art     : Explicit concurrent mark sweep GC freed 3(96B) AllocSpace objects, 0(0B) LOS objects, 34% free, 30MB/46MB, paused 318us total 14.687ms
08-06 03:15:54.220 14491 21624 I art     : Starting a blocking GC Explicit
08-06 03:15:54.234 14491 21624 I art     : Explicit concurrent mark sweep GC freed 3(96B) AllocSpace objects, 0(0B) LOS objects, 34% free, 30MB/46MB, paused 308us total 13.777ms
08-06 03:15:54.547 14491 14502 I art     : Starting a blocking GC Explicit
08-06 03:15:54.567 14491 14502 I art     : Explicit concurrent mark sweep GC freed 1386(80KB) AllocSpace objects, 1(20KB) LOS objects, 34% free, 30MB/46MB, paused 400us total 19.174ms
08-06 03:15:54.577 14491 14502 I art     : Starting a blocking GC Explicit
08-06 03:15:54.592 14491 14502 I art     : Explicit concurrent mark sweep GC freed 20(720B) AllocSpace objects, 0(0B) LOS objects, 34% free, 30MB/46MB, paused 315us total 14.269ms
08-06 03:15:54.598 14491 14502 I art     : Starting a blocking GC Explicit
08-06 03:15:54.613 14491 14502 I art     : Explicit concurrent mark sweep GC freed 3(96B) AllocSpace objects, 0(0B) LOS objects, 34% free, 30MB/46MB, paused 315us total 14.494ms
08-06 03:15:54.619 14491 14502 I art     : Starting a blocking GC Explicit
08-06 03:15:54.633 14491 14502 I art     : Explicit concurrent mark sweep GC freed 3(96B) AllocSpace objects, 0(0B) LOS objects, 34% free, 30MB/46MB, paused 320us total 14.464ms
08-06 03:15:54.640 14491 14502 I art     : Starting a blocking GC Explicit
08-06 03:15:54.654 14491 14502 I art     : Explicit concurrent mark sweep GC freed 3(96B) AllocSpace objects, 0(0B) LOS objects, 34% free, 30MB/46MB, paused 309us total 14.283ms
08-06 03:15:54.735   918  3261 D WifiStateMachine: starting scan for "H369AA63323"WPA_PSK with 2412,5180
08-06 03:15:54.794 14548 14548 I ServiceManager: Waiting for service AtCmdFwd...
08-06 03:15:54.933 14491 14503 I art     : Starting a blocking GC Explicit
08-06 03:15:54.948 14491 14503 I art     : Explicit concurrent mark sweep GC freed 1386(80KB) AllocSpace objects, 1(20KB) LOS objects, 34% free, 30MB/46MB, paused 327us total 14.871ms
08-06 03:15:54.955 14491 14503 I art     : Starting a blocking GC Explicit
08-06 03:15:54.970 14491 14503 I art     : Explicit concurrent mark sweep GC freed 20(704B) AllocSpace objects, 0(0B) LOS objects, 34% free, 30MB/46MB, paused 340us total 14.635ms
08-06 03:15:54.976 14491 14503 I art     : Starting a blocking GC Explicit
08-06 03:15:54.990 14491 14503 I art     : Explicit concurrent mark sweep GC freed 3(96B) AllocSpace objects, 0(0B) LOS objects, 34% free, 30MB/46MB, paused 323us total 14.305ms
08-06 03:15:54.997 14491 14503 I art     : Starting a blocking GC Explicit
08-06 03:15:55.010 14491 14503 I art     : Explicit concurrent mark sweep GC freed 3(96B) AllocSpace objects, 0(0B) LOS objects, 34% free, 30MB/46MB, paused 300us total 13.230ms
08-06 03:15:55.016 14491 14503 I art     : Starting a blocking GC Explicit
08-06 03:15:55.029 14491 14503 I art     : Explicit concurrent mark sweep GC freed 3(96B) AllocSpace objects, 0(0B) LOS objects, 34% free, 30MB/46MB, paused 324us total 13.111ms
08-06 03:15:55.193 21895 21895 D AndroidRuntime: >>>>>> START com.android.internal.os.RuntimeInit uid 2000 <<<<<<
08-06 03:15:55.197 21895 21895 D AndroidRuntime: CheckJNI is OFF
08-06 03:15:55.221 21895 21895 D ICU     : No timezone override file found: /data/misc/zoneinfo/current/icu/icu_tzdata.dat
08-06 03:15:55.244 21895 21895 I Radio-JNI: register_android_hardware_Radio DONE
08-06 03:15:55.259 21895 21895 D AndroidRuntime: Calling main entry com.android.commands.input.Input
08-06 03:15:55.261 21895 21895 I Input   : injectMotionEvent: MotionEvent { action=ACTION_DOWN, actionButton=0, id[0]=0, x[0]=436.0, y[0]=453.0, toolType[0]=TOOL_TYPE_UNKNOWN, buttonState=0, metaState=0, flags=0x0, edgeFlags=0x0, pointerCount=1, historySize=0, eventTime=846971674, downTime=846971674, deviceId=0, source=0x1002 }
08-06 03:15:55.266 21895 21895 I Input   : injectMotionEvent: MotionEvent { action=ACTION_UP, actionButton=0, id[0]=0, x[0]=436.0, y[0]=453.0, toolType[0]=TOOL_TYPE_UNKNOWN, buttonState=0, metaState=0, flags=0x0, edgeFlags=0x0, pointerCount=1, historySize=0, eventTime=846971674, downTime=846971674, deviceId=0, source=0x1002 }
08-06 03:15:55.268 21895 21895 D AndroidRuntime: Shutting down VM
08-06 03:15:55.280   918  5952 I ActivityManager: START u0 {cmp=baseline.com.newsblur/.activity.GlobalSharedStoriesReading (has extras)} from uid 10698 on display 0
08-06 03:15:55.281   512  2967 D audio_hw_primary: out_set_parameters: enter: usecase(1: low-latency-playback) kvpairs: routing=2
08-06 03:15:55.294   512  2967 D audio_hw_primary: select_devices: out_snd_device(2: speaker) in_snd_device(0: none)
08-06 03:15:55.294   512  2967 D msm8974_platform: platform_send_audio_calibration: sending audio calibration for snd_device(2) acdb_id(15)
08-06 03:15:55.295   512  2967 I soundtrigger: audio_extn_sound_trigger_update_device_status: device 0x2 of type 0 for Event 1
08-06 03:15:55.304   512  2967 D audio_hw_primary: enable_snd_device: snd_device(2: speaker)
08-06 03:15:55.306   512  2967 D audio_hw_primary: enable_audio_route: apply and update mixer path: low-latency-playback speaker
08-06 03:15:55.312 14491 14502 I art     : Starting a blocking GC Explicit
08-06 03:15:55.328 14491 14502 I art     : Explicit concurrent mark sweep GC freed 2183(187KB) AllocSpace objects, 3(60KB) LOS objects, 33% free, 31MB/47MB, paused 582us total 15.798ms
08-06 03:15:55.334 14491 14502 I art     : Starting a blocking GC Explicit
08-06 03:15:55.350 14491 14502 I art     : Explicit concurrent mark sweep GC freed 1189(101KB) AllocSpace objects, 2(468KB) LOS objects, 33% free, 32MB/48MB, paused 397us total 15.390ms
08-06 03:15:55.356 14491 14502 I art     : Starting a blocking GC Explicit
08-06 03:15:55.371 14491 14502 I art     : Explicit concurrent mark sweep GC freed 166(15KB) AllocSpace objects, 0(0B) LOS objects, 33% free, 32MB/48MB, paused 359us total 14.589ms
08-06 03:15:55.377 14491 14502 I art     : Starting a blocking GC Explicit
08-06 03:15:55.392 14491 14502 I art     : Explicit concurrent mark sweep GC freed 152(26KB) AllocSpace objects, 1(20KB) LOS objects, 33% free, 32MB/48MB, paused 351us total 14.636ms
08-06 03:15:55.398 14491 14502 I art     : Starting a blocking GC Explicit
08-06 03:15:55.413 14491 14502 I art     : Explicit concurrent mark sweep GC freed 42(1488B) AllocSpace objects, 0(0B) LOS objects, 33% free, 32MB/48MB, paused 385us total 14.851ms
08-06 03:15:55.478   918   936 I ActivityManager: Displayed baseline.com.newsblur/.activity.GlobalSharedStoriesReading: +188ms
08-06 03:15:55.479 13866 13866 I GoogleInputMethodServic: GoogleInputMethodService.onFinishInput():3138 
08-06 03:15:55.479 13866 13866 I GoogleInputMethodServic: GoogleInputMethodService.onStartInput():1808 
08-06 03:15:55.491 14491 14491 I WebViewFactory: Loading com.google.android.webview version 84.0.4147.89 (code 414708953)
08-06 03:15:55.563 14491 14491 I cr_LibraryLoader: Loaded native library version number "84.0.4147.89"
08-06 03:15:55.564 14491 14491 I cr_CachingUmaRecorder: Flushed 5 samples from 5 histograms.
08-06 03:15:55.591 14491 14491 E chromium: [ERROR:filesystem_posix.cc(62)] mkdir /data/user/0/baseline.com.newsblur/cache/WebView/Crashpad: No such file or directory (2)
08-06 03:15:55.660 14491 21624 I art     : Starting a blocking GC Explicit
08-06 03:15:55.676   918  6029 D ConnectivityService: listenForNetwork for Listen from uid/pid:10698/14491 for NetworkRequest [ id=3788, legacyType=-1, [ Capabilities: INTERNET&NOT_RESTRICTED&TRUSTED] ]
08-06 03:15:55.685 14491 21624 I art     : Explicit concurrent mark sweep GC freed 8237(840KB) AllocSpace objects, 5(100KB) LOS objects, 31% free, 35MB/51MB, paused 744us total 24.958ms
08-06 03:15:55.693 14491 21624 I art     : Starting a blocking GC Explicit
08-06 03:15:55.712 14491 21624 I art     : Explicit concurrent mark sweep GC freed 1362(126KB) AllocSpace objects, 1(20KB) LOS objects, 31% free, 35MB/51MB, paused 873us total 19.224ms
08-06 03:15:55.720 14491 21624 I art     : Starting a blocking GC Explicit
08-06 03:15:55.738 14491 21624 I art     : Explicit concurrent mark sweep GC freed 841(51KB) AllocSpace objects, 1(20KB) LOS objects, 30% free, 36MB/52MB, paused 1.027ms total 18.622ms
08-06 03:15:55.746 14491 21624 I art     : Starting a blocking GC Explicit
08-06 03:15:55.766 14491 21624 I art     : Explicit concurrent mark sweep GC freed 1067(59KB) AllocSpace objects, 0(0B) LOS objects, 30% free, 36MB/52MB, paused 885us total 19.990ms
08-06 03:15:55.775 14491 21624 I art     : Starting a blocking GC Explicit
08-06 03:15:55.786 14491 21946 W cr_media: Requires BLUETOOTH permission
08-06 03:15:55.795 14548 14548 W Atfwd_Sendcmd: AtCmdFwd service not published, waiting... retryCnt : 3
08-06 03:15:55.796 14491 21962 E libEGL  : validate_display:255 error 3008 (EGL_BAD_DISPLAY)
08-06 03:15:55.801 14491 21624 I art     : Explicit concurrent mark sweep GC freed 1827(118KB) AllocSpace objects, 7(168KB) LOS objects, 30% free, 36MB/52MB, paused 1.220ms total 25.750ms
08-06 03:15:55.839   512  2967 D audio_hw_primary: disable_audio_route: reset and update mixer path: low-latency-playback speaker
08-06 03:15:55.840   512  2967 D audio_hw_primary: disable_snd_device: snd_device(2: speaker)
08-06 03:15:55.850   512  2967 I soundtrigger: audio_extn_sound_trigger_update_device_status: device 0x2 of type 0 for Event 0
08-06 03:15:56.058 14491 14502 I art     : Starting a blocking GC Explicit
08-06 03:15:56.080 14491 14502 I art     : Explicit concurrent mark sweep GC freed 19365(1106KB) AllocSpace objects, 12(264KB) LOS objects, 30% free, 36MB/52MB, paused 671us total 21.660ms
08-06 03:15:56.087 14491 14502 I art     : Starting a blocking GC Explicit
08-06 03:15:56.107 14491 14502 I art     : Explicit concurrent mark sweep GC freed 1071(46KB) AllocSpace objects, 1(28KB) LOS objects, 30% free, 36MB/52MB, paused 660us total 19.156ms
08-06 03:15:56.113 14491 14502 I art     : Starting a blocking GC Explicit
08-06 03:15:56.133 14491 14502 I art     : Explicit concurrent mark sweep GC freed 3(96B) AllocSpace objects, 0(0B) LOS objects, 30% free, 36MB/52MB, paused 607us total 18.967ms
08-06 03:15:56.139 14491 14502 I art     : Starting a blocking GC Explicit
08-06 03:15:56.158 14491 14502 I art     : Explicit concurrent mark sweep GC freed 3(96B) AllocSpace objects, 0(0B) LOS objects, 30% free, 36MB/52MB, paused 579us total 18.819ms
08-06 03:15:56.165 14491 14502 I art     : Starting a blocking GC Explicit
08-06 03:15:56.184 14491 14502 I art     : Explicit concurrent mark sweep GC freed 3(96B) AllocSpace objects, 0(0B) LOS objects, 30% free, 36MB/52MB, paused 556us total 19.265ms
08-06 03:15:56.398 14491 21971 E baseline.com.newsblur.network.APIResponse: Error (unexpected end of stream on https://www.newsblur.com/...) calling https://www.newsblur.com/reader/mark_story_hashes_as_read/
08-06 03:15:56.398 14491 21971 E baseline.com.newsblur.network.APIResponse: java.io.IOException: unexpected end of stream on https://www.newsblur.com/...
08-06 03:15:56.398 14491 21971 E baseline.com.newsblur.network.APIResponse: 	at okhttp3.internal.http1.Http1ExchangeCodec.readResponseHeaders(Http1ExchangeCodec.java:236)
08-06 03:15:56.398 14491 21971 E baseline.com.newsblur.network.APIResponse: 	at okhttp3.internal.connection.Exchange.readResponseHeaders(Exchange.java:115)
08-06 03:15:56.398 14491 21971 E baseline.com.newsblur.network.APIResponse: 	at okhttp3.internal.http.CallServerInterceptor.intercept(CallServerInterceptor.java:94)
08-06 03:15:56.398 14491 21971 E baseline.com.newsblur.network.APIResponse: 	at okhttp3.internal.http.RealInterceptorChain.proceed(RealInterceptorChain.java:142)
08-06 03:15:56.398 14491 21971 E baseline.com.newsblur.network.APIResponse: 	at okhttp3.internal.connection.ConnectInterceptor.intercept(ConnectInterceptor.java:43)
08-06 03:15:56.398 14491 21971 E baseline.com.newsblur.network.APIResponse: 	at okhttp3.internal.http.RealInterceptorChain.proceed(RealInterceptorChain.java:142)
08-06 03:15:56.398 14491 21971 E baseline.com.newsblur.network.APIResponse: 	at okhttp3.internal.http.RealInterceptorChain.proceed(RealInterceptorChain.java:117)
08-06 03:15:56.398 14491 21971 E baseline.com.newsblur.network.APIResponse: 	at okhttp3.internal.cache.CacheInterceptor.intercept(CacheInterceptor.java:94)
08-06 03:15:56.398 14491 21971 E baseline.com.newsblur.network.APIResponse: 	at okhttp3.internal.http.RealInterceptorChain.proceed(RealInterceptorChain.java:142)
08-06 03:15:56.398 14491 21971 E baseline.com.newsblur.network.APIResponse: 	at okhttp3.internal.http.RealInterceptorChain.proceed(RealInterceptorChain.java:117)
08-06 03:15:56.398 14491 21971 E baseline.com.newsblur.network.APIResponse: 	at okhttp3.internal.http.BridgeInterceptor.intercept(BridgeInterceptor.java:93)
08-06 03:15:56.398 14491 21971 E baseline.com.newsblur.network.APIResponse: 	at okhttp3.internal.http.RealInterceptorChain.proceed(RealInterceptorChain.java:142)
08-06 03:15:56.398 14491 21971 E baseline.com.newsblur.network.APIResponse: 	at okhttp3.internal.http.RetryAndFollowUpInterceptor.intercept(RetryAndFollowUpInterceptor.java:88)
08-06 03:15:56.398 14491 21971 E baseline.com.newsblur.network.APIResponse: 	at okhttp3.internal.http.RealInterceptorChain.proceed(RealInterceptorChain.java:142)
08-06 03:15:56.398 14491 21971 E baseline.com.newsblur.network.APIResponse: 	at okhttp3.internal.http.RealInterceptorChain.proceed(RealInterceptorChain.java:117)
08-06 03:15:56.398 14491 21971 E baseline.com.newsblur.network.APIResponse: 	at okhttp3.RealCall.getResponseWithInterceptorChain(RealCall.java:229)
08-06 03:15:56.398 14491 21971 E baseline.com.newsblur.network.APIResponse: 	at okhttp3.RealCall.execute(RealCall.java:81)
08-06 03:15:56.398 14491 21971 E baseline.com.newsblur.network.APIResponse: 	at baseline.com.newsblur.network.APIResponse.<init>(APIResponse.java:57)
08-06 03:15:56.398 14491 21971 E baseline.com.newsblur.network.APIResponse: 	at baseline.com.newsblur.network.APIResponse.<init>(APIResponse.java:43)
08-06 03:15:56.398 14491 21971 E baseline.com.newsblur.network.APIResponse: 	at baseline.com.newsblur.network.APIManager.post_single(APIManager.java:702)
08-06 03:15:56.398 14491 21971 E baseline.com.newsblur.network.APIResponse: 	at baseline.com.newsblur.network.APIManager.post(APIManager.java:675)
08-06 03:15:56.398 14491 21971 E baseline.com.newsblur.network.APIResponse: 	at baseline.com.newsblur.network.APIManager.post(APIManager.java:714)
08-06 03:15:56.398 14491 21971 E baseline.com.newsblur.network.APIResponse: 	at baseline.com.newsblur.network.APIManager.markStoryAsRead(APIManager.java:205)
08-06 03:15:56.398 14491 21971 E baseline.com.newsblur.network.APIResponse: 	at baseline.com.newsblur.util.ReadingAction.doRemote(ReadingAction.java:281)
08-06 03:15:56.398 14491 21971 E baseline.com.newsblur.network.APIResponse: 	at baseline.com.newsblur.service.NBSyncService.syncActions(NBSyncService.java:400)
08-06 03:15:56.398 14491 21971 E baseline.com.newsblur.network.APIResponse: 	at baseline.com.newsblur.service.NBSyncService.doSync(NBSyncService.java:298)
08-06 03:15:56.398 14491 21971 E baseline.com.newsblur.network.APIResponse: 	at baseline.com.newsblur.service.NBSyncService.access$100(NBSyncService.java:67)
08-06 03:15:56.398 14491 21971 E baseline.com.newsblur.network.APIResponse: 	at baseline.com.newsblur.service.NBSyncService$1.run(NBSyncService.java:188)
08-06 03:15:56.398 14491 21971 E baseline.com.newsblur.network.APIResponse: 	at java.util.concurrent.ThreadPoolExecutor.runWorker(ThreadPoolExecutor.java:1113)
08-06 03:15:56.398 14491 21971 E baseline.com.newsblur.network.APIResponse: 	at java.util.concurrent.ThreadPoolExecutor$Worker.run(ThreadPoolExecutor.java:588)
08-06 03:15:56.398 14491 21971 E baseline.com.newsblur.network.APIResponse: 	at java.lang.Thread.run(Thread.java:818)
08-06 03:15:56.398 14491 21971 E baseline.com.newsblur.network.APIResponse: Caused by: java.io.EOFException: \n not found: limit=0 content=
08-06 03:15:56.398 14491 21971 E baseline.com.newsblur.network.APIResponse: 	at okio.RealBufferedSource.readUtf8LineStrict(RealBufferedSource.java:240)
08-06 03:15:56.398 14491 21971 E baseline.com.newsblur.network.APIResponse: 	at okhttp3.internal.http1.Http1ExchangeCodec.readHeaderLine(Http1ExchangeCodec.java:242)
08-06 03:15:56.398 14491 21971 E baseline.com.newsblur.network.APIResponse: 	at okhttp3.internal.http1.Http1ExchangeCodec.readResponseHeaders(Http1ExchangeCodec.java:213)
08-06 03:15:56.398 14491 21971 E baseline.com.newsblur.network.APIResponse: 	... 30 more
08-06 03:15:56.400 14491 21971 I baseline.com.newsblur.network.APIManager: API call failed, pausing before retry number 1
08-06 03:15:56.455 14491 14502 I art     : Starting a blocking GC Explicit
08-06 03:15:56.478 14491 14502 I art     : Explicit concurrent mark sweep GC freed 8607(599KB) AllocSpace objects, 6(260KB) LOS objects, 30% free, 36MB/52MB, paused 756us total 22.536ms
08-06 03:15:56.486 14491 14502 I art     : Starting a blocking GC Explicit
08-06 03:15:56.507 14491 14502 I art     : Explicit concurrent mark sweep GC freed 1176(124KB) AllocSpace objects, 0(0B) LOS objects, 30% free, 36MB/52MB, paused 786us total 21.484ms
08-06 03:15:56.516 14491 14502 I art     : Starting a blocking GC Explicit
08-06 03:15:56.538 14491 14502 I art     : Explicit concurrent mark sweep GC freed 3(96B) AllocSpace objects, 0(0B) LOS objects, 30% free, 36MB/52MB, paused 632us total 21.853ms
08-06 03:15:56.547 14491 14502 I art     : Starting a blocking GC Explicit
08-06 03:15:56.569 14491 14502 I art     : Explicit concurrent mark sweep GC freed 3(96B) AllocSpace objects, 0(0B) LOS objects, 30% free, 36MB/52MB, paused 560us total 21.716ms
08-06 03:15:56.577 14491 14502 I art     : Starting a blocking GC Explicit
08-06 03:15:56.599 14491 14502 I art     : Explicit concurrent mark sweep GC freed 3(96B) AllocSpace objects, 0(0B) LOS objects, 30% free, 36MB/52MB, paused 548us total 22.341ms
08-06 03:15:56.914 14491 14502 I art     : Starting a blocking GC Explicit
08-06 03:15:56.948 14491 14502 I art     : Explicit concurrent mark sweep GC freed 1440(83KB) AllocSpace objects, 1(20KB) LOS objects, 30% free, 36MB/52MB, paused 814us total 33.091ms
08-06 03:15:56.956 14491 14502 I art     : Starting a blocking GC Explicit
08-06 03:15:56.987 14491 14502 I art     : Explicit concurrent mark sweep GC freed 31(1072B) AllocSpace objects, 0(0B) LOS objects, 30% free, 36MB/52MB, paused 645us total 30.077ms
08-06 03:15:56.996 14491 14502 I art     : Starting a blocking GC Explicit
08-06 03:15:57.018 14491 14502 I art     : Explicit concurrent mark sweep GC freed 11(352B) AllocSpace objects, 0(0B) LOS objects, 30% free, 36MB/52MB, paused 558us total 22.178ms
08-06 03:15:57.025 14491 14502 I art     : Starting a blocking GC Explicit
08-06 03:15:57.048 14491 14502 I art     : Explicit concurrent mark sweep GC freed 8(256B) AllocSpace objects, 0(0B) LOS objects, 30% free, 36MB/52MB, paused 1.267ms total 22.964ms
08-06 03:15:57.056 14491 14502 I art     : Starting a blocking GC Explicit
08-06 03:15:57.084 14491 14502 I art     : Explicit concurrent mark sweep GC freed 12(384B) AllocSpace objects, 0(0B) LOS objects, 30% free, 36MB/52MB, paused 847us total 28.033ms
08-06 03:15:57.416 14491 14503 I art     : Starting a blocking GC Explicit
08-06 03:15:57.443   518   646 I ThermalEngine: ACTION: GPU - Setting GPU[0] to 510000000
08-06 03:15:57.453 14491 14503 I art     : Explicit concurrent mark sweep GC freed 1469(83KB) AllocSpace objects, 1(20KB) LOS objects, 30% free, 36MB/52MB, paused 788us total 36.108ms
08-06 03:15:57.464 14491 14503 I art     : Starting a blocking GC Explicit
08-06 03:15:57.496 14491 14503 I art     : Explicit concurrent mark sweep GC freed 22(784B) AllocSpace objects, 0(0B) LOS objects, 30% free, 36MB/52MB, paused 911us total 31.211ms
08-06 03:15:57.508 14491 14503 I art     : Starting a blocking GC Explicit
08-06 03:15:57.540 14491 14503 I art     : Explicit concurrent mark sweep GC freed 3(96B) AllocSpace objects, 0(0B) LOS objects, 30% free, 36MB/52MB, paused 850us total 32.217ms
08-06 03:15:57.552 14491 14503 I art     : Starting a blocking GC Explicit
08-06 03:15:57.585 14491 14503 I art     : Explicit concurrent mark sweep GC freed 3(96B) AllocSpace objects, 0(0B) LOS objects, 30% free, 36MB/52MB, paused 1.183ms total 32.596ms
08-06 03:15:57.595 14491 14503 I art     : Starting a blocking GC Explicit
08-06 03:15:57.626 14491 14503 I art     : Explicit concurrent mark sweep GC freed 3(96B) AllocSpace objects, 0(0B) LOS objects, 30% free, 36MB/52MB, paused 892us total 30.635ms
08-06 03:15:57.955 14491 21624 I art     : Starting a blocking GC Explicit
08-06 03:15:57.985 14491 21624 I art     : Explicit concurrent mark sweep GC freed 1606(91KB) AllocSpace objects, 1(20KB) LOS objects, 30% free, 36MB/52MB, paused 857us total 29.764ms
08-06 03:15:57.995 14491 21624 I art     : Starting a blocking GC Explicit
08-06 03:15:58.021 14491 21624 I art     : Explicit concurrent mark sweep GC freed 28(1040B) AllocSpace objects, 0(0B) LOS objects, 30% free, 36MB/52MB, paused 792us total 26.485ms
08-06 03:15:58.031 14491 21624 I art     : Starting a blocking GC Explicit
08-06 03:15:58.058 14491 21624 I art     : Explicit concurrent mark sweep GC freed 3(96B) AllocSpace objects, 0(0B) LOS objects, 30% free, 36MB/52MB, paused 909us total 26.012ms
08-06 03:15:58.068 14491 21624 I art     : Starting a blocking GC Explicit
08-06 03:15:58.098 14491 21624 I art     : Explicit concurrent mark sweep GC freed 3(96B) AllocSpace objects, 0(0B) LOS objects, 30% free, 36MB/52MB, paused 1.122ms total 29.165ms
08-06 03:15:58.109 14491 21624 I art     : Starting a blocking GC Explicit
08-06 03:15:58.141 14491 21624 I art     : Explicit concurrent mark sweep GC freed 3(96B) AllocSpace objects, 0(0B) LOS objects, 30% free, 36MB/52MB, paused 845us total 31.444ms
08-06 03:15:58.402 14491 21971 E baseline.com.newsblur.network.APIResponse: Error (unexpected end of stream on https://www.newsblur.com/...) calling https://www.newsblur.com/reader/mark_story_hashes_as_read/
08-06 03:15:58.402 14491 21971 E baseline.com.newsblur.network.APIResponse: java.io.IOException: unexpected end of stream on https://www.newsblur.com/...
08-06 03:15:58.402 14491 21971 E baseline.com.newsblur.network.APIResponse: 	at okhttp3.internal.http1.Http1ExchangeCodec.readResponseHeaders(Http1ExchangeCodec.java:236)
08-06 03:15:58.402 14491 21971 E baseline.com.newsblur.network.APIResponse: 	at okhttp3.internal.connection.Exchange.readResponseHeaders(Exchange.java:115)
08-06 03:15:58.402 14491 21971 E baseline.com.newsblur.network.APIResponse: 	at okhttp3.internal.http.CallServerInterceptor.intercept(CallServerInterceptor.java:94)
08-06 03:15:58.402 14491 21971 E baseline.com.newsblur.network.APIResponse: 	at okhttp3.internal.http.RealInterceptorChain.proceed(RealInterceptorChain.java:142)
08-06 03:15:58.402 14491 21971 E baseline.com.newsblur.network.APIResponse: 	at okhttp3.internal.connection.ConnectInterceptor.intercept(ConnectInterceptor.java:43)
08-06 03:15:58.402 14491 21971 E baseline.com.newsblur.network.APIResponse: 	at okhttp3.internal.http.RealInterceptorChain.proceed(RealInterceptorChain.java:142)
08-06 03:15:58.402 14491 21971 E baseline.com.newsblur.network.APIResponse: 	at okhttp3.internal.http.RealInterceptorChain.proceed(RealInterceptorChain.java:117)
08-06 03:15:58.402 14491 21971 E baseline.com.newsblur.network.APIResponse: 	at okhttp3.internal.cache.CacheInterceptor.intercept(CacheInterceptor.java:94)
08-06 03:15:58.402 14491 21971 E baseline.com.newsblur.network.APIResponse: 	at okhttp3.internal.http.RealInterceptorChain.proceed(RealInterceptorChain.java:142)
08-06 03:15:58.402 14491 21971 E baseline.com.newsblur.network.APIResponse: 	at okhttp3.internal.http.RealInterceptorChain.proceed(RealInterceptorChain.java:117)
08-06 03:15:58.402 14491 21971 E baseline.com.newsblur.network.APIResponse: 	at okhttp3.internal.http.BridgeInterceptor.intercept(BridgeInterceptor.java:93)
08-06 03:15:58.402 14491 21971 E baseline.com.newsblur.network.APIResponse: 	at okhttp3.internal.http.RealInterceptorChain.proceed(RealInterceptorChain.java:142)
08-06 03:15:58.402 14491 21971 E baseline.com.newsblur.network.APIResponse: 	at okhttp3.internal.http.RetryAndFollowUpInterceptor.intercept(RetryAndFollowUpInterceptor.java:88)
08-06 03:15:58.402 14491 21971 E baseline.com.newsblur.network.APIResponse: 	at okhttp3.internal.http.RealInterceptorChain.proceed(RealInterceptorChain.java:142)
08-06 03:15:58.402 14491 21971 E baseline.com.newsblur.network.APIResponse: 	at okhttp3.internal.http.RealInterceptorChain.proceed(RealInterceptorChain.java:117)
08-06 03:15:58.402 14491 21971 E baseline.com.newsblur.network.APIResponse: 	at okhttp3.RealCall.getResponseWithInterceptorChain(RealCall.java:229)
08-06 03:15:58.402 14491 21971 E baseline.com.newsblur.network.APIResponse: 	at okhttp3.RealCall.execute(RealCall.java:81)
08-06 03:15:58.402 14491 21971 E baseline.com.newsblur.network.APIResponse: 	at baseline.com.newsblur.network.APIResponse.<init>(APIResponse.java:57)
08-06 03:15:58.402 14491 21971 E baseline.com.newsblur.network.APIResponse: 	at baseline.com.newsblur.network.APIResponse.<init>(APIResponse.java:43)
08-06 03:15:58.402 14491 21971 E baseline.com.newsblur.network.APIResponse: 	at baseline.com.newsblur.network.APIManager.post_single(APIManager.java:702)
08-06 03:15:58.402 14491 21971 E baseline.com.newsblur.network.APIResponse: 	at baseline.com.newsblur.network.APIManager.post(APIManager.java:675)
08-06 03:15:58.402 14491 21971 E baseline.com.newsblur.network.APIResponse: 	at baseline.com.newsblur.network.APIManager.post(APIManager.java:714)
08-06 03:15:58.402 14491 21971 E baseline.com.newsblur.network.APIResponse: 	at baseline.com.newsblur.network.APIManager.markStoryAsRead(APIManager.java:205)
08-06 03:15:58.402 14491 21971 E baseline.com.newsblur.network.APIResponse: 	at baseline.com.newsblur.util.ReadingAction.doRemote(ReadingAction.java:281)
08-06 03:15:58.402 14491 21971 E baseline.com.newsblur.network.APIResponse: 	at baseline.com.newsblur.service.NBSyncService.syncActions(NBSyncService.java:400)
08-06 03:15:58.402 14491 21971 E baseline.com.newsblur.network.APIResponse: 	at baseline.com.newsblur.service.NBSyncService.doSync(NBSyncService.java:298)
08-06 03:15:58.402 14491 21971 E baseline.com.newsblur.network.APIResponse: 	at baseline.com.newsblur.service.NBSyncService.access$100(NBSyncService.java:67)
08-06 03:15:58.402 14491 21971 E baseline.com.newsblur.network.APIResponse: 	at baseline.com.newsblur.service.NBSyncService$1.run(NBSyncService.java:188)
08-06 03:15:58.402 14491 21971 E baseline.com.newsblur.network.APIResponse: 	at java.util.concurrent.ThreadPoolExecutor.runWorker(ThreadPoolExecutor.java:1113)
08-06 03:15:58.402 14491 21971 E baseline.com.newsblur.network.APIResponse: 	at java.util.concurrent.ThreadPoolExecutor$Worker.run(ThreadPoolExecutor.java:588)
08-06 03:15:58.402 14491 21971 E baseline.com.newsblur.network.APIResponse: 	at java.lang.Thread.run(Thread.java:818)
08-06 03:15:58.402 14491 21971 E baseline.com.newsblur.network.APIResponse: Caused by: java.io.EOFException: \n not found: limit=0 content=
08-06 03:15:58.402 14491 21971 E baseline.com.newsblur.network.APIResponse: 	at okio.RealBufferedSource.readUtf8LineStrict(RealBufferedSource.java:240)
08-06 03:15:58.402 14491 21971 E baseline.com.newsblur.network.APIResponse: 	at okhttp3.internal.http1.Http1ExchangeCodec.readHeaderLine(Http1ExchangeCodec.java:242)
08-06 03:15:58.402 14491 21971 E baseline.com.newsblur.network.APIResponse: 	at okhttp3.internal.http1.Http1ExchangeCodec.readResponseHeaders(Http1ExchangeCodec.java:213)
08-06 03:15:58.402 14491 21971 E baseline.com.newsblur.network.APIResponse: 	... 30 more
08-06 03:15:58.403 14491 21971 I baseline.com.newsblur.network.APIManager: API call failed, pausing before retry number 2
08-06 03:15:58.445   518   646 I ThermalEngine: ACTION: GPU - Setting GPU[0] to 450000000
08-06 03:15:58.464 14491 14502 I art     : Starting a blocking GC Explicit
08-06 03:15:58.505 14491 14502 I art     : Explicit concurrent mark sweep GC freed 3947(357KB) AllocSpace objects, 3(60KB) LOS objects, 30% free, 36MB/52MB, paused 1.060ms total 40.271ms
08-06 03:15:58.519 14491 14502 I art     : Starting a blocking GC Explicit
08-06 03:15:58.557 14491 14502 I art     : Explicit concurrent mark sweep GC freed 109(3KB) AllocSpace objects, 0(0B) LOS objects, 30% free, 36MB/52MB, paused 1.055ms total 37.703ms
08-06 03:15:58.571 14491 14502 I art     : Starting a blocking GC Explicit
08-06 03:15:58.609 14491 14502 I art     : Explicit concurrent mark sweep GC freed 3(96B) AllocSpace objects, 0(0B) LOS objects, 30% free, 36MB/52MB, paused 1.161ms total 37.672ms
08-06 03:15:58.623 14491 14502 I art     : Starting a blocking GC Explicit
08-06 03:15:58.660 14491 14502 I art     : Explicit concurrent mark sweep GC freed 3(96B) AllocSpace objects, 0(0B) LOS objects, 30% free, 36MB/52MB, paused 1.126ms total 36.899ms
08-06 03:15:58.674 14491 14502 I art     : Starting a blocking GC Explicit
08-06 03:15:58.712 14491 14502 I art     : Explicit concurrent mark sweep GC freed 3(96B) AllocSpace objects, 0(0B) LOS objects, 30% free, 36MB/52MB, paused 1.147ms total 37.478ms
08-06 03:15:59.059 14491 21624 I art     : Starting a blocking GC Explicit
08-06 03:15:59.094 14491 21624 I art     : Explicit concurrent mark sweep GC freed 1440(83KB) AllocSpace objects, 1(20KB) LOS objects, 30% free, 36MB/52MB, paused 1.132ms total 35.423ms
08-06 03:15:59.107 14491 21624 I art     : Starting a blocking GC Explicit
08-06 03:15:59.141 14491 21624 I art     : Explicit concurrent mark sweep GC freed 22(784B) AllocSpace objects, 0(0B) LOS objects, 30% free, 36MB/52MB, paused 1.069ms total 33.921ms
08-06 03:15:59.154 14491 21624 I art     : Starting a blocking GC Explicit
08-06 03:15:59.187 14491 21624 I art     : Explicit concurrent mark sweep GC freed 3(96B) AllocSpace objects, 0(0B) LOS objects, 30% free, 36MB/52MB, paused 1.101ms total 33.031ms
08-06 03:15:59.199 14491 21624 I art     : Starting a blocking GC Explicit
08-06 03:15:59.236 14491 21624 I art     : Explicit concurrent mark sweep GC freed 3(96B) AllocSpace objects, 0(0B) LOS objects, 30% free, 36MB/52MB, paused 1.748ms total 36.538ms
08-06 03:15:59.248 14491 21624 I art     : Starting a blocking GC Explicit
08-06 03:15:59.286 14491 21624 I art     : Explicit concurrent mark sweep GC freed 3(96B) AllocSpace objects, 0(0B) LOS objects, 30% free, 36MB/52MB, paused 1.173ms total 37.470ms
08-06 03:15:59.654 14491 21624 I art     : Starting a blocking GC Explicit
08-06 03:15:59.692 14491 21624 I art     : Explicit concurrent mark sweep GC freed 1439(83KB) AllocSpace objects, 1(20KB) LOS objects, 30% free, 36MB/52MB, paused 1.060ms total 38.334ms
08-06 03:15:59.707 14491 21624 I art     : Starting a blocking GC Explicit
08-06 03:15:59.744 14491 21624 I art     : Explicit concurrent mark sweep GC freed 22(784B) AllocSpace objects, 0(0B) LOS objects, 30% free, 36MB/52MB, paused 1.134ms total 36.860ms
08-06 03:15:59.758 14491 21624 I art     : Starting a blocking GC Explicit
08-06 03:15:59.796 14491 21624 I art     : Explicit concurrent mark sweep GC freed 3(96B) AllocSpace objects, 0(0B) LOS objects, 30% free, 36MB/52MB, paused 1.123ms total 37.280ms
08-06 03:15:59.810 14491 21624 I art     : Starting a blocking GC Explicit
08-06 03:15:59.848 14491 21624 I art     : Explicit concurrent mark sweep GC freed 3(96B) AllocSpace objects, 0(0B) LOS objects, 30% free, 36MB/52MB, paused 1.235ms total 37.371ms
08-06 03:15:59.862 14491 21624 I art     : Starting a blocking GC Explicit
08-06 03:15:59.899 14491 21624 I art     : Explicit concurrent mark sweep GC freed 3(96B) AllocSpace objects, 0(0B) LOS objects, 30% free, 36MB/52MB, paused 1.238ms total 36.802ms
08-06 03:16:00.252 14491 14502 I art     : Starting a blocking GC Explicit
08-06 03:16:00.292 14491 14502 I art     : Explicit concurrent mark sweep GC freed 1439(82KB) AllocSpace objects, 1(20KB) LOS objects, 30% free, 36MB/52MB, paused 1.053ms total 39.347ms
08-06 03:16:00.306 14491 14502 I art     : Starting a blocking GC Explicit
08-06 03:16:00.344 14491 14502 I art     : Explicit concurrent mark sweep GC freed 22(784B) AllocSpace objects, 0(0B) LOS objects, 30% free, 36MB/52MB, paused 1.176ms total 37.459ms
08-06 03:16:00.358 14491 14502 I art     : Starting a blocking GC Explicit
08-06 03:16:00.395 14491 14502 I art     : Explicit concurrent mark sweep GC freed 3(96B) AllocSpace objects, 0(0B) LOS objects, 30% free, 36MB/52MB, paused 1.175ms total 36.892ms
08-06 03:16:00.409 14491 14502 I art     : Starting a blocking GC Explicit
08-06 03:16:00.447 14491 14502 I art     : Explicit concurrent mark sweep GC freed 3(96B) AllocSpace objects, 0(0B) LOS objects, 30% free, 36MB/52MB, paused 1.151ms total 37.231ms
08-06 03:16:00.461 14491 14502 I art     : Starting a blocking GC Explicit
08-06 03:16:00.498 14491 14502 I art     : Explicit concurrent mark sweep GC freed 3(96B) AllocSpace objects, 0(0B) LOS objects, 30% free, 36MB/52MB, paused 1.264ms total 36.720ms
08-06 03:16:00.853 14491 14503 I art     : Starting a blocking GC Explicit
08-06 03:16:00.892 14491 14503 I art     : Explicit concurrent mark sweep GC freed 1439(82KB) AllocSpace objects, 1(20KB) LOS objects, 30% free, 36MB/52MB, paused 1.049ms total 39.185ms
08-06 03:16:00.906 14491 14503 I art     : Starting a blocking GC Explicit
08-06 03:16:00.944 14491 14503 I art     : Explicit concurrent mark sweep GC freed 22(784B) AllocSpace objects, 0(0B) LOS objects, 30% free, 36MB/52MB, paused 1.251ms total 37.070ms
08-06 03:16:00.958 14491 14503 I art     : Starting a blocking GC Explicit
08-06 03:16:00.995 14491 14503 I art     : Explicit concurrent mark sweep GC freed 3(96B) AllocSpace objects, 0(0B) LOS objects, 30% free, 36MB/52MB, paused 1.195ms total 36.725ms
08-06 03:16:01.009 14491 14503 I art     : Starting a blocking GC Explicit
08-06 03:16:01.047 14491 14503 I art     : Explicit concurrent mark sweep GC freed 3(96B) AllocSpace objects, 0(0B) LOS objects, 30% free, 36MB/52MB, paused 1.279ms total 37.915ms
08-06 03:16:01.062 14491 14503 I art     : Starting a blocking GC Explicit
08-06 03:16:01.093 14491 14503 I art     : Explicit concurrent mark sweep GC freed 3(96B) AllocSpace objects, 0(0B) LOS objects, 30% free, 36MB/52MB, paused 1.078ms total 31.364ms
08-06 03:16:01.441 14491 14502 I art     : Starting a blocking GC Explicit
08-06 03:16:01.479 14491 14502 I art     : Explicit concurrent mark sweep GC freed 1529(86KB) AllocSpace objects, 1(20KB) LOS objects, 30% free, 36MB/52MB, paused 1.229ms total 38.183ms
08-06 03:16:01.493 14491 14502 I art     : Starting a blocking GC Explicit
08-06 03:16:01.527 14491 14502 I art     : Explicit concurrent mark sweep GC freed 40(1600B) AllocSpace objects, 0(0B) LOS objects, 30% free, 36MB/52MB, paused 1.183ms total 33.465ms
08-06 03:16:01.539 14491 14502 I art     : Starting a blocking GC Explicit
08-06 03:16:01.574 14491 14502 I art     : Explicit concurrent mark sweep GC freed 65(4KB) AllocSpace objects, 0(0B) LOS objects, 30% free, 36MB/52MB, paused 1.074ms total 33.984ms
08-06 03:16:01.586 14491 14502 I art     : Starting a blocking GC Explicit
08-06 03:16:01.625 14491 14502 I art     : Explicit concurrent mark sweep GC freed 3(96B) AllocSpace objects, 0(0B) LOS objects, 30% free, 36MB/52MB, paused 1.101ms total 38.387ms
08-06 03:16:01.639 14491 14502 I art     : Starting a blocking GC Explicit
08-06 03:16:01.677 14491 14502 I art     : Explicit concurrent mark sweep GC freed 3(96B) AllocSpace objects, 0(0B) LOS objects, 30% free, 36MB/52MB, paused 1.192ms total 38.257ms
08-06 03:16:01.977 14491 21971 E baseline.com.newsblur.network.APIResponse: Error (unexpected end of stream on https://www.newsblur.com/...) calling https://www.newsblur.com/reader/mark_story_hashes_as_read/
08-06 03:16:01.977 14491 21971 E baseline.com.newsblur.network.APIResponse: java.io.IOException: unexpected end of stream on https://www.newsblur.com/...
08-06 03:16:01.977 14491 21971 E baseline.com.newsblur.network.APIResponse: 	at okhttp3.internal.http1.Http1ExchangeCodec.readResponseHeaders(Http1ExchangeCodec.java:236)
08-06 03:16:01.977 14491 21971 E baseline.com.newsblur.network.APIResponse: 	at okhttp3.internal.connection.Exchange.readResponseHeaders(Exchange.java:115)
08-06 03:16:01.977 14491 21971 E baseline.com.newsblur.network.APIResponse: 	at okhttp3.internal.http.CallServerInterceptor.intercept(CallServerInterceptor.java:94)
08-06 03:16:01.977 14491 21971 E baseline.com.newsblur.network.APIResponse: 	at okhttp3.internal.http.RealInterceptorChain.proceed(RealInterceptorChain.java:142)
08-06 03:16:01.977 14491 21971 E baseline.com.newsblur.network.APIResponse: 	at okhttp3.internal.connection.ConnectInterceptor.intercept(ConnectInterceptor.java:43)
08-06 03:16:01.977 14491 21971 E baseline.com.newsblur.network.APIResponse: 	at okhttp3.internal.http.RealInterceptorChain.proceed(RealInterceptorChain.java:142)
08-06 03:16:01.977 14491 21971 E baseline.com.newsblur.network.APIResponse: 	at okhttp3.internal.http.RealInterceptorChain.proceed(RealInterceptorChain.java:117)
08-06 03:16:01.977 14491 21971 E baseline.com.newsblur.network.APIResponse: 	at okhttp3.internal.cache.CacheInterceptor.intercept(CacheInterceptor.java:94)
08-06 03:16:01.977 14491 21971 E baseline.com.newsblur.network.APIResponse: 	at okhttp3.internal.http.RealInterceptorChain.proceed(RealInterceptorChain.java:142)
08-06 03:16:01.977 14491 21971 E baseline.com.newsblur.network.APIResponse: 	at okhttp3.internal.http.RealInterceptorChain.proceed(RealInterceptorChain.java:117)
08-06 03:16:01.977 14491 21971 E baseline.com.newsblur.network.APIResponse: 	at okhttp3.internal.http.BridgeInterceptor.intercept(BridgeInterceptor.java:93)
08-06 03:16:01.977 14491 21971 E baseline.com.newsblur.network.APIResponse: 	at okhttp3.internal.http.RealInterceptorChain.proceed(RealInterceptorChain.java:142)
08-06 03:16:01.977 14491 21971 E baseline.com.newsblur.network.APIResponse: 	at okhttp3.internal.http.RetryAndFollowUpInterceptor.intercept(RetryAndFollowUpInterceptor.java:88)
08-06 03:16:01.977 14491 21971 E baseline.com.newsblur.network.APIResponse: 	at okhttp3.internal.http.RealInterceptorChain.proceed(RealInterceptorChain.java:142)
08-06 03:16:01.977 14491 21971 E baseline.com.newsblur.network.APIResponse: 	at okhttp3.internal.http.RealInterceptorChain.proceed(RealInterceptorChain.java:117)
08-06 03:16:01.977 14491 21971 E baseline.com.newsblur.network.APIResponse: 	at okhttp3.RealCall.getResponseWithInterceptorChain(RealCall.java:229)
08-06 03:16:01.977 14491 21971 E baseline.com.newsblur.network.APIResponse: 	at okhttp3.RealCall.execute(RealCall.java:81)
08-06 03:16:01.977 14491 21971 E baseline.com.newsblur.network.APIResponse: 	at baseline.com.newsblur.network.APIResponse.<init>(APIResponse.java:57)
08-06 03:16:01.977 14491 21971 E baseline.com.newsblur.network.APIResponse: 	at baseline.com.newsblur.network.APIResponse.<init>(APIResponse.java:43)
08-06 03:16:01.977 14491 21971 E baseline.com.newsblur.network.APIResponse: 	at baseline.com.newsblur.network.APIManager.post_single(APIManager.java:702)
08-06 03:16:01.977 14491 21971 E baseline.com.newsblur.network.APIResponse: 	at baseline.com.newsblur.network.APIManager.post(APIManager.java:675)
08-06 03:16:01.977 14491 21971 E baseline.com.newsblur.network.APIResponse: 	at baseline.com.newsblur.network.APIManager.post(APIManager.java:714)
08-06 03:16:01.977 14491 21971 E baseline.com.newsblur.network.APIResponse: 	at baseline.com.newsblur.network.APIManager.markStoryAsRead(APIManager.java:205)
08-06 03:16:01.977 14491 21971 E baseline.com.newsblur.network.APIResponse: 	at baseline.com.newsblur.util.ReadingAction.doRemote(ReadingAction.java:281)
08-06 03:16:01.977 14491 21971 E baseline.com.newsblur.network.APIResponse: 	at baseline.com.newsblur.service.NBSyncService.syncActions(NBSyncService.java:400)
08-06 03:16:01.977 14491 21971 E baseline.com.newsblur.network.APIResponse: 	at baseline.com.newsblur.service.NBSyncService.doSync(NBSyncService.java:298)
08-06 03:16:01.977 14491 21971 E baseline.com.newsblur.network.APIResponse: 	at baseline.com.newsblur.service.NBSyncService.access$100(NBSyncService.java:67)
08-06 03:16:01.977 14491 21971 E baseline.com.newsblur.network.APIResponse: 	at baseline.com.newsblur.service.NBSyncService$1.run(NBSyncService.java:188)
08-06 03:16:01.977 14491 21971 E baseline.com.newsblur.network.APIResponse: 	at java.util.concurrent.ThreadPoolExecutor.runWorker(ThreadPoolExecutor.java:1113)
08-06 03:16:01.977 14491 21971 E baseline.com.newsblur.network.APIResponse: 	at java.util.concurrent.ThreadPoolExecutor$Worker.run(ThreadPoolExecutor.java:588)
08-06 03:16:01.977 14491 21971 E baseline.com.newsblur.network.APIResponse: 	at java.lang.Thread.run(Thread.java:818)
08-06 03:16:01.977 14491 21971 E baseline.com.newsblur.network.APIResponse: Caused by: java.io.EOFException: \n not found: limit=0 content=
08-06 03:16:01.977 14491 21971 E baseline.com.newsblur.network.APIResponse: 	at okio.RealBufferedSource.readUtf8LineStrict(RealBufferedSource.java:240)
08-06 03:16:01.977 14491 21971 E baseline.com.newsblur.network.APIResponse: 	at okhttp3.internal.http1.Http1ExchangeCodec.readHeaderLine(Http1ExchangeCodec.java:242)
08-06 03:16:01.977 14491 21971 E baseline.com.newsblur.network.APIResponse: 	at okhttp3.internal.http1.Http1ExchangeCodec.readResponseHeaders(Http1ExchangeCodec.java:213)
08-06 03:16:01.977 14491 21971 E baseline.com.newsblur.network.APIResponse: 	... 30 more
08-06 03:16:01.979 14491 21971 I baseline.com.newsblur.service.NBSyncService: Holding reading action with server-side or network error.
08-06 03:16:01.998 14491 21971 W baseline.com.newsblur.service.NBSyncService: hard API failure
08-06 03:16:02.022 14491 21624 I art     : Starting a blocking GC Explicit
08-06 03:16:02.057 14491 21624 I art     : Explicit concurrent mark sweep GC freed 4889(562KB) AllocSpace objects, 16(320KB) LOS objects, 30% free, 36MB/52MB, paused 1.024ms total 34.741ms
08-06 03:16:02.068 14491 21624 I art     : Starting a blocking GC Explicit
08-06 03:16:02.101 14491 21624 I art     : Explicit concurrent mark sweep GC freed 336(13KB) AllocSpace objects, 0(0B) LOS objects, 30% free, 36MB/52MB, paused 1.078ms total 32.999ms
08-06 03:16:02.113 14491 21624 I art     : Starting a blocking GC Explicit
08-06 03:16:02.147 14491 21624 I art     : Explicit concurrent mark sweep GC freed 307(10KB) AllocSpace objects, 0(0B) LOS objects, 30% free, 36MB/52MB, paused 1.302ms total 33.935ms
08-06 03:16:02.159 14491 21624 I art     : Starting a blocking GC Explicit
08-06 03:16:02.194 14491 21624 I art     : Explicit concurrent mark sweep GC freed 3(96B) AllocSpace objects, 0(0B) LOS objects, 30% free, 36MB/52MB, paused 1.109ms total 34.517ms
08-06 03:16:02.206 14491 21624 I art     : Starting a blocking GC Explicit
08-06 03:16:02.241 14491 21624 I art     : Explicit concurrent mark sweep GC freed 3(96B) AllocSpace objects, 0(0B) LOS objects, 30% free, 36MB/52MB, paused 1.074ms total 34.671ms
08-06 03:16:02.595 14491 14502 I art     : Starting a blocking GC Explicit
08-06 03:16:02.633 14491 14502 I art     : Explicit concurrent mark sweep GC freed 1401(80KB) AllocSpace objects, 1(20KB) LOS objects, 30% free, 36MB/52MB, paused 1.135ms total 37.512ms
08-06 03:16:02.646 14491 14502 I art     : Starting a blocking GC Explicit
08-06 03:16:02.683 14491 14502 I art     : Explicit concurrent mark sweep GC freed 20(704B) AllocSpace objects, 0(0B) LOS objects, 30% free, 36MB/52MB, paused 1.129ms total 37.460ms
08-06 03:16:02.696 14491 14502 I art     : Starting a blocking GC Explicit
08-06 03:16:02.733 14491 14502 I art     : Explicit concurrent mark sweep GC freed 3(96B) AllocSpace objects, 0(0B) LOS objects, 30% free, 36MB/52MB, paused 1.116ms total 37.440ms
08-06 03:16:02.746 14491 14502 I art     : Starting a blocking GC Explicit
08-06 03:16:02.781 14491 14502 I art     : Explicit concurrent mark sweep GC freed 3(96B) AllocSpace objects, 0(0B) LOS objects, 30% free, 36MB/52MB, paused 1.068ms total 35.451ms
08-06 03:16:02.794 14491 14502 I art     : Starting a blocking GC Explicit
08-06 03:16:02.831 14491 14502 I art     : Explicit concurrent mark sweep GC freed 3(96B) AllocSpace objects, 0(0B) LOS objects, 30% free, 36MB/52MB, paused 1.156ms total 37.524ms
08-06 03:16:03.186 14491 14503 I art     : Starting a blocking GC Explicit
08-06 03:16:03.224 14491 14503 I art     : Explicit concurrent mark sweep GC freed 1398(80KB) AllocSpace objects, 1(20KB) LOS objects, 30% free, 36MB/52MB, paused 1.163ms total 37.546ms
08-06 03:16:03.238 14491 14503 I art     : Starting a blocking GC Explicit
08-06 03:16:03.272 14491 14503 I art     : Explicit concurrent mark sweep GC freed 20(704B) AllocSpace objects, 0(0B) LOS objects, 30% free, 36MB/52MB, paused 1.107ms total 34.474ms
08-06 03:16:03.284 14491 14503 I art     : Starting a blocking GC Explicit
08-06 03:16:03.321 14491 14503 I art     : Explicit concurrent mark sweep GC freed 3(96B) AllocSpace objects, 0(0B) LOS objects, 30% free, 36MB/52MB, paused 1.148ms total 36.704ms
08-06 03:16:03.333 14491 14503 I art     : Starting a blocking GC Explicit
08-06 03:16:03.371 14491 14503 I art     : Explicit concurrent mark sweep GC freed 3(96B) AllocSpace objects, 0(0B) LOS objects, 30% free, 36MB/52MB, paused 1.137ms total 37.334ms
08-06 03:16:03.383 14491 14503 I art     : Starting a blocking GC Explicit
08-06 03:16:03.419 14491 14503 I art     : Explicit concurrent mark sweep GC freed 3(96B) AllocSpace objects, 0(0B) LOS objects, 30% free, 36MB/52MB, paused 1.127ms total 35.584ms
08-06 03:16:03.781 14491 21624 I art     : Starting a blocking GC Explicit
08-06 03:16:03.819 14491 21624 I art     : Explicit concurrent mark sweep GC freed 1398(80KB) AllocSpace objects, 1(20KB) LOS objects, 30% free, 36MB/52MB, paused 1.237ms total 37.317ms
08-06 03:16:03.833 14491 21624 I art     : Starting a blocking GC Explicit
08-06 03:16:03.868 14491 21624 I art     : Explicit concurrent mark sweep GC freed 20(704B) AllocSpace objects, 0(0B) LOS objects, 30% free, 36MB/52MB, paused 1.125ms total 34.981ms
08-06 03:16:03.880 14491 21624 I art     : Starting a blocking GC Explicit
08-06 03:16:03.915 14491 21624 I art     : Explicit concurrent mark sweep GC freed 3(96B) AllocSpace objects, 0(0B) LOS objects, 30% free, 36MB/52MB, paused 1.137ms total 34.755ms
08-06 03:16:03.927 14491 21624 I art     : Starting a blocking GC Explicit
08-06 03:16:03.965 14491 21624 I art     : Explicit concurrent mark sweep GC freed 3(96B) AllocSpace objects, 0(0B) LOS objects, 30% free, 36MB/52MB, paused 1.145ms total 37.216ms
08-06 03:16:03.977 14491 21624 I art     : Starting a blocking GC Explicit
08-06 03:16:04.014 14491 21624 I art     : Explicit concurrent mark sweep GC freed 3(96B) AllocSpace objects, 0(0B) LOS objects, 30% free, 36MB/52MB, paused 1.070ms total 36.468ms
08-06 03:16:04.381 14491 14502 I art     : Starting a blocking GC Explicit
08-06 03:16:04.419 14491 14502 I art     : Explicit concurrent mark sweep GC freed 1398(80KB) AllocSpace objects, 1(20KB) LOS objects, 30% free, 36MB/52MB, paused 1.193ms total 37.744ms
08-06 03:16:04.431 14491 14502 I art     : Starting a blocking GC Explicit
08-06 03:16:04.469 14491 14502 I art     : Explicit concurrent mark sweep GC freed 20(704B) AllocSpace objects, 0(0B) LOS objects, 30% free, 36MB/52MB, paused 1.191ms total 37.985ms
08-06 03:16:04.482 14491 14502 I art     : Starting a blocking GC Explicit
08-06 03:16:04.519 14491 14502 I art     : Explicit concurrent mark sweep GC freed 3(96B) AllocSpace objects, 0(0B) LOS objects, 30% free, 36MB/52MB, paused 1.098ms total 37.114ms
08-06 03:16:04.531 14491 14502 I art     : Starting a blocking GC Explicit
08-06 03:16:04.570 14491 14502 I art     : Explicit concurrent mark sweep GC freed 3(96B) AllocSpace objects, 0(0B) LOS objects, 30% free, 36MB/52MB, paused 1.160ms total 37.931ms
08-06 03:16:04.582 14491 14502 I art     : Starting a blocking GC Explicit
08-06 03:16:04.621 14491 14502 I art     : Explicit concurrent mark sweep GC freed 3(96B) AllocSpace objects, 0(0B) LOS objects, 30% free, 36MB/52MB, paused 1.142ms total 38.278ms
08-06 03:16:04.983 14491 14503 I art     : Starting a blocking GC Explicit
08-06 03:16:05.021 14491 14503 I art     : Explicit concurrent mark sweep GC freed 1398(80KB) AllocSpace objects, 1(20KB) LOS objects, 30% free, 36MB/52MB, paused 1.082ms total 37.354ms
08-06 03:16:05.035 14491 14503 I art     : Starting a blocking GC Explicit
08-06 03:16:05.072 14491 14503 I art     : Explicit concurrent mark sweep GC freed 20(704B) AllocSpace objects, 0(0B) LOS objects, 30% free, 36MB/52MB, paused 1.110ms total 36.128ms
08-06 03:16:05.084 14491 14503 I art     : Starting a blocking GC Explicit
08-06 03:16:05.120 14491 14503 I art     : Explicit concurrent mark sweep GC freed 3(96B) AllocSpace objects, 0(0B) LOS objects, 30% free, 36MB/52MB, paused 1.098ms total 36.140ms
08-06 03:16:05.132 14491 14503 I art     : Starting a blocking GC Explicit
08-06 03:16:05.167 14491 14503 I art     : Explicit concurrent mark sweep GC freed 3(96B) AllocSpace objects, 0(0B) LOS objects, 30% free, 36MB/52MB, paused 1.213ms total 35.012ms
08-06 03:16:05.180 14491 14503 I art     : Starting a blocking GC Explicit
08-06 03:16:05.216 14491 14503 I art     : Explicit concurrent mark sweep GC freed 3(96B) AllocSpace objects, 0(0B) LOS objects, 30% free, 36MB/52MB, paused 1.123ms total 36.463ms
08-06 03:16:05.582 14491 21624 I art     : Starting a blocking GC Explicit
08-06 03:16:05.619 14491 21624 I art     : Explicit concurrent mark sweep GC freed 1398(80KB) AllocSpace objects, 1(20KB) LOS objects, 30% free, 36MB/52MB, paused 1.171ms total 37.112ms
08-06 03:16:05.634 14491 21624 I art     : Starting a blocking GC Explicit
08-06 03:16:05.670 14491 21624 I art     : Explicit concurrent mark sweep GC freed 20(704B) AllocSpace objects, 0(0B) LOS objects, 30% free, 36MB/52MB, paused 1.139ms total 36.121ms
08-06 03:16:05.683 14491 21624 I art     : Starting a blocking GC Explicit
08-06 03:16:05.720 14491 21624 I art     : Explicit concurrent mark sweep GC freed 3(96B) AllocSpace objects, 0(0B) LOS objects, 30% free, 36MB/52MB, paused 1.118ms total 37.244ms
08-06 03:16:05.733 14491 21624 I art     : Starting a blocking GC Explicit
08-06 03:16:05.769 14491 21624 I art     : Explicit concurrent mark sweep GC freed 3(96B) AllocSpace objects, 0(0B) LOS objects, 30% free, 36MB/52MB, paused 1.133ms total 36.292ms
08-06 03:16:05.781 14491 21624 I art     : Starting a blocking GC Explicit
08-06 03:16:05.820 14491 21624 I art     : Explicit concurrent mark sweep GC freed 14(944B) AllocSpace objects, 0(0B) LOS objects, 30% free, 36MB/52MB, paused 1.494ms total 38.102ms
08-06 03:16:06.182 14491 14502 I art     : Starting a blocking GC Explicit
08-06 03:16:06.218 14491 14502 I art     : Explicit concurrent mark sweep GC freed 1406(80KB) AllocSpace objects, 1(20KB) LOS objects, 30% free, 36MB/52MB, paused 1.274ms total 36.017ms
08-06 03:16:06.230 14491 14502 I art     : Starting a blocking GC Explicit
08-06 03:16:06.267 14491 14502 I art     : Explicit concurrent mark sweep GC freed 26(928B) AllocSpace objects, 0(0B) LOS objects, 30% free, 36MB/52MB, paused 1.267ms total 36.080ms
08-06 03:16:06.279 14491 14502 I art     : Starting a blocking GC Explicit
08-06 03:16:06.318 14491 14502 I art     : Explicit concurrent mark sweep GC freed 3(96B) AllocSpace objects, 0(0B) LOS objects, 30% free, 36MB/52MB, paused 1.259ms total 38.426ms
08-06 03:16:06.330 14491 14502 I art     : Starting a blocking GC Explicit
08-06 03:16:06.368 14491 14502 I art     : Explicit concurrent mark sweep GC freed 3(96B) AllocSpace objects, 0(0B) LOS objects, 30% free, 36MB/52MB, paused 1.292ms total 37.474ms
08-06 03:16:06.380 14491 14502 I art     : Starting a blocking GC Explicit
08-06 03:16:06.415 14491 14502 I art     : Explicit concurrent mark sweep GC freed 3(96B) AllocSpace objects, 0(0B) LOS objects, 30% free, 36MB/52MB, paused 1.108ms total 34.817ms
08-06 03:16:06.458   518   646 I ThermalEngine: ACTION: GPU - Setting GPU[0] to 510000000
08-06 03:16:06.758 14491 14503 I art     : Starting a blocking GC Explicit
08-06 03:16:06.788 14491 14503 I art     : Explicit concurrent mark sweep GC freed 1398(80KB) AllocSpace objects, 1(20KB) LOS objects, 30% free, 36MB/52MB, paused 915us total 29.195ms
08-06 03:16:06.797 14491 14503 I art     : Starting a blocking GC Explicit
08-06 03:16:06.824 14491 14503 I art     : Explicit concurrent mark sweep GC freed 20(704B) AllocSpace objects, 0(0B) LOS objects, 30% free, 36MB/52MB, paused 830us total 26.713ms
08-06 03:16:06.833 14491 14503 I art     : Starting a blocking GC Explicit
08-06 03:16:06.860 14491 14503 I art     : Explicit concurrent mark sweep GC freed 3(96B) AllocSpace objects, 0(0B) LOS objects, 30% free, 36MB/52MB, paused 811us total 26.624ms
08-06 03:16:06.869 14491 14503 I art     : Starting a blocking GC Explicit
08-06 03:16:06.896 14491 14503 I art     : Explicit concurrent mark sweep GC freed 3(96B) AllocSpace objects, 0(0B) LOS objects, 30% free, 36MB/52MB, paused 812us total 26.649ms
08-06 03:16:06.905 14491 14503 I art     : Starting a blocking GC Explicit
08-06 03:16:06.932 14491 14503 I art     : Explicit concurrent mark sweep GC freed 3(96B) AllocSpace objects, 0(0B) LOS objects, 30% free, 36MB/52MB, paused 782us total 27.094ms
08-06 03:16:07.253 14491 21624 I art     : Starting a blocking GC Explicit
08-06 03:16:07.284 14491 21624 I art     : Explicit concurrent mark sweep GC freed 1398(80KB) AllocSpace objects, 1(20KB) LOS objects, 30% free, 36MB/52MB, paused 934us total 30.220ms
08-06 03:16:07.296 14491 21624 I art     : Starting a blocking GC Explicit
08-06 03:16:07.324 14491 21624 I art     : Explicit concurrent mark sweep GC freed 20(704B) AllocSpace objects, 0(0B) LOS objects, 30% free, 36MB/52MB, paused 876us total 27.849ms
08-06 03:16:07.334 14491 21624 I art     : Starting a blocking GC Explicit
08-06 03:16:07.361 14491 21624 I art     : Explicit concurrent mark sweep GC freed 3(96B) AllocSpace objects, 0(0B) LOS objects, 30% free, 36MB/52MB, paused 824us total 27.014ms
08-06 03:16:07.370 14491 21624 I art     : Starting a blocking GC Explicit
08-06 03:16:07.397 14491 21624 I art     : Explicit concurrent mark sweep GC freed 3(96B) AllocSpace objects, 0(0B) LOS objects, 30% free, 36MB/52MB, paused 864us total 26.538ms
08-06 03:16:07.407 14491 21624 I art     : Starting a blocking GC Explicit
08-06 03:16:07.435 14491 21624 I art     : Explicit concurrent mark sweep GC freed 3(96B) AllocSpace objects, 0(0B) LOS objects, 30% free, 36MB/52MB, paused 848us total 27.906ms
08-06 03:16:07.729 14491 14502 I art     : Starting a blocking GC Explicit
08-06 03:16:07.760 14491 14502 I art     : Explicit concurrent mark sweep GC freed 1399(80KB) AllocSpace objects, 1(20KB) LOS objects, 30% free, 36MB/52MB, paused 990us total 29.861ms
08-06 03:16:07.772 14491 14502 I art     : Starting a blocking GC Explicit
08-06 03:16:07.798 14491 14502 I art     : Explicit concurrent mark sweep GC freed 20(704B) AllocSpace objects, 0(0B) LOS objects, 30% free, 36MB/52MB, paused 859us total 26.017ms
08-06 03:16:07.807 14491 14502 I art     : Starting a blocking GC Explicit
08-06 03:16:07.833 14491 14502 I art     : Explicit concurrent mark sweep GC freed 3(96B) AllocSpace objects, 0(0B) LOS objects, 30% free, 36MB/52MB, paused 831us total 26.028ms
08-06 03:16:07.842 14491 14502 I art     : Starting a blocking GC Explicit
08-06 03:16:07.869 14491 14502 I art     : Explicit concurrent mark sweep GC freed 3(96B) AllocSpace objects, 0(0B) LOS objects, 30% free, 36MB/52MB, paused 843us total 26.849ms
08-06 03:16:07.879 14491 14502 I art     : Starting a blocking GC Explicit
08-06 03:16:07.906 14491 14502 I art     : Explicit concurrent mark sweep GC freed 3(96B) AllocSpace objects, 0(0B) LOS objects, 30% free, 36MB/52MB, paused 801us total 26.116ms
08-06 03:16:07.997 22192 22192 D AndroidRuntime: >>>>>> START com.android.internal.os.RuntimeInit uid 2000 <<<<<<
08-06 03:16:08.002 22192 22192 D AndroidRuntime: CheckJNI is OFF
08-06 03:16:08.034 22192 22192 D ICU     : No timezone override file found: /data/misc/zoneinfo/current/icu/icu_tzdata.dat
08-06 03:16:08.067 22192 22192 I Radio-JNI: register_android_hardware_Radio DONE
08-06 03:16:08.088 22192 22192 D AndroidRuntime: Calling main entry com.android.commands.input.Input
08-06 03:16:08.090 22192 22192 I Input   : injectKeyEvent: KeyEvent { action=ACTION_DOWN, keyCode=KEYCODE_BACK, scanCode=0, metaState=0, flags=0x0, repeatCount=0, eventTime=846984503, downTime=846984503, deviceId=-1, source=0x101 }
08-06 03:16:08.098 22192 22192 I Input   : injectKeyEvent: KeyEvent { action=ACTION_UP, keyCode=KEYCODE_BACK, scanCode=0, metaState=0, flags=0x0, repeatCount=0, eventTime=846984503, downTime=846984503, deviceId=-1, source=0x101 }
08-06 03:16:08.105 22192 22192 D AndroidRuntime: Shutting down VM
08-06 03:16:08.206 14491 14502 I art     : Starting a blocking GC Explicit
08-06 03:16:08.218 13866 13866 I GoogleInputMethodServic: GoogleInputMethodService.onFinishInput():3138 
08-06 03:16:08.219 13866 13866 I GoogleInputMethodServic: GoogleInputMethodService.onStartInput():1808 
08-06 03:16:08.235 14491 14502 I art     : Explicit concurrent mark sweep GC freed 3892(319KB) AllocSpace objects, 9(180KB) LOS objects, 30% free, 36MB/52MB, paused 1.151ms total 28.079ms
08-06 03:16:08.245 14491 14502 I art     : Starting a blocking GC Explicit
08-06 03:16:08.272 14491 14502 I art     : Explicit concurrent mark sweep GC freed 804(49KB) AllocSpace objects, 1(20KB) LOS objects, 30% free, 36MB/52MB, paused 1.298ms total 27.156ms
08-06 03:16:08.281 14491 14502 I art     : Starting a blocking GC Explicit
08-06 03:16:08.307 14491 14502 I art     : Explicit concurrent mark sweep GC freed 129(7KB) AllocSpace objects, 0(0B) LOS objects, 30% free, 36MB/52MB, paused 877us total 25.474ms
08-06 03:16:08.315 14491 14502 I art     : Starting a blocking GC Explicit
08-06 03:16:08.339 14491 14502 I art     : Explicit concurrent mark sweep GC freed 21(896B) AllocSpace objects, 1(28KB) LOS objects, 30% free, 36MB/52MB, paused 863us total 23.902ms
08-06 03:16:08.348 14491 14502 I art     : Starting a blocking GC Explicit
08-06 03:16:08.372 14491 14502 I art     : Explicit concurrent mark sweep GC freed 3(96B) AllocSpace objects, 0(0B) LOS objects, 30% free, 36MB/52MB, paused 875us total 24.001ms
08-06 03:16:08.659 14491 14502 I art     : Starting a blocking GC Explicit
08-06 03:16:08.687 14491 14502 I art     : Explicit concurrent mark sweep GC freed 2891(150KB) AllocSpace objects, 1(20KB) LOS objects, 30% free, 36MB/52MB, paused 1.145ms total 27.871ms
08-06 03:16:08.696 14491 14502 I art     : Starting a blocking GC Explicit
08-06 03:16:08.725 14491 14502 I art     : Explicit concurrent mark sweep GC freed 2333(123KB) AllocSpace objects, 2(120KB) LOS objects, 30% free, 36MB/52MB, paused 969us total 28.453ms
08-06 03:16:08.734 14491 14502 I art     : Starting a blocking GC Explicit
08-06 03:16:08.761 14491 14502 I art     : Explicit concurrent mark sweep GC freed 985(118KB) AllocSpace objects, 1(80KB) LOS objects, 30% free, 36MB/52MB, paused 830us total 26.810ms
08-06 03:16:08.762 14491 22226 I NAPPA_EXPERIMENTATION: MetricNetworkRequestExecutionTime: REQUEST_DURATION_SYSTEM='528',REQUEST_DURATION_OKHTTP='38',REQUEST_SYNCHRONOUS='TRUE',RESPONSE_CODE='200',RESPONSE_METHOD='GET',RESPONSE_LENGTH_OKHTTP='-1',RESPONSE_LENGTH_HEADER='12364',REQUEST_PROTOCOL='http/1.1',REQUEST_URL='https://www.newsblur.com/social/river_stories?order=newest&page=2&read_filter=all&global_feed=true',
08-06 03:16:08.763 14491 22226 D MY_TAG  : 0, 528
08-06 03:16:08.770 14491 14502 I art     : Starting a blocking GC Explicit
08-06 03:16:08.799 14491 14502 I art     : Explicit concurrent mark sweep GC freed 10919(512KB) AllocSpace objects, 3(176KB) LOS objects, 30% free, 37MB/53MB, paused 1.130ms total 28.296ms
08-06 03:16:08.808 14491 14502 I art     : Starting a blocking GC Explicit
08-06 03:16:08.838 14491 14502 I art     : Explicit concurrent mark sweep GC freed 15210(1041KB) AllocSpace objects, 13(260KB) LOS objects, 30% free, 37MB/53MB, paused 1.105ms total 28.922ms
08-06 03:16:08.838 14491 14501 I art     : WaitForGcToComplete blocked for 18.967ms for cause HeapTrim
08-06 03:16:09.179 14491 21624 I art     : Starting a blocking GC Explicit
08-06 03:16:09.212 14491 21624 I art     : Explicit concurrent mark sweep GC freed 9058(775KB) AllocSpace objects, 17(424KB) LOS objects, 30% free, 36MB/52MB, paused 986us total 32.330ms
08-06 03:16:09.222 14491 21624 I art     : Starting a blocking GC Explicit
08-06 03:16:09.251 14491 21624 I art     : Explicit concurrent mark sweep GC freed 2271(195KB) AllocSpace objects, 0(0B) LOS objects, 30% free, 36MB/52MB, paused 888us total 28.554ms
08-06 03:16:09.262 14491 21624 I art     : Starting a blocking GC Explicit
08-06 03:16:09.291 14491 21624 I art     : Explicit concurrent mark sweep GC freed 7(224B) AllocSpace objects, 0(0B) LOS objects, 30% free, 36MB/52MB, paused 912us total 28.533ms
08-06 03:16:09.300 14491 21624 I art     : Starting a blocking GC Explicit
08-06 03:16:09.326 14491 21624 I art     : Explicit concurrent mark sweep GC freed 8(256B) AllocSpace objects, 0(0B) LOS objects, 30% free, 36MB/52MB, paused 866us total 25.566ms
08-06 03:16:09.335 14491 21624 I art     : Starting a blocking GC Explicit
08-06 03:16:09.361 14491 21624 I art     : Explicit concurrent mark sweep GC freed 7(224B) AllocSpace objects, 0(0B) LOS objects, 30% free, 36MB/52MB, paused 1.196ms total 26.304ms
08-06 03:16:09.656 14491 21624 I art     : Starting a blocking GC Explicit
08-06 03:16:09.685 14491 21624 I art     : Explicit concurrent mark sweep GC freed 1438(82KB) AllocSpace objects, 1(20KB) LOS objects, 30% free, 36MB/52MB, paused 1.027ms total 28.770ms
08-06 03:16:09.696 14491 21624 I art     : Starting a blocking GC Explicit
08-06 03:16:09.723 14491 21624 I art     : Explicit concurrent mark sweep GC freed 20(704B) AllocSpace objects, 0(0B) LOS objects, 30% free, 36MB/52MB, paused 924us total 26.947ms
08-06 03:16:09.730 22251 22251 D AndroidRuntime: >>>>>> START com.android.internal.os.RuntimeInit uid 2000 <<<<<<
08-06 03:16:09.732 14491 21624 I art     : Starting a blocking GC Explicit
08-06 03:16:09.735 22251 22251 D AndroidRuntime: CheckJNI is OFF
08-06 03:16:09.758 14491 21624 I art     : Explicit concurrent mark sweep GC freed 3(96B) AllocSpace objects, 0(0B) LOS objects, 30% free, 36MB/52MB, paused 932us total 25.328ms
08-06 03:16:09.767 14491 21624 I art     : Starting a blocking GC Explicit
08-06 03:16:09.769 22251 22251 D ICU     : No timezone override file found: /data/misc/zoneinfo/current/icu/icu_tzdata.dat
08-06 03:16:09.793 14491 21624 I art     : Explicit concurrent mark sweep GC freed 3(96B) AllocSpace objects, 0(0B) LOS objects, 30% free, 36MB/52MB, paused 900us total 26.637ms
08-06 03:16:09.802 14491 21624 I art     : Starting a blocking GC Explicit
08-06 03:16:09.803 22251 22251 I Radio-JNI: register_android_hardware_Radio DONE
08-06 03:16:09.824 22251 22251 D AndroidRuntime: Calling main entry com.android.commands.input.Input
08-06 03:16:09.826 22251 22251 I Input   : injectMotionEvent: MotionEvent { action=ACTION_DOWN, actionButton=0, id[0]=0, x[0]=435.0, y[0]=858.0, toolType[0]=TOOL_TYPE_UNKNOWN, buttonState=0, metaState=0, flags=0x0, edgeFlags=0x0, pointerCount=1, historySize=0, eventTime=846986239, downTime=846986239, deviceId=0, source=0x1002 }
08-06 03:16:09.828 14491 21624 I art     : Explicit concurrent mark sweep GC freed 3(96B) AllocSpace objects, 0(0B) LOS objects, 30% free, 36MB/52MB, paused 988us total 24.990ms
08-06 03:16:09.831 22251 22251 I Input   : injectMotionEvent: MotionEvent { action=ACTION_UP, actionButton=0, id[0]=0, x[0]=435.0, y[0]=858.0, toolType[0]=TOOL_TYPE_UNKNOWN, buttonState=0, metaState=0, flags=0x0, edgeFlags=0x0, pointerCount=1, historySize=0, eventTime=846986239, downTime=846986239, deviceId=0, source=0x1002 }
08-06 03:16:09.833 22251 22251 D AndroidRuntime: Shutting down VM
08-06 03:16:09.846   512  2967 D audio_hw_primary: out_set_parameters: enter: usecase(1: low-latency-playback) kvpairs: routing=2
08-06 03:16:09.846   918  3670 I ActivityManager: START u0 {cmp=baseline.com.newsblur/.activity.GlobalSharedStoriesReading (has extras)} from uid 10698 on display 0
08-06 03:16:09.858   512  2967 D audio_hw_primary: select_devices: out_snd_device(2: speaker) in_snd_device(0: none)
08-06 03:16:09.858   512  2967 D msm8974_platform: platform_send_audio_calibration: sending audio calibration for snd_device(2) acdb_id(15)
08-06 03:16:09.859   512  2967 I soundtrigger: audio_extn_sound_trigger_update_device_status: device 0x2 of type 0 for Event 1
08-06 03:16:09.868   512  2967 D audio_hw_primary: enable_snd_device: snd_device(2: speaker)
08-06 03:16:09.870   512  2967 D audio_hw_primary: enable_audio_route: apply and update mixer path: low-latency-playback speaker
08-06 03:16:10.048   918   936 I ActivityManager: Displayed baseline.com.newsblur/.activity.GlobalSharedStoriesReading: +196ms
08-06 03:16:10.049 13866 13866 I GoogleInputMethodServic: GoogleInputMethodService.onFinishInput():3138 
08-06 03:16:10.049 13866 13866 I GoogleInputMethodServic: GoogleInputMethodService.onStartInput():1808 
08-06 03:16:10.114 14491 14502 I art     : Starting a blocking GC Explicit
08-06 03:16:10.149 14491 14502 I art     : Explicit concurrent mark sweep GC freed 5539(423KB) AllocSpace objects, 10(628KB) LOS objects, 29% free, 37MB/53MB, paused 1.283ms total 34.128ms
08-06 03:16:10.159 14491 14502 I art     : Starting a blocking GC Explicit
08-06 03:16:10.191 14491 14502 I art     : Explicit concurrent mark sweep GC freed 1951(140KB) AllocSpace objects, 7(168KB) LOS objects, 29% free, 37MB/53MB, paused 1.150ms total 31.982ms
08-06 03:16:10.201 14491 14502 I art     : Starting a blocking GC Explicit
08-06 03:16:10.232 14491 14502 I art     : Explicit concurrent mark sweep GC freed 405(54KB) AllocSpace objects, 3(76KB) LOS objects, 30% free, 37MB/53MB, paused 1.222ms total 30.800ms
08-06 03:16:10.242 14491 14502 I art     : Starting a blocking GC Explicit
08-06 03:16:10.273 14491 14502 I art     : Explicit concurrent mark sweep GC freed 3178(269KB) AllocSpace objects, 7(140KB) LOS objects, 29% free, 37MB/53MB, paused 1.125ms total 30.608ms
08-06 03:16:10.283 14491 14502 I art     : Starting a blocking GC Explicit
08-06 03:16:10.314 14491 14502 I art     : Explicit concurrent mark sweep GC freed 1388(74KB) AllocSpace objects, 0(0B) LOS objects, 29% free, 37MB/53MB, paused 1.364ms total 30.787ms
08-06 03:16:10.327 14491 21967 E chromium: [ERROR:tile_manager.cc(793)] WARNING: tile memory limits exceeded, some content may not draw
08-06 03:16:10.328 14491 21967 E chromium: [ERROR:tile_manager.cc(793)] WARNING: tile memory limits exceeded, some content may not draw
08-06 03:16:10.408   512  2967 D audio_hw_primary: disable_audio_route: reset and update mixer path: low-latency-playback speaker
08-06 03:16:10.410   512  2967 D audio_hw_primary: disable_snd_device: snd_device(2: speaker)
08-06 03:16:10.418   512  2967 I soundtrigger: audio_extn_sound_trigger_update_device_status: device 0x2 of type 0 for Event 0
08-06 03:16:10.467   518   646 I ThermalEngine: ACTION: GPU - Setting GPU[0] to 450000000
08-06 03:16:10.638 14491 14502 I art     : Starting a blocking GC Explicit
08-06 03:16:10.680 14491 14502 I art     : Explicit concurrent mark sweep GC freed 2182(131KB) AllocSpace objects, 3(68KB) LOS objects, 29% free, 37MB/53MB, paused 1.280ms total 40.976ms
08-06 03:16:10.693 14491 14502 I art     : Starting a blocking GC Explicit
08-06 03:16:10.733 14491 14502 I art     : Explicit concurrent mark sweep GC freed 41(1632B) AllocSpace objects, 0(0B) LOS objects, 29% free, 37MB/53MB, paused 1.266ms total 39.893ms
08-06 03:16:10.747 14491 14502 I art     : Starting a blocking GC Explicit
08-06 03:16:10.788 14491 14502 I art     : Explicit concurrent mark sweep GC freed 2371(123KB) AllocSpace objects, 2(120KB) LOS objects, 29% free, 37MB/53MB, paused 1.305ms total 41.193ms
08-06 03:16:10.796 14548 14548 I ServiceManager: Waiting for service AtCmdFwd...
08-06 03:16:10.801 14491 14502 I art     : Starting a blocking GC Explicit
08-06 03:16:10.813 14491 22291 E baseline.com.newsblur.network.APIResponse: Error (unexpected end of stream on https://www.newsblur.com/...) calling https://www.newsblur.com/reader/mark_story_hashes_as_read/
08-06 03:16:10.813 14491 22291 E baseline.com.newsblur.network.APIResponse: java.io.IOException: unexpected end of stream on https://www.newsblur.com/...
08-06 03:16:10.813 14491 22291 E baseline.com.newsblur.network.APIResponse: 	at okhttp3.internal.http1.Http1ExchangeCodec.readResponseHeaders(Http1ExchangeCodec.java:236)
08-06 03:16:10.813 14491 22291 E baseline.com.newsblur.network.APIResponse: 	at okhttp3.internal.connection.Exchange.readResponseHeaders(Exchange.java:115)
08-06 03:16:10.813 14491 22291 E baseline.com.newsblur.network.APIResponse: 	at okhttp3.internal.http.CallServerInterceptor.intercept(CallServerInterceptor.java:94)
08-06 03:16:10.813 14491 22291 E baseline.com.newsblur.network.APIResponse: 	at okhttp3.internal.http.RealInterceptorChain.proceed(RealInterceptorChain.java:142)
08-06 03:16:10.813 14491 22291 E baseline.com.newsblur.network.APIResponse: 	at okhttp3.internal.connection.ConnectInterceptor.intercept(ConnectInterceptor.java:43)
08-06 03:16:10.813 14491 22291 E baseline.com.newsblur.network.APIResponse: 	at okhttp3.internal.http.RealInterceptorChain.proceed(RealInterceptorChain.java:142)
08-06 03:16:10.813 14491 22291 E baseline.com.newsblur.network.APIResponse: 	at okhttp3.internal.http.RealInterceptorChain.proceed(RealInterceptorChain.java:117)
08-06 03:16:10.813 14491 22291 E baseline.com.newsblur.network.APIResponse: 	at okhttp3.internal.cache.CacheInterceptor.intercept(CacheInterceptor.java:94)
08-06 03:16:10.813 14491 22291 E baseline.com.newsblur.network.APIResponse: 	at okhttp3.internal.http.RealInterceptorChain.proceed(RealInterceptorChain.java:142)
08-06 03:16:10.813 14491 22291 E baseline.com.newsblur.network.APIResponse: 	at okhttp3.internal.http.RealInterceptorChain.proceed(RealInterceptorChain.java:117)
08-06 03:16:10.813 14491 22291 E baseline.com.newsblur.network.APIResponse: 	at okhttp3.internal.http.BridgeInterceptor.intercept(BridgeInterceptor.java:93)
08-06 03:16:10.813 14491 22291 E baseline.com.newsblur.network.APIResponse: 	at okhttp3.internal.http.RealInterceptorChain.proceed(RealInterceptorChain.java:142)
08-06 03:16:10.813 14491 22291 E baseline.com.newsblur.network.APIResponse: 	at okhttp3.internal.http.RetryAndFollowUpInterceptor.intercept(RetryAndFollowUpInterceptor.java:88)
08-06 03:16:10.813 14491 22291 E baseline.com.newsblur.network.APIResponse: 	at okhttp3.internal.http.RealInterceptorChain.proceed(RealInterceptorChain.java:142)
08-06 03:16:10.813 14491 22291 E baseline.com.newsblur.network.APIResponse: 	at okhttp3.internal.http.RealInterceptorChain.proceed(RealInterceptorChain.java:117)
08-06 03:16:10.813 14491 22291 E baseline.com.newsblur.network.APIResponse: 	at okhttp3.RealCall.getResponseWithInterceptorChain(RealCall.java:229)
08-06 03:16:10.813 14491 22291 E baseline.com.newsblur.network.APIResponse: 	at okhttp3.RealCall.execute(RealCall.java:81)
08-06 03:16:10.813 14491 22291 E baseline.com.newsblur.network.APIResponse: 	at baseline.com.newsblur.network.APIResponse.<init>(APIResponse.java:57)
08-06 03:16:10.813 14491 22291 E baseline.com.newsblur.network.APIResponse: 	at baseline.com.newsblur.network.APIResponse.<init>(APIResponse.java:43)
08-06 03:16:10.813 14491 22291 E baseline.com.newsblur.network.APIResponse: 	at baseline.com.newsblur.network.APIManager.post_single(APIManager.java:702)
08-06 03:16:10.813 14491 22291 E baseline.com.newsblur.network.APIResponse: 	at baseline.com.newsblur.network.APIManager.post(APIManager.java:675)
08-06 03:16:10.813 14491 22291 E baseline.com.newsblur.network.APIResponse: 	at baseline.com.newsblur.network.APIManager.post(APIManager.java:714)
08-06 03:16:10.813 14491 22291 E baseline.com.newsblur.network.APIResponse: 	at baseline.com.newsblur.network.APIManager.markStoryAsRead(APIManager.java:205)
08-06 03:16:10.813 14491 22291 E baseline.com.newsblur.network.APIResponse: 	at baseline.com.newsblur.util.ReadingAction.doRemote(ReadingAction.java:281)
08-06 03:16:10.813 14491 22291 E baseline.com.newsblur.network.APIResponse: 	at baseline.com.newsblur.service.NBSyncService.syncActions(NBSyncService.java:400)
08-06 03:16:10.813 14491 22291 E baseline.com.newsblur.network.APIResponse: 	at baseline.com.newsblur.service.NBSyncService.doSync(NBSyncService.java:298)
08-06 03:16:10.813 14491 22291 E baseline.com.newsblur.network.APIResponse: 	at baseline.com.newsblur.service.NBSyncService.access$100(NBSyncService.java:67)
08-06 03:16:10.813 14491 22291 E baseline.com.newsblur.network.APIResponse: 	at baseline.com.newsblur.service.NBSyncService$1.run(NBSyncService.java:188)
08-06 03:16:10.813 14491 22291 E baseline.com.newsblur.network.APIResponse: 	at java.util.concurrent.ThreadPoolExecutor.runWorker(ThreadPoolExecutor.java:1113)
08-06 03:16:10.813 14491 22291 E baseline.com.newsblur.network.APIResponse: 	at java.util.concurrent.ThreadPoolExecutor$Worker.run(ThreadPoolExecutor.java:588)
08-06 03:16:10.813 14491 22291 E baseline.com.newsblur.network.APIResponse: 	at java.lang.Thread.run(Thread.java:818)
08-06 03:16:10.813 14491 22291 E baseline.com.newsblur.network.APIResponse: Caused by: java.io.EOFException: \n not found: limit=0 content=
08-06 03:16:10.813 14491 22291 E baseline.com.newsblur.network.APIResponse: 	at okio.RealBufferedSource.readUtf8LineStrict(RealBufferedSource.java:240)
08-06 03:16:10.813 14491 22291 E baseline.com.newsblur.network.APIResponse: 	at okhttp3.internal.http1.Http1ExchangeCodec.readHeaderLine(Http1ExchangeCodec.java:242)
08-06 03:16:10.813 14491 22291 E baseline.com.newsblur.network.APIResponse: 	at okhttp3.internal.http1.Http1ExchangeCodec.readResponseHeaders(Http1ExchangeCodec.java:213)
08-06 03:16:10.813 14491 22291 E baseline.com.newsblur.network.APIResponse: 	... 30 more
08-06 03:16:10.814 14491 22291 I baseline.com.newsblur.network.APIManager: API call failed, pausing before retry number 1
08-06 03:16:10.837 14491 14502 I art     : Explicit concurrent mark sweep GC freed 1696(308KB) AllocSpace objects, 3(120KB) LOS objects, 29% free, 37MB/53MB, paused 1.118ms total 35.932ms
08-06 03:16:10.849 14491 14502 I art     : Starting a blocking GC Explicit
08-06 03:16:10.886 14491 14502 I art     : Explicit concurrent mark sweep GC freed 139(19KB) AllocSpace objects, 0(0B) LOS objects, 29% free, 37MB/53MB, paused 1.119ms total 36.544ms
08-06 03:16:11.234 14491 14503 I art     : Starting a blocking GC Explicit
08-06 03:16:11.278 14491 14503 I art     : Explicit concurrent mark sweep GC freed 1468(83KB) AllocSpace objects, 1(20KB) LOS objects, 29% free, 37MB/53MB, paused 1.324ms total 43.068ms
08-06 03:16:11.292 14491 14503 I art     : Starting a blocking GC Explicit
08-06 03:16:11.331 14491 14503 I art     : Explicit concurrent mark sweep GC freed 23(816B) AllocSpace objects, 0(0B) LOS objects, 29% free, 37MB/53MB, paused 1.416ms total 38.834ms
08-06 03:16:11.333 14491 21967 E chromium: [ERROR:tile_manager.cc(793)] WARNING: tile memory limits exceeded, some content may not draw
08-06 03:16:11.334 14491 21967 E chromium: [ERROR:tile_manager.cc(793)] WARNING: tile memory limits exceeded, some content may not draw
08-06 03:16:11.343 14491 14503 I art     : Starting a blocking GC Explicit
08-06 03:16:11.345 14491 21967 E chromium: [ERROR:tile_manager.cc(793)] WARNING: tile memory limits exceeded, some content may not draw
08-06 03:16:11.346 14491 21967 E chromium: [ERROR:tile_manager.cc(793)] WARNING: tile memory limits exceeded, some content may not draw
08-06 03:16:11.363 14491 21967 E chromium: [ERROR:tile_manager.cc(793)] WARNING: tile memory limits exceeded, some content may not draw
08-06 03:16:11.363 14491 21967 E chromium: [ERROR:tile_manager.cc(793)] WARNING: tile memory limits exceeded, some content may not draw
08-06 03:16:11.380 14491 14503 I art     : Explicit concurrent mark sweep GC freed 46(1472B) AllocSpace objects, 0(0B) LOS objects, 29% free, 37MB/53MB, paused 1.147ms total 36.937ms
08-06 03:16:11.393 14491 14503 I art     : Starting a blocking GC Explicit
08-06 03:16:11.429 14491 14503 I art     : Explicit concurrent mark sweep GC freed 21(672B) AllocSpace objects, 0(0B) LOS objects, 29% free, 37MB/53MB, paused 1.174ms total 36.072ms
08-06 03:16:11.442 14491 14503 I art     : Starting a blocking GC Explicit
08-06 03:16:11.483 14491 14503 I art     : Explicit concurrent mark sweep GC freed 25(800B) AllocSpace objects, 0(0B) LOS objects, 29% free, 37MB/53MB, paused 1.364ms total 40.934ms
08-06 03:16:11.796 14548 14548 I ServiceManager: Waiting for service AtCmdFwd...
08-06 03:16:11.860 14491 14502 I art     : Starting a blocking GC Explicit
08-06 03:16:11.904 14491 14502 I art     : Explicit concurrent mark sweep GC freed 1473(84KB) AllocSpace objects, 1(20KB) LOS objects, 29% free, 37MB/53MB, paused 1.175ms total 43.698ms
08-06 03:16:11.917 14491 14502 I art     : Starting a blocking GC Explicit
08-06 03:16:11.958 14491 14502 I art     : Explicit concurrent mark sweep GC freed 22(784B) AllocSpace objects, 0(0B) LOS objects, 29% free, 37MB/53MB, paused 1.634ms total 40.660ms
08-06 03:16:11.971 14491 14502 I art     : Starting a blocking GC Explicit
08-06 03:16:12.013 14491 14502 I art     : Explicit concurrent mark sweep GC freed 3(96B) AllocSpace objects, 0(0B) LOS objects, 29% free, 37MB/53MB, paused 1.150ms total 41.269ms
08-06 03:16:12.025 14491 14502 I art     : Starting a blocking GC Explicit
08-06 03:16:12.067 14491 14502 I art     : Explicit concurrent mark sweep GC freed 3(96B) AllocSpace objects, 0(0B) LOS objects, 29% free, 37MB/53MB, paused 1.206ms total 41.076ms
08-06 03:16:12.080 14491 14502 I art     : Starting a blocking GC Explicit
08-06 03:16:12.121 14491 14502 I art     : Explicit concurrent mark sweep GC freed 3(96B) AllocSpace objects, 0(0B) LOS objects, 29% free, 37MB/53MB, paused 1.178ms total 40.869ms
08-06 03:16:12.492 14491 14502 I art     : Starting a blocking GC Explicit
08-06 03:16:12.535 14491 14502 I art     : Explicit concurrent mark sweep GC freed 1606(91KB) AllocSpace objects, 1(20KB) LOS objects, 29% free, 37MB/53MB, paused 1.200ms total 42.648ms
08-06 03:16:12.549 14491 14502 I art     : Starting a blocking GC Explicit
08-06 03:16:12.591 14491 14502 I art     : Explicit concurrent mark sweep GC freed 28(1040B) AllocSpace objects, 0(0B) LOS objects, 29% free, 37MB/53MB, paused 1.408ms total 41.636ms
08-06 03:16:12.604 14491 14502 I art     : Starting a blocking GC Explicit
08-06 03:16:12.645 14491 14502 I art     : Explicit concurrent mark sweep GC freed 3(96B) AllocSpace objects, 0(0B) LOS objects, 29% free, 37MB/53MB, paused 1.295ms total 41.061ms
08-06 03:16:12.658 14491 14502 I art     : Starting a blocking GC Explicit
08-06 03:16:12.700 14491 14502 I art     : Explicit concurrent mark sweep GC freed 3(96B) AllocSpace objects, 0(0B) LOS objects, 29% free, 37MB/53MB, paused 1.533ms total 42.275ms
08-06 03:16:12.714 14491 14502 I art     : Starting a blocking GC Explicit
08-06 03:16:12.755 14491 14502 I art     : Explicit concurrent mark sweep GC freed 3(96B) AllocSpace objects, 0(0B) LOS objects, 29% free, 37MB/53MB, paused 1.181ms total 40.875ms
08-06 03:16:12.797 14548 14548 I ServiceManager: Waiting for service AtCmdFwd...
08-06 03:16:12.845 14491 22291 E baseline.com.newsblur.network.APIResponse: Error (unexpected end of stream on https://www.newsblur.com/...) calling https://www.newsblur.com/reader/mark_story_hashes_as_read/
08-06 03:16:12.845 14491 22291 E baseline.com.newsblur.network.APIResponse: java.io.IOException: unexpected end of stream on https://www.newsblur.com/...
08-06 03:16:12.845 14491 22291 E baseline.com.newsblur.network.APIResponse: 	at okhttp3.internal.http1.Http1ExchangeCodec.readResponseHeaders(Http1ExchangeCodec.java:236)
08-06 03:16:12.845 14491 22291 E baseline.com.newsblur.network.APIResponse: 	at okhttp3.internal.connection.Exchange.readResponseHeaders(Exchange.java:115)
08-06 03:16:12.845 14491 22291 E baseline.com.newsblur.network.APIResponse: 	at okhttp3.internal.http.CallServerInterceptor.intercept(CallServerInterceptor.java:94)
08-06 03:16:12.845 14491 22291 E baseline.com.newsblur.network.APIResponse: 	at okhttp3.internal.http.RealInterceptorChain.proceed(RealInterceptorChain.java:142)
08-06 03:16:12.845 14491 22291 E baseline.com.newsblur.network.APIResponse: 	at okhttp3.internal.connection.ConnectInterceptor.intercept(ConnectInterceptor.java:43)
08-06 03:16:12.845 14491 22291 E baseline.com.newsblur.network.APIResponse: 	at okhttp3.internal.http.RealInterceptorChain.proceed(RealInterceptorChain.java:142)
08-06 03:16:12.845 14491 22291 E baseline.com.newsblur.network.APIResponse: 	at okhttp3.internal.http.RealInterceptorChain.proceed(RealInterceptorChain.java:117)
08-06 03:16:12.845 14491 22291 E baseline.com.newsblur.network.APIResponse: 	at okhttp3.internal.cache.CacheInterceptor.intercept(CacheInterceptor.java:94)
08-06 03:16:12.845 14491 22291 E baseline.com.newsblur.network.APIResponse: 	at okhttp3.internal.http.RealInterceptorChain.proceed(RealInterceptorChain.java:142)
08-06 03:16:12.845 14491 22291 E baseline.com.newsblur.network.APIResponse: 	at okhttp3.internal.http.RealInterceptorChain.proceed(RealInterceptorChain.java:117)
08-06 03:16:12.845 14491 22291 E baseline.com.newsblur.network.APIResponse: 	at okhttp3.internal.http.BridgeInterceptor.intercept(BridgeInterceptor.java:93)
08-06 03:16:12.845 14491 22291 E baseline.com.newsblur.network.APIResponse: 	at okhttp3.internal.http.RealInterceptorChain.proceed(RealInterceptorChain.java:142)
08-06 03:16:12.845 14491 22291 E baseline.com.newsblur.network.APIResponse: 	at okhttp3.internal.http.RetryAndFollowUpInterceptor.intercept(RetryAndFollowUpInterceptor.java:88)
08-06 03:16:12.845 14491 22291 E baseline.com.newsblur.network.APIResponse: 	at okhttp3.internal.http.RealInterceptorChain.proceed(RealInterceptorChain.java:142)
08-06 03:16:12.845 14491 22291 E baseline.com.newsblur.network.APIResponse: 	at okhttp3.internal.http.RealInterceptorChain.proceed(RealInterceptorChain.java:117)
08-06 03:16:12.845 14491 22291 E baseline.com.newsblur.network.APIResponse: 	at okhttp3.RealCall.getResponseWithInterceptorChain(RealCall.java:229)
08-06 03:16:12.845 14491 22291 E baseline.com.newsblur.network.APIResponse: 	at okhttp3.RealCall.execute(RealCall.java:81)
08-06 03:16:12.845 14491 22291 E baseline.com.newsblur.network.APIResponse: 	at baseline.com.newsblur.network.APIResponse.<init>(APIResponse.java:57)
08-06 03:16:12.845 14491 22291 E baseline.com.newsblur.network.APIResponse: 	at baseline.com.newsblur.network.APIResponse.<init>(APIResponse.java:43)
08-06 03:16:12.845 14491 22291 E baseline.com.newsblur.network.APIResponse: 	at baseline.com.newsblur.network.APIManager.post_single(APIManager.java:702)
08-06 03:16:12.845 14491 22291 E baseline.com.newsblur.network.APIResponse: 	at baseline.com.newsblur.network.APIManager.post(APIManager.java:675)
08-06 03:16:12.845 14491 22291 E baseline.com.newsblur.network.APIResponse: 	at baseline.com.newsblur.network.APIManager.post(APIManager.java:714)
08-06 03:16:12.845 14491 22291 E baseline.com.newsblur.network.APIResponse: 	at baseline.com.newsblur.network.APIManager.markStoryAsRead(APIManager.java:205)
08-06 03:16:12.845 14491 22291 E baseline.com.newsblur.network.APIResponse: 	at baseline.com.newsblur.util.ReadingAction.doRemote(ReadingAction.java:281)
08-06 03:16:12.845 14491 22291 E baseline.com.newsblur.network.APIResponse: 	at baseline.com.newsblur.service.NBSyncService.syncActions(NBSyncService.java:400)
08-06 03:16:12.845 14491 22291 E baseline.com.newsblur.network.APIResponse: 	at baseline.com.newsblur.service.NBSyncService.doSync(NBSyncService.java:298)
08-06 03:16:12.845 14491 22291 E baseline.com.newsblur.network.APIResponse: 	at baseline.com.newsblur.service.NBSyncService.access$100(NBSyncService.java:67)
08-06 03:16:12.845 14491 22291 E baseline.com.newsblur.network.APIResponse: 	at baseline.com.newsblur.service.NBSyncService$1.run(NBSyncService.java:188)
08-06 03:16:12.845 14491 22291 E baseline.com.newsblur.network.APIResponse: 	at java.util.concurrent.ThreadPoolExecutor.runWorker(ThreadPoolExecutor.java:1113)
08-06 03:16:12.845 14491 22291 E baseline.com.newsblur.network.APIResponse: 	at java.util.concurrent.ThreadPoolExecutor$Worker.run(ThreadPoolExecutor.java:588)
08-06 03:16:12.845 14491 22291 E baseline.com.newsblur.network.APIResponse: 	at java.lang.Thread.run(Thread.java:818)
08-06 03:16:12.845 14491 22291 E baseline.com.newsblur.network.APIResponse: Caused by: java.io.EOFException: \n not found: limit=0 content=
08-06 03:16:12.845 14491 22291 E baseline.com.newsblur.network.APIResponse: 	at okio.RealBufferedSource.readUtf8LineStrict(RealBufferedSource.java:240)
08-06 03:16:12.845 14491 22291 E baseline.com.newsblur.network.APIResponse: 	at okhttp3.internal.http1.Http1ExchangeCodec.readHeaderLine(Http1ExchangeCodec.java:242)
08-06 03:16:12.845 14491 22291 E baseline.com.newsblur.network.APIResponse: 	at okhttp3.internal.http1.Http1ExchangeCodec.readResponseHeaders(Http1ExchangeCodec.java:213)
08-06 03:16:12.845 14491 22291 E baseline.com.newsblur.network.APIResponse: 	... 30 more
08-06 03:16:12.848 14491 22291 I baseline.com.newsblur.network.APIManager: API call failed, pausing before retry number 2
08-06 03:16:13.100 14491 14502 I art     : Starting a blocking GC Explicit
08-06 03:16:13.143 14491 14502 I art     : Explicit concurrent mark sweep GC freed 3947(357KB) AllocSpace objects, 3(60KB) LOS objects, 29% free, 37MB/53MB, paused 1.375ms total 43.245ms
08-06 03:16:13.156 14491 14502 I art     : Starting a blocking GC Explicit
08-06 03:16:13.198 14491 14502 I art     : Explicit concurrent mark sweep GC freed 109(3KB) AllocSpace objects, 0(0B) LOS objects, 29% free, 37MB/53MB, paused 1.501ms total 41.983ms
08-06 03:16:13.212 14491 14502 I art     : Starting a blocking GC Explicit
08-06 03:16:13.252 14491 14502 I art     : Explicit concurrent mark sweep GC freed 3(96B) AllocSpace objects, 0(0B) LOS objects, 29% free, 37MB/53MB, paused 1.174ms total 40.384ms
08-06 03:16:13.266 14491 14502 I art     : Starting a blocking GC Explicit
08-06 03:16:13.307 14491 14502 I art     : Explicit concurrent mark sweep GC freed 3(96B) AllocSpace objects, 0(0B) LOS objects, 29% free, 37MB/53MB, paused 1.209ms total 40.621ms
08-06 03:16:13.320 14491 14502 I art     : Starting a blocking GC Explicit
08-06 03:16:13.361 14491 14502 I art     : Explicit concurrent mark sweep GC freed 3(96B) AllocSpace objects, 0(0B) LOS objects, 29% free, 37MB/53MB, paused 1.221ms total 40.402ms
08-06 03:16:13.714 14491 14502 I art     : Starting a blocking GC Explicit
08-06 03:16:13.765 14491 14502 I art     : Explicit concurrent mark sweep GC freed 1440(83KB) AllocSpace objects, 1(20KB) LOS objects, 29% free, 37MB/53MB, paused 1.228ms total 50.239ms
08-06 03:16:13.778 14491 14502 I art     : Starting a blocking GC Explicit
08-06 03:16:13.798 14548 14548 I ServiceManager: Waiting for service AtCmdFwd...
08-06 03:16:13.819 14491 14502 I art     : Explicit concurrent mark sweep GC freed 22(784B) AllocSpace objects, 0(0B) LOS objects, 29% free, 37MB/53MB, paused 1.176ms total 39.805ms
08-06 03:16:13.832 14491 14502 I art     : Starting a blocking GC Explicit
08-06 03:16:13.873 14491 14502 I art     : Explicit concurrent mark sweep GC freed 3(96B) AllocSpace objects, 0(0B) LOS objects, 29% free, 37MB/53MB, paused 1.183ms total 40.334ms
08-06 03:16:13.886 14491 14502 I art     : Starting a blocking GC Explicit
08-06 03:16:13.927 14491 14502 I art     : Explicit concurrent mark sweep GC freed 3(96B) AllocSpace objects, 0(0B) LOS objects, 29% free, 37MB/53MB, paused 1.372ms total 41.098ms
08-06 03:16:13.940 14491 14502 I art     : Starting a blocking GC Explicit
08-06 03:16:13.981 14491 14502 I art     : Explicit concurrent mark sweep GC freed 3(96B) AllocSpace objects, 0(0B) LOS objects, 29% free, 37MB/53MB, paused 1.133ms total 40.665ms
08-06 03:16:14.306 14491 21624 I art     : Starting a blocking GC Explicit
08-06 03:16:14.344 14491 21624 I art     : Explicit concurrent mark sweep GC freed 1439(82KB) AllocSpace objects, 1(20KB) LOS objects, 29% free, 37MB/53MB, paused 1.243ms total 37.580ms
08-06 03:16:14.355 14491 21624 I art     : Starting a blocking GC Explicit
08-06 03:16:14.391 14491 21624 I art     : Explicit concurrent mark sweep GC freed 22(784B) AllocSpace objects, 0(0B) LOS objects, 29% free, 37MB/53MB, paused 1.242ms total 35.909ms
08-06 03:16:14.403 14491 21624 I art     : Starting a blocking GC Explicit
08-06 03:16:14.442 14491 21624 I art     : Explicit concurrent mark sweep GC freed 3(96B) AllocSpace objects, 0(0B) LOS objects, 29% free, 37MB/53MB, paused 1.238ms total 38.322ms
08-06 03:16:14.454 14491 21624 I art     : Starting a blocking GC Explicit
08-06 03:16:14.495 14491 21624 I art     : Explicit concurrent mark sweep GC freed 3(96B) AllocSpace objects, 0(0B) LOS objects, 29% free, 37MB/53MB, paused 1.307ms total 40.161ms
08-06 03:16:14.507 14491 21624 I art     : Starting a blocking GC Explicit
08-06 03:16:14.550 14491 21624 I art     : Explicit concurrent mark sweep GC freed 3(96B) AllocSpace objects, 0(0B) LOS objects, 29% free, 37MB/53MB, paused 1.435ms total 42.083ms
08-06 03:16:14.622 22354 22354 D AndroidRuntime: >>>>>> START com.android.internal.os.RuntimeInit uid 2000 <<<<<<
08-06 03:16:14.628 22354 22354 D AndroidRuntime: CheckJNI is OFF
08-06 03:16:14.670 22354 22354 D ICU     : No timezone override file found: /data/misc/zoneinfo/current/icu/icu_tzdata.dat
08-06 03:16:14.714 22354 22354 I Radio-JNI: register_android_hardware_Radio DONE
08-06 03:16:14.737   918  3261 D WifiStateMachine: starting scan for "H369AA63323"WPA_PSK with 2412,5180
08-06 03:16:14.744 22354 22354 D AndroidRuntime: Calling main entry com.android.commands.input.Input
08-06 03:16:14.746 22354 22354 I Input   : injectKeyEvent: KeyEvent { action=ACTION_DOWN, keyCode=KEYCODE_BACK, scanCode=0, metaState=0, flags=0x0, repeatCount=0, eventTime=846991159, downTime=846991159, deviceId=-1, source=0x101 }
08-06 03:16:14.753 22354 22354 I Input   : injectKeyEvent: KeyEvent { action=ACTION_UP, keyCode=KEYCODE_BACK, scanCode=0, metaState=0, flags=0x0, repeatCount=0, eventTime=846991159, downTime=846991159, deviceId=-1, source=0x101 }
08-06 03:16:14.761 22354 22354 D AndroidRuntime: Shutting down VM
08-06 03:16:14.798 14548 14548 I ServiceManager: Waiting for service AtCmdFwd...
08-06 03:16:14.899 14491 14503 I art     : Starting a blocking GC Explicit
08-06 03:16:14.922 13866 13866 I GoogleInputMethodServic: GoogleInputMethodService.onFinishInput():3138 
08-06 03:16:14.922 13866 13866 I GoogleInputMethodServic: GoogleInputMethodService.onStartInput():1808 
08-06 03:16:14.942 14491 14503 I art     : Explicit concurrent mark sweep GC freed 2840(224KB) AllocSpace objects, 5(100KB) LOS objects, 29% free, 37MB/53MB, paused 1.323ms total 41.964ms
08-06 03:16:14.953 14491 14503 I art     : Starting a blocking GC Explicit
08-06 03:16:14.990 14491 14503 I art     : Explicit concurrent mark sweep GC freed 757(57KB) AllocSpace objects, 1(20KB) LOS objects, 29% free, 37MB/53MB, paused 1.172ms total 36.133ms
08-06 03:16:15.003 14491 14503 I art     : Starting a blocking GC Explicit
08-06 03:16:15.039 14491 14503 I art     : Explicit concurrent mark sweep GC freed 49(1952B) AllocSpace objects, 0(0B) LOS objects, 29% free, 37MB/53MB, paused 1.197ms total 35.320ms
08-06 03:16:15.051 14491 14503 I art     : Starting a blocking GC Explicit
08-06 03:16:15.086 14491 14503 I art     : Explicit concurrent mark sweep GC freed 3(96B) AllocSpace objects, 1(28KB) LOS objects, 29% free, 37MB/53MB, paused 1.101ms total 34.801ms
08-06 03:16:15.098 14491 14503 I art     : Starting a blocking GC Explicit
08-06 03:16:15.133 14491 14503 I art     : Explicit concurrent mark sweep GC freed 3(96B) AllocSpace objects, 0(0B) LOS objects, 29% free, 37MB/53MB, paused 1.101ms total 34.948ms
08-06 03:16:15.472 14491 21624 I art     : Starting a blocking GC Explicit
08-06 03:16:15.511 14491 21624 I art     : Explicit concurrent mark sweep GC freed 3142(163KB) AllocSpace objects, 1(20KB) LOS objects, 29% free, 37MB/53MB, paused 1.251ms total 39.358ms
08-06 03:16:15.523 14491 21624 I art     : Starting a blocking GC Explicit
08-06 03:16:15.562 14491 21624 I art     : Explicit concurrent mark sweep GC freed 155(7KB) AllocSpace objects, 0(0B) LOS objects, 29% free, 37MB/53MB, paused 1.215ms total 38.257ms
08-06 03:16:15.574 14491 21624 I art     : Starting a blocking GC Explicit
08-06 03:16:15.615 14491 21624 I art     : Explicit concurrent mark sweep GC freed 9(288B) AllocSpace objects, 0(0B) LOS objects, 29% free, 37MB/53MB, paused 1.168ms total 40.668ms
08-06 03:16:15.629 14491 21624 I art     : Starting a blocking GC Explicit
08-06 03:16:15.672 14491 21624 I art     : Explicit concurrent mark sweep GC freed 11(352B) AllocSpace objects, 0(0B) LOS objects, 29% free, 37MB/53MB, paused 1.329ms total 43.176ms
08-06 03:16:15.685 14491 21624 I art     : Starting a blocking GC Explicit
08-06 03:16:15.729 14491 21624 I art     : Explicit concurrent mark sweep GC freed 9(288B) AllocSpace objects, 0(0B) LOS objects, 29% free, 37MB/53MB, paused 1.339ms total 42.873ms
08-06 03:16:15.799 14548 14548 W Atfwd_Sendcmd: AtCmdFwd service not published, waiting... retryCnt : 4
08-06 03:16:16.067 14491 14502 I art     : Starting a blocking GC Explicit
08-06 03:16:16.110 14491 14502 I art     : Explicit concurrent mark sweep GC freed 1649(92KB) AllocSpace objects, 1(20KB) LOS objects, 29% free, 37MB/53MB, paused 2.094ms total 42.589ms
08-06 03:16:16.122 14491 14502 I art     : Starting a blocking GC Explicit
08-06 03:16:16.165 14491 14502 I art     : Explicit concurrent mark sweep GC freed 48(1680B) AllocSpace objects, 0(0B) LOS objects, 29% free, 37MB/53MB, paused 1.283ms total 43.046ms
08-06 03:16:16.179 14491 14502 I art     : Starting a blocking GC Explicit
08-06 03:16:16.222 14491 14502 I art     : Explicit concurrent mark sweep GC freed 11(352B) AllocSpace objects, 0(0B) LOS objects, 29% free, 37MB/53MB, paused 1.332ms total 41.978ms
08-06 03:16:16.235 14491 14502 I art     : Starting a blocking GC Explicit
08-06 03:16:16.278 14491 14502 I art     : Explicit concurrent mark sweep GC freed 9(288B) AllocSpace objects, 0(0B) LOS objects, 29% free, 37MB/53MB, paused 1.421ms total 42.964ms
08-06 03:16:16.291 14491 14502 I art     : Starting a blocking GC Explicit
08-06 03:16:16.333 14491 14502 I art     : Explicit concurrent mark sweep GC freed 9(288B) AllocSpace objects, 0(0B) LOS objects, 29% free, 37MB/53MB, paused 1.253ms total 41.836ms
08-06 03:16:16.432 14491 22291 E baseline.com.newsblur.network.APIResponse: Error (unexpected end of stream on https://www.newsblur.com/...) calling https://www.newsblur.com/reader/mark_story_hashes_as_read/
08-06 03:16:16.432 14491 22291 E baseline.com.newsblur.network.APIResponse: java.io.IOException: unexpected end of stream on https://www.newsblur.com/...
08-06 03:16:16.432 14491 22291 E baseline.com.newsblur.network.APIResponse: 	at okhttp3.internal.http1.Http1ExchangeCodec.readResponseHeaders(Http1ExchangeCodec.java:236)
08-06 03:16:16.432 14491 22291 E baseline.com.newsblur.network.APIResponse: 	at okhttp3.internal.connection.Exchange.readResponseHeaders(Exchange.java:115)
08-06 03:16:16.432 14491 22291 E baseline.com.newsblur.network.APIResponse: 	at okhttp3.internal.http.CallServerInterceptor.intercept(CallServerInterceptor.java:94)
08-06 03:16:16.432 14491 22291 E baseline.com.newsblur.network.APIResponse: 	at okhttp3.internal.http.RealInterceptorChain.proceed(RealInterceptorChain.java:142)
08-06 03:16:16.432 14491 22291 E baseline.com.newsblur.network.APIResponse: 	at okhttp3.internal.connection.ConnectInterceptor.intercept(ConnectInterceptor.java:43)
08-06 03:16:16.432 14491 22291 E baseline.com.newsblur.network.APIResponse: 	at okhttp3.internal.http.RealInterceptorChain.proceed(RealInterceptorChain.java:142)
08-06 03:16:16.432 14491 22291 E baseline.com.newsblur.network.APIResponse: 	at okhttp3.internal.http.RealInterceptorChain.proceed(RealInterceptorChain.java:117)
08-06 03:16:16.432 14491 22291 E baseline.com.newsblur.network.APIResponse: 	at okhttp3.internal.cache.CacheInterceptor.intercept(CacheInterceptor.java:94)
08-06 03:16:16.432 14491 22291 E baseline.com.newsblur.network.APIResponse: 	at okhttp3.internal.http.RealInterceptorChain.proceed(RealInterceptorChain.java:142)
08-06 03:16:16.432 14491 22291 E baseline.com.newsblur.network.APIResponse: 	at okhttp3.internal.http.RealInterceptorChain.proceed(RealInterceptorChain.java:117)
08-06 03:16:16.432 14491 22291 E baseline.com.newsblur.network.APIResponse: 	at okhttp3.internal.http.BridgeInterceptor.intercept(BridgeInterceptor.java:93)
08-06 03:16:16.432 14491 22291 E baseline.com.newsblur.network.APIResponse: 	at okhttp3.internal.http.RealInterceptorChain.proceed(RealInterceptorChain.java:142)
08-06 03:16:16.432 14491 22291 E baseline.com.newsblur.network.APIResponse: 	at okhttp3.internal.http.RetryAndFollowUpInterceptor.intercept(RetryAndFollowUpInterceptor.java:88)
08-06 03:16:16.432 14491 22291 E baseline.com.newsblur.network.APIResponse: 	at okhttp3.internal.http.RealInterceptorChain.proceed(RealInterceptorChain.java:142)
08-06 03:16:16.432 14491 22291 E baseline.com.newsblur.network.APIResponse: 	at okhttp3.internal.http.RealInterceptorChain.proceed(RealInterceptorChain.java:117)
08-06 03:16:16.432 14491 22291 E baseline.com.newsblur.network.APIResponse: 	at okhttp3.RealCall.getResponseWithInterceptorChain(RealCall.java:229)
08-06 03:16:16.432 14491 22291 E baseline.com.newsblur.network.APIResponse: 	at okhttp3.RealCall.execute(RealCall.java:81)
08-06 03:16:16.432 14491 22291 E baseline.com.newsblur.network.APIResponse: 	at baseline.com.newsblur.network.APIResponse.<init>(APIResponse.java:57)
08-06 03:16:16.432 14491 22291 E baseline.com.newsblur.network.APIResponse: 	at baseline.com.newsblur.network.APIResponse.<init>(APIResponse.java:43)
08-06 03:16:16.432 14491 22291 E baseline.com.newsblur.network.APIResponse: 	at baseline.com.newsblur.network.APIManager.post_single(APIManager.java:702)
08-06 03:16:16.432 14491 22291 E baseline.com.newsblur.network.APIResponse: 	at baseline.com.newsblur.network.APIManager.post(APIManager.java:675)
08-06 03:16:16.432 14491 22291 E baseline.com.newsblur.network.APIResponse: 	at baseline.com.newsblur.network.APIManager.post(APIManager.java:714)
08-06 03:16:16.432 14491 22291 E baseline.com.newsblur.network.APIResponse: 	at baseline.com.newsblur.network.APIManager.markStoryAsRead(APIManager.java:205)
08-06 03:16:16.432 14491 22291 E baseline.com.newsblur.network.APIResponse: 	at baseline.com.newsblur.util.ReadingAction.doRemote(ReadingAction.java:281)
08-06 03:16:16.432 14491 22291 E baseline.com.newsblur.network.APIResponse: 	at baseline.com.newsblur.service.NBSyncService.syncActions(NBSyncService.java:400)
08-06 03:16:16.432 14491 22291 E baseline.com.newsblur.network.APIResponse: 	at baseline.com.newsblur.service.NBSyncService.doSync(NBSyncService.java:298)
08-06 03:16:16.432 14491 22291 E baseline.com.newsblur.network.APIResponse: 	at baseline.com.newsblur.service.NBSyncService.access$100(NBSyncService.java:67)
08-06 03:16:16.432 14491 22291 E baseline.com.newsblur.network.APIResponse: 	at baseline.com.newsblur.service.NBSyncService$1.run(NBSyncService.java:188)
08-06 03:16:16.432 14491 22291 E baseline.com.newsblur.network.APIResponse: 	at java.util.concurrent.ThreadPoolExecutor.runWorker(ThreadPoolExecutor.java:1113)
08-06 03:16:16.432 14491 22291 E baseline.com.newsblur.network.APIResponse: 	at java.util.concurrent.ThreadPoolExecutor$Worker.run(ThreadPoolExecutor.java:588)
08-06 03:16:16.432 14491 22291 E baseline.com.newsblur.network.APIResponse: 	at java.lang.Thread.run(Thread.java:818)
08-06 03:16:16.432 14491 22291 E baseline.com.newsblur.network.APIResponse: Caused by: java.io.EOFException: \n not found: limit=0 content=
08-06 03:16:16.432 14491 22291 E baseline.com.newsblur.network.APIResponse: 	at okio.RealBufferedSource.readUtf8LineStrict(RealBufferedSource.java:240)
08-06 03:16:16.432 14491 22291 E baseline.com.newsblur.network.APIResponse: 	at okhttp3.internal.http1.Http1ExchangeCodec.readHeaderLine(Http1ExchangeCodec.java:242)
08-06 03:16:16.432 14491 22291 E baseline.com.newsblur.network.APIResponse: 	at okhttp3.internal.http1.Http1ExchangeCodec.readResponseHeaders(Http1ExchangeCodec.java:213)
08-06 03:16:16.432 14491 22291 E baseline.com.newsblur.network.APIResponse: 	... 30 more
08-06 03:16:16.434 14491 22291 I baseline.com.newsblur.service.NBSyncService: Holding reading action with server-side or network error.
08-06 03:16:16.450 14491 22291 W baseline.com.newsblur.service.NBSyncService: hard API failure
08-06 03:16:16.544 22407 22407 D AndroidRuntime: >>>>>> START com.android.internal.os.RuntimeInit uid 2000 <<<<<<
08-06 03:16:16.550 22407 22407 D AndroidRuntime: CheckJNI is OFF
08-06 03:16:16.591 22407 22407 D ICU     : No timezone override file found: /data/misc/zoneinfo/current/icu/icu_tzdata.dat
08-06 03:16:16.633 22407 22407 I Radio-JNI: register_android_hardware_Radio DONE
08-06 03:16:16.662 22407 22407 D AndroidRuntime: Calling main entry com.android.commands.input.Input
08-06 03:16:16.664 22407 22407 I Input   : injectKeyEvent: KeyEvent { action=ACTION_DOWN, keyCode=KEYCODE_BACK, scanCode=0, metaState=0, flags=0x0, repeatCount=0, eventTime=846993077, downTime=846993077, deviceId=-1, source=0x101 }
08-06 03:16:16.669 22407 22407 I Input   : injectKeyEvent: KeyEvent { action=ACTION_UP, keyCode=KEYCODE_BACK, scanCode=0, metaState=0, flags=0x0, repeatCount=0, eventTime=846993077, downTime=846993077, deviceId=-1, source=0x101 }
08-06 03:16:16.676 22407 22407 D AndroidRuntime: Shutting down VM
08-06 03:16:16.682 14491 21624 I art     : Starting a blocking GC Explicit
08-06 03:16:16.724 14491 21624 I art     : Explicit concurrent mark sweep GC freed 4692(472KB) AllocSpace objects, 9(180KB) LOS objects, 29% free, 37MB/53MB, paused 1.399ms total 40.899ms
08-06 03:16:16.736 14491 21624 I art     : Starting a blocking GC Explicit
08-06 03:16:16.777 14491 21624 I art     : Explicit concurrent mark sweep GC freed 159(5KB) AllocSpace objects, 0(0B) LOS objects, 29% free, 37MB/53MB, paused 1.415ms total 41.014ms
08-06 03:16:16.790 14491 21624 I art     : Starting a blocking GC Explicit
08-06 03:16:16.832 14491 21624 I art     : Explicit concurrent mark sweep GC freed 2068(145KB) AllocSpace objects, 4(80KB) LOS objects, 29% free, 37MB/53MB, paused 1.302ms total 41.621ms
08-06 03:16:16.844 14491 21624 I art     : Starting a blocking GC Explicit
08-06 03:16:16.881 13866 13866 I GoogleInputMethodServic: GoogleInputMethodService.onFinishInput():3138 
08-06 03:16:16.881 13866 13866 I GoogleInputMethodServic: GoogleInputMethodService.onStartInput():1808 
08-06 03:16:16.894 14491 21624 I art     : Explicit concurrent mark sweep GC freed 6485(382KB) AllocSpace objects, 4(80KB) LOS objects, 29% free, 37MB/53MB, paused 4.189ms total 50.464ms
08-06 03:16:16.911 14491 21624 I art     : Starting a blocking GC Explicit
08-06 03:16:16.938 14491 22291 E baseline.com.newsblur.network.APIResponse: Error (unexpected end of stream on https://www.newsblur.com/...) calling https://www.newsblur.com/reader/mark_story_hashes_as_read/
08-06 03:16:16.938 14491 22291 E baseline.com.newsblur.network.APIResponse: java.io.IOException: unexpected end of stream on https://www.newsblur.com/...
08-06 03:16:16.938 14491 22291 E baseline.com.newsblur.network.APIResponse: 	at okhttp3.internal.http1.Http1ExchangeCodec.readResponseHeaders(Http1ExchangeCodec.java:236)
08-06 03:16:16.938 14491 22291 E baseline.com.newsblur.network.APIResponse: 	at okhttp3.internal.connection.Exchange.readResponseHeaders(Exchange.java:115)
08-06 03:16:16.938 14491 22291 E baseline.com.newsblur.network.APIResponse: 	at okhttp3.internal.http.CallServerInterceptor.intercept(CallServerInterceptor.java:94)
08-06 03:16:16.938 14491 22291 E baseline.com.newsblur.network.APIResponse: 	at okhttp3.internal.http.RealInterceptorChain.proceed(RealInterceptorChain.java:142)
08-06 03:16:16.938 14491 22291 E baseline.com.newsblur.network.APIResponse: 	at okhttp3.internal.connection.ConnectInterceptor.intercept(ConnectInterceptor.java:43)
08-06 03:16:16.938 14491 22291 E baseline.com.newsblur.network.APIResponse: 	at okhttp3.internal.http.RealInterceptorChain.proceed(RealInterceptorChain.java:142)
08-06 03:16:16.938 14491 22291 E baseline.com.newsblur.network.APIResponse: 	at okhttp3.internal.http.RealInterceptorChain.proceed(RealInterceptorChain.java:117)
08-06 03:16:16.938 14491 22291 E baseline.com.newsblur.network.APIResponse: 	at okhttp3.internal.cache.CacheInterceptor.intercept(CacheInterceptor.java:94)
08-06 03:16:16.938 14491 22291 E baseline.com.newsblur.network.APIResponse: 	at okhttp3.internal.http.RealInterceptorChain.proceed(RealInterceptorChain.java:142)
08-06 03:16:16.938 14491 22291 E baseline.com.newsblur.network.APIResponse: 	at okhttp3.internal.http.RealInterceptorChain.proceed(RealInterceptorChain.java:117)
08-06 03:16:16.938 14491 22291 E baseline.com.newsblur.network.APIResponse: 	at okhttp3.internal.http.BridgeInterceptor.intercept(BridgeInterceptor.java:93)
08-06 03:16:16.938 14491 22291 E baseline.com.newsblur.network.APIResponse: 	at okhttp3.internal.http.RealInterceptorChain.proceed(RealInterceptorChain.java:142)
08-06 03:16:16.938 14491 22291 E baseline.com.newsblur.network.APIResponse: 	at okhttp3.internal.http.RetryAndFollowUpInterceptor.intercept(RetryAndFollowUpInterceptor.java:88)
08-06 03:16:16.938 14491 22291 E baseline.com.newsblur.network.APIResponse: 	at okhttp3.internal.http.RealInterceptorChain.proceed(RealInterceptorChain.java:142)
08-06 03:16:16.938 14491 22291 E baseline.com.newsblur.network.APIResponse: 	at okhttp3.internal.http.RealInterceptorChain.proceed(RealInterceptorChain.java:117)
08-06 03:16:16.938 14491 22291 E baseline.com.newsblur.network.APIResponse: 	at okhttp3.RealCall.getResponseWithInterceptorChain(RealCall.java:229)
08-06 03:16:16.938 14491 22291 E baseline.com.newsblur.network.APIResponse: 	at okhttp3.RealCall.execute(RealCall.java:81)
08-06 03:16:16.938 14491 22291 E baseline.com.newsblur.network.APIResponse: 	at baseline.com.newsblur.network.APIResponse.<init>(APIResponse.java:57)
08-06 03:16:16.938 14491 22291 E baseline.com.newsblur.network.APIResponse: 	at baseline.com.newsblur.network.APIResponse.<init>(APIResponse.java:43)
08-06 03:16:16.938 14491 22291 E baseline.com.newsblur.network.APIResponse: 	at baseline.com.newsblur.network.APIManager.post_single(APIManager.java:702)
08-06 03:16:16.938 14491 22291 E baseline.com.newsblur.network.APIResponse: 	at baseline.com.newsblur.network.APIManager.post(APIManager.java:675)
08-06 03:16:16.938 14491 22291 E baseline.com.newsblur.network.APIResponse: 	at baseline.com.newsblur.network.APIManager.post(APIManager.java:714)
08-06 03:16:16.938 14491 22291 E baseline.com.newsblur.network.APIResponse: 	at baseline.com.newsblur.network.APIManager.markStoryAsRead(APIManager.java:205)
08-06 03:16:16.938 14491 22291 E baseline.com.newsblur.network.APIResponse: 	at baseline.com.newsblur.util.ReadingAction.doRemote(ReadingAction.java:281)
08-06 03:16:16.938 14491 22291 E baseline.com.newsblur.network.APIResponse: 	at baseline.com.newsblur.service.NBSyncService.syncActions(NBSyncService.java:400)
08-06 03:16:16.938 14491 22291 E baseline.com.newsblur.network.APIResponse: 	at baseline.com.newsblur.service.NBSyncService.doSync(NBSyncService.java:298)
08-06 03:16:16.938 14491 22291 E baseline.com.newsblur.network.APIResponse: 	at baseline.com.newsblur.service.NBSyncService.access$100(NBSyncService.java:67)
08-06 03:16:16.938 14491 22291 E baseline.com.newsblur.network.APIResponse: 	at baseline.com.newsblur.service.NBSyncService$1.run(NBSyncService.java:188)
08-06 03:16:16.938 14491 22291 E baseline.com.newsblur.network.APIResponse: 	at java.util.concurrent.ThreadPoolExecutor.runWorker(ThreadPoolExecutor.java:1113)
08-06 03:16:16.938 14491 22291 E baseline.com.newsblur.network.APIResponse: 	at java.util.concurrent.ThreadPoolExecutor$Worker.run(ThreadPoolExecutor.java:588)
08-06 03:16:16.938 14491 22291 E baseline.com.newsblur.network.APIResponse: 	at java.lang.Thread.run(Thread.java:818)
08-06 03:16:16.938 14491 22291 E baseline.com.newsblur.network.APIResponse: Caused by: java.io.EOFException: \n not found: limit=0 content=
08-06 03:16:16.938 14491 22291 E baseline.com.newsblur.network.APIResponse: 	at okio.RealBufferedSource.readUtf8LineStrict(RealBufferedSource.java:240)
08-06 03:16:16.938 14491 22291 E baseline.com.newsblur.network.APIResponse: 	at okhttp3.internal.http1.Http1ExchangeCodec.readHeaderLine(Http1ExchangeCodec.java:242)
08-06 03:16:16.938 14491 22291 E baseline.com.newsblur.network.APIResponse: 	at okhttp3.internal.http1.Http1ExchangeCodec.readResponseHeaders(Http1ExchangeCodec.java:213)
08-06 03:16:16.938 14491 22291 E baseline.com.newsblur.network.APIResponse: 	... 30 more
08-06 03:16:16.939 14491 22291 I baseline.com.newsblur.network.APIManager: API call failed, pausing before retry number 1
08-06 03:16:16.950 14491 21624 I art     : Explicit concurrent mark sweep GC freed 1931(250KB) AllocSpace objects, 2(40KB) LOS objects, 29% free, 37MB/53MB, paused 1.234ms total 38.989ms
08-06 03:16:17.276 14491 21624 I art     : Starting a blocking GC Explicit
08-06 03:16:17.320 14491 21624 I art     : Explicit concurrent mark sweep GC freed 2017(119KB) AllocSpace objects, 1(20KB) LOS objects, 29% free, 37MB/53MB, paused 1.672ms total 44.062ms
08-06 03:16:17.333 14491 21624 I art     : Starting a blocking GC Explicit
08-06 03:16:17.376 14491 21624 I art     : Explicit concurrent mark sweep GC freed 190(8KB) AllocSpace objects, 0(0B) LOS objects, 29% free, 37MB/53MB, paused 1.358ms total 42.477ms
08-06 03:16:17.389 14491 21624 I art     : Starting a blocking GC Explicit
08-06 03:16:17.433 14491 21624 I art     : Explicit concurrent mark sweep GC freed 8(256B) AllocSpace objects, 0(0B) LOS objects, 29% free, 37MB/53MB, paused 1.282ms total 43.873ms
08-06 03:16:17.446 14491 21624 I art     : Starting a blocking GC Explicit
08-06 03:16:17.488 14491 21624 I art     : Explicit concurrent mark sweep GC freed 11(352B) AllocSpace objects, 0(0B) LOS objects, 29% free, 37MB/53MB, paused 1.240ms total 41.663ms
08-06 03:16:17.502 14491 21624 I art     : Starting a blocking GC Explicit
08-06 03:16:17.543 14491 21624 I art     : Explicit concurrent mark sweep GC freed 9(288B) AllocSpace objects, 0(0B) LOS objects, 29% free, 37MB/53MB, paused 1.324ms total 41.324ms
08-06 03:16:17.897 14491 14503 I art     : Starting a blocking GC Explicit
08-06 03:16:17.941 14491 14503 I art     : Explicit concurrent mark sweep GC freed 1484(84KB) AllocSpace objects, 1(20KB) LOS objects, 29% free, 37MB/53MB, paused 1.211ms total 43.454ms
08-06 03:16:17.954 14491 14503 I art     : Starting a blocking GC Explicit
08-06 03:16:17.992 14491 14503 I art     : Explicit concurrent mark sweep GC freed 28(976B) AllocSpace objects, 0(0B) LOS objects, 29% free, 37MB/53MB, paused 1.284ms total 38.001ms
08-06 03:16:18.004 14491 14503 I art     : Starting a blocking GC Explicit
08-06 03:16:18.044 14491 14503 I art     : Explicit concurrent mark sweep GC freed 9(288B) AllocSpace objects, 0(0B) LOS objects, 29% free, 37MB/53MB, paused 1.307ms total 40.080ms
08-06 03:16:18.056 14491 14503 I art     : Starting a blocking GC Explicit
08-06 03:16:18.097 14491 14503 I art     : Explicit concurrent mark sweep GC freed 9(288B) AllocSpace objects, 0(0B) LOS objects, 29% free, 37MB/53MB, paused 1.276ms total 40.191ms
08-06 03:16:18.109 14491 14503 I art     : Starting a blocking GC Explicit
08-06 03:16:18.150 14491 14503 I art     : Explicit concurrent mark sweep GC freed 9(288B) AllocSpace objects, 0(0B) LOS objects, 29% free, 37MB/53MB, paused 1.268ms total 40.029ms
08-06 03:16:18.442 22450 22450 D AndroidRuntime: >>>>>> START com.android.internal.os.RuntimeInit uid 2000 <<<<<<
08-06 03:16:18.448 22450 22450 D AndroidRuntime: CheckJNI is OFF
08-06 03:16:18.492 22450 22450 D ICU     : No timezone override file found: /data/misc/zoneinfo/current/icu/icu_tzdata.dat
08-06 03:16:18.518 14491 14503 I art     : Starting a blocking GC Explicit
08-06 03:16:18.535 22450 22450 I Radio-JNI: register_android_hardware_Radio DONE
08-06 03:16:18.563 14491 14503 I art     : Explicit concurrent mark sweep GC freed 1611(91KB) AllocSpace objects, 1(20KB) LOS objects, 29% free, 37MB/53MB, paused 1.344ms total 44.729ms
08-06 03:16:18.565 22450 22450 D AndroidRuntime: Calling main entry com.android.commands.input.Input
08-06 03:16:18.568 22450 22450 I Input   : injectMotionEvent: MotionEvent { action=ACTION_DOWN, actionButton=0, id[0]=0, x[0]=594.0, y[0]=330.0, toolType[0]=TOOL_TYPE_UNKNOWN, buttonState=0, metaState=0, flags=0x0, edgeFlags=0x0, pointerCount=1, historySize=0, eventTime=846994980, downTime=846994980, deviceId=0, source=0x1002 }
08-06 03:16:18.576 14491 14503 I art     : Starting a blocking GC Explicit
08-06 03:16:18.577 22450 22450 I Input   : injectMotionEvent: MotionEvent { action=ACTION_UP, actionButton=0, id[0]=0, x[0]=594.0, y[0]=330.0, toolType[0]=TOOL_TYPE_UNKNOWN, buttonState=0, metaState=0, flags=0x0, edgeFlags=0x0, pointerCount=1, historySize=0, eventTime=846994980, downTime=846994980, deviceId=0, source=0x1002 }
08-06 03:16:18.579 22450 22450 D AndroidRuntime: Shutting down VM
08-06 03:16:18.618 14491 14503 I art     : Explicit concurrent mark sweep GC freed 72(2928B) AllocSpace objects, 0(0B) LOS objects, 29% free, 37MB/53MB, paused 1.389ms total 42.056ms
08-06 03:16:18.630 14491 14503 I art     : Starting a blocking GC Explicit
08-06 03:16:18.646   918  6110 I ActivityManager: START u0 {cmp=baseline.com.newsblur/.activity.GlobalSharedStoriesItemsList (has extras)} from uid 10698 on display 0
08-06 03:16:18.671 14491 21615 I baseline.com.newsblur.database.BlurDatabaseHelper: reading session reset
08-06 03:16:18.674 14491 14503 I art     : Explicit concurrent mark sweep GC freed 702(87KB) AllocSpace objects, 2(40KB) LOS objects, 29% free, 37MB/53MB, paused 1.884ms total 43.386ms
08-06 03:16:18.687 14491 14503 I art     : Starting a blocking GC Explicit
08-06 03:16:18.728 14491 14503 I art     : Explicit concurrent mark sweep GC freed 1208(85KB) AllocSpace objects, 3(152KB) LOS objects, 29% free, 37MB/53MB, paused 1.402ms total 41.230ms
08-06 03:16:18.740 14491 14503 I art     : Starting a blocking GC Explicit
08-06 03:16:18.782 14491 14503 I art     : Explicit concurrent mark sweep GC freed 151(8KB) AllocSpace objects, 0(0B) LOS objects, 29% free, 37MB/53MB, paused 1.374ms total 41.536ms
08-06 03:16:18.873 14491 14491 W View    : requestLayout() improperly called by android.widget.FrameLayout{d51790d V.E...... ......ID 0,0-1440,18 #7f07003f app:id/footer_view_inner} during layout: running second layout pass
08-06 03:16:18.873 14491 14491 W View    : requestLayout() improperly called by android.widget.FrameLayout{ba0b0c2 V.E...... ......ID 0,0-1440,2091 #7f07003f app:id/footer_view_inner} during layout: running second layout pass
08-06 03:16:18.894   918   936 I ActivityManager: Displayed baseline.com.newsblur/.activity.GlobalSharedStoriesItemsList: +239ms
08-06 03:16:18.895 13866 13866 I GoogleInputMethodServic: GoogleInputMethodService.onFinishInput():3138 
08-06 03:16:18.898 13866 13866 I GoogleInputMethodServic: GoogleInputMethodService.onStartInput():1808 
08-06 03:16:18.978 14491 22291 E baseline.com.newsblur.network.APIResponse: Error (unexpected end of stream on https://www.newsblur.com/...) calling https://www.newsblur.com/reader/mark_story_hashes_as_read/
08-06 03:16:18.978 14491 22291 E baseline.com.newsblur.network.APIResponse: java.io.IOException: unexpected end of stream on https://www.newsblur.com/...
08-06 03:16:18.978 14491 22291 E baseline.com.newsblur.network.APIResponse: 	at okhttp3.internal.http1.Http1ExchangeCodec.readResponseHeaders(Http1ExchangeCodec.java:236)
08-06 03:16:18.978 14491 22291 E baseline.com.newsblur.network.APIResponse: 	at okhttp3.internal.connection.Exchange.readResponseHeaders(Exchange.java:115)
08-06 03:16:18.978 14491 22291 E baseline.com.newsblur.network.APIResponse: 	at okhttp3.internal.http.CallServerInterceptor.intercept(CallServerInterceptor.java:94)
08-06 03:16:18.978 14491 22291 E baseline.com.newsblur.network.APIResponse: 	at okhttp3.internal.http.RealInterceptorChain.proceed(RealInterceptorChain.java:142)
08-06 03:16:18.978 14491 22291 E baseline.com.newsblur.network.APIResponse: 	at okhttp3.internal.connection.ConnectInterceptor.intercept(ConnectInterceptor.java:43)
08-06 03:16:18.978 14491 22291 E baseline.com.newsblur.network.APIResponse: 	at okhttp3.internal.http.RealInterceptorChain.proceed(RealInterceptorChain.java:142)
08-06 03:16:18.978 14491 22291 E baseline.com.newsblur.network.APIResponse: 	at okhttp3.internal.http.RealInterceptorChain.proceed(RealInterceptorChain.java:117)
08-06 03:16:18.978 14491 22291 E baseline.com.newsblur.network.APIResponse: 	at okhttp3.internal.cache.CacheInterceptor.intercept(CacheInterceptor.java:94)
08-06 03:16:18.978 14491 22291 E baseline.com.newsblur.network.APIResponse: 	at okhttp3.internal.http.RealInterceptorChain.proceed(RealInterceptorChain.java:142)
08-06 03:16:18.978 14491 22291 E baseline.com.newsblur.network.APIResponse: 	at okhttp3.internal.http.RealInterceptorChain.proceed(RealInterceptorChain.java:117)
08-06 03:16:18.978 14491 22291 E baseline.com.newsblur.network.APIResponse: 	at okhttp3.internal.http.BridgeInterceptor.intercept(BridgeInterceptor.java:93)
08-06 03:16:18.978 14491 22291 E baseline.com.newsblur.network.APIResponse: 	at okhttp3.internal.http.RealInterceptorChain.proceed(RealInterceptorChain.java:142)
08-06 03:16:18.978 14491 22291 E baseline.com.newsblur.network.APIResponse: 	at okhttp3.internal.http.RetryAndFollowUpInterceptor.intercept(RetryAndFollowUpInterceptor.java:88)
08-06 03:16:18.978 14491 22291 E baseline.com.newsblur.network.APIResponse: 	at okhttp3.internal.http.RealInterceptorChain.proceed(RealInterceptorChain.java:142)
08-06 03:16:18.978 14491 22291 E baseline.com.newsblur.network.APIResponse: 	at okhttp3.internal.http.RealInterceptorChain.proceed(RealInterceptorChain.java:117)
08-06 03:16:18.978 14491 22291 E baseline.com.newsblur.network.APIResponse: 	at okhttp3.RealCall.getResponseWithInterceptorChain(RealCall.java:229)
08-06 03:16:18.978 14491 22291 E baseline.com.newsblur.network.APIResponse: 	at okhttp3.RealCall.execute(RealCall.java:81)
08-06 03:16:18.978 14491 22291 E baseline.com.newsblur.network.APIResponse: 	at baseline.com.newsblur.network.APIResponse.<init>(APIResponse.java:57)
08-06 03:16:18.978 14491 22291 E baseline.com.newsblur.network.APIResponse: 	at baseline.com.newsblur.network.APIResponse.<init>(APIResponse.java:43)
08-06 03:16:18.978 14491 22291 E baseline.com.newsblur.network.APIResponse: 	at baseline.com.newsblur.network.APIManager.post_single(APIManager.java:702)
08-06 03:16:18.978 14491 22291 E baseline.com.newsblur.network.APIResponse: 	at baseline.com.newsblur.network.APIManager.post(APIManager.java:675)
08-06 03:16:18.978 14491 22291 E baseline.com.newsblur.network.APIResponse: 	at baseline.com.newsblur.network.APIManager.post(APIManager.java:714)
08-06 03:16:18.978 14491 22291 E baseline.com.newsblur.network.APIResponse: 	at baseline.com.newsblur.network.APIManager.markStoryAsRead(APIManager.java:205)
08-06 03:16:18.978 14491 22291 E baseline.com.newsblur.network.APIResponse: 	at baseline.com.newsblur.util.ReadingAction.doRemote(ReadingAction.java:281)
08-06 03:16:18.978 14491 22291 E baseline.com.newsblur.network.APIResponse: 	at baseline.com.newsblur.service.NBSyncService.syncActions(NBSyncService.java:400)
08-06 03:16:18.978 14491 22291 E baseline.com.newsblur.network.APIResponse: 	at baseline.com.newsblur.service.NBSyncService.doSync(NBSyncService.java:298)
08-06 03:16:18.978 14491 22291 E baseline.com.newsblur.network.APIResponse: 	at baseline.com.newsblur.service.NBSyncService.access$100(NBSyncService.java:67)
08-06 03:16:18.978 14491 22291 E baseline.com.newsblur.network.APIResponse: 	at baseline.com.newsblur.service.NBSyncService$1.run(NBSyncService.java:188)
08-06 03:16:18.978 14491 22291 E baseline.com.newsblur.network.APIResponse: 	at java.util.concurrent.ThreadPoolExecutor.runWorker(ThreadPoolExecutor.java:1113)
08-06 03:16:18.978 14491 22291 E baseline.com.newsblur.network.APIResponse: 	at java.util.concurrent.ThreadPoolExecutor$Worker.run(ThreadPoolExecutor.java:588)
08-06 03:16:18.978 14491 22291 E baseline.com.newsblur.network.APIResponse: 	at java.lang.Thread.run(Thread.java:818)
08-06 03:16:18.978 14491 22291 E baseline.com.newsblur.network.APIResponse: Caused by: java.io.EOFException: \n not found: limit=0 content=
08-06 03:16:18.978 14491 22291 E baseline.com.newsblur.network.APIResponse: 	at okio.RealBufferedSource.readUtf8LineStrict(RealBufferedSource.java:240)
08-06 03:16:18.978 14491 22291 E baseline.com.newsblur.network.APIResponse: 	at okhttp3.internal.http1.Http1ExchangeCodec.readHeaderLine(Http1ExchangeCodec.java:242)
08-06 03:16:18.978 14491 22291 E baseline.com.newsblur.network.APIResponse: 	at okhttp3.internal.http1.Http1ExchangeCodec.readResponseHeaders(Http1ExchangeCodec.java:213)
08-06 03:16:18.978 14491 22291 E baseline.com.newsblur.network.APIResponse: 	... 30 more
08-06 03:16:18.980 14491 22291 I baseline.com.newsblur.network.APIManager: API call failed, pausing before retry number 2
08-06 03:16:18.995 14491 22476 I NAPPA_EXPERIMENTATION: MetricNetworkRequestExecutionTime: REQUEST_DURATION_SYSTEM='38',REQUEST_DURATION_OKHTTP='37',REQUEST_SYNCHRONOUS='TRUE',RESPONSE_CODE='200',RESPONSE_METHOD='GET',RESPONSE_LENGTH_OKHTTP='43',RESPONSE_LENGTH_HEADER='43',REQUEST_PROTOCOL='http/1.1',REQUEST_URL='http://feeds.feedburner.com/~r/retort/~4/UffaFMiJbNs',
08-06 03:16:19.112 14491 14502 I art     : Starting a blocking GC Explicit
08-06 03:16:19.153 14491 14502 I art     : Explicit concurrent mark sweep GC freed 6671(572KB) AllocSpace objects, 13(260KB) LOS objects, 29% free, 37MB/53MB, paused 1.278ms total 40.784ms
08-06 03:16:19.165 14491 14502 I art     : Starting a blocking GC Explicit
08-06 03:16:19.204 14491 14502 I art     : Explicit concurrent mark sweep GC freed 334(13KB) AllocSpace objects, 0(0B) LOS objects, 29% free, 37MB/53MB, paused 1.238ms total 38.894ms
08-06 03:16:19.217 14491 14502 I art     : Starting a blocking GC Explicit
08-06 03:16:19.255 14491 14502 I art     : Explicit concurrent mark sweep GC freed 7(288B) AllocSpace objects, 0(0B) LOS objects, 29% free, 37MB/53MB, paused 1.219ms total 38.354ms
08-06 03:16:19.267 14491 14502 I art     : Starting a blocking GC Explicit
08-06 03:16:19.306 14491 14502 I art     : Explicit concurrent mark sweep GC freed 65(2720B) AllocSpace objects, 0(0B) LOS objects, 29% free, 37MB/53MB, paused 1.212ms total 38.552ms
08-06 03:16:19.319 14491 14502 I art     : Starting a blocking GC Explicit
08-06 03:16:19.358 14491 14502 I art     : Explicit concurrent mark sweep GC freed 135(5KB) AllocSpace objects, 0(0B) LOS objects, 29% free, 37MB/53MB, paused 1.328ms total 38.576ms
08-06 03:16:19.358 14491 14501 I art     : WaitForGcToComplete blocked for 13.701ms for cause HeapTrim
08-06 03:16:19.702 14491 14503 I art     : Starting a blocking GC Explicit
08-06 03:16:19.749 14491 14503 I art     : Explicit concurrent mark sweep GC freed 1443(83KB) AllocSpace objects, 1(20KB) LOS objects, 29% free, 37MB/53MB, paused 1.468ms total 47.041ms
08-06 03:16:19.764 14491 14503 I art     : Starting a blocking GC Explicit
08-06 03:16:19.808 14491 14503 I art     : Explicit concurrent mark sweep GC freed 22(784B) AllocSpace objects, 0(0B) LOS objects, 29% free, 37MB/53MB, paused 1.352ms total 44.180ms
08-06 03:16:19.821 14491 14503 I art     : Starting a blocking GC Explicit
08-06 03:16:19.866 14491 14503 I art     : Explicit concurrent mark sweep GC freed 3(96B) AllocSpace objects, 0(0B) LOS objects, 29% free, 37MB/53MB, paused 1.263ms total 44.907ms
08-06 03:16:19.879 14491 14503 I art     : Starting a blocking GC Explicit
08-06 03:16:19.924 14491 14503 I art     : Explicit concurrent mark sweep GC freed 3(96B) AllocSpace objects, 0(0B) LOS objects, 29% free, 37MB/53MB, paused 1.349ms total 44.517ms
08-06 03:16:19.937 14491 14503 I art     : Starting a blocking GC Explicit
08-06 03:16:19.983 14491 14503 I art     : Explicit concurrent mark sweep GC freed 3(96B) AllocSpace objects, 0(0B) LOS objects, 29% free, 37MB/53MB, paused 1.339ms total 45.567ms
08-06 03:16:20.356 14491 14502 I art     : Starting a blocking GC Explicit
08-06 03:16:20.404 14491 14502 I art     : Explicit concurrent mark sweep GC freed 1470(83KB) AllocSpace objects, 1(20KB) LOS objects, 29% free, 37MB/53MB, paused 1.371ms total 47.766ms
08-06 03:16:20.417 14491 14502 I art     : Starting a blocking GC Explicit
08-06 03:16:20.466 14491 14502 I art     : Explicit concurrent mark sweep GC freed 22(784B) AllocSpace objects, 0(0B) LOS objects, 29% free, 37MB/53MB, paused 1.431ms total 48.557ms
08-06 03:16:20.480 14491 14502 I art     : Starting a blocking GC Explicit
08-06 03:16:20.528 14491 14502 I art     : Explicit concurrent mark sweep GC freed 3(96B) AllocSpace objects, 0(0B) LOS objects, 29% free, 37MB/53MB, paused 1.577ms total 47.900ms
08-06 03:16:20.541 14491 14502 I art     : Starting a blocking GC Explicit
08-06 03:16:20.591 14491 14502 I art     : Explicit concurrent mark sweep GC freed 3(96B) AllocSpace objects, 0(0B) LOS objects, 29% free, 37MB/53MB, paused 1.463ms total 49.603ms
08-06 03:16:20.606 14491 14502 I art     : Starting a blocking GC Explicit
08-06 03:16:20.653 14491 14502 I art     : Explicit concurrent mark sweep GC freed 3(96B) AllocSpace objects, 0(0B) LOS objects, 29% free, 37MB/53MB, paused 1.362ms total 45.818ms
08-06 03:16:20.680   918  3188 I hubconnection: sensorhub said: 'set_bias 3: -5.9136, 0.0000, 0.0000'
08-06 03:16:21.032 14491 22486 I art     : Starting a blocking GC Explicit
08-06 03:16:21.083 14491 22486 I art     : Explicit concurrent mark sweep GC freed 1441(83KB) AllocSpace objects, 1(20KB) LOS objects, 29% free, 37MB/53MB, paused 1.378ms total 50.980ms
08-06 03:16:21.099 14491 22486 I art     : Starting a blocking GC Explicit
08-06 03:16:21.145 14491 22486 I art     : Explicit concurrent mark sweep GC freed 22(784B) AllocSpace objects, 0(0B) LOS objects, 29% free, 37MB/53MB, paused 1.287ms total 45.284ms
08-06 03:16:21.158 14491 22486 I art     : Starting a blocking GC Explicit
08-06 03:16:21.205 14491 22486 I art     : Explicit concurrent mark sweep GC freed 3(96B) AllocSpace objects, 0(0B) LOS objects, 29% free, 37MB/53MB, paused 1.499ms total 47.603ms
08-06 03:16:21.219 14491 22486 I art     : Starting a blocking GC Explicit
08-06 03:16:21.267 14491 22486 I art     : Explicit concurrent mark sweep GC freed 3(96B) AllocSpace objects, 0(0B) LOS objects, 29% free, 37MB/53MB, paused 1.284ms total 47.469ms
08-06 03:16:21.279 14491 22486 I art     : Starting a blocking GC Explicit
08-06 03:16:21.327 14491 22486 I art     : Explicit concurrent mark sweep GC freed 3(96B) AllocSpace objects, 0(0B) LOS objects, 29% free, 37MB/53MB, paused 1.376ms total 46.806ms
08-06 03:16:21.711 14491 14503 I art     : Starting a blocking GC Explicit
08-06 03:16:21.761 14491 14503 I art     : Explicit concurrent mark sweep GC freed 1441(83KB) AllocSpace objects, 1(20KB) LOS objects, 29% free, 37MB/53MB, paused 1.479ms total 49.709ms
08-06 03:16:21.776 14491 14503 I art     : Starting a blocking GC Explicit
08-06 03:16:21.824 14491 14503 I art     : Explicit concurrent mark sweep GC freed 22(784B) AllocSpace objects, 0(0B) LOS objects, 29% free, 37MB/53MB, paused 1.417ms total 47.671ms
08-06 03:16:21.837 14491 14503 I art     : Starting a blocking GC Explicit
08-06 03:16:21.887 14491 14503 I art     : Explicit concurrent mark sweep GC freed 3(96B) AllocSpace objects, 0(0B) LOS objects, 29% free, 37MB/53MB, paused 1.303ms total 49.248ms
08-06 03:16:21.900 14491 14503 I art     : Starting a blocking GC Explicit
08-06 03:16:21.948 14491 14503 I art     : Explicit concurrent mark sweep GC freed 3(96B) AllocSpace objects, 0(0B) LOS objects, 29% free, 37MB/53MB, paused 1.513ms total 47.594ms
08-06 03:16:21.961 14491 14503 I art     : Starting a blocking GC Explicit
08-06 03:16:22.011 14491 14503 I art     : Explicit concurrent mark sweep GC freed 94(3KB) AllocSpace objects, 0(0B) LOS objects, 29% free, 37MB/53MB, paused 1.598ms total 49.045ms
08-06 03:16:22.402 14491 21624 I art     : Starting a blocking GC Explicit
08-06 03:16:22.453 14491 21624 I art     : Explicit concurrent mark sweep GC freed 1520(90KB) AllocSpace objects, 1(20KB) LOS objects, 29% free, 37MB/53MB, paused 1.510ms total 51.084ms
08-06 03:16:22.469 14491 21624 I art     : Starting a blocking GC Explicit
08-06 03:16:22.516 14491 21624 I art     : Explicit concurrent mark sweep GC freed 281(13KB) AllocSpace objects, 0(0B) LOS objects, 29% free, 37MB/53MB, paused 1.420ms total 46.714ms
08-06 03:16:22.528 14491 21624 I art     : Starting a blocking GC Explicit
08-06 03:16:22.576 14491 21624 I art     : Explicit concurrent mark sweep GC freed 1330(50KB) AllocSpace objects, 0(0B) LOS objects, 29% free, 37MB/53MB, paused 1.435ms total 47.119ms
08-06 03:16:22.587 14491 22291 E baseline.com.newsblur.network.APIResponse: Error (unexpected end of stream on https://www.newsblur.com/...) calling https://www.newsblur.com/reader/mark_story_hashes_as_read/
08-06 03:16:22.587 14491 22291 E baseline.com.newsblur.network.APIResponse: java.io.IOException: unexpected end of stream on https://www.newsblur.com/...
08-06 03:16:22.587 14491 22291 E baseline.com.newsblur.network.APIResponse: 	at okhttp3.internal.http1.Http1ExchangeCodec.readResponseHeaders(Http1ExchangeCodec.java:236)
08-06 03:16:22.587 14491 22291 E baseline.com.newsblur.network.APIResponse: 	at okhttp3.internal.connection.Exchange.readResponseHeaders(Exchange.java:115)
08-06 03:16:22.587 14491 22291 E baseline.com.newsblur.network.APIResponse: 	at okhttp3.internal.http.CallServerInterceptor.intercept(CallServerInterceptor.java:94)
08-06 03:16:22.587 14491 22291 E baseline.com.newsblur.network.APIResponse: 	at okhttp3.internal.http.RealInterceptorChain.proceed(RealInterceptorChain.java:142)
08-06 03:16:22.587 14491 22291 E baseline.com.newsblur.network.APIResponse: 	at okhttp3.internal.connection.ConnectInterceptor.intercept(ConnectInterceptor.java:43)
08-06 03:16:22.587 14491 22291 E baseline.com.newsblur.network.APIResponse: 	at okhttp3.internal.http.RealInterceptorChain.proceed(RealInterceptorChain.java:142)
08-06 03:16:22.587 14491 22291 E baseline.com.newsblur.network.APIResponse: 	at okhttp3.internal.http.RealInterceptorChain.proceed(RealInterceptorChain.java:117)
08-06 03:16:22.587 14491 22291 E baseline.com.newsblur.network.APIResponse: 	at okhttp3.internal.cache.CacheInterceptor.intercept(CacheInterceptor.java:94)
08-06 03:16:22.587 14491 22291 E baseline.com.newsblur.network.APIResponse: 	at okhttp3.internal.http.RealInterceptorChain.proceed(RealInterceptorChain.java:142)
08-06 03:16:22.587 14491 22291 E baseline.com.newsblur.network.APIResponse: 	at okhttp3.internal.http.RealInterceptorChain.proceed(RealInterceptorChain.java:117)
08-06 03:16:22.587 14491 22291 E baseline.com.newsblur.network.APIResponse: 	at okhttp3.internal.http.BridgeInterceptor.intercept(BridgeInterceptor.java:93)
08-06 03:16:22.587 14491 22291 E baseline.com.newsblur.network.APIResponse: 	at okhttp3.internal.http.RealInterceptorChain.proceed(RealInterceptorChain.java:142)
08-06 03:16:22.587 14491 22291 E baseline.com.newsblur.network.APIResponse: 	at okhttp3.internal.http.RetryAndFollowUpInterceptor.intercept(RetryAndFollowUpInterceptor.java:88)
08-06 03:16:22.587 14491 22291 E baseline.com.newsblur.network.APIResponse: 	at okhttp3.internal.http.RealInterceptorChain.proceed(RealInterceptorChain.java:142)
08-06 03:16:22.587 14491 22291 E baseline.com.newsblur.network.APIResponse: 	at okhttp3.internal.http.RealInterceptorChain.proceed(RealInterceptorChain.java:117)
08-06 03:16:22.587 14491 22291 E baseline.com.newsblur.network.APIResponse: 	at okhttp3.RealCall.getResponseWithInterceptorChain(RealCall.java:229)
08-06 03:16:22.587 14491 22291 E baseline.com.newsblur.network.APIResponse: 	at okhttp3.RealCall.execute(RealCall.java:81)
08-06 03:16:22.587 14491 22291 E baseline.com.newsblur.network.APIResponse: 	at baseline.com.newsblur.network.APIResponse.<init>(APIResponse.java:57)
08-06 03:16:22.587 14491 22291 E baseline.com.newsblur.network.APIResponse: 	at baseline.com.newsblur.network.APIResponse.<init>(APIResponse.java:43)
08-06 03:16:22.587 14491 22291 E baseline.com.newsblur.network.APIResponse: 	at baseline.com.newsblur.network.APIManager.post_single(APIManager.java:702)
08-06 03:16:22.587 14491 22291 E baseline.com.newsblur.network.APIResponse: 	at baseline.com.newsblur.network.APIManager.post(APIManager.java:675)
08-06 03:16:22.587 14491 22291 E baseline.com.newsblur.network.APIResponse: 	at baseline.com.newsblur.network.APIManager.post(APIManager.java:714)
08-06 03:16:22.587 14491 22291 E baseline.com.newsblur.network.APIResponse: 	at baseline.com.newsblur.network.APIManager.markStoryAsRead(APIManager.java:205)
08-06 03:16:22.587 14491 22291 E baseline.com.newsblur.network.APIResponse: 	at baseline.com.newsblur.util.ReadingAction.doRemote(ReadingAction.java:281)
08-06 03:16:22.587 14491 22291 E baseline.com.newsblur.network.APIResponse: 	at baseline.com.newsblur.service.NBSyncService.syncActions(NBSyncService.java:400)
08-06 03:16:22.587 14491 22291 E baseline.com.newsblur.network.APIResponse: 	at baseline.com.newsblur.service.NBSyncService.doSync(NBSyncService.java:298)
08-06 03:16:22.587 14491 22291 E baseline.com.newsblur.network.APIResponse: 	at baseline.com.newsblur.service.NBSyncService.access$100(NBSyncService.java:67)
08-06 03:16:22.587 14491 22291 E baseline.com.newsblur.network.APIResponse: 	at baseline.com.newsblur.service.NBSyncService$1.run(NBSyncService.java:188)
08-06 03:16:22.587 14491 22291 E baseline.com.newsblur.network.APIResponse: 	at java.util.concurrent.ThreadPoolExecutor.runWorker(ThreadPoolExecutor.java:1113)
08-06 03:16:22.587 14491 22291 E baseline.com.newsblur.network.APIResponse: 	at java.util.concurrent.ThreadPoolExecutor$Worker.run(ThreadPoolExecutor.java:588)
08-06 03:16:22.587 14491 22291 E baseline.com.newsblur.network.APIResponse: 	at java.lang.Thread.run(Thread.java:818)
08-06 03:16:22.587 14491 22291 E baseline.com.newsblur.network.APIResponse: Caused by: java.io.EOFException: \n not found: limit=0 content=
08-06 03:16:22.587 14491 22291 E baseline.com.newsblur.network.APIResponse: 	at okio.RealBufferedSource.readUtf8LineStrict(RealBufferedSource.java:240)
08-06 03:16:22.587 14491 22291 E baseline.com.newsblur.network.APIResponse: 	at okhttp3.internal.http1.Http1ExchangeCodec.readHeaderLine(Http1ExchangeCodec.java:242)
08-06 03:16:22.587 14491 22291 E baseline.com.newsblur.network.APIResponse: 	at okhttp3.internal.http1.Http1ExchangeCodec.readResponseHeaders(Http1ExchangeCodec.java:213)
08-06 03:16:22.587 14491 22291 E baseline.com.newsblur.network.APIResponse: 	... 30 more
08-06 03:16:22.589 14491 21624 I art     : Starting a blocking GC Explicit
08-06 03:16:22.590 14491 22291 I baseline.com.newsblur.service.NBSyncService: Holding reading action with server-side or network error.
08-06 03:16:22.609 14491 22291 W baseline.com.newsblur.service.NBSyncService: hard API failure
08-06 03:16:22.622 14491 22291 I baseline.com.newsblur.service.NBSyncService: recounting dirty feed sets: 1
08-06 03:16:22.634 14491 21624 I art     : Explicit concurrent mark sweep GC freed 1401(261KB) AllocSpace objects, 4(80KB) LOS objects, 29% free, 37MB/53MB, paused 1.576ms total 44.898ms
08-06 03:16:22.647 14491 21624 I art     : Starting a blocking GC Explicit
08-06 03:16:22.691 14491 21624 I art     : Explicit concurrent mark sweep GC freed 587(30KB) AllocSpace objects, 0(0B) LOS objects, 29% free, 37MB/53MB, paused 1.397ms total 43.858ms
08-06 03:16:23.062 14491 14502 I art     : Starting a blocking GC Explicit
08-06 03:16:23.070 14491 22291 E baseline.com.newsblur.network.APIResponse: Error (unexpected end of stream on https://www.newsblur.com/...) calling https://www.newsblur.com/reader/feed_unread_count?feed_id=0
08-06 03:16:23.070 14491 22291 E baseline.com.newsblur.network.APIResponse: java.io.IOException: unexpected end of stream on https://www.newsblur.com/...
08-06 03:16:23.070 14491 22291 E baseline.com.newsblur.network.APIResponse: 	at okhttp3.internal.http1.Http1ExchangeCodec.readResponseHeaders(Http1ExchangeCodec.java:236)
08-06 03:16:23.070 14491 22291 E baseline.com.newsblur.network.APIResponse: 	at okhttp3.internal.connection.Exchange.readResponseHeaders(Exchange.java:115)
08-06 03:16:23.070 14491 22291 E baseline.com.newsblur.network.APIResponse: 	at okhttp3.internal.http.CallServerInterceptor.intercept(CallServerInterceptor.java:94)
08-06 03:16:23.070 14491 22291 E baseline.com.newsblur.network.APIResponse: 	at okhttp3.internal.http.RealInterceptorChain.proceed(RealInterceptorChain.java:142)
08-06 03:16:23.070 14491 22291 E baseline.com.newsblur.network.APIResponse: 	at okhttp3.internal.connection.ConnectInterceptor.intercept(ConnectInterceptor.java:43)
08-06 03:16:23.070 14491 22291 E baseline.com.newsblur.network.APIResponse: 	at okhttp3.internal.http.RealInterceptorChain.proceed(RealInterceptorChain.java:142)
08-06 03:16:23.070 14491 22291 E baseline.com.newsblur.network.APIResponse: 	at okhttp3.internal.http.RealInterceptorChain.proceed(RealInterceptorChain.java:117)
08-06 03:16:23.070 14491 22291 E baseline.com.newsblur.network.APIResponse: 	at okhttp3.internal.cache.CacheInterceptor.intercept(CacheInterceptor.java:94)
08-06 03:16:23.070 14491 22291 E baseline.com.newsblur.network.APIResponse: 	at okhttp3.internal.http.RealInterceptorChain.proceed(RealInterceptorChain.java:142)
08-06 03:16:23.070 14491 22291 E baseline.com.newsblur.network.APIResponse: 	at okhttp3.internal.http.RealInterceptorChain.proceed(RealInterceptorChain.java:117)
08-06 03:16:23.070 14491 22291 E baseline.com.newsblur.network.APIResponse: 	at okhttp3.internal.http.BridgeInterceptor.intercept(BridgeInterceptor.java:93)
08-06 03:16:23.070 14491 22291 E baseline.com.newsblur.network.APIResponse: 	at okhttp3.internal.http.RealInterceptorChain.proceed(RealInterceptorChain.java:142)
08-06 03:16:23.070 14491 22291 E baseline.com.newsblur.network.APIResponse: 	at okhttp3.internal.http.RetryAndFollowUpInterceptor.intercept(RetryAndFollowUpInterceptor.java:88)
08-06 03:16:23.070 14491 22291 E baseline.com.newsblur.network.APIResponse: 	at okhttp3.internal.http.RealInterceptorChain.proceed(RealInterceptorChain.java:142)
08-06 03:16:23.070 14491 22291 E baseline.com.newsblur.network.APIResponse: 	at okhttp3.internal.http.RealInterceptorChain.proceed(RealInterceptorChain.java:117)
08-06 03:16:23.070 14491 22291 E baseline.com.newsblur.network.APIResponse: 	at okhttp3.RealCall.getResponseWithInterceptorChain(RealCall.java:229)
08-06 03:16:23.070 14491 22291 E baseline.com.newsblur.network.APIResponse: 	at okhttp3.RealCall.execute(RealCall.java:81)
08-06 03:16:23.070 14491 22291 E baseline.com.newsblur.network.APIResponse: 	at baseline.com.newsblur.network.APIResponse.<init>(APIResponse.java:57)
08-06 03:16:23.070 14491 22291 E baseline.com.newsblur.network.APIResponse: 	at baseline.com.newsblur.network.APIManager.get_single(APIManager.java:639)
08-06 03:16:23.070 14491 22291 E baseline.com.newsblur.network.APIResponse: 	at baseline.com.newsblur.network.APIManager.get(APIManager.java:625)
08-06 03:16:23.070 14491 22291 E baseline.com.newsblur.network.APIResponse: 	at baseline.com.newsblur.network.APIManager.get(APIManager.java:667)
08-06 03:16:23.070 14491 22291 E baseline.com.newsblur.network.APIResponse: 	at baseline.com.newsblur.network.APIManager.getFeedUnreadCounts(APIManager.java:274)
08-06 03:16:23.070 14491 22291 E baseline.com.newsblur.network.APIResponse: 	at baseline.com.newsblur.service.NBSyncService.checkRecounts(NBSyncService.java:660)
08-06 03:16:23.070 14491 22291 E baseline.com.newsblur.network.APIResponse: 	at baseline.com.newsblur.service.NBSyncService.doSync(NBSyncService.java:310)
08-06 03:16:23.070 14491 22291 E baseline.com.newsblur.network.APIResponse: 	at baseline.com.newsblur.service.NBSyncService.access$100(NBSyncService.java:67)
08-06 03:16:23.070 14491 22291 E baseline.com.newsblur.network.APIResponse: 	at baseline.com.newsblur.service.NBSyncService$1.run(NBSyncService.java:188)
08-06 03:16:23.070 14491 22291 E baseline.com.newsblur.network.APIResponse: 	at java.util.concurrent.ThreadPoolExecutor.runWorker(ThreadPoolExecutor.java:1113)
08-06 03:16:23.070 14491 22291 E baseline.com.newsblur.network.APIResponse: 	at java.util.concurrent.ThreadPoolExecutor$Worker.run(ThreadPoolExecutor.java:588)
08-06 03:16:23.070 14491 22291 E baseline.com.newsblur.network.APIResponse: 	at java.lang.Thread.run(Thread.java:818)
08-06 03:16:23.070 14491 22291 E baseline.com.newsblur.network.APIResponse: Caused by: java.io.EOFException: \n not found: limit=0 content=
08-06 03:16:23.070 14491 22291 E baseline.com.newsblur.network.APIResponse: 	at okio.RealBufferedSource.readUtf8LineStrict(RealBufferedSource.java:240)
08-06 03:16:23.070 14491 22291 E baseline.com.newsblur.network.APIResponse: 	at okhttp3.internal.http1.Http1ExchangeCodec.readHeaderLine(Http1ExchangeCodec.java:242)
08-06 03:16:23.070 14491 22291 E baseline.com.newsblur.network.APIResponse: 	at okhttp3.internal.http1.Http1ExchangeCodec.readResponseHeaders(Http1ExchangeCodec.java:213)
08-06 03:16:23.070 14491 22291 E baseline.com.newsblur.network.APIResponse: 	... 28 more
08-06 03:16:23.072 14491 22291 I baseline.com.newsblur.network.APIManager: API call failed, pausing before retry number 1
08-06 03:16:23.109 14491 14502 I art     : Explicit concurrent mark sweep GC freed 3867(341KB) AllocSpace objects, 3(60KB) LOS objects, 29% free, 37MB/53MB, paused 1.489ms total 46.317ms
08-06 03:16:23.122 14491 14502 I art     : Starting a blocking GC Explicit
08-06 03:16:23.170 14491 14502 I art     : Explicit concurrent mark sweep GC freed 166(18KB) AllocSpace objects, 0(0B) LOS objects, 29% free, 37MB/53MB, paused 1.461ms total 47.445ms
08-06 03:16:23.184 14491 14502 I art     : Starting a blocking GC Explicit
08-06 03:16:23.233 14491 14502 I art     : Explicit concurrent mark sweep GC freed 25(832B) AllocSpace objects, 0(0B) LOS objects, 29% free, 37MB/53MB, paused 1.366ms total 48.964ms
08-06 03:16:23.247 14491 14502 I art     : Starting a blocking GC Explicit
08-06 03:16:23.295 14491 14502 I art     : Explicit concurrent mark sweep GC freed 3(96B) AllocSpace objects, 0(0B) LOS objects, 29% free, 37MB/53MB, paused 1.427ms total 48.409ms
08-06 03:16:23.309 14491 14502 I art     : Starting a blocking GC Explicit
08-06 03:16:23.359 14491 14502 I art     : Explicit concurrent mark sweep GC freed 3(96B) AllocSpace objects, 0(0B) LOS objects, 29% free, 37MB/53MB, paused 1.511ms total 49.728ms
08-06 03:16:23.750 14491 22486 I art     : Starting a blocking GC Explicit
08-06 03:16:23.799 14491 22486 I art     : Explicit concurrent mark sweep GC freed 1439(82KB) AllocSpace objects, 1(20KB) LOS objects, 29% free, 37MB/53MB, paused 1.486ms total 48.031ms
08-06 03:16:23.812 14491 22486 I art     : Starting a blocking GC Explicit
08-06 03:16:23.861 14491 22486 I art     : Explicit concurrent mark sweep GC freed 22(784B) AllocSpace objects, 0(0B) LOS objects, 29% free, 37MB/53MB, paused 1.455ms total 48.640ms
08-06 03:16:23.875 14491 22486 I art     : Starting a blocking GC Explicit
08-06 03:16:23.922 14491 22486 I art     : Explicit concurrent mark sweep GC freed 3(96B) AllocSpace objects, 0(0B) LOS objects, 29% free, 37MB/53MB, paused 1.441ms total 46.974ms
08-06 03:16:23.935 14491 22486 I art     : Starting a blocking GC Explicit
08-06 03:16:23.985 14491 22486 I art     : Explicit concurrent mark sweep GC freed 3(96B) AllocSpace objects, 0(0B) LOS objects, 29% free, 37MB/53MB, paused 1.426ms total 49.569ms
08-06 03:16:24.000 14491 22486 I art     : Starting a blocking GC Explicit
08-06 03:16:24.047 14491 22486 I art     : Explicit concurrent mark sweep GC freed 3(96B) AllocSpace objects, 0(0B) LOS objects, 29% free, 37MB/53MB, paused 1.397ms total 46.491ms
08-06 03:16:24.409 14491 14503 I art     : Starting a blocking GC Explicit
08-06 03:16:24.458 14491 14503 I art     : Explicit concurrent mark sweep GC freed 1438(82KB) AllocSpace objects, 1(20KB) LOS objects, 29% free, 37MB/53MB, paused 1.647ms total 48.972ms
08-06 03:16:24.475 14491 14503 I art     : Starting a blocking GC Explicit
08-06 03:16:24.521 14491 14503 I art     : Explicit concurrent mark sweep GC freed 22(784B) AllocSpace objects, 0(0B) LOS objects, 29% free, 37MB/53MB, paused 1.308ms total 45.507ms
08-06 03:16:24.533 14491 14503 I art     : Starting a blocking GC Explicit
08-06 03:16:24.581 14491 14503 I art     : Explicit concurrent mark sweep GC freed 95(3KB) AllocSpace objects, 0(0B) LOS objects, 29% free, 37MB/53MB, paused 1.939ms total 47.892ms
08-06 03:16:24.595 14491 14503 I art     : Starting a blocking GC Explicit
08-06 03:16:24.641 14491 14503 I art     : Explicit concurrent mark sweep GC freed 10(368B) AllocSpace objects, 0(0B) LOS objects, 29% free, 37MB/53MB, paused 1.352ms total 46.517ms
08-06 03:16:24.654 14491 14503 I art     : Starting a blocking GC Explicit
08-06 03:16:24.703 14491 14503 I art     : Explicit concurrent mark sweep GC freed 68(4KB) AllocSpace objects, 0(0B) LOS objects, 29% free, 37MB/53MB, paused 1.478ms total 48.676ms
08-06 03:16:25.086 14491 21624 I art     : Starting a blocking GC Explicit
08-06 03:16:25.116 14491 22291 E baseline.com.newsblur.network.APIResponse: Error (unexpected end of stream on https://www.newsblur.com/...) calling https://www.newsblur.com/reader/feed_unread_count?feed_id=0
08-06 03:16:25.116 14491 22291 E baseline.com.newsblur.network.APIResponse: java.io.IOException: unexpected end of stream on https://www.newsblur.com/...
08-06 03:16:25.116 14491 22291 E baseline.com.newsblur.network.APIResponse: 	at okhttp3.internal.http1.Http1ExchangeCodec.readResponseHeaders(Http1ExchangeCodec.java:236)
08-06 03:16:25.116 14491 22291 E baseline.com.newsblur.network.APIResponse: 	at okhttp3.internal.connection.Exchange.readResponseHeaders(Exchange.java:115)
08-06 03:16:25.116 14491 22291 E baseline.com.newsblur.network.APIResponse: 	at okhttp3.internal.http.CallServerInterceptor.intercept(CallServerInterceptor.java:94)
08-06 03:16:25.116 14491 22291 E baseline.com.newsblur.network.APIResponse: 	at okhttp3.internal.http.RealInterceptorChain.proceed(RealInterceptorChain.java:142)
08-06 03:16:25.116 14491 22291 E baseline.com.newsblur.network.APIResponse: 	at okhttp3.internal.connection.ConnectInterceptor.intercept(ConnectInterceptor.java:43)
08-06 03:16:25.116 14491 22291 E baseline.com.newsblur.network.APIResponse: 	at okhttp3.internal.http.RealInterceptorChain.proceed(RealInterceptorChain.java:142)
08-06 03:16:25.116 14491 22291 E baseline.com.newsblur.network.APIResponse: 	at okhttp3.internal.http.RealInterceptorChain.proceed(RealInterceptorChain.java:117)
08-06 03:16:25.116 14491 22291 E baseline.com.newsblur.network.APIResponse: 	at okhttp3.internal.cache.CacheInterceptor.intercept(CacheInterceptor.java:94)
08-06 03:16:25.116 14491 22291 E baseline.com.newsblur.network.APIResponse: 	at okhttp3.internal.http.RealInterceptorChain.proceed(RealInterceptorChain.java:142)
08-06 03:16:25.116 14491 22291 E baseline.com.newsblur.network.APIResponse: 	at okhttp3.internal.http.RealInterceptorChain.proceed(RealInterceptorChain.java:117)
08-06 03:16:25.116 14491 22291 E baseline.com.newsblur.network.APIResponse: 	at okhttp3.internal.http.BridgeInterceptor.intercept(BridgeInterceptor.java:93)
08-06 03:16:25.116 14491 22291 E baseline.com.newsblur.network.APIResponse: 	at okhttp3.internal.http.RealInterceptorChain.proceed(RealInterceptorChain.java:142)
08-06 03:16:25.116 14491 22291 E baseline.com.newsblur.network.APIResponse: 	at okhttp3.internal.http.RetryAndFollowUpInterceptor.intercept(RetryAndFollowUpInterceptor.java:88)
08-06 03:16:25.116 14491 22291 E baseline.com.newsblur.network.APIResponse: 	at okhttp3.internal.http.RealInterceptorChain.proceed(RealInterceptorChain.java:142)
08-06 03:16:25.116 14491 22291 E baseline.com.newsblur.network.APIResponse: 	at okhttp3.internal.http.RealInterceptorChain.proceed(RealInterceptorChain.java:117)
08-06 03:16:25.116 14491 22291 E baseline.com.newsblur.network.APIResponse: 	at okhttp3.RealCall.getResponseWithInterceptorChain(RealCall.java:229)
08-06 03:16:25.116 14491 22291 E baseline.com.newsblur.network.APIResponse: 	at okhttp3.RealCall.execute(RealCall.java:81)
08-06 03:16:25.116 14491 22291 E baseline.com.newsblur.network.APIResponse: 	at baseline.com.newsblur.network.APIResponse.<init>(APIResponse.java:57)
08-06 03:16:25.116 14491 22291 E baseline.com.newsblur.network.APIResponse: 	at baseline.com.newsblur.network.APIManager.get_single(APIManager.java:639)
08-06 03:16:25.116 14491 22291 E baseline.com.newsblur.network.APIResponse: 	at baseline.com.newsblur.network.APIManager.get(APIManager.java:625)
08-06 03:16:25.116 14491 22291 E baseline.com.newsblur.network.APIResponse: 	at baseline.com.newsblur.network.APIManager.get(APIManager.java:667)
08-06 03:16:25.116 14491 22291 E baseline.com.newsblur.network.APIResponse: 	at baseline.com.newsblur.network.APIManager.getFeedUnreadCounts(APIManager.java:274)
08-06 03:16:25.116 14491 22291 E baseline.com.newsblur.network.APIResponse: 	at baseline.com.newsblur.service.NBSyncService.checkRecounts(NBSyncService.java:660)
08-06 03:16:25.116 14491 22291 E baseline.com.newsblur.network.APIResponse: 	at baseline.com.newsblur.service.NBSyncService.doSync(NBSyncService.java:310)
08-06 03:16:25.116 14491 22291 E baseline.com.newsblur.network.APIResponse: 	at baseline.com.newsblur.service.NBSyncService.access$100(NBSyncService.java:67)
08-06 03:16:25.116 14491 22291 E baseline.com.newsblur.network.APIResponse: 	at baseline.com.newsblur.service.NBSyncService$1.run(NBSyncService.java:188)
08-06 03:16:25.116 14491 22291 E baseline.com.newsblur.network.APIResponse: 	at java.util.concurrent.ThreadPoolExecutor.runWorker(ThreadPoolExecutor.java:1113)
08-06 03:16:25.116 14491 22291 E baseline.com.newsblur.network.APIResponse: 	at java.util.concurrent.ThreadPoolExecutor$Worker.run(ThreadPoolExecutor.java:588)
08-06 03:16:25.116 14491 22291 E baseline.com.newsblur.network.APIResponse: 	at java.lang.Thread.run(Thread.java:818)
08-06 03:16:25.116 14491 22291 E baseline.com.newsblur.network.APIResponse: Caused by: java.io.EOFException: \n not found: limit=0 content=
08-06 03:16:25.116 14491 22291 E baseline.com.newsblur.network.APIResponse: 	at okio.RealBufferedSource.readUtf8LineStrict(RealBufferedSource.java:240)
08-06 03:16:25.116 14491 22291 E baseline.com.newsblur.network.APIResponse: 	at okhttp3.internal.http1.Http1ExchangeCodec.readHeaderLine(Http1ExchangeCodec.java:242)
08-06 03:16:25.116 14491 22291 E baseline.com.newsblur.network.APIResponse: 	at okhttp3.internal.http1.Http1ExchangeCodec.readResponseHeaders(Http1ExchangeCodec.java:213)
08-06 03:16:25.116 14491 22291 E baseline.com.newsblur.network.APIResponse: 	... 28 more
08-06 03:16:25.117 14491 22291 I baseline.com.newsblur.network.APIManager: API call failed, pausing before retry number 2
08-06 03:16:25.131 14491 21624 I art     : Explicit concurrent mark sweep GC freed 3854(342KB) AllocSpace objects, 3(60KB) LOS objects, 29% free, 37MB/53MB, paused 1.395ms total 44.647ms
08-06 03:16:25.144 14491 21624 I art     : Starting a blocking GC Explicit
08-06 03:16:25.188 14491 21624 I art     : Explicit concurrent mark sweep GC freed 168(18KB) AllocSpace objects, 0(0B) LOS objects, 29% free, 37MB/53MB, paused 1.413ms total 44.534ms
08-06 03:16:25.202 14491 21624 I art     : Starting a blocking GC Explicit
08-06 03:16:25.250 14491 21624 I art     : Explicit concurrent mark sweep GC freed 25(832B) AllocSpace objects, 0(0B) LOS objects, 29% free, 37MB/53MB, paused 1.372ms total 47.693ms
08-06 03:16:25.263 14491 21624 I art     : Starting a blocking GC Explicit
08-06 03:16:25.312 14491 21624 I art     : Explicit concurrent mark sweep GC freed 3(96B) AllocSpace objects, 0(0B) LOS objects, 29% free, 37MB/53MB, paused 1.455ms total 49.071ms
08-06 03:16:25.326 14491 21624 I art     : Starting a blocking GC Explicit
08-06 03:16:25.375 14491 21624 I art     : Explicit concurrent mark sweep GC freed 3(96B) AllocSpace objects, 0(0B) LOS objects, 29% free, 37MB/53MB, paused 1.341ms total 49.232ms
08-06 03:16:25.755 14491 14502 I art     : Starting a blocking GC Explicit
08-06 03:16:25.808 14491 14502 I art     : Explicit concurrent mark sweep GC freed 1461(83KB) AllocSpace objects, 1(20KB) LOS objects, 29% free, 37MB/53MB, paused 1.601ms total 52.362ms
08-06 03:16:25.823 14491 14502 I art     : Starting a blocking GC Explicit
08-06 03:16:25.870 14491 14502 I art     : Explicit concurrent mark sweep GC freed 22(784B) AllocSpace objects, 0(0B) LOS objects, 29% free, 37MB/53MB, paused 1.312ms total 46.149ms
08-06 03:16:25.883 14491 14502 I art     : Starting a blocking GC Explicit
08-06 03:16:25.931 14491 14502 I art     : Explicit concurrent mark sweep GC freed 606(33KB) AllocSpace objects, 0(0B) LOS objects, 29% free, 37MB/53MB, paused 1.863ms total 47.919ms
08-06 03:16:25.944 14491 14502 I art     : Starting a blocking GC Explicit
08-06 03:16:25.992 14491 14502 I art     : Explicit concurrent mark sweep GC freed 446(18KB) AllocSpace objects, 0(0B) LOS objects, 29% free, 37MB/53MB, paused 1.278ms total 47.624ms
08-06 03:16:26.005 14491 14502 I art     : Starting a blocking GC Explicit
08-06 03:16:26.051 14491 14502 I art     : Explicit concurrent mark sweep GC freed 551(48KB) AllocSpace objects, 0(0B) LOS objects, 29% free, 37MB/53MB, paused 1.376ms total 46.086ms
08-06 03:16:26.427 14491 22486 I art     : Starting a blocking GC Explicit
08-06 03:16:26.478 14491 22486 I art     : Explicit concurrent mark sweep GC freed 1934(107KB) AllocSpace objects, 1(20KB) LOS objects, 29% free, 37MB/53MB, paused 1.335ms total 50.039ms
08-06 03:16:26.492   518   646 I ThermalEngine: ACTION: GPU - Setting GPU[0] to 510000000
08-06 03:16:26.493 14491 22486 I art     : Starting a blocking GC Explicit
08-06 03:16:26.537 14491 22486 I art     : Explicit concurrent mark sweep GC freed 402(29KB) AllocSpace objects, 0(0B) LOS objects, 29% free, 37MB/53MB, paused 1.114ms total 44.264ms
08-06 03:16:26.548 14491 22486 I art     : Starting a blocking GC Explicit
08-06 03:16:26.584 14491 22486 I art     : Explicit concurrent mark sweep GC freed 3(96B) AllocSpace objects, 0(0B) LOS objects, 29% free, 37MB/53MB, paused 1.007ms total 35.704ms
08-06 03:16:26.594 14491 22486 I art     : Starting a blocking GC Explicit
08-06 03:16:26.630 14491 22486 I art     : Explicit concurrent mark sweep GC freed 3(96B) AllocSpace objects, 0(0B) LOS objects, 29% free, 37MB/53MB, paused 964us total 35.847ms
08-06 03:16:26.640 14491 22486 I art     : Starting a blocking GC Explicit
08-06 03:16:26.676 14491 22486 I art     : Explicit concurrent mark sweep GC freed 3(96B) AllocSpace objects, 0(0B) LOS objects, 29% free, 37MB/53MB, paused 954us total 35.356ms
08-06 03:16:27.023 14491 14503 I art     : Starting a blocking GC Explicit
08-06 03:16:27.058 14491 14503 I art     : Explicit concurrent mark sweep GC freed 1437(82KB) AllocSpace objects, 1(20KB) LOS objects, 29% free, 37MB/53MB, paused 1.014ms total 35.524ms
08-06 03:16:27.068 14491 14503 I art     : Starting a blocking GC Explicit
08-06 03:16:27.104 14491 14503 I art     : Explicit concurrent mark sweep GC freed 22(784B) AllocSpace objects, 0(0B) LOS objects, 29% free, 37MB/53MB, paused 972us total 34.898ms
08-06 03:16:27.113 14491 14503 I art     : Starting a blocking GC Explicit
08-06 03:16:27.148 14491 14503 I art     : Explicit concurrent mark sweep GC freed 3(96B) AllocSpace objects, 0(0B) LOS objects, 29% free, 37MB/53MB, paused 1.010ms total 34.649ms
08-06 03:16:27.158 14491 14503 I art     : Starting a blocking GC Explicit
08-06 03:16:27.195 14491 14503 I art     : Explicit concurrent mark sweep GC freed 3(96B) AllocSpace objects, 0(0B) LOS objects, 29% free, 37MB/53MB, paused 1.107ms total 36.224ms
08-06 03:16:27.205 14491 14503 I art     : Starting a blocking GC Explicit
08-06 03:16:27.242 14491 14503 I art     : Explicit concurrent mark sweep GC freed 3(96B) AllocSpace objects, 0(0B) LOS objects, 29% free, 37MB/53MB, paused 979us total 36.223ms
08-06 03:16:27.601 14491 21624 I art     : Starting a blocking GC Explicit
08-06 03:16:27.638 14491 21624 I art     : Explicit concurrent mark sweep GC freed 1437(82KB) AllocSpace objects, 1(20KB) LOS objects, 29% free, 37MB/53MB, paused 973us total 36.450ms
08-06 03:16:27.648 14491 21624 I art     : Starting a blocking GC Explicit
08-06 03:16:27.682 14491 21624 I art     : Explicit concurrent mark sweep GC freed 22(784B) AllocSpace objects, 0(0B) LOS objects, 29% free, 37MB/53MB, paused 975us total 33.900ms
08-06 03:16:27.692 14491 21624 I art     : Starting a blocking GC Explicit
08-06 03:16:27.727 14491 21624 I art     : Explicit concurrent mark sweep GC freed 3(96B) AllocSpace objects, 0(0B) LOS objects, 29% free, 37MB/53MB, paused 981us total 34.623ms
08-06 03:16:27.736 14491 21624 I art     : Starting a blocking GC Explicit
08-06 03:16:27.771 14491 21624 I art     : Explicit concurrent mark sweep GC freed 3(96B) AllocSpace objects, 0(0B) LOS objects, 29% free, 37MB/53MB, paused 928us total 33.859ms
08-06 03:16:27.781 14491 21624 I art     : Starting a blocking GC Explicit
08-06 03:16:27.816 14491 21624 I art     : Explicit concurrent mark sweep GC freed 3(96B) AllocSpace objects, 0(0B) LOS objects, 29% free, 37MB/53MB, paused 943us total 35.071ms
08-06 03:16:28.085   918  3188 I hubconnection: sensorhub said: 'set_bias 3: -6.2400, 0.0000, 0.0000'
08-06 03:16:28.175 14491 14502 I art     : Starting a blocking GC Explicit
08-06 03:16:28.214 14491 14502 I art     : Explicit concurrent mark sweep GC freed 1604(91KB) AllocSpace objects, 1(20KB) LOS objects, 29% free, 37MB/53MB, paused 1.056ms total 38.222ms
08-06 03:16:28.229 14491 14502 I art     : Starting a blocking GC Explicit
08-06 03:16:28.262 14491 14502 I art     : Explicit concurrent mark sweep GC freed 28(1040B) AllocSpace objects, 0(0B) LOS objects, 29% free, 37MB/53MB, paused 956us total 32.882ms
08-06 03:16:28.272 14491 14502 I art     : Starting a blocking GC Explicit
08-06 03:16:28.306 14491 14502 I art     : Explicit concurrent mark sweep GC freed 3(96B) AllocSpace objects, 0(0B) LOS objects, 29% free, 37MB/53MB, paused 997us total 34.197ms
08-06 03:16:28.316 14491 14502 I art     : Starting a blocking GC Explicit
08-06 03:16:28.352 14491 14502 I art     : Explicit concurrent mark sweep GC freed 3(96B) AllocSpace objects, 0(0B) LOS objects, 29% free, 37MB/53MB, paused 1.023ms total 35.712ms
08-06 03:16:28.362 14491 14502 I art     : Starting a blocking GC Explicit
08-06 03:16:28.396 14491 14502 I art     : Explicit concurrent mark sweep GC freed 3(96B) AllocSpace objects, 0(0B) LOS objects, 29% free, 37MB/53MB, paused 1.074ms total 34.020ms
08-06 03:16:28.597 14491 22291 E baseline.com.newsblur.network.APIResponse: Error (unexpected end of stream on https://www.newsblur.com/...) calling https://www.newsblur.com/reader/feed_unread_count?feed_id=0
08-06 03:16:28.597 14491 22291 E baseline.com.newsblur.network.APIResponse: java.io.IOException: unexpected end of stream on https://www.newsblur.com/...
08-06 03:16:28.597 14491 22291 E baseline.com.newsblur.network.APIResponse: 	at okhttp3.internal.http1.Http1ExchangeCodec.readResponseHeaders(Http1ExchangeCodec.java:236)
08-06 03:16:28.597 14491 22291 E baseline.com.newsblur.network.APIResponse: 	at okhttp3.internal.connection.Exchange.readResponseHeaders(Exchange.java:115)
08-06 03:16:28.597 14491 22291 E baseline.com.newsblur.network.APIResponse: 	at okhttp3.internal.http.CallServerInterceptor.intercept(CallServerInterceptor.java:94)
08-06 03:16:28.597 14491 22291 E baseline.com.newsblur.network.APIResponse: 	at okhttp3.internal.http.RealInterceptorChain.proceed(RealInterceptorChain.java:142)
08-06 03:16:28.597 14491 22291 E baseline.com.newsblur.network.APIResponse: 	at okhttp3.internal.connection.ConnectInterceptor.intercept(ConnectInterceptor.java:43)
08-06 03:16:28.597 14491 22291 E baseline.com.newsblur.network.APIResponse: 	at okhttp3.internal.http.RealInterceptorChain.proceed(RealInterceptorChain.java:142)
08-06 03:16:28.597 14491 22291 E baseline.com.newsblur.network.APIResponse: 	at okhttp3.internal.http.RealInterceptorChain.proceed(RealInterceptorChain.java:117)
08-06 03:16:28.597 14491 22291 E baseline.com.newsblur.network.APIResponse: 	at okhttp3.internal.cache.CacheInterceptor.intercept(CacheInterceptor.java:94)
08-06 03:16:28.597 14491 22291 E baseline.com.newsblur.network.APIResponse: 	at okhttp3.internal.http.RealInterceptorChain.proceed(RealInterceptorChain.java:142)
08-06 03:16:28.597 14491 22291 E baseline.com.newsblur.network.APIResponse: 	at okhttp3.internal.http.RealInterceptorChain.proceed(RealInterceptorChain.java:117)
08-06 03:16:28.597 14491 22291 E baseline.com.newsblur.network.APIResponse: 	at okhttp3.internal.http.BridgeInterceptor.intercept(BridgeInterceptor.java:93)
08-06 03:16:28.597 14491 22291 E baseline.com.newsblur.network.APIResponse: 	at okhttp3.internal.http.RealInterceptorChain.proceed(RealInterceptorChain.java:142)
08-06 03:16:28.597 14491 22291 E baseline.com.newsblur.network.APIResponse: 	at okhttp3.internal.http.RetryAndFollowUpInterceptor.intercept(RetryAndFollowUpInterceptor.java:88)
08-06 03:16:28.597 14491 22291 E baseline.com.newsblur.network.APIResponse: 	at okhttp3.internal.http.RealInterceptorChain.proceed(RealInterceptorChain.java:142)
08-06 03:16:28.597 14491 22291 E baseline.com.newsblur.network.APIResponse: 	at okhttp3.internal.http.RealInterceptorChain.proceed(RealInterceptorChain.java:117)
08-06 03:16:28.597 14491 22291 E baseline.com.newsblur.network.APIResponse: 	at okhttp3.RealCall.getResponseWithInterceptorChain(RealCall.java:229)
08-06 03:16:28.597 14491 22291 E baseline.com.newsblur.network.APIResponse: 	at okhttp3.RealCall.execute(RealCall.java:81)
08-06 03:16:28.597 14491 22291 E baseline.com.newsblur.network.APIResponse: 	at baseline.com.newsblur.network.APIResponse.<init>(APIResponse.java:57)
08-06 03:16:28.597 14491 22291 E baseline.com.newsblur.network.APIResponse: 	at baseline.com.newsblur.network.APIManager.get_single(APIManager.java:639)
08-06 03:16:28.597 14491 22291 E baseline.com.newsblur.network.APIResponse: 	at baseline.com.newsblur.network.APIManager.get(APIManager.java:625)
08-06 03:16:28.597 14491 22291 E baseline.com.newsblur.network.APIResponse: 	at baseline.com.newsblur.network.APIManager.get(APIManager.java:667)
08-06 03:16:28.597 14491 22291 E baseline.com.newsblur.network.APIResponse: 	at baseline.com.newsblur.network.APIManager.getFeedUnreadCounts(APIManager.java:274)
08-06 03:16:28.597 14491 22291 E baseline.com.newsblur.network.APIResponse: 	at baseline.com.newsblur.service.NBSyncService.checkRecounts(NBSyncService.java:660)
08-06 03:16:28.597 14491 22291 E baseline.com.newsblur.network.APIResponse: 	at baseline.com.newsblur.service.NBSyncService.doSync(NBSyncService.java:310)
08-06 03:16:28.597 14491 22291 E baseline.com.newsblur.network.APIResponse: 	at baseline.com.newsblur.service.NBSyncService.access$100(NBSyncService.java:67)
08-06 03:16:28.597 14491 22291 E baseline.com.newsblur.network.APIResponse: 	at baseline.com.newsblur.service.NBSyncService$1.run(NBSyncService.java:188)
08-06 03:16:28.597 14491 22291 E baseline.com.newsblur.network.APIResponse: 	at java.util.concurrent.ThreadPoolExecutor.runWorker(ThreadPoolExecutor.java:1113)
08-06 03:16:28.597 14491 22291 E baseline.com.newsblur.network.APIResponse: 	at java.util.concurrent.ThreadPoolExecutor$Worker.run(ThreadPoolExecutor.java:588)
08-06 03:16:28.597 14491 22291 E baseline.com.newsblur.network.APIResponse: 	at java.lang.Thread.run(Thread.java:818)
08-06 03:16:28.597 14491 22291 E baseline.com.newsblur.network.APIResponse: Caused by: java.io.EOFException: \n not found: limit=0 content=
08-06 03:16:28.597 14491 22291 E baseline.com.newsblur.network.APIResponse: 	at okio.RealBufferedSource.readUtf8LineStrict(RealBufferedSource.java:240)
08-06 03:16:28.597 14491 22291 E baseline.com.newsblur.network.APIResponse: 	at okhttp3.internal.http1.Http1ExchangeCodec.readHeaderLine(Http1ExchangeCodec.java:242)
08-06 03:16:28.597 14491 22291 E baseline.com.newsblur.network.APIResponse: 	at okhttp3.internal.http1.Http1ExchangeCodec.readResponseHeaders(Http1ExchangeCodec.java:213)
08-06 03:16:28.597 14491 22291 E baseline.com.newsblur.network.APIResponse: 	... 28 more
08-06 03:16:28.599 14491 22291 W baseline.com.newsblur.service.NBSyncService: Bad response to feed_unread_count
08-06 03:16:28.728 14491 22486 I art     : Starting a blocking GC Explicit
08-06 03:16:28.765 14491 22486 I art     : Explicit concurrent mark sweep GC freed 4449(422KB) AllocSpace objects, 6(120KB) LOS objects, 29% free, 37MB/53MB, paused 1.078ms total 36.542ms
08-06 03:16:28.775 14491 22486 I art     : Starting a blocking GC Explicit
08-06 03:16:28.810 14491 22486 I art     : Explicit concurrent mark sweep GC freed 140(5KB) AllocSpace objects, 0(0B) LOS objects, 29% free, 37MB/53MB, paused 1.055ms total 35.525ms
08-06 03:16:28.820 14491 22486 I art     : Starting a blocking GC Explicit
08-06 03:16:28.856 14491 22486 I art     : Explicit concurrent mark sweep GC freed 3(96B) AllocSpace objects, 0(0B) LOS objects, 29% free, 37MB/53MB, paused 1.388ms total 35.471ms
08-06 03:16:28.866 14491 22486 I art     : Starting a blocking GC Explicit
08-06 03:16:28.901 14491 22486 I art     : Explicit concurrent mark sweep GC freed 3(96B) AllocSpace objects, 0(0B) LOS objects, 29% free, 37MB/53MB, paused 1.063ms total 34.662ms
08-06 03:16:28.911 14491 22486 I art     : Starting a blocking GC Explicit
08-06 03:16:28.945 14491 22486 I art     : Explicit concurrent mark sweep GC freed 3(96B) AllocSpace objects, 0(0B) LOS objects, 29% free, 37MB/53MB, paused 1.036ms total 34.272ms
08-06 03:16:29.020 14491 22291 E baseline.com.newsblur.network.APIResponse: Error (unexpected end of stream on https://www.newsblur.com/...) calling https://www.newsblur.com/reader/mark_story_hashes_as_read/
08-06 03:16:29.020 14491 22291 E baseline.com.newsblur.network.APIResponse: java.io.IOException: unexpected end of stream on https://www.newsblur.com/...
08-06 03:16:29.020 14491 22291 E baseline.com.newsblur.network.APIResponse: 	at okhttp3.internal.http1.Http1ExchangeCodec.readResponseHeaders(Http1ExchangeCodec.java:236)
08-06 03:16:29.020 14491 22291 E baseline.com.newsblur.network.APIResponse: 	at okhttp3.internal.connection.Exchange.readResponseHeaders(Exchange.java:115)
08-06 03:16:29.020 14491 22291 E baseline.com.newsblur.network.APIResponse: 	at okhttp3.internal.http.CallServerInterceptor.intercept(CallServerInterceptor.java:94)
08-06 03:16:29.020 14491 22291 E baseline.com.newsblur.network.APIResponse: 	at okhttp3.internal.http.RealInterceptorChain.proceed(RealInterceptorChain.java:142)
08-06 03:16:29.020 14491 22291 E baseline.com.newsblur.network.APIResponse: 	at okhttp3.internal.connection.ConnectInterceptor.intercept(ConnectInterceptor.java:43)
08-06 03:16:29.020 14491 22291 E baseline.com.newsblur.network.APIResponse: 	at okhttp3.internal.http.RealInterceptorChain.proceed(RealInterceptorChain.java:142)
08-06 03:16:29.020 14491 22291 E baseline.com.newsblur.network.APIResponse: 	at okhttp3.internal.http.RealInterceptorChain.proceed(RealInterceptorChain.java:117)
08-06 03:16:29.020 14491 22291 E baseline.com.newsblur.network.APIResponse: 	at okhttp3.internal.cache.CacheInterceptor.intercept(CacheInterceptor.java:94)
08-06 03:16:29.020 14491 22291 E baseline.com.newsblur.network.APIResponse: 	at okhttp3.internal.http.RealInterceptorChain.proceed(RealInterceptorChain.java:142)
08-06 03:16:29.020 14491 22291 E baseline.com.newsblur.network.APIResponse: 	at okhttp3.internal.http.RealInterceptorChain.proceed(RealInterceptorChain.java:117)
08-06 03:16:29.020 14491 22291 E baseline.com.newsblur.network.APIResponse: 	at okhttp3.internal.http.BridgeInterceptor.intercept(BridgeInterceptor.java:93)
08-06 03:16:29.020 14491 22291 E baseline.com.newsblur.network.APIResponse: 	at okhttp3.internal.http.RealInterceptorChain.proceed(RealInterceptorChain.java:142)
08-06 03:16:29.020 14491 22291 E baseline.com.newsblur.network.APIResponse: 	at okhttp3.internal.http.RetryAndFollowUpInterceptor.intercept(RetryAndFollowUpInterceptor.java:88)
08-06 03:16:29.020 14491 22291 E baseline.com.newsblur.network.APIResponse: 	at okhttp3.internal.http.RealInterceptorChain.proceed(RealInterceptorChain.java:142)
08-06 03:16:29.020 14491 22291 E baseline.com.newsblur.network.APIResponse: 	at okhttp3.internal.http.RealInterceptorChain.proceed(RealInterceptorChain.java:117)
08-06 03:16:29.020 14491 22291 E baseline.com.newsblur.network.APIResponse: 	at okhttp3.RealCall.getResponseWithInterceptorChain(RealCall.java:229)
08-06 03:16:29.020 14491 22291 E baseline.com.newsblur.network.APIResponse: 	at okhttp3.RealCall.execute(RealCall.java:81)
08-06 03:16:29.020 14491 22291 E baseline.com.newsblur.network.APIResponse: 	at baseline.com.newsblur.network.APIResponse.<init>(APIResponse.java:57)
08-06 03:16:29.020 14491 22291 E baseline.com.newsblur.network.APIResponse: 	at baseline.com.newsblur.network.APIResponse.<init>(APIResponse.java:43)
08-06 03:16:29.020 14491 22291 E baseline.com.newsblur.network.APIResponse: 	at baseline.com.newsblur.network.APIManager.post_single(APIManager.java:702)
08-06 03:16:29.020 14491 22291 E baseline.com.newsblur.network.APIResponse: 	at baseline.com.newsblur.network.APIManager.post(APIManager.java:675)
08-06 03:16:29.020 14491 22291 E baseline.com.newsblur.network.APIResponse: 	at baseline.com.newsblur.network.APIManager.post(APIManager.java:714)
08-06 03:16:29.020 14491 22291 E baseline.com.newsblur.network.APIResponse: 	at baseline.com.newsblur.network.APIManager.markStoryAsRead(APIManager.java:205)
08-06 03:16:29.020 14491 22291 E baseline.com.newsblur.network.APIResponse: 	at baseline.com.newsblur.util.ReadingAction.doRemote(ReadingAction.java:281)
08-06 03:16:29.020 14491 22291 E baseline.com.newsblur.network.APIResponse: 	at baseline.com.newsblur.service.NBSyncService.syncActions(NBSyncService.java:400)
08-06 03:16:29.020 14491 22291 E baseline.com.newsblur.network.APIResponse: 	at baseline.com.newsblur.service.NBSyncService.doSync(NBSyncService.java:298)
08-06 03:16:29.020 14491 22291 E baseline.com.newsblur.network.APIResponse: 	at baseline.com.newsblur.service.NBSyncService.access$100(NBSyncService.java:67)
08-06 03:16:29.020 14491 22291 E baseline.com.newsblur.network.APIResponse: 	at baseline.com.newsblur.service.NBSyncService$1.run(NBSyncService.java:188)
08-06 03:16:29.020 14491 22291 E baseline.com.newsblur.network.APIResponse: 	at java.util.concurrent.ThreadPoolExecutor.runWorker(ThreadPoolExecutor.java:1113)
08-06 03:16:29.020 14491 22291 E baseline.com.newsblur.network.APIResponse: 	at java.util.concurrent.ThreadPoolExecutor$Worker.run(ThreadPoolExecutor.java:588)
08-06 03:16:29.020 14491 22291 E baseline.com.newsblur.network.APIResponse: 	at java.lang.Thread.run(Thread.java:818)
08-06 03:16:29.020 14491 22291 E baseline.com.newsblur.network.APIResponse: Caused by: java.io.EOFException: \n not found: limit=0 content=
08-06 03:16:29.020 14491 22291 E baseline.com.newsblur.network.APIResponse: 	at okio.RealBufferedSource.readUtf8LineStrict(RealBufferedSource.java:240)
08-06 03:16:29.020 14491 22291 E baseline.com.newsblur.network.APIResponse: 	at okhttp3.internal.http1.Http1ExchangeCodec.readHeaderLine(Http1ExchangeCodec.java:242)
08-06 03:16:29.020 14491 22291 E baseline.com.newsblur.network.APIResponse: 	at okhttp3.internal.http1.Http1ExchangeCodec.readResponseHeaders(Http1ExchangeCodec.java:213)
08-06 03:16:29.020 14491 22291 E baseline.com.newsblur.network.APIResponse: 	... 30 more
08-06 03:16:29.021 14491 22291 I baseline.com.newsblur.network.APIManager: API call failed, pausing before retry number 1
08-06 03:16:29.215 22640 22640 D AndroidRuntime: >>>>>> START com.android.internal.os.RuntimeInit uid 2000 <<<<<<
08-06 03:16:29.220 22640 22640 D AndroidRuntime: CheckJNI is OFF
08-06 03:16:29.254 22640 22640 D ICU     : No timezone override file found: /data/misc/zoneinfo/current/icu/icu_tzdata.dat
08-06 03:16:29.286 22640 22640 I Radio-JNI: register_android_hardware_Radio DONE
08-06 03:16:29.287 14491 14503 I art     : Starting a blocking GC Explicit
08-06 03:16:29.308 22640 22640 D AndroidRuntime: Calling main entry com.android.commands.input.Input
08-06 03:16:29.310 22640 22640 I Input   : injectMotionEvent: MotionEvent { action=ACTION_DOWN, actionButton=0, id[0]=0, x[0]=436.0, y[0]=453.0, toolType[0]=TOOL_TYPE_UNKNOWN, buttonState=0, metaState=0, flags=0x0, edgeFlags=0x0, pointerCount=1, historySize=0, eventTime=847005723, downTime=847005723, deviceId=0, source=0x1002 }
08-06 03:16:29.318 22640 22640 I Input   : injectMotionEvent: MotionEvent { action=ACTION_UP, actionButton=0, id[0]=0, x[0]=436.0, y[0]=453.0, toolType[0]=TOOL_TYPE_UNKNOWN, buttonState=0, metaState=0, flags=0x0, edgeFlags=0x0, pointerCount=1, historySize=0, eventTime=847005723, downTime=847005723, deviceId=0, source=0x1002 }
08-06 03:16:29.321 22640 22640 D AndroidRuntime: Shutting down VM
08-06 03:16:29.322 14491 14503 I art     : Explicit concurrent mark sweep GC freed 3946(357KB) AllocSpace objects, 3(60KB) LOS objects, 29% free, 37MB/53MB, paused 1.127ms total 35.263ms
08-06 03:16:29.333   512  2967 D audio_hw_primary: out_set_parameters: enter: usecase(1: low-latency-playback) kvpairs: routing=2
08-06 03:16:29.333 14491 14503 I art     : Starting a blocking GC Explicit
08-06 03:16:29.335   918  5952 I ActivityManager: START u0 {cmp=baseline.com.newsblur/.activity.GlobalSharedStoriesReading (has extras)} from uid 10698 on display 0
08-06 03:16:29.345   512  2967 D audio_hw_primary: select_devices: out_snd_device(2: speaker) in_snd_device(0: none)
08-06 03:16:29.345   512  2967 D msm8974_platform: platform_send_audio_calibration: sending audio calibration for snd_device(2) acdb_id(15)
08-06 03:16:29.346   512  2967 I soundtrigger: audio_extn_sound_trigger_update_device_status: device 0x2 of type 0 for Event 1
08-06 03:16:29.357   512  2967 D audio_hw_primary: enable_snd_device: snd_device(2: speaker)
08-06 03:16:29.360   512  2967 D audio_hw_primary: enable_audio_route: apply and update mixer path: low-latency-playback speaker
08-06 03:16:29.366 14491 14503 I art     : Explicit concurrent mark sweep GC freed 650(83KB) AllocSpace objects, 2(40KB) LOS objects, 29% free, 37MB/53MB, paused 1.308ms total 32.414ms
08-06 03:16:29.375 14491 14503 I art     : Starting a blocking GC Explicit
08-06 03:16:29.407 14491 14503 I art     : Explicit concurrent mark sweep GC freed 914(64KB) AllocSpace objects, 1(112KB) LOS objects, 29% free, 38MB/54MB, paused 1.052ms total 31.653ms
08-06 03:16:29.416 14491 14503 I art     : Starting a blocking GC Explicit
08-06 03:16:29.450 14491 14503 I art     : Explicit concurrent mark sweep GC freed 211(10KB) AllocSpace objects, 1(356KB) LOS objects, 29% free, 37MB/53MB, paused 1.027ms total 33.161ms
08-06 03:16:29.459 14491 14503 I art     : Starting a blocking GC Explicit
08-06 03:16:29.495 14491 14503 I art     : Explicit concurrent mark sweep GC freed 187(28KB) AllocSpace objects, 1(20KB) LOS objects, 29% free, 37MB/53MB, paused 1.065ms total 35.922ms
08-06 03:16:29.541   918   936 I ActivityManager: Displayed baseline.com.newsblur/.activity.GlobalSharedStoriesReading: +195ms
08-06 03:16:29.541 13866 13866 I GoogleInputMethodServic: GoogleInputMethodService.onFinishInput():3138 
08-06 03:16:29.542 13866 13866 I GoogleInputMethodServic: GoogleInputMethodService.onStartInput():1808 
08-06 03:16:29.730 14491 21967 E chromium: [ERROR:tile_manager.cc(793)] WARNING: tile memory limits exceeded, some content may not draw
08-06 03:16:29.730 14491 21967 E chromium: [ERROR:tile_manager.cc(793)] WARNING: tile memory limits exceeded, some content may not draw
08-06 03:16:29.788 14491 22486 I art     : Starting a blocking GC Explicit
08-06 03:16:29.827 14491 22486 I art     : Explicit concurrent mark sweep GC freed 4326(337KB) AllocSpace objects, 13(296KB) LOS objects, 29% free, 38MB/54MB, paused 995us total 38.444ms
08-06 03:16:29.837 14491 22486 I art     : Starting a blocking GC Explicit
08-06 03:16:29.870 14491 22486 I art     : Explicit concurrent mark sweep GC freed 1091(50KB) AllocSpace objects, 1(28KB) LOS objects, 29% free, 38MB/54MB, paused 911us total 33.139ms
08-06 03:16:29.880 14491 22486 I art     : Starting a blocking GC Explicit
08-06 03:16:29.910   512  2967 D audio_hw_primary: disable_audio_route: reset and update mixer path: low-latency-playback speaker
08-06 03:16:29.911   512  2967 D audio_hw_primary: disable_snd_device: snd_device(2: speaker)
08-06 03:16:29.918 14491 22486 I art     : Explicit concurrent mark sweep GC freed 4(128B) AllocSpace objects, 0(0B) LOS objects, 29% free, 38MB/54MB, paused 1.444ms total 36.641ms
08-06 03:16:29.920   512  2967 I soundtrigger: audio_extn_sound_trigger_update_device_status: device 0x2 of type 0 for Event 0
08-06 03:16:29.932 14491 22486 I art     : Starting a blocking GC Explicit
08-06 03:16:29.966 14491 22486 I art     : Explicit concurrent mark sweep GC freed 141(17KB) AllocSpace objects, 1(20KB) LOS objects, 29% free, 38MB/54MB, paused 1.006ms total 33.385ms
08-06 03:16:29.976 14491 22486 I art     : Starting a blocking GC Explicit
08-06 03:16:30.009 14491 22486 I art     : Explicit concurrent mark sweep GC freed 11(416B) AllocSpace objects, 0(0B) LOS objects, 29% free, 38MB/54MB, paused 972us total 32.858ms
08-06 03:16:30.351 14491 14503 I art     : Starting a blocking GC Explicit
08-06 03:16:30.390 14491 14503 I art     : Explicit concurrent mark sweep GC freed 1444(83KB) AllocSpace objects, 1(20KB) LOS objects, 29% free, 38MB/54MB, paused 1.027ms total 39.302ms
08-06 03:16:30.401 14491 14503 I art     : Starting a blocking GC Explicit
08-06 03:16:30.440 14491 14503 I art     : Explicit concurrent mark sweep GC freed 22(784B) AllocSpace objects, 0(0B) LOS objects, 29% free, 38MB/54MB, paused 1.089ms total 38.727ms
08-06 03:16:30.450 14491 14503 I art     : Starting a blocking GC Explicit
08-06 03:16:30.490 14491 14503 I art     : Explicit concurrent mark sweep GC freed 3(96B) AllocSpace objects, 0(0B) LOS objects, 29% free, 38MB/54MB, paused 1.057ms total 39.207ms
08-06 03:16:30.501 14491 14503 I art     : Starting a blocking GC Explicit
08-06 03:16:30.540 14491 14503 I art     : Explicit concurrent mark sweep GC freed 94(3KB) AllocSpace objects, 0(0B) LOS objects, 29% free, 38MB/54MB, paused 1.137ms total 39.401ms
08-06 03:16:30.551 14491 14503 I art     : Starting a blocking GC Explicit
08-06 03:16:30.591 14491 14503 I art     : Explicit concurrent mark sweep GC freed 9(352B) AllocSpace objects, 0(0B) LOS objects, 29% free, 38MB/54MB, paused 1.092ms total 39.252ms
08-06 03:16:30.937 14491 14503 I art     : Starting a blocking GC Explicit
08-06 03:16:30.975 14491 14503 I art     : Explicit concurrent mark sweep GC freed 1560(89KB) AllocSpace objects, 1(20KB) LOS objects, 29% free, 38MB/54MB, paused 1.062ms total 37.601ms
08-06 03:16:30.986 14491 14503 I art     : Starting a blocking GC Explicit
08-06 03:16:31.024 14491 14503 I art     : Explicit concurrent mark sweep GC freed 1529(60KB) AllocSpace objects, 0(0B) LOS objects, 29% free, 38MB/54MB, paused 1.073ms total 37.505ms
08-06 03:16:31.035 14491 14503 I art     : Starting a blocking GC Explicit
08-06 03:16:31.073 14491 22291 E baseline.com.newsblur.network.APIResponse: Error (unexpected end of stream on https://www.newsblur.com/...) calling https://www.newsblur.com/reader/mark_story_hashes_as_read/
08-06 03:16:31.073 14491 22291 E baseline.com.newsblur.network.APIResponse: java.io.IOException: unexpected end of stream on https://www.newsblur.com/...
08-06 03:16:31.073 14491 22291 E baseline.com.newsblur.network.APIResponse: 	at okhttp3.internal.http1.Http1ExchangeCodec.readResponseHeaders(Http1ExchangeCodec.java:236)
08-06 03:16:31.073 14491 22291 E baseline.com.newsblur.network.APIResponse: 	at okhttp3.internal.connection.Exchange.readResponseHeaders(Exchange.java:115)
08-06 03:16:31.073 14491 22291 E baseline.com.newsblur.network.APIResponse: 	at okhttp3.internal.http.CallServerInterceptor.intercept(CallServerInterceptor.java:94)
08-06 03:16:31.073 14491 22291 E baseline.com.newsblur.network.APIResponse: 	at okhttp3.internal.http.RealInterceptorChain.proceed(RealInterceptorChain.java:142)
08-06 03:16:31.073 14491 22291 E baseline.com.newsblur.network.APIResponse: 	at okhttp3.internal.connection.ConnectInterceptor.intercept(ConnectInterceptor.java:43)
08-06 03:16:31.073 14491 22291 E baseline.com.newsblur.network.APIResponse: 	at okhttp3.internal.http.RealInterceptorChain.proceed(RealInterceptorChain.java:142)
08-06 03:16:31.073 14491 22291 E baseline.com.newsblur.network.APIResponse: 	at okhttp3.internal.http.RealInterceptorChain.proceed(RealInterceptorChain.java:117)
08-06 03:16:31.073 14491 22291 E baseline.com.newsblur.network.APIResponse: 	at okhttp3.internal.cache.CacheInterceptor.intercept(CacheInterceptor.java:94)
08-06 03:16:31.073 14491 22291 E baseline.com.newsblur.network.APIResponse: 	at okhttp3.internal.http.RealInterceptorChain.proceed(RealInterceptorChain.java:142)
08-06 03:16:31.073 14491 22291 E baseline.com.newsblur.network.APIResponse: 	at okhttp3.internal.http.RealInterceptorChain.proceed(RealInterceptorChain.java:117)
08-06 03:16:31.073 14491 22291 E baseline.com.newsblur.network.APIResponse: 	at okhttp3.internal.http.BridgeInterceptor.intercept(BridgeInterceptor.java:93)
08-06 03:16:31.073 14491 22291 E baseline.com.newsblur.network.APIResponse: 	at okhttp3.internal.http.RealInterceptorChain.proceed(RealInterceptorChain.java:142)
08-06 03:16:31.073 14491 22291 E baseline.com.newsblur.network.APIResponse: 	at okhttp3.internal.http.RetryAndFollowUpInterceptor.intercept(RetryAndFollowUpInterceptor.java:88)
08-06 03:16:31.073 14491 22291 E baseline.com.newsblur.network.APIResponse: 	at okhttp3.internal.http.RealInterceptorChain.proceed(RealInterceptorChain.java:142)
08-06 03:16:31.073 14491 22291 E baseline.com.newsblur.network.APIResponse: 	at okhttp3.internal.http.RealInterceptorChain.proceed(RealInterceptorChain.java:117)
08-06 03:16:31.073 14491 22291 E baseline.com.newsblur.network.APIResponse: 	at okhttp3.RealCall.getResponseWithInterceptorChain(RealCall.java:229)
08-06 03:16:31.073 14491 22291 E baseline.com.newsblur.network.APIResponse: 	at okhttp3.RealCall.execute(RealCall.java:81)
08-06 03:16:31.073 14491 22291 E baseline.com.newsblur.network.APIResponse: 	at baseline.com.newsblur.network.APIResponse.<init>(APIResponse.java:57)
08-06 03:16:31.073 14491 22291 E baseline.com.newsblur.network.APIResponse: 	at baseline.com.newsblur.network.APIResponse.<init>(APIResponse.java:43)
08-06 03:16:31.073 14491 22291 E baseline.com.newsblur.network.APIResponse: 	at baseline.com.newsblur.network.APIManager.post_single(APIManager.java:702)
08-06 03:16:31.073 14491 22291 E baseline.com.newsblur.network.APIResponse: 	at baseline.com.newsblur.network.APIManager.post(APIManager.java:675)
08-06 03:16:31.073 14491 22291 E baseline.com.newsblur.network.APIResponse: 	at baseline.com.newsblur.network.APIManager.post(APIManager.java:714)
08-06 03:16:31.073 14491 22291 E baseline.com.newsblur.network.APIResponse: 	at baseline.com.newsblur.network.APIManager.markStoryAsRead(APIManager.java:205)
08-06 03:16:31.073 14491 22291 E baseline.com.newsblur.network.APIResponse: 	at baseline.com.newsblur.util.ReadingAction.doRemote(ReadingAction.java:281)
08-06 03:16:31.073 14491 22291 E baseline.com.newsblur.network.APIResponse: 	at baseline.com.newsblur.service.NBSyncService.syncActions(NBSyncService.java:400)
08-06 03:16:31.073 14491 22291 E baseline.com.newsblur.network.APIResponse: 	at baseline.com.newsblur.service.NBSyncService.doSync(NBSyncService.java:298)
08-06 03:16:31.073 14491 22291 E baseline.com.newsblur.network.APIResponse: 	at baseline.com.newsblur.service.NBSyncService.access$100(NBSyncService.java:67)
08-06 03:16:31.073 14491 22291 E baseline.com.newsblur.network.APIResponse: 	at baseline.com.newsblur.service.NBSyncService$1.run(NBSyncService.java:188)
08-06 03:16:31.073 14491 22291 E baseline.com.newsblur.network.APIResponse: 	at java.util.concurrent.ThreadPoolExecutor.runWorker(ThreadPoolExecutor.java:1113)
08-06 03:16:31.073 14491 22291 E baseline.com.newsblur.network.APIResponse: 	at java.util.concurrent.ThreadPoolExecutor$Worker.run(ThreadPoolExecutor.java:588)
08-06 03:16:31.073 14491 22291 E baseline.com.newsblur.network.APIResponse: 	at java.lang.Thread.run(Thread.java:818)
08-06 03:16:31.073 14491 22291 E baseline.com.newsblur.network.APIResponse: Caused by: java.io.EOFException: \n not found: limit=0 content=
08-06 03:16:31.073 14491 22291 E baseline.com.newsblur.network.APIResponse: 	at okio.RealBufferedSource.readUtf8LineStrict(RealBufferedSource.java:240)
08-06 03:16:31.073 14491 22291 E baseline.com.newsblur.network.APIResponse: 	at okhttp3.internal.http1.Http1ExchangeCodec.readHeaderLine(Http1ExchangeCodec.java:242)
08-06 03:16:31.073 14491 22291 E baseline.com.newsblur.network.APIResponse: 	at okhttp3.internal.http1.Http1ExchangeCodec.readResponseHeaders(Http1ExchangeCodec.java:213)
08-06 03:16:31.073 14491 22291 E baseline.com.newsblur.network.APIResponse: 	... 30 more
08-06 03:16:31.073 14491 14503 I art     : Explicit concurrent mark sweep GC freed 422(46KB) AllocSpace objects, 0(0B) LOS objects, 29% free, 38MB/54MB, paused 1.357ms total 37.779ms
08-06 03:16:31.075 14491 22291 I baseline.com.newsblur.network.APIManager: API call failed, pausing before retry number 2
08-06 03:16:31.085 14491 14503 I art     : Starting a blocking GC Explicit
08-06 03:16:31.119 14491 14503 I art     : Explicit concurrent mark sweep GC freed 658(170KB) AllocSpace objects, 2(40KB) LOS objects, 29% free, 38MB/54MB, paused 925us total 33.885ms
08-06 03:16:31.129 14491 14503 I art     : Starting a blocking GC Explicit
08-06 03:16:31.164 14491 14503 I art     : Explicit concurrent mark sweep GC freed 47(1792B) AllocSpace objects, 0(0B) LOS objects, 29% free, 38MB/54MB, paused 1.001ms total 35.228ms
08-06 03:16:31.503   518   646 I ThermalEngine: ACTION: GPU - Setting GPU[0] to 450000000
08-06 03:16:31.515 14491 21624 I art     : Starting a blocking GC Explicit
08-06 03:16:31.570 14491 21624 I art     : Explicit concurrent mark sweep GC freed 1443(83KB) AllocSpace objects, 1(20KB) LOS objects, 29% free, 38MB/54MB, paused 1.511ms total 54.333ms
08-06 03:16:31.588 14491 21624 I art     : Starting a blocking GC Explicit
08-06 03:16:31.638 14491 21624 I art     : Explicit concurrent mark sweep GC freed 22(784B) AllocSpace objects, 0(0B) LOS objects, 29% free, 38MB/54MB, paused 1.461ms total 49.971ms
08-06 03:16:31.652 14491 21624 I art     : Starting a blocking GC Explicit
08-06 03:16:31.702 14491 21624 I art     : Explicit concurrent mark sweep GC freed 3(96B) AllocSpace objects, 0(0B) LOS objects, 29% free, 38MB/54MB, paused 1.383ms total 50.109ms
08-06 03:16:31.715 14491 21624 I art     : Starting a blocking GC Explicit
08-06 03:16:31.766 14491 21624 I art     : Explicit concurrent mark sweep GC freed 3(96B) AllocSpace objects, 0(0B) LOS objects, 29% free, 38MB/54MB, paused 1.389ms total 50.949ms
08-06 03:16:31.780 14491 21624 I art     : Starting a blocking GC Explicit
08-06 03:16:31.831 14491 21624 I art     : Explicit concurrent mark sweep GC freed 3(96B) AllocSpace objects, 0(0B) LOS objects, 29% free, 38MB/54MB, paused 1.422ms total 50.539ms
08-06 03:16:32.208 14491 22486 I art     : Starting a blocking GC Explicit
08-06 03:16:32.262 14491 22486 I art     : Explicit concurrent mark sweep GC freed 1444(83KB) AllocSpace objects, 1(20KB) LOS objects, 29% free, 38MB/54MB, paused 1.454ms total 53.851ms
08-06 03:16:32.278 14491 22486 I art     : Starting a blocking GC Explicit
08-06 03:16:32.328 14491 22486 I art     : Explicit concurrent mark sweep GC freed 22(784B) AllocSpace objects, 0(0B) LOS objects, 29% free, 38MB/54MB, paused 1.489ms total 49.161ms
08-06 03:16:32.341 14491 22486 I art     : Starting a blocking GC Explicit
08-06 03:16:32.389 14491 22486 I art     : Explicit concurrent mark sweep GC freed 3(96B) AllocSpace objects, 0(0B) LOS objects, 29% free, 38MB/54MB, paused 1.309ms total 47.527ms
08-06 03:16:32.402 14491 22486 I art     : Starting a blocking GC Explicit
08-06 03:16:32.449 14491 22486 I art     : Explicit concurrent mark sweep GC freed 3(96B) AllocSpace objects, 0(0B) LOS objects, 29% free, 38MB/54MB, paused 1.345ms total 46.941ms
08-06 03:16:32.462 14491 22486 I art     : Starting a blocking GC Explicit
08-06 03:16:32.509 14491 22486 I art     : Explicit concurrent mark sweep GC freed 3(96B) AllocSpace objects, 0(0B) LOS objects, 29% free, 38MB/54MB, paused 1.343ms total 46.693ms
08-06 03:16:32.892 14491 14502 I art     : Starting a blocking GC Explicit
08-06 03:16:32.944 14491 14502 I art     : Explicit concurrent mark sweep GC freed 1443(83KB) AllocSpace objects, 1(20KB) LOS objects, 29% free, 38MB/54MB, paused 1.376ms total 51.407ms
08-06 03:16:32.958 14491 14502 I art     : Starting a blocking GC Explicit
08-06 03:16:33.009 14491 14502 I art     : Explicit concurrent mark sweep GC freed 22(784B) AllocSpace objects, 0(0B) LOS objects, 29% free, 38MB/54MB, paused 1.442ms total 51.366ms
08-06 03:16:33.025 14491 14502 I art     : Starting a blocking GC Explicit
08-06 03:16:33.074 14491 14502 I art     : Explicit concurrent mark sweep GC freed 3(96B) AllocSpace objects, 0(0B) LOS objects, 29% free, 38MB/54MB, paused 1.414ms total 48.323ms
08-06 03:16:33.088 14491 14502 I art     : Starting a blocking GC Explicit
08-06 03:16:33.140 14491 14502 I art     : Explicit concurrent mark sweep GC freed 3(96B) AllocSpace objects, 0(0B) LOS objects, 29% free, 38MB/54MB, paused 1.465ms total 52.308ms
08-06 03:16:33.154 14491 14502 I art     : Starting a blocking GC Explicit
08-06 03:16:33.205 14491 14502 I art     : Explicit concurrent mark sweep GC freed 3(96B) AllocSpace objects, 0(0B) LOS objects, 29% free, 38MB/54MB, paused 1.441ms total 51.221ms
08-06 03:16:33.576 14491 14503 I art     : Starting a blocking GC Explicit
08-06 03:16:33.623 14491 14503 I art     : Explicit concurrent mark sweep GC freed 1444(83KB) AllocSpace objects, 1(20KB) LOS objects, 29% free, 38MB/54MB, paused 1.384ms total 46.131ms
08-06 03:16:33.636 14491 14503 I art     : Starting a blocking GC Explicit
08-06 03:16:33.682 14491 14503 I art     : Explicit concurrent mark sweep GC freed 22(784B) AllocSpace objects, 0(0B) LOS objects, 29% free, 38MB/54MB, paused 1.451ms total 46.093ms
08-06 03:16:33.695 14491 14503 I art     : Starting a blocking GC Explicit
08-06 03:16:33.745 14491 14503 I art     : Explicit concurrent mark sweep GC freed 3(96B) AllocSpace objects, 0(0B) LOS objects, 29% free, 38MB/54MB, paused 1.432ms total 49.636ms
08-06 03:16:33.759 14491 14503 I art     : Starting a blocking GC Explicit
08-06 03:16:33.807 14491 14503 I art     : Explicit concurrent mark sweep GC freed 3(96B) AllocSpace objects, 0(0B) LOS objects, 29% free, 38MB/54MB, paused 1.533ms total 48.407ms
08-06 03:16:33.821 14491 14503 I art     : Starting a blocking GC Explicit
08-06 03:16:33.871 14491 14503 I art     : Explicit concurrent mark sweep GC freed 3(96B) AllocSpace objects, 0(0B) LOS objects, 29% free, 38MB/54MB, paused 1.542ms total 49.579ms
08-06 03:16:34.091 22735 22735 D AndroidRuntime: >>>>>> START com.android.internal.os.RuntimeInit uid 2000 <<<<<<
08-06 03:16:34.097 22735 22735 D AndroidRuntime: CheckJNI is OFF
08-06 03:16:34.138 22735 22735 D ICU     : No timezone override file found: /data/misc/zoneinfo/current/icu/icu_tzdata.dat
08-06 03:16:34.180 22735 22735 I Radio-JNI: register_android_hardware_Radio DONE
08-06 03:16:34.209 22735 22735 D AndroidRuntime: Calling main entry com.android.commands.input.Input
08-06 03:16:34.211 22735 22735 I Input   : injectKeyEvent: KeyEvent { action=ACTION_DOWN, keyCode=KEYCODE_BACK, scanCode=0, metaState=0, flags=0x0, repeatCount=0, eventTime=847010624, downTime=847010624, deviceId=-1, source=0x101 }
08-06 03:16:34.216 22735 22735 I Input   : injectKeyEvent: KeyEvent { action=ACTION_UP, keyCode=KEYCODE_BACK, scanCode=0, metaState=0, flags=0x0, repeatCount=0, eventTime=847010624, downTime=847010624, deviceId=-1, source=0x101 }
08-06 03:16:34.222 22735 22735 D AndroidRuntime: Shutting down VM
08-06 03:16:34.251 14491 14503 I art     : Starting a blocking GC Explicit
08-06 03:16:34.298 14491 14503 I art     : Explicit concurrent mark sweep GC freed 1830(130KB) AllocSpace objects, 3(60KB) LOS objects, 29% free, 38MB/54MB, paused 1.578ms total 47.047ms
08-06 03:16:34.311 14491 14503 I art     : Starting a blocking GC Explicit
08-06 03:16:34.358 14491 14503 I art     : Explicit concurrent mark sweep GC freed 61(2288B) AllocSpace objects, 0(0B) LOS objects, 29% free, 38MB/54MB, paused 1.455ms total 46.640ms
08-06 03:16:34.372 14491 14503 I art     : Starting a blocking GC Explicit
08-06 03:16:34.422 14491 14503 I art     : Explicit concurrent mark sweep GC freed 1039(92KB) AllocSpace objects, 2(40KB) LOS objects, 29% free, 38MB/54MB, paused 1.404ms total 49.702ms
08-06 03:16:34.435 14491 14503 I art     : Starting a blocking GC Explicit
08-06 03:16:34.451 13866 13866 I GoogleInputMethodServic: GoogleInputMethodService.onFinishInput():3138 
08-06 03:16:34.454 13866 13866 I GoogleInputMethodServic: GoogleInputMethodService.onStartInput():1808 
08-06 03:16:34.478 14491 14503 I art     : Explicit concurrent mark sweep GC freed 516(41KB) AllocSpace objects, 0(0B) LOS objects, 29% free, 38MB/54MB, paused 1.398ms total 43.533ms
08-06 03:16:34.491 14491 14503 I art     : Starting a blocking GC Explicit
08-06 03:16:34.531 14491 14503 I art     : Explicit concurrent mark sweep GC freed 21(688B) AllocSpace objects, 1(28KB) LOS objects, 29% free, 38MB/54MB, paused 1.351ms total 40.315ms
08-06 03:16:34.644 14491 22291 E baseline.com.newsblur.network.APIResponse: Error (unexpected end of stream on https://www.newsblur.com/...) calling https://www.newsblur.com/reader/mark_story_hashes_as_read/
08-06 03:16:34.644 14491 22291 E baseline.com.newsblur.network.APIResponse: java.io.IOException: unexpected end of stream on https://www.newsblur.com/...
08-06 03:16:34.644 14491 22291 E baseline.com.newsblur.network.APIResponse: 	at okhttp3.internal.http1.Http1ExchangeCodec.readResponseHeaders(Http1ExchangeCodec.java:236)
08-06 03:16:34.644 14491 22291 E baseline.com.newsblur.network.APIResponse: 	at okhttp3.internal.connection.Exchange.readResponseHeaders(Exchange.java:115)
08-06 03:16:34.644 14491 22291 E baseline.com.newsblur.network.APIResponse: 	at okhttp3.internal.http.CallServerInterceptor.intercept(CallServerInterceptor.java:94)
08-06 03:16:34.644 14491 22291 E baseline.com.newsblur.network.APIResponse: 	at okhttp3.internal.http.RealInterceptorChain.proceed(RealInterceptorChain.java:142)
08-06 03:16:34.644 14491 22291 E baseline.com.newsblur.network.APIResponse: 	at okhttp3.internal.connection.ConnectInterceptor.intercept(ConnectInterceptor.java:43)
08-06 03:16:34.644 14491 22291 E baseline.com.newsblur.network.APIResponse: 	at okhttp3.internal.http.RealInterceptorChain.proceed(RealInterceptorChain.java:142)
08-06 03:16:34.644 14491 22291 E baseline.com.newsblur.network.APIResponse: 	at okhttp3.internal.http.RealInterceptorChain.proceed(RealInterceptorChain.java:117)
08-06 03:16:34.644 14491 22291 E baseline.com.newsblur.network.APIResponse: 	at okhttp3.internal.cache.CacheInterceptor.intercept(CacheInterceptor.java:94)
08-06 03:16:34.644 14491 22291 E baseline.com.newsblur.network.APIResponse: 	at okhttp3.internal.http.RealInterceptorChain.proceed(RealInterceptorChain.java:142)
08-06 03:16:34.644 14491 22291 E baseline.com.newsblur.network.APIResponse: 	at okhttp3.internal.http.RealInterceptorChain.proceed(RealInterceptorChain.java:117)
08-06 03:16:34.644 14491 22291 E baseline.com.newsblur.network.APIResponse: 	at okhttp3.internal.http.BridgeInterceptor.intercept(BridgeInterceptor.java:93)
08-06 03:16:34.644 14491 22291 E baseline.com.newsblur.network.APIResponse: 	at okhttp3.internal.http.RealInterceptorChain.proceed(RealInterceptorChain.java:142)
08-06 03:16:34.644 14491 22291 E baseline.com.newsblur.network.APIResponse: 	at okhttp3.internal.http.RetryAndFollowUpInterceptor.intercept(RetryAndFollowUpInterceptor.java:88)
08-06 03:16:34.644 14491 22291 E baseline.com.newsblur.network.APIResponse: 	at okhttp3.internal.http.RealInterceptorChain.proceed(RealInterceptorChain.java:142)
08-06 03:16:34.644 14491 22291 E baseline.com.newsblur.network.APIResponse: 	at okhttp3.internal.http.RealInterceptorChain.proceed(RealInterceptorChain.java:117)
08-06 03:16:34.644 14491 22291 E baseline.com.newsblur.network.APIResponse: 	at okhttp3.RealCall.getResponseWithInterceptorChain(RealCall.java:229)
08-06 03:16:34.644 14491 22291 E baseline.com.newsblur.network.APIResponse: 	at okhttp3.RealCall.execute(RealCall.java:81)
08-06 03:16:34.644 14491 22291 E baseline.com.newsblur.network.APIResponse: 	at baseline.com.newsblur.network.APIResponse.<init>(APIResponse.java:57)
08-06 03:16:34.644 14491 22291 E baseline.com.newsblur.network.APIResponse: 	at baseline.com.newsblur.network.APIResponse.<init>(APIResponse.java:43)
08-06 03:16:34.644 14491 22291 E baseline.com.newsblur.network.APIResponse: 	at baseline.com.newsblur.network.APIManager.post_single(APIManager.java:702)
08-06 03:16:34.644 14491 22291 E baseline.com.newsblur.network.APIResponse: 	at baseline.com.newsblur.network.APIManager.post(APIManager.java:675)
08-06 03:16:34.644 14491 22291 E baseline.com.newsblur.network.APIResponse: 	at baseline.com.newsblur.network.APIManager.post(APIManager.java:714)
08-06 03:16:34.644 14491 22291 E baseline.com.newsblur.network.APIResponse: 	at baseline.com.newsblur.network.APIManager.markStoryAsRead(APIManager.java:205)
08-06 03:16:34.644 14491 22291 E baseline.com.newsblur.network.APIResponse: 	at baseline.com.newsblur.util.ReadingAction.doRemote(ReadingAction.java:281)
08-06 03:16:34.644 14491 22291 E baseline.com.newsblur.network.APIResponse: 	at baseline.com.newsblur.service.NBSyncService.syncActions(NBSyncService.java:400)
08-06 03:16:34.644 14491 22291 E baseline.com.newsblur.network.APIResponse: 	at baseline.com.newsblur.service.NBSyncService.doSync(NBSyncService.java:298)
08-06 03:16:34.644 14491 22291 E baseline.com.newsblur.network.APIResponse: 	at baseline.com.newsblur.service.NBSyncService.access$100(NBSyncService.java:67)
08-06 03:16:34.644 14491 22291 E baseline.com.newsblur.network.APIResponse: 	at baseline.com.newsblur.service.NBSyncService$1.run(NBSyncService.java:188)
08-06 03:16:34.644 14491 22291 E baseline.com.newsblur.network.APIResponse: 	at java.util.concurrent.ThreadPoolExecutor.runWorker(ThreadPoolExecutor.java:1113)
08-06 03:16:34.644 14491 22291 E baseline.com.newsblur.network.APIResponse: 	at java.util.concurrent.ThreadPoolExecutor$Worker.run(ThreadPoolExecutor.java:588)
08-06 03:16:34.644 14491 22291 E baseline.com.newsblur.network.APIResponse: 	at java.lang.Thread.run(Thread.java:818)
08-06 03:16:34.644 14491 22291 E baseline.com.newsblur.network.APIResponse: Caused by: java.io.EOFException: \n not found: limit=0 content=
08-06 03:16:34.644 14491 22291 E baseline.com.newsblur.network.APIResponse: 	at okio.RealBufferedSource.readUtf8LineStrict(RealBufferedSource.java:240)
08-06 03:16:34.644 14491 22291 E baseline.com.newsblur.network.APIResponse: 	at okhttp3.internal.http1.Http1ExchangeCodec.readHeaderLine(Http1ExchangeCodec.java:242)
08-06 03:16:34.644 14491 22291 E baseline.com.newsblur.network.APIResponse: 	at okhttp3.internal.http1.Http1ExchangeCodec.readResponseHeaders(Http1ExchangeCodec.java:213)
08-06 03:16:34.644 14491 22291 E baseline.com.newsblur.network.APIResponse: 	... 30 more
08-06 03:16:34.645 14491 22291 I baseline.com.newsblur.service.NBSyncService: Holding reading action with server-side or network error.
08-06 03:16:34.660 14491 22291 W baseline.com.newsblur.service.NBSyncService: hard API failure
08-06 03:16:34.738   918  3261 D WifiStateMachine: starting scan for "H369AA63323"WPA_PSK with 2412,5180
08-06 03:16:34.882 14491 14503 I art     : Starting a blocking GC Explicit
08-06 03:16:34.939 14491 14503 I art     : Explicit concurrent mark sweep GC freed 5919(518KB) AllocSpace objects, 7(140KB) LOS objects, 29% free, 38MB/54MB, paused 1.517ms total 56.828ms
08-06 03:16:34.954 14491 14503 I art     : Starting a blocking GC Explicit
08-06 03:16:34.999 14491 14503 I art     : Explicit concurrent mark sweep GC freed 569(24KB) AllocSpace objects, 0(0B) LOS objects, 29% free, 38MB/54MB, paused 1.870ms total 45.103ms
08-06 03:16:35.013 14491 14503 I art     : Starting a blocking GC Explicit
08-06 03:16:35.048 14491 22291 E baseline.com.newsblur.network.APIResponse: Error (unexpected end of stream on https://www.newsblur.com/...) calling https://www.newsblur.com/reader/mark_story_hashes_as_read/
08-06 03:16:35.048 14491 22291 E baseline.com.newsblur.network.APIResponse: java.io.IOException: unexpected end of stream on https://www.newsblur.com/...
08-06 03:16:35.048 14491 22291 E baseline.com.newsblur.network.APIResponse: 	at okhttp3.internal.http1.Http1ExchangeCodec.readResponseHeaders(Http1ExchangeCodec.java:236)
08-06 03:16:35.048 14491 22291 E baseline.com.newsblur.network.APIResponse: 	at okhttp3.internal.connection.Exchange.readResponseHeaders(Exchange.java:115)
08-06 03:16:35.048 14491 22291 E baseline.com.newsblur.network.APIResponse: 	at okhttp3.internal.http.CallServerInterceptor.intercept(CallServerInterceptor.java:94)
08-06 03:16:35.048 14491 22291 E baseline.com.newsblur.network.APIResponse: 	at okhttp3.internal.http.RealInterceptorChain.proceed(RealInterceptorChain.java:142)
08-06 03:16:35.048 14491 22291 E baseline.com.newsblur.network.APIResponse: 	at okhttp3.internal.connection.ConnectInterceptor.intercept(ConnectInterceptor.java:43)
08-06 03:16:35.048 14491 22291 E baseline.com.newsblur.network.APIResponse: 	at okhttp3.internal.http.RealInterceptorChain.proceed(RealInterceptorChain.java:142)
08-06 03:16:35.048 14491 22291 E baseline.com.newsblur.network.APIResponse: 	at okhttp3.internal.http.RealInterceptorChain.proceed(RealInterceptorChain.java:117)
08-06 03:16:35.048 14491 22291 E baseline.com.newsblur.network.APIResponse: 	at okhttp3.internal.cache.CacheInterceptor.intercept(CacheInterceptor.java:94)
08-06 03:16:35.048 14491 22291 E baseline.com.newsblur.network.APIResponse: 	at okhttp3.internal.http.RealInterceptorChain.proceed(RealInterceptorChain.java:142)
08-06 03:16:35.048 14491 22291 E baseline.com.newsblur.network.APIResponse: 	at okhttp3.internal.http.RealInterceptorChain.proceed(RealInterceptorChain.java:117)
08-06 03:16:35.048 14491 22291 E baseline.com.newsblur.network.APIResponse: 	at okhttp3.internal.http.BridgeInterceptor.intercept(BridgeInterceptor.java:93)
08-06 03:16:35.048 14491 22291 E baseline.com.newsblur.network.APIResponse: 	at okhttp3.internal.http.RealInterceptorChain.proceed(RealInterceptorChain.java:142)
08-06 03:16:35.048 14491 22291 E baseline.com.newsblur.network.APIResponse: 	at okhttp3.internal.http.RetryAndFollowUpInterceptor.intercept(RetryAndFollowUpInterceptor.java:88)
08-06 03:16:35.048 14491 22291 E baseline.com.newsblur.network.APIResponse: 	at okhttp3.internal.http.RealInterceptorChain.proceed(RealInterceptorChain.java:142)
08-06 03:16:35.048 14491 22291 E baseline.com.newsblur.network.APIResponse: 	at okhttp3.internal.http.RealInterceptorChain.proceed(RealInterceptorChain.java:117)
08-06 03:16:35.048 14491 22291 E baseline.com.newsblur.network.APIResponse: 	at okhttp3.RealCall.getResponseWithInterceptorChain(RealCall.java:229)
08-06 03:16:35.048 14491 22291 E baseline.com.newsblur.network.APIResponse: 	at okhttp3.RealCall.execute(RealCall.java:81)
08-06 03:16:35.048 14491 22291 E baseline.com.newsblur.network.APIResponse: 	at baseline.com.newsblur.network.APIResponse.<init>(APIResponse.java:57)
08-06 03:16:35.048 14491 22291 E baseline.com.newsblur.network.APIResponse: 	at baseline.com.newsblur.network.APIResponse.<init>(APIResponse.java:43)
08-06 03:16:35.048 14491 22291 E baseline.com.newsblur.network.APIResponse: 	at baseline.com.newsblur.network.APIManager.post_single(APIManager.java:702)
08-06 03:16:35.048 14491 22291 E baseline.com.newsblur.network.APIResponse: 	at baseline.com.newsblur.network.APIManager.post(APIManager.java:675)
08-06 03:16:35.048 14491 22291 E baseline.com.newsblur.network.APIResponse: 	at baseline.com.newsblur.network.APIManager.post(APIManager.java:714)
08-06 03:16:35.048 14491 22291 E baseline.com.newsblur.network.APIResponse: 	at baseline.com.newsblur.network.APIManager.markStoryAsRead(APIManager.java:205)
08-06 03:16:35.048 14491 22291 E baseline.com.newsblur.network.APIResponse: 	at baseline.com.newsblur.util.ReadingAction.doRemote(ReadingAction.java:281)
08-06 03:16:35.048 14491 22291 E baseline.com.newsblur.network.APIResponse: 	at baseline.com.newsblur.service.NBSyncService.syncActions(NBSyncService.java:400)
08-06 03:16:35.048 14491 22291 E baseline.com.newsblur.network.APIResponse: 	at baseline.com.newsblur.service.NBSyncService.doSync(NBSyncService.java:298)
08-06 03:16:35.048 14491 22291 E baseline.com.newsblur.network.APIResponse: 	at baseline.com.newsblur.service.NBSyncService.access$100(NBSyncService.java:67)
08-06 03:16:35.048 14491 22291 E baseline.com.newsblur.network.APIResponse: 	at baseline.com.newsblur.service.NBSyncService$1.run(NBSyncService.java:188)
08-06 03:16:35.048 14491 22291 E baseline.com.newsblur.network.APIResponse: 	at java.util.concurrent.ThreadPoolExecutor.runWorker(ThreadPoolExecutor.java:1113)
08-06 03:16:35.048 14491 22291 E baseline.com.newsblur.network.APIResponse: 	at java.util.concurrent.ThreadPoolExecutor$Worker.run(ThreadPoolExecutor.java:588)
08-06 03:16:35.048 14491 22291 E baseline.com.newsblur.network.APIResponse: 	at java.lang.Thread.run(Thread.java:818)
08-06 03:16:35.048 14491 22291 E baseline.com.newsblur.network.APIResponse: Caused by: java.io.EOFException: \n not found: limit=0 content=
08-06 03:16:35.048 14491 22291 E baseline.com.newsblur.network.APIResponse: 	at okio.RealBufferedSource.readUtf8LineStrict(RealBufferedSource.java:240)
08-06 03:16:35.048 14491 22291 E baseline.com.newsblur.network.APIResponse: 	at okhttp3.internal.http1.Http1ExchangeCodec.readHeaderLine(Http1ExchangeCodec.java:242)
08-06 03:16:35.048 14491 22291 E baseline.com.newsblur.network.APIResponse: 	at okhttp3.internal.http1.Http1ExchangeCodec.readResponseHeaders(Http1ExchangeCodec.java:213)
08-06 03:16:35.048 14491 22291 E baseline.com.newsblur.network.APIResponse: 	... 30 more
08-06 03:16:35.049 14491 22291 I baseline.com.newsblur.network.APIManager: API call failed, pausing before retry number 1
08-06 03:16:35.063 14491 14503 I art     : Explicit concurrent mark sweep GC freed 2227(250KB) AllocSpace objects, 2(40KB) LOS objects, 29% free, 38MB/54MB, paused 1.445ms total 49.447ms
08-06 03:16:35.077 14491 14503 I art     : Starting a blocking GC Explicit
08-06 03:16:35.122 14491 14503 I art     : Explicit concurrent mark sweep GC freed 159(18KB) AllocSpace objects, 0(0B) LOS objects, 29% free, 38MB/54MB, paused 1.238ms total 44.908ms
08-06 03:16:35.135 14491 14503 I art     : Starting a blocking GC Explicit
08-06 03:16:35.186 14491 14503 I art     : Explicit concurrent mark sweep GC freed 32(1056B) AllocSpace objects, 0(0B) LOS objects, 29% free, 38MB/54MB, paused 1.301ms total 50.344ms
08-06 03:16:35.560 14491 22486 I art     : Starting a blocking GC Explicit
08-06 03:16:35.618 14491 22486 I art     : Explicit concurrent mark sweep GC freed 1493(84KB) AllocSpace objects, 1(20KB) LOS objects, 29% free, 38MB/54MB, paused 1.550ms total 56.907ms
08-06 03:16:35.634 14491 22486 I art     : Starting a blocking GC Explicit
08-06 03:16:35.684 14491 22486 I art     : Explicit concurrent mark sweep GC freed 30(1040B) AllocSpace objects, 0(0B) LOS objects, 29% free, 38MB/54MB, paused 1.361ms total 49.707ms
08-06 03:16:35.698 14491 22486 I art     : Starting a blocking GC Explicit
08-06 03:16:35.746 14491 22486 I art     : Explicit concurrent mark sweep GC freed 11(352B) AllocSpace objects, 0(0B) LOS objects, 29% free, 38MB/54MB, paused 1.524ms total 48.003ms
08-06 03:16:35.760 14491 22486 I art     : Starting a blocking GC Explicit
08-06 03:16:35.799 14548 14548 I ServiceManager: Waiting for service AtCmdFwd...
08-06 03:16:35.810 14491 22486 I art     : Explicit concurrent mark sweep GC freed 11(352B) AllocSpace objects, 0(0B) LOS objects, 29% free, 38MB/54MB, paused 1.664ms total 49.813ms
08-06 03:16:35.824 14491 22486 I art     : Starting a blocking GC Explicit
08-06 03:16:35.874 14491 22486 I art     : Explicit concurrent mark sweep GC freed 6(192B) AllocSpace objects, 0(0B) LOS objects, 29% free, 38MB/54MB, paused 1.346ms total 50.139ms
08-06 03:16:36.039 22780 22780 D AndroidRuntime: >>>>>> START com.android.internal.os.RuntimeInit uid 2000 <<<<<<
08-06 03:16:36.046 22780 22780 D AndroidRuntime: CheckJNI is OFF
08-06 03:16:36.086 22780 22780 D ICU     : No timezone override file found: /data/misc/zoneinfo/current/icu/icu_tzdata.dat
08-06 03:16:36.127 22780 22780 I Radio-JNI: register_android_hardware_Radio DONE
08-06 03:16:36.156 22780 22780 D AndroidRuntime: Calling main entry com.android.commands.input.Input
08-06 03:16:36.158 22780 22780 I Input   : injectKeyEvent: KeyEvent { action=ACTION_DOWN, keyCode=KEYCODE_BACK, scanCode=0, metaState=0, flags=0x0, repeatCount=0, eventTime=847012571, downTime=847012571, deviceId=-1, source=0x101 }
08-06 03:16:36.163 22780 22780 I Input   : injectKeyEvent: KeyEvent { action=ACTION_UP, keyCode=KEYCODE_BACK, scanCode=0, metaState=0, flags=0x0, repeatCount=0, eventTime=847012571, downTime=847012571, deviceId=-1, source=0x101 }
08-06 03:16:36.170 22780 22780 D AndroidRuntime: Shutting down VM
08-06 03:16:36.246 14491 22486 I art     : Starting a blocking GC Explicit
08-06 03:16:36.296 14491 22486 I art     : Explicit concurrent mark sweep GC freed 1784(148KB) AllocSpace objects, 5(100KB) LOS objects, 29% free, 38MB/54MB, paused 1.488ms total 48.963ms
08-06 03:16:36.309 14491 22486 I art     : Starting a blocking GC Explicit
08-06 03:16:36.357 14491 22486 I art     : Explicit concurrent mark sweep GC freed 3401(229KB) AllocSpace objects, 5(100KB) LOS objects, 29% free, 38MB/54MB, paused 1.791ms total 47.691ms
08-06 03:16:36.366 13866 13866 I GoogleInputMethodServic: GoogleInputMethodService.onFinishInput():3138 
08-06 03:16:36.367 13866 13866 I GoogleInputMethodServic: GoogleInputMethodService.onStartInput():1808 
08-06 03:16:36.370 14491 22486 I art     : Starting a blocking GC Explicit
08-06 03:16:36.419 14491 22486 I art     : Explicit concurrent mark sweep GC freed 4671(291KB) AllocSpace objects, 3(60KB) LOS objects, 29% free, 38MB/54MB, paused 1.539ms total 47.907ms
08-06 03:16:36.432 14491 22486 I art     : Starting a blocking GC Explicit
08-06 03:16:36.477 14491 22486 I art     : Explicit concurrent mark sweep GC freed 172(6KB) AllocSpace objects, 0(0B) LOS objects, 29% free, 38MB/54MB, paused 1.275ms total 45.176ms
08-06 03:16:36.490 14491 22486 I art     : Starting a blocking GC Explicit
08-06 03:16:36.533 14491 22486 I art     : Explicit concurrent mark sweep GC freed 3(96B) AllocSpace objects, 0(0B) LOS objects, 29% free, 38MB/54MB, paused 1.323ms total 42.945ms
08-06 03:16:36.799 14548 14548 I ServiceManager: Waiting for service AtCmdFwd...
08-06 03:16:36.887 14491 14502 I art     : Starting a blocking GC Explicit
08-06 03:16:36.948 14491 14502 I art     : Explicit concurrent mark sweep GC freed 2078(112KB) AllocSpace objects, 1(20KB) LOS objects, 29% free, 38MB/54MB, paused 1.716ms total 60.478ms
08-06 03:16:36.962 14491 14502 I art     : Starting a blocking GC Explicit
08-06 03:16:37.011 14491 14502 I art     : Explicit concurrent mark sweep GC freed 172(7KB) AllocSpace objects, 0(0B) LOS objects, 29% free, 38MB/54MB, paused 1.472ms total 48.393ms
08-06 03:16:37.024 14491 14502 I art     : Starting a blocking GC Explicit
08-06 03:16:37.073 14491 14502 I art     : Explicit concurrent mark sweep GC freed 1663(65KB) AllocSpace objects, 0(0B) LOS objects, 29% free, 38MB/54MB, paused 1.468ms total 48.443ms
08-06 03:16:37.087 14491 14502 I art     : Starting a blocking GC Explicit
08-06 03:16:37.100 14491 22291 E baseline.com.newsblur.network.APIResponse: Error (unexpected end of stream on https://www.newsblur.com/...) calling https://www.newsblur.com/reader/mark_story_hashes_as_read/
08-06 03:16:37.100 14491 22291 E baseline.com.newsblur.network.APIResponse: java.io.IOException: unexpected end of stream on https://www.newsblur.com/...
08-06 03:16:37.100 14491 22291 E baseline.com.newsblur.network.APIResponse: 	at okhttp3.internal.http1.Http1ExchangeCodec.readResponseHeaders(Http1ExchangeCodec.java:236)
08-06 03:16:37.100 14491 22291 E baseline.com.newsblur.network.APIResponse: 	at okhttp3.internal.connection.Exchange.readResponseHeaders(Exchange.java:115)
08-06 03:16:37.100 14491 22291 E baseline.com.newsblur.network.APIResponse: 	at okhttp3.internal.http.CallServerInterceptor.intercept(CallServerInterceptor.java:94)
08-06 03:16:37.100 14491 22291 E baseline.com.newsblur.network.APIResponse: 	at okhttp3.internal.http.RealInterceptorChain.proceed(RealInterceptorChain.java:142)
08-06 03:16:37.100 14491 22291 E baseline.com.newsblur.network.APIResponse: 	at okhttp3.internal.connection.ConnectInterceptor.intercept(ConnectInterceptor.java:43)
08-06 03:16:37.100 14491 22291 E baseline.com.newsblur.network.APIResponse: 	at okhttp3.internal.http.RealInterceptorChain.proceed(RealInterceptorChain.java:142)
08-06 03:16:37.100 14491 22291 E baseline.com.newsblur.network.APIResponse: 	at okhttp3.internal.http.RealInterceptorChain.proceed(RealInterceptorChain.java:117)
08-06 03:16:37.100 14491 22291 E baseline.com.newsblur.network.APIResponse: 	at okhttp3.internal.cache.CacheInterceptor.intercept(CacheInterceptor.java:94)
08-06 03:16:37.100 14491 22291 E baseline.com.newsblur.network.APIResponse: 	at okhttp3.internal.http.RealInterceptorChain.proceed(RealInterceptorChain.java:142)
08-06 03:16:37.100 14491 22291 E baseline.com.newsblur.network.APIResponse: 	at okhttp3.internal.http.RealInterceptorChain.proceed(RealInterceptorChain.java:117)
08-06 03:16:37.100 14491 22291 E baseline.com.newsblur.network.APIResponse: 	at okhttp3.internal.http.BridgeInterceptor.intercept(BridgeInterceptor.java:93)
08-06 03:16:37.100 14491 22291 E baseline.com.newsblur.network.APIResponse: 	at okhttp3.internal.http.RealInterceptorChain.proceed(RealInterceptorChain.java:142)
08-06 03:16:37.100 14491 22291 E baseline.com.newsblur.network.APIResponse: 	at okhttp3.internal.http.RetryAndFollowUpInterceptor.intercept(RetryAndFollowUpInterceptor.java:88)
08-06 03:16:37.100 14491 22291 E baseline.com.newsblur.network.APIResponse: 	at okhttp3.internal.http.RealInterceptorChain.proceed(RealInterceptorChain.java:142)
08-06 03:16:37.100 14491 22291 E baseline.com.newsblur.network.APIResponse: 	at okhttp3.internal.http.RealInterceptorChain.proceed(RealInterceptorChain.java:117)
08-06 03:16:37.100 14491 22291 E baseline.com.newsblur.network.APIResponse: 	at okhttp3.RealCall.getResponseWithInterceptorChain(RealCall.java:229)
08-06 03:16:37.100 14491 22291 E baseline.com.newsblur.network.APIResponse: 	at okhttp3.RealCall.execute(RealCall.java:81)
08-06 03:16:37.100 14491 22291 E baseline.com.newsblur.network.APIResponse: 	at baseline.com.newsblur.network.APIResponse.<init>(APIResponse.java:57)
08-06 03:16:37.100 14491 22291 E baseline.com.newsblur.network.APIResponse: 	at baseline.com.newsblur.network.APIResponse.<init>(APIResponse.java:43)
08-06 03:16:37.100 14491 22291 E baseline.com.newsblur.network.APIResponse: 	at baseline.com.newsblur.network.APIManager.post_single(APIManager.java:702)
08-06 03:16:37.100 14491 22291 E baseline.com.newsblur.network.APIResponse: 	at baseline.com.newsblur.network.APIManager.post(APIManager.java:675)
08-06 03:16:37.100 14491 22291 E baseline.com.newsblur.network.APIResponse: 	at baseline.com.newsblur.network.APIManager.post(APIManager.java:714)
08-06 03:16:37.100 14491 22291 E baseline.com.newsblur.network.APIResponse: 	at baseline.com.newsblur.network.APIManager.markStoryAsRead(APIManager.java:205)
08-06 03:16:37.100 14491 22291 E baseline.com.newsblur.network.APIResponse: 	at baseline.com.newsblur.util.ReadingAction.doRemote(ReadingAction.java:281)
08-06 03:16:37.100 14491 22291 E baseline.com.newsblur.network.APIResponse: 	at baseline.com.newsblur.service.NBSyncService.syncActions(NBSyncService.java:400)
08-06 03:16:37.100 14491 22291 E baseline.com.newsblur.network.APIResponse: 	at baseline.com.newsblur.service.NBSyncService.doSync(NBSyncService.java:298)
08-06 03:16:37.100 14491 22291 E baseline.com.newsblur.network.APIResponse: 	at baseline.com.newsblur.service.NBSyncService.access$100(NBSyncService.java:67)
08-06 03:16:37.100 14491 22291 E baseline.com.newsblur.network.APIResponse: 	at baseline.com.newsblur.service.NBSyncService$1.run(NBSyncService.java:188)
08-06 03:16:37.100 14491 22291 E baseline.com.newsblur.network.APIResponse: 	at java.util.concurrent.ThreadPoolExecutor.runWorker(ThreadPoolExecutor.java:1113)
08-06 03:16:37.100 14491 22291 E baseline.com.newsblur.network.APIResponse: 	at java.util.concurrent.ThreadPoolExecutor$Worker.run(ThreadPoolExecutor.java:588)
08-06 03:16:37.100 14491 22291 E baseline.com.newsblur.network.APIResponse: 	at java.lang.Thread.run(Thread.java:818)
08-06 03:16:37.100 14491 22291 E baseline.com.newsblur.network.APIResponse: Caused by: java.io.EOFException: \n not found: limit=0 content=
08-06 03:16:37.100 14491 22291 E baseline.com.newsblur.network.APIResponse: 	at okio.RealBufferedSource.readUtf8LineStrict(RealBufferedSource.java:240)
08-06 03:16:37.100 14491 22291 E baseline.com.newsblur.network.APIResponse: 	at okhttp3.internal.http1.Http1ExchangeCodec.readHeaderLine(Http1ExchangeCodec.java:242)
08-06 03:16:37.100 14491 22291 E baseline.com.newsblur.network.APIResponse: 	at okhttp3.internal.http1.Http1ExchangeCodec.readResponseHeaders(Http1ExchangeCodec.java:213)
08-06 03:16:37.100 14491 22291 E baseline.com.newsblur.network.APIResponse: 	... 30 more
08-06 03:16:37.101 14491 22291 I baseline.com.newsblur.network.APIManager: API call failed, pausing before retry number 2
08-06 03:16:37.135 14491 14502 I art     : Explicit concurrent mark sweep GC freed 830(196KB) AllocSpace objects, 2(40KB) LOS objects, 29% free, 38MB/54MB, paused 1.397ms total 48.333ms
08-06 03:16:37.149 14491 14502 I art     : Starting a blocking GC Explicit
08-06 03:16:37.197 14491 14502 I art     : Explicit concurrent mark sweep GC freed 125(16KB) AllocSpace objects, 0(0B) LOS objects, 29% free, 38MB/54MB, paused 1.414ms total 47.455ms
08-06 03:16:37.543 14491 22486 I art     : Starting a blocking GC Explicit
08-06 03:16:37.594 14491 22486 I art     : Explicit concurrent mark sweep GC freed 1547(86KB) AllocSpace objects, 1(20KB) LOS objects, 29% free, 38MB/54MB, paused 1.365ms total 50.505ms
08-06 03:16:37.608 14491 22486 I art     : Starting a blocking GC Explicit
08-06 03:16:37.655 14491 22486 I art     : Explicit concurrent mark sweep GC freed 28(976B) AllocSpace objects, 0(0B) LOS objects, 29% free, 38MB/54MB, paused 1.336ms total 47.015ms
08-06 03:16:37.669 14491 22486 I art     : Starting a blocking GC Explicit
08-06 03:16:37.715 14491 22486 I art     : Explicit concurrent mark sweep GC freed 11(352B) AllocSpace objects, 0(0B) LOS objects, 29% free, 38MB/54MB, paused 1.364ms total 45.847ms
08-06 03:16:37.728 14491 22486 I art     : Starting a blocking GC Explicit
08-06 03:16:37.775 14491 22486 I art     : Explicit concurrent mark sweep GC freed 10(320B) AllocSpace objects, 0(0B) LOS objects, 29% free, 38MB/54MB, paused 1.341ms total 46.529ms
08-06 03:16:37.789 14491 22486 I art     : Starting a blocking GC Explicit
08-06 03:16:37.800 14548 14548 I ServiceManager: Waiting for service AtCmdFwd...
08-06 03:16:37.838 14491 22486 I art     : Explicit concurrent mark sweep GC freed 5(160B) AllocSpace objects, 0(0B) LOS objects, 29% free, 38MB/54MB, paused 1.537ms total 48.543ms
08-06 03:16:37.948 22821 22821 D AndroidRuntime: >>>>>> START com.android.internal.os.RuntimeInit uid 2000 <<<<<<
08-06 03:16:37.955 22821 22821 D AndroidRuntime: CheckJNI is OFF
08-06 03:16:37.997 22821 22821 D ICU     : No timezone override file found: /data/misc/zoneinfo/current/icu/icu_tzdata.dat
08-06 03:16:38.039 22821 22821 I Radio-JNI: register_android_hardware_Radio DONE
08-06 03:16:38.066 22821 22821 D AndroidRuntime: Calling main entry com.android.commands.input.Input
08-06 03:16:38.069 22821 22821 I Input   : injectMotionEvent: MotionEvent { action=ACTION_DOWN, actionButton=0, id[0]=0, x[0]=553.0, y[0]=442.0, toolType[0]=TOOL_TYPE_UNKNOWN, buttonState=0, metaState=0, flags=0x0, edgeFlags=0x0, pointerCount=1, historySize=0, eventTime=847014481, downTime=847014481, deviceId=0, source=0x1002 }
08-06 03:16:38.074 22821 22821 I Input   : injectMotionEvent: MotionEvent { action=ACTION_UP, actionButton=0, id[0]=0, x[0]=553.0, y[0]=442.0, toolType[0]=TOOL_TYPE_UNKNOWN, buttonState=0, metaState=0, flags=0x0, edgeFlags=0x0, pointerCount=1, historySize=0, eventTime=847014481, downTime=847014481, deviceId=0, source=0x1002 }
08-06 03:16:38.077 22821 22821 D AndroidRuntime: Shutting down VM
08-06 03:16:38.145   918  6111 I ActivityManager: START u0 {cmp=baseline.com.newsblur/.activity.AllSharedStoriesItemsList (has extras)} from uid 10698 on display 0
08-06 03:16:38.174 14491 21652 I baseline.com.newsblur.database.BlurDatabaseHelper: reading session reset
08-06 03:16:38.197 14491 22486 I art     : Starting a blocking GC Explicit
08-06 03:16:38.245 14491 22486 I art     : Explicit concurrent mark sweep GC freed 3536(294KB) AllocSpace objects, 6(212KB) LOS objects, 29% free, 38MB/54MB, paused 1.477ms total 47.336ms
08-06 03:16:38.258 14491 22486 I art     : Starting a blocking GC Explicit
08-06 03:16:38.304 14491 22486 I art     : Explicit concurrent mark sweep GC freed 214(10KB) AllocSpace objects, 0(0B) LOS objects, 29% free, 38MB/54MB, paused 1.412ms total 46.257ms
08-06 03:16:38.323 14491 22486 I art     : Starting a blocking GC Explicit
08-06 03:16:38.369 14491 22486 I art     : Explicit concurrent mark sweep GC freed 592(45KB) AllocSpace objects, 1(20KB) LOS objects, 29% free, 38MB/54MB, paused 2.208ms total 46.134ms
08-06 03:16:38.379 14491 14491 W View    : requestLayout() improperly called by android.widget.FrameLayout{b2413eb V.E...... ......ID 0,0-1440,0 #7f07003f app:id/footer_view_inner} during layout: running second layout pass
08-06 03:16:38.379 14491 14491 W View    : requestLayout() improperly called by android.widget.FrameLayout{f304548 V.E...... ......ID 0,0-1440,2091 #7f07003f app:id/footer_view_inner} during layout: running second layout pass
08-06 03:16:38.386 14491 22486 I art     : Starting a blocking GC Explicit
08-06 03:16:38.399   918   936 I ActivityManager: Displayed baseline.com.newsblur/.activity.AllSharedStoriesItemsList: +242ms
08-06 03:16:38.400 13866 13866 I GoogleInputMethodServic: GoogleInputMethodService.onFinishInput():3138 
08-06 03:16:38.400 13866 13866 I GoogleInputMethodServic: GoogleInputMethodService.onStartInput():1808 
08-06 03:16:38.434 14491 22486 I art     : Explicit concurrent mark sweep GC freed 925(85KB) AllocSpace objects, 5(100KB) LOS objects, 29% free, 38MB/54MB, paused 1.857ms total 47.903ms
08-06 03:16:38.447 14491 22486 I art     : Starting a blocking GC Explicit
08-06 03:16:38.497 14491 22486 I art     : Explicit concurrent mark sweep GC freed 1045(62KB) AllocSpace objects, 3(60KB) LOS objects, 29% free, 38MB/54MB, paused 1.718ms total 49.727ms
08-06 03:16:38.520 14491 22850 I NAPPA_EXPERIMENTATION: MetricNetworkRequestExecutionTime: REQUEST_DURATION_SYSTEM='66',REQUEST_DURATION_OKHTTP='64',REQUEST_SYNCHRONOUS='TRUE',RESPONSE_CODE='200',RESPONSE_METHOD='GET',RESPONSE_LENGTH_OKHTTP='43',RESPONSE_LENGTH_HEADER='43',REQUEST_PROTOCOL='http/1.1',REQUEST_URL='http://feeds.feedburner.com/~r/retort/~4/UffaFMiJbNs',
08-06 03:16:38.630 14491 21657 I NAPPA_EXPERIMENTATION: MetricNetworkRequestExecutionTime: REQUEST_DURATION_SYSTEM='153',REQUEST_DURATION_OKHTTP='151',REQUEST_SYNCHRONOUS='TRUE',RESPONSE_CODE='200',RESPONSE_METHOD='GET',RESPONSE_LENGTH_OKHTTP='56376',RESPONSE_LENGTH_HEADER='56376',REQUEST_PROTOCOL='h2',REQUEST_URL='https://images.fastcompany.net/image/upload/w_1280,q_auto,f_auto,fl_lossy/wp-cms/uploads/2020/07/p-1-quit-after-covid.jpg',
08-06 03:16:38.800 14548 14548 I ServiceManager: Waiting for service AtCmdFwd...
08-06 03:16:38.837 14491 22486 I art     : Starting a blocking GC Explicit
08-06 03:16:38.892 14491 22486 I art     : Explicit concurrent mark sweep GC freed 2669(189KB) AllocSpace objects, 7(3MB) LOS objects, 28% free, 40MB/56MB, paused 1.351ms total 54.722ms
08-06 03:16:38.906 14491 22486 I art     : Starting a blocking GC Explicit
08-06 03:16:38.956 14491 22486 I art     : Explicit concurrent mark sweep GC freed 77(2912B) AllocSpace objects, 0(0B) LOS objects, 28% free, 40MB/56MB, paused 1.460ms total 49.416ms
08-06 03:16:38.969 14491 22486 I art     : Starting a blocking GC Explicit
08-06 03:16:39.017 14491 22486 I art     : Explicit concurrent mark sweep GC freed 7(224B) AllocSpace objects, 0(0B) LOS objects, 28% free, 40MB/56MB, paused 1.523ms total 48.088ms
08-06 03:16:39.031 14491 22486 I art     : Starting a blocking GC Explicit
08-06 03:16:39.080 14491 22486 I art     : Explicit concurrent mark sweep GC freed 7(224B) AllocSpace objects, 0(0B) LOS objects, 28% free, 40MB/56MB, paused 1.503ms total 49.127ms
08-06 03:16:39.093 14491 22486 I art     : Starting a blocking GC Explicit
08-06 03:16:39.142 14491 22486 I art     : Explicit concurrent mark sweep GC freed 6(192B) AllocSpace objects, 0(0B) LOS objects, 28% free, 40MB/56MB, paused 1.551ms total 48.293ms
08-06 03:16:39.499 14491 21624 I art     : Starting a blocking GC Explicit
08-06 03:16:39.553 14491 21624 I art     : Explicit concurrent mark sweep GC freed 1472(83KB) AllocSpace objects, 1(20KB) LOS objects, 28% free, 40MB/56MB, paused 1.458ms total 53.218ms
08-06 03:16:39.567 14491 21624 I art     : Starting a blocking GC Explicit
08-06 03:16:39.619 14491 21624 I art     : Explicit concurrent mark sweep GC freed 62(2224B) AllocSpace objects, 0(0B) LOS objects, 28% free, 40MB/56MB, paused 1.529ms total 51.992ms
08-06 03:16:39.633 14491 21624 I art     : Starting a blocking GC Explicit
08-06 03:16:39.685 14491 21624 I art     : Explicit concurrent mark sweep GC freed 15(480B) AllocSpace objects, 0(0B) LOS objects, 28% free, 40MB/56MB, paused 1.510ms total 51.551ms
08-06 03:16:39.699 14491 21624 I art     : Starting a blocking GC Explicit
08-06 03:16:39.750 14491 21624 I art     : Explicit concurrent mark sweep GC freed 15(480B) AllocSpace objects, 0(0B) LOS objects, 28% free, 40MB/56MB, paused 1.361ms total 50.465ms
08-06 03:16:39.765 14491 21624 I art     : Starting a blocking GC Explicit
08-06 03:16:39.801 14548 14548 I ServiceManager: Waiting for service AtCmdFwd...
08-06 03:16:39.818 14491 21624 I art     : Explicit concurrent mark sweep GC freed 10(320B) AllocSpace objects, 0(0B) LOS objects, 28% free, 40MB/56MB, paused 1.593ms total 52.876ms
08-06 03:16:40.215 14491 21624 I art     : Starting a blocking GC Explicit
08-06 03:16:40.268 14491 21624 I art     : Explicit concurrent mark sweep GC freed 1637(92KB) AllocSpace objects, 1(20KB) LOS objects, 28% free, 40MB/56MB, paused 1.609ms total 52.390ms
08-06 03:16:40.282 14491 21624 I art     : Starting a blocking GC Explicit
08-06 03:16:40.331 14491 21624 I art     : Explicit concurrent mark sweep GC freed 31(1136B) AllocSpace objects, 0(0B) LOS objects, 28% free, 40MB/56MB, paused 1.400ms total 49.526ms
08-06 03:16:40.345 14491 21624 I art     : Starting a blocking GC Explicit
08-06 03:16:40.396 14491 21624 I art     : Explicit concurrent mark sweep GC freed 8(256B) AllocSpace objects, 0(0B) LOS objects, 28% free, 40MB/56MB, paused 1.730ms total 51.260ms
08-06 03:16:40.410 14491 21624 I art     : Starting a blocking GC Explicit
08-06 03:16:40.461 14491 21624 I art     : Explicit concurrent mark sweep GC freed 7(224B) AllocSpace objects, 0(0B) LOS objects, 28% free, 40MB/56MB, paused 1.512ms total 51.021ms
08-06 03:16:40.475 14491 21624 I art     : Starting a blocking GC Explicit
08-06 03:16:40.528 14491 21624 I art     : Explicit concurrent mark sweep GC freed 7(224B) AllocSpace objects, 0(0B) LOS objects, 28% free, 40MB/56MB, paused 1.690ms total 52.443ms
08-06 03:16:40.594 14491 22291 E baseline.com.newsblur.network.APIResponse: Error (unexpected end of stream on https://www.newsblur.com/...) calling https://www.newsblur.com/reader/mark_story_hashes_as_read/
08-06 03:16:40.594 14491 22291 E baseline.com.newsblur.network.APIResponse: java.io.IOException: unexpected end of stream on https://www.newsblur.com/...
08-06 03:16:40.594 14491 22291 E baseline.com.newsblur.network.APIResponse: 	at okhttp3.internal.http1.Http1ExchangeCodec.readResponseHeaders(Http1ExchangeCodec.java:236)
08-06 03:16:40.594 14491 22291 E baseline.com.newsblur.network.APIResponse: 	at okhttp3.internal.connection.Exchange.readResponseHeaders(Exchange.java:115)
08-06 03:16:40.594 14491 22291 E baseline.com.newsblur.network.APIResponse: 	at okhttp3.internal.http.CallServerInterceptor.intercept(CallServerInterceptor.java:94)
08-06 03:16:40.594 14491 22291 E baseline.com.newsblur.network.APIResponse: 	at okhttp3.internal.http.RealInterceptorChain.proceed(RealInterceptorChain.java:142)
08-06 03:16:40.594 14491 22291 E baseline.com.newsblur.network.APIResponse: 	at okhttp3.internal.connection.ConnectInterceptor.intercept(ConnectInterceptor.java:43)
08-06 03:16:40.594 14491 22291 E baseline.com.newsblur.network.APIResponse: 	at okhttp3.internal.http.RealInterceptorChain.proceed(RealInterceptorChain.java:142)
08-06 03:16:40.594 14491 22291 E baseline.com.newsblur.network.APIResponse: 	at okhttp3.internal.http.RealInterceptorChain.proceed(RealInterceptorChain.java:117)
08-06 03:16:40.594 14491 22291 E baseline.com.newsblur.network.APIResponse: 	at okhttp3.internal.cache.CacheInterceptor.intercept(CacheInterceptor.java:94)
08-06 03:16:40.594 14491 22291 E baseline.com.newsblur.network.APIResponse: 	at okhttp3.internal.http.RealInterceptorChain.proceed(RealInterceptorChain.java:142)
08-06 03:16:40.594 14491 22291 E baseline.com.newsblur.network.APIResponse: 	at okhttp3.internal.http.RealInterceptorChain.proceed(RealInterceptorChain.java:117)
08-06 03:16:40.594 14491 22291 E baseline.com.newsblur.network.APIResponse: 	at okhttp3.internal.http.BridgeInterceptor.intercept(BridgeInterceptor.java:93)
08-06 03:16:40.594 14491 22291 E baseline.com.newsblur.network.APIResponse: 	at okhttp3.internal.http.RealInterceptorChain.proceed(RealInterceptorChain.java:142)
08-06 03:16:40.594 14491 22291 E baseline.com.newsblur.network.APIResponse: 	at okhttp3.internal.http.RetryAndFollowUpInterceptor.intercept(RetryAndFollowUpInterceptor.java:88)
08-06 03:16:40.594 14491 22291 E baseline.com.newsblur.network.APIResponse: 	at okhttp3.internal.http.RealInterceptorChain.proceed(RealInterceptorChain.java:142)
08-06 03:16:40.594 14491 22291 E baseline.com.newsblur.network.APIResponse: 	at okhttp3.internal.http.RealInterceptorChain.proceed(RealInterceptorChain.java:117)
08-06 03:16:40.594 14491 22291 E baseline.com.newsblur.network.APIResponse: 	at okhttp3.RealCall.getResponseWithInterceptorChain(RealCall.java:229)
08-06 03:16:40.594 14491 22291 E baseline.com.newsblur.network.APIResponse: 	at okhttp3.RealCall.execute(RealCall.java:81)
08-06 03:16:40.594 14491 22291 E baseline.com.newsblur.network.APIResponse: 	at baseline.com.newsblur.network.APIResponse.<init>(APIResponse.java:57)
08-06 03:16:40.594 14491 22291 E baseline.com.newsblur.network.APIResponse: 	at baseline.com.newsblur.network.APIResponse.<init>(APIResponse.java:43)
08-06 03:16:40.594 14491 22291 E baseline.com.newsblur.network.APIResponse: 	at baseline.com.newsblur.network.APIManager.post_single(APIManager.java:702)
08-06 03:16:40.594 14491 22291 E baseline.com.newsblur.network.APIResponse: 	at baseline.com.newsblur.network.APIManager.post(APIManager.java:675)
08-06 03:16:40.594 14491 22291 E baseline.com.newsblur.network.APIResponse: 	at baseline.com.newsblur.network.APIManager.post(APIManager.java:714)
08-06 03:16:40.594 14491 22291 E baseline.com.newsblur.network.APIResponse: 	at baseline.com.newsblur.network.APIManager.markStoryAsRead(APIManager.java:205)
08-06 03:16:40.594 14491 22291 E baseline.com.newsblur.network.APIResponse: 	at baseline.com.newsblur.util.ReadingAction.doRemote(ReadingAction.java:281)
08-06 03:16:40.594 14491 22291 E baseline.com.newsblur.network.APIResponse: 	at baseline.com.newsblur.service.NBSyncService.syncActions(NBSyncService.java:400)
08-06 03:16:40.594 14491 22291 E baseline.com.newsblur.network.APIResponse: 	at baseline.com.newsblur.service.NBSyncService.doSync(NBSyncService.java:298)
08-06 03:16:40.594 14491 22291 E baseline.com.newsblur.network.APIResponse: 	at baseline.com.newsblur.service.NBSyncService.access$100(NBSyncService.java:67)
08-06 03:16:40.594 14491 22291 E baseline.com.newsblur.network.APIResponse: 	at baseline.com.newsblur.service.NBSyncService$1.run(NBSyncService.java:188)
08-06 03:16:40.594 14491 22291 E baseline.com.newsblur.network.APIResponse: 	at java.util.concurrent.ThreadPoolExecutor.runWorker(ThreadPoolExecutor.java:1113)
08-06 03:16:40.594 14491 22291 E baseline.com.newsblur.network.APIResponse: 	at java.util.concurrent.ThreadPoolExecutor$Worker.run(ThreadPoolExecutor.java:588)
08-06 03:16:40.594 14491 22291 E baseline.com.newsblur.network.APIResponse: 	at java.lang.Thread.run(Thread.java:818)
08-06 03:16:40.594 14491 22291 E baseline.com.newsblur.network.APIResponse: Caused by: java.io.EOFException: \n not found: limit=0 content=
08-06 03:16:40.594 14491 22291 E baseline.com.newsblur.network.APIResponse: 	at okio.RealBufferedSource.readUtf8LineStrict(RealBufferedSource.java:240)
08-06 03:16:40.594 14491 22291 E baseline.com.newsblur.network.APIResponse: 	at okhttp3.internal.http1.Http1ExchangeCodec.readHeaderLine(Http1ExchangeCodec.java:242)
08-06 03:16:40.594 14491 22291 E baseline.com.newsblur.network.APIResponse: 	at okhttp3.internal.http1.Http1ExchangeCodec.readResponseHeaders(Http1ExchangeCodec.java:213)
08-06 03:16:40.594 14491 22291 E baseline.com.newsblur.network.APIResponse: 	... 30 more
08-06 03:16:40.595 14491 22291 I baseline.com.newsblur.service.NBSyncService: Holding reading action with server-side or network error.
08-06 03:16:40.613 14491 22291 W baseline.com.newsblur.service.NBSyncService: hard API failure
08-06 03:16:40.622 14491 22291 I baseline.com.newsblur.service.NBSyncService: recounting dirty feed sets: 1
08-06 03:16:40.801 14548 14548 W Atfwd_Sendcmd: AtCmdFwd service not published, waiting... retryCnt : 5
08-06 03:16:40.921 14491 14503 I art     : Starting a blocking GC Explicit
08-06 03:16:40.976 14491 14503 I art     : Explicit concurrent mark sweep GC freed 4851(440KB) AllocSpace objects, 5(100KB) LOS objects, 28% free, 40MB/56MB, paused 1.486ms total 54.861ms
08-06 03:16:40.990 14491 14503 I art     : Starting a blocking GC Explicit
08-06 03:16:41.041 14491 14503 I art     : Explicit concurrent mark sweep GC freed 297(11KB) AllocSpace objects, 0(0B) LOS objects, 28% free, 40MB/56MB, paused 1.594ms total 50.447ms
08-06 03:16:41.055 14491 14503 I art     : Starting a blocking GC Explicit
08-06 03:16:41.106 14491 14503 I art     : Explicit concurrent mark sweep GC freed 1587(62KB) AllocSpace objects, 0(0B) LOS objects, 28% free, 40MB/56MB, paused 1.562ms total 50.767ms
08-06 03:16:41.110 14491 22291 E baseline.com.newsblur.network.APIResponse: Error (unexpected end of stream on https://www.newsblur.com/...) calling https://www.newsblur.com/reader/feed_unread_count?feed_id=0
08-06 03:16:41.110 14491 22291 E baseline.com.newsblur.network.APIResponse: java.io.IOException: unexpected end of stream on https://www.newsblur.com/...
08-06 03:16:41.110 14491 22291 E baseline.com.newsblur.network.APIResponse: 	at okhttp3.internal.http1.Http1ExchangeCodec.readResponseHeaders(Http1ExchangeCodec.java:236)
08-06 03:16:41.110 14491 22291 E baseline.com.newsblur.network.APIResponse: 	at okhttp3.internal.connection.Exchange.readResponseHeaders(Exchange.java:115)
08-06 03:16:41.110 14491 22291 E baseline.com.newsblur.network.APIResponse: 	at okhttp3.internal.http.CallServerInterceptor.intercept(CallServerInterceptor.java:94)
08-06 03:16:41.110 14491 22291 E baseline.com.newsblur.network.APIResponse: 	at okhttp3.internal.http.RealInterceptorChain.proceed(RealInterceptorChain.java:142)
08-06 03:16:41.110 14491 22291 E baseline.com.newsblur.network.APIResponse: 	at okhttp3.internal.connection.ConnectInterceptor.intercept(ConnectInterceptor.java:43)
08-06 03:16:41.110 14491 22291 E baseline.com.newsblur.network.APIResponse: 	at okhttp3.internal.http.RealInterceptorChain.proceed(RealInterceptorChain.java:142)
08-06 03:16:41.110 14491 22291 E baseline.com.newsblur.network.APIResponse: 	at okhttp3.internal.http.RealInterceptorChain.proceed(RealInterceptorChain.java:117)
08-06 03:16:41.110 14491 22291 E baseline.com.newsblur.network.APIResponse: 	at okhttp3.internal.cache.CacheInterceptor.intercept(CacheInterceptor.java:94)
08-06 03:16:41.110 14491 22291 E baseline.com.newsblur.network.APIResponse: 	at okhttp3.internal.http.RealInterceptorChain.proceed(RealInterceptorChain.java:142)
08-06 03:16:41.110 14491 22291 E baseline.com.newsblur.network.APIResponse: 	at okhttp3.internal.http.RealInterceptorChain.proceed(RealInterceptorChain.java:117)
08-06 03:16:41.110 14491 22291 E baseline.com.newsblur.network.APIResponse: 	at okhttp3.internal.http.BridgeInterceptor.intercept(BridgeInterceptor.java:93)
08-06 03:16:41.110 14491 22291 E baseline.com.newsblur.network.APIResponse: 	at okhttp3.internal.http.RealInterceptorChain.proceed(RealInterceptorChain.java:142)
08-06 03:16:41.110 14491 22291 E baseline.com.newsblur.network.APIResponse: 	at okhttp3.internal.http.RetryAndFollowUpInterceptor.intercept(RetryAndFollowUpInterceptor.java:88)
08-06 03:16:41.110 14491 22291 E baseline.com.newsblur.network.APIResponse: 	at okhttp3.internal.http.RealInterceptorChain.proceed(RealInterceptorChain.java:142)
08-06 03:16:41.110 14491 22291 E baseline.com.newsblur.network.APIResponse: 	at okhttp3.internal.http.RealInterceptorChain.proceed(RealInterceptorChain.java:117)
08-06 03:16:41.110 14491 22291 E baseline.com.newsblur.network.APIResponse: 	at okhttp3.RealCall.getResponseWithInterceptorChain(RealCall.java:229)
08-06 03:16:41.110 14491 22291 E baseline.com.newsblur.network.APIResponse: 	at okhttp3.RealCall.execute(RealCall.java:81)
08-06 03:16:41.110 14491 22291 E baseline.com.newsblur.network.APIResponse: 	at baseline.com.newsblur.network.APIResponse.<init>(APIResponse.java:57)
08-06 03:16:41.110 14491 22291 E baseline.com.newsblur.network.APIResponse: 	at baseline.com.newsblur.network.APIManager.get_single(APIManager.java:639)
08-06 03:16:41.110 14491 22291 E baseline.com.newsblur.network.APIResponse: 	at baseline.com.newsblur.network.APIManager.get(APIManager.java:625)
08-06 03:16:41.110 14491 22291 E baseline.com.newsblur.network.APIResponse: 	at baseline.com.newsblur.network.APIManager.get(APIManager.java:667)
08-06 03:16:41.110 14491 22291 E baseline.com.newsblur.network.APIResponse: 	at baseline.com.newsblur.network.APIManager.getFeedUnreadCounts(APIManager.java:274)
08-06 03:16:41.110 14491 22291 E baseline.com.newsblur.network.APIResponse: 	at baseline.com.newsblur.service.NBSyncService.checkRecounts(NBSyncService.java:660)
08-06 03:16:41.110 14491 22291 E baseline.com.newsblur.network.APIResponse: 	at baseline.com.newsblur.service.NBSyncService.doSync(NBSyncService.java:310)
08-06 03:16:41.110 14491 22291 E baseline.com.newsblur.network.APIResponse: 	at baseline.com.newsblur.service.NBSyncService.access$100(NBSyncService.java:67)
08-06 03:16:41.110 14491 22291 E baseline.com.newsblur.network.APIResponse: 	at baseline.com.newsblur.service.NBSyncService$1.run(NBSyncService.java:188)
08-06 03:16:41.110 14491 22291 E baseline.com.newsblur.network.APIResponse: 	at java.util.concurrent.ThreadPoolExecutor.runWorker(ThreadPoolExecutor.java:1113)
08-06 03:16:41.110 14491 22291 E baseline.com.newsblur.network.APIResponse: 	at java.util.concurrent.ThreadPoolExecutor$Worker.run(ThreadPoolExecutor.java:588)
08-06 03:16:41.110 14491 22291 E baseline.com.newsblur.network.APIResponse: 	at java.lang.Thread.run(Thread.java:818)
08-06 03:16:41.110 14491 22291 E baseline.com.newsblur.network.APIResponse: Caused by: java.io.EOFException: \n not found: limit=0 content=
08-06 03:16:41.110 14491 22291 E baseline.com.newsblur.network.APIResponse: 	at okio.RealBufferedSource.readUtf8LineStrict(RealBufferedSource.java:240)
08-06 03:16:41.110 14491 22291 E baseline.com.newsblur.network.APIResponse: 	at okhttp3.internal.http1.Http1ExchangeCodec.readHeaderLine(Http1ExchangeCodec.java:242)
08-06 03:16:41.110 14491 22291 E baseline.com.newsblur.network.APIResponse: 	at okhttp3.internal.http1.Http1ExchangeCodec.readResponseHeaders(Http1ExchangeCodec.java:213)
08-06 03:16:41.110 14491 22291 E baseline.com.newsblur.network.APIResponse: 	... 28 more
08-06 03:16:41.112 14491 22291 I baseline.com.newsblur.network.APIManager: API call failed, pausing before retry number 1
08-06 03:16:41.119 14491 14503 I art     : Starting a blocking GC Explicit
08-06 03:16:41.169 14491 14503 I art     : Explicit concurrent mark sweep GC freed 967(212KB) AllocSpace objects, 2(40KB) LOS objects, 28% free, 40MB/56MB, paused 1.606ms total 50.545ms
08-06 03:16:41.183 14491 14503 I art     : Starting a blocking GC Explicit
08-06 03:16:41.235 14491 14503 I art     : Explicit concurrent mark sweep GC freed 57(2144B) AllocSpace objects, 0(0B) LOS objects, 28% free, 40MB/56MB, paused 1.366ms total 52.046ms
08-06 03:16:41.629 14491 21624 I art     : Starting a blocking GC Explicit
08-06 03:16:41.681 14491 21624 I art     : Explicit concurrent mark sweep GC freed 1473(84KB) AllocSpace objects, 1(20KB) LOS objects, 28% free, 40MB/56MB, paused 1.426ms total 52.148ms
08-06 03:16:41.695 14491 21624 I art     : Starting a blocking GC Explicit
08-06 03:16:41.747 14491 21624 I art     : Explicit concurrent mark sweep GC freed 26(912B) AllocSpace objects, 0(0B) LOS objects, 28% free, 40MB/56MB, paused 1.482ms total 52.132ms
08-06 03:16:41.761 14491 21624 I art     : Starting a blocking GC Explicit
08-06 03:16:41.812 14491 21624 I art     : Explicit concurrent mark sweep GC freed 6(192B) AllocSpace objects, 0(0B) LOS objects, 28% free, 40MB/56MB, paused 1.425ms total 50.520ms
08-06 03:16:41.825 14491 21624 I art     : Starting a blocking GC Explicit
08-06 03:16:41.878 14491 21624 I art     : Explicit concurrent mark sweep GC freed 7(224B) AllocSpace objects, 0(0B) LOS objects, 28% free, 40MB/56MB, paused 1.602ms total 52.642ms
08-06 03:16:41.892 14491 21624 I art     : Starting a blocking GC Explicit
08-06 03:16:41.941 14491 21624 I art     : Explicit concurrent mark sweep GC freed 7(224B) AllocSpace objects, 0(0B) LOS objects, 28% free, 40MB/56MB, paused 1.576ms total 49.431ms
08-06 03:16:42.331 14491 21624 I art     : Starting a blocking GC Explicit
08-06 03:16:42.383 14491 21624 I art     : Explicit concurrent mark sweep GC freed 1470(83KB) AllocSpace objects, 1(20KB) LOS objects, 28% free, 40MB/56MB, paused 1.415ms total 52.216ms
08-06 03:16:42.397 14491 21624 I art     : Starting a blocking GC Explicit
08-06 03:16:42.446 14491 21624 I art     : Explicit concurrent mark sweep GC freed 26(912B) AllocSpace objects, 0(0B) LOS objects, 28% free, 40MB/56MB, paused 1.358ms total 49.274ms
08-06 03:16:42.461 14491 21624 I art     : Starting a blocking GC Explicit
08-06 03:16:42.512 14491 21624 I art     : Explicit concurrent mark sweep GC freed 6(192B) AllocSpace objects, 0(0B) LOS objects, 28% free, 40MB/56MB, paused 1.510ms total 50.988ms
08-06 03:16:42.525 14491 21624 I art     : Starting a blocking GC Explicit
08-06 03:16:42.575 14491 21624 I art     : Explicit concurrent mark sweep GC freed 7(224B) AllocSpace objects, 0(0B) LOS objects, 28% free, 40MB/56MB, paused 1.490ms total 49.828ms
08-06 03:16:42.589 14491 21624 I art     : Starting a blocking GC Explicit
08-06 03:16:42.640 14491 21624 I art     : Explicit concurrent mark sweep GC freed 100(3KB) AllocSpace objects, 0(0B) LOS objects, 28% free, 40MB/56MB, paused 1.494ms total 50.925ms
08-06 03:16:43.023 14491 22486 I art     : Starting a blocking GC Explicit
08-06 03:16:43.077 14491 22486 I art     : Explicit concurrent mark sweep GC freed 1551(89KB) AllocSpace objects, 1(20KB) LOS objects, 28% free, 40MB/56MB, paused 1.547ms total 53.453ms
08-06 03:16:43.090 14491 22486 I art     : Starting a blocking GC Explicit
08-06 03:16:43.139 14491 22486 I art     : Explicit concurrent mark sweep GC freed 1680(65KB) AllocSpace objects, 0(0B) LOS objects, 28% free, 40MB/56MB, paused 1.448ms total 48.608ms
08-06 03:16:43.152 14491 22486 I art     : Starting a blocking GC Explicit
08-06 03:16:43.160 14491 22291 E baseline.com.newsblur.network.APIResponse: Error (unexpected end of stream on https://www.newsblur.com/...) calling https://www.newsblur.com/reader/feed_unread_count?feed_id=0
08-06 03:16:43.160 14491 22291 E baseline.com.newsblur.network.APIResponse: java.io.IOException: unexpected end of stream on https://www.newsblur.com/...
08-06 03:16:43.160 14491 22291 E baseline.com.newsblur.network.APIResponse: 	at okhttp3.internal.http1.Http1ExchangeCodec.readResponseHeaders(Http1ExchangeCodec.java:236)
08-06 03:16:43.160 14491 22291 E baseline.com.newsblur.network.APIResponse: 	at okhttp3.internal.connection.Exchange.readResponseHeaders(Exchange.java:115)
08-06 03:16:43.160 14491 22291 E baseline.com.newsblur.network.APIResponse: 	at okhttp3.internal.http.CallServerInterceptor.intercept(CallServerInterceptor.java:94)
08-06 03:16:43.160 14491 22291 E baseline.com.newsblur.network.APIResponse: 	at okhttp3.internal.http.RealInterceptorChain.proceed(RealInterceptorChain.java:142)
08-06 03:16:43.160 14491 22291 E baseline.com.newsblur.network.APIResponse: 	at okhttp3.internal.connection.ConnectInterceptor.intercept(ConnectInterceptor.java:43)
08-06 03:16:43.160 14491 22291 E baseline.com.newsblur.network.APIResponse: 	at okhttp3.internal.http.RealInterceptorChain.proceed(RealInterceptorChain.java:142)
08-06 03:16:43.160 14491 22291 E baseline.com.newsblur.network.APIResponse: 	at okhttp3.internal.http.RealInterceptorChain.proceed(RealInterceptorChain.java:117)
08-06 03:16:43.160 14491 22291 E baseline.com.newsblur.network.APIResponse: 	at okhttp3.internal.cache.CacheInterceptor.intercept(CacheInterceptor.java:94)
08-06 03:16:43.160 14491 22291 E baseline.com.newsblur.network.APIResponse: 	at okhttp3.internal.http.RealInterceptorChain.proceed(RealInterceptorChain.java:142)
08-06 03:16:43.160 14491 22291 E baseline.com.newsblur.network.APIResponse: 	at okhttp3.internal.http.RealInterceptorChain.proceed(RealInterceptorChain.java:117)
08-06 03:16:43.160 14491 22291 E baseline.com.newsblur.network.APIResponse: 	at okhttp3.internal.http.BridgeInterceptor.intercept(BridgeInterceptor.java:93)
08-06 03:16:43.160 14491 22291 E baseline.com.newsblur.network.APIResponse: 	at okhttp3.internal.http.RealInterceptorChain.proceed(RealInterceptorChain.java:142)
08-06 03:16:43.160 14491 22291 E baseline.com.newsblur.network.APIResponse: 	at okhttp3.internal.http.RetryAndFollowUpInterceptor.intercept(RetryAndFollowUpInterceptor.java:88)
08-06 03:16:43.160 14491 22291 E baseline.com.newsblur.network.APIResponse: 	at okhttp3.internal.http.RealInterceptorChain.proceed(RealInterceptorChain.java:142)
08-06 03:16:43.160 14491 22291 E baseline.com.newsblur.network.APIResponse: 	at okhttp3.internal.http.RealInterceptorChain.proceed(RealInterceptorChain.java:117)
08-06 03:16:43.160 14491 22291 E baseline.com.newsblur.network.APIResponse: 	at okhttp3.RealCall.getResponseWithInterceptorChain(RealCall.java:229)
08-06 03:16:43.160 14491 22291 E baseline.com.newsblur.network.APIResponse: 	at okhttp3.RealCall.execute(RealCall.java:81)
08-06 03:16:43.160 14491 22291 E baseline.com.newsblur.network.APIResponse: 	at baseline.com.newsblur.network.APIResponse.<init>(APIResponse.java:57)
08-06 03:16:43.160 14491 22291 E baseline.com.newsblur.network.APIResponse: 	at baseline.com.newsblur.network.APIManager.get_single(APIManager.java:639)
08-06 03:16:43.160 14491 22291 E baseline.com.newsblur.network.APIResponse: 	at baseline.com.newsblur.network.APIManager.get(APIManager.java:625)
08-06 03:16:43.160 14491 22291 E baseline.com.newsblur.network.APIResponse: 	at baseline.com.newsblur.network.APIManager.get(APIManager.java:667)
08-06 03:16:43.160 14491 22291 E baseline.com.newsblur.network.APIResponse: 	at baseline.com.newsblur.network.APIManager.getFeedUnreadCounts(APIManager.java:274)
08-06 03:16:43.160 14491 22291 E baseline.com.newsblur.network.APIResponse: 	at baseline.com.newsblur.service.NBSyncService.checkRecounts(NBSyncService.java:660)
08-06 03:16:43.160 14491 22291 E baseline.com.newsblur.network.APIResponse: 	at baseline.com.newsblur.service.NBSyncService.doSync(NBSyncService.java:310)
08-06 03:16:43.160 14491 22291 E baseline.com.newsblur.network.APIResponse: 	at baseline.com.newsblur.service.NBSyncService.access$100(NBSyncService.java:67)
08-06 03:16:43.160 14491 22291 E baseline.com.newsblur.network.APIResponse: 	at baseline.com.newsblur.service.NBSyncService$1.run(NBSyncService.java:188)
08-06 03:16:43.160 14491 22291 E baseline.com.newsblur.network.APIResponse: 	at java.util.concurrent.ThreadPoolExecutor.runWorker(ThreadPoolExecutor.java:1113)
08-06 03:16:43.160 14491 22291 E baseline.com.newsblur.network.APIResponse: 	at java.util.concurrent.ThreadPoolExecutor$Worker.run(ThreadPoolExecutor.java:588)
08-06 03:16:43.160 14491 22291 E baseline.com.newsblur.network.APIResponse: 	at java.lang.Thread.run(Thread.java:818)
08-06 03:16:43.160 14491 22291 E baseline.com.newsblur.network.APIResponse: Caused by: java.io.EOFException: \n not found: limit=0 content=
08-06 03:16:43.160 14491 22291 E baseline.com.newsblur.network.APIResponse: 	at okio.RealBufferedSource.readUtf8LineStrict(RealBufferedSource.java:240)
08-06 03:16:43.160 14491 22291 E baseline.com.newsblur.network.APIResponse: 	at okhttp3.internal.http1.Http1ExchangeCodec.readHeaderLine(Http1ExchangeCodec.java:242)
08-06 03:16:43.160 14491 22291 E baseline.com.newsblur.network.APIResponse: 	at okhttp3.internal.http1.Http1ExchangeCodec.readResponseHeaders(Http1ExchangeCodec.java:213)
08-06 03:16:43.160 14491 22291 E baseline.com.newsblur.network.APIResponse: 	... 28 more
08-06 03:16:43.162 14491 22291 I baseline.com.newsblur.network.APIManager: API call failed, pausing before retry number 2
08-06 03:16:43.204 14491 22486 I art     : Explicit concurrent mark sweep GC freed 809(194KB) AllocSpace objects, 2(40KB) LOS objects, 28% free, 40MB/56MB, paused 1.535ms total 51.075ms
08-06 03:16:43.217 14491 22486 I art     : Starting a blocking GC Explicit
08-06 03:16:43.268 14491 22486 I art     : Explicit concurrent mark sweep GC freed 119(16KB) AllocSpace objects, 0(0B) LOS objects, 28% free, 40MB/56MB, paused 1.443ms total 50.387ms
08-06 03:16:43.281 14491 22486 I art     : Starting a blocking GC Explicit
08-06 03:16:43.332 14491 22486 I art     : Explicit concurrent mark sweep GC freed 29(960B) AllocSpace objects, 0(0B) LOS objects, 28% free, 40MB/56MB, paused 1.425ms total 50.262ms
08-06 03:16:43.721 14491 14503 I art     : Starting a blocking GC Explicit
08-06 03:16:43.772 14491 14503 I art     : Explicit concurrent mark sweep GC freed 1470(83KB) AllocSpace objects, 1(20KB) LOS objects, 28% free, 40MB/56MB, paused 1.356ms total 51.092ms
08-06 03:16:43.786 14491 14503 I art     : Starting a blocking GC Explicit
08-06 03:16:43.837 14491 14503 I art     : Explicit concurrent mark sweep GC freed 26(912B) AllocSpace objects, 0(0B) LOS objects, 28% free, 40MB/56MB, paused 1.535ms total 50.679ms
08-06 03:16:43.851 14491 14503 I art     : Starting a blocking GC Explicit
08-06 03:16:43.901 14491 14503 I art     : Explicit concurrent mark sweep GC freed 6(192B) AllocSpace objects, 0(0B) LOS objects, 28% free, 40MB/56MB, paused 2.578ms total 50.172ms
08-06 03:16:43.915 14491 14503 I art     : Starting a blocking GC Explicit
08-06 03:16:43.965 14491 14503 I art     : Explicit concurrent mark sweep GC freed 8(256B) AllocSpace objects, 0(0B) LOS objects, 28% free, 40MB/56MB, paused 1.407ms total 50.207ms
08-06 03:16:43.979 14491 14503 I art     : Starting a blocking GC Explicit
08-06 03:16:44.031 14491 14503 I art     : Explicit concurrent mark sweep GC freed 6(192B) AllocSpace objects, 0(0B) LOS objects, 28% free, 40MB/56MB, paused 1.587ms total 51.501ms
08-06 03:16:44.433 14491 22486 I art     : Starting a blocking GC Explicit
08-06 03:16:44.477 14491 22486 I art     : Explicit concurrent mark sweep GC freed 1471(83KB) AllocSpace objects, 1(20KB) LOS objects, 28% free, 40MB/56MB, paused 1.305ms total 43.856ms
08-06 03:16:44.489 14491 22486 I art     : Starting a blocking GC Explicit
08-06 03:16:44.534 14491 22486 I art     : Explicit concurrent mark sweep GC freed 26(912B) AllocSpace objects, 0(0B) LOS objects, 28% free, 40MB/56MB, paused 1.384ms total 44.252ms
08-06 03:16:44.546 14491 22486 I art     : Starting a blocking GC Explicit
08-06 03:16:44.594 14491 22486 I art     : Explicit concurrent mark sweep GC freed 6(192B) AllocSpace objects, 0(0B) LOS objects, 28% free, 40MB/56MB, paused 1.451ms total 47.914ms
08-06 03:16:44.608 14491 22486 I art     : Starting a blocking GC Explicit
08-06 03:16:44.657 14491 22486 I art     : Explicit concurrent mark sweep GC freed 7(224B) AllocSpace objects, 0(0B) LOS objects, 28% free, 40MB/56MB, paused 1.417ms total 48.704ms
08-06 03:16:44.670 14491 22486 I art     : Starting a blocking GC Explicit
08-06 03:16:44.721 14491 22486 I art     : Explicit concurrent mark sweep GC freed 7(224B) AllocSpace objects, 0(0B) LOS objects, 28% free, 40MB/56MB, paused 1.550ms total 50.864ms
08-06 03:16:45.112 14491 22486 I art     : Starting a blocking GC Explicit
08-06 03:16:45.164 14491 22486 I art     : Explicit concurrent mark sweep GC freed 1471(84KB) AllocSpace objects, 1(20KB) LOS objects, 28% free, 40MB/56MB, paused 1.384ms total 51.940ms
08-06 03:16:45.178 14491 22486 I art     : Starting a blocking GC Explicit
08-06 03:16:45.229 14491 22486 I art     : Explicit concurrent mark sweep GC freed 26(912B) AllocSpace objects, 0(0B) LOS objects, 28% free, 40MB/56MB, paused 1.470ms total 51.425ms
08-06 03:16:45.243 14491 22486 I art     : Starting a blocking GC Explicit
08-06 03:16:45.294 14491 22486 I art     : Explicit concurrent mark sweep GC freed 7(224B) AllocSpace objects, 0(0B) LOS objects, 28% free, 40MB/56MB, paused 1.526ms total 50.229ms
08-06 03:16:45.307 14491 22486 I art     : Starting a blocking GC Explicit
08-06 03:16:45.358 14491 22486 I art     : Explicit concurrent mark sweep GC freed 7(224B) AllocSpace objects, 0(0B) LOS objects, 28% free, 40MB/56MB, paused 1.553ms total 50.735ms
08-06 03:16:45.371 14491 22486 I art     : Starting a blocking GC Explicit
08-06 03:16:45.421 14491 22486 I art     : Explicit concurrent mark sweep GC freed 7(224B) AllocSpace objects, 0(0B) LOS objects, 28% free, 40MB/56MB, paused 1.432ms total 49.022ms
08-06 03:16:45.812 14491 14502 I art     : Starting a blocking GC Explicit
08-06 03:16:45.865 14491 14502 I art     : Explicit concurrent mark sweep GC freed 1469(83KB) AllocSpace objects, 1(20KB) LOS objects, 28% free, 40MB/56MB, paused 1.419ms total 52.768ms
08-06 03:16:45.879 14491 14502 I art     : Starting a blocking GC Explicit
08-06 03:16:45.929 14491 14502 I art     : Explicit concurrent mark sweep GC freed 26(912B) AllocSpace objects, 0(0B) LOS objects, 28% free, 40MB/56MB, paused 1.519ms total 50.302ms
08-06 03:16:45.943 14491 14502 I art     : Starting a blocking GC Explicit
08-06 03:16:45.995 14491 14502 I art     : Explicit concurrent mark sweep GC freed 7(224B) AllocSpace objects, 0(0B) LOS objects, 28% free, 40MB/56MB, paused 1.378ms total 51.503ms
08-06 03:16:45.995 14491 14501 I art     : WaitForGcToComplete blocked for 18.264ms for cause HeapTrim
08-06 03:16:46.008 14491 14502 I art     : Starting a blocking GC Explicit
08-06 03:16:46.058 14491 14502 I art     : Explicit concurrent mark sweep GC freed 7(224B) AllocSpace objects, 0(0B) LOS objects, 28% free, 40MB/56MB, paused 1.529ms total 49.646ms
08-06 03:16:46.072 14491 14502 I art     : Starting a blocking GC Explicit
08-06 03:16:46.122 14491 14502 I art     : Explicit concurrent mark sweep GC freed 7(224B) AllocSpace objects, 0(0B) LOS objects, 28% free, 40MB/56MB, paused 1.503ms total 49.976ms
08-06 03:16:46.510 14491 14502 I art     : Starting a blocking GC Explicit
08-06 03:16:46.564 14491 14502 I art     : Explicit concurrent mark sweep GC freed 1636(92KB) AllocSpace objects, 1(20KB) LOS objects, 28% free, 40MB/56MB, paused 1.568ms total 53.655ms
08-06 03:16:46.578 14491 14502 I art     : Starting a blocking GC Explicit
08-06 03:16:46.629 14491 14502 I art     : Explicit concurrent mark sweep GC freed 32(1168B) AllocSpace objects, 0(0B) LOS objects, 28% free, 40MB/56MB, paused 1.517ms total 51.093ms
08-06 03:16:46.642 14491 14502 I art     : Starting a blocking GC Explicit
08-06 03:16:46.692 14491 14502 I art     : Explicit concurrent mark sweep GC freed 1132(46KB) AllocSpace objects, 0(0B) LOS objects, 28% free, 40MB/56MB, paused 1.826ms total 49.205ms
08-06 03:16:46.705 14491 14502 I art     : Starting a blocking GC Explicit
08-06 03:16:46.749 14491 22291 E baseline.com.newsblur.network.APIResponse: Error (unexpected end of stream on https://www.newsblur.com/...) calling https://www.newsblur.com/reader/feed_unread_count?feed_id=0
08-06 03:16:46.749 14491 22291 E baseline.com.newsblur.network.APIResponse: java.io.IOException: unexpected end of stream on https://www.newsblur.com/...
08-06 03:16:46.749 14491 22291 E baseline.com.newsblur.network.APIResponse: 	at okhttp3.internal.http1.Http1ExchangeCodec.readResponseHeaders(Http1ExchangeCodec.java:236)
08-06 03:16:46.749 14491 22291 E baseline.com.newsblur.network.APIResponse: 	at okhttp3.internal.connection.Exchange.readResponseHeaders(Exchange.java:115)
08-06 03:16:46.749 14491 22291 E baseline.com.newsblur.network.APIResponse: 	at okhttp3.internal.http.CallServerInterceptor.intercept(CallServerInterceptor.java:94)
08-06 03:16:46.749 14491 22291 E baseline.com.newsblur.network.APIResponse: 	at okhttp3.internal.http.RealInterceptorChain.proceed(RealInterceptorChain.java:142)
08-06 03:16:46.749 14491 22291 E baseline.com.newsblur.network.APIResponse: 	at okhttp3.internal.connection.ConnectInterceptor.intercept(ConnectInterceptor.java:43)
08-06 03:16:46.749 14491 22291 E baseline.com.newsblur.network.APIResponse: 	at okhttp3.internal.http.RealInterceptorChain.proceed(RealInterceptorChain.java:142)
08-06 03:16:46.749 14491 22291 E baseline.com.newsblur.network.APIResponse: 	at okhttp3.internal.http.RealInterceptorChain.proceed(RealInterceptorChain.java:117)
08-06 03:16:46.749 14491 22291 E baseline.com.newsblur.network.APIResponse: 	at okhttp3.internal.cache.CacheInterceptor.intercept(CacheInterceptor.java:94)
08-06 03:16:46.749 14491 22291 E baseline.com.newsblur.network.APIResponse: 	at okhttp3.internal.http.RealInterceptorChain.proceed(RealInterceptorChain.java:142)
08-06 03:16:46.749 14491 22291 E baseline.com.newsblur.network.APIResponse: 	at okhttp3.internal.http.RealInterceptorChain.proceed(RealInterceptorChain.java:117)
08-06 03:16:46.749 14491 22291 E baseline.com.newsblur.network.APIResponse: 	at okhttp3.internal.http.BridgeInterceptor.intercept(BridgeInterceptor.java:93)
08-06 03:16:46.749 14491 22291 E baseline.com.newsblur.network.APIResponse: 	at okhttp3.internal.http.RealInterceptorChain.proceed(RealInterceptorChain.java:142)
08-06 03:16:46.749 14491 22291 E baseline.com.newsblur.network.APIResponse: 	at okhttp3.internal.http.RetryAndFollowUpInterceptor.intercept(RetryAndFollowUpInterceptor.java:88)
08-06 03:16:46.749 14491 22291 E baseline.com.newsblur.network.APIResponse: 	at okhttp3.internal.http.RealInterceptorChain.proceed(RealInterceptorChain.java:142)
08-06 03:16:46.749 14491 22291 E baseline.com.newsblur.network.APIResponse: 	at okhttp3.internal.http.RealInterceptorChain.proceed(RealInterceptorChain.java:117)
08-06 03:16:46.749 14491 22291 E baseline.com.newsblur.network.APIResponse: 	at okhttp3.RealCall.getResponseWithInterceptorChain(RealCall.java:229)
08-06 03:16:46.749 14491 22291 E baseline.com.newsblur.network.APIResponse: 	at okhttp3.RealCall.execute(RealCall.java:81)
08-06 03:16:46.749 14491 22291 E baseline.com.newsblur.network.APIResponse: 	at baseline.com.newsblur.network.APIResponse.<init>(APIResponse.java:57)
08-06 03:16:46.749 14491 22291 E baseline.com.newsblur.network.APIResponse: 	at baseline.com.newsblur.network.APIManager.get_single(APIManager.java:639)
08-06 03:16:46.749 14491 22291 E baseline.com.newsblur.network.APIResponse: 	at baseline.com.newsblur.network.APIManager.get(APIManager.java:625)
08-06 03:16:46.749 14491 22291 E baseline.com.newsblur.network.APIResponse: 	at baseline.com.newsblur.network.APIManager.get(APIManager.java:667)
08-06 03:16:46.749 14491 22291 E baseline.com.newsblur.network.APIResponse: 	at baseline.com.newsblur.network.APIManager.getFeedUnreadCounts(APIManager.java:274)
08-06 03:16:46.749 14491 22291 E baseline.com.newsblur.network.APIResponse: 	at baseline.com.newsblur.service.NBSyncService.checkRecounts(NBSyncService.java:660)
08-06 03:16:46.749 14491 22291 E baseline.com.newsblur.network.APIResponse: 	at baseline.com.newsblur.service.NBSyncService.doSync(NBSyncService.java:310)
08-06 03:16:46.749 14491 22291 E baseline.com.newsblur.network.APIResponse: 	at baseline.com.newsblur.service.NBSyncService.access$100(NBSyncService.java:67)
08-06 03:16:46.749 14491 22291 E baseline.com.newsblur.network.APIResponse: 	at baseline.com.newsblur.service.NBSyncService$1.run(NBSyncService.java:188)
08-06 03:16:46.749 14491 22291 E baseline.com.newsblur.network.APIResponse: 	at java.util.concurrent.ThreadPoolExecutor.runWorker(ThreadPoolExecutor.java:1113)
08-06 03:16:46.749 14491 22291 E baseline.com.newsblur.network.APIResponse: 	at java.util.concurrent.ThreadPoolExecutor$Worker.run(ThreadPoolExecutor.java:588)
08-06 03:16:46.749 14491 22291 E baseline.com.newsblur.network.APIResponse: 	at java.lang.Thread.run(Thread.java:818)
08-06 03:16:46.749 14491 22291 E baseline.com.newsblur.network.APIResponse: Caused by: java.io.EOFException: \n not found: limit=0 content=
08-06 03:16:46.749 14491 22291 E baseline.com.newsblur.network.APIResponse: 	at okio.RealBufferedSource.readUtf8LineStrict(RealBufferedSource.java:240)
08-06 03:16:46.749 14491 22291 E baseline.com.newsblur.network.APIResponse: 	at okhttp3.internal.http1.Http1ExchangeCodec.readHeaderLine(Http1ExchangeCodec.java:242)
08-06 03:16:46.749 14491 22291 E baseline.com.newsblur.network.APIResponse: 	at okhttp3.internal.http1.Http1ExchangeCodec.readResponseHeaders(Http1ExchangeCodec.java:213)
08-06 03:16:46.749 14491 22291 E baseline.com.newsblur.network.APIResponse: 	... 28 more
08-06 03:16:46.752 14491 22291 W baseline.com.newsblur.service.NBSyncService: Bad response to feed_unread_count
08-06 03:16:46.757 14491 14502 I art     : Explicit concurrent mark sweep GC freed 1056(146KB) AllocSpace objects, 1(20KB) LOS objects, 28% free, 40MB/56MB, paused 1.645ms total 51.759ms
08-06 03:16:46.771 14491 14502 I art     : Starting a blocking GC Explicit
08-06 03:16:46.819 14491 14502 I art     : Explicit concurrent mark sweep GC freed 897(143KB) AllocSpace objects, 3(60KB) LOS objects, 28% free, 40MB/56MB, paused 1.806ms total 47.979ms
08-06 03:16:47.226 14491 14503 I art     : Starting a blocking GC Explicit
08-06 03:16:47.236 14491 22291 I NAPPA_EXPERIMENTATION: MetricNetworkRequestExecutionTime: REQUEST_DURATION_SYSTEM='462',REQUEST_DURATION_OKHTTP='37',REQUEST_SYNCHRONOUS='TRUE',RESPONSE_CODE='200',RESPONSE_METHOD='GET',RESPONSE_LENGTH_OKHTTP='-1',RESPONSE_LENGTH_HEADER='-2',REQUEST_PROTOCOL='http/1.1',REQUEST_URL='https://www.newsblur.com/social/river_stories?order=newest&page=1&read_filter=all',
08-06 03:16:47.236 14491 22291 D MY_TAG  : 0, 462
08-06 03:16:47.257 14491 14491 D baseline.com.newsblur.service.NBSyncService: rejecting request for feedset that is exhaused
08-06 03:16:47.276 14491 14503 I art     : Explicit concurrent mark sweep GC freed 7251(438KB) AllocSpace objects, 7(140KB) LOS objects, 28% free, 40MB/56MB, paused 1.448ms total 49.304ms
08-06 03:16:47.288 14491 14503 I art     : Starting a blocking GC Explicit
08-06 03:16:47.335 14491 14503 I art     : Explicit concurrent mark sweep GC freed 579(34KB) AllocSpace objects, 0(0B) LOS objects, 28% free, 40MB/56MB, paused 1.482ms total 46.624ms
08-06 03:16:47.349 14491 14503 I art     : Starting a blocking GC Explicit
08-06 03:16:47.399 14491 14503 I art     : Explicit concurrent mark sweep GC freed 106(6KB) AllocSpace objects, 0(0B) LOS objects, 28% free, 40MB/56MB, paused 1.528ms total 50.483ms
08-06 03:16:47.413 14491 14503 I art     : Starting a blocking GC Explicit
08-06 03:16:47.468 14491 14503 I art     : Explicit concurrent mark sweep GC freed 3(96B) AllocSpace objects, 0(0B) LOS objects, 28% free, 40MB/56MB, paused 1.618ms total 54.122ms
08-06 03:16:47.485 14491 14503 I art     : Starting a blocking GC Explicit
08-06 03:16:47.538 14491 14503 I art     : Explicit concurrent mark sweep GC freed 3(96B) AllocSpace objects, 0(0B) LOS objects, 28% free, 40MB/56MB, paused 1.697ms total 52.575ms
08-06 03:16:47.668 14491 22291 E baseline.com.newsblur.network.APIResponse: Error (unexpected end of stream on https://www.newsblur.com/...) calling https://www.newsblur.com/reader/mark_story_hashes_as_read/
08-06 03:16:47.668 14491 22291 E baseline.com.newsblur.network.APIResponse: java.io.IOException: unexpected end of stream on https://www.newsblur.com/...
08-06 03:16:47.668 14491 22291 E baseline.com.newsblur.network.APIResponse: 	at okhttp3.internal.http1.Http1ExchangeCodec.readResponseHeaders(Http1ExchangeCodec.java:236)
08-06 03:16:47.668 14491 22291 E baseline.com.newsblur.network.APIResponse: 	at okhttp3.internal.connection.Exchange.readResponseHeaders(Exchange.java:115)
08-06 03:16:47.668 14491 22291 E baseline.com.newsblur.network.APIResponse: 	at okhttp3.internal.http.CallServerInterceptor.intercept(CallServerInterceptor.java:94)
08-06 03:16:47.668 14491 22291 E baseline.com.newsblur.network.APIResponse: 	at okhttp3.internal.http.RealInterceptorChain.proceed(RealInterceptorChain.java:142)
08-06 03:16:47.668 14491 22291 E baseline.com.newsblur.network.APIResponse: 	at okhttp3.internal.connection.ConnectInterceptor.intercept(ConnectInterceptor.java:43)
08-06 03:16:47.668 14491 22291 E baseline.com.newsblur.network.APIResponse: 	at okhttp3.internal.http.RealInterceptorChain.proceed(RealInterceptorChain.java:142)
08-06 03:16:47.668 14491 22291 E baseline.com.newsblur.network.APIResponse: 	at okhttp3.internal.http.RealInterceptorChain.proceed(RealInterceptorChain.java:117)
08-06 03:16:47.668 14491 22291 E baseline.com.newsblur.network.APIResponse: 	at okhttp3.internal.cache.CacheInterceptor.intercept(CacheInterceptor.java:94)
08-06 03:16:47.668 14491 22291 E baseline.com.newsblur.network.APIResponse: 	at okhttp3.internal.http.RealInterceptorChain.proceed(RealInterceptorChain.java:142)
08-06 03:16:47.668 14491 22291 E baseline.com.newsblur.network.APIResponse: 	at okhttp3.internal.http.RealInterceptorChain.proceed(RealInterceptorChain.java:117)
08-06 03:16:47.668 14491 22291 E baseline.com.newsblur.network.APIResponse: 	at okhttp3.internal.http.BridgeInterceptor.intercept(BridgeInterceptor.java:93)
08-06 03:16:47.668 14491 22291 E baseline.com.newsblur.network.APIResponse: 	at okhttp3.internal.http.RealInterceptorChain.proceed(RealInterceptorChain.java:142)
08-06 03:16:47.668 14491 22291 E baseline.com.newsblur.network.APIResponse: 	at okhttp3.internal.http.RetryAndFollowUpInterceptor.intercept(RetryAndFollowUpInterceptor.java:88)
08-06 03:16:47.668 14491 22291 E baseline.com.newsblur.network.APIResponse: 	at okhttp3.internal.http.RealInterceptorChain.proceed(RealInterceptorChain.java:142)
08-06 03:16:47.668 14491 22291 E baseline.com.newsblur.network.APIResponse: 	at okhttp3.internal.http.RealInterceptorChain.proceed(RealInterceptorChain.java:117)
08-06 03:16:47.668 14491 22291 E baseline.com.newsblur.network.APIResponse: 	at okhttp3.RealCall.getResponseWithInterceptorChain(RealCall.java:229)
08-06 03:16:47.668 14491 22291 E baseline.com.newsblur.network.APIResponse: 	at okhttp3.RealCall.execute(RealCall.java:81)
08-06 03:16:47.668 14491 22291 E baseline.com.newsblur.network.APIResponse: 	at baseline.com.newsblur.network.APIResponse.<init>(APIResponse.java:57)
08-06 03:16:47.668 14491 22291 E baseline.com.newsblur.network.APIResponse: 	at baseline.com.newsblur.network.APIResponse.<init>(APIResponse.java:43)
08-06 03:16:47.668 14491 22291 E baseline.com.newsblur.network.APIResponse: 	at baseline.com.newsblur.network.APIManager.post_single(APIManager.java:702)
08-06 03:16:47.668 14491 22291 E baseline.com.newsblur.network.APIResponse: 	at baseline.com.newsblur.network.APIManager.post(APIManager.java:675)
08-06 03:16:47.668 14491 22291 E baseline.com.newsblur.network.APIResponse: 	at baseline.com.newsblur.network.APIManager.post(APIManager.java:714)
08-06 03:16:47.668 14491 22291 E baseline.com.newsblur.network.APIResponse: 	at baseline.com.newsblur.network.APIManager.markStoryAsRead(APIManager.java:205)
08-06 03:16:47.668 14491 22291 E baseline.com.newsblur.network.APIResponse: 	at baseline.com.newsblur.util.ReadingAction.doRemote(ReadingAction.java:281)
08-06 03:16:47.668 14491 22291 E baseline.com.newsblur.network.APIResponse: 	at baseline.com.newsblur.service.NBSyncService.syncActions(NBSyncService.java:400)
08-06 03:16:47.668 14491 22291 E baseline.com.newsblur.network.APIResponse: 	at baseline.com.newsblur.service.NBSyncService.doSync(NBSyncService.java:298)
08-06 03:16:47.668 14491 22291 E baseline.com.newsblur.network.APIResponse: 	at baseline.com.newsblur.service.NBSyncService.access$100(NBSyncService.java:67)
08-06 03:16:47.668 14491 22291 E baseline.com.newsblur.network.APIResponse: 	at baseline.com.newsblur.service.NBSyncService$1.run(NBSyncService.java:188)
08-06 03:16:47.668 14491 22291 E baseline.com.newsblur.network.APIResponse: 	at java.util.concurrent.ThreadPoolExecutor.runWorker(ThreadPoolExecutor.java:1113)
08-06 03:16:47.668 14491 22291 E baseline.com.newsblur.network.APIResponse: 	at java.util.concurrent.ThreadPoolExecutor$Worker.run(ThreadPoolExecutor.java:588)
08-06 03:16:47.668 14491 22291 E baseline.com.newsblur.network.APIResponse: 	at java.lang.Thread.run(Thread.java:818)
08-06 03:16:47.668 14491 22291 E baseline.com.newsblur.network.APIResponse: Caused by: java.io.EOFException: \n not found: limit=0 content=
08-06 03:16:47.668 14491 22291 E baseline.com.newsblur.network.APIResponse: 	at okio.RealBufferedSource.readUtf8LineStrict(RealBufferedSource.java:240)
08-06 03:16:47.668 14491 22291 E baseline.com.newsblur.network.APIResponse: 	at okhttp3.internal.http1.Http1ExchangeCodec.readHeaderLine(Http1ExchangeCodec.java:242)
08-06 03:16:47.668 14491 22291 E baseline.com.newsblur.network.APIResponse: 	at okhttp3.internal.http1.Http1ExchangeCodec.readResponseHeaders(Http1ExchangeCodec.java:213)
08-06 03:16:47.668 14491 22291 E baseline.com.newsblur.network.APIResponse: 	... 30 more
08-06 03:16:47.670 14491 22291 I baseline.com.newsblur.network.APIManager: API call failed, pausing before retry number 1
08-06 03:16:47.904 14491 21624 I art     : Starting a blocking GC Explicit
08-06 03:16:47.963 14491 21624 I art     : Explicit concurrent mark sweep GC freed 3935(356KB) AllocSpace objects, 3(60KB) LOS objects, 28% free, 40MB/56MB, paused 1.452ms total 59.179ms
08-06 03:16:47.981 14491 21624 I art     : Starting a blocking GC Explicit
08-06 03:16:48.033 14491 21624 I art     : Explicit concurrent mark sweep GC freed 120(4KB) AllocSpace objects, 0(0B) LOS objects, 28% free, 40MB/56MB, paused 1.431ms total 52.137ms
08-06 03:16:48.047 14491 21624 I art     : Starting a blocking GC Explicit
08-06 03:16:48.101 14491 21624 I art     : Explicit concurrent mark sweep GC freed 3(96B) AllocSpace objects, 0(0B) LOS objects, 28% free, 40MB/56MB, paused 1.526ms total 53.364ms
08-06 03:16:48.114 14491 21624 I art     : Starting a blocking GC Explicit
08-06 03:16:48.169 14491 21624 I art     : Explicit concurrent mark sweep GC freed 3(96B) AllocSpace objects, 0(0B) LOS objects, 28% free, 40MB/56MB, paused 1.475ms total 54.276ms
08-06 03:16:48.185 14491 21624 I art     : Starting a blocking GC Explicit
08-06 03:16:48.239 14491 21624 I art     : Explicit concurrent mark sweep GC freed 3(96B) AllocSpace objects, 0(0B) LOS objects, 28% free, 40MB/56MB, paused 1.447ms total 54.030ms
08-06 03:16:48.587 14491 22486 I art     : Starting a blocking GC Explicit
08-06 03:16:48.641 14491 22486 I art     : Explicit concurrent mark sweep GC freed 1444(83KB) AllocSpace objects, 1(20KB) LOS objects, 28% free, 40MB/56MB, paused 1.628ms total 54.039ms
08-06 03:16:48.655 14491 22486 I art     : Starting a blocking GC Explicit
08-06 03:16:48.709 14491 22486 I art     : Explicit concurrent mark sweep GC freed 22(784B) AllocSpace objects, 0(0B) LOS objects, 28% free, 40MB/56MB, paused 1.613ms total 53.408ms
08-06 03:16:48.722 14491 22486 I art     : Starting a blocking GC Explicit
08-06 03:16:48.775 14491 22486 I art     : Explicit concurrent mark sweep GC freed 3(96B) AllocSpace objects, 0(0B) LOS objects, 28% free, 40MB/56MB, paused 1.437ms total 52.291ms
08-06 03:16:48.789 14491 22486 I art     : Starting a blocking GC Explicit
08-06 03:16:48.843 14491 22486 I art     : Explicit concurrent mark sweep GC freed 3(96B) AllocSpace objects, 0(0B) LOS objects, 28% free, 40MB/56MB, paused 1.552ms total 54.002ms
08-06 03:16:48.857 14491 22486 I art     : Starting a blocking GC Explicit
08-06 03:16:48.892 22993 22993 D AndroidRuntime: >>>>>> START com.android.internal.os.RuntimeInit uid 2000 <<<<<<
08-06 03:16:48.897 22993 22993 D AndroidRuntime: CheckJNI is OFF
08-06 03:16:48.908 14491 22486 I art     : Explicit concurrent mark sweep GC freed 3(96B) AllocSpace objects, 0(0B) LOS objects, 28% free, 40MB/56MB, paused 1.706ms total 50.593ms
08-06 03:16:48.943 22993 22993 D ICU     : No timezone override file found: /data/misc/zoneinfo/current/icu/icu_tzdata.dat
08-06 03:16:48.989 22993 22993 I Radio-JNI: register_android_hardware_Radio DONE
08-06 03:16:49.019 22993 22993 D AndroidRuntime: Calling main entry com.android.commands.input.Input
08-06 03:16:49.021 22993 22993 I Input   : injectMotionEvent: MotionEvent { action=ACTION_DOWN, actionButton=0, id[0]=0, x[0]=436.0, y[0]=453.0, toolType[0]=TOOL_TYPE_UNKNOWN, buttonState=0, metaState=0, flags=0x0, edgeFlags=0x0, pointerCount=1, historySize=0, eventTime=847025434, downTime=847025434, deviceId=0, source=0x1002 }
08-06 03:16:49.027 22993 22993 I Input   : injectMotionEvent: MotionEvent { action=ACTION_UP, actionButton=0, id[0]=0, x[0]=436.0, y[0]=453.0, toolType[0]=TOOL_TYPE_UNKNOWN, buttonState=0, metaState=0, flags=0x0, edgeFlags=0x0, pointerCount=1, historySize=0, eventTime=847025434, downTime=847025434, deviceId=0, source=0x1002 }
08-06 03:16:49.029 22993 22993 D AndroidRuntime: Shutting down VM
08-06 03:16:49.037   512  2967 D audio_hw_primary: out_set_parameters: enter: usecase(1: low-latency-playback) kvpairs: routing=2
08-06 03:16:49.039   918  4400 I ActivityManager: START u0 {cmp=baseline.com.newsblur/.activity.AllSharedStoriesReading (has extras)} from uid 10698 on display 0
08-06 03:16:49.051   512  2967 D audio_hw_primary: select_devices: out_snd_device(2: speaker) in_snd_device(0: none)
08-06 03:16:49.051   512  2967 D msm8974_platform: platform_send_audio_calibration: sending audio calibration for snd_device(2) acdb_id(15)
08-06 03:16:49.052   512  2967 I soundtrigger: audio_extn_sound_trigger_update_device_status: device 0x2 of type 0 for Event 1
08-06 03:16:49.065   512  2967 D audio_hw_primary: enable_snd_device: snd_device(2: speaker)
08-06 03:16:49.068   512  2967 D audio_hw_primary: enable_audio_route: apply and update mixer path: low-latency-playback speaker
08-06 03:16:49.264 14491 14503 I art     : Starting a blocking GC Explicit
08-06 03:16:49.296 13866 13866 I GoogleInputMethodServic: GoogleInputMethodService.onFinishInput():3138 
08-06 03:16:49.297 13866 13866 I GoogleInputMethodServic: GoogleInputMethodService.onStartInput():1808 
08-06 03:16:49.297   918   936 I ActivityManager: Displayed baseline.com.newsblur/.activity.AllSharedStoriesReading: +244ms
08-06 03:16:49.311 14491 14503 I art     : Explicit concurrent mark sweep GC freed 3826(317KB) AllocSpace objects, 7(568KB) LOS objects, 28% free, 40MB/56MB, paused 1.696ms total 46.597ms
08-06 03:16:49.323 14491 14503 I art     : Starting a blocking GC Explicit
08-06 03:16:49.374 14491 14503 I art     : Explicit concurrent mark sweep GC freed 1986(118KB) AllocSpace objects, 2(40KB) LOS objects, 28% free, 41MB/57MB, paused 1.997ms total 50.155ms
08-06 03:16:49.388 14491 14503 I art     : Starting a blocking GC Explicit
08-06 03:16:49.437 14491 14503 I art     : Explicit concurrent mark sweep GC freed 899(80KB) AllocSpace objects, 9(216KB) LOS objects, 28% free, 41MB/57MB, paused 1.757ms total 48.998ms
08-06 03:16:49.453 14491 14503 I art     : Starting a blocking GC Explicit
08-06 03:16:49.504 14491 14503 I art     : Explicit concurrent mark sweep GC freed 664(47KB) AllocSpace objects, 1(28KB) LOS objects, 28% free, 41MB/57MB, paused 1.544ms total 50.393ms
08-06 03:16:49.517 14491 14503 I art     : Starting a blocking GC Explicit
08-06 03:16:49.567 14491 14503 I art     : Explicit concurrent mark sweep GC freed 97(20KB) AllocSpace objects, 0(0B) LOS objects, 28% free, 41MB/57MB, paused 1.552ms total 49.449ms
08-06 03:16:49.568 14491 21967 E chromium: [ERROR:tile_manager.cc(793)] WARNING: tile memory limits exceeded, some content may not draw
08-06 03:16:49.568 14491 21967 E chromium: [ERROR:tile_manager.cc(793)] WARNING: tile memory limits exceeded, some content may not draw
08-06 03:16:49.610   512  2967 D audio_hw_primary: disable_audio_route: reset and update mixer path: low-latency-playback speaker
08-06 03:16:49.610   512  2967 D audio_hw_primary: disable_snd_device: snd_device(2: speaker)
08-06 03:16:49.619   512  2967 I soundtrigger: audio_extn_sound_trigger_update_device_status: device 0x2 of type 0 for Event 0
08-06 03:16:49.693 14491 22291 E baseline.com.newsblur.network.APIResponse: Error (unexpected end of stream on https://www.newsblur.com/...) calling https://www.newsblur.com/reader/mark_story_hashes_as_read/
08-06 03:16:49.693 14491 22291 E baseline.com.newsblur.network.APIResponse: java.io.IOException: unexpected end of stream on https://www.newsblur.com/...
08-06 03:16:49.693 14491 22291 E baseline.com.newsblur.network.APIResponse: 	at okhttp3.internal.http1.Http1ExchangeCodec.readResponseHeaders(Http1ExchangeCodec.java:236)
08-06 03:16:49.693 14491 22291 E baseline.com.newsblur.network.APIResponse: 	at okhttp3.internal.connection.Exchange.readResponseHeaders(Exchange.java:115)
08-06 03:16:49.693 14491 22291 E baseline.com.newsblur.network.APIResponse: 	at okhttp3.internal.http.CallServerInterceptor.intercept(CallServerInterceptor.java:94)
08-06 03:16:49.693 14491 22291 E baseline.com.newsblur.network.APIResponse: 	at okhttp3.internal.http.RealInterceptorChain.proceed(RealInterceptorChain.java:142)
08-06 03:16:49.693 14491 22291 E baseline.com.newsblur.network.APIResponse: 	at okhttp3.internal.connection.ConnectInterceptor.intercept(ConnectInterceptor.java:43)
08-06 03:16:49.693 14491 22291 E baseline.com.newsblur.network.APIResponse: 	at okhttp3.internal.http.RealInterceptorChain.proceed(RealInterceptorChain.java:142)
08-06 03:16:49.693 14491 22291 E baseline.com.newsblur.network.APIResponse: 	at okhttp3.internal.http.RealInterceptorChain.proceed(RealInterceptorChain.java:117)
08-06 03:16:49.693 14491 22291 E baseline.com.newsblur.network.APIResponse: 	at okhttp3.internal.cache.CacheInterceptor.intercept(CacheInterceptor.java:94)
08-06 03:16:49.693 14491 22291 E baseline.com.newsblur.network.APIResponse: 	at okhttp3.internal.http.RealInterceptorChain.proceed(RealInterceptorChain.java:142)
08-06 03:16:49.693 14491 22291 E baseline.com.newsblur.network.APIResponse: 	at okhttp3.internal.http.RealInterceptorChain.proceed(RealInterceptorChain.java:117)
08-06 03:16:49.693 14491 22291 E baseline.com.newsblur.network.APIResponse: 	at okhttp3.internal.http.BridgeInterceptor.intercept(BridgeInterceptor.java:93)
08-06 03:16:49.693 14491 22291 E baseline.com.newsblur.network.APIResponse: 	at okhttp3.internal.http.RealInterceptorChain.proceed(RealInterceptorChain.java:142)
08-06 03:16:49.693 14491 22291 E baseline.com.newsblur.network.APIResponse: 	at okhttp3.internal.http.RetryAndFollowUpInterceptor.intercept(RetryAndFollowUpInterceptor.java:88)
08-06 03:16:49.693 14491 22291 E baseline.com.newsblur.network.APIResponse: 	at okhttp3.internal.http.RealInterceptorChain.proceed(RealInterceptorChain.java:142)
08-06 03:16:49.693 14491 22291 E baseline.com.newsblur.network.APIResponse: 	at okhttp3.internal.http.RealInterceptorChain.proceed(RealInterceptorChain.java:117)
08-06 03:16:49.693 14491 22291 E baseline.com.newsblur.network.APIResponse: 	at okhttp3.RealCall.getResponseWithInterceptorChain(RealCall.java:229)
08-06 03:16:49.693 14491 22291 E baseline.com.newsblur.network.APIResponse: 	at okhttp3.RealCall.execute(RealCall.java:81)
08-06 03:16:49.693 14491 22291 E baseline.com.newsblur.network.APIResponse: 	at baseline.com.newsblur.network.APIResponse.<init>(APIResponse.java:57)
08-06 03:16:49.693 14491 22291 E baseline.com.newsblur.network.APIResponse: 	at baseline.com.newsblur.network.APIResponse.<init>(APIResponse.java:43)
08-06 03:16:49.693 14491 22291 E baseline.com.newsblur.network.APIResponse: 	at baseline.com.newsblur.network.APIManager.post_single(APIManager.java:702)
08-06 03:16:49.693 14491 22291 E baseline.com.newsblur.network.APIResponse: 	at baseline.com.newsblur.network.APIManager.post(APIManager.java:675)
08-06 03:16:49.693 14491 22291 E baseline.com.newsblur.network.APIResponse: 	at baseline.com.newsblur.network.APIManager.post(APIManager.java:714)
08-06 03:16:49.693 14491 22291 E baseline.com.newsblur.network.APIResponse: 	at baseline.com.newsblur.network.APIManager.markStoryAsRead(APIManager.java:205)
08-06 03:16:49.693 14491 22291 E baseline.com.newsblur.network.APIResponse: 	at baseline.com.newsblur.util.ReadingAction.doRemote(ReadingAction.java:281)
08-06 03:16:49.693 14491 22291 E baseline.com.newsblur.network.APIResponse: 	at baseline.com.newsblur.service.NBSyncService.syncActions(NBSyncService.java:400)
08-06 03:16:49.693 14491 22291 E baseline.com.newsblur.network.APIResponse: 	at baseline.com.newsblur.service.NBSyncService.doSync(NBSyncService.java:298)
08-06 03:16:49.693 14491 22291 E baseline.com.newsblur.network.APIResponse: 	at baseline.com.newsblur.service.NBSyncService.access$100(NBSyncService.java:67)
08-06 03:16:49.693 14491 22291 E baseline.com.newsblur.network.APIResponse: 	at baseline.com.newsblur.service.NBSyncService$1.run(NBSyncService.java:188)
08-06 03:16:49.693 14491 22291 E baseline.com.newsblur.network.APIResponse: 	at java.util.concurrent.ThreadPoolExecutor.runWorker(ThreadPoolExecutor.java:1113)
08-06 03:16:49.693 14491 22291 E baseline.com.newsblur.network.APIResponse: 	at java.util.concurrent.ThreadPoolExecutor$Worker.run(ThreadPoolExecutor.java:588)
08-06 03:16:49.693 14491 22291 E baseline.com.newsblur.network.APIResponse: 	at java.lang.Thread.run(Thread.java:818)
08-06 03:16:49.693 14491 22291 E baseline.com.newsblur.network.APIResponse: Caused by: java.io.EOFException: \n not found: limit=0 content=
08-06 03:16:49.693 14491 22291 E baseline.com.newsblur.network.APIResponse: 	at okio.RealBufferedSource.readUtf8LineStrict(RealBufferedSource.java:240)
08-06 03:16:49.693 14491 22291 E baseline.com.newsblur.network.APIResponse: 	at okhttp3.internal.http1.Http1ExchangeCodec.readHeaderLine(Http1ExchangeCodec.java:242)
08-06 03:16:49.693 14491 22291 E baseline.com.newsblur.network.APIResponse: 	at okhttp3.internal.http1.Http1ExchangeCodec.readResponseHeaders(Http1ExchangeCodec.java:213)
08-06 03:16:49.693 14491 22291 E baseline.com.newsblur.network.APIResponse: 	... 30 more
08-06 03:16:49.697 14491 22291 I baseline.com.newsblur.network.APIManager: API call failed, pausing before retry number 2
08-06 03:16:49.915 14491 14502 I art     : Starting a blocking GC Explicit
08-06 03:16:49.970 14491 14502 I art     : Explicit concurrent mark sweep GC freed 4127(376KB) AllocSpace objects, 4(80KB) LOS objects, 28% free, 41MB/57MB, paused 1.472ms total 54.380ms
08-06 03:16:49.984 14491 14502 I art     : Starting a blocking GC Explicit
08-06 03:16:50.038 14491 14502 I art     : Explicit concurrent mark sweep GC freed 127(4KB) AllocSpace objects, 0(0B) LOS objects, 28% free, 41MB/57MB, paused 1.493ms total 53.634ms
08-06 03:16:50.052 14491 14502 I art     : Starting a blocking GC Explicit
08-06 03:16:50.104 14491 14502 I art     : Explicit concurrent mark sweep GC freed 3(96B) AllocSpace objects, 0(0B) LOS objects, 28% free, 41MB/57MB, paused 1.465ms total 52.595ms
08-06 03:16:50.119 14491 14502 I art     : Starting a blocking GC Explicit
08-06 03:16:50.173 14491 14502 I art     : Explicit concurrent mark sweep GC freed 3(96B) AllocSpace objects, 0(0B) LOS objects, 28% free, 41MB/57MB, paused 1.508ms total 53.923ms
08-06 03:16:50.187 14491 14502 I art     : Starting a blocking GC Explicit
08-06 03:16:50.243 14491 14502 I art     : Explicit concurrent mark sweep GC freed 3(96B) AllocSpace objects, 0(0B) LOS objects, 28% free, 41MB/57MB, paused 1.500ms total 55.468ms
08-06 03:16:50.624 14491 22486 I art     : Starting a blocking GC Explicit
08-06 03:16:50.691 14491 22486 I art     : Explicit concurrent mark sweep GC freed 1475(84KB) AllocSpace objects, 1(20KB) LOS objects, 28% free, 41MB/57MB, paused 2.187ms total 67.032ms
08-06 03:16:50.709 14491 22486 I art     : Starting a blocking GC Explicit
08-06 03:16:50.761 14491 22486 I art     : Explicit concurrent mark sweep GC freed 40(1360B) AllocSpace objects, 0(0B) LOS objects, 28% free, 41MB/57MB, paused 1.286ms total 52.181ms
08-06 03:16:50.775 14491 22486 I art     : Starting a blocking GC Explicit
08-06 03:16:50.824 14491 22486 I art     : Explicit concurrent mark sweep GC freed 15(480B) AllocSpace objects, 0(0B) LOS objects, 28% free, 41MB/57MB, paused 1.304ms total 48.931ms
08-06 03:16:50.839 14491 22486 I art     : Starting a blocking GC Explicit
08-06 03:16:50.890 14491 22486 I art     : Explicit concurrent mark sweep GC freed 4(128B) AllocSpace objects, 0(0B) LOS objects, 28% free, 41MB/57MB, paused 1.390ms total 51.485ms
08-06 03:16:50.904 14491 22486 I art     : Starting a blocking GC Explicit
08-06 03:16:50.960 14491 22486 I art     : Explicit concurrent mark sweep GC freed 3(96B) AllocSpace objects, 0(0B) LOS objects, 28% free, 41MB/57MB, paused 1.514ms total 55.298ms
08-06 03:16:51.366 14491 14502 I art     : Starting a blocking GC Explicit
08-06 03:16:51.427 14491 14502 I art     : Explicit concurrent mark sweep GC freed 1445(83KB) AllocSpace objects, 1(20KB) LOS objects, 28% free, 41MB/57MB, paused 1.566ms total 60.508ms
08-06 03:16:51.445 14491 14502 I art     : Starting a blocking GC Explicit
08-06 03:16:51.501 14491 14502 I art     : Explicit concurrent mark sweep GC freed 22(784B) AllocSpace objects, 0(0B) LOS objects, 28% free, 41MB/57MB, paused 1.508ms total 55.807ms
08-06 03:16:51.515 14491 14502 I art     : Starting a blocking GC Explicit
08-06 03:16:51.573 14491 14502 I art     : Explicit concurrent mark sweep GC freed 3(96B) AllocSpace objects, 0(0B) LOS objects, 28% free, 41MB/57MB, paused 1.527ms total 57.661ms
08-06 03:16:51.587 14491 14502 I art     : Starting a blocking GC Explicit
08-06 03:16:51.643 14491 14502 I art     : Explicit concurrent mark sweep GC freed 3(96B) AllocSpace objects, 0(0B) LOS objects, 28% free, 41MB/57MB, paused 1.548ms total 55.666ms
08-06 03:16:51.657 14491 14502 I art     : Starting a blocking GC Explicit
08-06 03:16:51.715 14491 14502 I art     : Explicit concurrent mark sweep GC freed 3(96B) AllocSpace objects, 0(0B) LOS objects, 28% free, 41MB/57MB, paused 1.425ms total 57.794ms
08-06 03:16:51.807   918  3188 I hubconnection: sensorhub said: 'set_bias 3: -5.5008, 0.0000, 0.0000'
08-06 03:16:52.111 14491 14503 I art     : Starting a blocking GC Explicit
08-06 03:16:52.174 14491 14503 I art     : Explicit concurrent mark sweep GC freed 1446(83KB) AllocSpace objects, 1(20KB) LOS objects, 28% free, 41MB/57MB, paused 1.597ms total 62.702ms
08-06 03:16:52.192 14491 14503 I art     : Starting a blocking GC Explicit
08-06 03:16:52.248 14491 14503 I art     : Explicit concurrent mark sweep GC freed 22(784B) AllocSpace objects, 0(0B) LOS objects, 28% free, 41MB/57MB, paused 1.528ms total 55.619ms
08-06 03:16:52.262 14491 14503 I art     : Starting a blocking GC Explicit
08-06 03:16:52.321 14491 14503 I art     : Explicit concurrent mark sweep GC freed 3(96B) AllocSpace objects, 0(0B) LOS objects, 28% free, 41MB/57MB, paused 1.425ms total 57.930ms
08-06 03:16:52.335 14491 14503 I art     : Starting a blocking GC Explicit
08-06 03:16:52.393 14491 14503 I art     : Explicit concurrent mark sweep GC freed 3(96B) AllocSpace objects, 0(0B) LOS objects, 28% free, 41MB/57MB, paused 1.420ms total 57.829ms
08-06 03:16:52.407 14491 14503 I art     : Starting a blocking GC Explicit
08-06 03:16:52.464 14491 14503 I art     : Explicit concurrent mark sweep GC freed 3(96B) AllocSpace objects, 0(0B) LOS objects, 28% free, 41MB/57MB, paused 1.510ms total 57.167ms
08-06 03:16:52.835 14491 21624 I art     : Starting a blocking GC Explicit
08-06 03:16:52.898 14491 21624 I art     : Explicit concurrent mark sweep GC freed 1604(91KB) AllocSpace objects, 1(20KB) LOS objects, 28% free, 41MB/57MB, paused 1.588ms total 62.254ms
08-06 03:16:52.912 14491 21624 I art     : Starting a blocking GC Explicit
08-06 03:16:52.971 14491 21624 I art     : Explicit concurrent mark sweep GC freed 34(1344B) AllocSpace objects, 0(0B) LOS objects, 28% free, 41MB/57MB, paused 1.573ms total 58.683ms
08-06 03:16:52.989 14491 21624 I art     : Starting a blocking GC Explicit
08-06 03:16:53.047 14491 21624 I art     : Explicit concurrent mark sweep GC freed 3(96B) AllocSpace objects, 0(0B) LOS objects, 28% free, 41MB/57MB, paused 1.574ms total 57.679ms
08-06 03:16:53.061 14491 21624 I art     : Starting a blocking GC Explicit
08-06 03:16:53.118 14491 21624 I art     : Explicit concurrent mark sweep GC freed 3(96B) AllocSpace objects, 0(0B) LOS objects, 28% free, 41MB/57MB, paused 1.663ms total 56.699ms
08-06 03:16:53.132 14491 21624 I art     : Starting a blocking GC Explicit
08-06 03:16:53.192 14491 21624 I art     : Explicit concurrent mark sweep GC freed 3(96B) AllocSpace objects, 0(0B) LOS objects, 28% free, 41MB/57MB, paused 1.643ms total 59.092ms
08-06 03:16:53.294 14491 22291 E baseline.com.newsblur.network.APIResponse: Error (unexpected end of stream on https://www.newsblur.com/...) calling https://www.newsblur.com/reader/mark_story_hashes_as_read/
08-06 03:16:53.294 14491 22291 E baseline.com.newsblur.network.APIResponse: java.io.IOException: unexpected end of stream on https://www.newsblur.com/...
08-06 03:16:53.294 14491 22291 E baseline.com.newsblur.network.APIResponse: 	at okhttp3.internal.http1.Http1ExchangeCodec.readResponseHeaders(Http1ExchangeCodec.java:236)
08-06 03:16:53.294 14491 22291 E baseline.com.newsblur.network.APIResponse: 	at okhttp3.internal.connection.Exchange.readResponseHeaders(Exchange.java:115)
08-06 03:16:53.294 14491 22291 E baseline.com.newsblur.network.APIResponse: 	at okhttp3.internal.http.CallServerInterceptor.intercept(CallServerInterceptor.java:94)
08-06 03:16:53.294 14491 22291 E baseline.com.newsblur.network.APIResponse: 	at okhttp3.internal.http.RealInterceptorChain.proceed(RealInterceptorChain.java:142)
08-06 03:16:53.294 14491 22291 E baseline.com.newsblur.network.APIResponse: 	at okhttp3.internal.connection.ConnectInterceptor.intercept(ConnectInterceptor.java:43)
08-06 03:16:53.294 14491 22291 E baseline.com.newsblur.network.APIResponse: 	at okhttp3.internal.http.RealInterceptorChain.proceed(RealInterceptorChain.java:142)
08-06 03:16:53.294 14491 22291 E baseline.com.newsblur.network.APIResponse: 	at okhttp3.internal.http.RealInterceptorChain.proceed(RealInterceptorChain.java:117)
08-06 03:16:53.294 14491 22291 E baseline.com.newsblur.network.APIResponse: 	at okhttp3.internal.cache.CacheInterceptor.intercept(CacheInterceptor.java:94)
08-06 03:16:53.294 14491 22291 E baseline.com.newsblur.network.APIResponse: 	at okhttp3.internal.http.RealInterceptorChain.proceed(RealInterceptorChain.java:142)
08-06 03:16:53.294 14491 22291 E baseline.com.newsblur.network.APIResponse: 	at okhttp3.internal.http.RealInterceptorChain.proceed(RealInterceptorChain.java:117)
08-06 03:16:53.294 14491 22291 E baseline.com.newsblur.network.APIResponse: 	at okhttp3.internal.http.BridgeInterceptor.intercept(BridgeInterceptor.java:93)
08-06 03:16:53.294 14491 22291 E baseline.com.newsblur.network.APIResponse: 	at okhttp3.internal.http.RealInterceptorChain.proceed(RealInterceptorChain.java:142)
08-06 03:16:53.294 14491 22291 E baseline.com.newsblur.network.APIResponse: 	at okhttp3.internal.http.RetryAndFollowUpInterceptor.intercept(RetryAndFollowUpInterceptor.java:88)
08-06 03:16:53.294 14491 22291 E baseline.com.newsblur.network.APIResponse: 	at okhttp3.internal.http.RealInterceptorChain.proceed(RealInterceptorChain.java:142)
08-06 03:16:53.294 14491 22291 E baseline.com.newsblur.network.APIResponse: 	at okhttp3.internal.http.RealInterceptorChain.proceed(RealInterceptorChain.java:117)
08-06 03:16:53.294 14491 22291 E baseline.com.newsblur.network.APIResponse: 	at okhttp3.RealCall.getResponseWithInterceptorChain(RealCall.java:229)
08-06 03:16:53.294 14491 22291 E baseline.com.newsblur.network.APIResponse: 	at okhttp3.RealCall.execute(RealCall.java:81)
08-06 03:16:53.294 14491 22291 E baseline.com.newsblur.network.APIResponse: 	at baseline.com.newsblur.network.APIResponse.<init>(APIResponse.java:57)
08-06 03:16:53.294 14491 22291 E baseline.com.newsblur.network.APIResponse: 	at baseline.com.newsblur.network.APIResponse.<init>(APIResponse.java:43)
08-06 03:16:53.294 14491 22291 E baseline.com.newsblur.network.APIResponse: 	at baseline.com.newsblur.network.APIManager.post_single(APIManager.java:702)
08-06 03:16:53.294 14491 22291 E baseline.com.newsblur.network.APIResponse: 	at baseline.com.newsblur.network.APIManager.post(APIManager.java:675)
08-06 03:16:53.294 14491 22291 E baseline.com.newsblur.network.APIResponse: 	at baseline.com.newsblur.network.APIManager.post(APIManager.java:714)
08-06 03:16:53.294 14491 22291 E baseline.com.newsblur.network.APIResponse: 	at baseline.com.newsblur.network.APIManager.markStoryAsRead(APIManager.java:205)
08-06 03:16:53.294 14491 22291 E baseline.com.newsblur.network.APIResponse: 	at baseline.com.newsblur.util.ReadingAction.doRemote(ReadingAction.java:281)
08-06 03:16:53.294 14491 22291 E baseline.com.newsblur.network.APIResponse: 	at baseline.com.newsblur.service.NBSyncService.syncActions(NBSyncService.java:400)
08-06 03:16:53.294 14491 22291 E baseline.com.newsblur.network.APIResponse: 	at baseline.com.newsblur.service.NBSyncService.doSync(NBSyncService.java:298)
08-06 03:16:53.294 14491 22291 E baseline.com.newsblur.network.APIResponse: 	at baseline.com.newsblur.service.NBSyncService.access$100(NBSyncService.java:67)
08-06 03:16:53.294 14491 22291 E baseline.com.newsblur.network.APIResponse: 	at baseline.com.newsblur.service.NBSyncService$1.run(NBSyncService.java:188)
08-06 03:16:53.294 14491 22291 E baseline.com.newsblur.network.APIResponse: 	at java.util.concurrent.ThreadPoolExecutor.runWorker(ThreadPoolExecutor.java:1113)
08-06 03:16:53.294 14491 22291 E baseline.com.newsblur.network.APIResponse: 	at java.util.concurrent.ThreadPoolExecutor$Worker.run(ThreadPoolExecutor.java:588)
08-06 03:16:53.294 14491 22291 E baseline.com.newsblur.network.APIResponse: 	at java.lang.Thread.run(Thread.java:818)
08-06 03:16:53.294 14491 22291 E baseline.com.newsblur.network.APIResponse: Caused by: java.io.EOFException: \n not found: limit=0 content=
08-06 03:16:53.294 14491 22291 E baseline.com.newsblur.network.APIResponse: 	at okio.RealBufferedSource.readUtf8LineStrict(RealBufferedSource.java:240)
08-06 03:16:53.294 14491 22291 E baseline.com.newsblur.network.APIResponse: 	at okhttp3.internal.http1.Http1ExchangeCodec.readHeaderLine(Http1ExchangeCodec.java:242)
08-06 03:16:53.294 14491 22291 E baseline.com.newsblur.network.APIResponse: 	at okhttp3.internal.http1.Http1ExchangeCodec.readResponseHeaders(Http1ExchangeCodec.java:213)
08-06 03:16:53.294 14491 22291 E baseline.com.newsblur.network.APIResponse: 	... 30 more
08-06 03:16:53.297 14491 22291 I baseline.com.newsblur.service.NBSyncService: Holding reading action with server-side or network error.
08-06 03:16:53.315 14491 22291 W baseline.com.newsblur.service.NBSyncService: hard API failure
08-06 03:16:53.567 14491 22486 I art     : Starting a blocking GC Explicit
08-06 03:16:53.628 14491 22486 I art     : Explicit concurrent mark sweep GC freed 4357(407KB) AllocSpace objects, 5(100KB) LOS objects, 28% free, 41MB/57MB, paused 1.657ms total 60.673ms
08-06 03:16:53.644 14491 22486 I art     : Starting a blocking GC Explicit
08-06 03:16:53.701 14491 22486 I art     : Explicit concurrent mark sweep GC freed 140(5KB) AllocSpace objects, 0(0B) LOS objects, 28% free, 41MB/57MB, paused 1.463ms total 56.920ms
08-06 03:16:53.715 14491 22486 I art     : Starting a blocking GC Explicit
08-06 03:16:53.772 14491 22486 I art     : Explicit concurrent mark sweep GC freed 1652(64KB) AllocSpace objects, 0(0B) LOS objects, 28% free, 41MB/57MB, paused 1.696ms total 56.115ms
08-06 03:16:53.786 14491 22486 I art     : Starting a blocking GC Explicit
08-06 03:16:53.805 14491 22291 E baseline.com.newsblur.network.APIResponse: Error (unexpected end of stream on https://www.newsblur.com/...) calling https://www.newsblur.com/reader/mark_story_hashes_as_read/
08-06 03:16:53.805 14491 22291 E baseline.com.newsblur.network.APIResponse: java.io.IOException: unexpected end of stream on https://www.newsblur.com/...
08-06 03:16:53.805 14491 22291 E baseline.com.newsblur.network.APIResponse: 	at okhttp3.internal.http1.Http1ExchangeCodec.readResponseHeaders(Http1ExchangeCodec.java:236)
08-06 03:16:53.805 14491 22291 E baseline.com.newsblur.network.APIResponse: 	at okhttp3.internal.connection.Exchange.readResponseHeaders(Exchange.java:115)
08-06 03:16:53.805 14491 22291 E baseline.com.newsblur.network.APIResponse: 	at okhttp3.internal.http.CallServerInterceptor.intercept(CallServerInterceptor.java:94)
08-06 03:16:53.805 14491 22291 E baseline.com.newsblur.network.APIResponse: 	at okhttp3.internal.http.RealInterceptorChain.proceed(RealInterceptorChain.java:142)
08-06 03:16:53.805 14491 22291 E baseline.com.newsblur.network.APIResponse: 	at okhttp3.internal.connection.ConnectInterceptor.intercept(ConnectInterceptor.java:43)
08-06 03:16:53.805 14491 22291 E baseline.com.newsblur.network.APIResponse: 	at okhttp3.internal.http.RealInterceptorChain.proceed(RealInterceptorChain.java:142)
08-06 03:16:53.805 14491 22291 E baseline.com.newsblur.network.APIResponse: 	at okhttp3.internal.http.RealInterceptorChain.proceed(RealInterceptorChain.java:117)
08-06 03:16:53.805 14491 22291 E baseline.com.newsblur.network.APIResponse: 	at okhttp3.internal.cache.CacheInterceptor.intercept(CacheInterceptor.java:94)
08-06 03:16:53.805 14491 22291 E baseline.com.newsblur.network.APIResponse: 	at okhttp3.internal.http.RealInterceptorChain.proceed(RealInterceptorChain.java:142)
08-06 03:16:53.805 14491 22291 E baseline.com.newsblur.network.APIResponse: 	at okhttp3.internal.http.RealInterceptorChain.proceed(RealInterceptorChain.java:117)
08-06 03:16:53.805 14491 22291 E baseline.com.newsblur.network.APIResponse: 	at okhttp3.internal.http.BridgeInterceptor.intercept(BridgeInterceptor.java:93)
08-06 03:16:53.805 14491 22291 E baseline.com.newsblur.network.APIResponse: 	at okhttp3.internal.http.RealInterceptorChain.proceed(RealInterceptorChain.java:142)
08-06 03:16:53.805 14491 22291 E baseline.com.newsblur.network.APIResponse: 	at okhttp3.internal.http.RetryAndFollowUpInterceptor.intercept(RetryAndFollowUpInterceptor.java:88)
08-06 03:16:53.805 14491 22291 E baseline.com.newsblur.network.APIResponse: 	at okhttp3.internal.http.RealInterceptorChain.proceed(RealInterceptorChain.java:142)
08-06 03:16:53.805 14491 22291 E baseline.com.newsblur.network.APIResponse: 	at okhttp3.internal.http.RealInterceptorChain.proceed(RealInterceptorChain.java:117)
08-06 03:16:53.805 14491 22291 E baseline.com.newsblur.network.APIResponse: 	at okhttp3.RealCall.getResponseWithInterceptorChain(RealCall.java:229)
08-06 03:16:53.805 14491 22291 E baseline.com.newsblur.network.APIResponse: 	at okhttp3.RealCall.execute(RealCall.java:81)
08-06 03:16:53.805 14491 22291 E baseline.com.newsblur.network.APIResponse: 	at baseline.com.newsblur.network.APIResponse.<init>(APIResponse.java:57)
08-06 03:16:53.805 14491 22291 E baseline.com.newsblur.network.APIResponse: 	at baseline.com.newsblur.network.APIResponse.<init>(APIResponse.java:43)
08-06 03:16:53.805 14491 22291 E baseline.com.newsblur.network.APIResponse: 	at baseline.com.newsblur.network.APIManager.post_single(APIManager.java:702)
08-06 03:16:53.805 14491 22291 E baseline.com.newsblur.network.APIResponse: 	at baseline.com.newsblur.network.APIManager.post(APIManager.java:675)
08-06 03:16:53.805 14491 22291 E baseline.com.newsblur.network.APIResponse: 	at baseline.com.newsblur.network.APIManager.post(APIManager.java:714)
08-06 03:16:53.805 14491 22291 E baseline.com.newsblur.network.APIResponse: 	at baseline.com.newsblur.network.APIManager.markStoryAsRead(APIManager.java:205)
08-06 03:16:53.805 14491 22291 E baseline.com.newsblur.network.APIResponse: 	at baseline.com.newsblur.util.ReadingAction.doRemote(ReadingAction.java:281)
08-06 03:16:53.805 14491 22291 E baseline.com.newsblur.network.APIResponse: 	at baseline.com.newsblur.service.NBSyncService.syncActions(NBSyncService.java:400)
08-06 03:16:53.805 14491 22291 E baseline.com.newsblur.network.APIResponse: 	at baseline.com.newsblur.service.NBSyncService.doSync(NBSyncService.java:298)
08-06 03:16:53.805 14491 22291 E baseline.com.newsblur.network.APIResponse: 	at baseline.com.newsblur.service.NBSyncService.access$100(NBSyncService.java:67)
08-06 03:16:53.805 14491 22291 E baseline.com.newsblur.network.APIResponse: 	at baseline.com.newsblur.service.NBSyncService$1.run(NBSyncService.java:188)
08-06 03:16:53.805 14491 22291 E baseline.com.newsblur.network.APIResponse: 	at java.util.concurrent.ThreadPoolExecutor.runWorker(ThreadPoolExecutor.java:1113)
08-06 03:16:53.805 14491 22291 E baseline.com.newsblur.network.APIResponse: 	at java.util.concurrent.ThreadPoolExecutor$Worker.run(ThreadPoolExecutor.java:588)
08-06 03:16:53.805 14491 22291 E baseline.com.newsblur.network.APIResponse: 	at java.lang.Thread.run(Thread.java:818)
08-06 03:16:53.805 14491 22291 E baseline.com.newsblur.network.APIResponse: Caused by: java.io.EOFException: \n not found: limit=0 content=
08-06 03:16:53.805 14491 22291 E baseline.com.newsblur.network.APIResponse: 	at okio.RealBufferedSource.readUtf8LineStrict(RealBufferedSource.java:240)
08-06 03:16:53.805 14491 22291 E baseline.com.newsblur.network.APIResponse: 	at okhttp3.internal.http1.Http1ExchangeCodec.readHeaderLine(Http1ExchangeCodec.java:242)
08-06 03:16:53.805 14491 22291 E baseline.com.newsblur.network.APIResponse: 	at okhttp3.internal.http1.Http1ExchangeCodec.readResponseHeaders(Http1ExchangeCodec.java:213)
08-06 03:16:53.805 14491 22291 E baseline.com.newsblur.network.APIResponse: 	... 30 more
08-06 03:16:53.807 14491 22291 I baseline.com.newsblur.network.APIManager: API call failed, pausing before retry number 1
08-06 03:16:53.843 14491 22486 I art     : Explicit concurrent mark sweep GC freed 826(196KB) AllocSpace objects, 2(40KB) LOS objects, 28% free, 41MB/57MB, paused 1.509ms total 57.188ms
08-06 03:16:53.857 14491 22486 I art     : Starting a blocking GC Explicit
08-06 03:16:53.916 14491 22486 I art     : Explicit concurrent mark sweep GC freed 118(16KB) AllocSpace objects, 0(0B) LOS objects, 28% free, 41MB/57MB, paused 1.573ms total 58.555ms
08-06 03:16:54.315 14491 14502 I art     : Starting a blocking GC Explicit
08-06 03:16:54.375 14491 14502 I art     : Explicit concurrent mark sweep GC freed 1469(83KB) AllocSpace objects, 1(20KB) LOS objects, 28% free, 41MB/57MB, paused 1.531ms total 59.483ms
08-06 03:16:54.389 14491 14502 I art     : Starting a blocking GC Explicit
08-06 03:16:54.444 14491 14502 I art     : Explicit concurrent mark sweep GC freed 22(784B) AllocSpace objects, 0(0B) LOS objects, 28% free, 41MB/57MB, paused 1.404ms total 54.289ms
08-06 03:16:54.458 14491 14502 I art     : Starting a blocking GC Explicit
08-06 03:16:54.515 14491 14502 I art     : Explicit concurrent mark sweep GC freed 3(96B) AllocSpace objects, 0(0B) LOS objects, 28% free, 41MB/57MB, paused 1.504ms total 56.874ms
08-06 03:16:54.530 14491 14502 I art     : Starting a blocking GC Explicit
08-06 03:16:54.589 14491 14502 I art     : Explicit concurrent mark sweep GC freed 3(96B) AllocSpace objects, 0(0B) LOS objects, 28% free, 41MB/57MB, paused 1.729ms total 58.467ms
08-06 03:16:54.603 14491 14502 I art     : Starting a blocking GC Explicit
08-06 03:16:54.663 14491 14502 I art     : Explicit concurrent mark sweep GC freed 3(96B) AllocSpace objects, 0(0B) LOS objects, 28% free, 41MB/57MB, paused 1.568ms total 59.200ms
08-06 03:16:54.743   918  3261 D WifiStateMachine: starting scan for "H369AA63323"WPA_PSK with 2412,5180
08-06 03:16:55.053 14491 14503 I art     : Starting a blocking GC Explicit
08-06 03:16:55.113 14491 14503 I art     : Explicit concurrent mark sweep GC freed 1443(83KB) AllocSpace objects, 1(20KB) LOS objects, 28% free, 41MB/57MB, paused 1.463ms total 59.652ms
08-06 03:16:55.129 14491 14503 I art     : Starting a blocking GC Explicit
08-06 03:16:55.186 14491 14503 I art     : Explicit concurrent mark sweep GC freed 22(784B) AllocSpace objects, 0(0B) LOS objects, 28% free, 41MB/57MB, paused 1.496ms total 56.608ms
08-06 03:16:55.200 14491 14503 I art     : Starting a blocking GC Explicit
08-06 03:16:55.258 14491 14503 I art     : Explicit concurrent mark sweep GC freed 3(96B) AllocSpace objects, 0(0B) LOS objects, 28% free, 41MB/57MB, paused 1.707ms total 57.933ms
08-06 03:16:55.273 14491 14503 I art     : Starting a blocking GC Explicit
08-06 03:16:55.328 14491 14503 I art     : Explicit concurrent mark sweep GC freed 94(3KB) AllocSpace objects, 0(0B) LOS objects, 28% free, 41MB/57MB, paused 1.676ms total 54.501ms
08-06 03:16:55.342 14491 14503 I art     : Starting a blocking GC Explicit
08-06 03:16:55.402 14491 14503 I art     : Explicit concurrent mark sweep GC freed 74(4KB) AllocSpace objects, 0(0B) LOS objects, 28% free, 41MB/57MB, paused 1.652ms total 59ms
08-06 03:16:55.793 14491 21624 I art     : Starting a blocking GC Explicit
08-06 03:16:55.853 14491 21624 I art     : Explicit concurrent mark sweep GC freed 3109(149KB) AllocSpace objects, 1(20KB) LOS objects, 28% free, 41MB/57MB, paused 1.658ms total 59.229ms
08-06 03:16:55.862 14491 22291 E baseline.com.newsblur.network.APIResponse: Error (unexpected end of stream on https://www.newsblur.com/...) calling https://www.newsblur.com/reader/mark_story_hashes_as_read/
08-06 03:16:55.862 14491 22291 E baseline.com.newsblur.network.APIResponse: java.io.IOException: unexpected end of stream on https://www.newsblur.com/...
08-06 03:16:55.862 14491 22291 E baseline.com.newsblur.network.APIResponse: 	at okhttp3.internal.http1.Http1ExchangeCodec.readResponseHeaders(Http1ExchangeCodec.java:236)
08-06 03:16:55.862 14491 22291 E baseline.com.newsblur.network.APIResponse: 	at okhttp3.internal.connection.Exchange.readResponseHeaders(Exchange.java:115)
08-06 03:16:55.862 14491 22291 E baseline.com.newsblur.network.APIResponse: 	at okhttp3.internal.http.CallServerInterceptor.intercept(CallServerInterceptor.java:94)
08-06 03:16:55.862 14491 22291 E baseline.com.newsblur.network.APIResponse: 	at okhttp3.internal.http.RealInterceptorChain.proceed(RealInterceptorChain.java:142)
08-06 03:16:55.862 14491 22291 E baseline.com.newsblur.network.APIResponse: 	at okhttp3.internal.connection.ConnectInterceptor.intercept(ConnectInterceptor.java:43)
08-06 03:16:55.862 14491 22291 E baseline.com.newsblur.network.APIResponse: 	at okhttp3.internal.http.RealInterceptorChain.proceed(RealInterceptorChain.java:142)
08-06 03:16:55.862 14491 22291 E baseline.com.newsblur.network.APIResponse: 	at okhttp3.internal.http.RealInterceptorChain.proceed(RealInterceptorChain.java:117)
08-06 03:16:55.862 14491 22291 E baseline.com.newsblur.network.APIResponse: 	at okhttp3.internal.cache.CacheInterceptor.intercept(CacheInterceptor.java:94)
08-06 03:16:55.862 14491 22291 E baseline.com.newsblur.network.APIResponse: 	at okhttp3.internal.http.RealInterceptorChain.proceed(RealInterceptorChain.java:142)
08-06 03:16:55.862 14491 22291 E baseline.com.newsblur.network.APIResponse: 	at okhttp3.internal.http.RealInterceptorChain.proceed(RealInterceptorChain.java:117)
08-06 03:16:55.862 14491 22291 E baseline.com.newsblur.network.APIResponse: 	at okhttp3.internal.http.BridgeInterceptor.intercept(BridgeInterceptor.java:93)
08-06 03:16:55.862 14491 22291 E baseline.com.newsblur.network.APIResponse: 	at okhttp3.internal.http.RealInterceptorChain.proceed(RealInterceptorChain.java:142)
08-06 03:16:55.862 14491 22291 E baseline.com.newsblur.network.APIResponse: 	at okhttp3.internal.http.RetryAndFollowUpInterceptor.intercept(RetryAndFollowUpInterceptor.java:88)
08-06 03:16:55.862 14491 22291 E baseline.com.newsblur.network.APIResponse: 	at okhttp3.internal.http.RealInterceptorChain.proceed(RealInterceptorChain.java:142)
08-06 03:16:55.862 14491 22291 E baseline.com.newsblur.network.APIResponse: 	at okhttp3.internal.http.RealInterceptorChain.proceed(RealInterceptorChain.java:117)
08-06 03:16:55.862 14491 22291 E baseline.com.newsblur.network.APIResponse: 	at okhttp3.RealCall.getResponseWithInterceptorChain(RealCall.java:229)
08-06 03:16:55.862 14491 22291 E baseline.com.newsblur.network.APIResponse: 	at okhttp3.RealCall.execute(RealCall.java:81)
08-06 03:16:55.862 14491 22291 E baseline.com.newsblur.network.APIResponse: 	at baseline.com.newsblur.network.APIResponse.<init>(APIResponse.java:57)
08-06 03:16:55.862 14491 22291 E baseline.com.newsblur.network.APIResponse: 	at baseline.com.newsblur.network.APIResponse.<init>(APIResponse.java:43)
08-06 03:16:55.862 14491 22291 E baseline.com.newsblur.network.APIResponse: 	at baseline.com.newsblur.network.APIManager.post_single(APIManager.java:702)
08-06 03:16:55.862 14491 22291 E baseline.com.newsblur.network.APIResponse: 	at baseline.com.newsblur.network.APIManager.post(APIManager.java:675)
08-06 03:16:55.862 14491 22291 E baseline.com.newsblur.network.APIResponse: 	at baseline.com.newsblur.network.APIManager.post(APIManager.java:714)
08-06 03:16:55.862 14491 22291 E baseline.com.newsblur.network.APIResponse: 	at baseline.com.newsblur.network.APIManager.markStoryAsRead(APIManager.java:205)
08-06 03:16:55.862 14491 22291 E baseline.com.newsblur.network.APIResponse: 	at baseline.com.newsblur.util.ReadingAction.doRemote(ReadingAction.java:281)
08-06 03:16:55.862 14491 22291 E baseline.com.newsblur.network.APIResponse: 	at baseline.com.newsblur.service.NBSyncService.syncActions(NBSyncService.java:400)
08-06 03:16:55.862 14491 22291 E baseline.com.newsblur.network.APIResponse: 	at baseline.com.newsblur.service.NBSyncService.doSync(NBSyncService.java:298)
08-06 03:16:55.862 14491 22291 E baseline.com.newsblur.network.APIResponse: 	at baseline.com.newsblur.service.NBSyncService.access$100(NBSyncService.java:67)
08-06 03:16:55.862 14491 22291 E baseline.com.newsblur.network.APIResponse: 	at baseline.com.newsblur.service.NBSyncService$1.run(NBSyncService.java:188)
08-06 03:16:55.862 14491 22291 E baseline.com.newsblur.network.APIResponse: 	at java.util.concurrent.ThreadPoolExecutor.runWorker(ThreadPoolExecutor.java:1113)
08-06 03:16:55.862 14491 22291 E baseline.com.newsblur.network.APIResponse: 	at java.util.concurrent.ThreadPoolExecutor$Worker.run(ThreadPoolExecutor.java:588)
08-06 03:16:55.862 14491 22291 E baseline.com.newsblur.network.APIResponse: 	at java.lang.Thread.run(Thread.java:818)
08-06 03:16:55.862 14491 22291 E baseline.com.newsblur.network.APIResponse: Caused by: java.io.EOFException: \n not found: limit=0 content=
08-06 03:16:55.862 14491 22291 E baseline.com.newsblur.network.APIResponse: 	at okio.RealBufferedSource.readUtf8LineStrict(RealBufferedSource.java:240)
08-06 03:16:55.862 14491 22291 E baseline.com.newsblur.network.APIResponse: 	at okhttp3.internal.http1.Http1ExchangeCodec.readHeaderLine(Http1ExchangeCodec.java:242)
08-06 03:16:55.862 14491 22291 E baseline.com.newsblur.network.APIResponse: 	at okhttp3.internal.http1.Http1ExchangeCodec.readResponseHeaders(Http1ExchangeCodec.java:213)
08-06 03:16:55.862 14491 22291 E baseline.com.newsblur.network.APIResponse: 	... 30 more
08-06 03:16:55.863 14491 22291 I baseline.com.newsblur.network.APIManager: API call failed, pausing before retry number 2
08-06 03:16:55.867 14491 21624 I art     : Starting a blocking GC Explicit
08-06 03:16:55.925 14491 21624 I art     : Explicit concurrent mark sweep GC freed 1064(221KB) AllocSpace objects, 2(40KB) LOS objects, 28% free, 41MB/57MB, paused 1.671ms total 57.885ms
08-06 03:16:55.939 14491 21624 I art     : Starting a blocking GC Explicit
08-06 03:16:55.994 14491 21624 I art     : Explicit concurrent mark sweep GC freed 1060(51KB) AllocSpace objects, 0(0B) LOS objects, 28% free, 41MB/57MB, paused 1.545ms total 54.413ms
08-06 03:16:56.009 14491 21624 I art     : Starting a blocking GC Explicit
08-06 03:16:56.067 14491 21624 I art     : Explicit concurrent mark sweep GC freed 757(57KB) AllocSpace objects, 0(0B) LOS objects, 28% free, 41MB/57MB, paused 1.489ms total 57.862ms
08-06 03:16:56.081 14491 21624 I art     : Starting a blocking GC Explicit
08-06 03:16:56.141 14491 21624 I art     : Explicit concurrent mark sweep GC freed 3(96B) AllocSpace objects, 0(0B) LOS objects, 28% free, 41MB/57MB, paused 1.613ms total 59.360ms
08-06 03:16:56.542 14491 22486 I art     : Starting a blocking GC Explicit
08-06 03:16:56.602 14491 22486 I art     : Explicit concurrent mark sweep GC freed 5976(296KB) AllocSpace objects, 1(20KB) LOS objects, 28% free, 41MB/57MB, paused 1.615ms total 59.860ms
08-06 03:16:56.617 14491 22486 I art     : Starting a blocking GC Explicit
08-06 03:16:56.678 14491 22486 I art     : Explicit concurrent mark sweep GC freed 214(7KB) AllocSpace objects, 0(0B) LOS objects, 28% free, 41MB/57MB, paused 1.559ms total 60.305ms
08-06 03:16:56.695 14491 22486 I art     : Starting a blocking GC Explicit
08-06 03:16:56.752 14491 22486 I art     : Explicit concurrent mark sweep GC freed 3(96B) AllocSpace objects, 0(0B) LOS objects, 28% free, 41MB/57MB, paused 1.528ms total 56.699ms
08-06 03:16:56.766 14491 22486 I art     : Starting a blocking GC Explicit
08-06 03:16:56.822 14491 22486 I art     : Explicit concurrent mark sweep GC freed 318(13KB) AllocSpace objects, 0(0B) LOS objects, 28% free, 41MB/57MB, paused 1.504ms total 55.032ms
08-06 03:16:56.836 14491 22486 I art     : Starting a blocking GC Explicit
08-06 03:16:56.893 14491 22486 I art     : Explicit concurrent mark sweep GC freed 1584(63KB) AllocSpace objects, 0(0B) LOS objects, 28% free, 41MB/57MB, paused 1.468ms total 56.739ms
08-06 03:16:57.285 14491 14503 I art     : Starting a blocking GC Explicit
08-06 03:16:57.344 14491 14503 I art     : Explicit concurrent mark sweep GC freed 1579(100KB) AllocSpace objects, 1(20KB) LOS objects, 28% free, 41MB/57MB, paused 1.449ms total 58.792ms
08-06 03:16:57.359 14491 14503 I art     : Starting a blocking GC Explicit
08-06 03:16:57.418 14491 14503 I art     : Explicit concurrent mark sweep GC freed 44(1520B) AllocSpace objects, 0(0B) LOS objects, 28% free, 41MB/57MB, paused 1.529ms total 58.561ms
08-06 03:16:57.432 14491 14503 I art     : Starting a blocking GC Explicit
08-06 03:16:57.487 14491 14503 I art     : Explicit concurrent mark sweep GC freed 3(96B) AllocSpace objects, 0(0B) LOS objects, 28% free, 41MB/57MB, paused 1.553ms total 55.004ms
08-06 03:16:57.502 14491 14503 I art     : Starting a blocking GC Explicit
08-06 03:16:57.546   518   646 I ThermalEngine: ACTION: GPU - Setting GPU[0] to 510000000
08-06 03:16:57.560 14491 14503 I art     : Explicit concurrent mark sweep GC freed 3(96B) AllocSpace objects, 0(0B) LOS objects, 28% free, 41MB/57MB, paused 1.496ms total 57.537ms
08-06 03:16:57.574 14491 14503 I art     : Starting a blocking GC Explicit
08-06 03:16:57.622 14491 14503 I art     : Explicit concurrent mark sweep GC freed 3(96B) AllocSpace objects, 0(0B) LOS objects, 28% free, 41MB/57MB, paused 1.010ms total 47.583ms
08-06 03:16:57.994 14491 21624 I art     : Starting a blocking GC Explicit
08-06 03:16:58.040 14491 21624 I art     : Explicit concurrent mark sweep GC freed 1443(83KB) AllocSpace objects, 1(20KB) LOS objects, 28% free, 41MB/57MB, paused 1.113ms total 45.291ms
08-06 03:16:58.053 14491 21624 I art     : Starting a blocking GC Explicit
08-06 03:16:58.095 14491 21624 I art     : Explicit concurrent mark sweep GC freed 22(784B) AllocSpace objects, 0(0B) LOS objects, 28% free, 41MB/57MB, paused 1.110ms total 41.705ms
08-06 03:16:58.106 14491 21624 I art     : Starting a blocking GC Explicit
08-06 03:16:58.148 14491 21624 I art     : Explicit concurrent mark sweep GC freed 3(96B) AllocSpace objects, 0(0B) LOS objects, 28% free, 41MB/57MB, paused 1.147ms total 41.568ms
08-06 03:16:58.159 14491 21624 I art     : Starting a blocking GC Explicit
08-06 03:16:58.201 14491 21624 I art     : Explicit concurrent mark sweep GC freed 3(96B) AllocSpace objects, 0(0B) LOS objects, 28% free, 41MB/57MB, paused 1.093ms total 42.068ms
08-06 03:16:58.212 14491 21624 I art     : Starting a blocking GC Explicit
08-06 03:16:58.255 14491 21624 I art     : Explicit concurrent mark sweep GC freed 3(96B) AllocSpace objects, 0(0B) LOS objects, 28% free, 41MB/57MB, paused 1.121ms total 42.661ms
08-06 03:16:58.611 14491 14502 I art     : Starting a blocking GC Explicit
08-06 03:16:58.657 14491 14502 I art     : Explicit concurrent mark sweep GC freed 1444(83KB) AllocSpace objects, 1(20KB) LOS objects, 28% free, 41MB/57MB, paused 1.129ms total 45.543ms
08-06 03:16:58.668 14491 14502 I art     : Starting a blocking GC Explicit
08-06 03:16:58.713 14491 14502 I art     : Explicit concurrent mark sweep GC freed 22(784B) AllocSpace objects, 0(0B) LOS objects, 28% free, 41MB/57MB, paused 1.144ms total 45.060ms
08-06 03:16:58.725 14491 14502 I art     : Starting a blocking GC Explicit
08-06 03:16:58.769 14491 14502 I art     : Explicit concurrent mark sweep GC freed 3(96B) AllocSpace objects, 0(0B) LOS objects, 28% free, 41MB/57MB, paused 1.173ms total 44.404ms
08-06 03:16:58.780 14491 14502 I art     : Starting a blocking GC Explicit
08-06 03:16:58.825 14491 14502 I art     : Explicit concurrent mark sweep GC freed 3(96B) AllocSpace objects, 0(0B) LOS objects, 28% free, 41MB/57MB, paused 1.031ms total 44.022ms
08-06 03:16:58.836 14491 14502 I art     : Starting a blocking GC Explicit
08-06 03:16:58.880 14491 14502 I art     : Explicit concurrent mark sweep GC freed 94(3KB) AllocSpace objects, 0(0B) LOS objects, 28% free, 41MB/57MB, paused 1.234ms total 43.832ms
08-06 03:16:59.217   918  3188 I hubconnection: sensorhub said: 'set_bias 3: -6.2400, 0.0000, 0.0000'
08-06 03:16:59.235 14491 22486 I art     : Starting a blocking GC Explicit
08-06 03:16:59.281 14491 22486 I art     : Explicit concurrent mark sweep GC freed 1523(88KB) AllocSpace objects, 1(20KB) LOS objects, 28% free, 41MB/57MB, paused 1.164ms total 45.617ms
08-06 03:16:59.292 14491 22486 I art     : Starting a blocking GC Explicit
08-06 03:16:59.335 14491 22486 I art     : Explicit concurrent mark sweep GC freed 22(784B) AllocSpace objects, 0(0B) LOS objects, 28% free, 41MB/57MB, paused 1.060ms total 42.538ms
08-06 03:16:59.346 14491 22486 I art     : Starting a blocking GC Explicit
08-06 03:16:59.390 14491 22486 I art     : Explicit concurrent mark sweep GC freed 707(28KB) AllocSpace objects, 0(0B) LOS objects, 28% free, 41MB/57MB, paused 1.380ms total 43.821ms
08-06 03:16:59.401 14491 22486 I art     : Starting a blocking GC Explicit
08-06 03:16:59.443 14491 22291 E baseline.com.newsblur.network.APIResponse: Error (unexpected end of stream on https://www.newsblur.com/...) calling https://www.newsblur.com/reader/mark_story_hashes_as_read/
08-06 03:16:59.443 14491 22291 E baseline.com.newsblur.network.APIResponse: java.io.IOException: unexpected end of stream on https://www.newsblur.com/...
08-06 03:16:59.443 14491 22291 E baseline.com.newsblur.network.APIResponse: 	at okhttp3.internal.http1.Http1ExchangeCodec.readResponseHeaders(Http1ExchangeCodec.java:236)
08-06 03:16:59.443 14491 22291 E baseline.com.newsblur.network.APIResponse: 	at okhttp3.internal.connection.Exchange.readResponseHeaders(Exchange.java:115)
08-06 03:16:59.443 14491 22291 E baseline.com.newsblur.network.APIResponse: 	at okhttp3.internal.http.CallServerInterceptor.intercept(CallServerInterceptor.java:94)
08-06 03:16:59.443 14491 22291 E baseline.com.newsblur.network.APIResponse: 	at okhttp3.internal.http.RealInterceptorChain.proceed(RealInterceptorChain.java:142)
08-06 03:16:59.443 14491 22291 E baseline.com.newsblur.network.APIResponse: 	at okhttp3.internal.connection.ConnectInterceptor.intercept(ConnectInterceptor.java:43)
08-06 03:16:59.443 14491 22291 E baseline.com.newsblur.network.APIResponse: 	at okhttp3.internal.http.RealInterceptorChain.proceed(RealInterceptorChain.java:142)
08-06 03:16:59.443 14491 22291 E baseline.com.newsblur.network.APIResponse: 	at okhttp3.internal.http.RealInterceptorChain.proceed(RealInterceptorChain.java:117)
08-06 03:16:59.443 14491 22291 E baseline.com.newsblur.network.APIResponse: 	at okhttp3.internal.cache.CacheInterceptor.intercept(CacheInterceptor.java:94)
08-06 03:16:59.443 14491 22291 E baseline.com.newsblur.network.APIResponse: 	at okhttp3.internal.http.RealInterceptorChain.proceed(RealInterceptorChain.java:142)
08-06 03:16:59.443 14491 22291 E baseline.com.newsblur.network.APIResponse: 	at okhttp3.internal.http.RealInterceptorChain.proceed(RealInterceptorChain.java:117)
08-06 03:16:59.443 14491 22291 E baseline.com.newsblur.network.APIResponse: 	at okhttp3.internal.http.BridgeInterceptor.intercept(BridgeInterceptor.java:93)
08-06 03:16:59.443 14491 22291 E baseline.com.newsblur.network.APIResponse: 	at okhttp3.internal.http.RealInterceptorChain.proceed(RealInterceptorChain.java:142)
08-06 03:16:59.443 14491 22291 E baseline.com.newsblur.network.APIResponse: 	at okhttp3.internal.http.RetryAndFollowUpInterceptor.intercept(RetryAndFollowUpInterceptor.java:88)
08-06 03:16:59.443 14491 22291 E baseline.com.newsblur.network.APIResponse: 	at okhttp3.internal.http.RealInterceptorChain.proceed(RealInterceptorChain.java:142)
08-06 03:16:59.443 14491 22291 E baseline.com.newsblur.network.APIResponse: 	at okhttp3.internal.http.RealInterceptorChain.proceed(RealInterceptorChain.java:117)
08-06 03:16:59.443 14491 22291 E baseline.com.newsblur.network.APIResponse: 	at okhttp3.RealCall.getResponseWithInterceptorChain(RealCall.java:229)
08-06 03:16:59.443 14491 22291 E baseline.com.newsblur.network.APIResponse: 	at okhttp3.RealCall.execute(RealCall.java:81)
08-06 03:16:59.443 14491 22291 E baseline.com.newsblur.network.APIResponse: 	at baseline.com.newsblur.network.APIResponse.<init>(APIResponse.java:57)
08-06 03:16:59.443 14491 22291 E baseline.com.newsblur.network.APIResponse: 	at baseline.com.newsblur.network.APIResponse.<init>(APIResponse.java:43)
08-06 03:16:59.443 14491 22291 E baseline.com.newsblur.network.APIResponse: 	at baseline.com.newsblur.network.APIManager.post_single(APIManager.java:702)
08-06 03:16:59.443 14491 22291 E baseline.com.newsblur.network.APIResponse: 	at baseline.com.newsblur.network.APIManager.post(APIManager.java:675)
08-06 03:16:59.443 14491 22291 E baseline.com.newsblur.network.APIResponse: 	at baseline.com.newsblur.network.APIManager.post(APIManager.java:714)
08-06 03:16:59.443 14491 22291 E baseline.com.newsblur.network.APIResponse: 	at baseline.com.newsblur.network.APIManager.markStoryAsRead(APIManager.java:205)
08-06 03:16:59.443 14491 22291 E baseline.com.newsblur.network.APIResponse: 	at baseline.com.newsblur.util.ReadingAction.doRemote(ReadingAction.java:281)
08-06 03:16:59.443 14491 22291 E baseline.com.newsblur.network.APIResponse: 	at baseline.com.newsblur.service.NBSyncService.syncActions(NBSyncService.java:400)
08-06 03:16:59.443 14491 22291 E baseline.com.newsblur.network.APIResponse: 	at baseline.com.newsblur.service.NBSyncService.doSync(NBSyncService.java:298)
08-06 03:16:59.443 14491 22291 E baseline.com.newsblur.network.APIResponse: 	at baseline.com.newsblur.service.NBSyncService.access$100(NBSyncService.java:67)
08-06 03:16:59.443 14491 22291 E baseline.com.newsblur.network.APIResponse: 	at baseline.com.newsblur.service.NBSyncService$1.run(NBSyncService.java:188)
08-06 03:16:59.443 14491 22291 E baseline.com.newsblur.network.APIResponse: 	at java.util.concurrent.ThreadPoolExecutor.runWorker(ThreadPoolExecutor.java:1113)
08-06 03:16:59.443 14491 22291 E baseline.com.newsblur.network.APIResponse: 	at java.util.concurrent.ThreadPoolExecutor$Worker.run(ThreadPoolExecutor.java:588)
08-06 03:16:59.443 14491 22291 E baseline.com.newsblur.network.APIResponse: 	at java.lang.Thread.run(Thread.java:818)
08-06 03:16:59.443 14491 22291 E baseline.com.newsblur.network.APIResponse: Caused by: java.io.EOFException: \n not found: limit=0 content=
08-06 03:16:59.443 14491 22291 E baseline.com.newsblur.network.APIResponse: 	at okio.RealBufferedSource.readUtf8LineStrict(RealBufferedSource.java:240)
08-06 03:16:59.443 14491 22291 E baseline.com.newsblur.network.APIResponse: 	at okhttp3.internal.http1.Http1ExchangeCodec.readHeaderLine(Http1ExchangeCodec.java:242)
08-06 03:16:59.443 14491 22291 E baseline.com.newsblur.network.APIResponse: 	at okhttp3.internal.http1.Http1ExchangeCodec.readResponseHeaders(Http1ExchangeCodec.java:213)
08-06 03:16:59.443 14491 22291 E baseline.com.newsblur.network.APIResponse: 	... 30 more
08-06 03:16:59.444 14491 22486 I art     : Explicit concurrent mark sweep GC freed 1196(76KB) AllocSpace objects, 0(0B) LOS objects, 28% free, 41MB/57MB, paused 1.506ms total 42.918ms
08-06 03:16:59.445 14491 22291 I baseline.com.newsblur.service.NBSyncService: Holding reading action with server-side or network error.
08-06 03:16:59.455 14491 22486 I art     : Starting a blocking GC Explicit
08-06 03:16:59.464 14491 22291 W baseline.com.newsblur.service.NBSyncService: hard API failure
08-06 03:16:59.496 14491 22486 I art     : Explicit concurrent mark sweep GC freed 1062(220KB) AllocSpace objects, 4(80KB) LOS objects, 28% free, 41MB/57MB, paused 1.129ms total 40.796ms
08-06 03:16:59.865 14491 14503 I art     : Starting a blocking GC Explicit
08-06 03:16:59.911 14491 14503 I art     : Explicit concurrent mark sweep GC freed 3171(150KB) AllocSpace objects, 1(20KB) LOS objects, 28% free, 41MB/57MB, paused 1.256ms total 45.956ms
08-06 03:16:59.924 14491 14503 I art     : Starting a blocking GC Explicit
08-06 03:16:59.935 14491 22291 E baseline.com.newsblur.network.APIResponse: Error (unexpected end of stream on https://www.newsblur.com/...) calling https://www.newsblur.com/reader/mark_story_hashes_as_read/
08-06 03:16:59.935 14491 22291 E baseline.com.newsblur.network.APIResponse: java.io.IOException: unexpected end of stream on https://www.newsblur.com/...
08-06 03:16:59.935 14491 22291 E baseline.com.newsblur.network.APIResponse: 	at okhttp3.internal.http1.Http1ExchangeCodec.readResponseHeaders(Http1ExchangeCodec.java:236)
08-06 03:16:59.935 14491 22291 E baseline.com.newsblur.network.APIResponse: 	at okhttp3.internal.connection.Exchange.readResponseHeaders(Exchange.java:115)
08-06 03:16:59.935 14491 22291 E baseline.com.newsblur.network.APIResponse: 	at okhttp3.internal.http.CallServerInterceptor.intercept(CallServerInterceptor.java:94)
08-06 03:16:59.935 14491 22291 E baseline.com.newsblur.network.APIResponse: 	at okhttp3.internal.http.RealInterceptorChain.proceed(RealInterceptorChain.java:142)
08-06 03:16:59.935 14491 22291 E baseline.com.newsblur.network.APIResponse: 	at okhttp3.internal.connection.ConnectInterceptor.intercept(ConnectInterceptor.java:43)
08-06 03:16:59.935 14491 22291 E baseline.com.newsblur.network.APIResponse: 	at okhttp3.internal.http.RealInterceptorChain.proceed(RealInterceptorChain.java:142)
08-06 03:16:59.935 14491 22291 E baseline.com.newsblur.network.APIResponse: 	at okhttp3.internal.http.RealInterceptorChain.proceed(RealInterceptorChain.java:117)
08-06 03:16:59.935 14491 22291 E baseline.com.newsblur.network.APIResponse: 	at okhttp3.internal.cache.CacheInterceptor.intercept(CacheInterceptor.java:94)
08-06 03:16:59.935 14491 22291 E baseline.com.newsblur.network.APIResponse: 	at okhttp3.internal.http.RealInterceptorChain.proceed(RealInterceptorChain.java:142)
08-06 03:16:59.935 14491 22291 E baseline.com.newsblur.network.APIResponse: 	at okhttp3.internal.http.RealInterceptorChain.proceed(RealInterceptorChain.java:117)
08-06 03:16:59.935 14491 22291 E baseline.com.newsblur.network.APIResponse: 	at okhttp3.internal.http.BridgeInterceptor.intercept(BridgeInterceptor.java:93)
08-06 03:16:59.935 14491 22291 E baseline.com.newsblur.network.APIResponse: 	at okhttp3.internal.http.RealInterceptorChain.proceed(RealInterceptorChain.java:142)
08-06 03:16:59.935 14491 22291 E baseline.com.newsblur.network.APIResponse: 	at okhttp3.internal.http.RetryAndFollowUpInterceptor.intercept(RetryAndFollowUpInterceptor.java:88)
08-06 03:16:59.935 14491 22291 E baseline.com.newsblur.network.APIResponse: 	at okhttp3.internal.http.RealInterceptorChain.proceed(RealInterceptorChain.java:142)
08-06 03:16:59.935 14491 22291 E baseline.com.newsblur.network.APIResponse: 	at okhttp3.internal.http.RealInterceptorChain.proceed(RealInterceptorChain.java:117)
08-06 03:16:59.935 14491 22291 E baseline.com.newsblur.network.APIResponse: 	at okhttp3.RealCall.getResponseWithInterceptorChain(RealCall.java:229)
08-06 03:16:59.935 14491 22291 E baseline.com.newsblur.network.APIResponse: 	at okhttp3.RealCall.execute(RealCall.java:81)
08-06 03:16:59.935 14491 22291 E baseline.com.newsblur.network.APIResponse: 	at baseline.com.newsblur.network.APIResponse.<init>(APIResponse.java:57)
08-06 03:16:59.935 14491 22291 E baseline.com.newsblur.network.APIResponse: 	at baseline.com.newsblur.network.APIResponse.<init>(APIResponse.java:43)
08-06 03:16:59.935 14491 22291 E baseline.com.newsblur.network.APIResponse: 	at baseline.com.newsblur.network.APIManager.post_single(APIManager.java:702)
08-06 03:16:59.935 14491 22291 E baseline.com.newsblur.network.APIResponse: 	at baseline.com.newsblur.network.APIManager.post(APIManager.java:675)
08-06 03:16:59.935 14491 22291 E baseline.com.newsblur.network.APIResponse: 	at baseline.com.newsblur.network.APIManager.post(APIManager.java:714)
08-06 03:16:59.935 14491 22291 E baseline.com.newsblur.network.APIResponse: 	at baseline.com.newsblur.network.APIManager.markStoryAsRead(APIManager.java:205)
08-06 03:16:59.935 14491 22291 E baseline.com.newsblur.network.APIResponse: 	at baseline.com.newsblur.util.ReadingAction.doRemote(ReadingAction.java:281)
08-06 03:16:59.935 14491 22291 E baseline.com.newsblur.network.APIResponse: 	at baseline.com.newsblur.service.NBSyncService.syncActions(NBSyncService.java:400)
08-06 03:16:59.935 14491 22291 E baseline.com.newsblur.network.APIResponse: 	at baseline.com.newsblur.service.NBSyncService.doSync(NBSyncService.java:298)
08-06 03:16:59.935 14491 22291 E baseline.com.newsblur.network.APIResponse: 	at baseline.com.newsblur.service.NBSyncService.access$100(NBSyncService.java:67)
08-06 03:16:59.935 14491 22291 E baseline.com.newsblur.network.APIResponse: 	at baseline.com.newsblur.service.NBSyncService$1.run(NBSyncService.java:188)
08-06 03:16:59.935 14491 22291 E baseline.com.newsblur.network.APIResponse: 	at java.util.concurrent.ThreadPoolExecutor.runWorker(ThreadPoolExecutor.java:1113)
08-06 03:16:59.935 14491 22291 E baseline.com.newsblur.network.APIResponse: 	at java.util.concurrent.ThreadPoolExecutor$Worker.run(ThreadPoolExecutor.java:588)
08-06 03:16:59.935 14491 22291 E baseline.com.newsblur.network.APIResponse: 	at java.lang.Thread.run(Thread.java:818)
08-06 03:16:59.935 14491 22291 E baseline.com.newsblur.network.APIResponse: Caused by: java.io.EOFException: \n not found: limit=0 content=
08-06 03:16:59.935 14491 22291 E baseline.com.newsblur.network.APIResponse: 	at okio.RealBufferedSource.readUtf8LineStrict(RealBufferedSource.java:240)
08-06 03:16:59.935 14491 22291 E baseline.com.newsblur.network.APIResponse: 	at okhttp3.internal.http1.Http1ExchangeCodec.readHeaderLine(Http1ExchangeCodec.java:242)
08-06 03:16:59.935 14491 22291 E baseline.com.newsblur.network.APIResponse: 	at okhttp3.internal.http1.Http1ExchangeCodec.readResponseHeaders(Http1ExchangeCodec.java:213)
08-06 03:16:59.935 14491 22291 E baseline.com.newsblur.network.APIResponse: 	... 30 more
08-06 03:16:59.937 14491 22291 I baseline.com.newsblur.network.APIManager: API call failed, pausing before retry number 1
08-06 03:16:59.965 14491 14503 I art     : Explicit concurrent mark sweep GC freed 848(197KB) AllocSpace objects, 2(40KB) LOS objects, 28% free, 41MB/57MB, paused 1.086ms total 40.368ms
08-06 03:16:59.975 14491 14503 I art     : Starting a blocking GC Explicit
08-06 03:17:00.016 14491 14503 I art     : Explicit concurrent mark sweep GC freed 110(16KB) AllocSpace objects, 0(0B) LOS objects, 28% free, 40MB/56MB, paused 1.092ms total 41.191ms
08-06 03:17:00.027 14491 14503 I art     : Starting a blocking GC Explicit
08-06 03:17:00.065 14491 14503 I art     : Explicit concurrent mark sweep GC freed 25(832B) AllocSpace objects, 0(0B) LOS objects, 28% free, 40MB/56MB, paused 980us total 37.990ms
08-06 03:17:00.075 14491 14503 I art     : Starting a blocking GC Explicit
08-06 03:17:00.115 14491 14503 I art     : Explicit concurrent mark sweep GC freed 3(96B) AllocSpace objects, 0(0B) LOS objects, 28% free, 40MB/56MB, paused 1.119ms total 38.981ms
08-06 03:17:00.492 14491 21624 I art     : Starting a blocking GC Explicit
08-06 03:17:00.539 14491 21624 I art     : Explicit concurrent mark sweep GC freed 1443(83KB) AllocSpace objects, 1(20KB) LOS objects, 28% free, 40MB/56MB, paused 1.231ms total 46.141ms
08-06 03:17:00.552 14491 21624 I art     : Starting a blocking GC Explicit
08-06 03:17:00.595 14491 21624 I art     : Explicit concurrent mark sweep GC freed 22(784B) AllocSpace objects, 0(0B) LOS objects, 28% free, 40MB/56MB, paused 1.116ms total 42.610ms
08-06 03:17:00.606 14491 21624 I art     : Starting a blocking GC Explicit
08-06 03:17:00.650 14491 21624 I art     : Explicit concurrent mark sweep GC freed 3(96B) AllocSpace objects, 0(0B) LOS objects, 28% free, 40MB/56MB, paused 1.135ms total 43.229ms
08-06 03:17:00.661 14491 21624 I art     : Starting a blocking GC Explicit
08-06 03:17:00.705 14491 21624 I art     : Explicit concurrent mark sweep GC freed 3(96B) AllocSpace objects, 0(0B) LOS objects, 28% free, 40MB/56MB, paused 1.127ms total 43.832ms
08-06 03:17:00.716 14491 21624 I art     : Starting a blocking GC Explicit
08-06 03:17:00.760 14491 21624 I art     : Explicit concurrent mark sweep GC freed 3(96B) AllocSpace objects, 0(0B) LOS objects, 28% free, 40MB/56MB, paused 1.149ms total 43.676ms
08-06 03:17:01.133 14491 14502 I art     : Starting a blocking GC Explicit
08-06 03:17:01.177 14491 14502 I art     : Explicit concurrent mark sweep GC freed 1443(83KB) AllocSpace objects, 1(20KB) LOS objects, 28% free, 40MB/56MB, paused 1.107ms total 44.336ms
08-06 03:17:01.188 14491 14502 I art     : Starting a blocking GC Explicit
08-06 03:17:01.230 14491 14502 I art     : Explicit concurrent mark sweep GC freed 22(784B) AllocSpace objects, 0(0B) LOS objects, 28% free, 40MB/56MB, paused 1.062ms total 42.330ms
08-06 03:17:01.242 14491 14502 I art     : Starting a blocking GC Explicit
08-06 03:17:01.284 14491 14502 I art     : Explicit concurrent mark sweep GC freed 3(96B) AllocSpace objects, 0(0B) LOS objects, 28% free, 40MB/56MB, paused 1.071ms total 42.373ms
08-06 03:17:01.295 14491 14502 I art     : Starting a blocking GC Explicit
08-06 03:17:01.337 14491 14502 I art     : Explicit concurrent mark sweep GC freed 3(96B) AllocSpace objects, 0(0B) LOS objects, 28% free, 40MB/56MB, paused 1.044ms total 41.117ms
08-06 03:17:01.347 14491 14502 I art     : Starting a blocking GC Explicit
08-06 03:17:01.390 14491 14502 I art     : Explicit concurrent mark sweep GC freed 3(96B) AllocSpace objects, 0(0B) LOS objects, 28% free, 40MB/56MB, paused 1.123ms total 42.034ms
08-06 03:17:01.687 23210 23210 D AndroidRuntime: >>>>>> START com.android.internal.os.RuntimeInit uid 2000 <<<<<<
08-06 03:17:01.692 23210 23210 D AndroidRuntime: CheckJNI is OFF
08-06 03:17:01.727 23210 23210 D ICU     : No timezone override file found: /data/misc/zoneinfo/current/icu/icu_tzdata.dat
08-06 03:17:01.735 14491 22486 I art     : Starting a blocking GC Explicit
08-06 03:17:01.763 23210 23210 I Radio-JNI: register_android_hardware_Radio DONE
08-06 03:17:01.780 14491 22486 I art     : Explicit concurrent mark sweep GC freed 1608(91KB) AllocSpace objects, 1(20KB) LOS objects, 28% free, 40MB/56MB, paused 1.205ms total 44.336ms
08-06 03:17:01.785 23210 23210 D AndroidRuntime: Calling main entry com.android.commands.input.Input
08-06 03:17:01.787 23210 23210 I Input   : injectKeyEvent: KeyEvent { action=ACTION_DOWN, keyCode=KEYCODE_BACK, scanCode=0, metaState=0, flags=0x0, repeatCount=0, eventTime=847038200, downTime=847038200, deviceId=-1, source=0x101 }
08-06 03:17:01.791 14491 22486 I art     : Starting a blocking GC Explicit
08-06 03:17:01.793 23210 23210 I Input   : injectKeyEvent: KeyEvent { action=ACTION_UP, keyCode=KEYCODE_BACK, scanCode=0, metaState=0, flags=0x0, repeatCount=0, eventTime=847038200, downTime=847038200, deviceId=-1, source=0x101 }
08-06 03:17:01.799 23210 23210 D AndroidRuntime: Shutting down VM
08-06 03:17:01.806 14491 14491 D baseline.com.newsblur.service.NBSyncService: rejecting request for feedset that is exhaused
08-06 03:17:01.831 14491 22486 I art     : Explicit concurrent mark sweep GC freed 246(39KB) AllocSpace objects, 2(40KB) LOS objects, 28% free, 41MB/57MB, paused 1.056ms total 40.335ms
08-06 03:17:01.841 14491 22486 I art     : Starting a blocking GC Explicit
08-06 03:17:01.884 14491 22486 I art     : Explicit concurrent mark sweep GC freed 44(1648B) AllocSpace objects, 0(0B) LOS objects, 28% free, 41MB/57MB, paused 1.167ms total 42.070ms
08-06 03:17:01.894 14491 22486 I art     : Starting a blocking GC Explicit
08-06 03:17:01.937 14491 22486 I art     : Explicit concurrent mark sweep GC freed 938(59KB) AllocSpace objects, 1(20KB) LOS objects, 28% free, 41MB/57MB, paused 1.472ms total 42.722ms
08-06 03:17:01.938 14491 14491 D baseline.com.newsblur.service.NBSyncService: rejecting request for feedset that is exhaused
08-06 03:17:01.951 14491 22486 I art     : Starting a blocking GC Explicit
08-06 03:17:01.980 14491 22291 E baseline.com.newsblur.network.APIResponse: Error (unexpected end of stream on https://www.newsblur.com/...) calling https://www.newsblur.com/reader/mark_story_hashes_as_read/
08-06 03:17:01.980 14491 22291 E baseline.com.newsblur.network.APIResponse: java.io.IOException: unexpected end of stream on https://www.newsblur.com/...
08-06 03:17:01.980 14491 22291 E baseline.com.newsblur.network.APIResponse: 	at okhttp3.internal.http1.Http1ExchangeCodec.readResponseHeaders(Http1ExchangeCodec.java:236)
08-06 03:17:01.980 14491 22291 E baseline.com.newsblur.network.APIResponse: 	at okhttp3.internal.connection.Exchange.readResponseHeaders(Exchange.java:115)
08-06 03:17:01.980 14491 22291 E baseline.com.newsblur.network.APIResponse: 	at okhttp3.internal.http.CallServerInterceptor.intercept(CallServerInterceptor.java:94)
08-06 03:17:01.980 14491 22291 E baseline.com.newsblur.network.APIResponse: 	at okhttp3.internal.http.RealInterceptorChain.proceed(RealInterceptorChain.java:142)
08-06 03:17:01.980 14491 22291 E baseline.com.newsblur.network.APIResponse: 	at okhttp3.internal.connection.ConnectInterceptor.intercept(ConnectInterceptor.java:43)
08-06 03:17:01.980 14491 22291 E baseline.com.newsblur.network.APIResponse: 	at okhttp3.internal.http.RealInterceptorChain.proceed(RealInterceptorChain.java:142)
08-06 03:17:01.980 14491 22291 E baseline.com.newsblur.network.APIResponse: 	at okhttp3.internal.http.RealInterceptorChain.proceed(RealInterceptorChain.java:117)
08-06 03:17:01.980 14491 22291 E baseline.com.newsblur.network.APIResponse: 	at okhttp3.internal.cache.CacheInterceptor.intercept(CacheInterceptor.java:94)
08-06 03:17:01.980 14491 22291 E baseline.com.newsblur.network.APIResponse: 	at okhttp3.internal.http.RealInterceptorChain.proceed(RealInterceptorChain.java:142)
08-06 03:17:01.980 14491 22291 E baseline.com.newsblur.network.APIResponse: 	at okhttp3.internal.http.RealInterceptorChain.proceed(RealInterceptorChain.java:117)
08-06 03:17:01.980 14491 22291 E baseline.com.newsblur.network.APIResponse: 	at okhttp3.internal.http.BridgeInterceptor.intercept(BridgeInterceptor.java:93)
08-06 03:17:01.980 14491 22291 E baseline.com.newsblur.network.APIResponse: 	at okhttp3.internal.http.RealInterceptorChain.proceed(RealInterceptorChain.java:142)
08-06 03:17:01.980 14491 22291 E baseline.com.newsblur.network.APIResponse: 	at okhttp3.internal.http.RetryAndFollowUpInterceptor.intercept(RetryAndFollowUpInterceptor.java:88)
08-06 03:17:01.980 14491 22291 E baseline.com.newsblur.network.APIResponse: 	at okhttp3.internal.http.RealInterceptorChain.proceed(RealInterceptorChain.java:142)
08-06 03:17:01.980 14491 22291 E baseline.com.newsblur.network.APIResponse: 	at okhttp3.internal.http.RealInterceptorChain.proceed(RealInterceptorChain.java:117)
08-06 03:17:01.980 14491 22291 E baseline.com.newsblur.network.APIResponse: 	at okhttp3.RealCall.getResponseWithInterceptorChain(RealCall.java:229)
08-06 03:17:01.980 14491 22291 E baseline.com.newsblur.network.APIResponse: 	at okhttp3.RealCall.execute(RealCall.java:81)
08-06 03:17:01.980 14491 22291 E baseline.com.newsblur.network.APIResponse: 	at baseline.com.newsblur.network.APIResponse.<init>(APIResponse.java:57)
08-06 03:17:01.980 14491 22291 E baseline.com.newsblur.network.APIResponse: 	at baseline.com.newsblur.network.APIResponse.<init>(APIResponse.java:43)
08-06 03:17:01.980 14491 22291 E baseline.com.newsblur.network.APIResponse: 	at baseline.com.newsblur.network.APIManager.post_single(APIManager.java:702)
08-06 03:17:01.980 14491 22291 E baseline.com.newsblur.network.APIResponse: 	at baseline.com.newsblur.network.APIManager.post(APIManager.java:675)
08-06 03:17:01.980 14491 22291 E baseline.com.newsblur.network.APIResponse: 	at baseline.com.newsblur.network.APIManager.post(APIManager.java:714)
08-06 03:17:01.980 14491 22291 E baseline.com.newsblur.network.APIResponse: 	at baseline.com.newsblur.network.APIManager.markStoryAsRead(APIManager.java:205)
08-06 03:17:01.980 14491 22291 E baseline.com.newsblur.network.APIResponse: 	at baseline.com.newsblur.util.ReadingAction.doRemote(ReadingAction.java:281)
08-06 03:17:01.980 14491 22291 E baseline.com.newsblur.network.APIResponse: 	at baseline.com.newsblur.service.NBSyncService.syncActions(NBSyncService.java:400)
08-06 03:17:01.980 14491 22291 E baseline.com.newsblur.network.APIResponse: 	at baseline.com.newsblur.service.NBSyncService.doSync(NBSyncService.java:298)
08-06 03:17:01.980 14491 22291 E baseline.com.newsblur.network.APIResponse: 	at baseline.com.newsblur.service.NBSyncService.access$100(NBSyncService.java:67)
08-06 03:17:01.980 14491 22291 E baseline.com.newsblur.network.APIResponse: 	at baseline.com.newsblur.service.NBSyncService$1.run(NBSyncService.java:188)
08-06 03:17:01.980 14491 22291 E baseline.com.newsblur.network.APIResponse: 	at java.util.concurrent.ThreadPoolExecutor.runWorker(ThreadPoolExecutor.java:1113)
08-06 03:17:01.980 14491 22291 E baseline.com.newsblur.network.APIResponse: 	at java.util.concurrent.ThreadPoolExecutor$Worker.run(ThreadPoolExecutor.java:588)
08-06 03:17:01.980 14491 22291 E baseline.com.newsblur.network.APIResponse: 	at java.lang.Thread.run(Thread.java:818)
08-06 03:17:01.980 14491 22291 E baseline.com.newsblur.network.APIResponse: Caused by: java.io.EOFException: \n not found: limit=0 content=
08-06 03:17:01.980 14491 22291 E baseline.com.newsblur.network.APIResponse: 	at okio.RealBufferedSource.readUtf8LineStrict(RealBufferedSource.java:240)
08-06 03:17:01.980 14491 22291 E baseline.com.newsblur.network.APIResponse: 	at okhttp3.internal.http1.Http1ExchangeCodec.readHeaderLine(Http1ExchangeCodec.java:242)
08-06 03:17:01.980 14491 22291 E baseline.com.newsblur.network.APIResponse: 	at okhttp3.internal.http1.Http1ExchangeCodec.readResponseHeaders(Http1ExchangeCodec.java:213)
08-06 03:17:01.980 14491 22291 E baseline.com.newsblur.network.APIResponse: 	... 30 more
08-06 03:17:01.981 14491 22291 I baseline.com.newsblur.network.APIManager: API call failed, pausing before retry number 2
08-06 03:17:01.989 13866 13866 I GoogleInputMethodServic: GoogleInputMethodService.onFinishInput():3138 
08-06 03:17:01.990 13866 13866 I GoogleInputMethodServic: GoogleInputMethodService.onStartInput():1808 
08-06 03:17:01.991 14491 22486 I art     : Explicit concurrent mark sweep GC freed 2685(303KB) AllocSpace objects, 3(60KB) LOS objects, 28% free, 41MB/57MB, paused 1.286ms total 40.663ms
08-06 03:17:02.307 14491 14503 I art     : Starting a blocking GC Explicit
08-06 03:17:02.349 14491 14503 I art     : Explicit concurrent mark sweep GC freed 3309(199KB) AllocSpace objects, 2(48KB) LOS objects, 28% free, 40MB/56MB, paused 1.025ms total 41.667ms
08-06 03:17:02.360 14491 14503 I art     : Starting a blocking GC Explicit
08-06 03:17:02.407 14491 14503 I art     : Explicit concurrent mark sweep GC freed 183(8KB) AllocSpace objects, 0(0B) LOS objects, 28% free, 40MB/56MB, paused 1.278ms total 45.985ms
08-06 03:17:02.417 14491 14503 I art     : Starting a blocking GC Explicit
08-06 03:17:02.463 14491 14503 I art     : Explicit concurrent mark sweep GC freed 9(288B) AllocSpace objects, 0(0B) LOS objects, 28% free, 40MB/56MB, paused 1.107ms total 45.082ms
08-06 03:17:02.476 14491 14503 I art     : Starting a blocking GC Explicit
08-06 03:17:02.524 14491 14503 I art     : Explicit concurrent mark sweep GC freed 11(352B) AllocSpace objects, 0(0B) LOS objects, 28% free, 40MB/56MB, paused 1.312ms total 47.683ms
08-06 03:17:02.535 14491 14503 I art     : Starting a blocking GC Explicit
08-06 03:17:02.551   518   646 I ThermalEngine: ACTION: GPU - Setting GPU[0] to 450000000
08-06 03:17:02.585 14491 14503 I art     : Explicit concurrent mark sweep GC freed 11(352B) AllocSpace objects, 0(0B) LOS objects, 28% free, 40MB/56MB, paused 1.416ms total 48.902ms
08-06 03:17:02.976 14491 22486 I art     : Starting a blocking GC Explicit
08-06 03:17:03.039 14491 22486 I art     : Explicit concurrent mark sweep GC freed 1498(84KB) AllocSpace objects, 1(20KB) LOS objects, 28% free, 40MB/56MB, paused 1.507ms total 62.278ms
08-06 03:17:03.055 14491 22486 I art     : Starting a blocking GC Explicit
08-06 03:17:03.107 14491 22486 I art     : Explicit concurrent mark sweep GC freed 30(1040B) AllocSpace objects, 0(0B) LOS objects, 28% free, 40MB/56MB, paused 1.598ms total 51.084ms
08-06 03:17:03.121 14491 22486 I art     : Starting a blocking GC Explicit
08-06 03:17:03.175 14491 22486 I art     : Explicit concurrent mark sweep GC freed 11(352B) AllocSpace objects, 0(0B) LOS objects, 28% free, 40MB/56MB, paused 1.804ms total 54.606ms
08-06 03:17:03.189 14491 22486 I art     : Starting a blocking GC Explicit
08-06 03:17:03.243 14491 22486 I art     : Explicit concurrent mark sweep GC freed 11(352B) AllocSpace objects, 0(0B) LOS objects, 28% free, 40MB/56MB, paused 1.491ms total 54.155ms
08-06 03:17:03.259 14491 22486 I art     : Starting a blocking GC Explicit
08-06 03:17:03.316 14491 22486 I art     : Explicit concurrent mark sweep GC freed 11(352B) AllocSpace objects, 0(0B) LOS objects, 28% free, 40MB/56MB, paused 1.430ms total 57.227ms
08-06 03:17:03.586 23253 23253 D AndroidRuntime: >>>>>> START com.android.internal.os.RuntimeInit uid 2000 <<<<<<
08-06 03:17:03.592 23253 23253 D AndroidRuntime: CheckJNI is OFF
08-06 03:17:03.636 23253 23253 D ICU     : No timezone override file found: /data/misc/zoneinfo/current/icu/icu_tzdata.dat
08-06 03:17:03.682 23253 23253 I Radio-JNI: register_android_hardware_Radio DONE
08-06 03:17:03.706 14491 14503 I art     : Starting a blocking GC Explicit
08-06 03:17:03.712 23253 23253 D AndroidRuntime: Calling main entry com.android.commands.input.Input
08-06 03:17:03.713 23253 23253 I Input   : injectMotionEvent: MotionEvent { action=ACTION_DOWN, actionButton=0, id[0]=0, x[0]=435.0, y[0]=858.0, toolType[0]=TOOL_TYPE_UNKNOWN, buttonState=0, metaState=0, flags=0x0, edgeFlags=0x0, pointerCount=1, historySize=0, eventTime=847040126, downTime=847040126, deviceId=0, source=0x1002 }
08-06 03:17:03.720 23253 23253 I Input   : injectMotionEvent: MotionEvent { action=ACTION_UP, actionButton=0, id[0]=0, x[0]=435.0, y[0]=858.0, toolType[0]=TOOL_TYPE_UNKNOWN, buttonState=0, metaState=0, flags=0x0, edgeFlags=0x0, pointerCount=1, historySize=0, eventTime=847040126, downTime=847040126, deviceId=0, source=0x1002 }
08-06 03:17:03.722 23253 23253 D AndroidRuntime: Shutting down VM
08-06 03:17:03.737   512  2967 D audio_hw_primary: out_set_parameters: enter: usecase(1: low-latency-playback) kvpairs: routing=2
08-06 03:17:03.742   918  6029 I ActivityManager: START u0 {cmp=baseline.com.newsblur/.activity.AllSharedStoriesReading (has extras)} from uid 10698 on display 0
08-06 03:17:03.750   512  2967 D audio_hw_primary: select_devices: out_snd_device(2: speaker) in_snd_device(0: none)
08-06 03:17:03.750   512  2967 D msm8974_platform: platform_send_audio_calibration: sending audio calibration for snd_device(2) acdb_id(15)
08-06 03:17:03.750   512  2967 I soundtrigger: audio_extn_sound_trigger_update_device_status: device 0x2 of type 0 for Event 1
08-06 03:17:03.760   512  2967 D audio_hw_primary: enable_snd_device: snd_device(2: speaker)
08-06 03:17:03.761 14491 14503 I art     : Explicit concurrent mark sweep GC freed 1994(165KB) AllocSpace objects, 2(40KB) LOS objects, 28% free, 40MB/56MB, paused 1.980ms total 55.004ms
08-06 03:17:03.762   512  2967 D audio_hw_primary: enable_audio_route: apply and update mixer path: low-latency-playback speaker
08-06 03:17:03.775 14491 14503 I art     : Starting a blocking GC Explicit
08-06 03:17:03.824 14491 14503 I art     : Explicit concurrent mark sweep GC freed 1231(105KB) AllocSpace objects, 3(488KB) LOS objects, 28% free, 41MB/57MB, paused 1.449ms total 49.258ms
08-06 03:17:03.838 14491 14503 I art     : Starting a blocking GC Explicit
08-06 03:17:03.891 14491 14503 I art     : Explicit concurrent mark sweep GC freed 243(12KB) AllocSpace objects, 0(0B) LOS objects, 28% free, 41MB/57MB, paused 1.578ms total 52.954ms
08-06 03:17:03.905 14491 14503 I art     : Starting a blocking GC Explicit
08-06 03:17:03.962 14491 14503 I art     : Explicit concurrent mark sweep GC freed 142(25KB) AllocSpace objects, 1(20KB) LOS objects, 28% free, 41MB/57MB, paused 1.538ms total 56.222ms
08-06 03:17:03.975 14491 14503 I art     : Starting a blocking GC Explicit
08-06 03:17:04.017   918   936 I ActivityManager: Displayed baseline.com.newsblur/.activity.AllSharedStoriesReading: +266ms
08-06 03:17:04.019 13866 13866 I GoogleInputMethodServic: GoogleInputMethodService.onFinishInput():3138 
08-06 03:17:04.019 13866 13866 I GoogleInputMethodServic: GoogleInputMethodService.onStartInput():1808 
08-06 03:17:04.025 14491 14503 I art     : Explicit concurrent mark sweep GC freed 405(34KB) AllocSpace objects, 1(20KB) LOS objects, 27% free, 41MB/57MB, paused 1.679ms total 50.516ms
08-06 03:17:04.300   512  2967 D audio_hw_primary: disable_audio_route: reset and update mixer path: low-latency-playback speaker
08-06 03:17:04.301   512  2967 D audio_hw_primary: disable_snd_device: snd_device(2: speaker)
08-06 03:17:04.309   512  2967 I soundtrigger: audio_extn_sound_trigger_update_device_status: device 0x2 of type 0 for Event 0
08-06 03:17:04.322 14491 21967 E chromium: [ERROR:tile_manager.cc(793)] WARNING: tile memory limits exceeded, some content may not draw
08-06 03:17:04.323 14491 21967 E chromium: [ERROR:tile_manager.cc(793)] WARNING: tile memory limits exceeded, some content may not draw
08-06 03:17:04.384 14491 22486 I art     : Starting a blocking GC Explicit
08-06 03:17:04.443 14491 22486 I art     : Explicit concurrent mark sweep GC freed 5226(416KB) AllocSpace objects, 15(344KB) LOS objects, 27% free, 41MB/57MB, paused 1.404ms total 58.363ms
08-06 03:17:04.457 14491 22486 I art     : Starting a blocking GC Explicit
08-06 03:17:04.512 14491 22486 I art     : Explicit concurrent mark sweep GC freed 912(42KB) AllocSpace objects, 1(28KB) LOS objects, 27% free, 41MB/57MB, paused 1.383ms total 55.280ms
08-06 03:17:04.527 14491 22486 I art     : Starting a blocking GC Explicit
08-06 03:17:04.585 14491 22486 I art     : Explicit concurrent mark sweep GC freed 3(96B) AllocSpace objects, 0(0B) LOS objects, 27% free, 41MB/57MB, paused 1.521ms total 58.025ms
08-06 03:17:04.600 14491 22486 I art     : Starting a blocking GC Explicit
08-06 03:17:04.658 14491 22486 I art     : Explicit concurrent mark sweep GC freed 3(96B) AllocSpace objects, 0(0B) LOS objects, 27% free, 41MB/57MB, paused 1.666ms total 57.721ms
08-06 03:17:04.672 14491 22486 I art     : Starting a blocking GC Explicit
08-06 03:17:04.731 14491 22486 I art     : Explicit concurrent mark sweep GC freed 3(96B) AllocSpace objects, 0(0B) LOS objects, 27% free, 41MB/57MB, paused 1.455ms total 58.693ms
08-06 03:17:05.110 14491 14503 I art     : Starting a blocking GC Explicit
08-06 03:17:05.172 14491 14503 I art     : Explicit concurrent mark sweep GC freed 1611(91KB) AllocSpace objects, 1(20KB) LOS objects, 27% free, 41MB/57MB, paused 1.823ms total 61.016ms
08-06 03:17:05.186 14491 14503 I art     : Starting a blocking GC Explicit
08-06 03:17:05.244 14491 14503 I art     : Explicit concurrent mark sweep GC freed 28(1040B) AllocSpace objects, 0(0B) LOS objects, 27% free, 41MB/57MB, paused 1.587ms total 57.021ms
08-06 03:17:05.258 14491 14503 I art     : Starting a blocking GC Explicit
08-06 03:17:05.316 14491 14503 I art     : Explicit concurrent mark sweep GC freed 3(96B) AllocSpace objects, 0(0B) LOS objects, 27% free, 41MB/57MB, paused 1.644ms total 57.843ms
08-06 03:17:05.331 14491 14503 I art     : Starting a blocking GC Explicit
08-06 03:17:05.338 14491 21967 E chromium: [ERROR:tile_manager.cc(793)] WARNING: tile memory limits exceeded, some content may not draw
08-06 03:17:05.338 14491 21967 E chromium: [ERROR:tile_manager.cc(793)] WARNING: tile memory limits exceeded, some content may not draw
08-06 03:17:05.353 14491 21967 E chromium: [ERROR:tile_manager.cc(793)] WARNING: tile memory limits exceeded, some content may not draw
08-06 03:17:05.353 14491 21967 E chromium: [ERROR:tile_manager.cc(793)] WARNING: tile memory limits exceeded, some content may not draw
08-06 03:17:05.371 14491 21967 E chromium: [ERROR:tile_manager.cc(793)] WARNING: tile memory limits exceeded, some content may not draw
08-06 03:17:05.371 14491 21967 E chromium: [ERROR:tile_manager.cc(793)] WARNING: tile memory limits exceeded, some content may not draw
08-06 03:17:05.390 14491 14503 I art     : Explicit concurrent mark sweep GC freed 52(1664B) AllocSpace objects, 0(0B) LOS objects, 27% free, 41MB/57MB, paused 1.489ms total 58.887ms
08-06 03:17:05.406 14491 14503 I art     : Starting a blocking GC Explicit
08-06 03:17:05.461 14491 14503 I art     : Explicit concurrent mark sweep GC freed 29(944B) AllocSpace objects, 0(0B) LOS objects, 27% free, 41MB/57MB, paused 1.618ms total 55.218ms
08-06 03:17:05.569 14491 22291 E baseline.com.newsblur.network.APIResponse: Error (unexpected end of stream on https://www.newsblur.com/...) calling https://www.newsblur.com/reader/mark_story_hashes_as_read/
08-06 03:17:05.569 14491 22291 E baseline.com.newsblur.network.APIResponse: java.io.IOException: unexpected end of stream on https://www.newsblur.com/...
08-06 03:17:05.569 14491 22291 E baseline.com.newsblur.network.APIResponse: 	at okhttp3.internal.http1.Http1ExchangeCodec.readResponseHeaders(Http1ExchangeCodec.java:236)
08-06 03:17:05.569 14491 22291 E baseline.com.newsblur.network.APIResponse: 	at okhttp3.internal.connection.Exchange.readResponseHeaders(Exchange.java:115)
08-06 03:17:05.569 14491 22291 E baseline.com.newsblur.network.APIResponse: 	at okhttp3.internal.http.CallServerInterceptor.intercept(CallServerInterceptor.java:94)
08-06 03:17:05.569 14491 22291 E baseline.com.newsblur.network.APIResponse: 	at okhttp3.internal.http.RealInterceptorChain.proceed(RealInterceptorChain.java:142)
08-06 03:17:05.569 14491 22291 E baseline.com.newsblur.network.APIResponse: 	at okhttp3.internal.connection.ConnectInterceptor.intercept(ConnectInterceptor.java:43)
08-06 03:17:05.569 14491 22291 E baseline.com.newsblur.network.APIResponse: 	at okhttp3.internal.http.RealInterceptorChain.proceed(RealInterceptorChain.java:142)
08-06 03:17:05.569 14491 22291 E baseline.com.newsblur.network.APIResponse: 	at okhttp3.internal.http.RealInterceptorChain.proceed(RealInterceptorChain.java:117)
08-06 03:17:05.569 14491 22291 E baseline.com.newsblur.network.APIResponse: 	at okhttp3.internal.cache.CacheInterceptor.intercept(CacheInterceptor.java:94)
08-06 03:17:05.569 14491 22291 E baseline.com.newsblur.network.APIResponse: 	at okhttp3.internal.http.RealInterceptorChain.proceed(RealInterceptorChain.java:142)
08-06 03:17:05.569 14491 22291 E baseline.com.newsblur.network.APIResponse: 	at okhttp3.internal.http.RealInterceptorChain.proceed(RealInterceptorChain.java:117)
08-06 03:17:05.569 14491 22291 E baseline.com.newsblur.network.APIResponse: 	at okhttp3.internal.http.BridgeInterceptor.intercept(BridgeInterceptor.java:93)
08-06 03:17:05.569 14491 22291 E baseline.com.newsblur.network.APIResponse: 	at okhttp3.internal.http.RealInterceptorChain.proceed(RealInterceptorChain.java:142)
08-06 03:17:05.569 14491 22291 E baseline.com.newsblur.network.APIResponse: 	at okhttp3.internal.http.RetryAndFollowUpInterceptor.intercept(RetryAndFollowUpInterceptor.java:88)
08-06 03:17:05.569 14491 22291 E baseline.com.newsblur.network.APIResponse: 	at okhttp3.internal.http.RealInterceptorChain.proceed(RealInterceptorChain.java:142)
08-06 03:17:05.569 14491 22291 E baseline.com.newsblur.network.APIResponse: 	at okhttp3.internal.http.RealInterceptorChain.proceed(RealInterceptorChain.java:117)
08-06 03:17:05.569 14491 22291 E baseline.com.newsblur.network.APIResponse: 	at okhttp3.RealCall.getResponseWithInterceptorChain(RealCall.java:229)
08-06 03:17:05.569 14491 22291 E baseline.com.newsblur.network.APIResponse: 	at okhttp3.RealCall.execute(RealCall.java:81)
08-06 03:17:05.569 14491 22291 E baseline.com.newsblur.network.APIResponse: 	at baseline.com.newsblur.network.APIResponse.<init>(APIResponse.java:57)
08-06 03:17:05.569 14491 22291 E baseline.com.newsblur.network.APIResponse: 	at baseline.com.newsblur.network.APIResponse.<init>(APIResponse.java:43)
08-06 03:17:05.569 14491 22291 E baseline.com.newsblur.network.APIResponse: 	at baseline.com.newsblur.network.APIManager.post_single(APIManager.java:702)
08-06 03:17:05.569 14491 22291 E baseline.com.newsblur.network.APIResponse: 	at baseline.com.newsblur.network.APIManager.post(APIManager.java:675)
08-06 03:17:05.569 14491 22291 E baseline.com.newsblur.network.APIResponse: 	at baseline.com.newsblur.network.APIManager.post(APIManager.java:714)
08-06 03:17:05.569 14491 22291 E baseline.com.newsblur.network.APIResponse: 	at baseline.com.newsblur.network.APIManager.markStoryAsRead(APIManager.java:205)
08-06 03:17:05.569 14491 22291 E baseline.com.newsblur.network.APIResponse: 	at baseline.com.newsblur.util.ReadingAction.doRemote(ReadingAction.java:281)
08-06 03:17:05.569 14491 22291 E baseline.com.newsblur.network.APIResponse: 	at baseline.com.newsblur.service.NBSyncService.syncActions(NBSyncService.java:400)
08-06 03:17:05.569 14491 22291 E baseline.com.newsblur.network.APIResponse: 	at baseline.com.newsblur.service.NBSyncService.doSync(NBSyncService.java:298)
08-06 03:17:05.569 14491 22291 E baseline.com.newsblur.network.APIResponse: 	at baseline.com.newsblur.service.NBSyncService.access$100(NBSyncService.java:67)
08-06 03:17:05.569 14491 22291 E baseline.com.newsblur.network.APIResponse: 	at baseline.com.newsblur.service.NBSyncService$1.run(NBSyncService.java:188)
08-06 03:17:05.569 14491 22291 E baseline.com.newsblur.network.APIResponse: 	at java.util.concurrent.ThreadPoolExecutor.runWorker(ThreadPoolExecutor.java:1113)
08-06 03:17:05.569 14491 22291 E baseline.com.newsblur.network.APIResponse: 	at java.util.concurrent.ThreadPoolExecutor$Worker.run(ThreadPoolExecutor.java:588)
08-06 03:17:05.569 14491 22291 E baseline.com.newsblur.network.APIResponse: 	at java.lang.Thread.run(Thread.java:818)
08-06 03:17:05.569 14491 22291 E baseline.com.newsblur.network.APIResponse: Caused by: java.io.EOFException: \n not found: limit=0 content=
08-06 03:17:05.569 14491 22291 E baseline.com.newsblur.network.APIResponse: 	at okio.RealBufferedSource.readUtf8LineStrict(RealBufferedSource.java:240)
08-06 03:17:05.569 14491 22291 E baseline.com.newsblur.network.APIResponse: 	at okhttp3.internal.http1.Http1ExchangeCodec.readHeaderLine(Http1ExchangeCodec.java:242)
08-06 03:17:05.569 14491 22291 E baseline.com.newsblur.network.APIResponse: 	at okhttp3.internal.http1.Http1ExchangeCodec.readResponseHeaders(Http1ExchangeCodec.java:213)
08-06 03:17:05.569 14491 22291 E baseline.com.newsblur.network.APIResponse: 	... 30 more
08-06 03:17:05.570 14491 22291 I baseline.com.newsblur.service.NBSyncService: Holding reading action with server-side or network error.
08-06 03:17:05.581 14491 22291 W baseline.com.newsblur.service.NBSyncService: hard API failure
08-06 03:17:05.802 14548 14548 I Atfwd_Sendcmd: AtCmdFwd service not ready - Exhausted retry attempts - :6
08-06 03:17:05.802 14548 14548 I Atfwd_Daemon: result : -1 	 ,Init step :2 	 ,qmiErrorCode: 0
08-06 03:17:05.834 14491 14503 I art     : Starting a blocking GC Explicit
08-06 03:17:05.899 14491 14503 I art     : Explicit concurrent mark sweep GC freed 5001(575KB) AllocSpace objects, 17(340KB) LOS objects, 27% free, 41MB/57MB, paused 1.449ms total 64.203ms
08-06 03:17:05.913 14491 14503 I art     : Starting a blocking GC Explicit
08-06 03:17:05.978 14491 14503 I art     : Explicit concurrent mark sweep GC freed 760(28KB) AllocSpace objects, 0(0B) LOS objects, 27% free, 41MB/57MB, paused 1.534ms total 63.746ms
08-06 03:17:05.995 14491 14503 I art     : Starting a blocking GC Explicit
08-06 03:17:06.055 14491 14503 I art     : Explicit concurrent mark sweep GC freed 3(96B) AllocSpace objects, 0(0B) LOS objects, 27% free, 41MB/57MB, paused 1.494ms total 59.278ms
08-06 03:17:06.069 14491 14503 I art     : Starting a blocking GC Explicit
08-06 03:17:06.131 14491 14503 I art     : Explicit concurrent mark sweep GC freed 3(96B) AllocSpace objects, 0(0B) LOS objects, 27% free, 41MB/57MB, paused 1.374ms total 61.050ms
08-06 03:17:06.145 14491 14503 I art     : Starting a blocking GC Explicit
08-06 03:17:06.207 14491 14503 I art     : Explicit concurrent mark sweep GC freed 3(96B) AllocSpace objects, 0(0B) LOS objects, 27% free, 41MB/57MB, paused 1.513ms total 61.973ms
08-06 03:17:06.617 14491 14502 I art     : Starting a blocking GC Explicit
08-06 03:17:06.682 14491 14502 I art     : Explicit concurrent mark sweep GC freed 1408(81KB) AllocSpace objects, 1(20KB) LOS objects, 27% free, 41MB/57MB, paused 1.547ms total 63.851ms
08-06 03:17:06.699 14491 14502 I art     : Starting a blocking GC Explicit
08-06 03:17:06.759 14491 14502 I art     : Explicit concurrent mark sweep GC freed 20(704B) AllocSpace objects, 0(0B) LOS objects, 27% free, 41MB/57MB, paused 1.372ms total 60.394ms
08-06 03:17:06.773 14491 14502 I art     : Starting a blocking GC Explicit
08-06 03:17:06.829 14491 14502 I art     : Explicit concurrent mark sweep GC freed 3(96B) AllocSpace objects, 0(0B) LOS objects, 27% free, 41MB/57MB, paused 1.442ms total 55.931ms
08-06 03:17:06.830 14491 14501 I art     : WaitForGcToComplete blocked for 48.776ms for cause HeapTrim
08-06 03:17:06.843 14491 14502 I art     : Starting a blocking GC Explicit
08-06 03:17:06.901 14491 14502 I art     : Explicit concurrent mark sweep GC freed 3(96B) AllocSpace objects, 0(0B) LOS objects, 27% free, 41MB/57MB, paused 1.350ms total 57.236ms
08-06 03:17:06.914 14491 14502 I art     : Starting a blocking GC Explicit
08-06 03:17:06.973 14491 14502 I art     : Explicit concurrent mark sweep GC freed 3(96B) AllocSpace objects, 0(0B) LOS objects, 27% free, 41MB/57MB, paused 1.435ms total 58.114ms
08-06 03:17:07.375 14491 22486 I art     : Starting a blocking GC Explicit
08-06 03:17:07.438 14491 22486 I art     : Explicit concurrent mark sweep GC freed 1406(81KB) AllocSpace objects, 1(20KB) LOS objects, 27% free, 41MB/57MB, paused 1.432ms total 62.191ms
08-06 03:17:07.453 14491 22486 I art     : Starting a blocking GC Explicit
08-06 03:17:07.516 14491 22486 I art     : Explicit concurrent mark sweep GC freed 20(704B) AllocSpace objects, 0(0B) LOS objects, 27% free, 41MB/57MB, paused 1.409ms total 61.844ms
08-06 03:17:07.530 14491 22486 I art     : Starting a blocking GC Explicit
08-06 03:17:07.592 14491 22486 I art     : Explicit concurrent mark sweep GC freed 3(96B) AllocSpace objects, 0(0B) LOS objects, 27% free, 41MB/57MB, paused 1.490ms total 61.936ms
08-06 03:17:07.607 14491 22486 I art     : Starting a blocking GC Explicit
08-06 03:17:07.669 14491 22486 I art     : Explicit concurrent mark sweep GC freed 3(96B) AllocSpace objects, 0(0B) LOS objects, 27% free, 41MB/57MB, paused 1.509ms total 61.680ms
08-06 03:17:07.684 14491 22486 I art     : Starting a blocking GC Explicit
08-06 03:17:07.749 14491 22486 I art     : Explicit concurrent mark sweep GC freed 3(96B) AllocSpace objects, 0(0B) LOS objects, 27% free, 41MB/57MB, paused 1.437ms total 64.850ms
08-06 03:17:08.138 14491 21624 I art     : Starting a blocking GC Explicit
08-06 03:17:08.199 14491 21624 I art     : Explicit concurrent mark sweep GC freed 1405(81KB) AllocSpace objects, 1(20KB) LOS objects, 27% free, 41MB/57MB, paused 1.572ms total 60.400ms
08-06 03:17:08.213 14491 21624 I art     : Starting a blocking GC Explicit
08-06 03:17:08.273 14491 21624 I art     : Explicit concurrent mark sweep GC freed 20(704B) AllocSpace objects, 0(0B) LOS objects, 27% free, 41MB/57MB, paused 1.598ms total 59.231ms
08-06 03:17:08.288 14491 21624 I art     : Starting a blocking GC Explicit
08-06 03:17:08.346 14491 21624 I art     : Explicit concurrent mark sweep GC freed 3(96B) AllocSpace objects, 0(0B) LOS objects, 27% free, 41MB/57MB, paused 1.493ms total 58.122ms
08-06 03:17:08.361 14491 21624 I art     : Starting a blocking GC Explicit
08-06 03:17:08.422 14491 21624 I art     : Explicit concurrent mark sweep GC freed 3(96B) AllocSpace objects, 0(0B) LOS objects, 27% free, 41MB/57MB, paused 1.472ms total 60.242ms
08-06 03:17:08.436 14491 21624 I art     : Starting a blocking GC Explicit
08-06 03:17:08.497 14491 21624 I art     : Explicit concurrent mark sweep GC freed 3(96B) AllocSpace objects, 0(0B) LOS objects, 27% free, 41MB/57MB, paused 1.477ms total 60.742ms
08-06 03:17:08.506 23337 23337 D AndroidRuntime: >>>>>> START com.android.internal.os.RuntimeInit uid 2000 <<<<<<
08-06 03:17:08.512 23337 23337 D AndroidRuntime: CheckJNI is OFF
08-06 03:17:08.554 23337 23337 D ICU     : No timezone override file found: /data/misc/zoneinfo/current/icu/icu_tzdata.dat
08-06 03:17:08.598 23337 23337 I Radio-JNI: register_android_hardware_Radio DONE
08-06 03:17:08.628 23337 23337 D AndroidRuntime: Calling main entry com.android.commands.input.Input
08-06 03:17:08.631 23337 23337 I Input   : injectKeyEvent: KeyEvent { action=ACTION_DOWN, keyCode=KEYCODE_BACK, scanCode=0, metaState=0, flags=0x0, repeatCount=0, eventTime=847045044, downTime=847045044, deviceId=-1, source=0x101 }
08-06 03:17:08.647 23337 23337 I Input   : injectKeyEvent: KeyEvent { action=ACTION_UP, keyCode=KEYCODE_BACK, scanCode=0, metaState=0, flags=0x0, repeatCount=0, eventTime=847045044, downTime=847045044, deviceId=-1, source=0x101 }
08-06 03:17:08.653 23337 23337 D AndroidRuntime: Shutting down VM
08-06 03:17:08.662 14491 14491 D baseline.com.newsblur.service.NBSyncService: rejecting request for feedset that is exhaused
08-06 03:17:08.839 14491 14491 D baseline.com.newsblur.service.NBSyncService: rejecting request for feedset that is exhaused
08-06 03:17:08.842 13866 13866 I GoogleInputMethodServic: GoogleInputMethodService.onFinishInput():3138 
08-06 03:17:08.842 13866 13866 I GoogleInputMethodServic: GoogleInputMethodService.onStartInput():1808 
08-06 03:17:08.858 14491 14503 I art     : Starting a blocking GC Explicit
08-06 03:17:08.911 14491 14503 I art     : Explicit concurrent mark sweep GC freed 2839(225KB) AllocSpace objects, 5(100KB) LOS objects, 27% free, 41MB/57MB, paused 2.428ms total 53.211ms
08-06 03:17:08.925 14491 14503 I art     : Starting a blocking GC Explicit
08-06 03:17:08.977 14491 14503 I art     : Explicit concurrent mark sweep GC freed 543(41KB) AllocSpace objects, 1(28KB) LOS objects, 27% free, 41MB/57MB, paused 1.282ms total 51.347ms
08-06 03:17:08.990 14491 14503 I art     : Starting a blocking GC Explicit
08-06 03:17:09.043 14491 14503 I art     : Explicit concurrent mark sweep GC freed 3(96B) AllocSpace objects, 0(0B) LOS objects, 27% free, 41MB/57MB, paused 1.351ms total 53.087ms
08-06 03:17:09.057 14491 14503 I art     : Starting a blocking GC Explicit
08-06 03:17:09.110 14491 14503 I art     : Explicit concurrent mark sweep GC freed 3(96B) AllocSpace objects, 0(0B) LOS objects, 27% free, 41MB/57MB, paused 1.631ms total 52.331ms
08-06 03:17:09.123 14491 14503 I art     : Starting a blocking GC Explicit
08-06 03:17:09.175 14491 14503 I art     : Explicit concurrent mark sweep GC freed 3(96B) AllocSpace objects, 0(0B) LOS objects, 27% free, 41MB/57MB, paused 1.291ms total 51.195ms
08-06 03:17:09.561 14491 14503 I art     : Starting a blocking GC Explicit
08-06 03:17:09.630 14491 14503 I art     : Explicit concurrent mark sweep GC freed 3078(160KB) AllocSpace objects, 1(20KB) LOS objects, 27% free, 41MB/57MB, paused 1.559ms total 68.525ms
08-06 03:17:09.646 14491 14503 I art     : Starting a blocking GC Explicit
08-06 03:17:09.706 14491 14503 I art     : Explicit concurrent mark sweep GC freed 155(7KB) AllocSpace objects, 0(0B) LOS objects, 27% free, 41MB/57MB, paused 1.348ms total 59.149ms
08-06 03:17:09.722 14491 14503 I art     : Starting a blocking GC Explicit
08-06 03:17:09.784 14491 14503 I art     : Explicit concurrent mark sweep GC freed 13(416B) AllocSpace objects, 0(0B) LOS objects, 27% free, 41MB/57MB, paused 1.620ms total 61.442ms
08-06 03:17:09.799 14491 14503 I art     : Starting a blocking GC Explicit
08-06 03:17:09.860 14491 14503 I art     : Explicit concurrent mark sweep GC freed 13(416B) AllocSpace objects, 0(0B) LOS objects, 27% free, 41MB/57MB, paused 1.391ms total 61.119ms
08-06 03:17:09.878 14491 14503 I art     : Starting a blocking GC Explicit
08-06 03:17:09.938 14491 14503 I art     : Explicit concurrent mark sweep GC freed 11(352B) AllocSpace objects, 0(0B) LOS objects, 27% free, 41MB/57MB, paused 1.499ms total 59.512ms
08-06 03:17:10.319 14491 22486 I art     : Starting a blocking GC Explicit
08-06 03:17:10.380 14491 22486 I art     : Explicit concurrent mark sweep GC freed 1449(82KB) AllocSpace objects, 1(20KB) LOS objects, 27% free, 41MB/57MB, paused 1.560ms total 60.245ms
08-06 03:17:10.394 14491 22486 I art     : Starting a blocking GC Explicit
08-06 03:17:10.442 23374 23374 D AndroidRuntime: >>>>>> START com.android.internal.os.RuntimeInit uid 2000 <<<<<<
08-06 03:17:10.448 23374 23374 D AndroidRuntime: CheckJNI is OFF
08-06 03:17:10.454 14491 22486 I art     : Explicit concurrent mark sweep GC freed 20(704B) AllocSpace objects, 0(0B) LOS objects, 27% free, 41MB/57MB, paused 1.608ms total 59.612ms
08-06 03:17:10.469 14491 22486 I art     : Starting a blocking GC Explicit
08-06 03:17:10.495 23374 23374 D ICU     : No timezone override file found: /data/misc/zoneinfo/current/icu/icu_tzdata.dat
08-06 03:17:10.529 14491 22486 I art     : Explicit concurrent mark sweep GC freed 3(96B) AllocSpace objects, 0(0B) LOS objects, 27% free, 41MB/57MB, paused 1.670ms total 59.107ms
08-06 03:17:10.541 23374 23374 I Radio-JNI: register_android_hardware_Radio DONE
08-06 03:17:10.543 14491 22486 I art     : Starting a blocking GC Explicit
08-06 03:17:10.571 23374 23374 D AndroidRuntime: Calling main entry com.android.commands.input.Input
08-06 03:17:10.573 23374 23374 I Input   : injectKeyEvent: KeyEvent { action=ACTION_DOWN, keyCode=KEYCODE_BACK, scanCode=0, metaState=0, flags=0x0, repeatCount=0, eventTime=847046986, downTime=847046986, deviceId=-1, source=0x101 }
08-06 03:17:10.580 23374 23374 I Input   : injectKeyEvent: KeyEvent { action=ACTION_UP, keyCode=KEYCODE_BACK, scanCode=0, metaState=0, flags=0x0, repeatCount=0, eventTime=847046986, downTime=847046986, deviceId=-1, source=0x101 }
08-06 03:17:10.586 23374 23374 D AndroidRuntime: Shutting down VM
08-06 03:17:10.602 14491 22486 I art     : Explicit concurrent mark sweep GC freed 304(52KB) AllocSpace objects, 3(60KB) LOS objects, 27% free, 41MB/57MB, paused 1.697ms total 58.180ms
08-06 03:17:10.616 14491 22486 I art     : Starting a blocking GC Explicit
08-06 03:17:10.670 14491 22486 I art     : Explicit concurrent mark sweep GC freed 67(14KB) AllocSpace objects, 1(20KB) LOS objects, 27% free, 41MB/57MB, paused 1.500ms total 53.903ms
08-06 03:17:10.826 13866 13866 I GoogleInputMethodServic: GoogleInputMethodService.onFinishInput():3138 
08-06 03:17:10.827 13866 13866 I GoogleInputMethodServic: GoogleInputMethodService.onStartInput():1808 
08-06 03:17:11.035 14491 22486 I art     : Starting a blocking GC Explicit
08-06 03:17:11.113 14491 22486 I art     : Explicit concurrent mark sweep GC freed 11675(753KB) AllocSpace objects, 13(260KB) LOS objects, 27% free, 41MB/57MB, paused 1.528ms total 78.113ms
08-06 03:17:11.133 14491 22486 I art     : Starting a blocking GC Explicit
08-06 03:17:11.193 14491 22486 I art     : Explicit concurrent mark sweep GC freed 640(27KB) AllocSpace objects, 0(0B) LOS objects, 27% free, 41MB/57MB, paused 1.572ms total 59.735ms
08-06 03:17:11.209 14491 22486 I art     : Starting a blocking GC Explicit
08-06 03:17:11.264 14491 22486 I art     : Explicit concurrent mark sweep GC freed 635(54KB) AllocSpace objects, 0(0B) LOS objects, 27% free, 41MB/57MB, paused 1.553ms total 55.466ms
08-06 03:17:11.278 14491 22486 I art     : Starting a blocking GC Explicit
08-06 03:17:11.332 14491 23398 E baseline.com.newsblur.network.APIResponse: Error (unexpected end of stream on https://www.newsblur.com/...) calling https://www.newsblur.com/reader/mark_story_hashes_as_read/
08-06 03:17:11.332 14491 23398 E baseline.com.newsblur.network.APIResponse: java.io.IOException: unexpected end of stream on https://www.newsblur.com/...
08-06 03:17:11.332 14491 23398 E baseline.com.newsblur.network.APIResponse: 	at okhttp3.internal.http1.Http1ExchangeCodec.readResponseHeaders(Http1ExchangeCodec.java:236)
08-06 03:17:11.332 14491 23398 E baseline.com.newsblur.network.APIResponse: 	at okhttp3.internal.connection.Exchange.readResponseHeaders(Exchange.java:115)
08-06 03:17:11.332 14491 23398 E baseline.com.newsblur.network.APIResponse: 	at okhttp3.internal.http.CallServerInterceptor.intercept(CallServerInterceptor.java:94)
08-06 03:17:11.332 14491 23398 E baseline.com.newsblur.network.APIResponse: 	at okhttp3.internal.http.RealInterceptorChain.proceed(RealInterceptorChain.java:142)
08-06 03:17:11.332 14491 23398 E baseline.com.newsblur.network.APIResponse: 	at okhttp3.internal.connection.ConnectInterceptor.intercept(ConnectInterceptor.java:43)
08-06 03:17:11.332 14491 23398 E baseline.com.newsblur.network.APIResponse: 	at okhttp3.internal.http.RealInterceptorChain.proceed(RealInterceptorChain.java:142)
08-06 03:17:11.332 14491 23398 E baseline.com.newsblur.network.APIResponse: 	at okhttp3.internal.http.RealInterceptorChain.proceed(RealInterceptorChain.java:117)
08-06 03:17:11.332 14491 23398 E baseline.com.newsblur.network.APIResponse: 	at okhttp3.internal.cache.CacheInterceptor.intercept(CacheInterceptor.java:94)
08-06 03:17:11.332 14491 23398 E baseline.com.newsblur.network.APIResponse: 	at okhttp3.internal.http.RealInterceptorChain.proceed(RealInterceptorChain.java:142)
08-06 03:17:11.332 14491 23398 E baseline.com.newsblur.network.APIResponse: 	at okhttp3.internal.http.RealInterceptorChain.proceed(RealInterceptorChain.java:117)
08-06 03:17:11.332 14491 23398 E baseline.com.newsblur.network.APIResponse: 	at okhttp3.internal.http.BridgeInterceptor.intercept(BridgeInterceptor.java:93)
08-06 03:17:11.332 14491 23398 E baseline.com.newsblur.network.APIResponse: 	at okhttp3.internal.http.RealInterceptorChain.proceed(RealInterceptorChain.java:142)
08-06 03:17:11.332 14491 23398 E baseline.com.newsblur.network.APIResponse: 	at okhttp3.internal.http.RetryAndFollowUpInterceptor.intercept(RetryAndFollowUpInterceptor.java:88)
08-06 03:17:11.332 14491 23398 E baseline.com.newsblur.network.APIResponse: 	at okhttp3.internal.http.RealInterceptorChain.proceed(RealInterceptorChain.java:142)
08-06 03:17:11.332 14491 23398 E baseline.com.newsblur.network.APIResponse: 	at okhttp3.internal.http.RealInterceptorChain.proceed(RealInterceptorChain.java:117)
08-06 03:17:11.332 14491 23398 E baseline.com.newsblur.network.APIResponse: 	at okhttp3.RealCall.getResponseWithInterceptorChain(RealCall.java:229)
08-06 03:17:11.332 14491 23398 E baseline.com.newsblur.network.APIResponse: 	at okhttp3.RealCall.execute(RealCall.java:81)
08-06 03:17:11.332 14491 23398 E baseline.com.newsblur.network.APIResponse: 	at baseline.com.newsblur.network.APIResponse.<init>(APIResponse.java:57)
08-06 03:17:11.332 14491 23398 E baseline.com.newsblur.network.APIResponse: 	at baseline.com.newsblur.network.APIResponse.<init>(APIResponse.java:43)
08-06 03:17:11.332 14491 23398 E baseline.com.newsblur.network.APIResponse: 	at baseline.com.newsblur.network.APIManager.post_single(APIManager.java:702)
08-06 03:17:11.332 14491 23398 E baseline.com.newsblur.network.APIResponse: 	at baseline.com.newsblur.network.APIManager.post(APIManager.java:675)
08-06 03:17:11.332 14491 23398 E baseline.com.newsblur.network.APIResponse: 	at baseline.com.newsblur.network.APIManager.post(APIManager.java:714)
08-06 03:17:11.332 14491 23398 E baseline.com.newsblur.network.APIResponse: 	at baseline.com.newsblur.network.APIManager.markStoryAsRead(APIManager.java:205)
08-06 03:17:11.332 14491 23398 E baseline.com.newsblur.network.APIResponse: 	at baseline.com.newsblur.util.ReadingAction.doRemote(ReadingAction.java:281)
08-06 03:17:11.332 14491 23398 E baseline.com.newsblur.network.APIResponse: 	at baseline.com.newsblur.service.NBSyncService.syncActions(NBSyncService.java:400)
08-06 03:17:11.332 14491 23398 E baseline.com.newsblur.network.APIResponse: 	at baseline.com.newsblur.service.NBSyncService.doSync(NBSyncService.java:298)
08-06 03:17:11.332 14491 23398 E baseline.com.newsblur.network.APIResponse: 	at baseline.com.newsblur.service.NBSyncService.access$100(NBSyncService.java:67)
08-06 03:17:11.332 14491 23398 E baseline.com.newsblur.network.APIResponse: 	at baseline.com.newsblur.service.NBSyncService$1.run(NBSyncService.java:188)
08-06 03:17:11.332 14491 23398 E baseline.com.newsblur.network.APIResponse: 	at java.util.concurrent.ThreadPoolExecutor.runWorker(ThreadPoolExecutor.java:1113)
08-06 03:17:11.332 14491 23398 E baseline.com.newsblur.network.APIResponse: 	at java.util.concurrent.ThreadPoolExecutor$Worker.run(ThreadPoolExecutor.java:588)
08-06 03:17:11.332 14491 23398 E baseline.com.newsblur.network.APIResponse: 	at java.lang.Thread.run(Thread.java:818)
08-06 03:17:11.332 14491 23398 E baseline.com.newsblur.network.APIResponse: Caused by: java.io.EOFException: \n not found: limit=0 content=
08-06 03:17:11.332 14491 23398 E baseline.com.newsblur.network.APIResponse: 	at okio.RealBufferedSource.readUtf8LineStrict(RealBufferedSource.java:240)
08-06 03:17:11.332 14491 23398 E baseline.com.newsblur.network.APIResponse: 	at okhttp3.internal.http1.Http1ExchangeCodec.readHeaderLine(Http1ExchangeCodec.java:242)
08-06 03:17:11.332 14491 23398 E baseline.com.newsblur.network.APIResponse: 	at okhttp3.internal.http1.Http1ExchangeCodec.readResponseHeaders(Http1ExchangeCodec.java:213)
08-06 03:17:11.332 14491 23398 E baseline.com.newsblur.network.APIResponse: 	... 30 more
08-06 03:17:11.333 14491 23398 I baseline.com.newsblur.network.APIManager: API call failed, pausing before retry number 1
08-06 03:17:11.334 14491 22486 I art     : Explicit concurrent mark sweep GC freed 2929(133KB) AllocSpace objects, 2(120KB) LOS objects, 27% free, 41MB/57MB, paused 1.552ms total 55.342ms
08-06 03:17:11.348 14491 22486 I art     : Starting a blocking GC Explicit
08-06 03:17:11.406 14491 22486 I art     : Explicit concurrent mark sweep GC freed 1548(301KB) AllocSpace objects, 3(120KB) LOS objects, 27% free, 41MB/57MB, paused 1.492ms total 57.751ms
08-06 03:17:11.814 14491 14502 I art     : Starting a blocking GC Explicit
08-06 03:17:11.875 14491 14502 I art     : Explicit concurrent mark sweep GC freed 1572(87KB) AllocSpace objects, 1(20KB) LOS objects, 27% free, 41MB/57MB, paused 1.469ms total 60.239ms
08-06 03:17:11.890 14491 14502 I art     : Starting a blocking GC Explicit
08-06 03:17:11.948 14491 14502 I art     : Explicit concurrent mark sweep GC freed 32(1104B) AllocSpace objects, 0(0B) LOS objects, 27% free, 41MB/57MB, paused 1.522ms total 57.510ms
08-06 03:17:11.948 14491 14501 I art     : WaitForGcToComplete blocked for 46.958ms for cause HeapTrim
08-06 03:17:11.962 14491 14502 I art     : Starting a blocking GC Explicit
08-06 03:17:12.019 14491 14502 I art     : Explicit concurrent mark sweep GC freed 11(352B) AllocSpace objects, 0(0B) LOS objects, 27% free, 41MB/57MB, paused 1.759ms total 56.525ms
08-06 03:17:12.034 14491 14502 I art     : Starting a blocking GC Explicit
08-06 03:17:12.092 14491 14502 I art     : Explicit concurrent mark sweep GC freed 11(352B) AllocSpace objects, 0(0B) LOS objects, 27% free, 41MB/57MB, paused 1.436ms total 57.727ms
08-06 03:17:12.106 14491 14502 I art     : Starting a blocking GC Explicit
08-06 03:17:12.164 14491 14502 I art     : Explicit concurrent mark sweep GC freed 13(416B) AllocSpace objects, 0(0B) LOS objects, 27% free, 41MB/57MB, paused 1.469ms total 57.531ms
08-06 03:17:12.196   918  1210 D NetlinkSocketObserver: NeighborEvent{elapsedMs=1830436071, 192.168.2.254, [7C3953A63323], RTM_NEWNEIGH, NUD_PROBE}
08-06 03:17:12.346 23421 23421 D AndroidRuntime: >>>>>> START com.android.internal.os.RuntimeInit uid 2000 <<<<<<
08-06 03:17:12.352 23421 23421 D AndroidRuntime: CheckJNI is OFF
08-06 03:17:12.392 23421 23421 D ICU     : No timezone override file found: /data/misc/zoneinfo/current/icu/icu_tzdata.dat
08-06 03:17:12.434 23421 23421 I Radio-JNI: register_android_hardware_Radio DONE
08-06 03:17:12.462 23421 23421 D AndroidRuntime: Calling main entry com.android.commands.input.Input
08-06 03:17:12.465 23421 23421 I Input   : injectMotionEvent: MotionEvent { action=ACTION_DOWN, actionButton=0, id[0]=0, x[0]=553.0, y[0]=442.0, toolType[0]=TOOL_TYPE_UNKNOWN, buttonState=0, metaState=0, flags=0x0, edgeFlags=0x0, pointerCount=1, historySize=0, eventTime=847048877, downTime=847048877, deviceId=0, source=0x1002 }
08-06 03:17:12.469 23421 23421 I Input   : injectMotionEvent: MotionEvent { action=ACTION_UP, actionButton=0, id[0]=0, x[0]=553.0, y[0]=442.0, toolType[0]=TOOL_TYPE_UNKNOWN, buttonState=0, metaState=0, flags=0x0, edgeFlags=0x0, pointerCount=1, historySize=0, eventTime=847048877, downTime=847048877, deviceId=0, source=0x1002 }
08-06 03:17:12.471 23421 23421 D AndroidRuntime: Shutting down VM
08-06 03:17:12.539   918  6112 I ActivityManager: START u0 {cmp=baseline.com.newsblur/.activity.AllSharedStoriesItemsList (has extras)} from uid 10698 on display 0
08-06 03:17:12.553 14491 14503 I art     : Starting a blocking GC Explicit
08-06 03:17:12.565 14491 21615 I baseline.com.newsblur.database.BlurDatabaseHelper: reading session reset
08-06 03:17:12.609 14491 14503 I art     : Explicit concurrent mark sweep GC freed 3364(260KB) AllocSpace objects, 6(212KB) LOS objects, 27% free, 41MB/57MB, paused 1.605ms total 56.014ms
08-06 03:17:12.623 14491 14503 I art     : Starting a blocking GC Explicit
08-06 03:17:12.681 14491 14503 I art     : Explicit concurrent mark sweep GC freed 298(25KB) AllocSpace objects, 0(0B) LOS objects, 27% free, 41MB/57MB, paused 1.563ms total 57.517ms
08-06 03:17:12.695 14491 14503 I art     : Starting a blocking GC Explicit
08-06 03:17:12.755 14491 14503 I art     : Explicit concurrent mark sweep GC freed 584(45KB) AllocSpace objects, 1(20KB) LOS objects, 27% free, 41MB/57MB, paused 1.582ms total 59.100ms
08-06 03:17:12.770 14491 14503 I art     : Starting a blocking GC Explicit
08-06 03:17:12.774 14491 14491 D baseline.com.newsblur.service.NBSyncService: rejecting request for feedset that is exhaused
08-06 03:17:12.781 14491 14491 W View    : requestLayout() improperly called by android.widget.FrameLayout{51ca1ab V.E...... ......ID 0,0-1440,18 #7f07003f app:id/footer_view_inner} during layout: running second layout pass
08-06 03:17:12.781 14491 14491 W View    : requestLayout() improperly called by android.widget.FrameLayout{bb52008 V.E...... ......ID 0,0-1440,2091 #7f07003f app:id/footer_view_inner} during layout: running second layout pass
08-06 03:17:12.800 13866 13866 I GoogleInputMethodServic: GoogleInputMethodService.onFinishInput():3138 
08-06 03:17:12.801   918   936 I ActivityManager: Displayed baseline.com.newsblur/.activity.AllSharedStoriesItemsList: +247ms
08-06 03:17:12.801 13866 13866 I GoogleInputMethodServic: GoogleInputMethodService.onStartInput():1808 
08-06 03:17:12.828 14491 14503 I art     : Explicit concurrent mark sweep GC freed 870(70KB) AllocSpace objects, 4(80KB) LOS objects, 27% free, 41MB/57MB, paused 1.929ms total 57.296ms
08-06 03:17:12.842 14491 14503 I art     : Starting a blocking GC Explicit
08-06 03:17:12.903 14491 14503 I art     : Explicit concurrent mark sweep GC freed 974(56KB) AllocSpace objects, 3(60KB) LOS objects, 27% free, 42MB/58MB, paused 1.926ms total 60.055ms
08-06 03:17:12.922 14491 21659 I NAPPA_EXPERIMENTATION: MetricNetworkRequestExecutionTime: REQUEST_DURATION_SYSTEM='69',REQUEST_DURATION_OKHTTP='68',REQUEST_SYNCHRONOUS='TRUE',RESPONSE_CODE='200',RESPONSE_METHOD='GET',RESPONSE_LENGTH_OKHTTP='43',RESPONSE_LENGTH_HEADER='43',REQUEST_PROTOCOL='http/1.1',REQUEST_URL='http://feeds.feedburner.com/~r/retort/~4/UffaFMiJbNs',
08-06 03:17:13.267 14491 14502 I art     : Starting a blocking GC Explicit
08-06 03:17:13.328 14491 14502 I art     : Explicit concurrent mark sweep GC freed 4053(221KB) AllocSpace objects, 3(60KB) LOS objects, 27% free, 41MB/57MB, paused 1.547ms total 60.686ms
08-06 03:17:13.343 14491 14502 I art     : Starting a blocking GC Explicit
08-06 03:17:13.349 14491 23398 E baseline.com.newsblur.network.APIResponse: Error (unexpected end of stream on https://www.newsblur.com/...) calling https://www.newsblur.com/reader/mark_story_hashes_as_read/
08-06 03:17:13.349 14491 23398 E baseline.com.newsblur.network.APIResponse: java.io.IOException: unexpected end of stream on https://www.newsblur.com/...
08-06 03:17:13.349 14491 23398 E baseline.com.newsblur.network.APIResponse: 	at okhttp3.internal.http1.Http1ExchangeCodec.readResponseHeaders(Http1ExchangeCodec.java:236)
08-06 03:17:13.349 14491 23398 E baseline.com.newsblur.network.APIResponse: 	at okhttp3.internal.connection.Exchange.readResponseHeaders(Exchange.java:115)
08-06 03:17:13.349 14491 23398 E baseline.com.newsblur.network.APIResponse: 	at okhttp3.internal.http.CallServerInterceptor.intercept(CallServerInterceptor.java:94)
08-06 03:17:13.349 14491 23398 E baseline.com.newsblur.network.APIResponse: 	at okhttp3.internal.http.RealInterceptorChain.proceed(RealInterceptorChain.java:142)
08-06 03:17:13.349 14491 23398 E baseline.com.newsblur.network.APIResponse: 	at okhttp3.internal.connection.ConnectInterceptor.intercept(ConnectInterceptor.java:43)
08-06 03:17:13.349 14491 23398 E baseline.com.newsblur.network.APIResponse: 	at okhttp3.internal.http.RealInterceptorChain.proceed(RealInterceptorChain.java:142)
08-06 03:17:13.349 14491 23398 E baseline.com.newsblur.network.APIResponse: 	at okhttp3.internal.http.RealInterceptorChain.proceed(RealInterceptorChain.java:117)
08-06 03:17:13.349 14491 23398 E baseline.com.newsblur.network.APIResponse: 	at okhttp3.internal.cache.CacheInterceptor.intercept(CacheInterceptor.java:94)
08-06 03:17:13.349 14491 23398 E baseline.com.newsblur.network.APIResponse: 	at okhttp3.internal.http.RealInterceptorChain.proceed(RealInterceptorChain.java:142)
08-06 03:17:13.349 14491 23398 E baseline.com.newsblur.network.APIResponse: 	at okhttp3.internal.http.RealInterceptorChain.proceed(RealInterceptorChain.java:117)
08-06 03:17:13.349 14491 23398 E baseline.com.newsblur.network.APIResponse: 	at okhttp3.internal.http.BridgeInterceptor.intercept(BridgeInterceptor.java:93)
08-06 03:17:13.349 14491 23398 E baseline.com.newsblur.network.APIResponse: 	at okhttp3.internal.http.RealInterceptorChain.proceed(RealInterceptorChain.java:142)
08-06 03:17:13.349 14491 23398 E baseline.com.newsblur.network.APIResponse: 	at okhttp3.internal.http.RetryAndFollowUpInterceptor.intercept(RetryAndFollowUpInterceptor.java:88)
08-06 03:17:13.349 14491 23398 E baseline.com.newsblur.network.APIResponse: 	at okhttp3.internal.http.RealInterceptorChain.proceed(RealInterceptorChain.java:142)
08-06 03:17:13.349 14491 23398 E baseline.com.newsblur.network.APIResponse: 	at okhttp3.internal.http.RealInterceptorChain.proceed(RealInterceptorChain.java:117)
08-06 03:17:13.349 14491 23398 E baseline.com.newsblur.network.APIResponse: 	at okhttp3.RealCall.getResponseWithInterceptorChain(RealCall.java:229)
08-06 03:17:13.349 14491 23398 E baseline.com.newsblur.network.APIResponse: 	at okhttp3.RealCall.execute(RealCall.java:81)
08-06 03:17:13.349 14491 23398 E baseline.com.newsblur.network.APIResponse: 	at baseline.com.newsblur.network.APIResponse.<init>(APIResponse.java:57)
08-06 03:17:13.349 14491 23398 E baseline.com.newsblur.network.APIResponse: 	at baseline.com.newsblur.network.APIResponse.<init>(APIResponse.java:43)
08-06 03:17:13.349 14491 23398 E baseline.com.newsblur.network.APIResponse: 	at baseline.com.newsblur.network.APIManager.post_single(APIManager.java:702)
08-06 03:17:13.349 14491 23398 E baseline.com.newsblur.network.APIResponse: 	at baseline.com.newsblur.network.APIManager.post(APIManager.java:675)
08-06 03:17:13.349 14491 23398 E baseline.com.newsblur.network.APIResponse: 	at baseline.com.newsblur.network.APIManager.post(APIManager.java:714)
08-06 03:17:13.349 14491 23398 E baseline.com.newsblur.network.APIResponse: 	at baseline.com.newsblur.network.APIManager.markStoryAsRead(APIManager.java:205)
08-06 03:17:13.349 14491 23398 E baseline.com.newsblur.network.APIResponse: 	at baseline.com.newsblur.util.ReadingAction.doRemote(ReadingAction.java:281)
08-06 03:17:13.349 14491 23398 E baseline.com.newsblur.network.APIResponse: 	at baseline.com.newsblur.service.NBSyncService.syncActions(NBSyncService.java:400)
08-06 03:17:13.349 14491 23398 E baseline.com.newsblur.network.APIResponse: 	at baseline.com.newsblur.service.NBSyncService.doSync(NBSyncService.java:298)
08-06 03:17:13.349 14491 23398 E baseline.com.newsblur.network.APIResponse: 	at baseline.com.newsblur.service.NBSyncService.access$100(NBSyncService.java:67)
08-06 03:17:13.349 14491 23398 E baseline.com.newsblur.network.APIResponse: 	at baseline.com.newsblur.service.NBSyncService$1.run(NBSyncService.java:188)
08-06 03:17:13.349 14491 23398 E baseline.com.newsblur.network.APIResponse: 	at java.util.concurrent.ThreadPoolExecutor.runWorker(ThreadPoolExecutor.java:1113)
08-06 03:17:13.349 14491 23398 E baseline.com.newsblur.network.APIResponse: 	at java.util.concurrent.ThreadPoolExecutor$Worker.run(ThreadPoolExecutor.java:588)
08-06 03:17:13.349 14491 23398 E baseline.com.newsblur.network.APIResponse: 	at java.lang.Thread.run(Thread.java:818)
08-06 03:17:13.349 14491 23398 E baseline.com.newsblur.network.APIResponse: Caused by: java.io.EOFException: \n not found: limit=0 content=
08-06 03:17:13.349 14491 23398 E baseline.com.newsblur.network.APIResponse: 	at okio.RealBufferedSource.readUtf8LineStrict(RealBufferedSource.java:240)
08-06 03:17:13.349 14491 23398 E baseline.com.newsblur.network.APIResponse: 	at okhttp3.internal.http1.Http1ExchangeCodec.readHeaderLine(Http1ExchangeCodec.java:242)
08-06 03:17:13.349 14491 23398 E baseline.com.newsblur.network.APIResponse: 	at okhttp3.internal.http1.Http1ExchangeCodec.readResponseHeaders(Http1ExchangeCodec.java:213)
08-06 03:17:13.349 14491 23398 E baseline.com.newsblur.network.APIResponse: 	... 30 more
08-06 03:17:13.350 14491 23398 I baseline.com.newsblur.network.APIManager: API call failed, pausing before retry number 2
08-06 03:17:13.405 14491 14502 I art     : Explicit concurrent mark sweep GC freed 859(197KB) AllocSpace objects, 2(40KB) LOS objects, 27% free, 41MB/57MB, paused 1.543ms total 62ms
08-06 03:17:13.420 14491 14502 I art     : Starting a blocking GC Explicit
08-06 03:17:13.482 14491 14502 I art     : Explicit concurrent mark sweep GC freed 107(16KB) AllocSpace objects, 0(0B) LOS objects, 27% free, 41MB/57MB, paused 1.621ms total 61.809ms
08-06 03:17:13.497 14491 14502 I art     : Starting a blocking GC Explicit
08-06 03:17:13.561 14491 14502 I art     : Explicit concurrent mark sweep GC freed 25(832B) AllocSpace objects, 0(0B) LOS objects, 27% free, 41MB/57MB, paused 1.452ms total 63.476ms
08-06 03:17:13.575 14491 14502 I art     : Starting a blocking GC Explicit
08-06 03:17:13.639 14491 14502 I art     : Explicit concurrent mark sweep GC freed 3(96B) AllocSpace objects, 0(0B) LOS objects, 27% free, 41MB/57MB, paused 1.644ms total 63.242ms
08-06 03:17:14.011 14491 21624 I art     : Starting a blocking GC Explicit
08-06 03:17:14.071 14491 21624 I art     : Explicit concurrent mark sweep GC freed 1460(83KB) AllocSpace objects, 1(20KB) LOS objects, 27% free, 41MB/57MB, paused 1.713ms total 59.868ms
08-06 03:17:14.087 14491 21624 I art     : Starting a blocking GC Explicit
08-06 03:17:14.150 14491 21624 I art     : Explicit concurrent mark sweep GC freed 31(1072B) AllocSpace objects, 0(0B) LOS objects, 27% free, 41MB/57MB, paused 1.776ms total 62.948ms
08-06 03:17:14.167 14491 21624 I art     : Starting a blocking GC Explicit
08-06 03:17:14.231 14491 21624 I art     : Explicit concurrent mark sweep GC freed 9(288B) AllocSpace objects, 0(0B) LOS objects, 27% free, 41MB/57MB, paused 1.485ms total 64.124ms
08-06 03:17:14.247 14491 21624 I art     : Starting a blocking GC Explicit
08-06 03:17:14.312 14491 21624 I art     : Explicit concurrent mark sweep GC freed 3(96B) AllocSpace objects, 0(0B) LOS objects, 27% free, 41MB/57MB, paused 1.714ms total 65.333ms
08-06 03:17:14.328 14491 21624 I art     : Starting a blocking GC Explicit
08-06 03:17:14.397 14491 21624 I art     : Explicit concurrent mark sweep GC freed 3(96B) AllocSpace objects, 0(0B) LOS objects, 27% free, 41MB/57MB, paused 1.466ms total 68.800ms
08-06 03:17:14.745   918  3261 D WifiStateMachine: starting scan for "H369AA63323"WPA_PSK with 2412,5180
08-06 03:17:14.803 14491 14502 I art     : Starting a blocking GC Explicit
08-06 03:17:14.864 14491 14502 I art     : Explicit concurrent mark sweep GC freed 1446(83KB) AllocSpace objects, 1(20KB) LOS objects, 27% free, 41MB/57MB, paused 1.669ms total 61.388ms
08-06 03:17:14.880 14491 14502 I art     : Starting a blocking GC Explicit
08-06 03:17:14.936 14491 14502 I art     : Explicit concurrent mark sweep GC freed 22(784B) AllocSpace objects, 0(0B) LOS objects, 27% free, 41MB/57MB, paused 1.510ms total 55.724ms
08-06 03:17:14.951 14491 14502 I art     : Starting a blocking GC Explicit
08-06 03:17:15.015 14491 14502 I art     : Explicit concurrent mark sweep GC freed 3(96B) AllocSpace objects, 0(0B) LOS objects, 27% free, 41MB/57MB, paused 1.560ms total 63.990ms
08-06 03:17:15.031 14491 14502 I art     : Starting a blocking GC Explicit
08-06 03:17:15.100 14491 14502 I art     : Explicit concurrent mark sweep GC freed 40(1488B) AllocSpace objects, 0(0B) LOS objects, 27% free, 41MB/57MB, paused 1.777ms total 68.615ms
08-06 03:17:15.119 14491 14502 I art     : Starting a blocking GC Explicit
08-06 03:17:15.183 14491 14502 I art     : Explicit concurrent mark sweep GC freed 3(96B) AllocSpace objects, 0(0B) LOS objects, 27% free, 41MB/57MB, paused 1.612ms total 64.264ms
08-06 03:17:15.605 14491 14503 I art     : Starting a blocking GC Explicit
08-06 03:17:15.672 14491 14503 I art     : Explicit concurrent mark sweep GC freed 1446(83KB) AllocSpace objects, 1(20KB) LOS objects, 27% free, 41MB/57MB, paused 1.695ms total 66.309ms
08-06 03:17:15.687 14491 14503 I art     : Starting a blocking GC Explicit
08-06 03:17:15.754 14491 14503 I art     : Explicit concurrent mark sweep GC freed 22(784B) AllocSpace objects, 0(0B) LOS objects, 27% free, 41MB/57MB, paused 1.511ms total 66.202ms
08-06 03:17:15.773 14491 14503 I art     : Starting a blocking GC Explicit
08-06 03:17:15.840 14491 14503 I art     : Explicit concurrent mark sweep GC freed 3(96B) AllocSpace objects, 0(0B) LOS objects, 27% free, 41MB/57MB, paused 1.629ms total 66.120ms
08-06 03:17:15.854 14491 14503 I art     : Starting a blocking GC Explicit
08-06 03:17:15.918 14491 14503 I art     : Explicit concurrent mark sweep GC freed 3(96B) AllocSpace objects, 0(0B) LOS objects, 27% free, 41MB/57MB, paused 1.701ms total 63.379ms
08-06 03:17:15.933 14491 14503 I art     : Starting a blocking GC Explicit
08-06 03:17:16.001 14491 14503 I art     : Explicit concurrent mark sweep GC freed 3(96B) AllocSpace objects, 0(0B) LOS objects, 27% free, 41MB/57MB, paused 1.649ms total 67.175ms
08-06 03:17:16.429 14491 22486 I art     : Starting a blocking GC Explicit
08-06 03:17:16.500 14491 22486 I art     : Explicit concurrent mark sweep GC freed 1611(92KB) AllocSpace objects, 1(20KB) LOS objects, 27% free, 41MB/57MB, paused 1.763ms total 70.514ms
08-06 03:17:16.519 14491 22486 I art     : Starting a blocking GC Explicit
08-06 03:17:16.583 14491 22486 I art     : Explicit concurrent mark sweep GC freed 28(1040B) AllocSpace objects, 0(0B) LOS objects, 27% free, 41MB/57MB, paused 1.686ms total 63.901ms
08-06 03:17:16.598 14491 22486 I art     : Starting a blocking GC Explicit
08-06 03:17:16.663 14491 22486 I art     : Explicit concurrent mark sweep GC freed 3(96B) AllocSpace objects, 0(0B) LOS objects, 27% free, 41MB/57MB, paused 1.632ms total 64.563ms
08-06 03:17:16.678 14491 22486 I art     : Starting a blocking GC Explicit
08-06 03:17:16.744 14491 22486 I art     : Explicit concurrent mark sweep GC freed 1657(64KB) AllocSpace objects, 0(0B) LOS objects, 27% free, 41MB/57MB, paused 1.776ms total 65.637ms
08-06 03:17:16.758 14491 23398 E baseline.com.newsblur.network.APIResponse: Error (unexpected end of stream on https://www.newsblur.com/...) calling https://www.newsblur.com/reader/mark_story_hashes_as_read/
08-06 03:17:16.758 14491 23398 E baseline.com.newsblur.network.APIResponse: java.io.IOException: unexpected end of stream on https://www.newsblur.com/...
08-06 03:17:16.758 14491 23398 E baseline.com.newsblur.network.APIResponse: 	at okhttp3.internal.http1.Http1ExchangeCodec.readResponseHeaders(Http1ExchangeCodec.java:236)
08-06 03:17:16.758 14491 23398 E baseline.com.newsblur.network.APIResponse: 	at okhttp3.internal.connection.Exchange.readResponseHeaders(Exchange.java:115)
08-06 03:17:16.758 14491 23398 E baseline.com.newsblur.network.APIResponse: 	at okhttp3.internal.http.CallServerInterceptor.intercept(CallServerInterceptor.java:94)
08-06 03:17:16.758 14491 23398 E baseline.com.newsblur.network.APIResponse: 	at okhttp3.internal.http.RealInterceptorChain.proceed(RealInterceptorChain.java:142)
08-06 03:17:16.758 14491 23398 E baseline.com.newsblur.network.APIResponse: 	at okhttp3.internal.connection.ConnectInterceptor.intercept(ConnectInterceptor.java:43)
08-06 03:17:16.758 14491 23398 E baseline.com.newsblur.network.APIResponse: 	at okhttp3.internal.http.RealInterceptorChain.proceed(RealInterceptorChain.java:142)
08-06 03:17:16.758 14491 23398 E baseline.com.newsblur.network.APIResponse: 	at okhttp3.internal.http.RealInterceptorChain.proceed(RealInterceptorChain.java:117)
08-06 03:17:16.758 14491 23398 E baseline.com.newsblur.network.APIResponse: 	at okhttp3.internal.cache.CacheInterceptor.intercept(CacheInterceptor.java:94)
08-06 03:17:16.758 14491 23398 E baseline.com.newsblur.network.APIResponse: 	at okhttp3.internal.http.RealInterceptorChain.proceed(RealInterceptorChain.java:142)
08-06 03:17:16.758 14491 23398 E baseline.com.newsblur.network.APIResponse: 	at okhttp3.internal.http.RealInterceptorChain.proceed(RealInterceptorChain.java:117)
08-06 03:17:16.758 14491 23398 E baseline.com.newsblur.network.APIResponse: 	at okhttp3.internal.http.BridgeInterceptor.intercept(BridgeInterceptor.java:93)
08-06 03:17:16.758 14491 23398 E baseline.com.newsblur.network.APIResponse: 	at okhttp3.internal.http.RealInterceptorChain.proceed(RealInterceptorChain.java:142)
08-06 03:17:16.758 14491 23398 E baseline.com.newsblur.network.APIResponse: 	at okhttp3.internal.http.RetryAndFollowUpInterceptor.intercept(RetryAndFollowUpInterceptor.java:88)
08-06 03:17:16.758 14491 23398 E baseline.com.newsblur.network.APIResponse: 	at okhttp3.internal.http.RealInterceptorChain.proceed(RealInterceptorChain.java:142)
08-06 03:17:16.758 14491 23398 E baseline.com.newsblur.network.APIResponse: 	at okhttp3.internal.http.RealInterceptorChain.proceed(RealInterceptorChain.java:117)
08-06 03:17:16.758 14491 23398 E baseline.com.newsblur.network.APIResponse: 	at okhttp3.RealCall.getResponseWithInterceptorChain(RealCall.java:229)
08-06 03:17:16.758 14491 23398 E baseline.com.newsblur.network.APIResponse: 	at okhttp3.RealCall.execute(RealCall.java:81)
08-06 03:17:16.758 14491 23398 E baseline.com.newsblur.network.APIResponse: 	at baseline.com.newsblur.network.APIResponse.<init>(APIResponse.java:57)
08-06 03:17:16.758 14491 23398 E baseline.com.newsblur.network.APIResponse: 	at baseline.com.newsblur.network.APIResponse.<init>(APIResponse.java:43)
08-06 03:17:16.758 14491 23398 E baseline.com.newsblur.network.APIResponse: 	at baseline.com.newsblur.network.APIManager.post_single(APIManager.java:702)
08-06 03:17:16.758 14491 23398 E baseline.com.newsblur.network.APIResponse: 	at baseline.com.newsblur.network.APIManager.post(APIManager.java:675)
08-06 03:17:16.758 14491 23398 E baseline.com.newsblur.network.APIResponse: 	at baseline.com.newsblur.network.APIManager.post(APIManager.java:714)
08-06 03:17:16.758 14491 23398 E baseline.com.newsblur.network.APIResponse: 	at baseline.com.newsblur.network.APIManager.markStoryAsRead(APIManager.java:205)
08-06 03:17:16.758 14491 23398 E baseline.com.newsblur.network.APIResponse: 	at baseline.com.newsblur.util.ReadingAction.doRemote(ReadingAction.java:281)
08-06 03:17:16.758 14491 23398 E baseline.com.newsblur.network.APIResponse: 	at baseline.com.newsblur.service.NBSyncService.syncActions(NBSyncService.java:400)
08-06 03:17:16.758 14491 23398 E baseline.com.newsblur.network.APIResponse: 	at baseline.com.newsblur.service.NBSyncService.doSync(NBSyncService.java:298)
08-06 03:17:16.758 14491 23398 E baseline.com.newsblur.network.APIResponse: 	at baseline.com.newsblur.service.NBSyncService.access$100(NBSyncService.java:67)
08-06 03:17:16.758 14491 23398 E baseline.com.newsblur.network.APIResponse: 	at baseline.com.newsblur.service.NBSyncService$1.run(NBSyncService.java:188)
08-06 03:17:16.758 14491 23398 E baseline.com.newsblur.network.APIResponse: 	at java.util.concurrent.ThreadPoolExecutor.runWorker(ThreadPoolExecutor.java:1113)
08-06 03:17:16.758 14491 23398 E baseline.com.newsblur.network.APIResponse: 	at java.util.concurrent.ThreadPoolExecutor$Worker.run(ThreadPoolExecutor.java:588)
08-06 03:17:16.758 14491 23398 E baseline.com.newsblur.network.APIResponse: 	at java.lang.Thread.run(Thread.java:818)
08-06 03:17:16.758 14491 23398 E baseline.com.newsblur.network.APIResponse: Caused by: java.io.EOFException: \n not found: limit=0 content=
08-06 03:17:16.758 14491 23398 E baseline.com.newsblur.network.APIResponse: 	at okio.RealBufferedSource.readUtf8LineStrict(RealBufferedSource.java:240)
08-06 03:17:16.758 14491 23398 E baseline.com.newsblur.network.APIResponse: 	at okhttp3.internal.http1.Http1ExchangeCodec.readHeaderLine(Http1ExchangeCodec.java:242)
08-06 03:17:16.758 14491 23398 E baseline.com.newsblur.network.APIResponse: 	at okhttp3.internal.http1.Http1ExchangeCodec.readResponseHeaders(Http1ExchangeCodec.java:213)
08-06 03:17:16.758 14491 23398 E baseline.com.newsblur.network.APIResponse: 	... 30 more
08-06 03:17:16.759 14491 22486 I art     : Starting a blocking GC Explicit
08-06 03:17:16.760 14491 23398 I baseline.com.newsblur.service.NBSyncService: Holding reading action with server-side or network error.
08-06 03:17:16.778 14491 23398 W baseline.com.newsblur.service.NBSyncService: hard API failure
08-06 03:17:16.820 14491 22486 I art     : Explicit concurrent mark sweep GC freed 990(226KB) AllocSpace objects, 4(80KB) LOS objects, 27% free, 42MB/58MB, paused 1.628ms total 61.289ms
08-06 03:17:17.233 14491 21624 I art     : Starting a blocking GC Explicit
08-06 03:17:17.252 14491 23398 E baseline.com.newsblur.network.APIResponse: Error (unexpected end of stream on https://www.newsblur.com/...) calling https://www.newsblur.com/reader/mark_story_hashes_as_read/
08-06 03:17:17.252 14491 23398 E baseline.com.newsblur.network.APIResponse: java.io.IOException: unexpected end of stream on https://www.newsblur.com/...
08-06 03:17:17.252 14491 23398 E baseline.com.newsblur.network.APIResponse: 	at okhttp3.internal.http1.Http1ExchangeCodec.readResponseHeaders(Http1ExchangeCodec.java:236)
08-06 03:17:17.252 14491 23398 E baseline.com.newsblur.network.APIResponse: 	at okhttp3.internal.connection.Exchange.readResponseHeaders(Exchange.java:115)
08-06 03:17:17.252 14491 23398 E baseline.com.newsblur.network.APIResponse: 	at okhttp3.internal.http.CallServerInterceptor.intercept(CallServerInterceptor.java:94)
08-06 03:17:17.252 14491 23398 E baseline.com.newsblur.network.APIResponse: 	at okhttp3.internal.http.RealInterceptorChain.proceed(RealInterceptorChain.java:142)
08-06 03:17:17.252 14491 23398 E baseline.com.newsblur.network.APIResponse: 	at okhttp3.internal.connection.ConnectInterceptor.intercept(ConnectInterceptor.java:43)
08-06 03:17:17.252 14491 23398 E baseline.com.newsblur.network.APIResponse: 	at okhttp3.internal.http.RealInterceptorChain.proceed(RealInterceptorChain.java:142)
08-06 03:17:17.252 14491 23398 E baseline.com.newsblur.network.APIResponse: 	at okhttp3.internal.http.RealInterceptorChain.proceed(RealInterceptorChain.java:117)
08-06 03:17:17.252 14491 23398 E baseline.com.newsblur.network.APIResponse: 	at okhttp3.internal.cache.CacheInterceptor.intercept(CacheInterceptor.java:94)
08-06 03:17:17.252 14491 23398 E baseline.com.newsblur.network.APIResponse: 	at okhttp3.internal.http.RealInterceptorChain.proceed(RealInterceptorChain.java:142)
08-06 03:17:17.252 14491 23398 E baseline.com.newsblur.network.APIResponse: 	at okhttp3.internal.http.RealInterceptorChain.proceed(RealInterceptorChain.java:117)
08-06 03:17:17.252 14491 23398 E baseline.com.newsblur.network.APIResponse: 	at okhttp3.internal.http.BridgeInterceptor.intercept(BridgeInterceptor.java:93)
08-06 03:17:17.252 14491 23398 E baseline.com.newsblur.network.APIResponse: 	at okhttp3.internal.http.RealInterceptorChain.proceed(RealInterceptorChain.java:142)
08-06 03:17:17.252 14491 23398 E baseline.com.newsblur.network.APIResponse: 	at okhttp3.internal.http.RetryAndFollowUpInterceptor.intercept(RetryAndFollowUpInterceptor.java:88)
08-06 03:17:17.252 14491 23398 E baseline.com.newsblur.network.APIResponse: 	at okhttp3.internal.http.RealInterceptorChain.proceed(RealInterceptorChain.java:142)
08-06 03:17:17.252 14491 23398 E baseline.com.newsblur.network.APIResponse: 	at okhttp3.internal.http.RealInterceptorChain.proceed(RealInterceptorChain.java:117)
08-06 03:17:17.252 14491 23398 E baseline.com.newsblur.network.APIResponse: 	at okhttp3.RealCall.getResponseWithInterceptorChain(RealCall.java:229)
08-06 03:17:17.252 14491 23398 E baseline.com.newsblur.network.APIResponse: 	at okhttp3.RealCall.execute(RealCall.java:81)
08-06 03:17:17.252 14491 23398 E baseline.com.newsblur.network.APIResponse: 	at baseline.com.newsblur.network.APIResponse.<init>(APIResponse.java:57)
08-06 03:17:17.252 14491 23398 E baseline.com.newsblur.network.APIResponse: 	at baseline.com.newsblur.network.APIResponse.<init>(APIResponse.java:43)
08-06 03:17:17.252 14491 23398 E baseline.com.newsblur.network.APIResponse: 	at baseline.com.newsblur.network.APIManager.post_single(APIManager.java:702)
08-06 03:17:17.252 14491 23398 E baseline.com.newsblur.network.APIResponse: 	at baseline.com.newsblur.network.APIManager.post(APIManager.java:675)
08-06 03:17:17.252 14491 23398 E baseline.com.newsblur.network.APIResponse: 	at baseline.com.newsblur.network.APIManager.post(APIManager.java:714)
08-06 03:17:17.252 14491 23398 E baseline.com.newsblur.network.APIResponse: 	at baseline.com.newsblur.network.APIManager.markStoryAsRead(APIManager.java:205)
08-06 03:17:17.252 14491 23398 E baseline.com.newsblur.network.APIResponse: 	at baseline.com.newsblur.util.ReadingAction.doRemote(ReadingAction.java:281)
08-06 03:17:17.252 14491 23398 E baseline.com.newsblur.network.APIResponse: 	at baseline.com.newsblur.service.NBSyncService.syncActions(NBSyncService.java:400)
08-06 03:17:17.252 14491 23398 E baseline.com.newsblur.network.APIResponse: 	at baseline.com.newsblur.service.NBSyncService.doSync(NBSyncService.java:298)
08-06 03:17:17.252 14491 23398 E baseline.com.newsblur.network.APIResponse: 	at baseline.com.newsblur.service.NBSyncService.access$100(NBSyncService.java:67)
08-06 03:17:17.252 14491 23398 E baseline.com.newsblur.network.APIResponse: 	at baseline.com.newsblur.service.NBSyncService$1.run(NBSyncService.java:188)
08-06 03:17:17.252 14491 23398 E baseline.com.newsblur.network.APIResponse: 	at java.util.concurrent.ThreadPoolExecutor.runWorker(ThreadPoolExecutor.java:1113)
08-06 03:17:17.252 14491 23398 E baseline.com.newsblur.network.APIResponse: 	at java.util.concurrent.ThreadPoolExecutor$Worker.run(ThreadPoolExecutor.java:588)
08-06 03:17:17.252 14491 23398 E baseline.com.newsblur.network.APIResponse: 	at java.lang.Thread.run(Thread.java:818)
08-06 03:17:17.252 14491 23398 E baseline.com.newsblur.network.APIResponse: Caused by: java.io.EOFException: \n not found: limit=0 content=
08-06 03:17:17.252 14491 23398 E baseline.com.newsblur.network.APIResponse: 	at okio.RealBufferedSource.readUtf8LineStrict(RealBufferedSource.java:240)
08-06 03:17:17.252 14491 23398 E baseline.com.newsblur.network.APIResponse: 	at okhttp3.internal.http1.Http1ExchangeCodec.readHeaderLine(Http1ExchangeCodec.java:242)
08-06 03:17:17.252 14491 23398 E baseline.com.newsblur.network.APIResponse: 	at okhttp3.internal.http1.Http1ExchangeCodec.readResponseHeaders(Http1ExchangeCodec.java:213)
08-06 03:17:17.252 14491 23398 E baseline.com.newsblur.network.APIResponse: 	... 30 more
08-06 03:17:17.253 14491 23398 I baseline.com.newsblur.network.APIManager: API call failed, pausing before retry number 1
08-06 03:17:17.301 14491 21624 I art     : Explicit concurrent mark sweep GC freed 4247(381KB) AllocSpace objects, 3(60KB) LOS objects, 27% free, 42MB/58MB, paused 1.712ms total 68.216ms
08-06 03:17:17.317 14491 21624 I art     : Starting a blocking GC Explicit
08-06 03:17:17.384 14491 21624 I art     : Explicit concurrent mark sweep GC freed 165(18KB) AllocSpace objects, 0(0B) LOS objects, 27% free, 41MB/57MB, paused 1.668ms total 66.719ms
08-06 03:17:17.399 14491 21624 I art     : Starting a blocking GC Explicit
08-06 03:17:17.470 14491 21624 I art     : Explicit concurrent mark sweep GC freed 25(832B) AllocSpace objects, 0(0B) LOS objects, 27% free, 41MB/57MB, paused 1.771ms total 69.966ms
08-06 03:17:17.489 14491 21624 I art     : Starting a blocking GC Explicit
08-06 03:17:17.553 14491 21624 I art     : Explicit concurrent mark sweep GC freed 3(96B) AllocSpace objects, 0(0B) LOS objects, 27% free, 41MB/57MB, paused 1.621ms total 63.585ms
08-06 03:17:17.567 14491 21624 I art     : Starting a blocking GC Explicit
08-06 03:17:17.633 14491 21624 I art     : Explicit concurrent mark sweep GC freed 3(96B) AllocSpace objects, 0(0B) LOS objects, 27% free, 41MB/57MB, paused 1.454ms total 65.329ms
08-06 03:17:18.058 14491 14502 I art     : Starting a blocking GC Explicit
08-06 03:17:18.121 14491 14502 I art     : Explicit concurrent mark sweep GC freed 1442(83KB) AllocSpace objects, 1(20KB) LOS objects, 27% free, 41MB/57MB, paused 1.598ms total 62.982ms
08-06 03:17:18.136 14491 14502 I art     : Starting a blocking GC Explicit
08-06 03:17:18.204 14491 14502 I art     : Explicit concurrent mark sweep GC freed 22(784B) AllocSpace objects, 0(0B) LOS objects, 27% free, 41MB/57MB, paused 1.680ms total 67.428ms
08-06 03:17:18.222 14491 14502 I art     : Starting a blocking GC Explicit
08-06 03:17:18.287 14491 14502 I art     : Explicit concurrent mark sweep GC freed 3(96B) AllocSpace objects, 0(0B) LOS objects, 27% free, 41MB/57MB, paused 1.558ms total 64.091ms
08-06 03:17:18.301 14491 14502 I art     : Starting a blocking GC Explicit
08-06 03:17:18.366 14491 14502 I art     : Explicit concurrent mark sweep GC freed 3(96B) AllocSpace objects, 0(0B) LOS objects, 27% free, 41MB/57MB, paused 1.558ms total 64.924ms
08-06 03:17:18.381 14491 14502 I art     : Starting a blocking GC Explicit
08-06 03:17:18.449 14491 14502 I art     : Explicit concurrent mark sweep GC freed 3(96B) AllocSpace objects, 0(0B) LOS objects, 27% free, 41MB/57MB, paused 1.596ms total 67.942ms
08-06 03:17:18.859 14491 14503 I art     : Starting a blocking GC Explicit
08-06 03:17:18.930 14491 14503 I art     : Explicit concurrent mark sweep GC freed 1606(91KB) AllocSpace objects, 1(20KB) LOS objects, 27% free, 41MB/57MB, paused 1.736ms total 70.223ms
08-06 03:17:18.948 14491 14503 I art     : Starting a blocking GC Explicit
08-06 03:17:19.012 14491 14503 I art     : Explicit concurrent mark sweep GC freed 28(1040B) AllocSpace objects, 0(0B) LOS objects, 27% free, 41MB/57MB, paused 1.692ms total 64.116ms
08-06 03:17:19.028 14491 14503 I art     : Starting a blocking GC Explicit
08-06 03:17:19.097 14491 14503 I art     : Explicit concurrent mark sweep GC freed 3(96B) AllocSpace objects, 0(0B) LOS objects, 27% free, 41MB/57MB, paused 1.706ms total 68.628ms
08-06 03:17:19.114 14491 14503 I art     : Starting a blocking GC Explicit
08-06 03:17:19.181 14491 14503 I art     : Explicit concurrent mark sweep GC freed 3(96B) AllocSpace objects, 0(0B) LOS objects, 27% free, 41MB/57MB, paused 1.593ms total 67.081ms
08-06 03:17:19.197 14491 14503 I art     : Starting a blocking GC Explicit
08-06 03:17:19.262 14491 14503 I art     : Explicit concurrent mark sweep GC freed 1597(62KB) AllocSpace objects, 0(0B) LOS objects, 27% free, 41MB/57MB, paused 1.609ms total 65.206ms
08-06 03:17:19.302 14491 23398 E baseline.com.newsblur.network.APIResponse: Error (unexpected end of stream on https://www.newsblur.com/...) calling https://www.newsblur.com/reader/mark_story_hashes_as_read/
08-06 03:17:19.302 14491 23398 E baseline.com.newsblur.network.APIResponse: java.io.IOException: unexpected end of stream on https://www.newsblur.com/...
08-06 03:17:19.302 14491 23398 E baseline.com.newsblur.network.APIResponse: 	at okhttp3.internal.http1.Http1ExchangeCodec.readResponseHeaders(Http1ExchangeCodec.java:236)
08-06 03:17:19.302 14491 23398 E baseline.com.newsblur.network.APIResponse: 	at okhttp3.internal.connection.Exchange.readResponseHeaders(Exchange.java:115)
08-06 03:17:19.302 14491 23398 E baseline.com.newsblur.network.APIResponse: 	at okhttp3.internal.http.CallServerInterceptor.intercept(CallServerInterceptor.java:94)
08-06 03:17:19.302 14491 23398 E baseline.com.newsblur.network.APIResponse: 	at okhttp3.internal.http.RealInterceptorChain.proceed(RealInterceptorChain.java:142)
08-06 03:17:19.302 14491 23398 E baseline.com.newsblur.network.APIResponse: 	at okhttp3.internal.connection.ConnectInterceptor.intercept(ConnectInterceptor.java:43)
08-06 03:17:19.302 14491 23398 E baseline.com.newsblur.network.APIResponse: 	at okhttp3.internal.http.RealInterceptorChain.proceed(RealInterceptorChain.java:142)
08-06 03:17:19.302 14491 23398 E baseline.com.newsblur.network.APIResponse: 	at okhttp3.internal.http.RealInterceptorChain.proceed(RealInterceptorChain.java:117)
08-06 03:17:19.302 14491 23398 E baseline.com.newsblur.network.APIResponse: 	at okhttp3.internal.cache.CacheInterceptor.intercept(CacheInterceptor.java:94)
08-06 03:17:19.302 14491 23398 E baseline.com.newsblur.network.APIResponse: 	at okhttp3.internal.http.RealInterceptorChain.proceed(RealInterceptorChain.java:142)
08-06 03:17:19.302 14491 23398 E baseline.com.newsblur.network.APIResponse: 	at okhttp3.internal.http.RealInterceptorChain.proceed(RealInterceptorChain.java:117)
08-06 03:17:19.302 14491 23398 E baseline.com.newsblur.network.APIResponse: 	at okhttp3.internal.http.BridgeInterceptor.intercept(BridgeInterceptor.java:93)
08-06 03:17:19.302 14491 23398 E baseline.com.newsblur.network.APIResponse: 	at okhttp3.internal.http.RealInterceptorChain.proceed(RealInterceptorChain.java:142)
08-06 03:17:19.302 14491 23398 E baseline.com.newsblur.network.APIResponse: 	at okhttp3.internal.http.RetryAndFollowUpInterceptor.intercept(RetryAndFollowUpInterceptor.java:88)
08-06 03:17:19.302 14491 23398 E baseline.com.newsblur.network.APIResponse: 	at okhttp3.internal.http.RealInterceptorChain.proceed(RealInterceptorChain.java:142)
08-06 03:17:19.302 14491 23398 E baseline.com.newsblur.network.APIResponse: 	at okhttp3.internal.http.RealInterceptorChain.proceed(RealInterceptorChain.java:117)
08-06 03:17:19.302 14491 23398 E baseline.com.newsblur.network.APIResponse: 	at okhttp3.RealCall.getResponseWithInterceptorChain(RealCall.java:229)
08-06 03:17:19.302 14491 23398 E baseline.com.newsblur.network.APIResponse: 	at okhttp3.RealCall.execute(RealCall.java:81)
08-06 03:17:19.302 14491 23398 E baseline.com.newsblur.network.APIResponse: 	at baseline.com.newsblur.network.APIResponse.<init>(APIResponse.java:57)
08-06 03:17:19.302 14491 23398 E baseline.com.newsblur.network.APIResponse: 	at baseline.com.newsblur.network.APIResponse.<init>(APIResponse.java:43)
08-06 03:17:19.302 14491 23398 E baseline.com.newsblur.network.APIResponse: 	at baseline.com.newsblur.network.APIManager.post_single(APIManager.java:702)
08-06 03:17:19.302 14491 23398 E baseline.com.newsblur.network.APIResponse: 	at baseline.com.newsblur.network.APIManager.post(APIManager.java:675)
08-06 03:17:19.302 14491 23398 E baseline.com.newsblur.network.APIResponse: 	at baseline.com.newsblur.network.APIManager.post(APIManager.java:714)
08-06 03:17:19.302 14491 23398 E baseline.com.newsblur.network.APIResponse: 	at baseline.com.newsblur.network.APIManager.markStoryAsRead(APIManager.java:205)
08-06 03:17:19.302 14491 23398 E baseline.com.newsblur.network.APIResponse: 	at baseline.com.newsblur.util.ReadingAction.doRemote(ReadingAction.java:281)
08-06 03:17:19.302 14491 23398 E baseline.com.newsblur.network.APIResponse: 	at baseline.com.newsblur.service.NBSyncService.syncActions(NBSyncService.java:400)
08-06 03:17:19.302 14491 23398 E baseline.com.newsblur.network.APIResponse: 	at baseline.com.newsblur.service.NBSyncService.doSync(NBSyncService.java:298)
08-06 03:17:19.302 14491 23398 E baseline.com.newsblur.network.APIResponse: 	at baseline.com.newsblur.service.NBSyncService.access$100(NBSyncService.java:67)
08-06 03:17:19.302 14491 23398 E baseline.com.newsblur.network.APIResponse: 	at baseline.com.newsblur.service.NBSyncService$1.run(NBSyncService.java:188)
08-06 03:17:19.302 14491 23398 E baseline.com.newsblur.network.APIResponse: 	at java.util.concurrent.ThreadPoolExecutor.runWorker(ThreadPoolExecutor.java:1113)
08-06 03:17:19.302 14491 23398 E baseline.com.newsblur.network.APIResponse: 	at java.util.concurrent.ThreadPoolExecutor$Worker.run(ThreadPoolExecutor.java:588)
08-06 03:17:19.302 14491 23398 E baseline.com.newsblur.network.APIResponse: 	at java.lang.Thread.run(Thread.java:818)
08-06 03:17:19.302 14491 23398 E baseline.com.newsblur.network.APIResponse: Caused by: java.io.EOFException: \n not found: limit=0 content=
08-06 03:17:19.302 14491 23398 E baseline.com.newsblur.network.APIResponse: 	at okio.RealBufferedSource.readUtf8LineStrict(RealBufferedSource.java:240)
08-06 03:17:19.302 14491 23398 E baseline.com.newsblur.network.APIResponse: 	at okhttp3.internal.http1.Http1ExchangeCodec.readHeaderLine(Http1ExchangeCodec.java:242)
08-06 03:17:19.302 14491 23398 E baseline.com.newsblur.network.APIResponse: 	at okhttp3.internal.http1.Http1ExchangeCodec.readResponseHeaders(Http1ExchangeCodec.java:213)
08-06 03:17:19.302 14491 23398 E baseline.com.newsblur.network.APIResponse: 	... 30 more
08-06 03:17:19.304 14491 23398 I baseline.com.newsblur.network.APIManager: API call failed, pausing before retry number 2
08-06 03:17:19.668 14491 22486 I art     : Starting a blocking GC Explicit
08-06 03:17:19.740 14491 22486 I art     : Explicit concurrent mark sweep GC freed 2395(296KB) AllocSpace objects, 3(60KB) LOS objects, 27% free, 41MB/57MB, paused 1.796ms total 71.393ms
08-06 03:17:19.760 14491 22486 I art     : Starting a blocking GC Explicit
08-06 03:17:19.825 14491 22486 I art     : Explicit concurrent mark sweep GC freed 69(2624B) AllocSpace objects, 0(0B) LOS objects, 27% free, 41MB/57MB, paused 1.611ms total 64.722ms
08-06 03:17:19.840 14491 22486 I art     : Starting a blocking GC Explicit
08-06 03:17:19.903 14491 22486 I art     : Explicit concurrent mark sweep GC freed 3(96B) AllocSpace objects, 0(0B) LOS objects, 27% free, 41MB/57MB, paused 1.482ms total 63.072ms
08-06 03:17:19.918 14491 22486 I art     : Starting a blocking GC Explicit
08-06 03:17:19.985 14491 22486 I art     : Explicit concurrent mark sweep GC freed 3(96B) AllocSpace objects, 0(0B) LOS objects, 27% free, 41MB/57MB, paused 1.486ms total 66.452ms
08-06 03:17:20.002 14491 22486 I art     : Starting a blocking GC Explicit
08-06 03:17:20.067 14491 22486 I art     : Explicit concurrent mark sweep GC freed 3(96B) AllocSpace objects, 0(0B) LOS objects, 27% free, 41MB/57MB, paused 1.630ms total 64.967ms
08-06 03:17:20.473 14491 21624 I art     : Starting a blocking GC Explicit
08-06 03:17:20.539 14491 21624 I art     : Explicit concurrent mark sweep GC freed 1441(82KB) AllocSpace objects, 1(20KB) LOS objects, 27% free, 41MB/57MB, paused 1.739ms total 66.063ms
08-06 03:17:20.555 14491 21624 I art     : Starting a blocking GC Explicit
08-06 03:17:20.623 14491 21624 I art     : Explicit concurrent mark sweep GC freed 22(784B) AllocSpace objects, 0(0B) LOS objects, 27% free, 41MB/57MB, paused 1.563ms total 67.553ms
08-06 03:17:20.638 14491 21624 I art     : Starting a blocking GC Explicit
08-06 03:17:20.706 14491 21624 I art     : Explicit concurrent mark sweep GC freed 3(96B) AllocSpace objects, 0(0B) LOS objects, 27% free, 41MB/57MB, paused 1.681ms total 67.405ms
08-06 03:17:20.723 14491 21624 I art     : Starting a blocking GC Explicit
08-06 03:17:20.789 14491 21624 I art     : Explicit concurrent mark sweep GC freed 3(96B) AllocSpace objects, 0(0B) LOS objects, 27% free, 41MB/57MB, paused 1.530ms total 66.081ms
08-06 03:17:20.804 14491 21624 I art     : Starting a blocking GC Explicit
08-06 03:17:20.874 14491 21624 I art     : Explicit concurrent mark sweep GC freed 3(96B) AllocSpace objects, 0(0B) LOS objects, 27% free, 41MB/57MB, paused 1.569ms total 68.859ms
08-06 03:17:20.986   918  1210 D NetlinkSocketObserver: NeighborEvent{elapsedMs=1830444861, 192.168.2.254, [7C3953A63323], RTM_NEWNEIGH, NUD_STALE}
08-06 03:17:21.294 14491 14502 I art     : Starting a blocking GC Explicit
08-06 03:17:21.365 14491 14502 I art     : Explicit concurrent mark sweep GC freed 1441(82KB) AllocSpace objects, 1(20KB) LOS objects, 27% free, 41MB/57MB, paused 1.634ms total 70.461ms
08-06 03:17:21.383 14491 14502 I art     : Starting a blocking GC Explicit
08-06 03:17:21.446 14491 14502 I art     : Explicit concurrent mark sweep GC freed 22(784B) AllocSpace objects, 0(0B) LOS objects, 27% free, 41MB/57MB, paused 1.600ms total 62.410ms
08-06 03:17:21.461 14491 14502 I art     : Starting a blocking GC Explicit
08-06 03:17:21.528 14491 14502 I art     : Explicit concurrent mark sweep GC freed 3(96B) AllocSpace objects, 0(0B) LOS objects, 27% free, 41MB/57MB, paused 1.669ms total 66.522ms
08-06 03:17:21.543 14491 14502 I art     : Starting a blocking GC Explicit
08-06 03:17:21.605 14491 14502 I art     : Explicit concurrent mark sweep GC freed 3(96B) AllocSpace objects, 0(0B) LOS objects, 27% free, 41MB/57MB, paused 1.642ms total 62.541ms
08-06 03:17:21.621 14491 14502 I art     : Starting a blocking GC Explicit
08-06 03:17:21.687 14491 14502 I art     : Explicit concurrent mark sweep GC freed 3(96B) AllocSpace objects, 0(0B) LOS objects, 27% free, 41MB/57MB, paused 1.635ms total 65.533ms
08-06 03:17:22.098 14491 14503 I art     : Starting a blocking GC Explicit
08-06 03:17:22.166 14491 14503 I art     : Explicit concurrent mark sweep GC freed 1442(82KB) AllocSpace objects, 1(20KB) LOS objects, 27% free, 41MB/57MB, paused 1.624ms total 67.440ms
08-06 03:17:22.184 14491 14503 I art     : Starting a blocking GC Explicit
08-06 03:17:22.250 14491 14503 I art     : Explicit concurrent mark sweep GC freed 22(784B) AllocSpace objects, 0(0B) LOS objects, 27% free, 41MB/57MB, paused 1.638ms total 66.052ms
08-06 03:17:22.265 14491 14503 I art     : Starting a blocking GC Explicit
08-06 03:17:22.330 14491 14503 I art     : Explicit concurrent mark sweep GC freed 94(3KB) AllocSpace objects, 0(0B) LOS objects, 27% free, 41MB/57MB, paused 1.774ms total 65.293ms
08-06 03:17:22.331 14491 14501 I art     : WaitForGcToComplete blocked for 28.393ms for cause HeapTrim
08-06 03:17:22.346 14491 14503 I art     : Starting a blocking GC Explicit
08-06 03:17:22.412 14491 14503 I art     : Explicit concurrent mark sweep GC freed 9(352B) AllocSpace objects, 0(0B) LOS objects, 27% free, 41MB/57MB, paused 1.696ms total 65.558ms
08-06 03:17:22.428 14491 14503 I art     : Starting a blocking GC Explicit
08-06 03:17:22.496 14491 14503 I art     : Explicit concurrent mark sweep GC freed 77(5KB) AllocSpace objects, 0(0B) LOS objects, 27% free, 41MB/57MB, paused 1.719ms total 68.558ms
08-06 03:17:22.875 14491 23398 E baseline.com.newsblur.network.APIResponse: Error (unexpected end of stream on https://www.newsblur.com/...) calling https://www.newsblur.com/reader/mark_story_hashes_as_read/
08-06 03:17:22.875 14491 23398 E baseline.com.newsblur.network.APIResponse: java.io.IOException: unexpected end of stream on https://www.newsblur.com/...
08-06 03:17:22.875 14491 23398 E baseline.com.newsblur.network.APIResponse: 	at okhttp3.internal.http1.Http1ExchangeCodec.readResponseHeaders(Http1ExchangeCodec.java:236)
08-06 03:17:22.875 14491 23398 E baseline.com.newsblur.network.APIResponse: 	at okhttp3.internal.connection.Exchange.readResponseHeaders(Exchange.java:115)
08-06 03:17:22.875 14491 23398 E baseline.com.newsblur.network.APIResponse: 	at okhttp3.internal.http.CallServerInterceptor.intercept(CallServerInterceptor.java:94)
08-06 03:17:22.875 14491 23398 E baseline.com.newsblur.network.APIResponse: 	at okhttp3.internal.http.RealInterceptorChain.proceed(RealInterceptorChain.java:142)
08-06 03:17:22.875 14491 23398 E baseline.com.newsblur.network.APIResponse: 	at okhttp3.internal.connection.ConnectInterceptor.intercept(ConnectInterceptor.java:43)
08-06 03:17:22.875 14491 23398 E baseline.com.newsblur.network.APIResponse: 	at okhttp3.internal.http.RealInterceptorChain.proceed(RealInterceptorChain.java:142)
08-06 03:17:22.875 14491 23398 E baseline.com.newsblur.network.APIResponse: 	at okhttp3.internal.http.RealInterceptorChain.proceed(RealInterceptorChain.java:117)
08-06 03:17:22.875 14491 23398 E baseline.com.newsblur.network.APIResponse: 	at okhttp3.internal.cache.CacheInterceptor.intercept(CacheInterceptor.java:94)
08-06 03:17:22.875 14491 23398 E baseline.com.newsblur.network.APIResponse: 	at okhttp3.internal.http.RealInterceptorChain.proceed(RealInterceptorChain.java:142)
08-06 03:17:22.875 14491 23398 E baseline.com.newsblur.network.APIResponse: 	at okhttp3.internal.http.RealInterceptorChain.proceed(RealInterceptorChain.java:117)
08-06 03:17:22.875 14491 23398 E baseline.com.newsblur.network.APIResponse: 	at okhttp3.internal.http.BridgeInterceptor.intercept(BridgeInterceptor.java:93)
08-06 03:17:22.875 14491 23398 E baseline.com.newsblur.network.APIResponse: 	at okhttp3.internal.http.RealInterceptorChain.proceed(RealInterceptorChain.java:142)
08-06 03:17:22.875 14491 23398 E baseline.com.newsblur.network.APIResponse: 	at okhttp3.internal.http.RetryAndFollowUpInterceptor.intercept(RetryAndFollowUpInterceptor.java:88)
08-06 03:17:22.875 14491 23398 E baseline.com.newsblur.network.APIResponse: 	at okhttp3.internal.http.RealInterceptorChain.proceed(RealInterceptorChain.java:142)
08-06 03:17:22.875 14491 23398 E baseline.com.newsblur.network.APIResponse: 	at okhttp3.internal.http.RealInterceptorChain.proceed(RealInterceptorChain.java:117)
08-06 03:17:22.875 14491 23398 E baseline.com.newsblur.network.APIResponse: 	at okhttp3.RealCall.getResponseWithInterceptorChain(RealCall.java:229)
08-06 03:17:22.875 14491 23398 E baseline.com.newsblur.network.APIResponse: 	at okhttp3.RealCall.execute(RealCall.java:81)
08-06 03:17:22.875 14491 23398 E baseline.com.newsblur.network.APIResponse: 	at baseline.com.newsblur.network.APIResponse.<init>(APIResponse.java:57)
08-06 03:17:22.875 14491 23398 E baseline.com.newsblur.network.APIResponse: 	at baseline.com.newsblur.network.APIResponse.<init>(APIResponse.java:43)
08-06 03:17:22.875 14491 23398 E baseline.com.newsblur.network.APIResponse: 	at baseline.com.newsblur.network.APIManager.post_single(APIManager.java:702)
08-06 03:17:22.875 14491 23398 E baseline.com.newsblur.network.APIResponse: 	at baseline.com.newsblur.network.APIManager.post(APIManager.java:675)
08-06 03:17:22.875 14491 23398 E baseline.com.newsblur.network.APIResponse: 	at baseline.com.newsblur.network.APIManager.post(APIManager.java:714)
08-06 03:17:22.875 14491 23398 E baseline.com.newsblur.network.APIResponse: 	at baseline.com.newsblur.network.APIManager.markStoryAsRead(APIManager.java:205)
08-06 03:17:22.875 14491 23398 E baseline.com.newsblur.network.APIResponse: 	at baseline.com.newsblur.util.ReadingAction.doRemote(ReadingAction.java:281)
08-06 03:17:22.875 14491 23398 E baseline.com.newsblur.network.APIResponse: 	at baseline.com.newsblur.service.NBSyncService.syncActions(NBSyncService.java:400)
08-06 03:17:22.875 14491 23398 E baseline.com.newsblur.network.APIResponse: 	at baseline.com.newsblur.service.NBSyncService.doSync(NBSyncService.java:298)
08-06 03:17:22.875 14491 23398 E baseline.com.newsblur.network.APIResponse: 	at baseline.com.newsblur.service.NBSyncService.access$100(NBSyncService.java:67)
08-06 03:17:22.875 14491 23398 E baseline.com.newsblur.network.APIResponse: 	at baseline.com.newsblur.service.NBSyncService$1.run(NBSyncService.java:188)
08-06 03:17:22.875 14491 23398 E baseline.com.newsblur.network.APIResponse: 	at java.util.concurrent.ThreadPoolExecutor.runWorker(ThreadPoolExecutor.java:1113)
08-06 03:17:22.875 14491 23398 E baseline.com.newsblur.network.APIResponse: 	at java.util.concurrent.ThreadPoolExecutor$Worker.run(ThreadPoolExecutor.java:588)
08-06 03:17:22.875 14491 23398 E baseline.com.newsblur.network.APIResponse: 	at java.lang.Thread.run(Thread.java:818)
08-06 03:17:22.875 14491 23398 E baseline.com.newsblur.network.APIResponse: Caused by: java.io.EOFException: \n not found: limit=0 content=
08-06 03:17:22.875 14491 23398 E baseline.com.newsblur.network.APIResponse: 	at okio.RealBufferedSource.readUtf8LineStrict(RealBufferedSource.java:240)
08-06 03:17:22.875 14491 23398 E baseline.com.newsblur.network.APIResponse: 	at okhttp3.internal.http1.Http1ExchangeCodec.readHeaderLine(Http1ExchangeCodec.java:242)
08-06 03:17:22.875 14491 23398 E baseline.com.newsblur.network.APIResponse: 	at okhttp3.internal.http1.Http1ExchangeCodec.readResponseHeaders(Http1ExchangeCodec.java:213)
08-06 03:17:22.875 14491 23398 E baseline.com.newsblur.network.APIResponse: 	... 30 more
08-06 03:17:22.877 14491 23398 I baseline.com.newsblur.service.NBSyncService: Holding reading action with server-side or network error.
08-06 03:17:22.892 14491 22486 I art     : Starting a blocking GC Explicit
08-06 03:17:22.893 14491 23398 W baseline.com.newsblur.service.NBSyncService: hard API failure
08-06 03:17:22.955 14491 22486 I art     : Explicit concurrent mark sweep GC freed 4338(406KB) AllocSpace objects, 5(100KB) LOS objects, 27% free, 42MB/58MB, paused 1.606ms total 62.185ms
08-06 03:17:22.969 14491 22486 I art     : Starting a blocking GC Explicit
08-06 03:17:23.029 14491 22486 I art     : Explicit concurrent mark sweep GC freed 138(5KB) AllocSpace objects, 0(0B) LOS objects, 27% free, 41MB/57MB, paused 1.571ms total 59.738ms
08-06 03:17:23.044 14491 22486 I art     : Starting a blocking GC Explicit
08-06 03:17:23.109 14491 22486 I art     : Explicit concurrent mark sweep GC freed 3(96B) AllocSpace objects, 0(0B) LOS objects, 27% free, 41MB/57MB, paused 1.702ms total 65.161ms
08-06 03:17:23.124 14491 22486 I art     : Starting a blocking GC Explicit
08-06 03:17:23.189 14491 22486 I art     : Explicit concurrent mark sweep GC freed 3(96B) AllocSpace objects, 0(0B) LOS objects, 27% free, 41MB/57MB, paused 1.842ms total 64.389ms
08-06 03:17:23.204 14491 22486 I art     : Starting a blocking GC Explicit
08-06 03:17:23.259 23576 23576 D AndroidRuntime: >>>>>> START com.android.internal.os.RuntimeInit uid 2000 <<<<<<
08-06 03:17:23.265 23576 23576 D AndroidRuntime: CheckJNI is OFF
08-06 03:17:23.269 14491 22486 I art     : Explicit concurrent mark sweep GC freed 1657(64KB) AllocSpace objects, 0(0B) LOS objects, 27% free, 41MB/57MB, paused 1.778ms total 64.137ms
08-06 03:17:23.294 14491 23398 E baseline.com.newsblur.network.APIResponse: Error (unexpected end of stream on https://www.newsblur.com/...) calling https://www.newsblur.com/reader/mark_story_hashes_as_read/
08-06 03:17:23.294 14491 23398 E baseline.com.newsblur.network.APIResponse: java.io.IOException: unexpected end of stream on https://www.newsblur.com/...
08-06 03:17:23.294 14491 23398 E baseline.com.newsblur.network.APIResponse: 	at okhttp3.internal.http1.Http1ExchangeCodec.readResponseHeaders(Http1ExchangeCodec.java:236)
08-06 03:17:23.294 14491 23398 E baseline.com.newsblur.network.APIResponse: 	at okhttp3.internal.connection.Exchange.readResponseHeaders(Exchange.java:115)
08-06 03:17:23.294 14491 23398 E baseline.com.newsblur.network.APIResponse: 	at okhttp3.internal.http.CallServerInterceptor.intercept(CallServerInterceptor.java:94)
08-06 03:17:23.294 14491 23398 E baseline.com.newsblur.network.APIResponse: 	at okhttp3.internal.http.RealInterceptorChain.proceed(RealInterceptorChain.java:142)
08-06 03:17:23.294 14491 23398 E baseline.com.newsblur.network.APIResponse: 	at okhttp3.internal.connection.ConnectInterceptor.intercept(ConnectInterceptor.java:43)
08-06 03:17:23.294 14491 23398 E baseline.com.newsblur.network.APIResponse: 	at okhttp3.internal.http.RealInterceptorChain.proceed(RealInterceptorChain.java:142)
08-06 03:17:23.294 14491 23398 E baseline.com.newsblur.network.APIResponse: 	at okhttp3.internal.http.RealInterceptorChain.proceed(RealInterceptorChain.java:117)
08-06 03:17:23.294 14491 23398 E baseline.com.newsblur.network.APIResponse: 	at okhttp3.internal.cache.CacheInterceptor.intercept(CacheInterceptor.java:94)
08-06 03:17:23.294 14491 23398 E baseline.com.newsblur.network.APIResponse: 	at okhttp3.internal.http.RealInterceptorChain.proceed(RealInterceptorChain.java:142)
08-06 03:17:23.294 14491 23398 E baseline.com.newsblur.network.APIResponse: 	at okhttp3.internal.http.RealInterceptorChain.proceed(RealInterceptorChain.java:117)
08-06 03:17:23.294 14491 23398 E baseline.com.newsblur.network.APIResponse: 	at okhttp3.internal.http.BridgeInterceptor.intercept(BridgeInterceptor.java:93)
08-06 03:17:23.294 14491 23398 E baseline.com.newsblur.network.APIResponse: 	at okhttp3.internal.http.RealInterceptorChain.proceed(RealInterceptorChain.java:142)
08-06 03:17:23.294 14491 23398 E baseline.com.newsblur.network.APIResponse: 	at okhttp3.internal.http.RetryAndFollowUpInterceptor.intercept(RetryAndFollowUpInterceptor.java:88)
08-06 03:17:23.294 14491 23398 E baseline.com.newsblur.network.APIResponse: 	at okhttp3.internal.http.RealInterceptorChain.proceed(RealInterceptorChain.java:142)
08-06 03:17:23.294 14491 23398 E baseline.com.newsblur.network.APIResponse: 	at okhttp3.internal.http.RealInterceptorChain.proceed(RealInterceptorChain.java:117)
08-06 03:17:23.294 14491 23398 E baseline.com.newsblur.network.APIResponse: 	at okhttp3.RealCall.getResponseWithInterceptorChain(RealCall.java:229)
08-06 03:17:23.294 14491 23398 E baseline.com.newsblur.network.APIResponse: 	at okhttp3.RealCall.execute(RealCall.java:81)
08-06 03:17:23.294 14491 23398 E baseline.com.newsblur.network.APIResponse: 	at baseline.com.newsblur.network.APIResponse.<init>(APIResponse.java:57)
08-06 03:17:23.294 14491 23398 E baseline.com.newsblur.network.APIResponse: 	at baseline.com.newsblur.network.APIResponse.<init>(APIResponse.java:43)
08-06 03:17:23.294 14491 23398 E baseline.com.newsblur.network.APIResponse: 	at baseline.com.newsblur.network.APIManager.post_single(APIManager.java:702)
08-06 03:17:23.294 14491 23398 E baseline.com.newsblur.network.APIResponse: 	at baseline.com.newsblur.network.APIManager.post(APIManager.java:675)
08-06 03:17:23.294 14491 23398 E baseline.com.newsblur.network.APIResponse: 	at baseline.com.newsblur.network.APIManager.post(APIManager.java:714)
08-06 03:17:23.294 14491 23398 E baseline.com.newsblur.network.APIResponse: 	at baseline.com.newsblur.network.APIManager.markStoryAsRead(APIManager.java:205)
08-06 03:17:23.294 14491 23398 E baseline.com.newsblur.network.APIResponse: 	at baseline.com.newsblur.util.ReadingAction.doRemote(ReadingAction.java:281)
08-06 03:17:23.294 14491 23398 E baseline.com.newsblur.network.APIResponse: 	at baseline.com.newsblur.service.NBSyncService.syncActions(NBSyncService.java:400)
08-06 03:17:23.294 14491 23398 E baseline.com.newsblur.network.APIResponse: 	at baseline.com.newsblur.service.NBSyncService.doSync(NBSyncService.java:298)
08-06 03:17:23.294 14491 23398 E baseline.com.newsblur.network.APIResponse: 	at baseline.com.newsblur.service.NBSyncService.access$100(NBSyncService.java:67)
08-06 03:17:23.294 14491 23398 E baseline.com.newsblur.network.APIResponse: 	at baseline.com.newsblur.service.NBSyncService$1.run(NBSyncService.java:188)
08-06 03:17:23.294 14491 23398 E baseline.com.newsblur.network.APIResponse: 	at java.util.concurrent.ThreadPoolExecutor.runWorker(ThreadPoolExecutor.java:1113)
08-06 03:17:23.294 14491 23398 E baseline.com.newsblur.network.APIResponse: 	at java.util.concurrent.ThreadPoolExecutor$Worker.run(ThreadPoolExecutor.java:588)
08-06 03:17:23.294 14491 23398 E baseline.com.newsblur.network.APIResponse: 	at java.lang.Thread.run(Thread.java:818)
08-06 03:17:23.294 14491 23398 E baseline.com.newsblur.network.APIResponse: Caused by: java.io.EOFException: \n not found: limit=0 content=
08-06 03:17:23.294 14491 23398 E baseline.com.newsblur.network.APIResponse: 	at okio.RealBufferedSource.readUtf8LineStrict(RealBufferedSource.java:240)
08-06 03:17:23.294 14491 23398 E baseline.com.newsblur.network.APIResponse: 	at okhttp3.internal.http1.Http1ExchangeCodec.readHeaderLine(Http1ExchangeCodec.java:242)
08-06 03:17:23.294 14491 23398 E baseline.com.newsblur.network.APIResponse: 	at okhttp3.internal.http1.Http1ExchangeCodec.readResponseHeaders(Http1ExchangeCodec.java:213)
08-06 03:17:23.294 14491 23398 E baseline.com.newsblur.network.APIResponse: 	... 30 more
08-06 03:17:23.295 14491 23398 I baseline.com.newsblur.network.APIManager: API call failed, pausing before retry number 1
08-06 03:17:23.307 23576 23576 D ICU     : No timezone override file found: /data/misc/zoneinfo/current/icu/icu_tzdata.dat
08-06 03:17:23.350 23576 23576 I Radio-JNI: register_android_hardware_Radio DONE
08-06 03:17:23.379 23576 23576 D AndroidRuntime: Calling main entry com.android.commands.input.Input
08-06 03:17:23.383 23576 23576 I Input   : injectMotionEvent: MotionEvent { action=ACTION_DOWN, actionButton=0, id[0]=0, x[0]=436.0, y[0]=453.0, toolType[0]=TOOL_TYPE_UNKNOWN, buttonState=0, metaState=0, flags=0x0, edgeFlags=0x0, pointerCount=1, historySize=0, eventTime=847059795, downTime=847059795, deviceId=0, source=0x1002 }
08-06 03:17:23.390 23576 23576 I Input   : injectMotionEvent: MotionEvent { action=ACTION_UP, actionButton=0, id[0]=0, x[0]=436.0, y[0]=453.0, toolType[0]=TOOL_TYPE_UNKNOWN, buttonState=0, metaState=0, flags=0x0, edgeFlags=0x0, pointerCount=1, historySize=0, eventTime=847059795, downTime=847059795, deviceId=0, source=0x1002 }
08-06 03:17:23.393 23576 23576 D AndroidRuntime: Shutting down VM
08-06 03:17:23.408   512  2967 D audio_hw_primary: out_set_parameters: enter: usecase(1: low-latency-playback) kvpairs: routing=2
08-06 03:17:23.408   918  5132 I ActivityManager: START u0 {cmp=baseline.com.newsblur/.activity.AllSharedStoriesReading (has extras)} from uid 10698 on display 0
08-06 03:17:23.421   512  2967 D audio_hw_primary: select_devices: out_snd_device(2: speaker) in_snd_device(0: none)
08-06 03:17:23.421   512  2967 D msm8974_platform: platform_send_audio_calibration: sending audio calibration for snd_device(2) acdb_id(15)
08-06 03:17:23.421   512  2967 I soundtrigger: audio_extn_sound_trigger_update_device_status: device 0x2 of type 0 for Event 1
08-06 03:17:23.431   512  2967 D audio_hw_primary: enable_snd_device: snd_device(2: speaker)
08-06 03:17:23.433   512  2967 D audio_hw_primary: enable_audio_route: apply and update mixer path: low-latency-playback speaker
08-06 03:17:23.629 14491 21624 I art     : Starting a blocking GC Explicit
08-06 03:17:23.687   918   936 I ActivityManager: Displayed baseline.com.newsblur/.activity.AllSharedStoriesReading: +270ms
08-06 03:17:23.687 13866 13866 I GoogleInputMethodServic: GoogleInputMethodService.onFinishInput():3138 
08-06 03:17:23.688 14491 21624 I art     : Explicit concurrent mark sweep GC freed 4276(496KB) AllocSpace objects, 9(608KB) LOS objects, 27% free, 42MB/58MB, paused 1.660ms total 57.921ms
08-06 03:17:23.692 13866 13866 I GoogleInputMethodServic: GoogleInputMethodService.onStartInput():1808 
08-06 03:17:23.702 14491 21624 I art     : Starting a blocking GC Explicit
08-06 03:17:23.764 14491 21624 I art     : Explicit concurrent mark sweep GC freed 1728(105KB) AllocSpace objects, 2(48KB) LOS objects, 27% free, 42MB/58MB, paused 1.831ms total 61.508ms
08-06 03:17:23.779 14491 21624 I art     : Starting a blocking GC Explicit
08-06 03:17:23.849 14491 21624 I art     : Explicit concurrent mark sweep GC freed 1165(102KB) AllocSpace objects, 10(236KB) LOS objects, 27% free, 42MB/58MB, paused 1.573ms total 69.352ms
08-06 03:17:23.868 14491 21624 I art     : Starting a blocking GC Explicit
08-06 03:17:23.926 14491 21624 I art     : Explicit concurrent mark sweep GC freed 1013(76KB) AllocSpace objects, 0(0B) LOS objects, 27% free, 42MB/58MB, paused 1.572ms total 57.652ms
08-06 03:17:23.941 14491 21624 I art     : Starting a blocking GC Explicit
08-06 03:17:23.968   512  2967 D audio_hw_primary: disable_audio_route: reset and update mixer path: low-latency-playback speaker
08-06 03:17:23.969   512  2967 D audio_hw_primary: disable_snd_device: snd_device(2: speaker)
08-06 03:17:23.971 14491 21967 E chromium: [ERROR:tile_manager.cc(793)] WARNING: tile memory limits exceeded, some content may not draw
08-06 03:17:23.972 14491 21967 E chromium: [ERROR:tile_manager.cc(793)] WARNING: tile memory limits exceeded, some content may not draw
08-06 03:17:23.977   512  2967 I soundtrigger: audio_extn_sound_trigger_update_device_status: device 0x2 of type 0 for Event 0
08-06 03:17:23.996 14491 21624 I art     : Explicit concurrent mark sweep GC freed 58(2560B) AllocSpace objects, 0(0B) LOS objects, 27% free, 42MB/58MB, paused 1.371ms total 55.254ms
08-06 03:17:24.360 14491 14503 I art     : Starting a blocking GC Explicit
08-06 03:17:24.430 14491 14503 I art     : Explicit concurrent mark sweep GC freed 1610(101KB) AllocSpace objects, 3(68KB) LOS objects, 27% free, 42MB/58MB, paused 1.761ms total 69.166ms
08-06 03:17:24.446 14491 14503 I art     : Starting a blocking GC Explicit
08-06 03:17:24.510 14491 14503 I art     : Explicit concurrent mark sweep GC freed 39(1520B) AllocSpace objects, 0(0B) LOS objects, 27% free, 42MB/58MB, paused 1.437ms total 63.182ms
08-06 03:17:24.525 14491 14503 I art     : Starting a blocking GC Explicit
08-06 03:17:24.586 14491 14503 I art     : Explicit concurrent mark sweep GC freed 3(96B) AllocSpace objects, 0(0B) LOS objects, 27% free, 42MB/58MB, paused 1.515ms total 61.426ms
08-06 03:17:24.601 14491 14503 I art     : Starting a blocking GC Explicit
08-06 03:17:24.665 14491 14503 I art     : Explicit concurrent mark sweep GC freed 3(96B) AllocSpace objects, 0(0B) LOS objects, 27% free, 42MB/58MB, paused 1.550ms total 63.707ms
08-06 03:17:24.681 14491 14503 I art     : Starting a blocking GC Explicit
08-06 03:17:24.746 14491 14503 I art     : Explicit concurrent mark sweep GC freed 3(96B) AllocSpace objects, 0(0B) LOS objects, 27% free, 42MB/58MB, paused 1.568ms total 64.995ms
08-06 03:17:25.133 14491 14503 I art     : Starting a blocking GC Explicit
08-06 03:17:25.201 14491 14503 I art     : Explicit concurrent mark sweep GC freed 1661(93KB) AllocSpace objects, 1(20KB) LOS objects, 27% free, 42MB/58MB, paused 1.651ms total 67.708ms
08-06 03:17:25.219 14491 14503 I art     : Starting a blocking GC Explicit
08-06 03:17:25.286 14491 14503 I art     : Explicit concurrent mark sweep GC freed 844(33KB) AllocSpace objects, 0(0B) LOS objects, 27% free, 42MB/58MB, paused 1.867ms total 67.328ms
08-06 03:17:25.301 14491 14503 I art     : Starting a blocking GC Explicit
08-06 03:17:25.328 14491 23398 E baseline.com.newsblur.network.APIResponse: Error (unexpected end of stream on https://www.newsblur.com/...) calling https://www.newsblur.com/reader/mark_story_hashes_as_read/
08-06 03:17:25.328 14491 23398 E baseline.com.newsblur.network.APIResponse: java.io.IOException: unexpected end of stream on https://www.newsblur.com/...
08-06 03:17:25.328 14491 23398 E baseline.com.newsblur.network.APIResponse: 	at okhttp3.internal.http1.Http1ExchangeCodec.readResponseHeaders(Http1ExchangeCodec.java:236)
08-06 03:17:25.328 14491 23398 E baseline.com.newsblur.network.APIResponse: 	at okhttp3.internal.connection.Exchange.readResponseHeaders(Exchange.java:115)
08-06 03:17:25.328 14491 23398 E baseline.com.newsblur.network.APIResponse: 	at okhttp3.internal.http.CallServerInterceptor.intercept(CallServerInterceptor.java:94)
08-06 03:17:25.328 14491 23398 E baseline.com.newsblur.network.APIResponse: 	at okhttp3.internal.http.RealInterceptorChain.proceed(RealInterceptorChain.java:142)
08-06 03:17:25.328 14491 23398 E baseline.com.newsblur.network.APIResponse: 	at okhttp3.internal.connection.ConnectInterceptor.intercept(ConnectInterceptor.java:43)
08-06 03:17:25.328 14491 23398 E baseline.com.newsblur.network.APIResponse: 	at okhttp3.internal.http.RealInterceptorChain.proceed(RealInterceptorChain.java:142)
08-06 03:17:25.328 14491 23398 E baseline.com.newsblur.network.APIResponse: 	at okhttp3.internal.http.RealInterceptorChain.proceed(RealInterceptorChain.java:117)
08-06 03:17:25.328 14491 23398 E baseline.com.newsblur.network.APIResponse: 	at okhttp3.internal.cache.CacheInterceptor.intercept(CacheInterceptor.java:94)
08-06 03:17:25.328 14491 23398 E baseline.com.newsblur.network.APIResponse: 	at okhttp3.internal.http.RealInterceptorChain.proceed(RealInterceptorChain.java:142)
08-06 03:17:25.328 14491 23398 E baseline.com.newsblur.network.APIResponse: 	at okhttp3.internal.http.RealInterceptorChain.proceed(RealInterceptorChain.java:117)
08-06 03:17:25.328 14491 23398 E baseline.com.newsblur.network.APIResponse: 	at okhttp3.internal.http.BridgeInterceptor.intercept(BridgeInterceptor.java:93)
08-06 03:17:25.328 14491 23398 E baseline.com.newsblur.network.APIResponse: 	at okhttp3.internal.http.RealInterceptorChain.proceed(RealInterceptorChain.java:142)
08-06 03:17:25.328 14491 23398 E baseline.com.newsblur.network.APIResponse: 	at okhttp3.internal.http.RetryAndFollowUpInterceptor.intercept(RetryAndFollowUpInterceptor.java:88)
08-06 03:17:25.328 14491 23398 E baseline.com.newsblur.network.APIResponse: 	at okhttp3.internal.http.RealInterceptorChain.proceed(RealInterceptorChain.java:142)
08-06 03:17:25.328 14491 23398 E baseline.com.newsblur.network.APIResponse: 	at okhttp3.internal.http.RealInterceptorChain.proceed(RealInterceptorChain.java:117)
08-06 03:17:25.328 14491 23398 E baseline.com.newsblur.network.APIResponse: 	at okhttp3.RealCall.getResponseWithInterceptorChain(RealCall.java:229)
08-06 03:17:25.328 14491 23398 E baseline.com.newsblur.network.APIResponse: 	at okhttp3.RealCall.execute(RealCall.java:81)
08-06 03:17:25.328 14491 23398 E baseline.com.newsblur.network.APIResponse: 	at baseline.com.newsblur.network.APIResponse.<init>(APIResponse.java:57)
08-06 03:17:25.328 14491 23398 E baseline.com.newsblur.network.APIResponse: 	at baseline.com.newsblur.network.APIResponse.<init>(APIResponse.java:43)
08-06 03:17:25.328 14491 23398 E baseline.com.newsblur.network.APIResponse: 	at baseline.com.newsblur.network.APIManager.post_single(APIManager.java:702)
08-06 03:17:25.328 14491 23398 E baseline.com.newsblur.network.APIResponse: 	at baseline.com.newsblur.network.APIManager.post(APIManager.java:675)
08-06 03:17:25.328 14491 23398 E baseline.com.newsblur.network.APIResponse: 	at baseline.com.newsblur.network.APIManager.post(APIManager.java:714)
08-06 03:17:25.328 14491 23398 E baseline.com.newsblur.network.APIResponse: 	at baseline.com.newsblur.network.APIManager.markStoryAsRead(APIManager.java:205)
08-06 03:17:25.328 14491 23398 E baseline.com.newsblur.network.APIResponse: 	at baseline.com.newsblur.util.ReadingAction.doRemote(ReadingAction.java:281)
08-06 03:17:25.328 14491 23398 E baseline.com.newsblur.network.APIResponse: 	at baseline.com.newsblur.service.NBSyncService.syncActions(NBSyncService.java:400)
08-06 03:17:25.328 14491 23398 E baseline.com.newsblur.network.APIResponse: 	at baseline.com.newsblur.service.NBSyncService.doSync(NBSyncService.java:298)
08-06 03:17:25.328 14491 23398 E baseline.com.newsblur.network.APIResponse: 	at baseline.com.newsblur.service.NBSyncService.access$100(NBSyncService.java:67)
08-06 03:17:25.328 14491 23398 E baseline.com.newsblur.network.APIResponse: 	at baseline.com.newsblur.service.NBSyncService$1.run(NBSyncService.java:188)
08-06 03:17:25.328 14491 23398 E baseline.com.newsblur.network.APIResponse: 	at java.util.concurrent.ThreadPoolExecutor.runWorker(ThreadPoolExecutor.java:1113)
08-06 03:17:25.328 14491 23398 E baseline.com.newsblur.network.APIResponse: 	at java.util.concurrent.ThreadPoolExecutor$Worker.run(ThreadPoolExecutor.java:588)
08-06 03:17:25.328 14491 23398 E baseline.com.newsblur.network.APIResponse: 	at java.lang.Thread.run(Thread.java:818)
08-06 03:17:25.328 14491 23398 E baseline.com.newsblur.network.APIResponse: Caused by: java.io.EOFException: \n not found: limit=0 content=
08-06 03:17:25.328 14491 23398 E baseline.com.newsblur.network.APIResponse: 	at okio.RealBufferedSource.readUtf8LineStrict(RealBufferedSource.java:240)
08-06 03:17:25.328 14491 23398 E baseline.com.newsblur.network.APIResponse: 	at okhttp3.internal.http1.Http1ExchangeCodec.readHeaderLine(Http1ExchangeCodec.java:242)
08-06 03:17:25.328 14491 23398 E baseline.com.newsblur.network.APIResponse: 	at okhttp3.internal.http1.Http1ExchangeCodec.readResponseHeaders(Http1ExchangeCodec.java:213)
08-06 03:17:25.328 14491 23398 E baseline.com.newsblur.network.APIResponse: 	... 30 more
08-06 03:17:25.329 14491 23398 I baseline.com.newsblur.network.APIManager: API call failed, pausing before retry number 2
08-06 03:17:25.361 14491 14503 I art     : Explicit concurrent mark sweep GC freed 1653(228KB) AllocSpace objects, 2(40KB) LOS objects, 27% free, 42MB/58MB, paused 1.619ms total 60.205ms
08-06 03:17:25.376 14491 14503 I art     : Starting a blocking GC Explicit
08-06 03:17:25.445 14491 14503 I art     : Explicit concurrent mark sweep GC freed 119(16KB) AllocSpace objects, 0(0B) LOS objects, 27% free, 42MB/58MB, paused 1.680ms total 68.695ms
08-06 03:17:25.465 14491 14503 I art     : Starting a blocking GC Explicit
08-06 03:17:25.530 14491 14503 I art     : Explicit concurrent mark sweep GC freed 25(832B) AllocSpace objects, 0(0B) LOS objects, 27% free, 42MB/58MB, paused 1.642ms total 65.407ms
08-06 03:17:25.939 14491 22486 I art     : Starting a blocking GC Explicit
08-06 03:17:26.011 14491 22486 I art     : Explicit concurrent mark sweep GC freed 1972(109KB) AllocSpace objects, 1(20KB) LOS objects, 27% free, 42MB/58MB, paused 1.677ms total 72.139ms
08-06 03:17:26.027 14491 22486 I art     : Starting a blocking GC Explicit
08-06 03:17:26.086 14491 22486 I art     : Explicit concurrent mark sweep GC freed 4939(374KB) AllocSpace objects, 1(20KB) LOS objects, 27% free, 42MB/58MB, paused 1.471ms total 58.941ms
08-06 03:17:26.101 14491 22486 I art     : Starting a blocking GC Explicit
08-06 03:17:26.169 14491 22486 I art     : Explicit concurrent mark sweep GC freed 18(768B) AllocSpace objects, 0(0B) LOS objects, 27% free, 42MB/58MB, paused 1.786ms total 68.230ms
08-06 03:17:26.189 14491 22486 I art     : Starting a blocking GC Explicit
08-06 03:17:26.253 14491 22486 I art     : Explicit concurrent mark sweep GC freed 3(96B) AllocSpace objects, 0(0B) LOS objects, 27% free, 42MB/58MB, paused 1.427ms total 64.028ms
08-06 03:17:26.268 14491 22486 I art     : Starting a blocking GC Explicit
08-06 03:17:26.335 14491 22486 I art     : Explicit concurrent mark sweep GC freed 3(96B) AllocSpace objects, 0(0B) LOS objects, 27% free, 42MB/58MB, paused 1.502ms total 66.353ms
08-06 03:17:26.727 14491 14502 I art     : Starting a blocking GC Explicit
08-06 03:17:26.797 14491 14502 I art     : Explicit concurrent mark sweep GC freed 2275(125KB) AllocSpace objects, 1(20KB) LOS objects, 27% free, 42MB/58MB, paused 1.636ms total 70.067ms
08-06 03:17:26.815 14491 14502 I art     : Starting a blocking GC Explicit
08-06 03:17:26.879 14491 14502 I art     : Explicit concurrent mark sweep GC freed 2188(112KB) AllocSpace objects, 0(0B) LOS objects, 27% free, 42MB/58MB, paused 1.554ms total 64.132ms
08-06 03:17:26.894 14491 14502 I art     : Starting a blocking GC Explicit
08-06 03:17:26.960 14491 14502 I art     : Explicit concurrent mark sweep GC freed 550(38KB) AllocSpace objects, 0(0B) LOS objects, 27% free, 42MB/58MB, paused 1.562ms total 65.725ms
08-06 03:17:26.975 14491 14502 I art     : Starting a blocking GC Explicit
08-06 03:17:27.043 14491 14502 I art     : Explicit concurrent mark sweep GC freed 69(3KB) AllocSpace objects, 0(0B) LOS objects, 27% free, 42MB/58MB, paused 1.639ms total 67.770ms
08-06 03:17:27.059 14491 14502 I art     : Starting a blocking GC Explicit
08-06 03:17:27.123 14491 14502 I art     : Explicit concurrent mark sweep GC freed 3(96B) AllocSpace objects, 0(0B) LOS objects, 27% free, 42MB/58MB, paused 1.647ms total 64.469ms
08-06 03:17:27.522 14491 21624 I art     : Starting a blocking GC Explicit
08-06 03:17:27.591 14491 21624 I art     : Explicit concurrent mark sweep GC freed 1446(83KB) AllocSpace objects, 1(20KB) LOS objects, 27% free, 42MB/58MB, paused 1.660ms total 68.087ms
08-06 03:17:27.606 14491 21624 I art     : Starting a blocking GC Explicit
08-06 03:17:27.671 14491 21624 I art     : Explicit concurrent mark sweep GC freed 22(784B) AllocSpace objects, 0(0B) LOS objects, 27% free, 42MB/58MB, paused 1.644ms total 64.705ms
08-06 03:17:27.687 14491 21624 I art     : Starting a blocking GC Explicit
08-06 03:17:27.744 14491 21624 I art     : Explicit concurrent mark sweep GC freed 3(96B) AllocSpace objects, 0(0B) LOS objects, 27% free, 42MB/58MB, paused 1.525ms total 57.669ms
08-06 03:17:27.759 14491 21624 I art     : Starting a blocking GC Explicit
08-06 03:17:27.817 14491 21624 I art     : Explicit concurrent mark sweep GC freed 3(96B) AllocSpace objects, 0(0B) LOS objects, 27% free, 42MB/58MB, paused 1.499ms total 57.975ms
08-06 03:17:27.831 14491 21624 I art     : Starting a blocking GC Explicit
08-06 03:17:27.889 14491 21624 I art     : Explicit concurrent mark sweep GC freed 3(96B) AllocSpace objects, 0(0B) LOS objects, 27% free, 42MB/58MB, paused 1.561ms total 57.916ms
08-06 03:17:28.193 23655 23655 D AndroidRuntime: >>>>>> START com.android.internal.os.RuntimeInit uid 2000 <<<<<<
08-06 03:17:28.199 23655 23655 D AndroidRuntime: CheckJNI is OFF
08-06 03:17:28.244 23655 23655 D ICU     : No timezone override file found: /data/misc/zoneinfo/current/icu/icu_tzdata.dat
08-06 03:17:28.291 23655 23655 I Radio-JNI: register_android_hardware_Radio DONE
08-06 03:17:28.297 14491 14503 I art     : Starting a blocking GC Explicit
08-06 03:17:28.321 23655 23655 D AndroidRuntime: Calling main entry com.android.commands.input.Input
08-06 03:17:28.323 23655 23655 I Input   : injectKeyEvent: KeyEvent { action=ACTION_DOWN, keyCode=KEYCODE_BACK, scanCode=0, metaState=0, flags=0x0, repeatCount=0, eventTime=847064736, downTime=847064736, deviceId=-1, source=0x101 }
08-06 03:17:28.330 23655 23655 I Input   : injectKeyEvent: KeyEvent { action=ACTION_UP, keyCode=KEYCODE_BACK, scanCode=0, metaState=0, flags=0x0, repeatCount=0, eventTime=847064736, downTime=847064736, deviceId=-1, source=0x101 }
08-06 03:17:28.336 23655 23655 D AndroidRuntime: Shutting down VM
08-06 03:17:28.344 14491 14491 D baseline.com.newsblur.service.NBSyncService: rejecting request for feedset that is exhaused
08-06 03:17:28.361 14491 14503 I art     : Explicit concurrent mark sweep GC freed 1762(126KB) AllocSpace objects, 3(60KB) LOS objects, 27% free, 42MB/58MB, paused 1.558ms total 63.752ms
08-06 03:17:28.375 14491 14503 I art     : Starting a blocking GC Explicit
08-06 03:17:28.435 14491 14503 I art     : Explicit concurrent mark sweep GC freed 136(6KB) AllocSpace objects, 0(0B) LOS objects, 27% free, 42MB/58MB, paused 1.749ms total 59.943ms
08-06 03:17:28.450 14491 14503 I art     : Starting a blocking GC Explicit
08-06 03:17:28.513 14491 14503 I art     : Explicit concurrent mark sweep GC freed 585(44KB) AllocSpace objects, 1(20KB) LOS objects, 27% free, 42MB/58MB, paused 1.721ms total 62.337ms
08-06 03:17:28.527 14491 14491 D baseline.com.newsblur.service.NBSyncService: rejecting request for feedset that is exhaused
08-06 03:17:28.528 14491 14503 I art     : Starting a blocking GC Explicit
08-06 03:17:28.529 13866 13866 I GoogleInputMethodServic: GoogleInputMethodService.onFinishInput():3138 
08-06 03:17:28.529 13866 13866 I GoogleInputMethodServic: GoogleInputMethodService.onStartInput():1808 
08-06 03:17:28.585 14491 14503 I art     : Explicit concurrent mark sweep GC freed 524(50KB) AllocSpace objects, 1(20KB) LOS objects, 27% free, 42MB/58MB, paused 1.781ms total 57.010ms
08-06 03:17:28.601 14491 14503 I art     : Starting a blocking GC Explicit
08-06 03:17:28.655 14491 14503 I art     : Explicit concurrent mark sweep GC freed 494(40KB) AllocSpace objects, 0(0B) LOS objects, 27% free, 42MB/58MB, paused 1.457ms total 53.720ms
08-06 03:17:28.816 14491 23398 E baseline.com.newsblur.network.APIResponse: Error (unexpected end of stream on https://www.newsblur.com/...) calling https://www.newsblur.com/reader/mark_story_hashes_as_read/
08-06 03:17:28.816 14491 23398 E baseline.com.newsblur.network.APIResponse: java.io.IOException: unexpected end of stream on https://www.newsblur.com/...
08-06 03:17:28.816 14491 23398 E baseline.com.newsblur.network.APIResponse: 	at okhttp3.internal.http1.Http1ExchangeCodec.readResponseHeaders(Http1ExchangeCodec.java:236)
08-06 03:17:28.816 14491 23398 E baseline.com.newsblur.network.APIResponse: 	at okhttp3.internal.connection.Exchange.readResponseHeaders(Exchange.java:115)
08-06 03:17:28.816 14491 23398 E baseline.com.newsblur.network.APIResponse: 	at okhttp3.internal.http.CallServerInterceptor.intercept(CallServerInterceptor.java:94)
08-06 03:17:28.816 14491 23398 E baseline.com.newsblur.network.APIResponse: 	at okhttp3.internal.http.RealInterceptorChain.proceed(RealInterceptorChain.java:142)
08-06 03:17:28.816 14491 23398 E baseline.com.newsblur.network.APIResponse: 	at okhttp3.internal.connection.ConnectInterceptor.intercept(ConnectInterceptor.java:43)
08-06 03:17:28.816 14491 23398 E baseline.com.newsblur.network.APIResponse: 	at okhttp3.internal.http.RealInterceptorChain.proceed(RealInterceptorChain.java:142)
08-06 03:17:28.816 14491 23398 E baseline.com.newsblur.network.APIResponse: 	at okhttp3.internal.http.RealInterceptorChain.proceed(RealInterceptorChain.java:117)
08-06 03:17:28.816 14491 23398 E baseline.com.newsblur.network.APIResponse: 	at okhttp3.internal.cache.CacheInterceptor.intercept(CacheInterceptor.java:94)
08-06 03:17:28.816 14491 23398 E baseline.com.newsblur.network.APIResponse: 	at okhttp3.internal.http.RealInterceptorChain.proceed(RealInterceptorChain.java:142)
08-06 03:17:28.816 14491 23398 E baseline.com.newsblur.network.APIResponse: 	at okhttp3.internal.http.RealInterceptorChain.proceed(RealInterceptorChain.java:117)
08-06 03:17:28.816 14491 23398 E baseline.com.newsblur.network.APIResponse: 	at okhttp3.internal.http.BridgeInterceptor.intercept(BridgeInterceptor.java:93)
08-06 03:17:28.816 14491 23398 E baseline.com.newsblur.network.APIResponse: 	at okhttp3.internal.http.RealInterceptorChain.proceed(RealInterceptorChain.java:142)
08-06 03:17:28.816 14491 23398 E baseline.com.newsblur.network.APIResponse: 	at okhttp3.internal.http.RetryAndFollowUpInterceptor.intercept(RetryAndFollowUpInterceptor.java:88)
08-06 03:17:28.816 14491 23398 E baseline.com.newsblur.network.APIResponse: 	at okhttp3.internal.http.RealInterceptorChain.proceed(RealInterceptorChain.java:142)
08-06 03:17:28.816 14491 23398 E baseline.com.newsblur.network.APIResponse: 	at okhttp3.internal.http.RealInterceptorChain.proceed(RealInterceptorChain.java:117)
08-06 03:17:28.816 14491 23398 E baseline.com.newsblur.network.APIResponse: 	at okhttp3.RealCall.getResponseWithInterceptorChain(RealCall.java:229)
08-06 03:17:28.816 14491 23398 E baseline.com.newsblur.network.APIResponse: 	at okhttp3.RealCall.execute(RealCall.java:81)
08-06 03:17:28.816 14491 23398 E baseline.com.newsblur.network.APIResponse: 	at baseline.com.newsblur.network.APIResponse.<init>(APIResponse.java:57)
08-06 03:17:28.816 14491 23398 E baseline.com.newsblur.network.APIResponse: 	at baseline.com.newsblur.network.APIResponse.<init>(APIResponse.java:43)
08-06 03:17:28.816 14491 23398 E baseline.com.newsblur.network.APIResponse: 	at baseline.com.newsblur.network.APIManager.post_single(APIManager.java:702)
08-06 03:17:28.816 14491 23398 E baseline.com.newsblur.network.APIResponse: 	at baseline.com.newsblur.network.APIManager.post(APIManager.java:675)
08-06 03:17:28.816 14491 23398 E baseline.com.newsblur.network.APIResponse: 	at baseline.com.newsblur.network.APIManager.post(APIManager.java:714)
08-06 03:17:28.816 14491 23398 E baseline.com.newsblur.network.APIResponse: 	at baseline.com.newsblur.network.APIManager.markStoryAsRead(APIManager.java:205)
08-06 03:17:28.816 14491 23398 E baseline.com.newsblur.network.APIResponse: 	at baseline.com.newsblur.util.ReadingAction.doRemote(ReadingAction.java:281)
08-06 03:17:28.816 14491 23398 E baseline.com.newsblur.network.APIResponse: 	at baseline.com.newsblur.service.NBSyncService.syncActions(NBSyncService.java:400)
08-06 03:17:28.816 14491 23398 E baseline.com.newsblur.network.APIResponse: 	at baseline.com.newsblur.service.NBSyncService.doSync(NBSyncService.java:298)
08-06 03:17:28.816 14491 23398 E baseline.com.newsblur.network.APIResponse: 	at baseline.com.newsblur.service.NBSyncService.access$100(NBSyncService.java:67)
08-06 03:17:28.816 14491 23398 E baseline.com.newsblur.network.APIResponse: 	at baseline.com.newsblur.service.NBSyncService$1.run(NBSyncService.java:188)
08-06 03:17:28.816 14491 23398 E baseline.com.newsblur.network.APIResponse: 	at java.util.concurrent.ThreadPoolExecutor.runWorker(ThreadPoolExecutor.java:1113)
08-06 03:17:28.816 14491 23398 E baseline.com.newsblur.network.APIResponse: 	at java.util.concurrent.ThreadPoolExecutor$Worker.run(ThreadPoolExecutor.java:588)
08-06 03:17:28.816 14491 23398 E baseline.com.newsblur.network.APIResponse: 	at java.lang.Thread.run(Thread.java:818)
08-06 03:17:28.816 14491 23398 E baseline.com.newsblur.network.APIResponse: Caused by: java.io.EOFException: \n not found: limit=0 content=
08-06 03:17:28.816 14491 23398 E baseline.com.newsblur.network.APIResponse: 	at okio.RealBufferedSource.readUtf8LineStrict(RealBufferedSource.java:240)
08-06 03:17:28.816 14491 23398 E baseline.com.newsblur.network.APIResponse: 	at okhttp3.internal.http1.Http1ExchangeCodec.readHeaderLine(Http1ExchangeCodec.java:242)
08-06 03:17:28.816 14491 23398 E baseline.com.newsblur.network.APIResponse: 	at okhttp3.internal.http1.Http1ExchangeCodec.readResponseHeaders(Http1ExchangeCodec.java:213)
08-06 03:17:28.816 14491 23398 E baseline.com.newsblur.network.APIResponse: 	... 30 more
08-06 03:17:28.818 14491 23398 I baseline.com.newsblur.service.NBSyncService: Holding reading action with server-side or network error.
08-06 03:17:28.832 14491 23398 W baseline.com.newsblur.service.NBSyncService: hard API failure
08-06 03:17:28.840 14491 23398 I baseline.com.newsblur.service.NBSyncService: recounting dirty feed sets: 1
08-06 03:17:29.037 14491 22486 I art     : Starting a blocking GC Explicit
08-06 03:17:29.095 14491 22486 I art     : Explicit concurrent mark sweep GC freed 6050(496KB) AllocSpace objects, 7(148KB) LOS objects, 27% free, 42MB/58MB, paused 1.529ms total 57.355ms
08-06 03:17:29.110 14491 22486 I art     : Starting a blocking GC Explicit
08-06 03:17:29.165 14491 22486 I art     : Explicit concurrent mark sweep GC freed 407(16KB) AllocSpace objects, 0(0B) LOS objects, 27% free, 42MB/58MB, paused 1.467ms total 55.571ms
08-06 03:17:29.180 14491 22486 I art     : Starting a blocking GC Explicit
08-06 03:17:29.218 14491 23398 E baseline.com.newsblur.network.APIResponse: Error (unexpected end of stream on https://www.newsblur.com/...) calling https://www.newsblur.com/reader/feed_unread_count?feed_id=0
08-06 03:17:29.218 14491 23398 E baseline.com.newsblur.network.APIResponse: java.io.IOException: unexpected end of stream on https://www.newsblur.com/...
08-06 03:17:29.218 14491 23398 E baseline.com.newsblur.network.APIResponse: 	at okhttp3.internal.http1.Http1ExchangeCodec.readResponseHeaders(Http1ExchangeCodec.java:236)
08-06 03:17:29.218 14491 23398 E baseline.com.newsblur.network.APIResponse: 	at okhttp3.internal.connection.Exchange.readResponseHeaders(Exchange.java:115)
08-06 03:17:29.218 14491 23398 E baseline.com.newsblur.network.APIResponse: 	at okhttp3.internal.http.CallServerInterceptor.intercept(CallServerInterceptor.java:94)
08-06 03:17:29.218 14491 23398 E baseline.com.newsblur.network.APIResponse: 	at okhttp3.internal.http.RealInterceptorChain.proceed(RealInterceptorChain.java:142)
08-06 03:17:29.218 14491 23398 E baseline.com.newsblur.network.APIResponse: 	at okhttp3.internal.connection.ConnectInterceptor.intercept(ConnectInterceptor.java:43)
08-06 03:17:29.218 14491 23398 E baseline.com.newsblur.network.APIResponse: 	at okhttp3.internal.http.RealInterceptorChain.proceed(RealInterceptorChain.java:142)
08-06 03:17:29.218 14491 23398 E baseline.com.newsblur.network.APIResponse: 	at okhttp3.internal.http.RealInterceptorChain.proceed(RealInterceptorChain.java:117)
08-06 03:17:29.218 14491 23398 E baseline.com.newsblur.network.APIResponse: 	at okhttp3.internal.cache.CacheInterceptor.intercept(CacheInterceptor.java:94)
08-06 03:17:29.218 14491 23398 E baseline.com.newsblur.network.APIResponse: 	at okhttp3.internal.http.RealInterceptorChain.proceed(RealInterceptorChain.java:142)
08-06 03:17:29.218 14491 23398 E baseline.com.newsblur.network.APIResponse: 	at okhttp3.internal.http.RealInterceptorChain.proceed(RealInterceptorChain.java:117)
08-06 03:17:29.218 14491 23398 E baseline.com.newsblur.network.APIResponse: 	at okhttp3.internal.http.BridgeInterceptor.intercept(BridgeInterceptor.java:93)
08-06 03:17:29.218 14491 23398 E baseline.com.newsblur.network.APIResponse: 	at okhttp3.internal.http.RealInterceptorChain.proceed(RealInterceptorChain.java:142)
08-06 03:17:29.218 14491 23398 E baseline.com.newsblur.network.APIResponse: 	at okhttp3.internal.http.RetryAndFollowUpInterceptor.intercept(RetryAndFollowUpInterceptor.java:88)
08-06 03:17:29.218 14491 23398 E baseline.com.newsblur.network.APIResponse: 	at okhttp3.internal.http.RealInterceptorChain.proceed(RealInterceptorChain.java:142)
08-06 03:17:29.218 14491 23398 E baseline.com.newsblur.network.APIResponse: 	at okhttp3.internal.http.RealInterceptorChain.proceed(RealInterceptorChain.java:117)
08-06 03:17:29.218 14491 23398 E baseline.com.newsblur.network.APIResponse: 	at okhttp3.RealCall.getResponseWithInterceptorChain(RealCall.java:229)
08-06 03:17:29.218 14491 23398 E baseline.com.newsblur.network.APIResponse: 	at okhttp3.RealCall.execute(RealCall.java:81)
08-06 03:17:29.218 14491 23398 E baseline.com.newsblur.network.APIResponse: 	at baseline.com.newsblur.network.APIResponse.<init>(APIResponse.java:57)
08-06 03:17:29.218 14491 23398 E baseline.com.newsblur.network.APIResponse: 	at baseline.com.newsblur.network.APIManager.get_single(APIManager.java:639)
08-06 03:17:29.218 14491 23398 E baseline.com.newsblur.network.APIResponse: 	at baseline.com.newsblur.network.APIManager.get(APIManager.java:625)
08-06 03:17:29.218 14491 23398 E baseline.com.newsblur.network.APIResponse: 	at baseline.com.newsblur.network.APIManager.get(APIManager.java:667)
08-06 03:17:29.218 14491 23398 E baseline.com.newsblur.network.APIResponse: 	at baseline.com.newsblur.network.APIManager.getFeedUnreadCounts(APIManager.java:274)
08-06 03:17:29.218 14491 23398 E baseline.com.newsblur.network.APIResponse: 	at baseline.com.newsblur.service.NBSyncService.checkRecounts(NBSyncService.java:660)
08-06 03:17:29.218 14491 23398 E baseline.com.newsblur.network.APIResponse: 	at baseline.com.newsblur.service.NBSyncService.doSync(NBSyncService.java:310)
08-06 03:17:29.218 14491 23398 E baseline.com.newsblur.network.APIResponse: 	at baseline.com.newsblur.service.NBSyncService.access$100(NBSyncService.java:67)
08-06 03:17:29.218 14491 23398 E baseline.com.newsblur.network.APIResponse: 	at baseline.com.newsblur.service.NBSyncService$1.run(NBSyncService.java:188)
08-06 03:17:29.218 14491 23398 E baseline.com.newsblur.network.APIResponse: 	at java.util.concurrent.ThreadPoolExecutor.runWorker(ThreadPoolExecutor.java:1113)
08-06 03:17:29.218 14491 23398 E baseline.com.newsblur.network.APIResponse: 	at java.util.concurrent.ThreadPoolExecutor$Worker.run(ThreadPoolExecutor.java:588)
08-06 03:17:29.218 14491 23398 E baseline.com.newsblur.network.APIResponse: 	at java.lang.Thread.run(Thread.java:818)
08-06 03:17:29.218 14491 23398 E baseline.com.newsblur.network.APIResponse: Caused by: java.io.EOFException: \n not found: limit=0 content=
08-06 03:17:29.218 14491 23398 E baseline.com.newsblur.network.APIResponse: 	at okio.RealBufferedSource.readUtf8LineStrict(RealBufferedSource.java:240)
08-06 03:17:29.218 14491 23398 E baseline.com.newsblur.network.APIResponse: 	at okhttp3.internal.http1.Http1ExchangeCodec.readHeaderLine(Http1ExchangeCodec.java:242)
08-06 03:17:29.218 14491 23398 E baseline.com.newsblur.network.APIResponse: 	at okhttp3.internal.http1.Http1ExchangeCodec.readResponseHeaders(Http1ExchangeCodec.java:213)
08-06 03:17:29.218 14491 23398 E baseline.com.newsblur.network.APIResponse: 	... 28 more
08-06 03:17:29.219 14491 23398 I baseline.com.newsblur.network.APIManager: API call failed, pausing before retry number 1
08-06 03:17:29.238 14491 22486 I art     : Explicit concurrent mark sweep GC freed 2411(258KB) AllocSpace objects, 2(40KB) LOS objects, 27% free, 42MB/58MB, paused 1.544ms total 57.599ms
08-06 03:17:29.253 14491 22486 I art     : Starting a blocking GC Explicit
08-06 03:17:29.310 14491 22486 I art     : Explicit concurrent mark sweep GC freed 164(17KB) AllocSpace objects, 0(0B) LOS objects, 27% free, 41MB/57MB, paused 1.433ms total 57.088ms
08-06 03:17:29.325 14491 22486 I art     : Starting a blocking GC Explicit
08-06 03:17:29.383 14491 22486 I art     : Explicit concurrent mark sweep GC freed 35(1152B) AllocSpace objects, 0(0B) LOS objects, 27% free, 41MB/57MB, paused 1.539ms total 58.382ms
08-06 03:17:29.770 14491 21624 I art     : Starting a blocking GC Explicit
08-06 03:17:29.838 14491 21624 I art     : Explicit concurrent mark sweep GC freed 1498(84KB) AllocSpace objects, 1(20KB) LOS objects, 27% free, 41MB/57MB, paused 1.903ms total 67.701ms
08-06 03:17:29.854 14491 21624 I art     : Starting a blocking GC Explicit
08-06 03:17:29.918 14491 21624 I art     : Explicit concurrent mark sweep GC freed 32(1120B) AllocSpace objects, 0(0B) LOS objects, 27% free, 41MB/57MB, paused 1.623ms total 63.070ms
08-06 03:17:29.933 14491 21624 I art     : Starting a blocking GC Explicit
08-06 03:17:30.000 14491 21624 I art     : Explicit concurrent mark sweep GC freed 9(288B) AllocSpace objects, 0(0B) LOS objects, 27% free, 41MB/57MB, paused 1.534ms total 65.841ms
08-06 03:17:30.016 14491 21624 I art     : Starting a blocking GC Explicit
08-06 03:17:30.078 14491 21624 I art     : Explicit concurrent mark sweep GC freed 4(128B) AllocSpace objects, 0(0B) LOS objects, 27% free, 41MB/57MB, paused 1.661ms total 61.432ms
08-06 03:17:30.093 14491 21624 I art     : Starting a blocking GC Explicit
08-06 03:17:30.139 23695 23695 D AndroidRuntime: >>>>>> START com.android.internal.os.RuntimeInit uid 2000 <<<<<<
08-06 03:17:30.145 23695 23695 D AndroidRuntime: CheckJNI is OFF
08-06 03:17:30.158 14491 21624 I art     : Explicit concurrent mark sweep GC freed 3(96B) AllocSpace objects, 0(0B) LOS objects, 27% free, 41MB/57MB, paused 1.726ms total 64.110ms
08-06 03:17:30.193 23695 23695 D ICU     : No timezone override file found: /data/misc/zoneinfo/current/icu/icu_tzdata.dat
08-06 03:17:30.239 23695 23695 I Radio-JNI: register_android_hardware_Radio DONE
08-06 03:17:30.269 23695 23695 D AndroidRuntime: Calling main entry com.android.commands.input.Input
08-06 03:17:30.271 23695 23695 I Input   : injectKeyEvent: KeyEvent { action=ACTION_DOWN, keyCode=KEYCODE_BACK, scanCode=0, metaState=0, flags=0x0, repeatCount=0, eventTime=847066684, downTime=847066684, deviceId=-1, source=0x101 }
08-06 03:17:30.280 23695 23695 I Input   : injectKeyEvent: KeyEvent { action=ACTION_UP, keyCode=KEYCODE_BACK, scanCode=0, metaState=0, flags=0x0, repeatCount=0, eventTime=847066684, downTime=847066684, deviceId=-1, source=0x101 }
08-06 03:17:30.287 23695 23695 D AndroidRuntime: Shutting down VM
08-06 03:17:30.338   918  3188 I hubconnection: sensorhub said: 'set_bias 3: -5.1168, 0.0000, 0.0000'
08-06 03:17:30.507 13866 13866 I GoogleInputMethodServic: GoogleInputMethodService.onFinishInput():3138 
08-06 03:17:30.508 13866 13866 I GoogleInputMethodServic: GoogleInputMethodService.onStartInput():1808 
08-06 03:17:30.520 14491 14502 I art     : Starting a blocking GC Explicit
08-06 03:17:30.587 14491 14502 I art     : Explicit concurrent mark sweep GC freed 9773(666KB) AllocSpace objects, 13(260KB) LOS objects, 27% free, 42MB/58MB, paused 1.952ms total 66.185ms
08-06 03:17:30.601 14491 14502 I art     : Starting a blocking GC Explicit
08-06 03:17:30.657 14491 14502 I art     : Explicit concurrent mark sweep GC freed 240(9KB) AllocSpace objects, 0(0B) LOS objects, 27% free, 41MB/57MB, paused 1.528ms total 56.097ms
08-06 03:17:30.672 14491 14502 I art     : Starting a blocking GC Explicit
08-06 03:17:30.729 14491 14502 I art     : Explicit concurrent mark sweep GC freed 90(3KB) AllocSpace objects, 0(0B) LOS objects, 27% free, 42MB/58MB, paused 1.640ms total 56.943ms
08-06 03:17:30.747 14491 14502 I art     : Starting a blocking GC Explicit
08-06 03:17:30.805 14548 14550 E QC-QMI  : qmi_client [14548] 5db: failed to locate client data
08-06 03:17:30.806 14491 14502 I art     : Explicit concurrent mark sweep GC freed 15(512B) AllocSpace objects, 0(0B) LOS objects, 27% free, 41MB/57MB, paused 1.409ms total 58.363ms
08-06 03:17:30.806   519   519 E QC-QMI  : qmuxd: RX on fd=18 returned error=0 errno[2:No such file or directory]
08-06 03:17:30.806   519   519 E QC-QMI  : QMUX qmux_client_id=5db not found in qmux client list, unable to remove
08-06 03:17:30.808 14548 14548 I Atfwd_Daemon: Stop the daemon....
08-06 03:17:30.822 14491 14502 I art     : Starting a blocking GC Explicit
08-06 03:17:30.829 23725 23725 W ATFWD-daemon: type=1400 audit(0.0:739946): avc: denied { read write } for name="diag" dev="tmpfs" ino=1296 scontext=u:r:atfwd:s0 tcontext=u:object_r:diag_device:s0 tclass=chr_file permissive=0
08-06 03:17:30.836 23725 23725 I libmdmdetect: ESOC framework not supported
08-06 03:17:30.836 23725 23725 I libmdmdetect: Found internal modem: modem
08-06 03:17:30.837 23725 23725 E Diag_Lib:  Diag_LSM_Init: Failed to open handle to diag driver, error = 13
08-06 03:17:30.840 23725 23725 I Atfwd_Daemon: result : 255 	 ,Init step :0 	 ,qmiErrorCode: 0
08-06 03:17:30.841 23725 23725 I Atfwd_Daemon: result : 0 	 ,Init step :1 	 ,qmiErrorCode: 0
08-06 03:17:30.841 23725 23725 I ServiceManager: Waiting for service AtCmdFwd...
08-06 03:17:30.878 14491 14502 I art     : Explicit concurrent mark sweep GC freed 466(22KB) AllocSpace objects, 0(0B) LOS objects, 27% free, 42MB/58MB, paused 1.650ms total 55.370ms
08-06 03:17:31.271 14491 21624 I art     : Starting a blocking GC Explicit
08-06 03:17:31.271 14491 23398 E baseline.com.newsblur.network.APIResponse: Error (unexpected end of stream on https://www.newsblur.com/...) calling https://www.newsblur.com/reader/feed_unread_count?feed_id=0
08-06 03:17:31.271 14491 23398 E baseline.com.newsblur.network.APIResponse: java.io.IOException: unexpected end of stream on https://www.newsblur.com/...
08-06 03:17:31.271 14491 23398 E baseline.com.newsblur.network.APIResponse: 	at okhttp3.internal.http1.Http1ExchangeCodec.readResponseHeaders(Http1ExchangeCodec.java:236)
08-06 03:17:31.271 14491 23398 E baseline.com.newsblur.network.APIResponse: 	at okhttp3.internal.connection.Exchange.readResponseHeaders(Exchange.java:115)
08-06 03:17:31.271 14491 23398 E baseline.com.newsblur.network.APIResponse: 	at okhttp3.internal.http.CallServerInterceptor.intercept(CallServerInterceptor.java:94)
08-06 03:17:31.271 14491 23398 E baseline.com.newsblur.network.APIResponse: 	at okhttp3.internal.http.RealInterceptorChain.proceed(RealInterceptorChain.java:142)
08-06 03:17:31.271 14491 23398 E baseline.com.newsblur.network.APIResponse: 	at okhttp3.internal.connection.ConnectInterceptor.intercept(ConnectInterceptor.java:43)
08-06 03:17:31.271 14491 23398 E baseline.com.newsblur.network.APIResponse: 	at okhttp3.internal.http.RealInterceptorChain.proceed(RealInterceptorChain.java:142)
08-06 03:17:31.271 14491 23398 E baseline.com.newsblur.network.APIResponse: 	at okhttp3.internal.http.RealInterceptorChain.proceed(RealInterceptorChain.java:117)
08-06 03:17:31.271 14491 23398 E baseline.com.newsblur.network.APIResponse: 	at okhttp3.internal.cache.CacheInterceptor.intercept(CacheInterceptor.java:94)
08-06 03:17:31.271 14491 23398 E baseline.com.newsblur.network.APIResponse: 	at okhttp3.internal.http.RealInterceptorChain.proceed(RealInterceptorChain.java:142)
08-06 03:17:31.271 14491 23398 E baseline.com.newsblur.network.APIResponse: 	at okhttp3.internal.http.RealInterceptorChain.proceed(RealInterceptorChain.java:117)
08-06 03:17:31.271 14491 23398 E baseline.com.newsblur.network.APIResponse: 	at okhttp3.internal.http.BridgeInterceptor.intercept(BridgeInterceptor.java:93)
08-06 03:17:31.271 14491 23398 E baseline.com.newsblur.network.APIResponse: 	at okhttp3.internal.http.RealInterceptorChain.proceed(RealInterceptorChain.java:142)
08-06 03:17:31.271 14491 23398 E baseline.com.newsblur.network.APIResponse: 	at okhttp3.internal.http.RetryAndFollowUpInterceptor.intercept(RetryAndFollowUpInterceptor.java:88)
08-06 03:17:31.271 14491 23398 E baseline.com.newsblur.network.APIResponse: 	at okhttp3.internal.http.RealInterceptorChain.proceed(RealInterceptorChain.java:142)
08-06 03:17:31.271 14491 23398 E baseline.com.newsblur.network.APIResponse: 	at okhttp3.internal.http.RealInterceptorChain.proceed(RealInterceptorChain.java:117)
08-06 03:17:31.271 14491 23398 E baseline.com.newsblur.network.APIResponse: 	at okhttp3.RealCall.getResponseWithInterceptorChain(RealCall.java:229)
08-06 03:17:31.271 14491 23398 E baseline.com.newsblur.network.APIResponse: 	at okhttp3.RealCall.execute(RealCall.java:81)
08-06 03:17:31.271 14491 23398 E baseline.com.newsblur.network.APIResponse: 	at baseline.com.newsblur.network.APIResponse.<init>(APIResponse.java:57)
08-06 03:17:31.271 14491 23398 E baseline.com.newsblur.network.APIResponse: 	at baseline.com.newsblur.network.APIManager.get_single(APIManager.java:639)
08-06 03:17:31.271 14491 23398 E baseline.com.newsblur.network.APIResponse: 	at baseline.com.newsblur.network.APIManager.get(APIManager.java:625)
08-06 03:17:31.271 14491 23398 E baseline.com.newsblur.network.APIResponse: 	at baseline.com.newsblur.network.APIManager.get(APIManager.java:667)
08-06 03:17:31.271 14491 23398 E baseline.com.newsblur.network.APIResponse: 	at baseline.com.newsblur.network.APIManager.getFeedUnreadCounts(APIManager.java:274)
08-06 03:17:31.271 14491 23398 E baseline.com.newsblur.network.APIResponse: 	at baseline.com.newsblur.service.NBSyncService.checkRecounts(NBSyncService.java:660)
08-06 03:17:31.271 14491 23398 E baseline.com.newsblur.network.APIResponse: 	at baseline.com.newsblur.service.NBSyncService.doSync(NBSyncService.java:310)
08-06 03:17:31.271 14491 23398 E baseline.com.newsblur.network.APIResponse: 	at baseline.com.newsblur.service.NBSyncService.access$100(NBSyncService.java:67)
08-06 03:17:31.271 14491 23398 E baseline.com.newsblur.network.APIResponse: 	at baseline.com.newsblur.service.NBSyncService$1.run(NBSyncService.java:188)
08-06 03:17:31.271 14491 23398 E baseline.com.newsblur.network.APIResponse: 	at java.util.concurrent.ThreadPoolExecutor.runWorker(ThreadPoolExecutor.java:1113)
08-06 03:17:31.271 14491 23398 E baseline.com.newsblur.network.APIResponse: 	at java.util.concurrent.ThreadPoolExecutor$Worker.run(ThreadPoolExecutor.java:588)
08-06 03:17:31.271 14491 23398 E baseline.com.newsblur.network.APIResponse: 	at java.lang.Thread.run(Thread.java:818)
08-06 03:17:31.271 14491 23398 E baseline.com.newsblur.network.APIResponse: Caused by: java.io.EOFException: \n not found: limit=0 content=
08-06 03:17:31.271 14491 23398 E baseline.com.newsblur.network.APIResponse: 	at okio.RealBufferedSource.readUtf8LineStrict(RealBufferedSource.java:240)
08-06 03:17:31.271 14491 23398 E baseline.com.newsblur.network.APIResponse: 	at okhttp3.internal.http1.Http1ExchangeCodec.readHeaderLine(Http1ExchangeCodec.java:242)
08-06 03:17:31.271 14491 23398 E baseline.com.newsblur.network.APIResponse: 	at okhttp3.internal.http1.Http1ExchangeCodec.readResponseHeaders(Http1ExchangeCodec.java:213)
08-06 03:17:31.271 14491 23398 E baseline.com.newsblur.network.APIResponse: 	... 28 more
08-06 03:17:31.275 14491 23398 I baseline.com.newsblur.network.APIManager: API call failed, pausing before retry number 2
08-06 03:17:31.336 14491 21624 I art     : Explicit concurrent mark sweep GC freed 3771(336KB) AllocSpace objects, 3(60KB) LOS objects, 27% free, 42MB/58MB, paused 1.468ms total 63.891ms
08-06 03:17:31.351 14491 21624 I art     : Starting a blocking GC Explicit
08-06 03:17:31.414 14491 21624 I art     : Explicit concurrent mark sweep GC freed 542(35KB) AllocSpace objects, 0(0B) LOS objects, 27% free, 41MB/57MB, paused 1.447ms total 62.461ms
08-06 03:17:31.430 14491 21624 I art     : Starting a blocking GC Explicit
08-06 03:17:31.491 14491 21624 I art     : Explicit concurrent mark sweep GC freed 13(416B) AllocSpace objects, 0(0B) LOS objects, 27% free, 41MB/57MB, paused 1.612ms total 60.213ms
08-06 03:17:31.506 14491 21624 I art     : Starting a blocking GC Explicit
08-06 03:17:31.566 14491 21624 I art     : Explicit concurrent mark sweep GC freed 12(384B) AllocSpace objects, 0(0B) LOS objects, 27% free, 41MB/57MB, paused 1.614ms total 59.754ms
08-06 03:17:31.581 14491 21624 I art     : Starting a blocking GC Explicit
08-06 03:17:31.638 14491 21624 I art     : Explicit concurrent mark sweep GC freed 12(384B) AllocSpace objects, 0(0B) LOS objects, 27% free, 41MB/57MB, paused 1.484ms total 56.945ms
08-06 03:17:31.842 23725 23725 I ServiceManager: Waiting for service AtCmdFwd...
08-06 03:17:32.009 14491 22486 I art     : Starting a blocking GC Explicit
08-06 03:17:32.076 14491 22486 I art     : Explicit concurrent mark sweep GC freed 1479(84KB) AllocSpace objects, 1(20KB) LOS objects, 27% free, 41MB/57MB, paused 1.680ms total 66.496ms
08-06 03:17:32.091 14491 22486 I art     : Starting a blocking GC Explicit
08-06 03:17:32.109 23743 23743 D AndroidRuntime: >>>>>> START com.android.internal.os.RuntimeInit uid 2000 <<<<<<
08-06 03:17:32.114 23743 23743 D AndroidRuntime: CheckJNI is OFF
08-06 03:17:32.154 14491 22486 I art     : Explicit concurrent mark sweep GC freed 22(784B) AllocSpace objects, 0(0B) LOS objects, 27% free, 41MB/57MB, paused 1.649ms total 62.615ms
08-06 03:17:32.159 23743 23743 D ICU     : No timezone override file found: /data/misc/zoneinfo/current/icu/icu_tzdata.dat
08-06 03:17:32.169 14491 22486 I art     : Starting a blocking GC Explicit
08-06 03:17:32.208 23743 23743 I Radio-JNI: register_android_hardware_Radio DONE
08-06 03:17:32.234 14491 22486 I art     : Explicit concurrent mark sweep GC freed 3(96B) AllocSpace objects, 0(0B) LOS objects, 27% free, 41MB/57MB, paused 1.583ms total 64.495ms
08-06 03:17:32.237 23743 23743 D AndroidRuntime: Calling main entry com.android.commands.am.Am
08-06 03:17:32.249  3167  3167 I Trepn   : Trepn 6.2s: Received intent: com.quicinc.trepn.stop_profiling
08-06 03:17:32.249 14491 22486 I art     : Starting a blocking GC Explicit
08-06 03:17:32.305  3167  3167 I Trepn   : Trepn 6.2s: Trepn has Stopped Profiling.
08-06 03:17:32.308 14491 22486 I art     : Explicit concurrent mark sweep GC freed 3(96B) AllocSpace objects, 0(0B) LOS objects, 27% free, 41MB/57MB, paused 1.523ms total 58.328ms
08-06 03:17:32.322 14491 22486 I art     : Starting a blocking GC Explicit
08-06 03:17:32.384 14491 22486 I art     : Explicit concurrent mark sweep GC freed 3(96B) AllocSpace objects, 0(0B) LOS objects, 27% free, 41MB/57MB, paused 1.533ms total 61.607ms
08-06 03:17:32.504 23743 23743 D AndroidRuntime: Shutting down VM
08-06 03:17:32.522   918  5132 W AppOps  : Finishing op nesting under-run: uid 10078 pkg com.quicinc.trepn code 24 time=0 duration=0 nesting=0
08-06 03:17:32.757 14491 21624 I art     : Starting a blocking GC Explicit
08-06 03:17:32.815 14491 21624 I art     : Explicit concurrent mark sweep GC freed 1441(82KB) AllocSpace objects, 1(20KB) LOS objects, 27% free, 41MB/57MB, paused 1.538ms total 58.494ms
08-06 03:17:32.830 14491 21624 I art     : Starting a blocking GC Explicit
08-06 03:17:32.842 23725 23725 I ServiceManager: Waiting for service AtCmdFwd...
08-06 03:17:32.885 14491 21624 I art     : Explicit concurrent mark sweep GC freed 22(784B) AllocSpace objects, 0(0B) LOS objects, 27% free, 41MB/57MB, paused 1.558ms total 55.048ms
08-06 03:17:32.899 14491 21624 I art     : Starting a blocking GC Explicit
08-06 03:17:32.957 14491 21624 I art     : Explicit concurrent mark sweep GC freed 3(96B) AllocSpace objects, 0(0B) LOS objects, 27% free, 41MB/57MB, paused 1.532ms total 58.010ms
08-06 03:17:32.972 14491 21624 I art     : Starting a blocking GC Explicit
08-06 03:17:33.030 14491 21624 I art     : Explicit concurrent mark sweep GC freed 3(96B) AllocSpace objects, 0(0B) LOS objects, 27% free, 41MB/57MB, paused 1.628ms total 58.533ms
08-06 03:17:33.046 14491 21624 I art     : Starting a blocking GC Explicit
08-06 03:17:33.105 14491 21624 I art     : Explicit concurrent mark sweep GC freed 3(96B) AllocSpace objects, 0(0B) LOS objects, 27% free, 41MB/57MB, paused 1.434ms total 59.407ms
08-06 03:17:33.843 23725 23725 I ServiceManager: Waiting for service AtCmdFwd...
08-06 03:17:34.747   918  3261 D WifiStateMachine: starting scan for "H369AA63323"WPA_PSK with 2412,5180
08-06 03:17:34.843 23725 23725 I ServiceManager: Waiting for service AtCmdFwd...
08-06 03:17:34.855 14491 23398 E baseline.com.newsblur.network.APIResponse: Error (unexpected end of stream on https://www.newsblur.com/...) calling https://www.newsblur.com/reader/feed_unread_count?feed_id=0
08-06 03:17:34.855 14491 23398 E baseline.com.newsblur.network.APIResponse: java.io.IOException: unexpected end of stream on https://www.newsblur.com/...
08-06 03:17:34.855 14491 23398 E baseline.com.newsblur.network.APIResponse: 	at okhttp3.internal.http1.Http1ExchangeCodec.readResponseHeaders(Http1ExchangeCodec.java:236)
08-06 03:17:34.855 14491 23398 E baseline.com.newsblur.network.APIResponse: 	at okhttp3.internal.connection.Exchange.readResponseHeaders(Exchange.java:115)
08-06 03:17:34.855 14491 23398 E baseline.com.newsblur.network.APIResponse: 	at okhttp3.internal.http.CallServerInterceptor.intercept(CallServerInterceptor.java:94)
08-06 03:17:34.855 14491 23398 E baseline.com.newsblur.network.APIResponse: 	at okhttp3.internal.http.RealInterceptorChain.proceed(RealInterceptorChain.java:142)
08-06 03:17:34.855 14491 23398 E baseline.com.newsblur.network.APIResponse: 	at okhttp3.internal.connection.ConnectInterceptor.intercept(ConnectInterceptor.java:43)
08-06 03:17:34.855 14491 23398 E baseline.com.newsblur.network.APIResponse: 	at okhttp3.internal.http.RealInterceptorChain.proceed(RealInterceptorChain.java:142)
08-06 03:17:34.855 14491 23398 E baseline.com.newsblur.network.APIResponse: 	at okhttp3.internal.http.RealInterceptorChain.proceed(RealInterceptorChain.java:117)
08-06 03:17:34.855 14491 23398 E baseline.com.newsblur.network.APIResponse: 	at okhttp3.internal.cache.CacheInterceptor.intercept(CacheInterceptor.java:94)
08-06 03:17:34.855 14491 23398 E baseline.com.newsblur.network.APIResponse: 	at okhttp3.internal.http.RealInterceptorChain.proceed(RealInterceptorChain.java:142)
08-06 03:17:34.855 14491 23398 E baseline.com.newsblur.network.APIResponse: 	at okhttp3.internal.http.RealInterceptorChain.proceed(RealInterceptorChain.java:117)
08-06 03:17:34.855 14491 23398 E baseline.com.newsblur.network.APIResponse: 	at okhttp3.internal.http.BridgeInterceptor.intercept(BridgeInterceptor.java:93)
08-06 03:17:34.855 14491 23398 E baseline.com.newsblur.network.APIResponse: 	at okhttp3.internal.http.RealInterceptorChain.proceed(RealInterceptorChain.java:142)
08-06 03:17:34.855 14491 23398 E baseline.com.newsblur.network.APIResponse: 	at okhttp3.internal.http.RetryAndFollowUpInterceptor.intercept(RetryAndFollowUpInterceptor.java:88)
08-06 03:17:34.855 14491 23398 E baseline.com.newsblur.network.APIResponse: 	at okhttp3.internal.http.RealInterceptorChain.proceed(RealInterceptorChain.java:142)
08-06 03:17:34.855 14491 23398 E baseline.com.newsblur.network.APIResponse: 	at okhttp3.internal.http.RealInterceptorChain.proceed(RealInterceptorChain.java:117)
08-06 03:17:34.855 14491 23398 E baseline.com.newsblur.network.APIResponse: 	at okhttp3.RealCall.getResponseWithInterceptorChain(RealCall.java:229)
08-06 03:17:34.855 14491 23398 E baseline.com.newsblur.network.APIResponse: 	at okhttp3.RealCall.execute(RealCall.java:81)
08-06 03:17:34.855 14491 23398 E baseline.com.newsblur.network.APIResponse: 	at baseline.com.newsblur.network.APIResponse.<init>(APIResponse.java:57)
08-06 03:17:34.855 14491 23398 E baseline.com.newsblur.network.APIResponse: 	at baseline.com.newsblur.network.APIManager.get_single(APIManager.java:639)
08-06 03:17:34.855 14491 23398 E baseline.com.newsblur.network.APIResponse: 	at baseline.com.newsblur.network.APIManager.get(APIManager.java:625)
08-06 03:17:34.855 14491 23398 E baseline.com.newsblur.network.APIResponse: 	at baseline.com.newsblur.network.APIManager.get(APIManager.java:667)
08-06 03:17:34.855 14491 23398 E baseline.com.newsblur.network.APIResponse: 	at baseline.com.newsblur.network.APIManager.getFeedUnreadCounts(APIManager.java:274)
08-06 03:17:34.855 14491 23398 E baseline.com.newsblur.network.APIResponse: 	at baseline.com.newsblur.service.NBSyncService.checkRecounts(NBSyncService.java:660)
08-06 03:17:34.855 14491 23398 E baseline.com.newsblur.network.APIResponse: 	at baseline.com.newsblur.service.NBSyncService.doSync(NBSyncService.java:310)
08-06 03:17:34.855 14491 23398 E baseline.com.newsblur.network.APIResponse: 	at baseline.com.newsblur.service.NBSyncService.access$100(NBSyncService.java:67)
08-06 03:17:34.855 14491 23398 E baseline.com.newsblur.network.APIResponse: 	at baseline.com.newsblur.service.NBSyncService$1.run(NBSyncService.java:188)
08-06 03:17:34.855 14491 23398 E baseline.com.newsblur.network.APIResponse: 	at java.util.concurrent.ThreadPoolExecutor.runWorker(ThreadPoolExecutor.java:1113)
08-06 03:17:34.855 14491 23398 E baseline.com.newsblur.network.APIResponse: 	at java.util.concurrent.ThreadPoolExecutor$Worker.run(ThreadPoolExecutor.java:588)
08-06 03:17:34.855 14491 23398 E baseline.com.newsblur.network.APIResponse: 	at java.lang.Thread.run(Thread.java:818)
08-06 03:17:34.855 14491 23398 E baseline.com.newsblur.network.APIResponse: Caused by: java.io.EOFException: \n not found: limit=0 content=
08-06 03:17:34.855 14491 23398 E baseline.com.newsblur.network.APIResponse: 	at okio.RealBufferedSource.readUtf8LineStrict(RealBufferedSource.java:240)
08-06 03:17:34.855 14491 23398 E baseline.com.newsblur.network.APIResponse: 	at okhttp3.internal.http1.Http1ExchangeCodec.readHeaderLine(Http1ExchangeCodec.java:242)
08-06 03:17:34.855 14491 23398 E baseline.com.newsblur.network.APIResponse: 	at okhttp3.internal.http1.Http1ExchangeCodec.readResponseHeaders(Http1ExchangeCodec.java:213)
08-06 03:17:34.855 14491 23398 E baseline.com.newsblur.network.APIResponse: 	... 28 more
08-06 03:17:34.856 14491 23398 W baseline.com.newsblur.service.NBSyncService: Bad response to feed_unread_count
