--------- beginning of main
08-06 03:42:21.420  6649  6649 I ServiceManager: Waiting for service AtCmdFwd...
08-06 03:42:21.539 10634 10634 D AndroidRuntime: >>>>>> START com.android.internal.os.RuntimeInit uid 2000 <<<<<<
08-06 03:42:21.545 10634 10634 D AndroidRuntime: CheckJNI is OFF
08-06 03:42:21.577 10634 10634 D ICU     : No timezone override file found: /data/misc/zoneinfo/current/icu/icu_tzdata.dat
08-06 03:42:21.611 10634 10634 I Radio-JNI: register_android_hardware_Radio DONE
08-06 03:42:21.629 10634 10634 D AndroidRuntime: Calling main entry com.android.commands.monkey.Monkey
--------- beginning of system
08-06 03:42:21.650   918   931 W BroadcastQueue: Skipping deliver [background] BroadcastRecord{7a202d3 u-1 android.net.conn.CONNECTIVITY_CHANGE} to ReceiverList{a882d09 10634 (unknown name)/2000/u-1 remote:52ecd0d}: process crashing
08-06 03:42:21.661   918  3714 I ActivityManager: START u0 {act=android.intent.action.MAIN cat=[android.intent.category.LAUNCHER] flg=0x10200000 cmp=baseline.com.newsblur/.activity.InitActivity} from uid 2000 on display 0
08-06 03:42:21.695   918   932 I sensors : batch
08-06 03:42:21.708 10634 10634 I art     : System.exit called, status: 0
08-06 03:42:21.708 10634 10634 I AndroidRuntime: VM exiting with result code 0.
08-06 03:42:21.708   918  3188 I hubconnection: sensorhub said: 'batch 31 flags:0, sampling_rate_Hz:15.00, max_report_latency_us:0'
08-06 03:42:21.720   918   932 I sensors : flush
08-06 03:42:21.732   918  3188 I hubconnection: sensorhub said: 'flush 31'
08-06 03:42:21.732   918  3188 I hubconnection: saw sensor 31 flushed
08-06 03:42:21.757  1142  1142 I baseline.com.newsblur.activity.InitActivity: cold launching version 9.0b1
08-06 03:42:21.768 16458  6583 I PBSessionCacheImpl: Deleted sessionId[72384646105454640] from persistence.
08-06 03:42:21.772  1142 10649 D OpenGLRenderer: Use EGL_SWAP_BEHAVIOR_PRESERVED: true
08-06 03:42:21.773 16458 16488 W SearchServiceCore: Abort, client detached.
08-06 03:42:21.773 16458 16488 I MicroDetectionState: Should stop hotword detection immediately - true
08-06 03:42:21.819  1142 10649 I Adreno  : QUALCOMM build                   : fcf4852, I1af360237c
08-06 03:42:21.819  1142 10649 I Adreno  : Build Date                       : 09/23/15
08-06 03:42:21.819  1142 10649 I Adreno  : OpenGL ES Shader Compiler Version: XE031.05.13.02
08-06 03:42:21.819  1142 10649 I Adreno  : Local Branch                     : mybranch14465806
08-06 03:42:21.819  1142 10649 I Adreno  : Remote Branch                    : quic/LA.BF64.1.2.9_v2
08-06 03:42:21.819  1142 10649 I Adreno  : Remote Branch                    : NONE
08-06 03:42:21.819  1142 10649 I Adreno  : Reconstruct Branch               : NOTHING
08-06 03:42:21.822  1142 10649 I OpenGLRenderer: Initialized EGL, version 1.4
08-06 03:42:21.841   918  4413 I ActivityManager: START u0 {cmp=baseline.com.newsblur/.activity.Main} from uid 10698 on display 0
08-06 03:42:21.849 13866 13866 I GoogleInputMethodServic: GoogleInputMethodService.onFinishInput():3138 
08-06 03:42:21.851 13866 13866 I GoogleInputMethodServic: GoogleInputMethodService.onStartInput():1808 
08-06 03:42:21.981  1142  1142 I art     : Rejecting re-init on previously-failed class java.lang.Class<androidx.core.view.ViewCompat$OnUnhandledKeyEventListenerWrapper>
08-06 03:42:21.982  1142  1142 I art     : Rejecting re-init on previously-failed class java.lang.Class<androidx.core.view.ViewCompat$OnUnhandledKeyEventListenerWrapper>
08-06 03:42:22.018  1142  1142 E BitmapFactory: Unable to decode stream: java.io.FileNotFoundException: /data/user/0/baseline.com.newsblur/cache/userProfilePicture: open failed: ENOENT (No such file or directory)
08-06 03:42:22.121  1142 10659 I baseline.com.newsblur.service.NBSyncService: ready to sync feed list
08-06 03:42:22.157 13866 13866 I GoogleInputMethodServic: GoogleInputMethodService.onFinishInput():3138 
08-06 03:42:22.158 13866 13866 I GoogleInputMethodServic: GoogleInputMethodService.onStartInput():1808 
08-06 03:42:22.261   918   936 I ActivityManager: Displayed baseline.com.newsblur/.activity.Main: +340ms (total +589ms)
08-06 03:42:22.421  6649  6649 I ServiceManager: Waiting for service AtCmdFwd...
08-06 03:42:22.668  1142 10659 I NAPPA_EXPERIMENTATION: MetricNetworkRequestExecutionTime: REQUEST_DURATION_SYSTEM='543',REQUEST_DURATION_OKHTTP='36',REQUEST_SYNCHRONOUS='TRUE',RESPONSE_CODE='200',RESPONSE_METHOD='GET',RESPONSE_LENGTH_OKHTTP='-1',RESPONSE_LENGTH_HEADER='-2',REQUEST_PROTOCOL='http/1.1',REQUEST_URL='https://www.newsblur.com/reader/feeds/?update_counts=true',
08-06 03:42:22.668  1142 10659 D MY_TAG  : 0, 543
08-06 03:42:22.712  1142 10659 I baseline.com.newsblur.service.NBSyncService: got feed list: 1 feeds in  conn:543 read:3 parse:4 store:36
08-06 03:42:23.138  1142 10665 I NAPPA_EXPERIMENTATION: MetricNetworkRequestExecutionTime: REQUEST_DURATION_SYSTEM='420',REQUEST_DURATION_OKHTTP='34',REQUEST_SYNCHRONOUS='TRUE',RESPONSE_CODE='200',RESPONSE_METHOD='GET',RESPONSE_LENGTH_OKHTTP='-1',RESPONSE_LENGTH_HEADER='-2',REQUEST_PROTOCOL='http/1.1',REQUEST_URL='https://www.newsblur.com/reader/unread_story_hashes?include_timestamps=1',
08-06 03:42:23.138  1142 10665 D MY_TAG  : 0, 420
08-06 03:42:23.156  1142 10665 I baseline.com.newsblur.service.UnreadsService: starting unread count: 0
08-06 03:42:23.157  1142 10665 I baseline.com.newsblur.service.UnreadsService: new unread count:      0
08-06 03:42:23.157  1142 10665 I baseline.com.newsblur.service.UnreadsService: new unreads found:     0
08-06 03:42:23.157  1142 10665 I baseline.com.newsblur.service.UnreadsService: unreads to retire:     0
08-06 03:42:23.232 10678 10678 D AndroidRuntime: >>>>>> START com.android.internal.os.RuntimeInit uid 2000 <<<<<<
08-06 03:42:23.235 10678 10678 D AndroidRuntime: CheckJNI is OFF
08-06 03:42:23.259 10678 10678 D ICU     : No timezone override file found: /data/misc/zoneinfo/current/icu/icu_tzdata.dat
08-06 03:42:23.290 10678 10678 I Radio-JNI: register_android_hardware_Radio DONE
08-06 03:42:23.305 10678 10678 D AndroidRuntime: Calling main entry com.android.commands.am.Am
08-06 03:42:23.317  3167  3167 I Trepn   : Trepn 6.2s: Received intent: com.quicinc.trepn.start_profiling
08-06 03:42:23.422  6649  6649 I ServiceManager: Waiting for service AtCmdFwd...
08-06 03:42:23.453  3167  3167 W FileUtils: Failed to chmod(/storage/emulated/0/trepn/Trepn_2020.08.06_034223.db): android.system.ErrnoException: chmod failed: EPERM (Operation not permitted)
08-06 03:42:23.590  3167  3167 I Trepn   : Trepn 6.2s: Trepn has Started Profiling.
08-06 03:42:23.593 10678 10678 D AndroidRuntime: Shutting down VM
08-06 03:42:24.084  1142  1154 I art     : Starting a blocking GC Explicit
08-06 03:42:24.110  1142  1154 I art     : Explicit concurrent mark sweep GC freed 32023(2MB) AllocSpace objects, 45(1220KB) LOS objects, 37% free, 26MB/42MB, paused 231us total 25.879ms
08-06 03:42:24.124  1142  1154 I art     : Starting a blocking GC Explicit
08-06 03:42:24.136  1142  1154 I art     : Explicit concurrent mark sweep GC freed 2506(200KB) AllocSpace objects, 0(0B) LOS objects, 38% free, 26MB/42MB, paused 177us total 11.217ms
08-06 03:42:24.142  1142  1154 I art     : Starting a blocking GC Explicit
08-06 03:42:24.153  1142  1154 I art     : Explicit concurrent mark sweep GC freed 3(96B) AllocSpace objects, 0(0B) LOS objects, 38% free, 26MB/42MB, paused 179us total 10.937ms
08-06 03:42:24.159  1142  1154 I art     : Starting a blocking GC Explicit
08-06 03:42:24.170  1142  1154 I art     : Explicit concurrent mark sweep GC freed 3(96B) AllocSpace objects, 0(0B) LOS objects, 38% free, 26MB/42MB, paused 178us total 11.395ms
08-06 03:42:24.177  1142  1154 I art     : Starting a blocking GC Explicit
08-06 03:42:24.188  1142  1154 I art     : Explicit concurrent mark sweep GC freed 3(96B) AllocSpace objects, 0(0B) LOS objects, 38% free, 26MB/42MB, paused 182us total 11.092ms
08-06 03:42:24.422  6649  6649 I ServiceManager: Waiting for service AtCmdFwd...
08-06 03:42:24.491  1142  1153 I art     : Starting a blocking GC Explicit
08-06 03:42:24.509  1142  1153 I art     : Explicit concurrent mark sweep GC freed 1389(80KB) AllocSpace objects, 1(20KB) LOS objects, 38% free, 26MB/42MB, paused 196us total 17.311ms
08-06 03:42:24.519  1142  1153 I art     : Starting a blocking GC Explicit
08-06 03:42:24.532  1142  1153 I art     : Explicit concurrent mark sweep GC freed 20(704B) AllocSpace objects, 0(0B) LOS objects, 38% free, 26MB/42MB, paused 169us total 12.022ms
08-06 03:42:24.538  1142  1153 I art     : Starting a blocking GC Explicit
08-06 03:42:24.549  1142  1153 I art     : Explicit concurrent mark sweep GC freed 3(96B) AllocSpace objects, 0(0B) LOS objects, 38% free, 26MB/42MB, paused 175us total 11.268ms
08-06 03:42:24.556  1142  1153 I art     : Starting a blocking GC Explicit
08-06 03:42:24.567  1142  1153 I art     : Explicit concurrent mark sweep GC freed 3(96B) AllocSpace objects, 0(0B) LOS objects, 38% free, 26MB/42MB, paused 189us total 11.310ms
08-06 03:42:24.573  1142  1153 I art     : Starting a blocking GC Explicit
08-06 03:42:24.585  1142  1153 I art     : Explicit concurrent mark sweep GC freed 3(96B) AllocSpace objects, 0(0B) LOS objects, 38% free, 26MB/42MB, paused 165us total 11.060ms
08-06 03:42:24.884  1142  1154 I art     : Starting a blocking GC Explicit
08-06 03:42:24.904  1142  1154 I art     : Explicit concurrent mark sweep GC freed 1379(80KB) AllocSpace objects, 1(20KB) LOS objects, 38% free, 26MB/42MB, paused 237us total 19.671ms
08-06 03:42:24.915  1142  1154 I art     : Starting a blocking GC Explicit
08-06 03:42:24.930  1142  1154 I art     : Explicit concurrent mark sweep GC freed 20(704B) AllocSpace objects, 0(0B) LOS objects, 38% free, 26MB/42MB, paused 198us total 14.945ms
08-06 03:42:24.938  1142  1154 I art     : Starting a blocking GC Explicit
08-06 03:42:24.949  1142  1154 I art     : Explicit concurrent mark sweep GC freed 3(96B) AllocSpace objects, 0(0B) LOS objects, 38% free, 26MB/42MB, paused 177us total 11.466ms
08-06 03:42:24.956  1142  1154 I art     : Starting a blocking GC Explicit
08-06 03:42:24.968  1142  1154 I art     : Explicit concurrent mark sweep GC freed 3(96B) AllocSpace objects, 0(0B) LOS objects, 38% free, 26MB/42MB, paused 167us total 11.887ms
08-06 03:42:24.974  1142  1154 I art     : Starting a blocking GC Explicit
08-06 03:42:24.985  1142  1154 I art     : Explicit concurrent mark sweep GC freed 3(96B) AllocSpace objects, 0(0B) LOS objects, 38% free, 26MB/42MB, paused 177us total 11.071ms
08-06 03:42:25.295  1142  1153 I art     : Starting a blocking GC Explicit
08-06 03:42:25.313  1142  1153 I art     : Explicit concurrent mark sweep GC freed 1376(79KB) AllocSpace objects, 1(20KB) LOS objects, 38% free, 26MB/42MB, paused 227us total 17.278ms
08-06 03:42:25.323  1142  1153 I art     : Starting a blocking GC Explicit
08-06 03:42:25.336  1142  1153 I art     : Explicit concurrent mark sweep GC freed 20(704B) AllocSpace objects, 0(0B) LOS objects, 38% free, 26MB/42MB, paused 186us total 12.433ms
08-06 03:42:25.343  1142  1153 I art     : Starting a blocking GC Explicit
08-06 03:42:25.354  1142  1153 I art     : Explicit concurrent mark sweep GC freed 3(96B) AllocSpace objects, 0(0B) LOS objects, 38% free, 26MB/42MB, paused 174us total 11.663ms
08-06 03:42:25.361  1142  1153 I art     : Starting a blocking GC Explicit
08-06 03:42:25.372  1142  1153 I art     : Explicit concurrent mark sweep GC freed 3(96B) AllocSpace objects, 0(0B) LOS objects, 38% free, 26MB/42MB, paused 167us total 11.243ms
08-06 03:42:25.379  1142  1153 I art     : Starting a blocking GC Explicit
08-06 03:42:25.390  1142  1153 I art     : Explicit concurrent mark sweep GC freed 3(96B) AllocSpace objects, 0(0B) LOS objects, 38% free, 26MB/42MB, paused 173us total 10.953ms
08-06 03:42:25.423  6649  6649 I ServiceManager: Waiting for service AtCmdFwd...
08-06 03:42:25.694  1142  1154 I art     : Starting a blocking GC Explicit
08-06 03:42:25.711  1142  1154 I art     : Explicit concurrent mark sweep GC freed 1379(80KB) AllocSpace objects, 1(20KB) LOS objects, 38% free, 26MB/42MB, paused 217us total 16.785ms
08-06 03:42:25.721  1142  1154 I art     : Starting a blocking GC Explicit
08-06 03:42:25.734  1142  1154 I art     : Explicit concurrent mark sweep GC freed 20(704B) AllocSpace objects, 0(0B) LOS objects, 38% free, 26MB/42MB, paused 190us total 12.356ms
08-06 03:42:25.740  1142  1154 I art     : Starting a blocking GC Explicit
08-06 03:42:25.752  1142  1154 I art     : Explicit concurrent mark sweep GC freed 3(96B) AllocSpace objects, 0(0B) LOS objects, 38% free, 26MB/42MB, paused 185us total 11.857ms
08-06 03:42:25.759  1142  1154 I art     : Starting a blocking GC Explicit
08-06 03:42:25.771  1142  1154 I art     : Explicit concurrent mark sweep GC freed 3(96B) AllocSpace objects, 0(0B) LOS objects, 38% free, 26MB/42MB, paused 181us total 11.620ms
08-06 03:42:25.777  1142  1154 I art     : Starting a blocking GC Explicit
08-06 03:42:25.788  1142  1154 I art     : Explicit concurrent mark sweep GC freed 3(96B) AllocSpace objects, 0(0B) LOS objects, 38% free, 26MB/42MB, paused 169us total 11.358ms
08-06 03:42:26.099  1142  1153 I art     : Starting a blocking GC Explicit
08-06 03:42:26.116  1142  1153 I art     : Explicit concurrent mark sweep GC freed 1375(79KB) AllocSpace objects, 1(20KB) LOS objects, 38% free, 26MB/42MB, paused 202us total 16.769ms
08-06 03:42:26.125  1142  1153 I art     : Starting a blocking GC Explicit
08-06 03:42:26.137  1142  1153 I art     : Explicit concurrent mark sweep GC freed 20(704B) AllocSpace objects, 0(0B) LOS objects, 38% free, 26MB/42MB, paused 219us total 11.810ms
08-06 03:42:26.143  1142  1153 I art     : Starting a blocking GC Explicit
08-06 03:42:26.155  1142  1153 I art     : Explicit concurrent mark sweep GC freed 3(96B) AllocSpace objects, 0(0B) LOS objects, 38% free, 26MB/42MB, paused 170us total 11.763ms
08-06 03:42:26.162  1142  1153 I art     : Starting a blocking GC Explicit
08-06 03:42:26.173  1142  1153 I art     : Explicit concurrent mark sweep GC freed 3(96B) AllocSpace objects, 0(0B) LOS objects, 38% free, 26MB/42MB, paused 165us total 10.981ms
08-06 03:42:26.179  1142  1153 I art     : Starting a blocking GC Explicit
08-06 03:42:26.190  1142  1153 I art     : Explicit concurrent mark sweep GC freed 3(96B) AllocSpace objects, 0(0B) LOS objects, 38% free, 26MB/42MB, paused 161us total 10.904ms
08-06 03:42:26.424  6649  6649 W Atfwd_Sendcmd: AtCmdFwd service not published, waiting... retryCnt : 2
08-06 03:42:26.497  1142  1154 I art     : Starting a blocking GC Explicit
08-06 03:42:26.518  1142  1154 I art     : Explicit concurrent mark sweep GC freed 1376(79KB) AllocSpace objects, 1(20KB) LOS objects, 38% free, 26MB/42MB, paused 226us total 20.311ms
08-06 03:42:26.528  1142  1154 I art     : Starting a blocking GC Explicit
08-06 03:42:26.543  1142  1154 I art     : Explicit concurrent mark sweep GC freed 20(704B) AllocSpace objects, 0(0B) LOS objects, 38% free, 26MB/42MB, paused 196us total 14.450ms
08-06 03:42:26.550  1142  1154 I art     : Starting a blocking GC Explicit
08-06 03:42:26.561  1142  1154 I art     : Explicit concurrent mark sweep GC freed 3(96B) AllocSpace objects, 0(0B) LOS objects, 38% free, 26MB/42MB, paused 182us total 11.212ms
08-06 03:42:26.567  1142  1154 I art     : Starting a blocking GC Explicit
08-06 03:42:26.579  1142  1154 I art     : Explicit concurrent mark sweep GC freed 3(96B) AllocSpace objects, 0(0B) LOS objects, 38% free, 26MB/42MB, paused 176us total 11.397ms
08-06 03:42:26.585  1142  1154 I art     : Starting a blocking GC Explicit
08-06 03:42:26.597  1142  1154 I art     : Explicit concurrent mark sweep GC freed 3(96B) AllocSpace objects, 0(0B) LOS objects, 38% free, 26MB/42MB, paused 183us total 11.038ms
08-06 03:42:26.880  1142  1153 I art     : Starting a blocking GC Explicit
08-06 03:42:26.894  1142  1153 I art     : Explicit concurrent mark sweep GC freed 1376(79KB) AllocSpace objects, 1(20KB) LOS objects, 38% free, 26MB/42MB, paused 191us total 13.508ms
08-06 03:42:26.901  1142  1153 I art     : Starting a blocking GC Explicit
08-06 03:42:26.916  1142  1153 I art     : Explicit concurrent mark sweep GC freed 20(704B) AllocSpace objects, 0(0B) LOS objects, 38% free, 26MB/42MB, paused 184us total 14.429ms
08-06 03:42:26.927  1142  1153 I art     : Starting a blocking GC Explicit
08-06 03:42:26.938  1142  1153 I art     : Explicit concurrent mark sweep GC freed 3(96B) AllocSpace objects, 0(0B) LOS objects, 38% free, 26MB/42MB, paused 173us total 11.405ms
08-06 03:42:26.945  1142  1153 I art     : Starting a blocking GC Explicit
08-06 03:42:26.956  1142  1153 I art     : Explicit concurrent mark sweep GC freed 3(96B) AllocSpace objects, 0(0B) LOS objects, 38% free, 26MB/42MB, paused 175us total 11.570ms
08-06 03:42:26.963  1142  1153 I art     : Starting a blocking GC Explicit
08-06 03:42:26.974  1142  1153 I art     : Explicit concurrent mark sweep GC freed 3(96B) AllocSpace objects, 0(0B) LOS objects, 38% free, 26MB/42MB, paused 177us total 11.528ms
08-06 03:42:27.281  1142  1154 I art     : Starting a blocking GC Explicit
08-06 03:42:27.300  1142  1154 I art     : Explicit concurrent mark sweep GC freed 1376(79KB) AllocSpace objects, 1(20KB) LOS objects, 38% free, 26MB/42MB, paused 202us total 17.950ms
08-06 03:42:27.307  1142  1154 I art     : Starting a blocking GC Explicit
08-06 03:42:27.319  1142  1154 I art     : Explicit concurrent mark sweep GC freed 20(704B) AllocSpace objects, 0(0B) LOS objects, 38% free, 26MB/42MB, paused 180us total 11.810ms
08-06 03:42:27.325  1142  1154 I art     : Starting a blocking GC Explicit
08-06 03:42:27.337  1142  1154 I art     : Explicit concurrent mark sweep GC freed 3(96B) AllocSpace objects, 0(0B) LOS objects, 38% free, 26MB/42MB, paused 196us total 11.668ms
08-06 03:42:27.343  1142  1154 I art     : Starting a blocking GC Explicit
08-06 03:42:27.354  1142  1154 I art     : Explicit concurrent mark sweep GC freed 3(96B) AllocSpace objects, 0(0B) LOS objects, 38% free, 26MB/42MB, paused 180us total 11.162ms
08-06 03:42:27.360  1142  1154 I art     : Starting a blocking GC Explicit
08-06 03:42:27.372  1142  1154 I art     : Explicit concurrent mark sweep GC freed 3(96B) AllocSpace objects, 0(0B) LOS objects, 38% free, 26MB/42MB, paused 173us total 11.289ms
08-06 03:42:27.678  1142  1153 I art     : Starting a blocking GC Explicit
08-06 03:42:27.696  1142  1153 I art     : Explicit concurrent mark sweep GC freed 1376(79KB) AllocSpace objects, 1(20KB) LOS objects, 38% free, 26MB/42MB, paused 200us total 17.559ms
08-06 03:42:27.705  1142  1153 I art     : Starting a blocking GC Explicit
08-06 03:42:27.716  1142  1153 I art     : Explicit concurrent mark sweep GC freed 20(704B) AllocSpace objects, 0(0B) LOS objects, 38% free, 26MB/42MB, paused 158us total 11.152ms
08-06 03:42:27.722  1142  1153 I art     : Starting a blocking GC Explicit
08-06 03:42:27.732  1142  1153 I art     : Explicit concurrent mark sweep GC freed 3(96B) AllocSpace objects, 0(0B) LOS objects, 38% free, 26MB/42MB, paused 154us total 9.681ms
08-06 03:42:27.737  1142  1153 I art     : Starting a blocking GC Explicit
08-06 03:42:27.748  1142  1153 I art     : Explicit concurrent mark sweep GC freed 3(96B) AllocSpace objects, 0(0B) LOS objects, 38% free, 26MB/42MB, paused 468us total 10.687ms
08-06 03:42:27.753  1142  1153 I art     : Starting a blocking GC Explicit
08-06 03:42:27.763  1142  1153 I art     : Explicit concurrent mark sweep GC freed 3(96B) AllocSpace objects, 0(0B) LOS objects, 38% free, 26MB/42MB, paused 149us total 9.118ms
08-06 03:42:28.028  1142  1154 I art     : Starting a blocking GC Explicit
08-06 03:42:28.046  1142  1154 I art     : Explicit concurrent mark sweep GC freed 1375(79KB) AllocSpace objects, 1(20KB) LOS objects, 38% free, 26MB/42MB, paused 246us total 17.056ms
08-06 03:42:28.054  1142  1154 I art     : Starting a blocking GC Explicit
08-06 03:42:28.067  1142  1154 I art     : Explicit concurrent mark sweep GC freed 20(704B) AllocSpace objects, 0(0B) LOS objects, 38% free, 26MB/42MB, paused 321us total 12.418ms
08-06 03:42:28.073  1142  1154 I art     : Starting a blocking GC Explicit
08-06 03:42:28.085  1142  1154 I art     : Explicit concurrent mark sweep GC freed 3(96B) AllocSpace objects, 0(0B) LOS objects, 38% free, 26MB/42MB, paused 181us total 11.743ms
08-06 03:42:28.092  1142  1154 I art     : Starting a blocking GC Explicit
08-06 03:42:28.103  1142  1154 I art     : Explicit concurrent mark sweep GC freed 3(96B) AllocSpace objects, 0(0B) LOS objects, 38% free, 26MB/42MB, paused 177us total 10.892ms
08-06 03:42:28.109  1142  1154 I art     : Starting a blocking GC Explicit
08-06 03:42:28.120  1142  1154 I art     : Explicit concurrent mark sweep GC freed 3(96B) AllocSpace objects, 0(0B) LOS objects, 38% free, 26MB/42MB, paused 184us total 11.098ms
08-06 03:42:28.367  1142  1153 I art     : Starting a blocking GC Explicit
08-06 03:42:28.378  1142  1153 I art     : Explicit concurrent mark sweep GC freed 1376(79KB) AllocSpace objects, 1(20KB) LOS objects, 38% free, 26MB/42MB, paused 167us total 11.273ms
08-06 03:42:28.385  1142  1153 I art     : Starting a blocking GC Explicit
08-06 03:42:28.396  1142  1153 I art     : Explicit concurrent mark sweep GC freed 20(704B) AllocSpace objects, 0(0B) LOS objects, 38% free, 26MB/42MB, paused 165us total 11.032ms
08-06 03:42:28.403  1142  1153 I art     : Starting a blocking GC Explicit
08-06 03:42:28.413  1142  1153 I art     : Explicit concurrent mark sweep GC freed 3(96B) AllocSpace objects, 0(0B) LOS objects, 38% free, 26MB/42MB, paused 157us total 10.236ms
08-06 03:42:28.419  1142  1153 I art     : Starting a blocking GC Explicit
08-06 03:42:28.429  1142  1153 I art     : Explicit concurrent mark sweep GC freed 3(96B) AllocSpace objects, 0(0B) LOS objects, 38% free, 26MB/42MB, paused 156us total 9.787ms
08-06 03:42:28.434  1142  1153 I art     : Starting a blocking GC Explicit
08-06 03:42:28.445  1142  1153 I art     : Explicit concurrent mark sweep GC freed 3(96B) AllocSpace objects, 0(0B) LOS objects, 38% free, 26MB/42MB, paused 176us total 10.165ms
08-06 03:42:28.715 10829 10829 D AndroidRuntime: >>>>>> START com.android.internal.os.RuntimeInit uid 2000 <<<<<<
08-06 03:42:28.720 10829 10829 D AndroidRuntime: CheckJNI is OFF
08-06 03:42:28.746 10829 10829 D ICU     : No timezone override file found: /data/misc/zoneinfo/current/icu/icu_tzdata.dat
08-06 03:42:28.747  1142  1154 I art     : Starting a blocking GC Explicit
08-06 03:42:28.759  1142  1154 I art     : Explicit concurrent mark sweep GC freed 1376(79KB) AllocSpace objects, 1(20KB) LOS objects, 38% free, 26MB/42MB, paused 211us total 12.066ms
08-06 03:42:28.765  1142  1154 I art     : Starting a blocking GC Explicit
08-06 03:42:28.773 10829 10829 I Radio-JNI: register_android_hardware_Radio DONE
08-06 03:42:28.778  1142  1154 I art     : Explicit concurrent mark sweep GC freed 20(704B) AllocSpace objects, 0(0B) LOS objects, 38% free, 26MB/42MB, paused 197us total 11.964ms
08-06 03:42:28.784  1142  1154 I art     : Starting a blocking GC Explicit
08-06 03:42:28.791 10829 10829 D AndroidRuntime: Calling main entry com.android.commands.input.Input
08-06 03:42:28.792 10829 10829 I Input   : injectMotionEvent: MotionEvent { action=ACTION_DOWN, actionButton=0, id[0]=0, x[0]=594.0, y[0]=330.0, toolType[0]=TOOL_TYPE_UNKNOWN, buttonState=0, metaState=0, flags=0x0, edgeFlags=0x0, pointerCount=1, historySize=0, eventTime=848565205, downTime=848565205, deviceId=0, source=0x1002 }
08-06 03:42:28.797  1142  1154 I art     : Explicit concurrent mark sweep GC freed 3(96B) AllocSpace objects, 0(0B) LOS objects, 38% free, 26MB/42MB, paused 3.354ms total 13.389ms
08-06 03:42:28.799 10829 10829 I Input   : injectMotionEvent: MotionEvent { action=ACTION_UP, actionButton=0, id[0]=0, x[0]=594.0, y[0]=330.0, toolType[0]=TOOL_TYPE_UNKNOWN, buttonState=0, metaState=0, flags=0x0, edgeFlags=0x0, pointerCount=1, historySize=0, eventTime=848565205, downTime=848565205, deviceId=0, source=0x1002 }
08-06 03:42:28.800 10829 10829 D AndroidRuntime: Shutting down VM
08-06 03:42:28.803  1142  1154 I art     : Starting a blocking GC Explicit
08-06 03:42:28.815  1142  1154 I art     : Explicit concurrent mark sweep GC freed 54(2480B) AllocSpace objects, 0(0B) LOS objects, 38% free, 26MB/42MB, paused 191us total 12.043ms
08-06 03:42:28.821  1142  1154 I art     : Starting a blocking GC Explicit
08-06 03:42:28.832  1142  1154 I art     : Explicit concurrent mark sweep GC freed 3(96B) AllocSpace objects, 0(0B) LOS objects, 38% free, 26MB/42MB, paused 176us total 10.307ms
08-06 03:42:28.870   918  5481 I ActivityManager: START u0 {cmp=baseline.com.newsblur/.activity.GlobalSharedStoriesItemsList (has extras)} from uid 10698 on display 0
08-06 03:42:28.892  1142 10857 I baseline.com.newsblur.database.BlurDatabaseHelper: reading session reset
08-06 03:42:29.027  1142  1142 W View    : requestLayout() improperly called by android.widget.FrameLayout{bef7855 V.E...... ......ID 0,0-1440,0 #7f07003f app:id/footer_view_inner} during layout: running second layout pass
08-06 03:42:29.027  1142  1142 W View    : requestLayout() improperly called by android.widget.FrameLayout{25e526a V.E...... ......ID 0,0-1440,2091 #7f07003f app:id/footer_view_inner} during layout: running second layout pass
08-06 03:42:29.045  1142  1153 I art     : Starting a blocking GC Explicit
08-06 03:42:29.045   918   936 I ActivityManager: Displayed baseline.com.newsblur/.activity.GlobalSharedStoriesItemsList: +168ms
08-06 03:42:29.045 13866 13866 I GoogleInputMethodServic: GoogleInputMethodService.onFinishInput():3138 
08-06 03:42:29.046 13866 13866 I GoogleInputMethodServic: GoogleInputMethodService.onStartInput():1808 
08-06 03:42:29.063  1142  1153 I art     : Explicit concurrent mark sweep GC freed 8412(703KB) AllocSpace objects, 14(404KB) LOS objects, 36% free, 27MB/43MB, paused 551us total 18.563ms
08-06 03:42:29.071  1142  1153 I art     : Starting a blocking GC Explicit
08-06 03:42:29.083  1142  1153 I art     : Explicit concurrent mark sweep GC freed 519(23KB) AllocSpace objects, 0(0B) LOS objects, 36% free, 27MB/43MB, paused 246us total 11.622ms
08-06 03:42:29.089  1142  1153 I art     : Starting a blocking GC Explicit
08-06 03:42:29.100  1142  1153 I art     : Explicit concurrent mark sweep GC freed 3(96B) AllocSpace objects, 0(0B) LOS objects, 36% free, 27MB/43MB, paused 279us total 11.489ms
08-06 03:42:29.106  1142  1153 I art     : Starting a blocking GC Explicit
08-06 03:42:29.118  1142  1153 I art     : Explicit concurrent mark sweep GC freed 3(96B) AllocSpace objects, 0(0B) LOS objects, 36% free, 27MB/43MB, paused 251us total 11.480ms
08-06 03:42:29.124  1142  1153 I art     : Starting a blocking GC Explicit
08-06 03:42:29.136  1142  1153 I art     : Explicit concurrent mark sweep GC freed 15(656B) AllocSpace objects, 0(0B) LOS objects, 36% free, 27MB/43MB, paused 236us total 11.762ms
08-06 03:42:29.387  1142 10856 I art     : Starting a blocking GC Explicit
08-06 03:42:29.400  1142 10856 I art     : Explicit concurrent mark sweep GC freed 1760(112KB) AllocSpace objects, 2(40KB) LOS objects, 36% free, 27MB/43MB, paused 262us total 13.544ms
08-06 03:42:29.406  1142 10856 I art     : Starting a blocking GC Explicit
08-06 03:42:29.418  1142 10856 I art     : Explicit concurrent mark sweep GC freed 54(1888B) AllocSpace objects, 0(0B) LOS objects, 36% free, 27MB/43MB, paused 242us total 11.840ms
08-06 03:42:29.423  1142 10856 I art     : Starting a blocking GC Explicit
08-06 03:42:29.435  1142 10856 I art     : Explicit concurrent mark sweep GC freed 4(128B) AllocSpace objects, 0(0B) LOS objects, 36% free, 27MB/43MB, paused 233us total 11.235ms
08-06 03:42:29.440  1142 10856 I art     : Starting a blocking GC Explicit
08-06 03:42:29.451  1142 10856 I art     : Explicit concurrent mark sweep GC freed 4(128B) AllocSpace objects, 0(0B) LOS objects, 36% free, 27MB/43MB, paused 241us total 11.167ms
08-06 03:42:29.457  1142 10856 I art     : Starting a blocking GC Explicit
08-06 03:42:29.468  1142 10856 I art     : Explicit concurrent mark sweep GC freed 4(128B) AllocSpace objects, 0(0B) LOS objects, 36% free, 27MB/43MB, paused 226us total 11.065ms
08-06 03:42:29.610  1142 10869 I NAPPA_EXPERIMENTATION: MetricNetworkRequestExecutionTime: REQUEST_DURATION_SYSTEM='551',REQUEST_DURATION_OKHTTP='40',REQUEST_SYNCHRONOUS='TRUE',RESPONSE_CODE='200',RESPONSE_METHOD='GET',RESPONSE_LENGTH_OKHTTP='-1',RESPONSE_LENGTH_HEADER='13047',REQUEST_PROTOCOL='http/1.1',REQUEST_URL='https://www.newsblur.com/social/river_stories?order=newest&page=1&read_filter=all&global_feed=true',
08-06 03:42:29.610  1142 10869 D MY_TAG  : 0, 551
08-06 03:42:29.705  1142  1154 I art     : Starting a blocking GC Explicit
08-06 03:42:29.724  1142  1154 I art     : Explicit concurrent mark sweep GC freed 35288(2MB) AllocSpace objects, 30(956KB) LOS objects, 36% free, 28MB/44MB, paused 387us total 18.821ms
08-06 03:42:29.731  1142  1154 I art     : Starting a blocking GC Explicit
08-06 03:42:29.744  1142  1154 I art     : Explicit concurrent mark sweep GC freed 2403(353KB) AllocSpace objects, 11(220KB) LOS objects, 36% free, 27MB/43MB, paused 316us total 12.857ms
08-06 03:42:29.750  1142  1154 I art     : Starting a blocking GC Explicit
08-06 03:42:29.764  1142  1154 I art     : Explicit concurrent mark sweep GC freed 500(33KB) AllocSpace objects, 1(20KB) LOS objects, 36% free, 27MB/43MB, paused 361us total 13.526ms
08-06 03:42:29.770  1142  1154 I art     : Starting a blocking GC Explicit
08-06 03:42:29.784  1142  1154 I art     : Explicit concurrent mark sweep GC freed 809(48KB) AllocSpace objects, 2(40KB) LOS objects, 36% free, 28MB/44MB, paused 697us total 13.692ms
08-06 03:42:29.790  1142  1154 I art     : Starting a blocking GC Explicit
08-06 03:42:29.804  1142  1154 I art     : Explicit concurrent mark sweep GC freed 988(61KB) AllocSpace objects, 3(60KB) LOS objects, 36% free, 28MB/44MB, paused 733us total 14.113ms
08-06 03:42:29.851  1142 10900 I NAPPA_EXPERIMENTATION: MetricNetworkRequestExecutionTime: REQUEST_DURATION_SYSTEM='39',REQUEST_DURATION_OKHTTP='34',REQUEST_SYNCHRONOUS='TRUE',RESPONSE_CODE='200',RESPONSE_METHOD='GET',RESPONSE_LENGTH_OKHTTP='43',RESPONSE_LENGTH_HEADER='43',REQUEST_PROTOCOL='http/1.1',REQUEST_URL='http://feeds.feedburner.com/~r/retort/~4/UffaFMiJbNs',
08-06 03:42:30.080  1142  1153 I art     : Starting a blocking GC Explicit
08-06 03:42:30.102  1142  1153 I art     : Explicit concurrent mark sweep GC freed 10441(520KB) AllocSpace objects, 5(240KB) LOS objects, 36% free, 28MB/44MB, paused 547us total 21.372ms
08-06 03:42:30.109  1142  1153 I art     : Starting a blocking GC Explicit
08-06 03:42:30.126  1142  1153 I art     : Explicit concurrent mark sweep GC freed 2839(252KB) AllocSpace objects, 0(0B) LOS objects, 36% free, 28MB/44MB, paused 433us total 16.945ms
08-06 03:42:30.134  1142  1153 I art     : Starting a blocking GC Explicit
08-06 03:42:30.140  1142 10902 I NAPPA_EXPERIMENTATION: MetricNetworkRequestExecutionTime: REQUEST_DURATION_SYSTEM='319',REQUEST_DURATION_OKHTTP='149',REQUEST_SYNCHRONOUS='TRUE',RESPONSE_CODE='200',RESPONSE_METHOD='GET',RESPONSE_LENGTH_OKHTTP='79351',RESPONSE_LENGTH_HEADER='79351',REQUEST_PROTOCOL='h2',REQUEST_URL='https://images.fastcompany.net/image/upload/w_1280,q_auto,f_auto,fl_lossy/wp-cms/uploads/2020/07/p-1-90532920-this-chart-shows-how-effective-masks-can-be.png',
08-06 03:42:30.149  1142  1153 I art     : Explicit concurrent mark sweep GC freed 651(62KB) AllocSpace objects, 1(20KB) LOS objects, 36% free, 28MB/44MB, paused 430us total 14.929ms
08-06 03:42:30.155  1142  1153 I art     : Starting a blocking GC Explicit
08-06 03:42:30.173  1142  1153 I art     : Explicit concurrent mark sweep GC freed 7863(317KB) AllocSpace objects, 1(20KB) LOS objects, 33% free, 31MB/47MB, paused 636us total 17.457ms
08-06 03:42:30.179  1142  1153 I art     : Starting a blocking GC Explicit
08-06 03:42:30.195  1142  1153 I art     : Explicit concurrent mark sweep GC freed 1921(77KB) AllocSpace objects, 0(0B) LOS objects, 32% free, 33MB/49MB, paused 429us total 15.674ms
08-06 03:42:30.268  1142 10899 I NAPPA_EXPERIMENTATION: MetricNetworkRequestExecutionTime: REQUEST_DURATION_SYSTEM='484',REQUEST_DURATION_OKHTTP='91',REQUEST_SYNCHRONOUS='TRUE',RESPONSE_CODE='200',RESPONSE_METHOD='GET',RESPONSE_LENGTH_OKHTTP='145',RESPONSE_LENGTH_HEADER='145',REQUEST_PROTOCOL='http/1.1',REQUEST_URL='https://s3.amazonaws.com/icons.newsblur.com/6882243.png',
08-06 03:42:30.271  1142 10903 I NAPPA_EXPERIMENTATION: MetricNetworkRequestExecutionTime: REQUEST_DURATION_SYSTEM='469',REQUEST_DURATION_OKHTTP='88',REQUEST_SYNCHRONOUS='TRUE',RESPONSE_CODE='200',RESPONSE_METHOD='GET',RESPONSE_LENGTH_OKHTTP='477',RESPONSE_LENGTH_HEADER='477',REQUEST_PROTOCOL='http/1.1',REQUEST_URL='https://s3.amazonaws.com/icons.newsblur.com/5762506.png',
08-06 03:42:30.281  1142 10901 I NAPPA_EXPERIMENTATION: MetricNetworkRequestExecutionTime: REQUEST_DURATION_SYSTEM='489',REQUEST_DURATION_OKHTTP='104',REQUEST_SYNCHRONOUS='TRUE',RESPONSE_CODE='200',RESPONSE_METHOD='GET',RESPONSE_LENGTH_OKHTTP='243',RESPONSE_LENGTH_HEADER='243',REQUEST_PROTOCOL='http/1.1',REQUEST_URL='https://s3.amazonaws.com/icons.newsblur.com/18178.png',
08-06 03:42:30.498  1142 10856 I art     : Starting a blocking GC Explicit
08-06 03:42:30.517  1142 10856 I art     : Explicit concurrent mark sweep GC freed 2762(226KB) AllocSpace objects, 12(3MB) LOS objects, 34% free, 30MB/46MB, paused 380us total 18.721ms
08-06 03:42:30.524  1142 10856 I art     : Starting a blocking GC Explicit
08-06 03:42:30.540  1142 10856 I art     : Explicit concurrent mark sweep GC freed 132(4KB) AllocSpace objects, 0(0B) LOS objects, 34% free, 30MB/46MB, paused 339us total 15.708ms
08-06 03:42:30.547  1142 10856 I art     : Starting a blocking GC Explicit
08-06 03:42:30.562  1142 10856 I art     : Explicit concurrent mark sweep GC freed 3(96B) AllocSpace objects, 0(0B) LOS objects, 34% free, 30MB/46MB, paused 323us total 14.637ms
08-06 03:42:30.568  1142 10856 I art     : Starting a blocking GC Explicit
08-06 03:42:30.583  1142 10856 I art     : Explicit concurrent mark sweep GC freed 3(96B) AllocSpace objects, 0(0B) LOS objects, 34% free, 30MB/46MB, paused 324us total 14.776ms
08-06 03:42:30.589  1142 10856 I art     : Starting a blocking GC Explicit
08-06 03:42:30.605  1142 10856 I art     : Explicit concurrent mark sweep GC freed 3(96B) AllocSpace objects, 0(0B) LOS objects, 34% free, 30MB/46MB, paused 360us total 15.489ms
08-06 03:42:30.923  1142  1153 I art     : Starting a blocking GC Explicit
08-06 03:42:30.944  1142  1153 I art     : Explicit concurrent mark sweep GC freed 1387(82KB) AllocSpace objects, 1(20KB) LOS objects, 34% free, 30MB/46MB, paused 602us total 20.549ms
08-06 03:42:30.951  1142  1153 I art     : Starting a blocking GC Explicit
08-06 03:42:30.965  1142  1153 I art     : Explicit concurrent mark sweep GC freed 20(704B) AllocSpace objects, 0(0B) LOS objects, 34% free, 30MB/46MB, paused 315us total 13.951ms
08-06 03:42:30.971  1142  1153 I art     : Starting a blocking GC Explicit
08-06 03:42:30.985  1142  1153 I art     : Explicit concurrent mark sweep GC freed 3(96B) AllocSpace objects, 0(0B) LOS objects, 34% free, 30MB/46MB, paused 316us total 13.661ms
08-06 03:42:30.991  1142  1153 I art     : Starting a blocking GC Explicit
08-06 03:42:31.005  1142  1153 I art     : Explicit concurrent mark sweep GC freed 3(96B) AllocSpace objects, 0(0B) LOS objects, 34% free, 30MB/46MB, paused 316us total 14.250ms
08-06 03:42:31.011  1142  1153 I art     : Starting a blocking GC Explicit
08-06 03:42:31.026  1142  1153 I art     : Explicit concurrent mark sweep GC freed 3(96B) AllocSpace objects, 0(0B) LOS objects, 34% free, 30MB/46MB, paused 313us total 14.402ms
08-06 03:42:31.341  1142  1154 I art     : Starting a blocking GC Explicit
08-06 03:42:31.359  1142  1154 I art     : Explicit concurrent mark sweep GC freed 1387(80KB) AllocSpace objects, 1(20KB) LOS objects, 34% free, 30MB/46MB, paused 358us total 18.102ms
08-06 03:42:31.370  1142  1154 I art     : Starting a blocking GC Explicit
08-06 03:42:31.385  1142  1154 I art     : Explicit concurrent mark sweep GC freed 20(704B) AllocSpace objects, 0(0B) LOS objects, 34% free, 30MB/46MB, paused 342us total 14.724ms
08-06 03:42:31.391  1142  1154 I art     : Starting a blocking GC Explicit
08-06 03:42:31.406  1142  1154 I art     : Explicit concurrent mark sweep GC freed 3(96B) AllocSpace objects, 0(0B) LOS objects, 34% free, 30MB/46MB, paused 354us total 14.453ms
08-06 03:42:31.412  1142  1154 I art     : Starting a blocking GC Explicit
08-06 03:42:31.427  1142  1154 I art     : Explicit concurrent mark sweep GC freed 3(96B) AllocSpace objects, 0(0B) LOS objects, 34% free, 30MB/46MB, paused 451us total 14.688ms
08-06 03:42:31.433  1142  1154 I art     : Starting a blocking GC Explicit
08-06 03:42:31.448  1142  1154 I art     : Explicit concurrent mark sweep GC freed 3(96B) AllocSpace objects, 0(0B) LOS objects, 34% free, 30MB/46MB, paused 331us total 14.377ms
08-06 03:42:31.774  1142 10856 I art     : Starting a blocking GC Explicit
08-06 03:42:31.793  1142 10856 I art     : Explicit concurrent mark sweep GC freed 1386(80KB) AllocSpace objects, 1(20KB) LOS objects, 34% free, 30MB/46MB, paused 344us total 18.552ms
08-06 03:42:31.803  1142 10856 I art     : Starting a blocking GC Explicit
08-06 03:42:31.818  1142 10856 I art     : Explicit concurrent mark sweep GC freed 20(704B) AllocSpace objects, 0(0B) LOS objects, 34% free, 30MB/46MB, paused 328us total 14.693ms
08-06 03:42:31.825  1142 10856 I art     : Starting a blocking GC Explicit
08-06 03:42:31.839  1142 10856 I art     : Explicit concurrent mark sweep GC freed 3(96B) AllocSpace objects, 0(0B) LOS objects, 34% free, 30MB/46MB, paused 373us total 14.484ms
08-06 03:42:31.845  1142 10856 I art     : Starting a blocking GC Explicit
08-06 03:42:31.860  1142 10856 I art     : Explicit concurrent mark sweep GC freed 3(96B) AllocSpace objects, 0(0B) LOS objects, 34% free, 30MB/46MB, paused 326us total 14.325ms
08-06 03:42:31.866  1142 10856 I art     : Starting a blocking GC Explicit
08-06 03:42:31.880  1142 10856 I art     : Explicit concurrent mark sweep GC freed 3(96B) AllocSpace objects, 0(0B) LOS objects, 34% free, 30MB/46MB, paused 301us total 13.826ms
08-06 03:42:32.181  1142  1153 I art     : Starting a blocking GC Explicit
08-06 03:42:32.199  1142  1153 I art     : Explicit concurrent mark sweep GC freed 1386(80KB) AllocSpace objects, 1(20KB) LOS objects, 34% free, 30MB/46MB, paused 349us total 17.829ms
08-06 03:42:32.209  1142  1153 I art     : Starting a blocking GC Explicit
08-06 03:42:32.223  1142  1153 I art     : Explicit concurrent mark sweep GC freed 20(704B) AllocSpace objects, 0(0B) LOS objects, 34% free, 30MB/46MB, paused 348us total 14.602ms
08-06 03:42:32.230  1142  1153 I art     : Starting a blocking GC Explicit
08-06 03:42:32.244  1142  1153 I art     : Explicit concurrent mark sweep GC freed 3(96B) AllocSpace objects, 0(0B) LOS objects, 34% free, 30MB/46MB, paused 320us total 14.378ms
08-06 03:42:32.251  1142  1153 I art     : Starting a blocking GC Explicit
08-06 03:42:32.265  1142  1153 I art     : Explicit concurrent mark sweep GC freed 3(96B) AllocSpace objects, 0(0B) LOS objects, 34% free, 30MB/46MB, paused 308us total 14.402ms
08-06 03:42:32.272  1142  1153 I art     : Starting a blocking GC Explicit
08-06 03:42:32.287  1142  1153 I art     : Explicit concurrent mark sweep GC freed 3(96B) AllocSpace objects, 0(0B) LOS objects, 34% free, 30MB/46MB, paused 407us total 14.950ms
08-06 03:42:32.598  1142  1154 I art     : Starting a blocking GC Explicit
08-06 03:42:32.618  1142  1154 I art     : Explicit concurrent mark sweep GC freed 1387(80KB) AllocSpace objects, 1(20KB) LOS objects, 34% free, 30MB/46MB, paused 464us total 19.164ms
08-06 03:42:32.627  1142  1154 I art     : Starting a blocking GC Explicit
08-06 03:42:32.642  1142  1154 I art     : Explicit concurrent mark sweep GC freed 20(704B) AllocSpace objects, 0(0B) LOS objects, 34% free, 30MB/46MB, paused 309us total 14.511ms
08-06 03:42:32.648  1142  1154 I art     : Starting a blocking GC Explicit
08-06 03:42:32.663  1142  1154 I art     : Explicit concurrent mark sweep GC freed 3(96B) AllocSpace objects, 0(0B) LOS objects, 34% free, 30MB/46MB, paused 357us total 14.375ms
08-06 03:42:32.669  1142  1154 I art     : Starting a blocking GC Explicit
08-06 03:42:32.684  1142  1154 I art     : Explicit concurrent mark sweep GC freed 3(96B) AllocSpace objects, 0(0B) LOS objects, 34% free, 30MB/46MB, paused 352us total 14.302ms
08-06 03:42:32.690  1142  1154 I art     : Starting a blocking GC Explicit
08-06 03:42:32.705  1142  1154 I art     : Explicit concurrent mark sweep GC freed 3(96B) AllocSpace objects, 0(0B) LOS objects, 34% free, 30MB/46MB, paused 371us total 14.459ms
08-06 03:42:33.025  1142 10856 I art     : Starting a blocking GC Explicit
08-06 03:42:33.043  1142 10856 I art     : Explicit concurrent mark sweep GC freed 1386(80KB) AllocSpace objects, 1(20KB) LOS objects, 34% free, 30MB/46MB, paused 352us total 18.496ms
08-06 03:42:33.055  1142 10856 I art     : Starting a blocking GC Explicit
08-06 03:42:33.070  1142 10856 I art     : Explicit concurrent mark sweep GC freed 20(704B) AllocSpace objects, 0(0B) LOS objects, 34% free, 30MB/46MB, paused 330us total 14.956ms
08-06 03:42:33.076  1142 10856 I art     : Starting a blocking GC Explicit
08-06 03:42:33.091  1142 10856 I art     : Explicit concurrent mark sweep GC freed 3(96B) AllocSpace objects, 0(0B) LOS objects, 34% free, 30MB/46MB, paused 335us total 14.393ms
08-06 03:42:33.097  1142 10856 I art     : Starting a blocking GC Explicit
08-06 03:42:33.111  1142 10856 I art     : Explicit concurrent mark sweep GC freed 3(96B) AllocSpace objects, 0(0B) LOS objects, 34% free, 30MB/46MB, paused 325us total 14.185ms
08-06 03:42:33.118  1142 10856 I art     : Starting a blocking GC Explicit
08-06 03:42:33.132  1142 10856 I art     : Explicit concurrent mark sweep GC freed 3(96B) AllocSpace objects, 0(0B) LOS objects, 34% free, 30MB/46MB, paused 322us total 14.547ms
08-06 03:42:33.385  1142  1153 I art     : Starting a blocking GC Explicit
08-06 03:42:33.402  1142  1153 I art     : Explicit concurrent mark sweep GC freed 1386(80KB) AllocSpace objects, 1(20KB) LOS objects, 34% free, 30MB/46MB, paused 345us total 16.876ms
08-06 03:42:33.411  1142  1153 I art     : Starting a blocking GC Explicit
08-06 03:42:33.426  1142  1153 I art     : Explicit concurrent mark sweep GC freed 20(704B) AllocSpace objects, 0(0B) LOS objects, 34% free, 30MB/46MB, paused 329us total 14.945ms
08-06 03:42:33.433  1142  1153 I art     : Starting a blocking GC Explicit
08-06 03:42:33.447  1142  1153 I art     : Explicit concurrent mark sweep GC freed 3(96B) AllocSpace objects, 0(0B) LOS objects, 34% free, 30MB/46MB, paused 323us total 14.724ms
08-06 03:42:33.454  1142  1153 I art     : Starting a blocking GC Explicit
08-06 03:42:33.469  1142  1153 I art     : Explicit concurrent mark sweep GC freed 3(96B) AllocSpace objects, 0(0B) LOS objects, 34% free, 30MB/46MB, paused 330us total 14.801ms
08-06 03:42:33.475  1142  1153 I art     : Starting a blocking GC Explicit
08-06 03:42:33.490  1142  1153 I art     : Explicit concurrent mark sweep GC freed 3(96B) AllocSpace objects, 0(0B) LOS objects, 34% free, 30MB/46MB, paused 313us total 14.747ms
08-06 03:42:33.788  1142  1154 I art     : Starting a blocking GC Explicit
08-06 03:42:33.807  1142  1154 I art     : Explicit concurrent mark sweep GC freed 1386(80KB) AllocSpace objects, 1(20KB) LOS objects, 34% free, 30MB/46MB, paused 325us total 17.996ms
08-06 03:42:33.819  1142  1154 I art     : Starting a blocking GC Explicit
08-06 03:42:33.834  1142  1154 I art     : Explicit concurrent mark sweep GC freed 20(704B) AllocSpace objects, 0(0B) LOS objects, 34% free, 30MB/46MB, paused 321us total 14.614ms
08-06 03:42:33.840  1142  1154 I art     : Starting a blocking GC Explicit
08-06 03:42:33.855  1142  1154 I art     : Explicit concurrent mark sweep GC freed 3(96B) AllocSpace objects, 0(0B) LOS objects, 34% free, 30MB/46MB, paused 359us total 14.434ms
08-06 03:42:33.861  1142  1154 I art     : Starting a blocking GC Explicit
08-06 03:42:33.876  1142  1154 I art     : Explicit concurrent mark sweep GC freed 3(96B) AllocSpace objects, 0(0B) LOS objects, 34% free, 30MB/46MB, paused 325us total 14.299ms
08-06 03:42:33.882  1142  1154 I art     : Starting a blocking GC Explicit
08-06 03:42:33.896  1142  1154 I art     : Explicit concurrent mark sweep GC freed 3(96B) AllocSpace objects, 0(0B) LOS objects, 34% free, 30MB/46MB, paused 316us total 14.385ms
08-06 03:42:34.188  1142 10856 I art     : Starting a blocking GC Explicit
08-06 03:42:34.206  1142 10856 I art     : Explicit concurrent mark sweep GC freed 1386(80KB) AllocSpace objects, 1(20KB) LOS objects, 34% free, 30MB/46MB, paused 361us total 17.522ms
08-06 03:42:34.215  1142 10856 I art     : Starting a blocking GC Explicit
08-06 03:42:34.231  1142 10856 I art     : Explicit concurrent mark sweep GC freed 20(704B) AllocSpace objects, 0(0B) LOS objects, 34% free, 30MB/46MB, paused 334us total 15.059ms
08-06 03:42:34.238  1142 10856 I art     : Starting a blocking GC Explicit
08-06 03:42:34.253  1142 10856 I art     : Explicit concurrent mark sweep GC freed 3(96B) AllocSpace objects, 0(0B) LOS objects, 34% free, 30MB/46MB, paused 333us total 14.784ms
08-06 03:42:34.259  1142 10856 I art     : Starting a blocking GC Explicit
08-06 03:42:34.274  1142 10856 I art     : Explicit concurrent mark sweep GC freed 3(96B) AllocSpace objects, 0(0B) LOS objects, 34% free, 30MB/46MB, paused 305us total 14.932ms
08-06 03:42:34.281  1142 10856 I art     : Starting a blocking GC Explicit
08-06 03:42:34.296  1142 10856 I art     : Explicit concurrent mark sweep GC freed 3(96B) AllocSpace objects, 0(0B) LOS objects, 34% free, 30MB/46MB, paused 340us total 14.859ms
08-06 03:42:34.621  1142  1153 I art     : Starting a blocking GC Explicit
08-06 03:42:34.641  1142  1153 I art     : Explicit concurrent mark sweep GC freed 1386(80KB) AllocSpace objects, 1(20KB) LOS objects, 34% free, 30MB/46MB, paused 356us total 19.926ms
08-06 03:42:34.651  1142  1153 I art     : Starting a blocking GC Explicit
08-06 03:42:34.666  1142  1153 I art     : Explicit concurrent mark sweep GC freed 20(704B) AllocSpace objects, 0(0B) LOS objects, 34% free, 30MB/46MB, paused 363us total 14.778ms
08-06 03:42:34.672  1142  1153 I art     : Starting a blocking GC Explicit
08-06 03:42:34.686  1142  1153 I art     : Explicit concurrent mark sweep GC freed 3(96B) AllocSpace objects, 0(0B) LOS objects, 34% free, 30MB/46MB, paused 312us total 14.283ms
08-06 03:42:34.693  1142  1153 I art     : Starting a blocking GC Explicit
08-06 03:42:34.707  1142  1153 I art     : Explicit concurrent mark sweep GC freed 3(96B) AllocSpace objects, 0(0B) LOS objects, 34% free, 30MB/46MB, paused 314us total 14.409ms
08-06 03:42:34.714  1142  1153 I art     : Starting a blocking GC Explicit
08-06 03:42:34.728  1142  1153 I art     : Explicit concurrent mark sweep GC freed 3(96B) AllocSpace objects, 0(0B) LOS objects, 34% free, 30MB/46MB, paused 315us total 14.330ms
08-06 03:42:34.977   918  3261 D WifiStateMachine: starting scan for "H369AA63323"WPA_PSK with 2412,5180
08-06 03:42:35.036  1142  1154 I art     : Starting a blocking GC Explicit
08-06 03:42:35.053  1142  1154 I art     : Explicit concurrent mark sweep GC freed 1386(80KB) AllocSpace objects, 1(20KB) LOS objects, 34% free, 30MB/46MB, paused 347us total 17.354ms
08-06 03:42:35.060  1142  1154 I art     : Starting a blocking GC Explicit
08-06 03:42:35.075  1142  1154 I art     : Explicit concurrent mark sweep GC freed 20(704B) AllocSpace objects, 0(0B) LOS objects, 34% free, 30MB/46MB, paused 298us total 15.015ms
08-06 03:42:35.081  1142  1154 I art     : Starting a blocking GC Explicit
08-06 03:42:35.096  1142  1154 I art     : Explicit concurrent mark sweep GC freed 3(96B) AllocSpace objects, 0(0B) LOS objects, 34% free, 30MB/46MB, paused 326us total 14.845ms
08-06 03:42:35.103  1142  1154 I art     : Starting a blocking GC Explicit
08-06 03:42:35.118  1142  1154 I art     : Explicit concurrent mark sweep GC freed 3(96B) AllocSpace objects, 0(0B) LOS objects, 34% free, 30MB/46MB, paused 330us total 14.628ms
08-06 03:42:35.124  1142  1154 I art     : Starting a blocking GC Explicit
08-06 03:42:35.139  1142  1154 I art     : Explicit concurrent mark sweep GC freed 3(96B) AllocSpace objects, 0(0B) LOS objects, 34% free, 30MB/46MB, paused 335us total 14.644ms
08-06 03:42:35.470  1142 10856 I art     : Starting a blocking GC Explicit
08-06 03:42:35.490  1142 10856 I art     : Explicit concurrent mark sweep GC freed 1386(80KB) AllocSpace objects, 1(20KB) LOS objects, 34% free, 30MB/46MB, paused 361us total 19.682ms
08-06 03:42:35.501  1142 10856 I art     : Starting a blocking GC Explicit
08-06 03:42:35.516  1142 10856 I art     : Explicit concurrent mark sweep GC freed 20(704B) AllocSpace objects, 0(0B) LOS objects, 34% free, 30MB/46MB, paused 325us total 14.769ms
08-06 03:42:35.522  1142 10856 I art     : Starting a blocking GC Explicit
08-06 03:42:35.537  1142 10856 I art     : Explicit concurrent mark sweep GC freed 3(96B) AllocSpace objects, 0(0B) LOS objects, 34% free, 30MB/46MB, paused 420us total 14.292ms
08-06 03:42:35.543  1142 10856 I art     : Starting a blocking GC Explicit
08-06 03:42:35.558  1142 10856 I art     : Explicit concurrent mark sweep GC freed 3(96B) AllocSpace objects, 0(0B) LOS objects, 34% free, 30MB/46MB, paused 313us total 14.677ms
08-06 03:42:35.564  1142 10856 I art     : Starting a blocking GC Explicit
08-06 03:42:35.578  1142 10856 I art     : Explicit concurrent mark sweep GC freed 3(96B) AllocSpace objects, 0(0B) LOS objects, 34% free, 30MB/46MB, paused 320us total 14.311ms
08-06 03:42:35.883  1142  1153 I art     : Starting a blocking GC Explicit
08-06 03:42:35.902  1142  1153 I art     : Explicit concurrent mark sweep GC freed 1386(80KB) AllocSpace objects, 1(20KB) LOS objects, 34% free, 30MB/46MB, paused 348us total 18.220ms
08-06 03:42:35.910  1142  1153 I art     : Starting a blocking GC Explicit
08-06 03:42:35.926  1142  1153 I art     : Explicit concurrent mark sweep GC freed 20(704B) AllocSpace objects, 0(0B) LOS objects, 34% free, 30MB/46MB, paused 317us total 15.205ms
08-06 03:42:35.932  1142  1153 I art     : Starting a blocking GC Explicit
08-06 03:42:35.947  1142  1153 I art     : Explicit concurrent mark sweep GC freed 3(96B) AllocSpace objects, 0(0B) LOS objects, 34% free, 30MB/46MB, paused 337us total 14.919ms
08-06 03:42:35.954  1142  1153 I art     : Starting a blocking GC Explicit
08-06 03:42:35.969  1142  1153 I art     : Explicit concurrent mark sweep GC freed 3(96B) AllocSpace objects, 0(0B) LOS objects, 34% free, 30MB/46MB, paused 314us total 14.774ms
08-06 03:42:35.975  1142  1153 I art     : Starting a blocking GC Explicit
08-06 03:42:35.990  1142  1153 I art     : Explicit concurrent mark sweep GC freed 3(96B) AllocSpace objects, 0(0B) LOS objects, 34% free, 30MB/46MB, paused 329us total 14.735ms
08-06 03:42:36.297  1142  1154 I art     : Starting a blocking GC Explicit
08-06 03:42:36.314  1142  1154 I art     : Explicit concurrent mark sweep GC freed 1386(80KB) AllocSpace objects, 1(20KB) LOS objects, 34% free, 30MB/46MB, paused 365us total 16.944ms
08-06 03:42:36.321  1142  1154 I art     : Starting a blocking GC Explicit
08-06 03:42:36.336  1142  1154 I art     : Explicit concurrent mark sweep GC freed 20(704B) AllocSpace objects, 0(0B) LOS objects, 34% free, 30MB/46MB, paused 323us total 15.078ms
08-06 03:42:36.343  1142  1154 I art     : Starting a blocking GC Explicit
08-06 03:42:36.357  1142  1154 I art     : Explicit concurrent mark sweep GC freed 3(96B) AllocSpace objects, 0(0B) LOS objects, 34% free, 30MB/46MB, paused 319us total 14.334ms
08-06 03:42:36.363  1142  1154 I art     : Starting a blocking GC Explicit
08-06 03:42:36.378  1142  1154 I art     : Explicit concurrent mark sweep GC freed 3(96B) AllocSpace objects, 0(0B) LOS objects, 34% free, 30MB/46MB, paused 307us total 14.350ms
08-06 03:42:36.384  1142  1154 I art     : Starting a blocking GC Explicit
08-06 03:42:36.399  1142  1154 I art     : Explicit concurrent mark sweep GC freed 3(96B) AllocSpace objects, 0(0B) LOS objects, 34% free, 30MB/46MB, paused 325us total 15.200ms
08-06 03:42:36.424  6649  6649 I ServiceManager: Waiting for service AtCmdFwd...
08-06 03:42:36.715  1142 10856 I art     : Starting a blocking GC Explicit
08-06 03:42:36.734  1142 10856 I art     : Explicit concurrent mark sweep GC freed 1386(80KB) AllocSpace objects, 1(20KB) LOS objects, 34% free, 30MB/46MB, paused 352us total 18.581ms
08-06 03:42:36.745  1142 10856 I art     : Starting a blocking GC Explicit
08-06 03:42:36.760  1142 10856 I art     : Explicit concurrent mark sweep GC freed 20(704B) AllocSpace objects, 0(0B) LOS objects, 34% free, 30MB/46MB, paused 307us total 14.334ms
08-06 03:42:36.765  1142 10856 I art     : Starting a blocking GC Explicit
08-06 03:42:36.779  1142 10856 I art     : Explicit concurrent mark sweep GC freed 3(96B) AllocSpace objects, 0(0B) LOS objects, 34% free, 30MB/46MB, paused 323us total 13.586ms
08-06 03:42:36.785  1142 10856 I art     : Starting a blocking GC Explicit
08-06 03:42:36.799  1142 10856 I art     : Explicit concurrent mark sweep GC freed 3(96B) AllocSpace objects, 0(0B) LOS objects, 34% free, 30MB/46MB, paused 323us total 13.919ms
08-06 03:42:36.805  1142 10856 I art     : Starting a blocking GC Explicit
08-06 03:42:36.820  1142 10856 I art     : Explicit concurrent mark sweep GC freed 3(96B) AllocSpace objects, 0(0B) LOS objects, 34% free, 30MB/46MB, paused 311us total 14.619ms
08-06 03:42:37.130  1142  1153 I art     : Starting a blocking GC Explicit
08-06 03:42:37.149  1142  1153 I art     : Explicit concurrent mark sweep GC freed 1386(80KB) AllocSpace objects, 1(20KB) LOS objects, 34% free, 30MB/46MB, paused 375us total 18.825ms
08-06 03:42:37.156  1142  1153 I art     : Starting a blocking GC Explicit
08-06 03:42:37.171  1142  1153 I art     : Explicit concurrent mark sweep GC freed 20(704B) AllocSpace objects, 0(0B) LOS objects, 34% free, 30MB/46MB, paused 326us total 14.769ms
08-06 03:42:37.177  1142  1153 I art     : Starting a blocking GC Explicit
08-06 03:42:37.193  1142  1153 I art     : Explicit concurrent mark sweep GC freed 3(96B) AllocSpace objects, 0(0B) LOS objects, 34% free, 30MB/46MB, paused 323us total 15.040ms
08-06 03:42:37.199  1142  1153 I art     : Starting a blocking GC Explicit
08-06 03:42:37.214  1142  1153 I art     : Explicit concurrent mark sweep GC freed 3(96B) AllocSpace objects, 0(0B) LOS objects, 34% free, 30MB/46MB, paused 320us total 14.671ms
08-06 03:42:37.221  1142  1153 I art     : Starting a blocking GC Explicit
08-06 03:42:37.236  1142  1153 I art     : Explicit concurrent mark sweep GC freed 3(96B) AllocSpace objects, 0(0B) LOS objects, 34% free, 30MB/46MB, paused 324us total 14.944ms
08-06 03:42:37.425  6649  6649 I ServiceManager: Waiting for service AtCmdFwd...
08-06 03:42:37.539  1142  1154 I art     : Starting a blocking GC Explicit
08-06 03:42:37.559  1142  1154 I art     : Explicit concurrent mark sweep GC freed 1386(80KB) AllocSpace objects, 1(20KB) LOS objects, 34% free, 30MB/46MB, paused 366us total 19.916ms
08-06 03:42:37.566  1142  1154 I art     : Starting a blocking GC Explicit
08-06 03:42:37.580  1142  1154 I art     : Explicit concurrent mark sweep GC freed 20(704B) AllocSpace objects, 0(0B) LOS objects, 34% free, 30MB/46MB, paused 315us total 13.785ms
08-06 03:42:37.586  1142  1154 I art     : Starting a blocking GC Explicit
08-06 03:42:37.599  1142  1154 I art     : Explicit concurrent mark sweep GC freed 3(96B) AllocSpace objects, 0(0B) LOS objects, 34% free, 30MB/46MB, paused 314us total 13.607ms
08-06 03:42:37.605  1142  1154 I art     : Starting a blocking GC Explicit
08-06 03:42:37.620  1142  1154 I art     : Explicit concurrent mark sweep GC freed 3(96B) AllocSpace objects, 0(0B) LOS objects, 34% free, 30MB/46MB, paused 320us total 14.451ms
08-06 03:42:37.626  1142  1154 I art     : Starting a blocking GC Explicit
08-06 03:42:37.640  1142  1154 I art     : Explicit concurrent mark sweep GC freed 3(96B) AllocSpace objects, 0(0B) LOS objects, 34% free, 30MB/46MB, paused 315us total 14.144ms
08-06 03:42:37.973  1142 10856 I art     : Starting a blocking GC Explicit
08-06 03:42:37.992  1142 10856 I art     : Explicit concurrent mark sweep GC freed 1386(80KB) AllocSpace objects, 1(20KB) LOS objects, 34% free, 30MB/46MB, paused 346us total 18.504ms
08-06 03:42:38.001  1142 10856 I art     : Starting a blocking GC Explicit
08-06 03:42:38.016  1142 10856 I art     : Explicit concurrent mark sweep GC freed 20(704B) AllocSpace objects, 0(0B) LOS objects, 34% free, 30MB/46MB, paused 318us total 14.830ms
08-06 03:42:38.022  1142 10856 I art     : Starting a blocking GC Explicit
08-06 03:42:38.037  1142 10856 I art     : Explicit concurrent mark sweep GC freed 3(96B) AllocSpace objects, 0(0B) LOS objects, 34% free, 30MB/46MB, paused 373us total 14.311ms
08-06 03:42:38.043  1142 10856 I art     : Starting a blocking GC Explicit
08-06 03:42:38.058  1142 10856 I art     : Explicit concurrent mark sweep GC freed 3(96B) AllocSpace objects, 0(0B) LOS objects, 34% free, 30MB/46MB, paused 318us total 14.640ms
08-06 03:42:38.064  1142 10856 I art     : Starting a blocking GC Explicit
08-06 03:42:38.079  1142 10856 I art     : Explicit concurrent mark sweep GC freed 3(96B) AllocSpace objects, 0(0B) LOS objects, 34% free, 30MB/46MB, paused 308us total 14.404ms
08-06 03:42:38.384  1142  1153 I art     : Starting a blocking GC Explicit
08-06 03:42:38.401  1142  1153 I art     : Explicit concurrent mark sweep GC freed 1386(80KB) AllocSpace objects, 1(20KB) LOS objects, 34% free, 30MB/46MB, paused 345us total 16.804ms
08-06 03:42:38.408  1142  1153 I art     : Starting a blocking GC Explicit
08-06 03:42:38.424  1142  1153 I art     : Explicit concurrent mark sweep GC freed 20(704B) AllocSpace objects, 0(0B) LOS objects, 34% free, 30MB/46MB, paused 323us total 14.969ms
08-06 03:42:38.426  6649  6649 I ServiceManager: Waiting for service AtCmdFwd...
08-06 03:42:38.430  1142  1153 I art     : Starting a blocking GC Explicit
08-06 03:42:38.446  1142  1153 I art     : Explicit concurrent mark sweep GC freed 3(96B) AllocSpace objects, 0(0B) LOS objects, 34% free, 30MB/46MB, paused 376us total 15.220ms
08-06 03:42:38.453  1142  1153 I art     : Starting a blocking GC Explicit
08-06 03:42:38.468  1142  1153 I art     : Explicit concurrent mark sweep GC freed 3(96B) AllocSpace objects, 0(0B) LOS objects, 34% free, 30MB/46MB, paused 322us total 14.977ms
08-06 03:42:38.474  1142  1153 I art     : Starting a blocking GC Explicit
08-06 03:42:38.489  1142  1153 I art     : Explicit concurrent mark sweep GC freed 3(96B) AllocSpace objects, 0(0B) LOS objects, 34% free, 30MB/46MB, paused 309us total 14.357ms
08-06 03:42:38.796  1142  1154 I art     : Starting a blocking GC Explicit
08-06 03:42:38.815  1142  1154 I art     : Explicit concurrent mark sweep GC freed 1386(80KB) AllocSpace objects, 1(20KB) LOS objects, 34% free, 30MB/46MB, paused 360us total 18.402ms
08-06 03:42:38.824  1142  1154 I art     : Starting a blocking GC Explicit
08-06 03:42:38.839  1142  1154 I art     : Explicit concurrent mark sweep GC freed 20(704B) AllocSpace objects, 0(0B) LOS objects, 34% free, 30MB/46MB, paused 328us total 14.624ms
08-06 03:42:38.845  1142  1154 I art     : Starting a blocking GC Explicit
08-06 03:42:38.859  1142  1154 I art     : Explicit concurrent mark sweep GC freed 3(96B) AllocSpace objects, 0(0B) LOS objects, 34% free, 30MB/46MB, paused 326us total 14.398ms
08-06 03:42:38.866  1142  1154 I art     : Starting a blocking GC Explicit
08-06 03:42:38.880  1142  1154 I art     : Explicit concurrent mark sweep GC freed 3(96B) AllocSpace objects, 0(0B) LOS objects, 34% free, 30MB/46MB, paused 310us total 14.412ms
08-06 03:42:38.887  1142  1154 I art     : Starting a blocking GC Explicit
08-06 03:42:38.901  1142  1154 I art     : Explicit concurrent mark sweep GC freed 3(96B) AllocSpace objects, 0(0B) LOS objects, 34% free, 30MB/46MB, paused 328us total 14.409ms
08-06 03:42:39.169  1142 10856 I art     : Starting a blocking GC Explicit
08-06 03:42:39.184  1142 10856 I art     : Explicit concurrent mark sweep GC freed 1386(80KB) AllocSpace objects, 1(20KB) LOS objects, 34% free, 30MB/46MB, paused 336us total 15.375ms
08-06 03:42:39.191  1142 10856 I art     : Starting a blocking GC Explicit
08-06 03:42:39.207  1142 10856 I art     : Explicit concurrent mark sweep GC freed 20(704B) AllocSpace objects, 0(0B) LOS objects, 34% free, 30MB/46MB, paused 396us total 15.224ms
08-06 03:42:39.213  1142 10856 I art     : Starting a blocking GC Explicit
08-06 03:42:39.229  1142 10856 I art     : Explicit concurrent mark sweep GC freed 3(96B) AllocSpace objects, 0(0B) LOS objects, 34% free, 30MB/46MB, paused 323us total 15.295ms
08-06 03:42:39.235  1142 10856 I art     : Starting a blocking GC Explicit
08-06 03:42:39.249  1142 10856 I art     : Explicit concurrent mark sweep GC freed 3(96B) AllocSpace objects, 0(0B) LOS objects, 34% free, 30MB/46MB, paused 319us total 14.191ms
08-06 03:42:39.255  1142 10856 I art     : Starting a blocking GC Explicit
08-06 03:42:39.270  1142 10856 I art     : Explicit concurrent mark sweep GC freed 3(96B) AllocSpace objects, 0(0B) LOS objects, 34% free, 30MB/46MB, paused 317us total 14.470ms
08-06 03:42:39.394 11133 11133 D AndroidRuntime: >>>>>> START com.android.internal.os.RuntimeInit uid 2000 <<<<<<
08-06 03:42:39.398 11133 11133 D AndroidRuntime: CheckJNI is OFF
08-06 03:42:39.423 11133 11133 D ICU     : No timezone override file found: /data/misc/zoneinfo/current/icu/icu_tzdata.dat
08-06 03:42:39.427  6649  6649 I ServiceManager: Waiting for service AtCmdFwd...
08-06 03:42:39.448 11133 11133 I Radio-JNI: register_android_hardware_Radio DONE
08-06 03:42:39.464 11133 11133 D AndroidRuntime: Calling main entry com.android.commands.input.Input
08-06 03:42:39.466 11133 11133 I Input   : injectMotionEvent: MotionEvent { action=ACTION_DOWN, actionButton=0, id[0]=0, x[0]=436.0, y[0]=453.0, toolType[0]=TOOL_TYPE_UNKNOWN, buttonState=0, metaState=0, flags=0x0, edgeFlags=0x0, pointerCount=1, historySize=0, eventTime=848575879, downTime=848575879, deviceId=0, source=0x1002 }
08-06 03:42:39.472 11133 11133 I Input   : injectMotionEvent: MotionEvent { action=ACTION_UP, actionButton=0, id[0]=0, x[0]=436.0, y[0]=453.0, toolType[0]=TOOL_TYPE_UNKNOWN, buttonState=0, metaState=0, flags=0x0, edgeFlags=0x0, pointerCount=1, historySize=0, eventTime=848575879, downTime=848575879, deviceId=0, source=0x1002 }
08-06 03:42:39.475 11133 11133 D AndroidRuntime: Shutting down VM
08-06 03:42:39.483   918  3670 I ActivityManager: START u0 {cmp=baseline.com.newsblur/.activity.GlobalSharedStoriesReading (has extras)} from uid 10698 on display 0
08-06 03:42:39.484   512  2967 D audio_hw_primary: out_set_parameters: enter: usecase(1: low-latency-playback) kvpairs: routing=2
08-06 03:42:39.497   512  2967 D audio_hw_primary: select_devices: out_snd_device(2: speaker) in_snd_device(0: none)
08-06 03:42:39.497   512  2967 D msm8974_platform: platform_send_audio_calibration: sending audio calibration for snd_device(2) acdb_id(15)
08-06 03:42:39.497   512  2967 I soundtrigger: audio_extn_sound_trigger_update_device_status: device 0x2 of type 0 for Event 1
08-06 03:42:39.508   512  2967 D audio_hw_primary: enable_snd_device: snd_device(2: speaker)
08-06 03:42:39.510   512  2967 D audio_hw_primary: enable_audio_route: apply and update mixer path: low-latency-playback speaker
08-06 03:42:39.544  1142  1154 I art     : Starting a blocking GC Explicit
08-06 03:42:39.560  1142  1154 I art     : Explicit concurrent mark sweep GC freed 2976(264KB) AllocSpace objects, 5(528KB) LOS objects, 33% free, 32MB/48MB, paused 444us total 16.169ms
08-06 03:42:39.566  1142  1154 I art     : Starting a blocking GC Explicit
08-06 03:42:39.582  1142  1154 I art     : Explicit concurrent mark sweep GC freed 522(43KB) AllocSpace objects, 1(20KB) LOS objects, 33% free, 32MB/48MB, paused 494us total 15.345ms
08-06 03:42:39.589  1142  1154 I art     : Starting a blocking GC Explicit
08-06 03:42:39.603  1142  1154 I art     : Explicit concurrent mark sweep GC freed 66(3KB) AllocSpace objects, 0(0B) LOS objects, 33% free, 32MB/48MB, paused 331us total 14.311ms
08-06 03:42:39.609  1142  1154 I art     : Starting a blocking GC Explicit
08-06 03:42:39.624  1142  1154 I art     : Explicit concurrent mark sweep GC freed 259(35KB) AllocSpace objects, 1(20KB) LOS objects, 32% free, 33MB/49MB, paused 446us total 15.084ms
08-06 03:42:39.631  1142  1154 I art     : Starting a blocking GC Explicit
08-06 03:42:39.647  1142  1154 I art     : Explicit concurrent mark sweep GC freed 178(14KB) AllocSpace objects, 0(0B) LOS objects, 32% free, 33MB/49MB, paused 482us total 16.202ms
08-06 03:42:39.655   918   936 I ActivityManager: Displayed baseline.com.newsblur/.activity.GlobalSharedStoriesReading: +164ms
08-06 03:42:39.657 13866 13866 I GoogleInputMethodServic: GoogleInputMethodService.onFinishInput():3138 
08-06 03:42:39.657 13866 13866 I GoogleInputMethodServic: GoogleInputMethodService.onStartInput():1808 
08-06 03:42:39.667  1142  1142 I WebViewFactory: Loading com.google.android.webview version 84.0.4147.89 (code 414708953)
08-06 03:42:39.726  1142  1142 I cr_LibraryLoader: Loaded native library version number "84.0.4147.89"
08-06 03:42:39.727  1142  1142 I cr_CachingUmaRecorder: Flushed 5 samples from 5 histograms.
08-06 03:42:39.751  1142  1142 E chromium: [ERROR:filesystem_posix.cc(62)] mkdir /data/user/0/baseline.com.newsblur/cache/WebView/Crashpad: No such file or directory (2)
08-06 03:42:39.838   918  6029 D ConnectivityService: listenForNetwork for Listen from uid/pid:10698/1142 for NetworkRequest [ id=3805, legacyType=-1, [ Capabilities: INTERNET&NOT_RESTRICTED&TRUSTED] ]
08-06 03:42:39.881  1142  1154 I art     : Starting a blocking GC Explicit
08-06 03:42:39.904  1142  1154 I art     : Explicit concurrent mark sweep GC freed 10112(974KB) AllocSpace objects, 6(120KB) LOS objects, 30% free, 36MB/52MB, paused 1.002ms total 23.271ms
08-06 03:42:39.912  1142  1154 I art     : Starting a blocking GC Explicit
08-06 03:42:39.932  1142  1154 I art     : Explicit concurrent mark sweep GC freed 1061(56KB) AllocSpace objects, 0(0B) LOS objects, 30% free, 36MB/52MB, paused 1.099ms total 19.980ms
08-06 03:42:39.948  1142 11182 W cr_media: Requires BLUETOOTH permission
08-06 03:42:39.948  1142  1154 I art     : Starting a blocking GC Explicit
08-06 03:42:39.964  1142 11206 E libEGL  : validate_display:255 error 3008 (EGL_BAD_DISPLAY)
08-06 03:42:39.978  1142  1154 I art     : Explicit concurrent mark sweep GC freed 8389(433KB) AllocSpace objects, 7(168KB) LOS objects, 30% free, 36MB/52MB, paused 970us total 29.841ms
08-06 03:42:39.991  1142  1154 I art     : Starting a blocking GC Explicit
08-06 03:42:40.013  1142  1154 I art     : Explicit concurrent mark sweep GC freed 352(24KB) AllocSpace objects, 3(76KB) LOS objects, 30% free, 36MB/52MB, paused 1.068ms total 21.840ms
08-06 03:42:40.027  1142  1154 I art     : Starting a blocking GC Explicit
08-06 03:42:40.038   512  2967 D audio_hw_primary: disable_audio_route: reset and update mixer path: low-latency-playback speaker
08-06 03:42:40.039   512  2967 D audio_hw_primary: disable_snd_device: snd_device(2: speaker)
08-06 03:42:40.047   512  2967 I soundtrigger: audio_extn_sound_trigger_update_device_status: device 0x2 of type 0 for Event 0
08-06 03:42:40.054  1142  1154 I art     : Explicit concurrent mark sweep GC freed 2221(154KB) AllocSpace objects, 3(60KB) LOS objects, 30% free, 36MB/52MB, paused 1.710ms total 26.605ms
08-06 03:42:40.307  1142 11214 I art     : Starting a blocking GC Explicit
08-06 03:42:40.329  1142 11214 I art     : Explicit concurrent mark sweep GC freed 10227(613KB) AllocSpace objects, 6(128KB) LOS objects, 30% free, 36MB/52MB, paused 665us total 22.067ms
08-06 03:42:40.337  1142 11214 I art     : Starting a blocking GC Explicit
08-06 03:42:40.360  1142 11214 I art     : Explicit concurrent mark sweep GC freed 4200(166KB) AllocSpace objects, 1(28KB) LOS objects, 30% free, 36MB/52MB, paused 778us total 22.749ms
08-06 03:42:40.369  1142 11214 I art     : Starting a blocking GC Explicit
08-06 03:42:40.391  1142 11214 I art     : Explicit concurrent mark sweep GC freed 271(9KB) AllocSpace objects, 0(0B) LOS objects, 30% free, 36MB/52MB, paused 596us total 21.975ms
08-06 03:42:40.398  1142 11214 I art     : Starting a blocking GC Explicit
08-06 03:42:40.419  1142 11214 I art     : Explicit concurrent mark sweep GC freed 325(28KB) AllocSpace objects, 0(0B) LOS objects, 30% free, 36MB/52MB, paused 744us total 20.563ms
08-06 03:42:40.426  1142 11214 I art     : Starting a blocking GC Explicit
08-06 03:42:40.427  6649  6649 I ServiceManager: Waiting for service AtCmdFwd...
08-06 03:42:40.427   918  1209 D NetworkMonitor/NetworkAgentInfo [WIFI () - 159]: Checking http://connectivitycheck.gstatic.com/generate_204 on "H369AA63323", 192.168.2.12=192.168.2.12
08-06 03:42:40.447  1142 11214 I art     : Explicit concurrent mark sweep GC freed 2026(125KB) AllocSpace objects, 2(120KB) LOS objects, 30% free, 36MB/52MB, paused 932us total 21.363ms
08-06 03:42:40.455   918  1209 D NetworkMonitor/NetworkAgentInfo [WIFI () - 159]: Probably not a portal: exception java.io.IOException: unexpected end of stream on Connection{connectivitycheck.gstatic.com:80, proxy=HTTP@/192.168.2.12:8080 hostAddress=192.168.2.12 cipherSuite=none protocol=http/1.1} (recycle count=0)
08-06 03:42:40.456   918  3263 D ConnectivityService: NetworkAgentInfo [WIFI () - 159] validation failed
08-06 03:42:40.457   918  3261 E WifiConfigStore:  rewrite network history for "H369AA63323"WPA_PSK
08-06 03:42:40.486  1142 11215 E baseline.com.newsblur.network.APIResponse: Error (unexpected end of stream on https://www.newsblur.com/...) calling https://www.newsblur.com/reader/mark_story_hashes_as_read/
08-06 03:42:40.486  1142 11215 E baseline.com.newsblur.network.APIResponse: java.io.IOException: unexpected end of stream on https://www.newsblur.com/...
08-06 03:42:40.486  1142 11215 E baseline.com.newsblur.network.APIResponse: 	at okhttp3.internal.http1.Http1ExchangeCodec.readResponseHeaders(Http1ExchangeCodec.java:236)
08-06 03:42:40.486  1142 11215 E baseline.com.newsblur.network.APIResponse: 	at okhttp3.internal.connection.Exchange.readResponseHeaders(Exchange.java:115)
08-06 03:42:40.486  1142 11215 E baseline.com.newsblur.network.APIResponse: 	at okhttp3.internal.http.CallServerInterceptor.intercept(CallServerInterceptor.java:94)
08-06 03:42:40.486  1142 11215 E baseline.com.newsblur.network.APIResponse: 	at okhttp3.internal.http.RealInterceptorChain.proceed(RealInterceptorChain.java:142)
08-06 03:42:40.486  1142 11215 E baseline.com.newsblur.network.APIResponse: 	at okhttp3.internal.connection.ConnectInterceptor.intercept(ConnectInterceptor.java:43)
08-06 03:42:40.486  1142 11215 E baseline.com.newsblur.network.APIResponse: 	at okhttp3.internal.http.RealInterceptorChain.proceed(RealInterceptorChain.java:142)
08-06 03:42:40.486  1142 11215 E baseline.com.newsblur.network.APIResponse: 	at okhttp3.internal.http.RealInterceptorChain.proceed(RealInterceptorChain.java:117)
08-06 03:42:40.486  1142 11215 E baseline.com.newsblur.network.APIResponse: 	at okhttp3.internal.cache.CacheInterceptor.intercept(CacheInterceptor.java:94)
08-06 03:42:40.486  1142 11215 E baseline.com.newsblur.network.APIResponse: 	at okhttp3.internal.http.RealInterceptorChain.proceed(RealInterceptorChain.java:142)
08-06 03:42:40.486  1142 11215 E baseline.com.newsblur.network.APIResponse: 	at okhttp3.internal.http.RealInterceptorChain.proceed(RealInterceptorChain.java:117)
08-06 03:42:40.486  1142 11215 E baseline.com.newsblur.network.APIResponse: 	at okhttp3.internal.http.BridgeInterceptor.intercept(BridgeInterceptor.java:93)
08-06 03:42:40.486  1142 11215 E baseline.com.newsblur.network.APIResponse: 	at okhttp3.internal.http.RealInterceptorChain.proceed(RealInterceptorChain.java:142)
08-06 03:42:40.486  1142 11215 E baseline.com.newsblur.network.APIResponse: 	at okhttp3.internal.http.RetryAndFollowUpInterceptor.intercept(RetryAndFollowUpInterceptor.java:88)
08-06 03:42:40.486  1142 11215 E baseline.com.newsblur.network.APIResponse: 	at okhttp3.internal.http.RealInterceptorChain.proceed(RealInterceptorChain.java:142)
08-06 03:42:40.486  1142 11215 E baseline.com.newsblur.network.APIResponse: 	at okhttp3.internal.http.RealInterceptorChain.proceed(RealInterceptorChain.java:117)
08-06 03:42:40.486  1142 11215 E baseline.com.newsblur.network.APIResponse: 	at okhttp3.RealCall.getResponseWithInterceptorChain(RealCall.java:229)
08-06 03:42:40.486  1142 11215 E baseline.com.newsblur.network.APIResponse: 	at okhttp3.RealCall.execute(RealCall.java:81)
08-06 03:42:40.486  1142 11215 E baseline.com.newsblur.network.APIResponse: 	at baseline.com.newsblur.network.APIResponse.<init>(APIResponse.java:57)
08-06 03:42:40.486  1142 11215 E baseline.com.newsblur.network.APIResponse: 	at baseline.com.newsblur.network.APIResponse.<init>(APIResponse.java:43)
08-06 03:42:40.486  1142 11215 E baseline.com.newsblur.network.APIResponse: 	at baseline.com.newsblur.network.APIManager.post_single(APIManager.java:702)
08-06 03:42:40.486  1142 11215 E baseline.com.newsblur.network.APIResponse: 	at baseline.com.newsblur.network.APIManager.post(APIManager.java:675)
08-06 03:42:40.486  1142 11215 E baseline.com.newsblur.network.APIResponse: 	at baseline.com.newsblur.network.APIManager.post(APIManager.java:714)
08-06 03:42:40.486  1142 11215 E baseline.com.newsblur.network.APIResponse: 	at baseline.com.newsblur.network.APIManager.markStoryAsRead(APIManager.java:205)
08-06 03:42:40.486  1142 11215 E baseline.com.newsblur.network.APIResponse: 	at baseline.com.newsblur.util.ReadingAction.doRemote(ReadingAction.java:281)
08-06 03:42:40.486  1142 11215 E baseline.com.newsblur.network.APIResponse: 	at baseline.com.newsblur.service.NBSyncService.syncActions(NBSyncService.java:400)
08-06 03:42:40.486  1142 11215 E baseline.com.newsblur.network.APIResponse: 	at baseline.com.newsblur.service.NBSyncService.doSync(NBSyncService.java:298)
08-06 03:42:40.486  1142 11215 E baseline.com.newsblur.network.APIResponse: 	at baseline.com.newsblur.service.NBSyncService.access$100(NBSyncService.java:67)
08-06 03:42:40.486  1142 11215 E baseline.com.newsblur.network.APIResponse: 	at baseline.com.newsblur.service.NBSyncService$1.run(NBSyncService.java:188)
08-06 03:42:40.486  1142 11215 E baseline.com.newsblur.network.APIResponse: 	at java.util.concurrent.ThreadPoolExecutor.runWorker(ThreadPoolExecutor.java:1113)
08-06 03:42:40.486  1142 11215 E baseline.com.newsblur.network.APIResponse: 	at java.util.concurrent.ThreadPoolExecutor$Worker.run(ThreadPoolExecutor.java:588)
08-06 03:42:40.486  1142 11215 E baseline.com.newsblur.network.APIResponse: 	at java.lang.Thread.run(Thread.java:818)
08-06 03:42:40.486  1142 11215 E baseline.com.newsblur.network.APIResponse: Caused by: java.io.EOFException: \n not found: limit=0 content=
08-06 03:42:40.486  1142 11215 E baseline.com.newsblur.network.APIResponse: 	at okio.RealBufferedSource.readUtf8LineStrict(RealBufferedSource.java:240)
08-06 03:42:40.486  1142 11215 E baseline.com.newsblur.network.APIResponse: 	at okhttp3.internal.http1.Http1ExchangeCodec.readHeaderLine(Http1ExchangeCodec.java:242)
08-06 03:42:40.486  1142 11215 E baseline.com.newsblur.network.APIResponse: 	at okhttp3.internal.http1.Http1ExchangeCodec.readResponseHeaders(Http1ExchangeCodec.java:213)
08-06 03:42:40.486  1142 11215 E baseline.com.newsblur.network.APIResponse: 	... 30 more
08-06 03:42:40.487  1142 11215 I baseline.com.newsblur.network.APIManager: API call failed, pausing before retry number 1
08-06 03:42:40.737  1142  1154 I art     : Starting a blocking GC Explicit
08-06 03:42:40.758  1142  1154 I art     : Explicit concurrent mark sweep GC freed 3835(428KB) AllocSpace objects, 4(140KB) LOS objects, 30% free, 36MB/52MB, paused 581us total 20.793ms
08-06 03:42:40.766  1142  1154 I art     : Starting a blocking GC Explicit
08-06 03:42:40.786  1142  1154 I art     : Explicit concurrent mark sweep GC freed 92(5KB) AllocSpace objects, 0(0B) LOS objects, 30% free, 36MB/52MB, paused 540us total 19.615ms
08-06 03:42:40.792  1142  1154 I art     : Starting a blocking GC Explicit
08-06 03:42:40.815  1142  1154 I art     : Explicit concurrent mark sweep GC freed 3(96B) AllocSpace objects, 0(0B) LOS objects, 30% free, 36MB/52MB, paused 773us total 21.885ms
08-06 03:42:40.822  1142  1154 I art     : Starting a blocking GC Explicit
08-06 03:42:40.843  1142  1154 I art     : Explicit concurrent mark sweep GC freed 3(96B) AllocSpace objects, 0(0B) LOS objects, 30% free, 36MB/52MB, paused 613us total 21.002ms
08-06 03:42:40.851  1142  1154 I art     : Starting a blocking GC Explicit
08-06 03:42:40.873  1142  1154 I art     : Explicit concurrent mark sweep GC freed 3(96B) AllocSpace objects, 0(0B) LOS objects, 30% free, 36MB/52MB, paused 545us total 21.149ms
08-06 03:42:41.190  1142 11214 I art     : Starting a blocking GC Explicit
08-06 03:42:41.218  1142 11214 I art     : Explicit concurrent mark sweep GC freed 1464(83KB) AllocSpace objects, 1(20KB) LOS objects, 30% free, 36MB/52MB, paused 921us total 27.590ms
08-06 03:42:41.227  1142 11214 I art     : Starting a blocking GC Explicit
08-06 03:42:41.254  1142 11214 I art     : Explicit concurrent mark sweep GC freed 32(1104B) AllocSpace objects, 0(0B) LOS objects, 30% free, 36MB/52MB, paused 715us total 27.230ms
08-06 03:42:41.262  1142 11214 I art     : Starting a blocking GC Explicit
08-06 03:42:41.286  1142 11214 I art     : Explicit concurrent mark sweep GC freed 10(320B) AllocSpace objects, 0(0B) LOS objects, 30% free, 36MB/52MB, paused 660us total 23.701ms
08-06 03:42:41.293  1142 11214 I art     : Starting a blocking GC Explicit
08-06 03:42:41.315  1142 11214 I art     : Explicit concurrent mark sweep GC freed 10(320B) AllocSpace objects, 0(0B) LOS objects, 30% free, 36MB/52MB, paused 668us total 22.281ms
08-06 03:42:41.323  1142 11214 I art     : Starting a blocking GC Explicit
08-06 03:42:41.344  1142 11214 I art     : Explicit concurrent mark sweep GC freed 10(320B) AllocSpace objects, 0(0B) LOS objects, 30% free, 36MB/52MB, paused 657us total 21.309ms
08-06 03:42:41.427  6649  6649 W Atfwd_Sendcmd: AtCmdFwd service not published, waiting... retryCnt : 3
08-06 03:42:41.589   518   646 I ThermalEngine: ACTION: GPU - Setting GPU[0] to 510000000
08-06 03:42:41.683  1142 11214 I art     : Starting a blocking GC Explicit
08-06 03:42:41.714  1142 11214 I art     : Explicit concurrent mark sweep GC freed 1444(83KB) AllocSpace objects, 1(20KB) LOS objects, 30% free, 36MB/52MB, paused 871us total 31.112ms
08-06 03:42:41.726  1142 11214 I art     : Starting a blocking GC Explicit
08-06 03:42:41.758  1142 11214 I art     : Explicit concurrent mark sweep GC freed 22(784B) AllocSpace objects, 0(0B) LOS objects, 30% free, 36MB/52MB, paused 837us total 31.600ms
08-06 03:42:41.769  1142 11214 I art     : Starting a blocking GC Explicit
08-06 03:42:41.801  1142 11214 I art     : Explicit concurrent mark sweep GC freed 3(96B) AllocSpace objects, 0(0B) LOS objects, 30% free, 36MB/52MB, paused 937us total 31.136ms
08-06 03:42:41.811  1142 11214 I art     : Starting a blocking GC Explicit
08-06 03:42:41.842  1142 11214 I art     : Explicit concurrent mark sweep GC freed 3(96B) AllocSpace objects, 0(0B) LOS objects, 30% free, 36MB/52MB, paused 780us total 30.485ms
08-06 03:42:41.854  1142 11214 I art     : Starting a blocking GC Explicit
08-06 03:42:41.886  1142 11214 I art     : Explicit concurrent mark sweep GC freed 3(96B) AllocSpace objects, 0(0B) LOS objects, 30% free, 36MB/52MB, paused 1.299ms total 32.288ms
08-06 03:42:42.217  1142 10856 I art     : Starting a blocking GC Explicit
08-06 03:42:42.251  1142 10856 I art     : Explicit concurrent mark sweep GC freed 1606(91KB) AllocSpace objects, 1(20KB) LOS objects, 30% free, 36MB/52MB, paused 1.001ms total 33.263ms
08-06 03:42:42.262  1142 10856 I art     : Starting a blocking GC Explicit
08-06 03:42:42.293  1142 10856 I art     : Explicit concurrent mark sweep GC freed 28(1040B) AllocSpace objects, 0(0B) LOS objects, 30% free, 36MB/52MB, paused 826us total 30.813ms
08-06 03:42:42.305  1142 10856 I art     : Starting a blocking GC Explicit
08-06 03:42:42.337  1142 10856 I art     : Explicit concurrent mark sweep GC freed 3(96B) AllocSpace objects, 0(0B) LOS objects, 30% free, 36MB/52MB, paused 1.210ms total 32.022ms
08-06 03:42:42.347  1142 10856 I art     : Starting a blocking GC Explicit
08-06 03:42:42.378  1142 10856 I art     : Explicit concurrent mark sweep GC freed 3(96B) AllocSpace objects, 0(0B) LOS objects, 30% free, 36MB/52MB, paused 1.093ms total 30.642ms
08-06 03:42:42.390  1142 10856 I art     : Starting a blocking GC Explicit
08-06 03:42:42.422  1142 10856 I art     : Explicit concurrent mark sweep GC freed 3(96B) AllocSpace objects, 0(0B) LOS objects, 30% free, 36MB/52MB, paused 925us total 31.551ms
08-06 03:42:42.501  1142 11215 E baseline.com.newsblur.network.APIResponse: Error (unexpected end of stream on https://www.newsblur.com/...) calling https://www.newsblur.com/reader/mark_story_hashes_as_read/
08-06 03:42:42.501  1142 11215 E baseline.com.newsblur.network.APIResponse: java.io.IOException: unexpected end of stream on https://www.newsblur.com/...
08-06 03:42:42.501  1142 11215 E baseline.com.newsblur.network.APIResponse: 	at okhttp3.internal.http1.Http1ExchangeCodec.readResponseHeaders(Http1ExchangeCodec.java:236)
08-06 03:42:42.501  1142 11215 E baseline.com.newsblur.network.APIResponse: 	at okhttp3.internal.connection.Exchange.readResponseHeaders(Exchange.java:115)
08-06 03:42:42.501  1142 11215 E baseline.com.newsblur.network.APIResponse: 	at okhttp3.internal.http.CallServerInterceptor.intercept(CallServerInterceptor.java:94)
08-06 03:42:42.501  1142 11215 E baseline.com.newsblur.network.APIResponse: 	at okhttp3.internal.http.RealInterceptorChain.proceed(RealInterceptorChain.java:142)
08-06 03:42:42.501  1142 11215 E baseline.com.newsblur.network.APIResponse: 	at okhttp3.internal.connection.ConnectInterceptor.intercept(ConnectInterceptor.java:43)
08-06 03:42:42.501  1142 11215 E baseline.com.newsblur.network.APIResponse: 	at okhttp3.internal.http.RealInterceptorChain.proceed(RealInterceptorChain.java:142)
08-06 03:42:42.501  1142 11215 E baseline.com.newsblur.network.APIResponse: 	at okhttp3.internal.http.RealInterceptorChain.proceed(RealInterceptorChain.java:117)
08-06 03:42:42.501  1142 11215 E baseline.com.newsblur.network.APIResponse: 	at okhttp3.internal.cache.CacheInterceptor.intercept(CacheInterceptor.java:94)
08-06 03:42:42.501  1142 11215 E baseline.com.newsblur.network.APIResponse: 	at okhttp3.internal.http.RealInterceptorChain.proceed(RealInterceptorChain.java:142)
08-06 03:42:42.501  1142 11215 E baseline.com.newsblur.network.APIResponse: 	at okhttp3.internal.http.RealInterceptorChain.proceed(RealInterceptorChain.java:117)
08-06 03:42:42.501  1142 11215 E baseline.com.newsblur.network.APIResponse: 	at okhttp3.internal.http.BridgeInterceptor.intercept(BridgeInterceptor.java:93)
08-06 03:42:42.501  1142 11215 E baseline.com.newsblur.network.APIResponse: 	at okhttp3.internal.http.RealInterceptorChain.proceed(RealInterceptorChain.java:142)
08-06 03:42:42.501  1142 11215 E baseline.com.newsblur.network.APIResponse: 	at okhttp3.internal.http.RetryAndFollowUpInterceptor.intercept(RetryAndFollowUpInterceptor.java:88)
08-06 03:42:42.501  1142 11215 E baseline.com.newsblur.network.APIResponse: 	at okhttp3.internal.http.RealInterceptorChain.proceed(RealInterceptorChain.java:142)
08-06 03:42:42.501  1142 11215 E baseline.com.newsblur.network.APIResponse: 	at okhttp3.internal.http.RealInterceptorChain.proceed(RealInterceptorChain.java:117)
08-06 03:42:42.501  1142 11215 E baseline.com.newsblur.network.APIResponse: 	at okhttp3.RealCall.getResponseWithInterceptorChain(RealCall.java:229)
08-06 03:42:42.501  1142 11215 E baseline.com.newsblur.network.APIResponse: 	at okhttp3.RealCall.execute(RealCall.java:81)
08-06 03:42:42.501  1142 11215 E baseline.com.newsblur.network.APIResponse: 	at baseline.com.newsblur.network.APIResponse.<init>(APIResponse.java:57)
08-06 03:42:42.501  1142 11215 E baseline.com.newsblur.network.APIResponse: 	at baseline.com.newsblur.network.APIResponse.<init>(APIResponse.java:43)
08-06 03:42:42.501  1142 11215 E baseline.com.newsblur.network.APIResponse: 	at baseline.com.newsblur.network.APIManager.post_single(APIManager.java:702)
08-06 03:42:42.501  1142 11215 E baseline.com.newsblur.network.APIResponse: 	at baseline.com.newsblur.network.APIManager.post(APIManager.java:675)
08-06 03:42:42.501  1142 11215 E baseline.com.newsblur.network.APIResponse: 	at baseline.com.newsblur.network.APIManager.post(APIManager.java:714)
08-06 03:42:42.501  1142 11215 E baseline.com.newsblur.network.APIResponse: 	at baseline.com.newsblur.network.APIManager.markStoryAsRead(APIManager.java:205)
08-06 03:42:42.501  1142 11215 E baseline.com.newsblur.network.APIResponse: 	at baseline.com.newsblur.util.ReadingAction.doRemote(ReadingAction.java:281)
08-06 03:42:42.501  1142 11215 E baseline.com.newsblur.network.APIResponse: 	at baseline.com.newsblur.service.NBSyncService.syncActions(NBSyncService.java:400)
08-06 03:42:42.501  1142 11215 E baseline.com.newsblur.network.APIResponse: 	at baseline.com.newsblur.service.NBSyncService.doSync(NBSyncService.java:298)
08-06 03:42:42.501  1142 11215 E baseline.com.newsblur.network.APIResponse: 	at baseline.com.newsblur.service.NBSyncService.access$100(NBSyncService.java:67)
08-06 03:42:42.501  1142 11215 E baseline.com.newsblur.network.APIResponse: 	at baseline.com.newsblur.service.NBSyncService$1.run(NBSyncService.java:188)
08-06 03:42:42.501  1142 11215 E baseline.com.newsblur.network.APIResponse: 	at java.util.concurrent.ThreadPoolExecutor.runWorker(ThreadPoolExecutor.java:1113)
08-06 03:42:42.501  1142 11215 E baseline.com.newsblur.network.APIResponse: 	at java.util.concurrent.ThreadPoolExecutor$Worker.run(ThreadPoolExecutor.java:588)
08-06 03:42:42.501  1142 11215 E baseline.com.newsblur.network.APIResponse: 	at java.lang.Thread.run(Thread.java:818)
08-06 03:42:42.501  1142 11215 E baseline.com.newsblur.network.APIResponse: Caused by: java.io.EOFException: \n not found: limit=0 content=
08-06 03:42:42.501  1142 11215 E baseline.com.newsblur.network.APIResponse: 	at okio.RealBufferedSource.readUtf8LineStrict(RealBufferedSource.java:240)
08-06 03:42:42.501  1142 11215 E baseline.com.newsblur.network.APIResponse: 	at okhttp3.internal.http1.Http1ExchangeCodec.readHeaderLine(Http1ExchangeCodec.java:242)
08-06 03:42:42.501  1142 11215 E baseline.com.newsblur.network.APIResponse: 	at okhttp3.internal.http1.Http1ExchangeCodec.readResponseHeaders(Http1ExchangeCodec.java:213)
08-06 03:42:42.501  1142 11215 E baseline.com.newsblur.network.APIResponse: 	... 30 more
08-06 03:42:42.503  1142 11215 I baseline.com.newsblur.network.APIManager: API call failed, pausing before retry number 2
08-06 03:42:42.594   518   646 I ThermalEngine: ACTION: GPU - Setting GPU[0] to 450000000
08-06 03:42:42.784  1142 11214 I art     : Starting a blocking GC Explicit
08-06 03:42:42.825  1142 11214 I art     : Explicit concurrent mark sweep GC freed 3946(357KB) AllocSpace objects, 3(60KB) LOS objects, 30% free, 36MB/52MB, paused 1.100ms total 40.541ms
08-06 03:42:42.839  1142 11214 I art     : Starting a blocking GC Explicit
08-06 03:42:42.875  1142 11214 I art     : Explicit concurrent mark sweep GC freed 109(3KB) AllocSpace objects, 0(0B) LOS objects, 30% free, 36MB/52MB, paused 1.031ms total 35.957ms
08-06 03:42:42.888  1142 11214 I art     : Starting a blocking GC Explicit
08-06 03:42:42.924  1142 11214 I art     : Explicit concurrent mark sweep GC freed 3(96B) AllocSpace objects, 0(0B) LOS objects, 30% free, 36MB/52MB, paused 1.050ms total 35.948ms
08-06 03:42:42.938  1142 11214 I art     : Starting a blocking GC Explicit
08-06 03:42:42.976  1142 11214 I art     : Explicit concurrent mark sweep GC freed 3(96B) AllocSpace objects, 0(0B) LOS objects, 30% free, 36MB/52MB, paused 1.052ms total 37.854ms
08-06 03:42:42.991  1142 11214 I art     : Starting a blocking GC Explicit
08-06 03:42:43.028  1142 11214 I art     : Explicit concurrent mark sweep GC freed 3(96B) AllocSpace objects, 0(0B) LOS objects, 30% free, 36MB/52MB, paused 1.307ms total 37.326ms
08-06 03:42:43.395  1142 11214 I art     : Starting a blocking GC Explicit
08-06 03:42:43.432  1142 11214 I art     : Explicit concurrent mark sweep GC freed 1440(83KB) AllocSpace objects, 1(20KB) LOS objects, 30% free, 36MB/52MB, paused 1.160ms total 36.732ms
08-06 03:42:43.446  1142 11214 I art     : Starting a blocking GC Explicit
08-06 03:42:43.483  1142 11214 I art     : Explicit concurrent mark sweep GC freed 22(784B) AllocSpace objects, 0(0B) LOS objects, 30% free, 36MB/52MB, paused 1.137ms total 36.592ms
08-06 03:42:43.497  1142 11214 I art     : Starting a blocking GC Explicit
08-06 03:42:43.534  1142 11214 I art     : Explicit concurrent mark sweep GC freed 3(96B) AllocSpace objects, 0(0B) LOS objects, 30% free, 36MB/52MB, paused 1.125ms total 35.954ms
08-06 03:42:43.548  1142 11214 I art     : Starting a blocking GC Explicit
08-06 03:42:43.584  1142 11214 I art     : Explicit concurrent mark sweep GC freed 3(96B) AllocSpace objects, 0(0B) LOS objects, 30% free, 36MB/52MB, paused 1.147ms total 36.289ms
08-06 03:42:43.598  1142 11214 I art     : Starting a blocking GC Explicit
08-06 03:42:43.635  1142 11214 I art     : Explicit concurrent mark sweep GC freed 3(96B) AllocSpace objects, 0(0B) LOS objects, 30% free, 36MB/52MB, paused 1.199ms total 36.594ms
08-06 03:42:43.992  1142 11214 I art     : Starting a blocking GC Explicit
08-06 03:42:44.030  1142 11214 I art     : Explicit concurrent mark sweep GC freed 1440(83KB) AllocSpace objects, 1(20KB) LOS objects, 30% free, 36MB/52MB, paused 1.122ms total 37.843ms
08-06 03:42:44.044  1142 11214 I art     : Starting a blocking GC Explicit
08-06 03:42:44.077  1142 11214 I art     : Explicit concurrent mark sweep GC freed 22(784B) AllocSpace objects, 0(0B) LOS objects, 30% free, 36MB/52MB, paused 1.030ms total 32.476ms
08-06 03:42:44.089  1142 11214 I art     : Starting a blocking GC Explicit
08-06 03:42:44.124  1142 11214 I art     : Explicit concurrent mark sweep GC freed 3(96B) AllocSpace objects, 0(0B) LOS objects, 30% free, 36MB/52MB, paused 1.059ms total 34.534ms
08-06 03:42:44.136  1142 11214 I art     : Starting a blocking GC Explicit
08-06 03:42:44.175  1142 11214 I art     : Explicit concurrent mark sweep GC freed 3(96B) AllocSpace objects, 0(0B) LOS objects, 30% free, 36MB/52MB, paused 1.078ms total 37.964ms
08-06 03:42:44.188  1142 11214 I art     : Starting a blocking GC Explicit
08-06 03:42:44.227  1142 11214 I art     : Explicit concurrent mark sweep GC freed 3(96B) AllocSpace objects, 0(0B) LOS objects, 30% free, 36MB/52MB, paused 1.061ms total 38.706ms
08-06 03:42:44.582  1142  1153 I art     : Starting a blocking GC Explicit
08-06 03:42:44.621  1142  1153 I art     : Explicit concurrent mark sweep GC freed 1439(82KB) AllocSpace objects, 1(20KB) LOS objects, 30% free, 36MB/52MB, paused 1.215ms total 38.009ms
08-06 03:42:44.634  1142  1153 I art     : Starting a blocking GC Explicit
08-06 03:42:44.672  1142  1153 I art     : Explicit concurrent mark sweep GC freed 22(800B) AllocSpace objects, 0(0B) LOS objects, 30% free, 36MB/52MB, paused 1.542ms total 37.499ms
08-06 03:42:44.685  1142  1153 I art     : Starting a blocking GC Explicit
08-06 03:42:44.719  1142  1153 I art     : Explicit concurrent mark sweep GC freed 3(96B) AllocSpace objects, 0(0B) LOS objects, 30% free, 36MB/52MB, paused 1.163ms total 33.941ms
08-06 03:42:44.731  1142  1153 I art     : Starting a blocking GC Explicit
08-06 03:42:44.763  1142  1153 I art     : Explicit concurrent mark sweep GC freed 3(96B) AllocSpace objects, 0(0B) LOS objects, 30% free, 36MB/52MB, paused 1.057ms total 32.040ms
08-06 03:42:44.775  1142  1153 I art     : Starting a blocking GC Explicit
08-06 03:42:44.812  1142  1153 I art     : Explicit concurrent mark sweep GC freed 3(96B) AllocSpace objects, 0(0B) LOS objects, 30% free, 36MB/52MB, paused 1.043ms total 35.859ms
08-06 03:42:45.173  1142 10856 I art     : Starting a blocking GC Explicit
08-06 03:42:45.214  1142 10856 I art     : Explicit concurrent mark sweep GC freed 1438(82KB) AllocSpace objects, 1(20KB) LOS objects, 30% free, 36MB/52MB, paused 1.093ms total 39.993ms
08-06 03:42:45.228  1142 10856 I art     : Starting a blocking GC Explicit
08-06 03:42:45.265  1142 10856 I art     : Explicit concurrent mark sweep GC freed 22(784B) AllocSpace objects, 0(0B) LOS objects, 30% free, 36MB/52MB, paused 1.156ms total 36.823ms
08-06 03:42:45.279  1142 10856 I art     : Starting a blocking GC Explicit
08-06 03:42:45.316  1142 10856 I art     : Explicit concurrent mark sweep GC freed 3(96B) AllocSpace objects, 0(0B) LOS objects, 30% free, 36MB/52MB, paused 1.114ms total 36.678ms
08-06 03:42:45.329  1142 10856 I art     : Starting a blocking GC Explicit
08-06 03:42:45.366  1142 10856 I art     : Explicit concurrent mark sweep GC freed 3(96B) AllocSpace objects, 0(0B) LOS objects, 30% free, 36MB/52MB, paused 1.139ms total 36.675ms
08-06 03:42:45.380  1142 10856 I art     : Starting a blocking GC Explicit
08-06 03:42:45.417  1142 10856 I art     : Explicit concurrent mark sweep GC freed 3(96B) AllocSpace objects, 0(0B) LOS objects, 30% free, 36MB/52MB, paused 1.241ms total 36.433ms
08-06 03:42:45.767  1142  1153 I art     : Starting a blocking GC Explicit
08-06 03:42:45.806  1142  1153 I art     : Explicit concurrent mark sweep GC freed 1603(91KB) AllocSpace objects, 1(20KB) LOS objects, 30% free, 36MB/52MB, paused 1.238ms total 38.595ms
08-06 03:42:45.819  1142  1153 I art     : Starting a blocking GC Explicit
08-06 03:42:45.858  1142  1153 I art     : Explicit concurrent mark sweep GC freed 28(1040B) AllocSpace objects, 0(0B) LOS objects, 30% free, 36MB/52MB, paused 1.489ms total 38.047ms
08-06 03:42:45.870  1142  1153 I art     : Starting a blocking GC Explicit
08-06 03:42:45.909  1142  1153 I art     : Explicit concurrent mark sweep GC freed 3(96B) AllocSpace objects, 0(0B) LOS objects, 30% free, 36MB/52MB, paused 1.365ms total 38.145ms
08-06 03:42:45.921  1142  1153 I art     : Starting a blocking GC Explicit
08-06 03:42:45.961  1142  1153 I art     : Explicit concurrent mark sweep GC freed 3(96B) AllocSpace objects, 0(0B) LOS objects, 30% free, 36MB/52MB, paused 1.116ms total 39.492ms
08-06 03:42:45.974  1142  1153 I art     : Starting a blocking GC Explicit
08-06 03:42:46.009  1142  1153 I art     : Explicit concurrent mark sweep GC freed 3(96B) AllocSpace objects, 0(0B) LOS objects, 30% free, 36MB/52MB, paused 1.124ms total 34.978ms
08-06 03:42:46.091  1142 11215 E baseline.com.newsblur.network.APIResponse: Error (unexpected end of stream on https://www.newsblur.com/...) calling https://www.newsblur.com/reader/mark_story_hashes_as_read/
08-06 03:42:46.091  1142 11215 E baseline.com.newsblur.network.APIResponse: java.io.IOException: unexpected end of stream on https://www.newsblur.com/...
08-06 03:42:46.091  1142 11215 E baseline.com.newsblur.network.APIResponse: 	at okhttp3.internal.http1.Http1ExchangeCodec.readResponseHeaders(Http1ExchangeCodec.java:236)
08-06 03:42:46.091  1142 11215 E baseline.com.newsblur.network.APIResponse: 	at okhttp3.internal.connection.Exchange.readResponseHeaders(Exchange.java:115)
08-06 03:42:46.091  1142 11215 E baseline.com.newsblur.network.APIResponse: 	at okhttp3.internal.http.CallServerInterceptor.intercept(CallServerInterceptor.java:94)
08-06 03:42:46.091  1142 11215 E baseline.com.newsblur.network.APIResponse: 	at okhttp3.internal.http.RealInterceptorChain.proceed(RealInterceptorChain.java:142)
08-06 03:42:46.091  1142 11215 E baseline.com.newsblur.network.APIResponse: 	at okhttp3.internal.connection.ConnectInterceptor.intercept(ConnectInterceptor.java:43)
08-06 03:42:46.091  1142 11215 E baseline.com.newsblur.network.APIResponse: 	at okhttp3.internal.http.RealInterceptorChain.proceed(RealInterceptorChain.java:142)
08-06 03:42:46.091  1142 11215 E baseline.com.newsblur.network.APIResponse: 	at okhttp3.internal.http.RealInterceptorChain.proceed(RealInterceptorChain.java:117)
08-06 03:42:46.091  1142 11215 E baseline.com.newsblur.network.APIResponse: 	at okhttp3.internal.cache.CacheInterceptor.intercept(CacheInterceptor.java:94)
08-06 03:42:46.091  1142 11215 E baseline.com.newsblur.network.APIResponse: 	at okhttp3.internal.http.RealInterceptorChain.proceed(RealInterceptorChain.java:142)
08-06 03:42:46.091  1142 11215 E baseline.com.newsblur.network.APIResponse: 	at okhttp3.internal.http.RealInterceptorChain.proceed(RealInterceptorChain.java:117)
08-06 03:42:46.091  1142 11215 E baseline.com.newsblur.network.APIResponse: 	at okhttp3.internal.http.BridgeInterceptor.intercept(BridgeInterceptor.java:93)
08-06 03:42:46.091  1142 11215 E baseline.com.newsblur.network.APIResponse: 	at okhttp3.internal.http.RealInterceptorChain.proceed(RealInterceptorChain.java:142)
08-06 03:42:46.091  1142 11215 E baseline.com.newsblur.network.APIResponse: 	at okhttp3.internal.http.RetryAndFollowUpInterceptor.intercept(RetryAndFollowUpInterceptor.java:88)
08-06 03:42:46.091  1142 11215 E baseline.com.newsblur.network.APIResponse: 	at okhttp3.internal.http.RealInterceptorChain.proceed(RealInterceptorChain.java:142)
08-06 03:42:46.091  1142 11215 E baseline.com.newsblur.network.APIResponse: 	at okhttp3.internal.http.RealInterceptorChain.proceed(RealInterceptorChain.java:117)
08-06 03:42:46.091  1142 11215 E baseline.com.newsblur.network.APIResponse: 	at okhttp3.RealCall.getResponseWithInterceptorChain(RealCall.java:229)
08-06 03:42:46.091  1142 11215 E baseline.com.newsblur.network.APIResponse: 	at okhttp3.RealCall.execute(RealCall.java:81)
08-06 03:42:46.091  1142 11215 E baseline.com.newsblur.network.APIResponse: 	at baseline.com.newsblur.network.APIResponse.<init>(APIResponse.java:57)
08-06 03:42:46.091  1142 11215 E baseline.com.newsblur.network.APIResponse: 	at baseline.com.newsblur.network.APIResponse.<init>(APIResponse.java:43)
08-06 03:42:46.091  1142 11215 E baseline.com.newsblur.network.APIResponse: 	at baseline.com.newsblur.network.APIManager.post_single(APIManager.java:702)
08-06 03:42:46.091  1142 11215 E baseline.com.newsblur.network.APIResponse: 	at baseline.com.newsblur.network.APIManager.post(APIManager.java:675)
08-06 03:42:46.091  1142 11215 E baseline.com.newsblur.network.APIResponse: 	at baseline.com.newsblur.network.APIManager.post(APIManager.java:714)
08-06 03:42:46.091  1142 11215 E baseline.com.newsblur.network.APIResponse: 	at baseline.com.newsblur.network.APIManager.markStoryAsRead(APIManager.java:205)
08-06 03:42:46.091  1142 11215 E baseline.com.newsblur.network.APIResponse: 	at baseline.com.newsblur.util.ReadingAction.doRemote(ReadingAction.java:281)
08-06 03:42:46.091  1142 11215 E baseline.com.newsblur.network.APIResponse: 	at baseline.com.newsblur.service.NBSyncService.syncActions(NBSyncService.java:400)
08-06 03:42:46.091  1142 11215 E baseline.com.newsblur.network.APIResponse: 	at baseline.com.newsblur.service.NBSyncService.doSync(NBSyncService.java:298)
08-06 03:42:46.091  1142 11215 E baseline.com.newsblur.network.APIResponse: 	at baseline.com.newsblur.service.NBSyncService.access$100(NBSyncService.java:67)
08-06 03:42:46.091  1142 11215 E baseline.com.newsblur.network.APIResponse: 	at baseline.com.newsblur.service.NBSyncService$1.run(NBSyncService.java:188)
08-06 03:42:46.091  1142 11215 E baseline.com.newsblur.network.APIResponse: 	at java.util.concurrent.ThreadPoolExecutor.runWorker(ThreadPoolExecutor.java:1113)
08-06 03:42:46.091  1142 11215 E baseline.com.newsblur.network.APIResponse: 	at java.util.concurrent.ThreadPoolExecutor$Worker.run(ThreadPoolExecutor.java:588)
08-06 03:42:46.091  1142 11215 E baseline.com.newsblur.network.APIResponse: 	at java.lang.Thread.run(Thread.java:818)
08-06 03:42:46.091  1142 11215 E baseline.com.newsblur.network.APIResponse: Caused by: java.io.EOFException: \n not found: limit=0 content=
08-06 03:42:46.091  1142 11215 E baseline.com.newsblur.network.APIResponse: 	at okio.RealBufferedSource.readUtf8LineStrict(RealBufferedSource.java:240)
08-06 03:42:46.091  1142 11215 E baseline.com.newsblur.network.APIResponse: 	at okhttp3.internal.http1.Http1ExchangeCodec.readHeaderLine(Http1ExchangeCodec.java:242)
08-06 03:42:46.091  1142 11215 E baseline.com.newsblur.network.APIResponse: 	at okhttp3.internal.http1.Http1ExchangeCodec.readResponseHeaders(Http1ExchangeCodec.java:213)
08-06 03:42:46.091  1142 11215 E baseline.com.newsblur.network.APIResponse: 	... 30 more
08-06 03:42:46.093  1142 11215 I baseline.com.newsblur.service.NBSyncService: Holding reading action with server-side or network error.
08-06 03:42:46.114  1142 11215 W baseline.com.newsblur.service.NBSyncService: hard API failure
08-06 03:42:46.334  1142  1154 I art     : Starting a blocking GC Explicit
08-06 03:42:46.372  1142  1154 I art     : Explicit concurrent mark sweep GC freed 4863(549KB) AllocSpace objects, 15(300KB) LOS objects, 30% free, 36MB/52MB, paused 1.126ms total 38.242ms
08-06 03:42:46.388  1142  1154 I art     : Starting a blocking GC Explicit
08-06 03:42:46.423  1142  1154 I art     : Explicit concurrent mark sweep GC freed 600(22KB) AllocSpace objects, 0(0B) LOS objects, 30% free, 36MB/52MB, paused 1.087ms total 34.717ms
08-06 03:42:46.434  1142  1154 I art     : Starting a blocking GC Explicit
08-06 03:42:46.470  1142  1154 I art     : Explicit concurrent mark sweep GC freed 3(96B) AllocSpace objects, 0(0B) LOS objects, 30% free, 36MB/52MB, paused 1.128ms total 35.104ms
08-06 03:42:46.482  1142  1154 I art     : Starting a blocking GC Explicit
08-06 03:42:46.517  1142  1154 I art     : Explicit concurrent mark sweep GC freed 3(96B) AllocSpace objects, 0(0B) LOS objects, 30% free, 36MB/52MB, paused 1.195ms total 34.843ms
08-06 03:42:46.530  1142  1154 I art     : Starting a blocking GC Explicit
08-06 03:42:46.565  1142  1154 I art     : Explicit concurrent mark sweep GC freed 3(96B) AllocSpace objects, 0(0B) LOS objects, 30% free, 36MB/52MB, paused 1.098ms total 35.513ms
08-06 03:42:46.917  1142  1153 I art     : Starting a blocking GC Explicit
08-06 03:42:46.957  1142  1153 I art     : Explicit concurrent mark sweep GC freed 1401(80KB) AllocSpace objects, 1(20KB) LOS objects, 30% free, 36MB/52MB, paused 1.103ms total 39.727ms
08-06 03:42:46.971  1142  1153 I art     : Starting a blocking GC Explicit
08-06 03:42:47.007  1142  1153 I art     : Explicit concurrent mark sweep GC freed 20(704B) AllocSpace objects, 0(0B) LOS objects, 30% free, 36MB/52MB, paused 1.207ms total 35.743ms
08-06 03:42:47.020  1142  1153 I art     : Starting a blocking GC Explicit
08-06 03:42:47.056  1142  1153 I art     : Explicit concurrent mark sweep GC freed 3(96B) AllocSpace objects, 0(0B) LOS objects, 30% free, 36MB/52MB, paused 1.096ms total 36.243ms
08-06 03:42:47.068  1142  1153 I art     : Starting a blocking GC Explicit
08-06 03:42:47.107  1142  1153 I art     : Explicit concurrent mark sweep GC freed 3(96B) AllocSpace objects, 0(0B) LOS objects, 30% free, 36MB/52MB, paused 1.155ms total 38.113ms
08-06 03:42:47.119  1142  1153 I art     : Starting a blocking GC Explicit
08-06 03:42:47.156  1142  1153 I art     : Explicit concurrent mark sweep GC freed 3(96B) AllocSpace objects, 0(0B) LOS objects, 30% free, 36MB/52MB, paused 1.092ms total 36.294ms
08-06 03:42:47.186   918  3188 I hubconnection: sensorhub said: 'set_bias 3: -5.0688, 0.0000, 0.0000'
08-06 03:42:47.517  1142 10856 I art     : Starting a blocking GC Explicit
08-06 03:42:47.556  1142 10856 I art     : Explicit concurrent mark sweep GC freed 1398(80KB) AllocSpace objects, 1(20KB) LOS objects, 30% free, 36MB/52MB, paused 1.093ms total 39.202ms
08-06 03:42:47.571  1142 10856 I art     : Starting a blocking GC Explicit
08-06 03:42:47.609  1142 10856 I art     : Explicit concurrent mark sweep GC freed 20(704B) AllocSpace objects, 0(0B) LOS objects, 30% free, 36MB/52MB, paused 1.158ms total 37.700ms
08-06 03:42:47.621  1142 10856 I art     : Starting a blocking GC Explicit
08-06 03:42:47.657  1142 10856 I art     : Explicit concurrent mark sweep GC freed 3(96B) AllocSpace objects, 0(0B) LOS objects, 30% free, 36MB/52MB, paused 1.151ms total 35.660ms
08-06 03:42:47.669  1142 10856 I art     : Starting a blocking GC Explicit
08-06 03:42:47.708  1142 10856 I art     : Explicit concurrent mark sweep GC freed 3(96B) AllocSpace objects, 0(0B) LOS objects, 30% free, 36MB/52MB, paused 1.253ms total 37.807ms
08-06 03:42:47.720  1142 10856 I art     : Starting a blocking GC Explicit
08-06 03:42:47.756  1142 10856 I art     : Explicit concurrent mark sweep GC freed 3(96B) AllocSpace objects, 0(0B) LOS objects, 30% free, 36MB/52MB, paused 1.069ms total 35.782ms
08-06 03:42:48.125  1142 11214 I art     : Starting a blocking GC Explicit
08-06 03:42:48.163  1142 11214 I art     : Explicit concurrent mark sweep GC freed 1398(80KB) AllocSpace objects, 1(20KB) LOS objects, 30% free, 36MB/52MB, paused 1.146ms total 37.925ms
08-06 03:42:48.178  1142 11214 I art     : Starting a blocking GC Explicit
08-06 03:42:48.214  1142 11214 I art     : Explicit concurrent mark sweep GC freed 20(704B) AllocSpace objects, 0(0B) LOS objects, 30% free, 36MB/52MB, paused 1.120ms total 36.072ms
08-06 03:42:48.226  1142 11214 I art     : Starting a blocking GC Explicit
08-06 03:42:48.260  1142 11214 I art     : Explicit concurrent mark sweep GC freed 3(96B) AllocSpace objects, 0(0B) LOS objects, 30% free, 36MB/52MB, paused 1.057ms total 34.123ms
08-06 03:42:48.272  1142 11214 I art     : Starting a blocking GC Explicit
08-06 03:42:48.306  1142 11214 I art     : Explicit concurrent mark sweep GC freed 3(96B) AllocSpace objects, 0(0B) LOS objects, 30% free, 36MB/52MB, paused 1.101ms total 33.596ms
08-06 03:42:48.318  1142 11214 I art     : Starting a blocking GC Explicit
08-06 03:42:48.352  1142 11214 I art     : Explicit concurrent mark sweep GC freed 3(96B) AllocSpace objects, 0(0B) LOS objects, 30% free, 36MB/52MB, paused 1.090ms total 34.240ms
08-06 03:42:48.702  1142  1154 I art     : Starting a blocking GC Explicit
08-06 03:42:48.741  1142  1154 I art     : Explicit concurrent mark sweep GC freed 1398(80KB) AllocSpace objects, 1(20KB) LOS objects, 30% free, 36MB/52MB, paused 1.074ms total 38.634ms
08-06 03:42:48.755  1142  1154 I art     : Starting a blocking GC Explicit
08-06 03:42:48.792  1142  1154 I art     : Explicit concurrent mark sweep GC freed 20(704B) AllocSpace objects, 0(0B) LOS objects, 30% free, 36MB/52MB, paused 1.102ms total 36.190ms
08-06 03:42:48.804  1142  1154 I art     : Starting a blocking GC Explicit
08-06 03:42:48.842  1142  1154 I art     : Explicit concurrent mark sweep GC freed 3(96B) AllocSpace objects, 0(0B) LOS objects, 30% free, 36MB/52MB, paused 1.103ms total 37.251ms
08-06 03:42:48.854  1142  1154 I art     : Starting a blocking GC Explicit
08-06 03:42:48.889  1142  1154 I art     : Explicit concurrent mark sweep GC freed 3(96B) AllocSpace objects, 0(0B) LOS objects, 30% free, 36MB/52MB, paused 1.132ms total 34.422ms
08-06 03:42:48.901  1142  1154 I art     : Starting a blocking GC Explicit
08-06 03:42:48.939  1142  1154 I art     : Explicit concurrent mark sweep GC freed 3(96B) AllocSpace objects, 0(0B) LOS objects, 30% free, 36MB/52MB, paused 1.175ms total 37.520ms
08-06 03:42:49.297  1142  1153 I art     : Starting a blocking GC Explicit
08-06 03:42:49.337  1142  1153 I art     : Explicit concurrent mark sweep GC freed 1398(80KB) AllocSpace objects, 1(20KB) LOS objects, 30% free, 36MB/52MB, paused 1.101ms total 39.383ms
08-06 03:42:49.352  1142  1153 I art     : Starting a blocking GC Explicit
08-06 03:42:49.388  1142  1153 I art     : Explicit concurrent mark sweep GC freed 20(704B) AllocSpace objects, 0(0B) LOS objects, 30% free, 36MB/52MB, paused 1.219ms total 35.102ms
08-06 03:42:49.399  1142  1153 I art     : Starting a blocking GC Explicit
08-06 03:42:49.435  1142  1153 I art     : Explicit concurrent mark sweep GC freed 3(96B) AllocSpace objects, 0(0B) LOS objects, 30% free, 36MB/52MB, paused 1.073ms total 35.786ms
08-06 03:42:49.448  1142  1153 I art     : Starting a blocking GC Explicit
08-06 03:42:49.482  1142  1153 I art     : Explicit concurrent mark sweep GC freed 3(96B) AllocSpace objects, 0(0B) LOS objects, 30% free, 36MB/52MB, paused 1.025ms total 33.876ms
08-06 03:42:49.494  1142  1153 I art     : Starting a blocking GC Explicit
08-06 03:42:49.530  1142  1153 I art     : Explicit concurrent mark sweep GC freed 3(96B) AllocSpace objects, 0(0B) LOS objects, 30% free, 36MB/52MB, paused 1.111ms total 36.140ms
08-06 03:42:49.888  1142 10856 I art     : Starting a blocking GC Explicit
08-06 03:42:49.925  1142 10856 I art     : Explicit concurrent mark sweep GC freed 1398(80KB) AllocSpace objects, 1(20KB) LOS objects, 30% free, 36MB/52MB, paused 1.144ms total 37.003ms
08-06 03:42:49.940  1142 10856 I art     : Starting a blocking GC Explicit
08-06 03:42:49.974  1142 10856 I art     : Explicit concurrent mark sweep GC freed 20(704B) AllocSpace objects, 0(0B) LOS objects, 30% free, 36MB/52MB, paused 1.076ms total 34.406ms
08-06 03:42:49.986  1142 10856 I art     : Starting a blocking GC Explicit
08-06 03:42:50.023  1142 10856 I art     : Explicit concurrent mark sweep GC freed 21(1088B) AllocSpace objects, 0(0B) LOS objects, 30% free, 36MB/52MB, paused 1.131ms total 36.739ms
08-06 03:42:50.035  1142 10856 I art     : Starting a blocking GC Explicit
08-06 03:42:50.073  1142 10856 I art     : Explicit concurrent mark sweep GC freed 10(336B) AllocSpace objects, 0(0B) LOS objects, 30% free, 36MB/52MB, paused 1.076ms total 37.194ms
08-06 03:42:50.085  1142 10856 I art     : Starting a blocking GC Explicit
08-06 03:42:50.122  1142 10856 I art     : Explicit concurrent mark sweep GC freed 3(96B) AllocSpace objects, 0(0B) LOS objects, 30% free, 36MB/52MB, paused 1.129ms total 36.136ms
08-06 03:42:50.466  1142 11214 I art     : Starting a blocking GC Explicit
08-06 03:42:50.506  1142 11214 I art     : Explicit concurrent mark sweep GC freed 1398(80KB) AllocSpace objects, 1(20KB) LOS objects, 30% free, 36MB/52MB, paused 1.182ms total 39.143ms
08-06 03:42:50.518  1142 11214 I art     : Starting a blocking GC Explicit
08-06 03:42:50.556  1142 11214 I art     : Explicit concurrent mark sweep GC freed 20(704B) AllocSpace objects, 0(0B) LOS objects, 30% free, 36MB/52MB, paused 1.136ms total 37.128ms
08-06 03:42:50.568  1142 11214 I art     : Starting a blocking GC Explicit
08-06 03:42:50.603  1142 11214 I art     : Explicit concurrent mark sweep GC freed 3(96B) AllocSpace objects, 0(0B) LOS objects, 30% free, 36MB/52MB, paused 1.102ms total 34.726ms
08-06 03:42:50.604   518   646 I ThermalEngine: ACTION: GPU - Setting GPU[0] to 510000000
08-06 03:42:50.615  1142 11214 I art     : Starting a blocking GC Explicit
08-06 03:42:50.651  1142 11214 I art     : Explicit concurrent mark sweep GC freed 3(96B) AllocSpace objects, 0(0B) LOS objects, 30% free, 36MB/52MB, paused 876us total 36.071ms
08-06 03:42:50.661  1142 11214 I art     : Starting a blocking GC Explicit
08-06 03:42:50.690  1142 11214 I art     : Explicit concurrent mark sweep GC freed 3(96B) AllocSpace objects, 0(0B) LOS objects, 30% free, 36MB/52MB, paused 841us total 28.173ms
08-06 03:42:51.006  1142  1154 I art     : Starting a blocking GC Explicit
08-06 03:42:51.036  1142  1154 I art     : Explicit concurrent mark sweep GC freed 1399(80KB) AllocSpace objects, 1(20KB) LOS objects, 30% free, 36MB/52MB, paused 839us total 29.853ms
08-06 03:42:51.049  1142  1154 I art     : Starting a blocking GC Explicit
08-06 03:42:51.076  1142  1154 I art     : Explicit concurrent mark sweep GC freed 20(704B) AllocSpace objects, 0(0B) LOS objects, 30% free, 36MB/52MB, paused 752us total 26.362ms
08-06 03:42:51.085  1142  1154 I art     : Starting a blocking GC Explicit
08-06 03:42:51.111  1142  1154 I art     : Explicit concurrent mark sweep GC freed 3(96B) AllocSpace objects, 0(0B) LOS objects, 30% free, 36MB/52MB, paused 853us total 25.941ms
08-06 03:42:51.120  1142  1154 I art     : Starting a blocking GC Explicit
08-06 03:42:51.146  1142  1154 I art     : Explicit concurrent mark sweep GC freed 3(96B) AllocSpace objects, 0(0B) LOS objects, 30% free, 36MB/52MB, paused 805us total 26.180ms
08-06 03:42:51.156  1142  1154 I art     : Starting a blocking GC Explicit
08-06 03:42:51.183  1142  1154 I art     : Explicit concurrent mark sweep GC freed 3(96B) AllocSpace objects, 0(0B) LOS objects, 30% free, 36MB/52MB, paused 826us total 26.617ms
08-06 03:42:51.530  1142  1153 I art     : Starting a blocking GC Explicit
08-06 03:42:51.559  1142  1153 I art     : Explicit concurrent mark sweep GC freed 1398(80KB) AllocSpace objects, 1(20KB) LOS objects, 30% free, 36MB/52MB, paused 854us total 28.663ms
08-06 03:42:51.568  1142  1153 I art     : Starting a blocking GC Explicit
08-06 03:42:51.595  1142  1153 I art     : Explicit concurrent mark sweep GC freed 20(704B) AllocSpace objects, 0(0B) LOS objects, 30% free, 36MB/52MB, paused 803us total 26.152ms
08-06 03:42:51.604  1142  1153 I art     : Starting a blocking GC Explicit
08-06 03:42:51.631  1142  1153 I art     : Explicit concurrent mark sweep GC freed 3(96B) AllocSpace objects, 0(0B) LOS objects, 30% free, 36MB/52MB, paused 835us total 26.768ms
08-06 03:42:51.640  1142  1153 I art     : Starting a blocking GC Explicit
08-06 03:42:51.668  1142  1153 I art     : Explicit concurrent mark sweep GC freed 3(96B) AllocSpace objects, 0(0B) LOS objects, 30% free, 36MB/52MB, paused 839us total 27.821ms
08-06 03:42:51.678  1142  1153 I art     : Starting a blocking GC Explicit
08-06 03:42:51.705  1142  1153 I art     : Explicit concurrent mark sweep GC freed 3(96B) AllocSpace objects, 0(0B) LOS objects, 30% free, 36MB/52MB, paused 808us total 27.228ms
08-06 03:42:51.991  1142 10856 I art     : Starting a blocking GC Explicit
08-06 03:42:52.018  1142 10856 I art     : Explicit concurrent mark sweep GC freed 1398(80KB) AllocSpace objects, 1(20KB) LOS objects, 30% free, 36MB/52MB, paused 885us total 27.090ms
08-06 03:42:52.027  1142 10856 I art     : Starting a blocking GC Explicit
08-06 03:42:52.054  1142 10856 I art     : Explicit concurrent mark sweep GC freed 20(704B) AllocSpace objects, 0(0B) LOS objects, 30% free, 36MB/52MB, paused 808us total 26.477ms
08-06 03:42:52.063  1142 10856 I art     : Starting a blocking GC Explicit
08-06 03:42:52.089  1142 10856 I art     : Explicit concurrent mark sweep GC freed 3(96B) AllocSpace objects, 0(0B) LOS objects, 30% free, 36MB/52MB, paused 844us total 26.403ms
08-06 03:42:52.098  1142 10856 I art     : Starting a blocking GC Explicit
08-06 03:42:52.125  1142 10856 I art     : Explicit concurrent mark sweep GC freed 3(96B) AllocSpace objects, 0(0B) LOS objects, 30% free, 36MB/52MB, paused 821us total 26.406ms
08-06 03:42:52.134  1142 10856 I art     : Starting a blocking GC Explicit
08-06 03:42:52.152 11438 11438 D AndroidRuntime: >>>>>> START com.android.internal.os.RuntimeInit uid 2000 <<<<<<
08-06 03:42:52.157 11438 11438 D AndroidRuntime: CheckJNI is OFF
08-06 03:42:52.161  1142 10856 I art     : Explicit concurrent mark sweep GC freed 3(96B) AllocSpace objects, 0(0B) LOS objects, 30% free, 36MB/52MB, paused 853us total 26.858ms
08-06 03:42:52.189 11438 11438 D ICU     : No timezone override file found: /data/misc/zoneinfo/current/icu/icu_tzdata.dat
08-06 03:42:52.221 11438 11438 I Radio-JNI: register_android_hardware_Radio DONE
08-06 03:42:52.243 11438 11438 D AndroidRuntime: Calling main entry com.android.commands.input.Input
08-06 03:42:52.245 11438 11438 I Input   : injectKeyEvent: KeyEvent { action=ACTION_DOWN, keyCode=KEYCODE_BACK, scanCode=0, metaState=0, flags=0x0, repeatCount=0, eventTime=848588658, downTime=848588658, deviceId=-1, source=0x101 }
08-06 03:42:52.251 11438 11438 I Input   : injectKeyEvent: KeyEvent { action=ACTION_UP, keyCode=KEYCODE_BACK, scanCode=0, metaState=0, flags=0x0, repeatCount=0, eventTime=848588658, downTime=848588658, deviceId=-1, source=0x101 }
08-06 03:42:52.257 11438 11438 D AndroidRuntime: Shutting down VM
08-06 03:42:52.372 13866 13866 I GoogleInputMethodServic: GoogleInputMethodService.onFinishInput():3138 
08-06 03:42:52.373 13866 13866 I GoogleInputMethodServic: GoogleInputMethodService.onStartInput():1808 
08-06 03:42:52.432  1142  1154 I art     : Starting a blocking GC Explicit
08-06 03:42:52.459  1142  1154 I art     : Explicit concurrent mark sweep GC freed 4489(359KB) AllocSpace objects, 10(200KB) LOS objects, 30% free, 36MB/52MB, paused 983us total 26.649ms
08-06 03:42:52.468  1142  1154 I art     : Starting a blocking GC Explicit
08-06 03:42:52.492  1142  1154 I art     : Explicit concurrent mark sweep GC freed 343(16KB) AllocSpace objects, 1(28KB) LOS objects, 30% free, 36MB/52MB, paused 916us total 24.164ms
08-06 03:42:52.501  1142  1154 I art     : Starting a blocking GC Explicit
08-06 03:42:52.526  1142  1154 I art     : Explicit concurrent mark sweep GC freed 12(1408B) AllocSpace objects, 0(0B) LOS objects, 30% free, 36MB/52MB, paused 856us total 24.550ms
08-06 03:42:52.535  1142  1154 I art     : Starting a blocking GC Explicit
08-06 03:42:52.561  1142  1154 I art     : Explicit concurrent mark sweep GC freed 3(96B) AllocSpace objects, 0(0B) LOS objects, 30% free, 36MB/52MB, paused 813us total 26.225ms
08-06 03:42:52.572  1142  1154 I art     : Starting a blocking GC Explicit
08-06 03:42:52.600  1142  1154 I art     : Explicit concurrent mark sweep GC freed 3(96B) AllocSpace objects, 0(0B) LOS objects, 30% free, 36MB/52MB, paused 956us total 28.185ms
08-06 03:42:52.919  1142 10856 I art     : Starting a blocking GC Explicit
08-06 03:42:52.954  1142 11472 I NAPPA_EXPERIMENTATION: MetricNetworkRequestExecutionTime: REQUEST_DURATION_SYSTEM='572',REQUEST_DURATION_OKHTTP='38',REQUEST_SYNCHRONOUS='TRUE',RESPONSE_CODE='200',RESPONSE_METHOD='GET',RESPONSE_LENGTH_OKHTTP='-1',RESPONSE_LENGTH_HEADER='12364',REQUEST_PROTOCOL='http/1.1',REQUEST_URL='https://www.newsblur.com/social/river_stories?order=newest&page=2&read_filter=all&global_feed=true',
08-06 03:42:52.954  1142 11472 D MY_TAG  : 0, 572
08-06 03:42:52.956  1142 10856 I art     : Explicit concurrent mark sweep GC freed 5171(271KB) AllocSpace objects, 4(220KB) LOS objects, 30% free, 36MB/52MB, paused 1.362ms total 36.452ms
08-06 03:42:52.966  1142 10856 I art     : Starting a blocking GC Explicit
08-06 03:42:52.998  1142 10856 I art     : Explicit concurrent mark sweep GC freed 14444(869KB) AllocSpace objects, 8(160KB) LOS objects, 30% free, 37MB/53MB, paused 1.148ms total 31.788ms
08-06 03:42:53.008  1142 10856 I art     : Starting a blocking GC Explicit
08-06 03:42:53.046  1142 10856 I art     : Explicit concurrent mark sweep GC freed 16156(1039KB) AllocSpace objects, 9(296KB) LOS objects, 30% free, 37MB/53MB, paused 1.110ms total 37.358ms
08-06 03:42:53.056  1142 10856 I art     : Starting a blocking GC Explicit
08-06 03:42:53.084  1142 10856 I art     : Explicit concurrent mark sweep GC freed 2607(224KB) AllocSpace objects, 5(184KB) LOS objects, 30% free, 36MB/52MB, paused 1.251ms total 27.801ms
08-06 03:42:53.094  1142 10856 I art     : Starting a blocking GC Explicit
08-06 03:42:53.122  1142 10856 I art     : Explicit concurrent mark sweep GC freed 1612(259KB) AllocSpace objects, 11(220KB) LOS objects, 30% free, 36MB/52MB, paused 777us total 28.038ms
08-06 03:42:53.343   918   937 W ProcessCpuTracker: Skipping unknown process pid 11489
08-06 03:42:53.343   918   937 W ProcessCpuTracker: Skipping unknown process pid 11492
08-06 03:42:53.438  1142  1153 I art     : Starting a blocking GC Explicit
08-06 03:42:53.472  1142  1153 I art     : Explicit concurrent mark sweep GC freed 3680(255KB) AllocSpace objects, 1(20KB) LOS objects, 30% free, 36MB/52MB, paused 999us total 33.207ms
08-06 03:42:53.483  1142  1153 I art     : Starting a blocking GC Explicit
08-06 03:42:53.513  1142  1153 I art     : Explicit concurrent mark sweep GC freed 27(928B) AllocSpace objects, 0(0B) LOS objects, 30% free, 36MB/52MB, paused 824us total 29.903ms
08-06 03:42:53.522  1142  1153 I art     : Starting a blocking GC Explicit
08-06 03:42:53.548  1142  1153 I art     : Explicit concurrent mark sweep GC freed 9(288B) AllocSpace objects, 0(0B) LOS objects, 30% free, 36MB/52MB, paused 810us total 25.841ms
08-06 03:42:53.558  1142  1153 I art     : Starting a blocking GC Explicit
08-06 03:42:53.584  1142  1153 I art     : Explicit concurrent mark sweep GC freed 7(224B) AllocSpace objects, 0(0B) LOS objects, 30% free, 36MB/52MB, paused 964us total 26.047ms
08-06 03:42:53.594  1142  1153 I art     : Starting a blocking GC Explicit
08-06 03:42:53.621  1142  1153 I art     : Explicit concurrent mark sweep GC freed 7(224B) AllocSpace objects, 0(0B) LOS objects, 30% free, 36MB/52MB, paused 893us total 26.188ms
08-06 03:42:53.889 11498 11498 D AndroidRuntime: >>>>>> START com.android.internal.os.RuntimeInit uid 2000 <<<<<<
08-06 03:42:53.894 11498 11498 D AndroidRuntime: CheckJNI is OFF
08-06 03:42:53.927 11498 11498 D ICU     : No timezone override file found: /data/misc/zoneinfo/current/icu/icu_tzdata.dat
08-06 03:42:53.930  1142  1153 I art     : Starting a blocking GC Explicit
08-06 03:42:53.959  1142  1153 I art     : Explicit concurrent mark sweep GC freed 1423(81KB) AllocSpace objects, 1(20KB) LOS objects, 30% free, 36MB/52MB, paused 947us total 28.595ms
08-06 03:42:53.962 11498 11498 I Radio-JNI: register_android_hardware_Radio DONE
08-06 03:42:53.968  1142  1153 I art     : Starting a blocking GC Explicit
08-06 03:42:53.986 11498 11498 D AndroidRuntime: Calling main entry com.android.commands.input.Input
08-06 03:42:53.988 11498 11498 I Input   : injectMotionEvent: MotionEvent { action=ACTION_DOWN, actionButton=0, id[0]=0, x[0]=435.0, y[0]=858.0, toolType[0]=TOOL_TYPE_UNKNOWN, buttonState=0, metaState=0, flags=0x0, edgeFlags=0x0, pointerCount=1, historySize=0, eventTime=848590400, downTime=848590400, deviceId=0, source=0x1002 }
08-06 03:42:53.994 11498 11498 I Input   : injectMotionEvent: MotionEvent { action=ACTION_UP, actionButton=0, id[0]=0, x[0]=435.0, y[0]=858.0, toolType[0]=TOOL_TYPE_UNKNOWN, buttonState=0, metaState=0, flags=0x0, edgeFlags=0x0, pointerCount=1, historySize=0, eventTime=848590400, downTime=848590400, deviceId=0, source=0x1002 }
08-06 03:42:53.997  1142  1153 I art     : Explicit concurrent mark sweep GC freed 20(704B) AllocSpace objects, 0(0B) LOS objects, 30% free, 36MB/52MB, paused 1.178ms total 28.529ms
08-06 03:42:53.998 11498 11498 D AndroidRuntime: Shutting down VM
08-06 03:42:54.000   512  2967 D audio_hw_primary: out_set_parameters: enter: usecase(1: low-latency-playback) kvpairs: routing=2
08-06 03:42:54.003   918  3696 I ActivityManager: START u0 {cmp=baseline.com.newsblur/.activity.GlobalSharedStoriesReading (has extras)} from uid 10698 on display 0
08-06 03:42:54.007  1142  1153 I art     : Starting a blocking GC Explicit
08-06 03:42:54.013   512  2967 D audio_hw_primary: select_devices: out_snd_device(2: speaker) in_snd_device(0: none)
08-06 03:42:54.013   512  2967 D msm8974_platform: platform_send_audio_calibration: sending audio calibration for snd_device(2) acdb_id(15)
08-06 03:42:54.014   512  2967 I soundtrigger: audio_extn_sound_trigger_update_device_status: device 0x2 of type 0 for Event 1
08-06 03:42:54.024   512  2967 D audio_hw_primary: enable_snd_device: snd_device(2: speaker)
08-06 03:42:54.026   512  2967 D audio_hw_primary: enable_audio_route: apply and update mixer path: low-latency-playback speaker
08-06 03:42:54.035  1142  1153 I art     : Explicit concurrent mark sweep GC freed 581(82KB) AllocSpace objects, 2(40KB) LOS objects, 30% free, 36MB/52MB, paused 1.153ms total 27.502ms
08-06 03:42:54.044  1142  1153 I art     : Starting a blocking GC Explicit
08-06 03:42:54.070  1142  1153 I art     : Explicit concurrent mark sweep GC freed 1045(69KB) AllocSpace objects, 2(468KB) LOS objects, 30% free, 36MB/52MB, paused 931us total 25.825ms
08-06 03:42:54.078  1142  1153 I art     : Starting a blocking GC Explicit
08-06 03:42:54.104  1142  1153 I art     : Explicit concurrent mark sweep GC freed 185(9KB) AllocSpace objects, 0(0B) LOS objects, 30% free, 36MB/52MB, paused 907us total 25.557ms
08-06 03:42:54.194   918   936 I ActivityManager: Displayed baseline.com.newsblur/.activity.GlobalSharedStoriesReading: +179ms
08-06 03:42:54.194 13866 13866 I GoogleInputMethodServic: GoogleInputMethodService.onFinishInput():3138 
08-06 03:42:54.194 13866 13866 I GoogleInputMethodServic: GoogleInputMethodService.onStartInput():1808 
08-06 03:42:54.383  1142 10654 E SQLiteLog: (9) statement aborts at 125: [SELECT authors,short_content,timestamp,sharedDate,stories.feed_id,stories._id,intelligence_authors,intelligence_feed,intelligence_tags,intelligence_total,intelligence_title,permalink,
08-06 03:42:54.417  1142 10856 I art     : Starting a blocking GC Explicit
08-06 03:42:54.453  1142 10856 I art     : Explicit concurrent mark sweep GC freed 8989(738KB) AllocSpace objects, 22(476KB) LOS objects, 29% free, 37MB/53MB, paused 1.295ms total 35.602ms
08-06 03:42:54.462  1142 10856 I art     : Starting a blocking GC Explicit
08-06 03:42:54.466  1142 11210 E chromium: [ERROR:tile_manager.cc(793)] WARNING: tile memory limits exceeded, some content may not draw
08-06 03:42:54.466  1142 11210 E chromium: [ERROR:tile_manager.cc(793)] WARNING: tile memory limits exceeded, some content may not draw
08-06 03:42:54.490  1142 10856 I art     : Explicit concurrent mark sweep GC freed 2443(114KB) AllocSpace objects, 1(28KB) LOS objects, 29% free, 37MB/53MB, paused 885us total 27.889ms
08-06 03:42:54.499  1142 10856 I art     : Starting a blocking GC Explicit
08-06 03:42:54.527  1142 10856 I art     : Explicit concurrent mark sweep GC freed 29(1184B) AllocSpace objects, 0(0B) LOS objects, 29% free, 37MB/53MB, paused 900us total 27.122ms
08-06 03:42:54.535  1142 10856 I art     : Starting a blocking GC Explicit
08-06 03:42:54.566  1142 10856 I art     : Explicit concurrent mark sweep GC freed 3(96B) AllocSpace objects, 0(0B) LOS objects, 29% free, 37MB/53MB, paused 1.191ms total 30.469ms
08-06 03:42:54.568   512  2967 D audio_hw_primary: disable_audio_route: reset and update mixer path: low-latency-playback speaker
08-06 03:42:54.572   512  2967 D audio_hw_primary: disable_snd_device: snd_device(2: speaker)
08-06 03:42:54.578  1142 10856 I art     : Starting a blocking GC Explicit
08-06 03:42:54.581   512  2967 I soundtrigger: audio_extn_sound_trigger_update_device_status: device 0x2 of type 0 for Event 0
08-06 03:42:54.593   918  3188 I hubconnection: sensorhub said: 'set_bias 3: -5.7600, 0.0000, 0.0000'
08-06 03:42:54.609  1142 10856 I art     : Explicit concurrent mark sweep GC freed 138(17KB) AllocSpace objects, 2(48KB) LOS objects, 29% free, 37MB/53MB, paused 901us total 31.214ms
08-06 03:42:54.613   518   646 I ThermalEngine: ACTION: GPU - Setting GPU[0] to 450000000
08-06 03:42:54.903  1142 11533 E baseline.com.newsblur.network.APIResponse: Error (unexpected end of stream on https://www.newsblur.com/...) calling https://www.newsblur.com/reader/mark_story_hashes_as_read/
08-06 03:42:54.903  1142 11533 E baseline.com.newsblur.network.APIResponse: java.io.IOException: unexpected end of stream on https://www.newsblur.com/...
08-06 03:42:54.903  1142 11533 E baseline.com.newsblur.network.APIResponse: 	at okhttp3.internal.http1.Http1ExchangeCodec.readResponseHeaders(Http1ExchangeCodec.java:236)
08-06 03:42:54.903  1142 11533 E baseline.com.newsblur.network.APIResponse: 	at okhttp3.internal.connection.Exchange.readResponseHeaders(Exchange.java:115)
08-06 03:42:54.903  1142 11533 E baseline.com.newsblur.network.APIResponse: 	at okhttp3.internal.http.CallServerInterceptor.intercept(CallServerInterceptor.java:94)
08-06 03:42:54.903  1142 11533 E baseline.com.newsblur.network.APIResponse: 	at okhttp3.internal.http.RealInterceptorChain.proceed(RealInterceptorChain.java:142)
08-06 03:42:54.903  1142 11533 E baseline.com.newsblur.network.APIResponse: 	at okhttp3.internal.connection.ConnectInterceptor.intercept(ConnectInterceptor.java:43)
08-06 03:42:54.903  1142 11533 E baseline.com.newsblur.network.APIResponse: 	at okhttp3.internal.http.RealInterceptorChain.proceed(RealInterceptorChain.java:142)
08-06 03:42:54.903  1142 11533 E baseline.com.newsblur.network.APIResponse: 	at okhttp3.internal.http.RealInterceptorChain.proceed(RealInterceptorChain.java:117)
08-06 03:42:54.903  1142 11533 E baseline.com.newsblur.network.APIResponse: 	at okhttp3.internal.cache.CacheInterceptor.intercept(CacheInterceptor.java:94)
08-06 03:42:54.903  1142 11533 E baseline.com.newsblur.network.APIResponse: 	at okhttp3.internal.http.RealInterceptorChain.proceed(RealInterceptorChain.java:142)
08-06 03:42:54.903  1142 11533 E baseline.com.newsblur.network.APIResponse: 	at okhttp3.internal.http.RealInterceptorChain.proceed(RealInterceptorChain.java:117)
08-06 03:42:54.903  1142 11533 E baseline.com.newsblur.network.APIResponse: 	at okhttp3.internal.http.BridgeInterceptor.intercept(BridgeInterceptor.java:93)
08-06 03:42:54.903  1142 11533 E baseline.com.newsblur.network.APIResponse: 	at okhttp3.internal.http.RealInterceptorChain.proceed(RealInterceptorChain.java:142)
08-06 03:42:54.903  1142 11533 E baseline.com.newsblur.network.APIResponse: 	at okhttp3.internal.http.RetryAndFollowUpInterceptor.intercept(RetryAndFollowUpInterceptor.java:88)
08-06 03:42:54.903  1142 11533 E baseline.com.newsblur.network.APIResponse: 	at okhttp3.internal.http.RealInterceptorChain.proceed(RealInterceptorChain.java:142)
08-06 03:42:54.903  1142 11533 E baseline.com.newsblur.network.APIResponse: 	at okhttp3.internal.http.RealInterceptorChain.proceed(RealInterceptorChain.java:117)
08-06 03:42:54.903  1142 11533 E baseline.com.newsblur.network.APIResponse: 	at okhttp3.RealCall.getResponseWithInterceptorChain(RealCall.java:229)
08-06 03:42:54.903  1142 11533 E baseline.com.newsblur.network.APIResponse: 	at okhttp3.RealCall.execute(RealCall.java:81)
08-06 03:42:54.903  1142 11533 E baseline.com.newsblur.network.APIResponse: 	at baseline.com.newsblur.network.APIResponse.<init>(APIResponse.java:57)
08-06 03:42:54.903  1142 11533 E baseline.com.newsblur.network.APIResponse: 	at baseline.com.newsblur.network.APIResponse.<init>(APIResponse.java:43)
08-06 03:42:54.903  1142 11533 E baseline.com.newsblur.network.APIResponse: 	at baseline.com.newsblur.network.APIManager.post_single(APIManager.java:702)
08-06 03:42:54.903  1142 11533 E baseline.com.newsblur.network.APIResponse: 	at baseline.com.newsblur.network.APIManager.post(APIManager.java:675)
08-06 03:42:54.903  1142 11533 E baseline.com.newsblur.network.APIResponse: 	at baseline.com.newsblur.network.APIManager.post(APIManager.java:714)
08-06 03:42:54.903  1142 11533 E baseline.com.newsblur.network.APIResponse: 	at baseline.com.newsblur.network.APIManager.markStoryAsRead(APIManager.java:205)
08-06 03:42:54.903  1142 11533 E baseline.com.newsblur.network.APIResponse: 	at baseline.com.newsblur.util.ReadingAction.doRemote(ReadingAction.java:281)
08-06 03:42:54.903  1142 11533 E baseline.com.newsblur.network.APIResponse: 	at baseline.com.newsblur.service.NBSyncService.syncActions(NBSyncService.java:400)
08-06 03:42:54.903  1142 11533 E baseline.com.newsblur.network.APIResponse: 	at baseline.com.newsblur.service.NBSyncService.doSync(NBSyncService.java:298)
08-06 03:42:54.903  1142 11533 E baseline.com.newsblur.network.APIResponse: 	at baseline.com.newsblur.service.NBSyncService.access$100(NBSyncService.java:67)
08-06 03:42:54.903  1142 11533 E baseline.com.newsblur.network.APIResponse: 	at baseline.com.newsblur.service.NBSyncService$1.run(NBSyncService.java:188)
08-06 03:42:54.903  1142 11533 E baseline.com.newsblur.network.APIResponse: 	at java.util.concurrent.ThreadPoolExecutor.runWorker(ThreadPoolExecutor.java:1113)
08-06 03:42:54.903  1142 11533 E baseline.com.newsblur.network.APIResponse: 	at java.util.concurrent.ThreadPoolExecutor$Worker.run(ThreadPoolExecutor.java:588)
08-06 03:42:54.903  1142 11533 E baseline.com.newsblur.network.APIResponse: 	at java.lang.Thread.run(Thread.java:818)
08-06 03:42:54.903  1142 11533 E baseline.com.newsblur.network.APIResponse: Caused by: java.io.EOFException: \n not found: limit=0 content=
08-06 03:42:54.903  1142 11533 E baseline.com.newsblur.network.APIResponse: 	at okio.RealBufferedSource.readUtf8LineStrict(RealBufferedSource.java:240)
08-06 03:42:54.903  1142 11533 E baseline.com.newsblur.network.APIResponse: 	at okhttp3.internal.http1.Http1ExchangeCodec.readHeaderLine(Http1ExchangeCodec.java:242)
08-06 03:42:54.903  1142 11533 E baseline.com.newsblur.network.APIResponse: 	at okhttp3.internal.http1.Http1ExchangeCodec.readResponseHeaders(Http1ExchangeCodec.java:213)
08-06 03:42:54.903  1142 11533 E baseline.com.newsblur.network.APIResponse: 	... 30 more
08-06 03:42:54.904  1142 11533 I baseline.com.newsblur.network.APIManager: API call failed, pausing before retry number 1
08-06 03:42:54.955  1142 10856 I art     : Starting a blocking GC Explicit
08-06 03:42:55.000  1142 10856 I art     : Explicit concurrent mark sweep GC freed 4668(416KB) AllocSpace objects, 6(260KB) LOS objects, 29% free, 37MB/53MB, paused 1.762ms total 45.130ms
08-06 03:42:55.014  1142 10856 I art     : Starting a blocking GC Explicit
08-06 03:42:55.052  1142 10856 I art     : Explicit concurrent mark sweep GC freed 1028(120KB) AllocSpace objects, 0(0B) LOS objects, 29% free, 37MB/53MB, paused 1.157ms total 38.484ms
08-06 03:42:55.064  1142 10856 I art     : Starting a blocking GC Explicit
08-06 03:42:55.103  1142 10856 I art     : Explicit concurrent mark sweep GC freed 9(320B) AllocSpace objects, 0(0B) LOS objects, 29% free, 37MB/53MB, paused 1.144ms total 38.143ms
08-06 03:42:55.116  1142 10856 I art     : Starting a blocking GC Explicit
08-06 03:42:55.155  1142 10856 I art     : Explicit concurrent mark sweep GC freed 3(96B) AllocSpace objects, 0(0B) LOS objects, 29% free, 37MB/53MB, paused 1.122ms total 39.387ms
08-06 03:42:55.168  1142 10856 I art     : Starting a blocking GC Explicit
08-06 03:42:55.208  1142 10856 I art     : Explicit concurrent mark sweep GC freed 3(96B) AllocSpace objects, 0(0B) LOS objects, 29% free, 37MB/53MB, paused 1.243ms total 39.765ms
08-06 03:42:55.486  1142 11210 E chromium: [ERROR:tile_manager.cc(793)] WARNING: tile memory limits exceeded, some content may not draw
08-06 03:42:55.487  1142 11210 E chromium: [ERROR:tile_manager.cc(793)] WARNING: tile memory limits exceeded, some content may not draw
08-06 03:42:55.517  1142 11210 E chromium: [ERROR:tile_manager.cc(793)] WARNING: tile memory limits exceeded, some content may not draw
08-06 03:42:55.518  1142 11210 E chromium: [ERROR:tile_manager.cc(793)] WARNING: tile memory limits exceeded, some content may not draw
08-06 03:42:55.535  1142 11210 E chromium: [ERROR:tile_manager.cc(793)] WARNING: tile memory limits exceeded, some content may not draw
08-06 03:42:55.535  1142 11210 E chromium: [ERROR:tile_manager.cc(793)] WARNING: tile memory limits exceeded, some content may not draw
08-06 03:42:55.545  1142 10856 I art     : Starting a blocking GC Explicit
08-06 03:42:55.585  1142 10856 I art     : Explicit concurrent mark sweep GC freed 1507(85KB) AllocSpace objects, 1(20KB) LOS objects, 29% free, 37MB/53MB, paused 1.375ms total 39.694ms
08-06 03:42:55.599  1142 10856 I art     : Starting a blocking GC Explicit
08-06 03:42:55.639  1142 10856 I art     : Explicit concurrent mark sweep GC freed 41(1408B) AllocSpace objects, 0(0B) LOS objects, 29% free, 37MB/53MB, paused 1.222ms total 40.146ms
08-06 03:42:55.652  1142 10856 I art     : Starting a blocking GC Explicit
08-06 03:42:55.694  1142 10856 I art     : Explicit concurrent mark sweep GC freed 21(672B) AllocSpace objects, 0(0B) LOS objects, 29% free, 37MB/53MB, paused 1.522ms total 41.490ms
08-06 03:42:55.707  1142 10856 I art     : Starting a blocking GC Explicit
08-06 03:42:55.748  1142 10856 I art     : Explicit concurrent mark sweep GC freed 16(512B) AllocSpace objects, 0(0B) LOS objects, 29% free, 37MB/53MB, paused 1.293ms total 40.867ms
08-06 03:42:55.761  1142 10856 I art     : Starting a blocking GC Explicit
08-06 03:42:55.802  1142 10856 I art     : Explicit concurrent mark sweep GC freed 3(96B) AllocSpace objects, 0(0B) LOS objects, 29% free, 37MB/53MB, paused 1.146ms total 40.874ms
08-06 03:42:56.158  1142  1153 I art     : Starting a blocking GC Explicit
08-06 03:42:56.204  1142  1153 I art     : Explicit concurrent mark sweep GC freed 1441(83KB) AllocSpace objects, 1(20KB) LOS objects, 29% free, 37MB/53MB, paused 1.237ms total 44.968ms
08-06 03:42:56.217  1142  1153 I art     : Starting a blocking GC Explicit
08-06 03:42:56.259  1142  1153 I art     : Explicit concurrent mark sweep GC freed 22(784B) AllocSpace objects, 0(0B) LOS objects, 29% free, 37MB/53MB, paused 1.209ms total 41.116ms
08-06 03:42:56.272  1142  1153 I art     : Starting a blocking GC Explicit
08-06 03:42:56.313  1142  1153 I art     : Explicit concurrent mark sweep GC freed 3(96B) AllocSpace objects, 0(0B) LOS objects, 29% free, 37MB/53MB, paused 1.319ms total 41.246ms
08-06 03:42:56.326  1142  1153 I art     : Starting a blocking GC Explicit
08-06 03:42:56.367  1142  1153 I art     : Explicit concurrent mark sweep GC freed 3(96B) AllocSpace objects, 0(0B) LOS objects, 29% free, 37MB/53MB, paused 1.268ms total 41.227ms
08-06 03:42:56.380  1142  1153 I art     : Starting a blocking GC Explicit
08-06 03:42:56.422  1142  1153 I art     : Explicit concurrent mark sweep GC freed 94(3KB) AllocSpace objects, 0(0B) LOS objects, 29% free, 37MB/53MB, paused 1.260ms total 41.643ms
08-06 03:42:56.428  6649  6649 I ServiceManager: Waiting for service AtCmdFwd...
08-06 03:42:56.774  1142 11214 I art     : Starting a blocking GC Explicit
08-06 03:42:56.820  1142 11214 I art     : Explicit concurrent mark sweep GC freed 1521(88KB) AllocSpace objects, 1(20KB) LOS objects, 29% free, 37MB/53MB, paused 1.403ms total 44.826ms
08-06 03:42:56.833  1142 11214 I art     : Starting a blocking GC Explicit
08-06 03:42:56.875  1142 11214 I art     : Explicit concurrent mark sweep GC freed 22(784B) AllocSpace objects, 0(0B) LOS objects, 29% free, 37MB/53MB, paused 1.228ms total 41.317ms
08-06 03:42:56.888  1142 11214 I art     : Starting a blocking GC Explicit
08-06 03:42:56.930  1142 11214 I art     : Explicit concurrent mark sweep GC freed 961(39KB) AllocSpace objects, 0(0B) LOS objects, 29% free, 37MB/53MB, paused 1.526ms total 41.781ms
08-06 03:42:56.943  1142 11214 I art     : Starting a blocking GC Explicit
08-06 03:42:56.986  1142 11214 I art     : Explicit concurrent mark sweep GC freed 757(26KB) AllocSpace objects, 0(0B) LOS objects, 29% free, 37MB/53MB, paused 1.757ms total 42.173ms
08-06 03:42:56.999  1142 11214 I art     : Starting a blocking GC Explicit
08-06 03:42:57.041  1142 11214 I art     : Explicit concurrent mark sweep GC freed 23(896B) AllocSpace objects, 0(0B) LOS objects, 29% free, 37MB/53MB, paused 1.237ms total 41.834ms
08-06 03:42:57.223  1142 11533 E baseline.com.newsblur.network.APIResponse: Error (unexpected end of stream on https://www.newsblur.com/...) calling https://www.newsblur.com/reader/mark_story_hashes_as_read/
08-06 03:42:57.223  1142 11533 E baseline.com.newsblur.network.APIResponse: java.io.IOException: unexpected end of stream on https://www.newsblur.com/...
08-06 03:42:57.223  1142 11533 E baseline.com.newsblur.network.APIResponse: 	at okhttp3.internal.http1.Http1ExchangeCodec.readResponseHeaders(Http1ExchangeCodec.java:236)
08-06 03:42:57.223  1142 11533 E baseline.com.newsblur.network.APIResponse: 	at okhttp3.internal.connection.Exchange.readResponseHeaders(Exchange.java:115)
08-06 03:42:57.223  1142 11533 E baseline.com.newsblur.network.APIResponse: 	at okhttp3.internal.http.CallServerInterceptor.intercept(CallServerInterceptor.java:94)
08-06 03:42:57.223  1142 11533 E baseline.com.newsblur.network.APIResponse: 	at okhttp3.internal.http.RealInterceptorChain.proceed(RealInterceptorChain.java:142)
08-06 03:42:57.223  1142 11533 E baseline.com.newsblur.network.APIResponse: 	at okhttp3.internal.connection.ConnectInterceptor.intercept(ConnectInterceptor.java:43)
08-06 03:42:57.223  1142 11533 E baseline.com.newsblur.network.APIResponse: 	at okhttp3.internal.http.RealInterceptorChain.proceed(RealInterceptorChain.java:142)
08-06 03:42:57.223  1142 11533 E baseline.com.newsblur.network.APIResponse: 	at okhttp3.internal.http.RealInterceptorChain.proceed(RealInterceptorChain.java:117)
08-06 03:42:57.223  1142 11533 E baseline.com.newsblur.network.APIResponse: 	at okhttp3.internal.cache.CacheInterceptor.intercept(CacheInterceptor.java:94)
08-06 03:42:57.223  1142 11533 E baseline.com.newsblur.network.APIResponse: 	at okhttp3.internal.http.RealInterceptorChain.proceed(RealInterceptorChain.java:142)
08-06 03:42:57.223  1142 11533 E baseline.com.newsblur.network.APIResponse: 	at okhttp3.internal.http.RealInterceptorChain.proceed(RealInterceptorChain.java:117)
08-06 03:42:57.223  1142 11533 E baseline.com.newsblur.network.APIResponse: 	at okhttp3.internal.http.BridgeInterceptor.intercept(BridgeInterceptor.java:93)
08-06 03:42:57.223  1142 11533 E baseline.com.newsblur.network.APIResponse: 	at okhttp3.internal.http.RealInterceptorChain.proceed(RealInterceptorChain.java:142)
08-06 03:42:57.223  1142 11533 E baseline.com.newsblur.network.APIResponse: 	at okhttp3.internal.http.RetryAndFollowUpInterceptor.intercept(RetryAndFollowUpInterceptor.java:88)
08-06 03:42:57.223  1142 11533 E baseline.com.newsblur.network.APIResponse: 	at okhttp3.internal.http.RealInterceptorChain.proceed(RealInterceptorChain.java:142)
08-06 03:42:57.223  1142 11533 E baseline.com.newsblur.network.APIResponse: 	at okhttp3.internal.http.RealInterceptorChain.proceed(RealInterceptorChain.java:117)
08-06 03:42:57.223  1142 11533 E baseline.com.newsblur.network.APIResponse: 	at okhttp3.RealCall.getResponseWithInterceptorChain(RealCall.java:229)
08-06 03:42:57.223  1142 11533 E baseline.com.newsblur.network.APIResponse: 	at okhttp3.RealCall.execute(RealCall.java:81)
08-06 03:42:57.223  1142 11533 E baseline.com.newsblur.network.APIResponse: 	at baseline.com.newsblur.network.APIResponse.<init>(APIResponse.java:57)
08-06 03:42:57.223  1142 11533 E baseline.com.newsblur.network.APIResponse: 	at baseline.com.newsblur.network.APIResponse.<init>(APIResponse.java:43)
08-06 03:42:57.223  1142 11533 E baseline.com.newsblur.network.APIResponse: 	at baseline.com.newsblur.network.APIManager.post_single(APIManager.java:702)
08-06 03:42:57.223  1142 11533 E baseline.com.newsblur.network.APIResponse: 	at baseline.com.newsblur.network.APIManager.post(APIManager.java:675)
08-06 03:42:57.223  1142 11533 E baseline.com.newsblur.network.APIResponse: 	at baseline.com.newsblur.network.APIManager.post(APIManager.java:714)
08-06 03:42:57.223  1142 11533 E baseline.com.newsblur.network.APIResponse: 	at baseline.com.newsblur.network.APIManager.markStoryAsRead(APIManager.java:205)
08-06 03:42:57.223  1142 11533 E baseline.com.newsblur.network.APIResponse: 	at baseline.com.newsblur.util.ReadingAction.doRemote(ReadingAction.java:281)
08-06 03:42:57.223  1142 11533 E baseline.com.newsblur.network.APIResponse: 	at baseline.com.newsblur.service.NBSyncService.syncActions(NBSyncService.java:400)
08-06 03:42:57.223  1142 11533 E baseline.com.newsblur.network.APIResponse: 	at baseline.com.newsblur.service.NBSyncService.doSync(NBSyncService.java:298)
08-06 03:42:57.223  1142 11533 E baseline.com.newsblur.network.APIResponse: 	at baseline.com.newsblur.service.NBSyncService.access$100(NBSyncService.java:67)
08-06 03:42:57.223  1142 11533 E baseline.com.newsblur.network.APIResponse: 	at baseline.com.newsblur.service.NBSyncService$1.run(NBSyncService.java:188)
08-06 03:42:57.223  1142 11533 E baseline.com.newsblur.network.APIResponse: 	at java.util.concurrent.ThreadPoolExecutor.runWorker(ThreadPoolExecutor.java:1113)
08-06 03:42:57.223  1142 11533 E baseline.com.newsblur.network.APIResponse: 	at java.util.concurrent.ThreadPoolExecutor$Worker.run(ThreadPoolExecutor.java:588)
08-06 03:42:57.223  1142 11533 E baseline.com.newsblur.network.APIResponse: 	at java.lang.Thread.run(Thread.java:818)
08-06 03:42:57.223  1142 11533 E baseline.com.newsblur.network.APIResponse: Caused by: java.io.EOFException: \n not found: limit=0 content=
08-06 03:42:57.223  1142 11533 E baseline.com.newsblur.network.APIResponse: 	at okio.RealBufferedSource.readUtf8LineStrict(RealBufferedSource.java:240)
08-06 03:42:57.223  1142 11533 E baseline.com.newsblur.network.APIResponse: 	at okhttp3.internal.http1.Http1ExchangeCodec.readHeaderLine(Http1ExchangeCodec.java:242)
08-06 03:42:57.223  1142 11533 E baseline.com.newsblur.network.APIResponse: 	at okhttp3.internal.http1.Http1ExchangeCodec.readResponseHeaders(Http1ExchangeCodec.java:213)
08-06 03:42:57.223  1142 11533 E baseline.com.newsblur.network.APIResponse: 	... 30 more
08-06 03:42:57.224  1142 11533 I baseline.com.newsblur.network.APIManager: API call failed, pausing before retry number 2
08-06 03:42:57.411  1142  1153 I art     : Starting a blocking GC Explicit
08-06 03:42:57.429  6649  6649 I ServiceManager: Waiting for service AtCmdFwd...
08-06 03:42:57.457  1142  1153 I art     : Explicit concurrent mark sweep GC freed 2258(291KB) AllocSpace objects, 3(60KB) LOS objects, 29% free, 37MB/53MB, paused 1.398ms total 45.678ms
08-06 03:42:57.471  1142  1153 I art     : Starting a blocking GC Explicit
08-06 03:42:57.512  1142  1153 I art     : Explicit concurrent mark sweep GC freed 66(2496B) AllocSpace objects, 0(0B) LOS objects, 29% free, 37MB/53MB, paused 1.169ms total 40.907ms
08-06 03:42:57.526  1142  1153 I art     : Starting a blocking GC Explicit
08-06 03:42:57.567  1142  1153 I art     : Explicit concurrent mark sweep GC freed 3(96B) AllocSpace objects, 0(0B) LOS objects, 29% free, 37MB/53MB, paused 1.236ms total 41.305ms
08-06 03:42:57.580  1142  1153 I art     : Starting a blocking GC Explicit
08-06 03:42:57.623  1142  1153 I art     : Explicit concurrent mark sweep GC freed 3(96B) AllocSpace objects, 0(0B) LOS objects, 29% free, 37MB/53MB, paused 1.252ms total 42.227ms
08-06 03:42:57.636  1142  1153 I art     : Starting a blocking GC Explicit
08-06 03:42:57.677  1142  1153 I art     : Explicit concurrent mark sweep GC freed 3(96B) AllocSpace objects, 0(0B) LOS objects, 29% free, 37MB/53MB, paused 1.239ms total 40.954ms
08-06 03:42:58.043  1142  1153 I art     : Starting a blocking GC Explicit
08-06 03:42:58.088  1142  1153 I art     : Explicit concurrent mark sweep GC freed 1440(83KB) AllocSpace objects, 1(20KB) LOS objects, 29% free, 37MB/53MB, paused 1.352ms total 45.021ms
08-06 03:42:58.103  1142  1153 I art     : Starting a blocking GC Explicit
08-06 03:42:58.145  1142  1153 I art     : Explicit concurrent mark sweep GC freed 22(784B) AllocSpace objects, 0(0B) LOS objects, 29% free, 37MB/53MB, paused 1.273ms total 41.853ms
08-06 03:42:58.158  1142  1153 I art     : Starting a blocking GC Explicit
08-06 03:42:58.199  1142  1153 I art     : Explicit concurrent mark sweep GC freed 3(96B) AllocSpace objects, 0(0B) LOS objects, 29% free, 37MB/53MB, paused 1.302ms total 41.050ms
08-06 03:42:58.212  1142  1153 I art     : Starting a blocking GC Explicit
08-06 03:42:58.253  1142  1153 I art     : Explicit concurrent mark sweep GC freed 3(96B) AllocSpace objects, 0(0B) LOS objects, 29% free, 37MB/53MB, paused 1.137ms total 40.550ms
08-06 03:42:58.266  1142  1153 I art     : Starting a blocking GC Explicit
08-06 03:42:58.303  1142  1153 I art     : Explicit concurrent mark sweep GC freed 3(96B) AllocSpace objects, 0(0B) LOS objects, 29% free, 37MB/53MB, paused 1.142ms total 36.900ms
08-06 03:42:58.429  6649  6649 I ServiceManager: Waiting for service AtCmdFwd...
08-06 03:42:58.656  1142  1153 I art     : Starting a blocking GC Explicit
08-06 03:42:58.702  1142  1153 I art     : Explicit concurrent mark sweep GC freed 1439(82KB) AllocSpace objects, 1(20KB) LOS objects, 29% free, 37MB/53MB, paused 1.307ms total 44.789ms
08-06 03:42:58.715  1142  1153 I art     : Starting a blocking GC Explicit
08-06 03:42:58.757  1142  1153 I art     : Explicit concurrent mark sweep GC freed 22(784B) AllocSpace objects, 0(0B) LOS objects, 29% free, 37MB/53MB, paused 1.311ms total 41.718ms
08-06 03:42:58.771  1142  1153 I art     : Starting a blocking GC Explicit
08-06 03:42:58.778 11597 11597 D AndroidRuntime: >>>>>> START com.android.internal.os.RuntimeInit uid 2000 <<<<<<
08-06 03:42:58.784 11597 11597 D AndroidRuntime: CheckJNI is OFF
08-06 03:42:58.810  1142  1153 I art     : Explicit concurrent mark sweep GC freed 3(96B) AllocSpace objects, 0(0B) LOS objects, 29% free, 37MB/53MB, paused 1.206ms total 38.620ms
08-06 03:42:58.822  1142  1153 I art     : Starting a blocking GC Explicit
08-06 03:42:58.828 11597 11597 D ICU     : No timezone override file found: /data/misc/zoneinfo/current/icu/icu_tzdata.dat
08-06 03:42:58.860  1142  1153 I art     : Explicit concurrent mark sweep GC freed 3(96B) AllocSpace objects, 0(0B) LOS objects, 29% free, 37MB/53MB, paused 1.177ms total 37.866ms
08-06 03:42:58.871 11597 11597 I Radio-JNI: register_android_hardware_Radio DONE
08-06 03:42:58.872  1142  1153 I art     : Starting a blocking GC Explicit
08-06 03:42:58.900 11597 11597 D AndroidRuntime: Calling main entry com.android.commands.input.Input
08-06 03:42:58.901 11597 11597 I Input   : injectKeyEvent: KeyEvent { action=ACTION_DOWN, keyCode=KEYCODE_BACK, scanCode=0, metaState=0, flags=0x0, repeatCount=0, eventTime=848595314, downTime=848595314, deviceId=-1, source=0x101 }
08-06 03:42:58.908 11597 11597 I Input   : injectKeyEvent: KeyEvent { action=ACTION_UP, keyCode=KEYCODE_BACK, scanCode=0, metaState=0, flags=0x0, repeatCount=0, eventTime=848595314, downTime=848595314, deviceId=-1, source=0x101 }
08-06 03:42:58.910  1142  1153 I art     : Explicit concurrent mark sweep GC freed 4(176B) AllocSpace objects, 0(0B) LOS objects, 29% free, 37MB/53MB, paused 1.250ms total 37.947ms
08-06 03:42:58.915 11597 11597 D AndroidRuntime: Shutting down VM
08-06 03:42:59.127 13866 13866 I GoogleInputMethodServic: GoogleInputMethodService.onFinishInput():3138 
08-06 03:42:59.127 13866 13866 I GoogleInputMethodServic: GoogleInputMethodService.onStartInput():1808 
08-06 03:42:59.242  1142 11214 I art     : Starting a blocking GC Explicit
08-06 03:42:59.280  1142 11214 I art     : Explicit concurrent mark sweep GC freed 3447(274KB) AllocSpace objects, 7(148KB) LOS objects, 29% free, 37MB/53MB, paused 1.109ms total 37.222ms
08-06 03:42:59.292  1142 11214 I art     : Starting a blocking GC Explicit
08-06 03:42:59.329  1142 11214 I art     : Explicit concurrent mark sweep GC freed 175(8KB) AllocSpace objects, 0(0B) LOS objects, 29% free, 37MB/53MB, paused 1.146ms total 36.199ms
08-06 03:42:59.340  1142 11214 I art     : Starting a blocking GC Explicit
08-06 03:42:59.377  1142 11214 I art     : Explicit concurrent mark sweep GC freed 3(96B) AllocSpace objects, 0(0B) LOS objects, 29% free, 37MB/53MB, paused 1.102ms total 36.037ms
08-06 03:42:59.388  1142 11214 I art     : Starting a blocking GC Explicit
08-06 03:42:59.426  1142 11214 I art     : Explicit concurrent mark sweep GC freed 394(17KB) AllocSpace objects, 0(0B) LOS objects, 29% free, 37MB/53MB, paused 1.269ms total 37.258ms
08-06 03:42:59.429  6649  6649 I ServiceManager: Waiting for service AtCmdFwd...
08-06 03:42:59.438  1142 11214 I art     : Starting a blocking GC Explicit
08-06 03:42:59.477  1142 11214 I art     : Explicit concurrent mark sweep GC freed 1287(62KB) AllocSpace objects, 0(0B) LOS objects, 29% free, 37MB/53MB, paused 1.148ms total 38.917ms
08-06 03:42:59.817  1142 11214 I art     : Starting a blocking GC Explicit
08-06 03:42:59.860  1142 11214 I art     : Explicit concurrent mark sweep GC freed 1614(90KB) AllocSpace objects, 1(20KB) LOS objects, 29% free, 37MB/53MB, paused 1.422ms total 43.081ms
08-06 03:42:59.873  1142 11214 I art     : Starting a blocking GC Explicit
08-06 03:42:59.917  1142 11214 I art     : Explicit concurrent mark sweep GC freed 28(976B) AllocSpace objects, 0(0B) LOS objects, 29% free, 37MB/53MB, paused 1.398ms total 43.017ms
08-06 03:42:59.930  1142 11214 I art     : Starting a blocking GC Explicit
08-06 03:42:59.974  1142 11214 I art     : Explicit concurrent mark sweep GC freed 11(352B) AllocSpace objects, 0(0B) LOS objects, 29% free, 37MB/53MB, paused 1.197ms total 42.947ms
08-06 03:42:59.988  1142 11214 I art     : Starting a blocking GC Explicit
08-06 03:43:00.027  1142 11214 I art     : Explicit concurrent mark sweep GC freed 9(288B) AllocSpace objects, 0(0B) LOS objects, 29% free, 37MB/53MB, paused 1.323ms total 39.076ms
08-06 03:43:00.040  1142 11214 I art     : Starting a blocking GC Explicit
08-06 03:43:00.075  1142 11214 I art     : Explicit concurrent mark sweep GC freed 9(288B) AllocSpace objects, 0(0B) LOS objects, 29% free, 37MB/53MB, paused 1.150ms total 34.667ms
08-06 03:43:00.402  1142 11214 I art     : Starting a blocking GC Explicit
08-06 03:43:00.431  6649  6649 I ServiceManager: Waiting for service AtCmdFwd...
08-06 03:43:00.447  1142 11214 I art     : Explicit concurrent mark sweep GC freed 1647(92KB) AllocSpace objects, 1(20KB) LOS objects, 29% free, 37MB/53MB, paused 1.508ms total 45.199ms
08-06 03:43:00.460  1142 11214 I art     : Starting a blocking GC Explicit
08-06 03:43:00.503  1142 11214 I art     : Explicit concurrent mark sweep GC freed 48(1680B) AllocSpace objects, 0(0B) LOS objects, 29% free, 37MB/53MB, paused 1.400ms total 43.046ms
08-06 03:43:00.517  1142 11214 I art     : Starting a blocking GC Explicit
08-06 03:43:00.560  1142 11214 I art     : Explicit concurrent mark sweep GC freed 6(192B) AllocSpace objects, 0(0B) LOS objects, 29% free, 37MB/53MB, paused 1.320ms total 43.360ms
08-06 03:43:00.573  1142 11214 I art     : Starting a blocking GC Explicit
08-06 03:43:00.615  1142 11214 I art     : Explicit concurrent mark sweep GC freed 3(96B) AllocSpace objects, 0(0B) LOS objects, 29% free, 37MB/53MB, paused 1.388ms total 41.349ms
08-06 03:43:00.627  1142 11214 I art     : Starting a blocking GC Explicit
08-06 03:43:00.671  1142 11214 I art     : Explicit concurrent mark sweep GC freed 148(5KB) AllocSpace objects, 0(0B) LOS objects, 29% free, 37MB/53MB, paused 1.620ms total 43.243ms
08-06 03:43:00.700 11640 11640 D AndroidRuntime: >>>>>> START com.android.internal.os.RuntimeInit uid 2000 <<<<<<
08-06 03:43:00.706 11640 11640 D AndroidRuntime: CheckJNI is OFF
08-06 03:43:00.732  1142 11533 E baseline.com.newsblur.network.APIResponse: Error (unexpected end of stream on https://www.newsblur.com/...) calling https://www.newsblur.com/reader/mark_story_hashes_as_read/
08-06 03:43:00.732  1142 11533 E baseline.com.newsblur.network.APIResponse: java.io.IOException: unexpected end of stream on https://www.newsblur.com/...
08-06 03:43:00.732  1142 11533 E baseline.com.newsblur.network.APIResponse: 	at okhttp3.internal.http1.Http1ExchangeCodec.readResponseHeaders(Http1ExchangeCodec.java:236)
08-06 03:43:00.732  1142 11533 E baseline.com.newsblur.network.APIResponse: 	at okhttp3.internal.connection.Exchange.readResponseHeaders(Exchange.java:115)
08-06 03:43:00.732  1142 11533 E baseline.com.newsblur.network.APIResponse: 	at okhttp3.internal.http.CallServerInterceptor.intercept(CallServerInterceptor.java:94)
08-06 03:43:00.732  1142 11533 E baseline.com.newsblur.network.APIResponse: 	at okhttp3.internal.http.RealInterceptorChain.proceed(RealInterceptorChain.java:142)
08-06 03:43:00.732  1142 11533 E baseline.com.newsblur.network.APIResponse: 	at okhttp3.internal.connection.ConnectInterceptor.intercept(ConnectInterceptor.java:43)
08-06 03:43:00.732  1142 11533 E baseline.com.newsblur.network.APIResponse: 	at okhttp3.internal.http.RealInterceptorChain.proceed(RealInterceptorChain.java:142)
08-06 03:43:00.732  1142 11533 E baseline.com.newsblur.network.APIResponse: 	at okhttp3.internal.http.RealInterceptorChain.proceed(RealInterceptorChain.java:117)
08-06 03:43:00.732  1142 11533 E baseline.com.newsblur.network.APIResponse: 	at okhttp3.internal.cache.CacheInterceptor.intercept(CacheInterceptor.java:94)
08-06 03:43:00.732  1142 11533 E baseline.com.newsblur.network.APIResponse: 	at okhttp3.internal.http.RealInterceptorChain.proceed(RealInterceptorChain.java:142)
08-06 03:43:00.732  1142 11533 E baseline.com.newsblur.network.APIResponse: 	at okhttp3.internal.http.RealInterceptorChain.proceed(RealInterceptorChain.java:117)
08-06 03:43:00.732  1142 11533 E baseline.com.newsblur.network.APIResponse: 	at okhttp3.internal.http.BridgeInterceptor.intercept(BridgeInterceptor.java:93)
08-06 03:43:00.732  1142 11533 E baseline.com.newsblur.network.APIResponse: 	at okhttp3.internal.http.RealInterceptorChain.proceed(RealInterceptorChain.java:142)
08-06 03:43:00.732  1142 11533 E baseline.com.newsblur.network.APIResponse: 	at okhttp3.internal.http.RetryAndFollowUpInterceptor.intercept(RetryAndFollowUpInterceptor.java:88)
08-06 03:43:00.732  1142 11533 E baseline.com.newsblur.network.APIResponse: 	at okhttp3.internal.http.RealInterceptorChain.proceed(RealInterceptorChain.java:142)
08-06 03:43:00.732  1142 11533 E baseline.com.newsblur.network.APIResponse: 	at okhttp3.internal.http.RealInterceptorChain.proceed(RealInterceptorChain.java:117)
08-06 03:43:00.732  1142 11533 E baseline.com.newsblur.network.APIResponse: 	at okhttp3.RealCall.getResponseWithInterceptorChain(RealCall.java:229)
08-06 03:43:00.732  1142 11533 E baseline.com.newsblur.network.APIResponse: 	at okhttp3.RealCall.execute(RealCall.java:81)
08-06 03:43:00.732  1142 11533 E baseline.com.newsblur.network.APIResponse: 	at baseline.com.newsblur.network.APIResponse.<init>(APIResponse.java:57)
08-06 03:43:00.732  1142 11533 E baseline.com.newsblur.network.APIResponse: 	at baseline.com.newsblur.network.APIResponse.<init>(APIResponse.java:43)
08-06 03:43:00.732  1142 11533 E baseline.com.newsblur.network.APIResponse: 	at baseline.com.newsblur.network.APIManager.post_single(APIManager.java:702)
08-06 03:43:00.732  1142 11533 E baseline.com.newsblur.network.APIResponse: 	at baseline.com.newsblur.network.APIManager.post(APIManager.java:675)
08-06 03:43:00.732  1142 11533 E baseline.com.newsblur.network.APIResponse: 	at baseline.com.newsblur.network.APIManager.post(APIManager.java:714)
08-06 03:43:00.732  1142 11533 E baseline.com.newsblur.network.APIResponse: 	at baseline.com.newsblur.network.APIManager.markStoryAsRead(APIManager.java:205)
08-06 03:43:00.732  1142 11533 E baseline.com.newsblur.network.APIResponse: 	at baseline.com.newsblur.util.ReadingAction.doRemote(ReadingAction.java:281)
08-06 03:43:00.732  1142 11533 E baseline.com.newsblur.network.APIResponse: 	at baseline.com.newsblur.service.NBSyncService.syncActions(NBSyncService.java:400)
08-06 03:43:00.732  1142 11533 E baseline.com.newsblur.network.APIResponse: 	at baseline.com.newsblur.service.NBSyncService.doSync(NBSyncService.java:298)
08-06 03:43:00.732  1142 11533 E baseline.com.newsblur.network.APIResponse: 	at baseline.com.newsblur.service.NBSyncService.access$100(NBSyncService.java:67)
08-06 03:43:00.732  1142 11533 E baseline.com.newsblur.network.APIResponse: 	at baseline.com.newsblur.service.NBSyncService$1.run(NBSyncService.java:188)
08-06 03:43:00.732  1142 11533 E baseline.com.newsblur.network.APIResponse: 	at java.util.concurrent.ThreadPoolExecutor.runWorker(ThreadPoolExecutor.java:1113)
08-06 03:43:00.732  1142 11533 E baseline.com.newsblur.network.APIResponse: 	at java.util.concurrent.ThreadPoolExecutor$Worker.run(ThreadPoolExecutor.java:588)
08-06 03:43:00.732  1142 11533 E baseline.com.newsblur.network.APIResponse: 	at java.lang.Thread.run(Thread.java:818)
08-06 03:43:00.732  1142 11533 E baseline.com.newsblur.network.APIResponse: Caused by: java.io.EOFException: \n not found: limit=0 content=
08-06 03:43:00.732  1142 11533 E baseline.com.newsblur.network.APIResponse: 	at okio.RealBufferedSource.readUtf8LineStrict(RealBufferedSource.java:240)
08-06 03:43:00.732  1142 11533 E baseline.com.newsblur.network.APIResponse: 	at okhttp3.internal.http1.Http1ExchangeCodec.readHeaderLine(Http1ExchangeCodec.java:242)
08-06 03:43:00.732  1142 11533 E baseline.com.newsblur.network.APIResponse: 	at okhttp3.internal.http1.Http1ExchangeCodec.readResponseHeaders(Http1ExchangeCodec.java:213)
08-06 03:43:00.732  1142 11533 E baseline.com.newsblur.network.APIResponse: 	... 30 more
08-06 03:43:00.734  1142 11533 I baseline.com.newsblur.service.NBSyncService: Holding reading action with server-side or network error.
08-06 03:43:00.747 11640 11640 D ICU     : No timezone override file found: /data/misc/zoneinfo/current/icu/icu_tzdata.dat
08-06 03:43:00.752  1142 11533 W baseline.com.newsblur.service.NBSyncService: hard API failure
08-06 03:43:00.791 11640 11640 I Radio-JNI: register_android_hardware_Radio DONE
08-06 03:43:00.820 11640 11640 D AndroidRuntime: Calling main entry com.android.commands.input.Input
08-06 03:43:00.822 11640 11640 I Input   : injectKeyEvent: KeyEvent { action=ACTION_DOWN, keyCode=KEYCODE_BACK, scanCode=0, metaState=0, flags=0x0, repeatCount=0, eventTime=848597235, downTime=848597235, deviceId=-1, source=0x101 }
08-06 03:43:00.834 11640 11640 I Input   : injectKeyEvent: KeyEvent { action=ACTION_UP, keyCode=KEYCODE_BACK, scanCode=0, metaState=0, flags=0x0, repeatCount=0, eventTime=848597235, downTime=848597235, deviceId=-1, source=0x101 }
08-06 03:43:00.841 11640 11640 D AndroidRuntime: Shutting down VM
08-06 03:43:01.010  1142  1153 I art     : Starting a blocking GC Explicit
08-06 03:43:01.029 13866 13866 I GoogleInputMethodServic: GoogleInputMethodService.onFinishInput():3138 
08-06 03:43:01.030 13866 13866 I GoogleInputMethodServic: GoogleInputMethodService.onStartInput():1808 
08-06 03:43:01.057  1142  1153 I art     : Explicit concurrent mark sweep GC freed 12379(977KB) AllocSpace objects, 17(340KB) LOS objects, 29% free, 37MB/53MB, paused 1.621ms total 46.865ms
08-06 03:43:01.075  1142  1153 I art     : Starting a blocking GC Explicit
08-06 03:43:01.114  1142  1153 I art     : Explicit concurrent mark sweep GC freed 391(14KB) AllocSpace objects, 0(0B) LOS objects, 29% free, 37MB/53MB, paused 1.260ms total 38.292ms
08-06 03:43:01.125  1142  1153 I art     : Starting a blocking GC Explicit
08-06 03:43:01.162  1142  1153 I art     : Explicit concurrent mark sweep GC freed 7(256B) AllocSpace objects, 0(0B) LOS objects, 29% free, 37MB/53MB, paused 1.145ms total 36.136ms
08-06 03:43:01.173  1142  1153 I art     : Starting a blocking GC Explicit
08-06 03:43:01.219  1142  1153 I art     : Explicit concurrent mark sweep GC freed 1689(65KB) AllocSpace objects, 0(0B) LOS objects, 29% free, 37MB/53MB, paused 1.385ms total 45.256ms
08-06 03:43:01.233  1142 11533 E baseline.com.newsblur.network.APIResponse: Error (unexpected end of stream on https://www.newsblur.com/...) calling https://www.newsblur.com/reader/mark_story_hashes_as_read/
08-06 03:43:01.233  1142 11533 E baseline.com.newsblur.network.APIResponse: java.io.IOException: unexpected end of stream on https://www.newsblur.com/...
08-06 03:43:01.233  1142 11533 E baseline.com.newsblur.network.APIResponse: 	at okhttp3.internal.http1.Http1ExchangeCodec.readResponseHeaders(Http1ExchangeCodec.java:236)
08-06 03:43:01.233  1142 11533 E baseline.com.newsblur.network.APIResponse: 	at okhttp3.internal.connection.Exchange.readResponseHeaders(Exchange.java:115)
08-06 03:43:01.233  1142 11533 E baseline.com.newsblur.network.APIResponse: 	at okhttp3.internal.http.CallServerInterceptor.intercept(CallServerInterceptor.java:94)
08-06 03:43:01.233  1142 11533 E baseline.com.newsblur.network.APIResponse: 	at okhttp3.internal.http.RealInterceptorChain.proceed(RealInterceptorChain.java:142)
08-06 03:43:01.233  1142 11533 E baseline.com.newsblur.network.APIResponse: 	at okhttp3.internal.connection.ConnectInterceptor.intercept(ConnectInterceptor.java:43)
08-06 03:43:01.233  1142 11533 E baseline.com.newsblur.network.APIResponse: 	at okhttp3.internal.http.RealInterceptorChain.proceed(RealInterceptorChain.java:142)
08-06 03:43:01.233  1142 11533 E baseline.com.newsblur.network.APIResponse: 	at okhttp3.internal.http.RealInterceptorChain.proceed(RealInterceptorChain.java:117)
08-06 03:43:01.233  1142 11533 E baseline.com.newsblur.network.APIResponse: 	at okhttp3.internal.cache.CacheInterceptor.intercept(CacheInterceptor.java:94)
08-06 03:43:01.233  1142 11533 E baseline.com.newsblur.network.APIResponse: 	at okhttp3.internal.http.RealInterceptorChain.proceed(RealInterceptorChain.java:142)
08-06 03:43:01.233  1142 11533 E baseline.com.newsblur.network.APIResponse: 	at okhttp3.internal.http.RealInterceptorChain.proceed(RealInterceptorChain.java:117)
08-06 03:43:01.233  1142 11533 E baseline.com.newsblur.network.APIResponse: 	at okhttp3.internal.http.BridgeInterceptor.intercept(BridgeInterceptor.java:93)
08-06 03:43:01.233  1142 11533 E baseline.com.newsblur.network.APIResponse: 	at okhttp3.internal.http.RealInterceptorChain.proceed(RealInterceptorChain.java:142)
08-06 03:43:01.233  1142 11533 E baseline.com.newsblur.network.APIResponse: 	at okhttp3.internal.http.RetryAndFollowUpInterceptor.intercept(RetryAndFollowUpInterceptor.java:88)
08-06 03:43:01.233  1142 11533 E baseline.com.newsblur.network.APIResponse: 	at okhttp3.internal.http.RealInterceptorChain.proceed(RealInterceptorChain.java:142)
08-06 03:43:01.233  1142 11533 E baseline.com.newsblur.network.APIResponse: 	at okhttp3.internal.http.RealInterceptorChain.proceed(RealInterceptorChain.java:117)
08-06 03:43:01.233  1142 11533 E baseline.com.newsblur.network.APIResponse: 	at okhttp3.RealCall.getResponseWithInterceptorChain(RealCall.java:229)
08-06 03:43:01.233  1142 11533 E baseline.com.newsblur.network.APIResponse: 	at okhttp3.RealCall.execute(RealCall.java:81)
08-06 03:43:01.233  1142 11533 E baseline.com.newsblur.network.APIResponse: 	at baseline.com.newsblur.network.APIResponse.<init>(APIResponse.java:57)
08-06 03:43:01.233  1142 11533 E baseline.com.newsblur.network.APIResponse: 	at baseline.com.newsblur.network.APIResponse.<init>(APIResponse.java:43)
08-06 03:43:01.233  1142 11533 E baseline.com.newsblur.network.APIResponse: 	at baseline.com.newsblur.network.APIManager.post_single(APIManager.java:702)
08-06 03:43:01.233  1142 11533 E baseline.com.newsblur.network.APIResponse: 	at baseline.com.newsblur.network.APIManager.post(APIManager.java:675)
08-06 03:43:01.233  1142 11533 E baseline.com.newsblur.network.APIResponse: 	at baseline.com.newsblur.network.APIManager.post(APIManager.java:714)
08-06 03:43:01.233  1142 11533 E baseline.com.newsblur.network.APIResponse: 	at baseline.com.newsblur.network.APIManager.markStoryAsRead(APIManager.java:205)
08-06 03:43:01.233  1142 11533 E baseline.com.newsblur.network.APIResponse: 	at baseline.com.newsblur.util.ReadingAction.doRemote(ReadingAction.java:281)
08-06 03:43:01.233  1142 11533 E baseline.com.newsblur.network.APIResponse: 	at baseline.com.newsblur.service.NBSyncService.syncActions(NBSyncService.java:400)
08-06 03:43:01.233  1142 11533 E baseline.com.newsblur.network.APIResponse: 	at baseline.com.newsblur.service.NBSyncService.doSync(NBSyncService.java:298)
08-06 03:43:01.233  1142 11533 E baseline.com.newsblur.network.APIResponse: 	at baseline.com.newsblur.service.NBSyncService.access$100(NBSyncService.java:67)
08-06 03:43:01.233  1142 11533 E baseline.com.newsblur.network.APIResponse: 	at baseline.com.newsblur.service.NBSyncService$1.run(NBSyncService.java:188)
08-06 03:43:01.233  1142 11533 E baseline.com.newsblur.network.APIResponse: 	at java.util.concurrent.ThreadPoolExecutor.runWorker(ThreadPoolExecutor.java:1113)
08-06 03:43:01.233  1142 11533 E baseline.com.newsblur.network.APIResponse: 	at java.util.concurrent.ThreadPoolExecutor$Worker.run(ThreadPoolExecutor.java:588)
08-06 03:43:01.233  1142 11533 E baseline.com.newsblur.network.APIResponse: 	at java.lang.Thread.run(Thread.java:818)
08-06 03:43:01.233  1142 11533 E baseline.com.newsblur.network.APIResponse: Caused by: java.io.EOFException: \n not found: limit=0 content=
08-06 03:43:01.233  1142 11533 E baseline.com.newsblur.network.APIResponse: 	at okio.RealBufferedSource.readUtf8LineStrict(RealBufferedSource.java:240)
08-06 03:43:01.233  1142 11533 E baseline.com.newsblur.network.APIResponse: 	at okhttp3.internal.http1.Http1ExchangeCodec.readHeaderLine(Http1ExchangeCodec.java:242)
08-06 03:43:01.233  1142 11533 E baseline.com.newsblur.network.APIResponse: 	at okhttp3.internal.http1.Http1ExchangeCodec.readResponseHeaders(Http1ExchangeCodec.java:213)
08-06 03:43:01.233  1142 11533 E baseline.com.newsblur.network.APIResponse: 	... 30 more
08-06 03:43:01.234  1142  1153 I art     : Starting a blocking GC Explicit
08-06 03:43:01.234  1142 11533 I baseline.com.newsblur.network.APIManager: API call failed, pausing before retry number 1
08-06 03:43:01.277  1142  1153 I art     : Explicit concurrent mark sweep GC freed 577(176KB) AllocSpace objects, 2(40KB) LOS objects, 29% free, 37MB/53MB, paused 1.438ms total 43.337ms
08-06 03:43:01.431  6649  6649 W Atfwd_Sendcmd: AtCmdFwd service not published, waiting... retryCnt : 4
08-06 03:43:01.621  1142  1153 I art     : Starting a blocking GC Explicit
08-06 03:43:01.664  1142  1153 I art     : Explicit concurrent mark sweep GC freed 2244(138KB) AllocSpace objects, 1(20KB) LOS objects, 29% free, 37MB/53MB, paused 1.316ms total 43.213ms
08-06 03:43:01.677  1142  1153 I art     : Starting a blocking GC Explicit
08-06 03:43:01.719  1142  1153 I art     : Explicit concurrent mark sweep GC freed 168(7KB) AllocSpace objects, 0(0B) LOS objects, 29% free, 37MB/53MB, paused 1.313ms total 41.821ms
08-06 03:43:01.732  1142  1153 I art     : Starting a blocking GC Explicit
08-06 03:43:01.773  1142  1153 I art     : Explicit concurrent mark sweep GC freed 9(288B) AllocSpace objects, 0(0B) LOS objects, 29% free, 37MB/53MB, paused 1.223ms total 41.262ms
08-06 03:43:01.786  1142  1153 I art     : Starting a blocking GC Explicit
08-06 03:43:01.829  1142  1153 I art     : Explicit concurrent mark sweep GC freed 11(352B) AllocSpace objects, 0(0B) LOS objects, 29% free, 37MB/53MB, paused 1.254ms total 41.933ms
08-06 03:43:01.842  1142  1153 I art     : Starting a blocking GC Explicit
08-06 03:43:01.883  1142  1153 I art     : Explicit concurrent mark sweep GC freed 9(288B) AllocSpace objects, 0(0B) LOS objects, 29% free, 37MB/53MB, paused 1.254ms total 41.393ms
08-06 03:43:02.221  1142 10856 I art     : Starting a blocking GC Explicit
08-06 03:43:02.270  1142 10856 I art     : Explicit concurrent mark sweep GC freed 1482(84KB) AllocSpace objects, 1(20KB) LOS objects, 29% free, 37MB/53MB, paused 1.746ms total 48.540ms
08-06 03:43:02.283  1142 10856 I art     : Starting a blocking GC Explicit
08-06 03:43:02.325  1142 10856 I art     : Explicit concurrent mark sweep GC freed 28(976B) AllocSpace objects, 0(0B) LOS objects, 29% free, 37MB/53MB, paused 1.497ms total 41.514ms
08-06 03:43:02.338  1142 10856 I art     : Starting a blocking GC Explicit
08-06 03:43:02.378  1142 10856 I art     : Explicit concurrent mark sweep GC freed 11(352B) AllocSpace objects, 0(0B) LOS objects, 29% free, 37MB/53MB, paused 1.292ms total 40.487ms
08-06 03:43:02.391  1142 10856 I art     : Starting a blocking GC Explicit
08-06 03:43:02.432  1142 10856 I art     : Explicit concurrent mark sweep GC freed 9(288B) AllocSpace objects, 0(0B) LOS objects, 29% free, 37MB/53MB, paused 1.277ms total 40.204ms
08-06 03:43:02.445  1142 10856 I art     : Starting a blocking GC Explicit
08-06 03:43:02.486  1142 10856 I art     : Explicit concurrent mark sweep GC freed 4(128B) AllocSpace objects, 0(0B) LOS objects, 29% free, 37MB/53MB, paused 1.330ms total 41.063ms
08-06 03:43:02.633 11689 11689 D AndroidRuntime: >>>>>> START com.android.internal.os.RuntimeInit uid 2000 <<<<<<
08-06 03:43:02.639 11689 11689 D AndroidRuntime: CheckJNI is OFF
08-06 03:43:02.680 11689 11689 D ICU     : No timezone override file found: /data/misc/zoneinfo/current/icu/icu_tzdata.dat
08-06 03:43:02.720 11689 11689 I Radio-JNI: register_android_hardware_Radio DONE
08-06 03:43:02.749 11689 11689 D AndroidRuntime: Calling main entry com.android.commands.input.Input
08-06 03:43:02.751 11689 11689 I Input   : injectMotionEvent: MotionEvent { action=ACTION_DOWN, actionButton=0, id[0]=0, x[0]=594.0, y[0]=330.0, toolType[0]=TOOL_TYPE_UNKNOWN, buttonState=0, metaState=0, flags=0x0, edgeFlags=0x0, pointerCount=1, historySize=0, eventTime=848599164, downTime=848599164, deviceId=0, source=0x1002 }
08-06 03:43:02.755 11689 11689 I Input   : injectMotionEvent: MotionEvent { action=ACTION_UP, actionButton=0, id[0]=0, x[0]=594.0, y[0]=330.0, toolType[0]=TOOL_TYPE_UNKNOWN, buttonState=0, metaState=0, flags=0x0, edgeFlags=0x0, pointerCount=1, historySize=0, eventTime=848599164, downTime=848599164, deviceId=0, source=0x1002 }
08-06 03:43:02.760 11689 11689 D AndroidRuntime: Shutting down VM
08-06 03:43:02.826  1142 11214 I art     : Starting a blocking GC Explicit
08-06 03:43:02.828   918  6029 I ActivityManager: START u0 {cmp=baseline.com.newsblur/.activity.GlobalSharedStoriesItemsList (has extras)} from uid 10698 on display 0
08-06 03:43:02.852  1142 10857 I baseline.com.newsblur.database.BlurDatabaseHelper: reading session reset
08-06 03:43:02.867  1142 11214 I art     : Explicit concurrent mark sweep GC freed 2500(212KB) AllocSpace objects, 5(100KB) LOS objects, 29% free, 37MB/53MB, paused 1.656ms total 41.294ms
08-06 03:43:02.881  1142 11214 I art     : Starting a blocking GC Explicit
08-06 03:43:02.922  1142 11214 I art     : Explicit concurrent mark sweep GC freed 1145(59KB) AllocSpace objects, 1(112KB) LOS objects, 29% free, 37MB/53MB, paused 1.365ms total 40ms
08-06 03:43:02.934  1142 11214 I art     : Starting a blocking GC Explicit
08-06 03:43:02.975  1142 11214 I art     : Explicit concurrent mark sweep GC freed 98(5KB) AllocSpace objects, 0(0B) LOS objects, 29% free, 37MB/53MB, paused 1.323ms total 41.354ms
08-06 03:43:02.988  1142 11214 I art     : Starting a blocking GC Explicit
08-06 03:43:03.029  1142 11214 I art     : Explicit concurrent mark sweep GC freed 562(44KB) AllocSpace objects, 1(20KB) LOS objects, 29% free, 37MB/53MB, paused 1.306ms total 41.301ms
08-06 03:43:03.042  1142 11214 I art     : Starting a blocking GC Explicit
08-06 03:43:03.047  1142  1142 W View    : requestLayout() improperly called by android.widget.FrameLayout{d51790d V.E...... ......ID 0,0-1440,18 #7f07003f app:id/footer_view_inner} during layout: running second layout pass
08-06 03:43:03.047  1142  1142 W View    : requestLayout() improperly called by android.widget.FrameLayout{ba0b0c2 V.E...... ......ID 0,0-1440,2091 #7f07003f app:id/footer_view_inner} during layout: running second layout pass
08-06 03:43:03.065   918   936 I ActivityManager: Displayed baseline.com.newsblur/.activity.GlobalSharedStoriesItemsList: +225ms
08-06 03:43:03.066 13866 13866 I GoogleInputMethodServic: GoogleInputMethodService.onFinishInput():3138 
08-06 03:43:03.067 13866 13866 I GoogleInputMethodServic: GoogleInputMethodService.onStartInput():1808 
08-06 03:43:03.086  1142 11214 I art     : Explicit concurrent mark sweep GC freed 672(57KB) AllocSpace objects, 3(60KB) LOS objects, 29% free, 37MB/53MB, paused 1.894ms total 43.243ms
08-06 03:43:03.166  1142 11717 I NAPPA_EXPERIMENTATION: MetricNetworkRequestExecutionTime: REQUEST_DURATION_SYSTEM='37',REQUEST_DURATION_OKHTTP='36',REQUEST_SYNCHRONOUS='TRUE',RESPONSE_CODE='200',RESPONSE_METHOD='GET',RESPONSE_LENGTH_OKHTTP='43',RESPONSE_LENGTH_HEADER='43',REQUEST_PROTOCOL='http/1.1',REQUEST_URL='http://feeds.feedburner.com/~r/retort/~4/UffaFMiJbNs',
08-06 03:43:03.193  1142 11533 E baseline.com.newsblur.network.APIResponse: Error (unexpected end of stream on https://www.newsblur.com/...) calling https://www.newsblur.com/reader/mark_story_hashes_as_read/
08-06 03:43:03.193  1142 11533 E baseline.com.newsblur.network.APIResponse: java.io.IOException: unexpected end of stream on https://www.newsblur.com/...
08-06 03:43:03.193  1142 11533 E baseline.com.newsblur.network.APIResponse: 	at okhttp3.internal.http1.Http1ExchangeCodec.readResponseHeaders(Http1ExchangeCodec.java:236)
08-06 03:43:03.193  1142 11533 E baseline.com.newsblur.network.APIResponse: 	at okhttp3.internal.connection.Exchange.readResponseHeaders(Exchange.java:115)
08-06 03:43:03.193  1142 11533 E baseline.com.newsblur.network.APIResponse: 	at okhttp3.internal.http.CallServerInterceptor.intercept(CallServerInterceptor.java:94)
08-06 03:43:03.193  1142 11533 E baseline.com.newsblur.network.APIResponse: 	at okhttp3.internal.http.RealInterceptorChain.proceed(RealInterceptorChain.java:142)
08-06 03:43:03.193  1142 11533 E baseline.com.newsblur.network.APIResponse: 	at okhttp3.internal.connection.ConnectInterceptor.intercept(ConnectInterceptor.java:43)
08-06 03:43:03.193  1142 11533 E baseline.com.newsblur.network.APIResponse: 	at okhttp3.internal.http.RealInterceptorChain.proceed(RealInterceptorChain.java:142)
08-06 03:43:03.193  1142 11533 E baseline.com.newsblur.network.APIResponse: 	at okhttp3.internal.http.RealInterceptorChain.proceed(RealInterceptorChain.java:117)
08-06 03:43:03.193  1142 11533 E baseline.com.newsblur.network.APIResponse: 	at okhttp3.internal.cache.CacheInterceptor.intercept(CacheInterceptor.java:94)
08-06 03:43:03.193  1142 11533 E baseline.com.newsblur.network.APIResponse: 	at okhttp3.internal.http.RealInterceptorChain.proceed(RealInterceptorChain.java:142)
08-06 03:43:03.193  1142 11533 E baseline.com.newsblur.network.APIResponse: 	at okhttp3.internal.http.RealInterceptorChain.proceed(RealInterceptorChain.java:117)
08-06 03:43:03.193  1142 11533 E baseline.com.newsblur.network.APIResponse: 	at okhttp3.internal.http.BridgeInterceptor.intercept(BridgeInterceptor.java:93)
08-06 03:43:03.193  1142 11533 E baseline.com.newsblur.network.APIResponse: 	at okhttp3.internal.http.RealInterceptorChain.proceed(RealInterceptorChain.java:142)
08-06 03:43:03.193  1142 11533 E baseline.com.newsblur.network.APIResponse: 	at okhttp3.internal.http.RetryAndFollowUpInterceptor.intercept(RetryAndFollowUpInterceptor.java:88)
08-06 03:43:03.193  1142 11533 E baseline.com.newsblur.network.APIResponse: 	at okhttp3.internal.http.RealInterceptorChain.proceed(RealInterceptorChain.java:142)
08-06 03:43:03.193  1142 11533 E baseline.com.newsblur.network.APIResponse: 	at okhttp3.internal.http.RealInterceptorChain.proceed(RealInterceptorChain.java:117)
08-06 03:43:03.193  1142 11533 E baseline.com.newsblur.network.APIResponse: 	at okhttp3.RealCall.getResponseWithInterceptorChain(RealCall.java:229)
08-06 03:43:03.193  1142 11533 E baseline.com.newsblur.network.APIResponse: 	at okhttp3.RealCall.execute(RealCall.java:81)
08-06 03:43:03.193  1142 11533 E baseline.com.newsblur.network.APIResponse: 	at baseline.com.newsblur.network.APIResponse.<init>(APIResponse.java:57)
08-06 03:43:03.193  1142 11533 E baseline.com.newsblur.network.APIResponse: 	at baseline.com.newsblur.network.APIResponse.<init>(APIResponse.java:43)
08-06 03:43:03.193  1142 11533 E baseline.com.newsblur.network.APIResponse: 	at baseline.com.newsblur.network.APIManager.post_single(APIManager.java:702)
08-06 03:43:03.193  1142 11533 E baseline.com.newsblur.network.APIResponse: 	at baseline.com.newsblur.network.APIManager.post(APIManager.java:675)
08-06 03:43:03.193  1142 11533 E baseline.com.newsblur.network.APIResponse: 	at baseline.com.newsblur.network.APIManager.post(APIManager.java:714)
08-06 03:43:03.193  1142 11533 E baseline.com.newsblur.network.APIResponse: 	at baseline.com.newsblur.network.APIManager.markStoryAsRead(APIManager.java:205)
08-06 03:43:03.193  1142 11533 E baseline.com.newsblur.network.APIResponse: 	at baseline.com.newsblur.util.ReadingAction.doRemote(ReadingAction.java:281)
08-06 03:43:03.193  1142 11533 E baseline.com.newsblur.network.APIResponse: 	at baseline.com.newsblur.service.NBSyncService.syncActions(NBSyncService.java:400)
08-06 03:43:03.193  1142 11533 E baseline.com.newsblur.network.APIResponse: 	at baseline.com.newsblur.service.NBSyncService.doSync(NBSyncService.java:298)
08-06 03:43:03.193  1142 11533 E baseline.com.newsblur.network.APIResponse: 	at baseline.com.newsblur.service.NBSyncService.access$100(NBSyncService.java:67)
08-06 03:43:03.193  1142 11533 E baseline.com.newsblur.network.APIResponse: 	at baseline.com.newsblur.service.NBSyncService$1.run(NBSyncService.java:188)
08-06 03:43:03.193  1142 11533 E baseline.com.newsblur.network.APIResponse: 	at java.util.concurrent.ThreadPoolExecutor.runWorker(ThreadPoolExecutor.java:1113)
08-06 03:43:03.193  1142 11533 E baseline.com.newsblur.network.APIResponse: 	at java.util.concurrent.ThreadPoolExecutor$Worker.run(ThreadPoolExecutor.java:588)
08-06 03:43:03.193  1142 11533 E baseline.com.newsblur.network.APIResponse: 	at java.lang.Thread.run(Thread.java:818)
08-06 03:43:03.193  1142 11533 E baseline.com.newsblur.network.APIResponse: Caused by: java.io.EOFException: \n not found: limit=0 content=
08-06 03:43:03.193  1142 11533 E baseline.com.newsblur.network.APIResponse: 	at okio.RealBufferedSource.readUtf8LineStrict(RealBufferedSource.java:240)
08-06 03:43:03.193  1142 11533 E baseline.com.newsblur.network.APIResponse: 	at okhttp3.internal.http1.Http1ExchangeCodec.readHeaderLine(Http1ExchangeCodec.java:242)
08-06 03:43:03.193  1142 11533 E baseline.com.newsblur.network.APIResponse: 	at okhttp3.internal.http1.Http1ExchangeCodec.readResponseHeaders(Http1ExchangeCodec.java:213)
08-06 03:43:03.193  1142 11533 E baseline.com.newsblur.network.APIResponse: 	... 30 more
08-06 03:43:03.194  1142 11533 I baseline.com.newsblur.network.APIManager: API call failed, pausing before retry number 2
08-06 03:43:03.416  1142 10856 I art     : Starting a blocking GC Explicit
08-06 03:43:03.456  1142 10856 I art     : Explicit concurrent mark sweep GC freed 5669(481KB) AllocSpace objects, 9(180KB) LOS objects, 29% free, 37MB/53MB, paused 1.251ms total 39.231ms
08-06 03:43:03.468  1142 10856 I art     : Starting a blocking GC Explicit
08-06 03:43:03.507  1142 10856 I art     : Explicit concurrent mark sweep GC freed 308(12KB) AllocSpace objects, 0(0B) LOS objects, 29% free, 37MB/53MB, paused 1.267ms total 38.576ms
08-06 03:43:03.518  1142 10856 I art     : Starting a blocking GC Explicit
08-06 03:43:03.559  1142 10856 I art     : Explicit concurrent mark sweep GC freed 3(96B) AllocSpace objects, 0(0B) LOS objects, 29% free, 37MB/53MB, paused 1.350ms total 40.444ms
08-06 03:43:03.571  1142 10856 I art     : Starting a blocking GC Explicit
08-06 03:43:03.612  1142 10856 I art     : Explicit concurrent mark sweep GC freed 3(96B) AllocSpace objects, 0(0B) LOS objects, 29% free, 37MB/53MB, paused 1.214ms total 40.302ms
08-06 03:43:03.624  1142 10856 I art     : Starting a blocking GC Explicit
08-06 03:43:03.667  1142 10856 I art     : Explicit concurrent mark sweep GC freed 3(96B) AllocSpace objects, 0(0B) LOS objects, 29% free, 37MB/53MB, paused 1.320ms total 42.441ms
08-06 03:43:04.012  1142  1153 I art     : Starting a blocking GC Explicit
08-06 03:43:04.059  1142  1153 I art     : Explicit concurrent mark sweep GC freed 1438(82KB) AllocSpace objects, 1(20KB) LOS objects, 29% free, 37MB/53MB, paused 1.606ms total 46.712ms
08-06 03:43:04.074  1142  1153 I art     : Starting a blocking GC Explicit
08-06 03:43:04.119  1142  1153 I art     : Explicit concurrent mark sweep GC freed 22(784B) AllocSpace objects, 0(0B) LOS objects, 29% free, 37MB/53MB, paused 1.377ms total 45.091ms
08-06 03:43:04.132  1142  1153 I art     : Starting a blocking GC Explicit
08-06 03:43:04.177  1142  1153 I art     : Explicit concurrent mark sweep GC freed 3(96B) AllocSpace objects, 0(0B) LOS objects, 29% free, 37MB/53MB, paused 1.347ms total 44.272ms
08-06 03:43:04.190  1142  1153 I art     : Starting a blocking GC Explicit
08-06 03:43:04.238  1142  1153 I art     : Explicit concurrent mark sweep GC freed 6(192B) AllocSpace objects, 0(0B) LOS objects, 29% free, 37MB/53MB, paused 1.443ms total 48.208ms
08-06 03:43:04.253  1142  1153 I art     : Starting a blocking GC Explicit
08-06 03:43:04.300  1142  1153 I art     : Explicit concurrent mark sweep GC freed 11(352B) AllocSpace objects, 0(0B) LOS objects, 29% free, 37MB/53MB, paused 1.412ms total 46.352ms
08-06 03:43:04.689  1142  1154 I art     : Starting a blocking GC Explicit
08-06 03:43:04.740  1142  1154 I art     : Explicit concurrent mark sweep GC freed 1456(83KB) AllocSpace objects, 1(20KB) LOS objects, 29% free, 37MB/53MB, paused 1.463ms total 50.849ms
08-06 03:43:04.756  1142  1154 I art     : Starting a blocking GC Explicit
08-06 03:43:04.801  1142  1154 I art     : Explicit concurrent mark sweep GC freed 22(784B) AllocSpace objects, 0(0B) LOS objects, 29% free, 37MB/53MB, paused 1.414ms total 45.416ms
08-06 03:43:04.814  1142  1154 I art     : Starting a blocking GC Explicit
08-06 03:43:04.863  1142  1154 I art     : Explicit concurrent mark sweep GC freed 3(96B) AllocSpace objects, 0(0B) LOS objects, 29% free, 37MB/53MB, paused 1.391ms total 48.271ms
08-06 03:43:04.876  1142  1154 I art     : Starting a blocking GC Explicit
08-06 03:43:04.921  1142  1154 I art     : Explicit concurrent mark sweep GC freed 3(96B) AllocSpace objects, 0(0B) LOS objects, 29% free, 37MB/53MB, paused 1.394ms total 44.782ms
08-06 03:43:04.934  1142  1154 I art     : Starting a blocking GC Explicit
08-06 03:43:04.983  1142  1154 I art     : Explicit concurrent mark sweep GC freed 3(96B) AllocSpace objects, 0(0B) LOS objects, 29% free, 37MB/53MB, paused 1.382ms total 48.447ms
08-06 03:43:05.365  1142  1153 I art     : Starting a blocking GC Explicit
08-06 03:43:05.412  1142  1153 I art     : Explicit concurrent mark sweep GC freed 1441(83KB) AllocSpace objects, 1(20KB) LOS objects, 29% free, 37MB/53MB, paused 1.302ms total 46.730ms
08-06 03:43:05.425  1142  1153 I art     : Starting a blocking GC Explicit
08-06 03:43:05.473  1142  1153 I art     : Explicit concurrent mark sweep GC freed 22(784B) AllocSpace objects, 0(0B) LOS objects, 29% free, 37MB/53MB, paused 1.267ms total 47.635ms
08-06 03:43:05.487  1142  1153 I art     : Starting a blocking GC Explicit
08-06 03:43:05.533  1142  1153 I art     : Explicit concurrent mark sweep GC freed 3(96B) AllocSpace objects, 0(0B) LOS objects, 29% free, 37MB/53MB, paused 1.325ms total 46.275ms
08-06 03:43:05.546  1142  1153 I art     : Starting a blocking GC Explicit
08-06 03:43:05.594  1142  1153 I art     : Explicit concurrent mark sweep GC freed 3(96B) AllocSpace objects, 0(0B) LOS objects, 29% free, 37MB/53MB, paused 1.562ms total 47.768ms
08-06 03:43:05.608  1142  1153 I art     : Starting a blocking GC Explicit
08-06 03:43:05.655  1142  1153 I art     : Explicit concurrent mark sweep GC freed 3(96B) AllocSpace objects, 0(0B) LOS objects, 29% free, 37MB/53MB, paused 1.324ms total 47.156ms
08-06 03:43:06.039  1142 11214 I art     : Starting a blocking GC Explicit
08-06 03:43:06.090  1142 11214 I art     : Explicit concurrent mark sweep GC freed 1441(83KB) AllocSpace objects, 1(20KB) LOS objects, 29% free, 37MB/53MB, paused 1.467ms total 50.536ms
08-06 03:43:06.107  1142 11214 I art     : Starting a blocking GC Explicit
08-06 03:43:06.153  1142 11214 I art     : Explicit concurrent mark sweep GC freed 22(784B) AllocSpace objects, 0(0B) LOS objects, 29% free, 37MB/53MB, paused 1.377ms total 45.146ms
08-06 03:43:06.166  1142 11214 I art     : Starting a blocking GC Explicit
08-06 03:43:06.213  1142 11214 I art     : Explicit concurrent mark sweep GC freed 94(3KB) AllocSpace objects, 0(0B) LOS objects, 29% free, 37MB/53MB, paused 1.520ms total 47.041ms
08-06 03:43:06.226  1142 11214 I art     : Starting a blocking GC Explicit
08-06 03:43:06.273  1142 11214 I art     : Explicit concurrent mark sweep GC freed 9(352B) AllocSpace objects, 0(0B) LOS objects, 29% free, 37MB/53MB, paused 1.476ms total 46.074ms
08-06 03:43:06.286  1142 11214 I art     : Starting a blocking GC Explicit
08-06 03:43:06.334  1142 11214 I art     : Explicit concurrent mark sweep GC freed 68(4KB) AllocSpace objects, 0(0B) LOS objects, 29% free, 37MB/53MB, paused 1.446ms total 48.018ms
08-06 03:43:06.701  1142 10856 I art     : Starting a blocking GC Explicit
08-06 03:43:06.749  1142 10856 I art     : Explicit concurrent mark sweep GC freed 3103(150KB) AllocSpace objects, 1(20KB) LOS objects, 29% free, 37MB/53MB, paused 1.702ms total 48.292ms
08-06 03:43:06.763  1142 10856 I art     : Starting a blocking GC Explicit
08-06 03:43:06.778  1142 11533 E baseline.com.newsblur.network.APIResponse: Error (unexpected end of stream on https://www.newsblur.com/...) calling https://www.newsblur.com/reader/mark_story_hashes_as_read/
08-06 03:43:06.778  1142 11533 E baseline.com.newsblur.network.APIResponse: java.io.IOException: unexpected end of stream on https://www.newsblur.com/...
08-06 03:43:06.778  1142 11533 E baseline.com.newsblur.network.APIResponse: 	at okhttp3.internal.http1.Http1ExchangeCodec.readResponseHeaders(Http1ExchangeCodec.java:236)
08-06 03:43:06.778  1142 11533 E baseline.com.newsblur.network.APIResponse: 	at okhttp3.internal.connection.Exchange.readResponseHeaders(Exchange.java:115)
08-06 03:43:06.778  1142 11533 E baseline.com.newsblur.network.APIResponse: 	at okhttp3.internal.http.CallServerInterceptor.intercept(CallServerInterceptor.java:94)
08-06 03:43:06.778  1142 11533 E baseline.com.newsblur.network.APIResponse: 	at okhttp3.internal.http.RealInterceptorChain.proceed(RealInterceptorChain.java:142)
08-06 03:43:06.778  1142 11533 E baseline.com.newsblur.network.APIResponse: 	at okhttp3.internal.connection.ConnectInterceptor.intercept(ConnectInterceptor.java:43)
08-06 03:43:06.778  1142 11533 E baseline.com.newsblur.network.APIResponse: 	at okhttp3.internal.http.RealInterceptorChain.proceed(RealInterceptorChain.java:142)
08-06 03:43:06.778  1142 11533 E baseline.com.newsblur.network.APIResponse: 	at okhttp3.internal.http.RealInterceptorChain.proceed(RealInterceptorChain.java:117)
08-06 03:43:06.778  1142 11533 E baseline.com.newsblur.network.APIResponse: 	at okhttp3.internal.cache.CacheInterceptor.intercept(CacheInterceptor.java:94)
08-06 03:43:06.778  1142 11533 E baseline.com.newsblur.network.APIResponse: 	at okhttp3.internal.http.RealInterceptorChain.proceed(RealInterceptorChain.java:142)
08-06 03:43:06.778  1142 11533 E baseline.com.newsblur.network.APIResponse: 	at okhttp3.internal.http.RealInterceptorChain.proceed(RealInterceptorChain.java:117)
08-06 03:43:06.778  1142 11533 E baseline.com.newsblur.network.APIResponse: 	at okhttp3.internal.http.BridgeInterceptor.intercept(BridgeInterceptor.java:93)
08-06 03:43:06.778  1142 11533 E baseline.com.newsblur.network.APIResponse: 	at okhttp3.internal.http.RealInterceptorChain.proceed(RealInterceptorChain.java:142)
08-06 03:43:06.778  1142 11533 E baseline.com.newsblur.network.APIResponse: 	at okhttp3.internal.http.RetryAndFollowUpInterceptor.intercept(RetryAndFollowUpInterceptor.java:88)
08-06 03:43:06.778  1142 11533 E baseline.com.newsblur.network.APIResponse: 	at okhttp3.internal.http.RealInterceptorChain.proceed(RealInterceptorChain.java:142)
08-06 03:43:06.778  1142 11533 E baseline.com.newsblur.network.APIResponse: 	at okhttp3.internal.http.RealInterceptorChain.proceed(RealInterceptorChain.java:117)
08-06 03:43:06.778  1142 11533 E baseline.com.newsblur.network.APIResponse: 	at okhttp3.RealCall.getResponseWithInterceptorChain(RealCall.java:229)
08-06 03:43:06.778  1142 11533 E baseline.com.newsblur.network.APIResponse: 	at okhttp3.RealCall.execute(RealCall.java:81)
08-06 03:43:06.778  1142 11533 E baseline.com.newsblur.network.APIResponse: 	at baseline.com.newsblur.network.APIResponse.<init>(APIResponse.java:57)
08-06 03:43:06.778  1142 11533 E baseline.com.newsblur.network.APIResponse: 	at baseline.com.newsblur.network.APIResponse.<init>(APIResponse.java:43)
08-06 03:43:06.778  1142 11533 E baseline.com.newsblur.network.APIResponse: 	at baseline.com.newsblur.network.APIManager.post_single(APIManager.java:702)
08-06 03:43:06.778  1142 11533 E baseline.com.newsblur.network.APIResponse: 	at baseline.com.newsblur.network.APIManager.post(APIManager.java:675)
08-06 03:43:06.778  1142 11533 E baseline.com.newsblur.network.APIResponse: 	at baseline.com.newsblur.network.APIManager.post(APIManager.java:714)
08-06 03:43:06.778  1142 11533 E baseline.com.newsblur.network.APIResponse: 	at baseline.com.newsblur.network.APIManager.markStoryAsRead(APIManager.java:205)
08-06 03:43:06.778  1142 11533 E baseline.com.newsblur.network.APIResponse: 	at baseline.com.newsblur.util.ReadingAction.doRemote(ReadingAction.java:281)
08-06 03:43:06.778  1142 11533 E baseline.com.newsblur.network.APIResponse: 	at baseline.com.newsblur.service.NBSyncService.syncActions(NBSyncService.java:400)
08-06 03:43:06.778  1142 11533 E baseline.com.newsblur.network.APIResponse: 	at baseline.com.newsblur.service.NBSyncService.doSync(NBSyncService.java:298)
08-06 03:43:06.778  1142 11533 E baseline.com.newsblur.network.APIResponse: 	at baseline.com.newsblur.service.NBSyncService.access$100(NBSyncService.java:67)
08-06 03:43:06.778  1142 11533 E baseline.com.newsblur.network.APIResponse: 	at baseline.com.newsblur.service.NBSyncService$1.run(NBSyncService.java:188)
08-06 03:43:06.778  1142 11533 E baseline.com.newsblur.network.APIResponse: 	at java.util.concurrent.ThreadPoolExecutor.runWorker(ThreadPoolExecutor.java:1113)
08-06 03:43:06.778  1142 11533 E baseline.com.newsblur.network.APIResponse: 	at java.util.concurrent.ThreadPoolExecutor$Worker.run(ThreadPoolExecutor.java:588)
08-06 03:43:06.778  1142 11533 E baseline.com.newsblur.network.APIResponse: 	at java.lang.Thread.run(Thread.java:818)
08-06 03:43:06.778  1142 11533 E baseline.com.newsblur.network.APIResponse: Caused by: java.io.EOFException: \n not found: limit=0 content=
08-06 03:43:06.778  1142 11533 E baseline.com.newsblur.network.APIResponse: 	at okio.RealBufferedSource.readUtf8LineStrict(RealBufferedSource.java:240)
08-06 03:43:06.778  1142 11533 E baseline.com.newsblur.network.APIResponse: 	at okhttp3.internal.http1.Http1ExchangeCodec.readHeaderLine(Http1ExchangeCodec.java:242)
08-06 03:43:06.778  1142 11533 E baseline.com.newsblur.network.APIResponse: 	at okhttp3.internal.http1.Http1ExchangeCodec.readResponseHeaders(Http1ExchangeCodec.java:213)
08-06 03:43:06.778  1142 11533 E baseline.com.newsblur.network.APIResponse: 	... 30 more
08-06 03:43:06.780  1142 11533 I baseline.com.newsblur.service.NBSyncService: Holding reading action with server-side or network error.
08-06 03:43:06.790  1142 11533 W baseline.com.newsblur.service.NBSyncService: hard API failure
08-06 03:43:06.802  1142 11533 I baseline.com.newsblur.service.NBSyncService: recounting dirty feed sets: 1
08-06 03:43:06.809  1142 10856 I art     : Explicit concurrent mark sweep GC freed 1445(256KB) AllocSpace objects, 4(80KB) LOS objects, 29% free, 37MB/53MB, paused 1.590ms total 46.282ms
08-06 03:43:06.822  1142 10856 I art     : Starting a blocking GC Explicit
08-06 03:43:06.869  1142 10856 I art     : Explicit concurrent mark sweep GC freed 457(32KB) AllocSpace objects, 0(0B) LOS objects, 29% free, 37MB/53MB, paused 1.502ms total 46.531ms
08-06 03:43:06.883  1142 10856 I art     : Starting a blocking GC Explicit
08-06 03:43:06.934  1142 10856 I art     : Explicit concurrent mark sweep GC freed 60(2208B) AllocSpace objects, 0(0B) LOS objects, 29% free, 37MB/53MB, paused 1.485ms total 50.428ms
08-06 03:43:06.947  1142 10856 I art     : Starting a blocking GC Explicit
08-06 03:43:06.996  1142 10856 I art     : Explicit concurrent mark sweep GC freed 3(96B) AllocSpace objects, 0(0B) LOS objects, 29% free, 37MB/53MB, paused 1.466ms total 48.075ms
08-06 03:43:07.267  1142 11533 E baseline.com.newsblur.network.APIResponse: Error (unexpected end of stream on https://www.newsblur.com/...) calling https://www.newsblur.com/reader/feed_unread_count?feed_id=0
08-06 03:43:07.267  1142 11533 E baseline.com.newsblur.network.APIResponse: java.io.IOException: unexpected end of stream on https://www.newsblur.com/...
08-06 03:43:07.267  1142 11533 E baseline.com.newsblur.network.APIResponse: 	at okhttp3.internal.http1.Http1ExchangeCodec.readResponseHeaders(Http1ExchangeCodec.java:236)
08-06 03:43:07.267  1142 11533 E baseline.com.newsblur.network.APIResponse: 	at okhttp3.internal.connection.Exchange.readResponseHeaders(Exchange.java:115)
08-06 03:43:07.267  1142 11533 E baseline.com.newsblur.network.APIResponse: 	at okhttp3.internal.http.CallServerInterceptor.intercept(CallServerInterceptor.java:94)
08-06 03:43:07.267  1142 11533 E baseline.com.newsblur.network.APIResponse: 	at okhttp3.internal.http.RealInterceptorChain.proceed(RealInterceptorChain.java:142)
08-06 03:43:07.267  1142 11533 E baseline.com.newsblur.network.APIResponse: 	at okhttp3.internal.connection.ConnectInterceptor.intercept(ConnectInterceptor.java:43)
08-06 03:43:07.267  1142 11533 E baseline.com.newsblur.network.APIResponse: 	at okhttp3.internal.http.RealInterceptorChain.proceed(RealInterceptorChain.java:142)
08-06 03:43:07.267  1142 11533 E baseline.com.newsblur.network.APIResponse: 	at okhttp3.internal.http.RealInterceptorChain.proceed(RealInterceptorChain.java:117)
08-06 03:43:07.267  1142 11533 E baseline.com.newsblur.network.APIResponse: 	at okhttp3.internal.cache.CacheInterceptor.intercept(CacheInterceptor.java:94)
08-06 03:43:07.267  1142 11533 E baseline.com.newsblur.network.APIResponse: 	at okhttp3.internal.http.RealInterceptorChain.proceed(RealInterceptorChain.java:142)
08-06 03:43:07.267  1142 11533 E baseline.com.newsblur.network.APIResponse: 	at okhttp3.internal.http.RealInterceptorChain.proceed(RealInterceptorChain.java:117)
08-06 03:43:07.267  1142 11533 E baseline.com.newsblur.network.APIResponse: 	at okhttp3.internal.http.BridgeInterceptor.intercept(BridgeInterceptor.java:93)
08-06 03:43:07.267  1142 11533 E baseline.com.newsblur.network.APIResponse: 	at okhttp3.internal.http.RealInterceptorChain.proceed(RealInterceptorChain.java:142)
08-06 03:43:07.267  1142 11533 E baseline.com.newsblur.network.APIResponse: 	at okhttp3.internal.http.RetryAndFollowUpInterceptor.intercept(RetryAndFollowUpInterceptor.java:88)
08-06 03:43:07.267  1142 11533 E baseline.com.newsblur.network.APIResponse: 	at okhttp3.internal.http.RealInterceptorChain.proceed(RealInterceptorChain.java:142)
08-06 03:43:07.267  1142 11533 E baseline.com.newsblur.network.APIResponse: 	at okhttp3.internal.http.RealInterceptorChain.proceed(RealInterceptorChain.java:117)
08-06 03:43:07.267  1142 11533 E baseline.com.newsblur.network.APIResponse: 	at okhttp3.RealCall.getResponseWithInterceptorChain(RealCall.java:229)
08-06 03:43:07.267  1142 11533 E baseline.com.newsblur.network.APIResponse: 	at okhttp3.RealCall.execute(RealCall.java:81)
08-06 03:43:07.267  1142 11533 E baseline.com.newsblur.network.APIResponse: 	at baseline.com.newsblur.network.APIResponse.<init>(APIResponse.java:57)
08-06 03:43:07.267  1142 11533 E baseline.com.newsblur.network.APIResponse: 	at baseline.com.newsblur.network.APIManager.get_single(APIManager.java:639)
08-06 03:43:07.267  1142 11533 E baseline.com.newsblur.network.APIResponse: 	at baseline.com.newsblur.network.APIManager.get(APIManager.java:625)
08-06 03:43:07.267  1142 11533 E baseline.com.newsblur.network.APIResponse: 	at baseline.com.newsblur.network.APIManager.get(APIManager.java:667)
08-06 03:43:07.267  1142 11533 E baseline.com.newsblur.network.APIResponse: 	at baseline.com.newsblur.network.APIManager.getFeedUnreadCounts(APIManager.java:274)
08-06 03:43:07.267  1142 11533 E baseline.com.newsblur.network.APIResponse: 	at baseline.com.newsblur.service.NBSyncService.checkRecounts(NBSyncService.java:660)
08-06 03:43:07.267  1142 11533 E baseline.com.newsblur.network.APIResponse: 	at baseline.com.newsblur.service.NBSyncService.doSync(NBSyncService.java:310)
08-06 03:43:07.267  1142 11533 E baseline.com.newsblur.network.APIResponse: 	at baseline.com.newsblur.service.NBSyncService.access$100(NBSyncService.java:67)
08-06 03:43:07.267  1142 11533 E baseline.com.newsblur.network.APIResponse: 	at baseline.com.newsblur.service.NBSyncService$1.run(NBSyncService.java:188)
08-06 03:43:07.267  1142 11533 E baseline.com.newsblur.network.APIResponse: 	at java.util.concurrent.ThreadPoolExecutor.runWorker(ThreadPoolExecutor.java:1113)
08-06 03:43:07.267  1142 11533 E baseline.com.newsblur.network.APIResponse: 	at java.util.concurrent.ThreadPoolExecutor$Worker.run(ThreadPoolExecutor.java:588)
08-06 03:43:07.267  1142 11533 E baseline.com.newsblur.network.APIResponse: 	at java.lang.Thread.run(Thread.java:818)
08-06 03:43:07.267  1142 11533 E baseline.com.newsblur.network.APIResponse: Caused by: java.io.EOFException: \n not found: limit=0 content=
08-06 03:43:07.267  1142 11533 E baseline.com.newsblur.network.APIResponse: 	at okio.RealBufferedSource.readUtf8LineStrict(RealBufferedSource.java:240)
08-06 03:43:07.267  1142 11533 E baseline.com.newsblur.network.APIResponse: 	at okhttp3.internal.http1.Http1ExchangeCodec.readHeaderLine(Http1ExchangeCodec.java:242)
08-06 03:43:07.267  1142 11533 E baseline.com.newsblur.network.APIResponse: 	at okhttp3.internal.http1.Http1ExchangeCodec.readResponseHeaders(Http1ExchangeCodec.java:213)
08-06 03:43:07.267  1142 11533 E baseline.com.newsblur.network.APIResponse: 	... 28 more
08-06 03:43:07.268  1142 11533 I baseline.com.newsblur.network.APIManager: API call failed, pausing before retry number 1
08-06 03:43:07.387  1142  1154 I art     : Starting a blocking GC Explicit
08-06 03:43:07.439  1142  1154 I art     : Explicit concurrent mark sweep GC freed 3927(355KB) AllocSpace objects, 3(60KB) LOS objects, 29% free, 37MB/53MB, paused 1.579ms total 51.188ms
08-06 03:43:07.452  1142  1154 I art     : Starting a blocking GC Explicit
08-06 03:43:07.499  1142  1154 I art     : Explicit concurrent mark sweep GC freed 109(3KB) AllocSpace objects, 0(0B) LOS objects, 29% free, 37MB/53MB, paused 1.596ms total 47.133ms
08-06 03:43:07.512  1142  1154 I art     : Starting a blocking GC Explicit
08-06 03:43:07.560  1142  1154 I art     : Explicit concurrent mark sweep GC freed 3(96B) AllocSpace objects, 0(0B) LOS objects, 29% free, 37MB/53MB, paused 1.403ms total 47.490ms
08-06 03:43:07.573  1142  1154 I art     : Starting a blocking GC Explicit
08-06 03:43:07.620  1142  1154 I art     : Explicit concurrent mark sweep GC freed 3(96B) AllocSpace objects, 0(0B) LOS objects, 29% free, 37MB/53MB, paused 1.428ms total 47.187ms
08-06 03:43:07.634  1142  1154 I art     : Starting a blocking GC Explicit
08-06 03:43:07.683  1142  1154 I art     : Explicit concurrent mark sweep GC freed 3(96B) AllocSpace objects, 0(0B) LOS objects, 29% free, 37MB/53MB, paused 1.430ms total 48.942ms
08-06 03:43:08.052  1142  1153 I art     : Starting a blocking GC Explicit
08-06 03:43:08.102  1142  1153 I art     : Explicit concurrent mark sweep GC freed 1437(82KB) AllocSpace objects, 1(20KB) LOS objects, 29% free, 37MB/53MB, paused 1.412ms total 49.439ms
08-06 03:43:08.115  1142  1153 I art     : Starting a blocking GC Explicit
08-06 03:43:08.164  1142  1153 I art     : Explicit concurrent mark sweep GC freed 22(800B) AllocSpace objects, 0(0B) LOS objects, 29% free, 37MB/53MB, paused 1.428ms total 48.907ms
08-06 03:43:08.180  1142  1153 I art     : Starting a blocking GC Explicit
08-06 03:43:08.226  1142  1153 I art     : Explicit concurrent mark sweep GC freed 3(96B) AllocSpace objects, 0(0B) LOS objects, 29% free, 37MB/53MB, paused 1.328ms total 45.979ms
08-06 03:43:08.239  1142  1153 I art     : Starting a blocking GC Explicit
08-06 03:43:08.288  1142  1153 I art     : Explicit concurrent mark sweep GC freed 3(96B) AllocSpace objects, 0(0B) LOS objects, 29% free, 37MB/53MB, paused 1.476ms total 48.420ms
08-06 03:43:08.303  1142  1153 I art     : Starting a blocking GC Explicit
08-06 03:43:08.351  1142  1153 I art     : Explicit concurrent mark sweep GC freed 3(96B) AllocSpace objects, 0(0B) LOS objects, 29% free, 37MB/53MB, paused 1.385ms total 47.216ms
08-06 03:43:08.714  1142 11214 I art     : Starting a blocking GC Explicit
08-06 03:43:08.761  1142 11214 I art     : Explicit concurrent mark sweep GC freed 1438(82KB) AllocSpace objects, 1(20KB) LOS objects, 29% free, 37MB/53MB, paused 1.358ms total 46.435ms
08-06 03:43:08.774  1142 11214 I art     : Starting a blocking GC Explicit
08-06 03:43:08.820  1142 11214 I art     : Explicit concurrent mark sweep GC freed 115(4KB) AllocSpace objects, 0(0B) LOS objects, 29% free, 37MB/53MB, paused 1.397ms total 46.276ms
08-06 03:43:08.833  1142 11214 I art     : Starting a blocking GC Explicit
08-06 03:43:08.879  1142 11214 I art     : Explicit concurrent mark sweep GC freed 74(4KB) AllocSpace objects, 0(0B) LOS objects, 29% free, 37MB/53MB, paused 1.487ms total 45.890ms
08-06 03:43:08.892  1142 11214 I art     : Starting a blocking GC Explicit
08-06 03:43:08.940  1142 11214 I art     : Explicit concurrent mark sweep GC freed 12(1408B) AllocSpace objects, 0(0B) LOS objects, 29% free, 37MB/53MB, paused 1.471ms total 47.480ms
08-06 03:43:08.953  1142 11214 I art     : Starting a blocking GC Explicit
08-06 03:43:09.001  1142 11214 I art     : Explicit concurrent mark sweep GC freed 3(96B) AllocSpace objects, 0(0B) LOS objects, 29% free, 37MB/53MB, paused 1.700ms total 47.825ms
08-06 03:43:09.315  1142 11533 E baseline.com.newsblur.network.APIResponse: Error (unexpected end of stream on https://www.newsblur.com/...) calling https://www.newsblur.com/reader/feed_unread_count?feed_id=0
08-06 03:43:09.315  1142 11533 E baseline.com.newsblur.network.APIResponse: java.io.IOException: unexpected end of stream on https://www.newsblur.com/...
08-06 03:43:09.315  1142 11533 E baseline.com.newsblur.network.APIResponse: 	at okhttp3.internal.http1.Http1ExchangeCodec.readResponseHeaders(Http1ExchangeCodec.java:236)
08-06 03:43:09.315  1142 11533 E baseline.com.newsblur.network.APIResponse: 	at okhttp3.internal.connection.Exchange.readResponseHeaders(Exchange.java:115)
08-06 03:43:09.315  1142 11533 E baseline.com.newsblur.network.APIResponse: 	at okhttp3.internal.http.CallServerInterceptor.intercept(CallServerInterceptor.java:94)
08-06 03:43:09.315  1142 11533 E baseline.com.newsblur.network.APIResponse: 	at okhttp3.internal.http.RealInterceptorChain.proceed(RealInterceptorChain.java:142)
08-06 03:43:09.315  1142 11533 E baseline.com.newsblur.network.APIResponse: 	at okhttp3.internal.connection.ConnectInterceptor.intercept(ConnectInterceptor.java:43)
08-06 03:43:09.315  1142 11533 E baseline.com.newsblur.network.APIResponse: 	at okhttp3.internal.http.RealInterceptorChain.proceed(RealInterceptorChain.java:142)
08-06 03:43:09.315  1142 11533 E baseline.com.newsblur.network.APIResponse: 	at okhttp3.internal.http.RealInterceptorChain.proceed(RealInterceptorChain.java:117)
08-06 03:43:09.315  1142 11533 E baseline.com.newsblur.network.APIResponse: 	at okhttp3.internal.cache.CacheInterceptor.intercept(CacheInterceptor.java:94)
08-06 03:43:09.315  1142 11533 E baseline.com.newsblur.network.APIResponse: 	at okhttp3.internal.http.RealInterceptorChain.proceed(RealInterceptorChain.java:142)
08-06 03:43:09.315  1142 11533 E baseline.com.newsblur.network.APIResponse: 	at okhttp3.internal.http.RealInterceptorChain.proceed(RealInterceptorChain.java:117)
08-06 03:43:09.315  1142 11533 E baseline.com.newsblur.network.APIResponse: 	at okhttp3.internal.http.BridgeInterceptor.intercept(BridgeInterceptor.java:93)
08-06 03:43:09.315  1142 11533 E baseline.com.newsblur.network.APIResponse: 	at okhttp3.internal.http.RealInterceptorChain.proceed(RealInterceptorChain.java:142)
08-06 03:43:09.315  1142 11533 E baseline.com.newsblur.network.APIResponse: 	at okhttp3.internal.http.RetryAndFollowUpInterceptor.intercept(RetryAndFollowUpInterceptor.java:88)
08-06 03:43:09.315  1142 11533 E baseline.com.newsblur.network.APIResponse: 	at okhttp3.internal.http.RealInterceptorChain.proceed(RealInterceptorChain.java:142)
08-06 03:43:09.315  1142 11533 E baseline.com.newsblur.network.APIResponse: 	at okhttp3.internal.http.RealInterceptorChain.proceed(RealInterceptorChain.java:117)
08-06 03:43:09.315  1142 11533 E baseline.com.newsblur.network.APIResponse: 	at okhttp3.RealCall.getResponseWithInterceptorChain(RealCall.java:229)
08-06 03:43:09.315  1142 11533 E baseline.com.newsblur.network.APIResponse: 	at okhttp3.RealCall.execute(RealCall.java:81)
08-06 03:43:09.315  1142 11533 E baseline.com.newsblur.network.APIResponse: 	at baseline.com.newsblur.network.APIResponse.<init>(APIResponse.java:57)
08-06 03:43:09.315  1142 11533 E baseline.com.newsblur.network.APIResponse: 	at baseline.com.newsblur.network.APIManager.get_single(APIManager.java:639)
08-06 03:43:09.315  1142 11533 E baseline.com.newsblur.network.APIResponse: 	at baseline.com.newsblur.network.APIManager.get(APIManager.java:625)
08-06 03:43:09.315  1142 11533 E baseline.com.newsblur.network.APIResponse: 	at baseline.com.newsblur.network.APIManager.get(APIManager.java:667)
08-06 03:43:09.315  1142 11533 E baseline.com.newsblur.network.APIResponse: 	at baseline.com.newsblur.network.APIManager.getFeedUnreadCounts(APIManager.java:274)
08-06 03:43:09.315  1142 11533 E baseline.com.newsblur.network.APIResponse: 	at baseline.com.newsblur.service.NBSyncService.checkRecounts(NBSyncService.java:660)
08-06 03:43:09.315  1142 11533 E baseline.com.newsblur.network.APIResponse: 	at baseline.com.newsblur.service.NBSyncService.doSync(NBSyncService.java:310)
08-06 03:43:09.315  1142 11533 E baseline.com.newsblur.network.APIResponse: 	at baseline.com.newsblur.service.NBSyncService.access$100(NBSyncService.java:67)
08-06 03:43:09.315  1142 11533 E baseline.com.newsblur.network.APIResponse: 	at baseline.com.newsblur.service.NBSyncService$1.run(NBSyncService.java:188)
08-06 03:43:09.315  1142 11533 E baseline.com.newsblur.network.APIResponse: 	at java.util.concurrent.ThreadPoolExecutor.runWorker(ThreadPoolExecutor.java:1113)
08-06 03:43:09.315  1142 11533 E baseline.com.newsblur.network.APIResponse: 	at java.util.concurrent.ThreadPoolExecutor$Worker.run(ThreadPoolExecutor.java:588)
08-06 03:43:09.315  1142 11533 E baseline.com.newsblur.network.APIResponse: 	at java.lang.Thread.run(Thread.java:818)
08-06 03:43:09.315  1142 11533 E baseline.com.newsblur.network.APIResponse: Caused by: java.io.EOFException: \n not found: limit=0 content=
08-06 03:43:09.315  1142 11533 E baseline.com.newsblur.network.APIResponse: 	at okio.RealBufferedSource.readUtf8LineStrict(RealBufferedSource.java:240)
08-06 03:43:09.315  1142 11533 E baseline.com.newsblur.network.APIResponse: 	at okhttp3.internal.http1.Http1ExchangeCodec.readHeaderLine(Http1ExchangeCodec.java:242)
08-06 03:43:09.315  1142 11533 E baseline.com.newsblur.network.APIResponse: 	at okhttp3.internal.http1.Http1ExchangeCodec.readResponseHeaders(Http1ExchangeCodec.java:213)
08-06 03:43:09.315  1142 11533 E baseline.com.newsblur.network.APIResponse: 	... 28 more
08-06 03:43:09.316  1142 11533 I baseline.com.newsblur.network.APIManager: API call failed, pausing before retry number 2
08-06 03:43:09.388  1142 10856 I art     : Starting a blocking GC Explicit
08-06 03:43:09.438  1142 10856 I art     : Explicit concurrent mark sweep GC freed 3926(355KB) AllocSpace objects, 3(60KB) LOS objects, 29% free, 37MB/53MB, paused 1.373ms total 50.017ms
08-06 03:43:09.452  1142 10856 I art     : Starting a blocking GC Explicit
08-06 03:43:09.500  1142 10856 I art     : Explicit concurrent mark sweep GC freed 109(3KB) AllocSpace objects, 0(0B) LOS objects, 29% free, 37MB/53MB, paused 1.461ms total 47.650ms
08-06 03:43:09.513  1142 10856 I art     : Starting a blocking GC Explicit
08-06 03:43:09.562  1142 10856 I art     : Explicit concurrent mark sweep GC freed 3(96B) AllocSpace objects, 0(0B) LOS objects, 29% free, 37MB/53MB, paused 1.331ms total 48.216ms
08-06 03:43:09.575  1142 10856 I art     : Starting a blocking GC Explicit
08-06 03:43:09.624  1142 10856 I art     : Explicit concurrent mark sweep GC freed 3(96B) AllocSpace objects, 0(0B) LOS objects, 29% free, 37MB/53MB, paused 1.342ms total 48.635ms
08-06 03:43:09.637  1142 10856 I art     : Starting a blocking GC Explicit
08-06 03:43:09.687  1142 10856 I art     : Explicit concurrent mark sweep GC freed 3(96B) AllocSpace objects, 0(0B) LOS objects, 29% free, 37MB/53MB, paused 1.366ms total 48.995ms
08-06 03:43:10.076  1142  1154 I art     : Starting a blocking GC Explicit
08-06 03:43:10.126  1142  1154 I art     : Explicit concurrent mark sweep GC freed 1461(83KB) AllocSpace objects, 1(20KB) LOS objects, 29% free, 37MB/53MB, paused 1.371ms total 49.575ms
08-06 03:43:10.140  1142  1154 I art     : Starting a blocking GC Explicit
08-06 03:43:10.184  1142  1154 I art     : Explicit concurrent mark sweep GC freed 641(34KB) AllocSpace objects, 0(0B) LOS objects, 29% free, 37MB/53MB, paused 1.429ms total 44.389ms
08-06 03:43:10.197  1142  1154 I art     : Starting a blocking GC Explicit
08-06 03:43:10.243  1142  1154 I art     : Explicit concurrent mark sweep GC freed 430(17KB) AllocSpace objects, 0(0B) LOS objects, 29% free, 37MB/53MB, paused 1.355ms total 45.995ms
08-06 03:43:10.257  1142  1154 I art     : Starting a blocking GC Explicit
08-06 03:43:10.304  1142  1154 I art     : Explicit concurrent mark sweep GC freed 699(54KB) AllocSpace objects, 0(0B) LOS objects, 29% free, 37MB/53MB, paused 1.370ms total 47.381ms
08-06 03:43:10.317  1142  1154 I art     : Starting a blocking GC Explicit
08-06 03:43:10.363  1142  1154 I art     : Explicit concurrent mark sweep GC freed 3(96B) AllocSpace objects, 0(0B) LOS objects, 29% free, 37MB/53MB, paused 1.382ms total 45.496ms
08-06 03:43:10.638   518   646 I ThermalEngine: ACTION: GPU - Setting GPU[0] to 510000000
08-06 03:43:10.739  1142  1153 I art     : Starting a blocking GC Explicit
08-06 03:43:10.776  1142  1153 I art     : Explicit concurrent mark sweep GC freed 1934(107KB) AllocSpace objects, 1(20KB) LOS objects, 29% free, 37MB/53MB, paused 986us total 37.115ms
08-06 03:43:10.787  1142  1153 I art     : Starting a blocking GC Explicit
08-06 03:43:10.822  1142  1153 I art     : Explicit concurrent mark sweep GC freed 402(29KB) AllocSpace objects, 0(0B) LOS objects, 29% free, 37MB/53MB, paused 944us total 35.422ms
08-06 03:43:10.832  1142  1153 I art     : Starting a blocking GC Explicit
08-06 03:43:10.868  1142  1153 I art     : Explicit concurrent mark sweep GC freed 3(96B) AllocSpace objects, 0(0B) LOS objects, 29% free, 37MB/53MB, paused 964us total 35.573ms
08-06 03:43:10.879  1142  1153 I art     : Starting a blocking GC Explicit
08-06 03:43:10.914  1142  1153 I art     : Explicit concurrent mark sweep GC freed 3(96B) AllocSpace objects, 0(0B) LOS objects, 29% free, 37MB/53MB, paused 986us total 35.540ms
08-06 03:43:10.924  1142  1153 I art     : Starting a blocking GC Explicit
08-06 03:43:10.961  1142  1153 I art     : Explicit concurrent mark sweep GC freed 3(96B) AllocSpace objects, 0(0B) LOS objects, 29% free, 37MB/53MB, paused 1ms total 36.260ms
08-06 03:43:11.321  1142 11214 I art     : Starting a blocking GC Explicit
08-06 03:43:11.359  1142 11214 I art     : Explicit concurrent mark sweep GC freed 1437(82KB) AllocSpace objects, 1(20KB) LOS objects, 29% free, 37MB/53MB, paused 1.026ms total 36.974ms
08-06 03:43:11.370  1142 11214 I art     : Starting a blocking GC Explicit
08-06 03:43:11.405  1142 11214 I art     : Explicit concurrent mark sweep GC freed 22(784B) AllocSpace objects, 0(0B) LOS objects, 29% free, 37MB/53MB, paused 979us total 34.028ms
08-06 03:43:11.415  1142 11214 I art     : Starting a blocking GC Explicit
08-06 03:43:11.449  1142 11214 I art     : Explicit concurrent mark sweep GC freed 3(96B) AllocSpace objects, 0(0B) LOS objects, 29% free, 37MB/53MB, paused 1.010ms total 33.706ms
08-06 03:43:11.458  1142 11214 I art     : Starting a blocking GC Explicit
08-06 03:43:11.493  1142 11214 I art     : Explicit concurrent mark sweep GC freed 3(96B) AllocSpace objects, 0(0B) LOS objects, 29% free, 37MB/53MB, paused 994us total 34.280ms
08-06 03:43:11.503  1142 11214 I art     : Starting a blocking GC Explicit
08-06 03:43:11.538  1142 11214 I art     : Explicit concurrent mark sweep GC freed 3(96B) AllocSpace objects, 0(0B) LOS objects, 29% free, 37MB/53MB, paused 1.016ms total 34.401ms
08-06 03:43:11.892  1142 10856 I art     : Starting a blocking GC Explicit
08-06 03:43:11.931  1142 10856 I art     : Explicit concurrent mark sweep GC freed 1437(82KB) AllocSpace objects, 1(20KB) LOS objects, 29% free, 37MB/53MB, paused 1.022ms total 38.199ms
08-06 03:43:11.941  1142 10856 I art     : Starting a blocking GC Explicit
08-06 03:43:11.977  1142 10856 I art     : Explicit concurrent mark sweep GC freed 22(784B) AllocSpace objects, 0(0B) LOS objects, 29% free, 37MB/53MB, paused 977us total 35.179ms
08-06 03:43:11.987  1142 10856 I art     : Starting a blocking GC Explicit
08-06 03:43:12.023  1142 10856 I art     : Explicit concurrent mark sweep GC freed 3(96B) AllocSpace objects, 0(0B) LOS objects, 29% free, 37MB/53MB, paused 955us total 35.817ms
08-06 03:43:12.033  1142 10856 I art     : Starting a blocking GC Explicit
08-06 03:43:12.069  1142 10856 I art     : Explicit concurrent mark sweep GC freed 3(96B) AllocSpace objects, 0(0B) LOS objects, 29% free, 37MB/53MB, paused 1.020ms total 35.995ms
08-06 03:43:12.080  1142 10856 I art     : Starting a blocking GC Explicit
08-06 03:43:12.116  1142 10856 I art     : Explicit concurrent mark sweep GC freed 3(96B) AllocSpace objects, 0(0B) LOS objects, 29% free, 37MB/53MB, paused 996us total 35.731ms
08-06 03:43:12.485  1142  1154 I art     : Starting a blocking GC Explicit
08-06 03:43:12.523  1142  1154 I art     : Explicit concurrent mark sweep GC freed 1604(91KB) AllocSpace objects, 1(20KB) LOS objects, 29% free, 37MB/53MB, paused 954us total 37.364ms
08-06 03:43:12.537  1142  1154 I art     : Starting a blocking GC Explicit
08-06 03:43:12.570  1142  1154 I art     : Explicit concurrent mark sweep GC freed 28(1040B) AllocSpace objects, 0(0B) LOS objects, 29% free, 37MB/53MB, paused 1.042ms total 33.133ms
08-06 03:43:12.580  1142  1154 I art     : Starting a blocking GC Explicit
08-06 03:43:12.614  1142  1154 I art     : Explicit concurrent mark sweep GC freed 3(96B) AllocSpace objects, 0(0B) LOS objects, 29% free, 37MB/53MB, paused 994us total 33.939ms
08-06 03:43:12.624  1142  1154 I art     : Starting a blocking GC Explicit
08-06 03:43:12.659  1142  1154 I art     : Explicit concurrent mark sweep GC freed 3(96B) AllocSpace objects, 0(0B) LOS objects, 29% free, 37MB/53MB, paused 1.070ms total 34.799ms
08-06 03:43:12.669  1142  1154 I art     : Starting a blocking GC Explicit
08-06 03:43:12.704  1142  1154 I art     : Explicit concurrent mark sweep GC freed 3(96B) AllocSpace objects, 0(0B) LOS objects, 29% free, 37MB/53MB, paused 1.024ms total 34.666ms
08-06 03:43:12.811  1142 11533 E baseline.com.newsblur.network.APIResponse: Error (unexpected end of stream on https://www.newsblur.com/...) calling https://www.newsblur.com/reader/feed_unread_count?feed_id=0
08-06 03:43:12.811  1142 11533 E baseline.com.newsblur.network.APIResponse: java.io.IOException: unexpected end of stream on https://www.newsblur.com/...
08-06 03:43:12.811  1142 11533 E baseline.com.newsblur.network.APIResponse: 	at okhttp3.internal.http1.Http1ExchangeCodec.readResponseHeaders(Http1ExchangeCodec.java:236)
08-06 03:43:12.811  1142 11533 E baseline.com.newsblur.network.APIResponse: 	at okhttp3.internal.connection.Exchange.readResponseHeaders(Exchange.java:115)
08-06 03:43:12.811  1142 11533 E baseline.com.newsblur.network.APIResponse: 	at okhttp3.internal.http.CallServerInterceptor.intercept(CallServerInterceptor.java:94)
08-06 03:43:12.811  1142 11533 E baseline.com.newsblur.network.APIResponse: 	at okhttp3.internal.http.RealInterceptorChain.proceed(RealInterceptorChain.java:142)
08-06 03:43:12.811  1142 11533 E baseline.com.newsblur.network.APIResponse: 	at okhttp3.internal.connection.ConnectInterceptor.intercept(ConnectInterceptor.java:43)
08-06 03:43:12.811  1142 11533 E baseline.com.newsblur.network.APIResponse: 	at okhttp3.internal.http.RealInterceptorChain.proceed(RealInterceptorChain.java:142)
08-06 03:43:12.811  1142 11533 E baseline.com.newsblur.network.APIResponse: 	at okhttp3.internal.http.RealInterceptorChain.proceed(RealInterceptorChain.java:117)
08-06 03:43:12.811  1142 11533 E baseline.com.newsblur.network.APIResponse: 	at okhttp3.internal.cache.CacheInterceptor.intercept(CacheInterceptor.java:94)
08-06 03:43:12.811  1142 11533 E baseline.com.newsblur.network.APIResponse: 	at okhttp3.internal.http.RealInterceptorChain.proceed(RealInterceptorChain.java:142)
08-06 03:43:12.811  1142 11533 E baseline.com.newsblur.network.APIResponse: 	at okhttp3.internal.http.RealInterceptorChain.proceed(RealInterceptorChain.java:117)
08-06 03:43:12.811  1142 11533 E baseline.com.newsblur.network.APIResponse: 	at okhttp3.internal.http.BridgeInterceptor.intercept(BridgeInterceptor.java:93)
08-06 03:43:12.811  1142 11533 E baseline.com.newsblur.network.APIResponse: 	at okhttp3.internal.http.RealInterceptorChain.proceed(RealInterceptorChain.java:142)
08-06 03:43:12.811  1142 11533 E baseline.com.newsblur.network.APIResponse: 	at okhttp3.internal.http.RetryAndFollowUpInterceptor.intercept(RetryAndFollowUpInterceptor.java:88)
08-06 03:43:12.811  1142 11533 E baseline.com.newsblur.network.APIResponse: 	at okhttp3.internal.http.RealInterceptorChain.proceed(RealInterceptorChain.java:142)
08-06 03:43:12.811  1142 11533 E baseline.com.newsblur.network.APIResponse: 	at okhttp3.internal.http.RealInterceptorChain.proceed(RealInterceptorChain.java:117)
08-06 03:43:12.811  1142 11533 E baseline.com.newsblur.network.APIResponse: 	at okhttp3.RealCall.getResponseWithInterceptorChain(RealCall.java:229)
08-06 03:43:12.811  1142 11533 E baseline.com.newsblur.network.APIResponse: 	at okhttp3.RealCall.execute(RealCall.java:81)
08-06 03:43:12.811  1142 11533 E baseline.com.newsblur.network.APIResponse: 	at baseline.com.newsblur.network.APIResponse.<init>(APIResponse.java:57)
08-06 03:43:12.811  1142 11533 E baseline.com.newsblur.network.APIResponse: 	at baseline.com.newsblur.network.APIManager.get_single(APIManager.java:639)
08-06 03:43:12.811  1142 11533 E baseline.com.newsblur.network.APIResponse: 	at baseline.com.newsblur.network.APIManager.get(APIManager.java:625)
08-06 03:43:12.811  1142 11533 E baseline.com.newsblur.network.APIResponse: 	at baseline.com.newsblur.network.APIManager.get(APIManager.java:667)
08-06 03:43:12.811  1142 11533 E baseline.com.newsblur.network.APIResponse: 	at baseline.com.newsblur.network.APIManager.getFeedUnreadCounts(APIManager.java:274)
08-06 03:43:12.811  1142 11533 E baseline.com.newsblur.network.APIResponse: 	at baseline.com.newsblur.service.NBSyncService.checkRecounts(NBSyncService.java:660)
08-06 03:43:12.811  1142 11533 E baseline.com.newsblur.network.APIResponse: 	at baseline.com.newsblur.service.NBSyncService.doSync(NBSyncService.java:310)
08-06 03:43:12.811  1142 11533 E baseline.com.newsblur.network.APIResponse: 	at baseline.com.newsblur.service.NBSyncService.access$100(NBSyncService.java:67)
08-06 03:43:12.811  1142 11533 E baseline.com.newsblur.network.APIResponse: 	at baseline.com.newsblur.service.NBSyncService$1.run(NBSyncService.java:188)
08-06 03:43:12.811  1142 11533 E baseline.com.newsblur.network.APIResponse: 	at java.util.concurrent.ThreadPoolExecutor.runWorker(ThreadPoolExecutor.java:1113)
08-06 03:43:12.811  1142 11533 E baseline.com.newsblur.network.APIResponse: 	at java.util.concurrent.ThreadPoolExecutor$Worker.run(ThreadPoolExecutor.java:588)
08-06 03:43:12.811  1142 11533 E baseline.com.newsblur.network.APIResponse: 	at java.lang.Thread.run(Thread.java:818)
08-06 03:43:12.811  1142 11533 E baseline.com.newsblur.network.APIResponse: Caused by: java.io.EOFException: \n not found: limit=0 content=
08-06 03:43:12.811  1142 11533 E baseline.com.newsblur.network.APIResponse: 	at okio.RealBufferedSource.readUtf8LineStrict(RealBufferedSource.java:240)
08-06 03:43:12.811  1142 11533 E baseline.com.newsblur.network.APIResponse: 	at okhttp3.internal.http1.Http1ExchangeCodec.readHeaderLine(Http1ExchangeCodec.java:242)
08-06 03:43:12.811  1142 11533 E baseline.com.newsblur.network.APIResponse: 	at okhttp3.internal.http1.Http1ExchangeCodec.readResponseHeaders(Http1ExchangeCodec.java:213)
08-06 03:43:12.811  1142 11533 E baseline.com.newsblur.network.APIResponse: 	... 28 more
08-06 03:43:12.813  1142 11533 W baseline.com.newsblur.service.NBSyncService: Bad response to feed_unread_count
08-06 03:43:13.026  1142  1153 I art     : Starting a blocking GC Explicit
08-06 03:43:13.062  1142  1153 I art     : Explicit concurrent mark sweep GC freed 4447(422KB) AllocSpace objects, 6(120KB) LOS objects, 29% free, 37MB/53MB, paused 1.085ms total 35.545ms
08-06 03:43:13.072  1142  1153 I art     : Starting a blocking GC Explicit
08-06 03:43:13.107  1142  1153 I art     : Explicit concurrent mark sweep GC freed 136(5KB) AllocSpace objects, 0(0B) LOS objects, 29% free, 37MB/53MB, paused 1.031ms total 34.273ms
08-06 03:43:13.117  1142  1153 I art     : Starting a blocking GC Explicit
08-06 03:43:13.150  1142  1153 I art     : Explicit concurrent mark sweep GC freed 3(96B) AllocSpace objects, 0(0B) LOS objects, 29% free, 37MB/53MB, paused 981us total 33.500ms
08-06 03:43:13.160  1142  1153 I art     : Starting a blocking GC Explicit
08-06 03:43:13.195  1142  1153 I art     : Explicit concurrent mark sweep GC freed 1644(63KB) AllocSpace objects, 0(0B) LOS objects, 29% free, 37MB/53MB, paused 1.087ms total 34.693ms
08-06 03:43:13.205  1142  1153 I art     : Starting a blocking GC Explicit
08-06 03:43:13.226  1142 11533 E baseline.com.newsblur.network.APIResponse: Error (unexpected end of stream on https://www.newsblur.com/...) calling https://www.newsblur.com/reader/mark_story_hashes_as_read/
08-06 03:43:13.226  1142 11533 E baseline.com.newsblur.network.APIResponse: java.io.IOException: unexpected end of stream on https://www.newsblur.com/...
08-06 03:43:13.226  1142 11533 E baseline.com.newsblur.network.APIResponse: 	at okhttp3.internal.http1.Http1ExchangeCodec.readResponseHeaders(Http1ExchangeCodec.java:236)
08-06 03:43:13.226  1142 11533 E baseline.com.newsblur.network.APIResponse: 	at okhttp3.internal.connection.Exchange.readResponseHeaders(Exchange.java:115)
08-06 03:43:13.226  1142 11533 E baseline.com.newsblur.network.APIResponse: 	at okhttp3.internal.http.CallServerInterceptor.intercept(CallServerInterceptor.java:94)
08-06 03:43:13.226  1142 11533 E baseline.com.newsblur.network.APIResponse: 	at okhttp3.internal.http.RealInterceptorChain.proceed(RealInterceptorChain.java:142)
08-06 03:43:13.226  1142 11533 E baseline.com.newsblur.network.APIResponse: 	at okhttp3.internal.connection.ConnectInterceptor.intercept(ConnectInterceptor.java:43)
08-06 03:43:13.226  1142 11533 E baseline.com.newsblur.network.APIResponse: 	at okhttp3.internal.http.RealInterceptorChain.proceed(RealInterceptorChain.java:142)
08-06 03:43:13.226  1142 11533 E baseline.com.newsblur.network.APIResponse: 	at okhttp3.internal.http.RealInterceptorChain.proceed(RealInterceptorChain.java:117)
08-06 03:43:13.226  1142 11533 E baseline.com.newsblur.network.APIResponse: 	at okhttp3.internal.cache.CacheInterceptor.intercept(CacheInterceptor.java:94)
08-06 03:43:13.226  1142 11533 E baseline.com.newsblur.network.APIResponse: 	at okhttp3.internal.http.RealInterceptorChain.proceed(RealInterceptorChain.java:142)
08-06 03:43:13.226  1142 11533 E baseline.com.newsblur.network.APIResponse: 	at okhttp3.internal.http.RealInterceptorChain.proceed(RealInterceptorChain.java:117)
08-06 03:43:13.226  1142 11533 E baseline.com.newsblur.network.APIResponse: 	at okhttp3.internal.http.BridgeInterceptor.intercept(BridgeInterceptor.java:93)
08-06 03:43:13.226  1142 11533 E baseline.com.newsblur.network.APIResponse: 	at okhttp3.internal.http.RealInterceptorChain.proceed(RealInterceptorChain.java:142)
08-06 03:43:13.226  1142 11533 E baseline.com.newsblur.network.APIResponse: 	at okhttp3.internal.http.RetryAndFollowUpInterceptor.intercept(RetryAndFollowUpInterceptor.java:88)
08-06 03:43:13.226  1142 11533 E baseline.com.newsblur.network.APIResponse: 	at okhttp3.internal.http.RealInterceptorChain.proceed(RealInterceptorChain.java:142)
08-06 03:43:13.226  1142 11533 E baseline.com.newsblur.network.APIResponse: 	at okhttp3.internal.http.RealInterceptorChain.proceed(RealInterceptorChain.java:117)
08-06 03:43:13.226  1142 11533 E baseline.com.newsblur.network.APIResponse: 	at okhttp3.RealCall.getResponseWithInterceptorChain(RealCall.java:229)
08-06 03:43:13.226  1142 11533 E baseline.com.newsblur.network.APIResponse: 	at okhttp3.RealCall.execute(RealCall.java:81)
08-06 03:43:13.226  1142 11533 E baseline.com.newsblur.network.APIResponse: 	at baseline.com.newsblur.network.APIResponse.<init>(APIResponse.java:57)
08-06 03:43:13.226  1142 11533 E baseline.com.newsblur.network.APIResponse: 	at baseline.com.newsblur.network.APIResponse.<init>(APIResponse.java:43)
08-06 03:43:13.226  1142 11533 E baseline.com.newsblur.network.APIResponse: 	at baseline.com.newsblur.network.APIManager.post_single(APIManager.java:702)
08-06 03:43:13.226  1142 11533 E baseline.com.newsblur.network.APIResponse: 	at baseline.com.newsblur.network.APIManager.post(APIManager.java:675)
08-06 03:43:13.226  1142 11533 E baseline.com.newsblur.network.APIResponse: 	at baseline.com.newsblur.network.APIManager.post(APIManager.java:714)
08-06 03:43:13.226  1142 11533 E baseline.com.newsblur.network.APIResponse: 	at baseline.com.newsblur.network.APIManager.markStoryAsRead(APIManager.java:205)
08-06 03:43:13.226  1142 11533 E baseline.com.newsblur.network.APIResponse: 	at baseline.com.newsblur.util.ReadingAction.doRemote(ReadingAction.java:281)
08-06 03:43:13.226  1142 11533 E baseline.com.newsblur.network.APIResponse: 	at baseline.com.newsblur.service.NBSyncService.syncActions(NBSyncService.java:400)
08-06 03:43:13.226  1142 11533 E baseline.com.newsblur.network.APIResponse: 	at baseline.com.newsblur.service.NBSyncService.doSync(NBSyncService.java:298)
08-06 03:43:13.226  1142 11533 E baseline.com.newsblur.network.APIResponse: 	at baseline.com.newsblur.service.NBSyncService.access$100(NBSyncService.java:67)
08-06 03:43:13.226  1142 11533 E baseline.com.newsblur.network.APIResponse: 	at baseline.com.newsblur.service.NBSyncService$1.run(NBSyncService.java:188)
08-06 03:43:13.226  1142 11533 E baseline.com.newsblur.network.APIResponse: 	at java.util.concurrent.ThreadPoolExecutor.runWorker(ThreadPoolExecutor.java:1113)
08-06 03:43:13.226  1142 11533 E baseline.com.newsblur.network.APIResponse: 	at java.util.concurrent.ThreadPoolExecutor$Worker.run(ThreadPoolExecutor.java:588)
08-06 03:43:13.226  1142 11533 E baseline.com.newsblur.network.APIResponse: 	at java.lang.Thread.run(Thread.java:818)
08-06 03:43:13.226  1142 11533 E baseline.com.newsblur.network.APIResponse: Caused by: java.io.EOFException: \n not found: limit=0 content=
08-06 03:43:13.226  1142 11533 E baseline.com.newsblur.network.APIResponse: 	at okio.RealBufferedSource.readUtf8LineStrict(RealBufferedSource.java:240)
08-06 03:43:13.226  1142 11533 E baseline.com.newsblur.network.APIResponse: 	at okhttp3.internal.http1.Http1ExchangeCodec.readHeaderLine(Http1ExchangeCodec.java:242)
08-06 03:43:13.226  1142 11533 E baseline.com.newsblur.network.APIResponse: 	at okhttp3.internal.http1.Http1ExchangeCodec.readResponseHeaders(Http1ExchangeCodec.java:213)
08-06 03:43:13.226  1142 11533 E baseline.com.newsblur.network.APIResponse: 	... 30 more
08-06 03:43:13.228  1142 11533 I baseline.com.newsblur.network.APIManager: API call failed, pausing before retry number 1
08-06 03:43:13.240  1142  1153 I art     : Explicit concurrent mark sweep GC freed 823(197KB) AllocSpace objects, 2(40KB) LOS objects, 29% free, 37MB/53MB, paused 1.053ms total 34.144ms
08-06 03:43:13.401 11881 11881 D AndroidRuntime: >>>>>> START com.android.internal.os.RuntimeInit uid 2000 <<<<<<
08-06 03:43:13.406 11881 11881 D AndroidRuntime: CheckJNI is OFF
08-06 03:43:13.436 11881 11881 D ICU     : No timezone override file found: /data/misc/zoneinfo/current/icu/icu_tzdata.dat
08-06 03:43:13.466 11881 11881 I Radio-JNI: register_android_hardware_Radio DONE
08-06 03:43:13.488 11881 11881 D AndroidRuntime: Calling main entry com.android.commands.input.Input
08-06 03:43:13.490 11881 11881 I Input   : injectMotionEvent: MotionEvent { action=ACTION_DOWN, actionButton=0, id[0]=0, x[0]=436.0, y[0]=453.0, toolType[0]=TOOL_TYPE_UNKNOWN, buttonState=0, metaState=0, flags=0x0, edgeFlags=0x0, pointerCount=1, historySize=0, eventTime=848609902, downTime=848609902, deviceId=0, source=0x1002 }
08-06 03:43:13.494 11881 11881 I Input   : injectMotionEvent: MotionEvent { action=ACTION_UP, actionButton=0, id[0]=0, x[0]=436.0, y[0]=453.0, toolType[0]=TOOL_TYPE_UNKNOWN, buttonState=0, metaState=0, flags=0x0, edgeFlags=0x0, pointerCount=1, historySize=0, eventTime=848609902, downTime=848609902, deviceId=0, source=0x1002 }
08-06 03:43:13.495 11881 11881 D AndroidRuntime: Shutting down VM
08-06 03:43:13.506   512  2967 D audio_hw_primary: out_set_parameters: enter: usecase(1: low-latency-playback) kvpairs: routing=2
08-06 03:43:13.506   918  3670 I ActivityManager: START u0 {cmp=baseline.com.newsblur/.activity.GlobalSharedStoriesReading (has extras)} from uid 10698 on display 0
08-06 03:43:13.519   512  2967 D audio_hw_primary: select_devices: out_snd_device(2: speaker) in_snd_device(0: none)
08-06 03:43:13.519   512  2967 D msm8974_platform: platform_send_audio_calibration: sending audio calibration for snd_device(2) acdb_id(15)
08-06 03:43:13.520   512  2967 I soundtrigger: audio_extn_sound_trigger_update_device_status: device 0x2 of type 0 for Event 1
08-06 03:43:13.529   512  2967 D audio_hw_primary: enable_snd_device: snd_device(2: speaker)
08-06 03:43:13.531   512  2967 D audio_hw_primary: enable_audio_route: apply and update mixer path: low-latency-playback speaker
08-06 03:43:13.553  1142 11214 I art     : Starting a blocking GC Explicit
08-06 03:43:13.589  1142 11214 I art     : Explicit concurrent mark sweep GC freed 2878(224KB) AllocSpace objects, 5(528KB) LOS objects, 29% free, 37MB/53MB, paused 1.122ms total 35.445ms
08-06 03:43:13.599  1142 11214 I art     : Starting a blocking GC Explicit
08-06 03:43:13.636  1142 11214 I art     : Explicit concurrent mark sweep GC freed 396(38KB) AllocSpace objects, 1(20KB) LOS objects, 29% free, 37MB/53MB, paused 1.314ms total 36.935ms
08-06 03:43:13.647  1142 11214 I art     : Starting a blocking GC Explicit
08-06 03:43:13.679  1142 11214 I art     : Explicit concurrent mark sweep GC freed 204(12KB) AllocSpace objects, 1(20KB) LOS objects, 29% free, 37MB/53MB, paused 1.269ms total 31.408ms
08-06 03:43:13.689  1142 11214 I art     : Starting a blocking GC Explicit
08-06 03:43:13.697   918   936 I ActivityManager: Displayed baseline.com.newsblur/.activity.GlobalSharedStoriesReading: +183ms
08-06 03:43:13.698 13866 13866 I GoogleInputMethodServic: GoogleInputMethodService.onFinishInput():3138 
08-06 03:43:13.699 13866 13866 I GoogleInputMethodServic: GoogleInputMethodService.onStartInput():1808 
08-06 03:43:13.723  1142 11214 I art     : Explicit concurrent mark sweep GC freed 480(38KB) AllocSpace objects, 0(0B) LOS objects, 29% free, 38MB/54MB, paused 1.330ms total 34.045ms
08-06 03:43:13.734  1142 11214 I art     : Starting a blocking GC Explicit
08-06 03:43:13.770  1142 11214 I art     : Explicit concurrent mark sweep GC freed 1563(98KB) AllocSpace objects, 3(68KB) LOS objects, 29% free, 38MB/54MB, paused 1.421ms total 36.225ms
08-06 03:43:13.920  1142 11210 E chromium: [ERROR:tile_manager.cc(793)] WARNING: tile memory limits exceeded, some content may not draw
08-06 03:43:13.921  1142 11210 E chromium: [ERROR:tile_manager.cc(793)] WARNING: tile memory limits exceeded, some content may not draw
08-06 03:43:14.055  1142  1153 I art     : Starting a blocking GC Explicit
08-06 03:43:14.081   512  2967 D audio_hw_primary: disable_audio_route: reset and update mixer path: low-latency-playback speaker
08-06 03:43:14.083   512  2967 D audio_hw_primary: disable_snd_device: snd_device(2: speaker)
08-06 03:43:14.094   512  2967 I soundtrigger: audio_extn_sound_trigger_update_device_status: device 0x2 of type 0 for Event 0
08-06 03:43:14.096  1142  1153 I art     : Explicit concurrent mark sweep GC freed 2912(234KB) AllocSpace objects, 12(284KB) LOS objects, 29% free, 38MB/54MB, paused 1.069ms total 41.173ms
08-06 03:43:14.107  1142  1153 I art     : Starting a blocking GC Explicit
08-06 03:43:14.141  1142  1153 I art     : Explicit concurrent mark sweep GC freed 421(18KB) AllocSpace objects, 0(0B) LOS objects, 29% free, 38MB/54MB, paused 979us total 33.632ms
08-06 03:43:14.151  1142  1153 I art     : Starting a blocking GC Explicit
08-06 03:43:14.185  1142  1153 I art     : Explicit concurrent mark sweep GC freed 3(96B) AllocSpace objects, 0(0B) LOS objects, 29% free, 38MB/54MB, paused 1.048ms total 33.427ms
08-06 03:43:14.195  1142  1153 I art     : Starting a blocking GC Explicit
08-06 03:43:14.228  1142  1153 I art     : Explicit concurrent mark sweep GC freed 3(96B) AllocSpace objects, 0(0B) LOS objects, 29% free, 38MB/54MB, paused 987us total 32.703ms
08-06 03:43:14.237  1142  1153 I art     : Starting a blocking GC Explicit
08-06 03:43:14.273  1142  1153 I art     : Explicit concurrent mark sweep GC freed 3(96B) AllocSpace objects, 0(0B) LOS objects, 29% free, 38MB/54MB, paused 1ms total 35.640ms
08-06 03:43:14.593  1142  1154 I art     : Starting a blocking GC Explicit
08-06 03:43:14.635  1142  1154 I art     : Explicit concurrent mark sweep GC freed 1444(83KB) AllocSpace objects, 1(20KB) LOS objects, 29% free, 38MB/54MB, paused 1.053ms total 41.821ms
08-06 03:43:14.650  1142  1154 I art     : Starting a blocking GC Explicit
08-06 03:43:14.687  1142  1154 I art     : Explicit concurrent mark sweep GC freed 22(784B) AllocSpace objects, 0(0B) LOS objects, 29% free, 38MB/54MB, paused 1.110ms total 37.223ms
08-06 03:43:14.697  1142  1154 I art     : Starting a blocking GC Explicit
08-06 03:43:14.734  1142  1154 I art     : Explicit concurrent mark sweep GC freed 64(2496B) AllocSpace objects, 0(0B) LOS objects, 29% free, 38MB/54MB, paused 1.144ms total 36.822ms
08-06 03:43:14.745  1142  1154 I art     : Starting a blocking GC Explicit
08-06 03:43:14.783  1142  1154 I art     : Explicit concurrent mark sweep GC freed 39(1520B) AllocSpace objects, 0(0B) LOS objects, 29% free, 38MB/54MB, paused 970us total 37.980ms
08-06 03:43:14.794  1142  1154 I art     : Starting a blocking GC Explicit
08-06 03:43:14.831  1142  1154 I art     : Explicit concurrent mark sweep GC freed 68(4KB) AllocSpace objects, 0(0B) LOS objects, 29% free, 38MB/54MB, paused 1.068ms total 37.367ms
08-06 03:43:14.981   918  3261 D WifiStateMachine: starting scan for "H369AA63323"WPA_PSK with 2412,5180
08-06 03:43:15.170  1142 10856 I art     : Starting a blocking GC Explicit
08-06 03:43:15.176  1142 11533 E baseline.com.newsblur.network.APIResponse: Error (unexpected end of stream on https://www.newsblur.com/...) calling https://www.newsblur.com/reader/mark_story_hashes_as_read/
08-06 03:43:15.176  1142 11533 E baseline.com.newsblur.network.APIResponse: java.io.IOException: unexpected end of stream on https://www.newsblur.com/...
08-06 03:43:15.176  1142 11533 E baseline.com.newsblur.network.APIResponse: 	at okhttp3.internal.http1.Http1ExchangeCodec.readResponseHeaders(Http1ExchangeCodec.java:236)
08-06 03:43:15.176  1142 11533 E baseline.com.newsblur.network.APIResponse: 	at okhttp3.internal.connection.Exchange.readResponseHeaders(Exchange.java:115)
08-06 03:43:15.176  1142 11533 E baseline.com.newsblur.network.APIResponse: 	at okhttp3.internal.http.CallServerInterceptor.intercept(CallServerInterceptor.java:94)
08-06 03:43:15.176  1142 11533 E baseline.com.newsblur.network.APIResponse: 	at okhttp3.internal.http.RealInterceptorChain.proceed(RealInterceptorChain.java:142)
08-06 03:43:15.176  1142 11533 E baseline.com.newsblur.network.APIResponse: 	at okhttp3.internal.connection.ConnectInterceptor.intercept(ConnectInterceptor.java:43)
08-06 03:43:15.176  1142 11533 E baseline.com.newsblur.network.APIResponse: 	at okhttp3.internal.http.RealInterceptorChain.proceed(RealInterceptorChain.java:142)
08-06 03:43:15.176  1142 11533 E baseline.com.newsblur.network.APIResponse: 	at okhttp3.internal.http.RealInterceptorChain.proceed(RealInterceptorChain.java:117)
08-06 03:43:15.176  1142 11533 E baseline.com.newsblur.network.APIResponse: 	at okhttp3.internal.cache.CacheInterceptor.intercept(CacheInterceptor.java:94)
08-06 03:43:15.176  1142 11533 E baseline.com.newsblur.network.APIResponse: 	at okhttp3.internal.http.RealInterceptorChain.proceed(RealInterceptorChain.java:142)
08-06 03:43:15.176  1142 11533 E baseline.com.newsblur.network.APIResponse: 	at okhttp3.internal.http.RealInterceptorChain.proceed(RealInterceptorChain.java:117)
08-06 03:43:15.176  1142 11533 E baseline.com.newsblur.network.APIResponse: 	at okhttp3.internal.http.BridgeInterceptor.intercept(BridgeInterceptor.java:93)
08-06 03:43:15.176  1142 11533 E baseline.com.newsblur.network.APIResponse: 	at okhttp3.internal.http.RealInterceptorChain.proceed(RealInterceptorChain.java:142)
08-06 03:43:15.176  1142 11533 E baseline.com.newsblur.network.APIResponse: 	at okhttp3.internal.http.RetryAndFollowUpInterceptor.intercept(RetryAndFollowUpInterceptor.java:88)
08-06 03:43:15.176  1142 11533 E baseline.com.newsblur.network.APIResponse: 	at okhttp3.internal.http.RealInterceptorChain.proceed(RealInterceptorChain.java:142)
08-06 03:43:15.176  1142 11533 E baseline.com.newsblur.network.APIResponse: 	at okhttp3.internal.http.RealInterceptorChain.proceed(RealInterceptorChain.java:117)
08-06 03:43:15.176  1142 11533 E baseline.com.newsblur.network.APIResponse: 	at okhttp3.RealCall.getResponseWithInterceptorChain(RealCall.java:229)
08-06 03:43:15.176  1142 11533 E baseline.com.newsblur.network.APIResponse: 	at okhttp3.RealCall.execute(RealCall.java:81)
08-06 03:43:15.176  1142 11533 E baseline.com.newsblur.network.APIResponse: 	at baseline.com.newsblur.network.APIResponse.<init>(APIResponse.java:57)
08-06 03:43:15.176  1142 11533 E baseline.com.newsblur.network.APIResponse: 	at baseline.com.newsblur.network.APIResponse.<init>(APIResponse.java:43)
08-06 03:43:15.176  1142 11533 E baseline.com.newsblur.network.APIResponse: 	at baseline.com.newsblur.network.APIManager.post_single(APIManager.java:702)
08-06 03:43:15.176  1142 11533 E baseline.com.newsblur.network.APIResponse: 	at baseline.com.newsblur.network.APIManager.post(APIManager.java:675)
08-06 03:43:15.176  1142 11533 E baseline.com.newsblur.network.APIResponse: 	at baseline.com.newsblur.network.APIManager.post(APIManager.java:714)
08-06 03:43:15.176  1142 11533 E baseline.com.newsblur.network.APIResponse: 	at baseline.com.newsblur.network.APIManager.markStoryAsRead(APIManager.java:205)
08-06 03:43:15.176  1142 11533 E baseline.com.newsblur.network.APIResponse: 	at baseline.com.newsblur.util.ReadingAction.doRemote(ReadingAction.java:281)
08-06 03:43:15.176  1142 11533 E baseline.com.newsblur.network.APIResponse: 	at baseline.com.newsblur.service.NBSyncService.syncActions(NBSyncService.java:400)
08-06 03:43:15.176  1142 11533 E baseline.com.newsblur.network.APIResponse: 	at baseline.com.newsblur.service.NBSyncService.doSync(NBSyncService.java:298)
08-06 03:43:15.176  1142 11533 E baseline.com.newsblur.network.APIResponse: 	at baseline.com.newsblur.service.NBSyncService.access$100(NBSyncService.java:67)
08-06 03:43:15.176  1142 11533 E baseline.com.newsblur.network.APIResponse: 	at baseline.com.newsblur.service.NBSyncService$1.run(NBSyncService.java:188)
08-06 03:43:15.176  1142 11533 E baseline.com.newsblur.network.APIResponse: 	at java.util.concurrent.ThreadPoolExecutor.runWorker(ThreadPoolExecutor.java:1113)
08-06 03:43:15.176  1142 11533 E baseline.com.newsblur.network.APIResponse: 	at java.util.concurrent.ThreadPoolExecutor$Worker.run(ThreadPoolExecutor.java:588)
08-06 03:43:15.176  1142 11533 E baseline.com.newsblur.network.APIResponse: 	at java.lang.Thread.run(Thread.java:818)
08-06 03:43:15.176  1142 11533 E baseline.com.newsblur.network.APIResponse: Caused by: java.io.EOFException: \n not found: limit=0 content=
08-06 03:43:15.176  1142 11533 E baseline.com.newsblur.network.APIResponse: 	at okio.RealBufferedSource.readUtf8LineStrict(RealBufferedSource.java:240)
08-06 03:43:15.176  1142 11533 E baseline.com.newsblur.network.APIResponse: 	at okhttp3.internal.http1.Http1ExchangeCodec.readHeaderLine(Http1ExchangeCodec.java:242)
08-06 03:43:15.176  1142 11533 E baseline.com.newsblur.network.APIResponse: 	at okhttp3.internal.http1.Http1ExchangeCodec.readResponseHeaders(Http1ExchangeCodec.java:213)
08-06 03:43:15.176  1142 11533 E baseline.com.newsblur.network.APIResponse: 	... 30 more
08-06 03:43:15.178  1142 11533 I baseline.com.newsblur.network.APIManager: API call failed, pausing before retry number 2
08-06 03:43:15.221  1142 10856 I art     : Explicit concurrent mark sweep GC freed 3948(345KB) AllocSpace objects, 3(60KB) LOS objects, 29% free, 38MB/54MB, paused 1.153ms total 50.505ms
08-06 03:43:15.235  1142 10856 I art     : Starting a blocking GC Explicit
08-06 03:43:15.276  1142 10856 I art     : Explicit concurrent mark sweep GC freed 171(18KB) AllocSpace objects, 0(0B) LOS objects, 29% free, 38MB/54MB, paused 934us total 40.801ms
08-06 03:43:15.286  1142 10856 I art     : Starting a blocking GC Explicit
08-06 03:43:15.323  1142 10856 I art     : Explicit concurrent mark sweep GC freed 20(672B) AllocSpace objects, 0(0B) LOS objects, 29% free, 38MB/54MB, paused 1.032ms total 36.689ms
08-06 03:43:15.333  1142 10856 I art     : Starting a blocking GC Explicit
08-06 03:43:15.372  1142 10856 I art     : Explicit concurrent mark sweep GC freed 3(96B) AllocSpace objects, 0(0B) LOS objects, 29% free, 38MB/54MB, paused 1.074ms total 38.338ms
08-06 03:43:15.383  1142 10856 I art     : Starting a blocking GC Explicit
08-06 03:43:15.421  1142 10856 I art     : Explicit concurrent mark sweep GC freed 3(96B) AllocSpace objects, 0(0B) LOS objects, 29% free, 38MB/54MB, paused 1.012ms total 38.430ms
08-06 03:43:15.648   518   646 I ThermalEngine: ACTION: GPU - Setting GPU[0] to 450000000
08-06 03:43:15.815  1142  1154 I art     : Starting a blocking GC Explicit
08-06 03:43:15.870  1142  1154 I art     : Explicit concurrent mark sweep GC freed 1443(83KB) AllocSpace objects, 1(20KB) LOS objects, 29% free, 38MB/54MB, paused 1.477ms total 54.622ms
08-06 03:43:15.886  1142  1154 I art     : Starting a blocking GC Explicit
08-06 03:43:15.937  1142  1154 I art     : Explicit concurrent mark sweep GC freed 22(784B) AllocSpace objects, 0(0B) LOS objects, 29% free, 38MB/54MB, paused 1.485ms total 50.778ms
08-06 03:43:15.951  1142  1154 I art     : Starting a blocking GC Explicit
08-06 03:43:16.003  1142  1154 I art     : Explicit concurrent mark sweep GC freed 3(96B) AllocSpace objects, 0(0B) LOS objects, 29% free, 38MB/54MB, paused 1.411ms total 51.858ms
08-06 03:43:16.017  1142  1154 I art     : Starting a blocking GC Explicit
08-06 03:43:16.069  1142  1154 I art     : Explicit concurrent mark sweep GC freed 3(96B) AllocSpace objects, 0(0B) LOS objects, 29% free, 38MB/54MB, paused 1.441ms total 51.822ms
08-06 03:43:16.083  1142  1154 I art     : Starting a blocking GC Explicit
08-06 03:43:16.136  1142  1154 I art     : Explicit concurrent mark sweep GC freed 3(96B) AllocSpace objects, 0(0B) LOS objects, 29% free, 38MB/54MB, paused 1.419ms total 52.480ms
08-06 03:43:16.512  1142  1154 I art     : Starting a blocking GC Explicit
08-06 03:43:16.565  1142  1154 I art     : Explicit concurrent mark sweep GC freed 1443(83KB) AllocSpace objects, 1(20KB) LOS objects, 29% free, 38MB/54MB, paused 1.459ms total 52.498ms
08-06 03:43:16.579  1142  1154 I art     : Starting a blocking GC Explicit
08-06 03:43:16.631  1142  1154 I art     : Explicit concurrent mark sweep GC freed 30(1088B) AllocSpace objects, 0(0B) LOS objects, 29% free, 38MB/54MB, paused 1.474ms total 52.438ms
08-06 03:43:16.645  1142  1154 I art     : Starting a blocking GC Explicit
08-06 03:43:16.694  1142  1154 I art     : Explicit concurrent mark sweep GC freed 3(96B) AllocSpace objects, 0(0B) LOS objects, 29% free, 38MB/54MB, paused 1.423ms total 49.259ms
08-06 03:43:16.708  1142  1154 I art     : Starting a blocking GC Explicit
08-06 03:43:16.761  1142  1154 I art     : Explicit concurrent mark sweep GC freed 3(96B) AllocSpace objects, 0(0B) LOS objects, 29% free, 38MB/54MB, paused 1.465ms total 52.385ms
08-06 03:43:16.775  1142  1154 I art     : Starting a blocking GC Explicit
08-06 03:43:16.825  1142  1154 I art     : Explicit concurrent mark sweep GC freed 3(96B) AllocSpace objects, 0(0B) LOS objects, 29% free, 38MB/54MB, paused 1.394ms total 50.011ms
08-06 03:43:17.216  1142  1153 I art     : Starting a blocking GC Explicit
08-06 03:43:17.272  1142  1153 I art     : Explicit concurrent mark sweep GC freed 1443(83KB) AllocSpace objects, 1(20KB) LOS objects, 29% free, 38MB/54MB, paused 1.436ms total 55.020ms
08-06 03:43:17.289  1142  1153 I art     : Starting a blocking GC Explicit
08-06 03:43:17.338  1142  1153 I art     : Explicit concurrent mark sweep GC freed 22(800B) AllocSpace objects, 0(0B) LOS objects, 29% free, 38MB/54MB, paused 1.455ms total 48.871ms
08-06 03:43:17.351  1142  1153 I art     : Starting a blocking GC Explicit
08-06 03:43:17.402  1142  1153 I art     : Explicit concurrent mark sweep GC freed 3(96B) AllocSpace objects, 0(0B) LOS objects, 29% free, 38MB/54MB, paused 1.340ms total 50.838ms
08-06 03:43:17.415  1142  1153 I art     : Starting a blocking GC Explicit
08-06 03:43:17.466  1142  1153 I art     : Explicit concurrent mark sweep GC freed 3(96B) AllocSpace objects, 0(0B) LOS objects, 29% free, 38MB/54MB, paused 1.385ms total 50.462ms
08-06 03:43:17.479  1142  1153 I art     : Starting a blocking GC Explicit
08-06 03:43:17.530  1142  1153 I art     : Explicit concurrent mark sweep GC freed 3(96B) AllocSpace objects, 0(0B) LOS objects, 29% free, 38MB/54MB, paused 1.357ms total 50.601ms
08-06 03:43:17.903  1142 10856 I art     : Starting a blocking GC Explicit
08-06 03:43:17.955  1142 10856 I art     : Explicit concurrent mark sweep GC freed 1444(83KB) AllocSpace objects, 1(20KB) LOS objects, 29% free, 38MB/54MB, paused 1.385ms total 51.878ms
08-06 03:43:17.969  1142 10856 I art     : Starting a blocking GC Explicit
08-06 03:43:18.020  1142 10856 I art     : Explicit concurrent mark sweep GC freed 22(784B) AllocSpace objects, 0(0B) LOS objects, 29% free, 38MB/54MB, paused 1.443ms total 50.635ms
08-06 03:43:18.034  1142 10856 I art     : Starting a blocking GC Explicit
08-06 03:43:18.082  1142 10856 I art     : Explicit concurrent mark sweep GC freed 3(96B) AllocSpace objects, 0(0B) LOS objects, 29% free, 38MB/54MB, paused 1.430ms total 48.148ms
08-06 03:43:18.095  1142 10856 I art     : Starting a blocking GC Explicit
08-06 03:43:18.148  1142 10856 I art     : Explicit concurrent mark sweep GC freed 3(96B) AllocSpace objects, 0(0B) LOS objects, 29% free, 38MB/54MB, paused 1.500ms total 52.326ms
08-06 03:43:18.161  1142 10856 I art     : Starting a blocking GC Explicit
08-06 03:43:18.209  1142 10856 I art     : Explicit concurrent mark sweep GC freed 94(3KB) AllocSpace objects, 0(0B) LOS objects, 29% free, 38MB/54MB, paused 1.605ms total 47.754ms
08-06 03:43:18.286 11970 11970 D AndroidRuntime: >>>>>> START com.android.internal.os.RuntimeInit uid 2000 <<<<<<
08-06 03:43:18.293 11970 11970 D AndroidRuntime: CheckJNI is OFF
08-06 03:43:18.308   918  3188 I hubconnection: sensorhub said: 'set_bias 3: -6.2400, 0.0000, 0.0000'
08-06 03:43:18.337 11970 11970 D ICU     : No timezone override file found: /data/misc/zoneinfo/current/icu/icu_tzdata.dat
08-06 03:43:18.380 11970 11970 I Radio-JNI: register_android_hardware_Radio DONE
08-06 03:43:18.409 11970 11970 D AndroidRuntime: Calling main entry com.android.commands.input.Input
08-06 03:43:18.411 11970 11970 I Input   : injectKeyEvent: KeyEvent { action=ACTION_DOWN, keyCode=KEYCODE_BACK, scanCode=0, metaState=0, flags=0x0, repeatCount=0, eventTime=848614824, downTime=848614824, deviceId=-1, source=0x101 }
08-06 03:43:18.420 11970 11970 I Input   : injectKeyEvent: KeyEvent { action=ACTION_UP, keyCode=KEYCODE_BACK, scanCode=0, metaState=0, flags=0x0, repeatCount=0, eventTime=848614824, downTime=848614824, deviceId=-1, source=0x101 }
08-06 03:43:18.428 11970 11970 D AndroidRuntime: Shutting down VM
08-06 03:43:18.598  1142 11214 I art     : Starting a blocking GC Explicit
08-06 03:43:18.645  1142 11214 I art     : Explicit concurrent mark sweep GC freed 2808(220KB) AllocSpace objects, 5(100KB) LOS objects, 29% free, 38MB/54MB, paused 1.541ms total 46.931ms
08-06 03:43:18.651 13866 13866 I GoogleInputMethodServic: GoogleInputMethodService.onFinishInput():3138 
08-06 03:43:18.653 13866 13866 I GoogleInputMethodServic: GoogleInputMethodService.onStartInput():1808 
08-06 03:43:18.659  1142 11214 I art     : Starting a blocking GC Explicit
08-06 03:43:18.704  1142 11214 I art     : Explicit concurrent mark sweep GC freed 2162(105KB) AllocSpace objects, 0(0B) LOS objects, 29% free, 38MB/54MB, paused 1.525ms total 45.577ms
08-06 03:43:18.717  1142 11214 I art     : Starting a blocking GC Explicit
08-06 03:43:18.741  1142 11533 E baseline.com.newsblur.network.APIResponse: Error (unexpected end of stream on https://www.newsblur.com/...) calling https://www.newsblur.com/reader/mark_story_hashes_as_read/
08-06 03:43:18.741  1142 11533 E baseline.com.newsblur.network.APIResponse: java.io.IOException: unexpected end of stream on https://www.newsblur.com/...
08-06 03:43:18.741  1142 11533 E baseline.com.newsblur.network.APIResponse: 	at okhttp3.internal.http1.Http1ExchangeCodec.readResponseHeaders(Http1ExchangeCodec.java:236)
08-06 03:43:18.741  1142 11533 E baseline.com.newsblur.network.APIResponse: 	at okhttp3.internal.connection.Exchange.readResponseHeaders(Exchange.java:115)
08-06 03:43:18.741  1142 11533 E baseline.com.newsblur.network.APIResponse: 	at okhttp3.internal.http.CallServerInterceptor.intercept(CallServerInterceptor.java:94)
08-06 03:43:18.741  1142 11533 E baseline.com.newsblur.network.APIResponse: 	at okhttp3.internal.http.RealInterceptorChain.proceed(RealInterceptorChain.java:142)
08-06 03:43:18.741  1142 11533 E baseline.com.newsblur.network.APIResponse: 	at okhttp3.internal.connection.ConnectInterceptor.intercept(ConnectInterceptor.java:43)
08-06 03:43:18.741  1142 11533 E baseline.com.newsblur.network.APIResponse: 	at okhttp3.internal.http.RealInterceptorChain.proceed(RealInterceptorChain.java:142)
08-06 03:43:18.741  1142 11533 E baseline.com.newsblur.network.APIResponse: 	at okhttp3.internal.http.RealInterceptorChain.proceed(RealInterceptorChain.java:117)
08-06 03:43:18.741  1142 11533 E baseline.com.newsblur.network.APIResponse: 	at okhttp3.internal.cache.CacheInterceptor.intercept(CacheInterceptor.java:94)
08-06 03:43:18.741  1142 11533 E baseline.com.newsblur.network.APIResponse: 	at okhttp3.internal.http.RealInterceptorChain.proceed(RealInterceptorChain.java:142)
08-06 03:43:18.741  1142 11533 E baseline.com.newsblur.network.APIResponse: 	at okhttp3.internal.http.RealInterceptorChain.proceed(RealInterceptorChain.java:117)
08-06 03:43:18.741  1142 11533 E baseline.com.newsblur.network.APIResponse: 	at okhttp3.internal.http.BridgeInterceptor.intercept(BridgeInterceptor.java:93)
08-06 03:43:18.741  1142 11533 E baseline.com.newsblur.network.APIResponse: 	at okhttp3.internal.http.RealInterceptorChain.proceed(RealInterceptorChain.java:142)
08-06 03:43:18.741  1142 11533 E baseline.com.newsblur.network.APIResponse: 	at okhttp3.internal.http.RetryAndFollowUpInterceptor.intercept(RetryAndFollowUpInterceptor.java:88)
08-06 03:43:18.741  1142 11533 E baseline.com.newsblur.network.APIResponse: 	at okhttp3.internal.http.RealInterceptorChain.proceed(RealInterceptorChain.java:142)
08-06 03:43:18.741  1142 11533 E baseline.com.newsblur.network.APIResponse: 	at okhttp3.internal.http.RealInterceptorChain.proceed(RealInterceptorChain.java:117)
08-06 03:43:18.741  1142 11533 E baseline.com.newsblur.network.APIResponse: 	at okhttp3.RealCall.getResponseWithInterceptorChain(RealCall.java:229)
08-06 03:43:18.741  1142 11533 E baseline.com.newsblur.network.APIResponse: 	at okhttp3.RealCall.execute(RealCall.java:81)
08-06 03:43:18.741  1142 11533 E baseline.com.newsblur.network.APIResponse: 	at baseline.com.newsblur.network.APIResponse.<init>(APIResponse.java:57)
08-06 03:43:18.741  1142 11533 E baseline.com.newsblur.network.APIResponse: 	at baseline.com.newsblur.network.APIResponse.<init>(APIResponse.java:43)
08-06 03:43:18.741  1142 11533 E baseline.com.newsblur.network.APIResponse: 	at baseline.com.newsblur.network.APIManager.post_single(APIManager.java:702)
08-06 03:43:18.741  1142 11533 E baseline.com.newsblur.network.APIResponse: 	at baseline.com.newsblur.network.APIManager.post(APIManager.java:675)
08-06 03:43:18.741  1142 11533 E baseline.com.newsblur.network.APIResponse: 	at baseline.com.newsblur.network.APIManager.post(APIManager.java:714)
08-06 03:43:18.741  1142 11533 E baseline.com.newsblur.network.APIResponse: 	at baseline.com.newsblur.network.APIManager.markStoryAsRead(APIManager.java:205)
08-06 03:43:18.741  1142 11533 E baseline.com.newsblur.network.APIResponse: 	at baseline.com.newsblur.util.ReadingAction.doRemote(ReadingAction.java:281)
08-06 03:43:18.741  1142 11533 E baseline.com.newsblur.network.APIResponse: 	at baseline.com.newsblur.service.NBSyncService.syncActions(NBSyncService.java:400)
08-06 03:43:18.741  1142 11533 E baseline.com.newsblur.network.APIResponse: 	at baseline.com.newsblur.service.NBSyncService.doSync(NBSyncService.java:298)
08-06 03:43:18.741  1142 11533 E baseline.com.newsblur.network.APIResponse: 	at baseline.com.newsblur.service.NBSyncService.access$100(NBSyncService.java:67)
08-06 03:43:18.741  1142 11533 E baseline.com.newsblur.network.APIResponse: 	at baseline.com.newsblur.service.NBSyncService$1.run(NBSyncService.java:188)
08-06 03:43:18.741  1142 11533 E baseline.com.newsblur.network.APIResponse: 	at java.util.concurrent.ThreadPoolExecutor.runWorker(ThreadPoolExecutor.java:1113)
08-06 03:43:18.741  1142 11533 E baseline.com.newsblur.network.APIResponse: 	at java.util.concurrent.ThreadPoolExecutor$Worker.run(ThreadPoolExecutor.java:588)
08-06 03:43:18.741  1142 11533 E baseline.com.newsblur.network.APIResponse: 	at java.lang.Thread.run(Thread.java:818)
08-06 03:43:18.741  1142 11533 E baseline.com.newsblur.network.APIResponse: Caused by: java.io.EOFException: \n not found: limit=0 content=
08-06 03:43:18.741  1142 11533 E baseline.com.newsblur.network.APIResponse: 	at okio.RealBufferedSource.readUtf8LineStrict(RealBufferedSource.java:240)
08-06 03:43:18.741  1142 11533 E baseline.com.newsblur.network.APIResponse: 	at okhttp3.internal.http1.Http1ExchangeCodec.readHeaderLine(Http1ExchangeCodec.java:242)
08-06 03:43:18.741  1142 11533 E baseline.com.newsblur.network.APIResponse: 	at okhttp3.internal.http1.Http1ExchangeCodec.readResponseHeaders(Http1ExchangeCodec.java:213)
08-06 03:43:18.741  1142 11533 E baseline.com.newsblur.network.APIResponse: 	... 30 more
08-06 03:43:18.742  1142 11533 I baseline.com.newsblur.service.NBSyncService: Holding reading action with server-side or network error.
08-06 03:43:18.754  1142 11533 W baseline.com.newsblur.service.NBSyncService: hard API failure
08-06 03:43:18.761  1142 11214 I art     : Explicit concurrent mark sweep GC freed 981(223KB) AllocSpace objects, 4(88KB) LOS objects, 29% free, 38MB/54MB, paused 1.988ms total 43.924ms
08-06 03:43:18.775  1142 11214 I art     : Starting a blocking GC Explicit
08-06 03:43:18.818  1142 11214 I art     : Explicit concurrent mark sweep GC freed 690(90KB) AllocSpace objects, 3(60KB) LOS objects, 29% free, 38MB/54MB, paused 1.300ms total 42.742ms
08-06 03:43:18.831  1142 11214 I art     : Starting a blocking GC Explicit
08-06 03:43:18.875  1142 11214 I art     : Explicit concurrent mark sweep GC freed 118(4KB) AllocSpace objects, 0(0B) LOS objects, 29% free, 38MB/54MB, paused 1.356ms total 43.672ms
08-06 03:43:19.150  1142 11533 E baseline.com.newsblur.network.APIResponse: Error (unexpected end of stream on https://www.newsblur.com/...) calling https://www.newsblur.com/reader/mark_story_hashes_as_read/
08-06 03:43:19.150  1142 11533 E baseline.com.newsblur.network.APIResponse: java.io.IOException: unexpected end of stream on https://www.newsblur.com/...
08-06 03:43:19.150  1142 11533 E baseline.com.newsblur.network.APIResponse: 	at okhttp3.internal.http1.Http1ExchangeCodec.readResponseHeaders(Http1ExchangeCodec.java:236)
08-06 03:43:19.150  1142 11533 E baseline.com.newsblur.network.APIResponse: 	at okhttp3.internal.connection.Exchange.readResponseHeaders(Exchange.java:115)
08-06 03:43:19.150  1142 11533 E baseline.com.newsblur.network.APIResponse: 	at okhttp3.internal.http.CallServerInterceptor.intercept(CallServerInterceptor.java:94)
08-06 03:43:19.150  1142 11533 E baseline.com.newsblur.network.APIResponse: 	at okhttp3.internal.http.RealInterceptorChain.proceed(RealInterceptorChain.java:142)
08-06 03:43:19.150  1142 11533 E baseline.com.newsblur.network.APIResponse: 	at okhttp3.internal.connection.ConnectInterceptor.intercept(ConnectInterceptor.java:43)
08-06 03:43:19.150  1142 11533 E baseline.com.newsblur.network.APIResponse: 	at okhttp3.internal.http.RealInterceptorChain.proceed(RealInterceptorChain.java:142)
08-06 03:43:19.150  1142 11533 E baseline.com.newsblur.network.APIResponse: 	at okhttp3.internal.http.RealInterceptorChain.proceed(RealInterceptorChain.java:117)
08-06 03:43:19.150  1142 11533 E baseline.com.newsblur.network.APIResponse: 	at okhttp3.internal.cache.CacheInterceptor.intercept(CacheInterceptor.java:94)
08-06 03:43:19.150  1142 11533 E baseline.com.newsblur.network.APIResponse: 	at okhttp3.internal.http.RealInterceptorChain.proceed(RealInterceptorChain.java:142)
08-06 03:43:19.150  1142 11533 E baseline.com.newsblur.network.APIResponse: 	at okhttp3.internal.http.RealInterceptorChain.proceed(RealInterceptorChain.java:117)
08-06 03:43:19.150  1142 11533 E baseline.com.newsblur.network.APIResponse: 	at okhttp3.internal.http.BridgeInterceptor.intercept(BridgeInterceptor.java:93)
08-06 03:43:19.150  1142 11533 E baseline.com.newsblur.network.APIResponse: 	at okhttp3.internal.http.RealInterceptorChain.proceed(RealInterceptorChain.java:142)
08-06 03:43:19.150  1142 11533 E baseline.com.newsblur.network.APIResponse: 	at okhttp3.internal.http.RetryAndFollowUpInterceptor.intercept(RetryAndFollowUpInterceptor.java:88)
08-06 03:43:19.150  1142 11533 E baseline.com.newsblur.network.APIResponse: 	at okhttp3.internal.http.RealInterceptorChain.proceed(RealInterceptorChain.java:142)
08-06 03:43:19.150  1142 11533 E baseline.com.newsblur.network.APIResponse: 	at okhttp3.internal.http.RealInterceptorChain.proceed(RealInterceptorChain.java:117)
08-06 03:43:19.150  1142 11533 E baseline.com.newsblur.network.APIResponse: 	at okhttp3.RealCall.getResponseWithInterceptorChain(RealCall.java:229)
08-06 03:43:19.150  1142 11533 E baseline.com.newsblur.network.APIResponse: 	at okhttp3.RealCall.execute(RealCall.java:81)
08-06 03:43:19.150  1142 11533 E baseline.com.newsblur.network.APIResponse: 	at baseline.com.newsblur.network.APIResponse.<init>(APIResponse.java:57)
08-06 03:43:19.150  1142 11533 E baseline.com.newsblur.network.APIResponse: 	at baseline.com.newsblur.network.APIResponse.<init>(APIResponse.java:43)
08-06 03:43:19.150  1142 11533 E baseline.com.newsblur.network.APIResponse: 	at baseline.com.newsblur.network.APIManager.post_single(APIManager.java:702)
08-06 03:43:19.150  1142 11533 E baseline.com.newsblur.network.APIResponse: 	at baseline.com.newsblur.network.APIManager.post(APIManager.java:675)
08-06 03:43:19.150  1142 11533 E baseline.com.newsblur.network.APIResponse: 	at baseline.com.newsblur.network.APIManager.post(APIManager.java:714)
08-06 03:43:19.150  1142 11533 E baseline.com.newsblur.network.APIResponse: 	at baseline.com.newsblur.network.APIManager.markStoryAsRead(APIManager.java:205)
08-06 03:43:19.150  1142 11533 E baseline.com.newsblur.network.APIResponse: 	at baseline.com.newsblur.util.ReadingAction.doRemote(ReadingAction.java:281)
08-06 03:43:19.150  1142 11533 E baseline.com.newsblur.network.APIResponse: 	at baseline.com.newsblur.service.NBSyncService.syncActions(NBSyncService.java:400)
08-06 03:43:19.150  1142 11533 E baseline.com.newsblur.network.APIResponse: 	at baseline.com.newsblur.service.NBSyncService.doSync(NBSyncService.java:298)
08-06 03:43:19.150  1142 11533 E baseline.com.newsblur.network.APIResponse: 	at baseline.com.newsblur.service.NBSyncService.access$100(NBSyncService.java:67)
08-06 03:43:19.150  1142 11533 E baseline.com.newsblur.network.APIResponse: 	at baseline.com.newsblur.service.NBSyncService$1.run(NBSyncService.java:188)
08-06 03:43:19.150  1142 11533 E baseline.com.newsblur.network.APIResponse: 	at java.util.concurrent.ThreadPoolExecutor.runWorker(ThreadPoolExecutor.java:1113)
08-06 03:43:19.150  1142 11533 E baseline.com.newsblur.network.APIResponse: 	at java.util.concurrent.ThreadPoolExecutor$Worker.run(ThreadPoolExecutor.java:588)
08-06 03:43:19.150  1142 11533 E baseline.com.newsblur.network.APIResponse: 	at java.lang.Thread.run(Thread.java:818)
08-06 03:43:19.150  1142 11533 E baseline.com.newsblur.network.APIResponse: Caused by: java.io.EOFException: \n not found: limit=0 content=
08-06 03:43:19.150  1142 11533 E baseline.com.newsblur.network.APIResponse: 	at okio.RealBufferedSource.readUtf8LineStrict(RealBufferedSource.java:240)
08-06 03:43:19.150  1142 11533 E baseline.com.newsblur.network.APIResponse: 	at okhttp3.internal.http1.Http1ExchangeCodec.readHeaderLine(Http1ExchangeCodec.java:242)
08-06 03:43:19.150  1142 11533 E baseline.com.newsblur.network.APIResponse: 	at okhttp3.internal.http1.Http1ExchangeCodec.readResponseHeaders(Http1ExchangeCodec.java:213)
08-06 03:43:19.150  1142 11533 E baseline.com.newsblur.network.APIResponse: 	... 30 more
08-06 03:43:19.151  1142 11533 I baseline.com.newsblur.network.APIManager: API call failed, pausing before retry number 1
08-06 03:43:19.241  1142 10856 I art     : Starting a blocking GC Explicit
08-06 03:43:19.296  1142 10856 I art     : Explicit concurrent mark sweep GC freed 5220(417KB) AllocSpace objects, 3(60KB) LOS objects, 29% free, 38MB/54MB, paused 1.565ms total 54.660ms
08-06 03:43:19.311  1142 10856 I art     : Starting a blocking GC Explicit
08-06 03:43:19.363  1142 10856 I art     : Explicit concurrent mark sweep GC freed 256(11KB) AllocSpace objects, 0(0B) LOS objects, 29% free, 38MB/54MB, paused 1.414ms total 51.636ms
08-06 03:43:19.378  1142 10856 I art     : Starting a blocking GC Explicit
08-06 03:43:19.426  1142 10856 I art     : Explicit concurrent mark sweep GC freed 10(320B) AllocSpace objects, 0(0B) LOS objects, 29% free, 38MB/54MB, paused 1.265ms total 47.730ms
08-06 03:43:19.441  1142 10856 I art     : Starting a blocking GC Explicit
08-06 03:43:19.490  1142 10856 I art     : Explicit concurrent mark sweep GC freed 11(352B) AllocSpace objects, 0(0B) LOS objects, 29% free, 38MB/54MB, paused 1.439ms total 49.306ms
08-06 03:43:19.505  1142 10856 I art     : Starting a blocking GC Explicit
08-06 03:43:19.555  1142 10856 I art     : Explicit concurrent mark sweep GC freed 11(352B) AllocSpace objects, 0(0B) LOS objects, 29% free, 38MB/54MB, paused 1.385ms total 49.859ms
08-06 03:43:19.902  1142  1153 I art     : Starting a blocking GC Explicit
08-06 03:43:19.958  1142  1153 I art     : Explicit concurrent mark sweep GC freed 1489(84KB) AllocSpace objects, 1(20KB) LOS objects, 29% free, 38MB/54MB, paused 1.507ms total 55.487ms
08-06 03:43:19.972  1142  1153 I art     : Starting a blocking GC Explicit
08-06 03:43:20.023  1142  1153 I art     : Explicit concurrent mark sweep GC freed 30(1040B) AllocSpace objects, 0(0B) LOS objects, 29% free, 38MB/54MB, paused 1.467ms total 50.048ms
08-06 03:43:20.036  1142  1153 I art     : Starting a blocking GC Explicit
08-06 03:43:20.087  1142  1153 I art     : Explicit concurrent mark sweep GC freed 6(192B) AllocSpace objects, 0(0B) LOS objects, 29% free, 38MB/54MB, paused 1.484ms total 50.681ms
08-06 03:43:20.101  1142  1153 I art     : Starting a blocking GC Explicit
08-06 03:43:20.151  1142  1153 I art     : Explicit concurrent mark sweep GC freed 3(96B) AllocSpace objects, 0(0B) LOS objects, 29% free, 38MB/54MB, paused 1.475ms total 49.431ms
08-06 03:43:20.164  1142  1153 I art     : Starting a blocking GC Explicit
08-06 03:43:20.212  1142  1153 I art     : Explicit concurrent mark sweep GC freed 3(96B) AllocSpace objects, 0(0B) LOS objects, 29% free, 38MB/54MB, paused 1.455ms total 48.215ms
08-06 03:43:20.265 12011 12011 D AndroidRuntime: >>>>>> START com.android.internal.os.RuntimeInit uid 2000 <<<<<<
08-06 03:43:20.271 12011 12011 D AndroidRuntime: CheckJNI is OFF
08-06 03:43:20.315 12011 12011 D ICU     : No timezone override file found: /data/misc/zoneinfo/current/icu/icu_tzdata.dat
08-06 03:43:20.360 12011 12011 I Radio-JNI: register_android_hardware_Radio DONE
08-06 03:43:20.390 12011 12011 D AndroidRuntime: Calling main entry com.android.commands.input.Input
08-06 03:43:20.392 12011 12011 I Input   : injectKeyEvent: KeyEvent { action=ACTION_DOWN, keyCode=KEYCODE_BACK, scanCode=0, metaState=0, flags=0x0, repeatCount=0, eventTime=848616805, downTime=848616805, deviceId=-1, source=0x101 }
08-06 03:43:20.399 12011 12011 I Input   : injectKeyEvent: KeyEvent { action=ACTION_UP, keyCode=KEYCODE_BACK, scanCode=0, metaState=0, flags=0x0, repeatCount=0, eventTime=848616805, downTime=848616805, deviceId=-1, source=0x101 }
08-06 03:43:20.405 12011 12011 D AndroidRuntime: Shutting down VM
08-06 03:43:20.574  1142 10856 I art     : Starting a blocking GC Explicit
08-06 03:43:20.604 13866 13866 I GoogleInputMethodServic: GoogleInputMethodService.onFinishInput():3138 
08-06 03:43:20.604 13866 13866 I GoogleInputMethodServic: GoogleInputMethodService.onStartInput():1808 
08-06 03:43:20.623  1142 10856 I art     : Explicit concurrent mark sweep GC freed 9688(663KB) AllocSpace objects, 13(260KB) LOS objects, 29% free, 38MB/54MB, paused 1.495ms total 48.328ms
08-06 03:43:20.637  1142 10856 I art     : Starting a blocking GC Explicit
08-06 03:43:20.685  1142 10856 I art     : Explicit concurrent mark sweep GC freed 365(13KB) AllocSpace objects, 0(0B) LOS objects, 29% free, 38MB/54MB, paused 1.394ms total 47.842ms
08-06 03:43:20.697  1142 10856 I art     : Starting a blocking GC Explicit
08-06 03:43:20.740  1142 10856 I art     : Explicit concurrent mark sweep GC freed 99(4KB) AllocSpace objects, 0(0B) LOS objects, 29% free, 38MB/54MB, paused 1.497ms total 42.159ms
08-06 03:43:20.752  1142 10856 I art     : Starting a blocking GC Explicit
08-06 03:43:20.801  1142 10856 I art     : Explicit concurrent mark sweep GC freed 65(4KB) AllocSpace objects, 0(0B) LOS objects, 29% free, 38MB/54MB, paused 1.302ms total 47.922ms
08-06 03:43:20.814  1142 10856 I art     : Starting a blocking GC Explicit
08-06 03:43:20.866  1142 10856 I art     : Explicit concurrent mark sweep GC freed 3(96B) AllocSpace objects, 0(0B) LOS objects, 29% free, 38MB/54MB, paused 1.608ms total 51.542ms
08-06 03:43:21.198  1142 11533 E baseline.com.newsblur.network.APIResponse: Error (unexpected end of stream on https://www.newsblur.com/...) calling https://www.newsblur.com/reader/mark_story_hashes_as_read/
08-06 03:43:21.198  1142 11533 E baseline.com.newsblur.network.APIResponse: java.io.IOException: unexpected end of stream on https://www.newsblur.com/...
08-06 03:43:21.198  1142 11533 E baseline.com.newsblur.network.APIResponse: 	at okhttp3.internal.http1.Http1ExchangeCodec.readResponseHeaders(Http1ExchangeCodec.java:236)
08-06 03:43:21.198  1142 11533 E baseline.com.newsblur.network.APIResponse: 	at okhttp3.internal.connection.Exchange.readResponseHeaders(Exchange.java:115)
08-06 03:43:21.198  1142 11533 E baseline.com.newsblur.network.APIResponse: 	at okhttp3.internal.http.CallServerInterceptor.intercept(CallServerInterceptor.java:94)
08-06 03:43:21.198  1142 11533 E baseline.com.newsblur.network.APIResponse: 	at okhttp3.internal.http.RealInterceptorChain.proceed(RealInterceptorChain.java:142)
08-06 03:43:21.198  1142 11533 E baseline.com.newsblur.network.APIResponse: 	at okhttp3.internal.connection.ConnectInterceptor.intercept(ConnectInterceptor.java:43)
08-06 03:43:21.198  1142 11533 E baseline.com.newsblur.network.APIResponse: 	at okhttp3.internal.http.RealInterceptorChain.proceed(RealInterceptorChain.java:142)
08-06 03:43:21.198  1142 11533 E baseline.com.newsblur.network.APIResponse: 	at okhttp3.internal.http.RealInterceptorChain.proceed(RealInterceptorChain.java:117)
08-06 03:43:21.198  1142 11533 E baseline.com.newsblur.network.APIResponse: 	at okhttp3.internal.cache.CacheInterceptor.intercept(CacheInterceptor.java:94)
08-06 03:43:21.198  1142 11533 E baseline.com.newsblur.network.APIResponse: 	at okhttp3.internal.http.RealInterceptorChain.proceed(RealInterceptorChain.java:142)
08-06 03:43:21.198  1142 11533 E baseline.com.newsblur.network.APIResponse: 	at okhttp3.internal.http.RealInterceptorChain.proceed(RealInterceptorChain.java:117)
08-06 03:43:21.198  1142 11533 E baseline.com.newsblur.network.APIResponse: 	at okhttp3.internal.http.BridgeInterceptor.intercept(BridgeInterceptor.java:93)
08-06 03:43:21.198  1142 11533 E baseline.com.newsblur.network.APIResponse: 	at okhttp3.internal.http.RealInterceptorChain.proceed(RealInterceptorChain.java:142)
08-06 03:43:21.198  1142 11533 E baseline.com.newsblur.network.APIResponse: 	at okhttp3.internal.http.RetryAndFollowUpInterceptor.intercept(RetryAndFollowUpInterceptor.java:88)
08-06 03:43:21.198  1142 11533 E baseline.com.newsblur.network.APIResponse: 	at okhttp3.internal.http.RealInterceptorChain.proceed(RealInterceptorChain.java:142)
08-06 03:43:21.198  1142 11533 E baseline.com.newsblur.network.APIResponse: 	at okhttp3.internal.http.RealInterceptorChain.proceed(RealInterceptorChain.java:117)
08-06 03:43:21.198  1142 11533 E baseline.com.newsblur.network.APIResponse: 	at okhttp3.RealCall.getResponseWithInterceptorChain(RealCall.java:229)
08-06 03:43:21.198  1142 11533 E baseline.com.newsblur.network.APIResponse: 	at okhttp3.RealCall.execute(RealCall.java:81)
08-06 03:43:21.198  1142 11533 E baseline.com.newsblur.network.APIResponse: 	at baseline.com.newsblur.network.APIResponse.<init>(APIResponse.java:57)
08-06 03:43:21.198  1142 11533 E baseline.com.newsblur.network.APIResponse: 	at baseline.com.newsblur.network.APIResponse.<init>(APIResponse.java:43)
08-06 03:43:21.198  1142 11533 E baseline.com.newsblur.network.APIResponse: 	at baseline.com.newsblur.network.APIManager.post_single(APIManager.java:702)
08-06 03:43:21.198  1142 11533 E baseline.com.newsblur.network.APIResponse: 	at baseline.com.newsblur.network.APIManager.post(APIManager.java:675)
08-06 03:43:21.198  1142 11533 E baseline.com.newsblur.network.APIResponse: 	at baseline.com.newsblur.network.APIManager.post(APIManager.java:714)
08-06 03:43:21.198  1142 11533 E baseline.com.newsblur.network.APIResponse: 	at baseline.com.newsblur.network.APIManager.markStoryAsRead(APIManager.java:205)
08-06 03:43:21.198  1142 11533 E baseline.com.newsblur.network.APIResponse: 	at baseline.com.newsblur.util.ReadingAction.doRemote(ReadingAction.java:281)
08-06 03:43:21.198  1142 11533 E baseline.com.newsblur.network.APIResponse: 	at baseline.com.newsblur.service.NBSyncService.syncActions(NBSyncService.java:400)
08-06 03:43:21.198  1142 11533 E baseline.com.newsblur.network.APIResponse: 	at baseline.com.newsblur.service.NBSyncService.doSync(NBSyncService.java:298)
08-06 03:43:21.198  1142 11533 E baseline.com.newsblur.network.APIResponse: 	at baseline.com.newsblur.service.NBSyncService.access$100(NBSyncService.java:67)
08-06 03:43:21.198  1142 11533 E baseline.com.newsblur.network.APIResponse: 	at baseline.com.newsblur.service.NBSyncService$1.run(NBSyncService.java:188)
08-06 03:43:21.198  1142 11533 E baseline.com.newsblur.network.APIResponse: 	at java.util.concurrent.ThreadPoolExecutor.runWorker(ThreadPoolExecutor.java:1113)
08-06 03:43:21.198  1142 11533 E baseline.com.newsblur.network.APIResponse: 	at java.util.concurrent.ThreadPoolExecutor$Worker.run(ThreadPoolExecutor.java:588)
08-06 03:43:21.198  1142 11533 E baseline.com.newsblur.network.APIResponse: 	at java.lang.Thread.run(Thread.java:818)
08-06 03:43:21.198  1142 11533 E baseline.com.newsblur.network.APIResponse: Caused by: java.io.EOFException: \n not found: limit=0 content=
08-06 03:43:21.198  1142 11533 E baseline.com.newsblur.network.APIResponse: 	at okio.RealBufferedSource.readUtf8LineStrict(RealBufferedSource.java:240)
08-06 03:43:21.198  1142 11533 E baseline.com.newsblur.network.APIResponse: 	at okhttp3.internal.http1.Http1ExchangeCodec.readHeaderLine(Http1ExchangeCodec.java:242)
08-06 03:43:21.198  1142 11533 E baseline.com.newsblur.network.APIResponse: 	at okhttp3.internal.http1.Http1ExchangeCodec.readResponseHeaders(Http1ExchangeCodec.java:213)
08-06 03:43:21.198  1142 11533 E baseline.com.newsblur.network.APIResponse: 	... 30 more
08-06 03:43:21.200  1142 11533 I baseline.com.newsblur.network.APIManager: API call failed, pausing before retry number 2
08-06 03:43:21.235  1142 11214 I art     : Starting a blocking GC Explicit
08-06 03:43:21.288  1142 11214 I art     : Explicit concurrent mark sweep GC freed 4437(378KB) AllocSpace objects, 3(60KB) LOS objects, 29% free, 38MB/54MB, paused 1.532ms total 52.320ms
08-06 03:43:21.301  1142 11214 I art     : Starting a blocking GC Explicit
08-06 03:43:21.350  1142 11214 I art     : Explicit concurrent mark sweep GC freed 264(11KB) AllocSpace objects, 0(0B) LOS objects, 29% free, 38MB/54MB, paused 1.347ms total 48.349ms
08-06 03:43:21.364  1142 11214 I art     : Starting a blocking GC Explicit
08-06 03:43:21.412  1142 11214 I art     : Explicit concurrent mark sweep GC freed 10(320B) AllocSpace objects, 0(0B) LOS objects, 29% free, 38MB/54MB, paused 1.256ms total 47.579ms
08-06 03:43:21.426  1142 11214 I art     : Starting a blocking GC Explicit
08-06 03:43:21.431  6649  6649 I ServiceManager: Waiting for service AtCmdFwd...
08-06 03:43:21.474  1142 11214 I art     : Explicit concurrent mark sweep GC freed 11(352B) AllocSpace objects, 0(0B) LOS objects, 29% free, 38MB/54MB, paused 1.552ms total 48.004ms
08-06 03:43:21.488  1142 11214 I art     : Starting a blocking GC Explicit
08-06 03:43:21.535  1142 11214 I art     : Explicit concurrent mark sweep GC freed 11(352B) AllocSpace objects, 0(0B) LOS objects, 29% free, 38MB/54MB, paused 1.369ms total 47.142ms
08-06 03:43:21.875  1142  1154 I art     : Starting a blocking GC Explicit
08-06 03:43:21.925  1142  1154 I art     : Explicit concurrent mark sweep GC freed 1486(84KB) AllocSpace objects, 1(20KB) LOS objects, 29% free, 38MB/54MB, paused 1.583ms total 50.329ms
08-06 03:43:21.939  1142  1154 I art     : Starting a blocking GC Explicit
08-06 03:43:21.986  1142  1154 I art     : Explicit concurrent mark sweep GC freed 30(1056B) AllocSpace objects, 0(0B) LOS objects, 29% free, 38MB/54MB, paused 1.502ms total 47.255ms
08-06 03:43:21.999  1142  1154 I art     : Starting a blocking GC Explicit
08-06 03:43:22.047  1142  1154 I art     : Explicit concurrent mark sweep GC freed 7(224B) AllocSpace objects, 0(0B) LOS objects, 29% free, 38MB/54MB, paused 1.326ms total 46.781ms
08-06 03:43:22.060  1142  1154 I art     : Starting a blocking GC Explicit
08-06 03:43:22.108  1142  1154 I art     : Explicit concurrent mark sweep GC freed 4(128B) AllocSpace objects, 0(0B) LOS objects, 29% free, 38MB/54MB, paused 1.443ms total 47.874ms
08-06 03:43:22.121  1142  1154 I art     : Starting a blocking GC Explicit
08-06 03:43:22.170  1142  1154 I art     : Explicit concurrent mark sweep GC freed 3(96B) AllocSpace objects, 0(0B) LOS objects, 29% free, 38MB/54MB, paused 1.531ms total 48.758ms
08-06 03:43:22.207 12055 12055 D AndroidRuntime: >>>>>> START com.android.internal.os.RuntimeInit uid 2000 <<<<<<
08-06 03:43:22.213 12055 12055 D AndroidRuntime: CheckJNI is OFF
08-06 03:43:22.258 12055 12055 D ICU     : No timezone override file found: /data/misc/zoneinfo/current/icu/icu_tzdata.dat
08-06 03:43:22.303 12055 12055 I Radio-JNI: register_android_hardware_Radio DONE
08-06 03:43:22.332 12055 12055 D AndroidRuntime: Calling main entry com.android.commands.input.Input
08-06 03:43:22.334 12055 12055 I Input   : injectMotionEvent: MotionEvent { action=ACTION_DOWN, actionButton=0, id[0]=0, x[0]=553.0, y[0]=442.0, toolType[0]=TOOL_TYPE_UNKNOWN, buttonState=0, metaState=0, flags=0x0, edgeFlags=0x0, pointerCount=1, historySize=0, eventTime=848618746, downTime=848618746, deviceId=0, source=0x1002 }
08-06 03:43:22.340 12055 12055 I Input   : injectMotionEvent: MotionEvent { action=ACTION_UP, actionButton=0, id[0]=0, x[0]=553.0, y[0]=442.0, toolType[0]=TOOL_TYPE_UNKNOWN, buttonState=0, metaState=0, flags=0x0, edgeFlags=0x0, pointerCount=1, historySize=0, eventTime=848618746, downTime=848618746, deviceId=0, source=0x1002 }
08-06 03:43:22.342 12055 12055 D AndroidRuntime: Shutting down VM
08-06 03:43:22.411   918  3670 I ActivityManager: START u0 {cmp=baseline.com.newsblur/.activity.AllSharedStoriesItemsList (has extras)} from uid 10698 on display 0
08-06 03:43:22.432  6649  6649 I ServiceManager: Waiting for service AtCmdFwd...
08-06 03:43:22.433  1142 10680 I baseline.com.newsblur.database.BlurDatabaseHelper: reading session reset
08-06 03:43:22.531  1142 11214 I art     : Starting a blocking GC Explicit
08-06 03:43:22.584  1142 11214 I art     : Explicit concurrent mark sweep GC freed 3752(306KB) AllocSpace objects, 6(212KB) LOS objects, 29% free, 38MB/54MB, paused 1.711ms total 53.407ms
08-06 03:43:22.597  1142 11214 I art     : Starting a blocking GC Explicit
08-06 03:43:22.628  1142  1142 W View    : requestLayout() improperly called by android.widget.FrameLayout{a599fe1 V.E...... ......ID 0,0-1440,0 #7f07003f app:id/footer_view_inner} during layout: running second layout pass
08-06 03:43:22.628  1142  1142 W View    : requestLayout() improperly called by android.widget.FrameLayout{fe5d106 V.E...... ......ID 0,0-1440,2091 #7f07003f app:id/footer_view_inner} during layout: running second layout pass
08-06 03:43:22.642  1142 11214 I art     : Explicit concurrent mark sweep GC freed 861(75KB) AllocSpace objects, 2(40KB) LOS objects, 29% free, 38MB/54MB, paused 1.549ms total 44.141ms
08-06 03:43:22.645   918   936 I ActivityManager: Displayed baseline.com.newsblur/.activity.AllSharedStoriesItemsList: +226ms
08-06 03:43:22.649 13866 13866 I GoogleInputMethodServic: GoogleInputMethodService.onFinishInput():3138 
08-06 03:43:22.650 13866 13866 I GoogleInputMethodServic: GoogleInputMethodService.onStartInput():1808 
08-06 03:43:22.654  1142 11214 I art     : Starting a blocking GC Explicit
08-06 03:43:22.702  1142 11214 I art     : Explicit concurrent mark sweep GC freed 1204(90KB) AllocSpace objects, 7(140KB) LOS objects, 29% free, 38MB/54MB, paused 2.007ms total 48.141ms
08-06 03:43:22.715  1142 11214 I art     : Starting a blocking GC Explicit
08-06 03:43:22.765  1142 11214 I art     : Explicit concurrent mark sweep GC freed 514(27KB) AllocSpace objects, 0(0B) LOS objects, 29% free, 38MB/54MB, paused 1.546ms total 49.265ms
08-06 03:43:22.778  1142 11214 I art     : Starting a blocking GC Explicit
08-06 03:43:22.821  1142 12089 I NAPPA_EXPERIMENTATION: MetricNetworkRequestExecutionTime: REQUEST_DURATION_SYSTEM='119',REQUEST_DURATION_OKHTTP='118',REQUEST_SYNCHRONOUS='TRUE',RESPONSE_CODE='200',RESPONSE_METHOD='GET',RESPONSE_LENGTH_OKHTTP='43',RESPONSE_LENGTH_HEADER='43',REQUEST_PROTOCOL='http/1.1',REQUEST_URL='http://feeds.feedburner.com/~r/retort/~4/UffaFMiJbNs',
08-06 03:43:22.823  1142 11214 I art     : Explicit concurrent mark sweep GC freed 143(10KB) AllocSpace objects, 0(0B) LOS objects, 29% free, 38MB/54MB, paused 1.418ms total 44.980ms
08-06 03:43:22.923  1142 10900 I NAPPA_EXPERIMENTATION: MetricNetworkRequestExecutionTime: REQUEST_DURATION_SYSTEM='204',REQUEST_DURATION_OKHTTP='203',REQUEST_SYNCHRONOUS='TRUE',RESPONSE_CODE='200',RESPONSE_METHOD='GET',RESPONSE_LENGTH_OKHTTP='56376',RESPONSE_LENGTH_HEADER='56376',REQUEST_PROTOCOL='h2',REQUEST_URL='https://images.fastcompany.net/image/upload/w_1280,q_auto,f_auto,fl_lossy/wp-cms/uploads/2020/07/p-1-quit-after-covid.jpg',
08-06 03:43:23.161  1142  1154 I art     : Starting a blocking GC Explicit
08-06 03:43:23.213  1142  1154 I art     : Explicit concurrent mark sweep GC freed 2511(178KB) AllocSpace objects, 7(3MB) LOS objects, 28% free, 40MB/56MB, paused 1.516ms total 51.245ms
08-06 03:43:23.227  1142  1154 I art     : Starting a blocking GC Explicit
08-06 03:43:23.276  1142  1154 I art     : Explicit concurrent mark sweep GC freed 75(2816B) AllocSpace objects, 0(0B) LOS objects, 28% free, 40MB/56MB, paused 1.401ms total 48.733ms
08-06 03:43:23.289  1142  1154 I art     : Starting a blocking GC Explicit
08-06 03:43:23.337  1142  1154 I art     : Explicit concurrent mark sweep GC freed 7(224B) AllocSpace objects, 0(0B) LOS objects, 28% free, 40MB/56MB, paused 1.530ms total 47.522ms
08-06 03:43:23.351  1142  1154 I art     : Starting a blocking GC Explicit
08-06 03:43:23.399  1142  1154 I art     : Explicit concurrent mark sweep GC freed 7(224B) AllocSpace objects, 0(0B) LOS objects, 28% free, 40MB/56MB, paused 1.441ms total 48.522ms
08-06 03:43:23.413  1142  1154 I art     : Starting a blocking GC Explicit
08-06 03:43:23.432  6649  6649 I ServiceManager: Waiting for service AtCmdFwd...
08-06 03:43:23.459  1142  1154 I art     : Explicit concurrent mark sweep GC freed 6(192B) AllocSpace objects, 0(0B) LOS objects, 28% free, 40MB/56MB, paused 1.437ms total 46.030ms
08-06 03:43:23.824  1142 11214 I art     : Starting a blocking GC Explicit
08-06 03:43:23.878  1142 11214 I art     : Explicit concurrent mark sweep GC freed 1478(84KB) AllocSpace objects, 1(20KB) LOS objects, 28% free, 40MB/56MB, paused 1.746ms total 54.055ms
08-06 03:43:23.893  1142 11214 I art     : Starting a blocking GC Explicit
08-06 03:43:23.944  1142 11214 I art     : Explicit concurrent mark sweep GC freed 34(1168B) AllocSpace objects, 0(0B) LOS objects, 28% free, 40MB/56MB, paused 1.647ms total 50.170ms
08-06 03:43:23.958  1142 11214 I art     : Starting a blocking GC Explicit
08-06 03:43:24.012  1142 11214 I art     : Explicit concurrent mark sweep GC freed 15(480B) AllocSpace objects, 0(0B) LOS objects, 28% free, 40MB/56MB, paused 1.597ms total 53.497ms
08-06 03:43:24.026  1142 11214 I art     : Starting a blocking GC Explicit
08-06 03:43:24.079  1142 11214 I art     : Explicit concurrent mark sweep GC freed 12(384B) AllocSpace objects, 0(0B) LOS objects, 28% free, 40MB/56MB, paused 1.567ms total 53.108ms
08-06 03:43:24.095  1142 11214 I art     : Starting a blocking GC Explicit
08-06 03:43:24.146  1142 11214 I art     : Explicit concurrent mark sweep GC freed 7(224B) AllocSpace objects, 0(0B) LOS objects, 28% free, 40MB/56MB, paused 1.487ms total 50.745ms
08-06 03:43:24.433  6649  6649 I ServiceManager: Waiting for service AtCmdFwd...
08-06 03:43:24.525  1142  1153 I art     : Starting a blocking GC Explicit
08-06 03:43:24.579  1142  1153 I art     : Explicit concurrent mark sweep GC freed 1636(92KB) AllocSpace objects, 1(20KB) LOS objects, 28% free, 40MB/56MB, paused 1.671ms total 53.740ms
08-06 03:43:24.593  1142  1153 I art     : Starting a blocking GC Explicit
08-06 03:43:24.644  1142  1153 I art     : Explicit concurrent mark sweep GC freed 32(1168B) AllocSpace objects, 0(0B) LOS objects, 28% free, 40MB/56MB, paused 1.574ms total 50.650ms
08-06 03:43:24.657  1142  1153 I art     : Starting a blocking GC Explicit
08-06 03:43:24.708  1142  1153 I art     : Explicit concurrent mark sweep GC freed 7(224B) AllocSpace objects, 0(0B) LOS objects, 28% free, 40MB/56MB, paused 1.507ms total 50.958ms
08-06 03:43:24.722  1142  1153 I art     : Starting a blocking GC Explicit
08-06 03:43:24.770  1142  1153 I art     : Explicit concurrent mark sweep GC freed 1661(65KB) AllocSpace objects, 0(0B) LOS objects, 28% free, 40MB/56MB, paused 1.482ms total 47.917ms
08-06 03:43:24.784  1142  1153 I art     : Starting a blocking GC Explicit
08-06 03:43:24.799  1142 11533 E baseline.com.newsblur.network.APIResponse: Error (unexpected end of stream on https://www.newsblur.com/...) calling https://www.newsblur.com/reader/mark_story_hashes_as_read/
08-06 03:43:24.799  1142 11533 E baseline.com.newsblur.network.APIResponse: java.io.IOException: unexpected end of stream on https://www.newsblur.com/...
08-06 03:43:24.799  1142 11533 E baseline.com.newsblur.network.APIResponse: 	at okhttp3.internal.http1.Http1ExchangeCodec.readResponseHeaders(Http1ExchangeCodec.java:236)
08-06 03:43:24.799  1142 11533 E baseline.com.newsblur.network.APIResponse: 	at okhttp3.internal.connection.Exchange.readResponseHeaders(Exchange.java:115)
08-06 03:43:24.799  1142 11533 E baseline.com.newsblur.network.APIResponse: 	at okhttp3.internal.http.CallServerInterceptor.intercept(CallServerInterceptor.java:94)
08-06 03:43:24.799  1142 11533 E baseline.com.newsblur.network.APIResponse: 	at okhttp3.internal.http.RealInterceptorChain.proceed(RealInterceptorChain.java:142)
08-06 03:43:24.799  1142 11533 E baseline.com.newsblur.network.APIResponse: 	at okhttp3.internal.connection.ConnectInterceptor.intercept(ConnectInterceptor.java:43)
08-06 03:43:24.799  1142 11533 E baseline.com.newsblur.network.APIResponse: 	at okhttp3.internal.http.RealInterceptorChain.proceed(RealInterceptorChain.java:142)
08-06 03:43:24.799  1142 11533 E baseline.com.newsblur.network.APIResponse: 	at okhttp3.internal.http.RealInterceptorChain.proceed(RealInterceptorChain.java:117)
08-06 03:43:24.799  1142 11533 E baseline.com.newsblur.network.APIResponse: 	at okhttp3.internal.cache.CacheInterceptor.intercept(CacheInterceptor.java:94)
08-06 03:43:24.799  1142 11533 E baseline.com.newsblur.network.APIResponse: 	at okhttp3.internal.http.RealInterceptorChain.proceed(RealInterceptorChain.java:142)
08-06 03:43:24.799  1142 11533 E baseline.com.newsblur.network.APIResponse: 	at okhttp3.internal.http.RealInterceptorChain.proceed(RealInterceptorChain.java:117)
08-06 03:43:24.799  1142 11533 E baseline.com.newsblur.network.APIResponse: 	at okhttp3.internal.http.BridgeInterceptor.intercept(BridgeInterceptor.java:93)
08-06 03:43:24.799  1142 11533 E baseline.com.newsblur.network.APIResponse: 	at okhttp3.internal.http.RealInterceptorChain.proceed(RealInterceptorChain.java:142)
08-06 03:43:24.799  1142 11533 E baseline.com.newsblur.network.APIResponse: 	at okhttp3.internal.http.RetryAndFollowUpInterceptor.intercept(RetryAndFollowUpInterceptor.java:88)
08-06 03:43:24.799  1142 11533 E baseline.com.newsblur.network.APIResponse: 	at okhttp3.internal.http.RealInterceptorChain.proceed(RealInterceptorChain.java:142)
08-06 03:43:24.799  1142 11533 E baseline.com.newsblur.network.APIResponse: 	at okhttp3.internal.http.RealInterceptorChain.proceed(RealInterceptorChain.java:117)
08-06 03:43:24.799  1142 11533 E baseline.com.newsblur.network.APIResponse: 	at okhttp3.RealCall.getResponseWithInterceptorChain(RealCall.java:229)
08-06 03:43:24.799  1142 11533 E baseline.com.newsblur.network.APIResponse: 	at okhttp3.RealCall.execute(RealCall.java:81)
08-06 03:43:24.799  1142 11533 E baseline.com.newsblur.network.APIResponse: 	at baseline.com.newsblur.network.APIResponse.<init>(APIResponse.java:57)
08-06 03:43:24.799  1142 11533 E baseline.com.newsblur.network.APIResponse: 	at baseline.com.newsblur.network.APIResponse.<init>(APIResponse.java:43)
08-06 03:43:24.799  1142 11533 E baseline.com.newsblur.network.APIResponse: 	at baseline.com.newsblur.network.APIManager.post_single(APIManager.java:702)
08-06 03:43:24.799  1142 11533 E baseline.com.newsblur.network.APIResponse: 	at baseline.com.newsblur.network.APIManager.post(APIManager.java:675)
08-06 03:43:24.799  1142 11533 E baseline.com.newsblur.network.APIResponse: 	at baseline.com.newsblur.network.APIManager.post(APIManager.java:714)
08-06 03:43:24.799  1142 11533 E baseline.com.newsblur.network.APIResponse: 	at baseline.com.newsblur.network.APIManager.markStoryAsRead(APIManager.java:205)
08-06 03:43:24.799  1142 11533 E baseline.com.newsblur.network.APIResponse: 	at baseline.com.newsblur.util.ReadingAction.doRemote(ReadingAction.java:281)
08-06 03:43:24.799  1142 11533 E baseline.com.newsblur.network.APIResponse: 	at baseline.com.newsblur.service.NBSyncService.syncActions(NBSyncService.java:400)
08-06 03:43:24.799  1142 11533 E baseline.com.newsblur.network.APIResponse: 	at baseline.com.newsblur.service.NBSyncService.doSync(NBSyncService.java:298)
08-06 03:43:24.799  1142 11533 E baseline.com.newsblur.network.APIResponse: 	at baseline.com.newsblur.service.NBSyncService.access$100(NBSyncService.java:67)
08-06 03:43:24.799  1142 11533 E baseline.com.newsblur.network.APIResponse: 	at baseline.com.newsblur.service.NBSyncService$1.run(NBSyncService.java:188)
08-06 03:43:24.799  1142 11533 E baseline.com.newsblur.network.APIResponse: 	at java.util.concurrent.ThreadPoolExecutor.runWorker(ThreadPoolExecutor.java:1113)
08-06 03:43:24.799  1142 11533 E baseline.com.newsblur.network.APIResponse: 	at java.util.concurrent.ThreadPoolExecutor$Worker.run(ThreadPoolExecutor.java:588)
08-06 03:43:24.799  1142 11533 E baseline.com.newsblur.network.APIResponse: 	at java.lang.Thread.run(Thread.java:818)
08-06 03:43:24.799  1142 11533 E baseline.com.newsblur.network.APIResponse: Caused by: java.io.EOFException: \n not found: limit=0 content=
08-06 03:43:24.799  1142 11533 E baseline.com.newsblur.network.APIResponse: 	at okio.RealBufferedSource.readUtf8LineStrict(RealBufferedSource.java:240)
08-06 03:43:24.799  1142 11533 E baseline.com.newsblur.network.APIResponse: 	at okhttp3.internal.http1.Http1ExchangeCodec.readHeaderLine(Http1ExchangeCodec.java:242)
08-06 03:43:24.799  1142 11533 E baseline.com.newsblur.network.APIResponse: 	at okhttp3.internal.http1.Http1ExchangeCodec.readResponseHeaders(Http1ExchangeCodec.java:213)
08-06 03:43:24.799  1142 11533 E baseline.com.newsblur.network.APIResponse: 	... 30 more
08-06 03:43:24.801  1142 11533 I baseline.com.newsblur.service.NBSyncService: Holding reading action with server-side or network error.
08-06 03:43:24.818  1142 11533 W baseline.com.newsblur.service.NBSyncService: hard API failure
08-06 03:43:24.826  1142 11533 I baseline.com.newsblur.service.NBSyncService: recounting dirty feed sets: 1
08-06 03:43:24.833  1142  1153 I art     : Explicit concurrent mark sweep GC freed 1575(270KB) AllocSpace objects, 4(80KB) LOS objects, 28% free, 40MB/56MB, paused 1.691ms total 49.468ms
08-06 03:43:25.219  1142 11214 I art     : Starting a blocking GC Explicit
08-06 03:43:25.270  1142 11214 I art     : Explicit concurrent mark sweep GC freed 1856(113KB) AllocSpace objects, 1(20KB) LOS objects, 28% free, 40MB/56MB, paused 1.399ms total 50.584ms
08-06 03:43:25.283  1142 11214 I art     : Starting a blocking GC Explicit
08-06 03:43:25.334  1142 11214 I art     : Explicit concurrent mark sweep GC freed 69(2416B) AllocSpace objects, 0(0B) LOS objects, 28% free, 40MB/56MB, paused 1.469ms total 50.518ms
08-06 03:43:25.347  1142 11214 I art     : Starting a blocking GC Explicit
08-06 03:43:25.398  1142 11214 I art     : Explicit concurrent mark sweep GC freed 1662(65KB) AllocSpace objects, 0(0B) LOS objects, 28% free, 40MB/56MB, paused 1.728ms total 50.118ms
08-06 03:43:25.406  1142 11533 E baseline.com.newsblur.network.APIResponse: Error (unexpected end of stream on https://www.newsblur.com/...) calling https://www.newsblur.com/reader/feed_unread_count?feed_id=0
08-06 03:43:25.406  1142 11533 E baseline.com.newsblur.network.APIResponse: java.io.IOException: unexpected end of stream on https://www.newsblur.com/...
08-06 03:43:25.406  1142 11533 E baseline.com.newsblur.network.APIResponse: 	at okhttp3.internal.http1.Http1ExchangeCodec.readResponseHeaders(Http1ExchangeCodec.java:236)
08-06 03:43:25.406  1142 11533 E baseline.com.newsblur.network.APIResponse: 	at okhttp3.internal.connection.Exchange.readResponseHeaders(Exchange.java:115)
08-06 03:43:25.406  1142 11533 E baseline.com.newsblur.network.APIResponse: 	at okhttp3.internal.http.CallServerInterceptor.intercept(CallServerInterceptor.java:94)
08-06 03:43:25.406  1142 11533 E baseline.com.newsblur.network.APIResponse: 	at okhttp3.internal.http.RealInterceptorChain.proceed(RealInterceptorChain.java:142)
08-06 03:43:25.406  1142 11533 E baseline.com.newsblur.network.APIResponse: 	at okhttp3.internal.connection.ConnectInterceptor.intercept(ConnectInterceptor.java:43)
08-06 03:43:25.406  1142 11533 E baseline.com.newsblur.network.APIResponse: 	at okhttp3.internal.http.RealInterceptorChain.proceed(RealInterceptorChain.java:142)
08-06 03:43:25.406  1142 11533 E baseline.com.newsblur.network.APIResponse: 	at okhttp3.internal.http.RealInterceptorChain.proceed(RealInterceptorChain.java:117)
08-06 03:43:25.406  1142 11533 E baseline.com.newsblur.network.APIResponse: 	at okhttp3.internal.cache.CacheInterceptor.intercept(CacheInterceptor.java:94)
08-06 03:43:25.406  1142 11533 E baseline.com.newsblur.network.APIResponse: 	at okhttp3.internal.http.RealInterceptorChain.proceed(RealInterceptorChain.java:142)
08-06 03:43:25.406  1142 11533 E baseline.com.newsblur.network.APIResponse: 	at okhttp3.internal.http.RealInterceptorChain.proceed(RealInterceptorChain.java:117)
08-06 03:43:25.406  1142 11533 E baseline.com.newsblur.network.APIResponse: 	at okhttp3.internal.http.BridgeInterceptor.intercept(BridgeInterceptor.java:93)
08-06 03:43:25.406  1142 11533 E baseline.com.newsblur.network.APIResponse: 	at okhttp3.internal.http.RealInterceptorChain.proceed(RealInterceptorChain.java:142)
08-06 03:43:25.406  1142 11533 E baseline.com.newsblur.network.APIResponse: 	at okhttp3.internal.http.RetryAndFollowUpInterceptor.intercept(RetryAndFollowUpInterceptor.java:88)
08-06 03:43:25.406  1142 11533 E baseline.com.newsblur.network.APIResponse: 	at okhttp3.internal.http.RealInterceptorChain.proceed(RealInterceptorChain.java:142)
08-06 03:43:25.406  1142 11533 E baseline.com.newsblur.network.APIResponse: 	at okhttp3.internal.http.RealInterceptorChain.proceed(RealInterceptorChain.java:117)
08-06 03:43:25.406  1142 11533 E baseline.com.newsblur.network.APIResponse: 	at okhttp3.RealCall.getResponseWithInterceptorChain(RealCall.java:229)
08-06 03:43:25.406  1142 11533 E baseline.com.newsblur.network.APIResponse: 	at okhttp3.RealCall.execute(RealCall.java:81)
08-06 03:43:25.406  1142 11533 E baseline.com.newsblur.network.APIResponse: 	at baseline.com.newsblur.network.APIResponse.<init>(APIResponse.java:57)
08-06 03:43:25.406  1142 11533 E baseline.com.newsblur.network.APIResponse: 	at baseline.com.newsblur.network.APIManager.get_single(APIManager.java:639)
08-06 03:43:25.406  1142 11533 E baseline.com.newsblur.network.APIResponse: 	at baseline.com.newsblur.network.APIManager.get(APIManager.java:625)
08-06 03:43:25.406  1142 11533 E baseline.com.newsblur.network.APIResponse: 	at baseline.com.newsblur.network.APIManager.get(APIManager.java:667)
08-06 03:43:25.406  1142 11533 E baseline.com.newsblur.network.APIResponse: 	at baseline.com.newsblur.network.APIManager.getFeedUnreadCounts(APIManager.java:274)
08-06 03:43:25.406  1142 11533 E baseline.com.newsblur.network.APIResponse: 	at baseline.com.newsblur.service.NBSyncService.checkRecounts(NBSyncService.java:660)
08-06 03:43:25.406  1142 11533 E baseline.com.newsblur.network.APIResponse: 	at baseline.com.newsblur.service.NBSyncService.doSync(NBSyncService.java:310)
08-06 03:43:25.406  1142 11533 E baseline.com.newsblur.network.APIResponse: 	at baseline.com.newsblur.service.NBSyncService.access$100(NBSyncService.java:67)
08-06 03:43:25.406  1142 11533 E baseline.com.newsblur.network.APIResponse: 	at baseline.com.newsblur.service.NBSyncService$1.run(NBSyncService.java:188)
08-06 03:43:25.406  1142 11533 E baseline.com.newsblur.network.APIResponse: 	at java.util.concurrent.ThreadPoolExecutor.runWorker(ThreadPoolExecutor.java:1113)
08-06 03:43:25.406  1142 11533 E baseline.com.newsblur.network.APIResponse: 	at java.util.concurrent.ThreadPoolExecutor$Worker.run(ThreadPoolExecutor.java:588)
08-06 03:43:25.406  1142 11533 E baseline.com.newsblur.network.APIResponse: 	at java.lang.Thread.run(Thread.java:818)
08-06 03:43:25.406  1142 11533 E baseline.com.newsblur.network.APIResponse: Caused by: java.io.EOFException: \n not found: limit=0 content=
08-06 03:43:25.406  1142 11533 E baseline.com.newsblur.network.APIResponse: 	at okio.RealBufferedSource.readUtf8LineStrict(RealBufferedSource.java:240)
08-06 03:43:25.406  1142 11533 E baseline.com.newsblur.network.APIResponse: 	at okhttp3.internal.http1.Http1ExchangeCodec.readHeaderLine(Http1ExchangeCodec.java:242)
08-06 03:43:25.406  1142 11533 E baseline.com.newsblur.network.APIResponse: 	at okhttp3.internal.http1.Http1ExchangeCodec.readResponseHeaders(Http1ExchangeCodec.java:213)
08-06 03:43:25.406  1142 11533 E baseline.com.newsblur.network.APIResponse: 	... 28 more
08-06 03:43:25.408  1142 11533 I baseline.com.newsblur.network.APIManager: API call failed, pausing before retry number 1
08-06 03:43:25.411  1142 11214 I art     : Starting a blocking GC Explicit
08-06 03:43:25.433  6649  6649 I ServiceManager: Waiting for service AtCmdFwd...
08-06 03:43:25.463  1142 11214 I art     : Explicit concurrent mark sweep GC freed 894(210KB) AllocSpace objects, 2(40KB) LOS objects, 28% free, 40MB/56MB, paused 1.513ms total 51.866ms
08-06 03:43:25.477  1142 11214 I art     : Starting a blocking GC Explicit
08-06 03:43:25.528  1142 11214 I art     : Explicit concurrent mark sweep GC freed 55(2080B) AllocSpace objects, 0(0B) LOS objects, 28% free, 40MB/56MB, paused 1.546ms total 50.407ms
08-06 03:43:25.719   918  3188 I hubconnection: sensorhub said: 'set_bias 3: -5.7600, 0.0000, 0.0000'
08-06 03:43:25.906  1142  1154 I art     : Starting a blocking GC Explicit
08-06 03:43:25.959  1142  1154 I art     : Explicit concurrent mark sweep GC freed 1471(84KB) AllocSpace objects, 1(20KB) LOS objects, 28% free, 40MB/56MB, paused 1.408ms total 52.516ms
08-06 03:43:25.973  1142  1154 I art     : Starting a blocking GC Explicit
08-06 03:43:26.024  1142  1154 I art     : Explicit concurrent mark sweep GC freed 26(912B) AllocSpace objects, 0(0B) LOS objects, 28% free, 40MB/56MB, paused 1.392ms total 50.569ms
08-06 03:43:26.038  1142  1154 I art     : Starting a blocking GC Explicit
08-06 03:43:26.088  1142  1154 I art     : Explicit concurrent mark sweep GC freed 7(224B) AllocSpace objects, 0(0B) LOS objects, 28% free, 40MB/56MB, paused 1.476ms total 49.813ms
08-06 03:43:26.101  1142  1154 I art     : Starting a blocking GC Explicit
08-06 03:43:26.152  1142  1154 I art     : Explicit concurrent mark sweep GC freed 6(192B) AllocSpace objects, 0(0B) LOS objects, 28% free, 40MB/56MB, paused 1.483ms total 50.808ms
08-06 03:43:26.166  1142  1154 I art     : Starting a blocking GC Explicit
08-06 03:43:26.216  1142  1154 I art     : Explicit concurrent mark sweep GC freed 7(224B) AllocSpace objects, 0(0B) LOS objects, 28% free, 40MB/56MB, paused 1.382ms total 49.783ms
08-06 03:43:26.433  6649  6649 W Atfwd_Sendcmd: AtCmdFwd service not published, waiting... retryCnt : 5
08-06 03:43:26.622  1142 11214 I art     : Starting a blocking GC Explicit
08-06 03:43:26.674  1142 11214 I art     : Explicit concurrent mark sweep GC freed 1472(83KB) AllocSpace objects, 1(20KB) LOS objects, 28% free, 40MB/56MB, paused 1.453ms total 52.068ms
08-06 03:43:26.688  1142 11214 I art     : Starting a blocking GC Explicit
08-06 03:43:26.739  1142 11214 I art     : Explicit concurrent mark sweep GC freed 26(912B) AllocSpace objects, 0(0B) LOS objects, 28% free, 40MB/56MB, paused 1.403ms total 51.681ms
08-06 03:43:26.753  1142 11214 I art     : Starting a blocking GC Explicit
08-06 03:43:26.804  1142 11214 I art     : Explicit concurrent mark sweep GC freed 7(224B) AllocSpace objects, 0(0B) LOS objects, 28% free, 40MB/56MB, paused 1.386ms total 51.100ms
08-06 03:43:26.818  1142 11214 I art     : Starting a blocking GC Explicit
08-06 03:43:26.869  1142 11214 I art     : Explicit concurrent mark sweep GC freed 6(192B) AllocSpace objects, 0(0B) LOS objects, 28% free, 40MB/56MB, paused 1.372ms total 50.683ms
08-06 03:43:26.883  1142 11214 I art     : Starting a blocking GC Explicit
08-06 03:43:26.933  1142 11214 I art     : Explicit concurrent mark sweep GC freed 100(3KB) AllocSpace objects, 0(0B) LOS objects, 28% free, 40MB/56MB, paused 1.504ms total 49.804ms
08-06 03:43:27.322  1142 10856 I art     : Starting a blocking GC Explicit
08-06 03:43:27.375  1142 10856 I art     : Explicit concurrent mark sweep GC freed 1552(89KB) AllocSpace objects, 1(20KB) LOS objects, 28% free, 40MB/56MB, paused 1.452ms total 52.958ms
08-06 03:43:27.389  1142 10856 I art     : Starting a blocking GC Explicit
08-06 03:43:27.440  1142 10856 I art     : Explicit concurrent mark sweep GC freed 1680(65KB) AllocSpace objects, 0(0B) LOS objects, 28% free, 40MB/56MB, paused 1.481ms total 50.506ms
08-06 03:43:27.453  1142 10856 I art     : Starting a blocking GC Explicit
08-06 03:43:27.464  1142 11533 E baseline.com.newsblur.network.APIResponse: Error (unexpected end of stream on https://www.newsblur.com/...) calling https://www.newsblur.com/reader/feed_unread_count?feed_id=0
08-06 03:43:27.464  1142 11533 E baseline.com.newsblur.network.APIResponse: java.io.IOException: unexpected end of stream on https://www.newsblur.com/...
08-06 03:43:27.464  1142 11533 E baseline.com.newsblur.network.APIResponse: 	at okhttp3.internal.http1.Http1ExchangeCodec.readResponseHeaders(Http1ExchangeCodec.java:236)
08-06 03:43:27.464  1142 11533 E baseline.com.newsblur.network.APIResponse: 	at okhttp3.internal.connection.Exchange.readResponseHeaders(Exchange.java:115)
08-06 03:43:27.464  1142 11533 E baseline.com.newsblur.network.APIResponse: 	at okhttp3.internal.http.CallServerInterceptor.intercept(CallServerInterceptor.java:94)
08-06 03:43:27.464  1142 11533 E baseline.com.newsblur.network.APIResponse: 	at okhttp3.internal.http.RealInterceptorChain.proceed(RealInterceptorChain.java:142)
08-06 03:43:27.464  1142 11533 E baseline.com.newsblur.network.APIResponse: 	at okhttp3.internal.connection.ConnectInterceptor.intercept(ConnectInterceptor.java:43)
08-06 03:43:27.464  1142 11533 E baseline.com.newsblur.network.APIResponse: 	at okhttp3.internal.http.RealInterceptorChain.proceed(RealInterceptorChain.java:142)
08-06 03:43:27.464  1142 11533 E baseline.com.newsblur.network.APIResponse: 	at okhttp3.internal.http.RealInterceptorChain.proceed(RealInterceptorChain.java:117)
08-06 03:43:27.464  1142 11533 E baseline.com.newsblur.network.APIResponse: 	at okhttp3.internal.cache.CacheInterceptor.intercept(CacheInterceptor.java:94)
08-06 03:43:27.464  1142 11533 E baseline.com.newsblur.network.APIResponse: 	at okhttp3.internal.http.RealInterceptorChain.proceed(RealInterceptorChain.java:142)
08-06 03:43:27.464  1142 11533 E baseline.com.newsblur.network.APIResponse: 	at okhttp3.internal.http.RealInterceptorChain.proceed(RealInterceptorChain.java:117)
08-06 03:43:27.464  1142 11533 E baseline.com.newsblur.network.APIResponse: 	at okhttp3.internal.http.BridgeInterceptor.intercept(BridgeInterceptor.java:93)
08-06 03:43:27.464  1142 11533 E baseline.com.newsblur.network.APIResponse: 	at okhttp3.internal.http.RealInterceptorChain.proceed(RealInterceptorChain.java:142)
08-06 03:43:27.464  1142 11533 E baseline.com.newsblur.network.APIResponse: 	at okhttp3.internal.http.RetryAndFollowUpInterceptor.intercept(RetryAndFollowUpInterceptor.java:88)
08-06 03:43:27.464  1142 11533 E baseline.com.newsblur.network.APIResponse: 	at okhttp3.internal.http.RealInterceptorChain.proceed(RealInterceptorChain.java:142)
08-06 03:43:27.464  1142 11533 E baseline.com.newsblur.network.APIResponse: 	at okhttp3.internal.http.RealInterceptorChain.proceed(RealInterceptorChain.java:117)
08-06 03:43:27.464  1142 11533 E baseline.com.newsblur.network.APIResponse: 	at okhttp3.RealCall.getResponseWithInterceptorChain(RealCall.java:229)
08-06 03:43:27.464  1142 11533 E baseline.com.newsblur.network.APIResponse: 	at okhttp3.RealCall.execute(RealCall.java:81)
08-06 03:43:27.464  1142 11533 E baseline.com.newsblur.network.APIResponse: 	at baseline.com.newsblur.network.APIResponse.<init>(APIResponse.java:57)
08-06 03:43:27.464  1142 11533 E baseline.com.newsblur.network.APIResponse: 	at baseline.com.newsblur.network.APIManager.get_single(APIManager.java:639)
08-06 03:43:27.464  1142 11533 E baseline.com.newsblur.network.APIResponse: 	at baseline.com.newsblur.network.APIManager.get(APIManager.java:625)
08-06 03:43:27.464  1142 11533 E baseline.com.newsblur.network.APIResponse: 	at baseline.com.newsblur.network.APIManager.get(APIManager.java:667)
08-06 03:43:27.464  1142 11533 E baseline.com.newsblur.network.APIResponse: 	at baseline.com.newsblur.network.APIManager.getFeedUnreadCounts(APIManager.java:274)
08-06 03:43:27.464  1142 11533 E baseline.com.newsblur.network.APIResponse: 	at baseline.com.newsblur.service.NBSyncService.checkRecounts(NBSyncService.java:660)
08-06 03:43:27.464  1142 11533 E baseline.com.newsblur.network.APIResponse: 	at baseline.com.newsblur.service.NBSyncService.doSync(NBSyncService.java:310)
08-06 03:43:27.464  1142 11533 E baseline.com.newsblur.network.APIResponse: 	at baseline.com.newsblur.service.NBSyncService.access$100(NBSyncService.java:67)
08-06 03:43:27.464  1142 11533 E baseline.com.newsblur.network.APIResponse: 	at baseline.com.newsblur.service.NBSyncService$1.run(NBSyncService.java:188)
08-06 03:43:27.464  1142 11533 E baseline.com.newsblur.network.APIResponse: 	at java.util.concurrent.ThreadPoolExecutor.runWorker(ThreadPoolExecutor.java:1113)
08-06 03:43:27.464  1142 11533 E baseline.com.newsblur.network.APIResponse: 	at java.util.concurrent.ThreadPoolExecutor$Worker.run(ThreadPoolExecutor.java:588)
08-06 03:43:27.464  1142 11533 E baseline.com.newsblur.network.APIResponse: 	at java.lang.Thread.run(Thread.java:818)
08-06 03:43:27.464  1142 11533 E baseline.com.newsblur.network.APIResponse: Caused by: java.io.EOFException: \n not found: limit=0 content=
08-06 03:43:27.464  1142 11533 E baseline.com.newsblur.network.APIResponse: 	at okio.RealBufferedSource.readUtf8LineStrict(RealBufferedSource.java:240)
08-06 03:43:27.464  1142 11533 E baseline.com.newsblur.network.APIResponse: 	at okhttp3.internal.http1.Http1ExchangeCodec.readHeaderLine(Http1ExchangeCodec.java:242)
08-06 03:43:27.464  1142 11533 E baseline.com.newsblur.network.APIResponse: 	at okhttp3.internal.http1.Http1ExchangeCodec.readResponseHeaders(Http1ExchangeCodec.java:213)
08-06 03:43:27.464  1142 11533 E baseline.com.newsblur.network.APIResponse: 	... 28 more
08-06 03:43:27.465  1142 11533 I baseline.com.newsblur.network.APIManager: API call failed, pausing before retry number 2
08-06 03:43:27.505  1142 10856 I art     : Explicit concurrent mark sweep GC freed 809(194KB) AllocSpace objects, 2(40KB) LOS objects, 28% free, 40MB/56MB, paused 1.414ms total 51.454ms
08-06 03:43:27.519  1142 10856 I art     : Starting a blocking GC Explicit
08-06 03:43:27.569  1142 10856 I art     : Explicit concurrent mark sweep GC freed 118(16KB) AllocSpace objects, 0(0B) LOS objects, 28% free, 40MB/56MB, paused 1.518ms total 49.386ms
08-06 03:43:27.582  1142 10856 I art     : Starting a blocking GC Explicit
08-06 03:43:27.634  1142 10856 I art     : Explicit concurrent mark sweep GC freed 29(960B) AllocSpace objects, 0(0B) LOS objects, 28% free, 40MB/56MB, paused 1.512ms total 51.295ms
08-06 03:43:28.029  1142  1153 I art     : Starting a blocking GC Explicit
08-06 03:43:28.079  1142  1153 I art     : Explicit concurrent mark sweep GC freed 1471(83KB) AllocSpace objects, 1(20KB) LOS objects, 28% free, 40MB/56MB, paused 1.519ms total 50.450ms
08-06 03:43:28.093  1142  1153 I art     : Starting a blocking GC Explicit
08-06 03:43:28.144  1142  1153 I art     : Explicit concurrent mark sweep GC freed 26(912B) AllocSpace objects, 0(0B) LOS objects, 28% free, 40MB/56MB, paused 1.517ms total 50.398ms
08-06 03:43:28.158  1142  1153 I art     : Starting a blocking GC Explicit
08-06 03:43:28.208  1142  1153 I art     : Explicit concurrent mark sweep GC freed 6(192B) AllocSpace objects, 0(0B) LOS objects, 28% free, 40MB/56MB, paused 1.451ms total 50.384ms
08-06 03:43:28.222  1142  1153 I art     : Starting a blocking GC Explicit
08-06 03:43:28.273  1142  1153 I art     : Explicit concurrent mark sweep GC freed 8(256B) AllocSpace objects, 0(0B) LOS objects, 28% free, 40MB/56MB, paused 1.440ms total 50.667ms
08-06 03:43:28.287  1142  1153 I art     : Starting a blocking GC Explicit
08-06 03:43:28.338  1142  1153 I art     : Explicit concurrent mark sweep GC freed 6(192B) AllocSpace objects, 0(0B) LOS objects, 28% free, 40MB/56MB, paused 1.559ms total 50.361ms
08-06 03:43:28.496   918   918 I ActivityManager: Start proc 12173:nappagreedy.com.newsblur/u0a701 for service nappagreedy.com.newsblur/.service.NBSyncService
08-06 03:43:28.496 12173 12173 I art     : Late-enabling -Xcheck:jni
08-06 03:43:28.549 12173 12173 W System  : ClassLoader referenced unknown path: /data/app/nappagreedy.com.newsblur-1/lib/arm64
08-06 03:43:28.697  1142  1153 I art     : Starting a blocking GC Explicit
08-06 03:43:28.747  1142  1153 I art     : Explicit concurrent mark sweep GC freed 1470(84KB) AllocSpace objects, 1(20KB) LOS objects, 28% free, 40MB/56MB, paused 1.506ms total 49.700ms
08-06 03:43:28.760  1142  1153 I art     : Starting a blocking GC Explicit
08-06 03:43:28.811  1142  1153 I art     : Explicit concurrent mark sweep GC freed 26(912B) AllocSpace objects, 0(0B) LOS objects, 28% free, 40MB/56MB, paused 1.396ms total 50.040ms
08-06 03:43:28.824  1142  1153 I art     : Starting a blocking GC Explicit
08-06 03:43:28.876  1142  1153 I art     : Explicit concurrent mark sweep GC freed 7(224B) AllocSpace objects, 0(0B) LOS objects, 28% free, 40MB/56MB, paused 1.405ms total 51.325ms
08-06 03:43:28.890  1142  1153 I art     : Starting a blocking GC Explicit
08-06 03:43:28.939  1142  1153 I art     : Explicit concurrent mark sweep GC freed 6(192B) AllocSpace objects, 0(0B) LOS objects, 28% free, 40MB/56MB, paused 1.584ms total 49.698ms
08-06 03:43:28.953  1142  1153 I art     : Starting a blocking GC Explicit
08-06 03:43:29.004  1142  1153 I art     : Explicit concurrent mark sweep GC freed 7(224B) AllocSpace objects, 0(0B) LOS objects, 28% free, 40MB/56MB, paused 1.364ms total 50.795ms
08-06 03:43:29.388  1142  1154 I art     : Starting a blocking GC Explicit
08-06 03:43:29.441  1142  1154 I art     : Explicit concurrent mark sweep GC freed 1470(83KB) AllocSpace objects, 1(20KB) LOS objects, 28% free, 40MB/56MB, paused 1.450ms total 52.011ms
08-06 03:43:29.455  1142  1154 I art     : Starting a blocking GC Explicit
08-06 03:43:29.506  1142  1154 I art     : Explicit concurrent mark sweep GC freed 25(880B) AllocSpace objects, 0(0B) LOS objects, 28% free, 40MB/56MB, paused 1.442ms total 50.469ms
08-06 03:43:29.520  1142  1154 I art     : Starting a blocking GC Explicit
08-06 03:43:29.569  1142  1154 I art     : Explicit concurrent mark sweep GC freed 7(224B) AllocSpace objects, 0(0B) LOS objects, 28% free, 40MB/56MB, paused 1.553ms total 49.399ms
08-06 03:43:29.583  1142  1154 I art     : Starting a blocking GC Explicit
08-06 03:43:29.634  1142  1154 I art     : Explicit concurrent mark sweep GC freed 7(224B) AllocSpace objects, 0(0B) LOS objects, 28% free, 40MB/56MB, paused 1.514ms total 51.375ms
08-06 03:43:29.648  1142  1154 I art     : Starting a blocking GC Explicit
08-06 03:43:29.697  1142  1154 I art     : Explicit concurrent mark sweep GC freed 7(224B) AllocSpace objects, 0(0B) LOS objects, 28% free, 40MB/56MB, paused 1.526ms total 48.986ms
08-06 03:43:30.087  1142 10856 I art     : Starting a blocking GC Explicit
08-06 03:43:30.141  1142 10856 I art     : Explicit concurrent mark sweep GC freed 1470(83KB) AllocSpace objects, 1(20KB) LOS objects, 28% free, 40MB/56MB, paused 1.413ms total 53.985ms
08-06 03:43:30.154  1142 10856 I art     : Starting a blocking GC Explicit
08-06 03:43:30.208  1142 10856 I art     : Explicit concurrent mark sweep GC freed 25(880B) AllocSpace objects, 0(0B) LOS objects, 28% free, 40MB/56MB, paused 1.598ms total 52.949ms
08-06 03:43:30.221  1142 10856 I art     : Starting a blocking GC Explicit
08-06 03:43:30.272  1142 10856 I art     : Explicit concurrent mark sweep GC freed 7(224B) AllocSpace objects, 0(0B) LOS objects, 28% free, 40MB/56MB, paused 1.339ms total 49.914ms
08-06 03:43:30.285  1142 10856 I art     : Starting a blocking GC Explicit
08-06 03:43:30.336  1142 10856 I art     : Explicit concurrent mark sweep GC freed 7(224B) AllocSpace objects, 0(0B) LOS objects, 28% free, 40MB/56MB, paused 1.505ms total 50.824ms
08-06 03:43:30.350  1142 10856 I art     : Starting a blocking GC Explicit
08-06 03:43:30.401  1142 10856 I art     : Explicit concurrent mark sweep GC freed 7(224B) AllocSpace objects, 0(0B) LOS objects, 28% free, 40MB/56MB, paused 1.536ms total 50.394ms
08-06 03:43:30.807  1142  1154 I art     : Starting a blocking GC Explicit
08-06 03:43:30.861  1142  1154 I art     : Explicit concurrent mark sweep GC freed 1638(92KB) AllocSpace objects, 1(20KB) LOS objects, 28% free, 40MB/56MB, paused 1.510ms total 53.700ms
08-06 03:43:30.874  1142  1154 I art     : Starting a blocking GC Explicit
08-06 03:43:30.926  1142  1154 I art     : Explicit concurrent mark sweep GC freed 32(1168B) AllocSpace objects, 0(0B) LOS objects, 28% free, 40MB/56MB, paused 1.401ms total 51.037ms
08-06 03:43:30.939  1142  1154 I art     : Starting a blocking GC Explicit
08-06 03:43:30.992  1142  1154 I art     : Explicit concurrent mark sweep GC freed 1133(46KB) AllocSpace objects, 0(0B) LOS objects, 28% free, 40MB/56MB, paused 1.796ms total 52.200ms
08-06 03:43:31.006  1142  1154 I art     : Starting a blocking GC Explicit
08-06 03:43:31.040  1142 11533 E baseline.com.newsblur.network.APIResponse: Error (unexpected end of stream on https://www.newsblur.com/...) calling https://www.newsblur.com/reader/feed_unread_count?feed_id=0
08-06 03:43:31.040  1142 11533 E baseline.com.newsblur.network.APIResponse: java.io.IOException: unexpected end of stream on https://www.newsblur.com/...
08-06 03:43:31.040  1142 11533 E baseline.com.newsblur.network.APIResponse: 	at okhttp3.internal.http1.Http1ExchangeCodec.readResponseHeaders(Http1ExchangeCodec.java:236)
08-06 03:43:31.040  1142 11533 E baseline.com.newsblur.network.APIResponse: 	at okhttp3.internal.connection.Exchange.readResponseHeaders(Exchange.java:115)
08-06 03:43:31.040  1142 11533 E baseline.com.newsblur.network.APIResponse: 	at okhttp3.internal.http.CallServerInterceptor.intercept(CallServerInterceptor.java:94)
08-06 03:43:31.040  1142 11533 E baseline.com.newsblur.network.APIResponse: 	at okhttp3.internal.http.RealInterceptorChain.proceed(RealInterceptorChain.java:142)
08-06 03:43:31.040  1142 11533 E baseline.com.newsblur.network.APIResponse: 	at okhttp3.internal.connection.ConnectInterceptor.intercept(ConnectInterceptor.java:43)
08-06 03:43:31.040  1142 11533 E baseline.com.newsblur.network.APIResponse: 	at okhttp3.internal.http.RealInterceptorChain.proceed(RealInterceptorChain.java:142)
08-06 03:43:31.040  1142 11533 E baseline.com.newsblur.network.APIResponse: 	at okhttp3.internal.http.RealInterceptorChain.proceed(RealInterceptorChain.java:117)
08-06 03:43:31.040  1142 11533 E baseline.com.newsblur.network.APIResponse: 	at okhttp3.internal.cache.CacheInterceptor.intercept(CacheInterceptor.java:94)
08-06 03:43:31.040  1142 11533 E baseline.com.newsblur.network.APIResponse: 	at okhttp3.internal.http.RealInterceptorChain.proceed(RealInterceptorChain.java:142)
08-06 03:43:31.040  1142 11533 E baseline.com.newsblur.network.APIResponse: 	at okhttp3.internal.http.RealInterceptorChain.proceed(RealInterceptorChain.java:117)
08-06 03:43:31.040  1142 11533 E baseline.com.newsblur.network.APIResponse: 	at okhttp3.internal.http.BridgeInterceptor.intercept(BridgeInterceptor.java:93)
08-06 03:43:31.040  1142 11533 E baseline.com.newsblur.network.APIResponse: 	at okhttp3.internal.http.RealInterceptorChain.proceed(RealInterceptorChain.java:142)
08-06 03:43:31.040  1142 11533 E baseline.com.newsblur.network.APIResponse: 	at okhttp3.internal.http.RetryAndFollowUpInterceptor.intercept(RetryAndFollowUpInterceptor.java:88)
08-06 03:43:31.040  1142 11533 E baseline.com.newsblur.network.APIResponse: 	at okhttp3.internal.http.RealInterceptorChain.proceed(RealInterceptorChain.java:142)
08-06 03:43:31.040  1142 11533 E baseline.com.newsblur.network.APIResponse: 	at okhttp3.internal.http.RealInterceptorChain.proceed(RealInterceptorChain.java:117)
08-06 03:43:31.040  1142 11533 E baseline.com.newsblur.network.APIResponse: 	at okhttp3.RealCall.getResponseWithInterceptorChain(RealCall.java:229)
08-06 03:43:31.040  1142 11533 E baseline.com.newsblur.network.APIResponse: 	at okhttp3.RealCall.execute(RealCall.java:81)
08-06 03:43:31.040  1142 11533 E baseline.com.newsblur.network.APIResponse: 	at baseline.com.newsblur.network.APIResponse.<init>(APIResponse.java:57)
08-06 03:43:31.040  1142 11533 E baseline.com.newsblur.network.APIResponse: 	at baseline.com.newsblur.network.APIManager.get_single(APIManager.java:639)
08-06 03:43:31.040  1142 11533 E baseline.com.newsblur.network.APIResponse: 	at baseline.com.newsblur.network.APIManager.get(APIManager.java:625)
08-06 03:43:31.040  1142 11533 E baseline.com.newsblur.network.APIResponse: 	at baseline.com.newsblur.network.APIManager.get(APIManager.java:667)
08-06 03:43:31.040  1142 11533 E baseline.com.newsblur.network.APIResponse: 	at baseline.com.newsblur.network.APIManager.getFeedUnreadCounts(APIManager.java:274)
08-06 03:43:31.040  1142 11533 E baseline.com.newsblur.network.APIResponse: 	at baseline.com.newsblur.service.NBSyncService.checkRecounts(NBSyncService.java:660)
08-06 03:43:31.040  1142 11533 E baseline.com.newsblur.network.APIResponse: 	at baseline.com.newsblur.service.NBSyncService.doSync(NBSyncService.java:310)
08-06 03:43:31.040  1142 11533 E baseline.com.newsblur.network.APIResponse: 	at baseline.com.newsblur.service.NBSyncService.access$100(NBSyncService.java:67)
08-06 03:43:31.040  1142 11533 E baseline.com.newsblur.network.APIResponse: 	at baseline.com.newsblur.service.NBSyncService$1.run(NBSyncService.java:188)
08-06 03:43:31.040  1142 11533 E baseline.com.newsblur.network.APIResponse: 	at java.util.concurrent.ThreadPoolExecutor.runWorker(ThreadPoolExecutor.java:1113)
08-06 03:43:31.040  1142 11533 E baseline.com.newsblur.network.APIResponse: 	at java.util.concurrent.ThreadPoolExecutor$Worker.run(ThreadPoolExecutor.java:588)
08-06 03:43:31.040  1142 11533 E baseline.com.newsblur.network.APIResponse: 	at java.lang.Thread.run(Thread.java:818)
08-06 03:43:31.040  1142 11533 E baseline.com.newsblur.network.APIResponse: Caused by: java.io.EOFException: \n not found: limit=0 content=
08-06 03:43:31.040  1142 11533 E baseline.com.newsblur.network.APIResponse: 	at okio.RealBufferedSource.readUtf8LineStrict(RealBufferedSource.java:240)
08-06 03:43:31.040  1142 11533 E baseline.com.newsblur.network.APIResponse: 	at okhttp3.internal.http1.Http1ExchangeCodec.readHeaderLine(Http1ExchangeCodec.java:242)
08-06 03:43:31.040  1142 11533 E baseline.com.newsblur.network.APIResponse: 	at okhttp3.internal.http1.Http1ExchangeCodec.readResponseHeaders(Http1ExchangeCodec.java:213)
08-06 03:43:31.040  1142 11533 E baseline.com.newsblur.network.APIResponse: 	... 28 more
08-06 03:43:31.041  1142 11533 W baseline.com.newsblur.service.NBSyncService: Bad response to feed_unread_count
08-06 03:43:31.058  1142  1154 I art     : Explicit concurrent mark sweep GC freed 1752(274KB) AllocSpace objects, 4(80KB) LOS objects, 28% free, 40MB/56MB, paused 1.667ms total 52.400ms
08-06 03:43:31.071  1142  1154 I art     : Starting a blocking GC Explicit
08-06 03:43:31.124  1142  1154 I art     : Explicit concurrent mark sweep GC freed 307(24KB) AllocSpace objects, 0(0B) LOS objects, 28% free, 40MB/56MB, paused 1.610ms total 52.837ms
08-06 03:43:31.439  1142 11533 I NAPPA_EXPERIMENTATION: MetricNetworkRequestExecutionTime: REQUEST_DURATION_SYSTEM='389',REQUEST_DURATION_OKHTTP='39',REQUEST_SYNCHRONOUS='TRUE',RESPONSE_CODE='200',RESPONSE_METHOD='GET',RESPONSE_LENGTH_OKHTTP='-1',RESPONSE_LENGTH_HEADER='-2',REQUEST_PROTOCOL='http/1.1',REQUEST_URL='https://www.newsblur.com/social/river_stories?order=newest&page=1&read_filter=all',
08-06 03:43:31.440  1142 11533 D MY_TAG  : 0, 389
08-06 03:43:31.455  1142  1142 D baseline.com.newsblur.service.NBSyncService: rejecting request for feedset that is exhaused
08-06 03:43:31.518  1142 11214 I art     : Starting a blocking GC Explicit
08-06 03:43:31.572  1142 11214 I art     : Explicit concurrent mark sweep GC freed 7562(458KB) AllocSpace objects, 7(140KB) LOS objects, 28% free, 40MB/56MB, paused 1.590ms total 53.281ms
08-06 03:43:31.590  1142 11214 I art     : Starting a blocking GC Explicit
08-06 03:43:31.644  1142 11214 I art     : Explicit concurrent mark sweep GC freed 257(11KB) AllocSpace objects, 0(0B) LOS objects, 28% free, 40MB/56MB, paused 1.531ms total 53.857ms
08-06 03:43:31.658  1142 11214 I art     : Starting a blocking GC Explicit
08-06 03:43:31.711  1142 11214 I art     : Explicit concurrent mark sweep GC freed 3(96B) AllocSpace objects, 0(0B) LOS objects, 28% free, 40MB/56MB, paused 1.625ms total 53.329ms
08-06 03:43:31.725  1142 11214 I art     : Starting a blocking GC Explicit
08-06 03:43:31.778  1142 11214 I art     : Explicit concurrent mark sweep GC freed 3(96B) AllocSpace objects, 0(0B) LOS objects, 28% free, 40MB/56MB, paused 1.604ms total 53.005ms
08-06 03:43:31.792  1142 11214 I art     : Starting a blocking GC Explicit
08-06 03:43:31.845  1142 11214 I art     : Explicit concurrent mark sweep GC freed 1657(64KB) AllocSpace objects, 0(0B) LOS objects, 28% free, 40MB/56MB, paused 1.658ms total 52.615ms
08-06 03:43:31.860  1142 11533 E baseline.com.newsblur.network.APIResponse: Error (unexpected end of stream on https://www.newsblur.com/...) calling https://www.newsblur.com/reader/mark_story_hashes_as_read/
08-06 03:43:31.860  1142 11533 E baseline.com.newsblur.network.APIResponse: java.io.IOException: unexpected end of stream on https://www.newsblur.com/...
08-06 03:43:31.860  1142 11533 E baseline.com.newsblur.network.APIResponse: 	at okhttp3.internal.http1.Http1ExchangeCodec.readResponseHeaders(Http1ExchangeCodec.java:236)
08-06 03:43:31.860  1142 11533 E baseline.com.newsblur.network.APIResponse: 	at okhttp3.internal.connection.Exchange.readResponseHeaders(Exchange.java:115)
08-06 03:43:31.860  1142 11533 E baseline.com.newsblur.network.APIResponse: 	at okhttp3.internal.http.CallServerInterceptor.intercept(CallServerInterceptor.java:94)
08-06 03:43:31.860  1142 11533 E baseline.com.newsblur.network.APIResponse: 	at okhttp3.internal.http.RealInterceptorChain.proceed(RealInterceptorChain.java:142)
08-06 03:43:31.860  1142 11533 E baseline.com.newsblur.network.APIResponse: 	at okhttp3.internal.connection.ConnectInterceptor.intercept(ConnectInterceptor.java:43)
08-06 03:43:31.860  1142 11533 E baseline.com.newsblur.network.APIResponse: 	at okhttp3.internal.http.RealInterceptorChain.proceed(RealInterceptorChain.java:142)
08-06 03:43:31.860  1142 11533 E baseline.com.newsblur.network.APIResponse: 	at okhttp3.internal.http.RealInterceptorChain.proceed(RealInterceptorChain.java:117)
08-06 03:43:31.860  1142 11533 E baseline.com.newsblur.network.APIResponse: 	at okhttp3.internal.cache.CacheInterceptor.intercept(CacheInterceptor.java:94)
08-06 03:43:31.860  1142 11533 E baseline.com.newsblur.network.APIResponse: 	at okhttp3.internal.http.RealInterceptorChain.proceed(RealInterceptorChain.java:142)
08-06 03:43:31.860  1142 11533 E baseline.com.newsblur.network.APIResponse: 	at okhttp3.internal.http.RealInterceptorChain.proceed(RealInterceptorChain.java:117)
08-06 03:43:31.860  1142 11533 E baseline.com.newsblur.network.APIResponse: 	at okhttp3.internal.http.BridgeInterceptor.intercept(BridgeInterceptor.java:93)
08-06 03:43:31.860  1142 11533 E baseline.com.newsblur.network.APIResponse: 	at okhttp3.internal.http.RealInterceptorChain.proceed(RealInterceptorChain.java:142)
08-06 03:43:31.860  1142 11533 E baseline.com.newsblur.network.APIResponse: 	at okhttp3.internal.http.RetryAndFollowUpInterceptor.intercept(RetryAndFollowUpInterceptor.java:88)
08-06 03:43:31.860  1142 11533 E baseline.com.newsblur.network.APIResponse: 	at okhttp3.internal.http.RealInterceptorChain.proceed(RealInterceptorChain.java:142)
08-06 03:43:31.860  1142 11533 E baseline.com.newsblur.network.APIResponse: 	at okhttp3.internal.http.RealInterceptorChain.proceed(RealInterceptorChain.java:117)
08-06 03:43:31.860  1142 11533 E baseline.com.newsblur.network.APIResponse: 	at okhttp3.RealCall.getResponseWithInterceptorChain(RealCall.java:229)
08-06 03:43:31.860  1142 11533 E baseline.com.newsblur.network.APIResponse: 	at okhttp3.RealCall.execute(RealCall.java:81)
08-06 03:43:31.860  1142 11533 E baseline.com.newsblur.network.APIResponse: 	at baseline.com.newsblur.network.APIResponse.<init>(APIResponse.java:57)
08-06 03:43:31.860  1142 11533 E baseline.com.newsblur.network.APIResponse: 	at baseline.com.newsblur.network.APIResponse.<init>(APIResponse.java:43)
08-06 03:43:31.860  1142 11533 E baseline.com.newsblur.network.APIResponse: 	at baseline.com.newsblur.network.APIManager.post_single(APIManager.java:702)
08-06 03:43:31.860  1142 11533 E baseline.com.newsblur.network.APIResponse: 	at baseline.com.newsblur.network.APIManager.post(APIManager.java:675)
08-06 03:43:31.860  1142 11533 E baseline.com.newsblur.network.APIResponse: 	at baseline.com.newsblur.network.APIManager.post(APIManager.java:714)
08-06 03:43:31.860  1142 11533 E baseline.com.newsblur.network.APIResponse: 	at baseline.com.newsblur.network.APIManager.markStoryAsRead(APIManager.java:205)
08-06 03:43:31.860  1142 11533 E baseline.com.newsblur.network.APIResponse: 	at baseline.com.newsblur.util.ReadingAction.doRemote(ReadingAction.java:281)
08-06 03:43:31.860  1142 11533 E baseline.com.newsblur.network.APIResponse: 	at baseline.com.newsblur.service.NBSyncService.syncActions(NBSyncService.java:400)
08-06 03:43:31.860  1142 11533 E baseline.com.newsblur.network.APIResponse: 	at baseline.com.newsblur.service.NBSyncService.doSync(NBSyncService.java:298)
08-06 03:43:31.860  1142 11533 E baseline.com.newsblur.network.APIResponse: 	at baseline.com.newsblur.service.NBSyncService.access$100(NBSyncService.java:67)
08-06 03:43:31.860  1142 11533 E baseline.com.newsblur.network.APIResponse: 	at baseline.com.newsblur.service.NBSyncService$1.run(NBSyncService.java:188)
08-06 03:43:31.860  1142 11533 E baseline.com.newsblur.network.APIResponse: 	at java.util.concurrent.ThreadPoolExecutor.runWorker(ThreadPoolExecutor.java:1113)
08-06 03:43:31.860  1142 11533 E baseline.com.newsblur.network.APIResponse: 	at java.util.concurrent.ThreadPoolExecutor$Worker.run(ThreadPoolExecutor.java:588)
08-06 03:43:31.860  1142 11533 E baseline.com.newsblur.network.APIResponse: 	at java.lang.Thread.run(Thread.java:818)
08-06 03:43:31.860  1142 11533 E baseline.com.newsblur.network.APIResponse: Caused by: java.io.EOFException: \n not found: limit=0 content=
08-06 03:43:31.860  1142 11533 E baseline.com.newsblur.network.APIResponse: 	at okio.RealBufferedSource.readUtf8LineStrict(RealBufferedSource.java:240)
08-06 03:43:31.860  1142 11533 E baseline.com.newsblur.network.APIResponse: 	at okhttp3.internal.http1.Http1ExchangeCodec.readHeaderLine(Http1ExchangeCodec.java:242)
08-06 03:43:31.860  1142 11533 E baseline.com.newsblur.network.APIResponse: 	at okhttp3.internal.http1.Http1ExchangeCodec.readResponseHeaders(Http1ExchangeCodec.java:213)
08-06 03:43:31.860  1142 11533 E baseline.com.newsblur.network.APIResponse: 	... 30 more
08-06 03:43:31.861  1142 11533 I baseline.com.newsblur.network.APIManager: API call failed, pausing before retry number 1
08-06 03:43:32.223  1142  1154 I art     : Starting a blocking GC Explicit
08-06 03:43:32.280  1142  1154 I art     : Explicit concurrent mark sweep GC freed 2324(293KB) AllocSpace objects, 3(60KB) LOS objects, 28% free, 40MB/56MB, paused 1.706ms total 56.502ms
08-06 03:43:32.296  1142  1154 I art     : Starting a blocking GC Explicit
08-06 03:43:32.351  1142  1154 I art     : Explicit concurrent mark sweep GC freed 77(2976B) AllocSpace objects, 0(0B) LOS objects, 28% free, 40MB/56MB, paused 1.523ms total 54.385ms
08-06 03:43:32.365  1142  1154 I art     : Starting a blocking GC Explicit
08-06 03:43:32.415  1142  1154 I art     : Explicit concurrent mark sweep GC freed 3(96B) AllocSpace objects, 0(0B) LOS objects, 28% free, 40MB/56MB, paused 1.515ms total 49.929ms
08-06 03:43:32.429  1142  1154 I art     : Starting a blocking GC Explicit
08-06 03:43:32.483  1142  1154 I art     : Explicit concurrent mark sweep GC freed 3(96B) AllocSpace objects, 0(0B) LOS objects, 28% free, 40MB/56MB, paused 1.436ms total 54.472ms
08-06 03:43:32.500  1142  1154 I art     : Starting a blocking GC Explicit
08-06 03:43:32.553  1142  1154 I art     : Explicit concurrent mark sweep GC freed 3(96B) AllocSpace objects, 0(0B) LOS objects, 28% free, 40MB/56MB, paused 1.468ms total 52.737ms
08-06 03:43:32.903  1142 10856 I art     : Starting a blocking GC Explicit
08-06 03:43:32.962  1142 10856 I art     : Explicit concurrent mark sweep GC freed 1444(83KB) AllocSpace objects, 1(20KB) LOS objects, 28% free, 40MB/56MB, paused 1.712ms total 57.793ms
08-06 03:43:32.979  1142 10856 I art     : Starting a blocking GC Explicit
08-06 03:43:33.029  1142 10856 I art     : Explicit concurrent mark sweep GC freed 22(784B) AllocSpace objects, 0(0B) LOS objects, 28% free, 40MB/56MB, paused 1.588ms total 49.931ms
08-06 03:43:33.042  1142 10856 I art     : Starting a blocking GC Explicit
08-06 03:43:33.094  1142 10856 I art     : Explicit concurrent mark sweep GC freed 3(96B) AllocSpace objects, 0(0B) LOS objects, 28% free, 40MB/56MB, paused 1.532ms total 51.590ms
08-06 03:43:33.107  1142 10856 I art     : Starting a blocking GC Explicit
08-06 03:43:33.153 12247 12247 D AndroidRuntime: >>>>>> START com.android.internal.os.RuntimeInit uid 2000 <<<<<<
08-06 03:43:33.159  1142 10856 I art     : Explicit concurrent mark sweep GC freed 3(96B) AllocSpace objects, 0(0B) LOS objects, 28% free, 40MB/56MB, paused 1.524ms total 51.094ms
08-06 03:43:33.159 12247 12247 D AndroidRuntime: CheckJNI is OFF
08-06 03:43:33.173  1142 10856 I art     : Starting a blocking GC Explicit
08-06 03:43:33.204 12247 12247 D ICU     : No timezone override file found: /data/misc/zoneinfo/current/icu/icu_tzdata.dat
08-06 03:43:33.224  1142 10856 I art     : Explicit concurrent mark sweep GC freed 3(96B) AllocSpace objects, 0(0B) LOS objects, 28% free, 40MB/56MB, paused 1.458ms total 51.575ms
08-06 03:43:33.251 12247 12247 I Radio-JNI: register_android_hardware_Radio DONE
08-06 03:43:33.280 12247 12247 D AndroidRuntime: Calling main entry com.android.commands.input.Input
08-06 03:43:33.283 12247 12247 I Input   : injectMotionEvent: MotionEvent { action=ACTION_DOWN, actionButton=0, id[0]=0, x[0]=436.0, y[0]=453.0, toolType[0]=TOOL_TYPE_UNKNOWN, buttonState=0, metaState=0, flags=0x0, edgeFlags=0x0, pointerCount=1, historySize=0, eventTime=848629695, downTime=848629695, deviceId=0, source=0x1002 }
08-06 03:43:33.289 12247 12247 I Input   : injectMotionEvent: MotionEvent { action=ACTION_UP, actionButton=0, id[0]=0, x[0]=436.0, y[0]=453.0, toolType[0]=TOOL_TYPE_UNKNOWN, buttonState=0, metaState=0, flags=0x0, edgeFlags=0x0, pointerCount=1, historySize=0, eventTime=848629695, downTime=848629695, deviceId=0, source=0x1002 }
08-06 03:43:33.293 12247 12247 D AndroidRuntime: Shutting down VM
08-06 03:43:33.298   512  2967 D audio_hw_primary: out_set_parameters: enter: usecase(1: low-latency-playback) kvpairs: routing=2
08-06 03:43:33.298   918  6111 I ActivityManager: START u0 {cmp=baseline.com.newsblur/.activity.AllSharedStoriesReading (has extras)} from uid 10698 on display 0
08-06 03:43:33.311   512  2967 D audio_hw_primary: select_devices: out_snd_device(2: speaker) in_snd_device(0: none)
08-06 03:43:33.311   512  2967 D msm8974_platform: platform_send_audio_calibration: sending audio calibration for snd_device(2) acdb_id(15)
08-06 03:43:33.311   512  2967 I soundtrigger: audio_extn_sound_trigger_update_device_status: device 0x2 of type 0 for Event 1
08-06 03:43:33.325   512  2967 D audio_hw_primary: enable_snd_device: snd_device(2: speaker)
08-06 03:43:33.328   512  2967 D audio_hw_primary: enable_audio_route: apply and update mixer path: low-latency-playback speaker
08-06 03:43:33.562 13866 13866 I GoogleInputMethodServic: GoogleInputMethodService.onFinishInput():3138 
08-06 03:43:33.563 13866 13866 I GoogleInputMethodServic: GoogleInputMethodService.onStartInput():1808 
08-06 03:43:33.563   918   936 I ActivityManager: Displayed baseline.com.newsblur/.activity.AllSharedStoriesReading: +251ms
08-06 03:43:33.576  1142  1154 I art     : Starting a blocking GC Explicit
08-06 03:43:33.633  1142  1154 I art     : Explicit concurrent mark sweep GC freed 5049(405KB) AllocSpace objects, 9(608KB) LOS objects, 28% free, 41MB/57MB, paused 2.238ms total 56.575ms
08-06 03:43:33.647  1142  1154 I art     : Starting a blocking GC Explicit
08-06 03:43:33.698  1142  1154 I art     : Explicit concurrent mark sweep GC freed 1477(105KB) AllocSpace objects, 9(216KB) LOS objects, 28% free, 41MB/57MB, paused 1.433ms total 50.111ms
08-06 03:43:33.711  1142  1154 I art     : Starting a blocking GC Explicit
08-06 03:43:33.761  1142  1154 I art     : Explicit concurrent mark sweep GC freed 872(69KB) AllocSpace objects, 1(28KB) LOS objects, 28% free, 41MB/57MB, paused 1.590ms total 49.321ms
08-06 03:43:33.774  1142  1154 I art     : Starting a blocking GC Explicit
08-06 03:43:33.821  1142  1154 I art     : Explicit concurrent mark sweep GC freed 89(3KB) AllocSpace objects, 0(0B) LOS objects, 28% free, 41MB/57MB, paused 1.511ms total 46.981ms
08-06 03:43:33.826  1142 11210 E chromium: [ERROR:tile_manager.cc(793)] WARNING: tile memory limits exceeded, some content may not draw
08-06 03:43:33.826  1142 11210 E chromium: [ERROR:tile_manager.cc(793)] WARNING: tile memory limits exceeded, some content may not draw
08-06 03:43:33.834  1142  1154 I art     : Starting a blocking GC Explicit
08-06 03:43:33.868   512  2967 D audio_hw_primary: disable_audio_route: reset and update mixer path: low-latency-playback speaker
08-06 03:43:33.869   512  2967 D audio_hw_primary: disable_snd_device: snd_device(2: speaker)
08-06 03:43:33.879   512  2967 I soundtrigger: audio_extn_sound_trigger_update_device_status: device 0x2 of type 0 for Event 0
08-06 03:43:33.881  1142  1154 I art     : Explicit concurrent mark sweep GC freed 1701(66KB) AllocSpace objects, 0(0B) LOS objects, 28% free, 41MB/57MB, paused 1.455ms total 46.984ms
08-06 03:43:33.889  1142 11533 E baseline.com.newsblur.network.APIResponse: Error (unexpected end of stream on https://www.newsblur.com/...) calling https://www.newsblur.com/reader/mark_story_hashes_as_read/
08-06 03:43:33.889  1142 11533 E baseline.com.newsblur.network.APIResponse: java.io.IOException: unexpected end of stream on https://www.newsblur.com/...
08-06 03:43:33.889  1142 11533 E baseline.com.newsblur.network.APIResponse: 	at okhttp3.internal.http1.Http1ExchangeCodec.readResponseHeaders(Http1ExchangeCodec.java:236)
08-06 03:43:33.889  1142 11533 E baseline.com.newsblur.network.APIResponse: 	at okhttp3.internal.connection.Exchange.readResponseHeaders(Exchange.java:115)
08-06 03:43:33.889  1142 11533 E baseline.com.newsblur.network.APIResponse: 	at okhttp3.internal.http.CallServerInterceptor.intercept(CallServerInterceptor.java:94)
08-06 03:43:33.889  1142 11533 E baseline.com.newsblur.network.APIResponse: 	at okhttp3.internal.http.RealInterceptorChain.proceed(RealInterceptorChain.java:142)
08-06 03:43:33.889  1142 11533 E baseline.com.newsblur.network.APIResponse: 	at okhttp3.internal.connection.ConnectInterceptor.intercept(ConnectInterceptor.java:43)
08-06 03:43:33.889  1142 11533 E baseline.com.newsblur.network.APIResponse: 	at okhttp3.internal.http.RealInterceptorChain.proceed(RealInterceptorChain.java:142)
08-06 03:43:33.889  1142 11533 E baseline.com.newsblur.network.APIResponse: 	at okhttp3.internal.http.RealInterceptorChain.proceed(RealInterceptorChain.java:117)
08-06 03:43:33.889  1142 11533 E baseline.com.newsblur.network.APIResponse: 	at okhttp3.internal.cache.CacheInterceptor.intercept(CacheInterceptor.java:94)
08-06 03:43:33.889  1142 11533 E baseline.com.newsblur.network.APIResponse: 	at okhttp3.internal.http.RealInterceptorChain.proceed(RealInterceptorChain.java:142)
08-06 03:43:33.889  1142 11533 E baseline.com.newsblur.network.APIResponse: 	at okhttp3.internal.http.RealInterceptorChain.proceed(RealInterceptorChain.java:117)
08-06 03:43:33.889  1142 11533 E baseline.com.newsblur.network.APIResponse: 	at okhttp3.internal.http.BridgeInterceptor.intercept(BridgeInterceptor.java:93)
08-06 03:43:33.889  1142 11533 E baseline.com.newsblur.network.APIResponse: 	at okhttp3.internal.http.RealInterceptorChain.proceed(RealInterceptorChain.java:142)
08-06 03:43:33.889  1142 11533 E baseline.com.newsblur.network.APIResponse: 	at okhttp3.internal.http.RetryAndFollowUpInterceptor.intercept(RetryAndFollowUpInterceptor.java:88)
08-06 03:43:33.889  1142 11533 E baseline.com.newsblur.network.APIResponse: 	at okhttp3.internal.http.RealInterceptorChain.proceed(RealInterceptorChain.java:142)
08-06 03:43:33.889  1142 11533 E baseline.com.newsblur.network.APIResponse: 	at okhttp3.internal.http.RealInterceptorChain.proceed(RealInterceptorChain.java:117)
08-06 03:43:33.889  1142 11533 E baseline.com.newsblur.network.APIResponse: 	at okhttp3.RealCall.getResponseWithInterceptorChain(RealCall.java:229)
08-06 03:43:33.889  1142 11533 E baseline.com.newsblur.network.APIResponse: 	at okhttp3.RealCall.execute(RealCall.java:81)
08-06 03:43:33.889  1142 11533 E baseline.com.newsblur.network.APIResponse: 	at baseline.com.newsblur.network.APIResponse.<init>(APIResponse.java:57)
08-06 03:43:33.889  1142 11533 E baseline.com.newsblur.network.APIResponse: 	at baseline.com.newsblur.network.APIResponse.<init>(APIResponse.java:43)
08-06 03:43:33.889  1142 11533 E baseline.com.newsblur.network.APIResponse: 	at baseline.com.newsblur.network.APIManager.post_single(APIManager.java:702)
08-06 03:43:33.889  1142 11533 E baseline.com.newsblur.network.APIResponse: 	at baseline.com.newsblur.network.APIManager.post(APIManager.java:675)
08-06 03:43:33.889  1142 11533 E baseline.com.newsblur.network.APIResponse: 	at baseline.com.newsblur.network.APIManager.post(APIManager.java:714)
08-06 03:43:33.889  1142 11533 E baseline.com.newsblur.network.APIResponse: 	at baseline.com.newsblur.network.APIManager.markStoryAsRead(APIManager.java:205)
08-06 03:43:33.889  1142 11533 E baseline.com.newsblur.network.APIResponse: 	at baseline.com.newsblur.util.ReadingAction.doRemote(ReadingAction.java:281)
08-06 03:43:33.889  1142 11533 E baseline.com.newsblur.network.APIResponse: 	at baseline.com.newsblur.service.NBSyncService.syncActions(NBSyncService.java:400)
08-06 03:43:33.889  1142 11533 E baseline.com.newsblur.network.APIResponse: 	at baseline.com.newsblur.service.NBSyncService.doSync(NBSyncService.java:298)
08-06 03:43:33.889  1142 11533 E baseline.com.newsblur.network.APIResponse: 	at baseline.com.newsblur.service.NBSyncService.access$100(NBSyncService.java:67)
08-06 03:43:33.889  1142 11533 E baseline.com.newsblur.network.APIResponse: 	at baseline.com.newsblur.service.NBSyncService$1.run(NBSyncService.java:188)
08-06 03:43:33.889  1142 11533 E baseline.com.newsblur.network.APIResponse: 	at java.util.concurrent.ThreadPoolExecutor.runWorker(ThreadPoolExecutor.java:1113)
08-06 03:43:33.889  1142 11533 E baseline.com.newsblur.network.APIResponse: 	at java.util.concurrent.ThreadPoolExecutor$Worker.run(ThreadPoolExecutor.java:588)
08-06 03:43:33.889  1142 11533 E baseline.com.newsblur.network.APIResponse: 	at java.lang.Thread.run(Thread.java:818)
08-06 03:43:33.889  1142 11533 E baseline.com.newsblur.network.APIResponse: Caused by: java.io.EOFException: \n not found: limit=0 content=
08-06 03:43:33.889  1142 11533 E baseline.com.newsblur.network.APIResponse: 	at okio.RealBufferedSource.readUtf8LineStrict(RealBufferedSource.java:240)
08-06 03:43:33.889  1142 11533 E baseline.com.newsblur.network.APIResponse: 	at okhttp3.internal.http1.Http1ExchangeCodec.readHeaderLine(Http1ExchangeCodec.java:242)
08-06 03:43:33.889  1142 11533 E baseline.com.newsblur.network.APIResponse: 	at okhttp3.internal.http1.Http1ExchangeCodec.readResponseHeaders(Http1ExchangeCodec.java:213)
08-06 03:43:33.889  1142 11533 E baseline.com.newsblur.network.APIResponse: 	... 30 more
08-06 03:43:33.890  1142 11533 I baseline.com.newsblur.network.APIManager: API call failed, pausing before retry number 2
08-06 03:43:34.225  1142 10856 I art     : Starting a blocking GC Explicit
08-06 03:43:34.283  1142 10856 I art     : Explicit concurrent mark sweep GC freed 2461(311KB) AllocSpace objects, 4(80KB) LOS objects, 28% free, 41MB/57MB, paused 1.528ms total 57.222ms
08-06 03:43:34.300  1142 10856 I art     : Starting a blocking GC Explicit
08-06 03:43:34.352  1142 10856 I art     : Explicit concurrent mark sweep GC freed 73(2784B) AllocSpace objects, 0(0B) LOS objects, 28% free, 41MB/57MB, paused 1.440ms total 51.661ms
08-06 03:43:34.366  1142 10856 I art     : Starting a blocking GC Explicit
08-06 03:43:34.418  1142 10856 I art     : Explicit concurrent mark sweep GC freed 3(96B) AllocSpace objects, 0(0B) LOS objects, 28% free, 41MB/57MB, paused 1.431ms total 51.960ms
08-06 03:43:34.432  1142 10856 I art     : Starting a blocking GC Explicit
08-06 03:43:34.486  1142 10856 I art     : Explicit concurrent mark sweep GC freed 3(96B) AllocSpace objects, 0(0B) LOS objects, 28% free, 41MB/57MB, paused 1.472ms total 53.541ms
08-06 03:43:34.503  1142 10856 I art     : Starting a blocking GC Explicit
08-06 03:43:34.555  1142 10856 I art     : Explicit concurrent mark sweep GC freed 3(96B) AllocSpace objects, 0(0B) LOS objects, 28% free, 41MB/57MB, paused 1.453ms total 52.028ms
08-06 03:43:34.939  1142  1153 I art     : Starting a blocking GC Explicit
08-06 03:43:34.982   918  3261 D WifiStateMachine: starting scan for "H369AA63323"WPA_PSK with 2412,5180
08-06 03:43:34.997  1142  1153 I art     : Explicit concurrent mark sweep GC freed 1483(84KB) AllocSpace objects, 1(20KB) LOS objects, 28% free, 41MB/57MB, paused 1.497ms total 57.314ms
08-06 03:43:35.012  1142  1153 I art     : Starting a blocking GC Explicit
08-06 03:43:35.071  1142  1153 I art     : Explicit concurrent mark sweep GC freed 41(1392B) AllocSpace objects, 0(0B) LOS objects, 28% free, 41MB/57MB, paused 1.526ms total 58.987ms
08-06 03:43:35.088  1142  1153 I art     : Starting a blocking GC Explicit
08-06 03:43:35.141  1142  1153 I art     : Explicit concurrent mark sweep GC freed 3(96B) AllocSpace objects, 0(0B) LOS objects, 28% free, 41MB/57MB, paused 1.457ms total 52.733ms
08-06 03:43:35.155  1142  1153 I art     : Starting a blocking GC Explicit
08-06 03:43:35.208  1142  1153 I art     : Explicit concurrent mark sweep GC freed 3(96B) AllocSpace objects, 0(0B) LOS objects, 28% free, 41MB/57MB, paused 1.574ms total 52.914ms
08-06 03:43:35.222  1142  1153 I art     : Starting a blocking GC Explicit
08-06 03:43:35.282  1142  1153 I art     : Explicit concurrent mark sweep GC freed 3(96B) AllocSpace objects, 0(0B) LOS objects, 28% free, 41MB/57MB, paused 1.567ms total 59.216ms
08-06 03:43:35.703  1142 10856 I art     : Starting a blocking GC Explicit
08-06 03:43:35.761  1142 10856 I art     : Explicit concurrent mark sweep GC freed 1483(84KB) AllocSpace objects, 1(20KB) LOS objects, 28% free, 41MB/57MB, paused 1.503ms total 58.430ms
08-06 03:43:35.776  1142 10856 I art     : Starting a blocking GC Explicit
08-06 03:43:35.835  1142 10856 I art     : Explicit concurrent mark sweep GC freed 22(784B) AllocSpace objects, 0(0B) LOS objects, 28% free, 41MB/57MB, paused 1.472ms total 58.881ms
08-06 03:43:35.850  1142 10856 I art     : Starting a blocking GC Explicit
08-06 03:43:35.909  1142 10856 I art     : Explicit concurrent mark sweep GC freed 3(96B) AllocSpace objects, 0(0B) LOS objects, 28% free, 41MB/57MB, paused 1.608ms total 59.355ms
08-06 03:43:35.924  1142 10856 I art     : Starting a blocking GC Explicit
08-06 03:43:35.983  1142 10856 I art     : Explicit concurrent mark sweep GC freed 3(96B) AllocSpace objects, 0(0B) LOS objects, 28% free, 41MB/57MB, paused 1.556ms total 58.672ms
08-06 03:43:35.998  1142 10856 I art     : Starting a blocking GC Explicit
08-06 03:43:36.058  1142 10856 I art     : Explicit concurrent mark sweep GC freed 3(96B) AllocSpace objects, 0(0B) LOS objects, 28% free, 41MB/57MB, paused 1.616ms total 59.402ms
08-06 03:43:36.469  1142  1154 I art     : Starting a blocking GC Explicit
08-06 03:43:36.530  1142  1154 I art     : Explicit concurrent mark sweep GC freed 1446(83KB) AllocSpace objects, 1(20KB) LOS objects, 28% free, 41MB/57MB, paused 1.435ms total 60.373ms
08-06 03:43:36.546  1142  1154 I art     : Starting a blocking GC Explicit
08-06 03:43:36.602  1142  1154 I art     : Explicit concurrent mark sweep GC freed 22(784B) AllocSpace objects, 0(0B) LOS objects, 28% free, 41MB/57MB, paused 1.519ms total 55.375ms
08-06 03:43:36.616  1142  1154 I art     : Starting a blocking GC Explicit
08-06 03:43:36.674  1142  1154 I art     : Explicit concurrent mark sweep GC freed 3(96B) AllocSpace objects, 0(0B) LOS objects, 28% free, 41MB/57MB, paused 1.515ms total 57.963ms
08-06 03:43:36.689  1142  1154 I art     : Starting a blocking GC Explicit
08-06 03:43:36.742  1142  1154 I art     : Explicit concurrent mark sweep GC freed 3(96B) AllocSpace objects, 0(0B) LOS objects, 28% free, 41MB/57MB, paused 1.421ms total 53.365ms
08-06 03:43:36.757  1142  1154 I art     : Starting a blocking GC Explicit
08-06 03:43:36.816  1142  1154 I art     : Explicit concurrent mark sweep GC freed 3(96B) AllocSpace objects, 0(0B) LOS objects, 28% free, 41MB/57MB, paused 1.536ms total 58.443ms
08-06 03:43:37.212  1142 11214 I art     : Starting a blocking GC Explicit
08-06 03:43:37.272  1142 11214 I art     : Explicit concurrent mark sweep GC freed 1610(91KB) AllocSpace objects, 1(20KB) LOS objects, 28% free, 41MB/57MB, paused 1.622ms total 59.003ms
08-06 03:43:37.286  1142 11214 I art     : Starting a blocking GC Explicit
08-06 03:43:37.345  1142 11214 I art     : Explicit concurrent mark sweep GC freed 1305(52KB) AllocSpace objects, 0(0B) LOS objects, 28% free, 41MB/57MB, paused 1.848ms total 58.726ms
08-06 03:43:37.360  1142 11214 I art     : Starting a blocking GC Explicit
08-06 03:43:37.399  1142 11533 E baseline.com.newsblur.network.APIResponse: Error (unexpected end of stream on https://www.newsblur.com/...) calling https://www.newsblur.com/reader/mark_story_hashes_as_read/
08-06 03:43:37.399  1142 11533 E baseline.com.newsblur.network.APIResponse: java.io.IOException: unexpected end of stream on https://www.newsblur.com/...
08-06 03:43:37.399  1142 11533 E baseline.com.newsblur.network.APIResponse: 	at okhttp3.internal.http1.Http1ExchangeCodec.readResponseHeaders(Http1ExchangeCodec.java:236)
08-06 03:43:37.399  1142 11533 E baseline.com.newsblur.network.APIResponse: 	at okhttp3.internal.connection.Exchange.readResponseHeaders(Exchange.java:115)
08-06 03:43:37.399  1142 11533 E baseline.com.newsblur.network.APIResponse: 	at okhttp3.internal.http.CallServerInterceptor.intercept(CallServerInterceptor.java:94)
08-06 03:43:37.399  1142 11533 E baseline.com.newsblur.network.APIResponse: 	at okhttp3.internal.http.RealInterceptorChain.proceed(RealInterceptorChain.java:142)
08-06 03:43:37.399  1142 11533 E baseline.com.newsblur.network.APIResponse: 	at okhttp3.internal.connection.ConnectInterceptor.intercept(ConnectInterceptor.java:43)
08-06 03:43:37.399  1142 11533 E baseline.com.newsblur.network.APIResponse: 	at okhttp3.internal.http.RealInterceptorChain.proceed(RealInterceptorChain.java:142)
08-06 03:43:37.399  1142 11533 E baseline.com.newsblur.network.APIResponse: 	at okhttp3.internal.http.RealInterceptorChain.proceed(RealInterceptorChain.java:117)
08-06 03:43:37.399  1142 11533 E baseline.com.newsblur.network.APIResponse: 	at okhttp3.internal.cache.CacheInterceptor.intercept(CacheInterceptor.java:94)
08-06 03:43:37.399  1142 11533 E baseline.com.newsblur.network.APIResponse: 	at okhttp3.internal.http.RealInterceptorChain.proceed(RealInterceptorChain.java:142)
08-06 03:43:37.399  1142 11533 E baseline.com.newsblur.network.APIResponse: 	at okhttp3.internal.http.RealInterceptorChain.proceed(RealInterceptorChain.java:117)
08-06 03:43:37.399  1142 11533 E baseline.com.newsblur.network.APIResponse: 	at okhttp3.internal.http.BridgeInterceptor.intercept(BridgeInterceptor.java:93)
08-06 03:43:37.399  1142 11533 E baseline.com.newsblur.network.APIResponse: 	at okhttp3.internal.http.RealInterceptorChain.proceed(RealInterceptorChain.java:142)
08-06 03:43:37.399  1142 11533 E baseline.com.newsblur.network.APIResponse: 	at okhttp3.internal.http.RetryAndFollowUpInterceptor.intercept(RetryAndFollowUpInterceptor.java:88)
08-06 03:43:37.399  1142 11533 E baseline.com.newsblur.network.APIResponse: 	at okhttp3.internal.http.RealInterceptorChain.proceed(RealInterceptorChain.java:142)
08-06 03:43:37.399  1142 11533 E baseline.com.newsblur.network.APIResponse: 	at okhttp3.internal.http.RealInterceptorChain.proceed(RealInterceptorChain.java:117)
08-06 03:43:37.399  1142 11533 E baseline.com.newsblur.network.APIResponse: 	at okhttp3.RealCall.getResponseWithInterceptorChain(RealCall.java:229)
08-06 03:43:37.399  1142 11533 E baseline.com.newsblur.network.APIResponse: 	at okhttp3.RealCall.execute(RealCall.java:81)
08-06 03:43:37.399  1142 11533 E baseline.com.newsblur.network.APIResponse: 	at baseline.com.newsblur.network.APIResponse.<init>(APIResponse.java:57)
08-06 03:43:37.399  1142 11533 E baseline.com.newsblur.network.APIResponse: 	at baseline.com.newsblur.network.APIResponse.<init>(APIResponse.java:43)
08-06 03:43:37.399  1142 11533 E baseline.com.newsblur.network.APIResponse: 	at baseline.com.newsblur.network.APIManager.post_single(APIManager.java:702)
08-06 03:43:37.399  1142 11533 E baseline.com.newsblur.network.APIResponse: 	at baseline.com.newsblur.network.APIManager.post(APIManager.java:675)
08-06 03:43:37.399  1142 11533 E baseline.com.newsblur.network.APIResponse: 	at baseline.com.newsblur.network.APIManager.post(APIManager.java:714)
08-06 03:43:37.399  1142 11533 E baseline.com.newsblur.network.APIResponse: 	at baseline.com.newsblur.network.APIManager.markStoryAsRead(APIManager.java:205)
08-06 03:43:37.399  1142 11533 E baseline.com.newsblur.network.APIResponse: 	at baseline.com.newsblur.util.ReadingAction.doRemote(ReadingAction.java:281)
08-06 03:43:37.399  1142 11533 E baseline.com.newsblur.network.APIResponse: 	at baseline.com.newsblur.service.NBSyncService.syncActions(NBSyncService.java:400)
08-06 03:43:37.399  1142 11533 E baseline.com.newsblur.network.APIResponse: 	at baseline.com.newsblur.service.NBSyncService.doSync(NBSyncService.java:298)
08-06 03:43:37.399  1142 11533 E baseline.com.newsblur.network.APIResponse: 	at baseline.com.newsblur.service.NBSyncService.access$100(NBSyncService.java:67)
08-06 03:43:37.399  1142 11533 E baseline.com.newsblur.network.APIResponse: 	at baseline.com.newsblur.service.NBSyncService$1.run(NBSyncService.java:188)
08-06 03:43:37.399  1142 11533 E baseline.com.newsblur.network.APIResponse: 	at java.util.concurrent.ThreadPoolExecutor.runWorker(ThreadPoolExecutor.java:1113)
08-06 03:43:37.399  1142 11533 E baseline.com.newsblur.network.APIResponse: 	at java.util.concurrent.ThreadPoolExecutor$Worker.run(ThreadPoolExecutor.java:588)
08-06 03:43:37.399  1142 11533 E baseline.com.newsblur.network.APIResponse: 	at java.lang.Thread.run(Thread.java:818)
08-06 03:43:37.399  1142 11533 E baseline.com.newsblur.network.APIResponse: Caused by: java.io.EOFException: \n not found: limit=0 content=
08-06 03:43:37.399  1142 11533 E baseline.com.newsblur.network.APIResponse: 	at okio.RealBufferedSource.readUtf8LineStrict(RealBufferedSource.java:240)
08-06 03:43:37.399  1142 11533 E baseline.com.newsblur.network.APIResponse: 	at okhttp3.internal.http1.Http1ExchangeCodec.readHeaderLine(Http1ExchangeCodec.java:242)
08-06 03:43:37.399  1142 11533 E baseline.com.newsblur.network.APIResponse: 	at okhttp3.internal.http1.Http1ExchangeCodec.readResponseHeaders(Http1ExchangeCodec.java:213)
08-06 03:43:37.399  1142 11533 E baseline.com.newsblur.network.APIResponse: 	... 30 more
08-06 03:43:37.401  1142 11533 I baseline.com.newsblur.service.NBSyncService: Holding reading action with server-side or network error.
08-06 03:43:37.416  1142 11533 W baseline.com.newsblur.service.NBSyncService: hard API failure
08-06 03:43:37.417  1142 11214 I art     : Explicit concurrent mark sweep GC freed 1192(208KB) AllocSpace objects, 2(40KB) LOS objects, 28% free, 41MB/57MB, paused 1.600ms total 56.941ms
08-06 03:43:37.431  1142 11214 I art     : Starting a blocking GC Explicit
08-06 03:43:37.488  1142 11214 I art     : Explicit concurrent mark sweep GC freed 518(66KB) AllocSpace objects, 2(40KB) LOS objects, 28% free, 41MB/57MB, paused 1.632ms total 56.450ms
08-06 03:43:37.503  1142 11214 I art     : Starting a blocking GC Explicit
08-06 03:43:37.563  1142 11214 I art     : Explicit concurrent mark sweep GC freed 51(1984B) AllocSpace objects, 0(0B) LOS objects, 28% free, 41MB/57MB, paused 1.763ms total 59.429ms
08-06 03:43:37.884  1142 11533 E baseline.com.newsblur.network.APIResponse: Error (unexpected end of stream on https://www.newsblur.com/...) calling https://www.newsblur.com/reader/mark_story_hashes_as_read/
08-06 03:43:37.884  1142 11533 E baseline.com.newsblur.network.APIResponse: java.io.IOException: unexpected end of stream on https://www.newsblur.com/...
08-06 03:43:37.884  1142 11533 E baseline.com.newsblur.network.APIResponse: 	at okhttp3.internal.http1.Http1ExchangeCodec.readResponseHeaders(Http1ExchangeCodec.java:236)
08-06 03:43:37.884  1142 11533 E baseline.com.newsblur.network.APIResponse: 	at okhttp3.internal.connection.Exchange.readResponseHeaders(Exchange.java:115)
08-06 03:43:37.884  1142 11533 E baseline.com.newsblur.network.APIResponse: 	at okhttp3.internal.http.CallServerInterceptor.intercept(CallServerInterceptor.java:94)
08-06 03:43:37.884  1142 11533 E baseline.com.newsblur.network.APIResponse: 	at okhttp3.internal.http.RealInterceptorChain.proceed(RealInterceptorChain.java:142)
08-06 03:43:37.884  1142 11533 E baseline.com.newsblur.network.APIResponse: 	at okhttp3.internal.connection.ConnectInterceptor.intercept(ConnectInterceptor.java:43)
08-06 03:43:37.884  1142 11533 E baseline.com.newsblur.network.APIResponse: 	at okhttp3.internal.http.RealInterceptorChain.proceed(RealInterceptorChain.java:142)
08-06 03:43:37.884  1142 11533 E baseline.com.newsblur.network.APIResponse: 	at okhttp3.internal.http.RealInterceptorChain.proceed(RealInterceptorChain.java:117)
08-06 03:43:37.884  1142 11533 E baseline.com.newsblur.network.APIResponse: 	at okhttp3.internal.cache.CacheInterceptor.intercept(CacheInterceptor.java:94)
08-06 03:43:37.884  1142 11533 E baseline.com.newsblur.network.APIResponse: 	at okhttp3.internal.http.RealInterceptorChain.proceed(RealInterceptorChain.java:142)
08-06 03:43:37.884  1142 11533 E baseline.com.newsblur.network.APIResponse: 	at okhttp3.internal.http.RealInterceptorChain.proceed(RealInterceptorChain.java:117)
08-06 03:43:37.884  1142 11533 E baseline.com.newsblur.network.APIResponse: 	at okhttp3.internal.http.BridgeInterceptor.intercept(BridgeInterceptor.java:93)
08-06 03:43:37.884  1142 11533 E baseline.com.newsblur.network.APIResponse: 	at okhttp3.internal.http.RealInterceptorChain.proceed(RealInterceptorChain.java:142)
08-06 03:43:37.884  1142 11533 E baseline.com.newsblur.network.APIResponse: 	at okhttp3.internal.http.RetryAndFollowUpInterceptor.intercept(RetryAndFollowUpInterceptor.java:88)
08-06 03:43:37.884  1142 11533 E baseline.com.newsblur.network.APIResponse: 	at okhttp3.internal.http.RealInterceptorChain.proceed(RealInterceptorChain.java:142)
08-06 03:43:37.884  1142 11533 E baseline.com.newsblur.network.APIResponse: 	at okhttp3.internal.http.RealInterceptorChain.proceed(RealInterceptorChain.java:117)
08-06 03:43:37.884  1142 11533 E baseline.com.newsblur.network.APIResponse: 	at okhttp3.RealCall.getResponseWithInterceptorChain(RealCall.java:229)
08-06 03:43:37.884  1142 11533 E baseline.com.newsblur.network.APIResponse: 	at okhttp3.RealCall.execute(RealCall.java:81)
08-06 03:43:37.884  1142 11533 E baseline.com.newsblur.network.APIResponse: 	at baseline.com.newsblur.network.APIResponse.<init>(APIResponse.java:57)
08-06 03:43:37.884  1142 11533 E baseline.com.newsblur.network.APIResponse: 	at baseline.com.newsblur.network.APIResponse.<init>(APIResponse.java:43)
08-06 03:43:37.884  1142 11533 E baseline.com.newsblur.network.APIResponse: 	at baseline.com.newsblur.network.APIManager.post_single(APIManager.java:702)
08-06 03:43:37.884  1142 11533 E baseline.com.newsblur.network.APIResponse: 	at baseline.com.newsblur.network.APIManager.post(APIManager.java:675)
08-06 03:43:37.884  1142 11533 E baseline.com.newsblur.network.APIResponse: 	at baseline.com.newsblur.network.APIManager.post(APIManager.java:714)
08-06 03:43:37.884  1142 11533 E baseline.com.newsblur.network.APIResponse: 	at baseline.com.newsblur.network.APIManager.markStoryAsRead(APIManager.java:205)
08-06 03:43:37.884  1142 11533 E baseline.com.newsblur.network.APIResponse: 	at baseline.com.newsblur.util.ReadingAction.doRemote(ReadingAction.java:281)
08-06 03:43:37.884  1142 11533 E baseline.com.newsblur.network.APIResponse: 	at baseline.com.newsblur.service.NBSyncService.syncActions(NBSyncService.java:400)
08-06 03:43:37.884  1142 11533 E baseline.com.newsblur.network.APIResponse: 	at baseline.com.newsblur.service.NBSyncService.doSync(NBSyncService.java:298)
08-06 03:43:37.884  1142 11533 E baseline.com.newsblur.network.APIResponse: 	at baseline.com.newsblur.service.NBSyncService.access$100(NBSyncService.java:67)
08-06 03:43:37.884  1142 11533 E baseline.com.newsblur.network.APIResponse: 	at baseline.com.newsblur.service.NBSyncService$1.run(NBSyncService.java:188)
08-06 03:43:37.884  1142 11533 E baseline.com.newsblur.network.APIResponse: 	at java.util.concurrent.ThreadPoolExecutor.runWorker(ThreadPoolExecutor.java:1113)
08-06 03:43:37.884  1142 11533 E baseline.com.newsblur.network.APIResponse: 	at java.util.concurrent.ThreadPoolExecutor$Worker.run(ThreadPoolExecutor.java:588)
08-06 03:43:37.884  1142 11533 E baseline.com.newsblur.network.APIResponse: 	at java.lang.Thread.run(Thread.java:818)
08-06 03:43:37.884  1142 11533 E baseline.com.newsblur.network.APIResponse: Caused by: java.io.EOFException: \n not found: limit=0 content=
08-06 03:43:37.884  1142 11533 E baseline.com.newsblur.network.APIResponse: 	at okio.RealBufferedSource.readUtf8LineStrict(RealBufferedSource.java:240)
08-06 03:43:37.884  1142 11533 E baseline.com.newsblur.network.APIResponse: 	at okhttp3.internal.http1.Http1ExchangeCodec.readHeaderLine(Http1ExchangeCodec.java:242)
08-06 03:43:37.884  1142 11533 E baseline.com.newsblur.network.APIResponse: 	at okhttp3.internal.http1.Http1ExchangeCodec.readResponseHeaders(Http1ExchangeCodec.java:213)
08-06 03:43:37.884  1142 11533 E baseline.com.newsblur.network.APIResponse: 	... 30 more
08-06 03:43:37.885  1142 11533 I baseline.com.newsblur.network.APIManager: API call failed, pausing before retry number 1
08-06 03:43:37.951  1142  1153 I art     : Starting a blocking GC Explicit
08-06 03:43:38.010  1142  1153 I art     : Explicit concurrent mark sweep GC freed 3957(357KB) AllocSpace objects, 3(60KB) LOS objects, 28% free, 41MB/57MB, paused 1.549ms total 58.796ms
08-06 03:43:38.025  1142  1153 I art     : Starting a blocking GC Explicit
08-06 03:43:38.084  1142  1153 I art     : Explicit concurrent mark sweep GC freed 120(4KB) AllocSpace objects, 0(0B) LOS objects, 28% free, 41MB/57MB, paused 1.531ms total 58.770ms
08-06 03:43:38.101  1142  1153 I art     : Starting a blocking GC Explicit
08-06 03:43:38.157  1142  1153 I art     : Explicit concurrent mark sweep GC freed 3(96B) AllocSpace objects, 0(0B) LOS objects, 28% free, 41MB/57MB, paused 1.539ms total 55.662ms
08-06 03:43:38.171  1142  1153 I art     : Starting a blocking GC Explicit
08-06 03:43:38.227  1142  1153 I art     : Explicit concurrent mark sweep GC freed 3(96B) AllocSpace objects, 0(0B) LOS objects, 28% free, 41MB/57MB, paused 1.464ms total 55.880ms
08-06 03:43:38.241  1142  1153 I art     : Starting a blocking GC Explicit
08-06 03:43:38.299  1142  1153 I art     : Explicit concurrent mark sweep GC freed 3(96B) AllocSpace objects, 0(0B) LOS objects, 28% free, 41MB/57MB, paused 1.652ms total 57.704ms
08-06 03:43:38.683  1142 10856 I art     : Starting a blocking GC Explicit
08-06 03:43:38.737  1142 10856 I art     : Explicit concurrent mark sweep GC freed 1445(83KB) AllocSpace objects, 1(20KB) LOS objects, 28% free, 41MB/57MB, paused 1.525ms total 53.554ms
08-06 03:43:38.751  1142 10856 I art     : Starting a blocking GC Explicit
08-06 03:43:38.807  1142 10856 I art     : Explicit concurrent mark sweep GC freed 22(784B) AllocSpace objects, 0(0B) LOS objects, 28% free, 41MB/57MB, paused 1.518ms total 55.023ms
08-06 03:43:38.824  1142 10856 I art     : Starting a blocking GC Explicit
08-06 03:43:38.881  1142 10856 I art     : Explicit concurrent mark sweep GC freed 3(96B) AllocSpace objects, 0(0B) LOS objects, 28% free, 41MB/57MB, paused 1.577ms total 56.452ms
08-06 03:43:38.895  1142 10856 I art     : Starting a blocking GC Explicit
08-06 03:43:38.952  1142 10856 I art     : Explicit concurrent mark sweep GC freed 3(96B) AllocSpace objects, 0(0B) LOS objects, 28% free, 41MB/57MB, paused 1.603ms total 56.843ms
08-06 03:43:38.966  1142 10856 I art     : Starting a blocking GC Explicit
08-06 03:43:39.024  1142 10856 I art     : Explicit concurrent mark sweep GC freed 3(96B) AllocSpace objects, 0(0B) LOS objects, 28% free, 41MB/57MB, paused 1.402ms total 57.669ms
08-06 03:43:39.413  1142  1154 I art     : Starting a blocking GC Explicit
08-06 03:43:39.472  1142  1154 I art     : Explicit concurrent mark sweep GC freed 1534(86KB) AllocSpace objects, 1(20KB) LOS objects, 28% free, 41MB/57MB, paused 1.655ms total 58.125ms
08-06 03:43:39.486  1142  1154 I art     : Starting a blocking GC Explicit
08-06 03:43:39.545  1142  1154 I art     : Explicit concurrent mark sweep GC freed 96(5KB) AllocSpace objects, 0(0B) LOS objects, 28% free, 41MB/57MB, paused 1.553ms total 59.079ms
08-06 03:43:39.560  1142  1154 I art     : Starting a blocking GC Explicit
08-06 03:43:39.621  1142  1154 I art     : Explicit concurrent mark sweep GC freed 9(400B) AllocSpace objects, 0(0B) LOS objects, 28% free, 41MB/57MB, paused 1.541ms total 60.934ms
08-06 03:43:39.640  1142  1154 I art     : Starting a blocking GC Explicit
08-06 03:43:39.695  1142  1154 I art     : Explicit concurrent mark sweep GC freed 3(96B) AllocSpace objects, 0(0B) LOS objects, 28% free, 41MB/57MB, paused 1.587ms total 55.592ms
08-06 03:43:39.710  1142  1154 I art     : Starting a blocking GC Explicit
08-06 03:43:39.766  1142  1154 I art     : Explicit concurrent mark sweep GC freed 3(96B) AllocSpace objects, 0(0B) LOS objects, 28% free, 41MB/57MB, paused 1.572ms total 56.105ms
08-06 03:43:39.958  1142 11533 E baseline.com.newsblur.network.APIResponse: Error (unexpected end of stream on https://www.newsblur.com/...) calling https://www.newsblur.com/reader/mark_story_hashes_as_read/
08-06 03:43:39.958  1142 11533 E baseline.com.newsblur.network.APIResponse: java.io.IOException: unexpected end of stream on https://www.newsblur.com/...
08-06 03:43:39.958  1142 11533 E baseline.com.newsblur.network.APIResponse: 	at okhttp3.internal.http1.Http1ExchangeCodec.readResponseHeaders(Http1ExchangeCodec.java:236)
08-06 03:43:39.958  1142 11533 E baseline.com.newsblur.network.APIResponse: 	at okhttp3.internal.connection.Exchange.readResponseHeaders(Exchange.java:115)
08-06 03:43:39.958  1142 11533 E baseline.com.newsblur.network.APIResponse: 	at okhttp3.internal.http.CallServerInterceptor.intercept(CallServerInterceptor.java:94)
08-06 03:43:39.958  1142 11533 E baseline.com.newsblur.network.APIResponse: 	at okhttp3.internal.http.RealInterceptorChain.proceed(RealInterceptorChain.java:142)
08-06 03:43:39.958  1142 11533 E baseline.com.newsblur.network.APIResponse: 	at okhttp3.internal.connection.ConnectInterceptor.intercept(ConnectInterceptor.java:43)
08-06 03:43:39.958  1142 11533 E baseline.com.newsblur.network.APIResponse: 	at okhttp3.internal.http.RealInterceptorChain.proceed(RealInterceptorChain.java:142)
08-06 03:43:39.958  1142 11533 E baseline.com.newsblur.network.APIResponse: 	at okhttp3.internal.http.RealInterceptorChain.proceed(RealInterceptorChain.java:117)
08-06 03:43:39.958  1142 11533 E baseline.com.newsblur.network.APIResponse: 	at okhttp3.internal.cache.CacheInterceptor.intercept(CacheInterceptor.java:94)
08-06 03:43:39.958  1142 11533 E baseline.com.newsblur.network.APIResponse: 	at okhttp3.internal.http.RealInterceptorChain.proceed(RealInterceptorChain.java:142)
08-06 03:43:39.958  1142 11533 E baseline.com.newsblur.network.APIResponse: 	at okhttp3.internal.http.RealInterceptorChain.proceed(RealInterceptorChain.java:117)
08-06 03:43:39.958  1142 11533 E baseline.com.newsblur.network.APIResponse: 	at okhttp3.internal.http.BridgeInterceptor.intercept(BridgeInterceptor.java:93)
08-06 03:43:39.958  1142 11533 E baseline.com.newsblur.network.APIResponse: 	at okhttp3.internal.http.RealInterceptorChain.proceed(RealInterceptorChain.java:142)
08-06 03:43:39.958  1142 11533 E baseline.com.newsblur.network.APIResponse: 	at okhttp3.internal.http.RetryAndFollowUpInterceptor.intercept(RetryAndFollowUpInterceptor.java:88)
08-06 03:43:39.958  1142 11533 E baseline.com.newsblur.network.APIResponse: 	at okhttp3.internal.http.RealInterceptorChain.proceed(RealInterceptorChain.java:142)
08-06 03:43:39.958  1142 11533 E baseline.com.newsblur.network.APIResponse: 	at okhttp3.internal.http.RealInterceptorChain.proceed(RealInterceptorChain.java:117)
08-06 03:43:39.958  1142 11533 E baseline.com.newsblur.network.APIResponse: 	at okhttp3.RealCall.getResponseWithInterceptorChain(RealCall.java:229)
08-06 03:43:39.958  1142 11533 E baseline.com.newsblur.network.APIResponse: 	at okhttp3.RealCall.execute(RealCall.java:81)
08-06 03:43:39.958  1142 11533 E baseline.com.newsblur.network.APIResponse: 	at baseline.com.newsblur.network.APIResponse.<init>(APIResponse.java:57)
08-06 03:43:39.958  1142 11533 E baseline.com.newsblur.network.APIResponse: 	at baseline.com.newsblur.network.APIResponse.<init>(APIResponse.java:43)
08-06 03:43:39.958  1142 11533 E baseline.com.newsblur.network.APIResponse: 	at baseline.com.newsblur.network.APIManager.post_single(APIManager.java:702)
08-06 03:43:39.958  1142 11533 E baseline.com.newsblur.network.APIResponse: 	at baseline.com.newsblur.network.APIManager.post(APIManager.java:675)
08-06 03:43:39.958  1142 11533 E baseline.com.newsblur.network.APIResponse: 	at baseline.com.newsblur.network.APIManager.post(APIManager.java:714)
08-06 03:43:39.958  1142 11533 E baseline.com.newsblur.network.APIResponse: 	at baseline.com.newsblur.network.APIManager.markStoryAsRead(APIManager.java:205)
08-06 03:43:39.958  1142 11533 E baseline.com.newsblur.network.APIResponse: 	at baseline.com.newsblur.util.ReadingAction.doRemote(ReadingAction.java:281)
08-06 03:43:39.958  1142 11533 E baseline.com.newsblur.network.APIResponse: 	at baseline.com.newsblur.service.NBSyncService.syncActions(NBSyncService.java:400)
08-06 03:43:39.958  1142 11533 E baseline.com.newsblur.network.APIResponse: 	at baseline.com.newsblur.service.NBSyncService.doSync(NBSyncService.java:298)
08-06 03:43:39.958  1142 11533 E baseline.com.newsblur.network.APIResponse: 	at baseline.com.newsblur.service.NBSyncService.access$100(NBSyncService.java:67)
08-06 03:43:39.958  1142 11533 E baseline.com.newsblur.network.APIResponse: 	at baseline.com.newsblur.service.NBSyncService$1.run(NBSyncService.java:188)
08-06 03:43:39.958  1142 11533 E baseline.com.newsblur.network.APIResponse: 	at java.util.concurrent.ThreadPoolExecutor.runWorker(ThreadPoolExecutor.java:1113)
08-06 03:43:39.958  1142 11533 E baseline.com.newsblur.network.APIResponse: 	at java.util.concurrent.ThreadPoolExecutor$Worker.run(ThreadPoolExecutor.java:588)
08-06 03:43:39.958  1142 11533 E baseline.com.newsblur.network.APIResponse: 	at java.lang.Thread.run(Thread.java:818)
08-06 03:43:39.958  1142 11533 E baseline.com.newsblur.network.APIResponse: Caused by: java.io.EOFException: \n not found: limit=0 content=
08-06 03:43:39.958  1142 11533 E baseline.com.newsblur.network.APIResponse: 	at okio.RealBufferedSource.readUtf8LineStrict(RealBufferedSource.java:240)
08-06 03:43:39.958  1142 11533 E baseline.com.newsblur.network.APIResponse: 	at okhttp3.internal.http1.Http1ExchangeCodec.readHeaderLine(Http1ExchangeCodec.java:242)
08-06 03:43:39.958  1142 11533 E baseline.com.newsblur.network.APIResponse: 	at okhttp3.internal.http1.Http1ExchangeCodec.readResponseHeaders(Http1ExchangeCodec.java:213)
08-06 03:43:39.958  1142 11533 E baseline.com.newsblur.network.APIResponse: 	... 30 more
08-06 03:43:39.959  1142 11533 I baseline.com.newsblur.network.APIManager: API call failed, pausing before retry number 2
08-06 03:43:40.169  1142 11214 I art     : Starting a blocking GC Explicit
08-06 03:43:40.223  1142 11214 I art     : Explicit concurrent mark sweep GC freed 4961(406KB) AllocSpace objects, 3(60KB) LOS objects, 28% free, 41MB/57MB, paused 1.437ms total 53.537ms
08-06 03:43:40.237  1142 11214 I art     : Starting a blocking GC Explicit
08-06 03:43:40.294  1142 11214 I art     : Explicit concurrent mark sweep GC freed 1002(70KB) AllocSpace objects, 0(0B) LOS objects, 28% free, 41MB/57MB, paused 1.549ms total 56.765ms
08-06 03:43:40.308  1142 11214 I art     : Starting a blocking GC Explicit
08-06 03:43:40.366  1142 11214 I art     : Explicit concurrent mark sweep GC freed 3(96B) AllocSpace objects, 0(0B) LOS objects, 28% free, 41MB/57MB, paused 1.495ms total 56.887ms
08-06 03:43:40.380  1142 11214 I art     : Starting a blocking GC Explicit
08-06 03:43:40.436  1142 11214 I art     : Explicit concurrent mark sweep GC freed 285(16KB) AllocSpace objects, 0(0B) LOS objects, 28% free, 41MB/57MB, paused 1.829ms total 55.619ms
08-06 03:43:40.450  1142 11214 I art     : Starting a blocking GC Explicit
08-06 03:43:40.510  1142 11214 I art     : Explicit concurrent mark sweep GC freed 247(9KB) AllocSpace objects, 0(0B) LOS objects, 28% free, 41MB/57MB, paused 1.605ms total 59.428ms
08-06 03:43:40.688   518   646 I ThermalEngine: ACTION: GPU - Setting GPU[0] to 510000000
08-06 03:43:40.866  1142  1153 I art     : Starting a blocking GC Explicit
08-06 03:43:40.912  1142  1153 I art     : Explicit concurrent mark sweep GC freed 5466(271KB) AllocSpace objects, 1(20KB) LOS objects, 28% free, 41MB/57MB, paused 1.119ms total 45.255ms
08-06 03:43:40.923  1142  1153 I art     : Starting a blocking GC Explicit
08-06 03:43:40.968  1142  1153 I art     : Explicit concurrent mark sweep GC freed 195(6KB) AllocSpace objects, 0(0B) LOS objects, 28% free, 41MB/57MB, paused 1.195ms total 44.262ms
08-06 03:43:40.979  1142  1153 I art     : Starting a blocking GC Explicit
08-06 03:43:41.022  1142  1153 I art     : Explicit concurrent mark sweep GC freed 345(15KB) AllocSpace objects, 0(0B) LOS objects, 28% free, 41MB/57MB, paused 1.166ms total 42.806ms
08-06 03:43:41.033  1142  1153 I art     : Starting a blocking GC Explicit
08-06 03:43:41.077  1142  1153 I art     : Explicit concurrent mark sweep GC freed 1361(50KB) AllocSpace objects, 0(0B) LOS objects, 28% free, 41MB/57MB, paused 1.068ms total 43.554ms
08-06 03:43:41.088  1142  1153 I art     : Starting a blocking GC Explicit
08-06 03:43:41.131  1142  1153 I art     : Explicit concurrent mark sweep GC freed 332(27KB) AllocSpace objects, 0(0B) LOS objects, 28% free, 41MB/57MB, paused 1.114ms total 43.593ms
08-06 03:43:41.506  1142 10856 I art     : Starting a blocking GC Explicit
08-06 03:43:41.551  1142 10856 I art     : Explicit concurrent mark sweep GC freed 1480(84KB) AllocSpace objects, 1(20KB) LOS objects, 28% free, 41MB/57MB, paused 1.183ms total 44.748ms
08-06 03:43:41.562  1142 10856 I art     : Starting a blocking GC Explicit
08-06 03:43:41.605  1142 10856 I art     : Explicit concurrent mark sweep GC freed 22(800B) AllocSpace objects, 0(0B) LOS objects, 28% free, 41MB/57MB, paused 1.127ms total 43.345ms
08-06 03:43:41.617  1142 10856 I art     : Starting a blocking GC Explicit
08-06 03:43:41.660  1142 10856 I art     : Explicit concurrent mark sweep GC freed 3(96B) AllocSpace objects, 0(0B) LOS objects, 28% free, 41MB/57MB, paused 1.130ms total 43.289ms
08-06 03:43:41.671  1142 10856 I art     : Starting a blocking GC Explicit
08-06 03:43:41.715  1142 10856 I art     : Explicit concurrent mark sweep GC freed 3(96B) AllocSpace objects, 0(0B) LOS objects, 28% free, 41MB/57MB, paused 1.108ms total 43.228ms
08-06 03:43:41.726  1142 10856 I art     : Starting a blocking GC Explicit
08-06 03:43:41.771  1142 10856 I art     : Explicit concurrent mark sweep GC freed 3(96B) AllocSpace objects, 0(0B) LOS objects, 28% free, 41MB/57MB, paused 1.139ms total 44.787ms
08-06 03:43:42.136  1142  1154 I art     : Starting a blocking GC Explicit
08-06 03:43:42.181  1142  1154 I art     : Explicit concurrent mark sweep GC freed 1444(83KB) AllocSpace objects, 1(20KB) LOS objects, 28% free, 41MB/57MB, paused 1.058ms total 44.691ms
08-06 03:43:42.194  1142  1154 I art     : Starting a blocking GC Explicit
08-06 03:43:42.236  1142  1154 I art     : Explicit concurrent mark sweep GC freed 22(784B) AllocSpace objects, 0(0B) LOS objects, 28% free, 41MB/57MB, paused 1.019ms total 41.546ms
08-06 03:43:42.246  1142  1154 I art     : Starting a blocking GC Explicit
08-06 03:43:42.288  1142  1154 I art     : Explicit concurrent mark sweep GC freed 3(96B) AllocSpace objects, 0(0B) LOS objects, 28% free, 41MB/57MB, paused 1.150ms total 41.372ms
08-06 03:43:42.299  1142  1154 I art     : Starting a blocking GC Explicit
08-06 03:43:42.341  1142  1154 I art     : Explicit concurrent mark sweep GC freed 3(96B) AllocSpace objects, 0(0B) LOS objects, 28% free, 41MB/57MB, paused 1.108ms total 42.107ms
08-06 03:43:42.352  1142  1154 I art     : Starting a blocking GC Explicit
08-06 03:43:42.395  1142  1154 I art     : Explicit concurrent mark sweep GC freed 3(96B) AllocSpace objects, 0(0B) LOS objects, 28% free, 41MB/57MB, paused 1.125ms total 42.391ms
08-06 03:43:42.755  1142 11214 I art     : Starting a blocking GC Explicit
08-06 03:43:42.799  1142 11214 I art     : Explicit concurrent mark sweep GC freed 1443(83KB) AllocSpace objects, 1(20KB) LOS objects, 28% free, 41MB/57MB, paused 1.080ms total 43.008ms
08-06 03:43:42.810  1142 11214 I art     : Starting a blocking GC Explicit
08-06 03:43:42.853  1142 11214 I art     : Explicit concurrent mark sweep GC freed 22(784B) AllocSpace objects, 0(0B) LOS objects, 28% free, 41MB/57MB, paused 1.068ms total 42.872ms
08-06 03:43:42.864  1142 11214 I art     : Starting a blocking GC Explicit
08-06 03:43:42.909  1142 11214 I art     : Explicit concurrent mark sweep GC freed 3(96B) AllocSpace objects, 0(0B) LOS objects, 28% free, 41MB/57MB, paused 1.140ms total 44.293ms
08-06 03:43:42.920  1142 11214 I art     : Starting a blocking GC Explicit
08-06 03:43:42.963  1142 11214 I art     : Explicit concurrent mark sweep GC freed 9(336B) AllocSpace objects, 0(0B) LOS objects, 28% free, 41MB/57MB, paused 1.134ms total 42.922ms
08-06 03:43:42.974  1142 11214 I art     : Starting a blocking GC Explicit
08-06 03:43:43.018  1142 11214 I art     : Explicit concurrent mark sweep GC freed 88(3KB) AllocSpace objects, 0(0B) LOS objects, 28% free, 41MB/57MB, paused 1.217ms total 43.296ms
08-06 03:43:43.377  1142  1153 I art     : Starting a blocking GC Explicit
08-06 03:43:43.423  1142  1153 I art     : Explicit concurrent mark sweep GC freed 1523(88KB) AllocSpace objects, 1(20KB) LOS objects, 28% free, 41MB/57MB, paused 1.127ms total 45.736ms
08-06 03:43:43.436  1142  1153 I art     : Starting a blocking GC Explicit
08-06 03:43:43.480  1142  1153 I art     : Explicit concurrent mark sweep GC freed 379(16KB) AllocSpace objects, 0(0B) LOS objects, 28% free, 41MB/57MB, paused 1.348ms total 43.990ms
08-06 03:43:43.491  1142  1153 I art     : Starting a blocking GC Explicit
08-06 03:43:43.534  1142  1153 I art     : Explicit concurrent mark sweep GC freed 1354(50KB) AllocSpace objects, 0(0B) LOS objects, 28% free, 41MB/57MB, paused 1.095ms total 43.256ms
08-06 03:43:43.542  1142 11533 E baseline.com.newsblur.network.APIResponse: Error (unexpected end of stream on https://www.newsblur.com/...) calling https://www.newsblur.com/reader/mark_story_hashes_as_read/
08-06 03:43:43.542  1142 11533 E baseline.com.newsblur.network.APIResponse: java.io.IOException: unexpected end of stream on https://www.newsblur.com/...
08-06 03:43:43.542  1142 11533 E baseline.com.newsblur.network.APIResponse: 	at okhttp3.internal.http1.Http1ExchangeCodec.readResponseHeaders(Http1ExchangeCodec.java:236)
08-06 03:43:43.542  1142 11533 E baseline.com.newsblur.network.APIResponse: 	at okhttp3.internal.connection.Exchange.readResponseHeaders(Exchange.java:115)
08-06 03:43:43.542  1142 11533 E baseline.com.newsblur.network.APIResponse: 	at okhttp3.internal.http.CallServerInterceptor.intercept(CallServerInterceptor.java:94)
08-06 03:43:43.542  1142 11533 E baseline.com.newsblur.network.APIResponse: 	at okhttp3.internal.http.RealInterceptorChain.proceed(RealInterceptorChain.java:142)
08-06 03:43:43.542  1142 11533 E baseline.com.newsblur.network.APIResponse: 	at okhttp3.internal.connection.ConnectInterceptor.intercept(ConnectInterceptor.java:43)
08-06 03:43:43.542  1142 11533 E baseline.com.newsblur.network.APIResponse: 	at okhttp3.internal.http.RealInterceptorChain.proceed(RealInterceptorChain.java:142)
08-06 03:43:43.542  1142 11533 E baseline.com.newsblur.network.APIResponse: 	at okhttp3.internal.http.RealInterceptorChain.proceed(RealInterceptorChain.java:117)
08-06 03:43:43.542  1142 11533 E baseline.com.newsblur.network.APIResponse: 	at okhttp3.internal.cache.CacheInterceptor.intercept(CacheInterceptor.java:94)
08-06 03:43:43.542  1142 11533 E baseline.com.newsblur.network.APIResponse: 	at okhttp3.internal.http.RealInterceptorChain.proceed(RealInterceptorChain.java:142)
08-06 03:43:43.542  1142 11533 E baseline.com.newsblur.network.APIResponse: 	at okhttp3.internal.http.RealInterceptorChain.proceed(RealInterceptorChain.java:117)
08-06 03:43:43.542  1142 11533 E baseline.com.newsblur.network.APIResponse: 	at okhttp3.internal.http.BridgeInterceptor.intercept(BridgeInterceptor.java:93)
08-06 03:43:43.542  1142 11533 E baseline.com.newsblur.network.APIResponse: 	at okhttp3.internal.http.RealInterceptorChain.proceed(RealInterceptorChain.java:142)
08-06 03:43:43.542  1142 11533 E baseline.com.newsblur.network.APIResponse: 	at okhttp3.internal.http.RetryAndFollowUpInterceptor.intercept(RetryAndFollowUpInterceptor.java:88)
08-06 03:43:43.542  1142 11533 E baseline.com.newsblur.network.APIResponse: 	at okhttp3.internal.http.RealInterceptorChain.proceed(RealInterceptorChain.java:142)
08-06 03:43:43.542  1142 11533 E baseline.com.newsblur.network.APIResponse: 	at okhttp3.internal.http.RealInterceptorChain.proceed(RealInterceptorChain.java:117)
08-06 03:43:43.542  1142 11533 E baseline.com.newsblur.network.APIResponse: 	at okhttp3.RealCall.getResponseWithInterceptorChain(RealCall.java:229)
08-06 03:43:43.542  1142 11533 E baseline.com.newsblur.network.APIResponse: 	at okhttp3.RealCall.execute(RealCall.java:81)
08-06 03:43:43.542  1142 11533 E baseline.com.newsblur.network.APIResponse: 	at baseline.com.newsblur.network.APIResponse.<init>(APIResponse.java:57)
08-06 03:43:43.542  1142 11533 E baseline.com.newsblur.network.APIResponse: 	at baseline.com.newsblur.network.APIResponse.<init>(APIResponse.java:43)
08-06 03:43:43.542  1142 11533 E baseline.com.newsblur.network.APIResponse: 	at baseline.com.newsblur.network.APIManager.post_single(APIManager.java:702)
08-06 03:43:43.542  1142 11533 E baseline.com.newsblur.network.APIResponse: 	at baseline.com.newsblur.network.APIManager.post(APIManager.java:675)
08-06 03:43:43.542  1142 11533 E baseline.com.newsblur.network.APIResponse: 	at baseline.com.newsblur.network.APIManager.post(APIManager.java:714)
08-06 03:43:43.542  1142 11533 E baseline.com.newsblur.network.APIResponse: 	at baseline.com.newsblur.network.APIManager.markStoryAsRead(APIManager.java:205)
08-06 03:43:43.542  1142 11533 E baseline.com.newsblur.network.APIResponse: 	at baseline.com.newsblur.util.ReadingAction.doRemote(ReadingAction.java:281)
08-06 03:43:43.542  1142 11533 E baseline.com.newsblur.network.APIResponse: 	at baseline.com.newsblur.service.NBSyncService.syncActions(NBSyncService.java:400)
08-06 03:43:43.542  1142 11533 E baseline.com.newsblur.network.APIResponse: 	at baseline.com.newsblur.service.NBSyncService.doSync(NBSyncService.java:298)
08-06 03:43:43.542  1142 11533 E baseline.com.newsblur.network.APIResponse: 	at baseline.com.newsblur.service.NBSyncService.access$100(NBSyncService.java:67)
08-06 03:43:43.542  1142 11533 E baseline.com.newsblur.network.APIResponse: 	at baseline.com.newsblur.service.NBSyncService$1.run(NBSyncService.java:188)
08-06 03:43:43.542  1142 11533 E baseline.com.newsblur.network.APIResponse: 	at java.util.concurrent.ThreadPoolExecutor.runWorker(ThreadPoolExecutor.java:1113)
08-06 03:43:43.542  1142 11533 E baseline.com.newsblur.network.APIResponse: 	at java.util.concurrent.ThreadPoolExecutor$Worker.run(ThreadPoolExecutor.java:588)
08-06 03:43:43.542  1142 11533 E baseline.com.newsblur.network.APIResponse: 	at java.lang.Thread.run(Thread.java:818)
08-06 03:43:43.542  1142 11533 E baseline.com.newsblur.network.APIResponse: Caused by: java.io.EOFException: \n not found: limit=0 content=
08-06 03:43:43.542  1142 11533 E baseline.com.newsblur.network.APIResponse: 	at okio.RealBufferedSource.readUtf8LineStrict(RealBufferedSource.java:240)
08-06 03:43:43.542  1142 11533 E baseline.com.newsblur.network.APIResponse: 	at okhttp3.internal.http1.Http1ExchangeCodec.readHeaderLine(Http1ExchangeCodec.java:242)
08-06 03:43:43.542  1142 11533 E baseline.com.newsblur.network.APIResponse: 	at okhttp3.internal.http1.Http1ExchangeCodec.readResponseHeaders(Http1ExchangeCodec.java:213)
08-06 03:43:43.542  1142 11533 E baseline.com.newsblur.network.APIResponse: 	... 30 more
08-06 03:43:43.543  1142 11533 I baseline.com.newsblur.service.NBSyncService: Holding reading action with server-side or network error.
08-06 03:43:43.545  1142  1153 I art     : Starting a blocking GC Explicit
08-06 03:43:43.554  1142 11533 W baseline.com.newsblur.service.NBSyncService: hard API failure
08-06 03:43:43.587  1142  1153 I art     : Explicit concurrent mark sweep GC freed 1248(251KB) AllocSpace objects, 4(80KB) LOS objects, 28% free, 41MB/57MB, paused 1.123ms total 42.203ms
08-06 03:43:43.598  1142  1153 I art     : Starting a blocking GC Explicit
08-06 03:43:43.641  1142  1153 I art     : Explicit concurrent mark sweep GC freed 76(10KB) AllocSpace objects, 0(0B) LOS objects, 28% free, 41MB/57MB, paused 1.068ms total 42.572ms
08-06 03:43:43.674   918   937 W ProcessCpuTracker: Skipping unknown process pid 12419
08-06 03:43:43.674   918   937 W ProcessCpuTracker: Skipping unknown process pid 12421
08-06 03:43:43.674   918   937 W ProcessCpuTracker: Skipping unknown process pid 12422
08-06 03:43:44.017  1142 10856 I art     : Starting a blocking GC Explicit
08-06 03:43:44.032  1142 11533 E baseline.com.newsblur.network.APIResponse: Error (unexpected end of stream on https://www.newsblur.com/...) calling https://www.newsblur.com/reader/mark_story_hashes_as_read/
08-06 03:43:44.032  1142 11533 E baseline.com.newsblur.network.APIResponse: java.io.IOException: unexpected end of stream on https://www.newsblur.com/...
08-06 03:43:44.032  1142 11533 E baseline.com.newsblur.network.APIResponse: 	at okhttp3.internal.http1.Http1ExchangeCodec.readResponseHeaders(Http1ExchangeCodec.java:236)
08-06 03:43:44.032  1142 11533 E baseline.com.newsblur.network.APIResponse: 	at okhttp3.internal.connection.Exchange.readResponseHeaders(Exchange.java:115)
08-06 03:43:44.032  1142 11533 E baseline.com.newsblur.network.APIResponse: 	at okhttp3.internal.http.CallServerInterceptor.intercept(CallServerInterceptor.java:94)
08-06 03:43:44.032  1142 11533 E baseline.com.newsblur.network.APIResponse: 	at okhttp3.internal.http.RealInterceptorChain.proceed(RealInterceptorChain.java:142)
08-06 03:43:44.032  1142 11533 E baseline.com.newsblur.network.APIResponse: 	at okhttp3.internal.connection.ConnectInterceptor.intercept(ConnectInterceptor.java:43)
08-06 03:43:44.032  1142 11533 E baseline.com.newsblur.network.APIResponse: 	at okhttp3.internal.http.RealInterceptorChain.proceed(RealInterceptorChain.java:142)
08-06 03:43:44.032  1142 11533 E baseline.com.newsblur.network.APIResponse: 	at okhttp3.internal.http.RealInterceptorChain.proceed(RealInterceptorChain.java:117)
08-06 03:43:44.032  1142 11533 E baseline.com.newsblur.network.APIResponse: 	at okhttp3.internal.cache.CacheInterceptor.intercept(CacheInterceptor.java:94)
08-06 03:43:44.032  1142 11533 E baseline.com.newsblur.network.APIResponse: 	at okhttp3.internal.http.RealInterceptorChain.proceed(RealInterceptorChain.java:142)
08-06 03:43:44.032  1142 11533 E baseline.com.newsblur.network.APIResponse: 	at okhttp3.internal.http.RealInterceptorChain.proceed(RealInterceptorChain.java:117)
08-06 03:43:44.032  1142 11533 E baseline.com.newsblur.network.APIResponse: 	at okhttp3.internal.http.BridgeInterceptor.intercept(BridgeInterceptor.java:93)
08-06 03:43:44.032  1142 11533 E baseline.com.newsblur.network.APIResponse: 	at okhttp3.internal.http.RealInterceptorChain.proceed(RealInterceptorChain.java:142)
08-06 03:43:44.032  1142 11533 E baseline.com.newsblur.network.APIResponse: 	at okhttp3.internal.http.RetryAndFollowUpInterceptor.intercept(RetryAndFollowUpInterceptor.java:88)
08-06 03:43:44.032  1142 11533 E baseline.com.newsblur.network.APIResponse: 	at okhttp3.internal.http.RealInterceptorChain.proceed(RealInterceptorChain.java:142)
08-06 03:43:44.032  1142 11533 E baseline.com.newsblur.network.APIResponse: 	at okhttp3.internal.http.RealInterceptorChain.proceed(RealInterceptorChain.java:117)
08-06 03:43:44.032  1142 11533 E baseline.com.newsblur.network.APIResponse: 	at okhttp3.RealCall.getResponseWithInterceptorChain(RealCall.java:229)
08-06 03:43:44.032  1142 11533 E baseline.com.newsblur.network.APIResponse: 	at okhttp3.RealCall.execute(RealCall.java:81)
08-06 03:43:44.032  1142 11533 E baseline.com.newsblur.network.APIResponse: 	at baseline.com.newsblur.network.APIResponse.<init>(APIResponse.java:57)
08-06 03:43:44.032  1142 11533 E baseline.com.newsblur.network.APIResponse: 	at baseline.com.newsblur.network.APIResponse.<init>(APIResponse.java:43)
08-06 03:43:44.032  1142 11533 E baseline.com.newsblur.network.APIResponse: 	at baseline.com.newsblur.network.APIManager.post_single(APIManager.java:702)
08-06 03:43:44.032  1142 11533 E baseline.com.newsblur.network.APIResponse: 	at baseline.com.newsblur.network.APIManager.post(APIManager.java:675)
08-06 03:43:44.032  1142 11533 E baseline.com.newsblur.network.APIResponse: 	at baseline.com.newsblur.network.APIManager.post(APIManager.java:714)
08-06 03:43:44.032  1142 11533 E baseline.com.newsblur.network.APIResponse: 	at baseline.com.newsblur.network.APIManager.markStoryAsRead(APIManager.java:205)
08-06 03:43:44.032  1142 11533 E baseline.com.newsblur.network.APIResponse: 	at baseline.com.newsblur.util.ReadingAction.doRemote(ReadingAction.java:281)
08-06 03:43:44.032  1142 11533 E baseline.com.newsblur.network.APIResponse: 	at baseline.com.newsblur.service.NBSyncService.syncActions(NBSyncService.java:400)
08-06 03:43:44.032  1142 11533 E baseline.com.newsblur.network.APIResponse: 	at baseline.com.newsblur.service.NBSyncService.doSync(NBSyncService.java:298)
08-06 03:43:44.032  1142 11533 E baseline.com.newsblur.network.APIResponse: 	at baseline.com.newsblur.service.NBSyncService.access$100(NBSyncService.java:67)
08-06 03:43:44.032  1142 11533 E baseline.com.newsblur.network.APIResponse: 	at baseline.com.newsblur.service.NBSyncService$1.run(NBSyncService.java:188)
08-06 03:43:44.032  1142 11533 E baseline.com.newsblur.network.APIResponse: 	at java.util.concurrent.ThreadPoolExecutor.runWorker(ThreadPoolExecutor.java:1113)
08-06 03:43:44.032  1142 11533 E baseline.com.newsblur.network.APIResponse: 	at java.util.concurrent.ThreadPoolExecutor$Worker.run(ThreadPoolExecutor.java:588)
08-06 03:43:44.032  1142 11533 E baseline.com.newsblur.network.APIResponse: 	at java.lang.Thread.run(Thread.java:818)
08-06 03:43:44.032  1142 11533 E baseline.com.newsblur.network.APIResponse: Caused by: java.io.EOFException: \n not found: limit=0 content=
08-06 03:43:44.032  1142 11533 E baseline.com.newsblur.network.APIResponse: 	at okio.RealBufferedSource.readUtf8LineStrict(RealBufferedSource.java:240)
08-06 03:43:44.032  1142 11533 E baseline.com.newsblur.network.APIResponse: 	at okhttp3.internal.http1.Http1ExchangeCodec.readHeaderLine(Http1ExchangeCodec.java:242)
08-06 03:43:44.032  1142 11533 E baseline.com.newsblur.network.APIResponse: 	at okhttp3.internal.http1.Http1ExchangeCodec.readResponseHeaders(Http1ExchangeCodec.java:213)
08-06 03:43:44.032  1142 11533 E baseline.com.newsblur.network.APIResponse: 	... 30 more
08-06 03:43:44.033  1142 11533 I baseline.com.newsblur.network.APIManager: API call failed, pausing before retry number 1
08-06 03:43:44.064  1142 10856 I art     : Explicit concurrent mark sweep GC freed 3883(342KB) AllocSpace objects, 3(60KB) LOS objects, 28% free, 41MB/57MB, paused 1.160ms total 46.212ms
08-06 03:43:44.075  1142 10856 I art     : Starting a blocking GC Explicit
08-06 03:43:44.119  1142 10856 I art     : Explicit concurrent mark sweep GC freed 172(18KB) AllocSpace objects, 0(0B) LOS objects, 28% free, 40MB/56MB, paused 1.151ms total 44.023ms
08-06 03:43:44.130  1142 10856 I art     : Starting a blocking GC Explicit
08-06 03:43:44.173  1142 10856 I art     : Explicit concurrent mark sweep GC freed 25(832B) AllocSpace objects, 0(0B) LOS objects, 28% free, 40MB/56MB, paused 1.126ms total 42.221ms
08-06 03:43:44.184  1142 10856 I art     : Starting a blocking GC Explicit
08-06 03:43:44.228  1142 10856 I art     : Explicit concurrent mark sweep GC freed 3(96B) AllocSpace objects, 0(0B) LOS objects, 28% free, 40MB/56MB, paused 1.168ms total 43.429ms
08-06 03:43:44.239  1142 10856 I art     : Starting a blocking GC Explicit
08-06 03:43:44.283  1142 10856 I art     : Explicit concurrent mark sweep GC freed 3(96B) AllocSpace objects, 0(0B) LOS objects, 28% free, 40MB/56MB, paused 1.120ms total 43.513ms
08-06 03:43:44.673  1142  1154 I art     : Starting a blocking GC Explicit
08-06 03:43:44.719  1142  1154 I art     : Explicit concurrent mark sweep GC freed 1443(83KB) AllocSpace objects, 1(20KB) LOS objects, 28% free, 40MB/56MB, paused 1.196ms total 45.295ms
08-06 03:43:44.731  1142  1154 I art     : Starting a blocking GC Explicit
08-06 03:43:44.772  1142  1154 I art     : Explicit concurrent mark sweep GC freed 22(784B) AllocSpace objects, 0(0B) LOS objects, 28% free, 40MB/56MB, paused 1.077ms total 40.965ms
08-06 03:43:44.783  1142  1154 I art     : Starting a blocking GC Explicit
08-06 03:43:44.825  1142  1154 I art     : Explicit concurrent mark sweep GC freed 3(96B) AllocSpace objects, 0(0B) LOS objects, 28% free, 40MB/56MB, paused 1.119ms total 41.701ms
08-06 03:43:44.836  1142  1154 I art     : Starting a blocking GC Explicit
08-06 03:43:44.878  1142  1154 I art     : Explicit concurrent mark sweep GC freed 3(96B) AllocSpace objects, 0(0B) LOS objects, 28% free, 40MB/56MB, paused 1.071ms total 42.140ms
08-06 03:43:44.889  1142  1154 I art     : Starting a blocking GC Explicit
08-06 03:43:44.931  1142  1154 I art     : Explicit concurrent mark sweep GC freed 3(96B) AllocSpace objects, 0(0B) LOS objects, 28% free, 40MB/56MB, paused 1.087ms total 41.737ms
08-06 03:43:45.286  1142 11214 I art     : Starting a blocking GC Explicit
08-06 03:43:45.332  1142 11214 I art     : Explicit concurrent mark sweep GC freed 1443(83KB) AllocSpace objects, 1(20KB) LOS objects, 28% free, 40MB/56MB, paused 1.144ms total 45.995ms
08-06 03:43:45.347  1142 11214 I art     : Starting a blocking GC Explicit
08-06 03:43:45.388  1142 11214 I art     : Explicit concurrent mark sweep GC freed 22(784B) AllocSpace objects, 0(0B) LOS objects, 28% free, 40MB/56MB, paused 1.071ms total 41.078ms
08-06 03:43:45.399  1142 11214 I art     : Starting a blocking GC Explicit
08-06 03:43:45.441  1142 11214 I art     : Explicit concurrent mark sweep GC freed 3(96B) AllocSpace objects, 0(0B) LOS objects, 28% free, 40MB/56MB, paused 1.104ms total 42.290ms
08-06 03:43:45.452  1142 11214 I art     : Starting a blocking GC Explicit
08-06 03:43:45.494  1142 11214 I art     : Explicit concurrent mark sweep GC freed 3(96B) AllocSpace objects, 0(0B) LOS objects, 28% free, 40MB/56MB, paused 1.043ms total 41.716ms
08-06 03:43:45.505  1142 11214 I art     : Starting a blocking GC Explicit
08-06 03:43:45.547  1142 11214 I art     : Explicit concurrent mark sweep GC freed 94(3KB) AllocSpace objects, 0(0B) LOS objects, 28% free, 40MB/56MB, paused 1.082ms total 41.562ms
08-06 03:43:45.862  1142  1153 I art     : Starting a blocking GC Explicit
08-06 03:43:45.905  1142  1153 I art     : Explicit concurrent mark sweep GC freed 1523(88KB) AllocSpace objects, 1(20KB) LOS objects, 28% free, 40MB/56MB, paused 1.162ms total 42.817ms
08-06 03:43:45.916  1142  1153 I art     : Starting a blocking GC Explicit
08-06 03:43:45.958  1142  1153 I art     : Explicit concurrent mark sweep GC freed 22(784B) AllocSpace objects, 0(0B) LOS objects, 28% free, 40MB/56MB, paused 1.278ms total 41.829ms
08-06 03:43:45.959  1142  1152 I art     : WaitForGcToComplete blocked for 42.195ms for cause HeapTrim
08-06 03:43:45.969  1142  1153 I art     : Starting a blocking GC Explicit
08-06 03:43:45.971 12453 12453 D AndroidRuntime: >>>>>> START com.android.internal.os.RuntimeInit uid 2000 <<<<<<
08-06 03:43:45.975 12453 12453 D AndroidRuntime: CheckJNI is OFF
08-06 03:43:46.009 12453 12453 D ICU     : No timezone override file found: /data/misc/zoneinfo/current/icu/icu_tzdata.dat
08-06 03:43:46.012  1142  1153 I art     : Explicit concurrent mark sweep GC freed 3(96B) AllocSpace objects, 0(0B) LOS objects, 28% free, 40MB/56MB, paused 1.186ms total 42.066ms
08-06 03:43:46.022  1142  1153 I art     : Starting a blocking GC Explicit
08-06 03:43:46.044 12453 12453 I Radio-JNI: register_android_hardware_Radio DONE
08-06 03:43:46.064  1142  1153 I art     : Explicit concurrent mark sweep GC freed 1650(64KB) AllocSpace objects, 0(0B) LOS objects, 28% free, 41MB/57MB, paused 1.213ms total 41.283ms
08-06 03:43:46.066 12453 12453 D AndroidRuntime: Calling main entry com.android.commands.input.Input
08-06 03:43:46.068 12453 12453 I Input   : injectKeyEvent: KeyEvent { action=ACTION_DOWN, keyCode=KEYCODE_BACK, scanCode=0, metaState=0, flags=0x0, repeatCount=0, eventTime=848642481, downTime=848642481, deviceId=-1, source=0x101 }
08-06 03:43:46.074 12453 12453 I Input   : injectKeyEvent: KeyEvent { action=ACTION_UP, keyCode=KEYCODE_BACK, scanCode=0, metaState=0, flags=0x0, repeatCount=0, eventTime=848642481, downTime=848642481, deviceId=-1, source=0x101 }
08-06 03:43:46.074  1142  1153 I art     : Starting a blocking GC Explicit
08-06 03:43:46.081 12453 12453 D AndroidRuntime: Shutting down VM
08-06 03:43:46.090  1142  1142 D baseline.com.newsblur.service.NBSyncService: rejecting request for feedset that is exhaused
08-06 03:43:46.099  1142 11533 E baseline.com.newsblur.network.APIResponse: Error (unexpected end of stream on https://www.newsblur.com/...) calling https://www.newsblur.com/reader/mark_story_hashes_as_read/
08-06 03:43:46.099  1142 11533 E baseline.com.newsblur.network.APIResponse: java.io.IOException: unexpected end of stream on https://www.newsblur.com/...
08-06 03:43:46.099  1142 11533 E baseline.com.newsblur.network.APIResponse: 	at okhttp3.internal.http1.Http1ExchangeCodec.readResponseHeaders(Http1ExchangeCodec.java:236)
08-06 03:43:46.099  1142 11533 E baseline.com.newsblur.network.APIResponse: 	at okhttp3.internal.connection.Exchange.readResponseHeaders(Exchange.java:115)
08-06 03:43:46.099  1142 11533 E baseline.com.newsblur.network.APIResponse: 	at okhttp3.internal.http.CallServerInterceptor.intercept(CallServerInterceptor.java:94)
08-06 03:43:46.099  1142 11533 E baseline.com.newsblur.network.APIResponse: 	at okhttp3.internal.http.RealInterceptorChain.proceed(RealInterceptorChain.java:142)
08-06 03:43:46.099  1142 11533 E baseline.com.newsblur.network.APIResponse: 	at okhttp3.internal.connection.ConnectInterceptor.intercept(ConnectInterceptor.java:43)
08-06 03:43:46.099  1142 11533 E baseline.com.newsblur.network.APIResponse: 	at okhttp3.internal.http.RealInterceptorChain.proceed(RealInterceptorChain.java:142)
08-06 03:43:46.099  1142 11533 E baseline.com.newsblur.network.APIResponse: 	at okhttp3.internal.http.RealInterceptorChain.proceed(RealInterceptorChain.java:117)
08-06 03:43:46.099  1142 11533 E baseline.com.newsblur.network.APIResponse: 	at okhttp3.internal.cache.CacheInterceptor.intercept(CacheInterceptor.java:94)
08-06 03:43:46.099  1142 11533 E baseline.com.newsblur.network.APIResponse: 	at okhttp3.internal.http.RealInterceptorChain.proceed(RealInterceptorChain.java:142)
08-06 03:43:46.099  1142 11533 E baseline.com.newsblur.network.APIResponse: 	at okhttp3.internal.http.RealInterceptorChain.proceed(RealInterceptorChain.java:117)
08-06 03:43:46.099  1142 11533 E baseline.com.newsblur.network.APIResponse: 	at okhttp3.internal.http.BridgeInterceptor.intercept(BridgeInterceptor.java:93)
08-06 03:43:46.099  1142 11533 E baseline.com.newsblur.network.APIResponse: 	at okhttp3.internal.http.RealInterceptorChain.proceed(RealInterceptorChain.java:142)
08-06 03:43:46.099  1142 11533 E baseline.com.newsblur.network.APIResponse: 	at okhttp3.internal.http.RetryAndFollowUpInterceptor.intercept(RetryAndFollowUpInterceptor.java:88)
08-06 03:43:46.099  1142 11533 E baseline.com.newsblur.network.APIResponse: 	at okhttp3.internal.http.RealInterceptorChain.proceed(RealInterceptorChain.java:142)
08-06 03:43:46.099  1142 11533 E baseline.com.newsblur.network.APIResponse: 	at okhttp3.internal.http.RealInterceptorChain.proceed(RealInterceptorChain.java:117)
08-06 03:43:46.099  1142 11533 E baseline.com.newsblur.network.APIResponse: 	at okhttp3.RealCall.getResponseWithInterceptorChain(RealCall.java:229)
08-06 03:43:46.099  1142 11533 E baseline.com.newsblur.network.APIResponse: 	at okhttp3.RealCall.execute(RealCall.java:81)
08-06 03:43:46.099  1142 11533 E baseline.com.newsblur.network.APIResponse: 	at baseline.com.newsblur.network.APIResponse.<init>(APIResponse.java:57)
08-06 03:43:46.099  1142 11533 E baseline.com.newsblur.network.APIResponse: 	at baseline.com.newsblur.network.APIResponse.<init>(APIResponse.java:43)
08-06 03:43:46.099  1142 11533 E baseline.com.newsblur.network.APIResponse: 	at baseline.com.newsblur.network.APIManager.post_single(APIManager.java:702)
08-06 03:43:46.099  1142 11533 E baseline.com.newsblur.network.APIResponse: 	at baseline.com.newsblur.network.APIManager.post(APIManager.java:675)
08-06 03:43:46.099  1142 11533 E baseline.com.newsblur.network.APIResponse: 	at baseline.com.newsblur.network.APIManager.post(APIManager.java:714)
08-06 03:43:46.099  1142 11533 E baseline.com.newsblur.network.APIResponse: 	at baseline.com.newsblur.network.APIManager.markStoryAsRead(APIManager.java:205)
08-06 03:43:46.099  1142 11533 E baseline.com.newsblur.network.APIResponse: 	at baseline.com.newsblur.util.ReadingAction.doRemote(ReadingAction.java:281)
08-06 03:43:46.099  1142 11533 E baseline.com.newsblur.network.APIResponse: 	at baseline.com.newsblur.service.NBSyncService.syncActions(NBSyncService.java:400)
08-06 03:43:46.099  1142 11533 E baseline.com.newsblur.network.APIResponse: 	at baseline.com.newsblur.service.NBSyncService.doSync(NBSyncService.java:298)
08-06 03:43:46.099  1142 11533 E baseline.com.newsblur.network.APIResponse: 	at baseline.com.newsblur.service.NBSyncService.access$100(NBSyncService.java:67)
08-06 03:43:46.099  1142 11533 E baseline.com.newsblur.network.APIResponse: 	at baseline.com.newsblur.service.NBSyncService$1.run(NBSyncService.java:188)
08-06 03:43:46.099  1142 11533 E baseline.com.newsblur.network.APIResponse: 	at java.util.concurrent.ThreadPoolExecutor.runWorker(ThreadPoolExecutor.java:1113)
08-06 03:43:46.099  1142 11533 E baseline.com.newsblur.network.APIResponse: 	at java.util.concurrent.ThreadPoolExecutor$Worker.run(ThreadPoolExecutor.java:588)
08-06 03:43:46.099  1142 11533 E baseline.com.newsblur.network.APIResponse: 	at java.lang.Thread.run(Thread.java:818)
08-06 03:43:46.099  1142 11533 E baseline.com.newsblur.network.APIResponse: Caused by: java.io.EOFException: \n not found: limit=0 content=
08-06 03:43:46.099  1142 11533 E baseline.com.newsblur.network.APIResponse: 	at okio.RealBufferedSource.readUtf8LineStrict(RealBufferedSource.java:240)
08-06 03:43:46.099  1142 11533 E baseline.com.newsblur.network.APIResponse: 	at okhttp3.internal.http1.Http1ExchangeCodec.readHeaderLine(Http1ExchangeCodec.java:242)
08-06 03:43:46.099  1142 11533 E baseline.com.newsblur.network.APIResponse: 	at okhttp3.internal.http1.Http1ExchangeCodec.readResponseHeaders(Http1ExchangeCodec.java:213)
08-06 03:43:46.099  1142 11533 E baseline.com.newsblur.network.APIResponse: 	... 30 more
08-06 03:43:46.101  1142 11533 I baseline.com.newsblur.network.APIManager: API call failed, pausing before retry number 2
08-06 03:43:46.114  1142  1153 I art     : Explicit concurrent mark sweep GC freed 1053(235KB) AllocSpace objects, 4(80KB) LOS objects, 28% free, 41MB/57MB, paused 1.031ms total 39.014ms
08-06 03:43:46.220  1142  1142 D baseline.com.newsblur.service.NBSyncService: rejecting request for feedset that is exhaused
08-06 03:43:46.222 13866 13866 I GoogleInputMethodServic: GoogleInputMethodService.onFinishInput():3138 
08-06 03:43:46.225 13866 13866 I GoogleInputMethodServic: GoogleInputMethodService.onStartInput():1808 
08-06 03:43:46.402  1142 10856 I art     : Starting a blocking GC Explicit
08-06 03:43:46.443  1142 10856 I art     : Explicit concurrent mark sweep GC freed 3160(238KB) AllocSpace objects, 4(88KB) LOS objects, 28% free, 40MB/56MB, paused 952us total 40.684ms
08-06 03:43:46.453  1142 10856 I art     : Starting a blocking GC Explicit
08-06 03:43:46.492  1142 10856 I art     : Explicit concurrent mark sweep GC freed 162(8KB) AllocSpace objects, 0(0B) LOS objects, 28% free, 40MB/56MB, paused 981us total 39.188ms
08-06 03:43:46.503  1142 10856 I art     : Starting a blocking GC Explicit
08-06 03:43:46.540  1142 10856 I art     : Explicit concurrent mark sweep GC freed 3(96B) AllocSpace objects, 0(0B) LOS objects, 28% free, 40MB/56MB, paused 1.010ms total 37.179ms
08-06 03:43:46.552  1142 10856 I art     : Starting a blocking GC Explicit
08-06 03:43:46.591  1142 10856 I art     : Explicit concurrent mark sweep GC freed 1228(58KB) AllocSpace objects, 0(0B) LOS objects, 28% free, 40MB/56MB, paused 980us total 38.986ms
08-06 03:43:46.603  1142 10856 I art     : Starting a blocking GC Explicit
08-06 03:43:46.642  1142 10856 I art     : Explicit concurrent mark sweep GC freed 121(6KB) AllocSpace objects, 0(0B) LOS objects, 28% free, 40MB/56MB, paused 1.118ms total 39.141ms
08-06 03:43:46.970  1142 11214 I art     : Starting a blocking GC Explicit
08-06 03:43:47.016  1142 11214 I art     : Explicit concurrent mark sweep GC freed 1509(85KB) AllocSpace objects, 1(20KB) LOS objects, 28% free, 40MB/56MB, paused 1.266ms total 46.115ms
08-06 03:43:47.028  1142 11214 I art     : Starting a blocking GC Explicit
08-06 03:43:47.074  1142 11214 I art     : Explicit concurrent mark sweep GC freed 28(976B) AllocSpace objects, 0(0B) LOS objects, 28% free, 40MB/56MB, paused 1.040ms total 46.047ms
08-06 03:43:47.087  1142 11214 I art     : Starting a blocking GC Explicit
08-06 03:43:47.133  1142 11214 I art     : Explicit concurrent mark sweep GC freed 11(352B) AllocSpace objects, 0(0B) LOS objects, 28% free, 40MB/56MB, paused 1.259ms total 45.832ms
08-06 03:43:47.144  1142 11214 I art     : Starting a blocking GC Explicit
08-06 03:43:47.191  1142 11214 I art     : Explicit concurrent mark sweep GC freed 9(288B) AllocSpace objects, 0(0B) LOS objects, 28% free, 40MB/56MB, paused 1.103ms total 46.598ms
08-06 03:43:47.204  1142 11214 I art     : Starting a blocking GC Explicit
08-06 03:43:47.249  1142 11214 I art     : Explicit concurrent mark sweep GC freed 11(352B) AllocSpace objects, 0(0B) LOS objects, 28% free, 40MB/56MB, paused 1.559ms total 44.951ms
08-06 03:43:47.595  1142  1153 I art     : Starting a blocking GC Explicit
08-06 03:43:47.646  1142  1153 I art     : Explicit concurrent mark sweep GC freed 1492(84KB) AllocSpace objects, 1(20KB) LOS objects, 28% free, 40MB/56MB, paused 1.125ms total 50.453ms
08-06 03:43:47.659  1142  1153 I art     : Starting a blocking GC Explicit
08-06 03:43:47.702   518   646 I ThermalEngine: ACTION: GPU - Setting GPU[0] to 450000000
08-06 03:43:47.712  1142  1153 I art     : Explicit concurrent mark sweep GC freed 26(912B) AllocSpace objects, 0(0B) LOS objects, 28% free, 40MB/56MB, paused 1.524ms total 53.014ms
08-06 03:43:47.727  1142  1153 I art     : Starting a blocking GC Explicit
08-06 03:43:47.764 12496 12496 D AndroidRuntime: >>>>>> START com.android.internal.os.RuntimeInit uid 2000 <<<<<<
08-06 03:43:47.769 12496 12496 D AndroidRuntime: CheckJNI is OFF
08-06 03:43:47.781  1142  1153 I art     : Explicit concurrent mark sweep GC freed 3(96B) AllocSpace objects, 0(0B) LOS objects, 28% free, 40MB/56MB, paused 1.636ms total 53.723ms
08-06 03:43:47.795  1142  1153 I art     : Starting a blocking GC Explicit
08-06 03:43:47.817 12496 12496 D ICU     : No timezone override file found: /data/misc/zoneinfo/current/icu/icu_tzdata.dat
08-06 03:43:47.851  1142  1153 I art     : Explicit concurrent mark sweep GC freed 3(96B) AllocSpace objects, 0(0B) LOS objects, 28% free, 40MB/56MB, paused 1.564ms total 55.368ms
08-06 03:43:47.862 12496 12496 I Radio-JNI: register_android_hardware_Radio DONE
08-06 03:43:47.865  1142  1153 I art     : Starting a blocking GC Explicit
08-06 03:43:47.892 12496 12496 D AndroidRuntime: Calling main entry com.android.commands.input.Input
08-06 03:43:47.895 12496 12496 I Input   : injectMotionEvent: MotionEvent { action=ACTION_DOWN, actionButton=0, id[0]=0, x[0]=435.0, y[0]=858.0, toolType[0]=TOOL_TYPE_UNKNOWN, buttonState=0, metaState=0, flags=0x0, edgeFlags=0x0, pointerCount=1, historySize=0, eventTime=848644307, downTime=848644307, deviceId=0, source=0x1002 }
08-06 03:43:47.900 12496 12496 I Input   : injectMotionEvent: MotionEvent { action=ACTION_UP, actionButton=0, id[0]=0, x[0]=435.0, y[0]=858.0, toolType[0]=TOOL_TYPE_UNKNOWN, buttonState=0, metaState=0, flags=0x0, edgeFlags=0x0, pointerCount=1, historySize=0, eventTime=848644307, downTime=848644307, deviceId=0, source=0x1002 }
08-06 03:43:47.902 12496 12496 D AndroidRuntime: Shutting down VM
08-06 03:43:47.912   512  2967 D audio_hw_primary: out_set_parameters: enter: usecase(1: low-latency-playback) kvpairs: routing=2
08-06 03:43:47.913   918   928 I ActivityManager: START u0 {cmp=baseline.com.newsblur/.activity.AllSharedStoriesReading (has extras)} from uid 10698 on display 0
08-06 03:43:47.919  1142  1153 I art     : Explicit concurrent mark sweep GC freed 444(64KB) AllocSpace objects, 0(0B) LOS objects, 28% free, 40MB/56MB, paused 2.569ms total 54.037ms
08-06 03:43:47.925   512  2967 D audio_hw_primary: select_devices: out_snd_device(2: speaker) in_snd_device(0: none)
08-06 03:43:47.925   512  2967 D msm8974_platform: platform_send_audio_calibration: sending audio calibration for snd_device(2) acdb_id(15)
08-06 03:43:47.926   512  2967 I soundtrigger: audio_extn_sound_trigger_update_device_status: device 0x2 of type 0 for Event 1
08-06 03:43:47.936   512  2967 D audio_hw_primary: enable_snd_device: snd_device(2: speaker)
08-06 03:43:47.939   512  2967 D audio_hw_primary: enable_audio_route: apply and update mixer path: low-latency-playback speaker
08-06 03:43:48.176 13866 13866 I GoogleInputMethodServic: GoogleInputMethodService.onFinishInput():3138 
08-06 03:43:48.177 13866 13866 I GoogleInputMethodServic: GoogleInputMethodService.onStartInput():1808 
08-06 03:43:48.178   918   936 I ActivityManager: Displayed baseline.com.newsblur/.activity.AllSharedStoriesReading: +251ms
08-06 03:43:48.285  1142  1153 I art     : Starting a blocking GC Explicit
08-06 03:43:48.343  1142  1153 I art     : Explicit concurrent mark sweep GC freed 5836(469KB) AllocSpace objects, 19(844KB) LOS objects, 27% free, 41MB/57MB, paused 1.545ms total 57.107ms
08-06 03:43:48.364  1142  1153 I art     : Starting a blocking GC Explicit
08-06 03:43:48.416  1142  1153 I art     : Explicit concurrent mark sweep GC freed 1869(134KB) AllocSpace objects, 1(28KB) LOS objects, 27% free, 41MB/57MB, paused 1.429ms total 51.989ms
08-06 03:43:48.429  1142  1153 I art     : Starting a blocking GC Explicit
08-06 03:43:48.478   512  2967 D audio_hw_primary: disable_audio_route: reset and update mixer path: low-latency-playback speaker
08-06 03:43:48.479  1142 11210 E chromium: [ERROR:tile_manager.cc(793)] WARNING: tile memory limits exceeded, some content may not draw
08-06 03:43:48.479  1142  1153 I art     : Explicit concurrent mark sweep GC freed 315(30KB) AllocSpace objects, 0(0B) LOS objects, 27% free, 41MB/57MB, paused 1.623ms total 48.974ms
08-06 03:43:48.479  1142 11210 E chromium: [ERROR:tile_manager.cc(793)] WARNING: tile memory limits exceeded, some content may not draw
08-06 03:43:48.479   512  2967 D audio_hw_primary: disable_snd_device: snd_device(2: speaker)
08-06 03:43:48.487   512  2967 I soundtrigger: audio_extn_sound_trigger_update_device_status: device 0x2 of type 0 for Event 0
08-06 03:43:48.492  1142  1153 I art     : Starting a blocking GC Explicit
08-06 03:43:48.540  1142  1153 I art     : Explicit concurrent mark sweep GC freed 35(1520B) AllocSpace objects, 0(0B) LOS objects, 27% free, 41MB/57MB, paused 1.438ms total 48.255ms
08-06 03:43:48.556  1142  1153 I art     : Starting a blocking GC Explicit
08-06 03:43:48.611  1142  1153 I art     : Explicit concurrent mark sweep GC freed 149(17KB) AllocSpace objects, 2(48KB) LOS objects, 27% free, 41MB/57MB, paused 1.408ms total 54.955ms
08-06 03:43:48.985  1142  1154 I art     : Starting a blocking GC Explicit
08-06 03:43:49.045  1142  1154 I art     : Explicit concurrent mark sweep GC freed 1460(83KB) AllocSpace objects, 1(20KB) LOS objects, 27% free, 41MB/57MB, paused 1.498ms total 60.323ms
08-06 03:43:49.060  1142  1154 I art     : Starting a blocking GC Explicit
08-06 03:43:49.117  1142  1154 I art     : Explicit concurrent mark sweep GC freed 113(4KB) AllocSpace objects, 0(0B) LOS objects, 27% free, 41MB/57MB, paused 1.594ms total 57.099ms
08-06 03:43:49.132  1142  1154 I art     : Starting a blocking GC Explicit
08-06 03:43:49.189  1142  1154 I art     : Explicit concurrent mark sweep GC freed 9(352B) AllocSpace objects, 0(0B) LOS objects, 27% free, 41MB/57MB, paused 1.659ms total 56.637ms
08-06 03:43:49.203  1142  1154 I art     : Starting a blocking GC Explicit
08-06 03:43:49.262  1142  1154 I art     : Explicit concurrent mark sweep GC freed 71(5KB) AllocSpace objects, 0(0B) LOS objects, 27% free, 41MB/57MB, paused 1.616ms total 58.065ms
08-06 03:43:49.277  1142  1154 I art     : Starting a blocking GC Explicit
08-06 03:43:49.334  1142  1154 I art     : Explicit concurrent mark sweep GC freed 9(400B) AllocSpace objects, 0(0B) LOS objects, 27% free, 41MB/57MB, paused 1.557ms total 57.332ms
08-06 03:43:49.498  1142 11210 E chromium: [ERROR:tile_manager.cc(793)] WARNING: tile memory limits exceeded, some content may not draw
08-06 03:43:49.498  1142 11210 E chromium: [ERROR:tile_manager.cc(793)] WARNING: tile memory limits exceeded, some content may not draw
08-06 03:43:49.528  1142 11210 E chromium: [ERROR:tile_manager.cc(793)] WARNING: tile memory limits exceeded, some content may not draw
08-06 03:43:49.529  1142 11210 E chromium: [ERROR:tile_manager.cc(793)] WARNING: tile memory limits exceeded, some content may not draw
08-06 03:43:49.544  1142 11210 E chromium: [ERROR:tile_manager.cc(793)] WARNING: tile memory limits exceeded, some content may not draw
08-06 03:43:49.545  1142 11210 E chromium: [ERROR:tile_manager.cc(793)] WARNING: tile memory limits exceeded, some content may not draw
08-06 03:43:49.666  1142 11533 E baseline.com.newsblur.network.APIResponse: Error (unexpected end of stream on https://www.newsblur.com/...) calling https://www.newsblur.com/reader/mark_story_hashes_as_read/
08-06 03:43:49.666  1142 11533 E baseline.com.newsblur.network.APIResponse: java.io.IOException: unexpected end of stream on https://www.newsblur.com/...
08-06 03:43:49.666  1142 11533 E baseline.com.newsblur.network.APIResponse: 	at okhttp3.internal.http1.Http1ExchangeCodec.readResponseHeaders(Http1ExchangeCodec.java:236)
08-06 03:43:49.666  1142 11533 E baseline.com.newsblur.network.APIResponse: 	at okhttp3.internal.connection.Exchange.readResponseHeaders(Exchange.java:115)
08-06 03:43:49.666  1142 11533 E baseline.com.newsblur.network.APIResponse: 	at okhttp3.internal.http.CallServerInterceptor.intercept(CallServerInterceptor.java:94)
08-06 03:43:49.666  1142 11533 E baseline.com.newsblur.network.APIResponse: 	at okhttp3.internal.http.RealInterceptorChain.proceed(RealInterceptorChain.java:142)
08-06 03:43:49.666  1142 11533 E baseline.com.newsblur.network.APIResponse: 	at okhttp3.internal.connection.ConnectInterceptor.intercept(ConnectInterceptor.java:43)
08-06 03:43:49.666  1142 11533 E baseline.com.newsblur.network.APIResponse: 	at okhttp3.internal.http.RealInterceptorChain.proceed(RealInterceptorChain.java:142)
08-06 03:43:49.666  1142 11533 E baseline.com.newsblur.network.APIResponse: 	at okhttp3.internal.http.RealInterceptorChain.proceed(RealInterceptorChain.java:117)
08-06 03:43:49.666  1142 11533 E baseline.com.newsblur.network.APIResponse: 	at okhttp3.internal.cache.CacheInterceptor.intercept(CacheInterceptor.java:94)
08-06 03:43:49.666  1142 11533 E baseline.com.newsblur.network.APIResponse: 	at okhttp3.internal.http.RealInterceptorChain.proceed(RealInterceptorChain.java:142)
08-06 03:43:49.666  1142 11533 E baseline.com.newsblur.network.APIResponse: 	at okhttp3.internal.http.RealInterceptorChain.proceed(RealInterceptorChain.java:117)
08-06 03:43:49.666  1142 11533 E baseline.com.newsblur.network.APIResponse: 	at okhttp3.internal.http.BridgeInterceptor.intercept(BridgeInterceptor.java:93)
08-06 03:43:49.666  1142 11533 E baseline.com.newsblur.network.APIResponse: 	at okhttp3.internal.http.RealInterceptorChain.proceed(RealInterceptorChain.java:142)
08-06 03:43:49.666  1142 11533 E baseline.com.newsblur.network.APIResponse: 	at okhttp3.internal.http.RetryAndFollowUpInterceptor.intercept(RetryAndFollowUpInterceptor.java:88)
08-06 03:43:49.666  1142 11533 E baseline.com.newsblur.network.APIResponse: 	at okhttp3.internal.http.RealInterceptorChain.proceed(RealInterceptorChain.java:142)
08-06 03:43:49.666  1142 11533 E baseline.com.newsblur.network.APIResponse: 	at okhttp3.internal.http.RealInterceptorChain.proceed(RealInterceptorChain.java:117)
08-06 03:43:49.666  1142 11533 E baseline.com.newsblur.network.APIResponse: 	at okhttp3.RealCall.getResponseWithInterceptorChain(RealCall.java:229)
08-06 03:43:49.666  1142 11533 E baseline.com.newsblur.network.APIResponse: 	at okhttp3.RealCall.execute(RealCall.java:81)
08-06 03:43:49.666  1142 11533 E baseline.com.newsblur.network.APIResponse: 	at baseline.com.newsblur.network.APIResponse.<init>(APIResponse.java:57)
08-06 03:43:49.666  1142 11533 E baseline.com.newsblur.network.APIResponse: 	at baseline.com.newsblur.network.APIResponse.<init>(APIResponse.java:43)
08-06 03:43:49.666  1142 11533 E baseline.com.newsblur.network.APIResponse: 	at baseline.com.newsblur.network.APIManager.post_single(APIManager.java:702)
08-06 03:43:49.666  1142 11533 E baseline.com.newsblur.network.APIResponse: 	at baseline.com.newsblur.network.APIManager.post(APIManager.java:675)
08-06 03:43:49.666  1142 11533 E baseline.com.newsblur.network.APIResponse: 	at baseline.com.newsblur.network.APIManager.post(APIManager.java:714)
08-06 03:43:49.666  1142 11533 E baseline.com.newsblur.network.APIResponse: 	at baseline.com.newsblur.network.APIManager.markStoryAsRead(APIManager.java:205)
08-06 03:43:49.666  1142 11533 E baseline.com.newsblur.network.APIResponse: 	at baseline.com.newsblur.util.ReadingAction.doRemote(ReadingAction.java:281)
08-06 03:43:49.666  1142 11533 E baseline.com.newsblur.network.APIResponse: 	at baseline.com.newsblur.service.NBSyncService.syncActions(NBSyncService.java:400)
08-06 03:43:49.666  1142 11533 E baseline.com.newsblur.network.APIResponse: 	at baseline.com.newsblur.service.NBSyncService.doSync(NBSyncService.java:298)
08-06 03:43:49.666  1142 11533 E baseline.com.newsblur.network.APIResponse: 	at baseline.com.newsblur.service.NBSyncService.access$100(NBSyncService.java:67)
08-06 03:43:49.666  1142 11533 E baseline.com.newsblur.network.APIResponse: 	at baseline.com.newsblur.service.NBSyncService$1.run(NBSyncService.java:188)
08-06 03:43:49.666  1142 11533 E baseline.com.newsblur.network.APIResponse: 	at java.util.concurrent.ThreadPoolExecutor.runWorker(ThreadPoolExecutor.java:1113)
08-06 03:43:49.666  1142 11533 E baseline.com.newsblur.network.APIResponse: 	at java.util.concurrent.ThreadPoolExecutor$Worker.run(ThreadPoolExecutor.java:588)
08-06 03:43:49.666  1142 11533 E baseline.com.newsblur.network.APIResponse: 	at java.lang.Thread.run(Thread.java:818)
08-06 03:43:49.666  1142 11533 E baseline.com.newsblur.network.APIResponse: Caused by: java.io.EOFException: \n not found: limit=0 content=
08-06 03:43:49.666  1142 11533 E baseline.com.newsblur.network.APIResponse: 	at okio.RealBufferedSource.readUtf8LineStrict(RealBufferedSource.java:240)
08-06 03:43:49.666  1142 11533 E baseline.com.newsblur.network.APIResponse: 	at okhttp3.internal.http1.Http1ExchangeCodec.readHeaderLine(Http1ExchangeCodec.java:242)
08-06 03:43:49.666  1142 11533 E baseline.com.newsblur.network.APIResponse: 	at okhttp3.internal.http1.Http1ExchangeCodec.readResponseHeaders(Http1ExchangeCodec.java:213)
08-06 03:43:49.666  1142 11533 E baseline.com.newsblur.network.APIResponse: 	... 30 more
08-06 03:43:49.667  1142 11533 I baseline.com.newsblur.service.NBSyncService: Holding reading action with server-side or network error.
08-06 03:43:49.677  1142 11533 W baseline.com.newsblur.service.NBSyncService: hard API failure
08-06 03:43:49.714  1142 10856 I art     : Starting a blocking GC Explicit
08-06 03:43:49.773  1142 10856 I art     : Explicit concurrent mark sweep GC freed 5075(577KB) AllocSpace objects, 17(340KB) LOS objects, 27% free, 41MB/57MB, paused 1.399ms total 58.378ms
08-06 03:43:49.788  1142 10856 I art     : Starting a blocking GC Explicit
08-06 03:43:49.848  1142 10856 I art     : Explicit concurrent mark sweep GC freed 762(28KB) AllocSpace objects, 0(0B) LOS objects, 27% free, 41MB/57MB, paused 1.528ms total 59.804ms
08-06 03:43:49.862  1142 10856 I art     : Starting a blocking GC Explicit
08-06 03:43:49.924  1142 10856 I art     : Explicit concurrent mark sweep GC freed 3(96B) AllocSpace objects, 0(0B) LOS objects, 27% free, 41MB/57MB, paused 1.385ms total 61.604ms
08-06 03:43:49.942  1142 10856 I art     : Starting a blocking GC Explicit
08-06 03:43:50.002  1142 10856 I art     : Explicit concurrent mark sweep GC freed 3(96B) AllocSpace objects, 0(0B) LOS objects, 27% free, 41MB/57MB, paused 1.541ms total 59.714ms
08-06 03:43:50.017  1142 10856 I art     : Starting a blocking GC Explicit
08-06 03:43:50.081  1142 10856 I art     : Explicit concurrent mark sweep GC freed 3(96B) AllocSpace objects, 0(0B) LOS objects, 27% free, 41MB/57MB, paused 1.506ms total 62.975ms
08-06 03:43:50.465  1142  1153 I art     : Starting a blocking GC Explicit
08-06 03:43:50.528  1142  1153 I art     : Explicit concurrent mark sweep GC freed 1408(81KB) AllocSpace objects, 1(20KB) LOS objects, 27% free, 41MB/57MB, paused 1.465ms total 62.928ms
08-06 03:43:50.545  1142  1153 I art     : Starting a blocking GC Explicit
08-06 03:43:50.605  1142  1153 I art     : Explicit concurrent mark sweep GC freed 20(704B) AllocSpace objects, 0(0B) LOS objects, 27% free, 41MB/57MB, paused 1.332ms total 59.074ms
08-06 03:43:50.619  1142  1153 I art     : Starting a blocking GC Explicit
08-06 03:43:50.681  1142  1153 I art     : Explicit concurrent mark sweep GC freed 3(96B) AllocSpace objects, 0(0B) LOS objects, 27% free, 41MB/57MB, paused 1.489ms total 61.849ms
08-06 03:43:50.696  1142  1153 I art     : Starting a blocking GC Explicit
08-06 03:43:50.754  1142  1153 I art     : Explicit concurrent mark sweep GC freed 3(96B) AllocSpace objects, 0(0B) LOS objects, 27% free, 41MB/57MB, paused 1.481ms total 57.737ms
08-06 03:43:50.769  1142  1153 I art     : Starting a blocking GC Explicit
08-06 03:43:50.832  1142  1153 I art     : Explicit concurrent mark sweep GC freed 3(96B) AllocSpace objects, 0(0B) LOS objects, 27% free, 41MB/57MB, paused 1.493ms total 62.369ms
08-06 03:43:51.240  1142 11214 I art     : Starting a blocking GC Explicit
08-06 03:43:51.305  1142 11214 I art     : Explicit concurrent mark sweep GC freed 1406(81KB) AllocSpace objects, 1(20KB) LOS objects, 27% free, 41MB/57MB, paused 1.539ms total 64.775ms
08-06 03:43:51.323  1142 11214 I art     : Starting a blocking GC Explicit
08-06 03:43:51.384  1142 11214 I art     : Explicit concurrent mark sweep GC freed 20(704B) AllocSpace objects, 0(0B) LOS objects, 27% free, 41MB/57MB, paused 1.506ms total 60.647ms
08-06 03:43:51.399  1142 11214 I art     : Starting a blocking GC Explicit
08-06 03:43:51.434  6649  6649 I Atfwd_Sendcmd: AtCmdFwd service not ready - Exhausted retry attempts - :6
08-06 03:43:51.434  6649  6649 I Atfwd_Daemon: result : -1 	 ,Init step :2 	 ,qmiErrorCode: 0
08-06 03:43:51.462  1142 11214 I art     : Explicit concurrent mark sweep GC freed 3(96B) AllocSpace objects, 0(0B) LOS objects, 27% free, 41MB/57MB, paused 1.491ms total 62.495ms
08-06 03:43:51.477  1142 11214 I art     : Starting a blocking GC Explicit
08-06 03:43:51.539  1142 11214 I art     : Explicit concurrent mark sweep GC freed 3(96B) AllocSpace objects, 0(0B) LOS objects, 27% free, 41MB/57MB, paused 1.546ms total 61.571ms
08-06 03:43:51.554  1142 11214 I art     : Starting a blocking GC Explicit
08-06 03:43:51.617  1142 11214 I art     : Explicit concurrent mark sweep GC freed 3(96B) AllocSpace objects, 0(0B) LOS objects, 27% free, 41MB/57MB, paused 1.418ms total 61.655ms
08-06 03:43:52.018  1142  1154 I art     : Starting a blocking GC Explicit
08-06 03:43:52.085  1142  1154 I art     : Explicit concurrent mark sweep GC freed 1405(81KB) AllocSpace objects, 1(20KB) LOS objects, 27% free, 41MB/57MB, paused 1.522ms total 66.133ms
08-06 03:43:52.103  1142  1154 I art     : Starting a blocking GC Explicit
08-06 03:43:52.160  1142  1154 I art     : Explicit concurrent mark sweep GC freed 20(704B) AllocSpace objects, 0(0B) LOS objects, 27% free, 41MB/57MB, paused 1.368ms total 56.902ms
08-06 03:43:52.174  1142  1154 I art     : Starting a blocking GC Explicit
08-06 03:43:52.228  1142  1154 I art     : Explicit concurrent mark sweep GC freed 3(96B) AllocSpace objects, 0(0B) LOS objects, 27% free, 41MB/57MB, paused 1.509ms total 53.578ms
08-06 03:43:52.242  1142  1154 I art     : Starting a blocking GC Explicit
08-06 03:43:52.299  1142  1154 I art     : Explicit concurrent mark sweep GC freed 3(96B) AllocSpace objects, 0(0B) LOS objects, 27% free, 41MB/57MB, paused 1.506ms total 56.252ms
08-06 03:43:52.314  1142  1154 I art     : Starting a blocking GC Explicit
08-06 03:43:52.371  1142  1154 I art     : Explicit concurrent mark sweep GC freed 3(96B) AllocSpace objects, 0(0B) LOS objects, 27% free, 41MB/57MB, paused 1.487ms total 57.500ms
08-06 03:43:52.684 12580 12580 D AndroidRuntime: >>>>>> START com.android.internal.os.RuntimeInit uid 2000 <<<<<<
08-06 03:43:52.690 12580 12580 D AndroidRuntime: CheckJNI is OFF
08-06 03:43:52.735 12580 12580 D ICU     : No timezone override file found: /data/misc/zoneinfo/current/icu/icu_tzdata.dat
08-06 03:43:52.780  1142 10856 I art     : Starting a blocking GC Explicit
08-06 03:43:52.780 12580 12580 I Radio-JNI: register_android_hardware_Radio DONE
08-06 03:43:52.811 12580 12580 D AndroidRuntime: Calling main entry com.android.commands.input.Input
08-06 03:43:52.813 12580 12580 I Input   : injectKeyEvent: KeyEvent { action=ACTION_DOWN, keyCode=KEYCODE_BACK, scanCode=0, metaState=0, flags=0x0, repeatCount=0, eventTime=848649226, downTime=848649226, deviceId=-1, source=0x101 }
08-06 03:43:52.821 12580 12580 I Input   : injectKeyEvent: KeyEvent { action=ACTION_UP, keyCode=KEYCODE_BACK, scanCode=0, metaState=0, flags=0x0, repeatCount=0, eventTime=848649226, downTime=848649226, deviceId=-1, source=0x101 }
08-06 03:43:52.828 12580 12580 D AndroidRuntime: Shutting down VM
08-06 03:43:52.841  1142 10856 I art     : Explicit concurrent mark sweep GC freed 1480(96KB) AllocSpace objects, 2(40KB) LOS objects, 27% free, 41MB/57MB, paused 1.405ms total 60.875ms
08-06 03:43:52.842  1142  1142 D baseline.com.newsblur.service.NBSyncService: rejecting request for feedset that is exhaused
08-06 03:43:52.855  1142 10856 I art     : Starting a blocking GC Explicit
08-06 03:43:52.908  1142 10856 I art     : Explicit concurrent mark sweep GC freed 184(24KB) AllocSpace objects, 1(20KB) LOS objects, 27% free, 41MB/57MB, paused 1.457ms total 52.923ms
08-06 03:43:52.921  1142 10856 I art     : Starting a blocking GC Explicit
08-06 03:43:52.977  1142 10856 I art     : Explicit concurrent mark sweep GC freed 29(1056B) AllocSpace objects, 0(0B) LOS objects, 27% free, 41MB/57MB, paused 1.505ms total 55.740ms
08-06 03:43:52.992  1142 10856 I art     : Starting a blocking GC Explicit
08-06 03:43:53.016  1142  1142 D baseline.com.newsblur.service.NBSyncService: rejecting request for feedset that is exhaused
08-06 03:43:53.049  1142 10856 I art     : Explicit concurrent mark sweep GC freed 1139(102KB) AllocSpace objects, 2(40KB) LOS objects, 27% free, 41MB/57MB, paused 1.989ms total 57.142ms
08-06 03:43:53.063  1142 10856 I art     : Starting a blocking GC Explicit
08-06 03:43:53.068 13866 13866 I GoogleInputMethodServic: GoogleInputMethodService.onFinishInput():3138 
08-06 03:43:53.069 13866 13866 I GoogleInputMethodServic: GoogleInputMethodService.onStartInput():1808 
08-06 03:43:53.115  1142 10856 I art     : Explicit concurrent mark sweep GC freed 529(41KB) AllocSpace objects, 0(0B) LOS objects, 27% free, 41MB/57MB, paused 1.321ms total 52.033ms
08-06 03:43:53.484  1142 10856 I art     : Starting a blocking GC Explicit
08-06 03:43:53.542  1142 10856 I art     : Explicit concurrent mark sweep GC freed 3055(159KB) AllocSpace objects, 2(48KB) LOS objects, 27% free, 41MB/57MB, paused 1.542ms total 58.258ms
08-06 03:43:53.558  1142 10856 I art     : Starting a blocking GC Explicit
08-06 03:43:53.619  1142 10856 I art     : Explicit concurrent mark sweep GC freed 156(7KB) AllocSpace objects, 0(0B) LOS objects, 27% free, 41MB/57MB, paused 1.752ms total 61.320ms
08-06 03:43:53.635  1142 10856 I art     : Starting a blocking GC Explicit
08-06 03:43:53.696  1142 10856 I art     : Explicit concurrent mark sweep GC freed 12(384B) AllocSpace objects, 0(0B) LOS objects, 27% free, 41MB/57MB, paused 1.627ms total 61.253ms
08-06 03:43:53.713  1142 10856 I art     : Starting a blocking GC Explicit
08-06 03:43:53.766  1142 10856 I art     : Explicit concurrent mark sweep GC freed 11(352B) AllocSpace objects, 0(0B) LOS objects, 27% free, 41MB/57MB, paused 1.249ms total 53.138ms
08-06 03:43:53.780  1142 10856 I art     : Starting a blocking GC Explicit
08-06 03:43:53.839  1142 10856 I art     : Explicit concurrent mark sweep GC freed 13(416B) AllocSpace objects, 0(0B) LOS objects, 27% free, 41MB/57MB, paused 1.778ms total 59.018ms
08-06 03:43:54.235  1142 11214 I art     : Starting a blocking GC Explicit
08-06 03:43:54.300  1142 11214 I art     : Explicit concurrent mark sweep GC freed 1460(82KB) AllocSpace objects, 1(20KB) LOS objects, 27% free, 41MB/57MB, paused 1.422ms total 63.992ms
08-06 03:43:54.316  1142 11214 I art     : Starting a blocking GC Explicit
08-06 03:43:54.377  1142 11214 I art     : Explicit concurrent mark sweep GC freed 30(1024B) AllocSpace objects, 0(0B) LOS objects, 27% free, 41MB/57MB, paused 1.730ms total 60.952ms
08-06 03:43:54.392  1142 11214 I art     : Starting a blocking GC Explicit
08-06 03:43:54.453  1142 11214 I art     : Explicit concurrent mark sweep GC freed 12(384B) AllocSpace objects, 0(0B) LOS objects, 27% free, 41MB/57MB, paused 1.425ms total 61.068ms
08-06 03:43:54.470  1142 11214 I art     : Starting a blocking GC Explicit
08-06 03:43:54.530  1142 11214 I art     : Explicit concurrent mark sweep GC freed 5(160B) AllocSpace objects, 0(0B) LOS objects, 27% free, 41MB/57MB, paused 1.512ms total 59.749ms
08-06 03:43:54.544  1142 11214 I art     : Starting a blocking GC Explicit
08-06 03:43:54.604  1142 11214 I art     : Explicit concurrent mark sweep GC freed 3(96B) AllocSpace objects, 0(0B) LOS objects, 27% free, 41MB/57MB, paused 1.508ms total 58.965ms
08-06 03:43:54.640 12621 12621 D AndroidRuntime: >>>>>> START com.android.internal.os.RuntimeInit uid 2000 <<<<<<
08-06 03:43:54.646 12621 12621 D AndroidRuntime: CheckJNI is OFF
08-06 03:43:54.691 12621 12621 D ICU     : No timezone override file found: /data/misc/zoneinfo/current/icu/icu_tzdata.dat
08-06 03:43:54.737 12621 12621 I Radio-JNI: register_android_hardware_Radio DONE
08-06 03:43:54.767 12621 12621 D AndroidRuntime: Calling main entry com.android.commands.input.Input
08-06 03:43:54.770 12621 12621 I Input   : injectKeyEvent: KeyEvent { action=ACTION_DOWN, keyCode=KEYCODE_BACK, scanCode=0, metaState=0, flags=0x0, repeatCount=0, eventTime=848651182, downTime=848651182, deviceId=-1, source=0x101 }
08-06 03:43:54.777 12621 12621 I Input   : injectKeyEvent: KeyEvent { action=ACTION_UP, keyCode=KEYCODE_BACK, scanCode=0, metaState=0, flags=0x0, repeatCount=0, eventTime=848651182, downTime=848651182, deviceId=-1, source=0x101 }
08-06 03:43:54.783 12621 12621 D AndroidRuntime: Shutting down VM
08-06 03:43:54.982  1142  1154 I art     : Starting a blocking GC Explicit
08-06 03:43:54.984   918  3261 D WifiStateMachine: starting scan for "H369AA63323"WPA_PSK with 2412,5180
08-06 03:43:54.998 13866 13866 I GoogleInputMethodServic: GoogleInputMethodService.onFinishInput():3138 
08-06 03:43:54.999 13866 13866 I GoogleInputMethodServic: GoogleInputMethodService.onStartInput():1808 
08-06 03:43:55.042  1142  1154 I art     : Explicit concurrent mark sweep GC freed 11955(814KB) AllocSpace objects, 17(340KB) LOS objects, 27% free, 41MB/57MB, paused 1.921ms total 59.718ms
08-06 03:43:55.056  1142  1154 I art     : Starting a blocking GC Explicit
08-06 03:43:55.107  1142  1154 I art     : Explicit concurrent mark sweep GC freed 309(12KB) AllocSpace objects, 0(0B) LOS objects, 27% free, 41MB/57MB, paused 1.369ms total 50.983ms
08-06 03:43:55.120  1142  1154 I art     : Starting a blocking GC Explicit
08-06 03:43:55.171  1142  1154 I art     : Explicit concurrent mark sweep GC freed 68(4KB) AllocSpace objects, 0(0B) LOS objects, 27% free, 41MB/57MB, paused 1.424ms total 50.309ms
08-06 03:43:55.184  1142  1154 I art     : Starting a blocking GC Explicit
08-06 03:43:55.235  1142  1154 I art     : Explicit concurrent mark sweep GC freed 12(1408B) AllocSpace objects, 0(0B) LOS objects, 27% free, 41MB/57MB, paused 1.326ms total 50.771ms
08-06 03:43:55.249  1142  1154 I art     : Starting a blocking GC Explicit
08-06 03:43:55.301  1142  1154 I art     : Explicit concurrent mark sweep GC freed 3(96B) AllocSpace objects, 0(0B) LOS objects, 27% free, 41MB/57MB, paused 1.556ms total 51.881ms
08-06 03:43:55.620  1142 12649 E baseline.com.newsblur.network.APIResponse: Error (unexpected end of stream on https://www.newsblur.com/...) calling https://www.newsblur.com/reader/mark_story_hashes_as_read/
08-06 03:43:55.620  1142 12649 E baseline.com.newsblur.network.APIResponse: java.io.IOException: unexpected end of stream on https://www.newsblur.com/...
08-06 03:43:55.620  1142 12649 E baseline.com.newsblur.network.APIResponse: 	at okhttp3.internal.http1.Http1ExchangeCodec.readResponseHeaders(Http1ExchangeCodec.java:236)
08-06 03:43:55.620  1142 12649 E baseline.com.newsblur.network.APIResponse: 	at okhttp3.internal.connection.Exchange.readResponseHeaders(Exchange.java:115)
08-06 03:43:55.620  1142 12649 E baseline.com.newsblur.network.APIResponse: 	at okhttp3.internal.http.CallServerInterceptor.intercept(CallServerInterceptor.java:94)
08-06 03:43:55.620  1142 12649 E baseline.com.newsblur.network.APIResponse: 	at okhttp3.internal.http.RealInterceptorChain.proceed(RealInterceptorChain.java:142)
08-06 03:43:55.620  1142 12649 E baseline.com.newsblur.network.APIResponse: 	at okhttp3.internal.connection.ConnectInterceptor.intercept(ConnectInterceptor.java:43)
08-06 03:43:55.620  1142 12649 E baseline.com.newsblur.network.APIResponse: 	at okhttp3.internal.http.RealInterceptorChain.proceed(RealInterceptorChain.java:142)
08-06 03:43:55.620  1142 12649 E baseline.com.newsblur.network.APIResponse: 	at okhttp3.internal.http.RealInterceptorChain.proceed(RealInterceptorChain.java:117)
08-06 03:43:55.620  1142 12649 E baseline.com.newsblur.network.APIResponse: 	at okhttp3.internal.cache.CacheInterceptor.intercept(CacheInterceptor.java:94)
08-06 03:43:55.620  1142 12649 E baseline.com.newsblur.network.APIResponse: 	at okhttp3.internal.http.RealInterceptorChain.proceed(RealInterceptorChain.java:142)
08-06 03:43:55.620  1142 12649 E baseline.com.newsblur.network.APIResponse: 	at okhttp3.internal.http.RealInterceptorChain.proceed(RealInterceptorChain.java:117)
08-06 03:43:55.620  1142 12649 E baseline.com.newsblur.network.APIResponse: 	at okhttp3.internal.http.BridgeInterceptor.intercept(BridgeInterceptor.java:93)
08-06 03:43:55.620  1142 12649 E baseline.com.newsblur.network.APIResponse: 	at okhttp3.internal.http.RealInterceptorChain.proceed(RealInterceptorChain.java:142)
08-06 03:43:55.620  1142 12649 E baseline.com.newsblur.network.APIResponse: 	at okhttp3.internal.http.RetryAndFollowUpInterceptor.intercept(RetryAndFollowUpInterceptor.java:88)
08-06 03:43:55.620  1142 12649 E baseline.com.newsblur.network.APIResponse: 	at okhttp3.internal.http.RealInterceptorChain.proceed(RealInterceptorChain.java:142)
08-06 03:43:55.620  1142 12649 E baseline.com.newsblur.network.APIResponse: 	at okhttp3.internal.http.RealInterceptorChain.proceed(RealInterceptorChain.java:117)
08-06 03:43:55.620  1142 12649 E baseline.com.newsblur.network.APIResponse: 	at okhttp3.RealCall.getResponseWithInterceptorChain(RealCall.java:229)
08-06 03:43:55.620  1142 12649 E baseline.com.newsblur.network.APIResponse: 	at okhttp3.RealCall.execute(RealCall.java:81)
08-06 03:43:55.620  1142 12649 E baseline.com.newsblur.network.APIResponse: 	at baseline.com.newsblur.network.APIResponse.<init>(APIResponse.java:57)
08-06 03:43:55.620  1142 12649 E baseline.com.newsblur.network.APIResponse: 	at baseline.com.newsblur.network.APIResponse.<init>(APIResponse.java:43)
08-06 03:43:55.620  1142 12649 E baseline.com.newsblur.network.APIResponse: 	at baseline.com.newsblur.network.APIManager.post_single(APIManager.java:702)
08-06 03:43:55.620  1142 12649 E baseline.com.newsblur.network.APIResponse: 	at baseline.com.newsblur.network.APIManager.post(APIManager.java:675)
08-06 03:43:55.620  1142 12649 E baseline.com.newsblur.network.APIResponse: 	at baseline.com.newsblur.network.APIManager.post(APIManager.java:714)
08-06 03:43:55.620  1142 12649 E baseline.com.newsblur.network.APIResponse: 	at baseline.com.newsblur.network.APIManager.markStoryAsRead(APIManager.java:205)
08-06 03:43:55.620  1142 12649 E baseline.com.newsblur.network.APIResponse: 	at baseline.com.newsblur.util.ReadingAction.doRemote(ReadingAction.java:281)
08-06 03:43:55.620  1142 12649 E baseline.com.newsblur.network.APIResponse: 	at baseline.com.newsblur.service.NBSyncService.syncActions(NBSyncService.java:400)
08-06 03:43:55.620  1142 12649 E baseline.com.newsblur.network.APIResponse: 	at baseline.com.newsblur.service.NBSyncService.doSync(NBSyncService.java:298)
08-06 03:43:55.620  1142 12649 E baseline.com.newsblur.network.APIResponse: 	at baseline.com.newsblur.service.NBSyncService.access$100(NBSyncService.java:67)
08-06 03:43:55.620  1142 12649 E baseline.com.newsblur.network.APIResponse: 	at baseline.com.newsblur.service.NBSyncService$1.run(NBSyncService.java:188)
08-06 03:43:55.620  1142 12649 E baseline.com.newsblur.network.APIResponse: 	at java.util.concurrent.ThreadPoolExecutor.runWorker(ThreadPoolExecutor.java:1113)
08-06 03:43:55.620  1142 12649 E baseline.com.newsblur.network.APIResponse: 	at java.util.concurrent.ThreadPoolExecutor$Worker.run(ThreadPoolExecutor.java:588)
08-06 03:43:55.620  1142 12649 E baseline.com.newsblur.network.APIResponse: 	at java.lang.Thread.run(Thread.java:818)
08-06 03:43:55.620  1142 12649 E baseline.com.newsblur.network.APIResponse: Caused by: java.io.EOFException: \n not found: limit=0 content=
08-06 03:43:55.620  1142 12649 E baseline.com.newsblur.network.APIResponse: 	at okio.RealBufferedSource.readUtf8LineStrict(RealBufferedSource.java:240)
08-06 03:43:55.620  1142 12649 E baseline.com.newsblur.network.APIResponse: 	at okhttp3.internal.http1.Http1ExchangeCodec.readHeaderLine(Http1ExchangeCodec.java:242)
08-06 03:43:55.620  1142 12649 E baseline.com.newsblur.network.APIResponse: 	at okhttp3.internal.http1.Http1ExchangeCodec.readResponseHeaders(Http1ExchangeCodec.java:213)
08-06 03:43:55.620  1142 12649 E baseline.com.newsblur.network.APIResponse: 	... 30 more
08-06 03:43:55.622  1142 12649 I baseline.com.newsblur.network.APIManager: API call failed, pausing before retry number 1
08-06 03:43:55.668  1142 10856 I art     : Starting a blocking GC Explicit
08-06 03:43:55.730  1142 10856 I art     : Explicit concurrent mark sweep GC freed 5967(470KB) AllocSpace objects, 6(260KB) LOS objects, 27% free, 41MB/57MB, paused 1.755ms total 61.802ms
08-06 03:43:55.747  1142 10856 I art     : Starting a blocking GC Explicit
08-06 03:43:55.802  1142 10856 I art     : Explicit concurrent mark sweep GC freed 1137(125KB) AllocSpace objects, 0(0B) LOS objects, 27% free, 41MB/57MB, paused 1.509ms total 55.071ms
08-06 03:43:55.817  1142 10856 I art     : Starting a blocking GC Explicit
08-06 03:43:55.876  1142 10856 I art     : Explicit concurrent mark sweep GC freed 14(448B) AllocSpace objects, 0(0B) LOS objects, 27% free, 41MB/57MB, paused 1.580ms total 58.101ms
08-06 03:43:55.891  1142 10856 I art     : Starting a blocking GC Explicit
08-06 03:43:55.949  1142 10856 I art     : Explicit concurrent mark sweep GC freed 10(320B) AllocSpace objects, 0(0B) LOS objects, 27% free, 41MB/57MB, paused 1.491ms total 58.443ms
08-06 03:43:55.964  1142 10856 I art     : Starting a blocking GC Explicit
08-06 03:43:56.022  1142 10856 I art     : Explicit concurrent mark sweep GC freed 12(384B) AllocSpace objects, 0(0B) LOS objects, 27% free, 41MB/57MB, paused 1.503ms total 57.368ms
08-06 03:43:56.384  1142 10856 I art     : Starting a blocking GC Explicit
08-06 03:43:56.444  1142 10856 I art     : Explicit concurrent mark sweep GC freed 1494(84KB) AllocSpace objects, 1(20KB) LOS objects, 27% free, 41MB/57MB, paused 1.707ms total 59.519ms
08-06 03:43:56.459  1142 10856 I art     : Starting a blocking GC Explicit
08-06 03:43:56.515  1142 10856 I art     : Explicit concurrent mark sweep GC freed 22(800B) AllocSpace objects, 0(0B) LOS objects, 27% free, 41MB/57MB, paused 1.459ms total 56.069ms
08-06 03:43:56.529  1142 10856 I art     : Starting a blocking GC Explicit
08-06 03:43:56.551 12663 12663 D AndroidRuntime: >>>>>> START com.android.internal.os.RuntimeInit uid 2000 <<<<<<
08-06 03:43:56.556 12663 12663 D AndroidRuntime: CheckJNI is OFF
08-06 03:43:56.586  1142 10856 I art     : Explicit concurrent mark sweep GC freed 3(96B) AllocSpace objects, 0(0B) LOS objects, 27% free, 41MB/57MB, paused 1.486ms total 56.199ms
08-06 03:43:56.600  1142 10856 I art     : Starting a blocking GC Explicit
08-06 03:43:56.602 12663 12663 D ICU     : No timezone override file found: /data/misc/zoneinfo/current/icu/icu_tzdata.dat
08-06 03:43:56.643 12663 12663 I Radio-JNI: register_android_hardware_Radio DONE
08-06 03:43:56.656  1142 10856 I art     : Explicit concurrent mark sweep GC freed 3(96B) AllocSpace objects, 0(0B) LOS objects, 27% free, 41MB/57MB, paused 1.637ms total 56.107ms
08-06 03:43:56.670  1142 10856 I art     : Starting a blocking GC Explicit
08-06 03:43:56.672 12663 12663 D AndroidRuntime: Calling main entry com.android.commands.input.Input
08-06 03:43:56.674 12663 12663 I Input   : injectMotionEvent: MotionEvent { action=ACTION_DOWN, actionButton=0, id[0]=0, x[0]=553.0, y[0]=442.0, toolType[0]=TOOL_TYPE_UNKNOWN, buttonState=0, metaState=0, flags=0x0, edgeFlags=0x0, pointerCount=1, historySize=0, eventTime=848653087, downTime=848653087, deviceId=0, source=0x1002 }
08-06 03:43:56.679 12663 12663 I Input   : injectMotionEvent: MotionEvent { action=ACTION_UP, actionButton=0, id[0]=0, x[0]=553.0, y[0]=442.0, toolType[0]=TOOL_TYPE_UNKNOWN, buttonState=0, metaState=0, flags=0x0, edgeFlags=0x0, pointerCount=1, historySize=0, eventTime=848653087, downTime=848653087, deviceId=0, source=0x1002 }
08-06 03:43:56.681 12663 12663 D AndroidRuntime: Shutting down VM
08-06 03:43:56.727  1142 10856 I art     : Explicit concurrent mark sweep GC freed 40(1648B) AllocSpace objects, 0(0B) LOS objects, 27% free, 41MB/57MB, paused 1.380ms total 56.627ms
08-06 03:43:56.750   918   929 I ActivityManager: START u0 {cmp=baseline.com.newsblur/.activity.AllSharedStoriesItemsList (has extras)} from uid 10698 on display 0
08-06 03:43:56.772  1142 10857 I baseline.com.newsblur.database.BlurDatabaseHelper: reading session reset
08-06 03:43:56.987  1142  1142 W View    : requestLayout() improperly called by android.widget.FrameLayout{3b32a25 V.E...... ......ID 0,0-1440,0 #7f07003f app:id/footer_view_inner} during layout: running second layout pass
08-06 03:43:56.988  1142  1142 W View    : requestLayout() improperly called by android.widget.FrameLayout{7be67fa V.E...... ......ID 0,0-1440,476 #7f07003f app:id/footer_view_inner} during layout: running second layout pass
08-06 03:43:57.005   918   936 I ActivityManager: Displayed baseline.com.newsblur/.activity.AllSharedStoriesItemsList: +246ms
08-06 03:43:57.006 13866 13866 I GoogleInputMethodServic: GoogleInputMethodService.onFinishInput():3138 
08-06 03:43:57.007 13866 13866 I GoogleInputMethodServic: GoogleInputMethodService.onStartInput():1808 
08-06 03:43:57.092  1142 10856 I art     : Starting a blocking GC Explicit
08-06 03:43:57.158  1142 10856 I art     : Explicit concurrent mark sweep GC freed 4269(333KB) AllocSpace objects, 7(232KB) LOS objects, 27% free, 41MB/57MB, paused 1.879ms total 65.513ms
08-06 03:43:57.176  1142 10856 I art     : Starting a blocking GC Explicit
08-06 03:43:57.192  1142  1142 D baseline.com.newsblur.service.NBSyncService: rejecting request for feedset that is exhaused
08-06 03:43:57.235  1142 10856 I art     : Explicit concurrent mark sweep GC freed 1408(102KB) AllocSpace objects, 4(80KB) LOS objects, 27% free, 41MB/57MB, paused 2.067ms total 58.786ms
08-06 03:43:57.249  1142 10856 I art     : Starting a blocking GC Explicit
08-06 03:43:57.261  1142  1142 D baseline.com.newsblur.service.NBSyncService: rejecting request for feedset that is exhaused
08-06 03:43:57.297  1142 10902 I NAPPA_EXPERIMENTATION: MetricNetworkRequestExecutionTime: REQUEST_DURATION_SYSTEM='41',REQUEST_DURATION_OKHTTP='40',REQUEST_SYNCHRONOUS='TRUE',RESPONSE_CODE='200',RESPONSE_METHOD='GET',RESPONSE_LENGTH_OKHTTP='43',RESPONSE_LENGTH_HEADER='43',REQUEST_PROTOCOL='http/1.1',REQUEST_URL='http://feeds.feedburner.com/~r/retort/~4/UffaFMiJbNs',
08-06 03:43:57.307  1142 10856 I art     : Explicit concurrent mark sweep GC freed 1444(123KB) AllocSpace objects, 6(120KB) LOS objects, 27% free, 42MB/58MB, paused 1.647ms total 57.287ms
08-06 03:43:57.323  1142 10856 I art     : Starting a blocking GC Explicit
08-06 03:43:57.378  1142 10856 I art     : Explicit concurrent mark sweep GC freed 573(36KB) AllocSpace objects, 0(0B) LOS objects, 27% free, 41MB/57MB, paused 1.370ms total 54.569ms
08-06 03:43:57.392  1142 10856 I art     : Starting a blocking GC Explicit
08-06 03:43:57.449  1142 10856 I art     : Explicit concurrent mark sweep GC freed 55(2272B) AllocSpace objects, 0(0B) LOS objects, 27% free, 41MB/57MB, paused 1.850ms total 57.457ms
08-06 03:43:57.541  1142 12649 E baseline.com.newsblur.network.APIResponse: Error (unexpected end of stream on https://www.newsblur.com/...) calling https://www.newsblur.com/reader/mark_story_hashes_as_read/
08-06 03:43:57.541  1142 12649 E baseline.com.newsblur.network.APIResponse: java.io.IOException: unexpected end of stream on https://www.newsblur.com/...
08-06 03:43:57.541  1142 12649 E baseline.com.newsblur.network.APIResponse: 	at okhttp3.internal.http1.Http1ExchangeCodec.readResponseHeaders(Http1ExchangeCodec.java:236)
08-06 03:43:57.541  1142 12649 E baseline.com.newsblur.network.APIResponse: 	at okhttp3.internal.connection.Exchange.readResponseHeaders(Exchange.java:115)
08-06 03:43:57.541  1142 12649 E baseline.com.newsblur.network.APIResponse: 	at okhttp3.internal.http.CallServerInterceptor.intercept(CallServerInterceptor.java:94)
08-06 03:43:57.541  1142 12649 E baseline.com.newsblur.network.APIResponse: 	at okhttp3.internal.http.RealInterceptorChain.proceed(RealInterceptorChain.java:142)
08-06 03:43:57.541  1142 12649 E baseline.com.newsblur.network.APIResponse: 	at okhttp3.internal.connection.ConnectInterceptor.intercept(ConnectInterceptor.java:43)
08-06 03:43:57.541  1142 12649 E baseline.com.newsblur.network.APIResponse: 	at okhttp3.internal.http.RealInterceptorChain.proceed(RealInterceptorChain.java:142)
08-06 03:43:57.541  1142 12649 E baseline.com.newsblur.network.APIResponse: 	at okhttp3.internal.http.RealInterceptorChain.proceed(RealInterceptorChain.java:117)
08-06 03:43:57.541  1142 12649 E baseline.com.newsblur.network.APIResponse: 	at okhttp3.internal.cache.CacheInterceptor.intercept(CacheInterceptor.java:94)
08-06 03:43:57.541  1142 12649 E baseline.com.newsblur.network.APIResponse: 	at okhttp3.internal.http.RealInterceptorChain.proceed(RealInterceptorChain.java:142)
08-06 03:43:57.541  1142 12649 E baseline.com.newsblur.network.APIResponse: 	at okhttp3.internal.http.RealInterceptorChain.proceed(RealInterceptorChain.java:117)
08-06 03:43:57.541  1142 12649 E baseline.com.newsblur.network.APIResponse: 	at okhttp3.internal.http.BridgeInterceptor.intercept(BridgeInterceptor.java:93)
08-06 03:43:57.541  1142 12649 E baseline.com.newsblur.network.APIResponse: 	at okhttp3.internal.http.RealInterceptorChain.proceed(RealInterceptorChain.java:142)
08-06 03:43:57.541  1142 12649 E baseline.com.newsblur.network.APIResponse: 	at okhttp3.internal.http.RetryAndFollowUpInterceptor.intercept(RetryAndFollowUpInterceptor.java:88)
08-06 03:43:57.541  1142 12649 E baseline.com.newsblur.network.APIResponse: 	at okhttp3.internal.http.RealInterceptorChain.proceed(RealInterceptorChain.java:142)
08-06 03:43:57.541  1142 12649 E baseline.com.newsblur.network.APIResponse: 	at okhttp3.internal.http.RealInterceptorChain.proceed(RealInterceptorChain.java:117)
08-06 03:43:57.541  1142 12649 E baseline.com.newsblur.network.APIResponse: 	at okhttp3.RealCall.getResponseWithInterceptorChain(RealCall.java:229)
08-06 03:43:57.541  1142 12649 E baseline.com.newsblur.network.APIResponse: 	at okhttp3.RealCall.execute(RealCall.java:81)
08-06 03:43:57.541  1142 12649 E baseline.com.newsblur.network.APIResponse: 	at baseline.com.newsblur.network.APIResponse.<init>(APIResponse.java:57)
08-06 03:43:57.541  1142 12649 E baseline.com.newsblur.network.APIResponse: 	at baseline.com.newsblur.network.APIResponse.<init>(APIResponse.java:43)
08-06 03:43:57.541  1142 12649 E baseline.com.newsblur.network.APIResponse: 	at baseline.com.newsblur.network.APIManager.post_single(APIManager.java:702)
08-06 03:43:57.541  1142 12649 E baseline.com.newsblur.network.APIResponse: 	at baseline.com.newsblur.network.APIManager.post(APIManager.java:675)
08-06 03:43:57.541  1142 12649 E baseline.com.newsblur.network.APIResponse: 	at baseline.com.newsblur.network.APIManager.post(APIManager.java:714)
08-06 03:43:57.541  1142 12649 E baseline.com.newsblur.network.APIResponse: 	at baseline.com.newsblur.network.APIManager.markStoryAsRead(APIManager.java:205)
08-06 03:43:57.541  1142 12649 E baseline.com.newsblur.network.APIResponse: 	at baseline.com.newsblur.util.ReadingAction.doRemote(ReadingAction.java:281)
08-06 03:43:57.541  1142 12649 E baseline.com.newsblur.network.APIResponse: 	at baseline.com.newsblur.service.NBSyncService.syncActions(NBSyncService.java:400)
08-06 03:43:57.541  1142 12649 E baseline.com.newsblur.network.APIResponse: 	at baseline.com.newsblur.service.NBSyncService.doSync(NBSyncService.java:298)
08-06 03:43:57.541  1142 12649 E baseline.com.newsblur.network.APIResponse: 	at baseline.com.newsblur.service.NBSyncService.access$100(NBSyncService.java:67)
08-06 03:43:57.541  1142 12649 E baseline.com.newsblur.network.APIResponse: 	at baseline.com.newsblur.service.NBSyncService$1.run(NBSyncService.java:188)
08-06 03:43:57.541  1142 12649 E baseline.com.newsblur.network.APIResponse: 	at java.util.concurrent.ThreadPoolExecutor.runWorker(ThreadPoolExecutor.java:1113)
08-06 03:43:57.541  1142 12649 E baseline.com.newsblur.network.APIResponse: 	at java.util.concurrent.ThreadPoolExecutor$Worker.run(ThreadPoolExecutor.java:588)
08-06 03:43:57.541  1142 12649 E baseline.com.newsblur.network.APIResponse: 	at java.lang.Thread.run(Thread.java:818)
08-06 03:43:57.541  1142 12649 E baseline.com.newsblur.network.APIResponse: Caused by: java.io.EOFException: \n not found: limit=0 content=
08-06 03:43:57.541  1142 12649 E baseline.com.newsblur.network.APIResponse: 	at okio.RealBufferedSource.readUtf8LineStrict(RealBufferedSource.java:240)
08-06 03:43:57.541  1142 12649 E baseline.com.newsblur.network.APIResponse: 	at okhttp3.internal.http1.Http1ExchangeCodec.readHeaderLine(Http1ExchangeCodec.java:242)
08-06 03:43:57.541  1142 12649 E baseline.com.newsblur.network.APIResponse: 	at okhttp3.internal.http1.Http1ExchangeCodec.readResponseHeaders(Http1ExchangeCodec.java:213)
08-06 03:43:57.541  1142 12649 E baseline.com.newsblur.network.APIResponse: 	... 30 more
08-06 03:43:57.543  1142 12649 I baseline.com.newsblur.network.APIManager: API call failed, pausing before retry number 2
08-06 03:43:57.829  1142  1153 I art     : Starting a blocking GC Explicit
08-06 03:43:57.895  1142  1153 I art     : Explicit concurrent mark sweep GC freed 4141(365KB) AllocSpace objects, 3(60KB) LOS objects, 27% free, 41MB/57MB, paused 1.481ms total 65.481ms
08-06 03:43:57.909  1142  1153 I art     : Starting a blocking GC Explicit
08-06 03:43:57.971  1142  1153 I art     : Explicit concurrent mark sweep GC freed 109(3KB) AllocSpace objects, 0(0B) LOS objects, 27% free, 41MB/57MB, paused 1.559ms total 61ms
08-06 03:43:57.986  1142  1153 I art     : Starting a blocking GC Explicit
08-06 03:43:58.047  1142  1153 I art     : Explicit concurrent mark sweep GC freed 3(96B) AllocSpace objects, 0(0B) LOS objects, 27% free, 41MB/57MB, paused 1.559ms total 60.593ms
08-06 03:43:58.062  1142  1153 I art     : Starting a blocking GC Explicit
08-06 03:43:58.123  1142  1153 I art     : Explicit concurrent mark sweep GC freed 3(96B) AllocSpace objects, 0(0B) LOS objects, 27% free, 41MB/57MB, paused 1.483ms total 61.051ms
08-06 03:43:58.140  1142  1153 I art     : Starting a blocking GC Explicit
08-06 03:43:58.202  1142  1153 I art     : Explicit concurrent mark sweep GC freed 8(256B) AllocSpace objects, 0(0B) LOS objects, 27% free, 41MB/57MB, paused 1.520ms total 61.646ms
08-06 03:43:58.600  1142 11214 I art     : Starting a blocking GC Explicit
08-06 03:43:58.671  1142 11214 I art     : Explicit concurrent mark sweep GC freed 1471(84KB) AllocSpace objects, 1(20KB) LOS objects, 27% free, 41MB/57MB, paused 1.704ms total 70.163ms
08-06 03:43:58.688  1142 11214 I art     : Starting a blocking GC Explicit
08-06 03:43:58.747  1142 11214 I art     : Explicit concurrent mark sweep GC freed 22(784B) AllocSpace objects, 0(0B) LOS objects, 27% free, 41MB/57MB, paused 1.390ms total 58.016ms
08-06 03:43:58.760  1142 11214 I art     : Starting a blocking GC Explicit
08-06 03:43:58.820  1142 11214 I art     : Explicit concurrent mark sweep GC freed 3(96B) AllocSpace objects, 0(0B) LOS objects, 27% free, 41MB/57MB, paused 1.619ms total 59.669ms
08-06 03:43:58.836  1142 11214 I art     : Starting a blocking GC Explicit
08-06 03:43:58.901  1142 11214 I art     : Explicit concurrent mark sweep GC freed 3(96B) AllocSpace objects, 0(0B) LOS objects, 27% free, 41MB/57MB, paused 1.657ms total 65.388ms
08-06 03:43:58.917  1142 11214 I art     : Starting a blocking GC Explicit
08-06 03:43:58.984  1142 11214 I art     : Explicit concurrent mark sweep GC freed 3(96B) AllocSpace objects, 0(0B) LOS objects, 27% free, 41MB/57MB, paused 1.560ms total 66.009ms
08-06 03:43:59.409  1142  1154 I art     : Starting a blocking GC Explicit
08-06 03:43:59.480  1142  1154 I art     : Explicit concurrent mark sweep GC freed 1445(83KB) AllocSpace objects, 1(20KB) LOS objects, 27% free, 41MB/57MB, paused 1.734ms total 70.785ms
08-06 03:43:59.498  1142  1154 I art     : Starting a blocking GC Explicit
08-06 03:43:59.563  1142  1154 I art     : Explicit concurrent mark sweep GC freed 22(784B) AllocSpace objects, 0(0B) LOS objects, 27% free, 41MB/57MB, paused 1.585ms total 64.175ms
08-06 03:43:59.578  1142  1154 I art     : Starting a blocking GC Explicit
08-06 03:43:59.643  1142  1154 I art     : Explicit concurrent mark sweep GC freed 3(96B) AllocSpace objects, 0(0B) LOS objects, 27% free, 41MB/57MB, paused 1.581ms total 64.498ms
08-06 03:43:59.658  1142  1154 I art     : Starting a blocking GC Explicit
08-06 03:43:59.725  1142  1154 I art     : Explicit concurrent mark sweep GC freed 3(96B) AllocSpace objects, 0(0B) LOS objects, 27% free, 41MB/57MB, paused 1.671ms total 67.152ms
08-06 03:43:59.741  1142  1154 I art     : Starting a blocking GC Explicit
08-06 03:43:59.808  1142  1154 I art     : Explicit concurrent mark sweep GC freed 3(96B) AllocSpace objects, 0(0B) LOS objects, 27% free, 41MB/57MB, paused 1.747ms total 66.948ms
08-06 03:44:00.228  1142 10856 I art     : Starting a blocking GC Explicit
08-06 03:44:00.298  1142 10856 I art     : Explicit concurrent mark sweep GC freed 1446(85KB) AllocSpace objects, 1(20KB) LOS objects, 27% free, 41MB/57MB, paused 1.753ms total 70.244ms
08-06 03:44:00.314  1142 10856 I art     : Starting a blocking GC Explicit
08-06 03:44:00.381  1142 10856 I art     : Explicit concurrent mark sweep GC freed 22(784B) AllocSpace objects, 0(0B) LOS objects, 27% free, 41MB/57MB, paused 1.570ms total 66.872ms
08-06 03:44:00.399  1142 10856 I art     : Starting a blocking GC Explicit
08-06 03:44:00.465  1142 10856 I art     : Explicit concurrent mark sweep GC freed 3(96B) AllocSpace objects, 0(0B) LOS objects, 27% free, 41MB/57MB, paused 1.616ms total 65.277ms
08-06 03:44:00.480  1142 10856 I art     : Starting a blocking GC Explicit
08-06 03:44:00.545  1142 10856 I art     : Explicit concurrent mark sweep GC freed 3(96B) AllocSpace objects, 0(0B) LOS objects, 27% free, 41MB/57MB, paused 1.636ms total 64.984ms
08-06 03:44:00.561  1142 10856 I art     : Starting a blocking GC Explicit
08-06 03:44:00.628  1142 10856 I art     : Explicit concurrent mark sweep GC freed 159(7KB) AllocSpace objects, 0(0B) LOS objects, 27% free, 41MB/57MB, paused 1.817ms total 66.661ms
08-06 03:44:01.036  1142  1153 I art     : Starting a blocking GC Explicit
08-06 03:44:01.054  1142 12649 E baseline.com.newsblur.network.APIResponse: Error (unexpected end of stream on https://www.newsblur.com/...) calling https://www.newsblur.com/reader/mark_story_hashes_as_read/
08-06 03:44:01.054  1142 12649 E baseline.com.newsblur.network.APIResponse: java.io.IOException: unexpected end of stream on https://www.newsblur.com/...
08-06 03:44:01.054  1142 12649 E baseline.com.newsblur.network.APIResponse: 	at okhttp3.internal.http1.Http1ExchangeCodec.readResponseHeaders(Http1ExchangeCodec.java:236)
08-06 03:44:01.054  1142 12649 E baseline.com.newsblur.network.APIResponse: 	at okhttp3.internal.connection.Exchange.readResponseHeaders(Exchange.java:115)
08-06 03:44:01.054  1142 12649 E baseline.com.newsblur.network.APIResponse: 	at okhttp3.internal.http.CallServerInterceptor.intercept(CallServerInterceptor.java:94)
08-06 03:44:01.054  1142 12649 E baseline.com.newsblur.network.APIResponse: 	at okhttp3.internal.http.RealInterceptorChain.proceed(RealInterceptorChain.java:142)
08-06 03:44:01.054  1142 12649 E baseline.com.newsblur.network.APIResponse: 	at okhttp3.internal.connection.ConnectInterceptor.intercept(ConnectInterceptor.java:43)
08-06 03:44:01.054  1142 12649 E baseline.com.newsblur.network.APIResponse: 	at okhttp3.internal.http.RealInterceptorChain.proceed(RealInterceptorChain.java:142)
08-06 03:44:01.054  1142 12649 E baseline.com.newsblur.network.APIResponse: 	at okhttp3.internal.http.RealInterceptorChain.proceed(RealInterceptorChain.java:117)
08-06 03:44:01.054  1142 12649 E baseline.com.newsblur.network.APIResponse: 	at okhttp3.internal.cache.CacheInterceptor.intercept(CacheInterceptor.java:94)
08-06 03:44:01.054  1142 12649 E baseline.com.newsblur.network.APIResponse: 	at okhttp3.internal.http.RealInterceptorChain.proceed(RealInterceptorChain.java:142)
08-06 03:44:01.054  1142 12649 E baseline.com.newsblur.network.APIResponse: 	at okhttp3.internal.http.RealInterceptorChain.proceed(RealInterceptorChain.java:117)
08-06 03:44:01.054  1142 12649 E baseline.com.newsblur.network.APIResponse: 	at okhttp3.internal.http.BridgeInterceptor.intercept(BridgeInterceptor.java:93)
08-06 03:44:01.054  1142 12649 E baseline.com.newsblur.network.APIResponse: 	at okhttp3.internal.http.RealInterceptorChain.proceed(RealInterceptorChain.java:142)
08-06 03:44:01.054  1142 12649 E baseline.com.newsblur.network.APIResponse: 	at okhttp3.internal.http.RetryAndFollowUpInterceptor.intercept(RetryAndFollowUpInterceptor.java:88)
08-06 03:44:01.054  1142 12649 E baseline.com.newsblur.network.APIResponse: 	at okhttp3.internal.http.RealInterceptorChain.proceed(RealInterceptorChain.java:142)
08-06 03:44:01.054  1142 12649 E baseline.com.newsblur.network.APIResponse: 	at okhttp3.internal.http.RealInterceptorChain.proceed(RealInterceptorChain.java:117)
08-06 03:44:01.054  1142 12649 E baseline.com.newsblur.network.APIResponse: 	at okhttp3.RealCall.getResponseWithInterceptorChain(RealCall.java:229)
08-06 03:44:01.054  1142 12649 E baseline.com.newsblur.network.APIResponse: 	at okhttp3.RealCall.execute(RealCall.java:81)
08-06 03:44:01.054  1142 12649 E baseline.com.newsblur.network.APIResponse: 	at baseline.com.newsblur.network.APIResponse.<init>(APIResponse.java:57)
08-06 03:44:01.054  1142 12649 E baseline.com.newsblur.network.APIResponse: 	at baseline.com.newsblur.network.APIResponse.<init>(APIResponse.java:43)
08-06 03:44:01.054  1142 12649 E baseline.com.newsblur.network.APIResponse: 	at baseline.com.newsblur.network.APIManager.post_single(APIManager.java:702)
08-06 03:44:01.054  1142 12649 E baseline.com.newsblur.network.APIResponse: 	at baseline.com.newsblur.network.APIManager.post(APIManager.java:675)
08-06 03:44:01.054  1142 12649 E baseline.com.newsblur.network.APIResponse: 	at baseline.com.newsblur.network.APIManager.post(APIManager.java:714)
08-06 03:44:01.054  1142 12649 E baseline.com.newsblur.network.APIResponse: 	at baseline.com.newsblur.network.APIManager.markStoryAsRead(APIManager.java:205)
08-06 03:44:01.054  1142 12649 E baseline.com.newsblur.network.APIResponse: 	at baseline.com.newsblur.util.ReadingAction.doRemote(ReadingAction.java:281)
08-06 03:44:01.054  1142 12649 E baseline.com.newsblur.network.APIResponse: 	at baseline.com.newsblur.service.NBSyncService.syncActions(NBSyncService.java:400)
08-06 03:44:01.054  1142 12649 E baseline.com.newsblur.network.APIResponse: 	at baseline.com.newsblur.service.NBSyncService.doSync(NBSyncService.java:298)
08-06 03:44:01.054  1142 12649 E baseline.com.newsblur.network.APIResponse: 	at baseline.com.newsblur.service.NBSyncService.access$100(NBSyncService.java:67)
08-06 03:44:01.054  1142 12649 E baseline.com.newsblur.network.APIResponse: 	at baseline.com.newsblur.service.NBSyncService$1.run(NBSyncService.java:188)
08-06 03:44:01.054  1142 12649 E baseline.com.newsblur.network.APIResponse: 	at java.util.concurrent.ThreadPoolExecutor.runWorker(ThreadPoolExecutor.java:1113)
08-06 03:44:01.054  1142 12649 E baseline.com.newsblur.network.APIResponse: 	at java.util.concurrent.ThreadPoolExecutor$Worker.run(ThreadPoolExecutor.java:588)
08-06 03:44:01.054  1142 12649 E baseline.com.newsblur.network.APIResponse: 	at java.lang.Thread.run(Thread.java:818)
08-06 03:44:01.054  1142 12649 E baseline.com.newsblur.network.APIResponse: Caused by: java.io.EOFException: \n not found: limit=0 content=
08-06 03:44:01.054  1142 12649 E baseline.com.newsblur.network.APIResponse: 	at okio.RealBufferedSource.readUtf8LineStrict(RealBufferedSource.java:240)
08-06 03:44:01.054  1142 12649 E baseline.com.newsblur.network.APIResponse: 	at okhttp3.internal.http1.Http1ExchangeCodec.readHeaderLine(Http1ExchangeCodec.java:242)
08-06 03:44:01.054  1142 12649 E baseline.com.newsblur.network.APIResponse: 	at okhttp3.internal.http1.Http1ExchangeCodec.readResponseHeaders(Http1ExchangeCodec.java:213)
08-06 03:44:01.054  1142 12649 E baseline.com.newsblur.network.APIResponse: 	... 30 more
08-06 03:44:01.056  1142 12649 I baseline.com.newsblur.service.NBSyncService: Holding reading action with server-side or network error.
08-06 03:44:01.075  1142 12649 W baseline.com.newsblur.service.NBSyncService: hard API failure
08-06 03:44:01.103  1142  1153 I art     : Explicit concurrent mark sweep GC freed 4269(392KB) AllocSpace objects, 5(100KB) LOS objects, 27% free, 42MB/58MB, paused 1.773ms total 66.337ms
08-06 03:44:01.118  1142  1153 I art     : Starting a blocking GC Explicit
08-06 03:44:01.185  1142  1153 I art     : Explicit concurrent mark sweep GC freed 206(19KB) AllocSpace objects, 0(0B) LOS objects, 27% free, 41MB/57MB, paused 1.717ms total 66.965ms
08-06 03:44:01.201  1142  1153 I art     : Starting a blocking GC Explicit
08-06 03:44:01.269  1142  1153 I art     : Explicit concurrent mark sweep GC freed 25(832B) AllocSpace objects, 0(0B) LOS objects, 27% free, 41MB/57MB, paused 1.701ms total 67.761ms
08-06 03:44:01.288  1142  1153 I art     : Starting a blocking GC Explicit
08-06 03:44:01.355  1142  1153 I art     : Explicit concurrent mark sweep GC freed 3(96B) AllocSpace objects, 0(0B) LOS objects, 27% free, 41MB/57MB, paused 1.649ms total 66.458ms
08-06 03:44:01.370  1142  1153 I art     : Starting a blocking GC Explicit
08-06 03:44:01.436  1142  1153 I art     : Explicit concurrent mark sweep GC freed 3(96B) AllocSpace objects, 0(0B) LOS objects, 27% free, 41MB/57MB, paused 1.698ms total 65.256ms
08-06 03:44:01.557  1142 12649 E baseline.com.newsblur.network.APIResponse: Error (unexpected end of stream on https://www.newsblur.com/...) calling https://www.newsblur.com/reader/mark_story_hashes_as_read/
08-06 03:44:01.557  1142 12649 E baseline.com.newsblur.network.APIResponse: java.io.IOException: unexpected end of stream on https://www.newsblur.com/...
08-06 03:44:01.557  1142 12649 E baseline.com.newsblur.network.APIResponse: 	at okhttp3.internal.http1.Http1ExchangeCodec.readResponseHeaders(Http1ExchangeCodec.java:236)
08-06 03:44:01.557  1142 12649 E baseline.com.newsblur.network.APIResponse: 	at okhttp3.internal.connection.Exchange.readResponseHeaders(Exchange.java:115)
08-06 03:44:01.557  1142 12649 E baseline.com.newsblur.network.APIResponse: 	at okhttp3.internal.http.CallServerInterceptor.intercept(CallServerInterceptor.java:94)
08-06 03:44:01.557  1142 12649 E baseline.com.newsblur.network.APIResponse: 	at okhttp3.internal.http.RealInterceptorChain.proceed(RealInterceptorChain.java:142)
08-06 03:44:01.557  1142 12649 E baseline.com.newsblur.network.APIResponse: 	at okhttp3.internal.connection.ConnectInterceptor.intercept(ConnectInterceptor.java:43)
08-06 03:44:01.557  1142 12649 E baseline.com.newsblur.network.APIResponse: 	at okhttp3.internal.http.RealInterceptorChain.proceed(RealInterceptorChain.java:142)
08-06 03:44:01.557  1142 12649 E baseline.com.newsblur.network.APIResponse: 	at okhttp3.internal.http.RealInterceptorChain.proceed(RealInterceptorChain.java:117)
08-06 03:44:01.557  1142 12649 E baseline.com.newsblur.network.APIResponse: 	at okhttp3.internal.cache.CacheInterceptor.intercept(CacheInterceptor.java:94)
08-06 03:44:01.557  1142 12649 E baseline.com.newsblur.network.APIResponse: 	at okhttp3.internal.http.RealInterceptorChain.proceed(RealInterceptorChain.java:142)
08-06 03:44:01.557  1142 12649 E baseline.com.newsblur.network.APIResponse: 	at okhttp3.internal.http.RealInterceptorChain.proceed(RealInterceptorChain.java:117)
08-06 03:44:01.557  1142 12649 E baseline.com.newsblur.network.APIResponse: 	at okhttp3.internal.http.BridgeInterceptor.intercept(BridgeInterceptor.java:93)
08-06 03:44:01.557  1142 12649 E baseline.com.newsblur.network.APIResponse: 	at okhttp3.internal.http.RealInterceptorChain.proceed(RealInterceptorChain.java:142)
08-06 03:44:01.557  1142 12649 E baseline.com.newsblur.network.APIResponse: 	at okhttp3.internal.http.RetryAndFollowUpInterceptor.intercept(RetryAndFollowUpInterceptor.java:88)
08-06 03:44:01.557  1142 12649 E baseline.com.newsblur.network.APIResponse: 	at okhttp3.internal.http.RealInterceptorChain.proceed(RealInterceptorChain.java:142)
08-06 03:44:01.557  1142 12649 E baseline.com.newsblur.network.APIResponse: 	at okhttp3.internal.http.RealInterceptorChain.proceed(RealInterceptorChain.java:117)
08-06 03:44:01.557  1142 12649 E baseline.com.newsblur.network.APIResponse: 	at okhttp3.RealCall.getResponseWithInterceptorChain(RealCall.java:229)
08-06 03:44:01.557  1142 12649 E baseline.com.newsblur.network.APIResponse: 	at okhttp3.RealCall.execute(RealCall.java:81)
08-06 03:44:01.557  1142 12649 E baseline.com.newsblur.network.APIResponse: 	at baseline.com.newsblur.network.APIResponse.<init>(APIResponse.java:57)
08-06 03:44:01.557  1142 12649 E baseline.com.newsblur.network.APIResponse: 	at baseline.com.newsblur.network.APIResponse.<init>(APIResponse.java:43)
08-06 03:44:01.557  1142 12649 E baseline.com.newsblur.network.APIResponse: 	at baseline.com.newsblur.network.APIManager.post_single(APIManager.java:702)
08-06 03:44:01.557  1142 12649 E baseline.com.newsblur.network.APIResponse: 	at baseline.com.newsblur.network.APIManager.post(APIManager.java:675)
08-06 03:44:01.557  1142 12649 E baseline.com.newsblur.network.APIResponse: 	at baseline.com.newsblur.network.APIManager.post(APIManager.java:714)
08-06 03:44:01.557  1142 12649 E baseline.com.newsblur.network.APIResponse: 	at baseline.com.newsblur.network.APIManager.markStoryAsRead(APIManager.java:205)
08-06 03:44:01.557  1142 12649 E baseline.com.newsblur.network.APIResponse: 	at baseline.com.newsblur.util.ReadingAction.doRemote(ReadingAction.java:281)
08-06 03:44:01.557  1142 12649 E baseline.com.newsblur.network.APIResponse: 	at baseline.com.newsblur.service.NBSyncService.syncActions(NBSyncService.java:400)
08-06 03:44:01.557  1142 12649 E baseline.com.newsblur.network.APIResponse: 	at baseline.com.newsblur.service.NBSyncService.doSync(NBSyncService.java:298)
08-06 03:44:01.557  1142 12649 E baseline.com.newsblur.network.APIResponse: 	at baseline.com.newsblur.service.NBSyncService.access$100(NBSyncService.java:67)
08-06 03:44:01.557  1142 12649 E baseline.com.newsblur.network.APIResponse: 	at baseline.com.newsblur.service.NBSyncService$1.run(NBSyncService.java:188)
08-06 03:44:01.557  1142 12649 E baseline.com.newsblur.network.APIResponse: 	at java.util.concurrent.ThreadPoolExecutor.runWorker(ThreadPoolExecutor.java:1113)
08-06 03:44:01.557  1142 12649 E baseline.com.newsblur.network.APIResponse: 	at java.util.concurrent.ThreadPoolExecutor$Worker.run(ThreadPoolExecutor.java:588)
08-06 03:44:01.557  1142 12649 E baseline.com.newsblur.network.APIResponse: 	at java.lang.Thread.run(Thread.java:818)
08-06 03:44:01.557  1142 12649 E baseline.com.newsblur.network.APIResponse: Caused by: java.io.EOFException: \n not found: limit=0 content=
08-06 03:44:01.557  1142 12649 E baseline.com.newsblur.network.APIResponse: 	at okio.RealBufferedSource.readUtf8LineStrict(RealBufferedSource.java:240)
08-06 03:44:01.557  1142 12649 E baseline.com.newsblur.network.APIResponse: 	at okhttp3.internal.http1.Http1ExchangeCodec.readHeaderLine(Http1ExchangeCodec.java:242)
08-06 03:44:01.557  1142 12649 E baseline.com.newsblur.network.APIResponse: 	at okhttp3.internal.http1.Http1ExchangeCodec.readResponseHeaders(Http1ExchangeCodec.java:213)
08-06 03:44:01.557  1142 12649 E baseline.com.newsblur.network.APIResponse: 	... 30 more
08-06 03:44:01.559  1142 12649 I baseline.com.newsblur.network.APIManager: API call failed, pausing before retry number 1
08-06 03:44:01.838  1142 11214 I art     : Starting a blocking GC Explicit
08-06 03:44:01.908  1142 11214 I art     : Explicit concurrent mark sweep GC freed 3952(357KB) AllocSpace objects, 3(60KB) LOS objects, 27% free, 41MB/57MB, paused 1.662ms total 68.875ms
08-06 03:44:01.923  1142 11214 I art     : Starting a blocking GC Explicit
08-06 03:44:01.993  1142 11214 I art     : Explicit concurrent mark sweep GC freed 109(3KB) AllocSpace objects, 0(0B) LOS objects, 27% free, 41MB/57MB, paused 1.555ms total 69.381ms
08-06 03:44:02.011  1142 11214 I art     : Starting a blocking GC Explicit
08-06 03:44:02.077  1142 11214 I art     : Explicit concurrent mark sweep GC freed 3(96B) AllocSpace objects, 0(0B) LOS objects, 27% free, 41MB/57MB, paused 1.694ms total 65.875ms
08-06 03:44:02.092  1142 11214 I art     : Starting a blocking GC Explicit
08-06 03:44:02.157  1142 11214 I art     : Explicit concurrent mark sweep GC freed 3(96B) AllocSpace objects, 0(0B) LOS objects, 27% free, 41MB/57MB, paused 1.650ms total 65.353ms
08-06 03:44:02.173  1142 11214 I art     : Starting a blocking GC Explicit
08-06 03:44:02.242  1142 11214 I art     : Explicit concurrent mark sweep GC freed 3(96B) AllocSpace objects, 0(0B) LOS objects, 27% free, 41MB/57MB, paused 1.665ms total 68.474ms
08-06 03:44:02.642  1142  1154 I art     : Starting a blocking GC Explicit
08-06 03:44:02.713  1142  1154 I art     : Explicit concurrent mark sweep GC freed 1442(83KB) AllocSpace objects, 1(20KB) LOS objects, 27% free, 41MB/57MB, paused 1.717ms total 69.683ms
08-06 03:44:02.730  1142  1154 I art     : Starting a blocking GC Explicit
08-06 03:44:02.795  1142  1154 I art     : Explicit concurrent mark sweep GC freed 22(784B) AllocSpace objects, 0(0B) LOS objects, 27% free, 41MB/57MB, paused 1.609ms total 64.313ms
08-06 03:44:02.810  1142  1154 I art     : Starting a blocking GC Explicit
08-06 03:44:02.878  1142  1154 I art     : Explicit concurrent mark sweep GC freed 3(96B) AllocSpace objects, 0(0B) LOS objects, 27% free, 41MB/57MB, paused 1.868ms total 67.386ms
08-06 03:44:02.893  1142  1154 I art     : Starting a blocking GC Explicit
08-06 03:44:02.960  1142  1154 I art     : Explicit concurrent mark sweep GC freed 3(96B) AllocSpace objects, 0(0B) LOS objects, 27% free, 41MB/57MB, paused 1.630ms total 66.454ms
08-06 03:44:02.975  1142  1154 I art     : Starting a blocking GC Explicit
08-06 03:44:03.042  1142  1154 I art     : Explicit concurrent mark sweep GC freed 3(96B) AllocSpace objects, 0(0B) LOS objects, 27% free, 41MB/57MB, paused 1.626ms total 66.544ms
08-06 03:44:03.429  1142 10856 I art     : Starting a blocking GC Explicit
08-06 03:44:03.501  1142 10856 I art     : Explicit concurrent mark sweep GC freed 1606(91KB) AllocSpace objects, 1(20KB) LOS objects, 27% free, 41MB/57MB, paused 1.652ms total 71.640ms
08-06 03:44:03.519  1142 10856 I art     : Starting a blocking GC Explicit
08-06 03:44:03.584  1142 10856 I art     : Explicit concurrent mark sweep GC freed 1682(65KB) AllocSpace objects, 0(0B) LOS objects, 27% free, 42MB/58MB, paused 1.763ms total 64.925ms
08-06 03:44:03.599  1142 10856 I art     : Starting a blocking GC Explicit
08-06 03:44:03.602  1142 12649 E baseline.com.newsblur.network.APIResponse: Error (unexpected end of stream on https://www.newsblur.com/...) calling https://www.newsblur.com/reader/mark_story_hashes_as_read/
08-06 03:44:03.602  1142 12649 E baseline.com.newsblur.network.APIResponse: java.io.IOException: unexpected end of stream on https://www.newsblur.com/...
08-06 03:44:03.602  1142 12649 E baseline.com.newsblur.network.APIResponse: 	at okhttp3.internal.http1.Http1ExchangeCodec.readResponseHeaders(Http1ExchangeCodec.java:236)
08-06 03:44:03.602  1142 12649 E baseline.com.newsblur.network.APIResponse: 	at okhttp3.internal.connection.Exchange.readResponseHeaders(Exchange.java:115)
08-06 03:44:03.602  1142 12649 E baseline.com.newsblur.network.APIResponse: 	at okhttp3.internal.http.CallServerInterceptor.intercept(CallServerInterceptor.java:94)
08-06 03:44:03.602  1142 12649 E baseline.com.newsblur.network.APIResponse: 	at okhttp3.internal.http.RealInterceptorChain.proceed(RealInterceptorChain.java:142)
08-06 03:44:03.602  1142 12649 E baseline.com.newsblur.network.APIResponse: 	at okhttp3.internal.connection.ConnectInterceptor.intercept(ConnectInterceptor.java:43)
08-06 03:44:03.602  1142 12649 E baseline.com.newsblur.network.APIResponse: 	at okhttp3.internal.http.RealInterceptorChain.proceed(RealInterceptorChain.java:142)
08-06 03:44:03.602  1142 12649 E baseline.com.newsblur.network.APIResponse: 	at okhttp3.internal.http.RealInterceptorChain.proceed(RealInterceptorChain.java:117)
08-06 03:44:03.602  1142 12649 E baseline.com.newsblur.network.APIResponse: 	at okhttp3.internal.cache.CacheInterceptor.intercept(CacheInterceptor.java:94)
08-06 03:44:03.602  1142 12649 E baseline.com.newsblur.network.APIResponse: 	at okhttp3.internal.http.RealInterceptorChain.proceed(RealInterceptorChain.java:142)
08-06 03:44:03.602  1142 12649 E baseline.com.newsblur.network.APIResponse: 	at okhttp3.internal.http.RealInterceptorChain.proceed(RealInterceptorChain.java:117)
08-06 03:44:03.602  1142 12649 E baseline.com.newsblur.network.APIResponse: 	at okhttp3.internal.http.BridgeInterceptor.intercept(BridgeInterceptor.java:93)
08-06 03:44:03.602  1142 12649 E baseline.com.newsblur.network.APIResponse: 	at okhttp3.internal.http.RealInterceptorChain.proceed(RealInterceptorChain.java:142)
08-06 03:44:03.602  1142 12649 E baseline.com.newsblur.network.APIResponse: 	at okhttp3.internal.http.RetryAndFollowUpInterceptor.intercept(RetryAndFollowUpInterceptor.java:88)
08-06 03:44:03.602  1142 12649 E baseline.com.newsblur.network.APIResponse: 	at okhttp3.internal.http.RealInterceptorChain.proceed(RealInterceptorChain.java:142)
08-06 03:44:03.602  1142 12649 E baseline.com.newsblur.network.APIResponse: 	at okhttp3.internal.http.RealInterceptorChain.proceed(RealInterceptorChain.java:117)
08-06 03:44:03.602  1142 12649 E baseline.com.newsblur.network.APIResponse: 	at okhttp3.RealCall.getResponseWithInterceptorChain(RealCall.java:229)
08-06 03:44:03.602  1142 12649 E baseline.com.newsblur.network.APIResponse: 	at okhttp3.RealCall.execute(RealCall.java:81)
08-06 03:44:03.602  1142 12649 E baseline.com.newsblur.network.APIResponse: 	at baseline.com.newsblur.network.APIResponse.<init>(APIResponse.java:57)
08-06 03:44:03.602  1142 12649 E baseline.com.newsblur.network.APIResponse: 	at baseline.com.newsblur.network.APIResponse.<init>(APIResponse.java:43)
08-06 03:44:03.602  1142 12649 E baseline.com.newsblur.network.APIResponse: 	at baseline.com.newsblur.network.APIManager.post_single(APIManager.java:702)
08-06 03:44:03.602  1142 12649 E baseline.com.newsblur.network.APIResponse: 	at baseline.com.newsblur.network.APIManager.post(APIManager.java:675)
08-06 03:44:03.602  1142 12649 E baseline.com.newsblur.network.APIResponse: 	at baseline.com.newsblur.network.APIManager.post(APIManager.java:714)
08-06 03:44:03.602  1142 12649 E baseline.com.newsblur.network.APIResponse: 	at baseline.com.newsblur.network.APIManager.markStoryAsRead(APIManager.java:205)
08-06 03:44:03.602  1142 12649 E baseline.com.newsblur.network.APIResponse: 	at baseline.com.newsblur.util.ReadingAction.doRemote(ReadingAction.java:281)
08-06 03:44:03.602  1142 12649 E baseline.com.newsblur.network.APIResponse: 	at baseline.com.newsblur.service.NBSyncService.syncActions(NBSyncService.java:400)
08-06 03:44:03.602  1142 12649 E baseline.com.newsblur.network.APIResponse: 	at baseline.com.newsblur.service.NBSyncService.doSync(NBSyncService.java:298)
08-06 03:44:03.602  1142 12649 E baseline.com.newsblur.network.APIResponse: 	at baseline.com.newsblur.service.NBSyncService.access$100(NBSyncService.java:67)
08-06 03:44:03.602  1142 12649 E baseline.com.newsblur.network.APIResponse: 	at baseline.com.newsblur.service.NBSyncService$1.run(NBSyncService.java:188)
08-06 03:44:03.602  1142 12649 E baseline.com.newsblur.network.APIResponse: 	at java.util.concurrent.ThreadPoolExecutor.runWorker(ThreadPoolExecutor.java:1113)
08-06 03:44:03.602  1142 12649 E baseline.com.newsblur.network.APIResponse: 	at java.util.concurrent.ThreadPoolExecutor$Worker.run(ThreadPoolExecutor.java:588)
08-06 03:44:03.602  1142 12649 E baseline.com.newsblur.network.APIResponse: 	at java.lang.Thread.run(Thread.java:818)
08-06 03:44:03.602  1142 12649 E baseline.com.newsblur.network.APIResponse: Caused by: java.io.EOFException: \n not found: limit=0 content=
08-06 03:44:03.602  1142 12649 E baseline.com.newsblur.network.APIResponse: 	at okio.RealBufferedSource.readUtf8LineStrict(RealBufferedSource.java:240)
08-06 03:44:03.602  1142 12649 E baseline.com.newsblur.network.APIResponse: 	at okhttp3.internal.http1.Http1ExchangeCodec.readHeaderLine(Http1ExchangeCodec.java:242)
08-06 03:44:03.602  1142 12649 E baseline.com.newsblur.network.APIResponse: 	at okhttp3.internal.http1.Http1ExchangeCodec.readResponseHeaders(Http1ExchangeCodec.java:213)
08-06 03:44:03.602  1142 12649 E baseline.com.newsblur.network.APIResponse: 	... 30 more
08-06 03:44:03.603  1142 12649 I baseline.com.newsblur.network.APIManager: API call failed, pausing before retry number 2
08-06 03:44:03.667  1142 10856 I art     : Explicit concurrent mark sweep GC freed 602(165KB) AllocSpace objects, 2(40KB) LOS objects, 27% free, 42MB/58MB, paused 1.650ms total 66.890ms
08-06 03:44:03.682  1142 10856 I art     : Starting a blocking GC Explicit
08-06 03:44:03.750  1142 10856 I art     : Explicit concurrent mark sweep GC freed 341(47KB) AllocSpace objects, 0(0B) LOS objects, 27% free, 41MB/57MB, paused 1.615ms total 66.975ms
08-06 03:44:03.766  1142 10856 I art     : Starting a blocking GC Explicit
08-06 03:44:03.821  1142 10856 I art     : Explicit concurrent mark sweep GC freed 7(288B) AllocSpace objects, 0(0B) LOS objects, 27% free, 41MB/57MB, paused 1.543ms total 54.966ms
08-06 03:44:04.220  1142  1153 I art     : Starting a blocking GC Explicit
08-06 03:44:04.287  1142  1153 I art     : Explicit concurrent mark sweep GC freed 1441(82KB) AllocSpace objects, 1(20KB) LOS objects, 27% free, 41MB/57MB, paused 1.636ms total 67.037ms
08-06 03:44:04.303  1142  1153 I art     : Starting a blocking GC Explicit
08-06 03:44:04.371  1142  1153 I art     : Explicit concurrent mark sweep GC freed 22(784B) AllocSpace objects, 0(0B) LOS objects, 27% free, 41MB/57MB, paused 1.673ms total 68.234ms
08-06 03:44:04.390  1142  1153 I art     : Starting a blocking GC Explicit
08-06 03:44:04.455  1142  1153 I art     : Explicit concurrent mark sweep GC freed 3(96B) AllocSpace objects, 0(0B) LOS objects, 27% free, 41MB/57MB, paused 1.586ms total 65.276ms
08-06 03:44:04.470  1142  1153 I art     : Starting a blocking GC Explicit
08-06 03:44:04.536  1142  1153 I art     : Explicit concurrent mark sweep GC freed 3(96B) AllocSpace objects, 0(0B) LOS objects, 27% free, 41MB/57MB, paused 1.568ms total 64.959ms
08-06 03:44:04.551  1142  1153 I art     : Starting a blocking GC Explicit
08-06 03:44:04.620  1142  1153 I art     : Explicit concurrent mark sweep GC freed 3(96B) AllocSpace objects, 0(0B) LOS objects, 27% free, 41MB/57MB, paused 1.647ms total 68.460ms
08-06 03:44:05.037  1142 11214 I art     : Starting a blocking GC Explicit
08-06 03:44:05.108  1142 11214 I art     : Explicit concurrent mark sweep GC freed 1441(82KB) AllocSpace objects, 1(20KB) LOS objects, 27% free, 41MB/57MB, paused 1.662ms total 70.473ms
08-06 03:44:05.125  1142 11214 I art     : Starting a blocking GC Explicit
08-06 03:44:05.191  1142 11214 I art     : Explicit concurrent mark sweep GC freed 22(784B) AllocSpace objects, 0(0B) LOS objects, 27% free, 41MB/57MB, paused 1.699ms total 65.435ms
08-06 03:44:05.207  1142 11214 I art     : Starting a blocking GC Explicit
08-06 03:44:05.276  1142 11214 I art     : Explicit concurrent mark sweep GC freed 3(96B) AllocSpace objects, 0(0B) LOS objects, 27% free, 41MB/57MB, paused 1.517ms total 68.624ms
08-06 03:44:05.294  1142 11214 I art     : Starting a blocking GC Explicit
08-06 03:44:05.359  1142 11214 I art     : Explicit concurrent mark sweep GC freed 3(96B) AllocSpace objects, 0(0B) LOS objects, 27% free, 41MB/57MB, paused 1.697ms total 64.604ms
08-06 03:44:05.374  1142 11214 I art     : Starting a blocking GC Explicit
08-06 03:44:05.441  1142 11214 I art     : Explicit concurrent mark sweep GC freed 3(96B) AllocSpace objects, 0(0B) LOS objects, 27% free, 41MB/57MB, paused 1.516ms total 66.375ms
08-06 03:44:05.850  1142  1154 I art     : Starting a blocking GC Explicit
08-06 03:44:05.922  1142  1154 I art     : Explicit concurrent mark sweep GC freed 1441(82KB) AllocSpace objects, 1(20KB) LOS objects, 27% free, 41MB/57MB, paused 1.667ms total 71.484ms
08-06 03:44:05.939  1142  1154 I art     : Starting a blocking GC Explicit
08-06 03:44:06.005  1142  1154 I art     : Explicit concurrent mark sweep GC freed 22(784B) AllocSpace objects, 0(0B) LOS objects, 27% free, 41MB/57MB, paused 1.631ms total 65.140ms
08-06 03:44:06.020  1142  1154 I art     : Starting a blocking GC Explicit
08-06 03:44:06.084  1142  1154 I art     : Explicit concurrent mark sweep GC freed 3(96B) AllocSpace objects, 0(0B) LOS objects, 27% free, 41MB/57MB, paused 1.550ms total 64.180ms
08-06 03:44:06.100  1142  1154 I art     : Starting a blocking GC Explicit
08-06 03:44:06.167  1142  1154 I art     : Explicit concurrent mark sweep GC freed 3(96B) AllocSpace objects, 0(0B) LOS objects, 27% free, 41MB/57MB, paused 1.650ms total 67.252ms
08-06 03:44:06.184  1142  1154 I art     : Starting a blocking GC Explicit
08-06 03:44:06.250  1142  1154 I art     : Explicit concurrent mark sweep GC freed 3(96B) AllocSpace objects, 0(0B) LOS objects, 27% free, 41MB/57MB, paused 1.632ms total 66.207ms
08-06 03:44:06.654  1142 10856 I art     : Starting a blocking GC Explicit
08-06 03:44:06.725  1142 10856 I art     : Explicit concurrent mark sweep GC freed 1546(87KB) AllocSpace objects, 1(20KB) LOS objects, 27% free, 41MB/57MB, paused 1.745ms total 70.076ms
08-06 03:44:06.743  1142 10856 I art     : Starting a blocking GC Explicit
08-06 03:44:06.807  1142 10856 I art     : Explicit concurrent mark sweep GC freed 89(5KB) AllocSpace objects, 0(0B) LOS objects, 27% free, 41MB/57MB, paused 1.619ms total 63.409ms
08-06 03:44:06.822  1142 10856 I art     : Starting a blocking GC Explicit
08-06 03:44:06.890  1142 10856 I art     : Explicit concurrent mark sweep GC freed 3(96B) AllocSpace objects, 0(0B) LOS objects, 27% free, 41MB/57MB, paused 1.689ms total 67.520ms
08-06 03:44:06.905  1142 10856 I art     : Starting a blocking GC Explicit
08-06 03:44:06.968  1142 10856 I art     : Explicit concurrent mark sweep GC freed 3(96B) AllocSpace objects, 0(0B) LOS objects, 27% free, 41MB/57MB, paused 1.645ms total 62.585ms
08-06 03:44:06.968  1142  1152 I art     : WaitForGcToComplete blocked for 59.909ms for cause HeapTrim
08-06 03:44:06.984  1142 10856 I art     : Starting a blocking GC Explicit
08-06 03:44:07.043  1142 10856 I art     : Explicit concurrent mark sweep GC freed 3(96B) AllocSpace objects, 0(0B) LOS objects, 27% free, 41MB/57MB, paused 1.585ms total 58.699ms
08-06 03:44:07.185  1142 12649 E baseline.com.newsblur.network.APIResponse: Error (unexpected end of stream on https://www.newsblur.com/...) calling https://www.newsblur.com/reader/mark_story_hashes_as_read/
08-06 03:44:07.185  1142 12649 E baseline.com.newsblur.network.APIResponse: java.io.IOException: unexpected end of stream on https://www.newsblur.com/...
08-06 03:44:07.185  1142 12649 E baseline.com.newsblur.network.APIResponse: 	at okhttp3.internal.http1.Http1ExchangeCodec.readResponseHeaders(Http1ExchangeCodec.java:236)
08-06 03:44:07.185  1142 12649 E baseline.com.newsblur.network.APIResponse: 	at okhttp3.internal.connection.Exchange.readResponseHeaders(Exchange.java:115)
08-06 03:44:07.185  1142 12649 E baseline.com.newsblur.network.APIResponse: 	at okhttp3.internal.http.CallServerInterceptor.intercept(CallServerInterceptor.java:94)
08-06 03:44:07.185  1142 12649 E baseline.com.newsblur.network.APIResponse: 	at okhttp3.internal.http.RealInterceptorChain.proceed(RealInterceptorChain.java:142)
08-06 03:44:07.185  1142 12649 E baseline.com.newsblur.network.APIResponse: 	at okhttp3.internal.connection.ConnectInterceptor.intercept(ConnectInterceptor.java:43)
08-06 03:44:07.185  1142 12649 E baseline.com.newsblur.network.APIResponse: 	at okhttp3.internal.http.RealInterceptorChain.proceed(RealInterceptorChain.java:142)
08-06 03:44:07.185  1142 12649 E baseline.com.newsblur.network.APIResponse: 	at okhttp3.internal.http.RealInterceptorChain.proceed(RealInterceptorChain.java:117)
08-06 03:44:07.185  1142 12649 E baseline.com.newsblur.network.APIResponse: 	at okhttp3.internal.cache.CacheInterceptor.intercept(CacheInterceptor.java:94)
08-06 03:44:07.185  1142 12649 E baseline.com.newsblur.network.APIResponse: 	at okhttp3.internal.http.RealInterceptorChain.proceed(RealInterceptorChain.java:142)
08-06 03:44:07.185  1142 12649 E baseline.com.newsblur.network.APIResponse: 	at okhttp3.internal.http.RealInterceptorChain.proceed(RealInterceptorChain.java:117)
08-06 03:44:07.185  1142 12649 E baseline.com.newsblur.network.APIResponse: 	at okhttp3.internal.http.BridgeInterceptor.intercept(BridgeInterceptor.java:93)
08-06 03:44:07.185  1142 12649 E baseline.com.newsblur.network.APIResponse: 	at okhttp3.internal.http.RealInterceptorChain.proceed(RealInterceptorChain.java:142)
08-06 03:44:07.185  1142 12649 E baseline.com.newsblur.network.APIResponse: 	at okhttp3.internal.http.RetryAndFollowUpInterceptor.intercept(RetryAndFollowUpInterceptor.java:88)
08-06 03:44:07.185  1142 12649 E baseline.com.newsblur.network.APIResponse: 	at okhttp3.internal.http.RealInterceptorChain.proceed(RealInterceptorChain.java:142)
08-06 03:44:07.185  1142 12649 E baseline.com.newsblur.network.APIResponse: 	at okhttp3.internal.http.RealInterceptorChain.proceed(RealInterceptorChain.java:117)
08-06 03:44:07.185  1142 12649 E baseline.com.newsblur.network.APIResponse: 	at okhttp3.RealCall.getResponseWithInterceptorChain(RealCall.java:229)
08-06 03:44:07.185  1142 12649 E baseline.com.newsblur.network.APIResponse: 	at okhttp3.RealCall.execute(RealCall.java:81)
08-06 03:44:07.185  1142 12649 E baseline.com.newsblur.network.APIResponse: 	at baseline.com.newsblur.network.APIResponse.<init>(APIResponse.java:57)
08-06 03:44:07.185  1142 12649 E baseline.com.newsblur.network.APIResponse: 	at baseline.com.newsblur.network.APIResponse.<init>(APIResponse.java:43)
08-06 03:44:07.185  1142 12649 E baseline.com.newsblur.network.APIResponse: 	at baseline.com.newsblur.network.APIManager.post_single(APIManager.java:702)
08-06 03:44:07.185  1142 12649 E baseline.com.newsblur.network.APIResponse: 	at baseline.com.newsblur.network.APIManager.post(APIManager.java:675)
08-06 03:44:07.185  1142 12649 E baseline.com.newsblur.network.APIResponse: 	at baseline.com.newsblur.network.APIManager.post(APIManager.java:714)
08-06 03:44:07.185  1142 12649 E baseline.com.newsblur.network.APIResponse: 	at baseline.com.newsblur.network.APIManager.markStoryAsRead(APIManager.java:205)
08-06 03:44:07.185  1142 12649 E baseline.com.newsblur.network.APIResponse: 	at baseline.com.newsblur.util.ReadingAction.doRemote(ReadingAction.java:281)
08-06 03:44:07.185  1142 12649 E baseline.com.newsblur.network.APIResponse: 	at baseline.com.newsblur.service.NBSyncService.syncActions(NBSyncService.java:400)
08-06 03:44:07.185  1142 12649 E baseline.com.newsblur.network.APIResponse: 	at baseline.com.newsblur.service.NBSyncService.doSync(NBSyncService.java:298)
08-06 03:44:07.185  1142 12649 E baseline.com.newsblur.network.APIResponse: 	at baseline.com.newsblur.service.NBSyncService.access$100(NBSyncService.java:67)
08-06 03:44:07.185  1142 12649 E baseline.com.newsblur.network.APIResponse: 	at baseline.com.newsblur.service.NBSyncService$1.run(NBSyncService.java:188)
08-06 03:44:07.185  1142 12649 E baseline.com.newsblur.network.APIResponse: 	at java.util.concurrent.ThreadPoolExecutor.runWorker(ThreadPoolExecutor.java:1113)
08-06 03:44:07.185  1142 12649 E baseline.com.newsblur.network.APIResponse: 	at java.util.concurrent.ThreadPoolExecutor$Worker.run(ThreadPoolExecutor.java:588)
08-06 03:44:07.185  1142 12649 E baseline.com.newsblur.network.APIResponse: 	at java.lang.Thread.run(Thread.java:818)
08-06 03:44:07.185  1142 12649 E baseline.com.newsblur.network.APIResponse: Caused by: java.io.EOFException: \n not found: limit=0 content=
08-06 03:44:07.185  1142 12649 E baseline.com.newsblur.network.APIResponse: 	at okio.RealBufferedSource.readUtf8LineStrict(RealBufferedSource.java:240)
08-06 03:44:07.185  1142 12649 E baseline.com.newsblur.network.APIResponse: 	at okhttp3.internal.http1.Http1ExchangeCodec.readHeaderLine(Http1ExchangeCodec.java:242)
08-06 03:44:07.185  1142 12649 E baseline.com.newsblur.network.APIResponse: 	at okhttp3.internal.http1.Http1ExchangeCodec.readResponseHeaders(Http1ExchangeCodec.java:213)
08-06 03:44:07.185  1142 12649 E baseline.com.newsblur.network.APIResponse: 	... 30 more
08-06 03:44:07.187  1142 12649 I baseline.com.newsblur.service.NBSyncService: Holding reading action with server-side or network error.
08-06 03:44:07.197  1142 12649 W baseline.com.newsblur.service.NBSyncService: hard API failure
08-06 03:44:07.401  1142  1153 I art     : Starting a blocking GC Explicit
08-06 03:44:07.470  1142  1153 I art     : Explicit concurrent mark sweep GC freed 4347(406KB) AllocSpace objects, 5(100KB) LOS objects, 27% free, 42MB/58MB, paused 1.858ms total 68.283ms
08-06 03:44:07.483 12819 12819 D AndroidRuntime: >>>>>> START com.android.internal.os.RuntimeInit uid 2000 <<<<<<
08-06 03:44:07.485  1142  1153 I art     : Starting a blocking GC Explicit
08-06 03:44:07.489 12819 12819 D AndroidRuntime: CheckJNI is OFF
08-06 03:44:07.533 12819 12819 D ICU     : No timezone override file found: /data/misc/zoneinfo/current/icu/icu_tzdata.dat
08-06 03:44:07.549  1142  1153 I art     : Explicit concurrent mark sweep GC freed 129(4KB) AllocSpace objects, 0(0B) LOS objects, 27% free, 41MB/57MB, paused 1.735ms total 63.339ms
08-06 03:44:07.564  1142  1153 I art     : Starting a blocking GC Explicit
08-06 03:44:07.582 12819 12819 I Radio-JNI: register_android_hardware_Radio DONE
08-06 03:44:07.611 12819 12819 D AndroidRuntime: Calling main entry com.android.commands.input.Input
08-06 03:44:07.614 12819 12819 I Input   : injectMotionEvent: MotionEvent { action=ACTION_DOWN, actionButton=0, id[0]=0, x[0]=436.0, y[0]=453.0, toolType[0]=TOOL_TYPE_UNKNOWN, buttonState=0, metaState=0, flags=0x0, edgeFlags=0x0, pointerCount=1, historySize=0, eventTime=848664026, downTime=848664026, deviceId=0, source=0x1002 }
08-06 03:44:07.620 12819 12819 I Input   : injectMotionEvent: MotionEvent { action=ACTION_UP, actionButton=0, id[0]=0, x[0]=436.0, y[0]=453.0, toolType[0]=TOOL_TYPE_UNKNOWN, buttonState=0, metaState=0, flags=0x0, edgeFlags=0x0, pointerCount=1, historySize=0, eventTime=848664026, downTime=848664026, deviceId=0, source=0x1002 }
08-06 03:44:07.622 12819 12819 D AndroidRuntime: Shutting down VM
08-06 03:44:07.628  1142  1153 I art     : Explicit concurrent mark sweep GC freed 5(160B) AllocSpace objects, 0(0B) LOS objects, 27% free, 41MB/57MB, paused 1.778ms total 63.934ms
08-06 03:44:07.634   512  2967 D audio_hw_primary: out_set_parameters: enter: usecase(1: low-latency-playback) kvpairs: routing=2
08-06 03:44:07.638   918  3961 I ActivityManager: START u0 {cmp=baseline.com.newsblur/.activity.AllSharedStoriesReading (has extras)} from uid 10698 on display 0
08-06 03:44:07.644  1142  1153 I art     : Starting a blocking GC Explicit
08-06 03:44:07.647   512  2967 D audio_hw_primary: select_devices: out_snd_device(2: speaker) in_snd_device(0: none)
08-06 03:44:07.647   512  2967 D msm8974_platform: platform_send_audio_calibration: sending audio calibration for snd_device(2) acdb_id(15)
08-06 03:44:07.648   512  2967 I soundtrigger: audio_extn_sound_trigger_update_device_status: device 0x2 of type 0 for Event 1
08-06 03:44:07.659   512  2967 D audio_hw_primary: enable_snd_device: snd_device(2: speaker)
08-06 03:44:07.661   512  2967 D audio_hw_primary: enable_audio_route: apply and update mixer path: low-latency-playback speaker
08-06 03:44:07.681  1142 12649 E baseline.com.newsblur.network.APIResponse: Error (unexpected end of stream on https://www.newsblur.com/...) calling https://www.newsblur.com/reader/mark_story_hashes_as_read/
08-06 03:44:07.681  1142 12649 E baseline.com.newsblur.network.APIResponse: java.io.IOException: unexpected end of stream on https://www.newsblur.com/...
08-06 03:44:07.681  1142 12649 E baseline.com.newsblur.network.APIResponse: 	at okhttp3.internal.http1.Http1ExchangeCodec.readResponseHeaders(Http1ExchangeCodec.java:236)
08-06 03:44:07.681  1142 12649 E baseline.com.newsblur.network.APIResponse: 	at okhttp3.internal.connection.Exchange.readResponseHeaders(Exchange.java:115)
08-06 03:44:07.681  1142 12649 E baseline.com.newsblur.network.APIResponse: 	at okhttp3.internal.http.CallServerInterceptor.intercept(CallServerInterceptor.java:94)
08-06 03:44:07.681  1142 12649 E baseline.com.newsblur.network.APIResponse: 	at okhttp3.internal.http.RealInterceptorChain.proceed(RealInterceptorChain.java:142)
08-06 03:44:07.681  1142 12649 E baseline.com.newsblur.network.APIResponse: 	at okhttp3.internal.connection.ConnectInterceptor.intercept(ConnectInterceptor.java:43)
08-06 03:44:07.681  1142 12649 E baseline.com.newsblur.network.APIResponse: 	at okhttp3.internal.http.RealInterceptorChain.proceed(RealInterceptorChain.java:142)
08-06 03:44:07.681  1142 12649 E baseline.com.newsblur.network.APIResponse: 	at okhttp3.internal.http.RealInterceptorChain.proceed(RealInterceptorChain.java:117)
08-06 03:44:07.681  1142 12649 E baseline.com.newsblur.network.APIResponse: 	at okhttp3.internal.cache.CacheInterceptor.intercept(CacheInterceptor.java:94)
08-06 03:44:07.681  1142 12649 E baseline.com.newsblur.network.APIResponse: 	at okhttp3.internal.http.RealInterceptorChain.proceed(RealInterceptorChain.java:142)
08-06 03:44:07.681  1142 12649 E baseline.com.newsblur.network.APIResponse: 	at okhttp3.internal.http.RealInterceptorChain.proceed(RealInterceptorChain.java:117)
08-06 03:44:07.681  1142 12649 E baseline.com.newsblur.network.APIResponse: 	at okhttp3.internal.http.BridgeInterceptor.intercept(BridgeInterceptor.java:93)
08-06 03:44:07.681  1142 12649 E baseline.com.newsblur.network.APIResponse: 	at okhttp3.internal.http.RealInterceptorChain.proceed(RealInterceptorChain.java:142)
08-06 03:44:07.681  1142 12649 E baseline.com.newsblur.network.APIResponse: 	at okhttp3.internal.http.RetryAndFollowUpInterceptor.intercept(RetryAndFollowUpInterceptor.java:88)
08-06 03:44:07.681  1142 12649 E baseline.com.newsblur.network.APIResponse: 	at okhttp3.internal.http.RealInterceptorChain.proceed(RealInterceptorChain.java:142)
08-06 03:44:07.681  1142 12649 E baseline.com.newsblur.network.APIResponse: 	at okhttp3.internal.http.RealInterceptorChain.proceed(RealInterceptorChain.java:117)
08-06 03:44:07.681  1142 12649 E baseline.com.newsblur.network.APIResponse: 	at okhttp3.RealCall.getResponseWithInterceptorChain(RealCall.java:229)
08-06 03:44:07.681  1142 12649 E baseline.com.newsblur.network.APIResponse: 	at okhttp3.RealCall.execute(RealCall.java:81)
08-06 03:44:07.681  1142 12649 E baseline.com.newsblur.network.APIResponse: 	at baseline.com.newsblur.network.APIResponse.<init>(APIResponse.java:57)
08-06 03:44:07.681  1142 12649 E baseline.com.newsblur.network.APIResponse: 	at baseline.com.newsblur.network.APIResponse.<init>(APIResponse.java:43)
08-06 03:44:07.681  1142 12649 E baseline.com.newsblur.network.APIResponse: 	at baseline.com.newsblur.network.APIManager.post_single(APIManager.java:702)
08-06 03:44:07.681  1142 12649 E baseline.com.newsblur.network.APIResponse: 	at baseline.com.newsblur.network.APIManager.post(APIManager.java:675)
08-06 03:44:07.681  1142 12649 E baseline.com.newsblur.network.APIResponse: 	at baseline.com.newsblur.network.APIManager.post(APIManager.java:714)
08-06 03:44:07.681  1142 12649 E baseline.com.newsblur.network.APIResponse: 	at baseline.com.newsblur.network.APIManager.markStoryAsRead(APIManager.java:205)
08-06 03:44:07.681  1142 12649 E baseline.com.newsblur.network.APIResponse: 	at baseline.com.newsblur.util.ReadingAction.doRemote(ReadingAction.java:281)
08-06 03:44:07.681  1142 12649 E baseline.com.newsblur.network.APIResponse: 	at baseline.com.newsblur.service.NBSyncService.syncActions(NBSyncService.java:400)
08-06 03:44:07.681  1142 12649 E baseline.com.newsblur.network.APIResponse: 	at baseline.com.newsblur.service.NBSyncService.doSync(NBSyncService.java:298)
08-06 03:44:07.681  1142 12649 E baseline.com.newsblur.network.APIResponse: 	at baseline.com.newsblur.service.NBSyncService.access$100(NBSyncService.java:67)
08-06 03:44:07.681  1142 12649 E baseline.com.newsblur.network.APIResponse: 	at baseline.com.newsblur.service.NBSyncService$1.run(NBSyncService.java:188)
08-06 03:44:07.681  1142 12649 E baseline.com.newsblur.network.APIResponse: 	at java.util.concurrent.ThreadPoolExecutor.runWorker(ThreadPoolExecutor.java:1113)
08-06 03:44:07.681  1142 12649 E baseline.com.newsblur.network.APIResponse: 	at java.util.concurrent.ThreadPoolExecutor$Worker.run(ThreadPoolExecutor.java:588)
08-06 03:44:07.681  1142 12649 E baseline.com.newsblur.network.APIResponse: 	at java.lang.Thread.run(Thread.java:818)
08-06 03:44:07.681  1142 12649 E baseline.com.newsblur.network.APIResponse: Caused by: java.io.EOFException: \n not found: limit=0 content=
08-06 03:44:07.681  1142 12649 E baseline.com.newsblur.network.APIResponse: 	at okio.RealBufferedSource.readUtf8LineStrict(RealBufferedSource.java:240)
08-06 03:44:07.681  1142 12649 E baseline.com.newsblur.network.APIResponse: 	at okhttp3.internal.http1.Http1ExchangeCodec.readHeaderLine(Http1ExchangeCodec.java:242)
08-06 03:44:07.681  1142 12649 E baseline.com.newsblur.network.APIResponse: 	at okhttp3.internal.http1.Http1ExchangeCodec.readResponseHeaders(Http1ExchangeCodec.java:213)
08-06 03:44:07.681  1142 12649 E baseline.com.newsblur.network.APIResponse: 	... 30 more
08-06 03:44:07.682  1142 12649 I baseline.com.newsblur.network.APIManager: API call failed, pausing before retry number 1
08-06 03:44:07.702  1142  1153 I art     : Explicit concurrent mark sweep GC freed 3877(400KB) AllocSpace objects, 6(548KB) LOS objects, 27% free, 42MB/58MB, paused 1.676ms total 57.289ms
08-06 03:44:07.716  1142  1153 I art     : Starting a blocking GC Explicit
08-06 03:44:07.775  1142  1153 I art     : Explicit concurrent mark sweep GC freed 370(33KB) AllocSpace objects, 0(0B) LOS objects, 27% free, 42MB/58MB, paused 1.582ms total 59.064ms
08-06 03:44:07.910   918   936 I ActivityManager: Displayed baseline.com.newsblur/.activity.AllSharedStoriesReading: +261ms
08-06 03:44:07.910 13866 13866 I GoogleInputMethodServic: GoogleInputMethodService.onFinishInput():3138 
08-06 03:44:07.911 13866 13866 I GoogleInputMethodServic: GoogleInputMethodService.onStartInput():1808 
08-06 03:44:08.165  1142 11210 E chromium: [ERROR:tile_manager.cc(793)] WARNING: tile memory limits exceeded, some content may not draw
08-06 03:44:08.166  1142 11210 E chromium: [ERROR:tile_manager.cc(793)] WARNING: tile memory limits exceeded, some content may not draw
08-06 03:44:08.171  1142 10856 I art     : Starting a blocking GC Explicit
08-06 03:44:08.199   512  2967 D audio_hw_primary: disable_audio_route: reset and update mixer path: low-latency-playback speaker
08-06 03:44:08.200   512  2967 D audio_hw_primary: disable_snd_device: snd_device(2: speaker)
08-06 03:44:08.210   512  2967 I soundtrigger: audio_extn_sound_trigger_update_device_status: device 0x2 of type 0 for Event 0
08-06 03:44:08.232  1142 10856 I art     : Explicit concurrent mark sweep GC freed 4493(360KB) AllocSpace objects, 14(316KB) LOS objects, 27% free, 42MB/58MB, paused 1.578ms total 60.411ms
08-06 03:44:08.247  1142 10856 I art     : Starting a blocking GC Explicit
08-06 03:44:08.309  1142 10856 I art     : Explicit concurrent mark sweep GC freed 1245(69KB) AllocSpace objects, 2(48KB) LOS objects, 27% free, 42MB/58MB, paused 1.723ms total 61.842ms
08-06 03:44:08.325  1142 10856 I art     : Starting a blocking GC Explicit
08-06 03:44:08.382  1142 10856 I art     : Explicit concurrent mark sweep GC freed 31(992B) AllocSpace objects, 0(0B) LOS objects, 27% free, 42MB/58MB, paused 1.395ms total 56.023ms
08-06 03:44:08.397  1142 10856 I art     : Starting a blocking GC Explicit
08-06 03:44:08.453  1142 10856 I art     : Explicit concurrent mark sweep GC freed 3(96B) AllocSpace objects, 0(0B) LOS objects, 27% free, 42MB/58MB, paused 1.350ms total 56.291ms
08-06 03:44:08.467  1142 10856 I art     : Starting a blocking GC Explicit
08-06 03:44:08.527  1142 10856 I art     : Explicit concurrent mark sweep GC freed 3(96B) AllocSpace objects, 0(0B) LOS objects, 27% free, 42MB/58MB, paused 1.479ms total 59.199ms
08-06 03:44:08.908  1142  1154 I art     : Starting a blocking GC Explicit
08-06 03:44:08.974  1142  1154 I art     : Explicit concurrent mark sweep GC freed 1445(83KB) AllocSpace objects, 1(20KB) LOS objects, 27% free, 42MB/58MB, paused 1.578ms total 66.098ms
08-06 03:44:08.992  1142  1154 I art     : Starting a blocking GC Explicit
08-06 03:44:09.054  1142  1154 I art     : Explicit concurrent mark sweep GC freed 22(784B) AllocSpace objects, 0(0B) LOS objects, 27% free, 42MB/58MB, paused 1.517ms total 61.432ms
08-06 03:44:09.069  1142  1154 I art     : Starting a blocking GC Explicit
08-06 03:44:09.131  1142  1154 I art     : Explicit concurrent mark sweep GC freed 3(96B) AllocSpace objects, 0(0B) LOS objects, 27% free, 42MB/58MB, paused 1.560ms total 62.347ms
08-06 03:44:09.146  1142  1154 I art     : Starting a blocking GC Explicit
08-06 03:44:09.212  1142  1154 I art     : Explicit concurrent mark sweep GC freed 101(3KB) AllocSpace objects, 0(0B) LOS objects, 27% free, 42MB/58MB, paused 1.797ms total 65.138ms
08-06 03:44:09.231  1142  1154 I art     : Starting a blocking GC Explicit
08-06 03:44:09.296  1142  1154 I art     : Explicit concurrent mark sweep GC freed 94(4KB) AllocSpace objects, 0(0B) LOS objects, 27% free, 42MB/58MB, paused 1.665ms total 65.576ms
08-06 03:44:09.691  1142 11214 I art     : Starting a blocking GC Explicit
08-06 03:44:09.756  1142 12649 E baseline.com.newsblur.network.APIResponse: Error (unexpected end of stream on https://www.newsblur.com/...) calling https://www.newsblur.com/reader/mark_story_hashes_as_read/
08-06 03:44:09.756  1142 12649 E baseline.com.newsblur.network.APIResponse: java.io.IOException: unexpected end of stream on https://www.newsblur.com/...
08-06 03:44:09.756  1142 12649 E baseline.com.newsblur.network.APIResponse: 	at okhttp3.internal.http1.Http1ExchangeCodec.readResponseHeaders(Http1ExchangeCodec.java:236)
08-06 03:44:09.756  1142 12649 E baseline.com.newsblur.network.APIResponse: 	at okhttp3.internal.connection.Exchange.readResponseHeaders(Exchange.java:115)
08-06 03:44:09.756  1142 12649 E baseline.com.newsblur.network.APIResponse: 	at okhttp3.internal.http.CallServerInterceptor.intercept(CallServerInterceptor.java:94)
08-06 03:44:09.756  1142 12649 E baseline.com.newsblur.network.APIResponse: 	at okhttp3.internal.http.RealInterceptorChain.proceed(RealInterceptorChain.java:142)
08-06 03:44:09.756  1142 12649 E baseline.com.newsblur.network.APIResponse: 	at okhttp3.internal.connection.ConnectInterceptor.intercept(ConnectInterceptor.java:43)
08-06 03:44:09.756  1142 12649 E baseline.com.newsblur.network.APIResponse: 	at okhttp3.internal.http.RealInterceptorChain.proceed(RealInterceptorChain.java:142)
08-06 03:44:09.756  1142 12649 E baseline.com.newsblur.network.APIResponse: 	at okhttp3.internal.http.RealInterceptorChain.proceed(RealInterceptorChain.java:117)
08-06 03:44:09.756  1142 12649 E baseline.com.newsblur.network.APIResponse: 	at okhttp3.internal.cache.CacheInterceptor.intercept(CacheInterceptor.java:94)
08-06 03:44:09.756  1142 12649 E baseline.com.newsblur.network.APIResponse: 	at okhttp3.internal.http.RealInterceptorChain.proceed(RealInterceptorChain.java:142)
08-06 03:44:09.756  1142 12649 E baseline.com.newsblur.network.APIResponse: 	at okhttp3.internal.http.RealInterceptorChain.proceed(RealInterceptorChain.java:117)
08-06 03:44:09.756  1142 12649 E baseline.com.newsblur.network.APIResponse: 	at okhttp3.internal.http.BridgeInterceptor.intercept(BridgeInterceptor.java:93)
08-06 03:44:09.756  1142 12649 E baseline.com.newsblur.network.APIResponse: 	at okhttp3.internal.http.RealInterceptorChain.proceed(RealInterceptorChain.java:142)
08-06 03:44:09.756  1142 12649 E baseline.com.newsblur.network.APIResponse: 	at okhttp3.internal.http.RetryAndFollowUpInterceptor.intercept(RetryAndFollowUpInterceptor.java:88)
08-06 03:44:09.756  1142 12649 E baseline.com.newsblur.network.APIResponse: 	at okhttp3.internal.http.RealInterceptorChain.proceed(RealInterceptorChain.java:142)
08-06 03:44:09.756  1142 12649 E baseline.com.newsblur.network.APIResponse: 	at okhttp3.internal.http.RealInterceptorChain.proceed(RealInterceptorChain.java:117)
08-06 03:44:09.756  1142 12649 E baseline.com.newsblur.network.APIResponse: 	at okhttp3.RealCall.getResponseWithInterceptorChain(RealCall.java:229)
08-06 03:44:09.756  1142 12649 E baseline.com.newsblur.network.APIResponse: 	at okhttp3.RealCall.execute(RealCall.java:81)
08-06 03:44:09.756  1142 12649 E baseline.com.newsblur.network.APIResponse: 	at baseline.com.newsblur.network.APIResponse.<init>(APIResponse.java:57)
08-06 03:44:09.756  1142 12649 E baseline.com.newsblur.network.APIResponse: 	at baseline.com.newsblur.network.APIResponse.<init>(APIResponse.java:43)
08-06 03:44:09.756  1142 12649 E baseline.com.newsblur.network.APIResponse: 	at baseline.com.newsblur.network.APIManager.post_single(APIManager.java:702)
08-06 03:44:09.756  1142 12649 E baseline.com.newsblur.network.APIResponse: 	at baseline.com.newsblur.network.APIManager.post(APIManager.java:675)
08-06 03:44:09.756  1142 12649 E baseline.com.newsblur.network.APIResponse: 	at baseline.com.newsblur.network.APIManager.post(APIManager.java:714)
08-06 03:44:09.756  1142 12649 E baseline.com.newsblur.network.APIResponse: 	at baseline.com.newsblur.network.APIManager.markStoryAsRead(APIManager.java:205)
08-06 03:44:09.756  1142 12649 E baseline.com.newsblur.network.APIResponse: 	at baseline.com.newsblur.util.ReadingAction.doRemote(ReadingAction.java:281)
08-06 03:44:09.756  1142 12649 E baseline.com.newsblur.network.APIResponse: 	at baseline.com.newsblur.service.NBSyncService.syncActions(NBSyncService.java:400)
08-06 03:44:09.756  1142 12649 E baseline.com.newsblur.network.APIResponse: 	at baseline.com.newsblur.service.NBSyncService.doSync(NBSyncService.java:298)
08-06 03:44:09.756  1142 12649 E baseline.com.newsblur.network.APIResponse: 	at baseline.com.newsblur.service.NBSyncService.access$100(NBSyncService.java:67)
08-06 03:44:09.756  1142 12649 E baseline.com.newsblur.network.APIResponse: 	at baseline.com.newsblur.service.NBSyncService$1.run(NBSyncService.java:188)
08-06 03:44:09.756  1142 12649 E baseline.com.newsblur.network.APIResponse: 	at java.util.concurrent.ThreadPoolExecutor.runWorker(ThreadPoolExecutor.java:1113)
08-06 03:44:09.756  1142 12649 E baseline.com.newsblur.network.APIResponse: 	at java.util.concurrent.ThreadPoolExecutor$Worker.run(ThreadPoolExecutor.java:588)
08-06 03:44:09.756  1142 12649 E baseline.com.newsblur.network.APIResponse: 	at java.lang.Thread.run(Thread.java:818)
08-06 03:44:09.756  1142 12649 E baseline.com.newsblur.network.APIResponse: Caused by: java.io.EOFException: \n not found: limit=0 content=
08-06 03:44:09.756  1142 12649 E baseline.com.newsblur.network.APIResponse: 	at okio.RealBufferedSource.readUtf8LineStrict(RealBufferedSource.java:240)
08-06 03:44:09.756  1142 12649 E baseline.com.newsblur.network.APIResponse: 	at okhttp3.internal.http1.Http1ExchangeCodec.readHeaderLine(Http1ExchangeCodec.java:242)
08-06 03:44:09.756  1142 12649 E baseline.com.newsblur.network.APIResponse: 	at okhttp3.internal.http1.Http1ExchangeCodec.readResponseHeaders(Http1ExchangeCodec.java:213)
08-06 03:44:09.756  1142 12649 E baseline.com.newsblur.network.APIResponse: 	... 30 more
08-06 03:44:09.757  1142 12649 I baseline.com.newsblur.network.APIManager: API call failed, pausing before retry number 2
08-06 03:44:09.761  1142 11214 I art     : Explicit concurrent mark sweep GC freed 3533(291KB) AllocSpace objects, 1(20KB) LOS objects, 27% free, 42MB/58MB, paused 1.805ms total 70.336ms
08-06 03:44:09.777  1142 11214 I art     : Starting a blocking GC Explicit
08-06 03:44:09.847  1142 11214 I art     : Explicit concurrent mark sweep GC freed 529(70KB) AllocSpace objects, 2(40KB) LOS objects, 27% free, 42MB/58MB, paused 1.614ms total 69.564ms
08-06 03:44:09.865  1142 11214 I art     : Starting a blocking GC Explicit
08-06 03:44:09.937  1142 11214 I art     : Explicit concurrent mark sweep GC freed 45(1664B) AllocSpace objects, 0(0B) LOS objects, 27% free, 42MB/58MB, paused 1.671ms total 71.226ms
08-06 03:44:09.953  1142 11214 I art     : Starting a blocking GC Explicit
08-06 03:44:10.022  1142 11214 I art     : Explicit concurrent mark sweep GC freed 3(96B) AllocSpace objects, 0(0B) LOS objects, 27% free, 42MB/58MB, paused 1.702ms total 68.946ms
08-06 03:44:10.038  1142 11214 I art     : Starting a blocking GC Explicit
08-06 03:44:10.107  1142 11214 I art     : Explicit concurrent mark sweep GC freed 3(96B) AllocSpace objects, 0(0B) LOS objects, 27% free, 42MB/58MB, paused 1.538ms total 68.512ms
08-06 03:44:10.517  1142  1154 I art     : Starting a blocking GC Explicit
08-06 03:44:10.592  1142  1154 I art     : Explicit concurrent mark sweep GC freed 2496(136KB) AllocSpace objects, 1(20KB) LOS objects, 27% free, 42MB/58MB, paused 1.858ms total 74.582ms
08-06 03:44:10.612  1142  1154 I art     : Starting a blocking GC Explicit
08-06 03:44:10.669  1142  1154 I art     : Explicit concurrent mark sweep GC freed 5333(406KB) AllocSpace objects, 1(20KB) LOS objects, 27% free, 42MB/58MB, paused 1.534ms total 57.311ms
08-06 03:44:10.685  1142  1154 I art     : Starting a blocking GC Explicit
08-06 03:44:10.739  1142  1154 I art     : Explicit concurrent mark sweep GC freed 138(6KB) AllocSpace objects, 0(0B) LOS objects, 27% free, 42MB/58MB, paused 1.501ms total 54.202ms
08-06 03:44:10.753  1142  1154 I art     : Starting a blocking GC Explicit
08-06 03:44:10.809  1142  1154 I art     : Explicit concurrent mark sweep GC freed 188(20KB) AllocSpace objects, 0(0B) LOS objects, 27% free, 42MB/58MB, paused 1.608ms total 55.697ms
08-06 03:44:10.824  1142  1154 I art     : Starting a blocking GC Explicit
08-06 03:44:10.882  1142  1154 I art     : Explicit concurrent mark sweep GC freed 1667(64KB) AllocSpace objects, 0(0B) LOS objects, 27% free, 42MB/58MB, paused 1.641ms total 57.715ms
08-06 03:44:11.270  1142 10856 I art     : Starting a blocking GC Explicit
08-06 03:44:11.339  1142 10856 I art     : Explicit concurrent mark sweep GC freed 2052(123KB) AllocSpace objects, 1(20KB) LOS objects, 27% free, 42MB/58MB, paused 1.682ms total 68.345ms
08-06 03:44:11.356  1142 10856 I art     : Starting a blocking GC Explicit
08-06 03:44:11.423  1142 10856 I art     : Explicit concurrent mark sweep GC freed 88(3KB) AllocSpace objects, 0(0B) LOS objects, 27% free, 42MB/58MB, paused 1.645ms total 66.009ms
08-06 03:44:11.435  6649  6649 I ServiceManager: Waiting for service AtCmdFwd...
08-06 03:44:11.438  1142 10856 I art     : Starting a blocking GC Explicit
08-06 03:44:11.504  1142 10856 I art     : Explicit concurrent mark sweep GC freed 3(96B) AllocSpace objects, 0(0B) LOS objects, 27% free, 42MB/58MB, paused 1.680ms total 66.087ms
08-06 03:44:11.520  1142 10856 I art     : Starting a blocking GC Explicit
08-06 03:44:11.587  1142 10856 I art     : Explicit concurrent mark sweep GC freed 3(96B) AllocSpace objects, 0(0B) LOS objects, 27% free, 42MB/58MB, paused 1.478ms total 66.473ms
08-06 03:44:11.605  1142 10856 I art     : Starting a blocking GC Explicit
08-06 03:44:11.672  1142 10856 I art     : Explicit concurrent mark sweep GC freed 3(96B) AllocSpace objects, 0(0B) LOS objects, 27% free, 42MB/58MB, paused 1.663ms total 66.272ms
08-06 03:44:12.057  1142  1153 I art     : Starting a blocking GC Explicit
08-06 03:44:12.123  1142  1153 I art     : Explicit concurrent mark sweep GC freed 1445(83KB) AllocSpace objects, 1(20KB) LOS objects, 27% free, 42MB/58MB, paused 1.676ms total 65.728ms
08-06 03:44:12.138  1142  1153 I art     : Starting a blocking GC Explicit
08-06 03:44:12.201  1142  1153 I art     : Explicit concurrent mark sweep GC freed 22(784B) AllocSpace objects, 0(0B) LOS objects, 27% free, 42MB/58MB, paused 1.656ms total 62.133ms
08-06 03:44:12.216  1142  1153 I art     : Starting a blocking GC Explicit
08-06 03:44:12.281  1142  1153 I art     : Explicit concurrent mark sweep GC freed 3(96B) AllocSpace objects, 0(0B) LOS objects, 27% free, 42MB/58MB, paused 1.659ms total 64.611ms
08-06 03:44:12.296  1142  1153 I art     : Starting a blocking GC Explicit
08-06 03:44:12.362  1142  1153 I art     : Explicit concurrent mark sweep GC freed 3(96B) AllocSpace objects, 0(0B) LOS objects, 27% free, 42MB/58MB, paused 1.676ms total 64.905ms
08-06 03:44:12.377  1142  1153 I art     : Starting a blocking GC Explicit
08-06 03:44:12.435 12900 12900 D AndroidRuntime: >>>>>> START com.android.internal.os.RuntimeInit uid 2000 <<<<<<
08-06 03:44:12.435  6649  6649 I ServiceManager: Waiting for service AtCmdFwd...
08-06 03:44:12.441  1142  1153 I art     : Explicit concurrent mark sweep GC freed 3(96B) AllocSpace objects, 0(0B) LOS objects, 27% free, 42MB/58MB, paused 1.732ms total 64.387ms
08-06 03:44:12.441 12900 12900 D AndroidRuntime: CheckJNI is OFF
08-06 03:44:12.485 12900 12900 D ICU     : No timezone override file found: /data/misc/zoneinfo/current/icu/icu_tzdata.dat
08-06 03:44:12.529 12900 12900 I Radio-JNI: register_android_hardware_Radio DONE
08-06 03:44:12.558 12900 12900 D AndroidRuntime: Calling main entry com.android.commands.input.Input
08-06 03:44:12.561 12900 12900 I Input   : injectKeyEvent: KeyEvent { action=ACTION_DOWN, keyCode=KEYCODE_BACK, scanCode=0, metaState=0, flags=0x0, repeatCount=0, eventTime=848668974, downTime=848668974, deviceId=-1, source=0x101 }
08-06 03:44:12.568 12900 12900 I Input   : injectKeyEvent: KeyEvent { action=ACTION_UP, keyCode=KEYCODE_BACK, scanCode=0, metaState=0, flags=0x0, repeatCount=0, eventTime=848668974, downTime=848668974, deviceId=-1, source=0x101 }
08-06 03:44:12.577 12900 12900 D AndroidRuntime: Shutting down VM
08-06 03:44:12.587  1142  1142 D baseline.com.newsblur.service.NBSyncService: rejecting request for feedset that is exhaused
08-06 03:44:12.764  1142  1142 D baseline.com.newsblur.service.NBSyncService: rejecting request for feedset that is exhaused
08-06 03:44:12.807  1142 11214 I art     : Starting a blocking GC Explicit
08-06 03:44:12.827 13866 13866 I GoogleInputMethodServic: GoogleInputMethodService.onFinishInput():3138 
08-06 03:44:12.828 13866 13866 I GoogleInputMethodServic: GoogleInputMethodService.onStartInput():1808 
08-06 03:44:12.865  1142 11214 I art     : Explicit concurrent mark sweep GC freed 2959(230KB) AllocSpace objects, 5(100KB) LOS objects, 27% free, 42MB/58MB, paused 1.494ms total 58.208ms
08-06 03:44:12.879  1142 11214 I art     : Starting a blocking GC Explicit
08-06 03:44:12.938  1142 11214 I art     : Explicit concurrent mark sweep GC freed 606(46KB) AllocSpace objects, 1(28KB) LOS objects, 27% free, 42MB/58MB, paused 1.557ms total 58.744ms
08-06 03:44:12.954  1142 11214 I art     : Starting a blocking GC Explicit
08-06 03:44:13.010  1142 11214 I art     : Explicit concurrent mark sweep GC freed 3(96B) AllocSpace objects, 0(0B) LOS objects, 27% free, 42MB/58MB, paused 1.425ms total 55.126ms
08-06 03:44:13.024  1142 11214 I art     : Starting a blocking GC Explicit
08-06 03:44:13.079  1142 11214 I art     : Explicit concurrent mark sweep GC freed 3(96B) AllocSpace objects, 0(0B) LOS objects, 27% free, 42MB/58MB, paused 1.410ms total 54.977ms
08-06 03:44:13.095  1142 11214 I art     : Starting a blocking GC Explicit
08-06 03:44:13.152  1142 11214 I art     : Explicit concurrent mark sweep GC freed 1200(53KB) AllocSpace objects, 0(0B) LOS objects, 27% free, 42MB/58MB, paused 1.556ms total 56.365ms
08-06 03:44:13.315  1142 12649 E baseline.com.newsblur.network.APIResponse: Error (unexpected end of stream on https://www.newsblur.com/...) calling https://www.newsblur.com/reader/mark_story_hashes_as_read/
08-06 03:44:13.315  1142 12649 E baseline.com.newsblur.network.APIResponse: java.io.IOException: unexpected end of stream on https://www.newsblur.com/...
08-06 03:44:13.315  1142 12649 E baseline.com.newsblur.network.APIResponse: 	at okhttp3.internal.http1.Http1ExchangeCodec.readResponseHeaders(Http1ExchangeCodec.java:236)
08-06 03:44:13.315  1142 12649 E baseline.com.newsblur.network.APIResponse: 	at okhttp3.internal.connection.Exchange.readResponseHeaders(Exchange.java:115)
08-06 03:44:13.315  1142 12649 E baseline.com.newsblur.network.APIResponse: 	at okhttp3.internal.http.CallServerInterceptor.intercept(CallServerInterceptor.java:94)
08-06 03:44:13.315  1142 12649 E baseline.com.newsblur.network.APIResponse: 	at okhttp3.internal.http.RealInterceptorChain.proceed(RealInterceptorChain.java:142)
08-06 03:44:13.315  1142 12649 E baseline.com.newsblur.network.APIResponse: 	at okhttp3.internal.connection.ConnectInterceptor.intercept(ConnectInterceptor.java:43)
08-06 03:44:13.315  1142 12649 E baseline.com.newsblur.network.APIResponse: 	at okhttp3.internal.http.RealInterceptorChain.proceed(RealInterceptorChain.java:142)
08-06 03:44:13.315  1142 12649 E baseline.com.newsblur.network.APIResponse: 	at okhttp3.internal.http.RealInterceptorChain.proceed(RealInterceptorChain.java:117)
08-06 03:44:13.315  1142 12649 E baseline.com.newsblur.network.APIResponse: 	at okhttp3.internal.cache.CacheInterceptor.intercept(CacheInterceptor.java:94)
08-06 03:44:13.315  1142 12649 E baseline.com.newsblur.network.APIResponse: 	at okhttp3.internal.http.RealInterceptorChain.proceed(RealInterceptorChain.java:142)
08-06 03:44:13.315  1142 12649 E baseline.com.newsblur.network.APIResponse: 	at okhttp3.internal.http.RealInterceptorChain.proceed(RealInterceptorChain.java:117)
08-06 03:44:13.315  1142 12649 E baseline.com.newsblur.network.APIResponse: 	at okhttp3.internal.http.BridgeInterceptor.intercept(BridgeInterceptor.java:93)
08-06 03:44:13.315  1142 12649 E baseline.com.newsblur.network.APIResponse: 	at okhttp3.internal.http.RealInterceptorChain.proceed(RealInterceptorChain.java:142)
08-06 03:44:13.315  1142 12649 E baseline.com.newsblur.network.APIResponse: 	at okhttp3.internal.http.RetryAndFollowUpInterceptor.intercept(RetryAndFollowUpInterceptor.java:88)
08-06 03:44:13.315  1142 12649 E baseline.com.newsblur.network.APIResponse: 	at okhttp3.internal.http.RealInterceptorChain.proceed(RealInterceptorChain.java:142)
08-06 03:44:13.315  1142 12649 E baseline.com.newsblur.network.APIResponse: 	at okhttp3.internal.http.RealInterceptorChain.proceed(RealInterceptorChain.java:117)
08-06 03:44:13.315  1142 12649 E baseline.com.newsblur.network.APIResponse: 	at okhttp3.RealCall.getResponseWithInterceptorChain(RealCall.java:229)
08-06 03:44:13.315  1142 12649 E baseline.com.newsblur.network.APIResponse: 	at okhttp3.RealCall.execute(RealCall.java:81)
08-06 03:44:13.315  1142 12649 E baseline.com.newsblur.network.APIResponse: 	at baseline.com.newsblur.network.APIResponse.<init>(APIResponse.java:57)
08-06 03:44:13.315  1142 12649 E baseline.com.newsblur.network.APIResponse: 	at baseline.com.newsblur.network.APIResponse.<init>(APIResponse.java:43)
08-06 03:44:13.315  1142 12649 E baseline.com.newsblur.network.APIResponse: 	at baseline.com.newsblur.network.APIManager.post_single(APIManager.java:702)
08-06 03:44:13.315  1142 12649 E baseline.com.newsblur.network.APIResponse: 	at baseline.com.newsblur.network.APIManager.post(APIManager.java:675)
08-06 03:44:13.315  1142 12649 E baseline.com.newsblur.network.APIResponse: 	at baseline.com.newsblur.network.APIManager.post(APIManager.java:714)
08-06 03:44:13.315  1142 12649 E baseline.com.newsblur.network.APIResponse: 	at baseline.com.newsblur.network.APIManager.markStoryAsRead(APIManager.java:205)
08-06 03:44:13.315  1142 12649 E baseline.com.newsblur.network.APIResponse: 	at baseline.com.newsblur.util.ReadingAction.doRemote(ReadingAction.java:281)
08-06 03:44:13.315  1142 12649 E baseline.com.newsblur.network.APIResponse: 	at baseline.com.newsblur.service.NBSyncService.syncActions(NBSyncService.java:400)
08-06 03:44:13.315  1142 12649 E baseline.com.newsblur.network.APIResponse: 	at baseline.com.newsblur.service.NBSyncService.doSync(NBSyncService.java:298)
08-06 03:44:13.315  1142 12649 E baseline.com.newsblur.network.APIResponse: 	at baseline.com.newsblur.service.NBSyncService.access$100(NBSyncService.java:67)
08-06 03:44:13.315  1142 12649 E baseline.com.newsblur.network.APIResponse: 	at baseline.com.newsblur.service.NBSyncService$1.run(NBSyncService.java:188)
08-06 03:44:13.315  1142 12649 E baseline.com.newsblur.network.APIResponse: 	at java.util.concurrent.ThreadPoolExecutor.runWorker(ThreadPoolExecutor.java:1113)
08-06 03:44:13.315  1142 12649 E baseline.com.newsblur.network.APIResponse: 	at java.util.concurrent.ThreadPoolExecutor$Worker.run(ThreadPoolExecutor.java:588)
08-06 03:44:13.315  1142 12649 E baseline.com.newsblur.network.APIResponse: 	at java.lang.Thread.run(Thread.java:818)
08-06 03:44:13.315  1142 12649 E baseline.com.newsblur.network.APIResponse: Caused by: java.io.EOFException: \n not found: limit=0 content=
08-06 03:44:13.315  1142 12649 E baseline.com.newsblur.network.APIResponse: 	at okio.RealBufferedSource.readUtf8LineStrict(RealBufferedSource.java:240)
08-06 03:44:13.315  1142 12649 E baseline.com.newsblur.network.APIResponse: 	at okhttp3.internal.http1.Http1ExchangeCodec.readHeaderLine(Http1ExchangeCodec.java:242)
08-06 03:44:13.315  1142 12649 E baseline.com.newsblur.network.APIResponse: 	at okhttp3.internal.http1.Http1ExchangeCodec.readResponseHeaders(Http1ExchangeCodec.java:213)
08-06 03:44:13.315  1142 12649 E baseline.com.newsblur.network.APIResponse: 	... 30 more
08-06 03:44:13.316  1142 12649 I baseline.com.newsblur.service.NBSyncService: Holding reading action with server-side or network error.
08-06 03:44:13.328  1142 12649 W baseline.com.newsblur.service.NBSyncService: hard API failure
08-06 03:44:13.334  1142 12649 I baseline.com.newsblur.service.NBSyncService: recounting dirty feed sets: 1
08-06 03:44:13.436  6649  6649 I ServiceManager: Waiting for service AtCmdFwd...
08-06 03:44:13.530  1142 11214 I art     : Starting a blocking GC Explicit
08-06 03:44:13.595  1142 11214 I art     : Explicit concurrent mark sweep GC freed 4994(449KB) AllocSpace objects, 6(120KB) LOS objects, 27% free, 42MB/58MB, paused 1.660ms total 64.434ms
08-06 03:44:13.611  1142 11214 I art     : Starting a blocking GC Explicit
08-06 03:44:13.671  1142 11214 I art     : Explicit concurrent mark sweep GC freed 298(11KB) AllocSpace objects, 0(0B) LOS objects, 27% free, 42MB/58MB, paused 1.582ms total 59.383ms
08-06 03:44:13.687  1142 11214 I art     : Starting a blocking GC Explicit
08-06 03:44:13.724  1142 12649 E baseline.com.newsblur.network.APIResponse: Error (unexpected end of stream on https://www.newsblur.com/...) calling https://www.newsblur.com/reader/feed_unread_count?feed_id=0
08-06 03:44:13.724  1142 12649 E baseline.com.newsblur.network.APIResponse: java.io.IOException: unexpected end of stream on https://www.newsblur.com/...
08-06 03:44:13.724  1142 12649 E baseline.com.newsblur.network.APIResponse: 	at okhttp3.internal.http1.Http1ExchangeCodec.readResponseHeaders(Http1ExchangeCodec.java:236)
08-06 03:44:13.724  1142 12649 E baseline.com.newsblur.network.APIResponse: 	at okhttp3.internal.connection.Exchange.readResponseHeaders(Exchange.java:115)
08-06 03:44:13.724  1142 12649 E baseline.com.newsblur.network.APIResponse: 	at okhttp3.internal.http.CallServerInterceptor.intercept(CallServerInterceptor.java:94)
08-06 03:44:13.724  1142 12649 E baseline.com.newsblur.network.APIResponse: 	at okhttp3.internal.http.RealInterceptorChain.proceed(RealInterceptorChain.java:142)
08-06 03:44:13.724  1142 12649 E baseline.com.newsblur.network.APIResponse: 	at okhttp3.internal.connection.ConnectInterceptor.intercept(ConnectInterceptor.java:43)
08-06 03:44:13.724  1142 12649 E baseline.com.newsblur.network.APIResponse: 	at okhttp3.internal.http.RealInterceptorChain.proceed(RealInterceptorChain.java:142)
08-06 03:44:13.724  1142 12649 E baseline.com.newsblur.network.APIResponse: 	at okhttp3.internal.http.RealInterceptorChain.proceed(RealInterceptorChain.java:117)
08-06 03:44:13.724  1142 12649 E baseline.com.newsblur.network.APIResponse: 	at okhttp3.internal.cache.CacheInterceptor.intercept(CacheInterceptor.java:94)
08-06 03:44:13.724  1142 12649 E baseline.com.newsblur.network.APIResponse: 	at okhttp3.internal.http.RealInterceptorChain.proceed(RealInterceptorChain.java:142)
08-06 03:44:13.724  1142 12649 E baseline.com.newsblur.network.APIResponse: 	at okhttp3.internal.http.RealInterceptorChain.proceed(RealInterceptorChain.java:117)
08-06 03:44:13.724  1142 12649 E baseline.com.newsblur.network.APIResponse: 	at okhttp3.internal.http.BridgeInterceptor.intercept(BridgeInterceptor.java:93)
08-06 03:44:13.724  1142 12649 E baseline.com.newsblur.network.APIResponse: 	at okhttp3.internal.http.RealInterceptorChain.proceed(RealInterceptorChain.java:142)
08-06 03:44:13.724  1142 12649 E baseline.com.newsblur.network.APIResponse: 	at okhttp3.internal.http.RetryAndFollowUpInterceptor.intercept(RetryAndFollowUpInterceptor.java:88)
08-06 03:44:13.724  1142 12649 E baseline.com.newsblur.network.APIResponse: 	at okhttp3.internal.http.RealInterceptorChain.proceed(RealInterceptorChain.java:142)
08-06 03:44:13.724  1142 12649 E baseline.com.newsblur.network.APIResponse: 	at okhttp3.internal.http.RealInterceptorChain.proceed(RealInterceptorChain.java:117)
08-06 03:44:13.724  1142 12649 E baseline.com.newsblur.network.APIResponse: 	at okhttp3.RealCall.getResponseWithInterceptorChain(RealCall.java:229)
08-06 03:44:13.724  1142 12649 E baseline.com.newsblur.network.APIResponse: 	at okhttp3.RealCall.execute(RealCall.java:81)
08-06 03:44:13.724  1142 12649 E baseline.com.newsblur.network.APIResponse: 	at baseline.com.newsblur.network.APIResponse.<init>(APIResponse.java:57)
08-06 03:44:13.724  1142 12649 E baseline.com.newsblur.network.APIResponse: 	at baseline.com.newsblur.network.APIManager.get_single(APIManager.java:639)
08-06 03:44:13.724  1142 12649 E baseline.com.newsblur.network.APIResponse: 	at baseline.com.newsblur.network.APIManager.get(APIManager.java:625)
08-06 03:44:13.724  1142 12649 E baseline.com.newsblur.network.APIResponse: 	at baseline.com.newsblur.network.APIManager.get(APIManager.java:667)
08-06 03:44:13.724  1142 12649 E baseline.com.newsblur.network.APIResponse: 	at baseline.com.newsblur.network.APIManager.getFeedUnreadCounts(APIManager.java:274)
08-06 03:44:13.724  1142 12649 E baseline.com.newsblur.network.APIResponse: 	at baseline.com.newsblur.service.NBSyncService.checkRecounts(NBSyncService.java:660)
08-06 03:44:13.724  1142 12649 E baseline.com.newsblur.network.APIResponse: 	at baseline.com.newsblur.service.NBSyncService.doSync(NBSyncService.java:310)
08-06 03:44:13.724  1142 12649 E baseline.com.newsblur.network.APIResponse: 	at baseline.com.newsblur.service.NBSyncService.access$100(NBSyncService.java:67)
08-06 03:44:13.724  1142 12649 E baseline.com.newsblur.network.APIResponse: 	at baseline.com.newsblur.service.NBSyncService$1.run(NBSyncService.java:188)
08-06 03:44:13.724  1142 12649 E baseline.com.newsblur.network.APIResponse: 	at java.util.concurrent.ThreadPoolExecutor.runWorker(ThreadPoolExecutor.java:1113)
08-06 03:44:13.724  1142 12649 E baseline.com.newsblur.network.APIResponse: 	at java.util.concurrent.ThreadPoolExecutor$Worker.run(ThreadPoolExecutor.java:588)
08-06 03:44:13.724  1142 12649 E baseline.com.newsblur.network.APIResponse: 	at java.lang.Thread.run(Thread.java:818)
08-06 03:44:13.724  1142 12649 E baseline.com.newsblur.network.APIResponse: Caused by: java.io.EOFException: \n not found: limit=0 content=
08-06 03:44:13.724  1142 12649 E baseline.com.newsblur.network.APIResponse: 	at okio.RealBufferedSource.readUtf8LineStrict(RealBufferedSource.java:240)
08-06 03:44:13.724  1142 12649 E baseline.com.newsblur.network.APIResponse: 	at okhttp3.internal.http1.Http1ExchangeCodec.readHeaderLine(Http1ExchangeCodec.java:242)
08-06 03:44:13.724  1142 12649 E baseline.com.newsblur.network.APIResponse: 	at okhttp3.internal.http1.Http1ExchangeCodec.readResponseHeaders(Http1ExchangeCodec.java:213)
08-06 03:44:13.724  1142 12649 E baseline.com.newsblur.network.APIResponse: 	... 28 more
08-06 03:44:13.725  1142 12649 I baseline.com.newsblur.network.APIManager: API call failed, pausing before retry number 1
08-06 03:44:13.752  1142 11214 I art     : Explicit concurrent mark sweep GC freed 2414(258KB) AllocSpace objects, 2(40KB) LOS objects, 27% free, 42MB/58MB, paused 1.625ms total 65.048ms
08-06 03:44:13.769  1142 11214 I art     : Starting a blocking GC Explicit
08-06 03:44:13.832  1142 11214 I art     : Explicit concurrent mark sweep GC freed 165(17KB) AllocSpace objects, 0(0B) LOS objects, 27% free, 41MB/57MB, paused 1.792ms total 63.455ms
08-06 03:44:13.848  1142 11214 I art     : Starting a blocking GC Explicit
08-06 03:44:13.905  1142 11214 I art     : Explicit concurrent mark sweep GC freed 33(1088B) AllocSpace objects, 0(0B) LOS objects, 27% free, 41MB/57MB, paused 1.424ms total 57.389ms
08-06 03:44:14.287  1142  1154 I art     : Starting a blocking GC Explicit
08-06 03:44:14.346 12942 12942 D AndroidRuntime: >>>>>> START com.android.internal.os.RuntimeInit uid 2000 <<<<<<
08-06 03:44:14.352 12942 12942 D AndroidRuntime: CheckJNI is OFF
08-06 03:44:14.353  1142  1154 I art     : Explicit concurrent mark sweep GC freed 1481(84KB) AllocSpace objects, 1(20KB) LOS objects, 27% free, 41MB/57MB, paused 1.724ms total 65.232ms
08-06 03:44:14.368  1142  1154 I art     : Starting a blocking GC Explicit
08-06 03:44:14.398 12942 12942 D ICU     : No timezone override file found: /data/misc/zoneinfo/current/icu/icu_tzdata.dat
08-06 03:44:14.432  1142  1154 I art     : Explicit concurrent mark sweep GC freed 22(784B) AllocSpace objects, 0(0B) LOS objects, 27% free, 41MB/57MB, paused 1.661ms total 63.265ms
08-06 03:44:14.437  6649  6649 I ServiceManager: Waiting for service AtCmdFwd...
08-06 03:44:14.445 12942 12942 I Radio-JNI: register_android_hardware_Radio DONE
08-06 03:44:14.447  1142  1154 I art     : Starting a blocking GC Explicit
08-06 03:44:14.476 12942 12942 D AndroidRuntime: Calling main entry com.android.commands.input.Input
08-06 03:44:14.477 12942 12942 I Input   : injectKeyEvent: KeyEvent { action=ACTION_DOWN, keyCode=KEYCODE_BACK, scanCode=0, metaState=0, flags=0x0, repeatCount=0, eventTime=848670890, downTime=848670890, deviceId=-1, source=0x101 }
08-06 03:44:14.483 12942 12942 I Input   : injectKeyEvent: KeyEvent { action=ACTION_UP, keyCode=KEYCODE_BACK, scanCode=0, metaState=0, flags=0x0, repeatCount=0, eventTime=848670890, downTime=848670890, deviceId=-1, source=0x101 }
08-06 03:44:14.490 12942 12942 D AndroidRuntime: Shutting down VM
08-06 03:44:14.505  1142  1154 I art     : Explicit concurrent mark sweep GC freed 288(38KB) AllocSpace objects, 2(40KB) LOS objects, 27% free, 42MB/58MB, paused 1.490ms total 58.344ms
08-06 03:44:14.520  1142  1154 I art     : Starting a blocking GC Explicit
08-06 03:44:14.580  1142  1154 I art     : Explicit concurrent mark sweep GC freed 72(27KB) AllocSpace objects, 2(40KB) LOS objects, 27% free, 41MB/57MB, paused 1.660ms total 59.383ms
08-06 03:44:14.595  1142  1154 I art     : Starting a blocking GC Explicit
08-06 03:44:14.659  1142  1154 I art     : Explicit concurrent mark sweep GC freed 1717(79KB) AllocSpace objects, 0(0B) LOS objects, 27% free, 42MB/58MB, paused 2.592ms total 63.693ms
08-06 03:44:14.713 13866 13866 I GoogleInputMethodServic: GoogleInputMethodService.onFinishInput():3138 
08-06 03:44:14.713 13866 13866 I GoogleInputMethodServic: GoogleInputMethodService.onStartInput():1808 
08-06 03:44:14.987   918  3261 D WifiStateMachine: starting scan for "H369AA63323"WPA_PSK with 2412,5180
08-06 03:44:15.019  1142  1154 I art     : Starting a blocking GC Explicit
08-06 03:44:15.083  1142  1154 I art     : Explicit concurrent mark sweep GC freed 8097(538KB) AllocSpace objects, 9(180KB) LOS objects, 27% free, 42MB/58MB, paused 1.813ms total 63.238ms
08-06 03:44:15.098  1142  1154 I art     : Starting a blocking GC Explicit
08-06 03:44:15.153  1142  1154 I art     : Explicit concurrent mark sweep GC freed 289(11KB) AllocSpace objects, 0(0B) LOS objects, 27% free, 41MB/57MB, paused 1.452ms total 54.595ms
08-06 03:44:15.167  1142  1154 I art     : Starting a blocking GC Explicit
08-06 03:44:15.226  1142  1154 I art     : Explicit concurrent mark sweep GC freed 149(7KB) AllocSpace objects, 0(0B) LOS objects, 27% free, 41MB/57MB, paused 1.450ms total 58.992ms
08-06 03:44:15.242  1142  1154 I art     : Starting a blocking GC Explicit
08-06 03:44:15.303  1142  1154 I art     : Explicit concurrent mark sweep GC freed 105(3KB) AllocSpace objects, 0(0B) LOS objects, 27% free, 41MB/57MB, paused 1.941ms total 60.849ms
08-06 03:44:15.318  1142  1154 I art     : Starting a blocking GC Explicit
08-06 03:44:15.378  1142  1154 I art     : Explicit concurrent mark sweep GC freed 86(5KB) AllocSpace objects, 0(0B) LOS objects, 27% free, 42MB/58MB, paused 1.701ms total 60.362ms
08-06 03:44:15.437  6649  6649 I ServiceManager: Waiting for service AtCmdFwd...
08-06 03:44:15.763  1142  1153 I art     : Starting a blocking GC Explicit
08-06 03:44:15.779  1142 12649 E baseline.com.newsblur.network.APIResponse: Error (unexpected end of stream on https://www.newsblur.com/...) calling https://www.newsblur.com/reader/feed_unread_count?feed_id=0
08-06 03:44:15.779  1142 12649 E baseline.com.newsblur.network.APIResponse: java.io.IOException: unexpected end of stream on https://www.newsblur.com/...
08-06 03:44:15.779  1142 12649 E baseline.com.newsblur.network.APIResponse: 	at okhttp3.internal.http1.Http1ExchangeCodec.readResponseHeaders(Http1ExchangeCodec.java:236)
08-06 03:44:15.779  1142 12649 E baseline.com.newsblur.network.APIResponse: 	at okhttp3.internal.connection.Exchange.readResponseHeaders(Exchange.java:115)
08-06 03:44:15.779  1142 12649 E baseline.com.newsblur.network.APIResponse: 	at okhttp3.internal.http.CallServerInterceptor.intercept(CallServerInterceptor.java:94)
08-06 03:44:15.779  1142 12649 E baseline.com.newsblur.network.APIResponse: 	at okhttp3.internal.http.RealInterceptorChain.proceed(RealInterceptorChain.java:142)
08-06 03:44:15.779  1142 12649 E baseline.com.newsblur.network.APIResponse: 	at okhttp3.internal.connection.ConnectInterceptor.intercept(ConnectInterceptor.java:43)
08-06 03:44:15.779  1142 12649 E baseline.com.newsblur.network.APIResponse: 	at okhttp3.internal.http.RealInterceptorChain.proceed(RealInterceptorChain.java:142)
08-06 03:44:15.779  1142 12649 E baseline.com.newsblur.network.APIResponse: 	at okhttp3.internal.http.RealInterceptorChain.proceed(RealInterceptorChain.java:117)
08-06 03:44:15.779  1142 12649 E baseline.com.newsblur.network.APIResponse: 	at okhttp3.internal.cache.CacheInterceptor.intercept(CacheInterceptor.java:94)
08-06 03:44:15.779  1142 12649 E baseline.com.newsblur.network.APIResponse: 	at okhttp3.internal.http.RealInterceptorChain.proceed(RealInterceptorChain.java:142)
08-06 03:44:15.779  1142 12649 E baseline.com.newsblur.network.APIResponse: 	at okhttp3.internal.http.RealInterceptorChain.proceed(RealInterceptorChain.java:117)
08-06 03:44:15.779  1142 12649 E baseline.com.newsblur.network.APIResponse: 	at okhttp3.internal.http.BridgeInterceptor.intercept(BridgeInterceptor.java:93)
08-06 03:44:15.779  1142 12649 E baseline.com.newsblur.network.APIResponse: 	at okhttp3.internal.http.RealInterceptorChain.proceed(RealInterceptorChain.java:142)
08-06 03:44:15.779  1142 12649 E baseline.com.newsblur.network.APIResponse: 	at okhttp3.internal.http.RetryAndFollowUpInterceptor.intercept(RetryAndFollowUpInterceptor.java:88)
08-06 03:44:15.779  1142 12649 E baseline.com.newsblur.network.APIResponse: 	at okhttp3.internal.http.RealInterceptorChain.proceed(RealInterceptorChain.java:142)
08-06 03:44:15.779  1142 12649 E baseline.com.newsblur.network.APIResponse: 	at okhttp3.internal.http.RealInterceptorChain.proceed(RealInterceptorChain.java:117)
08-06 03:44:15.779  1142 12649 E baseline.com.newsblur.network.APIResponse: 	at okhttp3.RealCall.getResponseWithInterceptorChain(RealCall.java:229)
08-06 03:44:15.779  1142 12649 E baseline.com.newsblur.network.APIResponse: 	at okhttp3.RealCall.execute(RealCall.java:81)
08-06 03:44:15.779  1142 12649 E baseline.com.newsblur.network.APIResponse: 	at baseline.com.newsblur.network.APIResponse.<init>(APIResponse.java:57)
08-06 03:44:15.779  1142 12649 E baseline.com.newsblur.network.APIResponse: 	at baseline.com.newsblur.network.APIManager.get_single(APIManager.java:639)
08-06 03:44:15.779  1142 12649 E baseline.com.newsblur.network.APIResponse: 	at baseline.com.newsblur.network.APIManager.get(APIManager.java:625)
08-06 03:44:15.779  1142 12649 E baseline.com.newsblur.network.APIResponse: 	at baseline.com.newsblur.network.APIManager.get(APIManager.java:667)
08-06 03:44:15.779  1142 12649 E baseline.com.newsblur.network.APIResponse: 	at baseline.com.newsblur.network.APIManager.getFeedUnreadCounts(APIManager.java:274)
08-06 03:44:15.779  1142 12649 E baseline.com.newsblur.network.APIResponse: 	at baseline.com.newsblur.service.NBSyncService.checkRecounts(NBSyncService.java:660)
08-06 03:44:15.779  1142 12649 E baseline.com.newsblur.network.APIResponse: 	at baseline.com.newsblur.service.NBSyncService.doSync(NBSyncService.java:310)
08-06 03:44:15.779  1142 12649 E baseline.com.newsblur.network.APIResponse: 	at baseline.com.newsblur.service.NBSyncService.access$100(NBSyncService.java:67)
08-06 03:44:15.779  1142 12649 E baseline.com.newsblur.network.APIResponse: 	at baseline.com.newsblur.service.NBSyncService$1.run(NBSyncService.java:188)
08-06 03:44:15.779  1142 12649 E baseline.com.newsblur.network.APIResponse: 	at java.util.concurrent.ThreadPoolExecutor.runWorker(ThreadPoolExecutor.java:1113)
08-06 03:44:15.779  1142 12649 E baseline.com.newsblur.network.APIResponse: 	at java.util.concurrent.ThreadPoolExecutor$Worker.run(ThreadPoolExecutor.java:588)
08-06 03:44:15.779  1142 12649 E baseline.com.newsblur.network.APIResponse: 	at java.lang.Thread.run(Thread.java:818)
08-06 03:44:15.779  1142 12649 E baseline.com.newsblur.network.APIResponse: Caused by: java.io.EOFException: \n not found: limit=0 content=
08-06 03:44:15.779  1142 12649 E baseline.com.newsblur.network.APIResponse: 	at okio.RealBufferedSource.readUtf8LineStrict(RealBufferedSource.java:240)
08-06 03:44:15.779  1142 12649 E baseline.com.newsblur.network.APIResponse: 	at okhttp3.internal.http1.Http1ExchangeCodec.readHeaderLine(Http1ExchangeCodec.java:242)
08-06 03:44:15.779  1142 12649 E baseline.com.newsblur.network.APIResponse: 	at okhttp3.internal.http1.Http1ExchangeCodec.readResponseHeaders(Http1ExchangeCodec.java:213)
08-06 03:44:15.779  1142 12649 E baseline.com.newsblur.network.APIResponse: 	... 28 more
08-06 03:44:15.780  1142 12649 I baseline.com.newsblur.network.APIManager: API call failed, pausing before retry number 2
08-06 03:44:15.825  1142  1153 I art     : Explicit concurrent mark sweep GC freed 3914(343KB) AllocSpace objects, 3(60KB) LOS objects, 27% free, 42MB/58MB, paused 1.561ms total 61.241ms
08-06 03:44:15.839  1142  1153 I art     : Starting a blocking GC Explicit
08-06 03:44:15.897  1142  1153 I art     : Explicit concurrent mark sweep GC freed 186(18KB) AllocSpace objects, 0(0B) LOS objects, 27% free, 41MB/57MB, paused 1.507ms total 58.218ms
08-06 03:44:15.912  1142  1153 I art     : Starting a blocking GC Explicit
08-06 03:44:15.972  1142  1153 I art     : Explicit concurrent mark sweep GC freed 33(1088B) AllocSpace objects, 0(0B) LOS objects, 27% free, 41MB/57MB, paused 1.598ms total 59.021ms
08-06 03:44:15.987  1142  1153 I art     : Starting a blocking GC Explicit
08-06 03:44:16.047  1142  1153 I art     : Explicit concurrent mark sweep GC freed 12(384B) AllocSpace objects, 0(0B) LOS objects, 27% free, 41MB/57MB, paused 1.501ms total 59.671ms
08-06 03:44:16.062  1142  1153 I art     : Starting a blocking GC Explicit
08-06 03:44:16.124  1142  1153 I art     : Explicit concurrent mark sweep GC freed 12(384B) AllocSpace objects, 0(0B) LOS objects, 27% free, 41MB/57MB, paused 1.649ms total 61.504ms
08-06 03:44:16.311 12989 12989 D AndroidRuntime: >>>>>> START com.android.internal.os.RuntimeInit uid 2000 <<<<<<
08-06 03:44:16.317 12989 12989 D AndroidRuntime: CheckJNI is OFF
08-06 03:44:16.360 12989 12989 D ICU     : No timezone override file found: /data/misc/zoneinfo/current/icu/icu_tzdata.dat
08-06 03:44:16.403 12989 12989 I Radio-JNI: register_android_hardware_Radio DONE
08-06 03:44:16.431 12989 12989 D AndroidRuntime: Calling main entry com.android.commands.am.Am
08-06 03:44:16.437  6649  6649 W Atfwd_Sendcmd: AtCmdFwd service not published, waiting... retryCnt : 1
08-06 03:44:16.438  3167  3167 I Trepn   : Trepn 6.2s: Received intent: com.quicinc.trepn.stop_profiling
08-06 03:44:16.458  3167  3167 I Trepn   : Trepn 6.2s: Trepn has Stopped Profiling.
08-06 03:44:16.541  1142  1153 I art     : Starting a blocking GC Explicit
08-06 03:44:16.574 12989 12989 D AndroidRuntime: Shutting down VM
08-06 03:44:16.580   918   929 W AppOps  : Finishing op nesting under-run: uid 10078 pkg com.quicinc.trepn code 24 time=0 duration=0 nesting=0
08-06 03:44:16.603  1142  1153 I art     : Explicit concurrent mark sweep GC freed 1485(84KB) AllocSpace objects, 1(20KB) LOS objects, 27% free, 41MB/57MB, paused 1.452ms total 61.075ms
08-06 03:44:16.616  1142  1153 I art     : Starting a blocking GC Explicit
08-06 03:44:16.673  1142  1153 I art     : Explicit concurrent mark sweep GC freed 22(784B) AllocSpace objects, 0(0B) LOS objects, 27% free, 41MB/57MB, paused 1.491ms total 56.537ms
08-06 03:44:16.688  1142  1153 I art     : Starting a blocking GC Explicit
08-06 03:44:16.759  1142  1153 I art     : Explicit concurrent mark sweep GC freed 3(96B) AllocSpace objects, 0(0B) LOS objects, 27% free, 41MB/57MB, paused 1.754ms total 70.780ms
08-06 03:44:16.776  1142  1153 I art     : Starting a blocking GC Explicit
08-06 03:44:16.842  1142  1153 I art     : Explicit concurrent mark sweep GC freed 3(96B) AllocSpace objects, 0(0B) LOS objects, 27% free, 41MB/57MB, paused 1.520ms total 65.431ms
08-06 03:44:16.857  1142  1153 I art     : Starting a blocking GC Explicit
08-06 03:44:16.918  1142  1153 I art     : Explicit concurrent mark sweep GC freed 3(96B) AllocSpace objects, 0(0B) LOS objects, 27% free, 41MB/57MB, paused 1.549ms total 60.277ms
