--------- beginning of main
08-06 13:59:59.556 14376 14376 I ServiceManager: Waiting for service AtCmdFwd...
08-06 14:00:00.178 14387 14387 D AndroidRuntime: >>>>>> START com.android.internal.os.RuntimeInit uid 2000 <<<<<<
08-06 14:00:00.182 14387 14387 D AndroidRuntime: CheckJNI is OFF
08-06 14:00:00.208 14387 14387 D ICU     : No timezone override file found: /data/misc/zoneinfo/current/icu/icu_tzdata.dat
08-06 14:00:00.235 14387 14387 I Radio-JNI: register_android_hardware_Radio DONE
08-06 14:00:00.252 14387 14387 D AndroidRuntime: Calling main entry com.android.commands.monkey.Monkey
--------- beginning of system
08-06 14:00:00.272   918   931 W BroadcastQueue: Skipping deliver [background] BroadcastRecord{f7b8b9b u-1 android.net.conn.CONNECTIVITY_CHANGE} to ReceiverList{105db38 14387 (unknown name)/2000/u-1 remote:d902695}: process crashing
08-06 14:00:00.283   918  4413 I ActivityManager: START u0 {act=android.intent.action.MAIN cat=[android.intent.category.LAUNCHER] flg=0x10200000 cmp=baseline.com.newsblur/.activity.InitActivity} from uid 2000 on display 0
08-06 14:00:00.315 14387 14387 I art     : System.exit called, status: 0
08-06 14:00:00.315 14387 14387 I AndroidRuntime: VM exiting with result code 0.
08-06 14:00:00.392 16458 28535 I PBSessionCacheImpl: Deleted sessionId[72384646105454640] from persistence.
08-06 14:00:00.396 31433 31433 I baseline.com.newsblur.activity.InitActivity: cold launching version 9.0b1
08-06 14:00:00.400 16458 16488 W SearchServiceCore: Abort, client detached.
08-06 14:00:00.401 16458 16488 I MicroDetectionState: Should stop hotword detection immediately - true
08-06 14:00:00.411 31433 14398 D OpenGLRenderer: Use EGL_SWAP_BEHAVIOR_PRESERVED: true
08-06 14:00:00.456   918  6111 I ActivityManager: START u0 {cmp=baseline.com.newsblur/.activity.Main} from uid 10698 on display 0
08-06 14:00:00.458 31433 14398 I Adreno  : QUALCOMM build                   : fcf4852, I1af360237c
08-06 14:00:00.458 31433 14398 I Adreno  : Build Date                       : 09/23/15
08-06 14:00:00.458 31433 14398 I Adreno  : OpenGL ES Shader Compiler Version: XE031.05.13.02
08-06 14:00:00.458 31433 14398 I Adreno  : Local Branch                     : mybranch14465806
08-06 14:00:00.458 31433 14398 I Adreno  : Remote Branch                    : quic/LA.BF64.1.2.9_v2
08-06 14:00:00.458 31433 14398 I Adreno  : Remote Branch                    : NONE
08-06 14:00:00.458 31433 14398 I Adreno  : Reconstruct Branch               : NOTHING
08-06 14:00:00.463 31433 14398 I OpenGLRenderer: Initialized EGL, version 1.4
08-06 14:00:00.490   918  4400 W InputMethodManagerService: Focus gain on non-focused client com.android.internal.view.IInputMethodClient$Stub$Proxy@dc9a703 (uid=10698 pid=31433)
08-06 14:00:00.556 14376 14376 W Atfwd_Sendcmd: AtCmdFwd service not published, waiting... retryCnt : 1
08-06 14:00:00.701 31433 31433 I art     : Rejecting re-init on previously-failed class java.lang.Class<androidx.core.view.ViewCompat$OnUnhandledKeyEventListenerWrapper>
08-06 14:00:00.702 31433 31433 I art     : Rejecting re-init on previously-failed class java.lang.Class<androidx.core.view.ViewCompat$OnUnhandledKeyEventListenerWrapper>
08-06 14:00:00.733 31433 31433 E BitmapFactory: Unable to decode stream: java.io.FileNotFoundException: /data/user/0/baseline.com.newsblur/cache/userProfilePicture: open failed: ENOENT (No such file or directory)
08-06 14:00:00.826 31433 14406 I baseline.com.newsblur.service.NBSyncService: ready to sync feed list
08-06 14:00:00.860 13866 13866 I GoogleInputMethodServic: GoogleInputMethodService.onFinishInput():3138 
08-06 14:00:00.860 13866 13866 I GoogleInputMethodServic: GoogleInputMethodService.onStartInput():1808 
08-06 14:00:00.977   918   936 I ActivityManager: Displayed baseline.com.newsblur/.activity.Main: +486ms (total +682ms)
08-06 14:00:01.404 31433 14406 I NAPPA_EXPERIMENTATION: MetricNetworkRequestExecutionTime: REQUEST_DURATION_SYSTEM='576',REQUEST_DURATION_OKHTTP='39',REQUEST_SYNCHRONOUS='TRUE',RESPONSE_CODE='200',RESPONSE_METHOD='GET',RESPONSE_LENGTH_OKHTTP='-1',RESPONSE_LENGTH_HEADER='-2',REQUEST_PROTOCOL='http/1.1',REQUEST_URL='https://www.newsblur.com/reader/feeds/?update_counts=true',
08-06 14:00:01.405 31433 14406 D MY_TAG  : 0, 576
08-06 14:00:01.441 31433 14406 I baseline.com.newsblur.service.NBSyncService: got feed list: 1 feeds in  conn:576 read:3 parse:4 store:27
08-06 14:00:01.834 14433 14433 D AndroidRuntime: >>>>>> START com.android.internal.os.RuntimeInit uid 2000 <<<<<<
08-06 14:00:01.838 14433 14433 D AndroidRuntime: CheckJNI is OFF
08-06 14:00:01.862 14433 14433 D ICU     : No timezone override file found: /data/misc/zoneinfo/current/icu/icu_tzdata.dat
08-06 14:00:01.875 31433 14425 I NAPPA_EXPERIMENTATION: MetricNetworkRequestExecutionTime: REQUEST_DURATION_SYSTEM='429',REQUEST_DURATION_OKHTTP='36',REQUEST_SYNCHRONOUS='TRUE',RESPONSE_CODE='200',RESPONSE_METHOD='GET',RESPONSE_LENGTH_OKHTTP='-1',RESPONSE_LENGTH_HEADER='-2',REQUEST_PROTOCOL='http/1.1',REQUEST_URL='https://www.newsblur.com/reader/unread_story_hashes?include_timestamps=1',
08-06 14:00:01.875 31433 14425 D MY_TAG  : 0, 429
08-06 14:00:01.886 14433 14433 I Radio-JNI: register_android_hardware_Radio DONE
08-06 14:00:01.887 31433 14425 I baseline.com.newsblur.service.UnreadsService: starting unread count: 0
08-06 14:00:01.888 31433 14425 I baseline.com.newsblur.service.UnreadsService: new unread count:      0
08-06 14:00:01.889 31433 14425 I baseline.com.newsblur.service.UnreadsService: new unreads found:     0
08-06 14:00:01.889 31433 14425 I baseline.com.newsblur.service.UnreadsService: unreads to retire:     0
08-06 14:00:01.901 14433 14433 D AndroidRuntime: Calling main entry com.android.commands.am.Am
08-06 14:00:01.909 14970 14970 I Trepn   : Trepn 6.2s: Received intent: com.quicinc.trepn.start_profiling
08-06 14:00:01.977 14970 14970 W FileUtils: Failed to chmod(/storage/emulated/0/trepn/Trepn_2020.08.06_140001.db): android.system.ErrnoException: chmod failed: EPERM (Operation not permitted)
08-06 14:00:02.046   918  1210 D NetlinkSocketObserver: NeighborEvent{elapsedMs=1869005921, 192.168.2.254, [7C3953A63323], RTM_NEWNEIGH, NUD_PROBE}
08-06 14:00:02.055 14970 14970 I Trepn   : Trepn 6.2s: Trepn has Started Profiling.
08-06 14:00:02.056 14433 14433 D AndroidRuntime: Shutting down VM
08-06 14:00:02.251   918  3261 D WifiStateMachine: starting scan for "H369AA63323"WPA_PSK with 2412,5180
08-06 14:00:02.510 31433 31444 I art     : Starting a blocking GC Explicit
08-06 14:00:02.535 31433 31444 I art     : Explicit concurrent mark sweep GC freed 31283(2006KB) AllocSpace objects, 41(1140KB) LOS objects, 37% free, 26MB/42MB, paused 224us total 24.392ms
08-06 14:00:02.544 31433 31444 I art     : Starting a blocking GC Explicit
08-06 14:00:02.556 31433 31444 I art     : Explicit concurrent mark sweep GC freed 2340(187KB) AllocSpace objects, 0(0B) LOS objects, 38% free, 26MB/42MB, paused 195us total 11.549ms
08-06 14:00:02.562 31433 31444 I art     : Starting a blocking GC Explicit
08-06 14:00:02.575 31433 31444 I art     : Explicit concurrent mark sweep GC freed 106(11KB) AllocSpace objects, 0(0B) LOS objects, 38% free, 26MB/42MB, paused 328us total 12.350ms
08-06 14:00:02.581 31433 31444 I art     : Starting a blocking GC Explicit
08-06 14:00:02.592 31433 31444 I art     : Explicit concurrent mark sweep GC freed 3(96B) AllocSpace objects, 0(0B) LOS objects, 38% free, 26MB/42MB, paused 173us total 11.280ms
08-06 14:00:02.599 31433 31444 I art     : Starting a blocking GC Explicit
08-06 14:00:02.610 31433 31444 I art     : Explicit concurrent mark sweep GC freed 3(96B) AllocSpace objects, 0(0B) LOS objects, 38% free, 26MB/42MB, paused 176us total 11.247ms
08-06 14:00:02.907 31433 31446 I art     : Starting a blocking GC Explicit
08-06 14:00:02.928 31433 31446 I art     : Explicit concurrent mark sweep GC freed 1389(80KB) AllocSpace objects, 1(20KB) LOS objects, 38% free, 26MB/42MB, paused 259us total 21.131ms
08-06 14:00:02.939 31433 31446 I art     : Starting a blocking GC Explicit
08-06 14:00:02.954 31433 31446 I art     : Explicit concurrent mark sweep GC freed 20(704B) AllocSpace objects, 0(0B) LOS objects, 38% free, 26MB/42MB, paused 211us total 14.821ms
08-06 14:00:02.962 31433 31446 I art     : Starting a blocking GC Explicit
08-06 14:00:02.974 31433 31446 I art     : Explicit concurrent mark sweep GC freed 3(96B) AllocSpace objects, 0(0B) LOS objects, 38% free, 26MB/42MB, paused 194us total 11.827ms
08-06 14:00:02.981 31433 31446 I art     : Starting a blocking GC Explicit
08-06 14:00:02.993 31433 31446 I art     : Explicit concurrent mark sweep GC freed 3(96B) AllocSpace objects, 0(0B) LOS objects, 38% free, 26MB/42MB, paused 193us total 11.605ms
08-06 14:00:02.999 31433 31446 I art     : Starting a blocking GC Explicit
08-06 14:00:03.011 31433 31446 I art     : Explicit concurrent mark sweep GC freed 3(96B) AllocSpace objects, 0(0B) LOS objects, 38% free, 26MB/42MB, paused 181us total 11.621ms
08-06 14:00:03.286 31433 31444 I art     : Starting a blocking GC Explicit
08-06 14:00:03.299 31433 31444 I art     : Explicit concurrent mark sweep GC freed 1379(80KB) AllocSpace objects, 1(20KB) LOS objects, 38% free, 26MB/42MB, paused 201us total 13.423ms
08-06 14:00:03.307 31433 31444 I art     : Starting a blocking GC Explicit
08-06 14:00:03.319 31433 31444 I art     : Explicit concurrent mark sweep GC freed 20(704B) AllocSpace objects, 0(0B) LOS objects, 38% free, 26MB/42MB, paused 191us total 11.722ms
08-06 14:00:03.325 31433 31444 I art     : Starting a blocking GC Explicit
08-06 14:00:03.337 31433 31444 I art     : Explicit concurrent mark sweep GC freed 3(96B) AllocSpace objects, 0(0B) LOS objects, 38% free, 26MB/42MB, paused 185us total 11.412ms
08-06 14:00:03.343 31433 31444 I art     : Starting a blocking GC Explicit
08-06 14:00:03.354 31433 31444 I art     : Explicit concurrent mark sweep GC freed 3(96B) AllocSpace objects, 0(0B) LOS objects, 38% free, 26MB/42MB, paused 180us total 11.390ms
08-06 14:00:03.361 31433 31444 I art     : Starting a blocking GC Explicit
08-06 14:00:03.372 31433 31444 I art     : Explicit concurrent mark sweep GC freed 3(96B) AllocSpace objects, 0(0B) LOS objects, 38% free, 26MB/42MB, paused 167us total 11.091ms
08-06 14:00:03.682 31433 31446 I art     : Starting a blocking GC Explicit
08-06 14:00:03.698 31433 31446 I art     : Explicit concurrent mark sweep GC freed 1378(80KB) AllocSpace objects, 1(20KB) LOS objects, 38% free, 26MB/42MB, paused 196us total 15.671ms
08-06 14:00:03.705 31433 31446 I art     : Starting a blocking GC Explicit
08-06 14:00:03.717 31433 31446 I art     : Explicit concurrent mark sweep GC freed 20(704B) AllocSpace objects, 0(0B) LOS objects, 38% free, 26MB/42MB, paused 188us total 12.074ms
08-06 14:00:03.723 31433 31446 I art     : Starting a blocking GC Explicit
08-06 14:00:03.734 31433 31446 I art     : Explicit concurrent mark sweep GC freed 3(96B) AllocSpace objects, 0(0B) LOS objects, 38% free, 26MB/42MB, paused 175us total 11.066ms
08-06 14:00:03.740 31433 31446 I art     : Starting a blocking GC Explicit
08-06 14:00:03.751 31433 31446 I art     : Explicit concurrent mark sweep GC freed 3(96B) AllocSpace objects, 0(0B) LOS objects, 38% free, 26MB/42MB, paused 173us total 11.050ms
08-06 14:00:03.757 31433 31446 I art     : Starting a blocking GC Explicit
08-06 14:00:03.769 31433 31446 I art     : Explicit concurrent mark sweep GC freed 3(96B) AllocSpace objects, 0(0B) LOS objects, 38% free, 26MB/42MB, paused 181us total 11.241ms
08-06 14:00:04.067 31433 31444 I art     : Starting a blocking GC Explicit
08-06 14:00:04.081 31433 31444 I art     : Explicit concurrent mark sweep GC freed 1377(80KB) AllocSpace objects, 1(20KB) LOS objects, 38% free, 26MB/42MB, paused 177us total 13.918ms
08-06 14:00:04.088 31433 31444 I art     : Starting a blocking GC Explicit
08-06 14:00:04.100 31433 31444 I art     : Explicit concurrent mark sweep GC freed 20(704B) AllocSpace objects, 0(0B) LOS objects, 38% free, 26MB/42MB, paused 169us total 11.807ms
08-06 14:00:04.106 31433 31444 I art     : Starting a blocking GC Explicit
08-06 14:00:04.118 31433 31444 I art     : Explicit concurrent mark sweep GC freed 3(96B) AllocSpace objects, 0(0B) LOS objects, 38% free, 26MB/42MB, paused 171us total 11.610ms
08-06 14:00:04.124 31433 31444 I art     : Starting a blocking GC Explicit
08-06 14:00:04.135 31433 31444 I art     : Explicit concurrent mark sweep GC freed 3(96B) AllocSpace objects, 0(0B) LOS objects, 38% free, 26MB/42MB, paused 158us total 10.921ms
08-06 14:00:04.141 31433 31444 I art     : Starting a blocking GC Explicit
08-06 14:00:04.152 31433 31444 I art     : Explicit concurrent mark sweep GC freed 3(96B) AllocSpace objects, 0(0B) LOS objects, 38% free, 26MB/42MB, paused 158us total 10.810ms
08-06 14:00:04.472 31433 31446 I art     : Starting a blocking GC Explicit
08-06 14:00:04.492 31433 31446 I art     : Explicit concurrent mark sweep GC freed 1375(79KB) AllocSpace objects, 1(20KB) LOS objects, 38% free, 26MB/42MB, paused 230us total 19.990ms
08-06 14:00:04.503 31433 31446 I art     : Starting a blocking GC Explicit
08-06 14:00:04.516 31433 31446 I art     : Explicit concurrent mark sweep GC freed 20(704B) AllocSpace objects, 0(0B) LOS objects, 38% free, 26MB/42MB, paused 184us total 12.409ms
08-06 14:00:04.522 31433 31446 I art     : Starting a blocking GC Explicit
08-06 14:00:04.533 31433 31446 I art     : Explicit concurrent mark sweep GC freed 3(96B) AllocSpace objects, 0(0B) LOS objects, 38% free, 26MB/42MB, paused 186us total 11.440ms
08-06 14:00:04.539 31433 31446 I art     : Starting a blocking GC Explicit
08-06 14:00:04.551 31433 31446 I art     : Explicit concurrent mark sweep GC freed 3(96B) AllocSpace objects, 0(0B) LOS objects, 38% free, 26MB/42MB, paused 189us total 11.176ms
08-06 14:00:04.557 31433 31446 I art     : Starting a blocking GC Explicit
08-06 14:00:04.568 31433 31446 I art     : Explicit concurrent mark sweep GC freed 3(96B) AllocSpace objects, 0(0B) LOS objects, 38% free, 26MB/42MB, paused 186us total 11.261ms
08-06 14:00:04.839 31433 31444 I art     : Starting a blocking GC Explicit
08-06 14:00:04.857 31433 31444 I art     : Explicit concurrent mark sweep GC freed 1376(79KB) AllocSpace objects, 1(20KB) LOS objects, 38% free, 26MB/42MB, paused 194us total 16.988ms
08-06 14:00:04.867 31433 31444 I art     : Starting a blocking GC Explicit
08-06 14:00:04.879 31433 31444 I art     : Explicit concurrent mark sweep GC freed 20(704B) AllocSpace objects, 0(0B) LOS objects, 38% free, 26MB/42MB, paused 174us total 11.838ms
08-06 14:00:04.885 31433 31444 I art     : Starting a blocking GC Explicit
08-06 14:00:04.897 31433 31444 I art     : Explicit concurrent mark sweep GC freed 3(96B) AllocSpace objects, 0(0B) LOS objects, 38% free, 26MB/42MB, paused 191us total 11.600ms
08-06 14:00:04.903 31433 31444 I art     : Starting a blocking GC Explicit
08-06 14:00:04.914 31433 31444 I art     : Explicit concurrent mark sweep GC freed 3(96B) AllocSpace objects, 0(0B) LOS objects, 38% free, 26MB/42MB, paused 173us total 11.283ms
08-06 14:00:04.920 31433 31444 I art     : Starting a blocking GC Explicit
08-06 14:00:04.932 31433 31444 I art     : Explicit concurrent mark sweep GC freed 3(96B) AllocSpace objects, 0(0B) LOS objects, 38% free, 26MB/42MB, paused 174us total 11.237ms
08-06 14:00:05.268 31433 31446 I art     : Starting a blocking GC Explicit
08-06 14:00:05.285 31433 31446 I art     : Explicit concurrent mark sweep GC freed 1376(79KB) AllocSpace objects, 1(20KB) LOS objects, 38% free, 26MB/42MB, paused 256us total 17.214ms
08-06 14:00:05.295 31433 31446 I art     : Starting a blocking GC Explicit
08-06 14:00:05.311 31433 31446 I art     : Explicit concurrent mark sweep GC freed 20(704B) AllocSpace objects, 0(0B) LOS objects, 38% free, 26MB/42MB, paused 199us total 15.046ms
08-06 14:00:05.318 31433 31446 I art     : Starting a blocking GC Explicit
08-06 14:00:05.330 31433 31446 I art     : Explicit concurrent mark sweep GC freed 3(96B) AllocSpace objects, 0(0B) LOS objects, 38% free, 26MB/42MB, paused 179us total 11.690ms
08-06 14:00:05.337 31433 31446 I art     : Starting a blocking GC Explicit
08-06 14:00:05.349 31433 31446 I art     : Explicit concurrent mark sweep GC freed 3(96B) AllocSpace objects, 0(0B) LOS objects, 38% free, 26MB/42MB, paused 166us total 11.422ms
08-06 14:00:05.355 31433 31446 I art     : Starting a blocking GC Explicit
08-06 14:00:05.366 31433 31446 I art     : Explicit concurrent mark sweep GC freed 3(96B) AllocSpace objects, 0(0B) LOS objects, 38% free, 26MB/42MB, paused 180us total 11.339ms
08-06 14:00:05.557 14376 14376 I ServiceManager: Waiting for service AtCmdFwd...
08-06 14:00:05.677 31433 31444 I art     : Starting a blocking GC Explicit
08-06 14:00:05.695 31433 31444 I art     : Explicit concurrent mark sweep GC freed 1376(79KB) AllocSpace objects, 1(20KB) LOS objects, 38% free, 26MB/42MB, paused 236us total 17.089ms
08-06 14:00:05.706 31433 31444 I art     : Starting a blocking GC Explicit
08-06 14:00:05.720 31433 31444 I art     : Explicit concurrent mark sweep GC freed 20(704B) AllocSpace objects, 0(0B) LOS objects, 38% free, 26MB/42MB, paused 178us total 14.171ms
08-06 14:00:05.721 31433 31443 I art     : WaitForGcToComplete blocked for 14.368ms for cause HeapTrim
08-06 14:00:05.727 31433 31444 I art     : Starting a blocking GC Explicit
08-06 14:00:05.738 31433 31444 I art     : Explicit concurrent mark sweep GC freed 3(96B) AllocSpace objects, 0(0B) LOS objects, 38% free, 26MB/42MB, paused 177us total 11.457ms
08-06 14:00:05.745 31433 31444 I art     : Starting a blocking GC Explicit
08-06 14:00:05.756 31433 31444 I art     : Explicit concurrent mark sweep GC freed 3(96B) AllocSpace objects, 0(0B) LOS objects, 38% free, 26MB/42MB, paused 179us total 11.320ms
08-06 14:00:05.762 31433 31444 I art     : Starting a blocking GC Explicit
08-06 14:00:05.774 31433 31444 I art     : Explicit concurrent mark sweep GC freed 3(96B) AllocSpace objects, 0(0B) LOS objects, 38% free, 26MB/42MB, paused 164us total 11.574ms
08-06 14:00:06.076 31433 31446 I art     : Starting a blocking GC Explicit
08-06 14:00:06.093 31433 31446 I art     : Explicit concurrent mark sweep GC freed 1375(79KB) AllocSpace objects, 1(20KB) LOS objects, 38% free, 26MB/42MB, paused 254us total 17.300ms
08-06 14:00:06.103 31433 31446 I art     : Starting a blocking GC Explicit
08-06 14:00:06.119 31433 31446 I art     : Explicit concurrent mark sweep GC freed 20(704B) AllocSpace objects, 0(0B) LOS objects, 38% free, 26MB/42MB, paused 215us total 15.045ms
08-06 14:00:06.128 31433 31446 I art     : Starting a blocking GC Explicit
08-06 14:00:06.140 31433 31446 I art     : Explicit concurrent mark sweep GC freed 3(96B) AllocSpace objects, 0(0B) LOS objects, 38% free, 26MB/42MB, paused 181us total 11.654ms
08-06 14:00:06.146 31433 31446 I art     : Starting a blocking GC Explicit
08-06 14:00:06.157 31433 31446 I art     : Explicit concurrent mark sweep GC freed 3(96B) AllocSpace objects, 0(0B) LOS objects, 38% free, 26MB/42MB, paused 185us total 11.232ms
08-06 14:00:06.164 31433 31446 I art     : Starting a blocking GC Explicit
08-06 14:00:06.175 31433 31446 I art     : Explicit concurrent mark sweep GC freed 3(96B) AllocSpace objects, 0(0B) LOS objects, 38% free, 26MB/42MB, paused 182us total 11.447ms
08-06 14:00:06.477 31433 31444 I art     : Starting a blocking GC Explicit
08-06 14:00:06.489 31433 31444 I art     : Explicit concurrent mark sweep GC freed 1375(79KB) AllocSpace objects, 1(20KB) LOS objects, 38% free, 26MB/42MB, paused 164us total 11.662ms
08-06 14:00:06.495 31433 31444 I art     : Starting a blocking GC Explicit
08-06 14:00:06.505 31433 31444 I art     : Explicit concurrent mark sweep GC freed 20(704B) AllocSpace objects, 0(0B) LOS objects, 38% free, 26MB/42MB, paused 169us total 9.944ms
08-06 14:00:06.510 31433 31444 I art     : Starting a blocking GC Explicit
08-06 14:00:06.520 31433 31444 I art     : Explicit concurrent mark sweep GC freed 3(96B) AllocSpace objects, 0(0B) LOS objects, 38% free, 26MB/42MB, paused 155us total 9.695ms
08-06 14:00:06.525 31433 31444 I art     : Starting a blocking GC Explicit
08-06 14:00:06.535 31433 31444 I art     : Explicit concurrent mark sweep GC freed 3(96B) AllocSpace objects, 0(0B) LOS objects, 38% free, 26MB/42MB, paused 151us total 9.426ms
08-06 14:00:06.540 31433 31444 I art     : Starting a blocking GC Explicit
08-06 14:00:06.550 31433 31444 I art     : Explicit concurrent mark sweep GC freed 3(96B) AllocSpace objects, 0(0B) LOS objects, 38% free, 26MB/42MB, paused 153us total 9.541ms
08-06 14:00:06.557 14376 14376 I ServiceManager: Waiting for service AtCmdFwd...
08-06 14:00:06.798 31433 31446 I art     : Starting a blocking GC Explicit
08-06 14:00:06.812 31433 31446 I art     : Explicit concurrent mark sweep GC freed 1376(79KB) AllocSpace objects, 1(20KB) LOS objects, 38% free, 26MB/42MB, paused 188us total 13.560ms
08-06 14:00:06.818 31433 31446 I art     : Starting a blocking GC Explicit
08-06 14:00:06.830 31433 31446 I art     : Explicit concurrent mark sweep GC freed 20(704B) AllocSpace objects, 0(0B) LOS objects, 38% free, 26MB/42MB, paused 209us total 11.751ms
08-06 14:00:06.837 31433 31446 I art     : Starting a blocking GC Explicit
08-06 14:00:06.848 31433 31446 I art     : Explicit concurrent mark sweep GC freed 3(96B) AllocSpace objects, 0(0B) LOS objects, 38% free, 26MB/42MB, paused 177us total 10.757ms
08-06 14:00:06.853 31433 31446 I art     : Starting a blocking GC Explicit
08-06 14:00:06.864 31433 31446 I art     : Explicit concurrent mark sweep GC freed 3(96B) AllocSpace objects, 0(0B) LOS objects, 38% free, 26MB/42MB, paused 171us total 10.435ms
08-06 14:00:06.870 31433 31446 I art     : Starting a blocking GC Explicit
08-06 14:00:06.881 31433 31446 I art     : Explicit concurrent mark sweep GC freed 3(96B) AllocSpace objects, 0(0B) LOS objects, 38% free, 26MB/42MB, paused 161us total 10.505ms
08-06 14:00:07.162 14583 14583 D AndroidRuntime: >>>>>> START com.android.internal.os.RuntimeInit uid 2000 <<<<<<
08-06 14:00:07.166 14583 14583 D AndroidRuntime: CheckJNI is OFF
08-06 14:00:07.172 31433 31444 I art     : Starting a blocking GC Explicit
08-06 14:00:07.185 31433 31444 I art     : Explicit concurrent mark sweep GC freed 1376(79KB) AllocSpace objects, 1(20KB) LOS objects, 38% free, 26MB/42MB, paused 190us total 11.848ms
08-06 14:00:07.191 31433 31444 I art     : Starting a blocking GC Explicit
08-06 14:00:07.197 14583 14583 D ICU     : No timezone override file found: /data/misc/zoneinfo/current/icu/icu_tzdata.dat
08-06 14:00:07.202 31433 31444 I art     : Explicit concurrent mark sweep GC freed 20(704B) AllocSpace objects, 0(0B) LOS objects, 38% free, 26MB/42MB, paused 197us total 11.576ms
08-06 14:00:07.209 31433 31444 I art     : Starting a blocking GC Explicit
08-06 14:00:07.221 31433 31444 I art     : Explicit concurrent mark sweep GC freed 3(96B) AllocSpace objects, 0(0B) LOS objects, 38% free, 26MB/42MB, paused 171us total 11.566ms
08-06 14:00:07.224 14583 14583 I Radio-JNI: register_android_hardware_Radio DONE
08-06 14:00:07.226 31433 31444 I art     : Starting a blocking GC Explicit
08-06 14:00:07.237 31433 31444 I art     : Explicit concurrent mark sweep GC freed 3(96B) AllocSpace objects, 0(0B) LOS objects, 38% free, 26MB/42MB, paused 225us total 10.443ms
08-06 14:00:07.240 14583 14583 D AndroidRuntime: Calling main entry com.android.commands.input.Input
08-06 14:00:07.241 14583 14583 I Input   : injectMotionEvent: MotionEvent { action=ACTION_DOWN, actionButton=0, id[0]=0, x[0]=594.0, y[0]=330.0, toolType[0]=TOOL_TYPE_UNKNOWN, buttonState=0, metaState=0, flags=0x0, edgeFlags=0x0, pointerCount=1, historySize=0, eventTime=885623654, downTime=885623654, deviceId=0, source=0x1002 }
08-06 14:00:07.242 31433 31444 I art     : Starting a blocking GC Explicit
08-06 14:00:07.247 14583 14583 I Input   : injectMotionEvent: MotionEvent { action=ACTION_UP, actionButton=0, id[0]=0, x[0]=594.0, y[0]=330.0, toolType[0]=TOOL_TYPE_UNKNOWN, buttonState=0, metaState=0, flags=0x0, edgeFlags=0x0, pointerCount=1, historySize=0, eventTime=885623654, downTime=885623654, deviceId=0, source=0x1002 }
08-06 14:00:07.249 14583 14583 D AndroidRuntime: Shutting down VM
08-06 14:00:07.253 31433 31444 I art     : Explicit concurrent mark sweep GC freed 28(1296B) AllocSpace objects, 0(0B) LOS objects, 38% free, 26MB/42MB, paused 203us total 10.755ms
08-06 14:00:07.318   918  6111 I ActivityManager: START u0 {cmp=baseline.com.newsblur/.activity.GlobalSharedStoriesItemsList (has extras)} from uid 10698 on display 0
08-06 14:00:07.342 31433 14608 I baseline.com.newsblur.database.BlurDatabaseHelper: reading session reset
08-06 14:00:07.466 31433 31444 I art     : Starting a blocking GC Explicit
08-06 14:00:07.486 31433 31444 I art     : Explicit concurrent mark sweep GC freed 6660(549KB) AllocSpace objects, 9(304KB) LOS objects, 36% free, 27MB/43MB, paused 523us total 19.650ms
08-06 14:00:07.487 31433 31433 W View    : requestLayout() improperly called by android.widget.FrameLayout{741935b V.E...... ......ID 0,0-1440,0 #7f07003f app:id/footer_view_inner} during layout: running second layout pass
08-06 14:00:07.487 31433 31433 W View    : requestLayout() improperly called by android.widget.FrameLayout{533a7f8 V.E...... ......ID 0,0-1440,2091 #7f07003f app:id/footer_view_inner} during layout: running second layout pass
08-06 14:00:07.492 31433 31444 I art     : Starting a blocking GC Explicit
08-06 14:00:07.506 31433 31444 I art     : Explicit concurrent mark sweep GC freed 508(29KB) AllocSpace objects, 0(0B) LOS objects, 36% free, 27MB/43MB, paused 191us total 13.945ms
08-06 14:00:07.508   918   936 I ActivityManager: Displayed baseline.com.newsblur/.activity.GlobalSharedStoriesItemsList: +181ms
08-06 14:00:07.509 13866 13866 I GoogleInputMethodServic: GoogleInputMethodService.onFinishInput():3138 
08-06 14:00:07.510 13866 13866 I GoogleInputMethodServic: GoogleInputMethodService.onStartInput():1808 
08-06 14:00:07.513 31433 31444 I art     : Starting a blocking GC Explicit
08-06 14:00:07.528 31433 31444 I art     : Explicit concurrent mark sweep GC freed 1678(145KB) AllocSpace objects, 5(100KB) LOS objects, 36% free, 27MB/43MB, paused 268us total 14.683ms
08-06 14:00:07.535 31433 31444 I art     : Starting a blocking GC Explicit
08-06 14:00:07.547 31433 31444 I art     : Explicit concurrent mark sweep GC freed 123(4KB) AllocSpace objects, 0(0B) LOS objects, 36% free, 27MB/43MB, paused 244us total 11.986ms
08-06 14:00:07.553 31433 31444 I art     : Starting a blocking GC Explicit
08-06 14:00:07.557 14376 14376 I ServiceManager: Waiting for service AtCmdFwd...
08-06 14:00:07.565 31433 31444 I art     : Explicit concurrent mark sweep GC freed 49(3KB) AllocSpace objects, 0(0B) LOS objects, 36% free, 27MB/43MB, paused 268us total 11.767ms
08-06 14:00:07.792 31433 14620 I art     : Starting a blocking GC Explicit
08-06 14:00:07.805 31433 14620 I art     : Explicit concurrent mark sweep GC freed 1739(110KB) AllocSpace objects, 2(40KB) LOS objects, 36% free, 27MB/43MB, paused 212us total 12.388ms
08-06 14:00:07.811 31433 14620 I art     : Starting a blocking GC Explicit
08-06 14:00:07.823 31433 14620 I art     : Explicit concurrent mark sweep GC freed 31(1136B) AllocSpace objects, 0(0B) LOS objects, 36% free, 27MB/43MB, paused 263us total 11.606ms
08-06 14:00:07.828 31433 14620 I art     : Starting a blocking GC Explicit
08-06 14:00:07.840 31433 14620 I art     : Explicit concurrent mark sweep GC freed 4(128B) AllocSpace objects, 0(0B) LOS objects, 36% free, 27MB/43MB, paused 214us total 11.229ms
08-06 14:00:07.845 31433 14620 I art     : Starting a blocking GC Explicit
08-06 14:00:07.857 31433 14620 I art     : Explicit concurrent mark sweep GC freed 4(128B) AllocSpace objects, 0(0B) LOS objects, 36% free, 27MB/43MB, paused 276us total 11.257ms
08-06 14:00:07.863 31433 14620 I art     : Starting a blocking GC Explicit
08-06 14:00:07.874 31433 14620 I art     : Explicit concurrent mark sweep GC freed 3(96B) AllocSpace objects, 0(0B) LOS objects, 36% free, 27MB/43MB, paused 223us total 11.537ms
08-06 14:00:08.032 31433 14623 I NAPPA_EXPERIMENTATION: MetricNetworkRequestExecutionTime: REQUEST_DURATION_SYSTEM='509',REQUEST_DURATION_OKHTTP='36',REQUEST_SYNCHRONOUS='TRUE',RESPONSE_CODE='200',RESPONSE_METHOD='GET',RESPONSE_LENGTH_OKHTTP='-1',RESPONSE_LENGTH_HEADER='13047',REQUEST_PROTOCOL='http/1.1',REQUEST_URL='https://www.newsblur.com/social/river_stories?order=newest&page=1&read_filter=all&global_feed=true',
08-06 14:00:08.032 31433 14623 D MY_TAG  : 0, 509
08-06 14:00:08.125 31433 31446 I art     : Starting a blocking GC Explicit
08-06 14:00:08.145 31433 31446 I art     : Explicit concurrent mark sweep GC freed 34171(2MB) AllocSpace objects, 24(836KB) LOS objects, 36% free, 27MB/43MB, paused 247us total 19.226ms
08-06 14:00:08.151 31433 31446 I art     : Starting a blocking GC Explicit
08-06 14:00:08.164 31433 31446 I art     : Explicit concurrent mark sweep GC freed 3222(424KB) AllocSpace objects, 14(280KB) LOS objects, 36% free, 27MB/43MB, paused 275us total 13.005ms
08-06 14:00:08.171 31433 31446 I art     : Starting a blocking GC Explicit
08-06 14:00:08.185 31433 31446 I art     : Explicit concurrent mark sweep GC freed 353(68KB) AllocSpace objects, 3(60KB) LOS objects, 36% free, 27MB/43MB, paused 322us total 13.341ms
08-06 14:00:08.191 31433 31446 I art     : Starting a blocking GC Explicit
08-06 14:00:08.203 31433 31446 I art     : Explicit concurrent mark sweep GC freed 469(31KB) AllocSpace objects, 1(20KB) LOS objects, 36% free, 27MB/43MB, paused 339us total 12.276ms
08-06 14:00:08.209 31433 31446 I art     : Starting a blocking GC Explicit
08-06 14:00:08.221 31433 31446 I art     : Explicit concurrent mark sweep GC freed 411(25KB) AllocSpace objects, 1(20KB) LOS objects, 36% free, 27MB/43MB, paused 408us total 12.328ms
08-06 14:00:08.311 31433 14653 I NAPPA_EXPERIMENTATION: MetricNetworkRequestExecutionTime: REQUEST_DURATION_SYSTEM='39',REQUEST_DURATION_OKHTTP='36',REQUEST_SYNCHRONOUS='TRUE',RESPONSE_CODE='200',RESPONSE_METHOD='GET',RESPONSE_LENGTH_OKHTTP='43',RESPONSE_LENGTH_HEADER='43',REQUEST_PROTOCOL='http/1.1',REQUEST_URL='http://feeds.feedburner.com/~r/retort/~4/UffaFMiJbNs',
08-06 14:00:08.501 31433 31444 I art     : Starting a blocking GC Explicit
08-06 14:00:08.524 31433 31444 I art     : Explicit concurrent mark sweep GC freed 11680(599KB) AllocSpace objects, 9(320KB) LOS objects, 36% free, 28MB/44MB, paused 582us total 23.482ms
08-06 14:00:08.532 31433 31444 I art     : Starting a blocking GC Explicit
08-06 14:00:08.549 31433 31444 I art     : Explicit concurrent mark sweep GC freed 6121(381KB) AllocSpace objects, 0(0B) LOS objects, 36% free, 28MB/44MB, paused 471us total 17.101ms
08-06 14:00:08.557 31433 31444 I art     : Starting a blocking GC Explicit
08-06 14:00:08.558 14376 14376 I ServiceManager: Waiting for service AtCmdFwd...
08-06 14:00:08.575 31433 31444 I art     : Explicit concurrent mark sweep GC freed 347(14KB) AllocSpace objects, 0(0B) LOS objects, 36% free, 28MB/44MB, paused 556us total 17.806ms
08-06 14:00:08.581 31433 31444 I art     : Starting a blocking GC Explicit
08-06 14:00:08.596 31433 31444 I art     : Explicit concurrent mark sweep GC freed 241(22KB) AllocSpace objects, 0(0B) LOS objects, 36% free, 28MB/44MB, paused 420us total 15.005ms
08-06 14:00:08.602 31433 31444 I art     : Starting a blocking GC Explicit
08-06 14:00:08.615 31433 31444 I art     : Explicit concurrent mark sweep GC freed 168(8KB) AllocSpace objects, 0(0B) LOS objects, 36% free, 28MB/44MB, paused 380us total 13.133ms
08-06 14:00:08.631 31433 14655 I NAPPA_EXPERIMENTATION: MetricNetworkRequestExecutionTime: REQUEST_DURATION_SYSTEM='351',REQUEST_DURATION_OKHTTP='158',REQUEST_SYNCHRONOUS='TRUE',RESPONSE_CODE='200',RESPONSE_METHOD='GET',RESPONSE_LENGTH_OKHTTP='79351',RESPONSE_LENGTH_HEADER='79351',REQUEST_PROTOCOL='h2',REQUEST_URL='https://images.fastcompany.net/image/upload/w_1280,q_auto,f_auto,fl_lossy/wp-cms/uploads/2020/07/p-1-90532920-this-chart-shows-how-effective-masks-can-be.png',
08-06 14:00:08.732 31433 14656 I NAPPA_EXPERIMENTATION: MetricNetworkRequestExecutionTime: REQUEST_DURATION_SYSTEM='472',REQUEST_DURATION_OKHTTP='56',REQUEST_SYNCHRONOUS='TRUE',RESPONSE_CODE='200',RESPONSE_METHOD='GET',RESPONSE_LENGTH_OKHTTP='477',RESPONSE_LENGTH_HEADER='477',REQUEST_PROTOCOL='http/1.1',REQUEST_URL='https://s3.amazonaws.com/icons.newsblur.com/5762506.png',
08-06 14:00:08.742 31433 14654 I NAPPA_EXPERIMENTATION: MetricNetworkRequestExecutionTime: REQUEST_DURATION_SYSTEM='490',REQUEST_DURATION_OKHTTP='65',REQUEST_SYNCHRONOUS='TRUE',RESPONSE_CODE='200',RESPONSE_METHOD='GET',RESPONSE_LENGTH_OKHTTP='243',RESPONSE_LENGTH_HEADER='243',REQUEST_PROTOCOL='http/1.1',REQUEST_URL='https://s3.amazonaws.com/icons.newsblur.com/18178.png',
08-06 14:00:08.760 31433 14652 I NAPPA_EXPERIMENTATION: MetricNetworkRequestExecutionTime: REQUEST_DURATION_SYSTEM='519',REQUEST_DURATION_OKHTTP='84',REQUEST_SYNCHRONOUS='TRUE',RESPONSE_CODE='200',RESPONSE_METHOD='GET',RESPONSE_LENGTH_OKHTTP='145',RESPONSE_LENGTH_HEADER='145',REQUEST_PROTOCOL='http/1.1',REQUEST_URL='https://s3.amazonaws.com/icons.newsblur.com/6882243.png',
08-06 14:00:08.898 31433 31444 I art     : Starting a blocking GC Explicit
08-06 14:00:08.918 31433 31444 I art     : Explicit concurrent mark sweep GC freed 9216(516KB) AllocSpace objects, 14(3MB) LOS objects, 34% free, 30MB/46MB, paused 318us total 19.951ms
08-06 14:00:08.927 31433 31444 I art     : Starting a blocking GC Explicit
08-06 14:00:08.942 31433 31444 I art     : Explicit concurrent mark sweep GC freed 283(9KB) AllocSpace objects, 0(0B) LOS objects, 34% free, 30MB/46MB, paused 302us total 15.342ms
08-06 14:00:08.950 31433 31444 I art     : Starting a blocking GC Explicit
08-06 14:00:08.964 31433 31444 I art     : Explicit concurrent mark sweep GC freed 3(96B) AllocSpace objects, 0(0B) LOS objects, 34% free, 30MB/46MB, paused 301us total 14.400ms
08-06 14:00:08.971 31433 31444 I art     : Starting a blocking GC Explicit
08-06 14:00:08.985 31433 31444 I art     : Explicit concurrent mark sweep GC freed 3(96B) AllocSpace objects, 0(0B) LOS objects, 34% free, 30MB/46MB, paused 313us total 14.419ms
08-06 14:00:08.992 31433 31444 I art     : Starting a blocking GC Explicit
08-06 14:00:09.007 31433 31444 I art     : Explicit concurrent mark sweep GC freed 3(96B) AllocSpace objects, 0(0B) LOS objects, 34% free, 30MB/46MB, paused 418us total 15.552ms
08-06 14:00:09.310 31433 14621 I art     : Starting a blocking GC Explicit
08-06 14:00:09.328 31433 14621 I art     : Explicit concurrent mark sweep GC freed 1387(82KB) AllocSpace objects, 1(20KB) LOS objects, 34% free, 30MB/46MB, paused 340us total 18.206ms
08-06 14:00:09.337 31433 14621 I art     : Starting a blocking GC Explicit
08-06 14:00:09.352 31433 14621 I art     : Explicit concurrent mark sweep GC freed 20(720B) AllocSpace objects, 0(0B) LOS objects, 34% free, 30MB/46MB, paused 319us total 14.286ms
08-06 14:00:09.358 31433 14621 I art     : Starting a blocking GC Explicit
08-06 14:00:09.373 31433 14621 I art     : Explicit concurrent mark sweep GC freed 3(96B) AllocSpace objects, 0(0B) LOS objects, 34% free, 30MB/46MB, paused 321us total 14.570ms
08-06 14:00:09.379 31433 14621 I art     : Starting a blocking GC Explicit
08-06 14:00:09.394 31433 14621 I art     : Explicit concurrent mark sweep GC freed 3(96B) AllocSpace objects, 0(0B) LOS objects, 34% free, 30MB/46MB, paused 323us total 14.515ms
08-06 14:00:09.400 31433 14621 I art     : Starting a blocking GC Explicit
08-06 14:00:09.414 31433 14621 I art     : Explicit concurrent mark sweep GC freed 3(96B) AllocSpace objects, 0(0B) LOS objects, 34% free, 30MB/46MB, paused 314us total 14.301ms
08-06 14:00:09.558 14376 14376 I ServiceManager: Waiting for service AtCmdFwd...
08-06 14:00:09.709 31433 14620 I art     : Starting a blocking GC Explicit
08-06 14:00:09.727 31433 14620 I art     : Explicit concurrent mark sweep GC freed 1387(80KB) AllocSpace objects, 1(20KB) LOS objects, 34% free, 30MB/46MB, paused 478us total 17.662ms
08-06 14:00:09.737 31433 14620 I art     : Starting a blocking GC Explicit
08-06 14:00:09.752 31433 14620 I art     : Explicit concurrent mark sweep GC freed 20(704B) AllocSpace objects, 0(0B) LOS objects, 34% free, 30MB/46MB, paused 342us total 15.055ms
08-06 14:00:09.758 31433 14620 I art     : Starting a blocking GC Explicit
08-06 14:00:09.774 31433 14620 I art     : Explicit concurrent mark sweep GC freed 3(96B) AllocSpace objects, 0(0B) LOS objects, 34% free, 30MB/46MB, paused 328us total 15.482ms
08-06 14:00:09.781 31433 14620 I art     : Starting a blocking GC Explicit
08-06 14:00:09.796 31433 14620 I art     : Explicit concurrent mark sweep GC freed 3(96B) AllocSpace objects, 0(0B) LOS objects, 34% free, 30MB/46MB, paused 384us total 14.866ms
08-06 14:00:09.802 31433 14620 I art     : Starting a blocking GC Explicit
08-06 14:00:09.817 31433 14620 I art     : Explicit concurrent mark sweep GC freed 3(96B) AllocSpace objects, 0(0B) LOS objects, 34% free, 30MB/46MB, paused 358us total 14.855ms
08-06 14:00:10.118 31433 31446 I art     : Starting a blocking GC Explicit
08-06 14:00:10.135 31433 31446 I art     : Explicit concurrent mark sweep GC freed 1386(80KB) AllocSpace objects, 1(20KB) LOS objects, 34% free, 30MB/46MB, paused 388us total 16.777ms
08-06 14:00:10.142 31433 31446 I art     : Starting a blocking GC Explicit
08-06 14:00:10.157 31433 31446 I art     : Explicit concurrent mark sweep GC freed 20(704B) AllocSpace objects, 0(0B) LOS objects, 34% free, 30MB/46MB, paused 324us total 15.231ms
08-06 14:00:10.164 31433 31446 I art     : Starting a blocking GC Explicit
08-06 14:00:10.179 31433 31446 I art     : Explicit concurrent mark sweep GC freed 3(96B) AllocSpace objects, 0(0B) LOS objects, 34% free, 30MB/46MB, paused 332us total 15.080ms
08-06 14:00:10.185 31433 31446 I art     : Starting a blocking GC Explicit
08-06 14:00:10.200 31433 31446 I art     : Explicit concurrent mark sweep GC freed 3(96B) AllocSpace objects, 0(0B) LOS objects, 34% free, 30MB/46MB, paused 330us total 14.735ms
08-06 14:00:10.207 31433 31446 I art     : Starting a blocking GC Explicit
08-06 14:00:10.222 31433 31446 I art     : Explicit concurrent mark sweep GC freed 3(96B) AllocSpace objects, 0(0B) LOS objects, 34% free, 30MB/46MB, paused 330us total 14.749ms
08-06 14:00:10.559 14376 14376 W Atfwd_Sendcmd: AtCmdFwd service not published, waiting... retryCnt : 2
08-06 14:00:10.568 31433 31444 I art     : Starting a blocking GC Explicit
08-06 14:00:10.586 31433 31444 I art     : Explicit concurrent mark sweep GC freed 1386(80KB) AllocSpace objects, 1(20KB) LOS objects, 34% free, 30MB/46MB, paused 351us total 18.104ms
08-06 14:00:10.593 31433 31444 I art     : Starting a blocking GC Explicit
08-06 14:00:10.608 31433 31444 I art     : Explicit concurrent mark sweep GC freed 20(704B) AllocSpace objects, 0(0B) LOS objects, 34% free, 30MB/46MB, paused 302us total 14.604ms
08-06 14:00:10.614 31433 31444 I art     : Starting a blocking GC Explicit
08-06 14:00:10.629 31433 31444 I art     : Explicit concurrent mark sweep GC freed 3(96B) AllocSpace objects, 0(0B) LOS objects, 34% free, 30MB/46MB, paused 307us total 14.309ms
08-06 14:00:10.635 31433 31444 I art     : Starting a blocking GC Explicit
08-06 14:00:10.650 31433 31444 I art     : Explicit concurrent mark sweep GC freed 3(96B) AllocSpace objects, 0(0B) LOS objects, 34% free, 30MB/46MB, paused 314us total 15.048ms
08-06 14:00:10.657 31433 31444 I art     : Starting a blocking GC Explicit
08-06 14:00:10.671 31433 31444 I art     : Explicit concurrent mark sweep GC freed 3(96B) AllocSpace objects, 0(0B) LOS objects, 34% free, 30MB/46MB, paused 322us total 14.524ms
08-06 14:00:10.981 31433 14621 I art     : Starting a blocking GC Explicit
08-06 14:00:10.999 31433 14621 I art     : Explicit concurrent mark sweep GC freed 1387(80KB) AllocSpace objects, 1(20KB) LOS objects, 34% free, 30MB/46MB, paused 325us total 17.682ms
08-06 14:00:11.008 31433 14621 I art     : Starting a blocking GC Explicit
08-06 14:00:11.023 31433 14621 I art     : Explicit concurrent mark sweep GC freed 20(704B) AllocSpace objects, 0(0B) LOS objects, 34% free, 30MB/46MB, paused 308us total 14.434ms
08-06 14:00:11.029 31433 14621 I art     : Starting a blocking GC Explicit
08-06 14:00:11.043 31433 14621 I art     : Explicit concurrent mark sweep GC freed 3(96B) AllocSpace objects, 0(0B) LOS objects, 34% free, 30MB/46MB, paused 310us total 14.444ms
08-06 14:00:11.050 31433 14621 I art     : Starting a blocking GC Explicit
08-06 14:00:11.064 31433 14621 I art     : Explicit concurrent mark sweep GC freed 3(96B) AllocSpace objects, 0(0B) LOS objects, 34% free, 30MB/46MB, paused 305us total 14.183ms
08-06 14:00:11.070 31433 14621 I art     : Starting a blocking GC Explicit
08-06 14:00:11.085 31433 14621 I art     : Explicit concurrent mark sweep GC freed 3(96B) AllocSpace objects, 0(0B) LOS objects, 34% free, 30MB/46MB, paused 312us total 14.639ms
08-06 14:00:11.407 31433 14620 I art     : Starting a blocking GC Explicit
08-06 14:00:11.426 31433 14620 I art     : Explicit concurrent mark sweep GC freed 1386(80KB) AllocSpace objects, 1(20KB) LOS objects, 34% free, 30MB/46MB, paused 335us total 18.738ms
08-06 14:00:11.437 31433 14620 I art     : Starting a blocking GC Explicit
08-06 14:00:11.451 31433 14620 I art     : Explicit concurrent mark sweep GC freed 20(704B) AllocSpace objects, 0(0B) LOS objects, 34% free, 30MB/46MB, paused 315us total 14.302ms
08-06 14:00:11.458 31433 14620 I art     : Starting a blocking GC Explicit
08-06 14:00:11.472 31433 14620 I art     : Explicit concurrent mark sweep GC freed 3(96B) AllocSpace objects, 0(0B) LOS objects, 34% free, 30MB/46MB, paused 368us total 14.244ms
08-06 14:00:11.478 31433 14620 I art     : Starting a blocking GC Explicit
08-06 14:00:11.493 31433 14620 I art     : Explicit concurrent mark sweep GC freed 3(96B) AllocSpace objects, 0(0B) LOS objects, 34% free, 30MB/46MB, paused 433us total 14.516ms
08-06 14:00:11.499 31433 14620 I art     : Starting a blocking GC Explicit
08-06 14:00:11.514 31433 14620 I art     : Explicit concurrent mark sweep GC freed 3(96B) AllocSpace objects, 0(0B) LOS objects, 34% free, 30MB/46MB, paused 320us total 14.478ms
08-06 14:00:11.796 31433 31446 I art     : Starting a blocking GC Explicit
08-06 14:00:11.813 31433 31446 I art     : Explicit concurrent mark sweep GC freed 1386(80KB) AllocSpace objects, 1(20KB) LOS objects, 34% free, 30MB/46MB, paused 354us total 17.196ms
08-06 14:00:11.822 31433 31446 I art     : Starting a blocking GC Explicit
08-06 14:00:11.837 31433 31446 I art     : Explicit concurrent mark sweep GC freed 20(704B) AllocSpace objects, 0(0B) LOS objects, 34% free, 30MB/46MB, paused 339us total 15.104ms
08-06 14:00:11.844 31433 31446 I art     : Starting a blocking GC Explicit
08-06 14:00:11.859 31433 31446 I art     : Explicit concurrent mark sweep GC freed 3(96B) AllocSpace objects, 0(0B) LOS objects, 34% free, 30MB/46MB, paused 319us total 14.807ms
08-06 14:00:11.865 31433 31446 I art     : Starting a blocking GC Explicit
08-06 14:00:11.880 31433 31446 I art     : Explicit concurrent mark sweep GC freed 3(96B) AllocSpace objects, 0(0B) LOS objects, 34% free, 30MB/46MB, paused 358us total 14.604ms
08-06 14:00:11.886 31433 31446 I art     : Starting a blocking GC Explicit
08-06 14:00:11.901 31433 31446 I art     : Explicit concurrent mark sweep GC freed 3(96B) AllocSpace objects, 0(0B) LOS objects, 34% free, 30MB/46MB, paused 305us total 14.160ms
08-06 14:00:12.215 31433 31444 I art     : Starting a blocking GC Explicit
08-06 14:00:12.234 31433 31444 I art     : Explicit concurrent mark sweep GC freed 1386(80KB) AllocSpace objects, 1(20KB) LOS objects, 34% free, 30MB/46MB, paused 347us total 18.278ms
08-06 14:00:12.244 31433 31444 I art     : Starting a blocking GC Explicit
08-06 14:00:12.258 31433 31444 I art     : Explicit concurrent mark sweep GC freed 20(704B) AllocSpace objects, 0(0B) LOS objects, 34% free, 30MB/46MB, paused 303us total 13.590ms
08-06 14:00:12.264 31433 31444 I art     : Starting a blocking GC Explicit
08-06 14:00:12.279 31433 31444 I art     : Explicit concurrent mark sweep GC freed 3(96B) AllocSpace objects, 0(0B) LOS objects, 34% free, 30MB/46MB, paused 290us total 14.416ms
08-06 14:00:12.285 31433 31444 I art     : Starting a blocking GC Explicit
08-06 14:00:12.300 31433 31444 I art     : Explicit concurrent mark sweep GC freed 3(96B) AllocSpace objects, 0(0B) LOS objects, 34% free, 30MB/46MB, paused 314us total 14.398ms
08-06 14:00:12.306 31433 31444 I art     : Starting a blocking GC Explicit
08-06 14:00:12.321 31433 31444 I art     : Explicit concurrent mark sweep GC freed 3(96B) AllocSpace objects, 0(0B) LOS objects, 34% free, 30MB/46MB, paused 304us total 14.521ms
08-06 14:00:12.620 31433 14621 I art     : Starting a blocking GC Explicit
08-06 14:00:12.639 31433 14621 I art     : Explicit concurrent mark sweep GC freed 1386(80KB) AllocSpace objects, 1(20KB) LOS objects, 34% free, 30MB/46MB, paused 345us total 18.395ms
08-06 14:00:12.650 31433 14621 I art     : Starting a blocking GC Explicit
08-06 14:00:12.665 31433 14621 I art     : Explicit concurrent mark sweep GC freed 20(704B) AllocSpace objects, 0(0B) LOS objects, 34% free, 30MB/46MB, paused 314us total 14.371ms
08-06 14:00:12.671 31433 14621 I art     : Starting a blocking GC Explicit
08-06 14:00:12.686 31433 14621 I art     : Explicit concurrent mark sweep GC freed 3(96B) AllocSpace objects, 0(0B) LOS objects, 34% free, 30MB/46MB, paused 331us total 14.337ms
08-06 14:00:12.692 31433 14621 I art     : Starting a blocking GC Explicit
08-06 14:00:12.707 31433 14621 I art     : Explicit concurrent mark sweep GC freed 3(96B) AllocSpace objects, 0(0B) LOS objects, 34% free, 30MB/46MB, paused 434us total 14.674ms
08-06 14:00:12.713 31433 14621 I art     : Starting a blocking GC Explicit
08-06 14:00:12.728 31433 14621 I art     : Explicit concurrent mark sweep GC freed 3(96B) AllocSpace objects, 0(0B) LOS objects, 34% free, 30MB/46MB, paused 334us total 14.425ms
08-06 14:00:13.019 31433 14620 I art     : Starting a blocking GC Explicit
08-06 14:00:13.036 31433 14620 I art     : Explicit concurrent mark sweep GC freed 1386(80KB) AllocSpace objects, 1(20KB) LOS objects, 34% free, 30MB/46MB, paused 355us total 16.863ms
08-06 14:00:13.045 31433 14620 I art     : Starting a blocking GC Explicit
08-06 14:00:13.060 31433 14620 I art     : Explicit concurrent mark sweep GC freed 20(704B) AllocSpace objects, 0(0B) LOS objects, 34% free, 30MB/46MB, paused 342us total 14.771ms
08-06 14:00:13.066 31433 14620 I art     : Starting a blocking GC Explicit
08-06 14:00:13.081 31433 14620 I art     : Explicit concurrent mark sweep GC freed 3(96B) AllocSpace objects, 0(0B) LOS objects, 34% free, 30MB/46MB, paused 334us total 14.891ms
08-06 14:00:13.088 31433 14620 I art     : Starting a blocking GC Explicit
08-06 14:00:13.103 31433 14620 I art     : Explicit concurrent mark sweep GC freed 3(96B) AllocSpace objects, 0(0B) LOS objects, 34% free, 30MB/46MB, paused 330us total 14.854ms
08-06 14:00:13.109 31433 14620 I art     : Starting a blocking GC Explicit
08-06 14:00:13.124 31433 14620 I art     : Explicit concurrent mark sweep GC freed 3(96B) AllocSpace objects, 0(0B) LOS objects, 34% free, 30MB/46MB, paused 325us total 14.768ms
08-06 14:00:13.430 31433 31446 I art     : Starting a blocking GC Explicit
08-06 14:00:13.449 31433 31446 I art     : Explicit concurrent mark sweep GC freed 1386(80KB) AllocSpace objects, 1(20KB) LOS objects, 34% free, 30MB/46MB, paused 362us total 18.019ms
08-06 14:00:13.459 31433 31446 I art     : Starting a blocking GC Explicit
08-06 14:00:13.474 31433 31446 I art     : Explicit concurrent mark sweep GC freed 20(704B) AllocSpace objects, 0(0B) LOS objects, 34% free, 30MB/46MB, paused 335us total 14.446ms
08-06 14:00:13.480 31433 31446 I art     : Starting a blocking GC Explicit
08-06 14:00:13.495 31433 31446 I art     : Explicit concurrent mark sweep GC freed 3(96B) AllocSpace objects, 0(0B) LOS objects, 34% free, 30MB/46MB, paused 345us total 14.341ms
08-06 14:00:13.501 31433 31446 I art     : Starting a blocking GC Explicit
08-06 14:00:13.516 31433 31446 I art     : Explicit concurrent mark sweep GC freed 3(96B) AllocSpace objects, 0(0B) LOS objects, 34% free, 30MB/46MB, paused 298us total 14.407ms
08-06 14:00:13.522 31433 31446 I art     : Starting a blocking GC Explicit
08-06 14:00:13.536 31433 31446 I art     : Explicit concurrent mark sweep GC freed 3(96B) AllocSpace objects, 0(0B) LOS objects, 34% free, 30MB/46MB, paused 327us total 13.868ms
08-06 14:00:13.829 31433 31444 I art     : Starting a blocking GC Explicit
08-06 14:00:13.848 31433 31444 I art     : Explicit concurrent mark sweep GC freed 1386(80KB) AllocSpace objects, 1(20KB) LOS objects, 34% free, 30MB/46MB, paused 484us total 18.611ms
08-06 14:00:13.855 31433 31444 I art     : Starting a blocking GC Explicit
08-06 14:00:13.870 31433 31444 I art     : Explicit concurrent mark sweep GC freed 20(704B) AllocSpace objects, 0(0B) LOS objects, 34% free, 30MB/46MB, paused 325us total 15.106ms
08-06 14:00:13.877 31433 31444 I art     : Starting a blocking GC Explicit
08-06 14:00:13.892 31433 31444 I art     : Explicit concurrent mark sweep GC freed 3(96B) AllocSpace objects, 0(0B) LOS objects, 34% free, 30MB/46MB, paused 370us total 14.702ms
08-06 14:00:13.898 31433 31444 I art     : Starting a blocking GC Explicit
08-06 14:00:13.913 31433 31444 I art     : Explicit concurrent mark sweep GC freed 3(96B) AllocSpace objects, 0(0B) LOS objects, 34% free, 30MB/46MB, paused 317us total 14.923ms
08-06 14:00:13.920 31433 31444 I art     : Starting a blocking GC Explicit
08-06 14:00:13.935 31433 31444 I art     : Explicit concurrent mark sweep GC freed 3(96B) AllocSpace objects, 0(0B) LOS objects, 34% free, 30MB/46MB, paused 312us total 14.760ms
08-06 14:00:14.216 31433 14621 I art     : Starting a blocking GC Explicit
08-06 14:00:14.234 31433 14621 I art     : Explicit concurrent mark sweep GC freed 1386(80KB) AllocSpace objects, 1(20KB) LOS objects, 34% free, 30MB/46MB, paused 332us total 17.122ms
08-06 14:00:14.244 31433 14621 I art     : Starting a blocking GC Explicit
08-06 14:00:14.259 31433 14621 I art     : Explicit concurrent mark sweep GC freed 20(704B) AllocSpace objects, 0(0B) LOS objects, 34% free, 30MB/46MB, paused 320us total 14.564ms
08-06 14:00:14.265 31433 14621 I art     : Starting a blocking GC Explicit
08-06 14:00:14.280 31433 14621 I art     : Explicit concurrent mark sweep GC freed 3(96B) AllocSpace objects, 0(0B) LOS objects, 34% free, 30MB/46MB, paused 303us total 14.522ms
08-06 14:00:14.286 31433 14621 I art     : Starting a blocking GC Explicit
08-06 14:00:14.301 31433 14621 I art     : Explicit concurrent mark sweep GC freed 3(96B) AllocSpace objects, 0(0B) LOS objects, 34% free, 30MB/46MB, paused 319us total 14.461ms
08-06 14:00:14.307 31433 14621 I art     : Starting a blocking GC Explicit
08-06 14:00:14.322 31433 14621 I art     : Explicit concurrent mark sweep GC freed 3(96B) AllocSpace objects, 0(0B) LOS objects, 34% free, 30MB/46MB, paused 322us total 14.539ms
08-06 14:00:14.619 31433 14620 I art     : Starting a blocking GC Explicit
08-06 14:00:14.638 31433 14620 I art     : Explicit concurrent mark sweep GC freed 1386(80KB) AllocSpace objects, 1(20KB) LOS objects, 34% free, 30MB/46MB, paused 681us total 19.143ms
08-06 14:00:14.649 31433 14620 I art     : Starting a blocking GC Explicit
08-06 14:00:14.664 31433 14620 I art     : Explicit concurrent mark sweep GC freed 20(704B) AllocSpace objects, 0(0B) LOS objects, 34% free, 30MB/46MB, paused 322us total 14.491ms
08-06 14:00:14.670 31433 14620 I art     : Starting a blocking GC Explicit
08-06 14:00:14.685 31433 14620 I art     : Explicit concurrent mark sweep GC freed 3(96B) AllocSpace objects, 0(0B) LOS objects, 34% free, 30MB/46MB, paused 320us total 14.281ms
08-06 14:00:14.691 31433 14620 I art     : Starting a blocking GC Explicit
08-06 14:00:14.705 31433 14620 I art     : Explicit concurrent mark sweep GC freed 3(96B) AllocSpace objects, 0(0B) LOS objects, 34% free, 30MB/46MB, paused 327us total 14.473ms
08-06 14:00:14.712 31433 14620 I art     : Starting a blocking GC Explicit
08-06 14:00:14.727 31433 14620 I art     : Explicit concurrent mark sweep GC freed 3(96B) AllocSpace objects, 0(0B) LOS objects, 34% free, 30MB/46MB, paused 388us total 14.808ms
08-06 14:00:15.030 31433 31446 I art     : Starting a blocking GC Explicit
08-06 14:00:15.049 31433 31446 I art     : Explicit concurrent mark sweep GC freed 1386(80KB) AllocSpace objects, 1(20KB) LOS objects, 34% free, 30MB/46MB, paused 352us total 19.050ms
08-06 14:00:15.058 31433 31446 I art     : Starting a blocking GC Explicit
08-06 14:00:15.074 31433 31446 I art     : Explicit concurrent mark sweep GC freed 20(704B) AllocSpace objects, 0(0B) LOS objects, 34% free, 30MB/46MB, paused 325us total 15.184ms
08-06 14:00:15.080 31433 31446 I art     : Starting a blocking GC Explicit
08-06 14:00:15.095 31433 31446 I art     : Explicit concurrent mark sweep GC freed 3(96B) AllocSpace objects, 0(0B) LOS objects, 34% free, 30MB/46MB, paused 337us total 14.776ms
08-06 14:00:15.102 31433 31446 I art     : Starting a blocking GC Explicit
08-06 14:00:15.117 31433 31446 I art     : Explicit concurrent mark sweep GC freed 3(96B) AllocSpace objects, 0(0B) LOS objects, 34% free, 30MB/46MB, paused 333us total 14.698ms
08-06 14:00:15.123 31433 31446 I art     : Starting a blocking GC Explicit
08-06 14:00:15.138 31433 31446 I art     : Explicit concurrent mark sweep GC freed 3(96B) AllocSpace objects, 0(0B) LOS objects, 34% free, 30MB/46MB, paused 368us total 14.813ms
08-06 14:00:15.384   518   646 I ThermalEngine: ACTION: GPU - Setting GPU[0] to 510000000
08-06 14:00:15.445 31433 31444 I art     : Starting a blocking GC Explicit
08-06 14:00:15.462 31433 31444 I art     : Explicit concurrent mark sweep GC freed 1386(80KB) AllocSpace objects, 1(20KB) LOS objects, 34% free, 30MB/46MB, paused 350us total 16.807ms
08-06 14:00:15.473 31433 31444 I art     : Starting a blocking GC Explicit
08-06 14:00:15.487 31433 31444 I art     : Explicit concurrent mark sweep GC freed 20(704B) AllocSpace objects, 0(0B) LOS objects, 34% free, 30MB/46MB, paused 339us total 14.345ms
08-06 14:00:15.493 31433 31444 I art     : Starting a blocking GC Explicit
08-06 14:00:15.508 31433 31444 I art     : Explicit concurrent mark sweep GC freed 3(96B) AllocSpace objects, 0(0B) LOS objects, 34% free, 30MB/46MB, paused 311us total 14.573ms
08-06 14:00:15.514 31433 31444 I art     : Starting a blocking GC Explicit
08-06 14:00:15.529 31433 31444 I art     : Explicit concurrent mark sweep GC freed 3(96B) AllocSpace objects, 0(0B) LOS objects, 34% free, 30MB/46MB, paused 311us total 14.399ms
08-06 14:00:15.535 31433 31444 I art     : Starting a blocking GC Explicit
08-06 14:00:15.550 31433 31444 I art     : Explicit concurrent mark sweep GC freed 3(96B) AllocSpace objects, 0(0B) LOS objects, 34% free, 30MB/46MB, paused 315us total 14.449ms
08-06 14:00:15.864 31433 14621 I art     : Starting a blocking GC Explicit
08-06 14:00:15.883 31433 14621 I art     : Explicit concurrent mark sweep GC freed 1386(80KB) AllocSpace objects, 1(20KB) LOS objects, 34% free, 30MB/46MB, paused 352us total 18.716ms
08-06 14:00:15.895 31433 14621 I art     : Starting a blocking GC Explicit
08-06 14:00:15.909 31433 14621 I art     : Explicit concurrent mark sweep GC freed 20(704B) AllocSpace objects, 0(0B) LOS objects, 34% free, 30MB/46MB, paused 311us total 14.467ms
08-06 14:00:15.915 31433 14621 I art     : Starting a blocking GC Explicit
08-06 14:00:15.930 31433 14621 I art     : Explicit concurrent mark sweep GC freed 3(96B) AllocSpace objects, 0(0B) LOS objects, 34% free, 30MB/46MB, paused 295us total 14.410ms
08-06 14:00:15.936 31433 14621 I art     : Starting a blocking GC Explicit
08-06 14:00:15.951 31433 14621 I art     : Explicit concurrent mark sweep GC freed 3(96B) AllocSpace objects, 0(0B) LOS objects, 34% free, 30MB/46MB, paused 313us total 14.510ms
08-06 14:00:15.957 31433 14621 I art     : Starting a blocking GC Explicit
08-06 14:00:15.972 31433 14621 I art     : Explicit concurrent mark sweep GC freed 3(96B) AllocSpace objects, 0(0B) LOS objects, 34% free, 30MB/46MB, paused 309us total 14.304ms
08-06 14:00:16.297 31433 14620 I art     : Starting a blocking GC Explicit
08-06 14:00:16.316 31433 14620 I art     : Explicit concurrent mark sweep GC freed 1386(80KB) AllocSpace objects, 1(20KB) LOS objects, 34% free, 30MB/46MB, paused 379us total 18.919ms
08-06 14:00:16.325 31433 14620 I art     : Starting a blocking GC Explicit
08-06 14:00:16.340 31433 14620 I art     : Explicit concurrent mark sweep GC freed 20(704B) AllocSpace objects, 0(0B) LOS objects, 34% free, 30MB/46MB, paused 327us total 14.582ms
08-06 14:00:16.346 31433 14620 I art     : Starting a blocking GC Explicit
08-06 14:00:16.360 31433 14620 I art     : Explicit concurrent mark sweep GC freed 3(96B) AllocSpace objects, 0(0B) LOS objects, 34% free, 30MB/46MB, paused 329us total 14.320ms
08-06 14:00:16.367 31433 14620 I art     : Starting a blocking GC Explicit
08-06 14:00:16.381 31433 14620 I art     : Explicit concurrent mark sweep GC freed 3(96B) AllocSpace objects, 0(0B) LOS objects, 34% free, 30MB/46MB, paused 344us total 14.403ms
08-06 14:00:16.388 31433 14620 I art     : Starting a blocking GC Explicit
08-06 14:00:16.407 31433 14620 I art     : Explicit concurrent mark sweep GC freed 3(96B) AllocSpace objects, 0(0B) LOS objects, 34% free, 30MB/46MB, paused 531us total 18.301ms
08-06 14:00:16.737 31433 31446 I art     : Starting a blocking GC Explicit
08-06 14:00:16.758 31433 31446 I art     : Explicit concurrent mark sweep GC freed 1386(80KB) AllocSpace objects, 1(20KB) LOS objects, 34% free, 30MB/46MB, paused 576us total 20.781ms
08-06 14:00:16.770 31433 31446 I art     : Starting a blocking GC Explicit
08-06 14:00:16.788 31433 31446 I art     : Explicit concurrent mark sweep GC freed 20(704B) AllocSpace objects, 0(0B) LOS objects, 34% free, 30MB/46MB, paused 431us total 18.233ms
08-06 14:00:16.796 31433 31446 I art     : Starting a blocking GC Explicit
08-06 14:00:16.814 31433 31446 I art     : Explicit concurrent mark sweep GC freed 3(96B) AllocSpace objects, 0(0B) LOS objects, 34% free, 30MB/46MB, paused 442us total 17.989ms
08-06 14:00:16.822 31433 31446 I art     : Starting a blocking GC Explicit
08-06 14:00:16.841 31433 31446 I art     : Explicit concurrent mark sweep GC freed 3(96B) AllocSpace objects, 0(0B) LOS objects, 34% free, 30MB/46MB, paused 445us total 18.233ms
08-06 14:00:16.849 31433 31446 I art     : Starting a blocking GC Explicit
08-06 14:00:16.867 31433 31446 I art     : Explicit concurrent mark sweep GC freed 3(96B) AllocSpace objects, 0(0B) LOS objects, 34% free, 30MB/46MB, paused 452us total 18.132ms
08-06 14:00:17.172 31433 31444 I art     : Starting a blocking GC Explicit
08-06 14:00:17.192 31433 31444 I art     : Explicit concurrent mark sweep GC freed 1386(80KB) AllocSpace objects, 1(20KB) LOS objects, 34% free, 30MB/46MB, paused 437us total 20.217ms
08-06 14:00:17.204 31433 31444 I art     : Starting a blocking GC Explicit
08-06 14:00:17.223 31433 31444 I art     : Explicit concurrent mark sweep GC freed 20(704B) AllocSpace objects, 0(0B) LOS objects, 34% free, 30MB/46MB, paused 427us total 18.489ms
08-06 14:00:17.231 31433 31444 I art     : Starting a blocking GC Explicit
08-06 14:00:17.249 31433 31444 I art     : Explicit concurrent mark sweep GC freed 3(96B) AllocSpace objects, 0(0B) LOS objects, 34% free, 30MB/46MB, paused 461us total 18.248ms
08-06 14:00:17.258 31433 31444 I art     : Starting a blocking GC Explicit
08-06 14:00:17.276 31433 31444 I art     : Explicit concurrent mark sweep GC freed 3(96B) AllocSpace objects, 0(0B) LOS objects, 34% free, 30MB/46MB, paused 430us total 18.189ms
08-06 14:00:17.284 31433 31444 I art     : Starting a blocking GC Explicit
08-06 14:00:17.303 31433 31444 I art     : Explicit concurrent mark sweep GC freed 3(96B) AllocSpace objects, 0(0B) LOS objects, 34% free, 30MB/46MB, paused 426us total 18.653ms
08-06 14:00:17.601 31433 14621 I art     : Starting a blocking GC Explicit
08-06 14:00:17.621 31433 14621 I art     : Explicit concurrent mark sweep GC freed 1386(80KB) AllocSpace objects, 1(20KB) LOS objects, 34% free, 30MB/46MB, paused 441us total 18.905ms
08-06 14:00:17.629 31433 14621 I art     : Starting a blocking GC Explicit
08-06 14:00:17.647 31433 14621 I art     : Explicit concurrent mark sweep GC freed 20(704B) AllocSpace objects, 0(0B) LOS objects, 34% free, 30MB/46MB, paused 459us total 18.102ms
08-06 14:00:17.655 31433 14621 I art     : Starting a blocking GC Explicit
08-06 14:00:17.674 31433 14621 I art     : Explicit concurrent mark sweep GC freed 3(96B) AllocSpace objects, 0(0B) LOS objects, 34% free, 30MB/46MB, paused 439us total 18.272ms
08-06 14:00:17.682 31433 14621 I art     : Starting a blocking GC Explicit
08-06 14:00:17.701 31433 14621 I art     : Explicit concurrent mark sweep GC freed 3(96B) AllocSpace objects, 0(0B) LOS objects, 34% free, 30MB/46MB, paused 454us total 18.580ms
08-06 14:00:17.709 31433 14621 I art     : Starting a blocking GC Explicit
08-06 14:00:17.727 31433 14621 I art     : Explicit concurrent mark sweep GC freed 3(96B) AllocSpace objects, 0(0B) LOS objects, 34% free, 30MB/46MB, paused 452us total 18.143ms
08-06 14:00:17.917 14885 14885 D AndroidRuntime: >>>>>> START com.android.internal.os.RuntimeInit uid 2000 <<<<<<
08-06 14:00:17.921 14885 14885 D AndroidRuntime: CheckJNI is OFF
08-06 14:00:17.954 14885 14885 D ICU     : No timezone override file found: /data/misc/zoneinfo/current/icu/icu_tzdata.dat
08-06 14:00:17.987 14885 14885 I Radio-JNI: register_android_hardware_Radio DONE
08-06 14:00:18.009 14885 14885 D AndroidRuntime: Calling main entry com.android.commands.input.Input
08-06 14:00:18.011 14885 14885 I Input   : injectMotionEvent: MotionEvent { action=ACTION_DOWN, actionButton=0, id[0]=0, x[0]=436.0, y[0]=453.0, toolType[0]=TOOL_TYPE_UNKNOWN, buttonState=0, metaState=0, flags=0x0, edgeFlags=0x0, pointerCount=1, historySize=0, eventTime=885634423, downTime=885634423, deviceId=0, source=0x1002 }
08-06 14:00:18.015 14885 14885 I Input   : injectMotionEvent: MotionEvent { action=ACTION_UP, actionButton=0, id[0]=0, x[0]=436.0, y[0]=453.0, toolType[0]=TOOL_TYPE_UNKNOWN, buttonState=0, metaState=0, flags=0x0, edgeFlags=0x0, pointerCount=1, historySize=0, eventTime=885634423, downTime=885634423, deviceId=0, source=0x1002 }
08-06 14:00:18.017 14885 14885 D AndroidRuntime: Shutting down VM
08-06 14:00:18.032 31433 14620 I art     : Starting a blocking GC Explicit
08-06 14:00:18.039   512  2967 D audio_hw_primary: out_set_parameters: enter: usecase(1: low-latency-playback) kvpairs: routing=2
08-06 14:00:18.039   918  3714 I ActivityManager: START u0 {cmp=baseline.com.newsblur/.activity.GlobalSharedStoriesReading (has extras)} from uid 10698 on display 0
08-06 14:00:18.052   512  2967 D audio_hw_primary: select_devices: out_snd_device(2: speaker) in_snd_device(0: none)
08-06 14:00:18.052   512  2967 D msm8974_platform: platform_send_audio_calibration: sending audio calibration for snd_device(2) acdb_id(15)
08-06 14:00:18.052   512  2967 I soundtrigger: audio_extn_sound_trigger_update_device_status: device 0x2 of type 0 for Event 1
08-06 14:00:18.054 31433 14620 I art     : Explicit concurrent mark sweep GC freed 1903(146KB) AllocSpace objects, 2(40KB) LOS objects, 34% free, 30MB/46MB, paused 961us total 21.680ms
08-06 14:00:18.062   512  2967 D audio_hw_primary: enable_snd_device: snd_device(2: speaker)
08-06 14:00:18.064   512  2967 D audio_hw_primary: enable_audio_route: apply and update mixer path: low-latency-playback speaker
08-06 14:00:18.064 31433 14620 I art     : Starting a blocking GC Explicit
08-06 14:00:18.082 31433 14620 I art     : Explicit concurrent mark sweep GC freed 223(28KB) AllocSpace objects, 1(20KB) LOS objects, 34% free, 30MB/46MB, paused 620us total 18.019ms
08-06 14:00:18.091 31433 14620 I art     : Starting a blocking GC Explicit
08-06 14:00:18.110 31433 14620 I art     : Explicit concurrent mark sweep GC freed 975(82KB) AllocSpace objects, 1(112KB) LOS objects, 33% free, 31MB/47MB, paused 1.222ms total 18.664ms
08-06 14:00:18.118 31433 14620 I art     : Starting a blocking GC Explicit
08-06 14:00:18.137 31433 14620 I art     : Explicit concurrent mark sweep GC freed 329(41KB) AllocSpace objects, 1(356KB) LOS objects, 33% free, 32MB/48MB, paused 530us total 18.782ms
08-06 14:00:18.145 31433 14620 I art     : Starting a blocking GC Explicit
08-06 14:00:18.163 31433 14620 I art     : Explicit concurrent mark sweep GC freed 115(5KB) AllocSpace objects, 0(0B) LOS objects, 33% free, 32MB/48MB, paused 475us total 17.858ms
08-06 14:00:18.282   918   936 I ActivityManager: Displayed baseline.com.newsblur/.activity.GlobalSharedStoriesReading: +235ms
08-06 14:00:18.283 13866 13866 I GoogleInputMethodServic: GoogleInputMethodService.onFinishInput():3138 
08-06 14:00:18.284 13866 13866 I GoogleInputMethodServic: GoogleInputMethodService.onStartInput():1808 
08-06 14:00:18.296 31433 31433 I WebViewFactory: Loading com.google.android.webview version 84.0.4147.89 (code 414708953)
08-06 14:00:18.383 31433 31433 I cr_LibraryLoader: Loaded native library version number "84.0.4147.89"
08-06 14:00:18.384 31433 31433 I cr_CachingUmaRecorder: Flushed 5 samples from 5 histograms.
08-06 14:00:18.422 31433 31433 E chromium: [ERROR:filesystem_posix.cc(62)] mkdir /data/user/0/baseline.com.newsblur/cache/WebView/Crashpad: No such file or directory (2)
08-06 14:00:18.422 31433 14620 I art     : Starting a blocking GC Explicit
08-06 14:00:18.447 31433 14620 I art     : Explicit concurrent mark sweep GC freed 7099(774KB) AllocSpace objects, 6(120KB) LOS objects, 31% free, 34MB/50MB, paused 611us total 25.133ms
08-06 14:00:18.457 31433 14620 I art     : Starting a blocking GC Explicit
08-06 14:00:18.482 31433 14620 I art     : Explicit concurrent mark sweep GC freed 907(40KB) AllocSpace objects, 0(0B) LOS objects, 31% free, 34MB/50MB, paused 1.643ms total 25.211ms
08-06 14:00:18.501 31433 14620 I art     : Starting a blocking GC Explicit
08-06 14:00:18.524 31433 14620 I art     : Explicit concurrent mark sweep GC freed 569(52KB) AllocSpace objects, 0(0B) LOS objects, 31% free, 34MB/50MB, paused 987us total 22.811ms
08-06 14:00:18.524   918  5481 D ConnectivityService: listenForNetwork for Listen from uid/pid:10698/31433 for NetworkRequest [ id=4030, legacyType=-1, [ Capabilities: INTERNET&NOT_RESTRICTED&TRUSTED] ]
08-06 14:00:18.532 31433 14620 I art     : Starting a blocking GC Explicit
08-06 14:00:18.538   918   918 I EntropyMixer: Added HW RNG output to entropy pool
08-06 14:00:18.538   918   918 I EntropyMixer: Writing entropy...
08-06 14:00:18.554 31433 14620 I art     : Explicit concurrent mark sweep GC freed 523(78KB) AllocSpace objects, 0(0B) LOS objects, 31% free, 35MB/51MB, paused 801us total 21.747ms
08-06 14:00:18.563 31433 14620 I art     : Starting a blocking GC Explicit
08-06 14:00:18.587 31433 14620 I art     : Explicit concurrent mark sweep GC freed 1335(95KB) AllocSpace objects, 1(20KB) LOS objects, 30% free, 36MB/52MB, paused 1.333ms total 24.047ms
08-06 14:00:18.609   512  2967 D audio_hw_primary: disable_audio_route: reset and update mixer path: low-latency-playback speaker
08-06 14:00:18.610   512  2967 D audio_hw_primary: disable_snd_device: snd_device(2: speaker)
08-06 14:00:18.618   512  2967 I soundtrigger: audio_extn_sound_trigger_update_device_status: device 0x2 of type 0 for Event 0
08-06 14:00:18.652 31433 14946 W cr_media: Requires BLUETOOTH permission
08-06 14:00:18.666 31433 14962 E libEGL  : validate_display:255 error 3008 (EGL_BAD_DISPLAY)
08-06 14:00:18.875 31433 31444 I art     : Starting a blocking GC Explicit
08-06 14:00:18.906 31433 31444 I art     : Explicit concurrent mark sweep GC freed 21954(1266KB) AllocSpace objects, 19(424KB) LOS objects, 30% free, 36MB/52MB, paused 1.729ms total 31.105ms
08-06 14:00:18.915 31433 31444 I art     : Starting a blocking GC Explicit
08-06 14:00:18.943 31433 31444 I art     : Explicit concurrent mark sweep GC freed 2367(102KB) AllocSpace objects, 2(56KB) LOS objects, 30% free, 36MB/52MB, paused 1.147ms total 26.919ms
08-06 14:00:18.952 31433 31444 I art     : Starting a blocking GC Explicit
08-06 14:00:18.976 31433 31444 I art     : Explicit concurrent mark sweep GC freed 969(35KB) AllocSpace objects, 0(0B) LOS objects, 30% free, 36MB/52MB, paused 906us total 23.858ms
08-06 14:00:18.984 31433 31444 I art     : Starting a blocking GC Explicit
08-06 14:00:19.009 31433 31444 I art     : Explicit concurrent mark sweep GC freed 2000(92KB) AllocSpace objects, 0(0B) LOS objects, 30% free, 36MB/52MB, paused 981us total 24.930ms
08-06 14:00:19.018 31433 31444 I art     : Starting a blocking GC Explicit
08-06 14:00:19.043 31433 31444 I art     : Explicit concurrent mark sweep GC freed 299(14KB) AllocSpace objects, 0(0B) LOS objects, 30% free, 36MB/52MB, paused 842us total 24.022ms
08-06 14:00:19.122 11982 12081 W FirebaseInstanceId: Token retrieval failed: SERVICE_NOT_AVAILABLE. Will retry token retrieval
08-06 14:00:19.194 31433 14975 E baseline.com.newsblur.network.APIResponse: Error (unexpected end of stream on https://www.newsblur.com/...) calling https://www.newsblur.com/reader/mark_story_hashes_as_read/
08-06 14:00:19.194 31433 14975 E baseline.com.newsblur.network.APIResponse: java.io.IOException: unexpected end of stream on https://www.newsblur.com/...
08-06 14:00:19.194 31433 14975 E baseline.com.newsblur.network.APIResponse: 	at okhttp3.internal.http1.Http1ExchangeCodec.readResponseHeaders(Http1ExchangeCodec.java:236)
08-06 14:00:19.194 31433 14975 E baseline.com.newsblur.network.APIResponse: 	at okhttp3.internal.connection.Exchange.readResponseHeaders(Exchange.java:115)
08-06 14:00:19.194 31433 14975 E baseline.com.newsblur.network.APIResponse: 	at okhttp3.internal.http.CallServerInterceptor.intercept(CallServerInterceptor.java:94)
08-06 14:00:19.194 31433 14975 E baseline.com.newsblur.network.APIResponse: 	at okhttp3.internal.http.RealInterceptorChain.proceed(RealInterceptorChain.java:142)
08-06 14:00:19.194 31433 14975 E baseline.com.newsblur.network.APIResponse: 	at okhttp3.internal.connection.ConnectInterceptor.intercept(ConnectInterceptor.java:43)
08-06 14:00:19.194 31433 14975 E baseline.com.newsblur.network.APIResponse: 	at okhttp3.internal.http.RealInterceptorChain.proceed(RealInterceptorChain.java:142)
08-06 14:00:19.194 31433 14975 E baseline.com.newsblur.network.APIResponse: 	at okhttp3.internal.http.RealInterceptorChain.proceed(RealInterceptorChain.java:117)
08-06 14:00:19.194 31433 14975 E baseline.com.newsblur.network.APIResponse: 	at okhttp3.internal.cache.CacheInterceptor.intercept(CacheInterceptor.java:94)
08-06 14:00:19.194 31433 14975 E baseline.com.newsblur.network.APIResponse: 	at okhttp3.internal.http.RealInterceptorChain.proceed(RealInterceptorChain.java:142)
08-06 14:00:19.194 31433 14975 E baseline.com.newsblur.network.APIResponse: 	at okhttp3.internal.http.RealInterceptorChain.proceed(RealInterceptorChain.java:117)
08-06 14:00:19.194 31433 14975 E baseline.com.newsblur.network.APIResponse: 	at okhttp3.internal.http.BridgeInterceptor.intercept(BridgeInterceptor.java:93)
08-06 14:00:19.194 31433 14975 E baseline.com.newsblur.network.APIResponse: 	at okhttp3.internal.http.RealInterceptorChain.proceed(RealInterceptorChain.java:142)
08-06 14:00:19.194 31433 14975 E baseline.com.newsblur.network.APIResponse: 	at okhttp3.internal.http.RetryAndFollowUpInterceptor.intercept(RetryAndFollowUpInterceptor.java:88)
08-06 14:00:19.194 31433 14975 E baseline.com.newsblur.network.APIResponse: 	at okhttp3.internal.http.RealInterceptorChain.proceed(RealInterceptorChain.java:142)
08-06 14:00:19.194 31433 14975 E baseline.com.newsblur.network.APIResponse: 	at okhttp3.internal.http.RealInterceptorChain.proceed(RealInterceptorChain.java:117)
08-06 14:00:19.194 31433 14975 E baseline.com.newsblur.network.APIResponse: 	at okhttp3.RealCall.getResponseWithInterceptorChain(RealCall.java:229)
08-06 14:00:19.194 31433 14975 E baseline.com.newsblur.network.APIResponse: 	at okhttp3.RealCall.execute(RealCall.java:81)
08-06 14:00:19.194 31433 14975 E baseline.com.newsblur.network.APIResponse: 	at baseline.com.newsblur.network.APIResponse.<init>(APIResponse.java:57)
08-06 14:00:19.194 31433 14975 E baseline.com.newsblur.network.APIResponse: 	at baseline.com.newsblur.network.APIResponse.<init>(APIResponse.java:43)
08-06 14:00:19.194 31433 14975 E baseline.com.newsblur.network.APIResponse: 	at baseline.com.newsblur.network.APIManager.post_single(APIManager.java:702)
08-06 14:00:19.194 31433 14975 E baseline.com.newsblur.network.APIResponse: 	at baseline.com.newsblur.network.APIManager.post(APIManager.java:675)
08-06 14:00:19.194 31433 14975 E baseline.com.newsblur.network.APIResponse: 	at baseline.com.newsblur.network.APIManager.post(APIManager.java:714)
08-06 14:00:19.194 31433 14975 E baseline.com.newsblur.network.APIResponse: 	at baseline.com.newsblur.network.APIManager.markStoryAsRead(APIManager.java:205)
08-06 14:00:19.194 31433 14975 E baseline.com.newsblur.network.APIResponse: 	at baseline.com.newsblur.util.ReadingAction.doRemote(ReadingAction.java:281)
08-06 14:00:19.194 31433 14975 E baseline.com.newsblur.network.APIResponse: 	at baseline.com.newsblur.service.NBSyncService.syncActions(NBSyncService.java:400)
08-06 14:00:19.194 31433 14975 E baseline.com.newsblur.network.APIResponse: 	at baseline.com.newsblur.service.NBSyncService.doSync(NBSyncService.java:298)
08-06 14:00:19.194 31433 14975 E baseline.com.newsblur.network.APIResponse: 	at baseline.com.newsblur.service.NBSyncService.access$100(NBSyncService.java:67)
08-06 14:00:19.194 31433 14975 E baseline.com.newsblur.network.APIResponse: 	at baseline.com.newsblur.service.NBSyncService$1.run(NBSyncService.java:188)
08-06 14:00:19.194 31433 14975 E baseline.com.newsblur.network.APIResponse: 	at java.util.concurrent.ThreadPoolExecutor.runWorker(ThreadPoolExecutor.java:1113)
08-06 14:00:19.194 31433 14975 E baseline.com.newsblur.network.APIResponse: 	at java.util.concurrent.ThreadPoolExecutor$Worker.run(ThreadPoolExecutor.java:588)
08-06 14:00:19.194 31433 14975 E baseline.com.newsblur.network.APIResponse: 	at java.lang.Thread.run(Thread.java:818)
08-06 14:00:19.194 31433 14975 E baseline.com.newsblur.network.APIResponse: Caused by: java.io.EOFException: \n not found: limit=0 content=
08-06 14:00:19.194 31433 14975 E baseline.com.newsblur.network.APIResponse: 	at okio.RealBufferedSource.readUtf8LineStrict(RealBufferedSource.java:240)
08-06 14:00:19.194 31433 14975 E baseline.com.newsblur.network.APIResponse: 	at okhttp3.internal.http1.Http1ExchangeCodec.readHeaderLine(Http1ExchangeCodec.java:242)
08-06 14:00:19.194 31433 14975 E baseline.com.newsblur.network.APIResponse: 	at okhttp3.internal.http1.Http1ExchangeCodec.readResponseHeaders(Http1ExchangeCodec.java:213)
08-06 14:00:19.194 31433 14975 E baseline.com.newsblur.network.APIResponse: 	... 30 more
08-06 14:00:19.195 31433 14975 I baseline.com.newsblur.network.APIManager: API call failed, pausing before retry number 1
08-06 14:00:19.356 31433 14621 I art     : Starting a blocking GC Explicit
08-06 14:00:19.385 31433 14621 I art     : Explicit concurrent mark sweep GC freed 4765(432KB) AllocSpace objects, 6(260KB) LOS objects, 30% free, 36MB/52MB, paused 848us total 28.743ms
08-06 14:00:19.395 31433 14621 I art     : Starting a blocking GC Explicit
08-06 14:00:19.423 31433 14621 I art     : Explicit concurrent mark sweep GC freed 1015(118KB) AllocSpace objects, 0(0B) LOS objects, 30% free, 36MB/52MB, paused 761us total 27.669ms
08-06 14:00:19.432 31433 14621 I art     : Starting a blocking GC Explicit
08-06 14:00:19.459 31433 14621 I art     : Explicit concurrent mark sweep GC freed 3(96B) AllocSpace objects, 0(0B) LOS objects, 30% free, 36MB/52MB, paused 763us total 26.540ms
08-06 14:00:19.468 31433 14621 I art     : Starting a blocking GC Explicit
08-06 14:00:19.495 31433 14621 I art     : Explicit concurrent mark sweep GC freed 3(96B) AllocSpace objects, 0(0B) LOS objects, 30% free, 36MB/52MB, paused 812us total 26.295ms
08-06 14:00:19.505 31433 14621 I art     : Starting a blocking GC Explicit
08-06 14:00:19.531 31433 14621 I art     : Explicit concurrent mark sweep GC freed 3(96B) AllocSpace objects, 0(0B) LOS objects, 30% free, 36MB/52MB, paused 820us total 26.248ms
08-06 14:00:19.865 31433 31446 I art     : Starting a blocking GC Explicit
08-06 14:00:19.898 31433 31446 I art     : Explicit concurrent mark sweep GC freed 1463(83KB) AllocSpace objects, 1(20KB) LOS objects, 30% free, 36MB/52MB, paused 971us total 32.205ms
08-06 14:00:19.910 31433 31446 I art     : Starting a blocking GC Explicit
08-06 14:00:19.940 31433 31446 I art     : Explicit concurrent mark sweep GC freed 32(1104B) AllocSpace objects, 0(0B) LOS objects, 30% free, 36MB/52MB, paused 1.474ms total 29.306ms
08-06 14:00:19.949 31433 31446 I art     : Starting a blocking GC Explicit
08-06 14:00:19.976 31433 31446 I art     : Explicit concurrent mark sweep GC freed 13(416B) AllocSpace objects, 0(0B) LOS objects, 30% free, 36MB/52MB, paused 752us total 26.898ms
08-06 14:00:19.986 31433 31446 I art     : Starting a blocking GC Explicit
08-06 14:00:20.013 31433 31446 I art     : Explicit concurrent mark sweep GC freed 12(384B) AllocSpace objects, 0(0B) LOS objects, 30% free, 36MB/52MB, paused 819us total 26.310ms
08-06 14:00:20.023 31433 31446 I art     : Starting a blocking GC Explicit
08-06 14:00:20.051 31433 31446 I art     : Explicit concurrent mark sweep GC freed 10(320B) AllocSpace objects, 0(0B) LOS objects, 30% free, 36MB/52MB, paused 888us total 28.344ms
08-06 14:00:20.383 31433 31444 I art     : Starting a blocking GC Explicit
08-06 14:00:20.415 31433 31444 I art     : Explicit concurrent mark sweep GC freed 1441(83KB) AllocSpace objects, 1(20KB) LOS objects, 30% free, 36MB/52MB, paused 863us total 32.302ms
08-06 14:00:20.427 31433 31444 I art     : Starting a blocking GC Explicit
08-06 14:00:20.460 31433 31444 I art     : Explicit concurrent mark sweep GC freed 22(784B) AllocSpace objects, 0(0B) LOS objects, 30% free, 36MB/52MB, paused 785us total 32.619ms
08-06 14:00:20.471 31433 31444 I art     : Starting a blocking GC Explicit
08-06 14:00:20.503 31433 31444 I art     : Explicit concurrent mark sweep GC freed 3(96B) AllocSpace objects, 0(0B) LOS objects, 30% free, 36MB/52MB, paused 917us total 31.154ms
08-06 14:00:20.515 31433 31444 I art     : Starting a blocking GC Explicit
08-06 14:00:20.547 31433 31444 I art     : Explicit concurrent mark sweep GC freed 3(96B) AllocSpace objects, 0(0B) LOS objects, 30% free, 36MB/52MB, paused 819us total 32.001ms
08-06 14:00:20.559 31433 31444 I art     : Starting a blocking GC Explicit
08-06 14:00:20.560 14376 14376 I ServiceManager: Waiting for service AtCmdFwd...
08-06 14:00:20.589 31433 31444 I art     : Explicit concurrent mark sweep GC freed 3(96B) AllocSpace objects, 0(0B) LOS objects, 30% free, 36MB/52MB, paused 1.070ms total 29.955ms
08-06 14:00:20.919 31433 14620 I art     : Starting a blocking GC Explicit
08-06 14:00:20.951 31433 14620 I art     : Explicit concurrent mark sweep GC freed 1606(91KB) AllocSpace objects, 1(20KB) LOS objects, 30% free, 36MB/52MB, paused 899us total 32.001ms
08-06 14:00:20.963 31433 14620 I art     : Starting a blocking GC Explicit
08-06 14:00:20.996 31433 14620 I art     : Explicit concurrent mark sweep GC freed 28(1040B) AllocSpace objects, 0(0B) LOS objects, 30% free, 36MB/52MB, paused 845us total 32.509ms
08-06 14:00:21.008 31433 14620 I art     : Starting a blocking GC Explicit
08-06 14:00:21.040 31433 14620 I art     : Explicit concurrent mark sweep GC freed 3(96B) AllocSpace objects, 0(0B) LOS objects, 30% free, 36MB/52MB, paused 1.036ms total 31.934ms
08-06 14:00:21.051 31433 14620 I art     : Starting a blocking GC Explicit
08-06 14:00:21.082 31433 14620 I art     : Explicit concurrent mark sweep GC freed 3(96B) AllocSpace objects, 0(0B) LOS objects, 30% free, 36MB/52MB, paused 869us total 31.459ms
08-06 14:00:21.095 31433 14620 I art     : Starting a blocking GC Explicit
08-06 14:00:21.127 31433 14620 I art     : Explicit concurrent mark sweep GC freed 3(96B) AllocSpace objects, 0(0B) LOS objects, 30% free, 36MB/52MB, paused 997us total 32.409ms
08-06 14:00:21.218 31433 14975 E baseline.com.newsblur.network.APIResponse: Error (unexpected end of stream on https://www.newsblur.com/...) calling https://www.newsblur.com/reader/mark_story_hashes_as_read/
08-06 14:00:21.218 31433 14975 E baseline.com.newsblur.network.APIResponse: java.io.IOException: unexpected end of stream on https://www.newsblur.com/...
08-06 14:00:21.218 31433 14975 E baseline.com.newsblur.network.APIResponse: 	at okhttp3.internal.http1.Http1ExchangeCodec.readResponseHeaders(Http1ExchangeCodec.java:236)
08-06 14:00:21.218 31433 14975 E baseline.com.newsblur.network.APIResponse: 	at okhttp3.internal.connection.Exchange.readResponseHeaders(Exchange.java:115)
08-06 14:00:21.218 31433 14975 E baseline.com.newsblur.network.APIResponse: 	at okhttp3.internal.http.CallServerInterceptor.intercept(CallServerInterceptor.java:94)
08-06 14:00:21.218 31433 14975 E baseline.com.newsblur.network.APIResponse: 	at okhttp3.internal.http.RealInterceptorChain.proceed(RealInterceptorChain.java:142)
08-06 14:00:21.218 31433 14975 E baseline.com.newsblur.network.APIResponse: 	at okhttp3.internal.connection.ConnectInterceptor.intercept(ConnectInterceptor.java:43)
08-06 14:00:21.218 31433 14975 E baseline.com.newsblur.network.APIResponse: 	at okhttp3.internal.http.RealInterceptorChain.proceed(RealInterceptorChain.java:142)
08-06 14:00:21.218 31433 14975 E baseline.com.newsblur.network.APIResponse: 	at okhttp3.internal.http.RealInterceptorChain.proceed(RealInterceptorChain.java:117)
08-06 14:00:21.218 31433 14975 E baseline.com.newsblur.network.APIResponse: 	at okhttp3.internal.cache.CacheInterceptor.intercept(CacheInterceptor.java:94)
08-06 14:00:21.218 31433 14975 E baseline.com.newsblur.network.APIResponse: 	at okhttp3.internal.http.RealInterceptorChain.proceed(RealInterceptorChain.java:142)
08-06 14:00:21.218 31433 14975 E baseline.com.newsblur.network.APIResponse: 	at okhttp3.internal.http.RealInterceptorChain.proceed(RealInterceptorChain.java:117)
08-06 14:00:21.218 31433 14975 E baseline.com.newsblur.network.APIResponse: 	at okhttp3.internal.http.BridgeInterceptor.intercept(BridgeInterceptor.java:93)
08-06 14:00:21.218 31433 14975 E baseline.com.newsblur.network.APIResponse: 	at okhttp3.internal.http.RealInterceptorChain.proceed(RealInterceptorChain.java:142)
08-06 14:00:21.218 31433 14975 E baseline.com.newsblur.network.APIResponse: 	at okhttp3.internal.http.RetryAndFollowUpInterceptor.intercept(RetryAndFollowUpInterceptor.java:88)
08-06 14:00:21.218 31433 14975 E baseline.com.newsblur.network.APIResponse: 	at okhttp3.internal.http.RealInterceptorChain.proceed(RealInterceptorChain.java:142)
08-06 14:00:21.218 31433 14975 E baseline.com.newsblur.network.APIResponse: 	at okhttp3.internal.http.RealInterceptorChain.proceed(RealInterceptorChain.java:117)
08-06 14:00:21.218 31433 14975 E baseline.com.newsblur.network.APIResponse: 	at okhttp3.RealCall.getResponseWithInterceptorChain(RealCall.java:229)
08-06 14:00:21.218 31433 14975 E baseline.com.newsblur.network.APIResponse: 	at okhttp3.RealCall.execute(RealCall.java:81)
08-06 14:00:21.218 31433 14975 E baseline.com.newsblur.network.APIResponse: 	at baseline.com.newsblur.network.APIResponse.<init>(APIResponse.java:57)
08-06 14:00:21.218 31433 14975 E baseline.com.newsblur.network.APIResponse: 	at baseline.com.newsblur.network.APIResponse.<init>(APIResponse.java:43)
08-06 14:00:21.218 31433 14975 E baseline.com.newsblur.network.APIResponse: 	at baseline.com.newsblur.network.APIManager.post_single(APIManager.java:702)
08-06 14:00:21.218 31433 14975 E baseline.com.newsblur.network.APIResponse: 	at baseline.com.newsblur.network.APIManager.post(APIManager.java:675)
08-06 14:00:21.218 31433 14975 E baseline.com.newsblur.network.APIResponse: 	at baseline.com.newsblur.network.APIManager.post(APIManager.java:714)
08-06 14:00:21.218 31433 14975 E baseline.com.newsblur.network.APIResponse: 	at baseline.com.newsblur.network.APIManager.markStoryAsRead(APIManager.java:205)
08-06 14:00:21.218 31433 14975 E baseline.com.newsblur.network.APIResponse: 	at baseline.com.newsblur.util.ReadingAction.doRemote(ReadingAction.java:281)
08-06 14:00:21.218 31433 14975 E baseline.com.newsblur.network.APIResponse: 	at baseline.com.newsblur.service.NBSyncService.syncActions(NBSyncService.java:400)
08-06 14:00:21.218 31433 14975 E baseline.com.newsblur.network.APIResponse: 	at baseline.com.newsblur.service.NBSyncService.doSync(NBSyncService.java:298)
08-06 14:00:21.218 31433 14975 E baseline.com.newsblur.network.APIResponse: 	at baseline.com.newsblur.service.NBSyncService.access$100(NBSyncService.java:67)
08-06 14:00:21.218 31433 14975 E baseline.com.newsblur.network.APIResponse: 	at baseline.com.newsblur.service.NBSyncService$1.run(NBSyncService.java:188)
08-06 14:00:21.218 31433 14975 E baseline.com.newsblur.network.APIResponse: 	at java.util.concurrent.ThreadPoolExecutor.runWorker(ThreadPoolExecutor.java:1113)
08-06 14:00:21.218 31433 14975 E baseline.com.newsblur.network.APIResponse: 	at java.util.concurrent.ThreadPoolExecutor$Worker.run(ThreadPoolExecutor.java:588)
08-06 14:00:21.218 31433 14975 E baseline.com.newsblur.network.APIResponse: 	at java.lang.Thread.run(Thread.java:818)
08-06 14:00:21.218 31433 14975 E baseline.com.newsblur.network.APIResponse: Caused by: java.io.EOFException: \n not found: limit=0 content=
08-06 14:00:21.218 31433 14975 E baseline.com.newsblur.network.APIResponse: 	at okio.RealBufferedSource.readUtf8LineStrict(RealBufferedSource.java:240)
08-06 14:00:21.218 31433 14975 E baseline.com.newsblur.network.APIResponse: 	at okhttp3.internal.http1.Http1ExchangeCodec.readHeaderLine(Http1ExchangeCodec.java:242)
08-06 14:00:21.218 31433 14975 E baseline.com.newsblur.network.APIResponse: 	at okhttp3.internal.http1.Http1ExchangeCodec.readResponseHeaders(Http1ExchangeCodec.java:213)
08-06 14:00:21.218 31433 14975 E baseline.com.newsblur.network.APIResponse: 	... 30 more
08-06 14:00:21.221 31433 14975 I baseline.com.newsblur.network.APIManager: API call failed, pausing before retry number 2
08-06 14:00:21.397   518   646 I ThermalEngine: ACTION: GPU - Setting GPU[0] to 450000000
08-06 14:00:21.470 31433 14620 I art     : Starting a blocking GC Explicit
08-06 14:00:21.511 31433 14620 I art     : Explicit concurrent mark sweep GC freed 3947(357KB) AllocSpace objects, 3(60KB) LOS objects, 30% free, 36MB/52MB, paused 1.201ms total 40.201ms
08-06 14:00:21.524 31433 14620 I art     : Starting a blocking GC Explicit
08-06 14:00:21.560 14376 14376 I ServiceManager: Waiting for service AtCmdFwd...
08-06 14:00:21.563 31433 14620 I art     : Explicit concurrent mark sweep GC freed 109(3KB) AllocSpace objects, 0(0B) LOS objects, 30% free, 36MB/52MB, paused 1.059ms total 38.510ms
08-06 14:00:21.577 31433 14620 I art     : Starting a blocking GC Explicit
08-06 14:00:21.615 31433 14620 I art     : Explicit concurrent mark sweep GC freed 3(96B) AllocSpace objects, 0(0B) LOS objects, 30% free, 36MB/52MB, paused 1.104ms total 37.859ms
08-06 14:00:21.629 31433 14620 I art     : Starting a blocking GC Explicit
08-06 14:00:21.667 31433 14620 I art     : Explicit concurrent mark sweep GC freed 3(96B) AllocSpace objects, 0(0B) LOS objects, 30% free, 36MB/52MB, paused 1.273ms total 37.761ms
08-06 14:00:21.682 31433 14620 I art     : Starting a blocking GC Explicit
08-06 14:00:21.720 31433 14620 I art     : Explicit concurrent mark sweep GC freed 3(96B) AllocSpace objects, 0(0B) LOS objects, 30% free, 36MB/52MB, paused 1.165ms total 37.863ms
08-06 14:00:22.085 31433 31444 I art     : Starting a blocking GC Explicit
08-06 14:00:22.128 31433 31444 I art     : Explicit concurrent mark sweep GC freed 1440(83KB) AllocSpace objects, 1(20KB) LOS objects, 30% free, 36MB/52MB, paused 1.439ms total 42.022ms
08-06 14:00:22.141 31433 31444 I art     : Starting a blocking GC Explicit
08-06 14:00:22.180 31433 31444 I art     : Explicit concurrent mark sweep GC freed 22(784B) AllocSpace objects, 0(0B) LOS objects, 30% free, 36MB/52MB, paused 1.069ms total 38.576ms
08-06 14:00:22.194 31433 31444 I art     : Starting a blocking GC Explicit
08-06 14:00:22.233 31433 31444 I art     : Explicit concurrent mark sweep GC freed 3(96B) AllocSpace objects, 0(0B) LOS objects, 30% free, 36MB/52MB, paused 1.126ms total 37.993ms
08-06 14:00:22.247 31433 31444 I art     : Starting a blocking GC Explicit
08-06 14:00:22.285 31433 31444 I art     : Explicit concurrent mark sweep GC freed 3(96B) AllocSpace objects, 0(0B) LOS objects, 30% free, 36MB/52MB, paused 1.103ms total 37.360ms
08-06 14:00:22.299 31433 31444 I art     : Starting a blocking GC Explicit
08-06 14:00:22.337 31433 31444 I art     : Explicit concurrent mark sweep GC freed 3(96B) AllocSpace objects, 0(0B) LOS objects, 30% free, 36MB/52MB, paused 1.229ms total 37.617ms
08-06 14:00:22.561 14376 14376 I ServiceManager: Waiting for service AtCmdFwd...
08-06 14:00:22.698 31433 14620 I art     : Starting a blocking GC Explicit
08-06 14:00:22.730 31433 14620 I art     : Explicit concurrent mark sweep GC freed 1439(83KB) AllocSpace objects, 1(20KB) LOS objects, 30% free, 36MB/52MB, paused 1.066ms total 31.542ms
08-06 14:00:22.742 31433 14620 I art     : Starting a blocking GC Explicit
08-06 14:00:22.776 31433 14620 I art     : Explicit concurrent mark sweep GC freed 22(784B) AllocSpace objects, 0(0B) LOS objects, 30% free, 36MB/52MB, paused 1.035ms total 33.200ms
08-06 14:00:22.788 31433 14620 I art     : Starting a blocking GC Explicit
08-06 14:00:22.822 31433 14620 I art     : Explicit concurrent mark sweep GC freed 6(208B) AllocSpace objects, 0(0B) LOS objects, 30% free, 36MB/52MB, paused 1.113ms total 33.547ms
08-06 14:00:22.833 31433 14620 I art     : Starting a blocking GC Explicit
08-06 14:00:22.865 31433 14620 I art     : Explicit concurrent mark sweep GC freed 3(96B) AllocSpace objects, 0(0B) LOS objects, 30% free, 36MB/52MB, paused 1.110ms total 31.614ms
08-06 14:00:22.877 31433 14620 I art     : Starting a blocking GC Explicit
08-06 14:00:22.910 31433 14620 I art     : Explicit concurrent mark sweep GC freed 3(96B) AllocSpace objects, 0(0B) LOS objects, 30% free, 36MB/52MB, paused 1.027ms total 32.679ms
08-06 14:00:23.267 31433 31446 I art     : Starting a blocking GC Explicit
08-06 14:00:23.306 31433 31446 I art     : Explicit concurrent mark sweep GC freed 1439(82KB) AllocSpace objects, 1(20KB) LOS objects, 30% free, 36MB/52MB, paused 1.164ms total 38.074ms
08-06 14:00:23.319 31433 31446 I art     : Starting a blocking GC Explicit
08-06 14:00:23.356 31433 31446 I art     : Explicit concurrent mark sweep GC freed 22(784B) AllocSpace objects, 0(0B) LOS objects, 30% free, 36MB/52MB, paused 1.127ms total 36.431ms
08-06 14:00:23.367 31433 31446 I art     : Starting a blocking GC Explicit
08-06 14:00:23.399 31433 31446 I art     : Explicit concurrent mark sweep GC freed 3(96B) AllocSpace objects, 0(0B) LOS objects, 30% free, 36MB/52MB, paused 1.182ms total 32.098ms
08-06 14:00:23.412 31433 31446 I art     : Starting a blocking GC Explicit
08-06 14:00:23.445 31433 31446 I art     : Explicit concurrent mark sweep GC freed 3(96B) AllocSpace objects, 0(0B) LOS objects, 30% free, 36MB/52MB, paused 1.053ms total 33.035ms
08-06 14:00:23.458 31433 31446 I art     : Starting a blocking GC Explicit
08-06 14:00:23.493 31433 31446 I art     : Explicit concurrent mark sweep GC freed 3(96B) AllocSpace objects, 0(0B) LOS objects, 30% free, 36MB/52MB, paused 1.038ms total 34.805ms
08-06 14:00:23.561 14376 14376 I ServiceManager: Waiting for service AtCmdFwd...
08-06 14:00:23.855 31433 14621 I art     : Starting a blocking GC Explicit
08-06 14:00:23.895 31433 14621 I art     : Explicit concurrent mark sweep GC freed 1438(82KB) AllocSpace objects, 1(20KB) LOS objects, 30% free, 36MB/52MB, paused 1.067ms total 39.550ms
08-06 14:00:23.909 31433 14621 I art     : Starting a blocking GC Explicit
08-06 14:00:23.943 31433 14621 I art     : Explicit concurrent mark sweep GC freed 22(784B) AllocSpace objects, 0(0B) LOS objects, 30% free, 36MB/52MB, paused 1.040ms total 33.903ms
08-06 14:00:23.955 31433 14621 I art     : Starting a blocking GC Explicit
08-06 14:00:23.991 31433 14621 I art     : Explicit concurrent mark sweep GC freed 3(96B) AllocSpace objects, 0(0B) LOS objects, 30% free, 36MB/52MB, paused 1.210ms total 36.058ms
08-06 14:00:24.003 31433 14621 I art     : Starting a blocking GC Explicit
08-06 14:00:24.037 31433 14621 I art     : Explicit concurrent mark sweep GC freed 3(96B) AllocSpace objects, 0(0B) LOS objects, 30% free, 36MB/52MB, paused 1.113ms total 33.442ms
08-06 14:00:24.049 31433 14621 I art     : Starting a blocking GC Explicit
08-06 14:00:24.082 31433 14621 I art     : Explicit concurrent mark sweep GC freed 3(96B) AllocSpace objects, 0(0B) LOS objects, 30% free, 36MB/52MB, paused 1.097ms total 33.448ms
08-06 14:00:24.437 31433 14620 I art     : Starting a blocking GC Explicit
08-06 14:00:24.467   918  1210 D NetlinkSocketObserver: NeighborEvent{elapsedMs=1869028342, 192.168.2.254, [7C3953A63323], RTM_NEWNEIGH, NUD_STALE}
08-06 14:00:24.478 31433 14620 I art     : Explicit concurrent mark sweep GC freed 1603(91KB) AllocSpace objects, 1(20KB) LOS objects, 30% free, 36MB/52MB, paused 1.561ms total 40.301ms
08-06 14:00:24.491 31433 14620 I art     : Starting a blocking GC Explicit
08-06 14:00:24.530 31433 14620 I art     : Explicit concurrent mark sweep GC freed 28(1040B) AllocSpace objects, 0(0B) LOS objects, 30% free, 36MB/52MB, paused 1.223ms total 38.915ms
08-06 14:00:24.542 31433 14620 I art     : Starting a blocking GC Explicit
08-06 14:00:24.562 14376 14376 I ServiceManager: Waiting for service AtCmdFwd...
08-06 14:00:24.576 31433 14620 I art     : Explicit concurrent mark sweep GC freed 3(96B) AllocSpace objects, 0(0B) LOS objects, 30% free, 36MB/52MB, paused 1.135ms total 34.132ms
08-06 14:00:24.588 31433 14620 I art     : Starting a blocking GC Explicit
08-06 14:00:24.622 31433 14620 I art     : Explicit concurrent mark sweep GC freed 3(96B) AllocSpace objects, 0(0B) LOS objects, 30% free, 36MB/52MB, paused 1.197ms total 33.206ms
08-06 14:00:24.634 31433 14620 I art     : Starting a blocking GC Explicit
08-06 14:00:24.667 31433 14620 I art     : Explicit concurrent mark sweep GC freed 3(96B) AllocSpace objects, 0(0B) LOS objects, 30% free, 36MB/52MB, paused 1.210ms total 33.028ms
08-06 14:00:24.828 31433 14975 E baseline.com.newsblur.network.APIResponse: Error (unexpected end of stream on https://www.newsblur.com/...) calling https://www.newsblur.com/reader/mark_story_hashes_as_read/
08-06 14:00:24.828 31433 14975 E baseline.com.newsblur.network.APIResponse: java.io.IOException: unexpected end of stream on https://www.newsblur.com/...
08-06 14:00:24.828 31433 14975 E baseline.com.newsblur.network.APIResponse: 	at okhttp3.internal.http1.Http1ExchangeCodec.readResponseHeaders(Http1ExchangeCodec.java:236)
08-06 14:00:24.828 31433 14975 E baseline.com.newsblur.network.APIResponse: 	at okhttp3.internal.connection.Exchange.readResponseHeaders(Exchange.java:115)
08-06 14:00:24.828 31433 14975 E baseline.com.newsblur.network.APIResponse: 	at okhttp3.internal.http.CallServerInterceptor.intercept(CallServerInterceptor.java:94)
08-06 14:00:24.828 31433 14975 E baseline.com.newsblur.network.APIResponse: 	at okhttp3.internal.http.RealInterceptorChain.proceed(RealInterceptorChain.java:142)
08-06 14:00:24.828 31433 14975 E baseline.com.newsblur.network.APIResponse: 	at okhttp3.internal.connection.ConnectInterceptor.intercept(ConnectInterceptor.java:43)
08-06 14:00:24.828 31433 14975 E baseline.com.newsblur.network.APIResponse: 	at okhttp3.internal.http.RealInterceptorChain.proceed(RealInterceptorChain.java:142)
08-06 14:00:24.828 31433 14975 E baseline.com.newsblur.network.APIResponse: 	at okhttp3.internal.http.RealInterceptorChain.proceed(RealInterceptorChain.java:117)
08-06 14:00:24.828 31433 14975 E baseline.com.newsblur.network.APIResponse: 	at okhttp3.internal.cache.CacheInterceptor.intercept(CacheInterceptor.java:94)
08-06 14:00:24.828 31433 14975 E baseline.com.newsblur.network.APIResponse: 	at okhttp3.internal.http.RealInterceptorChain.proceed(RealInterceptorChain.java:142)
08-06 14:00:24.828 31433 14975 E baseline.com.newsblur.network.APIResponse: 	at okhttp3.internal.http.RealInterceptorChain.proceed(RealInterceptorChain.java:117)
08-06 14:00:24.828 31433 14975 E baseline.com.newsblur.network.APIResponse: 	at okhttp3.internal.http.BridgeInterceptor.intercept(BridgeInterceptor.java:93)
08-06 14:00:24.828 31433 14975 E baseline.com.newsblur.network.APIResponse: 	at okhttp3.internal.http.RealInterceptorChain.proceed(RealInterceptorChain.java:142)
08-06 14:00:24.828 31433 14975 E baseline.com.newsblur.network.APIResponse: 	at okhttp3.internal.http.RetryAndFollowUpInterceptor.intercept(RetryAndFollowUpInterceptor.java:88)
08-06 14:00:24.828 31433 14975 E baseline.com.newsblur.network.APIResponse: 	at okhttp3.internal.http.RealInterceptorChain.proceed(RealInterceptorChain.java:142)
08-06 14:00:24.828 31433 14975 E baseline.com.newsblur.network.APIResponse: 	at okhttp3.internal.http.RealInterceptorChain.proceed(RealInterceptorChain.java:117)
08-06 14:00:24.828 31433 14975 E baseline.com.newsblur.network.APIResponse: 	at okhttp3.RealCall.getResponseWithInterceptorChain(RealCall.java:229)
08-06 14:00:24.828 31433 14975 E baseline.com.newsblur.network.APIResponse: 	at okhttp3.RealCall.execute(RealCall.java:81)
08-06 14:00:24.828 31433 14975 E baseline.com.newsblur.network.APIResponse: 	at baseline.com.newsblur.network.APIResponse.<init>(APIResponse.java:57)
08-06 14:00:24.828 31433 14975 E baseline.com.newsblur.network.APIResponse: 	at baseline.com.newsblur.network.APIResponse.<init>(APIResponse.java:43)
08-06 14:00:24.828 31433 14975 E baseline.com.newsblur.network.APIResponse: 	at baseline.com.newsblur.network.APIManager.post_single(APIManager.java:702)
08-06 14:00:24.828 31433 14975 E baseline.com.newsblur.network.APIResponse: 	at baseline.com.newsblur.network.APIManager.post(APIManager.java:675)
08-06 14:00:24.828 31433 14975 E baseline.com.newsblur.network.APIResponse: 	at baseline.com.newsblur.network.APIManager.post(APIManager.java:714)
08-06 14:00:24.828 31433 14975 E baseline.com.newsblur.network.APIResponse: 	at baseline.com.newsblur.network.APIManager.markStoryAsRead(APIManager.java:205)
08-06 14:00:24.828 31433 14975 E baseline.com.newsblur.network.APIResponse: 	at baseline.com.newsblur.util.ReadingAction.doRemote(ReadingAction.java:281)
08-06 14:00:24.828 31433 14975 E baseline.com.newsblur.network.APIResponse: 	at baseline.com.newsblur.service.NBSyncService.syncActions(NBSyncService.java:400)
08-06 14:00:24.828 31433 14975 E baseline.com.newsblur.network.APIResponse: 	at baseline.com.newsblur.service.NBSyncService.doSync(NBSyncService.java:298)
08-06 14:00:24.828 31433 14975 E baseline.com.newsblur.network.APIResponse: 	at baseline.com.newsblur.service.NBSyncService.access$100(NBSyncService.java:67)
08-06 14:00:24.828 31433 14975 E baseline.com.newsblur.network.APIResponse: 	at baseline.com.newsblur.service.NBSyncService$1.run(NBSyncService.java:188)
08-06 14:00:24.828 31433 14975 E baseline.com.newsblur.network.APIResponse: 	at java.util.concurrent.ThreadPoolExecutor.runWorker(ThreadPoolExecutor.java:1113)
08-06 14:00:24.828 31433 14975 E baseline.com.newsblur.network.APIResponse: 	at java.util.concurrent.ThreadPoolExecutor$Worker.run(ThreadPoolExecutor.java:588)
08-06 14:00:24.828 31433 14975 E baseline.com.newsblur.network.APIResponse: 	at java.lang.Thread.run(Thread.java:818)
08-06 14:00:24.828 31433 14975 E baseline.com.newsblur.network.APIResponse: Caused by: java.io.EOFException: \n not found: limit=0 content=
08-06 14:00:24.828 31433 14975 E baseline.com.newsblur.network.APIResponse: 	at okio.RealBufferedSource.readUtf8LineStrict(RealBufferedSource.java:240)
08-06 14:00:24.828 31433 14975 E baseline.com.newsblur.network.APIResponse: 	at okhttp3.internal.http1.Http1ExchangeCodec.readHeaderLine(Http1ExchangeCodec.java:242)
08-06 14:00:24.828 31433 14975 E baseline.com.newsblur.network.APIResponse: 	at okhttp3.internal.http1.Http1ExchangeCodec.readResponseHeaders(Http1ExchangeCodec.java:213)
08-06 14:00:24.828 31433 14975 E baseline.com.newsblur.network.APIResponse: 	... 30 more
08-06 14:00:24.829 31433 14975 I baseline.com.newsblur.service.NBSyncService: Holding reading action with server-side or network error.
08-06 14:00:24.855 31433 14975 W baseline.com.newsblur.service.NBSyncService: hard API failure
08-06 14:00:25.017 31433 31446 I art     : Starting a blocking GC Explicit
08-06 14:00:25.055 31433 31446 I art     : Explicit concurrent mark sweep GC freed 4915(564KB) AllocSpace objects, 16(320KB) LOS objects, 30% free, 36MB/52MB, paused 1.066ms total 37.445ms
08-06 14:00:25.070 31433 31446 I art     : Starting a blocking GC Explicit
08-06 14:00:25.106 31433 31446 I art     : Explicit concurrent mark sweep GC freed 607(22KB) AllocSpace objects, 0(0B) LOS objects, 30% free, 36MB/52MB, paused 1.032ms total 35.830ms
08-06 14:00:25.118 31433 31446 I art     : Starting a blocking GC Explicit
08-06 14:00:25.154 31433 31446 I art     : Explicit concurrent mark sweep GC freed 3(96B) AllocSpace objects, 0(0B) LOS objects, 30% free, 36MB/52MB, paused 1.110ms total 35.650ms
08-06 14:00:25.166 31433 31446 I art     : Starting a blocking GC Explicit
08-06 14:00:25.203 31433 31446 I art     : Explicit concurrent mark sweep GC freed 3(96B) AllocSpace objects, 0(0B) LOS objects, 30% free, 36MB/52MB, paused 1.081ms total 36.607ms
08-06 14:00:25.215 31433 31446 I art     : Starting a blocking GC Explicit
08-06 14:00:25.250 31433 31446 I art     : Explicit concurrent mark sweep GC freed 3(96B) AllocSpace objects, 0(0B) LOS objects, 30% free, 36MB/52MB, paused 1.063ms total 34.684ms
08-06 14:00:25.410   518   646 I ThermalEngine: ACTION: GPU - Setting GPU[0] to 390000000
08-06 14:00:25.562 14376 14376 W Atfwd_Sendcmd: AtCmdFwd service not published, waiting... retryCnt : 3
08-06 14:00:25.630 31433 14621 I art     : Starting a blocking GC Explicit
08-06 14:00:25.674 31433 14621 I art     : Explicit concurrent mark sweep GC freed 1400(80KB) AllocSpace objects, 1(20KB) LOS objects, 30% free, 36MB/52MB, paused 1.580ms total 44.119ms
08-06 14:00:25.692 31433 14621 I art     : Starting a blocking GC Explicit
08-06 14:00:25.735 31433 14621 I art     : Explicit concurrent mark sweep GC freed 20(704B) AllocSpace objects, 0(0B) LOS objects, 30% free, 36MB/52MB, paused 1.542ms total 42.471ms
08-06 14:00:25.753 31433 14621 I art     : Starting a blocking GC Explicit
08-06 14:00:25.797 31433 14621 I art     : Explicit concurrent mark sweep GC freed 3(96B) AllocSpace objects, 0(0B) LOS objects, 30% free, 36MB/52MB, paused 1.822ms total 43.682ms
08-06 14:00:25.815 31433 14621 I art     : Starting a blocking GC Explicit
08-06 14:00:25.859 31433 14621 I art     : Explicit concurrent mark sweep GC freed 3(96B) AllocSpace objects, 0(0B) LOS objects, 30% free, 36MB/52MB, paused 1.755ms total 43.611ms
08-06 14:00:25.877 31433 14621 I art     : Starting a blocking GC Explicit
08-06 14:00:25.921 31433 14621 I art     : Explicit concurrent mark sweep GC freed 3(96B) AllocSpace objects, 0(0B) LOS objects, 30% free, 36MB/52MB, paused 1.689ms total 43.407ms
08-06 14:00:26.324 31433 31444 I art     : Starting a blocking GC Explicit
08-06 14:00:26.369 31433 31444 I art     : Explicit concurrent mark sweep GC freed 1398(80KB) AllocSpace objects, 1(20KB) LOS objects, 30% free, 36MB/52MB, paused 1.784ms total 44.424ms
08-06 14:00:26.387 31433 31444 I art     : Starting a blocking GC Explicit
08-06 14:00:26.408   518   646 I ThermalEngine: ACTION: GPU - Setting GPU[0] to 450000000
08-06 14:00:26.427 31433 31444 I art     : Explicit concurrent mark sweep GC freed 20(704B) AllocSpace objects, 0(0B) LOS objects, 30% free, 36MB/52MB, paused 1.078ms total 38.921ms
08-06 14:00:26.439 31433 31444 I art     : Starting a blocking GC Explicit
08-06 14:00:26.474 31433 31444 I art     : Explicit concurrent mark sweep GC freed 3(96B) AllocSpace objects, 0(0B) LOS objects, 30% free, 36MB/52MB, paused 1.131ms total 34.758ms
08-06 14:00:26.486 31433 31444 I art     : Starting a blocking GC Explicit
08-06 14:00:26.521 31433 31444 I art     : Explicit concurrent mark sweep GC freed 3(96B) AllocSpace objects, 0(0B) LOS objects, 30% free, 36MB/52MB, paused 1.121ms total 34.724ms
08-06 14:00:26.521 31433 31443 I art     : WaitForGcToComplete blocked for 10.533ms for cause HeapTrim
08-06 14:00:26.533 31433 31444 I art     : Starting a blocking GC Explicit
08-06 14:00:26.567 31433 31444 I art     : Explicit concurrent mark sweep GC freed 3(96B) AllocSpace objects, 0(0B) LOS objects, 30% free, 36MB/52MB, paused 1.176ms total 33.765ms
08-06 14:00:26.937 31433 14620 I art     : Starting a blocking GC Explicit
08-06 14:00:26.972 31433 14620 I art     : Explicit concurrent mark sweep GC freed 1398(80KB) AllocSpace objects, 1(20KB) LOS objects, 30% free, 36MB/52MB, paused 1.018ms total 34.590ms
08-06 14:00:26.983 31433 14620 I art     : Starting a blocking GC Explicit
08-06 14:00:27.016 31433 14620 I art     : Explicit concurrent mark sweep GC freed 20(704B) AllocSpace objects, 0(0B) LOS objects, 30% free, 36MB/52MB, paused 1.040ms total 32.706ms
08-06 14:00:27.028 31433 14620 I art     : Starting a blocking GC Explicit
08-06 14:00:27.064 31433 14620 I art     : Explicit concurrent mark sweep GC freed 3(96B) AllocSpace objects, 0(0B) LOS objects, 30% free, 36MB/52MB, paused 1.127ms total 35.928ms
08-06 14:00:27.076 31433 14620 I art     : Starting a blocking GC Explicit
08-06 14:00:27.113 31433 14620 I art     : Explicit concurrent mark sweep GC freed 3(96B) AllocSpace objects, 0(0B) LOS objects, 30% free, 36MB/52MB, paused 1.114ms total 36.424ms
08-06 14:00:27.125 31433 14620 I art     : Starting a blocking GC Explicit
08-06 14:00:27.160 31433 14620 I art     : Explicit concurrent mark sweep GC freed 3(96B) AllocSpace objects, 0(0B) LOS objects, 30% free, 36MB/52MB, paused 1.130ms total 35.069ms
08-06 14:00:27.513 31433 31446 I art     : Starting a blocking GC Explicit
08-06 14:00:27.552 31433 31446 I art     : Explicit concurrent mark sweep GC freed 1398(80KB) AllocSpace objects, 1(20KB) LOS objects, 30% free, 36MB/52MB, paused 1.118ms total 38.789ms
08-06 14:00:27.566 31433 31446 I art     : Starting a blocking GC Explicit
08-06 14:00:27.602 31433 31446 I art     : Explicit concurrent mark sweep GC freed 20(704B) AllocSpace objects, 0(0B) LOS objects, 30% free, 36MB/52MB, paused 1.109ms total 35.879ms
08-06 14:00:27.614 31433 31446 I art     : Starting a blocking GC Explicit
08-06 14:00:27.647 31433 31446 I art     : Explicit concurrent mark sweep GC freed 3(96B) AllocSpace objects, 0(0B) LOS objects, 30% free, 36MB/52MB, paused 1.136ms total 33.510ms
08-06 14:00:27.660 31433 31446 I art     : Starting a blocking GC Explicit
08-06 14:00:27.696 31433 31446 I art     : Explicit concurrent mark sweep GC freed 3(96B) AllocSpace objects, 0(0B) LOS objects, 30% free, 36MB/52MB, paused 1.165ms total 36.423ms
08-06 14:00:27.708 31433 31446 I art     : Starting a blocking GC Explicit
08-06 14:00:27.745 31433 31446 I art     : Explicit concurrent mark sweep GC freed 3(96B) AllocSpace objects, 0(0B) LOS objects, 30% free, 36MB/52MB, paused 1.129ms total 35.932ms
08-06 14:00:28.125 31433 14621 I art     : Starting a blocking GC Explicit
08-06 14:00:28.163 31433 14621 I art     : Explicit concurrent mark sweep GC freed 1398(80KB) AllocSpace objects, 1(20KB) LOS objects, 30% free, 36MB/52MB, paused 1.091ms total 36.792ms
08-06 14:00:28.175 31433 14621 I art     : Starting a blocking GC Explicit
08-06 14:00:28.212 31433 14621 I art     : Explicit concurrent mark sweep GC freed 20(704B) AllocSpace objects, 0(0B) LOS objects, 30% free, 36MB/52MB, paused 1.170ms total 37.222ms
08-06 14:00:28.225 31433 14621 I art     : Starting a blocking GC Explicit
08-06 14:00:28.262 31433 14621 I art     : Explicit concurrent mark sweep GC freed 3(96B) AllocSpace objects, 0(0B) LOS objects, 30% free, 36MB/52MB, paused 1.094ms total 37.022ms
08-06 14:00:28.274 31433 14621 I art     : Starting a blocking GC Explicit
08-06 14:00:28.312 31433 14621 I art     : Explicit concurrent mark sweep GC freed 3(96B) AllocSpace objects, 0(0B) LOS objects, 30% free, 36MB/52MB, paused 1.160ms total 38.162ms
08-06 14:00:28.325 31433 14621 I art     : Starting a blocking GC Explicit
08-06 14:00:28.363 31433 14621 I art     : Explicit concurrent mark sweep GC freed 3(96B) AllocSpace objects, 0(0B) LOS objects, 30% free, 36MB/52MB, paused 1.178ms total 37.919ms
08-06 14:00:28.722 31433 31444 I art     : Starting a blocking GC Explicit
08-06 14:00:28.761 31433 31444 I art     : Explicit concurrent mark sweep GC freed 1417(81KB) AllocSpace objects, 1(20KB) LOS objects, 30% free, 36MB/52MB, paused 1.078ms total 38.878ms
08-06 14:00:28.773 31433 31444 I art     : Starting a blocking GC Explicit
08-06 14:00:28.811 31433 31444 I art     : Explicit concurrent mark sweep GC freed 26(928B) AllocSpace objects, 0(0B) LOS objects, 30% free, 36MB/52MB, paused 1.109ms total 37.290ms
08-06 14:00:28.823 31433 31444 I art     : Starting a blocking GC Explicit
08-06 14:00:28.861 31433 31444 I art     : Explicit concurrent mark sweep GC freed 3(96B) AllocSpace objects, 0(0B) LOS objects, 30% free, 36MB/52MB, paused 1.088ms total 37.085ms
08-06 14:00:28.873 31433 31444 I art     : Starting a blocking GC Explicit
08-06 14:00:28.910 31433 31444 I art     : Explicit concurrent mark sweep GC freed 3(96B) AllocSpace objects, 0(0B) LOS objects, 30% free, 36MB/52MB, paused 1.159ms total 36.587ms
08-06 14:00:28.922 31433 31444 I art     : Starting a blocking GC Explicit
08-06 14:00:28.960 31433 31444 I art     : Explicit concurrent mark sweep GC freed 3(96B) AllocSpace objects, 0(0B) LOS objects, 30% free, 36MB/52MB, paused 1.146ms total 37.659ms
08-06 14:00:29.318 31433 14620 I art     : Starting a blocking GC Explicit
08-06 14:00:29.356 31433 14620 I art     : Explicit concurrent mark sweep GC freed 1398(80KB) AllocSpace objects, 1(20KB) LOS objects, 30% free, 36MB/52MB, paused 1.114ms total 37.552ms
08-06 14:00:29.370 31433 14620 I art     : Starting a blocking GC Explicit
08-06 14:00:29.407 31433 14620 I art     : Explicit concurrent mark sweep GC freed 20(704B) AllocSpace objects, 0(0B) LOS objects, 30% free, 36MB/52MB, paused 1.121ms total 36.570ms
08-06 14:00:29.419 31433 14620 I art     : Starting a blocking GC Explicit
08-06 14:00:29.455 31433 14620 I art     : Explicit concurrent mark sweep GC freed 3(96B) AllocSpace objects, 0(0B) LOS objects, 30% free, 36MB/52MB, paused 1.120ms total 35.744ms
08-06 14:00:29.467 31433 14620 I art     : Starting a blocking GC Explicit
08-06 14:00:29.503 31433 14620 I art     : Explicit concurrent mark sweep GC freed 3(96B) AllocSpace objects, 0(0B) LOS objects, 30% free, 36MB/52MB, paused 1.106ms total 35.524ms
08-06 14:00:29.515 31433 14620 I art     : Starting a blocking GC Explicit
08-06 14:00:29.551 31433 14620 I art     : Explicit concurrent mark sweep GC freed 3(96B) AllocSpace objects, 0(0B) LOS objects, 30% free, 36MB/52MB, paused 1.148ms total 35.901ms
08-06 14:00:29.900 31433 31446 I art     : Starting a blocking GC Explicit
08-06 14:00:29.940 31433 31446 I art     : Explicit concurrent mark sweep GC freed 1398(80KB) AllocSpace objects, 1(20KB) LOS objects, 30% free, 36MB/52MB, paused 1.219ms total 39.126ms
08-06 14:00:29.955 31433 31446 I art     : Starting a blocking GC Explicit
08-06 14:00:29.990 31433 31446 I art     : Explicit concurrent mark sweep GC freed 20(704B) AllocSpace objects, 0(0B) LOS objects, 30% free, 36MB/52MB, paused 1.134ms total 34.575ms
08-06 14:00:30.001 31433 31446 I art     : Starting a blocking GC Explicit
08-06 14:00:30.037 31433 31446 I art     : Explicit concurrent mark sweep GC freed 3(96B) AllocSpace objects, 0(0B) LOS objects, 30% free, 36MB/52MB, paused 1.236ms total 35.623ms
08-06 14:00:30.049 31433 31446 I art     : Starting a blocking GC Explicit
08-06 14:00:30.086 31433 31446 I art     : Explicit concurrent mark sweep GC freed 3(96B) AllocSpace objects, 0(0B) LOS objects, 30% free, 36MB/52MB, paused 1.076ms total 36.072ms
08-06 14:00:30.098 31433 31446 I art     : Starting a blocking GC Explicit
08-06 14:00:30.134 31433 31446 I art     : Explicit concurrent mark sweep GC freed 3(96B) AllocSpace objects, 0(0B) LOS objects, 30% free, 36MB/52MB, paused 1.073ms total 36.176ms
08-06 14:00:30.414   518   646 I ThermalEngine: ACTION: GPU - Setting GPU[0] to 510000000
08-06 14:00:30.466 31433 14621 I art     : Starting a blocking GC Explicit
08-06 14:00:30.495 31433 14621 I art     : Explicit concurrent mark sweep GC freed 1398(80KB) AllocSpace objects, 1(20KB) LOS objects, 30% free, 36MB/52MB, paused 838us total 28.722ms
08-06 14:00:30.504 31433 14621 I art     : Starting a blocking GC Explicit
08-06 14:00:30.531 31433 14621 I art     : Explicit concurrent mark sweep GC freed 20(704B) AllocSpace objects, 0(0B) LOS objects, 30% free, 36MB/52MB, paused 839us total 26.812ms
08-06 14:00:30.540 31433 14621 I art     : Starting a blocking GC Explicit
08-06 14:00:30.567 31433 14621 I art     : Explicit concurrent mark sweep GC freed 3(96B) AllocSpace objects, 0(0B) LOS objects, 30% free, 36MB/52MB, paused 879us total 26.312ms
08-06 14:00:30.576 31433 14621 I art     : Starting a blocking GC Explicit
08-06 14:00:30.602 31433 14621 I art     : Explicit concurrent mark sweep GC freed 3(96B) AllocSpace objects, 0(0B) LOS objects, 30% free, 36MB/52MB, paused 841us total 26.331ms
08-06 14:00:30.612 31433 14621 I art     : Starting a blocking GC Explicit
08-06 14:00:30.639 31433 14621 I art     : Explicit concurrent mark sweep GC freed 3(96B) AllocSpace objects, 0(0B) LOS objects, 30% free, 36MB/52MB, paused 827us total 26.927ms
08-06 14:00:30.745 15205 15205 D AndroidRuntime: >>>>>> START com.android.internal.os.RuntimeInit uid 2000 <<<<<<
08-06 14:00:30.750 15205 15205 D AndroidRuntime: CheckJNI is OFF
08-06 14:00:30.784 15205 15205 D ICU     : No timezone override file found: /data/misc/zoneinfo/current/icu/icu_tzdata.dat
08-06 14:00:30.824 15205 15205 I Radio-JNI: register_android_hardware_Radio DONE
08-06 14:00:30.846 15205 15205 D AndroidRuntime: Calling main entry com.android.commands.input.Input
08-06 14:00:30.848 15205 15205 I Input   : injectKeyEvent: KeyEvent { action=ACTION_DOWN, keyCode=KEYCODE_BACK, scanCode=0, metaState=0, flags=0x0, repeatCount=0, eventTime=885647261, downTime=885647261, deviceId=-1, source=0x101 }
08-06 14:00:30.854 15205 15205 I Input   : injectKeyEvent: KeyEvent { action=ACTION_UP, keyCode=KEYCODE_BACK, scanCode=0, metaState=0, flags=0x0, repeatCount=0, eventTime=885647261, downTime=885647261, deviceId=-1, source=0x101 }
08-06 14:00:30.861 15205 15205 D AndroidRuntime: Shutting down VM
08-06 14:00:30.946 31433 31444 I art     : Starting a blocking GC Explicit
08-06 14:00:30.972 31433 31444 I art     : Explicit concurrent mark sweep GC freed 2307(167KB) AllocSpace objects, 4(80KB) LOS objects, 30% free, 36MB/52MB, paused 1.235ms total 26.481ms
08-06 14:00:30.974 13866 13866 I GoogleInputMethodServic: GoogleInputMethodService.onFinishInput():3138 
08-06 14:00:30.975 13866 13866 I GoogleInputMethodServic: GoogleInputMethodService.onStartInput():1808 
08-06 14:00:30.981 31433 31444 I art     : Starting a blocking GC Explicit
08-06 14:00:31.013 31433 31444 I art     : Explicit concurrent mark sweep GC freed 1824(162KB) AllocSpace objects, 5(100KB) LOS objects, 30% free, 36MB/52MB, paused 901us total 31.335ms
08-06 14:00:31.022 31433 31444 I art     : Starting a blocking GC Explicit
08-06 14:00:31.048 31433 31444 I art     : Explicit concurrent mark sweep GC freed 604(40KB) AllocSpace objects, 1(20KB) LOS objects, 30% free, 36MB/52MB, paused 1.178ms total 25.603ms
08-06 14:00:31.057 31433 31444 I art     : Starting a blocking GC Explicit
08-06 14:00:31.081 31433 31444 I art     : Explicit concurrent mark sweep GC freed 34(1392B) AllocSpace objects, 1(28KB) LOS objects, 30% free, 36MB/52MB, paused 910us total 23.964ms
08-06 14:00:31.090 31433 31444 I art     : Starting a blocking GC Explicit
08-06 14:00:31.114 31433 31444 I art     : Explicit concurrent mark sweep GC freed 17(752B) AllocSpace objects, 0(0B) LOS objects, 30% free, 36MB/52MB, paused 876us total 24.082ms
08-06 14:00:31.396 31433 14620 I art     : Starting a blocking GC Explicit
08-06 14:00:31.425 31433 14620 I art     : Explicit concurrent mark sweep GC freed 2794(149KB) AllocSpace objects, 1(20KB) LOS objects, 30% free, 36MB/52MB, paused 930us total 28.430ms
08-06 14:00:31.435 31433 14620 I art     : Starting a blocking GC Explicit
08-06 14:00:31.466 31433 14620 I art     : Explicit concurrent mark sweep GC freed 154(7KB) AllocSpace objects, 0(0B) LOS objects, 30% free, 36MB/52MB, paused 974us total 31.317ms
08-06 14:00:31.478 31433 14620 I art     : Starting a blocking GC Explicit
08-06 14:00:31.510 31433 14620 I art     : Explicit concurrent mark sweep GC freed 7(224B) AllocSpace objects, 0(0B) LOS objects, 30% free, 36MB/52MB, paused 864us total 31.780ms
08-06 14:00:31.520 31433 14620 I art     : Starting a blocking GC Explicit
08-06 14:00:31.552 31433 14620 I art     : Explicit concurrent mark sweep GC freed 2377(123KB) AllocSpace objects, 2(120KB) LOS objects, 30% free, 36MB/52MB, paused 1.028ms total 31.460ms
08-06 14:00:31.562 31433 14620 I art     : Starting a blocking GC Explicit
08-06 14:00:31.583 31433 15238 I NAPPA_EXPERIMENTATION: MetricNetworkRequestExecutionTime: REQUEST_DURATION_SYSTEM='588',REQUEST_DURATION_OKHTTP='36',REQUEST_SYNCHRONOUS='TRUE',RESPONSE_CODE='200',RESPONSE_METHOD='GET',RESPONSE_LENGTH_OKHTTP='-1',RESPONSE_LENGTH_HEADER='12364',REQUEST_PROTOCOL='http/1.1',REQUEST_URL='https://www.newsblur.com/social/river_stories?order=newest&page=2&read_filter=all&global_feed=true',
08-06 14:00:31.584 31433 15238 D MY_TAG  : 0, 588
08-06 14:00:31.591 31433 14620 I art     : Explicit concurrent mark sweep GC freed 1082(129KB) AllocSpace objects, 1(80KB) LOS objects, 30% free, 37MB/53MB, paused 928us total 28.359ms
08-06 14:00:31.591 31433 31443 I art     : WaitForGcToComplete blocked for 23.101ms for cause HeapTrim
08-06 14:00:31.919 31433 31446 I art     : Starting a blocking GC Explicit
08-06 14:00:31.959 31433 31446 I art     : Explicit concurrent mark sweep GC freed 34988(2MB) AllocSpace objects, 33(860KB) LOS objects, 30% free, 36MB/52MB, paused 852us total 39.046ms
08-06 14:00:31.970 31433 31446 I art     : Starting a blocking GC Explicit
08-06 14:00:31.999 31433 31446 I art     : Explicit concurrent mark sweep GC freed 2366(201KB) AllocSpace objects, 0(0B) LOS objects, 30% free, 36MB/52MB, paused 863us total 28.510ms
08-06 14:00:32.008 31433 31446 I art     : Starting a blocking GC Explicit
08-06 14:00:32.036 31433 31446 I art     : Explicit concurrent mark sweep GC freed 8(256B) AllocSpace objects, 0(0B) LOS objects, 30% free, 36MB/52MB, paused 851us total 27.380ms
08-06 14:00:32.047 31433 31446 I art     : Starting a blocking GC Explicit
08-06 14:00:32.079 31433 31446 I art     : Explicit concurrent mark sweep GC freed 8(256B) AllocSpace objects, 0(0B) LOS objects, 30% free, 36MB/52MB, paused 827us total 31.345ms
08-06 14:00:32.088 31433 31446 I art     : Starting a blocking GC Explicit
08-06 14:00:32.118 31433 31446 I art     : Explicit concurrent mark sweep GC freed 8(256B) AllocSpace objects, 0(0B) LOS objects, 30% free, 36MB/52MB, paused 840us total 29.669ms
08-06 14:00:32.421   518   646 I ThermalEngine: ACTION: GPU - Setting GPU[0] to 450000000
08-06 14:00:32.433 31433 31444 I art     : Starting a blocking GC Explicit
08-06 14:00:32.470 31433 31444 I art     : Explicit concurrent mark sweep GC freed 1438(82KB) AllocSpace objects, 1(20KB) LOS objects, 30% free, 36MB/52MB, paused 1.156ms total 36.436ms
08-06 14:00:32.482 31433 31444 I art     : Starting a blocking GC Explicit
08-06 14:00:32.518 31433 31444 I art     : Explicit concurrent mark sweep GC freed 20(704B) AllocSpace objects, 0(0B) LOS objects, 30% free, 36MB/52MB, paused 1.326ms total 35.764ms
08-06 14:00:32.530 31433 31444 I art     : Starting a blocking GC Explicit
08-06 14:00:32.546 15263 15263 D AndroidRuntime: >>>>>> START com.android.internal.os.RuntimeInit uid 2000 <<<<<<
08-06 14:00:32.552 15263 15263 D AndroidRuntime: CheckJNI is OFF
08-06 14:00:32.565 31433 31444 I art     : Explicit concurrent mark sweep GC freed 3(96B) AllocSpace objects, 0(0B) LOS objects, 30% free, 36MB/52MB, paused 1.188ms total 35.277ms
08-06 14:00:32.577 31433 31444 I art     : Starting a blocking GC Explicit
08-06 14:00:32.598 15263 15263 D ICU     : No timezone override file found: /data/misc/zoneinfo/current/icu/icu_tzdata.dat
08-06 14:00:32.613 31433 31444 I art     : Explicit concurrent mark sweep GC freed 3(96B) AllocSpace objects, 0(0B) LOS objects, 30% free, 36MB/52MB, paused 1.250ms total 35.787ms
08-06 14:00:32.625 31433 31444 I art     : Starting a blocking GC Explicit
08-06 14:00:32.646 15263 15263 I Radio-JNI: register_android_hardware_Radio DONE
08-06 14:00:32.660 31433 31444 I art     : Explicit concurrent mark sweep GC freed 3(96B) AllocSpace objects, 0(0B) LOS objects, 30% free, 36MB/52MB, paused 1.186ms total 34.945ms
08-06 14:00:32.675 15263 15263 D AndroidRuntime: Calling main entry com.android.commands.input.Input
08-06 14:00:32.678 15263 15263 I Input   : injectMotionEvent: MotionEvent { action=ACTION_DOWN, actionButton=0, id[0]=0, x[0]=435.0, y[0]=858.0, toolType[0]=TOOL_TYPE_UNKNOWN, buttonState=0, metaState=0, flags=0x0, edgeFlags=0x0, pointerCount=1, historySize=0, eventTime=885649090, downTime=885649090, deviceId=0, source=0x1002 }
08-06 14:00:32.683 15263 15263 I Input   : injectMotionEvent: MotionEvent { action=ACTION_UP, actionButton=0, id[0]=0, x[0]=435.0, y[0]=858.0, toolType[0]=TOOL_TYPE_UNKNOWN, buttonState=0, metaState=0, flags=0x0, edgeFlags=0x0, pointerCount=1, historySize=0, eventTime=885649090, downTime=885649090, deviceId=0, source=0x1002 }
08-06 14:00:32.685 15263 15263 D AndroidRuntime: Shutting down VM
08-06 14:00:32.703   918  3696 I ActivityManager: START u0 {cmp=baseline.com.newsblur/.activity.GlobalSharedStoriesReading (has extras)} from uid 10698 on display 0
08-06 14:00:32.703   512  2967 D audio_hw_primary: out_set_parameters: enter: usecase(1: low-latency-playback) kvpairs: routing=2
08-06 14:00:32.716   512  2967 D audio_hw_primary: select_devices: out_snd_device(2: speaker) in_snd_device(0: none)
08-06 14:00:32.716   512  2967 D msm8974_platform: platform_send_audio_calibration: sending audio calibration for snd_device(2) acdb_id(15)
08-06 14:00:32.716   512  2967 I soundtrigger: audio_extn_sound_trigger_update_device_status: device 0x2 of type 0 for Event 1
08-06 14:00:32.727   512  2967 D audio_hw_primary: enable_snd_device: snd_device(2: speaker)
08-06 14:00:32.730   512  2967 D audio_hw_primary: enable_audio_route: apply and update mixer path: low-latency-playback speaker
08-06 14:00:32.937 13866 13866 I GoogleInputMethodServic: GoogleInputMethodService.onFinishInput():3138 
08-06 14:00:32.937   918   936 I ActivityManager: Displayed baseline.com.newsblur/.activity.GlobalSharedStoriesReading: +224ms
08-06 14:00:32.938 13866 13866 I GoogleInputMethodServic: GoogleInputMethodService.onStartInput():1808 
08-06 14:00:32.988 31433 31446 I art     : Starting a blocking GC Explicit
08-06 14:00:33.030 31433 31446 I art     : Explicit concurrent mark sweep GC freed 4870(387KB) AllocSpace objects, 9(608KB) LOS objects, 30% free, 37MB/53MB, paused 1.842ms total 41.357ms
08-06 14:00:33.043 31433 31446 I art     : Starting a blocking GC Explicit
08-06 14:00:33.082 31433 31446 I art     : Explicit concurrent mark sweep GC freed 2046(131KB) AllocSpace objects, 8(188KB) LOS objects, 29% free, 37MB/53MB, paused 1.552ms total 38.705ms
08-06 14:00:33.095 31433 31446 I art     : Starting a blocking GC Explicit
08-06 14:00:33.134 31433 31446 I art     : Explicit concurrent mark sweep GC freed 703(60KB) AllocSpace objects, 3(76KB) LOS objects, 30% free, 37MB/53MB, paused 1.584ms total 39.467ms
08-06 14:00:33.153 31433 31446 I art     : Starting a blocking GC Explicit
08-06 14:00:33.191 31433 31446 I art     : Explicit concurrent mark sweep GC freed 2620(192KB) AllocSpace objects, 4(80KB) LOS objects, 29% free, 37MB/53MB, paused 1.740ms total 37.681ms
08-06 14:00:33.207 31433 31446 I art     : Starting a blocking GC Explicit
08-06 14:00:33.244 31433 31446 I art     : Explicit concurrent mark sweep GC freed 1409(128KB) AllocSpace objects, 3(60KB) LOS objects, 29% free, 37MB/53MB, paused 1.406ms total 36.423ms
08-06 14:00:33.269   512  2967 D audio_hw_primary: disable_audio_route: reset and update mixer path: low-latency-playback speaker
08-06 14:00:33.269   512  2967 D audio_hw_primary: disable_snd_device: snd_device(2: speaker)
08-06 14:00:33.273 31433 14966 E chromium: [ERROR:tile_manager.cc(793)] WARNING: tile memory limits exceeded, some content may not draw
08-06 14:00:33.273 31433 14966 E chromium: [ERROR:tile_manager.cc(793)] WARNING: tile memory limits exceeded, some content may not draw
08-06 14:00:33.277   512  2967 I soundtrigger: audio_extn_sound_trigger_update_device_status: device 0x2 of type 0 for Event 0
08-06 14:00:33.602 31433 14620 I art     : Starting a blocking GC Explicit
08-06 14:00:33.646 31433 14620 I art     : Explicit concurrent mark sweep GC freed 2906(191KB) AllocSpace objects, 3(68KB) LOS objects, 29% free, 37MB/53MB, paused 1.401ms total 43.279ms
08-06 14:00:33.659 31433 14620 I art     : Starting a blocking GC Explicit
08-06 14:00:33.700 31433 14620 I art     : Explicit concurrent mark sweep GC freed 2489(129KB) AllocSpace objects, 3(200KB) LOS objects, 29% free, 37MB/53MB, paused 1.425ms total 41.081ms
08-06 14:00:33.713 31433 14620 I art     : Starting a blocking GC Explicit
08-06 14:00:33.741 31433 15297 E baseline.com.newsblur.network.APIResponse: Error (unexpected end of stream on https://www.newsblur.com/...) calling https://www.newsblur.com/reader/mark_story_hashes_as_read/
08-06 14:00:33.741 31433 15297 E baseline.com.newsblur.network.APIResponse: java.io.IOException: unexpected end of stream on https://www.newsblur.com/...
08-06 14:00:33.741 31433 15297 E baseline.com.newsblur.network.APIResponse: 	at okhttp3.internal.http1.Http1ExchangeCodec.readResponseHeaders(Http1ExchangeCodec.java:236)
08-06 14:00:33.741 31433 15297 E baseline.com.newsblur.network.APIResponse: 	at okhttp3.internal.connection.Exchange.readResponseHeaders(Exchange.java:115)
08-06 14:00:33.741 31433 15297 E baseline.com.newsblur.network.APIResponse: 	at okhttp3.internal.http.CallServerInterceptor.intercept(CallServerInterceptor.java:94)
08-06 14:00:33.741 31433 15297 E baseline.com.newsblur.network.APIResponse: 	at okhttp3.internal.http.RealInterceptorChain.proceed(RealInterceptorChain.java:142)
08-06 14:00:33.741 31433 15297 E baseline.com.newsblur.network.APIResponse: 	at okhttp3.internal.connection.ConnectInterceptor.intercept(ConnectInterceptor.java:43)
08-06 14:00:33.741 31433 15297 E baseline.com.newsblur.network.APIResponse: 	at okhttp3.internal.http.RealInterceptorChain.proceed(RealInterceptorChain.java:142)
08-06 14:00:33.741 31433 15297 E baseline.com.newsblur.network.APIResponse: 	at okhttp3.internal.http.RealInterceptorChain.proceed(RealInterceptorChain.java:117)
08-06 14:00:33.741 31433 15297 E baseline.com.newsblur.network.APIResponse: 	at okhttp3.internal.cache.CacheInterceptor.intercept(CacheInterceptor.java:94)
08-06 14:00:33.741 31433 15297 E baseline.com.newsblur.network.APIResponse: 	at okhttp3.internal.http.RealInterceptorChain.proceed(RealInterceptorChain.java:142)
08-06 14:00:33.741 31433 15297 E baseline.com.newsblur.network.APIResponse: 	at okhttp3.internal.http.RealInterceptorChain.proceed(RealInterceptorChain.java:117)
08-06 14:00:33.741 31433 15297 E baseline.com.newsblur.network.APIResponse: 	at okhttp3.internal.http.BridgeInterceptor.intercept(BridgeInterceptor.java:93)
08-06 14:00:33.741 31433 15297 E baseline.com.newsblur.network.APIResponse: 	at okhttp3.internal.http.RealInterceptorChain.proceed(RealInterceptorChain.java:142)
08-06 14:00:33.741 31433 15297 E baseline.com.newsblur.network.APIResponse: 	at okhttp3.internal.http.RetryAndFollowUpInterceptor.intercept(RetryAndFollowUpInterceptor.java:88)
08-06 14:00:33.741 31433 15297 E baseline.com.newsblur.network.APIResponse: 	at okhttp3.internal.http.RealInterceptorChain.proceed(RealInterceptorChain.java:142)
08-06 14:00:33.741 31433 15297 E baseline.com.newsblur.network.APIResponse: 	at okhttp3.internal.http.RealInterceptorChain.proceed(RealInterceptorChain.java:117)
08-06 14:00:33.741 31433 15297 E baseline.com.newsblur.network.APIResponse: 	at okhttp3.RealCall.getResponseWithInterceptorChain(RealCall.java:229)
08-06 14:00:33.741 31433 15297 E baseline.com.newsblur.network.APIResponse: 	at okhttp3.RealCall.execute(RealCall.java:81)
08-06 14:00:33.741 31433 15297 E baseline.com.newsblur.network.APIResponse: 	at baseline.com.newsblur.network.APIResponse.<init>(APIResponse.java:57)
08-06 14:00:33.741 31433 15297 E baseline.com.newsblur.network.APIResponse: 	at baseline.com.newsblur.network.APIResponse.<init>(APIResponse.java:43)
08-06 14:00:33.741 31433 15297 E baseline.com.newsblur.network.APIResponse: 	at baseline.com.newsblur.network.APIManager.post_single(APIManager.java:702)
08-06 14:00:33.741 31433 15297 E baseline.com.newsblur.network.APIResponse: 	at baseline.com.newsblur.network.APIManager.post(APIManager.java:675)
08-06 14:00:33.741 31433 15297 E baseline.com.newsblur.network.APIResponse: 	at baseline.com.newsblur.network.APIManager.post(APIManager.java:714)
08-06 14:00:33.741 31433 15297 E baseline.com.newsblur.network.APIResponse: 	at baseline.com.newsblur.network.APIManager.markStoryAsRead(APIManager.java:205)
08-06 14:00:33.741 31433 15297 E baseline.com.newsblur.network.APIResponse: 	at baseline.com.newsblur.util.ReadingAction.doRemote(ReadingAction.java:281)
08-06 14:00:33.741 31433 15297 E baseline.com.newsblur.network.APIResponse: 	at baseline.com.newsblur.service.NBSyncService.syncActions(NBSyncService.java:400)
08-06 14:00:33.741 31433 15297 E baseline.com.newsblur.network.APIResponse: 	at baseline.com.newsblur.service.NBSyncService.doSync(NBSyncService.java:298)
08-06 14:00:33.741 31433 15297 E baseline.com.newsblur.network.APIResponse: 	at baseline.com.newsblur.service.NBSyncService.access$100(NBSyncService.java:67)
08-06 14:00:33.741 31433 15297 E baseline.com.newsblur.network.APIResponse: 	at baseline.com.newsblur.service.NBSyncService$1.run(NBSyncService.java:188)
08-06 14:00:33.741 31433 15297 E baseline.com.newsblur.network.APIResponse: 	at java.util.concurrent.ThreadPoolExecutor.runWorker(ThreadPoolExecutor.java:1113)
08-06 14:00:33.741 31433 15297 E baseline.com.newsblur.network.APIResponse: 	at java.util.concurrent.ThreadPoolExecutor$Worker.run(ThreadPoolExecutor.java:588)
08-06 14:00:33.741 31433 15297 E baseline.com.newsblur.network.APIResponse: 	at java.lang.Thread.run(Thread.java:818)
08-06 14:00:33.741 31433 15297 E baseline.com.newsblur.network.APIResponse: Caused by: java.io.EOFException: \n not found: limit=0 content=
08-06 14:00:33.741 31433 15297 E baseline.com.newsblur.network.APIResponse: 	at okio.RealBufferedSource.readUtf8LineStrict(RealBufferedSource.java:240)
08-06 14:00:33.741 31433 15297 E baseline.com.newsblur.network.APIResponse: 	at okhttp3.internal.http1.Http1ExchangeCodec.readHeaderLine(Http1ExchangeCodec.java:242)
08-06 14:00:33.741 31433 15297 E baseline.com.newsblur.network.APIResponse: 	at okhttp3.internal.http1.Http1ExchangeCodec.readResponseHeaders(Http1ExchangeCodec.java:213)
08-06 14:00:33.741 31433 15297 E baseline.com.newsblur.network.APIResponse: 	... 30 more
08-06 14:00:33.742 31433 15297 I baseline.com.newsblur.network.APIManager: API call failed, pausing before retry number 1
08-06 14:00:33.750 31433 14620 I art     : Explicit concurrent mark sweep GC freed 1769(313KB) AllocSpace objects, 2(40KB) LOS objects, 29% free, 37MB/53MB, paused 1.227ms total 37.356ms
08-06 14:00:33.762 31433 14620 I art     : Starting a blocking GC Explicit
08-06 14:00:33.800 31433 14620 I art     : Explicit concurrent mark sweep GC freed 116(16KB) AllocSpace objects, 0(0B) LOS objects, 29% free, 37MB/53MB, paused 1.128ms total 37.198ms
08-06 14:00:33.812 31433 14620 I art     : Starting a blocking GC Explicit
08-06 14:00:33.851 31433 14620 I art     : Explicit concurrent mark sweep GC freed 25(832B) AllocSpace objects, 0(0B) LOS objects, 29% free, 37MB/53MB, paused 1.341ms total 38.668ms
08-06 14:00:34.201 31433 14621 I art     : Starting a blocking GC Explicit
08-06 14:00:34.244 31433 14621 I art     : Explicit concurrent mark sweep GC freed 1478(84KB) AllocSpace objects, 1(20KB) LOS objects, 29% free, 37MB/53MB, paused 1.228ms total 42.520ms
08-06 14:00:34.257 31433 14621 I art     : Starting a blocking GC Explicit
08-06 14:00:34.257 31433 14966 E chromium: [ERROR:tile_manager.cc(793)] WARNING: tile memory limits exceeded, some content may not draw
08-06 14:00:34.259 31433 14966 E chromium: [ERROR:tile_manager.cc(793)] WARNING: tile memory limits exceeded, some content may not draw
08-06 14:00:34.287 31433 14966 E chromium: [ERROR:tile_manager.cc(793)] WARNING: tile memory limits exceeded, some content may not draw
08-06 14:00:34.288 31433 14966 E chromium: [ERROR:tile_manager.cc(793)] WARNING: tile memory limits exceeded, some content may not draw
08-06 14:00:34.299 31433 14621 I art     : Explicit concurrent mark sweep GC freed 66(2192B) AllocSpace objects, 0(0B) LOS objects, 29% free, 37MB/53MB, paused 1.271ms total 41.315ms
08-06 14:00:34.304 31433 14966 E chromium: [ERROR:tile_manager.cc(793)] WARNING: tile memory limits exceeded, some content may not draw
08-06 14:00:34.304 31433 14966 E chromium: [ERROR:tile_manager.cc(793)] WARNING: tile memory limits exceeded, some content may not draw
08-06 14:00:34.311 31433 14621 I art     : Starting a blocking GC Explicit
08-06 14:00:34.348 31433 14621 I art     : Explicit concurrent mark sweep GC freed 22(720B) AllocSpace objects, 0(0B) LOS objects, 29% free, 37MB/53MB, paused 1.196ms total 36.360ms
08-06 14:00:34.361 31433 14621 I art     : Starting a blocking GC Explicit
08-06 14:00:34.403 31433 14621 I art     : Explicit concurrent mark sweep GC freed 21(672B) AllocSpace objects, 0(0B) LOS objects, 29% free, 37MB/53MB, paused 1.325ms total 42.327ms
08-06 14:00:34.416 31433 14621 I art     : Starting a blocking GC Explicit
08-06 14:00:34.458 31433 14621 I art     : Explicit concurrent mark sweep GC freed 27(864B) AllocSpace objects, 0(0B) LOS objects, 29% free, 37MB/53MB, paused 1.221ms total 41.885ms
08-06 14:00:34.826 31433 14621 I art     : Starting a blocking GC Explicit
08-06 14:00:34.872 31433 14621 I art     : Explicit concurrent mark sweep GC freed 1491(85KB) AllocSpace objects, 1(20KB) LOS objects, 29% free, 37MB/53MB, paused 1.221ms total 44.912ms
08-06 14:00:34.885 31433 14621 I art     : Starting a blocking GC Explicit
08-06 14:00:34.926 31433 14621 I art     : Explicit concurrent mark sweep GC freed 22(784B) AllocSpace objects, 0(0B) LOS objects, 29% free, 37MB/53MB, paused 1.164ms total 40.538ms
08-06 14:00:34.939 31433 14621 I art     : Starting a blocking GC Explicit
08-06 14:00:34.981 31433 14621 I art     : Explicit concurrent mark sweep GC freed 3(96B) AllocSpace objects, 0(0B) LOS objects, 29% free, 37MB/53MB, paused 1.306ms total 41.662ms
08-06 14:00:34.994 31433 14621 I art     : Starting a blocking GC Explicit
08-06 14:00:35.036 31433 14621 I art     : Explicit concurrent mark sweep GC freed 3(96B) AllocSpace objects, 0(0B) LOS objects, 29% free, 37MB/53MB, paused 1.193ms total 41.404ms
08-06 14:00:35.049 31433 14621 I art     : Starting a blocking GC Explicit
08-06 14:00:35.090 31433 14621 I art     : Explicit concurrent mark sweep GC freed 3(96B) AllocSpace objects, 0(0B) LOS objects, 29% free, 37MB/53MB, paused 1.153ms total 41.086ms
08-06 14:00:35.453 31433 14620 I art     : Starting a blocking GC Explicit
08-06 14:00:35.497 31433 14620 I art     : Explicit concurrent mark sweep GC freed 1606(91KB) AllocSpace objects, 1(20KB) LOS objects, 29% free, 37MB/53MB, paused 1.306ms total 44.190ms
08-06 14:00:35.511 31433 14620 I art     : Starting a blocking GC Explicit
08-06 14:00:35.553 31433 14620 I art     : Explicit concurrent mark sweep GC freed 28(1040B) AllocSpace objects, 0(0B) LOS objects, 29% free, 37MB/53MB, paused 1.252ms total 41.958ms
08-06 14:00:35.567 31433 14620 I art     : Starting a blocking GC Explicit
08-06 14:00:35.609 31433 14620 I art     : Explicit concurrent mark sweep GC freed 3(96B) AllocSpace objects, 0(0B) LOS objects, 29% free, 37MB/53MB, paused 1.231ms total 41.694ms
08-06 14:00:35.622 31433 14620 I art     : Starting a blocking GC Explicit
08-06 14:00:35.664 31433 14620 I art     : Explicit concurrent mark sweep GC freed 3(96B) AllocSpace objects, 0(0B) LOS objects, 29% free, 37MB/53MB, paused 1.566ms total 41.710ms
08-06 14:00:35.677 31433 14620 I art     : Starting a blocking GC Explicit
08-06 14:00:35.720 31433 14620 I art     : Explicit concurrent mark sweep GC freed 853(35KB) AllocSpace objects, 0(0B) LOS objects, 29% free, 37MB/53MB, paused 1.567ms total 43.107ms
08-06 14:00:35.770 31433 15297 E baseline.com.newsblur.network.APIResponse: Error (unexpected end of stream on https://www.newsblur.com/...) calling https://www.newsblur.com/reader/mark_story_hashes_as_read/
08-06 14:00:35.770 31433 15297 E baseline.com.newsblur.network.APIResponse: java.io.IOException: unexpected end of stream on https://www.newsblur.com/...
08-06 14:00:35.770 31433 15297 E baseline.com.newsblur.network.APIResponse: 	at okhttp3.internal.http1.Http1ExchangeCodec.readResponseHeaders(Http1ExchangeCodec.java:236)
08-06 14:00:35.770 31433 15297 E baseline.com.newsblur.network.APIResponse: 	at okhttp3.internal.connection.Exchange.readResponseHeaders(Exchange.java:115)
08-06 14:00:35.770 31433 15297 E baseline.com.newsblur.network.APIResponse: 	at okhttp3.internal.http.CallServerInterceptor.intercept(CallServerInterceptor.java:94)
08-06 14:00:35.770 31433 15297 E baseline.com.newsblur.network.APIResponse: 	at okhttp3.internal.http.RealInterceptorChain.proceed(RealInterceptorChain.java:142)
08-06 14:00:35.770 31433 15297 E baseline.com.newsblur.network.APIResponse: 	at okhttp3.internal.connection.ConnectInterceptor.intercept(ConnectInterceptor.java:43)
08-06 14:00:35.770 31433 15297 E baseline.com.newsblur.network.APIResponse: 	at okhttp3.internal.http.RealInterceptorChain.proceed(RealInterceptorChain.java:142)
08-06 14:00:35.770 31433 15297 E baseline.com.newsblur.network.APIResponse: 	at okhttp3.internal.http.RealInterceptorChain.proceed(RealInterceptorChain.java:117)
08-06 14:00:35.770 31433 15297 E baseline.com.newsblur.network.APIResponse: 	at okhttp3.internal.cache.CacheInterceptor.intercept(CacheInterceptor.java:94)
08-06 14:00:35.770 31433 15297 E baseline.com.newsblur.network.APIResponse: 	at okhttp3.internal.http.RealInterceptorChain.proceed(RealInterceptorChain.java:142)
08-06 14:00:35.770 31433 15297 E baseline.com.newsblur.network.APIResponse: 	at okhttp3.internal.http.RealInterceptorChain.proceed(RealInterceptorChain.java:117)
08-06 14:00:35.770 31433 15297 E baseline.com.newsblur.network.APIResponse: 	at okhttp3.internal.http.BridgeInterceptor.intercept(BridgeInterceptor.java:93)
08-06 14:00:35.770 31433 15297 E baseline.com.newsblur.network.APIResponse: 	at okhttp3.internal.http.RealInterceptorChain.proceed(RealInterceptorChain.java:142)
08-06 14:00:35.770 31433 15297 E baseline.com.newsblur.network.APIResponse: 	at okhttp3.internal.http.RetryAndFollowUpInterceptor.intercept(RetryAndFollowUpInterceptor.java:88)
08-06 14:00:35.770 31433 15297 E baseline.com.newsblur.network.APIResponse: 	at okhttp3.internal.http.RealInterceptorChain.proceed(RealInterceptorChain.java:142)
08-06 14:00:35.770 31433 15297 E baseline.com.newsblur.network.APIResponse: 	at okhttp3.internal.http.RealInterceptorChain.proceed(RealInterceptorChain.java:117)
08-06 14:00:35.770 31433 15297 E baseline.com.newsblur.network.APIResponse: 	at okhttp3.RealCall.getResponseWithInterceptorChain(RealCall.java:229)
08-06 14:00:35.770 31433 15297 E baseline.com.newsblur.network.APIResponse: 	at okhttp3.RealCall.execute(RealCall.java:81)
08-06 14:00:35.770 31433 15297 E baseline.com.newsblur.network.APIResponse: 	at baseline.com.newsblur.network.APIResponse.<init>(APIResponse.java:57)
08-06 14:00:35.770 31433 15297 E baseline.com.newsblur.network.APIResponse: 	at baseline.com.newsblur.network.APIResponse.<init>(APIResponse.java:43)
08-06 14:00:35.770 31433 15297 E baseline.com.newsblur.network.APIResponse: 	at baseline.com.newsblur.network.APIManager.post_single(APIManager.java:702)
08-06 14:00:35.770 31433 15297 E baseline.com.newsblur.network.APIResponse: 	at baseline.com.newsblur.network.APIManager.post(APIManager.java:675)
08-06 14:00:35.770 31433 15297 E baseline.com.newsblur.network.APIResponse: 	at baseline.com.newsblur.network.APIManager.post(APIManager.java:714)
08-06 14:00:35.770 31433 15297 E baseline.com.newsblur.network.APIResponse: 	at baseline.com.newsblur.network.APIManager.markStoryAsRead(APIManager.java:205)
08-06 14:00:35.770 31433 15297 E baseline.com.newsblur.network.APIResponse: 	at baseline.com.newsblur.util.ReadingAction.doRemote(ReadingAction.java:281)
08-06 14:00:35.770 31433 15297 E baseline.com.newsblur.network.APIResponse: 	at baseline.com.newsblur.service.NBSyncService.syncActions(NBSyncService.java:400)
08-06 14:00:35.770 31433 15297 E baseline.com.newsblur.network.APIResponse: 	at baseline.com.newsblur.service.NBSyncService.doSync(NBSyncService.java:298)
08-06 14:00:35.770 31433 15297 E baseline.com.newsblur.network.APIResponse: 	at baseline.com.newsblur.service.NBSyncService.access$100(NBSyncService.java:67)
08-06 14:00:35.770 31433 15297 E baseline.com.newsblur.network.APIResponse: 	at baseline.com.newsblur.service.NBSyncService$1.run(NBSyncService.java:188)
08-06 14:00:35.770 31433 15297 E baseline.com.newsblur.network.APIResponse: 	at java.util.concurrent.ThreadPoolExecutor.runWorker(ThreadPoolExecutor.java:1113)
08-06 14:00:35.770 31433 15297 E baseline.com.newsblur.network.APIResponse: 	at java.util.concurrent.ThreadPoolExecutor$Worker.run(ThreadPoolExecutor.java:588)
08-06 14:00:35.770 31433 15297 E baseline.com.newsblur.network.APIResponse: 	at java.lang.Thread.run(Thread.java:818)
08-06 14:00:35.770 31433 15297 E baseline.com.newsblur.network.APIResponse: Caused by: java.io.EOFException: \n not found: limit=0 content=
08-06 14:00:35.770 31433 15297 E baseline.com.newsblur.network.APIResponse: 	at okio.RealBufferedSource.readUtf8LineStrict(RealBufferedSource.java:240)
08-06 14:00:35.770 31433 15297 E baseline.com.newsblur.network.APIResponse: 	at okhttp3.internal.http1.Http1ExchangeCodec.readHeaderLine(Http1ExchangeCodec.java:242)
08-06 14:00:35.770 31433 15297 E baseline.com.newsblur.network.APIResponse: 	at okhttp3.internal.http1.Http1ExchangeCodec.readResponseHeaders(Http1ExchangeCodec.java:213)
08-06 14:00:35.770 31433 15297 E baseline.com.newsblur.network.APIResponse: 	... 30 more
08-06 14:00:35.771 31433 15297 I baseline.com.newsblur.network.APIManager: API call failed, pausing before retry number 2
08-06 14:00:36.084 31433 31444 I art     : Starting a blocking GC Explicit
08-06 14:00:36.130 31433 31444 I art     : Explicit concurrent mark sweep GC freed 3121(322KB) AllocSpace objects, 3(60KB) LOS objects, 29% free, 37MB/53MB, paused 1.219ms total 44.859ms
08-06 14:00:36.144 31433 31444 I art     : Starting a blocking GC Explicit
08-06 14:00:36.184 31433 31444 I art     : Explicit concurrent mark sweep GC freed 85(3KB) AllocSpace objects, 0(0B) LOS objects, 29% free, 37MB/53MB, paused 1.254ms total 40.534ms
08-06 14:00:36.198 31433 31444 I art     : Starting a blocking GC Explicit
08-06 14:00:36.239 31433 31444 I art     : Explicit concurrent mark sweep GC freed 3(96B) AllocSpace objects, 0(0B) LOS objects, 29% free, 37MB/53MB, paused 1.204ms total 41.099ms
08-06 14:00:36.253 31433 31444 I art     : Starting a blocking GC Explicit
08-06 14:00:36.294 31433 31444 I art     : Explicit concurrent mark sweep GC freed 3(96B) AllocSpace objects, 0(0B) LOS objects, 29% free, 37MB/53MB, paused 1.132ms total 41.025ms
08-06 14:00:36.307 31433 31444 I art     : Starting a blocking GC Explicit
08-06 14:00:36.349 31433 31444 I art     : Explicit concurrent mark sweep GC freed 3(96B) AllocSpace objects, 0(0B) LOS objects, 29% free, 37MB/53MB, paused 1.387ms total 41.413ms
08-06 14:00:36.721 31433 31446 I art     : Starting a blocking GC Explicit
08-06 14:00:36.766 31433 31446 I art     : Explicit concurrent mark sweep GC freed 1440(83KB) AllocSpace objects, 1(20KB) LOS objects, 29% free, 37MB/53MB, paused 1.368ms total 44.328ms
08-06 14:00:36.780 31433 31446 I art     : Starting a blocking GC Explicit
08-06 14:00:36.822 31433 31446 I art     : Explicit concurrent mark sweep GC freed 22(784B) AllocSpace objects, 0(0B) LOS objects, 29% free, 37MB/53MB, paused 1.163ms total 42.398ms
08-06 14:00:36.836 31433 31446 I art     : Starting a blocking GC Explicit
08-06 14:00:36.877 31433 31446 I art     : Explicit concurrent mark sweep GC freed 3(96B) AllocSpace objects, 0(0B) LOS objects, 29% free, 37MB/53MB, paused 1.214ms total 40.636ms
08-06 14:00:36.890 31433 31446 I art     : Starting a blocking GC Explicit
08-06 14:00:36.931 31433 31446 I art     : Explicit concurrent mark sweep GC freed 3(96B) AllocSpace objects, 0(0B) LOS objects, 29% free, 37MB/53MB, paused 1.286ms total 40.726ms
08-06 14:00:36.944 31433 31446 I art     : Starting a blocking GC Explicit
08-06 14:00:36.981 31433 31446 I art     : Explicit concurrent mark sweep GC freed 3(96B) AllocSpace objects, 0(0B) LOS objects, 29% free, 37MB/53MB, paused 1.153ms total 36.795ms
08-06 14:00:36.981 31433 31443 I art     : WaitForGcToComplete blocked for 22.384ms for cause HeapTrim
08-06 14:00:37.334 31433 14621 I art     : Starting a blocking GC Explicit
08-06 14:00:37.378 31433 14621 I art     : Explicit concurrent mark sweep GC freed 1439(82KB) AllocSpace objects, 1(20KB) LOS objects, 29% free, 37MB/53MB, paused 1.343ms total 43.830ms
08-06 14:00:37.392 31433 14621 I art     : Starting a blocking GC Explicit
08-06 14:00:37.434 31433 14621 I art     : Explicit concurrent mark sweep GC freed 22(784B) AllocSpace objects, 0(0B) LOS objects, 29% free, 37MB/53MB, paused 1.270ms total 41.801ms
08-06 14:00:37.447 31433 14621 I art     : Starting a blocking GC Explicit
08-06 14:00:37.467 15363 15363 D AndroidRuntime: >>>>>> START com.android.internal.os.RuntimeInit uid 2000 <<<<<<
08-06 14:00:37.473 15363 15363 D AndroidRuntime: CheckJNI is OFF
08-06 14:00:37.488 31433 14621 I art     : Explicit concurrent mark sweep GC freed 3(96B) AllocSpace objects, 0(0B) LOS objects, 29% free, 37MB/53MB, paused 1.218ms total 40.660ms
08-06 14:00:37.500 31433 14621 I art     : Starting a blocking GC Explicit
08-06 14:00:37.516 15363 15363 D ICU     : No timezone override file found: /data/misc/zoneinfo/current/icu/icu_tzdata.dat
08-06 14:00:37.538 31433 14621 I art     : Explicit concurrent mark sweep GC freed 3(96B) AllocSpace objects, 0(0B) LOS objects, 29% free, 37MB/53MB, paused 1.366ms total 38.094ms
08-06 14:00:37.550 31433 14621 I art     : Starting a blocking GC Explicit
08-06 14:00:37.559 15363 15363 I Radio-JNI: register_android_hardware_Radio DONE
08-06 14:00:37.586 15363 15363 D AndroidRuntime: Calling main entry com.android.commands.input.Input
08-06 14:00:37.588 15363 15363 I Input   : injectKeyEvent: KeyEvent { action=ACTION_DOWN, keyCode=KEYCODE_BACK, scanCode=0, metaState=0, flags=0x0, repeatCount=0, eventTime=885654001, downTime=885654001, deviceId=-1, source=0x101 }
08-06 14:00:37.589 31433 14621 I art     : Explicit concurrent mark sweep GC freed 3(96B) AllocSpace objects, 0(0B) LOS objects, 29% free, 37MB/53MB, paused 1.394ms total 38.199ms
08-06 14:00:37.595 15363 15363 I Input   : injectKeyEvent: KeyEvent { action=ACTION_UP, keyCode=KEYCODE_BACK, scanCode=0, metaState=0, flags=0x0, repeatCount=0, eventTime=885654001, downTime=885654001, deviceId=-1, source=0x101 }
08-06 14:00:37.600 15363 15363 D AndroidRuntime: Shutting down VM
08-06 14:00:37.620   918   937 W ProcessCpuTracker: Skipping unknown process pid 15371
08-06 14:00:37.620   918   937 W ProcessCpuTracker: Skipping unknown process pid 15373
08-06 14:00:37.621   918   937 W ProcessCpuTracker: Skipping unknown process pid 15374
08-06 14:00:37.755 13866 13866 I GoogleInputMethodServic: GoogleInputMethodService.onFinishInput():3138 
08-06 14:00:37.756 13866 13866 I GoogleInputMethodServic: GoogleInputMethodService.onStartInput():1808 
08-06 14:00:37.936 31433 31444 I art     : Starting a blocking GC Explicit
08-06 14:00:37.976 31433 31444 I art     : Explicit concurrent mark sweep GC freed 3467(275KB) AllocSpace objects, 7(148KB) LOS objects, 29% free, 37MB/53MB, paused 1.274ms total 39.291ms
08-06 14:00:37.988 31433 31444 I art     : Starting a blocking GC Explicit
08-06 14:00:38.027 31433 31444 I art     : Explicit concurrent mark sweep GC freed 175(8KB) AllocSpace objects, 0(0B) LOS objects, 29% free, 37MB/53MB, paused 1.311ms total 38.468ms
08-06 14:00:38.039 31433 31444 I art     : Starting a blocking GC Explicit
08-06 14:00:38.076 31433 31444 I art     : Explicit concurrent mark sweep GC freed 389(17KB) AllocSpace objects, 0(0B) LOS objects, 29% free, 37MB/53MB, paused 1.458ms total 36.916ms
08-06 14:00:38.091 31433 31444 I art     : Starting a blocking GC Explicit
08-06 14:00:38.128 31433 31444 I art     : Explicit concurrent mark sweep GC freed 1294(62KB) AllocSpace objects, 0(0B) LOS objects, 29% free, 37MB/53MB, paused 1.214ms total 36.564ms
08-06 14:00:38.139 31433 31444 I art     : Starting a blocking GC Explicit
08-06 14:00:38.176 31433 31444 I art     : Explicit concurrent mark sweep GC freed 119(6KB) AllocSpace objects, 0(0B) LOS objects, 29% free, 37MB/53MB, paused 1.149ms total 37.098ms
08-06 14:00:38.532 31433 31444 I art     : Starting a blocking GC Explicit
08-06 14:00:38.575 31433 31444 I art     : Explicit concurrent mark sweep GC freed 1505(85KB) AllocSpace objects, 1(20KB) LOS objects, 29% free, 37MB/53MB, paused 1.208ms total 42.590ms
08-06 14:00:38.589 31433 31444 I art     : Starting a blocking GC Explicit
08-06 14:00:38.630 31433 31444 I art     : Explicit concurrent mark sweep GC freed 30(1040B) AllocSpace objects, 0(0B) LOS objects, 29% free, 37MB/53MB, paused 1.377ms total 41.452ms
08-06 14:00:38.643 31433 31444 I art     : Starting a blocking GC Explicit
08-06 14:00:38.687 31433 31444 I art     : Explicit concurrent mark sweep GC freed 8(256B) AllocSpace objects, 0(0B) LOS objects, 29% free, 37MB/53MB, paused 1.198ms total 43.224ms
08-06 14:00:38.701 31433 31444 I art     : Starting a blocking GC Explicit
08-06 14:00:38.738 31433 31444 I art     : Explicit concurrent mark sweep GC freed 9(288B) AllocSpace objects, 0(0B) LOS objects, 29% free, 37MB/53MB, paused 1.169ms total 37.054ms
08-06 14:00:38.751 31433 31444 I art     : Starting a blocking GC Explicit
08-06 14:00:38.787 31433 31444 I art     : Explicit concurrent mark sweep GC freed 100(3KB) AllocSpace objects, 0(0B) LOS objects, 29% free, 37MB/53MB, paused 1.207ms total 35.430ms
08-06 14:00:39.117 31433 14620 I art     : Starting a blocking GC Explicit
08-06 14:00:39.162 31433 14620 I art     : Explicit concurrent mark sweep GC freed 1564(89KB) AllocSpace objects, 1(20KB) LOS objects, 29% free, 37MB/53MB, paused 1.359ms total 44.777ms
08-06 14:00:39.175 31433 14620 I art     : Starting a blocking GC Explicit
08-06 14:00:39.217 31433 14620 I art     : Explicit concurrent mark sweep GC freed 39(1328B) AllocSpace objects, 0(0B) LOS objects, 29% free, 37MB/53MB, paused 1.354ms total 41.257ms
08-06 14:00:39.229 31433 14620 I art     : Starting a blocking GC Explicit
08-06 14:00:39.272 31433 14620 I art     : Explicit concurrent mark sweep GC freed 3(96B) AllocSpace objects, 0(0B) LOS objects, 29% free, 37MB/53MB, paused 1.310ms total 42.626ms
08-06 14:00:39.284 31433 14620 I art     : Starting a blocking GC Explicit
08-06 14:00:39.327 31433 14620 I art     : Explicit concurrent mark sweep GC freed 1657(64KB) AllocSpace objects, 0(0B) LOS objects, 29% free, 37MB/53MB, paused 1.515ms total 43.129ms
08-06 14:00:39.340 31433 14620 I art     : Starting a blocking GC Explicit
08-06 14:00:39.349 31433 15297 E baseline.com.newsblur.network.APIResponse: Error (unexpected end of stream on https://www.newsblur.com/...) calling https://www.newsblur.com/reader/mark_story_hashes_as_read/
08-06 14:00:39.349 31433 15297 E baseline.com.newsblur.network.APIResponse: java.io.IOException: unexpected end of stream on https://www.newsblur.com/...
08-06 14:00:39.349 31433 15297 E baseline.com.newsblur.network.APIResponse: 	at okhttp3.internal.http1.Http1ExchangeCodec.readResponseHeaders(Http1ExchangeCodec.java:236)
08-06 14:00:39.349 31433 15297 E baseline.com.newsblur.network.APIResponse: 	at okhttp3.internal.connection.Exchange.readResponseHeaders(Exchange.java:115)
08-06 14:00:39.349 31433 15297 E baseline.com.newsblur.network.APIResponse: 	at okhttp3.internal.http.CallServerInterceptor.intercept(CallServerInterceptor.java:94)
08-06 14:00:39.349 31433 15297 E baseline.com.newsblur.network.APIResponse: 	at okhttp3.internal.http.RealInterceptorChain.proceed(RealInterceptorChain.java:142)
08-06 14:00:39.349 31433 15297 E baseline.com.newsblur.network.APIResponse: 	at okhttp3.internal.connection.ConnectInterceptor.intercept(ConnectInterceptor.java:43)
08-06 14:00:39.349 31433 15297 E baseline.com.newsblur.network.APIResponse: 	at okhttp3.internal.http.RealInterceptorChain.proceed(RealInterceptorChain.java:142)
08-06 14:00:39.349 31433 15297 E baseline.com.newsblur.network.APIResponse: 	at okhttp3.internal.http.RealInterceptorChain.proceed(RealInterceptorChain.java:117)
08-06 14:00:39.349 31433 15297 E baseline.com.newsblur.network.APIResponse: 	at okhttp3.internal.cache.CacheInterceptor.intercept(CacheInterceptor.java:94)
08-06 14:00:39.349 31433 15297 E baseline.com.newsblur.network.APIResponse: 	at okhttp3.internal.http.RealInterceptorChain.proceed(RealInterceptorChain.java:142)
08-06 14:00:39.349 31433 15297 E baseline.com.newsblur.network.APIResponse: 	at okhttp3.internal.http.RealInterceptorChain.proceed(RealInterceptorChain.java:117)
08-06 14:00:39.349 31433 15297 E baseline.com.newsblur.network.APIResponse: 	at okhttp3.internal.http.BridgeInterceptor.intercept(BridgeInterceptor.java:93)
08-06 14:00:39.349 31433 15297 E baseline.com.newsblur.network.APIResponse: 	at okhttp3.internal.http.RealInterceptorChain.proceed(RealInterceptorChain.java:142)
08-06 14:00:39.349 31433 15297 E baseline.com.newsblur.network.APIResponse: 	at okhttp3.internal.http.RetryAndFollowUpInterceptor.intercept(RetryAndFollowUpInterceptor.java:88)
08-06 14:00:39.349 31433 15297 E baseline.com.newsblur.network.APIResponse: 	at okhttp3.internal.http.RealInterceptorChain.proceed(RealInterceptorChain.java:142)
08-06 14:00:39.349 31433 15297 E baseline.com.newsblur.network.APIResponse: 	at okhttp3.internal.http.RealInterceptorChain.proceed(RealInterceptorChain.java:117)
08-06 14:00:39.349 31433 15297 E baseline.com.newsblur.network.APIResponse: 	at okhttp3.RealCall.getResponseWithInterceptorChain(RealCall.java:229)
08-06 14:00:39.349 31433 15297 E baseline.com.newsblur.network.APIResponse: 	at okhttp3.RealCall.execute(RealCall.java:81)
08-06 14:00:39.349 31433 15297 E baseline.com.newsblur.network.APIResponse: 	at baseline.com.newsblur.network.APIResponse.<init>(APIResponse.java:57)
08-06 14:00:39.349 31433 15297 E baseline.com.newsblur.network.APIResponse: 	at baseline.com.newsblur.network.APIResponse.<init>(APIResponse.java:43)
08-06 14:00:39.349 31433 15297 E baseline.com.newsblur.network.APIResponse: 	at baseline.com.newsblur.network.APIManager.post_single(APIManager.java:702)
08-06 14:00:39.349 31433 15297 E baseline.com.newsblur.network.APIResponse: 	at baseline.com.newsblur.network.APIManager.post(APIManager.java:675)
08-06 14:00:39.349 31433 15297 E baseline.com.newsblur.network.APIResponse: 	at baseline.com.newsblur.network.APIManager.post(APIManager.java:714)
08-06 14:00:39.349 31433 15297 E baseline.com.newsblur.network.APIResponse: 	at baseline.com.newsblur.network.APIManager.markStoryAsRead(APIManager.java:205)
08-06 14:00:39.349 31433 15297 E baseline.com.newsblur.network.APIResponse: 	at baseline.com.newsblur.util.ReadingAction.doRemote(ReadingAction.java:281)
08-06 14:00:39.349 31433 15297 E baseline.com.newsblur.network.APIResponse: 	at baseline.com.newsblur.service.NBSyncService.syncActions(NBSyncService.java:400)
08-06 14:00:39.349 31433 15297 E baseline.com.newsblur.network.APIResponse: 	at baseline.com.newsblur.service.NBSyncService.doSync(NBSyncService.java:298)
08-06 14:00:39.349 31433 15297 E baseline.com.newsblur.network.APIResponse: 	at baseline.com.newsblur.service.NBSyncService.access$100(NBSyncService.java:67)
08-06 14:00:39.349 31433 15297 E baseline.com.newsblur.network.APIResponse: 	at baseline.com.newsblur.service.NBSyncService$1.run(NBSyncService.java:188)
08-06 14:00:39.349 31433 15297 E baseline.com.newsblur.network.APIResponse: 	at java.util.concurrent.ThreadPoolExecutor.runWorker(ThreadPoolExecutor.java:1113)
08-06 14:00:39.349 31433 15297 E baseline.com.newsblur.network.APIResponse: 	at java.util.concurrent.ThreadPoolExecutor$Worker.run(ThreadPoolExecutor.java:588)
08-06 14:00:39.349 31433 15297 E baseline.com.newsblur.network.APIResponse: 	at java.lang.Thread.run(Thread.java:818)
08-06 14:00:39.349 31433 15297 E baseline.com.newsblur.network.APIResponse: Caused by: java.io.EOFException: \n not found: limit=0 content=
08-06 14:00:39.349 31433 15297 E baseline.com.newsblur.network.APIResponse: 	at okio.RealBufferedSource.readUtf8LineStrict(RealBufferedSource.java:240)
08-06 14:00:39.349 31433 15297 E baseline.com.newsblur.network.APIResponse: 	at okhttp3.internal.http1.Http1ExchangeCodec.readHeaderLine(Http1ExchangeCodec.java:242)
08-06 14:00:39.349 31433 15297 E baseline.com.newsblur.network.APIResponse: 	at okhttp3.internal.http1.Http1ExchangeCodec.readResponseHeaders(Http1ExchangeCodec.java:213)
08-06 14:00:39.349 31433 15297 E baseline.com.newsblur.network.APIResponse: 	... 30 more
08-06 14:00:39.350 31433 15297 I baseline.com.newsblur.service.NBSyncService: Holding reading action with server-side or network error.
08-06 14:00:39.361 31433 15297 W baseline.com.newsblur.service.NBSyncService: hard API failure
08-06 14:00:39.372 15406 15406 D AndroidRuntime: >>>>>> START com.android.internal.os.RuntimeInit uid 2000 <<<<<<
08-06 14:00:39.378 15406 15406 D AndroidRuntime: CheckJNI is OFF
08-06 14:00:39.382 31433 14620 I art     : Explicit concurrent mark sweep GC freed 1147(241KB) AllocSpace objects, 4(80KB) LOS objects, 29% free, 37MB/53MB, paused 1.538ms total 41.620ms
08-06 14:00:39.421 15406 15406 D ICU     : No timezone override file found: /data/misc/zoneinfo/current/icu/icu_tzdata.dat
08-06 14:00:39.465 15406 15406 I Radio-JNI: register_android_hardware_Radio DONE
08-06 14:00:39.495 15406 15406 D AndroidRuntime: Calling main entry com.android.commands.input.Input
08-06 14:00:39.497 15406 15406 I Input   : injectKeyEvent: KeyEvent { action=ACTION_DOWN, keyCode=KEYCODE_BACK, scanCode=0, metaState=0, flags=0x0, repeatCount=0, eventTime=885655910, downTime=885655910, deviceId=-1, source=0x101 }
08-06 14:00:39.503 15406 15406 I Input   : injectKeyEvent: KeyEvent { action=ACTION_UP, keyCode=KEYCODE_BACK, scanCode=0, metaState=0, flags=0x0, repeatCount=0, eventTime=885655910, downTime=885655910, deviceId=-1, source=0x101 }
08-06 14:00:39.511 15406 15406 D AndroidRuntime: Shutting down VM
08-06 14:00:39.694 13866 13866 I GoogleInputMethodServic: GoogleInputMethodService.onFinishInput():3138 
08-06 14:00:39.694 13866 13866 I GoogleInputMethodServic: GoogleInputMethodService.onStartInput():1808 
08-06 14:00:39.707 31433 14621 I art     : Starting a blocking GC Explicit
08-06 14:00:39.758 31433 14621 I art     : Explicit concurrent mark sweep GC freed 9846(681KB) AllocSpace objects, 13(260KB) LOS objects, 29% free, 37MB/53MB, paused 1.436ms total 51.155ms
08-06 14:00:39.773 31433 14621 I art     : Starting a blocking GC Explicit
08-06 14:00:39.810 31433 14621 I art     : Explicit concurrent mark sweep GC freed 860(35KB) AllocSpace objects, 0(0B) LOS objects, 29% free, 37MB/53MB, paused 1.541ms total 36.971ms
08-06 14:00:39.822 31433 14621 I art     : Starting a blocking GC Explicit
08-06 14:00:39.856 31433 15297 E baseline.com.newsblur.network.APIResponse: Error (unexpected end of stream on https://www.newsblur.com/...) calling https://www.newsblur.com/reader/mark_story_hashes_as_read/
08-06 14:00:39.856 31433 15297 E baseline.com.newsblur.network.APIResponse: java.io.IOException: unexpected end of stream on https://www.newsblur.com/...
08-06 14:00:39.856 31433 15297 E baseline.com.newsblur.network.APIResponse: 	at okhttp3.internal.http1.Http1ExchangeCodec.readResponseHeaders(Http1ExchangeCodec.java:236)
08-06 14:00:39.856 31433 15297 E baseline.com.newsblur.network.APIResponse: 	at okhttp3.internal.connection.Exchange.readResponseHeaders(Exchange.java:115)
08-06 14:00:39.856 31433 15297 E baseline.com.newsblur.network.APIResponse: 	at okhttp3.internal.http.CallServerInterceptor.intercept(CallServerInterceptor.java:94)
08-06 14:00:39.856 31433 15297 E baseline.com.newsblur.network.APIResponse: 	at okhttp3.internal.http.RealInterceptorChain.proceed(RealInterceptorChain.java:142)
08-06 14:00:39.856 31433 15297 E baseline.com.newsblur.network.APIResponse: 	at okhttp3.internal.connection.ConnectInterceptor.intercept(ConnectInterceptor.java:43)
08-06 14:00:39.856 31433 15297 E baseline.com.newsblur.network.APIResponse: 	at okhttp3.internal.http.RealInterceptorChain.proceed(RealInterceptorChain.java:142)
08-06 14:00:39.856 31433 15297 E baseline.com.newsblur.network.APIResponse: 	at okhttp3.internal.http.RealInterceptorChain.proceed(RealInterceptorChain.java:117)
08-06 14:00:39.856 31433 15297 E baseline.com.newsblur.network.APIResponse: 	at okhttp3.internal.cache.CacheInterceptor.intercept(CacheInterceptor.java:94)
08-06 14:00:39.856 31433 15297 E baseline.com.newsblur.network.APIResponse: 	at okhttp3.internal.http.RealInterceptorChain.proceed(RealInterceptorChain.java:142)
08-06 14:00:39.856 31433 15297 E baseline.com.newsblur.network.APIResponse: 	at okhttp3.internal.http.RealInterceptorChain.proceed(RealInterceptorChain.java:117)
08-06 14:00:39.856 31433 15297 E baseline.com.newsblur.network.APIResponse: 	at okhttp3.internal.http.BridgeInterceptor.intercept(BridgeInterceptor.java:93)
08-06 14:00:39.856 31433 15297 E baseline.com.newsblur.network.APIResponse: 	at okhttp3.internal.http.RealInterceptorChain.proceed(RealInterceptorChain.java:142)
08-06 14:00:39.856 31433 15297 E baseline.com.newsblur.network.APIResponse: 	at okhttp3.internal.http.RetryAndFollowUpInterceptor.intercept(RetryAndFollowUpInterceptor.java:88)
08-06 14:00:39.856 31433 15297 E baseline.com.newsblur.network.APIResponse: 	at okhttp3.internal.http.RealInterceptorChain.proceed(RealInterceptorChain.java:142)
08-06 14:00:39.856 31433 15297 E baseline.com.newsblur.network.APIResponse: 	at okhttp3.internal.http.RealInterceptorChain.proceed(RealInterceptorChain.java:117)
08-06 14:00:39.856 31433 15297 E baseline.com.newsblur.network.APIResponse: 	at okhttp3.RealCall.getResponseWithInterceptorChain(RealCall.java:229)
08-06 14:00:39.856 31433 15297 E baseline.com.newsblur.network.APIResponse: 	at okhttp3.RealCall.execute(RealCall.java:81)
08-06 14:00:39.856 31433 15297 E baseline.com.newsblur.network.APIResponse: 	at baseline.com.newsblur.network.APIResponse.<init>(APIResponse.java:57)
08-06 14:00:39.856 31433 15297 E baseline.com.newsblur.network.APIResponse: 	at baseline.com.newsblur.network.APIResponse.<init>(APIResponse.java:43)
08-06 14:00:39.856 31433 15297 E baseline.com.newsblur.network.APIResponse: 	at baseline.com.newsblur.network.APIManager.post_single(APIManager.java:702)
08-06 14:00:39.856 31433 15297 E baseline.com.newsblur.network.APIResponse: 	at baseline.com.newsblur.network.APIManager.post(APIManager.java:675)
08-06 14:00:39.856 31433 15297 E baseline.com.newsblur.network.APIResponse: 	at baseline.com.newsblur.network.APIManager.post(APIManager.java:714)
08-06 14:00:39.856 31433 15297 E baseline.com.newsblur.network.APIResponse: 	at baseline.com.newsblur.network.APIManager.markStoryAsRead(APIManager.java:205)
08-06 14:00:39.856 31433 15297 E baseline.com.newsblur.network.APIResponse: 	at baseline.com.newsblur.util.ReadingAction.doRemote(ReadingAction.java:281)
08-06 14:00:39.856 31433 15297 E baseline.com.newsblur.network.APIResponse: 	at baseline.com.newsblur.service.NBSyncService.syncActions(NBSyncService.java:400)
08-06 14:00:39.856 31433 15297 E baseline.com.newsblur.network.APIResponse: 	at baseline.com.newsblur.service.NBSyncService.doSync(NBSyncService.java:298)
08-06 14:00:39.856 31433 15297 E baseline.com.newsblur.network.APIResponse: 	at baseline.com.newsblur.service.NBSyncService.access$100(NBSyncService.java:67)
08-06 14:00:39.856 31433 15297 E baseline.com.newsblur.network.APIResponse: 	at baseline.com.newsblur.service.NBSyncService$1.run(NBSyncService.java:188)
08-06 14:00:39.856 31433 15297 E baseline.com.newsblur.network.APIResponse: 	at java.util.concurrent.ThreadPoolExecutor.runWorker(ThreadPoolExecutor.java:1113)
08-06 14:00:39.856 31433 15297 E baseline.com.newsblur.network.APIResponse: 	at java.util.concurrent.ThreadPoolExecutor$Worker.run(ThreadPoolExecutor.java:588)
08-06 14:00:39.856 31433 15297 E baseline.com.newsblur.network.APIResponse: 	at java.lang.Thread.run(Thread.java:818)
08-06 14:00:39.856 31433 15297 E baseline.com.newsblur.network.APIResponse: Caused by: java.io.EOFException: \n not found: limit=0 content=
08-06 14:00:39.856 31433 15297 E baseline.com.newsblur.network.APIResponse: 	at okio.RealBufferedSource.readUtf8LineStrict(RealBufferedSource.java:240)
08-06 14:00:39.856 31433 15297 E baseline.com.newsblur.network.APIResponse: 	at okhttp3.internal.http1.Http1ExchangeCodec.readHeaderLine(Http1ExchangeCodec.java:242)
08-06 14:00:39.856 31433 15297 E baseline.com.newsblur.network.APIResponse: 	at okhttp3.internal.http1.Http1ExchangeCodec.readResponseHeaders(Http1ExchangeCodec.java:213)
08-06 14:00:39.856 31433 15297 E baseline.com.newsblur.network.APIResponse: 	... 30 more
08-06 14:00:39.857 31433 15297 I baseline.com.newsblur.network.APIManager: API call failed, pausing before retry number 1
08-06 14:00:39.861 31433 14621 I art     : Explicit concurrent mark sweep GC freed 1546(167KB) AllocSpace objects, 0(0B) LOS objects, 29% free, 37MB/53MB, paused 1.585ms total 38.909ms
08-06 14:00:39.874 31433 14621 I art     : Starting a blocking GC Explicit
08-06 14:00:39.904  3784  3784 D CallStatisticsService: Post delayed to sync data packages to nv.
08-06 14:00:39.904  3784  3784 D CallStatisticsService: handleMessage PHONE_DATA.
08-06 14:00:39.905  3784  3784 D CallStatisticsService: txTotal(Kb) = 0
08-06 14:00:39.905  3784  3784 D CallStatisticsService: rxTotal(Kb) = 0
08-06 14:00:39.905  3784  3784 E CallStatisticsService: TX And RX Data packages are totally 0, no need to update.
08-06 14:00:39.915 31433 14621 I art     : Explicit concurrent mark sweep GC freed 416(84KB) AllocSpace objects, 2(40KB) LOS objects, 29% free, 37MB/53MB, paused 1.160ms total 40.702ms
08-06 14:00:39.930 31433 14621 I art     : Starting a blocking GC Explicit
08-06 14:00:39.976 31433 14621 I art     : Explicit concurrent mark sweep GC freed 43(1600B) AllocSpace objects, 0(0B) LOS objects, 29% free, 37MB/53MB, paused 1.402ms total 45.906ms
08-06 14:00:40.333 31433 31444 I art     : Starting a blocking GC Explicit
08-06 14:00:40.377 31433 31444 I art     : Explicit concurrent mark sweep GC freed 1920(103KB) AllocSpace objects, 1(20KB) LOS objects, 29% free, 37MB/53MB, paused 1.226ms total 44.396ms
08-06 14:00:40.391 31433 31444 I art     : Starting a blocking GC Explicit
08-06 14:00:40.431 31433 31444 I art     : Explicit concurrent mark sweep GC freed 165(7KB) AllocSpace objects, 0(0B) LOS objects, 29% free, 37MB/53MB, paused 1.304ms total 39.982ms
08-06 14:00:40.444 31433 31444 I art     : Starting a blocking GC Explicit
08-06 14:00:40.486 31433 31444 I art     : Explicit concurrent mark sweep GC freed 9(288B) AllocSpace objects, 0(0B) LOS objects, 29% free, 37MB/53MB, paused 1.419ms total 42.010ms
08-06 14:00:40.499 31433 31444 I art     : Starting a blocking GC Explicit
08-06 14:00:40.541 31433 31444 I art     : Explicit concurrent mark sweep GC freed 9(288B) AllocSpace objects, 0(0B) LOS objects, 29% free, 37MB/53MB, paused 1.300ms total 41.207ms
08-06 14:00:40.554 31433 31444 I art     : Starting a blocking GC Explicit
08-06 14:00:40.563 14376 14376 I ServiceManager: Waiting for service AtCmdFwd...
08-06 14:00:40.595 31433 31444 I art     : Explicit concurrent mark sweep GC freed 11(352B) AllocSpace objects, 0(0B) LOS objects, 29% free, 37MB/53MB, paused 1.218ms total 41.206ms
08-06 14:00:40.939 31433 31446 I art     : Starting a blocking GC Explicit
08-06 14:00:40.982 31433 31446 I art     : Explicit concurrent mark sweep GC freed 1483(84KB) AllocSpace objects, 1(20KB) LOS objects, 29% free, 37MB/53MB, paused 1.412ms total 42.855ms
08-06 14:00:40.994 31433 31446 I art     : Starting a blocking GC Explicit
08-06 14:00:41.036 31433 31446 I art     : Explicit concurrent mark sweep GC freed 27(944B) AllocSpace objects, 0(0B) LOS objects, 29% free, 37MB/53MB, paused 1.245ms total 41.112ms
08-06 14:00:41.049 31433 31446 I art     : Starting a blocking GC Explicit
08-06 14:00:41.091 31433 31446 I art     : Explicit concurrent mark sweep GC freed 9(288B) AllocSpace objects, 0(0B) LOS objects, 29% free, 37MB/53MB, paused 1.268ms total 41.331ms
08-06 14:00:41.103 31433 31446 I art     : Starting a blocking GC Explicit
08-06 14:00:41.146 31433 31446 I art     : Explicit concurrent mark sweep GC freed 8(256B) AllocSpace objects, 0(0B) LOS objects, 29% free, 37MB/53MB, paused 1.219ms total 42.419ms
08-06 14:00:41.159 31433 31446 I art     : Starting a blocking GC Explicit
08-06 14:00:41.202 31433 31446 I art     : Explicit concurrent mark sweep GC freed 3(96B) AllocSpace objects, 0(0B) LOS objects, 29% free, 37MB/53MB, paused 1.359ms total 42.452ms
08-06 14:00:41.295 15451 15451 D AndroidRuntime: >>>>>> START com.android.internal.os.RuntimeInit uid 2000 <<<<<<
08-06 14:00:41.302 15451 15451 D AndroidRuntime: CheckJNI is OFF
08-06 14:00:41.347 15451 15451 D ICU     : No timezone override file found: /data/misc/zoneinfo/current/icu/icu_tzdata.dat
08-06 14:00:41.393 15451 15451 I Radio-JNI: register_android_hardware_Radio DONE
08-06 14:00:41.420 15451 15451 D AndroidRuntime: Calling main entry com.android.commands.input.Input
08-06 14:00:41.423 15451 15451 I Input   : injectMotionEvent: MotionEvent { action=ACTION_DOWN, actionButton=0, id[0]=0, x[0]=594.0, y[0]=330.0, toolType[0]=TOOL_TYPE_UNKNOWN, buttonState=0, metaState=0, flags=0x0, edgeFlags=0x0, pointerCount=1, historySize=0, eventTime=885657835, downTime=885657835, deviceId=0, source=0x1002 }
08-06 14:00:41.428 15451 15451 I Input   : injectMotionEvent: MotionEvent { action=ACTION_UP, actionButton=0, id[0]=0, x[0]=594.0, y[0]=330.0, toolType[0]=TOOL_TYPE_UNKNOWN, buttonState=0, metaState=0, flags=0x0, edgeFlags=0x0, pointerCount=1, historySize=0, eventTime=885657835, downTime=885657835, deviceId=0, source=0x1002 }
08-06 14:00:41.429 15451 15451 D AndroidRuntime: Shutting down VM
08-06 14:00:41.495   918  6111 I ActivityManager: START u0 {cmp=baseline.com.newsblur/.activity.GlobalSharedStoriesItemsList (has extras)} from uid 10698 on display 0
08-06 14:00:41.522 31433 14608 I baseline.com.newsblur.database.BlurDatabaseHelper: reading session reset
08-06 14:00:41.563 14376 14376 I ServiceManager: Waiting for service AtCmdFwd...
08-06 14:00:41.572 31433 14620 I art     : Starting a blocking GC Explicit
08-06 14:00:41.615 31433 14620 I art     : Explicit concurrent mark sweep GC freed 3532(267KB) AllocSpace objects, 6(212KB) LOS objects, 29% free, 37MB/53MB, paused 1.449ms total 42.622ms
08-06 14:00:41.628 31433 14620 I art     : Starting a blocking GC Explicit
08-06 14:00:41.670 31433 14620 I art     : Explicit concurrent mark sweep GC freed 719(51KB) AllocSpace objects, 1(20KB) LOS objects, 29% free, 37MB/53MB, paused 1.689ms total 42.617ms
08-06 14:00:41.683 31433 14620 I art     : Starting a blocking GC Explicit
08-06 14:00:41.725 31433 14620 I art     : Explicit concurrent mark sweep GC freed 173(12KB) AllocSpace objects, 0(0B) LOS objects, 29% free, 37MB/53MB, paused 1.639ms total 41.681ms
08-06 14:00:41.732 31433 31433 W View    : requestLayout() improperly called by android.widget.FrameLayout{a34f73c V.E...... ......ID 0,0-1440,18 #7f07003f app:id/footer_view_inner} during layout: running second layout pass
08-06 14:00:41.732 31433 31433 W View    : requestLayout() improperly called by android.widget.FrameLayout{49bcc5 V.E...... ......ID 0,0-1440,2091 #7f07003f app:id/footer_view_inner} during layout: running second layout pass
08-06 14:00:41.739 31433 14620 I art     : Starting a blocking GC Explicit
08-06 14:00:41.751   918   936 I ActivityManager: Displayed baseline.com.newsblur/.activity.GlobalSharedStoriesItemsList: +242ms
08-06 14:00:41.752 13866 13866 I GoogleInputMethodServic: GoogleInputMethodService.onFinishInput():3138 
08-06 14:00:41.753 13866 13866 I GoogleInputMethodServic: GoogleInputMethodService.onStartInput():1808 
08-06 14:00:41.781 31433 14620 I art     : Explicit concurrent mark sweep GC freed 619(49KB) AllocSpace objects, 3(60KB) LOS objects, 29% free, 37MB/53MB, paused 1.555ms total 41.473ms
08-06 14:00:41.792 31433 14620 I art     : Starting a blocking GC Explicit
08-06 14:00:41.837 31433 14620 I art     : Explicit concurrent mark sweep GC freed 1348(77KB) AllocSpace objects, 4(80KB) LOS objects, 29% free, 37MB/53MB, paused 1.584ms total 43.956ms
08-06 14:00:41.863 31433 15484 I NAPPA_EXPERIMENTATION: MetricNetworkRequestExecutionTime: REQUEST_DURATION_SYSTEM='43',REQUEST_DURATION_OKHTTP='42',REQUEST_SYNCHRONOUS='TRUE',RESPONSE_CODE='200',RESPONSE_METHOD='GET',RESPONSE_LENGTH_OKHTTP='43',RESPONSE_LENGTH_HEADER='43',REQUEST_PROTOCOL='http/1.1',REQUEST_URL='http://feeds.feedburner.com/~r/retort/~4/UffaFMiJbNs',
08-06 14:00:41.889 31433 15297 E baseline.com.newsblur.network.APIResponse: Error (unexpected end of stream on https://www.newsblur.com/...) calling https://www.newsblur.com/reader/mark_story_hashes_as_read/
08-06 14:00:41.889 31433 15297 E baseline.com.newsblur.network.APIResponse: java.io.IOException: unexpected end of stream on https://www.newsblur.com/...
08-06 14:00:41.889 31433 15297 E baseline.com.newsblur.network.APIResponse: 	at okhttp3.internal.http1.Http1ExchangeCodec.readResponseHeaders(Http1ExchangeCodec.java:236)
08-06 14:00:41.889 31433 15297 E baseline.com.newsblur.network.APIResponse: 	at okhttp3.internal.connection.Exchange.readResponseHeaders(Exchange.java:115)
08-06 14:00:41.889 31433 15297 E baseline.com.newsblur.network.APIResponse: 	at okhttp3.internal.http.CallServerInterceptor.intercept(CallServerInterceptor.java:94)
08-06 14:00:41.889 31433 15297 E baseline.com.newsblur.network.APIResponse: 	at okhttp3.internal.http.RealInterceptorChain.proceed(RealInterceptorChain.java:142)
08-06 14:00:41.889 31433 15297 E baseline.com.newsblur.network.APIResponse: 	at okhttp3.internal.connection.ConnectInterceptor.intercept(ConnectInterceptor.java:43)
08-06 14:00:41.889 31433 15297 E baseline.com.newsblur.network.APIResponse: 	at okhttp3.internal.http.RealInterceptorChain.proceed(RealInterceptorChain.java:142)
08-06 14:00:41.889 31433 15297 E baseline.com.newsblur.network.APIResponse: 	at okhttp3.internal.http.RealInterceptorChain.proceed(RealInterceptorChain.java:117)
08-06 14:00:41.889 31433 15297 E baseline.com.newsblur.network.APIResponse: 	at okhttp3.internal.cache.CacheInterceptor.intercept(CacheInterceptor.java:94)
08-06 14:00:41.889 31433 15297 E baseline.com.newsblur.network.APIResponse: 	at okhttp3.internal.http.RealInterceptorChain.proceed(RealInterceptorChain.java:142)
08-06 14:00:41.889 31433 15297 E baseline.com.newsblur.network.APIResponse: 	at okhttp3.internal.http.RealInterceptorChain.proceed(RealInterceptorChain.java:117)
08-06 14:00:41.889 31433 15297 E baseline.com.newsblur.network.APIResponse: 	at okhttp3.internal.http.BridgeInterceptor.intercept(BridgeInterceptor.java:93)
08-06 14:00:41.889 31433 15297 E baseline.com.newsblur.network.APIResponse: 	at okhttp3.internal.http.RealInterceptorChain.proceed(RealInterceptorChain.java:142)
08-06 14:00:41.889 31433 15297 E baseline.com.newsblur.network.APIResponse: 	at okhttp3.internal.http.RetryAndFollowUpInterceptor.intercept(RetryAndFollowUpInterceptor.java:88)
08-06 14:00:41.889 31433 15297 E baseline.com.newsblur.network.APIResponse: 	at okhttp3.internal.http.RealInterceptorChain.proceed(RealInterceptorChain.java:142)
08-06 14:00:41.889 31433 15297 E baseline.com.newsblur.network.APIResponse: 	at okhttp3.internal.http.RealInterceptorChain.proceed(RealInterceptorChain.java:117)
08-06 14:00:41.889 31433 15297 E baseline.com.newsblur.network.APIResponse: 	at okhttp3.RealCall.getResponseWithInterceptorChain(RealCall.java:229)
08-06 14:00:41.889 31433 15297 E baseline.com.newsblur.network.APIResponse: 	at okhttp3.RealCall.execute(RealCall.java:81)
08-06 14:00:41.889 31433 15297 E baseline.com.newsblur.network.APIResponse: 	at baseline.com.newsblur.network.APIResponse.<init>(APIResponse.java:57)
08-06 14:00:41.889 31433 15297 E baseline.com.newsblur.network.APIResponse: 	at baseline.com.newsblur.network.APIResponse.<init>(APIResponse.java:43)
08-06 14:00:41.889 31433 15297 E baseline.com.newsblur.network.APIResponse: 	at baseline.com.newsblur.network.APIManager.post_single(APIManager.java:702)
08-06 14:00:41.889 31433 15297 E baseline.com.newsblur.network.APIResponse: 	at baseline.com.newsblur.network.APIManager.post(APIManager.java:675)
08-06 14:00:41.889 31433 15297 E baseline.com.newsblur.network.APIResponse: 	at baseline.com.newsblur.network.APIManager.post(APIManager.java:714)
08-06 14:00:41.889 31433 15297 E baseline.com.newsblur.network.APIResponse: 	at baseline.com.newsblur.network.APIManager.markStoryAsRead(APIManager.java:205)
08-06 14:00:41.889 31433 15297 E baseline.com.newsblur.network.APIResponse: 	at baseline.com.newsblur.util.ReadingAction.doRemote(ReadingAction.java:281)
08-06 14:00:41.889 31433 15297 E baseline.com.newsblur.network.APIResponse: 	at baseline.com.newsblur.service.NBSyncService.syncActions(NBSyncService.java:400)
08-06 14:00:41.889 31433 15297 E baseline.com.newsblur.network.APIResponse: 	at baseline.com.newsblur.service.NBSyncService.doSync(NBSyncService.java:298)
08-06 14:00:41.889 31433 15297 E baseline.com.newsblur.network.APIResponse: 	at baseline.com.newsblur.service.NBSyncService.access$100(NBSyncService.java:67)
08-06 14:00:41.889 31433 15297 E baseline.com.newsblur.network.APIResponse: 	at baseline.com.newsblur.service.NBSyncService$1.run(NBSyncService.java:188)
08-06 14:00:41.889 31433 15297 E baseline.com.newsblur.network.APIResponse: 	at java.util.concurrent.ThreadPoolExecutor.runWorker(ThreadPoolExecutor.java:1113)
08-06 14:00:41.889 31433 15297 E baseline.com.newsblur.network.APIResponse: 	at java.util.concurrent.ThreadPoolExecutor$Worker.run(ThreadPoolExecutor.java:588)
08-06 14:00:41.889 31433 15297 E baseline.com.newsblur.network.APIResponse: 	at java.lang.Thread.run(Thread.java:818)
08-06 14:00:41.889 31433 15297 E baseline.com.newsblur.network.APIResponse: Caused by: java.io.EOFException: \n not found: limit=0 content=
08-06 14:00:41.889 31433 15297 E baseline.com.newsblur.network.APIResponse: 	at okio.RealBufferedSource.readUtf8LineStrict(RealBufferedSource.java:240)
08-06 14:00:41.889 31433 15297 E baseline.com.newsblur.network.APIResponse: 	at okhttp3.internal.http1.Http1ExchangeCodec.readHeaderLine(Http1ExchangeCodec.java:242)
08-06 14:00:41.889 31433 15297 E baseline.com.newsblur.network.APIResponse: 	at okhttp3.internal.http1.Http1ExchangeCodec.readResponseHeaders(Http1ExchangeCodec.java:213)
08-06 14:00:41.889 31433 15297 E baseline.com.newsblur.network.APIResponse: 	... 30 more
08-06 14:00:41.890 31433 15297 I baseline.com.newsblur.network.APIManager: API call failed, pausing before retry number 2
08-06 14:00:42.181 31433 31444 I art     : Starting a blocking GC Explicit
08-06 14:00:42.226 31433 31444 I art     : Explicit concurrent mark sweep GC freed 4439(408KB) AllocSpace objects, 5(100KB) LOS objects, 29% free, 37MB/53MB, paused 1.345ms total 45.040ms
08-06 14:00:42.239 31433 31444 I art     : Starting a blocking GC Explicit
08-06 14:00:42.257   918  3261 D WifiStateMachine: starting scan for "H369AA63323"WPA_PSK with 2412,5180
08-06 14:00:42.284 31433 31444 I art     : Explicit concurrent mark sweep GC freed 122(4KB) AllocSpace objects, 0(0B) LOS objects, 29% free, 37MB/53MB, paused 1.362ms total 44.769ms
08-06 14:00:42.297 31433 31444 I art     : Starting a blocking GC Explicit
08-06 14:00:42.340 31433 31444 I art     : Explicit concurrent mark sweep GC freed 3(96B) AllocSpace objects, 0(0B) LOS objects, 29% free, 37MB/53MB, paused 1.459ms total 43.292ms
08-06 14:00:42.354 31433 31444 I art     : Starting a blocking GC Explicit
08-06 14:00:42.399 31433 31444 I art     : Explicit concurrent mark sweep GC freed 3(96B) AllocSpace objects, 0(0B) LOS objects, 29% free, 37MB/53MB, paused 1.372ms total 44.865ms
08-06 14:00:42.399 31433 31443 I art     : WaitForGcToComplete blocked for 20.265ms for cause HeapTrim
08-06 14:00:42.412 31433 31444 I art     : Starting a blocking GC Explicit
08-06 14:00:42.457 31433 31444 I art     : Explicit concurrent mark sweep GC freed 3(96B) AllocSpace objects, 0(0B) LOS objects, 29% free, 37MB/53MB, paused 1.393ms total 44.766ms
08-06 14:00:42.564 14376 14376 I ServiceManager: Waiting for service AtCmdFwd...
08-06 14:00:42.817 31433 14620 I art     : Starting a blocking GC Explicit
08-06 14:00:42.864 31433 14620 I art     : Explicit concurrent mark sweep GC freed 1439(82KB) AllocSpace objects, 1(20KB) LOS objects, 29% free, 37MB/53MB, paused 1.324ms total 46.473ms
08-06 14:00:42.876 31433 14620 I art     : Starting a blocking GC Explicit
08-06 14:00:42.917 31433 14620 I art     : Explicit concurrent mark sweep GC freed 27(944B) AllocSpace objects, 0(0B) LOS objects, 29% free, 37MB/53MB, paused 1.295ms total 40.390ms
08-06 14:00:42.929 31433 14620 I art     : Starting a blocking GC Explicit
08-06 14:00:42.972 31433 14620 I art     : Explicit concurrent mark sweep GC freed 9(288B) AllocSpace objects, 0(0B) LOS objects, 29% free, 37MB/53MB, paused 1.265ms total 42.930ms
08-06 14:00:42.986 31433 14620 I art     : Starting a blocking GC Explicit
08-06 14:00:43.028 31433 14620 I art     : Explicit concurrent mark sweep GC freed 11(352B) AllocSpace objects, 0(0B) LOS objects, 29% free, 37MB/53MB, paused 1.298ms total 42.207ms
08-06 14:00:43.041 31433 14620 I art     : Starting a blocking GC Explicit
08-06 14:00:43.085 31433 14620 I art     : Explicit concurrent mark sweep GC freed 9(288B) AllocSpace objects, 0(0B) LOS objects, 29% free, 37MB/53MB, paused 1.244ms total 43.652ms
08-06 14:00:43.469 31433 31446 I art     : Starting a blocking GC Explicit
08-06 14:00:43.519 31433 31446 I art     : Explicit concurrent mark sweep GC freed 1445(83KB) AllocSpace objects, 1(20KB) LOS objects, 29% free, 37MB/53MB, paused 1.477ms total 50.044ms
08-06 14:00:43.533 31433 31446 I art     : Starting a blocking GC Explicit
08-06 14:00:43.564 14376 14376 I ServiceManager: Waiting for service AtCmdFwd...
08-06 14:00:43.583 31433 31446 I art     : Explicit concurrent mark sweep GC freed 22(784B) AllocSpace objects, 0(0B) LOS objects, 29% free, 37MB/53MB, paused 1.440ms total 49.620ms
08-06 14:00:43.596 31433 31446 I art     : Starting a blocking GC Explicit
08-06 14:00:43.643 31433 31446 I art     : Explicit concurrent mark sweep GC freed 3(96B) AllocSpace objects, 0(0B) LOS objects, 29% free, 37MB/53MB, paused 1.363ms total 46.627ms
08-06 14:00:43.656 31433 31446 I art     : Starting a blocking GC Explicit
08-06 14:00:43.707 31433 31446 I art     : Explicit concurrent mark sweep GC freed 3(96B) AllocSpace objects, 0(0B) LOS objects, 29% free, 37MB/53MB, paused 1.428ms total 49.877ms
08-06 14:00:43.722 31433 31446 I art     : Starting a blocking GC Explicit
08-06 14:00:43.770 31433 31446 I art     : Explicit concurrent mark sweep GC freed 3(96B) AllocSpace objects, 0(0B) LOS objects, 29% free, 37MB/53MB, paused 1.403ms total 46.979ms
08-06 14:00:44.135 31433 31444 I art     : Starting a blocking GC Explicit
08-06 14:00:44.185 31433 31444 I art     : Explicit concurrent mark sweep GC freed 1440(83KB) AllocSpace objects, 1(20KB) LOS objects, 29% free, 37MB/53MB, paused 1.433ms total 49.726ms
08-06 14:00:44.198 31433 31444 I art     : Starting a blocking GC Explicit
08-06 14:00:44.247 31433 31444 I art     : Explicit concurrent mark sweep GC freed 22(784B) AllocSpace objects, 0(0B) LOS objects, 29% free, 37MB/53MB, paused 1.442ms total 48.613ms
08-06 14:00:44.260 31433 31444 I art     : Starting a blocking GC Explicit
08-06 14:00:44.310 31433 31444 I art     : Explicit concurrent mark sweep GC freed 3(96B) AllocSpace objects, 0(0B) LOS objects, 29% free, 37MB/53MB, paused 1.465ms total 49.021ms
08-06 14:00:44.323 31433 31444 I art     : Starting a blocking GC Explicit
08-06 14:00:44.372 31433 31444 I art     : Explicit concurrent mark sweep GC freed 3(96B) AllocSpace objects, 0(0B) LOS objects, 29% free, 37MB/53MB, paused 1.382ms total 48.873ms
08-06 14:00:44.385 31433 31444 I art     : Starting a blocking GC Explicit
08-06 14:00:44.435 31433 31444 I art     : Explicit concurrent mark sweep GC freed 3(96B) AllocSpace objects, 0(0B) LOS objects, 29% free, 37MB/53MB, paused 1.403ms total 49.409ms
08-06 14:00:44.565 14376 14376 I ServiceManager: Waiting for service AtCmdFwd...
08-06 14:00:44.812 31433 14621 I art     : Starting a blocking GC Explicit
08-06 14:00:44.862 31433 14621 I art     : Explicit concurrent mark sweep GC freed 1440(83KB) AllocSpace objects, 1(20KB) LOS objects, 29% free, 37MB/53MB, paused 1.309ms total 49.650ms
08-06 14:00:44.875 31433 14621 I art     : Starting a blocking GC Explicit
08-06 14:00:44.924 31433 14621 I art     : Explicit concurrent mark sweep GC freed 113(4KB) AllocSpace objects, 0(0B) LOS objects, 29% free, 37MB/53MB, paused 1.461ms total 48.229ms
08-06 14:00:44.937 31433 14621 I art     : Starting a blocking GC Explicit
08-06 14:00:44.986 31433 14621 I art     : Explicit concurrent mark sweep GC freed 77(5KB) AllocSpace objects, 0(0B) LOS objects, 29% free, 37MB/53MB, paused 1.378ms total 48.707ms
08-06 14:00:44.999 31433 14621 I art     : Starting a blocking GC Explicit
08-06 14:00:45.050 31433 14621 I art     : Explicit concurrent mark sweep GC freed 9(400B) AllocSpace objects, 0(0B) LOS objects, 29% free, 37MB/53MB, paused 1.476ms total 50.564ms
08-06 14:00:45.068 31433 14621 I art     : Starting a blocking GC Explicit
08-06 14:00:45.115 31433 14621 I art     : Explicit concurrent mark sweep GC freed 3(96B) AllocSpace objects, 0(0B) LOS objects, 29% free, 37MB/53MB, paused 1.343ms total 46.176ms
08-06 14:00:45.384 31433 15297 E baseline.com.newsblur.network.APIResponse: Error (unexpected end of stream on https://www.newsblur.com/...) calling https://www.newsblur.com/reader/mark_story_hashes_as_read/
08-06 14:00:45.384 31433 15297 E baseline.com.newsblur.network.APIResponse: java.io.IOException: unexpected end of stream on https://www.newsblur.com/...
08-06 14:00:45.384 31433 15297 E baseline.com.newsblur.network.APIResponse: 	at okhttp3.internal.http1.Http1ExchangeCodec.readResponseHeaders(Http1ExchangeCodec.java:236)
08-06 14:00:45.384 31433 15297 E baseline.com.newsblur.network.APIResponse: 	at okhttp3.internal.connection.Exchange.readResponseHeaders(Exchange.java:115)
08-06 14:00:45.384 31433 15297 E baseline.com.newsblur.network.APIResponse: 	at okhttp3.internal.http.CallServerInterceptor.intercept(CallServerInterceptor.java:94)
08-06 14:00:45.384 31433 15297 E baseline.com.newsblur.network.APIResponse: 	at okhttp3.internal.http.RealInterceptorChain.proceed(RealInterceptorChain.java:142)
08-06 14:00:45.384 31433 15297 E baseline.com.newsblur.network.APIResponse: 	at okhttp3.internal.connection.ConnectInterceptor.intercept(ConnectInterceptor.java:43)
08-06 14:00:45.384 31433 15297 E baseline.com.newsblur.network.APIResponse: 	at okhttp3.internal.http.RealInterceptorChain.proceed(RealInterceptorChain.java:142)
08-06 14:00:45.384 31433 15297 E baseline.com.newsblur.network.APIResponse: 	at okhttp3.internal.http.RealInterceptorChain.proceed(RealInterceptorChain.java:117)
08-06 14:00:45.384 31433 15297 E baseline.com.newsblur.network.APIResponse: 	at okhttp3.internal.cache.CacheInterceptor.intercept(CacheInterceptor.java:94)
08-06 14:00:45.384 31433 15297 E baseline.com.newsblur.network.APIResponse: 	at okhttp3.internal.http.RealInterceptorChain.proceed(RealInterceptorChain.java:142)
08-06 14:00:45.384 31433 15297 E baseline.com.newsblur.network.APIResponse: 	at okhttp3.internal.http.RealInterceptorChain.proceed(RealInterceptorChain.java:117)
08-06 14:00:45.384 31433 15297 E baseline.com.newsblur.network.APIResponse: 	at okhttp3.internal.http.BridgeInterceptor.intercept(BridgeInterceptor.java:93)
08-06 14:00:45.384 31433 15297 E baseline.com.newsblur.network.APIResponse: 	at okhttp3.internal.http.RealInterceptorChain.proceed(RealInterceptorChain.java:142)
08-06 14:00:45.384 31433 15297 E baseline.com.newsblur.network.APIResponse: 	at okhttp3.internal.http.RetryAndFollowUpInterceptor.intercept(RetryAndFollowUpInterceptor.java:88)
08-06 14:00:45.384 31433 15297 E baseline.com.newsblur.network.APIResponse: 	at okhttp3.internal.http.RealInterceptorChain.proceed(RealInterceptorChain.java:142)
08-06 14:00:45.384 31433 15297 E baseline.com.newsblur.network.APIResponse: 	at okhttp3.internal.http.RealInterceptorChain.proceed(RealInterceptorChain.java:117)
08-06 14:00:45.384 31433 15297 E baseline.com.newsblur.network.APIResponse: 	at okhttp3.RealCall.getResponseWithInterceptorChain(RealCall.java:229)
08-06 14:00:45.384 31433 15297 E baseline.com.newsblur.network.APIResponse: 	at okhttp3.RealCall.execute(RealCall.java:81)
08-06 14:00:45.384 31433 15297 E baseline.com.newsblur.network.APIResponse: 	at baseline.com.newsblur.network.APIResponse.<init>(APIResponse.java:57)
08-06 14:00:45.384 31433 15297 E baseline.com.newsblur.network.APIResponse: 	at baseline.com.newsblur.network.APIResponse.<init>(APIResponse.java:43)
08-06 14:00:45.384 31433 15297 E baseline.com.newsblur.network.APIResponse: 	at baseline.com.newsblur.network.APIManager.post_single(APIManager.java:702)
08-06 14:00:45.384 31433 15297 E baseline.com.newsblur.network.APIResponse: 	at baseline.com.newsblur.network.APIManager.post(APIManager.java:675)
08-06 14:00:45.384 31433 15297 E baseline.com.newsblur.network.APIResponse: 	at baseline.com.newsblur.network.APIManager.post(APIManager.java:714)
08-06 14:00:45.384 31433 15297 E baseline.com.newsblur.network.APIResponse: 	at baseline.com.newsblur.network.APIManager.markStoryAsRead(APIManager.java:205)
08-06 14:00:45.384 31433 15297 E baseline.com.newsblur.network.APIResponse: 	at baseline.com.newsblur.util.ReadingAction.doRemote(ReadingAction.java:281)
08-06 14:00:45.384 31433 15297 E baseline.com.newsblur.network.APIResponse: 	at baseline.com.newsblur.service.NBSyncService.syncActions(NBSyncService.java:400)
08-06 14:00:45.384 31433 15297 E baseline.com.newsblur.network.APIResponse: 	at baseline.com.newsblur.service.NBSyncService.doSync(NBSyncService.java:298)
08-06 14:00:45.384 31433 15297 E baseline.com.newsblur.network.APIResponse: 	at baseline.com.newsblur.service.NBSyncService.access$100(NBSyncService.java:67)
08-06 14:00:45.384 31433 15297 E baseline.com.newsblur.network.APIResponse: 	at baseline.com.newsblur.service.NBSyncService$1.run(NBSyncService.java:188)
08-06 14:00:45.384 31433 15297 E baseline.com.newsblur.network.APIResponse: 	at java.util.concurrent.ThreadPoolExecutor.runWorker(ThreadPoolExecutor.java:1113)
08-06 14:00:45.384 31433 15297 E baseline.com.newsblur.network.APIResponse: 	at java.util.concurrent.ThreadPoolExecutor$Worker.run(ThreadPoolExecutor.java:588)
08-06 14:00:45.384 31433 15297 E baseline.com.newsblur.network.APIResponse: 	at java.lang.Thread.run(Thread.java:818)
08-06 14:00:45.384 31433 15297 E baseline.com.newsblur.network.APIResponse: Caused by: java.io.EOFException: \n not found: limit=0 content=
08-06 14:00:45.384 31433 15297 E baseline.com.newsblur.network.APIResponse: 	at okio.RealBufferedSource.readUtf8LineStrict(RealBufferedSource.java:240)
08-06 14:00:45.384 31433 15297 E baseline.com.newsblur.network.APIResponse: 	at okhttp3.internal.http1.Http1ExchangeCodec.readHeaderLine(Http1ExchangeCodec.java:242)
08-06 14:00:45.384 31433 15297 E baseline.com.newsblur.network.APIResponse: 	at okhttp3.internal.http1.Http1ExchangeCodec.readResponseHeaders(Http1ExchangeCodec.java:213)
08-06 14:00:45.384 31433 15297 E baseline.com.newsblur.network.APIResponse: 	... 30 more
08-06 14:00:45.385 31433 15297 I baseline.com.newsblur.service.NBSyncService: Holding reading action with server-side or network error.
08-06 14:00:45.393 31433 15297 W baseline.com.newsblur.service.NBSyncService: hard API failure
08-06 14:00:45.402 31433 15297 I baseline.com.newsblur.service.NBSyncService: recounting dirty feed sets: 1
08-06 14:00:45.483 31433 14620 I art     : Starting a blocking GC Explicit
08-06 14:00:45.532 31433 14620 I art     : Explicit concurrent mark sweep GC freed 4768(429KB) AllocSpace objects, 5(100KB) LOS objects, 29% free, 37MB/53MB, paused 1.581ms total 48.257ms
08-06 14:00:45.547 31433 14620 I art     : Starting a blocking GC Explicit
08-06 14:00:45.565 14376 14376 W Atfwd_Sendcmd: AtCmdFwd service not published, waiting... retryCnt : 4
08-06 14:00:45.595 31433 14620 I art     : Explicit concurrent mark sweep GC freed 282(10KB) AllocSpace objects, 0(0B) LOS objects, 29% free, 37MB/53MB, paused 1.388ms total 47.332ms
08-06 14:00:45.608 31433 14620 I art     : Starting a blocking GC Explicit
08-06 14:00:45.658 31433 14620 I art     : Explicit concurrent mark sweep GC freed 3(96B) AllocSpace objects, 0(0B) LOS objects, 29% free, 37MB/53MB, paused 1.649ms total 50.380ms
08-06 14:00:45.672 31433 14620 I art     : Starting a blocking GC Explicit
08-06 14:00:45.721 31433 14620 I art     : Explicit concurrent mark sweep GC freed 3(96B) AllocSpace objects, 0(0B) LOS objects, 29% free, 37MB/53MB, paused 1.375ms total 49.209ms
08-06 14:00:45.735 31433 14620 I art     : Starting a blocking GC Explicit
08-06 14:00:45.784 31433 14620 I art     : Explicit concurrent mark sweep GC freed 1657(65KB) AllocSpace objects, 0(0B) LOS objects, 29% free, 37MB/53MB, paused 1.590ms total 48.713ms
08-06 14:00:45.813 31433 15297 E baseline.com.newsblur.network.APIResponse: Error (unexpected end of stream on https://www.newsblur.com/...) calling https://www.newsblur.com/reader/feed_unread_count?feed_id=0
08-06 14:00:45.813 31433 15297 E baseline.com.newsblur.network.APIResponse: java.io.IOException: unexpected end of stream on https://www.newsblur.com/...
08-06 14:00:45.813 31433 15297 E baseline.com.newsblur.network.APIResponse: 	at okhttp3.internal.http1.Http1ExchangeCodec.readResponseHeaders(Http1ExchangeCodec.java:236)
08-06 14:00:45.813 31433 15297 E baseline.com.newsblur.network.APIResponse: 	at okhttp3.internal.connection.Exchange.readResponseHeaders(Exchange.java:115)
08-06 14:00:45.813 31433 15297 E baseline.com.newsblur.network.APIResponse: 	at okhttp3.internal.http.CallServerInterceptor.intercept(CallServerInterceptor.java:94)
08-06 14:00:45.813 31433 15297 E baseline.com.newsblur.network.APIResponse: 	at okhttp3.internal.http.RealInterceptorChain.proceed(RealInterceptorChain.java:142)
08-06 14:00:45.813 31433 15297 E baseline.com.newsblur.network.APIResponse: 	at okhttp3.internal.connection.ConnectInterceptor.intercept(ConnectInterceptor.java:43)
08-06 14:00:45.813 31433 15297 E baseline.com.newsblur.network.APIResponse: 	at okhttp3.internal.http.RealInterceptorChain.proceed(RealInterceptorChain.java:142)
08-06 14:00:45.813 31433 15297 E baseline.com.newsblur.network.APIResponse: 	at okhttp3.internal.http.RealInterceptorChain.proceed(RealInterceptorChain.java:117)
08-06 14:00:45.813 31433 15297 E baseline.com.newsblur.network.APIResponse: 	at okhttp3.internal.cache.CacheInterceptor.intercept(CacheInterceptor.java:94)
08-06 14:00:45.813 31433 15297 E baseline.com.newsblur.network.APIResponse: 	at okhttp3.internal.http.RealInterceptorChain.proceed(RealInterceptorChain.java:142)
08-06 14:00:45.813 31433 15297 E baseline.com.newsblur.network.APIResponse: 	at okhttp3.internal.http.RealInterceptorChain.proceed(RealInterceptorChain.java:117)
08-06 14:00:45.813 31433 15297 E baseline.com.newsblur.network.APIResponse: 	at okhttp3.internal.http.BridgeInterceptor.intercept(BridgeInterceptor.java:93)
08-06 14:00:45.813 31433 15297 E baseline.com.newsblur.network.APIResponse: 	at okhttp3.internal.http.RealInterceptorChain.proceed(RealInterceptorChain.java:142)
08-06 14:00:45.813 31433 15297 E baseline.com.newsblur.network.APIResponse: 	at okhttp3.internal.http.RetryAndFollowUpInterceptor.intercept(RetryAndFollowUpInterceptor.java:88)
08-06 14:00:45.813 31433 15297 E baseline.com.newsblur.network.APIResponse: 	at okhttp3.internal.http.RealInterceptorChain.proceed(RealInterceptorChain.java:142)
08-06 14:00:45.813 31433 15297 E baseline.com.newsblur.network.APIResponse: 	at okhttp3.internal.http.RealInterceptorChain.proceed(RealInterceptorChain.java:117)
08-06 14:00:45.813 31433 15297 E baseline.com.newsblur.network.APIResponse: 	at okhttp3.RealCall.getResponseWithInterceptorChain(RealCall.java:229)
08-06 14:00:45.813 31433 15297 E baseline.com.newsblur.network.APIResponse: 	at okhttp3.RealCall.execute(RealCall.java:81)
08-06 14:00:45.813 31433 15297 E baseline.com.newsblur.network.APIResponse: 	at baseline.com.newsblur.network.APIResponse.<init>(APIResponse.java:57)
08-06 14:00:45.813 31433 15297 E baseline.com.newsblur.network.APIResponse: 	at baseline.com.newsblur.network.APIManager.get_single(APIManager.java:639)
08-06 14:00:45.813 31433 15297 E baseline.com.newsblur.network.APIResponse: 	at baseline.com.newsblur.network.APIManager.get(APIManager.java:625)
08-06 14:00:45.813 31433 15297 E baseline.com.newsblur.network.APIResponse: 	at baseline.com.newsblur.network.APIManager.get(APIManager.java:667)
08-06 14:00:45.813 31433 15297 E baseline.com.newsblur.network.APIResponse: 	at baseline.com.newsblur.network.APIManager.getFeedUnreadCounts(APIManager.java:274)
08-06 14:00:45.813 31433 15297 E baseline.com.newsblur.network.APIResponse: 	at baseline.com.newsblur.service.NBSyncService.checkRecounts(NBSyncService.java:660)
08-06 14:00:45.813 31433 15297 E baseline.com.newsblur.network.APIResponse: 	at baseline.com.newsblur.service.NBSyncService.doSync(NBSyncService.java:310)
08-06 14:00:45.813 31433 15297 E baseline.com.newsblur.network.APIResponse: 	at baseline.com.newsblur.service.NBSyncService.access$100(NBSyncService.java:67)
08-06 14:00:45.813 31433 15297 E baseline.com.newsblur.network.APIResponse: 	at baseline.com.newsblur.service.NBSyncService$1.run(NBSyncService.java:188)
08-06 14:00:45.813 31433 15297 E baseline.com.newsblur.network.APIResponse: 	at java.util.concurrent.ThreadPoolExecutor.runWorker(ThreadPoolExecutor.java:1113)
08-06 14:00:45.813 31433 15297 E baseline.com.newsblur.network.APIResponse: 	at java.util.concurrent.ThreadPoolExecutor$Worker.run(ThreadPoolExecutor.java:588)
08-06 14:00:45.813 31433 15297 E baseline.com.newsblur.network.APIResponse: 	at java.lang.Thread.run(Thread.java:818)
08-06 14:00:45.813 31433 15297 E baseline.com.newsblur.network.APIResponse: Caused by: java.io.EOFException: \n not found: limit=0 content=
08-06 14:00:45.813 31433 15297 E baseline.com.newsblur.network.APIResponse: 	at okio.RealBufferedSource.readUtf8LineStrict(RealBufferedSource.java:240)
08-06 14:00:45.813 31433 15297 E baseline.com.newsblur.network.APIResponse: 	at okhttp3.internal.http1.Http1ExchangeCodec.readHeaderLine(Http1ExchangeCodec.java:242)
08-06 14:00:45.813 31433 15297 E baseline.com.newsblur.network.APIResponse: 	at okhttp3.internal.http1.Http1ExchangeCodec.readResponseHeaders(Http1ExchangeCodec.java:213)
08-06 14:00:45.813 31433 15297 E baseline.com.newsblur.network.APIResponse: 	... 28 more
08-06 14:00:45.816 31433 15297 I baseline.com.newsblur.network.APIManager: API call failed, pausing before retry number 1
08-06 14:00:46.150 31433 31446 I art     : Starting a blocking GC Explicit
08-06 14:00:46.197 31433 31446 I art     : Explicit concurrent mark sweep GC freed 2316(292KB) AllocSpace objects, 3(60KB) LOS objects, 29% free, 37MB/53MB, paused 1.263ms total 47.405ms
08-06 14:00:46.212 31433 31446 I art     : Starting a blocking GC Explicit
08-06 14:00:46.260 31433 31446 I art     : Explicit concurrent mark sweep GC freed 66(2480B) AllocSpace objects, 0(0B) LOS objects, 29% free, 37MB/53MB, paused 1.407ms total 48.144ms
08-06 14:00:46.274 31433 31446 I art     : Starting a blocking GC Explicit
08-06 14:00:46.322 31433 31446 I art     : Explicit concurrent mark sweep GC freed 3(96B) AllocSpace objects, 0(0B) LOS objects, 29% free, 37MB/53MB, paused 1.336ms total 47.808ms
08-06 14:00:46.335 31433 31446 I art     : Starting a blocking GC Explicit
08-06 14:00:46.384 31433 31446 I art     : Explicit concurrent mark sweep GC freed 3(96B) AllocSpace objects, 0(0B) LOS objects, 29% free, 37MB/53MB, paused 1.426ms total 48.797ms
08-06 14:00:46.397 31433 31446 I art     : Starting a blocking GC Explicit
08-06 14:00:46.446 31433 31446 I art     : Explicit concurrent mark sweep GC freed 3(96B) AllocSpace objects, 0(0B) LOS objects, 29% free, 37MB/53MB, paused 1.251ms total 48.945ms
08-06 14:00:46.847 31433 31444 I art     : Starting a blocking GC Explicit
08-06 14:00:46.898 31433 31444 I art     : Explicit concurrent mark sweep GC freed 1437(82KB) AllocSpace objects, 1(20KB) LOS objects, 29% free, 37MB/53MB, paused 1.459ms total 50.790ms
08-06 14:00:46.913 31433 31444 I art     : Starting a blocking GC Explicit
08-06 14:00:46.960 31433 31444 I art     : Explicit concurrent mark sweep GC freed 22(784B) AllocSpace objects, 0(0B) LOS objects, 29% free, 37MB/53MB, paused 1.334ms total 46.334ms
08-06 14:00:46.973 31433 31444 I art     : Starting a blocking GC Explicit
08-06 14:00:47.019 31433 31444 I art     : Explicit concurrent mark sweep GC freed 3(96B) AllocSpace objects, 0(0B) LOS objects, 29% free, 37MB/53MB, paused 1.429ms total 46.304ms
08-06 14:00:47.033 31433 31444 I art     : Starting a blocking GC Explicit
08-06 14:00:47.081 31433 31444 I art     : Explicit concurrent mark sweep GC freed 3(96B) AllocSpace objects, 0(0B) LOS objects, 29% free, 37MB/53MB, paused 1.573ms total 48.485ms
08-06 14:00:47.094 31433 31444 I art     : Starting a blocking GC Explicit
08-06 14:00:47.142 31433 31444 I art     : Explicit concurrent mark sweep GC freed 3(96B) AllocSpace objects, 0(0B) LOS objects, 29% free, 37MB/53MB, paused 1.390ms total 47.562ms
08-06 14:00:47.515 31433 14621 I art     : Starting a blocking GC Explicit
08-06 14:00:47.566 31433 14621 I art     : Explicit concurrent mark sweep GC freed 1605(91KB) AllocSpace objects, 1(20KB) LOS objects, 29% free, 37MB/53MB, paused 1.396ms total 50.713ms
08-06 14:00:47.582 31433 14621 I art     : Starting a blocking GC Explicit
08-06 14:00:47.628 31433 14621 I art     : Explicit concurrent mark sweep GC freed 28(1040B) AllocSpace objects, 0(0B) LOS objects, 29% free, 37MB/53MB, paused 1.576ms total 46.221ms
08-06 14:00:47.641 31433 14621 I art     : Starting a blocking GC Explicit
08-06 14:00:47.690 31433 14621 I art     : Explicit concurrent mark sweep GC freed 3(96B) AllocSpace objects, 0(0B) LOS objects, 29% free, 37MB/53MB, paused 1.506ms total 48.338ms
08-06 14:00:47.703 31433 14621 I art     : Starting a blocking GC Explicit
08-06 14:00:47.750 31433 14621 I art     : Explicit concurrent mark sweep GC freed 3(96B) AllocSpace objects, 0(0B) LOS objects, 29% free, 37MB/53MB, paused 1.548ms total 46.855ms
08-06 14:00:47.763 31433 14621 I art     : Starting a blocking GC Explicit
08-06 14:00:47.812 31433 14621 I art     : Explicit concurrent mark sweep GC freed 1463(58KB) AllocSpace objects, 0(0B) LOS objects, 29% free, 37MB/53MB, paused 1.510ms total 48.384ms
08-06 14:00:47.853 31433 15297 E baseline.com.newsblur.network.APIResponse: Error (unexpected end of stream on https://www.newsblur.com/...) calling https://www.newsblur.com/reader/feed_unread_count?feed_id=0
08-06 14:00:47.853 31433 15297 E baseline.com.newsblur.network.APIResponse: java.io.IOException: unexpected end of stream on https://www.newsblur.com/...
08-06 14:00:47.853 31433 15297 E baseline.com.newsblur.network.APIResponse: 	at okhttp3.internal.http1.Http1ExchangeCodec.readResponseHeaders(Http1ExchangeCodec.java:236)
08-06 14:00:47.853 31433 15297 E baseline.com.newsblur.network.APIResponse: 	at okhttp3.internal.connection.Exchange.readResponseHeaders(Exchange.java:115)
08-06 14:00:47.853 31433 15297 E baseline.com.newsblur.network.APIResponse: 	at okhttp3.internal.http.CallServerInterceptor.intercept(CallServerInterceptor.java:94)
08-06 14:00:47.853 31433 15297 E baseline.com.newsblur.network.APIResponse: 	at okhttp3.internal.http.RealInterceptorChain.proceed(RealInterceptorChain.java:142)
08-06 14:00:47.853 31433 15297 E baseline.com.newsblur.network.APIResponse: 	at okhttp3.internal.connection.ConnectInterceptor.intercept(ConnectInterceptor.java:43)
08-06 14:00:47.853 31433 15297 E baseline.com.newsblur.network.APIResponse: 	at okhttp3.internal.http.RealInterceptorChain.proceed(RealInterceptorChain.java:142)
08-06 14:00:47.853 31433 15297 E baseline.com.newsblur.network.APIResponse: 	at okhttp3.internal.http.RealInterceptorChain.proceed(RealInterceptorChain.java:117)
08-06 14:00:47.853 31433 15297 E baseline.com.newsblur.network.APIResponse: 	at okhttp3.internal.cache.CacheInterceptor.intercept(CacheInterceptor.java:94)
08-06 14:00:47.853 31433 15297 E baseline.com.newsblur.network.APIResponse: 	at okhttp3.internal.http.RealInterceptorChain.proceed(RealInterceptorChain.java:142)
08-06 14:00:47.853 31433 15297 E baseline.com.newsblur.network.APIResponse: 	at okhttp3.internal.http.RealInterceptorChain.proceed(RealInterceptorChain.java:117)
08-06 14:00:47.853 31433 15297 E baseline.com.newsblur.network.APIResponse: 	at okhttp3.internal.http.BridgeInterceptor.intercept(BridgeInterceptor.java:93)
08-06 14:00:47.853 31433 15297 E baseline.com.newsblur.network.APIResponse: 	at okhttp3.internal.http.RealInterceptorChain.proceed(RealInterceptorChain.java:142)
08-06 14:00:47.853 31433 15297 E baseline.com.newsblur.network.APIResponse: 	at okhttp3.internal.http.RetryAndFollowUpInterceptor.intercept(RetryAndFollowUpInterceptor.java:88)
08-06 14:00:47.853 31433 15297 E baseline.com.newsblur.network.APIResponse: 	at okhttp3.internal.http.RealInterceptorChain.proceed(RealInterceptorChain.java:142)
08-06 14:00:47.853 31433 15297 E baseline.com.newsblur.network.APIResponse: 	at okhttp3.internal.http.RealInterceptorChain.proceed(RealInterceptorChain.java:117)
08-06 14:00:47.853 31433 15297 E baseline.com.newsblur.network.APIResponse: 	at okhttp3.RealCall.getResponseWithInterceptorChain(RealCall.java:229)
08-06 14:00:47.853 31433 15297 E baseline.com.newsblur.network.APIResponse: 	at okhttp3.RealCall.execute(RealCall.java:81)
08-06 14:00:47.853 31433 15297 E baseline.com.newsblur.network.APIResponse: 	at baseline.com.newsblur.network.APIResponse.<init>(APIResponse.java:57)
08-06 14:00:47.853 31433 15297 E baseline.com.newsblur.network.APIResponse: 	at baseline.com.newsblur.network.APIManager.get_single(APIManager.java:639)
08-06 14:00:47.853 31433 15297 E baseline.com.newsblur.network.APIResponse: 	at baseline.com.newsblur.network.APIManager.get(APIManager.java:625)
08-06 14:00:47.853 31433 15297 E baseline.com.newsblur.network.APIResponse: 	at baseline.com.newsblur.network.APIManager.get(APIManager.java:667)
08-06 14:00:47.853 31433 15297 E baseline.com.newsblur.network.APIResponse: 	at baseline.com.newsblur.network.APIManager.getFeedUnreadCounts(APIManager.java:274)
08-06 14:00:47.853 31433 15297 E baseline.com.newsblur.network.APIResponse: 	at baseline.com.newsblur.service.NBSyncService.checkRecounts(NBSyncService.java:660)
08-06 14:00:47.853 31433 15297 E baseline.com.newsblur.network.APIResponse: 	at baseline.com.newsblur.service.NBSyncService.doSync(NBSyncService.java:310)
08-06 14:00:47.853 31433 15297 E baseline.com.newsblur.network.APIResponse: 	at baseline.com.newsblur.service.NBSyncService.access$100(NBSyncService.java:67)
08-06 14:00:47.853 31433 15297 E baseline.com.newsblur.network.APIResponse: 	at baseline.com.newsblur.service.NBSyncService$1.run(NBSyncService.java:188)
08-06 14:00:47.853 31433 15297 E baseline.com.newsblur.network.APIResponse: 	at java.util.concurrent.ThreadPoolExecutor.runWorker(ThreadPoolExecutor.java:1113)
08-06 14:00:47.853 31433 15297 E baseline.com.newsblur.network.APIResponse: 	at java.util.concurrent.ThreadPoolExecutor$Worker.run(ThreadPoolExecutor.java:588)
08-06 14:00:47.853 31433 15297 E baseline.com.newsblur.network.APIResponse: 	at java.lang.Thread.run(Thread.java:818)
08-06 14:00:47.853 31433 15297 E baseline.com.newsblur.network.APIResponse: Caused by: java.io.EOFException: \n not found: limit=0 content=
08-06 14:00:47.853 31433 15297 E baseline.com.newsblur.network.APIResponse: 	at okio.RealBufferedSource.readUtf8LineStrict(RealBufferedSource.java:240)
08-06 14:00:47.853 31433 15297 E baseline.com.newsblur.network.APIResponse: 	at okhttp3.internal.http1.Http1ExchangeCodec.readHeaderLine(Http1ExchangeCodec.java:242)
08-06 14:00:47.853 31433 15297 E baseline.com.newsblur.network.APIResponse: 	at okhttp3.internal.http1.Http1ExchangeCodec.readResponseHeaders(Http1ExchangeCodec.java:213)
08-06 14:00:47.853 31433 15297 E baseline.com.newsblur.network.APIResponse: 	... 28 more
08-06 14:00:47.855 31433 15297 I baseline.com.newsblur.network.APIManager: API call failed, pausing before retry number 2
08-06 14:00:48.188 31433 14620 I art     : Starting a blocking GC Explicit
08-06 14:00:48.238 31433 14620 I art     : Explicit concurrent mark sweep GC freed 2496(298KB) AllocSpace objects, 3(60KB) LOS objects, 29% free, 37MB/53MB, paused 1.494ms total 49.572ms
08-06 14:00:48.251 31433 14620 I art     : Starting a blocking GC Explicit
08-06 14:00:48.300 31433 14620 I art     : Explicit concurrent mark sweep GC freed 79(3056B) AllocSpace objects, 0(0B) LOS objects, 29% free, 37MB/53MB, paused 1.376ms total 49.092ms
08-06 14:00:48.314 31433 14620 I art     : Starting a blocking GC Explicit
08-06 14:00:48.362 31433 14620 I art     : Explicit concurrent mark sweep GC freed 6(192B) AllocSpace objects, 0(0B) LOS objects, 29% free, 37MB/53MB, paused 1.381ms total 48.023ms
08-06 14:00:48.375 31433 14620 I art     : Starting a blocking GC Explicit
08-06 14:00:48.425 31433 14620 I art     : Explicit concurrent mark sweep GC freed 15(656B) AllocSpace objects, 0(0B) LOS objects, 29% free, 37MB/53MB, paused 1.381ms total 49.721ms
08-06 14:00:48.439 31433 14620 I art     : Starting a blocking GC Explicit
08-06 14:00:48.487 31433 14620 I art     : Explicit concurrent mark sweep GC freed 12(448B) AllocSpace objects, 0(0B) LOS objects, 29% free, 37MB/53MB, paused 1.364ms total 47.618ms
08-06 14:00:48.882 31433 31446 I art     : Starting a blocking GC Explicit
08-06 14:00:48.933 31433 31446 I art     : Explicit concurrent mark sweep GC freed 2426(131KB) AllocSpace objects, 1(20KB) LOS objects, 29% free, 37MB/53MB, paused 1.275ms total 50.388ms
08-06 14:00:48.950 31433 31446 I art     : Starting a blocking GC Explicit
08-06 14:00:48.996 31433 31446 I art     : Explicit concurrent mark sweep GC freed 933(66KB) AllocSpace objects, 0(0B) LOS objects, 29% free, 37MB/53MB, paused 1.444ms total 45.741ms
08-06 14:00:49.009 31433 31446 I art     : Starting a blocking GC Explicit
08-06 14:00:49.055 31433 31446 I art     : Explicit concurrent mark sweep GC freed 284(13KB) AllocSpace objects, 0(0B) LOS objects, 29% free, 37MB/53MB, paused 1.316ms total 46.155ms
08-06 14:00:49.068 31433 31446 I art     : Starting a blocking GC Explicit
08-06 14:00:49.113 31433 31446 I art     : Explicit concurrent mark sweep GC freed 437(30KB) AllocSpace objects, 0(0B) LOS objects, 29% free, 37MB/53MB, paused 1.348ms total 44.737ms
08-06 14:00:49.127 31433 31446 I art     : Starting a blocking GC Explicit
08-06 14:00:49.175 31433 31446 I art     : Explicit concurrent mark sweep GC freed 21(1232B) AllocSpace objects, 0(0B) LOS objects, 29% free, 37MB/53MB, paused 1.352ms total 48.291ms
08-06 14:00:49.564 31433 31444 I art     : Starting a blocking GC Explicit
08-06 14:00:49.613 31433 31444 I art     : Explicit concurrent mark sweep GC freed 1437(82KB) AllocSpace objects, 1(20KB) LOS objects, 29% free, 37MB/53MB, paused 1.376ms total 48.225ms
08-06 14:00:49.626 31433 31444 I art     : Starting a blocking GC Explicit
08-06 14:00:49.675 31433 31444 I art     : Explicit concurrent mark sweep GC freed 22(784B) AllocSpace objects, 0(0B) LOS objects, 29% free, 37MB/53MB, paused 1.371ms total 48.491ms
08-06 14:00:49.688 31433 31444 I art     : Starting a blocking GC Explicit
08-06 14:00:49.735 31433 31444 I art     : Explicit concurrent mark sweep GC freed 3(96B) AllocSpace objects, 0(0B) LOS objects, 29% free, 37MB/53MB, paused 1.385ms total 46.976ms
08-06 14:00:49.749 31433 31444 I art     : Starting a blocking GC Explicit
08-06 14:00:49.798 31433 31444 I art     : Explicit concurrent mark sweep GC freed 3(96B) AllocSpace objects, 0(0B) LOS objects, 29% free, 37MB/53MB, paused 1.472ms total 49ms
08-06 14:00:49.811 31433 31444 I art     : Starting a blocking GC Explicit
08-06 14:00:49.858 31433 31444 I art     : Explicit concurrent mark sweep GC freed 3(96B) AllocSpace objects, 0(0B) LOS objects, 29% free, 37MB/53MB, paused 1.472ms total 46.703ms
08-06 14:00:50.220 31433 14621 I art     : Starting a blocking GC Explicit
08-06 14:00:50.270 31433 14621 I art     : Explicit concurrent mark sweep GC freed 1437(82KB) AllocSpace objects, 1(20KB) LOS objects, 29% free, 37MB/53MB, paused 1.414ms total 49.202ms
08-06 14:00:50.285 31433 14621 I art     : Starting a blocking GC Explicit
08-06 14:00:50.330 31433 14621 I art     : Explicit concurrent mark sweep GC freed 22(784B) AllocSpace objects, 0(0B) LOS objects, 29% free, 37MB/53MB, paused 1.327ms total 45.017ms
08-06 14:00:50.343 31433 14621 I art     : Starting a blocking GC Explicit
08-06 14:00:50.390 31433 14621 I art     : Explicit concurrent mark sweep GC freed 3(96B) AllocSpace objects, 0(0B) LOS objects, 29% free, 37MB/53MB, paused 1.414ms total 46.782ms
08-06 14:00:50.403 31433 14621 I art     : Starting a blocking GC Explicit
08-06 14:00:50.449 31433 14621 I art     : Explicit concurrent mark sweep GC freed 3(96B) AllocSpace objects, 0(0B) LOS objects, 29% free, 37MB/53MB, paused 1.297ms total 45.764ms
08-06 14:00:50.462 31433 14621 I art     : Starting a blocking GC Explicit
08-06 14:00:50.510 31433 14621 I art     : Explicit concurrent mark sweep GC freed 3(96B) AllocSpace objects, 0(0B) LOS objects, 29% free, 37MB/53MB, paused 1.383ms total 48.069ms
08-06 14:00:50.882 31433 14620 I art     : Starting a blocking GC Explicit
08-06 14:00:50.930 31433 14620 I art     : Explicit concurrent mark sweep GC freed 1530(86KB) AllocSpace objects, 1(20KB) LOS objects, 29% free, 37MB/53MB, paused 1.386ms total 48.411ms
08-06 14:00:50.947 31433 14620 I art     : Starting a blocking GC Explicit
08-06 14:00:50.993 31433 14620 I art     : Explicit concurrent mark sweep GC freed 93(4KB) AllocSpace objects, 0(0B) LOS objects, 29% free, 37MB/53MB, paused 1.440ms total 45.991ms
08-06 14:00:51.006 31433 14620 I art     : Starting a blocking GC Explicit
08-06 14:00:51.053 31433 14620 I art     : Explicit concurrent mark sweep GC freed 12(1408B) AllocSpace objects, 0(0B) LOS objects, 29% free, 37MB/53MB, paused 1.299ms total 46.433ms
08-06 14:00:51.066 31433 14620 I art     : Starting a blocking GC Explicit
08-06 14:00:51.115 31433 14620 I art     : Explicit concurrent mark sweep GC freed 3(96B) AllocSpace objects, 0(0B) LOS objects, 29% free, 37MB/53MB, paused 1.410ms total 48.404ms
08-06 14:00:51.128 31433 14620 I art     : Starting a blocking GC Explicit
08-06 14:00:51.176 31433 14620 I art     : Explicit concurrent mark sweep GC freed 3(96B) AllocSpace objects, 0(0B) LOS objects, 29% free, 37MB/53MB, paused 1.341ms total 47.528ms
08-06 14:00:51.427 31433 15297 E baseline.com.newsblur.network.APIResponse: Error (unexpected end of stream on https://www.newsblur.com/...) calling https://www.newsblur.com/reader/feed_unread_count?feed_id=0
08-06 14:00:51.427 31433 15297 E baseline.com.newsblur.network.APIResponse: java.io.IOException: unexpected end of stream on https://www.newsblur.com/...
08-06 14:00:51.427 31433 15297 E baseline.com.newsblur.network.APIResponse: 	at okhttp3.internal.http1.Http1ExchangeCodec.readResponseHeaders(Http1ExchangeCodec.java:236)
08-06 14:00:51.427 31433 15297 E baseline.com.newsblur.network.APIResponse: 	at okhttp3.internal.connection.Exchange.readResponseHeaders(Exchange.java:115)
08-06 14:00:51.427 31433 15297 E baseline.com.newsblur.network.APIResponse: 	at okhttp3.internal.http.CallServerInterceptor.intercept(CallServerInterceptor.java:94)
08-06 14:00:51.427 31433 15297 E baseline.com.newsblur.network.APIResponse: 	at okhttp3.internal.http.RealInterceptorChain.proceed(RealInterceptorChain.java:142)
08-06 14:00:51.427 31433 15297 E baseline.com.newsblur.network.APIResponse: 	at okhttp3.internal.connection.ConnectInterceptor.intercept(ConnectInterceptor.java:43)
08-06 14:00:51.427 31433 15297 E baseline.com.newsblur.network.APIResponse: 	at okhttp3.internal.http.RealInterceptorChain.proceed(RealInterceptorChain.java:142)
08-06 14:00:51.427 31433 15297 E baseline.com.newsblur.network.APIResponse: 	at okhttp3.internal.http.RealInterceptorChain.proceed(RealInterceptorChain.java:117)
08-06 14:00:51.427 31433 15297 E baseline.com.newsblur.network.APIResponse: 	at okhttp3.internal.cache.CacheInterceptor.intercept(CacheInterceptor.java:94)
08-06 14:00:51.427 31433 15297 E baseline.com.newsblur.network.APIResponse: 	at okhttp3.internal.http.RealInterceptorChain.proceed(RealInterceptorChain.java:142)
08-06 14:00:51.427 31433 15297 E baseline.com.newsblur.network.APIResponse: 	at okhttp3.internal.http.RealInterceptorChain.proceed(RealInterceptorChain.java:117)
08-06 14:00:51.427 31433 15297 E baseline.com.newsblur.network.APIResponse: 	at okhttp3.internal.http.BridgeInterceptor.intercept(BridgeInterceptor.java:93)
08-06 14:00:51.427 31433 15297 E baseline.com.newsblur.network.APIResponse: 	at okhttp3.internal.http.RealInterceptorChain.proceed(RealInterceptorChain.java:142)
08-06 14:00:51.427 31433 15297 E baseline.com.newsblur.network.APIResponse: 	at okhttp3.internal.http.RetryAndFollowUpInterceptor.intercept(RetryAndFollowUpInterceptor.java:88)
08-06 14:00:51.427 31433 15297 E baseline.com.newsblur.network.APIResponse: 	at okhttp3.internal.http.RealInterceptorChain.proceed(RealInterceptorChain.java:142)
08-06 14:00:51.427 31433 15297 E baseline.com.newsblur.network.APIResponse: 	at okhttp3.internal.http.RealInterceptorChain.proceed(RealInterceptorChain.java:117)
08-06 14:00:51.427 31433 15297 E baseline.com.newsblur.network.APIResponse: 	at okhttp3.RealCall.getResponseWithInterceptorChain(RealCall.java:229)
08-06 14:00:51.427 31433 15297 E baseline.com.newsblur.network.APIResponse: 	at okhttp3.RealCall.execute(RealCall.java:81)
08-06 14:00:51.427 31433 15297 E baseline.com.newsblur.network.APIResponse: 	at baseline.com.newsblur.network.APIResponse.<init>(APIResponse.java:57)
08-06 14:00:51.427 31433 15297 E baseline.com.newsblur.network.APIResponse: 	at baseline.com.newsblur.network.APIManager.get_single(APIManager.java:639)
08-06 14:00:51.427 31433 15297 E baseline.com.newsblur.network.APIResponse: 	at baseline.com.newsblur.network.APIManager.get(APIManager.java:625)
08-06 14:00:51.427 31433 15297 E baseline.com.newsblur.network.APIResponse: 	at baseline.com.newsblur.network.APIManager.get(APIManager.java:667)
08-06 14:00:51.427 31433 15297 E baseline.com.newsblur.network.APIResponse: 	at baseline.com.newsblur.network.APIManager.getFeedUnreadCounts(APIManager.java:274)
08-06 14:00:51.427 31433 15297 E baseline.com.newsblur.network.APIResponse: 	at baseline.com.newsblur.service.NBSyncService.checkRecounts(NBSyncService.java:660)
08-06 14:00:51.427 31433 15297 E baseline.com.newsblur.network.APIResponse: 	at baseline.com.newsblur.service.NBSyncService.doSync(NBSyncService.java:310)
08-06 14:00:51.427 31433 15297 E baseline.com.newsblur.network.APIResponse: 	at baseline.com.newsblur.service.NBSyncService.access$100(NBSyncService.java:67)
08-06 14:00:51.427 31433 15297 E baseline.com.newsblur.network.APIResponse: 	at baseline.com.newsblur.service.NBSyncService$1.run(NBSyncService.java:188)
08-06 14:00:51.427 31433 15297 E baseline.com.newsblur.network.APIResponse: 	at java.util.concurrent.ThreadPoolExecutor.runWorker(ThreadPoolExecutor.java:1113)
08-06 14:00:51.427 31433 15297 E baseline.com.newsblur.network.APIResponse: 	at java.util.concurrent.ThreadPoolExecutor$Worker.run(ThreadPoolExecutor.java:588)
08-06 14:00:51.427 31433 15297 E baseline.com.newsblur.network.APIResponse: 	at java.lang.Thread.run(Thread.java:818)
08-06 14:00:51.427 31433 15297 E baseline.com.newsblur.network.APIResponse: Caused by: java.io.EOFException: \n not found: limit=0 content=
08-06 14:00:51.427 31433 15297 E baseline.com.newsblur.network.APIResponse: 	at okio.RealBufferedSource.readUtf8LineStrict(RealBufferedSource.java:240)
08-06 14:00:51.427 31433 15297 E baseline.com.newsblur.network.APIResponse: 	at okhttp3.internal.http1.Http1ExchangeCodec.readHeaderLine(Http1ExchangeCodec.java:242)
08-06 14:00:51.427 31433 15297 E baseline.com.newsblur.network.APIResponse: 	at okhttp3.internal.http1.Http1ExchangeCodec.readResponseHeaders(Http1ExchangeCodec.java:213)
08-06 14:00:51.427 31433 15297 E baseline.com.newsblur.network.APIResponse: 	... 28 more
08-06 14:00:51.429 31433 15297 W baseline.com.newsblur.service.NBSyncService: Bad response to feed_unread_count
08-06 14:00:51.451   518   646 I ThermalEngine: ACTION: GPU - Setting GPU[0] to 510000000
08-06 14:00:51.547 31433 31446 I art     : Starting a blocking GC Explicit
08-06 14:00:51.584 31433 31446 I art     : Explicit concurrent mark sweep GC freed 4448(422KB) AllocSpace objects, 6(120KB) LOS objects, 29% free, 37MB/53MB, paused 1.070ms total 37.284ms
08-06 14:00:51.595 31433 31446 I art     : Starting a blocking GC Explicit
08-06 14:00:51.631 31433 31446 I art     : Explicit concurrent mark sweep GC freed 136(5KB) AllocSpace objects, 0(0B) LOS objects, 29% free, 37MB/53MB, paused 1.043ms total 35.411ms
08-06 14:00:51.641 31433 31446 I art     : Starting a blocking GC Explicit
08-06 14:00:51.677 31433 31446 I art     : Explicit concurrent mark sweep GC freed 3(96B) AllocSpace objects, 0(0B) LOS objects, 29% free, 37MB/53MB, paused 996us total 35.812ms
08-06 14:00:51.687 31433 31446 I art     : Starting a blocking GC Explicit
08-06 14:00:51.722 31433 31446 I art     : Explicit concurrent mark sweep GC freed 3(96B) AllocSpace objects, 0(0B) LOS objects, 29% free, 37MB/53MB, paused 989us total 34.802ms
08-06 14:00:51.732 31433 31446 I art     : Starting a blocking GC Explicit
08-06 14:00:51.765 31433 31446 I art     : Explicit concurrent mark sweep GC freed 3(96B) AllocSpace objects, 0(0B) LOS objects, 29% free, 37MB/53MB, paused 1.015ms total 33.243ms
08-06 14:00:51.961 31433 15297 E baseline.com.newsblur.network.APIResponse: Error (unexpected end of stream on https://www.newsblur.com/...) calling https://www.newsblur.com/reader/mark_story_hashes_as_read/
08-06 14:00:51.961 31433 15297 E baseline.com.newsblur.network.APIResponse: java.io.IOException: unexpected end of stream on https://www.newsblur.com/...
08-06 14:00:51.961 31433 15297 E baseline.com.newsblur.network.APIResponse: 	at okhttp3.internal.http1.Http1ExchangeCodec.readResponseHeaders(Http1ExchangeCodec.java:236)
08-06 14:00:51.961 31433 15297 E baseline.com.newsblur.network.APIResponse: 	at okhttp3.internal.connection.Exchange.readResponseHeaders(Exchange.java:115)
08-06 14:00:51.961 31433 15297 E baseline.com.newsblur.network.APIResponse: 	at okhttp3.internal.http.CallServerInterceptor.intercept(CallServerInterceptor.java:94)
08-06 14:00:51.961 31433 15297 E baseline.com.newsblur.network.APIResponse: 	at okhttp3.internal.http.RealInterceptorChain.proceed(RealInterceptorChain.java:142)
08-06 14:00:51.961 31433 15297 E baseline.com.newsblur.network.APIResponse: 	at okhttp3.internal.connection.ConnectInterceptor.intercept(ConnectInterceptor.java:43)
08-06 14:00:51.961 31433 15297 E baseline.com.newsblur.network.APIResponse: 	at okhttp3.internal.http.RealInterceptorChain.proceed(RealInterceptorChain.java:142)
08-06 14:00:51.961 31433 15297 E baseline.com.newsblur.network.APIResponse: 	at okhttp3.internal.http.RealInterceptorChain.proceed(RealInterceptorChain.java:117)
08-06 14:00:51.961 31433 15297 E baseline.com.newsblur.network.APIResponse: 	at okhttp3.internal.cache.CacheInterceptor.intercept(CacheInterceptor.java:94)
08-06 14:00:51.961 31433 15297 E baseline.com.newsblur.network.APIResponse: 	at okhttp3.internal.http.RealInterceptorChain.proceed(RealInterceptorChain.java:142)
08-06 14:00:51.961 31433 15297 E baseline.com.newsblur.network.APIResponse: 	at okhttp3.internal.http.RealInterceptorChain.proceed(RealInterceptorChain.java:117)
08-06 14:00:51.961 31433 15297 E baseline.com.newsblur.network.APIResponse: 	at okhttp3.internal.http.BridgeInterceptor.intercept(BridgeInterceptor.java:93)
08-06 14:00:51.961 31433 15297 E baseline.com.newsblur.network.APIResponse: 	at okhttp3.internal.http.RealInterceptorChain.proceed(RealInterceptorChain.java:142)
08-06 14:00:51.961 31433 15297 E baseline.com.newsblur.network.APIResponse: 	at okhttp3.internal.http.RetryAndFollowUpInterceptor.intercept(RetryAndFollowUpInterceptor.java:88)
08-06 14:00:51.961 31433 15297 E baseline.com.newsblur.network.APIResponse: 	at okhttp3.internal.http.RealInterceptorChain.proceed(RealInterceptorChain.java:142)
08-06 14:00:51.961 31433 15297 E baseline.com.newsblur.network.APIResponse: 	at okhttp3.internal.http.RealInterceptorChain.proceed(RealInterceptorChain.java:117)
08-06 14:00:51.961 31433 15297 E baseline.com.newsblur.network.APIResponse: 	at okhttp3.RealCall.getResponseWithInterceptorChain(RealCall.java:229)
08-06 14:00:51.961 31433 15297 E baseline.com.newsblur.network.APIResponse: 	at okhttp3.RealCall.execute(RealCall.java:81)
08-06 14:00:51.961 31433 15297 E baseline.com.newsblur.network.APIResponse: 	at baseline.com.newsblur.network.APIResponse.<init>(APIResponse.java:57)
08-06 14:00:51.961 31433 15297 E baseline.com.newsblur.network.APIResponse: 	at baseline.com.newsblur.network.APIResponse.<init>(APIResponse.java:43)
08-06 14:00:51.961 31433 15297 E baseline.com.newsblur.network.APIResponse: 	at baseline.com.newsblur.network.APIManager.post_single(APIManager.java:702)
08-06 14:00:51.961 31433 15297 E baseline.com.newsblur.network.APIResponse: 	at baseline.com.newsblur.network.APIManager.post(APIManager.java:675)
08-06 14:00:51.961 31433 15297 E baseline.com.newsblur.network.APIResponse: 	at baseline.com.newsblur.network.APIManager.post(APIManager.java:714)
08-06 14:00:51.961 31433 15297 E baseline.com.newsblur.network.APIResponse: 	at baseline.com.newsblur.network.APIManager.markStoryAsRead(APIManager.java:205)
08-06 14:00:51.961 31433 15297 E baseline.com.newsblur.network.APIResponse: 	at baseline.com.newsblur.util.ReadingAction.doRemote(ReadingAction.java:281)
08-06 14:00:51.961 31433 15297 E baseline.com.newsblur.network.APIResponse: 	at baseline.com.newsblur.service.NBSyncService.syncActions(NBSyncService.java:400)
08-06 14:00:51.961 31433 15297 E baseline.com.newsblur.network.APIResponse: 	at baseline.com.newsblur.service.NBSyncService.doSync(NBSyncService.java:298)
08-06 14:00:51.961 31433 15297 E baseline.com.newsblur.network.APIResponse: 	at baseline.com.newsblur.service.NBSyncService.access$100(NBSyncService.java:67)
08-06 14:00:51.961 31433 15297 E baseline.com.newsblur.network.APIResponse: 	at baseline.com.newsblur.service.NBSyncService$1.run(NBSyncService.java:188)
08-06 14:00:51.961 31433 15297 E baseline.com.newsblur.network.APIResponse: 	at java.util.concurrent.ThreadPoolExecutor.runWorker(ThreadPoolExecutor.java:1113)
08-06 14:00:51.961 31433 15297 E baseline.com.newsblur.network.APIResponse: 	at java.util.concurrent.ThreadPoolExecutor$Worker.run(ThreadPoolExecutor.java:588)
08-06 14:00:51.961 31433 15297 E baseline.com.newsblur.network.APIResponse: 	at java.lang.Thread.run(Thread.java:818)
08-06 14:00:51.961 31433 15297 E baseline.com.newsblur.network.APIResponse: Caused by: java.io.EOFException: \n not found: limit=0 content=
08-06 14:00:51.961 31433 15297 E baseline.com.newsblur.network.APIResponse: 	at okio.RealBufferedSource.readUtf8LineStrict(RealBufferedSource.java:240)
08-06 14:00:51.961 31433 15297 E baseline.com.newsblur.network.APIResponse: 	at okhttp3.internal.http1.Http1ExchangeCodec.readHeaderLine(Http1ExchangeCodec.java:242)
08-06 14:00:51.961 31433 15297 E baseline.com.newsblur.network.APIResponse: 	at okhttp3.internal.http1.Http1ExchangeCodec.readResponseHeaders(Http1ExchangeCodec.java:213)
08-06 14:00:51.961 31433 15297 E baseline.com.newsblur.network.APIResponse: 	... 30 more
08-06 14:00:51.963 31433 15297 I baseline.com.newsblur.network.APIManager: API call failed, pausing before retry number 1
08-06 14:00:52.087 31433 31444 I art     : Starting a blocking GC Explicit
08-06 14:00:52.113 15641 15641 D AndroidRuntime: >>>>>> START com.android.internal.os.RuntimeInit uid 2000 <<<<<<
08-06 14:00:52.118 15641 15641 D AndroidRuntime: CheckJNI is OFF
08-06 14:00:52.123 31433 31444 I art     : Explicit concurrent mark sweep GC freed 3944(357KB) AllocSpace objects, 3(60KB) LOS objects, 29% free, 37MB/53MB, paused 1.127ms total 35.685ms
08-06 14:00:52.133 31433 31444 I art     : Starting a blocking GC Explicit
08-06 14:00:52.153 15641 15641 D ICU     : No timezone override file found: /data/misc/zoneinfo/current/icu/icu_tzdata.dat
08-06 14:00:52.167 31433 31444 I art     : Explicit concurrent mark sweep GC freed 109(3KB) AllocSpace objects, 0(0B) LOS objects, 29% free, 37MB/53MB, paused 1.105ms total 33.205ms
08-06 14:00:52.177 31433 31444 I art     : Starting a blocking GC Explicit
08-06 14:00:52.186 15641 15641 I Radio-JNI: register_android_hardware_Radio DONE
08-06 14:00:52.207 15641 15641 D AndroidRuntime: Calling main entry com.android.commands.input.Input
08-06 14:00:52.209 15641 15641 I Input   : injectMotionEvent: MotionEvent { action=ACTION_DOWN, actionButton=0, id[0]=0, x[0]=436.0, y[0]=453.0, toolType[0]=TOOL_TYPE_UNKNOWN, buttonState=0, metaState=0, flags=0x0, edgeFlags=0x0, pointerCount=1, historySize=0, eventTime=885668621, downTime=885668621, deviceId=0, source=0x1002 }
08-06 14:00:52.210 31433 31444 I art     : Explicit concurrent mark sweep GC freed 3(96B) AllocSpace objects, 0(0B) LOS objects, 29% free, 37MB/53MB, paused 1.085ms total 32.450ms
08-06 14:00:52.214 15641 15641 I Input   : injectMotionEvent: MotionEvent { action=ACTION_UP, actionButton=0, id[0]=0, x[0]=436.0, y[0]=453.0, toolType[0]=TOOL_TYPE_UNKNOWN, buttonState=0, metaState=0, flags=0x0, edgeFlags=0x0, pointerCount=1, historySize=0, eventTime=885668621, downTime=885668621, deviceId=0, source=0x1002 }
08-06 14:00:52.216 15641 15641 D AndroidRuntime: Shutting down VM
08-06 14:00:52.219 31433 31444 I art     : Starting a blocking GC Explicit
08-06 14:00:52.220   512  2967 D audio_hw_primary: out_set_parameters: enter: usecase(1: low-latency-playback) kvpairs: routing=2
08-06 14:00:52.227   918  3359 I ActivityManager: START u0 {cmp=baseline.com.newsblur/.activity.GlobalSharedStoriesReading (has extras)} from uid 10698 on display 0
08-06 14:00:52.233   512  2967 D audio_hw_primary: select_devices: out_snd_device(2: speaker) in_snd_device(0: none)
08-06 14:00:52.233   512  2967 D msm8974_platform: platform_send_audio_calibration: sending audio calibration for snd_device(2) acdb_id(15)
08-06 14:00:52.233   512  2967 I soundtrigger: audio_extn_sound_trigger_update_device_status: device 0x2 of type 0 for Event 1
08-06 14:00:52.245   512  2967 D audio_hw_primary: enable_snd_device: snd_device(2: speaker)
08-06 14:00:52.248   512  2967 D audio_hw_primary: enable_audio_route: apply and update mixer path: low-latency-playback speaker
08-06 14:00:52.256 31433 31444 I art     : Explicit concurrent mark sweep GC freed 650(85KB) AllocSpace objects, 2(40KB) LOS objects, 29% free, 37MB/53MB, paused 1.203ms total 36.794ms
08-06 14:00:52.265 31433 31444 I art     : Starting a blocking GC Explicit
08-06 14:00:52.297 31433 31444 I art     : Explicit concurrent mark sweep GC freed 985(65KB) AllocSpace objects, 1(112KB) LOS objects, 29% free, 38MB/54MB, paused 1.054ms total 32.257ms
08-06 14:00:52.444 13866 13866 I GoogleInputMethodServic: GoogleInputMethodService.onFinishInput():3138 
08-06 14:00:52.445 13866 13866 I GoogleInputMethodServic: GoogleInputMethodService.onStartInput():1808 
08-06 14:00:52.447   918   936 I ActivityManager: Displayed baseline.com.newsblur/.activity.GlobalSharedStoriesReading: +211ms
08-06 14:00:52.620 31433 31446 I art     : Starting a blocking GC Explicit
08-06 14:00:52.658 31433 31446 I art     : Explicit concurrent mark sweep GC freed 4476(361KB) AllocSpace objects, 15(672KB) LOS objects, 29% free, 38MB/54MB, paused 1.292ms total 37.468ms
08-06 14:00:52.668 31433 31446 I art     : Starting a blocking GC Explicit
08-06 14:00:52.671 31433 14966 E chromium: [ERROR:tile_manager.cc(793)] WARNING: tile memory limits exceeded, some content may not draw
08-06 14:00:52.671 31433 14966 E chromium: [ERROR:tile_manager.cc(793)] WARNING: tile memory limits exceeded, some content may not draw
08-06 14:00:52.703 31433 31446 I art     : Explicit concurrent mark sweep GC freed 1184(55KB) AllocSpace objects, 1(28KB) LOS objects, 29% free, 38MB/54MB, paused 1.008ms total 34.812ms
08-06 14:00:52.713 31433 31446 I art     : Starting a blocking GC Explicit
08-06 14:00:52.745 31433 31446 I art     : Explicit concurrent mark sweep GC freed 3(96B) AllocSpace objects, 0(0B) LOS objects, 29% free, 38MB/54MB, paused 901us total 32.057ms
08-06 14:00:52.754 31433 31446 I art     : Starting a blocking GC Explicit
08-06 14:00:52.789   512  2967 D audio_hw_primary: disable_audio_route: reset and update mixer path: low-latency-playback speaker
08-06 14:00:52.789 31433 31446 I art     : Explicit concurrent mark sweep GC freed 3(96B) AllocSpace objects, 0(0B) LOS objects, 29% free, 38MB/54MB, paused 978us total 34.620ms
08-06 14:00:52.790   512  2967 D audio_hw_primary: disable_snd_device: snd_device(2: speaker)
08-06 14:00:52.797   512  2967 I soundtrigger: audio_extn_sound_trigger_update_device_status: device 0x2 of type 0 for Event 0
08-06 14:00:52.799 31433 31446 I art     : Starting a blocking GC Explicit
08-06 14:00:52.836 31433 31446 I art     : Explicit concurrent mark sweep GC freed 3(96B) AllocSpace objects, 0(0B) LOS objects, 29% free, 38MB/54MB, paused 994us total 36.431ms
08-06 14:00:53.247 31433 31444 I art     : Starting a blocking GC Explicit
08-06 14:00:53.288 31433 31444 I art     : Explicit concurrent mark sweep GC freed 1585(100KB) AllocSpace objects, 2(40KB) LOS objects, 29% free, 38MB/54MB, paused 1.208ms total 40.982ms
08-06 14:00:53.299 31433 31444 I art     : Starting a blocking GC Explicit
08-06 14:00:53.339 31433 31444 I art     : Explicit concurrent mark sweep GC freed 29(1072B) AllocSpace objects, 0(0B) LOS objects, 29% free, 38MB/54MB, paused 1.142ms total 39.554ms
08-06 14:00:53.350 31433 31444 I art     : Starting a blocking GC Explicit
08-06 14:00:53.389 31433 31444 I art     : Explicit concurrent mark sweep GC freed 3(96B) AllocSpace objects, 0(0B) LOS objects, 29% free, 38MB/54MB, paused 1.135ms total 39.107ms
08-06 14:00:53.400 31433 31444 I art     : Starting a blocking GC Explicit
08-06 14:00:53.440 31433 31444 I art     : Explicit concurrent mark sweep GC freed 3(96B) AllocSpace objects, 0(0B) LOS objects, 29% free, 38MB/54MB, paused 1.090ms total 39.527ms
08-06 14:00:53.451 31433 31444 I art     : Starting a blocking GC Explicit
08-06 14:00:53.457   518   646 I ThermalEngine: ACTION: GPU - Setting GPU[0] to 450000000
08-06 14:00:53.499 31433 31444 I art     : Explicit concurrent mark sweep GC freed 94(3KB) AllocSpace objects, 0(0B) LOS objects, 29% free, 38MB/54MB, paused 1.581ms total 47.962ms
08-06 14:00:53.856 31433 14621 I art     : Starting a blocking GC Explicit
08-06 14:00:53.903 31433 14621 I art     : Explicit concurrent mark sweep GC freed 1570(90KB) AllocSpace objects, 1(20KB) LOS objects, 29% free, 38MB/54MB, paused 1.823ms total 47.373ms
08-06 14:00:53.917 31433 14621 I art     : Starting a blocking GC Explicit
08-06 14:00:53.965 31433 14621 I art     : Explicit concurrent mark sweep GC freed 1678(65KB) AllocSpace objects, 0(0B) LOS objects, 29% free, 38MB/54MB, paused 1.498ms total 47.570ms
08-06 14:00:53.978 31433 14621 I art     : Starting a blocking GC Explicit
08-06 14:00:54.001 31433 15297 E baseline.com.newsblur.network.APIResponse: Error (unexpected end of stream on https://www.newsblur.com/...) calling https://www.newsblur.com/reader/mark_story_hashes_as_read/
08-06 14:00:54.001 31433 15297 E baseline.com.newsblur.network.APIResponse: java.io.IOException: unexpected end of stream on https://www.newsblur.com/...
08-06 14:00:54.001 31433 15297 E baseline.com.newsblur.network.APIResponse: 	at okhttp3.internal.http1.Http1ExchangeCodec.readResponseHeaders(Http1ExchangeCodec.java:236)
08-06 14:00:54.001 31433 15297 E baseline.com.newsblur.network.APIResponse: 	at okhttp3.internal.connection.Exchange.readResponseHeaders(Exchange.java:115)
08-06 14:00:54.001 31433 15297 E baseline.com.newsblur.network.APIResponse: 	at okhttp3.internal.http.CallServerInterceptor.intercept(CallServerInterceptor.java:94)
08-06 14:00:54.001 31433 15297 E baseline.com.newsblur.network.APIResponse: 	at okhttp3.internal.http.RealInterceptorChain.proceed(RealInterceptorChain.java:142)
08-06 14:00:54.001 31433 15297 E baseline.com.newsblur.network.APIResponse: 	at okhttp3.internal.connection.ConnectInterceptor.intercept(ConnectInterceptor.java:43)
08-06 14:00:54.001 31433 15297 E baseline.com.newsblur.network.APIResponse: 	at okhttp3.internal.http.RealInterceptorChain.proceed(RealInterceptorChain.java:142)
08-06 14:00:54.001 31433 15297 E baseline.com.newsblur.network.APIResponse: 	at okhttp3.internal.http.RealInterceptorChain.proceed(RealInterceptorChain.java:117)
08-06 14:00:54.001 31433 15297 E baseline.com.newsblur.network.APIResponse: 	at okhttp3.internal.cache.CacheInterceptor.intercept(CacheInterceptor.java:94)
08-06 14:00:54.001 31433 15297 E baseline.com.newsblur.network.APIResponse: 	at okhttp3.internal.http.RealInterceptorChain.proceed(RealInterceptorChain.java:142)
08-06 14:00:54.001 31433 15297 E baseline.com.newsblur.network.APIResponse: 	at okhttp3.internal.http.RealInterceptorChain.proceed(RealInterceptorChain.java:117)
08-06 14:00:54.001 31433 15297 E baseline.com.newsblur.network.APIResponse: 	at okhttp3.internal.http.BridgeInterceptor.intercept(BridgeInterceptor.java:93)
08-06 14:00:54.001 31433 15297 E baseline.com.newsblur.network.APIResponse: 	at okhttp3.internal.http.RealInterceptorChain.proceed(RealInterceptorChain.java:142)
08-06 14:00:54.001 31433 15297 E baseline.com.newsblur.network.APIResponse: 	at okhttp3.internal.http.RetryAndFollowUpInterceptor.intercept(RetryAndFollowUpInterceptor.java:88)
08-06 14:00:54.001 31433 15297 E baseline.com.newsblur.network.APIResponse: 	at okhttp3.internal.http.RealInterceptorChain.proceed(RealInterceptorChain.java:142)
08-06 14:00:54.001 31433 15297 E baseline.com.newsblur.network.APIResponse: 	at okhttp3.internal.http.RealInterceptorChain.proceed(RealInterceptorChain.java:117)
08-06 14:00:54.001 31433 15297 E baseline.com.newsblur.network.APIResponse: 	at okhttp3.RealCall.getResponseWithInterceptorChain(RealCall.java:229)
08-06 14:00:54.001 31433 15297 E baseline.com.newsblur.network.APIResponse: 	at okhttp3.RealCall.execute(RealCall.java:81)
08-06 14:00:54.001 31433 15297 E baseline.com.newsblur.network.APIResponse: 	at baseline.com.newsblur.network.APIResponse.<init>(APIResponse.java:57)
08-06 14:00:54.001 31433 15297 E baseline.com.newsblur.network.APIResponse: 	at baseline.com.newsblur.network.APIResponse.<init>(APIResponse.java:43)
08-06 14:00:54.001 31433 15297 E baseline.com.newsblur.network.APIResponse: 	at baseline.com.newsblur.network.APIManager.post_single(APIManager.java:702)
08-06 14:00:54.001 31433 15297 E baseline.com.newsblur.network.APIResponse: 	at baseline.com.newsblur.network.APIManager.post(APIManager.java:675)
08-06 14:00:54.001 31433 15297 E baseline.com.newsblur.network.APIResponse: 	at baseline.com.newsblur.network.APIManager.post(APIManager.java:714)
08-06 14:00:54.001 31433 15297 E baseline.com.newsblur.network.APIResponse: 	at baseline.com.newsblur.network.APIManager.markStoryAsRead(APIManager.java:205)
08-06 14:00:54.001 31433 15297 E baseline.com.newsblur.network.APIResponse: 	at baseline.com.newsblur.util.ReadingAction.doRemote(ReadingAction.java:281)
08-06 14:00:54.001 31433 15297 E baseline.com.newsblur.network.APIResponse: 	at baseline.com.newsblur.service.NBSyncService.syncActions(NBSyncService.java:400)
08-06 14:00:54.001 31433 15297 E baseline.com.newsblur.network.APIResponse: 	at baseline.com.newsblur.service.NBSyncService.doSync(NBSyncService.java:298)
08-06 14:00:54.001 31433 15297 E baseline.com.newsblur.network.APIResponse: 	at baseline.com.newsblur.service.NBSyncService.access$100(NBSyncService.java:67)
08-06 14:00:54.001 31433 15297 E baseline.com.newsblur.network.APIResponse: 	at baseline.com.newsblur.service.NBSyncService$1.run(NBSyncService.java:188)
08-06 14:00:54.001 31433 15297 E baseline.com.newsblur.network.APIResponse: 	at java.util.concurrent.ThreadPoolExecutor.runWorker(ThreadPoolExecutor.java:1113)
08-06 14:00:54.001 31433 15297 E baseline.com.newsblur.network.APIResponse: 	at java.util.concurrent.ThreadPoolExecutor$Worker.run(ThreadPoolExecutor.java:588)
08-06 14:00:54.001 31433 15297 E baseline.com.newsblur.network.APIResponse: 	at java.lang.Thread.run(Thread.java:818)
08-06 14:00:54.001 31433 15297 E baseline.com.newsblur.network.APIResponse: Caused by: java.io.EOFException: \n not found: limit=0 content=
08-06 14:00:54.001 31433 15297 E baseline.com.newsblur.network.APIResponse: 	at okio.RealBufferedSource.readUtf8LineStrict(RealBufferedSource.java:240)
08-06 14:00:54.001 31433 15297 E baseline.com.newsblur.network.APIResponse: 	at okhttp3.internal.http1.Http1ExchangeCodec.readHeaderLine(Http1ExchangeCodec.java:242)
08-06 14:00:54.001 31433 15297 E baseline.com.newsblur.network.APIResponse: 	at okhttp3.internal.http1.Http1ExchangeCodec.readResponseHeaders(Http1ExchangeCodec.java:213)
08-06 14:00:54.001 31433 15297 E baseline.com.newsblur.network.APIResponse: 	... 30 more
08-06 14:00:54.003 31433 15297 I baseline.com.newsblur.network.APIManager: API call failed, pausing before retry number 2
08-06 14:00:54.021 31433 14621 I art     : Explicit concurrent mark sweep GC freed 829(188KB) AllocSpace objects, 2(40KB) LOS objects, 29% free, 38MB/54MB, paused 1.204ms total 43.007ms
08-06 14:00:54.034 31433 14621 I art     : Starting a blocking GC Explicit
08-06 14:00:54.084 31433 14621 I art     : Explicit concurrent mark sweep GC freed 120(24KB) AllocSpace objects, 0(0B) LOS objects, 29% free, 38MB/54MB, paused 1.439ms total 49.163ms
08-06 14:00:54.098 31433 14621 I art     : Starting a blocking GC Explicit
08-06 14:00:54.151 31433 14621 I art     : Explicit concurrent mark sweep GC freed 25(832B) AllocSpace objects, 0(0B) LOS objects, 29% free, 38MB/54MB, paused 1.432ms total 53.261ms
08-06 14:00:54.547 31433 14620 I art     : Starting a blocking GC Explicit
08-06 14:00:54.601 31433 14620 I art     : Explicit concurrent mark sweep GC freed 1443(83KB) AllocSpace objects, 1(20KB) LOS objects, 29% free, 38MB/54MB, paused 1.468ms total 53.438ms
08-06 14:00:54.618 31433 14620 I art     : Starting a blocking GC Explicit
08-06 14:00:54.667 31433 14620 I art     : Explicit concurrent mark sweep GC freed 22(784B) AllocSpace objects, 0(0B) LOS objects, 29% free, 38MB/54MB, paused 1.472ms total 48.957ms
08-06 14:00:54.681 31433 14620 I art     : Starting a blocking GC Explicit
08-06 14:00:54.732 31433 14620 I art     : Explicit concurrent mark sweep GC freed 3(96B) AllocSpace objects, 0(0B) LOS objects, 29% free, 38MB/54MB, paused 1.411ms total 50.906ms
08-06 14:00:54.745 31433 14620 I art     : Starting a blocking GC Explicit
08-06 14:00:54.795 31433 14620 I art     : Explicit concurrent mark sweep GC freed 3(96B) AllocSpace objects, 0(0B) LOS objects, 29% free, 38MB/54MB, paused 1.393ms total 49.705ms
08-06 14:00:54.809 31433 14620 I art     : Starting a blocking GC Explicit
08-06 14:00:54.861 31433 14620 I art     : Explicit concurrent mark sweep GC freed 3(96B) AllocSpace objects, 0(0B) LOS objects, 29% free, 38MB/54MB, paused 1.426ms total 52.032ms
08-06 14:00:55.244 31433 31444 I art     : Starting a blocking GC Explicit
08-06 14:00:55.298 31433 31444 I art     : Explicit concurrent mark sweep GC freed 1444(83KB) AllocSpace objects, 1(20KB) LOS objects, 29% free, 38MB/54MB, paused 1.558ms total 54.170ms
08-06 14:00:55.315 31433 31444 I art     : Starting a blocking GC Explicit
08-06 14:00:55.366 31433 31444 I art     : Explicit concurrent mark sweep GC freed 22(784B) AllocSpace objects, 0(0B) LOS objects, 29% free, 38MB/54MB, paused 1.476ms total 49.965ms
08-06 14:00:55.379 31433 31444 I art     : Starting a blocking GC Explicit
08-06 14:00:55.430 31433 31444 I art     : Explicit concurrent mark sweep GC freed 3(96B) AllocSpace objects, 0(0B) LOS objects, 29% free, 38MB/54MB, paused 1.442ms total 50.473ms
08-06 14:00:55.443 31433 31444 I art     : Starting a blocking GC Explicit
08-06 14:00:55.494 31433 31444 I art     : Explicit concurrent mark sweep GC freed 3(96B) AllocSpace objects, 0(0B) LOS objects, 29% free, 38MB/54MB, paused 1.399ms total 50.175ms
08-06 14:00:55.507 31433 31444 I art     : Starting a blocking GC Explicit
08-06 14:00:55.559 31433 31444 I art     : Explicit concurrent mark sweep GC freed 3(96B) AllocSpace objects, 0(0B) LOS objects, 29% free, 38MB/54MB, paused 1.385ms total 51.603ms
08-06 14:00:55.956 31433 31446 I art     : Starting a blocking GC Explicit
08-06 14:00:56.010 31433 31446 I art     : Explicit concurrent mark sweep GC freed 1443(83KB) AllocSpace objects, 1(20KB) LOS objects, 29% free, 38MB/54MB, paused 1.444ms total 53.677ms
08-06 14:00:56.026 31433 31446 I art     : Starting a blocking GC Explicit
08-06 14:00:56.076 31433 31446 I art     : Explicit concurrent mark sweep GC freed 22(784B) AllocSpace objects, 0(0B) LOS objects, 29% free, 38MB/54MB, paused 1.420ms total 49.419ms
08-06 14:00:56.090 31433 31446 I art     : Starting a blocking GC Explicit
08-06 14:00:56.141 31433 31446 I art     : Explicit concurrent mark sweep GC freed 3(96B) AllocSpace objects, 0(0B) LOS objects, 29% free, 38MB/54MB, paused 1.396ms total 50.731ms
08-06 14:00:56.154 31433 31446 I art     : Starting a blocking GC Explicit
08-06 14:00:56.204 31433 31446 I art     : Explicit concurrent mark sweep GC freed 3(96B) AllocSpace objects, 0(0B) LOS objects, 29% free, 38MB/54MB, paused 1.394ms total 49.587ms
08-06 14:00:56.218 31433 31446 I art     : Starting a blocking GC Explicit
08-06 14:00:56.271 31433 31446 I art     : Explicit concurrent mark sweep GC freed 3(96B) AllocSpace objects, 0(0B) LOS objects, 29% free, 38MB/54MB, paused 1.455ms total 52.718ms
08-06 14:00:56.649 31433 14621 I art     : Starting a blocking GC Explicit
08-06 14:00:56.696 31433 14621 I art     : Explicit concurrent mark sweep GC freed 1444(83KB) AllocSpace objects, 1(20KB) LOS objects, 29% free, 38MB/54MB, paused 1.396ms total 45.964ms
08-06 14:00:56.709 31433 14621 I art     : Starting a blocking GC Explicit
08-06 14:00:56.755 31433 14621 I art     : Explicit concurrent mark sweep GC freed 22(784B) AllocSpace objects, 0(0B) LOS objects, 29% free, 38MB/54MB, paused 1.354ms total 46.138ms
08-06 14:00:56.769 31433 14621 I art     : Starting a blocking GC Explicit
08-06 14:00:56.817 31433 14621 I art     : Explicit concurrent mark sweep GC freed 3(96B) AllocSpace objects, 0(0B) LOS objects, 29% free, 38MB/54MB, paused 1.383ms total 47.780ms
08-06 14:00:56.830 31433 14621 I art     : Starting a blocking GC Explicit
08-06 14:00:56.880 31433 14621 I art     : Explicit concurrent mark sweep GC freed 3(96B) AllocSpace objects, 0(0B) LOS objects, 29% free, 38MB/54MB, paused 1.448ms total 49.816ms
08-06 14:00:56.894 31433 14621 I art     : Starting a blocking GC Explicit
08-06 14:00:56.940 31433 14621 I art     : Explicit concurrent mark sweep GC freed 3(96B) AllocSpace objects, 0(0B) LOS objects, 29% free, 38MB/54MB, paused 1.365ms total 46.038ms
08-06 14:00:57.163 15728 15728 D AndroidRuntime: >>>>>> START com.android.internal.os.RuntimeInit uid 2000 <<<<<<
08-06 14:00:57.212 15728 15728 D AndroidRuntime: CheckJNI is OFF
08-06 14:00:57.273 15728 15728 D ICU     : No timezone override file found: /data/misc/zoneinfo/current/icu/icu_tzdata.dat
08-06 14:00:57.307 31433 14620 I art     : Starting a blocking GC Explicit
08-06 14:00:57.322 15728 15728 I Radio-JNI: register_android_hardware_Radio DONE
08-06 14:00:57.352 15728 15728 D AndroidRuntime: Calling main entry com.android.commands.input.Input
08-06 14:00:57.354 15728 15728 I Input   : injectKeyEvent: KeyEvent { action=ACTION_DOWN, keyCode=KEYCODE_BACK, scanCode=0, metaState=0, flags=0x0, repeatCount=0, eventTime=885673767, downTime=885673767, deviceId=-1, source=0x101 }
08-06 14:00:57.357 31433 14620 I art     : Explicit concurrent mark sweep GC freed 1609(91KB) AllocSpace objects, 1(20KB) LOS objects, 29% free, 38MB/54MB, paused 1.563ms total 49.921ms
08-06 14:00:57.361 15728 15728 I Input   : injectKeyEvent: KeyEvent { action=ACTION_UP, keyCode=KEYCODE_BACK, scanCode=0, metaState=0, flags=0x0, repeatCount=0, eventTime=885673767, downTime=885673767, deviceId=-1, source=0x101 }
08-06 14:00:57.368 15728 15728 D AndroidRuntime: Shutting down VM
08-06 14:00:57.370 31433 14620 I art     : Starting a blocking GC Explicit
08-06 14:00:57.420 31433 14620 I art     : Explicit concurrent mark sweep GC freed 241(27KB) AllocSpace objects, 2(40KB) LOS objects, 29% free, 38MB/54MB, paused 1.373ms total 49.986ms
08-06 14:00:57.433 31433 14620 I art     : Starting a blocking GC Explicit
08-06 14:00:57.478 31433 14620 I art     : Explicit concurrent mark sweep GC freed 41(13KB) AllocSpace objects, 0(0B) LOS objects, 29% free, 38MB/54MB, paused 1.535ms total 44.899ms
08-06 14:00:57.491 31433 14620 I art     : Starting a blocking GC Explicit
08-06 14:00:57.538 31433 14620 I art     : Explicit concurrent mark sweep GC freed 2237(108KB) AllocSpace objects, 1(20KB) LOS objects, 29% free, 38MB/54MB, paused 1.640ms total 46.518ms
08-06 14:00:57.544 13866 13866 I GoogleInputMethodServic: GoogleInputMethodService.onFinishInput():3138 
08-06 14:00:57.545 13866 13866 I GoogleInputMethodServic: GoogleInputMethodService.onStartInput():1808 
08-06 14:00:57.552 31433 14620 I art     : Starting a blocking GC Explicit
08-06 14:00:57.567 31433 15297 E baseline.com.newsblur.network.APIResponse: Error (unexpected end of stream on https://www.newsblur.com/...) calling https://www.newsblur.com/reader/mark_story_hashes_as_read/
08-06 14:00:57.567 31433 15297 E baseline.com.newsblur.network.APIResponse: java.io.IOException: unexpected end of stream on https://www.newsblur.com/...
08-06 14:00:57.567 31433 15297 E baseline.com.newsblur.network.APIResponse: 	at okhttp3.internal.http1.Http1ExchangeCodec.readResponseHeaders(Http1ExchangeCodec.java:236)
08-06 14:00:57.567 31433 15297 E baseline.com.newsblur.network.APIResponse: 	at okhttp3.internal.connection.Exchange.readResponseHeaders(Exchange.java:115)
08-06 14:00:57.567 31433 15297 E baseline.com.newsblur.network.APIResponse: 	at okhttp3.internal.http.CallServerInterceptor.intercept(CallServerInterceptor.java:94)
08-06 14:00:57.567 31433 15297 E baseline.com.newsblur.network.APIResponse: 	at okhttp3.internal.http.RealInterceptorChain.proceed(RealInterceptorChain.java:142)
08-06 14:00:57.567 31433 15297 E baseline.com.newsblur.network.APIResponse: 	at okhttp3.internal.connection.ConnectInterceptor.intercept(ConnectInterceptor.java:43)
08-06 14:00:57.567 31433 15297 E baseline.com.newsblur.network.APIResponse: 	at okhttp3.internal.http.RealInterceptorChain.proceed(RealInterceptorChain.java:142)
08-06 14:00:57.567 31433 15297 E baseline.com.newsblur.network.APIResponse: 	at okhttp3.internal.http.RealInterceptorChain.proceed(RealInterceptorChain.java:117)
08-06 14:00:57.567 31433 15297 E baseline.com.newsblur.network.APIResponse: 	at okhttp3.internal.cache.CacheInterceptor.intercept(CacheInterceptor.java:94)
08-06 14:00:57.567 31433 15297 E baseline.com.newsblur.network.APIResponse: 	at okhttp3.internal.http.RealInterceptorChain.proceed(RealInterceptorChain.java:142)
08-06 14:00:57.567 31433 15297 E baseline.com.newsblur.network.APIResponse: 	at okhttp3.internal.http.RealInterceptorChain.proceed(RealInterceptorChain.java:117)
08-06 14:00:57.567 31433 15297 E baseline.com.newsblur.network.APIResponse: 	at okhttp3.internal.http.BridgeInterceptor.intercept(BridgeInterceptor.java:93)
08-06 14:00:57.567 31433 15297 E baseline.com.newsblur.network.APIResponse: 	at okhttp3.internal.http.RealInterceptorChain.proceed(RealInterceptorChain.java:142)
08-06 14:00:57.567 31433 15297 E baseline.com.newsblur.network.APIResponse: 	at okhttp3.internal.http.RetryAndFollowUpInterceptor.intercept(RetryAndFollowUpInterceptor.java:88)
08-06 14:00:57.567 31433 15297 E baseline.com.newsblur.network.APIResponse: 	at okhttp3.internal.http.RealInterceptorChain.proceed(RealInterceptorChain.java:142)
08-06 14:00:57.567 31433 15297 E baseline.com.newsblur.network.APIResponse: 	at okhttp3.internal.http.RealInterceptorChain.proceed(RealInterceptorChain.java:117)
08-06 14:00:57.567 31433 15297 E baseline.com.newsblur.network.APIResponse: 	at okhttp3.RealCall.getResponseWithInterceptorChain(RealCall.java:229)
08-06 14:00:57.567 31433 15297 E baseline.com.newsblur.network.APIResponse: 	at okhttp3.RealCall.execute(RealCall.java:81)
08-06 14:00:57.567 31433 15297 E baseline.com.newsblur.network.APIResponse: 	at baseline.com.newsblur.network.APIResponse.<init>(APIResponse.java:57)
08-06 14:00:57.567 31433 15297 E baseline.com.newsblur.network.APIResponse: 	at baseline.com.newsblur.network.APIResponse.<init>(APIResponse.java:43)
08-06 14:00:57.567 31433 15297 E baseline.com.newsblur.network.APIResponse: 	at baseline.com.newsblur.network.APIManager.post_single(APIManager.java:702)
08-06 14:00:57.567 31433 15297 E baseline.com.newsblur.network.APIResponse: 	at baseline.com.newsblur.network.APIManager.post(APIManager.java:675)
08-06 14:00:57.567 31433 15297 E baseline.com.newsblur.network.APIResponse: 	at baseline.com.newsblur.network.APIManager.post(APIManager.java:714)
08-06 14:00:57.567 31433 15297 E baseline.com.newsblur.network.APIResponse: 	at baseline.com.newsblur.network.APIManager.markStoryAsRead(APIManager.java:205)
08-06 14:00:57.567 31433 15297 E baseline.com.newsblur.network.APIResponse: 	at baseline.com.newsblur.util.ReadingAction.doRemote(ReadingAction.java:281)
08-06 14:00:57.567 31433 15297 E baseline.com.newsblur.network.APIResponse: 	at baseline.com.newsblur.service.NBSyncService.syncActions(NBSyncService.java:400)
08-06 14:00:57.567 31433 15297 E baseline.com.newsblur.network.APIResponse: 	at baseline.com.newsblur.service.NBSyncService.doSync(NBSyncService.java:298)
08-06 14:00:57.567 31433 15297 E baseline.com.newsblur.network.APIResponse: 	at baseline.com.newsblur.service.NBSyncService.access$100(NBSyncService.java:67)
08-06 14:00:57.567 31433 15297 E baseline.com.newsblur.network.APIResponse: 	at baseline.com.newsblur.service.NBSyncService$1.run(NBSyncService.java:188)
08-06 14:00:57.567 31433 15297 E baseline.com.newsblur.network.APIResponse: 	at java.util.concurrent.ThreadPoolExecutor.runWorker(ThreadPoolExecutor.java:1113)
08-06 14:00:57.567 31433 15297 E baseline.com.newsblur.network.APIResponse: 	at java.util.concurrent.ThreadPoolExecutor$Worker.run(ThreadPoolExecutor.java:588)
08-06 14:00:57.567 31433 15297 E baseline.com.newsblur.network.APIResponse: 	at java.lang.Thread.run(Thread.java:818)
08-06 14:00:57.567 31433 15297 E baseline.com.newsblur.network.APIResponse: Caused by: java.io.EOFException: \n not found: limit=0 content=
08-06 14:00:57.567 31433 15297 E baseline.com.newsblur.network.APIResponse: 	at okio.RealBufferedSource.readUtf8LineStrict(RealBufferedSource.java:240)
08-06 14:00:57.567 31433 15297 E baseline.com.newsblur.network.APIResponse: 	at okhttp3.internal.http1.Http1ExchangeCodec.readHeaderLine(Http1ExchangeCodec.java:242)
08-06 14:00:57.567 31433 15297 E baseline.com.newsblur.network.APIResponse: 	at okhttp3.internal.http1.Http1ExchangeCodec.readResponseHeaders(Http1ExchangeCodec.java:213)
08-06 14:00:57.567 31433 15297 E baseline.com.newsblur.network.APIResponse: 	... 30 more
08-06 14:00:57.568 31433 15297 I baseline.com.newsblur.service.NBSyncService: Holding reading action with server-side or network error.
08-06 14:00:57.576 31433 15297 W baseline.com.newsblur.service.NBSyncService: hard API failure
08-06 14:00:57.598 31433 14620 I art     : Explicit concurrent mark sweep GC freed 1813(323KB) AllocSpace objects, 7(140KB) LOS objects, 29% free, 38MB/54MB, paused 1.616ms total 45.827ms
08-06 14:00:57.955 31433 14620 I art     : Starting a blocking GC Explicit
08-06 14:00:57.982 31433 15297 E baseline.com.newsblur.network.APIResponse: Error (unexpected end of stream on https://www.newsblur.com/...) calling https://www.newsblur.com/reader/mark_story_hashes_as_read/
08-06 14:00:57.982 31433 15297 E baseline.com.newsblur.network.APIResponse: java.io.IOException: unexpected end of stream on https://www.newsblur.com/...
08-06 14:00:57.982 31433 15297 E baseline.com.newsblur.network.APIResponse: 	at okhttp3.internal.http1.Http1ExchangeCodec.readResponseHeaders(Http1ExchangeCodec.java:236)
08-06 14:00:57.982 31433 15297 E baseline.com.newsblur.network.APIResponse: 	at okhttp3.internal.connection.Exchange.readResponseHeaders(Exchange.java:115)
08-06 14:00:57.982 31433 15297 E baseline.com.newsblur.network.APIResponse: 	at okhttp3.internal.http.CallServerInterceptor.intercept(CallServerInterceptor.java:94)
08-06 14:00:57.982 31433 15297 E baseline.com.newsblur.network.APIResponse: 	at okhttp3.internal.http.RealInterceptorChain.proceed(RealInterceptorChain.java:142)
08-06 14:00:57.982 31433 15297 E baseline.com.newsblur.network.APIResponse: 	at okhttp3.internal.connection.ConnectInterceptor.intercept(ConnectInterceptor.java:43)
08-06 14:00:57.982 31433 15297 E baseline.com.newsblur.network.APIResponse: 	at okhttp3.internal.http.RealInterceptorChain.proceed(RealInterceptorChain.java:142)
08-06 14:00:57.982 31433 15297 E baseline.com.newsblur.network.APIResponse: 	at okhttp3.internal.http.RealInterceptorChain.proceed(RealInterceptorChain.java:117)
08-06 14:00:57.982 31433 15297 E baseline.com.newsblur.network.APIResponse: 	at okhttp3.internal.cache.CacheInterceptor.intercept(CacheInterceptor.java:94)
08-06 14:00:57.982 31433 15297 E baseline.com.newsblur.network.APIResponse: 	at okhttp3.internal.http.RealInterceptorChain.proceed(RealInterceptorChain.java:142)
08-06 14:00:57.982 31433 15297 E baseline.com.newsblur.network.APIResponse: 	at okhttp3.internal.http.RealInterceptorChain.proceed(RealInterceptorChain.java:117)
08-06 14:00:57.982 31433 15297 E baseline.com.newsblur.network.APIResponse: 	at okhttp3.internal.http.BridgeInterceptor.intercept(BridgeInterceptor.java:93)
08-06 14:00:57.982 31433 15297 E baseline.com.newsblur.network.APIResponse: 	at okhttp3.internal.http.RealInterceptorChain.proceed(RealInterceptorChain.java:142)
08-06 14:00:57.982 31433 15297 E baseline.com.newsblur.network.APIResponse: 	at okhttp3.internal.http.RetryAndFollowUpInterceptor.intercept(RetryAndFollowUpInterceptor.java:88)
08-06 14:00:57.982 31433 15297 E baseline.com.newsblur.network.APIResponse: 	at okhttp3.internal.http.RealInterceptorChain.proceed(RealInterceptorChain.java:142)
08-06 14:00:57.982 31433 15297 E baseline.com.newsblur.network.APIResponse: 	at okhttp3.internal.http.RealInterceptorChain.proceed(RealInterceptorChain.java:117)
08-06 14:00:57.982 31433 15297 E baseline.com.newsblur.network.APIResponse: 	at okhttp3.RealCall.getResponseWithInterceptorChain(RealCall.java:229)
08-06 14:00:57.982 31433 15297 E baseline.com.newsblur.network.APIResponse: 	at okhttp3.RealCall.execute(RealCall.java:81)
08-06 14:00:57.982 31433 15297 E baseline.com.newsblur.network.APIResponse: 	at baseline.com.newsblur.network.APIResponse.<init>(APIResponse.java:57)
08-06 14:00:57.982 31433 15297 E baseline.com.newsblur.network.APIResponse: 	at baseline.com.newsblur.network.APIResponse.<init>(APIResponse.java:43)
08-06 14:00:57.982 31433 15297 E baseline.com.newsblur.network.APIResponse: 	at baseline.com.newsblur.network.APIManager.post_single(APIManager.java:702)
08-06 14:00:57.982 31433 15297 E baseline.com.newsblur.network.APIResponse: 	at baseline.com.newsblur.network.APIManager.post(APIManager.java:675)
08-06 14:00:57.982 31433 15297 E baseline.com.newsblur.network.APIResponse: 	at baseline.com.newsblur.network.APIManager.post(APIManager.java:714)
08-06 14:00:57.982 31433 15297 E baseline.com.newsblur.network.APIResponse: 	at baseline.com.newsblur.network.APIManager.markStoryAsRead(APIManager.java:205)
08-06 14:00:57.982 31433 15297 E baseline.com.newsblur.network.APIResponse: 	at baseline.com.newsblur.util.ReadingAction.doRemote(ReadingAction.java:281)
08-06 14:00:57.982 31433 15297 E baseline.com.newsblur.network.APIResponse: 	at baseline.com.newsblur.service.NBSyncService.syncActions(NBSyncService.java:400)
08-06 14:00:57.982 31433 15297 E baseline.com.newsblur.network.APIResponse: 	at baseline.com.newsblur.service.NBSyncService.doSync(NBSyncService.java:298)
08-06 14:00:57.982 31433 15297 E baseline.com.newsblur.network.APIResponse: 	at baseline.com.newsblur.service.NBSyncService.access$100(NBSyncService.java:67)
08-06 14:00:57.982 31433 15297 E baseline.com.newsblur.network.APIResponse: 	at baseline.com.newsblur.service.NBSyncService$1.run(NBSyncService.java:188)
08-06 14:00:57.982 31433 15297 E baseline.com.newsblur.network.APIResponse: 	at java.util.concurrent.ThreadPoolExecutor.runWorker(ThreadPoolExecutor.java:1113)
08-06 14:00:57.982 31433 15297 E baseline.com.newsblur.network.APIResponse: 	at java.util.concurrent.ThreadPoolExecutor$Worker.run(ThreadPoolExecutor.java:588)
08-06 14:00:57.982 31433 15297 E baseline.com.newsblur.network.APIResponse: 	at java.lang.Thread.run(Thread.java:818)
08-06 14:00:57.982 31433 15297 E baseline.com.newsblur.network.APIResponse: Caused by: java.io.EOFException: \n not found: limit=0 content=
08-06 14:00:57.982 31433 15297 E baseline.com.newsblur.network.APIResponse: 	at okio.RealBufferedSource.readUtf8LineStrict(RealBufferedSource.java:240)
08-06 14:00:57.982 31433 15297 E baseline.com.newsblur.network.APIResponse: 	at okhttp3.internal.http1.Http1ExchangeCodec.readHeaderLine(Http1ExchangeCodec.java:242)
08-06 14:00:57.982 31433 15297 E baseline.com.newsblur.network.APIResponse: 	at okhttp3.internal.http1.Http1ExchangeCodec.readResponseHeaders(Http1ExchangeCodec.java:213)
08-06 14:00:57.982 31433 15297 E baseline.com.newsblur.network.APIResponse: 	... 30 more
08-06 14:00:57.984 31433 15297 I baseline.com.newsblur.network.APIManager: API call failed, pausing before retry number 1
08-06 14:00:58.003 31433 14620 I art     : Explicit concurrent mark sweep GC freed 5980(482KB) AllocSpace objects, 4(88KB) LOS objects, 29% free, 38MB/54MB, paused 1.343ms total 47.731ms
08-06 14:00:58.016 31433 14620 I art     : Starting a blocking GC Explicit
08-06 14:00:58.064 31433 14620 I art     : Explicit concurrent mark sweep GC freed 365(27KB) AllocSpace objects, 0(0B) LOS objects, 29% free, 38MB/54MB, paused 1.245ms total 47.001ms
08-06 14:00:58.078 31433 14620 I art     : Starting a blocking GC Explicit
08-06 14:00:58.126 31433 14620 I art     : Explicit concurrent mark sweep GC freed 31(1024B) AllocSpace objects, 0(0B) LOS objects, 29% free, 38MB/54MB, paused 1.395ms total 47.508ms
08-06 14:00:58.140 31433 14620 I art     : Starting a blocking GC Explicit
08-06 14:00:58.188 31433 14620 I art     : Explicit concurrent mark sweep GC freed 11(352B) AllocSpace objects, 0(0B) LOS objects, 29% free, 38MB/54MB, paused 1.584ms total 48.335ms
08-06 14:00:58.201 31433 14620 I art     : Starting a blocking GC Explicit
08-06 14:00:58.249 31433 14620 I art     : Explicit concurrent mark sweep GC freed 11(352B) AllocSpace objects, 0(0B) LOS objects, 29% free, 38MB/54MB, paused 1.298ms total 47.447ms
08-06 14:00:58.622 31433 14620 I art     : Starting a blocking GC Explicit
08-06 14:00:58.671 31433 14620 I art     : Explicit concurrent mark sweep GC freed 1491(84KB) AllocSpace objects, 1(20KB) LOS objects, 29% free, 38MB/54MB, paused 1.564ms total 48.984ms
08-06 14:00:58.684 31433 14620 I art     : Starting a blocking GC Explicit
08-06 14:00:58.731 31433 14620 I art     : Explicit concurrent mark sweep GC freed 30(1040B) AllocSpace objects, 0(0B) LOS objects, 29% free, 38MB/54MB, paused 1.332ms total 46.498ms
08-06 14:00:58.745 31433 14620 I art     : Starting a blocking GC Explicit
08-06 14:00:58.790 31433 14620 I art     : Explicit concurrent mark sweep GC freed 9(288B) AllocSpace objects, 0(0B) LOS objects, 29% free, 38MB/54MB, paused 1.445ms total 44.291ms
08-06 14:00:58.802 31433 14620 I art     : Starting a blocking GC Explicit
08-06 14:00:58.849 31433 14620 I art     : Explicit concurrent mark sweep GC freed 11(352B) AllocSpace objects, 0(0B) LOS objects, 29% free, 38MB/54MB, paused 1.347ms total 47.041ms
08-06 14:00:58.864 31433 14620 I art     : Starting a blocking GC Explicit
08-06 14:00:58.912 31433 14620 I art     : Explicit concurrent mark sweep GC freed 10(320B) AllocSpace objects, 0(0B) LOS objects, 29% free, 38MB/54MB, paused 1.406ms total 48.504ms
08-06 14:00:59.137 15779 15779 D AndroidRuntime: >>>>>> START com.android.internal.os.RuntimeInit uid 2000 <<<<<<
08-06 14:00:59.143 15779 15779 D AndroidRuntime: CheckJNI is OFF
08-06 14:00:59.185 15779 15779 D ICU     : No timezone override file found: /data/misc/zoneinfo/current/icu/icu_tzdata.dat
08-06 14:00:59.228 15779 15779 I Radio-JNI: register_android_hardware_Radio DONE
08-06 14:00:59.257 15779 15779 D AndroidRuntime: Calling main entry com.android.commands.input.Input
08-06 14:00:59.259 15779 15779 I Input   : injectKeyEvent: KeyEvent { action=ACTION_DOWN, keyCode=KEYCODE_BACK, scanCode=0, metaState=0, flags=0x0, repeatCount=0, eventTime=885675672, downTime=885675672, deviceId=-1, source=0x101 }
08-06 14:00:59.264 15779 15779 I Input   : injectKeyEvent: KeyEvent { action=ACTION_UP, keyCode=KEYCODE_BACK, scanCode=0, metaState=0, flags=0x0, repeatCount=0, eventTime=885675672, downTime=885675672, deviceId=-1, source=0x101 }
08-06 14:00:59.272 15779 15779 D AndroidRuntime: Shutting down VM
08-06 14:00:59.286 31433 14620 I art     : Starting a blocking GC Explicit
08-06 14:00:59.334 31433 14620 I art     : Explicit concurrent mark sweep GC freed 1788(148KB) AllocSpace objects, 5(100KB) LOS objects, 29% free, 38MB/54MB, paused 1.478ms total 47.691ms
08-06 14:00:59.347 31433 14620 I art     : Starting a blocking GC Explicit
08-06 14:00:59.395 31433 14620 I art     : Explicit concurrent mark sweep GC freed 53(2320B) AllocSpace objects, 0(0B) LOS objects, 29% free, 38MB/54MB, paused 1.443ms total 47.695ms
08-06 14:00:59.408 31433 14620 I art     : Starting a blocking GC Explicit
08-06 14:00:59.456 31433 14620 I art     : Explicit concurrent mark sweep GC freed 2103(146KB) AllocSpace objects, 4(80KB) LOS objects, 29% free, 38MB/54MB, paused 1.402ms total 46.958ms
08-06 14:00:59.469 31433 14620 I art     : Starting a blocking GC Explicit
08-06 14:00:59.470 13866 13866 I GoogleInputMethodServic: GoogleInputMethodService.onFinishInput():3138 
08-06 14:00:59.471 13866 13866 I GoogleInputMethodServic: GoogleInputMethodService.onStartInput():1808 
08-06 14:00:59.517 31433 14620 I art     : Explicit concurrent mark sweep GC freed 6001(363KB) AllocSpace objects, 4(80KB) LOS objects, 29% free, 38MB/54MB, paused 2.069ms total 48.060ms
08-06 14:00:59.532 31433 14620 I art     : Starting a blocking GC Explicit
08-06 14:00:59.576 31433 14620 I art     : Explicit concurrent mark sweep GC freed 184(19KB) AllocSpace objects, 0(0B) LOS objects, 29% free, 38MB/54MB, paused 1.389ms total 43.547ms
08-06 14:00:59.898 31433 31446 I art     : Starting a blocking GC Explicit
08-06 14:00:59.943 31433 31446 I art     : Explicit concurrent mark sweep GC freed 1963(108KB) AllocSpace objects, 1(20KB) LOS objects, 29% free, 38MB/54MB, paused 1.385ms total 44.498ms
08-06 14:00:59.956 31433 31446 I art     : Starting a blocking GC Explicit
08-06 14:01:00.001 31433 31446 I art     : Explicit concurrent mark sweep GC freed 1821(72KB) AllocSpace objects, 0(0B) LOS objects, 29% free, 38MB/54MB, paused 1.481ms total 44.897ms
08-06 14:01:00.013 31433 31446 I art     : Starting a blocking GC Explicit
08-06 14:01:00.032 31433 15297 E baseline.com.newsblur.network.APIResponse: Error (unexpected end of stream on https://www.newsblur.com/...) calling https://www.newsblur.com/reader/mark_story_hashes_as_read/
08-06 14:01:00.032 31433 15297 E baseline.com.newsblur.network.APIResponse: java.io.IOException: unexpected end of stream on https://www.newsblur.com/...
08-06 14:01:00.032 31433 15297 E baseline.com.newsblur.network.APIResponse: 	at okhttp3.internal.http1.Http1ExchangeCodec.readResponseHeaders(Http1ExchangeCodec.java:236)
08-06 14:01:00.032 31433 15297 E baseline.com.newsblur.network.APIResponse: 	at okhttp3.internal.connection.Exchange.readResponseHeaders(Exchange.java:115)
08-06 14:01:00.032 31433 15297 E baseline.com.newsblur.network.APIResponse: 	at okhttp3.internal.http.CallServerInterceptor.intercept(CallServerInterceptor.java:94)
08-06 14:01:00.032 31433 15297 E baseline.com.newsblur.network.APIResponse: 	at okhttp3.internal.http.RealInterceptorChain.proceed(RealInterceptorChain.java:142)
08-06 14:01:00.032 31433 15297 E baseline.com.newsblur.network.APIResponse: 	at okhttp3.internal.connection.ConnectInterceptor.intercept(ConnectInterceptor.java:43)
08-06 14:01:00.032 31433 15297 E baseline.com.newsblur.network.APIResponse: 	at okhttp3.internal.http.RealInterceptorChain.proceed(RealInterceptorChain.java:142)
08-06 14:01:00.032 31433 15297 E baseline.com.newsblur.network.APIResponse: 	at okhttp3.internal.http.RealInterceptorChain.proceed(RealInterceptorChain.java:117)
08-06 14:01:00.032 31433 15297 E baseline.com.newsblur.network.APIResponse: 	at okhttp3.internal.cache.CacheInterceptor.intercept(CacheInterceptor.java:94)
08-06 14:01:00.032 31433 15297 E baseline.com.newsblur.network.APIResponse: 	at okhttp3.internal.http.RealInterceptorChain.proceed(RealInterceptorChain.java:142)
08-06 14:01:00.032 31433 15297 E baseline.com.newsblur.network.APIResponse: 	at okhttp3.internal.http.RealInterceptorChain.proceed(RealInterceptorChain.java:117)
08-06 14:01:00.032 31433 15297 E baseline.com.newsblur.network.APIResponse: 	at okhttp3.internal.http.BridgeInterceptor.intercept(BridgeInterceptor.java:93)
08-06 14:01:00.032 31433 15297 E baseline.com.newsblur.network.APIResponse: 	at okhttp3.internal.http.RealInterceptorChain.proceed(RealInterceptorChain.java:142)
08-06 14:01:00.032 31433 15297 E baseline.com.newsblur.network.APIResponse: 	at okhttp3.internal.http.RetryAndFollowUpInterceptor.intercept(RetryAndFollowUpInterceptor.java:88)
08-06 14:01:00.032 31433 15297 E baseline.com.newsblur.network.APIResponse: 	at okhttp3.internal.http.RealInterceptorChain.proceed(RealInterceptorChain.java:142)
08-06 14:01:00.032 31433 15297 E baseline.com.newsblur.network.APIResponse: 	at okhttp3.internal.http.RealInterceptorChain.proceed(RealInterceptorChain.java:117)
08-06 14:01:00.032 31433 15297 E baseline.com.newsblur.network.APIResponse: 	at okhttp3.RealCall.getResponseWithInterceptorChain(RealCall.java:229)
08-06 14:01:00.032 31433 15297 E baseline.com.newsblur.network.APIResponse: 	at okhttp3.RealCall.execute(RealCall.java:81)
08-06 14:01:00.032 31433 15297 E baseline.com.newsblur.network.APIResponse: 	at baseline.com.newsblur.network.APIResponse.<init>(APIResponse.java:57)
08-06 14:01:00.032 31433 15297 E baseline.com.newsblur.network.APIResponse: 	at baseline.com.newsblur.network.APIResponse.<init>(APIResponse.java:43)
08-06 14:01:00.032 31433 15297 E baseline.com.newsblur.network.APIResponse: 	at baseline.com.newsblur.network.APIManager.post_single(APIManager.java:702)
08-06 14:01:00.032 31433 15297 E baseline.com.newsblur.network.APIResponse: 	at baseline.com.newsblur.network.APIManager.post(APIManager.java:675)
08-06 14:01:00.032 31433 15297 E baseline.com.newsblur.network.APIResponse: 	at baseline.com.newsblur.network.APIManager.post(APIManager.java:714)
08-06 14:01:00.032 31433 15297 E baseline.com.newsblur.network.APIResponse: 	at baseline.com.newsblur.network.APIManager.markStoryAsRead(APIManager.java:205)
08-06 14:01:00.032 31433 15297 E baseline.com.newsblur.network.APIResponse: 	at baseline.com.newsblur.util.ReadingAction.doRemote(ReadingAction.java:281)
08-06 14:01:00.032 31433 15297 E baseline.com.newsblur.network.APIResponse: 	at baseline.com.newsblur.service.NBSyncService.syncActions(NBSyncService.java:400)
08-06 14:01:00.032 31433 15297 E baseline.com.newsblur.network.APIResponse: 	at baseline.com.newsblur.service.NBSyncService.doSync(NBSyncService.java:298)
08-06 14:01:00.032 31433 15297 E baseline.com.newsblur.network.APIResponse: 	at baseline.com.newsblur.service.NBSyncService.access$100(NBSyncService.java:67)
08-06 14:01:00.032 31433 15297 E baseline.com.newsblur.network.APIResponse: 	at baseline.com.newsblur.service.NBSyncService$1.run(NBSyncService.java:188)
08-06 14:01:00.032 31433 15297 E baseline.com.newsblur.network.APIResponse: 	at java.util.concurrent.ThreadPoolExecutor.runWorker(ThreadPoolExecutor.java:1113)
08-06 14:01:00.032 31433 15297 E baseline.com.newsblur.network.APIResponse: 	at java.util.concurrent.ThreadPoolExecutor$Worker.run(ThreadPoolExecutor.java:588)
08-06 14:01:00.032 31433 15297 E baseline.com.newsblur.network.APIResponse: 	at java.lang.Thread.run(Thread.java:818)
08-06 14:01:00.032 31433 15297 E baseline.com.newsblur.network.APIResponse: Caused by: java.io.EOFException: \n not found: limit=0 content=
08-06 14:01:00.032 31433 15297 E baseline.com.newsblur.network.APIResponse: 	at okio.RealBufferedSource.readUtf8LineStrict(RealBufferedSource.java:240)
08-06 14:01:00.032 31433 15297 E baseline.com.newsblur.network.APIResponse: 	at okhttp3.internal.http1.Http1ExchangeCodec.readHeaderLine(Http1ExchangeCodec.java:242)
08-06 14:01:00.032 31433 15297 E baseline.com.newsblur.network.APIResponse: 	at okhttp3.internal.http1.Http1ExchangeCodec.readResponseHeaders(Http1ExchangeCodec.java:213)
08-06 14:01:00.032 31433 15297 E baseline.com.newsblur.network.APIResponse: 	... 30 more
08-06 14:01:00.033 31433 15297 I baseline.com.newsblur.network.APIManager: API call failed, pausing before retry number 2
08-06 14:01:00.057 31433 31446 I art     : Explicit concurrent mark sweep GC freed 827(196KB) AllocSpace objects, 2(40KB) LOS objects, 29% free, 38MB/54MB, paused 1.354ms total 43.763ms
08-06 14:01:00.070 31433 31446 I art     : Starting a blocking GC Explicit
08-06 14:01:00.113 31433 31446 I art     : Explicit concurrent mark sweep GC freed 125(16KB) AllocSpace objects, 0(0B) LOS objects, 29% free, 38MB/54MB, paused 1.261ms total 43.352ms
08-06 14:01:00.127 31433 31446 I art     : Starting a blocking GC Explicit
08-06 14:01:00.171 31433 31446 I art     : Explicit concurrent mark sweep GC freed 33(1088B) AllocSpace objects, 0(0B) LOS objects, 29% free, 38MB/54MB, paused 1.356ms total 43.878ms
08-06 14:01:00.541 31433 14620 I art     : Starting a blocking GC Explicit
08-06 14:01:00.589 31433 14620 I art     : Explicit concurrent mark sweep GC freed 1489(84KB) AllocSpace objects, 1(20KB) LOS objects, 29% free, 38MB/54MB, paused 1.411ms total 48.359ms
08-06 14:01:00.602 31433 14620 I art     : Starting a blocking GC Explicit
08-06 14:01:00.650 31433 14620 I art     : Explicit concurrent mark sweep GC freed 30(1040B) AllocSpace objects, 0(0B) LOS objects, 29% free, 38MB/54MB, paused 1.520ms total 47.723ms
08-06 14:01:00.664 31433 14620 I art     : Starting a blocking GC Explicit
08-06 14:01:00.711 31433 14620 I art     : Explicit concurrent mark sweep GC freed 9(288B) AllocSpace objects, 0(0B) LOS objects, 29% free, 38MB/54MB, paused 1.298ms total 46.739ms
08-06 14:01:00.725 31433 14620 I art     : Starting a blocking GC Explicit
08-06 14:01:00.771 31433 14620 I art     : Explicit concurrent mark sweep GC freed 11(352B) AllocSpace objects, 0(0B) LOS objects, 29% free, 38MB/54MB, paused 1.419ms total 46.612ms
08-06 14:01:00.785 31433 14620 I art     : Starting a blocking GC Explicit
08-06 14:01:00.833 31433 14620 I art     : Explicit concurrent mark sweep GC freed 10(320B) AllocSpace objects, 0(0B) LOS objects, 29% free, 38MB/54MB, paused 1.397ms total 47.679ms
08-06 14:01:01.050 15822 15822 D AndroidRuntime: >>>>>> START com.android.internal.os.RuntimeInit uid 2000 <<<<<<
08-06 14:01:01.056 15822 15822 D AndroidRuntime: CheckJNI is OFF
08-06 14:01:01.097 15822 15822 D ICU     : No timezone override file found: /data/misc/zoneinfo/current/icu/icu_tzdata.dat
08-06 14:01:01.139 15822 15822 I Radio-JNI: register_android_hardware_Radio DONE
08-06 14:01:01.169 15822 15822 D AndroidRuntime: Calling main entry com.android.commands.input.Input
08-06 14:01:01.171 15822 15822 I Input   : injectMotionEvent: MotionEvent { action=ACTION_DOWN, actionButton=0, id[0]=0, x[0]=553.0, y[0]=442.0, toolType[0]=TOOL_TYPE_UNKNOWN, buttonState=0, metaState=0, flags=0x0, edgeFlags=0x0, pointerCount=1, historySize=0, eventTime=885677583, downTime=885677583, deviceId=0, source=0x1002 }
08-06 14:01:01.176 15822 15822 I Input   : injectMotionEvent: MotionEvent { action=ACTION_UP, actionButton=0, id[0]=0, x[0]=553.0, y[0]=442.0, toolType[0]=TOOL_TYPE_UNKNOWN, buttonState=0, metaState=0, flags=0x0, edgeFlags=0x0, pointerCount=1, historySize=0, eventTime=885677583, downTime=885677583, deviceId=0, source=0x1002 }
08-06 14:01:01.178 15822 15822 D AndroidRuntime: Shutting down VM
08-06 14:01:01.219 31433 14621 I art     : Starting a blocking GC Explicit
08-06 14:01:01.247   918  5952 I ActivityManager: START u0 {cmp=baseline.com.newsblur/.activity.AllSharedStoriesItemsList (has extras)} from uid 10698 on display 0
08-06 14:01:01.270 31433 14621 I art     : Explicit concurrent mark sweep GC freed 2028(170KB) AllocSpace objects, 2(40KB) LOS objects, 29% free, 38MB/54MB, paused 2.028ms total 50.577ms
08-06 14:01:01.278 31433 14960 I baseline.com.newsblur.database.BlurDatabaseHelper: reading session reset
08-06 14:01:01.283 31433 14621 I art     : Starting a blocking GC Explicit
08-06 14:01:01.329 31433 14621 I art     : Explicit concurrent mark sweep GC freed 1683(159KB) AllocSpace objects, 4(172KB) LOS objects, 29% free, 38MB/54MB, paused 1.894ms total 45.325ms
08-06 14:01:01.342 31433 14621 I art     : Starting a blocking GC Explicit
08-06 14:01:01.389 31433 14621 I art     : Explicit concurrent mark sweep GC freed 292(13KB) AllocSpace objects, 0(0B) LOS objects, 29% free, 38MB/54MB, paused 1.393ms total 47ms
08-06 14:01:01.402 31433 14621 I art     : Starting a blocking GC Explicit
08-06 14:01:01.451 31433 14621 I art     : Explicit concurrent mark sweep GC freed 559(44KB) AllocSpace objects, 1(20KB) LOS objects, 29% free, 38MB/54MB, paused 1.435ms total 48.476ms
08-06 14:01:01.464 31433 14621 I art     : Starting a blocking GC Explicit
08-06 14:01:01.483 31433 31433 W View    : requestLayout() improperly called by android.widget.FrameLayout{ce6ea V.E...... ......ID 0,0-1440,0 #7f07003f app:id/footer_view_inner} during layout: running second layout pass
08-06 14:01:01.483 31433 31433 W View    : requestLayout() improperly called by android.widget.FrameLayout{6d5cddb V.E...... ......ID 0,0-1440,2091 #7f07003f app:id/footer_view_inner} during layout: running second layout pass
08-06 14:01:01.502 13866 13866 I GoogleInputMethodServic: GoogleInputMethodService.onFinishInput():3138 
08-06 14:01:01.502   918   936 I ActivityManager: Displayed baseline.com.newsblur/.activity.AllSharedStoriesItemsList: +244ms
08-06 14:01:01.502 13866 13866 I GoogleInputMethodServic: GoogleInputMethodService.onStartInput():1808 
08-06 14:01:01.512 31433 14621 I art     : Explicit concurrent mark sweep GC freed 472(39KB) AllocSpace objects, 2(40KB) LOS objects, 29% free, 38MB/54MB, paused 1.911ms total 46.928ms
08-06 14:01:01.644 31433 15846 I NAPPA_EXPERIMENTATION: MetricNetworkRequestExecutionTime: REQUEST_DURATION_SYSTEM='89',REQUEST_DURATION_OKHTTP='88',REQUEST_SYNCHRONOUS='TRUE',RESPONSE_CODE='200',RESPONSE_METHOD='GET',RESPONSE_LENGTH_OKHTTP='43',RESPONSE_LENGTH_HEADER='43',REQUEST_PROTOCOL='http/1.1',REQUEST_URL='http://feeds.feedburner.com/~r/retort/~4/UffaFMiJbNs',
08-06 14:01:01.746 31433 14653 I NAPPA_EXPERIMENTATION: MetricNetworkRequestExecutionTime: REQUEST_DURATION_SYSTEM='175',REQUEST_DURATION_OKHTTP='175',REQUEST_SYNCHRONOUS='TRUE',RESPONSE_CODE='200',RESPONSE_METHOD='GET',RESPONSE_LENGTH_OKHTTP='56376',RESPONSE_LENGTH_HEADER='56376',REQUEST_PROTOCOL='h2',REQUEST_URL='https://images.fastcompany.net/image/upload/w_1280,q_auto,f_auto,fl_lossy/wp-cms/uploads/2020/07/p-1-quit-after-covid.jpg',
08-06 14:01:01.848 31433 14621 I art     : Starting a blocking GC Explicit
08-06 14:01:01.894 31433 14621 I art     : Explicit concurrent mark sweep GC freed 3982(289KB) AllocSpace objects, 13(3MB) LOS objects, 28% free, 40MB/56MB, paused 1.342ms total 45.635ms
08-06 14:01:01.906 31433 14621 I art     : Starting a blocking GC Explicit
08-06 14:01:01.951 31433 14621 I art     : Explicit concurrent mark sweep GC freed 164(6KB) AllocSpace objects, 0(0B) LOS objects, 28% free, 40MB/56MB, paused 1.316ms total 44.561ms
08-06 14:01:01.964 31433 14621 I art     : Starting a blocking GC Explicit
08-06 14:01:01.986   918  1210 D NetlinkSocketObserver: NeighborEvent{elapsedMs=1869065861, 192.168.2.254, [7C3953A63323], RTM_NEWNEIGH, NUD_PROBE}
08-06 14:01:02.010 31433 14621 I art     : Explicit concurrent mark sweep GC freed 138(5KB) AllocSpace objects, 0(0B) LOS objects, 28% free, 40MB/56MB, paused 1.437ms total 45.413ms
08-06 14:01:02.023 31433 14621 I art     : Starting a blocking GC Explicit
08-06 14:01:02.070 31433 14621 I art     : Explicit concurrent mark sweep GC freed 7(224B) AllocSpace objects, 0(0B) LOS objects, 28% free, 40MB/56MB, paused 1.442ms total 46.837ms
08-06 14:01:02.083 31433 14621 I art     : Starting a blocking GC Explicit
08-06 14:01:02.129 31433 14621 I art     : Explicit concurrent mark sweep GC freed 6(192B) AllocSpace objects, 0(0B) LOS objects, 28% free, 40MB/56MB, paused 1.372ms total 45.960ms
08-06 14:01:02.259   918  3261 D WifiStateMachine: starting scan for "H369AA63323"WPA_PSK with 2412,5180
08-06 14:01:02.491 31433 31444 I art     : Starting a blocking GC Explicit
08-06 14:01:02.543 31433 31444 I art     : Explicit concurrent mark sweep GC freed 1469(83KB) AllocSpace objects, 1(20KB) LOS objects, 28% free, 40MB/56MB, paused 1.614ms total 51.653ms
08-06 14:01:02.557 31433 31444 I art     : Starting a blocking GC Explicit
08-06 14:01:02.606 31433 31444 I art     : Explicit concurrent mark sweep GC freed 26(912B) AllocSpace objects, 0(0B) LOS objects, 28% free, 40MB/56MB, paused 1.354ms total 48.548ms
08-06 14:01:02.619 31433 31444 I art     : Starting a blocking GC Explicit
08-06 14:01:02.670 31433 31444 I art     : Explicit concurrent mark sweep GC freed 12(384B) AllocSpace objects, 0(0B) LOS objects, 28% free, 40MB/56MB, paused 1.558ms total 50.524ms
08-06 14:01:02.683 31433 31444 I art     : Starting a blocking GC Explicit
08-06 14:01:02.735 31433 31444 I art     : Explicit concurrent mark sweep GC freed 15(480B) AllocSpace objects, 0(0B) LOS objects, 28% free, 40MB/56MB, paused 1.523ms total 51.371ms
08-06 14:01:02.751 31433 31444 I art     : Starting a blocking GC Explicit
08-06 14:01:02.806 31433 31444 I art     : Explicit concurrent mark sweep GC freed 16(512B) AllocSpace objects, 0(0B) LOS objects, 28% free, 40MB/56MB, paused 1.393ms total 54.150ms
08-06 14:01:03.196 31433 14620 I art     : Starting a blocking GC Explicit
08-06 14:01:03.250 31433 14620 I art     : Explicit concurrent mark sweep GC freed 1645(92KB) AllocSpace objects, 1(20KB) LOS objects, 28% free, 40MB/56MB, paused 1.619ms total 53.839ms
08-06 14:01:03.264 31433 14620 I art     : Starting a blocking GC Explicit
08-06 14:01:03.316 31433 14620 I art     : Explicit concurrent mark sweep GC freed 32(1168B) AllocSpace objects, 0(0B) LOS objects, 28% free, 40MB/56MB, paused 1.424ms total 51.961ms
08-06 14:01:03.330 31433 14620 I art     : Starting a blocking GC Explicit
08-06 14:01:03.382 31433 14620 I art     : Explicit concurrent mark sweep GC freed 5(160B) AllocSpace objects, 0(0B) LOS objects, 28% free, 40MB/56MB, paused 1.408ms total 50.961ms
08-06 14:01:03.395 31433 14620 I art     : Starting a blocking GC Explicit
08-06 14:01:03.448 31433 14620 I art     : Explicit concurrent mark sweep GC freed 8(256B) AllocSpace objects, 0(0B) LOS objects, 28% free, 40MB/56MB, paused 1.472ms total 52.561ms
08-06 14:01:03.462 31433 14620 I art     : Starting a blocking GC Explicit
08-06 14:01:03.512 31433 14620 I art     : Explicit concurrent mark sweep GC freed 7(224B) AllocSpace objects, 0(0B) LOS objects, 28% free, 40MB/56MB, paused 1.454ms total 50.316ms
08-06 14:01:03.628 31433 15297 E baseline.com.newsblur.network.APIResponse: Error (unexpected end of stream on https://www.newsblur.com/...) calling https://www.newsblur.com/reader/mark_story_hashes_as_read/
08-06 14:01:03.628 31433 15297 E baseline.com.newsblur.network.APIResponse: java.io.IOException: unexpected end of stream on https://www.newsblur.com/...
08-06 14:01:03.628 31433 15297 E baseline.com.newsblur.network.APIResponse: 	at okhttp3.internal.http1.Http1ExchangeCodec.readResponseHeaders(Http1ExchangeCodec.java:236)
08-06 14:01:03.628 31433 15297 E baseline.com.newsblur.network.APIResponse: 	at okhttp3.internal.connection.Exchange.readResponseHeaders(Exchange.java:115)
08-06 14:01:03.628 31433 15297 E baseline.com.newsblur.network.APIResponse: 	at okhttp3.internal.http.CallServerInterceptor.intercept(CallServerInterceptor.java:94)
08-06 14:01:03.628 31433 15297 E baseline.com.newsblur.network.APIResponse: 	at okhttp3.internal.http.RealInterceptorChain.proceed(RealInterceptorChain.java:142)
08-06 14:01:03.628 31433 15297 E baseline.com.newsblur.network.APIResponse: 	at okhttp3.internal.connection.ConnectInterceptor.intercept(ConnectInterceptor.java:43)
08-06 14:01:03.628 31433 15297 E baseline.com.newsblur.network.APIResponse: 	at okhttp3.internal.http.RealInterceptorChain.proceed(RealInterceptorChain.java:142)
08-06 14:01:03.628 31433 15297 E baseline.com.newsblur.network.APIResponse: 	at okhttp3.internal.http.RealInterceptorChain.proceed(RealInterceptorChain.java:117)
08-06 14:01:03.628 31433 15297 E baseline.com.newsblur.network.APIResponse: 	at okhttp3.internal.cache.CacheInterceptor.intercept(CacheInterceptor.java:94)
08-06 14:01:03.628 31433 15297 E baseline.com.newsblur.network.APIResponse: 	at okhttp3.internal.http.RealInterceptorChain.proceed(RealInterceptorChain.java:142)
08-06 14:01:03.628 31433 15297 E baseline.com.newsblur.network.APIResponse: 	at okhttp3.internal.http.RealInterceptorChain.proceed(RealInterceptorChain.java:117)
08-06 14:01:03.628 31433 15297 E baseline.com.newsblur.network.APIResponse: 	at okhttp3.internal.http.BridgeInterceptor.intercept(BridgeInterceptor.java:93)
08-06 14:01:03.628 31433 15297 E baseline.com.newsblur.network.APIResponse: 	at okhttp3.internal.http.RealInterceptorChain.proceed(RealInterceptorChain.java:142)
08-06 14:01:03.628 31433 15297 E baseline.com.newsblur.network.APIResponse: 	at okhttp3.internal.http.RetryAndFollowUpInterceptor.intercept(RetryAndFollowUpInterceptor.java:88)
08-06 14:01:03.628 31433 15297 E baseline.com.newsblur.network.APIResponse: 	at okhttp3.internal.http.RealInterceptorChain.proceed(RealInterceptorChain.java:142)
08-06 14:01:03.628 31433 15297 E baseline.com.newsblur.network.APIResponse: 	at okhttp3.internal.http.RealInterceptorChain.proceed(RealInterceptorChain.java:117)
08-06 14:01:03.628 31433 15297 E baseline.com.newsblur.network.APIResponse: 	at okhttp3.RealCall.getResponseWithInterceptorChain(RealCall.java:229)
08-06 14:01:03.628 31433 15297 E baseline.com.newsblur.network.APIResponse: 	at okhttp3.RealCall.execute(RealCall.java:81)
08-06 14:01:03.628 31433 15297 E baseline.com.newsblur.network.APIResponse: 	at baseline.com.newsblur.network.APIResponse.<init>(APIResponse.java:57)
08-06 14:01:03.628 31433 15297 E baseline.com.newsblur.network.APIResponse: 	at baseline.com.newsblur.network.APIResponse.<init>(APIResponse.java:43)
08-06 14:01:03.628 31433 15297 E baseline.com.newsblur.network.APIResponse: 	at baseline.com.newsblur.network.APIManager.post_single(APIManager.java:702)
08-06 14:01:03.628 31433 15297 E baseline.com.newsblur.network.APIResponse: 	at baseline.com.newsblur.network.APIManager.post(APIManager.java:675)
08-06 14:01:03.628 31433 15297 E baseline.com.newsblur.network.APIResponse: 	at baseline.com.newsblur.network.APIManager.post(APIManager.java:714)
08-06 14:01:03.628 31433 15297 E baseline.com.newsblur.network.APIResponse: 	at baseline.com.newsblur.network.APIManager.markStoryAsRead(APIManager.java:205)
08-06 14:01:03.628 31433 15297 E baseline.com.newsblur.network.APIResponse: 	at baseline.com.newsblur.util.ReadingAction.doRemote(ReadingAction.java:281)
08-06 14:01:03.628 31433 15297 E baseline.com.newsblur.network.APIResponse: 	at baseline.com.newsblur.service.NBSyncService.syncActions(NBSyncService.java:400)
08-06 14:01:03.628 31433 15297 E baseline.com.newsblur.network.APIResponse: 	at baseline.com.newsblur.service.NBSyncService.doSync(NBSyncService.java:298)
08-06 14:01:03.628 31433 15297 E baseline.com.newsblur.network.APIResponse: 	at baseline.com.newsblur.service.NBSyncService.access$100(NBSyncService.java:67)
08-06 14:01:03.628 31433 15297 E baseline.com.newsblur.network.APIResponse: 	at baseline.com.newsblur.service.NBSyncService$1.run(NBSyncService.java:188)
08-06 14:01:03.628 31433 15297 E baseline.com.newsblur.network.APIResponse: 	at java.util.concurrent.ThreadPoolExecutor.runWorker(ThreadPoolExecutor.java:1113)
08-06 14:01:03.628 31433 15297 E baseline.com.newsblur.network.APIResponse: 	at java.util.concurrent.ThreadPoolExecutor$Worker.run(ThreadPoolExecutor.java:588)
08-06 14:01:03.628 31433 15297 E baseline.com.newsblur.network.APIResponse: 	at java.lang.Thread.run(Thread.java:818)
08-06 14:01:03.628 31433 15297 E baseline.com.newsblur.network.APIResponse: Caused by: java.io.EOFException: \n not found: limit=0 content=
08-06 14:01:03.628 31433 15297 E baseline.com.newsblur.network.APIResponse: 	at okio.RealBufferedSource.readUtf8LineStrict(RealBufferedSource.java:240)
08-06 14:01:03.628 31433 15297 E baseline.com.newsblur.network.APIResponse: 	at okhttp3.internal.http1.Http1ExchangeCodec.readHeaderLine(Http1ExchangeCodec.java:242)
08-06 14:01:03.628 31433 15297 E baseline.com.newsblur.network.APIResponse: 	at okhttp3.internal.http1.Http1ExchangeCodec.readResponseHeaders(Http1ExchangeCodec.java:213)
08-06 14:01:03.628 31433 15297 E baseline.com.newsblur.network.APIResponse: 	... 30 more
08-06 14:01:03.630 31433 15297 I baseline.com.newsblur.service.NBSyncService: Holding reading action with server-side or network error.
08-06 14:01:03.645 31433 15297 W baseline.com.newsblur.service.NBSyncService: hard API failure
08-06 14:01:03.658 31433 15297 I baseline.com.newsblur.service.NBSyncService: recounting dirty feed sets: 1
08-06 14:01:03.883 31433 14621 I art     : Starting a blocking GC Explicit
08-06 14:01:03.936 31433 14621 I art     : Explicit concurrent mark sweep GC freed 4851(440KB) AllocSpace objects, 5(100KB) LOS objects, 28% free, 40MB/56MB, paused 1.442ms total 52.624ms
08-06 14:01:03.950 31433 14621 I art     : Starting a blocking GC Explicit
08-06 14:01:04.002 31433 14621 I art     : Explicit concurrent mark sweep GC freed 297(11KB) AllocSpace objects, 0(0B) LOS objects, 28% free, 40MB/56MB, paused 1.609ms total 51.617ms
08-06 14:01:04.015 31433 14621 I art     : Starting a blocking GC Explicit
08-06 14:01:04.067 31433 14621 I art     : Explicit concurrent mark sweep GC freed 6(192B) AllocSpace objects, 0(0B) LOS objects, 28% free, 40MB/56MB, paused 1.493ms total 50.904ms
08-06 14:01:04.080 31433 14621 I art     : Starting a blocking GC Explicit
08-06 14:01:04.133 31433 14621 I art     : Explicit concurrent mark sweep GC freed 1606(63KB) AllocSpace objects, 0(0B) LOS objects, 28% free, 40MB/56MB, paused 1.550ms total 52.810ms
08-06 14:01:04.140 31433 15297 E baseline.com.newsblur.network.APIResponse: Error (unexpected end of stream on https://www.newsblur.com/...) calling https://www.newsblur.com/reader/feed_unread_count?feed_id=0
08-06 14:01:04.140 31433 15297 E baseline.com.newsblur.network.APIResponse: java.io.IOException: unexpected end of stream on https://www.newsblur.com/...
08-06 14:01:04.140 31433 15297 E baseline.com.newsblur.network.APIResponse: 	at okhttp3.internal.http1.Http1ExchangeCodec.readResponseHeaders(Http1ExchangeCodec.java:236)
08-06 14:01:04.140 31433 15297 E baseline.com.newsblur.network.APIResponse: 	at okhttp3.internal.connection.Exchange.readResponseHeaders(Exchange.java:115)
08-06 14:01:04.140 31433 15297 E baseline.com.newsblur.network.APIResponse: 	at okhttp3.internal.http.CallServerInterceptor.intercept(CallServerInterceptor.java:94)
08-06 14:01:04.140 31433 15297 E baseline.com.newsblur.network.APIResponse: 	at okhttp3.internal.http.RealInterceptorChain.proceed(RealInterceptorChain.java:142)
08-06 14:01:04.140 31433 15297 E baseline.com.newsblur.network.APIResponse: 	at okhttp3.internal.connection.ConnectInterceptor.intercept(ConnectInterceptor.java:43)
08-06 14:01:04.140 31433 15297 E baseline.com.newsblur.network.APIResponse: 	at okhttp3.internal.http.RealInterceptorChain.proceed(RealInterceptorChain.java:142)
08-06 14:01:04.140 31433 15297 E baseline.com.newsblur.network.APIResponse: 	at okhttp3.internal.http.RealInterceptorChain.proceed(RealInterceptorChain.java:117)
08-06 14:01:04.140 31433 15297 E baseline.com.newsblur.network.APIResponse: 	at okhttp3.internal.cache.CacheInterceptor.intercept(CacheInterceptor.java:94)
08-06 14:01:04.140 31433 15297 E baseline.com.newsblur.network.APIResponse: 	at okhttp3.internal.http.RealInterceptorChain.proceed(RealInterceptorChain.java:142)
08-06 14:01:04.140 31433 15297 E baseline.com.newsblur.network.APIResponse: 	at okhttp3.internal.http.RealInterceptorChain.proceed(RealInterceptorChain.java:117)
08-06 14:01:04.140 31433 15297 E baseline.com.newsblur.network.APIResponse: 	at okhttp3.internal.http.BridgeInterceptor.intercept(BridgeInterceptor.java:93)
08-06 14:01:04.140 31433 15297 E baseline.com.newsblur.network.APIResponse: 	at okhttp3.internal.http.RealInterceptorChain.proceed(RealInterceptorChain.java:142)
08-06 14:01:04.140 31433 15297 E baseline.com.newsblur.network.APIResponse: 	at okhttp3.internal.http.RetryAndFollowUpInterceptor.intercept(RetryAndFollowUpInterceptor.java:88)
08-06 14:01:04.140 31433 15297 E baseline.com.newsblur.network.APIResponse: 	at okhttp3.internal.http.RealInterceptorChain.proceed(RealInterceptorChain.java:142)
08-06 14:01:04.140 31433 15297 E baseline.com.newsblur.network.APIResponse: 	at okhttp3.internal.http.RealInterceptorChain.proceed(RealInterceptorChain.java:117)
08-06 14:01:04.140 31433 15297 E baseline.com.newsblur.network.APIResponse: 	at okhttp3.RealCall.getResponseWithInterceptorChain(RealCall.java:229)
08-06 14:01:04.140 31433 15297 E baseline.com.newsblur.network.APIResponse: 	at okhttp3.RealCall.execute(RealCall.java:81)
08-06 14:01:04.140 31433 15297 E baseline.com.newsblur.network.APIResponse: 	at baseline.com.newsblur.network.APIResponse.<init>(APIResponse.java:57)
08-06 14:01:04.140 31433 15297 E baseline.com.newsblur.network.APIResponse: 	at baseline.com.newsblur.network.APIManager.get_single(APIManager.java:639)
08-06 14:01:04.140 31433 15297 E baseline.com.newsblur.network.APIResponse: 	at baseline.com.newsblur.network.APIManager.get(APIManager.java:625)
08-06 14:01:04.140 31433 15297 E baseline.com.newsblur.network.APIResponse: 	at baseline.com.newsblur.network.APIManager.get(APIManager.java:667)
08-06 14:01:04.140 31433 15297 E baseline.com.newsblur.network.APIResponse: 	at baseline.com.newsblur.network.APIManager.getFeedUnreadCounts(APIManager.java:274)
08-06 14:01:04.140 31433 15297 E baseline.com.newsblur.network.APIResponse: 	at baseline.com.newsblur.service.NBSyncService.checkRecounts(NBSyncService.java:660)
08-06 14:01:04.140 31433 15297 E baseline.com.newsblur.network.APIResponse: 	at baseline.com.newsblur.service.NBSyncService.doSync(NBSyncService.java:310)
08-06 14:01:04.140 31433 15297 E baseline.com.newsblur.network.APIResponse: 	at baseline.com.newsblur.service.NBSyncService.access$100(NBSyncService.java:67)
08-06 14:01:04.140 31433 15297 E baseline.com.newsblur.network.APIResponse: 	at baseline.com.newsblur.service.NBSyncService$1.run(NBSyncService.java:188)
08-06 14:01:04.140 31433 15297 E baseline.com.newsblur.network.APIResponse: 	at java.util.concurrent.ThreadPoolExecutor.runWorker(ThreadPoolExecutor.java:1113)
08-06 14:01:04.140 31433 15297 E baseline.com.newsblur.network.APIResponse: 	at java.util.concurrent.ThreadPoolExecutor$Worker.run(ThreadPoolExecutor.java:588)
08-06 14:01:04.140 31433 15297 E baseline.com.newsblur.network.APIResponse: 	at java.lang.Thread.run(Thread.java:818)
08-06 14:01:04.140 31433 15297 E baseline.com.newsblur.network.APIResponse: Caused by: java.io.EOFException: \n not found: limit=0 content=
08-06 14:01:04.140 31433 15297 E baseline.com.newsblur.network.APIResponse: 	at okio.RealBufferedSource.readUtf8LineStrict(RealBufferedSource.java:240)
08-06 14:01:04.140 31433 15297 E baseline.com.newsblur.network.APIResponse: 	at okhttp3.internal.http1.Http1ExchangeCodec.readHeaderLine(Http1ExchangeCodec.java:242)
08-06 14:01:04.140 31433 15297 E baseline.com.newsblur.network.APIResponse: 	at okhttp3.internal.http1.Http1ExchangeCodec.readResponseHeaders(Http1ExchangeCodec.java:213)
08-06 14:01:04.140 31433 15297 E baseline.com.newsblur.network.APIResponse: 	... 28 more
08-06 14:01:04.141 31433 15297 I baseline.com.newsblur.network.APIManager: API call failed, pausing before retry number 1
08-06 14:01:04.147 31433 14621 I art     : Starting a blocking GC Explicit
08-06 14:01:04.199 31433 14621 I art     : Explicit concurrent mark sweep GC freed 948(211KB) AllocSpace objects, 2(40KB) LOS objects, 28% free, 40MB/56MB, paused 1.507ms total 52.166ms
08-06 14:01:04.590 31433 14620 I art     : Starting a blocking GC Explicit
08-06 14:01:04.644 31433 14620 I art     : Explicit concurrent mark sweep GC freed 1523(86KB) AllocSpace objects, 1(20KB) LOS objects, 28% free, 40MB/56MB, paused 1.381ms total 53.344ms
08-06 14:01:04.657 31433 14620 I art     : Starting a blocking GC Explicit
08-06 14:01:04.710 31433 14620 I art     : Explicit concurrent mark sweep GC freed 26(912B) AllocSpace objects, 0(0B) LOS objects, 28% free, 40MB/56MB, paused 1.571ms total 52.469ms
08-06 14:01:04.724 31433 14620 I art     : Starting a blocking GC Explicit
08-06 14:01:04.774 31433 14620 I art     : Explicit concurrent mark sweep GC freed 7(224B) AllocSpace objects, 0(0B) LOS objects, 28% free, 40MB/56MB, paused 1.334ms total 50.003ms
08-06 14:01:04.788 31433 14620 I art     : Starting a blocking GC Explicit
08-06 14:01:04.839 31433 14620 I art     : Explicit concurrent mark sweep GC freed 7(224B) AllocSpace objects, 0(0B) LOS objects, 28% free, 40MB/56MB, paused 1.386ms total 51.544ms
08-06 14:01:04.853 31433 14620 I art     : Starting a blocking GC Explicit
08-06 14:01:04.908 31433 14620 I art     : Explicit concurrent mark sweep GC freed 7(224B) AllocSpace objects, 0(0B) LOS objects, 28% free, 40MB/56MB, paused 1.500ms total 54.331ms
08-06 14:01:05.300 31433 14620 I art     : Starting a blocking GC Explicit
08-06 14:01:05.356 31433 14620 I art     : Explicit concurrent mark sweep GC freed 1470(83KB) AllocSpace objects, 1(20KB) LOS objects, 28% free, 40MB/56MB, paused 1.412ms total 54.986ms
08-06 14:01:05.370 31433 14620 I art     : Starting a blocking GC Explicit
08-06 14:01:05.420 31433 14620 I art     : Explicit concurrent mark sweep GC freed 26(912B) AllocSpace objects, 0(0B) LOS objects, 28% free, 40MB/56MB, paused 1.404ms total 50.112ms
08-06 14:01:05.434 31433 14620 I art     : Starting a blocking GC Explicit
08-06 14:01:05.486 31433 14620 I art     : Explicit concurrent mark sweep GC freed 7(224B) AllocSpace objects, 0(0B) LOS objects, 28% free, 40MB/56MB, paused 1.429ms total 51.730ms
08-06 14:01:05.499 31433 14620 I art     : Starting a blocking GC Explicit
08-06 14:01:05.551 31433 14620 I art     : Explicit concurrent mark sweep GC freed 6(192B) AllocSpace objects, 0(0B) LOS objects, 28% free, 40MB/56MB, paused 1.405ms total 51.150ms
08-06 14:01:05.564 31433 14620 I art     : Starting a blocking GC Explicit
08-06 14:01:05.566 14376 14376 I ServiceManager: Waiting for service AtCmdFwd...
08-06 14:01:05.616 31433 14620 I art     : Explicit concurrent mark sweep GC freed 7(224B) AllocSpace objects, 0(0B) LOS objects, 28% free, 40MB/56MB, paused 1.541ms total 50.864ms
08-06 14:01:05.992 31433 31446 I art     : Starting a blocking GC Explicit
08-06 14:01:06.043 31433 31446 I art     : Explicit concurrent mark sweep GC freed 1638(92KB) AllocSpace objects, 1(20KB) LOS objects, 28% free, 40MB/56MB, paused 1.542ms total 50.842ms
08-06 14:01:06.057 31433 31446 I art     : Starting a blocking GC Explicit
08-06 14:01:06.108 31433 31446 I art     : Explicit concurrent mark sweep GC freed 32(1168B) AllocSpace objects, 0(0B) LOS objects, 28% free, 40MB/56MB, paused 1.573ms total 51.567ms
08-06 14:01:06.122 31433 31446 I art     : Starting a blocking GC Explicit
08-06 14:01:06.173 31433 31446 I art     : Explicit concurrent mark sweep GC freed 1630(63KB) AllocSpace objects, 0(0B) LOS objects, 28% free, 40MB/56MB, paused 1.452ms total 50.286ms
08-06 14:01:06.186 31433 31446 I art     : Starting a blocking GC Explicit
08-06 14:01:06.186 31433 15297 E baseline.com.newsblur.network.APIResponse: Error (unexpected end of stream on https://www.newsblur.com/...) calling https://www.newsblur.com/reader/feed_unread_count?feed_id=0
08-06 14:01:06.186 31433 15297 E baseline.com.newsblur.network.APIResponse: java.io.IOException: unexpected end of stream on https://www.newsblur.com/...
08-06 14:01:06.186 31433 15297 E baseline.com.newsblur.network.APIResponse: 	at okhttp3.internal.http1.Http1ExchangeCodec.readResponseHeaders(Http1ExchangeCodec.java:236)
08-06 14:01:06.186 31433 15297 E baseline.com.newsblur.network.APIResponse: 	at okhttp3.internal.connection.Exchange.readResponseHeaders(Exchange.java:115)
08-06 14:01:06.186 31433 15297 E baseline.com.newsblur.network.APIResponse: 	at okhttp3.internal.http.CallServerInterceptor.intercept(CallServerInterceptor.java:94)
08-06 14:01:06.186 31433 15297 E baseline.com.newsblur.network.APIResponse: 	at okhttp3.internal.http.RealInterceptorChain.proceed(RealInterceptorChain.java:142)
08-06 14:01:06.186 31433 15297 E baseline.com.newsblur.network.APIResponse: 	at okhttp3.internal.connection.ConnectInterceptor.intercept(ConnectInterceptor.java:43)
08-06 14:01:06.186 31433 15297 E baseline.com.newsblur.network.APIResponse: 	at okhttp3.internal.http.RealInterceptorChain.proceed(RealInterceptorChain.java:142)
08-06 14:01:06.186 31433 15297 E baseline.com.newsblur.network.APIResponse: 	at okhttp3.internal.http.RealInterceptorChain.proceed(RealInterceptorChain.java:117)
08-06 14:01:06.186 31433 15297 E baseline.com.newsblur.network.APIResponse: 	at okhttp3.internal.cache.CacheInterceptor.intercept(CacheInterceptor.java:94)
08-06 14:01:06.186 31433 15297 E baseline.com.newsblur.network.APIResponse: 	at okhttp3.internal.http.RealInterceptorChain.proceed(RealInterceptorChain.java:142)
08-06 14:01:06.186 31433 15297 E baseline.com.newsblur.network.APIResponse: 	at okhttp3.internal.http.RealInterceptorChain.proceed(RealInterceptorChain.java:117)
08-06 14:01:06.186 31433 15297 E baseline.com.newsblur.network.APIResponse: 	at okhttp3.internal.http.BridgeInterceptor.intercept(BridgeInterceptor.java:93)
08-06 14:01:06.186 31433 15297 E baseline.com.newsblur.network.APIResponse: 	at okhttp3.internal.http.RealInterceptorChain.proceed(RealInterceptorChain.java:142)
08-06 14:01:06.186 31433 15297 E baseline.com.newsblur.network.APIResponse: 	at okhttp3.internal.http.RetryAndFollowUpInterceptor.intercept(RetryAndFollowUpInterceptor.java:88)
08-06 14:01:06.186 31433 15297 E baseline.com.newsblur.network.APIResponse: 	at okhttp3.internal.http.RealInterceptorChain.proceed(RealInterceptorChain.java:142)
08-06 14:01:06.186 31433 15297 E baseline.com.newsblur.network.APIResponse: 	at okhttp3.internal.http.RealInterceptorChain.proceed(RealInterceptorChain.java:117)
08-06 14:01:06.186 31433 15297 E baseline.com.newsblur.network.APIResponse: 	at okhttp3.RealCall.getResponseWithInterceptorChain(RealCall.java:229)
08-06 14:01:06.186 31433 15297 E baseline.com.newsblur.network.APIResponse: 	at okhttp3.RealCall.execute(RealCall.java:81)
08-06 14:01:06.186 31433 15297 E baseline.com.newsblur.network.APIResponse: 	at baseline.com.newsblur.network.APIResponse.<init>(APIResponse.java:57)
08-06 14:01:06.186 31433 15297 E baseline.com.newsblur.network.APIResponse: 	at baseline.com.newsblur.network.APIManager.get_single(APIManager.java:639)
08-06 14:01:06.186 31433 15297 E baseline.com.newsblur.network.APIResponse: 	at baseline.com.newsblur.network.APIManager.get(APIManager.java:625)
08-06 14:01:06.186 31433 15297 E baseline.com.newsblur.network.APIResponse: 	at baseline.com.newsblur.network.APIManager.get(APIManager.java:667)
08-06 14:01:06.186 31433 15297 E baseline.com.newsblur.network.APIResponse: 	at baseline.com.newsblur.network.APIManager.getFeedUnreadCounts(APIManager.java:274)
08-06 14:01:06.186 31433 15297 E baseline.com.newsblur.network.APIResponse: 	at baseline.com.newsblur.service.NBSyncService.checkRecounts(NBSyncService.java:660)
08-06 14:01:06.186 31433 15297 E baseline.com.newsblur.network.APIResponse: 	at baseline.com.newsblur.service.NBSyncService.doSync(NBSyncService.java:310)
08-06 14:01:06.186 31433 15297 E baseline.com.newsblur.network.APIResponse: 	at baseline.com.newsblur.service.NBSyncService.access$100(NBSyncService.java:67)
08-06 14:01:06.186 31433 15297 E baseline.com.newsblur.network.APIResponse: 	at baseline.com.newsblur.service.NBSyncService$1.run(NBSyncService.java:188)
08-06 14:01:06.186 31433 15297 E baseline.com.newsblur.network.APIResponse: 	at java.util.concurrent.ThreadPoolExecutor.runWorker(ThreadPoolExecutor.java:1113)
08-06 14:01:06.186 31433 15297 E baseline.com.newsblur.network.APIResponse: 	at java.util.concurrent.ThreadPoolExecutor$Worker.run(ThreadPoolExecutor.java:588)
08-06 14:01:06.186 31433 15297 E baseline.com.newsblur.network.APIResponse: 	at java.lang.Thread.run(Thread.java:818)
08-06 14:01:06.186 31433 15297 E baseline.com.newsblur.network.APIResponse: Caused by: java.io.EOFException: \n not found: limit=0 content=
08-06 14:01:06.186 31433 15297 E baseline.com.newsblur.network.APIResponse: 	at okio.RealBufferedSource.readUtf8LineStrict(RealBufferedSource.java:240)
08-06 14:01:06.186 31433 15297 E baseline.com.newsblur.network.APIResponse: 	at okhttp3.internal.http1.Http1ExchangeCodec.readHeaderLine(Http1ExchangeCodec.java:242)
08-06 14:01:06.186 31433 15297 E baseline.com.newsblur.network.APIResponse: 	at okhttp3.internal.http1.Http1ExchangeCodec.readResponseHeaders(Http1ExchangeCodec.java:213)
08-06 14:01:06.186 31433 15297 E baseline.com.newsblur.network.APIResponse: 	... 28 more
08-06 14:01:06.188 31433 15297 I baseline.com.newsblur.network.APIManager: API call failed, pausing before retry number 2
08-06 14:01:06.238 31433 31446 I art     : Explicit concurrent mark sweep GC freed 650(187KB) AllocSpace objects, 2(40KB) LOS objects, 28% free, 40MB/56MB, paused 1.614ms total 51.865ms
08-06 14:01:06.252 31433 31446 I art     : Starting a blocking GC Explicit
08-06 14:01:06.303 31433 31446 I art     : Explicit concurrent mark sweep GC freed 331(25KB) AllocSpace objects, 0(0B) LOS objects, 28% free, 40MB/56MB, paused 1.589ms total 50.902ms
08-06 14:01:06.567 14376 14376 I ServiceManager: Waiting for service AtCmdFwd...
08-06 14:01:06.691 31433 14621 I art     : Starting a blocking GC Explicit
08-06 14:01:06.744 31433 14621 I art     : Explicit concurrent mark sweep GC freed 1470(83KB) AllocSpace objects, 1(20KB) LOS objects, 28% free, 40MB/56MB, paused 1.527ms total 52.943ms
08-06 14:01:06.758 31433 14621 I art     : Starting a blocking GC Explicit
08-06 14:01:06.809 31433 14621 I art     : Explicit concurrent mark sweep GC freed 26(912B) AllocSpace objects, 0(0B) LOS objects, 28% free, 40MB/56MB, paused 1.504ms total 51.171ms
08-06 14:01:06.823 31433 14621 I art     : Starting a blocking GC Explicit
08-06 14:01:06.874 31433 14621 I art     : Explicit concurrent mark sweep GC freed 7(224B) AllocSpace objects, 0(0B) LOS objects, 28% free, 40MB/56MB, paused 1.570ms total 50.915ms
08-06 14:01:06.888 31433 14621 I art     : Starting a blocking GC Explicit
08-06 14:01:06.939 31433 14621 I art     : Explicit concurrent mark sweep GC freed 7(224B) AllocSpace objects, 0(0B) LOS objects, 28% free, 40MB/56MB, paused 1.425ms total 50.835ms
08-06 14:01:06.953 31433 14621 I art     : Starting a blocking GC Explicit
08-06 14:01:07.003 31433 14621 I art     : Explicit concurrent mark sweep GC freed 6(192B) AllocSpace objects, 0(0B) LOS objects, 28% free, 40MB/56MB, paused 1.565ms total 50.104ms
08-06 14:01:07.404 31433 31444 I art     : Starting a blocking GC Explicit
08-06 14:01:07.458 31433 31444 I art     : Explicit concurrent mark sweep GC freed 1471(83KB) AllocSpace objects, 1(20KB) LOS objects, 28% free, 40MB/56MB, paused 1.503ms total 54.098ms
08-06 14:01:07.472 31433 31444 I art     : Starting a blocking GC Explicit
08-06 14:01:07.523 31433 31444 I art     : Explicit concurrent mark sweep GC freed 27(944B) AllocSpace objects, 0(0B) LOS objects, 28% free, 40MB/56MB, paused 1.435ms total 50.400ms
08-06 14:01:07.537 31433 31444 I art     : Starting a blocking GC Explicit
08-06 14:01:07.567 14376 14376 I ServiceManager: Waiting for service AtCmdFwd...
08-06 14:01:07.589 31433 31444 I art     : Explicit concurrent mark sweep GC freed 6(192B) AllocSpace objects, 0(0B) LOS objects, 28% free, 40MB/56MB, paused 1.444ms total 52.157ms
08-06 14:01:07.603 31433 31444 I art     : Starting a blocking GC Explicit
08-06 14:01:07.652 31433 31444 I art     : Explicit concurrent mark sweep GC freed 7(224B) AllocSpace objects, 0(0B) LOS objects, 28% free, 40MB/56MB, paused 1.332ms total 49.063ms
08-06 14:01:07.666 31433 31444 I art     : Starting a blocking GC Explicit
08-06 14:01:07.717 31433 31444 I art     : Explicit concurrent mark sweep GC freed 7(224B) AllocSpace objects, 0(0B) LOS objects, 28% free, 40MB/56MB, paused 1.450ms total 50.891ms
08-06 14:01:08.113 31433 31444 I art     : Starting a blocking GC Explicit
08-06 14:01:08.165 31433 31444 I art     : Explicit concurrent mark sweep GC freed 1472(84KB) AllocSpace objects, 1(20KB) LOS objects, 28% free, 40MB/56MB, paused 1.558ms total 51.512ms
08-06 14:01:08.179 31433 31444 I art     : Starting a blocking GC Explicit
08-06 14:01:08.232 31433 31444 I art     : Explicit concurrent mark sweep GC freed 26(912B) AllocSpace objects, 0(0B) LOS objects, 28% free, 40MB/56MB, paused 1.533ms total 52.980ms
08-06 14:01:08.245 31433 31444 I art     : Starting a blocking GC Explicit
08-06 14:01:08.296 31433 31444 I art     : Explicit concurrent mark sweep GC freed 7(224B) AllocSpace objects, 0(0B) LOS objects, 28% free, 40MB/56MB, paused 1.550ms total 50.298ms
08-06 14:01:08.296 31433 31443 I art     : WaitForGcToComplete blocked for 44.697ms for cause HeapTrim
08-06 14:01:08.310 31433 31444 I art     : Starting a blocking GC Explicit
08-06 14:01:08.361 31433 31444 I art     : Explicit concurrent mark sweep GC freed 7(224B) AllocSpace objects, 0(0B) LOS objects, 28% free, 40MB/56MB, paused 1.422ms total 51.128ms
08-06 14:01:08.375 31433 31444 I art     : Starting a blocking GC Explicit
08-06 14:01:08.427 31433 31444 I art     : Explicit concurrent mark sweep GC freed 7(224B) AllocSpace objects, 0(0B) LOS objects, 28% free, 40MB/56MB, paused 1.508ms total 51.194ms
08-06 14:01:08.568 14376 14376 I ServiceManager: Waiting for service AtCmdFwd...
08-06 14:01:08.825 31433 14621 I art     : Starting a blocking GC Explicit
08-06 14:01:08.878 31433 14621 I art     : Explicit concurrent mark sweep GC freed 1470(83KB) AllocSpace objects, 1(20KB) LOS objects, 28% free, 40MB/56MB, paused 1.507ms total 52.552ms
08-06 14:01:08.892 31433 14621 I art     : Starting a blocking GC Explicit
08-06 14:01:08.943 31433 14621 I art     : Explicit concurrent mark sweep GC freed 26(912B) AllocSpace objects, 0(0B) LOS objects, 28% free, 40MB/56MB, paused 1.408ms total 50.447ms
08-06 14:01:08.956 31433 14621 I art     : Starting a blocking GC Explicit
08-06 14:01:09.008 31433 14621 I art     : Explicit concurrent mark sweep GC freed 7(224B) AllocSpace objects, 0(0B) LOS objects, 28% free, 40MB/56MB, paused 1.432ms total 51.176ms
08-06 14:01:09.022 31433 14621 I art     : Starting a blocking GC Explicit
08-06 14:01:09.073 31433 14621 I art     : Explicit concurrent mark sweep GC freed 7(224B) AllocSpace objects, 0(0B) LOS objects, 28% free, 40MB/56MB, paused 1.392ms total 51.250ms
08-06 14:01:09.087 31433 14621 I art     : Starting a blocking GC Explicit
08-06 14:01:09.139 31433 14621 I art     : Explicit concurrent mark sweep GC freed 6(192B) AllocSpace objects, 0(0B) LOS objects, 28% free, 40MB/56MB, paused 1.594ms total 51.062ms
08-06 14:01:09.547 31433 31444 I art     : Starting a blocking GC Explicit
08-06 14:01:09.569 14376 14376 I ServiceManager: Waiting for service AtCmdFwd...
08-06 14:01:09.603 31433 31444 I art     : Explicit concurrent mark sweep GC freed 1638(92KB) AllocSpace objects, 1(20KB) LOS objects, 28% free, 40MB/56MB, paused 1.610ms total 54.880ms
08-06 14:01:09.616 31433 31444 I art     : Starting a blocking GC Explicit
08-06 14:01:09.667 31433 31444 I art     : Explicit concurrent mark sweep GC freed 32(1168B) AllocSpace objects, 0(0B) LOS objects, 28% free, 40MB/56MB, paused 1.560ms total 50.127ms
08-06 14:01:09.680 31433 31444 I art     : Starting a blocking GC Explicit
08-06 14:01:09.732 31433 31444 I art     : Explicit concurrent mark sweep GC freed 1601(62KB) AllocSpace objects, 0(0B) LOS objects, 28% free, 40MB/56MB, paused 1.575ms total 51.452ms
08-06 14:01:09.745 31433 31444 I art     : Starting a blocking GC Explicit
08-06 14:01:09.764 31433 15297 E baseline.com.newsblur.network.APIResponse: Error (unexpected end of stream on https://www.newsblur.com/...) calling https://www.newsblur.com/reader/feed_unread_count?feed_id=0
08-06 14:01:09.764 31433 15297 E baseline.com.newsblur.network.APIResponse: java.io.IOException: unexpected end of stream on https://www.newsblur.com/...
08-06 14:01:09.764 31433 15297 E baseline.com.newsblur.network.APIResponse: 	at okhttp3.internal.http1.Http1ExchangeCodec.readResponseHeaders(Http1ExchangeCodec.java:236)
08-06 14:01:09.764 31433 15297 E baseline.com.newsblur.network.APIResponse: 	at okhttp3.internal.connection.Exchange.readResponseHeaders(Exchange.java:115)
08-06 14:01:09.764 31433 15297 E baseline.com.newsblur.network.APIResponse: 	at okhttp3.internal.http.CallServerInterceptor.intercept(CallServerInterceptor.java:94)
08-06 14:01:09.764 31433 15297 E baseline.com.newsblur.network.APIResponse: 	at okhttp3.internal.http.RealInterceptorChain.proceed(RealInterceptorChain.java:142)
08-06 14:01:09.764 31433 15297 E baseline.com.newsblur.network.APIResponse: 	at okhttp3.internal.connection.ConnectInterceptor.intercept(ConnectInterceptor.java:43)
08-06 14:01:09.764 31433 15297 E baseline.com.newsblur.network.APIResponse: 	at okhttp3.internal.http.RealInterceptorChain.proceed(RealInterceptorChain.java:142)
08-06 14:01:09.764 31433 15297 E baseline.com.newsblur.network.APIResponse: 	at okhttp3.internal.http.RealInterceptorChain.proceed(RealInterceptorChain.java:117)
08-06 14:01:09.764 31433 15297 E baseline.com.newsblur.network.APIResponse: 	at okhttp3.internal.cache.CacheInterceptor.intercept(CacheInterceptor.java:94)
08-06 14:01:09.764 31433 15297 E baseline.com.newsblur.network.APIResponse: 	at okhttp3.internal.http.RealInterceptorChain.proceed(RealInterceptorChain.java:142)
08-06 14:01:09.764 31433 15297 E baseline.com.newsblur.network.APIResponse: 	at okhttp3.internal.http.RealInterceptorChain.proceed(RealInterceptorChain.java:117)
08-06 14:01:09.764 31433 15297 E baseline.com.newsblur.network.APIResponse: 	at okhttp3.internal.http.BridgeInterceptor.intercept(BridgeInterceptor.java:93)
08-06 14:01:09.764 31433 15297 E baseline.com.newsblur.network.APIResponse: 	at okhttp3.internal.http.RealInterceptorChain.proceed(RealInterceptorChain.java:142)
08-06 14:01:09.764 31433 15297 E baseline.com.newsblur.network.APIResponse: 	at okhttp3.internal.http.RetryAndFollowUpInterceptor.intercept(RetryAndFollowUpInterceptor.java:88)
08-06 14:01:09.764 31433 15297 E baseline.com.newsblur.network.APIResponse: 	at okhttp3.internal.http.RealInterceptorChain.proceed(RealInterceptorChain.java:142)
08-06 14:01:09.764 31433 15297 E baseline.com.newsblur.network.APIResponse: 	at okhttp3.internal.http.RealInterceptorChain.proceed(RealInterceptorChain.java:117)
08-06 14:01:09.764 31433 15297 E baseline.com.newsblur.network.APIResponse: 	at okhttp3.RealCall.getResponseWithInterceptorChain(RealCall.java:229)
08-06 14:01:09.764 31433 15297 E baseline.com.newsblur.network.APIResponse: 	at okhttp3.RealCall.execute(RealCall.java:81)
08-06 14:01:09.764 31433 15297 E baseline.com.newsblur.network.APIResponse: 	at baseline.com.newsblur.network.APIResponse.<init>(APIResponse.java:57)
08-06 14:01:09.764 31433 15297 E baseline.com.newsblur.network.APIResponse: 	at baseline.com.newsblur.network.APIManager.get_single(APIManager.java:639)
08-06 14:01:09.764 31433 15297 E baseline.com.newsblur.network.APIResponse: 	at baseline.com.newsblur.network.APIManager.get(APIManager.java:625)
08-06 14:01:09.764 31433 15297 E baseline.com.newsblur.network.APIResponse: 	at baseline.com.newsblur.network.APIManager.get(APIManager.java:667)
08-06 14:01:09.764 31433 15297 E baseline.com.newsblur.network.APIResponse: 	at baseline.com.newsblur.network.APIManager.getFeedUnreadCounts(APIManager.java:274)
08-06 14:01:09.764 31433 15297 E baseline.com.newsblur.network.APIResponse: 	at baseline.com.newsblur.service.NBSyncService.checkRecounts(NBSyncService.java:660)
08-06 14:01:09.764 31433 15297 E baseline.com.newsblur.network.APIResponse: 	at baseline.com.newsblur.service.NBSyncService.doSync(NBSyncService.java:310)
08-06 14:01:09.764 31433 15297 E baseline.com.newsblur.network.APIResponse: 	at baseline.com.newsblur.service.NBSyncService.access$100(NBSyncService.java:67)
08-06 14:01:09.764 31433 15297 E baseline.com.newsblur.network.APIResponse: 	at baseline.com.newsblur.service.NBSyncService$1.run(NBSyncService.java:188)
08-06 14:01:09.764 31433 15297 E baseline.com.newsblur.network.APIResponse: 	at java.util.concurrent.ThreadPoolExecutor.runWorker(ThreadPoolExecutor.java:1113)
08-06 14:01:09.764 31433 15297 E baseline.com.newsblur.network.APIResponse: 	at java.util.concurrent.ThreadPoolExecutor$Worker.run(ThreadPoolExecutor.java:588)
08-06 14:01:09.764 31433 15297 E baseline.com.newsblur.network.APIResponse: 	at java.lang.Thread.run(Thread.java:818)
08-06 14:01:09.764 31433 15297 E baseline.com.newsblur.network.APIResponse: Caused by: java.io.EOFException: \n not found: limit=0 content=
08-06 14:01:09.764 31433 15297 E baseline.com.newsblur.network.APIResponse: 	at okio.RealBufferedSource.readUtf8LineStrict(RealBufferedSource.java:240)
08-06 14:01:09.764 31433 15297 E baseline.com.newsblur.network.APIResponse: 	at okhttp3.internal.http1.Http1ExchangeCodec.readHeaderLine(Http1ExchangeCodec.java:242)
08-06 14:01:09.764 31433 15297 E baseline.com.newsblur.network.APIResponse: 	at okhttp3.internal.http1.Http1ExchangeCodec.readResponseHeaders(Http1ExchangeCodec.java:213)
08-06 14:01:09.764 31433 15297 E baseline.com.newsblur.network.APIResponse: 	... 28 more
08-06 14:01:09.765 31433 15297 W baseline.com.newsblur.service.NBSyncService: Bad response to feed_unread_count
08-06 14:01:09.794 31433 31444 I art     : Explicit concurrent mark sweep GC freed 1360(262KB) AllocSpace objects, 4(80KB) LOS objects, 28% free, 40MB/56MB, paused 1.529ms total 48.268ms
08-06 14:01:09.807 31433 31444 I art     : Starting a blocking GC Explicit
08-06 14:01:09.855 31433 31444 I art     : Explicit concurrent mark sweep GC freed 230(21KB) AllocSpace objects, 0(0B) LOS objects, 28% free, 40MB/56MB, paused 1.398ms total 47.223ms
08-06 14:01:10.163 31433 15297 I NAPPA_EXPERIMENTATION: MetricNetworkRequestExecutionTime: REQUEST_DURATION_SYSTEM='388',REQUEST_DURATION_OKHTTP='34',REQUEST_SYNCHRONOUS='TRUE',RESPONSE_CODE='200',RESPONSE_METHOD='GET',RESPONSE_LENGTH_OKHTTP='-1',RESPONSE_LENGTH_HEADER='-2',REQUEST_PROTOCOL='http/1.1',REQUEST_URL='https://www.newsblur.com/social/river_stories?order=newest&page=1&read_filter=all',
08-06 14:01:10.163 31433 15297 D MY_TAG  : 0, 388
08-06 14:01:10.190 31433 31433 D baseline.com.newsblur.service.NBSyncService: rejecting request for feedset that is exhaused
08-06 14:01:10.238 31433 31444 I art     : Starting a blocking GC Explicit
08-06 14:01:10.296 31433 31444 I art     : Explicit concurrent mark sweep GC freed 7560(458KB) AllocSpace objects, 7(140KB) LOS objects, 28% free, 40MB/56MB, paused 1.636ms total 58ms
08-06 14:01:10.310 31433 31444 I art     : Starting a blocking GC Explicit
08-06 14:01:10.366 31433 31444 I art     : Explicit concurrent mark sweep GC freed 253(11KB) AllocSpace objects, 0(0B) LOS objects, 28% free, 40MB/56MB, paused 1.538ms total 55.591ms
08-06 14:01:10.380 31433 31444 I art     : Starting a blocking GC Explicit
08-06 14:01:10.438 31433 31444 I art     : Explicit concurrent mark sweep GC freed 3(96B) AllocSpace objects, 0(0B) LOS objects, 28% free, 40MB/56MB, paused 1.874ms total 57.752ms
08-06 14:01:10.452 31433 31444 I art     : Starting a blocking GC Explicit
08-06 14:01:10.507 31433 31444 I art     : Explicit concurrent mark sweep GC freed 3(96B) AllocSpace objects, 0(0B) LOS objects, 28% free, 40MB/56MB, paused 1.576ms total 54.438ms
08-06 14:01:10.521 31433 31444 I art     : Starting a blocking GC Explicit
08-06 14:01:10.569 14376 14376 W Atfwd_Sendcmd: AtCmdFwd service not published, waiting... retryCnt : 5
08-06 14:01:10.577 31433 31444 I art     : Explicit concurrent mark sweep GC freed 1674(65KB) AllocSpace objects, 0(0B) LOS objects, 28% free, 40MB/56MB, paused 1.691ms total 55.789ms
08-06 14:01:10.594 31433 15297 E baseline.com.newsblur.network.APIResponse: Error (unexpected end of stream on https://www.newsblur.com/...) calling https://www.newsblur.com/reader/mark_story_hashes_as_read/
08-06 14:01:10.594 31433 15297 E baseline.com.newsblur.network.APIResponse: java.io.IOException: unexpected end of stream on https://www.newsblur.com/...
08-06 14:01:10.594 31433 15297 E baseline.com.newsblur.network.APIResponse: 	at okhttp3.internal.http1.Http1ExchangeCodec.readResponseHeaders(Http1ExchangeCodec.java:236)
08-06 14:01:10.594 31433 15297 E baseline.com.newsblur.network.APIResponse: 	at okhttp3.internal.connection.Exchange.readResponseHeaders(Exchange.java:115)
08-06 14:01:10.594 31433 15297 E baseline.com.newsblur.network.APIResponse: 	at okhttp3.internal.http.CallServerInterceptor.intercept(CallServerInterceptor.java:94)
08-06 14:01:10.594 31433 15297 E baseline.com.newsblur.network.APIResponse: 	at okhttp3.internal.http.RealInterceptorChain.proceed(RealInterceptorChain.java:142)
08-06 14:01:10.594 31433 15297 E baseline.com.newsblur.network.APIResponse: 	at okhttp3.internal.connection.ConnectInterceptor.intercept(ConnectInterceptor.java:43)
08-06 14:01:10.594 31433 15297 E baseline.com.newsblur.network.APIResponse: 	at okhttp3.internal.http.RealInterceptorChain.proceed(RealInterceptorChain.java:142)
08-06 14:01:10.594 31433 15297 E baseline.com.newsblur.network.APIResponse: 	at okhttp3.internal.http.RealInterceptorChain.proceed(RealInterceptorChain.java:117)
08-06 14:01:10.594 31433 15297 E baseline.com.newsblur.network.APIResponse: 	at okhttp3.internal.cache.CacheInterceptor.intercept(CacheInterceptor.java:94)
08-06 14:01:10.594 31433 15297 E baseline.com.newsblur.network.APIResponse: 	at okhttp3.internal.http.RealInterceptorChain.proceed(RealInterceptorChain.java:142)
08-06 14:01:10.594 31433 15297 E baseline.com.newsblur.network.APIResponse: 	at okhttp3.internal.http.RealInterceptorChain.proceed(RealInterceptorChain.java:117)
08-06 14:01:10.594 31433 15297 E baseline.com.newsblur.network.APIResponse: 	at okhttp3.internal.http.BridgeInterceptor.intercept(BridgeInterceptor.java:93)
08-06 14:01:10.594 31433 15297 E baseline.com.newsblur.network.APIResponse: 	at okhttp3.internal.http.RealInterceptorChain.proceed(RealInterceptorChain.java:142)
08-06 14:01:10.594 31433 15297 E baseline.com.newsblur.network.APIResponse: 	at okhttp3.internal.http.RetryAndFollowUpInterceptor.intercept(RetryAndFollowUpInterceptor.java:88)
08-06 14:01:10.594 31433 15297 E baseline.com.newsblur.network.APIResponse: 	at okhttp3.internal.http.RealInterceptorChain.proceed(RealInterceptorChain.java:142)
08-06 14:01:10.594 31433 15297 E baseline.com.newsblur.network.APIResponse: 	at okhttp3.internal.http.RealInterceptorChain.proceed(RealInterceptorChain.java:117)
08-06 14:01:10.594 31433 15297 E baseline.com.newsblur.network.APIResponse: 	at okhttp3.RealCall.getResponseWithInterceptorChain(RealCall.java:229)
08-06 14:01:10.594 31433 15297 E baseline.com.newsblur.network.APIResponse: 	at okhttp3.RealCall.execute(RealCall.java:81)
08-06 14:01:10.594 31433 15297 E baseline.com.newsblur.network.APIResponse: 	at baseline.com.newsblur.network.APIResponse.<init>(APIResponse.java:57)
08-06 14:01:10.594 31433 15297 E baseline.com.newsblur.network.APIResponse: 	at baseline.com.newsblur.network.APIResponse.<init>(APIResponse.java:43)
08-06 14:01:10.594 31433 15297 E baseline.com.newsblur.network.APIResponse: 	at baseline.com.newsblur.network.APIManager.post_single(APIManager.java:702)
08-06 14:01:10.594 31433 15297 E baseline.com.newsblur.network.APIResponse: 	at baseline.com.newsblur.network.APIManager.post(APIManager.java:675)
08-06 14:01:10.594 31433 15297 E baseline.com.newsblur.network.APIResponse: 	at baseline.com.newsblur.network.APIManager.post(APIManager.java:714)
08-06 14:01:10.594 31433 15297 E baseline.com.newsblur.network.APIResponse: 	at baseline.com.newsblur.network.APIManager.markStoryAsRead(APIManager.java:205)
08-06 14:01:10.594 31433 15297 E baseline.com.newsblur.network.APIResponse: 	at baseline.com.newsblur.util.ReadingAction.doRemote(ReadingAction.java:281)
08-06 14:01:10.594 31433 15297 E baseline.com.newsblur.network.APIResponse: 	at baseline.com.newsblur.service.NBSyncService.syncActions(NBSyncService.java:400)
08-06 14:01:10.594 31433 15297 E baseline.com.newsblur.network.APIResponse: 	at baseline.com.newsblur.service.NBSyncService.doSync(NBSyncService.java:298)
08-06 14:01:10.594 31433 15297 E baseline.com.newsblur.network.APIResponse: 	at baseline.com.newsblur.service.NBSyncService.access$100(NBSyncService.java:67)
08-06 14:01:10.594 31433 15297 E baseline.com.newsblur.network.APIResponse: 	at baseline.com.newsblur.service.NBSyncService$1.run(NBSyncService.java:188)
08-06 14:01:10.594 31433 15297 E baseline.com.newsblur.network.APIResponse: 	at java.util.concurrent.ThreadPoolExecutor.runWorker(ThreadPoolExecutor.java:1113)
08-06 14:01:10.594 31433 15297 E baseline.com.newsblur.network.APIResponse: 	at java.util.concurrent.ThreadPoolExecutor$Worker.run(ThreadPoolExecutor.java:588)
08-06 14:01:10.594 31433 15297 E baseline.com.newsblur.network.APIResponse: 	at java.lang.Thread.run(Thread.java:818)
08-06 14:01:10.594 31433 15297 E baseline.com.newsblur.network.APIResponse: Caused by: java.io.EOFException: \n not found: limit=0 content=
08-06 14:01:10.594 31433 15297 E baseline.com.newsblur.network.APIResponse: 	at okio.RealBufferedSource.readUtf8LineStrict(RealBufferedSource.java:240)
08-06 14:01:10.594 31433 15297 E baseline.com.newsblur.network.APIResponse: 	at okhttp3.internal.http1.Http1ExchangeCodec.readHeaderLine(Http1ExchangeCodec.java:242)
08-06 14:01:10.594 31433 15297 E baseline.com.newsblur.network.APIResponse: 	at okhttp3.internal.http1.Http1ExchangeCodec.readResponseHeaders(Http1ExchangeCodec.java:213)
08-06 14:01:10.594 31433 15297 E baseline.com.newsblur.network.APIResponse: 	... 30 more
08-06 14:01:10.596 31433 15297 I baseline.com.newsblur.network.APIManager: API call failed, pausing before retry number 1
08-06 14:01:10.955 31433 14621 I art     : Starting a blocking GC Explicit
08-06 14:01:11.010 31433 14621 I art     : Explicit concurrent mark sweep GC freed 2318(293KB) AllocSpace objects, 3(60KB) LOS objects, 28% free, 40MB/56MB, paused 1.575ms total 55.064ms
08-06 14:01:11.024 31433 14621 I art     : Starting a blocking GC Explicit
08-06 14:01:11.082 31433 14621 I art     : Explicit concurrent mark sweep GC freed 66(2480B) AllocSpace objects, 0(0B) LOS objects, 28% free, 40MB/56MB, paused 1.587ms total 57.249ms
08-06 14:01:11.099 31433 14621 I art     : Starting a blocking GC Explicit
08-06 14:01:11.152 31433 14621 I art     : Explicit concurrent mark sweep GC freed 3(96B) AllocSpace objects, 0(0B) LOS objects, 28% free, 40MB/56MB, paused 1.534ms total 53.068ms
08-06 14:01:11.166 31433 14621 I art     : Starting a blocking GC Explicit
08-06 14:01:11.221 31433 14621 I art     : Explicit concurrent mark sweep GC freed 3(96B) AllocSpace objects, 0(0B) LOS objects, 28% free, 40MB/56MB, paused 1.490ms total 54.675ms
08-06 14:01:11.234 31433 14621 I art     : Starting a blocking GC Explicit
08-06 14:01:11.291 31433 14621 I art     : Explicit concurrent mark sweep GC freed 3(96B) AllocSpace objects, 0(0B) LOS objects, 28% free, 40MB/56MB, paused 1.495ms total 56.294ms
08-06 14:01:11.645 31433 31446 I art     : Starting a blocking GC Explicit
08-06 14:01:11.702 31433 31446 I art     : Explicit concurrent mark sweep GC freed 1444(83KB) AllocSpace objects, 1(20KB) LOS objects, 28% free, 40MB/56MB, paused 1.590ms total 55.964ms
08-06 14:01:11.719 31433 31446 I art     : Starting a blocking GC Explicit
08-06 14:01:11.770 31433 31446 I art     : Explicit concurrent mark sweep GC freed 22(784B) AllocSpace objects, 0(0B) LOS objects, 28% free, 40MB/56MB, paused 1.911ms total 51.388ms
08-06 14:01:11.784 31433 31446 I art     : Starting a blocking GC Explicit
08-06 14:01:11.838 31433 31446 I art     : Explicit concurrent mark sweep GC freed 3(96B) AllocSpace objects, 0(0B) LOS objects, 28% free, 40MB/56MB, paused 1.526ms total 53.654ms
08-06 14:01:11.851 31433 31446 I art     : Starting a blocking GC Explicit
08-06 14:01:11.897 31433 31446 I art     : Explicit concurrent mark sweep GC freed 3(96B) AllocSpace objects, 0(0B) LOS objects, 28% free, 40MB/56MB, paused 1.424ms total 45.814ms
08-06 14:01:11.911 31433 31446 I art     : Starting a blocking GC Explicit
08-06 14:01:11.959 31433 31446 I art     : Explicit concurrent mark sweep GC freed 3(96B) AllocSpace objects, 0(0B) LOS objects, 28% free, 40MB/56MB, paused 1.920ms total 48.152ms
08-06 14:01:12.015 15992 15992 D AndroidRuntime: >>>>>> START com.android.internal.os.RuntimeInit uid 2000 <<<<<<
08-06 14:01:12.021 15992 15992 D AndroidRuntime: CheckJNI is OFF
08-06 14:01:12.065 15992 15992 D ICU     : No timezone override file found: /data/misc/zoneinfo/current/icu/icu_tzdata.dat
08-06 14:01:12.111 15992 15992 I Radio-JNI: register_android_hardware_Radio DONE
08-06 14:01:12.139 15992 15992 D AndroidRuntime: Calling main entry com.android.commands.input.Input
08-06 14:01:12.142 15992 15992 I Input   : injectMotionEvent: MotionEvent { action=ACTION_DOWN, actionButton=0, id[0]=0, x[0]=436.0, y[0]=453.0, toolType[0]=TOOL_TYPE_UNKNOWN, buttonState=0, metaState=0, flags=0x0, edgeFlags=0x0, pointerCount=1, historySize=0, eventTime=885688554, downTime=885688554, deviceId=0, source=0x1002 }
08-06 14:01:12.148 15992 15992 I Input   : injectMotionEvent: MotionEvent { action=ACTION_UP, actionButton=0, id[0]=0, x[0]=436.0, y[0]=453.0, toolType[0]=TOOL_TYPE_UNKNOWN, buttonState=0, metaState=0, flags=0x0, edgeFlags=0x0, pointerCount=1, historySize=0, eventTime=885688554, downTime=885688554, deviceId=0, source=0x1002 }
08-06 14:01:12.150 15992 15992 D AndroidRuntime: Shutting down VM
08-06 14:01:12.169   512  2967 D audio_hw_primary: out_set_parameters: enter: usecase(1: low-latency-playback) kvpairs: routing=2
08-06 14:01:12.170   918  5481 I ActivityManager: START u0 {cmp=baseline.com.newsblur/.activity.AllSharedStoriesReading (has extras)} from uid 10698 on display 0
08-06 14:01:12.182   512  2967 D audio_hw_primary: select_devices: out_snd_device(2: speaker) in_snd_device(0: none)
08-06 14:01:12.182   512  2967 D msm8974_platform: platform_send_audio_calibration: sending audio calibration for snd_device(2) acdb_id(15)
08-06 14:01:12.182   512  2967 I soundtrigger: audio_extn_sound_trigger_update_device_status: device 0x2 of type 0 for Event 1
08-06 14:01:12.192   512  2967 D audio_hw_primary: enable_snd_device: snd_device(2: speaker)
08-06 14:01:12.194   512  2967 D audio_hw_primary: enable_audio_route: apply and update mixer path: low-latency-playback speaker
08-06 14:01:12.355 31433 14620 I art     : Starting a blocking GC Explicit
08-06 14:01:12.414 31433 14620 I art     : Explicit concurrent mark sweep GC freed 3284(272KB) AllocSpace objects, 6(548KB) LOS objects, 28% free, 40MB/56MB, paused 1.435ms total 58.667ms
08-06 14:01:12.429 31433 14620 I art     : Starting a blocking GC Explicit
08-06 14:01:12.447   918   936 I ActivityManager: Displayed baseline.com.newsblur/.activity.AllSharedStoriesReading: +265ms
08-06 14:01:12.448 13866 13866 I GoogleInputMethodServic: GoogleInputMethodService.onFinishInput():3138 
08-06 14:01:12.448 13866 13866 I GoogleInputMethodServic: GoogleInputMethodService.onStartInput():1808 
08-06 14:01:12.480 31433 14620 I art     : Explicit concurrent mark sweep GC freed 855(60KB) AllocSpace objects, 1(20KB) LOS objects, 28% free, 40MB/56MB, paused 1.917ms total 51.052ms
08-06 14:01:12.494 31433 14620 I art     : Starting a blocking GC Explicit
08-06 14:01:12.552 31433 14620 I art     : Explicit concurrent mark sweep GC freed 1718(105KB) AllocSpace objects, 3(68KB) LOS objects, 28% free, 41MB/57MB, paused 5.561ms total 57.053ms
08-06 14:01:12.568 31433 14620 I art     : Starting a blocking GC Explicit
08-06 14:01:12.628 31433 14620 I art     : Explicit concurrent mark sweep GC freed 2684(154KB) AllocSpace objects, 9(216KB) LOS objects, 28% free, 41MB/57MB, paused 1.500ms total 59.052ms
08-06 14:01:12.632 31433 15297 E baseline.com.newsblur.network.APIResponse: Error (unexpected end of stream on https://www.newsblur.com/...) calling https://www.newsblur.com/reader/mark_story_hashes_as_read/
08-06 14:01:12.632 31433 15297 E baseline.com.newsblur.network.APIResponse: java.io.IOException: unexpected end of stream on https://www.newsblur.com/...
08-06 14:01:12.632 31433 15297 E baseline.com.newsblur.network.APIResponse: 	at okhttp3.internal.http1.Http1ExchangeCodec.readResponseHeaders(Http1ExchangeCodec.java:236)
08-06 14:01:12.632 31433 15297 E baseline.com.newsblur.network.APIResponse: 	at okhttp3.internal.connection.Exchange.readResponseHeaders(Exchange.java:115)
08-06 14:01:12.632 31433 15297 E baseline.com.newsblur.network.APIResponse: 	at okhttp3.internal.http.CallServerInterceptor.intercept(CallServerInterceptor.java:94)
08-06 14:01:12.632 31433 15297 E baseline.com.newsblur.network.APIResponse: 	at okhttp3.internal.http.RealInterceptorChain.proceed(RealInterceptorChain.java:142)
08-06 14:01:12.632 31433 15297 E baseline.com.newsblur.network.APIResponse: 	at okhttp3.internal.connection.ConnectInterceptor.intercept(ConnectInterceptor.java:43)
08-06 14:01:12.632 31433 15297 E baseline.com.newsblur.network.APIResponse: 	at okhttp3.internal.http.RealInterceptorChain.proceed(RealInterceptorChain.java:142)
08-06 14:01:12.632 31433 15297 E baseline.com.newsblur.network.APIResponse: 	at okhttp3.internal.http.RealInterceptorChain.proceed(RealInterceptorChain.java:117)
08-06 14:01:12.632 31433 15297 E baseline.com.newsblur.network.APIResponse: 	at okhttp3.internal.cache.CacheInterceptor.intercept(CacheInterceptor.java:94)
08-06 14:01:12.632 31433 15297 E baseline.com.newsblur.network.APIResponse: 	at okhttp3.internal.http.RealInterceptorChain.proceed(RealInterceptorChain.java:142)
08-06 14:01:12.632 31433 15297 E baseline.com.newsblur.network.APIResponse: 	at okhttp3.internal.http.RealInterceptorChain.proceed(RealInterceptorChain.java:117)
08-06 14:01:12.632 31433 15297 E baseline.com.newsblur.network.APIResponse: 	at okhttp3.internal.http.BridgeInterceptor.intercept(BridgeInterceptor.java:93)
08-06 14:01:12.632 31433 15297 E baseline.com.newsblur.network.APIResponse: 	at okhttp3.internal.http.RealInterceptorChain.proceed(RealInterceptorChain.java:142)
08-06 14:01:12.632 31433 15297 E baseline.com.newsblur.network.APIResponse: 	at okhttp3.internal.http.RetryAndFollowUpInterceptor.intercept(RetryAndFollowUpInterceptor.java:88)
08-06 14:01:12.632 31433 15297 E baseline.com.newsblur.network.APIResponse: 	at okhttp3.internal.http.RealInterceptorChain.proceed(RealInterceptorChain.java:142)
08-06 14:01:12.632 31433 15297 E baseline.com.newsblur.network.APIResponse: 	at okhttp3.internal.http.RealInterceptorChain.proceed(RealInterceptorChain.java:117)
08-06 14:01:12.632 31433 15297 E baseline.com.newsblur.network.APIResponse: 	at okhttp3.RealCall.getResponseWithInterceptorChain(RealCall.java:229)
08-06 14:01:12.632 31433 15297 E baseline.com.newsblur.network.APIResponse: 	at okhttp3.RealCall.execute(RealCall.java:81)
08-06 14:01:12.632 31433 15297 E baseline.com.newsblur.network.APIResponse: 	at baseline.com.newsblur.network.APIResponse.<init>(APIResponse.java:57)
08-06 14:01:12.632 31433 15297 E baseline.com.newsblur.network.APIResponse: 	at baseline.com.newsblur.network.APIResponse.<init>(APIResponse.java:43)
08-06 14:01:12.632 31433 15297 E baseline.com.newsblur.network.APIResponse: 	at baseline.com.newsblur.network.APIManager.post_single(APIManager.java:702)
08-06 14:01:12.632 31433 15297 E baseline.com.newsblur.network.APIResponse: 	at baseline.com.newsblur.network.APIManager.post(APIManager.java:675)
08-06 14:01:12.632 31433 15297 E baseline.com.newsblur.network.APIResponse: 	at baseline.com.newsblur.network.APIManager.post(APIManager.java:714)
08-06 14:01:12.632 31433 15297 E baseline.com.newsblur.network.APIResponse: 	at baseline.com.newsblur.network.APIManager.markStoryAsRead(APIManager.java:205)
08-06 14:01:12.632 31433 15297 E baseline.com.newsblur.network.APIResponse: 	at baseline.com.newsblur.util.ReadingAction.doRemote(ReadingAction.java:281)
08-06 14:01:12.632 31433 15297 E baseline.com.newsblur.network.APIResponse: 	at baseline.com.newsblur.service.NBSyncService.syncActions(NBSyncService.java:400)
08-06 14:01:12.632 31433 15297 E baseline.com.newsblur.network.APIResponse: 	at baseline.com.newsblur.service.NBSyncService.doSync(NBSyncService.java:298)
08-06 14:01:12.632 31433 15297 E baseline.com.newsblur.network.APIResponse: 	at baseline.com.newsblur.service.NBSyncService.access$100(NBSyncService.java:67)
08-06 14:01:12.632 31433 15297 E baseline.com.newsblur.network.APIResponse: 	at baseline.com.newsblur.service.NBSyncService$1.run(NBSyncService.java:188)
08-06 14:01:12.632 31433 15297 E baseline.com.newsblur.network.APIResponse: 	at java.util.concurrent.ThreadPoolExecutor.runWorker(ThreadPoolExecutor.java:1113)
08-06 14:01:12.632 31433 15297 E baseline.com.newsblur.network.APIResponse: 	at java.util.concurrent.ThreadPoolExecutor$Worker.run(ThreadPoolExecutor.java:588)
08-06 14:01:12.632 31433 15297 E baseline.com.newsblur.network.APIResponse: 	at java.lang.Thread.run(Thread.java:818)
08-06 14:01:12.632 31433 15297 E baseline.com.newsblur.network.APIResponse: Caused by: java.io.EOFException: \n not found: limit=0 content=
08-06 14:01:12.632 31433 15297 E baseline.com.newsblur.network.APIResponse: 	at okio.RealBufferedSource.readUtf8LineStrict(RealBufferedSource.java:240)
08-06 14:01:12.632 31433 15297 E baseline.com.newsblur.network.APIResponse: 	at okhttp3.internal.http1.Http1ExchangeCodec.readHeaderLine(Http1ExchangeCodec.java:242)
08-06 14:01:12.632 31433 15297 E baseline.com.newsblur.network.APIResponse: 	at okhttp3.internal.http1.Http1ExchangeCodec.readResponseHeaders(Http1ExchangeCodec.java:213)
08-06 14:01:12.632 31433 15297 E baseline.com.newsblur.network.APIResponse: 	... 30 more
08-06 14:01:12.634 31433 15297 I baseline.com.newsblur.network.APIManager: API call failed, pausing before retry number 2
08-06 14:01:12.642 31433 14620 I art     : Starting a blocking GC Explicit
08-06 14:01:12.691 31433 14620 I art     : Explicit concurrent mark sweep GC freed 1541(270KB) AllocSpace objects, 2(40KB) LOS objects, 28% free, 41MB/57MB, paused 1.425ms total 48.290ms
08-06 14:01:12.725 31433 14966 E chromium: [ERROR:tile_manager.cc(793)] WARNING: tile memory limits exceeded, some content may not draw
08-06 14:01:12.725 31433 14966 E chromium: [ERROR:tile_manager.cc(793)] WARNING: tile memory limits exceeded, some content may not draw
08-06 14:01:12.738   512  2967 D audio_hw_primary: disable_audio_route: reset and update mixer path: low-latency-playback speaker
08-06 14:01:12.739   512  2967 D audio_hw_primary: disable_snd_device: snd_device(2: speaker)
08-06 14:01:12.747   512  2967 I soundtrigger: audio_extn_sound_trigger_update_device_status: device 0x2 of type 0 for Event 0
08-06 14:01:13.058 31433 14621 I art     : Starting a blocking GC Explicit
08-06 14:01:13.108 31433 14621 I art     : Explicit concurrent mark sweep GC freed 1682(104KB) AllocSpace objects, 3(68KB) LOS objects, 28% free, 41MB/57MB, paused 1.483ms total 49.225ms
08-06 14:01:13.121 31433 14621 I art     : Starting a blocking GC Explicit
08-06 14:01:13.169 31433 14621 I art     : Explicit concurrent mark sweep GC freed 39(1520B) AllocSpace objects, 0(0B) LOS objects, 28% free, 41MB/57MB, paused 1.417ms total 47.635ms
08-06 14:01:13.182 31433 14621 I art     : Starting a blocking GC Explicit
08-06 14:01:13.232 31433 14621 I art     : Explicit concurrent mark sweep GC freed 3(96B) AllocSpace objects, 0(0B) LOS objects, 28% free, 41MB/57MB, paused 1.405ms total 49.476ms
08-06 14:01:13.245 31433 14621 I art     : Starting a blocking GC Explicit
08-06 14:01:13.296 31433 14621 I art     : Explicit concurrent mark sweep GC freed 3(96B) AllocSpace objects, 0(0B) LOS objects, 28% free, 41MB/57MB, paused 1.467ms total 50.338ms
08-06 14:01:13.309 31433 14621 I art     : Starting a blocking GC Explicit
08-06 14:01:13.362 31433 14621 I art     : Explicit concurrent mark sweep GC freed 3(96B) AllocSpace objects, 0(0B) LOS objects, 28% free, 41MB/57MB, paused 1.450ms total 51.868ms
08-06 14:01:13.736 31433 31446 I art     : Starting a blocking GC Explicit
08-06 14:01:13.797 31433 31446 I art     : Explicit concurrent mark sweep GC freed 1458(83KB) AllocSpace objects, 1(20KB) LOS objects, 28% free, 41MB/57MB, paused 1.829ms total 61.232ms
08-06 14:01:13.815 31433 31446 I art     : Starting a blocking GC Explicit
08-06 14:01:13.872 31433 31446 I art     : Explicit concurrent mark sweep GC freed 41(1408B) AllocSpace objects, 0(0B) LOS objects, 28% free, 41MB/57MB, paused 1.462ms total 56.618ms
08-06 14:01:13.889 31433 31446 I art     : Starting a blocking GC Explicit
08-06 14:01:13.941 31433 31446 I art     : Explicit concurrent mark sweep GC freed 19(608B) AllocSpace objects, 0(0B) LOS objects, 28% free, 41MB/57MB, paused 1.501ms total 52.374ms
08-06 14:01:13.956 31433 31446 I art     : Starting a blocking GC Explicit
08-06 14:01:14.015 31433 31446 I art     : Explicit concurrent mark sweep GC freed 12(384B) AllocSpace objects, 0(0B) LOS objects, 28% free, 41MB/57MB, paused 1.310ms total 58.203ms
08-06 14:01:14.028 31433 31446 I art     : Starting a blocking GC Explicit
08-06 14:01:14.079 31433 31446 I art     : Explicit concurrent mark sweep GC freed 3(96B) AllocSpace objects, 0(0B) LOS objects, 28% free, 41MB/57MB, paused 1.454ms total 50.842ms
08-06 14:01:14.465 31433 14620 I art     : Starting a blocking GC Explicit
08-06 14:01:14.524 31433 14620 I art     : Explicit concurrent mark sweep GC freed 1445(83KB) AllocSpace objects, 1(20KB) LOS objects, 28% free, 41MB/57MB, paused 1.546ms total 58.837ms
08-06 14:01:14.539 31433 14620 I art     : Starting a blocking GC Explicit
08-06 14:01:14.598 31433 14620 I art     : Explicit concurrent mark sweep GC freed 22(784B) AllocSpace objects, 0(0B) LOS objects, 28% free, 41MB/57MB, paused 1.623ms total 59.060ms
08-06 14:01:14.616 31433 14620 I art     : Starting a blocking GC Explicit
08-06 14:01:14.673 31433 14620 I art     : Explicit concurrent mark sweep GC freed 3(96B) AllocSpace objects, 0(0B) LOS objects, 28% free, 41MB/57MB, paused 1.516ms total 56.521ms
08-06 14:01:14.687 31433 14620 I art     : Starting a blocking GC Explicit
08-06 14:01:14.744 31433 14620 I art     : Explicit concurrent mark sweep GC freed 3(96B) AllocSpace objects, 0(0B) LOS objects, 28% free, 41MB/57MB, paused 1.471ms total 56.328ms
08-06 14:01:14.758 31433 14620 I art     : Starting a blocking GC Explicit
08-06 14:01:14.817 31433 14620 I art     : Explicit concurrent mark sweep GC freed 3(96B) AllocSpace objects, 0(0B) LOS objects, 28% free, 41MB/57MB, paused 1.558ms total 58.872ms
08-06 14:01:15.205 31433 14621 I art     : Starting a blocking GC Explicit
08-06 14:01:15.264 31433 14621 I art     : Explicit concurrent mark sweep GC freed 1446(83KB) AllocSpace objects, 1(20KB) LOS objects, 28% free, 41MB/57MB, paused 1.501ms total 58.943ms
08-06 14:01:15.279 31433 14621 I art     : Starting a blocking GC Explicit
08-06 14:01:15.339 31433 14621 I art     : Explicit concurrent mark sweep GC freed 22(784B) AllocSpace objects, 0(0B) LOS objects, 28% free, 41MB/57MB, paused 1.706ms total 60.070ms
08-06 14:01:15.357 31433 14621 I art     : Starting a blocking GC Explicit
08-06 14:01:15.413 31433 14621 I art     : Explicit concurrent mark sweep GC freed 3(96B) AllocSpace objects, 0(0B) LOS objects, 28% free, 41MB/57MB, paused 1.509ms total 55.810ms
08-06 14:01:15.427 31433 14621 I art     : Starting a blocking GC Explicit
08-06 14:01:15.483 31433 14621 I art     : Explicit concurrent mark sweep GC freed 3(96B) AllocSpace objects, 0(0B) LOS objects, 28% free, 41MB/57MB, paused 1.430ms total 55.894ms
08-06 14:01:15.497 31433 14621 I art     : Starting a blocking GC Explicit
08-06 14:01:15.556 31433 14621 I art     : Explicit concurrent mark sweep GC freed 3(96B) AllocSpace objects, 0(0B) LOS objects, 28% free, 41MB/57MB, paused 1.535ms total 58.434ms
08-06 14:01:15.945 31433 31444 I art     : Starting a blocking GC Explicit
08-06 14:01:16.004 31433 31444 I art     : Explicit concurrent mark sweep GC freed 1610(91KB) AllocSpace objects, 1(20KB) LOS objects, 28% free, 41MB/57MB, paused 1.607ms total 58.100ms
08-06 14:01:16.018 31433 31444 I art     : Starting a blocking GC Explicit
08-06 14:01:16.078 31433 31444 I art     : Explicit concurrent mark sweep GC freed 28(1040B) AllocSpace objects, 0(0B) LOS objects, 28% free, 41MB/57MB, paused 1.707ms total 59.761ms
08-06 14:01:16.093 31433 31444 I art     : Starting a blocking GC Explicit
08-06 14:01:16.152 31433 31444 I art     : Explicit concurrent mark sweep GC freed 3(96B) AllocSpace objects, 0(0B) LOS objects, 28% free, 41MB/57MB, paused 1.626ms total 59.244ms
08-06 14:01:16.167 31433 31444 I art     : Starting a blocking GC Explicit
08-06 14:01:16.225 31433 31444 I art     : Explicit concurrent mark sweep GC freed 1655(65KB) AllocSpace objects, 0(0B) LOS objects, 28% free, 41MB/57MB, paused 1.441ms total 58.485ms
08-06 14:01:16.227 31433 15297 E baseline.com.newsblur.network.APIResponse: Error (unexpected end of stream on https://www.newsblur.com/...) calling https://www.newsblur.com/reader/mark_story_hashes_as_read/
08-06 14:01:16.227 31433 15297 E baseline.com.newsblur.network.APIResponse: java.io.IOException: unexpected end of stream on https://www.newsblur.com/...
08-06 14:01:16.227 31433 15297 E baseline.com.newsblur.network.APIResponse: 	at okhttp3.internal.http1.Http1ExchangeCodec.readResponseHeaders(Http1ExchangeCodec.java:236)
08-06 14:01:16.227 31433 15297 E baseline.com.newsblur.network.APIResponse: 	at okhttp3.internal.connection.Exchange.readResponseHeaders(Exchange.java:115)
08-06 14:01:16.227 31433 15297 E baseline.com.newsblur.network.APIResponse: 	at okhttp3.internal.http.CallServerInterceptor.intercept(CallServerInterceptor.java:94)
08-06 14:01:16.227 31433 15297 E baseline.com.newsblur.network.APIResponse: 	at okhttp3.internal.http.RealInterceptorChain.proceed(RealInterceptorChain.java:142)
08-06 14:01:16.227 31433 15297 E baseline.com.newsblur.network.APIResponse: 	at okhttp3.internal.connection.ConnectInterceptor.intercept(ConnectInterceptor.java:43)
08-06 14:01:16.227 31433 15297 E baseline.com.newsblur.network.APIResponse: 	at okhttp3.internal.http.RealInterceptorChain.proceed(RealInterceptorChain.java:142)
08-06 14:01:16.227 31433 15297 E baseline.com.newsblur.network.APIResponse: 	at okhttp3.internal.http.RealInterceptorChain.proceed(RealInterceptorChain.java:117)
08-06 14:01:16.227 31433 15297 E baseline.com.newsblur.network.APIResponse: 	at okhttp3.internal.cache.CacheInterceptor.intercept(CacheInterceptor.java:94)
08-06 14:01:16.227 31433 15297 E baseline.com.newsblur.network.APIResponse: 	at okhttp3.internal.http.RealInterceptorChain.proceed(RealInterceptorChain.java:142)
08-06 14:01:16.227 31433 15297 E baseline.com.newsblur.network.APIResponse: 	at okhttp3.internal.http.RealInterceptorChain.proceed(RealInterceptorChain.java:117)
08-06 14:01:16.227 31433 15297 E baseline.com.newsblur.network.APIResponse: 	at okhttp3.internal.http.BridgeInterceptor.intercept(BridgeInterceptor.java:93)
08-06 14:01:16.227 31433 15297 E baseline.com.newsblur.network.APIResponse: 	at okhttp3.internal.http.RealInterceptorChain.proceed(RealInterceptorChain.java:142)
08-06 14:01:16.227 31433 15297 E baseline.com.newsblur.network.APIResponse: 	at okhttp3.internal.http.RetryAndFollowUpInterceptor.intercept(RetryAndFollowUpInterceptor.java:88)
08-06 14:01:16.227 31433 15297 E baseline.com.newsblur.network.APIResponse: 	at okhttp3.internal.http.RealInterceptorChain.proceed(RealInterceptorChain.java:142)
08-06 14:01:16.227 31433 15297 E baseline.com.newsblur.network.APIResponse: 	at okhttp3.internal.http.RealInterceptorChain.proceed(RealInterceptorChain.java:117)
08-06 14:01:16.227 31433 15297 E baseline.com.newsblur.network.APIResponse: 	at okhttp3.RealCall.getResponseWithInterceptorChain(RealCall.java:229)
08-06 14:01:16.227 31433 15297 E baseline.com.newsblur.network.APIResponse: 	at okhttp3.RealCall.execute(RealCall.java:81)
08-06 14:01:16.227 31433 15297 E baseline.com.newsblur.network.APIResponse: 	at baseline.com.newsblur.network.APIResponse.<init>(APIResponse.java:57)
08-06 14:01:16.227 31433 15297 E baseline.com.newsblur.network.APIResponse: 	at baseline.com.newsblur.network.APIResponse.<init>(APIResponse.java:43)
08-06 14:01:16.227 31433 15297 E baseline.com.newsblur.network.APIResponse: 	at baseline.com.newsblur.network.APIManager.post_single(APIManager.java:702)
08-06 14:01:16.227 31433 15297 E baseline.com.newsblur.network.APIResponse: 	at baseline.com.newsblur.network.APIManager.post(APIManager.java:675)
08-06 14:01:16.227 31433 15297 E baseline.com.newsblur.network.APIResponse: 	at baseline.com.newsblur.network.APIManager.post(APIManager.java:714)
08-06 14:01:16.227 31433 15297 E baseline.com.newsblur.network.APIResponse: 	at baseline.com.newsblur.network.APIManager.markStoryAsRead(APIManager.java:205)
08-06 14:01:16.227 31433 15297 E baseline.com.newsblur.network.APIResponse: 	at baseline.com.newsblur.util.ReadingAction.doRemote(ReadingAction.java:281)
08-06 14:01:16.227 31433 15297 E baseline.com.newsblur.network.APIResponse: 	at baseline.com.newsblur.service.NBSyncService.syncActions(NBSyncService.java:400)
08-06 14:01:16.227 31433 15297 E baseline.com.newsblur.network.APIResponse: 	at baseline.com.newsblur.service.NBSyncService.doSync(NBSyncService.java:298)
08-06 14:01:16.227 31433 15297 E baseline.com.newsblur.network.APIResponse: 	at baseline.com.newsblur.service.NBSyncService.access$100(NBSyncService.java:67)
08-06 14:01:16.227 31433 15297 E baseline.com.newsblur.network.APIResponse: 	at baseline.com.newsblur.service.NBSyncService$1.run(NBSyncService.java:188)
08-06 14:01:16.227 31433 15297 E baseline.com.newsblur.network.APIResponse: 	at java.util.concurrent.ThreadPoolExecutor.runWorker(ThreadPoolExecutor.java:1113)
08-06 14:01:16.227 31433 15297 E baseline.com.newsblur.network.APIResponse: 	at java.util.concurrent.ThreadPoolExecutor$Worker.run(ThreadPoolExecutor.java:588)
08-06 14:01:16.227 31433 15297 E baseline.com.newsblur.network.APIResponse: 	at java.lang.Thread.run(Thread.java:818)
08-06 14:01:16.227 31433 15297 E baseline.com.newsblur.network.APIResponse: Caused by: java.io.EOFException: \n not found: limit=0 content=
08-06 14:01:16.227 31433 15297 E baseline.com.newsblur.network.APIResponse: 	at okio.RealBufferedSource.readUtf8LineStrict(RealBufferedSource.java:240)
08-06 14:01:16.227 31433 15297 E baseline.com.newsblur.network.APIResponse: 	at okhttp3.internal.http1.Http1ExchangeCodec.readHeaderLine(Http1ExchangeCodec.java:242)
08-06 14:01:16.227 31433 15297 E baseline.com.newsblur.network.APIResponse: 	at okhttp3.internal.http1.Http1ExchangeCodec.readResponseHeaders(Http1ExchangeCodec.java:213)
08-06 14:01:16.227 31433 15297 E baseline.com.newsblur.network.APIResponse: 	... 30 more
08-06 14:01:16.228 31433 15297 I baseline.com.newsblur.service.NBSyncService: Holding reading action with server-side or network error.
08-06 14:01:16.238 31433 15297 W baseline.com.newsblur.service.NBSyncService: hard API failure
08-06 14:01:16.240 31433 31444 I art     : Starting a blocking GC Explicit
08-06 14:01:16.291 31433 31444 I art     : Explicit concurrent mark sweep GC freed 1304(259KB) AllocSpace objects, 4(80KB) LOS objects, 28% free, 41MB/57MB, paused 1.592ms total 51.214ms
08-06 14:01:16.666 31433 31446 I art     : Starting a blocking GC Explicit
08-06 14:01:16.724 31433 31446 I art     : Explicit concurrent mark sweep GC freed 3178(151KB) AllocSpace objects, 1(20KB) LOS objects, 28% free, 41MB/57MB, paused 1.658ms total 58.103ms
08-06 14:01:16.730 31433 15297 E baseline.com.newsblur.network.APIResponse: Error (unexpected end of stream on https://www.newsblur.com/...) calling https://www.newsblur.com/reader/mark_story_hashes_as_read/
08-06 14:01:16.730 31433 15297 E baseline.com.newsblur.network.APIResponse: java.io.IOException: unexpected end of stream on https://www.newsblur.com/...
08-06 14:01:16.730 31433 15297 E baseline.com.newsblur.network.APIResponse: 	at okhttp3.internal.http1.Http1ExchangeCodec.readResponseHeaders(Http1ExchangeCodec.java:236)
08-06 14:01:16.730 31433 15297 E baseline.com.newsblur.network.APIResponse: 	at okhttp3.internal.connection.Exchange.readResponseHeaders(Exchange.java:115)
08-06 14:01:16.730 31433 15297 E baseline.com.newsblur.network.APIResponse: 	at okhttp3.internal.http.CallServerInterceptor.intercept(CallServerInterceptor.java:94)
08-06 14:01:16.730 31433 15297 E baseline.com.newsblur.network.APIResponse: 	at okhttp3.internal.http.RealInterceptorChain.proceed(RealInterceptorChain.java:142)
08-06 14:01:16.730 31433 15297 E baseline.com.newsblur.network.APIResponse: 	at okhttp3.internal.connection.ConnectInterceptor.intercept(ConnectInterceptor.java:43)
08-06 14:01:16.730 31433 15297 E baseline.com.newsblur.network.APIResponse: 	at okhttp3.internal.http.RealInterceptorChain.proceed(RealInterceptorChain.java:142)
08-06 14:01:16.730 31433 15297 E baseline.com.newsblur.network.APIResponse: 	at okhttp3.internal.http.RealInterceptorChain.proceed(RealInterceptorChain.java:117)
08-06 14:01:16.730 31433 15297 E baseline.com.newsblur.network.APIResponse: 	at okhttp3.internal.cache.CacheInterceptor.intercept(CacheInterceptor.java:94)
08-06 14:01:16.730 31433 15297 E baseline.com.newsblur.network.APIResponse: 	at okhttp3.internal.http.RealInterceptorChain.proceed(RealInterceptorChain.java:142)
08-06 14:01:16.730 31433 15297 E baseline.com.newsblur.network.APIResponse: 	at okhttp3.internal.http.RealInterceptorChain.proceed(RealInterceptorChain.java:117)
08-06 14:01:16.730 31433 15297 E baseline.com.newsblur.network.APIResponse: 	at okhttp3.internal.http.BridgeInterceptor.intercept(BridgeInterceptor.java:93)
08-06 14:01:16.730 31433 15297 E baseline.com.newsblur.network.APIResponse: 	at okhttp3.internal.http.RealInterceptorChain.proceed(RealInterceptorChain.java:142)
08-06 14:01:16.730 31433 15297 E baseline.com.newsblur.network.APIResponse: 	at okhttp3.internal.http.RetryAndFollowUpInterceptor.intercept(RetryAndFollowUpInterceptor.java:88)
08-06 14:01:16.730 31433 15297 E baseline.com.newsblur.network.APIResponse: 	at okhttp3.internal.http.RealInterceptorChain.proceed(RealInterceptorChain.java:142)
08-06 14:01:16.730 31433 15297 E baseline.com.newsblur.network.APIResponse: 	at okhttp3.internal.http.RealInterceptorChain.proceed(RealInterceptorChain.java:117)
08-06 14:01:16.730 31433 15297 E baseline.com.newsblur.network.APIResponse: 	at okhttp3.RealCall.getResponseWithInterceptorChain(RealCall.java:229)
08-06 14:01:16.730 31433 15297 E baseline.com.newsblur.network.APIResponse: 	at okhttp3.RealCall.execute(RealCall.java:81)
08-06 14:01:16.730 31433 15297 E baseline.com.newsblur.network.APIResponse: 	at baseline.com.newsblur.network.APIResponse.<init>(APIResponse.java:57)
08-06 14:01:16.730 31433 15297 E baseline.com.newsblur.network.APIResponse: 	at baseline.com.newsblur.network.APIResponse.<init>(APIResponse.java:43)
08-06 14:01:16.730 31433 15297 E baseline.com.newsblur.network.APIResponse: 	at baseline.com.newsblur.network.APIManager.post_single(APIManager.java:702)
08-06 14:01:16.730 31433 15297 E baseline.com.newsblur.network.APIResponse: 	at baseline.com.newsblur.network.APIManager.post(APIManager.java:675)
08-06 14:01:16.730 31433 15297 E baseline.com.newsblur.network.APIResponse: 	at baseline.com.newsblur.network.APIManager.post(APIManager.java:714)
08-06 14:01:16.730 31433 15297 E baseline.com.newsblur.network.APIResponse: 	at baseline.com.newsblur.network.APIManager.markStoryAsRead(APIManager.java:205)
08-06 14:01:16.730 31433 15297 E baseline.com.newsblur.network.APIResponse: 	at baseline.com.newsblur.util.ReadingAction.doRemote(ReadingAction.java:281)
08-06 14:01:16.730 31433 15297 E baseline.com.newsblur.network.APIResponse: 	at baseline.com.newsblur.service.NBSyncService.syncActions(NBSyncService.java:400)
08-06 14:01:16.730 31433 15297 E baseline.com.newsblur.network.APIResponse: 	at baseline.com.newsblur.service.NBSyncService.doSync(NBSyncService.java:298)
08-06 14:01:16.730 31433 15297 E baseline.com.newsblur.network.APIResponse: 	at baseline.com.newsblur.service.NBSyncService.access$100(NBSyncService.java:67)
08-06 14:01:16.730 31433 15297 E baseline.com.newsblur.network.APIResponse: 	at baseline.com.newsblur.service.NBSyncService$1.run(NBSyncService.java:188)
08-06 14:01:16.730 31433 15297 E baseline.com.newsblur.network.APIResponse: 	at java.util.concurrent.ThreadPoolExecutor.runWorker(ThreadPoolExecutor.java:1113)
08-06 14:01:16.730 31433 15297 E baseline.com.newsblur.network.APIResponse: 	at java.util.concurrent.ThreadPoolExecutor$Worker.run(ThreadPoolExecutor.java:588)
08-06 14:01:16.730 31433 15297 E baseline.com.newsblur.network.APIResponse: 	at java.lang.Thread.run(Thread.java:818)
08-06 14:01:16.730 31433 15297 E baseline.com.newsblur.network.APIResponse: Caused by: java.io.EOFException: \n not found: limit=0 content=
08-06 14:01:16.730 31433 15297 E baseline.com.newsblur.network.APIResponse: 	at okio.RealBufferedSource.readUtf8LineStrict(RealBufferedSource.java:240)
08-06 14:01:16.730 31433 15297 E baseline.com.newsblur.network.APIResponse: 	at okhttp3.internal.http1.Http1ExchangeCodec.readHeaderLine(Http1ExchangeCodec.java:242)
08-06 14:01:16.730 31433 15297 E baseline.com.newsblur.network.APIResponse: 	at okhttp3.internal.http1.Http1ExchangeCodec.readResponseHeaders(Http1ExchangeCodec.java:213)
08-06 14:01:16.730 31433 15297 E baseline.com.newsblur.network.APIResponse: 	... 30 more
08-06 14:01:16.732 31433 15297 I baseline.com.newsblur.network.APIManager: API call failed, pausing before retry number 1
08-06 14:01:16.739 31433 31446 I art     : Starting a blocking GC Explicit
08-06 14:01:16.799 31433 31446 I art     : Explicit concurrent mark sweep GC freed 932(212KB) AllocSpace objects, 2(40KB) LOS objects, 28% free, 41MB/57MB, paused 1.680ms total 60.096ms
08-06 14:01:16.814 31433 31446 I art     : Starting a blocking GC Explicit
08-06 14:01:16.874 31433 31446 I art     : Explicit concurrent mark sweep GC freed 47(1792B) AllocSpace objects, 0(0B) LOS objects, 28% free, 41MB/57MB, paused 1.442ms total 59.844ms
08-06 14:01:16.892 31433 31446 I art     : Starting a blocking GC Explicit
08-06 14:01:16.947 31433 31446 I art     : Explicit concurrent mark sweep GC freed 3(96B) AllocSpace objects, 0(0B) LOS objects, 28% free, 41MB/57MB, paused 1.508ms total 55.419ms
08-06 14:01:16.962 31433 31446 I art     : Starting a blocking GC Explicit
08-06 14:01:17.018 31433 31446 I art     : Explicit concurrent mark sweep GC freed 3(96B) AllocSpace objects, 0(0B) LOS objects, 28% free, 41MB/57MB, paused 1.596ms total 56.531ms
08-06 14:01:17.414 31433 14620 I art     : Starting a blocking GC Explicit
08-06 14:01:17.474 31433 14620 I art     : Explicit concurrent mark sweep GC freed 1445(83KB) AllocSpace objects, 1(20KB) LOS objects, 28% free, 41MB/57MB, paused 1.438ms total 60.054ms
08-06 14:01:17.489 31433 14620 I art     : Starting a blocking GC Explicit
08-06 14:01:17.548 31433 14620 I art     : Explicit concurrent mark sweep GC freed 22(784B) AllocSpace objects, 0(0B) LOS objects, 28% free, 41MB/57MB, paused 1.604ms total 59.266ms
08-06 14:01:17.565 31433 14620 I art     : Starting a blocking GC Explicit
08-06 14:01:17.623 31433 14620 I art     : Explicit concurrent mark sweep GC freed 3(96B) AllocSpace objects, 0(0B) LOS objects, 28% free, 41MB/57MB, paused 1.543ms total 57.679ms
08-06 14:01:17.638 31433 14620 I art     : Starting a blocking GC Explicit
08-06 14:01:17.693 31433 14620 I art     : Explicit concurrent mark sweep GC freed 3(96B) AllocSpace objects, 0(0B) LOS objects, 28% free, 41MB/57MB, paused 1.431ms total 54.674ms
08-06 14:01:17.707 31433 14620 I art     : Starting a blocking GC Explicit
08-06 14:01:17.766 31433 14620 I art     : Explicit concurrent mark sweep GC freed 3(96B) AllocSpace objects, 0(0B) LOS objects, 28% free, 41MB/57MB, paused 1.557ms total 58.559ms
08-06 14:01:18.176 31433 14621 I art     : Starting a blocking GC Explicit
08-06 14:01:18.238 31433 14621 I art     : Explicit concurrent mark sweep GC freed 1449(83KB) AllocSpace objects, 1(20KB) LOS objects, 28% free, 41MB/57MB, paused 1.590ms total 60.773ms
08-06 14:01:18.253 31433 14621 I art     : Starting a blocking GC Explicit
08-06 14:01:18.309 31433 14621 I art     : Explicit concurrent mark sweep GC freed 119(4KB) AllocSpace objects, 0(0B) LOS objects, 28% free, 41MB/57MB, paused 1.665ms total 55.199ms
08-06 14:01:18.323 31433 14621 I art     : Starting a blocking GC Explicit
08-06 14:01:18.382 31433 14621 I art     : Explicit concurrent mark sweep GC freed 70(4KB) AllocSpace objects, 0(0B) LOS objects, 28% free, 41MB/57MB, paused 1.531ms total 58.916ms
08-06 14:01:18.397 31433 14621 I art     : Starting a blocking GC Explicit
08-06 14:01:18.456 31433 14621 I art     : Explicit concurrent mark sweep GC freed 4(192B) AllocSpace objects, 0(0B) LOS objects, 28% free, 41MB/57MB, paused 1.616ms total 58.488ms
08-06 14:01:18.471 31433 14621 I art     : Starting a blocking GC Explicit
08-06 14:01:18.531 31433 14621 I art     : Explicit concurrent mark sweep GC freed 3(96B) AllocSpace objects, 0(0B) LOS objects, 28% free, 41MB/57MB, paused 1.512ms total 60.479ms
08-06 14:01:18.786 31433 15297 E baseline.com.newsblur.network.APIResponse: Error (unexpected end of stream on https://www.newsblur.com/...) calling https://www.newsblur.com/reader/mark_story_hashes_as_read/
08-06 14:01:18.786 31433 15297 E baseline.com.newsblur.network.APIResponse: java.io.IOException: unexpected end of stream on https://www.newsblur.com/...
08-06 14:01:18.786 31433 15297 E baseline.com.newsblur.network.APIResponse: 	at okhttp3.internal.http1.Http1ExchangeCodec.readResponseHeaders(Http1ExchangeCodec.java:236)
08-06 14:01:18.786 31433 15297 E baseline.com.newsblur.network.APIResponse: 	at okhttp3.internal.connection.Exchange.readResponseHeaders(Exchange.java:115)
08-06 14:01:18.786 31433 15297 E baseline.com.newsblur.network.APIResponse: 	at okhttp3.internal.http.CallServerInterceptor.intercept(CallServerInterceptor.java:94)
08-06 14:01:18.786 31433 15297 E baseline.com.newsblur.network.APIResponse: 	at okhttp3.internal.http.RealInterceptorChain.proceed(RealInterceptorChain.java:142)
08-06 14:01:18.786 31433 15297 E baseline.com.newsblur.network.APIResponse: 	at okhttp3.internal.connection.ConnectInterceptor.intercept(ConnectInterceptor.java:43)
08-06 14:01:18.786 31433 15297 E baseline.com.newsblur.network.APIResponse: 	at okhttp3.internal.http.RealInterceptorChain.proceed(RealInterceptorChain.java:142)
08-06 14:01:18.786 31433 15297 E baseline.com.newsblur.network.APIResponse: 	at okhttp3.internal.http.RealInterceptorChain.proceed(RealInterceptorChain.java:117)
08-06 14:01:18.786 31433 15297 E baseline.com.newsblur.network.APIResponse: 	at okhttp3.internal.cache.CacheInterceptor.intercept(CacheInterceptor.java:94)
08-06 14:01:18.786 31433 15297 E baseline.com.newsblur.network.APIResponse: 	at okhttp3.internal.http.RealInterceptorChain.proceed(RealInterceptorChain.java:142)
08-06 14:01:18.786 31433 15297 E baseline.com.newsblur.network.APIResponse: 	at okhttp3.internal.http.RealInterceptorChain.proceed(RealInterceptorChain.java:117)
08-06 14:01:18.786 31433 15297 E baseline.com.newsblur.network.APIResponse: 	at okhttp3.internal.http.BridgeInterceptor.intercept(BridgeInterceptor.java:93)
08-06 14:01:18.786 31433 15297 E baseline.com.newsblur.network.APIResponse: 	at okhttp3.internal.http.RealInterceptorChain.proceed(RealInterceptorChain.java:142)
08-06 14:01:18.786 31433 15297 E baseline.com.newsblur.network.APIResponse: 	at okhttp3.internal.http.RetryAndFollowUpInterceptor.intercept(RetryAndFollowUpInterceptor.java:88)
08-06 14:01:18.786 31433 15297 E baseline.com.newsblur.network.APIResponse: 	at okhttp3.internal.http.RealInterceptorChain.proceed(RealInterceptorChain.java:142)
08-06 14:01:18.786 31433 15297 E baseline.com.newsblur.network.APIResponse: 	at okhttp3.internal.http.RealInterceptorChain.proceed(RealInterceptorChain.java:117)
08-06 14:01:18.786 31433 15297 E baseline.com.newsblur.network.APIResponse: 	at okhttp3.RealCall.getResponseWithInterceptorChain(RealCall.java:229)
08-06 14:01:18.786 31433 15297 E baseline.com.newsblur.network.APIResponse: 	at okhttp3.RealCall.execute(RealCall.java:81)
08-06 14:01:18.786 31433 15297 E baseline.com.newsblur.network.APIResponse: 	at baseline.com.newsblur.network.APIResponse.<init>(APIResponse.java:57)
08-06 14:01:18.786 31433 15297 E baseline.com.newsblur.network.APIResponse: 	at baseline.com.newsblur.network.APIResponse.<init>(APIResponse.java:43)
08-06 14:01:18.786 31433 15297 E baseline.com.newsblur.network.APIResponse: 	at baseline.com.newsblur.network.APIManager.post_single(APIManager.java:702)
08-06 14:01:18.786 31433 15297 E baseline.com.newsblur.network.APIResponse: 	at baseline.com.newsblur.network.APIManager.post(APIManager.java:675)
08-06 14:01:18.786 31433 15297 E baseline.com.newsblur.network.APIResponse: 	at baseline.com.newsblur.network.APIManager.post(APIManager.java:714)
08-06 14:01:18.786 31433 15297 E baseline.com.newsblur.network.APIResponse: 	at baseline.com.newsblur.network.APIManager.markStoryAsRead(APIManager.java:205)
08-06 14:01:18.786 31433 15297 E baseline.com.newsblur.network.APIResponse: 	at baseline.com.newsblur.util.ReadingAction.doRemote(ReadingAction.java:281)
08-06 14:01:18.786 31433 15297 E baseline.com.newsblur.network.APIResponse: 	at baseline.com.newsblur.service.NBSyncService.syncActions(NBSyncService.java:400)
08-06 14:01:18.786 31433 15297 E baseline.com.newsblur.network.APIResponse: 	at baseline.com.newsblur.service.NBSyncService.doSync(NBSyncService.java:298)
08-06 14:01:18.786 31433 15297 E baseline.com.newsblur.network.APIResponse: 	at baseline.com.newsblur.service.NBSyncService.access$100(NBSyncService.java:67)
08-06 14:01:18.786 31433 15297 E baseline.com.newsblur.network.APIResponse: 	at baseline.com.newsblur.service.NBSyncService$1.run(NBSyncService.java:188)
08-06 14:01:18.786 31433 15297 E baseline.com.newsblur.network.APIResponse: 	at java.util.concurrent.ThreadPoolExecutor.runWorker(ThreadPoolExecutor.java:1113)
08-06 14:01:18.786 31433 15297 E baseline.com.newsblur.network.APIResponse: 	at java.util.concurrent.ThreadPoolExecutor$Worker.run(ThreadPoolExecutor.java:588)
08-06 14:01:18.786 31433 15297 E baseline.com.newsblur.network.APIResponse: 	at java.lang.Thread.run(Thread.java:818)
08-06 14:01:18.786 31433 15297 E baseline.com.newsblur.network.APIResponse: Caused by: java.io.EOFException: \n not found: limit=0 content=
08-06 14:01:18.786 31433 15297 E baseline.com.newsblur.network.APIResponse: 	at okio.RealBufferedSource.readUtf8LineStrict(RealBufferedSource.java:240)
08-06 14:01:18.786 31433 15297 E baseline.com.newsblur.network.APIResponse: 	at okhttp3.internal.http1.Http1ExchangeCodec.readHeaderLine(Http1ExchangeCodec.java:242)
08-06 14:01:18.786 31433 15297 E baseline.com.newsblur.network.APIResponse: 	at okhttp3.internal.http1.Http1ExchangeCodec.readResponseHeaders(Http1ExchangeCodec.java:213)
08-06 14:01:18.786 31433 15297 E baseline.com.newsblur.network.APIResponse: 	... 30 more
08-06 14:01:18.790 31433 15297 I baseline.com.newsblur.network.APIManager: API call failed, pausing before retry number 2
08-06 14:01:18.928 31433 31444 I art     : Starting a blocking GC Explicit
08-06 14:01:18.991 31433 31444 I art     : Explicit concurrent mark sweep GC freed 5097(416KB) AllocSpace objects, 3(60KB) LOS objects, 28% free, 41MB/57MB, paused 1.744ms total 62.860ms
08-06 14:01:19.009 31433 31444 I art     : Starting a blocking GC Explicit
08-06 14:01:19.064 31433 31444 I art     : Explicit concurrent mark sweep GC freed 1294(82KB) AllocSpace objects, 0(0B) LOS objects, 28% free, 41MB/57MB, paused 1.491ms total 55.522ms
08-06 14:01:19.079 31433 31444 I art     : Starting a blocking GC Explicit
08-06 14:01:19.135 31433 31444 I art     : Explicit concurrent mark sweep GC freed 3403(133KB) AllocSpace objects, 0(0B) LOS objects, 28% free, 41MB/57MB, paused 1.685ms total 56.355ms
08-06 14:01:19.149 31433 31444 I art     : Starting a blocking GC Explicit
08-06 14:01:19.206 31433 31444 I art     : Explicit concurrent mark sweep GC freed 222(7KB) AllocSpace objects, 0(0B) LOS objects, 28% free, 41MB/57MB, paused 1.730ms total 56.611ms
08-06 14:01:19.220 31433 31444 I art     : Starting a blocking GC Explicit
08-06 14:01:19.277 31433 31444 I art     : Explicit concurrent mark sweep GC freed 622(55KB) AllocSpace objects, 0(0B) LOS objects, 28% free, 41MB/57MB, paused 1.543ms total 55.930ms
08-06 14:01:19.677 31433 31446 I art     : Starting a blocking GC Explicit
08-06 14:01:19.739 31433 31446 I art     : Explicit concurrent mark sweep GC freed 3411(162KB) AllocSpace objects, 1(20KB) LOS objects, 28% free, 41MB/57MB, paused 1.626ms total 61.033ms
08-06 14:01:19.753 31433 31446 I art     : Starting a blocking GC Explicit
08-06 14:01:19.811 31433 31446 I art     : Explicit concurrent mark sweep GC freed 168(18KB) AllocSpace objects, 0(0B) LOS objects, 28% free, 41MB/57MB, paused 1.590ms total 57.068ms
08-06 14:01:19.825 31433 31446 I art     : Starting a blocking GC Explicit
08-06 14:01:19.885 31433 31446 I art     : Explicit concurrent mark sweep GC freed 25(832B) AllocSpace objects, 0(0B) LOS objects, 28% free, 41MB/57MB, paused 1.416ms total 59.734ms
08-06 14:01:19.900 31433 31446 I art     : Starting a blocking GC Explicit
08-06 14:01:19.960 31433 31446 I art     : Explicit concurrent mark sweep GC freed 3(96B) AllocSpace objects, 0(0B) LOS objects, 28% free, 41MB/57MB, paused 1.606ms total 59.691ms
08-06 14:01:19.977 31433 31446 I art     : Starting a blocking GC Explicit
08-06 14:01:20.033 31433 31446 I art     : Explicit concurrent mark sweep GC freed 3(96B) AllocSpace objects, 0(0B) LOS objects, 28% free, 41MB/57MB, paused 1.508ms total 56.162ms
08-06 14:01:20.158 11982 12148 E GoogleConversionReporter: Error sending ping
08-06 14:01:20.158 11982 12148 E GoogleConversionReporter: bljc: Exception in CronetUrlRequest: net::ERR_CONNECTION_CLOSED, ErrorCode=5, InternalErrorCode=-100, Retryable=true
08-06 14:01:20.158 11982 12148 E GoogleConversionReporter: 	at org.chromium.net.impl.CronetUrlRequest.onError(PG:55)
08-06 14:01:20.437 31433 14620 I art     : Starting a blocking GC Explicit
08-06 14:01:20.498 31433 14620 I art     : Explicit concurrent mark sweep GC freed 1443(83KB) AllocSpace objects, 1(20KB) LOS objects, 28% free, 41MB/57MB, paused 1.525ms total 60.177ms
08-06 14:01:20.515 31433 14620 I art     : Starting a blocking GC Explicit
08-06 14:01:20.571 31433 14620 I art     : Explicit concurrent mark sweep GC freed 22(784B) AllocSpace objects, 0(0B) LOS objects, 28% free, 41MB/57MB, paused 1.485ms total 56.026ms
08-06 14:01:20.585 31433 14620 I art     : Starting a blocking GC Explicit
08-06 14:01:20.643 31433 14620 I art     : Explicit concurrent mark sweep GC freed 3(96B) AllocSpace objects, 0(0B) LOS objects, 28% free, 41MB/57MB, paused 1.430ms total 57.887ms
08-06 14:01:20.657 31433 14620 I art     : Starting a blocking GC Explicit
08-06 14:01:20.714 31433 14620 I art     : Explicit concurrent mark sweep GC freed 3(96B) AllocSpace objects, 0(0B) LOS objects, 28% free, 41MB/57MB, paused 1.543ms total 56.901ms
08-06 14:01:20.729 31433 14620 I art     : Starting a blocking GC Explicit
08-06 14:01:20.786 31433 14620 I art     : Explicit concurrent mark sweep GC freed 3(96B) AllocSpace objects, 0(0B) LOS objects, 28% free, 41MB/57MB, paused 1.522ms total 56.886ms
08-06 14:01:21.198 31433 14621 I art     : Starting a blocking GC Explicit
08-06 14:01:21.261 31433 14621 I art     : Explicit concurrent mark sweep GC freed 1444(83KB) AllocSpace objects, 1(20KB) LOS objects, 28% free, 41MB/57MB, paused 1.469ms total 61.879ms
08-06 14:01:21.279 31433 14621 I art     : Starting a blocking GC Explicit
08-06 14:01:21.336 31433 14621 I art     : Explicit concurrent mark sweep GC freed 22(784B) AllocSpace objects, 0(0B) LOS objects, 28% free, 41MB/57MB, paused 1.499ms total 56.829ms
08-06 14:01:21.350 31433 14621 I art     : Starting a blocking GC Explicit
08-06 14:01:21.406 31433 14621 I art     : Explicit concurrent mark sweep GC freed 3(96B) AllocSpace objects, 0(0B) LOS objects, 28% free, 41MB/57MB, paused 1.425ms total 55.059ms
08-06 14:01:21.420 31433 14621 I art     : Starting a blocking GC Explicit
08-06 14:01:21.478 31433 14621 I art     : Explicit concurrent mark sweep GC freed 3(96B) AllocSpace objects, 0(0B) LOS objects, 28% free, 41MB/57MB, paused 1.609ms total 57.797ms
08-06 14:01:21.494 31433 14621 I art     : Starting a blocking GC Explicit
08-06 14:01:21.551 31433 14621 I art     : Explicit concurrent mark sweep GC freed 3(96B) AllocSpace objects, 0(0B) LOS objects, 28% free, 41MB/57MB, paused 1.396ms total 56.456ms
08-06 14:01:21.957 31433 31444 I art     : Starting a blocking GC Explicit
08-06 14:01:22.019 31433 31444 I art     : Explicit concurrent mark sweep GC freed 1608(91KB) AllocSpace objects, 1(20KB) LOS objects, 28% free, 41MB/57MB, paused 1.774ms total 61.954ms
08-06 14:01:22.035 31433 31444 I art     : Starting a blocking GC Explicit
08-06 14:01:22.092 31433 31444 I art     : Explicit concurrent mark sweep GC freed 28(1040B) AllocSpace objects, 0(0B) LOS objects, 28% free, 41MB/57MB, paused 1.606ms total 56.827ms
08-06 14:01:22.107 31433 31444 I art     : Starting a blocking GC Explicit
08-06 14:01:22.166 31433 31444 I art     : Explicit concurrent mark sweep GC freed 3(96B) AllocSpace objects, 0(0B) LOS objects, 28% free, 41MB/57MB, paused 1.627ms total 59.426ms
08-06 14:01:22.184 31433 31444 I art     : Starting a blocking GC Explicit
08-06 14:01:22.242 31433 31444 I art     : Explicit concurrent mark sweep GC freed 3(96B) AllocSpace objects, 0(0B) LOS objects, 28% free, 41MB/57MB, paused 1.540ms total 57.392ms
08-06 14:01:22.256 31433 31444 I art     : Starting a blocking GC Explicit
08-06 14:01:22.313 31433 31444 I art     : Explicit concurrent mark sweep GC freed 536(22KB) AllocSpace objects, 0(0B) LOS objects, 28% free, 41MB/57MB, paused 1.745ms total 56.352ms
08-06 14:01:22.371 31433 15297 E baseline.com.newsblur.network.APIResponse: Error (unexpected end of stream on https://www.newsblur.com/...) calling https://www.newsblur.com/reader/mark_story_hashes_as_read/
08-06 14:01:22.371 31433 15297 E baseline.com.newsblur.network.APIResponse: java.io.IOException: unexpected end of stream on https://www.newsblur.com/...
08-06 14:01:22.371 31433 15297 E baseline.com.newsblur.network.APIResponse: 	at okhttp3.internal.http1.Http1ExchangeCodec.readResponseHeaders(Http1ExchangeCodec.java:236)
08-06 14:01:22.371 31433 15297 E baseline.com.newsblur.network.APIResponse: 	at okhttp3.internal.connection.Exchange.readResponseHeaders(Exchange.java:115)
08-06 14:01:22.371 31433 15297 E baseline.com.newsblur.network.APIResponse: 	at okhttp3.internal.http.CallServerInterceptor.intercept(CallServerInterceptor.java:94)
08-06 14:01:22.371 31433 15297 E baseline.com.newsblur.network.APIResponse: 	at okhttp3.internal.http.RealInterceptorChain.proceed(RealInterceptorChain.java:142)
08-06 14:01:22.371 31433 15297 E baseline.com.newsblur.network.APIResponse: 	at okhttp3.internal.connection.ConnectInterceptor.intercept(ConnectInterceptor.java:43)
08-06 14:01:22.371 31433 15297 E baseline.com.newsblur.network.APIResponse: 	at okhttp3.internal.http.RealInterceptorChain.proceed(RealInterceptorChain.java:142)
08-06 14:01:22.371 31433 15297 E baseline.com.newsblur.network.APIResponse: 	at okhttp3.internal.http.RealInterceptorChain.proceed(RealInterceptorChain.java:117)
08-06 14:01:22.371 31433 15297 E baseline.com.newsblur.network.APIResponse: 	at okhttp3.internal.cache.CacheInterceptor.intercept(CacheInterceptor.java:94)
08-06 14:01:22.371 31433 15297 E baseline.com.newsblur.network.APIResponse: 	at okhttp3.internal.http.RealInterceptorChain.proceed(RealInterceptorChain.java:142)
08-06 14:01:22.371 31433 15297 E baseline.com.newsblur.network.APIResponse: 	at okhttp3.internal.http.RealInterceptorChain.proceed(RealInterceptorChain.java:117)
08-06 14:01:22.371 31433 15297 E baseline.com.newsblur.network.APIResponse: 	at okhttp3.internal.http.BridgeInterceptor.intercept(BridgeInterceptor.java:93)
08-06 14:01:22.371 31433 15297 E baseline.com.newsblur.network.APIResponse: 	at okhttp3.internal.http.RealInterceptorChain.proceed(RealInterceptorChain.java:142)
08-06 14:01:22.371 31433 15297 E baseline.com.newsblur.network.APIResponse: 	at okhttp3.internal.http.RetryAndFollowUpInterceptor.intercept(RetryAndFollowUpInterceptor.java:88)
08-06 14:01:22.371 31433 15297 E baseline.com.newsblur.network.APIResponse: 	at okhttp3.internal.http.RealInterceptorChain.proceed(RealInterceptorChain.java:142)
08-06 14:01:22.371 31433 15297 E baseline.com.newsblur.network.APIResponse: 	at okhttp3.internal.http.RealInterceptorChain.proceed(RealInterceptorChain.java:117)
08-06 14:01:22.371 31433 15297 E baseline.com.newsblur.network.APIResponse: 	at okhttp3.RealCall.getResponseWithInterceptorChain(RealCall.java:229)
08-06 14:01:22.371 31433 15297 E baseline.com.newsblur.network.APIResponse: 	at okhttp3.RealCall.execute(RealCall.java:81)
08-06 14:01:22.371 31433 15297 E baseline.com.newsblur.network.APIResponse: 	at baseline.com.newsblur.network.APIResponse.<init>(APIResponse.java:57)
08-06 14:01:22.371 31433 15297 E baseline.com.newsblur.network.APIResponse: 	at baseline.com.newsblur.network.APIResponse.<init>(APIResponse.java:43)
08-06 14:01:22.371 31433 15297 E baseline.com.newsblur.network.APIResponse: 	at baseline.com.newsblur.network.APIManager.post_single(APIManager.java:702)
08-06 14:01:22.371 31433 15297 E baseline.com.newsblur.network.APIResponse: 	at baseline.com.newsblur.network.APIManager.post(APIManager.java:675)
08-06 14:01:22.371 31433 15297 E baseline.com.newsblur.network.APIResponse: 	at baseline.com.newsblur.network.APIManager.post(APIManager.java:714)
08-06 14:01:22.371 31433 15297 E baseline.com.newsblur.network.APIResponse: 	at baseline.com.newsblur.network.APIManager.markStoryAsRead(APIManager.java:205)
08-06 14:01:22.371 31433 15297 E baseline.com.newsblur.network.APIResponse: 	at baseline.com.newsblur.util.ReadingAction.doRemote(ReadingAction.java:281)
08-06 14:01:22.371 31433 15297 E baseline.com.newsblur.network.APIResponse: 	at baseline.com.newsblur.service.NBSyncService.syncActions(NBSyncService.java:400)
08-06 14:01:22.371 31433 15297 E baseline.com.newsblur.network.APIResponse: 	at baseline.com.newsblur.service.NBSyncService.doSync(NBSyncService.java:298)
08-06 14:01:22.371 31433 15297 E baseline.com.newsblur.network.APIResponse: 	at baseline.com.newsblur.service.NBSyncService.access$100(NBSyncService.java:67)
08-06 14:01:22.371 31433 15297 E baseline.com.newsblur.network.APIResponse: 	at baseline.com.newsblur.service.NBSyncService$1.run(NBSyncService.java:188)
08-06 14:01:22.371 31433 15297 E baseline.com.newsblur.network.APIResponse: 	at java.util.concurrent.ThreadPoolExecutor.runWorker(ThreadPoolExecutor.java:1113)
08-06 14:01:22.371 31433 15297 E baseline.com.newsblur.network.APIResponse: 	at java.util.concurrent.ThreadPoolExecutor$Worker.run(ThreadPoolExecutor.java:588)
08-06 14:01:22.371 31433 15297 E baseline.com.newsblur.network.APIResponse: 	at java.lang.Thread.run(Thread.java:818)
08-06 14:01:22.371 31433 15297 E baseline.com.newsblur.network.APIResponse: Caused by: java.io.EOFException: \n not found: limit=0 content=
08-06 14:01:22.371 31433 15297 E baseline.com.newsblur.network.APIResponse: 	at okio.RealBufferedSource.readUtf8LineStrict(RealBufferedSource.java:240)
08-06 14:01:22.371 31433 15297 E baseline.com.newsblur.network.APIResponse: 	at okhttp3.internal.http1.Http1ExchangeCodec.readHeaderLine(Http1ExchangeCodec.java:242)
08-06 14:01:22.371 31433 15297 E baseline.com.newsblur.network.APIResponse: 	at okhttp3.internal.http1.Http1ExchangeCodec.readResponseHeaders(Http1ExchangeCodec.java:213)
08-06 14:01:22.371 31433 15297 E baseline.com.newsblur.network.APIResponse: 	... 30 more
08-06 14:01:22.372 31433 15297 I baseline.com.newsblur.service.NBSyncService: Holding reading action with server-side or network error.
08-06 14:01:22.384 31433 15297 W baseline.com.newsblur.service.NBSyncService: hard API failure
08-06 14:01:22.685 31433 31446 I art     : Starting a blocking GC Explicit
08-06 14:01:22.746 31433 31446 I art     : Explicit concurrent mark sweep GC freed 5495(449KB) AllocSpace objects, 5(100KB) LOS objects, 28% free, 41MB/57MB, paused 1.598ms total 60.482ms
08-06 14:01:22.760 31433 31446 I art     : Starting a blocking GC Explicit
08-06 14:01:22.771 31433 15297 E baseline.com.newsblur.network.APIResponse: Error (unexpected end of stream on https://www.newsblur.com/...) calling https://www.newsblur.com/reader/mark_story_hashes_as_read/
08-06 14:01:22.771 31433 15297 E baseline.com.newsblur.network.APIResponse: java.io.IOException: unexpected end of stream on https://www.newsblur.com/...
08-06 14:01:22.771 31433 15297 E baseline.com.newsblur.network.APIResponse: 	at okhttp3.internal.http1.Http1ExchangeCodec.readResponseHeaders(Http1ExchangeCodec.java:236)
08-06 14:01:22.771 31433 15297 E baseline.com.newsblur.network.APIResponse: 	at okhttp3.internal.connection.Exchange.readResponseHeaders(Exchange.java:115)
08-06 14:01:22.771 31433 15297 E baseline.com.newsblur.network.APIResponse: 	at okhttp3.internal.http.CallServerInterceptor.intercept(CallServerInterceptor.java:94)
08-06 14:01:22.771 31433 15297 E baseline.com.newsblur.network.APIResponse: 	at okhttp3.internal.http.RealInterceptorChain.proceed(RealInterceptorChain.java:142)
08-06 14:01:22.771 31433 15297 E baseline.com.newsblur.network.APIResponse: 	at okhttp3.internal.connection.ConnectInterceptor.intercept(ConnectInterceptor.java:43)
08-06 14:01:22.771 31433 15297 E baseline.com.newsblur.network.APIResponse: 	at okhttp3.internal.http.RealInterceptorChain.proceed(RealInterceptorChain.java:142)
08-06 14:01:22.771 31433 15297 E baseline.com.newsblur.network.APIResponse: 	at okhttp3.internal.http.RealInterceptorChain.proceed(RealInterceptorChain.java:117)
08-06 14:01:22.771 31433 15297 E baseline.com.newsblur.network.APIResponse: 	at okhttp3.internal.cache.CacheInterceptor.intercept(CacheInterceptor.java:94)
08-06 14:01:22.771 31433 15297 E baseline.com.newsblur.network.APIResponse: 	at okhttp3.internal.http.RealInterceptorChain.proceed(RealInterceptorChain.java:142)
08-06 14:01:22.771 31433 15297 E baseline.com.newsblur.network.APIResponse: 	at okhttp3.internal.http.RealInterceptorChain.proceed(RealInterceptorChain.java:117)
08-06 14:01:22.771 31433 15297 E baseline.com.newsblur.network.APIResponse: 	at okhttp3.internal.http.BridgeInterceptor.intercept(BridgeInterceptor.java:93)
08-06 14:01:22.771 31433 15297 E baseline.com.newsblur.network.APIResponse: 	at okhttp3.internal.http.RealInterceptorChain.proceed(RealInterceptorChain.java:142)
08-06 14:01:22.771 31433 15297 E baseline.com.newsblur.network.APIResponse: 	at okhttp3.internal.http.RetryAndFollowUpInterceptor.intercept(RetryAndFollowUpInterceptor.java:88)
08-06 14:01:22.771 31433 15297 E baseline.com.newsblur.network.APIResponse: 	at okhttp3.internal.http.RealInterceptorChain.proceed(RealInterceptorChain.java:142)
08-06 14:01:22.771 31433 15297 E baseline.com.newsblur.network.APIResponse: 	at okhttp3.internal.http.RealInterceptorChain.proceed(RealInterceptorChain.java:117)
08-06 14:01:22.771 31433 15297 E baseline.com.newsblur.network.APIResponse: 	at okhttp3.RealCall.getResponseWithInterceptorChain(RealCall.java:229)
08-06 14:01:22.771 31433 15297 E baseline.com.newsblur.network.APIResponse: 	at okhttp3.RealCall.execute(RealCall.java:81)
08-06 14:01:22.771 31433 15297 E baseline.com.newsblur.network.APIResponse: 	at baseline.com.newsblur.network.APIResponse.<init>(APIResponse.java:57)
08-06 14:01:22.771 31433 15297 E baseline.com.newsblur.network.APIResponse: 	at baseline.com.newsblur.network.APIResponse.<init>(APIResponse.java:43)
08-06 14:01:22.771 31433 15297 E baseline.com.newsblur.network.APIResponse: 	at baseline.com.newsblur.network.APIManager.post_single(APIManager.java:702)
08-06 14:01:22.771 31433 15297 E baseline.com.newsblur.network.APIResponse: 	at baseline.com.newsblur.network.APIManager.post(APIManager.java:675)
08-06 14:01:22.771 31433 15297 E baseline.com.newsblur.network.APIResponse: 	at baseline.com.newsblur.network.APIManager.post(APIManager.java:714)
08-06 14:01:22.771 31433 15297 E baseline.com.newsblur.network.APIResponse: 	at baseline.com.newsblur.network.APIManager.markStoryAsRead(APIManager.java:205)
08-06 14:01:22.771 31433 15297 E baseline.com.newsblur.network.APIResponse: 	at baseline.com.newsblur.util.ReadingAction.doRemote(ReadingAction.java:281)
08-06 14:01:22.771 31433 15297 E baseline.com.newsblur.network.APIResponse: 	at baseline.com.newsblur.service.NBSyncService.syncActions(NBSyncService.java:400)
08-06 14:01:22.771 31433 15297 E baseline.com.newsblur.network.APIResponse: 	at baseline.com.newsblur.service.NBSyncService.doSync(NBSyncService.java:298)
08-06 14:01:22.771 31433 15297 E baseline.com.newsblur.network.APIResponse: 	at baseline.com.newsblur.service.NBSyncService.access$100(NBSyncService.java:67)
08-06 14:01:22.771 31433 15297 E baseline.com.newsblur.network.APIResponse: 	at baseline.com.newsblur.service.NBSyncService$1.run(NBSyncService.java:188)
08-06 14:01:22.771 31433 15297 E baseline.com.newsblur.network.APIResponse: 	at java.util.concurrent.ThreadPoolExecutor.runWorker(ThreadPoolExecutor.java:1113)
08-06 14:01:22.771 31433 15297 E baseline.com.newsblur.network.APIResponse: 	at java.util.concurrent.ThreadPoolExecutor$Worker.run(ThreadPoolExecutor.java:588)
08-06 14:01:22.771 31433 15297 E baseline.com.newsblur.network.APIResponse: 	at java.lang.Thread.run(Thread.java:818)
08-06 14:01:22.771 31433 15297 E baseline.com.newsblur.network.APIResponse: Caused by: java.io.EOFException: \n not found: limit=0 content=
08-06 14:01:22.771 31433 15297 E baseline.com.newsblur.network.APIResponse: 	at okio.RealBufferedSource.readUtf8LineStrict(RealBufferedSource.java:240)
08-06 14:01:22.771 31433 15297 E baseline.com.newsblur.network.APIResponse: 	at okhttp3.internal.http1.Http1ExchangeCodec.readHeaderLine(Http1ExchangeCodec.java:242)
08-06 14:01:22.771 31433 15297 E baseline.com.newsblur.network.APIResponse: 	at okhttp3.internal.http1.Http1ExchangeCodec.readResponseHeaders(Http1ExchangeCodec.java:213)
08-06 14:01:22.771 31433 15297 E baseline.com.newsblur.network.APIResponse: 	... 30 more
08-06 14:01:22.772 31433 15297 I baseline.com.newsblur.network.APIManager: API call failed, pausing before retry number 1
08-06 14:01:22.818 31433 31446 I art     : Explicit concurrent mark sweep GC freed 938(200KB) AllocSpace objects, 2(40KB) LOS objects, 28% free, 41MB/57MB, paused 1.680ms total 57.278ms
08-06 14:01:22.833 31433 31446 I art     : Starting a blocking GC Explicit
08-06 14:01:22.892 31433 31446 I art     : Explicit concurrent mark sweep GC freed 118(16KB) AllocSpace objects, 0(0B) LOS objects, 28% free, 40MB/56MB, paused 1.620ms total 58.689ms
08-06 14:01:22.908 31433 31446 I art     : Starting a blocking GC Explicit
08-06 14:01:22.965 31433 31446 I art     : Explicit concurrent mark sweep GC freed 25(832B) AllocSpace objects, 0(0B) LOS objects, 28% free, 40MB/56MB, paused 1.552ms total 55.806ms
08-06 14:01:22.979 31433 31446 I art     : Starting a blocking GC Explicit
08-06 14:01:23.042 31433 31446 I art     : Explicit concurrent mark sweep GC freed 3(96B) AllocSpace objects, 0(0B) LOS objects, 28% free, 40MB/56MB, paused 1.447ms total 62.661ms
08-06 14:01:23.427 31433 14620 I art     : Starting a blocking GC Explicit
08-06 14:01:23.488 31433 14620 I art     : Explicit concurrent mark sweep GC freed 1443(83KB) AllocSpace objects, 1(20KB) LOS objects, 28% free, 40MB/56MB, paused 1.491ms total 60.340ms
08-06 14:01:23.502 31433 14620 I art     : Starting a blocking GC Explicit
08-06 14:01:23.560 31433 14620 I art     : Explicit concurrent mark sweep GC freed 22(784B) AllocSpace objects, 0(0B) LOS objects, 28% free, 40MB/56MB, paused 1.506ms total 57.444ms
08-06 14:01:23.578 31433 14620 I art     : Starting a blocking GC Explicit
08-06 14:01:23.635 31433 14620 I art     : Explicit concurrent mark sweep GC freed 3(96B) AllocSpace objects, 0(0B) LOS objects, 28% free, 40MB/56MB, paused 1.472ms total 56.868ms
08-06 14:01:23.649 31433 14620 I art     : Starting a blocking GC Explicit
08-06 14:01:23.705 31433 14620 I art     : Explicit concurrent mark sweep GC freed 3(96B) AllocSpace objects, 0(0B) LOS objects, 28% free, 40MB/56MB, paused 1.529ms total 55.847ms
08-06 14:01:23.720 31433 14620 I art     : Starting a blocking GC Explicit
08-06 14:01:23.777 31433 14620 I art     : Explicit concurrent mark sweep GC freed 3(96B) AllocSpace objects, 0(0B) LOS objects, 28% free, 40MB/56MB, paused 1.531ms total 57.244ms
08-06 14:01:24.197 31433 14621 I art     : Starting a blocking GC Explicit
08-06 14:01:24.260 31433 14621 I art     : Explicit concurrent mark sweep GC freed 1443(83KB) AllocSpace objects, 1(20KB) LOS objects, 28% free, 40MB/56MB, paused 1.702ms total 61.738ms
08-06 14:01:24.278 31433 14621 I art     : Starting a blocking GC Explicit
08-06 14:01:24.335 31433 14621 I art     : Explicit concurrent mark sweep GC freed 113(4KB) AllocSpace objects, 0(0B) LOS objects, 28% free, 41MB/57MB, paused 1.586ms total 56.397ms
08-06 14:01:24.349 31433 14621 I art     : Starting a blocking GC Explicit
08-06 14:01:24.386   918  1210 D NetlinkSocketObserver: NeighborEvent{elapsedMs=1869088261, 192.168.2.254, [7C3953A63323], RTM_NEWNEIGH, NUD_STALE}
08-06 14:01:24.405 31433 14621 I art     : Explicit concurrent mark sweep GC freed 77(5KB) AllocSpace objects, 0(0B) LOS objects, 28% free, 41MB/57MB, paused 1.426ms total 56.107ms
08-06 14:01:24.419 31433 14621 I art     : Starting a blocking GC Explicit
08-06 14:01:24.470 31433 14621 I art     : Explicit concurrent mark sweep GC freed 9(400B) AllocSpace objects, 0(0B) LOS objects, 28% free, 41MB/57MB, paused 1.506ms total 50.698ms
08-06 14:01:24.484 31433 14621 I art     : Starting a blocking GC Explicit
08-06 14:01:24.536 31433 14621 I art     : Explicit concurrent mark sweep GC freed 3(96B) AllocSpace objects, 0(0B) LOS objects, 28% free, 41MB/57MB, paused 1.534ms total 51.601ms
08-06 14:01:24.806 31433 15297 E baseline.com.newsblur.network.APIResponse: Error (unexpected end of stream on https://www.newsblur.com/...) calling https://www.newsblur.com/reader/mark_story_hashes_as_read/
08-06 14:01:24.806 31433 15297 E baseline.com.newsblur.network.APIResponse: java.io.IOException: unexpected end of stream on https://www.newsblur.com/...
08-06 14:01:24.806 31433 15297 E baseline.com.newsblur.network.APIResponse: 	at okhttp3.internal.http1.Http1ExchangeCodec.readResponseHeaders(Http1ExchangeCodec.java:236)
08-06 14:01:24.806 31433 15297 E baseline.com.newsblur.network.APIResponse: 	at okhttp3.internal.connection.Exchange.readResponseHeaders(Exchange.java:115)
08-06 14:01:24.806 31433 15297 E baseline.com.newsblur.network.APIResponse: 	at okhttp3.internal.http.CallServerInterceptor.intercept(CallServerInterceptor.java:94)
08-06 14:01:24.806 31433 15297 E baseline.com.newsblur.network.APIResponse: 	at okhttp3.internal.http.RealInterceptorChain.proceed(RealInterceptorChain.java:142)
08-06 14:01:24.806 31433 15297 E baseline.com.newsblur.network.APIResponse: 	at okhttp3.internal.connection.ConnectInterceptor.intercept(ConnectInterceptor.java:43)
08-06 14:01:24.806 31433 15297 E baseline.com.newsblur.network.APIResponse: 	at okhttp3.internal.http.RealInterceptorChain.proceed(RealInterceptorChain.java:142)
08-06 14:01:24.806 31433 15297 E baseline.com.newsblur.network.APIResponse: 	at okhttp3.internal.http.RealInterceptorChain.proceed(RealInterceptorChain.java:117)
08-06 14:01:24.806 31433 15297 E baseline.com.newsblur.network.APIResponse: 	at okhttp3.internal.cache.CacheInterceptor.intercept(CacheInterceptor.java:94)
08-06 14:01:24.806 31433 15297 E baseline.com.newsblur.network.APIResponse: 	at okhttp3.internal.http.RealInterceptorChain.proceed(RealInterceptorChain.java:142)
08-06 14:01:24.806 31433 15297 E baseline.com.newsblur.network.APIResponse: 	at okhttp3.internal.http.RealInterceptorChain.proceed(RealInterceptorChain.java:117)
08-06 14:01:24.806 31433 15297 E baseline.com.newsblur.network.APIResponse: 	at okhttp3.internal.http.BridgeInterceptor.intercept(BridgeInterceptor.java:93)
08-06 14:01:24.806 31433 15297 E baseline.com.newsblur.network.APIResponse: 	at okhttp3.internal.http.RealInterceptorChain.proceed(RealInterceptorChain.java:142)
08-06 14:01:24.806 31433 15297 E baseline.com.newsblur.network.APIResponse: 	at okhttp3.internal.http.RetryAndFollowUpInterceptor.intercept(RetryAndFollowUpInterceptor.java:88)
08-06 14:01:24.806 31433 15297 E baseline.com.newsblur.network.APIResponse: 	at okhttp3.internal.http.RealInterceptorChain.proceed(RealInterceptorChain.java:142)
08-06 14:01:24.806 31433 15297 E baseline.com.newsblur.network.APIResponse: 	at okhttp3.internal.http.RealInterceptorChain.proceed(RealInterceptorChain.java:117)
08-06 14:01:24.806 31433 15297 E baseline.com.newsblur.network.APIResponse: 	at okhttp3.RealCall.getResponseWithInterceptorChain(RealCall.java:229)
08-06 14:01:24.806 31433 15297 E baseline.com.newsblur.network.APIResponse: 	at okhttp3.RealCall.execute(RealCall.java:81)
08-06 14:01:24.806 31433 15297 E baseline.com.newsblur.network.APIResponse: 	at baseline.com.newsblur.network.APIResponse.<init>(APIResponse.java:57)
08-06 14:01:24.806 31433 15297 E baseline.com.newsblur.network.APIResponse: 	at baseline.com.newsblur.network.APIResponse.<init>(APIResponse.java:43)
08-06 14:01:24.806 31433 15297 E baseline.com.newsblur.network.APIResponse: 	at baseline.com.newsblur.network.APIManager.post_single(APIManager.java:702)
08-06 14:01:24.806 31433 15297 E baseline.com.newsblur.network.APIResponse: 	at baseline.com.newsblur.network.APIManager.post(APIManager.java:675)
08-06 14:01:24.806 31433 15297 E baseline.com.newsblur.network.APIResponse: 	at baseline.com.newsblur.network.APIManager.post(APIManager.java:714)
08-06 14:01:24.806 31433 15297 E baseline.com.newsblur.network.APIResponse: 	at baseline.com.newsblur.network.APIManager.markStoryAsRead(APIManager.java:205)
08-06 14:01:24.806 31433 15297 E baseline.com.newsblur.network.APIResponse: 	at baseline.com.newsblur.util.ReadingAction.doRemote(ReadingAction.java:281)
08-06 14:01:24.806 31433 15297 E baseline.com.newsblur.network.APIResponse: 	at baseline.com.newsblur.service.NBSyncService.syncActions(NBSyncService.java:400)
08-06 14:01:24.806 31433 15297 E baseline.com.newsblur.network.APIResponse: 	at baseline.com.newsblur.service.NBSyncService.doSync(NBSyncService.java:298)
08-06 14:01:24.806 31433 15297 E baseline.com.newsblur.network.APIResponse: 	at baseline.com.newsblur.service.NBSyncService.access$100(NBSyncService.java:67)
08-06 14:01:24.806 31433 15297 E baseline.com.newsblur.network.APIResponse: 	at baseline.com.newsblur.service.NBSyncService$1.run(NBSyncService.java:188)
08-06 14:01:24.806 31433 15297 E baseline.com.newsblur.network.APIResponse: 	at java.util.concurrent.ThreadPoolExecutor.runWorker(ThreadPoolExecutor.java:1113)
08-06 14:01:24.806 31433 15297 E baseline.com.newsblur.network.APIResponse: 	at java.util.concurrent.ThreadPoolExecutor$Worker.run(ThreadPoolExecutor.java:588)
08-06 14:01:24.806 31433 15297 E baseline.com.newsblur.network.APIResponse: 	at java.lang.Thread.run(Thread.java:818)
08-06 14:01:24.806 31433 15297 E baseline.com.newsblur.network.APIResponse: Caused by: java.io.EOFException: \n not found: limit=0 content=
08-06 14:01:24.806 31433 15297 E baseline.com.newsblur.network.APIResponse: 	at okio.RealBufferedSource.readUtf8LineStrict(RealBufferedSource.java:240)
08-06 14:01:24.806 31433 15297 E baseline.com.newsblur.network.APIResponse: 	at okhttp3.internal.http1.Http1ExchangeCodec.readHeaderLine(Http1ExchangeCodec.java:242)
08-06 14:01:24.806 31433 15297 E baseline.com.newsblur.network.APIResponse: 	at okhttp3.internal.http1.Http1ExchangeCodec.readResponseHeaders(Http1ExchangeCodec.java:213)
08-06 14:01:24.806 31433 15297 E baseline.com.newsblur.network.APIResponse: 	... 30 more
08-06 14:01:24.808 31433 15297 I baseline.com.newsblur.network.APIManager: API call failed, pausing before retry number 2
08-06 14:01:24.936 16189 16189 D AndroidRuntime: >>>>>> START com.android.internal.os.RuntimeInit uid 2000 <<<<<<
08-06 14:01:24.937 31433 31444 I art     : Starting a blocking GC Explicit
08-06 14:01:24.942 16189 16189 D AndroidRuntime: CheckJNI is OFF
08-06 14:01:24.986 16189 16189 D ICU     : No timezone override file found: /data/misc/zoneinfo/current/icu/icu_tzdata.dat
08-06 14:01:24.994 31433 31444 I art     : Explicit concurrent mark sweep GC freed 3954(357KB) AllocSpace objects, 3(60KB) LOS objects, 28% free, 41MB/57MB, paused 1.530ms total 56.326ms
08-06 14:01:25.009 31433 31444 I art     : Starting a blocking GC Explicit
08-06 14:01:25.034 16189 16189 I Radio-JNI: register_android_hardware_Radio DONE
08-06 14:01:25.063 16189 16189 D AndroidRuntime: Calling main entry com.android.commands.input.Input
08-06 14:01:25.064 31433 31444 I art     : Explicit concurrent mark sweep GC freed 120(4KB) AllocSpace objects, 0(0B) LOS objects, 28% free, 40MB/56MB, paused 1.491ms total 55.398ms
08-06 14:01:25.065 16189 16189 I Input   : injectKeyEvent: KeyEvent { action=ACTION_DOWN, keyCode=KEYCODE_BACK, scanCode=0, metaState=0, flags=0x0, repeatCount=0, eventTime=885701478, downTime=885701478, deviceId=-1, source=0x101 }
08-06 14:01:25.073 16189 16189 I Input   : injectKeyEvent: KeyEvent { action=ACTION_UP, keyCode=KEYCODE_BACK, scanCode=0, metaState=0, flags=0x0, repeatCount=0, eventTime=885701478, downTime=885701478, deviceId=-1, source=0x101 }
08-06 14:01:25.078 31433 31444 I art     : Starting a blocking GC Explicit
08-06 14:01:25.079 16189 16189 D AndroidRuntime: Shutting down VM
08-06 14:01:25.097 31433 31433 D baseline.com.newsblur.service.NBSyncService: rejecting request for feedset that is exhaused
08-06 14:01:25.129 31433 31444 I art     : Explicit concurrent mark sweep GC freed 220(38KB) AllocSpace objects, 2(40KB) LOS objects, 28% free, 41MB/57MB, paused 1.490ms total 50.696ms
08-06 14:01:25.142 31433 31444 I art     : Starting a blocking GC Explicit
08-06 14:01:25.195 31433 31444 I art     : Explicit concurrent mark sweep GC freed 45(1728B) AllocSpace objects, 0(0B) LOS objects, 28% free, 41MB/57MB, paused 1.609ms total 51.913ms
08-06 14:01:25.209 31433 31444 I art     : Starting a blocking GC Explicit
08-06 14:01:25.262 31433 31444 I art     : Explicit concurrent mark sweep GC freed 584(44KB) AllocSpace objects, 1(20KB) LOS objects, 28% free, 41MB/57MB, paused 1.515ms total 52.777ms
08-06 14:01:25.271 31433 31433 D baseline.com.newsblur.service.NBSyncService: rejecting request for feedset that is exhaused
08-06 14:01:25.273 13866 13866 I GoogleInputMethodServic: GoogleInputMethodService.onFinishInput():3138 
08-06 14:01:25.273 13866 13866 I GoogleInputMethodServic: GoogleInputMethodService.onStartInput():1808 
08-06 14:01:25.636 31433 31444 I art     : Starting a blocking GC Explicit
08-06 14:01:25.688 31433 31444 I art     : Explicit concurrent mark sweep GC freed 3674(236KB) AllocSpace objects, 3(68KB) LOS objects, 28% free, 40MB/56MB, paused 1.423ms total 51.553ms
08-06 14:01:25.702 31433 31444 I art     : Starting a blocking GC Explicit
08-06 14:01:25.757 31433 31444 I art     : Explicit concurrent mark sweep GC freed 267(13KB) AllocSpace objects, 0(0B) LOS objects, 28% free, 40MB/56MB, paused 1.391ms total 54.140ms
08-06 14:01:25.772 31433 31444 I art     : Starting a blocking GC Explicit
08-06 14:01:25.827 31433 31444 I art     : Explicit concurrent mark sweep GC freed 12(384B) AllocSpace objects, 0(0B) LOS objects, 28% free, 40MB/56MB, paused 1.356ms total 54.924ms
08-06 14:01:25.843 31433 31444 I art     : Starting a blocking GC Explicit
08-06 14:01:25.896 31433 31444 I art     : Explicit concurrent mark sweep GC freed 11(352B) AllocSpace objects, 0(0B) LOS objects, 28% free, 40MB/56MB, paused 1.515ms total 52.583ms
08-06 14:01:25.910 31433 31444 I art     : Starting a blocking GC Explicit
08-06 14:01:25.966 31433 31444 I art     : Explicit concurrent mark sweep GC freed 11(352B) AllocSpace objects, 0(0B) LOS objects, 28% free, 40MB/56MB, paused 1.719ms total 55.181ms
08-06 14:01:26.353 31433 31446 I art     : Starting a blocking GC Explicit
08-06 14:01:26.416 31433 31446 I art     : Explicit concurrent mark sweep GC freed 1498(84KB) AllocSpace objects, 1(20KB) LOS objects, 28% free, 40MB/56MB, paused 1.699ms total 61.885ms
08-06 14:01:26.431 31433 31446 I art     : Starting a blocking GC Explicit
08-06 14:01:26.486 31433 31446 I art     : Explicit concurrent mark sweep GC freed 30(1040B) AllocSpace objects, 0(0B) LOS objects, 28% free, 40MB/56MB, paused 1.430ms total 55.458ms
08-06 14:01:26.502 31433 31446 I art     : Starting a blocking GC Explicit
08-06 14:01:26.558 31433 31446 I art     : Explicit concurrent mark sweep GC freed 12(384B) AllocSpace objects, 0(0B) LOS objects, 28% free, 40MB/56MB, paused 1.771ms total 56.436ms
08-06 14:01:26.574 31433 31446 I art     : Starting a blocking GC Explicit
08-06 14:01:26.628 31433 31446 I art     : Explicit concurrent mark sweep GC freed 12(384B) AllocSpace objects, 0(0B) LOS objects, 28% free, 40MB/56MB, paused 1.520ms total 54.620ms
08-06 14:01:26.644 31433 31446 I art     : Starting a blocking GC Explicit
08-06 14:01:26.701 31433 31446 I art     : Explicit concurrent mark sweep GC freed 11(352B) AllocSpace objects, 0(0B) LOS objects, 28% free, 40MB/56MB, paused 1.613ms total 56.747ms
08-06 14:01:26.880 16236 16236 D AndroidRuntime: >>>>>> START com.android.internal.os.RuntimeInit uid 2000 <<<<<<
08-06 14:01:26.886 16236 16236 D AndroidRuntime: CheckJNI is OFF
08-06 14:01:26.925 16236 16236 D ICU     : No timezone override file found: /data/misc/zoneinfo/current/icu/icu_tzdata.dat
08-06 14:01:26.966 16236 16236 I Radio-JNI: register_android_hardware_Radio DONE
08-06 14:01:26.994 16236 16236 D AndroidRuntime: Calling main entry com.android.commands.input.Input
08-06 14:01:26.996 16236 16236 I Input   : injectMotionEvent: MotionEvent { action=ACTION_DOWN, actionButton=0, id[0]=0, x[0]=435.0, y[0]=858.0, toolType[0]=TOOL_TYPE_UNKNOWN, buttonState=0, metaState=0, flags=0x0, edgeFlags=0x0, pointerCount=1, historySize=0, eventTime=885703409, downTime=885703409, deviceId=0, source=0x1002 }
08-06 14:01:27.000 16236 16236 I Input   : injectMotionEvent: MotionEvent { action=ACTION_UP, actionButton=0, id[0]=0, x[0]=435.0, y[0]=858.0, toolType[0]=TOOL_TYPE_UNKNOWN, buttonState=0, metaState=0, flags=0x0, edgeFlags=0x0, pointerCount=1, historySize=0, eventTime=885703409, downTime=885703409, deviceId=0, source=0x1002 }
08-06 14:01:27.003 16236 16236 D AndroidRuntime: Shutting down VM
08-06 14:01:27.009   512  2967 D audio_hw_primary: out_set_parameters: enter: usecase(1: low-latency-playback) kvpairs: routing=2
08-06 14:01:27.012   918  3714 I ActivityManager: START u0 {cmp=baseline.com.newsblur/.activity.AllSharedStoriesReading (has extras)} from uid 10698 on display 0
08-06 14:01:27.022   512  2967 D audio_hw_primary: select_devices: out_snd_device(2: speaker) in_snd_device(0: none)
08-06 14:01:27.023   512  2967 D msm8974_platform: platform_send_audio_calibration: sending audio calibration for snd_device(2) acdb_id(15)
08-06 14:01:27.023   512  2967 I soundtrigger: audio_extn_sound_trigger_update_device_status: device 0x2 of type 0 for Event 1
08-06 14:01:27.033   512  2967 D audio_hw_primary: enable_snd_device: snd_device(2: speaker)
08-06 14:01:27.035   512  2967 D audio_hw_primary: enable_audio_route: apply and update mixer path: low-latency-playback speaker
08-06 14:01:27.089 31433 14621 I art     : Starting a blocking GC Explicit
08-06 14:01:27.143 31433 14621 I art     : Explicit concurrent mark sweep GC freed 2917(228KB) AllocSpace objects, 5(528KB) LOS objects, 28% free, 41MB/57MB, paused 1.602ms total 54.250ms
08-06 14:01:27.157 31433 14621 I art     : Starting a blocking GC Explicit
08-06 14:01:27.213 31433 14621 I art     : Explicit concurrent mark sweep GC freed 386(38KB) AllocSpace objects, 1(20KB) LOS objects, 28% free, 41MB/57MB, paused 1.988ms total 55.450ms
08-06 14:01:27.228 31433 14621 I art     : Starting a blocking GC Explicit
08-06 14:01:27.278 31433 14621 I art     : Explicit concurrent mark sweep GC freed 299(29KB) AllocSpace objects, 1(20KB) LOS objects, 27% free, 41MB/57MB, paused 1.753ms total 49.930ms
08-06 14:01:27.286   918   936 I ActivityManager: Displayed baseline.com.newsblur/.activity.AllSharedStoriesReading: +266ms
08-06 14:01:27.287 13866 13866 I GoogleInputMethodServic: GoogleInputMethodService.onFinishInput():3138 
08-06 14:01:27.287 13866 13866 I GoogleInputMethodServic: GoogleInputMethodService.onStartInput():1808 
08-06 14:01:27.295 31433 14621 I art     : Starting a blocking GC Explicit
08-06 14:01:27.349 31433 14621 I art     : Explicit concurrent mark sweep GC freed 1262(78KB) AllocSpace objects, 2(48KB) LOS objects, 27% free, 41MB/57MB, paused 1.996ms total 53.854ms
08-06 14:01:27.364 31433 14621 I art     : Starting a blocking GC Explicit
08-06 14:01:27.423 31433 14621 I art     : Explicit concurrent mark sweep GC freed 1790(108KB) AllocSpace objects, 2(40KB) LOS objects, 27% free, 41MB/57MB, paused 1.851ms total 57.976ms
08-06 14:01:27.569   512  2967 D audio_hw_primary: disable_audio_route: reset and update mixer path: low-latency-playback speaker
08-06 14:01:27.570   512  2967 D audio_hw_primary: disable_snd_device: snd_device(2: speaker)
08-06 14:01:27.579   512  2967 I soundtrigger: audio_extn_sound_trigger_update_device_status: device 0x2 of type 0 for Event 0
08-06 14:01:27.613 31433 14966 E chromium: [ERROR:tile_manager.cc(793)] WARNING: tile memory limits exceeded, some content may not draw
08-06 14:01:27.613 31433 14966 E chromium: [ERROR:tile_manager.cc(793)] WARNING: tile memory limits exceeded, some content may not draw
08-06 14:01:27.792 31433 14620 I art     : Starting a blocking GC Explicit
08-06 14:01:27.852 31433 14620 I art     : Explicit concurrent mark sweep GC freed 3202(279KB) AllocSpace objects, 12(284KB) LOS objects, 27% free, 41MB/57MB, paused 1.651ms total 59.927ms
08-06 14:01:27.867 31433 14620 I art     : Starting a blocking GC Explicit
08-06 14:01:27.926 31433 14620 I art     : Explicit concurrent mark sweep GC freed 228(10KB) AllocSpace objects, 0(0B) LOS objects, 27% free, 41MB/57MB, paused 1.584ms total 58.815ms
08-06 14:01:27.941 31433 14620 I art     : Starting a blocking GC Explicit
08-06 14:01:28.000 31433 14620 I art     : Explicit concurrent mark sweep GC freed 3(96B) AllocSpace objects, 0(0B) LOS objects, 27% free, 41MB/57MB, paused 1.615ms total 58.923ms
08-06 14:01:28.014 31433 14620 I art     : Starting a blocking GC Explicit
08-06 14:01:28.072 31433 14620 I art     : Explicit concurrent mark sweep GC freed 3(96B) AllocSpace objects, 0(0B) LOS objects, 27% free, 41MB/57MB, paused 1.597ms total 57.070ms
08-06 14:01:28.087 31433 14620 I art     : Starting a blocking GC Explicit
08-06 14:01:28.145 31433 14620 I art     : Explicit concurrent mark sweep GC freed 3(96B) AllocSpace objects, 0(0B) LOS objects, 27% free, 41MB/57MB, paused 1.584ms total 57.801ms
08-06 14:01:28.288 31433 15297 E baseline.com.newsblur.network.APIResponse: Error (unexpected end of stream on https://www.newsblur.com/...) calling https://www.newsblur.com/reader/mark_story_hashes_as_read/
08-06 14:01:28.288 31433 15297 E baseline.com.newsblur.network.APIResponse: java.io.IOException: unexpected end of stream on https://www.newsblur.com/...
08-06 14:01:28.288 31433 15297 E baseline.com.newsblur.network.APIResponse: 	at okhttp3.internal.http1.Http1ExchangeCodec.readResponseHeaders(Http1ExchangeCodec.java:236)
08-06 14:01:28.288 31433 15297 E baseline.com.newsblur.network.APIResponse: 	at okhttp3.internal.connection.Exchange.readResponseHeaders(Exchange.java:115)
08-06 14:01:28.288 31433 15297 E baseline.com.newsblur.network.APIResponse: 	at okhttp3.internal.http.CallServerInterceptor.intercept(CallServerInterceptor.java:94)
08-06 14:01:28.288 31433 15297 E baseline.com.newsblur.network.APIResponse: 	at okhttp3.internal.http.RealInterceptorChain.proceed(RealInterceptorChain.java:142)
08-06 14:01:28.288 31433 15297 E baseline.com.newsblur.network.APIResponse: 	at okhttp3.internal.connection.ConnectInterceptor.intercept(ConnectInterceptor.java:43)
08-06 14:01:28.288 31433 15297 E baseline.com.newsblur.network.APIResponse: 	at okhttp3.internal.http.RealInterceptorChain.proceed(RealInterceptorChain.java:142)
08-06 14:01:28.288 31433 15297 E baseline.com.newsblur.network.APIResponse: 	at okhttp3.internal.http.RealInterceptorChain.proceed(RealInterceptorChain.java:117)
08-06 14:01:28.288 31433 15297 E baseline.com.newsblur.network.APIResponse: 	at okhttp3.internal.cache.CacheInterceptor.intercept(CacheInterceptor.java:94)
08-06 14:01:28.288 31433 15297 E baseline.com.newsblur.network.APIResponse: 	at okhttp3.internal.http.RealInterceptorChain.proceed(RealInterceptorChain.java:142)
08-06 14:01:28.288 31433 15297 E baseline.com.newsblur.network.APIResponse: 	at okhttp3.internal.http.RealInterceptorChain.proceed(RealInterceptorChain.java:117)
08-06 14:01:28.288 31433 15297 E baseline.com.newsblur.network.APIResponse: 	at okhttp3.internal.http.BridgeInterceptor.intercept(BridgeInterceptor.java:93)
08-06 14:01:28.288 31433 15297 E baseline.com.newsblur.network.APIResponse: 	at okhttp3.internal.http.RealInterceptorChain.proceed(RealInterceptorChain.java:142)
08-06 14:01:28.288 31433 15297 E baseline.com.newsblur.network.APIResponse: 	at okhttp3.internal.http.RetryAndFollowUpInterceptor.intercept(RetryAndFollowUpInterceptor.java:88)
08-06 14:01:28.288 31433 15297 E baseline.com.newsblur.network.APIResponse: 	at okhttp3.internal.http.RealInterceptorChain.proceed(RealInterceptorChain.java:142)
08-06 14:01:28.288 31433 15297 E baseline.com.newsblur.network.APIResponse: 	at okhttp3.internal.http.RealInterceptorChain.proceed(RealInterceptorChain.java:117)
08-06 14:01:28.288 31433 15297 E baseline.com.newsblur.network.APIResponse: 	at okhttp3.RealCall.getResponseWithInterceptorChain(RealCall.java:229)
08-06 14:01:28.288 31433 15297 E baseline.com.newsblur.network.APIResponse: 	at okhttp3.RealCall.execute(RealCall.java:81)
08-06 14:01:28.288 31433 15297 E baseline.com.newsblur.network.APIResponse: 	at baseline.com.newsblur.network.APIResponse.<init>(APIResponse.java:57)
08-06 14:01:28.288 31433 15297 E baseline.com.newsblur.network.APIResponse: 	at baseline.com.newsblur.network.APIResponse.<init>(APIResponse.java:43)
08-06 14:01:28.288 31433 15297 E baseline.com.newsblur.network.APIResponse: 	at baseline.com.newsblur.network.APIManager.post_single(APIManager.java:702)
08-06 14:01:28.288 31433 15297 E baseline.com.newsblur.network.APIResponse: 	at baseline.com.newsblur.network.APIManager.post(APIManager.java:675)
08-06 14:01:28.288 31433 15297 E baseline.com.newsblur.network.APIResponse: 	at baseline.com.newsblur.network.APIManager.post(APIManager.java:714)
08-06 14:01:28.288 31433 15297 E baseline.com.newsblur.network.APIResponse: 	at baseline.com.newsblur.network.APIManager.markStoryAsRead(APIManager.java:205)
08-06 14:01:28.288 31433 15297 E baseline.com.newsblur.network.APIResponse: 	at baseline.com.newsblur.util.ReadingAction.doRemote(ReadingAction.java:281)
08-06 14:01:28.288 31433 15297 E baseline.com.newsblur.network.APIResponse: 	at baseline.com.newsblur.service.NBSyncService.syncActions(NBSyncService.java:400)
08-06 14:01:28.288 31433 15297 E baseline.com.newsblur.network.APIResponse: 	at baseline.com.newsblur.service.NBSyncService.doSync(NBSyncService.java:298)
08-06 14:01:28.288 31433 15297 E baseline.com.newsblur.network.APIResponse: 	at baseline.com.newsblur.service.NBSyncService.access$100(NBSyncService.java:67)
08-06 14:01:28.288 31433 15297 E baseline.com.newsblur.network.APIResponse: 	at baseline.com.newsblur.service.NBSyncService$1.run(NBSyncService.java:188)
08-06 14:01:28.288 31433 15297 E baseline.com.newsblur.network.APIResponse: 	at java.util.concurrent.ThreadPoolExecutor.runWorker(ThreadPoolExecutor.java:1113)
08-06 14:01:28.288 31433 15297 E baseline.com.newsblur.network.APIResponse: 	at java.util.concurrent.ThreadPoolExecutor$Worker.run(ThreadPoolExecutor.java:588)
08-06 14:01:28.288 31433 15297 E baseline.com.newsblur.network.APIResponse: 	at java.lang.Thread.run(Thread.java:818)
08-06 14:01:28.288 31433 15297 E baseline.com.newsblur.network.APIResponse: Caused by: java.io.EOFException: \n not found: limit=0 content=
08-06 14:01:28.288 31433 15297 E baseline.com.newsblur.network.APIResponse: 	at okio.RealBufferedSource.readUtf8LineStrict(RealBufferedSource.java:240)
08-06 14:01:28.288 31433 15297 E baseline.com.newsblur.network.APIResponse: 	at okhttp3.internal.http1.Http1ExchangeCodec.readHeaderLine(Http1ExchangeCodec.java:242)
08-06 14:01:28.288 31433 15297 E baseline.com.newsblur.network.APIResponse: 	at okhttp3.internal.http1.Http1ExchangeCodec.readResponseHeaders(Http1ExchangeCodec.java:213)
08-06 14:01:28.288 31433 15297 E baseline.com.newsblur.network.APIResponse: 	... 30 more
08-06 14:01:28.289 31433 15297 I baseline.com.newsblur.service.NBSyncService: Holding reading action with server-side or network error.
08-06 14:01:28.301 31433 15297 W baseline.com.newsblur.service.NBSyncService: hard API failure
08-06 14:01:28.517 31433 14621 I art     : Starting a blocking GC Explicit
08-06 14:01:28.580 31433 14621 I art     : Explicit concurrent mark sweep GC freed 5017(589KB) AllocSpace objects, 18(360KB) LOS objects, 27% free, 41MB/57MB, paused 3.075ms total 62.665ms
08-06 14:01:28.594 31433 14621 I art     : Starting a blocking GC Explicit
08-06 14:01:28.610 31433 14966 E chromium: [ERROR:tile_manager.cc(793)] WARNING: tile memory limits exceeded, some content may not draw
08-06 14:01:28.610 31433 14966 E chromium: [ERROR:tile_manager.cc(793)] WARNING: tile memory limits exceeded, some content may not draw
08-06 14:01:28.622 31433 14966 E chromium: [ERROR:tile_manager.cc(793)] WARNING: tile memory limits exceeded, some content may not draw
08-06 14:01:28.623 31433 14966 E chromium: [ERROR:tile_manager.cc(793)] WARNING: tile memory limits exceeded, some content may not draw
08-06 14:01:28.625 31433 14966 E chromium: [ERROR:tile_manager.cc(793)] WARNING: tile memory limits exceeded, some content may not draw
08-06 14:01:28.626 31433 14966 E chromium: [ERROR:tile_manager.cc(793)] WARNING: tile memory limits exceeded, some content may not draw
08-06 14:01:28.645 31433 14621 I art     : Explicit concurrent mark sweep GC freed 802(29KB) AllocSpace objects, 0(0B) LOS objects, 27% free, 41MB/57MB, paused 1.430ms total 50.619ms
08-06 14:01:28.660 31433 14621 I art     : Starting a blocking GC Explicit
08-06 14:01:28.713 31433 14621 I art     : Explicit concurrent mark sweep GC freed 28(896B) AllocSpace objects, 0(0B) LOS objects, 27% free, 41MB/57MB, paused 1.261ms total 53.494ms
08-06 14:01:28.728 31433 14621 I art     : Starting a blocking GC Explicit
08-06 14:01:28.785 31433 14621 I art     : Explicit concurrent mark sweep GC freed 27(864B) AllocSpace objects, 0(0B) LOS objects, 27% free, 41MB/57MB, paused 1.358ms total 56.185ms
08-06 14:01:28.800 31433 14621 I art     : Starting a blocking GC Explicit
08-06 14:01:28.856 31433 14621 I art     : Explicit concurrent mark sweep GC freed 27(864B) AllocSpace objects, 0(0B) LOS objects, 27% free, 41MB/57MB, paused 1.447ms total 56.013ms
08-06 14:01:29.259 31433 14620 I art     : Starting a blocking GC Explicit
08-06 14:01:29.325 31433 14620 I art     : Explicit concurrent mark sweep GC freed 1409(81KB) AllocSpace objects, 1(20KB) LOS objects, 27% free, 41MB/57MB, paused 1.418ms total 65.528ms
08-06 14:01:29.326 31433 31443 I art     : WaitForGcToComplete blocked for 62.259ms for cause HeapTrim
08-06 14:01:29.342 31433 14620 I art     : Starting a blocking GC Explicit
08-06 14:01:29.404 31433 14620 I art     : Explicit concurrent mark sweep GC freed 20(704B) AllocSpace objects, 0(0B) LOS objects, 27% free, 41MB/57MB, paused 1.459ms total 61.423ms
08-06 14:01:29.419 31433 14620 I art     : Starting a blocking GC Explicit
08-06 14:01:29.480 31433 14620 I art     : Explicit concurrent mark sweep GC freed 3(96B) AllocSpace objects, 0(0B) LOS objects, 27% free, 41MB/57MB, paused 1.547ms total 60.619ms
08-06 14:01:29.494 31433 14620 I art     : Starting a blocking GC Explicit
08-06 14:01:29.558 31433 14620 I art     : Explicit concurrent mark sweep GC freed 3(96B) AllocSpace objects, 0(0B) LOS objects, 27% free, 41MB/57MB, paused 1.494ms total 63.105ms
08-06 14:01:29.574 31433 14620 I art     : Starting a blocking GC Explicit
08-06 14:01:29.635 31433 14620 I art     : Explicit concurrent mark sweep GC freed 3(96B) AllocSpace objects, 0(0B) LOS objects, 27% free, 41MB/57MB, paused 1.461ms total 60.572ms
08-06 14:01:30.035 31433 14621 I art     : Starting a blocking GC Explicit
08-06 14:01:30.098 31433 14621 I art     : Explicit concurrent mark sweep GC freed 1406(81KB) AllocSpace objects, 1(20KB) LOS objects, 27% free, 41MB/57MB, paused 1.511ms total 62.041ms
08-06 14:01:30.113 31433 14621 I art     : Starting a blocking GC Explicit
08-06 14:01:30.175 31433 14621 I art     : Explicit concurrent mark sweep GC freed 20(704B) AllocSpace objects, 0(0B) LOS objects, 27% free, 41MB/57MB, paused 1.471ms total 62.165ms
08-06 14:01:30.190 31433 14621 I art     : Starting a blocking GC Explicit
08-06 14:01:30.252 31433 14621 I art     : Explicit concurrent mark sweep GC freed 3(96B) AllocSpace objects, 0(0B) LOS objects, 27% free, 41MB/57MB, paused 1.510ms total 61.782ms
08-06 14:01:30.267 31433 14621 I art     : Starting a blocking GC Explicit
08-06 14:01:30.332 31433 14621 I art     : Explicit concurrent mark sweep GC freed 3(96B) AllocSpace objects, 0(0B) LOS objects, 27% free, 41MB/57MB, paused 1.524ms total 64.578ms
08-06 14:01:30.350 31433 14621 I art     : Starting a blocking GC Explicit
08-06 14:01:30.411 31433 14621 I art     : Explicit concurrent mark sweep GC freed 3(96B) AllocSpace objects, 0(0B) LOS objects, 27% free, 41MB/57MB, paused 1.500ms total 60.965ms
08-06 14:01:30.808 31433 31444 I art     : Starting a blocking GC Explicit
08-06 14:01:30.872 31433 31444 I art     : Explicit concurrent mark sweep GC freed 1405(81KB) AllocSpace objects, 1(20KB) LOS objects, 27% free, 41MB/57MB, paused 1.543ms total 63.647ms
08-06 14:01:30.889 31433 31444 I art     : Starting a blocking GC Explicit
08-06 14:01:30.950 31433 31444 I art     : Explicit concurrent mark sweep GC freed 20(704B) AllocSpace objects, 0(0B) LOS objects, 27% free, 41MB/57MB, paused 1.412ms total 60.963ms
08-06 14:01:30.965 31433 31444 I art     : Starting a blocking GC Explicit
08-06 14:01:31.027 31433 31444 I art     : Explicit concurrent mark sweep GC freed 3(96B) AllocSpace objects, 0(0B) LOS objects, 27% free, 41MB/57MB, paused 1.448ms total 62.061ms
08-06 14:01:31.042 31433 31444 I art     : Starting a blocking GC Explicit
08-06 14:01:31.103 31433 31444 I art     : Explicit concurrent mark sweep GC freed 3(96B) AllocSpace objects, 0(0B) LOS objects, 27% free, 41MB/57MB, paused 1.376ms total 60.723ms
08-06 14:01:31.118 31433 31444 I art     : Starting a blocking GC Explicit
08-06 14:01:31.183 31433 31444 I art     : Explicit concurrent mark sweep GC freed 3(96B) AllocSpace objects, 0(0B) LOS objects, 27% free, 41MB/57MB, paused 1.633ms total 64.422ms
08-06 14:01:31.552 31433 31446 I art     : Starting a blocking GC Explicit
08-06 14:01:31.613 31433 31446 I art     : Explicit concurrent mark sweep GC freed 1406(81KB) AllocSpace objects, 1(20KB) LOS objects, 27% free, 41MB/57MB, paused 1.454ms total 60.605ms
08-06 14:01:31.628 31433 31446 I art     : Starting a blocking GC Explicit
08-06 14:01:31.692 31433 31446 I art     : Explicit concurrent mark sweep GC freed 20(704B) AllocSpace objects, 0(0B) LOS objects, 27% free, 41MB/57MB, paused 1.493ms total 63.783ms
08-06 14:01:31.706 31433 31446 I art     : Starting a blocking GC Explicit
08-06 14:01:31.767 31433 31446 I art     : Explicit concurrent mark sweep GC freed 3(96B) AllocSpace objects, 0(0B) LOS objects, 27% free, 41MB/57MB, paused 1.506ms total 60.586ms
08-06 14:01:31.782 31433 31446 I art     : Starting a blocking GC Explicit
08-06 14:01:31.823 16310 16310 D AndroidRuntime: >>>>>> START com.android.internal.os.RuntimeInit uid 2000 <<<<<<
08-06 14:01:31.829 16310 16310 D AndroidRuntime: CheckJNI is OFF
08-06 14:01:31.841 31433 31446 I art     : Explicit concurrent mark sweep GC freed 3(96B) AllocSpace objects, 0(0B) LOS objects, 27% free, 41MB/57MB, paused 1.482ms total 58.949ms
08-06 14:01:31.856 31433 31446 I art     : Starting a blocking GC Explicit
08-06 14:01:31.876 16310 16310 D ICU     : No timezone override file found: /data/misc/zoneinfo/current/icu/icu_tzdata.dat
08-06 14:01:31.915 31433 31446 I art     : Explicit concurrent mark sweep GC freed 3(96B) AllocSpace objects, 0(0B) LOS objects, 27% free, 41MB/57MB, paused 1.491ms total 58.666ms
08-06 14:01:31.923 16310 16310 I Radio-JNI: register_android_hardware_Radio DONE
08-06 14:01:31.952 16310 16310 D AndroidRuntime: Calling main entry com.android.commands.input.Input
08-06 14:01:31.954 16310 16310 I Input   : injectKeyEvent: KeyEvent { action=ACTION_DOWN, keyCode=KEYCODE_BACK, scanCode=0, metaState=0, flags=0x0, repeatCount=0, eventTime=885708367, downTime=885708367, deviceId=-1, source=0x101 }
08-06 14:01:31.962 16310 16310 I Input   : injectKeyEvent: KeyEvent { action=ACTION_UP, keyCode=KEYCODE_BACK, scanCode=0, metaState=0, flags=0x0, repeatCount=0, eventTime=885708367, downTime=885708367, deviceId=-1, source=0x101 }
08-06 14:01:31.970 16310 16310 D AndroidRuntime: Shutting down VM
08-06 14:01:31.978 31433 31433 D baseline.com.newsblur.service.NBSyncService: rejecting request for feedset that is exhaused
08-06 14:01:32.153 31433 31433 D baseline.com.newsblur.service.NBSyncService: rejecting request for feedset that is exhaused
08-06 14:01:32.213 13866 13866 I GoogleInputMethodServic: GoogleInputMethodService.onFinishInput():3138 
08-06 14:01:32.215 13866 13866 I GoogleInputMethodServic: GoogleInputMethodService.onStartInput():1808 
08-06 14:01:32.288 31433 31444 I art     : Starting a blocking GC Explicit
08-06 14:01:32.346 31433 31444 I art     : Explicit concurrent mark sweep GC freed 3186(257KB) AllocSpace objects, 6(128KB) LOS objects, 27% free, 41MB/57MB, paused 1.317ms total 57.717ms
08-06 14:01:32.365 31433 31444 I art     : Starting a blocking GC Explicit
08-06 14:01:32.434 31433 31444 I art     : Explicit concurrent mark sweep GC freed 171(8KB) AllocSpace objects, 0(0B) LOS objects, 27% free, 41MB/57MB, paused 1.714ms total 68.378ms
08-06 14:01:32.451 31433 31444 I art     : Starting a blocking GC Explicit
08-06 14:01:32.515 31433 31444 I art     : Explicit concurrent mark sweep GC freed 753(33KB) AllocSpace objects, 0(0B) LOS objects, 27% free, 41MB/57MB, paused 1.431ms total 63.306ms
08-06 14:01:32.529 31433 31444 I art     : Starting a blocking GC Explicit
08-06 14:01:32.585 31433 31444 I art     : Explicit concurrent mark sweep GC freed 884(44KB) AllocSpace objects, 0(0B) LOS objects, 27% free, 41MB/57MB, paused 1.259ms total 55.979ms
08-06 14:01:32.601 31433 31444 I art     : Starting a blocking GC Explicit
08-06 14:01:32.653 31433 31444 I art     : Explicit concurrent mark sweep GC freed 137(6KB) AllocSpace objects, 0(0B) LOS objects, 27% free, 41MB/57MB, paused 1.253ms total 51.838ms
08-06 14:01:33.039 31433 31446 I art     : Starting a blocking GC Explicit
08-06 14:01:33.098 31433 31446 I art     : Explicit concurrent mark sweep GC freed 1459(82KB) AllocSpace objects, 1(20KB) LOS objects, 27% free, 41MB/57MB, paused 1.450ms total 58.846ms
08-06 14:01:33.114 31433 31446 I art     : Starting a blocking GC Explicit
08-06 14:01:33.170 31433 31446 I art     : Explicit concurrent mark sweep GC freed 29(992B) AllocSpace objects, 0(0B) LOS objects, 27% free, 41MB/57MB, paused 1.324ms total 56.428ms
08-06 14:01:33.185 31433 31446 I art     : Starting a blocking GC Explicit
08-06 14:01:33.243 31433 31446 I art     : Explicit concurrent mark sweep GC freed 11(352B) AllocSpace objects, 0(0B) LOS objects, 27% free, 41MB/57MB, paused 1.519ms total 57.575ms
08-06 14:01:33.257 31433 31446 I art     : Starting a blocking GC Explicit
08-06 14:01:33.313 31433 31446 I art     : Explicit concurrent mark sweep GC freed 11(352B) AllocSpace objects, 0(0B) LOS objects, 27% free, 41MB/57MB, paused 1.311ms total 55.808ms
08-06 14:01:33.328 31433 31446 I art     : Starting a blocking GC Explicit
08-06 14:01:33.385 31433 31446 I art     : Explicit concurrent mark sweep GC freed 13(416B) AllocSpace objects, 0(0B) LOS objects, 27% free, 41MB/57MB, paused 1.396ms total 57.209ms
08-06 14:01:33.738 16354 16354 D AndroidRuntime: >>>>>> START com.android.internal.os.RuntimeInit uid 2000 <<<<<<
08-06 14:01:33.744 16354 16354 D AndroidRuntime: CheckJNI is OFF
08-06 14:01:33.759 31433 14621 I art     : Starting a blocking GC Explicit
08-06 14:01:33.791 16354 16354 D ICU     : No timezone override file found: /data/misc/zoneinfo/current/icu/icu_tzdata.dat
08-06 14:01:33.821 31433 14621 I art     : Explicit concurrent mark sweep GC freed 1431(81KB) AllocSpace objects, 1(20KB) LOS objects, 27% free, 41MB/57MB, paused 1.607ms total 61.132ms
08-06 14:01:33.836 31433 14621 I art     : Starting a blocking GC Explicit
08-06 14:01:33.839 16354 16354 I Radio-JNI: register_android_hardware_Radio DONE
08-06 14:01:33.869 16354 16354 D AndroidRuntime: Calling main entry com.android.commands.input.Input
08-06 14:01:33.871 16354 16354 I Input   : injectKeyEvent: KeyEvent { action=ACTION_DOWN, keyCode=KEYCODE_BACK, scanCode=0, metaState=0, flags=0x0, repeatCount=0, eventTime=885710284, downTime=885710284, deviceId=-1, source=0x101 }
08-06 14:01:33.877 16354 16354 I Input   : injectKeyEvent: KeyEvent { action=ACTION_UP, keyCode=KEYCODE_BACK, scanCode=0, metaState=0, flags=0x0, repeatCount=0, eventTime=885710284, downTime=885710284, deviceId=-1, source=0x101 }
08-06 14:01:33.884 16354 16354 D AndroidRuntime: Shutting down VM
08-06 14:01:33.895 31433 14621 I art     : Explicit concurrent mark sweep GC freed 285(38KB) AllocSpace objects, 2(40KB) LOS objects, 27% free, 41MB/57MB, paused 1.890ms total 59.140ms
08-06 14:01:33.909 31433 14621 I art     : Starting a blocking GC Explicit
08-06 14:01:33.963 31433 14621 I art     : Explicit concurrent mark sweep GC freed 95(28KB) AllocSpace objects, 2(40KB) LOS objects, 27% free, 41MB/57MB, paused 1.420ms total 53.514ms
08-06 14:01:33.977 31433 14621 I art     : Starting a blocking GC Explicit
08-06 14:01:34.035 31433 14621 I art     : Explicit concurrent mark sweep GC freed 17(672B) AllocSpace objects, 0(0B) LOS objects, 27% free, 41MB/57MB, paused 1.410ms total 57.234ms
08-06 14:01:34.051 31433 14621 I art     : Starting a blocking GC Explicit
08-06 14:01:34.094 13866 13866 I GoogleInputMethodServic: GoogleInputMethodService.onFinishInput():3138 
08-06 14:01:34.095 13866 13866 I GoogleInputMethodServic: GoogleInputMethodService.onStartInput():1808 
08-06 14:01:34.109 31433 14621 I art     : Explicit concurrent mark sweep GC freed 8776(566KB) AllocSpace objects, 10(200KB) LOS objects, 27% free, 41MB/57MB, paused 2.621ms total 58.371ms
08-06 14:01:34.477 31433 14621 I art     : Starting a blocking GC Explicit
08-06 14:01:34.533 31433 14621 I art     : Explicit concurrent mark sweep GC freed 3634(218KB) AllocSpace objects, 3(60KB) LOS objects, 27% free, 41MB/57MB, paused 1.523ms total 55.608ms
08-06 14:01:34.547 31433 14621 I art     : Starting a blocking GC Explicit
08-06 14:01:34.603 31433 14621 I art     : Explicit concurrent mark sweep GC freed 1524(91KB) AllocSpace objects, 2(120KB) LOS objects, 27% free, 41MB/57MB, paused 1.729ms total 55.338ms
08-06 14:01:34.618 31433 14621 I art     : Starting a blocking GC Explicit
08-06 14:01:34.672 31433 14621 I art     : Explicit concurrent mark sweep GC freed 1978(77KB) AllocSpace objects, 0(0B) LOS objects, 27% free, 41MB/57MB, paused 1.822ms total 54.578ms
08-06 14:01:34.673 31433 16377 E baseline.com.newsblur.network.APIResponse: Error (unexpected end of stream on https://www.newsblur.com/...) calling https://www.newsblur.com/reader/mark_story_hashes_as_read/
08-06 14:01:34.673 31433 16377 E baseline.com.newsblur.network.APIResponse: java.io.IOException: unexpected end of stream on https://www.newsblur.com/...
08-06 14:01:34.673 31433 16377 E baseline.com.newsblur.network.APIResponse: 	at okhttp3.internal.http1.Http1ExchangeCodec.readResponseHeaders(Http1ExchangeCodec.java:236)
08-06 14:01:34.673 31433 16377 E baseline.com.newsblur.network.APIResponse: 	at okhttp3.internal.connection.Exchange.readResponseHeaders(Exchange.java:115)
08-06 14:01:34.673 31433 16377 E baseline.com.newsblur.network.APIResponse: 	at okhttp3.internal.http.CallServerInterceptor.intercept(CallServerInterceptor.java:94)
08-06 14:01:34.673 31433 16377 E baseline.com.newsblur.network.APIResponse: 	at okhttp3.internal.http.RealInterceptorChain.proceed(RealInterceptorChain.java:142)
08-06 14:01:34.673 31433 16377 E baseline.com.newsblur.network.APIResponse: 	at okhttp3.internal.connection.ConnectInterceptor.intercept(ConnectInterceptor.java:43)
08-06 14:01:34.673 31433 16377 E baseline.com.newsblur.network.APIResponse: 	at okhttp3.internal.http.RealInterceptorChain.proceed(RealInterceptorChain.java:142)
08-06 14:01:34.673 31433 16377 E baseline.com.newsblur.network.APIResponse: 	at okhttp3.internal.http.RealInterceptorChain.proceed(RealInterceptorChain.java:117)
08-06 14:01:34.673 31433 16377 E baseline.com.newsblur.network.APIResponse: 	at okhttp3.internal.cache.CacheInterceptor.intercept(CacheInterceptor.java:94)
08-06 14:01:34.673 31433 16377 E baseline.com.newsblur.network.APIResponse: 	at okhttp3.internal.http.RealInterceptorChain.proceed(RealInterceptorChain.java:142)
08-06 14:01:34.673 31433 16377 E baseline.com.newsblur.network.APIResponse: 	at okhttp3.internal.http.RealInterceptorChain.proceed(RealInterceptorChain.java:117)
08-06 14:01:34.673 31433 16377 E baseline.com.newsblur.network.APIResponse: 	at okhttp3.internal.http.BridgeInterceptor.intercept(BridgeInterceptor.java:93)
08-06 14:01:34.673 31433 16377 E baseline.com.newsblur.network.APIResponse: 	at okhttp3.internal.http.RealInterceptorChain.proceed(RealInterceptorChain.java:142)
08-06 14:01:34.673 31433 16377 E baseline.com.newsblur.network.APIResponse: 	at okhttp3.internal.http.RetryAndFollowUpInterceptor.intercept(RetryAndFollowUpInterceptor.java:88)
08-06 14:01:34.673 31433 16377 E baseline.com.newsblur.network.APIResponse: 	at okhttp3.internal.http.RealInterceptorChain.proceed(RealInterceptorChain.java:142)
08-06 14:01:34.673 31433 16377 E baseline.com.newsblur.network.APIResponse: 	at okhttp3.internal.http.RealInterceptorChain.proceed(RealInterceptorChain.java:117)
08-06 14:01:34.673 31433 16377 E baseline.com.newsblur.network.APIResponse: 	at okhttp3.RealCall.getResponseWithInterceptorChain(RealCall.java:229)
08-06 14:01:34.673 31433 16377 E baseline.com.newsblur.network.APIResponse: 	at okhttp3.RealCall.execute(RealCall.java:81)
08-06 14:01:34.673 31433 16377 E baseline.com.newsblur.network.APIResponse: 	at baseline.com.newsblur.network.APIResponse.<init>(APIResponse.java:57)
08-06 14:01:34.673 31433 16377 E baseline.com.newsblur.network.APIResponse: 	at baseline.com.newsblur.network.APIResponse.<init>(APIResponse.java:43)
08-06 14:01:34.673 31433 16377 E baseline.com.newsblur.network.APIResponse: 	at baseline.com.newsblur.network.APIManager.post_single(APIManager.java:702)
08-06 14:01:34.673 31433 16377 E baseline.com.newsblur.network.APIResponse: 	at baseline.com.newsblur.network.APIManager.post(APIManager.java:675)
08-06 14:01:34.673 31433 16377 E baseline.com.newsblur.network.APIResponse: 	at baseline.com.newsblur.network.APIManager.post(APIManager.java:714)
08-06 14:01:34.673 31433 16377 E baseline.com.newsblur.network.APIResponse: 	at baseline.com.newsblur.network.APIManager.markStoryAsRead(APIManager.java:205)
08-06 14:01:34.673 31433 16377 E baseline.com.newsblur.network.APIResponse: 	at baseline.com.newsblur.util.ReadingAction.doRemote(ReadingAction.java:281)
08-06 14:01:34.673 31433 16377 E baseline.com.newsblur.network.APIResponse: 	at baseline.com.newsblur.service.NBSyncService.syncActions(NBSyncService.java:400)
08-06 14:01:34.673 31433 16377 E baseline.com.newsblur.network.APIResponse: 	at baseline.com.newsblur.service.NBSyncService.doSync(NBSyncService.java:298)
08-06 14:01:34.673 31433 16377 E baseline.com.newsblur.network.APIResponse: 	at baseline.com.newsblur.service.NBSyncService.access$100(NBSyncService.java:67)
08-06 14:01:34.673 31433 16377 E baseline.com.newsblur.network.APIResponse: 	at baseline.com.newsblur.service.NBSyncService$1.run(NBSyncService.java:188)
08-06 14:01:34.673 31433 16377 E baseline.com.newsblur.network.APIResponse: 	at java.util.concurrent.ThreadPoolExecutor.runWorker(ThreadPoolExecutor.java:1113)
08-06 14:01:34.673 31433 16377 E baseline.com.newsblur.network.APIResponse: 	at java.util.concurrent.ThreadPoolExecutor$Worker.run(ThreadPoolExecutor.java:588)
08-06 14:01:34.673 31433 16377 E baseline.com.newsblur.network.APIResponse: 	at java.lang.Thread.run(Thread.java:818)
08-06 14:01:34.673 31433 16377 E baseline.com.newsblur.network.APIResponse: Caused by: java.io.EOFException: \n not found: limit=0 content=
08-06 14:01:34.673 31433 16377 E baseline.com.newsblur.network.APIResponse: 	at okio.RealBufferedSource.readUtf8LineStrict(RealBufferedSource.java:240)
08-06 14:01:34.673 31433 16377 E baseline.com.newsblur.network.APIResponse: 	at okhttp3.internal.http1.Http1ExchangeCodec.readHeaderLine(Http1ExchangeCodec.java:242)
08-06 14:01:34.673 31433 16377 E baseline.com.newsblur.network.APIResponse: 	at okhttp3.internal.http1.Http1ExchangeCodec.readResponseHeaders(Http1ExchangeCodec.java:213)
08-06 14:01:34.673 31433 16377 E baseline.com.newsblur.network.APIResponse: 	... 30 more
08-06 14:01:34.674 31433 16377 I baseline.com.newsblur.network.APIManager: API call failed, pausing before retry number 1
08-06 14:01:34.686 31433 14621 I art     : Starting a blocking GC Explicit
08-06 14:01:34.740 31433 14621 I art     : Explicit concurrent mark sweep GC freed 1588(317KB) AllocSpace objects, 3(120KB) LOS objects, 27% free, 41MB/57MB, paused 1.496ms total 53.338ms
08-06 14:01:34.753 31433 14621 I art     : Starting a blocking GC Explicit
08-06 14:01:34.810 31433 14621 I art     : Explicit concurrent mark sweep GC freed 81(5KB) AllocSpace objects, 0(0B) LOS objects, 27% free, 41MB/57MB, paused 1.449ms total 56.558ms
08-06 14:01:35.191 31433 31444 I art     : Starting a blocking GC Explicit
08-06 14:01:35.255 31433 31444 I art     : Explicit concurrent mark sweep GC freed 1498(84KB) AllocSpace objects, 1(20KB) LOS objects, 27% free, 41MB/57MB, paused 1.532ms total 63.641ms
08-06 14:01:35.271 31433 31444 I art     : Starting a blocking GC Explicit
08-06 14:01:35.329 31433 31444 I art     : Explicit concurrent mark sweep GC freed 31(1072B) AllocSpace objects, 0(0B) LOS objects, 27% free, 41MB/57MB, paused 1.512ms total 57.943ms
08-06 14:01:35.344 31433 31444 I art     : Starting a blocking GC Explicit
08-06 14:01:35.401 31433 31444 I art     : Explicit concurrent mark sweep GC freed 12(384B) AllocSpace objects, 0(0B) LOS objects, 27% free, 41MB/57MB, paused 1.479ms total 57.233ms
08-06 14:01:35.417 31433 31444 I art     : Starting a blocking GC Explicit
08-06 14:01:35.477 31433 31444 I art     : Explicit concurrent mark sweep GC freed 12(384B) AllocSpace objects, 0(0B) LOS objects, 27% free, 41MB/57MB, paused 1.779ms total 59.686ms
08-06 14:01:35.491 31433 31444 I art     : Starting a blocking GC Explicit
08-06 14:01:35.549 31433 31444 I art     : Explicit concurrent mark sweep GC freed 9(288B) AllocSpace objects, 0(0B) LOS objects, 27% free, 41MB/57MB, paused 1.423ms total 57.869ms
08-06 14:01:35.569 14376 14376 I Atfwd_Sendcmd: AtCmdFwd service not ready - Exhausted retry attempts - :6
08-06 14:01:35.570 14376 14376 I Atfwd_Daemon: result : -1 	 ,Init step :2 	 ,qmiErrorCode: 0
08-06 14:01:35.676 16401 16401 D AndroidRuntime: >>>>>> START com.android.internal.os.RuntimeInit uid 2000 <<<<<<
08-06 14:01:35.682 16401 16401 D AndroidRuntime: CheckJNI is OFF
08-06 14:01:35.724 16401 16401 D ICU     : No timezone override file found: /data/misc/zoneinfo/current/icu/icu_tzdata.dat
08-06 14:01:35.767 16401 16401 I Radio-JNI: register_android_hardware_Radio DONE
08-06 14:01:35.795 16401 16401 D AndroidRuntime: Calling main entry com.android.commands.input.Input
08-06 14:01:35.797 16401 16401 I Input   : injectMotionEvent: MotionEvent { action=ACTION_DOWN, actionButton=0, id[0]=0, x[0]=553.0, y[0]=442.0, toolType[0]=TOOL_TYPE_UNKNOWN, buttonState=0, metaState=0, flags=0x0, edgeFlags=0x0, pointerCount=1, historySize=0, eventTime=885712210, downTime=885712210, deviceId=0, source=0x1002 }
08-06 14:01:35.802 16401 16401 I Input   : injectMotionEvent: MotionEvent { action=ACTION_UP, actionButton=0, id[0]=0, x[0]=553.0, y[0]=442.0, toolType[0]=TOOL_TYPE_UNKNOWN, buttonState=0, metaState=0, flags=0x0, edgeFlags=0x0, pointerCount=1, historySize=0, eventTime=885712210, downTime=885712210, deviceId=0, source=0x1002 }
08-06 14:01:35.803 16401 16401 D AndroidRuntime: Shutting down VM
08-06 14:01:35.872   918  3670 I ActivityManager: START u0 {cmp=baseline.com.newsblur/.activity.AllSharedStoriesItemsList (has extras)} from uid 10698 on display 0
08-06 14:01:35.900 31433 14397 I baseline.com.newsblur.database.BlurDatabaseHelper: reading session reset
08-06 14:01:35.952 31433 31444 I art     : Starting a blocking GC Explicit
08-06 14:01:36.012 31433 31444 I art     : Explicit concurrent mark sweep GC freed 3479(277KB) AllocSpace objects, 6(212KB) LOS objects, 27% free, 41MB/57MB, paused 1.591ms total 59.217ms
08-06 14:01:36.026 31433 31444 I art     : Starting a blocking GC Explicit
08-06 14:01:36.082 31433 31444 I art     : Explicit concurrent mark sweep GC freed 816(56KB) AllocSpace objects, 1(20KB) LOS objects, 27% free, 41MB/57MB, paused 1.611ms total 55.678ms
08-06 14:01:36.099 31433 31444 I art     : Starting a blocking GC Explicit
08-06 14:01:36.114 31433 31433 D baseline.com.newsblur.service.NBSyncService: rejecting request for feedset that is exhaused
08-06 14:01:36.121 31433 31433 W View    : requestLayout() improperly called by android.widget.FrameLayout{7ea1e02 V.E...... ......ID 0,0-1440,18 #7f07003f app:id/footer_view_inner} during layout: running second layout pass
08-06 14:01:36.121 31433 31433 W View    : requestLayout() improperly called by android.widget.FrameLayout{b5f9313 V.E...... ......ID 0,0-1440,2091 #7f07003f app:id/footer_view_inner} during layout: running second layout pass
08-06 14:01:36.138   918   936 I ActivityManager: Displayed baseline.com.newsblur/.activity.AllSharedStoriesItemsList: +252ms
08-06 14:01:36.139 13866 13866 I GoogleInputMethodServic: GoogleInputMethodService.onFinishInput():3138 
08-06 14:01:36.139 13866 13866 I GoogleInputMethodServic: GoogleInputMethodService.onStartInput():1808 
08-06 14:01:36.156 31433 31444 I art     : Explicit concurrent mark sweep GC freed 577(48KB) AllocSpace objects, 2(40KB) LOS objects, 27% free, 41MB/57MB, paused 1.989ms total 56.591ms
08-06 14:01:36.170 31433 31444 I art     : Starting a blocking GC Explicit
08-06 14:01:36.229 31433 31444 I art     : Explicit concurrent mark sweep GC freed 1308(79KB) AllocSpace objects, 5(100KB) LOS objects, 27% free, 42MB/58MB, paused 1.756ms total 59.370ms
08-06 14:01:36.245 31433 31444 I art     : Starting a blocking GC Explicit
08-06 14:01:36.266 31433 14655 I NAPPA_EXPERIMENTATION: MetricNetworkRequestExecutionTime: REQUEST_DURATION_SYSTEM='70',REQUEST_DURATION_OKHTTP='70',REQUEST_SYNCHRONOUS='TRUE',RESPONSE_CODE='200',RESPONSE_METHOD='GET',RESPONSE_LENGTH_OKHTTP='43',RESPONSE_LENGTH_HEADER='43',REQUEST_PROTOCOL='http/1.1',REQUEST_URL='http://feeds.feedburner.com/~r/retort/~4/UffaFMiJbNs',
08-06 14:01:36.304 31433 31444 I art     : Explicit concurrent mark sweep GC freed 402(39KB) AllocSpace objects, 1(20KB) LOS objects, 27% free, 42MB/58MB, paused 1.501ms total 58.784ms
08-06 14:01:36.680 31433 31444 I art     : Starting a blocking GC Explicit
08-06 14:01:36.687 31433 16377 E baseline.com.newsblur.network.APIResponse: Error (unexpected end of stream on https://www.newsblur.com/...) calling https://www.newsblur.com/reader/mark_story_hashes_as_read/
08-06 14:01:36.687 31433 16377 E baseline.com.newsblur.network.APIResponse: java.io.IOException: unexpected end of stream on https://www.newsblur.com/...
08-06 14:01:36.687 31433 16377 E baseline.com.newsblur.network.APIResponse: 	at okhttp3.internal.http1.Http1ExchangeCodec.readResponseHeaders(Http1ExchangeCodec.java:236)
08-06 14:01:36.687 31433 16377 E baseline.com.newsblur.network.APIResponse: 	at okhttp3.internal.connection.Exchange.readResponseHeaders(Exchange.java:115)
08-06 14:01:36.687 31433 16377 E baseline.com.newsblur.network.APIResponse: 	at okhttp3.internal.http.CallServerInterceptor.intercept(CallServerInterceptor.java:94)
08-06 14:01:36.687 31433 16377 E baseline.com.newsblur.network.APIResponse: 	at okhttp3.internal.http.RealInterceptorChain.proceed(RealInterceptorChain.java:142)
08-06 14:01:36.687 31433 16377 E baseline.com.newsblur.network.APIResponse: 	at okhttp3.internal.connection.ConnectInterceptor.intercept(ConnectInterceptor.java:43)
08-06 14:01:36.687 31433 16377 E baseline.com.newsblur.network.APIResponse: 	at okhttp3.internal.http.RealInterceptorChain.proceed(RealInterceptorChain.java:142)
08-06 14:01:36.687 31433 16377 E baseline.com.newsblur.network.APIResponse: 	at okhttp3.internal.http.RealInterceptorChain.proceed(RealInterceptorChain.java:117)
08-06 14:01:36.687 31433 16377 E baseline.com.newsblur.network.APIResponse: 	at okhttp3.internal.cache.CacheInterceptor.intercept(CacheInterceptor.java:94)
08-06 14:01:36.687 31433 16377 E baseline.com.newsblur.network.APIResponse: 	at okhttp3.internal.http.RealInterceptorChain.proceed(RealInterceptorChain.java:142)
08-06 14:01:36.687 31433 16377 E baseline.com.newsblur.network.APIResponse: 	at okhttp3.internal.http.RealInterceptorChain.proceed(RealInterceptorChain.java:117)
08-06 14:01:36.687 31433 16377 E baseline.com.newsblur.network.APIResponse: 	at okhttp3.internal.http.BridgeInterceptor.intercept(BridgeInterceptor.java:93)
08-06 14:01:36.687 31433 16377 E baseline.com.newsblur.network.APIResponse: 	at okhttp3.internal.http.RealInterceptorChain.proceed(RealInterceptorChain.java:142)
08-06 14:01:36.687 31433 16377 E baseline.com.newsblur.network.APIResponse: 	at okhttp3.internal.http.RetryAndFollowUpInterceptor.intercept(RetryAndFollowUpInterceptor.java:88)
08-06 14:01:36.687 31433 16377 E baseline.com.newsblur.network.APIResponse: 	at okhttp3.internal.http.RealInterceptorChain.proceed(RealInterceptorChain.java:142)
08-06 14:01:36.687 31433 16377 E baseline.com.newsblur.network.APIResponse: 	at okhttp3.internal.http.RealInterceptorChain.proceed(RealInterceptorChain.java:117)
08-06 14:01:36.687 31433 16377 E baseline.com.newsblur.network.APIResponse: 	at okhttp3.RealCall.getResponseWithInterceptorChain(RealCall.java:229)
08-06 14:01:36.687 31433 16377 E baseline.com.newsblur.network.APIResponse: 	at okhttp3.RealCall.execute(RealCall.java:81)
08-06 14:01:36.687 31433 16377 E baseline.com.newsblur.network.APIResponse: 	at baseline.com.newsblur.network.APIResponse.<init>(APIResponse.java:57)
08-06 14:01:36.687 31433 16377 E baseline.com.newsblur.network.APIResponse: 	at baseline.com.newsblur.network.APIResponse.<init>(APIResponse.java:43)
08-06 14:01:36.687 31433 16377 E baseline.com.newsblur.network.APIResponse: 	at baseline.com.newsblur.network.APIManager.post_single(APIManager.java:702)
08-06 14:01:36.687 31433 16377 E baseline.com.newsblur.network.APIResponse: 	at baseline.com.newsblur.network.APIManager.post(APIManager.java:675)
08-06 14:01:36.687 31433 16377 E baseline.com.newsblur.network.APIResponse: 	at baseline.com.newsblur.network.APIManager.post(APIManager.java:714)
08-06 14:01:36.687 31433 16377 E baseline.com.newsblur.network.APIResponse: 	at baseline.com.newsblur.network.APIManager.markStoryAsRead(APIManager.java:205)
08-06 14:01:36.687 31433 16377 E baseline.com.newsblur.network.APIResponse: 	at baseline.com.newsblur.util.ReadingAction.doRemote(ReadingAction.java:281)
08-06 14:01:36.687 31433 16377 E baseline.com.newsblur.network.APIResponse: 	at baseline.com.newsblur.service.NBSyncService.syncActions(NBSyncService.java:400)
08-06 14:01:36.687 31433 16377 E baseline.com.newsblur.network.APIResponse: 	at baseline.com.newsblur.service.NBSyncService.doSync(NBSyncService.java:298)
08-06 14:01:36.687 31433 16377 E baseline.com.newsblur.network.APIResponse: 	at baseline.com.newsblur.service.NBSyncService.access$100(NBSyncService.java:67)
08-06 14:01:36.687 31433 16377 E baseline.com.newsblur.network.APIResponse: 	at baseline.com.newsblur.service.NBSyncService$1.run(NBSyncService.java:188)
08-06 14:01:36.687 31433 16377 E baseline.com.newsblur.network.APIResponse: 	at java.util.concurrent.ThreadPoolExecutor.runWorker(ThreadPoolExecutor.java:1113)
08-06 14:01:36.687 31433 16377 E baseline.com.newsblur.network.APIResponse: 	at java.util.concurrent.ThreadPoolExecutor$Worker.run(ThreadPoolExecutor.java:588)
08-06 14:01:36.687 31433 16377 E baseline.com.newsblur.network.APIResponse: 	at java.lang.Thread.run(Thread.java:818)
08-06 14:01:36.687 31433 16377 E baseline.com.newsblur.network.APIResponse: Caused by: java.io.EOFException: \n not found: limit=0 content=
08-06 14:01:36.687 31433 16377 E baseline.com.newsblur.network.APIResponse: 	at okio.RealBufferedSource.readUtf8LineStrict(RealBufferedSource.java:240)
08-06 14:01:36.687 31433 16377 E baseline.com.newsblur.network.APIResponse: 	at okhttp3.internal.http1.Http1ExchangeCodec.readHeaderLine(Http1ExchangeCodec.java:242)
08-06 14:01:36.687 31433 16377 E baseline.com.newsblur.network.APIResponse: 	at okhttp3.internal.http1.Http1ExchangeCodec.readResponseHeaders(Http1ExchangeCodec.java:213)
08-06 14:01:36.687 31433 16377 E baseline.com.newsblur.network.APIResponse: 	... 30 more
08-06 14:01:36.689 31433 16377 I baseline.com.newsblur.network.APIManager: API call failed, pausing before retry number 2
08-06 14:01:36.743 31433 31444 I art     : Explicit concurrent mark sweep GC freed 4405(376KB) AllocSpace objects, 4(80KB) LOS objects, 27% free, 42MB/58MB, paused 1.526ms total 62.413ms
08-06 14:01:36.757 31433 31444 I art     : Starting a blocking GC Explicit
08-06 14:01:36.818 31433 31444 I art     : Explicit concurrent mark sweep GC freed 168(18KB) AllocSpace objects, 0(0B) LOS objects, 27% free, 41MB/57MB, paused 1.494ms total 60.548ms
08-06 14:01:36.833 31433 31444 I art     : Starting a blocking GC Explicit
08-06 14:01:36.894 31433 31444 I art     : Explicit concurrent mark sweep GC freed 25(832B) AllocSpace objects, 0(0B) LOS objects, 27% free, 41MB/57MB, paused 1.505ms total 60.974ms
08-06 14:01:36.911 31433 31444 I art     : Starting a blocking GC Explicit
08-06 14:01:36.972 31433 31444 I art     : Explicit concurrent mark sweep GC freed 3(96B) AllocSpace objects, 0(0B) LOS objects, 27% free, 41MB/57MB, paused 1.571ms total 60.654ms
08-06 14:01:36.987 31433 31444 I art     : Starting a blocking GC Explicit
08-06 14:01:37.048 31433 31444 I art     : Explicit concurrent mark sweep GC freed 3(96B) AllocSpace objects, 0(0B) LOS objects, 27% free, 41MB/57MB, paused 1.638ms total 61.162ms
08-06 14:01:37.436 31433 14620 I art     : Starting a blocking GC Explicit
08-06 14:01:37.502 31433 14620 I art     : Explicit concurrent mark sweep GC freed 1472(83KB) AllocSpace objects, 1(20KB) LOS objects, 27% free, 41MB/57MB, paused 1.486ms total 65.785ms
08-06 14:01:37.519 31433 14620 I art     : Starting a blocking GC Explicit
08-06 14:01:37.584 31433 14620 I art     : Explicit concurrent mark sweep GC freed 25(880B) AllocSpace objects, 0(0B) LOS objects, 27% free, 41MB/57MB, paused 1.487ms total 64.655ms
08-06 14:01:37.599 31433 14620 I art     : Starting a blocking GC Explicit
08-06 14:01:37.668 31433 14620 I art     : Explicit concurrent mark sweep GC freed 3(96B) AllocSpace objects, 0(0B) LOS objects, 27% free, 41MB/57MB, paused 1.583ms total 69.060ms
08-06 14:01:37.684 31433 14620 I art     : Starting a blocking GC Explicit
08-06 14:01:37.752 31433 14620 I art     : Explicit concurrent mark sweep GC freed 3(96B) AllocSpace objects, 0(0B) LOS objects, 27% free, 41MB/57MB, paused 1.648ms total 67.830ms
08-06 14:01:37.768 31433 14620 I art     : Starting a blocking GC Explicit
08-06 14:01:37.835 31433 14620 I art     : Explicit concurrent mark sweep GC freed 3(96B) AllocSpace objects, 0(0B) LOS objects, 27% free, 41MB/57MB, paused 1.588ms total 67.260ms
08-06 14:01:38.260 31433 16343 I art     : Starting a blocking GC Explicit
08-06 14:01:38.331 31433 16343 I art     : Explicit concurrent mark sweep GC freed 1445(83KB) AllocSpace objects, 1(20KB) LOS objects, 27% free, 41MB/57MB, paused 1.559ms total 70.499ms
08-06 14:01:38.349 31433 16343 I art     : Starting a blocking GC Explicit
08-06 14:01:38.415 31433 16343 I art     : Explicit concurrent mark sweep GC freed 22(784B) AllocSpace objects, 0(0B) LOS objects, 27% free, 41MB/57MB, paused 1.575ms total 65.921ms
08-06 14:01:38.430 31433 16343 I art     : Starting a blocking GC Explicit
08-06 14:01:38.497 31433 16343 I art     : Explicit concurrent mark sweep GC freed 3(96B) AllocSpace objects, 0(0B) LOS objects, 27% free, 41MB/57MB, paused 1.605ms total 67.045ms
08-06 14:01:38.513 31433 16343 I art     : Starting a blocking GC Explicit
08-06 14:01:38.578 31433 16343 I art     : Explicit concurrent mark sweep GC freed 3(96B) AllocSpace objects, 0(0B) LOS objects, 27% free, 41MB/57MB, paused 1.689ms total 64.872ms
08-06 14:01:38.593 31433 16343 I art     : Starting a blocking GC Explicit
08-06 14:01:38.660 31433 16343 I art     : Explicit concurrent mark sweep GC freed 3(96B) AllocSpace objects, 0(0B) LOS objects, 27% free, 41MB/57MB, paused 1.640ms total 66.537ms
08-06 14:01:39.065 31433 31446 I art     : Starting a blocking GC Explicit
08-06 14:01:39.134 31433 31446 I art     : Explicit concurrent mark sweep GC freed 1446(83KB) AllocSpace objects, 1(20KB) LOS objects, 27% free, 41MB/57MB, paused 1.517ms total 68.777ms
08-06 14:01:39.150 31433 31446 I art     : Starting a blocking GC Explicit
08-06 14:01:39.220 31433 31446 I art     : Explicit concurrent mark sweep GC freed 22(784B) AllocSpace objects, 0(0B) LOS objects, 27% free, 41MB/57MB, paused 1.530ms total 69.214ms
08-06 14:01:39.237 31433 31446 I art     : Starting a blocking GC Explicit
08-06 14:01:39.301 31433 31446 I art     : Explicit concurrent mark sweep GC freed 3(96B) AllocSpace objects, 0(0B) LOS objects, 27% free, 41MB/57MB, paused 1.740ms total 64.038ms
08-06 14:01:39.316 31433 31446 I art     : Starting a blocking GC Explicit
08-06 14:01:39.382 31433 31446 I art     : Explicit concurrent mark sweep GC freed 3(96B) AllocSpace objects, 0(0B) LOS objects, 27% free, 41MB/57MB, paused 1.649ms total 65.763ms
08-06 14:01:39.398 31433 31446 I art     : Starting a blocking GC Explicit
08-06 14:01:39.465 31433 31446 I art     : Explicit concurrent mark sweep GC freed 3(96B) AllocSpace objects, 0(0B) LOS objects, 27% free, 41MB/57MB, paused 1.620ms total 66.869ms
08-06 14:01:39.887 31433 31444 I art     : Starting a blocking GC Explicit
08-06 14:01:39.957 31433 31444 I art     : Explicit concurrent mark sweep GC freed 1611(92KB) AllocSpace objects, 1(20KB) LOS objects, 27% free, 41MB/57MB, paused 1.783ms total 68.870ms
08-06 14:01:39.975 31433 31444 I art     : Starting a blocking GC Explicit
08-06 14:01:40.043 31433 31444 I art     : Explicit concurrent mark sweep GC freed 28(1040B) AllocSpace objects, 0(0B) LOS objects, 27% free, 41MB/57MB, paused 1.658ms total 67.683ms
08-06 14:01:40.059 31433 31444 I art     : Starting a blocking GC Explicit
08-06 14:01:40.127 31433 31444 I art     : Explicit concurrent mark sweep GC freed 292(13KB) AllocSpace objects, 0(0B) LOS objects, 27% free, 41MB/57MB, paused 1.829ms total 67.733ms
08-06 14:01:40.142 31433 31444 I art     : Starting a blocking GC Explicit
08-06 14:01:40.184 31433 16377 E baseline.com.newsblur.network.APIResponse: Error (unexpected end of stream on https://www.newsblur.com/...) calling https://www.newsblur.com/reader/mark_story_hashes_as_read/
08-06 14:01:40.184 31433 16377 E baseline.com.newsblur.network.APIResponse: java.io.IOException: unexpected end of stream on https://www.newsblur.com/...
08-06 14:01:40.184 31433 16377 E baseline.com.newsblur.network.APIResponse: 	at okhttp3.internal.http1.Http1ExchangeCodec.readResponseHeaders(Http1ExchangeCodec.java:236)
08-06 14:01:40.184 31433 16377 E baseline.com.newsblur.network.APIResponse: 	at okhttp3.internal.connection.Exchange.readResponseHeaders(Exchange.java:115)
08-06 14:01:40.184 31433 16377 E baseline.com.newsblur.network.APIResponse: 	at okhttp3.internal.http.CallServerInterceptor.intercept(CallServerInterceptor.java:94)
08-06 14:01:40.184 31433 16377 E baseline.com.newsblur.network.APIResponse: 	at okhttp3.internal.http.RealInterceptorChain.proceed(RealInterceptorChain.java:142)
08-06 14:01:40.184 31433 16377 E baseline.com.newsblur.network.APIResponse: 	at okhttp3.internal.connection.ConnectInterceptor.intercept(ConnectInterceptor.java:43)
08-06 14:01:40.184 31433 16377 E baseline.com.newsblur.network.APIResponse: 	at okhttp3.internal.http.RealInterceptorChain.proceed(RealInterceptorChain.java:142)
08-06 14:01:40.184 31433 16377 E baseline.com.newsblur.network.APIResponse: 	at okhttp3.internal.http.RealInterceptorChain.proceed(RealInterceptorChain.java:117)
08-06 14:01:40.184 31433 16377 E baseline.com.newsblur.network.APIResponse: 	at okhttp3.internal.cache.CacheInterceptor.intercept(CacheInterceptor.java:94)
08-06 14:01:40.184 31433 16377 E baseline.com.newsblur.network.APIResponse: 	at okhttp3.internal.http.RealInterceptorChain.proceed(RealInterceptorChain.java:142)
08-06 14:01:40.184 31433 16377 E baseline.com.newsblur.network.APIResponse: 	at okhttp3.internal.http.RealInterceptorChain.proceed(RealInterceptorChain.java:117)
08-06 14:01:40.184 31433 16377 E baseline.com.newsblur.network.APIResponse: 	at okhttp3.internal.http.BridgeInterceptor.intercept(BridgeInterceptor.java:93)
08-06 14:01:40.184 31433 16377 E baseline.com.newsblur.network.APIResponse: 	at okhttp3.internal.http.RealInterceptorChain.proceed(RealInterceptorChain.java:142)
08-06 14:01:40.184 31433 16377 E baseline.com.newsblur.network.APIResponse: 	at okhttp3.internal.http.RetryAndFollowUpInterceptor.intercept(RetryAndFollowUpInterceptor.java:88)
08-06 14:01:40.184 31433 16377 E baseline.com.newsblur.network.APIResponse: 	at okhttp3.internal.http.RealInterceptorChain.proceed(RealInterceptorChain.java:142)
08-06 14:01:40.184 31433 16377 E baseline.com.newsblur.network.APIResponse: 	at okhttp3.internal.http.RealInterceptorChain.proceed(RealInterceptorChain.java:117)
08-06 14:01:40.184 31433 16377 E baseline.com.newsblur.network.APIResponse: 	at okhttp3.RealCall.getResponseWithInterceptorChain(RealCall.java:229)
08-06 14:01:40.184 31433 16377 E baseline.com.newsblur.network.APIResponse: 	at okhttp3.RealCall.execute(RealCall.java:81)
08-06 14:01:40.184 31433 16377 E baseline.com.newsblur.network.APIResponse: 	at baseline.com.newsblur.network.APIResponse.<init>(APIResponse.java:57)
08-06 14:01:40.184 31433 16377 E baseline.com.newsblur.network.APIResponse: 	at baseline.com.newsblur.network.APIResponse.<init>(APIResponse.java:43)
08-06 14:01:40.184 31433 16377 E baseline.com.newsblur.network.APIResponse: 	at baseline.com.newsblur.network.APIManager.post_single(APIManager.java:702)
08-06 14:01:40.184 31433 16377 E baseline.com.newsblur.network.APIResponse: 	at baseline.com.newsblur.network.APIManager.post(APIManager.java:675)
08-06 14:01:40.184 31433 16377 E baseline.com.newsblur.network.APIResponse: 	at baseline.com.newsblur.network.APIManager.post(APIManager.java:714)
08-06 14:01:40.184 31433 16377 E baseline.com.newsblur.network.APIResponse: 	at baseline.com.newsblur.network.APIManager.markStoryAsRead(APIManager.java:205)
08-06 14:01:40.184 31433 16377 E baseline.com.newsblur.network.APIResponse: 	at baseline.com.newsblur.util.ReadingAction.doRemote(ReadingAction.java:281)
08-06 14:01:40.184 31433 16377 E baseline.com.newsblur.network.APIResponse: 	at baseline.com.newsblur.service.NBSyncService.syncActions(NBSyncService.java:400)
08-06 14:01:40.184 31433 16377 E baseline.com.newsblur.network.APIResponse: 	at baseline.com.newsblur.service.NBSyncService.doSync(NBSyncService.java:298)
08-06 14:01:40.184 31433 16377 E baseline.com.newsblur.network.APIResponse: 	at baseline.com.newsblur.service.NBSyncService.access$100(NBSyncService.java:67)
08-06 14:01:40.184 31433 16377 E baseline.com.newsblur.network.APIResponse: 	at baseline.com.newsblur.service.NBSyncService$1.run(NBSyncService.java:188)
08-06 14:01:40.184 31433 16377 E baseline.com.newsblur.network.APIResponse: 	at java.util.concurrent.ThreadPoolExecutor.runWorker(ThreadPoolExecutor.java:1113)
08-06 14:01:40.184 31433 16377 E baseline.com.newsblur.network.APIResponse: 	at java.util.concurrent.ThreadPoolExecutor$Worker.run(ThreadPoolExecutor.java:588)
08-06 14:01:40.184 31433 16377 E baseline.com.newsblur.network.APIResponse: 	at java.lang.Thread.run(Thread.java:818)
08-06 14:01:40.184 31433 16377 E baseline.com.newsblur.network.APIResponse: Caused by: java.io.EOFException: \n not found: limit=0 content=
08-06 14:01:40.184 31433 16377 E baseline.com.newsblur.network.APIResponse: 	at okio.RealBufferedSource.readUtf8LineStrict(RealBufferedSource.java:240)
08-06 14:01:40.184 31433 16377 E baseline.com.newsblur.network.APIResponse: 	at okhttp3.internal.http1.Http1ExchangeCodec.readHeaderLine(Http1ExchangeCodec.java:242)
08-06 14:01:40.184 31433 16377 E baseline.com.newsblur.network.APIResponse: 	at okhttp3.internal.http1.Http1ExchangeCodec.readResponseHeaders(Http1ExchangeCodec.java:213)
08-06 14:01:40.184 31433 16377 E baseline.com.newsblur.network.APIResponse: 	... 30 more
08-06 14:01:40.186 31433 16377 I baseline.com.newsblur.service.NBSyncService: Holding reading action with server-side or network error.
08-06 14:01:40.199 31433 16377 W baseline.com.newsblur.service.NBSyncService: hard API failure
08-06 14:01:40.209 31433 31444 I art     : Explicit concurrent mark sweep GC freed 2441(277KB) AllocSpace objects, 4(80KB) LOS objects, 27% free, 42MB/58MB, paused 1.811ms total 66.175ms
08-06 14:01:40.224 31433 31444 I art     : Starting a blocking GC Explicit
08-06 14:01:40.292 31433 31444 I art     : Explicit concurrent mark sweep GC freed 265(36KB) AllocSpace objects, 0(0B) LOS objects, 27% free, 41MB/57MB, paused 1.697ms total 68.012ms
08-06 14:01:40.570 14376 14376 I ServiceManager: Waiting for service AtCmdFwd...
08-06 14:01:40.675 31433 16377 E baseline.com.newsblur.network.APIResponse: Error (unexpected end of stream on https://www.newsblur.com/...) calling https://www.newsblur.com/reader/mark_story_hashes_as_read/
08-06 14:01:40.675 31433 16377 E baseline.com.newsblur.network.APIResponse: java.io.IOException: unexpected end of stream on https://www.newsblur.com/...
08-06 14:01:40.675 31433 16377 E baseline.com.newsblur.network.APIResponse: 	at okhttp3.internal.http1.Http1ExchangeCodec.readResponseHeaders(Http1ExchangeCodec.java:236)
08-06 14:01:40.675 31433 16377 E baseline.com.newsblur.network.APIResponse: 	at okhttp3.internal.connection.Exchange.readResponseHeaders(Exchange.java:115)
08-06 14:01:40.675 31433 16377 E baseline.com.newsblur.network.APIResponse: 	at okhttp3.internal.http.CallServerInterceptor.intercept(CallServerInterceptor.java:94)
08-06 14:01:40.675 31433 16377 E baseline.com.newsblur.network.APIResponse: 	at okhttp3.internal.http.RealInterceptorChain.proceed(RealInterceptorChain.java:142)
08-06 14:01:40.675 31433 16377 E baseline.com.newsblur.network.APIResponse: 	at okhttp3.internal.connection.ConnectInterceptor.intercept(ConnectInterceptor.java:43)
08-06 14:01:40.675 31433 16377 E baseline.com.newsblur.network.APIResponse: 	at okhttp3.internal.http.RealInterceptorChain.proceed(RealInterceptorChain.java:142)
08-06 14:01:40.675 31433 16377 E baseline.com.newsblur.network.APIResponse: 	at okhttp3.internal.http.RealInterceptorChain.proceed(RealInterceptorChain.java:117)
08-06 14:01:40.675 31433 16377 E baseline.com.newsblur.network.APIResponse: 	at okhttp3.internal.cache.CacheInterceptor.intercept(CacheInterceptor.java:94)
08-06 14:01:40.675 31433 16377 E baseline.com.newsblur.network.APIResponse: 	at okhttp3.internal.http.RealInterceptorChain.proceed(RealInterceptorChain.java:142)
08-06 14:01:40.675 31433 16377 E baseline.com.newsblur.network.APIResponse: 	at okhttp3.internal.http.RealInterceptorChain.proceed(RealInterceptorChain.java:117)
08-06 14:01:40.675 31433 16377 E baseline.com.newsblur.network.APIResponse: 	at okhttp3.internal.http.BridgeInterceptor.intercept(BridgeInterceptor.java:93)
08-06 14:01:40.675 31433 16377 E baseline.com.newsblur.network.APIResponse: 	at okhttp3.internal.http.RealInterceptorChain.proceed(RealInterceptorChain.java:142)
08-06 14:01:40.675 31433 16377 E baseline.com.newsblur.network.APIResponse: 	at okhttp3.internal.http.RetryAndFollowUpInterceptor.intercept(RetryAndFollowUpInterceptor.java:88)
08-06 14:01:40.675 31433 16377 E baseline.com.newsblur.network.APIResponse: 	at okhttp3.internal.http.RealInterceptorChain.proceed(RealInterceptorChain.java:142)
08-06 14:01:40.675 31433 16377 E baseline.com.newsblur.network.APIResponse: 	at okhttp3.internal.http.RealInterceptorChain.proceed(RealInterceptorChain.java:117)
08-06 14:01:40.675 31433 16377 E baseline.com.newsblur.network.APIResponse: 	at okhttp3.RealCall.getResponseWithInterceptorChain(RealCall.java:229)
08-06 14:01:40.675 31433 16377 E baseline.com.newsblur.network.APIResponse: 	at okhttp3.RealCall.execute(RealCall.java:81)
08-06 14:01:40.675 31433 16377 E baseline.com.newsblur.network.APIResponse: 	at baseline.com.newsblur.network.APIResponse.<init>(APIResponse.java:57)
08-06 14:01:40.675 31433 16377 E baseline.com.newsblur.network.APIResponse: 	at baseline.com.newsblur.network.APIResponse.<init>(APIResponse.java:43)
08-06 14:01:40.675 31433 16377 E baseline.com.newsblur.network.APIResponse: 	at baseline.com.newsblur.network.APIManager.post_single(APIManager.java:702)
08-06 14:01:40.675 31433 16377 E baseline.com.newsblur.network.APIResponse: 	at baseline.com.newsblur.network.APIManager.post(APIManager.java:675)
08-06 14:01:40.675 31433 16377 E baseline.com.newsblur.network.APIResponse: 	at baseline.com.newsblur.network.APIManager.post(APIManager.java:714)
08-06 14:01:40.675 31433 16377 E baseline.com.newsblur.network.APIResponse: 	at baseline.com.newsblur.network.APIManager.markStoryAsRead(APIManager.java:205)
08-06 14:01:40.675 31433 16377 E baseline.com.newsblur.network.APIResponse: 	at baseline.com.newsblur.util.ReadingAction.doRemote(ReadingAction.java:281)
08-06 14:01:40.675 31433 16377 E baseline.com.newsblur.network.APIResponse: 	at baseline.com.newsblur.service.NBSyncService.syncActions(NBSyncService.java:400)
08-06 14:01:40.675 31433 16377 E baseline.com.newsblur.network.APIResponse: 	at baseline.com.newsblur.service.NBSyncService.doSync(NBSyncService.java:298)
08-06 14:01:40.675 31433 16377 E baseline.com.newsblur.network.APIResponse: 	at baseline.com.newsblur.service.NBSyncService.access$100(NBSyncService.java:67)
08-06 14:01:40.675 31433 16377 E baseline.com.newsblur.network.APIResponse: 	at baseline.com.newsblur.service.NBSyncService$1.run(NBSyncService.java:188)
08-06 14:01:40.675 31433 16377 E baseline.com.newsblur.network.APIResponse: 	at java.util.concurrent.ThreadPoolExecutor.runWorker(ThreadPoolExecutor.java:1113)
08-06 14:01:40.675 31433 16377 E baseline.com.newsblur.network.APIResponse: 	at java.util.concurrent.ThreadPoolExecutor$Worker.run(ThreadPoolExecutor.java:588)
08-06 14:01:40.675 31433 16377 E baseline.com.newsblur.network.APIResponse: 	at java.lang.Thread.run(Thread.java:818)
08-06 14:01:40.675 31433 16377 E baseline.com.newsblur.network.APIResponse: Caused by: java.io.EOFException: \n not found: limit=0 content=
08-06 14:01:40.675 31433 16377 E baseline.com.newsblur.network.APIResponse: 	at okio.RealBufferedSource.readUtf8LineStrict(RealBufferedSource.java:240)
08-06 14:01:40.675 31433 16377 E baseline.com.newsblur.network.APIResponse: 	at okhttp3.internal.http1.Http1ExchangeCodec.readHeaderLine(Http1ExchangeCodec.java:242)
08-06 14:01:40.675 31433 16377 E baseline.com.newsblur.network.APIResponse: 	at okhttp3.internal.http1.Http1ExchangeCodec.readResponseHeaders(Http1ExchangeCodec.java:213)
08-06 14:01:40.675 31433 16377 E baseline.com.newsblur.network.APIResponse: 	... 30 more
08-06 14:01:40.676 31433 16377 I baseline.com.newsblur.network.APIManager: API call failed, pausing before retry number 1
08-06 14:01:40.716 31433 14621 I art     : Starting a blocking GC Explicit
08-06 14:01:40.788 31433 14621 I art     : Explicit concurrent mark sweep GC freed 3977(360KB) AllocSpace objects, 3(60KB) LOS objects, 27% free, 41MB/57MB, paused 1.622ms total 71.821ms
08-06 14:01:40.806 31433 14621 I art     : Starting a blocking GC Explicit
08-06 14:01:40.871 31433 14621 I art     : Explicit concurrent mark sweep GC freed 109(3KB) AllocSpace objects, 0(0B) LOS objects, 27% free, 41MB/57MB, paused 1.576ms total 64.630ms
08-06 14:01:40.886 31433 14621 I art     : Starting a blocking GC Explicit
08-06 14:01:40.950 31433 14621 I art     : Explicit concurrent mark sweep GC freed 3(96B) AllocSpace objects, 0(0B) LOS objects, 27% free, 41MB/57MB, paused 1.493ms total 63.957ms
08-06 14:01:40.965 31433 14621 I art     : Starting a blocking GC Explicit
08-06 14:01:41.033 31433 14621 I art     : Explicit concurrent mark sweep GC freed 3(96B) AllocSpace objects, 0(0B) LOS objects, 27% free, 41MB/57MB, paused 1.640ms total 67.410ms
08-06 14:01:41.050 31433 14621 I art     : Starting a blocking GC Explicit
08-06 14:01:41.116 31433 14621 I art     : Explicit concurrent mark sweep GC freed 3(96B) AllocSpace objects, 0(0B) LOS objects, 27% free, 41MB/57MB, paused 1.597ms total 65.247ms
08-06 14:01:41.544 31433 14620 I art     : Starting a blocking GC Explicit
08-06 14:01:41.571 14376 14376 I ServiceManager: Waiting for service AtCmdFwd...
08-06 14:01:41.613 31433 14620 I art     : Explicit concurrent mark sweep GC freed 1442(83KB) AllocSpace objects, 1(20KB) LOS objects, 27% free, 41MB/57MB, paused 1.621ms total 67.874ms
08-06 14:01:41.628 31433 14620 I art     : Starting a blocking GC Explicit
08-06 14:01:41.696 31433 14620 I art     : Explicit concurrent mark sweep GC freed 22(784B) AllocSpace objects, 0(0B) LOS objects, 27% free, 41MB/57MB, paused 1.512ms total 67.433ms
08-06 14:01:41.714 31433 14620 I art     : Starting a blocking GC Explicit
08-06 14:01:41.779 31433 14620 I art     : Explicit concurrent mark sweep GC freed 3(96B) AllocSpace objects, 0(0B) LOS objects, 27% free, 41MB/57MB, paused 1.618ms total 64.854ms
08-06 14:01:41.794 31433 14620 I art     : Starting a blocking GC Explicit
08-06 14:01:41.859 31433 14620 I art     : Explicit concurrent mark sweep GC freed 3(96B) AllocSpace objects, 0(0B) LOS objects, 27% free, 41MB/57MB, paused 1.686ms total 64.382ms
08-06 14:01:41.874 31433 14620 I art     : Starting a blocking GC Explicit
08-06 14:01:41.940 31433 14620 I art     : Explicit concurrent mark sweep GC freed 3(96B) AllocSpace objects, 0(0B) LOS objects, 27% free, 41MB/57MB, paused 1.552ms total 65.826ms
08-06 14:01:42.265   918  3261 D WifiStateMachine: starting scan for "H369AA63323"WPA_PSK with 2412,5180
08-06 14:01:42.377 31433 16343 I art     : Starting a blocking GC Explicit
08-06 14:01:42.446 31433 16343 I art     : Explicit concurrent mark sweep GC freed 1606(91KB) AllocSpace objects, 1(20KB) LOS objects, 27% free, 41MB/57MB, paused 1.692ms total 68.253ms
08-06 14:01:42.463 31433 16343 I art     : Starting a blocking GC Explicit
08-06 14:01:42.529 31433 16343 I art     : Explicit concurrent mark sweep GC freed 28(1040B) AllocSpace objects, 0(0B) LOS objects, 27% free, 41MB/57MB, paused 1.526ms total 66.458ms
08-06 14:01:42.545 31433 16343 I art     : Starting a blocking GC Explicit
08-06 14:01:42.571 14376 14376 I ServiceManager: Waiting for service AtCmdFwd...
08-06 14:01:42.611 31433 16343 I art     : Explicit concurrent mark sweep GC freed 3(96B) AllocSpace objects, 0(0B) LOS objects, 27% free, 41MB/57MB, paused 1.652ms total 65.781ms
08-06 14:01:42.628 31433 16343 I art     : Starting a blocking GC Explicit
08-06 14:01:42.695 31433 16343 I art     : Explicit concurrent mark sweep GC freed 1472(58KB) AllocSpace objects, 0(0B) LOS objects, 27% free, 41MB/57MB, paused 1.736ms total 67.155ms
08-06 14:01:42.710 31433 16343 I art     : Starting a blocking GC Explicit
08-06 14:01:42.739 31433 16377 E baseline.com.newsblur.network.APIResponse: Error (unexpected end of stream on https://www.newsblur.com/...) calling https://www.newsblur.com/reader/mark_story_hashes_as_read/
08-06 14:01:42.739 31433 16377 E baseline.com.newsblur.network.APIResponse: java.io.IOException: unexpected end of stream on https://www.newsblur.com/...
08-06 14:01:42.739 31433 16377 E baseline.com.newsblur.network.APIResponse: 	at okhttp3.internal.http1.Http1ExchangeCodec.readResponseHeaders(Http1ExchangeCodec.java:236)
08-06 14:01:42.739 31433 16377 E baseline.com.newsblur.network.APIResponse: 	at okhttp3.internal.connection.Exchange.readResponseHeaders(Exchange.java:115)
08-06 14:01:42.739 31433 16377 E baseline.com.newsblur.network.APIResponse: 	at okhttp3.internal.http.CallServerInterceptor.intercept(CallServerInterceptor.java:94)
08-06 14:01:42.739 31433 16377 E baseline.com.newsblur.network.APIResponse: 	at okhttp3.internal.http.RealInterceptorChain.proceed(RealInterceptorChain.java:142)
08-06 14:01:42.739 31433 16377 E baseline.com.newsblur.network.APIResponse: 	at okhttp3.internal.connection.ConnectInterceptor.intercept(ConnectInterceptor.java:43)
08-06 14:01:42.739 31433 16377 E baseline.com.newsblur.network.APIResponse: 	at okhttp3.internal.http.RealInterceptorChain.proceed(RealInterceptorChain.java:142)
08-06 14:01:42.739 31433 16377 E baseline.com.newsblur.network.APIResponse: 	at okhttp3.internal.http.RealInterceptorChain.proceed(RealInterceptorChain.java:117)
08-06 14:01:42.739 31433 16377 E baseline.com.newsblur.network.APIResponse: 	at okhttp3.internal.cache.CacheInterceptor.intercept(CacheInterceptor.java:94)
08-06 14:01:42.739 31433 16377 E baseline.com.newsblur.network.APIResponse: 	at okhttp3.internal.http.RealInterceptorChain.proceed(RealInterceptorChain.java:142)
08-06 14:01:42.739 31433 16377 E baseline.com.newsblur.network.APIResponse: 	at okhttp3.internal.http.RealInterceptorChain.proceed(RealInterceptorChain.java:117)
08-06 14:01:42.739 31433 16377 E baseline.com.newsblur.network.APIResponse: 	at okhttp3.internal.http.BridgeInterceptor.intercept(BridgeInterceptor.java:93)
08-06 14:01:42.739 31433 16377 E baseline.com.newsblur.network.APIResponse: 	at okhttp3.internal.http.RealInterceptorChain.proceed(RealInterceptorChain.java:142)
08-06 14:01:42.739 31433 16377 E baseline.com.newsblur.network.APIResponse: 	at okhttp3.internal.http.RetryAndFollowUpInterceptor.intercept(RetryAndFollowUpInterceptor.java:88)
08-06 14:01:42.739 31433 16377 E baseline.com.newsblur.network.APIResponse: 	at okhttp3.internal.http.RealInterceptorChain.proceed(RealInterceptorChain.java:142)
08-06 14:01:42.739 31433 16377 E baseline.com.newsblur.network.APIResponse: 	at okhttp3.internal.http.RealInterceptorChain.proceed(RealInterceptorChain.java:117)
08-06 14:01:42.739 31433 16377 E baseline.com.newsblur.network.APIResponse: 	at okhttp3.RealCall.getResponseWithInterceptorChain(RealCall.java:229)
08-06 14:01:42.739 31433 16377 E baseline.com.newsblur.network.APIResponse: 	at okhttp3.RealCall.execute(RealCall.java:81)
08-06 14:01:42.739 31433 16377 E baseline.com.newsblur.network.APIResponse: 	at baseline.com.newsblur.network.APIResponse.<init>(APIResponse.java:57)
08-06 14:01:42.739 31433 16377 E baseline.com.newsblur.network.APIResponse: 	at baseline.com.newsblur.network.APIResponse.<init>(APIResponse.java:43)
08-06 14:01:42.739 31433 16377 E baseline.com.newsblur.network.APIResponse: 	at baseline.com.newsblur.network.APIManager.post_single(APIManager.java:702)
08-06 14:01:42.739 31433 16377 E baseline.com.newsblur.network.APIResponse: 	at baseline.com.newsblur.network.APIManager.post(APIManager.java:675)
08-06 14:01:42.739 31433 16377 E baseline.com.newsblur.network.APIResponse: 	at baseline.com.newsblur.network.APIManager.post(APIManager.java:714)
08-06 14:01:42.739 31433 16377 E baseline.com.newsblur.network.APIResponse: 	at baseline.com.newsblur.network.APIManager.markStoryAsRead(APIManager.java:205)
08-06 14:01:42.739 31433 16377 E baseline.com.newsblur.network.APIResponse: 	at baseline.com.newsblur.util.ReadingAction.doRemote(ReadingAction.java:281)
08-06 14:01:42.739 31433 16377 E baseline.com.newsblur.network.APIResponse: 	at baseline.com.newsblur.service.NBSyncService.syncActions(NBSyncService.java:400)
08-06 14:01:42.739 31433 16377 E baseline.com.newsblur.network.APIResponse: 	at baseline.com.newsblur.service.NBSyncService.doSync(NBSyncService.java:298)
08-06 14:01:42.739 31433 16377 E baseline.com.newsblur.network.APIResponse: 	at baseline.com.newsblur.service.NBSyncService.access$100(NBSyncService.java:67)
08-06 14:01:42.739 31433 16377 E baseline.com.newsblur.network.APIResponse: 	at baseline.com.newsblur.service.NBSyncService$1.run(NBSyncService.java:188)
08-06 14:01:42.739 31433 16377 E baseline.com.newsblur.network.APIResponse: 	at java.util.concurrent.ThreadPoolExecutor.runWorker(ThreadPoolExecutor.java:1113)
08-06 14:01:42.739 31433 16377 E baseline.com.newsblur.network.APIResponse: 	at java.util.concurrent.ThreadPoolExecutor$Worker.run(ThreadPoolExecutor.java:588)
08-06 14:01:42.739 31433 16377 E baseline.com.newsblur.network.APIResponse: 	at java.lang.Thread.run(Thread.java:818)
08-06 14:01:42.739 31433 16377 E baseline.com.newsblur.network.APIResponse: Caused by: java.io.EOFException: \n not found: limit=0 content=
08-06 14:01:42.739 31433 16377 E baseline.com.newsblur.network.APIResponse: 	at okio.RealBufferedSource.readUtf8LineStrict(RealBufferedSource.java:240)
08-06 14:01:42.739 31433 16377 E baseline.com.newsblur.network.APIResponse: 	at okhttp3.internal.http1.Http1ExchangeCodec.readHeaderLine(Http1ExchangeCodec.java:242)
08-06 14:01:42.739 31433 16377 E baseline.com.newsblur.network.APIResponse: 	at okhttp3.internal.http1.Http1ExchangeCodec.readResponseHeaders(Http1ExchangeCodec.java:213)
08-06 14:01:42.739 31433 16377 E baseline.com.newsblur.network.APIResponse: 	... 30 more
08-06 14:01:42.740 31433 16377 I baseline.com.newsblur.network.APIManager: API call failed, pausing before retry number 2
08-06 14:01:42.776 31433 16343 I art     : Explicit concurrent mark sweep GC freed 1000(202KB) AllocSpace objects, 2(40KB) LOS objects, 27% free, 42MB/58MB, paused 1.668ms total 66.075ms
08-06 14:01:43.182 31433 31446 I art     : Starting a blocking GC Explicit
08-06 14:01:43.248 31433 31446 I art     : Explicit concurrent mark sweep GC freed 1548(99KB) AllocSpace objects, 1(20KB) LOS objects, 27% free, 41MB/57MB, paused 1.608ms total 65.547ms
08-06 14:01:43.263 31433 31446 I art     : Starting a blocking GC Explicit
08-06 14:01:43.332 31433 31446 I art     : Explicit concurrent mark sweep GC freed 44(1520B) AllocSpace objects, 0(0B) LOS objects, 27% free, 41MB/57MB, paused 1.670ms total 68.338ms
08-06 14:01:43.351 31433 31446 I art     : Starting a blocking GC Explicit
08-06 14:01:43.417 31433 31446 I art     : Explicit concurrent mark sweep GC freed 3(96B) AllocSpace objects, 0(0B) LOS objects, 27% free, 41MB/57MB, paused 1.621ms total 65.326ms
08-06 14:01:43.432 31433 31446 I art     : Starting a blocking GC Explicit
08-06 14:01:43.497 31433 31446 I art     : Explicit concurrent mark sweep GC freed 3(96B) AllocSpace objects, 0(0B) LOS objects, 27% free, 41MB/57MB, paused 1.629ms total 65.216ms
08-06 14:01:43.512 31433 31446 I art     : Starting a blocking GC Explicit
08-06 14:01:43.572 14376 14376 I ServiceManager: Waiting for service AtCmdFwd...
08-06 14:01:43.580 31433 31446 I art     : Explicit concurrent mark sweep GC freed 3(96B) AllocSpace objects, 0(0B) LOS objects, 27% free, 41MB/57MB, paused 1.587ms total 67.429ms
08-06 14:01:43.987 31433 31444 I art     : Starting a blocking GC Explicit
08-06 14:01:44.058 31433 31444 I art     : Explicit concurrent mark sweep GC freed 1441(82KB) AllocSpace objects, 1(20KB) LOS objects, 27% free, 41MB/57MB, paused 1.633ms total 70.535ms
08-06 14:01:44.076 31433 31444 I art     : Starting a blocking GC Explicit
08-06 14:01:44.138 31433 31444 I art     : Explicit concurrent mark sweep GC freed 22(784B) AllocSpace objects, 0(0B) LOS objects, 27% free, 41MB/57MB, paused 1.664ms total 61.582ms
08-06 14:01:44.153 31433 31444 I art     : Starting a blocking GC Explicit
08-06 14:01:44.218 31433 31444 I art     : Explicit concurrent mark sweep GC freed 3(96B) AllocSpace objects, 0(0B) LOS objects, 27% free, 41MB/57MB, paused 1.690ms total 64.715ms
08-06 14:01:44.233 31433 31444 I art     : Starting a blocking GC Explicit
08-06 14:01:44.299 31433 31444 I art     : Explicit concurrent mark sweep GC freed 3(96B) AllocSpace objects, 0(0B) LOS objects, 27% free, 41MB/57MB, paused 1.724ms total 64.975ms
08-06 14:01:44.314 31433 31444 I art     : Starting a blocking GC Explicit
08-06 14:01:44.381 31433 31444 I art     : Explicit concurrent mark sweep GC freed 3(96B) AllocSpace objects, 0(0B) LOS objects, 27% free, 41MB/57MB, paused 1.618ms total 67.276ms
08-06 14:01:44.573 14376 14376 I ServiceManager: Waiting for service AtCmdFwd...
08-06 14:01:44.810 31433 14621 I art     : Starting a blocking GC Explicit
08-06 14:01:44.881 31433 14621 I art     : Explicit concurrent mark sweep GC freed 1441(82KB) AllocSpace objects, 1(20KB) LOS objects, 27% free, 41MB/57MB, paused 1.630ms total 70.274ms
08-06 14:01:44.898 31433 14621 I art     : Starting a blocking GC Explicit
08-06 14:01:44.966 31433 14621 I art     : Explicit concurrent mark sweep GC freed 22(784B) AllocSpace objects, 0(0B) LOS objects, 27% free, 41MB/57MB, paused 1.644ms total 67.592ms
08-06 14:01:44.966 31433 31443 I art     : WaitForGcToComplete blocked for 8.762ms for cause HeapTrim
08-06 14:01:44.981 31433 14621 I art     : Starting a blocking GC Explicit
08-06 14:01:45.046 31433 14621 I art     : Explicit concurrent mark sweep GC freed 3(96B) AllocSpace objects, 0(0B) LOS objects, 27% free, 41MB/57MB, paused 1.606ms total 64.757ms
08-06 14:01:45.062 31433 14621 I art     : Starting a blocking GC Explicit
08-06 14:01:45.131 31433 14621 I art     : Explicit concurrent mark sweep GC freed 3(96B) AllocSpace objects, 0(0B) LOS objects, 27% free, 41MB/57MB, paused 1.679ms total 69.009ms
08-06 14:01:45.146 31433 14621 I art     : Starting a blocking GC Explicit
08-06 14:01:45.216 31433 14621 I art     : Explicit concurrent mark sweep GC freed 3(96B) AllocSpace objects, 0(0B) LOS objects, 27% free, 41MB/57MB, paused 1.582ms total 69.139ms
08-06 14:01:45.573 14376 14376 W Atfwd_Sendcmd: AtCmdFwd service not published, waiting... retryCnt : 1
08-06 14:01:45.627 31433 14620 I art     : Starting a blocking GC Explicit
08-06 14:01:45.695 31433 14620 I art     : Explicit concurrent mark sweep GC freed 1442(82KB) AllocSpace objects, 1(20KB) LOS objects, 27% free, 41MB/57MB, paused 1.566ms total 67.436ms
08-06 14:01:45.711 31433 14620 I art     : Starting a blocking GC Explicit
08-06 14:01:45.777 31433 14620 I art     : Explicit concurrent mark sweep GC freed 112(4KB) AllocSpace objects, 0(0B) LOS objects, 27% free, 41MB/57MB, paused 1.696ms total 66.295ms
08-06 14:01:45.793 31433 14620 I art     : Starting a blocking GC Explicit
08-06 14:01:45.861 31433 14620 I art     : Explicit concurrent mark sweep GC freed 22(928B) AllocSpace objects, 0(0B) LOS objects, 27% free, 41MB/57MB, paused 1.693ms total 67.889ms
08-06 14:01:45.876 31433 14620 I art     : Starting a blocking GC Explicit
08-06 14:01:45.945 31433 14620 I art     : Explicit concurrent mark sweep GC freed 65(4KB) AllocSpace objects, 0(0B) LOS objects, 27% free, 41MB/57MB, paused 1.667ms total 67.843ms
08-06 14:01:45.960 31433 14620 I art     : Starting a blocking GC Explicit
08-06 14:01:46.028 31433 14620 I art     : Explicit concurrent mark sweep GC freed 3(96B) AllocSpace objects, 0(0B) LOS objects, 27% free, 41MB/57MB, paused 1.784ms total 67.330ms
08-06 14:01:46.314 31433 16377 E baseline.com.newsblur.network.APIResponse: Error (unexpected end of stream on https://www.newsblur.com/...) calling https://www.newsblur.com/reader/mark_story_hashes_as_read/
08-06 14:01:46.314 31433 16377 E baseline.com.newsblur.network.APIResponse: java.io.IOException: unexpected end of stream on https://www.newsblur.com/...
08-06 14:01:46.314 31433 16377 E baseline.com.newsblur.network.APIResponse: 	at okhttp3.internal.http1.Http1ExchangeCodec.readResponseHeaders(Http1ExchangeCodec.java:236)
08-06 14:01:46.314 31433 16377 E baseline.com.newsblur.network.APIResponse: 	at okhttp3.internal.connection.Exchange.readResponseHeaders(Exchange.java:115)
08-06 14:01:46.314 31433 16377 E baseline.com.newsblur.network.APIResponse: 	at okhttp3.internal.http.CallServerInterceptor.intercept(CallServerInterceptor.java:94)
08-06 14:01:46.314 31433 16377 E baseline.com.newsblur.network.APIResponse: 	at okhttp3.internal.http.RealInterceptorChain.proceed(RealInterceptorChain.java:142)
08-06 14:01:46.314 31433 16377 E baseline.com.newsblur.network.APIResponse: 	at okhttp3.internal.connection.ConnectInterceptor.intercept(ConnectInterceptor.java:43)
08-06 14:01:46.314 31433 16377 E baseline.com.newsblur.network.APIResponse: 	at okhttp3.internal.http.RealInterceptorChain.proceed(RealInterceptorChain.java:142)
08-06 14:01:46.314 31433 16377 E baseline.com.newsblur.network.APIResponse: 	at okhttp3.internal.http.RealInterceptorChain.proceed(RealInterceptorChain.java:117)
08-06 14:01:46.314 31433 16377 E baseline.com.newsblur.network.APIResponse: 	at okhttp3.internal.cache.CacheInterceptor.intercept(CacheInterceptor.java:94)
08-06 14:01:46.314 31433 16377 E baseline.com.newsblur.network.APIResponse: 	at okhttp3.internal.http.RealInterceptorChain.proceed(RealInterceptorChain.java:142)
08-06 14:01:46.314 31433 16377 E baseline.com.newsblur.network.APIResponse: 	at okhttp3.internal.http.RealInterceptorChain.proceed(RealInterceptorChain.java:117)
08-06 14:01:46.314 31433 16377 E baseline.com.newsblur.network.APIResponse: 	at okhttp3.internal.http.BridgeInterceptor.intercept(BridgeInterceptor.java:93)
08-06 14:01:46.314 31433 16377 E baseline.com.newsblur.network.APIResponse: 	at okhttp3.internal.http.RealInterceptorChain.proceed(RealInterceptorChain.java:142)
08-06 14:01:46.314 31433 16377 E baseline.com.newsblur.network.APIResponse: 	at okhttp3.internal.http.RetryAndFollowUpInterceptor.intercept(RetryAndFollowUpInterceptor.java:88)
08-06 14:01:46.314 31433 16377 E baseline.com.newsblur.network.APIResponse: 	at okhttp3.internal.http.RealInterceptorChain.proceed(RealInterceptorChain.java:142)
08-06 14:01:46.314 31433 16377 E baseline.com.newsblur.network.APIResponse: 	at okhttp3.internal.http.RealInterceptorChain.proceed(RealInterceptorChain.java:117)
08-06 14:01:46.314 31433 16377 E baseline.com.newsblur.network.APIResponse: 	at okhttp3.RealCall.getResponseWithInterceptorChain(RealCall.java:229)
08-06 14:01:46.314 31433 16377 E baseline.com.newsblur.network.APIResponse: 	at okhttp3.RealCall.execute(RealCall.java:81)
08-06 14:01:46.314 31433 16377 E baseline.com.newsblur.network.APIResponse: 	at baseline.com.newsblur.network.APIResponse.<init>(APIResponse.java:57)
08-06 14:01:46.314 31433 16377 E baseline.com.newsblur.network.APIResponse: 	at baseline.com.newsblur.network.APIResponse.<init>(APIResponse.java:43)
08-06 14:01:46.314 31433 16377 E baseline.com.newsblur.network.APIResponse: 	at baseline.com.newsblur.network.APIManager.post_single(APIManager.java:702)
08-06 14:01:46.314 31433 16377 E baseline.com.newsblur.network.APIResponse: 	at baseline.com.newsblur.network.APIManager.post(APIManager.java:675)
08-06 14:01:46.314 31433 16377 E baseline.com.newsblur.network.APIResponse: 	at baseline.com.newsblur.network.APIManager.post(APIManager.java:714)
08-06 14:01:46.314 31433 16377 E baseline.com.newsblur.network.APIResponse: 	at baseline.com.newsblur.network.APIManager.markStoryAsRead(APIManager.java:205)
08-06 14:01:46.314 31433 16377 E baseline.com.newsblur.network.APIResponse: 	at baseline.com.newsblur.util.ReadingAction.doRemote(ReadingAction.java:281)
08-06 14:01:46.314 31433 16377 E baseline.com.newsblur.network.APIResponse: 	at baseline.com.newsblur.service.NBSyncService.syncActions(NBSyncService.java:400)
08-06 14:01:46.314 31433 16377 E baseline.com.newsblur.network.APIResponse: 	at baseline.com.newsblur.service.NBSyncService.doSync(NBSyncService.java:298)
08-06 14:01:46.314 31433 16377 E baseline.com.newsblur.network.APIResponse: 	at baseline.com.newsblur.service.NBSyncService.access$100(NBSyncService.java:67)
08-06 14:01:46.314 31433 16377 E baseline.com.newsblur.network.APIResponse: 	at baseline.com.newsblur.service.NBSyncService$1.run(NBSyncService.java:188)
08-06 14:01:46.314 31433 16377 E baseline.com.newsblur.network.APIResponse: 	at java.util.concurrent.ThreadPoolExecutor.runWorker(ThreadPoolExecutor.java:1113)
08-06 14:01:46.314 31433 16377 E baseline.com.newsblur.network.APIResponse: 	at java.util.concurrent.ThreadPoolExecutor$Worker.run(ThreadPoolExecutor.java:588)
08-06 14:01:46.314 31433 16377 E baseline.com.newsblur.network.APIResponse: 	at java.lang.Thread.run(Thread.java:818)
08-06 14:01:46.314 31433 16377 E baseline.com.newsblur.network.APIResponse: Caused by: java.io.EOFException: \n not found: limit=0 content=
08-06 14:01:46.314 31433 16377 E baseline.com.newsblur.network.APIResponse: 	at okio.RealBufferedSource.readUtf8LineStrict(RealBufferedSource.java:240)
08-06 14:01:46.314 31433 16377 E baseline.com.newsblur.network.APIResponse: 	at okhttp3.internal.http1.Http1ExchangeCodec.readHeaderLine(Http1ExchangeCodec.java:242)
08-06 14:01:46.314 31433 16377 E baseline.com.newsblur.network.APIResponse: 	at okhttp3.internal.http1.Http1ExchangeCodec.readResponseHeaders(Http1ExchangeCodec.java:213)
08-06 14:01:46.314 31433 16377 E baseline.com.newsblur.network.APIResponse: 	... 30 more
08-06 14:01:46.315 31433 16377 I baseline.com.newsblur.service.NBSyncService: Holding reading action with server-side or network error.
08-06 14:01:46.323 31433 16377 W baseline.com.newsblur.service.NBSyncService: hard API failure
08-06 14:01:46.413 31433 16343 I art     : Starting a blocking GC Explicit
08-06 14:01:46.482 31433 16343 I art     : Explicit concurrent mark sweep GC freed 4347(406KB) AllocSpace objects, 5(100KB) LOS objects, 27% free, 41MB/57MB, paused 1.698ms total 68.545ms
08-06 14:01:46.499 31433 16343 I art     : Starting a blocking GC Explicit
08-06 14:01:46.562 31433 16343 I art     : Explicit concurrent mark sweep GC freed 129(4KB) AllocSpace objects, 0(0B) LOS objects, 27% free, 41MB/57MB, paused 1.755ms total 62.678ms
08-06 14:01:46.577 31433 16343 I art     : Starting a blocking GC Explicit
08-06 14:01:46.577 16584 16584 D AndroidRuntime: >>>>>> START com.android.internal.os.RuntimeInit uid 2000 <<<<<<
08-06 14:01:46.583 16584 16584 D AndroidRuntime: CheckJNI is OFF
08-06 14:01:46.627 16584 16584 D ICU     : No timezone override file found: /data/misc/zoneinfo/current/icu/icu_tzdata.dat
08-06 14:01:46.640 31433 16343 I art     : Explicit concurrent mark sweep GC freed 3(96B) AllocSpace objects, 0(0B) LOS objects, 27% free, 41MB/57MB, paused 1.630ms total 62.621ms
08-06 14:01:46.655 31433 16343 I art     : Starting a blocking GC Explicit
08-06 14:01:46.673 16584 16584 I Radio-JNI: register_android_hardware_Radio DONE
08-06 14:01:46.702 16584 16584 D AndroidRuntime: Calling main entry com.android.commands.input.Input
08-06 14:01:46.705 16584 16584 I Input   : injectMotionEvent: MotionEvent { action=ACTION_DOWN, actionButton=0, id[0]=0, x[0]=436.0, y[0]=453.0, toolType[0]=TOOL_TYPE_UNKNOWN, buttonState=0, metaState=0, flags=0x0, edgeFlags=0x0, pointerCount=1, historySize=0, eventTime=885723117, downTime=885723117, deviceId=0, source=0x1002 }
08-06 14:01:46.713 16584 16584 I Input   : injectMotionEvent: MotionEvent { action=ACTION_UP, actionButton=0, id[0]=0, x[0]=436.0, y[0]=453.0, toolType[0]=TOOL_TYPE_UNKNOWN, buttonState=0, metaState=0, flags=0x0, edgeFlags=0x0, pointerCount=1, historySize=0, eventTime=885723117, downTime=885723117, deviceId=0, source=0x1002 }
08-06 14:01:46.715 16584 16584 D AndroidRuntime: Shutting down VM
08-06 14:01:46.719 31433 16343 I art     : Explicit concurrent mark sweep GC freed 1659(65KB) AllocSpace objects, 0(0B) LOS objects, 27% free, 42MB/58MB, paused 1.736ms total 64.085ms
08-06 14:01:46.730   512  2967 D audio_hw_primary: out_set_parameters: enter: usecase(1: low-latency-playback) kvpairs: routing=2
08-06 14:01:46.733   918  5132 I ActivityManager: START u0 {cmp=baseline.com.newsblur/.activity.AllSharedStoriesReading (has extras)} from uid 10698 on display 0
08-06 14:01:46.734 31433 16343 I art     : Starting a blocking GC Explicit
08-06 14:01:46.739 31433 16377 E baseline.com.newsblur.network.APIResponse: Error (unexpected end of stream on https://www.newsblur.com/...) calling https://www.newsblur.com/reader/mark_story_hashes_as_read/
08-06 14:01:46.739 31433 16377 E baseline.com.newsblur.network.APIResponse: java.io.IOException: unexpected end of stream on https://www.newsblur.com/...
08-06 14:01:46.739 31433 16377 E baseline.com.newsblur.network.APIResponse: 	at okhttp3.internal.http1.Http1ExchangeCodec.readResponseHeaders(Http1ExchangeCodec.java:236)
08-06 14:01:46.739 31433 16377 E baseline.com.newsblur.network.APIResponse: 	at okhttp3.internal.connection.Exchange.readResponseHeaders(Exchange.java:115)
08-06 14:01:46.739 31433 16377 E baseline.com.newsblur.network.APIResponse: 	at okhttp3.internal.http.CallServerInterceptor.intercept(CallServerInterceptor.java:94)
08-06 14:01:46.739 31433 16377 E baseline.com.newsblur.network.APIResponse: 	at okhttp3.internal.http.RealInterceptorChain.proceed(RealInterceptorChain.java:142)
08-06 14:01:46.739 31433 16377 E baseline.com.newsblur.network.APIResponse: 	at okhttp3.internal.connection.ConnectInterceptor.intercept(ConnectInterceptor.java:43)
08-06 14:01:46.739 31433 16377 E baseline.com.newsblur.network.APIResponse: 	at okhttp3.internal.http.RealInterceptorChain.proceed(RealInterceptorChain.java:142)
08-06 14:01:46.739 31433 16377 E baseline.com.newsblur.network.APIResponse: 	at okhttp3.internal.http.RealInterceptorChain.proceed(RealInterceptorChain.java:117)
08-06 14:01:46.739 31433 16377 E baseline.com.newsblur.network.APIResponse: 	at okhttp3.internal.cache.CacheInterceptor.intercept(CacheInterceptor.java:94)
08-06 14:01:46.739 31433 16377 E baseline.com.newsblur.network.APIResponse: 	at okhttp3.internal.http.RealInterceptorChain.proceed(RealInterceptorChain.java:142)
08-06 14:01:46.739 31433 16377 E baseline.com.newsblur.network.APIResponse: 	at okhttp3.internal.http.RealInterceptorChain.proceed(RealInterceptorChain.java:117)
08-06 14:01:46.739 31433 16377 E baseline.com.newsblur.network.APIResponse: 	at okhttp3.internal.http.BridgeInterceptor.intercept(BridgeInterceptor.java:93)
08-06 14:01:46.739 31433 16377 E baseline.com.newsblur.network.APIResponse: 	at okhttp3.internal.http.RealInterceptorChain.proceed(RealInterceptorChain.java:142)
08-06 14:01:46.739 31433 16377 E baseline.com.newsblur.network.APIResponse: 	at okhttp3.internal.http.RetryAndFollowUpInterceptor.intercept(RetryAndFollowUpInterceptor.java:88)
08-06 14:01:46.739 31433 16377 E baseline.com.newsblur.network.APIResponse: 	at okhttp3.internal.http.RealInterceptorChain.proceed(RealInterceptorChain.java:142)
08-06 14:01:46.739 31433 16377 E baseline.com.newsblur.network.APIResponse: 	at okhttp3.internal.http.RealInterceptorChain.proceed(RealInterceptorChain.java:117)
08-06 14:01:46.739 31433 16377 E baseline.com.newsblur.network.APIResponse: 	at okhttp3.RealCall.getResponseWithInterceptorChain(RealCall.java:229)
08-06 14:01:46.739 31433 16377 E baseline.com.newsblur.network.APIResponse: 	at okhttp3.RealCall.execute(RealCall.java:81)
08-06 14:01:46.739 31433 16377 E baseline.com.newsblur.network.APIResponse: 	at baseline.com.newsblur.network.APIResponse.<init>(APIResponse.java:57)
08-06 14:01:46.739 31433 16377 E baseline.com.newsblur.network.APIResponse: 	at baseline.com.newsblur.network.APIResponse.<init>(APIResponse.java:43)
08-06 14:01:46.739 31433 16377 E baseline.com.newsblur.network.APIResponse: 	at baseline.com.newsblur.network.APIManager.post_single(APIManager.java:702)
08-06 14:01:46.739 31433 16377 E baseline.com.newsblur.network.APIResponse: 	at baseline.com.newsblur.network.APIManager.post(APIManager.java:675)
08-06 14:01:46.739 31433 16377 E baseline.com.newsblur.network.APIResponse: 	at baseline.com.newsblur.network.APIManager.post(APIManager.java:714)
08-06 14:01:46.739 31433 16377 E baseline.com.newsblur.network.APIResponse: 	at baseline.com.newsblur.network.APIManager.markStoryAsRead(APIManager.java:205)
08-06 14:01:46.739 31433 16377 E baseline.com.newsblur.network.APIResponse: 	at baseline.com.newsblur.util.ReadingAction.doRemote(ReadingAction.java:281)
08-06 14:01:46.739 31433 16377 E baseline.com.newsblur.network.APIResponse: 	at baseline.com.newsblur.service.NBSyncService.syncActions(NBSyncService.java:400)
08-06 14:01:46.739 31433 16377 E baseline.com.newsblur.network.APIResponse: 	at baseline.com.newsblur.service.NBSyncService.doSync(NBSyncService.java:298)
08-06 14:01:46.739 31433 16377 E baseline.com.newsblur.network.APIResponse: 	at baseline.com.newsblur.service.NBSyncService.access$100(NBSyncService.java:67)
08-06 14:01:46.739 31433 16377 E baseline.com.newsblur.network.APIResponse: 	at baseline.com.newsblur.service.NBSyncService$1.run(NBSyncService.java:188)
08-06 14:01:46.739 31433 16377 E baseline.com.newsblur.network.APIResponse: 	at java.util.concurrent.ThreadPoolExecutor.runWorker(ThreadPoolExecutor.java:1113)
08-06 14:01:46.739 31433 16377 E baseline.com.newsblur.network.APIResponse: 	at java.util.concurrent.ThreadPoolExecutor$Worker.run(ThreadPoolExecutor.java:588)
08-06 14:01:46.739 31433 16377 E baseline.com.newsblur.network.APIResponse: 	at java.lang.Thread.run(Thread.java:818)
08-06 14:01:46.739 31433 16377 E baseline.com.newsblur.network.APIResponse: Caused by: java.io.EOFException: \n not found: limit=0 content=
08-06 14:01:46.739 31433 16377 E baseline.com.newsblur.network.APIResponse: 	at okio.RealBufferedSource.readUtf8LineStrict(RealBufferedSource.java:240)
08-06 14:01:46.739 31433 16377 E baseline.com.newsblur.network.APIResponse: 	at okhttp3.internal.http1.Http1ExchangeCodec.readHeaderLine(Http1ExchangeCodec.java:242)
08-06 14:01:46.739 31433 16377 E baseline.com.newsblur.network.APIResponse: 	at okhttp3.internal.http1.Http1ExchangeCodec.readResponseHeaders(Http1ExchangeCodec.java:213)
08-06 14:01:46.739 31433 16377 E baseline.com.newsblur.network.APIResponse: 	... 30 more
08-06 14:01:46.740 31433 16377 I baseline.com.newsblur.network.APIManager: API call failed, pausing before retry number 1
08-06 14:01:46.743   512  2967 D audio_hw_primary: select_devices: out_snd_device(2: speaker) in_snd_device(0: none)
08-06 14:01:46.743   512  2967 D msm8974_platform: platform_send_audio_calibration: sending audio calibration for snd_device(2) acdb_id(15)
08-06 14:01:46.743   512  2967 I soundtrigger: audio_extn_sound_trigger_update_device_status: device 0x2 of type 0 for Event 1
08-06 14:01:46.757   512  2967 D audio_hw_primary: enable_snd_device: snd_device(2: speaker)
08-06 14:01:46.760   512  2967 D audio_hw_primary: enable_audio_route: apply and update mixer path: low-latency-playback speaker
08-06 14:01:46.791 31433 16343 I art     : Explicit concurrent mark sweep GC freed 2202(333KB) AllocSpace objects, 5(192KB) LOS objects, 27% free, 42MB/58MB, paused 1.844ms total 56.344ms
08-06 14:01:46.999   918   936 I ActivityManager: Displayed baseline.com.newsblur/.activity.AllSharedStoriesReading: +257ms
08-06 14:01:47.000 13866 13866 I GoogleInputMethodServic: GoogleInputMethodService.onFinishInput():3138 
08-06 14:01:47.000 13866 13866 I GoogleInputMethodServic: GoogleInputMethodService.onStartInput():1808 
08-06 14:01:47.175 31433 31446 I art     : Starting a blocking GC Explicit
08-06 14:01:47.237 31433 31446 I art     : Explicit concurrent mark sweep GC freed 4751(373KB) AllocSpace objects, 15(672KB) LOS objects, 27% free, 42MB/58MB, paused 1.718ms total 61.691ms
08-06 14:01:47.252 31433 31446 I art     : Starting a blocking GC Explicit
08-06 14:01:47.261 31433 14966 E chromium: [ERROR:tile_manager.cc(793)] WARNING: tile memory limits exceeded, some content may not draw
08-06 14:01:47.262 31433 14966 E chromium: [ERROR:tile_manager.cc(793)] WARNING: tile memory limits exceeded, some content may not draw
08-06 14:01:47.290   512  2967 D audio_hw_primary: disable_audio_route: reset and update mixer path: low-latency-playback speaker
08-06 14:01:47.292   512  2967 D audio_hw_primary: disable_snd_device: snd_device(2: speaker)
08-06 14:01:47.299   512  2967 I soundtrigger: audio_extn_sound_trigger_update_device_status: device 0x2 of type 0 for Event 0
08-06 14:01:47.306 31433 31446 I art     : Explicit concurrent mark sweep GC freed 1235(73KB) AllocSpace objects, 2(56KB) LOS objects, 27% free, 42MB/58MB, paused 1.422ms total 54.438ms
08-06 14:01:47.321 31433 31446 I art     : Starting a blocking GC Explicit
08-06 14:01:47.378 31433 31446 I art     : Explicit concurrent mark sweep GC freed 16(704B) AllocSpace objects, 0(0B) LOS objects, 27% free, 42MB/58MB, paused 1.485ms total 57.278ms
08-06 14:01:47.394 31433 31446 I art     : Starting a blocking GC Explicit
08-06 14:01:47.453 31433 31446 I art     : Explicit concurrent mark sweep GC freed 144(17KB) AllocSpace objects, 1(20KB) LOS objects, 27% free, 42MB/58MB, paused 1.426ms total 59.155ms
08-06 14:01:47.468 31433 31446 I art     : Starting a blocking GC Explicit
08-06 14:01:47.526 31433 31446 I art     : Explicit concurrent mark sweep GC freed 11(416B) AllocSpace objects, 0(0B) LOS objects, 27% free, 42MB/58MB, paused 1.494ms total 57.404ms
08-06 14:01:47.903 31433 14620 I art     : Starting a blocking GC Explicit
08-06 14:01:47.973 31433 14620 I art     : Explicit concurrent mark sweep GC freed 1445(83KB) AllocSpace objects, 1(20KB) LOS objects, 27% free, 42MB/58MB, paused 1.588ms total 69.417ms
08-06 14:01:47.992 31433 14620 I art     : Starting a blocking GC Explicit
08-06 14:01:48.054 31433 14620 I art     : Explicit concurrent mark sweep GC freed 22(784B) AllocSpace objects, 0(0B) LOS objects, 27% free, 42MB/58MB, paused 1.502ms total 62.183ms
08-06 14:01:48.069 31433 14620 I art     : Starting a blocking GC Explicit
08-06 14:01:48.133 31433 14620 I art     : Explicit concurrent mark sweep GC freed 3(96B) AllocSpace objects, 0(0B) LOS objects, 27% free, 42MB/58MB, paused 1.545ms total 63.216ms
08-06 14:01:48.148 31433 14620 I art     : Starting a blocking GC Explicit
08-06 14:01:48.213 31433 14620 I art     : Explicit concurrent mark sweep GC freed 3(96B) AllocSpace objects, 0(0B) LOS objects, 27% free, 42MB/58MB, paused 1.436ms total 64.584ms
08-06 14:01:48.229 31433 14620 I art     : Starting a blocking GC Explicit
08-06 14:01:48.293 31433 14620 I art     : Explicit concurrent mark sweep GC freed 97(3KB) AllocSpace objects, 0(0B) LOS objects, 27% free, 42MB/58MB, paused 1.699ms total 63.033ms
08-06 14:01:48.693 31433 16343 I art     : Starting a blocking GC Explicit
08-06 14:01:48.763 31433 16343 I art     : Explicit concurrent mark sweep GC freed 3556(172KB) AllocSpace objects, 1(20KB) LOS objects, 27% free, 42MB/58MB, paused 1.859ms total 69.742ms
08-06 14:01:48.779 31433 16343 I art     : Starting a blocking GC Explicit
08-06 14:01:48.792 31433 16377 E baseline.com.newsblur.network.APIResponse: Error (unexpected end of stream on https://www.newsblur.com/...) calling https://www.newsblur.com/reader/mark_story_hashes_as_read/
08-06 14:01:48.792 31433 16377 E baseline.com.newsblur.network.APIResponse: java.io.IOException: unexpected end of stream on https://www.newsblur.com/...
08-06 14:01:48.792 31433 16377 E baseline.com.newsblur.network.APIResponse: 	at okhttp3.internal.http1.Http1ExchangeCodec.readResponseHeaders(Http1ExchangeCodec.java:236)
08-06 14:01:48.792 31433 16377 E baseline.com.newsblur.network.APIResponse: 	at okhttp3.internal.connection.Exchange.readResponseHeaders(Exchange.java:115)
08-06 14:01:48.792 31433 16377 E baseline.com.newsblur.network.APIResponse: 	at okhttp3.internal.http.CallServerInterceptor.intercept(CallServerInterceptor.java:94)
08-06 14:01:48.792 31433 16377 E baseline.com.newsblur.network.APIResponse: 	at okhttp3.internal.http.RealInterceptorChain.proceed(RealInterceptorChain.java:142)
08-06 14:01:48.792 31433 16377 E baseline.com.newsblur.network.APIResponse: 	at okhttp3.internal.connection.ConnectInterceptor.intercept(ConnectInterceptor.java:43)
08-06 14:01:48.792 31433 16377 E baseline.com.newsblur.network.APIResponse: 	at okhttp3.internal.http.RealInterceptorChain.proceed(RealInterceptorChain.java:142)
08-06 14:01:48.792 31433 16377 E baseline.com.newsblur.network.APIResponse: 	at okhttp3.internal.http.RealInterceptorChain.proceed(RealInterceptorChain.java:117)
08-06 14:01:48.792 31433 16377 E baseline.com.newsblur.network.APIResponse: 	at okhttp3.internal.cache.CacheInterceptor.intercept(CacheInterceptor.java:94)
08-06 14:01:48.792 31433 16377 E baseline.com.newsblur.network.APIResponse: 	at okhttp3.internal.http.RealInterceptorChain.proceed(RealInterceptorChain.java:142)
08-06 14:01:48.792 31433 16377 E baseline.com.newsblur.network.APIResponse: 	at okhttp3.internal.http.RealInterceptorChain.proceed(RealInterceptorChain.java:117)
08-06 14:01:48.792 31433 16377 E baseline.com.newsblur.network.APIResponse: 	at okhttp3.internal.http.BridgeInterceptor.intercept(BridgeInterceptor.java:93)
08-06 14:01:48.792 31433 16377 E baseline.com.newsblur.network.APIResponse: 	at okhttp3.internal.http.RealInterceptorChain.proceed(RealInterceptorChain.java:142)
08-06 14:01:48.792 31433 16377 E baseline.com.newsblur.network.APIResponse: 	at okhttp3.internal.http.RetryAndFollowUpInterceptor.intercept(RetryAndFollowUpInterceptor.java:88)
08-06 14:01:48.792 31433 16377 E baseline.com.newsblur.network.APIResponse: 	at okhttp3.internal.http.RealInterceptorChain.proceed(RealInterceptorChain.java:142)
08-06 14:01:48.792 31433 16377 E baseline.com.newsblur.network.APIResponse: 	at okhttp3.internal.http.RealInterceptorChain.proceed(RealInterceptorChain.java:117)
08-06 14:01:48.792 31433 16377 E baseline.com.newsblur.network.APIResponse: 	at okhttp3.RealCall.getResponseWithInterceptorChain(RealCall.java:229)
08-06 14:01:48.792 31433 16377 E baseline.com.newsblur.network.APIResponse: 	at okhttp3.RealCall.execute(RealCall.java:81)
08-06 14:01:48.792 31433 16377 E baseline.com.newsblur.network.APIResponse: 	at baseline.com.newsblur.network.APIResponse.<init>(APIResponse.java:57)
08-06 14:01:48.792 31433 16377 E baseline.com.newsblur.network.APIResponse: 	at baseline.com.newsblur.network.APIResponse.<init>(APIResponse.java:43)
08-06 14:01:48.792 31433 16377 E baseline.com.newsblur.network.APIResponse: 	at baseline.com.newsblur.network.APIManager.post_single(APIManager.java:702)
08-06 14:01:48.792 31433 16377 E baseline.com.newsblur.network.APIResponse: 	at baseline.com.newsblur.network.APIManager.post(APIManager.java:675)
08-06 14:01:48.792 31433 16377 E baseline.com.newsblur.network.APIResponse: 	at baseline.com.newsblur.network.APIManager.post(APIManager.java:714)
08-06 14:01:48.792 31433 16377 E baseline.com.newsblur.network.APIResponse: 	at baseline.com.newsblur.network.APIManager.markStoryAsRead(APIManager.java:205)
08-06 14:01:48.792 31433 16377 E baseline.com.newsblur.network.APIResponse: 	at baseline.com.newsblur.util.ReadingAction.doRemote(ReadingAction.java:281)
08-06 14:01:48.792 31433 16377 E baseline.com.newsblur.network.APIResponse: 	at baseline.com.newsblur.service.NBSyncService.syncActions(NBSyncService.java:400)
08-06 14:01:48.792 31433 16377 E baseline.com.newsblur.network.APIResponse: 	at baseline.com.newsblur.service.NBSyncService.doSync(NBSyncService.java:298)
08-06 14:01:48.792 31433 16377 E baseline.com.newsblur.network.APIResponse: 	at baseline.com.newsblur.service.NBSyncService.access$100(NBSyncService.java:67)
08-06 14:01:48.792 31433 16377 E baseline.com.newsblur.network.APIResponse: 	at baseline.com.newsblur.service.NBSyncService$1.run(NBSyncService.java:188)
08-06 14:01:48.792 31433 16377 E baseline.com.newsblur.network.APIResponse: 	at java.util.concurrent.ThreadPoolExecutor.runWorker(ThreadPoolExecutor.java:1113)
08-06 14:01:48.792 31433 16377 E baseline.com.newsblur.network.APIResponse: 	at java.util.concurrent.ThreadPoolExecutor$Worker.run(ThreadPoolExecutor.java:588)
08-06 14:01:48.792 31433 16377 E baseline.com.newsblur.network.APIResponse: 	at java.lang.Thread.run(Thread.java:818)
08-06 14:01:48.792 31433 16377 E baseline.com.newsblur.network.APIResponse: Caused by: java.io.EOFException: \n not found: limit=0 content=
08-06 14:01:48.792 31433 16377 E baseline.com.newsblur.network.APIResponse: 	at okio.RealBufferedSource.readUtf8LineStrict(RealBufferedSource.java:240)
08-06 14:01:48.792 31433 16377 E baseline.com.newsblur.network.APIResponse: 	at okhttp3.internal.http1.Http1ExchangeCodec.readHeaderLine(Http1ExchangeCodec.java:242)
08-06 14:01:48.792 31433 16377 E baseline.com.newsblur.network.APIResponse: 	at okhttp3.internal.http1.Http1ExchangeCodec.readResponseHeaders(Http1ExchangeCodec.java:213)
08-06 14:01:48.792 31433 16377 E baseline.com.newsblur.network.APIResponse: 	... 30 more
08-06 14:01:48.793 31433 16377 I baseline.com.newsblur.network.APIManager: API call failed, pausing before retry number 2
08-06 14:01:48.848 31433 16343 I art     : Explicit concurrent mark sweep GC freed 1049(205KB) AllocSpace objects, 2(40KB) LOS objects, 27% free, 42MB/58MB, paused 1.657ms total 68.925ms
08-06 14:01:48.863 31433 16343 I art     : Starting a blocking GC Explicit
08-06 14:01:48.921 31433 16343 I art     : Explicit concurrent mark sweep GC freed 4994(388KB) AllocSpace objects, 1(20KB) LOS objects, 27% free, 42MB/58MB, paused 1.565ms total 57.544ms
08-06 14:01:48.936 31433 16343 I art     : Starting a blocking GC Explicit
08-06 14:01:49.002 31433 16343 I art     : Explicit concurrent mark sweep GC freed 40(1504B) AllocSpace objects, 0(0B) LOS objects, 27% free, 42MB/58MB, paused 1.696ms total 65.972ms
08-06 14:01:49.018 31433 16343 I art     : Starting a blocking GC Explicit
08-06 14:01:49.082 31433 16343 I art     : Explicit concurrent mark sweep GC freed 484(25KB) AllocSpace objects, 0(0B) LOS objects, 27% free, 42MB/58MB, paused 1.631ms total 63.668ms
08-06 14:01:49.480 31433 14620 I art     : Starting a blocking GC Explicit
08-06 14:01:49.548 31433 14620 I art     : Explicit concurrent mark sweep GC freed 3982(213KB) AllocSpace objects, 1(20KB) LOS objects, 27% free, 42MB/58MB, paused 1.569ms total 67.215ms
08-06 14:01:49.564 31433 14620 I art     : Starting a blocking GC Explicit
08-06 14:01:49.633 31433 14620 I art     : Explicit concurrent mark sweep GC freed 316(25KB) AllocSpace objects, 0(0B) LOS objects, 27% free, 42MB/58MB, paused 1.632ms total 69.188ms
08-06 14:01:49.652 31433 14620 I art     : Starting a blocking GC Explicit
08-06 14:01:49.716 31433 14620 I art     : Explicit concurrent mark sweep GC freed 135(7KB) AllocSpace objects, 0(0B) LOS objects, 27% free, 42MB/58MB, paused 1.642ms total 63.701ms
08-06 14:01:49.731 31433 14620 I art     : Starting a blocking GC Explicit
08-06 14:01:49.796 31433 14620 I art     : Explicit concurrent mark sweep GC freed 140(5KB) AllocSpace objects, 0(0B) LOS objects, 27% free, 42MB/58MB, paused 1.536ms total 63.875ms
08-06 14:01:49.811 31433 14620 I art     : Starting a blocking GC Explicit
08-06 14:01:49.877 31433 14620 I art     : Explicit concurrent mark sweep GC freed 17(1104B) AllocSpace objects, 0(0B) LOS objects, 27% free, 42MB/58MB, paused 1.718ms total 66.021ms
08-06 14:01:50.302 31433 31444 I art     : Starting a blocking GC Explicit
08-06 14:01:50.372 31433 31444 I art     : Explicit concurrent mark sweep GC freed 1447(83KB) AllocSpace objects, 1(20KB) LOS objects, 27% free, 42MB/58MB, paused 1.715ms total 68.850ms
08-06 14:01:50.389 31433 31444 I art     : Starting a blocking GC Explicit
08-06 14:01:50.453 31433 31444 I art     : Explicit concurrent mark sweep GC freed 22(784B) AllocSpace objects, 0(0B) LOS objects, 27% free, 42MB/58MB, paused 1.618ms total 63.621ms
08-06 14:01:50.468 31433 31444 I art     : Starting a blocking GC Explicit
08-06 14:01:50.534 31433 31444 I art     : Explicit concurrent mark sweep GC freed 3(96B) AllocSpace objects, 0(0B) LOS objects, 27% free, 42MB/58MB, paused 1.504ms total 66.255ms
08-06 14:01:50.549 31433 31444 I art     : Starting a blocking GC Explicit
08-06 14:01:50.575 14376 14376 I ServiceManager: Waiting for service AtCmdFwd...
08-06 14:01:50.617 31433 31444 I art     : Explicit concurrent mark sweep GC freed 3(96B) AllocSpace objects, 0(0B) LOS objects, 27% free, 42MB/58MB, paused 1.641ms total 66.943ms
08-06 14:01:50.632 31433 31444 I art     : Starting a blocking GC Explicit
08-06 14:01:50.699 31433 31444 I art     : Explicit concurrent mark sweep GC freed 3(96B) AllocSpace objects, 0(0B) LOS objects, 27% free, 42MB/58MB, paused 1.599ms total 66.959ms
08-06 14:01:51.120 31433 31446 I art     : Starting a blocking GC Explicit
08-06 14:01:51.186 31433 31446 I art     : Explicit concurrent mark sweep GC freed 1446(83KB) AllocSpace objects, 1(20KB) LOS objects, 27% free, 42MB/58MB, paused 1.636ms total 65.698ms
08-06 14:01:51.201 31433 31446 I art     : Starting a blocking GC Explicit
08-06 14:01:51.265 31433 31446 I art     : Explicit concurrent mark sweep GC freed 22(784B) AllocSpace objects, 0(0B) LOS objects, 27% free, 42MB/58MB, paused 1.677ms total 63.926ms
08-06 14:01:51.280 31433 31446 I art     : Starting a blocking GC Explicit
08-06 14:01:51.345 31433 31446 I art     : Explicit concurrent mark sweep GC freed 3(96B) AllocSpace objects, 0(0B) LOS objects, 27% free, 42MB/58MB, paused 1.556ms total 64.473ms
08-06 14:01:51.360 31433 31446 I art     : Starting a blocking GC Explicit
08-06 14:01:51.425 31433 31446 I art     : Explicit concurrent mark sweep GC freed 3(96B) AllocSpace objects, 0(0B) LOS objects, 27% free, 42MB/58MB, paused 1.615ms total 64.696ms
08-06 14:01:51.441 31433 31446 I art     : Starting a blocking GC Explicit
08-06 14:01:51.506 31433 31446 I art     : Explicit concurrent mark sweep GC freed 3(96B) AllocSpace objects, 0(0B) LOS objects, 27% free, 42MB/58MB, paused 1.712ms total 64.750ms
08-06 14:01:51.510 16668 16668 D AndroidRuntime: >>>>>> START com.android.internal.os.RuntimeInit uid 2000 <<<<<<
08-06 14:01:51.516 16668 16668 D AndroidRuntime: CheckJNI is OFF
08-06 14:01:51.559 16668 16668 D ICU     : No timezone override file found: /data/misc/zoneinfo/current/icu/icu_tzdata.dat
08-06 14:01:51.575 14376 14376 I ServiceManager: Waiting for service AtCmdFwd...
08-06 14:01:51.603 16668 16668 I Radio-JNI: register_android_hardware_Radio DONE
08-06 14:01:51.633 16668 16668 D AndroidRuntime: Calling main entry com.android.commands.input.Input
08-06 14:01:51.635 16668 16668 I Input   : injectKeyEvent: KeyEvent { action=ACTION_DOWN, keyCode=KEYCODE_BACK, scanCode=0, metaState=0, flags=0x0, repeatCount=0, eventTime=885728048, downTime=885728048, deviceId=-1, source=0x101 }
08-06 14:01:51.642 16668 16668 I Input   : injectKeyEvent: KeyEvent { action=ACTION_UP, keyCode=KEYCODE_BACK, scanCode=0, metaState=0, flags=0x0, repeatCount=0, eventTime=885728048, downTime=885728048, deviceId=-1, source=0x101 }
08-06 14:01:51.650 16668 16668 D AndroidRuntime: Shutting down VM
08-06 14:01:51.659 31433 31433 D baseline.com.newsblur.service.NBSyncService: rejecting request for feedset that is exhaused
08-06 14:01:51.843 31433 31433 D baseline.com.newsblur.service.NBSyncService: rejecting request for feedset that is exhaused
08-06 14:01:51.875 31433 31446 I art     : Starting a blocking GC Explicit
08-06 14:01:51.914 13866 13866 I GoogleInputMethodServic: GoogleInputMethodService.onFinishInput():3138 
08-06 14:01:51.915 13866 13866 I GoogleInputMethodServic: GoogleInputMethodService.onStartInput():1808 
08-06 14:01:51.935 31433 31446 I art     : Explicit concurrent mark sweep GC freed 2917(223KB) AllocSpace objects, 5(100KB) LOS objects, 27% free, 42MB/58MB, paused 1.891ms total 59.933ms
08-06 14:01:51.950 31433 31446 I art     : Starting a blocking GC Explicit
08-06 14:01:52.005 31433 31446 I art     : Explicit concurrent mark sweep GC freed 555(43KB) AllocSpace objects, 1(28KB) LOS objects, 27% free, 42MB/58MB, paused 1.514ms total 54.325ms
08-06 14:01:52.019 31433 31446 I art     : Starting a blocking GC Explicit
08-06 14:01:52.080 31433 31446 I art     : Explicit concurrent mark sweep GC freed 7(256B) AllocSpace objects, 0(0B) LOS objects, 27% free, 42MB/58MB, paused 1.707ms total 60.260ms
08-06 14:01:52.095 31433 31446 I art     : Starting a blocking GC Explicit
08-06 14:01:52.161 31433 31446 I art     : Explicit concurrent mark sweep GC freed 3(96B) AllocSpace objects, 0(0B) LOS objects, 27% free, 42MB/58MB, paused 1.444ms total 65.935ms
08-06 14:01:52.178 31433 31446 I art     : Starting a blocking GC Explicit
08-06 14:01:52.241 31433 31446 I art     : Explicit concurrent mark sweep GC freed 1157(52KB) AllocSpace objects, 0(0B) LOS objects, 27% free, 42MB/58MB, paused 1.588ms total 62.834ms
08-06 14:01:52.344   918  3188 I hubconnection: sensorhub said: 'set_bias 3: -6.7200, 0.0000, 0.0000'
08-06 14:01:52.364 31433 16377 E baseline.com.newsblur.network.APIResponse: Error (unexpected end of stream on https://www.newsblur.com/...) calling https://www.newsblur.com/reader/mark_story_hashes_as_read/
08-06 14:01:52.364 31433 16377 E baseline.com.newsblur.network.APIResponse: java.io.IOException: unexpected end of stream on https://www.newsblur.com/...
08-06 14:01:52.364 31433 16377 E baseline.com.newsblur.network.APIResponse: 	at okhttp3.internal.http1.Http1ExchangeCodec.readResponseHeaders(Http1ExchangeCodec.java:236)
08-06 14:01:52.364 31433 16377 E baseline.com.newsblur.network.APIResponse: 	at okhttp3.internal.connection.Exchange.readResponseHeaders(Exchange.java:115)
08-06 14:01:52.364 31433 16377 E baseline.com.newsblur.network.APIResponse: 	at okhttp3.internal.http.CallServerInterceptor.intercept(CallServerInterceptor.java:94)
08-06 14:01:52.364 31433 16377 E baseline.com.newsblur.network.APIResponse: 	at okhttp3.internal.http.RealInterceptorChain.proceed(RealInterceptorChain.java:142)
08-06 14:01:52.364 31433 16377 E baseline.com.newsblur.network.APIResponse: 	at okhttp3.internal.connection.ConnectInterceptor.intercept(ConnectInterceptor.java:43)
08-06 14:01:52.364 31433 16377 E baseline.com.newsblur.network.APIResponse: 	at okhttp3.internal.http.RealInterceptorChain.proceed(RealInterceptorChain.java:142)
08-06 14:01:52.364 31433 16377 E baseline.com.newsblur.network.APIResponse: 	at okhttp3.internal.http.RealInterceptorChain.proceed(RealInterceptorChain.java:117)
08-06 14:01:52.364 31433 16377 E baseline.com.newsblur.network.APIResponse: 	at okhttp3.internal.cache.CacheInterceptor.intercept(CacheInterceptor.java:94)
08-06 14:01:52.364 31433 16377 E baseline.com.newsblur.network.APIResponse: 	at okhttp3.internal.http.RealInterceptorChain.proceed(RealInterceptorChain.java:142)
08-06 14:01:52.364 31433 16377 E baseline.com.newsblur.network.APIResponse: 	at okhttp3.internal.http.RealInterceptorChain.proceed(RealInterceptorChain.java:117)
08-06 14:01:52.364 31433 16377 E baseline.com.newsblur.network.APIResponse: 	at okhttp3.internal.http.BridgeInterceptor.intercept(BridgeInterceptor.java:93)
08-06 14:01:52.364 31433 16377 E baseline.com.newsblur.network.APIResponse: 	at okhttp3.internal.http.RealInterceptorChain.proceed(RealInterceptorChain.java:142)
08-06 14:01:52.364 31433 16377 E baseline.com.newsblur.network.APIResponse: 	at okhttp3.internal.http.RetryAndFollowUpInterceptor.intercept(RetryAndFollowUpInterceptor.java:88)
08-06 14:01:52.364 31433 16377 E baseline.com.newsblur.network.APIResponse: 	at okhttp3.internal.http.RealInterceptorChain.proceed(RealInterceptorChain.java:142)
08-06 14:01:52.364 31433 16377 E baseline.com.newsblur.network.APIResponse: 	at okhttp3.internal.http.RealInterceptorChain.proceed(RealInterceptorChain.java:117)
08-06 14:01:52.364 31433 16377 E baseline.com.newsblur.network.APIResponse: 	at okhttp3.RealCall.getResponseWithInterceptorChain(RealCall.java:229)
08-06 14:01:52.364 31433 16377 E baseline.com.newsblur.network.APIResponse: 	at okhttp3.RealCall.execute(RealCall.java:81)
08-06 14:01:52.364 31433 16377 E baseline.com.newsblur.network.APIResponse: 	at baseline.com.newsblur.network.APIResponse.<init>(APIResponse.java:57)
08-06 14:01:52.364 31433 16377 E baseline.com.newsblur.network.APIResponse: 	at baseline.com.newsblur.network.APIResponse.<init>(APIResponse.java:43)
08-06 14:01:52.364 31433 16377 E baseline.com.newsblur.network.APIResponse: 	at baseline.com.newsblur.network.APIManager.post_single(APIManager.java:702)
08-06 14:01:52.364 31433 16377 E baseline.com.newsblur.network.APIResponse: 	at baseline.com.newsblur.network.APIManager.post(APIManager.java:675)
08-06 14:01:52.364 31433 16377 E baseline.com.newsblur.network.APIResponse: 	at baseline.com.newsblur.network.APIManager.post(APIManager.java:714)
08-06 14:01:52.364 31433 16377 E baseline.com.newsblur.network.APIResponse: 	at baseline.com.newsblur.network.APIManager.markStoryAsRead(APIManager.java:205)
08-06 14:01:52.364 31433 16377 E baseline.com.newsblur.network.APIResponse: 	at baseline.com.newsblur.util.ReadingAction.doRemote(ReadingAction.java:281)
08-06 14:01:52.364 31433 16377 E baseline.com.newsblur.network.APIResponse: 	at baseline.com.newsblur.service.NBSyncService.syncActions(NBSyncService.java:400)
08-06 14:01:52.364 31433 16377 E baseline.com.newsblur.network.APIResponse: 	at baseline.com.newsblur.service.NBSyncService.doSync(NBSyncService.java:298)
08-06 14:01:52.364 31433 16377 E baseline.com.newsblur.network.APIResponse: 	at baseline.com.newsblur.service.NBSyncService.access$100(NBSyncService.java:67)
08-06 14:01:52.364 31433 16377 E baseline.com.newsblur.network.APIResponse: 	at baseline.com.newsblur.service.NBSyncService$1.run(NBSyncService.java:188)
08-06 14:01:52.364 31433 16377 E baseline.com.newsblur.network.APIResponse: 	at java.util.concurrent.ThreadPoolExecutor.runWorker(ThreadPoolExecutor.java:1113)
08-06 14:01:52.364 31433 16377 E baseline.com.newsblur.network.APIResponse: 	at java.util.concurrent.ThreadPoolExecutor$Worker.run(ThreadPoolExecutor.java:588)
08-06 14:01:52.364 31433 16377 E baseline.com.newsblur.network.APIResponse: 	at java.lang.Thread.run(Thread.java:818)
08-06 14:01:52.364 31433 16377 E baseline.com.newsblur.network.APIResponse: Caused by: java.io.EOFException: \n not found: limit=0 content=
08-06 14:01:52.364 31433 16377 E baseline.com.newsblur.network.APIResponse: 	at okio.RealBufferedSource.readUtf8LineStrict(RealBufferedSource.java:240)
08-06 14:01:52.364 31433 16377 E baseline.com.newsblur.network.APIResponse: 	at okhttp3.internal.http1.Http1ExchangeCodec.readHeaderLine(Http1ExchangeCodec.java:242)
08-06 14:01:52.364 31433 16377 E baseline.com.newsblur.network.APIResponse: 	at okhttp3.internal.http1.Http1ExchangeCodec.readResponseHeaders(Http1ExchangeCodec.java:213)
08-06 14:01:52.364 31433 16377 E baseline.com.newsblur.network.APIResponse: 	... 30 more
08-06 14:01:52.365 31433 16377 I baseline.com.newsblur.service.NBSyncService: Holding reading action with server-side or network error.
08-06 14:01:52.376 31433 16377 W baseline.com.newsblur.service.NBSyncService: hard API failure
08-06 14:01:52.384 31433 16377 I baseline.com.newsblur.service.NBSyncService: recounting dirty feed sets: 1
08-06 14:01:52.576 14376 14376 I ServiceManager: Waiting for service AtCmdFwd...
08-06 14:01:52.625 31433 31444 I art     : Starting a blocking GC Explicit
08-06 14:01:52.699 31433 31444 I art     : Explicit concurrent mark sweep GC freed 4928(445KB) AllocSpace objects, 6(120KB) LOS objects, 27% free, 42MB/58MB, paused 1.839ms total 73.581ms
08-06 14:01:52.717 31433 31444 I art     : Starting a blocking GC Explicit
08-06 14:01:52.784 31433 31444 I art     : Explicit concurrent mark sweep GC freed 408(16KB) AllocSpace objects, 0(0B) LOS objects, 27% free, 42MB/58MB, paused 1.571ms total 66.854ms
08-06 14:01:52.800 31433 31444 I art     : Starting a blocking GC Explicit
08-06 14:01:52.868 31433 31444 I art     : Explicit concurrent mark sweep GC freed 1699(66KB) AllocSpace objects, 0(0B) LOS objects, 27% free, 42MB/58MB, paused 1.711ms total 67.960ms
08-06 14:01:52.872 31433 16377 E baseline.com.newsblur.network.APIResponse: Error (unexpected end of stream on https://www.newsblur.com/...) calling https://www.newsblur.com/reader/feed_unread_count?feed_id=0
08-06 14:01:52.872 31433 16377 E baseline.com.newsblur.network.APIResponse: java.io.IOException: unexpected end of stream on https://www.newsblur.com/...
08-06 14:01:52.872 31433 16377 E baseline.com.newsblur.network.APIResponse: 	at okhttp3.internal.http1.Http1ExchangeCodec.readResponseHeaders(Http1ExchangeCodec.java:236)
08-06 14:01:52.872 31433 16377 E baseline.com.newsblur.network.APIResponse: 	at okhttp3.internal.connection.Exchange.readResponseHeaders(Exchange.java:115)
08-06 14:01:52.872 31433 16377 E baseline.com.newsblur.network.APIResponse: 	at okhttp3.internal.http.CallServerInterceptor.intercept(CallServerInterceptor.java:94)
08-06 14:01:52.872 31433 16377 E baseline.com.newsblur.network.APIResponse: 	at okhttp3.internal.http.RealInterceptorChain.proceed(RealInterceptorChain.java:142)
08-06 14:01:52.872 31433 16377 E baseline.com.newsblur.network.APIResponse: 	at okhttp3.internal.connection.ConnectInterceptor.intercept(ConnectInterceptor.java:43)
08-06 14:01:52.872 31433 16377 E baseline.com.newsblur.network.APIResponse: 	at okhttp3.internal.http.RealInterceptorChain.proceed(RealInterceptorChain.java:142)
08-06 14:01:52.872 31433 16377 E baseline.com.newsblur.network.APIResponse: 	at okhttp3.internal.http.RealInterceptorChain.proceed(RealInterceptorChain.java:117)
08-06 14:01:52.872 31433 16377 E baseline.com.newsblur.network.APIResponse: 	at okhttp3.internal.cache.CacheInterceptor.intercept(CacheInterceptor.java:94)
08-06 14:01:52.872 31433 16377 E baseline.com.newsblur.network.APIResponse: 	at okhttp3.internal.http.RealInterceptorChain.proceed(RealInterceptorChain.java:142)
08-06 14:01:52.872 31433 16377 E baseline.com.newsblur.network.APIResponse: 	at okhttp3.internal.http.RealInterceptorChain.proceed(RealInterceptorChain.java:117)
08-06 14:01:52.872 31433 16377 E baseline.com.newsblur.network.APIResponse: 	at okhttp3.internal.http.BridgeInterceptor.intercept(BridgeInterceptor.java:93)
08-06 14:01:52.872 31433 16377 E baseline.com.newsblur.network.APIResponse: 	at okhttp3.internal.http.RealInterceptorChain.proceed(RealInterceptorChain.java:142)
08-06 14:01:52.872 31433 16377 E baseline.com.newsblur.network.APIResponse: 	at okhttp3.internal.http.RetryAndFollowUpInterceptor.intercept(RetryAndFollowUpInterceptor.java:88)
08-06 14:01:52.872 31433 16377 E baseline.com.newsblur.network.APIResponse: 	at okhttp3.internal.http.RealInterceptorChain.proceed(RealInterceptorChain.java:142)
08-06 14:01:52.872 31433 16377 E baseline.com.newsblur.network.APIResponse: 	at okhttp3.internal.http.RealInterceptorChain.proceed(RealInterceptorChain.java:117)
08-06 14:01:52.872 31433 16377 E baseline.com.newsblur.network.APIResponse: 	at okhttp3.RealCall.getResponseWithInterceptorChain(RealCall.java:229)
08-06 14:01:52.872 31433 16377 E baseline.com.newsblur.network.APIResponse: 	at okhttp3.RealCall.execute(RealCall.java:81)
08-06 14:01:52.872 31433 16377 E baseline.com.newsblur.network.APIResponse: 	at baseline.com.newsblur.network.APIResponse.<init>(APIResponse.java:57)
08-06 14:01:52.872 31433 16377 E baseline.com.newsblur.network.APIResponse: 	at baseline.com.newsblur.network.APIManager.get_single(APIManager.java:639)
08-06 14:01:52.872 31433 16377 E baseline.com.newsblur.network.APIResponse: 	at baseline.com.newsblur.network.APIManager.get(APIManager.java:625)
08-06 14:01:52.872 31433 16377 E baseline.com.newsblur.network.APIResponse: 	at baseline.com.newsblur.network.APIManager.get(APIManager.java:667)
08-06 14:01:52.872 31433 16377 E baseline.com.newsblur.network.APIResponse: 	at baseline.com.newsblur.network.APIManager.getFeedUnreadCounts(APIManager.java:274)
08-06 14:01:52.872 31433 16377 E baseline.com.newsblur.network.APIResponse: 	at baseline.com.newsblur.service.NBSyncService.checkRecounts(NBSyncService.java:660)
08-06 14:01:52.872 31433 16377 E baseline.com.newsblur.network.APIResponse: 	at baseline.com.newsblur.service.NBSyncService.doSync(NBSyncService.java:310)
08-06 14:01:52.872 31433 16377 E baseline.com.newsblur.network.APIResponse: 	at baseline.com.newsblur.service.NBSyncService.access$100(NBSyncService.java:67)
08-06 14:01:52.872 31433 16377 E baseline.com.newsblur.network.APIResponse: 	at baseline.com.newsblur.service.NBSyncService$1.run(NBSyncService.java:188)
08-06 14:01:52.872 31433 16377 E baseline.com.newsblur.network.APIResponse: 	at java.util.concurrent.ThreadPoolExecutor.runWorker(ThreadPoolExecutor.java:1113)
08-06 14:01:52.872 31433 16377 E baseline.com.newsblur.network.APIResponse: 	at java.util.concurrent.ThreadPoolExecutor$Worker.run(ThreadPoolExecutor.java:588)
08-06 14:01:52.872 31433 16377 E baseline.com.newsblur.network.APIResponse: 	at java.lang.Thread.run(Thread.java:818)
08-06 14:01:52.872 31433 16377 E baseline.com.newsblur.network.APIResponse: Caused by: java.io.EOFException: \n not found: limit=0 content=
08-06 14:01:52.872 31433 16377 E baseline.com.newsblur.network.APIResponse: 	at okio.RealBufferedSource.readUtf8LineStrict(RealBufferedSource.java:240)
08-06 14:01:52.872 31433 16377 E baseline.com.newsblur.network.APIResponse: 	at okhttp3.internal.http1.Http1ExchangeCodec.readHeaderLine(Http1ExchangeCodec.java:242)
08-06 14:01:52.872 31433 16377 E baseline.com.newsblur.network.APIResponse: 	at okhttp3.internal.http1.Http1ExchangeCodec.readResponseHeaders(Http1ExchangeCodec.java:213)
08-06 14:01:52.872 31433 16377 E baseline.com.newsblur.network.APIResponse: 	... 28 more
08-06 14:01:52.873 31433 16377 I baseline.com.newsblur.network.APIManager: API call failed, pausing before retry number 1
08-06 14:01:52.887 31433 31444 I art     : Starting a blocking GC Explicit
08-06 14:01:52.949 31433 31444 I art     : Explicit concurrent mark sweep GC freed 857(208KB) AllocSpace objects, 2(40KB) LOS objects, 27% free, 41MB/57MB, paused 1.639ms total 62.262ms
08-06 14:01:52.965 31433 31444 I art     : Starting a blocking GC Explicit
08-06 14:01:53.028 31433 31444 I art     : Explicit concurrent mark sweep GC freed 57(2112B) AllocSpace objects, 0(0B) LOS objects, 27% free, 41MB/57MB, paused 1.786ms total 62.504ms
08-06 14:01:53.409 31433 14620 I art     : Starting a blocking GC Explicit
08-06 14:01:53.432 16703 16703 D AndroidRuntime: >>>>>> START com.android.internal.os.RuntimeInit uid 2000 <<<<<<
08-06 14:01:53.438 16703 16703 D AndroidRuntime: CheckJNI is OFF
08-06 14:01:53.476 31433 14620 I art     : Explicit concurrent mark sweep GC freed 1513(85KB) AllocSpace objects, 1(20KB) LOS objects, 27% free, 41MB/57MB, paused 1.648ms total 66.695ms
08-06 14:01:53.485 16703 16703 D ICU     : No timezone override file found: /data/misc/zoneinfo/current/icu/icu_tzdata.dat
08-06 14:01:53.492 31433 14620 I art     : Starting a blocking GC Explicit
08-06 14:01:53.532 16703 16703 I Radio-JNI: register_android_hardware_Radio DONE
08-06 14:01:53.555 31433 14620 I art     : Explicit concurrent mark sweep GC freed 22(784B) AllocSpace objects, 0(0B) LOS objects, 27% free, 41MB/57MB, paused 1.621ms total 62.815ms
08-06 14:01:53.562 16703 16703 D AndroidRuntime: Calling main entry com.android.commands.input.Input
08-06 14:01:53.564 16703 16703 I Input   : injectKeyEvent: KeyEvent { action=ACTION_DOWN, keyCode=KEYCODE_BACK, scanCode=0, metaState=0, flags=0x0, repeatCount=0, eventTime=885729977, downTime=885729977, deviceId=-1, source=0x101 }
08-06 14:01:53.570 31433 14620 I art     : Starting a blocking GC Explicit
08-06 14:01:53.575 16703 16703 I Input   : injectKeyEvent: KeyEvent { action=ACTION_UP, keyCode=KEYCODE_BACK, scanCode=0, metaState=0, flags=0x0, repeatCount=0, eventTime=885729977, downTime=885729977, deviceId=-1, source=0x101 }
08-06 14:01:53.577 14376 14376 I ServiceManager: Waiting for service AtCmdFwd...
08-06 14:01:53.581 16703 16703 D AndroidRuntime: Shutting down VM
08-06 14:01:53.630 31433 14620 I art     : Explicit concurrent mark sweep GC freed 328(65KB) AllocSpace objects, 4(80KB) LOS objects, 27% free, 42MB/58MB, paused 1.556ms total 59.276ms
08-06 14:01:53.645 31433 14620 I art     : Starting a blocking GC Explicit
08-06 14:01:53.705 31433 14620 I art     : Explicit concurrent mark sweep GC freed 46(1840B) AllocSpace objects, 0(0B) LOS objects, 27% free, 41MB/57MB, paused 1.614ms total 60.356ms
08-06 14:01:53.720 31433 14620 I art     : Starting a blocking GC Explicit
08-06 14:01:53.781 31433 14620 I art     : Explicit concurrent mark sweep GC freed 2018(143KB) AllocSpace objects, 4(80KB) LOS objects, 27% free, 42MB/58MB, paused 1.575ms total 61.148ms
08-06 14:01:53.798 13866 13866 I GoogleInputMethodServic: GoogleInputMethodService.onFinishInput():3138 
08-06 14:01:53.799 13866 13866 I GoogleInputMethodServic: GoogleInputMethodService.onStartInput():1808 
08-06 14:01:54.159 31433 14620 I art     : Starting a blocking GC Explicit
08-06 14:01:54.219 31433 14620 I art     : Explicit concurrent mark sweep GC freed 7886(477KB) AllocSpace objects, 5(100KB) LOS objects, 27% free, 41MB/57MB, paused 1.477ms total 58.935ms
08-06 14:01:54.233 31433 14620 I art     : Starting a blocking GC Explicit
08-06 14:01:54.295 31433 14620 I art     : Explicit concurrent mark sweep GC freed 305(13KB) AllocSpace objects, 0(0B) LOS objects, 27% free, 41MB/57MB, paused 1.554ms total 61.286ms
08-06 14:01:54.310 31433 14620 I art     : Starting a blocking GC Explicit
08-06 14:01:54.371 31433 14620 I art     : Explicit concurrent mark sweep GC freed 35(1328B) AllocSpace objects, 0(0B) LOS objects, 27% free, 41MB/57MB, paused 1.651ms total 61.069ms
08-06 14:01:54.388 31433 14620 I art     : Starting a blocking GC Explicit
08-06 14:01:54.449 31433 14620 I art     : Explicit concurrent mark sweep GC freed 106(4KB) AllocSpace objects, 0(0B) LOS objects, 27% free, 41MB/57MB, paused 1.745ms total 61.033ms
08-06 14:01:54.466 31433 14620 I art     : Starting a blocking GC Explicit
08-06 14:01:54.527 31433 14620 I art     : Explicit concurrent mark sweep GC freed 93(5KB) AllocSpace objects, 0(0B) LOS objects, 27% free, 41MB/57MB, paused 1.566ms total 61.047ms
08-06 14:01:54.577 14376 14376 I ServiceManager: Waiting for service AtCmdFwd...
08-06 14:01:54.912 31433 31446 I art     : Starting a blocking GC Explicit
08-06 14:01:54.920 31433 16377 E baseline.com.newsblur.network.APIResponse: Error (unexpected end of stream on https://www.newsblur.com/...) calling https://www.newsblur.com/reader/feed_unread_count?feed_id=0
08-06 14:01:54.920 31433 16377 E baseline.com.newsblur.network.APIResponse: java.io.IOException: unexpected end of stream on https://www.newsblur.com/...
08-06 14:01:54.920 31433 16377 E baseline.com.newsblur.network.APIResponse: 	at okhttp3.internal.http1.Http1ExchangeCodec.readResponseHeaders(Http1ExchangeCodec.java:236)
08-06 14:01:54.920 31433 16377 E baseline.com.newsblur.network.APIResponse: 	at okhttp3.internal.connection.Exchange.readResponseHeaders(Exchange.java:115)
08-06 14:01:54.920 31433 16377 E baseline.com.newsblur.network.APIResponse: 	at okhttp3.internal.http.CallServerInterceptor.intercept(CallServerInterceptor.java:94)
08-06 14:01:54.920 31433 16377 E baseline.com.newsblur.network.APIResponse: 	at okhttp3.internal.http.RealInterceptorChain.proceed(RealInterceptorChain.java:142)
08-06 14:01:54.920 31433 16377 E baseline.com.newsblur.network.APIResponse: 	at okhttp3.internal.connection.ConnectInterceptor.intercept(ConnectInterceptor.java:43)
08-06 14:01:54.920 31433 16377 E baseline.com.newsblur.network.APIResponse: 	at okhttp3.internal.http.RealInterceptorChain.proceed(RealInterceptorChain.java:142)
08-06 14:01:54.920 31433 16377 E baseline.com.newsblur.network.APIResponse: 	at okhttp3.internal.http.RealInterceptorChain.proceed(RealInterceptorChain.java:117)
08-06 14:01:54.920 31433 16377 E baseline.com.newsblur.network.APIResponse: 	at okhttp3.internal.cache.CacheInterceptor.intercept(CacheInterceptor.java:94)
08-06 14:01:54.920 31433 16377 E baseline.com.newsblur.network.APIResponse: 	at okhttp3.internal.http.RealInterceptorChain.proceed(RealInterceptorChain.java:142)
08-06 14:01:54.920 31433 16377 E baseline.com.newsblur.network.APIResponse: 	at okhttp3.internal.http.RealInterceptorChain.proceed(RealInterceptorChain.java:117)
08-06 14:01:54.920 31433 16377 E baseline.com.newsblur.network.APIResponse: 	at okhttp3.internal.http.BridgeInterceptor.intercept(BridgeInterceptor.java:93)
08-06 14:01:54.920 31433 16377 E baseline.com.newsblur.network.APIResponse: 	at okhttp3.internal.http.RealInterceptorChain.proceed(RealInterceptorChain.java:142)
08-06 14:01:54.920 31433 16377 E baseline.com.newsblur.network.APIResponse: 	at okhttp3.internal.http.RetryAndFollowUpInterceptor.intercept(RetryAndFollowUpInterceptor.java:88)
08-06 14:01:54.920 31433 16377 E baseline.com.newsblur.network.APIResponse: 	at okhttp3.internal.http.RealInterceptorChain.proceed(RealInterceptorChain.java:142)
08-06 14:01:54.920 31433 16377 E baseline.com.newsblur.network.APIResponse: 	at okhttp3.internal.http.RealInterceptorChain.proceed(RealInterceptorChain.java:117)
08-06 14:01:54.920 31433 16377 E baseline.com.newsblur.network.APIResponse: 	at okhttp3.RealCall.getResponseWithInterceptorChain(RealCall.java:229)
08-06 14:01:54.920 31433 16377 E baseline.com.newsblur.network.APIResponse: 	at okhttp3.RealCall.execute(RealCall.java:81)
08-06 14:01:54.920 31433 16377 E baseline.com.newsblur.network.APIResponse: 	at baseline.com.newsblur.network.APIResponse.<init>(APIResponse.java:57)
08-06 14:01:54.920 31433 16377 E baseline.com.newsblur.network.APIResponse: 	at baseline.com.newsblur.network.APIManager.get_single(APIManager.java:639)
08-06 14:01:54.920 31433 16377 E baseline.com.newsblur.network.APIResponse: 	at baseline.com.newsblur.network.APIManager.get(APIManager.java:625)
08-06 14:01:54.920 31433 16377 E baseline.com.newsblur.network.APIResponse: 	at baseline.com.newsblur.network.APIManager.get(APIManager.java:667)
08-06 14:01:54.920 31433 16377 E baseline.com.newsblur.network.APIResponse: 	at baseline.com.newsblur.network.APIManager.getFeedUnreadCounts(APIManager.java:274)
08-06 14:01:54.920 31433 16377 E baseline.com.newsblur.network.APIResponse: 	at baseline.com.newsblur.service.NBSyncService.checkRecounts(NBSyncService.java:660)
08-06 14:01:54.920 31433 16377 E baseline.com.newsblur.network.APIResponse: 	at baseline.com.newsblur.service.NBSyncService.doSync(NBSyncService.java:310)
08-06 14:01:54.920 31433 16377 E baseline.com.newsblur.network.APIResponse: 	at baseline.com.newsblur.service.NBSyncService.access$100(NBSyncService.java:67)
08-06 14:01:54.920 31433 16377 E baseline.com.newsblur.network.APIResponse: 	at baseline.com.newsblur.service.NBSyncService$1.run(NBSyncService.java:188)
08-06 14:01:54.920 31433 16377 E baseline.com.newsblur.network.APIResponse: 	at java.util.concurrent.ThreadPoolExecutor.runWorker(ThreadPoolExecutor.java:1113)
08-06 14:01:54.920 31433 16377 E baseline.com.newsblur.network.APIResponse: 	at java.util.concurrent.ThreadPoolExecutor$Worker.run(ThreadPoolExecutor.java:588)
08-06 14:01:54.920 31433 16377 E baseline.com.newsblur.network.APIResponse: 	at java.lang.Thread.run(Thread.java:818)
08-06 14:01:54.920 31433 16377 E baseline.com.newsblur.network.APIResponse: Caused by: java.io.EOFException: \n not found: limit=0 content=
08-06 14:01:54.920 31433 16377 E baseline.com.newsblur.network.APIResponse: 	at okio.RealBufferedSource.readUtf8LineStrict(RealBufferedSource.java:240)
08-06 14:01:54.920 31433 16377 E baseline.com.newsblur.network.APIResponse: 	at okhttp3.internal.http1.Http1ExchangeCodec.readHeaderLine(Http1ExchangeCodec.java:242)
08-06 14:01:54.920 31433 16377 E baseline.com.newsblur.network.APIResponse: 	at okhttp3.internal.http1.Http1ExchangeCodec.readResponseHeaders(Http1ExchangeCodec.java:213)
08-06 14:01:54.920 31433 16377 E baseline.com.newsblur.network.APIResponse: 	... 28 more
08-06 14:01:54.921 31433 16377 I baseline.com.newsblur.network.APIManager: API call failed, pausing before retry number 2
08-06 14:01:54.977 31433 31446 I art     : Explicit concurrent mark sweep GC freed 3908(342KB) AllocSpace objects, 3(60KB) LOS objects, 27% free, 42MB/58MB, paused 1.628ms total 64.062ms
08-06 14:01:54.992 31433 31446 I art     : Starting a blocking GC Explicit
08-06 14:01:55.051 31433 31446 I art     : Explicit concurrent mark sweep GC freed 185(18KB) AllocSpace objects, 0(0B) LOS objects, 27% free, 41MB/57MB, paused 1.518ms total 58.475ms
08-06 14:01:55.066 31433 31446 I art     : Starting a blocking GC Explicit
08-06 14:01:55.128 31433 31446 I art     : Explicit concurrent mark sweep GC freed 35(1152B) AllocSpace objects, 0(0B) LOS objects, 27% free, 41MB/57MB, paused 1.770ms total 61.549ms
08-06 14:01:55.143 31433 31446 I art     : Starting a blocking GC Explicit
08-06 14:01:55.205 31433 31446 I art     : Explicit concurrent mark sweep GC freed 11(352B) AllocSpace objects, 0(0B) LOS objects, 27% free, 41MB/57MB, paused 1.573ms total 61.183ms
08-06 14:01:55.220 31433 31446 I art     : Starting a blocking GC Explicit
08-06 14:01:55.283 31433 31446 I art     : Explicit concurrent mark sweep GC freed 8(256B) AllocSpace objects, 0(0B) LOS objects, 27% free, 41MB/57MB, paused 1.658ms total 62.461ms
08-06 14:01:55.420 16750 16750 D AndroidRuntime: >>>>>> START com.android.internal.os.RuntimeInit uid 2000 <<<<<<
08-06 14:01:55.427 16750 16750 D AndroidRuntime: CheckJNI is OFF
08-06 14:01:55.470 16750 16750 D ICU     : No timezone override file found: /data/misc/zoneinfo/current/icu/icu_tzdata.dat
08-06 14:01:55.523 16750 16750 I Radio-JNI: register_android_hardware_Radio DONE
08-06 14:01:55.551 16750 16750 D AndroidRuntime: Calling main entry com.android.commands.am.Am
08-06 14:01:55.557   518   646 I ThermalEngine: ACTION: GPU - Setting GPU[0] to 390000000
08-06 14:01:55.569 14970 14970 I Trepn   : Trepn 6.2s: Received intent: com.quicinc.trepn.stop_profiling
08-06 14:01:55.578 14376 14376 W Atfwd_Sendcmd: AtCmdFwd service not published, waiting... retryCnt : 2
08-06 14:01:55.594 14970 14970 I Trepn   : Trepn 6.2s: Trepn has Stopped Profiling.
08-06 14:01:55.700 16750 16750 D AndroidRuntime: Shutting down VM
08-06 14:01:55.707   918  6112 W AppOps  : Finishing op nesting under-run: uid 10078 pkg com.quicinc.trepn code 24 time=0 duration=0 nesting=0
08-06 14:01:55.719 31433 31444 I art     : Starting a blocking GC Explicit
08-06 14:01:55.787 31433 31444 I art     : Explicit concurrent mark sweep GC freed 1442(82KB) AllocSpace objects, 1(20KB) LOS objects, 27% free, 41MB/57MB, paused 1.991ms total 67.166ms
08-06 14:01:55.807 31433 31444 I art     : Starting a blocking GC Explicit
08-06 14:01:55.884 31433 31444 I art     : Explicit concurrent mark sweep GC freed 22(784B) AllocSpace objects, 0(0B) LOS objects, 27% free, 41MB/57MB, paused 2.301ms total 76.797ms
08-06 14:01:55.908 31433 31444 I art     : Starting a blocking GC Explicit
08-06 14:01:55.984 31433 31444 I art     : Explicit concurrent mark sweep GC freed 3(96B) AllocSpace objects, 0(0B) LOS objects, 27% free, 41MB/57MB, paused 2.444ms total 76.075ms
08-06 14:01:56.006 31433 31444 I art     : Starting a blocking GC Explicit
08-06 14:01:56.084 31433 31444 I art     : Explicit concurrent mark sweep GC freed 3(96B) AllocSpace objects, 0(0B) LOS objects, 27% free, 41MB/57MB, paused 2.250ms total 77.170ms
08-06 14:01:56.107 31433 31444 I art     : Starting a blocking GC Explicit
08-06 14:01:56.186 31433 31444 I art     : Explicit concurrent mark sweep GC freed 3(96B) AllocSpace objects, 0(0B) LOS objects, 27% free, 41MB/57MB, paused 2.938ms total 78.749ms
08-06 14:01:57.559   518   646 I ThermalEngine: ACTION: GPU - Setting GPU[0] to 450000000
08-06 14:01:58.496 31433 16377 E baseline.com.newsblur.network.APIResponse: Error (unexpected end of stream on https://www.newsblur.com/...) calling https://www.newsblur.com/reader/feed_unread_count?feed_id=0
08-06 14:01:58.496 31433 16377 E baseline.com.newsblur.network.APIResponse: java.io.IOException: unexpected end of stream on https://www.newsblur.com/...
08-06 14:01:58.496 31433 16377 E baseline.com.newsblur.network.APIResponse: 	at okhttp3.internal.http1.Http1ExchangeCodec.readResponseHeaders(Http1ExchangeCodec.java:236)
08-06 14:01:58.496 31433 16377 E baseline.com.newsblur.network.APIResponse: 	at okhttp3.internal.connection.Exchange.readResponseHeaders(Exchange.java:115)
08-06 14:01:58.496 31433 16377 E baseline.com.newsblur.network.APIResponse: 	at okhttp3.internal.http.CallServerInterceptor.intercept(CallServerInterceptor.java:94)
08-06 14:01:58.496 31433 16377 E baseline.com.newsblur.network.APIResponse: 	at okhttp3.internal.http.RealInterceptorChain.proceed(RealInterceptorChain.java:142)
08-06 14:01:58.496 31433 16377 E baseline.com.newsblur.network.APIResponse: 	at okhttp3.internal.connection.ConnectInterceptor.intercept(ConnectInterceptor.java:43)
08-06 14:01:58.496 31433 16377 E baseline.com.newsblur.network.APIResponse: 	at okhttp3.internal.http.RealInterceptorChain.proceed(RealInterceptorChain.java:142)
08-06 14:01:58.496 31433 16377 E baseline.com.newsblur.network.APIResponse: 	at okhttp3.internal.http.RealInterceptorChain.proceed(RealInterceptorChain.java:117)
08-06 14:01:58.496 31433 16377 E baseline.com.newsblur.network.APIResponse: 	at okhttp3.internal.cache.CacheInterceptor.intercept(CacheInterceptor.java:94)
08-06 14:01:58.496 31433 16377 E baseline.com.newsblur.network.APIResponse: 	at okhttp3.internal.http.RealInterceptorChain.proceed(RealInterceptorChain.java:142)
08-06 14:01:58.496 31433 16377 E baseline.com.newsblur.network.APIResponse: 	at okhttp3.internal.http.RealInterceptorChain.proceed(RealInterceptorChain.java:117)
08-06 14:01:58.496 31433 16377 E baseline.com.newsblur.network.APIResponse: 	at okhttp3.internal.http.BridgeInterceptor.intercept(BridgeInterceptor.java:93)
08-06 14:01:58.496 31433 16377 E baseline.com.newsblur.network.APIResponse: 	at okhttp3.internal.http.RealInterceptorChain.proceed(RealInterceptorChain.java:142)
08-06 14:01:58.496 31433 16377 E baseline.com.newsblur.network.APIResponse: 	at okhttp3.internal.http.RetryAndFollowUpInterceptor.intercept(RetryAndFollowUpInterceptor.java:88)
08-06 14:01:58.496 31433 16377 E baseline.com.newsblur.network.APIResponse: 	at okhttp3.internal.http.RealInterceptorChain.proceed(RealInterceptorChain.java:142)
08-06 14:01:58.496 31433 16377 E baseline.com.newsblur.network.APIResponse: 	at okhttp3.internal.http.RealInterceptorChain.proceed(RealInterceptorChain.java:117)
08-06 14:01:58.496 31433 16377 E baseline.com.newsblur.network.APIResponse: 	at okhttp3.RealCall.getResponseWithInterceptorChain(RealCall.java:229)
08-06 14:01:58.496 31433 16377 E baseline.com.newsblur.network.APIResponse: 	at okhttp3.RealCall.execute(RealCall.java:81)
08-06 14:01:58.496 31433 16377 E baseline.com.newsblur.network.APIResponse: 	at baseline.com.newsblur.network.APIResponse.<init>(APIResponse.java:57)
08-06 14:01:58.496 31433 16377 E baseline.com.newsblur.network.APIResponse: 	at baseline.com.newsblur.network.APIManager.get_single(APIManager.java:639)
08-06 14:01:58.496 31433 16377 E baseline.com.newsblur.network.APIResponse: 	at baseline.com.newsblur.network.APIManager.get(APIManager.java:625)
08-06 14:01:58.496 31433 16377 E baseline.com.newsblur.network.APIResponse: 	at baseline.com.newsblur.network.APIManager.get(APIManager.java:667)
08-06 14:01:58.496 31433 16377 E baseline.com.newsblur.network.APIResponse: 	at baseline.com.newsblur.network.APIManager.getFeedUnreadCounts(APIManager.java:274)
08-06 14:01:58.496 31433 16377 E baseline.com.newsblur.network.APIResponse: 	at baseline.com.newsblur.service.NBSyncService.checkRecounts(NBSyncService.java:660)
08-06 14:01:58.496 31433 16377 E baseline.com.newsblur.network.APIResponse: 	at baseline.com.newsblur.service.NBSyncService.doSync(NBSyncService.java:310)
08-06 14:01:58.496 31433 16377 E baseline.com.newsblur.network.APIResponse: 	at baseline.com.newsblur.service.NBSyncService.access$100(NBSyncService.java:67)
08-06 14:01:58.496 31433 16377 E baseline.com.newsblur.network.APIResponse: 	at baseline.com.newsblur.service.NBSyncService$1.run(NBSyncService.java:188)
08-06 14:01:58.496 31433 16377 E baseline.com.newsblur.network.APIResponse: 	at java.util.concurrent.ThreadPoolExecutor.runWorker(ThreadPoolExecutor.java:1113)
08-06 14:01:58.496 31433 16377 E baseline.com.newsblur.network.APIResponse: 	at java.util.concurrent.ThreadPoolExecutor$Worker.run(ThreadPoolExecutor.java:588)
08-06 14:01:58.496 31433 16377 E baseline.com.newsblur.network.APIResponse: 	at java.lang.Thread.run(Thread.java:818)
08-06 14:01:58.496 31433 16377 E baseline.com.newsblur.network.APIResponse: Caused by: java.io.EOFException: \n not found: limit=0 content=
08-06 14:01:58.496 31433 16377 E baseline.com.newsblur.network.APIResponse: 	at okio.RealBufferedSource.readUtf8LineStrict(RealBufferedSource.java:240)
08-06 14:01:58.496 31433 16377 E baseline.com.newsblur.network.APIResponse: 	at okhttp3.internal.http1.Http1ExchangeCodec.readHeaderLine(Http1ExchangeCodec.java:242)
08-06 14:01:58.496 31433 16377 E baseline.com.newsblur.network.APIResponse: 	at okhttp3.internal.http1.Http1ExchangeCodec.readResponseHeaders(Http1ExchangeCodec.java:213)
08-06 14:01:58.496 31433 16377 E baseline.com.newsblur.network.APIResponse: 	... 28 more
08-06 14:01:58.498 31433 16377 W baseline.com.newsblur.service.NBSyncService: Bad response to feed_unread_count
