08-06 03:43:46.022  1142  1153 I art     : Starting a blocking GC Explicit
08-06 03:43:46.044 12453 12453 I Radio-JNI: register_android_hardware_Radio DONE
08-06 03:43:46.064  1142  1153 I art     : Explicit concurrent mark sweep GC freed 1650(64KB) AllocSpace objects, 0(0B) LOS objects, 28% free, 41MB/57MB, paused 1.213ms total 41.283ms
08-06 03:43:46.066 12453 12453 D AndroidRuntime: Calling main entry com.android.commands.input.Input
08-06 03:43:46.068 12453 12453 I Input   : injectKeyEvent: KeyEvent { action=ACTION_DOWN, keyCode=KEYCODE_BACK, scanCode=0, metaState=0, flags=0x0, repeatCount=0, eventTime=848642481, downTime=848642481, deviceId=-1, source=0x101 }
08-06 03:43:46.074 12453 12453 I Input   : injectKeyEvent: KeyEvent { action=ACTION_UP, keyCode=KEYCODE_BACK, scanCode=0, metaState=0, flags=0x0, repeatCount=0, eventTime=848642481, downTime=848642481, deviceId=-1, source=0x101 }
08-06 03:43:46.074  1142  1153 I art     : Starting a blocking GC Explicit
08-06 03:43:46.081 12453 12453 D AndroidRuntime: Shutting down VM
08-06 03:43:46.090  1142  1142 D baseline.com.newsblur.service.NBSyncService: rejecting request for feedset that is exhaused
08-06 03:43:46.099  1142 11533 E baseline.com.newsblur.network.APIResponse: Error (unexpected end of stream on https://www.newsblur.com/...) calling https://www.newsblur.com/reader/mark_story_hashes_as_read/
08-06 03:43:46.099  1142 11533 E baseline.com.newsblur.network.APIResponse: java.io.IOException: unexpected end of stream on https://www.newsblur.com/...
08-06 03:43:46.099  1142 11533 E baseline.com.newsblur.network.APIResponse: 	at okhttp3.internal.http1.Http1ExchangeCodec.readResponseHeaders(Http1ExchangeCodec.java:236)
08-06 03:43:46.099  1142 11533 E baseline.com.newsblur.network.APIResponse: 	at okhttp3.internal.connection.Exchange.readResponseHeaders(Exchange.java:115)
08-06 03:43:46.099  1142 11533 E baseline.com.newsblur.network.APIResponse: 	at okhttp3.internal.http.CallServerInterceptor.intercept(CallServerInterceptor.java:94)
08-06 03:43:46.099  1142 11533 E baseline.com.newsblur.network.APIResponse: 	at okhttp3.internal.http.RealInterceptorChain.proceed(RealInterceptorChain.java:142)
08-06 03:43:46.099  1142 11533 E baseline.com.newsblur.network.APIResponse: 	at okhttp3.internal.connection.ConnectInterceptor.intercept(ConnectInterceptor.java:43)
08-06 03:43:46.099  1142 11533 E baseline.com.newsblur.network.APIResponse: 	at okhttp3.internal.http.RealInterceptorChain.proceed(RealInterceptorChain.java:142)
08-06 03:43:46.099  1142 11533 E baseline.com.newsblur.network.APIResponse: 	at okhttp3.internal.http.RealInterceptorChain.proceed(RealInterceptorChain.java:117)
08-06 03:43:46.099  1142 11533 E baseline.com.newsblur.network.APIResponse: 	at okhttp3.internal.cache.CacheInterceptor.intercept(CacheInterceptor.java:94)
08-06 03:43:46.099  1142 11533 E baseline.com.newsblur.network.APIResponse: 	at okhttp3.internal.http.RealInterceptorChain.proceed(RealInterceptorChain.java:142)
08-06 03:43:46.099  1142 11533 E baseline.com.newsblur.network.APIResponse: 	at okhttp3.internal.http.RealInterceptorChain.proceed(RealInterceptorChain.java:117)
08-06 03:43:46.099  1142 11533 E baseline.com.newsblur.network.APIResponse: 	at okhttp3.internal.http.BridgeInterceptor.intercept(BridgeInterceptor.java:93)
08-06 03:43:46.099  1142 11533 E baseline.com.newsblur.network.APIResponse: 	at okhttp3.internal.http.RealInterceptorChain.proceed(RealInterceptorChain.java:142)
08-06 03:43:46.099  1142 11533 E baseline.com.newsblur.network.APIResponse: 	at okhttp3.internal.http.RetryAndFollowUpInterceptor.intercept(RetryAndFollowUpInterceptor.java:88)
08-06 03:43:46.099  1142 11533 E baseline.com.newsblur.network.APIResponse: 	at okhttp3.internal.http.RealInterceptorChain.proceed(RealInterceptorChain.java:142)
08-06 03:43:46.099  1142 11533 E baseline.com.newsblur.network.APIResponse: 	at okhttp3.internal.http.RealInterceptorChain.proceed(RealInterceptorChain.java:117)
08-06 03:43:46.099  1142 11533 E baseline.com.newsblur.network.APIResponse: 	at okhttp3.RealCall.getResponseWithInterceptorChain(RealCall.java:229)
08-06 03:43:46.099  1142 11533 E baseline.com.newsblur.network.APIResponse: 	at okhttp3.RealCall.execute(RealCall.java:81)
08-06 03:43:46.099  1142 11533 E baseline.com.newsblur.network.APIResponse: 	at baseline.com.newsblur.network.APIResponse.<init>(APIResponse.java:57)
08-06 03:43:46.099  1142 11533 E baseline.com.newsblur.network.APIResponse: 	at baseline.com.newsblur.network.APIResponse.<init>(APIResponse.java:43)
08-06 03:43:46.099  1142 11533 E baseline.com.newsblur.network.APIResponse: 	at baseline.com.newsblur.network.APIManager.post_single(APIManager.java:702)
08-06 03:43:46.099  1142 11533 E baseline.com.newsblur.network.APIResponse: 	at baseline.com.newsblur.network.APIManager.post(APIManager.java:675)
08-06 03:43:46.099  1142 11533 E baseline.com.newsblur.network.APIResponse: 	at baseline.com.newsblur.network.APIManager.post(APIManager.java:714)
08-06 03:43:46.099  1142 11533 E baseline.com.newsblur.network.APIResponse: 	at baseline.com.newsblur.network.APIManager.markStoryAsRead(APIManager.java:205)
08-06 03:43:46.099  1142 11533 E baseline.com.newsblur.network.APIResponse: 	at baseline.com.newsblur.util.ReadingAction.doRemote(ReadingAction.java:281)
08-06 03:43:46.099  1142 11533 E baseline.com.newsblur.network.APIResponse: 	at baseline.com.newsblur.service.NBSyncService.syncActions(NBSyncService.java:400)
08-06 03:43:46.099  1142 11533 E baseline.com.newsblur.network.APIResponse: 	at baseline.com.newsblur.service.NBSyncService.doSync(NBSyncService.java:298)
08-06 03:43:46.099  1142 11533 E baseline.com.newsblur.network.APIResponse: 	at baseline.com.newsblur.service.NBSyncService.access$100(NBSyncService.java:67)
08-06 03:43:46.099  1142 11533 E baseline.com.newsblur.network.APIResponse: 	at baseline.com.newsblur.service.NBSyncService$1.run(NBSyncService.java:188)
08-06 03:43:46.099  1142 11533 E baseline.com.newsblur.network.APIResponse: 	at java.util.concurrent.ThreadPoolExecutor.runWorker(ThreadPoolExecutor.java:1113)
08-06 03:43:46.099  1142 11533 E baseline.com.newsblur.network.APIResponse: 	at java.util.concurrent.ThreadPoolExecutor$Worker.run(ThreadPoolExecutor.java:588)
08-06 03:43:46.099  1142 11533 E baseline.com.newsblur.network.APIResponse: 	at java.lang.Thread.run(Thread.java:818)
08-06 03:43:46.099  1142 11533 E baseline.com.newsblur.network.APIResponse: Caused by: java.io.EOFException: \n not found: limit=0 content=
08-06 03:43:46.099  1142 11533 E baseline.com.newsblur.network.APIResponse: 	at okio.RealBufferedSource.readUtf8LineStrict(RealBufferedSource.java:240)
08-06 03:43:46.099  1142 11533 E baseline.com.newsblur.network.APIResponse: 	at okhttp3.internal.http1.Http1ExchangeCodec.readHeaderLine(Http1ExchangeCodec.java:242)
08-06 03:43:46.099  1142 11533 E baseline.com.newsblur.network.APIResponse: 	at okhttp3.internal.http1.Http1ExchangeCodec.readResponseHeaders(Http1ExchangeCodec.java:213)
08-06 03:43:46.099  1142 11533 E baseline.com.newsblur.network.APIResponse: 	... 30 more
08-06 03:43:46.101  1142 11533 I baseline.com.newsblur.network.APIManager: API call failed, pausing before retry number 2
08-06 03:43:46.114  1142  1153 I art     : Explicit concurrent mark sweep GC freed 1053(235KB) AllocSpace objects, 4(80KB) LOS objects, 28% free, 41MB/57MB, paused 1.031ms total 39.014ms
08-06 03:43:46.220  1142  1142 D baseline.com.newsblur.service.NBSyncService: rejecting request for feedset that is exhaused
08-06 03:43:46.222 13866 13866 I GoogleInputMethodServic: GoogleInputMethodService.onFinishInput():3138 
08-06 03:43:46.225 13866 13866 I GoogleInputMethodServic: GoogleInputMethodService.onStartInput():1808 
08-06 03:43:46.402  1142 10856 I art     : Starting a blocking GC Explicit
08-06 03:43:46.443  1142 10856 I art     : Explicit concurrent mark sweep GC freed 3160(238KB) AllocSpace objects, 4(88KB) LOS objects, 28% free, 40MB/56MB, paused 952us total 40.684ms
08-06 03:43:46.453  1142 10856 I art     : Starting a blocking GC Explicit
08-06 03:43:46.492  1142 10856 I art     : Explicit concurrent mark sweep GC freed 162(8KB) AllocSpace objects, 0(0B) LOS objects, 28% free, 40MB/56MB, paused 981us total 39.188ms
08-06 03:43:46.503  1142 10856 I art     : Starting a blocking GC Explicit
08-06 03:43:46.540  1142 10856 I art     : Explicit concurrent mark sweep GC freed 3(96B) AllocSpace objects, 0(0B) LOS objects, 28% free, 40MB/56MB, paused 1.010ms total 37.179ms
08-06 03:43:46.552  1142 10856 I art     : Starting a blocking GC Explicit
08-06 03:43:46.591  1142 10856 I art     : Explicit concurrent mark sweep GC freed 1228(58KB) AllocSpace objects, 0(0B) LOS objects, 28% free, 40MB/56MB, paused 980us total 38.986ms
08-06 03:43:46.603  1142 10856 I art     : Starting a blocking GC Explicit
08-06 03:43:46.642  1142 10856 I art     : Explicit concurrent mark sweep GC freed 121(6KB) AllocSpace objects, 0(0B) LOS objects, 28% free, 40MB/56MB, paused 1.118ms total 39.141ms
08-06 03:43:46.970  1142 11214 I art     : Starting a blocking GC Explicit
08-06 03:43:47.016  1142 11214 I art     : Explicit concurrent mark sweep GC freed 1509(85KB) AllocSpace objects, 1(20KB) LOS objects, 28% free, 40MB/56MB, paused 1.266ms total 46.115ms
08-06 03:43:47.028  1142 11214 I art     : Starting a blocking GC Explicit
08-06 03:43:47.074  1142 11214 I art     : Explicit concurrent mark sweep GC freed 28(976B) AllocSpace objects, 0(0B) LOS objects, 28% free, 40MB/56MB, paused 1.040ms total 46.047ms
08-06 03:43:47.087  1142 11214 I art     : Starting a blocking GC Explicit
08-06 03:43:47.133  1142 11214 I art     : Explicit concurrent mark sweep GC freed 11(352B) AllocSpace objects, 0(0B) LOS objects, 28% free, 40MB/56MB, paused 1.259ms total 45.832ms
08-06 03:43:47.144  1142 11214 I art     : Starting a blocking GC Explicit
08-06 03:43:47.191  1142 11214 I art     : Explicit concurrent mark sweep GC freed 9(288B) AllocSpace objects, 0(0B) LOS objects, 28% free, 40MB/56MB, paused 1.103ms total 46.598ms
08-06 03:43:47.204  1142 11214 I art     : Starting a blocking GC Explicit
08-06 03:43:47.249  1142 11214 I art     : Explicit concurrent mark sweep GC freed 11(352B) AllocSpace objects, 0(0B) LOS objects, 28% free, 40MB/56MB, paused 1.559ms total 44.951ms
08-06 03:43:47.595  1142  1153 I art     : Starting a blocking GC Explicit
08-06 03:43:47.646  1142  1153 I art     : Explicit concurrent mark sweep GC freed 1492(84KB) AllocSpace objects, 1(20KB) LOS objects, 28% free, 40MB/56MB, paused 1.125ms total 50.453ms
08-06 03:43:47.659  1142  1153 I art     : Starting a blocking GC Explicit
08-06 03:43:47.702   518   646 I ThermalEngine: ACTION: GPU - Setting GPU[0] to 450000000
08-06 03:43:47.712  1142  1153 I art     : Explicit concurrent mark sweep GC freed 26(912B) AllocSpace objects, 0(0B) LOS objects, 28% free, 40MB/56MB, paused 1.524ms total 53.014ms
08-06 03:43:47.727  1142  1153 I art     : Starting a blocking GC Explicit
08-06 03:43:47.764 12496 12496 D AndroidRuntime: >>>>>> START com.android.internal.os.RuntimeInit uid 2000 <<<<<<
08-06 03:43:47.769 12496 12496 D AndroidRuntime: CheckJNI is OFF
08-06 03:43:47.781  1142  1153 I art     : Explicit concurrent mark sweep GC freed 3(96B) AllocSpace objects, 0(0B) LOS objects, 28% free, 40MB/56MB, paused 1.636ms total 53.723ms
08-06 03:43:47.795  1142  1153 I art     : Starting a blocking GC Explicit
08-06 03:43:47.817 12496 12496 D ICU     : No timezone override file found: /data/misc/zoneinfo/current/icu/icu_tzdata.dat
08-06 03:43:47.851  1142  1153 I art     : Explicit concurrent mark sweep GC freed 3(96B) AllocSpace objects, 0(0B) LOS objects, 28% free, 40MB/56MB, paused 1.564ms total 55.368ms
08-06 03:43:47.862 12496 12496 I Radio-JNI: register_android_hardware_Radio DONE
08-06 03:43:47.865  1142  1153 I art     : Starting a blocking GC Explicit
08-06 03:43:47.892 12496 12496 D AndroidRuntime: Calling main entry com.android.commands.input.Input
08-06 03:43:47.895 12496 12496 I Input   : injectMotionEvent: MotionEvent { action=ACTION_DOWN, actionButton=0, id[0]=0, x[0]=435.0, y[0]=858.0, toolType[0]=TOOL_TYPE_UNKNOWN, buttonState=0, metaState=0, flags=0x0, edgeFlags=0x0, pointerCount=1, historySize=0, eventTime=848644307, downTime=848644307, deviceId=0, source=0x1002 }
08-06 03:43:47.900 12496 12496 I Input   : injectMotionEvent: MotionEvent { action=ACTION_UP, actionButton=0, id[0]=0, x[0]=435.0, y[0]=858.0, toolType[0]=TOOL_TYPE_UNKNOWN, buttonState=0, metaState=0, flags=0x0, edgeFlags=0x0, pointerCount=1, historySize=0, eventTime=848644307, downTime=848644307, deviceId=0, source=0x1002 }
08-06 03:43:47.902 12496 12496 D AndroidRuntime: Shutting down VM
08-06 03:43:47.912   512  2967 D audio_hw_primary: out_set_parameters: enter: usecase(1: low-latency-playback) kvpairs: routing=2
08-06 03:43:47.913   918   928 I ActivityManager: START u0 {cmp=baseline.com.newsblur/.activity.AllSharedStoriesReading (has extras)} from uid 10698 on display 0
08-06 03:43:47.919  1142  1153 I art     : Explicit concurrent mark sweep GC freed 444(64KB) AllocSpace objects, 0(0B) LOS objects, 28% free, 40MB/56MB, paused 2.569ms total 54.037ms
08-06 03:43:47.925   512  2967 D audio_hw_primary: select_devices: out_snd_device(2: speaker) in_snd_device(0: none)
08-06 03:43:47.925   512  2967 D msm8974_platform: platform_send_audio_calibration: sending audio calibration for snd_device(2) acdb_id(15)
08-06 03:43:47.926   512  2967 I soundtrigger: audio_extn_sound_trigger_update_device_status: device 0x2 of type 0 for Event 1
08-06 03:43:47.936   512  2967 D audio_hw_primary: enable_snd_device: snd_device(2: speaker)
08-06 03:43:47.939   512  2967 D audio_hw_primary: enable_audio_route: apply and update mixer path: low-latency-playback speaker
08-06 03:43:48.176 13866 13866 I GoogleInputMethodServic: GoogleInputMethodService.onFinishInput():3138 
08-06 03:43:48.177 13866 13866 I GoogleInputMethodServic: GoogleInputMethodService.onStartInput():1808 
08-06 03:43:48.178   918   936 I ActivityManager: Displayed baseline.com.newsblur/.activity.AllSharedStoriesReading: +251ms
08-06 03:43:48.285  1142  1153 I art     : Starting a blocking GC Explicit
08-06 03:43:48.343  1142  1153 I art     : Explicit concurrent mark sweep GC freed 5836(469KB) AllocSpace objects, 19(844KB) LOS objects, 27% free, 41MB/57MB, paused 1.545ms total 57.107ms
08-06 03:43:48.364  1142  1153 I art     : Starting a blocking GC Explicit
08-06 03:43:48.416  1142  1153 I art     : Explicit concurrent mark sweep GC freed 1869(134KB) AllocSpace objects, 1(28KB) LOS objects, 27% free, 41MB/57MB, paused 1.429ms total 51.989ms
08-06 03:43:48.429  1142  1153 I art     : Starting a blocking GC Explicit
08-06 03:43:48.478   512  2967 D audio_hw_primary: disable_audio_route: reset and update mixer path: low-latency-playback speaker
08-06 03:43:48.479  1142 11210 E chromium: [ERROR:tile_manager.cc(793)] WARNING: tile memory limits exceeded, some content may not draw
08-06 03:43:48.479  1142  1153 I art     : Explicit concurrent mark sweep GC freed 315(30KB) AllocSpace objects, 0(0B) LOS objects, 27% free, 41MB/57MB, paused 1.623ms total 48.974ms
08-06 03:43:48.479  1142 11210 E chromium: [ERROR:tile_manager.cc(793)] WARNING: tile memory limits exceeded, some content may not draw
08-06 03:43:48.479   512  2967 D audio_hw_primary: disable_snd_device: snd_device(2: speaker)
08-06 03:43:48.487   512  2967 I soundtrigger: audio_extn_sound_trigger_update_device_status: device 0x2 of type 0 for Event 0
08-06 03:43:48.492  1142  1153 I art     : Starting a blocking GC Explicit
08-06 03:43:48.540  1142  1153 I art     : Explicit concurrent mark sweep GC freed 35(1520B) AllocSpace objects, 0(0B) LOS objects, 27% free, 41MB/57MB, paused 1.438ms total 48.255ms
08-06 03:43:48.556  1142  1153 I art     : Starting a blocking GC Explicit
08-06 03:43:48.611  1142  1153 I art     : Explicit concurrent mark sweep GC freed 149(17KB) AllocSpace objects, 2(48KB) LOS objects, 27% free, 41MB/57MB, paused 1.408ms total 54.955ms
08-06 03:43:48.985  1142  1154 I art     : Starting a blocking GC Explicit
08-06 03:43:49.045  1142  1154 I art     : Explicit concurrent mark sweep GC freed 1460(83KB) AllocSpace objects, 1(20KB) LOS objects, 27% free, 41MB/57MB, paused 1.498ms total 60.323ms
08-06 03:43:49.060  1142  1154 I art     : Starting a blocking GC Explicit
08-06 03:43:49.117  1142  1154 I art     : Explicit concurrent mark sweep GC freed 113(4KB) AllocSpace objects, 0(0B) LOS objects, 27% free, 41MB/57MB, paused 1.594ms total 57.099ms
08-06 03:43:49.132  1142  1154 I art     : Starting a blocking GC Explicit
08-06 03:43:49.189  1142  1154 I art     : Explicit concurrent mark sweep GC freed 9(352B) AllocSpace objects, 0(0B) LOS objects, 27% free, 41MB/57MB, paused 1.659ms total 56.637ms
08-06 03:43:49.203  1142  1154 I art     : Starting a blocking GC Explicit
08-06 03:43:49.262  1142  1154 I art     : Explicit concurrent mark sweep GC freed 71(5KB) AllocSpace objects, 0(0B) LOS objects, 27% free, 41MB/57MB, paused 1.616ms total 58.065ms
08-06 03:43:49.277  1142  1154 I art     : Starting a blocking GC Explicit
08-06 03:43:49.334  1142  1154 I art     : Explicit concurrent mark sweep GC freed 9(400B) AllocSpace objects, 0(0B) LOS objects, 27% free, 41MB/57MB, paused 1.557ms total 57.332ms
08-06 03:43:49.498  1142 11210 E chromium: [ERROR:tile_manager.cc(793)] WARNING: tile memory limits exceeded, some content may not draw
08-06 03:43:49.498  1142 11210 E chromium: [ERROR:tile_manager.cc(793)] WARNING: tile memory limits exceeded, some content may not draw
08-06 03:43:49.528  1142 11210 E chromium: [ERROR:tile_manager.cc(793)] WARNING: tile memory limits exceeded, some content may not draw
08-06 03:43:49.529  1142 11210 E chromium: [ERROR:tile_manager.cc(793)] WARNING: tile memory limits exceeded, some content may not draw
08-06 03:43:49.544  1142 11210 E chromium: [ERROR:tile_manager.cc(793)] WARNING: tile memory limits exceeded, some content may not draw
08-06 03:43:49.545  1142 11210 E chromium: [ERROR:tile_manager.cc(793)] WARNING: tile memory limits exceeded, some content may not draw
08-06 03:43:49.666  1142 11533 E baseline.com.newsblur.network.APIResponse: Error (unexpected end of stream on https://www.newsblur.com/...) calling https://www.newsblur.com/reader/mark_story_hashes_as_read/
08-06 03:43:49.666  1142 11533 E baseline.com.newsblur.network.APIResponse: java.io.IOException: unexpected end of stream on https://www.newsblur.com/...
08-06 03:43:49.666  1142 11533 E baseline.com.newsblur.network.APIResponse: 	at okhttp3.internal.http1.Http1ExchangeCodec.readResponseHeaders(Http1ExchangeCodec.java:236)
08-06 03:43:49.666  1142 11533 E baseline.com.newsblur.network.APIResponse: 	at okhttp3.internal.connection.Exchange.readResponseHeaders(Exchange.java:115)
08-06 03:43:49.666  1142 11533 E baseline.com.newsblur.network.APIResponse: 	at okhttp3.internal.http.CallServerInterceptor.intercept(CallServerInterceptor.java:94)
08-06 03:43:49.666  1142 11533 E baseline.com.newsblur.network.APIResponse: 	at okhttp3.internal.http.RealInterceptorChain.proceed(RealInterceptorChain.java:142)
08-06 03:43:49.666  1142 11533 E baseline.com.newsblur.network.APIResponse: 	at okhttp3.internal.connection.ConnectInterceptor.intercept(ConnectInterceptor.java:43)
08-06 03:43:49.666  1142 11533 E baseline.com.newsblur.network.APIResponse: 	at okhttp3.internal.http.RealInterceptorChain.proceed(RealInterceptorChain.java:142)
08-06 03:43:49.666  1142 11533 E baseline.com.newsblur.network.APIResponse: 	at okhttp3.internal.http.RealInterceptorChain.proceed(RealInterceptorChain.java:117)
08-06 03:43:49.666  1142 11533 E baseline.com.newsblur.network.APIResponse: 	at okhttp3.internal.cache.CacheInterceptor.intercept(CacheInterceptor.java:94)
08-06 03:43:49.666  1142 11533 E baseline.com.newsblur.network.APIResponse: 	at okhttp3.internal.http.RealInterceptorChain.proceed(RealInterceptorChain.java:142)
08-06 03:43:49.666  1142 11533 E baseline.com.newsblur.network.APIResponse: 	at okhttp3.internal.http.RealInterceptorChain.proceed(RealInterceptorChain.java:117)
08-06 03:43:49.666  1142 11533 E baseline.com.newsblur.network.APIResponse: 	at okhttp3.internal.http.BridgeInterceptor.intercept(BridgeInterceptor.java:93)
08-06 03:43:49.666  1142 11533 E baseline.com.newsblur.network.APIResponse: 	at okhttp3.internal.http.RealInterceptorChain.proceed(RealInterceptorChain.java:142)
08-06 03:43:49.666  1142 11533 E baseline.com.newsblur.network.APIResponse: 	at okhttp3.internal.http.RetryAndFollowUpInterceptor.intercept(RetryAndFollowUpInterceptor.java:88)
08-06 03:43:49.666  1142 11533 E baseline.com.newsblur.network.APIResponse: 	at okhttp3.internal.http.RealInterceptorChain.proceed(RealInterceptorChain.java:142)
08-06 03:43:49.666  1142 11533 E baseline.com.newsblur.network.APIResponse: 	at okhttp3.internal.http.RealInterceptorChain.proceed(RealInterceptorChain.java:117)
08-06 03:43:49.666  1142 11533 E baseline.com.newsblur.network.APIResponse: 	at okhttp3.RealCall.getResponseWithInterceptorChain(RealCall.java:229)
08-06 03:43:49.666  1142 11533 E baseline.com.newsblur.network.APIResponse: 	at okhttp3.RealCall.execute(RealCall.java:81)
08-06 03:43:49.666  1142 11533 E baseline.com.newsblur.network.APIResponse: 	at baseline.com.newsblur.network.APIResponse.<init>(APIResponse.java:57)
08-06 03:43:49.666  1142 11533 E baseline.com.newsblur.network.APIResponse: 	at baseline.com.newsblur.network.APIResponse.<init>(APIResponse.java:43)
08-06 03:43:49.666  1142 11533 E baseline.com.newsblur.network.APIResponse: 	at baseline.com.newsblur.network.APIManager.post_single(APIManager.java:702)
08-06 03:43:49.666  1142 11533 E baseline.com.newsblur.network.APIResponse: 	at baseline.com.newsblur.network.APIManager.post(APIManager.java:675)
08-06 03:43:49.666  1142 11533 E baseline.com.newsblur.network.APIResponse: 	at baseline.com.newsblur.network.APIManager.post(APIManager.java:714)
08-06 03:43:49.666  1142 11533 E baseline.com.newsblur.network.APIResponse: 	at baseline.com.newsblur.network.APIManager.markStoryAsRead(APIManager.java:205)
08-06 03:43:49.666  1142 11533 E baseline.com.newsblur.network.APIResponse: 	at baseline.com.newsblur.util.ReadingAction.doRemote(ReadingAction.java:281)
08-06 03:43:49.666  1142 11533 E baseline.com.newsblur.network.APIResponse: 	at baseline.com.newsblur.service.NBSyncService.syncActions(NBSyncService.java:400)
08-06 03:43:49.666  1142 11533 E baseline.com.newsblur.network.APIResponse: 	at baseline.com.newsblur.service.NBSyncService.doSync(NBSyncService.java:298)
08-06 03:43:49.666  1142 11533 E baseline.com.newsblur.network.APIResponse: 	at baseline.com.newsblur.service.NBSyncService.access$100(NBSyncService.java:67)
08-06 03:43:49.666  1142 11533 E baseline.com.newsblur.network.APIResponse: 	at baseline.com.newsblur.service.NBSyncService$1.run(NBSyncService.java:188)
08-06 03:43:49.666  1142 11533 E baseline.com.newsblur.network.APIResponse: 	at java.util.concurrent.ThreadPoolExecutor.runWorker(ThreadPoolExecutor.java:1113)
08-06 03:43:49.666  1142 11533 E baseline.com.newsblur.network.APIResponse: 	at java.util.concurrent.ThreadPoolExecutor$Worker.run(ThreadPoolExecutor.java:588)
08-06 03:43:49.666  1142 11533 E baseline.com.newsblur.network.APIResponse: 	at java.lang.Thread.run(Thread.java:818)
08-06 03:43:49.666  1142 11533 E baseline.com.newsblur.network.APIResponse: Caused by: java.io.EOFException: \n not found: limit=0 content=
08-06 03:43:49.666  1142 11533 E baseline.com.newsblur.network.APIResponse: 	at okio.RealBufferedSource.readUtf8LineStrict(RealBufferedSource.java:240)
08-06 03:43:49.666  1142 11533 E baseline.com.newsblur.network.APIResponse: 	at okhttp3.internal.http1.Http1ExchangeCodec.readHeaderLine(Http1ExchangeCodec.java:242)
08-06 03:43:49.666  1142 11533 E baseline.com.newsblur.network.APIResponse: 	at okhttp3.internal.http1.Http1ExchangeCodec.readResponseHeaders(Http1ExchangeCodec.java:213)
08-06 03:43:49.666  1142 11533 E baseline.com.newsblur.network.APIResponse: 	... 30 more
08-06 03:43:49.667  1142 11533 I baseline.com.newsblur.service.NBSyncService: Holding reading action with server-side or network error.
08-06 03:43:49.677  1142 11533 W baseline.com.newsblur.service.NBSyncService: hard API failure
08-06 03:43:49.714  1142 10856 I art     : Starting a blocking GC Explicit
08-06 03:43:49.773  1142 10856 I art     : Explicit concurrent mark sweep GC freed 5075(577KB) AllocSpace objects, 17(340KB) LOS objects, 27% free, 41MB/57MB, paused 1.399ms total 58.378ms
08-06 03:43:49.788  1142 10856 I art     : Starting a blocking GC Explicit
08-06 03:43:49.848  1142 10856 I art     : Explicit concurrent mark sweep GC freed 762(28KB) AllocSpace objects, 0(0B) LOS objects, 27% free, 41MB/57MB, paused 1.528ms total 59.804ms
08-06 03:43:49.862  1142 10856 I art     : Starting a blocking GC Explicit
08-06 03:43:49.924  1142 10856 I art     : Explicit concurrent mark sweep GC freed 3(96B) AllocSpace objects, 0(0B) LOS objects, 27% free, 41MB/57MB, paused 1.385ms total 61.604ms
08-06 03:43:49.942  1142 10856 I art     : Starting a blocking GC Explicit
08-06 03:43:50.002  1142 10856 I art     : Explicit concurrent mark sweep GC freed 3(96B) AllocSpace objects, 0(0B) LOS objects, 27% free, 41MB/57MB, paused 1.541ms total 59.714ms
08-06 03:43:50.017  1142 10856 I art     : Starting a blocking GC Explicit
08-06 03:43:50.081  1142 10856 I art     : Explicit concurrent mark sweep GC freed 3(96B) AllocSpace objects, 0(0B) LOS objects, 27% free, 41MB/57MB, paused 1.506ms total 62.975ms
08-06 03:43:50.465  1142  1153 I art     : Starting a blocking GC Explicit
08-06 03:43:50.528  1142  1153 I art     : Explicit concurrent mark sweep GC freed 1408(81KB) AllocSpace objects, 1(20KB) LOS objects, 27% free, 41MB/57MB, paused 1.465ms total 62.928ms
08-06 03:43:50.545  1142  1153 I art     : Starting a blocking GC Explicit
08-06 03:43:50.605  1142  1153 I art     : Explicit concurrent mark sweep GC freed 20(704B) AllocSpace objects, 0(0B) LOS objects, 27% free, 41MB/57MB, paused 1.332ms total 59.074ms
08-06 03:43:50.619  1142  1153 I art     : Starting a blocking GC Explicit
08-06 03:43:50.681  1142  1153 I art     : Explicit concurrent mark sweep GC freed 3(96B) AllocSpace objects, 0(0B) LOS objects, 27% free, 41MB/57MB, paused 1.489ms total 61.849ms
08-06 03:43:50.696  1142  1153 I art     : Starting a blocking GC Explicit
08-06 03:43:50.754  1142  1153 I art     : Explicit concurrent mark sweep GC freed 3(96B) AllocSpace objects, 0(0B) LOS objects, 27% free, 41MB/57MB, paused 1.481ms total 57.737ms
08-06 03:43:50.769  1142  1153 I art     : Starting a blocking GC Explicit
08-06 03:43:50.832  1142  1153 I art     : Explicit concurrent mark sweep GC freed 3(96B) AllocSpace objects, 0(0B) LOS objects, 27% free, 41MB/57MB, paused 1.493ms total 62.369ms
08-06 03:43:51.240  1142 11214 I art     : Starting a blocking GC Explicit
08-06 03:43:51.305  1142 11214 I art     : Explicit concurrent mark sweep GC freed 1406(81KB) AllocSpace objects, 1(20KB) LOS objects, 27% free, 41MB/57MB, paused 1.539ms total 64.775ms
08-06 03:43:51.323  1142 11214 I art     : Starting a blocking GC Explicit
08-06 03:43:51.384  1142 11214 I art     : Explicit concurrent mark sweep GC freed 20(704B) AllocSpace objects, 0(0B) LOS objects, 27% free, 41MB/57MB, paused 1.506ms total 60.647ms
08-06 03:43:51.399  1142 11214 I art     : Starting a blocking GC Explicit
08-06 03:43:51.434  6649  6649 I Atfwd_Sendcmd: AtCmdFwd service not ready - Exhausted retry attempts - :6
08-06 03:43:51.434  6649  6649 I Atfwd_Daemon: result : -1 	 ,Init step :2 	 ,qmiErrorCode: 0
08-06 03:43:51.462  1142 11214 I art     : Explicit concurrent mark sweep GC freed 3(96B) AllocSpace objects, 0(0B) LOS objects, 27% free, 41MB/57MB, paused 1.491ms total 62.495ms
08-06 03:43:51.477  1142 11214 I art     : Starting a blocking GC Explicit
08-06 03:43:51.539  1142 11214 I art     : Explicit concurrent mark sweep GC freed 3(96B) AllocSpace objects, 0(0B) LOS objects, 27% free, 41MB/57MB, paused 1.546ms total 61.571ms
08-06 03:43:51.554  1142 11214 I art     : Starting a blocking GC Explicit
08-06 03:43:51.617  1142 11214 I art     : Explicit concurrent mark sweep GC freed 3(96B) AllocSpace objects, 0(0B) LOS objects, 27% free, 41MB/57MB, paused 1.418ms total 61.655ms
08-06 03:43:52.018  1142  1154 I art     : Starting a blocking GC Explicit
08-06 03:43:52.085  1142  1154 I art     : Explicit concurrent mark sweep GC freed 1405(81KB) AllocSpace objects, 1(20KB) LOS objects, 27% free, 41MB/57MB, paused 1.522ms total 66.133ms
08-06 03:43:52.103  1142  1154 I art     : Starting a blocking GC Explicit
08-06 03:43:52.160  1142  1154 I art     : Explicit concurrent mark sweep GC freed 20(704B) AllocSpace objects, 0(0B) LOS objects, 27% free, 41MB/57MB, paused 1.368ms total 56.902ms
08-06 03:43:52.174  1142  1154 I art     : Starting a blocking GC Explicit
08-06 03:43:52.228  1142  1154 I art     : Explicit concurrent mark sweep GC freed 3(96B) AllocSpace objects, 0(0B) LOS objects, 27% free, 41MB/57MB, paused 1.509ms total 53.578ms
08-06 03:43:52.242  1142  1154 I art     : Starting a blocking GC Explicit
08-06 03:43:52.299  1142  1154 I art     : Explicit concurrent mark sweep GC freed 3(96B) AllocSpace objects, 0(0B) LOS objects, 27% free, 41MB/57MB, paused 1.506ms total 56.252ms
08-06 03:43:52.314  1142  1154 I art     : Starting a blocking GC Explicit
08-06 03:43:52.371  1142  1154 I art     : Explicit concurrent mark sweep GC freed 3(96B) AllocSpace objects, 0(0B) LOS objects, 27% free, 41MB/57MB, paused 1.487ms total 57.500ms
08-06 03:43:52.684 12580 12580 D AndroidRuntime: >>>>>> START com.android.internal.os.RuntimeInit uid 2000 <<<<<<
08-06 03:43:52.690 12580 12580 D AndroidRuntime: CheckJNI is OFF
08-06 03:43:52.735 12580 12580 D ICU     : No timezone override file found: /data/misc/zoneinfo/current/icu/icu_tzdata.dat
08-06 03:43:52.780  1142 10856 I art     : Starting a blocking GC Explicit
08-06 03:43:52.780 12580 12580 I Radio-JNI: register_android_hardware_Radio DONE
08-06 03:43:52.811 12580 12580 D AndroidRuntime: Calling main entry com.android.commands.input.Input
08-06 03:43:52.813 12580 12580 I Input   : injectKeyEvent: KeyEvent { action=ACTION_DOWN, keyCode=KEYCODE_BACK, scanCode=0, metaState=0, flags=0x0, repeatCount=0, eventTime=848649226, downTime=848649226, deviceId=-1, source=0x101 }
08-06 03:43:52.821 12580 12580 I Input   : injectKeyEvent: KeyEvent { action=ACTION_UP, keyCode=KEYCODE_BACK, scanCode=0, metaState=0, flags=0x0, repeatCount=0, eventTime=848649226, downTime=848649226, deviceId=-1, source=0x101 }
08-06 03:43:52.828 12580 12580 D AndroidRuntime: Shutting down VM
08-06 03:43:52.841  1142 10856 I art     : Explicit concurrent mark sweep GC freed 1480(96KB) AllocSpace objects, 2(40KB) LOS objects, 27% free, 41MB/57MB, paused 1.405ms total 60.875ms
08-06 03:43:52.842  1142  1142 D baseline.com.newsblur.service.NBSyncService: rejecting request for feedset that is exhaused
08-06 03:43:52.855  1142 10856 I art     : Starting a blocking GC Explicit
08-06 03:43:52.908  1142 10856 I art     : Explicit concurrent mark sweep GC freed 184(24KB) AllocSpace objects, 1(20KB) LOS objects, 27% free, 41MB/57MB, paused 1.457ms total 52.923ms
08-06 03:43:52.921  1142 10856 I art     : Starting a blocking GC Explicit
08-06 03:43:52.977  1142 10856 I art     : Explicit concurrent mark sweep GC freed 29(1056B) AllocSpace objects, 0(0B) LOS objects, 27% free, 41MB/57MB, paused 1.505ms total 55.740ms
08-06 03:43:52.992  1142 10856 I art     : Starting a blocking GC Explicit
08-06 03:43:53.016  1142  1142 D baseline.com.newsblur.service.NBSyncService: rejecting request for feedset that is exhaused
08-06 03:43:53.049  1142 10856 I art     : Explicit concurrent mark sweep GC freed 1139(102KB) AllocSpace objects, 2(40KB) LOS objects, 27% free, 41MB/57MB, paused 1.989ms total 57.142ms
08-06 03:43:53.063  1142 10856 I art     : Starting a blocking GC Explicit
08-06 03:43:53.068 13866 13866 I GoogleInputMethodServic: GoogleInputMethodService.onFinishInput():3138 
08-06 03:43:53.069 13866 13866 I GoogleInputMethodServic: GoogleInputMethodService.onStartInput():1808 
08-06 03:43:53.115  1142 10856 I art     : Explicit concurrent mark sweep GC freed 529(41KB) AllocSpace objects, 0(0B) LOS objects, 27% free, 41MB/57MB, paused 1.321ms total 52.033ms
08-06 03:43:53.484  1142 10856 I art     : Starting a blocking GC Explicit
08-06 03:43:53.542  1142 10856 I art     : Explicit concurrent mark sweep GC freed 3055(159KB) AllocSpace objects, 2(48KB) LOS objects, 27% free, 41MB/57MB, paused 1.542ms total 58.258ms
08-06 03:43:53.558  1142 10856 I art     : Starting a blocking GC Explicit
08-06 03:43:53.619  1142 10856 I art     : Explicit concurrent mark sweep GC freed 156(7KB) AllocSpace objects, 0(0B) LOS objects, 27% free, 41MB/57MB, paused 1.752ms total 61.320ms
08-06 03:43:53.635  1142 10856 I art     : Starting a blocking GC Explicit
08-06 03:43:53.696  1142 10856 I art     : Explicit concurrent mark sweep GC freed 12(384B) AllocSpace objects, 0(0B) LOS objects, 27% free, 41MB/57MB, paused 1.627ms total 61.253ms
08-06 03:43:53.713  1142 10856 I art     : Starting a blocking GC Explicit
08-06 03:43:53.766  1142 10856 I art     : Explicit concurrent mark sweep GC freed 11(352B) AllocSpace objects, 0(0B) LOS objects, 27% free, 41MB/57MB, paused 1.249ms total 53.138ms
08-06 03:43:53.780  1142 10856 I art     : Starting a blocking GC Explicit
08-06 03:43:53.839  1142 10856 I art     : Explicit concurrent mark sweep GC freed 13(416B) AllocSpace objects, 0(0B) LOS objects, 27% free, 41MB/57MB, paused 1.778ms total 59.018ms
08-06 03:43:54.235  1142 11214 I art     : Starting a blocking GC Explicit
08-06 03:43:54.300  1142 11214 I art     : Explicit concurrent mark sweep GC freed 1460(82KB) AllocSpace objects, 1(20KB) LOS objects, 27% free, 41MB/57MB, paused 1.422ms total 63.992ms
08-06 03:43:54.316  1142 11214 I art     : Starting a blocking GC Explicit
08-06 03:43:54.377  1142 11214 I art     : Explicit concurrent mark sweep GC freed 30(1024B) AllocSpace objects, 0(0B) LOS objects, 27% free, 41MB/57MB, paused 1.730ms total 60.952ms
08-06 03:43:54.392  1142 11214 I art     : Starting a blocking GC Explicit
08-06 03:43:54.453  1142 11214 I art     : Explicit concurrent mark sweep GC freed 12(384B) AllocSpace objects, 0(0B) LOS objects, 27% free, 41MB/57MB, paused 1.425ms total 61.068ms
08-06 03:43:54.470  1142 11214 I art     : Starting a blocking GC Explicit
08-06 03:43:54.530  1142 11214 I art     : Explicit concurrent mark sweep GC freed 5(160B) AllocSpace objects, 0(0B) LOS objects, 27% free, 41MB/57MB, paused 1.512ms total 59.749ms
08-06 03:43:54.544  1142 11214 I art     : Starting a blocking GC Explicit
08-06 03:43:54.604  1142 11214 I art     : Explicit concurrent mark sweep GC freed 3(96B) AllocSpace objects, 0(0B) LOS objects, 27% free, 41MB/57MB, paused 1.508ms total 58.965ms
08-06 03:43:54.640 12621 12621 D AndroidRuntime: >>>>>> START com.android.internal.os.RuntimeInit uid 2000 <<<<<<
08-06 03:43:54.646 12621 12621 D AndroidRuntime: CheckJNI is OFF
08-06 03:43:54.691 12621 12621 D ICU     : No timezone override file found: /data/misc/zoneinfo/current/icu/icu_tzdata.dat
08-06 03:43:54.737 12621 12621 I Radio-JNI: register_android_hardware_Radio DONE
08-06 03:43:54.767 12621 12621 D AndroidRuntime: Calling main entry com.android.commands.input.Input
08-06 03:43:54.770 12621 12621 I Input   : injectKeyEvent: KeyEvent { action=ACTION_DOWN, keyCode=KEYCODE_BACK, scanCode=0, metaState=0, flags=0x0, repeatCount=0, eventTime=848651182, downTime=848651182, deviceId=-1, source=0x101 }
08-06 03:43:54.777 12621 12621 I Input   : injectKeyEvent: KeyEvent { action=ACTION_UP, keyCode=KEYCODE_BACK, scanCode=0, metaState=0, flags=0x0, repeatCount=0, eventTime=848651182, downTime=848651182, deviceId=-1, source=0x101 }
08-06 03:43:54.783 12621 12621 D AndroidRuntime: Shutting down VM
08-06 03:43:54.982  1142  1154 I art     : Starting a blocking GC Explicit
08-06 03:43:54.984   918  3261 D WifiStateMachine: starting scan for "H369AA63323"WPA_PSK with 2412,5180
08-06 03:43:54.998 13866 13866 I GoogleInputMethodServic: GoogleInputMethodService.onFinishInput():3138 
08-06 03:43:54.999 13866 13866 I GoogleInputMethodServic: GoogleInputMethodService.onStartInput():1808 
08-06 03:43:55.042  1142  1154 I art     : Explicit concurrent mark sweep GC freed 11955(814KB) AllocSpace objects, 17(340KB) LOS objects, 27% free, 41MB/57MB, paused 1.921ms total 59.718ms
08-06 03:43:55.056  1142  1154 I art     : Starting a blocking GC Explicit
08-06 03:43:55.107  1142  1154 I art     : Explicit concurrent mark sweep GC freed 309(12KB) AllocSpace objects, 0(0B) LOS objects, 27% free, 41MB/57MB, paused 1.369ms total 50.983ms
08-06 03:43:55.120  1142  1154 I art     : Starting a blocking GC Explicit
08-06 03:43:55.171  1142  1154 I art     : Explicit concurrent mark sweep GC freed 68(4KB) AllocSpace objects, 0(0B) LOS objects, 27% free, 41MB/57MB, paused 1.424ms total 50.309ms
08-06 03:43:55.184  1142  1154 I art     : Starting a blocking GC Explicit
08-06 03:43:55.235  1142  1154 I art     : Explicit concurrent mark sweep GC freed 12(1408B) AllocSpace objects, 0(0B) LOS objects, 27% free, 41MB/57MB, paused 1.326ms total 50.771ms
08-06 03:43:55.249  1142  1154 I art     : Starting a blocking GC Explicit
08-06 03:43:55.301  1142  1154 I art     : Explicit concurrent mark sweep GC freed 3(96B) AllocSpace objects, 0(0B) LOS objects, 27% free, 41MB/57MB, paused 1.556ms total 51.881ms
08-06 03:43:55.620  1142 12649 E baseline.com.newsblur.network.APIResponse: Error (unexpected end of stream on https://www.newsblur.com/...) calling https://www.newsblur.com/reader/mark_story_hashes_as_read/
08-06 03:43:55.620  1142 12649 E baseline.com.newsblur.network.APIResponse: java.io.IOException: unexpected end of stream on https://www.newsblur.com/...
08-06 03:43:55.620  1142 12649 E baseline.com.newsblur.network.APIResponse: 	at okhttp3.internal.http1.Http1ExchangeCodec.readResponseHeaders(Http1ExchangeCodec.java:236)
08-06 03:43:55.620  1142 12649 E baseline.com.newsblur.network.APIResponse: 	at okhttp3.internal.connection.Exchange.readResponseHeaders(Exchange.java:115)
08-06 03:43:55.620  1142 12649 E baseline.com.newsblur.network.APIResponse: 	at okhttp3.internal.http.CallServerInterceptor.intercept(CallServerInterceptor.java:94)
08-06 03:43:55.620  1142 12649 E baseline.com.newsblur.network.APIResponse: 	at okhttp3.internal.http.RealInterceptorChain.proceed(RealInterceptorChain.java:142)
08-06 03:43:55.620  1142 12649 E baseline.com.newsblur.network.APIResponse: 	at okhttp3.internal.connection.ConnectInterceptor.intercept(ConnectInterceptor.java:43)
08-06 03:43:55.620  1142 12649 E baseline.com.newsblur.network.APIResponse: 	at okhttp3.internal.http.RealInterceptorChain.proceed(RealInterceptorChain.java:142)
08-06 03:43:55.620  1142 12649 E baseline.com.newsblur.network.APIResponse: 	at okhttp3.internal.http.RealInterceptorChain.proceed(RealInterceptorChain.java:117)
08-06 03:43:55.620  1142 12649 E baseline.com.newsblur.network.APIResponse: 	at okhttp3.internal.cache.CacheInterceptor.intercept(CacheInterceptor.java:94)
08-06 03:43:55.620  1142 12649 E baseline.com.newsblur.network.APIResponse: 	at okhttp3.internal.http.RealInterceptorChain.proceed(RealInterceptorChain.java:142)
08-06 03:43:55.620  1142 12649 E baseline.com.newsblur.network.APIResponse: 	at okhttp3.internal.http.RealInterceptorChain.proceed(RealInterceptorChain.java:117)
08-06 03:43:55.620  1142 12649 E baseline.com.newsblur.network.APIResponse: 	at okhttp3.internal.http.BridgeInterceptor.intercept(BridgeInterceptor.java:93)
08-06 03:43:55.620  1142 12649 E baseline.com.newsblur.network.APIResponse: 	at okhttp3.internal.http.RealInterceptorChain.proceed(RealInterceptorChain.java:142)
08-06 03:43:55.620  1142 12649 E baseline.com.newsblur.network.APIResponse: 	at okhttp3.internal.http.RetryAndFollowUpInterceptor.intercept(RetryAndFollowUpInterceptor.java:88)
08-06 03:43:55.620  1142 12649 E baseline.com.newsblur.network.APIResponse: 	at okhttp3.internal.http.RealInterceptorChain.proceed(RealInterceptorChain.java:142)
08-06 03:43:55.620  1142 12649 E baseline.com.newsblur.network.APIResponse: 	at okhttp3.internal.http.RealInterceptorChain.proceed(RealInterceptorChain.java:117)
08-06 03:43:55.620  1142 12649 E baseline.com.newsblur.network.APIResponse: 	at okhttp3.RealCall.getResponseWithInterceptorChain(RealCall.java:229)
08-06 03:43:55.620  1142 12649 E baseline.com.newsblur.network.APIResponse: 	at okhttp3.RealCall.execute(RealCall.java:81)
08-06 03:43:55.620  1142 12649 E baseline.com.newsblur.network.APIResponse: 	at baseline.com.newsblur.network.APIResponse.<init>(APIResponse.java:57)
08-06 03:43:55.620  1142 12649 E baseline.com.newsblur.network.APIResponse: 	at baseline.com.newsblur.network.APIResponse.<init>(APIResponse.java:43)
08-06 03:43:55.620  1142 12649 E baseline.com.newsblur.network.APIResponse: 	at baseline.com.newsblur.network.APIManager.post_single(APIManager.java:702)
08-06 03:43:55.620  1142 12649 E baseline.com.newsblur.network.APIResponse: 	at baseline.com.newsblur.network.APIManager.post(APIManager.java:675)
08-06 03:43:55.620  1142 12649 E baseline.com.newsblur.network.APIResponse: 	at baseline.com.newsblur.network.APIManager.post(APIManager.java:714)
08-06 03:43:55.620  1142 12649 E baseline.com.newsblur.network.APIResponse: 	at baseline.com.newsblur.network.APIManager.markStoryAsRead(APIManager.java:205)
08-06 03:43:55.620  1142 12649 E baseline.com.newsblur.network.APIResponse: 	at baseline.com.newsblur.util.ReadingAction.doRemote(ReadingAction.java:281)
08-06 03:43:55.620  1142 12649 E baseline.com.newsblur.network.APIResponse: 	at baseline.com.newsblur.service.NBSyncService.syncActions(NBSyncService.java:400)
08-06 03:43:55.620  1142 12649 E baseline.com.newsblur.network.APIResponse: 	at baseline.com.newsblur.service.NBSyncService.doSync(NBSyncService.java:298)
08-06 03:43:55.620  1142 12649 E baseline.com.newsblur.network.APIResponse: 	at baseline.com.newsblur.service.NBSyncService.access$100(NBSyncService.java:67)
08-06 03:43:55.620  1142 12649 E baseline.com.newsblur.network.APIResponse: 	at baseline.com.newsblur.service.NBSyncService$1.run(NBSyncService.java:188)
08-06 03:43:55.620  1142 12649 E baseline.com.newsblur.network.APIResponse: 	at java.util.concurrent.ThreadPoolExecutor.runWorker(ThreadPoolExecutor.java:1113)
08-06 03:43:55.620  1142 12649 E baseline.com.newsblur.network.APIResponse: 	at java.util.concurrent.ThreadPoolExecutor$Worker.run(ThreadPoolExecutor.java:588)
08-06 03:43:55.620  1142 12649 E baseline.com.newsblur.network.APIResponse: 	at java.lang.Thread.run(Thread.java:818)
08-06 03:43:55.620  1142 12649 E baseline.com.newsblur.network.APIResponse: Caused by: java.io.EOFException: \n not found: limit=0 content=
08-06 03:43:55.620  1142 12649 E baseline.com.newsblur.network.APIResponse: 	at okio.RealBufferedSource.readUtf8LineStrict(RealBufferedSource.java:240)
08-06 03:43:55.620  1142 12649 E baseline.com.newsblur.network.APIResponse: 	at okhttp3.internal.http1.Http1ExchangeCodec.readHeaderLine(Http1ExchangeCodec.java:242)
08-06 03:43:55.620  1142 12649 E baseline.com.newsblur.network.APIResponse: 	at okhttp3.internal.http1.Http1ExchangeCodec.readResponseHeaders(Http1ExchangeCodec.java:213)
08-06 03:43:55.620  1142 12649 E baseline.com.newsblur.network.APIResponse: 	... 30 more
08-06 03:43:55.622  1142 12649 I baseline.com.newsblur.network.APIManager: API call failed, pausing before retry number 1
08-06 03:43:55.668  1142 10856 I art     : Starting a blocking GC Explicit
08-06 03:43:55.730  1142 10856 I art     : Explicit concurrent mark sweep GC freed 5967(470KB) AllocSpace objects, 6(260KB) LOS objects, 27% free, 41MB/57MB, paused 1.755ms total 61.802ms
08-06 03:43:55.747  1142 10856 I art     : Starting a blocking GC Explicit
08-06 03:43:55.802  1142 10856 I art     : Explicit concurrent mark sweep GC freed 1137(125KB) AllocSpace objects, 0(0B) LOS objects, 27% free, 41MB/57MB, paused 1.509ms total 55.071ms
08-06 03:43:55.817  1142 10856 I art     : Starting a blocking GC Explicit
08-06 03:43:55.876  1142 10856 I art     : Explicit concurrent mark sweep GC freed 14(448B) AllocSpace objects, 0(0B) LOS objects, 27% free, 41MB/57MB, paused 1.580ms total 58.101ms
08-06 03:43:55.891  1142 10856 I art     : Starting a blocking GC Explicit
08-06 03:43:55.949  1142 10856 I art     : Explicit concurrent mark sweep GC freed 10(320B) AllocSpace objects, 0(0B) LOS objects, 27% free, 41MB/57MB, paused 1.491ms total 58.443ms
08-06 03:43:55.964  1142 10856 I art     : Starting a blocking GC Explicit
08-06 03:43:56.022  1142 10856 I art     : Explicit concurrent mark sweep GC freed 12(384B) AllocSpace objects, 0(0B) LOS objects, 27% free, 41MB/57MB, paused 1.503ms total 57.368ms
08-06 03:43:56.384  1142 10856 I art     : Starting a blocking GC Explicit
08-06 03:43:56.444  1142 10856 I art     : Explicit concurrent mark sweep GC freed 1494(84KB) AllocSpace objects, 1(20KB) LOS objects, 27% free, 41MB/57MB, paused 1.707ms total 59.519ms
08-06 03:43:56.459  1142 10856 I art     : Starting a blocking GC Explicit
08-06 03:43:56.515  1142 10856 I art     : Explicit concurrent mark sweep GC freed 22(800B) AllocSpace objects, 0(0B) LOS objects, 27% free, 41MB/57MB, paused 1.459ms total 56.069ms
08-06 03:43:56.529  1142 10856 I art     : Starting a blocking GC Explicit
08-06 03:43:56.551 12663 12663 D AndroidRuntime: >>>>>> START com.android.internal.os.RuntimeInit uid 2000 <<<<<<
08-06 03:43:56.556 12663 12663 D AndroidRuntime: CheckJNI is OFF
08-06 03:43:56.586  1142 10856 I art     : Explicit concurrent mark sweep GC freed 3(96B) AllocSpace objects, 0(0B) LOS objects, 27% free, 41MB/57MB, paused 1.486ms total 56.199ms
08-06 03:43:56.600  1142 10856 I art     : Starting a blocking GC Explicit
08-06 03:43:56.602 12663 12663 D ICU     : No timezone override file found: /data/misc/zoneinfo/current/icu/icu_tzdata.dat
08-06 03:43:56.643 12663 12663 I Radio-JNI: register_android_hardware_Radio DONE
08-06 03:43:56.656  1142 10856 I art     : Explicit concurrent mark sweep GC freed 3(96B) AllocSpace objects, 0(0B) LOS objects, 27% free, 41MB/57MB, paused 1.637ms total 56.107ms
08-06 03:43:56.670  1142 10856 I art     : Starting a blocking GC Explicit
08-06 03:43:56.672 12663 12663 D AndroidRuntime: Calling main entry com.android.commands.input.Input
08-06 03:43:56.674 12663 12663 I Input   : injectMotionEvent: MotionEvent { action=ACTION_DOWN, actionButton=0, id[0]=0, x[0]=553.0, y[0]=442.0, toolType[0]=TOOL_TYPE_UNKNOWN, buttonState=0, metaState=0, flags=0x0, edgeFlags=0x0, pointerCount=1, historySize=0, eventTime=848653087, downTime=848653087, deviceId=0, source=0x1002 }
08-06 03:43:56.679 12663 12663 I Input   : injectMotionEvent: MotionEvent { action=ACTION_UP, actionButton=0, id[0]=0, x[0]=553.0, y[0]=442.0, toolType[0]=TOOL_TYPE_UNKNOWN, buttonState=0, metaState=0, flags=0x0, edgeFlags=0x0, pointerCount=1, historySize=0, eventTime=848653087, downTime=848653087, deviceId=0, source=0x1002 }
08-06 03:43:56.681 12663 12663 D AndroidRuntime: Shutting down VM
08-06 03:43:56.727  1142 10856 I art     : Explicit concurrent mark sweep GC freed 40(1648B) AllocSpace objects, 0(0B) LOS objects, 27% free, 41MB/57MB, paused 1.380ms total 56.627ms
08-06 03:43:56.750   918   929 I ActivityManager: START u0 {cmp=baseline.com.newsblur/.activity.AllSharedStoriesItemsList (has extras)} from uid 10698 on display 0
08-06 03:43:56.772  1142 10857 I baseline.com.newsblur.database.BlurDatabaseHelper: reading session reset
08-06 03:43:56.987  1142  1142 W View    : requestLayout() improperly called by android.widget.FrameLayout{3b32a25 V.E...... ......ID 0,0-1440,0 #7f07003f app:id/footer_view_inner} during layout: running second layout pass
08-06 03:43:56.988  1142  1142 W View    : requestLayout() improperly called by android.widget.FrameLayout{7be67fa V.E...... ......ID 0,0-1440,476 #7f07003f app:id/footer_view_inner} during layout: running second layout pass
08-06 03:43:57.005   918   936 I ActivityManager: Displayed baseline.com.newsblur/.activity.AllSharedStoriesItemsList: +246ms
08-06 03:43:57.006 13866 13866 I GoogleInputMethodServic: GoogleInputMethodService.onFinishInput():3138 
08-06 03:43:57.007 13866 13866 I GoogleInputMethodServic: GoogleInputMethodService.onStartInput():1808 
08-06 03:43:57.092  1142 10856 I art     : Starting a blocking GC Explicit
08-06 03:43:57.158  1142 10856 I art     : Explicit concurrent mark sweep GC freed 4269(333KB) AllocSpace objects, 7(232KB) LOS objects, 27% free, 41MB/57MB, paused 1.879ms total 65.513ms
08-06 03:43:57.176  1142 10856 I art     : Starting a blocking GC Explicit
08-06 03:43:57.192  1142  1142 D baseline.com.newsblur.service.NBSyncService: rejecting request for feedset that is exhaused
08-06 03:43:57.235  1142 10856 I art     : Explicit concurrent mark sweep GC freed 1408(102KB) AllocSpace objects, 4(80KB) LOS objects, 27% free, 41MB/57MB, paused 2.067ms total 58.786ms
08-06 03:43:57.249  1142 10856 I art     : Starting a blocking GC Explicit
08-06 03:43:57.261  1142  1142 D baseline.com.newsblur.service.NBSyncService: rejecting request for feedset that is exhaused
08-06 03:43:57.297  1142 10902 I NAPPA_EXPERIMENTATION: MetricNetworkRequestExecutionTime: REQUEST_DURATION_SYSTEM='41',REQUEST_DURATION_OKHTTP='40',REQUEST_SYNCHRONOUS='TRUE',RESPONSE_CODE='200',RESPONSE_METHOD='GET',RESPONSE_LENGTH_OKHTTP='43',RESPONSE_LENGTH_HEADER='43',REQUEST_PROTOCOL='http/1.1',REQUEST_URL='http://feeds.feedburner.com/~r/retort/~4/UffaFMiJbNs',
08-06 03:43:57.307  1142 10856 I art     : Explicit concurrent mark sweep GC freed 1444(123KB) AllocSpace objects, 6(120KB) LOS objects, 27% free, 42MB/58MB, paused 1.647ms total 57.287ms
08-06 03:43:57.323  1142 10856 I art     : Starting a blocking GC Explicit
