--------- beginning of main
08-05 19:15:36.974 29575 29575 D AndroidRuntime: >>>>>> START com.android.internal.os.RuntimeInit uid 2000 <<<<<<
08-05 19:15:36.981 29575 29575 D AndroidRuntime: CheckJNI is OFF
08-05 19:15:37.011 29575 29575 D ICU     : No timezone override file found: /data/misc/zoneinfo/current/icu/icu_tzdata.dat
08-05 19:15:37.040 29575 29575 I Radio-JNI: register_android_hardware_Radio DONE
08-05 19:15:37.057 29575 29575 D AndroidRuntime: Calling main entry com.android.commands.monkey.Monkey
--------- beginning of system
08-05 19:15:37.072   918   931 W BroadcastQueue: Skipping deliver [background] BroadcastRecord{aa0b87f u-1 android.net.conn.CONNECTIVITY_CHANGE} to ReceiverList{d222895 29575 (unknown name)/2000/u-1 remote:363e7d9}: process crashing
08-05 19:15:37.083   918  3696 I ActivityManager: START u0 {act=android.intent.action.MAIN cat=[android.intent.category.LAUNCHER] flg=0x10200000 cmp=baseline.com.newsblur/.activity.InitActivity} from uid 2000 on display 0
08-05 19:15:37.122 29587 29587 I art     : Late-enabling -Xcheck:jni
08-05 19:15:37.129   918  6110 I ActivityManager: Start proc 29587:baseline.com.newsblur/u0a676 for activity baseline.com.newsblur/.activity.InitActivity
08-05 19:15:37.148 29575 29575 I art     : System.exit called, status: 0
08-05 19:15:37.149 29575 29575 I AndroidRuntime: VM exiting with result code 0.
08-05 19:15:37.184 29587 29587 W System  : ClassLoader referenced unknown path: /data/app/baseline.com.newsblur-1/lib/arm64
08-05 19:15:37.190 16458  5471 I PBSessionCacheImpl: Deleted sessionId[72384646105454640] from persistence.
08-05 19:15:37.194 16458 16488 W SearchServiceCore: Abort, client detached.
08-05 19:15:37.195 16458 16488 I MicroDetectionState: Should stop hotword detection immediately - true
08-05 19:15:37.241 29587 29587 I baseline.com.newsblur.activity.InitActivity: cold launching version 9.0b1
08-05 19:15:37.251 29587 29603 D OpenGLRenderer: Use EGL_SWAP_BEHAVIOR_PRESERVED: true
08-05 19:15:37.301 29587 29603 I Adreno  : QUALCOMM build                   : fcf4852, I1af360237c
08-05 19:15:37.301 29587 29603 I Adreno  : Build Date                       : 09/23/15
08-05 19:15:37.301 29587 29603 I Adreno  : OpenGL ES Shader Compiler Version: XE031.05.13.02
08-05 19:15:37.301 29587 29603 I Adreno  : Local Branch                     : mybranch14465806
08-05 19:15:37.301 29587 29603 I Adreno  : Remote Branch                    : quic/LA.BF64.1.2.9_v2
08-05 19:15:37.301 29587 29603 I Adreno  : Remote Branch                    : NONE
08-05 19:15:37.301 29587 29603 I Adreno  : Reconstruct Branch               : NOTHING
08-05 19:15:37.312 29587 29603 I OpenGLRenderer: Initialized EGL, version 1.4
08-05 19:15:37.333   918  5481 I ActivityManager: START u0 {cmp=baseline.com.newsblur/.activity.Main} from uid 10676 on display 0
08-05 19:15:37.352   918  6111 W InputMethodManagerService: Focus gain on non-focused client com.android.internal.view.IInputMethodClient$Stub$Proxy@187e714 (uid=10676 pid=29587)
08-05 19:15:37.535 29587 29587 I art     : Rejecting re-init on previously-failed class java.lang.Class<androidx.core.view.ViewCompat$OnUnhandledKeyEventListenerWrapper>
08-05 19:15:37.535 29587 29587 I art     : Rejecting re-init on previously-failed class java.lang.Class<androidx.core.view.ViewCompat$OnUnhandledKeyEventListenerWrapper>
08-05 19:15:37.577 29587 29587 E BitmapFactory: Unable to decode stream: java.io.FileNotFoundException: /data/user/0/baseline.com.newsblur/cache/userProfilePicture: open failed: ENOENT (No such file or directory)
08-05 19:15:37.698 29587 29614 I baseline.com.newsblur.service.NBSyncService: ready to sync feed list
08-05 19:15:37.852   918   936 I ActivityManager: Displayed baseline.com.newsblur/.activity.Main: +499ms (total +762ms)
08-05 19:15:37.872 13866 13866 I GoogleInputMethodServic: GoogleInputMethodService.onFinishInput():3138 
08-05 19:15:37.872 13866 13866 I GoogleInputMethodServic: GoogleInputMethodService.onStartInput():1808 
08-05 19:15:38.255 29587 29614 I NAPPA_EXPERIMENTATION: MetricNetworkRequestExecutionTime: REQUEST_DURATION_SYSTEM='554',REQUEST_DURATION_OKHTTP='46',REQUEST_SYNCHRONOUS='TRUE',RESPONSE_CODE='200',RESPONSE_METHOD='GET',RESPONSE_LENGTH_OKHTTP='-1',RESPONSE_LENGTH_HEADER='-2',REQUEST_PROTOCOL='http/1.1',REQUEST_URL='https://www.newsblur.com/reader/feeds/?update_counts=true',
08-05 19:15:38.256 29587 29614 D MY_TAG  : 0, 554
08-05 19:15:38.305 29587 29614 I baseline.com.newsblur.service.NBSyncService: got feed list: 1 feeds in  conn:554 read:10 parse:3 store:34
08-05 19:15:38.669 29633 29633 D AndroidRuntime: >>>>>> START com.android.internal.os.RuntimeInit uid 2000 <<<<<<
08-05 19:15:38.673 29633 29633 D AndroidRuntime: CheckJNI is OFF
08-05 19:15:38.701 29633 29633 D ICU     : No timezone override file found: /data/misc/zoneinfo/current/icu/icu_tzdata.dat
08-05 19:15:38.730 29587 29628 I NAPPA_EXPERIMENTATION: MetricNetworkRequestExecutionTime: REQUEST_DURATION_SYSTEM='420',REQUEST_DURATION_OKHTTP='41',REQUEST_SYNCHRONOUS='TRUE',RESPONSE_CODE='200',RESPONSE_METHOD='GET',RESPONSE_LENGTH_OKHTTP='-1',RESPONSE_LENGTH_HEADER='-2',REQUEST_PROTOCOL='http/1.1',REQUEST_URL='https://www.newsblur.com/reader/unread_story_hashes?include_timestamps=1',
08-05 19:15:38.730 29587 29628 D MY_TAG  : 0, 420
08-05 19:15:38.731 29633 29633 I Radio-JNI: register_android_hardware_Radio DONE
08-05 19:15:38.747 29633 29633 D AndroidRuntime: Calling main entry com.android.commands.am.Am
08-05 19:15:38.753 29587 29628 I baseline.com.newsblur.service.UnreadsService: starting unread count: 0
08-05 19:15:38.755 29587 29628 I baseline.com.newsblur.service.UnreadsService: new unread count:      0
08-05 19:15:38.756 29587 29628 I baseline.com.newsblur.service.UnreadsService: new unreads found:     0
08-05 19:15:38.756 29587 29628 I baseline.com.newsblur.service.UnreadsService: unreads to retire:     0
08-05 19:15:38.763  5615  5615 I Trepn   : Trepn 6.2s: Received intent: com.quicinc.trepn.start_profiling
08-05 19:15:38.897  5615  5615 W FileUtils: Failed to chmod(/storage/emulated/0/trepn/Trepn_2020.08.05_191538.db): android.system.ErrnoException: chmod failed: EPERM (Operation not permitted)
08-05 19:15:39.024  5615  5615 I Trepn   : Trepn 6.2s: Trepn has Started Profiling.
08-05 19:15:39.027 29633 29633 D AndroidRuntime: Shutting down VM
08-05 19:15:39.512 29587 29599 I art     : Starting a blocking GC Explicit
08-05 19:15:39.540 29587 29599 I art     : Explicit concurrent mark sweep GC freed 32799(2MB) AllocSpace objects, 44(1292KB) LOS objects, 37% free, 26MB/42MB, paused 218us total 27.350ms
08-05 19:15:39.548 29587 29599 I art     : Starting a blocking GC Explicit
08-05 19:15:39.561 29587 29599 I art     : Explicit concurrent mark sweep GC freed 2502(201KB) AllocSpace objects, 0(0B) LOS objects, 38% free, 26MB/42MB, paused 185us total 12.406ms
08-05 19:15:39.567 29587 29599 I art     : Starting a blocking GC Explicit
08-05 19:15:39.579 29587 29599 I art     : Explicit concurrent mark sweep GC freed 11(416B) AllocSpace objects, 0(0B) LOS objects, 38% free, 26MB/42MB, paused 178us total 11.061ms
08-05 19:15:39.584 29587 29599 I art     : Starting a blocking GC Explicit
08-05 19:15:39.596 29587 29599 I art     : Explicit concurrent mark sweep GC freed 3(96B) AllocSpace objects, 0(0B) LOS objects, 38% free, 26MB/42MB, paused 171us total 10.987ms
08-05 19:15:39.602 29587 29599 I art     : Starting a blocking GC Explicit
08-05 19:15:39.613 29587 29599 I art     : Explicit concurrent mark sweep GC freed 3(96B) AllocSpace objects, 0(0B) LOS objects, 38% free, 26MB/42MB, paused 173us total 11.620ms
08-05 19:15:39.942 29587 29598 I art     : Starting a blocking GC Explicit
08-05 19:15:39.963 29587 29598 I art     : Explicit concurrent mark sweep GC freed 1391(80KB) AllocSpace objects, 1(20KB) LOS objects, 38% free, 26MB/42MB, paused 267us total 21.515ms
08-05 19:15:39.977 29587 29598 I art     : Starting a blocking GC Explicit
08-05 19:15:39.990 29587 29598 I art     : Explicit concurrent mark sweep GC freed 20(704B) AllocSpace objects, 0(0B) LOS objects, 38% free, 26MB/42MB, paused 183us total 12.843ms
08-05 19:15:39.997 29587 29598 I art     : Starting a blocking GC Explicit
08-05 19:15:40.008 29587 29598 I art     : Explicit concurrent mark sweep GC freed 3(96B) AllocSpace objects, 0(0B) LOS objects, 38% free, 26MB/42MB, paused 157us total 11.531ms
08-05 19:15:40.014 29587 29598 I art     : Starting a blocking GC Explicit
08-05 19:15:40.026 29587 29598 I art     : Explicit concurrent mark sweep GC freed 3(96B) AllocSpace objects, 0(0B) LOS objects, 38% free, 26MB/42MB, paused 216us total 11.068ms
08-05 19:15:40.032 29587 29598 I art     : Starting a blocking GC Explicit
08-05 19:15:40.043 29587 29598 I art     : Explicit concurrent mark sweep GC freed 3(96B) AllocSpace objects, 0(0B) LOS objects, 38% free, 26MB/42MB, paused 193us total 11.018ms
08-05 19:15:40.331 29587 29599 I art     : Starting a blocking GC Explicit
08-05 19:15:40.347 29587 29599 I art     : Explicit concurrent mark sweep GC freed 1381(80KB) AllocSpace objects, 1(20KB) LOS objects, 38% free, 26MB/42MB, paused 209us total 15.943ms
08-05 19:15:40.358 29587 29599 I art     : Starting a blocking GC Explicit
08-05 19:15:40.370 29587 29599 I art     : Explicit concurrent mark sweep GC freed 20(704B) AllocSpace objects, 0(0B) LOS objects, 38% free, 26MB/42MB, paused 182us total 11.881ms
08-05 19:15:40.376 29587 29599 I art     : Starting a blocking GC Explicit
08-05 19:15:40.388 29587 29599 I art     : Explicit concurrent mark sweep GC freed 3(96B) AllocSpace objects, 0(0B) LOS objects, 38% free, 26MB/42MB, paused 177us total 11.800ms
08-05 19:15:40.395 29587 29599 I art     : Starting a blocking GC Explicit
08-05 19:15:40.406 29587 29599 I art     : Explicit concurrent mark sweep GC freed 3(96B) AllocSpace objects, 0(0B) LOS objects, 38% free, 26MB/42MB, paused 179us total 11.130ms
08-05 19:15:40.412 29587 29599 I art     : Starting a blocking GC Explicit
08-05 19:15:40.424 29587 29599 I art     : Explicit concurrent mark sweep GC freed 3(96B) AllocSpace objects, 0(0B) LOS objects, 38% free, 26MB/42MB, paused 182us total 11.166ms
08-05 19:15:40.732 29587 29598 I art     : Starting a blocking GC Explicit
08-05 19:15:40.750 29587 29598 I art     : Explicit concurrent mark sweep GC freed 1378(80KB) AllocSpace objects, 1(20KB) LOS objects, 38% free, 26MB/42MB, paused 205us total 17.242ms
08-05 19:15:40.760 29587 29598 I art     : Starting a blocking GC Explicit
08-05 19:15:40.775 29587 29598 I art     : Explicit concurrent mark sweep GC freed 20(704B) AllocSpace objects, 0(0B) LOS objects, 38% free, 26MB/42MB, paused 175us total 14.510ms
08-05 19:15:40.785 29587 29598 I art     : Starting a blocking GC Explicit
08-05 19:15:40.797 29587 29598 I art     : Explicit concurrent mark sweep GC freed 3(96B) AllocSpace objects, 0(0B) LOS objects, 38% free, 26MB/42MB, paused 179us total 11.564ms
08-05 19:15:40.803 29587 29598 I art     : Starting a blocking GC Explicit
08-05 19:15:40.815 29587 29598 I art     : Explicit concurrent mark sweep GC freed 3(96B) AllocSpace objects, 0(0B) LOS objects, 38% free, 26MB/42MB, paused 172us total 11.267ms
08-05 19:15:40.821 29587 29598 I art     : Starting a blocking GC Explicit
08-05 19:15:40.833 29587 29598 I art     : Explicit concurrent mark sweep GC freed 3(96B) AllocSpace objects, 0(0B) LOS objects, 38% free, 26MB/42MB, paused 177us total 11.585ms
08-05 19:15:41.130 29587 29599 I art     : Starting a blocking GC Explicit
08-05 19:15:41.152 29587 29599 I art     : Explicit concurrent mark sweep GC freed 1379(80KB) AllocSpace objects, 1(20KB) LOS objects, 38% free, 26MB/42MB, paused 228us total 20.676ms
08-05 19:15:41.163 29587 29599 I art     : Starting a blocking GC Explicit
08-05 19:15:41.178 29587 29599 I art     : Explicit concurrent mark sweep GC freed 20(704B) AllocSpace objects, 0(0B) LOS objects, 38% free, 26MB/42MB, paused 207us total 15.088ms
08-05 19:15:41.188 29587 29599 I art     : Starting a blocking GC Explicit
08-05 19:15:41.200 29587 29599 I art     : Explicit concurrent mark sweep GC freed 3(96B) AllocSpace objects, 0(0B) LOS objects, 38% free, 26MB/42MB, paused 168us total 11.642ms
08-05 19:15:41.206 29587 29599 I art     : Starting a blocking GC Explicit
08-05 19:15:41.217 29587 29599 I art     : Explicit concurrent mark sweep GC freed 3(96B) AllocSpace objects, 0(0B) LOS objects, 38% free, 26MB/42MB, paused 177us total 11.093ms
08-05 19:15:41.224 29587 29599 I art     : Starting a blocking GC Explicit
08-05 19:15:41.234 29587 29599 I art     : Explicit concurrent mark sweep GC freed 3(96B) AllocSpace objects, 0(0B) LOS objects, 38% free, 26MB/42MB, paused 165us total 10.531ms
08-05 19:15:41.532 29587 29598 I art     : Starting a blocking GC Explicit
08-05 19:15:41.553 29587 29598 I art     : Explicit concurrent mark sweep GC freed 1378(80KB) AllocSpace objects, 1(20KB) LOS objects, 38% free, 26MB/42MB, paused 209us total 20.289ms
08-05 19:15:41.563 29587 29598 I art     : Starting a blocking GC Explicit
08-05 19:15:41.578 29587 29598 I art     : Explicit concurrent mark sweep GC freed 20(704B) AllocSpace objects, 0(0B) LOS objects, 38% free, 26MB/42MB, paused 192us total 15.229ms
08-05 19:15:41.586 29587 29598 I art     : Starting a blocking GC Explicit
08-05 19:15:41.598 29587 29598 I art     : Explicit concurrent mark sweep GC freed 3(96B) AllocSpace objects, 0(0B) LOS objects, 38% free, 26MB/42MB, paused 173us total 11.674ms
08-05 19:15:41.604 29587 29598 I art     : Starting a blocking GC Explicit
08-05 19:15:41.616 29587 29598 I art     : Explicit concurrent mark sweep GC freed 3(96B) AllocSpace objects, 0(0B) LOS objects, 38% free, 26MB/42MB, paused 171us total 11.757ms
08-05 19:15:41.623 29587 29598 I art     : Starting a blocking GC Explicit
08-05 19:15:41.635 29587 29598 I art     : Explicit concurrent mark sweep GC freed 3(96B) AllocSpace objects, 0(0B) LOS objects, 38% free, 26MB/42MB, paused 169us total 11.621ms
08-05 19:15:41.943 29587 29599 I art     : Starting a blocking GC Explicit
08-05 19:15:41.964 29587 29599 I art     : Explicit concurrent mark sweep GC freed 1378(80KB) AllocSpace objects, 1(20KB) LOS objects, 38% free, 26MB/42MB, paused 257us total 20.517ms
08-05 19:15:41.974 29587 29599 I art     : Starting a blocking GC Explicit
08-05 19:15:41.987 29587 29599 I art     : Explicit concurrent mark sweep GC freed 20(704B) AllocSpace objects, 0(0B) LOS objects, 38% free, 26MB/42MB, paused 274us total 12.826ms
08-05 19:15:41.993 29587 29599 I art     : Starting a blocking GC Explicit
08-05 19:15:42.005 29587 29599 I art     : Explicit concurrent mark sweep GC freed 3(96B) AllocSpace objects, 0(0B) LOS objects, 38% free, 26MB/42MB, paused 184us total 11.908ms
08-05 19:15:42.011 29587 29599 I art     : Starting a blocking GC Explicit
08-05 19:15:42.023 29587 29599 I art     : Explicit concurrent mark sweep GC freed 3(96B) AllocSpace objects, 0(0B) LOS objects, 38% free, 26MB/42MB, paused 174us total 11.184ms
08-05 19:15:42.029 29587 29599 I art     : Starting a blocking GC Explicit
08-05 19:15:42.040 29587 29599 I art     : Explicit concurrent mark sweep GC freed 3(96B) AllocSpace objects, 0(0B) LOS objects, 38% free, 26MB/42MB, paused 179us total 11.522ms
08-05 19:15:42.356 29587 29598 I art     : Starting a blocking GC Explicit
08-05 19:15:42.373 29587 29598 I art     : Explicit concurrent mark sweep GC freed 1378(80KB) AllocSpace objects, 1(20KB) LOS objects, 38% free, 26MB/42MB, paused 239us total 16.895ms
08-05 19:15:42.384 29587 29598 I art     : Starting a blocking GC Explicit
08-05 19:15:42.397 29587 29598 I art     : Explicit concurrent mark sweep GC freed 20(704B) AllocSpace objects, 0(0B) LOS objects, 38% free, 26MB/42MB, paused 191us total 13.331ms
08-05 19:15:42.404 29587 29598 I art     : Starting a blocking GC Explicit
08-05 19:15:42.416 29587 29598 I art     : Explicit concurrent mark sweep GC freed 3(96B) AllocSpace objects, 0(0B) LOS objects, 38% free, 26MB/42MB, paused 161us total 11.770ms
08-05 19:15:42.422 29587 29598 I art     : Starting a blocking GC Explicit
08-05 19:15:42.434 29587 29598 I art     : Explicit concurrent mark sweep GC freed 3(96B) AllocSpace objects, 0(0B) LOS objects, 38% free, 26MB/42MB, paused 172us total 11.703ms
08-05 19:15:42.440 29587 29598 I art     : Starting a blocking GC Explicit
08-05 19:15:42.452 29587 29598 I art     : Explicit concurrent mark sweep GC freed 3(96B) AllocSpace objects, 0(0B) LOS objects, 38% free, 26MB/42MB, paused 164us total 11.121ms
08-05 19:15:42.750 29587 29599 I art     : Starting a blocking GC Explicit
08-05 19:15:42.766 29587 29599 I art     : Explicit concurrent mark sweep GC freed 1378(80KB) AllocSpace objects, 1(20KB) LOS objects, 38% free, 26MB/42MB, paused 237us total 16.273ms
08-05 19:15:42.776 29587 29599 I art     : Starting a blocking GC Explicit
08-05 19:15:42.788 29587 29599 I art     : Explicit concurrent mark sweep GC freed 20(704B) AllocSpace objects, 0(0B) LOS objects, 38% free, 26MB/42MB, paused 184us total 12.179ms
08-05 19:15:42.794 29587 29599 I art     : Starting a blocking GC Explicit
08-05 19:15:42.806 29587 29599 I art     : Explicit concurrent mark sweep GC freed 3(96B) AllocSpace objects, 0(0B) LOS objects, 38% free, 26MB/42MB, paused 189us total 11.311ms
08-05 19:15:42.812 29587 29599 I art     : Starting a blocking GC Explicit
08-05 19:15:42.824 29587 29599 I art     : Explicit concurrent mark sweep GC freed 3(96B) AllocSpace objects, 0(0B) LOS objects, 38% free, 26MB/42MB, paused 177us total 11.682ms
08-05 19:15:42.830 29587 29599 I art     : Starting a blocking GC Explicit
08-05 19:15:42.842 29587 29599 I art     : Explicit concurrent mark sweep GC freed 3(96B) AllocSpace objects, 0(0B) LOS objects, 38% free, 26MB/42MB, paused 176us total 11.486ms
08-05 19:15:43.139 29587 29598 I art     : Starting a blocking GC Explicit
08-05 19:15:43.157 29587 29598 I art     : Explicit concurrent mark sweep GC freed 1378(80KB) AllocSpace objects, 1(20KB) LOS objects, 38% free, 26MB/42MB, paused 203us total 17.136ms
08-05 19:15:43.167 29587 29598 I art     : Starting a blocking GC Explicit
08-05 19:15:43.179 29587 29598 I art     : Explicit concurrent mark sweep GC freed 20(704B) AllocSpace objects, 0(0B) LOS objects, 38% free, 26MB/42MB, paused 172us total 11.704ms
08-05 19:15:43.186 29587 29598 I art     : Starting a blocking GC Explicit
08-05 19:15:43.198 29587 29598 I art     : Explicit concurrent mark sweep GC freed 3(96B) AllocSpace objects, 0(0B) LOS objects, 38% free, 26MB/42MB, paused 169us total 11.874ms
08-05 19:15:43.204 29587 29598 I art     : Starting a blocking GC Explicit
08-05 19:15:43.216 29587 29598 I art     : Explicit concurrent mark sweep GC freed 3(96B) AllocSpace objects, 0(0B) LOS objects, 38% free, 26MB/42MB, paused 167us total 11.913ms
08-05 19:15:43.222 29587 29598 I art     : Starting a blocking GC Explicit
08-05 19:15:43.234 29587 29598 I art     : Explicit concurrent mark sweep GC freed 3(96B) AllocSpace objects, 0(0B) LOS objects, 38% free, 26MB/42MB, paused 173us total 11.844ms
08-05 19:15:43.540 29587 29599 I art     : Starting a blocking GC Explicit
08-05 19:15:43.554 29587 29599 I art     : Explicit concurrent mark sweep GC freed 1377(80KB) AllocSpace objects, 1(20KB) LOS objects, 38% free, 26MB/42MB, paused 201us total 13.946ms
08-05 19:15:43.560 29587 29599 I art     : Starting a blocking GC Explicit
08-05 19:15:43.570 29587 29599 I art     : Explicit concurrent mark sweep GC freed 20(704B) AllocSpace objects, 0(0B) LOS objects, 38% free, 26MB/42MB, paused 173us total 10.242ms
08-05 19:15:43.576 29587 29599 I art     : Starting a blocking GC Explicit
08-05 19:15:43.586 29587 29599 I art     : Explicit concurrent mark sweep GC freed 3(96B) AllocSpace objects, 0(0B) LOS objects, 38% free, 26MB/42MB, paused 159us total 9.771ms
08-05 19:15:43.592 29587 29599 I art     : Starting a blocking GC Explicit
08-05 19:15:43.601 29587 29599 I art     : Explicit concurrent mark sweep GC freed 3(96B) AllocSpace objects, 0(0B) LOS objects, 38% free, 26MB/42MB, paused 156us total 9.467ms
08-05 19:15:43.606 29587 29599 I art     : Starting a blocking GC Explicit
08-05 19:15:43.616 29587 29599 I art     : Explicit concurrent mark sweep GC freed 3(96B) AllocSpace objects, 0(0B) LOS objects, 38% free, 26MB/42MB, paused 154us total 9.620ms
08-05 19:15:43.868 29587 29598 I art     : Starting a blocking GC Explicit
08-05 19:15:43.881 29587 29598 I art     : Explicit concurrent mark sweep GC freed 1378(80KB) AllocSpace objects, 1(20KB) LOS objects, 38% free, 26MB/42MB, paused 196us total 13.350ms
08-05 19:15:43.888 29587 29598 I art     : Starting a blocking GC Explicit
08-05 19:15:43.900 29587 29598 I art     : Explicit concurrent mark sweep GC freed 20(704B) AllocSpace objects, 0(0B) LOS objects, 38% free, 26MB/42MB, paused 180us total 11.995ms
08-05 19:15:43.907 29587 29598 I art     : Starting a blocking GC Explicit
08-05 19:15:43.918 29587 29598 I art     : Explicit concurrent mark sweep GC freed 3(96B) AllocSpace objects, 0(0B) LOS objects, 38% free, 26MB/42MB, paused 180us total 11.412ms
08-05 19:15:43.925 29587 29598 I art     : Starting a blocking GC Explicit
08-05 19:15:43.935 29587 29598 I art     : Explicit concurrent mark sweep GC freed 3(96B) AllocSpace objects, 0(0B) LOS objects, 38% free, 26MB/42MB, paused 163us total 10.316ms
08-05 19:15:43.941 29587 29598 I art     : Starting a blocking GC Explicit
08-05 19:15:43.951 29587 29598 I art     : Explicit concurrent mark sweep GC freed 3(96B) AllocSpace objects, 0(0B) LOS objects, 38% free, 26MB/42MB, paused 160us total 10.170ms
08-05 19:15:44.185 29785 29785 D AndroidRuntime: >>>>>> START com.android.internal.os.RuntimeInit uid 2000 <<<<<<
08-05 19:15:44.190 29785 29785 D AndroidRuntime: CheckJNI is OFF
08-05 19:15:44.215 29785 29785 D ICU     : No timezone override file found: /data/misc/zoneinfo/current/icu/icu_tzdata.dat
08-05 19:15:44.225 29587 29599 I art     : Starting a blocking GC Explicit
08-05 19:15:44.237 29587 29599 I art     : Explicit concurrent mark sweep GC freed 1378(80KB) AllocSpace objects, 1(20KB) LOS objects, 38% free, 26MB/42MB, paused 197us total 12.051ms
08-05 19:15:44.242 29785 29785 I Radio-JNI: register_android_hardware_Radio DONE
08-05 19:15:44.244 29587 29599 I art     : Starting a blocking GC Explicit
08-05 19:15:44.256 29587 29599 I art     : Explicit concurrent mark sweep GC freed 20(704B) AllocSpace objects, 0(0B) LOS objects, 38% free, 26MB/42MB, paused 460us total 12.186ms
08-05 19:15:44.259 29785 29785 D AndroidRuntime: Calling main entry com.android.commands.input.Input
08-05 19:15:44.261 29785 29785 I Input   : injectMotionEvent: MotionEvent { action=ACTION_DOWN, actionButton=0, id[0]=0, x[0]=594.0, y[0]=330.0, toolType[0]=TOOL_TYPE_UNKNOWN, buttonState=0, metaState=0, flags=0x0, edgeFlags=0x0, pointerCount=1, historySize=0, eventTime=818160674, downTime=818160674, deviceId=0, source=0x1002 }
08-05 19:15:44.261 29587 29599 I art     : Starting a blocking GC Explicit
08-05 19:15:44.265 29785 29785 I Input   : injectMotionEvent: MotionEvent { action=ACTION_UP, actionButton=0, id[0]=0, x[0]=594.0, y[0]=330.0, toolType[0]=TOOL_TYPE_UNKNOWN, buttonState=0, metaState=0, flags=0x0, edgeFlags=0x0, pointerCount=1, historySize=0, eventTime=818160674, downTime=818160674, deviceId=0, source=0x1002 }
08-05 19:15:44.267 29785 29785 D AndroidRuntime: Shutting down VM
08-05 19:15:44.279 29587 29599 I art     : Explicit concurrent mark sweep GC freed 30(1360B) AllocSpace objects, 0(0B) LOS objects, 38% free, 26MB/42MB, paused 6.931ms total 17.760ms
08-05 19:15:44.285 29587 29599 I art     : Starting a blocking GC Explicit
08-05 19:15:44.296 29587 29599 I art     : Explicit concurrent mark sweep GC freed 27(1216B) AllocSpace objects, 0(0B) LOS objects, 38% free, 26MB/42MB, paused 175us total 11.139ms
08-05 19:15:44.302 29587 29599 I art     : Starting a blocking GC Explicit
08-05 19:15:44.313 29587 29599 I art     : Explicit concurrent mark sweep GC freed 3(96B) AllocSpace objects, 0(0B) LOS objects, 38% free, 26MB/42MB, paused 195us total 10.947ms
08-05 19:15:44.336   918  5952 I ActivityManager: START u0 {cmp=baseline.com.newsblur/.activity.GlobalSharedStoriesItemsList (has extras)} from uid 10676 on display 0
08-05 19:15:44.351 29587 29809 I baseline.com.newsblur.database.BlurDatabaseHelper: reading session reset
08-05 19:15:44.470 29587 29587 W View    : requestLayout() improperly called by android.widget.FrameLayout{9a9ae5e V.E...... ......ID 0,0-1440,0 #7f07003f app:id/footer_view_inner} during layout: running second layout pass
08-05 19:15:44.470 29587 29587 W View    : requestLayout() improperly called by android.widget.FrameLayout{b14123f V.E...... ......ID 0,0-1440,2091 #7f07003f app:id/footer_view_inner} during layout: running second layout pass
08-05 19:15:44.490   918   936 I ActivityManager: Displayed baseline.com.newsblur/.activity.GlobalSharedStoriesItemsList: +148ms
08-05 19:15:44.491 13866 13866 I GoogleInputMethodServic: GoogleInputMethodService.onFinishInput():3138 
08-05 19:15:44.491 13866 13866 I GoogleInputMethodServic: GoogleInputMethodService.onStartInput():1808 
08-05 19:15:44.504 24043 24043 I Atfwd_Sendcmd: AtCmdFwd service not ready - Exhausted retry attempts - :6
08-05 19:15:44.504 24043 24043 I Atfwd_Daemon: result : -1 	 ,Init step :2 	 ,qmiErrorCode: 0
08-05 19:15:44.529 29587 29599 I art     : Starting a blocking GC Explicit
08-05 19:15:44.542 29587 29599 I art     : Explicit concurrent mark sweep GC freed 8427(704KB) AllocSpace objects, 14(404KB) LOS objects, 36% free, 27MB/43MB, paused 257us total 13.629ms
08-05 19:15:44.548 29587 29599 I art     : Starting a blocking GC Explicit
08-05 19:15:44.561 29587 29599 I art     : Explicit concurrent mark sweep GC freed 502(22KB) AllocSpace objects, 0(0B) LOS objects, 36% free, 27MB/43MB, paused 262us total 12.204ms
08-05 19:15:44.566 29587 29599 I art     : Starting a blocking GC Explicit
08-05 19:15:44.579 29587 29599 I art     : Explicit concurrent mark sweep GC freed 3(96B) AllocSpace objects, 0(0B) LOS objects, 36% free, 27MB/43MB, paused 260us total 12.256ms
08-05 19:15:44.585 29587 29599 I art     : Starting a blocking GC Explicit
08-05 19:15:44.597 29587 29599 I art     : Explicit concurrent mark sweep GC freed 15(656B) AllocSpace objects, 0(0B) LOS objects, 36% free, 27MB/43MB, paused 264us total 12.007ms
08-05 19:15:44.603 29587 29599 I art     : Starting a blocking GC Explicit
08-05 19:15:44.616 29587 29599 I art     : Explicit concurrent mark sweep GC freed 66(4KB) AllocSpace objects, 0(0B) LOS objects, 36% free, 27MB/43MB, paused 241us total 12.793ms
08-05 19:15:44.872 29587 29598 I art     : Starting a blocking GC Explicit
08-05 19:15:44.887 29587 29598 I art     : Explicit concurrent mark sweep GC freed 1725(108KB) AllocSpace objects, 2(40KB) LOS objects, 36% free, 27MB/43MB, paused 290us total 14.724ms
08-05 19:15:44.893 29587 29598 I art     : Starting a blocking GC Explicit
08-05 19:15:44.905 29587 29598 I art     : Explicit concurrent mark sweep GC freed 30(1104B) AllocSpace objects, 0(0B) LOS objects, 36% free, 27MB/43MB, paused 223us total 12.205ms
08-05 19:15:44.911 29587 29598 I art     : Starting a blocking GC Explicit
08-05 19:15:44.923 29587 29598 I art     : Explicit concurrent mark sweep GC freed 4(128B) AllocSpace objects, 0(0B) LOS objects, 36% free, 27MB/43MB, paused 234us total 11.318ms
08-05 19:15:44.928 29587 29598 I art     : Starting a blocking GC Explicit
08-05 19:15:44.939 29587 29598 I art     : Explicit concurrent mark sweep GC freed 4(128B) AllocSpace objects, 0(0B) LOS objects, 36% free, 27MB/43MB, paused 231us total 11.047ms
08-05 19:15:44.945 29587 29598 I art     : Starting a blocking GC Explicit
08-05 19:15:44.957 29587 29598 I art     : Explicit concurrent mark sweep GC freed 4(128B) AllocSpace objects, 0(0B) LOS objects, 36% free, 27MB/43MB, paused 241us total 11.894ms
08-05 19:15:45.079 29587 29821 I NAPPA_EXPERIMENTATION: MetricNetworkRequestExecutionTime: REQUEST_DURATION_SYSTEM='577',REQUEST_DURATION_OKHTTP='40',REQUEST_SYNCHRONOUS='TRUE',RESPONSE_CODE='200',RESPONSE_METHOD='GET',RESPONSE_LENGTH_OKHTTP='-1',RESPONSE_LENGTH_HEADER='13047',REQUEST_PROTOCOL='http/1.1',REQUEST_URL='https://www.newsblur.com/social/river_stories?order=newest&page=1&read_filter=all&global_feed=true',
08-05 19:15:45.079 29587 29821 D MY_TAG  : 0, 577
08-05 19:15:45.193 29587 29808 I art     : Starting a blocking GC Explicit
08-05 19:15:45.210 29587 29808 I art     : Explicit concurrent mark sweep GC freed 36392(2MB) AllocSpace objects, 40(1156KB) LOS objects, 36% free, 28MB/44MB, paused 412us total 16.525ms
08-05 19:15:45.216 29587 29808 I art     : Starting a blocking GC Explicit
08-05 19:15:45.230 29587 29808 I art     : Explicit concurrent mark sweep GC freed 2123(221KB) AllocSpace objects, 3(60KB) LOS objects, 36% free, 27MB/43MB, paused 604us total 14.255ms
08-05 19:15:45.236 29587 29808 I art     : Starting a blocking GC Explicit
08-05 19:15:45.251 29587 29808 I art     : Explicit concurrent mark sweep GC freed 953(57KB) AllocSpace objects, 3(60KB) LOS objects, 36% free, 28MB/44MB, paused 710us total 14.355ms
08-05 19:15:45.257 29587 29808 I art     : Starting a blocking GC Explicit
08-05 19:15:45.274 29587 29808 I art     : Explicit concurrent mark sweep GC freed 912(52KB) AllocSpace objects, 1(20KB) LOS objects, 36% free, 28MB/44MB, paused 617us total 16.705ms
08-05 19:15:45.280 29587 29808 I art     : Starting a blocking GC Explicit
08-05 19:15:45.294 29587 29808 I art     : Explicit concurrent mark sweep GC freed 325(19KB) AllocSpace objects, 0(0B) LOS objects, 36% free, 28MB/44MB, paused 447us total 14.129ms
08-05 19:15:45.308 29587 29852 I NAPPA_EXPERIMENTATION: MetricNetworkRequestExecutionTime: REQUEST_DURATION_SYSTEM='40',REQUEST_DURATION_OKHTTP='34',REQUEST_SYNCHRONOUS='TRUE',RESPONSE_CODE='200',RESPONSE_METHOD='GET',RESPONSE_LENGTH_OKHTTP='43',RESPONSE_LENGTH_HEADER='43',REQUEST_PROTOCOL='http/1.1',REQUEST_URL='http://feeds.feedburner.com/~r/retort/~4/UffaFMiJbNs',
08-05 19:15:45.373   518   646 I ThermalEngine: ACTION: GPU - Setting GPU[0] to 510000000
08-05 19:15:45.555 29587 29598 I art     : Starting a blocking GC Explicit
08-05 19:15:45.576 29587 29598 I art     : Explicit concurrent mark sweep GC freed 15021(752KB) AllocSpace objects, 5(240KB) LOS objects, 36% free, 28MB/44MB, paused 616us total 20.736ms
08-05 19:15:45.584 29587 29598 I art     : Starting a blocking GC Explicit
08-05 19:15:45.602 29587 29598 I art     : Explicit concurrent mark sweep GC freed 1322(130KB) AllocSpace objects, 0(0B) LOS objects, 36% free, 28MB/44MB, paused 592us total 18.003ms
08-05 19:15:45.610 29587 29598 I art     : Starting a blocking GC Explicit
08-05 19:15:45.629 29587 29598 I art     : Explicit concurrent mark sweep GC freed 100(5KB) AllocSpace objects, 0(0B) LOS objects, 36% free, 28MB/44MB, paused 686us total 18.943ms
08-05 19:15:45.637 29587 29598 I art     : Starting a blocking GC Explicit
08-05 19:15:45.655 29587 29598 I art     : Explicit concurrent mark sweep GC freed 193(21KB) AllocSpace objects, 0(0B) LOS objects, 36% free, 28MB/44MB, paused 562us total 18.227ms
08-05 19:15:45.663 29587 29598 I art     : Starting a blocking GC Explicit
08-05 19:15:45.677 29587 29854 I NAPPA_EXPERIMENTATION: MetricNetworkRequestExecutionTime: REQUEST_DURATION_SYSTEM='399',REQUEST_DURATION_OKHTTP='197',REQUEST_SYNCHRONOUS='TRUE',RESPONSE_CODE='200',RESPONSE_METHOD='GET',RESPONSE_LENGTH_OKHTTP='79351',RESPONSE_LENGTH_HEADER='79351',REQUEST_PROTOCOL='h2',REQUEST_URL='https://images.fastcompany.net/image/upload/w_1280,q_auto,f_auto,fl_lossy/wp-cms/uploads/2020/07/p-1-90532920-this-chart-shows-how-effective-masks-can-be.png',
08-05 19:15:45.682 29587 29598 I art     : Explicit concurrent mark sweep GC freed 461(51KB) AllocSpace objects, 1(20KB) LOS objects, 36% free, 28MB/44MB, paused 554us total 18.543ms
08-05 19:15:45.787 29587 29855 I NAPPA_EXPERIMENTATION: MetricNetworkRequestExecutionTime: REQUEST_DURATION_SYSTEM='529',REQUEST_DURATION_OKHTTP='56',REQUEST_SYNCHRONOUS='TRUE',RESPONSE_CODE='200',RESPONSE_METHOD='GET',RESPONSE_LENGTH_OKHTTP='477',RESPONSE_LENGTH_HEADER='477',REQUEST_PROTOCOL='http/1.1',REQUEST_URL='https://s3.amazonaws.com/icons.newsblur.com/5762506.png',
08-05 19:15:45.797 29587 29853 I NAPPA_EXPERIMENTATION: MetricNetworkRequestExecutionTime: REQUEST_DURATION_SYSTEM='549',REQUEST_DURATION_OKHTTP='66',REQUEST_SYNCHRONOUS='TRUE',RESPONSE_CODE='200',RESPONSE_METHOD='GET',RESPONSE_LENGTH_OKHTTP='243',RESPONSE_LENGTH_HEADER='243',REQUEST_PROTOCOL='http/1.1',REQUEST_URL='https://s3.amazonaws.com/icons.newsblur.com/18178.png',
08-05 19:15:45.820 29587 29851 I NAPPA_EXPERIMENTATION: MetricNetworkRequestExecutionTime: REQUEST_DURATION_SYSTEM='580',REQUEST_DURATION_OKHTTP='84',REQUEST_SYNCHRONOUS='TRUE',RESPONSE_CODE='200',RESPONSE_METHOD='GET',RESPONSE_LENGTH_OKHTTP='145',RESPONSE_LENGTH_HEADER='145',REQUEST_PROTOCOL='http/1.1',REQUEST_URL='https://s3.amazonaws.com/icons.newsblur.com/6882243.png',
08-05 19:15:45.961 29587 29598 I art     : Starting a blocking GC Explicit
08-05 19:15:45.985 29587 29598 I art     : Explicit concurrent mark sweep GC freed 8897(470KB) AllocSpace objects, 13(3MB) LOS objects, 34% free, 30MB/46MB, paused 525us total 23.099ms
08-05 19:15:45.996 29587 29598 I art     : Starting a blocking GC Explicit
08-05 19:15:46.014 29587 29598 I art     : Explicit concurrent mark sweep GC freed 252(8KB) AllocSpace objects, 0(0B) LOS objects, 34% free, 30MB/46MB, paused 399us total 18.371ms
08-05 19:15:46.022 29587 29598 I art     : Starting a blocking GC Explicit
08-05 19:15:46.041 29587 29598 I art     : Explicit concurrent mark sweep GC freed 3(96B) AllocSpace objects, 0(0B) LOS objects, 34% free, 30MB/46MB, paused 419us total 18.544ms
08-05 19:15:46.049 29587 29598 I art     : Starting a blocking GC Explicit
08-05 19:15:46.068 29587 29598 I art     : Explicit concurrent mark sweep GC freed 3(96B) AllocSpace objects, 0(0B) LOS objects, 34% free, 30MB/46MB, paused 428us total 18.677ms
08-05 19:15:46.076 29587 29598 I art     : Starting a blocking GC Explicit
08-05 19:15:46.096 29587 29598 I art     : Explicit concurrent mark sweep GC freed 3(96B) AllocSpace objects, 0(0B) LOS objects, 34% free, 30MB/46MB, paused 457us total 19.524ms
08-05 19:15:46.418 29587 29599 I art     : Starting a blocking GC Explicit
08-05 19:15:46.441 29587 29599 I art     : Explicit concurrent mark sweep GC freed 1390(82KB) AllocSpace objects, 1(20KB) LOS objects, 34% free, 30MB/46MB, paused 552us total 22.936ms
08-05 19:15:46.451 29587 29599 I art     : Starting a blocking GC Explicit
08-05 19:15:46.470 29587 29599 I art     : Explicit concurrent mark sweep GC freed 20(720B) AllocSpace objects, 0(0B) LOS objects, 34% free, 30MB/46MB, paused 435us total 18.409ms
08-05 19:15:46.478 29587 29599 I art     : Starting a blocking GC Explicit
08-05 19:15:46.497 29587 29599 I art     : Explicit concurrent mark sweep GC freed 3(96B) AllocSpace objects, 0(0B) LOS objects, 34% free, 30MB/46MB, paused 567us total 18.689ms
08-05 19:15:46.505 29587 29599 I art     : Starting a blocking GC Explicit
08-05 19:15:46.524 29587 29599 I art     : Explicit concurrent mark sweep GC freed 3(96B) AllocSpace objects, 0(0B) LOS objects, 34% free, 30MB/46MB, paused 435us total 18.529ms
08-05 19:15:46.532 29587 29599 I art     : Starting a blocking GC Explicit
08-05 19:15:46.552 29587 29599 I art     : Explicit concurrent mark sweep GC freed 3(96B) AllocSpace objects, 0(0B) LOS objects, 34% free, 30MB/46MB, paused 547us total 19.555ms
08-05 19:15:46.875 29587 29808 I art     : Starting a blocking GC Explicit
08-05 19:15:46.896 29587 29808 I art     : Explicit concurrent mark sweep GC freed 1390(80KB) AllocSpace objects, 1(20KB) LOS objects, 34% free, 30MB/46MB, paused 494us total 21.083ms
08-05 19:15:46.909 29587 29808 I art     : Starting a blocking GC Explicit
08-05 19:15:46.927 29587 29808 I art     : Explicit concurrent mark sweep GC freed 20(704B) AllocSpace objects, 0(0B) LOS objects, 34% free, 30MB/46MB, paused 461us total 18.473ms
08-05 19:15:46.935 29587 29808 I art     : Starting a blocking GC Explicit
08-05 19:15:46.955 29587 29808 I art     : Explicit concurrent mark sweep GC freed 3(96B) AllocSpace objects, 0(0B) LOS objects, 34% free, 30MB/46MB, paused 425us total 18.931ms
08-05 19:15:46.963 29587 29808 I art     : Starting a blocking GC Explicit
08-05 19:15:46.981 29587 29808 I art     : Explicit concurrent mark sweep GC freed 3(96B) AllocSpace objects, 0(0B) LOS objects, 34% free, 30MB/46MB, paused 428us total 18.570ms
08-05 19:15:46.989 29587 29808 I art     : Starting a blocking GC Explicit
08-05 19:15:47.009 29587 29808 I art     : Explicit concurrent mark sweep GC freed 3(96B) AllocSpace objects, 0(0B) LOS objects, 34% free, 30MB/46MB, paused 478us total 19.131ms
08-05 19:15:47.344 29587 29598 I art     : Starting a blocking GC Explicit
08-05 19:15:47.367 29587 29598 I art     : Explicit concurrent mark sweep GC freed 1389(80KB) AllocSpace objects, 1(20KB) LOS objects, 34% free, 30MB/46MB, paused 629us total 22.103ms
08-05 19:15:47.380 29587 29598 I art     : Starting a blocking GC Explicit
08-05 19:15:47.399 29587 29598 I art     : Explicit concurrent mark sweep GC freed 20(704B) AllocSpace objects, 0(0B) LOS objects, 34% free, 30MB/46MB, paused 430us total 18.691ms
08-05 19:15:47.407 29587 29598 I art     : Starting a blocking GC Explicit
08-05 19:15:47.425 29587 29598 I art     : Explicit concurrent mark sweep GC freed 3(96B) AllocSpace objects, 0(0B) LOS objects, 34% free, 30MB/46MB, paused 417us total 18.512ms
08-05 19:15:47.433 29587 29598 I art     : Starting a blocking GC Explicit
08-05 19:15:47.452 29587 29598 I art     : Explicit concurrent mark sweep GC freed 3(96B) AllocSpace objects, 0(0B) LOS objects, 34% free, 30MB/46MB, paused 433us total 18.656ms
08-05 19:15:47.460 29587 29598 I art     : Starting a blocking GC Explicit
08-05 19:15:47.480 29587 29598 I art     : Explicit concurrent mark sweep GC freed 3(96B) AllocSpace objects, 0(0B) LOS objects, 34% free, 30MB/46MB, paused 450us total 19.202ms
08-05 19:15:47.790 29587 29599 I art     : Starting a blocking GC Explicit
08-05 19:15:47.812 29587 29599 I art     : Explicit concurrent mark sweep GC freed 1389(80KB) AllocSpace objects, 1(20KB) LOS objects, 34% free, 30MB/46MB, paused 445us total 21.507ms
08-05 19:15:47.823 29587 29599 I art     : Starting a blocking GC Explicit
08-05 19:15:47.842 29587 29599 I art     : Explicit concurrent mark sweep GC freed 20(704B) AllocSpace objects, 0(0B) LOS objects, 34% free, 30MB/46MB, paused 443us total 18.119ms
08-05 19:15:47.850 29587 29599 I art     : Starting a blocking GC Explicit
08-05 19:15:47.869 29587 29599 I art     : Explicit concurrent mark sweep GC freed 3(96B) AllocSpace objects, 0(0B) LOS objects, 34% free, 30MB/46MB, paused 423us total 18.666ms
08-05 19:15:47.877 29587 29599 I art     : Starting a blocking GC Explicit
08-05 19:15:47.896 29587 29599 I art     : Explicit concurrent mark sweep GC freed 3(96B) AllocSpace objects, 0(0B) LOS objects, 34% free, 30MB/46MB, paused 424us total 18.505ms
08-05 19:15:47.904 29587 29599 I art     : Starting a blocking GC Explicit
08-05 19:15:47.923 29587 29599 I art     : Explicit concurrent mark sweep GC freed 3(96B) AllocSpace objects, 0(0B) LOS objects, 34% free, 30MB/46MB, paused 425us total 19.170ms
08-05 19:15:48.252 29587 29808 I art     : Starting a blocking GC Explicit
08-05 19:15:48.273 29587 29808 I art     : Explicit concurrent mark sweep GC freed 1390(80KB) AllocSpace objects, 1(20KB) LOS objects, 34% free, 30MB/46MB, paused 427us total 20.447ms
08-05 19:15:48.281 29587 29808 I art     : Starting a blocking GC Explicit
08-05 19:15:48.301 29587 29808 I art     : Explicit concurrent mark sweep GC freed 20(704B) AllocSpace objects, 0(0B) LOS objects, 34% free, 30MB/46MB, paused 879us total 19.415ms
08-05 19:15:48.309 29587 29808 I art     : Starting a blocking GC Explicit
08-05 19:15:48.328 29587 29808 I art     : Explicit concurrent mark sweep GC freed 3(96B) AllocSpace objects, 0(0B) LOS objects, 34% free, 30MB/46MB, paused 440us total 18.940ms
08-05 19:15:48.337 29587 29808 I art     : Starting a blocking GC Explicit
08-05 19:15:48.356 29587 29808 I art     : Explicit concurrent mark sweep GC freed 3(96B) AllocSpace objects, 0(0B) LOS objects, 34% free, 30MB/46MB, paused 443us total 19.141ms
08-05 19:15:48.364 29587 29808 I art     : Starting a blocking GC Explicit
08-05 19:15:48.384 29587 29808 I art     : Explicit concurrent mark sweep GC freed 3(96B) AllocSpace objects, 0(0B) LOS objects, 34% free, 30MB/46MB, paused 445us total 19.304ms
08-05 19:15:48.708 29587 29598 I art     : Starting a blocking GC Explicit
08-05 19:15:48.729 29587 29598 I art     : Explicit concurrent mark sweep GC freed 1389(80KB) AllocSpace objects, 1(20KB) LOS objects, 34% free, 30MB/46MB, paused 430us total 20.583ms
08-05 19:15:48.740 29587 29598 I art     : Starting a blocking GC Explicit
08-05 19:15:48.759 29587 29598 I art     : Explicit concurrent mark sweep GC freed 20(704B) AllocSpace objects, 0(0B) LOS objects, 34% free, 30MB/46MB, paused 415us total 18.916ms
08-05 19:15:48.767 29587 29598 I art     : Starting a blocking GC Explicit
08-05 19:15:48.785 29587 29598 I art     : Explicit concurrent mark sweep GC freed 3(96B) AllocSpace objects, 0(0B) LOS objects, 34% free, 30MB/46MB, paused 405us total 18.161ms
08-05 19:15:48.794 29587 29598 I art     : Starting a blocking GC Explicit
08-05 19:15:48.812 29587 29598 I art     : Explicit concurrent mark sweep GC freed 3(96B) AllocSpace objects, 0(0B) LOS objects, 34% free, 30MB/46MB, paused 459us total 17.476ms
08-05 19:15:48.820 29587 29598 I art     : Starting a blocking GC Explicit
08-05 19:15:48.839 29587 29598 I art     : Explicit concurrent mark sweep GC freed 3(96B) AllocSpace objects, 0(0B) LOS objects, 34% free, 30MB/46MB, paused 426us total 18.906ms
08-05 19:15:49.141 29587 29599 I art     : Starting a blocking GC Explicit
08-05 19:15:49.162 29587 29599 I art     : Explicit concurrent mark sweep GC freed 1389(80KB) AllocSpace objects, 1(20KB) LOS objects, 34% free, 30MB/46MB, paused 441us total 20.637ms
08-05 19:15:49.172 29587 29599 I art     : Starting a blocking GC Explicit
08-05 19:15:49.191 29587 29599 I art     : Explicit concurrent mark sweep GC freed 20(704B) AllocSpace objects, 0(0B) LOS objects, 34% free, 30MB/46MB, paused 435us total 19.214ms
08-05 19:15:49.200 29587 29599 I art     : Starting a blocking GC Explicit
08-05 19:15:49.219 29587 29599 I art     : Explicit concurrent mark sweep GC freed 3(96B) AllocSpace objects, 0(0B) LOS objects, 34% free, 30MB/46MB, paused 424us total 19.223ms
08-05 19:15:49.227 29587 29599 I art     : Starting a blocking GC Explicit
08-05 19:15:49.247 29587 29599 I art     : Explicit concurrent mark sweep GC freed 3(96B) AllocSpace objects, 0(0B) LOS objects, 34% free, 30MB/46MB, paused 533us total 18.840ms
08-05 19:15:49.255 29587 29599 I art     : Starting a blocking GC Explicit
08-05 19:15:49.274 29587 29599 I art     : Explicit concurrent mark sweep GC freed 3(96B) AllocSpace objects, 0(0B) LOS objects, 34% free, 30MB/46MB, paused 442us total 18.975ms
08-05 19:15:49.597 29587 29808 I art     : Starting a blocking GC Explicit
08-05 19:15:49.619 29587 29808 I art     : Explicit concurrent mark sweep GC freed 1389(80KB) AllocSpace objects, 1(20KB) LOS objects, 34% free, 30MB/46MB, paused 452us total 21.021ms
08-05 19:15:49.630 29587 29808 I art     : Starting a blocking GC Explicit
08-05 19:15:49.650 29587 29808 I art     : Explicit concurrent mark sweep GC freed 20(704B) AllocSpace objects, 0(0B) LOS objects, 34% free, 30MB/46MB, paused 460us total 19.384ms
08-05 19:15:49.658 29587 29808 I art     : Starting a blocking GC Explicit
08-05 19:15:49.678 29587 29808 I art     : Explicit concurrent mark sweep GC freed 3(96B) AllocSpace objects, 0(0B) LOS objects, 34% free, 30MB/46MB, paused 459us total 19.175ms
08-05 19:15:49.686 29587 29808 I art     : Starting a blocking GC Explicit
08-05 19:15:49.705 29587 29808 I art     : Explicit concurrent mark sweep GC freed 3(96B) AllocSpace objects, 0(0B) LOS objects, 34% free, 30MB/46MB, paused 457us total 18.777ms
08-05 19:15:49.713 29587 29808 I art     : Starting a blocking GC Explicit
08-05 19:15:49.733 29587 29808 I art     : Explicit concurrent mark sweep GC freed 3(96B) AllocSpace objects, 0(0B) LOS objects, 34% free, 30MB/46MB, paused 434us total 19.366ms
08-05 19:15:50.054 29587 29598 I art     : Starting a blocking GC Explicit
08-05 19:15:50.074 29587 29598 I art     : Explicit concurrent mark sweep GC freed 1389(80KB) AllocSpace objects, 1(20KB) LOS objects, 34% free, 30MB/46MB, paused 498us total 19.494ms
08-05 19:15:50.082 29587 29598 I art     : Starting a blocking GC Explicit
08-05 19:15:50.101 29587 29598 I art     : Explicit concurrent mark sweep GC freed 20(704B) AllocSpace objects, 0(0B) LOS objects, 34% free, 30MB/46MB, paused 435us total 18.622ms
08-05 19:15:50.109 29587 29598 I art     : Starting a blocking GC Explicit
08-05 19:15:50.111   918  3261 D WifiStateMachine: starting scan for "H369AA63323"WPA_PSK with 2412,5180
08-05 19:15:50.131 29587 29598 I art     : Explicit concurrent mark sweep GC freed 3(96B) AllocSpace objects, 0(0B) LOS objects, 34% free, 30MB/46MB, paused 434us total 21.932ms
08-05 19:15:50.140 29587 29598 I art     : Starting a blocking GC Explicit
08-05 19:15:50.159 29587 29598 I art     : Explicit concurrent mark sweep GC freed 3(96B) AllocSpace objects, 0(0B) LOS objects, 34% free, 30MB/46MB, paused 449us total 18.477ms
08-05 19:15:50.167 29587 29598 I art     : Starting a blocking GC Explicit
08-05 19:15:50.185 29587 29598 I art     : Explicit concurrent mark sweep GC freed 3(96B) AllocSpace objects, 0(0B) LOS objects, 34% free, 30MB/46MB, paused 471us total 18.254ms
08-05 19:15:50.493 29587 29599 I art     : Starting a blocking GC Explicit
08-05 19:15:50.515 29587 29599 I art     : Explicit concurrent mark sweep GC freed 1389(80KB) AllocSpace objects, 1(20KB) LOS objects, 34% free, 30MB/46MB, paused 465us total 21.224ms
08-05 19:15:50.526 29587 29599 I art     : Starting a blocking GC Explicit
08-05 19:15:50.545 29587 29599 I art     : Explicit concurrent mark sweep GC freed 20(704B) AllocSpace objects, 0(0B) LOS objects, 34% free, 30MB/46MB, paused 434us total 18.531ms
08-05 19:15:50.553 29587 29599 I art     : Starting a blocking GC Explicit
08-05 19:15:50.571 29587 29599 I art     : Explicit concurrent mark sweep GC freed 3(96B) AllocSpace objects, 0(0B) LOS objects, 34% free, 30MB/46MB, paused 456us total 18.475ms
08-05 19:15:50.579 29587 29599 I art     : Starting a blocking GC Explicit
08-05 19:15:50.598 29587 29599 I art     : Explicit concurrent mark sweep GC freed 3(96B) AllocSpace objects, 0(0B) LOS objects, 34% free, 30MB/46MB, paused 438us total 18.671ms
08-05 19:15:50.606 29587 29599 I art     : Starting a blocking GC Explicit
08-05 19:15:50.625 29587 29599 I art     : Explicit concurrent mark sweep GC freed 3(96B) AllocSpace objects, 0(0B) LOS objects, 34% free, 30MB/46MB, paused 468us total 18.776ms
08-05 19:15:50.952 29587 29808 I art     : Starting a blocking GC Explicit
08-05 19:15:50.974 29587 29808 I art     : Explicit concurrent mark sweep GC freed 1389(80KB) AllocSpace objects, 1(20KB) LOS objects, 34% free, 30MB/46MB, paused 424us total 20.964ms
08-05 19:15:50.987 29587 29808 I art     : Starting a blocking GC Explicit
08-05 19:15:51.005 29587 29808 I art     : Explicit concurrent mark sweep GC freed 20(704B) AllocSpace objects, 0(0B) LOS objects, 34% free, 30MB/46MB, paused 420us total 18.265ms
08-05 19:15:51.013 29587 29808 I art     : Starting a blocking GC Explicit
08-05 19:15:51.032 29587 29808 I art     : Explicit concurrent mark sweep GC freed 3(96B) AllocSpace objects, 0(0B) LOS objects, 34% free, 30MB/46MB, paused 427us total 18.602ms
08-05 19:15:51.040 29587 29808 I art     : Starting a blocking GC Explicit
08-05 19:15:51.059 29587 29808 I art     : Explicit concurrent mark sweep GC freed 3(96B) AllocSpace objects, 0(0B) LOS objects, 34% free, 30MB/46MB, paused 443us total 18.525ms
08-05 19:15:51.067 29587 29808 I art     : Starting a blocking GC Explicit
08-05 19:15:51.086 29587 29808 I art     : Explicit concurrent mark sweep GC freed 3(96B) AllocSpace objects, 0(0B) LOS objects, 34% free, 30MB/46MB, paused 437us total 18.572ms
08-05 19:15:51.412 29587 29598 I art     : Starting a blocking GC Explicit
08-05 19:15:51.432 29587 29598 I art     : Explicit concurrent mark sweep GC freed 1389(80KB) AllocSpace objects, 1(20KB) LOS objects, 34% free, 30MB/46MB, paused 437us total 20.276ms
08-05 19:15:51.442 29587 29598 I art     : Starting a blocking GC Explicit
08-05 19:15:51.461 29587 29598 I art     : Explicit concurrent mark sweep GC freed 20(704B) AllocSpace objects, 0(0B) LOS objects, 34% free, 30MB/46MB, paused 431us total 18.741ms
08-05 19:15:51.470 29587 29598 I art     : Starting a blocking GC Explicit
08-05 19:15:51.488 29587 29598 I art     : Explicit concurrent mark sweep GC freed 3(96B) AllocSpace objects, 0(0B) LOS objects, 34% free, 30MB/46MB, paused 423us total 18.599ms
08-05 19:15:51.497 29587 29598 I art     : Starting a blocking GC Explicit
08-05 19:15:51.516 29587 29598 I art     : Explicit concurrent mark sweep GC freed 3(96B) AllocSpace objects, 0(0B) LOS objects, 34% free, 30MB/46MB, paused 429us total 19.001ms
08-05 19:15:51.524 29587 29598 I art     : Starting a blocking GC Explicit
08-05 19:15:51.543 29587 29598 I art     : Explicit concurrent mark sweep GC freed 3(96B) AllocSpace objects, 0(0B) LOS objects, 34% free, 30MB/46MB, paused 431us total 18.685ms
08-05 19:15:51.871 29587 29599 I art     : Starting a blocking GC Explicit
08-05 19:15:51.893 29587 29599 I art     : Explicit concurrent mark sweep GC freed 1389(80KB) AllocSpace objects, 1(20KB) LOS objects, 34% free, 30MB/46MB, paused 455us total 21.824ms
08-05 19:15:51.904 29587 29599 I art     : Starting a blocking GC Explicit
08-05 19:15:51.923 29587 29599 I art     : Explicit concurrent mark sweep GC freed 20(704B) AllocSpace objects, 0(0B) LOS objects, 34% free, 30MB/46MB, paused 439us total 19.047ms
08-05 19:15:51.932 29587 29599 I art     : Starting a blocking GC Explicit
08-05 19:15:51.951 29587 29599 I art     : Explicit concurrent mark sweep GC freed 3(96B) AllocSpace objects, 0(0B) LOS objects, 34% free, 30MB/46MB, paused 437us total 19.021ms
08-05 19:15:51.959 29587 29599 I art     : Starting a blocking GC Explicit
08-05 19:15:51.978 29587 29599 I art     : Explicit concurrent mark sweep GC freed 3(96B) AllocSpace objects, 0(0B) LOS objects, 34% free, 30MB/46MB, paused 432us total 19.185ms
08-05 19:15:51.987 29587 29599 I art     : Starting a blocking GC Explicit
08-05 19:15:52.007 29587 29599 I art     : Explicit concurrent mark sweep GC freed 3(96B) AllocSpace objects, 0(0B) LOS objects, 34% free, 30MB/46MB, paused 466us total 19.497ms
08-05 19:15:52.341 29587 29808 I art     : Starting a blocking GC Explicit
08-05 19:15:52.364 29587 29808 I art     : Explicit concurrent mark sweep GC freed 1389(80KB) AllocSpace objects, 1(20KB) LOS objects, 34% free, 30MB/46MB, paused 914us total 22.308ms
08-05 19:15:52.373 29587 29808 I art     : Starting a blocking GC Explicit
08-05 19:15:52.392 29587 29808 I art     : Explicit concurrent mark sweep GC freed 20(704B) AllocSpace objects, 0(0B) LOS objects, 34% free, 30MB/46MB, paused 464us total 19.202ms
08-05 19:15:52.401 29587 29808 I art     : Starting a blocking GC Explicit
08-05 19:15:52.420 29587 29808 I art     : Explicit concurrent mark sweep GC freed 3(96B) AllocSpace objects, 0(0B) LOS objects, 34% free, 30MB/46MB, paused 419us total 18.715ms
08-05 19:15:52.428 29587 29808 I art     : Starting a blocking GC Explicit
08-05 19:15:52.447 29587 29808 I art     : Explicit concurrent mark sweep GC freed 3(96B) AllocSpace objects, 0(0B) LOS objects, 34% free, 30MB/46MB, paused 440us total 18.893ms
08-05 19:15:52.455 29587 29808 I art     : Starting a blocking GC Explicit
08-05 19:15:52.475 29587 29808 I art     : Explicit concurrent mark sweep GC freed 3(96B) AllocSpace objects, 0(0B) LOS objects, 34% free, 30MB/46MB, paused 453us total 19.351ms
08-05 19:15:52.779 29587 29598 I art     : Starting a blocking GC Explicit
08-05 19:15:52.800 29587 29598 I art     : Explicit concurrent mark sweep GC freed 1389(80KB) AllocSpace objects, 1(20KB) LOS objects, 34% free, 30MB/46MB, paused 433us total 20.563ms
08-05 19:15:52.812 29587 29598 I art     : Starting a blocking GC Explicit
08-05 19:15:52.831 29587 29598 I art     : Explicit concurrent mark sweep GC freed 20(704B) AllocSpace objects, 0(0B) LOS objects, 34% free, 30MB/46MB, paused 426us total 18.511ms
08-05 19:15:52.831 29587 29597 I art     : WaitForGcToComplete blocked for 18.758ms for cause HeapTrim
08-05 19:15:52.839 29587 29598 I art     : Starting a blocking GC Explicit
08-05 19:15:52.858 29587 29598 I art     : Explicit concurrent mark sweep GC freed 3(96B) AllocSpace objects, 0(0B) LOS objects, 34% free, 30MB/46MB, paused 428us total 18.248ms
08-05 19:15:52.866 29587 29598 I art     : Starting a blocking GC Explicit
08-05 19:15:52.884 29587 29598 I art     : Explicit concurrent mark sweep GC freed 3(96B) AllocSpace objects, 0(0B) LOS objects, 34% free, 30MB/46MB, paused 421us total 18.532ms
08-05 19:15:52.893 29587 29598 I art     : Starting a blocking GC Explicit
08-05 19:15:52.912 29587 29598 I art     : Explicit concurrent mark sweep GC freed 3(96B) AllocSpace objects, 0(0B) LOS objects, 34% free, 30MB/46MB, paused 426us total 19.119ms
08-05 19:15:53.237 29587 29599 I art     : Starting a blocking GC Explicit
08-05 19:15:53.258 29587 29599 I art     : Explicit concurrent mark sweep GC freed 1389(80KB) AllocSpace objects, 1(20KB) LOS objects, 34% free, 30MB/46MB, paused 461us total 20.960ms
08-05 19:15:53.270 29587 29599 I art     : Starting a blocking GC Explicit
08-05 19:15:53.289 29587 29599 I art     : Explicit concurrent mark sweep GC freed 20(704B) AllocSpace objects, 0(0B) LOS objects, 34% free, 30MB/46MB, paused 416us total 17.989ms
08-05 19:15:53.297 29587 29599 I art     : Starting a blocking GC Explicit
08-05 19:15:53.316 29587 29599 I art     : Explicit concurrent mark sweep GC freed 3(96B) AllocSpace objects, 0(0B) LOS objects, 34% free, 30MB/46MB, paused 427us total 18.393ms
08-05 19:15:53.324 29587 29599 I art     : Starting a blocking GC Explicit
08-05 19:15:53.343 29587 29599 I art     : Explicit concurrent mark sweep GC freed 3(96B) AllocSpace objects, 0(0B) LOS objects, 34% free, 30MB/46MB, paused 436us total 18.804ms
08-05 19:15:53.351 29587 29599 I art     : Starting a blocking GC Explicit
08-05 19:15:53.370 29587 29599 I art     : Explicit concurrent mark sweep GC freed 3(96B) AllocSpace objects, 0(0B) LOS objects, 34% free, 30MB/46MB, paused 498us total 19.025ms
08-05 19:15:53.677 29587 29808 I art     : Starting a blocking GC Explicit
08-05 19:15:53.697 29587 29808 I art     : Explicit concurrent mark sweep GC freed 1389(80KB) AllocSpace objects, 1(20KB) LOS objects, 34% free, 30MB/46MB, paused 440us total 19.733ms
08-05 19:15:53.705 29587 29808 I art     : Starting a blocking GC Explicit
08-05 19:15:53.724 29587 29808 I art     : Explicit concurrent mark sweep GC freed 20(704B) AllocSpace objects, 0(0B) LOS objects, 34% free, 30MB/46MB, paused 425us total 18.944ms
08-05 19:15:53.732 29587 29808 I art     : Starting a blocking GC Explicit
08-05 19:15:53.751 29587 29808 I art     : Explicit concurrent mark sweep GC freed 3(96B) AllocSpace objects, 0(0B) LOS objects, 34% free, 30MB/46MB, paused 427us total 18.998ms
08-05 19:15:53.760 29587 29808 I art     : Starting a blocking GC Explicit
08-05 19:15:53.779 29587 29808 I art     : Explicit concurrent mark sweep GC freed 3(96B) AllocSpace objects, 0(0B) LOS objects, 34% free, 30MB/46MB, paused 425us total 18.870ms
08-05 19:15:53.787 29587 29808 I art     : Starting a blocking GC Explicit
08-05 19:15:53.806 29587 29808 I art     : Explicit concurrent mark sweep GC freed 3(96B) AllocSpace objects, 0(0B) LOS objects, 34% free, 30MB/46MB, paused 437us total 18.808ms
08-05 19:15:54.117 29587 29598 I art     : Starting a blocking GC Explicit
08-05 19:15:54.138 29587 29598 I art     : Explicit concurrent mark sweep GC freed 1389(80KB) AllocSpace objects, 1(20KB) LOS objects, 34% free, 30MB/46MB, paused 440us total 21.224ms
08-05 19:15:54.149 29587 29598 I art     : Starting a blocking GC Explicit
08-05 19:15:54.168 29587 29598 I art     : Explicit concurrent mark sweep GC freed 20(704B) AllocSpace objects, 0(0B) LOS objects, 34% free, 30MB/46MB, paused 431us total 18.448ms
08-05 19:15:54.176 29587 29598 I art     : Starting a blocking GC Explicit
08-05 19:15:54.195 29587 29598 I art     : Explicit concurrent mark sweep GC freed 3(96B) AllocSpace objects, 0(0B) LOS objects, 34% free, 30MB/46MB, paused 421us total 18.743ms
08-05 19:15:54.203 29587 29598 I art     : Starting a blocking GC Explicit
08-05 19:15:54.222 29587 29598 I art     : Explicit concurrent mark sweep GC freed 3(96B) AllocSpace objects, 0(0B) LOS objects, 34% free, 30MB/46MB, paused 417us total 18.644ms
08-05 19:15:54.230 29587 29598 I art     : Starting a blocking GC Explicit
08-05 19:15:54.249 29587 29598 I art     : Explicit concurrent mark sweep GC freed 3(96B) AllocSpace objects, 0(0B) LOS objects, 34% free, 30MB/46MB, paused 457us total 18.802ms
08-05 19:15:54.562 29587 29599 I art     : Starting a blocking GC Explicit
08-05 19:15:54.582 29587 29599 I art     : Explicit concurrent mark sweep GC freed 1389(80KB) AllocSpace objects, 1(20KB) LOS objects, 34% free, 30MB/46MB, paused 459us total 19.600ms
08-05 19:15:54.591 29587 29599 I art     : Starting a blocking GC Explicit
08-05 19:15:54.610 29587 29599 I art     : Explicit concurrent mark sweep GC freed 20(704B) AllocSpace objects, 0(0B) LOS objects, 34% free, 30MB/46MB, paused 489us total 18.924ms
08-05 19:15:54.618 29587 29599 I art     : Starting a blocking GC Explicit
08-05 19:15:54.637 29587 29599 I art     : Explicit concurrent mark sweep GC freed 3(96B) AllocSpace objects, 0(0B) LOS objects, 34% free, 30MB/46MB, paused 436us total 18.384ms
08-05 19:15:54.645 29587 29599 I art     : Starting a blocking GC Explicit
08-05 19:15:54.663 29587 29599 I art     : Explicit concurrent mark sweep GC freed 3(96B) AllocSpace objects, 0(0B) LOS objects, 34% free, 30MB/46MB, paused 442us total 18.189ms
08-05 19:15:54.672 29587 29599 I art     : Starting a blocking GC Explicit
08-05 19:15:54.690 29587 29599 I art     : Explicit concurrent mark sweep GC freed 3(96B) AllocSpace objects, 0(0B) LOS objects, 34% free, 30MB/46MB, paused 445us total 18.727ms
08-05 19:15:54.919 30073 30073 D AndroidRuntime: >>>>>> START com.android.internal.os.RuntimeInit uid 2000 <<<<<<
08-05 19:15:54.924 30073 30073 D AndroidRuntime: CheckJNI is OFF
08-05 19:15:54.956 30073 30073 D ICU     : No timezone override file found: /data/misc/zoneinfo/current/icu/icu_tzdata.dat
08-05 19:15:54.983 29587 29808 I art     : Starting a blocking GC Explicit
08-05 19:15:54.990 30073 30073 I Radio-JNI: register_android_hardware_Radio DONE
08-05 19:15:55.002 29587 29808 I art     : Explicit concurrent mark sweep GC freed 1389(80KB) AllocSpace objects, 1(20KB) LOS objects, 34% free, 30MB/46MB, paused 455us total 18.878ms
08-05 19:15:55.010 29587 29808 I art     : Starting a blocking GC Explicit
08-05 19:15:55.012 30073 30073 D AndroidRuntime: Calling main entry com.android.commands.input.Input
08-05 19:15:55.014 30073 30073 I Input   : injectMotionEvent: MotionEvent { action=ACTION_DOWN, actionButton=0, id[0]=0, x[0]=436.0, y[0]=453.0, toolType[0]=TOOL_TYPE_UNKNOWN, buttonState=0, metaState=0, flags=0x0, edgeFlags=0x0, pointerCount=1, historySize=0, eventTime=818171427, downTime=818171427, deviceId=0, source=0x1002 }
08-05 19:15:55.036 30073 30073 I Input   : injectMotionEvent: MotionEvent { action=ACTION_UP, actionButton=0, id[0]=0, x[0]=436.0, y[0]=453.0, toolType[0]=TOOL_TYPE_UNKNOWN, buttonState=0, metaState=0, flags=0x0, edgeFlags=0x0, pointerCount=1, historySize=0, eventTime=818171427, downTime=818171427, deviceId=0, source=0x1002 }
08-05 19:15:55.037 29587 29808 I art     : Explicit concurrent mark sweep GC freed 20(704B) AllocSpace objects, 0(0B) LOS objects, 34% free, 30MB/46MB, paused 703us total 26.544ms
08-05 19:15:55.041 30073 30073 D AndroidRuntime: Shutting down VM
08-05 19:15:55.046 29587 29808 I art     : Starting a blocking GC Explicit
08-05 19:15:55.050   512  2967 D audio_hw_primary: out_set_parameters: enter: usecase(1: low-latency-playback) kvpairs: routing=2
08-05 19:15:55.051   918  3670 I ActivityManager: START u0 {cmp=baseline.com.newsblur/.activity.GlobalSharedStoriesReading (has extras)} from uid 10676 on display 0
08-05 19:15:55.063   512  2967 D audio_hw_primary: select_devices: out_snd_device(2: speaker) in_snd_device(0: none)
08-05 19:15:55.063   512  2967 D msm8974_platform: platform_send_audio_calibration: sending audio calibration for snd_device(2) acdb_id(15)
08-05 19:15:55.063   512  2967 I soundtrigger: audio_extn_sound_trigger_update_device_status: device 0x2 of type 0 for Event 1
08-05 19:15:55.070 29587 29808 I art     : Explicit concurrent mark sweep GC freed 519(66KB) AllocSpace objects, 1(20KB) LOS objects, 34% free, 30MB/46MB, paused 4.652ms total 23.299ms
08-05 19:15:55.075   512  2967 D audio_hw_primary: enable_snd_device: snd_device(2: speaker)
08-05 19:15:55.077   512  2967 D audio_hw_primary: enable_audio_route: apply and update mixer path: low-latency-playback speaker
08-05 19:15:55.082 29587 29808 I art     : Starting a blocking GC Explicit
08-05 19:15:55.099 29587 29808 I art     : Explicit concurrent mark sweep GC freed 228(29KB) AllocSpace objects, 1(20KB) LOS objects, 33% free, 31MB/47MB, paused 644us total 17.074ms
08-05 19:15:55.107 29587 29808 I art     : Starting a blocking GC Explicit
08-05 19:15:55.131 29587 29808 W art     : Suspending all threads took: 6.200ms
08-05 19:15:55.132 29587 29808 I art     : Explicit concurrent mark sweep GC freed 979(82KB) AllocSpace objects, 1(112KB) LOS objects, 33% free, 31MB/47MB, paused 7.100ms total 25.322ms
08-05 19:15:55.286   918   936 I ActivityManager: Displayed baseline.com.newsblur/.activity.GlobalSharedStoriesReading: +228ms
08-05 19:15:55.287 13866 13866 I GoogleInputMethodServic: GoogleInputMethodService.onFinishInput():3138 
08-05 19:15:55.287 13866 13866 I GoogleInputMethodServic: GoogleInputMethodService.onStartInput():1808 
08-05 19:15:55.300 29587 29587 I WebViewFactory: Loading com.google.android.webview version 84.0.4147.89 (code 414708953)
08-05 19:15:55.380 29587 29587 I cr_LibraryLoader: Loaded native library version number "84.0.4147.89"
08-05 19:15:55.381 29587 29587 I cr_CachingUmaRecorder: Flushed 5 samples from 5 histograms.
08-05 19:15:55.382 29587 29808 I art     : Starting a blocking GC Explicit
08-05 19:15:55.409 29587 29808 I art     : Explicit concurrent mark sweep GC freed 6764(724KB) AllocSpace objects, 7(476KB) LOS objects, 31% free, 34MB/50MB, paused 944us total 26.132ms
08-05 19:15:55.419 29587 29808 I art     : Starting a blocking GC Explicit
08-05 19:15:55.423 29587 29587 E chromium: [ERROR:filesystem_posix.cc(62)] mkdir /data/user/0/baseline.com.newsblur/cache/WebView/Crashpad: No such file or directory (2)
08-05 19:15:55.442 29587 29808 I art     : Explicit concurrent mark sweep GC freed 1124(112KB) AllocSpace objects, 0(0B) LOS objects, 31% free, 34MB/50MB, paused 646us total 22.966ms
08-05 19:15:55.452 29587 29808 I art     : Starting a blocking GC Explicit
08-05 19:15:55.474 29587 29808 I art     : Explicit concurrent mark sweep GC freed 545(24KB) AllocSpace objects, 0(0B) LOS objects, 31% free, 34MB/50MB, paused 730us total 22.441ms
08-05 19:15:55.495 29587 29808 I art     : Starting a blocking GC Explicit
08-05 19:15:55.516   918  6029 D ConnectivityService: listenForNetwork for Listen from uid/pid:10676/29587 for NetworkRequest [ id=3519, legacyType=-1, [ Capabilities: INTERNET&NOT_RESTRICTED&TRUSTED] ]
08-05 19:15:55.518 29587 29808 I art     : Explicit concurrent mark sweep GC freed 577(57KB) AllocSpace objects, 0(0B) LOS objects, 31% free, 34MB/50MB, paused 959us total 23.143ms
08-05 19:15:55.527 29587 29808 I art     : Starting a blocking GC Explicit
08-05 19:15:55.550 29587 29808 I art     : Explicit concurrent mark sweep GC freed 503(75KB) AllocSpace objects, 0(0B) LOS objects, 31% free, 35MB/51MB, paused 886us total 22.899ms
08-05 19:15:55.618   512  2967 D audio_hw_primary: disable_audio_route: reset and update mixer path: low-latency-playback speaker
08-05 19:15:55.619   512  2967 D audio_hw_primary: disable_snd_device: snd_device(2: speaker)
08-05 19:15:55.628   512  2967 I soundtrigger: audio_extn_sound_trigger_update_device_status: device 0x2 of type 0 for Event 0
08-05 19:15:55.641 29587 30122 W cr_media: Requires BLUETOOTH permission
08-05 19:15:55.654 29587 30138 E libEGL  : validate_display:255 error 3008 (EGL_BAD_DISPLAY)
08-05 19:15:55.864 29587 29598 I art     : Starting a blocking GC Explicit
08-05 19:15:55.897 29587 29598 I art     : Explicit concurrent mark sweep GC freed 23096(1362KB) AllocSpace objects, 20(444KB) LOS objects, 30% free, 36MB/52MB, paused 892us total 32.364ms
08-05 19:15:55.908 29587 29598 I art     : Starting a blocking GC Explicit
08-05 19:15:55.932 29587 29598 I art     : Explicit concurrent mark sweep GC freed 1818(80KB) AllocSpace objects, 2(56KB) LOS objects, 30% free, 36MB/52MB, paused 1.020ms total 24.317ms
08-05 19:15:55.941 29587 29598 I art     : Starting a blocking GC Explicit
08-05 19:15:55.965 29587 29598 I art     : Explicit concurrent mark sweep GC freed 8(256B) AllocSpace objects, 0(0B) LOS objects, 30% free, 36MB/52MB, paused 939us total 24.162ms
08-05 19:15:55.973 29587 29598 I art     : Starting a blocking GC Explicit
08-05 19:15:55.997 29587 29598 I art     : Explicit concurrent mark sweep GC freed 4(128B) AllocSpace objects, 0(0B) LOS objects, 30% free, 36MB/52MB, paused 1.003ms total 23.708ms
08-05 19:15:56.006 29587 29598 I art     : Starting a blocking GC Explicit
08-05 19:15:56.031 29587 29598 I art     : Explicit concurrent mark sweep GC freed 1597(62KB) AllocSpace objects, 0(0B) LOS objects, 30% free, 36MB/52MB, paused 913us total 24.477ms
08-05 19:15:56.179 29587 30152 E baseline.com.newsblur.network.APIResponse: Error (unexpected end of stream on https://www.newsblur.com/...) calling https://www.newsblur.com/reader/mark_story_hashes_as_read/
08-05 19:15:56.179 29587 30152 E baseline.com.newsblur.network.APIResponse: java.io.IOException: unexpected end of stream on https://www.newsblur.com/...
08-05 19:15:56.179 29587 30152 E baseline.com.newsblur.network.APIResponse: 	at okhttp3.internal.http1.Http1ExchangeCodec.readResponseHeaders(Http1ExchangeCodec.java:236)
08-05 19:15:56.179 29587 30152 E baseline.com.newsblur.network.APIResponse: 	at okhttp3.internal.connection.Exchange.readResponseHeaders(Exchange.java:115)
08-05 19:15:56.179 29587 30152 E baseline.com.newsblur.network.APIResponse: 	at okhttp3.internal.http.CallServerInterceptor.intercept(CallServerInterceptor.java:94)
08-05 19:15:56.179 29587 30152 E baseline.com.newsblur.network.APIResponse: 	at okhttp3.internal.http.RealInterceptorChain.proceed(RealInterceptorChain.java:142)
08-05 19:15:56.179 29587 30152 E baseline.com.newsblur.network.APIResponse: 	at okhttp3.internal.connection.ConnectInterceptor.intercept(ConnectInterceptor.java:43)
08-05 19:15:56.179 29587 30152 E baseline.com.newsblur.network.APIResponse: 	at okhttp3.internal.http.RealInterceptorChain.proceed(RealInterceptorChain.java:142)
08-05 19:15:56.179 29587 30152 E baseline.com.newsblur.network.APIResponse: 	at okhttp3.internal.http.RealInterceptorChain.proceed(RealInterceptorChain.java:117)
08-05 19:15:56.179 29587 30152 E baseline.com.newsblur.network.APIResponse: 	at okhttp3.internal.cache.CacheInterceptor.intercept(CacheInterceptor.java:94)
08-05 19:15:56.179 29587 30152 E baseline.com.newsblur.network.APIResponse: 	at okhttp3.internal.http.RealInterceptorChain.proceed(RealInterceptorChain.java:142)
08-05 19:15:56.179 29587 30152 E baseline.com.newsblur.network.APIResponse: 	at okhttp3.internal.http.RealInterceptorChain.proceed(RealInterceptorChain.java:117)
08-05 19:15:56.179 29587 30152 E baseline.com.newsblur.network.APIResponse: 	at okhttp3.internal.http.BridgeInterceptor.intercept(BridgeInterceptor.java:93)
08-05 19:15:56.179 29587 30152 E baseline.com.newsblur.network.APIResponse: 	at okhttp3.internal.http.RealInterceptorChain.proceed(RealInterceptorChain.java:142)
08-05 19:15:56.179 29587 30152 E baseline.com.newsblur.network.APIResponse: 	at okhttp3.internal.http.RetryAndFollowUpInterceptor.intercept(RetryAndFollowUpInterceptor.java:88)
08-05 19:15:56.179 29587 30152 E baseline.com.newsblur.network.APIResponse: 	at okhttp3.internal.http.RealInterceptorChain.proceed(RealInterceptorChain.java:142)
08-05 19:15:56.179 29587 30152 E baseline.com.newsblur.network.APIResponse: 	at okhttp3.internal.http.RealInterceptorChain.proceed(RealInterceptorChain.java:117)
08-05 19:15:56.179 29587 30152 E baseline.com.newsblur.network.APIResponse: 	at okhttp3.RealCall.getResponseWithInterceptorChain(RealCall.java:229)
08-05 19:15:56.179 29587 30152 E baseline.com.newsblur.network.APIResponse: 	at okhttp3.RealCall.execute(RealCall.java:81)
08-05 19:15:56.179 29587 30152 E baseline.com.newsblur.network.APIResponse: 	at baseline.com.newsblur.network.APIResponse.<init>(APIResponse.java:57)
08-05 19:15:56.179 29587 30152 E baseline.com.newsblur.network.APIResponse: 	at baseline.com.newsblur.network.APIResponse.<init>(APIResponse.java:43)
08-05 19:15:56.179 29587 30152 E baseline.com.newsblur.network.APIResponse: 	at baseline.com.newsblur.network.APIManager.post_single(APIManager.java:702)
08-05 19:15:56.179 29587 30152 E baseline.com.newsblur.network.APIResponse: 	at baseline.com.newsblur.network.APIManager.post(APIManager.java:675)
08-05 19:15:56.179 29587 30152 E baseline.com.newsblur.network.APIResponse: 	at baseline.com.newsblur.network.APIManager.post(APIManager.java:714)
08-05 19:15:56.179 29587 30152 E baseline.com.newsblur.network.APIResponse: 	at baseline.com.newsblur.network.APIManager.markStoryAsRead(APIManager.java:205)
08-05 19:15:56.179 29587 30152 E baseline.com.newsblur.network.APIResponse: 	at baseline.com.newsblur.util.ReadingAction.doRemote(ReadingAction.java:281)
08-05 19:15:56.179 29587 30152 E baseline.com.newsblur.network.APIResponse: 	at baseline.com.newsblur.service.NBSyncService.syncActions(NBSyncService.java:400)
08-05 19:15:56.179 29587 30152 E baseline.com.newsblur.network.APIResponse: 	at baseline.com.newsblur.service.NBSyncService.doSync(NBSyncService.java:298)
08-05 19:15:56.179 29587 30152 E baseline.com.newsblur.network.APIResponse: 	at baseline.com.newsblur.service.NBSyncService.access$100(NBSyncService.java:67)
08-05 19:15:56.179 29587 30152 E baseline.com.newsblur.network.APIResponse: 	at baseline.com.newsblur.service.NBSyncService$1.run(NBSyncService.java:188)
08-05 19:15:56.179 29587 30152 E baseline.com.newsblur.network.APIResponse: 	at java.util.concurrent.ThreadPoolExecutor.runWorker(ThreadPoolExecutor.java:1113)
08-05 19:15:56.179 29587 30152 E baseline.com.newsblur.network.APIResponse: 	at java.util.concurrent.ThreadPoolExecutor$Worker.run(ThreadPoolExecutor.java:588)
08-05 19:15:56.179 29587 30152 E baseline.com.newsblur.network.APIResponse: 	at java.lang.Thread.run(Thread.java:818)
08-05 19:15:56.179 29587 30152 E baseline.com.newsblur.network.APIResponse: Caused by: java.io.EOFException: \n not found: limit=0 content=
08-05 19:15:56.179 29587 30152 E baseline.com.newsblur.network.APIResponse: 	at okio.RealBufferedSource.readUtf8LineStrict(RealBufferedSource.java:240)
08-05 19:15:56.179 29587 30152 E baseline.com.newsblur.network.APIResponse: 	at okhttp3.internal.http1.Http1ExchangeCodec.readHeaderLine(Http1ExchangeCodec.java:242)
08-05 19:15:56.179 29587 30152 E baseline.com.newsblur.network.APIResponse: 	at okhttp3.internal.http1.Http1ExchangeCodec.readResponseHeaders(Http1ExchangeCodec.java:213)
08-05 19:15:56.179 29587 30152 E baseline.com.newsblur.network.APIResponse: 	... 30 more
08-05 19:15:56.181 29587 30152 I baseline.com.newsblur.network.APIManager: API call failed, pausing before retry number 1
08-05 19:15:56.346 29587 29598 I art     : Starting a blocking GC Explicit
08-05 19:15:56.381 29587 29598 I art     : Explicit concurrent mark sweep GC freed 7054(538KB) AllocSpace objects, 6(260KB) LOS objects, 30% free, 36MB/52MB, paused 1.181ms total 34.943ms
08-05 19:15:56.392   518   646 I ThermalEngine: ACTION: GPU - Setting GPU[0] to 450000000
08-05 19:15:56.394 29587 29598 I art     : Starting a blocking GC Explicit
08-05 19:15:56.430 29587 29598 I art     : Explicit concurrent mark sweep GC freed 1136(123KB) AllocSpace objects, 0(0B) LOS objects, 30% free, 36MB/52MB, paused 1.220ms total 36.225ms
08-05 19:15:56.442 29587 29598 I art     : Starting a blocking GC Explicit
08-05 19:15:56.476 29587 29598 I art     : Explicit concurrent mark sweep GC freed 3(96B) AllocSpace objects, 0(0B) LOS objects, 30% free, 36MB/52MB, paused 1.133ms total 33.443ms
08-05 19:15:56.488 29587 29598 I art     : Starting a blocking GC Explicit
08-05 19:15:56.524 29587 29598 I art     : Explicit concurrent mark sweep GC freed 3(96B) AllocSpace objects, 0(0B) LOS objects, 30% free, 36MB/52MB, paused 1.159ms total 35.853ms
08-05 19:15:56.539 29587 29598 I art     : Starting a blocking GC Explicit
08-05 19:15:56.577 29587 29598 I art     : Explicit concurrent mark sweep GC freed 3(96B) AllocSpace objects, 0(0B) LOS objects, 30% free, 36MB/52MB, paused 1.118ms total 38.055ms
08-05 19:15:56.934 29587 29808 I art     : Starting a blocking GC Explicit
08-05 19:15:56.973 29587 29808 I art     : Explicit concurrent mark sweep GC freed 1521(86KB) AllocSpace objects, 1(20KB) LOS objects, 30% free, 36MB/52MB, paused 1.095ms total 38.128ms
08-05 19:15:56.987 29587 29808 I art     : Starting a blocking GC Explicit
08-05 19:15:57.025 29587 29808 I art     : Explicit concurrent mark sweep GC freed 34(1168B) AllocSpace objects, 0(0B) LOS objects, 30% free, 36MB/52MB, paused 1.141ms total 37.766ms
08-05 19:15:57.039 29587 29808 I art     : Starting a blocking GC Explicit
08-05 19:15:57.076 29587 29808 I art     : Explicit concurrent mark sweep GC freed 8(256B) AllocSpace objects, 0(0B) LOS objects, 30% free, 36MB/52MB, paused 1.134ms total 36.660ms
08-05 19:15:57.090 29587 29808 I art     : Starting a blocking GC Explicit
08-05 19:15:57.128 29587 29808 I art     : Explicit concurrent mark sweep GC freed 3(96B) AllocSpace objects, 0(0B) LOS objects, 30% free, 36MB/52MB, paused 1.165ms total 37.875ms
08-05 19:15:57.141 29587 29808 I art     : Starting a blocking GC Explicit
08-05 19:15:57.178 29587 29808 I art     : Explicit concurrent mark sweep GC freed 3(96B) AllocSpace objects, 0(0B) LOS objects, 30% free, 36MB/52MB, paused 1.287ms total 37.160ms
08-05 19:15:57.532 29587 29599 I art     : Starting a blocking GC Explicit
08-05 19:15:57.571 29587 29599 I art     : Explicit concurrent mark sweep GC freed 1440(83KB) AllocSpace objects, 1(20KB) LOS objects, 30% free, 36MB/52MB, paused 1.035ms total 38.613ms
08-05 19:15:57.585 29587 29599 I art     : Starting a blocking GC Explicit
08-05 19:15:57.621 29587 29599 I art     : Explicit concurrent mark sweep GC freed 22(784B) AllocSpace objects, 0(0B) LOS objects, 30% free, 36MB/52MB, paused 1.048ms total 35.558ms
08-05 19:15:57.634 29587 29599 I art     : Starting a blocking GC Explicit
08-05 19:15:57.671 29587 29599 I art     : Explicit concurrent mark sweep GC freed 3(96B) AllocSpace objects, 0(0B) LOS objects, 30% free, 36MB/52MB, paused 1.050ms total 36.690ms
08-05 19:15:57.685 29587 29599 I art     : Starting a blocking GC Explicit
08-05 19:15:57.724 29587 29599 I art     : Explicit concurrent mark sweep GC freed 94(3KB) AllocSpace objects, 0(0B) LOS objects, 30% free, 36MB/52MB, paused 1.192ms total 38.508ms
08-05 19:15:57.739 29587 29599 I art     : Starting a blocking GC Explicit
08-05 19:15:57.775 29587 29599 I art     : Explicit concurrent mark sweep GC freed 9(352B) AllocSpace objects, 0(0B) LOS objects, 30% free, 36MB/52MB, paused 1.236ms total 36.060ms
08-05 19:15:58.123 29587 29599 I art     : Starting a blocking GC Explicit
08-05 19:15:58.164 29587 29599 I art     : Explicit concurrent mark sweep GC freed 1515(88KB) AllocSpace objects, 1(20KB) LOS objects, 30% free, 36MB/52MB, paused 1.350ms total 39.753ms
08-05 19:15:58.178 29587 29599 I art     : Starting a blocking GC Explicit
08-05 19:15:58.219 29587 29599 I art     : Explicit concurrent mark sweep GC freed 176(6KB) AllocSpace objects, 0(0B) LOS objects, 30% free, 36MB/52MB, paused 2.424ms total 40.247ms
08-05 19:15:58.231 29587 29599 I art     : Starting a blocking GC Explicit
08-05 19:15:58.272 29587 29599 I art     : Explicit concurrent mark sweep GC freed 1537(59KB) AllocSpace objects, 0(0B) LOS objects, 30% free, 36MB/52MB, paused 1.094ms total 39.897ms
08-05 19:15:58.286 29587 30152 E baseline.com.newsblur.network.APIResponse: Error (unexpected end of stream on https://www.newsblur.com/...) calling https://www.newsblur.com/reader/mark_story_hashes_as_read/
08-05 19:15:58.286 29587 30152 E baseline.com.newsblur.network.APIResponse: java.io.IOException: unexpected end of stream on https://www.newsblur.com/...
08-05 19:15:58.286 29587 30152 E baseline.com.newsblur.network.APIResponse: 	at okhttp3.internal.http1.Http1ExchangeCodec.readResponseHeaders(Http1ExchangeCodec.java:236)
08-05 19:15:58.286 29587 30152 E baseline.com.newsblur.network.APIResponse: 	at okhttp3.internal.connection.Exchange.readResponseHeaders(Exchange.java:115)
08-05 19:15:58.286 29587 30152 E baseline.com.newsblur.network.APIResponse: 	at okhttp3.internal.http.CallServerInterceptor.intercept(CallServerInterceptor.java:94)
08-05 19:15:58.286 29587 30152 E baseline.com.newsblur.network.APIResponse: 	at okhttp3.internal.http.RealInterceptorChain.proceed(RealInterceptorChain.java:142)
08-05 19:15:58.286 29587 30152 E baseline.com.newsblur.network.APIResponse: 	at okhttp3.internal.connection.ConnectInterceptor.intercept(ConnectInterceptor.java:43)
08-05 19:15:58.286 29587 30152 E baseline.com.newsblur.network.APIResponse: 	at okhttp3.internal.http.RealInterceptorChain.proceed(RealInterceptorChain.java:142)
08-05 19:15:58.286 29587 30152 E baseline.com.newsblur.network.APIResponse: 	at okhttp3.internal.http.RealInterceptorChain.proceed(RealInterceptorChain.java:117)
08-05 19:15:58.286 29587 30152 E baseline.com.newsblur.network.APIResponse: 	at okhttp3.internal.cache.CacheInterceptor.intercept(CacheInterceptor.java:94)
08-05 19:15:58.286 29587 30152 E baseline.com.newsblur.network.APIResponse: 	at okhttp3.internal.http.RealInterceptorChain.proceed(RealInterceptorChain.java:142)
08-05 19:15:58.286 29587 30152 E baseline.com.newsblur.network.APIResponse: 	at okhttp3.internal.http.RealInterceptorChain.proceed(RealInterceptorChain.java:117)
08-05 19:15:58.286 29587 30152 E baseline.com.newsblur.network.APIResponse: 	at okhttp3.internal.http.BridgeInterceptor.intercept(BridgeInterceptor.java:93)
08-05 19:15:58.286 29587 30152 E baseline.com.newsblur.network.APIResponse: 	at okhttp3.internal.http.RealInterceptorChain.proceed(RealInterceptorChain.java:142)
08-05 19:15:58.286 29587 30152 E baseline.com.newsblur.network.APIResponse: 	at okhttp3.internal.http.RetryAndFollowUpInterceptor.intercept(RetryAndFollowUpInterceptor.java:88)
08-05 19:15:58.286 29587 30152 E baseline.com.newsblur.network.APIResponse: 	at okhttp3.internal.http.RealInterceptorChain.proceed(RealInterceptorChain.java:142)
08-05 19:15:58.286 29587 30152 E baseline.com.newsblur.network.APIResponse: 	at okhttp3.internal.http.RealInterceptorChain.proceed(RealInterceptorChain.java:117)
08-05 19:15:58.286 29587 30152 E baseline.com.newsblur.network.APIResponse: 	at okhttp3.RealCall.getResponseWithInterceptorChain(RealCall.java:229)
08-05 19:15:58.286 29587 30152 E baseline.com.newsblur.network.APIResponse: 	at okhttp3.RealCall.execute(RealCall.java:81)
08-05 19:15:58.286 29587 30152 E baseline.com.newsblur.network.APIResponse: 	at baseline.com.newsblur.network.APIResponse.<init>(APIResponse.java:57)
08-05 19:15:58.286 29587 30152 E baseline.com.newsblur.network.APIResponse: 	at baseline.com.newsblur.network.APIResponse.<init>(APIResponse.java:43)
08-05 19:15:58.286 29587 30152 E baseline.com.newsblur.network.APIResponse: 	at baseline.com.newsblur.network.APIManager.post_single(APIManager.java:702)
08-05 19:15:58.286 29587 30152 E baseline.com.newsblur.network.APIResponse: 	at baseline.com.newsblur.network.APIManager.post(APIManager.java:675)
08-05 19:15:58.286 29587 30152 E baseline.com.newsblur.network.APIResponse: 	at baseline.com.newsblur.network.APIManager.post(APIManager.java:714)
08-05 19:15:58.286 29587 30152 E baseline.com.newsblur.network.APIResponse: 	at baseline.com.newsblur.network.APIManager.markStoryAsRead(APIManager.java:205)
08-05 19:15:58.286 29587 30152 E baseline.com.newsblur.network.APIResponse: 	at baseline.com.newsblur.util.ReadingAction.doRemote(ReadingAction.java:281)
08-05 19:15:58.286 29587 30152 E baseline.com.newsblur.network.APIResponse: 	at baseline.com.newsblur.service.NBSyncService.syncActions(NBSyncService.java:400)
08-05 19:15:58.286 29587 30152 E baseline.com.newsblur.network.APIResponse: 	at baseline.com.newsblur.service.NBSyncService.doSync(NBSyncService.java:298)
08-05 19:15:58.286 29587 30152 E baseline.com.newsblur.network.APIResponse: 	at baseline.com.newsblur.service.NBSyncService.access$100(NBSyncService.java:67)
08-05 19:15:58.286 29587 30152 E baseline.com.newsblur.network.APIResponse: 	at baseline.com.newsblur.service.NBSyncService$1.run(NBSyncService.java:188)
08-05 19:15:58.286 29587 30152 E baseline.com.newsblur.network.APIResponse: 	at java.util.concurrent.ThreadPoolExecutor.runWorker(ThreadPoolExecutor.java:1113)
08-05 19:15:58.286 29587 30152 E baseline.com.newsblur.network.APIResponse: 	at java.util.concurrent.ThreadPoolExecutor$Worker.run(ThreadPoolExecutor.java:588)
08-05 19:15:58.286 29587 30152 E baseline.com.newsblur.network.APIResponse: 	at java.lang.Thread.run(Thread.java:818)
08-05 19:15:58.286 29587 30152 E baseline.com.newsblur.network.APIResponse: Caused by: java.io.EOFException: \n not found: limit=0 content=
08-05 19:15:58.286 29587 30152 E baseline.com.newsblur.network.APIResponse: 	at okio.RealBufferedSource.readUtf8LineStrict(RealBufferedSource.java:240)
08-05 19:15:58.286 29587 30152 E baseline.com.newsblur.network.APIResponse: 	at okhttp3.internal.http1.Http1ExchangeCodec.readHeaderLine(Http1ExchangeCodec.java:242)
08-05 19:15:58.286 29587 30152 E baseline.com.newsblur.network.APIResponse: 	at okhttp3.internal.http1.Http1ExchangeCodec.readResponseHeaders(Http1ExchangeCodec.java:213)
08-05 19:15:58.286 29587 30152 E baseline.com.newsblur.network.APIResponse: 	... 30 more
08-05 19:15:58.286 29587 29599 I art     : Starting a blocking GC Explicit
08-05 19:15:58.288 29587 30152 I baseline.com.newsblur.network.APIManager: API call failed, pausing before retry number 2
08-05 19:15:58.322 29587 29599 I art     : Explicit concurrent mark sweep GC freed 583(185KB) AllocSpace objects, 2(40KB) LOS objects, 30% free, 36MB/52MB, paused 1.047ms total 35.728ms
08-05 19:15:58.335 29587 29599 I art     : Starting a blocking GC Explicit
08-05 19:15:58.371 29587 29599 I art     : Explicit concurrent mark sweep GC freed 329(26KB) AllocSpace objects, 0(0B) LOS objects, 30% free, 36MB/52MB, paused 1.038ms total 35.398ms
08-05 19:15:58.402   518   646 I ThermalEngine: ACTION: GPU - Setting GPU[0] to 390000000
08-05 19:15:58.767 29587 29808 I art     : Starting a blocking GC Explicit
08-05 19:15:58.820 29587 29808 I art     : Explicit concurrent mark sweep GC freed 1440(83KB) AllocSpace objects, 1(20KB) LOS objects, 30% free, 36MB/52MB, paused 2.211ms total 52.882ms
08-05 19:15:58.841 29587 29808 I art     : Starting a blocking GC Explicit
08-05 19:15:58.893 29587 29808 I art     : Explicit concurrent mark sweep GC freed 22(784B) AllocSpace objects, 0(0B) LOS objects, 30% free, 36MB/52MB, paused 2.411ms total 50.808ms
08-05 19:15:58.916 29587 29808 I art     : Starting a blocking GC Explicit
08-05 19:15:58.960 29587 29808 I art     : Explicit concurrent mark sweep GC freed 3(96B) AllocSpace objects, 0(0B) LOS objects, 30% free, 36MB/52MB, paused 2.277ms total 42.903ms
08-05 19:15:58.982 29587 29808 I art     : Starting a blocking GC Explicit
08-05 19:15:59.035 29587 29808 I art     : Explicit concurrent mark sweep GC freed 3(96B) AllocSpace objects, 0(0B) LOS objects, 30% free, 36MB/52MB, paused 3.443ms total 52.615ms
08-05 19:15:59.053 29587 29808 I art     : Starting a blocking GC Explicit
08-05 19:15:59.103 29587 29808 I art     : Explicit concurrent mark sweep GC freed 3(96B) AllocSpace objects, 0(0B) LOS objects, 30% free, 36MB/52MB, paused 2.526ms total 50.003ms
08-05 19:15:59.513 29587 29599 I art     : Starting a blocking GC Explicit
08-05 19:15:59.567 29587 29599 I art     : Explicit concurrent mark sweep GC freed 1440(83KB) AllocSpace objects, 1(20KB) LOS objects, 30% free, 36MB/52MB, paused 2.541ms total 53.069ms
08-05 19:15:59.587 29587 29599 I art     : Starting a blocking GC Explicit
08-05 19:15:59.639 29587 29599 I art     : Explicit concurrent mark sweep GC freed 22(784B) AllocSpace objects, 0(0B) LOS objects, 30% free, 36MB/52MB, paused 1.929ms total 51.503ms
08-05 19:15:59.660 29587 29599 I art     : Starting a blocking GC Explicit
08-05 19:15:59.711 29587 29599 I art     : Explicit concurrent mark sweep GC freed 3(96B) AllocSpace objects, 0(0B) LOS objects, 30% free, 36MB/52MB, paused 2.336ms total 50.228ms
08-05 19:15:59.733 29587 29599 I art     : Starting a blocking GC Explicit
08-05 19:15:59.785 29587 29599 I art     : Explicit concurrent mark sweep GC freed 3(96B) AllocSpace objects, 0(0B) LOS objects, 30% free, 36MB/52MB, paused 2.874ms total 51.579ms
08-05 19:15:59.806 29587 29599 I art     : Starting a blocking GC Explicit
08-05 19:15:59.857 29587 29599 I art     : Explicit concurrent mark sweep GC freed 3(96B) AllocSpace objects, 0(0B) LOS objects, 30% free, 36MB/52MB, paused 1.891ms total 50.642ms
08-05 19:16:00.267 29587 29808 I art     : Starting a blocking GC Explicit
08-05 19:16:00.319 29587 29808 I art     : Explicit concurrent mark sweep GC freed 1439(83KB) AllocSpace objects, 1(20KB) LOS objects, 30% free, 36MB/52MB, paused 2.764ms total 51.257ms
08-05 19:16:00.339 29587 29808 I art     : Starting a blocking GC Explicit
08-05 19:16:00.388 29587 29808 I art     : Explicit concurrent mark sweep GC freed 22(784B) AllocSpace objects, 0(0B) LOS objects, 30% free, 36MB/52MB, paused 2.473ms total 49.135ms
08-05 19:16:00.409 29587 29808 I art     : Starting a blocking GC Explicit
08-05 19:16:00.460 29587 29808 I art     : Explicit concurrent mark sweep GC freed 3(96B) AllocSpace objects, 0(0B) LOS objects, 30% free, 36MB/52MB, paused 2.332ms total 50.404ms
08-05 19:16:00.481 29587 29808 I art     : Starting a blocking GC Explicit
08-05 19:16:00.531 29587 29808 I art     : Explicit concurrent mark sweep GC freed 3(96B) AllocSpace objects, 0(0B) LOS objects, 30% free, 36MB/52MB, paused 2.297ms total 50.078ms
08-05 19:16:00.552 29587 29808 I art     : Starting a blocking GC Explicit
08-05 19:16:00.603 29587 29808 I art     : Explicit concurrent mark sweep GC freed 3(96B) AllocSpace objects, 0(0B) LOS objects, 30% free, 36MB/52MB, paused 2.758ms total 50.932ms
08-05 19:16:01.017 29587 29808 I art     : Starting a blocking GC Explicit
08-05 19:16:01.070 29587 29808 I art     : Explicit concurrent mark sweep GC freed 1438(82KB) AllocSpace objects, 1(20KB) LOS objects, 30% free, 36MB/52MB, paused 2.966ms total 52.085ms
08-05 19:16:01.091 29587 29808 I art     : Starting a blocking GC Explicit
08-05 19:16:01.142 29587 29808 I art     : Explicit concurrent mark sweep GC freed 24(864B) AllocSpace objects, 0(0B) LOS objects, 30% free, 36MB/52MB, paused 1.793ms total 50.285ms
08-05 19:16:01.163 29587 29808 I art     : Starting a blocking GC Explicit
08-05 19:16:01.215 29587 29808 I art     : Explicit concurrent mark sweep GC freed 3(96B) AllocSpace objects, 0(0B) LOS objects, 30% free, 36MB/52MB, paused 2.219ms total 51.592ms
08-05 19:16:01.237 29587 29808 I art     : Starting a blocking GC Explicit
08-05 19:16:01.288 29587 29808 I art     : Explicit concurrent mark sweep GC freed 3(96B) AllocSpace objects, 0(0B) LOS objects, 30% free, 36MB/52MB, paused 3.399ms total 50.712ms
08-05 19:16:01.309 29587 29808 I art     : Starting a blocking GC Explicit
08-05 19:16:01.354 29587 29808 I art     : Explicit concurrent mark sweep GC freed 94(3KB) AllocSpace objects, 0(0B) LOS objects, 30% free, 36MB/52MB, paused 1.840ms total 44.760ms
08-05 19:16:01.750 29587 29808 I art     : Starting a blocking GC Explicit
08-05 19:16:01.807 29587 29808 I art     : Explicit concurrent mark sweep GC freed 1896(105KB) AllocSpace objects, 1(20KB) LOS objects, 30% free, 36MB/52MB, paused 3.578ms total 56.134ms
08-05 19:16:01.829 29587 29808 I art     : Starting a blocking GC Explicit
08-05 19:16:01.862 29587 30152 E baseline.com.newsblur.network.APIResponse: Error (unexpected end of stream on https://www.newsblur.com/...) calling https://www.newsblur.com/reader/mark_story_hashes_as_read/
08-05 19:16:01.862 29587 30152 E baseline.com.newsblur.network.APIResponse: java.io.IOException: unexpected end of stream on https://www.newsblur.com/...
08-05 19:16:01.862 29587 30152 E baseline.com.newsblur.network.APIResponse: 	at okhttp3.internal.http1.Http1ExchangeCodec.readResponseHeaders(Http1ExchangeCodec.java:236)
08-05 19:16:01.862 29587 30152 E baseline.com.newsblur.network.APIResponse: 	at okhttp3.internal.connection.Exchange.readResponseHeaders(Exchange.java:115)
08-05 19:16:01.862 29587 30152 E baseline.com.newsblur.network.APIResponse: 	at okhttp3.internal.http.CallServerInterceptor.intercept(CallServerInterceptor.java:94)
08-05 19:16:01.862 29587 30152 E baseline.com.newsblur.network.APIResponse: 	at okhttp3.internal.http.RealInterceptorChain.proceed(RealInterceptorChain.java:142)
08-05 19:16:01.862 29587 30152 E baseline.com.newsblur.network.APIResponse: 	at okhttp3.internal.connection.ConnectInterceptor.intercept(ConnectInterceptor.java:43)
08-05 19:16:01.862 29587 30152 E baseline.com.newsblur.network.APIResponse: 	at okhttp3.internal.http.RealInterceptorChain.proceed(RealInterceptorChain.java:142)
08-05 19:16:01.862 29587 30152 E baseline.com.newsblur.network.APIResponse: 	at okhttp3.internal.http.RealInterceptorChain.proceed(RealInterceptorChain.java:117)
08-05 19:16:01.862 29587 30152 E baseline.com.newsblur.network.APIResponse: 	at okhttp3.internal.cache.CacheInterceptor.intercept(CacheInterceptor.java:94)
08-05 19:16:01.862 29587 30152 E baseline.com.newsblur.network.APIResponse: 	at okhttp3.internal.http.RealInterceptorChain.proceed(RealInterceptorChain.java:142)
08-05 19:16:01.862 29587 30152 E baseline.com.newsblur.network.APIResponse: 	at okhttp3.internal.http.RealInterceptorChain.proceed(RealInterceptorChain.java:117)
08-05 19:16:01.862 29587 30152 E baseline.com.newsblur.network.APIResponse: 	at okhttp3.internal.http.BridgeInterceptor.intercept(BridgeInterceptor.java:93)
08-05 19:16:01.862 29587 30152 E baseline.com.newsblur.network.APIResponse: 	at okhttp3.internal.http.RealInterceptorChain.proceed(RealInterceptorChain.java:142)
08-05 19:16:01.862 29587 30152 E baseline.com.newsblur.network.APIResponse: 	at okhttp3.internal.http.RetryAndFollowUpInterceptor.intercept(RetryAndFollowUpInterceptor.java:88)
08-05 19:16:01.862 29587 30152 E baseline.com.newsblur.network.APIResponse: 	at okhttp3.internal.http.RealInterceptorChain.proceed(RealInterceptorChain.java:142)
08-05 19:16:01.862 29587 30152 E baseline.com.newsblur.network.APIResponse: 	at okhttp3.internal.http.RealInterceptorChain.proceed(RealInterceptorChain.java:117)
08-05 19:16:01.862 29587 30152 E baseline.com.newsblur.network.APIResponse: 	at okhttp3.RealCall.getResponseWithInterceptorChain(RealCall.java:229)
08-05 19:16:01.862 29587 30152 E baseline.com.newsblur.network.APIResponse: 	at okhttp3.RealCall.execute(RealCall.java:81)
08-05 19:16:01.862 29587 30152 E baseline.com.newsblur.network.APIResponse: 	at baseline.com.newsblur.network.APIResponse.<init>(APIResponse.java:57)
08-05 19:16:01.862 29587 30152 E baseline.com.newsblur.network.APIResponse: 	at baseline.com.newsblur.network.APIResponse.<init>(APIResponse.java:43)
08-05 19:16:01.862 29587 30152 E baseline.com.newsblur.network.APIResponse: 	at baseline.com.newsblur.network.APIManager.post_single(APIManager.java:702)
08-05 19:16:01.862 29587 30152 E baseline.com.newsblur.network.APIResponse: 	at baseline.com.newsblur.network.APIManager.post(APIManager.java:675)
08-05 19:16:01.862 29587 30152 E baseline.com.newsblur.network.APIResponse: 	at baseline.com.newsblur.network.APIManager.post(APIManager.java:714)
08-05 19:16:01.862 29587 30152 E baseline.com.newsblur.network.APIResponse: 	at baseline.com.newsblur.network.APIManager.markStoryAsRead(APIManager.java:205)
08-05 19:16:01.862 29587 30152 E baseline.com.newsblur.network.APIResponse: 	at baseline.com.newsblur.util.ReadingAction.doRemote(ReadingAction.java:281)
08-05 19:16:01.862 29587 30152 E baseline.com.newsblur.network.APIResponse: 	at baseline.com.newsblur.service.NBSyncService.syncActions(NBSyncService.java:400)
08-05 19:16:01.862 29587 30152 E baseline.com.newsblur.network.APIResponse: 	at baseline.com.newsblur.service.NBSyncService.doSync(NBSyncService.java:298)
08-05 19:16:01.862 29587 30152 E baseline.com.newsblur.network.APIResponse: 	at baseline.com.newsblur.service.NBSyncService.access$100(NBSyncService.java:67)
08-05 19:16:01.862 29587 30152 E baseline.com.newsblur.network.APIResponse: 	at baseline.com.newsblur.service.NBSyncService$1.run(NBSyncService.java:188)
08-05 19:16:01.862 29587 30152 E baseline.com.newsblur.network.APIResponse: 	at java.util.concurrent.ThreadPoolExecutor.runWorker(ThreadPoolExecutor.java:1113)
08-05 19:16:01.862 29587 30152 E baseline.com.newsblur.network.APIResponse: 	at java.util.concurrent.ThreadPoolExecutor$Worker.run(ThreadPoolExecutor.java:588)
08-05 19:16:01.862 29587 30152 E baseline.com.newsblur.network.APIResponse: 	at java.lang.Thread.run(Thread.java:818)
08-05 19:16:01.862 29587 30152 E baseline.com.newsblur.network.APIResponse: Caused by: java.io.EOFException: \n not found: limit=0 content=
08-05 19:16:01.862 29587 30152 E baseline.com.newsblur.network.APIResponse: 	at okio.RealBufferedSource.readUtf8LineStrict(RealBufferedSource.java:240)
08-05 19:16:01.862 29587 30152 E baseline.com.newsblur.network.APIResponse: 	at okhttp3.internal.http1.Http1ExchangeCodec.readHeaderLine(Http1ExchangeCodec.java:242)
08-05 19:16:01.862 29587 30152 E baseline.com.newsblur.network.APIResponse: 	at okhttp3.internal.http1.Http1ExchangeCodec.readResponseHeaders(Http1ExchangeCodec.java:213)
08-05 19:16:01.862 29587 30152 E baseline.com.newsblur.network.APIResponse: 	... 30 more
08-05 19:16:01.863 29587 30152 I baseline.com.newsblur.service.NBSyncService: Holding reading action with server-side or network error.
08-05 19:16:01.883 29587 29808 I art     : Explicit concurrent mark sweep GC freed 2100(236KB) AllocSpace objects, 2(40KB) LOS objects, 30% free, 36MB/52MB, paused 2.211ms total 53.367ms
08-05 19:16:01.892 29587 30152 W baseline.com.newsblur.service.NBSyncService: hard API failure
08-05 19:16:01.905 29587 29808 I art     : Starting a blocking GC Explicit
08-05 19:16:01.950 29587 29808 I art     : Explicit concurrent mark sweep GC freed 1067(230KB) AllocSpace objects, 13(260KB) LOS objects, 30% free, 36MB/52MB, paused 1.662ms total 44.343ms
08-05 19:16:01.967 29587 29808 I art     : Starting a blocking GC Explicit
08-05 19:16:02.008 29587 29808 I art     : Explicit concurrent mark sweep GC freed 251(10KB) AllocSpace objects, 0(0B) LOS objects, 30% free, 36MB/52MB, paused 1.576ms total 40.764ms
08-05 19:16:02.025 29587 29808 I art     : Starting a blocking GC Explicit
08-05 19:16:02.070 29587 29808 I art     : Explicit concurrent mark sweep GC freed 304(10KB) AllocSpace objects, 0(0B) LOS objects, 30% free, 36MB/52MB, paused 1.975ms total 44.015ms
08-05 19:16:02.427 29587 29599 I art     : Starting a blocking GC Explicit
08-05 19:16:02.474 29587 29599 I art     : Explicit concurrent mark sweep GC freed 1402(80KB) AllocSpace objects, 1(20KB) LOS objects, 30% free, 36MB/52MB, paused 1.712ms total 46.169ms
08-05 19:16:02.494 29587 29599 I art     : Starting a blocking GC Explicit
08-05 19:16:02.536 29587 29599 I art     : Explicit concurrent mark sweep GC freed 20(704B) AllocSpace objects, 0(0B) LOS objects, 30% free, 36MB/52MB, paused 1.792ms total 41.791ms
08-05 19:16:02.553 29587 29599 I art     : Starting a blocking GC Explicit
08-05 19:16:02.597 29587 29599 I art     : Explicit concurrent mark sweep GC freed 3(96B) AllocSpace objects, 0(0B) LOS objects, 30% free, 36MB/52MB, paused 1.877ms total 43.304ms
08-05 19:16:02.615 29587 29599 I art     : Starting a blocking GC Explicit
08-05 19:16:02.659 29587 29599 I art     : Explicit concurrent mark sweep GC freed 3(96B) AllocSpace objects, 0(0B) LOS objects, 30% free, 36MB/52MB, paused 1.695ms total 43.879ms
08-05 19:16:02.677 29587 29599 I art     : Starting a blocking GC Explicit
08-05 19:16:02.721 29587 29599 I art     : Explicit concurrent mark sweep GC freed 3(96B) AllocSpace objects, 0(0B) LOS objects, 30% free, 36MB/52MB, paused 1.780ms total 43.531ms
08-05 19:16:03.109 29587 29598 I art     : Starting a blocking GC Explicit
08-05 19:16:03.154 29587 29598 I art     : Explicit concurrent mark sweep GC freed 1398(80KB) AllocSpace objects, 1(20KB) LOS objects, 30% free, 36MB/52MB, paused 1.786ms total 44.695ms
08-05 19:16:03.174 29587 29598 I art     : Starting a blocking GC Explicit
08-05 19:16:03.215 29587 29598 I art     : Explicit concurrent mark sweep GC freed 20(704B) AllocSpace objects, 0(0B) LOS objects, 30% free, 36MB/52MB, paused 1.580ms total 40.690ms
08-05 19:16:03.215 29587 29597 I art     : WaitForGcToComplete blocked for 41.040ms for cause HeapTrim
08-05 19:16:03.232 29587 29598 I art     : Starting a blocking GC Explicit
08-05 19:16:03.274 29587 29598 I art     : Explicit concurrent mark sweep GC freed 3(96B) AllocSpace objects, 0(0B) LOS objects, 30% free, 36MB/52MB, paused 1.818ms total 41.329ms
08-05 19:16:03.291 29587 29598 I art     : Starting a blocking GC Explicit
08-05 19:16:03.332 29587 29598 I art     : Explicit concurrent mark sweep GC freed 3(96B) AllocSpace objects, 0(0B) LOS objects, 30% free, 36MB/52MB, paused 1.519ms total 40.715ms
08-05 19:16:03.349 29587 29598 I art     : Starting a blocking GC Explicit
08-05 19:16:03.392 29587 29598 I art     : Explicit concurrent mark sweep GC freed 3(96B) AllocSpace objects, 0(0B) LOS objects, 30% free, 36MB/52MB, paused 1.845ms total 42.517ms
08-05 19:16:03.763 29587 29808 I art     : Starting a blocking GC Explicit
08-05 19:16:03.808 29587 29808 I art     : Explicit concurrent mark sweep GC freed 1398(80KB) AllocSpace objects, 1(20KB) LOS objects, 30% free, 36MB/52MB, paused 1.826ms total 44.108ms
08-05 19:16:03.827 29587 29808 I art     : Starting a blocking GC Explicit
08-05 19:16:03.871 29587 29808 I art     : Explicit concurrent mark sweep GC freed 20(704B) AllocSpace objects, 0(0B) LOS objects, 30% free, 36MB/52MB, paused 1.925ms total 44.222ms
08-05 19:16:03.889 29587 29808 I art     : Starting a blocking GC Explicit
08-05 19:16:03.933 29587 29808 I art     : Explicit concurrent mark sweep GC freed 3(96B) AllocSpace objects, 0(0B) LOS objects, 30% free, 36MB/52MB, paused 1.588ms total 43.727ms
08-05 19:16:03.951 29587 29808 I art     : Starting a blocking GC Explicit
08-05 19:16:03.995 29587 29808 I art     : Explicit concurrent mark sweep GC freed 3(96B) AllocSpace objects, 0(0B) LOS objects, 30% free, 36MB/52MB, paused 1.532ms total 43.002ms
08-05 19:16:04.013 29587 29808 I art     : Starting a blocking GC Explicit
08-05 19:16:04.057 29587 29808 I art     : Explicit concurrent mark sweep GC freed 3(96B) AllocSpace objects, 0(0B) LOS objects, 30% free, 36MB/52MB, paused 1.629ms total 43.765ms
08-05 19:16:04.427 29587 29599 I art     : Starting a blocking GC Explicit
08-05 19:16:04.472 29587 29599 I art     : Explicit concurrent mark sweep GC freed 1398(80KB) AllocSpace objects, 1(20KB) LOS objects, 30% free, 36MB/52MB, paused 1.970ms total 45.034ms
08-05 19:16:04.492 29587 29599 I art     : Starting a blocking GC Explicit
08-05 19:16:04.505 24043 24043 I ServiceManager: Waiting for service AtCmdFwd...
08-05 19:16:04.535 29587 29599 I art     : Explicit concurrent mark sweep GC freed 20(704B) AllocSpace objects, 0(0B) LOS objects, 30% free, 36MB/52MB, paused 1.728ms total 42.753ms
08-05 19:16:04.552 29587 29599 I art     : Starting a blocking GC Explicit
08-05 19:16:04.595 29587 29599 I art     : Explicit concurrent mark sweep GC freed 3(96B) AllocSpace objects, 0(0B) LOS objects, 30% free, 36MB/52MB, paused 1.522ms total 42.301ms
08-05 19:16:04.613 29587 29599 I art     : Starting a blocking GC Explicit
08-05 19:16:04.657 29587 29599 I art     : Explicit concurrent mark sweep GC freed 3(96B) AllocSpace objects, 0(0B) LOS objects, 30% free, 36MB/52MB, paused 2.046ms total 44.267ms
08-05 19:16:04.675 29587 29599 I art     : Starting a blocking GC Explicit
08-05 19:16:04.719 29587 29599 I art     : Explicit concurrent mark sweep GC freed 3(96B) AllocSpace objects, 0(0B) LOS objects, 30% free, 36MB/52MB, paused 1.782ms total 43.724ms
08-05 19:16:05.101 29587 29598 I art     : Starting a blocking GC Explicit
08-05 19:16:05.146 29587 29598 I art     : Explicit concurrent mark sweep GC freed 1398(80KB) AllocSpace objects, 1(20KB) LOS objects, 30% free, 36MB/52MB, paused 1.706ms total 44.361ms
08-05 19:16:05.165 29587 29598 I art     : Starting a blocking GC Explicit
08-05 19:16:05.209 29587 29598 I art     : Explicit concurrent mark sweep GC freed 20(704B) AllocSpace objects, 0(0B) LOS objects, 30% free, 36MB/52MB, paused 1.716ms total 43.832ms
08-05 19:16:05.227 29587 29598 I art     : Starting a blocking GC Explicit
08-05 19:16:05.272 29587 29598 I art     : Explicit concurrent mark sweep GC freed 3(96B) AllocSpace objects, 0(0B) LOS objects, 30% free, 36MB/52MB, paused 1.741ms total 44.310ms
08-05 19:16:05.290 29587 29598 I art     : Starting a blocking GC Explicit
08-05 19:16:05.334 29587 29598 I art     : Explicit concurrent mark sweep GC freed 3(96B) AllocSpace objects, 0(0B) LOS objects, 30% free, 36MB/52MB, paused 1.561ms total 43.659ms
08-05 19:16:05.351 29587 29598 I art     : Starting a blocking GC Explicit
08-05 19:16:05.396 29587 29598 I art     : Explicit concurrent mark sweep GC freed 3(96B) AllocSpace objects, 0(0B) LOS objects, 30% free, 36MB/52MB, paused 1.545ms total 44.149ms
08-05 19:16:05.411   518   646 I ThermalEngine: ACTION: GPU - Setting GPU[0] to 450000000
08-05 19:16:05.505 24043 24043 I ServiceManager: Waiting for service AtCmdFwd...
08-05 19:16:05.757 29587 29808 I art     : Starting a blocking GC Explicit
08-05 19:16:05.795 29587 29808 I art     : Explicit concurrent mark sweep GC freed 1417(81KB) AllocSpace objects, 1(20KB) LOS objects, 30% free, 36MB/52MB, paused 1.117ms total 37.719ms
08-05 19:16:05.810 29587 29808 I art     : Starting a blocking GC Explicit
08-05 19:16:05.847 29587 29808 I art     : Explicit concurrent mark sweep GC freed 26(928B) AllocSpace objects, 0(0B) LOS objects, 30% free, 36MB/52MB, paused 1.155ms total 36.325ms
08-05 19:16:05.859 29587 29808 I art     : Starting a blocking GC Explicit
08-05 19:16:05.895 29587 29808 I art     : Explicit concurrent mark sweep GC freed 3(96B) AllocSpace objects, 0(0B) LOS objects, 30% free, 36MB/52MB, paused 1.105ms total 35.496ms
08-05 19:16:05.907 29587 29808 I art     : Starting a blocking GC Explicit
08-05 19:16:05.942 29587 29808 I art     : Explicit concurrent mark sweep GC freed 3(96B) AllocSpace objects, 0(0B) LOS objects, 30% free, 36MB/52MB, paused 1.108ms total 34.168ms
08-05 19:16:05.954 29587 29808 I art     : Starting a blocking GC Explicit
08-05 19:16:05.990 29587 29808 I art     : Explicit concurrent mark sweep GC freed 3(96B) AllocSpace objects, 0(0B) LOS objects, 30% free, 36MB/52MB, paused 1.118ms total 36.366ms
08-05 19:16:06.336 29587 29599 I art     : Starting a blocking GC Explicit
08-05 19:16:06.371 29587 29599 I art     : Explicit concurrent mark sweep GC freed 1398(80KB) AllocSpace objects, 1(20KB) LOS objects, 30% free, 36MB/52MB, paused 1.069ms total 34.652ms
08-05 19:16:06.384 29587 29599 I art     : Starting a blocking GC Explicit
08-05 19:16:06.421 29587 29599 I art     : Explicit concurrent mark sweep GC freed 20(704B) AllocSpace objects, 0(0B) LOS objects, 30% free, 36MB/52MB, paused 1.065ms total 36.188ms
08-05 19:16:06.433 29587 29599 I art     : Starting a blocking GC Explicit
08-05 19:16:06.471 29587 29599 I art     : Explicit concurrent mark sweep GC freed 3(96B) AllocSpace objects, 0(0B) LOS objects, 30% free, 36MB/52MB, paused 1.085ms total 37.852ms
08-05 19:16:06.484 29587 29599 I art     : Starting a blocking GC Explicit
08-05 19:16:06.506 24043 24043 I ServiceManager: Waiting for service AtCmdFwd...
08-05 19:16:06.523 29587 29599 I art     : Explicit concurrent mark sweep GC freed 3(96B) AllocSpace objects, 0(0B) LOS objects, 30% free, 36MB/52MB, paused 1.205ms total 38.330ms
08-05 19:16:06.535 29587 29599 I art     : Starting a blocking GC Explicit
08-05 19:16:06.574 29587 29599 I art     : Explicit concurrent mark sweep GC freed 3(96B) AllocSpace objects, 0(0B) LOS objects, 30% free, 36MB/52MB, paused 1.093ms total 38.079ms
08-05 19:16:06.918 29587 29598 I art     : Starting a blocking GC Explicit
08-05 19:16:06.959 29587 29598 I art     : Explicit concurrent mark sweep GC freed 1398(80KB) AllocSpace objects, 1(20KB) LOS objects, 30% free, 36MB/52MB, paused 1.169ms total 40.282ms
08-05 19:16:06.974 29587 29598 I art     : Starting a blocking GC Explicit
08-05 19:16:07.010 29587 29598 I art     : Explicit concurrent mark sweep GC freed 20(704B) AllocSpace objects, 0(0B) LOS objects, 30% free, 36MB/52MB, paused 1.101ms total 35.543ms
08-05 19:16:07.022 29587 29598 I art     : Starting a blocking GC Explicit
08-05 19:16:07.058 29587 29598 I art     : Explicit concurrent mark sweep GC freed 3(96B) AllocSpace objects, 0(0B) LOS objects, 30% free, 36MB/52MB, paused 1.195ms total 35.302ms
08-05 19:16:07.070 29587 29598 I art     : Starting a blocking GC Explicit
08-05 19:16:07.106 29587 29598 I art     : Explicit concurrent mark sweep GC freed 3(96B) AllocSpace objects, 0(0B) LOS objects, 30% free, 36MB/52MB, paused 1.055ms total 36.200ms
08-05 19:16:07.118 29587 29598 I art     : Starting a blocking GC Explicit
08-05 19:16:07.155 29587 29598 I art     : Explicit concurrent mark sweep GC freed 3(96B) AllocSpace objects, 0(0B) LOS objects, 30% free, 36MB/52MB, paused 1.055ms total 36.081ms
08-05 19:16:07.499 29587 29808 I art     : Starting a blocking GC Explicit
08-05 19:16:07.507 24043 24043 I ServiceManager: Waiting for service AtCmdFwd...
08-05 19:16:07.538 29587 29808 I art     : Explicit concurrent mark sweep GC freed 1398(80KB) AllocSpace objects, 1(20KB) LOS objects, 30% free, 36MB/52MB, paused 1.202ms total 38.237ms
08-05 19:16:07.550 29587 29808 I art     : Starting a blocking GC Explicit
08-05 19:16:07.585 29587 29808 I art     : Explicit concurrent mark sweep GC freed 20(704B) AllocSpace objects, 0(0B) LOS objects, 30% free, 36MB/52MB, paused 1.138ms total 35.108ms
08-05 19:16:07.597 29587 29808 I art     : Starting a blocking GC Explicit
08-05 19:16:07.633 29587 29808 I art     : Explicit concurrent mark sweep GC freed 3(96B) AllocSpace objects, 0(0B) LOS objects, 30% free, 36MB/52MB, paused 1.129ms total 35.782ms
08-05 19:16:07.645 29587 29808 I art     : Starting a blocking GC Explicit
08-05 19:16:07.681 29587 29808 I art     : Explicit concurrent mark sweep GC freed 3(96B) AllocSpace objects, 0(0B) LOS objects, 30% free, 36MB/52MB, paused 1.137ms total 35.389ms
08-05 19:16:07.693 29587 29808 I art     : Starting a blocking GC Explicit
08-05 19:16:07.730 29587 29808 I art     : Explicit concurrent mark sweep GC freed 3(96B) AllocSpace objects, 0(0B) LOS objects, 30% free, 36MB/52MB, paused 1.143ms total 36.479ms
08-05 19:16:07.872 30339 30339 D AndroidRuntime: >>>>>> START com.android.internal.os.RuntimeInit uid 2000 <<<<<<
08-05 19:16:07.878 30339 30339 D AndroidRuntime: CheckJNI is OFF
08-05 19:16:07.919 30339 30339 D ICU     : No timezone override file found: /data/misc/zoneinfo/current/icu/icu_tzdata.dat
08-05 19:16:07.961 30339 30339 I Radio-JNI: register_android_hardware_Radio DONE
08-05 19:16:07.991 30339 30339 D AndroidRuntime: Calling main entry com.android.commands.input.Input
08-05 19:16:07.993 30339 30339 I Input   : injectKeyEvent: KeyEvent { action=ACTION_DOWN, keyCode=KEYCODE_BACK, scanCode=0, metaState=0, flags=0x0, repeatCount=0, eventTime=818184405, downTime=818184405, deviceId=-1, source=0x101 }
08-05 19:16:07.999 30339 30339 I Input   : injectKeyEvent: KeyEvent { action=ACTION_UP, keyCode=KEYCODE_BACK, scanCode=0, metaState=0, flags=0x0, repeatCount=0, eventTime=818184405, downTime=818184405, deviceId=-1, source=0x101 }
08-05 19:16:08.009 30339 30339 D AndroidRuntime: Shutting down VM
08-05 19:16:08.112 29587 29598 I art     : Starting a blocking GC Explicit
08-05 19:16:08.145 29587 29598 I art     : Explicit concurrent mark sweep GC freed 2213(163KB) AllocSpace objects, 4(80KB) LOS objects, 30% free, 36MB/52MB, paused 1.086ms total 33.013ms
08-05 19:16:08.154 13866 13866 I GoogleInputMethodServic: GoogleInputMethodService.onFinishInput():3138 
08-05 19:16:08.156 13866 13866 I GoogleInputMethodServic: GoogleInputMethodService.onStartInput():1808 
08-05 19:16:08.156 29587 29598 I art     : Starting a blocking GC Explicit
08-05 19:16:08.189 29587 29598 I art     : Explicit concurrent mark sweep GC freed 1927(166KB) AllocSpace objects, 5(100KB) LOS objects, 30% free, 36MB/52MB, paused 1.263ms total 32.393ms
08-05 19:16:08.200 29587 29598 I art     : Starting a blocking GC Explicit
08-05 19:16:08.234 29587 29598 I art     : Explicit concurrent mark sweep GC freed 611(40KB) AllocSpace objects, 1(20KB) LOS objects, 30% free, 36MB/52MB, paused 1.358ms total 33.439ms
08-05 19:16:08.245 29587 29598 I art     : Starting a blocking GC Explicit
08-05 19:16:08.277 29587 29598 I art     : Explicit concurrent mark sweep GC freed 103(5KB) AllocSpace objects, 1(28KB) LOS objects, 30% free, 36MB/52MB, paused 1.188ms total 31.165ms
08-05 19:16:08.288 29587 29598 I art     : Starting a blocking GC Explicit
08-05 19:16:08.322 29587 29598 I art     : Explicit concurrent mark sweep GC freed 12(1408B) AllocSpace objects, 0(0B) LOS objects, 30% free, 36MB/52MB, paused 1.177ms total 33.839ms
08-05 19:16:08.507 24043 24043 I ServiceManager: Waiting for service AtCmdFwd...
08-05 19:16:08.654 29587 29598 I art     : Starting a blocking GC Explicit
08-05 19:16:08.689 29587 29598 I art     : Explicit concurrent mark sweep GC freed 5057(265KB) AllocSpace objects, 4(220KB) LOS objects, 30% free, 36MB/52MB, paused 1.827ms total 35.332ms
08-05 19:16:08.701 29587 29598 I art     : Starting a blocking GC Explicit
08-05 19:16:08.730 29587 30373 I NAPPA_EXPERIMENTATION: MetricNetworkRequestExecutionTime: REQUEST_DURATION_SYSTEM='560',REQUEST_DURATION_OKHTTP='40',REQUEST_SYNCHRONOUS='TRUE',RESPONSE_CODE='200',RESPONSE_METHOD='GET',RESPONSE_LENGTH_OKHTTP='-1',RESPONSE_LENGTH_HEADER='12364',REQUEST_PROTOCOL='http/1.1',REQUEST_URL='https://www.newsblur.com/social/river_stories?order=newest&page=2&read_filter=all&global_feed=true',
08-05 19:16:08.730 29587 30373 D MY_TAG  : 0, 560
08-05 19:16:08.733 29587 29598 I art     : Explicit concurrent mark sweep GC freed 1264(137KB) AllocSpace objects, 0(0B) LOS objects, 30% free, 36MB/52MB, paused 1.271ms total 32.538ms
08-05 19:16:08.745 29587 29598 I art     : Starting a blocking GC Explicit
08-05 19:16:08.781 29587 29598 I art     : Explicit concurrent mark sweep GC freed 12042(613KB) AllocSpace objects, 5(216KB) LOS objects, 30% free, 37MB/53MB, paused 1.405ms total 35.806ms
08-05 19:16:08.793 29587 29598 I art     : Starting a blocking GC Explicit
08-05 19:16:08.830 29587 29598 I art     : Explicit concurrent mark sweep GC freed 16160(1069KB) AllocSpace objects, 12(240KB) LOS objects, 30% free, 37MB/53MB, paused 1.942ms total 36.435ms
08-05 19:16:08.842 29587 29598 I art     : Starting a blocking GC Explicit
08-05 19:16:08.877 29587 29598 I art     : Explicit concurrent mark sweep GC freed 3449(300KB) AllocSpace objects, 4(164KB) LOS objects, 30% free, 36MB/52MB, paused 1.192ms total 35.056ms
08-05 19:16:09.221 29587 29599 I art     : Starting a blocking GC Explicit
08-05 19:16:09.260 29587 29599 I art     : Explicit concurrent mark sweep GC freed 3636(387KB) AllocSpace objects, 12(240KB) LOS objects, 30% free, 36MB/52MB, paused 1.209ms total 38.346ms
08-05 19:16:09.273 29587 29599 I art     : Starting a blocking GC Explicit
08-05 19:16:09.309 29587 29599 I art     : Explicit concurrent mark sweep GC freed 2075(145KB) AllocSpace objects, 0(0B) LOS objects, 30% free, 36MB/52MB, paused 1.150ms total 35.557ms
08-05 19:16:09.320 29587 29599 I art     : Starting a blocking GC Explicit
08-05 19:16:09.353 29587 29599 I art     : Explicit concurrent mark sweep GC freed 9(288B) AllocSpace objects, 0(0B) LOS objects, 30% free, 36MB/52MB, paused 1.242ms total 32.225ms
08-05 19:16:09.365 29587 29599 I art     : Starting a blocking GC Explicit
08-05 19:16:09.399 29587 29599 I art     : Explicit concurrent mark sweep GC freed 9(288B) AllocSpace objects, 0(0B) LOS objects, 30% free, 36MB/52MB, paused 1.109ms total 33.793ms
08-05 19:16:09.412 29587 29599 I art     : Starting a blocking GC Explicit
08-05 19:16:09.447 29587 29599 I art     : Explicit concurrent mark sweep GC freed 9(288B) AllocSpace objects, 0(0B) LOS objects, 30% free, 36MB/52MB, paused 1.078ms total 34.392ms
08-05 19:16:09.507 24043 24043 W Atfwd_Sendcmd: AtCmdFwd service not published, waiting... retryCnt : 1
08-05 19:16:09.782 30401 30401 D AndroidRuntime: >>>>>> START com.android.internal.os.RuntimeInit uid 2000 <<<<<<
08-05 19:16:09.784 29587 29599 I art     : Starting a blocking GC Explicit
08-05 19:16:09.788 30401 30401 D AndroidRuntime: CheckJNI is OFF
08-05 19:16:09.823 29587 29599 I art     : Explicit concurrent mark sweep GC freed 1418(81KB) AllocSpace objects, 1(20KB) LOS objects, 30% free, 36MB/52MB, paused 1.232ms total 37.968ms
08-05 19:16:09.835 29587 29599 I art     : Starting a blocking GC Explicit
08-05 19:16:09.837 30401 30401 D ICU     : No timezone override file found: /data/misc/zoneinfo/current/icu/icu_tzdata.dat
08-05 19:16:09.871 29587 29599 I art     : Explicit concurrent mark sweep GC freed 20(704B) AllocSpace objects, 0(0B) LOS objects, 30% free, 36MB/52MB, paused 1.238ms total 36.458ms
08-05 19:16:09.883 29587 29599 I art     : Starting a blocking GC Explicit
08-05 19:16:09.884 30401 30401 I Radio-JNI: register_android_hardware_Radio DONE
08-05 19:16:09.914 30401 30401 D AndroidRuntime: Calling main entry com.android.commands.input.Input
08-05 19:16:09.916 30401 30401 I Input   : injectMotionEvent: MotionEvent { action=ACTION_DOWN, actionButton=0, id[0]=0, x[0]=435.0, y[0]=858.0, toolType[0]=TOOL_TYPE_UNKNOWN, buttonState=0, metaState=0, flags=0x0, edgeFlags=0x0, pointerCount=1, historySize=0, eventTime=818186328, downTime=818186328, deviceId=0, source=0x1002 }
08-05 19:16:09.919 29587 29599 I art     : Explicit concurrent mark sweep GC freed 3(96B) AllocSpace objects, 0(0B) LOS objects, 30% free, 36MB/52MB, paused 1.257ms total 35.954ms
08-05 19:16:09.923 30401 30401 I Input   : injectMotionEvent: MotionEvent { action=ACTION_UP, actionButton=0, id[0]=0, x[0]=435.0, y[0]=858.0, toolType[0]=TOOL_TYPE_UNKNOWN, buttonState=0, metaState=0, flags=0x0, edgeFlags=0x0, pointerCount=1, historySize=0, eventTime=818186328, downTime=818186328, deviceId=0, source=0x1002 }
08-05 19:16:09.926 30401 30401 D AndroidRuntime: Shutting down VM
08-05 19:16:09.931 29587 29599 I art     : Starting a blocking GC Explicit
08-05 19:16:09.934   918   928 I ActivityManager: START u0 {cmp=baseline.com.newsblur/.activity.GlobalSharedStoriesReading (has extras)} from uid 10676 on display 0
08-05 19:16:09.935   512  2967 D audio_hw_primary: out_set_parameters: enter: usecase(1: low-latency-playback) kvpairs: routing=2
08-05 19:16:09.948   512  2967 D audio_hw_primary: select_devices: out_snd_device(2: speaker) in_snd_device(0: none)
08-05 19:16:09.948   512  2967 D msm8974_platform: platform_send_audio_calibration: sending audio calibration for snd_device(2) acdb_id(15)
08-05 19:16:09.949   512  2967 I soundtrigger: audio_extn_sound_trigger_update_device_status: device 0x2 of type 0 for Event 1
08-05 19:16:09.959   512  2967 D audio_hw_primary: enable_snd_device: snd_device(2: speaker)
08-05 19:16:09.961   512  2967 D audio_hw_primary: enable_audio_route: apply and update mixer path: low-latency-playback speaker
08-05 19:16:09.966 29587 29599 I art     : Explicit concurrent mark sweep GC freed 563(80KB) AllocSpace objects, 2(40KB) LOS objects, 30% free, 36MB/52MB, paused 1.300ms total 34.574ms
08-05 19:16:09.977 29587 29599 I art     : Starting a blocking GC Explicit
08-05 19:16:10.010 29587 29599 I art     : Explicit concurrent mark sweep GC freed 977(67KB) AllocSpace objects, 2(468KB) LOS objects, 30% free, 36MB/52MB, paused 1.112ms total 32.798ms
08-05 19:16:10.113   918  3261 D WifiStateMachine: starting scan for "H369AA63323"WPA_PSK with 2412,5180
08-05 19:16:10.183 13866 13866 I GoogleInputMethodServic: GoogleInputMethodService.onFinishInput():3138 
08-05 19:16:10.184   918   936 I ActivityManager: Displayed baseline.com.newsblur/.activity.GlobalSharedStoriesReading: +240ms
08-05 19:16:10.188 13866 13866 I GoogleInputMethodServic: GoogleInputMethodService.onStartInput():1808 
08-05 19:16:10.339 29587 29808 I art     : Starting a blocking GC Explicit
08-05 19:16:10.390 29587 29808 I art     : Explicit concurrent mark sweep GC freed 5115(392KB) AllocSpace objects, 15(336KB) LOS objects, 29% free, 37MB/53MB, paused 1.164ms total 49.376ms
08-05 19:16:10.412 29587 29808 I art     : Starting a blocking GC Explicit
08-05 19:16:10.452 29587 29808 I art     : Explicit concurrent mark sweep GC freed 2136(174KB) AllocSpace objects, 3(68KB) LOS objects, 29% free, 37MB/53MB, paused 1.480ms total 39.319ms
08-05 19:16:10.468 29587 29808 I art     : Starting a blocking GC Explicit
08-05 19:16:10.499   512  2967 D audio_hw_primary: disable_audio_route: reset and update mixer path: low-latency-playback speaker
08-05 19:16:10.500   512  2967 D audio_hw_primary: disable_snd_device: snd_device(2: speaker)
08-05 19:16:10.505 29587 29808 I art     : Explicit concurrent mark sweep GC freed 3337(243KB) AllocSpace objects, 5(100KB) LOS objects, 29% free, 37MB/53MB, paused 1.517ms total 36.692ms
08-05 19:16:10.510   512  2967 I soundtrigger: audio_extn_sound_trigger_update_device_status: device 0x2 of type 0 for Event 0
08-05 19:16:10.517 29587 29808 I art     : Starting a blocking GC Explicit
08-05 19:16:10.530 29587 30144 E chromium: [ERROR:tile_manager.cc(793)] WARNING: tile memory limits exceeded, some content may not draw
08-05 19:16:10.530 29587 30144 E chromium: [ERROR:tile_manager.cc(793)] WARNING: tile memory limits exceeded, some content may not draw
08-05 19:16:10.552 29587 29808 I art     : Explicit concurrent mark sweep GC freed 1084(53KB) AllocSpace objects, 0(0B) LOS objects, 29% free, 37MB/53MB, paused 1.153ms total 34.900ms
08-05 19:16:10.563 29587 29808 I art     : Starting a blocking GC Explicit
08-05 19:16:10.602 29587 29808 I art     : Explicit concurrent mark sweep GC freed 189(19KB) AllocSpace objects, 1(20KB) LOS objects, 29% free, 37MB/53MB, paused 1.217ms total 38.746ms
08-05 19:16:10.946 29587 29808 I art     : Starting a blocking GC Explicit
08-05 19:16:10.993 29587 30436 E baseline.com.newsblur.network.APIResponse: Error (unexpected end of stream on https://www.newsblur.com/...) calling https://www.newsblur.com/reader/mark_story_hashes_as_read/
08-05 19:16:10.993 29587 30436 E baseline.com.newsblur.network.APIResponse: java.io.IOException: unexpected end of stream on https://www.newsblur.com/...
08-05 19:16:10.993 29587 30436 E baseline.com.newsblur.network.APIResponse: 	at okhttp3.internal.http1.Http1ExchangeCodec.readResponseHeaders(Http1ExchangeCodec.java:236)
08-05 19:16:10.993 29587 30436 E baseline.com.newsblur.network.APIResponse: 	at okhttp3.internal.connection.Exchange.readResponseHeaders(Exchange.java:115)
08-05 19:16:10.993 29587 30436 E baseline.com.newsblur.network.APIResponse: 	at okhttp3.internal.http.CallServerInterceptor.intercept(CallServerInterceptor.java:94)
08-05 19:16:10.993 29587 30436 E baseline.com.newsblur.network.APIResponse: 	at okhttp3.internal.http.RealInterceptorChain.proceed(RealInterceptorChain.java:142)
08-05 19:16:10.993 29587 30436 E baseline.com.newsblur.network.APIResponse: 	at okhttp3.internal.connection.ConnectInterceptor.intercept(ConnectInterceptor.java:43)
08-05 19:16:10.993 29587 30436 E baseline.com.newsblur.network.APIResponse: 	at okhttp3.internal.http.RealInterceptorChain.proceed(RealInterceptorChain.java:142)
08-05 19:16:10.993 29587 30436 E baseline.com.newsblur.network.APIResponse: 	at okhttp3.internal.http.RealInterceptorChain.proceed(RealInterceptorChain.java:117)
08-05 19:16:10.993 29587 30436 E baseline.com.newsblur.network.APIResponse: 	at okhttp3.internal.cache.CacheInterceptor.intercept(CacheInterceptor.java:94)
08-05 19:16:10.993 29587 30436 E baseline.com.newsblur.network.APIResponse: 	at okhttp3.internal.http.RealInterceptorChain.proceed(RealInterceptorChain.java:142)
08-05 19:16:10.993 29587 30436 E baseline.com.newsblur.network.APIResponse: 	at okhttp3.internal.http.RealInterceptorChain.proceed(RealInterceptorChain.java:117)
08-05 19:16:10.993 29587 30436 E baseline.com.newsblur.network.APIResponse: 	at okhttp3.internal.http.BridgeInterceptor.intercept(BridgeInterceptor.java:93)
08-05 19:16:10.993 29587 30436 E baseline.com.newsblur.network.APIResponse: 	at okhttp3.internal.http.RealInterceptorChain.proceed(RealInterceptorChain.java:142)
08-05 19:16:10.993 29587 30436 E baseline.com.newsblur.network.APIResponse: 	at okhttp3.internal.http.RetryAndFollowUpInterceptor.intercept(RetryAndFollowUpInterceptor.java:88)
08-05 19:16:10.993 29587 30436 E baseline.com.newsblur.network.APIResponse: 	at okhttp3.internal.http.RealInterceptorChain.proceed(RealInterceptorChain.java:142)
08-05 19:16:10.993 29587 30436 E baseline.com.newsblur.network.APIResponse: 	at okhttp3.internal.http.RealInterceptorChain.proceed(RealInterceptorChain.java:117)
08-05 19:16:10.993 29587 30436 E baseline.com.newsblur.network.APIResponse: 	at okhttp3.RealCall.getResponseWithInterceptorChain(RealCall.java:229)
08-05 19:16:10.993 29587 30436 E baseline.com.newsblur.network.APIResponse: 	at okhttp3.RealCall.execute(RealCall.java:81)
08-05 19:16:10.993 29587 30436 E baseline.com.newsblur.network.APIResponse: 	at baseline.com.newsblur.network.APIResponse.<init>(APIResponse.java:57)
08-05 19:16:10.993 29587 30436 E baseline.com.newsblur.network.APIResponse: 	at baseline.com.newsblur.network.APIResponse.<init>(APIResponse.java:43)
08-05 19:16:10.993 29587 30436 E baseline.com.newsblur.network.APIResponse: 	at baseline.com.newsblur.network.APIManager.post_single(APIManager.java:702)
08-05 19:16:10.993 29587 30436 E baseline.com.newsblur.network.APIResponse: 	at baseline.com.newsblur.network.APIManager.post(APIManager.java:675)
08-05 19:16:10.993 29587 30436 E baseline.com.newsblur.network.APIResponse: 	at baseline.com.newsblur.network.APIManager.post(APIManager.java:714)
08-05 19:16:10.993 29587 30436 E baseline.com.newsblur.network.APIResponse: 	at baseline.com.newsblur.network.APIManager.markStoryAsRead(APIManager.java:205)
08-05 19:16:10.993 29587 30436 E baseline.com.newsblur.network.APIResponse: 	at baseline.com.newsblur.util.ReadingAction.doRemote(ReadingAction.java:281)
08-05 19:16:10.993 29587 30436 E baseline.com.newsblur.network.APIResponse: 	at baseline.com.newsblur.service.NBSyncService.syncActions(NBSyncService.java:400)
08-05 19:16:10.993 29587 30436 E baseline.com.newsblur.network.APIResponse: 	at baseline.com.newsblur.service.NBSyncService.doSync(NBSyncService.java:298)
08-05 19:16:10.993 29587 30436 E baseline.com.newsblur.network.APIResponse: 	at baseline.com.newsblur.service.NBSyncService.access$100(NBSyncService.java:67)
08-05 19:16:10.993 29587 30436 E baseline.com.newsblur.network.APIResponse: 	at baseline.com.newsblur.service.NBSyncService$1.run(NBSyncService.java:188)
08-05 19:16:10.993 29587 30436 E baseline.com.newsblur.network.APIResponse: 	at java.util.concurrent.ThreadPoolExecutor.runWorker(ThreadPoolExecutor.java:1113)
08-05 19:16:10.993 29587 30436 E baseline.com.newsblur.network.APIResponse: 	at java.util.concurrent.ThreadPoolExecutor$Worker.run(ThreadPoolExecutor.java:588)
08-05 19:16:10.993 29587 30436 E baseline.com.newsblur.network.APIResponse: 	at java.lang.Thread.run(Thread.java:818)
08-05 19:16:10.993 29587 30436 E baseline.com.newsblur.network.APIResponse: Caused by: java.io.EOFException: \n not found: limit=0 content=
08-05 19:16:10.993 29587 30436 E baseline.com.newsblur.network.APIResponse: 	at okio.RealBufferedSource.readUtf8LineStrict(RealBufferedSource.java:240)
08-05 19:16:10.993 29587 30436 E baseline.com.newsblur.network.APIResponse: 	at okhttp3.internal.http1.Http1ExchangeCodec.readHeaderLine(Http1ExchangeCodec.java:242)
08-05 19:16:10.993 29587 30436 E baseline.com.newsblur.network.APIResponse: 	at okhttp3.internal.http1.Http1ExchangeCodec.readResponseHeaders(Http1ExchangeCodec.java:213)
08-05 19:16:10.993 29587 30436 E baseline.com.newsblur.network.APIResponse: 	... 30 more
08-05 19:16:10.993 29587 29808 I art     : Explicit concurrent mark sweep GC freed 3938(211KB) AllocSpace objects, 5(248KB) LOS objects, 29% free, 37MB/53MB, paused 1.515ms total 46.653ms
08-05 19:16:10.994 29587 30436 I baseline.com.newsblur.network.APIManager: API call failed, pausing before retry number 1
08-05 19:16:11.007 29587 29808 I art     : Starting a blocking GC Explicit
08-05 19:16:11.045 29587 29808 I art     : Explicit concurrent mark sweep GC freed 1721(323KB) AllocSpace objects, 2(40KB) LOS objects, 29% free, 37MB/53MB, paused 1.180ms total 38.511ms
08-05 19:16:11.057 29587 29808 I art     : Starting a blocking GC Explicit
08-05 19:16:11.094 29587 29808 I art     : Explicit concurrent mark sweep GC freed 47(1792B) AllocSpace objects, 0(0B) LOS objects, 29% free, 37MB/53MB, paused 1.107ms total 36.602ms
08-05 19:16:11.106 29587 29808 I art     : Starting a blocking GC Explicit
08-05 19:16:11.144 29587 29808 I art     : Explicit concurrent mark sweep GC freed 3(96B) AllocSpace objects, 0(0B) LOS objects, 29% free, 37MB/53MB, paused 1.121ms total 38.274ms
08-05 19:16:11.157 29587 29808 I art     : Starting a blocking GC Explicit
08-05 19:16:11.196 29587 29808 I art     : Explicit concurrent mark sweep GC freed 3(96B) AllocSpace objects, 0(0B) LOS objects, 29% free, 37MB/53MB, paused 1.305ms total 38.839ms
08-05 19:16:11.498 29587 30144 E chromium: [ERROR:tile_manager.cc(793)] WARNING: tile memory limits exceeded, some content may not draw
08-05 19:16:11.499 29587 30144 E chromium: [ERROR:tile_manager.cc(793)] WARNING: tile memory limits exceeded, some content may not draw
08-05 19:16:11.529 29587 30144 E chromium: [ERROR:tile_manager.cc(793)] WARNING: tile memory limits exceeded, some content may not draw
08-05 19:16:11.530 29587 30144 E chromium: [ERROR:tile_manager.cc(793)] WARNING: tile memory limits exceeded, some content may not draw
08-05 19:16:11.545 29587 30144 E chromium: [ERROR:tile_manager.cc(793)] WARNING: tile memory limits exceeded, some content may not draw
08-05 19:16:11.545 29587 30144 E chromium: [ERROR:tile_manager.cc(793)] WARNING: tile memory limits exceeded, some content may not draw
08-05 19:16:11.549 29587 29598 I art     : Starting a blocking GC Explicit
08-05 19:16:11.590 29587 29598 I art     : Explicit concurrent mark sweep GC freed 1544(86KB) AllocSpace objects, 1(20KB) LOS objects, 29% free, 37MB/53MB, paused 1.257ms total 40.654ms
08-05 19:16:11.603 29587 29598 I art     : Starting a blocking GC Explicit
08-05 19:16:11.642 29587 29598 I art     : Explicit concurrent mark sweep GC freed 40(1360B) AllocSpace objects, 0(0B) LOS objects, 29% free, 37MB/53MB, paused 1.263ms total 39.542ms
08-05 19:16:11.655 29587 29598 I art     : Starting a blocking GC Explicit
08-05 19:16:11.698 29587 29598 I art     : Explicit concurrent mark sweep GC freed 21(672B) AllocSpace objects, 0(0B) LOS objects, 29% free, 37MB/53MB, paused 1.540ms total 42.357ms
08-05 19:16:11.711 29587 29598 I art     : Starting a blocking GC Explicit
08-05 19:16:11.752 29587 29598 I art     : Explicit concurrent mark sweep GC freed 20(640B) AllocSpace objects, 0(0B) LOS objects, 29% free, 37MB/53MB, paused 1.110ms total 40.402ms
08-05 19:16:11.764 29587 29598 I art     : Starting a blocking GC Explicit
08-05 19:16:11.806 29587 29598 I art     : Explicit concurrent mark sweep GC freed 3(96B) AllocSpace objects, 0(0B) LOS objects, 29% free, 37MB/53MB, paused 1.258ms total 41.002ms
08-05 19:16:12.185 29587 29599 I art     : Starting a blocking GC Explicit
08-05 19:16:12.230 29587 29599 I art     : Explicit concurrent mark sweep GC freed 1440(83KB) AllocSpace objects, 1(20KB) LOS objects, 29% free, 37MB/53MB, paused 1.286ms total 44.879ms
08-05 19:16:12.244 29587 29599 I art     : Starting a blocking GC Explicit
08-05 19:16:12.285 29587 29599 I art     : Explicit concurrent mark sweep GC freed 22(784B) AllocSpace objects, 0(0B) LOS objects, 29% free, 37MB/53MB, paused 1.182ms total 41.584ms
08-05 19:16:12.299 29587 29599 I art     : Starting a blocking GC Explicit
08-05 19:16:12.340 29587 29599 I art     : Explicit concurrent mark sweep GC freed 3(96B) AllocSpace objects, 0(0B) LOS objects, 29% free, 37MB/53MB, paused 1.227ms total 40.842ms
08-05 19:16:12.353 29587 29599 I art     : Starting a blocking GC Explicit
08-05 19:16:12.393 29587 29599 I art     : Explicit concurrent mark sweep GC freed 3(96B) AllocSpace objects, 0(0B) LOS objects, 29% free, 37MB/53MB, paused 1.277ms total 40.159ms
08-05 19:16:12.405 29587 29599 I art     : Starting a blocking GC Explicit
08-05 19:16:12.427   518   646 I ThermalEngine: ACTION: GPU - Setting GPU[0] to 390000000
08-05 19:16:12.478 29587 29599 I art     : Explicit concurrent mark sweep GC freed 3(96B) AllocSpace objects, 0(0B) LOS objects, 29% free, 37MB/53MB, paused 2.145ms total 72.021ms
08-05 19:16:12.865 29587 29599 I art     : Starting a blocking GC Explicit
08-05 19:16:12.923 29587 29599 I art     : Explicit concurrent mark sweep GC freed 1606(91KB) AllocSpace objects, 1(20KB) LOS objects, 29% free, 37MB/53MB, paused 2.289ms total 56.861ms
08-05 19:16:12.943 29587 29599 I art     : Starting a blocking GC Explicit
08-05 19:16:12.995 29587 29599 I art     : Explicit concurrent mark sweep GC freed 1714(66KB) AllocSpace objects, 0(0B) LOS objects, 29% free, 37MB/53MB, paused 2.093ms total 52.028ms
08-05 19:16:13.014 29587 29599 I art     : Starting a blocking GC Explicit
08-05 19:16:13.015 29587 30436 E baseline.com.newsblur.network.APIResponse: Error (unexpected end of stream on https://www.newsblur.com/...) calling https://www.newsblur.com/reader/mark_story_hashes_as_read/
08-05 19:16:13.015 29587 30436 E baseline.com.newsblur.network.APIResponse: java.io.IOException: unexpected end of stream on https://www.newsblur.com/...
08-05 19:16:13.015 29587 30436 E baseline.com.newsblur.network.APIResponse: 	at okhttp3.internal.http1.Http1ExchangeCodec.readResponseHeaders(Http1ExchangeCodec.java:236)
08-05 19:16:13.015 29587 30436 E baseline.com.newsblur.network.APIResponse: 	at okhttp3.internal.connection.Exchange.readResponseHeaders(Exchange.java:115)
08-05 19:16:13.015 29587 30436 E baseline.com.newsblur.network.APIResponse: 	at okhttp3.internal.http.CallServerInterceptor.intercept(CallServerInterceptor.java:94)
08-05 19:16:13.015 29587 30436 E baseline.com.newsblur.network.APIResponse: 	at okhttp3.internal.http.RealInterceptorChain.proceed(RealInterceptorChain.java:142)
08-05 19:16:13.015 29587 30436 E baseline.com.newsblur.network.APIResponse: 	at okhttp3.internal.connection.ConnectInterceptor.intercept(ConnectInterceptor.java:43)
08-05 19:16:13.015 29587 30436 E baseline.com.newsblur.network.APIResponse: 	at okhttp3.internal.http.RealInterceptorChain.proceed(RealInterceptorChain.java:142)
08-05 19:16:13.015 29587 30436 E baseline.com.newsblur.network.APIResponse: 	at okhttp3.internal.http.RealInterceptorChain.proceed(RealInterceptorChain.java:117)
08-05 19:16:13.015 29587 30436 E baseline.com.newsblur.network.APIResponse: 	at okhttp3.internal.cache.CacheInterceptor.intercept(CacheInterceptor.java:94)
08-05 19:16:13.015 29587 30436 E baseline.com.newsblur.network.APIResponse: 	at okhttp3.internal.http.RealInterceptorChain.proceed(RealInterceptorChain.java:142)
08-05 19:16:13.015 29587 30436 E baseline.com.newsblur.network.APIResponse: 	at okhttp3.internal.http.RealInterceptorChain.proceed(RealInterceptorChain.java:117)
08-05 19:16:13.015 29587 30436 E baseline.com.newsblur.network.APIResponse: 	at okhttp3.internal.http.BridgeInterceptor.intercept(BridgeInterceptor.java:93)
08-05 19:16:13.015 29587 30436 E baseline.com.newsblur.network.APIResponse: 	at okhttp3.internal.http.RealInterceptorChain.proceed(RealInterceptorChain.java:142)
08-05 19:16:13.015 29587 30436 E baseline.com.newsblur.network.APIResponse: 	at okhttp3.internal.http.RetryAndFollowUpInterceptor.intercept(RetryAndFollowUpInterceptor.java:88)
08-05 19:16:13.015 29587 30436 E baseline.com.newsblur.network.APIResponse: 	at okhttp3.internal.http.RealInterceptorChain.proceed(RealInterceptorChain.java:142)
08-05 19:16:13.015 29587 30436 E baseline.com.newsblur.network.APIResponse: 	at okhttp3.internal.http.RealInterceptorChain.proceed(RealInterceptorChain.java:117)
08-05 19:16:13.015 29587 30436 E baseline.com.newsblur.network.APIResponse: 	at okhttp3.RealCall.getResponseWithInterceptorChain(RealCall.java:229)
08-05 19:16:13.015 29587 30436 E baseline.com.newsblur.network.APIResponse: 	at okhttp3.RealCall.execute(RealCall.java:81)
08-05 19:16:13.015 29587 30436 E baseline.com.newsblur.network.APIResponse: 	at baseline.com.newsblur.network.APIResponse.<init>(APIResponse.java:57)
08-05 19:16:13.015 29587 30436 E baseline.com.newsblur.network.APIResponse: 	at baseline.com.newsblur.network.APIResponse.<init>(APIResponse.java:43)
08-05 19:16:13.015 29587 30436 E baseline.com.newsblur.network.APIResponse: 	at baseline.com.newsblur.network.APIManager.post_single(APIManager.java:702)
08-05 19:16:13.015 29587 30436 E baseline.com.newsblur.network.APIResponse: 	at baseline.com.newsblur.network.APIManager.post(APIManager.java:675)
08-05 19:16:13.015 29587 30436 E baseline.com.newsblur.network.APIResponse: 	at baseline.com.newsblur.network.APIManager.post(APIManager.java:714)
08-05 19:16:13.015 29587 30436 E baseline.com.newsblur.network.APIResponse: 	at baseline.com.newsblur.network.APIManager.markStoryAsRead(APIManager.java:205)
08-05 19:16:13.015 29587 30436 E baseline.com.newsblur.network.APIResponse: 	at baseline.com.newsblur.util.ReadingAction.doRemote(ReadingAction.java:281)
08-05 19:16:13.015 29587 30436 E baseline.com.newsblur.network.APIResponse: 	at baseline.com.newsblur.service.NBSyncService.syncActions(NBSyncService.java:400)
08-05 19:16:13.015 29587 30436 E baseline.com.newsblur.network.APIResponse: 	at baseline.com.newsblur.service.NBSyncService.doSync(NBSyncService.java:298)
08-05 19:16:13.015 29587 30436 E baseline.com.newsblur.network.APIResponse: 	at baseline.com.newsblur.service.NBSyncService.access$100(NBSyncService.java:67)
08-05 19:16:13.015 29587 30436 E baseline.com.newsblur.network.APIResponse: 	at baseline.com.newsblur.service.NBSyncService$1.run(NBSyncService.java:188)
08-05 19:16:13.015 29587 30436 E baseline.com.newsblur.network.APIResponse: 	at java.util.concurrent.ThreadPoolExecutor.runWorker(ThreadPoolExecutor.java:1113)
08-05 19:16:13.015 29587 30436 E baseline.com.newsblur.network.APIResponse: 	at java.util.concurrent.ThreadPoolExecutor$Worker.run(ThreadPoolExecutor.java:588)
08-05 19:16:13.015 29587 30436 E baseline.com.newsblur.network.APIResponse: 	at java.lang.Thread.run(Thread.java:818)
08-05 19:16:13.015 29587 30436 E baseline.com.newsblur.network.APIResponse: Caused by: java.io.EOFException: \n not found: limit=0 content=
08-05 19:16:13.015 29587 30436 E baseline.com.newsblur.network.APIResponse: 	at okio.RealBufferedSource.readUtf8LineStrict(RealBufferedSource.java:240)
08-05 19:16:13.015 29587 30436 E baseline.com.newsblur.network.APIResponse: 	at okhttp3.internal.http1.Http1ExchangeCodec.readHeaderLine(Http1ExchangeCodec.java:242)
08-05 19:16:13.015 29587 30436 E baseline.com.newsblur.network.APIResponse: 	at okhttp3.internal.http1.Http1ExchangeCodec.readResponseHeaders(Http1ExchangeCodec.java:213)
08-05 19:16:13.015 29587 30436 E baseline.com.newsblur.network.APIResponse: 	... 30 more
08-05 19:16:13.017 29587 30436 I baseline.com.newsblur.network.APIManager: API call failed, pausing before retry number 2
08-05 19:16:13.066 29587 29599 I art     : Explicit concurrent mark sweep GC freed 579(176KB) AllocSpace objects, 2(40KB) LOS objects, 29% free, 37MB/53MB, paused 2.125ms total 51.656ms
08-05 19:16:13.085 29587 29599 I art     : Starting a blocking GC Explicit
08-05 19:16:13.137 29587 29599 I art     : Explicit concurrent mark sweep GC freed 331(35KB) AllocSpace objects, 0(0B) LOS objects, 29% free, 37MB/53MB, paused 1.990ms total 51.395ms
08-05 19:16:13.157 29587 29599 I art     : Starting a blocking GC Explicit
08-05 19:16:13.210 29587 29599 I art     : Explicit concurrent mark sweep GC freed 7(288B) AllocSpace objects, 0(0B) LOS objects, 29% free, 37MB/53MB, paused 2.357ms total 52.245ms
08-05 19:16:13.595 29587 29598 I art     : Starting a blocking GC Explicit
08-05 19:16:13.655 29587 29598 I art     : Explicit concurrent mark sweep GC freed 1440(83KB) AllocSpace objects, 1(20KB) LOS objects, 29% free, 37MB/53MB, paused 2.054ms total 59.463ms
08-05 19:16:13.677 29587 29598 I art     : Starting a blocking GC Explicit
08-05 19:16:13.729 29587 29598 I art     : Explicit concurrent mark sweep GC freed 22(784B) AllocSpace objects, 0(0B) LOS objects, 29% free, 37MB/53MB, paused 2.596ms total 51.893ms
08-05 19:16:13.750 29587 29598 I art     : Starting a blocking GC Explicit
08-05 19:16:13.796 29587 29598 I art     : Explicit concurrent mark sweep GC freed 3(96B) AllocSpace objects, 0(0B) LOS objects, 29% free, 37MB/53MB, paused 1.704ms total 44.716ms
08-05 19:16:13.815 29587 29598 I art     : Starting a blocking GC Explicit
08-05 19:16:13.867 29587 29598 I art     : Explicit concurrent mark sweep GC freed 3(96B) AllocSpace objects, 0(0B) LOS objects, 29% free, 37MB/53MB, paused 2.187ms total 51.620ms
08-05 19:16:13.886 29587 29598 I art     : Starting a blocking GC Explicit
08-05 19:16:13.935 29587 29598 I art     : Explicit concurrent mark sweep GC freed 3(96B) AllocSpace objects, 0(0B) LOS objects, 29% free, 37MB/53MB, paused 1.923ms total 49.353ms
08-05 19:16:14.326 29587 30376 I art     : Starting a blocking GC Explicit
08-05 19:16:14.381 29587 30376 I art     : Explicit concurrent mark sweep GC freed 1440(83KB) AllocSpace objects, 1(20KB) LOS objects, 29% free, 37MB/53MB, paused 2.092ms total 54.219ms
08-05 19:16:14.400 29587 30376 I art     : Starting a blocking GC Explicit
08-05 19:16:14.451 29587 30376 I art     : Explicit concurrent mark sweep GC freed 22(784B) AllocSpace objects, 0(0B) LOS objects, 29% free, 37MB/53MB, paused 1.954ms total 50.289ms
08-05 19:16:14.468 29587 30376 I art     : Starting a blocking GC Explicit
08-05 19:16:14.508 24043 24043 I ServiceManager: Waiting for service AtCmdFwd...
08-05 19:16:14.515 29587 30376 I art     : Explicit concurrent mark sweep GC freed 3(96B) AllocSpace objects, 0(0B) LOS objects, 29% free, 37MB/53MB, paused 2.104ms total 46.722ms
08-05 19:16:14.535 29587 30376 I art     : Starting a blocking GC Explicit
08-05 19:16:14.586 29587 30376 I art     : Explicit concurrent mark sweep GC freed 3(96B) AllocSpace objects, 0(0B) LOS objects, 29% free, 37MB/53MB, paused 1.967ms total 51.128ms
08-05 19:16:14.605 29587 30376 I art     : Starting a blocking GC Explicit
08-05 19:16:14.655 29587 30376 I art     : Explicit concurrent mark sweep GC freed 3(96B) AllocSpace objects, 0(0B) LOS objects, 29% free, 37MB/53MB, paused 2.052ms total 49.983ms
08-05 19:16:14.854 30497 30497 D AndroidRuntime: >>>>>> START com.android.internal.os.RuntimeInit uid 2000 <<<<<<
08-05 19:16:14.861 30497 30497 D AndroidRuntime: CheckJNI is OFF
08-05 19:16:14.922 30497 30497 D ICU     : No timezone override file found: /data/misc/zoneinfo/current/icu/icu_tzdata.dat
08-05 19:16:14.968 30497 30497 I Radio-JNI: register_android_hardware_Radio DONE
08-05 19:16:15.001 30497 30497 D AndroidRuntime: Calling main entry com.android.commands.input.Input
08-05 19:16:15.003 30497 30497 I Input   : injectKeyEvent: KeyEvent { action=ACTION_DOWN, keyCode=KEYCODE_BACK, scanCode=0, metaState=0, flags=0x0, repeatCount=0, eventTime=818191416, downTime=818191416, deviceId=-1, source=0x101 }
08-05 19:16:15.011 30497 30497 I Input   : injectKeyEvent: KeyEvent { action=ACTION_UP, keyCode=KEYCODE_BACK, scanCode=0, metaState=0, flags=0x0, repeatCount=0, eventTime=818191416, downTime=818191416, deviceId=-1, source=0x101 }
08-05 19:16:15.018 30497 30497 D AndroidRuntime: Shutting down VM
08-05 19:16:15.043 29587 29599 I art     : Starting a blocking GC Explicit
08-05 19:16:15.090 29587 29599 I art     : Explicit concurrent mark sweep GC freed 1662(121KB) AllocSpace objects, 3(60KB) LOS objects, 29% free, 37MB/53MB, paused 1.816ms total 46.876ms
08-05 19:16:15.108 29587 29599 I art     : Starting a blocking GC Explicit
08-05 19:16:15.157 29587 29599 I art     : Explicit concurrent mark sweep GC freed 55(2032B) AllocSpace objects, 0(0B) LOS objects, 29% free, 37MB/53MB, paused 2.004ms total 49.550ms
08-05 19:16:15.177 29587 29599 I art     : Starting a blocking GC Explicit
08-05 19:16:15.233 29587 29599 I art     : Explicit concurrent mark sweep GC freed 771(68KB) AllocSpace objects, 2(40KB) LOS objects, 29% free, 37MB/53MB, paused 1.923ms total 55.651ms
08-05 19:16:15.255 29587 29599 I art     : Starting a blocking GC Explicit
08-05 19:16:15.263 13866 13866 I GoogleInputMethodServic: GoogleInputMethodService.onFinishInput():3138 
08-05 19:16:15.264 13866 13866 I GoogleInputMethodServic: GoogleInputMethodService.onStartInput():1808 
08-05 19:16:15.302 29587 29599 I art     : Explicit concurrent mark sweep GC freed 1013(83KB) AllocSpace objects, 1(20KB) LOS objects, 29% free, 37MB/53MB, paused 1.861ms total 46.269ms
08-05 19:16:15.319 29587 29599 I art     : Starting a blocking GC Explicit
08-05 19:16:15.366 29587 29599 I art     : Explicit concurrent mark sweep GC freed 147(7KB) AllocSpace objects, 1(28KB) LOS objects, 29% free, 37MB/53MB, paused 1.889ms total 45.644ms
08-05 19:16:15.509 24043 24043 I ServiceManager: Waiting for service AtCmdFwd...
08-05 19:16:15.764 29587 29598 I art     : Starting a blocking GC Explicit
08-05 19:16:15.812 29587 29598 I art     : Explicit concurrent mark sweep GC freed 3184(165KB) AllocSpace objects, 1(20KB) LOS objects, 29% free, 37MB/53MB, paused 1.758ms total 47.942ms
08-05 19:16:15.829 29587 29598 I art     : Starting a blocking GC Explicit
08-05 19:16:15.877 29587 29598 I art     : Explicit concurrent mark sweep GC freed 157(7KB) AllocSpace objects, 0(0B) LOS objects, 29% free, 37MB/53MB, paused 1.974ms total 46.879ms
08-05 19:16:15.894 29587 29598 I art     : Starting a blocking GC Explicit
08-05 19:16:15.944 29587 29598 I art     : Explicit concurrent mark sweep GC freed 11(352B) AllocSpace objects, 0(0B) LOS objects, 29% free, 37MB/53MB, paused 2.030ms total 49.585ms
08-05 19:16:15.963 29587 29598 I art     : Starting a blocking GC Explicit
08-05 19:16:16.018 29587 29598 I art     : Explicit concurrent mark sweep GC freed 11(352B) AllocSpace objects, 0(0B) LOS objects, 29% free, 37MB/53MB, paused 2.258ms total 55.062ms
08-05 19:16:16.039 29587 29598 I art     : Starting a blocking GC Explicit
08-05 19:16:16.097 29587 29598 I art     : Explicit concurrent mark sweep GC freed 118(4KB) AllocSpace objects, 0(0B) LOS objects, 29% free, 37MB/53MB, paused 2.149ms total 57.327ms
08-05 19:16:16.504 29587 29599 I art     : Starting a blocking GC Explicit
08-05 19:16:16.509 24043 24043 I ServiceManager: Waiting for service AtCmdFwd...
08-05 19:16:16.568 29587 29599 I art     : Explicit concurrent mark sweep GC freed 3168(152KB) AllocSpace objects, 1(20KB) LOS objects, 29% free, 37MB/53MB, paused 2.171ms total 63.799ms
08-05 19:16:16.589 29587 29599 I art     : Starting a blocking GC Explicit
08-05 19:16:16.614 29587 30436 E baseline.com.newsblur.network.APIResponse: Error (unexpected end of stream on https://www.newsblur.com/...) calling https://www.newsblur.com/reader/mark_story_hashes_as_read/
08-05 19:16:16.614 29587 30436 E baseline.com.newsblur.network.APIResponse: java.io.IOException: unexpected end of stream on https://www.newsblur.com/...
08-05 19:16:16.614 29587 30436 E baseline.com.newsblur.network.APIResponse: 	at okhttp3.internal.http1.Http1ExchangeCodec.readResponseHeaders(Http1ExchangeCodec.java:236)
08-05 19:16:16.614 29587 30436 E baseline.com.newsblur.network.APIResponse: 	at okhttp3.internal.connection.Exchange.readResponseHeaders(Exchange.java:115)
08-05 19:16:16.614 29587 30436 E baseline.com.newsblur.network.APIResponse: 	at okhttp3.internal.http.CallServerInterceptor.intercept(CallServerInterceptor.java:94)
08-05 19:16:16.614 29587 30436 E baseline.com.newsblur.network.APIResponse: 	at okhttp3.internal.http.RealInterceptorChain.proceed(RealInterceptorChain.java:142)
08-05 19:16:16.614 29587 30436 E baseline.com.newsblur.network.APIResponse: 	at okhttp3.internal.connection.ConnectInterceptor.intercept(ConnectInterceptor.java:43)
08-05 19:16:16.614 29587 30436 E baseline.com.newsblur.network.APIResponse: 	at okhttp3.internal.http.RealInterceptorChain.proceed(RealInterceptorChain.java:142)
08-05 19:16:16.614 29587 30436 E baseline.com.newsblur.network.APIResponse: 	at okhttp3.internal.http.RealInterceptorChain.proceed(RealInterceptorChain.java:117)
08-05 19:16:16.614 29587 30436 E baseline.com.newsblur.network.APIResponse: 	at okhttp3.internal.cache.CacheInterceptor.intercept(CacheInterceptor.java:94)
08-05 19:16:16.614 29587 30436 E baseline.com.newsblur.network.APIResponse: 	at okhttp3.internal.http.RealInterceptorChain.proceed(RealInterceptorChain.java:142)
08-05 19:16:16.614 29587 30436 E baseline.com.newsblur.network.APIResponse: 	at okhttp3.internal.http.RealInterceptorChain.proceed(RealInterceptorChain.java:117)
08-05 19:16:16.614 29587 30436 E baseline.com.newsblur.network.APIResponse: 	at okhttp3.internal.http.BridgeInterceptor.intercept(BridgeInterceptor.java:93)
08-05 19:16:16.614 29587 30436 E baseline.com.newsblur.network.APIResponse: 	at okhttp3.internal.http.RealInterceptorChain.proceed(RealInterceptorChain.java:142)
08-05 19:16:16.614 29587 30436 E baseline.com.newsblur.network.APIResponse: 	at okhttp3.internal.http.RetryAndFollowUpInterceptor.intercept(RetryAndFollowUpInterceptor.java:88)
08-05 19:16:16.614 29587 30436 E baseline.com.newsblur.network.APIResponse: 	at okhttp3.internal.http.RealInterceptorChain.proceed(RealInterceptorChain.java:142)
08-05 19:16:16.614 29587 30436 E baseline.com.newsblur.network.APIResponse: 	at okhttp3.internal.http.RealInterceptorChain.proceed(RealInterceptorChain.java:117)
08-05 19:16:16.614 29587 30436 E baseline.com.newsblur.network.APIResponse: 	at okhttp3.RealCall.getResponseWithInterceptorChain(RealCall.java:229)
08-05 19:16:16.614 29587 30436 E baseline.com.newsblur.network.APIResponse: 	at okhttp3.RealCall.execute(RealCall.java:81)
08-05 19:16:16.614 29587 30436 E baseline.com.newsblur.network.APIResponse: 	at baseline.com.newsblur.network.APIResponse.<init>(APIResponse.java:57)
08-05 19:16:16.614 29587 30436 E baseline.com.newsblur.network.APIResponse: 	at baseline.com.newsblur.network.APIResponse.<init>(APIResponse.java:43)
08-05 19:16:16.614 29587 30436 E baseline.com.newsblur.network.APIResponse: 	at baseline.com.newsblur.network.APIManager.post_single(APIManager.java:702)
08-05 19:16:16.614 29587 30436 E baseline.com.newsblur.network.APIResponse: 	at baseline.com.newsblur.network.APIManager.post(APIManager.java:675)
08-05 19:16:16.614 29587 30436 E baseline.com.newsblur.network.APIResponse: 	at baseline.com.newsblur.network.APIManager.post(APIManager.java:714)
08-05 19:16:16.614 29587 30436 E baseline.com.newsblur.network.APIResponse: 	at baseline.com.newsblur.network.APIManager.markStoryAsRead(APIManager.java:205)
08-05 19:16:16.614 29587 30436 E baseline.com.newsblur.network.APIResponse: 	at baseline.com.newsblur.util.ReadingAction.doRemote(ReadingAction.java:281)
08-05 19:16:16.614 29587 30436 E baseline.com.newsblur.network.APIResponse: 	at baseline.com.newsblur.service.NBSyncService.syncActions(NBSyncService.java:400)
08-05 19:16:16.614 29587 30436 E baseline.com.newsblur.network.APIResponse: 	at baseline.com.newsblur.service.NBSyncService.doSync(NBSyncService.java:298)
08-05 19:16:16.614 29587 30436 E baseline.com.newsblur.network.APIResponse: 	at baseline.com.newsblur.service.NBSyncService.access$100(NBSyncService.java:67)
08-05 19:16:16.614 29587 30436 E baseline.com.newsblur.network.APIResponse: 	at baseline.com.newsblur.service.NBSyncService$1.run(NBSyncService.java:188)
08-05 19:16:16.614 29587 30436 E baseline.com.newsblur.network.APIResponse: 	at java.util.concurrent.ThreadPoolExecutor.runWorker(ThreadPoolExecutor.java:1113)
08-05 19:16:16.614 29587 30436 E baseline.com.newsblur.network.APIResponse: 	at java.util.concurrent.ThreadPoolExecutor$Worker.run(ThreadPoolExecutor.java:588)
08-05 19:16:16.614 29587 30436 E baseline.com.newsblur.network.APIResponse: 	at java.lang.Thread.run(Thread.java:818)
08-05 19:16:16.614 29587 30436 E baseline.com.newsblur.network.APIResponse: Caused by: java.io.EOFException: \n not found: limit=0 content=
08-05 19:16:16.614 29587 30436 E baseline.com.newsblur.network.APIResponse: 	at okio.RealBufferedSource.readUtf8LineStrict(RealBufferedSource.java:240)
08-05 19:16:16.614 29587 30436 E baseline.com.newsblur.network.APIResponse: 	at okhttp3.internal.http1.Http1ExchangeCodec.readHeaderLine(Http1ExchangeCodec.java:242)
08-05 19:16:16.614 29587 30436 E baseline.com.newsblur.network.APIResponse: 	at okhttp3.internal.http1.Http1ExchangeCodec.readResponseHeaders(Http1ExchangeCodec.java:213)
08-05 19:16:16.614 29587 30436 E baseline.com.newsblur.network.APIResponse: 	... 30 more
08-05 19:16:16.615 29587 30436 I baseline.com.newsblur.service.NBSyncService: Holding reading action with server-side or network error.
08-05 19:16:16.629 29587 30436 W baseline.com.newsblur.service.NBSyncService: hard API failure
08-05 19:16:16.653 29587 29599 I art     : Explicit concurrent mark sweep GC freed 1219(243KB) AllocSpace objects, 4(80KB) LOS objects, 29% free, 37MB/53MB, paused 3.429ms total 64.160ms
08-05 19:16:16.675 29587 29599 I art     : Starting a blocking GC Explicit
08-05 19:16:16.723 29587 29599 I art     : Explicit concurrent mark sweep GC freed 215(22KB) AllocSpace objects, 0(0B) LOS objects, 29% free, 37MB/53MB, paused 1.953ms total 47.813ms
08-05 19:16:16.741 29587 29599 I art     : Starting a blocking GC Explicit
08-05 19:16:16.792 29587 29599 I art     : Explicit concurrent mark sweep GC freed 25(832B) AllocSpace objects, 0(0B) LOS objects, 29% free, 37MB/53MB, paused 2.022ms total 50.620ms
08-05 19:16:16.811 29587 29599 I art     : Starting a blocking GC Explicit
08-05 19:16:16.861 29587 29599 I art     : Explicit concurrent mark sweep GC freed 3(96B) AllocSpace objects, 0(0B) LOS objects, 29% free, 37MB/53MB, paused 2.046ms total 50.389ms
08-05 19:16:16.960 30537 30537 D AndroidRuntime: >>>>>> START com.android.internal.os.RuntimeInit uid 2000 <<<<<<
08-05 19:16:16.966 30537 30537 D AndroidRuntime: CheckJNI is OFF
08-05 19:16:17.022 30537 30537 D ICU     : No timezone override file found: /data/misc/zoneinfo/current/icu/icu_tzdata.dat
08-05 19:16:17.070 30537 30537 I Radio-JNI: register_android_hardware_Radio DONE
08-05 19:16:17.103 30537 30537 D AndroidRuntime: Calling main entry com.android.commands.input.Input
08-05 19:16:17.105 30537 30537 I Input   : injectKeyEvent: KeyEvent { action=ACTION_DOWN, keyCode=KEYCODE_BACK, scanCode=0, metaState=0, flags=0x0, repeatCount=0, eventTime=818193518, downTime=818193518, deviceId=-1, source=0x101 }
08-05 19:16:17.109 29587 30436 E baseline.com.newsblur.network.APIResponse: Error (unexpected end of stream on https://www.newsblur.com/...) calling https://www.newsblur.com/reader/mark_story_hashes_as_read/
08-05 19:16:17.109 29587 30436 E baseline.com.newsblur.network.APIResponse: java.io.IOException: unexpected end of stream on https://www.newsblur.com/...
08-05 19:16:17.109 29587 30436 E baseline.com.newsblur.network.APIResponse: 	at okhttp3.internal.http1.Http1ExchangeCodec.readResponseHeaders(Http1ExchangeCodec.java:236)
08-05 19:16:17.109 29587 30436 E baseline.com.newsblur.network.APIResponse: 	at okhttp3.internal.connection.Exchange.readResponseHeaders(Exchange.java:115)
08-05 19:16:17.109 29587 30436 E baseline.com.newsblur.network.APIResponse: 	at okhttp3.internal.http.CallServerInterceptor.intercept(CallServerInterceptor.java:94)
08-05 19:16:17.109 29587 30436 E baseline.com.newsblur.network.APIResponse: 	at okhttp3.internal.http.RealInterceptorChain.proceed(RealInterceptorChain.java:142)
08-05 19:16:17.109 29587 30436 E baseline.com.newsblur.network.APIResponse: 	at okhttp3.internal.connection.ConnectInterceptor.intercept(ConnectInterceptor.java:43)
08-05 19:16:17.109 29587 30436 E baseline.com.newsblur.network.APIResponse: 	at okhttp3.internal.http.RealInterceptorChain.proceed(RealInterceptorChain.java:142)
08-05 19:16:17.109 29587 30436 E baseline.com.newsblur.network.APIResponse: 	at okhttp3.internal.http.RealInterceptorChain.proceed(RealInterceptorChain.java:117)
08-05 19:16:17.109 29587 30436 E baseline.com.newsblur.network.APIResponse: 	at okhttp3.internal.cache.CacheInterceptor.intercept(CacheInterceptor.java:94)
08-05 19:16:17.109 29587 30436 E baseline.com.newsblur.network.APIResponse: 	at okhttp3.internal.http.RealInterceptorChain.proceed(RealInterceptorChain.java:142)
08-05 19:16:17.109 29587 30436 E baseline.com.newsblur.network.APIResponse: 	at okhttp3.internal.http.RealInterceptorChain.proceed(RealInterceptorChain.java:117)
08-05 19:16:17.109 29587 30436 E baseline.com.newsblur.network.APIResponse: 	at okhttp3.internal.http.BridgeInterceptor.intercept(BridgeInterceptor.java:93)
08-05 19:16:17.109 29587 30436 E baseline.com.newsblur.network.APIResponse: 	at okhttp3.internal.http.RealInterceptorChain.proceed(RealInterceptorChain.java:142)
08-05 19:16:17.109 29587 30436 E baseline.com.newsblur.network.APIResponse: 	at okhttp3.internal.http.RetryAndFollowUpInterceptor.intercept(RetryAndFollowUpInterceptor.java:88)
08-05 19:16:17.109 29587 30436 E baseline.com.newsblur.network.APIResponse: 	at okhttp3.internal.http.RealInterceptorChain.proceed(RealInterceptorChain.java:142)
08-05 19:16:17.109 29587 30436 E baseline.com.newsblur.network.APIResponse: 	at okhttp3.internal.http.RealInterceptorChain.proceed(RealInterceptorChain.java:117)
08-05 19:16:17.109 29587 30436 E baseline.com.newsblur.network.APIResponse: 	at okhttp3.RealCall.getResponseWithInterceptorChain(RealCall.java:229)
08-05 19:16:17.109 29587 30436 E baseline.com.newsblur.network.APIResponse: 	at okhttp3.RealCall.execute(RealCall.java:81)
08-05 19:16:17.109 29587 30436 E baseline.com.newsblur.network.APIResponse: 	at baseline.com.newsblur.network.APIResponse.<init>(APIResponse.java:57)
08-05 19:16:17.109 29587 30436 E baseline.com.newsblur.network.APIResponse: 	at baseline.com.newsblur.network.APIResponse.<init>(APIResponse.java:43)
08-05 19:16:17.109 29587 30436 E baseline.com.newsblur.network.APIResponse: 	at baseline.com.newsblur.network.APIManager.post_single(APIManager.java:702)
08-05 19:16:17.109 29587 30436 E baseline.com.newsblur.network.APIResponse: 	at baseline.com.newsblur.network.APIManager.post(APIManager.java:675)
08-05 19:16:17.109 29587 30436 E baseline.com.newsblur.network.APIResponse: 	at baseline.com.newsblur.network.APIManager.post(APIManager.java:714)
08-05 19:16:17.109 29587 30436 E baseline.com.newsblur.network.APIResponse: 	at baseline.com.newsblur.network.APIManager.markStoryAsRead(APIManager.java:205)
08-05 19:16:17.109 29587 30436 E baseline.com.newsblur.network.APIResponse: 	at baseline.com.newsblur.util.ReadingAction.doRemote(ReadingAction.java:281)
08-05 19:16:17.109 29587 30436 E baseline.com.newsblur.network.APIResponse: 	at baseline.com.newsblur.service.NBSyncService.syncActions(NBSyncService.java:400)
08-05 19:16:17.109 29587 30436 E baseline.com.newsblur.network.APIResponse: 	at baseline.com.newsblur.service.NBSyncService.doSync(NBSyncService.java:298)
08-05 19:16:17.109 29587 30436 E baseline.com.newsblur.network.APIResponse: 	at baseline.com.newsblur.service.NBSyncService.access$100(NBSyncService.java:67)
08-05 19:16:17.109 29587 30436 E baseline.com.newsblur.network.APIResponse: 	at baseline.com.newsblur.service.NBSyncService$1.run(NBSyncService.java:188)
08-05 19:16:17.109 29587 30436 E baseline.com.newsblur.network.APIResponse: 	at java.util.concurrent.ThreadPoolExecutor.runWorker(ThreadPoolExecutor.java:1113)
08-05 19:16:17.109 29587 30436 E baseline.com.newsblur.network.APIResponse: 	at java.util.concurrent.ThreadPoolExecutor$Worker.run(ThreadPoolExecutor.java:588)
08-05 19:16:17.109 29587 30436 E baseline.com.newsblur.network.APIResponse: 	at java.lang.Thread.run(Thread.java:818)
08-05 19:16:17.109 29587 30436 E baseline.com.newsblur.network.APIResponse: Caused by: java.io.EOFException: \n not found: limit=0 content=
08-05 19:16:17.109 29587 30436 E baseline.com.newsblur.network.APIResponse: 	at okio.RealBufferedSource.readUtf8LineStrict(RealBufferedSource.java:240)
08-05 19:16:17.109 29587 30436 E baseline.com.newsblur.network.APIResponse: 	at okhttp3.internal.http1.Http1ExchangeCodec.readHeaderLine(Http1ExchangeCodec.java:242)
08-05 19:16:17.109 29587 30436 E baseline.com.newsblur.network.APIResponse: 	at okhttp3.internal.http1.Http1ExchangeCodec.readResponseHeaders(Http1ExchangeCodec.java:213)
08-05 19:16:17.109 29587 30436 E baseline.com.newsblur.network.APIResponse: 	... 30 more
08-05 19:16:17.110 29587 30436 I baseline.com.newsblur.network.APIManager: API call failed, pausing before retry number 1
08-05 19:16:17.112 30537 30537 I Input   : injectKeyEvent: KeyEvent { action=ACTION_UP, keyCode=KEYCODE_BACK, scanCode=0, metaState=0, flags=0x0, repeatCount=0, eventTime=818193518, downTime=818193518, deviceId=-1, source=0x101 }
08-05 19:16:17.119 30537 30537 D AndroidRuntime: Shutting down VM
08-05 19:16:17.242 29587 29599 I art     : Starting a blocking GC Explicit
08-05 19:16:17.298 29587 29599 I art     : Explicit concurrent mark sweep GC freed 6210(550KB) AllocSpace objects, 10(200KB) LOS objects, 29% free, 37MB/53MB, paused 2.426ms total 55.338ms
08-05 19:16:17.316 29587 29599 I art     : Starting a blocking GC Explicit
08-05 19:16:17.367 29587 29599 I art     : Explicit concurrent mark sweep GC freed 6025(386KB) AllocSpace objects, 5(100KB) LOS objects, 29% free, 37MB/53MB, paused 1.956ms total 51.213ms
08-05 19:16:17.372 13866 13866 I GoogleInputMethodServic: GoogleInputMethodService.onFinishInput():3138 
08-05 19:16:17.372 13866 13866 I GoogleInputMethodServic: GoogleInputMethodService.onStartInput():1808 
08-05 19:16:17.385 29587 29599 I art     : Starting a blocking GC Explicit
08-05 19:16:17.436 29587 29599 I art     : Explicit concurrent mark sweep GC freed 174(6KB) AllocSpace objects, 0(0B) LOS objects, 29% free, 37MB/53MB, paused 1.879ms total 50.976ms
08-05 19:16:17.452 29587 29599 I art     : Starting a blocking GC Explicit
08-05 19:16:17.500 29587 29599 I art     : Explicit concurrent mark sweep GC freed 83(3KB) AllocSpace objects, 0(0B) LOS objects, 29% free, 37MB/53MB, paused 1.867ms total 46.936ms
08-05 19:16:17.510 24043 24043 I ServiceManager: Waiting for service AtCmdFwd...
08-05 19:16:17.517 29587 29599 I art     : Starting a blocking GC Explicit
08-05 19:16:17.568 29587 29599 I art     : Explicit concurrent mark sweep GC freed 3(96B) AllocSpace objects, 0(0B) LOS objects, 29% free, 37MB/53MB, paused 1.891ms total 49.925ms
08-05 19:16:17.926 29587 29808 I art     : Starting a blocking GC Explicit
08-05 19:16:17.972 29587 29808 I art     : Explicit concurrent mark sweep GC freed 1913(103KB) AllocSpace objects, 1(20KB) LOS objects, 29% free, 37MB/53MB, paused 1.782ms total 45.077ms
08-05 19:16:17.988 29587 29808 I art     : Starting a blocking GC Explicit
08-05 19:16:18.033 29587 29808 I art     : Explicit concurrent mark sweep GC freed 166(7KB) AllocSpace objects, 0(0B) LOS objects, 29% free, 37MB/53MB, paused 1.678ms total 44.335ms
08-05 19:16:18.049 29587 29808 I art     : Starting a blocking GC Explicit
08-05 19:16:18.095 29587 29808 I art     : Explicit concurrent mark sweep GC freed 11(352B) AllocSpace objects, 0(0B) LOS objects, 29% free, 37MB/53MB, paused 1.746ms total 45.890ms
08-05 19:16:18.112 29587 29808 I art     : Starting a blocking GC Explicit
08-05 19:16:18.158 29587 29808 I art     : Explicit concurrent mark sweep GC freed 11(352B) AllocSpace objects, 0(0B) LOS objects, 29% free, 37MB/53MB, paused 1.984ms total 46.237ms
08-05 19:16:18.176 29587 29808 I art     : Starting a blocking GC Explicit
08-05 19:16:18.224 29587 29808 I art     : Explicit concurrent mark sweep GC freed 11(352B) AllocSpace objects, 0(0B) LOS objects, 29% free, 37MB/53MB, paused 1.837ms total 47.674ms
08-05 19:16:18.510 24043 24043 I ServiceManager: Waiting for service AtCmdFwd...
08-05 19:16:18.593 29587 29598 I art     : Starting a blocking GC Explicit
08-05 19:16:18.648 29587 29598 I art     : Explicit concurrent mark sweep GC freed 1577(87KB) AllocSpace objects, 1(20KB) LOS objects, 29% free, 37MB/53MB, paused 2.454ms total 54.540ms
08-05 19:16:18.667 29587 29598 I art     : Waiting for a blocking GC Explicit
08-05 19:16:18.667 29587 29598 I art     : Starting a blocking GC Explicit
08-05 19:16:18.715 29587 29598 I art     : Explicit concurrent mark sweep GC freed 101(5KB) AllocSpace objects, 0(0B) LOS objects, 29% free, 37MB/53MB, paused 1.931ms total 47.415ms
08-05 19:16:18.734 29587 29598 I art     : Starting a blocking GC Explicit
08-05 19:16:18.785 29587 29598 I art     : Explicit concurrent mark sweep GC freed 18(1600B) AllocSpace objects, 0(0B) LOS objects, 29% free, 37MB/53MB, paused 1.971ms total 50.947ms
08-05 19:16:18.804 29587 29598 I art     : Starting a blocking GC Explicit
08-05 19:16:18.853 29587 29598 I art     : Explicit concurrent mark sweep GC freed 4(128B) AllocSpace objects, 0(0B) LOS objects, 29% free, 37MB/53MB, paused 2.019ms total 48.974ms
08-05 19:16:18.872 29587 29598 I art     : Starting a blocking GC Explicit
08-05 19:16:18.924 29587 29598 I art     : Explicit concurrent mark sweep GC freed 3(96B) AllocSpace objects, 0(0B) LOS objects, 29% free, 37MB/53MB, paused 2.106ms total 51.550ms
08-05 19:16:19.032 30578 30578 D AndroidRuntime: >>>>>> START com.android.internal.os.RuntimeInit uid 2000 <<<<<<
08-05 19:16:19.038 30578 30578 D AndroidRuntime: CheckJNI is OFF
08-05 19:16:19.098 30578 30578 D ICU     : No timezone override file found: /data/misc/zoneinfo/current/icu/icu_tzdata.dat
08-05 19:16:19.151 30578 30578 I Radio-JNI: register_android_hardware_Radio DONE
08-05 19:16:19.161 29587 30436 E baseline.com.newsblur.network.APIResponse: Error (unexpected end of stream on https://www.newsblur.com/...) calling https://www.newsblur.com/reader/mark_story_hashes_as_read/
08-05 19:16:19.161 29587 30436 E baseline.com.newsblur.network.APIResponse: java.io.IOException: unexpected end of stream on https://www.newsblur.com/...
08-05 19:16:19.161 29587 30436 E baseline.com.newsblur.network.APIResponse: 	at okhttp3.internal.http1.Http1ExchangeCodec.readResponseHeaders(Http1ExchangeCodec.java:236)
08-05 19:16:19.161 29587 30436 E baseline.com.newsblur.network.APIResponse: 	at okhttp3.internal.connection.Exchange.readResponseHeaders(Exchange.java:115)
08-05 19:16:19.161 29587 30436 E baseline.com.newsblur.network.APIResponse: 	at okhttp3.internal.http.CallServerInterceptor.intercept(CallServerInterceptor.java:94)
08-05 19:16:19.161 29587 30436 E baseline.com.newsblur.network.APIResponse: 	at okhttp3.internal.http.RealInterceptorChain.proceed(RealInterceptorChain.java:142)
08-05 19:16:19.161 29587 30436 E baseline.com.newsblur.network.APIResponse: 	at okhttp3.internal.connection.ConnectInterceptor.intercept(ConnectInterceptor.java:43)
08-05 19:16:19.161 29587 30436 E baseline.com.newsblur.network.APIResponse: 	at okhttp3.internal.http.RealInterceptorChain.proceed(RealInterceptorChain.java:142)
08-05 19:16:19.161 29587 30436 E baseline.com.newsblur.network.APIResponse: 	at okhttp3.internal.http.RealInterceptorChain.proceed(RealInterceptorChain.java:117)
08-05 19:16:19.161 29587 30436 E baseline.com.newsblur.network.APIResponse: 	at okhttp3.internal.cache.CacheInterceptor.intercept(CacheInterceptor.java:94)
08-05 19:16:19.161 29587 30436 E baseline.com.newsblur.network.APIResponse: 	at okhttp3.internal.http.RealInterceptorChain.proceed(RealInterceptorChain.java:142)
08-05 19:16:19.161 29587 30436 E baseline.com.newsblur.network.APIResponse: 	at okhttp3.internal.http.RealInterceptorChain.proceed(RealInterceptorChain.java:117)
08-05 19:16:19.161 29587 30436 E baseline.com.newsblur.network.APIResponse: 	at okhttp3.internal.http.BridgeInterceptor.intercept(BridgeInterceptor.java:93)
08-05 19:16:19.161 29587 30436 E baseline.com.newsblur.network.APIResponse: 	at okhttp3.internal.http.RealInterceptorChain.proceed(RealInterceptorChain.java:142)
08-05 19:16:19.161 29587 30436 E baseline.com.newsblur.network.APIResponse: 	at okhttp3.internal.http.RetryAndFollowUpInterceptor.intercept(RetryAndFollowUpInterceptor.java:88)
08-05 19:16:19.161 29587 30436 E baseline.com.newsblur.network.APIResponse: 	at okhttp3.internal.http.RealInterceptorChain.proceed(RealInterceptorChain.java:142)
08-05 19:16:19.161 29587 30436 E baseline.com.newsblur.network.APIResponse: 	at okhttp3.internal.http.RealInterceptorChain.proceed(RealInterceptorChain.java:117)
08-05 19:16:19.161 29587 30436 E baseline.com.newsblur.network.APIResponse: 	at okhttp3.RealCall.getResponseWithInterceptorChain(RealCall.java:229)
08-05 19:16:19.161 29587 30436 E baseline.com.newsblur.network.APIResponse: 	at okhttp3.RealCall.execute(RealCall.java:81)
08-05 19:16:19.161 29587 30436 E baseline.com.newsblur.network.APIResponse: 	at baseline.com.newsblur.network.APIResponse.<init>(APIResponse.java:57)
08-05 19:16:19.161 29587 30436 E baseline.com.newsblur.network.APIResponse: 	at baseline.com.newsblur.network.APIResponse.<init>(APIResponse.java:43)
08-05 19:16:19.161 29587 30436 E baseline.com.newsblur.network.APIResponse: 	at baseline.com.newsblur.network.APIManager.post_single(APIManager.java:702)
08-05 19:16:19.161 29587 30436 E baseline.com.newsblur.network.APIResponse: 	at baseline.com.newsblur.network.APIManager.post(APIManager.java:675)
08-05 19:16:19.161 29587 30436 E baseline.com.newsblur.network.APIResponse: 	at baseline.com.newsblur.network.APIManager.post(APIManager.java:714)
08-05 19:16:19.161 29587 30436 E baseline.com.newsblur.network.APIResponse: 	at baseline.com.newsblur.network.APIManager.markStoryAsRead(APIManager.java:205)
08-05 19:16:19.161 29587 30436 E baseline.com.newsblur.network.APIResponse: 	at baseline.com.newsblur.util.ReadingAction.doRemote(ReadingAction.java:281)
08-05 19:16:19.161 29587 30436 E baseline.com.newsblur.network.APIResponse: 	at baseline.com.newsblur.service.NBSyncService.syncActions(NBSyncService.java:400)
08-05 19:16:19.161 29587 30436 E baseline.com.newsblur.network.APIResponse: 	at baseline.com.newsblur.service.NBSyncService.doSync(NBSyncService.java:298)
08-05 19:16:19.161 29587 30436 E baseline.com.newsblur.network.APIResponse: 	at baseline.com.newsblur.service.NBSyncService.access$100(NBSyncService.java:67)
08-05 19:16:19.161 29587 30436 E baseline.com.newsblur.network.APIResponse: 	at baseline.com.newsblur.service.NBSyncService$1.run(NBSyncService.java:188)
08-05 19:16:19.161 29587 30436 E baseline.com.newsblur.network.APIResponse: 	at java.util.concurrent.ThreadPoolExecutor.runWorker(ThreadPoolExecutor.java:1113)
08-05 19:16:19.161 29587 30436 E baseline.com.newsblur.network.APIResponse: 	at java.util.concurrent.ThreadPoolExecutor$Worker.run(ThreadPoolExecutor.java:588)
08-05 19:16:19.161 29587 30436 E baseline.com.newsblur.network.APIResponse: 	at java.lang.Thread.run(Thread.java:818)
08-05 19:16:19.161 29587 30436 E baseline.com.newsblur.network.APIResponse: Caused by: java.io.EOFException: \n not found: limit=0 content=
08-05 19:16:19.161 29587 30436 E baseline.com.newsblur.network.APIResponse: 	at okio.RealBufferedSource.readUtf8LineStrict(RealBufferedSource.java:240)
08-05 19:16:19.161 29587 30436 E baseline.com.newsblur.network.APIResponse: 	at okhttp3.internal.http1.Http1ExchangeCodec.readHeaderLine(Http1ExchangeCodec.java:242)
08-05 19:16:19.161 29587 30436 E baseline.com.newsblur.network.APIResponse: 	at okhttp3.internal.http1.Http1ExchangeCodec.readResponseHeaders(Http1ExchangeCodec.java:213)
08-05 19:16:19.161 29587 30436 E baseline.com.newsblur.network.APIResponse: 	... 30 more
08-05 19:16:19.162 29587 30436 I baseline.com.newsblur.network.APIManager: API call failed, pausing before retry number 2
08-05 19:16:19.183 30578 30578 D AndroidRuntime: Calling main entry com.android.commands.input.Input
08-05 19:16:19.186 30578 30578 I Input   : injectMotionEvent: MotionEvent { action=ACTION_DOWN, actionButton=0, id[0]=0, x[0]=594.0, y[0]=330.0, toolType[0]=TOOL_TYPE_UNKNOWN, buttonState=0, metaState=0, flags=0x0, edgeFlags=0x0, pointerCount=1, historySize=0, eventTime=818195598, downTime=818195598, deviceId=0, source=0x1002 }
08-05 19:16:19.190 30578 30578 I Input   : injectMotionEvent: MotionEvent { action=ACTION_UP, actionButton=0, id[0]=0, x[0]=594.0, y[0]=330.0, toolType[0]=TOOL_TYPE_UNKNOWN, buttonState=0, metaState=0, flags=0x0, edgeFlags=0x0, pointerCount=1, historySize=0, eventTime=818195598, downTime=818195598, deviceId=0, source=0x1002 }
08-05 19:16:19.193 30578 30578 D AndroidRuntime: Shutting down VM
08-05 19:16:19.260   918  5132 I ActivityManager: START u0 {cmp=baseline.com.newsblur/.activity.GlobalSharedStoriesItemsList (has extras)} from uid 10676 on display 0
08-05 19:16:19.290 29587 30134 I baseline.com.newsblur.database.BlurDatabaseHelper: reading session reset
08-05 19:16:19.307 29587 30376 I art     : Starting a blocking GC Explicit
08-05 19:16:19.363 29587 30376 I art     : Explicit concurrent mark sweep GC freed 5781(527KB) AllocSpace objects, 8(252KB) LOS objects, 29% free, 37MB/53MB, paused 2.001ms total 54.797ms
08-05 19:16:19.380 29587 30376 I art     : Starting a blocking GC Explicit
08-05 19:16:19.432 29587 30376 I art     : Explicit concurrent mark sweep GC freed 359(17KB) AllocSpace objects, 0(0B) LOS objects, 29% free, 37MB/53MB, paused 2.104ms total 50.875ms
08-05 19:16:19.450 29587 30376 I art     : Starting a blocking GC Explicit
08-05 19:16:19.505 29587 30376 I art     : Explicit concurrent mark sweep GC freed 554(43KB) AllocSpace objects, 1(20KB) LOS objects, 29% free, 37MB/53MB, paused 1.998ms total 54.345ms
08-05 19:16:19.511 24043 24043 W Atfwd_Sendcmd: AtCmdFwd service not published, waiting... retryCnt : 2
08-05 19:16:19.525 29587 30376 I art     : Starting a blocking GC Explicit
08-05 19:16:19.530 29587 29587 W View    : requestLayout() improperly called by android.widget.FrameLayout{bce5736 V.E...... ......ID 0,0-1440,18 #7f07003f app:id/footer_view_inner} during layout: running second layout pass
08-05 19:16:19.531 29587 29587 W View    : requestLayout() improperly called by android.widget.FrameLayout{f31c637 V.E...... ......ID 0,0-1440,2091 #7f07003f app:id/footer_view_inner} during layout: running second layout pass
08-05 19:16:19.554 13866 13866 I GoogleInputMethodServic: GoogleInputMethodService.onFinishInput():3138 
08-05 19:16:19.555   918   936 I ActivityManager: Displayed baseline.com.newsblur/.activity.GlobalSharedStoriesItemsList: +284ms
08-05 19:16:19.573 13866 13866 I GoogleInputMethodServic: GoogleInputMethodService.onStartInput():1808 
08-05 19:16:19.582 29587 30376 I art     : Explicit concurrent mark sweep GC freed 567(47KB) AllocSpace objects, 2(40KB) LOS objects, 29% free, 37MB/53MB, paused 2.570ms total 56.830ms
08-05 19:16:19.603 29587 30376 I art     : Starting a blocking GC Explicit
08-05 19:16:19.660 29587 30376 I art     : Explicit concurrent mark sweep GC freed 1231(75KB) AllocSpace objects, 5(100KB) LOS objects, 29% free, 37MB/53MB, paused 2.608ms total 56.280ms
08-05 19:16:19.751 29587 30612 I NAPPA_EXPERIMENTATION: MetricNetworkRequestExecutionTime: REQUEST_DURATION_SYSTEM='108',REQUEST_DURATION_OKHTTP='108',REQUEST_SYNCHRONOUS='TRUE',RESPONSE_CODE='200',RESPONSE_METHOD='GET',RESPONSE_LENGTH_OKHTTP='43',RESPONSE_LENGTH_HEADER='43',REQUEST_PROTOCOL='http/1.1',REQUEST_URL='http://feeds.feedburner.com/~r/retort/~4/UffaFMiJbNs',
08-05 19:16:20.038 29587 30376 I art     : Starting a blocking GC Explicit
08-05 19:16:20.094 29587 30376 I art     : Explicit concurrent mark sweep GC freed 2259(148KB) AllocSpace objects, 3(60KB) LOS objects, 29% free, 37MB/53MB, paused 2.007ms total 56.150ms
08-05 19:16:20.113 29587 30376 I art     : Starting a blocking GC Explicit
08-05 19:16:20.170 29587 30376 I art     : Explicit concurrent mark sweep GC freed 47(1808B) AllocSpace objects, 0(0B) LOS objects, 29% free, 37MB/53MB, paused 1.878ms total 55.927ms
08-05 19:16:20.189 29587 30376 I art     : Starting a blocking GC Explicit
08-05 19:16:20.246 29587 30376 I art     : Explicit concurrent mark sweep GC freed 3(96B) AllocSpace objects, 0(0B) LOS objects, 29% free, 37MB/53MB, paused 1.937ms total 56.460ms
08-05 19:16:20.269 29587 30376 I art     : Starting a blocking GC Explicit
08-05 19:16:20.324 29587 30376 I art     : Explicit concurrent mark sweep GC freed 3(96B) AllocSpace objects, 0(0B) LOS objects, 29% free, 37MB/53MB, paused 2.153ms total 54.407ms
08-05 19:16:20.343 29587 30376 I art     : Starting a blocking GC Explicit
08-05 19:16:20.400 29587 30376 I art     : Explicit concurrent mark sweep GC freed 3(96B) AllocSpace objects, 0(0B) LOS objects, 29% free, 37MB/53MB, paused 2.199ms total 56.508ms
08-05 19:16:20.799 29587 29808 I art     : Starting a blocking GC Explicit
08-05 19:16:20.866 29587 29808 I art     : Explicit concurrent mark sweep GC freed 1463(83KB) AllocSpace objects, 1(20KB) LOS objects, 29% free, 37MB/53MB, paused 3.080ms total 66.796ms
08-05 19:16:20.887 29587 29808 I art     : Starting a blocking GC Explicit
08-05 19:16:20.949 29587 29808 I art     : Explicit concurrent mark sweep GC freed 29(1008B) AllocSpace objects, 0(0B) LOS objects, 29% free, 37MB/53MB, paused 3.139ms total 62.212ms
08-05 19:16:20.968 29587 29808 I art     : Starting a blocking GC Explicit
08-05 19:16:21.023 29587 29808 I art     : Explicit concurrent mark sweep GC freed 3(96B) AllocSpace objects, 0(0B) LOS objects, 29% free, 37MB/53MB, paused 2.046ms total 54.801ms
08-05 19:16:21.042 29587 29808 I art     : Starting a blocking GC Explicit
08-05 19:16:21.099 29587 29808 I art     : Explicit concurrent mark sweep GC freed 3(96B) AllocSpace objects, 0(0B) LOS objects, 29% free, 37MB/53MB, paused 2.242ms total 57.086ms
08-05 19:16:21.119 29587 29808 I art     : Starting a blocking GC Explicit
08-05 19:16:21.176 29587 29808 I art     : Explicit concurrent mark sweep GC freed 3(96B) AllocSpace objects, 0(0B) LOS objects, 29% free, 37MB/53MB, paused 2.119ms total 57.236ms
08-05 19:16:21.570 29587 30376 I art     : Starting a blocking GC Explicit
08-05 19:16:21.629 29587 30376 I art     : Explicit concurrent mark sweep GC freed 1440(82KB) AllocSpace objects, 1(20KB) LOS objects, 29% free, 37MB/53MB, paused 2.258ms total 58.802ms
08-05 19:16:21.649 29587 30376 I art     : Starting a blocking GC Explicit
08-05 19:16:21.706 29587 30376 I art     : Explicit concurrent mark sweep GC freed 22(784B) AllocSpace objects, 0(0B) LOS objects, 29% free, 37MB/53MB, paused 2.088ms total 57.214ms
08-05 19:16:21.726 29587 30376 I art     : Starting a blocking GC Explicit
08-05 19:16:21.783 29587 30376 I art     : Explicit concurrent mark sweep GC freed 3(96B) AllocSpace objects, 0(0B) LOS objects, 29% free, 37MB/53MB, paused 2.010ms total 56.762ms
08-05 19:16:21.802 29587 30376 I art     : Starting a blocking GC Explicit
08-05 19:16:21.860 29587 30376 I art     : Explicit concurrent mark sweep GC freed 3(96B) AllocSpace objects, 0(0B) LOS objects, 29% free, 37MB/53MB, paused 2.325ms total 57.595ms
08-05 19:16:21.881 29587 30376 I art     : Starting a blocking GC Explicit
08-05 19:16:21.937 29587 30376 I art     : Explicit concurrent mark sweep GC freed 3(96B) AllocSpace objects, 0(0B) LOS objects, 29% free, 37MB/53MB, paused 1.941ms total 54.876ms
08-05 19:16:22.342 29587 29599 I art     : Starting a blocking GC Explicit
08-05 19:16:22.401 29587 29599 I art     : Explicit concurrent mark sweep GC freed 1605(92KB) AllocSpace objects, 1(20KB) LOS objects, 29% free, 37MB/53MB, paused 2.108ms total 58.257ms
08-05 19:16:22.421 29587 29599 I art     : Starting a blocking GC Explicit
08-05 19:16:22.439   518   646 I ThermalEngine: ACTION: GPU - Setting GPU[0] to 450000000
08-05 19:16:22.471 29587 29599 I art     : Explicit concurrent mark sweep GC freed 28(1040B) AllocSpace objects, 0(0B) LOS objects, 29% free, 37MB/53MB, paused 1.417ms total 49.524ms
08-05 19:16:22.484 29587 29599 I art     : Starting a blocking GC Explicit
08-05 19:16:22.531 29587 29599 I art     : Explicit concurrent mark sweep GC freed 3(96B) AllocSpace objects, 0(0B) LOS objects, 29% free, 37MB/53MB, paused 1.440ms total 46.165ms
08-05 19:16:22.544 29587 29599 I art     : Starting a blocking GC Explicit
08-05 19:16:22.589 29587 29599 I art     : Explicit concurrent mark sweep GC freed 3(96B) AllocSpace objects, 0(0B) LOS objects, 29% free, 37MB/53MB, paused 1.362ms total 45.423ms
08-05 19:16:22.603 29587 29599 I art     : Starting a blocking GC Explicit
08-05 19:16:22.652 29587 29599 I art     : Explicit concurrent mark sweep GC freed 3(96B) AllocSpace objects, 0(0B) LOS objects, 29% free, 37MB/53MB, paused 1.491ms total 49.418ms
08-05 19:16:22.768 29587 30436 E baseline.com.newsblur.network.APIResponse: Error (unexpected end of stream on https://www.newsblur.com/...) calling https://www.newsblur.com/reader/mark_story_hashes_as_read/
08-05 19:16:22.768 29587 30436 E baseline.com.newsblur.network.APIResponse: java.io.IOException: unexpected end of stream on https://www.newsblur.com/...
08-05 19:16:22.768 29587 30436 E baseline.com.newsblur.network.APIResponse: 	at okhttp3.internal.http1.Http1ExchangeCodec.readResponseHeaders(Http1ExchangeCodec.java:236)
08-05 19:16:22.768 29587 30436 E baseline.com.newsblur.network.APIResponse: 	at okhttp3.internal.connection.Exchange.readResponseHeaders(Exchange.java:115)
08-05 19:16:22.768 29587 30436 E baseline.com.newsblur.network.APIResponse: 	at okhttp3.internal.http.CallServerInterceptor.intercept(CallServerInterceptor.java:94)
08-05 19:16:22.768 29587 30436 E baseline.com.newsblur.network.APIResponse: 	at okhttp3.internal.http.RealInterceptorChain.proceed(RealInterceptorChain.java:142)
08-05 19:16:22.768 29587 30436 E baseline.com.newsblur.network.APIResponse: 	at okhttp3.internal.connection.ConnectInterceptor.intercept(ConnectInterceptor.java:43)
08-05 19:16:22.768 29587 30436 E baseline.com.newsblur.network.APIResponse: 	at okhttp3.internal.http.RealInterceptorChain.proceed(RealInterceptorChain.java:142)
08-05 19:16:22.768 29587 30436 E baseline.com.newsblur.network.APIResponse: 	at okhttp3.internal.http.RealInterceptorChain.proceed(RealInterceptorChain.java:117)
08-05 19:16:22.768 29587 30436 E baseline.com.newsblur.network.APIResponse: 	at okhttp3.internal.cache.CacheInterceptor.intercept(CacheInterceptor.java:94)
08-05 19:16:22.768 29587 30436 E baseline.com.newsblur.network.APIResponse: 	at okhttp3.internal.http.RealInterceptorChain.proceed(RealInterceptorChain.java:142)
08-05 19:16:22.768 29587 30436 E baseline.com.newsblur.network.APIResponse: 	at okhttp3.internal.http.RealInterceptorChain.proceed(RealInterceptorChain.java:117)
08-05 19:16:22.768 29587 30436 E baseline.com.newsblur.network.APIResponse: 	at okhttp3.internal.http.BridgeInterceptor.intercept(BridgeInterceptor.java:93)
08-05 19:16:22.768 29587 30436 E baseline.com.newsblur.network.APIResponse: 	at okhttp3.internal.http.RealInterceptorChain.proceed(RealInterceptorChain.java:142)
08-05 19:16:22.768 29587 30436 E baseline.com.newsblur.network.APIResponse: 	at okhttp3.internal.http.RetryAndFollowUpInterceptor.intercept(RetryAndFollowUpInterceptor.java:88)
08-05 19:16:22.768 29587 30436 E baseline.com.newsblur.network.APIResponse: 	at okhttp3.internal.http.RealInterceptorChain.proceed(RealInterceptorChain.java:142)
08-05 19:16:22.768 29587 30436 E baseline.com.newsblur.network.APIResponse: 	at okhttp3.internal.http.RealInterceptorChain.proceed(RealInterceptorChain.java:117)
08-05 19:16:22.768 29587 30436 E baseline.com.newsblur.network.APIResponse: 	at okhttp3.RealCall.getResponseWithInterceptorChain(RealCall.java:229)
08-05 19:16:22.768 29587 30436 E baseline.com.newsblur.network.APIResponse: 	at okhttp3.RealCall.execute(RealCall.java:81)
08-05 19:16:22.768 29587 30436 E baseline.com.newsblur.network.APIResponse: 	at baseline.com.newsblur.network.APIResponse.<init>(APIResponse.java:57)
08-05 19:16:22.768 29587 30436 E baseline.com.newsblur.network.APIResponse: 	at baseline.com.newsblur.network.APIResponse.<init>(APIResponse.java:43)
08-05 19:16:22.768 29587 30436 E baseline.com.newsblur.network.APIResponse: 	at baseline.com.newsblur.network.APIManager.post_single(APIManager.java:702)
08-05 19:16:22.768 29587 30436 E baseline.com.newsblur.network.APIResponse: 	at baseline.com.newsblur.network.APIManager.post(APIManager.java:675)
08-05 19:16:22.768 29587 30436 E baseline.com.newsblur.network.APIResponse: 	at baseline.com.newsblur.network.APIManager.post(APIManager.java:714)
08-05 19:16:22.768 29587 30436 E baseline.com.newsblur.network.APIResponse: 	at baseline.com.newsblur.network.APIManager.markStoryAsRead(APIManager.java:205)
08-05 19:16:22.768 29587 30436 E baseline.com.newsblur.network.APIResponse: 	at baseline.com.newsblur.util.ReadingAction.doRemote(ReadingAction.java:281)
08-05 19:16:22.768 29587 30436 E baseline.com.newsblur.network.APIResponse: 	at baseline.com.newsblur.service.NBSyncService.syncActions(NBSyncService.java:400)
08-05 19:16:22.768 29587 30436 E baseline.com.newsblur.network.APIResponse: 	at baseline.com.newsblur.service.NBSyncService.doSync(NBSyncService.java:298)
08-05 19:16:22.768 29587 30436 E baseline.com.newsblur.network.APIResponse: 	at baseline.com.newsblur.service.NBSyncService.access$100(NBSyncService.java:67)
08-05 19:16:22.768 29587 30436 E baseline.com.newsblur.network.APIResponse: 	at baseline.com.newsblur.service.NBSyncService$1.run(NBSyncService.java:188)
08-05 19:16:22.768 29587 30436 E baseline.com.newsblur.network.APIResponse: 	at java.util.concurrent.ThreadPoolExecutor.runWorker(ThreadPoolExecutor.java:1113)
08-05 19:16:22.768 29587 30436 E baseline.com.newsblur.network.APIResponse: 	at java.util.concurrent.ThreadPoolExecutor$Worker.run(ThreadPoolExecutor.java:588)
08-05 19:16:22.768 29587 30436 E baseline.com.newsblur.network.APIResponse: 	at java.lang.Thread.run(Thread.java:818)
08-05 19:16:22.768 29587 30436 E baseline.com.newsblur.network.APIResponse: Caused by: java.io.EOFException: \n not found: limit=0 content=
08-05 19:16:22.768 29587 30436 E baseline.com.newsblur.network.APIResponse: 	at okio.RealBufferedSource.readUtf8LineStrict(RealBufferedSource.java:240)
08-05 19:16:22.768 29587 30436 E baseline.com.newsblur.network.APIResponse: 	at okhttp3.internal.http1.Http1ExchangeCodec.readHeaderLine(Http1ExchangeCodec.java:242)
08-05 19:16:22.768 29587 30436 E baseline.com.newsblur.network.APIResponse: 	at okhttp3.internal.http1.Http1ExchangeCodec.readResponseHeaders(Http1ExchangeCodec.java:213)
08-05 19:16:22.768 29587 30436 E baseline.com.newsblur.network.APIResponse: 	... 30 more
08-05 19:16:22.770 29587 30436 I baseline.com.newsblur.service.NBSyncService: Holding reading action with server-side or network error.
08-05 19:16:22.790 29587 30436 W baseline.com.newsblur.service.NBSyncService: hard API failure
08-05 19:16:22.802 29587 30436 I baseline.com.newsblur.service.NBSyncService: recounting dirty feed sets: 1
08-05 19:16:23.024 29587 29598 I art     : Starting a blocking GC Explicit
08-05 19:16:23.075 29587 29598 I art     : Explicit concurrent mark sweep GC freed 4768(428KB) AllocSpace objects, 5(100KB) LOS objects, 29% free, 37MB/53MB, paused 1.412ms total 50.250ms
08-05 19:16:23.089 29587 29598 I art     : Starting a blocking GC Explicit
08-05 19:16:23.137 29587 29598 I art     : Explicit concurrent mark sweep GC freed 282(10KB) AllocSpace objects, 0(0B) LOS objects, 29% free, 37MB/53MB, paused 1.447ms total 47.688ms
08-05 19:16:23.150 29587 29598 I art     : Starting a blocking GC Explicit
08-05 19:16:23.196 29587 29598 I art     : Explicit concurrent mark sweep GC freed 3(96B) AllocSpace objects, 0(0B) LOS objects, 29% free, 37MB/53MB, paused 1.439ms total 46.036ms
08-05 19:16:23.209 29587 29598 I art     : Starting a blocking GC Explicit
08-05 19:16:23.256 29587 29598 I art     : Explicit concurrent mark sweep GC freed 1598(63KB) AllocSpace objects, 0(0B) LOS objects, 29% free, 37MB/53MB, paused 1.456ms total 47.171ms
08-05 19:16:23.270 29587 29598 I art     : Starting a blocking GC Explicit
08-05 19:16:23.274 29587 30436 E baseline.com.newsblur.network.APIResponse: Error (unexpected end of stream on https://www.newsblur.com/...) calling https://www.newsblur.com/reader/feed_unread_count?feed_id=0
08-05 19:16:23.274 29587 30436 E baseline.com.newsblur.network.APIResponse: java.io.IOException: unexpected end of stream on https://www.newsblur.com/...
08-05 19:16:23.274 29587 30436 E baseline.com.newsblur.network.APIResponse: 	at okhttp3.internal.http1.Http1ExchangeCodec.readResponseHeaders(Http1ExchangeCodec.java:236)
08-05 19:16:23.274 29587 30436 E baseline.com.newsblur.network.APIResponse: 	at okhttp3.internal.connection.Exchange.readResponseHeaders(Exchange.java:115)
08-05 19:16:23.274 29587 30436 E baseline.com.newsblur.network.APIResponse: 	at okhttp3.internal.http.CallServerInterceptor.intercept(CallServerInterceptor.java:94)
08-05 19:16:23.274 29587 30436 E baseline.com.newsblur.network.APIResponse: 	at okhttp3.internal.http.RealInterceptorChain.proceed(RealInterceptorChain.java:142)
08-05 19:16:23.274 29587 30436 E baseline.com.newsblur.network.APIResponse: 	at okhttp3.internal.connection.ConnectInterceptor.intercept(ConnectInterceptor.java:43)
08-05 19:16:23.274 29587 30436 E baseline.com.newsblur.network.APIResponse: 	at okhttp3.internal.http.RealInterceptorChain.proceed(RealInterceptorChain.java:142)
08-05 19:16:23.274 29587 30436 E baseline.com.newsblur.network.APIResponse: 	at okhttp3.internal.http.RealInterceptorChain.proceed(RealInterceptorChain.java:117)
08-05 19:16:23.274 29587 30436 E baseline.com.newsblur.network.APIResponse: 	at okhttp3.internal.cache.CacheInterceptor.intercept(CacheInterceptor.java:94)
08-05 19:16:23.274 29587 30436 E baseline.com.newsblur.network.APIResponse: 	at okhttp3.internal.http.RealInterceptorChain.proceed(RealInterceptorChain.java:142)
08-05 19:16:23.274 29587 30436 E baseline.com.newsblur.network.APIResponse: 	at okhttp3.internal.http.RealInterceptorChain.proceed(RealInterceptorChain.java:117)
08-05 19:16:23.274 29587 30436 E baseline.com.newsblur.network.APIResponse: 	at okhttp3.internal.http.BridgeInterceptor.intercept(BridgeInterceptor.java:93)
08-05 19:16:23.274 29587 30436 E baseline.com.newsblur.network.APIResponse: 	at okhttp3.internal.http.RealInterceptorChain.proceed(RealInterceptorChain.java:142)
08-05 19:16:23.274 29587 30436 E baseline.com.newsblur.network.APIResponse: 	at okhttp3.internal.http.RetryAndFollowUpInterceptor.intercept(RetryAndFollowUpInterceptor.java:88)
08-05 19:16:23.274 29587 30436 E baseline.com.newsblur.network.APIResponse: 	at okhttp3.internal.http.RealInterceptorChain.proceed(RealInterceptorChain.java:142)
08-05 19:16:23.274 29587 30436 E baseline.com.newsblur.network.APIResponse: 	at okhttp3.internal.http.RealInterceptorChain.proceed(RealInterceptorChain.java:117)
08-05 19:16:23.274 29587 30436 E baseline.com.newsblur.network.APIResponse: 	at okhttp3.RealCall.getResponseWithInterceptorChain(RealCall.java:229)
08-05 19:16:23.274 29587 30436 E baseline.com.newsblur.network.APIResponse: 	at okhttp3.RealCall.execute(RealCall.java:81)
08-05 19:16:23.274 29587 30436 E baseline.com.newsblur.network.APIResponse: 	at baseline.com.newsblur.network.APIResponse.<init>(APIResponse.java:57)
08-05 19:16:23.274 29587 30436 E baseline.com.newsblur.network.APIResponse: 	at baseline.com.newsblur.network.APIManager.get_single(APIManager.java:639)
08-05 19:16:23.274 29587 30436 E baseline.com.newsblur.network.APIResponse: 	at baseline.com.newsblur.network.APIManager.get(APIManager.java:625)
08-05 19:16:23.274 29587 30436 E baseline.com.newsblur.network.APIResponse: 	at baseline.com.newsblur.network.APIManager.get(APIManager.java:667)
08-05 19:16:23.274 29587 30436 E baseline.com.newsblur.network.APIResponse: 	at baseline.com.newsblur.network.APIManager.getFeedUnreadCounts(APIManager.java:274)
08-05 19:16:23.274 29587 30436 E baseline.com.newsblur.network.APIResponse: 	at baseline.com.newsblur.service.NBSyncService.checkRecounts(NBSyncService.java:660)
08-05 19:16:23.274 29587 30436 E baseline.com.newsblur.network.APIResponse: 	at baseline.com.newsblur.service.NBSyncService.doSync(NBSyncService.java:310)
08-05 19:16:23.274 29587 30436 E baseline.com.newsblur.network.APIResponse: 	at baseline.com.newsblur.service.NBSyncService.access$100(NBSyncService.java:67)
08-05 19:16:23.274 29587 30436 E baseline.com.newsblur.network.APIResponse: 	at baseline.com.newsblur.service.NBSyncService$1.run(NBSyncService.java:188)
08-05 19:16:23.274 29587 30436 E baseline.com.newsblur.network.APIResponse: 	at java.util.concurrent.ThreadPoolExecutor.runWorker(ThreadPoolExecutor.java:1113)
08-05 19:16:23.274 29587 30436 E baseline.com.newsblur.network.APIResponse: 	at java.util.concurrent.ThreadPoolExecutor$Worker.run(ThreadPoolExecutor.java:588)
08-05 19:16:23.274 29587 30436 E baseline.com.newsblur.network.APIResponse: 	at java.lang.Thread.run(Thread.java:818)
08-05 19:16:23.274 29587 30436 E baseline.com.newsblur.network.APIResponse: Caused by: java.io.EOFException: \n not found: limit=0 content=
08-05 19:16:23.274 29587 30436 E baseline.com.newsblur.network.APIResponse: 	at okio.RealBufferedSource.readUtf8LineStrict(RealBufferedSource.java:240)
08-05 19:16:23.274 29587 30436 E baseline.com.newsblur.network.APIResponse: 	at okhttp3.internal.http1.Http1ExchangeCodec.readHeaderLine(Http1ExchangeCodec.java:242)
08-05 19:16:23.274 29587 30436 E baseline.com.newsblur.network.APIResponse: 	at okhttp3.internal.http1.Http1ExchangeCodec.readResponseHeaders(Http1ExchangeCodec.java:213)
08-05 19:16:23.274 29587 30436 E baseline.com.newsblur.network.APIResponse: 	... 28 more
08-05 19:16:23.276 29587 30436 I baseline.com.newsblur.network.APIManager: API call failed, pausing before retry number 1
08-05 19:16:23.317 29587 29598 I art     : Explicit concurrent mark sweep GC freed 608(181KB) AllocSpace objects, 2(40KB) LOS objects, 29% free, 37MB/53MB, paused 1.328ms total 47.041ms
08-05 19:16:23.685 29587 29808 I art     : Starting a blocking GC Explicit
08-05 19:16:23.735 29587 29808 I art     : Explicit concurrent mark sweep GC freed 1793(115KB) AllocSpace objects, 1(20KB) LOS objects, 29% free, 37MB/53MB, paused 1.424ms total 49.577ms
08-05 19:16:23.735 29587 29597 I art     : WaitForGcToComplete blocked for 19.556ms for cause HeapTrim
08-05 19:16:23.748 29587 29808 I art     : Starting a blocking GC Explicit
08-05 19:16:23.798 29587 29808 I art     : Explicit concurrent mark sweep GC freed 44(1520B) AllocSpace objects, 0(0B) LOS objects, 29% free, 37MB/53MB, paused 1.582ms total 49.352ms
08-05 19:16:23.811 29587 29808 I art     : Starting a blocking GC Explicit
08-05 19:16:23.860 29587 29808 I art     : Explicit concurrent mark sweep GC freed 3(96B) AllocSpace objects, 0(0B) LOS objects, 29% free, 37MB/53MB, paused 1.314ms total 48.601ms
08-05 19:16:23.873 29587 29808 I art     : Starting a blocking GC Explicit
08-05 19:16:23.924 29587 29808 I art     : Explicit concurrent mark sweep GC freed 3(96B) AllocSpace objects, 0(0B) LOS objects, 29% free, 37MB/53MB, paused 1.312ms total 49.993ms
08-05 19:16:23.941 29587 29808 I art     : Starting a blocking GC Explicit
08-05 19:16:23.987 29587 29808 I art     : Explicit concurrent mark sweep GC freed 3(96B) AllocSpace objects, 0(0B) LOS objects, 29% free, 37MB/53MB, paused 1.362ms total 45.719ms
08-05 19:16:24.374 29587 30376 I art     : Starting a blocking GC Explicit
08-05 19:16:24.425 29587 30376 I art     : Explicit concurrent mark sweep GC freed 1438(82KB) AllocSpace objects, 1(20KB) LOS objects, 29% free, 37MB/53MB, paused 1.290ms total 51.038ms
08-05 19:16:24.442 29587 30376 I art     : Starting a blocking GC Explicit
08-05 19:16:24.490 29587 30376 I art     : Explicit concurrent mark sweep GC freed 22(784B) AllocSpace objects, 0(0B) LOS objects, 29% free, 37MB/53MB, paused 1.385ms total 47.005ms
08-05 19:16:24.503 29587 30376 I art     : Starting a blocking GC Explicit
08-05 19:16:24.550 29587 30376 I art     : Explicit concurrent mark sweep GC freed 3(96B) AllocSpace objects, 0(0B) LOS objects, 29% free, 37MB/53MB, paused 1.407ms total 47.369ms
08-05 19:16:24.563 29587 30376 I art     : Starting a blocking GC Explicit
08-05 19:16:24.611 29587 30376 I art     : Explicit concurrent mark sweep GC freed 3(96B) AllocSpace objects, 0(0B) LOS objects, 29% free, 37MB/53MB, paused 1.423ms total 47.506ms
08-05 19:16:24.624 29587 30376 I art     : Starting a blocking GC Explicit
08-05 19:16:24.672 29587 30376 I art     : Explicit concurrent mark sweep GC freed 3(96B) AllocSpace objects, 0(0B) LOS objects, 29% free, 37MB/53MB, paused 1.357ms total 47.931ms
08-05 19:16:25.037 29587 29599 I art     : Starting a blocking GC Explicit
08-05 19:16:25.088 29587 29599 I art     : Explicit concurrent mark sweep GC freed 1605(91KB) AllocSpace objects, 1(20KB) LOS objects, 29% free, 37MB/53MB, paused 1.448ms total 50.470ms
08-05 19:16:25.103 29587 29599 I art     : Starting a blocking GC Explicit
08-05 19:16:25.152 29587 29599 I art     : Explicit concurrent mark sweep GC freed 28(1040B) AllocSpace objects, 0(0B) LOS objects, 29% free, 37MB/53MB, paused 1.457ms total 49.147ms
08-05 19:16:25.166 29587 29599 I art     : Starting a blocking GC Explicit
08-05 19:16:25.214 29587 29599 I art     : Explicit concurrent mark sweep GC freed 3(96B) AllocSpace objects, 0(0B) LOS objects, 29% free, 37MB/53MB, paused 1.472ms total 48.149ms
08-05 19:16:25.228 29587 29599 I art     : Starting a blocking GC Explicit
08-05 19:16:25.277 29587 29599 I art     : Explicit concurrent mark sweep GC freed 1652(64KB) AllocSpace objects, 0(0B) LOS objects, 29% free, 37MB/53MB, paused 1.444ms total 48.693ms
08-05 19:16:25.290 29587 29599 I art     : Starting a blocking GC Explicit
08-05 19:16:25.319 29587 30436 E baseline.com.newsblur.network.APIResponse: Error (unexpected end of stream on https://www.newsblur.com/...) calling https://www.newsblur.com/reader/feed_unread_count?feed_id=0
08-05 19:16:25.319 29587 30436 E baseline.com.newsblur.network.APIResponse: java.io.IOException: unexpected end of stream on https://www.newsblur.com/...
08-05 19:16:25.319 29587 30436 E baseline.com.newsblur.network.APIResponse: 	at okhttp3.internal.http1.Http1ExchangeCodec.readResponseHeaders(Http1ExchangeCodec.java:236)
08-05 19:16:25.319 29587 30436 E baseline.com.newsblur.network.APIResponse: 	at okhttp3.internal.connection.Exchange.readResponseHeaders(Exchange.java:115)
08-05 19:16:25.319 29587 30436 E baseline.com.newsblur.network.APIResponse: 	at okhttp3.internal.http.CallServerInterceptor.intercept(CallServerInterceptor.java:94)
08-05 19:16:25.319 29587 30436 E baseline.com.newsblur.network.APIResponse: 	at okhttp3.internal.http.RealInterceptorChain.proceed(RealInterceptorChain.java:142)
08-05 19:16:25.319 29587 30436 E baseline.com.newsblur.network.APIResponse: 	at okhttp3.internal.connection.ConnectInterceptor.intercept(ConnectInterceptor.java:43)
08-05 19:16:25.319 29587 30436 E baseline.com.newsblur.network.APIResponse: 	at okhttp3.internal.http.RealInterceptorChain.proceed(RealInterceptorChain.java:142)
08-05 19:16:25.319 29587 30436 E baseline.com.newsblur.network.APIResponse: 	at okhttp3.internal.http.RealInterceptorChain.proceed(RealInterceptorChain.java:117)
08-05 19:16:25.319 29587 30436 E baseline.com.newsblur.network.APIResponse: 	at okhttp3.internal.cache.CacheInterceptor.intercept(CacheInterceptor.java:94)
08-05 19:16:25.319 29587 30436 E baseline.com.newsblur.network.APIResponse: 	at okhttp3.internal.http.RealInterceptorChain.proceed(RealInterceptorChain.java:142)
08-05 19:16:25.319 29587 30436 E baseline.com.newsblur.network.APIResponse: 	at okhttp3.internal.http.RealInterceptorChain.proceed(RealInterceptorChain.java:117)
08-05 19:16:25.319 29587 30436 E baseline.com.newsblur.network.APIResponse: 	at okhttp3.internal.http.BridgeInterceptor.intercept(BridgeInterceptor.java:93)
08-05 19:16:25.319 29587 30436 E baseline.com.newsblur.network.APIResponse: 	at okhttp3.internal.http.RealInterceptorChain.proceed(RealInterceptorChain.java:142)
08-05 19:16:25.319 29587 30436 E baseline.com.newsblur.network.APIResponse: 	at okhttp3.internal.http.RetryAndFollowUpInterceptor.intercept(RetryAndFollowUpInterceptor.java:88)
08-05 19:16:25.319 29587 30436 E baseline.com.newsblur.network.APIResponse: 	at okhttp3.internal.http.RealInterceptorChain.proceed(RealInterceptorChain.java:142)
08-05 19:16:25.319 29587 30436 E baseline.com.newsblur.network.APIResponse: 	at okhttp3.internal.http.RealInterceptorChain.proceed(RealInterceptorChain.java:117)
08-05 19:16:25.319 29587 30436 E baseline.com.newsblur.network.APIResponse: 	at okhttp3.RealCall.getResponseWithInterceptorChain(RealCall.java:229)
08-05 19:16:25.319 29587 30436 E baseline.com.newsblur.network.APIResponse: 	at okhttp3.RealCall.execute(RealCall.java:81)
08-05 19:16:25.319 29587 30436 E baseline.com.newsblur.network.APIResponse: 	at baseline.com.newsblur.network.APIResponse.<init>(APIResponse.java:57)
08-05 19:16:25.319 29587 30436 E baseline.com.newsblur.network.APIResponse: 	at baseline.com.newsblur.network.APIManager.get_single(APIManager.java:639)
08-05 19:16:25.319 29587 30436 E baseline.com.newsblur.network.APIResponse: 	at baseline.com.newsblur.network.APIManager.get(APIManager.java:625)
08-05 19:16:25.319 29587 30436 E baseline.com.newsblur.network.APIResponse: 	at baseline.com.newsblur.network.APIManager.get(APIManager.java:667)
08-05 19:16:25.319 29587 30436 E baseline.com.newsblur.network.APIResponse: 	at baseline.com.newsblur.network.APIManager.getFeedUnreadCounts(APIManager.java:274)
08-05 19:16:25.319 29587 30436 E baseline.com.newsblur.network.APIResponse: 	at baseline.com.newsblur.service.NBSyncService.checkRecounts(NBSyncService.java:660)
08-05 19:16:25.319 29587 30436 E baseline.com.newsblur.network.APIResponse: 	at baseline.com.newsblur.service.NBSyncService.doSync(NBSyncService.java:310)
08-05 19:16:25.319 29587 30436 E baseline.com.newsblur.network.APIResponse: 	at baseline.com.newsblur.service.NBSyncService.access$100(NBSyncService.java:67)
08-05 19:16:25.319 29587 30436 E baseline.com.newsblur.network.APIResponse: 	at baseline.com.newsblur.service.NBSyncService$1.run(NBSyncService.java:188)
08-05 19:16:25.319 29587 30436 E baseline.com.newsblur.network.APIResponse: 	at java.util.concurrent.ThreadPoolExecutor.runWorker(ThreadPoolExecutor.java:1113)
08-05 19:16:25.319 29587 30436 E baseline.com.newsblur.network.APIResponse: 	at java.util.concurrent.ThreadPoolExecutor$Worker.run(ThreadPoolExecutor.java:588)
08-05 19:16:25.319 29587 30436 E baseline.com.newsblur.network.APIResponse: 	at java.lang.Thread.run(Thread.java:818)
08-05 19:16:25.319 29587 30436 E baseline.com.newsblur.network.APIResponse: Caused by: java.io.EOFException: \n not found: limit=0 content=
08-05 19:16:25.319 29587 30436 E baseline.com.newsblur.network.APIResponse: 	at okio.RealBufferedSource.readUtf8LineStrict(RealBufferedSource.java:240)
08-05 19:16:25.319 29587 30436 E baseline.com.newsblur.network.APIResponse: 	at okhttp3.internal.http1.Http1ExchangeCodec.readHeaderLine(Http1ExchangeCodec.java:242)
08-05 19:16:25.319 29587 30436 E baseline.com.newsblur.network.APIResponse: 	at okhttp3.internal.http1.Http1ExchangeCodec.readResponseHeaders(Http1ExchangeCodec.java:213)
08-05 19:16:25.319 29587 30436 E baseline.com.newsblur.network.APIResponse: 	... 28 more
08-05 19:16:25.320 29587 30436 I baseline.com.newsblur.network.APIManager: API call failed, pausing before retry number 2
08-05 19:16:25.338 29587 29599 I art     : Explicit concurrent mark sweep GC freed 797(194KB) AllocSpace objects, 2(40KB) LOS objects, 29% free, 37MB/53MB, paused 1.528ms total 47.399ms
08-05 19:16:25.725 29587 29598 I art     : Starting a blocking GC Explicit
08-05 19:16:25.775 29587 29598 I art     : Explicit concurrent mark sweep GC freed 1572(100KB) AllocSpace objects, 1(20KB) LOS objects, 29% free, 37MB/53MB, paused 1.266ms total 49.605ms
08-05 19:16:25.788 29587 29598 I art     : Starting a blocking GC Explicit
08-05 19:16:25.837 29587 29598 I art     : Explicit concurrent mark sweep GC freed 665(35KB) AllocSpace objects, 0(0B) LOS objects, 29% free, 37MB/53MB, paused 1.395ms total 48.145ms
08-05 19:16:25.850 29587 29598 I art     : Starting a blocking GC Explicit
08-05 19:16:25.895 29587 29598 I art     : Explicit concurrent mark sweep GC freed 430(17KB) AllocSpace objects, 0(0B) LOS objects, 29% free, 37MB/53MB, paused 1.269ms total 45.133ms
08-05 19:16:25.908 29587 29598 I art     : Starting a blocking GC Explicit
08-05 19:16:25.955 29587 29598 I art     : Explicit concurrent mark sweep GC freed 699(54KB) AllocSpace objects, 0(0B) LOS objects, 29% free, 37MB/53MB, paused 1.347ms total 46.448ms
08-05 19:16:25.968 29587 29598 I art     : Starting a blocking GC Explicit
08-05 19:16:26.015 29587 29598 I art     : Explicit concurrent mark sweep GC freed 3(96B) AllocSpace objects, 0(0B) LOS objects, 29% free, 37MB/53MB, paused 1.331ms total 46.911ms
08-05 19:16:26.394 29587 29808 I art     : Starting a blocking GC Explicit
08-05 19:16:26.443 29587 29808 I art     : Explicit concurrent mark sweep GC freed 1934(107KB) AllocSpace objects, 1(20KB) LOS objects, 29% free, 37MB/53MB, paused 1.340ms total 48.165ms
08-05 19:16:26.456 29587 29808 I art     : Starting a blocking GC Explicit
08-05 19:16:26.504 29587 29808 I art     : Explicit concurrent mark sweep GC freed 402(29KB) AllocSpace objects, 0(0B) LOS objects, 29% free, 37MB/53MB, paused 1.382ms total 48.462ms
08-05 19:16:26.518 29587 29808 I art     : Starting a blocking GC Explicit
08-05 19:16:26.564 29587 29808 I art     : Explicit concurrent mark sweep GC freed 3(96B) AllocSpace objects, 0(0B) LOS objects, 29% free, 37MB/53MB, paused 1.438ms total 45.399ms
08-05 19:16:26.577 29587 29808 I art     : Starting a blocking GC Explicit
08-05 19:16:26.626 29587 29808 I art     : Explicit concurrent mark sweep GC freed 3(96B) AllocSpace objects, 0(0B) LOS objects, 29% free, 37MB/53MB, paused 1.346ms total 49.007ms
08-05 19:16:26.640 29587 29808 I art     : Starting a blocking GC Explicit
08-05 19:16:26.687 29587 29808 I art     : Explicit concurrent mark sweep GC freed 3(96B) AllocSpace objects, 0(0B) LOS objects, 29% free, 37MB/53MB, paused 1.358ms total 47.062ms
08-05 19:16:27.047 29587 29808 I art     : Starting a blocking GC Explicit
08-05 19:16:27.092 29587 29808 I art     : Explicit concurrent mark sweep GC freed 1437(82KB) AllocSpace objects, 1(20KB) LOS objects, 29% free, 37MB/53MB, paused 1.397ms total 45.409ms
08-05 19:16:27.108 29587 29808 I art     : Starting a blocking GC Explicit
08-05 19:16:27.153 29587 29808 I art     : Explicit concurrent mark sweep GC freed 74(2736B) AllocSpace objects, 0(0B) LOS objects, 29% free, 37MB/53MB, paused 1.377ms total 44.634ms
08-05 19:16:27.166 29587 29808 I art     : Starting a blocking GC Explicit
08-05 19:16:27.213 29587 29808 I art     : Explicit concurrent mark sweep GC freed 3(96B) AllocSpace objects, 0(0B) LOS objects, 29% free, 37MB/53MB, paused 1.324ms total 47.448ms
08-05 19:16:27.227 29587 29808 I art     : Starting a blocking GC Explicit
08-05 19:16:27.272 29587 29808 I art     : Explicit concurrent mark sweep GC freed 3(96B) AllocSpace objects, 0(0B) LOS objects, 29% free, 37MB/53MB, paused 1.296ms total 44.885ms
08-05 19:16:27.285 29587 29808 I art     : Starting a blocking GC Explicit
08-05 19:16:27.333 29587 29808 I art     : Explicit concurrent mark sweep GC freed 3(96B) AllocSpace objects, 0(0B) LOS objects, 29% free, 37MB/53MB, paused 1.360ms total 47.990ms
08-05 19:16:27.706 29587 30376 I art     : Starting a blocking GC Explicit
08-05 19:16:27.754 29587 30376 I art     : Explicit concurrent mark sweep GC freed 1437(82KB) AllocSpace objects, 1(20KB) LOS objects, 29% free, 37MB/53MB, paused 1.358ms total 47.451ms
08-05 19:16:27.769 29587 30376 I art     : Starting a blocking GC Explicit
08-05 19:16:27.814 29587 30376 I art     : Explicit concurrent mark sweep GC freed 22(784B) AllocSpace objects, 0(0B) LOS objects, 29% free, 37MB/53MB, paused 1.348ms total 45.164ms
08-05 19:16:27.827 29587 30376 I art     : Starting a blocking GC Explicit
08-05 19:16:27.874 29587 30376 I art     : Explicit concurrent mark sweep GC freed 3(96B) AllocSpace objects, 0(0B) LOS objects, 29% free, 37MB/53MB, paused 1.321ms total 46.443ms
08-05 19:16:27.887 29587 30376 I art     : Starting a blocking GC Explicit
08-05 19:16:27.933 29587 30376 I art     : Explicit concurrent mark sweep GC freed 3(96B) AllocSpace objects, 0(0B) LOS objects, 29% free, 37MB/53MB, paused 1.322ms total 45.857ms
08-05 19:16:27.947 29587 30376 I art     : Starting a blocking GC Explicit
08-05 19:16:27.996 29587 30376 I art     : Explicit concurrent mark sweep GC freed 3(96B) AllocSpace objects, 0(0B) LOS objects, 29% free, 37MB/53MB, paused 1.357ms total 48.941ms
08-05 19:16:28.385 29587 29598 I art     : Starting a blocking GC Explicit
08-05 19:16:28.433 29587 29598 I art     : Explicit concurrent mark sweep GC freed 1542(86KB) AllocSpace objects, 1(20KB) LOS objects, 29% free, 37MB/53MB, paused 1.469ms total 47.073ms
08-05 19:16:28.448 29587 29598 I art     : Starting a blocking GC Explicit
08-05 19:16:28.495 29587 29598 I art     : Explicit concurrent mark sweep GC freed 90(5KB) AllocSpace objects, 0(0B) LOS objects, 29% free, 37MB/53MB, paused 1.271ms total 46.974ms
08-05 19:16:28.509 29587 29598 I art     : Starting a blocking GC Explicit
08-05 19:16:28.551 29587 29598 I art     : Explicit concurrent mark sweep GC freed 3(96B) AllocSpace objects, 0(0B) LOS objects, 29% free, 37MB/53MB, paused 1.222ms total 41.524ms
08-05 19:16:28.563 29587 29598 I art     : Starting a blocking GC Explicit
08-05 19:16:28.607 29587 29598 I art     : Explicit concurrent mark sweep GC freed 3(96B) AllocSpace objects, 0(0B) LOS objects, 29% free, 37MB/53MB, paused 1.325ms total 43.382ms
08-05 19:16:28.619 29587 29598 I art     : Starting a blocking GC Explicit
08-05 19:16:28.663 29587 29598 I art     : Explicit concurrent mark sweep GC freed 3(96B) AllocSpace objects, 0(0B) LOS objects, 29% free, 37MB/53MB, paused 1.360ms total 44.027ms
08-05 19:16:28.889 29587 30436 E baseline.com.newsblur.network.APIResponse: Error (unexpected end of stream on https://www.newsblur.com/...) calling https://www.newsblur.com/reader/feed_unread_count?feed_id=0
08-05 19:16:28.889 29587 30436 E baseline.com.newsblur.network.APIResponse: java.io.IOException: unexpected end of stream on https://www.newsblur.com/...
08-05 19:16:28.889 29587 30436 E baseline.com.newsblur.network.APIResponse: 	at okhttp3.internal.http1.Http1ExchangeCodec.readResponseHeaders(Http1ExchangeCodec.java:236)
08-05 19:16:28.889 29587 30436 E baseline.com.newsblur.network.APIResponse: 	at okhttp3.internal.connection.Exchange.readResponseHeaders(Exchange.java:115)
08-05 19:16:28.889 29587 30436 E baseline.com.newsblur.network.APIResponse: 	at okhttp3.internal.http.CallServerInterceptor.intercept(CallServerInterceptor.java:94)
08-05 19:16:28.889 29587 30436 E baseline.com.newsblur.network.APIResponse: 	at okhttp3.internal.http.RealInterceptorChain.proceed(RealInterceptorChain.java:142)
08-05 19:16:28.889 29587 30436 E baseline.com.newsblur.network.APIResponse: 	at okhttp3.internal.connection.ConnectInterceptor.intercept(ConnectInterceptor.java:43)
08-05 19:16:28.889 29587 30436 E baseline.com.newsblur.network.APIResponse: 	at okhttp3.internal.http.RealInterceptorChain.proceed(RealInterceptorChain.java:142)
08-05 19:16:28.889 29587 30436 E baseline.com.newsblur.network.APIResponse: 	at okhttp3.internal.http.RealInterceptorChain.proceed(RealInterceptorChain.java:117)
08-05 19:16:28.889 29587 30436 E baseline.com.newsblur.network.APIResponse: 	at okhttp3.internal.cache.CacheInterceptor.intercept(CacheInterceptor.java:94)
08-05 19:16:28.889 29587 30436 E baseline.com.newsblur.network.APIResponse: 	at okhttp3.internal.http.RealInterceptorChain.proceed(RealInterceptorChain.java:142)
08-05 19:16:28.889 29587 30436 E baseline.com.newsblur.network.APIResponse: 	at okhttp3.internal.http.RealInterceptorChain.proceed(RealInterceptorChain.java:117)
08-05 19:16:28.889 29587 30436 E baseline.com.newsblur.network.APIResponse: 	at okhttp3.internal.http.BridgeInterceptor.intercept(BridgeInterceptor.java:93)
08-05 19:16:28.889 29587 30436 E baseline.com.newsblur.network.APIResponse: 	at okhttp3.internal.http.RealInterceptorChain.proceed(RealInterceptorChain.java:142)
08-05 19:16:28.889 29587 30436 E baseline.com.newsblur.network.APIResponse: 	at okhttp3.internal.http.RetryAndFollowUpInterceptor.intercept(RetryAndFollowUpInterceptor.java:88)
08-05 19:16:28.889 29587 30436 E baseline.com.newsblur.network.APIResponse: 	at okhttp3.internal.http.RealInterceptorChain.proceed(RealInterceptorChain.java:142)
08-05 19:16:28.889 29587 30436 E baseline.com.newsblur.network.APIResponse: 	at okhttp3.internal.http.RealInterceptorChain.proceed(RealInterceptorChain.java:117)
08-05 19:16:28.889 29587 30436 E baseline.com.newsblur.network.APIResponse: 	at okhttp3.RealCall.getResponseWithInterceptorChain(RealCall.java:229)
08-05 19:16:28.889 29587 30436 E baseline.com.newsblur.network.APIResponse: 	at okhttp3.RealCall.execute(RealCall.java:81)
08-05 19:16:28.889 29587 30436 E baseline.com.newsblur.network.APIResponse: 	at baseline.com.newsblur.network.APIResponse.<init>(APIResponse.java:57)
08-05 19:16:28.889 29587 30436 E baseline.com.newsblur.network.APIResponse: 	at baseline.com.newsblur.network.APIManager.get_single(APIManager.java:639)
08-05 19:16:28.889 29587 30436 E baseline.com.newsblur.network.APIResponse: 	at baseline.com.newsblur.network.APIManager.get(APIManager.java:625)
08-05 19:16:28.889 29587 30436 E baseline.com.newsblur.network.APIResponse: 	at baseline.com.newsblur.network.APIManager.get(APIManager.java:667)
08-05 19:16:28.889 29587 30436 E baseline.com.newsblur.network.APIResponse: 	at baseline.com.newsblur.network.APIManager.getFeedUnreadCounts(APIManager.java:274)
08-05 19:16:28.889 29587 30436 E baseline.com.newsblur.network.APIResponse: 	at baseline.com.newsblur.service.NBSyncService.checkRecounts(NBSyncService.java:660)
08-05 19:16:28.889 29587 30436 E baseline.com.newsblur.network.APIResponse: 	at baseline.com.newsblur.service.NBSyncService.doSync(NBSyncService.java:310)
08-05 19:16:28.889 29587 30436 E baseline.com.newsblur.network.APIResponse: 	at baseline.com.newsblur.service.NBSyncService.access$100(NBSyncService.java:67)
08-05 19:16:28.889 29587 30436 E baseline.com.newsblur.network.APIResponse: 	at baseline.com.newsblur.service.NBSyncService$1.run(NBSyncService.java:188)
08-05 19:16:28.889 29587 30436 E baseline.com.newsblur.network.APIResponse: 	at java.util.concurrent.ThreadPoolExecutor.runWorker(ThreadPoolExecutor.java:1113)
08-05 19:16:28.889 29587 30436 E baseline.com.newsblur.network.APIResponse: 	at java.util.concurrent.ThreadPoolExecutor$Worker.run(ThreadPoolExecutor.java:588)
08-05 19:16:28.889 29587 30436 E baseline.com.newsblur.network.APIResponse: 	at java.lang.Thread.run(Thread.java:818)
08-05 19:16:28.889 29587 30436 E baseline.com.newsblur.network.APIResponse: Caused by: java.io.EOFException: \n not found: limit=0 content=
08-05 19:16:28.889 29587 30436 E baseline.com.newsblur.network.APIResponse: 	at okio.RealBufferedSource.readUtf8LineStrict(RealBufferedSource.java:240)
08-05 19:16:28.889 29587 30436 E baseline.com.newsblur.network.APIResponse: 	at okhttp3.internal.http1.Http1ExchangeCodec.readHeaderLine(Http1ExchangeCodec.java:242)
08-05 19:16:28.889 29587 30436 E baseline.com.newsblur.network.APIResponse: 	at okhttp3.internal.http1.Http1ExchangeCodec.readResponseHeaders(Http1ExchangeCodec.java:213)
08-05 19:16:28.889 29587 30436 E baseline.com.newsblur.network.APIResponse: 	... 28 more
08-05 19:16:28.891 29587 30436 W baseline.com.newsblur.service.NBSyncService: Bad response to feed_unread_count
08-05 19:16:29.065 29587 29599 I art     : Starting a blocking GC Explicit
08-05 19:16:29.115 29587 29599 I art     : Explicit concurrent mark sweep GC freed 4448(422KB) AllocSpace objects, 6(120KB) LOS objects, 29% free, 37MB/53MB, paused 1.452ms total 49.663ms
08-05 19:16:29.128 29587 29599 I art     : Starting a blocking GC Explicit
08-05 19:16:29.176 29587 29599 I art     : Explicit concurrent mark sweep GC freed 136(5KB) AllocSpace objects, 0(0B) LOS objects, 29% free, 37MB/53MB, paused 1.352ms total 47.416ms
08-05 19:16:29.189 29587 29599 I art     : Starting a blocking GC Explicit
08-05 19:16:29.239 29587 29599 I art     : Explicit concurrent mark sweep GC freed 3(96B) AllocSpace objects, 0(0B) LOS objects, 29% free, 37MB/53MB, paused 1.423ms total 49.161ms
08-05 19:16:29.252 29587 29599 I art     : Starting a blocking GC Explicit
08-05 19:16:29.300 29587 29599 I art     : Explicit concurrent mark sweep GC freed 1598(62KB) AllocSpace objects, 0(0B) LOS objects, 29% free, 37MB/53MB, paused 1.461ms total 48.174ms
08-05 19:16:29.313 29587 29599 I art     : Starting a blocking GC Explicit
08-05 19:16:29.324 29587 30436 E baseline.com.newsblur.network.APIResponse: Error (unexpected end of stream on https://www.newsblur.com/...) calling https://www.newsblur.com/reader/mark_story_hashes_as_read/
08-05 19:16:29.324 29587 30436 E baseline.com.newsblur.network.APIResponse: java.io.IOException: unexpected end of stream on https://www.newsblur.com/...
08-05 19:16:29.324 29587 30436 E baseline.com.newsblur.network.APIResponse: 	at okhttp3.internal.http1.Http1ExchangeCodec.readResponseHeaders(Http1ExchangeCodec.java:236)
08-05 19:16:29.324 29587 30436 E baseline.com.newsblur.network.APIResponse: 	at okhttp3.internal.connection.Exchange.readResponseHeaders(Exchange.java:115)
08-05 19:16:29.324 29587 30436 E baseline.com.newsblur.network.APIResponse: 	at okhttp3.internal.http.CallServerInterceptor.intercept(CallServerInterceptor.java:94)
08-05 19:16:29.324 29587 30436 E baseline.com.newsblur.network.APIResponse: 	at okhttp3.internal.http.RealInterceptorChain.proceed(RealInterceptorChain.java:142)
08-05 19:16:29.324 29587 30436 E baseline.com.newsblur.network.APIResponse: 	at okhttp3.internal.connection.ConnectInterceptor.intercept(ConnectInterceptor.java:43)
08-05 19:16:29.324 29587 30436 E baseline.com.newsblur.network.APIResponse: 	at okhttp3.internal.http.RealInterceptorChain.proceed(RealInterceptorChain.java:142)
08-05 19:16:29.324 29587 30436 E baseline.com.newsblur.network.APIResponse: 	at okhttp3.internal.http.RealInterceptorChain.proceed(RealInterceptorChain.java:117)
08-05 19:16:29.324 29587 30436 E baseline.com.newsblur.network.APIResponse: 	at okhttp3.internal.cache.CacheInterceptor.intercept(CacheInterceptor.java:94)
08-05 19:16:29.324 29587 30436 E baseline.com.newsblur.network.APIResponse: 	at okhttp3.internal.http.RealInterceptorChain.proceed(RealInterceptorChain.java:142)
08-05 19:16:29.324 29587 30436 E baseline.com.newsblur.network.APIResponse: 	at okhttp3.internal.http.RealInterceptorChain.proceed(RealInterceptorChain.java:117)
08-05 19:16:29.324 29587 30436 E baseline.com.newsblur.network.APIResponse: 	at okhttp3.internal.http.BridgeInterceptor.intercept(BridgeInterceptor.java:93)
08-05 19:16:29.324 29587 30436 E baseline.com.newsblur.network.APIResponse: 	at okhttp3.internal.http.RealInterceptorChain.proceed(RealInterceptorChain.java:142)
08-05 19:16:29.324 29587 30436 E baseline.com.newsblur.network.APIResponse: 	at okhttp3.internal.http.RetryAndFollowUpInterceptor.intercept(RetryAndFollowUpInterceptor.java:88)
08-05 19:16:29.324 29587 30436 E baseline.com.newsblur.network.APIResponse: 	at okhttp3.internal.http.RealInterceptorChain.proceed(RealInterceptorChain.java:142)
08-05 19:16:29.324 29587 30436 E baseline.com.newsblur.network.APIResponse: 	at okhttp3.internal.http.RealInterceptorChain.proceed(RealInterceptorChain.java:117)
08-05 19:16:29.324 29587 30436 E baseline.com.newsblur.network.APIResponse: 	at okhttp3.RealCall.getResponseWithInterceptorChain(RealCall.java:229)
08-05 19:16:29.324 29587 30436 E baseline.com.newsblur.network.APIResponse: 	at okhttp3.RealCall.execute(RealCall.java:81)
08-05 19:16:29.324 29587 30436 E baseline.com.newsblur.network.APIResponse: 	at baseline.com.newsblur.network.APIResponse.<init>(APIResponse.java:57)
08-05 19:16:29.324 29587 30436 E baseline.com.newsblur.network.APIResponse: 	at baseline.com.newsblur.network.APIResponse.<init>(APIResponse.java:43)
08-05 19:16:29.324 29587 30436 E baseline.com.newsblur.network.APIResponse: 	at baseline.com.newsblur.network.APIManager.post_single(APIManager.java:702)
08-05 19:16:29.324 29587 30436 E baseline.com.newsblur.network.APIResponse: 	at baseline.com.newsblur.network.APIManager.post(APIManager.java:675)
08-05 19:16:29.324 29587 30436 E baseline.com.newsblur.network.APIResponse: 	at baseline.com.newsblur.network.APIManager.post(APIManager.java:714)
08-05 19:16:29.324 29587 30436 E baseline.com.newsblur.network.APIResponse: 	at baseline.com.newsblur.network.APIManager.markStoryAsRead(APIManager.java:205)
08-05 19:16:29.324 29587 30436 E baseline.com.newsblur.network.APIResponse: 	at baseline.com.newsblur.util.ReadingAction.doRemote(ReadingAction.java:281)
08-05 19:16:29.324 29587 30436 E baseline.com.newsblur.network.APIResponse: 	at baseline.com.newsblur.service.NBSyncService.syncActions(NBSyncService.java:400)
08-05 19:16:29.324 29587 30436 E baseline.com.newsblur.network.APIResponse: 	at baseline.com.newsblur.service.NBSyncService.doSync(NBSyncService.java:298)
08-05 19:16:29.324 29587 30436 E baseline.com.newsblur.network.APIResponse: 	at baseline.com.newsblur.service.NBSyncService.access$100(NBSyncService.java:67)
08-05 19:16:29.324 29587 30436 E baseline.com.newsblur.network.APIResponse: 	at baseline.com.newsblur.service.NBSyncService$1.run(NBSyncService.java:188)
08-05 19:16:29.324 29587 30436 E baseline.com.newsblur.network.APIResponse: 	at java.util.concurrent.ThreadPoolExecutor.runWorker(ThreadPoolExecutor.java:1113)
08-05 19:16:29.324 29587 30436 E baseline.com.newsblur.network.APIResponse: 	at java.util.concurrent.ThreadPoolExecutor$Worker.run(ThreadPoolExecutor.java:588)
08-05 19:16:29.324 29587 30436 E baseline.com.newsblur.network.APIResponse: 	at java.lang.Thread.run(Thread.java:818)
08-05 19:16:29.324 29587 30436 E baseline.com.newsblur.network.APIResponse: Caused by: java.io.EOFException: \n not found: limit=0 content=
08-05 19:16:29.324 29587 30436 E baseline.com.newsblur.network.APIResponse: 	at okio.RealBufferedSource.readUtf8LineStrict(RealBufferedSource.java:240)
08-05 19:16:29.324 29587 30436 E baseline.com.newsblur.network.APIResponse: 	at okhttp3.internal.http1.Http1ExchangeCodec.readHeaderLine(Http1ExchangeCodec.java:242)
08-05 19:16:29.324 29587 30436 E baseline.com.newsblur.network.APIResponse: 	at okhttp3.internal.http1.Http1ExchangeCodec.readResponseHeaders(Http1ExchangeCodec.java:213)
08-05 19:16:29.324 29587 30436 E baseline.com.newsblur.network.APIResponse: 	... 30 more
08-05 19:16:29.326 29587 30436 I baseline.com.newsblur.network.APIManager: API call failed, pausing before retry number 1
08-05 19:16:29.361 29587 29599 I art     : Explicit concurrent mark sweep GC freed 878(198KB) AllocSpace objects, 2(40KB) LOS objects, 29% free, 37MB/53MB, paused 1.460ms total 47.790ms
08-05 19:16:29.511 24043 24043 I ServiceManager: Waiting for service AtCmdFwd...
08-05 19:16:29.694 29587 29808 I art     : Starting a blocking GC Explicit
08-05 19:16:29.743 29587 29808 I art     : Explicit concurrent mark sweep GC freed 1539(98KB) AllocSpace objects, 1(20KB) LOS objects, 29% free, 37MB/53MB, paused 1.416ms total 48.401ms
08-05 19:16:29.756 29587 29808 I art     : Starting a blocking GC Explicit
08-05 19:16:29.802 29587 29808 I art     : Explicit concurrent mark sweep GC freed 44(1520B) AllocSpace objects, 0(0B) LOS objects, 29% free, 37MB/53MB, paused 1.375ms total 45.972ms
08-05 19:16:29.815 29587 29808 I art     : Starting a blocking GC Explicit
08-05 19:16:29.862 29587 29808 I art     : Explicit concurrent mark sweep GC freed 3(96B) AllocSpace objects, 0(0B) LOS objects, 29% free, 37MB/53MB, paused 1.334ms total 46.703ms
08-05 19:16:29.875 29587 29808 I art     : Starting a blocking GC Explicit
08-05 19:16:29.922 29587 29808 I art     : Explicit concurrent mark sweep GC freed 3(96B) AllocSpace objects, 0(0B) LOS objects, 29% free, 37MB/53MB, paused 1.350ms total 46.900ms
08-05 19:16:29.935 29587 29808 I art     : Starting a blocking GC Explicit
08-05 19:16:29.982 29587 29808 I art     : Explicit concurrent mark sweep GC freed 3(96B) AllocSpace objects, 0(0B) LOS objects, 29% free, 37MB/53MB, paused 1.455ms total 46.984ms
08-05 19:16:30.032 30759 30759 D AndroidRuntime: >>>>>> START com.android.internal.os.RuntimeInit uid 2000 <<<<<<
08-05 19:16:30.039 30759 30759 D AndroidRuntime: CheckJNI is OFF
08-05 19:16:30.081 30759 30759 D ICU     : No timezone override file found: /data/misc/zoneinfo/current/icu/icu_tzdata.dat
08-05 19:16:30.116   918  3261 D WifiStateMachine: starting scan for "H369AA63323"WPA_PSK with 2412,5180
08-05 19:16:30.127 30759 30759 I Radio-JNI: register_android_hardware_Radio DONE
08-05 19:16:30.155 30759 30759 D AndroidRuntime: Calling main entry com.android.commands.input.Input
08-05 19:16:30.158 30759 30759 I Input   : injectMotionEvent: MotionEvent { action=ACTION_DOWN, actionButton=0, id[0]=0, x[0]=436.0, y[0]=453.0, toolType[0]=TOOL_TYPE_UNKNOWN, buttonState=0, metaState=0, flags=0x0, edgeFlags=0x0, pointerCount=1, historySize=0, eventTime=818206571, downTime=818206571, deviceId=0, source=0x1002 }
08-05 19:16:30.166 30759 30759 I Input   : injectMotionEvent: MotionEvent { action=ACTION_UP, actionButton=0, id[0]=0, x[0]=436.0, y[0]=453.0, toolType[0]=TOOL_TYPE_UNKNOWN, buttonState=0, metaState=0, flags=0x0, edgeFlags=0x0, pointerCount=1, historySize=0, eventTime=818206571, downTime=818206571, deviceId=0, source=0x1002 }
08-05 19:16:30.168 30759 30759 D AndroidRuntime: Shutting down VM
08-05 19:16:30.189   512  2967 D audio_hw_primary: out_set_parameters: enter: usecase(1: low-latency-playback) kvpairs: routing=2
08-05 19:16:30.190   918  3714 I ActivityManager: START u0 {cmp=baseline.com.newsblur/.activity.GlobalSharedStoriesReading (has extras)} from uid 10676 on display 0
08-05 19:16:30.201   512  2967 D audio_hw_primary: select_devices: out_snd_device(2: speaker) in_snd_device(0: none)
08-05 19:16:30.202   512  2967 D msm8974_platform: platform_send_audio_calibration: sending audio calibration for snd_device(2) acdb_id(15)
08-05 19:16:30.202   512  2967 I soundtrigger: audio_extn_sound_trigger_update_device_status: device 0x2 of type 0 for Event 1
08-05 19:16:30.213   512  2967 D audio_hw_primary: enable_snd_device: snd_device(2: speaker)
08-05 19:16:30.216   512  2967 D audio_hw_primary: enable_audio_route: apply and update mixer path: low-latency-playback speaker
08-05 19:16:30.355 29587 30376 I art     : Starting a blocking GC Explicit
08-05 19:16:30.404 29587 30376 I art     : Explicit concurrent mark sweep GC freed 2918(233KB) AllocSpace objects, 6(548KB) LOS objects, 29% free, 37MB/53MB, paused 1.377ms total 48.616ms
08-05 19:16:30.416 29587 30376 I art     : Starting a blocking GC Explicit
08-05 19:16:30.452 13866 13866 I GoogleInputMethodServic: GoogleInputMethodService.onFinishInput():3138 
08-05 19:16:30.453   918   936 I ActivityManager: Displayed baseline.com.newsblur/.activity.GlobalSharedStoriesReading: +252ms
08-05 19:16:30.453 13866 13866 I GoogleInputMethodServic: GoogleInputMethodService.onStartInput():1808 
08-05 19:16:30.458 29587 30376 I art     : Explicit concurrent mark sweep GC freed 786(54KB) AllocSpace objects, 1(20KB) LOS objects, 29% free, 37MB/53MB, paused 1.691ms total 40.718ms
08-05 19:16:30.470 29587 30376 I art     : Starting a blocking GC Explicit
08-05 19:16:30.512 24043 24043 I ServiceManager: Waiting for service AtCmdFwd...
08-05 19:16:30.512 29587 30376 I art     : Explicit concurrent mark sweep GC freed 1226(86KB) AllocSpace objects, 1(20KB) LOS objects, 29% free, 38MB/54MB, paused 1.708ms total 42.680ms
08-05 19:16:30.525 29587 30376 I art     : Starting a blocking GC Explicit
08-05 19:16:30.569 29587 30376 I art     : Explicit concurrent mark sweep GC freed 1164(91KB) AllocSpace objects, 10(236KB) LOS objects, 29% free, 38MB/54MB, paused 1.448ms total 44.216ms
08-05 19:16:30.582 29587 30376 I art     : Starting a blocking GC Explicit
08-05 19:16:30.630 29587 30376 I art     : Explicit concurrent mark sweep GC freed 717(43KB) AllocSpace objects, 1(28KB) LOS objects, 29% free, 38MB/54MB, paused 1.931ms total 47.513ms
08-05 19:16:30.716 29587 30144 E chromium: [ERROR:tile_manager.cc(793)] WARNING: tile memory limits exceeded, some content may not draw
08-05 19:16:30.716 29587 30144 E chromium: [ERROR:tile_manager.cc(793)] WARNING: tile memory limits exceeded, some content may not draw
08-05 19:16:30.748   512  2967 D audio_hw_primary: disable_audio_route: reset and update mixer path: low-latency-playback speaker
08-05 19:16:30.749   512  2967 D audio_hw_primary: disable_snd_device: snd_device(2: speaker)
08-05 19:16:30.757   512  2967 I soundtrigger: audio_extn_sound_trigger_update_device_status: device 0x2 of type 0 for Event 0
08-05 19:16:30.984 29587 29599 I art     : Starting a blocking GC Explicit
08-05 19:16:31.027 29587 29599 I art     : Explicit concurrent mark sweep GC freed 2084(147KB) AllocSpace objects, 2(40KB) LOS objects, 29% free, 38MB/54MB, paused 1.378ms total 42.988ms
08-05 19:16:31.040 29587 29599 I art     : Starting a blocking GC Explicit
08-05 19:16:31.087 29587 29599 I art     : Explicit concurrent mark sweep GC freed 41(1616B) AllocSpace objects, 0(0B) LOS objects, 29% free, 38MB/54MB, paused 1.384ms total 46.317ms
08-05 19:16:31.100 29587 29599 I art     : Starting a blocking GC Explicit
08-05 19:16:31.147 29587 29599 I art     : Explicit concurrent mark sweep GC freed 3(96B) AllocSpace objects, 0(0B) LOS objects, 29% free, 38MB/54MB, paused 1.379ms total 47.227ms
08-05 19:16:31.161 29587 29599 I art     : Starting a blocking GC Explicit
08-05 19:16:31.209 29587 29599 I art     : Explicit concurrent mark sweep GC freed 3(96B) AllocSpace objects, 0(0B) LOS objects, 29% free, 38MB/54MB, paused 1.287ms total 48.234ms
08-05 19:16:31.222 29587 29599 I art     : Starting a blocking GC Explicit
08-05 19:16:31.271 29587 29599 I art     : Explicit concurrent mark sweep GC freed 3(96B) AllocSpace objects, 0(0B) LOS objects, 29% free, 38MB/54MB, paused 1.406ms total 48.391ms
08-05 19:16:31.512 24043 24043 I ServiceManager: Waiting for service AtCmdFwd...
08-05 19:16:31.623 29587 29808 I art     : Starting a blocking GC Explicit
08-05 19:16:31.673 29587 29808 I art     : Explicit concurrent mark sweep GC freed 3137(149KB) AllocSpace objects, 1(20KB) LOS objects, 29% free, 38MB/54MB, paused 1.303ms total 49.253ms
08-05 19:16:31.686 29587 29808 I art     : Starting a blocking GC Explicit
08-05 19:16:31.700 29587 30436 E baseline.com.newsblur.network.APIResponse: Error (unexpected end of stream on https://www.newsblur.com/...) calling https://www.newsblur.com/reader/mark_story_hashes_as_read/
08-05 19:16:31.700 29587 30436 E baseline.com.newsblur.network.APIResponse: java.io.IOException: unexpected end of stream on https://www.newsblur.com/...
08-05 19:16:31.700 29587 30436 E baseline.com.newsblur.network.APIResponse: 	at okhttp3.internal.http1.Http1ExchangeCodec.readResponseHeaders(Http1ExchangeCodec.java:236)
08-05 19:16:31.700 29587 30436 E baseline.com.newsblur.network.APIResponse: 	at okhttp3.internal.connection.Exchange.readResponseHeaders(Exchange.java:115)
08-05 19:16:31.700 29587 30436 E baseline.com.newsblur.network.APIResponse: 	at okhttp3.internal.http.CallServerInterceptor.intercept(CallServerInterceptor.java:94)
08-05 19:16:31.700 29587 30436 E baseline.com.newsblur.network.APIResponse: 	at okhttp3.internal.http.RealInterceptorChain.proceed(RealInterceptorChain.java:142)
08-05 19:16:31.700 29587 30436 E baseline.com.newsblur.network.APIResponse: 	at okhttp3.internal.connection.ConnectInterceptor.intercept(ConnectInterceptor.java:43)
08-05 19:16:31.700 29587 30436 E baseline.com.newsblur.network.APIResponse: 	at okhttp3.internal.http.RealInterceptorChain.proceed(RealInterceptorChain.java:142)
08-05 19:16:31.700 29587 30436 E baseline.com.newsblur.network.APIResponse: 	at okhttp3.internal.http.RealInterceptorChain.proceed(RealInterceptorChain.java:117)
08-05 19:16:31.700 29587 30436 E baseline.com.newsblur.network.APIResponse: 	at okhttp3.internal.cache.CacheInterceptor.intercept(CacheInterceptor.java:94)
08-05 19:16:31.700 29587 30436 E baseline.com.newsblur.network.APIResponse: 	at okhttp3.internal.http.RealInterceptorChain.proceed(RealInterceptorChain.java:142)
08-05 19:16:31.700 29587 30436 E baseline.com.newsblur.network.APIResponse: 	at okhttp3.internal.http.RealInterceptorChain.proceed(RealInterceptorChain.java:117)
08-05 19:16:31.700 29587 30436 E baseline.com.newsblur.network.APIResponse: 	at okhttp3.internal.http.BridgeInterceptor.intercept(BridgeInterceptor.java:93)
08-05 19:16:31.700 29587 30436 E baseline.com.newsblur.network.APIResponse: 	at okhttp3.internal.http.RealInterceptorChain.proceed(RealInterceptorChain.java:142)
08-05 19:16:31.700 29587 30436 E baseline.com.newsblur.network.APIResponse: 	at okhttp3.internal.http.RetryAndFollowUpInterceptor.intercept(RetryAndFollowUpInterceptor.java:88)
08-05 19:16:31.700 29587 30436 E baseline.com.newsblur.network.APIResponse: 	at okhttp3.internal.http.RealInterceptorChain.proceed(RealInterceptorChain.java:142)
08-05 19:16:31.700 29587 30436 E baseline.com.newsblur.network.APIResponse: 	at okhttp3.internal.http.RealInterceptorChain.proceed(RealInterceptorChain.java:117)
08-05 19:16:31.700 29587 30436 E baseline.com.newsblur.network.APIResponse: 	at okhttp3.RealCall.getResponseWithInterceptorChain(RealCall.java:229)
08-05 19:16:31.700 29587 30436 E baseline.com.newsblur.network.APIResponse: 	at okhttp3.RealCall.execute(RealCall.java:81)
08-05 19:16:31.700 29587 30436 E baseline.com.newsblur.network.APIResponse: 	at baseline.com.newsblur.network.APIResponse.<init>(APIResponse.java:57)
08-05 19:16:31.700 29587 30436 E baseline.com.newsblur.network.APIResponse: 	at baseline.com.newsblur.network.APIResponse.<init>(APIResponse.java:43)
08-05 19:16:31.700 29587 30436 E baseline.com.newsblur.network.APIResponse: 	at baseline.com.newsblur.network.APIManager.post_single(APIManager.java:702)
08-05 19:16:31.700 29587 30436 E baseline.com.newsblur.network.APIResponse: 	at baseline.com.newsblur.network.APIManager.post(APIManager.java:675)
08-05 19:16:31.700 29587 30436 E baseline.com.newsblur.network.APIResponse: 	at baseline.com.newsblur.network.APIManager.post(APIManager.java:714)
08-05 19:16:31.700 29587 30436 E baseline.com.newsblur.network.APIResponse: 	at baseline.com.newsblur.network.APIManager.markStoryAsRead(APIManager.java:205)
08-05 19:16:31.700 29587 30436 E baseline.com.newsblur.network.APIResponse: 	at baseline.com.newsblur.util.ReadingAction.doRemote(ReadingAction.java:281)
08-05 19:16:31.700 29587 30436 E baseline.com.newsblur.network.APIResponse: 	at baseline.com.newsblur.service.NBSyncService.syncActions(NBSyncService.java:400)
08-05 19:16:31.700 29587 30436 E baseline.com.newsblur.network.APIResponse: 	at baseline.com.newsblur.service.NBSyncService.doSync(NBSyncService.java:298)
08-05 19:16:31.700 29587 30436 E baseline.com.newsblur.network.APIResponse: 	at baseline.com.newsblur.service.NBSyncService.access$100(NBSyncService.java:67)
08-05 19:16:31.700 29587 30436 E baseline.com.newsblur.network.APIResponse: 	at baseline.com.newsblur.service.NBSyncService$1.run(NBSyncService.java:188)
08-05 19:16:31.700 29587 30436 E baseline.com.newsblur.network.APIResponse: 	at java.util.concurrent.ThreadPoolExecutor.runWorker(ThreadPoolExecutor.java:1113)
08-05 19:16:31.700 29587 30436 E baseline.com.newsblur.network.APIResponse: 	at java.util.concurrent.ThreadPoolExecutor$Worker.run(ThreadPoolExecutor.java:588)
08-05 19:16:31.700 29587 30436 E baseline.com.newsblur.network.APIResponse: 	at java.lang.Thread.run(Thread.java:818)
08-05 19:16:31.700 29587 30436 E baseline.com.newsblur.network.APIResponse: Caused by: java.io.EOFException: \n not found: limit=0 content=
08-05 19:16:31.700 29587 30436 E baseline.com.newsblur.network.APIResponse: 	at okio.RealBufferedSource.readUtf8LineStrict(RealBufferedSource.java:240)
08-05 19:16:31.700 29587 30436 E baseline.com.newsblur.network.APIResponse: 	at okhttp3.internal.http1.Http1ExchangeCodec.readHeaderLine(Http1ExchangeCodec.java:242)
08-05 19:16:31.700 29587 30436 E baseline.com.newsblur.network.APIResponse: 	at okhttp3.internal.http1.Http1ExchangeCodec.readResponseHeaders(Http1ExchangeCodec.java:213)
08-05 19:16:31.700 29587 30436 E baseline.com.newsblur.network.APIResponse: 	... 30 more
08-05 19:16:31.702 29587 30436 I baseline.com.newsblur.network.APIManager: API call failed, pausing before retry number 2
08-05 19:16:31.732 29587 29808 I art     : Explicit concurrent mark sweep GC freed 819(196KB) AllocSpace objects, 2(40KB) LOS objects, 29% free, 38MB/54MB, paused 1.312ms total 46.315ms
08-05 19:16:31.746 29587 29808 I art     : Starting a blocking GC Explicit
08-05 19:16:31.802 29587 29808 I art     : Explicit concurrent mark sweep GC freed 114(16KB) AllocSpace objects, 0(0B) LOS objects, 29% free, 38MB/54MB, paused 1.810ms total 56.214ms
08-05 19:16:31.817 29587 29808 I art     : Starting a blocking GC Explicit
08-05 19:16:31.863 29587 29808 I art     : Explicit concurrent mark sweep GC freed 41(1344B) AllocSpace objects, 0(0B) LOS objects, 29% free, 38MB/54MB, paused 1.268ms total 45.520ms
08-05 19:16:31.876 29587 29808 I art     : Starting a blocking GC Explicit
08-05 19:16:31.922 29587 29808 I art     : Explicit concurrent mark sweep GC freed 19(608B) AllocSpace objects, 0(0B) LOS objects, 29% free, 38MB/54MB, paused 1.281ms total 45.139ms
08-05 19:16:32.315 29587 30376 I art     : Starting a blocking GC Explicit
08-05 19:16:32.369 29587 30376 I art     : Explicit concurrent mark sweep GC freed 1456(83KB) AllocSpace objects, 1(20KB) LOS objects, 29% free, 38MB/54MB, paused 1.631ms total 53.427ms
08-05 19:16:32.384 29587 30376 I art     : Starting a blocking GC Explicit
08-05 19:16:32.432 29587 30376 I art     : Explicit concurrent mark sweep GC freed 22(784B) AllocSpace objects, 0(0B) LOS objects, 29% free, 38MB/54MB, paused 1.369ms total 47.126ms
08-05 19:16:32.445 29587 30376 I art     : Starting a blocking GC Explicit
08-05 19:16:32.495 29587 30376 I art     : Explicit concurrent mark sweep GC freed 3(96B) AllocSpace objects, 0(0B) LOS objects, 29% free, 38MB/54MB, paused 1.291ms total 49.368ms
08-05 19:16:32.509 29587 30376 I art     : Starting a blocking GC Explicit
08-05 19:16:32.513 24043 24043 I ServiceManager: Waiting for service AtCmdFwd...
08-05 19:16:32.560 29587 30376 I art     : Explicit concurrent mark sweep GC freed 3(96B) AllocSpace objects, 0(0B) LOS objects, 29% free, 38MB/54MB, paused 1.406ms total 51.267ms
08-05 19:16:32.573 29587 30376 I art     : Starting a blocking GC Explicit
08-05 19:16:32.625 29587 30376 I art     : Explicit concurrent mark sweep GC freed 3(96B) AllocSpace objects, 0(0B) LOS objects, 29% free, 38MB/54MB, paused 1.303ms total 51.092ms
08-05 19:16:33.016 29587 29599 I art     : Starting a blocking GC Explicit
08-05 19:16:33.070 29587 29599 I art     : Explicit concurrent mark sweep GC freed 1444(83KB) AllocSpace objects, 1(20KB) LOS objects, 29% free, 38MB/54MB, paused 1.312ms total 54.328ms
08-05 19:16:33.086 29587 29599 I art     : Starting a blocking GC Explicit
08-05 19:16:33.136 29587 29599 I art     : Explicit concurrent mark sweep GC freed 22(784B) AllocSpace objects, 0(0B) LOS objects, 29% free, 38MB/54MB, paused 1.466ms total 49.044ms
08-05 19:16:33.149 29587 29599 I art     : Starting a blocking GC Explicit
08-05 19:16:33.200 29587 29599 I art     : Explicit concurrent mark sweep GC freed 3(96B) AllocSpace objects, 0(0B) LOS objects, 29% free, 38MB/54MB, paused 1.367ms total 50.424ms
08-05 19:16:33.213 29587 29599 I art     : Starting a blocking GC Explicit
08-05 19:16:33.263 29587 29599 I art     : Explicit concurrent mark sweep GC freed 3(96B) AllocSpace objects, 0(0B) LOS objects, 29% free, 38MB/54MB, paused 1.410ms total 49.442ms
08-05 19:16:33.276 29587 29599 I art     : Starting a blocking GC Explicit
08-05 19:16:33.329 29587 29599 I art     : Explicit concurrent mark sweep GC freed 3(96B) AllocSpace objects, 0(0B) LOS objects, 29% free, 38MB/54MB, paused 1.438ms total 52.627ms
08-05 19:16:33.513 24043 24043 I ServiceManager: Waiting for service AtCmdFwd...
08-05 19:16:33.715 29587 29808 I art     : Starting a blocking GC Explicit
08-05 19:16:33.769 29587 29808 I art     : Explicit concurrent mark sweep GC freed 1443(83KB) AllocSpace objects, 1(20KB) LOS objects, 29% free, 38MB/54MB, paused 1.472ms total 53.385ms
08-05 19:16:33.785 29587 29808 I art     : Starting a blocking GC Explicit
08-05 19:16:33.836 29587 29808 I art     : Explicit concurrent mark sweep GC freed 22(784B) AllocSpace objects, 0(0B) LOS objects, 29% free, 38MB/54MB, paused 1.500ms total 50.974ms
08-05 19:16:33.849 29587 29808 I art     : Starting a blocking GC Explicit
08-05 19:16:33.899 29587 29808 I art     : Explicit concurrent mark sweep GC freed 3(96B) AllocSpace objects, 0(0B) LOS objects, 29% free, 38MB/54MB, paused 1.450ms total 49.606ms
08-05 19:16:33.913 29587 29808 I art     : Starting a blocking GC Explicit
08-05 19:16:33.964 29587 29808 I art     : Explicit concurrent mark sweep GC freed 3(96B) AllocSpace objects, 0(0B) LOS objects, 29% free, 38MB/54MB, paused 1.323ms total 51.347ms
08-05 19:16:33.978 29587 29808 I art     : Starting a blocking GC Explicit
08-05 19:16:34.028 29587 29808 I art     : Explicit concurrent mark sweep GC freed 3(96B) AllocSpace objects, 0(0B) LOS objects, 29% free, 38MB/54MB, paused 1.513ms total 49.994ms
08-05 19:16:34.413 29587 29598 I art     : Starting a blocking GC Explicit
08-05 19:16:34.461 29587 29598 I art     : Explicit concurrent mark sweep GC freed 1444(83KB) AllocSpace objects, 1(20KB) LOS objects, 29% free, 38MB/54MB, paused 1.235ms total 47.415ms
08-05 19:16:34.474 29587 29598 I art     : Starting a blocking GC Explicit
08-05 19:16:34.514 24043 24043 W Atfwd_Sendcmd: AtCmdFwd service not published, waiting... retryCnt : 3
08-05 19:16:34.521 29587 29598 I art     : Explicit concurrent mark sweep GC freed 22(784B) AllocSpace objects, 0(0B) LOS objects, 29% free, 38MB/54MB, paused 1.381ms total 46.411ms
08-05 19:16:34.534 29587 29598 I art     : Starting a blocking GC Explicit
08-05 19:16:34.582 29587 29598 I art     : Explicit concurrent mark sweep GC freed 3(96B) AllocSpace objects, 0(0B) LOS objects, 29% free, 38MB/54MB, paused 1.295ms total 47.909ms
08-05 19:16:34.595 29587 29598 I art     : Starting a blocking GC Explicit
08-05 19:16:34.646 29587 29598 I art     : Explicit concurrent mark sweep GC freed 3(96B) AllocSpace objects, 0(0B) LOS objects, 29% free, 38MB/54MB, paused 1.388ms total 50.738ms
08-05 19:16:34.660 29587 29598 I art     : Starting a blocking GC Explicit
08-05 19:16:34.707 29587 29598 I art     : Explicit concurrent mark sweep GC freed 9(336B) AllocSpace objects, 0(0B) LOS objects, 29% free, 38MB/54MB, paused 1.474ms total 47.339ms
08-05 19:16:34.966 30857 30857 D AndroidRuntime: >>>>>> START com.android.internal.os.RuntimeInit uid 2000 <<<<<<
08-05 19:16:34.972 30857 30857 D AndroidRuntime: CheckJNI is OFF
08-05 19:16:35.015 30857 30857 D ICU     : No timezone override file found: /data/misc/zoneinfo/current/icu/icu_tzdata.dat
08-05 19:16:35.058 30857 30857 I Radio-JNI: register_android_hardware_Radio DONE
08-05 19:16:35.087 29587 30376 I art     : Starting a blocking GC Explicit
08-05 19:16:35.087 30857 30857 D AndroidRuntime: Calling main entry com.android.commands.input.Input
08-05 19:16:35.089 30857 30857 I Input   : injectKeyEvent: KeyEvent { action=ACTION_DOWN, keyCode=KEYCODE_BACK, scanCode=0, metaState=0, flags=0x0, repeatCount=0, eventTime=818211502, downTime=818211502, deviceId=-1, source=0x101 }
08-05 19:16:35.096 30857 30857 I Input   : injectKeyEvent: KeyEvent { action=ACTION_UP, keyCode=KEYCODE_BACK, scanCode=0, metaState=0, flags=0x0, repeatCount=0, eventTime=818211502, downTime=818211502, deviceId=-1, source=0x101 }
08-05 19:16:35.103 30857 30857 D AndroidRuntime: Shutting down VM
08-05 19:16:35.134 29587 30376 I art     : Explicit concurrent mark sweep GC freed 1815(129KB) AllocSpace objects, 3(60KB) LOS objects, 29% free, 38MB/54MB, paused 1.447ms total 46.677ms
08-05 19:16:35.146 29587 30376 I art     : Starting a blocking GC Explicit
08-05 19:16:35.191 29587 30376 I art     : Explicit concurrent mark sweep GC freed 1666(65KB) AllocSpace objects, 0(0B) LOS objects, 29% free, 38MB/54MB, paused 1.447ms total 45.087ms
08-05 19:16:35.204 29587 30376 I art     : Starting a blocking GC Explicit
08-05 19:16:35.235 29587 30436 E baseline.com.newsblur.network.APIResponse: Error (unexpected end of stream on https://www.newsblur.com/...) calling https://www.newsblur.com/reader/mark_story_hashes_as_read/
08-05 19:16:35.235 29587 30436 E baseline.com.newsblur.network.APIResponse: java.io.IOException: unexpected end of stream on https://www.newsblur.com/...
08-05 19:16:35.235 29587 30436 E baseline.com.newsblur.network.APIResponse: 	at okhttp3.internal.http1.Http1ExchangeCodec.readResponseHeaders(Http1ExchangeCodec.java:236)
08-05 19:16:35.235 29587 30436 E baseline.com.newsblur.network.APIResponse: 	at okhttp3.internal.connection.Exchange.readResponseHeaders(Exchange.java:115)
08-05 19:16:35.235 29587 30436 E baseline.com.newsblur.network.APIResponse: 	at okhttp3.internal.http.CallServerInterceptor.intercept(CallServerInterceptor.java:94)
08-05 19:16:35.235 29587 30436 E baseline.com.newsblur.network.APIResponse: 	at okhttp3.internal.http.RealInterceptorChain.proceed(RealInterceptorChain.java:142)
08-05 19:16:35.235 29587 30436 E baseline.com.newsblur.network.APIResponse: 	at okhttp3.internal.connection.ConnectInterceptor.intercept(ConnectInterceptor.java:43)
08-05 19:16:35.235 29587 30436 E baseline.com.newsblur.network.APIResponse: 	at okhttp3.internal.http.RealInterceptorChain.proceed(RealInterceptorChain.java:142)
08-05 19:16:35.235 29587 30436 E baseline.com.newsblur.network.APIResponse: 	at okhttp3.internal.http.RealInterceptorChain.proceed(RealInterceptorChain.java:117)
08-05 19:16:35.235 29587 30436 E baseline.com.newsblur.network.APIResponse: 	at okhttp3.internal.cache.CacheInterceptor.intercept(CacheInterceptor.java:94)
08-05 19:16:35.235 29587 30436 E baseline.com.newsblur.network.APIResponse: 	at okhttp3.internal.http.RealInterceptorChain.proceed(RealInterceptorChain.java:142)
08-05 19:16:35.235 29587 30436 E baseline.com.newsblur.network.APIResponse: 	at okhttp3.internal.http.RealInterceptorChain.proceed(RealInterceptorChain.java:117)
08-05 19:16:35.235 29587 30436 E baseline.com.newsblur.network.APIResponse: 	at okhttp3.internal.http.BridgeInterceptor.intercept(BridgeInterceptor.java:93)
08-05 19:16:35.235 29587 30436 E baseline.com.newsblur.network.APIResponse: 	at okhttp3.internal.http.RealInterceptorChain.proceed(RealInterceptorChain.java:142)
08-05 19:16:35.235 29587 30436 E baseline.com.newsblur.network.APIResponse: 	at okhttp3.internal.http.RetryAndFollowUpInterceptor.intercept(RetryAndFollowUpInterceptor.java:88)
08-05 19:16:35.235 29587 30436 E baseline.com.newsblur.network.APIResponse: 	at okhttp3.internal.http.RealInterceptorChain.proceed(RealInterceptorChain.java:142)
08-05 19:16:35.235 29587 30436 E baseline.com.newsblur.network.APIResponse: 	at okhttp3.internal.http.RealInterceptorChain.proceed(RealInterceptorChain.java:117)
08-05 19:16:35.235 29587 30436 E baseline.com.newsblur.network.APIResponse: 	at okhttp3.RealCall.getResponseWithInterceptorChain(RealCall.java:229)
08-05 19:16:35.235 29587 30436 E baseline.com.newsblur.network.APIResponse: 	at okhttp3.RealCall.execute(RealCall.java:81)
08-05 19:16:35.235 29587 30436 E baseline.com.newsblur.network.APIResponse: 	at baseline.com.newsblur.network.APIResponse.<init>(APIResponse.java:57)
08-05 19:16:35.235 29587 30436 E baseline.com.newsblur.network.APIResponse: 	at baseline.com.newsblur.network.APIResponse.<init>(APIResponse.java:43)
08-05 19:16:35.235 29587 30436 E baseline.com.newsblur.network.APIResponse: 	at baseline.com.newsblur.network.APIManager.post_single(APIManager.java:702)
08-05 19:16:35.235 29587 30436 E baseline.com.newsblur.network.APIResponse: 	at baseline.com.newsblur.network.APIManager.post(APIManager.java:675)
08-05 19:16:35.235 29587 30436 E baseline.com.newsblur.network.APIResponse: 	at baseline.com.newsblur.network.APIManager.post(APIManager.java:714)
08-05 19:16:35.235 29587 30436 E baseline.com.newsblur.network.APIResponse: 	at baseline.com.newsblur.network.APIManager.markStoryAsRead(APIManager.java:205)
08-05 19:16:35.235 29587 30436 E baseline.com.newsblur.network.APIResponse: 	at baseline.com.newsblur.util.ReadingAction.doRemote(ReadingAction.java:281)
08-05 19:16:35.235 29587 30436 E baseline.com.newsblur.network.APIResponse: 	at baseline.com.newsblur.service.NBSyncService.syncActions(NBSyncService.java:400)
08-05 19:16:35.235 29587 30436 E baseline.com.newsblur.network.APIResponse: 	at baseline.com.newsblur.service.NBSyncService.doSync(NBSyncService.java:298)
08-05 19:16:35.235 29587 30436 E baseline.com.newsblur.network.APIResponse: 	at baseline.com.newsblur.service.NBSyncService.access$100(NBSyncService.java:67)
08-05 19:16:35.235 29587 30436 E baseline.com.newsblur.network.APIResponse: 	at baseline.com.newsblur.service.NBSyncService$1.run(NBSyncService.java:188)
08-05 19:16:35.235 29587 30436 E baseline.com.newsblur.network.APIResponse: 	at java.util.concurrent.ThreadPoolExecutor.runWorker(ThreadPoolExecutor.java:1113)
08-05 19:16:35.235 29587 30436 E baseline.com.newsblur.network.APIResponse: 	at java.util.concurrent.ThreadPoolExecutor$Worker.run(ThreadPoolExecutor.java:588)
08-05 19:16:35.235 29587 30436 E baseline.com.newsblur.network.APIResponse: 	at java.lang.Thread.run(Thread.java:818)
08-05 19:16:35.235 29587 30436 E baseline.com.newsblur.network.APIResponse: Caused by: java.io.EOFException: \n not found: limit=0 content=
08-05 19:16:35.235 29587 30436 E baseline.com.newsblur.network.APIResponse: 	at okio.RealBufferedSource.readUtf8LineStrict(RealBufferedSource.java:240)
08-05 19:16:35.235 29587 30436 E baseline.com.newsblur.network.APIResponse: 	at okhttp3.internal.http1.Http1ExchangeCodec.readHeaderLine(Http1ExchangeCodec.java:242)
08-05 19:16:35.235 29587 30436 E baseline.com.newsblur.network.APIResponse: 	at okhttp3.internal.http1.Http1ExchangeCodec.readResponseHeaders(Http1ExchangeCodec.java:213)
08-05 19:16:35.235 29587 30436 E baseline.com.newsblur.network.APIResponse: 	... 30 more
08-05 19:16:35.236 29587 30436 I baseline.com.newsblur.service.NBSyncService: Holding reading action with server-side or network error.
08-05 19:16:35.249 29587 30376 I art     : Explicit concurrent mark sweep GC freed 1463(242KB) AllocSpace objects, 3(60KB) LOS objects, 29% free, 38MB/54MB, paused 1.731ms total 44.664ms
08-05 19:16:35.250 29587 30436 W baseline.com.newsblur.service.NBSyncService: hard API failure
08-05 19:16:35.262 29587 30376 I art     : Starting a blocking GC Explicit
08-05 19:16:35.272 13866 13866 I GoogleInputMethodServic: GoogleInputMethodService.onFinishInput():3138 
08-05 19:16:35.274 13866 13866 I GoogleInputMethodServic: GoogleInputMethodService.onStartInput():1808 
08-05 19:16:35.307 29587 30376 I art     : Explicit concurrent mark sweep GC freed 1300(165KB) AllocSpace objects, 5(100KB) LOS objects, 29% free, 38MB/54MB, paused 1.396ms total 44.130ms
08-05 19:16:35.319 29587 30376 I art     : Starting a blocking GC Explicit
08-05 19:16:35.362 29587 30376 I art     : Explicit concurrent mark sweep GC freed 623(44KB) AllocSpace objects, 0(0B) LOS objects, 29% free, 38MB/54MB, paused 1.274ms total 42.711ms
08-05 19:16:35.651 29587 30436 E baseline.com.newsblur.network.APIResponse: Error (unexpected end of stream on https://www.newsblur.com/...) calling https://www.newsblur.com/reader/mark_story_hashes_as_read/
08-05 19:16:35.651 29587 30436 E baseline.com.newsblur.network.APIResponse: java.io.IOException: unexpected end of stream on https://www.newsblur.com/...
08-05 19:16:35.651 29587 30436 E baseline.com.newsblur.network.APIResponse: 	at okhttp3.internal.http1.Http1ExchangeCodec.readResponseHeaders(Http1ExchangeCodec.java:236)
08-05 19:16:35.651 29587 30436 E baseline.com.newsblur.network.APIResponse: 	at okhttp3.internal.connection.Exchange.readResponseHeaders(Exchange.java:115)
08-05 19:16:35.651 29587 30436 E baseline.com.newsblur.network.APIResponse: 	at okhttp3.internal.http.CallServerInterceptor.intercept(CallServerInterceptor.java:94)
08-05 19:16:35.651 29587 30436 E baseline.com.newsblur.network.APIResponse: 	at okhttp3.internal.http.RealInterceptorChain.proceed(RealInterceptorChain.java:142)
08-05 19:16:35.651 29587 30436 E baseline.com.newsblur.network.APIResponse: 	at okhttp3.internal.connection.ConnectInterceptor.intercept(ConnectInterceptor.java:43)
08-05 19:16:35.651 29587 30436 E baseline.com.newsblur.network.APIResponse: 	at okhttp3.internal.http.RealInterceptorChain.proceed(RealInterceptorChain.java:142)
08-05 19:16:35.651 29587 30436 E baseline.com.newsblur.network.APIResponse: 	at okhttp3.internal.http.RealInterceptorChain.proceed(RealInterceptorChain.java:117)
08-05 19:16:35.651 29587 30436 E baseline.com.newsblur.network.APIResponse: 	at okhttp3.internal.cache.CacheInterceptor.intercept(CacheInterceptor.java:94)
08-05 19:16:35.651 29587 30436 E baseline.com.newsblur.network.APIResponse: 	at okhttp3.internal.http.RealInterceptorChain.proceed(RealInterceptorChain.java:142)
08-05 19:16:35.651 29587 30436 E baseline.com.newsblur.network.APIResponse: 	at okhttp3.internal.http.RealInterceptorChain.proceed(RealInterceptorChain.java:117)
08-05 19:16:35.651 29587 30436 E baseline.com.newsblur.network.APIResponse: 	at okhttp3.internal.http.BridgeInterceptor.intercept(BridgeInterceptor.java:93)
08-05 19:16:35.651 29587 30436 E baseline.com.newsblur.network.APIResponse: 	at okhttp3.internal.http.RealInterceptorChain.proceed(RealInterceptorChain.java:142)
08-05 19:16:35.651 29587 30436 E baseline.com.newsblur.network.APIResponse: 	at okhttp3.internal.http.RetryAndFollowUpInterceptor.intercept(RetryAndFollowUpInterceptor.java:88)
08-05 19:16:35.651 29587 30436 E baseline.com.newsblur.network.APIResponse: 	at okhttp3.internal.http.RealInterceptorChain.proceed(RealInterceptorChain.java:142)
08-05 19:16:35.651 29587 30436 E baseline.com.newsblur.network.APIResponse: 	at okhttp3.internal.http.RealInterceptorChain.proceed(RealInterceptorChain.java:117)
08-05 19:16:35.651 29587 30436 E baseline.com.newsblur.network.APIResponse: 	at okhttp3.RealCall.getResponseWithInterceptorChain(RealCall.java:229)
08-05 19:16:35.651 29587 30436 E baseline.com.newsblur.network.APIResponse: 	at okhttp3.RealCall.execute(RealCall.java:81)
08-05 19:16:35.651 29587 30436 E baseline.com.newsblur.network.APIResponse: 	at baseline.com.newsblur.network.APIResponse.<init>(APIResponse.java:57)
08-05 19:16:35.651 29587 30436 E baseline.com.newsblur.network.APIResponse: 	at baseline.com.newsblur.network.APIResponse.<init>(APIResponse.java:43)
08-05 19:16:35.651 29587 30436 E baseline.com.newsblur.network.APIResponse: 	at baseline.com.newsblur.network.APIManager.post_single(APIManager.java:702)
08-05 19:16:35.651 29587 30436 E baseline.com.newsblur.network.APIResponse: 	at baseline.com.newsblur.network.APIManager.post(APIManager.java:675)
08-05 19:16:35.651 29587 30436 E baseline.com.newsblur.network.APIResponse: 	at baseline.com.newsblur.network.APIManager.post(APIManager.java:714)
08-05 19:16:35.651 29587 30436 E baseline.com.newsblur.network.APIResponse: 	at baseline.com.newsblur.network.APIManager.markStoryAsRead(APIManager.java:205)
08-05 19:16:35.651 29587 30436 E baseline.com.newsblur.network.APIResponse: 	at baseline.com.newsblur.util.ReadingAction.doRemote(ReadingAction.java:281)
08-05 19:16:35.651 29587 30436 E baseline.com.newsblur.network.APIResponse: 	at baseline.com.newsblur.service.NBSyncService.syncActions(NBSyncService.java:400)
08-05 19:16:35.651 29587 30436 E baseline.com.newsblur.network.APIResponse: 	at baseline.com.newsblur.service.NBSyncService.doSync(NBSyncService.java:298)
08-05 19:16:35.651 29587 30436 E baseline.com.newsblur.network.APIResponse: 	at baseline.com.newsblur.service.NBSyncService.access$100(NBSyncService.java:67)
08-05 19:16:35.651 29587 30436 E baseline.com.newsblur.network.APIResponse: 	at baseline.com.newsblur.service.NBSyncService$1.run(NBSyncService.java:188)
08-05 19:16:35.651 29587 30436 E baseline.com.newsblur.network.APIResponse: 	at java.util.concurrent.ThreadPoolExecutor.runWorker(ThreadPoolExecutor.java:1113)
08-05 19:16:35.651 29587 30436 E baseline.com.newsblur.network.APIResponse: 	at java.util.concurrent.ThreadPoolExecutor$Worker.run(ThreadPoolExecutor.java:588)
08-05 19:16:35.651 29587 30436 E baseline.com.newsblur.network.APIResponse: 	at java.lang.Thread.run(Thread.java:818)
08-05 19:16:35.651 29587 30436 E baseline.com.newsblur.network.APIResponse: Caused by: java.io.EOFException: \n not found: limit=0 content=
08-05 19:16:35.651 29587 30436 E baseline.com.newsblur.network.APIResponse: 	at okio.RealBufferedSource.readUtf8LineStrict(RealBufferedSource.java:240)
08-05 19:16:35.651 29587 30436 E baseline.com.newsblur.network.APIResponse: 	at okhttp3.internal.http1.Http1ExchangeCodec.readHeaderLine(Http1ExchangeCodec.java:242)
08-05 19:16:35.651 29587 30436 E baseline.com.newsblur.network.APIResponse: 	at okhttp3.internal.http1.Http1ExchangeCodec.readResponseHeaders(Http1ExchangeCodec.java:213)
08-05 19:16:35.651 29587 30436 E baseline.com.newsblur.network.APIResponse: 	... 30 more
08-05 19:16:35.653 29587 30436 I baseline.com.newsblur.network.APIManager: API call failed, pausing before retry number 1
08-05 19:16:35.706 29587 30376 I art     : Starting a blocking GC Explicit
08-05 19:16:35.755 29587 30376 I art     : Explicit concurrent mark sweep GC freed 5195(416KB) AllocSpace objects, 4(88KB) LOS objects, 29% free, 38MB/54MB, paused 1.247ms total 49.100ms
08-05 19:16:35.769 29587 30376 I art     : Starting a blocking GC Explicit
08-05 19:16:35.818 29587 30376 I art     : Explicit concurrent mark sweep GC freed 256(11KB) AllocSpace objects, 0(0B) LOS objects, 29% free, 38MB/54MB, paused 1.417ms total 49.015ms
08-05 19:16:35.832 29587 30376 I art     : Starting a blocking GC Explicit
08-05 19:16:35.883 29587 30376 I art     : Explicit concurrent mark sweep GC freed 10(320B) AllocSpace objects, 0(0B) LOS objects, 29% free, 38MB/54MB, paused 1.390ms total 50.641ms
08-05 19:16:35.897 29587 30376 I art     : Starting a blocking GC Explicit
08-05 19:16:35.940 29587 30376 I art     : Explicit concurrent mark sweep GC freed 9(288B) AllocSpace objects, 0(0B) LOS objects, 29% free, 38MB/54MB, paused 1.478ms total 42.818ms
08-05 19:16:35.954 29587 30376 I art     : Starting a blocking GC Explicit
08-05 19:16:35.998 29587 30376 I art     : Explicit concurrent mark sweep GC freed 11(352B) AllocSpace objects, 0(0B) LOS objects, 29% free, 38MB/54MB, paused 1.398ms total 43.847ms
08-05 19:16:36.361 29587 30376 I art     : Starting a blocking GC Explicit
08-05 19:16:36.413 29587 30376 I art     : Explicit concurrent mark sweep GC freed 1491(84KB) AllocSpace objects, 1(20KB) LOS objects, 29% free, 38MB/54MB, paused 1.693ms total 51.503ms
08-05 19:16:36.426 29587 30376 I art     : Starting a blocking GC Explicit
08-05 19:16:36.476 29587 30376 I art     : Explicit concurrent mark sweep GC freed 30(1040B) AllocSpace objects, 0(0B) LOS objects, 29% free, 38MB/54MB, paused 1.510ms total 49.692ms
08-05 19:16:36.490 29587 30376 I art     : Starting a blocking GC Explicit
08-05 19:16:36.538 29587 30376 I art     : Explicit concurrent mark sweep GC freed 9(288B) AllocSpace objects, 0(0B) LOS objects, 29% free, 38MB/54MB, paused 1.382ms total 48.038ms
08-05 19:16:36.552 29587 30376 I art     : Starting a blocking GC Explicit
08-05 19:16:36.603 29587 30376 I art     : Explicit concurrent mark sweep GC freed 11(352B) AllocSpace objects, 0(0B) LOS objects, 29% free, 38MB/54MB, paused 1.404ms total 50.126ms
08-05 19:16:36.617 29587 30376 I art     : Starting a blocking GC Explicit
08-05 19:16:36.668 29587 30376 I art     : Explicit concurrent mark sweep GC freed 11(352B) AllocSpace objects, 0(0B) LOS objects, 29% free, 38MB/54MB, paused 1.463ms total 50.200ms
08-05 19:16:36.890 30901 30901 D AndroidRuntime: >>>>>> START com.android.internal.os.RuntimeInit uid 2000 <<<<<<
08-05 19:16:36.896 30901 30901 D AndroidRuntime: CheckJNI is OFF
08-05 19:16:36.936 30901 30901 D ICU     : No timezone override file found: /data/misc/zoneinfo/current/icu/icu_tzdata.dat
08-05 19:16:36.978 30901 30901 I Radio-JNI: register_android_hardware_Radio DONE
08-05 19:16:37.008 30901 30901 D AndroidRuntime: Calling main entry com.android.commands.input.Input
08-05 19:16:37.009 30901 30901 I Input   : injectKeyEvent: KeyEvent { action=ACTION_DOWN, keyCode=KEYCODE_BACK, scanCode=0, metaState=0, flags=0x0, repeatCount=0, eventTime=818213422, downTime=818213422, deviceId=-1, source=0x101 }
08-05 19:16:37.015 30901 30901 I Input   : injectKeyEvent: KeyEvent { action=ACTION_UP, keyCode=KEYCODE_BACK, scanCode=0, metaState=0, flags=0x0, repeatCount=0, eventTime=818213422, downTime=818213422, deviceId=-1, source=0x101 }
08-05 19:16:37.022 30901 30901 D AndroidRuntime: Shutting down VM
08-05 19:16:37.053 29587 29808 I art     : Starting a blocking GC Explicit
08-05 19:16:37.102 29587 29808 I art     : Explicit concurrent mark sweep GC freed 1789(149KB) AllocSpace objects, 5(100KB) LOS objects, 29% free, 38MB/54MB, paused 1.539ms total 48.403ms
08-05 19:16:37.115 29587 29808 I art     : Starting a blocking GC Explicit
08-05 19:16:37.163 29587 29808 I art     : Explicit concurrent mark sweep GC freed 1929(126KB) AllocSpace objects, 3(60KB) LOS objects, 29% free, 38MB/54MB, paused 1.898ms total 47.737ms
08-05 19:16:37.178 29587 29808 I art     : Starting a blocking GC Explicit
08-05 19:16:37.224 29587 29808 I art     : Explicit concurrent mark sweep GC freed 6181(398KB) AllocSpace objects, 5(100KB) LOS objects, 29% free, 38MB/54MB, paused 1.469ms total 45.595ms
08-05 19:16:37.232 13866 13866 I GoogleInputMethodServic: GoogleInputMethodService.onFinishInput():3138 
08-05 19:16:37.233 13866 13866 I GoogleInputMethodServic: GoogleInputMethodService.onStartInput():1808 
08-05 19:16:37.239 29587 29808 I art     : Starting a blocking GC Explicit
08-05 19:16:37.284 29587 29808 I art     : Explicit concurrent mark sweep GC freed 181(6KB) AllocSpace objects, 0(0B) LOS objects, 29% free, 38MB/54MB, paused 1.384ms total 44.310ms
08-05 19:16:37.296 29587 29808 I art     : Starting a blocking GC Explicit
08-05 19:16:37.339 29587 29808 I art     : Explicit concurrent mark sweep GC freed 81(3KB) AllocSpace objects, 0(0B) LOS objects, 29% free, 38MB/54MB, paused 1.264ms total 42.547ms
08-05 19:16:37.470   518   646 I ThermalEngine: ACTION: GPU - Setting GPU[0] to 390000000
08-05 19:16:37.597 29587 30436 E baseline.com.newsblur.network.APIResponse: Error (unexpected end of stream on https://www.newsblur.com/...) calling https://www.newsblur.com/reader/mark_story_hashes_as_read/
08-05 19:16:37.597 29587 30436 E baseline.com.newsblur.network.APIResponse: java.io.IOException: unexpected end of stream on https://www.newsblur.com/...
08-05 19:16:37.597 29587 30436 E baseline.com.newsblur.network.APIResponse: 	at okhttp3.internal.http1.Http1ExchangeCodec.readResponseHeaders(Http1ExchangeCodec.java:236)
08-05 19:16:37.597 29587 30436 E baseline.com.newsblur.network.APIResponse: 	at okhttp3.internal.connection.Exchange.readResponseHeaders(Exchange.java:115)
08-05 19:16:37.597 29587 30436 E baseline.com.newsblur.network.APIResponse: 	at okhttp3.internal.http.CallServerInterceptor.intercept(CallServerInterceptor.java:94)
08-05 19:16:37.597 29587 30436 E baseline.com.newsblur.network.APIResponse: 	at okhttp3.internal.http.RealInterceptorChain.proceed(RealInterceptorChain.java:142)
08-05 19:16:37.597 29587 30436 E baseline.com.newsblur.network.APIResponse: 	at okhttp3.internal.connection.ConnectInterceptor.intercept(ConnectInterceptor.java:43)
08-05 19:16:37.597 29587 30436 E baseline.com.newsblur.network.APIResponse: 	at okhttp3.internal.http.RealInterceptorChain.proceed(RealInterceptorChain.java:142)
08-05 19:16:37.597 29587 30436 E baseline.com.newsblur.network.APIResponse: 	at okhttp3.internal.http.RealInterceptorChain.proceed(RealInterceptorChain.java:117)
08-05 19:16:37.597 29587 30436 E baseline.com.newsblur.network.APIResponse: 	at okhttp3.internal.cache.CacheInterceptor.intercept(CacheInterceptor.java:94)
08-05 19:16:37.597 29587 30436 E baseline.com.newsblur.network.APIResponse: 	at okhttp3.internal.http.RealInterceptorChain.proceed(RealInterceptorChain.java:142)
08-05 19:16:37.597 29587 30436 E baseline.com.newsblur.network.APIResponse: 	at okhttp3.internal.http.RealInterceptorChain.proceed(RealInterceptorChain.java:117)
08-05 19:16:37.597 29587 30436 E baseline.com.newsblur.network.APIResponse: 	at okhttp3.internal.http.BridgeInterceptor.intercept(BridgeInterceptor.java:93)
08-05 19:16:37.597 29587 30436 E baseline.com.newsblur.network.APIResponse: 	at okhttp3.internal.http.RealInterceptorChain.proceed(RealInterceptorChain.java:142)
08-05 19:16:37.597 29587 30436 E baseline.com.newsblur.network.APIResponse: 	at okhttp3.internal.http.RetryAndFollowUpInterceptor.intercept(RetryAndFollowUpInterceptor.java:88)
08-05 19:16:37.597 29587 30436 E baseline.com.newsblur.network.APIResponse: 	at okhttp3.internal.http.RealInterceptorChain.proceed(RealInterceptorChain.java:142)
08-05 19:16:37.597 29587 30436 E baseline.com.newsblur.network.APIResponse: 	at okhttp3.internal.http.RealInterceptorChain.proceed(RealInterceptorChain.java:117)
08-05 19:16:37.597 29587 30436 E baseline.com.newsblur.network.APIResponse: 	at okhttp3.RealCall.getResponseWithInterceptorChain(RealCall.java:229)
08-05 19:16:37.597 29587 30436 E baseline.com.newsblur.network.APIResponse: 	at okhttp3.RealCall.execute(RealCall.java:81)
08-05 19:16:37.597 29587 30436 E baseline.com.newsblur.network.APIResponse: 	at baseline.com.newsblur.network.APIResponse.<init>(APIResponse.java:57)
08-05 19:16:37.597 29587 30436 E baseline.com.newsblur.network.APIResponse: 	at baseline.com.newsblur.network.APIResponse.<init>(APIResponse.java:43)
08-05 19:16:37.597 29587 30436 E baseline.com.newsblur.network.APIResponse: 	at baseline.com.newsblur.network.APIManager.post_single(APIManager.java:702)
08-05 19:16:37.597 29587 30436 E baseline.com.newsblur.network.APIResponse: 	at baseline.com.newsblur.network.APIManager.post(APIManager.java:675)
08-05 19:16:37.597 29587 30436 E baseline.com.newsblur.network.APIResponse: 	at baseline.com.newsblur.network.APIManager.post(APIManager.java:714)
08-05 19:16:37.597 29587 30436 E baseline.com.newsblur.network.APIResponse: 	at baseline.com.newsblur.network.APIManager.markStoryAsRead(APIManager.java:205)
08-05 19:16:37.597 29587 30436 E baseline.com.newsblur.network.APIResponse: 	at baseline.com.newsblur.util.ReadingAction.doRemote(ReadingAction.java:281)
08-05 19:16:37.597 29587 30436 E baseline.com.newsblur.network.APIResponse: 	at baseline.com.newsblur.service.NBSyncService.syncActions(NBSyncService.java:400)
08-05 19:16:37.597 29587 30436 E baseline.com.newsblur.network.APIResponse: 	at baseline.com.newsblur.service.NBSyncService.doSync(NBSyncService.java:298)
08-05 19:16:37.597 29587 30436 E baseline.com.newsblur.network.APIResponse: 	at baseline.com.newsblur.service.NBSyncService.access$100(NBSyncService.java:67)
08-05 19:16:37.597 29587 30436 E baseline.com.newsblur.network.APIResponse: 	at baseline.com.newsblur.service.NBSyncService$1.run(NBSyncService.java:188)
08-05 19:16:37.597 29587 30436 E baseline.com.newsblur.network.APIResponse: 	at java.util.concurrent.ThreadPoolExecutor.runWorker(ThreadPoolExecutor.java:1113)
08-05 19:16:37.597 29587 30436 E baseline.com.newsblur.network.APIResponse: 	at java.util.concurrent.ThreadPoolExecutor$Worker.run(ThreadPoolExecutor.java:588)
08-05 19:16:37.597 29587 30436 E baseline.com.newsblur.network.APIResponse: 	at java.lang.Thread.run(Thread.java:818)
08-05 19:16:37.597 29587 30436 E baseline.com.newsblur.network.APIResponse: Caused by: java.io.EOFException: \n not found: limit=0 content=
08-05 19:16:37.597 29587 30436 E baseline.com.newsblur.network.APIResponse: 	at okio.RealBufferedSource.readUtf8LineStrict(RealBufferedSource.java:240)
08-05 19:16:37.597 29587 30436 E baseline.com.newsblur.network.APIResponse: 	at okhttp3.internal.http1.Http1ExchangeCodec.readHeaderLine(Http1ExchangeCodec.java:242)
08-05 19:16:37.597 29587 30436 E baseline.com.newsblur.network.APIResponse: 	at okhttp3.internal.http1.Http1ExchangeCodec.readResponseHeaders(Http1ExchangeCodec.java:213)
08-05 19:16:37.597 29587 30436 E baseline.com.newsblur.network.APIResponse: 	... 30 more
08-05 19:16:37.598 29587 30436 I baseline.com.newsblur.network.APIManager: API call failed, pausing before retry number 2
08-05 19:16:37.729 29587 29598 I art     : Starting a blocking GC Explicit
08-05 19:16:37.792 29587 29598 I art     : Explicit concurrent mark sweep GC freed 4423(378KB) AllocSpace objects, 3(60KB) LOS objects, 29% free, 38MB/54MB, paused 2.185ms total 63.021ms
08-05 19:16:37.812 29587 29598 I art     : Starting a blocking GC Explicit
08-05 19:16:37.875 29587 29598 I art     : Explicit concurrent mark sweep GC freed 267(11KB) AllocSpace objects, 0(0B) LOS objects, 29% free, 38MB/54MB, paused 2.169ms total 61.774ms
08-05 19:16:37.895 29587 29598 I art     : Starting a blocking GC Explicit
08-05 19:16:37.958 29587 29598 I art     : Explicit concurrent mark sweep GC freed 13(416B) AllocSpace objects, 0(0B) LOS objects, 29% free, 38MB/54MB, paused 2.186ms total 62.437ms
08-05 19:16:37.979 29587 29598 I art     : Starting a blocking GC Explicit
08-05 19:16:38.040 29587 29598 I art     : Explicit concurrent mark sweep GC freed 13(416B) AllocSpace objects, 0(0B) LOS objects, 29% free, 38MB/54MB, paused 2.258ms total 60.967ms
08-05 19:16:38.061 29587 29598 I art     : Starting a blocking GC Explicit
08-05 19:16:38.123 29587 29598 I art     : Explicit concurrent mark sweep GC freed 13(416B) AllocSpace objects, 0(0B) LOS objects, 29% free, 38MB/54MB, paused 2.204ms total 62.186ms
08-05 19:16:38.509 29587 30376 I art     : Starting a blocking GC Explicit
08-05 19:16:38.570 29587 30376 I art     : Explicit concurrent mark sweep GC freed 1494(84KB) AllocSpace objects, 1(20KB) LOS objects, 29% free, 38MB/54MB, paused 2.168ms total 61.227ms
08-05 19:16:38.590 29587 30376 I art     : Starting a blocking GC Explicit
08-05 19:16:38.650 29587 30376 I art     : Explicit concurrent mark sweep GC freed 31(1072B) AllocSpace objects, 0(0B) LOS objects, 29% free, 38MB/54MB, paused 2.680ms total 59.487ms
08-05 19:16:38.670 29587 30376 I art     : Starting a blocking GC Explicit
08-05 19:16:38.726 29587 30376 I art     : Explicit concurrent mark sweep GC freed 3(96B) AllocSpace objects, 0(0B) LOS objects, 29% free, 38MB/54MB, paused 2.010ms total 55.793ms
08-05 19:16:38.746 29587 30376 I art     : Starting a blocking GC Explicit
08-05 19:16:38.805 29587 30376 I art     : Explicit concurrent mark sweep GC freed 3(96B) AllocSpace objects, 0(0B) LOS objects, 29% free, 38MB/54MB, paused 2.106ms total 59.493ms
08-05 19:16:38.825 29587 30376 I art     : Starting a blocking GC Explicit
08-05 19:16:38.883 29587 30376 I art     : Explicit concurrent mark sweep GC freed 3(96B) AllocSpace objects, 0(0B) LOS objects, 29% free, 38MB/54MB, paused 2.147ms total 57.910ms
08-05 19:16:38.930 30934 30934 D AndroidRuntime: >>>>>> START com.android.internal.os.RuntimeInit uid 2000 <<<<<<
08-05 19:16:38.936 30934 30934 D AndroidRuntime: CheckJNI is OFF
08-05 19:16:38.989 30934 30934 D ICU     : No timezone override file found: /data/misc/zoneinfo/current/icu/icu_tzdata.dat
08-05 19:16:39.035 30934 30934 I Radio-JNI: register_android_hardware_Radio DONE
08-05 19:16:39.069 30934 30934 D AndroidRuntime: Calling main entry com.android.commands.input.Input
08-05 19:16:39.071 30934 30934 I Input   : injectMotionEvent: MotionEvent { action=ACTION_DOWN, actionButton=0, id[0]=0, x[0]=553.0, y[0]=442.0, toolType[0]=TOOL_TYPE_UNKNOWN, buttonState=0, metaState=0, flags=0x0, edgeFlags=0x0, pointerCount=1, historySize=0, eventTime=818215484, downTime=818215484, deviceId=0, source=0x1002 }
08-05 19:16:39.076 30934 30934 I Input   : injectMotionEvent: MotionEvent { action=ACTION_UP, actionButton=0, id[0]=0, x[0]=553.0, y[0]=442.0, toolType[0]=TOOL_TYPE_UNKNOWN, buttonState=0, metaState=0, flags=0x0, edgeFlags=0x0, pointerCount=1, historySize=0, eventTime=818215484, downTime=818215484, deviceId=0, source=0x1002 }
08-05 19:16:39.079 30934 30934 D AndroidRuntime: Shutting down VM
08-05 19:16:39.148   918   928 I ActivityManager: START u0 {cmp=baseline.com.newsblur/.activity.AllSharedStoriesItemsList (has extras)} from uid 10676 on display 0
08-05 19:16:39.179 29587 30096 I baseline.com.newsblur.database.BlurDatabaseHelper: reading session reset
08-05 19:16:39.270 29587 29598 I art     : Starting a blocking GC Explicit
08-05 19:16:39.332 29587 29598 I art     : Explicit concurrent mark sweep GC freed 3590(296KB) AllocSpace objects, 6(212KB) LOS objects, 29% free, 38MB/54MB, paused 2.215ms total 61.946ms
08-05 19:16:39.352 29587 29598 I art     : Starting a blocking GC Explicit
08-05 19:16:39.413 29587 29598 I art     : Explicit concurrent mark sweep GC freed 748(53KB) AllocSpace objects, 1(20KB) LOS objects, 29% free, 38MB/54MB, paused 2.282ms total 61.290ms
08-05 19:16:39.429 29587 29587 W View    : requestLayout() improperly called by android.widget.FrameLayout{9ef591d V.E...... ......ID 0,0-1440,0 #7f07003f app:id/footer_view_inner} during layout: running second layout pass
08-05 19:16:39.429 29587 29587 W View    : requestLayout() improperly called by android.widget.FrameLayout{17df792 V.E...... ......ID 0,0-1440,2091 #7f07003f app:id/footer_view_inner} during layout: running second layout pass
08-05 19:16:39.434 29587 29598 I art     : Starting a blocking GC Explicit
08-05 19:16:39.447   918   936 I ActivityManager: Displayed baseline.com.newsblur/.activity.AllSharedStoriesItemsList: +287ms
08-05 19:16:39.447 13866 13866 I GoogleInputMethodServic: GoogleInputMethodService.onFinishInput():3138 
08-05 19:16:39.448 13866 13866 I GoogleInputMethodServic: GoogleInputMethodService.onStartInput():1808 
08-05 19:16:39.493 29587 29598 I art     : Explicit concurrent mark sweep GC freed 943(85KB) AllocSpace objects, 5(100KB) LOS objects, 29% free, 38MB/54MB, paused 2.620ms total 58.078ms
08-05 19:16:39.493 29587 29597 I art     : WaitForGcToComplete blocked for 31.708ms for cause HeapTrim
08-05 19:16:39.512 29587 29598 I art     : Starting a blocking GC Explicit
08-05 19:16:39.577 29587 29598 I art     : Explicit concurrent mark sweep GC freed 1094(63KB) AllocSpace objects, 3(60KB) LOS objects, 29% free, 38MB/54MB, paused 2.471ms total 64.805ms
08-05 19:16:39.601 29587 29598 I art     : Starting a blocking GC Explicit
08-05 19:16:39.622 29587 30968 I NAPPA_EXPERIMENTATION: MetricNetworkRequestExecutionTime: REQUEST_DURATION_SYSTEM='108',REQUEST_DURATION_OKHTTP='106',REQUEST_SYNCHRONOUS='TRUE',RESPONSE_CODE='200',RESPONSE_METHOD='GET',RESPONSE_LENGTH_OKHTTP='43',RESPONSE_LENGTH_HEADER='43',REQUEST_PROTOCOL='http/1.1',REQUEST_URL='http://feeds.feedburner.com/~r/retort/~4/UffaFMiJbNs',
08-05 19:16:39.659 29587 29598 I art     : Explicit concurrent mark sweep GC freed 340(34KB) AllocSpace objects, 1(20KB) LOS objects, 29% free, 38MB/54MB, paused 2.106ms total 56.984ms
08-05 19:16:39.718 29587 29852 I NAPPA_EXPERIMENTATION: MetricNetworkRequestExecutionTime: REQUEST_DURATION_SYSTEM='178',REQUEST_DURATION_OKHTTP='177',REQUEST_SYNCHRONOUS='TRUE',RESPONSE_CODE='200',RESPONSE_METHOD='GET',RESPONSE_LENGTH_OKHTTP='56376',RESPONSE_LENGTH_HEADER='56376',REQUEST_PROTOCOL='h2',REQUEST_URL='https://images.fastcompany.net/image/upload/w_1280,q_auto,f_auto,fl_lossy/wp-cms/uploads/2020/07/p-1-quit-after-covid.jpg',
08-05 19:16:40.039 29587 29599 I art     : Starting a blocking GC Explicit
08-05 19:16:40.106 29587 29599 I art     : Explicit concurrent mark sweep GC freed 2370(156KB) AllocSpace objects, 6(3MB) LOS objects, 28% free, 40MB/56MB, paused 2.223ms total 66.657ms
08-05 19:16:40.126 29587 29599 I art     : Starting a blocking GC Explicit
08-05 19:16:40.189 29587 29599 I art     : Explicit concurrent mark sweep GC freed 60(2208B) AllocSpace objects, 0(0B) LOS objects, 28% free, 40MB/56MB, paused 2.163ms total 62.634ms
08-05 19:16:40.208 29587 29599 I art     : Starting a blocking GC Explicit
08-05 19:16:40.271 29587 29599 I art     : Explicit concurrent mark sweep GC freed 8(256B) AllocSpace objects, 0(0B) LOS objects, 28% free, 40MB/56MB, paused 2.281ms total 62.735ms
08-05 19:16:40.291 29587 29599 I art     : Starting a blocking GC Explicit
08-05 19:16:40.354 29587 29599 I art     : Explicit concurrent mark sweep GC freed 8(256B) AllocSpace objects, 0(0B) LOS objects, 28% free, 40MB/56MB, paused 2.191ms total 62.167ms
08-05 19:16:40.374 29587 29599 I art     : Starting a blocking GC Explicit
08-05 19:16:40.436 29587 29599 I art     : Explicit concurrent mark sweep GC freed 8(256B) AllocSpace objects, 0(0B) LOS objects, 28% free, 40MB/56MB, paused 2.175ms total 61.646ms
08-05 19:16:40.848 29587 29598 I art     : Starting a blocking GC Explicit
08-05 19:16:40.921 29587 29598 I art     : Explicit concurrent mark sweep GC freed 1668(93KB) AllocSpace objects, 1(20KB) LOS objects, 28% free, 40MB/56MB, paused 2.319ms total 72.557ms
08-05 19:16:40.941 29587 29598 I art     : Starting a blocking GC Explicit
08-05 19:16:41.000 29587 29598 I art     : Explicit concurrent mark sweep GC freed 33(1200B) AllocSpace objects, 0(0B) LOS objects, 28% free, 40MB/56MB, paused 2.256ms total 58.721ms
08-05 19:16:41.019 29587 29598 I art     : Starting a blocking GC Explicit
08-05 19:16:41.083 29587 29598 I art     : Explicit concurrent mark sweep GC freed 8(256B) AllocSpace objects, 0(0B) LOS objects, 28% free, 40MB/56MB, paused 2.432ms total 62.835ms
08-05 19:16:41.103 29587 29598 I art     : Starting a blocking GC Explicit
08-05 19:16:41.165 29587 29598 I art     : Explicit concurrent mark sweep GC freed 1697(66KB) AllocSpace objects, 0(0B) LOS objects, 28% free, 40MB/56MB, paused 2.511ms total 61.898ms
08-05 19:16:41.170 29587 30436 E baseline.com.newsblur.network.APIResponse: Error (unexpected end of stream on https://www.newsblur.com/...) calling https://www.newsblur.com/reader/mark_story_hashes_as_read/
08-05 19:16:41.170 29587 30436 E baseline.com.newsblur.network.APIResponse: java.io.IOException: unexpected end of stream on https://www.newsblur.com/...
08-05 19:16:41.170 29587 30436 E baseline.com.newsblur.network.APIResponse: 	at okhttp3.internal.http1.Http1ExchangeCodec.readResponseHeaders(Http1ExchangeCodec.java:236)
08-05 19:16:41.170 29587 30436 E baseline.com.newsblur.network.APIResponse: 	at okhttp3.internal.connection.Exchange.readResponseHeaders(Exchange.java:115)
08-05 19:16:41.170 29587 30436 E baseline.com.newsblur.network.APIResponse: 	at okhttp3.internal.http.CallServerInterceptor.intercept(CallServerInterceptor.java:94)
08-05 19:16:41.170 29587 30436 E baseline.com.newsblur.network.APIResponse: 	at okhttp3.internal.http.RealInterceptorChain.proceed(RealInterceptorChain.java:142)
08-05 19:16:41.170 29587 30436 E baseline.com.newsblur.network.APIResponse: 	at okhttp3.internal.connection.ConnectInterceptor.intercept(ConnectInterceptor.java:43)
08-05 19:16:41.170 29587 30436 E baseline.com.newsblur.network.APIResponse: 	at okhttp3.internal.http.RealInterceptorChain.proceed(RealInterceptorChain.java:142)
08-05 19:16:41.170 29587 30436 E baseline.com.newsblur.network.APIResponse: 	at okhttp3.internal.http.RealInterceptorChain.proceed(RealInterceptorChain.java:117)
08-05 19:16:41.170 29587 30436 E baseline.com.newsblur.network.APIResponse: 	at okhttp3.internal.cache.CacheInterceptor.intercept(CacheInterceptor.java:94)
08-05 19:16:41.170 29587 30436 E baseline.com.newsblur.network.APIResponse: 	at okhttp3.internal.http.RealInterceptorChain.proceed(RealInterceptorChain.java:142)
08-05 19:16:41.170 29587 30436 E baseline.com.newsblur.network.APIResponse: 	at okhttp3.internal.http.RealInterceptorChain.proceed(RealInterceptorChain.java:117)
08-05 19:16:41.170 29587 30436 E baseline.com.newsblur.network.APIResponse: 	at okhttp3.internal.http.BridgeInterceptor.intercept(BridgeInterceptor.java:93)
08-05 19:16:41.170 29587 30436 E baseline.com.newsblur.network.APIResponse: 	at okhttp3.internal.http.RealInterceptorChain.proceed(RealInterceptorChain.java:142)
08-05 19:16:41.170 29587 30436 E baseline.com.newsblur.network.APIResponse: 	at okhttp3.internal.http.RetryAndFollowUpInterceptor.intercept(RetryAndFollowUpInterceptor.java:88)
08-05 19:16:41.170 29587 30436 E baseline.com.newsblur.network.APIResponse: 	at okhttp3.internal.http.RealInterceptorChain.proceed(RealInterceptorChain.java:142)
08-05 19:16:41.170 29587 30436 E baseline.com.newsblur.network.APIResponse: 	at okhttp3.internal.http.RealInterceptorChain.proceed(RealInterceptorChain.java:117)
08-05 19:16:41.170 29587 30436 E baseline.com.newsblur.network.APIResponse: 	at okhttp3.RealCall.getResponseWithInterceptorChain(RealCall.java:229)
08-05 19:16:41.170 29587 30436 E baseline.com.newsblur.network.APIResponse: 	at okhttp3.RealCall.execute(RealCall.java:81)
08-05 19:16:41.170 29587 30436 E baseline.com.newsblur.network.APIResponse: 	at baseline.com.newsblur.network.APIResponse.<init>(APIResponse.java:57)
08-05 19:16:41.170 29587 30436 E baseline.com.newsblur.network.APIResponse: 	at baseline.com.newsblur.network.APIResponse.<init>(APIResponse.java:43)
08-05 19:16:41.170 29587 30436 E baseline.com.newsblur.network.APIResponse: 	at baseline.com.newsblur.network.APIManager.post_single(APIManager.java:702)
08-05 19:16:41.170 29587 30436 E baseline.com.newsblur.network.APIResponse: 	at baseline.com.newsblur.network.APIManager.post(APIManager.java:675)
08-05 19:16:41.170 29587 30436 E baseline.com.newsblur.network.APIResponse: 	at baseline.com.newsblur.network.APIManager.post(APIManager.java:714)
08-05 19:16:41.170 29587 30436 E baseline.com.newsblur.network.APIResponse: 	at baseline.com.newsblur.network.APIManager.markStoryAsRead(APIManager.java:205)
08-05 19:16:41.170 29587 30436 E baseline.com.newsblur.network.APIResponse: 	at baseline.com.newsblur.util.ReadingAction.doRemote(ReadingAction.java:281)
08-05 19:16:41.170 29587 30436 E baseline.com.newsblur.network.APIResponse: 	at baseline.com.newsblur.service.NBSyncService.syncActions(NBSyncService.java:400)
08-05 19:16:41.170 29587 30436 E baseline.com.newsblur.network.APIResponse: 	at baseline.com.newsblur.service.NBSyncService.doSync(NBSyncService.java:298)
08-05 19:16:41.170 29587 30436 E baseline.com.newsblur.network.APIResponse: 	at baseline.com.newsblur.service.NBSyncService.access$100(NBSyncService.java:67)
08-05 19:16:41.170 29587 30436 E baseline.com.newsblur.network.APIResponse: 	at baseline.com.newsblur.service.NBSyncService$1.run(NBSyncService.java:188)
08-05 19:16:41.170 29587 30436 E baseline.com.newsblur.network.APIResponse: 	at java.util.concurrent.ThreadPoolExecutor.runWorker(ThreadPoolExecutor.java:1113)
08-05 19:16:41.170 29587 30436 E baseline.com.newsblur.network.APIResponse: 	at java.util.concurrent.ThreadPoolExecutor$Worker.run(ThreadPoolExecutor.java:588)
08-05 19:16:41.170 29587 30436 E baseline.com.newsblur.network.APIResponse: 	at java.lang.Thread.run(Thread.java:818)
08-05 19:16:41.170 29587 30436 E baseline.com.newsblur.network.APIResponse: Caused by: java.io.EOFException: \n not found: limit=0 content=
08-05 19:16:41.170 29587 30436 E baseline.com.newsblur.network.APIResponse: 	at okio.RealBufferedSource.readUtf8LineStrict(RealBufferedSource.java:240)
08-05 19:16:41.170 29587 30436 E baseline.com.newsblur.network.APIResponse: 	at okhttp3.internal.http1.Http1ExchangeCodec.readHeaderLine(Http1ExchangeCodec.java:242)
08-05 19:16:41.170 29587 30436 E baseline.com.newsblur.network.APIResponse: 	at okhttp3.internal.http1.Http1ExchangeCodec.readResponseHeaders(Http1ExchangeCodec.java:213)
08-05 19:16:41.170 29587 30436 E baseline.com.newsblur.network.APIResponse: 	... 30 more
08-05 19:16:41.171 29587 30436 I baseline.com.newsblur.service.NBSyncService: Holding reading action with server-side or network error.
08-05 19:16:41.182 29587 30436 W baseline.com.newsblur.service.NBSyncService: hard API failure
08-05 19:16:41.185 29587 29598 I art     : Starting a blocking GC Explicit
08-05 19:16:41.195 29587 30436 I baseline.com.newsblur.service.NBSyncService: recounting dirty feed sets: 1
08-05 19:16:41.245 29587 29598 I art     : Explicit concurrent mark sweep GC freed 1750(292KB) AllocSpace objects, 4(80KB) LOS objects, 28% free, 40MB/56MB, paused 2.353ms total 59.360ms
08-05 19:16:41.584 29587 30436 E baseline.com.newsblur.network.APIResponse: Error (unexpected end of stream on https://www.newsblur.com/...) calling https://www.newsblur.com/reader/feed_unread_count?feed_id=0
08-05 19:16:41.584 29587 30436 E baseline.com.newsblur.network.APIResponse: java.io.IOException: unexpected end of stream on https://www.newsblur.com/...
08-05 19:16:41.584 29587 30436 E baseline.com.newsblur.network.APIResponse: 	at okhttp3.internal.http1.Http1ExchangeCodec.readResponseHeaders(Http1ExchangeCodec.java:236)
08-05 19:16:41.584 29587 30436 E baseline.com.newsblur.network.APIResponse: 	at okhttp3.internal.connection.Exchange.readResponseHeaders(Exchange.java:115)
08-05 19:16:41.584 29587 30436 E baseline.com.newsblur.network.APIResponse: 	at okhttp3.internal.http.CallServerInterceptor.intercept(CallServerInterceptor.java:94)
08-05 19:16:41.584 29587 30436 E baseline.com.newsblur.network.APIResponse: 	at okhttp3.internal.http.RealInterceptorChain.proceed(RealInterceptorChain.java:142)
08-05 19:16:41.584 29587 30436 E baseline.com.newsblur.network.APIResponse: 	at okhttp3.internal.connection.ConnectInterceptor.intercept(ConnectInterceptor.java:43)
08-05 19:16:41.584 29587 30436 E baseline.com.newsblur.network.APIResponse: 	at okhttp3.internal.http.RealInterceptorChain.proceed(RealInterceptorChain.java:142)
08-05 19:16:41.584 29587 30436 E baseline.com.newsblur.network.APIResponse: 	at okhttp3.internal.http.RealInterceptorChain.proceed(RealInterceptorChain.java:117)
08-05 19:16:41.584 29587 30436 E baseline.com.newsblur.network.APIResponse: 	at okhttp3.internal.cache.CacheInterceptor.intercept(CacheInterceptor.java:94)
08-05 19:16:41.584 29587 30436 E baseline.com.newsblur.network.APIResponse: 	at okhttp3.internal.http.RealInterceptorChain.proceed(RealInterceptorChain.java:142)
08-05 19:16:41.584 29587 30436 E baseline.com.newsblur.network.APIResponse: 	at okhttp3.internal.http.RealInterceptorChain.proceed(RealInterceptorChain.java:117)
08-05 19:16:41.584 29587 30436 E baseline.com.newsblur.network.APIResponse: 	at okhttp3.internal.http.BridgeInterceptor.intercept(BridgeInterceptor.java:93)
08-05 19:16:41.584 29587 30436 E baseline.com.newsblur.network.APIResponse: 	at okhttp3.internal.http.RealInterceptorChain.proceed(RealInterceptorChain.java:142)
08-05 19:16:41.584 29587 30436 E baseline.com.newsblur.network.APIResponse: 	at okhttp3.internal.http.RetryAndFollowUpInterceptor.intercept(RetryAndFollowUpInterceptor.java:88)
08-05 19:16:41.584 29587 30436 E baseline.com.newsblur.network.APIResponse: 	at okhttp3.internal.http.RealInterceptorChain.proceed(RealInterceptorChain.java:142)
08-05 19:16:41.584 29587 30436 E baseline.com.newsblur.network.APIResponse: 	at okhttp3.internal.http.RealInterceptorChain.proceed(RealInterceptorChain.java:117)
08-05 19:16:41.584 29587 30436 E baseline.com.newsblur.network.APIResponse: 	at okhttp3.RealCall.getResponseWithInterceptorChain(RealCall.java:229)
08-05 19:16:41.584 29587 30436 E baseline.com.newsblur.network.APIResponse: 	at okhttp3.RealCall.execute(RealCall.java:81)
08-05 19:16:41.584 29587 30436 E baseline.com.newsblur.network.APIResponse: 	at baseline.com.newsblur.network.APIResponse.<init>(APIResponse.java:57)
08-05 19:16:41.584 29587 30436 E baseline.com.newsblur.network.APIResponse: 	at baseline.com.newsblur.network.APIManager.get_single(APIManager.java:639)
08-05 19:16:41.584 29587 30436 E baseline.com.newsblur.network.APIResponse: 	at baseline.com.newsblur.network.APIManager.get(APIManager.java:625)
08-05 19:16:41.584 29587 30436 E baseline.com.newsblur.network.APIResponse: 	at baseline.com.newsblur.network.APIManager.get(APIManager.java:667)
08-05 19:16:41.584 29587 30436 E baseline.com.newsblur.network.APIResponse: 	at baseline.com.newsblur.network.APIManager.getFeedUnreadCounts(APIManager.java:274)
08-05 19:16:41.584 29587 30436 E baseline.com.newsblur.network.APIResponse: 	at baseline.com.newsblur.service.NBSyncService.checkRecounts(NBSyncService.java:660)
08-05 19:16:41.584 29587 30436 E baseline.com.newsblur.network.APIResponse: 	at baseline.com.newsblur.service.NBSyncService.doSync(NBSyncService.java:310)
08-05 19:16:41.584 29587 30436 E baseline.com.newsblur.network.APIResponse: 	at baseline.com.newsblur.service.NBSyncService.access$100(NBSyncService.java:67)
08-05 19:16:41.584 29587 30436 E baseline.com.newsblur.network.APIResponse: 	at baseline.com.newsblur.service.NBSyncService$1.run(NBSyncService.java:188)
08-05 19:16:41.584 29587 30436 E baseline.com.newsblur.network.APIResponse: 	at java.util.concurrent.ThreadPoolExecutor.runWorker(ThreadPoolExecutor.java:1113)
08-05 19:16:41.584 29587 30436 E baseline.com.newsblur.network.APIResponse: 	at java.util.concurrent.ThreadPoolExecutor$Worker.run(ThreadPoolExecutor.java:588)
08-05 19:16:41.584 29587 30436 E baseline.com.newsblur.network.APIResponse: 	at java.lang.Thread.run(Thread.java:818)
08-05 19:16:41.584 29587 30436 E baseline.com.newsblur.network.APIResponse: Caused by: java.io.EOFException: \n not found: limit=0 content=
08-05 19:16:41.584 29587 30436 E baseline.com.newsblur.network.APIResponse: 	at okio.RealBufferedSource.readUtf8LineStrict(RealBufferedSource.java:240)
08-05 19:16:41.584 29587 30436 E baseline.com.newsblur.network.APIResponse: 	at okhttp3.internal.http1.Http1ExchangeCodec.readHeaderLine(Http1ExchangeCodec.java:242)
08-05 19:16:41.584 29587 30436 E baseline.com.newsblur.network.APIResponse: 	at okhttp3.internal.http1.Http1ExchangeCodec.readResponseHeaders(Http1ExchangeCodec.java:213)
08-05 19:16:41.584 29587 30436 E baseline.com.newsblur.network.APIResponse: 	... 28 more
08-05 19:16:41.585 29587 30436 I baseline.com.newsblur.network.APIManager: API call failed, pausing before retry number 1
08-05 19:16:41.637 29587 29598 I art     : Starting a blocking GC Explicit
08-05 19:16:41.702 29587 29598 I art     : Explicit concurrent mark sweep GC freed 4165(364KB) AllocSpace objects, 3(60KB) LOS objects, 28% free, 40MB/56MB, paused 2.355ms total 64.371ms
08-05 19:16:41.722 29587 29598 I art     : Starting a blocking GC Explicit
08-05 19:16:41.785 29587 29598 I art     : Explicit concurrent mark sweep GC freed 144(5KB) AllocSpace objects, 0(0B) LOS objects, 28% free, 40MB/56MB, paused 2.332ms total 62.675ms
08-05 19:16:41.805 29587 29598 I art     : Starting a blocking GC Explicit
08-05 19:16:41.868 29587 29598 I art     : Explicit concurrent mark sweep GC freed 8(256B) AllocSpace objects, 0(0B) LOS objects, 28% free, 40MB/56MB, paused 2.356ms total 62.559ms
08-05 19:16:41.888 29587 29598 I art     : Starting a blocking GC Explicit
08-05 19:16:41.952 29587 29598 I art     : Explicit concurrent mark sweep GC freed 8(256B) AllocSpace objects, 0(0B) LOS objects, 28% free, 40MB/56MB, paused 2.373ms total 63.599ms
08-05 19:16:41.972 29587 29598 I art     : Starting a blocking GC Explicit
08-05 19:16:42.035 29587 29598 I art     : Explicit concurrent mark sweep GC freed 8(256B) AllocSpace objects, 0(0B) LOS objects, 28% free, 40MB/56MB, paused 2.317ms total 62.670ms
08-05 19:16:42.428 29587 29598 I art     : Starting a blocking GC Explicit
08-05 19:16:42.493 29587 29598 I art     : Explicit concurrent mark sweep GC freed 1472(84KB) AllocSpace objects, 1(20KB) LOS objects, 28% free, 40MB/56MB, paused 2.208ms total 64.398ms
08-05 19:16:42.514 29587 29598 I art     : Starting a blocking GC Explicit
08-05 19:16:42.576 29587 29598 I art     : Explicit concurrent mark sweep GC freed 27(944B) AllocSpace objects, 0(0B) LOS objects, 28% free, 40MB/56MB, paused 2.177ms total 61.726ms
08-05 19:16:42.596 29587 29598 I art     : Starting a blocking GC Explicit
08-05 19:16:42.658 29587 29598 I art     : Explicit concurrent mark sweep GC freed 8(256B) AllocSpace objects, 0(0B) LOS objects, 28% free, 40MB/56MB, paused 2.039ms total 61.477ms
08-05 19:16:42.678 29587 29598 I art     : Starting a blocking GC Explicit
08-05 19:16:42.740 29587 29598 I art     : Explicit concurrent mark sweep GC freed 8(256B) AllocSpace objects, 0(0B) LOS objects, 28% free, 40MB/56MB, paused 2.196ms total 61.290ms
08-05 19:16:42.759 29587 29598 I art     : Starting a blocking GC Explicit
08-05 19:16:42.821 29587 29598 I art     : Explicit concurrent mark sweep GC freed 8(256B) AllocSpace objects, 0(0B) LOS objects, 28% free, 40MB/56MB, paused 2.229ms total 61.129ms
08-05 19:16:43.239 29587 29808 I art     : Starting a blocking GC Explicit
08-05 19:16:43.305 29587 29808 I art     : Explicit concurrent mark sweep GC freed 1642(93KB) AllocSpace objects, 1(20KB) LOS objects, 28% free, 40MB/56MB, paused 2.291ms total 65.632ms
08-05 19:16:43.325 29587 29808 I art     : Starting a blocking GC Explicit
08-05 19:16:43.388 29587 29808 I art     : Explicit concurrent mark sweep GC freed 33(1200B) AllocSpace objects, 0(0B) LOS objects, 28% free, 40MB/56MB, paused 2.312ms total 61.908ms
08-05 19:16:43.408 29587 29808 I art     : Starting a blocking GC Explicit
08-05 19:16:43.470 29587 29808 I art     : Explicit concurrent mark sweep GC freed 8(256B) AllocSpace objects, 0(0B) LOS objects, 28% free, 40MB/56MB, paused 2.415ms total 61.465ms
08-05 19:16:43.491 29587 29808 I art     : Starting a blocking GC Explicit
08-05 19:16:43.553 29587 29808 I art     : Explicit concurrent mark sweep GC freed 8(256B) AllocSpace objects, 0(0B) LOS objects, 28% free, 40MB/56MB, paused 2.442ms total 62.324ms
08-05 19:16:43.574 29587 29808 I art     : Starting a blocking GC Explicit
08-05 19:16:43.637 29587 29808 I art     : Explicit concurrent mark sweep GC freed 1700(66KB) AllocSpace objects, 0(0B) LOS objects, 28% free, 40MB/56MB, paused 2.424ms total 63.258ms
08-05 19:16:43.638 29587 30436 E baseline.com.newsblur.network.APIResponse: Error (unexpected end of stream on https://www.newsblur.com/...) calling https://www.newsblur.com/reader/feed_unread_count?feed_id=0
08-05 19:16:43.638 29587 30436 E baseline.com.newsblur.network.APIResponse: java.io.IOException: unexpected end of stream on https://www.newsblur.com/...
08-05 19:16:43.638 29587 30436 E baseline.com.newsblur.network.APIResponse: 	at okhttp3.internal.http1.Http1ExchangeCodec.readResponseHeaders(Http1ExchangeCodec.java:236)
08-05 19:16:43.638 29587 30436 E baseline.com.newsblur.network.APIResponse: 	at okhttp3.internal.connection.Exchange.readResponseHeaders(Exchange.java:115)
08-05 19:16:43.638 29587 30436 E baseline.com.newsblur.network.APIResponse: 	at okhttp3.internal.http.CallServerInterceptor.intercept(CallServerInterceptor.java:94)
08-05 19:16:43.638 29587 30436 E baseline.com.newsblur.network.APIResponse: 	at okhttp3.internal.http.RealInterceptorChain.proceed(RealInterceptorChain.java:142)
08-05 19:16:43.638 29587 30436 E baseline.com.newsblur.network.APIResponse: 	at okhttp3.internal.connection.ConnectInterceptor.intercept(ConnectInterceptor.java:43)
08-05 19:16:43.638 29587 30436 E baseline.com.newsblur.network.APIResponse: 	at okhttp3.internal.http.RealInterceptorChain.proceed(RealInterceptorChain.java:142)
08-05 19:16:43.638 29587 30436 E baseline.com.newsblur.network.APIResponse: 	at okhttp3.internal.http.RealInterceptorChain.proceed(RealInterceptorChain.java:117)
08-05 19:16:43.638 29587 30436 E baseline.com.newsblur.network.APIResponse: 	at okhttp3.internal.cache.CacheInterceptor.intercept(CacheInterceptor.java:94)
08-05 19:16:43.638 29587 30436 E baseline.com.newsblur.network.APIResponse: 	at okhttp3.internal.http.RealInterceptorChain.proceed(RealInterceptorChain.java:142)
08-05 19:16:43.638 29587 30436 E baseline.com.newsblur.network.APIResponse: 	at okhttp3.internal.http.RealInterceptorChain.proceed(RealInterceptorChain.java:117)
08-05 19:16:43.638 29587 30436 E baseline.com.newsblur.network.APIResponse: 	at okhttp3.internal.http.BridgeInterceptor.intercept(BridgeInterceptor.java:93)
08-05 19:16:43.638 29587 30436 E baseline.com.newsblur.network.APIResponse: 	at okhttp3.internal.http.RealInterceptorChain.proceed(RealInterceptorChain.java:142)
08-05 19:16:43.638 29587 30436 E baseline.com.newsblur.network.APIResponse: 	at okhttp3.internal.http.RetryAndFollowUpInterceptor.intercept(RetryAndFollowUpInterceptor.java:88)
08-05 19:16:43.638 29587 30436 E baseline.com.newsblur.network.APIResponse: 	at okhttp3.internal.http.RealInterceptorChain.proceed(RealInterceptorChain.java:142)
08-05 19:16:43.638 29587 30436 E baseline.com.newsblur.network.APIResponse: 	at okhttp3.internal.http.RealInterceptorChain.proceed(RealInterceptorChain.java:117)
08-05 19:16:43.638 29587 30436 E baseline.com.newsblur.network.APIResponse: 	at okhttp3.RealCall.getResponseWithInterceptorChain(RealCall.java:229)
08-05 19:16:43.638 29587 30436 E baseline.com.newsblur.network.APIResponse: 	at okhttp3.RealCall.execute(RealCall.java:81)
08-05 19:16:43.638 29587 30436 E baseline.com.newsblur.network.APIResponse: 	at baseline.com.newsblur.network.APIResponse.<init>(APIResponse.java:57)
08-05 19:16:43.638 29587 30436 E baseline.com.newsblur.network.APIResponse: 	at baseline.com.newsblur.network.APIManager.get_single(APIManager.java:639)
08-05 19:16:43.638 29587 30436 E baseline.com.newsblur.network.APIResponse: 	at baseline.com.newsblur.network.APIManager.get(APIManager.java:625)
08-05 19:16:43.638 29587 30436 E baseline.com.newsblur.network.APIResponse: 	at baseline.com.newsblur.network.APIManager.get(APIManager.java:667)
08-05 19:16:43.638 29587 30436 E baseline.com.newsblur.network.APIResponse: 	at baseline.com.newsblur.network.APIManager.getFeedUnreadCounts(APIManager.java:274)
08-05 19:16:43.638 29587 30436 E baseline.com.newsblur.network.APIResponse: 	at baseline.com.newsblur.service.NBSyncService.checkRecounts(NBSyncService.java:660)
08-05 19:16:43.638 29587 30436 E baseline.com.newsblur.network.APIResponse: 	at baseline.com.newsblur.service.NBSyncService.doSync(NBSyncService.java:310)
08-05 19:16:43.638 29587 30436 E baseline.com.newsblur.network.APIResponse: 	at baseline.com.newsblur.service.NBSyncService.access$100(NBSyncService.java:67)
08-05 19:16:43.638 29587 30436 E baseline.com.newsblur.network.APIResponse: 	at baseline.com.newsblur.service.NBSyncService$1.run(NBSyncService.java:188)
08-05 19:16:43.638 29587 30436 E baseline.com.newsblur.network.APIResponse: 	at java.util.concurrent.ThreadPoolExecutor.runWorker(ThreadPoolExecutor.java:1113)
08-05 19:16:43.638 29587 30436 E baseline.com.newsblur.network.APIResponse: 	at java.util.concurrent.ThreadPoolExecutor$Worker.run(ThreadPoolExecutor.java:588)
08-05 19:16:43.638 29587 30436 E baseline.com.newsblur.network.APIResponse: 	at java.lang.Thread.run(Thread.java:818)
08-05 19:16:43.638 29587 30436 E baseline.com.newsblur.network.APIResponse: Caused by: java.io.EOFException: \n not found: limit=0 content=
08-05 19:16:43.638 29587 30436 E baseline.com.newsblur.network.APIResponse: 	at okio.RealBufferedSource.readUtf8LineStrict(RealBufferedSource.java:240)
08-05 19:16:43.638 29587 30436 E baseline.com.newsblur.network.APIResponse: 	at okhttp3.internal.http1.Http1ExchangeCodec.readHeaderLine(Http1ExchangeCodec.java:242)
08-05 19:16:43.638 29587 30436 E baseline.com.newsblur.network.APIResponse: 	at okhttp3.internal.http1.Http1ExchangeCodec.readResponseHeaders(Http1ExchangeCodec.java:213)
08-05 19:16:43.638 29587 30436 E baseline.com.newsblur.network.APIResponse: 	... 28 more
08-05 19:16:43.640 29587 30436 I baseline.com.newsblur.network.APIManager: API call failed, pausing before retry number 2
08-05 19:16:44.031 29587 29598 I art     : Starting a blocking GC Explicit
08-05 19:16:44.096 29587 29598 I art     : Explicit concurrent mark sweep GC freed 2325(292KB) AllocSpace objects, 3(60KB) LOS objects, 28% free, 40MB/56MB, paused 2.075ms total 64.514ms
08-05 19:16:44.116 29587 29598 I art     : Starting a blocking GC Explicit
08-05 19:16:44.179 29587 29598 I art     : Explicit concurrent mark sweep GC freed 71(2640B) AllocSpace objects, 0(0B) LOS objects, 28% free, 40MB/56MB, paused 2.379ms total 61.910ms
08-05 19:16:44.199 29587 29598 I art     : Starting a blocking GC Explicit
08-05 19:16:44.260 29587 29598 I art     : Explicit concurrent mark sweep GC freed 8(256B) AllocSpace objects, 0(0B) LOS objects, 28% free, 40MB/56MB, paused 2.086ms total 61.208ms
08-05 19:16:44.280 29587 29598 I art     : Starting a blocking GC Explicit
08-05 19:16:44.343 29587 29598 I art     : Explicit concurrent mark sweep GC freed 8(256B) AllocSpace objects, 0(0B) LOS objects, 28% free, 40MB/56MB, paused 2.151ms total 62.162ms
08-05 19:16:44.363 29587 29598 I art     : Starting a blocking GC Explicit
08-05 19:16:44.426 29587 29598 I art     : Explicit concurrent mark sweep GC freed 8(256B) AllocSpace objects, 0(0B) LOS objects, 28% free, 40MB/56MB, paused 2.097ms total 62.756ms
08-05 19:16:44.826 29587 29808 I art     : Starting a blocking GC Explicit
08-05 19:16:44.891 29587 29808 I art     : Explicit concurrent mark sweep GC freed 1473(84KB) AllocSpace objects, 1(20KB) LOS objects, 28% free, 40MB/56MB, paused 2.224ms total 65.234ms
08-05 19:16:44.911 29587 29808 I art     : Starting a blocking GC Explicit
08-05 19:16:44.974 29587 29808 I art     : Explicit concurrent mark sweep GC freed 27(944B) AllocSpace objects, 0(0B) LOS objects, 28% free, 40MB/56MB, paused 2.272ms total 62.205ms
08-05 19:16:44.994 29587 29808 I art     : Starting a blocking GC Explicit
08-05 19:16:45.056 29587 29808 I art     : Explicit concurrent mark sweep GC freed 8(256B) AllocSpace objects, 0(0B) LOS objects, 28% free, 40MB/56MB, paused 2.227ms total 60.749ms
08-05 19:16:45.076 29587 29808 I art     : Starting a blocking GC Explicit
08-05 19:16:45.139 29587 29808 I art     : Explicit concurrent mark sweep GC freed 8(256B) AllocSpace objects, 0(0B) LOS objects, 28% free, 40MB/56MB, paused 2.243ms total 62.808ms
08-05 19:16:45.159 29587 29808 I art     : Starting a blocking GC Explicit
08-05 19:16:45.221 29587 29808 I art     : Explicit concurrent mark sweep GC freed 8(256B) AllocSpace objects, 0(0B) LOS objects, 28% free, 40MB/56MB, paused 2.246ms total 61.299ms
08-05 19:16:45.478   518   646 I ThermalEngine: ACTION: GPU - Setting GPU[0] to 450000000
08-05 19:16:45.610 29587 29808 I art     : Starting a blocking GC Explicit
08-05 19:16:45.663 29587 29808 I art     : Explicit concurrent mark sweep GC freed 1471(84KB) AllocSpace objects, 1(20KB) LOS objects, 28% free, 40MB/56MB, paused 1.446ms total 52.494ms
08-05 19:16:45.676 29587 29808 I art     : Starting a blocking GC Explicit
08-05 19:16:45.729 29587 29808 I art     : Explicit concurrent mark sweep GC freed 26(912B) AllocSpace objects, 0(0B) LOS objects, 28% free, 40MB/56MB, paused 1.755ms total 51.941ms
08-05 19:16:45.742 29587 29808 I art     : Starting a blocking GC Explicit
08-05 19:16:45.792 29587 29808 I art     : Explicit concurrent mark sweep GC freed 7(224B) AllocSpace objects, 0(0B) LOS objects, 28% free, 40MB/56MB, paused 1.402ms total 49.327ms
08-05 19:16:45.805 29587 29808 I art     : Starting a blocking GC Explicit
08-05 19:16:45.856 29587 29808 I art     : Explicit concurrent mark sweep GC freed 7(224B) AllocSpace objects, 0(0B) LOS objects, 28% free, 40MB/56MB, paused 1.420ms total 50.640ms
08-05 19:16:45.870 29587 29808 I art     : Starting a blocking GC Explicit
08-05 19:16:45.921 29587 29808 I art     : Explicit concurrent mark sweep GC freed 7(224B) AllocSpace objects, 0(0B) LOS objects, 28% free, 40MB/56MB, paused 1.411ms total 51.183ms
08-05 19:16:46.318 29587 29599 I art     : Starting a blocking GC Explicit
08-05 19:16:46.372 29587 29599 I art     : Explicit concurrent mark sweep GC freed 1470(83KB) AllocSpace objects, 1(20KB) LOS objects, 28% free, 40MB/56MB, paused 1.413ms total 54.087ms
08-05 19:16:46.386 29587 29599 I art     : Starting a blocking GC Explicit
08-05 19:16:46.437 29587 29599 I art     : Explicit concurrent mark sweep GC freed 26(912B) AllocSpace objects, 0(0B) LOS objects, 28% free, 40MB/56MB, paused 1.424ms total 49.774ms
08-05 19:16:46.450 29587 29599 I art     : Starting a blocking GC Explicit
08-05 19:16:46.503 29587 29599 I art     : Explicit concurrent mark sweep GC freed 7(224B) AllocSpace objects, 0(0B) LOS objects, 28% free, 40MB/56MB, paused 1.418ms total 52.173ms
08-05 19:16:46.517 29587 29599 I art     : Starting a blocking GC Explicit
08-05 19:16:46.568 29587 29599 I art     : Explicit concurrent mark sweep GC freed 7(224B) AllocSpace objects, 0(0B) LOS objects, 28% free, 40MB/56MB, paused 1.515ms total 50.898ms
08-05 19:16:46.581 29587 29599 I art     : Starting a blocking GC Explicit
08-05 19:16:46.633 29587 29599 I art     : Explicit concurrent mark sweep GC freed 6(192B) AllocSpace objects, 0(0B) LOS objects, 28% free, 40MB/56MB, paused 1.501ms total 51.765ms
08-05 19:16:47.011 29587 29808 I art     : Starting a blocking GC Explicit
08-05 19:16:47.064 29587 29808 I art     : Explicit concurrent mark sweep GC freed 1636(92KB) AllocSpace objects, 1(20KB) LOS objects, 28% free, 40MB/56MB, paused 1.567ms total 52.273ms
08-05 19:16:47.077 29587 29808 I art     : Starting a blocking GC Explicit
08-05 19:16:47.129 29587 29808 I art     : Explicit concurrent mark sweep GC freed 32(1168B) AllocSpace objects, 0(0B) LOS objects, 28% free, 40MB/56MB, paused 1.592ms total 51.231ms
08-05 19:16:47.142 29587 29808 I art     : Starting a blocking GC Explicit
08-05 19:16:47.192 29587 29808 I art     : Explicit concurrent mark sweep GC freed 1601(62KB) AllocSpace objects, 0(0B) LOS objects, 28% free, 40MB/56MB, paused 1.419ms total 49.007ms
08-05 19:16:47.205 29587 29808 I art     : Starting a blocking GC Explicit
08-05 19:16:47.239 29587 30436 E baseline.com.newsblur.network.APIResponse: Error (unexpected end of stream on https://www.newsblur.com/...) calling https://www.newsblur.com/reader/feed_unread_count?feed_id=0
08-05 19:16:47.239 29587 30436 E baseline.com.newsblur.network.APIResponse: java.io.IOException: unexpected end of stream on https://www.newsblur.com/...
08-05 19:16:47.239 29587 30436 E baseline.com.newsblur.network.APIResponse: 	at okhttp3.internal.http1.Http1ExchangeCodec.readResponseHeaders(Http1ExchangeCodec.java:236)
08-05 19:16:47.239 29587 30436 E baseline.com.newsblur.network.APIResponse: 	at okhttp3.internal.connection.Exchange.readResponseHeaders(Exchange.java:115)
08-05 19:16:47.239 29587 30436 E baseline.com.newsblur.network.APIResponse: 	at okhttp3.internal.http.CallServerInterceptor.intercept(CallServerInterceptor.java:94)
08-05 19:16:47.239 29587 30436 E baseline.com.newsblur.network.APIResponse: 	at okhttp3.internal.http.RealInterceptorChain.proceed(RealInterceptorChain.java:142)
08-05 19:16:47.239 29587 30436 E baseline.com.newsblur.network.APIResponse: 	at okhttp3.internal.connection.ConnectInterceptor.intercept(ConnectInterceptor.java:43)
08-05 19:16:47.239 29587 30436 E baseline.com.newsblur.network.APIResponse: 	at okhttp3.internal.http.RealInterceptorChain.proceed(RealInterceptorChain.java:142)
08-05 19:16:47.239 29587 30436 E baseline.com.newsblur.network.APIResponse: 	at okhttp3.internal.http.RealInterceptorChain.proceed(RealInterceptorChain.java:117)
08-05 19:16:47.239 29587 30436 E baseline.com.newsblur.network.APIResponse: 	at okhttp3.internal.cache.CacheInterceptor.intercept(CacheInterceptor.java:94)
08-05 19:16:47.239 29587 30436 E baseline.com.newsblur.network.APIResponse: 	at okhttp3.internal.http.RealInterceptorChain.proceed(RealInterceptorChain.java:142)
08-05 19:16:47.239 29587 30436 E baseline.com.newsblur.network.APIResponse: 	at okhttp3.internal.http.RealInterceptorChain.proceed(RealInterceptorChain.java:117)
08-05 19:16:47.239 29587 30436 E baseline.com.newsblur.network.APIResponse: 	at okhttp3.internal.http.BridgeInterceptor.intercept(BridgeInterceptor.java:93)
08-05 19:16:47.239 29587 30436 E baseline.com.newsblur.network.APIResponse: 	at okhttp3.internal.http.RealInterceptorChain.proceed(RealInterceptorChain.java:142)
08-05 19:16:47.239 29587 30436 E baseline.com.newsblur.network.APIResponse: 	at okhttp3.internal.http.RetryAndFollowUpInterceptor.intercept(RetryAndFollowUpInterceptor.java:88)
08-05 19:16:47.239 29587 30436 E baseline.com.newsblur.network.APIResponse: 	at okhttp3.internal.http.RealInterceptorChain.proceed(RealInterceptorChain.java:142)
08-05 19:16:47.239 29587 30436 E baseline.com.newsblur.network.APIResponse: 	at okhttp3.internal.http.RealInterceptorChain.proceed(RealInterceptorChain.java:117)
08-05 19:16:47.239 29587 30436 E baseline.com.newsblur.network.APIResponse: 	at okhttp3.RealCall.getResponseWithInterceptorChain(RealCall.java:229)
08-05 19:16:47.239 29587 30436 E baseline.com.newsblur.network.APIResponse: 	at okhttp3.RealCall.execute(RealCall.java:81)
08-05 19:16:47.239 29587 30436 E baseline.com.newsblur.network.APIResponse: 	at baseline.com.newsblur.network.APIResponse.<init>(APIResponse.java:57)
08-05 19:16:47.239 29587 30436 E baseline.com.newsblur.network.APIResponse: 	at baseline.com.newsblur.network.APIManager.get_single(APIManager.java:639)
08-05 19:16:47.239 29587 30436 E baseline.com.newsblur.network.APIResponse: 	at baseline.com.newsblur.network.APIManager.get(APIManager.java:625)
08-05 19:16:47.239 29587 30436 E baseline.com.newsblur.network.APIResponse: 	at baseline.com.newsblur.network.APIManager.get(APIManager.java:667)
08-05 19:16:47.239 29587 30436 E baseline.com.newsblur.network.APIResponse: 	at baseline.com.newsblur.network.APIManager.getFeedUnreadCounts(APIManager.java:274)
08-05 19:16:47.239 29587 30436 E baseline.com.newsblur.network.APIResponse: 	at baseline.com.newsblur.service.NBSyncService.checkRecounts(NBSyncService.java:660)
08-05 19:16:47.239 29587 30436 E baseline.com.newsblur.network.APIResponse: 	at baseline.com.newsblur.service.NBSyncService.doSync(NBSyncService.java:310)
08-05 19:16:47.239 29587 30436 E baseline.com.newsblur.network.APIResponse: 	at baseline.com.newsblur.service.NBSyncService.access$100(NBSyncService.java:67)
08-05 19:16:47.239 29587 30436 E baseline.com.newsblur.network.APIResponse: 	at baseline.com.newsblur.service.NBSyncService$1.run(NBSyncService.java:188)
08-05 19:16:47.239 29587 30436 E baseline.com.newsblur.network.APIResponse: 	at java.util.concurrent.ThreadPoolExecutor.runWorker(ThreadPoolExecutor.java:1113)
08-05 19:16:47.239 29587 30436 E baseline.com.newsblur.network.APIResponse: 	at java.util.concurrent.ThreadPoolExecutor$Worker.run(ThreadPoolExecutor.java:588)
08-05 19:16:47.239 29587 30436 E baseline.com.newsblur.network.APIResponse: 	at java.lang.Thread.run(Thread.java:818)
08-05 19:16:47.239 29587 30436 E baseline.com.newsblur.network.APIResponse: Caused by: java.io.EOFException: \n not found: limit=0 content=
08-05 19:16:47.239 29587 30436 E baseline.com.newsblur.network.APIResponse: 	at okio.RealBufferedSource.readUtf8LineStrict(RealBufferedSource.java:240)
08-05 19:16:47.239 29587 30436 E baseline.com.newsblur.network.APIResponse: 	at okhttp3.internal.http1.Http1ExchangeCodec.readHeaderLine(Http1ExchangeCodec.java:242)
08-05 19:16:47.239 29587 30436 E baseline.com.newsblur.network.APIResponse: 	at okhttp3.internal.http1.Http1ExchangeCodec.readResponseHeaders(Http1ExchangeCodec.java:213)
08-05 19:16:47.239 29587 30436 E baseline.com.newsblur.network.APIResponse: 	... 28 more
08-05 19:16:47.240 29587 30436 W baseline.com.newsblur.service.NBSyncService: Bad response to feed_unread_count
08-05 19:16:47.257 29587 29808 I art     : Explicit concurrent mark sweep GC freed 1279(257KB) AllocSpace objects, 4(80KB) LOS objects, 28% free, 40MB/56MB, paused 1.900ms total 51.338ms
08-05 19:16:47.270 29587 29808 I art     : Starting a blocking GC Explicit
08-05 19:16:47.317 29587 29808 I art     : Explicit concurrent mark sweep GC freed 312(26KB) AllocSpace objects, 0(0B) LOS objects, 28% free, 40MB/56MB, paused 1.351ms total 46.254ms
08-05 19:16:47.706 29587 29808 I art     : Starting a blocking GC Explicit
08-05 19:16:47.724 29587 30436 I NAPPA_EXPERIMENTATION: MetricNetworkRequestExecutionTime: REQUEST_DURATION_SYSTEM='473',REQUEST_DURATION_OKHTTP='38',REQUEST_SYNCHRONOUS='TRUE',RESPONSE_CODE='200',RESPONSE_METHOD='GET',RESPONSE_LENGTH_OKHTTP='-1',RESPONSE_LENGTH_HEADER='-2',REQUEST_PROTOCOL='http/1.1',REQUEST_URL='https://www.newsblur.com/social/river_stories?order=newest&page=1&read_filter=all',
08-05 19:16:47.724 29587 30436 D MY_TAG  : 0, 473
08-05 19:16:47.743 29587 29587 D baseline.com.newsblur.service.NBSyncService: rejecting request for feedset that is exhaused
08-05 19:16:47.761 29587 29808 I art     : Explicit concurrent mark sweep GC freed 7145(429KB) AllocSpace objects, 7(140KB) LOS objects, 28% free, 40MB/56MB, paused 1.909ms total 53.738ms
08-05 19:16:47.774 29587 29808 I art     : Starting a blocking GC Explicit
08-05 19:16:47.826 29587 29808 I art     : Explicit concurrent mark sweep GC freed 569(34KB) AllocSpace objects, 0(0B) LOS objects, 28% free, 40MB/56MB, paused 1.582ms total 51.798ms
08-05 19:16:47.840 29587 29808 I art     : Starting a blocking GC Explicit
08-05 19:16:47.896 29587 29808 I art     : Explicit concurrent mark sweep GC freed 106(6KB) AllocSpace objects, 0(0B) LOS objects, 28% free, 40MB/56MB, paused 1.457ms total 55.324ms
08-05 19:16:47.910 29587 29808 I art     : Starting a blocking GC Explicit
08-05 19:16:47.968 29587 29808 I art     : Explicit concurrent mark sweep GC freed 3(96B) AllocSpace objects, 0(0B) LOS objects, 28% free, 40MB/56MB, paused 1.680ms total 57.756ms
08-05 19:16:47.984 29587 29808 I art     : Starting a blocking GC Explicit
08-05 19:16:48.036 29587 29808 I art     : Explicit concurrent mark sweep GC freed 3(96B) AllocSpace objects, 0(0B) LOS objects, 28% free, 40MB/56MB, paused 1.497ms total 51.902ms
08-05 19:16:48.151 29587 30436 E baseline.com.newsblur.network.APIResponse: Error (unexpected end of stream on https://www.newsblur.com/...) calling https://www.newsblur.com/reader/mark_story_hashes_as_read/
08-05 19:16:48.151 29587 30436 E baseline.com.newsblur.network.APIResponse: java.io.IOException: unexpected end of stream on https://www.newsblur.com/...
08-05 19:16:48.151 29587 30436 E baseline.com.newsblur.network.APIResponse: 	at okhttp3.internal.http1.Http1ExchangeCodec.readResponseHeaders(Http1ExchangeCodec.java:236)
08-05 19:16:48.151 29587 30436 E baseline.com.newsblur.network.APIResponse: 	at okhttp3.internal.connection.Exchange.readResponseHeaders(Exchange.java:115)
08-05 19:16:48.151 29587 30436 E baseline.com.newsblur.network.APIResponse: 	at okhttp3.internal.http.CallServerInterceptor.intercept(CallServerInterceptor.java:94)
08-05 19:16:48.151 29587 30436 E baseline.com.newsblur.network.APIResponse: 	at okhttp3.internal.http.RealInterceptorChain.proceed(RealInterceptorChain.java:142)
08-05 19:16:48.151 29587 30436 E baseline.com.newsblur.network.APIResponse: 	at okhttp3.internal.connection.ConnectInterceptor.intercept(ConnectInterceptor.java:43)
08-05 19:16:48.151 29587 30436 E baseline.com.newsblur.network.APIResponse: 	at okhttp3.internal.http.RealInterceptorChain.proceed(RealInterceptorChain.java:142)
08-05 19:16:48.151 29587 30436 E baseline.com.newsblur.network.APIResponse: 	at okhttp3.internal.http.RealInterceptorChain.proceed(RealInterceptorChain.java:117)
08-05 19:16:48.151 29587 30436 E baseline.com.newsblur.network.APIResponse: 	at okhttp3.internal.cache.CacheInterceptor.intercept(CacheInterceptor.java:94)
08-05 19:16:48.151 29587 30436 E baseline.com.newsblur.network.APIResponse: 	at okhttp3.internal.http.RealInterceptorChain.proceed(RealInterceptorChain.java:142)
08-05 19:16:48.151 29587 30436 E baseline.com.newsblur.network.APIResponse: 	at okhttp3.internal.http.RealInterceptorChain.proceed(RealInterceptorChain.java:117)
08-05 19:16:48.151 29587 30436 E baseline.com.newsblur.network.APIResponse: 	at okhttp3.internal.http.BridgeInterceptor.intercept(BridgeInterceptor.java:93)
08-05 19:16:48.151 29587 30436 E baseline.com.newsblur.network.APIResponse: 	at okhttp3.internal.http.RealInterceptorChain.proceed(RealInterceptorChain.java:142)
08-05 19:16:48.151 29587 30436 E baseline.com.newsblur.network.APIResponse: 	at okhttp3.internal.http.RetryAndFollowUpInterceptor.intercept(RetryAndFollowUpInterceptor.java:88)
08-05 19:16:48.151 29587 30436 E baseline.com.newsblur.network.APIResponse: 	at okhttp3.internal.http.RealInterceptorChain.proceed(RealInterceptorChain.java:142)
08-05 19:16:48.151 29587 30436 E baseline.com.newsblur.network.APIResponse: 	at okhttp3.internal.http.RealInterceptorChain.proceed(RealInterceptorChain.java:117)
08-05 19:16:48.151 29587 30436 E baseline.com.newsblur.network.APIResponse: 	at okhttp3.RealCall.getResponseWithInterceptorChain(RealCall.java:229)
08-05 19:16:48.151 29587 30436 E baseline.com.newsblur.network.APIResponse: 	at okhttp3.RealCall.execute(RealCall.java:81)
08-05 19:16:48.151 29587 30436 E baseline.com.newsblur.network.APIResponse: 	at baseline.com.newsblur.network.APIResponse.<init>(APIResponse.java:57)
08-05 19:16:48.151 29587 30436 E baseline.com.newsblur.network.APIResponse: 	at baseline.com.newsblur.network.APIResponse.<init>(APIResponse.java:43)
08-05 19:16:48.151 29587 30436 E baseline.com.newsblur.network.APIResponse: 	at baseline.com.newsblur.network.APIManager.post_single(APIManager.java:702)
08-05 19:16:48.151 29587 30436 E baseline.com.newsblur.network.APIResponse: 	at baseline.com.newsblur.network.APIManager.post(APIManager.java:675)
08-05 19:16:48.151 29587 30436 E baseline.com.newsblur.network.APIResponse: 	at baseline.com.newsblur.network.APIManager.post(APIManager.java:714)
08-05 19:16:48.151 29587 30436 E baseline.com.newsblur.network.APIResponse: 	at baseline.com.newsblur.network.APIManager.markStoryAsRead(APIManager.java:205)
08-05 19:16:48.151 29587 30436 E baseline.com.newsblur.network.APIResponse: 	at baseline.com.newsblur.util.ReadingAction.doRemote(ReadingAction.java:281)
08-05 19:16:48.151 29587 30436 E baseline.com.newsblur.network.APIResponse: 	at baseline.com.newsblur.service.NBSyncService.syncActions(NBSyncService.java:400)
08-05 19:16:48.151 29587 30436 E baseline.com.newsblur.network.APIResponse: 	at baseline.com.newsblur.service.NBSyncService.doSync(NBSyncService.java:298)
08-05 19:16:48.151 29587 30436 E baseline.com.newsblur.network.APIResponse: 	at baseline.com.newsblur.service.NBSyncService.access$100(NBSyncService.java:67)
08-05 19:16:48.151 29587 30436 E baseline.com.newsblur.network.APIResponse: 	at baseline.com.newsblur.service.NBSyncService$1.run(NBSyncService.java:188)
08-05 19:16:48.151 29587 30436 E baseline.com.newsblur.network.APIResponse: 	at java.util.concurrent.ThreadPoolExecutor.runWorker(ThreadPoolExecutor.java:1113)
08-05 19:16:48.151 29587 30436 E baseline.com.newsblur.network.APIResponse: 	at java.util.concurrent.ThreadPoolExecutor$Worker.run(ThreadPoolExecutor.java:588)
08-05 19:16:48.151 29587 30436 E baseline.com.newsblur.network.APIResponse: 	at java.lang.Thread.run(Thread.java:818)
08-05 19:16:48.151 29587 30436 E baseline.com.newsblur.network.APIResponse: Caused by: java.io.EOFException: \n not found: limit=0 content=
08-05 19:16:48.151 29587 30436 E baseline.com.newsblur.network.APIResponse: 	at okio.RealBufferedSource.readUtf8LineStrict(RealBufferedSource.java:240)
08-05 19:16:48.151 29587 30436 E baseline.com.newsblur.network.APIResponse: 	at okhttp3.internal.http1.Http1ExchangeCodec.readHeaderLine(Http1ExchangeCodec.java:242)
08-05 19:16:48.151 29587 30436 E baseline.com.newsblur.network.APIResponse: 	at okhttp3.internal.http1.Http1ExchangeCodec.readResponseHeaders(Http1ExchangeCodec.java:213)
08-05 19:16:48.151 29587 30436 E baseline.com.newsblur.network.APIResponse: 	... 30 more
08-05 19:16:48.154 29587 30436 I baseline.com.newsblur.network.APIManager: API call failed, pausing before retry number 1
08-05 19:16:48.425 29587 29598 I art     : Starting a blocking GC Explicit
08-05 19:16:48.481 29587 29598 I art     : Explicit concurrent mark sweep GC freed 3935(356KB) AllocSpace objects, 3(60KB) LOS objects, 28% free, 40MB/56MB, paused 1.543ms total 55.219ms
08-05 19:16:48.498 29587 29598 I art     : Starting a blocking GC Explicit
08-05 19:16:48.551 29587 29598 I art     : Explicit concurrent mark sweep GC freed 120(4KB) AllocSpace objects, 0(0B) LOS objects, 28% free, 40MB/56MB, paused 1.478ms total 52.926ms
08-05 19:16:48.565 29587 29598 I art     : Starting a blocking GC Explicit
08-05 19:16:48.619 29587 29598 I art     : Explicit concurrent mark sweep GC freed 3(96B) AllocSpace objects, 0(0B) LOS objects, 28% free, 40MB/56MB, paused 1.531ms total 54.111ms
08-05 19:16:48.633 29587 29598 I art     : Starting a blocking GC Explicit
08-05 19:16:48.688 29587 29598 I art     : Explicit concurrent mark sweep GC freed 3(96B) AllocSpace objects, 0(0B) LOS objects, 28% free, 40MB/56MB, paused 1.565ms total 54.810ms
08-05 19:16:48.704 29587 29598 I art     : Starting a blocking GC Explicit
08-05 19:16:48.759 29587 29598 I art     : Explicit concurrent mark sweep GC freed 3(96B) AllocSpace objects, 0(0B) LOS objects, 28% free, 40MB/56MB, paused 1.514ms total 54.248ms
08-05 19:16:49.141 29587 30376 I art     : Starting a blocking GC Explicit
08-05 19:16:49.201 29587 30376 I art     : Explicit concurrent mark sweep GC freed 1444(83KB) AllocSpace objects, 1(20KB) LOS objects, 28% free, 40MB/56MB, paused 1.487ms total 59.435ms
08-05 19:16:49.219 29587 30376 I art     : Starting a blocking GC Explicit
08-05 19:16:49.271 29587 30376 I art     : Explicit concurrent mark sweep GC freed 22(784B) AllocSpace objects, 0(0B) LOS objects, 28% free, 40MB/56MB, paused 1.524ms total 52.229ms
08-05 19:16:49.285 29587 30376 I art     : Starting a blocking GC Explicit
08-05 19:16:49.338 29587 30376 I art     : Explicit concurrent mark sweep GC freed 3(96B) AllocSpace objects, 0(0B) LOS objects, 28% free, 40MB/56MB, paused 1.546ms total 52.184ms
08-05 19:16:49.351 29587 30376 I art     : Starting a blocking GC Explicit
08-05 19:16:49.400 29587 30376 I art     : Explicit concurrent mark sweep GC freed 3(96B) AllocSpace objects, 0(0B) LOS objects, 28% free, 40MB/56MB, paused 1.367ms total 48.535ms
08-05 19:16:49.413 29587 30376 I art     : Starting a blocking GC Explicit
08-05 19:16:49.462 29587 30376 I art     : Explicit concurrent mark sweep GC freed 3(96B) AllocSpace objects, 0(0B) LOS objects, 28% free, 40MB/56MB, paused 1.450ms total 49.151ms
08-05 19:16:49.514 24043 24043 I ServiceManager: Waiting for service AtCmdFwd...
08-05 19:16:49.838 29587 29599 I art     : Starting a blocking GC Explicit
08-05 19:16:49.884 31100 31100 D AndroidRuntime: >>>>>> START com.android.internal.os.RuntimeInit uid 2000 <<<<<<
08-05 19:16:49.890 31100 31100 D AndroidRuntime: CheckJNI is OFF
08-05 19:16:49.894 29587 29599 I art     : Explicit concurrent mark sweep GC freed 1609(91KB) AllocSpace objects, 1(20KB) LOS objects, 28% free, 40MB/56MB, paused 1.708ms total 55.265ms
08-05 19:16:49.908 29587 29599 I art     : Starting a blocking GC Explicit
08-05 19:16:49.937 31100 31100 D ICU     : No timezone override file found: /data/misc/zoneinfo/current/icu/icu_tzdata.dat
08-05 19:16:49.962 29587 29599 I art     : Explicit concurrent mark sweep GC freed 28(1040B) AllocSpace objects, 0(0B) LOS objects, 28% free, 40MB/56MB, paused 1.620ms total 53.641ms
08-05 19:16:49.975 29587 29599 I art     : Starting a blocking GC Explicit
08-05 19:16:49.983 31100 31100 I Radio-JNI: register_android_hardware_Radio DONE
08-05 19:16:50.012 31100 31100 D AndroidRuntime: Calling main entry com.android.commands.input.Input
08-05 19:16:50.015 31100 31100 I Input   : injectMotionEvent: MotionEvent { action=ACTION_DOWN, actionButton=0, id[0]=0, x[0]=436.0, y[0]=453.0, toolType[0]=TOOL_TYPE_UNKNOWN, buttonState=0, metaState=0, flags=0x0, edgeFlags=0x0, pointerCount=1, historySize=0, eventTime=818226427, downTime=818226427, deviceId=0, source=0x1002 }
08-05 19:16:50.021 31100 31100 I Input   : injectMotionEvent: MotionEvent { action=ACTION_UP, actionButton=0, id[0]=0, x[0]=436.0, y[0]=453.0, toolType[0]=TOOL_TYPE_UNKNOWN, buttonState=0, metaState=0, flags=0x0, edgeFlags=0x0, pointerCount=1, historySize=0, eventTime=818226427, downTime=818226427, deviceId=0, source=0x1002 }
08-05 19:16:50.023 31100 31100 D AndroidRuntime: Shutting down VM
08-05 19:16:50.028 29587 29599 I art     : Explicit concurrent mark sweep GC freed 5(160B) AllocSpace objects, 0(0B) LOS objects, 28% free, 40MB/56MB, paused 1.872ms total 52.364ms
08-05 19:16:50.040   512  2967 D audio_hw_primary: out_set_parameters: enter: usecase(1: low-latency-playback) kvpairs: routing=2
08-05 19:16:50.042 29587 29599 I art     : Starting a blocking GC Explicit
08-05 19:16:50.044   918  6110 I ActivityManager: START u0 {cmp=baseline.com.newsblur/.activity.AllSharedStoriesReading (has extras)} from uid 10676 on display 0
08-05 19:16:50.054   512  2967 D audio_hw_primary: select_devices: out_snd_device(2: speaker) in_snd_device(0: none)
08-05 19:16:50.055   512  2967 D msm8974_platform: platform_send_audio_calibration: sending audio calibration for snd_device(2) acdb_id(15)
08-05 19:16:50.055   512  2967 I soundtrigger: audio_extn_sound_trigger_update_device_status: device 0x2 of type 0 for Event 1
08-05 19:16:50.065   512  2967 D audio_hw_primary: enable_snd_device: snd_device(2: speaker)
08-05 19:16:50.068   512  2967 D audio_hw_primary: enable_audio_route: apply and update mixer path: low-latency-playback speaker
08-05 19:16:50.095 29587 29599 I art     : Explicit concurrent mark sweep GC freed 1508(145KB) AllocSpace objects, 3(152KB) LOS objects, 28% free, 41MB/57MB, paused 1.875ms total 52.544ms
08-05 19:16:50.107 29587 29599 I art     : Starting a blocking GC Explicit
08-05 19:16:50.118   918  3261 D WifiStateMachine: starting scan for "H369AA63323"WPA_PSK with 2412,5180
08-05 19:16:50.153 29587 29599 I art     : Explicit concurrent mark sweep GC freed 289(22KB) AllocSpace objects, 1(356KB) LOS objects, 28% free, 40MB/56MB, paused 1.452ms total 45.390ms
08-05 19:16:50.274 29587 30436 E baseline.com.newsblur.network.APIResponse: Error (unexpected end of stream on https://www.newsblur.com/...) calling https://www.newsblur.com/reader/mark_story_hashes_as_read/
08-05 19:16:50.274 29587 30436 E baseline.com.newsblur.network.APIResponse: java.io.IOException: unexpected end of stream on https://www.newsblur.com/...
08-05 19:16:50.274 29587 30436 E baseline.com.newsblur.network.APIResponse: 	at okhttp3.internal.http1.Http1ExchangeCodec.readResponseHeaders(Http1ExchangeCodec.java:236)
08-05 19:16:50.274 29587 30436 E baseline.com.newsblur.network.APIResponse: 	at okhttp3.internal.connection.Exchange.readResponseHeaders(Exchange.java:115)
08-05 19:16:50.274 29587 30436 E baseline.com.newsblur.network.APIResponse: 	at okhttp3.internal.http.CallServerInterceptor.intercept(CallServerInterceptor.java:94)
08-05 19:16:50.274 29587 30436 E baseline.com.newsblur.network.APIResponse: 	at okhttp3.internal.http.RealInterceptorChain.proceed(RealInterceptorChain.java:142)
08-05 19:16:50.274 29587 30436 E baseline.com.newsblur.network.APIResponse: 	at okhttp3.internal.connection.ConnectInterceptor.intercept(ConnectInterceptor.java:43)
08-05 19:16:50.274 29587 30436 E baseline.com.newsblur.network.APIResponse: 	at okhttp3.internal.http.RealInterceptorChain.proceed(RealInterceptorChain.java:142)
08-05 19:16:50.274 29587 30436 E baseline.com.newsblur.network.APIResponse: 	at okhttp3.internal.http.RealInterceptorChain.proceed(RealInterceptorChain.java:117)
08-05 19:16:50.274 29587 30436 E baseline.com.newsblur.network.APIResponse: 	at okhttp3.internal.cache.CacheInterceptor.intercept(CacheInterceptor.java:94)
08-05 19:16:50.274 29587 30436 E baseline.com.newsblur.network.APIResponse: 	at okhttp3.internal.http.RealInterceptorChain.proceed(RealInterceptorChain.java:142)
08-05 19:16:50.274 29587 30436 E baseline.com.newsblur.network.APIResponse: 	at okhttp3.internal.http.RealInterceptorChain.proceed(RealInterceptorChain.java:117)
08-05 19:16:50.274 29587 30436 E baseline.com.newsblur.network.APIResponse: 	at okhttp3.internal.http.BridgeInterceptor.intercept(BridgeInterceptor.java:93)
08-05 19:16:50.274 29587 30436 E baseline.com.newsblur.network.APIResponse: 	at okhttp3.internal.http.RealInterceptorChain.proceed(RealInterceptorChain.java:142)
08-05 19:16:50.274 29587 30436 E baseline.com.newsblur.network.APIResponse: 	at okhttp3.internal.http.RetryAndFollowUpInterceptor.intercept(RetryAndFollowUpInterceptor.java:88)
08-05 19:16:50.274 29587 30436 E baseline.com.newsblur.network.APIResponse: 	at okhttp3.internal.http.RealInterceptorChain.proceed(RealInterceptorChain.java:142)
08-05 19:16:50.274 29587 30436 E baseline.com.newsblur.network.APIResponse: 	at okhttp3.internal.http.RealInterceptorChain.proceed(RealInterceptorChain.java:117)
08-05 19:16:50.274 29587 30436 E baseline.com.newsblur.network.APIResponse: 	at okhttp3.RealCall.getResponseWithInterceptorChain(RealCall.java:229)
08-05 19:16:50.274 29587 30436 E baseline.com.newsblur.network.APIResponse: 	at okhttp3.RealCall.execute(RealCall.java:81)
08-05 19:16:50.274 29587 30436 E baseline.com.newsblur.network.APIResponse: 	at baseline.com.newsblur.network.APIResponse.<init>(APIResponse.java:57)
08-05 19:16:50.274 29587 30436 E baseline.com.newsblur.network.APIResponse: 	at baseline.com.newsblur.network.APIResponse.<init>(APIResponse.java:43)
08-05 19:16:50.274 29587 30436 E baseline.com.newsblur.network.APIResponse: 	at baseline.com.newsblur.network.APIManager.post_single(APIManager.java:702)
08-05 19:16:50.274 29587 30436 E baseline.com.newsblur.network.APIResponse: 	at baseline.com.newsblur.network.APIManager.post(APIManager.java:675)
08-05 19:16:50.274 29587 30436 E baseline.com.newsblur.network.APIResponse: 	at baseline.com.newsblur.network.APIManager.post(APIManager.java:714)
08-05 19:16:50.274 29587 30436 E baseline.com.newsblur.network.APIResponse: 	at baseline.com.newsblur.network.APIManager.markStoryAsRead(APIManager.java:205)
08-05 19:16:50.274 29587 30436 E baseline.com.newsblur.network.APIResponse: 	at baseline.com.newsblur.util.ReadingAction.doRemote(ReadingAction.java:281)
08-05 19:16:50.274 29587 30436 E baseline.com.newsblur.network.APIResponse: 	at baseline.com.newsblur.service.NBSyncService.syncActions(NBSyncService.java:400)
08-05 19:16:50.274 29587 30436 E baseline.com.newsblur.network.APIResponse: 	at baseline.com.newsblur.service.NBSyncService.doSync(NBSyncService.java:298)
08-05 19:16:50.274 29587 30436 E baseline.com.newsblur.network.APIResponse: 	at baseline.com.newsblur.service.NBSyncService.access$100(NBSyncService.java:67)
08-05 19:16:50.274 29587 30436 E baseline.com.newsblur.network.APIResponse: 	at baseline.com.newsblur.service.NBSyncService$1.run(NBSyncService.java:188)
08-05 19:16:50.274 29587 30436 E baseline.com.newsblur.network.APIResponse: 	at java.util.concurrent.ThreadPoolExecutor.runWorker(ThreadPoolExecutor.java:1113)
08-05 19:16:50.274 29587 30436 E baseline.com.newsblur.network.APIResponse: 	at java.util.concurrent.ThreadPoolExecutor$Worker.run(ThreadPoolExecutor.java:588)
08-05 19:16:50.274 29587 30436 E baseline.com.newsblur.network.APIResponse: 	at java.lang.Thread.run(Thread.java:818)
08-05 19:16:50.274 29587 30436 E baseline.com.newsblur.network.APIResponse: Caused by: java.io.EOFException: \n not found: limit=0 content=
08-05 19:16:50.274 29587 30436 E baseline.com.newsblur.network.APIResponse: 	at okio.RealBufferedSource.readUtf8LineStrict(RealBufferedSource.java:240)
08-05 19:16:50.274 29587 30436 E baseline.com.newsblur.network.APIResponse: 	at okhttp3.internal.http1.Http1ExchangeCodec.readHeaderLine(Http1ExchangeCodec.java:242)
08-05 19:16:50.274 29587 30436 E baseline.com.newsblur.network.APIResponse: 	at okhttp3.internal.http1.Http1ExchangeCodec.readResponseHeaders(Http1ExchangeCodec.java:213)
08-05 19:16:50.274 29587 30436 E baseline.com.newsblur.network.APIResponse: 	... 30 more
08-05 19:16:50.276 29587 30436 I baseline.com.newsblur.network.APIManager: API call failed, pausing before retry number 2
08-05 19:16:50.287   918   936 I ActivityManager: Displayed baseline.com.newsblur/.activity.AllSharedStoriesReading: +232ms
08-05 19:16:50.288 13866 13866 I GoogleInputMethodServic: GoogleInputMethodService.onFinishInput():3138 
08-05 19:16:50.289 13866 13866 I GoogleInputMethodServic: GoogleInputMethodService.onStartInput():1808 
08-05 19:16:50.514 24043 24043 I ServiceManager: Waiting for service AtCmdFwd...
08-05 19:16:50.529 29587 29598 I art     : Starting a blocking GC Explicit
08-05 19:16:50.570 29587 30144 E chromium: [ERROR:tile_manager.cc(793)] WARNING: tile memory limits exceeded, some content may not draw
08-05 19:16:50.570 29587 30144 E chromium: [ERROR:tile_manager.cc(793)] WARNING: tile memory limits exceeded, some content may not draw
08-05 19:16:50.580 29587 29598 I art     : Explicit concurrent mark sweep GC freed 6910(631KB) AllocSpace objects, 16(356KB) LOS objects, 28% free, 41MB/57MB, paused 1.391ms total 50.194ms
08-05 19:16:50.593 29587 29598 I art     : Starting a blocking GC Explicit
08-05 19:16:50.608   512  2967 D audio_hw_primary: disable_audio_route: reset and update mixer path: low-latency-playback speaker
08-05 19:16:50.609   512  2967 D audio_hw_primary: disable_snd_device: snd_device(2: speaker)
08-05 19:16:50.617   512  2967 I soundtrigger: audio_extn_sound_trigger_update_device_status: device 0x2 of type 0 for Event 0
08-05 19:16:50.640 29587 29598 I art     : Explicit concurrent mark sweep GC freed 1227(56KB) AllocSpace objects, 1(28KB) LOS objects, 28% free, 41MB/57MB, paused 1.379ms total 46.958ms
08-05 19:16:50.654 29587 29598 I art     : Starting a blocking GC Explicit
08-05 19:16:50.703 29587 29598 I art     : Explicit concurrent mark sweep GC freed 144(17KB) AllocSpace objects, 1(20KB) LOS objects, 28% free, 41MB/57MB, paused 1.519ms total 49.113ms
08-05 19:16:50.717 29587 29598 I art     : Starting a blocking GC Explicit
08-05 19:16:50.765 29587 29598 I art     : Explicit concurrent mark sweep GC freed 38(1328B) AllocSpace objects, 1(28KB) LOS objects, 28% free, 41MB/57MB, paused 1.447ms total 47.376ms
08-05 19:16:50.778 29587 29598 I art     : Starting a blocking GC Explicit
08-05 19:16:50.827 29587 29598 I art     : Explicit concurrent mark sweep GC freed 5(176B) AllocSpace objects, 0(0B) LOS objects, 28% free, 41MB/57MB, paused 1.434ms total 48.263ms
08-05 19:16:51.206 29587 30376 I art     : Starting a blocking GC Explicit
08-05 19:16:51.263 29587 30376 I art     : Explicit concurrent mark sweep GC freed 1447(83KB) AllocSpace objects, 1(20KB) LOS objects, 28% free, 41MB/57MB, paused 1.497ms total 56.546ms
08-05 19:16:51.279 29587 30376 I art     : Starting a blocking GC Explicit
08-05 19:16:51.331 29587 30376 I art     : Explicit concurrent mark sweep GC freed 22(784B) AllocSpace objects, 0(0B) LOS objects, 28% free, 41MB/57MB, paused 1.499ms total 51.913ms
08-05 19:16:51.344 29587 30376 I art     : Starting a blocking GC Explicit
08-05 19:16:51.397 29587 30376 I art     : Explicit concurrent mark sweep GC freed 3(96B) AllocSpace objects, 0(0B) LOS objects, 28% free, 41MB/57MB, paused 1.532ms total 52.511ms
08-05 19:16:51.411 29587 30376 I art     : Starting a blocking GC Explicit
08-05 19:16:51.465 29587 30376 I art     : Explicit concurrent mark sweep GC freed 3(96B) AllocSpace objects, 0(0B) LOS objects, 28% free, 41MB/57MB, paused 1.444ms total 53.357ms
08-05 19:16:51.479 29587 30376 I art     : Starting a blocking GC Explicit
08-05 19:16:51.491   518   646 I ThermalEngine: ACTION: GPU - Setting GPU[0] to 390000000
08-05 19:16:51.515 24043 24043 I ServiceManager: Waiting for service AtCmdFwd...
08-05 19:16:51.553 29587 30376 I art     : Explicit concurrent mark sweep GC freed 3(96B) AllocSpace objects, 0(0B) LOS objects, 28% free, 41MB/57MB, paused 2.173ms total 74.601ms
08-05 19:16:51.993 29587 29808 I art     : Starting a blocking GC Explicit
08-05 19:16:52.063 29587 29808 I art     : Explicit concurrent mark sweep GC freed 1501(84KB) AllocSpace objects, 1(20KB) LOS objects, 28% free, 41MB/57MB, paused 2.349ms total 69.138ms
08-05 19:16:52.084 29587 29808 I art     : Starting a blocking GC Explicit
08-05 19:16:52.153 29587 29808 I art     : Explicit concurrent mark sweep GC freed 22(784B) AllocSpace objects, 0(0B) LOS objects, 28% free, 41MB/57MB, paused 2.160ms total 67.761ms
08-05 19:16:52.174 29587 29808 I art     : Starting a blocking GC Explicit
08-05 19:16:52.242 29587 29808 I art     : Explicit concurrent mark sweep GC freed 3(96B) AllocSpace objects, 0(0B) LOS objects, 28% free, 41MB/57MB, paused 2.342ms total 68.353ms
08-05 19:16:52.264 29587 29808 I art     : Starting a blocking GC Explicit
08-05 19:16:52.333 29587 29808 I art     : Explicit concurrent mark sweep GC freed 3(96B) AllocSpace objects, 0(0B) LOS objects, 28% free, 41MB/57MB, paused 2.334ms total 68.312ms
08-05 19:16:52.354 29587 29808 I art     : Starting a blocking GC Explicit
08-05 19:16:52.423 29587 29808 I art     : Explicit concurrent mark sweep GC freed 3(96B) AllocSpace objects, 0(0B) LOS objects, 28% free, 41MB/57MB, paused 2.215ms total 68.257ms
08-05 19:16:52.515 24043 24043 I ServiceManager: Waiting for service AtCmdFwd...
08-05 19:16:52.856 29587 30376 I art     : Starting a blocking GC Explicit
08-05 19:16:52.926 29587 30376 I art     : Explicit concurrent mark sweep GC freed 1445(83KB) AllocSpace objects, 1(20KB) LOS objects, 28% free, 41MB/57MB, paused 2.289ms total 68.454ms
08-05 19:16:52.948 29587 30376 I art     : Starting a blocking GC Explicit
08-05 19:16:53.015 29587 30376 I art     : Explicit concurrent mark sweep GC freed 22(784B) AllocSpace objects, 0(0B) LOS objects, 28% free, 41MB/57MB, paused 2.100ms total 66.285ms
08-05 19:16:53.036 29587 30376 I art     : Starting a blocking GC Explicit
08-05 19:16:53.104 29587 30376 I art     : Explicit concurrent mark sweep GC freed 3(96B) AllocSpace objects, 0(0B) LOS objects, 28% free, 41MB/57MB, paused 2.172ms total 68.054ms
08-05 19:16:53.126 29587 30376 I art     : Starting a blocking GC Explicit
08-05 19:16:53.194 29587 30376 I art     : Explicit concurrent mark sweep GC freed 3(96B) AllocSpace objects, 0(0B) LOS objects, 28% free, 41MB/57MB, paused 2.321ms total 68.166ms
08-05 19:16:53.216 29587 30376 I art     : Starting a blocking GC Explicit
08-05 19:16:53.288 29587 30376 I art     : Explicit concurrent mark sweep GC freed 80(3KB) AllocSpace objects, 0(0B) LOS objects, 28% free, 41MB/57MB, paused 2.764ms total 70.949ms
08-05 19:16:53.516 24043 24043 I ServiceManager: Waiting for service AtCmdFwd...
08-05 19:16:53.706 29587 29599 I art     : Starting a blocking GC Explicit
08-05 19:16:53.777 29587 29599 I art     : Explicit concurrent mark sweep GC freed 1540(89KB) AllocSpace objects, 1(20KB) LOS objects, 28% free, 41MB/57MB, paused 2.475ms total 69.657ms
08-05 19:16:53.799 29587 29599 I art     : Starting a blocking GC Explicit
08-05 19:16:53.866 29587 29599 I art     : Explicit concurrent mark sweep GC freed 1712(66KB) AllocSpace objects, 0(0B) LOS objects, 28% free, 41MB/57MB, paused 2.289ms total 66.233ms
08-05 19:16:53.868 29587 30436 E baseline.com.newsblur.network.APIResponse: Error (unexpected end of stream on https://www.newsblur.com/...) calling https://www.newsblur.com/reader/mark_story_hashes_as_read/
08-05 19:16:53.868 29587 30436 E baseline.com.newsblur.network.APIResponse: java.io.IOException: unexpected end of stream on https://www.newsblur.com/...
08-05 19:16:53.868 29587 30436 E baseline.com.newsblur.network.APIResponse: 	at okhttp3.internal.http1.Http1ExchangeCodec.readResponseHeaders(Http1ExchangeCodec.java:236)
08-05 19:16:53.868 29587 30436 E baseline.com.newsblur.network.APIResponse: 	at okhttp3.internal.connection.Exchange.readResponseHeaders(Exchange.java:115)
08-05 19:16:53.868 29587 30436 E baseline.com.newsblur.network.APIResponse: 	at okhttp3.internal.http.CallServerInterceptor.intercept(CallServerInterceptor.java:94)
08-05 19:16:53.868 29587 30436 E baseline.com.newsblur.network.APIResponse: 	at okhttp3.internal.http.RealInterceptorChain.proceed(RealInterceptorChain.java:142)
08-05 19:16:53.868 29587 30436 E baseline.com.newsblur.network.APIResponse: 	at okhttp3.internal.connection.ConnectInterceptor.intercept(ConnectInterceptor.java:43)
08-05 19:16:53.868 29587 30436 E baseline.com.newsblur.network.APIResponse: 	at okhttp3.internal.http.RealInterceptorChain.proceed(RealInterceptorChain.java:142)
08-05 19:16:53.868 29587 30436 E baseline.com.newsblur.network.APIResponse: 	at okhttp3.internal.http.RealInterceptorChain.proceed(RealInterceptorChain.java:117)
08-05 19:16:53.868 29587 30436 E baseline.com.newsblur.network.APIResponse: 	at okhttp3.internal.cache.CacheInterceptor.intercept(CacheInterceptor.java:94)
08-05 19:16:53.868 29587 30436 E baseline.com.newsblur.network.APIResponse: 	at okhttp3.internal.http.RealInterceptorChain.proceed(RealInterceptorChain.java:142)
08-05 19:16:53.868 29587 30436 E baseline.com.newsblur.network.APIResponse: 	at okhttp3.internal.http.RealInterceptorChain.proceed(RealInterceptorChain.java:117)
08-05 19:16:53.868 29587 30436 E baseline.com.newsblur.network.APIResponse: 	at okhttp3.internal.http.BridgeInterceptor.intercept(BridgeInterceptor.java:93)
08-05 19:16:53.868 29587 30436 E baseline.com.newsblur.network.APIResponse: 	at okhttp3.internal.http.RealInterceptorChain.proceed(RealInterceptorChain.java:142)
08-05 19:16:53.868 29587 30436 E baseline.com.newsblur.network.APIResponse: 	at okhttp3.internal.http.RetryAndFollowUpInterceptor.intercept(RetryAndFollowUpInterceptor.java:88)
08-05 19:16:53.868 29587 30436 E baseline.com.newsblur.network.APIResponse: 	at okhttp3.internal.http.RealInterceptorChain.proceed(RealInterceptorChain.java:142)
08-05 19:16:53.868 29587 30436 E baseline.com.newsblur.network.APIResponse: 	at okhttp3.internal.http.RealInterceptorChain.proceed(RealInterceptorChain.java:117)
08-05 19:16:53.868 29587 30436 E baseline.com.newsblur.network.APIResponse: 	at okhttp3.RealCall.getResponseWithInterceptorChain(RealCall.java:229)
08-05 19:16:53.868 29587 30436 E baseline.com.newsblur.network.APIResponse: 	at okhttp3.RealCall.execute(RealCall.java:81)
08-05 19:16:53.868 29587 30436 E baseline.com.newsblur.network.APIResponse: 	at baseline.com.newsblur.network.APIResponse.<init>(APIResponse.java:57)
08-05 19:16:53.868 29587 30436 E baseline.com.newsblur.network.APIResponse: 	at baseline.com.newsblur.network.APIResponse.<init>(APIResponse.java:43)
08-05 19:16:53.868 29587 30436 E baseline.com.newsblur.network.APIResponse: 	at baseline.com.newsblur.network.APIManager.post_single(APIManager.java:702)
08-05 19:16:53.868 29587 30436 E baseline.com.newsblur.network.APIResponse: 	at baseline.com.newsblur.network.APIManager.post(APIManager.java:675)
08-05 19:16:53.868 29587 30436 E baseline.com.newsblur.network.APIResponse: 	at baseline.com.newsblur.network.APIManager.post(APIManager.java:714)
08-05 19:16:53.868 29587 30436 E baseline.com.newsblur.network.APIResponse: 	at baseline.com.newsblur.network.APIManager.markStoryAsRead(APIManager.java:205)
08-05 19:16:53.868 29587 30436 E baseline.com.newsblur.network.APIResponse: 	at baseline.com.newsblur.util.ReadingAction.doRemote(ReadingAction.java:281)
08-05 19:16:53.868 29587 30436 E baseline.com.newsblur.network.APIResponse: 	at baseline.com.newsblur.service.NBSyncService.syncActions(NBSyncService.java:400)
08-05 19:16:53.868 29587 30436 E baseline.com.newsblur.network.APIResponse: 	at baseline.com.newsblur.service.NBSyncService.doSync(NBSyncService.java:298)
08-05 19:16:53.868 29587 30436 E baseline.com.newsblur.network.APIResponse: 	at baseline.com.newsblur.service.NBSyncService.access$100(NBSyncService.java:67)
08-05 19:16:53.868 29587 30436 E baseline.com.newsblur.network.APIResponse: 	at baseline.com.newsblur.service.NBSyncService$1.run(NBSyncService.java:188)
08-05 19:16:53.868 29587 30436 E baseline.com.newsblur.network.APIResponse: 	at java.util.concurrent.ThreadPoolExecutor.runWorker(ThreadPoolExecutor.java:1113)
08-05 19:16:53.868 29587 30436 E baseline.com.newsblur.network.APIResponse: 	at java.util.concurrent.ThreadPoolExecutor$Worker.run(ThreadPoolExecutor.java:588)
08-05 19:16:53.868 29587 30436 E baseline.com.newsblur.network.APIResponse: 	at java.lang.Thread.run(Thread.java:818)
08-05 19:16:53.868 29587 30436 E baseline.com.newsblur.network.APIResponse: Caused by: java.io.EOFException: \n not found: limit=0 content=
08-05 19:16:53.868 29587 30436 E baseline.com.newsblur.network.APIResponse: 	at okio.RealBufferedSource.readUtf8LineStrict(RealBufferedSource.java:240)
08-05 19:16:53.868 29587 30436 E baseline.com.newsblur.network.APIResponse: 	at okhttp3.internal.http1.Http1ExchangeCodec.readHeaderLine(Http1ExchangeCodec.java:242)
08-05 19:16:53.868 29587 30436 E baseline.com.newsblur.network.APIResponse: 	at okhttp3.internal.http1.Http1ExchangeCodec.readResponseHeaders(Http1ExchangeCodec.java:213)
08-05 19:16:53.868 29587 30436 E baseline.com.newsblur.network.APIResponse: 	... 30 more
08-05 19:16:53.870 29587 30436 I baseline.com.newsblur.service.NBSyncService: Holding reading action with server-side or network error.
08-05 19:16:53.881 29587 30436 W baseline.com.newsblur.service.NBSyncService: hard API failure
08-05 19:16:53.887 29587 29599 I art     : Starting a blocking GC Explicit
08-05 19:16:53.955 29587 29599 I art     : Explicit concurrent mark sweep GC freed 1271(258KB) AllocSpace objects, 4(80KB) LOS objects, 28% free, 41MB/57MB, paused 2.253ms total 67.934ms
08-05 19:16:53.976 29587 29599 I art     : Starting a blocking GC Explicit
08-05 19:16:54.046 29587 29599 I art     : Explicit concurrent mark sweep GC freed 74(3KB) AllocSpace objects, 0(0B) LOS objects, 28% free, 41MB/57MB, paused 2.374ms total 68.751ms
08-05 19:16:54.067 29587 29599 I art     : Starting a blocking GC Explicit
08-05 19:16:54.136 29587 29599 I art     : Explicit concurrent mark sweep GC freed 3(96B) AllocSpace objects, 0(0B) LOS objects, 28% free, 41MB/57MB, paused 2.302ms total 67.971ms
08-05 19:16:54.282 29587 30436 E baseline.com.newsblur.network.APIResponse: Error (unexpected end of stream on https://www.newsblur.com/...) calling https://www.newsblur.com/reader/mark_story_hashes_as_read/
08-05 19:16:54.282 29587 30436 E baseline.com.newsblur.network.APIResponse: java.io.IOException: unexpected end of stream on https://www.newsblur.com/...
08-05 19:16:54.282 29587 30436 E baseline.com.newsblur.network.APIResponse: 	at okhttp3.internal.http1.Http1ExchangeCodec.readResponseHeaders(Http1ExchangeCodec.java:236)
08-05 19:16:54.282 29587 30436 E baseline.com.newsblur.network.APIResponse: 	at okhttp3.internal.connection.Exchange.readResponseHeaders(Exchange.java:115)
08-05 19:16:54.282 29587 30436 E baseline.com.newsblur.network.APIResponse: 	at okhttp3.internal.http.CallServerInterceptor.intercept(CallServerInterceptor.java:94)
08-05 19:16:54.282 29587 30436 E baseline.com.newsblur.network.APIResponse: 	at okhttp3.internal.http.RealInterceptorChain.proceed(RealInterceptorChain.java:142)
08-05 19:16:54.282 29587 30436 E baseline.com.newsblur.network.APIResponse: 	at okhttp3.internal.connection.ConnectInterceptor.intercept(ConnectInterceptor.java:43)
08-05 19:16:54.282 29587 30436 E baseline.com.newsblur.network.APIResponse: 	at okhttp3.internal.http.RealInterceptorChain.proceed(RealInterceptorChain.java:142)
08-05 19:16:54.282 29587 30436 E baseline.com.newsblur.network.APIResponse: 	at okhttp3.internal.http.RealInterceptorChain.proceed(RealInterceptorChain.java:117)
08-05 19:16:54.282 29587 30436 E baseline.com.newsblur.network.APIResponse: 	at okhttp3.internal.cache.CacheInterceptor.intercept(CacheInterceptor.java:94)
08-05 19:16:54.282 29587 30436 E baseline.com.newsblur.network.APIResponse: 	at okhttp3.internal.http.RealInterceptorChain.proceed(RealInterceptorChain.java:142)
08-05 19:16:54.282 29587 30436 E baseline.com.newsblur.network.APIResponse: 	at okhttp3.internal.http.RealInterceptorChain.proceed(RealInterceptorChain.java:117)
08-05 19:16:54.282 29587 30436 E baseline.com.newsblur.network.APIResponse: 	at okhttp3.internal.http.BridgeInterceptor.intercept(BridgeInterceptor.java:93)
08-05 19:16:54.282 29587 30436 E baseline.com.newsblur.network.APIResponse: 	at okhttp3.internal.http.RealInterceptorChain.proceed(RealInterceptorChain.java:142)
08-05 19:16:54.282 29587 30436 E baseline.com.newsblur.network.APIResponse: 	at okhttp3.internal.http.RetryAndFollowUpInterceptor.intercept(RetryAndFollowUpInterceptor.java:88)
08-05 19:16:54.282 29587 30436 E baseline.com.newsblur.network.APIResponse: 	at okhttp3.internal.http.RealInterceptorChain.proceed(RealInterceptorChain.java:142)
08-05 19:16:54.282 29587 30436 E baseline.com.newsblur.network.APIResponse: 	at okhttp3.internal.http.RealInterceptorChain.proceed(RealInterceptorChain.java:117)
08-05 19:16:54.282 29587 30436 E baseline.com.newsblur.network.APIResponse: 	at okhttp3.RealCall.getResponseWithInterceptorChain(RealCall.java:229)
08-05 19:16:54.282 29587 30436 E baseline.com.newsblur.network.APIResponse: 	at okhttp3.RealCall.execute(RealCall.java:81)
08-05 19:16:54.282 29587 30436 E baseline.com.newsblur.network.APIResponse: 	at baseline.com.newsblur.network.APIResponse.<init>(APIResponse.java:57)
08-05 19:16:54.282 29587 30436 E baseline.com.newsblur.network.APIResponse: 	at baseline.com.newsblur.network.APIResponse.<init>(APIResponse.java:43)
08-05 19:16:54.282 29587 30436 E baseline.com.newsblur.network.APIResponse: 	at baseline.com.newsblur.network.APIManager.post_single(APIManager.java:702)
08-05 19:16:54.282 29587 30436 E baseline.com.newsblur.network.APIResponse: 	at baseline.com.newsblur.network.APIManager.post(APIManager.java:675)
08-05 19:16:54.282 29587 30436 E baseline.com.newsblur.network.APIResponse: 	at baseline.com.newsblur.network.APIManager.post(APIManager.java:714)
08-05 19:16:54.282 29587 30436 E baseline.com.newsblur.network.APIResponse: 	at baseline.com.newsblur.network.APIManager.markStoryAsRead(APIManager.java:205)
08-05 19:16:54.282 29587 30436 E baseline.com.newsblur.network.APIResponse: 	at baseline.com.newsblur.util.ReadingAction.doRemote(ReadingAction.java:281)
08-05 19:16:54.282 29587 30436 E baseline.com.newsblur.network.APIResponse: 	at baseline.com.newsblur.service.NBSyncService.syncActions(NBSyncService.java:400)
08-05 19:16:54.282 29587 30436 E baseline.com.newsblur.network.APIResponse: 	at baseline.com.newsblur.service.NBSyncService.doSync(NBSyncService.java:298)
08-05 19:16:54.282 29587 30436 E baseline.com.newsblur.network.APIResponse: 	at baseline.com.newsblur.service.NBSyncService.access$100(NBSyncService.java:67)
08-05 19:16:54.282 29587 30436 E baseline.com.newsblur.network.APIResponse: 	at baseline.com.newsblur.service.NBSyncService$1.run(NBSyncService.java:188)
08-05 19:16:54.282 29587 30436 E baseline.com.newsblur.network.APIResponse: 	at java.util.concurrent.ThreadPoolExecutor.runWorker(ThreadPoolExecutor.java:1113)
08-05 19:16:54.282 29587 30436 E baseline.com.newsblur.network.APIResponse: 	at java.util.concurrent.ThreadPoolExecutor$Worker.run(ThreadPoolExecutor.java:588)
08-05 19:16:54.282 29587 30436 E baseline.com.newsblur.network.APIResponse: 	at java.lang.Thread.run(Thread.java:818)
08-05 19:16:54.282 29587 30436 E baseline.com.newsblur.network.APIResponse: Caused by: java.io.EOFException: \n not found: limit=0 content=
08-05 19:16:54.282 29587 30436 E baseline.com.newsblur.network.APIResponse: 	at okio.RealBufferedSource.readUtf8LineStrict(RealBufferedSource.java:240)
08-05 19:16:54.282 29587 30436 E baseline.com.newsblur.network.APIResponse: 	at okhttp3.internal.http1.Http1ExchangeCodec.readHeaderLine(Http1ExchangeCodec.java:242)
08-05 19:16:54.282 29587 30436 E baseline.com.newsblur.network.APIResponse: 	at okhttp3.internal.http1.Http1ExchangeCodec.readResponseHeaders(Http1ExchangeCodec.java:213)
08-05 19:16:54.282 29587 30436 E baseline.com.newsblur.network.APIResponse: 	... 30 more
08-05 19:16:54.283 29587 30436 I baseline.com.newsblur.network.APIManager: API call failed, pausing before retry number 1
08-05 19:16:54.494   518   646 I ThermalEngine: ACTION: GPU - Setting GPU[0] to 450000000
08-05 19:16:54.517 24043 24043 W Atfwd_Sendcmd: AtCmdFwd service not published, waiting... retryCnt : 4
08-05 19:16:54.554 29587 29598 I art     : Starting a blocking GC Explicit
08-05 19:16:54.612 29587 29598 I art     : Explicit concurrent mark sweep GC freed 4001(359KB) AllocSpace objects, 3(60KB) LOS objects, 28% free, 41MB/57MB, paused 1.550ms total 56.908ms
08-05 19:16:54.626 29587 29598 I art     : Starting a blocking GC Explicit
08-05 19:16:54.682 29587 29598 I art     : Explicit concurrent mark sweep GC freed 120(4KB) AllocSpace objects, 0(0B) LOS objects, 28% free, 41MB/57MB, paused 1.418ms total 55.244ms
08-05 19:16:54.700 29587 29598 I art     : Starting a blocking GC Explicit
08-05 19:16:54.757 29587 29598 I art     : Explicit concurrent mark sweep GC freed 3(96B) AllocSpace objects, 0(0B) LOS objects, 28% free, 41MB/57MB, paused 1.508ms total 56.401ms
08-05 19:16:54.771 29587 29598 I art     : Starting a blocking GC Explicit
08-05 19:16:54.828 29587 29598 I art     : Explicit concurrent mark sweep GC freed 3(96B) AllocSpace objects, 0(0B) LOS objects, 28% free, 41MB/57MB, paused 1.730ms total 56.578ms
08-05 19:16:54.842 29587 29598 I art     : Starting a blocking GC Explicit
08-05 19:16:54.901 29587 29598 I art     : Explicit concurrent mark sweep GC freed 3(96B) AllocSpace objects, 0(0B) LOS objects, 28% free, 41MB/57MB, paused 1.575ms total 58.399ms
08-05 19:16:55.312 29587 29808 I art     : Starting a blocking GC Explicit
08-05 19:16:55.374 29587 29808 I art     : Explicit concurrent mark sweep GC freed 1445(83KB) AllocSpace objects, 1(20KB) LOS objects, 28% free, 41MB/57MB, paused 1.495ms total 61.389ms
08-05 19:16:55.391 29587 29808 I art     : Starting a blocking GC Explicit
08-05 19:16:55.446 29587 29808 I art     : Explicit concurrent mark sweep GC freed 22(784B) AllocSpace objects, 0(0B) LOS objects, 28% free, 41MB/57MB, paused 1.539ms total 55.103ms
08-05 19:16:55.460 29587 29808 I art     : Starting a blocking GC Explicit
08-05 19:16:55.519 29587 29808 I art     : Explicit concurrent mark sweep GC freed 3(96B) AllocSpace objects, 0(0B) LOS objects, 28% free, 41MB/57MB, paused 1.510ms total 58.650ms
08-05 19:16:55.534 29587 29808 I art     : Starting a blocking GC Explicit
08-05 19:16:55.590 29587 29808 I art     : Explicit concurrent mark sweep GC freed 3(96B) AllocSpace objects, 0(0B) LOS objects, 28% free, 41MB/57MB, paused 1.578ms total 55.536ms
08-05 19:16:55.604 29587 29808 I art     : Starting a blocking GC Explicit
08-05 19:16:55.663 29587 29808 I art     : Explicit concurrent mark sweep GC freed 3(96B) AllocSpace objects, 0(0B) LOS objects, 28% free, 41MB/57MB, paused 1.572ms total 58.688ms
08-05 19:16:56.032 29587 30376 I art     : Starting a blocking GC Explicit
08-05 19:16:56.093 29587 30376 I art     : Explicit concurrent mark sweep GC freed 2873(157KB) AllocSpace objects, 1(20KB) LOS objects, 28% free, 41MB/57MB, paused 1.593ms total 60.844ms
08-05 19:16:56.108 29587 30376 I art     : Starting a blocking GC Explicit
08-05 19:16:56.168 29587 30376 I art     : Explicit concurrent mark sweep GC freed 1157(75KB) AllocSpace objects, 0(0B) LOS objects, 28% free, 41MB/57MB, paused 1.664ms total 59.711ms
08-05 19:16:56.182 29587 30376 I art     : Starting a blocking GC Explicit
08-05 19:16:56.240 29587 30376 I art     : Explicit concurrent mark sweep GC freed 28(1264B) AllocSpace objects, 0(0B) LOS objects, 28% free, 41MB/57MB, paused 1.609ms total 58.207ms
08-05 19:16:56.254 29587 30376 I art     : Starting a blocking GC Explicit
08-05 19:16:56.309 29587 30376 I art     : Explicit concurrent mark sweep GC freed 3(96B) AllocSpace objects, 0(0B) LOS objects, 28% free, 41MB/57MB, paused 1.509ms total 54.246ms
08-05 19:16:56.323 29587 30376 I art     : Starting a blocking GC Explicit
08-05 19:16:56.376 29587 30376 I art     : Explicit concurrent mark sweep GC freed 1693(65KB) AllocSpace objects, 0(0B) LOS objects, 28% free, 41MB/57MB, paused 1.517ms total 52.516ms
08-05 19:16:56.386 29587 30436 E baseline.com.newsblur.network.APIResponse: Error (unexpected end of stream on https://www.newsblur.com/...) calling https://www.newsblur.com/reader/mark_story_hashes_as_read/
08-05 19:16:56.386 29587 30436 E baseline.com.newsblur.network.APIResponse: java.io.IOException: unexpected end of stream on https://www.newsblur.com/...
08-05 19:16:56.386 29587 30436 E baseline.com.newsblur.network.APIResponse: 	at okhttp3.internal.http1.Http1ExchangeCodec.readResponseHeaders(Http1ExchangeCodec.java:236)
08-05 19:16:56.386 29587 30436 E baseline.com.newsblur.network.APIResponse: 	at okhttp3.internal.connection.Exchange.readResponseHeaders(Exchange.java:115)
08-05 19:16:56.386 29587 30436 E baseline.com.newsblur.network.APIResponse: 	at okhttp3.internal.http.CallServerInterceptor.intercept(CallServerInterceptor.java:94)
08-05 19:16:56.386 29587 30436 E baseline.com.newsblur.network.APIResponse: 	at okhttp3.internal.http.RealInterceptorChain.proceed(RealInterceptorChain.java:142)
08-05 19:16:56.386 29587 30436 E baseline.com.newsblur.network.APIResponse: 	at okhttp3.internal.connection.ConnectInterceptor.intercept(ConnectInterceptor.java:43)
08-05 19:16:56.386 29587 30436 E baseline.com.newsblur.network.APIResponse: 	at okhttp3.internal.http.RealInterceptorChain.proceed(RealInterceptorChain.java:142)
08-05 19:16:56.386 29587 30436 E baseline.com.newsblur.network.APIResponse: 	at okhttp3.internal.http.RealInterceptorChain.proceed(RealInterceptorChain.java:117)
08-05 19:16:56.386 29587 30436 E baseline.com.newsblur.network.APIResponse: 	at okhttp3.internal.cache.CacheInterceptor.intercept(CacheInterceptor.java:94)
08-05 19:16:56.386 29587 30436 E baseline.com.newsblur.network.APIResponse: 	at okhttp3.internal.http.RealInterceptorChain.proceed(RealInterceptorChain.java:142)
08-05 19:16:56.386 29587 30436 E baseline.com.newsblur.network.APIResponse: 	at okhttp3.internal.http.RealInterceptorChain.proceed(RealInterceptorChain.java:117)
08-05 19:16:56.386 29587 30436 E baseline.com.newsblur.network.APIResponse: 	at okhttp3.internal.http.BridgeInterceptor.intercept(BridgeInterceptor.java:93)
08-05 19:16:56.386 29587 30436 E baseline.com.newsblur.network.APIResponse: 	at okhttp3.internal.http.RealInterceptorChain.proceed(RealInterceptorChain.java:142)
08-05 19:16:56.386 29587 30436 E baseline.com.newsblur.network.APIResponse: 	at okhttp3.internal.http.RetryAndFollowUpInterceptor.intercept(RetryAndFollowUpInterceptor.java:88)
08-05 19:16:56.386 29587 30436 E baseline.com.newsblur.network.APIResponse: 	at okhttp3.internal.http.RealInterceptorChain.proceed(RealInterceptorChain.java:142)
08-05 19:16:56.386 29587 30436 E baseline.com.newsblur.network.APIResponse: 	at okhttp3.internal.http.RealInterceptorChain.proceed(RealInterceptorChain.java:117)
08-05 19:16:56.386 29587 30436 E baseline.com.newsblur.network.APIResponse: 	at okhttp3.RealCall.getResponseWithInterceptorChain(RealCall.java:229)
08-05 19:16:56.386 29587 30436 E baseline.com.newsblur.network.APIResponse: 	at okhttp3.RealCall.execute(RealCall.java:81)
08-05 19:16:56.386 29587 30436 E baseline.com.newsblur.network.APIResponse: 	at baseline.com.newsblur.network.APIResponse.<init>(APIResponse.java:57)
08-05 19:16:56.386 29587 30436 E baseline.com.newsblur.network.APIResponse: 	at baseline.com.newsblur.network.APIResponse.<init>(APIResponse.java:43)
08-05 19:16:56.386 29587 30436 E baseline.com.newsblur.network.APIResponse: 	at baseline.com.newsblur.network.APIManager.post_single(APIManager.java:702)
08-05 19:16:56.386 29587 30436 E baseline.com.newsblur.network.APIResponse: 	at baseline.com.newsblur.network.APIManager.post(APIManager.java:675)
08-05 19:16:56.386 29587 30436 E baseline.com.newsblur.network.APIResponse: 	at baseline.com.newsblur.network.APIManager.post(APIManager.java:714)
08-05 19:16:56.386 29587 30436 E baseline.com.newsblur.network.APIResponse: 	at baseline.com.newsblur.network.APIManager.markStoryAsRead(APIManager.java:205)
08-05 19:16:56.386 29587 30436 E baseline.com.newsblur.network.APIResponse: 	at baseline.com.newsblur.util.ReadingAction.doRemote(ReadingAction.java:281)
08-05 19:16:56.386 29587 30436 E baseline.com.newsblur.network.APIResponse: 	at baseline.com.newsblur.service.NBSyncService.syncActions(NBSyncService.java:400)
08-05 19:16:56.386 29587 30436 E baseline.com.newsblur.network.APIResponse: 	at baseline.com.newsblur.service.NBSyncService.doSync(NBSyncService.java:298)
08-05 19:16:56.386 29587 30436 E baseline.com.newsblur.network.APIResponse: 	at baseline.com.newsblur.service.NBSyncService.access$100(NBSyncService.java:67)
08-05 19:16:56.386 29587 30436 E baseline.com.newsblur.network.APIResponse: 	at baseline.com.newsblur.service.NBSyncService$1.run(NBSyncService.java:188)
08-05 19:16:56.386 29587 30436 E baseline.com.newsblur.network.APIResponse: 	at java.util.concurrent.ThreadPoolExecutor.runWorker(ThreadPoolExecutor.java:1113)
08-05 19:16:56.386 29587 30436 E baseline.com.newsblur.network.APIResponse: 	at java.util.concurrent.ThreadPoolExecutor$Worker.run(ThreadPoolExecutor.java:588)
08-05 19:16:56.386 29587 30436 E baseline.com.newsblur.network.APIResponse: 	at java.lang.Thread.run(Thread.java:818)
08-05 19:16:56.386 29587 30436 E baseline.com.newsblur.network.APIResponse: Caused by: java.io.EOFException: \n not found: limit=0 content=
08-05 19:16:56.386 29587 30436 E baseline.com.newsblur.network.APIResponse: 	at okio.RealBufferedSource.readUtf8LineStrict(RealBufferedSource.java:240)
08-05 19:16:56.386 29587 30436 E baseline.com.newsblur.network.APIResponse: 	at okhttp3.internal.http1.Http1ExchangeCodec.readHeaderLine(Http1ExchangeCodec.java:242)
08-05 19:16:56.386 29587 30436 E baseline.com.newsblur.network.APIResponse: 	at okhttp3.internal.http1.Http1ExchangeCodec.readResponseHeaders(Http1ExchangeCodec.java:213)
08-05 19:16:56.386 29587 30436 E baseline.com.newsblur.network.APIResponse: 	... 30 more
08-05 19:16:56.387 29587 30436 I baseline.com.newsblur.network.APIManager: API call failed, pausing before retry number 2
08-05 19:16:56.760 29587 29599 I art     : Starting a blocking GC Explicit
08-05 19:16:56.823 29587 29599 I art     : Explicit concurrent mark sweep GC freed 6343(481KB) AllocSpace objects, 3(60KB) LOS objects, 28% free, 41MB/57MB, paused 1.604ms total 62.581ms
08-05 19:16:56.840 29587 29599 I art     : Starting a blocking GC Explicit
08-05 19:16:56.895 29587 29599 I art     : Explicit concurrent mark sweep GC freed 579(23KB) AllocSpace objects, 0(0B) LOS objects, 28% free, 41MB/57MB, paused 1.841ms total 55.044ms
08-05 19:16:56.909 29587 29599 I art     : Starting a blocking GC Explicit
08-05 19:16:56.966 29587 29599 I art     : Explicit concurrent mark sweep GC freed 1555(61KB) AllocSpace objects, 0(0B) LOS objects, 28% free, 41MB/57MB, paused 1.549ms total 56.284ms
08-05 19:16:56.980 29587 29599 I art     : Starting a blocking GC Explicit
08-05 19:16:57.039 29587 29599 I art     : Explicit concurrent mark sweep GC freed 143(17KB) AllocSpace objects, 0(0B) LOS objects, 28% free, 41MB/57MB, paused 1.640ms total 58.245ms
08-05 19:16:57.055 29587 29599 I art     : Starting a blocking GC Explicit
08-05 19:16:57.111 29587 29599 I art     : Explicit concurrent mark sweep GC freed 25(832B) AllocSpace objects, 0(0B) LOS objects, 28% free, 41MB/57MB, paused 1.656ms total 56.211ms
08-05 19:16:57.503 29587 29598 I art     : Starting a blocking GC Explicit
08-05 19:16:57.564 29587 29598 I art     : Explicit concurrent mark sweep GC freed 1443(83KB) AllocSpace objects, 1(20KB) LOS objects, 28% free, 41MB/57MB, paused 1.550ms total 61.179ms
08-05 19:16:57.580 29587 29598 I art     : Starting a blocking GC Explicit
08-05 19:16:57.639 29587 29598 I art     : Explicit concurrent mark sweep GC freed 22(784B) AllocSpace objects, 0(0B) LOS objects, 28% free, 41MB/57MB, paused 1.478ms total 58.543ms
08-05 19:16:57.654 29587 29598 I art     : Starting a blocking GC Explicit
08-05 19:16:57.713 29587 29598 I art     : Explicit concurrent mark sweep GC freed 3(96B) AllocSpace objects, 0(0B) LOS objects, 28% free, 41MB/57MB, paused 1.481ms total 59.492ms
08-05 19:16:57.728 29587 29598 I art     : Starting a blocking GC Explicit
08-05 19:16:57.787 29587 29598 I art     : Explicit concurrent mark sweep GC freed 3(96B) AllocSpace objects, 0(0B) LOS objects, 28% free, 41MB/57MB, paused 1.582ms total 59.463ms
08-05 19:16:57.802 29587 29598 I art     : Starting a blocking GC Explicit
08-05 19:16:57.861 29587 29598 I art     : Explicit concurrent mark sweep GC freed 3(96B) AllocSpace objects, 0(0B) LOS objects, 28% free, 41MB/57MB, paused 1.526ms total 58.159ms
08-05 19:16:58.258 29587 29808 I art     : Starting a blocking GC Explicit
08-05 19:16:58.320 29587 29808 I art     : Explicit concurrent mark sweep GC freed 1443(83KB) AllocSpace objects, 1(20KB) LOS objects, 28% free, 41MB/57MB, paused 1.582ms total 60.976ms
08-05 19:16:58.337 29587 29808 I art     : Starting a blocking GC Explicit
08-05 19:16:58.393 29587 29808 I art     : Explicit concurrent mark sweep GC freed 22(784B) AllocSpace objects, 0(0B) LOS objects, 28% free, 41MB/57MB, paused 1.526ms total 56.651ms
08-05 19:16:58.408 29587 29808 I art     : Starting a blocking GC Explicit
08-05 19:16:58.464 29587 29808 I art     : Explicit concurrent mark sweep GC freed 3(96B) AllocSpace objects, 0(0B) LOS objects, 28% free, 41MB/57MB, paused 1.420ms total 56.394ms
08-05 19:16:58.479 29587 29808 I art     : Starting a blocking GC Explicit
08-05 19:16:58.537 29587 29808 I art     : Explicit concurrent mark sweep GC freed 3(96B) AllocSpace objects, 0(0B) LOS objects, 28% free, 41MB/57MB, paused 1.565ms total 57.311ms
08-05 19:16:58.551 29587 29808 I art     : Starting a blocking GC Explicit
08-05 19:16:58.610 29587 29808 I art     : Explicit concurrent mark sweep GC freed 3(96B) AllocSpace objects, 0(0B) LOS objects, 28% free, 41MB/57MB, paused 1.450ms total 58.272ms
08-05 19:16:58.993 29587 30376 I art     : Starting a blocking GC Explicit
08-05 19:16:59.054 29587 30376 I art     : Explicit concurrent mark sweep GC freed 1444(83KB) AllocSpace objects, 1(20KB) LOS objects, 28% free, 41MB/57MB, paused 1.551ms total 61.043ms
08-05 19:16:59.071 29587 30376 I art     : Starting a blocking GC Explicit
08-05 19:16:59.128 29587 30376 I art     : Explicit concurrent mark sweep GC freed 22(784B) AllocSpace objects, 0(0B) LOS objects, 28% free, 41MB/57MB, paused 1.566ms total 56.136ms
08-05 19:16:59.142 29587 30376 I art     : Starting a blocking GC Explicit
08-05 19:16:59.201 29587 30376 I art     : Explicit concurrent mark sweep GC freed 3(96B) AllocSpace objects, 0(0B) LOS objects, 28% free, 41MB/57MB, paused 1.591ms total 58.320ms
08-05 19:16:59.215 29587 30376 I art     : Starting a blocking GC Explicit
08-05 19:16:59.273 29587 30376 I art     : Explicit concurrent mark sweep GC freed 3(96B) AllocSpace objects, 0(0B) LOS objects, 28% free, 41MB/57MB, paused 1.551ms total 57.132ms
08-05 19:16:59.287 29587 30376 I art     : Starting a blocking GC Explicit
08-05 19:16:59.348 29587 30376 I art     : Explicit concurrent mark sweep GC freed 3(96B) AllocSpace objects, 0(0B) LOS objects, 28% free, 41MB/57MB, paused 1.687ms total 60.284ms
08-05 19:16:59.753 29587 29599 I art     : Starting a blocking GC Explicit
08-05 19:16:59.815 29587 29599 I art     : Explicit concurrent mark sweep GC freed 1608(91KB) AllocSpace objects, 1(20KB) LOS objects, 28% free, 41MB/57MB, paused 1.494ms total 61.231ms
08-05 19:16:59.832 29587 29599 I art     : Starting a blocking GC Explicit
08-05 19:16:59.887 29587 29599 I art     : Explicit concurrent mark sweep GC freed 1622(63KB) AllocSpace objects, 0(0B) LOS objects, 28% free, 41MB/57MB, paused 1.613ms total 54.114ms
08-05 19:16:59.901 29587 29599 I art     : Starting a blocking GC Explicit
08-05 19:16:59.933 29587 30436 E baseline.com.newsblur.network.APIResponse: Error (unexpected end of stream on https://www.newsblur.com/...) calling https://www.newsblur.com/reader/mark_story_hashes_as_read/
08-05 19:16:59.933 29587 30436 E baseline.com.newsblur.network.APIResponse: java.io.IOException: unexpected end of stream on https://www.newsblur.com/...
08-05 19:16:59.933 29587 30436 E baseline.com.newsblur.network.APIResponse: 	at okhttp3.internal.http1.Http1ExchangeCodec.readResponseHeaders(Http1ExchangeCodec.java:236)
08-05 19:16:59.933 29587 30436 E baseline.com.newsblur.network.APIResponse: 	at okhttp3.internal.connection.Exchange.readResponseHeaders(Exchange.java:115)
08-05 19:16:59.933 29587 30436 E baseline.com.newsblur.network.APIResponse: 	at okhttp3.internal.http.CallServerInterceptor.intercept(CallServerInterceptor.java:94)
08-05 19:16:59.933 29587 30436 E baseline.com.newsblur.network.APIResponse: 	at okhttp3.internal.http.RealInterceptorChain.proceed(RealInterceptorChain.java:142)
08-05 19:16:59.933 29587 30436 E baseline.com.newsblur.network.APIResponse: 	at okhttp3.internal.connection.ConnectInterceptor.intercept(ConnectInterceptor.java:43)
08-05 19:16:59.933 29587 30436 E baseline.com.newsblur.network.APIResponse: 	at okhttp3.internal.http.RealInterceptorChain.proceed(RealInterceptorChain.java:142)
08-05 19:16:59.933 29587 30436 E baseline.com.newsblur.network.APIResponse: 	at okhttp3.internal.http.RealInterceptorChain.proceed(RealInterceptorChain.java:117)
08-05 19:16:59.933 29587 30436 E baseline.com.newsblur.network.APIResponse: 	at okhttp3.internal.cache.CacheInterceptor.intercept(CacheInterceptor.java:94)
08-05 19:16:59.933 29587 30436 E baseline.com.newsblur.network.APIResponse: 	at okhttp3.internal.http.RealInterceptorChain.proceed(RealInterceptorChain.java:142)
08-05 19:16:59.933 29587 30436 E baseline.com.newsblur.network.APIResponse: 	at okhttp3.internal.http.RealInterceptorChain.proceed(RealInterceptorChain.java:117)
08-05 19:16:59.933 29587 30436 E baseline.com.newsblur.network.APIResponse: 	at okhttp3.internal.http.BridgeInterceptor.intercept(BridgeInterceptor.java:93)
08-05 19:16:59.933 29587 30436 E baseline.com.newsblur.network.APIResponse: 	at okhttp3.internal.http.RealInterceptorChain.proceed(RealInterceptorChain.java:142)
08-05 19:16:59.933 29587 30436 E baseline.com.newsblur.network.APIResponse: 	at okhttp3.internal.http.RetryAndFollowUpInterceptor.intercept(RetryAndFollowUpInterceptor.java:88)
08-05 19:16:59.933 29587 30436 E baseline.com.newsblur.network.APIResponse: 	at okhttp3.internal.http.RealInterceptorChain.proceed(RealInterceptorChain.java:142)
08-05 19:16:59.933 29587 30436 E baseline.com.newsblur.network.APIResponse: 	at okhttp3.internal.http.RealInterceptorChain.proceed(RealInterceptorChain.java:117)
08-05 19:16:59.933 29587 30436 E baseline.com.newsblur.network.APIResponse: 	at okhttp3.RealCall.getResponseWithInterceptorChain(RealCall.java:229)
08-05 19:16:59.933 29587 30436 E baseline.com.newsblur.network.APIResponse: 	at okhttp3.RealCall.execute(RealCall.java:81)
08-05 19:16:59.933 29587 30436 E baseline.com.newsblur.network.APIResponse: 	at baseline.com.newsblur.network.APIResponse.<init>(APIResponse.java:57)
08-05 19:16:59.933 29587 30436 E baseline.com.newsblur.network.APIResponse: 	at baseline.com.newsblur.network.APIResponse.<init>(APIResponse.java:43)
08-05 19:16:59.933 29587 30436 E baseline.com.newsblur.network.APIResponse: 	at baseline.com.newsblur.network.APIManager.post_single(APIManager.java:702)
08-05 19:16:59.933 29587 30436 E baseline.com.newsblur.network.APIResponse: 	at baseline.com.newsblur.network.APIManager.post(APIManager.java:675)
08-05 19:16:59.933 29587 30436 E baseline.com.newsblur.network.APIResponse: 	at baseline.com.newsblur.network.APIManager.post(APIManager.java:714)
08-05 19:16:59.933 29587 30436 E baseline.com.newsblur.network.APIResponse: 	at baseline.com.newsblur.network.APIManager.markStoryAsRead(APIManager.java:205)
08-05 19:16:59.933 29587 30436 E baseline.com.newsblur.network.APIResponse: 	at baseline.com.newsblur.util.ReadingAction.doRemote(ReadingAction.java:281)
08-05 19:16:59.933 29587 30436 E baseline.com.newsblur.network.APIResponse: 	at baseline.com.newsblur.service.NBSyncService.syncActions(NBSyncService.java:400)
08-05 19:16:59.933 29587 30436 E baseline.com.newsblur.network.APIResponse: 	at baseline.com.newsblur.service.NBSyncService.doSync(NBSyncService.java:298)
08-05 19:16:59.933 29587 30436 E baseline.com.newsblur.network.APIResponse: 	at baseline.com.newsblur.service.NBSyncService.access$100(NBSyncService.java:67)
08-05 19:16:59.933 29587 30436 E baseline.com.newsblur.network.APIResponse: 	at baseline.com.newsblur.service.NBSyncService$1.run(NBSyncService.java:188)
08-05 19:16:59.933 29587 30436 E baseline.com.newsblur.network.APIResponse: 	at java.util.concurrent.ThreadPoolExecutor.runWorker(ThreadPoolExecutor.java:1113)
08-05 19:16:59.933 29587 30436 E baseline.com.newsblur.network.APIResponse: 	at java.util.concurrent.ThreadPoolExecutor$Worker.run(ThreadPoolExecutor.java:588)
08-05 19:16:59.933 29587 30436 E baseline.com.newsblur.network.APIResponse: 	at java.lang.Thread.run(Thread.java:818)
08-05 19:16:59.933 29587 30436 E baseline.com.newsblur.network.APIResponse: Caused by: java.io.EOFException: \n not found: limit=0 content=
08-05 19:16:59.933 29587 30436 E baseline.com.newsblur.network.APIResponse: 	at okio.RealBufferedSource.readUtf8LineStrict(RealBufferedSource.java:240)
08-05 19:16:59.933 29587 30436 E baseline.com.newsblur.network.APIResponse: 	at okhttp3.internal.http1.Http1ExchangeCodec.readHeaderLine(Http1ExchangeCodec.java:242)
08-05 19:16:59.933 29587 30436 E baseline.com.newsblur.network.APIResponse: 	at okhttp3.internal.http1.Http1ExchangeCodec.readResponseHeaders(Http1ExchangeCodec.java:213)
08-05 19:16:59.933 29587 30436 E baseline.com.newsblur.network.APIResponse: 	... 30 more
08-05 19:16:59.935 29587 30436 I baseline.com.newsblur.service.NBSyncService: Holding reading action with server-side or network error.
08-05 19:16:59.949 29587 30436 W baseline.com.newsblur.service.NBSyncService: hard API failure
08-05 19:16:59.957 29587 29599 I art     : Explicit concurrent mark sweep GC freed 1038(210KB) AllocSpace objects, 3(60KB) LOS objects, 28% free, 41MB/57MB, paused 1.702ms total 55.719ms
08-05 19:16:59.971 29587 29599 I art     : Starting a blocking GC Explicit
08-05 19:17:00.024 29587 29599 I art     : Explicit concurrent mark sweep GC freed 355(53KB) AllocSpace objects, 1(20KB) LOS objects, 28% free, 41MB/57MB, paused 1.519ms total 52.826ms
08-05 19:17:00.038 29587 29599 I art     : Starting a blocking GC Explicit
08-05 19:17:00.088 29587 29599 I art     : Explicit concurrent mark sweep GC freed 51(1968B) AllocSpace objects, 0(0B) LOS objects, 28% free, 41MB/57MB, paused 1.501ms total 49.325ms
08-05 19:17:00.423 29587 30436 E baseline.com.newsblur.network.APIResponse: Error (unexpected end of stream on https://www.newsblur.com/...) calling https://www.newsblur.com/reader/mark_story_hashes_as_read/
08-05 19:17:00.423 29587 30436 E baseline.com.newsblur.network.APIResponse: java.io.IOException: unexpected end of stream on https://www.newsblur.com/...
08-05 19:17:00.423 29587 30436 E baseline.com.newsblur.network.APIResponse: 	at okhttp3.internal.http1.Http1ExchangeCodec.readResponseHeaders(Http1ExchangeCodec.java:236)
08-05 19:17:00.423 29587 30436 E baseline.com.newsblur.network.APIResponse: 	at okhttp3.internal.connection.Exchange.readResponseHeaders(Exchange.java:115)
08-05 19:17:00.423 29587 30436 E baseline.com.newsblur.network.APIResponse: 	at okhttp3.internal.http.CallServerInterceptor.intercept(CallServerInterceptor.java:94)
08-05 19:17:00.423 29587 30436 E baseline.com.newsblur.network.APIResponse: 	at okhttp3.internal.http.RealInterceptorChain.proceed(RealInterceptorChain.java:142)
08-05 19:17:00.423 29587 30436 E baseline.com.newsblur.network.APIResponse: 	at okhttp3.internal.connection.ConnectInterceptor.intercept(ConnectInterceptor.java:43)
08-05 19:17:00.423 29587 30436 E baseline.com.newsblur.network.APIResponse: 	at okhttp3.internal.http.RealInterceptorChain.proceed(RealInterceptorChain.java:142)
08-05 19:17:00.423 29587 30436 E baseline.com.newsblur.network.APIResponse: 	at okhttp3.internal.http.RealInterceptorChain.proceed(RealInterceptorChain.java:117)
08-05 19:17:00.423 29587 30436 E baseline.com.newsblur.network.APIResponse: 	at okhttp3.internal.cache.CacheInterceptor.intercept(CacheInterceptor.java:94)
08-05 19:17:00.423 29587 30436 E baseline.com.newsblur.network.APIResponse: 	at okhttp3.internal.http.RealInterceptorChain.proceed(RealInterceptorChain.java:142)
08-05 19:17:00.423 29587 30436 E baseline.com.newsblur.network.APIResponse: 	at okhttp3.internal.http.RealInterceptorChain.proceed(RealInterceptorChain.java:117)
08-05 19:17:00.423 29587 30436 E baseline.com.newsblur.network.APIResponse: 	at okhttp3.internal.http.BridgeInterceptor.intercept(BridgeInterceptor.java:93)
08-05 19:17:00.423 29587 30436 E baseline.com.newsblur.network.APIResponse: 	at okhttp3.internal.http.RealInterceptorChain.proceed(RealInterceptorChain.java:142)
08-05 19:17:00.423 29587 30436 E baseline.com.newsblur.network.APIResponse: 	at okhttp3.internal.http.RetryAndFollowUpInterceptor.intercept(RetryAndFollowUpInterceptor.java:88)
08-05 19:17:00.423 29587 30436 E baseline.com.newsblur.network.APIResponse: 	at okhttp3.internal.http.RealInterceptorChain.proceed(RealInterceptorChain.java:142)
08-05 19:17:00.423 29587 30436 E baseline.com.newsblur.network.APIResponse: 	at okhttp3.internal.http.RealInterceptorChain.proceed(RealInterceptorChain.java:117)
08-05 19:17:00.423 29587 30436 E baseline.com.newsblur.network.APIResponse: 	at okhttp3.RealCall.getResponseWithInterceptorChain(RealCall.java:229)
08-05 19:17:00.423 29587 30436 E baseline.com.newsblur.network.APIResponse: 	at okhttp3.RealCall.execute(RealCall.java:81)
08-05 19:17:00.423 29587 30436 E baseline.com.newsblur.network.APIResponse: 	at baseline.com.newsblur.network.APIResponse.<init>(APIResponse.java:57)
08-05 19:17:00.423 29587 30436 E baseline.com.newsblur.network.APIResponse: 	at baseline.com.newsblur.network.APIResponse.<init>(APIResponse.java:43)
08-05 19:17:00.423 29587 30436 E baseline.com.newsblur.network.APIResponse: 	at baseline.com.newsblur.network.APIManager.post_single(APIManager.java:702)
08-05 19:17:00.423 29587 30436 E baseline.com.newsblur.network.APIResponse: 	at baseline.com.newsblur.network.APIManager.post(APIManager.java:675)
08-05 19:17:00.423 29587 30436 E baseline.com.newsblur.network.APIResponse: 	at baseline.com.newsblur.network.APIManager.post(APIManager.java:714)
08-05 19:17:00.423 29587 30436 E baseline.com.newsblur.network.APIResponse: 	at baseline.com.newsblur.network.APIManager.markStoryAsRead(APIManager.java:205)
08-05 19:17:00.423 29587 30436 E baseline.com.newsblur.network.APIResponse: 	at baseline.com.newsblur.util.ReadingAction.doRemote(ReadingAction.java:281)
08-05 19:17:00.423 29587 30436 E baseline.com.newsblur.network.APIResponse: 	at baseline.com.newsblur.service.NBSyncService.syncActions(NBSyncService.java:400)
08-05 19:17:00.423 29587 30436 E baseline.com.newsblur.network.APIResponse: 	at baseline.com.newsblur.service.NBSyncService.doSync(NBSyncService.java:298)
08-05 19:17:00.423 29587 30436 E baseline.com.newsblur.network.APIResponse: 	at baseline.com.newsblur.service.NBSyncService.access$100(NBSyncService.java:67)
08-05 19:17:00.423 29587 30436 E baseline.com.newsblur.network.APIResponse: 	at baseline.com.newsblur.service.NBSyncService$1.run(NBSyncService.java:188)
08-05 19:17:00.423 29587 30436 E baseline.com.newsblur.network.APIResponse: 	at java.util.concurrent.ThreadPoolExecutor.runWorker(ThreadPoolExecutor.java:1113)
08-05 19:17:00.423 29587 30436 E baseline.com.newsblur.network.APIResponse: 	at java.util.concurrent.ThreadPoolExecutor$Worker.run(ThreadPoolExecutor.java:588)
08-05 19:17:00.423 29587 30436 E baseline.com.newsblur.network.APIResponse: 	at java.lang.Thread.run(Thread.java:818)
08-05 19:17:00.423 29587 30436 E baseline.com.newsblur.network.APIResponse: Caused by: java.io.EOFException: \n not found: limit=0 content=
08-05 19:17:00.423 29587 30436 E baseline.com.newsblur.network.APIResponse: 	at okio.RealBufferedSource.readUtf8LineStrict(RealBufferedSource.java:240)
08-05 19:17:00.423 29587 30436 E baseline.com.newsblur.network.APIResponse: 	at okhttp3.internal.http1.Http1ExchangeCodec.readHeaderLine(Http1ExchangeCodec.java:242)
08-05 19:17:00.423 29587 30436 E baseline.com.newsblur.network.APIResponse: 	at okhttp3.internal.http1.Http1ExchangeCodec.readResponseHeaders(Http1ExchangeCodec.java:213)
08-05 19:17:00.423 29587 30436 E baseline.com.newsblur.network.APIResponse: 	... 30 more
08-05 19:17:00.427 29587 30436 I baseline.com.newsblur.network.APIManager: API call failed, pausing before retry number 1
08-05 19:17:00.481 29587 29598 I art     : Starting a blocking GC Explicit
08-05 19:17:00.543 29587 29598 I art     : Explicit concurrent mark sweep GC freed 3954(357KB) AllocSpace objects, 3(60KB) LOS objects, 28% free, 40MB/56MB, paused 1.554ms total 61.166ms
08-05 19:17:00.558 29587 29598 I art     : Starting a blocking GC Explicit
08-05 19:17:00.616 29587 29598 I art     : Explicit concurrent mark sweep GC freed 120(4KB) AllocSpace objects, 0(0B) LOS objects, 28% free, 40MB/56MB, paused 1.514ms total 58.240ms
08-05 19:17:00.631 29587 29598 I art     : Starting a blocking GC Explicit
08-05 19:17:00.690 29587 29598 I art     : Explicit concurrent mark sweep GC freed 3(96B) AllocSpace objects, 0(0B) LOS objects, 28% free, 40MB/56MB, paused 1.551ms total 59.306ms
08-05 19:17:00.707 29587 29598 I art     : Starting a blocking GC Explicit
08-05 19:17:00.763 29587 29598 I art     : Explicit concurrent mark sweep GC freed 3(96B) AllocSpace objects, 0(0B) LOS objects, 28% free, 40MB/56MB, paused 1.548ms total 55.670ms
08-05 19:17:00.778 29587 29598 I art     : Starting a blocking GC Explicit
08-05 19:17:00.836 29587 29598 I art     : Explicit concurrent mark sweep GC freed 3(96B) AllocSpace objects, 0(0B) LOS objects, 28% free, 40MB/56MB, paused 1.550ms total 58.253ms
08-05 19:17:01.255 29587 29808 I art     : Starting a blocking GC Explicit
08-05 19:17:01.317 29587 29808 I art     : Explicit concurrent mark sweep GC freed 1443(83KB) AllocSpace objects, 1(20KB) LOS objects, 28% free, 40MB/56MB, paused 1.524ms total 62.182ms
08-05 19:17:01.334 29587 29808 I art     : Starting a blocking GC Explicit
08-05 19:17:01.390 29587 29808 I art     : Explicit concurrent mark sweep GC freed 22(784B) AllocSpace objects, 0(0B) LOS objects, 28% free, 40MB/56MB, paused 1.524ms total 56.218ms
08-05 19:17:01.405 29587 29808 I art     : Starting a blocking GC Explicit
08-05 19:17:01.463 29587 29808 I art     : Explicit concurrent mark sweep GC freed 3(96B) AllocSpace objects, 0(0B) LOS objects, 28% free, 40MB/56MB, paused 1.508ms total 58.307ms
08-05 19:17:01.478 29587 29808 I art     : Starting a blocking GC Explicit
08-05 19:17:01.536 29587 29808 I art     : Explicit concurrent mark sweep GC freed 3(96B) AllocSpace objects, 0(0B) LOS objects, 28% free, 40MB/56MB, paused 1.546ms total 57.541ms
08-05 19:17:01.551 29587 29808 I art     : Starting a blocking GC Explicit
08-05 19:17:01.611 29587 29808 I art     : Explicit concurrent mark sweep GC freed 3(96B) AllocSpace objects, 0(0B) LOS objects, 28% free, 40MB/56MB, paused 1.548ms total 59.517ms
08-05 19:17:01.999 29587 30376 I art     : Starting a blocking GC Explicit
08-05 19:17:02.061 29587 30376 I art     : Explicit concurrent mark sweep GC freed 1599(90KB) AllocSpace objects, 1(20KB) LOS objects, 28% free, 41MB/57MB, paused 1.640ms total 60.931ms
08-05 19:17:02.077 29587 30376 I art     : Starting a blocking GC Explicit
08-05 19:17:02.133 29587 30376 I art     : Explicit concurrent mark sweep GC freed 37(2352B) AllocSpace objects, 0(0B) LOS objects, 28% free, 40MB/56MB, paused 1.457ms total 55.338ms
08-05 19:17:02.147 29587 30376 I art     : Starting a blocking GC Explicit
08-05 19:17:02.206 29587 30376 I art     : Explicit concurrent mark sweep GC freed 3(96B) AllocSpace objects, 0(0B) LOS objects, 28% free, 40MB/56MB, paused 1.584ms total 58.569ms
08-05 19:17:02.221 29587 30376 I art     : Starting a blocking GC Explicit
08-05 19:17:02.276 29587 30376 I art     : Explicit concurrent mark sweep GC freed 3(96B) AllocSpace objects, 0(0B) LOS objects, 28% free, 40MB/56MB, paused 1.455ms total 54.609ms
08-05 19:17:02.291 29587 30376 I art     : Starting a blocking GC Explicit
08-05 19:17:02.344 29587 30376 I art     : Explicit concurrent mark sweep GC freed 3(96B) AllocSpace objects, 0(0B) LOS objects, 28% free, 40MB/56MB, paused 1.429ms total 53.581ms
08-05 19:17:02.478 29587 30436 E baseline.com.newsblur.network.APIResponse: Error (unexpected end of stream on https://www.newsblur.com/...) calling https://www.newsblur.com/reader/mark_story_hashes_as_read/
08-05 19:17:02.478 29587 30436 E baseline.com.newsblur.network.APIResponse: java.io.IOException: unexpected end of stream on https://www.newsblur.com/...
08-05 19:17:02.478 29587 30436 E baseline.com.newsblur.network.APIResponse: 	at okhttp3.internal.http1.Http1ExchangeCodec.readResponseHeaders(Http1ExchangeCodec.java:236)
08-05 19:17:02.478 29587 30436 E baseline.com.newsblur.network.APIResponse: 	at okhttp3.internal.connection.Exchange.readResponseHeaders(Exchange.java:115)
08-05 19:17:02.478 29587 30436 E baseline.com.newsblur.network.APIResponse: 	at okhttp3.internal.http.CallServerInterceptor.intercept(CallServerInterceptor.java:94)
08-05 19:17:02.478 29587 30436 E baseline.com.newsblur.network.APIResponse: 	at okhttp3.internal.http.RealInterceptorChain.proceed(RealInterceptorChain.java:142)
08-05 19:17:02.478 29587 30436 E baseline.com.newsblur.network.APIResponse: 	at okhttp3.internal.connection.ConnectInterceptor.intercept(ConnectInterceptor.java:43)
08-05 19:17:02.478 29587 30436 E baseline.com.newsblur.network.APIResponse: 	at okhttp3.internal.http.RealInterceptorChain.proceed(RealInterceptorChain.java:142)
08-05 19:17:02.478 29587 30436 E baseline.com.newsblur.network.APIResponse: 	at okhttp3.internal.http.RealInterceptorChain.proceed(RealInterceptorChain.java:117)
08-05 19:17:02.478 29587 30436 E baseline.com.newsblur.network.APIResponse: 	at okhttp3.internal.cache.CacheInterceptor.intercept(CacheInterceptor.java:94)
08-05 19:17:02.478 29587 30436 E baseline.com.newsblur.network.APIResponse: 	at okhttp3.internal.http.RealInterceptorChain.proceed(RealInterceptorChain.java:142)
08-05 19:17:02.478 29587 30436 E baseline.com.newsblur.network.APIResponse: 	at okhttp3.internal.http.RealInterceptorChain.proceed(RealInterceptorChain.java:117)
08-05 19:17:02.478 29587 30436 E baseline.com.newsblur.network.APIResponse: 	at okhttp3.internal.http.BridgeInterceptor.intercept(BridgeInterceptor.java:93)
08-05 19:17:02.478 29587 30436 E baseline.com.newsblur.network.APIResponse: 	at okhttp3.internal.http.RealInterceptorChain.proceed(RealInterceptorChain.java:142)
08-05 19:17:02.478 29587 30436 E baseline.com.newsblur.network.APIResponse: 	at okhttp3.internal.http.RetryAndFollowUpInterceptor.intercept(RetryAndFollowUpInterceptor.java:88)
08-05 19:17:02.478 29587 30436 E baseline.com.newsblur.network.APIResponse: 	at okhttp3.internal.http.RealInterceptorChain.proceed(RealInterceptorChain.java:142)
08-05 19:17:02.478 29587 30436 E baseline.com.newsblur.network.APIResponse: 	at okhttp3.internal.http.RealInterceptorChain.proceed(RealInterceptorChain.java:117)
08-05 19:17:02.478 29587 30436 E baseline.com.newsblur.network.APIResponse: 	at okhttp3.RealCall.getResponseWithInterceptorChain(RealCall.java:229)
08-05 19:17:02.478 29587 30436 E baseline.com.newsblur.network.APIResponse: 	at okhttp3.RealCall.execute(RealCall.java:81)
08-05 19:17:02.478 29587 30436 E baseline.com.newsblur.network.APIResponse: 	at baseline.com.newsblur.network.APIResponse.<init>(APIResponse.java:57)
08-05 19:17:02.478 29587 30436 E baseline.com.newsblur.network.APIResponse: 	at baseline.com.newsblur.network.APIResponse.<init>(APIResponse.java:43)
08-05 19:17:02.478 29587 30436 E baseline.com.newsblur.network.APIResponse: 	at baseline.com.newsblur.network.APIManager.post_single(APIManager.java:702)
08-05 19:17:02.478 29587 30436 E baseline.com.newsblur.network.APIResponse: 	at baseline.com.newsblur.network.APIManager.post(APIManager.java:675)
08-05 19:17:02.478 29587 30436 E baseline.com.newsblur.network.APIResponse: 	at baseline.com.newsblur.network.APIManager.post(APIManager.java:714)
08-05 19:17:02.478 29587 30436 E baseline.com.newsblur.network.APIResponse: 	at baseline.com.newsblur.network.APIManager.markStoryAsRead(APIManager.java:205)
08-05 19:17:02.478 29587 30436 E baseline.com.newsblur.network.APIResponse: 	at baseline.com.newsblur.util.ReadingAction.doRemote(ReadingAction.java:281)
08-05 19:17:02.478 29587 30436 E baseline.com.newsblur.network.APIResponse: 	at baseline.com.newsblur.service.NBSyncService.syncActions(NBSyncService.java:400)
08-05 19:17:02.478 29587 30436 E baseline.com.newsblur.network.APIResponse: 	at baseline.com.newsblur.service.NBSyncService.doSync(NBSyncService.java:298)
08-05 19:17:02.478 29587 30436 E baseline.com.newsblur.network.APIResponse: 	at baseline.com.newsblur.service.NBSyncService.access$100(NBSyncService.java:67)
08-05 19:17:02.478 29587 30436 E baseline.com.newsblur.network.APIResponse: 	at baseline.com.newsblur.service.NBSyncService$1.run(NBSyncService.java:188)
08-05 19:17:02.478 29587 30436 E baseline.com.newsblur.network.APIResponse: 	at java.util.concurrent.ThreadPoolExecutor.runWorker(ThreadPoolExecutor.java:1113)
08-05 19:17:02.478 29587 30436 E baseline.com.newsblur.network.APIResponse: 	at java.util.concurrent.ThreadPoolExecutor$Worker.run(ThreadPoolExecutor.java:588)
08-05 19:17:02.478 29587 30436 E baseline.com.newsblur.network.APIResponse: 	at java.lang.Thread.run(Thread.java:818)
08-05 19:17:02.478 29587 30436 E baseline.com.newsblur.network.APIResponse: Caused by: java.io.EOFException: \n not found: limit=0 content=
08-05 19:17:02.478 29587 30436 E baseline.com.newsblur.network.APIResponse: 	at okio.RealBufferedSource.readUtf8LineStrict(RealBufferedSource.java:240)
08-05 19:17:02.478 29587 30436 E baseline.com.newsblur.network.APIResponse: 	at okhttp3.internal.http1.Http1ExchangeCodec.readHeaderLine(Http1ExchangeCodec.java:242)
08-05 19:17:02.478 29587 30436 E baseline.com.newsblur.network.APIResponse: 	at okhttp3.internal.http1.Http1ExchangeCodec.readResponseHeaders(Http1ExchangeCodec.java:213)
08-05 19:17:02.478 29587 30436 E baseline.com.newsblur.network.APIResponse: 	... 30 more
08-05 19:17:02.481 29587 30436 I baseline.com.newsblur.network.APIManager: API call failed, pausing before retry number 2
08-05 19:17:02.717 29587 29599 I art     : Starting a blocking GC Explicit
08-05 19:17:02.774 29587 29599 I art     : Explicit concurrent mark sweep GC freed 3954(357KB) AllocSpace objects, 3(60KB) LOS objects, 28% free, 40MB/56MB, paused 1.548ms total 56.915ms
08-05 19:17:02.788 29587 29599 I art     : Starting a blocking GC Explicit
08-05 19:17:02.843 29587 29599 I art     : Explicit concurrent mark sweep GC freed 120(4KB) AllocSpace objects, 0(0B) LOS objects, 28% free, 40MB/56MB, paused 1.523ms total 54.635ms
08-05 19:17:02.843 31288 31288 D AndroidRuntime: >>>>>> START com.android.internal.os.RuntimeInit uid 2000 <<<<<<
08-05 19:17:02.849 31288 31288 D AndroidRuntime: CheckJNI is OFF
08-05 19:17:02.857 29587 29599 I art     : Starting a blocking GC Explicit
08-05 19:17:02.893 31288 31288 D ICU     : No timezone override file found: /data/misc/zoneinfo/current/icu/icu_tzdata.dat
08-05 19:17:02.912 29587 29599 I art     : Explicit concurrent mark sweep GC freed 3(96B) AllocSpace objects, 0(0B) LOS objects, 28% free, 40MB/56MB, paused 1.536ms total 54.484ms
08-05 19:17:02.926 29587 29599 I art     : Starting a blocking GC Explicit
08-05 19:17:02.940 31288 31288 I Radio-JNI: register_android_hardware_Radio DONE
08-05 19:17:02.971 31288 31288 D AndroidRuntime: Calling main entry com.android.commands.input.Input
08-05 19:17:02.972 31288 31288 I Input   : injectKeyEvent: KeyEvent { action=ACTION_DOWN, keyCode=KEYCODE_BACK, scanCode=0, metaState=0, flags=0x0, repeatCount=0, eventTime=818239385, downTime=818239385, deviceId=-1, source=0x101 }
08-05 19:17:02.981 29587 29599 I art     : Explicit concurrent mark sweep GC freed 3(96B) AllocSpace objects, 0(0B) LOS objects, 28% free, 40MB/56MB, paused 1.552ms total 55.369ms
08-05 19:17:02.981 31288 31288 I Input   : injectKeyEvent: KeyEvent { action=ACTION_UP, keyCode=KEYCODE_BACK, scanCode=0, metaState=0, flags=0x0, repeatCount=0, eventTime=818239385, downTime=818239385, deviceId=-1, source=0x101 }
08-05 19:17:02.989 31288 31288 D AndroidRuntime: Shutting down VM
08-05 19:17:02.996 29587 29599 I art     : Starting a blocking GC Explicit
08-05 19:17:02.997 29587 29587 D baseline.com.newsblur.service.NBSyncService: rejecting request for feedset that is exhaused
08-05 19:17:03.050 29587 29599 I art     : Explicit concurrent mark sweep GC freed 222(38KB) AllocSpace objects, 2(40KB) LOS objects, 28% free, 41MB/57MB, paused 1.489ms total 53.121ms
08-05 19:17:03.166 29587 29587 D baseline.com.newsblur.service.NBSyncService: rejecting request for feedset that is exhaused
08-05 19:17:03.168 13866 13866 I GoogleInputMethodServic: GoogleInputMethodService.onFinishInput():3138 
08-05 19:17:03.169 13866 13866 I GoogleInputMethodServic: GoogleInputMethodService.onStartInput():1808 
08-05 19:17:03.403 29587 29808 I art     : Starting a blocking GC Explicit
08-05 19:17:03.453 29587 29808 I art     : Explicit concurrent mark sweep GC freed 3063(222KB) AllocSpace objects, 4(88KB) LOS objects, 28% free, 40MB/56MB, paused 1.327ms total 49.455ms
08-05 19:17:03.466 29587 29808 I art     : Starting a blocking GC Explicit
08-05 19:17:03.513 29587 29808 I art     : Explicit concurrent mark sweep GC freed 140(7KB) AllocSpace objects, 0(0B) LOS objects, 28% free, 40MB/56MB, paused 1.372ms total 46.434ms
08-05 19:17:03.528 29587 29808 I art     : Starting a blocking GC Explicit
08-05 19:17:03.578 29587 29808 I art     : Explicit concurrent mark sweep GC freed 1228(58KB) AllocSpace objects, 0(0B) LOS objects, 28% free, 40MB/56MB, paused 1.459ms total 49.744ms
08-05 19:17:03.591 29587 29808 I art     : Starting a blocking GC Explicit
08-05 19:17:03.641 29587 29808 I art     : Explicit concurrent mark sweep GC freed 124(6KB) AllocSpace objects, 0(0B) LOS objects, 28% free, 40MB/56MB, paused 1.458ms total 49.853ms
08-05 19:17:03.655 29587 29808 I art     : Starting a blocking GC Explicit
08-05 19:17:03.704 29587 29808 I art     : Explicit concurrent mark sweep GC freed 31(1120B) AllocSpace objects, 0(0B) LOS objects, 28% free, 40MB/56MB, paused 1.338ms total 49.251ms
08-05 19:17:04.084 29587 29598 I art     : Starting a blocking GC Explicit
08-05 19:17:04.147 29587 29598 I art     : Explicit concurrent mark sweep GC freed 1497(84KB) AllocSpace objects, 1(20KB) LOS objects, 28% free, 40MB/56MB, paused 1.646ms total 63.100ms
08-05 19:17:04.162 29587 29598 I art     : Starting a blocking GC Explicit
08-05 19:17:04.221 29587 29598 I art     : Explicit concurrent mark sweep GC freed 29(1008B) AllocSpace objects, 0(0B) LOS objects, 28% free, 40MB/56MB, paused 1.838ms total 57.871ms
08-05 19:17:04.236 29587 29598 I art     : Starting a blocking GC Explicit
08-05 19:17:04.292 29587 29598 I art     : Explicit concurrent mark sweep GC freed 13(416B) AllocSpace objects, 0(0B) LOS objects, 28% free, 40MB/56MB, paused 1.717ms total 55.884ms
08-05 19:17:04.307 29587 29598 I art     : Starting a blocking GC Explicit
08-05 19:17:04.364 29587 29598 I art     : Explicit concurrent mark sweep GC freed 11(352B) AllocSpace objects, 0(0B) LOS objects, 28% free, 40MB/56MB, paused 1.501ms total 56.928ms
08-05 19:17:04.379 29587 29598 I art     : Starting a blocking GC Explicit
08-05 19:17:04.434 29587 29598 I art     : Explicit concurrent mark sweep GC freed 11(352B) AllocSpace objects, 0(0B) LOS objects, 28% free, 40MB/56MB, paused 1.380ms total 55.414ms
08-05 19:17:04.764 31332 31332 D AndroidRuntime: >>>>>> START com.android.internal.os.RuntimeInit uid 2000 <<<<<<
08-05 19:17:04.771 31332 31332 D AndroidRuntime: CheckJNI is OFF
08-05 19:17:04.816 31332 31332 D ICU     : No timezone override file found: /data/misc/zoneinfo/current/icu/icu_tzdata.dat
08-05 19:17:04.822 29587 30376 I art     : Starting a blocking GC Explicit
08-05 19:17:04.863 31332 31332 I Radio-JNI: register_android_hardware_Radio DONE
08-05 19:17:04.880 29587 30376 I art     : Explicit concurrent mark sweep GC freed 1468(83KB) AllocSpace objects, 1(20KB) LOS objects, 28% free, 40MB/56MB, paused 1.646ms total 57.787ms
08-05 19:17:04.894 31332 31332 D AndroidRuntime: Calling main entry com.android.commands.input.Input
08-05 19:17:04.894 29587 30376 I art     : Starting a blocking GC Explicit
08-05 19:17:04.897 31332 31332 I Input   : injectMotionEvent: MotionEvent { action=ACTION_DOWN, actionButton=0, id[0]=0, x[0]=435.0, y[0]=858.0, toolType[0]=TOOL_TYPE_UNKNOWN, buttonState=0, metaState=0, flags=0x0, edgeFlags=0x0, pointerCount=1, historySize=0, eventTime=818241309, downTime=818241309, deviceId=0, source=0x1002 }
08-05 19:17:04.904 31332 31332 I Input   : injectMotionEvent: MotionEvent { action=ACTION_UP, actionButton=0, id[0]=0, x[0]=435.0, y[0]=858.0, toolType[0]=TOOL_TYPE_UNKNOWN, buttonState=0, metaState=0, flags=0x0, edgeFlags=0x0, pointerCount=1, historySize=0, eventTime=818241309, downTime=818241309, deviceId=0, source=0x1002 }
08-05 19:17:04.907 31332 31332 D AndroidRuntime: Shutting down VM
08-05 19:17:04.921   512  2967 D audio_hw_primary: out_set_parameters: enter: usecase(1: low-latency-playback) kvpairs: routing=2
08-05 19:17:04.924   918  6110 I ActivityManager: START u0 {cmp=baseline.com.newsblur/.activity.AllSharedStoriesReading (has extras)} from uid 10676 on display 0
08-05 19:17:04.936   512  2967 D audio_hw_primary: select_devices: out_snd_device(2: speaker) in_snd_device(0: none)
08-05 19:17:04.936   512  2967 D msm8974_platform: platform_send_audio_calibration: sending audio calibration for snd_device(2) acdb_id(15)
08-05 19:17:04.937   512  2967 I soundtrigger: audio_extn_sound_trigger_update_device_status: device 0x2 of type 0 for Event 1
08-05 19:17:04.950   512  2967 D audio_hw_primary: enable_snd_device: snd_device(2: speaker)
08-05 19:17:04.952   512  2967 D audio_hw_primary: enable_audio_route: apply and update mixer path: low-latency-playback speaker
08-05 19:17:04.957 29587 30376 I art     : Explicit concurrent mark sweep GC freed 691(102KB) AllocSpace objects, 2(40KB) LOS objects, 28% free, 41MB/57MB, paused 1.790ms total 61.942ms
08-05 19:17:04.970 29587 30376 I art     : Starting a blocking GC Explicit
08-05 19:17:05.021 29587 30376 I art     : Explicit concurrent mark sweep GC freed 1094(85KB) AllocSpace objects, 2(468KB) LOS objects, 28% free, 41MB/57MB, paused 1.486ms total 51.223ms
08-05 19:17:05.034 29587 30376 I art     : Starting a blocking GC Explicit
08-05 19:17:05.087 29587 30376 I art     : Explicit concurrent mark sweep GC freed 201(10KB) AllocSpace objects, 0(0B) LOS objects, 28% free, 41MB/57MB, paused 1.483ms total 52.577ms
08-05 19:17:05.101 29587 30376 I art     : Starting a blocking GC Explicit
08-05 19:17:05.113  5179  5194 D QcrilMsgTunnelSocket: readRilMessage: Buffer = [B@671e81d HexData = [010000000404000011000000514f454d484f4f4bef0308000100000003]
08-05 19:17:05.113  5179  5194 D QcrilMsgTunnelSocket: Rcvd UNSOL response with 28 bytes data for SUB0
08-05 19:17:05.113  5179  5194 D QcrilMsgTunnelSocket: Response ID 525295 is not served in this process.
08-05 19:17:05.113  5179  5194 D QcrilMsgTunnelSocket: To broadcast an Intent via the notifier to external apps
08-05 19:17:05.113  5179  5179 D QcrilMsgTunnelIfaceManager: handleMessage what = 0
08-05 19:17:05.114  5179  5179 D QcrilMsgTunnelIfaceManager: Broadcasting intent ACTION_UNSOL_RESPONSE_OEM_HOOK_RAW
08-05 19:17:05.116  5164  5164 D QC_RIL_OEM_HOOK: Received Broadcast Intent ACTION_UNSOL_RESPONSE_OEM_HOOK_RAW
08-05 19:17:05.116  5164  5164 D QC_RIL_OEM_HOOK: Oem ID in QCRILHOOK UNSOL RESP is QOEMHOOK
08-05 19:17:05.154 29587 30376 I art     : Explicit concurrent mark sweep GC freed 155(26KB) AllocSpace objects, 1(20KB) LOS objects, 28% free, 41MB/57MB, paused 1.814ms total 52.755ms
08-05 19:17:05.187   918   936 I ActivityManager: Displayed baseline.com.newsblur/.activity.AllSharedStoriesReading: +254ms
08-05 19:17:05.187 13866 13866 I GoogleInputMethodServic: GoogleInputMethodService.onFinishInput():3138 
08-05 19:17:05.188 13866 13866 I GoogleInputMethodServic: GoogleInputMethodService.onStartInput():1808 
08-05 19:17:05.482 29587 30144 E chromium: [ERROR:tile_manager.cc(793)] WARNING: tile memory limits exceeded, some content may not draw
08-05 19:17:05.485 29587 30144 E chromium: [ERROR:tile_manager.cc(793)] WARNING: tile memory limits exceeded, some content may not draw
08-05 19:17:05.488   512  2967 D audio_hw_primary: disable_audio_route: reset and update mixer path: low-latency-playback speaker
08-05 19:17:05.489   512  2967 D audio_hw_primary: disable_snd_device: snd_device(2: speaker)
08-05 19:17:05.498   512  2967 I soundtrigger: audio_extn_sound_trigger_update_device_status: device 0x2 of type 0 for Event 0
08-05 19:17:05.516   518   646 I ThermalEngine: ACTION: GPU - Setting GPU[0] to 390000000
08-05 19:17:05.536 29587 29808 I art     : Starting a blocking GC Explicit
08-05 19:17:05.608 29587 29808 I art     : Explicit concurrent mark sweep GC freed 5388(438KB) AllocSpace objects, 15(336KB) LOS objects, 27% free, 41MB/57MB, paused 2.357ms total 71.910ms
08-05 19:17:05.609 29587 29597 I art     : WaitForGcToComplete blocked for 65.950ms for cause HeapTrim
08-05 19:17:05.629 29587 29808 I art     : Starting a blocking GC Explicit
08-05 19:17:05.700 29587 29808 I art     : Explicit concurrent mark sweep GC freed 1346(64KB) AllocSpace objects, 2(56KB) LOS objects, 27% free, 41MB/57MB, paused 2.337ms total 70.092ms
08-05 19:17:05.722 29587 29808 I art     : Starting a blocking GC Explicit
08-05 19:17:05.795 29587 29808 I art     : Explicit concurrent mark sweep GC freed 3(96B) AllocSpace objects, 0(0B) LOS objects, 27% free, 41MB/57MB, paused 2.337ms total 72.620ms
08-05 19:17:05.817 29587 29808 I art     : Starting a blocking GC Explicit
08-05 19:17:05.891 29587 29808 I art     : Explicit concurrent mark sweep GC freed 3(96B) AllocSpace objects, 0(0B) LOS objects, 27% free, 41MB/57MB, paused 2.681ms total 73.241ms
08-05 19:17:05.913 29587 29808 I art     : Starting a blocking GC Explicit
08-05 19:17:05.987 29587 29808 I art     : Explicit concurrent mark sweep GC freed 3(96B) AllocSpace objects, 0(0B) LOS objects, 27% free, 41MB/57MB, paused 2.453ms total 73.275ms
08-05 19:17:06.058 29587 30436 E baseline.com.newsblur.network.APIResponse: Error (unexpected end of stream on https://www.newsblur.com/...) calling https://www.newsblur.com/reader/mark_story_hashes_as_read/
08-05 19:17:06.058 29587 30436 E baseline.com.newsblur.network.APIResponse: java.io.IOException: unexpected end of stream on https://www.newsblur.com/...
08-05 19:17:06.058 29587 30436 E baseline.com.newsblur.network.APIResponse: 	at okhttp3.internal.http1.Http1ExchangeCodec.readResponseHeaders(Http1ExchangeCodec.java:236)
08-05 19:17:06.058 29587 30436 E baseline.com.newsblur.network.APIResponse: 	at okhttp3.internal.connection.Exchange.readResponseHeaders(Exchange.java:115)
08-05 19:17:06.058 29587 30436 E baseline.com.newsblur.network.APIResponse: 	at okhttp3.internal.http.CallServerInterceptor.intercept(CallServerInterceptor.java:94)
08-05 19:17:06.058 29587 30436 E baseline.com.newsblur.network.APIResponse: 	at okhttp3.internal.http.RealInterceptorChain.proceed(RealInterceptorChain.java:142)
08-05 19:17:06.058 29587 30436 E baseline.com.newsblur.network.APIResponse: 	at okhttp3.internal.connection.ConnectInterceptor.intercept(ConnectInterceptor.java:43)
08-05 19:17:06.058 29587 30436 E baseline.com.newsblur.network.APIResponse: 	at okhttp3.internal.http.RealInterceptorChain.proceed(RealInterceptorChain.java:142)
08-05 19:17:06.058 29587 30436 E baseline.com.newsblur.network.APIResponse: 	at okhttp3.internal.http.RealInterceptorChain.proceed(RealInterceptorChain.java:117)
08-05 19:17:06.058 29587 30436 E baseline.com.newsblur.network.APIResponse: 	at okhttp3.internal.cache.CacheInterceptor.intercept(CacheInterceptor.java:94)
08-05 19:17:06.058 29587 30436 E baseline.com.newsblur.network.APIResponse: 	at okhttp3.internal.http.RealInterceptorChain.proceed(RealInterceptorChain.java:142)
08-05 19:17:06.058 29587 30436 E baseline.com.newsblur.network.APIResponse: 	at okhttp3.internal.http.RealInterceptorChain.proceed(RealInterceptorChain.java:117)
08-05 19:17:06.058 29587 30436 E baseline.com.newsblur.network.APIResponse: 	at okhttp3.internal.http.BridgeInterceptor.intercept(BridgeInterceptor.java:93)
08-05 19:17:06.058 29587 30436 E baseline.com.newsblur.network.APIResponse: 	at okhttp3.internal.http.RealInterceptorChain.proceed(RealInterceptorChain.java:142)
08-05 19:17:06.058 29587 30436 E baseline.com.newsblur.network.APIResponse: 	at okhttp3.internal.http.RetryAndFollowUpInterceptor.intercept(RetryAndFollowUpInterceptor.java:88)
08-05 19:17:06.058 29587 30436 E baseline.com.newsblur.network.APIResponse: 	at okhttp3.internal.http.RealInterceptorChain.proceed(RealInterceptorChain.java:142)
08-05 19:17:06.058 29587 30436 E baseline.com.newsblur.network.APIResponse: 	at okhttp3.internal.http.RealInterceptorChain.proceed(RealInterceptorChain.java:117)
08-05 19:17:06.058 29587 30436 E baseline.com.newsblur.network.APIResponse: 	at okhttp3.RealCall.getResponseWithInterceptorChain(RealCall.java:229)
08-05 19:17:06.058 29587 30436 E baseline.com.newsblur.network.APIResponse: 	at okhttp3.RealCall.execute(RealCall.java:81)
08-05 19:17:06.058 29587 30436 E baseline.com.newsblur.network.APIResponse: 	at baseline.com.newsblur.network.APIResponse.<init>(APIResponse.java:57)
08-05 19:17:06.058 29587 30436 E baseline.com.newsblur.network.APIResponse: 	at baseline.com.newsblur.network.APIResponse.<init>(APIResponse.java:43)
08-05 19:17:06.058 29587 30436 E baseline.com.newsblur.network.APIResponse: 	at baseline.com.newsblur.network.APIManager.post_single(APIManager.java:702)
08-05 19:17:06.058 29587 30436 E baseline.com.newsblur.network.APIResponse: 	at baseline.com.newsblur.network.APIManager.post(APIManager.java:675)
08-05 19:17:06.058 29587 30436 E baseline.com.newsblur.network.APIResponse: 	at baseline.com.newsblur.network.APIManager.post(APIManager.java:714)
08-05 19:17:06.058 29587 30436 E baseline.com.newsblur.network.APIResponse: 	at baseline.com.newsblur.network.APIManager.markStoryAsRead(APIManager.java:205)
08-05 19:17:06.058 29587 30436 E baseline.com.newsblur.network.APIResponse: 	at baseline.com.newsblur.util.ReadingAction.doRemote(ReadingAction.java:281)
08-05 19:17:06.058 29587 30436 E baseline.com.newsblur.network.APIResponse: 	at baseline.com.newsblur.service.NBSyncService.syncActions(NBSyncService.java:400)
08-05 19:17:06.058 29587 30436 E baseline.com.newsblur.network.APIResponse: 	at baseline.com.newsblur.service.NBSyncService.doSync(NBSyncService.java:298)
08-05 19:17:06.058 29587 30436 E baseline.com.newsblur.network.APIResponse: 	at baseline.com.newsblur.service.NBSyncService.access$100(NBSyncService.java:67)
08-05 19:17:06.058 29587 30436 E baseline.com.newsblur.network.APIResponse: 	at baseline.com.newsblur.service.NBSyncService$1.run(NBSyncService.java:188)
08-05 19:17:06.058 29587 30436 E baseline.com.newsblur.network.APIResponse: 	at java.util.concurrent.ThreadPoolExecutor.runWorker(ThreadPoolExecutor.java:1113)
08-05 19:17:06.058 29587 30436 E baseline.com.newsblur.network.APIResponse: 	at java.util.concurrent.ThreadPoolExecutor$Worker.run(ThreadPoolExecutor.java:588)
08-05 19:17:06.058 29587 30436 E baseline.com.newsblur.network.APIResponse: 	at java.lang.Thread.run(Thread.java:818)
08-05 19:17:06.058 29587 30436 E baseline.com.newsblur.network.APIResponse: Caused by: java.io.EOFException: \n not found: limit=0 content=
08-05 19:17:06.058 29587 30436 E baseline.com.newsblur.network.APIResponse: 	at okio.RealBufferedSource.readUtf8LineStrict(RealBufferedSource.java:240)
08-05 19:17:06.058 29587 30436 E baseline.com.newsblur.network.APIResponse: 	at okhttp3.internal.http1.Http1ExchangeCodec.readHeaderLine(Http1ExchangeCodec.java:242)
08-05 19:17:06.058 29587 30436 E baseline.com.newsblur.network.APIResponse: 	at okhttp3.internal.http1.Http1ExchangeCodec.readResponseHeaders(Http1ExchangeCodec.java:213)
08-05 19:17:06.058 29587 30436 E baseline.com.newsblur.network.APIResponse: 	... 30 more
08-05 19:17:06.060 29587 30436 I baseline.com.newsblur.service.NBSyncService: Holding reading action with server-side or network error.
08-05 19:17:06.068 29587 30436 W baseline.com.newsblur.service.NBSyncService: hard API failure
08-05 19:17:06.393 29587 30376 I art     : Starting a blocking GC Explicit
08-05 19:17:06.470 29587 30376 I art     : Explicit concurrent mark sweep GC freed 5020(589KB) AllocSpace objects, 18(360KB) LOS objects, 27% free, 41MB/57MB, paused 2.228ms total 76.950ms
08-05 19:17:06.491 29587 30144 E chromium: [ERROR:tile_manager.cc(793)] WARNING: tile memory limits exceeded, some content may not draw
08-05 19:17:06.491 29587 30144 E chromium: [ERROR:tile_manager.cc(793)] WARNING: tile memory limits exceeded, some content may not draw
08-05 19:17:06.492 29587 30376 I art     : Starting a blocking GC Explicit
08-05 19:17:06.522 29587 30144 E chromium: [ERROR:tile_manager.cc(793)] WARNING: tile memory limits exceeded, some content may not draw
08-05 19:17:06.523 29587 30144 E chromium: [ERROR:tile_manager.cc(793)] WARNING: tile memory limits exceeded, some content may not draw
08-05 19:17:06.540 29587 30144 E chromium: [ERROR:tile_manager.cc(793)] WARNING: tile memory limits exceeded, some content may not draw
08-05 19:17:06.540 29587 30144 E chromium: [ERROR:tile_manager.cc(793)] WARNING: tile memory limits exceeded, some content may not draw
08-05 19:17:06.569 29587 30376 I art     : Explicit concurrent mark sweep GC freed 821(29KB) AllocSpace objects, 0(0B) LOS objects, 27% free, 41MB/57MB, paused 2.082ms total 76.971ms
08-05 19:17:06.590 29587 30376 I art     : Starting a blocking GC Explicit
08-05 19:17:06.656 29587 30376 I art     : Explicit concurrent mark sweep GC freed 34(1104B) AllocSpace objects, 0(0B) LOS objects, 27% free, 41MB/57MB, paused 2.067ms total 65.625ms
08-05 19:17:06.678 29587 30376 I art     : Starting a blocking GC Explicit
08-05 19:17:06.749 29587 30376 I art     : Explicit concurrent mark sweep GC freed 33(1056B) AllocSpace objects, 0(0B) LOS objects, 27% free, 41MB/57MB, paused 2.410ms total 70.388ms
08-05 19:17:06.771 29587 30376 I art     : Starting a blocking GC Explicit
08-05 19:17:06.840 29587 30376 I art     : Explicit concurrent mark sweep GC freed 4(128B) AllocSpace objects, 0(0B) LOS objects, 27% free, 41MB/57MB, paused 2.248ms total 68.497ms
08-05 19:17:07.273 29587 29599 I art     : Starting a blocking GC Explicit
08-05 19:17:07.347 29587 29599 I art     : Explicit concurrent mark sweep GC freed 1409(81KB) AllocSpace objects, 1(20KB) LOS objects, 27% free, 41MB/57MB, paused 2.075ms total 72.915ms
08-05 19:17:07.373 29587 29599 I art     : Starting a blocking GC Explicit
08-05 19:17:07.440 29587 29599 I art     : Explicit concurrent mark sweep GC freed 20(704B) AllocSpace objects, 0(0B) LOS objects, 27% free, 41MB/57MB, paused 2.201ms total 66.907ms
08-05 19:17:07.461 29587 29599 I art     : Starting a blocking GC Explicit
08-05 19:17:07.529 29587 29599 I art     : Explicit concurrent mark sweep GC freed 3(96B) AllocSpace objects, 0(0B) LOS objects, 27% free, 41MB/57MB, paused 1.974ms total 67.895ms
08-05 19:17:07.551 29587 29599 I art     : Starting a blocking GC Explicit
08-05 19:17:07.621 29587 29599 I art     : Explicit concurrent mark sweep GC freed 3(96B) AllocSpace objects, 0(0B) LOS objects, 27% free, 41MB/57MB, paused 2.029ms total 69.954ms
08-05 19:17:07.643 29587 29599 I art     : Starting a blocking GC Explicit
08-05 19:17:07.715 29587 29599 I art     : Explicit concurrent mark sweep GC freed 3(96B) AllocSpace objects, 0(0B) LOS objects, 27% free, 41MB/57MB, paused 2.016ms total 72.296ms
08-05 19:17:08.123 29587 29808 I art     : Starting a blocking GC Explicit
08-05 19:17:08.195 29587 29808 I art     : Explicit concurrent mark sweep GC freed 1405(81KB) AllocSpace objects, 1(20KB) LOS objects, 27% free, 41MB/57MB, paused 2.141ms total 71.983ms
08-05 19:17:08.218 29587 29808 I art     : Starting a blocking GC Explicit
08-05 19:17:08.290 29587 29808 I art     : Explicit concurrent mark sweep GC freed 20(704B) AllocSpace objects, 0(0B) LOS objects, 27% free, 41MB/57MB, paused 2.257ms total 71.805ms
08-05 19:17:08.312 29587 29808 I art     : Starting a blocking GC Explicit
08-05 19:17:08.385 29587 29808 I art     : Explicit concurrent mark sweep GC freed 3(96B) AllocSpace objects, 0(0B) LOS objects, 27% free, 41MB/57MB, paused 2.256ms total 73.039ms
08-05 19:17:08.409 29587 29808 I art     : Starting a blocking GC Explicit
08-05 19:17:08.480 29587 29808 I art     : Explicit concurrent mark sweep GC freed 3(96B) AllocSpace objects, 0(0B) LOS objects, 27% free, 41MB/57MB, paused 2.181ms total 70.208ms
08-05 19:17:08.502 29587 29808 I art     : Starting a blocking GC Explicit
08-05 19:17:08.575 29587 29808 I art     : Explicit concurrent mark sweep GC freed 3(96B) AllocSpace objects, 0(0B) LOS objects, 27% free, 41MB/57MB, paused 2.094ms total 72.211ms
08-05 19:17:09.015 29587 29598 I art     : Starting a blocking GC Explicit
08-05 19:17:09.091 29587 29598 I art     : Explicit concurrent mark sweep GC freed 1406(81KB) AllocSpace objects, 1(20KB) LOS objects, 27% free, 41MB/57MB, paused 2.184ms total 75.785ms
08-05 19:17:09.114 29587 29598 I art     : Starting a blocking GC Explicit
08-05 19:17:09.185 29587 29598 I art     : Explicit concurrent mark sweep GC freed 20(704B) AllocSpace objects, 0(0B) LOS objects, 27% free, 41MB/57MB, paused 2.062ms total 71.054ms
08-05 19:17:09.208 29587 29598 I art     : Starting a blocking GC Explicit
08-05 19:17:09.276 29587 29598 I art     : Explicit concurrent mark sweep GC freed 3(96B) AllocSpace objects, 0(0B) LOS objects, 27% free, 41MB/57MB, paused 2.124ms total 67.785ms
08-05 19:17:09.299 29587 29598 I art     : Starting a blocking GC Explicit
08-05 19:17:09.368 29587 29598 I art     : Explicit concurrent mark sweep GC freed 3(96B) AllocSpace objects, 0(0B) LOS objects, 27% free, 41MB/57MB, paused 2.300ms total 69.206ms
08-05 19:17:09.390 29587 29598 I art     : Starting a blocking GC Explicit
08-05 19:17:09.461 29587 29598 I art     : Explicit concurrent mark sweep GC freed 3(96B) AllocSpace objects, 0(0B) LOS objects, 27% free, 41MB/57MB, paused 2.135ms total 70.322ms
08-05 19:17:09.786 31416 31416 D AndroidRuntime: >>>>>> START com.android.internal.os.RuntimeInit uid 2000 <<<<<<
08-05 19:17:09.792 31416 31416 D AndroidRuntime: CheckJNI is OFF
08-05 19:17:09.843 31416 31416 D ICU     : No timezone override file found: /data/misc/zoneinfo/current/icu/icu_tzdata.dat
08-05 19:17:09.866 29587 30376 I art     : Starting a blocking GC Explicit
08-05 19:17:09.889 31416 31416 I Radio-JNI: register_android_hardware_Radio DONE
08-05 19:17:09.921 31416 31416 D AndroidRuntime: Calling main entry com.android.commands.input.Input
08-05 19:17:09.923 31416 31416 I Input   : injectKeyEvent: KeyEvent { action=ACTION_DOWN, keyCode=KEYCODE_BACK, scanCode=0, metaState=0, flags=0x0, repeatCount=0, eventTime=818246336, downTime=818246336, deviceId=-1, source=0x101 }
08-05 19:17:09.929 31416 31416 I Input   : injectKeyEvent: KeyEvent { action=ACTION_UP, keyCode=KEYCODE_BACK, scanCode=0, metaState=0, flags=0x0, repeatCount=0, eventTime=818246336, downTime=818246336, deviceId=-1, source=0x101 }
08-05 19:17:09.935 31416 31416 D AndroidRuntime: Shutting down VM
08-05 19:17:09.937 29587 30376 I art     : Explicit concurrent mark sweep GC freed 1407(81KB) AllocSpace objects, 1(20KB) LOS objects, 27% free, 41MB/57MB, paused 2.281ms total 69.673ms
08-05 19:17:09.950 29587 29587 D baseline.com.newsblur.service.NBSyncService: rejecting request for feedset that is exhaused
08-05 19:17:09.957 29587 30376 I art     : Starting a blocking GC Explicit
08-05 19:17:10.024 29587 30376 I art     : Explicit concurrent mark sweep GC freed 238(39KB) AllocSpace objects, 2(40KB) LOS objects, 27% free, 41MB/57MB, paused 2.090ms total 66.412ms
08-05 19:17:10.045 29587 30376 I art     : Starting a blocking GC Explicit
08-05 19:17:10.115 29587 30376 I art     : Explicit concurrent mark sweep GC freed 40(1760B) AllocSpace objects, 0(0B) LOS objects, 27% free, 41MB/57MB, paused 2.199ms total 69.941ms
08-05 19:17:10.121   918  3261 D WifiStateMachine: starting scan for "H369AA63323"WPA_PSK with 2412,5180
08-05 19:17:10.138 29587 30376 I art     : Starting a blocking GC Explicit
08-05 19:17:10.161 29587 29587 D baseline.com.newsblur.service.NBSyncService: rejecting request for feedset that is exhaused
08-05 19:17:10.165 13866 13866 I GoogleInputMethodServic: GoogleInputMethodService.onFinishInput():3138 
08-05 19:17:10.165 13866 13866 I GoogleInputMethodServic: GoogleInputMethodService.onStartInput():1808 
08-05 19:17:10.206 29587 30376 I art     : Explicit concurrent mark sweep GC freed 1170(103KB) AllocSpace objects, 2(40KB) LOS objects, 27% free, 41MB/57MB, paused 1.899ms total 67.759ms
08-05 19:17:10.227 29587 30376 I art     : Starting a blocking GC Explicit
08-05 19:17:10.298 29587 30376 I art     : Explicit concurrent mark sweep GC freed 529(41KB) AllocSpace objects, 0(0B) LOS objects, 27% free, 41MB/57MB, paused 2.071ms total 70.663ms
08-05 19:17:10.523   518   646 I ThermalEngine: ACTION: GPU - Setting GPU[0] to 450000000
08-05 19:17:10.696 29587 29598 I art     : Starting a blocking GC Explicit
08-05 19:17:10.761 29587 29598 I art     : Explicit concurrent mark sweep GC freed 3072(160KB) AllocSpace objects, 2(48KB) LOS objects, 27% free, 41MB/57MB, paused 1.592ms total 64.990ms
08-05 19:17:10.762 29587 29597 I art     : WaitForGcToComplete blocked for 61.388ms for cause HeapTrim
08-05 19:17:10.779 29587 29598 I art     : Starting a blocking GC Explicit
08-05 19:17:10.835 29587 29598 I art     : Explicit concurrent mark sweep GC freed 157(7KB) AllocSpace objects, 0(0B) LOS objects, 27% free, 41MB/57MB, paused 1.358ms total 56.255ms
08-05 19:17:10.849 29587 29598 I art     : Starting a blocking GC Explicit
08-05 19:17:10.909 29587 29598 I art     : Explicit concurrent mark sweep GC freed 11(352B) AllocSpace objects, 0(0B) LOS objects, 27% free, 41MB/57MB, paused 1.290ms total 59.869ms
08-05 19:17:10.925 29587 29598 I art     : Starting a blocking GC Explicit
08-05 19:17:10.983 29587 29598 I art     : Explicit concurrent mark sweep GC freed 13(416B) AllocSpace objects, 0(0B) LOS objects, 27% free, 41MB/57MB, paused 1.478ms total 57.843ms
08-05 19:17:10.998 29587 29598 I art     : Starting a blocking GC Explicit
08-05 19:17:11.058 29587 29598 I art     : Explicit concurrent mark sweep GC freed 11(352B) AllocSpace objects, 0(0B) LOS objects, 27% free, 41MB/57MB, paused 1.489ms total 59.969ms
08-05 19:17:11.435 29587 29599 I art     : Starting a blocking GC Explicit
08-05 19:17:11.501 29587 29599 I art     : Explicit concurrent mark sweep GC freed 1460(82KB) AllocSpace objects, 1(20KB) LOS objects, 27% free, 41MB/57MB, paused 1.568ms total 64.954ms
08-05 19:17:11.516 29587 29599 I art     : Starting a blocking GC Explicit
08-05 19:17:11.529   518   646 I ThermalEngine: ACTION: GPU - Setting GPU[0] to 390000000
08-05 19:17:11.602 29587 29599 I art     : Explicit concurrent mark sweep GC freed 32(1088B) AllocSpace objects, 0(0B) LOS objects, 27% free, 41MB/57MB, paused 2.823ms total 85.511ms
08-05 19:17:11.626 29587 29599 I art     : Starting a blocking GC Explicit
08-05 19:17:11.695 29587 29599 I art     : Explicit concurrent mark sweep GC freed 4(128B) AllocSpace objects, 0(0B) LOS objects, 27% free, 41MB/57MB, paused 2.162ms total 69.148ms
08-05 19:17:11.716 29587 29599 I art     : Starting a blocking GC Explicit
08-05 19:17:11.785 29587 29599 I art     : Explicit concurrent mark sweep GC freed 3(96B) AllocSpace objects, 0(0B) LOS objects, 27% free, 41MB/57MB, paused 2.083ms total 68.999ms
08-05 19:17:11.807 29587 29599 I art     : Starting a blocking GC Explicit
08-05 19:17:11.810 31449 31449 D AndroidRuntime: >>>>>> START com.android.internal.os.RuntimeInit uid 2000 <<<<<<
08-05 19:17:11.816 31449 31449 D AndroidRuntime: CheckJNI is OFF
08-05 19:17:11.870 31449 31449 D ICU     : No timezone override file found: /data/misc/zoneinfo/current/icu/icu_tzdata.dat
08-05 19:17:11.875 29587 29599 I art     : Explicit concurrent mark sweep GC freed 3(96B) AllocSpace objects, 0(0B) LOS objects, 27% free, 41MB/57MB, paused 2.063ms total 67.917ms
08-05 19:17:11.914 31449 31449 I Radio-JNI: register_android_hardware_Radio DONE
08-05 19:17:11.946 31449 31449 D AndroidRuntime: Calling main entry com.android.commands.input.Input
08-05 19:17:11.948 31449 31449 I Input   : injectKeyEvent: KeyEvent { action=ACTION_DOWN, keyCode=KEYCODE_BACK, scanCode=0, metaState=0, flags=0x0, repeatCount=0, eventTime=818248361, downTime=818248361, deviceId=-1, source=0x101 }
08-05 19:17:11.955 31449 31449 I Input   : injectKeyEvent: KeyEvent { action=ACTION_UP, keyCode=KEYCODE_BACK, scanCode=0, metaState=0, flags=0x0, repeatCount=0, eventTime=818248361, downTime=818248361, deviceId=-1, source=0x101 }
08-05 19:17:11.963 31449 31449 D AndroidRuntime: Shutting down VM
08-05 19:17:12.255 13866 13866 I GoogleInputMethodServic: GoogleInputMethodService.onFinishInput():3138 
08-05 19:17:12.256 13866 13866 I GoogleInputMethodServic: GoogleInputMethodService.onStartInput():1808 
08-05 19:17:12.295 29587 30376 I art     : Starting a blocking GC Explicit
08-05 19:17:12.369 29587 30376 I art     : Explicit concurrent mark sweep GC freed 11959(814KB) AllocSpace objects, 17(340KB) LOS objects, 27% free, 41MB/57MB, paused 2.097ms total 73.431ms
08-05 19:17:12.389 29587 30376 I art     : Starting a blocking GC Explicit
08-05 19:17:12.459 29587 30376 I art     : Explicit concurrent mark sweep GC freed 332(15KB) AllocSpace objects, 0(0B) LOS objects, 27% free, 41MB/57MB, paused 2.285ms total 69.441ms
08-05 19:17:12.483 29587 30376 I art     : Starting a blocking GC Explicit
08-05 19:17:12.563 29587 30376 I art     : Explicit concurrent mark sweep GC freed 3(96B) AllocSpace objects, 0(0B) LOS objects, 27% free, 41MB/57MB, paused 2.217ms total 79.561ms
08-05 19:17:12.587 29587 30376 I art     : Starting a blocking GC Explicit
08-05 19:17:12.662 29587 30376 I art     : Explicit concurrent mark sweep GC freed 455(20KB) AllocSpace objects, 0(0B) LOS objects, 27% free, 41MB/57MB, paused 2.192ms total 74.378ms
08-05 19:17:12.682 29587 30376 I art     : Starting a blocking GC Explicit
08-05 19:17:12.754 29587 30376 I art     : Explicit concurrent mark sweep GC freed 776(31KB) AllocSpace objects, 0(0B) LOS objects, 27% free, 41MB/57MB, paused 2.790ms total 72.324ms
08-05 19:17:12.847 29587 31482 E baseline.com.newsblur.network.APIResponse: Error (unexpected end of stream on https://www.newsblur.com/...) calling https://www.newsblur.com/reader/mark_story_hashes_as_read/
08-05 19:17:12.847 29587 31482 E baseline.com.newsblur.network.APIResponse: java.io.IOException: unexpected end of stream on https://www.newsblur.com/...
08-05 19:17:12.847 29587 31482 E baseline.com.newsblur.network.APIResponse: 	at okhttp3.internal.http1.Http1ExchangeCodec.readResponseHeaders(Http1ExchangeCodec.java:236)
08-05 19:17:12.847 29587 31482 E baseline.com.newsblur.network.APIResponse: 	at okhttp3.internal.connection.Exchange.readResponseHeaders(Exchange.java:115)
08-05 19:17:12.847 29587 31482 E baseline.com.newsblur.network.APIResponse: 	at okhttp3.internal.http.CallServerInterceptor.intercept(CallServerInterceptor.java:94)
08-05 19:17:12.847 29587 31482 E baseline.com.newsblur.network.APIResponse: 	at okhttp3.internal.http.RealInterceptorChain.proceed(RealInterceptorChain.java:142)
08-05 19:17:12.847 29587 31482 E baseline.com.newsblur.network.APIResponse: 	at okhttp3.internal.connection.ConnectInterceptor.intercept(ConnectInterceptor.java:43)
08-05 19:17:12.847 29587 31482 E baseline.com.newsblur.network.APIResponse: 	at okhttp3.internal.http.RealInterceptorChain.proceed(RealInterceptorChain.java:142)
08-05 19:17:12.847 29587 31482 E baseline.com.newsblur.network.APIResponse: 	at okhttp3.internal.http.RealInterceptorChain.proceed(RealInterceptorChain.java:117)
08-05 19:17:12.847 29587 31482 E baseline.com.newsblur.network.APIResponse: 	at okhttp3.internal.cache.CacheInterceptor.intercept(CacheInterceptor.java:94)
08-05 19:17:12.847 29587 31482 E baseline.com.newsblur.network.APIResponse: 	at okhttp3.internal.http.RealInterceptorChain.proceed(RealInterceptorChain.java:142)
08-05 19:17:12.847 29587 31482 E baseline.com.newsblur.network.APIResponse: 	at okhttp3.internal.http.RealInterceptorChain.proceed(RealInterceptorChain.java:117)
08-05 19:17:12.847 29587 31482 E baseline.com.newsblur.network.APIResponse: 	at okhttp3.internal.http.BridgeInterceptor.intercept(BridgeInterceptor.java:93)
08-05 19:17:12.847 29587 31482 E baseline.com.newsblur.network.APIResponse: 	at okhttp3.internal.http.RealInterceptorChain.proceed(RealInterceptorChain.java:142)
08-05 19:17:12.847 29587 31482 E baseline.com.newsblur.network.APIResponse: 	at okhttp3.internal.http.RetryAndFollowUpInterceptor.intercept(RetryAndFollowUpInterceptor.java:88)
08-05 19:17:12.847 29587 31482 E baseline.com.newsblur.network.APIResponse: 	at okhttp3.internal.http.RealInterceptorChain.proceed(RealInterceptorChain.java:142)
08-05 19:17:12.847 29587 31482 E baseline.com.newsblur.network.APIResponse: 	at okhttp3.internal.http.RealInterceptorChain.proceed(RealInterceptorChain.java:117)
08-05 19:17:12.847 29587 31482 E baseline.com.newsblur.network.APIResponse: 	at okhttp3.RealCall.getResponseWithInterceptorChain(RealCall.java:229)
08-05 19:17:12.847 29587 31482 E baseline.com.newsblur.network.APIResponse: 	at okhttp3.RealCall.execute(RealCall.java:81)
08-05 19:17:12.847 29587 31482 E baseline.com.newsblur.network.APIResponse: 	at baseline.com.newsblur.network.APIResponse.<init>(APIResponse.java:57)
08-05 19:17:12.847 29587 31482 E baseline.com.newsblur.network.APIResponse: 	at baseline.com.newsblur.network.APIResponse.<init>(APIResponse.java:43)
08-05 19:17:12.847 29587 31482 E baseline.com.newsblur.network.APIResponse: 	at baseline.com.newsblur.network.APIManager.post_single(APIManager.java:702)
08-05 19:17:12.847 29587 31482 E baseline.com.newsblur.network.APIResponse: 	at baseline.com.newsblur.network.APIManager.post(APIManager.java:675)
08-05 19:17:12.847 29587 31482 E baseline.com.newsblur.network.APIResponse: 	at baseline.com.newsblur.network.APIManager.post(APIManager.java:714)
08-05 19:17:12.847 29587 31482 E baseline.com.newsblur.network.APIResponse: 	at baseline.com.newsblur.network.APIManager.markStoryAsRead(APIManager.java:205)
08-05 19:17:12.847 29587 31482 E baseline.com.newsblur.network.APIResponse: 	at baseline.com.newsblur.util.ReadingAction.doRemote(ReadingAction.java:281)
08-05 19:17:12.847 29587 31482 E baseline.com.newsblur.network.APIResponse: 	at baseline.com.newsblur.service.NBSyncService.syncActions(NBSyncService.java:400)
08-05 19:17:12.847 29587 31482 E baseline.com.newsblur.network.APIResponse: 	at baseline.com.newsblur.service.NBSyncService.doSync(NBSyncService.java:298)
08-05 19:17:12.847 29587 31482 E baseline.com.newsblur.network.APIResponse: 	at baseline.com.newsblur.service.NBSyncService.access$100(NBSyncService.java:67)
08-05 19:17:12.847 29587 31482 E baseline.com.newsblur.network.APIResponse: 	at baseline.com.newsblur.service.NBSyncService$1.run(NBSyncService.java:188)
08-05 19:17:12.847 29587 31482 E baseline.com.newsblur.network.APIResponse: 	at java.util.concurrent.ThreadPoolExecutor.runWorker(ThreadPoolExecutor.java:1113)
08-05 19:17:12.847 29587 31482 E baseline.com.newsblur.network.APIResponse: 	at java.util.concurrent.ThreadPoolExecutor$Worker.run(ThreadPoolExecutor.java:588)
08-05 19:17:12.847 29587 31482 E baseline.com.newsblur.network.APIResponse: 	at java.lang.Thread.run(Thread.java:818)
08-05 19:17:12.847 29587 31482 E baseline.com.newsblur.network.APIResponse: Caused by: java.io.EOFException: \n not found: limit=0 content=
08-05 19:17:12.847 29587 31482 E baseline.com.newsblur.network.APIResponse: 	at okio.RealBufferedSource.readUtf8LineStrict(RealBufferedSource.java:240)
08-05 19:17:12.847 29587 31482 E baseline.com.newsblur.network.APIResponse: 	at okhttp3.internal.http1.Http1ExchangeCodec.readHeaderLine(Http1ExchangeCodec.java:242)
08-05 19:17:12.847 29587 31482 E baseline.com.newsblur.network.APIResponse: 	at okhttp3.internal.http1.Http1ExchangeCodec.readResponseHeaders(Http1ExchangeCodec.java:213)
08-05 19:17:12.847 29587 31482 E baseline.com.newsblur.network.APIResponse: 	... 30 more
08-05 19:17:12.849 29587 31482 I baseline.com.newsblur.network.APIManager: API call failed, pausing before retry number 1
08-05 19:17:13.184 29587 29808 I art     : Starting a blocking GC Explicit
08-05 19:17:13.264 29587 29808 I art     : Explicit concurrent mark sweep GC freed 4870(424KB) AllocSpace objects, 6(260KB) LOS objects, 27% free, 41MB/57MB, paused 2.301ms total 78.926ms
08-05 19:17:13.287 29587 29808 I art     : Starting a blocking GC Explicit
08-05 19:17:13.356 29587 29808 I art     : Explicit concurrent mark sweep GC freed 1005(118KB) AllocSpace objects, 0(0B) LOS objects, 27% free, 41MB/57MB, paused 2.877ms total 68.040ms
08-05 19:17:13.379 29587 29808 I art     : Starting a blocking GC Explicit
08-05 19:17:13.448 29587 29808 I art     : Explicit concurrent mark sweep GC freed 13(416B) AllocSpace objects, 0(0B) LOS objects, 27% free, 41MB/57MB, paused 2.200ms total 68.793ms
08-05 19:17:13.471 29587 29808 I art     : Starting a blocking GC Explicit
08-05 19:17:13.543 29587 29808 I art     : Explicit concurrent mark sweep GC freed 15(480B) AllocSpace objects, 0(0B) LOS objects, 27% free, 41MB/57MB, paused 2.079ms total 71.683ms
08-05 19:17:13.564 29587 29808 I art     : Starting a blocking GC Explicit
08-05 19:17:13.638 29587 29808 I art     : Explicit concurrent mark sweep GC freed 14(448B) AllocSpace objects, 0(0B) LOS objects, 27% free, 41MB/57MB, paused 2.646ms total 73.213ms
08-05 19:17:13.864 31495 31495 D AndroidRuntime: >>>>>> START com.android.internal.os.RuntimeInit uid 2000 <<<<<<
08-05 19:17:13.870 31495 31495 D AndroidRuntime: CheckJNI is OFF
08-05 19:17:13.921 31495 31495 D ICU     : No timezone override file found: /data/misc/zoneinfo/current/icu/icu_tzdata.dat
08-05 19:17:13.970 31495 31495 I Radio-JNI: register_android_hardware_Radio DONE
08-05 19:17:14.003 31495 31495 D AndroidRuntime: Calling main entry com.android.commands.input.Input
08-05 19:17:14.005 31495 31495 I Input   : injectMotionEvent: MotionEvent { action=ACTION_DOWN, actionButton=0, id[0]=0, x[0]=553.0, y[0]=442.0, toolType[0]=TOOL_TYPE_UNKNOWN, buttonState=0, metaState=0, flags=0x0, edgeFlags=0x0, pointerCount=1, historySize=0, eventTime=818250417, downTime=818250417, deviceId=0, source=0x1002 }
08-05 19:17:14.013 31495 31495 I Input   : injectMotionEvent: MotionEvent { action=ACTION_UP, actionButton=0, id[0]=0, x[0]=553.0, y[0]=442.0, toolType[0]=TOOL_TYPE_UNKNOWN, buttonState=0, metaState=0, flags=0x0, edgeFlags=0x0, pointerCount=1, historySize=0, eventTime=818250417, downTime=818250417, deviceId=0, source=0x1002 }
08-05 19:17:14.019 31495 31495 D AndroidRuntime: Shutting down VM
08-05 19:17:14.061 29587 29808 I art     : Starting a blocking GC Explicit
08-05 19:17:14.085   918  5952 I ActivityManager: START u0 {cmp=baseline.com.newsblur/.activity.AllSharedStoriesItemsList (has extras)} from uid 10676 on display 0
08-05 19:17:14.114 29587 30132 I baseline.com.newsblur.database.BlurDatabaseHelper: reading session reset
08-05 19:17:14.135 29587 29808 I art     : Explicit concurrent mark sweep GC freed 2458(224KB) AllocSpace objects, 5(100KB) LOS objects, 27% free, 41MB/57MB, paused 2.549ms total 74.130ms
08-05 19:17:14.157 29587 29808 I art     : Starting a blocking GC Explicit
08-05 19:17:14.225 29587 29808 I art     : Explicit concurrent mark sweep GC freed 1136(57KB) AllocSpace objects, 1(112KB) LOS objects, 27% free, 41MB/57MB, paused 2.198ms total 68.155ms
08-05 19:17:14.247 29587 29808 I art     : Starting a blocking GC Explicit
08-05 19:17:14.319 29587 29808 I art     : Explicit concurrent mark sweep GC freed 102(5KB) AllocSpace objects, 0(0B) LOS objects, 27% free, 41MB/57MB, paused 2.475ms total 71.419ms
08-05 19:17:14.341 29587 29808 I art     : Starting a blocking GC Explicit
08-05 19:17:14.374 29587 29587 D baseline.com.newsblur.service.NBSyncService: rejecting request for feedset that is exhaused
08-05 19:17:14.385 29587 29587 W View    : requestLayout() improperly called by android.widget.FrameLayout{20dfc52 V.E...... ......ID 0,0-1440,18 #7f07003f app:id/footer_view_inner} during layout: running second layout pass
08-05 19:17:14.385 29587 29587 W View    : requestLayout() improperly called by android.widget.FrameLayout{c419b23 V.E...... ......ID 0,0-1440,2091 #7f07003f app:id/footer_view_inner} during layout: running second layout pass
08-05 19:17:14.412   918   936 I ActivityManager: Displayed baseline.com.newsblur/.activity.AllSharedStoriesItemsList: +314ms
08-05 19:17:14.412 13866 13866 I GoogleInputMethodServic: GoogleInputMethodService.onFinishInput():3138 
08-05 19:17:14.415 29587 29808 I art     : Explicit concurrent mark sweep GC freed 987(82KB) AllocSpace objects, 2(40KB) LOS objects, 27% free, 41MB/57MB, paused 2.687ms total 73.269ms
08-05 19:17:14.417 13866 13866 I GoogleInputMethodServic: GoogleInputMethodService.onStartInput():1808 
08-05 19:17:14.437 29587 29808 I art     : Starting a blocking GC Explicit
08-05 19:17:14.510 29587 29808 I art     : Explicit concurrent mark sweep GC freed 1535(93KB) AllocSpace objects, 6(120KB) LOS objects, 27% free, 42MB/58MB, paused 2.393ms total 72.501ms
08-05 19:17:14.511 29587 29854 I NAPPA_EXPERIMENTATION: MetricNetworkRequestExecutionTime: REQUEST_DURATION_SYSTEM='37',REQUEST_DURATION_OKHTTP='37',REQUEST_SYNCHRONOUS='TRUE',RESPONSE_CODE='200',RESPONSE_METHOD='GET',RESPONSE_LENGTH_OKHTTP='43',RESPONSE_LENGTH_HEADER='43',REQUEST_PROTOCOL='http/1.1',REQUEST_URL='http://feeds.feedburner.com/~r/retort/~4/UffaFMiJbNs',
08-05 19:17:14.517 24043 24043 I ServiceManager: Waiting for service AtCmdFwd...
08-05 19:17:14.867 29587 31482 E baseline.com.newsblur.network.APIResponse: Error (unexpected end of stream on https://www.newsblur.com/...) calling https://www.newsblur.com/reader/mark_story_hashes_as_read/
08-05 19:17:14.867 29587 31482 E baseline.com.newsblur.network.APIResponse: java.io.IOException: unexpected end of stream on https://www.newsblur.com/...
08-05 19:17:14.867 29587 31482 E baseline.com.newsblur.network.APIResponse: 	at okhttp3.internal.http1.Http1ExchangeCodec.readResponseHeaders(Http1ExchangeCodec.java:236)
08-05 19:17:14.867 29587 31482 E baseline.com.newsblur.network.APIResponse: 	at okhttp3.internal.connection.Exchange.readResponseHeaders(Exchange.java:115)
08-05 19:17:14.867 29587 31482 E baseline.com.newsblur.network.APIResponse: 	at okhttp3.internal.http.CallServerInterceptor.intercept(CallServerInterceptor.java:94)
08-05 19:17:14.867 29587 31482 E baseline.com.newsblur.network.APIResponse: 	at okhttp3.internal.http.RealInterceptorChain.proceed(RealInterceptorChain.java:142)
08-05 19:17:14.867 29587 31482 E baseline.com.newsblur.network.APIResponse: 	at okhttp3.internal.connection.ConnectInterceptor.intercept(ConnectInterceptor.java:43)
08-05 19:17:14.867 29587 31482 E baseline.com.newsblur.network.APIResponse: 	at okhttp3.internal.http.RealInterceptorChain.proceed(RealInterceptorChain.java:142)
08-05 19:17:14.867 29587 31482 E baseline.com.newsblur.network.APIResponse: 	at okhttp3.internal.http.RealInterceptorChain.proceed(RealInterceptorChain.java:117)
08-05 19:17:14.867 29587 31482 E baseline.com.newsblur.network.APIResponse: 	at okhttp3.internal.cache.CacheInterceptor.intercept(CacheInterceptor.java:94)
08-05 19:17:14.867 29587 31482 E baseline.com.newsblur.network.APIResponse: 	at okhttp3.internal.http.RealInterceptorChain.proceed(RealInterceptorChain.java:142)
08-05 19:17:14.867 29587 31482 E baseline.com.newsblur.network.APIResponse: 	at okhttp3.internal.http.RealInterceptorChain.proceed(RealInterceptorChain.java:117)
08-05 19:17:14.867 29587 31482 E baseline.com.newsblur.network.APIResponse: 	at okhttp3.internal.http.BridgeInterceptor.intercept(BridgeInterceptor.java:93)
08-05 19:17:14.867 29587 31482 E baseline.com.newsblur.network.APIResponse: 	at okhttp3.internal.http.RealInterceptorChain.proceed(RealInterceptorChain.java:142)
08-05 19:17:14.867 29587 31482 E baseline.com.newsblur.network.APIResponse: 	at okhttp3.internal.http.RetryAndFollowUpInterceptor.intercept(RetryAndFollowUpInterceptor.java:88)
08-05 19:17:14.867 29587 31482 E baseline.com.newsblur.network.APIResponse: 	at okhttp3.internal.http.RealInterceptorChain.proceed(RealInterceptorChain.java:142)
08-05 19:17:14.867 29587 31482 E baseline.com.newsblur.network.APIResponse: 	at okhttp3.internal.http.RealInterceptorChain.proceed(RealInterceptorChain.java:117)
08-05 19:17:14.867 29587 31482 E baseline.com.newsblur.network.APIResponse: 	at okhttp3.RealCall.getResponseWithInterceptorChain(RealCall.java:229)
08-05 19:17:14.867 29587 31482 E baseline.com.newsblur.network.APIResponse: 	at okhttp3.RealCall.execute(RealCall.java:81)
08-05 19:17:14.867 29587 31482 E baseline.com.newsblur.network.APIResponse: 	at baseline.com.newsblur.network.APIResponse.<init>(APIResponse.java:57)
08-05 19:17:14.867 29587 31482 E baseline.com.newsblur.network.APIResponse: 	at baseline.com.newsblur.network.APIResponse.<init>(APIResponse.java:43)
08-05 19:17:14.867 29587 31482 E baseline.com.newsblur.network.APIResponse: 	at baseline.com.newsblur.network.APIManager.post_single(APIManager.java:702)
08-05 19:17:14.867 29587 31482 E baseline.com.newsblur.network.APIResponse: 	at baseline.com.newsblur.network.APIManager.post(APIManager.java:675)
08-05 19:17:14.867 29587 31482 E baseline.com.newsblur.network.APIResponse: 	at baseline.com.newsblur.network.APIManager.post(APIManager.java:714)
08-05 19:17:14.867 29587 31482 E baseline.com.newsblur.network.APIResponse: 	at baseline.com.newsblur.network.APIManager.markStoryAsRead(APIManager.java:205)
08-05 19:17:14.867 29587 31482 E baseline.com.newsblur.network.APIResponse: 	at baseline.com.newsblur.util.ReadingAction.doRemote(ReadingAction.java:281)
08-05 19:17:14.867 29587 31482 E baseline.com.newsblur.network.APIResponse: 	at baseline.com.newsblur.service.NBSyncService.syncActions(NBSyncService.java:400)
08-05 19:17:14.867 29587 31482 E baseline.com.newsblur.network.APIResponse: 	at baseline.com.newsblur.service.NBSyncService.doSync(NBSyncService.java:298)
08-05 19:17:14.867 29587 31482 E baseline.com.newsblur.network.APIResponse: 	at baseline.com.newsblur.service.NBSyncService.access$100(NBSyncService.java:67)
08-05 19:17:14.867 29587 31482 E baseline.com.newsblur.network.APIResponse: 	at baseline.com.newsblur.service.NBSyncService$1.run(NBSyncService.java:188)
08-05 19:17:14.867 29587 31482 E baseline.com.newsblur.network.APIResponse: 	at java.util.concurrent.ThreadPoolExecutor.runWorker(ThreadPoolExecutor.java:1113)
08-05 19:17:14.867 29587 31482 E baseline.com.newsblur.network.APIResponse: 	at java.util.concurrent.ThreadPoolExecutor$Worker.run(ThreadPoolExecutor.java:588)
08-05 19:17:14.867 29587 31482 E baseline.com.newsblur.network.APIResponse: 	at java.lang.Thread.run(Thread.java:818)
08-05 19:17:14.867 29587 31482 E baseline.com.newsblur.network.APIResponse: Caused by: java.io.EOFException: \n not found: limit=0 content=
08-05 19:17:14.867 29587 31482 E baseline.com.newsblur.network.APIResponse: 	at okio.RealBufferedSource.readUtf8LineStrict(RealBufferedSource.java:240)
08-05 19:17:14.867 29587 31482 E baseline.com.newsblur.network.APIResponse: 	at okhttp3.internal.http1.Http1ExchangeCodec.readHeaderLine(Http1ExchangeCodec.java:242)
08-05 19:17:14.867 29587 31482 E baseline.com.newsblur.network.APIResponse: 	at okhttp3.internal.http1.Http1ExchangeCodec.readResponseHeaders(Http1ExchangeCodec.java:213)
08-05 19:17:14.867 29587 31482 E baseline.com.newsblur.network.APIResponse: 	... 30 more
08-05 19:17:14.868 29587 31482 I baseline.com.newsblur.network.APIManager: API call failed, pausing before retry number 2
08-05 19:17:14.934 29587 29599 I art     : Starting a blocking GC Explicit
08-05 19:17:15.016 29587 29599 I art     : Explicit concurrent mark sweep GC freed 4806(425KB) AllocSpace objects, 5(100KB) LOS objects, 27% free, 41MB/57MB, paused 2.550ms total 81.455ms
08-05 19:17:15.039 29587 29599 I art     : Starting a blocking GC Explicit
08-05 19:17:15.112 29587 29599 I art     : Explicit concurrent mark sweep GC freed 134(4KB) AllocSpace objects, 0(0B) LOS objects, 27% free, 41MB/57MB, paused 2.208ms total 71.948ms
08-05 19:17:15.134 29587 29599 I art     : Starting a blocking GC Explicit
08-05 19:17:15.208 29587 29599 I art     : Explicit concurrent mark sweep GC freed 3(96B) AllocSpace objects, 0(0B) LOS objects, 27% free, 41MB/57MB, paused 1.978ms total 73.708ms
08-05 19:17:15.230 29587 29599 I art     : Starting a blocking GC Explicit
08-05 19:17:15.306 29587 29599 I art     : Explicit concurrent mark sweep GC freed 3(96B) AllocSpace objects, 0(0B) LOS objects, 27% free, 41MB/57MB, paused 2.164ms total 75.317ms
08-05 19:17:15.328 29587 29599 I art     : Starting a blocking GC Explicit
08-05 19:17:15.405 29587 29599 I art     : Explicit concurrent mark sweep GC freed 3(96B) AllocSpace objects, 0(0B) LOS objects, 27% free, 41MB/57MB, paused 2.256ms total 76.981ms
08-05 19:17:15.518 24043 24043 I ServiceManager: Waiting for service AtCmdFwd...
08-05 19:17:15.860 29587 30376 I art     : Starting a blocking GC Explicit
08-05 19:17:15.938 29587 30376 I art     : Explicit concurrent mark sweep GC freed 1475(84KB) AllocSpace objects, 1(20KB) LOS objects, 27% free, 41MB/57MB, paused 2.466ms total 78.153ms
08-05 19:17:15.962 29587 30376 I art     : Starting a blocking GC Explicit
08-05 19:17:16.040 29587 30376 I art     : Explicit concurrent mark sweep GC freed 22(784B) AllocSpace objects, 0(0B) LOS objects, 27% free, 41MB/57MB, paused 2.448ms total 78.027ms
08-05 19:17:16.065 29587 30376 I art     : Starting a blocking GC Explicit
08-05 19:17:16.137 29587 30376 I art     : Explicit concurrent mark sweep GC freed 3(96B) AllocSpace objects, 0(0B) LOS objects, 27% free, 41MB/57MB, paused 2.114ms total 72.270ms
08-05 19:17:16.159 29587 30376 I art     : Starting a blocking GC Explicit
08-05 19:17:16.233 29587 30376 I art     : Explicit concurrent mark sweep GC freed 3(96B) AllocSpace objects, 0(0B) LOS objects, 27% free, 41MB/57MB, paused 2.230ms total 73.897ms
08-05 19:17:16.255 29587 30376 I art     : Starting a blocking GC Explicit
08-05 19:17:16.331 29587 30376 I art     : Explicit concurrent mark sweep GC freed 3(96B) AllocSpace objects, 0(0B) LOS objects, 27% free, 41MB/57MB, paused 2.195ms total 75.529ms
08-05 19:17:16.518 24043 24043 I ServiceManager: Waiting for service AtCmdFwd...
08-05 19:17:16.784 29587 29598 I art     : Starting a blocking GC Explicit
08-05 19:17:16.863 29587 29598 I art     : Explicit concurrent mark sweep GC freed 1446(83KB) AllocSpace objects, 1(20KB) LOS objects, 27% free, 41MB/57MB, paused 2.304ms total 78.571ms
08-05 19:17:16.886 29587 29598 I art     : Starting a blocking GC Explicit
08-05 19:17:16.964 29587 29598 I art     : Explicit concurrent mark sweep GC freed 22(784B) AllocSpace objects, 0(0B) LOS objects, 27% free, 41MB/57MB, paused 2.403ms total 77.379ms
08-05 19:17:16.987 29587 29598 I art     : Starting a blocking GC Explicit
08-05 19:17:17.063 29587 29598 I art     : Explicit concurrent mark sweep GC freed 3(96B) AllocSpace objects, 0(0B) LOS objects, 27% free, 41MB/57MB, paused 2.282ms total 76.187ms
08-05 19:17:17.086 29587 29598 I art     : Starting a blocking GC Explicit
08-05 19:17:17.162 29587 29598 I art     : Explicit concurrent mark sweep GC freed 3(96B) AllocSpace objects, 0(0B) LOS objects, 27% free, 41MB/57MB, paused 2.311ms total 76.260ms
08-05 19:17:17.185 29587 29598 I art     : Starting a blocking GC Explicit
08-05 19:17:17.263 29587 29598 I art     : Explicit concurrent mark sweep GC freed 3(96B) AllocSpace objects, 0(0B) LOS objects, 27% free, 41MB/57MB, paused 2.344ms total 78.237ms
08-05 19:17:17.519 24043 24043 I ServiceManager: Waiting for service AtCmdFwd...
08-05 19:17:17.728 29587 29599 I art     : Starting a blocking GC Explicit
08-05 19:17:17.806 29587 29599 I art     : Explicit concurrent mark sweep GC freed 1446(83KB) AllocSpace objects, 1(20KB) LOS objects, 27% free, 41MB/57MB, paused 2.292ms total 77.503ms
08-05 19:17:17.829 29587 29599 I art     : Starting a blocking GC Explicit
08-05 19:17:17.907 29587 29599 I art     : Explicit concurrent mark sweep GC freed 113(4KB) AllocSpace objects, 0(0B) LOS objects, 27% free, 41MB/57MB, paused 2.487ms total 77.915ms
08-05 19:17:17.930 29587 29599 I art     : Starting a blocking GC Explicit
08-05 19:17:18.008 29587 29599 I art     : Explicit concurrent mark sweep GC freed 74(4KB) AllocSpace objects, 0(0B) LOS objects, 27% free, 41MB/57MB, paused 2.454ms total 77.757ms
08-05 19:17:18.030 29587 29599 I art     : Starting a blocking GC Explicit
08-05 19:17:18.109 29587 29599 I art     : Explicit concurrent mark sweep GC freed 12(1408B) AllocSpace objects, 0(0B) LOS objects, 27% free, 41MB/57MB, paused 2.333ms total 78.194ms
08-05 19:17:18.132 29587 29599 I art     : Starting a blocking GC Explicit
08-05 19:17:18.208 29587 29599 I art     : Explicit concurrent mark sweep GC freed 3(96B) AllocSpace objects, 0(0B) LOS objects, 27% free, 41MB/57MB, paused 2.386ms total 75.818ms
08-05 19:17:18.451 29587 31482 E baseline.com.newsblur.network.APIResponse: Error (unexpected end of stream on https://www.newsblur.com/...) calling https://www.newsblur.com/reader/mark_story_hashes_as_read/
08-05 19:17:18.451 29587 31482 E baseline.com.newsblur.network.APIResponse: java.io.IOException: unexpected end of stream on https://www.newsblur.com/...
08-05 19:17:18.451 29587 31482 E baseline.com.newsblur.network.APIResponse: 	at okhttp3.internal.http1.Http1ExchangeCodec.readResponseHeaders(Http1ExchangeCodec.java:236)
08-05 19:17:18.451 29587 31482 E baseline.com.newsblur.network.APIResponse: 	at okhttp3.internal.connection.Exchange.readResponseHeaders(Exchange.java:115)
08-05 19:17:18.451 29587 31482 E baseline.com.newsblur.network.APIResponse: 	at okhttp3.internal.http.CallServerInterceptor.intercept(CallServerInterceptor.java:94)
08-05 19:17:18.451 29587 31482 E baseline.com.newsblur.network.APIResponse: 	at okhttp3.internal.http.RealInterceptorChain.proceed(RealInterceptorChain.java:142)
08-05 19:17:18.451 29587 31482 E baseline.com.newsblur.network.APIResponse: 	at okhttp3.internal.connection.ConnectInterceptor.intercept(ConnectInterceptor.java:43)
08-05 19:17:18.451 29587 31482 E baseline.com.newsblur.network.APIResponse: 	at okhttp3.internal.http.RealInterceptorChain.proceed(RealInterceptorChain.java:142)
08-05 19:17:18.451 29587 31482 E baseline.com.newsblur.network.APIResponse: 	at okhttp3.internal.http.RealInterceptorChain.proceed(RealInterceptorChain.java:117)
08-05 19:17:18.451 29587 31482 E baseline.com.newsblur.network.APIResponse: 	at okhttp3.internal.cache.CacheInterceptor.intercept(CacheInterceptor.java:94)
08-05 19:17:18.451 29587 31482 E baseline.com.newsblur.network.APIResponse: 	at okhttp3.internal.http.RealInterceptorChain.proceed(RealInterceptorChain.java:142)
08-05 19:17:18.451 29587 31482 E baseline.com.newsblur.network.APIResponse: 	at okhttp3.internal.http.RealInterceptorChain.proceed(RealInterceptorChain.java:117)
08-05 19:17:18.451 29587 31482 E baseline.com.newsblur.network.APIResponse: 	at okhttp3.internal.http.BridgeInterceptor.intercept(BridgeInterceptor.java:93)
08-05 19:17:18.451 29587 31482 E baseline.com.newsblur.network.APIResponse: 	at okhttp3.internal.http.RealInterceptorChain.proceed(RealInterceptorChain.java:142)
08-05 19:17:18.451 29587 31482 E baseline.com.newsblur.network.APIResponse: 	at okhttp3.internal.http.RetryAndFollowUpInterceptor.intercept(RetryAndFollowUpInterceptor.java:88)
08-05 19:17:18.451 29587 31482 E baseline.com.newsblur.network.APIResponse: 	at okhttp3.internal.http.RealInterceptorChain.proceed(RealInterceptorChain.java:142)
08-05 19:17:18.451 29587 31482 E baseline.com.newsblur.network.APIResponse: 	at okhttp3.internal.http.RealInterceptorChain.proceed(RealInterceptorChain.java:117)
08-05 19:17:18.451 29587 31482 E baseline.com.newsblur.network.APIResponse: 	at okhttp3.RealCall.getResponseWithInterceptorChain(RealCall.java:229)
08-05 19:17:18.451 29587 31482 E baseline.com.newsblur.network.APIResponse: 	at okhttp3.RealCall.execute(RealCall.java:81)
08-05 19:17:18.451 29587 31482 E baseline.com.newsblur.network.APIResponse: 	at baseline.com.newsblur.network.APIResponse.<init>(APIResponse.java:57)
08-05 19:17:18.451 29587 31482 E baseline.com.newsblur.network.APIResponse: 	at baseline.com.newsblur.network.APIResponse.<init>(APIResponse.java:43)
08-05 19:17:18.451 29587 31482 E baseline.com.newsblur.network.APIResponse: 	at baseline.com.newsblur.network.APIManager.post_single(APIManager.java:702)
08-05 19:17:18.451 29587 31482 E baseline.com.newsblur.network.APIResponse: 	at baseline.com.newsblur.network.APIManager.post(APIManager.java:675)
08-05 19:17:18.451 29587 31482 E baseline.com.newsblur.network.APIResponse: 	at baseline.com.newsblur.network.APIManager.post(APIManager.java:714)
08-05 19:17:18.451 29587 31482 E baseline.com.newsblur.network.APIResponse: 	at baseline.com.newsblur.network.APIManager.markStoryAsRead(APIManager.java:205)
08-05 19:17:18.451 29587 31482 E baseline.com.newsblur.network.APIResponse: 	at baseline.com.newsblur.util.ReadingAction.doRemote(ReadingAction.java:281)
08-05 19:17:18.451 29587 31482 E baseline.com.newsblur.network.APIResponse: 	at baseline.com.newsblur.service.NBSyncService.syncActions(NBSyncService.java:400)
08-05 19:17:18.451 29587 31482 E baseline.com.newsblur.network.APIResponse: 	at baseline.com.newsblur.service.NBSyncService.doSync(NBSyncService.java:298)
08-05 19:17:18.451 29587 31482 E baseline.com.newsblur.network.APIResponse: 	at baseline.com.newsblur.service.NBSyncService.access$100(NBSyncService.java:67)
08-05 19:17:18.451 29587 31482 E baseline.com.newsblur.network.APIResponse: 	at baseline.com.newsblur.service.NBSyncService$1.run(NBSyncService.java:188)
08-05 19:17:18.451 29587 31482 E baseline.com.newsblur.network.APIResponse: 	at java.util.concurrent.ThreadPoolExecutor.runWorker(ThreadPoolExecutor.java:1113)
08-05 19:17:18.451 29587 31482 E baseline.com.newsblur.network.APIResponse: 	at java.util.concurrent.ThreadPoolExecutor$Worker.run(ThreadPoolExecutor.java:588)
08-05 19:17:18.451 29587 31482 E baseline.com.newsblur.network.APIResponse: 	at java.lang.Thread.run(Thread.java:818)
08-05 19:17:18.451 29587 31482 E baseline.com.newsblur.network.APIResponse: Caused by: java.io.EOFException: \n not found: limit=0 content=
08-05 19:17:18.451 29587 31482 E baseline.com.newsblur.network.APIResponse: 	at okio.RealBufferedSource.readUtf8LineStrict(RealBufferedSource.java:240)
08-05 19:17:18.451 29587 31482 E baseline.com.newsblur.network.APIResponse: 	at okhttp3.internal.http1.Http1ExchangeCodec.readHeaderLine(Http1ExchangeCodec.java:242)
08-05 19:17:18.451 29587 31482 E baseline.com.newsblur.network.APIResponse: 	at okhttp3.internal.http1.Http1ExchangeCodec.readResponseHeaders(Http1ExchangeCodec.java:213)
08-05 19:17:18.451 29587 31482 E baseline.com.newsblur.network.APIResponse: 	... 30 more
08-05 19:17:18.452 29587 31482 I baseline.com.newsblur.service.NBSyncService: Holding reading action with server-side or network error.
08-05 19:17:18.469 29587 31482 W baseline.com.newsblur.service.NBSyncService: hard API failure
08-05 19:17:18.519 24043 24043 I ServiceManager: Waiting for service AtCmdFwd...
08-05 19:17:18.539   518   646 I ThermalEngine: ACTION: GPU - Setting GPU[0] to 450000000
08-05 19:17:18.628 29587 29808 I art     : Starting a blocking GC Explicit
08-05 19:17:18.697 29587 29808 I art     : Explicit concurrent mark sweep GC freed 4353(407KB) AllocSpace objects, 5(100KB) LOS objects, 27% free, 41MB/57MB, paused 1.665ms total 68.654ms
08-05 19:17:18.712 29587 29808 I art     : Starting a blocking GC Explicit
08-05 19:17:18.781 29587 29808 I art     : Explicit concurrent mark sweep GC freed 129(4KB) AllocSpace objects, 0(0B) LOS objects, 27% free, 41MB/57MB, paused 1.738ms total 68.185ms
08-05 19:17:18.796 29587 29808 I art     : Starting a blocking GC Explicit
08-05 19:17:18.863 29587 29808 I art     : Explicit concurrent mark sweep GC freed 3(96B) AllocSpace objects, 0(0B) LOS objects, 27% free, 41MB/57MB, paused 1.576ms total 66.890ms
08-05 19:17:18.879 29587 29808 I art     : Starting a blocking GC Explicit
08-05 19:17:18.947 29587 29808 I art     : Explicit concurrent mark sweep GC freed 1657(64KB) AllocSpace objects, 0(0B) LOS objects, 27% free, 41MB/57MB, paused 1.579ms total 68.027ms
08-05 19:17:18.962 29587 29808 I art     : Starting a blocking GC Explicit
08-05 19:17:18.977 29587 31482 E baseline.com.newsblur.network.APIResponse: Error (unexpected end of stream on https://www.newsblur.com/...) calling https://www.newsblur.com/reader/mark_story_hashes_as_read/
08-05 19:17:18.977 29587 31482 E baseline.com.newsblur.network.APIResponse: java.io.IOException: unexpected end of stream on https://www.newsblur.com/...
08-05 19:17:18.977 29587 31482 E baseline.com.newsblur.network.APIResponse: 	at okhttp3.internal.http1.Http1ExchangeCodec.readResponseHeaders(Http1ExchangeCodec.java:236)
08-05 19:17:18.977 29587 31482 E baseline.com.newsblur.network.APIResponse: 	at okhttp3.internal.connection.Exchange.readResponseHeaders(Exchange.java:115)
08-05 19:17:18.977 29587 31482 E baseline.com.newsblur.network.APIResponse: 	at okhttp3.internal.http.CallServerInterceptor.intercept(CallServerInterceptor.java:94)
08-05 19:17:18.977 29587 31482 E baseline.com.newsblur.network.APIResponse: 	at okhttp3.internal.http.RealInterceptorChain.proceed(RealInterceptorChain.java:142)
08-05 19:17:18.977 29587 31482 E baseline.com.newsblur.network.APIResponse: 	at okhttp3.internal.connection.ConnectInterceptor.intercept(ConnectInterceptor.java:43)
08-05 19:17:18.977 29587 31482 E baseline.com.newsblur.network.APIResponse: 	at okhttp3.internal.http.RealInterceptorChain.proceed(RealInterceptorChain.java:142)
08-05 19:17:18.977 29587 31482 E baseline.com.newsblur.network.APIResponse: 	at okhttp3.internal.http.RealInterceptorChain.proceed(RealInterceptorChain.java:117)
08-05 19:17:18.977 29587 31482 E baseline.com.newsblur.network.APIResponse: 	at okhttp3.internal.cache.CacheInterceptor.intercept(CacheInterceptor.java:94)
08-05 19:17:18.977 29587 31482 E baseline.com.newsblur.network.APIResponse: 	at okhttp3.internal.http.RealInterceptorChain.proceed(RealInterceptorChain.java:142)
08-05 19:17:18.977 29587 31482 E baseline.com.newsblur.network.APIResponse: 	at okhttp3.internal.http.RealInterceptorChain.proceed(RealInterceptorChain.java:117)
08-05 19:17:18.977 29587 31482 E baseline.com.newsblur.network.APIResponse: 	at okhttp3.internal.http.BridgeInterceptor.intercept(BridgeInterceptor.java:93)
08-05 19:17:18.977 29587 31482 E baseline.com.newsblur.network.APIResponse: 	at okhttp3.internal.http.RealInterceptorChain.proceed(RealInterceptorChain.java:142)
08-05 19:17:18.977 29587 31482 E baseline.com.newsblur.network.APIResponse: 	at okhttp3.internal.http.RetryAndFollowUpInterceptor.intercept(RetryAndFollowUpInterceptor.java:88)
08-05 19:17:18.977 29587 31482 E baseline.com.newsblur.network.APIResponse: 	at okhttp3.internal.http.RealInterceptorChain.proceed(RealInterceptorChain.java:142)
08-05 19:17:18.977 29587 31482 E baseline.com.newsblur.network.APIResponse: 	at okhttp3.internal.http.RealInterceptorChain.proceed(RealInterceptorChain.java:117)
08-05 19:17:18.977 29587 31482 E baseline.com.newsblur.network.APIResponse: 	at okhttp3.RealCall.getResponseWithInterceptorChain(RealCall.java:229)
08-05 19:17:18.977 29587 31482 E baseline.com.newsblur.network.APIResponse: 	at okhttp3.RealCall.execute(RealCall.java:81)
08-05 19:17:18.977 29587 31482 E baseline.com.newsblur.network.APIResponse: 	at baseline.com.newsblur.network.APIResponse.<init>(APIResponse.java:57)
08-05 19:17:18.977 29587 31482 E baseline.com.newsblur.network.APIResponse: 	at baseline.com.newsblur.network.APIResponse.<init>(APIResponse.java:43)
08-05 19:17:18.977 29587 31482 E baseline.com.newsblur.network.APIResponse: 	at baseline.com.newsblur.network.APIManager.post_single(APIManager.java:702)
08-05 19:17:18.977 29587 31482 E baseline.com.newsblur.network.APIResponse: 	at baseline.com.newsblur.network.APIManager.post(APIManager.java:675)
08-05 19:17:18.977 29587 31482 E baseline.com.newsblur.network.APIResponse: 	at baseline.com.newsblur.network.APIManager.post(APIManager.java:714)
08-05 19:17:18.977 29587 31482 E baseline.com.newsblur.network.APIResponse: 	at baseline.com.newsblur.network.APIManager.markStoryAsRead(APIManager.java:205)
08-05 19:17:18.977 29587 31482 E baseline.com.newsblur.network.APIResponse: 	at baseline.com.newsblur.util.ReadingAction.doRemote(ReadingAction.java:281)
08-05 19:17:18.977 29587 31482 E baseline.com.newsblur.network.APIResponse: 	at baseline.com.newsblur.service.NBSyncService.syncActions(NBSyncService.java:400)
08-05 19:17:18.977 29587 31482 E baseline.com.newsblur.network.APIResponse: 	at baseline.com.newsblur.service.NBSyncService.doSync(NBSyncService.java:298)
08-05 19:17:18.977 29587 31482 E baseline.com.newsblur.network.APIResponse: 	at baseline.com.newsblur.service.NBSyncService.access$100(NBSyncService.java:67)
08-05 19:17:18.977 29587 31482 E baseline.com.newsblur.network.APIResponse: 	at baseline.com.newsblur.service.NBSyncService$1.run(NBSyncService.java:188)
08-05 19:17:18.977 29587 31482 E baseline.com.newsblur.network.APIResponse: 	at java.util.concurrent.ThreadPoolExecutor.runWorker(ThreadPoolExecutor.java:1113)
08-05 19:17:18.977 29587 31482 E baseline.com.newsblur.network.APIResponse: 	at java.util.concurrent.ThreadPoolExecutor$Worker.run(ThreadPoolExecutor.java:588)
08-05 19:17:18.977 29587 31482 E baseline.com.newsblur.network.APIResponse: 	at java.lang.Thread.run(Thread.java:818)
08-05 19:17:18.977 29587 31482 E baseline.com.newsblur.network.APIResponse: Caused by: java.io.EOFException: \n not found: limit=0 content=
08-05 19:17:18.977 29587 31482 E baseline.com.newsblur.network.APIResponse: 	at okio.RealBufferedSource.readUtf8LineStrict(RealBufferedSource.java:240)
08-05 19:17:18.977 29587 31482 E baseline.com.newsblur.network.APIResponse: 	at okhttp3.internal.http1.Http1ExchangeCodec.readHeaderLine(Http1ExchangeCodec.java:242)
08-05 19:17:18.977 29587 31482 E baseline.com.newsblur.network.APIResponse: 	at okhttp3.internal.http1.Http1ExchangeCodec.readResponseHeaders(Http1ExchangeCodec.java:213)
08-05 19:17:18.977 29587 31482 E baseline.com.newsblur.network.APIResponse: 	... 30 more
08-05 19:17:18.979 29587 31482 I baseline.com.newsblur.network.APIManager: API call failed, pausing before retry number 1
08-05 19:17:19.032 29587 29808 I art     : Explicit concurrent mark sweep GC freed 817(196KB) AllocSpace objects, 2(40KB) LOS objects, 27% free, 41MB/57MB, paused 1.699ms total 69.268ms
08-05 19:17:19.444 29587 30376 I art     : Starting a blocking GC Explicit
08-05 19:17:19.516 29587 30376 I art     : Explicit concurrent mark sweep GC freed 1549(101KB) AllocSpace objects, 1(20KB) LOS objects, 27% free, 41MB/57MB, paused 1.605ms total 71.951ms
08-05 19:17:19.520 24043 24043 W Atfwd_Sendcmd: AtCmdFwd service not published, waiting... retryCnt : 5
08-05 19:17:19.534 29587 30376 I art     : Starting a blocking GC Explicit
08-05 19:17:19.597 29587 30376 I art     : Explicit concurrent mark sweep GC freed 44(1520B) AllocSpace objects, 0(0B) LOS objects, 27% free, 41MB/57MB, paused 1.599ms total 62.430ms
08-05 19:17:19.612 29587 30376 I art     : Starting a blocking GC Explicit
08-05 19:17:19.680 29587 30376 I art     : Explicit concurrent mark sweep GC freed 3(96B) AllocSpace objects, 0(0B) LOS objects, 27% free, 41MB/57MB, paused 1.632ms total 67.913ms
08-05 19:17:19.699 29587 30376 I art     : Starting a blocking GC Explicit
08-05 19:17:19.765 29587 30376 I art     : Explicit concurrent mark sweep GC freed 3(96B) AllocSpace objects, 0(0B) LOS objects, 27% free, 41MB/57MB, paused 1.450ms total 65.241ms
08-05 19:17:19.780 29587 30376 I art     : Starting a blocking GC Explicit
08-05 19:17:19.846 29587 30376 I art     : Explicit concurrent mark sweep GC freed 3(96B) AllocSpace objects, 0(0B) LOS objects, 27% free, 41MB/57MB, paused 1.578ms total 65.304ms
08-05 19:17:20.252 29587 29598 I art     : Starting a blocking GC Explicit
08-05 19:17:20.322 29587 29598 I art     : Explicit concurrent mark sweep GC freed 1442(83KB) AllocSpace objects, 1(20KB) LOS objects, 27% free, 41MB/57MB, paused 1.663ms total 69.318ms
08-05 19:17:20.339 29587 29598 I art     : Starting a blocking GC Explicit
08-05 19:17:20.403 29587 29598 I art     : Explicit concurrent mark sweep GC freed 22(784B) AllocSpace objects, 0(0B) LOS objects, 27% free, 41MB/57MB, paused 1.551ms total 64.342ms
08-05 19:17:20.419 29587 29598 I art     : Starting a blocking GC Explicit
08-05 19:17:20.484 29587 29598 I art     : Explicit concurrent mark sweep GC freed 22(976B) AllocSpace objects, 0(0B) LOS objects, 27% free, 41MB/57MB, paused 1.658ms total 65.268ms
08-05 19:17:20.499 29587 29598 I art     : Starting a blocking GC Explicit
08-05 19:17:20.565 29587 29598 I art     : Explicit concurrent mark sweep GC freed 140(6KB) AllocSpace objects, 0(0B) LOS objects, 27% free, 41MB/57MB, paused 1.580ms total 65.864ms
08-05 19:17:20.583 29587 29598 I art     : Starting a blocking GC Explicit
08-05 19:17:20.650 29587 29598 I art     : Explicit concurrent mark sweep GC freed 18(1664B) AllocSpace objects, 0(0B) LOS objects, 27% free, 41MB/57MB, paused 1.692ms total 67.315ms
08-05 19:17:21.024 29587 31482 E baseline.com.newsblur.network.APIResponse: Error (unexpected end of stream on https://www.newsblur.com/...) calling https://www.newsblur.com/reader/mark_story_hashes_as_read/
08-05 19:17:21.024 29587 31482 E baseline.com.newsblur.network.APIResponse: java.io.IOException: unexpected end of stream on https://www.newsblur.com/...
08-05 19:17:21.024 29587 31482 E baseline.com.newsblur.network.APIResponse: 	at okhttp3.internal.http1.Http1ExchangeCodec.readResponseHeaders(Http1ExchangeCodec.java:236)
08-05 19:17:21.024 29587 31482 E baseline.com.newsblur.network.APIResponse: 	at okhttp3.internal.connection.Exchange.readResponseHeaders(Exchange.java:115)
08-05 19:17:21.024 29587 31482 E baseline.com.newsblur.network.APIResponse: 	at okhttp3.internal.http.CallServerInterceptor.intercept(CallServerInterceptor.java:94)
08-05 19:17:21.024 29587 31482 E baseline.com.newsblur.network.APIResponse: 	at okhttp3.internal.http.RealInterceptorChain.proceed(RealInterceptorChain.java:142)
08-05 19:17:21.024 29587 31482 E baseline.com.newsblur.network.APIResponse: 	at okhttp3.internal.connection.ConnectInterceptor.intercept(ConnectInterceptor.java:43)
08-05 19:17:21.024 29587 31482 E baseline.com.newsblur.network.APIResponse: 	at okhttp3.internal.http.RealInterceptorChain.proceed(RealInterceptorChain.java:142)
08-05 19:17:21.024 29587 31482 E baseline.com.newsblur.network.APIResponse: 	at okhttp3.internal.http.RealInterceptorChain.proceed(RealInterceptorChain.java:117)
08-05 19:17:21.024 29587 31482 E baseline.com.newsblur.network.APIResponse: 	at okhttp3.internal.cache.CacheInterceptor.intercept(CacheInterceptor.java:94)
08-05 19:17:21.024 29587 31482 E baseline.com.newsblur.network.APIResponse: 	at okhttp3.internal.http.RealInterceptorChain.proceed(RealInterceptorChain.java:142)
08-05 19:17:21.024 29587 31482 E baseline.com.newsblur.network.APIResponse: 	at okhttp3.internal.http.RealInterceptorChain.proceed(RealInterceptorChain.java:117)
08-05 19:17:21.024 29587 31482 E baseline.com.newsblur.network.APIResponse: 	at okhttp3.internal.http.BridgeInterceptor.intercept(BridgeInterceptor.java:93)
08-05 19:17:21.024 29587 31482 E baseline.com.newsblur.network.APIResponse: 	at okhttp3.internal.http.RealInterceptorChain.proceed(RealInterceptorChain.java:142)
08-05 19:17:21.024 29587 31482 E baseline.com.newsblur.network.APIResponse: 	at okhttp3.internal.http.RetryAndFollowUpInterceptor.intercept(RetryAndFollowUpInterceptor.java:88)
08-05 19:17:21.024 29587 31482 E baseline.com.newsblur.network.APIResponse: 	at okhttp3.internal.http.RealInterceptorChain.proceed(RealInterceptorChain.java:142)
08-05 19:17:21.024 29587 31482 E baseline.com.newsblur.network.APIResponse: 	at okhttp3.internal.http.RealInterceptorChain.proceed(RealInterceptorChain.java:117)
08-05 19:17:21.024 29587 31482 E baseline.com.newsblur.network.APIResponse: 	at okhttp3.RealCall.getResponseWithInterceptorChain(RealCall.java:229)
08-05 19:17:21.024 29587 31482 E baseline.com.newsblur.network.APIResponse: 	at okhttp3.RealCall.execute(RealCall.java:81)
08-05 19:17:21.024 29587 31482 E baseline.com.newsblur.network.APIResponse: 	at baseline.com.newsblur.network.APIResponse.<init>(APIResponse.java:57)
08-05 19:17:21.024 29587 31482 E baseline.com.newsblur.network.APIResponse: 	at baseline.com.newsblur.network.APIResponse.<init>(APIResponse.java:43)
08-05 19:17:21.024 29587 31482 E baseline.com.newsblur.network.APIResponse: 	at baseline.com.newsblur.network.APIManager.post_single(APIManager.java:702)
08-05 19:17:21.024 29587 31482 E baseline.com.newsblur.network.APIResponse: 	at baseline.com.newsblur.network.APIManager.post(APIManager.java:675)
08-05 19:17:21.024 29587 31482 E baseline.com.newsblur.network.APIResponse: 	at baseline.com.newsblur.network.APIManager.post(APIManager.java:714)
08-05 19:17:21.024 29587 31482 E baseline.com.newsblur.network.APIResponse: 	at baseline.com.newsblur.network.APIManager.markStoryAsRead(APIManager.java:205)
08-05 19:17:21.024 29587 31482 E baseline.com.newsblur.network.APIResponse: 	at baseline.com.newsblur.util.ReadingAction.doRemote(ReadingAction.java:281)
08-05 19:17:21.024 29587 31482 E baseline.com.newsblur.network.APIResponse: 	at baseline.com.newsblur.service.NBSyncService.syncActions(NBSyncService.java:400)
08-05 19:17:21.024 29587 31482 E baseline.com.newsblur.network.APIResponse: 	at baseline.com.newsblur.service.NBSyncService.doSync(NBSyncService.java:298)
08-05 19:17:21.024 29587 31482 E baseline.com.newsblur.network.APIResponse: 	at baseline.com.newsblur.service.NBSyncService.access$100(NBSyncService.java:67)
08-05 19:17:21.024 29587 31482 E baseline.com.newsblur.network.APIResponse: 	at baseline.com.newsblur.service.NBSyncService$1.run(NBSyncService.java:188)
08-05 19:17:21.024 29587 31482 E baseline.com.newsblur.network.APIResponse: 	at java.util.concurrent.ThreadPoolExecutor.runWorker(ThreadPoolExecutor.java:1113)
08-05 19:17:21.024 29587 31482 E baseline.com.newsblur.network.APIResponse: 	at java.util.concurrent.ThreadPoolExecutor$Worker.run(ThreadPoolExecutor.java:588)
08-05 19:17:21.024 29587 31482 E baseline.com.newsblur.network.APIResponse: 	at java.lang.Thread.run(Thread.java:818)
08-05 19:17:21.024 29587 31482 E baseline.com.newsblur.network.APIResponse: Caused by: java.io.EOFException: \n not found: limit=0 content=
08-05 19:17:21.024 29587 31482 E baseline.com.newsblur.network.APIResponse: 	at okio.RealBufferedSource.readUtf8LineStrict(RealBufferedSource.java:240)
08-05 19:17:21.024 29587 31482 E baseline.com.newsblur.network.APIResponse: 	at okhttp3.internal.http1.Http1ExchangeCodec.readHeaderLine(Http1ExchangeCodec.java:242)
08-05 19:17:21.024 29587 31482 E baseline.com.newsblur.network.APIResponse: 	at okhttp3.internal.http1.Http1ExchangeCodec.readResponseHeaders(Http1ExchangeCodec.java:213)
08-05 19:17:21.024 29587 31482 E baseline.com.newsblur.network.APIResponse: 	... 30 more
08-05 19:17:21.025 29587 31482 I baseline.com.newsblur.network.APIManager: API call failed, pausing before retry number 2
08-05 19:17:21.047 29587 29599 I art     : Starting a blocking GC Explicit
08-05 19:17:21.116 29587 29599 I art     : Explicit concurrent mark sweep GC freed 3949(357KB) AllocSpace objects, 3(60KB) LOS objects, 27% free, 41MB/57MB, paused 1.650ms total 68.172ms
08-05 19:17:21.131 29587 29599 I art     : Starting a blocking GC Explicit
08-05 19:17:21.200 29587 29599 I art     : Explicit concurrent mark sweep GC freed 109(3KB) AllocSpace objects, 0(0B) LOS objects, 27% free, 41MB/57MB, paused 1.581ms total 68.775ms
08-05 19:17:21.219 29587 29599 I art     : Starting a blocking GC Explicit
08-05 19:17:21.285 29587 29599 I art     : Explicit concurrent mark sweep GC freed 3(96B) AllocSpace objects, 0(0B) LOS objects, 27% free, 41MB/57MB, paused 1.545ms total 65.808ms
08-05 19:17:21.300 29587 29599 I art     : Starting a blocking GC Explicit
08-05 19:17:21.366 29587 29599 I art     : Explicit concurrent mark sweep GC freed 3(96B) AllocSpace objects, 0(0B) LOS objects, 27% free, 41MB/57MB, paused 1.592ms total 65.278ms
08-05 19:17:21.381 29587 29599 I art     : Starting a blocking GC Explicit
08-05 19:17:21.449 29587 29599 I art     : Explicit concurrent mark sweep GC freed 3(96B) AllocSpace objects, 0(0B) LOS objects, 27% free, 41MB/57MB, paused 1.677ms total 67.850ms
08-05 19:17:21.869 29587 29808 I art     : Starting a blocking GC Explicit
08-05 19:17:21.940 29587 29808 I art     : Explicit concurrent mark sweep GC freed 1441(82KB) AllocSpace objects, 1(20KB) LOS objects, 27% free, 41MB/57MB, paused 1.768ms total 70.116ms
08-05 19:17:21.957 29587 29808 I art     : Starting a blocking GC Explicit
08-05 19:17:22.022 29587 29808 I art     : Explicit concurrent mark sweep GC freed 22(784B) AllocSpace objects, 0(0B) LOS objects, 27% free, 41MB/57MB, paused 1.617ms total 65.022ms
08-05 19:17:22.038 29587 29808 I art     : Starting a blocking GC Explicit
08-05 19:17:22.101 29587 29808 I art     : Explicit concurrent mark sweep GC freed 3(96B) AllocSpace objects, 0(0B) LOS objects, 27% free, 41MB/57MB, paused 1.507ms total 62.874ms
08-05 19:17:22.116 29587 29808 I art     : Starting a blocking GC Explicit
08-05 19:17:22.181 29587 29808 I art     : Explicit concurrent mark sweep GC freed 3(96B) AllocSpace objects, 0(0B) LOS objects, 27% free, 41MB/57MB, paused 1.551ms total 65.250ms
08-05 19:17:22.199 29587 29808 I art     : Starting a blocking GC Explicit
08-05 19:17:22.264 29587 29808 I art     : Explicit concurrent mark sweep GC freed 3(96B) AllocSpace objects, 0(0B) LOS objects, 27% free, 41MB/57MB, paused 1.568ms total 64.613ms
08-05 19:17:22.673 29587 30376 I art     : Starting a blocking GC Explicit
08-05 19:17:22.740 29587 30376 I art     : Explicit concurrent mark sweep GC freed 1441(82KB) AllocSpace objects, 1(20KB) LOS objects, 27% free, 41MB/57MB, paused 1.617ms total 66.824ms
08-05 19:17:22.755 29587 30376 I art     : Starting a blocking GC Explicit
08-05 19:17:22.823 29587 30376 I art     : Explicit concurrent mark sweep GC freed 22(784B) AllocSpace objects, 0(0B) LOS objects, 27% free, 41MB/57MB, paused 1.615ms total 67.502ms
08-05 19:17:22.842 29587 30376 I art     : Starting a blocking GC Explicit
08-05 19:17:22.906 29587 30376 I art     : Explicit concurrent mark sweep GC freed 3(96B) AllocSpace objects, 0(0B) LOS objects, 27% free, 41MB/57MB, paused 1.683ms total 63.854ms
08-05 19:17:22.921 29587 30376 I art     : Starting a blocking GC Explicit
08-05 19:17:22.986 29587 30376 I art     : Explicit concurrent mark sweep GC freed 3(96B) AllocSpace objects, 0(0B) LOS objects, 27% free, 41MB/57MB, paused 1.482ms total 65.029ms
08-05 19:17:23.001 29587 30376 I art     : Starting a blocking GC Explicit
08-05 19:17:23.068 29587 30376 I art     : Explicit concurrent mark sweep GC freed 3(96B) AllocSpace objects, 0(0B) LOS objects, 27% free, 41MB/57MB, paused 1.612ms total 66.601ms
08-05 19:17:23.492 29587 29598 I art     : Starting a blocking GC Explicit
08-05 19:17:23.563 29587 29598 I art     : Explicit concurrent mark sweep GC freed 1441(82KB) AllocSpace objects, 1(20KB) LOS objects, 27% free, 41MB/57MB, paused 1.655ms total 70.690ms
08-05 19:17:23.582 29587 29598 I art     : Starting a blocking GC Explicit
08-05 19:17:23.645 29587 29598 I art     : Explicit concurrent mark sweep GC freed 22(784B) AllocSpace objects, 0(0B) LOS objects, 27% free, 41MB/57MB, paused 1.576ms total 62.987ms
08-05 19:17:23.660 29587 29598 I art     : Starting a blocking GC Explicit
08-05 19:17:23.726 29587 29598 I art     : Explicit concurrent mark sweep GC freed 3(96B) AllocSpace objects, 0(0B) LOS objects, 27% free, 41MB/57MB, paused 1.551ms total 65.587ms
08-05 19:17:23.741 29587 29598 I art     : Starting a blocking GC Explicit
08-05 19:17:23.807 29587 29598 I art     : Explicit concurrent mark sweep GC freed 3(96B) AllocSpace objects, 0(0B) LOS objects, 27% free, 41MB/57MB, paused 1.662ms total 66.350ms
08-05 19:17:23.823 29587 29598 I art     : Starting a blocking GC Explicit
08-05 19:17:23.889 29587 29598 I art     : Explicit concurrent mark sweep GC freed 3(96B) AllocSpace objects, 0(0B) LOS objects, 27% free, 41MB/57MB, paused 1.643ms total 65.696ms
08-05 19:17:24.308 29587 29599 I art     : Starting a blocking GC Explicit
08-05 19:17:24.375 29587 29599 I art     : Explicit concurrent mark sweep GC freed 1607(91KB) AllocSpace objects, 1(20KB) LOS objects, 27% free, 41MB/57MB, paused 1.793ms total 66.736ms
08-05 19:17:24.390 29587 29599 I art     : Starting a blocking GC Explicit
08-05 19:17:24.456 29587 29599 I art     : Explicit concurrent mark sweep GC freed 28(1040B) AllocSpace objects, 0(0B) LOS objects, 27% free, 41MB/57MB, paused 1.565ms total 66.117ms
08-05 19:17:24.471 29587 29599 I art     : Starting a blocking GC Explicit
08-05 19:17:24.538 29587 29599 I art     : Explicit concurrent mark sweep GC freed 3(96B) AllocSpace objects, 0(0B) LOS objects, 27% free, 41MB/57MB, paused 1.777ms total 66.322ms
08-05 19:17:24.553 29587 29599 I art     : Starting a blocking GC Explicit
08-05 19:17:24.612 29587 31482 E baseline.com.newsblur.network.APIResponse: Error (unexpected end of stream on https://www.newsblur.com/...) calling https://www.newsblur.com/reader/mark_story_hashes_as_read/
08-05 19:17:24.612 29587 31482 E baseline.com.newsblur.network.APIResponse: java.io.IOException: unexpected end of stream on https://www.newsblur.com/...
08-05 19:17:24.612 29587 31482 E baseline.com.newsblur.network.APIResponse: 	at okhttp3.internal.http1.Http1ExchangeCodec.readResponseHeaders(Http1ExchangeCodec.java:236)
08-05 19:17:24.612 29587 31482 E baseline.com.newsblur.network.APIResponse: 	at okhttp3.internal.connection.Exchange.readResponseHeaders(Exchange.java:115)
08-05 19:17:24.612 29587 31482 E baseline.com.newsblur.network.APIResponse: 	at okhttp3.internal.http.CallServerInterceptor.intercept(CallServerInterceptor.java:94)
08-05 19:17:24.612 29587 31482 E baseline.com.newsblur.network.APIResponse: 	at okhttp3.internal.http.RealInterceptorChain.proceed(RealInterceptorChain.java:142)
08-05 19:17:24.612 29587 31482 E baseline.com.newsblur.network.APIResponse: 	at okhttp3.internal.connection.ConnectInterceptor.intercept(ConnectInterceptor.java:43)
08-05 19:17:24.612 29587 31482 E baseline.com.newsblur.network.APIResponse: 	at okhttp3.internal.http.RealInterceptorChain.proceed(RealInterceptorChain.java:142)
08-05 19:17:24.612 29587 31482 E baseline.com.newsblur.network.APIResponse: 	at okhttp3.internal.http.RealInterceptorChain.proceed(RealInterceptorChain.java:117)
08-05 19:17:24.612 29587 31482 E baseline.com.newsblur.network.APIResponse: 	at okhttp3.internal.cache.CacheInterceptor.intercept(CacheInterceptor.java:94)
08-05 19:17:24.612 29587 31482 E baseline.com.newsblur.network.APIResponse: 	at okhttp3.internal.http.RealInterceptorChain.proceed(RealInterceptorChain.java:142)
08-05 19:17:24.612 29587 31482 E baseline.com.newsblur.network.APIResponse: 	at okhttp3.internal.http.RealInterceptorChain.proceed(RealInterceptorChain.java:117)
08-05 19:17:24.612 29587 31482 E baseline.com.newsblur.network.APIResponse: 	at okhttp3.internal.http.BridgeInterceptor.intercept(BridgeInterceptor.java:93)
08-05 19:17:24.612 29587 31482 E baseline.com.newsblur.network.APIResponse: 	at okhttp3.internal.http.RealInterceptorChain.proceed(RealInterceptorChain.java:142)
08-05 19:17:24.612 29587 31482 E baseline.com.newsblur.network.APIResponse: 	at okhttp3.internal.http.RetryAndFollowUpInterceptor.intercept(RetryAndFollowUpInterceptor.java:88)
08-05 19:17:24.612 29587 31482 E baseline.com.newsblur.network.APIResponse: 	at okhttp3.internal.http.RealInterceptorChain.proceed(RealInterceptorChain.java:142)
08-05 19:17:24.612 29587 31482 E baseline.com.newsblur.network.APIResponse: 	at okhttp3.internal.http.RealInterceptorChain.proceed(RealInterceptorChain.java:117)
08-05 19:17:24.612 29587 31482 E baseline.com.newsblur.network.APIResponse: 	at okhttp3.RealCall.getResponseWithInterceptorChain(RealCall.java:229)
08-05 19:17:24.612 29587 31482 E baseline.com.newsblur.network.APIResponse: 	at okhttp3.RealCall.execute(RealCall.java:81)
08-05 19:17:24.612 29587 31482 E baseline.com.newsblur.network.APIResponse: 	at baseline.com.newsblur.network.APIResponse.<init>(APIResponse.java:57)
08-05 19:17:24.612 29587 31482 E baseline.com.newsblur.network.APIResponse: 	at baseline.com.newsblur.network.APIResponse.<init>(APIResponse.java:43)
08-05 19:17:24.612 29587 31482 E baseline.com.newsblur.network.APIResponse: 	at baseline.com.newsblur.network.APIManager.post_single(APIManager.java:702)
08-05 19:17:24.612 29587 31482 E baseline.com.newsblur.network.APIResponse: 	at baseline.com.newsblur.network.APIManager.post(APIManager.java:675)
08-05 19:17:24.612 29587 31482 E baseline.com.newsblur.network.APIResponse: 	at baseline.com.newsblur.network.APIManager.post(APIManager.java:714)
08-05 19:17:24.612 29587 31482 E baseline.com.newsblur.network.APIResponse: 	at baseline.com.newsblur.network.APIManager.markStoryAsRead(APIManager.java:205)
08-05 19:17:24.612 29587 31482 E baseline.com.newsblur.network.APIResponse: 	at baseline.com.newsblur.util.ReadingAction.doRemote(ReadingAction.java:281)
08-05 19:17:24.612 29587 31482 E baseline.com.newsblur.network.APIResponse: 	at baseline.com.newsblur.service.NBSyncService.syncActions(NBSyncService.java:400)
08-05 19:17:24.612 29587 31482 E baseline.com.newsblur.network.APIResponse: 	at baseline.com.newsblur.service.NBSyncService.doSync(NBSyncService.java:298)
08-05 19:17:24.612 29587 31482 E baseline.com.newsblur.network.APIResponse: 	at baseline.com.newsblur.service.NBSyncService.access$100(NBSyncService.java:67)
08-05 19:17:24.612 29587 31482 E baseline.com.newsblur.network.APIResponse: 	at baseline.com.newsblur.service.NBSyncService$1.run(NBSyncService.java:188)
08-05 19:17:24.612 29587 31482 E baseline.com.newsblur.network.APIResponse: 	at java.util.concurrent.ThreadPoolExecutor.runWorker(ThreadPoolExecutor.java:1113)
08-05 19:17:24.612 29587 31482 E baseline.com.newsblur.network.APIResponse: 	at java.util.concurrent.ThreadPoolExecutor$Worker.run(ThreadPoolExecutor.java:588)
08-05 19:17:24.612 29587 31482 E baseline.com.newsblur.network.APIResponse: 	at java.lang.Thread.run(Thread.java:818)
08-05 19:17:24.612 29587 31482 E baseline.com.newsblur.network.APIResponse: Caused by: java.io.EOFException: \n not found: limit=0 content=
08-05 19:17:24.612 29587 31482 E baseline.com.newsblur.network.APIResponse: 	at okio.RealBufferedSource.readUtf8LineStrict(RealBufferedSource.java:240)
08-05 19:17:24.612 29587 31482 E baseline.com.newsblur.network.APIResponse: 	at okhttp3.internal.http1.Http1ExchangeCodec.readHeaderLine(Http1ExchangeCodec.java:242)
08-05 19:17:24.612 29587 31482 E baseline.com.newsblur.network.APIResponse: 	at okhttp3.internal.http1.Http1ExchangeCodec.readResponseHeaders(Http1ExchangeCodec.java:213)
08-05 19:17:24.612 29587 31482 E baseline.com.newsblur.network.APIResponse: 	... 30 more
08-05 19:17:24.616 29587 31482 I baseline.com.newsblur.service.NBSyncService: Holding reading action with server-side or network error.
08-05 19:17:24.618 29587 29599 I art     : Explicit concurrent mark sweep GC freed 1983(203KB) AllocSpace objects, 0(0B) LOS objects, 27% free, 42MB/58MB, paused 2.256ms total 64.528ms
08-05 19:17:24.628 29587 31482 W baseline.com.newsblur.service.NBSyncService: hard API failure
08-05 19:17:24.633 29587 29599 I art     : Starting a blocking GC Explicit
08-05 19:17:24.699 29587 29599 I art     : Explicit concurrent mark sweep GC freed 969(121KB) AllocSpace objects, 4(80KB) LOS objects, 27% free, 41MB/57MB, paused 1.654ms total 65.271ms
08-05 19:17:24.812 31641 31641 D AndroidRuntime: >>>>>> START com.android.internal.os.RuntimeInit uid 2000 <<<<<<
08-05 19:17:24.819 31641 31641 D AndroidRuntime: CheckJNI is OFF
08-05 19:17:24.861 31641 31641 D ICU     : No timezone override file found: /data/misc/zoneinfo/current/icu/icu_tzdata.dat
08-05 19:17:24.903 31641 31641 I Radio-JNI: register_android_hardware_Radio DONE
08-05 19:17:24.931 31641 31641 D AndroidRuntime: Calling main entry com.android.commands.input.Input
08-05 19:17:24.933 31641 31641 I Input   : injectMotionEvent: MotionEvent { action=ACTION_DOWN, actionButton=0, id[0]=0, x[0]=436.0, y[0]=453.0, toolType[0]=TOOL_TYPE_UNKNOWN, buttonState=0, metaState=0, flags=0x0, edgeFlags=0x0, pointerCount=1, historySize=0, eventTime=818261346, downTime=818261346, deviceId=0, source=0x1002 }
08-05 19:17:24.939 31641 31641 I Input   : injectMotionEvent: MotionEvent { action=ACTION_UP, actionButton=0, id[0]=0, x[0]=436.0, y[0]=453.0, toolType[0]=TOOL_TYPE_UNKNOWN, buttonState=0, metaState=0, flags=0x0, edgeFlags=0x0, pointerCount=1, historySize=0, eventTime=818261346, downTime=818261346, deviceId=0, source=0x1002 }
08-05 19:17:24.941 31641 31641 D AndroidRuntime: Shutting down VM
08-05 19:17:24.962   512  2967 D audio_hw_primary: out_set_parameters: enter: usecase(1: low-latency-playback) kvpairs: routing=2
08-05 19:17:24.966   918   929 I ActivityManager: START u0 {cmp=baseline.com.newsblur/.activity.AllSharedStoriesReading (has extras)} from uid 10676 on display 0
08-05 19:17:24.975   512  2967 D audio_hw_primary: select_devices: out_snd_device(2: speaker) in_snd_device(0: none)
08-05 19:17:24.975   512  2967 D msm8974_platform: platform_send_audio_calibration: sending audio calibration for snd_device(2) acdb_id(15)
08-05 19:17:24.975   512  2967 I soundtrigger: audio_extn_sound_trigger_update_device_status: device 0x2 of type 0 for Event 1
08-05 19:17:24.986   512  2967 D audio_hw_primary: enable_snd_device: snd_device(2: speaker)
08-05 19:17:24.988   512  2967 D audio_hw_primary: enable_audio_route: apply and update mixer path: low-latency-playback speaker
08-05 19:17:25.101 29587 29808 I art     : Starting a blocking GC Explicit
08-05 19:17:25.167 29587 29808 I art     : Explicit concurrent mark sweep GC freed 3074(254KB) AllocSpace objects, 6(548KB) LOS objects, 27% free, 42MB/58MB, paused 1.926ms total 65.251ms
08-05 19:17:25.182 29587 29808 I art     : Starting a blocking GC Explicit
08-05 19:17:25.238 29587 29808 I art     : Explicit concurrent mark sweep GC freed 661(47KB) AllocSpace objects, 1(20KB) LOS objects, 27% free, 42MB/58MB, paused 1.837ms total 55.807ms
08-05 19:17:25.239   918   936 I ActivityManager: Displayed baseline.com.newsblur/.activity.AllSharedStoriesReading: +264ms
08-05 19:17:25.242 13866 13866 I GoogleInputMethodServic: GoogleInputMethodService.onFinishInput():3138 
08-05 19:17:25.243 13866 13866 I GoogleInputMethodServic: GoogleInputMethodService.onStartInput():1808 
08-05 19:17:25.252 29587 29808 I art     : Starting a blocking GC Explicit
08-05 19:17:25.313 29587 31482 E baseline.com.newsblur.network.APIResponse: Error (unexpected end of stream on https://www.newsblur.com/...) calling https://www.newsblur.com/reader/mark_story_hashes_as_read/
08-05 19:17:25.313 29587 31482 E baseline.com.newsblur.network.APIResponse: java.io.IOException: unexpected end of stream on https://www.newsblur.com/...
08-05 19:17:25.313 29587 31482 E baseline.com.newsblur.network.APIResponse: 	at okhttp3.internal.http1.Http1ExchangeCodec.readResponseHeaders(Http1ExchangeCodec.java:236)
08-05 19:17:25.313 29587 31482 E baseline.com.newsblur.network.APIResponse: 	at okhttp3.internal.connection.Exchange.readResponseHeaders(Exchange.java:115)
08-05 19:17:25.313 29587 31482 E baseline.com.newsblur.network.APIResponse: 	at okhttp3.internal.http.CallServerInterceptor.intercept(CallServerInterceptor.java:94)
08-05 19:17:25.313 29587 31482 E baseline.com.newsblur.network.APIResponse: 	at okhttp3.internal.http.RealInterceptorChain.proceed(RealInterceptorChain.java:142)
08-05 19:17:25.313 29587 31482 E baseline.com.newsblur.network.APIResponse: 	at okhttp3.internal.connection.ConnectInterceptor.intercept(ConnectInterceptor.java:43)
08-05 19:17:25.313 29587 31482 E baseline.com.newsblur.network.APIResponse: 	at okhttp3.internal.http.RealInterceptorChain.proceed(RealInterceptorChain.java:142)
08-05 19:17:25.313 29587 31482 E baseline.com.newsblur.network.APIResponse: 	at okhttp3.internal.http.RealInterceptorChain.proceed(RealInterceptorChain.java:117)
08-05 19:17:25.313 29587 31482 E baseline.com.newsblur.network.APIResponse: 	at okhttp3.internal.cache.CacheInterceptor.intercept(CacheInterceptor.java:94)
08-05 19:17:25.313 29587 31482 E baseline.com.newsblur.network.APIResponse: 	at okhttp3.internal.http.RealInterceptorChain.proceed(RealInterceptorChain.java:142)
08-05 19:17:25.313 29587 31482 E baseline.com.newsblur.network.APIResponse: 	at okhttp3.internal.http.RealInterceptorChain.proceed(RealInterceptorChain.java:117)
08-05 19:17:25.313 29587 31482 E baseline.com.newsblur.network.APIResponse: 	at okhttp3.internal.http.BridgeInterceptor.intercept(BridgeInterceptor.java:93)
08-05 19:17:25.313 29587 31482 E baseline.com.newsblur.network.APIResponse: 	at okhttp3.internal.http.RealInterceptorChain.proceed(RealInterceptorChain.java:142)
08-05 19:17:25.313 29587 31482 E baseline.com.newsblur.network.APIResponse: 	at okhttp3.internal.http.RetryAndFollowUpInterceptor.intercept(RetryAndFollowUpInterceptor.java:88)
08-05 19:17:25.313 29587 31482 E baseline.com.newsblur.network.APIResponse: 	at okhttp3.internal.http.RealInterceptorChain.proceed(RealInterceptorChain.java:142)
08-05 19:17:25.313 29587 31482 E baseline.com.newsblur.network.APIResponse: 	at okhttp3.internal.http.RealInterceptorChain.proceed(RealInterceptorChain.java:117)
08-05 19:17:25.313 29587 31482 E baseline.com.newsblur.network.APIResponse: 	at okhttp3.RealCall.getResponseWithInterceptorChain(RealCall.java:229)
08-05 19:17:25.313 29587 31482 E baseline.com.newsblur.network.APIResponse: 	at okhttp3.RealCall.execute(RealCall.java:81)
08-05 19:17:25.313 29587 31482 E baseline.com.newsblur.network.APIResponse: 	at baseline.com.newsblur.network.APIResponse.<init>(APIResponse.java:57)
08-05 19:17:25.313 29587 31482 E baseline.com.newsblur.network.APIResponse: 	at baseline.com.newsblur.network.APIResponse.<init>(APIResponse.java:43)
08-05 19:17:25.313 29587 31482 E baseline.com.newsblur.network.APIResponse: 	at baseline.com.newsblur.network.APIManager.post_single(APIManager.java:702)
08-05 19:17:25.313 29587 31482 E baseline.com.newsblur.network.APIResponse: 	at baseline.com.newsblur.network.APIManager.post(APIManager.java:675)
08-05 19:17:25.313 29587 31482 E baseline.com.newsblur.network.APIResponse: 	at baseline.com.newsblur.network.APIManager.post(APIManager.java:714)
08-05 19:17:25.313 29587 31482 E baseline.com.newsblur.network.APIResponse: 	at baseline.com.newsblur.network.APIManager.markStoryAsRead(APIManager.java:205)
08-05 19:17:25.313 29587 31482 E baseline.com.newsblur.network.APIResponse: 	at baseline.com.newsblur.util.ReadingAction.doRemote(ReadingAction.java:281)
08-05 19:17:25.313 29587 31482 E baseline.com.newsblur.network.APIResponse: 	at baseline.com.newsblur.service.NBSyncService.syncActions(NBSyncService.java:400)
08-05 19:17:25.313 29587 31482 E baseline.com.newsblur.network.APIResponse: 	at baseline.com.newsblur.service.NBSyncService.doSync(NBSyncService.java:298)
08-05 19:17:25.313 29587 31482 E baseline.com.newsblur.network.APIResponse: 	at baseline.com.newsblur.service.NBSyncService.access$100(NBSyncService.java:67)
08-05 19:17:25.313 29587 31482 E baseline.com.newsblur.network.APIResponse: 	at baseline.com.newsblur.service.NBSyncService$1.run(NBSyncService.java:188)
08-05 19:17:25.313 29587 31482 E baseline.com.newsblur.network.APIResponse: 	at java.util.concurrent.ThreadPoolExecutor.runWorker(ThreadPoolExecutor.java:1113)
08-05 19:17:25.313 29587 31482 E baseline.com.newsblur.network.APIResponse: 	at java.util.concurrent.ThreadPoolExecutor$Worker.run(ThreadPoolExecutor.java:588)
08-05 19:17:25.313 29587 31482 E baseline.com.newsblur.network.APIResponse: 	at java.lang.Thread.run(Thread.java:818)
08-05 19:17:25.313 29587 31482 E baseline.com.newsblur.network.APIResponse: Caused by: java.io.EOFException: \n not found: limit=0 content=
08-05 19:17:25.313 29587 31482 E baseline.com.newsblur.network.APIResponse: 	at okio.RealBufferedSource.readUtf8LineStrict(RealBufferedSource.java:240)
08-05 19:17:25.313 29587 31482 E baseline.com.newsblur.network.APIResponse: 	at okhttp3.internal.http1.Http1ExchangeCodec.readHeaderLine(Http1ExchangeCodec.java:242)
08-05 19:17:25.313 29587 31482 E baseline.com.newsblur.network.APIResponse: 	at okhttp3.internal.http1.Http1ExchangeCodec.readResponseHeaders(Http1ExchangeCodec.java:213)
08-05 19:17:25.313 29587 31482 E baseline.com.newsblur.network.APIResponse: 	... 30 more
08-05 19:17:25.314 29587 31482 I baseline.com.newsblur.network.APIManager: API call failed, pausing before retry number 1
08-05 19:17:25.315 29587 29808 I art     : Explicit concurrent mark sweep GC freed 3167(179KB) AllocSpace objects, 2(48KB) LOS objects, 27% free, 42MB/58MB, paused 2.554ms total 62.368ms
08-05 19:17:25.331 29587 29808 I art     : Starting a blocking GC Explicit
08-05 19:17:25.395 29587 29808 I art     : Explicit concurrent mark sweep GC freed 1913(272KB) AllocSpace objects, 12(276KB) LOS objects, 27% free, 42MB/58MB, paused 1.606ms total 63.850ms
08-05 19:17:25.410 29587 29808 I art     : Starting a blocking GC Explicit
08-05 19:17:25.476 29587 29808 I art     : Explicit concurrent mark sweep GC freed 1079(92KB) AllocSpace objects, 0(0B) LOS objects, 27% free, 42MB/58MB, paused 1.522ms total 65.431ms
08-05 19:17:25.518   512  2967 D audio_hw_primary: disable_audio_route: reset and update mixer path: low-latency-playback speaker
08-05 19:17:25.519   512  2967 D audio_hw_primary: disable_snd_device: snd_device(2: speaker)
08-05 19:17:25.523 29587 30144 E chromium: [ERROR:tile_manager.cc(793)] WARNING: tile memory limits exceeded, some content may not draw
08-05 19:17:25.524 29587 30144 E chromium: [ERROR:tile_manager.cc(793)] WARNING: tile memory limits exceeded, some content may not draw
08-05 19:17:25.527   512  2967 I soundtrigger: audio_extn_sound_trigger_update_device_status: device 0x2 of type 0 for Event 0
08-05 19:17:25.858 29587 29808 I art     : Starting a blocking GC Explicit
08-05 19:17:25.927 29587 29808 I art     : Explicit concurrent mark sweep GC freed 2170(128KB) AllocSpace objects, 3(68KB) LOS objects, 27% free, 42MB/58MB, paused 1.549ms total 68.737ms
08-05 19:17:25.948 29587 29808 I art     : Starting a blocking GC Explicit
08-05 19:17:26.004 29587 29808 I art     : Explicit concurrent mark sweep GC freed 4969(375KB) AllocSpace objects, 1(20KB) LOS objects, 27% free, 42MB/58MB, paused 1.504ms total 56.548ms
08-05 19:17:26.019 29587 29808 I art     : Starting a blocking GC Explicit
08-05 19:17:26.079 29587 29808 I art     : Explicit concurrent mark sweep GC freed 5(144B) AllocSpace objects, 0(0B) LOS objects, 27% free, 42MB/58MB, paused 1.512ms total 60.205ms
08-05 19:17:26.094 29587 29808 I art     : Starting a blocking GC Explicit
08-05 19:17:26.156 29587 29808 I art     : Explicit concurrent mark sweep GC freed 418(21KB) AllocSpace objects, 0(0B) LOS objects, 27% free, 42MB/58MB, paused 1.617ms total 61.525ms
08-05 19:17:26.156 29587 29597 I art     : WaitForGcToComplete blocked for 39.759ms for cause HeapTrim
08-05 19:17:26.171 29587 29808 I art     : Starting a blocking GC Explicit
08-05 19:17:26.232 29587 29808 I art     : Explicit concurrent mark sweep GC freed 371(29KB) AllocSpace objects, 0(0B) LOS objects, 27% free, 42MB/58MB, paused 1.592ms total 60.760ms
08-05 19:17:26.557   518   646 I ThermalEngine: ACTION: GPU - Setting GPU[0] to 390000000
08-05 19:17:26.666 29587 30376 I art     : Starting a blocking GC Explicit
08-05 19:17:26.754 29587 30376 I art     : Explicit concurrent mark sweep GC freed 3747(191KB) AllocSpace objects, 1(20KB) LOS objects, 27% free, 42MB/58MB, paused 2.199ms total 86.854ms
08-05 19:17:26.781 29587 30376 I art     : Starting a blocking GC Explicit
08-05 19:17:26.861 29587 30376 I art     : Explicit concurrent mark sweep GC freed 402(28KB) AllocSpace objects, 0(0B) LOS objects, 27% free, 42MB/58MB, paused 2.278ms total 79.477ms
08-05 19:17:26.882 29587 30376 I art     : Starting a blocking GC Explicit
08-05 19:17:26.958 29587 30376 I art     : Explicit concurrent mark sweep GC freed 74(4KB) AllocSpace objects, 0(0B) LOS objects, 27% free, 42MB/58MB, paused 2.326ms total 75.824ms
08-05 19:17:26.981 29587 30376 I art     : Starting a blocking GC Explicit
08-05 19:17:27.059 29587 30376 I art     : Explicit concurrent mark sweep GC freed 264(13KB) AllocSpace objects, 0(0B) LOS objects, 27% free, 42MB/58MB, paused 2.583ms total 77.534ms
08-05 19:17:27.082 29587 30376 I art     : Starting a blocking GC Explicit
08-05 19:17:27.160 29587 30376 I art     : Explicit concurrent mark sweep GC freed 32(1744B) AllocSpace objects, 0(0B) LOS objects, 27% free, 42MB/58MB, paused 2.542ms total 77.208ms
08-05 19:17:27.370 29587 31482 E baseline.com.newsblur.network.APIResponse: Error (unexpected end of stream on https://www.newsblur.com/...) calling https://www.newsblur.com/reader/mark_story_hashes_as_read/
08-05 19:17:27.370 29587 31482 E baseline.com.newsblur.network.APIResponse: java.io.IOException: unexpected end of stream on https://www.newsblur.com/...
08-05 19:17:27.370 29587 31482 E baseline.com.newsblur.network.APIResponse: 	at okhttp3.internal.http1.Http1ExchangeCodec.readResponseHeaders(Http1ExchangeCodec.java:236)
08-05 19:17:27.370 29587 31482 E baseline.com.newsblur.network.APIResponse: 	at okhttp3.internal.connection.Exchange.readResponseHeaders(Exchange.java:115)
08-05 19:17:27.370 29587 31482 E baseline.com.newsblur.network.APIResponse: 	at okhttp3.internal.http.CallServerInterceptor.intercept(CallServerInterceptor.java:94)
08-05 19:17:27.370 29587 31482 E baseline.com.newsblur.network.APIResponse: 	at okhttp3.internal.http.RealInterceptorChain.proceed(RealInterceptorChain.java:142)
08-05 19:17:27.370 29587 31482 E baseline.com.newsblur.network.APIResponse: 	at okhttp3.internal.connection.ConnectInterceptor.intercept(ConnectInterceptor.java:43)
08-05 19:17:27.370 29587 31482 E baseline.com.newsblur.network.APIResponse: 	at okhttp3.internal.http.RealInterceptorChain.proceed(RealInterceptorChain.java:142)
08-05 19:17:27.370 29587 31482 E baseline.com.newsblur.network.APIResponse: 	at okhttp3.internal.http.RealInterceptorChain.proceed(RealInterceptorChain.java:117)
08-05 19:17:27.370 29587 31482 E baseline.com.newsblur.network.APIResponse: 	at okhttp3.internal.cache.CacheInterceptor.intercept(CacheInterceptor.java:94)
08-05 19:17:27.370 29587 31482 E baseline.com.newsblur.network.APIResponse: 	at okhttp3.internal.http.RealInterceptorChain.proceed(RealInterceptorChain.java:142)
08-05 19:17:27.370 29587 31482 E baseline.com.newsblur.network.APIResponse: 	at okhttp3.internal.http.RealInterceptorChain.proceed(RealInterceptorChain.java:117)
08-05 19:17:27.370 29587 31482 E baseline.com.newsblur.network.APIResponse: 	at okhttp3.internal.http.BridgeInterceptor.intercept(BridgeInterceptor.java:93)
08-05 19:17:27.370 29587 31482 E baseline.com.newsblur.network.APIResponse: 	at okhttp3.internal.http.RealInterceptorChain.proceed(RealInterceptorChain.java:142)
08-05 19:17:27.370 29587 31482 E baseline.com.newsblur.network.APIResponse: 	at okhttp3.internal.http.RetryAndFollowUpInterceptor.intercept(RetryAndFollowUpInterceptor.java:88)
08-05 19:17:27.370 29587 31482 E baseline.com.newsblur.network.APIResponse: 	at okhttp3.internal.http.RealInterceptorChain.proceed(RealInterceptorChain.java:142)
08-05 19:17:27.370 29587 31482 E baseline.com.newsblur.network.APIResponse: 	at okhttp3.internal.http.RealInterceptorChain.proceed(RealInterceptorChain.java:117)
08-05 19:17:27.370 29587 31482 E baseline.com.newsblur.network.APIResponse: 	at okhttp3.RealCall.getResponseWithInterceptorChain(RealCall.java:229)
08-05 19:17:27.370 29587 31482 E baseline.com.newsblur.network.APIResponse: 	at okhttp3.RealCall.execute(RealCall.java:81)
08-05 19:17:27.370 29587 31482 E baseline.com.newsblur.network.APIResponse: 	at baseline.com.newsblur.network.APIResponse.<init>(APIResponse.java:57)
08-05 19:17:27.370 29587 31482 E baseline.com.newsblur.network.APIResponse: 	at baseline.com.newsblur.network.APIResponse.<init>(APIResponse.java:43)
08-05 19:17:27.370 29587 31482 E baseline.com.newsblur.network.APIResponse: 	at baseline.com.newsblur.network.APIManager.post_single(APIManager.java:702)
08-05 19:17:27.370 29587 31482 E baseline.com.newsblur.network.APIResponse: 	at baseline.com.newsblur.network.APIManager.post(APIManager.java:675)
08-05 19:17:27.370 29587 31482 E baseline.com.newsblur.network.APIResponse: 	at baseline.com.newsblur.network.APIManager.post(APIManager.java:714)
08-05 19:17:27.370 29587 31482 E baseline.com.newsblur.network.APIResponse: 	at baseline.com.newsblur.network.APIManager.markStoryAsRead(APIManager.java:205)
08-05 19:17:27.370 29587 31482 E baseline.com.newsblur.network.APIResponse: 	at baseline.com.newsblur.util.ReadingAction.doRemote(ReadingAction.java:281)
08-05 19:17:27.370 29587 31482 E baseline.com.newsblur.network.APIResponse: 	at baseline.com.newsblur.service.NBSyncService.syncActions(NBSyncService.java:400)
08-05 19:17:27.370 29587 31482 E baseline.com.newsblur.network.APIResponse: 	at baseline.com.newsblur.service.NBSyncService.doSync(NBSyncService.java:298)
08-05 19:17:27.370 29587 31482 E baseline.com.newsblur.network.APIResponse: 	at baseline.com.newsblur.service.NBSyncService.access$100(NBSyncService.java:67)
08-05 19:17:27.370 29587 31482 E baseline.com.newsblur.network.APIResponse: 	at baseline.com.newsblur.service.NBSyncService$1.run(NBSyncService.java:188)
08-05 19:17:27.370 29587 31482 E baseline.com.newsblur.network.APIResponse: 	at java.util.concurrent.ThreadPoolExecutor.runWorker(ThreadPoolExecutor.java:1113)
08-05 19:17:27.370 29587 31482 E baseline.com.newsblur.network.APIResponse: 	at java.util.concurrent.ThreadPoolExecutor$Worker.run(ThreadPoolExecutor.java:588)
08-05 19:17:27.370 29587 31482 E baseline.com.newsblur.network.APIResponse: 	at java.lang.Thread.run(Thread.java:818)
08-05 19:17:27.370 29587 31482 E baseline.com.newsblur.network.APIResponse: Caused by: java.io.EOFException: \n not found: limit=0 content=
08-05 19:17:27.370 29587 31482 E baseline.com.newsblur.network.APIResponse: 	at okio.RealBufferedSource.readUtf8LineStrict(RealBufferedSource.java:240)
08-05 19:17:27.370 29587 31482 E baseline.com.newsblur.network.APIResponse: 	at okhttp3.internal.http1.Http1ExchangeCodec.readHeaderLine(Http1ExchangeCodec.java:242)
08-05 19:17:27.370 29587 31482 E baseline.com.newsblur.network.APIResponse: 	at okhttp3.internal.http1.Http1ExchangeCodec.readResponseHeaders(Http1ExchangeCodec.java:213)
08-05 19:17:27.370 29587 31482 E baseline.com.newsblur.network.APIResponse: 	... 30 more
08-05 19:17:27.372 29587 31482 I baseline.com.newsblur.network.APIManager: API call failed, pausing before retry number 2
08-05 19:17:27.590 29587 29599 I art     : Starting a blocking GC Explicit
08-05 19:17:27.672 29587 29599 I art     : Explicit concurrent mark sweep GC freed 3991(359KB) AllocSpace objects, 3(60KB) LOS objects, 27% free, 42MB/58MB, paused 2.295ms total 81.392ms
08-05 19:17:27.697 29587 29599 I art     : Starting a blocking GC Explicit
08-05 19:17:27.769 29587 29599 I art     : Explicit concurrent mark sweep GC freed 109(3KB) AllocSpace objects, 0(0B) LOS objects, 27% free, 42MB/58MB, paused 2.147ms total 71.644ms
08-05 19:17:27.791 29587 29599 I art     : Starting a blocking GC Explicit
08-05 19:17:27.865 29587 29599 I art     : Explicit concurrent mark sweep GC freed 3(96B) AllocSpace objects, 0(0B) LOS objects, 27% free, 42MB/58MB, paused 2.219ms total 73.887ms
08-05 19:17:27.887 29587 29599 I art     : Starting a blocking GC Explicit
08-05 19:17:27.963 29587 29599 I art     : Explicit concurrent mark sweep GC freed 3(96B) AllocSpace objects, 0(0B) LOS objects, 27% free, 42MB/58MB, paused 2.323ms total 75.365ms
08-05 19:17:27.985 29587 29599 I art     : Starting a blocking GC Explicit
08-05 19:17:28.062 29587 29599 I art     : Explicit concurrent mark sweep GC freed 3(96B) AllocSpace objects, 0(0B) LOS objects, 27% free, 42MB/58MB, paused 2.299ms total 76.145ms
08-05 19:17:28.515 29587 29598 I art     : Starting a blocking GC Explicit
08-05 19:17:28.594 29587 29598 I art     : Explicit concurrent mark sweep GC freed 1446(83KB) AllocSpace objects, 1(20KB) LOS objects, 27% free, 42MB/58MB, paused 2.415ms total 78.196ms
08-05 19:17:28.618 29587 29598 I art     : Starting a blocking GC Explicit
08-05 19:17:28.696 29587 29598 I art     : Explicit concurrent mark sweep GC freed 22(784B) AllocSpace objects, 0(0B) LOS objects, 27% free, 42MB/58MB, paused 2.521ms total 77.890ms
08-05 19:17:28.721 29587 29598 I art     : Starting a blocking GC Explicit
08-05 19:17:28.793 29587 29598 I art     : Explicit concurrent mark sweep GC freed 3(96B) AllocSpace objects, 0(0B) LOS objects, 27% free, 42MB/58MB, paused 2.101ms total 71.932ms
08-05 19:17:28.816 29587 29598 I art     : Starting a blocking GC Explicit
08-05 19:17:28.889 29587 29598 I art     : Explicit concurrent mark sweep GC freed 3(96B) AllocSpace objects, 0(0B) LOS objects, 27% free, 42MB/58MB, paused 2.197ms total 73.466ms
08-05 19:17:28.912 29587 29598 I art     : Starting a blocking GC Explicit
08-05 19:17:28.987 29587 29598 I art     : Explicit concurrent mark sweep GC freed 3(96B) AllocSpace objects, 0(0B) LOS objects, 27% free, 42MB/58MB, paused 2.121ms total 75.317ms
08-05 19:17:29.425 29587 29808 I art     : Starting a blocking GC Explicit
08-05 19:17:29.501 29587 29808 I art     : Explicit concurrent mark sweep GC freed 1445(83KB) AllocSpace objects, 1(20KB) LOS objects, 27% free, 42MB/58MB, paused 2.449ms total 75.279ms
08-05 19:17:29.523 29587 29808 I art     : Starting a blocking GC Explicit
08-05 19:17:29.559   518   646 I ThermalEngine: ACTION: GPU - Setting GPU[0] to 450000000
08-05 19:17:29.592 29587 29808 I art     : Explicit concurrent mark sweep GC freed 22(784B) AllocSpace objects, 0(0B) LOS objects, 27% free, 42MB/58MB, paused 1.558ms total 68.766ms
08-05 19:17:29.607 29587 29808 I art     : Starting a blocking GC Explicit
08-05 19:17:29.668 29587 29808 I art     : Explicit concurrent mark sweep GC freed 3(96B) AllocSpace objects, 0(0B) LOS objects, 27% free, 42MB/58MB, paused 1.628ms total 61.371ms
08-05 19:17:29.683 29587 29808 I art     : Starting a blocking GC Explicit
08-05 19:17:29.745 29587 29808 I art     : Explicit concurrent mark sweep GC freed 3(96B) AllocSpace objects, 0(0B) LOS objects, 27% free, 42MB/58MB, paused 1.543ms total 61.056ms
08-05 19:17:29.760 29587 29808 I art     : Starting a blocking GC Explicit
08-05 19:17:29.774 31707 31707 D AndroidRuntime: >>>>>> START com.android.internal.os.RuntimeInit uid 2000 <<<<<<
08-05 19:17:29.780 31707 31707 D AndroidRuntime: CheckJNI is OFF
08-05 19:17:29.824 31707 31707 D ICU     : No timezone override file found: /data/misc/zoneinfo/current/icu/icu_tzdata.dat
08-05 19:17:29.825 29587 29808 I art     : Explicit concurrent mark sweep GC freed 3(96B) AllocSpace objects, 0(0B) LOS objects, 27% free, 42MB/58MB, paused 1.669ms total 64.362ms
08-05 19:17:29.870 31707 31707 I Radio-JNI: register_android_hardware_Radio DONE
08-05 19:17:29.900 31707 31707 D AndroidRuntime: Calling main entry com.android.commands.input.Input
08-05 19:17:29.902 31707 31707 I Input   : injectKeyEvent: KeyEvent { action=ACTION_DOWN, keyCode=KEYCODE_BACK, scanCode=0, metaState=0, flags=0x0, repeatCount=0, eventTime=818266315, downTime=818266315, deviceId=-1, source=0x101 }
08-05 19:17:29.908 31707 31707 I Input   : injectKeyEvent: KeyEvent { action=ACTION_UP, keyCode=KEYCODE_BACK, scanCode=0, metaState=0, flags=0x0, repeatCount=0, eventTime=818266315, downTime=818266315, deviceId=-1, source=0x101 }
08-05 19:17:29.915 31707 31707 D AndroidRuntime: Shutting down VM
08-05 19:17:29.924 29587 29587 D baseline.com.newsblur.service.NBSyncService: rejecting request for feedset that is exhaused
08-05 19:17:30.110 29587 29587 D baseline.com.newsblur.service.NBSyncService: rejecting request for feedset that is exhaused
08-05 19:17:30.123   918  3261 D WifiStateMachine: starting scan for "H369AA63323"WPA_PSK with 2412,5180
08-05 19:17:30.170 13866 13866 I GoogleInputMethodServic: GoogleInputMethodService.onFinishInput():3138 
08-05 19:17:30.171 13866 13866 I GoogleInputMethodServic: GoogleInputMethodService.onStartInput():1808 
08-05 19:17:30.191 29587 30376 I art     : Starting a blocking GC Explicit
08-05 19:17:30.249 29587 30376 I art     : Explicit concurrent mark sweep GC freed 3146(249KB) AllocSpace objects, 6(128KB) LOS objects, 27% free, 42MB/58MB, paused 1.641ms total 57.311ms
08-05 19:17:30.264 29587 30376 I art     : Starting a blocking GC Explicit
08-05 19:17:30.333 29587 30376 I art     : Explicit concurrent mark sweep GC freed 173(8KB) AllocSpace objects, 0(0B) LOS objects, 27% free, 42MB/58MB, paused 1.860ms total 69.099ms
08-05 19:17:30.352 29587 30376 I art     : Starting a blocking GC Explicit
08-05 19:17:30.422 29587 30376 I art     : Explicit concurrent mark sweep GC freed 94(3KB) AllocSpace objects, 0(0B) LOS objects, 27% free, 42MB/58MB, paused 2.674ms total 69.599ms
08-05 19:17:30.439 29587 30376 I art     : Starting a blocking GC Explicit
08-05 19:17:30.501 29587 30376 I art     : Explicit concurrent mark sweep GC freed 1228(56KB) AllocSpace objects, 0(0B) LOS objects, 27% free, 42MB/58MB, paused 1.575ms total 61.435ms
08-05 19:17:30.515 29587 30376 I art     : Starting a blocking GC Explicit
08-05 19:17:30.573 29587 30376 I art     : Explicit concurrent mark sweep GC freed 95(8KB) AllocSpace objects, 0(0B) LOS objects, 27% free, 42MB/58MB, paused 1.548ms total 57.536ms
08-05 19:17:30.949 29587 31482 E baseline.com.newsblur.network.APIResponse: Error (unexpected end of stream on https://www.newsblur.com/...) calling https://www.newsblur.com/reader/mark_story_hashes_as_read/
08-05 19:17:30.949 29587 31482 E baseline.com.newsblur.network.APIResponse: java.io.IOException: unexpected end of stream on https://www.newsblur.com/...
08-05 19:17:30.949 29587 31482 E baseline.com.newsblur.network.APIResponse: 	at okhttp3.internal.http1.Http1ExchangeCodec.readResponseHeaders(Http1ExchangeCodec.java:236)
08-05 19:17:30.949 29587 31482 E baseline.com.newsblur.network.APIResponse: 	at okhttp3.internal.connection.Exchange.readResponseHeaders(Exchange.java:115)
08-05 19:17:30.949 29587 31482 E baseline.com.newsblur.network.APIResponse: 	at okhttp3.internal.http.CallServerInterceptor.intercept(CallServerInterceptor.java:94)
08-05 19:17:30.949 29587 31482 E baseline.com.newsblur.network.APIResponse: 	at okhttp3.internal.http.RealInterceptorChain.proceed(RealInterceptorChain.java:142)
08-05 19:17:30.949 29587 31482 E baseline.com.newsblur.network.APIResponse: 	at okhttp3.internal.connection.ConnectInterceptor.intercept(ConnectInterceptor.java:43)
08-05 19:17:30.949 29587 31482 E baseline.com.newsblur.network.APIResponse: 	at okhttp3.internal.http.RealInterceptorChain.proceed(RealInterceptorChain.java:142)
08-05 19:17:30.949 29587 31482 E baseline.com.newsblur.network.APIResponse: 	at okhttp3.internal.http.RealInterceptorChain.proceed(RealInterceptorChain.java:117)
08-05 19:17:30.949 29587 31482 E baseline.com.newsblur.network.APIResponse: 	at okhttp3.internal.cache.CacheInterceptor.intercept(CacheInterceptor.java:94)
08-05 19:17:30.949 29587 31482 E baseline.com.newsblur.network.APIResponse: 	at okhttp3.internal.http.RealInterceptorChain.proceed(RealInterceptorChain.java:142)
08-05 19:17:30.949 29587 31482 E baseline.com.newsblur.network.APIResponse: 	at okhttp3.internal.http.RealInterceptorChain.proceed(RealInterceptorChain.java:117)
08-05 19:17:30.949 29587 31482 E baseline.com.newsblur.network.APIResponse: 	at okhttp3.internal.http.BridgeInterceptor.intercept(BridgeInterceptor.java:93)
08-05 19:17:30.949 29587 31482 E baseline.com.newsblur.network.APIResponse: 	at okhttp3.internal.http.RealInterceptorChain.proceed(RealInterceptorChain.java:142)
08-05 19:17:30.949 29587 31482 E baseline.com.newsblur.network.APIResponse: 	at okhttp3.internal.http.RetryAndFollowUpInterceptor.intercept(RetryAndFollowUpInterceptor.java:88)
08-05 19:17:30.949 29587 31482 E baseline.com.newsblur.network.APIResponse: 	at okhttp3.internal.http.RealInterceptorChain.proceed(RealInterceptorChain.java:142)
08-05 19:17:30.949 29587 31482 E baseline.com.newsblur.network.APIResponse: 	at okhttp3.internal.http.RealInterceptorChain.proceed(RealInterceptorChain.java:117)
08-05 19:17:30.949 29587 31482 E baseline.com.newsblur.network.APIResponse: 	at okhttp3.RealCall.getResponseWithInterceptorChain(RealCall.java:229)
08-05 19:17:30.949 29587 31482 E baseline.com.newsblur.network.APIResponse: 	at okhttp3.RealCall.execute(RealCall.java:81)
08-05 19:17:30.949 29587 31482 E baseline.com.newsblur.network.APIResponse: 	at baseline.com.newsblur.network.APIResponse.<init>(APIResponse.java:57)
08-05 19:17:30.949 29587 31482 E baseline.com.newsblur.network.APIResponse: 	at baseline.com.newsblur.network.APIResponse.<init>(APIResponse.java:43)
08-05 19:17:30.949 29587 31482 E baseline.com.newsblur.network.APIResponse: 	at baseline.com.newsblur.network.APIManager.post_single(APIManager.java:702)
08-05 19:17:30.949 29587 31482 E baseline.com.newsblur.network.APIResponse: 	at baseline.com.newsblur.network.APIManager.post(APIManager.java:675)
08-05 19:17:30.949 29587 31482 E baseline.com.newsblur.network.APIResponse: 	at baseline.com.newsblur.network.APIManager.post(APIManager.java:714)
08-05 19:17:30.949 29587 31482 E baseline.com.newsblur.network.APIResponse: 	at baseline.com.newsblur.network.APIManager.markStoryAsRead(APIManager.java:205)
08-05 19:17:30.949 29587 31482 E baseline.com.newsblur.network.APIResponse: 	at baseline.com.newsblur.util.ReadingAction.doRemote(ReadingAction.java:281)
08-05 19:17:30.949 29587 31482 E baseline.com.newsblur.network.APIResponse: 	at baseline.com.newsblur.service.NBSyncService.syncActions(NBSyncService.java:400)
08-05 19:17:30.949 29587 31482 E baseline.com.newsblur.network.APIResponse: 	at baseline.com.newsblur.service.NBSyncService.doSync(NBSyncService.java:298)
08-05 19:17:30.949 29587 31482 E baseline.com.newsblur.network.APIResponse: 	at baseline.com.newsblur.service.NBSyncService.access$100(NBSyncService.java:67)
08-05 19:17:30.949 29587 31482 E baseline.com.newsblur.network.APIResponse: 	at baseline.com.newsblur.service.NBSyncService$1.run(NBSyncService.java:188)
08-05 19:17:30.949 29587 31482 E baseline.com.newsblur.network.APIResponse: 	at java.util.concurrent.ThreadPoolExecutor.runWorker(ThreadPoolExecutor.java:1113)
08-05 19:17:30.949 29587 31482 E baseline.com.newsblur.network.APIResponse: 	at java.util.concurrent.ThreadPoolExecutor$Worker.run(ThreadPoolExecutor.java:588)
08-05 19:17:30.949 29587 31482 E baseline.com.newsblur.network.APIResponse: 	at java.lang.Thread.run(Thread.java:818)
08-05 19:17:30.949 29587 31482 E baseline.com.newsblur.network.APIResponse: Caused by: java.io.EOFException: \n not found: limit=0 content=
08-05 19:17:30.949 29587 31482 E baseline.com.newsblur.network.APIResponse: 	at okio.RealBufferedSource.readUtf8LineStrict(RealBufferedSource.java:240)
08-05 19:17:30.949 29587 31482 E baseline.com.newsblur.network.APIResponse: 	at okhttp3.internal.http1.Http1ExchangeCodec.readHeaderLine(Http1ExchangeCodec.java:242)
08-05 19:17:30.949 29587 31482 E baseline.com.newsblur.network.APIResponse: 	at okhttp3.internal.http1.Http1ExchangeCodec.readResponseHeaders(Http1ExchangeCodec.java:213)
08-05 19:17:30.949 29587 31482 E baseline.com.newsblur.network.APIResponse: 	... 30 more
08-05 19:17:30.951 29587 31482 I baseline.com.newsblur.service.NBSyncService: Holding reading action with server-side or network error.
08-05 19:17:30.961 29587 31482 W baseline.com.newsblur.service.NBSyncService: hard API failure
08-05 19:17:30.963 29587 29599 I art     : Starting a blocking GC Explicit
08-05 19:17:30.968 29587 31482 I baseline.com.newsblur.service.NBSyncService: recounting dirty feed sets: 1
08-05 19:17:31.038 29587 29599 I art     : Explicit concurrent mark sweep GC freed 4972(444KB) AllocSpace objects, 5(100KB) LOS objects, 27% free, 42MB/58MB, paused 1.716ms total 73.959ms
08-05 19:17:31.053 29587 29599 I art     : Starting a blocking GC Explicit
08-05 19:17:31.123 29587 29599 I art     : Explicit concurrent mark sweep GC freed 288(11KB) AllocSpace objects, 1(20KB) LOS objects, 27% free, 42MB/58MB, paused 2.189ms total 69.146ms
08-05 19:17:31.139 29587 29599 I art     : Starting a blocking GC Explicit
08-05 19:17:31.202 29587 29599 I art     : Explicit concurrent mark sweep GC freed 16(512B) AllocSpace objects, 0(0B) LOS objects, 27% free, 42MB/58MB, paused 1.822ms total 62.800ms
08-05 19:17:31.218 29587 29599 I art     : Starting a blocking GC Explicit
08-05 19:17:31.281 29587 29599 I art     : Explicit concurrent mark sweep GC freed 11(352B) AllocSpace objects, 0(0B) LOS objects, 27% free, 42MB/58MB, paused 1.638ms total 63.419ms
08-05 19:17:31.282 29587 29597 I art     : WaitForGcToComplete blocked for 49.469ms for cause HeapTrim
08-05 19:17:31.298 29587 29599 I art     : Starting a blocking GC Explicit
08-05 19:17:31.362 29587 29599 I art     : Explicit concurrent mark sweep GC freed 13(416B) AllocSpace objects, 0(0B) LOS objects, 27% free, 42MB/58MB, paused 1.510ms total 63.908ms
08-05 19:17:31.448 29587 31482 E baseline.com.newsblur.network.APIResponse: Error (unexpected end of stream on https://www.newsblur.com/...) calling https://www.newsblur.com/reader/feed_unread_count?feed_id=0
08-05 19:17:31.448 29587 31482 E baseline.com.newsblur.network.APIResponse: java.io.IOException: unexpected end of stream on https://www.newsblur.com/...
08-05 19:17:31.448 29587 31482 E baseline.com.newsblur.network.APIResponse: 	at okhttp3.internal.http1.Http1ExchangeCodec.readResponseHeaders(Http1ExchangeCodec.java:236)
08-05 19:17:31.448 29587 31482 E baseline.com.newsblur.network.APIResponse: 	at okhttp3.internal.connection.Exchange.readResponseHeaders(Exchange.java:115)
08-05 19:17:31.448 29587 31482 E baseline.com.newsblur.network.APIResponse: 	at okhttp3.internal.http.CallServerInterceptor.intercept(CallServerInterceptor.java:94)
08-05 19:17:31.448 29587 31482 E baseline.com.newsblur.network.APIResponse: 	at okhttp3.internal.http.RealInterceptorChain.proceed(RealInterceptorChain.java:142)
08-05 19:17:31.448 29587 31482 E baseline.com.newsblur.network.APIResponse: 	at okhttp3.internal.connection.ConnectInterceptor.intercept(ConnectInterceptor.java:43)
08-05 19:17:31.448 29587 31482 E baseline.com.newsblur.network.APIResponse: 	at okhttp3.internal.http.RealInterceptorChain.proceed(RealInterceptorChain.java:142)
08-05 19:17:31.448 29587 31482 E baseline.com.newsblur.network.APIResponse: 	at okhttp3.internal.http.RealInterceptorChain.proceed(RealInterceptorChain.java:117)
08-05 19:17:31.448 29587 31482 E baseline.com.newsblur.network.APIResponse: 	at okhttp3.internal.cache.CacheInterceptor.intercept(CacheInterceptor.java:94)
08-05 19:17:31.448 29587 31482 E baseline.com.newsblur.network.APIResponse: 	at okhttp3.internal.http.RealInterceptorChain.proceed(RealInterceptorChain.java:142)
08-05 19:17:31.448 29587 31482 E baseline.com.newsblur.network.APIResponse: 	at okhttp3.internal.http.RealInterceptorChain.proceed(RealInterceptorChain.java:117)
08-05 19:17:31.448 29587 31482 E baseline.com.newsblur.network.APIResponse: 	at okhttp3.internal.http.BridgeInterceptor.intercept(BridgeInterceptor.java:93)
08-05 19:17:31.448 29587 31482 E baseline.com.newsblur.network.APIResponse: 	at okhttp3.internal.http.RealInterceptorChain.proceed(RealInterceptorChain.java:142)
08-05 19:17:31.448 29587 31482 E baseline.com.newsblur.network.APIResponse: 	at okhttp3.internal.http.RetryAndFollowUpInterceptor.intercept(RetryAndFollowUpInterceptor.java:88)
08-05 19:17:31.448 29587 31482 E baseline.com.newsblur.network.APIResponse: 	at okhttp3.internal.http.RealInterceptorChain.proceed(RealInterceptorChain.java:142)
08-05 19:17:31.448 29587 31482 E baseline.com.newsblur.network.APIResponse: 	at okhttp3.internal.http.RealInterceptorChain.proceed(RealInterceptorChain.java:117)
08-05 19:17:31.448 29587 31482 E baseline.com.newsblur.network.APIResponse: 	at okhttp3.RealCall.getResponseWithInterceptorChain(RealCall.java:229)
08-05 19:17:31.448 29587 31482 E baseline.com.newsblur.network.APIResponse: 	at okhttp3.RealCall.execute(RealCall.java:81)
08-05 19:17:31.448 29587 31482 E baseline.com.newsblur.network.APIResponse: 	at baseline.com.newsblur.network.APIResponse.<init>(APIResponse.java:57)
08-05 19:17:31.448 29587 31482 E baseline.com.newsblur.network.APIResponse: 	at baseline.com.newsblur.network.APIManager.get_single(APIManager.java:639)
08-05 19:17:31.448 29587 31482 E baseline.com.newsblur.network.APIResponse: 	at baseline.com.newsblur.network.APIManager.get(APIManager.java:625)
08-05 19:17:31.448 29587 31482 E baseline.com.newsblur.network.APIResponse: 	at baseline.com.newsblur.network.APIManager.get(APIManager.java:667)
08-05 19:17:31.448 29587 31482 E baseline.com.newsblur.network.APIResponse: 	at baseline.com.newsblur.network.APIManager.getFeedUnreadCounts(APIManager.java:274)
08-05 19:17:31.448 29587 31482 E baseline.com.newsblur.network.APIResponse: 	at baseline.com.newsblur.service.NBSyncService.checkRecounts(NBSyncService.java:660)
08-05 19:17:31.448 29587 31482 E baseline.com.newsblur.network.APIResponse: 	at baseline.com.newsblur.service.NBSyncService.doSync(NBSyncService.java:310)
08-05 19:17:31.448 29587 31482 E baseline.com.newsblur.network.APIResponse: 	at baseline.com.newsblur.service.NBSyncService.access$100(NBSyncService.java:67)
08-05 19:17:31.448 29587 31482 E baseline.com.newsblur.network.APIResponse: 	at baseline.com.newsblur.service.NBSyncService$1.run(NBSyncService.java:188)
08-05 19:17:31.448 29587 31482 E baseline.com.newsblur.network.APIResponse: 	at java.util.concurrent.ThreadPoolExecutor.runWorker(ThreadPoolExecutor.java:1113)
08-05 19:17:31.448 29587 31482 E baseline.com.newsblur.network.APIResponse: 	at java.util.concurrent.ThreadPoolExecutor$Worker.run(ThreadPoolExecutor.java:588)
08-05 19:17:31.448 29587 31482 E baseline.com.newsblur.network.APIResponse: 	at java.lang.Thread.run(Thread.java:818)
08-05 19:17:31.448 29587 31482 E baseline.com.newsblur.network.APIResponse: Caused by: java.io.EOFException: \n not found: limit=0 content=
08-05 19:17:31.448 29587 31482 E baseline.com.newsblur.network.APIResponse: 	at okio.RealBufferedSource.readUtf8LineStrict(RealBufferedSource.java:240)
08-05 19:17:31.448 29587 31482 E baseline.com.newsblur.network.APIResponse: 	at okhttp3.internal.http1.Http1ExchangeCodec.readHeaderLine(Http1ExchangeCodec.java:242)
08-05 19:17:31.448 29587 31482 E baseline.com.newsblur.network.APIResponse: 	at okhttp3.internal.http1.Http1ExchangeCodec.readResponseHeaders(Http1ExchangeCodec.java:213)
08-05 19:17:31.448 29587 31482 E baseline.com.newsblur.network.APIResponse: 	... 28 more
08-05 19:17:31.449 29587 31482 I baseline.com.newsblur.network.APIManager: API call failed, pausing before retry number 1
08-05 19:17:31.566   518   646 I ThermalEngine: ACTION: GPU - Setting GPU[0] to 390000000
08-05 19:17:31.733 31757 31757 D AndroidRuntime: >>>>>> START com.android.internal.os.RuntimeInit uid 2000 <<<<<<
08-05 19:17:31.740 31757 31757 D AndroidRuntime: CheckJNI is OFF
08-05 19:17:31.791 29587 29808 I art     : Starting a blocking GC Explicit
08-05 19:17:31.794 31757 31757 D ICU     : No timezone override file found: /data/misc/zoneinfo/current/icu/icu_tzdata.dat
08-05 19:17:31.840 31757 31757 I Radio-JNI: register_android_hardware_Radio DONE
08-05 19:17:31.870 29587 29808 I art     : Explicit concurrent mark sweep GC freed 3955(356KB) AllocSpace objects, 3(60KB) LOS objects, 27% free, 42MB/58MB, paused 2.315ms total 77.777ms
08-05 19:17:31.872 31757 31757 D AndroidRuntime: Calling main entry com.android.commands.input.Input
08-05 19:17:31.874 31757 31757 I Input   : injectKeyEvent: KeyEvent { action=ACTION_DOWN, keyCode=KEYCODE_BACK, scanCode=0, metaState=0, flags=0x0, repeatCount=0, eventTime=818268287, downTime=818268287, deviceId=-1, source=0x101 }
08-05 19:17:31.887 31757 31757 I Input   : injectKeyEvent: KeyEvent { action=ACTION_UP, keyCode=KEYCODE_BACK, scanCode=0, metaState=0, flags=0x0, repeatCount=0, eventTime=818268287, downTime=818268287, deviceId=-1, source=0x101 }
08-05 19:17:31.892 29587 29808 I art     : Starting a blocking GC Explicit
08-05 19:17:31.902 31757 31757 D AndroidRuntime: Shutting down VM
08-05 19:17:31.969 29587 29808 I art     : Explicit concurrent mark sweep GC freed 434(69KB) AllocSpace objects, 4(80KB) LOS objects, 27% free, 42MB/58MB, paused 2.365ms total 76.537ms
08-05 19:17:31.993 29587 29808 I art     : Starting a blocking GC Explicit
08-05 19:17:32.070 29587 29808 I art     : Explicit concurrent mark sweep GC freed 46(1840B) AllocSpace objects, 0(0B) LOS objects, 27% free, 41MB/57MB, paused 2.457ms total 76.368ms
08-05 19:17:32.092 29587 29808 I art     : Starting a blocking GC Explicit
08-05 19:17:32.171 29587 29808 I art     : Explicit concurrent mark sweep GC freed 7687(504KB) AllocSpace objects, 8(160KB) LOS objects, 27% free, 42MB/58MB, paused 2.539ms total 79.396ms
08-05 19:17:32.180 13866 13866 I GoogleInputMethodServic: GoogleInputMethodService.onFinishInput():3138 
08-05 19:17:32.181 13866 13866 I GoogleInputMethodServic: GoogleInputMethodService.onStartInput():1808 
08-05 19:17:32.195 29587 29808 I art     : Starting a blocking GC Explicit
08-05 19:17:32.266 29587 29808 I art     : Explicit concurrent mark sweep GC freed 367(15KB) AllocSpace objects, 0(0B) LOS objects, 27% free, 42MB/58MB, paused 1.909ms total 69.985ms
08-05 19:17:32.730 29587 29599 I art     : Starting a blocking GC Explicit
08-05 19:17:32.816 29587 29599 I art     : Explicit concurrent mark sweep GC freed 2051(109KB) AllocSpace objects, 1(20KB) LOS objects, 27% free, 41MB/57MB, paused 2.451ms total 85.939ms
08-05 19:17:32.842 29587 29599 I art     : Starting a blocking GC Explicit
08-05 19:17:32.926 29587 29599 I art     : Explicit concurrent mark sweep GC freed 171(7KB) AllocSpace objects, 0(0B) LOS objects, 27% free, 41MB/57MB, paused 2.819ms total 83.065ms
08-05 19:17:32.949 29587 29599 I art     : Starting a blocking GC Explicit
08-05 19:17:33.028 29587 29599 I art     : Explicit concurrent mark sweep GC freed 110(4KB) AllocSpace objects, 0(0B) LOS objects, 27% free, 41MB/57MB, paused 2.342ms total 79.063ms
08-05 19:17:33.051 29587 29599 I art     : Starting a blocking GC Explicit
08-05 19:17:33.142 29587 29599 I art     : Explicit concurrent mark sweep GC freed 95(5KB) AllocSpace objects, 0(0B) LOS objects, 27% free, 42MB/58MB, paused 2.689ms total 89.926ms
08-05 19:17:33.168 29587 29599 I art     : Starting a blocking GC Explicit
08-05 19:17:33.246 29587 29599 I art     : Explicit concurrent mark sweep GC freed 16(512B) AllocSpace objects, 0(0B) LOS objects, 27% free, 42MB/58MB, paused 2.275ms total 77.175ms
08-05 19:17:33.499 29587 31482 E baseline.com.newsblur.network.APIResponse: Error (unexpected end of stream on https://www.newsblur.com/...) calling https://www.newsblur.com/reader/feed_unread_count?feed_id=0
08-05 19:17:33.499 29587 31482 E baseline.com.newsblur.network.APIResponse: java.io.IOException: unexpected end of stream on https://www.newsblur.com/...
08-05 19:17:33.499 29587 31482 E baseline.com.newsblur.network.APIResponse: 	at okhttp3.internal.http1.Http1ExchangeCodec.readResponseHeaders(Http1ExchangeCodec.java:236)
08-05 19:17:33.499 29587 31482 E baseline.com.newsblur.network.APIResponse: 	at okhttp3.internal.connection.Exchange.readResponseHeaders(Exchange.java:115)
08-05 19:17:33.499 29587 31482 E baseline.com.newsblur.network.APIResponse: 	at okhttp3.internal.http.CallServerInterceptor.intercept(CallServerInterceptor.java:94)
08-05 19:17:33.499 29587 31482 E baseline.com.newsblur.network.APIResponse: 	at okhttp3.internal.http.RealInterceptorChain.proceed(RealInterceptorChain.java:142)
08-05 19:17:33.499 29587 31482 E baseline.com.newsblur.network.APIResponse: 	at okhttp3.internal.connection.ConnectInterceptor.intercept(ConnectInterceptor.java:43)
08-05 19:17:33.499 29587 31482 E baseline.com.newsblur.network.APIResponse: 	at okhttp3.internal.http.RealInterceptorChain.proceed(RealInterceptorChain.java:142)
08-05 19:17:33.499 29587 31482 E baseline.com.newsblur.network.APIResponse: 	at okhttp3.internal.http.RealInterceptorChain.proceed(RealInterceptorChain.java:117)
08-05 19:17:33.499 29587 31482 E baseline.com.newsblur.network.APIResponse: 	at okhttp3.internal.cache.CacheInterceptor.intercept(CacheInterceptor.java:94)
08-05 19:17:33.499 29587 31482 E baseline.com.newsblur.network.APIResponse: 	at okhttp3.internal.http.RealInterceptorChain.proceed(RealInterceptorChain.java:142)
08-05 19:17:33.499 29587 31482 E baseline.com.newsblur.network.APIResponse: 	at okhttp3.internal.http.RealInterceptorChain.proceed(RealInterceptorChain.java:117)
08-05 19:17:33.499 29587 31482 E baseline.com.newsblur.network.APIResponse: 	at okhttp3.internal.http.BridgeInterceptor.intercept(BridgeInterceptor.java:93)
08-05 19:17:33.499 29587 31482 E baseline.com.newsblur.network.APIResponse: 	at okhttp3.internal.http.RealInterceptorChain.proceed(RealInterceptorChain.java:142)
08-05 19:17:33.499 29587 31482 E baseline.com.newsblur.network.APIResponse: 	at okhttp3.internal.http.RetryAndFollowUpInterceptor.intercept(RetryAndFollowUpInterceptor.java:88)
08-05 19:17:33.499 29587 31482 E baseline.com.newsblur.network.APIResponse: 	at okhttp3.internal.http.RealInterceptorChain.proceed(RealInterceptorChain.java:142)
08-05 19:17:33.499 29587 31482 E baseline.com.newsblur.network.APIResponse: 	at okhttp3.internal.http.RealInterceptorChain.proceed(RealInterceptorChain.java:117)
08-05 19:17:33.499 29587 31482 E baseline.com.newsblur.network.APIResponse: 	at okhttp3.RealCall.getResponseWithInterceptorChain(RealCall.java:229)
08-05 19:17:33.499 29587 31482 E baseline.com.newsblur.network.APIResponse: 	at okhttp3.RealCall.execute(RealCall.java:81)
08-05 19:17:33.499 29587 31482 E baseline.com.newsblur.network.APIResponse: 	at baseline.com.newsblur.network.APIResponse.<init>(APIResponse.java:57)
08-05 19:17:33.499 29587 31482 E baseline.com.newsblur.network.APIResponse: 	at baseline.com.newsblur.network.APIManager.get_single(APIManager.java:639)
08-05 19:17:33.499 29587 31482 E baseline.com.newsblur.network.APIResponse: 	at baseline.com.newsblur.network.APIManager.get(APIManager.java:625)
08-05 19:17:33.499 29587 31482 E baseline.com.newsblur.network.APIResponse: 	at baseline.com.newsblur.network.APIManager.get(APIManager.java:667)
08-05 19:17:33.499 29587 31482 E baseline.com.newsblur.network.APIResponse: 	at baseline.com.newsblur.network.APIManager.getFeedUnreadCounts(APIManager.java:274)
08-05 19:17:33.499 29587 31482 E baseline.com.newsblur.network.APIResponse: 	at baseline.com.newsblur.service.NBSyncService.checkRecounts(NBSyncService.java:660)
08-05 19:17:33.499 29587 31482 E baseline.com.newsblur.network.APIResponse: 	at baseline.com.newsblur.service.NBSyncService.doSync(NBSyncService.java:310)
08-05 19:17:33.499 29587 31482 E baseline.com.newsblur.network.APIResponse: 	at baseline.com.newsblur.service.NBSyncService.access$100(NBSyncService.java:67)
08-05 19:17:33.499 29587 31482 E baseline.com.newsblur.network.APIResponse: 	at baseline.com.newsblur.service.NBSyncService$1.run(NBSyncService.java:188)
08-05 19:17:33.499 29587 31482 E baseline.com.newsblur.network.APIResponse: 	at java.util.concurrent.ThreadPoolExecutor.runWorker(ThreadPoolExecutor.java:1113)
08-05 19:17:33.499 29587 31482 E baseline.com.newsblur.network.APIResponse: 	at java.util.concurrent.ThreadPoolExecutor$Worker.run(ThreadPoolExecutor.java:588)
08-05 19:17:33.499 29587 31482 E baseline.com.newsblur.network.APIResponse: 	at java.lang.Thread.run(Thread.java:818)
08-05 19:17:33.499 29587 31482 E baseline.com.newsblur.network.APIResponse: Caused by: java.io.EOFException: \n not found: limit=0 content=
08-05 19:17:33.499 29587 31482 E baseline.com.newsblur.network.APIResponse: 	at okio.RealBufferedSource.readUtf8LineStrict(RealBufferedSource.java:240)
08-05 19:17:33.499 29587 31482 E baseline.com.newsblur.network.APIResponse: 	at okhttp3.internal.http1.Http1ExchangeCodec.readHeaderLine(Http1ExchangeCodec.java:242)
08-05 19:17:33.499 29587 31482 E baseline.com.newsblur.network.APIResponse: 	at okhttp3.internal.http1.Http1ExchangeCodec.readResponseHeaders(Http1ExchangeCodec.java:213)
08-05 19:17:33.499 29587 31482 E baseline.com.newsblur.network.APIResponse: 	... 28 more
08-05 19:17:33.502 29587 31482 I baseline.com.newsblur.network.APIManager: API call failed, pausing before retry number 2
08-05 19:17:33.684 29587 29599 I art     : Starting a blocking GC Explicit
08-05 19:17:33.761 29587 29599 I art     : Explicit concurrent mark sweep GC freed 3975(357KB) AllocSpace objects, 3(60KB) LOS objects, 27% free, 41MB/57MB, paused 2.418ms total 76.874ms
08-05 19:17:33.783 29587 29599 I art     : Starting a blocking GC Explicit
08-05 19:17:33.859 29587 29599 I art     : Explicit concurrent mark sweep GC freed 119(4KB) AllocSpace objects, 0(0B) LOS objects, 27% free, 41MB/57MB, paused 2.375ms total 75.283ms
08-05 19:17:33.862 31794 31794 D AndroidRuntime: >>>>>> START com.android.internal.os.RuntimeInit uid 2000 <<<<<<
08-05 19:17:33.869 31794 31794 D AndroidRuntime: CheckJNI is OFF
08-05 19:17:33.881 29587 29599 I art     : Starting a blocking GC Explicit
08-05 19:17:33.920 31794 31794 D ICU     : No timezone override file found: /data/misc/zoneinfo/current/icu/icu_tzdata.dat
08-05 19:17:33.954 29587 29599 I art     : Explicit concurrent mark sweep GC freed 3(96B) AllocSpace objects, 0(0B) LOS objects, 27% free, 41MB/57MB, paused 2.267ms total 72.713ms
08-05 19:17:33.965 31794 31794 I Radio-JNI: register_android_hardware_Radio DONE
08-05 19:17:33.975 29587 29599 I art     : Starting a blocking GC Explicit
08-05 19:17:33.997 31794 31794 D AndroidRuntime: Calling main entry com.android.commands.am.Am
08-05 19:17:34.005  5615  5615 I Trepn   : Trepn 6.2s: Received intent: com.quicinc.trepn.stop_profiling
08-05 19:17:34.030  5615  5615 I Trepn   : Trepn 6.2s: Trepn has Stopped Profiling.
08-05 19:17:34.048 29587 29599 I art     : Explicit concurrent mark sweep GC freed 3(96B) AllocSpace objects, 0(0B) LOS objects, 27% free, 41MB/57MB, paused 2.163ms total 72.854ms
08-05 19:17:34.069 29587 29599 I art     : Starting a blocking GC Explicit
08-05 19:17:34.146 29587 29599 I art     : Explicit concurrent mark sweep GC freed 3(96B) AllocSpace objects, 0(0B) LOS objects, 27% free, 41MB/57MB, paused 2.452ms total 76.326ms
08-05 19:17:34.219 31794 31794 D AndroidRuntime: Shutting down VM
08-05 19:17:34.224   918  4413 W AppOps  : Finishing op nesting under-run: uid 10078 pkg com.quicinc.trepn code 24 time=0 duration=0 nesting=0
08-05 19:17:34.568 29587 29598 I art     : Starting a blocking GC Explicit
08-05 19:17:34.646 29587 29598 I art     : Explicit concurrent mark sweep GC freed 1442(82KB) AllocSpace objects, 1(20KB) LOS objects, 27% free, 41MB/57MB, paused 2.323ms total 77.607ms
08-05 19:17:34.669 29587 29598 I art     : Starting a blocking GC Explicit
08-05 19:17:34.744 29587 29598 I art     : Explicit concurrent mark sweep GC freed 22(784B) AllocSpace objects, 0(0B) LOS objects, 27% free, 41MB/57MB, paused 2.305ms total 75.370ms
08-05 19:17:34.767 29587 29598 I art     : Starting a blocking GC Explicit
08-05 19:17:34.843 29587 29598 I art     : Explicit concurrent mark sweep GC freed 3(96B) AllocSpace objects, 0(0B) LOS objects, 27% free, 41MB/57MB, paused 2.361ms total 75.060ms
08-05 19:17:34.867 29587 29598 I art     : Starting a blocking GC Explicit
08-05 19:17:34.946 29587 29598 I art     : Explicit concurrent mark sweep GC freed 3(96B) AllocSpace objects, 0(0B) LOS objects, 27% free, 41MB/57MB, paused 2.803ms total 78.316ms
08-05 19:17:34.968 29587 29598 I art     : Starting a blocking GC Explicit
08-05 19:17:35.040 29587 29598 I art     : Explicit concurrent mark sweep GC freed 3(96B) AllocSpace objects, 0(0B) LOS objects, 27% free, 41MB/57MB, paused 2.709ms total 71.129ms
08-05 19:17:37.092 29587 31482 E baseline.com.newsblur.network.APIResponse: Error (unexpected end of stream on https://www.newsblur.com/...) calling https://www.newsblur.com/reader/feed_unread_count?feed_id=0
08-05 19:17:37.092 29587 31482 E baseline.com.newsblur.network.APIResponse: java.io.IOException: unexpected end of stream on https://www.newsblur.com/...
08-05 19:17:37.092 29587 31482 E baseline.com.newsblur.network.APIResponse: 	at okhttp3.internal.http1.Http1ExchangeCodec.readResponseHeaders(Http1ExchangeCodec.java:236)
08-05 19:17:37.092 29587 31482 E baseline.com.newsblur.network.APIResponse: 	at okhttp3.internal.connection.Exchange.readResponseHeaders(Exchange.java:115)
08-05 19:17:37.092 29587 31482 E baseline.com.newsblur.network.APIResponse: 	at okhttp3.internal.http.CallServerInterceptor.intercept(CallServerInterceptor.java:94)
08-05 19:17:37.092 29587 31482 E baseline.com.newsblur.network.APIResponse: 	at okhttp3.internal.http.RealInterceptorChain.proceed(RealInterceptorChain.java:142)
08-05 19:17:37.092 29587 31482 E baseline.com.newsblur.network.APIResponse: 	at okhttp3.internal.connection.ConnectInterceptor.intercept(ConnectInterceptor.java:43)
08-05 19:17:37.092 29587 31482 E baseline.com.newsblur.network.APIResponse: 	at okhttp3.internal.http.RealInterceptorChain.proceed(RealInterceptorChain.java:142)
08-05 19:17:37.092 29587 31482 E baseline.com.newsblur.network.APIResponse: 	at okhttp3.internal.http.RealInterceptorChain.proceed(RealInterceptorChain.java:117)
08-05 19:17:37.092 29587 31482 E baseline.com.newsblur.network.APIResponse: 	at okhttp3.internal.cache.CacheInterceptor.intercept(CacheInterceptor.java:94)
08-05 19:17:37.092 29587 31482 E baseline.com.newsblur.network.APIResponse: 	at okhttp3.internal.http.RealInterceptorChain.proceed(RealInterceptorChain.java:142)
08-05 19:17:37.092 29587 31482 E baseline.com.newsblur.network.APIResponse: 	at okhttp3.internal.http.RealInterceptorChain.proceed(RealInterceptorChain.java:117)
08-05 19:17:37.092 29587 31482 E baseline.com.newsblur.network.APIResponse: 	at okhttp3.internal.http.BridgeInterceptor.intercept(BridgeInterceptor.java:93)
08-05 19:17:37.092 29587 31482 E baseline.com.newsblur.network.APIResponse: 	at okhttp3.internal.http.RealInterceptorChain.proceed(RealInterceptorChain.java:142)
08-05 19:17:37.092 29587 31482 E baseline.com.newsblur.network.APIResponse: 	at okhttp3.internal.http.RetryAndFollowUpInterceptor.intercept(RetryAndFollowUpInterceptor.java:88)
08-05 19:17:37.092 29587 31482 E baseline.com.newsblur.network.APIResponse: 	at okhttp3.internal.http.RealInterceptorChain.proceed(RealInterceptorChain.java:142)
08-05 19:17:37.092 29587 31482 E baseline.com.newsblur.network.APIResponse: 	at okhttp3.internal.http.RealInterceptorChain.proceed(RealInterceptorChain.java:117)
08-05 19:17:37.092 29587 31482 E baseline.com.newsblur.network.APIResponse: 	at okhttp3.RealCall.getResponseWithInterceptorChain(RealCall.java:229)
08-05 19:17:37.092 29587 31482 E baseline.com.newsblur.network.APIResponse: 	at okhttp3.RealCall.execute(RealCall.java:81)
08-05 19:17:37.092 29587 31482 E baseline.com.newsblur.network.APIResponse: 	at baseline.com.newsblur.network.APIResponse.<init>(APIResponse.java:57)
08-05 19:17:37.092 29587 31482 E baseline.com.newsblur.network.APIResponse: 	at baseline.com.newsblur.network.APIManager.get_single(APIManager.java:639)
08-05 19:17:37.092 29587 31482 E baseline.com.newsblur.network.APIResponse: 	at baseline.com.newsblur.network.APIManager.get(APIManager.java:625)
08-05 19:17:37.092 29587 31482 E baseline.com.newsblur.network.APIResponse: 	at baseline.com.newsblur.network.APIManager.get(APIManager.java:667)
08-05 19:17:37.092 29587 31482 E baseline.com.newsblur.network.APIResponse: 	at baseline.com.newsblur.network.APIManager.getFeedUnreadCounts(APIManager.java:274)
08-05 19:17:37.092 29587 31482 E baseline.com.newsblur.network.APIResponse: 	at baseline.com.newsblur.service.NBSyncService.checkRecounts(NBSyncService.java:660)
08-05 19:17:37.092 29587 31482 E baseline.com.newsblur.network.APIResponse: 	at baseline.com.newsblur.service.NBSyncService.doSync(NBSyncService.java:310)
08-05 19:17:37.092 29587 31482 E baseline.com.newsblur.network.APIResponse: 	at baseline.com.newsblur.service.NBSyncService.access$100(NBSyncService.java:67)
08-05 19:17:37.092 29587 31482 E baseline.com.newsblur.network.APIResponse: 	at baseline.com.newsblur.service.NBSyncService$1.run(NBSyncService.java:188)
08-05 19:17:37.092 29587 31482 E baseline.com.newsblur.network.APIResponse: 	at java.util.concurrent.ThreadPoolExecutor.runWorker(ThreadPoolExecutor.java:1113)
08-05 19:17:37.092 29587 31482 E baseline.com.newsblur.network.APIResponse: 	at java.util.concurrent.ThreadPoolExecutor$Worker.run(ThreadPoolExecutor.java:588)
08-05 19:17:37.092 29587 31482 E baseline.com.newsblur.network.APIResponse: 	at java.lang.Thread.run(Thread.java:818)
08-05 19:17:37.092 29587 31482 E baseline.com.newsblur.network.APIResponse: Caused by: java.io.EOFException: \n not found: limit=0 content=
08-05 19:17:37.092 29587 31482 E baseline.com.newsblur.network.APIResponse: 	at okio.RealBufferedSource.readUtf8LineStrict(RealBufferedSource.java:240)
08-05 19:17:37.092 29587 31482 E baseline.com.newsblur.network.APIResponse: 	at okhttp3.internal.http1.Http1ExchangeCodec.readHeaderLine(Http1ExchangeCodec.java:242)
08-05 19:17:37.092 29587 31482 E baseline.com.newsblur.network.APIResponse: 	at okhttp3.internal.http1.Http1ExchangeCodec.readResponseHeaders(Http1ExchangeCodec.java:213)
08-05 19:17:37.092 29587 31482 E baseline.com.newsblur.network.APIResponse: 	... 28 more
08-05 19:17:37.093 29587 31482 W baseline.com.newsblur.service.NBSyncService: Bad response to feed_unread_count
