--------- beginning of main
08-05 02:29:23.837 28959 28959 I ServiceManager: Waiting for service AtCmdFwd...
08-05 02:29:24.579  2100  2100 D AndroidRuntime: >>>>>> START com.android.internal.os.RuntimeInit uid 2000 <<<<<<
08-05 02:29:24.586  2100  2100 D AndroidRuntime: CheckJNI is OFF
08-05 02:29:24.612  2100  2100 D ICU     : No timezone override file found: /data/misc/zoneinfo/current/icu/icu_tzdata.dat
08-05 02:29:24.641  2100  2100 I Radio-JNI: register_android_hardware_Radio DONE
08-05 02:29:24.657  2100  2100 D AndroidRuntime: Calling main entry com.android.commands.monkey.Monkey
--------- beginning of system
08-05 02:29:24.673   918   931 W BroadcastQueue: Skipping deliver [background] BroadcastRecord{e8bf74 u-1 android.net.conn.CONNECTIVITY_CHANGE} to ReceiverList{5270c9d 2100 (unknown name)/2000/u-1 remote:dda6686}: process crashing
08-05 02:29:24.684   918  6110 I ActivityManager: START u0 {act=android.intent.action.MAIN cat=[android.intent.category.LAUNCHER] flg=0x10200000 cmp=baseline.com.newsblur/.activity.InitActivity} from uid 2000 on display 0
08-05 02:29:24.724  2110  2110 I art     : Late-enabling -Xcheck:jni
08-05 02:29:24.725   918  5481 I ActivityManager: Start proc 2110:baseline.com.newsblur/u0a676 for activity baseline.com.newsblur/.activity.InitActivity
08-05 02:29:24.732  2100  2100 I art     : System.exit called, status: 0
08-05 02:29:24.732  2100  2100 I AndroidRuntime: VM exiting with result code 0.
08-05 02:29:24.780  2110  2110 W System  : ClassLoader referenced unknown path: /data/app/baseline.com.newsblur-1/lib/arm64
08-05 02:29:24.793   719 23718 I PBSessionCacheImpl: Deleted sessionId[3163792008073881] from persistence.
08-05 02:29:24.801   719   760 W SearchServiceCore: Abort, client detached.
08-05 02:29:24.802   719   760 I MicroDetectionState: Should stop hotword detection immediately - true
08-05 02:29:24.838 28959 28959 W Atfwd_Sendcmd: AtCmdFwd service not published, waiting... retryCnt : 1
08-05 02:29:24.932  2110  2110 I baseline.com.newsblur.activity.InitActivity: cold launching version 9.0b1
08-05 02:29:24.944  2110  2126 D OpenGLRenderer: Use EGL_SWAP_BEHAVIOR_PRESERVED: true
08-05 02:29:24.979  2110  2126 I Adreno  : QUALCOMM build                   : fcf4852, I1af360237c
08-05 02:29:24.979  2110  2126 I Adreno  : Build Date                       : 09/23/15
08-05 02:29:24.979  2110  2126 I Adreno  : OpenGL ES Shader Compiler Version: XE031.05.13.02
08-05 02:29:24.979  2110  2126 I Adreno  : Local Branch                     : mybranch14465806
08-05 02:29:24.979  2110  2126 I Adreno  : Remote Branch                    : quic/LA.BF64.1.2.9_v2
08-05 02:29:24.979  2110  2126 I Adreno  : Remote Branch                    : NONE
08-05 02:29:24.979  2110  2126 I Adreno  : Reconstruct Branch               : NOTHING
08-05 02:29:24.985  2110  2126 I OpenGLRenderer: Initialized EGL, version 1.4
08-05 02:29:25.009   918  5952 I ActivityManager: START u0 {cmp=baseline.com.newsblur/.activity.Main} from uid 10676 on display 0
08-05 02:29:25.022   918  4400 W InputMethodManagerService: Focus gain on non-focused client com.android.internal.view.IInputMethodClient$Stub$Proxy@7464d3c (uid=10676 pid=2110)
08-05 02:29:25.280  2110  2110 I art     : Rejecting re-init on previously-failed class java.lang.Class<androidx.core.view.ViewCompat$OnUnhandledKeyEventListenerWrapper>
08-05 02:29:25.281  2110  2110 I art     : Rejecting re-init on previously-failed class java.lang.Class<androidx.core.view.ViewCompat$OnUnhandledKeyEventListenerWrapper>
08-05 02:29:25.316  2110  2110 E BitmapFactory: Unable to decode stream: java.io.FileNotFoundException: /data/user/0/baseline.com.newsblur/cache/userProfilePicture: open failed: ENOENT (No such file or directory)
08-05 02:29:25.419  2110  2135 I baseline.com.newsblur.service.NBSyncService: ready to sync feed list
08-05 02:29:25.611   918   936 I ActivityManager: Displayed baseline.com.newsblur/.activity.Main: +587ms (total +919ms)
08-05 02:29:25.615 13866 13866 I GoogleInputMethodServic: GoogleInputMethodService.onFinishInput():3138 
08-05 02:29:25.615 13866 13866 I GoogleInputMethodServic: GoogleInputMethodService.onStartInput():1808 
08-05 02:29:25.957  2110  2135 I NAPPA_EXPERIMENTATION: MetricNetworkRequestExecutionTime: REQUEST_DURATION_SYSTEM='534',REQUEST_DURATION_OKHTTP='42',REQUEST_SYNCHRONOUS='TRUE',RESPONSE_CODE='200',RESPONSE_METHOD='GET',RESPONSE_LENGTH_OKHTTP='-1',RESPONSE_LENGTH_HEADER='-2',REQUEST_PROTOCOL='http/1.1',REQUEST_URL='https://www.newsblur.com/reader/feeds/?update_counts=true',
08-05 02:29:25.957  2110  2135 D MY_TAG  : 1, 534
08-05 02:29:25.984  2110  2135 I baseline.com.newsblur.service.NBSyncService: got feed list: 1 feeds in  conn:535 read:4 parse:3 store:17
08-05 02:29:26.232  2152  2152 D AndroidRuntime: >>>>>> START com.android.internal.os.RuntimeInit uid 2000 <<<<<<
08-05 02:29:26.236  2152  2152 D AndroidRuntime: CheckJNI is OFF
08-05 02:29:26.261  2152  2152 D ICU     : No timezone override file found: /data/misc/zoneinfo/current/icu/icu_tzdata.dat
08-05 02:29:26.287  2152  2152 I Radio-JNI: register_android_hardware_Radio DONE
08-05 02:29:26.303  2152  2152 D AndroidRuntime: Calling main entry com.android.commands.am.Am
08-05 02:29:26.312 24044 24044 I Trepn   : Trepn 6.2s: Received intent: com.quicinc.trepn.start_profiling
08-05 02:29:26.392 24044 24044 W FileUtils: Failed to chmod(/storage/emulated/0/trepn/Trepn_2020.08.05_022926.db): android.system.ErrnoException: chmod failed: EPERM (Operation not permitted)
08-05 02:29:26.430  2110  2154 I NAPPA_EXPERIMENTATION: MetricNetworkRequestExecutionTime: REQUEST_DURATION_SYSTEM='443',REQUEST_DURATION_OKHTTP='37',REQUEST_SYNCHRONOUS='TRUE',RESPONSE_CODE='200',RESPONSE_METHOD='GET',RESPONSE_LENGTH_OKHTTP='-1',RESPONSE_LENGTH_HEADER='-2',REQUEST_PROTOCOL='http/1.1',REQUEST_URL='https://www.newsblur.com/reader/unread_story_hashes?include_timestamps=1',
08-05 02:29:26.430  2110  2154 D MY_TAG  : 0, 443
08-05 02:29:26.451  2110  2154 I baseline.com.newsblur.service.UnreadsService: starting unread count: 0
08-05 02:29:26.452  2110  2154 I baseline.com.newsblur.service.UnreadsService: new unread count:      0
08-05 02:29:26.453  2110  2154 I baseline.com.newsblur.service.UnreadsService: new unreads found:     0
08-05 02:29:26.453  2110  2154 I baseline.com.newsblur.service.UnreadsService: unreads to retire:     0
08-05 02:29:26.472 24044 24044 I Trepn   : Trepn 6.2s: Trepn has Started Profiling.
08-05 02:29:26.473  2152  2152 D AndroidRuntime: Shutting down VM
08-05 02:29:26.940  2110  2123 I art     : Starting a blocking GC Explicit
08-05 02:29:26.966  2110  2123 I art     : Explicit concurrent mark sweep GC freed 33742(2MB) AllocSpace objects, 51(1432KB) LOS objects, 37% free, 26MB/42MB, paused 207us total 25.241ms
08-05 02:29:26.973  2110  2123 I art     : Starting a blocking GC Explicit
08-05 02:29:26.986  2110  2123 I art     : Explicit concurrent mark sweep GC freed 2709(210KB) AllocSpace objects, 0(0B) LOS objects, 38% free, 26MB/42MB, paused 190us total 12.387ms
08-05 02:29:26.992  2110  2123 I art     : Starting a blocking GC Explicit
08-05 02:29:27.004  2110  2123 I art     : Explicit concurrent mark sweep GC freed 7(240B) AllocSpace objects, 0(0B) LOS objects, 38% free, 26MB/42MB, paused 358us total 12.114ms
08-05 02:29:27.010  2110  2123 I art     : Starting a blocking GC Explicit
08-05 02:29:27.022  2110  2123 I art     : Explicit concurrent mark sweep GC freed 3(96B) AllocSpace objects, 0(0B) LOS objects, 38% free, 26MB/42MB, paused 178us total 11.353ms
08-05 02:29:27.028  2110  2123 I art     : Starting a blocking GC Explicit
08-05 02:29:27.040  2110  2123 I art     : Explicit concurrent mark sweep GC freed 3(96B) AllocSpace objects, 0(0B) LOS objects, 38% free, 26MB/42MB, paused 180us total 11.603ms
08-05 02:29:27.310  2110  2122 I art     : Starting a blocking GC Explicit
08-05 02:29:27.327  2110  2122 I art     : Explicit concurrent mark sweep GC freed 1390(80KB) AllocSpace objects, 1(20KB) LOS objects, 38% free, 26MB/42MB, paused 241us total 17.322ms
08-05 02:29:27.338  2110  2122 I art     : Starting a blocking GC Explicit
08-05 02:29:27.353  2110  2122 I art     : Explicit concurrent mark sweep GC freed 20(704B) AllocSpace objects, 0(0B) LOS objects, 38% free, 26MB/42MB, paused 182us total 14.814ms
08-05 02:29:27.363  2110  2122 I art     : Starting a blocking GC Explicit
08-05 02:29:27.377  2110  2122 I art     : Explicit concurrent mark sweep GC freed 3(96B) AllocSpace objects, 0(0B) LOS objects, 38% free, 26MB/42MB, paused 182us total 13.266ms
08-05 02:29:27.383  2110  2122 I art     : Starting a blocking GC Explicit
08-05 02:29:27.395  2110  2122 I art     : Explicit concurrent mark sweep GC freed 3(96B) AllocSpace objects, 0(0B) LOS objects, 38% free, 26MB/42MB, paused 177us total 12.291ms
08-05 02:29:27.402  2110  2122 I art     : Starting a blocking GC Explicit
08-05 02:29:27.414  2110  2122 I art     : Explicit concurrent mark sweep GC freed 3(96B) AllocSpace objects, 0(0B) LOS objects, 38% free, 26MB/42MB, paused 179us total 12.160ms
08-05 02:29:27.705  2110  2123 I art     : Starting a blocking GC Explicit
08-05 02:29:27.721  2110  2123 I art     : Explicit concurrent mark sweep GC freed 1379(80KB) AllocSpace objects, 1(20KB) LOS objects, 38% free, 26MB/42MB, paused 251us total 15.828ms
08-05 02:29:27.732  2110  2123 I art     : Starting a blocking GC Explicit
08-05 02:29:27.744  2110  2123 I art     : Explicit concurrent mark sweep GC freed 20(704B) AllocSpace objects, 0(0B) LOS objects, 38% free, 26MB/42MB, paused 180us total 11.606ms
08-05 02:29:27.750  2110  2123 I art     : Starting a blocking GC Explicit
08-05 02:29:27.762  2110  2123 I art     : Explicit concurrent mark sweep GC freed 3(96B) AllocSpace objects, 0(0B) LOS objects, 38% free, 26MB/42MB, paused 182us total 11.288ms
08-05 02:29:27.768  2110  2123 I art     : Starting a blocking GC Explicit
08-05 02:29:27.780  2110  2123 I art     : Explicit concurrent mark sweep GC freed 3(96B) AllocSpace objects, 0(0B) LOS objects, 38% free, 26MB/42MB, paused 178us total 11.444ms
08-05 02:29:27.786  2110  2123 I art     : Starting a blocking GC Explicit
08-05 02:29:27.797  2110  2123 I art     : Explicit concurrent mark sweep GC freed 3(96B) AllocSpace objects, 0(0B) LOS objects, 38% free, 26MB/42MB, paused 182us total 11.641ms
08-05 02:29:28.100  2110  2122 I art     : Starting a blocking GC Explicit
08-05 02:29:28.119  2110  2122 I art     : Explicit concurrent mark sweep GC freed 1376(79KB) AllocSpace objects, 1(20KB) LOS objects, 38% free, 26MB/42MB, paused 244us total 18.852ms
08-05 02:29:28.130  2110  2122 I art     : Starting a blocking GC Explicit
08-05 02:29:28.142  2110  2122 I art     : Explicit concurrent mark sweep GC freed 20(704B) AllocSpace objects, 0(0B) LOS objects, 38% free, 26MB/42MB, paused 164us total 12.091ms
08-05 02:29:28.149  2110  2122 I art     : Starting a blocking GC Explicit
08-05 02:29:28.161  2110  2122 I art     : Explicit concurrent mark sweep GC freed 3(96B) AllocSpace objects, 0(0B) LOS objects, 38% free, 26MB/42MB, paused 174us total 11.790ms
08-05 02:29:28.167  2110  2122 I art     : Starting a blocking GC Explicit
08-05 02:29:28.179  2110  2122 I art     : Explicit concurrent mark sweep GC freed 3(96B) AllocSpace objects, 0(0B) LOS objects, 38% free, 26MB/42MB, paused 171us total 11.611ms
08-05 02:29:28.185  2110  2122 I art     : Starting a blocking GC Explicit
08-05 02:29:28.196  2110  2122 I art     : Explicit concurrent mark sweep GC freed 3(96B) AllocSpace objects, 0(0B) LOS objects, 38% free, 26MB/42MB, paused 167us total 11.105ms
08-05 02:29:28.510  2110  2123 I art     : Starting a blocking GC Explicit
08-05 02:29:28.528  2110  2123 I art     : Explicit concurrent mark sweep GC freed 1378(80KB) AllocSpace objects, 1(20KB) LOS objects, 38% free, 26MB/42MB, paused 237us total 17.596ms
08-05 02:29:28.538  2110  2123 I art     : Starting a blocking GC Explicit
08-05 02:29:28.553  2110  2123 I art     : Explicit concurrent mark sweep GC freed 20(704B) AllocSpace objects, 0(0B) LOS objects, 38% free, 26MB/42MB, paused 190us total 15.067ms
08-05 02:29:28.565  2110  2123 I art     : Starting a blocking GC Explicit
08-05 02:29:28.577  2110  2123 I art     : Explicit concurrent mark sweep GC freed 3(96B) AllocSpace objects, 0(0B) LOS objects, 38% free, 26MB/42MB, paused 227us total 11.606ms
08-05 02:29:28.583  2110  2123 I art     : Starting a blocking GC Explicit
08-05 02:29:28.595  2110  2123 I art     : Explicit concurrent mark sweep GC freed 3(96B) AllocSpace objects, 0(0B) LOS objects, 38% free, 26MB/42MB, paused 179us total 11.848ms
08-05 02:29:28.601  2110  2123 I art     : Starting a blocking GC Explicit
08-05 02:29:28.613  2110  2123 I art     : Explicit concurrent mark sweep GC freed 3(96B) AllocSpace objects, 0(0B) LOS objects, 38% free, 26MB/42MB, paused 181us total 11.858ms
08-05 02:29:28.902  2110  2122 I art     : Starting a blocking GC Explicit
08-05 02:29:28.921  2110  2122 I art     : Explicit concurrent mark sweep GC freed 1376(79KB) AllocSpace objects, 1(20KB) LOS objects, 38% free, 26MB/42MB, paused 224us total 19.347ms
08-05 02:29:28.932  2110  2122 I art     : Starting a blocking GC Explicit
08-05 02:29:28.945  2110  2122 I art     : Explicit concurrent mark sweep GC freed 20(704B) AllocSpace objects, 0(0B) LOS objects, 38% free, 26MB/42MB, paused 178us total 12.497ms
08-05 02:29:28.951  2110  2122 I art     : Starting a blocking GC Explicit
08-05 02:29:28.964  2110  2122 I art     : Explicit concurrent mark sweep GC freed 3(96B) AllocSpace objects, 0(0B) LOS objects, 38% free, 26MB/42MB, paused 175us total 12.114ms
08-05 02:29:28.970  2110  2122 I art     : Starting a blocking GC Explicit
08-05 02:29:28.982  2110  2122 I art     : Explicit concurrent mark sweep GC freed 3(96B) AllocSpace objects, 0(0B) LOS objects, 38% free, 26MB/42MB, paused 164us total 11.451ms
08-05 02:29:28.988  2110  2122 I art     : Starting a blocking GC Explicit
08-05 02:29:28.999  2110  2122 I art     : Explicit concurrent mark sweep GC freed 3(96B) AllocSpace objects, 0(0B) LOS objects, 38% free, 26MB/42MB, paused 167us total 11.578ms
08-05 02:29:29.315  2110  2123 I art     : Starting a blocking GC Explicit
08-05 02:29:29.333  2110  2123 I art     : Explicit concurrent mark sweep GC freed 1376(79KB) AllocSpace objects, 1(20KB) LOS objects, 38% free, 26MB/42MB, paused 249us total 17.635ms
08-05 02:29:29.343  2110  2123 I art     : Starting a blocking GC Explicit
08-05 02:29:29.359  2110  2123 I art     : Explicit concurrent mark sweep GC freed 20(704B) AllocSpace objects, 0(0B) LOS objects, 38% free, 26MB/42MB, paused 206us total 15.301ms
08-05 02:29:29.369  2110  2123 I art     : Starting a blocking GC Explicit
08-05 02:29:29.381  2110  2123 I art     : Explicit concurrent mark sweep GC freed 3(96B) AllocSpace objects, 0(0B) LOS objects, 38% free, 26MB/42MB, paused 188us total 12.167ms
08-05 02:29:29.388  2110  2123 I art     : Starting a blocking GC Explicit
08-05 02:29:29.400  2110  2123 I art     : Explicit concurrent mark sweep GC freed 3(96B) AllocSpace objects, 0(0B) LOS objects, 38% free, 26MB/42MB, paused 172us total 11.929ms
08-05 02:29:29.406  2110  2123 I art     : Starting a blocking GC Explicit
08-05 02:29:29.418  2110  2123 I art     : Explicit concurrent mark sweep GC freed 3(96B) AllocSpace objects, 0(0B) LOS objects, 38% free, 26MB/42MB, paused 181us total 11.398ms
08-05 02:29:29.718  2110  2122 I art     : Starting a blocking GC Explicit
08-05 02:29:29.732  2110  2122 I art     : Explicit concurrent mark sweep GC freed 1376(79KB) AllocSpace objects, 1(20KB) LOS objects, 38% free, 26MB/42MB, paused 200us total 14.230ms
08-05 02:29:29.739  2110  2122 I art     : Starting a blocking GC Explicit
08-05 02:29:29.752  2110  2122 I art     : Explicit concurrent mark sweep GC freed 20(704B) AllocSpace objects, 0(0B) LOS objects, 38% free, 26MB/42MB, paused 183us total 12.566ms
08-05 02:29:29.758  2110  2122 I art     : Starting a blocking GC Explicit
08-05 02:29:29.770  2110  2122 I art     : Explicit concurrent mark sweep GC freed 3(96B) AllocSpace objects, 0(0B) LOS objects, 38% free, 26MB/42MB, paused 168us total 11.530ms
08-05 02:29:29.776  2110  2122 I art     : Starting a blocking GC Explicit
08-05 02:29:29.788  2110  2122 I art     : Explicit concurrent mark sweep GC freed 3(96B) AllocSpace objects, 0(0B) LOS objects, 38% free, 26MB/42MB, paused 156us total 10.999ms
08-05 02:29:29.793  2110  2122 I art     : Starting a blocking GC Explicit
08-05 02:29:29.805  2110  2122 I art     : Explicit concurrent mark sweep GC freed 3(96B) AllocSpace objects, 0(0B) LOS objects, 38% free, 26MB/42MB, paused 177us total 11.095ms
08-05 02:29:29.839 28959 28959 I ServiceManager: Waiting for service AtCmdFwd...
08-05 02:29:30.112  2110  2123 I art     : Starting a blocking GC Explicit
08-05 02:29:30.132  2110  2123 I art     : Explicit concurrent mark sweep GC freed 1376(79KB) AllocSpace objects, 1(20KB) LOS objects, 38% free, 26MB/42MB, paused 239us total 19.293ms
08-05 02:29:30.142  2110  2123 I art     : Starting a blocking GC Explicit
08-05 02:29:30.155  2110  2123 I art     : Explicit concurrent mark sweep GC freed 20(704B) AllocSpace objects, 0(0B) LOS objects, 38% free, 26MB/42MB, paused 163us total 12.565ms
08-05 02:29:30.162  2110  2123 I art     : Starting a blocking GC Explicit
08-05 02:29:30.173  2110  2123 I art     : Explicit concurrent mark sweep GC freed 3(96B) AllocSpace objects, 0(0B) LOS objects, 38% free, 26MB/42MB, paused 175us total 11.564ms
08-05 02:29:30.179  2110  2123 I art     : Starting a blocking GC Explicit
08-05 02:29:30.191  2110  2123 I art     : Explicit concurrent mark sweep GC freed 3(96B) AllocSpace objects, 0(0B) LOS objects, 38% free, 26MB/42MB, paused 180us total 11.245ms
08-05 02:29:30.197  2110  2123 I art     : Starting a blocking GC Explicit
08-05 02:29:30.208  2110  2123 I art     : Explicit concurrent mark sweep GC freed 3(96B) AllocSpace objects, 0(0B) LOS objects, 38% free, 26MB/42MB, paused 178us total 11.506ms
08-05 02:29:30.349   918   918 I ActivityManager: Start proc 2272:nappatfpr.com.newsblur/u0a682 for service nappatfpr.com.newsblur/.service.NBSyncService
08-05 02:29:30.351  2272  2272 I art     : Late-enabling -Xcheck:jni
08-05 02:29:30.408  2272  2272 W System  : ClassLoader referenced unknown path: /data/app/nappatfpr.com.newsblur-1/lib/arm64
08-05 02:29:30.465   918  3961 I ActivityManager: Killing 18805:com.google.android.apps.gcs/u0a11 (adj 15): empty #17
08-05 02:29:30.500  2110  2123 I art     : Starting a blocking GC Explicit
08-05 02:29:30.515  2110  2123 I art     : Explicit concurrent mark sweep GC freed 4006(411KB) AllocSpace objects, 18(360KB) LOS objects, 38% free, 26MB/42MB, paused 233us total 14.887ms
08-05 02:29:30.522  2110  2123 I art     : Starting a blocking GC Explicit
08-05 02:29:30.534  2110  2123 I art     : Explicit concurrent mark sweep GC freed 230(9KB) AllocSpace objects, 0(0B) LOS objects, 38% free, 26MB/42MB, paused 211us total 11.918ms
08-05 02:29:30.540  2110  2123 I art     : Starting a blocking GC Explicit
08-05 02:29:30.552  2110  2123 I art     : Explicit concurrent mark sweep GC freed 3(96B) AllocSpace objects, 0(0B) LOS objects, 38% free, 26MB/42MB, paused 188us total 11.675ms
08-05 02:29:30.558  2110  2123 I art     : Starting a blocking GC Explicit
08-05 02:29:30.570  2110  2123 I art     : Explicit concurrent mark sweep GC freed 3(96B) AllocSpace objects, 0(0B) LOS objects, 38% free, 26MB/42MB, paused 178us total 11.316ms
08-05 02:29:30.576  2110  2123 I art     : Starting a blocking GC Explicit
08-05 02:29:30.588  2110  2123 I art     : Explicit concurrent mark sweep GC freed 3(96B) AllocSpace objects, 0(0B) LOS objects, 38% free, 26MB/42MB, paused 196us total 11.766ms
08-05 02:29:30.839 28959 28959 I ServiceManager: Waiting for service AtCmdFwd...
08-05 02:29:30.895  2110  2122 I art     : Starting a blocking GC Explicit
08-05 02:29:30.913  2110  2122 I art     : Explicit concurrent mark sweep GC freed 1376(79KB) AllocSpace objects, 1(20KB) LOS objects, 38% free, 26MB/42MB, paused 246us total 17.917ms
08-05 02:29:30.923  2110  2122 I art     : Starting a blocking GC Explicit
08-05 02:29:30.939  2110  2122 I art     : Explicit concurrent mark sweep GC freed 20(704B) AllocSpace objects, 0(0B) LOS objects, 38% free, 26MB/42MB, paused 201us total 15.632ms
08-05 02:29:30.948  2110  2122 I art     : Starting a blocking GC Explicit
08-05 02:29:30.960  2110  2122 I art     : Explicit concurrent mark sweep GC freed 3(96B) AllocSpace objects, 0(0B) LOS objects, 38% free, 26MB/42MB, paused 179us total 12.263ms
08-05 02:29:30.966  2110  2122 I art     : Starting a blocking GC Explicit
08-05 02:29:30.979  2110  2122 I art     : Explicit concurrent mark sweep GC freed 3(96B) AllocSpace objects, 0(0B) LOS objects, 38% free, 26MB/42MB, paused 191us total 11.914ms
08-05 02:29:30.985  2110  2122 I art     : Starting a blocking GC Explicit
08-05 02:29:30.997  2110  2122 I art     : Explicit concurrent mark sweep GC freed 3(96B) AllocSpace objects, 0(0B) LOS objects, 38% free, 26MB/42MB, paused 188us total 11.918ms
08-05 02:29:31.287  2110  2123 I art     : Starting a blocking GC Explicit
08-05 02:29:31.299  2110  2123 I art     : Explicit concurrent mark sweep GC freed 1376(79KB) AllocSpace objects, 1(20KB) LOS objects, 38% free, 26MB/42MB, paused 182us total 11.849ms
08-05 02:29:31.305  2110  2123 I art     : Starting a blocking GC Explicit
08-05 02:29:31.316  2110  2123 I art     : Explicit concurrent mark sweep GC freed 20(704B) AllocSpace objects, 0(0B) LOS objects, 38% free, 26MB/42MB, paused 177us total 10.389ms
08-05 02:29:31.321  2110  2123 I art     : Starting a blocking GC Explicit
08-05 02:29:31.331  2110  2123 I art     : Explicit concurrent mark sweep GC freed 3(96B) AllocSpace objects, 0(0B) LOS objects, 38% free, 26MB/42MB, paused 180us total 9.751ms
08-05 02:29:31.337  2110  2123 I art     : Starting a blocking GC Explicit
08-05 02:29:31.347  2110  2123 I art     : Explicit concurrent mark sweep GC freed 3(96B) AllocSpace objects, 0(0B) LOS objects, 38% free, 26MB/42MB, paused 195us total 9.970ms
08-05 02:29:31.352  2110  2123 I art     : Starting a blocking GC Explicit
08-05 02:29:31.362  2110  2123 I art     : Explicit concurrent mark sweep GC freed 3(96B) AllocSpace objects, 0(0B) LOS objects, 38% free, 26MB/42MB, paused 171us total 10.315ms
08-05 02:29:31.599  2110  2122 I art     : Starting a blocking GC Explicit
08-05 02:29:31.609  2329  2329 D AndroidRuntime: >>>>>> START com.android.internal.os.RuntimeInit uid 2000 <<<<<<
08-05 02:29:31.612  2110  2122 I art     : Explicit concurrent mark sweep GC freed 1376(79KB) AllocSpace objects, 1(20KB) LOS objects, 38% free, 26MB/42MB, paused 208us total 12.817ms
08-05 02:29:31.614  2329  2329 D AndroidRuntime: CheckJNI is OFF
08-05 02:29:31.619  2110  2122 I art     : Starting a blocking GC Explicit
08-05 02:29:31.630  2110  2122 I art     : Explicit concurrent mark sweep GC freed 20(704B) AllocSpace objects, 0(0B) LOS objects, 38% free, 26MB/42MB, paused 178us total 10.433ms
08-05 02:29:31.635  2110  2122 I art     : Starting a blocking GC Explicit
08-05 02:29:31.641  2329  2329 D ICU     : No timezone override file found: /data/misc/zoneinfo/current/icu/icu_tzdata.dat
08-05 02:29:31.646  2110  2122 I art     : Explicit concurrent mark sweep GC freed 3(96B) AllocSpace objects, 0(0B) LOS objects, 38% free, 26MB/42MB, paused 175us total 10.639ms
08-05 02:29:31.652  2110  2122 I art     : Starting a blocking GC Explicit
08-05 02:29:31.663  2110  2122 I art     : Explicit concurrent mark sweep GC freed 3(96B) AllocSpace objects, 0(0B) LOS objects, 38% free, 26MB/42MB, paused 190us total 10.649ms
08-05 02:29:31.666  2329  2329 I Radio-JNI: register_android_hardware_Radio DONE
08-05 02:29:31.668  2110  2122 I art     : Starting a blocking GC Explicit
08-05 02:29:31.679  2110  2122 I art     : Explicit concurrent mark sweep GC freed 3(96B) AllocSpace objects, 0(0B) LOS objects, 38% free, 26MB/42MB, paused 174us total 10.767ms
08-05 02:29:31.682  2329  2329 D AndroidRuntime: Calling main entry com.android.commands.input.Input
08-05 02:29:31.683  2329  2329 I Input   : injectMotionEvent: MotionEvent { action=ACTION_DOWN, actionButton=0, id[0]=0, x[0]=594.0, y[0]=330.0, toolType[0]=TOOL_TYPE_UNKNOWN, buttonState=0, metaState=0, flags=0x0, edgeFlags=0x0, pointerCount=1, historySize=0, eventTime=757788096, downTime=757788096, deviceId=0, source=0x1002 }
08-05 02:29:31.690  2329  2329 I Input   : injectMotionEvent: MotionEvent { action=ACTION_UP, actionButton=0, id[0]=0, x[0]=594.0, y[0]=330.0, toolType[0]=TOOL_TYPE_UNKNOWN, buttonState=0, metaState=0, flags=0x0, edgeFlags=0x0, pointerCount=1, historySize=0, eventTime=757788096, downTime=757788096, deviceId=0, source=0x1002 }
08-05 02:29:31.692  2329  2329 D AndroidRuntime: Shutting down VM
08-05 02:29:31.761   918  4413 I ActivityManager: START u0 {cmp=baseline.com.newsblur/.activity.GlobalSharedStoriesItemsList (has extras)} from uid 10676 on display 0
08-05 02:29:31.785  2110  2352 I baseline.com.newsblur.database.BlurDatabaseHelper: reading session reset
08-05 02:29:31.840 28959 28959 I ServiceManager: Waiting for service AtCmdFwd...
08-05 02:29:31.890  2110  2122 I art     : Starting a blocking GC Explicit
08-05 02:29:31.905  2110  2122 I art     : Explicit concurrent mark sweep GC freed 6597(544KB) AllocSpace objects, 9(304KB) LOS objects, 36% free, 27MB/43MB, paused 767us total 14.821ms
08-05 02:29:31.910  2110  2110 W View    : requestLayout() improperly called by android.widget.FrameLayout{ef74ba4 V.E...... ......ID 0,0-1440,0 #7f07003f app:id/footer_view_inner} during layout: running second layout pass
08-05 02:29:31.911  2110  2110 W View    : requestLayout() improperly called by android.widget.FrameLayout{d2f5d0d V.E...... ......ID 0,0-1440,2091 #7f07003f app:id/footer_view_inner} during layout: running second layout pass
08-05 02:29:31.912  2110  2122 I art     : Starting a blocking GC Explicit
08-05 02:29:31.926  2110  2122 I art     : Explicit concurrent mark sweep GC freed 556(34KB) AllocSpace objects, 0(0B) LOS objects, 36% free, 27MB/43MB, paused 211us total 13.816ms
08-05 02:29:31.933   918   936 I ActivityManager: Displayed baseline.com.newsblur/.activity.GlobalSharedStoriesItemsList: +162ms
08-05 02:29:31.933  2110  2122 I art     : Starting a blocking GC Explicit
08-05 02:29:31.933 13866 13866 I GoogleInputMethodServic: GoogleInputMethodService.onFinishInput():3138 
08-05 02:29:31.934 13866 13866 I GoogleInputMethodServic: GoogleInputMethodService.onStartInput():1808 
08-05 02:29:31.946  2110  2122 I art     : Explicit concurrent mark sweep GC freed 1377(113KB) AllocSpace objects, 4(80KB) LOS objects, 36% free, 27MB/43MB, paused 250us total 12.570ms
08-05 02:29:31.955  2110  2122 I art     : Starting a blocking GC Explicit
08-05 02:29:31.967  2110  2122 I art     : Explicit concurrent mark sweep GC freed 391(35KB) AllocSpace objects, 1(20KB) LOS objects, 36% free, 27MB/43MB, paused 266us total 12.036ms
08-05 02:29:31.973  2110  2122 I art     : Starting a blocking GC Explicit
08-05 02:29:31.985  2110  2122 I art     : Explicit concurrent mark sweep GC freed 70(2608B) AllocSpace objects, 0(0B) LOS objects, 36% free, 27MB/43MB, paused 236us total 11.784ms
08-05 02:29:32.205  2110  2366 I art     : Starting a blocking GC Explicit
08-05 02:29:32.219  2110  2366 I art     : Explicit concurrent mark sweep GC freed 1769(113KB) AllocSpace objects, 2(40KB) LOS objects, 36% free, 27MB/43MB, paused 262us total 13.453ms
08-05 02:29:32.224  2110  2366 I art     : Starting a blocking GC Explicit
08-05 02:29:32.236  2110  2366 I art     : Explicit concurrent mark sweep GC freed 54(1888B) AllocSpace objects, 0(0B) LOS objects, 36% free, 27MB/43MB, paused 241us total 11.429ms
08-05 02:29:32.242  2110  2366 I art     : Starting a blocking GC Explicit
08-05 02:29:32.254  2110  2366 I art     : Explicit concurrent mark sweep GC freed 4(128B) AllocSpace objects, 0(0B) LOS objects, 36% free, 27MB/43MB, paused 249us total 11.441ms
08-05 02:29:32.259  2110  2366 I art     : Starting a blocking GC Explicit
08-05 02:29:32.271  2110  2366 I art     : Explicit concurrent mark sweep GC freed 4(128B) AllocSpace objects, 0(0B) LOS objects, 36% free, 27MB/43MB, paused 238us total 11.825ms
08-05 02:29:32.277  2110  2366 I art     : Starting a blocking GC Explicit
08-05 02:29:32.289  2110  2366 I art     : Explicit concurrent mark sweep GC freed 4(128B) AllocSpace objects, 0(0B) LOS objects, 36% free, 27MB/43MB, paused 237us total 12.170ms
08-05 02:29:32.510  2110  2367 I NAPPA_EXPERIMENTATION: MetricNetworkRequestExecutionTime: REQUEST_DURATION_SYSTEM='559',REQUEST_DURATION_OKHTTP='47',REQUEST_SYNCHRONOUS='TRUE',RESPONSE_CODE='200',RESPONSE_METHOD='GET',RESPONSE_LENGTH_OKHTTP='-1',RESPONSE_LENGTH_HEADER='13047',REQUEST_PROTOCOL='http/1.1',REQUEST_URL='https://www.newsblur.com/social/river_stories?order=newest&page=1&read_filter=all&global_feed=true',
08-05 02:29:32.510  2110  2367 D MY_TAG  : 0, 559
08-05 02:29:32.569  2110  2366 I art     : Starting a blocking GC Explicit
08-05 02:29:32.590  2110  2366 I art     : Explicit concurrent mark sweep GC freed 21562(1378KB) AllocSpace objects, 18(628KB) LOS objects, 36% free, 28MB/44MB, paused 471us total 21.318ms
08-05 02:29:32.596  2110  2366 I art     : Starting a blocking GC Explicit
08-05 02:29:32.612  2110  2366 I art     : Explicit concurrent mark sweep GC freed 13385(829KB) AllocSpace objects, 5(100KB) LOS objects, 36% free, 27MB/43MB, paused 272us total 15.250ms
08-05 02:29:32.618  2110  2366 I art     : Starting a blocking GC Explicit
08-05 02:29:32.632  2110  2366 I art     : Explicit concurrent mark sweep GC freed 1470(155KB) AllocSpace objects, 7(228KB) LOS objects, 36% free, 27MB/43MB, paused 354us total 13.857ms
08-05 02:29:32.639  2110  2366 I art     : Starting a blocking GC Explicit
08-05 02:29:32.652  2110  2366 I art     : Explicit concurrent mark sweep GC freed 1247(225KB) AllocSpace objects, 11(220KB) LOS objects, 36% free, 27MB/43MB, paused 327us total 12.678ms
08-05 02:29:32.658  2110  2366 I art     : Starting a blocking GC Explicit
08-05 02:29:32.672  2110  2366 I art     : Explicit concurrent mark sweep GC freed 831(53KB) AllocSpace objects, 2(40KB) LOS objects, 36% free, 27MB/43MB, paused 492us total 13.375ms
08-05 02:29:32.764  2110  2398 I NAPPA_EXPERIMENTATION: MetricNetworkRequestExecutionTime: REQUEST_DURATION_SYSTEM='54',REQUEST_DURATION_OKHTTP='48',REQUEST_SYNCHRONOUS='TRUE',RESPONSE_CODE='200',RESPONSE_METHOD='GET',RESPONSE_LENGTH_OKHTTP='43',RESPONSE_LENGTH_HEADER='43',REQUEST_PROTOCOL='http/1.1',REQUEST_URL='http://feeds.feedburner.com/~r/retort/~4/UffaFMiJbNs',
08-05 02:29:32.841 28959 28959 I ServiceManager: Waiting for service AtCmdFwd...
08-05 02:29:32.941  2110  2123 I art     : Starting a blocking GC Explicit
08-05 02:29:32.962  2110  2123 I art     : Explicit concurrent mark sweep GC freed 10177(542KB) AllocSpace objects, 9(320KB) LOS objects, 36% free, 28MB/44MB, paused 687us total 21.377ms
08-05 02:29:32.970  2110  2123 I art     : Starting a blocking GC Explicit
08-05 02:29:32.986  2110  2123 I art     : Explicit concurrent mark sweep GC freed 4495(317KB) AllocSpace objects, 0(0B) LOS objects, 36% free, 28MB/44MB, paused 463us total 15.892ms
08-05 02:29:32.993  2110  2123 I art     : Starting a blocking GC Explicit
08-05 02:29:33.010  2110  2123 I art     : Explicit concurrent mark sweep GC freed 76(2608B) AllocSpace objects, 0(0B) LOS objects, 36% free, 28MB/44MB, paused 461us total 16.171ms
08-05 02:29:33.017  2110  2123 I art     : Starting a blocking GC Explicit
08-05 02:29:33.032  2110  2123 I art     : Explicit concurrent mark sweep GC freed 153(6KB) AllocSpace objects, 0(0B) LOS objects, 36% free, 28MB/44MB, paused 442us total 14.642ms
08-05 02:29:33.038  2110  2123 I art     : Starting a blocking GC Explicit
08-05 02:29:33.052  2110  2123 I art     : Explicit concurrent mark sweep GC freed 97(5KB) AllocSpace objects, 0(0B) LOS objects, 36% free, 28MB/44MB, paused 440us total 14.317ms
08-05 02:29:33.062  2110  2400 I NAPPA_EXPERIMENTATION: MetricNetworkRequestExecutionTime: REQUEST_DURATION_SYSTEM='341',REQUEST_DURATION_OKHTTP='160',REQUEST_SYNCHRONOUS='TRUE',RESPONSE_CODE='200',RESPONSE_METHOD='GET',RESPONSE_LENGTH_OKHTTP='79351',RESPONSE_LENGTH_HEADER='79351',REQUEST_PROTOCOL='h2',REQUEST_URL='https://images.fastcompany.net/image/upload/w_1280,q_auto,f_auto,fl_lossy/wp-cms/uploads/2020/07/p-1-90532920-this-chart-shows-how-effective-masks-can-be.png',
08-05 02:29:33.222  2110  2399 I NAPPA_EXPERIMENTATION: MetricNetworkRequestExecutionTime: REQUEST_DURATION_SYSTEM='530',REQUEST_DURATION_OKHTTP='116',REQUEST_SYNCHRONOUS='TRUE',RESPONSE_CODE='200',RESPONSE_METHOD='GET',RESPONSE_LENGTH_OKHTTP='243',RESPONSE_LENGTH_HEADER='243',REQUEST_PROTOCOL='http/1.1',REQUEST_URL='https://s3.amazonaws.com/icons.newsblur.com/18178.png',
08-05 02:29:33.238  2110  2397 I NAPPA_EXPERIMENTATION: MetricNetworkRequestExecutionTime: REQUEST_DURATION_SYSTEM='555',REQUEST_DURATION_OKHTTP='130',REQUEST_SYNCHRONOUS='TRUE',RESPONSE_CODE='200',RESPONSE_METHOD='GET',RESPONSE_LENGTH_OKHTTP='145',RESPONSE_LENGTH_HEADER='145',REQUEST_PROTOCOL='http/1.1',REQUEST_URL='https://s3.amazonaws.com/icons.newsblur.com/6882243.png',
08-05 02:29:33.261  2110  2401 I NAPPA_EXPERIMENTATION: MetricNetworkRequestExecutionTime: REQUEST_DURATION_SYSTEM='561',REQUEST_DURATION_OKHTTP='155',REQUEST_SYNCHRONOUS='TRUE',RESPONSE_CODE='200',RESPONSE_METHOD='GET',RESPONSE_LENGTH_OKHTTP='477',RESPONSE_LENGTH_HEADER='477',REQUEST_PROTOCOL='http/1.1',REQUEST_URL='https://s3.amazonaws.com/icons.newsblur.com/5762506.png',
08-05 02:29:33.301  2110  2123 I art     : Starting a blocking GC Explicit
08-05 02:29:33.323  2110  2123 I art     : Explicit concurrent mark sweep GC freed 12897(677KB) AllocSpace objects, 13(3MB) LOS objects, 34% free, 30MB/46MB, paused 504us total 21.821ms
08-05 02:29:33.330  2110  2123 I art     : Starting a blocking GC Explicit
08-05 02:29:33.347  2110  2123 I art     : Explicit concurrent mark sweep GC freed 385(13KB) AllocSpace objects, 1(20KB) LOS objects, 34% free, 30MB/46MB, paused 331us total 16.831ms
08-05 02:29:33.354  2110  2123 I art     : Starting a blocking GC Explicit
08-05 02:29:33.368  2110  2123 I art     : Explicit concurrent mark sweep GC freed 6(192B) AllocSpace objects, 0(0B) LOS objects, 34% free, 30MB/46MB, paused 315us total 14.344ms
08-05 02:29:33.375  2110  2123 I art     : Starting a blocking GC Explicit
08-05 02:29:33.390  2110  2123 I art     : Explicit concurrent mark sweep GC freed 3(96B) AllocSpace objects, 0(0B) LOS objects, 34% free, 30MB/46MB, paused 346us total 14.888ms
08-05 02:29:33.396  2110  2123 I art     : Starting a blocking GC Explicit
08-05 02:29:33.411  2110  2123 I art     : Explicit concurrent mark sweep GC freed 3(96B) AllocSpace objects, 0(0B) LOS objects, 34% free, 30MB/46MB, paused 405us total 15.070ms
08-05 02:29:33.690  2110  2122 I art     : Starting a blocking GC Explicit
08-05 02:29:33.707  2110  2122 I art     : Explicit concurrent mark sweep GC freed 1387(82KB) AllocSpace objects, 1(20KB) LOS objects, 34% free, 30MB/46MB, paused 377us total 17.167ms
08-05 02:29:33.714  2110  2122 I art     : Starting a blocking GC Explicit
08-05 02:29:33.730  2110  2122 I art     : Explicit concurrent mark sweep GC freed 20(720B) AllocSpace objects, 0(0B) LOS objects, 34% free, 30MB/46MB, paused 344us total 15.477ms
08-05 02:29:33.737  2110  2122 I art     : Starting a blocking GC Explicit
08-05 02:29:33.751  2110  2122 I art     : Explicit concurrent mark sweep GC freed 3(96B) AllocSpace objects, 0(0B) LOS objects, 34% free, 30MB/46MB, paused 332us total 14.724ms
08-05 02:29:33.758  2110  2122 I art     : Starting a blocking GC Explicit
08-05 02:29:33.773  2110  2122 I art     : Explicit concurrent mark sweep GC freed 3(96B) AllocSpace objects, 0(0B) LOS objects, 34% free, 30MB/46MB, paused 329us total 14.995ms
08-05 02:29:33.780  2110  2122 I art     : Starting a blocking GC Explicit
08-05 02:29:33.795  2110  2122 I art     : Explicit concurrent mark sweep GC freed 3(96B) AllocSpace objects, 0(0B) LOS objects, 34% free, 30MB/46MB, paused 340us total 15.315ms
08-05 02:29:33.842 28959 28959 I ServiceManager: Waiting for service AtCmdFwd...
08-05 02:29:34.100  2110  2366 I art     : Starting a blocking GC Explicit
08-05 02:29:34.120  2110  2366 I art     : Explicit concurrent mark sweep GC freed 1387(80KB) AllocSpace objects, 1(20KB) LOS objects, 34% free, 30MB/46MB, paused 370us total 18.757ms
08-05 02:29:34.130  2110  2366 I art     : Starting a blocking GC Explicit
08-05 02:29:34.145  2110  2366 I art     : Explicit concurrent mark sweep GC freed 20(704B) AllocSpace objects, 0(0B) LOS objects, 34% free, 30MB/46MB, paused 329us total 14.908ms
08-05 02:29:34.151  2110  2366 I art     : Starting a blocking GC Explicit
08-05 02:29:34.166  2110  2366 I art     : Explicit concurrent mark sweep GC freed 3(96B) AllocSpace objects, 0(0B) LOS objects, 34% free, 30MB/46MB, paused 334us total 14.675ms
08-05 02:29:34.173  2110  2366 I art     : Starting a blocking GC Explicit
08-05 02:29:34.188  2110  2366 I art     : Explicit concurrent mark sweep GC freed 3(96B) AllocSpace objects, 0(0B) LOS objects, 34% free, 30MB/46MB, paused 343us total 14.838ms
08-05 02:29:34.194  2110  2366 I art     : Starting a blocking GC Explicit
08-05 02:29:34.209  2110  2366 I art     : Explicit concurrent mark sweep GC freed 3(96B) AllocSpace objects, 0(0B) LOS objects, 34% free, 30MB/46MB, paused 331us total 14.947ms
08-05 02:29:34.511  2110  2123 I art     : Starting a blocking GC Explicit
08-05 02:29:34.529  2110  2123 I art     : Explicit concurrent mark sweep GC freed 1386(80KB) AllocSpace objects, 1(20KB) LOS objects, 34% free, 30MB/46MB, paused 399us total 17.851ms
08-05 02:29:34.536  2110  2123 I art     : Starting a blocking GC Explicit
08-05 02:29:34.551  2110  2123 I art     : Explicit concurrent mark sweep GC freed 20(704B) AllocSpace objects, 0(0B) LOS objects, 34% free, 30MB/46MB, paused 350us total 15.252ms
08-05 02:29:34.558  2110  2123 I art     : Starting a blocking GC Explicit
08-05 02:29:34.573  2110  2123 I art     : Explicit concurrent mark sweep GC freed 3(96B) AllocSpace objects, 0(0B) LOS objects, 34% free, 30MB/46MB, paused 340us total 15.319ms
08-05 02:29:34.580  2110  2123 I art     : Starting a blocking GC Explicit
08-05 02:29:34.595  2110  2123 I art     : Explicit concurrent mark sweep GC freed 3(96B) AllocSpace objects, 0(0B) LOS objects, 34% free, 30MB/46MB, paused 320us total 14.641ms
08-05 02:29:34.602  2110  2123 I art     : Starting a blocking GC Explicit
08-05 02:29:34.617  2110  2123 I art     : Explicit concurrent mark sweep GC freed 3(96B) AllocSpace objects, 0(0B) LOS objects, 34% free, 30MB/46MB, paused 376us total 15.232ms
08-05 02:29:34.842 28959 28959 W Atfwd_Sendcmd: AtCmdFwd service not published, waiting... retryCnt : 2
08-05 02:29:34.916  2110  2122 I art     : Starting a blocking GC Explicit
08-05 02:29:34.934  2110  2122 I art     : Explicit concurrent mark sweep GC freed 1386(80KB) AllocSpace objects, 1(20KB) LOS objects, 34% free, 30MB/46MB, paused 360us total 18.012ms
08-05 02:29:34.943  2110  2122 I art     : Starting a blocking GC Explicit
08-05 02:29:34.959  2110  2122 I art     : Explicit concurrent mark sweep GC freed 20(704B) AllocSpace objects, 0(0B) LOS objects, 34% free, 30MB/46MB, paused 345us total 15.716ms
08-05 02:29:34.966  2110  2122 I art     : Starting a blocking GC Explicit
08-05 02:29:34.981  2110  2122 I art     : Explicit concurrent mark sweep GC freed 3(96B) AllocSpace objects, 0(0B) LOS objects, 34% free, 30MB/46MB, paused 332us total 14.942ms
08-05 02:29:34.988  2110  2122 I art     : Starting a blocking GC Explicit
08-05 02:29:35.003  2110  2122 I art     : Explicit concurrent mark sweep GC freed 3(96B) AllocSpace objects, 0(0B) LOS objects, 34% free, 30MB/46MB, paused 331us total 15.192ms
08-05 02:29:35.010  2110  2122 I art     : Starting a blocking GC Explicit
08-05 02:29:35.025  2110  2122 I art     : Explicit concurrent mark sweep GC freed 3(96B) AllocSpace objects, 0(0B) LOS objects, 34% free, 30MB/46MB, paused 325us total 15.023ms
08-05 02:29:35.337  2110  2366 I art     : Starting a blocking GC Explicit
08-05 02:29:35.356  2110  2366 I art     : Explicit concurrent mark sweep GC freed 1387(80KB) AllocSpace objects, 1(20KB) LOS objects, 34% free, 30MB/46MB, paused 354us total 19.263ms
08-05 02:29:35.365  2110  2366 I art     : Starting a blocking GC Explicit
08-05 02:29:35.380  2110  2366 I art     : Explicit concurrent mark sweep GC freed 20(704B) AllocSpace objects, 0(0B) LOS objects, 34% free, 30MB/46MB, paused 327us total 15.071ms
08-05 02:29:35.387  2110  2366 I art     : Starting a blocking GC Explicit
08-05 02:29:35.402  2110  2366 I art     : Explicit concurrent mark sweep GC freed 3(96B) AllocSpace objects, 0(0B) LOS objects, 34% free, 30MB/46MB, paused 307us total 14.582ms
08-05 02:29:35.408  2110  2366 I art     : Starting a blocking GC Explicit
08-05 02:29:35.422  2110  2366 I art     : Explicit concurrent mark sweep GC freed 3(96B) AllocSpace objects, 0(0B) LOS objects, 34% free, 30MB/46MB, paused 310us total 13.844ms
08-05 02:29:35.428  2110  2366 I art     : Starting a blocking GC Explicit
08-05 02:29:35.443  2110  2366 I art     : Explicit concurrent mark sweep GC freed 3(96B) AllocSpace objects, 0(0B) LOS objects, 34% free, 30MB/46MB, paused 324us total 14.615ms
08-05 02:29:35.758  2110  2123 I art     : Starting a blocking GC Explicit
08-05 02:29:35.776  2110  2123 I art     : Explicit concurrent mark sweep GC freed 1386(80KB) AllocSpace objects, 1(20KB) LOS objects, 34% free, 30MB/46MB, paused 365us total 18.400ms
08-05 02:29:35.783  2110  2123 I art     : Starting a blocking GC Explicit
08-05 02:29:35.799  2110  2123 I art     : Explicit concurrent mark sweep GC freed 20(704B) AllocSpace objects, 0(0B) LOS objects, 34% free, 30MB/46MB, paused 639us total 15.856ms
08-05 02:29:35.806  2110  2123 I art     : Starting a blocking GC Explicit
08-05 02:29:35.821  2110  2123 I art     : Explicit concurrent mark sweep GC freed 3(96B) AllocSpace objects, 0(0B) LOS objects, 34% free, 30MB/46MB, paused 339us total 14.991ms
08-05 02:29:35.827  2110  2123 I art     : Starting a blocking GC Explicit
08-05 02:29:35.843  2110  2123 I art     : Explicit concurrent mark sweep GC freed 3(96B) AllocSpace objects, 0(0B) LOS objects, 34% free, 30MB/46MB, paused 345us total 15.212ms
08-05 02:29:35.849  2110  2123 I art     : Starting a blocking GC Explicit
08-05 02:29:35.865  2110  2123 I art     : Explicit concurrent mark sweep GC freed 3(96B) AllocSpace objects, 0(0B) LOS objects, 34% free, 30MB/46MB, paused 336us total 15.213ms
08-05 02:29:36.166  2110  2122 I art     : Starting a blocking GC Explicit
08-05 02:29:36.184  2110  2122 I art     : Explicit concurrent mark sweep GC freed 1386(80KB) AllocSpace objects, 1(20KB) LOS objects, 34% free, 30MB/46MB, paused 349us total 17.957ms
08-05 02:29:36.194  2110  2122 I art     : Starting a blocking GC Explicit
08-05 02:29:36.209  2110  2122 I art     : Explicit concurrent mark sweep GC freed 20(704B) AllocSpace objects, 0(0B) LOS objects, 34% free, 30MB/46MB, paused 331us total 14.987ms
08-05 02:29:36.216  2110  2122 I art     : Starting a blocking GC Explicit
08-05 02:29:36.231  2110  2122 I art     : Explicit concurrent mark sweep GC freed 3(96B) AllocSpace objects, 0(0B) LOS objects, 34% free, 30MB/46MB, paused 403us total 14.999ms
08-05 02:29:36.237  2110  2122 I art     : Starting a blocking GC Explicit
08-05 02:29:36.252  2110  2122 I art     : Explicit concurrent mark sweep GC freed 3(96B) AllocSpace objects, 0(0B) LOS objects, 34% free, 30MB/46MB, paused 331us total 14.845ms
08-05 02:29:36.258  2110  2122 I art     : Starting a blocking GC Explicit
08-05 02:29:36.273  2110  2122 I art     : Explicit concurrent mark sweep GC freed 3(96B) AllocSpace objects, 0(0B) LOS objects, 34% free, 30MB/46MB, paused 323us total 14.597ms
08-05 02:29:36.577  2110  2366 I art     : Starting a blocking GC Explicit
08-05 02:29:36.595  2110  2366 I art     : Explicit concurrent mark sweep GC freed 1386(80KB) AllocSpace objects, 1(20KB) LOS objects, 34% free, 30MB/46MB, paused 355us total 18.348ms
08-05 02:29:36.605  2110  2366 I art     : Starting a blocking GC Explicit
08-05 02:29:36.620  2110  2366 I art     : Explicit concurrent mark sweep GC freed 20(704B) AllocSpace objects, 0(0B) LOS objects, 34% free, 30MB/46MB, paused 335us total 15.347ms
08-05 02:29:36.627  2110  2366 I art     : Starting a blocking GC Explicit
08-05 02:29:36.642  2110  2366 I art     : Explicit concurrent mark sweep GC freed 3(96B) AllocSpace objects, 0(0B) LOS objects, 34% free, 30MB/46MB, paused 328us total 15.295ms
08-05 02:29:36.649  2110  2366 I art     : Starting a blocking GC Explicit
08-05 02:29:36.664  2110  2366 I art     : Explicit concurrent mark sweep GC freed 3(96B) AllocSpace objects, 0(0B) LOS objects, 34% free, 30MB/46MB, paused 363us total 15.206ms
08-05 02:29:36.671  2110  2366 I art     : Starting a blocking GC Explicit
08-05 02:29:36.686  2110  2366 I art     : Explicit concurrent mark sweep GC freed 3(96B) AllocSpace objects, 0(0B) LOS objects, 34% free, 30MB/46MB, paused 330us total 15.039ms
08-05 02:29:36.987  2110  2123 I art     : Starting a blocking GC Explicit
08-05 02:29:37.006  2110  2123 I art     : Explicit concurrent mark sweep GC freed 1386(80KB) AllocSpace objects, 1(20KB) LOS objects, 34% free, 30MB/46MB, paused 375us total 18.156ms
08-05 02:29:37.016  2110  2123 I art     : Starting a blocking GC Explicit
08-05 02:29:37.031  2110  2123 I art     : Explicit concurrent mark sweep GC freed 20(704B) AllocSpace objects, 0(0B) LOS objects, 34% free, 30MB/46MB, paused 316us total 14.746ms
08-05 02:29:37.037  2110  2123 I art     : Starting a blocking GC Explicit
08-05 02:29:37.052  2110  2123 I art     : Explicit concurrent mark sweep GC freed 3(96B) AllocSpace objects, 0(0B) LOS objects, 34% free, 30MB/46MB, paused 332us total 14.778ms
08-05 02:29:37.058  2110  2123 I art     : Starting a blocking GC Explicit
08-05 02:29:37.073  2110  2123 I art     : Explicit concurrent mark sweep GC freed 3(96B) AllocSpace objects, 0(0B) LOS objects, 34% free, 30MB/46MB, paused 339us total 14.701ms
08-05 02:29:37.079  2110  2123 I art     : Starting a blocking GC Explicit
08-05 02:29:37.094  2110  2123 I art     : Explicit concurrent mark sweep GC freed 3(96B) AllocSpace objects, 0(0B) LOS objects, 34% free, 30MB/46MB, paused 334us total 14.761ms
08-05 02:29:37.392  2110  2122 I art     : Starting a blocking GC Explicit
08-05 02:29:37.411  2110  2122 I art     : Explicit concurrent mark sweep GC freed 1386(80KB) AllocSpace objects, 1(20KB) LOS objects, 34% free, 30MB/46MB, paused 366us total 19.575ms
08-05 02:29:37.420  2110  2122 I art     : Starting a blocking GC Explicit
08-05 02:29:37.435  2110  2122 I art     : Explicit concurrent mark sweep GC freed 20(704B) AllocSpace objects, 0(0B) LOS objects, 34% free, 30MB/46MB, paused 311us total 14.819ms
08-05 02:29:37.442  2110  2122 I art     : Starting a blocking GC Explicit
08-05 02:29:37.456  2110  2122 I art     : Explicit concurrent mark sweep GC freed 3(96B) AllocSpace objects, 0(0B) LOS objects, 34% free, 30MB/46MB, paused 329us total 14.495ms
08-05 02:29:37.463  2110  2122 I art     : Starting a blocking GC Explicit
08-05 02:29:37.478  2110  2122 I art     : Explicit concurrent mark sweep GC freed 3(96B) AllocSpace objects, 0(0B) LOS objects, 34% free, 30MB/46MB, paused 333us total 14.968ms
08-05 02:29:37.484  2110  2122 I art     : Starting a blocking GC Explicit
08-05 02:29:37.499  2110  2122 I art     : Explicit concurrent mark sweep GC freed 3(96B) AllocSpace objects, 0(0B) LOS objects, 34% free, 30MB/46MB, paused 332us total 14.890ms
08-05 02:29:37.799  2110  2366 I art     : Starting a blocking GC Explicit
08-05 02:29:37.817  2110  2366 I art     : Explicit concurrent mark sweep GC freed 1386(80KB) AllocSpace objects, 1(20KB) LOS objects, 34% free, 30MB/46MB, paused 483us total 18.171ms
08-05 02:29:37.826  2110  2366 I art     : Starting a blocking GC Explicit
08-05 02:29:37.841  2110  2366 I art     : Explicit concurrent mark sweep GC freed 20(704B) AllocSpace objects, 0(0B) LOS objects, 34% free, 30MB/46MB, paused 328us total 15.287ms
08-05 02:29:37.848  2110  2366 I art     : Starting a blocking GC Explicit
08-05 02:29:37.863  2110  2366 I art     : Explicit concurrent mark sweep GC freed 3(96B) AllocSpace objects, 0(0B) LOS objects, 34% free, 30MB/46MB, paused 333us total 15.199ms
08-05 02:29:37.870  2110  2366 I art     : Starting a blocking GC Explicit
08-05 02:29:37.885  2110  2366 I art     : Explicit concurrent mark sweep GC freed 3(96B) AllocSpace objects, 0(0B) LOS objects, 34% free, 30MB/46MB, paused 338us total 15.201ms
08-05 02:29:37.891  2110  2366 I art     : Starting a blocking GC Explicit
08-05 02:29:37.907  2110  2366 I art     : Explicit concurrent mark sweep GC freed 3(96B) AllocSpace objects, 0(0B) LOS objects, 34% free, 30MB/46MB, paused 477us total 15.223ms
08-05 02:29:38.198  2110  2366 I art     : Starting a blocking GC Explicit
08-05 02:29:38.214  2110  2366 I art     : Explicit concurrent mark sweep GC freed 1386(80KB) AllocSpace objects, 1(20KB) LOS objects, 34% free, 30MB/46MB, paused 334us total 15.362ms
08-05 02:29:38.220  2110  2366 I art     : Starting a blocking GC Explicit
08-05 02:29:38.235  2110  2366 I art     : Explicit concurrent mark sweep GC freed 360(12KB) AllocSpace objects, 0(0B) LOS objects, 34% free, 30MB/46MB, paused 321us total 14.743ms
08-05 02:29:38.241  2110  2366 I art     : Starting a blocking GC Explicit
08-05 02:29:38.256  2110  2366 I art     : Explicit concurrent mark sweep GC freed 3(96B) AllocSpace objects, 0(0B) LOS objects, 34% free, 30MB/46MB, paused 326us total 14.237ms
08-05 02:29:38.263  2110  2366 I art     : Starting a blocking GC Explicit
08-05 02:29:38.278  2110  2366 I art     : Explicit concurrent mark sweep GC freed 3(96B) AllocSpace objects, 0(0B) LOS objects, 34% free, 30MB/46MB, paused 340us total 15.071ms
08-05 02:29:38.284  2110  2366 I art     : Starting a blocking GC Explicit
08-05 02:29:38.300  2110  2366 I art     : Explicit concurrent mark sweep GC freed 3(96B) AllocSpace objects, 0(0B) LOS objects, 34% free, 30MB/46MB, paused 351us total 15.286ms
08-05 02:29:38.361   918  3261 D WifiStateMachine: starting scan for "H369AA63323"WPA_PSK with 2412,5180
08-05 02:29:38.609  2110  2123 I art     : Starting a blocking GC Explicit
08-05 02:29:38.628  2110  2123 I art     : Explicit concurrent mark sweep GC freed 1386(80KB) AllocSpace objects, 1(20KB) LOS objects, 34% free, 30MB/46MB, paused 394us total 18.649ms
08-05 02:29:38.637  2110  2123 I art     : Starting a blocking GC Explicit
08-05 02:29:38.652  2110  2123 I art     : Explicit concurrent mark sweep GC freed 20(704B) AllocSpace objects, 0(0B) LOS objects, 34% free, 30MB/46MB, paused 332us total 14.530ms
08-05 02:29:38.658  2110  2123 I art     : Starting a blocking GC Explicit
08-05 02:29:38.673  2110  2123 I art     : Explicit concurrent mark sweep GC freed 3(96B) AllocSpace objects, 0(0B) LOS objects, 34% free, 30MB/46MB, paused 340us total 14.610ms
08-05 02:29:38.679  2110  2123 I art     : Starting a blocking GC Explicit
08-05 02:29:38.694  2110  2123 I art     : Explicit concurrent mark sweep GC freed 3(96B) AllocSpace objects, 0(0B) LOS objects, 34% free, 30MB/46MB, paused 343us total 14.737ms
08-05 02:29:38.700  2110  2123 I art     : Starting a blocking GC Explicit
08-05 02:29:38.715  2110  2123 I art     : Explicit concurrent mark sweep GC freed 3(96B) AllocSpace objects, 0(0B) LOS objects, 34% free, 30MB/46MB, paused 348us total 14.487ms
08-05 02:29:39.038  2110  2122 I art     : Starting a blocking GC Explicit
08-05 02:29:39.057  2110  2122 I art     : Explicit concurrent mark sweep GC freed 1386(80KB) AllocSpace objects, 1(20KB) LOS objects, 34% free, 30MB/46MB, paused 376us total 19.342ms
08-05 02:29:39.064  2110  2122 I art     : Starting a blocking GC Explicit
08-05 02:29:39.080  2110  2122 I art     : Explicit concurrent mark sweep GC freed 20(704B) AllocSpace objects, 0(0B) LOS objects, 34% free, 30MB/46MB, paused 358us total 15.576ms
08-05 02:29:39.087  2110  2122 I art     : Starting a blocking GC Explicit
08-05 02:29:39.103  2110  2122 I art     : Explicit concurrent mark sweep GC freed 3(96B) AllocSpace objects, 0(0B) LOS objects, 34% free, 30MB/46MB, paused 331us total 15.048ms
08-05 02:29:39.109  2110  2122 I art     : Starting a blocking GC Explicit
08-05 02:29:39.124  2110  2122 I art     : Explicit concurrent mark sweep GC freed 3(96B) AllocSpace objects, 0(0B) LOS objects, 34% free, 30MB/46MB, paused 338us total 15.189ms
08-05 02:29:39.131  2110  2122 I art     : Starting a blocking GC Explicit
08-05 02:29:39.146  2110  2122 I art     : Explicit concurrent mark sweep GC freed 3(96B) AllocSpace objects, 0(0B) LOS objects, 34% free, 30MB/46MB, paused 330us total 15.021ms
08-05 02:29:39.452  2110  2366 I art     : Starting a blocking GC Explicit
08-05 02:29:39.471  2110  2366 I art     : Explicit concurrent mark sweep GC freed 1386(80KB) AllocSpace objects, 1(20KB) LOS objects, 34% free, 30MB/46MB, paused 381us total 18.402ms
08-05 02:29:39.478  2110  2366 I art     : Starting a blocking GC Explicit
08-05 02:29:39.494  2110  2366 I art     : Explicit concurrent mark sweep GC freed 20(704B) AllocSpace objects, 0(0B) LOS objects, 34% free, 30MB/46MB, paused 331us total 15.533ms
08-05 02:29:39.501  2110  2366 I art     : Starting a blocking GC Explicit
08-05 02:29:39.517  2110  2366 I art     : Explicit concurrent mark sweep GC freed 3(96B) AllocSpace objects, 0(0B) LOS objects, 34% free, 30MB/46MB, paused 366us total 15.136ms
08-05 02:29:39.523  2110  2366 I art     : Starting a blocking GC Explicit
08-05 02:29:39.538  2110  2366 I art     : Explicit concurrent mark sweep GC freed 3(96B) AllocSpace objects, 0(0B) LOS objects, 34% free, 30MB/46MB, paused 344us total 14.955ms
08-05 02:29:39.545  2110  2366 I art     : Starting a blocking GC Explicit
08-05 02:29:39.560  2110  2366 I art     : Explicit concurrent mark sweep GC freed 3(96B) AllocSpace objects, 0(0B) LOS objects, 34% free, 30MB/46MB, paused 316us total 15.118ms
08-05 02:29:39.847  2110  2123 I art     : Starting a blocking GC Explicit
08-05 02:29:39.865  2110  2123 I art     : Explicit concurrent mark sweep GC freed 1386(80KB) AllocSpace objects, 1(20KB) LOS objects, 34% free, 30MB/46MB, paused 361us total 16.977ms
08-05 02:29:39.873  2110  2123 I art     : Starting a blocking GC Explicit
08-05 02:29:39.889  2110  2123 I art     : Explicit concurrent mark sweep GC freed 20(704B) AllocSpace objects, 0(0B) LOS objects, 34% free, 30MB/46MB, paused 344us total 16.151ms
08-05 02:29:39.896  2110  2123 I art     : Starting a blocking GC Explicit
08-05 02:29:39.911  2110  2123 I art     : Explicit concurrent mark sweep GC freed 3(96B) AllocSpace objects, 0(0B) LOS objects, 34% free, 30MB/46MB, paused 337us total 14.820ms
08-05 02:29:39.917  2110  2123 I art     : Starting a blocking GC Explicit
08-05 02:29:39.932  2110  2123 I art     : Explicit concurrent mark sweep GC freed 3(96B) AllocSpace objects, 0(0B) LOS objects, 34% free, 30MB/46MB, paused 333us total 14.786ms
08-05 02:29:39.938  2110  2123 I art     : Starting a blocking GC Explicit
08-05 02:29:39.953  2110  2123 I art     : Explicit concurrent mark sweep GC freed 3(96B) AllocSpace objects, 0(0B) LOS objects, 34% free, 30MB/46MB, paused 340us total 14.786ms
08-05 02:29:40.282  2110  2122 I art     : Starting a blocking GC Explicit
08-05 02:29:40.301  2110  2122 I art     : Explicit concurrent mark sweep GC freed 1386(80KB) AllocSpace objects, 1(20KB) LOS objects, 34% free, 30MB/46MB, paused 363us total 19.570ms
08-05 02:29:40.310  2110  2122 I art     : Starting a blocking GC Explicit
08-05 02:29:40.326  2110  2122 I art     : Explicit concurrent mark sweep GC freed 20(704B) AllocSpace objects, 0(0B) LOS objects, 34% free, 30MB/46MB, paused 336us total 15.025ms
08-05 02:29:40.332  2110  2122 I art     : Starting a blocking GC Explicit
08-05 02:29:40.346  2110  2122 I art     : Explicit concurrent mark sweep GC freed 3(96B) AllocSpace objects, 0(0B) LOS objects, 34% free, 30MB/46MB, paused 315us total 14.343ms
08-05 02:29:40.352  2110  2122 I art     : Starting a blocking GC Explicit
08-05 02:29:40.367  2110  2122 I art     : Explicit concurrent mark sweep GC freed 3(96B) AllocSpace objects, 0(0B) LOS objects, 34% free, 30MB/46MB, paused 361us total 14.624ms
08-05 02:29:40.367  2110  2121 I art     : WaitForGcToComplete blocked for 10.568ms for cause HeapTrim
08-05 02:29:40.373  2110  2122 I art     : Starting a blocking GC Explicit
08-05 02:29:40.388  2110  2122 I art     : Explicit concurrent mark sweep GC freed 3(96B) AllocSpace objects, 0(0B) LOS objects, 34% free, 30MB/46MB, paused 317us total 14.269ms
08-05 02:29:40.695  2110  2366 I art     : Starting a blocking GC Explicit
08-05 02:29:40.714  2110  2366 I art     : Explicit concurrent mark sweep GC freed 1386(80KB) AllocSpace objects, 1(20KB) LOS objects, 34% free, 30MB/46MB, paused 369us total 18.513ms
08-05 02:29:40.723  2110  2366 I art     : Starting a blocking GC Explicit
08-05 02:29:40.738  2110  2366 I art     : Explicit concurrent mark sweep GC freed 20(704B) AllocSpace objects, 0(0B) LOS objects, 34% free, 30MB/46MB, paused 337us total 15.486ms
08-05 02:29:40.745  2110  2366 I art     : Starting a blocking GC Explicit
08-05 02:29:40.760  2110  2366 I art     : Explicit concurrent mark sweep GC freed 3(96B) AllocSpace objects, 0(0B) LOS objects, 34% free, 30MB/46MB, paused 335us total 15.019ms
08-05 02:29:40.766  2110  2366 I art     : Starting a blocking GC Explicit
08-05 02:29:40.782  2110  2366 I art     : Explicit concurrent mark sweep GC freed 3(96B) AllocSpace objects, 0(0B) LOS objects, 34% free, 30MB/46MB, paused 334us total 15.074ms
08-05 02:29:40.788  2110  2366 I art     : Starting a blocking GC Explicit
08-05 02:29:40.803  2110  2366 I art     : Explicit concurrent mark sweep GC freed 3(96B) AllocSpace objects, 0(0B) LOS objects, 34% free, 30MB/46MB, paused 359us total 14.892ms
08-05 02:29:41.127  2110  2123 I art     : Starting a blocking GC Explicit
08-05 02:29:41.145  2110  2123 I art     : Explicit concurrent mark sweep GC freed 1386(80KB) AllocSpace objects, 1(20KB) LOS objects, 34% free, 30MB/46MB, paused 414us total 17.903ms
08-05 02:29:41.152  2110  2123 I art     : Starting a blocking GC Explicit
08-05 02:29:41.168  2110  2123 I art     : Explicit concurrent mark sweep GC freed 20(704B) AllocSpace objects, 0(0B) LOS objects, 34% free, 30MB/46MB, paused 346us total 15.898ms
08-05 02:29:41.174  2110  2123 I art     : Starting a blocking GC Explicit
08-05 02:29:41.190  2110  2123 I art     : Explicit concurrent mark sweep GC freed 3(96B) AllocSpace objects, 0(0B) LOS objects, 34% free, 30MB/46MB, paused 334us total 15.107ms
08-05 02:29:41.196  2110  2123 I art     : Starting a blocking GC Explicit
08-05 02:29:41.211  2110  2123 I art     : Explicit concurrent mark sweep GC freed 3(96B) AllocSpace objects, 0(0B) LOS objects, 34% free, 30MB/46MB, paused 347us total 15.059ms
08-05 02:29:41.218  2110  2123 I art     : Starting a blocking GC Explicit
08-05 02:29:41.233  2110  2123 I art     : Explicit concurrent mark sweep GC freed 3(96B) AllocSpace objects, 0(0B) LOS objects, 34% free, 30MB/46MB, paused 350us total 15.178ms
08-05 02:29:41.558  2110  2122 I art     : Starting a blocking GC Explicit
08-05 02:29:41.578  2110  2122 I art     : Explicit concurrent mark sweep GC freed 1386(80KB) AllocSpace objects, 1(20KB) LOS objects, 34% free, 30MB/46MB, paused 520us total 19.691ms
08-05 02:29:41.589  2110  2122 I art     : Starting a blocking GC Explicit
08-05 02:29:41.605  2110  2122 I art     : Explicit concurrent mark sweep GC freed 20(704B) AllocSpace objects, 0(0B) LOS objects, 34% free, 30MB/46MB, paused 305us total 15.569ms
08-05 02:29:41.611  2110  2122 I art     : Starting a blocking GC Explicit
08-05 02:29:41.626  2110  2122 I art     : Explicit concurrent mark sweep GC freed 3(96B) AllocSpace objects, 0(0B) LOS objects, 34% free, 30MB/46MB, paused 374us total 14.362ms
08-05 02:29:41.633  2110  2122 I art     : Starting a blocking GC Explicit
08-05 02:29:41.647  2110  2122 I art     : Explicit concurrent mark sweep GC freed 3(96B) AllocSpace objects, 0(0B) LOS objects, 34% free, 30MB/46MB, paused 366us total 13.643ms
08-05 02:29:41.653  2110  2122 I art     : Starting a blocking GC Explicit
08-05 02:29:41.667  2110  2122 I art     : Explicit concurrent mark sweep GC freed 3(96B) AllocSpace objects, 0(0B) LOS objects, 34% free, 30MB/46MB, paused 388us total 14.116ms
08-05 02:29:41.986  2110  2366 I art     : Starting a blocking GC Explicit
08-05 02:29:42.004  2110  2366 I art     : Explicit concurrent mark sweep GC freed 1386(80KB) AllocSpace objects, 1(20KB) LOS objects, 34% free, 30MB/46MB, paused 428us total 17.749ms
08-05 02:29:42.011  2110  2366 I art     : Starting a blocking GC Explicit
08-05 02:29:42.026  2110  2366 I art     : Explicit concurrent mark sweep GC freed 20(704B) AllocSpace objects, 0(0B) LOS objects, 34% free, 30MB/46MB, paused 333us total 14.860ms
08-05 02:29:42.033  2110  2366 I art     : Starting a blocking GC Explicit
08-05 02:29:42.048  2110  2366 I art     : Explicit concurrent mark sweep GC freed 3(96B) AllocSpace objects, 0(0B) LOS objects, 34% free, 30MB/46MB, paused 337us total 14.814ms
08-05 02:29:42.054  2110  2366 I art     : Starting a blocking GC Explicit
08-05 02:29:42.069  2110  2366 I art     : Explicit concurrent mark sweep GC freed 3(96B) AllocSpace objects, 0(0B) LOS objects, 34% free, 30MB/46MB, paused 324us total 15.028ms
08-05 02:29:42.075  2110  2366 I art     : Starting a blocking GC Explicit
08-05 02:29:42.090  2110  2366 I art     : Explicit concurrent mark sweep GC freed 3(96B) AllocSpace objects, 0(0B) LOS objects, 34% free, 30MB/46MB, paused 343us total 14.448ms
08-05 02:29:42.259  2662  2662 D AndroidRuntime: >>>>>> START com.android.internal.os.RuntimeInit uid 2000 <<<<<<
08-05 02:29:42.263  2662  2662 D AndroidRuntime: CheckJNI is OFF
08-05 02:29:42.287  2662  2662 D ICU     : No timezone override file found: /data/misc/zoneinfo/current/icu/icu_tzdata.dat
08-05 02:29:42.313  2662  2662 I Radio-JNI: register_android_hardware_Radio DONE
08-05 02:29:42.329  2662  2662 D AndroidRuntime: Calling main entry com.android.commands.input.Input
08-05 02:29:42.331  2662  2662 I Input   : injectMotionEvent: MotionEvent { action=ACTION_DOWN, actionButton=0, id[0]=0, x[0]=436.0, y[0]=453.0, toolType[0]=TOOL_TYPE_UNKNOWN, buttonState=0, metaState=0, flags=0x0, edgeFlags=0x0, pointerCount=1, historySize=0, eventTime=757798744, downTime=757798744, deviceId=0, source=0x1002 }
08-05 02:29:42.347  2662  2662 I Input   : injectMotionEvent: MotionEvent { action=ACTION_UP, actionButton=0, id[0]=0, x[0]=436.0, y[0]=453.0, toolType[0]=TOOL_TYPE_UNKNOWN, buttonState=0, metaState=0, flags=0x0, edgeFlags=0x0, pointerCount=1, historySize=0, eventTime=757798744, downTime=757798744, deviceId=0, source=0x1002 }
08-05 02:29:42.350  2662  2662 D AndroidRuntime: Shutting down VM
08-05 02:29:42.359   512  2967 D audio_hw_primary: out_set_parameters: enter: usecase(1: low-latency-playback) kvpairs: routing=2
08-05 02:29:42.361   918  6110 I ActivityManager: START u0 {cmp=baseline.com.newsblur/.activity.GlobalSharedStoriesReading (has extras)} from uid 10676 on display 0
08-05 02:29:42.372   512  2967 D audio_hw_primary: select_devices: out_snd_device(2: speaker) in_snd_device(0: none)
08-05 02:29:42.372   512  2967 D msm8974_platform: platform_send_audio_calibration: sending audio calibration for snd_device(2) acdb_id(15)
08-05 02:29:42.372   512  2967 I soundtrigger: audio_extn_sound_trigger_update_device_status: device 0x2 of type 0 for Event 1
08-05 02:29:42.381  2110  2122 I art     : Starting a blocking GC Explicit
08-05 02:29:42.382   512  2967 D audio_hw_primary: enable_snd_device: snd_device(2: speaker)
08-05 02:29:42.384   512  2967 D audio_hw_primary: enable_audio_route: apply and update mixer path: low-latency-playback speaker
08-05 02:29:42.398  2110  2122 I art     : Explicit concurrent mark sweep GC freed 2036(171KB) AllocSpace objects, 3(60KB) LOS objects, 33% free, 31MB/47MB, paused 519us total 16.839ms
08-05 02:29:42.406  2110  2122 I art     : Starting a blocking GC Explicit
08-05 02:29:42.422  2110  2122 I art     : Explicit concurrent mark sweep GC freed 1017(92KB) AllocSpace objects, 1(112KB) LOS objects, 33% free, 31MB/47MB, paused 720us total 15.787ms
08-05 02:29:42.428  2110  2122 I art     : Starting a blocking GC Explicit
08-05 02:29:42.444  2110  2122 I art     : Explicit concurrent mark sweep GC freed 317(32KB) AllocSpace objects, 1(356KB) LOS objects, 33% free, 32MB/48MB, paused 372us total 15.318ms
08-05 02:29:42.450  2110  2122 I art     : Starting a blocking GC Explicit
08-05 02:29:42.465  2110  2122 I art     : Explicit concurrent mark sweep GC freed 98(4KB) AllocSpace objects, 0(0B) LOS objects, 33% free, 32MB/48MB, paused 427us total 14.847ms
08-05 02:29:42.472  2110  2122 I art     : Starting a blocking GC Explicit
08-05 02:29:42.488  2110  2122 I art     : Explicit concurrent mark sweep GC freed 157(26KB) AllocSpace objects, 1(20KB) LOS objects, 33% free, 32MB/48MB, paused 504us total 15.705ms
08-05 02:29:42.545   918   936 I ActivityManager: Displayed baseline.com.newsblur/.activity.GlobalSharedStoriesReading: +177ms
08-05 02:29:42.545 13866 13866 I GoogleInputMethodServic: GoogleInputMethodService.onFinishInput():3138 
08-05 02:29:42.546 13866 13866 I GoogleInputMethodServic: GoogleInputMethodService.onStartInput():1808 
08-05 02:29:42.556  2110  2110 I WebViewFactory: Loading com.google.android.webview version 84.0.4147.89 (code 414708953)
08-05 02:29:42.620  2110  2110 I cr_LibraryLoader: Loaded native library version number "84.0.4147.89"
08-05 02:29:42.621  2110  2110 I cr_CachingUmaRecorder: Flushed 5 samples from 5 histograms.
08-05 02:29:42.649  2110  2110 E chromium: [ERROR:filesystem_posix.cc(62)] mkdir /data/user/0/baseline.com.newsblur/cache/WebView/Crashpad: No such file or directory (2)
08-05 02:29:42.728   918  6029 D ConnectivityService: listenForNetwork for Listen from uid/pid:10676/2110 for NetworkRequest [ id=3117, legacyType=-1, [ Capabilities: INTERNET&NOT_RESTRICTED&TRUSTED] ]
08-05 02:29:42.747  2110  2122 I art     : Starting a blocking GC Explicit
08-05 02:29:42.769  2110  2122 I art     : Explicit concurrent mark sweep GC freed 9051(877KB) AllocSpace objects, 5(100KB) LOS objects, 30% free, 35MB/51MB, paused 893us total 22.569ms
08-05 02:29:42.777  2110  2122 I art     : Starting a blocking GC Explicit
08-05 02:29:42.799  2110  2122 I art     : Explicit concurrent mark sweep GC freed 1740(112KB) AllocSpace objects, 1(20KB) LOS objects, 30% free, 36MB/52MB, paused 1.186ms total 21.362ms
08-05 02:29:42.805  2110  2122 I art     : Starting a blocking GC Explicit
08-05 02:29:42.826  2110  2122 I art     : Explicit concurrent mark sweep GC freed 848(44KB) AllocSpace objects, 0(0B) LOS objects, 30% free, 36MB/52MB, paused 1.104ms total 20.323ms
08-05 02:29:42.840  2110  2715 W cr_media: Requires BLUETOOTH permission
08-05 02:29:42.847  2110  2122 I art     : Starting a blocking GC Explicit
08-05 02:29:42.874  2110  2732 E libEGL  : validate_display:255 error 3008 (EGL_BAD_DISPLAY)
08-05 02:29:42.875  2110  2122 I art     : Explicit concurrent mark sweep GC freed 8570(442KB) AllocSpace objects, 7(168KB) LOS objects, 30% free, 36MB/52MB, paused 957us total 27.990ms
08-05 02:29:42.889  2110  2122 I art     : Starting a blocking GC Explicit
08-05 02:29:42.910  2110  2122 I art     : Explicit concurrent mark sweep GC freed 378(25KB) AllocSpace objects, 3(76KB) LOS objects, 30% free, 36MB/52MB, paused 962us total 21.382ms
08-05 02:29:42.918   512  2967 D audio_hw_primary: disable_audio_route: reset and update mixer path: low-latency-playback speaker
08-05 02:29:42.919   512  2967 D audio_hw_primary: disable_snd_device: snd_device(2: speaker)
08-05 02:29:42.929   512  2967 I soundtrigger: audio_extn_sound_trigger_update_device_status: device 0x2 of type 0 for Event 0
08-05 02:29:43.173  2110  2122 I art     : Starting a blocking GC Explicit
08-05 02:29:43.194  2110  2122 I art     : Explicit concurrent mark sweep GC freed 12211(755KB) AllocSpace objects, 9(188KB) LOS objects, 30% free, 36MB/52MB, paused 586us total 20.820ms
08-05 02:29:43.201  2110  2122 I art     : Starting a blocking GC Explicit
08-05 02:29:43.221  2110  2122 I art     : Explicit concurrent mark sweep GC freed 1036(44KB) AllocSpace objects, 1(28KB) LOS objects, 30% free, 36MB/52MB, paused 632us total 19.764ms
08-05 02:29:43.227  2110  2122 I art     : Starting a blocking GC Explicit
08-05 02:29:43.247  2110  2122 I art     : Explicit concurrent mark sweep GC freed 3(96B) AllocSpace objects, 0(0B) LOS objects, 30% free, 36MB/52MB, paused 657us total 19.224ms
08-05 02:29:43.254  2110  2122 I art     : Starting a blocking GC Explicit
08-05 02:29:43.274  2110  2122 I art     : Explicit concurrent mark sweep GC freed 3(96B) AllocSpace objects, 0(0B) LOS objects, 30% free, 36MB/52MB, paused 613us total 20.526ms
08-05 02:29:43.281  2110  2122 I art     : Starting a blocking GC Explicit
08-05 02:29:43.301  2110  2122 I art     : Explicit concurrent mark sweep GC freed 3(96B) AllocSpace objects, 0(0B) LOS objects, 30% free, 36MB/52MB, paused 647us total 20.112ms
08-05 02:29:43.504  2110  2739 E baseline.com.newsblur.network.APIResponse: Error (unexpected end of stream on https://www.newsblur.com/...) calling https://www.newsblur.com/reader/mark_story_hashes_as_read/
08-05 02:29:43.504  2110  2739 E baseline.com.newsblur.network.APIResponse: java.io.IOException: unexpected end of stream on https://www.newsblur.com/...
08-05 02:29:43.504  2110  2739 E baseline.com.newsblur.network.APIResponse: 	at okhttp3.internal.http1.Http1ExchangeCodec.readResponseHeaders(Http1ExchangeCodec.java:236)
08-05 02:29:43.504  2110  2739 E baseline.com.newsblur.network.APIResponse: 	at okhttp3.internal.connection.Exchange.readResponseHeaders(Exchange.java:115)
08-05 02:29:43.504  2110  2739 E baseline.com.newsblur.network.APIResponse: 	at okhttp3.internal.http.CallServerInterceptor.intercept(CallServerInterceptor.java:94)
08-05 02:29:43.504  2110  2739 E baseline.com.newsblur.network.APIResponse: 	at okhttp3.internal.http.RealInterceptorChain.proceed(RealInterceptorChain.java:142)
08-05 02:29:43.504  2110  2739 E baseline.com.newsblur.network.APIResponse: 	at okhttp3.internal.connection.ConnectInterceptor.intercept(ConnectInterceptor.java:43)
08-05 02:29:43.504  2110  2739 E baseline.com.newsblur.network.APIResponse: 	at okhttp3.internal.http.RealInterceptorChain.proceed(RealInterceptorChain.java:142)
08-05 02:29:43.504  2110  2739 E baseline.com.newsblur.network.APIResponse: 	at okhttp3.internal.http.RealInterceptorChain.proceed(RealInterceptorChain.java:117)
08-05 02:29:43.504  2110  2739 E baseline.com.newsblur.network.APIResponse: 	at okhttp3.internal.cache.CacheInterceptor.intercept(CacheInterceptor.java:94)
08-05 02:29:43.504  2110  2739 E baseline.com.newsblur.network.APIResponse: 	at okhttp3.internal.http.RealInterceptorChain.proceed(RealInterceptorChain.java:142)
08-05 02:29:43.504  2110  2739 E baseline.com.newsblur.network.APIResponse: 	at okhttp3.internal.http.RealInterceptorChain.proceed(RealInterceptorChain.java:117)
08-05 02:29:43.504  2110  2739 E baseline.com.newsblur.network.APIResponse: 	at okhttp3.internal.http.BridgeInterceptor.intercept(BridgeInterceptor.java:93)
08-05 02:29:43.504  2110  2739 E baseline.com.newsblur.network.APIResponse: 	at okhttp3.internal.http.RealInterceptorChain.proceed(RealInterceptorChain.java:142)
08-05 02:29:43.504  2110  2739 E baseline.com.newsblur.network.APIResponse: 	at okhttp3.internal.http.RetryAndFollowUpInterceptor.intercept(RetryAndFollowUpInterceptor.java:88)
08-05 02:29:43.504  2110  2739 E baseline.com.newsblur.network.APIResponse: 	at okhttp3.internal.http.RealInterceptorChain.proceed(RealInterceptorChain.java:142)
08-05 02:29:43.504  2110  2739 E baseline.com.newsblur.network.APIResponse: 	at okhttp3.internal.http.RealInterceptorChain.proceed(RealInterceptorChain.java:117)
08-05 02:29:43.504  2110  2739 E baseline.com.newsblur.network.APIResponse: 	at okhttp3.RealCall.getResponseWithInterceptorChain(RealCall.java:229)
08-05 02:29:43.504  2110  2739 E baseline.com.newsblur.network.APIResponse: 	at okhttp3.RealCall.execute(RealCall.java:81)
08-05 02:29:43.504  2110  2739 E baseline.com.newsblur.network.APIResponse: 	at baseline.com.newsblur.network.APIResponse.<init>(APIResponse.java:57)
08-05 02:29:43.504  2110  2739 E baseline.com.newsblur.network.APIResponse: 	at baseline.com.newsblur.network.APIResponse.<init>(APIResponse.java:43)
08-05 02:29:43.504  2110  2739 E baseline.com.newsblur.network.APIResponse: 	at baseline.com.newsblur.network.APIManager.post_single(APIManager.java:702)
08-05 02:29:43.504  2110  2739 E baseline.com.newsblur.network.APIResponse: 	at baseline.com.newsblur.network.APIManager.post(APIManager.java:675)
08-05 02:29:43.504  2110  2739 E baseline.com.newsblur.network.APIResponse: 	at baseline.com.newsblur.network.APIManager.post(APIManager.java:714)
08-05 02:29:43.504  2110  2739 E baseline.com.newsblur.network.APIResponse: 	at baseline.com.newsblur.network.APIManager.markStoryAsRead(APIManager.java:205)
08-05 02:29:43.504  2110  2739 E baseline.com.newsblur.network.APIResponse: 	at baseline.com.newsblur.util.ReadingAction.doRemote(ReadingAction.java:281)
08-05 02:29:43.504  2110  2739 E baseline.com.newsblur.network.APIResponse: 	at baseline.com.newsblur.service.NBSyncService.syncActions(NBSyncService.java:400)
08-05 02:29:43.504  2110  2739 E baseline.com.newsblur.network.APIResponse: 	at baseline.com.newsblur.service.NBSyncService.doSync(NBSyncService.java:298)
08-05 02:29:43.504  2110  2739 E baseline.com.newsblur.network.APIResponse: 	at baseline.com.newsblur.service.NBSyncService.access$100(NBSyncService.java:67)
08-05 02:29:43.504  2110  2739 E baseline.com.newsblur.network.APIResponse: 	at baseline.com.newsblur.service.NBSyncService$1.run(NBSyncService.java:188)
08-05 02:29:43.504  2110  2739 E baseline.com.newsblur.network.APIResponse: 	at java.util.concurrent.ThreadPoolExecutor.runWorker(ThreadPoolExecutor.java:1113)
08-05 02:29:43.504  2110  2739 E baseline.com.newsblur.network.APIResponse: 	at java.util.concurrent.ThreadPoolExecutor$Worker.run(ThreadPoolExecutor.java:588)
08-05 02:29:43.504  2110  2739 E baseline.com.newsblur.network.APIResponse: 	at java.lang.Thread.run(Thread.java:818)
08-05 02:29:43.504  2110  2739 E baseline.com.newsblur.network.APIResponse: Caused by: java.io.EOFException: \n not found: limit=0 content=
08-05 02:29:43.504  2110  2739 E baseline.com.newsblur.network.APIResponse: 	at okio.RealBufferedSource.readUtf8LineStrict(RealBufferedSource.java:240)
08-05 02:29:43.504  2110  2739 E baseline.com.newsblur.network.APIResponse: 	at okhttp3.internal.http1.Http1ExchangeCodec.readHeaderLine(Http1ExchangeCodec.java:242)
08-05 02:29:43.504  2110  2739 E baseline.com.newsblur.network.APIResponse: 	at okhttp3.internal.http1.Http1ExchangeCodec.readResponseHeaders(Http1ExchangeCodec.java:213)
08-05 02:29:43.504  2110  2739 E baseline.com.newsblur.network.APIResponse: 	... 30 more
08-05 02:29:43.508  2110  2739 I baseline.com.newsblur.network.APIManager: API call failed, pausing before retry number 1
08-05 02:29:43.598  2110  2123 I art     : Starting a blocking GC Explicit
08-05 02:29:43.627  2110  2123 I art     : Explicit concurrent mark sweep GC freed 8607(599KB) AllocSpace objects, 6(260KB) LOS objects, 30% free, 36MB/52MB, paused 640us total 27.625ms
08-05 02:29:43.635  2110  2123 I art     : Starting a blocking GC Explicit
08-05 02:29:43.660  2110  2123 I art     : Explicit concurrent mark sweep GC freed 1176(124KB) AllocSpace objects, 0(0B) LOS objects, 30% free, 36MB/52MB, paused 594us total 25.206ms
08-05 02:29:43.669  2110  2123 I art     : Starting a blocking GC Explicit
08-05 02:29:43.690  2110  2123 I art     : Explicit concurrent mark sweep GC freed 3(96B) AllocSpace objects, 0(0B) LOS objects, 30% free, 36MB/52MB, paused 605us total 20.875ms
08-05 02:29:43.697  2110  2123 I art     : Starting a blocking GC Explicit
08-05 02:29:43.716  2110  2123 I art     : Explicit concurrent mark sweep GC freed 3(96B) AllocSpace objects, 0(0B) LOS objects, 30% free, 36MB/52MB, paused 595us total 19.814ms
08-05 02:29:43.726  2110  2123 I art     : Starting a blocking GC Explicit
08-05 02:29:43.749  2110  2123 I art     : Explicit concurrent mark sweep GC freed 3(96B) AllocSpace objects, 0(0B) LOS objects, 30% free, 36MB/52MB, paused 627us total 22.643ms
08-05 02:29:44.055  2110  2123 I art     : Starting a blocking GC Explicit
08-05 02:29:44.080  2110  2123 I art     : Explicit concurrent mark sweep GC freed 1461(83KB) AllocSpace objects, 1(20KB) LOS objects, 30% free, 36MB/52MB, paused 589us total 24.847ms
08-05 02:29:44.089  2110  2123 I art     : Starting a blocking GC Explicit
08-05 02:29:44.117  2110  2123 I art     : Explicit concurrent mark sweep GC freed 30(1040B) AllocSpace objects, 0(0B) LOS objects, 30% free, 36MB/52MB, paused 616us total 28.207ms
08-05 02:29:44.126  2110  2123 I art     : Starting a blocking GC Explicit
08-05 02:29:44.150  2110  2123 I art     : Explicit concurrent mark sweep GC freed 10(320B) AllocSpace objects, 0(0B) LOS objects, 30% free, 36MB/52MB, paused 588us total 23.509ms
08-05 02:29:44.158  2110  2123 I art     : Starting a blocking GC Explicit
08-05 02:29:44.178  2110  2123 I art     : Explicit concurrent mark sweep GC freed 12(384B) AllocSpace objects, 0(0B) LOS objects, 30% free, 36MB/52MB, paused 561us total 20.006ms
08-05 02:29:44.185  2110  2123 I art     : Starting a blocking GC Explicit
08-05 02:29:44.206  2110  2123 I art     : Explicit concurrent mark sweep GC freed 7(224B) AllocSpace objects, 0(0B) LOS objects, 30% free, 36MB/52MB, paused 616us total 20.426ms
08-05 02:29:44.531  2110  2366 I art     : Starting a blocking GC Explicit
08-05 02:29:44.558  2110  2366 I art     : Explicit concurrent mark sweep GC freed 1452(83KB) AllocSpace objects, 1(20KB) LOS objects, 30% free, 36MB/52MB, paused 906us total 26.649ms
08-05 02:29:44.566  2110  2366 I art     : Starting a blocking GC Explicit
08-05 02:29:44.590  2110  2366 I art     : Explicit concurrent mark sweep GC freed 22(784B) AllocSpace objects, 0(0B) LOS objects, 30% free, 36MB/52MB, paused 668us total 23.227ms
08-05 02:29:44.597  2110  2366 I art     : Starting a blocking GC Explicit
08-05 02:29:44.621  2110  2366 I art     : Explicit concurrent mark sweep GC freed 3(96B) AllocSpace objects, 0(0B) LOS objects, 30% free, 36MB/52MB, paused 655us total 22.975ms
08-05 02:29:44.629  2110  2366 I art     : Starting a blocking GC Explicit
08-05 02:29:44.652  2110  2366 I art     : Explicit concurrent mark sweep GC freed 3(96B) AllocSpace objects, 0(0B) LOS objects, 30% free, 36MB/52MB, paused 716us total 22.873ms
08-05 02:29:44.661  2110  2366 I art     : Starting a blocking GC Explicit
08-05 02:29:44.684  2110  2366 I art     : Explicit concurrent mark sweep GC freed 3(96B) AllocSpace objects, 0(0B) LOS objects, 30% free, 36MB/52MB, paused 600us total 22.263ms
08-05 02:29:44.843 28959 28959 I ServiceManager: Waiting for service AtCmdFwd...
08-05 02:29:45.011  2110  2687 I art     : Starting a blocking GC Explicit
08-05 02:29:45.033  2110  2687 I art     : Explicit concurrent mark sweep GC freed 1532(86KB) AllocSpace objects, 1(20KB) LOS objects, 30% free, 36MB/52MB, paused 630us total 21.243ms
08-05 02:29:45.041  2110  2687 I art     : Starting a blocking GC Explicit
08-05 02:29:45.064  2110  2687 I art     : Explicit concurrent mark sweep GC freed 28(1040B) AllocSpace objects, 0(0B) LOS objects, 30% free, 36MB/52MB, paused 595us total 22.975ms
08-05 02:29:45.072  2110  2687 I art     : Starting a blocking GC Explicit
08-05 02:29:45.092  2110  2687 I art     : Explicit concurrent mark sweep GC freed 3(96B) AllocSpace objects, 0(0B) LOS objects, 30% free, 36MB/52MB, paused 666us total 20.292ms
08-05 02:29:45.099  2110  2687 I art     : Starting a blocking GC Explicit
08-05 02:29:45.119  2110  2687 I art     : Explicit concurrent mark sweep GC freed 15(656B) AllocSpace objects, 0(0B) LOS objects, 30% free, 36MB/52MB, paused 659us total 20.527ms
08-05 02:29:45.127  2110  2687 I art     : Starting a blocking GC Explicit
08-05 02:29:45.147  2110  2687 I art     : Explicit concurrent mark sweep GC freed 59(4KB) AllocSpace objects, 0(0B) LOS objects, 30% free, 36MB/52MB, paused 602us total 20.249ms
08-05 02:29:45.475  2110  2366 I art     : Starting a blocking GC Explicit
08-05 02:29:45.500  2110  2366 I art     : Explicit concurrent mark sweep GC freed 1446(83KB) AllocSpace objects, 1(20KB) LOS objects, 30% free, 36MB/52MB, paused 665us total 25.606ms
08-05 02:29:45.510  2110  2366 I art     : Starting a blocking GC Explicit
08-05 02:29:45.535  2110  2366 I art     : Explicit concurrent mark sweep GC freed 967(40KB) AllocSpace objects, 0(0B) LOS objects, 30% free, 36MB/52MB, paused 859us total 24.551ms
08-05 02:29:45.543  2110  2366 I art     : Starting a blocking GC Explicit
08-05 02:29:45.566  2110  2366 I art     : Explicit concurrent mark sweep GC freed 763(26KB) AllocSpace objects, 0(0B) LOS objects, 30% free, 36MB/52MB, paused 605us total 22.797ms
08-05 02:29:45.573  2110  2366 I art     : Starting a blocking GC Explicit
08-05 02:29:45.582  2110  2739 E baseline.com.newsblur.network.APIResponse: Error (unexpected end of stream on https://www.newsblur.com/...) calling https://www.newsblur.com/reader/mark_story_hashes_as_read/
08-05 02:29:45.582  2110  2739 E baseline.com.newsblur.network.APIResponse: java.io.IOException: unexpected end of stream on https://www.newsblur.com/...
08-05 02:29:45.582  2110  2739 E baseline.com.newsblur.network.APIResponse: 	at okhttp3.internal.http1.Http1ExchangeCodec.readResponseHeaders(Http1ExchangeCodec.java:236)
08-05 02:29:45.582  2110  2739 E baseline.com.newsblur.network.APIResponse: 	at okhttp3.internal.connection.Exchange.readResponseHeaders(Exchange.java:115)
08-05 02:29:45.582  2110  2739 E baseline.com.newsblur.network.APIResponse: 	at okhttp3.internal.http.CallServerInterceptor.intercept(CallServerInterceptor.java:94)
08-05 02:29:45.582  2110  2739 E baseline.com.newsblur.network.APIResponse: 	at okhttp3.internal.http.RealInterceptorChain.proceed(RealInterceptorChain.java:142)
08-05 02:29:45.582  2110  2739 E baseline.com.newsblur.network.APIResponse: 	at okhttp3.internal.connection.ConnectInterceptor.intercept(ConnectInterceptor.java:43)
08-05 02:29:45.582  2110  2739 E baseline.com.newsblur.network.APIResponse: 	at okhttp3.internal.http.RealInterceptorChain.proceed(RealInterceptorChain.java:142)
08-05 02:29:45.582  2110  2739 E baseline.com.newsblur.network.APIResponse: 	at okhttp3.internal.http.RealInterceptorChain.proceed(RealInterceptorChain.java:117)
08-05 02:29:45.582  2110  2739 E baseline.com.newsblur.network.APIResponse: 	at okhttp3.internal.cache.CacheInterceptor.intercept(CacheInterceptor.java:94)
08-05 02:29:45.582  2110  2739 E baseline.com.newsblur.network.APIResponse: 	at okhttp3.internal.http.RealInterceptorChain.proceed(RealInterceptorChain.java:142)
08-05 02:29:45.582  2110  2739 E baseline.com.newsblur.network.APIResponse: 	at okhttp3.internal.http.RealInterceptorChain.proceed(RealInterceptorChain.java:117)
08-05 02:29:45.582  2110  2739 E baseline.com.newsblur.network.APIResponse: 	at okhttp3.internal.http.BridgeInterceptor.intercept(BridgeInterceptor.java:93)
08-05 02:29:45.582  2110  2739 E baseline.com.newsblur.network.APIResponse: 	at okhttp3.internal.http.RealInterceptorChain.proceed(RealInterceptorChain.java:142)
08-05 02:29:45.582  2110  2739 E baseline.com.newsblur.network.APIResponse: 	at okhttp3.internal.http.RetryAndFollowUpInterceptor.intercept(RetryAndFollowUpInterceptor.java:88)
08-05 02:29:45.582  2110  2739 E baseline.com.newsblur.network.APIResponse: 	at okhttp3.internal.http.RealInterceptorChain.proceed(RealInterceptorChain.java:142)
08-05 02:29:45.582  2110  2739 E baseline.com.newsblur.network.APIResponse: 	at okhttp3.internal.http.RealInterceptorChain.proceed(RealInterceptorChain.java:117)
08-05 02:29:45.582  2110  2739 E baseline.com.newsblur.network.APIResponse: 	at okhttp3.RealCall.getResponseWithInterceptorChain(RealCall.java:229)
08-05 02:29:45.582  2110  2739 E baseline.com.newsblur.network.APIResponse: 	at okhttp3.RealCall.execute(RealCall.java:81)
08-05 02:29:45.582  2110  2739 E baseline.com.newsblur.network.APIResponse: 	at baseline.com.newsblur.network.APIResponse.<init>(APIResponse.java:57)
08-05 02:29:45.582  2110  2739 E baseline.com.newsblur.network.APIResponse: 	at baseline.com.newsblur.network.APIResponse.<init>(APIResponse.java:43)
08-05 02:29:45.582  2110  2739 E baseline.com.newsblur.network.APIResponse: 	at baseline.com.newsblur.network.APIManager.post_single(APIManager.java:702)
08-05 02:29:45.582  2110  2739 E baseline.com.newsblur.network.APIResponse: 	at baseline.com.newsblur.network.APIManager.post(APIManager.java:675)
08-05 02:29:45.582  2110  2739 E baseline.com.newsblur.network.APIResponse: 	at baseline.com.newsblur.network.APIManager.post(APIManager.java:714)
08-05 02:29:45.582  2110  2739 E baseline.com.newsblur.network.APIResponse: 	at baseline.com.newsblur.network.APIManager.markStoryAsRead(APIManager.java:205)
08-05 02:29:45.582  2110  2739 E baseline.com.newsblur.network.APIResponse: 	at baseline.com.newsblur.util.ReadingAction.doRemote(ReadingAction.java:281)
08-05 02:29:45.582  2110  2739 E baseline.com.newsblur.network.APIResponse: 	at baseline.com.newsblur.service.NBSyncService.syncActions(NBSyncService.java:400)
08-05 02:29:45.582  2110  2739 E baseline.com.newsblur.network.APIResponse: 	at baseline.com.newsblur.service.NBSyncService.doSync(NBSyncService.java:298)
08-05 02:29:45.582  2110  2739 E baseline.com.newsblur.network.APIResponse: 	at baseline.com.newsblur.service.NBSyncService.access$100(NBSyncService.java:67)
08-05 02:29:45.582  2110  2739 E baseline.com.newsblur.network.APIResponse: 	at baseline.com.newsblur.service.NBSyncService$1.run(NBSyncService.java:188)
08-05 02:29:45.582  2110  2739 E baseline.com.newsblur.network.APIResponse: 	at java.util.concurrent.ThreadPoolExecutor.runWorker(ThreadPoolExecutor.java:1113)
08-05 02:29:45.582  2110  2739 E baseline.com.newsblur.network.APIResponse: 	at java.util.concurrent.ThreadPoolExecutor$Worker.run(ThreadPoolExecutor.java:588)
08-05 02:29:45.582  2110  2739 E baseline.com.newsblur.network.APIResponse: 	at java.lang.Thread.run(Thread.java:818)
08-05 02:29:45.582  2110  2739 E baseline.com.newsblur.network.APIResponse: Caused by: java.io.EOFException: \n not found: limit=0 content=
08-05 02:29:45.582  2110  2739 E baseline.com.newsblur.network.APIResponse: 	at okio.RealBufferedSource.readUtf8LineStrict(RealBufferedSource.java:240)
08-05 02:29:45.582  2110  2739 E baseline.com.newsblur.network.APIResponse: 	at okhttp3.internal.http1.Http1ExchangeCodec.readHeaderLine(Http1ExchangeCodec.java:242)
08-05 02:29:45.582  2110  2739 E baseline.com.newsblur.network.APIResponse: 	at okhttp3.internal.http1.Http1ExchangeCodec.readResponseHeaders(Http1ExchangeCodec.java:213)
08-05 02:29:45.582  2110  2739 E baseline.com.newsblur.network.APIResponse: 	... 30 more
08-05 02:29:45.583  2110  2739 I baseline.com.newsblur.network.APIManager: API call failed, pausing before retry number 2
08-05 02:29:45.593  2110  2366 I art     : Explicit concurrent mark sweep GC freed 774(194KB) AllocSpace objects, 2(40KB) LOS objects, 30% free, 36MB/52MB, paused 621us total 19.514ms
08-05 02:29:45.599  2110  2366 I art     : Starting a blocking GC Explicit
08-05 02:29:45.620  2110  2366 I art     : Explicit concurrent mark sweep GC freed 99(15KB) AllocSpace objects, 0(0B) LOS objects, 30% free, 36MB/52MB, paused 600us total 20.239ms
08-05 02:29:45.843 28959 28959 I ServiceManager: Waiting for service AtCmdFwd...
08-05 02:29:45.960  2110  2687 I art     : Starting a blocking GC Explicit
08-05 02:29:45.985  2110  2687 I art     : Explicit concurrent mark sweep GC freed 1462(83KB) AllocSpace objects, 1(20KB) LOS objects, 30% free, 36MB/52MB, paused 644us total 24.853ms
08-05 02:29:45.994  2110  2687 I art     : Starting a blocking GC Explicit
08-05 02:29:46.018  2110  2687 I art     : Explicit concurrent mark sweep GC freed 22(784B) AllocSpace objects, 0(0B) LOS objects, 30% free, 36MB/52MB, paused 593us total 23.638ms
08-05 02:29:46.026  2110  2687 I art     : Starting a blocking GC Explicit
08-05 02:29:46.047  2110  2687 I art     : Explicit concurrent mark sweep GC freed 3(96B) AllocSpace objects, 0(0B) LOS objects, 30% free, 36MB/52MB, paused 751us total 20.246ms
08-05 02:29:46.053  2110  2687 I art     : Starting a blocking GC Explicit
08-05 02:29:46.074  2110  2687 I art     : Explicit concurrent mark sweep GC freed 3(96B) AllocSpace objects, 0(0B) LOS objects, 30% free, 36MB/52MB, paused 580us total 20.078ms
08-05 02:29:46.081  2110  2687 I art     : Starting a blocking GC Explicit
08-05 02:29:46.101  2110  2687 I art     : Explicit concurrent mark sweep GC freed 3(96B) AllocSpace objects, 0(0B) LOS objects, 30% free, 36MB/52MB, paused 595us total 19.721ms
08-05 02:29:46.429  2110  2366 I art     : Starting a blocking GC Explicit
08-05 02:29:46.455  2110  2366 I art     : Explicit concurrent mark sweep GC freed 1439(83KB) AllocSpace objects, 1(20KB) LOS objects, 30% free, 36MB/52MB, paused 668us total 25.433ms
08-05 02:29:46.464  2110  2366 I art     : Starting a blocking GC Explicit
08-05 02:29:46.485  2110  2366 I art     : Explicit concurrent mark sweep GC freed 22(784B) AllocSpace objects, 0(0B) LOS objects, 30% free, 36MB/52MB, paused 607us total 20.520ms
08-05 02:29:46.492  2110  2366 I art     : Starting a blocking GC Explicit
08-05 02:29:46.512  2110  2366 I art     : Explicit concurrent mark sweep GC freed 3(96B) AllocSpace objects, 0(0B) LOS objects, 30% free, 36MB/52MB, paused 552us total 19.852ms
08-05 02:29:46.519  2110  2366 I art     : Starting a blocking GC Explicit
08-05 02:29:46.539  2110  2366 I art     : Explicit concurrent mark sweep GC freed 3(96B) AllocSpace objects, 0(0B) LOS objects, 30% free, 36MB/52MB, paused 625us total 19.702ms
08-05 02:29:46.546  2110  2366 I art     : Starting a blocking GC Explicit
08-05 02:29:46.567  2110  2366 I art     : Explicit concurrent mark sweep GC freed 3(96B) AllocSpace objects, 0(0B) LOS objects, 30% free, 36MB/52MB, paused 624us total 19.972ms
08-05 02:29:46.843 28959 28959 I ServiceManager: Waiting for service AtCmdFwd...
08-05 02:29:46.880   518   646 I ThermalEngine: ACTION: GPU - Setting GPU[0] to 510000000
08-05 02:29:46.912  2110  2366 I art     : Starting a blocking GC Explicit
08-05 02:29:46.944  2110  2366 I art     : Explicit concurrent mark sweep GC freed 1438(82KB) AllocSpace objects, 1(20KB) LOS objects, 30% free, 36MB/52MB, paused 944us total 31.165ms
08-05 02:29:46.953  2110  2366 I art     : Starting a blocking GC Explicit
08-05 02:29:46.984  2110  2366 I art     : Explicit concurrent mark sweep GC freed 22(784B) AllocSpace objects, 0(0B) LOS objects, 30% free, 36MB/52MB, paused 801us total 30.815ms
08-05 02:29:46.994  2110  2366 I art     : Starting a blocking GC Explicit
08-05 02:29:47.019  2110  2366 I art     : Explicit concurrent mark sweep GC freed 3(96B) AllocSpace objects, 0(0B) LOS objects, 30% free, 36MB/52MB, paused 821us total 24.694ms
08-05 02:29:47.029  2110  2366 I art     : Starting a blocking GC Explicit
08-05 02:29:47.057  2110  2366 I art     : Explicit concurrent mark sweep GC freed 3(96B) AllocSpace objects, 0(0B) LOS objects, 30% free, 36MB/52MB, paused 1.050ms total 28.017ms
08-05 02:29:47.067  2110  2366 I art     : Starting a blocking GC Explicit
08-05 02:29:47.096  2110  2366 I art     : Explicit concurrent mark sweep GC freed 3(96B) AllocSpace objects, 0(0B) LOS objects, 30% free, 36MB/52MB, paused 947us total 29.061ms
08-05 02:29:47.435  2110  2123 I art     : Starting a blocking GC Explicit
08-05 02:29:47.464  2110  2123 I art     : Explicit concurrent mark sweep GC freed 1438(82KB) AllocSpace objects, 1(20KB) LOS objects, 30% free, 36MB/52MB, paused 793us total 28.999ms
08-05 02:29:47.474  2110  2123 I art     : Starting a blocking GC Explicit
08-05 02:29:47.502  2110  2123 I art     : Explicit concurrent mark sweep GC freed 22(784B) AllocSpace objects, 0(0B) LOS objects, 30% free, 36MB/52MB, paused 832us total 28.234ms
08-05 02:29:47.513  2110  2123 I art     : Starting a blocking GC Explicit
08-05 02:29:47.543  2110  2123 I art     : Explicit concurrent mark sweep GC freed 3(96B) AllocSpace objects, 0(0B) LOS objects, 30% free, 36MB/52MB, paused 893us total 29.520ms
08-05 02:29:47.554  2110  2123 I art     : Starting a blocking GC Explicit
08-05 02:29:47.586  2110  2123 I art     : Explicit concurrent mark sweep GC freed 3(96B) AllocSpace objects, 0(0B) LOS objects, 30% free, 36MB/52MB, paused 796us total 31.600ms
08-05 02:29:47.595  2110  2123 I art     : Starting a blocking GC Explicit
08-05 02:29:47.621  2110  2123 I art     : Explicit concurrent mark sweep GC freed 3(96B) AllocSpace objects, 0(0B) LOS objects, 30% free, 36MB/52MB, paused 815us total 25.104ms
08-05 02:29:47.846 28959 28959 I ServiceManager: Waiting for service AtCmdFwd...
08-05 02:29:47.946  2110  2687 I art     : Starting a blocking GC Explicit
08-05 02:29:47.977  2110  2687 I art     : Explicit concurrent mark sweep GC freed 1438(82KB) AllocSpace objects, 1(20KB) LOS objects, 30% free, 36MB/52MB, paused 975us total 31.053ms
08-05 02:29:47.988  2110  2687 I art     : Starting a blocking GC Explicit
08-05 02:29:48.018  2110  2687 I art     : Explicit concurrent mark sweep GC freed 24(864B) AllocSpace objects, 0(0B) LOS objects, 30% free, 36MB/52MB, paused 1.123ms total 30.237ms
08-05 02:29:48.027  2110  2687 I art     : Starting a blocking GC Explicit
08-05 02:29:48.054  2110  2687 I art     : Explicit concurrent mark sweep GC freed 3(96B) AllocSpace objects, 0(0B) LOS objects, 30% free, 36MB/52MB, paused 844us total 27.133ms
08-05 02:29:48.065  2110  2687 I art     : Starting a blocking GC Explicit
08-05 02:29:48.094  2110  2687 I art     : Explicit concurrent mark sweep GC freed 3(96B) AllocSpace objects, 0(0B) LOS objects, 30% free, 36MB/52MB, paused 898us total 28.676ms
08-05 02:29:48.104  2110  2687 I art     : Starting a blocking GC Explicit
08-05 02:29:48.132  2110  2687 I art     : Explicit concurrent mark sweep GC freed 3(96B) AllocSpace objects, 0(0B) LOS objects, 30% free, 36MB/52MB, paused 797us total 28.350ms
08-05 02:29:48.454  2110  2122 I art     : Starting a blocking GC Explicit
08-05 02:29:48.486  2110  2122 I art     : Explicit concurrent mark sweep GC freed 1438(82KB) AllocSpace objects, 1(20KB) LOS objects, 30% free, 36MB/52MB, paused 920us total 31.841ms
08-05 02:29:48.497  2110  2122 I art     : Starting a blocking GC Explicit
08-05 02:29:48.525  2110  2122 I art     : Explicit concurrent mark sweep GC freed 22(784B) AllocSpace objects, 0(0B) LOS objects, 30% free, 36MB/52MB, paused 838us total 27.942ms
08-05 02:29:48.535  2110  2122 I art     : Starting a blocking GC Explicit
08-05 02:29:48.561  2110  2122 I art     : Explicit concurrent mark sweep GC freed 3(96B) AllocSpace objects, 0(0B) LOS objects, 30% free, 36MB/52MB, paused 959us total 25.525ms
08-05 02:29:48.569  2110  2122 I art     : Starting a blocking GC Explicit
08-05 02:29:48.594  2110  2122 I art     : Explicit concurrent mark sweep GC freed 94(3KB) AllocSpace objects, 0(0B) LOS objects, 30% free, 36MB/52MB, paused 902us total 25.113ms
08-05 02:29:48.603  2110  2122 I art     : Starting a blocking GC Explicit
08-05 02:29:48.631  2110  2122 I art     : Explicit concurrent mark sweep GC freed 9(352B) AllocSpace objects, 0(0B) LOS objects, 30% free, 36MB/52MB, paused 904us total 27.787ms
08-05 02:29:48.847 28959 28959 I ServiceManager: Waiting for service AtCmdFwd...
08-05 02:29:48.977  2110  2366 I art     : Starting a blocking GC Explicit
08-05 02:29:49.024  2110  2366 I art     : Explicit concurrent mark sweep GC freed 1513(88KB) AllocSpace objects, 1(20KB) LOS objects, 30% free, 36MB/52MB, paused 998us total 46.031ms
08-05 02:29:49.035  2110  2366 I art     : Starting a blocking GC Explicit
08-05 02:29:49.064  2110  2366 I art     : Explicit concurrent mark sweep GC freed 22(784B) AllocSpace objects, 0(0B) LOS objects, 30% free, 36MB/52MB, paused 845us total 28.287ms
08-05 02:29:49.073  2110  2366 I art     : Starting a blocking GC Explicit
08-05 02:29:49.101  2110  2366 I art     : Explicit concurrent mark sweep GC freed 3(96B) AllocSpace objects, 0(0B) LOS objects, 30% free, 36MB/52MB, paused 825us total 27.689ms
08-05 02:29:49.111  2110  2366 I art     : Starting a blocking GC Explicit
08-05 02:29:49.138  2110  2366 I art     : Explicit concurrent mark sweep GC freed 1689(65KB) AllocSpace objects, 0(0B) LOS objects, 30% free, 36MB/52MB, paused 919us total 26.942ms
08-05 02:29:49.148  2110  2366 I art     : Starting a blocking GC Explicit
08-05 02:29:49.173  2110  2366 I art     : Explicit concurrent mark sweep GC freed 49(1712B) AllocSpace objects, 0(0B) LOS objects, 30% free, 36MB/52MB, paused 848us total 24.946ms
08-05 02:29:49.175  2110  2739 E baseline.com.newsblur.network.APIResponse: Error (unexpected end of stream on https://www.newsblur.com/...) calling https://www.newsblur.com/reader/mark_story_hashes_as_read/
08-05 02:29:49.175  2110  2739 E baseline.com.newsblur.network.APIResponse: java.io.IOException: unexpected end of stream on https://www.newsblur.com/...
08-05 02:29:49.175  2110  2739 E baseline.com.newsblur.network.APIResponse: 	at okhttp3.internal.http1.Http1ExchangeCodec.readResponseHeaders(Http1ExchangeCodec.java:236)
08-05 02:29:49.175  2110  2739 E baseline.com.newsblur.network.APIResponse: 	at okhttp3.internal.connection.Exchange.readResponseHeaders(Exchange.java:115)
08-05 02:29:49.175  2110  2739 E baseline.com.newsblur.network.APIResponse: 	at okhttp3.internal.http.CallServerInterceptor.intercept(CallServerInterceptor.java:94)
08-05 02:29:49.175  2110  2739 E baseline.com.newsblur.network.APIResponse: 	at okhttp3.internal.http.RealInterceptorChain.proceed(RealInterceptorChain.java:142)
08-05 02:29:49.175  2110  2739 E baseline.com.newsblur.network.APIResponse: 	at okhttp3.internal.connection.ConnectInterceptor.intercept(ConnectInterceptor.java:43)
08-05 02:29:49.175  2110  2739 E baseline.com.newsblur.network.APIResponse: 	at okhttp3.internal.http.RealInterceptorChain.proceed(RealInterceptorChain.java:142)
08-05 02:29:49.175  2110  2739 E baseline.com.newsblur.network.APIResponse: 	at okhttp3.internal.http.RealInterceptorChain.proceed(RealInterceptorChain.java:117)
08-05 02:29:49.175  2110  2739 E baseline.com.newsblur.network.APIResponse: 	at okhttp3.internal.cache.CacheInterceptor.intercept(CacheInterceptor.java:94)
08-05 02:29:49.175  2110  2739 E baseline.com.newsblur.network.APIResponse: 	at okhttp3.internal.http.RealInterceptorChain.proceed(RealInterceptorChain.java:142)
08-05 02:29:49.175  2110  2739 E baseline.com.newsblur.network.APIResponse: 	at okhttp3.internal.http.RealInterceptorChain.proceed(RealInterceptorChain.java:117)
08-05 02:29:49.175  2110  2739 E baseline.com.newsblur.network.APIResponse: 	at okhttp3.internal.http.BridgeInterceptor.intercept(BridgeInterceptor.java:93)
08-05 02:29:49.175  2110  2739 E baseline.com.newsblur.network.APIResponse: 	at okhttp3.internal.http.RealInterceptorChain.proceed(RealInterceptorChain.java:142)
08-05 02:29:49.175  2110  2739 E baseline.com.newsblur.network.APIResponse: 	at okhttp3.internal.http.RetryAndFollowUpInterceptor.intercept(RetryAndFollowUpInterceptor.java:88)
08-05 02:29:49.175  2110  2739 E baseline.com.newsblur.network.APIResponse: 	at okhttp3.internal.http.RealInterceptorChain.proceed(RealInterceptorChain.java:142)
08-05 02:29:49.175  2110  2739 E baseline.com.newsblur.network.APIResponse: 	at okhttp3.internal.http.RealInterceptorChain.proceed(RealInterceptorChain.java:117)
08-05 02:29:49.175  2110  2739 E baseline.com.newsblur.network.APIResponse: 	at okhttp3.RealCall.getResponseWithInterceptorChain(RealCall.java:229)
08-05 02:29:49.175  2110  2739 E baseline.com.newsblur.network.APIResponse: 	at okhttp3.RealCall.execute(RealCall.java:81)
08-05 02:29:49.175  2110  2739 E baseline.com.newsblur.network.APIResponse: 	at baseline.com.newsblur.network.APIResponse.<init>(APIResponse.java:57)
08-05 02:29:49.175  2110  2739 E baseline.com.newsblur.network.APIResponse: 	at baseline.com.newsblur.network.APIResponse.<init>(APIResponse.java:43)
08-05 02:29:49.175  2110  2739 E baseline.com.newsblur.network.APIResponse: 	at baseline.com.newsblur.network.APIManager.post_single(APIManager.java:702)
08-05 02:29:49.175  2110  2739 E baseline.com.newsblur.network.APIResponse: 	at baseline.com.newsblur.network.APIManager.post(APIManager.java:675)
08-05 02:29:49.175  2110  2739 E baseline.com.newsblur.network.APIResponse: 	at baseline.com.newsblur.network.APIManager.post(APIManager.java:714)
08-05 02:29:49.175  2110  2739 E baseline.com.newsblur.network.APIResponse: 	at baseline.com.newsblur.network.APIManager.markStoryAsRead(APIManager.java:205)
08-05 02:29:49.175  2110  2739 E baseline.com.newsblur.network.APIResponse: 	at baseline.com.newsblur.util.ReadingAction.doRemote(ReadingAction.java:281)
08-05 02:29:49.175  2110  2739 E baseline.com.newsblur.network.APIResponse: 	at baseline.com.newsblur.service.NBSyncService.syncActions(NBSyncService.java:400)
08-05 02:29:49.175  2110  2739 E baseline.com.newsblur.network.APIResponse: 	at baseline.com.newsblur.service.NBSyncService.doSync(NBSyncService.java:298)
08-05 02:29:49.175  2110  2739 E baseline.com.newsblur.network.APIResponse: 	at baseline.com.newsblur.service.NBSyncService.access$100(NBSyncService.java:67)
08-05 02:29:49.175  2110  2739 E baseline.com.newsblur.network.APIResponse: 	at baseline.com.newsblur.service.NBSyncService$1.run(NBSyncService.java:188)
08-05 02:29:49.175  2110  2739 E baseline.com.newsblur.network.APIResponse: 	at java.util.concurrent.ThreadPoolExecutor.runWorker(ThreadPoolExecutor.java:1113)
08-05 02:29:49.175  2110  2739 E baseline.com.newsblur.network.APIResponse: 	at java.util.concurrent.ThreadPoolExecutor$Worker.run(ThreadPoolExecutor.java:588)
08-05 02:29:49.175  2110  2739 E baseline.com.newsblur.network.APIResponse: 	at java.lang.Thread.run(Thread.java:818)
08-05 02:29:49.175  2110  2739 E baseline.com.newsblur.network.APIResponse: Caused by: java.io.EOFException: \n not found: limit=0 content=
08-05 02:29:49.175  2110  2739 E baseline.com.newsblur.network.APIResponse: 	at okio.RealBufferedSource.readUtf8LineStrict(RealBufferedSource.java:240)
08-05 02:29:49.175  2110  2739 E baseline.com.newsblur.network.APIResponse: 	at okhttp3.internal.http1.Http1ExchangeCodec.readHeaderLine(Http1ExchangeCodec.java:242)
08-05 02:29:49.175  2110  2739 E baseline.com.newsblur.network.APIResponse: 	at okhttp3.internal.http1.Http1ExchangeCodec.readResponseHeaders(Http1ExchangeCodec.java:213)
08-05 02:29:49.175  2110  2739 E baseline.com.newsblur.network.APIResponse: 	... 30 more
08-05 02:29:49.177  2110  2739 I baseline.com.newsblur.service.NBSyncService: Holding reading action with server-side or network error.
08-05 02:29:49.192  2110  2739 W baseline.com.newsblur.service.NBSyncService: hard API failure
08-05 02:29:49.510  2110  2366 I art     : Starting a blocking GC Explicit
08-05 02:29:49.539  2110  2366 I art     : Explicit concurrent mark sweep GC freed 3225(498KB) AllocSpace objects, 16(320KB) LOS objects, 30% free, 36MB/52MB, paused 883us total 28.990ms
08-05 02:29:49.549  2110  2366 I art     : Starting a blocking GC Explicit
08-05 02:29:49.576  2110  2366 I art     : Explicit concurrent mark sweep GC freed 562(20KB) AllocSpace objects, 0(0B) LOS objects, 30% free, 36MB/52MB, paused 821us total 27.115ms
08-05 02:29:49.585  2110  2366 I art     : Starting a blocking GC Explicit
08-05 02:29:49.588   918  3188 I hubconnection: sensorhub said: 'set_bias 3: -4.9440, 0.0000, 0.0000'
08-05 02:29:49.613  2110  2366 I art     : Explicit concurrent mark sweep GC freed 3(96B) AllocSpace objects, 0(0B) LOS objects, 30% free, 36MB/52MB, paused 931us total 27.625ms
08-05 02:29:49.622  2110  2366 I art     : Starting a blocking GC Explicit
08-05 02:29:49.650  2110  2366 I art     : Explicit concurrent mark sweep GC freed 3(96B) AllocSpace objects, 0(0B) LOS objects, 30% free, 36MB/52MB, paused 838us total 27.481ms
08-05 02:29:49.659  2110  2366 I art     : Starting a blocking GC Explicit
08-05 02:29:49.689  2110  2366 I art     : Explicit concurrent mark sweep GC freed 3(96B) AllocSpace objects, 0(0B) LOS objects, 30% free, 36MB/52MB, paused 895us total 29.169ms
08-05 02:29:49.847 28959 28959 W Atfwd_Sendcmd: AtCmdFwd service not published, waiting... retryCnt : 3
08-05 02:29:50.041  2110  2687 I art     : Starting a blocking GC Explicit
08-05 02:29:50.072  2110  2687 I art     : Explicit concurrent mark sweep GC freed 1399(80KB) AllocSpace objects, 1(20KB) LOS objects, 30% free, 36MB/52MB, paused 846us total 30.050ms
08-05 02:29:50.083  2110  2687 I art     : Starting a blocking GC Explicit
08-05 02:29:50.110  2110  2687 I art     : Explicit concurrent mark sweep GC freed 20(704B) AllocSpace objects, 0(0B) LOS objects, 30% free, 36MB/52MB, paused 846us total 26.086ms
08-05 02:29:50.119  2110  2687 I art     : Starting a blocking GC Explicit
08-05 02:29:50.146  2110  2687 I art     : Explicit concurrent mark sweep GC freed 3(96B) AllocSpace objects, 0(0B) LOS objects, 30% free, 36MB/52MB, paused 805us total 26.819ms
08-05 02:29:50.155  2110  2687 I art     : Starting a blocking GC Explicit
08-05 02:29:50.182  2110  2687 I art     : Explicit concurrent mark sweep GC freed 3(96B) AllocSpace objects, 0(0B) LOS objects, 30% free, 36MB/52MB, paused 853us total 27.345ms
08-05 02:29:50.192  2110  2687 I art     : Starting a blocking GC Explicit
08-05 02:29:50.219  2110  2687 I art     : Explicit concurrent mark sweep GC freed 3(96B) AllocSpace objects, 0(0B) LOS objects, 30% free, 36MB/52MB, paused 851us total 26.592ms
08-05 02:29:50.546  2110  2123 I art     : Starting a blocking GC Explicit
08-05 02:29:50.576  2110  2123 I art     : Explicit concurrent mark sweep GC freed 1398(80KB) AllocSpace objects, 1(20KB) LOS objects, 30% free, 36MB/52MB, paused 811us total 29.783ms
08-05 02:29:50.590  2110  2123 I art     : Starting a blocking GC Explicit
08-05 02:29:50.617  2110  2123 I art     : Explicit concurrent mark sweep GC freed 20(704B) AllocSpace objects, 0(0B) LOS objects, 30% free, 36MB/52MB, paused 815us total 26.410ms
08-05 02:29:50.626  2110  2123 I art     : Starting a blocking GC Explicit
08-05 02:29:50.653  2110  2123 I art     : Explicit concurrent mark sweep GC freed 3(96B) AllocSpace objects, 0(0B) LOS objects, 30% free, 36MB/52MB, paused 827us total 27.115ms
08-05 02:29:50.662  2110  2123 I art     : Starting a blocking GC Explicit
08-05 02:29:50.689  2110  2123 I art     : Explicit concurrent mark sweep GC freed 3(96B) AllocSpace objects, 0(0B) LOS objects, 30% free, 36MB/52MB, paused 809us total 26.977ms
08-05 02:29:50.699  2110  2123 I art     : Starting a blocking GC Explicit
08-05 02:29:50.726  2110  2123 I art     : Explicit concurrent mark sweep GC freed 3(96B) AllocSpace objects, 0(0B) LOS objects, 30% free, 36MB/52MB, paused 852us total 26.819ms
08-05 02:29:51.066  2110  2122 I art     : Starting a blocking GC Explicit
08-05 02:29:51.096  2110  2122 I art     : Explicit concurrent mark sweep GC freed 1398(80KB) AllocSpace objects, 1(20KB) LOS objects, 30% free, 36MB/52MB, paused 875us total 29.570ms
08-05 02:29:51.110  2110  2122 I art     : Starting a blocking GC Explicit
08-05 02:29:51.137  2110  2122 I art     : Explicit concurrent mark sweep GC freed 20(704B) AllocSpace objects, 0(0B) LOS objects, 30% free, 36MB/52MB, paused 909us total 26.958ms
08-05 02:29:51.146  2110  2122 I art     : Starting a blocking GC Explicit
08-05 02:29:51.173  2110  2122 I art     : Explicit concurrent mark sweep GC freed 3(96B) AllocSpace objects, 0(0B) LOS objects, 30% free, 36MB/52MB, paused 822us total 26.842ms
08-05 02:29:51.182  2110  2122 I art     : Starting a blocking GC Explicit
08-05 02:29:51.210  2110  2122 I art     : Explicit concurrent mark sweep GC freed 3(96B) AllocSpace objects, 0(0B) LOS objects, 30% free, 36MB/52MB, paused 816us total 27.199ms
08-05 02:29:51.219  2110  2122 I art     : Starting a blocking GC Explicit
08-05 02:29:51.245  2110  2122 I art     : Explicit concurrent mark sweep GC freed 3(96B) AllocSpace objects, 0(0B) LOS objects, 30% free, 36MB/52MB, paused 804us total 25.895ms
08-05 02:29:51.595  2110  2366 I art     : Starting a blocking GC Explicit
08-05 02:29:51.625  2110  2366 I art     : Explicit concurrent mark sweep GC freed 1398(80KB) AllocSpace objects, 1(20KB) LOS objects, 30% free, 36MB/52MB, paused 961us total 29.621ms
08-05 02:29:51.634  2110  2366 I art     : Starting a blocking GC Explicit
08-05 02:29:51.663  2110  2366 I art     : Explicit concurrent mark sweep GC freed 20(704B) AllocSpace objects, 0(0B) LOS objects, 30% free, 36MB/52MB, paused 854us total 27.882ms
08-05 02:29:51.672  2110  2366 I art     : Starting a blocking GC Explicit
08-05 02:29:51.700  2110  2366 I art     : Explicit concurrent mark sweep GC freed 3(96B) AllocSpace objects, 0(0B) LOS objects, 30% free, 36MB/52MB, paused 857us total 27.785ms
08-05 02:29:51.710  2110  2366 I art     : Starting a blocking GC Explicit
08-05 02:29:51.737  2110  2366 I art     : Explicit concurrent mark sweep GC freed 3(96B) AllocSpace objects, 0(0B) LOS objects, 30% free, 36MB/52MB, paused 927us total 27.577ms
08-05 02:29:51.747  2110  2366 I art     : Starting a blocking GC Explicit
08-05 02:29:51.775  2110  2366 I art     : Explicit concurrent mark sweep GC freed 3(96B) AllocSpace objects, 0(0B) LOS objects, 30% free, 36MB/52MB, paused 842us total 27.748ms
08-05 02:29:52.128  2110  2687 I art     : Starting a blocking GC Explicit
08-05 02:29:52.158  2110  2687 I art     : Explicit concurrent mark sweep GC freed 1399(80KB) AllocSpace objects, 1(20KB) LOS objects, 30% free, 36MB/52MB, paused 1.015ms total 29.700ms
08-05 02:29:52.170  2110  2687 I art     : Starting a blocking GC Explicit
08-05 02:29:52.197  2110  2687 I art     : Explicit concurrent mark sweep GC freed 20(704B) AllocSpace objects, 0(0B) LOS objects, 30% free, 36MB/52MB, paused 976us total 27.010ms
08-05 02:29:52.206  2110  2687 I art     : Starting a blocking GC Explicit
08-05 02:29:52.232  2110  2687 I art     : Explicit concurrent mark sweep GC freed 3(96B) AllocSpace objects, 0(0B) LOS objects, 30% free, 36MB/52MB, paused 852us total 25.588ms
08-05 02:29:52.241  2110  2687 I art     : Starting a blocking GC Explicit
08-05 02:29:52.268  2110  2687 I art     : Explicit concurrent mark sweep GC freed 3(96B) AllocSpace objects, 0(0B) LOS objects, 30% free, 36MB/52MB, paused 898us total 26.793ms
08-05 02:29:52.277  2110  2687 I art     : Starting a blocking GC Explicit
08-05 02:29:52.305  2110  2687 I art     : Explicit concurrent mark sweep GC freed 3(96B) AllocSpace objects, 0(0B) LOS objects, 30% free, 36MB/52MB, paused 847us total 27.346ms
08-05 02:29:52.638  2110  2123 I art     : Starting a blocking GC Explicit
08-05 02:29:52.666  2110  2123 I art     : Explicit concurrent mark sweep GC freed 1398(80KB) AllocSpace objects, 1(20KB) LOS objects, 30% free, 36MB/52MB, paused 886us total 27.576ms
08-05 02:29:52.675  2110  2123 I art     : Starting a blocking GC Explicit
08-05 02:29:52.703  2110  2123 I art     : Explicit concurrent mark sweep GC freed 20(704B) AllocSpace objects, 0(0B) LOS objects, 30% free, 36MB/52MB, paused 835us total 27.337ms
08-05 02:29:52.712  2110  2123 I art     : Starting a blocking GC Explicit
08-05 02:29:52.739  2110  2123 I art     : Explicit concurrent mark sweep GC freed 3(96B) AllocSpace objects, 0(0B) LOS objects, 30% free, 36MB/52MB, paused 850us total 27.061ms
08-05 02:29:52.748  2110  2123 I art     : Starting a blocking GC Explicit
08-05 02:29:52.777  2110  2123 I art     : Explicit concurrent mark sweep GC freed 3(96B) AllocSpace objects, 0(0B) LOS objects, 30% free, 36MB/52MB, paused 835us total 27.892ms
08-05 02:29:52.786  2110  2123 I art     : Starting a blocking GC Explicit
08-05 02:29:52.815  2110  2123 I art     : Explicit concurrent mark sweep GC freed 3(96B) AllocSpace objects, 0(0B) LOS objects, 30% free, 36MB/52MB, paused 826us total 28.365ms
08-05 02:29:52.890   518   646 I ThermalEngine: ACTION: GPU - Setting GPU[0] to 600000000
08-05 02:29:53.137  2110  2122 I art     : Starting a blocking GC Explicit
08-05 02:29:53.161  2110  2122 I art     : Explicit concurrent mark sweep GC freed 1417(81KB) AllocSpace objects, 1(20KB) LOS objects, 30% free, 36MB/52MB, paused 639us total 23.858ms
08-05 02:29:53.173  2110  2122 I art     : Starting a blocking GC Explicit
08-05 02:29:53.195  2110  2122 I art     : Explicit concurrent mark sweep GC freed 26(928B) AllocSpace objects, 0(0B) LOS objects, 30% free, 36MB/52MB, paused 598us total 21.239ms
08-05 02:29:53.202  2110  2122 I art     : Starting a blocking GC Explicit
08-05 02:29:53.223  2110  2122 I art     : Explicit concurrent mark sweep GC freed 3(96B) AllocSpace objects, 0(0B) LOS objects, 30% free, 36MB/52MB, paused 623us total 21.067ms
08-05 02:29:53.230  2110  2122 I art     : Starting a blocking GC Explicit
08-05 02:29:53.252  2110  2122 I art     : Explicit concurrent mark sweep GC freed 3(96B) AllocSpace objects, 0(0B) LOS objects, 30% free, 36MB/52MB, paused 624us total 21.732ms
08-05 02:29:53.260  2110  2122 I art     : Starting a blocking GC Explicit
08-05 02:29:53.282  2110  2122 I art     : Explicit concurrent mark sweep GC freed 3(96B) AllocSpace objects, 0(0B) LOS objects, 30% free, 36MB/52MB, paused 611us total 22.111ms
08-05 02:29:53.624  2110  2366 I art     : Starting a blocking GC Explicit
08-05 02:29:53.650  2110  2366 I art     : Explicit concurrent mark sweep GC freed 1398(80KB) AllocSpace objects, 1(20KB) LOS objects, 30% free, 36MB/52MB, paused 636us total 25.895ms
08-05 02:29:53.660  2110  2366 I art     : Starting a blocking GC Explicit
08-05 02:29:53.682  2110  2366 I art     : Explicit concurrent mark sweep GC freed 20(704B) AllocSpace objects, 0(0B) LOS objects, 30% free, 36MB/52MB, paused 595us total 21.561ms
08-05 02:29:53.689  2110  2366 I art     : Starting a blocking GC Explicit
08-05 02:29:53.710  2110  2366 I art     : Explicit concurrent mark sweep GC freed 3(96B) AllocSpace objects, 0(0B) LOS objects, 30% free, 36MB/52MB, paused 619us total 20.808ms
08-05 02:29:53.718  2110  2366 I art     : Starting a blocking GC Explicit
08-05 02:29:53.739  2110  2366 I art     : Explicit concurrent mark sweep GC freed 3(96B) AllocSpace objects, 0(0B) LOS objects, 30% free, 36MB/52MB, paused 634us total 21.606ms
08-05 02:29:53.746  2110  2366 I art     : Starting a blocking GC Explicit
08-05 02:29:53.769  2110  2366 I art     : Explicit concurrent mark sweep GC freed 3(96B) AllocSpace objects, 0(0B) LOS objects, 30% free, 36MB/52MB, paused 624us total 22.522ms
08-05 02:29:54.090  2110  2687 I art     : Starting a blocking GC Explicit
08-05 02:29:54.115  2110  2687 I art     : Explicit concurrent mark sweep GC freed 1398(80KB) AllocSpace objects, 1(20KB) LOS objects, 30% free, 36MB/52MB, paused 636us total 25.030ms
08-05 02:29:54.127  2110  2687 I art     : Starting a blocking GC Explicit
08-05 02:29:54.148  2110  2687 I art     : Explicit concurrent mark sweep GC freed 20(704B) AllocSpace objects, 0(0B) LOS objects, 30% free, 36MB/52MB, paused 628us total 21.641ms
08-05 02:29:54.155  2110  2687 I art     : Starting a blocking GC Explicit
08-05 02:29:54.177  2110  2687 I art     : Explicit concurrent mark sweep GC freed 3(96B) AllocSpace objects, 0(0B) LOS objects, 30% free, 36MB/52MB, paused 679us total 21.041ms
08-05 02:29:54.184  2110  2687 I art     : Starting a blocking GC Explicit
08-05 02:29:54.205  2110  2687 I art     : Explicit concurrent mark sweep GC freed 3(96B) AllocSpace objects, 0(0B) LOS objects, 30% free, 36MB/52MB, paused 603us total 21.636ms
08-05 02:29:54.213  2110  2687 I art     : Starting a blocking GC Explicit
08-05 02:29:54.235  2110  2687 I art     : Explicit concurrent mark sweep GC freed 3(96B) AllocSpace objects, 0(0B) LOS objects, 30% free, 36MB/52MB, paused 640us total 22.311ms
08-05 02:29:54.576  2110  2123 I art     : Starting a blocking GC Explicit
08-05 02:29:54.602  2110  2123 I art     : Explicit concurrent mark sweep GC freed 1398(80KB) AllocSpace objects, 1(20KB) LOS objects, 30% free, 36MB/52MB, paused 613us total 25.576ms
08-05 02:29:54.612  2110  2123 I art     : Starting a blocking GC Explicit
08-05 02:29:54.632  2110  2123 I art     : Explicit concurrent mark sweep GC freed 20(704B) AllocSpace objects, 0(0B) LOS objects, 30% free, 36MB/52MB, paused 586us total 20.616ms
08-05 02:29:54.640  2110  2123 I art     : Starting a blocking GC Explicit
08-05 02:29:54.660  2110  2123 I art     : Explicit concurrent mark sweep GC freed 3(96B) AllocSpace objects, 0(0B) LOS objects, 30% free, 36MB/52MB, paused 597us total 20.464ms
08-05 02:29:54.667  2110  2123 I art     : Starting a blocking GC Explicit
08-05 02:29:54.687  2110  2123 I art     : Explicit concurrent mark sweep GC freed 3(96B) AllocSpace objects, 0(0B) LOS objects, 30% free, 36MB/52MB, paused 653us total 19.372ms
08-05 02:29:54.693  2110  2123 I art     : Starting a blocking GC Explicit
08-05 02:29:54.713  2110  2123 I art     : Explicit concurrent mark sweep GC freed 3(96B) AllocSpace objects, 0(0B) LOS objects, 30% free, 36MB/52MB, paused 591us total 19.616ms
08-05 02:29:54.908  3007  3007 D AndroidRuntime: >>>>>> START com.android.internal.os.RuntimeInit uid 2000 <<<<<<
08-05 02:29:54.912  3007  3007 D AndroidRuntime: CheckJNI is OFF
08-05 02:29:54.937  3007  3007 D ICU     : No timezone override file found: /data/misc/zoneinfo/current/icu/icu_tzdata.dat
08-05 02:29:54.962  3007  3007 I Radio-JNI: register_android_hardware_Radio DONE
08-05 02:29:54.979  3007  3007 D AndroidRuntime: Calling main entry com.android.commands.input.Input
08-05 02:29:54.980  3007  3007 I Input   : injectKeyEvent: KeyEvent { action=ACTION_DOWN, keyCode=KEYCODE_BACK, scanCode=0, metaState=0, flags=0x0, repeatCount=0, eventTime=757811394, downTime=757811394, deviceId=-1, source=0x101 }
08-05 02:29:54.987  3007  3007 I Input   : injectKeyEvent: KeyEvent { action=ACTION_UP, keyCode=KEYCODE_BACK, scanCode=0, metaState=0, flags=0x0, repeatCount=0, eventTime=757811394, downTime=757811394, deviceId=-1, source=0x101 }
08-05 02:29:54.993  3007  3007 D AndroidRuntime: Shutting down VM
08-05 02:29:55.019  2110  2122 I art     : Starting a blocking GC Explicit
08-05 02:29:55.041  2110  2122 I art     : Explicit concurrent mark sweep GC freed 1610(119KB) AllocSpace objects, 3(60KB) LOS objects, 30% free, 36MB/52MB, paused 652us total 22.117ms
08-05 02:29:55.049  2110  2122 I art     : Starting a blocking GC Explicit
08-05 02:29:55.069  2110  2122 I art     : Explicit concurrent mark sweep GC freed 630(45KB) AllocSpace objects, 1(20KB) LOS objects, 30% free, 36MB/52MB, paused 626us total 19.900ms
08-05 02:29:55.075  2110  2122 I art     : Starting a blocking GC Explicit
08-05 02:29:55.098  2110  2122 I art     : Explicit concurrent mark sweep GC freed 1602(143KB) AllocSpace objects, 5(100KB) LOS objects, 30% free, 36MB/52MB, paused 1.082ms total 22.093ms
08-05 02:29:55.105  2110  2122 I art     : Starting a blocking GC Explicit
08-05 02:29:55.127 13866 13866 I GoogleInputMethodServic: GoogleInputMethodService.onFinishInput():3138 
08-05 02:29:55.127  2110  2122 I art     : Explicit concurrent mark sweep GC freed 399(28KB) AllocSpace objects, 0(0B) LOS objects, 30% free, 36MB/52MB, paused 782us total 21.866ms
08-05 02:29:55.129 13866 13866 I GoogleInputMethodServic: GoogleInputMethodService.onStartInput():1808 
08-05 02:29:55.135  2110  2122 I art     : Starting a blocking GC Explicit
08-05 02:29:55.157  2110  2122 I art     : Explicit concurrent mark sweep GC freed 505(34KB) AllocSpace objects, 1(20KB) LOS objects, 30% free, 36MB/52MB, paused 872us total 22.218ms
08-05 02:29:55.453  2110  2687 I art     : Starting a blocking GC Explicit
08-05 02:29:55.480  2110  2687 I art     : Explicit concurrent mark sweep GC freed 2805(149KB) AllocSpace objects, 2(48KB) LOS objects, 30% free, 36MB/52MB, paused 736us total 26.269ms
08-05 02:29:55.488  2110  2687 I art     : Starting a blocking GC Explicit
08-05 02:29:55.511  2110  2687 I art     : Explicit concurrent mark sweep GC freed 153(7KB) AllocSpace objects, 0(0B) LOS objects, 30% free, 36MB/52MB, paused 748us total 23.378ms
08-05 02:29:55.519  2110  2687 I art     : Starting a blocking GC Explicit
08-05 02:29:55.544  2110  2687 I art     : Explicit concurrent mark sweep GC freed 7(224B) AllocSpace objects, 0(0B) LOS objects, 30% free, 36MB/52MB, paused 771us total 25.152ms
08-05 02:29:55.551  2110  2687 I art     : Starting a blocking GC Explicit
08-05 02:29:55.577  2110  2687 I art     : Explicit concurrent mark sweep GC freed 679(56KB) AllocSpace objects, 2(120KB) LOS objects, 30% free, 36MB/52MB, paused 876us total 25.738ms
08-05 02:29:55.585  2110  2687 I art     : Starting a blocking GC Explicit
08-05 02:29:55.611  2110  2687 I art     : Explicit concurrent mark sweep GC freed 1963(76KB) AllocSpace objects, 0(0B) LOS objects, 30% free, 36MB/52MB, paused 718us total 26.653ms
08-05 02:29:55.656  2110  3030 I NAPPA_EXPERIMENTATION: MetricNetworkRequestExecutionTime: REQUEST_DURATION_SYSTEM='556',REQUEST_DURATION_OKHTTP='47',REQUEST_SYNCHRONOUS='TRUE',RESPONSE_CODE='200',RESPONSE_METHOD='GET',RESPONSE_LENGTH_OKHTTP='-1',RESPONSE_LENGTH_HEADER='12364',REQUEST_PROTOCOL='http/1.1',REQUEST_URL='https://www.newsblur.com/social/river_stories?order=newest&page=2&read_filter=all&global_feed=true',
08-05 02:29:55.656  2110  3030 D MY_TAG  : 0, 556
08-05 02:29:55.928  2110  2123 I art     : Starting a blocking GC Explicit
08-05 02:29:55.962  2110  2123 I art     : Explicit concurrent mark sweep GC freed 35786(2MB) AllocSpace objects, 34(940KB) LOS objects, 30% free, 36MB/52MB, paused 635us total 33.760ms
08-05 02:29:55.971  2110  2123 I art     : Starting a blocking GC Explicit
08-05 02:29:55.993  2110  2123 I art     : Explicit concurrent mark sweep GC freed 2378(202KB) AllocSpace objects, 0(0B) LOS objects, 30% free, 36MB/52MB, paused 609us total 21.904ms
08-05 02:29:56.000  2110  2123 I art     : Starting a blocking GC Explicit
08-05 02:29:56.022  2110  2123 I art     : Explicit concurrent mark sweep GC freed 7(224B) AllocSpace objects, 0(0B) LOS objects, 30% free, 36MB/52MB, paused 647us total 21.489ms
08-05 02:29:56.030  2110  2123 I art     : Starting a blocking GC Explicit
08-05 02:29:56.050  2110  2123 I art     : Explicit concurrent mark sweep GC freed 6(192B) AllocSpace objects, 0(0B) LOS objects, 30% free, 36MB/52MB, paused 625us total 20.734ms
08-05 02:29:56.058  2110  2123 I art     : Starting a blocking GC Explicit
08-05 02:29:56.079  2110  2123 I art     : Explicit concurrent mark sweep GC freed 6(192B) AllocSpace objects, 0(0B) LOS objects, 30% free, 36MB/52MB, paused 624us total 21.085ms
08-05 02:29:56.369  2110  2122 I art     : Starting a blocking GC Explicit
08-05 02:29:56.396  2110  2122 I art     : Explicit concurrent mark sweep GC freed 1477(83KB) AllocSpace objects, 1(20KB) LOS objects, 30% free, 36MB/52MB, paused 756us total 27.340ms
08-05 02:29:56.404  2110  2122 I art     : Starting a blocking GC Explicit
08-05 02:29:56.430  2110  2122 I art     : Explicit concurrent mark sweep GC freed 23(800B) AllocSpace objects, 0(0B) LOS objects, 30% free, 36MB/52MB, paused 680us total 26.362ms
08-05 02:29:56.438  2110  2122 I art     : Starting a blocking GC Explicit
08-05 02:29:56.463  2110  2122 I art     : Explicit concurrent mark sweep GC freed 7(224B) AllocSpace objects, 0(0B) LOS objects, 30% free, 36MB/52MB, paused 686us total 25.155ms
08-05 02:29:56.471  2110  2122 I art     : Starting a blocking GC Explicit
08-05 02:29:56.493  2110  2122 I art     : Explicit concurrent mark sweep GC freed 7(224B) AllocSpace objects, 0(0B) LOS objects, 30% free, 36MB/52MB, paused 712us total 21.965ms
08-05 02:29:56.500  2110  2122 I art     : Starting a blocking GC Explicit
08-05 02:29:56.521  2110  2122 I art     : Explicit concurrent mark sweep GC freed 7(224B) AllocSpace objects, 0(0B) LOS objects, 30% free, 36MB/52MB, paused 607us total 20.900ms
08-05 02:29:56.580  3060  3060 D AndroidRuntime: >>>>>> START com.android.internal.os.RuntimeInit uid 2000 <<<<<<
08-05 02:29:56.584  3060  3060 D AndroidRuntime: CheckJNI is OFF
08-05 02:29:56.608  3060  3060 D ICU     : No timezone override file found: /data/misc/zoneinfo/current/icu/icu_tzdata.dat
08-05 02:29:56.633  3060  3060 I Radio-JNI: register_android_hardware_Radio DONE
08-05 02:29:56.650  3060  3060 D AndroidRuntime: Calling main entry com.android.commands.input.Input
08-05 02:29:56.651  3060  3060 I Input   : injectMotionEvent: MotionEvent { action=ACTION_DOWN, actionButton=0, id[0]=0, x[0]=435.0, y[0]=858.0, toolType[0]=TOOL_TYPE_UNKNOWN, buttonState=0, metaState=0, flags=0x0, edgeFlags=0x0, pointerCount=1, historySize=0, eventTime=757813064, downTime=757813064, deviceId=0, source=0x1002 }
08-05 02:29:56.657  3060  3060 I Input   : injectMotionEvent: MotionEvent { action=ACTION_UP, actionButton=0, id[0]=0, x[0]=435.0, y[0]=858.0, toolType[0]=TOOL_TYPE_UNKNOWN, buttonState=0, metaState=0, flags=0x0, edgeFlags=0x0, pointerCount=1, historySize=0, eventTime=757813064, downTime=757813064, deviceId=0, source=0x1002 }
08-05 02:29:56.659  3060  3060 D AndroidRuntime: Shutting down VM
08-05 02:29:56.674   918  6110 I ActivityManager: START u0 {cmp=baseline.com.newsblur/.activity.GlobalSharedStoriesReading (has extras)} from uid 10676 on display 0
08-05 02:29:56.678   512  2967 D audio_hw_primary: out_set_parameters: enter: usecase(1: low-latency-playback) kvpairs: routing=2
08-05 02:29:56.691   512  2967 D audio_hw_primary: select_devices: out_snd_device(2: speaker) in_snd_device(0: none)
08-05 02:29:56.691   512  2967 D msm8974_platform: platform_send_audio_calibration: sending audio calibration for snd_device(2) acdb_id(15)
08-05 02:29:56.691   512  2967 I soundtrigger: audio_extn_sound_trigger_update_device_status: device 0x2 of type 0 for Event 1
08-05 02:29:56.701   512  2967 D audio_hw_primary: enable_snd_device: snd_device(2: speaker)
08-05 02:29:56.703   512  2967 D audio_hw_primary: enable_audio_route: apply and update mixer path: low-latency-playback speaker
08-05 02:29:56.780  2110  2122 I art     : Starting a blocking GC Explicit
08-05 02:29:56.804  2110  2122 I art     : Explicit concurrent mark sweep GC freed 2903(234KB) AllocSpace objects, 6(548KB) LOS objects, 30% free, 36MB/52MB, paused 637us total 23.860ms
08-05 02:29:56.812  2110  2122 I art     : Starting a blocking GC Explicit
08-05 02:29:56.830   918   936 I ActivityManager: Displayed baseline.com.newsblur/.activity.GlobalSharedStoriesReading: +147ms
08-05 02:29:56.831 13866 13866 I GoogleInputMethodServic: GoogleInputMethodService.onFinishInput():3138 
08-05 02:29:56.831 13866 13866 I GoogleInputMethodServic: GoogleInputMethodService.onStartInput():1808 
08-05 02:29:56.836  2110  2122 I art     : Explicit concurrent mark sweep GC freed 759(53KB) AllocSpace objects, 1(20KB) LOS objects, 30% free, 36MB/52MB, paused 803us total 24.548ms
08-05 02:29:56.843  2110  2122 I art     : Starting a blocking GC Explicit
08-05 02:29:56.869  2110  2122 I art     : Explicit concurrent mark sweep GC freed 1163(76KB) AllocSpace objects, 1(20KB) LOS objects, 30% free, 37MB/53MB, paused 1.123ms total 25.233ms
08-05 02:29:56.877  2110  2122 I art     : Starting a blocking GC Explicit
08-05 02:29:56.899   518   646 I ThermalEngine: ACTION: GPU - Setting GPU[0] to 510000000
08-05 02:29:56.903  2110  2122 I art     : Explicit concurrent mark sweep GC freed 1326(90KB) AllocSpace objects, 2(40KB) LOS objects, 30% free, 37MB/53MB, paused 1.027ms total 25.693ms
08-05 02:29:56.913  2110  2122 I art     : Starting a blocking GC Explicit
08-05 02:29:56.944  2110  2122 I art     : Explicit concurrent mark sweep GC freed 1001(84KB) AllocSpace objects, 6(140KB) LOS objects, 29% free, 37MB/53MB, paused 1.200ms total 30.350ms
08-05 02:29:57.007  2110  2132 E SQLiteLog: (9) statement aborts at 14: [SELECT authors,short_content,timestamp,sharedDate,stories.feed_id,stories._id,intelligence_authors,intelligence_feed,intelligence_tags,intelligence_total,intelligence_title,permalink,r
08-05 02:29:57.074  2110  2736 E chromium: [ERROR:tile_manager.cc(793)] WARNING: tile memory limits exceeded, some content may not draw
08-05 02:29:57.074  2110  2736 E chromium: [ERROR:tile_manager.cc(793)] WARNING: tile memory limits exceeded, some content may not draw
08-05 02:29:57.221  2110  2366 I art     : Starting a blocking GC Explicit
08-05 02:29:57.250   512  2967 D audio_hw_primary: disable_audio_route: reset and update mixer path: low-latency-playback speaker
08-05 02:29:57.251   512  2967 D audio_hw_primary: disable_snd_device: snd_device(2: speaker)
08-05 02:29:57.256  2110  2366 I art     : Explicit concurrent mark sweep GC freed 6545(513KB) AllocSpace objects, 13(284KB) LOS objects, 29% free, 37MB/53MB, paused 1.122ms total 34.852ms
08-05 02:29:57.260   512  2967 I soundtrigger: audio_extn_sound_trigger_update_device_status: device 0x2 of type 0 for Event 0
08-05 02:29:57.266  2110  2366 I art     : Starting a blocking GC Explicit
08-05 02:29:57.295  2110  2366 I art     : Explicit concurrent mark sweep GC freed 1086(51KB) AllocSpace objects, 1(28KB) LOS objects, 29% free, 37MB/53MB, paused 881us total 29.001ms
08-05 02:29:57.305  2110  2366 I art     : Starting a blocking GC Explicit
08-05 02:29:57.335  2110  2366 I art     : Explicit concurrent mark sweep GC freed 3(96B) AllocSpace objects, 0(0B) LOS objects, 29% free, 37MB/53MB, paused 991us total 30.550ms
08-05 02:29:57.345  2110  2366 I art     : Starting a blocking GC Explicit
08-05 02:29:57.377  2110  2366 I art     : Explicit concurrent mark sweep GC freed 3(96B) AllocSpace objects, 0(0B) LOS objects, 29% free, 37MB/53MB, paused 973us total 31.454ms
08-05 02:29:57.387  2110  2366 I art     : Starting a blocking GC Explicit
08-05 02:29:57.419  2110  2366 I art     : Explicit concurrent mark sweep GC freed 3(96B) AllocSpace objects, 0(0B) LOS objects, 29% free, 37MB/53MB, paused 915us total 31.944ms
08-05 02:29:57.603  2110  3092 E baseline.com.newsblur.network.APIResponse: Error (unexpected end of stream on https://www.newsblur.com/...) calling https://www.newsblur.com/reader/mark_story_hashes_as_read/
08-05 02:29:57.603  2110  3092 E baseline.com.newsblur.network.APIResponse: java.io.IOException: unexpected end of stream on https://www.newsblur.com/...
08-05 02:29:57.603  2110  3092 E baseline.com.newsblur.network.APIResponse: 	at okhttp3.internal.http1.Http1ExchangeCodec.readResponseHeaders(Http1ExchangeCodec.java:236)
08-05 02:29:57.603  2110  3092 E baseline.com.newsblur.network.APIResponse: 	at okhttp3.internal.connection.Exchange.readResponseHeaders(Exchange.java:115)
08-05 02:29:57.603  2110  3092 E baseline.com.newsblur.network.APIResponse: 	at okhttp3.internal.http.CallServerInterceptor.intercept(CallServerInterceptor.java:94)
08-05 02:29:57.603  2110  3092 E baseline.com.newsblur.network.APIResponse: 	at okhttp3.internal.http.RealInterceptorChain.proceed(RealInterceptorChain.java:142)
08-05 02:29:57.603  2110  3092 E baseline.com.newsblur.network.APIResponse: 	at okhttp3.internal.connection.ConnectInterceptor.intercept(ConnectInterceptor.java:43)
08-05 02:29:57.603  2110  3092 E baseline.com.newsblur.network.APIResponse: 	at okhttp3.internal.http.RealInterceptorChain.proceed(RealInterceptorChain.java:142)
08-05 02:29:57.603  2110  3092 E baseline.com.newsblur.network.APIResponse: 	at okhttp3.internal.http.RealInterceptorChain.proceed(RealInterceptorChain.java:117)
08-05 02:29:57.603  2110  3092 E baseline.com.newsblur.network.APIResponse: 	at okhttp3.internal.cache.CacheInterceptor.intercept(CacheInterceptor.java:94)
08-05 02:29:57.603  2110  3092 E baseline.com.newsblur.network.APIResponse: 	at okhttp3.internal.http.RealInterceptorChain.proceed(RealInterceptorChain.java:142)
08-05 02:29:57.603  2110  3092 E baseline.com.newsblur.network.APIResponse: 	at okhttp3.internal.http.RealInterceptorChain.proceed(RealInterceptorChain.java:117)
08-05 02:29:57.603  2110  3092 E baseline.com.newsblur.network.APIResponse: 	at okhttp3.internal.http.BridgeInterceptor.intercept(BridgeInterceptor.java:93)
08-05 02:29:57.603  2110  3092 E baseline.com.newsblur.network.APIResponse: 	at okhttp3.internal.http.RealInterceptorChain.proceed(RealInterceptorChain.java:142)
08-05 02:29:57.603  2110  3092 E baseline.com.newsblur.network.APIResponse: 	at okhttp3.internal.http.RetryAndFollowUpInterceptor.intercept(RetryAndFollowUpInterceptor.java:88)
08-05 02:29:57.603  2110  3092 E baseline.com.newsblur.network.APIResponse: 	at okhttp3.internal.http.RealInterceptorChain.proceed(RealInterceptorChain.java:142)
08-05 02:29:57.603  2110  3092 E baseline.com.newsblur.network.APIResponse: 	at okhttp3.internal.http.RealInterceptorChain.proceed(RealInterceptorChain.java:117)
08-05 02:29:57.603  2110  3092 E baseline.com.newsblur.network.APIResponse: 	at okhttp3.RealCall.getResponseWithInterceptorChain(RealCall.java:229)
08-05 02:29:57.603  2110  3092 E baseline.com.newsblur.network.APIResponse: 	at okhttp3.RealCall.execute(RealCall.java:81)
08-05 02:29:57.603  2110  3092 E baseline.com.newsblur.network.APIResponse: 	at baseline.com.newsblur.network.APIResponse.<init>(APIResponse.java:57)
08-05 02:29:57.603  2110  3092 E baseline.com.newsblur.network.APIResponse: 	at baseline.com.newsblur.network.APIResponse.<init>(APIResponse.java:43)
08-05 02:29:57.603  2110  3092 E baseline.com.newsblur.network.APIResponse: 	at baseline.com.newsblur.network.APIManager.post_single(APIManager.java:702)
08-05 02:29:57.603  2110  3092 E baseline.com.newsblur.network.APIResponse: 	at baseline.com.newsblur.network.APIManager.post(APIManager.java:675)
08-05 02:29:57.603  2110  3092 E baseline.com.newsblur.network.APIResponse: 	at baseline.com.newsblur.network.APIManager.post(APIManager.java:714)
08-05 02:29:57.603  2110  3092 E baseline.com.newsblur.network.APIResponse: 	at baseline.com.newsblur.network.APIManager.markStoryAsRead(APIManager.java:205)
08-05 02:29:57.603  2110  3092 E baseline.com.newsblur.network.APIResponse: 	at baseline.com.newsblur.util.ReadingAction.doRemote(ReadingAction.java:281)
08-05 02:29:57.603  2110  3092 E baseline.com.newsblur.network.APIResponse: 	at baseline.com.newsblur.service.NBSyncService.syncActions(NBSyncService.java:400)
08-05 02:29:57.603  2110  3092 E baseline.com.newsblur.network.APIResponse: 	at baseline.com.newsblur.service.NBSyncService.doSync(NBSyncService.java:298)
08-05 02:29:57.603  2110  3092 E baseline.com.newsblur.network.APIResponse: 	at baseline.com.newsblur.service.NBSyncService.access$100(NBSyncService.java:67)
08-05 02:29:57.603  2110  3092 E baseline.com.newsblur.network.APIResponse: 	at baseline.com.newsblur.service.NBSyncService$1.run(NBSyncService.java:188)
08-05 02:29:57.603  2110  3092 E baseline.com.newsblur.network.APIResponse: 	at java.util.concurrent.ThreadPoolExecutor.runWorker(ThreadPoolExecutor.java:1113)
08-05 02:29:57.603  2110  3092 E baseline.com.newsblur.network.APIResponse: 	at java.util.concurrent.ThreadPoolExecutor$Worker.run(ThreadPoolExecutor.java:588)
08-05 02:29:57.603  2110  3092 E baseline.com.newsblur.network.APIResponse: 	at java.lang.Thread.run(Thread.java:818)
08-05 02:29:57.603  2110  3092 E baseline.com.newsblur.network.APIResponse: Caused by: java.io.EOFException: \n not found: limit=0 content=
08-05 02:29:57.603  2110  3092 E baseline.com.newsblur.network.APIResponse: 	at okio.RealBufferedSource.readUtf8LineStrict(RealBufferedSource.java:240)
08-05 02:29:57.603  2110  3092 E baseline.com.newsblur.network.APIResponse: 	at okhttp3.internal.http1.Http1ExchangeCodec.readHeaderLine(Http1ExchangeCodec.java:242)
08-05 02:29:57.603  2110  3092 E baseline.com.newsblur.network.APIResponse: 	at okhttp3.internal.http1.Http1ExchangeCodec.readResponseHeaders(Http1ExchangeCodec.java:213)
08-05 02:29:57.603  2110  3092 E baseline.com.newsblur.network.APIResponse: 	... 30 more
08-05 02:29:57.605  2110  3092 I baseline.com.newsblur.network.APIManager: API call failed, pausing before retry number 1
08-05 02:29:57.736  2110  2687 I art     : Starting a blocking GC Explicit
08-05 02:29:57.774  2110  2687 I art     : Explicit concurrent mark sweep GC freed 4648(415KB) AllocSpace objects, 6(260KB) LOS objects, 29% free, 37MB/53MB, paused 985us total 38.346ms
08-05 02:29:57.786  2110  2687 I art     : Starting a blocking GC Explicit
08-05 02:29:57.816  2110  2687 I art     : Explicit concurrent mark sweep GC freed 993(118KB) AllocSpace objects, 0(0B) LOS objects, 29% free, 37MB/53MB, paused 900us total 30.561ms
08-05 02:29:57.825  2110  2687 I art     : Starting a blocking GC Explicit
08-05 02:29:57.856  2110  2687 I art     : Explicit concurrent mark sweep GC freed 3(96B) AllocSpace objects, 0(0B) LOS objects, 29% free, 37MB/53MB, paused 973us total 30.615ms
08-05 02:29:57.865  2110  2687 I art     : Starting a blocking GC Explicit
08-05 02:29:57.894  2110  2687 I art     : Explicit concurrent mark sweep GC freed 12(320B) AllocSpace objects, 0(0B) LOS objects, 29% free, 37MB/53MB, paused 973us total 28.582ms
08-05 02:29:57.904  2110  2687 I art     : Starting a blocking GC Explicit
08-05 02:29:57.933  2110  2687 I art     : Explicit concurrent mark sweep GC freed 35(1920B) AllocSpace objects, 0(0B) LOS objects, 29% free, 37MB/53MB, paused 894us total 28.908ms
08-05 02:29:58.125  2110  2736 E chromium: [ERROR:tile_manager.cc(793)] WARNING: tile memory limits exceeded, some content may not draw
08-05 02:29:58.125  2110  2736 E chromium: [ERROR:tile_manager.cc(793)] WARNING: tile memory limits exceeded, some content may not draw
08-05 02:29:58.139  2110  2736 E chromium: [ERROR:tile_manager.cc(793)] WARNING: tile memory limits exceeded, some content may not draw
08-05 02:29:58.140  2110  2736 E chromium: [ERROR:tile_manager.cc(793)] WARNING: tile memory limits exceeded, some content may not draw
08-05 02:29:58.156  2110  2736 E chromium: [ERROR:tile_manager.cc(793)] WARNING: tile memory limits exceeded, some content may not draw
08-05 02:29:58.157  2110  2736 E chromium: [ERROR:tile_manager.cc(793)] WARNING: tile memory limits exceeded, some content may not draw
08-05 02:29:58.250  2110  2366 I art     : Starting a blocking GC Explicit
08-05 02:29:58.286  2110  2366 I art     : Explicit concurrent mark sweep GC freed 1532(85KB) AllocSpace objects, 1(20KB) LOS objects, 29% free, 37MB/53MB, paused 1ms total 35.410ms
08-05 02:29:58.297  2110  2366 I art     : Starting a blocking GC Explicit
08-05 02:29:58.329  2110  2366 I art     : Explicit concurrent mark sweep GC freed 40(1360B) AllocSpace objects, 0(0B) LOS objects, 29% free, 37MB/53MB, paused 879us total 32.359ms
08-05 02:29:58.341  2110  2366 I art     : Starting a blocking GC Explicit
08-05 02:29:58.364   918  3261 D WifiStateMachine: starting scan for "H369AA63323"WPA_PSK with 2412,5180
08-05 02:29:58.374  2110  2366 I art     : Explicit concurrent mark sweep GC freed 16(512B) AllocSpace objects, 0(0B) LOS objects, 29% free, 37MB/53MB, paused 878us total 33.027ms
08-05 02:29:58.384  2110  2366 I art     : Starting a blocking GC Explicit
08-05 02:29:58.413  2110  2366 I art     : Explicit concurrent mark sweep GC freed 3(96B) AllocSpace objects, 0(0B) LOS objects, 29% free, 37MB/53MB, paused 843us total 28.821ms
08-05 02:29:58.422  2110  2366 I art     : Starting a blocking GC Explicit
08-05 02:29:58.452  2110  2366 I art     : Explicit concurrent mark sweep GC freed 3(96B) AllocSpace objects, 0(0B) LOS objects, 29% free, 37MB/53MB, paused 870us total 29.704ms
08-05 02:29:58.797  2110  2123 I art     : Starting a blocking GC Explicit
08-05 02:29:58.832  2110  2123 I art     : Explicit concurrent mark sweep GC freed 1478(84KB) AllocSpace objects, 1(20KB) LOS objects, 29% free, 37MB/53MB, paused 998us total 35.373ms
08-05 02:29:58.843  2110  2123 I art     : Starting a blocking GC Explicit
08-05 02:29:58.877  2110  2123 I art     : Explicit concurrent mark sweep GC freed 22(784B) AllocSpace objects, 0(0B) LOS objects, 29% free, 37MB/53MB, paused 1.008ms total 33.278ms
08-05 02:29:58.887  2110  2123 I art     : Starting a blocking GC Explicit
08-05 02:29:58.921  2110  2123 I art     : Explicit concurrent mark sweep GC freed 3(96B) AllocSpace objects, 0(0B) LOS objects, 29% free, 37MB/53MB, paused 996us total 33.045ms
08-05 02:29:58.931  2110  2123 I art     : Starting a blocking GC Explicit
08-05 02:29:58.963  2110  2123 I art     : Explicit concurrent mark sweep GC freed 3(96B) AllocSpace objects, 0(0B) LOS objects, 29% free, 37MB/53MB, paused 1.062ms total 31.786ms
08-05 02:29:58.974  2110  2123 I art     : Starting a blocking GC Explicit
08-05 02:29:59.004  2110  2123 I art     : Explicit concurrent mark sweep GC freed 3(96B) AllocSpace objects, 0(0B) LOS objects, 29% free, 37MB/53MB, paused 923us total 29.449ms
08-05 02:29:59.356  2110  2123 I art     : Starting a blocking GC Explicit
08-05 02:29:59.393  2110  2123 I art     : Explicit concurrent mark sweep GC freed 1606(91KB) AllocSpace objects, 1(20KB) LOS objects, 29% free, 37MB/53MB, paused 999us total 36.747ms
08-05 02:29:59.404  2110  2123 I art     : Starting a blocking GC Explicit
08-05 02:29:59.438  2110  2123 I art     : Explicit concurrent mark sweep GC freed 28(1040B) AllocSpace objects, 0(0B) LOS objects, 29% free, 37MB/53MB, paused 962us total 34.390ms
08-05 02:29:59.449  2110  2123 I art     : Starting a blocking GC Explicit
08-05 02:29:59.481  2110  2123 I art     : Explicit concurrent mark sweep GC freed 3(96B) AllocSpace objects, 0(0B) LOS objects, 29% free, 37MB/53MB, paused 905us total 32.264ms
08-05 02:29:59.491  2110  2123 I art     : Starting a blocking GC Explicit
08-05 02:29:59.523  2110  2123 I art     : Explicit concurrent mark sweep GC freed 3(96B) AllocSpace objects, 0(0B) LOS objects, 29% free, 37MB/53MB, paused 951us total 31.873ms
08-05 02:29:59.533  2110  2123 I art     : Starting a blocking GC Explicit
08-05 02:29:59.566  2110  2123 I art     : Explicit concurrent mark sweep GC freed 477(20KB) AllocSpace objects, 0(0B) LOS objects, 29% free, 37MB/53MB, paused 1.332ms total 32.134ms
08-05 02:29:59.630  2110  3092 E baseline.com.newsblur.network.APIResponse: Error (unexpected end of stream on https://www.newsblur.com/...) calling https://www.newsblur.com/reader/mark_story_hashes_as_read/
08-05 02:29:59.630  2110  3092 E baseline.com.newsblur.network.APIResponse: java.io.IOException: unexpected end of stream on https://www.newsblur.com/...
08-05 02:29:59.630  2110  3092 E baseline.com.newsblur.network.APIResponse: 	at okhttp3.internal.http1.Http1ExchangeCodec.readResponseHeaders(Http1ExchangeCodec.java:236)
08-05 02:29:59.630  2110  3092 E baseline.com.newsblur.network.APIResponse: 	at okhttp3.internal.connection.Exchange.readResponseHeaders(Exchange.java:115)
08-05 02:29:59.630  2110  3092 E baseline.com.newsblur.network.APIResponse: 	at okhttp3.internal.http.CallServerInterceptor.intercept(CallServerInterceptor.java:94)
08-05 02:29:59.630  2110  3092 E baseline.com.newsblur.network.APIResponse: 	at okhttp3.internal.http.RealInterceptorChain.proceed(RealInterceptorChain.java:142)
08-05 02:29:59.630  2110  3092 E baseline.com.newsblur.network.APIResponse: 	at okhttp3.internal.connection.ConnectInterceptor.intercept(ConnectInterceptor.java:43)
08-05 02:29:59.630  2110  3092 E baseline.com.newsblur.network.APIResponse: 	at okhttp3.internal.http.RealInterceptorChain.proceed(RealInterceptorChain.java:142)
08-05 02:29:59.630  2110  3092 E baseline.com.newsblur.network.APIResponse: 	at okhttp3.internal.http.RealInterceptorChain.proceed(RealInterceptorChain.java:117)
08-05 02:29:59.630  2110  3092 E baseline.com.newsblur.network.APIResponse: 	at okhttp3.internal.cache.CacheInterceptor.intercept(CacheInterceptor.java:94)
08-05 02:29:59.630  2110  3092 E baseline.com.newsblur.network.APIResponse: 	at okhttp3.internal.http.RealInterceptorChain.proceed(RealInterceptorChain.java:142)
08-05 02:29:59.630  2110  3092 E baseline.com.newsblur.network.APIResponse: 	at okhttp3.internal.http.RealInterceptorChain.proceed(RealInterceptorChain.java:117)
08-05 02:29:59.630  2110  3092 E baseline.com.newsblur.network.APIResponse: 	at okhttp3.internal.http.BridgeInterceptor.intercept(BridgeInterceptor.java:93)
08-05 02:29:59.630  2110  3092 E baseline.com.newsblur.network.APIResponse: 	at okhttp3.internal.http.RealInterceptorChain.proceed(RealInterceptorChain.java:142)
08-05 02:29:59.630  2110  3092 E baseline.com.newsblur.network.APIResponse: 	at okhttp3.internal.http.RetryAndFollowUpInterceptor.intercept(RetryAndFollowUpInterceptor.java:88)
08-05 02:29:59.630  2110  3092 E baseline.com.newsblur.network.APIResponse: 	at okhttp3.internal.http.RealInterceptorChain.proceed(RealInterceptorChain.java:142)
08-05 02:29:59.630  2110  3092 E baseline.com.newsblur.network.APIResponse: 	at okhttp3.internal.http.RealInterceptorChain.proceed(RealInterceptorChain.java:117)
08-05 02:29:59.630  2110  3092 E baseline.com.newsblur.network.APIResponse: 	at okhttp3.RealCall.getResponseWithInterceptorChain(RealCall.java:229)
08-05 02:29:59.630  2110  3092 E baseline.com.newsblur.network.APIResponse: 	at okhttp3.RealCall.execute(RealCall.java:81)
08-05 02:29:59.630  2110  3092 E baseline.com.newsblur.network.APIResponse: 	at baseline.com.newsblur.network.APIResponse.<init>(APIResponse.java:57)
08-05 02:29:59.630  2110  3092 E baseline.com.newsblur.network.APIResponse: 	at baseline.com.newsblur.network.APIResponse.<init>(APIResponse.java:43)
08-05 02:29:59.630  2110  3092 E baseline.com.newsblur.network.APIResponse: 	at baseline.com.newsblur.network.APIManager.post_single(APIManager.java:702)
08-05 02:29:59.630  2110  3092 E baseline.com.newsblur.network.APIResponse: 	at baseline.com.newsblur.network.APIManager.post(APIManager.java:675)
08-05 02:29:59.630  2110  3092 E baseline.com.newsblur.network.APIResponse: 	at baseline.com.newsblur.network.APIManager.post(APIManager.java:714)
08-05 02:29:59.630  2110  3092 E baseline.com.newsblur.network.APIResponse: 	at baseline.com.newsblur.network.APIManager.markStoryAsRead(APIManager.java:205)
08-05 02:29:59.630  2110  3092 E baseline.com.newsblur.network.APIResponse: 	at baseline.com.newsblur.util.ReadingAction.doRemote(ReadingAction.java:281)
08-05 02:29:59.630  2110  3092 E baseline.com.newsblur.network.APIResponse: 	at baseline.com.newsblur.service.NBSyncService.syncActions(NBSyncService.java:400)
08-05 02:29:59.630  2110  3092 E baseline.com.newsblur.network.APIResponse: 	at baseline.com.newsblur.service.NBSyncService.doSync(NBSyncService.java:298)
08-05 02:29:59.630  2110  3092 E baseline.com.newsblur.network.APIResponse: 	at baseline.com.newsblur.service.NBSyncService.access$100(NBSyncService.java:67)
08-05 02:29:59.630  2110  3092 E baseline.com.newsblur.network.APIResponse: 	at baseline.com.newsblur.service.NBSyncService$1.run(NBSyncService.java:188)
08-05 02:29:59.630  2110  3092 E baseline.com.newsblur.network.APIResponse: 	at java.util.concurrent.ThreadPoolExecutor.runWorker(ThreadPoolExecutor.java:1113)
08-05 02:29:59.630  2110  3092 E baseline.com.newsblur.network.APIResponse: 	at java.util.concurrent.ThreadPoolExecutor$Worker.run(ThreadPoolExecutor.java:588)
08-05 02:29:59.630  2110  3092 E baseline.com.newsblur.network.APIResponse: 	at java.lang.Thread.run(Thread.java:818)
08-05 02:29:59.630  2110  3092 E baseline.com.newsblur.network.APIResponse: Caused by: java.io.EOFException: \n not found: limit=0 content=
08-05 02:29:59.630  2110  3092 E baseline.com.newsblur.network.APIResponse: 	at okio.RealBufferedSource.readUtf8LineStrict(RealBufferedSource.java:240)
08-05 02:29:59.630  2110  3092 E baseline.com.newsblur.network.APIResponse: 	at okhttp3.internal.http1.Http1ExchangeCodec.readHeaderLine(Http1ExchangeCodec.java:242)
08-05 02:29:59.630  2110  3092 E baseline.com.newsblur.network.APIResponse: 	at okhttp3.internal.http1.Http1ExchangeCodec.readResponseHeaders(Http1ExchangeCodec.java:213)
08-05 02:29:59.630  2110  3092 E baseline.com.newsblur.network.APIResponse: 	... 30 more
08-05 02:29:59.632  2110  3092 I baseline.com.newsblur.network.APIManager: API call failed, pausing before retry number 2
08-05 02:29:59.929  2110  2123 I art     : Starting a blocking GC Explicit
08-05 02:29:59.966  2110  2123 I art     : Explicit concurrent mark sweep GC freed 3493(337KB) AllocSpace objects, 3(60KB) LOS objects, 29% free, 37MB/53MB, paused 894us total 35.657ms
08-05 02:29:59.977  2110  2123 I art     : Starting a blocking GC Explicit
08-05 02:30:00.010  2110  2123 I art     : Explicit concurrent mark sweep GC freed 89(3KB) AllocSpace objects, 0(0B) LOS objects, 29% free, 37MB/53MB, paused 1.059ms total 32.864ms
08-05 02:30:00.020  2110  2123 I art     : Starting a blocking GC Explicit
08-05 02:30:00.050  2110  2123 I art     : Explicit concurrent mark sweep GC freed 3(96B) AllocSpace objects, 0(0B) LOS objects, 29% free, 37MB/53MB, paused 901us total 29.710ms
08-05 02:30:00.060  2110  2123 I art     : Starting a blocking GC Explicit
08-05 02:30:00.089  2110  2123 I art     : Explicit concurrent mark sweep GC freed 3(96B) AllocSpace objects, 0(0B) LOS objects, 29% free, 37MB/53MB, paused 843us total 29.345ms
08-05 02:30:00.098  2110  2123 I art     : Starting a blocking GC Explicit
08-05 02:30:00.127  2110  2123 I art     : Explicit concurrent mark sweep GC freed 3(96B) AllocSpace objects, 0(0B) LOS objects, 29% free, 37MB/53MB, paused 929us total 28.737ms
08-05 02:30:00.470  2110  2366 I art     : Starting a blocking GC Explicit
08-05 02:30:00.507  2110  2366 I art     : Explicit concurrent mark sweep GC freed 1440(83KB) AllocSpace objects, 1(20KB) LOS objects, 29% free, 37MB/53MB, paused 889us total 36.388ms
08-05 02:30:00.518  2110  2366 I art     : Starting a blocking GC Explicit
08-05 02:30:00.553  2110  2366 I art     : Explicit concurrent mark sweep GC freed 22(784B) AllocSpace objects, 0(0B) LOS objects, 29% free, 37MB/53MB, paused 988us total 34.491ms
08-05 02:30:00.562  2110  2366 I art     : Starting a blocking GC Explicit
08-05 02:30:00.594  2110  2366 I art     : Explicit concurrent mark sweep GC freed 3(96B) AllocSpace objects, 0(0B) LOS objects, 29% free, 37MB/53MB, paused 866us total 31.696ms
08-05 02:30:00.604  2110  2366 I art     : Starting a blocking GC Explicit
08-05 02:30:00.636  2110  2366 I art     : Explicit concurrent mark sweep GC freed 3(96B) AllocSpace objects, 0(0B) LOS objects, 29% free, 37MB/53MB, paused 1.039ms total 31.271ms
08-05 02:30:00.637  2110  2121 I art     : WaitForGcToComplete blocked for 24.783ms for cause HeapTrim
08-05 02:30:00.647  2110  2366 I art     : Starting a blocking GC Explicit
08-05 02:30:00.680  2110  2366 I art     : Explicit concurrent mark sweep GC freed 3(96B) AllocSpace objects, 0(0B) LOS objects, 29% free, 37MB/53MB, paused 880us total 32.570ms
08-05 02:30:00.977   918  1210 D NetlinkSocketObserver: NeighborEvent{elapsedMs=1741204852, 192.168.2.254, [7C3953A63323], RTM_NEWNEIGH, NUD_PROBE}
08-05 02:30:01.022  2110  2687 I art     : Starting a blocking GC Explicit
08-05 02:30:01.056  2110  2687 I art     : Explicit concurrent mark sweep GC freed 1439(82KB) AllocSpace objects, 1(20KB) LOS objects, 29% free, 37MB/53MB, paused 983us total 33.884ms
08-05 02:30:01.066  2110  2687 I art     : Starting a blocking GC Explicit
08-05 02:30:01.099  2110  2687 I art     : Explicit concurrent mark sweep GC freed 22(784B) AllocSpace objects, 0(0B) LOS objects, 29% free, 37MB/53MB, paused 937us total 32.707ms
08-05 02:30:01.109  2110  2687 I art     : Starting a blocking GC Explicit
08-05 02:30:01.142  2110  2687 I art     : Explicit concurrent mark sweep GC freed 3(96B) AllocSpace objects, 0(0B) LOS objects, 29% free, 37MB/53MB, paused 973us total 32.261ms
08-05 02:30:01.151  2110  2687 I art     : Starting a blocking GC Explicit
08-05 02:30:01.180  2110  2687 I art     : Explicit concurrent mark sweep GC freed 3(96B) AllocSpace objects, 0(0B) LOS objects, 29% free, 37MB/53MB, paused 964us total 29.255ms
08-05 02:30:01.190  2110  2687 I art     : Starting a blocking GC Explicit
08-05 02:30:01.219  2110  2687 I art     : Explicit concurrent mark sweep GC freed 3(96B) AllocSpace objects, 0(0B) LOS objects, 29% free, 37MB/53MB, paused 933us total 28.766ms
08-05 02:30:01.314  3171  3171 D AndroidRuntime: >>>>>> START com.android.internal.os.RuntimeInit uid 2000 <<<<<<
08-05 02:30:01.319  3171  3171 D AndroidRuntime: CheckJNI is OFF
08-05 02:30:01.353  3171  3171 D ICU     : No timezone override file found: /data/misc/zoneinfo/current/icu/icu_tzdata.dat
08-05 02:30:01.387  3171  3171 I Radio-JNI: register_android_hardware_Radio DONE
08-05 02:30:01.407  3171  3171 D AndroidRuntime: Calling main entry com.android.commands.input.Input
08-05 02:30:01.409  3171  3171 I Input   : injectKeyEvent: KeyEvent { action=ACTION_DOWN, keyCode=KEYCODE_BACK, scanCode=0, metaState=0, flags=0x0, repeatCount=0, eventTime=757817822, downTime=757817822, deviceId=-1, source=0x101 }
08-05 02:30:01.417  3171  3171 I Input   : injectKeyEvent: KeyEvent { action=ACTION_UP, keyCode=KEYCODE_BACK, scanCode=0, metaState=0, flags=0x0, repeatCount=0, eventTime=757817822, downTime=757817822, deviceId=-1, source=0x101 }
08-05 02:30:01.424  3171  3171 D AndroidRuntime: Shutting down VM
08-05 02:30:01.526  2110  2687 I art     : Starting a blocking GC Explicit
08-05 02:30:01.545 13866 13866 I GoogleInputMethodServic: GoogleInputMethodService.onFinishInput():3138 
08-05 02:30:01.546 13866 13866 I GoogleInputMethodServic: GoogleInputMethodService.onStartInput():1808 
08-05 02:30:01.565  2110  2687 I art     : Explicit concurrent mark sweep GC freed 2810(223KB) AllocSpace objects, 5(100KB) LOS objects, 29% free, 37MB/53MB, paused 1.040ms total 38.672ms
08-05 02:30:01.575  2110  2687 I art     : Starting a blocking GC Explicit
08-05 02:30:01.606  2110  2687 I art     : Explicit concurrent mark sweep GC freed 771(58KB) AllocSpace objects, 1(20KB) LOS objects, 29% free, 37MB/53MB, paused 1.023ms total 31.384ms
08-05 02:30:01.617  2110  2687 I art     : Starting a blocking GC Explicit
08-05 02:30:01.646  2110  2687 I art     : Explicit concurrent mark sweep GC freed 68(2448B) AllocSpace objects, 1(28KB) LOS objects, 29% free, 37MB/53MB, paused 840us total 28.403ms
08-05 02:30:01.655  2110  2687 I art     : Starting a blocking GC Explicit
08-05 02:30:01.683  2110  2687 I art     : Explicit concurrent mark sweep GC freed 3(96B) AllocSpace objects, 0(0B) LOS objects, 29% free, 37MB/53MB, paused 838us total 28.388ms
08-05 02:30:01.693  2110  2687 I art     : Starting a blocking GC Explicit
08-05 02:30:01.724  2110  2687 I art     : Explicit concurrent mark sweep GC freed 3(96B) AllocSpace objects, 0(0B) LOS objects, 29% free, 37MB/53MB, paused 903us total 30.748ms
08-05 02:30:02.032  2110  2687 I art     : Starting a blocking GC Explicit
08-05 02:30:02.063  2110  2687 I art     : Explicit concurrent mark sweep GC freed 3136(163KB) AllocSpace objects, 1(20KB) LOS objects, 29% free, 37MB/53MB, paused 856us total 30.431ms
08-05 02:30:02.073  2110  2687 I art     : Starting a blocking GC Explicit
08-05 02:30:02.103  2110  2687 I art     : Explicit concurrent mark sweep GC freed 153(7KB) AllocSpace objects, 0(0B) LOS objects, 29% free, 37MB/53MB, paused 957us total 30.099ms
08-05 02:30:02.112  2110  2687 I art     : Starting a blocking GC Explicit
08-05 02:30:02.142  2110  2687 I art     : Explicit concurrent mark sweep GC freed 7(224B) AllocSpace objects, 0(0B) LOS objects, 29% free, 37MB/53MB, paused 850us total 29.869ms
08-05 02:30:02.152  2110  2687 I art     : Starting a blocking GC Explicit
08-05 02:30:02.183  2110  2687 I art     : Explicit concurrent mark sweep GC freed 9(288B) AllocSpace objects, 0(0B) LOS objects, 29% free, 37MB/53MB, paused 976us total 30.706ms
08-05 02:30:02.192  2110  2687 I art     : Starting a blocking GC Explicit
08-05 02:30:02.223  2110  2687 I art     : Explicit concurrent mark sweep GC freed 7(224B) AllocSpace objects, 0(0B) LOS objects, 29% free, 37MB/53MB, paused 956us total 31.162ms
08-05 02:30:02.545  2110  2122 I art     : Starting a blocking GC Explicit
08-05 02:30:02.583  2110  2122 I art     : Explicit concurrent mark sweep GC freed 1482(84KB) AllocSpace objects, 1(20KB) LOS objects, 29% free, 37MB/53MB, paused 1.155ms total 37.949ms
08-05 02:30:02.594  2110  2122 I art     : Starting a blocking GC Explicit
08-05 02:30:02.630  2110  2122 I art     : Explicit concurrent mark sweep GC freed 28(976B) AllocSpace objects, 0(0B) LOS objects, 29% free, 37MB/53MB, paused 1.042ms total 35.796ms
08-05 02:30:02.642  2110  2122 I art     : Starting a blocking GC Explicit
08-05 02:30:02.679  2110  2122 I art     : Explicit concurrent mark sweep GC freed 100(3KB) AllocSpace objects, 0(0B) LOS objects, 29% free, 37MB/53MB, paused 1.036ms total 36.127ms
08-05 02:30:02.690  2110  2122 I art     : Starting a blocking GC Explicit
08-05 02:30:02.725  2110  2122 I art     : Explicit concurrent mark sweep GC freed 13(480B) AllocSpace objects, 0(0B) LOS objects, 29% free, 37MB/53MB, paused 979us total 34.608ms
08-05 02:30:02.735  2110  2122 I art     : Starting a blocking GC Explicit
08-05 02:30:02.766  2110  2122 I art     : Explicit concurrent mark sweep GC freed 77(5KB) AllocSpace objects, 0(0B) LOS objects, 29% free, 37MB/53MB, paused 1.138ms total 30.721ms
08-05 02:30:02.908   518   646 I ThermalEngine: ACTION: GPU - Setting GPU[0] to 450000000
08-05 02:30:02.922   918  3188 I hubconnection: sensorhub said: 'set_bias 3: -6.2400, 0.0000, 0.0000'
08-05 02:30:03.098  2110  2687 I art     : Starting a blocking GC Explicit
08-05 02:30:03.102  3220  3220 D AndroidRuntime: >>>>>> START com.android.internal.os.RuntimeInit uid 2000 <<<<<<
08-05 02:30:03.108  3220  3220 D AndroidRuntime: CheckJNI is OFF
08-05 02:30:03.139  2110  2687 I art     : Explicit concurrent mark sweep GC freed 1471(83KB) AllocSpace objects, 1(20KB) LOS objects, 29% free, 37MB/53MB, paused 1.372ms total 40.968ms
08-05 02:30:03.151  2110  2687 I art     : Starting a blocking GC Explicit
08-05 02:30:03.152  3220  3220 D ICU     : No timezone override file found: /data/misc/zoneinfo/current/icu/icu_tzdata.dat
08-05 02:30:03.188  2110  3092 E baseline.com.newsblur.network.APIResponse: Error (unexpected end of stream on https://www.newsblur.com/...) calling https://www.newsblur.com/reader/mark_story_hashes_as_read/
08-05 02:30:03.188  2110  3092 E baseline.com.newsblur.network.APIResponse: java.io.IOException: unexpected end of stream on https://www.newsblur.com/...
08-05 02:30:03.188  2110  3092 E baseline.com.newsblur.network.APIResponse: 	at okhttp3.internal.http1.Http1ExchangeCodec.readResponseHeaders(Http1ExchangeCodec.java:236)
08-05 02:30:03.188  2110  3092 E baseline.com.newsblur.network.APIResponse: 	at okhttp3.internal.connection.Exchange.readResponseHeaders(Exchange.java:115)
08-05 02:30:03.188  2110  3092 E baseline.com.newsblur.network.APIResponse: 	at okhttp3.internal.http.CallServerInterceptor.intercept(CallServerInterceptor.java:94)
08-05 02:30:03.188  2110  3092 E baseline.com.newsblur.network.APIResponse: 	at okhttp3.internal.http.RealInterceptorChain.proceed(RealInterceptorChain.java:142)
08-05 02:30:03.188  2110  3092 E baseline.com.newsblur.network.APIResponse: 	at okhttp3.internal.connection.ConnectInterceptor.intercept(ConnectInterceptor.java:43)
08-05 02:30:03.188  2110  3092 E baseline.com.newsblur.network.APIResponse: 	at okhttp3.internal.http.RealInterceptorChain.proceed(RealInterceptorChain.java:142)
08-05 02:30:03.188  2110  3092 E baseline.com.newsblur.network.APIResponse: 	at okhttp3.internal.http.RealInterceptorChain.proceed(RealInterceptorChain.java:117)
08-05 02:30:03.188  2110  3092 E baseline.com.newsblur.network.APIResponse: 	at okhttp3.internal.cache.CacheInterceptor.intercept(CacheInterceptor.java:94)
08-05 02:30:03.188  2110  3092 E baseline.com.newsblur.network.APIResponse: 	at okhttp3.internal.http.RealInterceptorChain.proceed(RealInterceptorChain.java:142)
08-05 02:30:03.188  2110  3092 E baseline.com.newsblur.network.APIResponse: 	at okhttp3.internal.http.RealInterceptorChain.proceed(RealInterceptorChain.java:117)
08-05 02:30:03.188  2110  3092 E baseline.com.newsblur.network.APIResponse: 	at okhttp3.internal.http.BridgeInterceptor.intercept(BridgeInterceptor.java:93)
08-05 02:30:03.188  2110  3092 E baseline.com.newsblur.network.APIResponse: 	at okhttp3.internal.http.RealInterceptorChain.proceed(RealInterceptorChain.java:142)
08-05 02:30:03.188  2110  3092 E baseline.com.newsblur.network.APIResponse: 	at okhttp3.internal.http.RetryAndFollowUpInterceptor.intercept(RetryAndFollowUpInterceptor.java:88)
08-05 02:30:03.188  2110  3092 E baseline.com.newsblur.network.APIResponse: 	at okhttp3.internal.http.RealInterceptorChain.proceed(RealInterceptorChain.java:142)
08-05 02:30:03.188  2110  3092 E baseline.com.newsblur.network.APIResponse: 	at okhttp3.internal.http.RealInterceptorChain.proceed(RealInterceptorChain.java:117)
08-05 02:30:03.188  2110  3092 E baseline.com.newsblur.network.APIResponse: 	at okhttp3.RealCall.getResponseWithInterceptorChain(RealCall.java:229)
08-05 02:30:03.188  2110  3092 E baseline.com.newsblur.network.APIResponse: 	at okhttp3.RealCall.execute(RealCall.java:81)
08-05 02:30:03.188  2110  3092 E baseline.com.newsblur.network.APIResponse: 	at baseline.com.newsblur.network.APIResponse.<init>(APIResponse.java:57)
08-05 02:30:03.188  2110  3092 E baseline.com.newsblur.network.APIResponse: 	at baseline.com.newsblur.network.APIResponse.<init>(APIResponse.java:43)
08-05 02:30:03.188  2110  3092 E baseline.com.newsblur.network.APIResponse: 	at baseline.com.newsblur.network.APIManager.post_single(APIManager.java:702)
08-05 02:30:03.188  2110  3092 E baseline.com.newsblur.network.APIResponse: 	at baseline.com.newsblur.network.APIManager.post(APIManager.java:675)
08-05 02:30:03.188  2110  3092 E baseline.com.newsblur.network.APIResponse: 	at baseline.com.newsblur.network.APIManager.post(APIManager.java:714)
08-05 02:30:03.188  2110  3092 E baseline.com.newsblur.network.APIResponse: 	at baseline.com.newsblur.network.APIManager.markStoryAsRead(APIManager.java:205)
08-05 02:30:03.188  2110  3092 E baseline.com.newsblur.network.APIResponse: 	at baseline.com.newsblur.util.ReadingAction.doRemote(ReadingAction.java:281)
08-05 02:30:03.188  2110  3092 E baseline.com.newsblur.network.APIResponse: 	at baseline.com.newsblur.service.NBSyncService.syncActions(NBSyncService.java:400)
08-05 02:30:03.188  2110  3092 E baseline.com.newsblur.network.APIResponse: 	at baseline.com.newsblur.service.NBSyncService.doSync(NBSyncService.java:298)
08-05 02:30:03.188  2110  3092 E baseline.com.newsblur.network.APIResponse: 	at baseline.com.newsblur.service.NBSyncService.access$100(NBSyncService.java:67)
08-05 02:30:03.188  2110  3092 E baseline.com.newsblur.network.APIResponse: 	at baseline.com.newsblur.service.NBSyncService$1.run(NBSyncService.java:188)
08-05 02:30:03.188  2110  3092 E baseline.com.newsblur.network.APIResponse: 	at java.util.concurrent.ThreadPoolExecutor.runWorker(ThreadPoolExecutor.java:1113)
08-05 02:30:03.188  2110  3092 E baseline.com.newsblur.network.APIResponse: 	at java.util.concurrent.ThreadPoolExecutor$Worker.run(ThreadPoolExecutor.java:588)
08-05 02:30:03.188  2110  3092 E baseline.com.newsblur.network.APIResponse: 	at java.lang.Thread.run(Thread.java:818)
08-05 02:30:03.188  2110  3092 E baseline.com.newsblur.network.APIResponse: Caused by: java.io.EOFException: \n not found: limit=0 content=
08-05 02:30:03.188  2110  3092 E baseline.com.newsblur.network.APIResponse: 	at okio.RealBufferedSource.readUtf8LineStrict(RealBufferedSource.java:240)
08-05 02:30:03.188  2110  3092 E baseline.com.newsblur.network.APIResponse: 	at okhttp3.internal.http1.Http1ExchangeCodec.readHeaderLine(Http1ExchangeCodec.java:242)
08-05 02:30:03.188  2110  3092 E baseline.com.newsblur.network.APIResponse: 	at okhttp3.internal.http1.Http1ExchangeCodec.readResponseHeaders(Http1ExchangeCodec.java:213)
08-05 02:30:03.188  2110  3092 E baseline.com.newsblur.network.APIResponse: 	... 30 more
08-05 02:30:03.191  2110  3092 I baseline.com.newsblur.service.NBSyncService: Holding reading action with server-side or network error.
08-05 02:30:03.192  2110  2687 I art     : Explicit concurrent mark sweep GC freed 1934(141KB) AllocSpace objects, 0(0B) LOS objects, 29% free, 37MB/53MB, paused 1.504ms total 40.268ms
08-05 02:30:03.193  3220  3220 I Radio-JNI: register_android_hardware_Radio DONE
08-05 02:30:03.200  2110  3092 W baseline.com.newsblur.service.NBSyncService: hard API failure
08-05 02:30:03.204  2110  2687 I art     : Starting a blocking GC Explicit
08-05 02:30:03.223  3220  3220 D AndroidRuntime: Calling main entry com.android.commands.input.Input
08-05 02:30:03.224  3220  3220 I Input   : injectKeyEvent: KeyEvent { action=ACTION_DOWN, keyCode=KEYCODE_BACK, scanCode=0, metaState=0, flags=0x0, repeatCount=0, eventTime=757819637, downTime=757819637, deviceId=-1, source=0x101 }
08-05 02:30:03.229  3220  3220 I Input   : injectKeyEvent: KeyEvent { action=ACTION_UP, keyCode=KEYCODE_BACK, scanCode=0, metaState=0, flags=0x0, repeatCount=0, eventTime=757819637, downTime=757819637, deviceId=-1, source=0x101 }
08-05 02:30:03.235  3220  3220 D AndroidRuntime: Shutting down VM
08-05 02:30:03.242  2110  2687 I art     : Explicit concurrent mark sweep GC freed 1125(200KB) AllocSpace objects, 5(100KB) LOS objects, 29% free, 37MB/53MB, paused 1.513ms total 38.425ms
08-05 02:30:03.254  2110  2687 I art     : Starting a blocking GC Explicit
08-05 02:30:03.293  2110  2687 I art     : Explicit concurrent mark sweep GC freed 348(53KB) AllocSpace objects, 3(60KB) LOS objects, 29% free, 37MB/53MB, paused 1.330ms total 38.112ms
08-05 02:30:03.304  2110  2687 I art     : Starting a blocking GC Explicit
08-05 02:30:03.347  2110  2687 I art     : Explicit concurrent mark sweep GC freed 24(976B) AllocSpace objects, 0(0B) LOS objects, 29% free, 37MB/53MB, paused 1.425ms total 41.969ms
08-05 02:30:03.423 13866 13866 I GoogleInputMethodServic: GoogleInputMethodService.onFinishInput():3138 
08-05 02:30:03.424 13866 13866 I GoogleInputMethodServic: GoogleInputMethodService.onStartInput():1808 
08-05 02:30:03.605  2110  3092 E baseline.com.newsblur.network.APIResponse: Error (unexpected end of stream on https://www.newsblur.com/...) calling https://www.newsblur.com/reader/mark_story_hashes_as_read/
08-05 02:30:03.605  2110  3092 E baseline.com.newsblur.network.APIResponse: java.io.IOException: unexpected end of stream on https://www.newsblur.com/...
08-05 02:30:03.605  2110  3092 E baseline.com.newsblur.network.APIResponse: 	at okhttp3.internal.http1.Http1ExchangeCodec.readResponseHeaders(Http1ExchangeCodec.java:236)
08-05 02:30:03.605  2110  3092 E baseline.com.newsblur.network.APIResponse: 	at okhttp3.internal.connection.Exchange.readResponseHeaders(Exchange.java:115)
08-05 02:30:03.605  2110  3092 E baseline.com.newsblur.network.APIResponse: 	at okhttp3.internal.http.CallServerInterceptor.intercept(CallServerInterceptor.java:94)
08-05 02:30:03.605  2110  3092 E baseline.com.newsblur.network.APIResponse: 	at okhttp3.internal.http.RealInterceptorChain.proceed(RealInterceptorChain.java:142)
08-05 02:30:03.605  2110  3092 E baseline.com.newsblur.network.APIResponse: 	at okhttp3.internal.connection.ConnectInterceptor.intercept(ConnectInterceptor.java:43)
08-05 02:30:03.605  2110  3092 E baseline.com.newsblur.network.APIResponse: 	at okhttp3.internal.http.RealInterceptorChain.proceed(RealInterceptorChain.java:142)
08-05 02:30:03.605  2110  3092 E baseline.com.newsblur.network.APIResponse: 	at okhttp3.internal.http.RealInterceptorChain.proceed(RealInterceptorChain.java:117)
08-05 02:30:03.605  2110  3092 E baseline.com.newsblur.network.APIResponse: 	at okhttp3.internal.cache.CacheInterceptor.intercept(CacheInterceptor.java:94)
08-05 02:30:03.605  2110  3092 E baseline.com.newsblur.network.APIResponse: 	at okhttp3.internal.http.RealInterceptorChain.proceed(RealInterceptorChain.java:142)
08-05 02:30:03.605  2110  3092 E baseline.com.newsblur.network.APIResponse: 	at okhttp3.internal.http.RealInterceptorChain.proceed(RealInterceptorChain.java:117)
08-05 02:30:03.605  2110  3092 E baseline.com.newsblur.network.APIResponse: 	at okhttp3.internal.http.BridgeInterceptor.intercept(BridgeInterceptor.java:93)
08-05 02:30:03.605  2110  3092 E baseline.com.newsblur.network.APIResponse: 	at okhttp3.internal.http.RealInterceptorChain.proceed(RealInterceptorChain.java:142)
08-05 02:30:03.605  2110  3092 E baseline.com.newsblur.network.APIResponse: 	at okhttp3.internal.http.RetryAndFollowUpInterceptor.intercept(RetryAndFollowUpInterceptor.java:88)
08-05 02:30:03.605  2110  3092 E baseline.com.newsblur.network.APIResponse: 	at okhttp3.internal.http.RealInterceptorChain.proceed(RealInterceptorChain.java:142)
08-05 02:30:03.605  2110  3092 E baseline.com.newsblur.network.APIResponse: 	at okhttp3.internal.http.RealInterceptorChain.proceed(RealInterceptorChain.java:117)
08-05 02:30:03.605  2110  3092 E baseline.com.newsblur.network.APIResponse: 	at okhttp3.RealCall.getResponseWithInterceptorChain(RealCall.java:229)
08-05 02:30:03.605  2110  3092 E baseline.com.newsblur.network.APIResponse: 	at okhttp3.RealCall.execute(RealCall.java:81)
08-05 02:30:03.605  2110  3092 E baseline.com.newsblur.network.APIResponse: 	at baseline.com.newsblur.network.APIResponse.<init>(APIResponse.java:57)
08-05 02:30:03.605  2110  3092 E baseline.com.newsblur.network.APIResponse: 	at baseline.com.newsblur.network.APIResponse.<init>(APIResponse.java:43)
08-05 02:30:03.605  2110  3092 E baseline.com.newsblur.network.APIResponse: 	at baseline.com.newsblur.network.APIManager.post_single(APIManager.java:702)
08-05 02:30:03.605  2110  3092 E baseline.com.newsblur.network.APIResponse: 	at baseline.com.newsblur.network.APIManager.post(APIManager.java:675)
08-05 02:30:03.605  2110  3092 E baseline.com.newsblur.network.APIResponse: 	at baseline.com.newsblur.network.APIManager.post(APIManager.java:714)
08-05 02:30:03.605  2110  3092 E baseline.com.newsblur.network.APIResponse: 	at baseline.com.newsblur.network.APIManager.markStoryAsRead(APIManager.java:205)
08-05 02:30:03.605  2110  3092 E baseline.com.newsblur.network.APIResponse: 	at baseline.com.newsblur.util.ReadingAction.doRemote(ReadingAction.java:281)
08-05 02:30:03.605  2110  3092 E baseline.com.newsblur.network.APIResponse: 	at baseline.com.newsblur.service.NBSyncService.syncActions(NBSyncService.java:400)
08-05 02:30:03.605  2110  3092 E baseline.com.newsblur.network.APIResponse: 	at baseline.com.newsblur.service.NBSyncService.doSync(NBSyncService.java:298)
08-05 02:30:03.605  2110  3092 E baseline.com.newsblur.network.APIResponse: 	at baseline.com.newsblur.service.NBSyncService.access$100(NBSyncService.java:67)
08-05 02:30:03.605  2110  3092 E baseline.com.newsblur.network.APIResponse: 	at baseline.com.newsblur.service.NBSyncService$1.run(NBSyncService.java:188)
08-05 02:30:03.605  2110  3092 E baseline.com.newsblur.network.APIResponse: 	at java.util.concurrent.ThreadPoolExecutor.runWorker(ThreadPoolExecutor.java:1113)
08-05 02:30:03.605  2110  3092 E baseline.com.newsblur.network.APIResponse: 	at java.util.concurrent.ThreadPoolExecutor$Worker.run(ThreadPoolExecutor.java:588)
08-05 02:30:03.605  2110  3092 E baseline.com.newsblur.network.APIResponse: 	at java.lang.Thread.run(Thread.java:818)
08-05 02:30:03.605  2110  3092 E baseline.com.newsblur.network.APIResponse: Caused by: java.io.EOFException: \n not found: limit=0 content=
08-05 02:30:03.605  2110  3092 E baseline.com.newsblur.network.APIResponse: 	at okio.RealBufferedSource.readUtf8LineStrict(RealBufferedSource.java:240)
08-05 02:30:03.605  2110  3092 E baseline.com.newsblur.network.APIResponse: 	at okhttp3.internal.http1.Http1ExchangeCodec.readHeaderLine(Http1ExchangeCodec.java:242)
08-05 02:30:03.605  2110  3092 E baseline.com.newsblur.network.APIResponse: 	at okhttp3.internal.http1.Http1ExchangeCodec.readResponseHeaders(Http1ExchangeCodec.java:213)
08-05 02:30:03.605  2110  3092 E baseline.com.newsblur.network.APIResponse: 	... 30 more
08-05 02:30:03.606  2110  3092 I baseline.com.newsblur.network.APIManager: API call failed, pausing before retry number 1
08-05 02:30:03.676  2110  2122 I art     : Starting a blocking GC Explicit
08-05 02:30:03.725  2110  2122 I art     : Explicit concurrent mark sweep GC freed 11805(868KB) AllocSpace objects, 11(220KB) LOS objects, 29% free, 37MB/53MB, paused 1.340ms total 48.433ms
08-05 02:30:03.740  2110  2122 I art     : Starting a blocking GC Explicit
08-05 02:30:03.785  2110  2122 I art     : Explicit concurrent mark sweep GC freed 294(11KB) AllocSpace objects, 0(0B) LOS objects, 29% free, 37MB/53MB, paused 1.298ms total 44.524ms
08-05 02:30:03.797  2110  2122 I art     : Starting a blocking GC Explicit
08-05 02:30:03.837  2110  2122 I art     : Explicit concurrent mark sweep GC freed 430(19KB) AllocSpace objects, 0(0B) LOS objects, 29% free, 37MB/53MB, paused 1.307ms total 39.116ms
08-05 02:30:03.849  2110  2122 I art     : Starting a blocking GC Explicit
08-05 02:30:03.887  2110  2122 I art     : Explicit concurrent mark sweep GC freed 146(7KB) AllocSpace objects, 0(0B) LOS objects, 29% free, 37MB/53MB, paused 1.488ms total 38.333ms
08-05 02:30:03.900  2110  2122 I art     : Starting a blocking GC Explicit
08-05 02:30:03.942  2110  2122 I art     : Explicit concurrent mark sweep GC freed 31(1120B) AllocSpace objects, 0(0B) LOS objects, 29% free, 37MB/53MB, paused 1.365ms total 41.640ms
08-05 02:30:04.289  2110  2123 I art     : Starting a blocking GC Explicit
08-05 02:30:04.332  2110  2123 I art     : Explicit concurrent mark sweep GC freed 1484(84KB) AllocSpace objects, 1(20KB) LOS objects, 29% free, 37MB/53MB, paused 1.236ms total 42.717ms
08-05 02:30:04.346  2110  2123 I art     : Starting a blocking GC Explicit
08-05 02:30:04.388  2110  2123 I art     : Explicit concurrent mark sweep GC freed 28(976B) AllocSpace objects, 0(0B) LOS objects, 29% free, 37MB/53MB, paused 1.787ms total 41.977ms
08-05 02:30:04.401  2110  2123 I art     : Starting a blocking GC Explicit
08-05 02:30:04.441  2110  2123 I art     : Explicit concurrent mark sweep GC freed 9(288B) AllocSpace objects, 0(0B) LOS objects, 29% free, 37MB/53MB, paused 1.327ms total 40.435ms
08-05 02:30:04.454  2110  2123 I art     : Starting a blocking GC Explicit
08-05 02:30:04.496  2110  2123 I art     : Explicit concurrent mark sweep GC freed 9(288B) AllocSpace objects, 0(0B) LOS objects, 29% free, 37MB/53MB, paused 1.446ms total 41.415ms
08-05 02:30:04.509  2110  2123 I art     : Starting a blocking GC Explicit
08-05 02:30:04.551  2110  2123 I art     : Explicit concurrent mark sweep GC freed 11(352B) AllocSpace objects, 0(0B) LOS objects, 29% free, 37MB/53MB, paused 1.285ms total 41.008ms
08-05 02:30:04.848 28959 28959 I ServiceManager: Waiting for service AtCmdFwd...
08-05 02:30:04.890  2110  2366 I art     : Starting a blocking GC Explicit
08-05 02:30:04.934  2110  2366 I art     : Explicit concurrent mark sweep GC freed 1472(83KB) AllocSpace objects, 1(20KB) LOS objects, 29% free, 37MB/53MB, paused 1.425ms total 43.771ms
08-05 02:30:04.947  2110  2366 I art     : Starting a blocking GC Explicit
08-05 02:30:04.991  2110  2366 I art     : Explicit concurrent mark sweep GC freed 22(784B) AllocSpace objects, 0(0B) LOS objects, 29% free, 37MB/53MB, paused 1.390ms total 43.521ms
08-05 02:30:05.004  2110  2366 I art     : Starting a blocking GC Explicit
08-05 02:30:05.008  3291  3291 D AndroidRuntime: >>>>>> START com.android.internal.os.RuntimeInit uid 2000 <<<<<<
08-05 02:30:05.014  3291  3291 D AndroidRuntime: CheckJNI is OFF
08-05 02:30:05.048  2110  2366 I art     : Explicit concurrent mark sweep GC freed 3(96B) AllocSpace objects, 0(0B) LOS objects, 29% free, 37MB/53MB, paused 1.461ms total 43.865ms
08-05 02:30:05.060  2110  2366 I art     : Starting a blocking GC Explicit
08-05 02:30:05.060  3291  3291 D ICU     : No timezone override file found: /data/misc/zoneinfo/current/icu/icu_tzdata.dat
08-05 02:30:05.103  2110  2366 I art     : Explicit concurrent mark sweep GC freed 3(96B) AllocSpace objects, 0(0B) LOS objects, 29% free, 37MB/53MB, paused 1.485ms total 42.164ms
08-05 02:30:05.107  3291  3291 I Radio-JNI: register_android_hardware_Radio DONE
08-05 02:30:05.115  2110  2366 I art     : Starting a blocking GC Explicit
08-05 02:30:05.138  3291  3291 D AndroidRuntime: Calling main entry com.android.commands.input.Input
08-05 02:30:05.140  3291  3291 I Input   : injectMotionEvent: MotionEvent { action=ACTION_DOWN, actionButton=0, id[0]=0, x[0]=594.0, y[0]=330.0, toolType[0]=TOOL_TYPE_UNKNOWN, buttonState=0, metaState=0, flags=0x0, edgeFlags=0x0, pointerCount=1, historySize=0, eventTime=757821552, downTime=757821552, deviceId=0, source=0x1002 }
08-05 02:30:05.146  3291  3291 I Input   : injectMotionEvent: MotionEvent { action=ACTION_UP, actionButton=0, id[0]=0, x[0]=594.0, y[0]=330.0, toolType[0]=TOOL_TYPE_UNKNOWN, buttonState=0, metaState=0, flags=0x0, edgeFlags=0x0, pointerCount=1, historySize=0, eventTime=757821552, downTime=757821552, deviceId=0, source=0x1002 }
08-05 02:30:05.149  3291  3291 D AndroidRuntime: Shutting down VM
08-05 02:30:05.159  2110  2366 I art     : Explicit concurrent mark sweep GC freed 129(5KB) AllocSpace objects, 0(0B) LOS objects, 29% free, 37MB/53MB, paused 1.562ms total 43.311ms
08-05 02:30:05.217   918  3696 I ActivityManager: START u0 {cmp=baseline.com.newsblur/.activity.GlobalSharedStoriesItemsList (has extras)} from uid 10676 on display 0
08-05 02:30:05.242  2110  2352 I baseline.com.newsblur.database.BlurDatabaseHelper: reading session reset
08-05 02:30:05.437  2110  2110 W View    : requestLayout() improperly called by android.widget.FrameLayout{31fbf7d V.E...... ......ID 0,0-1440,18 #7f07003f app:id/footer_view_inner} during layout: running second layout pass
08-05 02:30:05.437  2110  2110 W View    : requestLayout() improperly called by android.widget.FrameLayout{88ace72 V.E...... ......ID 0,0-1440,2091 #7f07003f app:id/footer_view_inner} during layout: running second layout pass
08-05 02:30:05.454 13866 13866 I GoogleInputMethodServic: GoogleInputMethodService.onFinishInput():3138 
08-05 02:30:05.454   918   936 I ActivityManager: Displayed baseline.com.newsblur/.activity.GlobalSharedStoriesItemsList: +223ms
08-05 02:30:05.455 13866 13866 I GoogleInputMethodServic: GoogleInputMethodService.onStartInput():1808 
08-05 02:30:05.483  2110  2366 I art     : Starting a blocking GC Explicit
08-05 02:30:05.538  2110  2366 I art     : Explicit concurrent mark sweep GC freed 7052(480KB) AllocSpace objects, 14(372KB) LOS objects, 29% free, 37MB/53MB, paused 2.160ms total 54.890ms
08-05 02:30:05.551  2110  3332 I NAPPA_EXPERIMENTATION: MetricNetworkRequestExecutionTime: REQUEST_DURATION_SYSTEM='39',REQUEST_DURATION_OKHTTP='39',REQUEST_SYNCHRONOUS='TRUE',RESPONSE_CODE='200',RESPONSE_METHOD='GET',RESPONSE_LENGTH_OKHTTP='43',RESPONSE_LENGTH_HEADER='43',REQUEST_PROTOCOL='http/1.1',REQUEST_URL='http://feeds.feedburner.com/~r/retort/~4/UffaFMiJbNs',
08-05 02:30:05.553  2110  2366 I art     : Starting a blocking GC Explicit
08-05 02:30:05.588  2110  3092 E baseline.com.newsblur.network.APIResponse: Error (unexpected end of stream on https://www.newsblur.com/...) calling https://www.newsblur.com/reader/mark_story_hashes_as_read/
08-05 02:30:05.588  2110  3092 E baseline.com.newsblur.network.APIResponse: java.io.IOException: unexpected end of stream on https://www.newsblur.com/...
08-05 02:30:05.588  2110  3092 E baseline.com.newsblur.network.APIResponse: 	at okhttp3.internal.http1.Http1ExchangeCodec.readResponseHeaders(Http1ExchangeCodec.java:236)
08-05 02:30:05.588  2110  3092 E baseline.com.newsblur.network.APIResponse: 	at okhttp3.internal.connection.Exchange.readResponseHeaders(Exchange.java:115)
08-05 02:30:05.588  2110  3092 E baseline.com.newsblur.network.APIResponse: 	at okhttp3.internal.http.CallServerInterceptor.intercept(CallServerInterceptor.java:94)
08-05 02:30:05.588  2110  3092 E baseline.com.newsblur.network.APIResponse: 	at okhttp3.internal.http.RealInterceptorChain.proceed(RealInterceptorChain.java:142)
08-05 02:30:05.588  2110  3092 E baseline.com.newsblur.network.APIResponse: 	at okhttp3.internal.connection.ConnectInterceptor.intercept(ConnectInterceptor.java:43)
08-05 02:30:05.588  2110  3092 E baseline.com.newsblur.network.APIResponse: 	at okhttp3.internal.http.RealInterceptorChain.proceed(RealInterceptorChain.java:142)
08-05 02:30:05.588  2110  3092 E baseline.com.newsblur.network.APIResponse: 	at okhttp3.internal.http.RealInterceptorChain.proceed(RealInterceptorChain.java:117)
08-05 02:30:05.588  2110  3092 E baseline.com.newsblur.network.APIResponse: 	at okhttp3.internal.cache.CacheInterceptor.intercept(CacheInterceptor.java:94)
08-05 02:30:05.588  2110  3092 E baseline.com.newsblur.network.APIResponse: 	at okhttp3.internal.http.RealInterceptorChain.proceed(RealInterceptorChain.java:142)
08-05 02:30:05.588  2110  3092 E baseline.com.newsblur.network.APIResponse: 	at okhttp3.internal.http.RealInterceptorChain.proceed(RealInterceptorChain.java:117)
08-05 02:30:05.588  2110  3092 E baseline.com.newsblur.network.APIResponse: 	at okhttp3.internal.http.BridgeInterceptor.intercept(BridgeInterceptor.java:93)
08-05 02:30:05.588  2110  3092 E baseline.com.newsblur.network.APIResponse: 	at okhttp3.internal.http.RealInterceptorChain.proceed(RealInterceptorChain.java:142)
08-05 02:30:05.588  2110  3092 E baseline.com.newsblur.network.APIResponse: 	at okhttp3.internal.http.RetryAndFollowUpInterceptor.intercept(RetryAndFollowUpInterceptor.java:88)
08-05 02:30:05.588  2110  3092 E baseline.com.newsblur.network.APIResponse: 	at okhttp3.internal.http.RealInterceptorChain.proceed(RealInterceptorChain.java:142)
08-05 02:30:05.588  2110  3092 E baseline.com.newsblur.network.APIResponse: 	at okhttp3.internal.http.RealInterceptorChain.proceed(RealInterceptorChain.java:117)
08-05 02:30:05.588  2110  3092 E baseline.com.newsblur.network.APIResponse: 	at okhttp3.RealCall.getResponseWithInterceptorChain(RealCall.java:229)
08-05 02:30:05.588  2110  3092 E baseline.com.newsblur.network.APIResponse: 	at okhttp3.RealCall.execute(RealCall.java:81)
08-05 02:30:05.588  2110  3092 E baseline.com.newsblur.network.APIResponse: 	at baseline.com.newsblur.network.APIResponse.<init>(APIResponse.java:57)
08-05 02:30:05.588  2110  3092 E baseline.com.newsblur.network.APIResponse: 	at baseline.com.newsblur.network.APIResponse.<init>(APIResponse.java:43)
08-05 02:30:05.588  2110  3092 E baseline.com.newsblur.network.APIResponse: 	at baseline.com.newsblur.network.APIManager.post_single(APIManager.java:702)
08-05 02:30:05.588  2110  3092 E baseline.com.newsblur.network.APIResponse: 	at baseline.com.newsblur.network.APIManager.post(APIManager.java:675)
08-05 02:30:05.588  2110  3092 E baseline.com.newsblur.network.APIResponse: 	at baseline.com.newsblur.network.APIManager.post(APIManager.java:714)
08-05 02:30:05.588  2110  3092 E baseline.com.newsblur.network.APIResponse: 	at baseline.com.newsblur.network.APIManager.markStoryAsRead(APIManager.java:205)
08-05 02:30:05.588  2110  3092 E baseline.com.newsblur.network.APIResponse: 	at baseline.com.newsblur.util.ReadingAction.doRemote(ReadingAction.java:281)
08-05 02:30:05.588  2110  3092 E baseline.com.newsblur.network.APIResponse: 	at baseline.com.newsblur.service.NBSyncService.syncActions(NBSyncService.java:400)
08-05 02:30:05.588  2110  3092 E baseline.com.newsblur.network.APIResponse: 	at baseline.com.newsblur.service.NBSyncService.doSync(NBSyncService.java:298)
08-05 02:30:05.588  2110  3092 E baseline.com.newsblur.network.APIResponse: 	at baseline.com.newsblur.service.NBSyncService.access$100(NBSyncService.java:67)
08-05 02:30:05.588  2110  3092 E baseline.com.newsblur.network.APIResponse: 	at baseline.com.newsblur.service.NBSyncService$1.run(NBSyncService.java:188)
08-05 02:30:05.588  2110  3092 E baseline.com.newsblur.network.APIResponse: 	at java.util.concurrent.ThreadPoolExecutor.runWorker(ThreadPoolExecutor.java:1113)
08-05 02:30:05.588  2110  3092 E baseline.com.newsblur.network.APIResponse: 	at java.util.concurrent.ThreadPoolExecutor$Worker.run(ThreadPoolExecutor.java:588)
08-05 02:30:05.588  2110  3092 E baseline.com.newsblur.network.APIResponse: 	at java.lang.Thread.run(Thread.java:818)
08-05 02:30:05.588  2110  3092 E baseline.com.newsblur.network.APIResponse: Caused by: java.io.EOFException: \n not found: limit=0 content=
08-05 02:30:05.588  2110  3092 E baseline.com.newsblur.network.APIResponse: 	at okio.RealBufferedSource.readUtf8LineStrict(RealBufferedSource.java:240)
08-05 02:30:05.588  2110  3092 E baseline.com.newsblur.network.APIResponse: 	at okhttp3.internal.http1.Http1ExchangeCodec.readHeaderLine(Http1ExchangeCodec.java:242)
08-05 02:30:05.588  2110  3092 E baseline.com.newsblur.network.APIResponse: 	at okhttp3.internal.http1.Http1ExchangeCodec.readResponseHeaders(Http1ExchangeCodec.java:213)
08-05 02:30:05.588  2110  3092 E baseline.com.newsblur.network.APIResponse: 	... 30 more
08-05 02:30:05.590  2110  3092 I baseline.com.newsblur.network.APIManager: API call failed, pausing before retry number 2
08-05 02:30:05.594  2110  2366 I art     : Explicit concurrent mark sweep GC freed 1391(214KB) AllocSpace objects, 2(40KB) LOS objects, 29% free, 37MB/53MB, paused 1.488ms total 40.336ms
08-05 02:30:05.606  2110  2366 I art     : Starting a blocking GC Explicit
08-05 02:30:05.645  2110  2366 I art     : Explicit concurrent mark sweep GC freed 431(55KB) AllocSpace objects, 1(20KB) LOS objects, 29% free, 37MB/53MB, paused 1.251ms total 38.816ms
08-05 02:30:05.659  2110  2366 I art     : Starting a blocking GC Explicit
08-05 02:30:05.703  2110  2366 I art     : Explicit concurrent mark sweep GC freed 69(2608B) AllocSpace objects, 0(0B) LOS objects, 29% free, 37MB/53MB, paused 1.311ms total 43.437ms
08-05 02:30:05.703  2110  2121 I art     : WaitForGcToComplete blocked for 23.314ms for cause HeapTrim
08-05 02:30:05.718  2110  2366 I art     : Starting a blocking GC Explicit
08-05 02:30:05.757  2110  2366 I art     : Explicit concurrent mark sweep GC freed 181(19KB) AllocSpace objects, 1(20KB) LOS objects, 29% free, 37MB/53MB, paused 1.238ms total 38.531ms
08-05 02:30:05.848 28959 28959 I ServiceManager: Waiting for service AtCmdFwd...
08-05 02:30:06.103  2110  2687 I art     : Starting a blocking GC Explicit
08-05 02:30:06.151  2110  2687 I art     : Explicit concurrent mark sweep GC freed 1647(91KB) AllocSpace objects, 1(20KB) LOS objects, 29% free, 37MB/53MB, paused 1.448ms total 47.406ms
08-05 02:30:06.166  2110  2687 I art     : Starting a blocking GC Explicit
08-05 02:30:06.210  2110  2687 I art     : Explicit concurrent mark sweep GC freed 22(784B) AllocSpace objects, 0(0B) LOS objects, 29% free, 37MB/53MB, paused 1.382ms total 43.914ms
08-05 02:30:06.222  2110  2687 I art     : Starting a blocking GC Explicit
08-05 02:30:06.266  2110  2687 I art     : Explicit concurrent mark sweep GC freed 3(96B) AllocSpace objects, 0(0B) LOS objects, 29% free, 37MB/53MB, paused 1.383ms total 43.491ms
08-05 02:30:06.279  2110  2687 I art     : Starting a blocking GC Explicit
08-05 02:30:06.324  2110  2687 I art     : Explicit concurrent mark sweep GC freed 3(96B) AllocSpace objects, 0(0B) LOS objects, 29% free, 37MB/53MB, paused 1.363ms total 44.544ms
08-05 02:30:06.336  2110  2687 I art     : Starting a blocking GC Explicit
08-05 02:30:06.382  2110  2687 I art     : Explicit concurrent mark sweep GC freed 3(96B) AllocSpace objects, 0(0B) LOS objects, 29% free, 37MB/53MB, paused 1.404ms total 45.061ms
08-05 02:30:06.730  2110  2366 I art     : Starting a blocking GC Explicit
08-05 02:30:06.783  2110  2366 I art     : Explicit concurrent mark sweep GC freed 1461(83KB) AllocSpace objects, 1(20KB) LOS objects, 29% free, 37MB/53MB, paused 1.316ms total 52.020ms
08-05 02:30:06.797  2110  2366 I art     : Starting a blocking GC Explicit
08-05 02:30:06.844  2110  2366 I art     : Explicit concurrent mark sweep GC freed 29(1008B) AllocSpace objects, 0(0B) LOS objects, 29% free, 37MB/53MB, paused 1.372ms total 46.329ms
08-05 02:30:06.849 28959 28959 I ServiceManager: Waiting for service AtCmdFwd...
08-05 02:30:06.858  2110  2366 I art     : Starting a blocking GC Explicit
08-05 02:30:06.905  2110  2366 I art     : Explicit concurrent mark sweep GC freed 4(128B) AllocSpace objects, 0(0B) LOS objects, 29% free, 37MB/53MB, paused 1.285ms total 46.416ms
08-05 02:30:06.914   518   646 I ThermalEngine: ACTION: GPU - Setting GPU[0] to 510000000
08-05 02:30:06.918  2110  2366 I art     : Starting a blocking GC Explicit
08-05 02:30:06.963  2110  2366 I art     : Explicit concurrent mark sweep GC freed 3(96B) AllocSpace objects, 0(0B) LOS objects, 29% free, 37MB/53MB, paused 1.067ms total 45.451ms
08-05 02:30:06.974  2110  2366 I art     : Starting a blocking GC Explicit
08-05 02:30:07.012  2110  2366 I art     : Explicit concurrent mark sweep GC freed 3(96B) AllocSpace objects, 0(0B) LOS objects, 29% free, 37MB/53MB, paused 1.096ms total 37.438ms
08-05 02:30:07.361  2110  2123 I art     : Starting a blocking GC Explicit
08-05 02:30:07.398  2110  2123 I art     : Explicit concurrent mark sweep GC freed 1478(84KB) AllocSpace objects, 1(20KB) LOS objects, 29% free, 37MB/53MB, paused 1.145ms total 37.559ms
08-05 02:30:07.411  2110  2123 I art     : Starting a blocking GC Explicit
08-05 02:30:07.446  2110  2123 I art     : Explicit concurrent mark sweep GC freed 22(784B) AllocSpace objects, 0(0B) LOS objects, 29% free, 37MB/53MB, paused 1.049ms total 34.707ms
08-05 02:30:07.456  2110  2123 I art     : Starting a blocking GC Explicit
08-05 02:30:07.492  2110  2123 I art     : Explicit concurrent mark sweep GC freed 3(96B) AllocSpace objects, 0(0B) LOS objects, 29% free, 37MB/53MB, paused 1.046ms total 35.757ms
08-05 02:30:07.502  2110  2123 I art     : Starting a blocking GC Explicit
08-05 02:30:07.539  2110  2123 I art     : Explicit concurrent mark sweep GC freed 3(96B) AllocSpace objects, 0(0B) LOS objects, 29% free, 37MB/53MB, paused 1.111ms total 36.925ms
08-05 02:30:07.549  2110  2123 I art     : Starting a blocking GC Explicit
08-05 02:30:07.585  2110  2123 I art     : Explicit concurrent mark sweep GC freed 3(96B) AllocSpace objects, 0(0B) LOS objects, 29% free, 37MB/53MB, paused 1.062ms total 36.093ms
08-05 02:30:07.850 28959 28959 I ServiceManager: Waiting for service AtCmdFwd...
08-05 02:30:07.949  2110  2687 I art     : Starting a blocking GC Explicit
08-05 02:30:07.987  2110  2687 I art     : Explicit concurrent mark sweep GC freed 1441(83KB) AllocSpace objects, 1(20KB) LOS objects, 29% free, 37MB/53MB, paused 1.071ms total 38.270ms
08-05 02:30:08.000  2110  2687 I art     : Starting a blocking GC Explicit
08-05 02:30:08.035  2110  2687 I art     : Explicit concurrent mark sweep GC freed 22(784B) AllocSpace objects, 0(0B) LOS objects, 29% free, 37MB/53MB, paused 1ms total 34.872ms
08-05 02:30:08.045  2110  2687 I art     : Starting a blocking GC Explicit
08-05 02:30:08.080  2110  2687 I art     : Explicit concurrent mark sweep GC freed 3(96B) AllocSpace objects, 0(0B) LOS objects, 29% free, 37MB/53MB, paused 1.038ms total 35.063ms
08-05 02:30:08.090  2110  2687 I art     : Starting a blocking GC Explicit
08-05 02:30:08.126  2110  2687 I art     : Explicit concurrent mark sweep GC freed 3(96B) AllocSpace objects, 0(0B) LOS objects, 29% free, 37MB/53MB, paused 1.053ms total 35.933ms
08-05 02:30:08.136  2110  2687 I art     : Starting a blocking GC Explicit
08-05 02:30:08.171  2110  2687 I art     : Explicit concurrent mark sweep GC freed 3(96B) AllocSpace objects, 0(0B) LOS objects, 29% free, 37MB/53MB, paused 1ms total 34.529ms
08-05 02:30:08.533  2110  2122 I art     : Starting a blocking GC Explicit
08-05 02:30:08.570  2110  2122 I art     : Explicit concurrent mark sweep GC freed 1441(83KB) AllocSpace objects, 1(20KB) LOS objects, 29% free, 37MB/53MB, paused 1.041ms total 36.602ms
08-05 02:30:08.581  2110  2122 I art     : Starting a blocking GC Explicit
08-05 02:30:08.618  2110  2122 I art     : Explicit concurrent mark sweep GC freed 113(4KB) AllocSpace objects, 0(0B) LOS objects, 29% free, 37MB/53MB, paused 1.193ms total 36.341ms
08-05 02:30:08.628  2110  2122 I art     : Starting a blocking GC Explicit
08-05 02:30:08.665  2110  2122 I art     : Explicit concurrent mark sweep GC freed 9(352B) AllocSpace objects, 0(0B) LOS objects, 29% free, 37MB/53MB, paused 1.094ms total 36.815ms
08-05 02:30:08.675  2110  2122 I art     : Starting a blocking GC Explicit
08-05 02:30:08.712  2110  2122 I art     : Explicit concurrent mark sweep GC freed 71(5KB) AllocSpace objects, 0(0B) LOS objects, 29% free, 37MB/53MB, paused 1.137ms total 36.226ms
08-05 02:30:08.722  2110  2122 I art     : Starting a blocking GC Explicit
08-05 02:30:08.759  2110  2122 I art     : Explicit concurrent mark sweep GC freed 9(400B) AllocSpace objects, 0(0B) LOS objects, 29% free, 37MB/53MB, paused 1.094ms total 37.009ms
08-05 02:30:08.850 28959 28959 I ServiceManager: Waiting for service AtCmdFwd...
08-05 02:30:09.095  2110  2366 I art     : Starting a blocking GC Explicit
08-05 02:30:09.131  2110  2366 I art     : Explicit concurrent mark sweep GC freed 3129(150KB) AllocSpace objects, 1(20KB) LOS objects, 29% free, 37MB/53MB, paused 1.081ms total 36.666ms
08-05 02:30:09.135  2110  3092 E baseline.com.newsblur.network.APIResponse: Error (unexpected end of stream on https://www.newsblur.com/...) calling https://www.newsblur.com/reader/mark_story_hashes_as_read/
08-05 02:30:09.135  2110  3092 E baseline.com.newsblur.network.APIResponse: java.io.IOException: unexpected end of stream on https://www.newsblur.com/...
08-05 02:30:09.135  2110  3092 E baseline.com.newsblur.network.APIResponse: 	at okhttp3.internal.http1.Http1ExchangeCodec.readResponseHeaders(Http1ExchangeCodec.java:236)
08-05 02:30:09.135  2110  3092 E baseline.com.newsblur.network.APIResponse: 	at okhttp3.internal.connection.Exchange.readResponseHeaders(Exchange.java:115)
08-05 02:30:09.135  2110  3092 E baseline.com.newsblur.network.APIResponse: 	at okhttp3.internal.http.CallServerInterceptor.intercept(CallServerInterceptor.java:94)
08-05 02:30:09.135  2110  3092 E baseline.com.newsblur.network.APIResponse: 	at okhttp3.internal.http.RealInterceptorChain.proceed(RealInterceptorChain.java:142)
08-05 02:30:09.135  2110  3092 E baseline.com.newsblur.network.APIResponse: 	at okhttp3.internal.connection.ConnectInterceptor.intercept(ConnectInterceptor.java:43)
08-05 02:30:09.135  2110  3092 E baseline.com.newsblur.network.APIResponse: 	at okhttp3.internal.http.RealInterceptorChain.proceed(RealInterceptorChain.java:142)
08-05 02:30:09.135  2110  3092 E baseline.com.newsblur.network.APIResponse: 	at okhttp3.internal.http.RealInterceptorChain.proceed(RealInterceptorChain.java:117)
08-05 02:30:09.135  2110  3092 E baseline.com.newsblur.network.APIResponse: 	at okhttp3.internal.cache.CacheInterceptor.intercept(CacheInterceptor.java:94)
08-05 02:30:09.135  2110  3092 E baseline.com.newsblur.network.APIResponse: 	at okhttp3.internal.http.RealInterceptorChain.proceed(RealInterceptorChain.java:142)
08-05 02:30:09.135  2110  3092 E baseline.com.newsblur.network.APIResponse: 	at okhttp3.internal.http.RealInterceptorChain.proceed(RealInterceptorChain.java:117)
08-05 02:30:09.135  2110  3092 E baseline.com.newsblur.network.APIResponse: 	at okhttp3.internal.http.BridgeInterceptor.intercept(BridgeInterceptor.java:93)
08-05 02:30:09.135  2110  3092 E baseline.com.newsblur.network.APIResponse: 	at okhttp3.internal.http.RealInterceptorChain.proceed(RealInterceptorChain.java:142)
08-05 02:30:09.135  2110  3092 E baseline.com.newsblur.network.APIResponse: 	at okhttp3.internal.http.RetryAndFollowUpInterceptor.intercept(RetryAndFollowUpInterceptor.java:88)
08-05 02:30:09.135  2110  3092 E baseline.com.newsblur.network.APIResponse: 	at okhttp3.internal.http.RealInterceptorChain.proceed(RealInterceptorChain.java:142)
08-05 02:30:09.135  2110  3092 E baseline.com.newsblur.network.APIResponse: 	at okhttp3.internal.http.RealInterceptorChain.proceed(RealInterceptorChain.java:117)
08-05 02:30:09.135  2110  3092 E baseline.com.newsblur.network.APIResponse: 	at okhttp3.RealCall.getResponseWithInterceptorChain(RealCall.java:229)
08-05 02:30:09.135  2110  3092 E baseline.com.newsblur.network.APIResponse: 	at okhttp3.RealCall.execute(RealCall.java:81)
08-05 02:30:09.135  2110  3092 E baseline.com.newsblur.network.APIResponse: 	at baseline.com.newsblur.network.APIResponse.<init>(APIResponse.java:57)
08-05 02:30:09.135  2110  3092 E baseline.com.newsblur.network.APIResponse: 	at baseline.com.newsblur.network.APIResponse.<init>(APIResponse.java:43)
08-05 02:30:09.135  2110  3092 E baseline.com.newsblur.network.APIResponse: 	at baseline.com.newsblur.network.APIManager.post_single(APIManager.java:702)
08-05 02:30:09.135  2110  3092 E baseline.com.newsblur.network.APIResponse: 	at baseline.com.newsblur.network.APIManager.post(APIManager.java:675)
08-05 02:30:09.135  2110  3092 E baseline.com.newsblur.network.APIResponse: 	at baseline.com.newsblur.network.APIManager.post(APIManager.java:714)
08-05 02:30:09.135  2110  3092 E baseline.com.newsblur.network.APIResponse: 	at baseline.com.newsblur.network.APIManager.markStoryAsRead(APIManager.java:205)
08-05 02:30:09.135  2110  3092 E baseline.com.newsblur.network.APIResponse: 	at baseline.com.newsblur.util.ReadingAction.doRemote(ReadingAction.java:281)
08-05 02:30:09.135  2110  3092 E baseline.com.newsblur.network.APIResponse: 	at baseline.com.newsblur.service.NBSyncService.syncActions(NBSyncService.java:400)
08-05 02:30:09.135  2110  3092 E baseline.com.newsblur.network.APIResponse: 	at baseline.com.newsblur.service.NBSyncService.doSync(NBSyncService.java:298)
08-05 02:30:09.135  2110  3092 E baseline.com.newsblur.network.APIResponse: 	at baseline.com.newsblur.service.NBSyncService.access$100(NBSyncService.java:67)
08-05 02:30:09.135  2110  3092 E baseline.com.newsblur.network.APIResponse: 	at baseline.com.newsblur.service.NBSyncService$1.run(NBSyncService.java:188)
08-05 02:30:09.135  2110  3092 E baseline.com.newsblur.network.APIResponse: 	at java.util.concurrent.ThreadPoolExecutor.runWorker(ThreadPoolExecutor.java:1113)
08-05 02:30:09.135  2110  3092 E baseline.com.newsblur.network.APIResponse: 	at java.util.concurrent.ThreadPoolExecutor$Worker.run(ThreadPoolExecutor.java:588)
08-05 02:30:09.135  2110  3092 E baseline.com.newsblur.network.APIResponse: 	at java.lang.Thread.run(Thread.java:818)
08-05 02:30:09.135  2110  3092 E baseline.com.newsblur.network.APIResponse: Caused by: java.io.EOFException: \n not found: limit=0 content=
08-05 02:30:09.135  2110  3092 E baseline.com.newsblur.network.APIResponse: 	at okio.RealBufferedSource.readUtf8LineStrict(RealBufferedSource.java:240)
08-05 02:30:09.135  2110  3092 E baseline.com.newsblur.network.APIResponse: 	at okhttp3.internal.http1.Http1ExchangeCodec.readHeaderLine(Http1ExchangeCodec.java:242)
08-05 02:30:09.135  2110  3092 E baseline.com.newsblur.network.APIResponse: 	at okhttp3.internal.http1.Http1ExchangeCodec.readResponseHeaders(Http1ExchangeCodec.java:213)
08-05 02:30:09.135  2110  3092 E baseline.com.newsblur.network.APIResponse: 	... 30 more
08-05 02:30:09.137  2110  3092 I baseline.com.newsblur.service.NBSyncService: Holding reading action with server-side or network error.
08-05 02:30:09.142  2110  2366 I art     : Starting a blocking GC Explicit
08-05 02:30:09.150  2110  3092 W baseline.com.newsblur.service.NBSyncService: hard API failure
08-05 02:30:09.160  2110  3092 I baseline.com.newsblur.service.NBSyncService: recounting dirty feed sets: 1
08-05 02:30:09.177  2110  2366 I art     : Explicit concurrent mark sweep GC freed 1637(277KB) AllocSpace objects, 4(80KB) LOS objects, 29% free, 37MB/53MB, paused 1.154ms total 34.402ms
08-05 02:30:09.187  2110  2366 I art     : Starting a blocking GC Explicit
08-05 02:30:09.220  2110  2366 I art     : Explicit concurrent mark sweep GC freed 267(11KB) AllocSpace objects, 0(0B) LOS objects, 29% free, 37MB/53MB, paused 1.033ms total 33.522ms
08-05 02:30:09.230  2110  2366 I art     : Starting a blocking GC Explicit
08-05 02:30:09.266  2110  2366 I art     : Explicit concurrent mark sweep GC freed 23(816B) AllocSpace objects, 0(0B) LOS objects, 29% free, 37MB/53MB, paused 1.145ms total 36.261ms
08-05 02:30:09.276  2110  2366 I art     : Starting a blocking GC Explicit
08-05 02:30:09.312  2110  2366 I art     : Explicit concurrent mark sweep GC freed 3(96B) AllocSpace objects, 0(0B) LOS objects, 29% free, 37MB/53MB, paused 1.090ms total 35.941ms
08-05 02:30:09.647  2110  3092 E baseline.com.newsblur.network.APIResponse: Error (unexpected end of stream on https://www.newsblur.com/...) calling https://www.newsblur.com/reader/feed_unread_count?feed_id=0
08-05 02:30:09.647  2110  3092 E baseline.com.newsblur.network.APIResponse: java.io.IOException: unexpected end of stream on https://www.newsblur.com/...
08-05 02:30:09.647  2110  3092 E baseline.com.newsblur.network.APIResponse: 	at okhttp3.internal.http1.Http1ExchangeCodec.readResponseHeaders(Http1ExchangeCodec.java:236)
08-05 02:30:09.647  2110  3092 E baseline.com.newsblur.network.APIResponse: 	at okhttp3.internal.connection.Exchange.readResponseHeaders(Exchange.java:115)
08-05 02:30:09.647  2110  3092 E baseline.com.newsblur.network.APIResponse: 	at okhttp3.internal.http.CallServerInterceptor.intercept(CallServerInterceptor.java:94)
08-05 02:30:09.647  2110  3092 E baseline.com.newsblur.network.APIResponse: 	at okhttp3.internal.http.RealInterceptorChain.proceed(RealInterceptorChain.java:142)
08-05 02:30:09.647  2110  3092 E baseline.com.newsblur.network.APIResponse: 	at okhttp3.internal.connection.ConnectInterceptor.intercept(ConnectInterceptor.java:43)
08-05 02:30:09.647  2110  3092 E baseline.com.newsblur.network.APIResponse: 	at okhttp3.internal.http.RealInterceptorChain.proceed(RealInterceptorChain.java:142)
08-05 02:30:09.647  2110  3092 E baseline.com.newsblur.network.APIResponse: 	at okhttp3.internal.http.RealInterceptorChain.proceed(RealInterceptorChain.java:117)
08-05 02:30:09.647  2110  3092 E baseline.com.newsblur.network.APIResponse: 	at okhttp3.internal.cache.CacheInterceptor.intercept(CacheInterceptor.java:94)
08-05 02:30:09.647  2110  3092 E baseline.com.newsblur.network.APIResponse: 	at okhttp3.internal.http.RealInterceptorChain.proceed(RealInterceptorChain.java:142)
08-05 02:30:09.647  2110  3092 E baseline.com.newsblur.network.APIResponse: 	at okhttp3.internal.http.RealInterceptorChain.proceed(RealInterceptorChain.java:117)
08-05 02:30:09.647  2110  3092 E baseline.com.newsblur.network.APIResponse: 	at okhttp3.internal.http.BridgeInterceptor.intercept(BridgeInterceptor.java:93)
08-05 02:30:09.647  2110  3092 E baseline.com.newsblur.network.APIResponse: 	at okhttp3.internal.http.RealInterceptorChain.proceed(RealInterceptorChain.java:142)
08-05 02:30:09.647  2110  3092 E baseline.com.newsblur.network.APIResponse: 	at okhttp3.internal.http.RetryAndFollowUpInterceptor.intercept(RetryAndFollowUpInterceptor.java:88)
08-05 02:30:09.647  2110  3092 E baseline.com.newsblur.network.APIResponse: 	at okhttp3.internal.http.RealInterceptorChain.proceed(RealInterceptorChain.java:142)
08-05 02:30:09.647  2110  3092 E baseline.com.newsblur.network.APIResponse: 	at okhttp3.internal.http.RealInterceptorChain.proceed(RealInterceptorChain.java:117)
08-05 02:30:09.647  2110  3092 E baseline.com.newsblur.network.APIResponse: 	at okhttp3.RealCall.getResponseWithInterceptorChain(RealCall.java:229)
08-05 02:30:09.647  2110  3092 E baseline.com.newsblur.network.APIResponse: 	at okhttp3.RealCall.execute(RealCall.java:81)
08-05 02:30:09.647  2110  3092 E baseline.com.newsblur.network.APIResponse: 	at baseline.com.newsblur.network.APIResponse.<init>(APIResponse.java:57)
08-05 02:30:09.647  2110  3092 E baseline.com.newsblur.network.APIResponse: 	at baseline.com.newsblur.network.APIManager.get_single(APIManager.java:639)
08-05 02:30:09.647  2110  3092 E baseline.com.newsblur.network.APIResponse: 	at baseline.com.newsblur.network.APIManager.get(APIManager.java:625)
08-05 02:30:09.647  2110  3092 E baseline.com.newsblur.network.APIResponse: 	at baseline.com.newsblur.network.APIManager.get(APIManager.java:667)
08-05 02:30:09.647  2110  3092 E baseline.com.newsblur.network.APIResponse: 	at baseline.com.newsblur.network.APIManager.getFeedUnreadCounts(APIManager.java:274)
08-05 02:30:09.647  2110  3092 E baseline.com.newsblur.network.APIResponse: 	at baseline.com.newsblur.service.NBSyncService.checkRecounts(NBSyncService.java:660)
08-05 02:30:09.647  2110  3092 E baseline.com.newsblur.network.APIResponse: 	at baseline.com.newsblur.service.NBSyncService.doSync(NBSyncService.java:310)
08-05 02:30:09.647  2110  3092 E baseline.com.newsblur.network.APIResponse: 	at baseline.com.newsblur.service.NBSyncService.access$100(NBSyncService.java:67)
08-05 02:30:09.647  2110  3092 E baseline.com.newsblur.network.APIResponse: 	at baseline.com.newsblur.service.NBSyncService$1.run(NBSyncService.java:188)
08-05 02:30:09.647  2110  3092 E baseline.com.newsblur.network.APIResponse: 	at java.util.concurrent.ThreadPoolExecutor.runWorker(ThreadPoolExecutor.java:1113)
08-05 02:30:09.647  2110  3092 E baseline.com.newsblur.network.APIResponse: 	at java.util.concurrent.ThreadPoolExecutor$Worker.run(ThreadPoolExecutor.java:588)
08-05 02:30:09.647  2110  3092 E baseline.com.newsblur.network.APIResponse: 	at java.lang.Thread.run(Thread.java:818)
08-05 02:30:09.647  2110  3092 E baseline.com.newsblur.network.APIResponse: Caused by: java.io.EOFException: \n not found: limit=0 content=
08-05 02:30:09.647  2110  3092 E baseline.com.newsblur.network.APIResponse: 	at okio.RealBufferedSource.readUtf8LineStrict(RealBufferedSource.java:240)
08-05 02:30:09.647  2110  3092 E baseline.com.newsblur.network.APIResponse: 	at okhttp3.internal.http1.Http1ExchangeCodec.readHeaderLine(Http1ExchangeCodec.java:242)
08-05 02:30:09.647  2110  3092 E baseline.com.newsblur.network.APIResponse: 	at okhttp3.internal.http1.Http1ExchangeCodec.readResponseHeaders(Http1ExchangeCodec.java:213)
08-05 02:30:09.647  2110  3092 E baseline.com.newsblur.network.APIResponse: 	... 28 more
08-05 02:30:09.647  2110  2123 I art     : Starting a blocking GC Explicit
08-05 02:30:09.651  2110  3092 I baseline.com.newsblur.network.APIManager: API call failed, pausing before retry number 1
08-05 02:30:09.686  2110  2123 I art     : Explicit concurrent mark sweep GC freed 3649(331KB) AllocSpace objects, 3(60KB) LOS objects, 29% free, 37MB/53MB, paused 1.081ms total 38.929ms
08-05 02:30:09.697  2110  2123 I art     : Starting a blocking GC Explicit
08-05 02:30:09.733  2110  2123 I art     : Explicit concurrent mark sweep GC freed 387(27KB) AllocSpace objects, 0(0B) LOS objects, 29% free, 37MB/53MB, paused 1.026ms total 36.325ms
08-05 02:30:09.744  2110  2123 I art     : Starting a blocking GC Explicit
08-05 02:30:09.780  2110  2123 I art     : Explicit concurrent mark sweep GC freed 3(96B) AllocSpace objects, 0(0B) LOS objects, 29% free, 37MB/53MB, paused 1.011ms total 35.824ms
08-05 02:30:09.790  2110  2123 I art     : Starting a blocking GC Explicit
08-05 02:30:09.826  2110  2123 I art     : Explicit concurrent mark sweep GC freed 3(96B) AllocSpace objects, 0(0B) LOS objects, 29% free, 37MB/53MB, paused 1.071ms total 36.104ms
08-05 02:30:09.837  2110  2123 I art     : Starting a blocking GC Explicit
08-05 02:30:09.846   918  1210 D NetlinkSocketObserver: NeighborEvent{elapsedMs=1741213721, 192.168.2.254, [7C3953A63323], RTM_NEWNEIGH, NUD_STALE}
08-05 02:30:09.850 28959 28959 W Atfwd_Sendcmd: AtCmdFwd service not published, waiting... retryCnt : 4
08-05 02:30:09.875  2110  2123 I art     : Explicit concurrent mark sweep GC freed 3(96B) AllocSpace objects, 0(0B) LOS objects, 29% free, 37MB/53MB, paused 1.080ms total 38.141ms
08-05 02:30:10.221  2110  2687 I art     : Starting a blocking GC Explicit
08-05 02:30:10.259  2110  2687 I art     : Explicit concurrent mark sweep GC freed 1437(82KB) AllocSpace objects, 1(20KB) LOS objects, 29% free, 37MB/53MB, paused 1.037ms total 37.991ms
08-05 02:30:10.272  2110  2687 I art     : Starting a blocking GC Explicit
08-05 02:30:10.307  2110  2687 I art     : Explicit concurrent mark sweep GC freed 22(784B) AllocSpace objects, 0(0B) LOS objects, 29% free, 37MB/53MB, paused 1.026ms total 34.389ms
08-05 02:30:10.316  2110  2687 I art     : Starting a blocking GC Explicit
08-05 02:30:10.352  2110  2687 I art     : Explicit concurrent mark sweep GC freed 3(96B) AllocSpace objects, 0(0B) LOS objects, 29% free, 37MB/53MB, paused 1.027ms total 34.920ms
08-05 02:30:10.362  2110  2687 I art     : Starting a blocking GC Explicit
08-05 02:30:10.398  2110  2687 I art     : Explicit concurrent mark sweep GC freed 3(96B) AllocSpace objects, 0(0B) LOS objects, 29% free, 37MB/53MB, paused 1.029ms total 35.826ms
08-05 02:30:10.408  2110  2687 I art     : Starting a blocking GC Explicit
08-05 02:30:10.443  2110  2687 I art     : Explicit concurrent mark sweep GC freed 3(96B) AllocSpace objects, 0(0B) LOS objects, 29% free, 37MB/53MB, paused 1.043ms total 34.923ms
08-05 02:30:10.804  2110  2122 I art     : Starting a blocking GC Explicit
08-05 02:30:10.842  2110  2122 I art     : Explicit concurrent mark sweep GC freed 1438(82KB) AllocSpace objects, 1(20KB) LOS objects, 29% free, 37MB/53MB, paused 1.058ms total 38.536ms
08-05 02:30:10.857  2110  2122 I art     : Starting a blocking GC Explicit
08-05 02:30:10.891  2110  2122 I art     : Explicit concurrent mark sweep GC freed 22(784B) AllocSpace objects, 0(0B) LOS objects, 29% free, 37MB/53MB, paused 1.015ms total 33.828ms
08-05 02:30:10.900  2110  2122 I art     : Starting a blocking GC Explicit
08-05 02:30:10.935  2110  2122 I art     : Explicit concurrent mark sweep GC freed 3(96B) AllocSpace objects, 0(0B) LOS objects, 29% free, 37MB/53MB, paused 1.124ms total 34.402ms
08-05 02:30:10.945  2110  2122 I art     : Starting a blocking GC Explicit
08-05 02:30:10.981  2110  2122 I art     : Explicit concurrent mark sweep GC freed 3(96B) AllocSpace objects, 0(0B) LOS objects, 29% free, 37MB/53MB, paused 1.071ms total 36.054ms
08-05 02:30:10.991  2110  2122 I art     : Starting a blocking GC Explicit
08-05 02:30:11.027  2110  2122 I art     : Explicit concurrent mark sweep GC freed 3(96B) AllocSpace objects, 0(0B) LOS objects, 29% free, 37MB/53MB, paused 1.080ms total 35.667ms
08-05 02:30:11.396  2110  2366 I art     : Starting a blocking GC Explicit
08-05 02:30:11.434  2110  2366 I art     : Explicit concurrent mark sweep GC freed 1604(91KB) AllocSpace objects, 1(20KB) LOS objects, 29% free, 37MB/53MB, paused 1.079ms total 37.757ms
08-05 02:30:11.444  2110  2366 I art     : Starting a blocking GC Explicit
08-05 02:30:11.482  2110  2366 I art     : Explicit concurrent mark sweep GC freed 28(1040B) AllocSpace objects, 0(0B) LOS objects, 29% free, 37MB/53MB, paused 1.111ms total 36.962ms
08-05 02:30:11.492  2110  2366 I art     : Starting a blocking GC Explicit
08-05 02:30:11.529  2110  2366 I art     : Explicit concurrent mark sweep GC freed 3(96B) AllocSpace objects, 0(0B) LOS objects, 29% free, 37MB/53MB, paused 1.057ms total 36.967ms
08-05 02:30:11.540  2110  2366 I art     : Starting a blocking GC Explicit
08-05 02:30:11.577  2110  2366 I art     : Explicit concurrent mark sweep GC freed 3(96B) AllocSpace objects, 0(0B) LOS objects, 29% free, 37MB/53MB, paused 1.211ms total 37.647ms
08-05 02:30:11.588  2110  2366 I art     : Starting a blocking GC Explicit
08-05 02:30:11.626  2110  2366 I art     : Explicit concurrent mark sweep GC freed 3(96B) AllocSpace objects, 0(0B) LOS objects, 29% free, 37MB/53MB, paused 1.117ms total 37.544ms
08-05 02:30:11.710  2110  3092 E baseline.com.newsblur.network.APIResponse: Error (unexpected end of stream on https://www.newsblur.com/...) calling https://www.newsblur.com/reader/feed_unread_count?feed_id=0
08-05 02:30:11.710  2110  3092 E baseline.com.newsblur.network.APIResponse: java.io.IOException: unexpected end of stream on https://www.newsblur.com/...
08-05 02:30:11.710  2110  3092 E baseline.com.newsblur.network.APIResponse: 	at okhttp3.internal.http1.Http1ExchangeCodec.readResponseHeaders(Http1ExchangeCodec.java:236)
08-05 02:30:11.710  2110  3092 E baseline.com.newsblur.network.APIResponse: 	at okhttp3.internal.connection.Exchange.readResponseHeaders(Exchange.java:115)
08-05 02:30:11.710  2110  3092 E baseline.com.newsblur.network.APIResponse: 	at okhttp3.internal.http.CallServerInterceptor.intercept(CallServerInterceptor.java:94)
08-05 02:30:11.710  2110  3092 E baseline.com.newsblur.network.APIResponse: 	at okhttp3.internal.http.RealInterceptorChain.proceed(RealInterceptorChain.java:142)
08-05 02:30:11.710  2110  3092 E baseline.com.newsblur.network.APIResponse: 	at okhttp3.internal.connection.ConnectInterceptor.intercept(ConnectInterceptor.java:43)
08-05 02:30:11.710  2110  3092 E baseline.com.newsblur.network.APIResponse: 	at okhttp3.internal.http.RealInterceptorChain.proceed(RealInterceptorChain.java:142)
08-05 02:30:11.710  2110  3092 E baseline.com.newsblur.network.APIResponse: 	at okhttp3.internal.http.RealInterceptorChain.proceed(RealInterceptorChain.java:117)
08-05 02:30:11.710  2110  3092 E baseline.com.newsblur.network.APIResponse: 	at okhttp3.internal.cache.CacheInterceptor.intercept(CacheInterceptor.java:94)
08-05 02:30:11.710  2110  3092 E baseline.com.newsblur.network.APIResponse: 	at okhttp3.internal.http.RealInterceptorChain.proceed(RealInterceptorChain.java:142)
08-05 02:30:11.710  2110  3092 E baseline.com.newsblur.network.APIResponse: 	at okhttp3.internal.http.RealInterceptorChain.proceed(RealInterceptorChain.java:117)
08-05 02:30:11.710  2110  3092 E baseline.com.newsblur.network.APIResponse: 	at okhttp3.internal.http.BridgeInterceptor.intercept(BridgeInterceptor.java:93)
08-05 02:30:11.710  2110  3092 E baseline.com.newsblur.network.APIResponse: 	at okhttp3.internal.http.RealInterceptorChain.proceed(RealInterceptorChain.java:142)
08-05 02:30:11.710  2110  3092 E baseline.com.newsblur.network.APIResponse: 	at okhttp3.internal.http.RetryAndFollowUpInterceptor.intercept(RetryAndFollowUpInterceptor.java:88)
08-05 02:30:11.710  2110  3092 E baseline.com.newsblur.network.APIResponse: 	at okhttp3.internal.http.RealInterceptorChain.proceed(RealInterceptorChain.java:142)
08-05 02:30:11.710  2110  3092 E baseline.com.newsblur.network.APIResponse: 	at okhttp3.internal.http.RealInterceptorChain.proceed(RealInterceptorChain.java:117)
08-05 02:30:11.710  2110  3092 E baseline.com.newsblur.network.APIResponse: 	at okhttp3.RealCall.getResponseWithInterceptorChain(RealCall.java:229)
08-05 02:30:11.710  2110  3092 E baseline.com.newsblur.network.APIResponse: 	at okhttp3.RealCall.execute(RealCall.java:81)
08-05 02:30:11.710  2110  3092 E baseline.com.newsblur.network.APIResponse: 	at baseline.com.newsblur.network.APIResponse.<init>(APIResponse.java:57)
08-05 02:30:11.710  2110  3092 E baseline.com.newsblur.network.APIResponse: 	at baseline.com.newsblur.network.APIManager.get_single(APIManager.java:639)
08-05 02:30:11.710  2110  3092 E baseline.com.newsblur.network.APIResponse: 	at baseline.com.newsblur.network.APIManager.get(APIManager.java:625)
08-05 02:30:11.710  2110  3092 E baseline.com.newsblur.network.APIResponse: 	at baseline.com.newsblur.network.APIManager.get(APIManager.java:667)
08-05 02:30:11.710  2110  3092 E baseline.com.newsblur.network.APIResponse: 	at baseline.com.newsblur.network.APIManager.getFeedUnreadCounts(APIManager.java:274)
08-05 02:30:11.710  2110  3092 E baseline.com.newsblur.network.APIResponse: 	at baseline.com.newsblur.service.NBSyncService.checkRecounts(NBSyncService.java:660)
08-05 02:30:11.710  2110  3092 E baseline.com.newsblur.network.APIResponse: 	at baseline.com.newsblur.service.NBSyncService.doSync(NBSyncService.java:310)
08-05 02:30:11.710  2110  3092 E baseline.com.newsblur.network.APIResponse: 	at baseline.com.newsblur.service.NBSyncService.access$100(NBSyncService.java:67)
08-05 02:30:11.710  2110  3092 E baseline.com.newsblur.network.APIResponse: 	at baseline.com.newsblur.service.NBSyncService$1.run(NBSyncService.java:188)
08-05 02:30:11.710  2110  3092 E baseline.com.newsblur.network.APIResponse: 	at java.util.concurrent.ThreadPoolExecutor.runWorker(ThreadPoolExecutor.java:1113)
08-05 02:30:11.710  2110  3092 E baseline.com.newsblur.network.APIResponse: 	at java.util.concurrent.ThreadPoolExecutor$Worker.run(ThreadPoolExecutor.java:588)
08-05 02:30:11.710  2110  3092 E baseline.com.newsblur.network.APIResponse: 	at java.lang.Thread.run(Thread.java:818)
08-05 02:30:11.710  2110  3092 E baseline.com.newsblur.network.APIResponse: Caused by: java.io.EOFException: \n not found: limit=0 content=
08-05 02:30:11.710  2110  3092 E baseline.com.newsblur.network.APIResponse: 	at okio.RealBufferedSource.readUtf8LineStrict(RealBufferedSource.java:240)
08-05 02:30:11.710  2110  3092 E baseline.com.newsblur.network.APIResponse: 	at okhttp3.internal.http1.Http1ExchangeCodec.readHeaderLine(Http1ExchangeCodec.java:242)
08-05 02:30:11.710  2110  3092 E baseline.com.newsblur.network.APIResponse: 	at okhttp3.internal.http1.Http1ExchangeCodec.readResponseHeaders(Http1ExchangeCodec.java:213)
08-05 02:30:11.710  2110  3092 E baseline.com.newsblur.network.APIResponse: 	... 28 more
08-05 02:30:11.712  2110  3092 I baseline.com.newsblur.network.APIManager: API call failed, pausing before retry number 2
08-05 02:30:11.975  2110  2123 I art     : Starting a blocking GC Explicit
08-05 02:30:12.014  2110  2123 I art     : Explicit concurrent mark sweep GC freed 3926(355KB) AllocSpace objects, 3(60KB) LOS objects, 29% free, 37MB/53MB, paused 1.017ms total 38.864ms
08-05 02:30:12.024  2110  2123 I art     : Starting a blocking GC Explicit
08-05 02:30:12.060  2110  2123 I art     : Explicit concurrent mark sweep GC freed 109(3KB) AllocSpace objects, 0(0B) LOS objects, 29% free, 37MB/53MB, paused 1.052ms total 35.947ms
08-05 02:30:12.070  2110  2123 I art     : Starting a blocking GC Explicit
08-05 02:30:12.107  2110  2123 I art     : Explicit concurrent mark sweep GC freed 3(96B) AllocSpace objects, 0(0B) LOS objects, 29% free, 37MB/53MB, paused 1.210ms total 36.890ms
08-05 02:30:12.118  2110  2123 I art     : Starting a blocking GC Explicit
08-05 02:30:12.154  2110  2123 I art     : Explicit concurrent mark sweep GC freed 3(96B) AllocSpace objects, 0(0B) LOS objects, 29% free, 37MB/53MB, paused 1.015ms total 35.779ms
08-05 02:30:12.164  2110  2123 I art     : Starting a blocking GC Explicit
08-05 02:30:12.202  2110  2123 I art     : Explicit concurrent mark sweep GC freed 3(96B) AllocSpace objects, 0(0B) LOS objects, 29% free, 37MB/53MB, paused 1.064ms total 36.953ms
08-05 02:30:12.551  2110  2687 I art     : Starting a blocking GC Explicit
08-05 02:30:12.590  2110  2687 I art     : Explicit concurrent mark sweep GC freed 1437(82KB) AllocSpace objects, 1(20KB) LOS objects, 29% free, 37MB/53MB, paused 1.153ms total 39.235ms
08-05 02:30:12.603  2110  2687 I art     : Starting a blocking GC Explicit
08-05 02:30:12.638  2110  2687 I art     : Explicit concurrent mark sweep GC freed 35(1376B) AllocSpace objects, 0(0B) LOS objects, 29% free, 37MB/53MB, paused 1.042ms total 34.283ms
08-05 02:30:12.648  2110  2687 I art     : Starting a blocking GC Explicit
08-05 02:30:12.683  2110  2687 I art     : Explicit concurrent mark sweep GC freed 8(256B) AllocSpace objects, 0(0B) LOS objects, 29% free, 37MB/53MB, paused 998us total 35.160ms
08-05 02:30:12.693  2110  2687 I art     : Starting a blocking GC Explicit
08-05 02:30:12.729  2110  2687 I art     : Explicit concurrent mark sweep GC freed 9(352B) AllocSpace objects, 0(0B) LOS objects, 29% free, 37MB/53MB, paused 1.010ms total 35.757ms
08-05 02:30:12.739  2110  2687 I art     : Starting a blocking GC Explicit
08-05 02:30:12.774  2110  2687 I art     : Explicit concurrent mark sweep GC freed 3(96B) AllocSpace objects, 0(0B) LOS objects, 29% free, 37MB/53MB, paused 1.011ms total 34.507ms
08-05 02:30:13.133  2110  2122 I art     : Starting a blocking GC Explicit
08-05 02:30:13.173  2110  2122 I art     : Explicit concurrent mark sweep GC freed 2424(131KB) AllocSpace objects, 1(20KB) LOS objects, 29% free, 37MB/53MB, paused 1.020ms total 39.086ms
08-05 02:30:13.187  2110  2122 I art     : Starting a blocking GC Explicit
08-05 02:30:13.222  2110  2122 I art     : Explicit concurrent mark sweep GC freed 778(57KB) AllocSpace objects, 0(0B) LOS objects, 29% free, 37MB/53MB, paused 1.007ms total 34.819ms
08-05 02:30:13.232  2110  2122 I art     : Starting a blocking GC Explicit
08-05 02:30:13.266  2110  2122 I art     : Explicit concurrent mark sweep GC freed 3(96B) AllocSpace objects, 0(0B) LOS objects, 29% free, 37MB/53MB, paused 1.002ms total 33.541ms
08-05 02:30:13.276  2110  2122 I art     : Starting a blocking GC Explicit
08-05 02:30:13.312  2110  2122 I art     : Explicit concurrent mark sweep GC freed 3(96B) AllocSpace objects, 0(0B) LOS objects, 29% free, 37MB/53MB, paused 1.007ms total 35.591ms
08-05 02:30:13.322  2110  2122 I art     : Starting a blocking GC Explicit
08-05 02:30:13.357  2110  2122 I art     : Explicit concurrent mark sweep GC freed 3(96B) AllocSpace objects, 0(0B) LOS objects, 29% free, 37MB/53MB, paused 1.069ms total 35.505ms
08-05 02:30:13.723  2110  2366 I art     : Starting a blocking GC Explicit
08-05 02:30:13.762  2110  2366 I art     : Explicit concurrent mark sweep GC freed 1933(107KB) AllocSpace objects, 1(20KB) LOS objects, 29% free, 37MB/53MB, paused 1.029ms total 38.073ms
08-05 02:30:13.773  2110  2366 I art     : Starting a blocking GC Explicit
08-05 02:30:13.810  2110  2366 I art     : Explicit concurrent mark sweep GC freed 402(29KB) AllocSpace objects, 0(0B) LOS objects, 29% free, 37MB/53MB, paused 1.012ms total 36.257ms
08-05 02:30:13.820  2110  2366 I art     : Starting a blocking GC Explicit
08-05 02:30:13.856  2110  2366 I art     : Explicit concurrent mark sweep GC freed 3(96B) AllocSpace objects, 0(0B) LOS objects, 29% free, 37MB/53MB, paused 1.028ms total 35.520ms
08-05 02:30:13.866  2110  2366 I art     : Starting a blocking GC Explicit
08-05 02:30:13.902  2110  2366 I art     : Explicit concurrent mark sweep GC freed 3(96B) AllocSpace objects, 0(0B) LOS objects, 29% free, 37MB/53MB, paused 970us total 35.364ms
08-05 02:30:13.912  2110  2366 I art     : Starting a blocking GC Explicit
08-05 02:30:13.948  2110  2366 I art     : Explicit concurrent mark sweep GC freed 3(96B) AllocSpace objects, 0(0B) LOS objects, 29% free, 37MB/53MB, paused 1.115ms total 35.999ms
08-05 02:30:14.306  2110  2123 I art     : Starting a blocking GC Explicit
08-05 02:30:14.342  2110  2123 I art     : Explicit concurrent mark sweep GC freed 1437(82KB) AllocSpace objects, 1(20KB) LOS objects, 29% free, 37MB/53MB, paused 1.006ms total 35.123ms
08-05 02:30:14.352  2110  2123 I art     : Starting a blocking GC Explicit
08-05 02:30:14.386  2110  2123 I art     : Explicit concurrent mark sweep GC freed 22(784B) AllocSpace objects, 0(0B) LOS objects, 29% free, 37MB/53MB, paused 1.056ms total 34.242ms
08-05 02:30:14.396  2110  2123 I art     : Starting a blocking GC Explicit
08-05 02:30:14.431  2110  2123 I art     : Explicit concurrent mark sweep GC freed 3(96B) AllocSpace objects, 0(0B) LOS objects, 29% free, 37MB/53MB, paused 1.020ms total 34.822ms
08-05 02:30:14.441  2110  2123 I art     : Starting a blocking GC Explicit
08-05 02:30:14.476  2110  2123 I art     : Explicit concurrent mark sweep GC freed 3(96B) AllocSpace objects, 0(0B) LOS objects, 29% free, 37MB/53MB, paused 1.003ms total 34.812ms
08-05 02:30:14.486  2110  2123 I art     : Starting a blocking GC Explicit
08-05 02:30:14.522  2110  2123 I art     : Explicit concurrent mark sweep GC freed 3(96B) AllocSpace objects, 0(0B) LOS objects, 29% free, 37MB/53MB, paused 963us total 35.694ms
08-05 02:30:14.888  2110  2687 I art     : Starting a blocking GC Explicit
08-05 02:30:14.926  2110  2687 I art     : Explicit concurrent mark sweep GC freed 1604(91KB) AllocSpace objects, 1(20KB) LOS objects, 29% free, 37MB/53MB, paused 987us total 36.981ms
08-05 02:30:14.928   518   646 I ThermalEngine: ACTION: GPU - Setting GPU[0] to 600000000
08-05 02:30:14.936  2110  2687 I art     : Starting a blocking GC Explicit
08-05 02:30:14.971  2110  2687 I art     : Explicit concurrent mark sweep GC freed 28(1040B) AllocSpace objects, 0(0B) LOS objects, 29% free, 37MB/53MB, paused 855us total 34.907ms
08-05 02:30:14.980  2110  2687 I art     : Starting a blocking GC Explicit
08-05 02:30:15.010  2110  2687 I art     : Explicit concurrent mark sweep GC freed 3(96B) AllocSpace objects, 0(0B) LOS objects, 29% free, 37MB/53MB, paused 801us total 29.811ms
08-05 02:30:15.018  2110  2687 I art     : Starting a blocking GC Explicit
08-05 02:30:15.047  2110  2687 I art     : Explicit concurrent mark sweep GC freed 3(96B) AllocSpace objects, 0(0B) LOS objects, 29% free, 37MB/53MB, paused 873us total 28.712ms
08-05 02:30:15.055  2110  2687 I art     : Starting a blocking GC Explicit
08-05 02:30:15.085  2110  2687 I art     : Explicit concurrent mark sweep GC freed 3(96B) AllocSpace objects, 0(0B) LOS objects, 29% free, 37MB/53MB, paused 804us total 29.187ms
08-05 02:30:15.291  2110  3092 E baseline.com.newsblur.network.APIResponse: Error (unexpected end of stream on https://www.newsblur.com/...) calling https://www.newsblur.com/reader/feed_unread_count?feed_id=0
08-05 02:30:15.291  2110  3092 E baseline.com.newsblur.network.APIResponse: java.io.IOException: unexpected end of stream on https://www.newsblur.com/...
08-05 02:30:15.291  2110  3092 E baseline.com.newsblur.network.APIResponse: 	at okhttp3.internal.http1.Http1ExchangeCodec.readResponseHeaders(Http1ExchangeCodec.java:236)
08-05 02:30:15.291  2110  3092 E baseline.com.newsblur.network.APIResponse: 	at okhttp3.internal.connection.Exchange.readResponseHeaders(Exchange.java:115)
08-05 02:30:15.291  2110  3092 E baseline.com.newsblur.network.APIResponse: 	at okhttp3.internal.http.CallServerInterceptor.intercept(CallServerInterceptor.java:94)
08-05 02:30:15.291  2110  3092 E baseline.com.newsblur.network.APIResponse: 	at okhttp3.internal.http.RealInterceptorChain.proceed(RealInterceptorChain.java:142)
08-05 02:30:15.291  2110  3092 E baseline.com.newsblur.network.APIResponse: 	at okhttp3.internal.connection.ConnectInterceptor.intercept(ConnectInterceptor.java:43)
08-05 02:30:15.291  2110  3092 E baseline.com.newsblur.network.APIResponse: 	at okhttp3.internal.http.RealInterceptorChain.proceed(RealInterceptorChain.java:142)
08-05 02:30:15.291  2110  3092 E baseline.com.newsblur.network.APIResponse: 	at okhttp3.internal.http.RealInterceptorChain.proceed(RealInterceptorChain.java:117)
08-05 02:30:15.291  2110  3092 E baseline.com.newsblur.network.APIResponse: 	at okhttp3.internal.cache.CacheInterceptor.intercept(CacheInterceptor.java:94)
08-05 02:30:15.291  2110  3092 E baseline.com.newsblur.network.APIResponse: 	at okhttp3.internal.http.RealInterceptorChain.proceed(RealInterceptorChain.java:142)
08-05 02:30:15.291  2110  3092 E baseline.com.newsblur.network.APIResponse: 	at okhttp3.internal.http.RealInterceptorChain.proceed(RealInterceptorChain.java:117)
08-05 02:30:15.291  2110  3092 E baseline.com.newsblur.network.APIResponse: 	at okhttp3.internal.http.BridgeInterceptor.intercept(BridgeInterceptor.java:93)
08-05 02:30:15.291  2110  3092 E baseline.com.newsblur.network.APIResponse: 	at okhttp3.internal.http.RealInterceptorChain.proceed(RealInterceptorChain.java:142)
08-05 02:30:15.291  2110  3092 E baseline.com.newsblur.network.APIResponse: 	at okhttp3.internal.http.RetryAndFollowUpInterceptor.intercept(RetryAndFollowUpInterceptor.java:88)
08-05 02:30:15.291  2110  3092 E baseline.com.newsblur.network.APIResponse: 	at okhttp3.internal.http.RealInterceptorChain.proceed(RealInterceptorChain.java:142)
08-05 02:30:15.291  2110  3092 E baseline.com.newsblur.network.APIResponse: 	at okhttp3.internal.http.RealInterceptorChain.proceed(RealInterceptorChain.java:117)
08-05 02:30:15.291  2110  3092 E baseline.com.newsblur.network.APIResponse: 	at okhttp3.RealCall.getResponseWithInterceptorChain(RealCall.java:229)
08-05 02:30:15.291  2110  3092 E baseline.com.newsblur.network.APIResponse: 	at okhttp3.RealCall.execute(RealCall.java:81)
08-05 02:30:15.291  2110  3092 E baseline.com.newsblur.network.APIResponse: 	at baseline.com.newsblur.network.APIResponse.<init>(APIResponse.java:57)
08-05 02:30:15.291  2110  3092 E baseline.com.newsblur.network.APIResponse: 	at baseline.com.newsblur.network.APIManager.get_single(APIManager.java:639)
08-05 02:30:15.291  2110  3092 E baseline.com.newsblur.network.APIResponse: 	at baseline.com.newsblur.network.APIManager.get(APIManager.java:625)
08-05 02:30:15.291  2110  3092 E baseline.com.newsblur.network.APIResponse: 	at baseline.com.newsblur.network.APIManager.get(APIManager.java:667)
08-05 02:30:15.291  2110  3092 E baseline.com.newsblur.network.APIResponse: 	at baseline.com.newsblur.network.APIManager.getFeedUnreadCounts(APIManager.java:274)
08-05 02:30:15.291  2110  3092 E baseline.com.newsblur.network.APIResponse: 	at baseline.com.newsblur.service.NBSyncService.checkRecounts(NBSyncService.java:660)
08-05 02:30:15.291  2110  3092 E baseline.com.newsblur.network.APIResponse: 	at baseline.com.newsblur.service.NBSyncService.doSync(NBSyncService.java:310)
08-05 02:30:15.291  2110  3092 E baseline.com.newsblur.network.APIResponse: 	at baseline.com.newsblur.service.NBSyncService.access$100(NBSyncService.java:67)
08-05 02:30:15.291  2110  3092 E baseline.com.newsblur.network.APIResponse: 	at baseline.com.newsblur.service.NBSyncService$1.run(NBSyncService.java:188)
08-05 02:30:15.291  2110  3092 E baseline.com.newsblur.network.APIResponse: 	at java.util.concurrent.ThreadPoolExecutor.runWorker(ThreadPoolExecutor.java:1113)
08-05 02:30:15.291  2110  3092 E baseline.com.newsblur.network.APIResponse: 	at java.util.concurrent.ThreadPoolExecutor$Worker.run(ThreadPoolExecutor.java:588)
08-05 02:30:15.291  2110  3092 E baseline.com.newsblur.network.APIResponse: 	at java.lang.Thread.run(Thread.java:818)
08-05 02:30:15.291  2110  3092 E baseline.com.newsblur.network.APIResponse: Caused by: java.io.EOFException: \n not found: limit=0 content=
08-05 02:30:15.291  2110  3092 E baseline.com.newsblur.network.APIResponse: 	at okio.RealBufferedSource.readUtf8LineStrict(RealBufferedSource.java:240)
08-05 02:30:15.291  2110  3092 E baseline.com.newsblur.network.APIResponse: 	at okhttp3.internal.http1.Http1ExchangeCodec.readHeaderLine(Http1ExchangeCodec.java:242)
08-05 02:30:15.291  2110  3092 E baseline.com.newsblur.network.APIResponse: 	at okhttp3.internal.http1.Http1ExchangeCodec.readResponseHeaders(Http1ExchangeCodec.java:213)
08-05 02:30:15.291  2110  3092 E baseline.com.newsblur.network.APIResponse: 	... 28 more
08-05 02:30:15.293  2110  3092 W baseline.com.newsblur.service.NBSyncService: Bad response to feed_unread_count
08-05 02:30:15.413  2110  2122 I art     : Starting a blocking GC Explicit
08-05 02:30:15.442  2110  2122 I art     : Explicit concurrent mark sweep GC freed 4445(422KB) AllocSpace objects, 6(120KB) LOS objects, 29% free, 37MB/53MB, paused 809us total 28.275ms
08-05 02:30:15.450  2110  2122 I art     : Starting a blocking GC Explicit
08-05 02:30:15.477  2110  2122 I art     : Explicit concurrent mark sweep GC freed 136(5KB) AllocSpace objects, 0(0B) LOS objects, 29% free, 37MB/53MB, paused 843us total 26.972ms
08-05 02:30:15.484  2110  2122 I art     : Starting a blocking GC Explicit
08-05 02:30:15.512  2110  2122 I art     : Explicit concurrent mark sweep GC freed 3(96B) AllocSpace objects, 0(0B) LOS objects, 29% free, 37MB/53MB, paused 798us total 27.260ms
08-05 02:30:15.519  2110  2122 I art     : Starting a blocking GC Explicit
08-05 02:30:15.546  2110  2122 I art     : Explicit concurrent mark sweep GC freed 3(96B) AllocSpace objects, 0(0B) LOS objects, 29% free, 37MB/53MB, paused 754us total 26.638ms
08-05 02:30:15.553  2110  2122 I art     : Starting a blocking GC Explicit
08-05 02:30:15.582  2110  2122 I art     : Explicit concurrent mark sweep GC freed 3(96B) AllocSpace objects, 0(0B) LOS objects, 29% free, 37MB/53MB, paused 829us total 28.120ms
08-05 02:30:15.690  3517  3517 D AndroidRuntime: >>>>>> START com.android.internal.os.RuntimeInit uid 2000 <<<<<<
08-05 02:30:15.694  3517  3517 D AndroidRuntime: CheckJNI is OFF
08-05 02:30:15.710  2110  3092 E baseline.com.newsblur.network.APIResponse: Error (unexpected end of stream on https://www.newsblur.com/...) calling https://www.newsblur.com/reader/mark_story_hashes_as_read/
08-05 02:30:15.710  2110  3092 E baseline.com.newsblur.network.APIResponse: java.io.IOException: unexpected end of stream on https://www.newsblur.com/...
08-05 02:30:15.710  2110  3092 E baseline.com.newsblur.network.APIResponse: 	at okhttp3.internal.http1.Http1ExchangeCodec.readResponseHeaders(Http1ExchangeCodec.java:236)
08-05 02:30:15.710  2110  3092 E baseline.com.newsblur.network.APIResponse: 	at okhttp3.internal.connection.Exchange.readResponseHeaders(Exchange.java:115)
08-05 02:30:15.710  2110  3092 E baseline.com.newsblur.network.APIResponse: 	at okhttp3.internal.http.CallServerInterceptor.intercept(CallServerInterceptor.java:94)
08-05 02:30:15.710  2110  3092 E baseline.com.newsblur.network.APIResponse: 	at okhttp3.internal.http.RealInterceptorChain.proceed(RealInterceptorChain.java:142)
08-05 02:30:15.710  2110  3092 E baseline.com.newsblur.network.APIResponse: 	at okhttp3.internal.connection.ConnectInterceptor.intercept(ConnectInterceptor.java:43)
08-05 02:30:15.710  2110  3092 E baseline.com.newsblur.network.APIResponse: 	at okhttp3.internal.http.RealInterceptorChain.proceed(RealInterceptorChain.java:142)
08-05 02:30:15.710  2110  3092 E baseline.com.newsblur.network.APIResponse: 	at okhttp3.internal.http.RealInterceptorChain.proceed(RealInterceptorChain.java:117)
08-05 02:30:15.710  2110  3092 E baseline.com.newsblur.network.APIResponse: 	at okhttp3.internal.cache.CacheInterceptor.intercept(CacheInterceptor.java:94)
08-05 02:30:15.710  2110  3092 E baseline.com.newsblur.network.APIResponse: 	at okhttp3.internal.http.RealInterceptorChain.proceed(RealInterceptorChain.java:142)
08-05 02:30:15.710  2110  3092 E baseline.com.newsblur.network.APIResponse: 	at okhttp3.internal.http.RealInterceptorChain.proceed(RealInterceptorChain.java:117)
08-05 02:30:15.710  2110  3092 E baseline.com.newsblur.network.APIResponse: 	at okhttp3.internal.http.BridgeInterceptor.intercept(BridgeInterceptor.java:93)
08-05 02:30:15.710  2110  3092 E baseline.com.newsblur.network.APIResponse: 	at okhttp3.internal.http.RealInterceptorChain.proceed(RealInterceptorChain.java:142)
08-05 02:30:15.710  2110  3092 E baseline.com.newsblur.network.APIResponse: 	at okhttp3.internal.http.RetryAndFollowUpInterceptor.intercept(RetryAndFollowUpInterceptor.java:88)
08-05 02:30:15.710  2110  3092 E baseline.com.newsblur.network.APIResponse: 	at okhttp3.internal.http.RealInterceptorChain.proceed(RealInterceptorChain.java:142)
08-05 02:30:15.710  2110  3092 E baseline.com.newsblur.network.APIResponse: 	at okhttp3.internal.http.RealInterceptorChain.proceed(RealInterceptorChain.java:117)
08-05 02:30:15.710  2110  3092 E baseline.com.newsblur.network.APIResponse: 	at okhttp3.RealCall.getResponseWithInterceptorChain(RealCall.java:229)
08-05 02:30:15.710  2110  3092 E baseline.com.newsblur.network.APIResponse: 	at okhttp3.RealCall.execute(RealCall.java:81)
08-05 02:30:15.710  2110  3092 E baseline.com.newsblur.network.APIResponse: 	at baseline.com.newsblur.network.APIResponse.<init>(APIResponse.java:57)
08-05 02:30:15.710  2110  3092 E baseline.com.newsblur.network.APIResponse: 	at baseline.com.newsblur.network.APIResponse.<init>(APIResponse.java:43)
08-05 02:30:15.710  2110  3092 E baseline.com.newsblur.network.APIResponse: 	at baseline.com.newsblur.network.APIManager.post_single(APIManager.java:702)
08-05 02:30:15.710  2110  3092 E baseline.com.newsblur.network.APIResponse: 	at baseline.com.newsblur.network.APIManager.post(APIManager.java:675)
08-05 02:30:15.710  2110  3092 E baseline.com.newsblur.network.APIResponse: 	at baseline.com.newsblur.network.APIManager.post(APIManager.java:714)
08-05 02:30:15.710  2110  3092 E baseline.com.newsblur.network.APIResponse: 	at baseline.com.newsblur.network.APIManager.markStoryAsRead(APIManager.java:205)
08-05 02:30:15.710  2110  3092 E baseline.com.newsblur.network.APIResponse: 	at baseline.com.newsblur.util.ReadingAction.doRemote(ReadingAction.java:281)
08-05 02:30:15.710  2110  3092 E baseline.com.newsblur.network.APIResponse: 	at baseline.com.newsblur.service.NBSyncService.syncActions(NBSyncService.java:400)
08-05 02:30:15.710  2110  3092 E baseline.com.newsblur.network.APIResponse: 	at baseline.com.newsblur.service.NBSyncService.doSync(NBSyncService.java:298)
08-05 02:30:15.710  2110  3092 E baseline.com.newsblur.network.APIResponse: 	at baseline.com.newsblur.service.NBSyncService.access$100(NBSyncService.java:67)
08-05 02:30:15.710  2110  3092 E baseline.com.newsblur.network.APIResponse: 	at baseline.com.newsblur.service.NBSyncService$1.run(NBSyncService.java:188)
08-05 02:30:15.710  2110  3092 E baseline.com.newsblur.network.APIResponse: 	at java.util.concurrent.ThreadPoolExecutor.runWorker(ThreadPoolExecutor.java:1113)
08-05 02:30:15.710  2110  3092 E baseline.com.newsblur.network.APIResponse: 	at java.util.concurrent.ThreadPoolExecutor$Worker.run(ThreadPoolExecutor.java:588)
08-05 02:30:15.710  2110  3092 E baseline.com.newsblur.network.APIResponse: 	at java.lang.Thread.run(Thread.java:818)
08-05 02:30:15.710  2110  3092 E baseline.com.newsblur.network.APIResponse: Caused by: java.io.EOFException: \n not found: limit=0 content=
08-05 02:30:15.710  2110  3092 E baseline.com.newsblur.network.APIResponse: 	at okio.RealBufferedSource.readUtf8LineStrict(RealBufferedSource.java:240)
08-05 02:30:15.710  2110  3092 E baseline.com.newsblur.network.APIResponse: 	at okhttp3.internal.http1.Http1ExchangeCodec.readHeaderLine(Http1ExchangeCodec.java:242)
08-05 02:30:15.710  2110  3092 E baseline.com.newsblur.network.APIResponse: 	at okhttp3.internal.http1.Http1ExchangeCodec.readResponseHeaders(Http1ExchangeCodec.java:213)
08-05 02:30:15.710  2110  3092 E baseline.com.newsblur.network.APIResponse: 	... 30 more
08-05 02:30:15.713  2110  3092 I baseline.com.newsblur.network.APIManager: API call failed, pausing before retry number 1
08-05 02:30:15.717  3517  3517 D ICU     : No timezone override file found: /data/misc/zoneinfo/current/icu/icu_tzdata.dat
08-05 02:30:15.741  3517  3517 I Radio-JNI: register_android_hardware_Radio DONE
08-05 02:30:15.757  3517  3517 D AndroidRuntime: Calling main entry com.android.commands.input.Input
08-05 02:30:15.759  3517  3517 I Input   : injectMotionEvent: MotionEvent { action=ACTION_DOWN, actionButton=0, id[0]=0, x[0]=436.0, y[0]=453.0, toolType[0]=TOOL_TYPE_UNKNOWN, buttonState=0, metaState=0, flags=0x0, edgeFlags=0x0, pointerCount=1, historySize=0, eventTime=757832172, downTime=757832172, deviceId=0, source=0x1002 }
08-05 02:30:15.764  3517  3517 I Input   : injectMotionEvent: MotionEvent { action=ACTION_UP, actionButton=0, id[0]=0, x[0]=436.0, y[0]=453.0, toolType[0]=TOOL_TYPE_UNKNOWN, buttonState=0, metaState=0, flags=0x0, edgeFlags=0x0, pointerCount=1, historySize=0, eventTime=757832172, downTime=757832172, deviceId=0, source=0x1002 }
08-05 02:30:15.766  3517  3517 D AndroidRuntime: Shutting down VM
08-05 02:30:15.777   918  5952 I ActivityManager: START u0 {cmp=baseline.com.newsblur/.activity.GlobalSharedStoriesReading (has extras)} from uid 10676 on display 0
08-05 02:30:15.778   512  2967 D audio_hw_primary: out_set_parameters: enter: usecase(1: low-latency-playback) kvpairs: routing=2
08-05 02:30:15.790   512  2967 D audio_hw_primary: select_devices: out_snd_device(2: speaker) in_snd_device(0: none)
08-05 02:30:15.791   512  2967 D msm8974_platform: platform_send_audio_calibration: sending audio calibration for snd_device(2) acdb_id(15)
08-05 02:30:15.791   512  2967 I soundtrigger: audio_extn_sound_trigger_update_device_status: device 0x2 of type 0 for Event 1
08-05 02:30:15.801   512  2967 D audio_hw_primary: enable_snd_device: snd_device(2: speaker)
08-05 02:30:15.803   512  2967 D audio_hw_primary: enable_audio_route: apply and update mixer path: low-latency-playback speaker
08-05 02:30:15.868  2110  2123 I art     : Starting a blocking GC Explicit
08-05 02:30:15.899  2110  2123 I art     : Explicit concurrent mark sweep GC freed 5412(507KB) AllocSpace objects, 8(588KB) LOS objects, 29% free, 37MB/53MB, paused 991us total 31.147ms
08-05 02:30:15.907  2110  2123 I art     : Starting a blocking GC Explicit
08-05 02:30:15.936  2110  2123 I art     : Explicit concurrent mark sweep GC freed 686(47KB) AllocSpace objects, 1(20KB) LOS objects, 29% free, 37MB/53MB, paused 1.243ms total 28.061ms
08-05 02:30:15.944  2110  2123 I art     : Starting a blocking GC Explicit
08-05 02:30:15.956   918   936 I ActivityManager: Displayed baseline.com.newsblur/.activity.GlobalSharedStoriesReading: +168ms
08-05 02:30:15.957 13866 13866 I GoogleInputMethodServic: GoogleInputMethodService.onFinishInput():3138 
08-05 02:30:15.957 13866 13866 I GoogleInputMethodServic: GoogleInputMethodService.onStartInput():1808 
08-05 02:30:15.971  2110  2123 I art     : Explicit concurrent mark sweep GC freed 663(37KB) AllocSpace objects, 0(0B) LOS objects, 29% free, 37MB/53MB, paused 1.145ms total 27.063ms
08-05 02:30:15.980  2110  2123 I art     : Starting a blocking GC Explicit
08-05 02:30:16.011  2110  2123 I art     : Explicit concurrent mark sweep GC freed 1235(85KB) AllocSpace objects, 2(40KB) LOS objects, 29% free, 38MB/54MB, paused 1.077ms total 30.712ms
08-05 02:30:16.021  2110  2123 I art     : Starting a blocking GC Explicit
08-05 02:30:16.053  2110  2123 I art     : Explicit concurrent mark sweep GC freed 792(62KB) AllocSpace objects, 10(244KB) LOS objects, 29% free, 38MB/54MB, paused 1.010ms total 31.372ms
08-05 02:30:16.139  2110  2736 E chromium: [ERROR:tile_manager.cc(793)] WARNING: tile memory limits exceeded, some content may not draw
08-05 02:30:16.140  2110  2736 E chromium: [ERROR:tile_manager.cc(793)] WARNING: tile memory limits exceeded, some content may not draw
08-05 02:30:16.310  2110  2123 I art     : Starting a blocking GC Explicit
08-05 02:30:16.339   512  2967 D audio_hw_primary: disable_audio_route: reset and update mixer path: low-latency-playback speaker
08-05 02:30:16.340   512  2967 D audio_hw_primary: disable_snd_device: snd_device(2: speaker)
08-05 02:30:16.347  2110  2123 I art     : Explicit concurrent mark sweep GC freed 2384(179KB) AllocSpace objects, 2(40KB) LOS objects, 29% free, 38MB/54MB, paused 796us total 36.338ms
08-05 02:30:16.350   512  2967 I soundtrigger: audio_extn_sound_trigger_update_device_status: device 0x2 of type 0 for Event 0
08-05 02:30:16.356  2110  2123 I art     : Starting a blocking GC Explicit
08-05 02:30:16.384  2110  2123 I art     : Explicit concurrent mark sweep GC freed 126(5KB) AllocSpace objects, 0(0B) LOS objects, 29% free, 38MB/54MB, paused 715us total 27.416ms
08-05 02:30:16.392  2110  2123 I art     : Starting a blocking GC Explicit
08-05 02:30:16.419  2110  2123 I art     : Explicit concurrent mark sweep GC freed 3(96B) AllocSpace objects, 0(0B) LOS objects, 29% free, 38MB/54MB, paused 808us total 27.008ms
08-05 02:30:16.427  2110  2123 I art     : Starting a blocking GC Explicit
08-05 02:30:16.454  2110  2123 I art     : Explicit concurrent mark sweep GC freed 3(96B) AllocSpace objects, 0(0B) LOS objects, 29% free, 38MB/54MB, paused 717us total 26.477ms
08-05 02:30:16.461  2110  2123 I art     : Starting a blocking GC Explicit
08-05 02:30:16.488  2110  2123 I art     : Explicit concurrent mark sweep GC freed 3(96B) AllocSpace objects, 0(0B) LOS objects, 29% free, 38MB/54MB, paused 737us total 26.567ms
08-05 02:30:16.807  2110  2122 I art     : Starting a blocking GC Explicit
08-05 02:30:16.837  2110  2122 I art     : Explicit concurrent mark sweep GC freed 1443(83KB) AllocSpace objects, 1(20KB) LOS objects, 29% free, 38MB/54MB, paused 781us total 30.087ms
08-05 02:30:16.846  2110  2122 I art     : Starting a blocking GC Explicit
08-05 02:30:16.872  2110  2122 I art     : Explicit concurrent mark sweep GC freed 22(784B) AllocSpace objects, 0(0B) LOS objects, 29% free, 38MB/54MB, paused 748us total 26.197ms
08-05 02:30:16.879  2110  2122 I art     : Starting a blocking GC Explicit
08-05 02:30:16.906  2110  2122 I art     : Explicit concurrent mark sweep GC freed 3(96B) AllocSpace objects, 0(0B) LOS objects, 29% free, 38MB/54MB, paused 726us total 26.224ms
08-05 02:30:16.913  2110  2122 I art     : Starting a blocking GC Explicit
08-05 02:30:16.933   518   646 I ThermalEngine: ACTION: GPU - Setting GPU[0] to 510000000
08-05 02:30:16.942  2110  2122 I art     : Explicit concurrent mark sweep GC freed 3(96B) AllocSpace objects, 0(0B) LOS objects, 29% free, 38MB/54MB, paused 1.007ms total 28.491ms
08-05 02:30:16.951  2110  2122 I art     : Starting a blocking GC Explicit
08-05 02:30:16.984  2110  2122 I art     : Explicit concurrent mark sweep GC freed 3(96B) AllocSpace objects, 0(0B) LOS objects, 29% free, 38MB/54MB, paused 985us total 33.192ms
08-05 02:30:17.317  2110  2123 I art     : Starting a blocking GC Explicit
08-05 02:30:17.352  2110  2123 I art     : Explicit concurrent mark sweep GC freed 1643(92KB) AllocSpace objects, 1(20KB) LOS objects, 29% free, 38MB/54MB, paused 1.019ms total 34.457ms
08-05 02:30:17.362  2110  2123 I art     : Starting a blocking GC Explicit
08-05 02:30:17.396  2110  2123 I art     : Explicit concurrent mark sweep GC freed 40(1424B) AllocSpace objects, 0(0B) LOS objects, 29% free, 38MB/54MB, paused 930us total 34.056ms
08-05 02:30:17.407  2110  2123 I art     : Starting a blocking GC Explicit
08-05 02:30:17.441  2110  2123 I art     : Explicit concurrent mark sweep GC freed 11(352B) AllocSpace objects, 0(0B) LOS objects, 29% free, 38MB/54MB, paused 983us total 34.339ms
08-05 02:30:17.451  2110  2123 I art     : Starting a blocking GC Explicit
08-05 02:30:17.485  2110  2123 I art     : Explicit concurrent mark sweep GC freed 8(256B) AllocSpace objects, 0(0B) LOS objects, 29% free, 38MB/54MB, paused 993us total 34.088ms
08-05 02:30:17.495  2110  2123 I art     : Starting a blocking GC Explicit
08-05 02:30:17.530  2110  2123 I art     : Explicit concurrent mark sweep GC freed 3(96B) AllocSpace objects, 0(0B) LOS objects, 29% free, 38MB/54MB, paused 1.071ms total 34.242ms
08-05 02:30:17.746  2110  3092 E baseline.com.newsblur.network.APIResponse: Error (unexpected end of stream on https://www.newsblur.com/...) calling https://www.newsblur.com/reader/mark_story_hashes_as_read/
08-05 02:30:17.746  2110  3092 E baseline.com.newsblur.network.APIResponse: java.io.IOException: unexpected end of stream on https://www.newsblur.com/...
08-05 02:30:17.746  2110  3092 E baseline.com.newsblur.network.APIResponse: 	at okhttp3.internal.http1.Http1ExchangeCodec.readResponseHeaders(Http1ExchangeCodec.java:236)
08-05 02:30:17.746  2110  3092 E baseline.com.newsblur.network.APIResponse: 	at okhttp3.internal.connection.Exchange.readResponseHeaders(Exchange.java:115)
08-05 02:30:17.746  2110  3092 E baseline.com.newsblur.network.APIResponse: 	at okhttp3.internal.http.CallServerInterceptor.intercept(CallServerInterceptor.java:94)
08-05 02:30:17.746  2110  3092 E baseline.com.newsblur.network.APIResponse: 	at okhttp3.internal.http.RealInterceptorChain.proceed(RealInterceptorChain.java:142)
08-05 02:30:17.746  2110  3092 E baseline.com.newsblur.network.APIResponse: 	at okhttp3.internal.connection.ConnectInterceptor.intercept(ConnectInterceptor.java:43)
08-05 02:30:17.746  2110  3092 E baseline.com.newsblur.network.APIResponse: 	at okhttp3.internal.http.RealInterceptorChain.proceed(RealInterceptorChain.java:142)
08-05 02:30:17.746  2110  3092 E baseline.com.newsblur.network.APIResponse: 	at okhttp3.internal.http.RealInterceptorChain.proceed(RealInterceptorChain.java:117)
08-05 02:30:17.746  2110  3092 E baseline.com.newsblur.network.APIResponse: 	at okhttp3.internal.cache.CacheInterceptor.intercept(CacheInterceptor.java:94)
08-05 02:30:17.746  2110  3092 E baseline.com.newsblur.network.APIResponse: 	at okhttp3.internal.http.RealInterceptorChain.proceed(RealInterceptorChain.java:142)
08-05 02:30:17.746  2110  3092 E baseline.com.newsblur.network.APIResponse: 	at okhttp3.internal.http.RealInterceptorChain.proceed(RealInterceptorChain.java:117)
08-05 02:30:17.746  2110  3092 E baseline.com.newsblur.network.APIResponse: 	at okhttp3.internal.http.BridgeInterceptor.intercept(BridgeInterceptor.java:93)
08-05 02:30:17.746  2110  3092 E baseline.com.newsblur.network.APIResponse: 	at okhttp3.internal.http.RealInterceptorChain.proceed(RealInterceptorChain.java:142)
08-05 02:30:17.746  2110  3092 E baseline.com.newsblur.network.APIResponse: 	at okhttp3.internal.http.RetryAndFollowUpInterceptor.intercept(RetryAndFollowUpInterceptor.java:88)
08-05 02:30:17.746  2110  3092 E baseline.com.newsblur.network.APIResponse: 	at okhttp3.internal.http.RealInterceptorChain.proceed(RealInterceptorChain.java:142)
08-05 02:30:17.746  2110  3092 E baseline.com.newsblur.network.APIResponse: 	at okhttp3.internal.http.RealInterceptorChain.proceed(RealInterceptorChain.java:117)
08-05 02:30:17.746  2110  3092 E baseline.com.newsblur.network.APIResponse: 	at okhttp3.RealCall.getResponseWithInterceptorChain(RealCall.java:229)
08-05 02:30:17.746  2110  3092 E baseline.com.newsblur.network.APIResponse: 	at okhttp3.RealCall.execute(RealCall.java:81)
08-05 02:30:17.746  2110  3092 E baseline.com.newsblur.network.APIResponse: 	at baseline.com.newsblur.network.APIResponse.<init>(APIResponse.java:57)
08-05 02:30:17.746  2110  3092 E baseline.com.newsblur.network.APIResponse: 	at baseline.com.newsblur.network.APIResponse.<init>(APIResponse.java:43)
08-05 02:30:17.746  2110  3092 E baseline.com.newsblur.network.APIResponse: 	at baseline.com.newsblur.network.APIManager.post_single(APIManager.java:702)
08-05 02:30:17.746  2110  3092 E baseline.com.newsblur.network.APIResponse: 	at baseline.com.newsblur.network.APIManager.post(APIManager.java:675)
08-05 02:30:17.746  2110  3092 E baseline.com.newsblur.network.APIResponse: 	at baseline.com.newsblur.network.APIManager.post(APIManager.java:714)
08-05 02:30:17.746  2110  3092 E baseline.com.newsblur.network.APIResponse: 	at baseline.com.newsblur.network.APIManager.markStoryAsRead(APIManager.java:205)
08-05 02:30:17.746  2110  3092 E baseline.com.newsblur.network.APIResponse: 	at baseline.com.newsblur.util.ReadingAction.doRemote(ReadingAction.java:281)
08-05 02:30:17.746  2110  3092 E baseline.com.newsblur.network.APIResponse: 	at baseline.com.newsblur.service.NBSyncService.syncActions(NBSyncService.java:400)
08-05 02:30:17.746  2110  3092 E baseline.com.newsblur.network.APIResponse: 	at baseline.com.newsblur.service.NBSyncService.doSync(NBSyncService.java:298)
08-05 02:30:17.746  2110  3092 E baseline.com.newsblur.network.APIResponse: 	at baseline.com.newsblur.service.NBSyncService.access$100(NBSyncService.java:67)
08-05 02:30:17.746  2110  3092 E baseline.com.newsblur.network.APIResponse: 	at baseline.com.newsblur.service.NBSyncService$1.run(NBSyncService.java:188)
08-05 02:30:17.746  2110  3092 E baseline.com.newsblur.network.APIResponse: 	at java.util.concurrent.ThreadPoolExecutor.runWorker(ThreadPoolExecutor.java:1113)
08-05 02:30:17.746  2110  3092 E baseline.com.newsblur.network.APIResponse: 	at java.util.concurrent.ThreadPoolExecutor$Worker.run(ThreadPoolExecutor.java:588)
08-05 02:30:17.746  2110  3092 E baseline.com.newsblur.network.APIResponse: 	at java.lang.Thread.run(Thread.java:818)
08-05 02:30:17.746  2110  3092 E baseline.com.newsblur.network.APIResponse: Caused by: java.io.EOFException: \n not found: limit=0 content=
08-05 02:30:17.746  2110  3092 E baseline.com.newsblur.network.APIResponse: 	at okio.RealBufferedSource.readUtf8LineStrict(RealBufferedSource.java:240)
08-05 02:30:17.746  2110  3092 E baseline.com.newsblur.network.APIResponse: 	at okhttp3.internal.http1.Http1ExchangeCodec.readHeaderLine(Http1ExchangeCodec.java:242)
08-05 02:30:17.746  2110  3092 E baseline.com.newsblur.network.APIResponse: 	at okhttp3.internal.http1.Http1ExchangeCodec.readResponseHeaders(Http1ExchangeCodec.java:213)
08-05 02:30:17.746  2110  3092 E baseline.com.newsblur.network.APIResponse: 	... 30 more
08-05 02:30:17.748  2110  3092 I baseline.com.newsblur.network.APIManager: API call failed, pausing before retry number 2
08-05 02:30:17.874  2110  2122 I art     : Starting a blocking GC Explicit
08-05 02:30:17.917  2110  2122 I art     : Explicit concurrent mark sweep GC freed 3955(357KB) AllocSpace objects, 3(60KB) LOS objects, 29% free, 38MB/54MB, paused 1.091ms total 42.724ms
08-05 02:30:17.930  2110  2122 I art     : Starting a blocking GC Explicit
08-05 02:30:17.968  2110  2122 I art     : Explicit concurrent mark sweep GC freed 119(4KB) AllocSpace objects, 0(0B) LOS objects, 29% free, 38MB/54MB, paused 1.103ms total 37.183ms
08-05 02:30:17.978  2110  2122 I art     : Starting a blocking GC Explicit
08-05 02:30:18.015  2110  2122 I art     : Explicit concurrent mark sweep GC freed 3(96B) AllocSpace objects, 0(0B) LOS objects, 29% free, 38MB/54MB, paused 1.032ms total 36.994ms
08-05 02:30:18.026  2110  2122 I art     : Starting a blocking GC Explicit
08-05 02:30:18.064  2110  2122 I art     : Explicit concurrent mark sweep GC freed 3(96B) AllocSpace objects, 0(0B) LOS objects, 29% free, 38MB/54MB, paused 1.056ms total 37.974ms
08-05 02:30:18.074  2110  2122 I art     : Starting a blocking GC Explicit
08-05 02:30:18.112  2110  2122 I art     : Explicit concurrent mark sweep GC freed 3(96B) AllocSpace objects, 0(0B) LOS objects, 29% free, 38MB/54MB, paused 1.036ms total 38.031ms
08-05 02:30:18.366   918  3261 D WifiStateMachine: starting scan for "H369AA63323"WPA_PSK with 2412,5180
08-05 02:30:18.483  2110  2366 I art     : Starting a blocking GC Explicit
08-05 02:30:18.523  2110  2366 I art     : Explicit concurrent mark sweep GC freed 1443(83KB) AllocSpace objects, 1(20KB) LOS objects, 29% free, 38MB/54MB, paused 1.075ms total 39.654ms
08-05 02:30:18.535  2110  2366 I art     : Starting a blocking GC Explicit
08-05 02:30:18.573  2110  2366 I art     : Explicit concurrent mark sweep GC freed 22(784B) AllocSpace objects, 0(0B) LOS objects, 29% free, 38MB/54MB, paused 1.059ms total 37.785ms
08-05 02:30:18.583  2110  2366 I art     : Starting a blocking GC Explicit
08-05 02:30:18.621  2110  2366 I art     : Explicit concurrent mark sweep GC freed 3(96B) AllocSpace objects, 0(0B) LOS objects, 29% free, 38MB/54MB, paused 1.051ms total 37.812ms
08-05 02:30:18.631  2110  2366 I art     : Starting a blocking GC Explicit
08-05 02:30:18.670  2110  2366 I art     : Explicit concurrent mark sweep GC freed 3(96B) AllocSpace objects, 0(0B) LOS objects, 29% free, 38MB/54MB, paused 1.112ms total 38.702ms
08-05 02:30:18.681  2110  2366 I art     : Starting a blocking GC Explicit
08-05 02:30:18.720  2110  2366 I art     : Explicit concurrent mark sweep GC freed 3(96B) AllocSpace objects, 0(0B) LOS objects, 29% free, 38MB/54MB, paused 1.060ms total 38.951ms
08-05 02:30:19.075  2110  2687 I art     : Starting a blocking GC Explicit
08-05 02:30:19.118  2110  2687 I art     : Explicit concurrent mark sweep GC freed 1444(83KB) AllocSpace objects, 1(20KB) LOS objects, 29% free, 38MB/54MB, paused 1.088ms total 42.465ms
08-05 02:30:19.128  2110  2687 I art     : Starting a blocking GC Explicit
08-05 02:30:19.165  2110  2687 I art     : Explicit concurrent mark sweep GC freed 22(784B) AllocSpace objects, 0(0B) LOS objects, 29% free, 38MB/54MB, paused 1.022ms total 37.199ms
08-05 02:30:19.176  2110  2687 I art     : Starting a blocking GC Explicit
08-05 02:30:19.214  2110  2687 I art     : Explicit concurrent mark sweep GC freed 3(96B) AllocSpace objects, 0(0B) LOS objects, 29% free, 38MB/54MB, paused 1.091ms total 37.825ms
08-05 02:30:19.224  2110  2687 I art     : Starting a blocking GC Explicit
08-05 02:30:19.262  2110  2687 I art     : Explicit concurrent mark sweep GC freed 3(96B) AllocSpace objects, 0(0B) LOS objects, 29% free, 38MB/54MB, paused 1.069ms total 37.617ms
08-05 02:30:19.272  2110  2687 I art     : Starting a blocking GC Explicit
08-05 02:30:19.310  2110  2687 I art     : Explicit concurrent mark sweep GC freed 3(96B) AllocSpace objects, 0(0B) LOS objects, 29% free, 38MB/54MB, paused 1.090ms total 38.104ms
08-05 02:30:19.678  2110  2123 I art     : Starting a blocking GC Explicit
08-05 02:30:19.719  2110  2123 I art     : Explicit concurrent mark sweep GC freed 1444(83KB) AllocSpace objects, 1(20KB) LOS objects, 29% free, 38MB/54MB, paused 1.132ms total 40.430ms
08-05 02:30:19.730  2110  2123 I art     : Starting a blocking GC Explicit
08-05 02:30:19.768  2110  2123 I art     : Explicit concurrent mark sweep GC freed 22(784B) AllocSpace objects, 0(0B) LOS objects, 29% free, 38MB/54MB, paused 1.059ms total 37.715ms
08-05 02:30:19.778  2110  2123 I art     : Starting a blocking GC Explicit
08-05 02:30:19.818  2110  2123 I art     : Explicit concurrent mark sweep GC freed 3(96B) AllocSpace objects, 0(0B) LOS objects, 29% free, 38MB/54MB, paused 1.174ms total 39.470ms
08-05 02:30:19.829  2110  2123 I art     : Starting a blocking GC Explicit
08-05 02:30:19.868  2110  2123 I art     : Explicit concurrent mark sweep GC freed 3(96B) AllocSpace objects, 0(0B) LOS objects, 29% free, 38MB/54MB, paused 1.091ms total 39.160ms
08-05 02:30:19.879  2110  2123 I art     : Starting a blocking GC Explicit
08-05 02:30:19.918  2110  2123 I art     : Explicit concurrent mark sweep GC freed 3(96B) AllocSpace objects, 0(0B) LOS objects, 29% free, 38MB/54MB, paused 1.108ms total 39.049ms
08-05 02:30:20.229  2110  2122 I art     : Starting a blocking GC Explicit
08-05 02:30:20.269  2110  2122 I art     : Explicit concurrent mark sweep GC freed 1442(83KB) AllocSpace objects, 1(20KB) LOS objects, 29% free, 38MB/54MB, paused 1.110ms total 39.134ms
08-05 02:30:20.279  2110  2122 I art     : Starting a blocking GC Explicit
08-05 02:30:20.317  2110  2122 I art     : Explicit concurrent mark sweep GC freed 22(784B) AllocSpace objects, 0(0B) LOS objects, 29% free, 38MB/54MB, paused 1.148ms total 37.419ms
08-05 02:30:20.328  2110  2122 I art     : Starting a blocking GC Explicit
08-05 02:30:20.364  2110  2122 I art     : Explicit concurrent mark sweep GC freed 3(96B) AllocSpace objects, 0(0B) LOS objects, 29% free, 38MB/54MB, paused 1.034ms total 36.579ms
08-05 02:30:20.374  2110  2122 I art     : Starting a blocking GC Explicit
08-05 02:30:20.412  2110  2122 I art     : Explicit concurrent mark sweep GC freed 3(96B) AllocSpace objects, 0(0B) LOS objects, 29% free, 38MB/54MB, paused 1.180ms total 37.886ms
08-05 02:30:20.423  2110  2122 I art     : Starting a blocking GC Explicit
08-05 02:30:20.460  2110  2122 I art     : Explicit concurrent mark sweep GC freed 3(96B) AllocSpace objects, 0(0B) LOS objects, 29% free, 38MB/54MB, paused 1.116ms total 36.979ms
08-05 02:30:20.467  3614  3614 D AndroidRuntime: >>>>>> START com.android.internal.os.RuntimeInit uid 2000 <<<<<<
08-05 02:30:20.472  3614  3614 D AndroidRuntime: CheckJNI is OFF
08-05 02:30:20.505  3614  3614 D ICU     : No timezone override file found: /data/misc/zoneinfo/current/icu/icu_tzdata.dat
08-05 02:30:20.542  3614  3614 I Radio-JNI: register_android_hardware_Radio DONE
08-05 02:30:20.564  3614  3614 D AndroidRuntime: Calling main entry com.android.commands.input.Input
08-05 02:30:20.566  3614  3614 I Input   : injectKeyEvent: KeyEvent { action=ACTION_DOWN, keyCode=KEYCODE_BACK, scanCode=0, metaState=0, flags=0x0, repeatCount=0, eventTime=757836979, downTime=757836979, deviceId=-1, source=0x101 }
08-05 02:30:20.572  3614  3614 I Input   : injectKeyEvent: KeyEvent { action=ACTION_UP, keyCode=KEYCODE_BACK, scanCode=0, metaState=0, flags=0x0, repeatCount=0, eventTime=757836979, downTime=757836979, deviceId=-1, source=0x101 }
08-05 02:30:20.578  3614  3614 D AndroidRuntime: Shutting down VM
08-05 02:30:20.713 13866 13866 I GoogleInputMethodServic: GoogleInputMethodService.onFinishInput():3138 
08-05 02:30:20.713 13866 13866 I GoogleInputMethodServic: GoogleInputMethodService.onStartInput():1808 
08-05 02:30:20.745  2110  2366 I art     : Starting a blocking GC Explicit
08-05 02:30:20.786  2110  2366 I art     : Explicit concurrent mark sweep GC freed 3214(252KB) AllocSpace objects, 5(100KB) LOS objects, 29% free, 38MB/54MB, paused 1.127ms total 40.708ms
08-05 02:30:20.796  2110  2366 I art     : Starting a blocking GC Explicit
08-05 02:30:20.830  2110  2366 I art     : Explicit concurrent mark sweep GC freed 195(9KB) AllocSpace objects, 1(28KB) LOS objects, 29% free, 38MB/54MB, paused 1.048ms total 33.397ms
08-05 02:30:20.839  2110  2366 I art     : Starting a blocking GC Explicit
08-05 02:30:20.878  2110  2366 I art     : Explicit concurrent mark sweep GC freed 68(4KB) AllocSpace objects, 0(0B) LOS objects, 29% free, 38MB/54MB, paused 1.095ms total 38.729ms
08-05 02:30:20.891  2110  2366 I art     : Starting a blocking GC Explicit
08-05 02:30:20.934  2110  2366 I art     : Explicit concurrent mark sweep GC freed 12(1408B) AllocSpace objects, 0(0B) LOS objects, 29% free, 38MB/54MB, paused 1.267ms total 42.978ms
08-05 02:30:20.935  2110  2121 I art     : WaitForGcToComplete blocked for 34.838ms for cause HeapTrim
08-05 02:30:20.946  2110  2366 I art     : Starting a blocking GC Explicit
08-05 02:30:20.992  2110  2366 I art     : Explicit concurrent mark sweep GC freed 3(96B) AllocSpace objects, 0(0B) LOS objects, 29% free, 38MB/54MB, paused 1.164ms total 46.386ms
08-05 02:30:21.322  2110  3092 E baseline.com.newsblur.network.APIResponse: Error (unexpected end of stream on https://www.newsblur.com/...) calling https://www.newsblur.com/reader/mark_story_hashes_as_read/
08-05 02:30:21.322  2110  3092 E baseline.com.newsblur.network.APIResponse: java.io.IOException: unexpected end of stream on https://www.newsblur.com/...
08-05 02:30:21.322  2110  3092 E baseline.com.newsblur.network.APIResponse: 	at okhttp3.internal.http1.Http1ExchangeCodec.readResponseHeaders(Http1ExchangeCodec.java:236)
08-05 02:30:21.322  2110  3092 E baseline.com.newsblur.network.APIResponse: 	at okhttp3.internal.connection.Exchange.readResponseHeaders(Exchange.java:115)
08-05 02:30:21.322  2110  3092 E baseline.com.newsblur.network.APIResponse: 	at okhttp3.internal.http.CallServerInterceptor.intercept(CallServerInterceptor.java:94)
08-05 02:30:21.322  2110  3092 E baseline.com.newsblur.network.APIResponse: 	at okhttp3.internal.http.RealInterceptorChain.proceed(RealInterceptorChain.java:142)
08-05 02:30:21.322  2110  3092 E baseline.com.newsblur.network.APIResponse: 	at okhttp3.internal.connection.ConnectInterceptor.intercept(ConnectInterceptor.java:43)
08-05 02:30:21.322  2110  3092 E baseline.com.newsblur.network.APIResponse: 	at okhttp3.internal.http.RealInterceptorChain.proceed(RealInterceptorChain.java:142)
08-05 02:30:21.322  2110  3092 E baseline.com.newsblur.network.APIResponse: 	at okhttp3.internal.http.RealInterceptorChain.proceed(RealInterceptorChain.java:117)
08-05 02:30:21.322  2110  3092 E baseline.com.newsblur.network.APIResponse: 	at okhttp3.internal.cache.CacheInterceptor.intercept(CacheInterceptor.java:94)
08-05 02:30:21.322  2110  3092 E baseline.com.newsblur.network.APIResponse: 	at okhttp3.internal.http.RealInterceptorChain.proceed(RealInterceptorChain.java:142)
08-05 02:30:21.322  2110  3092 E baseline.com.newsblur.network.APIResponse: 	at okhttp3.internal.http.RealInterceptorChain.proceed(RealInterceptorChain.java:117)
08-05 02:30:21.322  2110  3092 E baseline.com.newsblur.network.APIResponse: 	at okhttp3.internal.http.BridgeInterceptor.intercept(BridgeInterceptor.java:93)
08-05 02:30:21.322  2110  3092 E baseline.com.newsblur.network.APIResponse: 	at okhttp3.internal.http.RealInterceptorChain.proceed(RealInterceptorChain.java:142)
08-05 02:30:21.322  2110  3092 E baseline.com.newsblur.network.APIResponse: 	at okhttp3.internal.http.RetryAndFollowUpInterceptor.intercept(RetryAndFollowUpInterceptor.java:88)
08-05 02:30:21.322  2110  3092 E baseline.com.newsblur.network.APIResponse: 	at okhttp3.internal.http.RealInterceptorChain.proceed(RealInterceptorChain.java:142)
08-05 02:30:21.322  2110  3092 E baseline.com.newsblur.network.APIResponse: 	at okhttp3.internal.http.RealInterceptorChain.proceed(RealInterceptorChain.java:117)
08-05 02:30:21.322  2110  3092 E baseline.com.newsblur.network.APIResponse: 	at okhttp3.RealCall.getResponseWithInterceptorChain(RealCall.java:229)
08-05 02:30:21.322  2110  3092 E baseline.com.newsblur.network.APIResponse: 	at okhttp3.RealCall.execute(RealCall.java:81)
08-05 02:30:21.322  2110  3092 E baseline.com.newsblur.network.APIResponse: 	at baseline.com.newsblur.network.APIResponse.<init>(APIResponse.java:57)
08-05 02:30:21.322  2110  3092 E baseline.com.newsblur.network.APIResponse: 	at baseline.com.newsblur.network.APIResponse.<init>(APIResponse.java:43)
08-05 02:30:21.322  2110  3092 E baseline.com.newsblur.network.APIResponse: 	at baseline.com.newsblur.network.APIManager.post_single(APIManager.java:702)
08-05 02:30:21.322  2110  3092 E baseline.com.newsblur.network.APIResponse: 	at baseline.com.newsblur.network.APIManager.post(APIManager.java:675)
08-05 02:30:21.322  2110  3092 E baseline.com.newsblur.network.APIResponse: 	at baseline.com.newsblur.network.APIManager.post(APIManager.java:714)
08-05 02:30:21.322  2110  3092 E baseline.com.newsblur.network.APIResponse: 	at baseline.com.newsblur.network.APIManager.markStoryAsRead(APIManager.java:205)
08-05 02:30:21.322  2110  3092 E baseline.com.newsblur.network.APIResponse: 	at baseline.com.newsblur.util.ReadingAction.doRemote(ReadingAction.java:281)
08-05 02:30:21.322  2110  3092 E baseline.com.newsblur.network.APIResponse: 	at baseline.com.newsblur.service.NBSyncService.syncActions(NBSyncService.java:400)
08-05 02:30:21.322  2110  3092 E baseline.com.newsblur.network.APIResponse: 	at baseline.com.newsblur.service.NBSyncService.doSync(NBSyncService.java:298)
08-05 02:30:21.322  2110  3092 E baseline.com.newsblur.network.APIResponse: 	at baseline.com.newsblur.service.NBSyncService.access$100(NBSyncService.java:67)
08-05 02:30:21.322  2110  3092 E baseline.com.newsblur.network.APIResponse: 	at baseline.com.newsblur.service.NBSyncService$1.run(NBSyncService.java:188)
08-05 02:30:21.322  2110  3092 E baseline.com.newsblur.network.APIResponse: 	at java.util.concurrent.ThreadPoolExecutor.runWorker(ThreadPoolExecutor.java:1113)
08-05 02:30:21.322  2110  3092 E baseline.com.newsblur.network.APIResponse: 	at java.util.concurrent.ThreadPoolExecutor$Worker.run(ThreadPoolExecutor.java:588)
08-05 02:30:21.322  2110  3092 E baseline.com.newsblur.network.APIResponse: 	at java.lang.Thread.run(Thread.java:818)
08-05 02:30:21.322  2110  3092 E baseline.com.newsblur.network.APIResponse: Caused by: java.io.EOFException: \n not found: limit=0 content=
08-05 02:30:21.322  2110  3092 E baseline.com.newsblur.network.APIResponse: 	at okio.RealBufferedSource.readUtf8LineStrict(RealBufferedSource.java:240)
08-05 02:30:21.322  2110  3092 E baseline.com.newsblur.network.APIResponse: 	at okhttp3.internal.http1.Http1ExchangeCodec.readHeaderLine(Http1ExchangeCodec.java:242)
08-05 02:30:21.322  2110  3092 E baseline.com.newsblur.network.APIResponse: 	at okhttp3.internal.http1.Http1ExchangeCodec.readResponseHeaders(Http1ExchangeCodec.java:213)
08-05 02:30:21.322  2110  3092 E baseline.com.newsblur.network.APIResponse: 	... 30 more
08-05 02:30:21.323  2110  3092 I baseline.com.newsblur.service.NBSyncService: Holding reading action with server-side or network error.
08-05 02:30:21.329  2110  2687 I art     : Starting a blocking GC Explicit
08-05 02:30:21.337  2110  3092 W baseline.com.newsblur.service.NBSyncService: hard API failure
08-05 02:30:21.372  2110  2687 I art     : Explicit concurrent mark sweep GC freed 5875(514KB) AllocSpace objects, 7(140KB) LOS objects, 29% free, 38MB/54MB, paused 1.174ms total 43.196ms
08-05 02:30:21.383  2110  2687 I art     : Starting a blocking GC Explicit
08-05 02:30:21.419  2110  2687 I art     : Explicit concurrent mark sweep GC freed 341(15KB) AllocSpace objects, 0(0B) LOS objects, 29% free, 38MB/54MB, paused 1.105ms total 35.783ms
08-05 02:30:21.429  2110  2687 I art     : Starting a blocking GC Explicit
08-05 02:30:21.469  2110  2687 I art     : Explicit concurrent mark sweep GC freed 29(1008B) AllocSpace objects, 0(0B) LOS objects, 29% free, 38MB/54MB, paused 1.048ms total 39.470ms
08-05 02:30:21.481  2110  2687 I art     : Starting a blocking GC Explicit
08-05 02:30:21.522  2110  2687 I art     : Explicit concurrent mark sweep GC freed 9(288B) AllocSpace objects, 0(0B) LOS objects, 29% free, 38MB/54MB, paused 1.434ms total 41.656ms
08-05 02:30:21.533  2110  2687 I art     : Starting a blocking GC Explicit
08-05 02:30:21.575  2110  2687 I art     : Explicit concurrent mark sweep GC freed 9(288B) AllocSpace objects, 0(0B) LOS objects, 29% free, 38MB/54MB, paused 1.111ms total 41.339ms
08-05 02:30:21.732  2110  3092 E baseline.com.newsblur.network.APIResponse: Error (unexpected end of stream on https://www.newsblur.com/...) calling https://www.newsblur.com/reader/mark_story_hashes_as_read/
08-05 02:30:21.732  2110  3092 E baseline.com.newsblur.network.APIResponse: java.io.IOException: unexpected end of stream on https://www.newsblur.com/...
08-05 02:30:21.732  2110  3092 E baseline.com.newsblur.network.APIResponse: 	at okhttp3.internal.http1.Http1ExchangeCodec.readResponseHeaders(Http1ExchangeCodec.java:236)
08-05 02:30:21.732  2110  3092 E baseline.com.newsblur.network.APIResponse: 	at okhttp3.internal.connection.Exchange.readResponseHeaders(Exchange.java:115)
08-05 02:30:21.732  2110  3092 E baseline.com.newsblur.network.APIResponse: 	at okhttp3.internal.http.CallServerInterceptor.intercept(CallServerInterceptor.java:94)
08-05 02:30:21.732  2110  3092 E baseline.com.newsblur.network.APIResponse: 	at okhttp3.internal.http.RealInterceptorChain.proceed(RealInterceptorChain.java:142)
08-05 02:30:21.732  2110  3092 E baseline.com.newsblur.network.APIResponse: 	at okhttp3.internal.connection.ConnectInterceptor.intercept(ConnectInterceptor.java:43)
08-05 02:30:21.732  2110  3092 E baseline.com.newsblur.network.APIResponse: 	at okhttp3.internal.http.RealInterceptorChain.proceed(RealInterceptorChain.java:142)
08-05 02:30:21.732  2110  3092 E baseline.com.newsblur.network.APIResponse: 	at okhttp3.internal.http.RealInterceptorChain.proceed(RealInterceptorChain.java:117)
08-05 02:30:21.732  2110  3092 E baseline.com.newsblur.network.APIResponse: 	at okhttp3.internal.cache.CacheInterceptor.intercept(CacheInterceptor.java:94)
08-05 02:30:21.732  2110  3092 E baseline.com.newsblur.network.APIResponse: 	at okhttp3.internal.http.RealInterceptorChain.proceed(RealInterceptorChain.java:142)
08-05 02:30:21.732  2110  3092 E baseline.com.newsblur.network.APIResponse: 	at okhttp3.internal.http.RealInterceptorChain.proceed(RealInterceptorChain.java:117)
08-05 02:30:21.732  2110  3092 E baseline.com.newsblur.network.APIResponse: 	at okhttp3.internal.http.BridgeInterceptor.intercept(BridgeInterceptor.java:93)
08-05 02:30:21.732  2110  3092 E baseline.com.newsblur.network.APIResponse: 	at okhttp3.internal.http.RealInterceptorChain.proceed(RealInterceptorChain.java:142)
08-05 02:30:21.732  2110  3092 E baseline.com.newsblur.network.APIResponse: 	at okhttp3.internal.http.RetryAndFollowUpInterceptor.intercept(RetryAndFollowUpInterceptor.java:88)
08-05 02:30:21.732  2110  3092 E baseline.com.newsblur.network.APIResponse: 	at okhttp3.internal.http.RealInterceptorChain.proceed(RealInterceptorChain.java:142)
08-05 02:30:21.732  2110  3092 E baseline.com.newsblur.network.APIResponse: 	at okhttp3.internal.http.RealInterceptorChain.proceed(RealInterceptorChain.java:117)
08-05 02:30:21.732  2110  3092 E baseline.com.newsblur.network.APIResponse: 	at okhttp3.RealCall.getResponseWithInterceptorChain(RealCall.java:229)
08-05 02:30:21.732  2110  3092 E baseline.com.newsblur.network.APIResponse: 	at okhttp3.RealCall.execute(RealCall.java:81)
08-05 02:30:21.732  2110  3092 E baseline.com.newsblur.network.APIResponse: 	at baseline.com.newsblur.network.APIResponse.<init>(APIResponse.java:57)
08-05 02:30:21.732  2110  3092 E baseline.com.newsblur.network.APIResponse: 	at baseline.com.newsblur.network.APIResponse.<init>(APIResponse.java:43)
08-05 02:30:21.732  2110  3092 E baseline.com.newsblur.network.APIResponse: 	at baseline.com.newsblur.network.APIManager.post_single(APIManager.java:702)
08-05 02:30:21.732  2110  3092 E baseline.com.newsblur.network.APIResponse: 	at baseline.com.newsblur.network.APIManager.post(APIManager.java:675)
08-05 02:30:21.732  2110  3092 E baseline.com.newsblur.network.APIResponse: 	at baseline.com.newsblur.network.APIManager.post(APIManager.java:714)
08-05 02:30:21.732  2110  3092 E baseline.com.newsblur.network.APIResponse: 	at baseline.com.newsblur.network.APIManager.markStoryAsRead(APIManager.java:205)
08-05 02:30:21.732  2110  3092 E baseline.com.newsblur.network.APIResponse: 	at baseline.com.newsblur.util.ReadingAction.doRemote(ReadingAction.java:281)
08-05 02:30:21.732  2110  3092 E baseline.com.newsblur.network.APIResponse: 	at baseline.com.newsblur.service.NBSyncService.syncActions(NBSyncService.java:400)
08-05 02:30:21.732  2110  3092 E baseline.com.newsblur.network.APIResponse: 	at baseline.com.newsblur.service.NBSyncService.doSync(NBSyncService.java:298)
08-05 02:30:21.732  2110  3092 E baseline.com.newsblur.network.APIResponse: 	at baseline.com.newsblur.service.NBSyncService.access$100(NBSyncService.java:67)
08-05 02:30:21.732  2110  3092 E baseline.com.newsblur.network.APIResponse: 	at baseline.com.newsblur.service.NBSyncService$1.run(NBSyncService.java:188)
08-05 02:30:21.732  2110  3092 E baseline.com.newsblur.network.APIResponse: 	at java.util.concurrent.ThreadPoolExecutor.runWorker(ThreadPoolExecutor.java:1113)
08-05 02:30:21.732  2110  3092 E baseline.com.newsblur.network.APIResponse: 	at java.util.concurrent.ThreadPoolExecutor$Worker.run(ThreadPoolExecutor.java:588)
08-05 02:30:21.732  2110  3092 E baseline.com.newsblur.network.APIResponse: 	at java.lang.Thread.run(Thread.java:818)
08-05 02:30:21.732  2110  3092 E baseline.com.newsblur.network.APIResponse: Caused by: java.io.EOFException: \n not found: limit=0 content=
08-05 02:30:21.732  2110  3092 E baseline.com.newsblur.network.APIResponse: 	at okio.RealBufferedSource.readUtf8LineStrict(RealBufferedSource.java:240)
08-05 02:30:21.732  2110  3092 E baseline.com.newsblur.network.APIResponse: 	at okhttp3.internal.http1.Http1ExchangeCodec.readHeaderLine(Http1ExchangeCodec.java:242)
08-05 02:30:21.732  2110  3092 E baseline.com.newsblur.network.APIResponse: 	at okhttp3.internal.http1.Http1ExchangeCodec.readResponseHeaders(Http1ExchangeCodec.java:213)
08-05 02:30:21.732  2110  3092 E baseline.com.newsblur.network.APIResponse: 	... 30 more
08-05 02:30:21.733  2110  3092 I baseline.com.newsblur.network.APIManager: API call failed, pausing before retry number 1
08-05 02:30:21.905  2110  2687 I art     : Starting a blocking GC Explicit
08-05 02:30:21.951  2110  2687 I art     : Explicit concurrent mark sweep GC freed 3999(358KB) AllocSpace objects, 3(60KB) LOS objects, 29% free, 38MB/54MB, paused 1.047ms total 46.033ms
08-05 02:30:21.964  2110  2687 I art     : Starting a blocking GC Explicit
08-05 02:30:22.005  2110  2687 I art     : Explicit concurrent mark sweep GC freed 126(4KB) AllocSpace objects, 0(0B) LOS objects, 29% free, 38MB/54MB, paused 1.353ms total 41.514ms
08-05 02:30:22.015  2110  2687 I art     : Starting a blocking GC Explicit
08-05 02:30:22.054  2110  2687 I art     : Explicit concurrent mark sweep GC freed 9(288B) AllocSpace objects, 0(0B) LOS objects, 29% free, 38MB/54MB, paused 1.134ms total 38.325ms
08-05 02:30:22.064  2110  2687 I art     : Starting a blocking GC Explicit
08-05 02:30:22.101  2110  2687 I art     : Explicit concurrent mark sweep GC freed 9(288B) AllocSpace objects, 0(0B) LOS objects, 29% free, 38MB/54MB, paused 1.044ms total 36.918ms
08-05 02:30:22.113  2110  2687 I art     : Starting a blocking GC Explicit
08-05 02:30:22.150  2110  2687 I art     : Explicit concurrent mark sweep GC freed 7(224B) AllocSpace objects, 0(0B) LOS objects, 29% free, 38MB/54MB, paused 973us total 37.032ms
08-05 02:30:22.240  3672  3672 D AndroidRuntime: >>>>>> START com.android.internal.os.RuntimeInit uid 2000 <<<<<<
08-05 02:30:22.245  3672  3672 D AndroidRuntime: CheckJNI is OFF
08-05 02:30:22.279  3672  3672 D ICU     : No timezone override file found: /data/misc/zoneinfo/current/icu/icu_tzdata.dat
08-05 02:30:22.311  3672  3672 I Radio-JNI: register_android_hardware_Radio DONE
08-05 02:30:22.333  3672  3672 D AndroidRuntime: Calling main entry com.android.commands.input.Input
08-05 02:30:22.335  3672  3672 I Input   : injectKeyEvent: KeyEvent { action=ACTION_DOWN, keyCode=KEYCODE_BACK, scanCode=0, metaState=0, flags=0x0, repeatCount=0, eventTime=757838748, downTime=757838748, deviceId=-1, source=0x101 }
08-05 02:30:22.347  3672  3672 I Input   : injectKeyEvent: KeyEvent { action=ACTION_UP, keyCode=KEYCODE_BACK, scanCode=0, metaState=0, flags=0x0, repeatCount=0, eventTime=757838748, downTime=757838748, deviceId=-1, source=0x101 }
08-05 02:30:22.353  3672  3672 D AndroidRuntime: Shutting down VM
08-05 02:30:22.473  2110  2122 I art     : Starting a blocking GC Explicit
08-05 02:30:22.506 13866 13866 I GoogleInputMethodServic: GoogleInputMethodService.onFinishInput():3138 
08-05 02:30:22.507 13866 13866 I GoogleInputMethodServic: GoogleInputMethodService.onStartInput():1808 
08-05 02:30:22.514  2110  2122 I art     : Explicit concurrent mark sweep GC freed 9504(654KB) AllocSpace objects, 13(260KB) LOS objects, 29% free, 38MB/54MB, paused 1.508ms total 41.102ms
08-05 02:30:22.525  2110  2122 I art     : Starting a blocking GC Explicit
08-05 02:30:22.568  2110  2122 I art     : Explicit concurrent mark sweep GC freed 394(16KB) AllocSpace objects, 0(0B) LOS objects, 29% free, 38MB/54MB, paused 1.359ms total 43.431ms
08-05 02:30:22.581  2110  2122 I art     : Starting a blocking GC Explicit
08-05 02:30:22.614  2110  2122 I art     : Explicit concurrent mark sweep GC freed 131(5KB) AllocSpace objects, 0(0B) LOS objects, 29% free, 38MB/54MB, paused 944us total 33.427ms
08-05 02:30:22.624  2110  2122 I art     : Starting a blocking GC Explicit
08-05 02:30:22.658  2110  2122 I art     : Explicit concurrent mark sweep GC freed 3(96B) AllocSpace objects, 0(0B) LOS objects, 29% free, 38MB/54MB, paused 1.019ms total 33.761ms
08-05 02:30:22.668  2110  2122 I art     : Starting a blocking GC Explicit
08-05 02:30:22.700  2110  2122 I art     : Explicit concurrent mark sweep GC freed 3(96B) AllocSpace objects, 0(0B) LOS objects, 29% free, 38MB/54MB, paused 970us total 32.261ms
08-05 02:30:23.014  2110  2123 I art     : Starting a blocking GC Explicit
08-05 02:30:23.051  2110  2123 I art     : Explicit concurrent mark sweep GC freed 1910(103KB) AllocSpace objects, 1(20KB) LOS objects, 29% free, 38MB/54MB, paused 940us total 36.866ms
08-05 02:30:23.062  2110  2123 I art     : Starting a blocking GC Explicit
08-05 02:30:23.097  2110  2123 I art     : Explicit concurrent mark sweep GC freed 163(7KB) AllocSpace objects, 0(0B) LOS objects, 29% free, 38MB/54MB, paused 992us total 34.896ms
08-05 02:30:23.106  2110  2123 I art     : Starting a blocking GC Explicit
08-05 02:30:23.141  2110  2123 I art     : Explicit concurrent mark sweep GC freed 9(288B) AllocSpace objects, 0(0B) LOS objects, 29% free, 38MB/54MB, paused 1.033ms total 34.524ms
08-05 02:30:23.151  2110  2123 I art     : Starting a blocking GC Explicit
08-05 02:30:23.186  2110  2123 I art     : Explicit concurrent mark sweep GC freed 9(288B) AllocSpace objects, 0(0B) LOS objects, 29% free, 38MB/54MB, paused 986us total 34.802ms
08-05 02:30:23.196  2110  2123 I art     : Starting a blocking GC Explicit
08-05 02:30:23.232  2110  2123 I art     : Explicit concurrent mark sweep GC freed 8(256B) AllocSpace objects, 0(0B) LOS objects, 29% free, 38MB/54MB, paused 1.133ms total 35.355ms
08-05 02:30:23.562  2110  2122 I art     : Starting a blocking GC Explicit
08-05 02:30:23.605  2110  2122 I art     : Explicit concurrent mark sweep GC freed 1649(93KB) AllocSpace objects, 1(20KB) LOS objects, 29% free, 38MB/54MB, paused 1.047ms total 42.545ms
08-05 02:30:23.616  2110  2122 I art     : Starting a blocking GC Explicit
08-05 02:30:23.653  2110  2122 I art     : Explicit concurrent mark sweep GC freed 34(1232B) AllocSpace objects, 0(0B) LOS objects, 29% free, 38MB/54MB, paused 1.093ms total 36.717ms
08-05 02:30:23.663  2110  2122 I art     : Starting a blocking GC Explicit
08-05 02:30:23.701  2110  2122 I art     : Explicit concurrent mark sweep GC freed 7(224B) AllocSpace objects, 0(0B) LOS objects, 29% free, 38MB/54MB, paused 1.799ms total 38.040ms
08-05 02:30:23.712  2110  2122 I art     : Starting a blocking GC Explicit
08-05 02:30:23.750  2110  2122 I art     : Explicit concurrent mark sweep GC freed 1663(65KB) AllocSpace objects, 0(0B) LOS objects, 29% free, 38MB/54MB, paused 1.210ms total 37.130ms
08-05 02:30:23.760  2110  2122 I art     : Starting a blocking GC Explicit
08-05 02:30:23.782  2110  3092 E baseline.com.newsblur.network.APIResponse: Error (unexpected end of stream on https://www.newsblur.com/...) calling https://www.newsblur.com/reader/mark_story_hashes_as_read/
08-05 02:30:23.782  2110  3092 E baseline.com.newsblur.network.APIResponse: java.io.IOException: unexpected end of stream on https://www.newsblur.com/...
08-05 02:30:23.782  2110  3092 E baseline.com.newsblur.network.APIResponse: 	at okhttp3.internal.http1.Http1ExchangeCodec.readResponseHeaders(Http1ExchangeCodec.java:236)
08-05 02:30:23.782  2110  3092 E baseline.com.newsblur.network.APIResponse: 	at okhttp3.internal.connection.Exchange.readResponseHeaders(Exchange.java:115)
08-05 02:30:23.782  2110  3092 E baseline.com.newsblur.network.APIResponse: 	at okhttp3.internal.http.CallServerInterceptor.intercept(CallServerInterceptor.java:94)
08-05 02:30:23.782  2110  3092 E baseline.com.newsblur.network.APIResponse: 	at okhttp3.internal.http.RealInterceptorChain.proceed(RealInterceptorChain.java:142)
08-05 02:30:23.782  2110  3092 E baseline.com.newsblur.network.APIResponse: 	at okhttp3.internal.connection.ConnectInterceptor.intercept(ConnectInterceptor.java:43)
08-05 02:30:23.782  2110  3092 E baseline.com.newsblur.network.APIResponse: 	at okhttp3.internal.http.RealInterceptorChain.proceed(RealInterceptorChain.java:142)
08-05 02:30:23.782  2110  3092 E baseline.com.newsblur.network.APIResponse: 	at okhttp3.internal.http.RealInterceptorChain.proceed(RealInterceptorChain.java:117)
08-05 02:30:23.782  2110  3092 E baseline.com.newsblur.network.APIResponse: 	at okhttp3.internal.cache.CacheInterceptor.intercept(CacheInterceptor.java:94)
08-05 02:30:23.782  2110  3092 E baseline.com.newsblur.network.APIResponse: 	at okhttp3.internal.http.RealInterceptorChain.proceed(RealInterceptorChain.java:142)
08-05 02:30:23.782  2110  3092 E baseline.com.newsblur.network.APIResponse: 	at okhttp3.internal.http.RealInterceptorChain.proceed(RealInterceptorChain.java:117)
08-05 02:30:23.782  2110  3092 E baseline.com.newsblur.network.APIResponse: 	at okhttp3.internal.http.BridgeInterceptor.intercept(BridgeInterceptor.java:93)
08-05 02:30:23.782  2110  3092 E baseline.com.newsblur.network.APIResponse: 	at okhttp3.internal.http.RealInterceptorChain.proceed(RealInterceptorChain.java:142)
08-05 02:30:23.782  2110  3092 E baseline.com.newsblur.network.APIResponse: 	at okhttp3.internal.http.RetryAndFollowUpInterceptor.intercept(RetryAndFollowUpInterceptor.java:88)
08-05 02:30:23.782  2110  3092 E baseline.com.newsblur.network.APIResponse: 	at okhttp3.internal.http.RealInterceptorChain.proceed(RealInterceptorChain.java:142)
08-05 02:30:23.782  2110  3092 E baseline.com.newsblur.network.APIResponse: 	at okhttp3.internal.http.RealInterceptorChain.proceed(RealInterceptorChain.java:117)
08-05 02:30:23.782  2110  3092 E baseline.com.newsblur.network.APIResponse: 	at okhttp3.RealCall.getResponseWithInterceptorChain(RealCall.java:229)
08-05 02:30:23.782  2110  3092 E baseline.com.newsblur.network.APIResponse: 	at okhttp3.RealCall.execute(RealCall.java:81)
08-05 02:30:23.782  2110  3092 E baseline.com.newsblur.network.APIResponse: 	at baseline.com.newsblur.network.APIResponse.<init>(APIResponse.java:57)
08-05 02:30:23.782  2110  3092 E baseline.com.newsblur.network.APIResponse: 	at baseline.com.newsblur.network.APIResponse.<init>(APIResponse.java:43)
08-05 02:30:23.782  2110  3092 E baseline.com.newsblur.network.APIResponse: 	at baseline.com.newsblur.network.APIManager.post_single(APIManager.java:702)
08-05 02:30:23.782  2110  3092 E baseline.com.newsblur.network.APIResponse: 	at baseline.com.newsblur.network.APIManager.post(APIManager.java:675)
08-05 02:30:23.782  2110  3092 E baseline.com.newsblur.network.APIResponse: 	at baseline.com.newsblur.network.APIManager.post(APIManager.java:714)
08-05 02:30:23.782  2110  3092 E baseline.com.newsblur.network.APIResponse: 	at baseline.com.newsblur.network.APIManager.markStoryAsRead(APIManager.java:205)
08-05 02:30:23.782  2110  3092 E baseline.com.newsblur.network.APIResponse: 	at baseline.com.newsblur.util.ReadingAction.doRemote(ReadingAction.java:281)
08-05 02:30:23.782  2110  3092 E baseline.com.newsblur.network.APIResponse: 	at baseline.com.newsblur.service.NBSyncService.syncActions(NBSyncService.java:400)
08-05 02:30:23.782  2110  3092 E baseline.com.newsblur.network.APIResponse: 	at baseline.com.newsblur.service.NBSyncService.doSync(NBSyncService.java:298)
08-05 02:30:23.782  2110  3092 E baseline.com.newsblur.network.APIResponse: 	at baseline.com.newsblur.service.NBSyncService.access$100(NBSyncService.java:67)
08-05 02:30:23.782  2110  3092 E baseline.com.newsblur.network.APIResponse: 	at baseline.com.newsblur.service.NBSyncService$1.run(NBSyncService.java:188)
08-05 02:30:23.782  2110  3092 E baseline.com.newsblur.network.APIResponse: 	at java.util.concurrent.ThreadPoolExecutor.runWorker(ThreadPoolExecutor.java:1113)
08-05 02:30:23.782  2110  3092 E baseline.com.newsblur.network.APIResponse: 	at java.util.concurrent.ThreadPoolExecutor$Worker.run(ThreadPoolExecutor.java:588)
08-05 02:30:23.782  2110  3092 E baseline.com.newsblur.network.APIResponse: 	at java.lang.Thread.run(Thread.java:818)
08-05 02:30:23.782  2110  3092 E baseline.com.newsblur.network.APIResponse: Caused by: java.io.EOFException: \n not found: limit=0 content=
08-05 02:30:23.782  2110  3092 E baseline.com.newsblur.network.APIResponse: 	at okio.RealBufferedSource.readUtf8LineStrict(RealBufferedSource.java:240)
08-05 02:30:23.782  2110  3092 E baseline.com.newsblur.network.APIResponse: 	at okhttp3.internal.http1.Http1ExchangeCodec.readHeaderLine(Http1ExchangeCodec.java:242)
08-05 02:30:23.782  2110  3092 E baseline.com.newsblur.network.APIResponse: 	at okhttp3.internal.http1.Http1ExchangeCodec.readResponseHeaders(Http1ExchangeCodec.java:213)
08-05 02:30:23.782  2110  3092 E baseline.com.newsblur.network.APIResponse: 	... 30 more
08-05 02:30:23.784  2110  3092 I baseline.com.newsblur.network.APIManager: API call failed, pausing before retry number 2
08-05 02:30:23.795  2110  2122 I art     : Explicit concurrent mark sweep GC freed 831(196KB) AllocSpace objects, 2(40KB) LOS objects, 29% free, 38MB/54MB, paused 1.057ms total 35.401ms
08-05 02:30:23.985  3720  3720 D AndroidRuntime: >>>>>> START com.android.internal.os.RuntimeInit uid 2000 <<<<<<
08-05 02:30:23.990  3720  3720 D AndroidRuntime: CheckJNI is OFF
08-05 02:30:24.024  3720  3720 D ICU     : No timezone override file found: /data/misc/zoneinfo/current/icu/icu_tzdata.dat
08-05 02:30:24.055  3720  3720 I Radio-JNI: register_android_hardware_Radio DONE
08-05 02:30:24.078  3720  3720 D AndroidRuntime: Calling main entry com.android.commands.input.Input
08-05 02:30:24.080  3720  3720 I Input   : injectMotionEvent: MotionEvent { action=ACTION_DOWN, actionButton=0, id[0]=0, x[0]=553.0, y[0]=442.0, toolType[0]=TOOL_TYPE_UNKNOWN, buttonState=0, metaState=0, flags=0x0, edgeFlags=0x0, pointerCount=1, historySize=0, eventTime=757840493, downTime=757840493, deviceId=0, source=0x1002 }
08-05 02:30:24.084  3720  3720 I Input   : injectMotionEvent: MotionEvent { action=ACTION_UP, actionButton=0, id[0]=0, x[0]=553.0, y[0]=442.0, toolType[0]=TOOL_TYPE_UNKNOWN, buttonState=0, metaState=0, flags=0x0, edgeFlags=0x0, pointerCount=1, historySize=0, eventTime=757840493, downTime=757840493, deviceId=0, source=0x1002 }
08-05 02:30:24.085  3720  3720 D AndroidRuntime: Shutting down VM
08-05 02:30:24.094  2110  2122 I art     : Starting a blocking GC Explicit
08-05 02:30:24.135  2110  2122 I art     : Explicit concurrent mark sweep GC freed 1621(101KB) AllocSpace objects, 1(20KB) LOS objects, 29% free, 38MB/54MB, paused 1.179ms total 40.838ms
08-05 02:30:24.145  2110  2122 I art     : Starting a blocking GC Explicit
08-05 02:30:24.153   918  6111 I ActivityManager: START u0 {cmp=baseline.com.newsblur/.activity.AllSharedStoriesItemsList (has extras)} from uid 10676 on display 0
08-05 02:30:24.179  2110  2686 I baseline.com.newsblur.database.BlurDatabaseHelper: reading session reset
08-05 02:30:24.187  2110  2122 I art     : Explicit concurrent mark sweep GC freed 959(117KB) AllocSpace objects, 4(80KB) LOS objects, 29% free, 38MB/54MB, paused 1.589ms total 41.347ms
08-05 02:30:24.198  2110  2122 I art     : Starting a blocking GC Explicit
08-05 02:30:24.236  2110  2122 I art     : Explicit concurrent mark sweep GC freed 1178(94KB) AllocSpace objects, 1(112KB) LOS objects, 29% free, 38MB/54MB, paused 1.179ms total 38.305ms
08-05 02:30:24.246  2110  2122 I art     : Starting a blocking GC Explicit
08-05 02:30:24.283  2110  2122 I art     : Explicit concurrent mark sweep GC freed 142(8KB) AllocSpace objects, 0(0B) LOS objects, 29% free, 38MB/54MB, paused 1.053ms total 36.241ms
08-05 02:30:24.294  2110  2122 I art     : Starting a blocking GC Explicit
08-05 02:30:24.332  2110  2122 I art     : Explicit concurrent mark sweep GC freed 568(44KB) AllocSpace objects, 1(20KB) LOS objects, 29% free, 38MB/54MB, paused 1.019ms total 38.292ms
08-05 02:30:24.350  2110  2110 W View    : requestLayout() improperly called by android.widget.FrameLayout{239078 V.E...... ......ID 0,0-1440,0 #7f07003f app:id/footer_view_inner} during layout: running second layout pass
08-05 02:30:24.350  2110  2110 W View    : requestLayout() improperly called by android.widget.FrameLayout{9f94351 V.E...... ......ID 0,0-1440,2091 #7f07003f app:id/footer_view_inner} during layout: running second layout pass
08-05 02:30:24.365   918   936 I ActivityManager: Displayed baseline.com.newsblur/.activity.AllSharedStoriesItemsList: +199ms
08-05 02:30:24.368 13866 13866 I GoogleInputMethodServic: GoogleInputMethodService.onFinishInput():3138 
08-05 02:30:24.369 13866 13866 I GoogleInputMethodServic: GoogleInputMethodService.onStartInput():1808 
08-05 02:30:24.481  2110  3747 I NAPPA_EXPERIMENTATION: MetricNetworkRequestExecutionTime: REQUEST_DURATION_SYSTEM='68',REQUEST_DURATION_OKHTTP='68',REQUEST_SYNCHRONOUS='TRUE',RESPONSE_CODE='200',RESPONSE_METHOD='GET',RESPONSE_LENGTH_OKHTTP='43',RESPONSE_LENGTH_HEADER='43',REQUEST_PROTOCOL='http/1.1',REQUEST_URL='http://feeds.feedburner.com/~r/retort/~4/UffaFMiJbNs',
08-05 02:30:24.583  2110  2398 I NAPPA_EXPERIMENTATION: MetricNetworkRequestExecutionTime: REQUEST_DURATION_SYSTEM='159',REQUEST_DURATION_OKHTTP='159',REQUEST_SYNCHRONOUS='TRUE',RESPONSE_CODE='200',RESPONSE_METHOD='GET',RESPONSE_LENGTH_OKHTTP='56376',RESPONSE_LENGTH_HEADER='56376',REQUEST_PROTOCOL='h2',REQUEST_URL='https://images.fastcompany.net/image/upload/w_1280,q_auto,f_auto,fl_lossy/wp-cms/uploads/2020/07/p-1-quit-after-covid.jpg',
08-05 02:30:24.605  2110  2122 I art     : Starting a blocking GC Explicit
08-05 02:30:24.643  2110  2122 I art     : Explicit concurrent mark sweep GC freed 4152(315KB) AllocSpace objects, 13(260KB) LOS objects, 26% free, 44MB/60MB, paused 1.202ms total 37.561ms
08-05 02:30:24.652  2110  2122 I art     : Starting a blocking GC Explicit
08-05 02:30:24.688  2110  2122 I art     : Explicit concurrent mark sweep GC freed 350(15KB) AllocSpace objects, 2(3MB) LOS objects, 28% free, 40MB/56MB, paused 1.011ms total 35.700ms
08-05 02:30:24.698  2110  2122 I art     : Starting a blocking GC Explicit
08-05 02:30:24.733  2110  2122 I art     : Explicit concurrent mark sweep GC freed 49(1856B) AllocSpace objects, 0(0B) LOS objects, 28% free, 40MB/56MB, paused 1.025ms total 34.610ms
08-05 02:30:24.742  2110  2122 I art     : Starting a blocking GC Explicit
08-05 02:30:24.778  2110  2122 I art     : Explicit concurrent mark sweep GC freed 38(1648B) AllocSpace objects, 0(0B) LOS objects, 28% free, 40MB/56MB, paused 1.070ms total 35.659ms
08-05 02:30:24.788  2110  2122 I art     : Starting a blocking GC Explicit
08-05 02:30:24.825  2110  2122 I art     : Explicit concurrent mark sweep GC freed 138(5KB) AllocSpace objects, 0(0B) LOS objects, 28% free, 40MB/56MB, paused 1.001ms total 36.354ms
08-05 02:30:24.947   518   646 I ThermalEngine: ACTION: GPU - Setting GPU[0] to 450000000
08-05 02:30:25.163  2110  2687 I art     : Starting a blocking GC Explicit
08-05 02:30:25.214  2110  2687 I art     : Explicit concurrent mark sweep GC freed 1467(83KB) AllocSpace objects, 1(20KB) LOS objects, 28% free, 40MB/56MB, paused 1.476ms total 50.272ms
08-05 02:30:25.228  2110  2687 I art     : Starting a blocking GC Explicit
08-05 02:30:25.277  2110  2687 I art     : Explicit concurrent mark sweep GC freed 26(912B) AllocSpace objects, 0(0B) LOS objects, 28% free, 40MB/56MB, paused 1.448ms total 49.189ms
08-05 02:30:25.290  2110  2687 I art     : Starting a blocking GC Explicit
08-05 02:30:25.340  2110  2687 I art     : Explicit concurrent mark sweep GC freed 7(224B) AllocSpace objects, 0(0B) LOS objects, 28% free, 40MB/56MB, paused 1.506ms total 49.841ms
08-05 02:30:25.354  2110  2687 I art     : Starting a blocking GC Explicit
08-05 02:30:25.402  2110  2687 I art     : Explicit concurrent mark sweep GC freed 7(224B) AllocSpace objects, 0(0B) LOS objects, 28% free, 40MB/56MB, paused 1.403ms total 48.111ms
08-05 02:30:25.415  2110  2687 I art     : Starting a blocking GC Explicit
08-05 02:30:25.465  2110  2687 I art     : Explicit concurrent mark sweep GC freed 6(192B) AllocSpace objects, 0(0B) LOS objects, 28% free, 40MB/56MB, paused 1.465ms total 49.461ms
08-05 02:30:25.835  2110  2366 I art     : Starting a blocking GC Explicit
08-05 02:30:25.886  2110  2366 I art     : Explicit concurrent mark sweep GC freed 1499(84KB) AllocSpace objects, 1(20KB) LOS objects, 28% free, 40MB/56MB, paused 1.585ms total 50.713ms
08-05 02:30:25.900  2110  2366 I art     : Starting a blocking GC Explicit
08-05 02:30:25.951  2110  2366 I art     : Explicit concurrent mark sweep GC freed 26(912B) AllocSpace objects, 0(0B) LOS objects, 28% free, 40MB/56MB, paused 1.402ms total 50.805ms
08-05 02:30:25.964  2110  2366 I art     : Starting a blocking GC Explicit
08-05 02:30:26.013  2110  2366 I art     : Explicit concurrent mark sweep GC freed 7(224B) AllocSpace objects, 0(0B) LOS objects, 28% free, 40MB/56MB, paused 1.484ms total 48.795ms
08-05 02:30:26.013  2110  2121 I art     : WaitForGcToComplete blocked for 20.619ms for cause HeapTrim
08-05 02:30:26.027  2110  2366 I art     : Starting a blocking GC Explicit
08-05 02:30:26.078  2110  2366 I art     : Explicit concurrent mark sweep GC freed 7(224B) AllocSpace objects, 0(0B) LOS objects, 28% free, 40MB/56MB, paused 1.437ms total 50.987ms
08-05 02:30:26.092  2110  2366 I art     : Starting a blocking GC Explicit
08-05 02:30:26.142  2110  2366 I art     : Explicit concurrent mark sweep GC freed 7(224B) AllocSpace objects, 0(0B) LOS objects, 28% free, 40MB/56MB, paused 1.461ms total 50.461ms
08-05 02:30:26.538  2110  2366 I art     : Starting a blocking GC Explicit
08-05 02:30:26.590  2110  2366 I art     : Explicit concurrent mark sweep GC freed 1471(83KB) AllocSpace objects, 1(20KB) LOS objects, 28% free, 40MB/56MB, paused 1.610ms total 51.640ms
08-05 02:30:26.604  2110  2366 I art     : Starting a blocking GC Explicit
08-05 02:30:26.656  2110  2366 I art     : Explicit concurrent mark sweep GC freed 27(944B) AllocSpace objects, 0(0B) LOS objects, 28% free, 40MB/56MB, paused 1.490ms total 52.039ms
08-05 02:30:26.670  2110  2366 I art     : Starting a blocking GC Explicit
08-05 02:30:26.721  2110  2366 I art     : Explicit concurrent mark sweep GC freed 7(224B) AllocSpace objects, 0(0B) LOS objects, 28% free, 40MB/56MB, paused 1.406ms total 50.505ms
08-05 02:30:26.735  2110  2366 I art     : Starting a blocking GC Explicit
08-05 02:30:26.787  2110  2366 I art     : Explicit concurrent mark sweep GC freed 6(192B) AllocSpace objects, 0(0B) LOS objects, 28% free, 40MB/56MB, paused 1.718ms total 52.127ms
08-05 02:30:26.800  2110  2366 I art     : Starting a blocking GC Explicit
08-05 02:30:26.851  2110  2366 I art     : Explicit concurrent mark sweep GC freed 98(3KB) AllocSpace objects, 0(0B) LOS objects, 28% free, 40MB/56MB, paused 1.607ms total 50.746ms
08-05 02:30:27.236  2110  2366 I art     : Starting a blocking GC Explicit
08-05 02:30:27.289  2110  2366 I art     : Explicit concurrent mark sweep GC freed 1553(89KB) AllocSpace objects, 1(20KB) LOS objects, 28% free, 40MB/56MB, paused 1.626ms total 53.248ms
08-05 02:30:27.303  2110  2366 I art     : Starting a blocking GC Explicit
08-05 02:30:27.354  2110  2366 I art     : Explicit concurrent mark sweep GC freed 1684(65KB) AllocSpace objects, 0(0B) LOS objects, 28% free, 40MB/56MB, paused 1.525ms total 50.476ms
08-05 02:30:27.368  2110  2366 I art     : Starting a blocking GC Explicit
08-05 02:30:27.379  2110  3092 E baseline.com.newsblur.network.APIResponse: Error (unexpected end of stream on https://www.newsblur.com/...) calling https://www.newsblur.com/reader/mark_story_hashes_as_read/
08-05 02:30:27.379  2110  3092 E baseline.com.newsblur.network.APIResponse: java.io.IOException: unexpected end of stream on https://www.newsblur.com/...
08-05 02:30:27.379  2110  3092 E baseline.com.newsblur.network.APIResponse: 	at okhttp3.internal.http1.Http1ExchangeCodec.readResponseHeaders(Http1ExchangeCodec.java:236)
08-05 02:30:27.379  2110  3092 E baseline.com.newsblur.network.APIResponse: 	at okhttp3.internal.connection.Exchange.readResponseHeaders(Exchange.java:115)
08-05 02:30:27.379  2110  3092 E baseline.com.newsblur.network.APIResponse: 	at okhttp3.internal.http.CallServerInterceptor.intercept(CallServerInterceptor.java:94)
08-05 02:30:27.379  2110  3092 E baseline.com.newsblur.network.APIResponse: 	at okhttp3.internal.http.RealInterceptorChain.proceed(RealInterceptorChain.java:142)
08-05 02:30:27.379  2110  3092 E baseline.com.newsblur.network.APIResponse: 	at okhttp3.internal.connection.ConnectInterceptor.intercept(ConnectInterceptor.java:43)
08-05 02:30:27.379  2110  3092 E baseline.com.newsblur.network.APIResponse: 	at okhttp3.internal.http.RealInterceptorChain.proceed(RealInterceptorChain.java:142)
08-05 02:30:27.379  2110  3092 E baseline.com.newsblur.network.APIResponse: 	at okhttp3.internal.http.RealInterceptorChain.proceed(RealInterceptorChain.java:117)
08-05 02:30:27.379  2110  3092 E baseline.com.newsblur.network.APIResponse: 	at okhttp3.internal.cache.CacheInterceptor.intercept(CacheInterceptor.java:94)
08-05 02:30:27.379  2110  3092 E baseline.com.newsblur.network.APIResponse: 	at okhttp3.internal.http.RealInterceptorChain.proceed(RealInterceptorChain.java:142)
08-05 02:30:27.379  2110  3092 E baseline.com.newsblur.network.APIResponse: 	at okhttp3.internal.http.RealInterceptorChain.proceed(RealInterceptorChain.java:117)
08-05 02:30:27.379  2110  3092 E baseline.com.newsblur.network.APIResponse: 	at okhttp3.internal.http.BridgeInterceptor.intercept(BridgeInterceptor.java:93)
08-05 02:30:27.379  2110  3092 E baseline.com.newsblur.network.APIResponse: 	at okhttp3.internal.http.RealInterceptorChain.proceed(RealInterceptorChain.java:142)
08-05 02:30:27.379  2110  3092 E baseline.com.newsblur.network.APIResponse: 	at okhttp3.internal.http.RetryAndFollowUpInterceptor.intercept(RetryAndFollowUpInterceptor.java:88)
08-05 02:30:27.379  2110  3092 E baseline.com.newsblur.network.APIResponse: 	at okhttp3.internal.http.RealInterceptorChain.proceed(RealInterceptorChain.java:142)
08-05 02:30:27.379  2110  3092 E baseline.com.newsblur.network.APIResponse: 	at okhttp3.internal.http.RealInterceptorChain.proceed(RealInterceptorChain.java:117)
08-05 02:30:27.379  2110  3092 E baseline.com.newsblur.network.APIResponse: 	at okhttp3.RealCall.getResponseWithInterceptorChain(RealCall.java:229)
08-05 02:30:27.379  2110  3092 E baseline.com.newsblur.network.APIResponse: 	at okhttp3.RealCall.execute(RealCall.java:81)
08-05 02:30:27.379  2110  3092 E baseline.com.newsblur.network.APIResponse: 	at baseline.com.newsblur.network.APIResponse.<init>(APIResponse.java:57)
08-05 02:30:27.379  2110  3092 E baseline.com.newsblur.network.APIResponse: 	at baseline.com.newsblur.network.APIResponse.<init>(APIResponse.java:43)
08-05 02:30:27.379  2110  3092 E baseline.com.newsblur.network.APIResponse: 	at baseline.com.newsblur.network.APIManager.post_single(APIManager.java:702)
08-05 02:30:27.379  2110  3092 E baseline.com.newsblur.network.APIResponse: 	at baseline.com.newsblur.network.APIManager.post(APIManager.java:675)
08-05 02:30:27.379  2110  3092 E baseline.com.newsblur.network.APIResponse: 	at baseline.com.newsblur.network.APIManager.post(APIManager.java:714)
08-05 02:30:27.379  2110  3092 E baseline.com.newsblur.network.APIResponse: 	at baseline.com.newsblur.network.APIManager.markStoryAsRead(APIManager.java:205)
08-05 02:30:27.379  2110  3092 E baseline.com.newsblur.network.APIResponse: 	at baseline.com.newsblur.util.ReadingAction.doRemote(ReadingAction.java:281)
08-05 02:30:27.379  2110  3092 E baseline.com.newsblur.network.APIResponse: 	at baseline.com.newsblur.service.NBSyncService.syncActions(NBSyncService.java:400)
08-05 02:30:27.379  2110  3092 E baseline.com.newsblur.network.APIResponse: 	at baseline.com.newsblur.service.NBSyncService.doSync(NBSyncService.java:298)
08-05 02:30:27.379  2110  3092 E baseline.com.newsblur.network.APIResponse: 	at baseline.com.newsblur.service.NBSyncService.access$100(NBSyncService.java:67)
08-05 02:30:27.379  2110  3092 E baseline.com.newsblur.network.APIResponse: 	at baseline.com.newsblur.service.NBSyncService$1.run(NBSyncService.java:188)
08-05 02:30:27.379  2110  3092 E baseline.com.newsblur.network.APIResponse: 	at java.util.concurrent.ThreadPoolExecutor.runWorker(ThreadPoolExecutor.java:1113)
08-05 02:30:27.379  2110  3092 E baseline.com.newsblur.network.APIResponse: 	at java.util.concurrent.ThreadPoolExecutor$Worker.run(ThreadPoolExecutor.java:588)
08-05 02:30:27.379  2110  3092 E baseline.com.newsblur.network.APIResponse: 	at java.lang.Thread.run(Thread.java:818)
08-05 02:30:27.379  2110  3092 E baseline.com.newsblur.network.APIResponse: Caused by: java.io.EOFException: \n not found: limit=0 content=
08-05 02:30:27.379  2110  3092 E baseline.com.newsblur.network.APIResponse: 	at okio.RealBufferedSource.readUtf8LineStrict(RealBufferedSource.java:240)
08-05 02:30:27.379  2110  3092 E baseline.com.newsblur.network.APIResponse: 	at okhttp3.internal.http1.Http1ExchangeCodec.readHeaderLine(Http1ExchangeCodec.java:242)
08-05 02:30:27.379  2110  3092 E baseline.com.newsblur.network.APIResponse: 	at okhttp3.internal.http1.Http1ExchangeCodec.readResponseHeaders(Http1ExchangeCodec.java:213)
08-05 02:30:27.379  2110  3092 E baseline.com.newsblur.network.APIResponse: 	... 30 more
08-05 02:30:27.381  2110  3092 I baseline.com.newsblur.service.NBSyncService: Holding reading action with server-side or network error.
08-05 02:30:27.396  2110  3092 W baseline.com.newsblur.service.NBSyncService: hard API failure
08-05 02:30:27.410  2110  3092 I baseline.com.newsblur.service.NBSyncService: recounting dirty feed sets: 1
08-05 02:30:27.418  2110  2366 I art     : Explicit concurrent mark sweep GC freed 1483(267KB) AllocSpace objects, 4(80KB) LOS objects, 28% free, 40MB/56MB, paused 1.837ms total 49.678ms
08-05 02:30:27.431  2110  2366 I art     : Starting a blocking GC Explicit
08-05 02:30:27.481  2110  2366 I art     : Explicit concurrent mark sweep GC freed 466(32KB) AllocSpace objects, 0(0B) LOS objects, 28% free, 40MB/56MB, paused 1.609ms total 49.717ms
08-05 02:30:27.495  2110  2366 I art     : Starting a blocking GC Explicit
08-05 02:30:27.547  2110  2366 I art     : Explicit concurrent mark sweep GC freed 63(2320B) AllocSpace objects, 0(0B) LOS objects, 28% free, 40MB/56MB, paused 1.596ms total 51.995ms
08-05 02:30:27.871  2110  3092 E baseline.com.newsblur.network.APIResponse: Error (unexpected end of stream on https://www.newsblur.com/...) calling https://www.newsblur.com/reader/feed_unread_count?feed_id=0
08-05 02:30:27.871  2110  3092 E baseline.com.newsblur.network.APIResponse: java.io.IOException: unexpected end of stream on https://www.newsblur.com/...
08-05 02:30:27.871  2110  3092 E baseline.com.newsblur.network.APIResponse: 	at okhttp3.internal.http1.Http1ExchangeCodec.readResponseHeaders(Http1ExchangeCodec.java:236)
08-05 02:30:27.871  2110  3092 E baseline.com.newsblur.network.APIResponse: 	at okhttp3.internal.connection.Exchange.readResponseHeaders(Exchange.java:115)
08-05 02:30:27.871  2110  3092 E baseline.com.newsblur.network.APIResponse: 	at okhttp3.internal.http.CallServerInterceptor.intercept(CallServerInterceptor.java:94)
08-05 02:30:27.871  2110  3092 E baseline.com.newsblur.network.APIResponse: 	at okhttp3.internal.http.RealInterceptorChain.proceed(RealInterceptorChain.java:142)
08-05 02:30:27.871  2110  3092 E baseline.com.newsblur.network.APIResponse: 	at okhttp3.internal.connection.ConnectInterceptor.intercept(ConnectInterceptor.java:43)
08-05 02:30:27.871  2110  3092 E baseline.com.newsblur.network.APIResponse: 	at okhttp3.internal.http.RealInterceptorChain.proceed(RealInterceptorChain.java:142)
08-05 02:30:27.871  2110  3092 E baseline.com.newsblur.network.APIResponse: 	at okhttp3.internal.http.RealInterceptorChain.proceed(RealInterceptorChain.java:117)
08-05 02:30:27.871  2110  3092 E baseline.com.newsblur.network.APIResponse: 	at okhttp3.internal.cache.CacheInterceptor.intercept(CacheInterceptor.java:94)
08-05 02:30:27.871  2110  3092 E baseline.com.newsblur.network.APIResponse: 	at okhttp3.internal.http.RealInterceptorChain.proceed(RealInterceptorChain.java:142)
08-05 02:30:27.871  2110  3092 E baseline.com.newsblur.network.APIResponse: 	at okhttp3.internal.http.RealInterceptorChain.proceed(RealInterceptorChain.java:117)
08-05 02:30:27.871  2110  3092 E baseline.com.newsblur.network.APIResponse: 	at okhttp3.internal.http.BridgeInterceptor.intercept(BridgeInterceptor.java:93)
08-05 02:30:27.871  2110  3092 E baseline.com.newsblur.network.APIResponse: 	at okhttp3.internal.http.RealInterceptorChain.proceed(RealInterceptorChain.java:142)
08-05 02:30:27.871  2110  3092 E baseline.com.newsblur.network.APIResponse: 	at okhttp3.internal.http.RetryAndFollowUpInterceptor.intercept(RetryAndFollowUpInterceptor.java:88)
08-05 02:30:27.871  2110  3092 E baseline.com.newsblur.network.APIResponse: 	at okhttp3.internal.http.RealInterceptorChain.proceed(RealInterceptorChain.java:142)
08-05 02:30:27.871  2110  3092 E baseline.com.newsblur.network.APIResponse: 	at okhttp3.internal.http.RealInterceptorChain.proceed(RealInterceptorChain.java:117)
08-05 02:30:27.871  2110  3092 E baseline.com.newsblur.network.APIResponse: 	at okhttp3.RealCall.getResponseWithInterceptorChain(RealCall.java:229)
08-05 02:30:27.871  2110  3092 E baseline.com.newsblur.network.APIResponse: 	at okhttp3.RealCall.execute(RealCall.java:81)
08-05 02:30:27.871  2110  3092 E baseline.com.newsblur.network.APIResponse: 	at baseline.com.newsblur.network.APIResponse.<init>(APIResponse.java:57)
08-05 02:30:27.871  2110  3092 E baseline.com.newsblur.network.APIResponse: 	at baseline.com.newsblur.network.APIManager.get_single(APIManager.java:639)
08-05 02:30:27.871  2110  3092 E baseline.com.newsblur.network.APIResponse: 	at baseline.com.newsblur.network.APIManager.get(APIManager.java:625)
08-05 02:30:27.871  2110  3092 E baseline.com.newsblur.network.APIResponse: 	at baseline.com.newsblur.network.APIManager.get(APIManager.java:667)
08-05 02:30:27.871  2110  3092 E baseline.com.newsblur.network.APIResponse: 	at baseline.com.newsblur.network.APIManager.getFeedUnreadCounts(APIManager.java:274)
08-05 02:30:27.871  2110  3092 E baseline.com.newsblur.network.APIResponse: 	at baseline.com.newsblur.service.NBSyncService.checkRecounts(NBSyncService.java:660)
08-05 02:30:27.871  2110  3092 E baseline.com.newsblur.network.APIResponse: 	at baseline.com.newsblur.service.NBSyncService.doSync(NBSyncService.java:310)
08-05 02:30:27.871  2110  3092 E baseline.com.newsblur.network.APIResponse: 	at baseline.com.newsblur.service.NBSyncService.access$100(NBSyncService.java:67)
08-05 02:30:27.871  2110  3092 E baseline.com.newsblur.network.APIResponse: 	at baseline.com.newsblur.service.NBSyncService$1.run(NBSyncService.java:188)
08-05 02:30:27.871  2110  3092 E baseline.com.newsblur.network.APIResponse: 	at java.util.concurrent.ThreadPoolExecutor.runWorker(ThreadPoolExecutor.java:1113)
08-05 02:30:27.871  2110  3092 E baseline.com.newsblur.network.APIResponse: 	at java.util.concurrent.ThreadPoolExecutor$Worker.run(ThreadPoolExecutor.java:588)
08-05 02:30:27.871  2110  3092 E baseline.com.newsblur.network.APIResponse: 	at java.lang.Thread.run(Thread.java:818)
08-05 02:30:27.871  2110  3092 E baseline.com.newsblur.network.APIResponse: Caused by: java.io.EOFException: \n not found: limit=0 content=
08-05 02:30:27.871  2110  3092 E baseline.com.newsblur.network.APIResponse: 	at okio.RealBufferedSource.readUtf8LineStrict(RealBufferedSource.java:240)
08-05 02:30:27.871  2110  3092 E baseline.com.newsblur.network.APIResponse: 	at okhttp3.internal.http1.Http1ExchangeCodec.readHeaderLine(Http1ExchangeCodec.java:242)
08-05 02:30:27.871  2110  3092 E baseline.com.newsblur.network.APIResponse: 	at okhttp3.internal.http1.Http1ExchangeCodec.readResponseHeaders(Http1ExchangeCodec.java:213)
08-05 02:30:27.871  2110  3092 E baseline.com.newsblur.network.APIResponse: 	... 28 more
08-05 02:30:27.872  2110  3092 I baseline.com.newsblur.network.APIManager: API call failed, pausing before retry number 1
08-05 02:30:27.922  2110  2122 I art     : Starting a blocking GC Explicit
08-05 02:30:27.976  2110  2122 I art     : Explicit concurrent mark sweep GC freed 3965(357KB) AllocSpace objects, 3(60KB) LOS objects, 28% free, 40MB/56MB, paused 1.423ms total 53.297ms
08-05 02:30:27.990  2110  2122 I art     : Starting a blocking GC Explicit
08-05 02:30:28.040  2110  2122 I art     : Explicit concurrent mark sweep GC freed 124(4KB) AllocSpace objects, 0(0B) LOS objects, 28% free, 40MB/56MB, paused 1.460ms total 49.584ms
08-05 02:30:28.053  2110  2122 I art     : Starting a blocking GC Explicit
08-05 02:30:28.105  2110  2122 I art     : Explicit concurrent mark sweep GC freed 7(224B) AllocSpace objects, 0(0B) LOS objects, 28% free, 40MB/56MB, paused 1.420ms total 51.599ms
08-05 02:30:28.119  2110  2122 I art     : Starting a blocking GC Explicit
08-05 02:30:28.171  2110  2122 I art     : Explicit concurrent mark sweep GC freed 6(192B) AllocSpace objects, 0(0B) LOS objects, 28% free, 40MB/56MB, paused 1.412ms total 51.109ms
08-05 02:30:28.184  2110  2122 I art     : Starting a blocking GC Explicit
08-05 02:30:28.235  2110  2122 I art     : Explicit concurrent mark sweep GC freed 7(224B) AllocSpace objects, 0(0B) LOS objects, 28% free, 40MB/56MB, paused 1.501ms total 50.946ms
08-05 02:30:28.611  2110  2687 I art     : Starting a blocking GC Explicit
08-05 02:30:28.664  2110  2687 I art     : Explicit concurrent mark sweep GC freed 1469(83KB) AllocSpace objects, 1(20KB) LOS objects, 28% free, 40MB/56MB, paused 1.424ms total 53.561ms
08-05 02:30:28.678  2110  2687 I art     : Starting a blocking GC Explicit
08-05 02:30:28.730  2110  2687 I art     : Explicit concurrent mark sweep GC freed 26(912B) AllocSpace objects, 0(0B) LOS objects, 28% free, 40MB/56MB, paused 1.550ms total 51.280ms
08-05 02:30:28.743  2110  2687 I art     : Starting a blocking GC Explicit
08-05 02:30:28.794  2110  2687 I art     : Explicit concurrent mark sweep GC freed 7(224B) AllocSpace objects, 0(0B) LOS objects, 28% free, 40MB/56MB, paused 1.418ms total 50.661ms
08-05 02:30:28.807  2110  2687 I art     : Starting a blocking GC Explicit
08-05 02:30:28.859  2110  2687 I art     : Explicit concurrent mark sweep GC freed 7(224B) AllocSpace objects, 0(0B) LOS objects, 28% free, 40MB/56MB, paused 1.526ms total 51.358ms
08-05 02:30:28.872  2110  2687 I art     : Starting a blocking GC Explicit
08-05 02:30:28.921  2110  2687 I art     : Explicit concurrent mark sweep GC freed 6(192B) AllocSpace objects, 0(0B) LOS objects, 28% free, 40MB/56MB, paused 1.409ms total 48.445ms
08-05 02:30:28.956   518   646 I ThermalEngine: ACTION: GPU - Setting GPU[0] to 510000000
08-05 02:30:29.292  2110  2123 I art     : Starting a blocking GC Explicit
08-05 02:30:29.333  2110  2123 I art     : Explicit concurrent mark sweep GC freed 1470(83KB) AllocSpace objects, 1(20KB) LOS objects, 28% free, 40MB/56MB, paused 1.167ms total 40.648ms
08-05 02:30:29.343  2110  2123 I art     : Starting a blocking GC Explicit
08-05 02:30:29.382  2110  2123 I art     : Explicit concurrent mark sweep GC freed 118(4KB) AllocSpace objects, 0(0B) LOS objects, 28% free, 40MB/56MB, paused 1.187ms total 39.005ms
08-05 02:30:29.392  2110  2123 I art     : Starting a blocking GC Explicit
08-05 02:30:29.432  2110  2123 I art     : Explicit concurrent mark sweep GC freed 12(448B) AllocSpace objects, 0(0B) LOS objects, 28% free, 40MB/56MB, paused 1.053ms total 39.046ms
08-05 02:30:29.442  2110  2123 I art     : Starting a blocking GC Explicit
08-05 02:30:29.481  2110  2123 I art     : Explicit concurrent mark sweep GC freed 69(4KB) AllocSpace objects, 0(0B) LOS objects, 28% free, 40MB/56MB, paused 1.104ms total 39.029ms
08-05 02:30:29.492  2110  2123 I art     : Starting a blocking GC Explicit
08-05 02:30:29.531  2110  2123 I art     : Explicit concurrent mark sweep GC freed 17(1552B) AllocSpace objects, 0(0B) LOS objects, 28% free, 40MB/56MB, paused 1.164ms total 39.349ms
08-05 02:30:29.851 28959 28959 I ServiceManager: Waiting for service AtCmdFwd...
08-05 02:30:29.889  2110  2687 I art     : Starting a blocking GC Explicit
08-05 02:30:29.923  2110  3092 E baseline.com.newsblur.network.APIResponse: Error (unexpected end of stream on https://www.newsblur.com/...) calling https://www.newsblur.com/reader/feed_unread_count?feed_id=0
08-05 02:30:29.923  2110  3092 E baseline.com.newsblur.network.APIResponse: java.io.IOException: unexpected end of stream on https://www.newsblur.com/...
08-05 02:30:29.923  2110  3092 E baseline.com.newsblur.network.APIResponse: 	at okhttp3.internal.http1.Http1ExchangeCodec.readResponseHeaders(Http1ExchangeCodec.java:236)
08-05 02:30:29.923  2110  3092 E baseline.com.newsblur.network.APIResponse: 	at okhttp3.internal.connection.Exchange.readResponseHeaders(Exchange.java:115)
08-05 02:30:29.923  2110  3092 E baseline.com.newsblur.network.APIResponse: 	at okhttp3.internal.http.CallServerInterceptor.intercept(CallServerInterceptor.java:94)
08-05 02:30:29.923  2110  3092 E baseline.com.newsblur.network.APIResponse: 	at okhttp3.internal.http.RealInterceptorChain.proceed(RealInterceptorChain.java:142)
08-05 02:30:29.923  2110  3092 E baseline.com.newsblur.network.APIResponse: 	at okhttp3.internal.connection.ConnectInterceptor.intercept(ConnectInterceptor.java:43)
08-05 02:30:29.923  2110  3092 E baseline.com.newsblur.network.APIResponse: 	at okhttp3.internal.http.RealInterceptorChain.proceed(RealInterceptorChain.java:142)
08-05 02:30:29.923  2110  3092 E baseline.com.newsblur.network.APIResponse: 	at okhttp3.internal.http.RealInterceptorChain.proceed(RealInterceptorChain.java:117)
08-05 02:30:29.923  2110  3092 E baseline.com.newsblur.network.APIResponse: 	at okhttp3.internal.cache.CacheInterceptor.intercept(CacheInterceptor.java:94)
08-05 02:30:29.923  2110  3092 E baseline.com.newsblur.network.APIResponse: 	at okhttp3.internal.http.RealInterceptorChain.proceed(RealInterceptorChain.java:142)
08-05 02:30:29.923  2110  3092 E baseline.com.newsblur.network.APIResponse: 	at okhttp3.internal.http.RealInterceptorChain.proceed(RealInterceptorChain.java:117)
08-05 02:30:29.923  2110  3092 E baseline.com.newsblur.network.APIResponse: 	at okhttp3.internal.http.BridgeInterceptor.intercept(BridgeInterceptor.java:93)
08-05 02:30:29.923  2110  3092 E baseline.com.newsblur.network.APIResponse: 	at okhttp3.internal.http.RealInterceptorChain.proceed(RealInterceptorChain.java:142)
08-05 02:30:29.923  2110  3092 E baseline.com.newsblur.network.APIResponse: 	at okhttp3.internal.http.RetryAndFollowUpInterceptor.intercept(RetryAndFollowUpInterceptor.java:88)
08-05 02:30:29.923  2110  3092 E baseline.com.newsblur.network.APIResponse: 	at okhttp3.internal.http.RealInterceptorChain.proceed(RealInterceptorChain.java:142)
08-05 02:30:29.923  2110  3092 E baseline.com.newsblur.network.APIResponse: 	at okhttp3.internal.http.RealInterceptorChain.proceed(RealInterceptorChain.java:117)
08-05 02:30:29.923  2110  3092 E baseline.com.newsblur.network.APIResponse: 	at okhttp3.RealCall.getResponseWithInterceptorChain(RealCall.java:229)
08-05 02:30:29.923  2110  3092 E baseline.com.newsblur.network.APIResponse: 	at okhttp3.RealCall.execute(RealCall.java:81)
08-05 02:30:29.923  2110  3092 E baseline.com.newsblur.network.APIResponse: 	at baseline.com.newsblur.network.APIResponse.<init>(APIResponse.java:57)
08-05 02:30:29.923  2110  3092 E baseline.com.newsblur.network.APIResponse: 	at baseline.com.newsblur.network.APIManager.get_single(APIManager.java:639)
08-05 02:30:29.923  2110  3092 E baseline.com.newsblur.network.APIResponse: 	at baseline.com.newsblur.network.APIManager.get(APIManager.java:625)
08-05 02:30:29.923  2110  3092 E baseline.com.newsblur.network.APIResponse: 	at baseline.com.newsblur.network.APIManager.get(APIManager.java:667)
08-05 02:30:29.923  2110  3092 E baseline.com.newsblur.network.APIResponse: 	at baseline.com.newsblur.network.APIManager.getFeedUnreadCounts(APIManager.java:274)
08-05 02:30:29.923  2110  3092 E baseline.com.newsblur.network.APIResponse: 	at baseline.com.newsblur.service.NBSyncService.checkRecounts(NBSyncService.java:660)
08-05 02:30:29.923  2110  3092 E baseline.com.newsblur.network.APIResponse: 	at baseline.com.newsblur.service.NBSyncService.doSync(NBSyncService.java:310)
08-05 02:30:29.923  2110  3092 E baseline.com.newsblur.network.APIResponse: 	at baseline.com.newsblur.service.NBSyncService.access$100(NBSyncService.java:67)
08-05 02:30:29.923  2110  3092 E baseline.com.newsblur.network.APIResponse: 	at baseline.com.newsblur.service.NBSyncService$1.run(NBSyncService.java:188)
08-05 02:30:29.923  2110  3092 E baseline.com.newsblur.network.APIResponse: 	at java.util.concurrent.ThreadPoolExecutor.runWorker(ThreadPoolExecutor.java:1113)
08-05 02:30:29.923  2110  3092 E baseline.com.newsblur.network.APIResponse: 	at java.util.concurrent.ThreadPoolExecutor$Worker.run(ThreadPoolExecutor.java:588)
08-05 02:30:29.923  2110  3092 E baseline.com.newsblur.network.APIResponse: 	at java.lang.Thread.run(Thread.java:818)
08-05 02:30:29.923  2110  3092 E baseline.com.newsblur.network.APIResponse: Caused by: java.io.EOFException: \n not found: limit=0 content=
08-05 02:30:29.923  2110  3092 E baseline.com.newsblur.network.APIResponse: 	at okio.RealBufferedSource.readUtf8LineStrict(RealBufferedSource.java:240)
08-05 02:30:29.923  2110  3092 E baseline.com.newsblur.network.APIResponse: 	at okhttp3.internal.http1.Http1ExchangeCodec.readHeaderLine(Http1ExchangeCodec.java:242)
08-05 02:30:29.923  2110  3092 E baseline.com.newsblur.network.APIResponse: 	at okhttp3.internal.http1.Http1ExchangeCodec.readResponseHeaders(Http1ExchangeCodec.java:213)
08-05 02:30:29.923  2110  3092 E baseline.com.newsblur.network.APIResponse: 	... 28 more
08-05 02:30:29.925  2110  3092 I baseline.com.newsblur.network.APIManager: API call failed, pausing before retry number 2
08-05 02:30:29.931  2110  2687 I art     : Explicit concurrent mark sweep GC freed 3866(321KB) AllocSpace objects, 2(40KB) LOS objects, 28% free, 40MB/56MB, paused 1.158ms total 41.717ms
08-05 02:30:29.942  2110  2687 I art     : Starting a blocking GC Explicit
08-05 02:30:29.979  2110  2687 I art     : Explicit concurrent mark sweep GC freed 188(38KB) AllocSpace objects, 1(20KB) LOS objects, 28% free, 40MB/56MB, paused 1.125ms total 37.024ms
08-05 02:30:29.989  2110  2687 I art     : Starting a blocking GC Explicit
08-05 02:30:30.029  2110  2687 I art     : Explicit concurrent mark sweep GC freed 35(1216B) AllocSpace objects, 0(0B) LOS objects, 28% free, 40MB/56MB, paused 1.188ms total 39.629ms
08-05 02:30:30.040  2110  2687 I art     : Starting a blocking GC Explicit
08-05 02:30:30.079  2110  2687 I art     : Explicit concurrent mark sweep GC freed 6(192B) AllocSpace objects, 0(0B) LOS objects, 28% free, 40MB/56MB, paused 1.184ms total 39.085ms
08-05 02:30:30.090  2110  2687 I art     : Starting a blocking GC Explicit
08-05 02:30:30.129  2110  2687 I art     : Explicit concurrent mark sweep GC freed 6(192B) AllocSpace objects, 0(0B) LOS objects, 28% free, 40MB/56MB, paused 1.101ms total 38.509ms
08-05 02:30:30.479  2110  2687 I art     : Starting a blocking GC Explicit
08-05 02:30:30.520  2110  2687 I art     : Explicit concurrent mark sweep GC freed 1467(83KB) AllocSpace objects, 1(20KB) LOS objects, 28% free, 40MB/56MB, paused 1.203ms total 40.726ms
08-05 02:30:30.530  2110  2687 I art     : Starting a blocking GC Explicit
08-05 02:30:30.569  2110  2687 I art     : Explicit concurrent mark sweep GC freed 25(880B) AllocSpace objects, 0(0B) LOS objects, 28% free, 40MB/56MB, paused 1.158ms total 38.364ms
08-05 02:30:30.579  2110  2687 I art     : Starting a blocking GC Explicit
08-05 02:30:30.619  2110  2687 I art     : Explicit concurrent mark sweep GC freed 6(192B) AllocSpace objects, 0(0B) LOS objects, 28% free, 40MB/56MB, paused 1.250ms total 39.370ms
08-05 02:30:30.629  2110  2687 I art     : Starting a blocking GC Explicit
08-05 02:30:30.668  2110  2687 I art     : Explicit concurrent mark sweep GC freed 6(192B) AllocSpace objects, 0(0B) LOS objects, 28% free, 40MB/56MB, paused 1.205ms total 38.618ms
08-05 02:30:30.678  2110  2687 I art     : Starting a blocking GC Explicit
08-05 02:30:30.718  2110  2687 I art     : Explicit concurrent mark sweep GC freed 6(192B) AllocSpace objects, 0(0B) LOS objects, 28% free, 40MB/56MB, paused 1.357ms total 39.528ms
08-05 02:30:30.852 28959 28959 I ServiceManager: Waiting for service AtCmdFwd...
08-05 02:30:31.071  2110  2123 I art     : Starting a blocking GC Explicit
08-05 02:30:31.113  2110  2123 I art     : Explicit concurrent mark sweep GC freed 1469(84KB) AllocSpace objects, 1(20KB) LOS objects, 28% free, 40MB/56MB, paused 1.127ms total 41.112ms
08-05 02:30:31.113  2110  2121 I art     : WaitForGcToComplete blocked for 34.370ms for cause HeapTrim
08-05 02:30:31.123  2110  2123 I art     : Starting a blocking GC Explicit
08-05 02:30:31.163  2110  2123 I art     : Explicit concurrent mark sweep GC freed 25(880B) AllocSpace objects, 0(0B) LOS objects, 28% free, 40MB/56MB, paused 1.023ms total 39.932ms
08-05 02:30:31.174  2110  2123 I art     : Starting a blocking GC Explicit
08-05 02:30:31.213  2110  2123 I art     : Explicit concurrent mark sweep GC freed 6(192B) AllocSpace objects, 0(0B) LOS objects, 28% free, 40MB/56MB, paused 1.022ms total 38.378ms
08-05 02:30:31.223  2110  2123 I art     : Starting a blocking GC Explicit
08-05 02:30:31.263  2110  2123 I art     : Explicit concurrent mark sweep GC freed 6(192B) AllocSpace objects, 0(0B) LOS objects, 28% free, 40MB/56MB, paused 1.031ms total 39.398ms
08-05 02:30:31.273  2110  2123 I art     : Starting a blocking GC Explicit
08-05 02:30:31.312  2110  2123 I art     : Explicit concurrent mark sweep GC freed 6(192B) AllocSpace objects, 0(0B) LOS objects, 28% free, 40MB/56MB, paused 1.050ms total 38.804ms
08-05 02:30:31.673  2110  2123 I art     : Starting a blocking GC Explicit
08-05 02:30:31.714  2110  2123 I art     : Explicit concurrent mark sweep GC freed 1467(83KB) AllocSpace objects, 1(20KB) LOS objects, 28% free, 40MB/56MB, paused 1.136ms total 40.947ms
08-05 02:30:31.725  2110  2123 I art     : Starting a blocking GC Explicit
08-05 02:30:31.764  2110  2123 I art     : Explicit concurrent mark sweep GC freed 25(880B) AllocSpace objects, 0(0B) LOS objects, 28% free, 40MB/56MB, paused 1.108ms total 38.913ms
08-05 02:30:31.774  2110  2123 I art     : Starting a blocking GC Explicit
08-05 02:30:31.814  2110  2123 I art     : Explicit concurrent mark sweep GC freed 6(192B) AllocSpace objects, 0(0B) LOS objects, 28% free, 40MB/56MB, paused 1.123ms total 39.334ms
08-05 02:30:31.825  2110  2123 I art     : Starting a blocking GC Explicit
08-05 02:30:31.852 28959 28959 I ServiceManager: Waiting for service AtCmdFwd...
08-05 02:30:31.864  2110  2123 I art     : Explicit concurrent mark sweep GC freed 6(192B) AllocSpace objects, 0(0B) LOS objects, 28% free, 40MB/56MB, paused 1.046ms total 39.312ms
08-05 02:30:31.875  2110  2123 I art     : Starting a blocking GC Explicit
08-05 02:30:31.914  2110  2123 I art     : Explicit concurrent mark sweep GC freed 5(160B) AllocSpace objects, 0(0B) LOS objects, 28% free, 40MB/56MB, paused 1.082ms total 39.431ms
08-05 02:30:32.284  2110  2366 I art     : Starting a blocking GC Explicit
08-05 02:30:32.325  2110  2366 I art     : Explicit concurrent mark sweep GC freed 1468(83KB) AllocSpace objects, 1(20KB) LOS objects, 28% free, 40MB/56MB, paused 1.199ms total 40.780ms
08-05 02:30:32.336  2110  2366 I art     : Starting a blocking GC Explicit
08-05 02:30:32.376  2110  2366 I art     : Explicit concurrent mark sweep GC freed 25(880B) AllocSpace objects, 0(0B) LOS objects, 28% free, 40MB/56MB, paused 1.106ms total 39.357ms
08-05 02:30:32.386  2110  2366 I art     : Starting a blocking GC Explicit
08-05 02:30:32.426  2110  2366 I art     : Explicit concurrent mark sweep GC freed 7(224B) AllocSpace objects, 0(0B) LOS objects, 28% free, 40MB/56MB, paused 1.230ms total 39.177ms
08-05 02:30:32.436  2110  2366 I art     : Starting a blocking GC Explicit
08-05 02:30:32.472  2110  2366 I art     : Explicit concurrent mark sweep GC freed 5(160B) AllocSpace objects, 0(0B) LOS objects, 28% free, 40MB/56MB, paused 1.051ms total 36.256ms
08-05 02:30:32.482  2110  2366 I art     : Starting a blocking GC Explicit
08-05 02:30:32.518  2110  2366 I art     : Explicit concurrent mark sweep GC freed 6(192B) AllocSpace objects, 0(0B) LOS objects, 28% free, 40MB/56MB, paused 1.085ms total 36.446ms
08-05 02:30:32.853 28959 28959 I ServiceManager: Waiting for service AtCmdFwd...
08-05 02:30:32.880  2110  2366 I art     : Starting a blocking GC Explicit
08-05 02:30:32.921  2110  2366 I art     : Explicit concurrent mark sweep GC freed 1533(86KB) AllocSpace objects, 1(20KB) LOS objects, 28% free, 40MB/56MB, paused 1.155ms total 40.989ms
08-05 02:30:32.932  2110  2366 I art     : Starting a blocking GC Explicit
08-05 02:30:32.969  2110  2366 I art     : Explicit concurrent mark sweep GC freed 118(4KB) AllocSpace objects, 0(0B) LOS objects, 28% free, 40MB/56MB, paused 1.170ms total 37.209ms
08-05 02:30:32.979  2110  2366 I art     : Starting a blocking GC Explicit
08-05 02:30:33.018  2110  2366 I art     : Explicit concurrent mark sweep GC freed 12(448B) AllocSpace objects, 0(0B) LOS objects, 28% free, 40MB/56MB, paused 1.202ms total 38.613ms
08-05 02:30:33.029  2110  2366 I art     : Starting a blocking GC Explicit
08-05 02:30:33.068  2110  2366 I art     : Explicit concurrent mark sweep GC freed 71(4KB) AllocSpace objects, 0(0B) LOS objects, 28% free, 40MB/56MB, paused 1.278ms total 38.498ms
08-05 02:30:33.079  2110  2366 I art     : Starting a blocking GC Explicit
08-05 02:30:33.118  2110  2366 I art     : Explicit concurrent mark sweep GC freed 15(1504B) AllocSpace objects, 0(0B) LOS objects, 28% free, 40MB/56MB, paused 1.176ms total 39.409ms
08-05 02:30:33.484  2110  2687 I art     : Starting a blocking GC Explicit
08-05 02:30:33.501  2110  3092 E baseline.com.newsblur.network.APIResponse: Error (unexpected end of stream on https://www.newsblur.com/...) calling https://www.newsblur.com/reader/feed_unread_count?feed_id=0
08-05 02:30:33.501  2110  3092 E baseline.com.newsblur.network.APIResponse: java.io.IOException: unexpected end of stream on https://www.newsblur.com/...
08-05 02:30:33.501  2110  3092 E baseline.com.newsblur.network.APIResponse: 	at okhttp3.internal.http1.Http1ExchangeCodec.readResponseHeaders(Http1ExchangeCodec.java:236)
08-05 02:30:33.501  2110  3092 E baseline.com.newsblur.network.APIResponse: 	at okhttp3.internal.connection.Exchange.readResponseHeaders(Exchange.java:115)
08-05 02:30:33.501  2110  3092 E baseline.com.newsblur.network.APIResponse: 	at okhttp3.internal.http.CallServerInterceptor.intercept(CallServerInterceptor.java:94)
08-05 02:30:33.501  2110  3092 E baseline.com.newsblur.network.APIResponse: 	at okhttp3.internal.http.RealInterceptorChain.proceed(RealInterceptorChain.java:142)
08-05 02:30:33.501  2110  3092 E baseline.com.newsblur.network.APIResponse: 	at okhttp3.internal.connection.ConnectInterceptor.intercept(ConnectInterceptor.java:43)
08-05 02:30:33.501  2110  3092 E baseline.com.newsblur.network.APIResponse: 	at okhttp3.internal.http.RealInterceptorChain.proceed(RealInterceptorChain.java:142)
08-05 02:30:33.501  2110  3092 E baseline.com.newsblur.network.APIResponse: 	at okhttp3.internal.http.RealInterceptorChain.proceed(RealInterceptorChain.java:117)
08-05 02:30:33.501  2110  3092 E baseline.com.newsblur.network.APIResponse: 	at okhttp3.internal.cache.CacheInterceptor.intercept(CacheInterceptor.java:94)
08-05 02:30:33.501  2110  3092 E baseline.com.newsblur.network.APIResponse: 	at okhttp3.internal.http.RealInterceptorChain.proceed(RealInterceptorChain.java:142)
08-05 02:30:33.501  2110  3092 E baseline.com.newsblur.network.APIResponse: 	at okhttp3.internal.http.RealInterceptorChain.proceed(RealInterceptorChain.java:117)
08-05 02:30:33.501  2110  3092 E baseline.com.newsblur.network.APIResponse: 	at okhttp3.internal.http.BridgeInterceptor.intercept(BridgeInterceptor.java:93)
08-05 02:30:33.501  2110  3092 E baseline.com.newsblur.network.APIResponse: 	at okhttp3.internal.http.RealInterceptorChain.proceed(RealInterceptorChain.java:142)
08-05 02:30:33.501  2110  3092 E baseline.com.newsblur.network.APIResponse: 	at okhttp3.internal.http.RetryAndFollowUpInterceptor.intercept(RetryAndFollowUpInterceptor.java:88)
08-05 02:30:33.501  2110  3092 E baseline.com.newsblur.network.APIResponse: 	at okhttp3.internal.http.RealInterceptorChain.proceed(RealInterceptorChain.java:142)
08-05 02:30:33.501  2110  3092 E baseline.com.newsblur.network.APIResponse: 	at okhttp3.internal.http.RealInterceptorChain.proceed(RealInterceptorChain.java:117)
08-05 02:30:33.501  2110  3092 E baseline.com.newsblur.network.APIResponse: 	at okhttp3.RealCall.getResponseWithInterceptorChain(RealCall.java:229)
08-05 02:30:33.501  2110  3092 E baseline.com.newsblur.network.APIResponse: 	at okhttp3.RealCall.execute(RealCall.java:81)
08-05 02:30:33.501  2110  3092 E baseline.com.newsblur.network.APIResponse: 	at baseline.com.newsblur.network.APIResponse.<init>(APIResponse.java:57)
08-05 02:30:33.501  2110  3092 E baseline.com.newsblur.network.APIResponse: 	at baseline.com.newsblur.network.APIManager.get_single(APIManager.java:639)
08-05 02:30:33.501  2110  3092 E baseline.com.newsblur.network.APIResponse: 	at baseline.com.newsblur.network.APIManager.get(APIManager.java:625)
08-05 02:30:33.501  2110  3092 E baseline.com.newsblur.network.APIResponse: 	at baseline.com.newsblur.network.APIManager.get(APIManager.java:667)
08-05 02:30:33.501  2110  3092 E baseline.com.newsblur.network.APIResponse: 	at baseline.com.newsblur.network.APIManager.getFeedUnreadCounts(APIManager.java:274)
08-05 02:30:33.501  2110  3092 E baseline.com.newsblur.network.APIResponse: 	at baseline.com.newsblur.service.NBSyncService.checkRecounts(NBSyncService.java:660)
08-05 02:30:33.501  2110  3092 E baseline.com.newsblur.network.APIResponse: 	at baseline.com.newsblur.service.NBSyncService.doSync(NBSyncService.java:310)
08-05 02:30:33.501  2110  3092 E baseline.com.newsblur.network.APIResponse: 	at baseline.com.newsblur.service.NBSyncService.access$100(NBSyncService.java:67)
08-05 02:30:33.501  2110  3092 E baseline.com.newsblur.network.APIResponse: 	at baseline.com.newsblur.service.NBSyncService$1.run(NBSyncService.java:188)
08-05 02:30:33.501  2110  3092 E baseline.com.newsblur.network.APIResponse: 	at java.util.concurrent.ThreadPoolExecutor.runWorker(ThreadPoolExecutor.java:1113)
08-05 02:30:33.501  2110  3092 E baseline.com.newsblur.network.APIResponse: 	at java.util.concurrent.ThreadPoolExecutor$Worker.run(ThreadPoolExecutor.java:588)
08-05 02:30:33.501  2110  3092 E baseline.com.newsblur.network.APIResponse: 	at java.lang.Thread.run(Thread.java:818)
08-05 02:30:33.501  2110  3092 E baseline.com.newsblur.network.APIResponse: Caused by: java.io.EOFException: \n not found: limit=0 content=
08-05 02:30:33.501  2110  3092 E baseline.com.newsblur.network.APIResponse: 	at okio.RealBufferedSource.readUtf8LineStrict(RealBufferedSource.java:240)
08-05 02:30:33.501  2110  3092 E baseline.com.newsblur.network.APIResponse: 	at okhttp3.internal.http1.Http1ExchangeCodec.readHeaderLine(Http1ExchangeCodec.java:242)
08-05 02:30:33.501  2110  3092 E baseline.com.newsblur.network.APIResponse: 	at okhttp3.internal.http1.Http1ExchangeCodec.readResponseHeaders(Http1ExchangeCodec.java:213)
08-05 02:30:33.501  2110  3092 E baseline.com.newsblur.network.APIResponse: 	... 28 more
08-05 02:30:33.502  2110  3092 W baseline.com.newsblur.service.NBSyncService: Bad response to feed_unread_count
08-05 02:30:33.524  2110  2687 I art     : Explicit concurrent mark sweep GC freed 4327(403KB) AllocSpace objects, 5(100KB) LOS objects, 28% free, 40MB/56MB, paused 1.166ms total 40.178ms
08-05 02:30:33.534  2110  2687 I art     : Starting a blocking GC Explicit
08-05 02:30:33.572  2110  2687 I art     : Explicit concurrent mark sweep GC freed 337(26KB) AllocSpace objects, 0(0B) LOS objects, 28% free, 40MB/56MB, paused 1.156ms total 37.681ms
08-05 02:30:33.582  2110  2687 I art     : Starting a blocking GC Explicit
08-05 02:30:33.621  2110  2687 I art     : Explicit concurrent mark sweep GC freed 28(928B) AllocSpace objects, 0(0B) LOS objects, 28% free, 40MB/56MB, paused 1.097ms total 39.064ms
08-05 02:30:33.631  2110  2687 I art     : Starting a blocking GC Explicit
08-05 02:30:33.671  2110  2687 I art     : Explicit concurrent mark sweep GC freed 6(192B) AllocSpace objects, 0(0B) LOS objects, 28% free, 40MB/56MB, paused 1.155ms total 39.498ms
08-05 02:30:33.681  2110  2687 I art     : Starting a blocking GC Explicit
08-05 02:30:33.721  2110  2687 I art     : Explicit concurrent mark sweep GC freed 6(192B) AllocSpace objects, 0(0B) LOS objects, 28% free, 40MB/56MB, paused 1.139ms total 39.253ms
08-05 02:30:33.853 28959 28959 I ServiceManager: Waiting for service AtCmdFwd...
08-05 02:30:33.933  2110  3092 I NAPPA_EXPERIMENTATION: MetricNetworkRequestExecutionTime: REQUEST_DURATION_SYSTEM='421',REQUEST_DURATION_OKHTTP='42',REQUEST_SYNCHRONOUS='TRUE',RESPONSE_CODE='200',RESPONSE_METHOD='GET',RESPONSE_LENGTH_OKHTTP='-1',RESPONSE_LENGTH_HEADER='-2',REQUEST_PROTOCOL='http/1.1',REQUEST_URL='https://www.newsblur.com/social/river_stories?order=newest&page=1&read_filter=all',
08-05 02:30:33.933  2110  3092 D MY_TAG  : 0, 421
08-05 02:30:33.955  2110  2110 D baseline.com.newsblur.service.NBSyncService: rejecting request for feedset that is exhaused
08-05 02:30:34.089  2110  2122 I art     : Starting a blocking GC Explicit
08-05 02:30:34.136  2110  2122 I art     : Explicit concurrent mark sweep GC freed 7531(457KB) AllocSpace objects, 7(140KB) LOS objects, 28% free, 40MB/56MB, paused 1.415ms total 45.609ms
08-05 02:30:34.147  2110  2122 I art     : Starting a blocking GC Explicit
08-05 02:30:34.189  2110  2122 I art     : Explicit concurrent mark sweep GC freed 253(11KB) AllocSpace objects, 0(0B) LOS objects, 28% free, 40MB/56MB, paused 1.246ms total 42.059ms
08-05 02:30:34.200  2110  2122 I art     : Starting a blocking GC Explicit
08-05 02:30:34.241  2110  2122 I art     : Explicit concurrent mark sweep GC freed 3(96B) AllocSpace objects, 0(0B) LOS objects, 28% free, 40MB/56MB, paused 1.166ms total 40.996ms
08-05 02:30:34.252  2110  2122 I art     : Starting a blocking GC Explicit
08-05 02:30:34.294  2110  2122 I art     : Explicit concurrent mark sweep GC freed 3(96B) AllocSpace objects, 0(0B) LOS objects, 28% free, 40MB/56MB, paused 1.190ms total 41.996ms
08-05 02:30:34.305  2110  2122 I art     : Starting a blocking GC Explicit
08-05 02:30:34.346  2110  2122 I art     : Explicit concurrent mark sweep GC freed 3(96B) AllocSpace objects, 0(0B) LOS objects, 28% free, 40MB/56MB, paused 1.186ms total 41.252ms
08-05 02:30:34.426  2110  3092 E baseline.com.newsblur.network.APIResponse: Error (unexpected end of stream on https://www.newsblur.com/...) calling https://www.newsblur.com/reader/mark_story_hashes_as_read/
08-05 02:30:34.426  2110  3092 E baseline.com.newsblur.network.APIResponse: java.io.IOException: unexpected end of stream on https://www.newsblur.com/...
08-05 02:30:34.426  2110  3092 E baseline.com.newsblur.network.APIResponse: 	at okhttp3.internal.http1.Http1ExchangeCodec.readResponseHeaders(Http1ExchangeCodec.java:236)
08-05 02:30:34.426  2110  3092 E baseline.com.newsblur.network.APIResponse: 	at okhttp3.internal.connection.Exchange.readResponseHeaders(Exchange.java:115)
08-05 02:30:34.426  2110  3092 E baseline.com.newsblur.network.APIResponse: 	at okhttp3.internal.http.CallServerInterceptor.intercept(CallServerInterceptor.java:94)
08-05 02:30:34.426  2110  3092 E baseline.com.newsblur.network.APIResponse: 	at okhttp3.internal.http.RealInterceptorChain.proceed(RealInterceptorChain.java:142)
08-05 02:30:34.426  2110  3092 E baseline.com.newsblur.network.APIResponse: 	at okhttp3.internal.connection.ConnectInterceptor.intercept(ConnectInterceptor.java:43)
08-05 02:30:34.426  2110  3092 E baseline.com.newsblur.network.APIResponse: 	at okhttp3.internal.http.RealInterceptorChain.proceed(RealInterceptorChain.java:142)
08-05 02:30:34.426  2110  3092 E baseline.com.newsblur.network.APIResponse: 	at okhttp3.internal.http.RealInterceptorChain.proceed(RealInterceptorChain.java:117)
08-05 02:30:34.426  2110  3092 E baseline.com.newsblur.network.APIResponse: 	at okhttp3.internal.cache.CacheInterceptor.intercept(CacheInterceptor.java:94)
08-05 02:30:34.426  2110  3092 E baseline.com.newsblur.network.APIResponse: 	at okhttp3.internal.http.RealInterceptorChain.proceed(RealInterceptorChain.java:142)
08-05 02:30:34.426  2110  3092 E baseline.com.newsblur.network.APIResponse: 	at okhttp3.internal.http.RealInterceptorChain.proceed(RealInterceptorChain.java:117)
08-05 02:30:34.426  2110  3092 E baseline.com.newsblur.network.APIResponse: 	at okhttp3.internal.http.BridgeInterceptor.intercept(BridgeInterceptor.java:93)
08-05 02:30:34.426  2110  3092 E baseline.com.newsblur.network.APIResponse: 	at okhttp3.internal.http.RealInterceptorChain.proceed(RealInterceptorChain.java:142)
08-05 02:30:34.426  2110  3092 E baseline.com.newsblur.network.APIResponse: 	at okhttp3.internal.http.RetryAndFollowUpInterceptor.intercept(RetryAndFollowUpInterceptor.java:88)
08-05 02:30:34.426  2110  3092 E baseline.com.newsblur.network.APIResponse: 	at okhttp3.internal.http.RealInterceptorChain.proceed(RealInterceptorChain.java:142)
08-05 02:30:34.426  2110  3092 E baseline.com.newsblur.network.APIResponse: 	at okhttp3.internal.http.RealInterceptorChain.proceed(RealInterceptorChain.java:117)
08-05 02:30:34.426  2110  3092 E baseline.com.newsblur.network.APIResponse: 	at okhttp3.RealCall.getResponseWithInterceptorChain(RealCall.java:229)
08-05 02:30:34.426  2110  3092 E baseline.com.newsblur.network.APIResponse: 	at okhttp3.RealCall.execute(RealCall.java:81)
08-05 02:30:34.426  2110  3092 E baseline.com.newsblur.network.APIResponse: 	at baseline.com.newsblur.network.APIResponse.<init>(APIResponse.java:57)
08-05 02:30:34.426  2110  3092 E baseline.com.newsblur.network.APIResponse: 	at baseline.com.newsblur.network.APIResponse.<init>(APIResponse.java:43)
08-05 02:30:34.426  2110  3092 E baseline.com.newsblur.network.APIResponse: 	at baseline.com.newsblur.network.APIManager.post_single(APIManager.java:702)
08-05 02:30:34.426  2110  3092 E baseline.com.newsblur.network.APIResponse: 	at baseline.com.newsblur.network.APIManager.post(APIManager.java:675)
08-05 02:30:34.426  2110  3092 E baseline.com.newsblur.network.APIResponse: 	at baseline.com.newsblur.network.APIManager.post(APIManager.java:714)
08-05 02:30:34.426  2110  3092 E baseline.com.newsblur.network.APIResponse: 	at baseline.com.newsblur.network.APIManager.markStoryAsRead(APIManager.java:205)
08-05 02:30:34.426  2110  3092 E baseline.com.newsblur.network.APIResponse: 	at baseline.com.newsblur.util.ReadingAction.doRemote(ReadingAction.java:281)
08-05 02:30:34.426  2110  3092 E baseline.com.newsblur.network.APIResponse: 	at baseline.com.newsblur.service.NBSyncService.syncActions(NBSyncService.java:400)
08-05 02:30:34.426  2110  3092 E baseline.com.newsblur.network.APIResponse: 	at baseline.com.newsblur.service.NBSyncService.doSync(NBSyncService.java:298)
08-05 02:30:34.426  2110  3092 E baseline.com.newsblur.network.APIResponse: 	at baseline.com.newsblur.service.NBSyncService.access$100(NBSyncService.java:67)
08-05 02:30:34.426  2110  3092 E baseline.com.newsblur.network.APIResponse: 	at baseline.com.newsblur.service.NBSyncService$1.run(NBSyncService.java:188)
08-05 02:30:34.426  2110  3092 E baseline.com.newsblur.network.APIResponse: 	at java.util.concurrent.ThreadPoolExecutor.runWorker(ThreadPoolExecutor.java:1113)
08-05 02:30:34.426  2110  3092 E baseline.com.newsblur.network.APIResponse: 	at java.util.concurrent.ThreadPoolExecutor$Worker.run(ThreadPoolExecutor.java:588)
08-05 02:30:34.426  2110  3092 E baseline.com.newsblur.network.APIResponse: 	at java.lang.Thread.run(Thread.java:818)
08-05 02:30:34.426  2110  3092 E baseline.com.newsblur.network.APIResponse: Caused by: java.io.EOFException: \n not found: limit=0 content=
08-05 02:30:34.426  2110  3092 E baseline.com.newsblur.network.APIResponse: 	at okio.RealBufferedSource.readUtf8LineStrict(RealBufferedSource.java:240)
08-05 02:30:34.426  2110  3092 E baseline.com.newsblur.network.APIResponse: 	at okhttp3.internal.http1.Http1ExchangeCodec.readHeaderLine(Http1ExchangeCodec.java:242)
08-05 02:30:34.426  2110  3092 E baseline.com.newsblur.network.APIResponse: 	at okhttp3.internal.http1.Http1ExchangeCodec.readResponseHeaders(Http1ExchangeCodec.java:213)
08-05 02:30:34.426  2110  3092 E baseline.com.newsblur.network.APIResponse: 	... 30 more
08-05 02:30:34.428  2110  3092 I baseline.com.newsblur.network.APIManager: API call failed, pausing before retry number 1
08-05 02:30:34.673  2110  2366 I art     : Starting a blocking GC Explicit
08-05 02:30:34.717  2110  2366 I art     : Explicit concurrent mark sweep GC freed 3935(356KB) AllocSpace objects, 3(60KB) LOS objects, 28% free, 40MB/56MB, paused 1.155ms total 43.693ms
08-05 02:30:34.729  2110  2366 I art     : Starting a blocking GC Explicit
08-05 02:30:34.750  3965  3965 D AndroidRuntime: >>>>>> START com.android.internal.os.RuntimeInit uid 2000 <<<<<<
08-05 02:30:34.755  3965  3965 D AndroidRuntime: CheckJNI is OFF
08-05 02:30:34.770  2110  2366 I art     : Explicit concurrent mark sweep GC freed 120(4KB) AllocSpace objects, 0(0B) LOS objects, 28% free, 40MB/56MB, paused 1.132ms total 40.570ms
08-05 02:30:34.780  2110  2366 I art     : Starting a blocking GC Explicit
08-05 02:30:34.791  3965  3965 D ICU     : No timezone override file found: /data/misc/zoneinfo/current/icu/icu_tzdata.dat
08-05 02:30:34.821  2110  2366 I art     : Explicit concurrent mark sweep GC freed 3(96B) AllocSpace objects, 0(0B) LOS objects, 28% free, 40MB/56MB, paused 1.196ms total 40.235ms
08-05 02:30:34.824  3965  3965 I Radio-JNI: register_android_hardware_Radio DONE
08-05 02:30:34.831  2110  2366 I art     : Starting a blocking GC Explicit
08-05 02:30:34.847  3965  3965 D AndroidRuntime: Calling main entry com.android.commands.input.Input
08-05 02:30:34.849  3965  3965 I Input   : injectMotionEvent: MotionEvent { action=ACTION_DOWN, actionButton=0, id[0]=0, x[0]=436.0, y[0]=453.0, toolType[0]=TOOL_TYPE_UNKNOWN, buttonState=0, metaState=0, flags=0x0, edgeFlags=0x0, pointerCount=1, historySize=0, eventTime=757851261, downTime=757851261, deviceId=0, source=0x1002 }
08-05 02:30:34.854 28959 28959 W Atfwd_Sendcmd: AtCmdFwd service not published, waiting... retryCnt : 5
08-05 02:30:34.855  3965  3965 I Input   : injectMotionEvent: MotionEvent { action=ACTION_UP, actionButton=0, id[0]=0, x[0]=436.0, y[0]=453.0, toolType[0]=TOOL_TYPE_UNKNOWN, buttonState=0, metaState=0, flags=0x0, edgeFlags=0x0, pointerCount=1, historySize=0, eventTime=757851261, downTime=757851261, deviceId=0, source=0x1002 }
08-05 02:30:34.857  3965  3965 D AndroidRuntime: Shutting down VM
08-05 02:30:34.862   512  2967 D audio_hw_primary: out_set_parameters: enter: usecase(1: low-latency-playback) kvpairs: routing=2
08-05 02:30:34.867   918  3359 I ActivityManager: START u0 {cmp=baseline.com.newsblur/.activity.AllSharedStoriesReading (has extras)} from uid 10676 on display 0
08-05 02:30:34.872  2110  2366 I art     : Explicit concurrent mark sweep GC freed 542(68KB) AllocSpace objects, 0(0B) LOS objects, 28% free, 40MB/56MB, paused 1.471ms total 40.693ms
08-05 02:30:34.876   512  2967 D audio_hw_primary: select_devices: out_snd_device(2: speaker) in_snd_device(0: none)
08-05 02:30:34.876   512  2967 D msm8974_platform: platform_send_audio_calibration: sending audio calibration for snd_device(2) acdb_id(15)
08-05 02:30:34.877   512  2967 I soundtrigger: audio_extn_sound_trigger_update_device_status: device 0x2 of type 0 for Event 1
08-05 02:30:34.884  2110  2366 I art     : Starting a blocking GC Explicit
08-05 02:30:34.887   512  2967 D audio_hw_primary: enable_snd_device: snd_device(2: speaker)
08-05 02:30:34.889   512  2967 D audio_hw_primary: enable_audio_route: apply and update mixer path: low-latency-playback speaker
08-05 02:30:34.920  2110  2366 I art     : Explicit concurrent mark sweep GC freed 1426(133KB) AllocSpace objects, 4(508KB) LOS objects, 28% free, 40MB/56MB, paused 1.140ms total 35.459ms
08-05 02:30:35.070   918   936 I ActivityManager: Displayed baseline.com.newsblur/.activity.AllSharedStoriesReading: +192ms
08-05 02:30:35.071 13866 13866 I GoogleInputMethodServic: GoogleInputMethodService.onFinishInput():3138 
08-05 02:30:35.072 13866 13866 I GoogleInputMethodServic: GoogleInputMethodService.onStartInput():1808 
08-05 02:30:35.234  2110  2366 I art     : Starting a blocking GC Explicit
08-05 02:30:35.277  2110  2366 I art     : Explicit concurrent mark sweep GC freed 4479(361KB) AllocSpace objects, 14(316KB) LOS objects, 28% free, 41MB/57MB, paused 1.319ms total 42.145ms
08-05 02:30:35.279  2110  2736 E chromium: [ERROR:tile_manager.cc(793)] WARNING: tile memory limits exceeded, some content may not draw
08-05 02:30:35.280  2110  2736 E chromium: [ERROR:tile_manager.cc(793)] WARNING: tile memory limits exceeded, some content may not draw
08-05 02:30:35.289  2110  2366 I art     : Starting a blocking GC Explicit
08-05 02:30:35.331  2110  2366 I art     : Explicit concurrent mark sweep GC freed 1165(54KB) AllocSpace objects, 1(28KB) LOS objects, 28% free, 41MB/57MB, paused 1.089ms total 41.931ms
08-05 02:30:35.341  2110  2366 I art     : Starting a blocking GC Explicit
08-05 02:30:35.379  2110  2366 I art     : Explicit concurrent mark sweep GC freed 3(96B) AllocSpace objects, 0(0B) LOS objects, 28% free, 41MB/57MB, paused 1.118ms total 37.688ms
08-05 02:30:35.390  2110  2366 I art     : Starting a blocking GC Explicit
08-05 02:30:35.430   512  2967 D audio_hw_primary: disable_audio_route: reset and update mixer path: low-latency-playback speaker
08-05 02:30:35.430  2110  2366 I art     : Explicit concurrent mark sweep GC freed 3(96B) AllocSpace objects, 0(0B) LOS objects, 28% free, 41MB/57MB, paused 1.208ms total 40.256ms
08-05 02:30:35.432   512  2967 D audio_hw_primary: disable_snd_device: snd_device(2: speaker)
08-05 02:30:35.440   512  2967 I soundtrigger: audio_extn_sound_trigger_update_device_status: device 0x2 of type 0 for Event 0
08-05 02:30:35.441  2110  2366 I art     : Starting a blocking GC Explicit
08-05 02:30:35.481  2110  2366 I art     : Explicit concurrent mark sweep GC freed 126(17KB) AllocSpace objects, 1(20KB) LOS objects, 28% free, 41MB/57MB, paused 1.248ms total 39.156ms
08-05 02:30:35.799  2110  2687 I art     : Starting a blocking GC Explicit
08-05 02:30:35.846  2110  2687 I art     : Explicit concurrent mark sweep GC freed 1469(83KB) AllocSpace objects, 1(20KB) LOS objects, 28% free, 41MB/57MB, paused 1.213ms total 46.938ms
08-05 02:30:35.858  2110  2687 I art     : Starting a blocking GC Explicit
08-05 02:30:35.901  2110  2687 I art     : Explicit concurrent mark sweep GC freed 22(784B) AllocSpace objects, 0(0B) LOS objects, 28% free, 41MB/57MB, paused 1.145ms total 43.554ms
08-05 02:30:35.912  2110  2687 I art     : Starting a blocking GC Explicit
08-05 02:30:35.957  2110  2687 I art     : Explicit concurrent mark sweep GC freed 94(3KB) AllocSpace objects, 0(0B) LOS objects, 28% free, 41MB/57MB, paused 1.248ms total 44.278ms
08-05 02:30:35.968  2110  2687 I art     : Starting a blocking GC Explicit
08-05 02:30:36.013  2110  2687 I art     : Explicit concurrent mark sweep GC freed 21(912B) AllocSpace objects, 0(0B) LOS objects, 28% free, 41MB/57MB, paused 1.277ms total 44.652ms
08-05 02:30:36.024  2110  2687 I art     : Starting a blocking GC Explicit
08-05 02:30:36.070  2110  2687 I art     : Explicit concurrent mark sweep GC freed 59(4KB) AllocSpace objects, 0(0B) LOS objects, 28% free, 41MB/57MB, paused 1.266ms total 45.371ms
08-05 02:30:36.425  2110  2123 I art     : Starting a blocking GC Explicit
08-05 02:30:36.479  2110  2123 I art     : Explicit concurrent mark sweep GC freed 1486(84KB) AllocSpace objects, 1(20KB) LOS objects, 28% free, 41MB/57MB, paused 1.445ms total 53.812ms
08-05 02:30:36.491  2110  2123 I art     : Starting a blocking GC Explicit
08-05 02:30:36.540  2110  2123 I art     : Explicit concurrent mark sweep GC freed 38(1296B) AllocSpace objects, 0(0B) LOS objects, 28% free, 41MB/57MB, paused 1.131ms total 48.231ms
08-05 02:30:36.554  2110  2123 I art     : Starting a blocking GC Explicit
08-05 02:30:36.601  2110  2123 I art     : Explicit concurrent mark sweep GC freed 12(384B) AllocSpace objects, 0(0B) LOS objects, 28% free, 41MB/57MB, paused 1.063ms total 46.532ms
08-05 02:30:36.613  2110  2123 I art     : Starting a blocking GC Explicit
08-05 02:30:36.655  2110  2123 I art     : Explicit concurrent mark sweep GC freed 3(96B) AllocSpace objects, 0(0B) LOS objects, 28% free, 41MB/57MB, paused 1.166ms total 42.378ms
08-05 02:30:36.666  2110  2123 I art     : Starting a blocking GC Explicit
08-05 02:30:36.710  2110  2123 I art     : Explicit concurrent mark sweep GC freed 3(96B) AllocSpace objects, 0(0B) LOS objects, 28% free, 41MB/57MB, paused 1.235ms total 43.945ms
08-05 02:30:36.800  2110  3092 E baseline.com.newsblur.network.APIResponse: Error (unexpected end of stream on https://www.newsblur.com/...) calling https://www.newsblur.com/reader/mark_story_hashes_as_read/
08-05 02:30:36.800  2110  3092 E baseline.com.newsblur.network.APIResponse: java.io.IOException: unexpected end of stream on https://www.newsblur.com/...
08-05 02:30:36.800  2110  3092 E baseline.com.newsblur.network.APIResponse: 	at okhttp3.internal.http1.Http1ExchangeCodec.readResponseHeaders(Http1ExchangeCodec.java:236)
08-05 02:30:36.800  2110  3092 E baseline.com.newsblur.network.APIResponse: 	at okhttp3.internal.connection.Exchange.readResponseHeaders(Exchange.java:115)
08-05 02:30:36.800  2110  3092 E baseline.com.newsblur.network.APIResponse: 	at okhttp3.internal.http.CallServerInterceptor.intercept(CallServerInterceptor.java:94)
08-05 02:30:36.800  2110  3092 E baseline.com.newsblur.network.APIResponse: 	at okhttp3.internal.http.RealInterceptorChain.proceed(RealInterceptorChain.java:142)
08-05 02:30:36.800  2110  3092 E baseline.com.newsblur.network.APIResponse: 	at okhttp3.internal.connection.ConnectInterceptor.intercept(ConnectInterceptor.java:43)
08-05 02:30:36.800  2110  3092 E baseline.com.newsblur.network.APIResponse: 	at okhttp3.internal.http.RealInterceptorChain.proceed(RealInterceptorChain.java:142)
08-05 02:30:36.800  2110  3092 E baseline.com.newsblur.network.APIResponse: 	at okhttp3.internal.http.RealInterceptorChain.proceed(RealInterceptorChain.java:117)
08-05 02:30:36.800  2110  3092 E baseline.com.newsblur.network.APIResponse: 	at okhttp3.internal.cache.CacheInterceptor.intercept(CacheInterceptor.java:94)
08-05 02:30:36.800  2110  3092 E baseline.com.newsblur.network.APIResponse: 	at okhttp3.internal.http.RealInterceptorChain.proceed(RealInterceptorChain.java:142)
08-05 02:30:36.800  2110  3092 E baseline.com.newsblur.network.APIResponse: 	at okhttp3.internal.http.RealInterceptorChain.proceed(RealInterceptorChain.java:117)
08-05 02:30:36.800  2110  3092 E baseline.com.newsblur.network.APIResponse: 	at okhttp3.internal.http.BridgeInterceptor.intercept(BridgeInterceptor.java:93)
08-05 02:30:36.800  2110  3092 E baseline.com.newsblur.network.APIResponse: 	at okhttp3.internal.http.RealInterceptorChain.proceed(RealInterceptorChain.java:142)
08-05 02:30:36.800  2110  3092 E baseline.com.newsblur.network.APIResponse: 	at okhttp3.internal.http.RetryAndFollowUpInterceptor.intercept(RetryAndFollowUpInterceptor.java:88)
08-05 02:30:36.800  2110  3092 E baseline.com.newsblur.network.APIResponse: 	at okhttp3.internal.http.RealInterceptorChain.proceed(RealInterceptorChain.java:142)
08-05 02:30:36.800  2110  3092 E baseline.com.newsblur.network.APIResponse: 	at okhttp3.internal.http.RealInterceptorChain.proceed(RealInterceptorChain.java:117)
08-05 02:30:36.800  2110  3092 E baseline.com.newsblur.network.APIResponse: 	at okhttp3.RealCall.getResponseWithInterceptorChain(RealCall.java:229)
08-05 02:30:36.800  2110  3092 E baseline.com.newsblur.network.APIResponse: 	at okhttp3.RealCall.execute(RealCall.java:81)
08-05 02:30:36.800  2110  3092 E baseline.com.newsblur.network.APIResponse: 	at baseline.com.newsblur.network.APIResponse.<init>(APIResponse.java:57)
08-05 02:30:36.800  2110  3092 E baseline.com.newsblur.network.APIResponse: 	at baseline.com.newsblur.network.APIResponse.<init>(APIResponse.java:43)
08-05 02:30:36.800  2110  3092 E baseline.com.newsblur.network.APIResponse: 	at baseline.com.newsblur.network.APIManager.post_single(APIManager.java:702)
08-05 02:30:36.800  2110  3092 E baseline.com.newsblur.network.APIResponse: 	at baseline.com.newsblur.network.APIManager.post(APIManager.java:675)
08-05 02:30:36.800  2110  3092 E baseline.com.newsblur.network.APIResponse: 	at baseline.com.newsblur.network.APIManager.post(APIManager.java:714)
08-05 02:30:36.800  2110  3092 E baseline.com.newsblur.network.APIResponse: 	at baseline.com.newsblur.network.APIManager.markStoryAsRead(APIManager.java:205)
08-05 02:30:36.800  2110  3092 E baseline.com.newsblur.network.APIResponse: 	at baseline.com.newsblur.util.ReadingAction.doRemote(ReadingAction.java:281)
08-05 02:30:36.800  2110  3092 E baseline.com.newsblur.network.APIResponse: 	at baseline.com.newsblur.service.NBSyncService.syncActions(NBSyncService.java:400)
08-05 02:30:36.800  2110  3092 E baseline.com.newsblur.network.APIResponse: 	at baseline.com.newsblur.service.NBSyncService.doSync(NBSyncService.java:298)
08-05 02:30:36.800  2110  3092 E baseline.com.newsblur.network.APIResponse: 	at baseline.com.newsblur.service.NBSyncService.access$100(NBSyncService.java:67)
08-05 02:30:36.800  2110  3092 E baseline.com.newsblur.network.APIResponse: 	at baseline.com.newsblur.service.NBSyncService$1.run(NBSyncService.java:188)
08-05 02:30:36.800  2110  3092 E baseline.com.newsblur.network.APIResponse: 	at java.util.concurrent.ThreadPoolExecutor.runWorker(ThreadPoolExecutor.java:1113)
08-05 02:30:36.800  2110  3092 E baseline.com.newsblur.network.APIResponse: 	at java.util.concurrent.ThreadPoolExecutor$Worker.run(ThreadPoolExecutor.java:588)
08-05 02:30:36.800  2110  3092 E baseline.com.newsblur.network.APIResponse: 	at java.lang.Thread.run(Thread.java:818)
08-05 02:30:36.800  2110  3092 E baseline.com.newsblur.network.APIResponse: Caused by: java.io.EOFException: \n not found: limit=0 content=
08-05 02:30:36.800  2110  3092 E baseline.com.newsblur.network.APIResponse: 	at okio.RealBufferedSource.readUtf8LineStrict(RealBufferedSource.java:240)
08-05 02:30:36.800  2110  3092 E baseline.com.newsblur.network.APIResponse: 	at okhttp3.internal.http1.Http1ExchangeCodec.readHeaderLine(Http1ExchangeCodec.java:242)
08-05 02:30:36.800  2110  3092 E baseline.com.newsblur.network.APIResponse: 	at okhttp3.internal.http1.Http1ExchangeCodec.readResponseHeaders(Http1ExchangeCodec.java:213)
08-05 02:30:36.800  2110  3092 E baseline.com.newsblur.network.APIResponse: 	... 30 more
08-05 02:30:36.801  2110  3092 I baseline.com.newsblur.network.APIManager: API call failed, pausing before retry number 2
08-05 02:30:37.061  2110  2687 I art     : Starting a blocking GC Explicit
08-05 02:30:37.109  2110  2687 I art     : Explicit concurrent mark sweep GC freed 3957(357KB) AllocSpace objects, 3(60KB) LOS objects, 28% free, 41MB/57MB, paused 1.315ms total 48.121ms
08-05 02:30:37.123  2110  2687 I art     : Starting a blocking GC Explicit
08-05 02:30:37.165  2110  2687 I art     : Explicit concurrent mark sweep GC freed 120(4KB) AllocSpace objects, 0(0B) LOS objects, 28% free, 41MB/57MB, paused 1.172ms total 42.647ms
08-05 02:30:37.176  2110  2687 I art     : Starting a blocking GC Explicit
08-05 02:30:37.219  2110  2687 I art     : Explicit concurrent mark sweep GC freed 3(96B) AllocSpace objects, 0(0B) LOS objects, 28% free, 41MB/57MB, paused 1.180ms total 42.814ms
08-05 02:30:37.230  2110  2687 I art     : Starting a blocking GC Explicit
08-05 02:30:37.274  2110  2687 I art     : Explicit concurrent mark sweep GC freed 3(96B) AllocSpace objects, 0(0B) LOS objects, 28% free, 41MB/57MB, paused 1.150ms total 43.644ms
08-05 02:30:37.285  2110  2687 I art     : Starting a blocking GC Explicit
08-05 02:30:37.329  2110  2687 I art     : Explicit concurrent mark sweep GC freed 3(96B) AllocSpace objects, 0(0B) LOS objects, 28% free, 41MB/57MB, paused 1.166ms total 43.706ms
08-05 02:30:37.708  2110  2122 I art     : Starting a blocking GC Explicit
08-05 02:30:37.752  2110  2122 I art     : Explicit concurrent mark sweep GC freed 1446(83KB) AllocSpace objects, 1(20KB) LOS objects, 28% free, 41MB/57MB, paused 1.283ms total 44.352ms
08-05 02:30:37.763  2110  2122 I art     : Starting a blocking GC Explicit
08-05 02:30:37.807  2110  2122 I art     : Explicit concurrent mark sweep GC freed 22(784B) AllocSpace objects, 0(0B) LOS objects, 28% free, 41MB/57MB, paused 1.272ms total 43.644ms
08-05 02:30:37.818  2110  2122 I art     : Starting a blocking GC Explicit
08-05 02:30:37.862  2110  2122 I art     : Explicit concurrent mark sweep GC freed 3(96B) AllocSpace objects, 0(0B) LOS objects, 28% free, 41MB/57MB, paused 1.155ms total 43.335ms
08-05 02:30:37.873  2110  2122 I art     : Starting a blocking GC Explicit
08-05 02:30:37.918  2110  2122 I art     : Explicit concurrent mark sweep GC freed 3(96B) AllocSpace objects, 0(0B) LOS objects, 28% free, 41MB/57MB, paused 1.250ms total 44.902ms
08-05 02:30:37.929  2110  2122 I art     : Starting a blocking GC Explicit
08-05 02:30:37.975  2110  2122 I art     : Explicit concurrent mark sweep GC freed 3(96B) AllocSpace objects, 0(0B) LOS objects, 28% free, 41MB/57MB, paused 1.179ms total 45.150ms
08-05 02:30:38.357  2110  2366 I art     : Starting a blocking GC Explicit
08-05 02:30:38.370   918  3261 D WifiStateMachine: starting scan for "H369AA63323"WPA_PSK with 2412,5180
08-05 02:30:38.402  2110  2366 I art     : Explicit concurrent mark sweep GC freed 1445(83KB) AllocSpace objects, 1(20KB) LOS objects, 28% free, 41MB/57MB, paused 1.166ms total 44.891ms
08-05 02:30:38.413  2110  2366 I art     : Starting a blocking GC Explicit
08-05 02:30:38.458  2110  2366 I art     : Explicit concurrent mark sweep GC freed 22(784B) AllocSpace objects, 0(0B) LOS objects, 28% free, 41MB/57MB, paused 1.201ms total 44.163ms
08-05 02:30:38.469  2110  2366 I art     : Starting a blocking GC Explicit
08-05 02:30:38.513  2110  2366 I art     : Explicit concurrent mark sweep GC freed 3(96B) AllocSpace objects, 0(0B) LOS objects, 28% free, 41MB/57MB, paused 1.141ms total 43.614ms
08-05 02:30:38.524  2110  2366 I art     : Starting a blocking GC Explicit
08-05 02:30:38.568  2110  2366 I art     : Explicit concurrent mark sweep GC freed 3(96B) AllocSpace objects, 0(0B) LOS objects, 28% free, 41MB/57MB, paused 1.230ms total 43.844ms
08-05 02:30:38.579  2110  2366 I art     : Starting a blocking GC Explicit
08-05 02:30:38.623  2110  2366 I art     : Explicit concurrent mark sweep GC freed 3(96B) AllocSpace objects, 0(0B) LOS objects, 28% free, 41MB/57MB, paused 1.152ms total 43.619ms
08-05 02:30:38.979  2110  2123 I art     : Starting a blocking GC Explicit
08-05 02:30:39.024  2110  2123 I art     : Explicit concurrent mark sweep GC freed 1446(83KB) AllocSpace objects, 1(20KB) LOS objects, 28% free, 41MB/57MB, paused 1.147ms total 44.124ms
08-05 02:30:39.035  2110  2123 I art     : Starting a blocking GC Explicit
08-05 02:30:39.080  2110  2123 I art     : Explicit concurrent mark sweep GC freed 22(784B) AllocSpace objects, 0(0B) LOS objects, 28% free, 41MB/57MB, paused 1.214ms total 44.765ms
08-05 02:30:39.091  2110  2123 I art     : Starting a blocking GC Explicit
08-05 02:30:39.134  2110  2123 I art     : Explicit concurrent mark sweep GC freed 3(96B) AllocSpace objects, 0(0B) LOS objects, 28% free, 41MB/57MB, paused 1.152ms total 42.948ms
08-05 02:30:39.144  2110  2123 I art     : Starting a blocking GC Explicit
08-05 02:30:39.189  2110  2123 I art     : Explicit concurrent mark sweep GC freed 3(96B) AllocSpace objects, 0(0B) LOS objects, 28% free, 41MB/57MB, paused 1.218ms total 44.548ms
08-05 02:30:39.201  2110  2123 I art     : Starting a blocking GC Explicit
08-05 02:30:39.245  2110  2123 I art     : Explicit concurrent mark sweep GC freed 3(96B) AllocSpace objects, 0(0B) LOS objects, 28% free, 41MB/57MB, paused 1.213ms total 44.243ms
08-05 02:30:39.619  2110  2687 I art     : Starting a blocking GC Explicit
08-05 02:30:39.667  2110  2687 I art     : Explicit concurrent mark sweep GC freed 1446(83KB) AllocSpace objects, 1(20KB) LOS objects, 28% free, 41MB/57MB, paused 1.199ms total 47.838ms
08-05 02:30:39.682  2110  2687 I art     : Starting a blocking GC Explicit
08-05 02:30:39.725  2110  2687 I art     : Explicit concurrent mark sweep GC freed 22(784B) AllocSpace objects, 0(0B) LOS objects, 28% free, 41MB/57MB, paused 1.142ms total 42.301ms
08-05 02:30:39.735  2110  2687 I art     : Starting a blocking GC Explicit
08-05 02:30:39.779  2110  2687 I art     : Explicit concurrent mark sweep GC freed 3(96B) AllocSpace objects, 0(0B) LOS objects, 28% free, 41MB/57MB, paused 1.139ms total 43.135ms
08-05 02:30:39.789  2110  2687 I art     : Starting a blocking GC Explicit
08-05 02:30:39.832  2110  2687 I art     : Explicit concurrent mark sweep GC freed 94(3KB) AllocSpace objects, 0(0B) LOS objects, 28% free, 41MB/57MB, paused 1.181ms total 42.607ms
08-05 02:30:39.843  2110  2687 I art     : Starting a blocking GC Explicit
08-05 02:30:39.887  2110  2687 I art     : Explicit concurrent mark sweep GC freed 9(352B) AllocSpace objects, 0(0B) LOS objects, 28% free, 41MB/57MB, paused 1.246ms total 43.561ms
08-05 02:30:40.245  2110  2122 I art     : Starting a blocking GC Explicit
08-05 02:30:40.290  2110  2122 I art     : Explicit concurrent mark sweep GC freed 1518(88KB) AllocSpace objects, 1(20KB) LOS objects, 28% free, 41MB/57MB, paused 1.218ms total 45.096ms
08-05 02:30:40.303  2110  2122 I art     : Starting a blocking GC Explicit
08-05 02:30:40.346  2110  2122 I art     : Explicit concurrent mark sweep GC freed 1658(64KB) AllocSpace objects, 0(0B) LOS objects, 28% free, 41MB/57MB, paused 1.276ms total 43.072ms
08-05 02:30:40.357  2110  2122 I art     : Starting a blocking GC Explicit
08-05 02:30:40.389  2110  3092 E baseline.com.newsblur.network.APIResponse: Error (unexpected end of stream on https://www.newsblur.com/...) calling https://www.newsblur.com/reader/mark_story_hashes_as_read/
08-05 02:30:40.389  2110  3092 E baseline.com.newsblur.network.APIResponse: java.io.IOException: unexpected end of stream on https://www.newsblur.com/...
08-05 02:30:40.389  2110  3092 E baseline.com.newsblur.network.APIResponse: 	at okhttp3.internal.http1.Http1ExchangeCodec.readResponseHeaders(Http1ExchangeCodec.java:236)
08-05 02:30:40.389  2110  3092 E baseline.com.newsblur.network.APIResponse: 	at okhttp3.internal.connection.Exchange.readResponseHeaders(Exchange.java:115)
08-05 02:30:40.389  2110  3092 E baseline.com.newsblur.network.APIResponse: 	at okhttp3.internal.http.CallServerInterceptor.intercept(CallServerInterceptor.java:94)
08-05 02:30:40.389  2110  3092 E baseline.com.newsblur.network.APIResponse: 	at okhttp3.internal.http.RealInterceptorChain.proceed(RealInterceptorChain.java:142)
08-05 02:30:40.389  2110  3092 E baseline.com.newsblur.network.APIResponse: 	at okhttp3.internal.connection.ConnectInterceptor.intercept(ConnectInterceptor.java:43)
08-05 02:30:40.389  2110  3092 E baseline.com.newsblur.network.APIResponse: 	at okhttp3.internal.http.RealInterceptorChain.proceed(RealInterceptorChain.java:142)
08-05 02:30:40.389  2110  3092 E baseline.com.newsblur.network.APIResponse: 	at okhttp3.internal.http.RealInterceptorChain.proceed(RealInterceptorChain.java:117)
08-05 02:30:40.389  2110  3092 E baseline.com.newsblur.network.APIResponse: 	at okhttp3.internal.cache.CacheInterceptor.intercept(CacheInterceptor.java:94)
08-05 02:30:40.389  2110  3092 E baseline.com.newsblur.network.APIResponse: 	at okhttp3.internal.http.RealInterceptorChain.proceed(RealInterceptorChain.java:142)
08-05 02:30:40.389  2110  3092 E baseline.com.newsblur.network.APIResponse: 	at okhttp3.internal.http.RealInterceptorChain.proceed(RealInterceptorChain.java:117)
08-05 02:30:40.389  2110  3092 E baseline.com.newsblur.network.APIResponse: 	at okhttp3.internal.http.BridgeInterceptor.intercept(BridgeInterceptor.java:93)
08-05 02:30:40.389  2110  3092 E baseline.com.newsblur.network.APIResponse: 	at okhttp3.internal.http.RealInterceptorChain.proceed(RealInterceptorChain.java:142)
08-05 02:30:40.389  2110  3092 E baseline.com.newsblur.network.APIResponse: 	at okhttp3.internal.http.RetryAndFollowUpInterceptor.intercept(RetryAndFollowUpInterceptor.java:88)
08-05 02:30:40.389  2110  3092 E baseline.com.newsblur.network.APIResponse: 	at okhttp3.internal.http.RealInterceptorChain.proceed(RealInterceptorChain.java:142)
08-05 02:30:40.389  2110  3092 E baseline.com.newsblur.network.APIResponse: 	at okhttp3.internal.http.RealInterceptorChain.proceed(RealInterceptorChain.java:117)
08-05 02:30:40.389  2110  3092 E baseline.com.newsblur.network.APIResponse: 	at okhttp3.RealCall.getResponseWithInterceptorChain(RealCall.java:229)
08-05 02:30:40.389  2110  3092 E baseline.com.newsblur.network.APIResponse: 	at okhttp3.RealCall.execute(RealCall.java:81)
08-05 02:30:40.389  2110  3092 E baseline.com.newsblur.network.APIResponse: 	at baseline.com.newsblur.network.APIResponse.<init>(APIResponse.java:57)
08-05 02:30:40.389  2110  3092 E baseline.com.newsblur.network.APIResponse: 	at baseline.com.newsblur.network.APIResponse.<init>(APIResponse.java:43)
08-05 02:30:40.389  2110  3092 E baseline.com.newsblur.network.APIResponse: 	at baseline.com.newsblur.network.APIManager.post_single(APIManager.java:702)
08-05 02:30:40.389  2110  3092 E baseline.com.newsblur.network.APIResponse: 	at baseline.com.newsblur.network.APIManager.post(APIManager.java:675)
08-05 02:30:40.389  2110  3092 E baseline.com.newsblur.network.APIResponse: 	at baseline.com.newsblur.network.APIManager.post(APIManager.java:714)
08-05 02:30:40.389  2110  3092 E baseline.com.newsblur.network.APIResponse: 	at baseline.com.newsblur.network.APIManager.markStoryAsRead(APIManager.java:205)
08-05 02:30:40.389  2110  3092 E baseline.com.newsblur.network.APIResponse: 	at baseline.com.newsblur.util.ReadingAction.doRemote(ReadingAction.java:281)
08-05 02:30:40.389  2110  3092 E baseline.com.newsblur.network.APIResponse: 	at baseline.com.newsblur.service.NBSyncService.syncActions(NBSyncService.java:400)
08-05 02:30:40.389  2110  3092 E baseline.com.newsblur.network.APIResponse: 	at baseline.com.newsblur.service.NBSyncService.doSync(NBSyncService.java:298)
08-05 02:30:40.389  2110  3092 E baseline.com.newsblur.network.APIResponse: 	at baseline.com.newsblur.service.NBSyncService.access$100(NBSyncService.java:67)
08-05 02:30:40.389  2110  3092 E baseline.com.newsblur.network.APIResponse: 	at baseline.com.newsblur.service.NBSyncService$1.run(NBSyncService.java:188)
08-05 02:30:40.389  2110  3092 E baseline.com.newsblur.network.APIResponse: 	at java.util.concurrent.ThreadPoolExecutor.runWorker(ThreadPoolExecutor.java:1113)
08-05 02:30:40.389  2110  3092 E baseline.com.newsblur.network.APIResponse: 	at java.util.concurrent.ThreadPoolExecutor$Worker.run(ThreadPoolExecutor.java:588)
08-05 02:30:40.389  2110  3092 E baseline.com.newsblur.network.APIResponse: 	at java.lang.Thread.run(Thread.java:818)
08-05 02:30:40.389  2110  3092 E baseline.com.newsblur.network.APIResponse: Caused by: java.io.EOFException: \n not found: limit=0 content=
08-05 02:30:40.389  2110  3092 E baseline.com.newsblur.network.APIResponse: 	at okio.RealBufferedSource.readUtf8LineStrict(RealBufferedSource.java:240)
08-05 02:30:40.389  2110  3092 E baseline.com.newsblur.network.APIResponse: 	at okhttp3.internal.http1.Http1ExchangeCodec.readHeaderLine(Http1ExchangeCodec.java:242)
08-05 02:30:40.389  2110  3092 E baseline.com.newsblur.network.APIResponse: 	at okhttp3.internal.http1.Http1ExchangeCodec.readResponseHeaders(Http1ExchangeCodec.java:213)
08-05 02:30:40.389  2110  3092 E baseline.com.newsblur.network.APIResponse: 	... 30 more
08-05 02:30:40.392  2110  3092 I baseline.com.newsblur.service.NBSyncService: Holding reading action with server-side or network error.
08-05 02:30:40.400  2110  2122 I art     : Explicit concurrent mark sweep GC freed 814(163KB) AllocSpace objects, 0(0B) LOS objects, 28% free, 41MB/57MB, paused 1.174ms total 42.823ms
08-05 02:30:40.407  2110  3092 W baseline.com.newsblur.service.NBSyncService: hard API failure
08-05 02:30:40.411  2110  2122 I art     : Starting a blocking GC Explicit
08-05 02:30:40.454  2110  2122 I art     : Explicit concurrent mark sweep GC freed 529(99KB) AllocSpace objects, 4(80KB) LOS objects, 28% free, 41MB/57MB, paused 1.187ms total 42.895ms
08-05 02:30:40.465  2110  2122 I art     : Starting a blocking GC Explicit
08-05 02:30:40.509  2110  2122 I art     : Explicit concurrent mark sweep GC freed 59(2240B) AllocSpace objects, 0(0B) LOS objects, 28% free, 41MB/57MB, paused 1.246ms total 44.120ms
08-05 02:30:40.878  2110  3092 E baseline.com.newsblur.network.APIResponse: Error (unexpected end of stream on https://www.newsblur.com/...) calling https://www.newsblur.com/reader/mark_story_hashes_as_read/
08-05 02:30:40.878  2110  3092 E baseline.com.newsblur.network.APIResponse: java.io.IOException: unexpected end of stream on https://www.newsblur.com/...
08-05 02:30:40.878  2110  3092 E baseline.com.newsblur.network.APIResponse: 	at okhttp3.internal.http1.Http1ExchangeCodec.readResponseHeaders(Http1ExchangeCodec.java:236)
08-05 02:30:40.878  2110  3092 E baseline.com.newsblur.network.APIResponse: 	at okhttp3.internal.connection.Exchange.readResponseHeaders(Exchange.java:115)
08-05 02:30:40.878  2110  3092 E baseline.com.newsblur.network.APIResponse: 	at okhttp3.internal.http.CallServerInterceptor.intercept(CallServerInterceptor.java:94)
08-05 02:30:40.878  2110  3092 E baseline.com.newsblur.network.APIResponse: 	at okhttp3.internal.http.RealInterceptorChain.proceed(RealInterceptorChain.java:142)
08-05 02:30:40.878  2110  3092 E baseline.com.newsblur.network.APIResponse: 	at okhttp3.internal.connection.ConnectInterceptor.intercept(ConnectInterceptor.java:43)
08-05 02:30:40.878  2110  3092 E baseline.com.newsblur.network.APIResponse: 	at okhttp3.internal.http.RealInterceptorChain.proceed(RealInterceptorChain.java:142)
08-05 02:30:40.878  2110  3092 E baseline.com.newsblur.network.APIResponse: 	at okhttp3.internal.http.RealInterceptorChain.proceed(RealInterceptorChain.java:117)
08-05 02:30:40.878  2110  3092 E baseline.com.newsblur.network.APIResponse: 	at okhttp3.internal.cache.CacheInterceptor.intercept(CacheInterceptor.java:94)
08-05 02:30:40.878  2110  3092 E baseline.com.newsblur.network.APIResponse: 	at okhttp3.internal.http.RealInterceptorChain.proceed(RealInterceptorChain.java:142)
08-05 02:30:40.878  2110  3092 E baseline.com.newsblur.network.APIResponse: 	at okhttp3.internal.http.RealInterceptorChain.proceed(RealInterceptorChain.java:117)
08-05 02:30:40.878  2110  3092 E baseline.com.newsblur.network.APIResponse: 	at okhttp3.internal.http.BridgeInterceptor.intercept(BridgeInterceptor.java:93)
08-05 02:30:40.878  2110  3092 E baseline.com.newsblur.network.APIResponse: 	at okhttp3.internal.http.RealInterceptorChain.proceed(RealInterceptorChain.java:142)
08-05 02:30:40.878  2110  3092 E baseline.com.newsblur.network.APIResponse: 	at okhttp3.internal.http.RetryAndFollowUpInterceptor.intercept(RetryAndFollowUpInterceptor.java:88)
08-05 02:30:40.878  2110  3092 E baseline.com.newsblur.network.APIResponse: 	at okhttp3.internal.http.RealInterceptorChain.proceed(RealInterceptorChain.java:142)
08-05 02:30:40.878  2110  3092 E baseline.com.newsblur.network.APIResponse: 	at okhttp3.internal.http.RealInterceptorChain.proceed(RealInterceptorChain.java:117)
08-05 02:30:40.878  2110  3092 E baseline.com.newsblur.network.APIResponse: 	at okhttp3.RealCall.getResponseWithInterceptorChain(RealCall.java:229)
08-05 02:30:40.878  2110  3092 E baseline.com.newsblur.network.APIResponse: 	at okhttp3.RealCall.execute(RealCall.java:81)
08-05 02:30:40.878  2110  3092 E baseline.com.newsblur.network.APIResponse: 	at baseline.com.newsblur.network.APIResponse.<init>(APIResponse.java:57)
08-05 02:30:40.878  2110  3092 E baseline.com.newsblur.network.APIResponse: 	at baseline.com.newsblur.network.APIResponse.<init>(APIResponse.java:43)
08-05 02:30:40.878  2110  3092 E baseline.com.newsblur.network.APIResponse: 	at baseline.com.newsblur.network.APIManager.post_single(APIManager.java:702)
08-05 02:30:40.878  2110  3092 E baseline.com.newsblur.network.APIResponse: 	at baseline.com.newsblur.network.APIManager.post(APIManager.java:675)
08-05 02:30:40.878  2110  3092 E baseline.com.newsblur.network.APIResponse: 	at baseline.com.newsblur.network.APIManager.post(APIManager.java:714)
08-05 02:30:40.878  2110  3092 E baseline.com.newsblur.network.APIResponse: 	at baseline.com.newsblur.network.APIManager.markStoryAsRead(APIManager.java:205)
08-05 02:30:40.878  2110  3092 E baseline.com.newsblur.network.APIResponse: 	at baseline.com.newsblur.util.ReadingAction.doRemote(ReadingAction.java:281)
08-05 02:30:40.878  2110  3092 E baseline.com.newsblur.network.APIResponse: 	at baseline.com.newsblur.service.NBSyncService.syncActions(NBSyncService.java:400)
08-05 02:30:40.878  2110  3092 E baseline.com.newsblur.network.APIResponse: 	at baseline.com.newsblur.service.NBSyncService.doSync(NBSyncService.java:298)
08-05 02:30:40.878  2110  3092 E baseline.com.newsblur.network.APIResponse: 	at baseline.com.newsblur.service.NBSyncService.access$100(NBSyncService.java:67)
08-05 02:30:40.878  2110  3092 E baseline.com.newsblur.network.APIResponse: 	at baseline.com.newsblur.service.NBSyncService$1.run(NBSyncService.java:188)
08-05 02:30:40.878  2110  3092 E baseline.com.newsblur.network.APIResponse: 	at java.util.concurrent.ThreadPoolExecutor.runWorker(ThreadPoolExecutor.java:1113)
08-05 02:30:40.878  2110  3092 E baseline.com.newsblur.network.APIResponse: 	at java.util.concurrent.ThreadPoolExecutor$Worker.run(ThreadPoolExecutor.java:588)
08-05 02:30:40.878  2110  3092 E baseline.com.newsblur.network.APIResponse: 	at java.lang.Thread.run(Thread.java:818)
08-05 02:30:40.878  2110  3092 E baseline.com.newsblur.network.APIResponse: Caused by: java.io.EOFException: \n not found: limit=0 content=
08-05 02:30:40.878  2110  3092 E baseline.com.newsblur.network.APIResponse: 	at okio.RealBufferedSource.readUtf8LineStrict(RealBufferedSource.java:240)
08-05 02:30:40.878  2110  3092 E baseline.com.newsblur.network.APIResponse: 	at okhttp3.internal.http1.Http1ExchangeCodec.readHeaderLine(Http1ExchangeCodec.java:242)
08-05 02:30:40.878  2110  3092 E baseline.com.newsblur.network.APIResponse: 	at okhttp3.internal.http1.Http1ExchangeCodec.readResponseHeaders(Http1ExchangeCodec.java:213)
08-05 02:30:40.878  2110  3092 E baseline.com.newsblur.network.APIResponse: 	... 30 more
08-05 02:30:40.880  2110  3092 I baseline.com.newsblur.network.APIManager: API call failed, pausing before retry number 1
08-05 02:30:40.885  2110  2366 I art     : Starting a blocking GC Explicit
08-05 02:30:40.929  2110  2366 I art     : Explicit concurrent mark sweep GC freed 3949(357KB) AllocSpace objects, 3(60KB) LOS objects, 28% free, 41MB/57MB, paused 1.236ms total 43.412ms
08-05 02:30:40.939  2110  2366 I art     : Starting a blocking GC Explicit
08-05 02:30:40.983  2110  2366 I art     : Explicit concurrent mark sweep GC freed 124(4KB) AllocSpace objects, 0(0B) LOS objects, 28% free, 41MB/57MB, paused 1.150ms total 42.910ms
08-05 02:30:40.993  2110  2366 I art     : Starting a blocking GC Explicit
08-05 02:30:41.037  2110  2366 I art     : Explicit concurrent mark sweep GC freed 6(192B) AllocSpace objects, 0(0B) LOS objects, 28% free, 41MB/57MB, paused 1.190ms total 43.010ms
08-05 02:30:41.048  2110  2366 I art     : Starting a blocking GC Explicit
08-05 02:30:41.092  2110  2366 I art     : Explicit concurrent mark sweep GC freed 3(96B) AllocSpace objects, 0(0B) LOS objects, 28% free, 41MB/57MB, paused 1.169ms total 43.822ms
08-05 02:30:41.103  2110  2366 I art     : Starting a blocking GC Explicit
08-05 02:30:41.147  2110  2366 I art     : Explicit concurrent mark sweep GC freed 3(96B) AllocSpace objects, 0(0B) LOS objects, 28% free, 41MB/57MB, paused 1.214ms total 43.782ms
08-05 02:30:41.520  2110  2123 I art     : Starting a blocking GC Explicit
08-05 02:30:41.567  2110  2123 I art     : Explicit concurrent mark sweep GC freed 1443(83KB) AllocSpace objects, 1(20KB) LOS objects, 28% free, 41MB/57MB, paused 1.177ms total 46.367ms
08-05 02:30:41.584  2110  2123 I art     : Starting a blocking GC Explicit
08-05 02:30:41.627  2110  2123 I art     : Explicit concurrent mark sweep GC freed 22(784B) AllocSpace objects, 0(0B) LOS objects, 28% free, 41MB/57MB, paused 1.136ms total 42.215ms
08-05 02:30:41.638  2110  2123 I art     : Starting a blocking GC Explicit
08-05 02:30:41.680  2110  2123 I art     : Explicit concurrent mark sweep GC freed 3(96B) AllocSpace objects, 0(0B) LOS objects, 28% free, 41MB/57MB, paused 1.145ms total 42.436ms
08-05 02:30:41.691  2110  2123 I art     : Starting a blocking GC Explicit
08-05 02:30:41.734  2110  2123 I art     : Explicit concurrent mark sweep GC freed 3(96B) AllocSpace objects, 0(0B) LOS objects, 28% free, 41MB/57MB, paused 1.099ms total 42.416ms
08-05 02:30:41.745  2110  2123 I art     : Starting a blocking GC Explicit
08-05 02:30:41.789  2110  2123 I art     : Explicit concurrent mark sweep GC freed 3(96B) AllocSpace objects, 0(0B) LOS objects, 28% free, 41MB/57MB, paused 1.218ms total 43.914ms
08-05 02:30:42.175  2110  2687 I art     : Starting a blocking GC Explicit
08-05 02:30:42.221  2110  2687 I art     : Explicit concurrent mark sweep GC freed 1443(83KB) AllocSpace objects, 1(20KB) LOS objects, 28% free, 41MB/57MB, paused 1.182ms total 45.134ms
08-05 02:30:42.232  2110  2687 I art     : Starting a blocking GC Explicit
08-05 02:30:42.277  2110  2687 I art     : Explicit concurrent mark sweep GC freed 22(784B) AllocSpace objects, 0(0B) LOS objects, 28% free, 41MB/57MB, paused 1.283ms total 44.011ms
08-05 02:30:42.288  2110  2687 I art     : Starting a blocking GC Explicit
08-05 02:30:42.333  2110  2687 I art     : Explicit concurrent mark sweep GC freed 3(96B) AllocSpace objects, 0(0B) LOS objects, 28% free, 41MB/57MB, paused 1.161ms total 44.654ms
08-05 02:30:42.344  2110  2687 I art     : Starting a blocking GC Explicit
08-05 02:30:42.390  2110  2687 I art     : Explicit concurrent mark sweep GC freed 85(3KB) AllocSpace objects, 0(0B) LOS objects, 28% free, 41MB/57MB, paused 1.348ms total 45.419ms
08-05 02:30:42.401  2110  2687 I art     : Starting a blocking GC Explicit
08-05 02:30:42.446  2110  2687 I art     : Explicit concurrent mark sweep GC freed 18(672B) AllocSpace objects, 0(0B) LOS objects, 28% free, 41MB/57MB, paused 1.220ms total 44.335ms
08-05 02:30:42.821  2110  2122 I art     : Starting a blocking GC Explicit
08-05 02:30:42.868  2110  2122 I art     : Explicit concurrent mark sweep GC freed 1517(88KB) AllocSpace objects, 1(20KB) LOS objects, 28% free, 41MB/57MB, paused 1.213ms total 46.279ms
08-05 02:30:42.882  2110  2122 I art     : Starting a blocking GC Explicit
08-05 02:30:42.925  2110  2122 I art     : Explicit concurrent mark sweep GC freed 1643(64KB) AllocSpace objects, 0(0B) LOS objects, 28% free, 41MB/57MB, paused 1.187ms total 42.354ms
08-05 02:30:42.935  2110  2122 I art     : Starting a blocking GC Explicit
08-05 02:30:42.955  2110  3092 E baseline.com.newsblur.network.APIResponse: Error (unexpected end of stream on https://www.newsblur.com/...) calling https://www.newsblur.com/reader/mark_story_hashes_as_read/
08-05 02:30:42.955  2110  3092 E baseline.com.newsblur.network.APIResponse: java.io.IOException: unexpected end of stream on https://www.newsblur.com/...
08-05 02:30:42.955  2110  3092 E baseline.com.newsblur.network.APIResponse: 	at okhttp3.internal.http1.Http1ExchangeCodec.readResponseHeaders(Http1ExchangeCodec.java:236)
08-05 02:30:42.955  2110  3092 E baseline.com.newsblur.network.APIResponse: 	at okhttp3.internal.connection.Exchange.readResponseHeaders(Exchange.java:115)
08-05 02:30:42.955  2110  3092 E baseline.com.newsblur.network.APIResponse: 	at okhttp3.internal.http.CallServerInterceptor.intercept(CallServerInterceptor.java:94)
08-05 02:30:42.955  2110  3092 E baseline.com.newsblur.network.APIResponse: 	at okhttp3.internal.http.RealInterceptorChain.proceed(RealInterceptorChain.java:142)
08-05 02:30:42.955  2110  3092 E baseline.com.newsblur.network.APIResponse: 	at okhttp3.internal.connection.ConnectInterceptor.intercept(ConnectInterceptor.java:43)
08-05 02:30:42.955  2110  3092 E baseline.com.newsblur.network.APIResponse: 	at okhttp3.internal.http.RealInterceptorChain.proceed(RealInterceptorChain.java:142)
08-05 02:30:42.955  2110  3092 E baseline.com.newsblur.network.APIResponse: 	at okhttp3.internal.http.RealInterceptorChain.proceed(RealInterceptorChain.java:117)
08-05 02:30:42.955  2110  3092 E baseline.com.newsblur.network.APIResponse: 	at okhttp3.internal.cache.CacheInterceptor.intercept(CacheInterceptor.java:94)
08-05 02:30:42.955  2110  3092 E baseline.com.newsblur.network.APIResponse: 	at okhttp3.internal.http.RealInterceptorChain.proceed(RealInterceptorChain.java:142)
08-05 02:30:42.955  2110  3092 E baseline.com.newsblur.network.APIResponse: 	at okhttp3.internal.http.RealInterceptorChain.proceed(RealInterceptorChain.java:117)
08-05 02:30:42.955  2110  3092 E baseline.com.newsblur.network.APIResponse: 	at okhttp3.internal.http.BridgeInterceptor.intercept(BridgeInterceptor.java:93)
08-05 02:30:42.955  2110  3092 E baseline.com.newsblur.network.APIResponse: 	at okhttp3.internal.http.RealInterceptorChain.proceed(RealInterceptorChain.java:142)
08-05 02:30:42.955  2110  3092 E baseline.com.newsblur.network.APIResponse: 	at okhttp3.internal.http.RetryAndFollowUpInterceptor.intercept(RetryAndFollowUpInterceptor.java:88)
08-05 02:30:42.955  2110  3092 E baseline.com.newsblur.network.APIResponse: 	at okhttp3.internal.http.RealInterceptorChain.proceed(RealInterceptorChain.java:142)
08-05 02:30:42.955  2110  3092 E baseline.com.newsblur.network.APIResponse: 	at okhttp3.internal.http.RealInterceptorChain.proceed(RealInterceptorChain.java:117)
08-05 02:30:42.955  2110  3092 E baseline.com.newsblur.network.APIResponse: 	at okhttp3.RealCall.getResponseWithInterceptorChain(RealCall.java:229)
08-05 02:30:42.955  2110  3092 E baseline.com.newsblur.network.APIResponse: 	at okhttp3.RealCall.execute(RealCall.java:81)
08-05 02:30:42.955  2110  3092 E baseline.com.newsblur.network.APIResponse: 	at baseline.com.newsblur.network.APIResponse.<init>(APIResponse.java:57)
08-05 02:30:42.955  2110  3092 E baseline.com.newsblur.network.APIResponse: 	at baseline.com.newsblur.network.APIResponse.<init>(APIResponse.java:43)
08-05 02:30:42.955  2110  3092 E baseline.com.newsblur.network.APIResponse: 	at baseline.com.newsblur.network.APIManager.post_single(APIManager.java:702)
08-05 02:30:42.955  2110  3092 E baseline.com.newsblur.network.APIResponse: 	at baseline.com.newsblur.network.APIManager.post(APIManager.java:675)
08-05 02:30:42.955  2110  3092 E baseline.com.newsblur.network.APIResponse: 	at baseline.com.newsblur.network.APIManager.post(APIManager.java:714)
08-05 02:30:42.955  2110  3092 E baseline.com.newsblur.network.APIResponse: 	at baseline.com.newsblur.network.APIManager.markStoryAsRead(APIManager.java:205)
08-05 02:30:42.955  2110  3092 E baseline.com.newsblur.network.APIResponse: 	at baseline.com.newsblur.util.ReadingAction.doRemote(ReadingAction.java:281)
08-05 02:30:42.955  2110  3092 E baseline.com.newsblur.network.APIResponse: 	at baseline.com.newsblur.service.NBSyncService.syncActions(NBSyncService.java:400)
08-05 02:30:42.955  2110  3092 E baseline.com.newsblur.network.APIResponse: 	at baseline.com.newsblur.service.NBSyncService.doSync(NBSyncService.java:298)
08-05 02:30:42.955  2110  3092 E baseline.com.newsblur.network.APIResponse: 	at baseline.com.newsblur.service.NBSyncService.access$100(NBSyncService.java:67)
08-05 02:30:42.955  2110  3092 E baseline.com.newsblur.network.APIResponse: 	at baseline.com.newsblur.service.NBSyncService$1.run(NBSyncService.java:188)
08-05 02:30:42.955  2110  3092 E baseline.com.newsblur.network.APIResponse: 	at java.util.concurrent.ThreadPoolExecutor.runWorker(ThreadPoolExecutor.java:1113)
08-05 02:30:42.955  2110  3092 E baseline.com.newsblur.network.APIResponse: 	at java.util.concurrent.ThreadPoolExecutor$Worker.run(ThreadPoolExecutor.java:588)
08-05 02:30:42.955  2110  3092 E baseline.com.newsblur.network.APIResponse: 	at java.lang.Thread.run(Thread.java:818)
08-05 02:30:42.955  2110  3092 E baseline.com.newsblur.network.APIResponse: Caused by: java.io.EOFException: \n not found: limit=0 content=
08-05 02:30:42.955  2110  3092 E baseline.com.newsblur.network.APIResponse: 	at okio.RealBufferedSource.readUtf8LineStrict(RealBufferedSource.java:240)
08-05 02:30:42.955  2110  3092 E baseline.com.newsblur.network.APIResponse: 	at okhttp3.internal.http1.Http1ExchangeCodec.readHeaderLine(Http1ExchangeCodec.java:242)
08-05 02:30:42.955  2110  3092 E baseline.com.newsblur.network.APIResponse: 	at okhttp3.internal.http1.Http1ExchangeCodec.readResponseHeaders(Http1ExchangeCodec.java:213)
08-05 02:30:42.955  2110  3092 E baseline.com.newsblur.network.APIResponse: 	... 30 more
08-05 02:30:42.957  2110  3092 I baseline.com.newsblur.network.APIManager: API call failed, pausing before retry number 2
08-05 02:30:42.978  2110  2122 I art     : Explicit concurrent mark sweep GC freed 854(197KB) AllocSpace objects, 2(40KB) LOS objects, 28% free, 41MB/57MB, paused 1.233ms total 42.490ms
08-05 02:30:42.989  2110  2122 I art     : Starting a blocking GC Explicit
08-05 02:30:43.032  2110  2122 I art     : Explicit concurrent mark sweep GC freed 776(53KB) AllocSpace objects, 0(0B) LOS objects, 28% free, 41MB/57MB, paused 1.200ms total 43.026ms
08-05 02:30:43.043  2110  2122 I art     : Starting a blocking GC Explicit
08-05 02:30:43.087  2110  2122 I art     : Explicit concurrent mark sweep GC freed 552(24KB) AllocSpace objects, 0(0B) LOS objects, 28% free, 41MB/57MB, paused 1.261ms total 43.548ms
08-05 02:30:43.432  2110  2366 I art     : Starting a blocking GC Explicit
08-05 02:30:43.478  2110  2366 I art     : Explicit concurrent mark sweep GC freed 4039(214KB) AllocSpace objects, 1(20KB) LOS objects, 28% free, 41MB/57MB, paused 1.280ms total 46.344ms
08-05 02:30:43.490  2110  2366 I art     : Starting a blocking GC Explicit
08-05 02:30:43.530  2110  2366 I art     : Explicit concurrent mark sweep GC freed 671(44KB) AllocSpace objects, 0(0B) LOS objects, 28% free, 40MB/56MB, paused 1.131ms total 40.609ms
08-05 02:30:43.541  2110  2366 I art     : Starting a blocking GC Explicit
08-05 02:30:43.584  2110  2366 I art     : Explicit concurrent mark sweep GC freed 1784(69KB) AllocSpace objects, 0(0B) LOS objects, 28% free, 40MB/56MB, paused 1.371ms total 42.828ms
08-05 02:30:43.595  2110  2366 I art     : Starting a blocking GC Explicit
08-05 02:30:43.638  2110  2366 I art     : Explicit concurrent mark sweep GC freed 292(13KB) AllocSpace objects, 0(0B) LOS objects, 28% free, 41MB/57MB, paused 1.184ms total 42.922ms
08-05 02:30:43.649  2110  2366 I art     : Starting a blocking GC Explicit
08-05 02:30:43.693  2110  2366 I art     : Explicit concurrent mark sweep GC freed 106(16KB) AllocSpace objects, 0(0B) LOS objects, 28% free, 40MB/56MB, paused 1.139ms total 43.492ms
08-05 02:30:44.059  2110  2123 I art     : Starting a blocking GC Explicit
08-05 02:30:44.104  2110  2123 I art     : Explicit concurrent mark sweep GC freed 3439(175KB) AllocSpace objects, 1(20KB) LOS objects, 28% free, 40MB/56MB, paused 1.150ms total 44.921ms
08-05 02:30:44.118  2110  2123 I art     : Starting a blocking GC Explicit
08-05 02:30:44.161  2110  2123 I art     : Explicit concurrent mark sweep GC freed 102(3KB) AllocSpace objects, 0(0B) LOS objects, 28% free, 40MB/56MB, paused 1.108ms total 42.572ms
08-05 02:30:44.171  2110  2123 I art     : Starting a blocking GC Explicit
08-05 02:30:44.215  2110  2123 I art     : Explicit concurrent mark sweep GC freed 3(96B) AllocSpace objects, 0(0B) LOS objects, 28% free, 40MB/56MB, paused 1.108ms total 42.965ms
08-05 02:30:44.226  2110  2123 I art     : Starting a blocking GC Explicit
08-05 02:30:44.269  2110  2123 I art     : Explicit concurrent mark sweep GC freed 3(96B) AllocSpace objects, 0(0B) LOS objects, 28% free, 40MB/56MB, paused 1.156ms total 43.674ms
08-05 02:30:44.281  2110  2123 I art     : Starting a blocking GC Explicit
08-05 02:30:44.324  2110  2123 I art     : Explicit concurrent mark sweep GC freed 3(96B) AllocSpace objects, 0(0B) LOS objects, 28% free, 40MB/56MB, paused 1.129ms total 43.111ms
08-05 02:30:44.704  2110  2687 I art     : Starting a blocking GC Explicit
08-05 02:30:44.750  2110  2687 I art     : Explicit concurrent mark sweep GC freed 1444(83KB) AllocSpace objects, 1(20KB) LOS objects, 28% free, 40MB/56MB, paused 1.181ms total 45.691ms
08-05 02:30:44.765  2110  2687 I art     : Starting a blocking GC Explicit
08-05 02:30:44.807  2110  2687 I art     : Explicit concurrent mark sweep GC freed 22(784B) AllocSpace objects, 0(0B) LOS objects, 28% free, 40MB/56MB, paused 1.189ms total 41.725ms
08-05 02:30:44.818  2110  2687 I art     : Starting a blocking GC Explicit
08-05 02:30:44.860  2110  2687 I art     : Explicit concurrent mark sweep GC freed 3(96B) AllocSpace objects, 0(0B) LOS objects, 28% free, 40MB/56MB, paused 1.041ms total 42.084ms
08-05 02:30:44.871  2110  2687 I art     : Starting a blocking GC Explicit
08-05 02:30:44.913  2110  2687 I art     : Explicit concurrent mark sweep GC freed 3(96B) AllocSpace objects, 0(0B) LOS objects, 28% free, 40MB/56MB, paused 1.120ms total 41.909ms
08-05 02:30:44.924  2110  2687 I art     : Starting a blocking GC Explicit
08-05 02:30:44.968  2110  2687 I art     : Explicit concurrent mark sweep GC freed 3(96B) AllocSpace objects, 0(0B) LOS objects, 28% free, 40MB/56MB, paused 1.204ms total 43.238ms
08-05 02:30:45.346  2110  2122 I art     : Starting a blocking GC Explicit
08-05 02:30:45.393  2110  2122 I art     : Explicit concurrent mark sweep GC freed 1443(83KB) AllocSpace objects, 1(20KB) LOS objects, 28% free, 40MB/56MB, paused 1.233ms total 46.342ms
08-05 02:30:45.404  2110  2122 I art     : Starting a blocking GC Explicit
08-05 02:30:45.446  2110  2122 I art     : Explicit concurrent mark sweep GC freed 22(784B) AllocSpace objects, 0(0B) LOS objects, 28% free, 40MB/56MB, paused 1.116ms total 42.145ms
08-05 02:30:45.457  2110  2122 I art     : Starting a blocking GC Explicit
08-05 02:30:45.502  2110  2122 I art     : Explicit concurrent mark sweep GC freed 3(96B) AllocSpace objects, 0(0B) LOS objects, 28% free, 40MB/56MB, paused 1.127ms total 44.341ms
08-05 02:30:45.513  2110  2122 I art     : Starting a blocking GC Explicit
08-05 02:30:45.558  2110  2122 I art     : Explicit concurrent mark sweep GC freed 3(96B) AllocSpace objects, 0(0B) LOS objects, 28% free, 40MB/56MB, paused 1.254ms total 44.317ms
08-05 02:30:45.569  2110  2122 I art     : Starting a blocking GC Explicit
08-05 02:30:45.614  2110  2122 I art     : Explicit concurrent mark sweep GC freed 3(96B) AllocSpace objects, 0(0B) LOS objects, 28% free, 40MB/56MB, paused 1.169ms total 44.979ms
08-05 02:30:45.995  2110  2366 I art     : Starting a blocking GC Explicit
08-05 02:30:46.041  2110  2366 I art     : Explicit concurrent mark sweep GC freed 1534(86KB) AllocSpace objects, 1(20KB) LOS objects, 28% free, 40MB/56MB, paused 1.338ms total 44.776ms
08-05 02:30:46.052  2110  2366 I art     : Starting a blocking GC Explicit
08-05 02:30:46.096  2110  2366 I art     : Explicit concurrent mark sweep GC freed 96(5KB) AllocSpace objects, 0(0B) LOS objects, 28% free, 40MB/56MB, paused 1.219ms total 43.447ms
08-05 02:30:46.107  2110  2366 I art     : Starting a blocking GC Explicit
08-05 02:30:46.152  2110  2366 I art     : Explicit concurrent mark sweep GC freed 9(400B) AllocSpace objects, 0(0B) LOS objects, 28% free, 40MB/56MB, paused 1.187ms total 44.407ms
08-05 02:30:46.163  2110  2366 I art     : Starting a blocking GC Explicit
08-05 02:30:46.209  2110  2366 I art     : Explicit concurrent mark sweep GC freed 3(96B) AllocSpace objects, 0(0B) LOS objects, 28% free, 40MB/56MB, paused 1.277ms total 45.513ms
08-05 02:30:46.220  2110  2366 I art     : Starting a blocking GC Explicit
08-05 02:30:46.265  2110  2366 I art     : Explicit concurrent mark sweep GC freed 3(96B) AllocSpace objects, 0(0B) LOS objects, 28% free, 40MB/56MB, paused 1.155ms total 44.247ms
08-05 02:30:46.513  2110  3092 E baseline.com.newsblur.network.APIResponse: Error (unexpected end of stream on https://www.newsblur.com/...) calling https://www.newsblur.com/reader/mark_story_hashes_as_read/
08-05 02:30:46.513  2110  3092 E baseline.com.newsblur.network.APIResponse: java.io.IOException: unexpected end of stream on https://www.newsblur.com/...
08-05 02:30:46.513  2110  3092 E baseline.com.newsblur.network.APIResponse: 	at okhttp3.internal.http1.Http1ExchangeCodec.readResponseHeaders(Http1ExchangeCodec.java:236)
08-05 02:30:46.513  2110  3092 E baseline.com.newsblur.network.APIResponse: 	at okhttp3.internal.connection.Exchange.readResponseHeaders(Exchange.java:115)
08-05 02:30:46.513  2110  3092 E baseline.com.newsblur.network.APIResponse: 	at okhttp3.internal.http.CallServerInterceptor.intercept(CallServerInterceptor.java:94)
08-05 02:30:46.513  2110  3092 E baseline.com.newsblur.network.APIResponse: 	at okhttp3.internal.http.RealInterceptorChain.proceed(RealInterceptorChain.java:142)
08-05 02:30:46.513  2110  3092 E baseline.com.newsblur.network.APIResponse: 	at okhttp3.internal.connection.ConnectInterceptor.intercept(ConnectInterceptor.java:43)
08-05 02:30:46.513  2110  3092 E baseline.com.newsblur.network.APIResponse: 	at okhttp3.internal.http.RealInterceptorChain.proceed(RealInterceptorChain.java:142)
08-05 02:30:46.513  2110  3092 E baseline.com.newsblur.network.APIResponse: 	at okhttp3.internal.http.RealInterceptorChain.proceed(RealInterceptorChain.java:117)
08-05 02:30:46.513  2110  3092 E baseline.com.newsblur.network.APIResponse: 	at okhttp3.internal.cache.CacheInterceptor.intercept(CacheInterceptor.java:94)
08-05 02:30:46.513  2110  3092 E baseline.com.newsblur.network.APIResponse: 	at okhttp3.internal.http.RealInterceptorChain.proceed(RealInterceptorChain.java:142)
08-05 02:30:46.513  2110  3092 E baseline.com.newsblur.network.APIResponse: 	at okhttp3.internal.http.RealInterceptorChain.proceed(RealInterceptorChain.java:117)
08-05 02:30:46.513  2110  3092 E baseline.com.newsblur.network.APIResponse: 	at okhttp3.internal.http.BridgeInterceptor.intercept(BridgeInterceptor.java:93)
08-05 02:30:46.513  2110  3092 E baseline.com.newsblur.network.APIResponse: 	at okhttp3.internal.http.RealInterceptorChain.proceed(RealInterceptorChain.java:142)
08-05 02:30:46.513  2110  3092 E baseline.com.newsblur.network.APIResponse: 	at okhttp3.internal.http.RetryAndFollowUpInterceptor.intercept(RetryAndFollowUpInterceptor.java:88)
08-05 02:30:46.513  2110  3092 E baseline.com.newsblur.network.APIResponse: 	at okhttp3.internal.http.RealInterceptorChain.proceed(RealInterceptorChain.java:142)
08-05 02:30:46.513  2110  3092 E baseline.com.newsblur.network.APIResponse: 	at okhttp3.internal.http.RealInterceptorChain.proceed(RealInterceptorChain.java:117)
08-05 02:30:46.513  2110  3092 E baseline.com.newsblur.network.APIResponse: 	at okhttp3.RealCall.getResponseWithInterceptorChain(RealCall.java:229)
08-05 02:30:46.513  2110  3092 E baseline.com.newsblur.network.APIResponse: 	at okhttp3.RealCall.execute(RealCall.java:81)
08-05 02:30:46.513  2110  3092 E baseline.com.newsblur.network.APIResponse: 	at baseline.com.newsblur.network.APIResponse.<init>(APIResponse.java:57)
08-05 02:30:46.513  2110  3092 E baseline.com.newsblur.network.APIResponse: 	at baseline.com.newsblur.network.APIResponse.<init>(APIResponse.java:43)
08-05 02:30:46.513  2110  3092 E baseline.com.newsblur.network.APIResponse: 	at baseline.com.newsblur.network.APIManager.post_single(APIManager.java:702)
08-05 02:30:46.513  2110  3092 E baseline.com.newsblur.network.APIResponse: 	at baseline.com.newsblur.network.APIManager.post(APIManager.java:675)
08-05 02:30:46.513  2110  3092 E baseline.com.newsblur.network.APIResponse: 	at baseline.com.newsblur.network.APIManager.post(APIManager.java:714)
08-05 02:30:46.513  2110  3092 E baseline.com.newsblur.network.APIResponse: 	at baseline.com.newsblur.network.APIManager.markStoryAsRead(APIManager.java:205)
08-05 02:30:46.513  2110  3092 E baseline.com.newsblur.network.APIResponse: 	at baseline.com.newsblur.util.ReadingAction.doRemote(ReadingAction.java:281)
08-05 02:30:46.513  2110  3092 E baseline.com.newsblur.network.APIResponse: 	at baseline.com.newsblur.service.NBSyncService.syncActions(NBSyncService.java:400)
08-05 02:30:46.513  2110  3092 E baseline.com.newsblur.network.APIResponse: 	at baseline.com.newsblur.service.NBSyncService.doSync(NBSyncService.java:298)
08-05 02:30:46.513  2110  3092 E baseline.com.newsblur.network.APIResponse: 	at baseline.com.newsblur.service.NBSyncService.access$100(NBSyncService.java:67)
08-05 02:30:46.513  2110  3092 E baseline.com.newsblur.network.APIResponse: 	at baseline.com.newsblur.service.NBSyncService$1.run(NBSyncService.java:188)
08-05 02:30:46.513  2110  3092 E baseline.com.newsblur.network.APIResponse: 	at java.util.concurrent.ThreadPoolExecutor.runWorker(ThreadPoolExecutor.java:1113)
08-05 02:30:46.513  2110  3092 E baseline.com.newsblur.network.APIResponse: 	at java.util.concurrent.ThreadPoolExecutor$Worker.run(ThreadPoolExecutor.java:588)
08-05 02:30:46.513  2110  3092 E baseline.com.newsblur.network.APIResponse: 	at java.lang.Thread.run(Thread.java:818)
08-05 02:30:46.513  2110  3092 E baseline.com.newsblur.network.APIResponse: Caused by: java.io.EOFException: \n not found: limit=0 content=
08-05 02:30:46.513  2110  3092 E baseline.com.newsblur.network.APIResponse: 	at okio.RealBufferedSource.readUtf8LineStrict(RealBufferedSource.java:240)
08-05 02:30:46.513  2110  3092 E baseline.com.newsblur.network.APIResponse: 	at okhttp3.internal.http1.Http1ExchangeCodec.readHeaderLine(Http1ExchangeCodec.java:242)
08-05 02:30:46.513  2110  3092 E baseline.com.newsblur.network.APIResponse: 	at okhttp3.internal.http1.Http1ExchangeCodec.readResponseHeaders(Http1ExchangeCodec.java:213)
08-05 02:30:46.513  2110  3092 E baseline.com.newsblur.network.APIResponse: 	... 30 more
08-05 02:30:46.515  2110  3092 I baseline.com.newsblur.service.NBSyncService: Holding reading action with server-side or network error.
08-05 02:30:46.527  2110  3092 W baseline.com.newsblur.service.NBSyncService: hard API failure
08-05 02:30:46.634  2110  2123 I art     : Starting a blocking GC Explicit
08-05 02:30:46.682  2110  2123 I art     : Explicit concurrent mark sweep GC freed 4354(406KB) AllocSpace objects, 5(100KB) LOS objects, 28% free, 40MB/56MB, paused 1.211ms total 46.639ms
08-05 02:30:46.693  2110  2123 I art     : Starting a blocking GC Explicit
08-05 02:30:46.739  2110  2123 I art     : Explicit concurrent mark sweep GC freed 140(5KB) AllocSpace objects, 0(0B) LOS objects, 28% free, 40MB/56MB, paused 1.248ms total 45.617ms
08-05 02:30:46.750  2110  2123 I art     : Starting a blocking GC Explicit
08-05 02:30:46.794  2110  2123 I art     : Explicit concurrent mark sweep GC freed 3(96B) AllocSpace objects, 0(0B) LOS objects, 28% free, 40MB/56MB, paused 1.184ms total 43.602ms
08-05 02:30:46.805  2110  2123 I art     : Starting a blocking GC Explicit
08-05 02:30:46.850  2110  2123 I art     : Explicit concurrent mark sweep GC freed 3(96B) AllocSpace objects, 0(0B) LOS objects, 28% free, 40MB/56MB, paused 1.195ms total 44.498ms
08-05 02:30:46.861  2110  2123 I art     : Starting a blocking GC Explicit
08-05 02:30:46.905  2110  2123 I art     : Explicit concurrent mark sweep GC freed 1657(64KB) AllocSpace objects, 0(0B) LOS objects, 28% free, 40MB/56MB, paused 1.303ms total 43.727ms
08-05 02:30:46.947  2110  3092 E baseline.com.newsblur.network.APIResponse: Error (unexpected end of stream on https://www.newsblur.com/...) calling https://www.newsblur.com/reader/mark_story_hashes_as_read/
08-05 02:30:46.947  2110  3092 E baseline.com.newsblur.network.APIResponse: java.io.IOException: unexpected end of stream on https://www.newsblur.com/...
08-05 02:30:46.947  2110  3092 E baseline.com.newsblur.network.APIResponse: 	at okhttp3.internal.http1.Http1ExchangeCodec.readResponseHeaders(Http1ExchangeCodec.java:236)
08-05 02:30:46.947  2110  3092 E baseline.com.newsblur.network.APIResponse: 	at okhttp3.internal.connection.Exchange.readResponseHeaders(Exchange.java:115)
08-05 02:30:46.947  2110  3092 E baseline.com.newsblur.network.APIResponse: 	at okhttp3.internal.http.CallServerInterceptor.intercept(CallServerInterceptor.java:94)
08-05 02:30:46.947  2110  3092 E baseline.com.newsblur.network.APIResponse: 	at okhttp3.internal.http.RealInterceptorChain.proceed(RealInterceptorChain.java:142)
08-05 02:30:46.947  2110  3092 E baseline.com.newsblur.network.APIResponse: 	at okhttp3.internal.connection.ConnectInterceptor.intercept(ConnectInterceptor.java:43)
08-05 02:30:46.947  2110  3092 E baseline.com.newsblur.network.APIResponse: 	at okhttp3.internal.http.RealInterceptorChain.proceed(RealInterceptorChain.java:142)
08-05 02:30:46.947  2110  3092 E baseline.com.newsblur.network.APIResponse: 	at okhttp3.internal.http.RealInterceptorChain.proceed(RealInterceptorChain.java:117)
08-05 02:30:46.947  2110  3092 E baseline.com.newsblur.network.APIResponse: 	at okhttp3.internal.cache.CacheInterceptor.intercept(CacheInterceptor.java:94)
08-05 02:30:46.947  2110  3092 E baseline.com.newsblur.network.APIResponse: 	at okhttp3.internal.http.RealInterceptorChain.proceed(RealInterceptorChain.java:142)
08-05 02:30:46.947  2110  3092 E baseline.com.newsblur.network.APIResponse: 	at okhttp3.internal.http.RealInterceptorChain.proceed(RealInterceptorChain.java:117)
08-05 02:30:46.947  2110  3092 E baseline.com.newsblur.network.APIResponse: 	at okhttp3.internal.http.BridgeInterceptor.intercept(BridgeInterceptor.java:93)
08-05 02:30:46.947  2110  3092 E baseline.com.newsblur.network.APIResponse: 	at okhttp3.internal.http.RealInterceptorChain.proceed(RealInterceptorChain.java:142)
08-05 02:30:46.947  2110  3092 E baseline.com.newsblur.network.APIResponse: 	at okhttp3.internal.http.RetryAndFollowUpInterceptor.intercept(RetryAndFollowUpInterceptor.java:88)
08-05 02:30:46.947  2110  3092 E baseline.com.newsblur.network.APIResponse: 	at okhttp3.internal.http.RealInterceptorChain.proceed(RealInterceptorChain.java:142)
08-05 02:30:46.947  2110  3092 E baseline.com.newsblur.network.APIResponse: 	at okhttp3.internal.http.RealInterceptorChain.proceed(RealInterceptorChain.java:117)
08-05 02:30:46.947  2110  3092 E baseline.com.newsblur.network.APIResponse: 	at okhttp3.RealCall.getResponseWithInterceptorChain(RealCall.java:229)
08-05 02:30:46.947  2110  3092 E baseline.com.newsblur.network.APIResponse: 	at okhttp3.RealCall.execute(RealCall.java:81)
08-05 02:30:46.947  2110  3092 E baseline.com.newsblur.network.APIResponse: 	at baseline.com.newsblur.network.APIResponse.<init>(APIResponse.java:57)
08-05 02:30:46.947  2110  3092 E baseline.com.newsblur.network.APIResponse: 	at baseline.com.newsblur.network.APIResponse.<init>(APIResponse.java:43)
08-05 02:30:46.947  2110  3092 E baseline.com.newsblur.network.APIResponse: 	at baseline.com.newsblur.network.APIManager.post_single(APIManager.java:702)
08-05 02:30:46.947  2110  3092 E baseline.com.newsblur.network.APIResponse: 	at baseline.com.newsblur.network.APIManager.post(APIManager.java:675)
08-05 02:30:46.947  2110  3092 E baseline.com.newsblur.network.APIResponse: 	at baseline.com.newsblur.network.APIManager.post(APIManager.java:714)
08-05 02:30:46.947  2110  3092 E baseline.com.newsblur.network.APIResponse: 	at baseline.com.newsblur.network.APIManager.markStoryAsRead(APIManager.java:205)
08-05 02:30:46.947  2110  3092 E baseline.com.newsblur.network.APIResponse: 	at baseline.com.newsblur.util.ReadingAction.doRemote(ReadingAction.java:281)
08-05 02:30:46.947  2110  3092 E baseline.com.newsblur.network.APIResponse: 	at baseline.com.newsblur.service.NBSyncService.syncActions(NBSyncService.java:400)
08-05 02:30:46.947  2110  3092 E baseline.com.newsblur.network.APIResponse: 	at baseline.com.newsblur.service.NBSyncService.doSync(NBSyncService.java:298)
08-05 02:30:46.947  2110  3092 E baseline.com.newsblur.network.APIResponse: 	at baseline.com.newsblur.service.NBSyncService.access$100(NBSyncService.java:67)
08-05 02:30:46.947  2110  3092 E baseline.com.newsblur.network.APIResponse: 	at baseline.com.newsblur.service.NBSyncService$1.run(NBSyncService.java:188)
08-05 02:30:46.947  2110  3092 E baseline.com.newsblur.network.APIResponse: 	at java.util.concurrent.ThreadPoolExecutor.runWorker(ThreadPoolExecutor.java:1113)
08-05 02:30:46.947  2110  3092 E baseline.com.newsblur.network.APIResponse: 	at java.util.concurrent.ThreadPoolExecutor$Worker.run(ThreadPoolExecutor.java:588)
08-05 02:30:46.947  2110  3092 E baseline.com.newsblur.network.APIResponse: 	at java.lang.Thread.run(Thread.java:818)
08-05 02:30:46.947  2110  3092 E baseline.com.newsblur.network.APIResponse: Caused by: java.io.EOFException: \n not found: limit=0 content=
08-05 02:30:46.947  2110  3092 E baseline.com.newsblur.network.APIResponse: 	at okio.RealBufferedSource.readUtf8LineStrict(RealBufferedSource.java:240)
08-05 02:30:46.947  2110  3092 E baseline.com.newsblur.network.APIResponse: 	at okhttp3.internal.http1.Http1ExchangeCodec.readHeaderLine(Http1ExchangeCodec.java:242)
08-05 02:30:46.947  2110  3092 E baseline.com.newsblur.network.APIResponse: 	at okhttp3.internal.http1.Http1ExchangeCodec.readResponseHeaders(Http1ExchangeCodec.java:213)
08-05 02:30:46.947  2110  3092 E baseline.com.newsblur.network.APIResponse: 	... 30 more
08-05 02:30:46.950  2110  3092 I baseline.com.newsblur.network.APIManager: API call failed, pausing before retry number 1
08-05 02:30:47.241  2110  2687 I art     : Starting a blocking GC Explicit
08-05 02:30:47.283  2110  2687 I art     : Explicit concurrent mark sweep GC freed 2343(294KB) AllocSpace objects, 3(60KB) LOS objects, 28% free, 40MB/56MB, paused 1.173ms total 42.252ms
08-05 02:30:47.294  2110  2687 I art     : Starting a blocking GC Explicit
08-05 02:30:47.337  2110  2687 I art     : Explicit concurrent mark sweep GC freed 77(2976B) AllocSpace objects, 0(0B) LOS objects, 28% free, 40MB/56MB, paused 1.208ms total 43.013ms
08-05 02:30:47.348  2110  2687 I art     : Starting a blocking GC Explicit
08-05 02:30:47.390  2110  2687 I art     : Explicit concurrent mark sweep GC freed 3(96B) AllocSpace objects, 0(0B) LOS objects, 28% free, 40MB/56MB, paused 1.155ms total 41.194ms
08-05 02:30:47.400  2110  2687 I art     : Starting a blocking GC Explicit
08-05 02:30:47.443  2110  2687 I art     : Explicit concurrent mark sweep GC freed 3(96B) AllocSpace objects, 0(0B) LOS objects, 28% free, 40MB/56MB, paused 1.156ms total 42.262ms
08-05 02:30:47.454  2110  2687 I art     : Starting a blocking GC Explicit
08-05 02:30:47.496  2110  2687 I art     : Explicit concurrent mark sweep GC freed 3(96B) AllocSpace objects, 0(0B) LOS objects, 28% free, 40MB/56MB, paused 1.128ms total 42.499ms
08-05 02:30:47.531  4197  4197 D AndroidRuntime: >>>>>> START com.android.internal.os.RuntimeInit uid 2000 <<<<<<
08-05 02:30:47.536  4197  4197 D AndroidRuntime: CheckJNI is OFF
08-05 02:30:47.569  4197  4197 D ICU     : No timezone override file found: /data/misc/zoneinfo/current/icu/icu_tzdata.dat
08-05 02:30:47.602  4197  4197 I Radio-JNI: register_android_hardware_Radio DONE
08-05 02:30:47.624  4197  4197 D AndroidRuntime: Calling main entry com.android.commands.input.Input
08-05 02:30:47.626  4197  4197 I Input   : injectKeyEvent: KeyEvent { action=ACTION_DOWN, keyCode=KEYCODE_BACK, scanCode=0, metaState=0, flags=0x0, repeatCount=0, eventTime=757864040, downTime=757864040, deviceId=-1, source=0x101 }
08-05 02:30:47.633  4197  4197 I Input   : injectKeyEvent: KeyEvent { action=ACTION_UP, keyCode=KEYCODE_BACK, scanCode=0, metaState=0, flags=0x0, repeatCount=0, eventTime=757864040, downTime=757864040, deviceId=-1, source=0x101 }
08-05 02:30:47.640  4197  4197 D AndroidRuntime: Shutting down VM
08-05 02:30:47.651  2110  2110 D baseline.com.newsblur.service.NBSyncService: rejecting request for feedset that is exhaused
08-05 02:30:47.655   918   937 W ProcessCpuTracker: Skipping unknown process pid 4210
08-05 02:30:47.785  2110  2110 D baseline.com.newsblur.service.NBSyncService: rejecting request for feedset that is exhaused
08-05 02:30:47.796  2110  2122 I art     : Starting a blocking GC Explicit
08-05 02:30:47.832 13866 13866 I GoogleInputMethodServic: GoogleInputMethodService.onFinishInput():3138 
08-05 02:30:47.833 13866 13866 I GoogleInputMethodServic: GoogleInputMethodService.onStartInput():1808 
08-05 02:30:47.841  2110  2122 I art     : Explicit concurrent mark sweep GC freed 2843(225KB) AllocSpace objects, 5(100KB) LOS objects, 28% free, 41MB/57MB, paused 1.497ms total 44.660ms
08-05 02:30:47.853  2110  2122 I art     : Starting a blocking GC Explicit
08-05 02:30:47.893  2110  2122 I art     : Explicit concurrent mark sweep GC freed 545(41KB) AllocSpace objects, 1(28KB) LOS objects, 28% free, 40MB/56MB, paused 1.073ms total 39.337ms
08-05 02:30:47.903  2110  2122 I art     : Starting a blocking GC Explicit
08-05 02:30:47.942  2110  2122 I art     : Explicit concurrent mark sweep GC freed 7(256B) AllocSpace objects, 0(0B) LOS objects, 28% free, 40MB/56MB, paused 1.013ms total 38.579ms
08-05 02:30:47.953  2110  2122 I art     : Starting a blocking GC Explicit
08-05 02:30:48.002  2110  2122 I art     : Explicit concurrent mark sweep GC freed 3(96B) AllocSpace objects, 0(0B) LOS objects, 28% free, 40MB/56MB, paused 1.354ms total 47.995ms
08-05 02:30:48.014  2110  2122 I art     : Starting a blocking GC Explicit
08-05 02:30:48.068  2110  2122 I art     : Explicit concurrent mark sweep GC freed 3(96B) AllocSpace objects, 0(0B) LOS objects, 28% free, 40MB/56MB, paused 1.524ms total 53.579ms
08-05 02:30:48.404  2110  2123 I art     : Starting a blocking GC Explicit
08-05 02:30:48.454  2110  2123 I art     : Explicit concurrent mark sweep GC freed 2707(143KB) AllocSpace objects, 1(20KB) LOS objects, 28% free, 40MB/56MB, paused 1.504ms total 49.869ms
08-05 02:30:48.468  2110  2123 I art     : Starting a blocking GC Explicit
08-05 02:30:48.514  2110  2123 I art     : Explicit concurrent mark sweep GC freed 260(11KB) AllocSpace objects, 0(0B) LOS objects, 28% free, 40MB/56MB, paused 1.117ms total 45.878ms
08-05 02:30:48.526  2110  2123 I art     : Starting a blocking GC Explicit
08-05 02:30:48.574  2110  2123 I art     : Explicit concurrent mark sweep GC freed 77(5KB) AllocSpace objects, 0(0B) LOS objects, 28% free, 40MB/56MB, paused 1.194ms total 46.974ms
08-05 02:30:48.586  2110  2123 I art     : Starting a blocking GC Explicit
08-05 02:30:48.634  2110  2123 I art     : Explicit concurrent mark sweep GC freed 11(352B) AllocSpace objects, 0(0B) LOS objects, 28% free, 40MB/56MB, paused 1.367ms total 47.168ms
08-05 02:30:48.645  2110  2123 I art     : Starting a blocking GC Explicit
08-05 02:30:48.692  2110  2123 I art     : Explicit concurrent mark sweep GC freed 9(288B) AllocSpace objects, 0(0B) LOS objects, 28% free, 40MB/56MB, paused 1.062ms total 46.964ms
08-05 02:30:48.970  2110  3092 E baseline.com.newsblur.network.APIResponse: Error (unexpected end of stream on https://www.newsblur.com/...) calling https://www.newsblur.com/reader/mark_story_hashes_as_read/
08-05 02:30:48.970  2110  3092 E baseline.com.newsblur.network.APIResponse: java.io.IOException: unexpected end of stream on https://www.newsblur.com/...
08-05 02:30:48.970  2110  3092 E baseline.com.newsblur.network.APIResponse: 	at okhttp3.internal.http1.Http1ExchangeCodec.readResponseHeaders(Http1ExchangeCodec.java:236)
08-05 02:30:48.970  2110  3092 E baseline.com.newsblur.network.APIResponse: 	at okhttp3.internal.connection.Exchange.readResponseHeaders(Exchange.java:115)
08-05 02:30:48.970  2110  3092 E baseline.com.newsblur.network.APIResponse: 	at okhttp3.internal.http.CallServerInterceptor.intercept(CallServerInterceptor.java:94)
08-05 02:30:48.970  2110  3092 E baseline.com.newsblur.network.APIResponse: 	at okhttp3.internal.http.RealInterceptorChain.proceed(RealInterceptorChain.java:142)
08-05 02:30:48.970  2110  3092 E baseline.com.newsblur.network.APIResponse: 	at okhttp3.internal.connection.ConnectInterceptor.intercept(ConnectInterceptor.java:43)
08-05 02:30:48.970  2110  3092 E baseline.com.newsblur.network.APIResponse: 	at okhttp3.internal.http.RealInterceptorChain.proceed(RealInterceptorChain.java:142)
08-05 02:30:48.970  2110  3092 E baseline.com.newsblur.network.APIResponse: 	at okhttp3.internal.http.RealInterceptorChain.proceed(RealInterceptorChain.java:117)
08-05 02:30:48.970  2110  3092 E baseline.com.newsblur.network.APIResponse: 	at okhttp3.internal.cache.CacheInterceptor.intercept(CacheInterceptor.java:94)
08-05 02:30:48.970  2110  3092 E baseline.com.newsblur.network.APIResponse: 	at okhttp3.internal.http.RealInterceptorChain.proceed(RealInterceptorChain.java:142)
08-05 02:30:48.970  2110  3092 E baseline.com.newsblur.network.APIResponse: 	at okhttp3.internal.http.RealInterceptorChain.proceed(RealInterceptorChain.java:117)
08-05 02:30:48.970  2110  3092 E baseline.com.newsblur.network.APIResponse: 	at okhttp3.internal.http.BridgeInterceptor.intercept(BridgeInterceptor.java:93)
08-05 02:30:48.970  2110  3092 E baseline.com.newsblur.network.APIResponse: 	at okhttp3.internal.http.RealInterceptorChain.proceed(RealInterceptorChain.java:142)
08-05 02:30:48.970  2110  3092 E baseline.com.newsblur.network.APIResponse: 	at okhttp3.internal.http.RetryAndFollowUpInterceptor.intercept(RetryAndFollowUpInterceptor.java:88)
08-05 02:30:48.970  2110  3092 E baseline.com.newsblur.network.APIResponse: 	at okhttp3.internal.http.RealInterceptorChain.proceed(RealInterceptorChain.java:142)
08-05 02:30:48.970  2110  3092 E baseline.com.newsblur.network.APIResponse: 	at okhttp3.internal.http.RealInterceptorChain.proceed(RealInterceptorChain.java:117)
08-05 02:30:48.970  2110  3092 E baseline.com.newsblur.network.APIResponse: 	at okhttp3.RealCall.getResponseWithInterceptorChain(RealCall.java:229)
08-05 02:30:48.970  2110  3092 E baseline.com.newsblur.network.APIResponse: 	at okhttp3.RealCall.execute(RealCall.java:81)
08-05 02:30:48.970  2110  3092 E baseline.com.newsblur.network.APIResponse: 	at baseline.com.newsblur.network.APIResponse.<init>(APIResponse.java:57)
08-05 02:30:48.970  2110  3092 E baseline.com.newsblur.network.APIResponse: 	at baseline.com.newsblur.network.APIResponse.<init>(APIResponse.java:43)
08-05 02:30:48.970  2110  3092 E baseline.com.newsblur.network.APIResponse: 	at baseline.com.newsblur.network.APIManager.post_single(APIManager.java:702)
08-05 02:30:48.970  2110  3092 E baseline.com.newsblur.network.APIResponse: 	at baseline.com.newsblur.network.APIManager.post(APIManager.java:675)
08-05 02:30:48.970  2110  3092 E baseline.com.newsblur.network.APIResponse: 	at baseline.com.newsblur.network.APIManager.post(APIManager.java:714)
08-05 02:30:48.970  2110  3092 E baseline.com.newsblur.network.APIResponse: 	at baseline.com.newsblur.network.APIManager.markStoryAsRead(APIManager.java:205)
08-05 02:30:48.970  2110  3092 E baseline.com.newsblur.network.APIResponse: 	at baseline.com.newsblur.util.ReadingAction.doRemote(ReadingAction.java:281)
08-05 02:30:48.970  2110  3092 E baseline.com.newsblur.network.APIResponse: 	at baseline.com.newsblur.service.NBSyncService.syncActions(NBSyncService.java:400)
08-05 02:30:48.970  2110  3092 E baseline.com.newsblur.network.APIResponse: 	at baseline.com.newsblur.service.NBSyncService.doSync(NBSyncService.java:298)
08-05 02:30:48.970  2110  3092 E baseline.com.newsblur.network.APIResponse: 	at baseline.com.newsblur.service.NBSyncService.access$100(NBSyncService.java:67)
08-05 02:30:48.970  2110  3092 E baseline.com.newsblur.network.APIResponse: 	at baseline.com.newsblur.service.NBSyncService$1.run(NBSyncService.java:188)
08-05 02:30:48.970  2110  3092 E baseline.com.newsblur.network.APIResponse: 	at java.util.concurrent.ThreadPoolExecutor.runWorker(ThreadPoolExecutor.java:1113)
08-05 02:30:48.970  2110  3092 E baseline.com.newsblur.network.APIResponse: 	at java.util.concurrent.ThreadPoolExecutor$Worker.run(ThreadPoolExecutor.java:588)
08-05 02:30:48.970  2110  3092 E baseline.com.newsblur.network.APIResponse: 	at java.lang.Thread.run(Thread.java:818)
08-05 02:30:48.970  2110  3092 E baseline.com.newsblur.network.APIResponse: Caused by: java.io.EOFException: \n not found: limit=0 content=
08-05 02:30:48.970  2110  3092 E baseline.com.newsblur.network.APIResponse: 	at okio.RealBufferedSource.readUtf8LineStrict(RealBufferedSource.java:240)
08-05 02:30:48.970  2110  3092 E baseline.com.newsblur.network.APIResponse: 	at okhttp3.internal.http1.Http1ExchangeCodec.readHeaderLine(Http1ExchangeCodec.java:242)
08-05 02:30:48.970  2110  3092 E baseline.com.newsblur.network.APIResponse: 	at okhttp3.internal.http1.Http1ExchangeCodec.readResponseHeaders(Http1ExchangeCodec.java:213)
08-05 02:30:48.970  2110  3092 E baseline.com.newsblur.network.APIResponse: 	... 30 more
08-05 02:30:48.972  2110  3092 I baseline.com.newsblur.network.APIManager: API call failed, pausing before retry number 2
08-05 02:30:49.038  2110  2366 I art     : Starting a blocking GC Explicit
08-05 02:30:49.088  2110  2366 I art     : Explicit concurrent mark sweep GC freed 4003(359KB) AllocSpace objects, 3(60KB) LOS objects, 28% free, 40MB/56MB, paused 1.441ms total 50.024ms
08-05 02:30:49.101  2110  2366 I art     : Starting a blocking GC Explicit
08-05 02:30:49.143  2110  2366 I art     : Explicit concurrent mark sweep GC freed 126(4KB) AllocSpace objects, 0(0B) LOS objects, 28% free, 40MB/56MB, paused 1.050ms total 41.755ms
08-05 02:30:49.154  2110  2366 I art     : Starting a blocking GC Explicit
08-05 02:30:49.195  2110  2366 I art     : Explicit concurrent mark sweep GC freed 9(288B) AllocSpace objects, 0(0B) LOS objects, 28% free, 40MB/56MB, paused 1.127ms total 40.692ms
08-05 02:30:49.206  2110  2366 I art     : Starting a blocking GC Explicit
08-05 02:30:49.251  2110  2366 I art     : Explicit concurrent mark sweep GC freed 6(192B) AllocSpace objects, 0(0B) LOS objects, 28% free, 40MB/56MB, paused 1.110ms total 44.126ms
08-05 02:30:49.261  2110  2366 I art     : Starting a blocking GC Explicit
08-05 02:30:49.302  2110  2366 I art     : Explicit concurrent mark sweep GC freed 3(96B) AllocSpace objects, 0(0B) LOS objects, 28% free, 40MB/56MB, paused 1.135ms total 40.860ms
08-05 02:30:49.314  4239  4239 D AndroidRuntime: >>>>>> START com.android.internal.os.RuntimeInit uid 2000 <<<<<<
08-05 02:30:49.319  4239  4239 D AndroidRuntime: CheckJNI is OFF
08-05 02:30:49.351  4239  4239 D ICU     : No timezone override file found: /data/misc/zoneinfo/current/icu/icu_tzdata.dat
08-05 02:30:49.384  4239  4239 I Radio-JNI: register_android_hardware_Radio DONE
08-05 02:30:49.405  4239  4239 D AndroidRuntime: Calling main entry com.android.commands.input.Input
08-05 02:30:49.407  4239  4239 I Input   : injectMotionEvent: MotionEvent { action=ACTION_DOWN, actionButton=0, id[0]=0, x[0]=435.0, y[0]=858.0, toolType[0]=TOOL_TYPE_UNKNOWN, buttonState=0, metaState=0, flags=0x0, edgeFlags=0x0, pointerCount=1, historySize=0, eventTime=757865820, downTime=757865820, deviceId=0, source=0x1002 }
08-05 02:30:49.414  4239  4239 I Input   : injectMotionEvent: MotionEvent { action=ACTION_UP, actionButton=0, id[0]=0, x[0]=435.0, y[0]=858.0, toolType[0]=TOOL_TYPE_UNKNOWN, buttonState=0, metaState=0, flags=0x0, edgeFlags=0x0, pointerCount=1, historySize=0, eventTime=757865820, downTime=757865820, deviceId=0, source=0x1002 }
08-05 02:30:49.416  4239  4239 D AndroidRuntime: Shutting down VM
08-05 02:30:49.428   512  2967 D audio_hw_primary: out_set_parameters: enter: usecase(1: low-latency-playback) kvpairs: routing=2
08-05 02:30:49.435   918  4413 I ActivityManager: START u0 {cmp=baseline.com.newsblur/.activity.AllSharedStoriesReading (has extras)} from uid 10676 on display 0
08-05 02:30:49.441   512  2967 D audio_hw_primary: select_devices: out_snd_device(2: speaker) in_snd_device(0: none)
08-05 02:30:49.441   512  2967 D msm8974_platform: platform_send_audio_calibration: sending audio calibration for snd_device(2) acdb_id(15)
08-05 02:30:49.441   512  2967 I soundtrigger: audio_extn_sound_trigger_update_device_status: device 0x2 of type 0 for Event 1
08-05 02:30:49.452   512  2967 D audio_hw_primary: enable_snd_device: snd_device(2: speaker)
08-05 02:30:49.454   512  2967 D audio_hw_primary: enable_audio_route: apply and update mixer path: low-latency-playback speaker
08-05 02:30:49.619  2110  2687 I art     : Starting a blocking GC Explicit
08-05 02:30:49.659   918   936 I ActivityManager: Displayed baseline.com.newsblur/.activity.AllSharedStoriesReading: +212ms
08-05 02:30:49.660 13866 13866 I GoogleInputMethodServic: GoogleInputMethodService.onFinishInput():3138 
08-05 02:30:49.661 13866 13866 I GoogleInputMethodServic: GoogleInputMethodService.onStartInput():1808 
08-05 02:30:49.665  2110  2687 I art     : Explicit concurrent mark sweep GC freed 3432(287KB) AllocSpace objects, 7(568KB) LOS objects, 27% free, 41MB/57MB, paused 1.522ms total 46.398ms
08-05 02:30:49.675  2110  2687 I art     : Starting a blocking GC Explicit
08-05 02:30:49.720  2110  2687 I art     : Explicit concurrent mark sweep GC freed 1688(110KB) AllocSpace objects, 2(48KB) LOS objects, 27% free, 41MB/57MB, paused 1.463ms total 44.374ms
08-05 02:30:49.731  2110  2687 I art     : Starting a blocking GC Explicit
08-05 02:30:49.773  2110  2687 I art     : Explicit concurrent mark sweep GC freed 1566(88KB) AllocSpace objects, 2(40KB) LOS objects, 27% free, 41MB/57MB, paused 1.293ms total 42.578ms
08-05 02:30:49.785  2110  2687 I art     : Starting a blocking GC Explicit
08-05 02:30:49.828  2110  2687 I art     : Explicit concurrent mark sweep GC freed 1077(119KB) AllocSpace objects, 9(216KB) LOS objects, 27% free, 41MB/57MB, paused 1.282ms total 42.756ms
08-05 02:30:49.841  2110  2687 I art     : Starting a blocking GC Explicit
08-05 02:30:49.882  2110  2687 I art     : Explicit concurrent mark sweep GC freed 440(38KB) AllocSpace objects, 0(0B) LOS objects, 27% free, 41MB/57MB, paused 1.336ms total 41.464ms
08-05 02:30:49.912  2110  2736 E chromium: [ERROR:tile_manager.cc(793)] WARNING: tile memory limits exceeded, some content may not draw
08-05 02:30:49.912  2110  2736 E chromium: [ERROR:tile_manager.cc(793)] WARNING: tile memory limits exceeded, some content may not draw
08-05 02:30:50.008   512  2967 D audio_hw_primary: disable_audio_route: reset and update mixer path: low-latency-playback speaker
08-05 02:30:50.009   512  2967 D audio_hw_primary: disable_snd_device: snd_device(2: speaker)
08-05 02:30:50.017   512  2967 I soundtrigger: audio_extn_sound_trigger_update_device_status: device 0x2 of type 0 for Event 0
08-05 02:30:50.229  2110  2122 I art     : Starting a blocking GC Explicit
08-05 02:30:50.276  2110  2122 I art     : Explicit concurrent mark sweep GC freed 1680(121KB) AllocSpace objects, 3(68KB) LOS objects, 27% free, 41MB/57MB, paused 1.162ms total 47.291ms
08-05 02:30:50.288  2110  2122 I art     : Starting a blocking GC Explicit
08-05 02:30:50.335  2110  2122 I art     : Explicit concurrent mark sweep GC freed 55(2304B) AllocSpace objects, 0(0B) LOS objects, 27% free, 41MB/57MB, paused 1.159ms total 47.294ms
08-05 02:30:50.347  2110  2122 I art     : Starting a blocking GC Explicit
08-05 02:30:50.393  2110  2122 I art     : Explicit concurrent mark sweep GC freed 3(96B) AllocSpace objects, 0(0B) LOS objects, 27% free, 41MB/57MB, paused 1.186ms total 46.153ms
08-05 02:30:50.404  2110  2122 I art     : Starting a blocking GC Explicit
08-05 02:30:50.452  2110  2122 I art     : Explicit concurrent mark sweep GC freed 3(96B) AllocSpace objects, 0(0B) LOS objects, 27% free, 41MB/57MB, paused 1.180ms total 47.488ms
08-05 02:30:50.463  2110  2122 I art     : Starting a blocking GC Explicit
08-05 02:30:50.511  2110  2122 I art     : Explicit concurrent mark sweep GC freed 3(96B) AllocSpace objects, 0(0B) LOS objects, 27% free, 41MB/57MB, paused 1.149ms total 47.603ms
08-05 02:30:50.861  2110  2123 I art     : Starting a blocking GC Explicit
08-05 02:30:50.910  2110  2123 I art     : Explicit concurrent mark sweep GC freed 1447(83KB) AllocSpace objects, 1(20KB) LOS objects, 27% free, 41MB/57MB, paused 1.258ms total 48.396ms
08-05 02:30:50.921  2110  2123 I art     : Starting a blocking GC Explicit
08-05 02:30:50.966  2110  2736 E chromium: [ERROR:tile_manager.cc(793)] WARNING: tile memory limits exceeded, some content may not draw
08-05 02:30:50.967  2110  2736 E chromium: [ERROR:tile_manager.cc(793)] WARNING: tile memory limits exceeded, some content may not draw
08-05 02:30:50.969  2110  2123 I art     : Explicit concurrent mark sweep GC freed 29(1008B) AllocSpace objects, 0(0B) LOS objects, 27% free, 41MB/57MB, paused 1.518ms total 47.294ms
08-05 02:30:50.981  2110  2123 I art     : Starting a blocking GC Explicit
08-05 02:30:50.983  2110  2736 E chromium: [ERROR:tile_manager.cc(793)] WARNING: tile memory limits exceeded, some content may not draw
08-05 02:30:50.983  2110  2736 E chromium: [ERROR:tile_manager.cc(793)] WARNING: tile memory limits exceeded, some content may not draw
08-05 02:30:50.990   518   646 I ThermalEngine: ACTION: GPU - Setting GPU[0] to 450000000
08-05 02:30:50.996  2110  2736 E chromium: [ERROR:tile_manager.cc(793)] WARNING: tile memory limits exceeded, some content may not draw
08-05 02:30:50.997  2110  2736 E chromium: [ERROR:tile_manager.cc(793)] WARNING: tile memory limits exceeded, some content may not draw
08-05 02:30:51.030  2110  2123 I art     : Explicit concurrent mark sweep GC freed 46(1472B) AllocSpace objects, 0(0B) LOS objects, 27% free, 41MB/57MB, paused 1.488ms total 49.464ms
08-05 02:30:51.045  2110  2123 I art     : Starting a blocking GC Explicit
08-05 02:30:51.103  2110  2123 I art     : Explicit concurrent mark sweep GC freed 35(1136B) AllocSpace objects, 0(0B) LOS objects, 27% free, 41MB/57MB, paused 1.474ms total 58.222ms
08-05 02:30:51.118  2110  2123 I art     : Starting a blocking GC Explicit
08-05 02:30:51.177  2110  2123 I art     : Explicit concurrent mark sweep GC freed 26(832B) AllocSpace objects, 0(0B) LOS objects, 27% free, 41MB/57MB, paused 1.619ms total 58.564ms
08-05 02:30:51.577  2110  2366 I art     : Starting a blocking GC Explicit
08-05 02:30:51.644  2110  2366 I art     : Explicit concurrent mark sweep GC freed 1458(83KB) AllocSpace objects, 1(20KB) LOS objects, 27% free, 41MB/57MB, paused 1.627ms total 66.184ms
08-05 02:30:51.661  2110  2366 I art     : Starting a blocking GC Explicit
08-05 02:30:51.726  2110  2366 I art     : Explicit concurrent mark sweep GC freed 22(784B) AllocSpace objects, 0(0B) LOS objects, 27% free, 41MB/57MB, paused 1.587ms total 64.230ms
08-05 02:30:51.726  2110  2121 I art     : WaitForGcToComplete blocked for 43.352ms for cause HeapTrim
08-05 02:30:51.744  2110  2366 I art     : Starting a blocking GC Explicit
08-05 02:30:51.806  2110  2366 I art     : Explicit concurrent mark sweep GC freed 3(96B) AllocSpace objects, 0(0B) LOS objects, 27% free, 41MB/57MB, paused 1.546ms total 62.424ms
08-05 02:30:51.821  2110  2366 I art     : Starting a blocking GC Explicit
08-05 02:30:51.823   918  3188 I hubconnection: sensorhub said: 'set_bias 3: -5.5296, 0.0000, 0.0000'
08-05 02:30:51.883  2110  2366 I art     : Explicit concurrent mark sweep GC freed 3(96B) AllocSpace objects, 0(0B) LOS objects, 27% free, 41MB/57MB, paused 1.608ms total 62.077ms
08-05 02:30:51.898  2110  2366 I art     : Starting a blocking GC Explicit
08-05 02:30:51.962  2110  2366 I art     : Explicit concurrent mark sweep GC freed 3(96B) AllocSpace objects, 0(0B) LOS objects, 27% free, 41MB/57MB, paused 1.611ms total 63.721ms
08-05 02:30:52.380  2110  2687 I art     : Starting a blocking GC Explicit
08-05 02:30:52.447  2110  2687 I art     : Explicit concurrent mark sweep GC freed 1611(91KB) AllocSpace objects, 1(20KB) LOS objects, 27% free, 41MB/57MB, paused 1.670ms total 66.676ms
08-05 02:30:52.464  2110  2687 I art     : Starting a blocking GC Explicit
08-05 02:30:52.522  2110  2687 I art     : Explicit concurrent mark sweep GC freed 1622(63KB) AllocSpace objects, 0(0B) LOS objects, 27% free, 41MB/57MB, paused 1.646ms total 57.501ms
08-05 02:30:52.536  2110  2687 I art     : Starting a blocking GC Explicit
08-05 02:30:52.569  2110  3092 E baseline.com.newsblur.network.APIResponse: Error (unexpected end of stream on https://www.newsblur.com/...) calling https://www.newsblur.com/reader/mark_story_hashes_as_read/
08-05 02:30:52.569  2110  3092 E baseline.com.newsblur.network.APIResponse: java.io.IOException: unexpected end of stream on https://www.newsblur.com/...
08-05 02:30:52.569  2110  3092 E baseline.com.newsblur.network.APIResponse: 	at okhttp3.internal.http1.Http1ExchangeCodec.readResponseHeaders(Http1ExchangeCodec.java:236)
08-05 02:30:52.569  2110  3092 E baseline.com.newsblur.network.APIResponse: 	at okhttp3.internal.connection.Exchange.readResponseHeaders(Exchange.java:115)
08-05 02:30:52.569  2110  3092 E baseline.com.newsblur.network.APIResponse: 	at okhttp3.internal.http.CallServerInterceptor.intercept(CallServerInterceptor.java:94)
08-05 02:30:52.569  2110  3092 E baseline.com.newsblur.network.APIResponse: 	at okhttp3.internal.http.RealInterceptorChain.proceed(RealInterceptorChain.java:142)
08-05 02:30:52.569  2110  3092 E baseline.com.newsblur.network.APIResponse: 	at okhttp3.internal.connection.ConnectInterceptor.intercept(ConnectInterceptor.java:43)
08-05 02:30:52.569  2110  3092 E baseline.com.newsblur.network.APIResponse: 	at okhttp3.internal.http.RealInterceptorChain.proceed(RealInterceptorChain.java:142)
08-05 02:30:52.569  2110  3092 E baseline.com.newsblur.network.APIResponse: 	at okhttp3.internal.http.RealInterceptorChain.proceed(RealInterceptorChain.java:117)
08-05 02:30:52.569  2110  3092 E baseline.com.newsblur.network.APIResponse: 	at okhttp3.internal.cache.CacheInterceptor.intercept(CacheInterceptor.java:94)
08-05 02:30:52.569  2110  3092 E baseline.com.newsblur.network.APIResponse: 	at okhttp3.internal.http.RealInterceptorChain.proceed(RealInterceptorChain.java:142)
08-05 02:30:52.569  2110  3092 E baseline.com.newsblur.network.APIResponse: 	at okhttp3.internal.http.RealInterceptorChain.proceed(RealInterceptorChain.java:117)
08-05 02:30:52.569  2110  3092 E baseline.com.newsblur.network.APIResponse: 	at okhttp3.internal.http.BridgeInterceptor.intercept(BridgeInterceptor.java:93)
08-05 02:30:52.569  2110  3092 E baseline.com.newsblur.network.APIResponse: 	at okhttp3.internal.http.RealInterceptorChain.proceed(RealInterceptorChain.java:142)
08-05 02:30:52.569  2110  3092 E baseline.com.newsblur.network.APIResponse: 	at okhttp3.internal.http.RetryAndFollowUpInterceptor.intercept(RetryAndFollowUpInterceptor.java:88)
08-05 02:30:52.569  2110  3092 E baseline.com.newsblur.network.APIResponse: 	at okhttp3.internal.http.RealInterceptorChain.proceed(RealInterceptorChain.java:142)
08-05 02:30:52.569  2110  3092 E baseline.com.newsblur.network.APIResponse: 	at okhttp3.internal.http.RealInterceptorChain.proceed(RealInterceptorChain.java:117)
08-05 02:30:52.569  2110  3092 E baseline.com.newsblur.network.APIResponse: 	at okhttp3.RealCall.getResponseWithInterceptorChain(RealCall.java:229)
08-05 02:30:52.569  2110  3092 E baseline.com.newsblur.network.APIResponse: 	at okhttp3.RealCall.execute(RealCall.java:81)
08-05 02:30:52.569  2110  3092 E baseline.com.newsblur.network.APIResponse: 	at baseline.com.newsblur.network.APIResponse.<init>(APIResponse.java:57)
08-05 02:30:52.569  2110  3092 E baseline.com.newsblur.network.APIResponse: 	at baseline.com.newsblur.network.APIResponse.<init>(APIResponse.java:43)
08-05 02:30:52.569  2110  3092 E baseline.com.newsblur.network.APIResponse: 	at baseline.com.newsblur.network.APIManager.post_single(APIManager.java:702)
08-05 02:30:52.569  2110  3092 E baseline.com.newsblur.network.APIResponse: 	at baseline.com.newsblur.network.APIManager.post(APIManager.java:675)
08-05 02:30:52.569  2110  3092 E baseline.com.newsblur.network.APIResponse: 	at baseline.com.newsblur.network.APIManager.post(APIManager.java:714)
08-05 02:30:52.569  2110  3092 E baseline.com.newsblur.network.APIResponse: 	at baseline.com.newsblur.network.APIManager.markStoryAsRead(APIManager.java:205)
08-05 02:30:52.569  2110  3092 E baseline.com.newsblur.network.APIResponse: 	at baseline.com.newsblur.util.ReadingAction.doRemote(ReadingAction.java:281)
08-05 02:30:52.569  2110  3092 E baseline.com.newsblur.network.APIResponse: 	at baseline.com.newsblur.service.NBSyncService.syncActions(NBSyncService.java:400)
08-05 02:30:52.569  2110  3092 E baseline.com.newsblur.network.APIResponse: 	at baseline.com.newsblur.service.NBSyncService.doSync(NBSyncService.java:298)
08-05 02:30:52.569  2110  3092 E baseline.com.newsblur.network.APIResponse: 	at baseline.com.newsblur.service.NBSyncService.access$100(NBSyncService.java:67)
08-05 02:30:52.569  2110  3092 E baseline.com.newsblur.network.APIResponse: 	at baseline.com.newsblur.service.NBSyncService$1.run(NBSyncService.java:188)
08-05 02:30:52.569  2110  3092 E baseline.com.newsblur.network.APIResponse: 	at java.util.concurrent.ThreadPoolExecutor.runWorker(ThreadPoolExecutor.java:1113)
08-05 02:30:52.569  2110  3092 E baseline.com.newsblur.network.APIResponse: 	at java.util.concurrent.ThreadPoolExecutor$Worker.run(ThreadPoolExecutor.java:588)
08-05 02:30:52.569  2110  3092 E baseline.com.newsblur.network.APIResponse: 	at java.lang.Thread.run(Thread.java:818)
08-05 02:30:52.569  2110  3092 E baseline.com.newsblur.network.APIResponse: Caused by: java.io.EOFException: \n not found: limit=0 content=
08-05 02:30:52.569  2110  3092 E baseline.com.newsblur.network.APIResponse: 	at okio.RealBufferedSource.readUtf8LineStrict(RealBufferedSource.java:240)
08-05 02:30:52.569  2110  3092 E baseline.com.newsblur.network.APIResponse: 	at okhttp3.internal.http1.Http1ExchangeCodec.readHeaderLine(Http1ExchangeCodec.java:242)
08-05 02:30:52.569  2110  3092 E baseline.com.newsblur.network.APIResponse: 	at okhttp3.internal.http1.Http1ExchangeCodec.readResponseHeaders(Http1ExchangeCodec.java:213)
08-05 02:30:52.569  2110  3092 E baseline.com.newsblur.network.APIResponse: 	... 30 more
08-05 02:30:52.571  2110  3092 I baseline.com.newsblur.service.NBSyncService: Holding reading action with server-side or network error.
08-05 02:30:52.585  2110  3092 W baseline.com.newsblur.service.NBSyncService: hard API failure
08-05 02:30:52.596  2110  2687 I art     : Explicit concurrent mark sweep GC freed 1097(218KB) AllocSpace objects, 4(80KB) LOS objects, 27% free, 41MB/57MB, paused 1.924ms total 59.280ms
08-05 02:30:52.610  2110  2687 I art     : Starting a blocking GC Explicit
08-05 02:30:52.670  2110  2687 I art     : Explicit concurrent mark sweep GC freed 917(213KB) AllocSpace objects, 12(240KB) LOS objects, 27% free, 41MB/57MB, paused 1.524ms total 59.618ms
08-05 02:30:52.684  2110  2687 I art     : Starting a blocking GC Explicit
08-05 02:30:52.746  2110  2687 I art     : Explicit concurrent mark sweep GC freed 636(23KB) AllocSpace objects, 0(0B) LOS objects, 27% free, 41MB/57MB, paused 1.428ms total 61.955ms
08-05 02:30:52.994   518   646 I ThermalEngine: ACTION: GPU - Setting GPU[0] to 510000000
08-05 02:30:53.139  2110  2123 I art     : Starting a blocking GC Explicit
08-05 02:30:53.190  2110  2123 I art     : Explicit concurrent mark sweep GC freed 1411(81KB) AllocSpace objects, 1(20KB) LOS objects, 27% free, 41MB/57MB, paused 1.158ms total 50.169ms
08-05 02:30:53.201  2110  2123 I art     : Starting a blocking GC Explicit
08-05 02:30:53.248  2110  2123 I art     : Explicit concurrent mark sweep GC freed 20(704B) AllocSpace objects, 0(0B) LOS objects, 27% free, 41MB/57MB, paused 1.109ms total 45.994ms
08-05 02:30:53.259  2110  2123 I art     : Starting a blocking GC Explicit
08-05 02:30:53.307  2110  2123 I art     : Explicit concurrent mark sweep GC freed 3(96B) AllocSpace objects, 0(0B) LOS objects, 27% free, 41MB/57MB, paused 1.109ms total 47.309ms
08-05 02:30:53.318  2110  2123 I art     : Starting a blocking GC Explicit
08-05 02:30:53.365  2110  2123 I art     : Explicit concurrent mark sweep GC freed 3(96B) AllocSpace objects, 0(0B) LOS objects, 27% free, 41MB/57MB, paused 1.097ms total 47.015ms
08-05 02:30:53.377  2110  2123 I art     : Starting a blocking GC Explicit
08-05 02:30:53.424  2110  2123 I art     : Explicit concurrent mark sweep GC freed 3(96B) AllocSpace objects, 0(0B) LOS objects, 27% free, 41MB/57MB, paused 1.101ms total 46.988ms
08-05 02:30:53.776  2110  2366 I art     : Starting a blocking GC Explicit
08-05 02:30:53.824  2110  2366 I art     : Explicit concurrent mark sweep GC freed 1406(81KB) AllocSpace objects, 1(20KB) LOS objects, 27% free, 41MB/57MB, paused 1.146ms total 47.484ms
08-05 02:30:53.835  2110  2366 I art     : Starting a blocking GC Explicit
08-05 02:30:53.881  2110  2366 I art     : Explicit concurrent mark sweep GC freed 20(704B) AllocSpace objects, 0(0B) LOS objects, 27% free, 41MB/57MB, paused 1.085ms total 45.696ms
08-05 02:30:53.893  2110  2366 I art     : Starting a blocking GC Explicit
08-05 02:30:53.939  2110  2366 I art     : Explicit concurrent mark sweep GC freed 3(96B) AllocSpace objects, 0(0B) LOS objects, 27% free, 41MB/57MB, paused 1.150ms total 46.374ms
08-05 02:30:53.950  2110  2366 I art     : Starting a blocking GC Explicit
08-05 02:30:53.995  2110  2366 I art     : Explicit concurrent mark sweep GC freed 3(96B) AllocSpace objects, 0(0B) LOS objects, 27% free, 41MB/57MB, paused 1.078ms total 44.155ms
08-05 02:30:54.006  2110  2366 I art     : Starting a blocking GC Explicit
08-05 02:30:54.051  2110  2366 I art     : Explicit concurrent mark sweep GC freed 3(96B) AllocSpace objects, 0(0B) LOS objects, 27% free, 41MB/57MB, paused 1.116ms total 44.861ms
08-05 02:30:54.084  4327  4327 D AndroidRuntime: >>>>>> START com.android.internal.os.RuntimeInit uid 2000 <<<<<<
08-05 02:30:54.089  4327  4327 D AndroidRuntime: CheckJNI is OFF
08-05 02:30:54.121  4327  4327 D ICU     : No timezone override file found: /data/misc/zoneinfo/current/icu/icu_tzdata.dat
08-05 02:30:54.155  4327  4327 I Radio-JNI: register_android_hardware_Radio DONE
08-05 02:30:54.177  4327  4327 D AndroidRuntime: Calling main entry com.android.commands.input.Input
08-05 02:30:54.178  4327  4327 I Input   : injectKeyEvent: KeyEvent { action=ACTION_DOWN, keyCode=KEYCODE_BACK, scanCode=0, metaState=0, flags=0x0, repeatCount=0, eventTime=757870591, downTime=757870591, deviceId=-1, source=0x101 }
08-05 02:30:54.189  4327  4327 I Input   : injectKeyEvent: KeyEvent { action=ACTION_UP, keyCode=KEYCODE_BACK, scanCode=0, metaState=0, flags=0x0, repeatCount=0, eventTime=757870591, downTime=757870591, deviceId=-1, source=0x101 }
08-05 02:30:54.195  4327  4327 D AndroidRuntime: Shutting down VM
08-05 02:30:54.208  2110  2110 D baseline.com.newsblur.service.NBSyncService: rejecting request for feedset that is exhaused
08-05 02:30:54.210   918   937 W ProcessCpuTracker: Skipping unknown process pid 4340
08-05 02:30:54.347  2110  2110 D baseline.com.newsblur.service.NBSyncService: rejecting request for feedset that is exhaused
08-05 02:30:54.352 13866 13866 I GoogleInputMethodServic: GoogleInputMethodService.onFinishInput():3138 
08-05 02:30:54.353 13866 13866 I GoogleInputMethodServic: GoogleInputMethodService.onStartInput():1808 
08-05 02:30:54.358  2110  2122 I art     : Starting a blocking GC Explicit
08-05 02:30:54.406  2110  2122 I art     : Explicit concurrent mark sweep GC freed 2837(225KB) AllocSpace objects, 5(100KB) LOS objects, 27% free, 41MB/57MB, paused 1.285ms total 48.086ms
08-05 02:30:54.419  2110  2122 I art     : Starting a blocking GC Explicit
08-05 02:30:54.459  2110  2122 I art     : Explicit concurrent mark sweep GC freed 529(41KB) AllocSpace objects, 0(0B) LOS objects, 27% free, 41MB/57MB, paused 986us total 39.713ms
08-05 02:30:54.470  2110  2122 I art     : Starting a blocking GC Explicit
08-05 02:30:54.508  2110  2122 I art     : Explicit concurrent mark sweep GC freed 19(608B) AllocSpace objects, 1(28KB) LOS objects, 27% free, 41MB/57MB, paused 954us total 38.569ms
08-05 02:30:54.520  2110  2122 I art     : Starting a blocking GC Explicit
08-05 02:30:54.571  2110  2122 I art     : Explicit concurrent mark sweep GC freed 3(96B) AllocSpace objects, 0(0B) LOS objects, 27% free, 41MB/57MB, paused 1.552ms total 51.002ms
08-05 02:30:54.585  2110  2122 I art     : Starting a blocking GC Explicit
08-05 02:30:54.633  2110  2122 I art     : Explicit concurrent mark sweep GC freed 3(96B) AllocSpace objects, 0(0B) LOS objects, 27% free, 41MB/57MB, paused 980us total 47.705ms
08-05 02:30:54.995  2110  2122 I art     : Starting a blocking GC Explicit
08-05 02:30:55.052  2110  2122 I art     : Explicit concurrent mark sweep GC freed 3070(160KB) AllocSpace objects, 1(20KB) LOS objects, 27% free, 41MB/57MB, paused 1.263ms total 56.452ms
08-05 02:30:55.066  2110  2122 I art     : Starting a blocking GC Explicit
08-05 02:30:55.118  2110  2122 I art     : Explicit concurrent mark sweep GC freed 156(7KB) AllocSpace objects, 0(0B) LOS objects, 27% free, 41MB/57MB, paused 1.270ms total 51.297ms
08-05 02:30:55.131  2110  2122 I art     : Starting a blocking GC Explicit
08-05 02:30:55.181  2110  2122 I art     : Explicit concurrent mark sweep GC freed 10(320B) AllocSpace objects, 0(0B) LOS objects, 27% free, 41MB/57MB, paused 1.119ms total 49.083ms
08-05 02:30:55.193  2110  2122 I art     : Starting a blocking GC Explicit
08-05 02:30:55.242  2110  2122 I art     : Explicit concurrent mark sweep GC freed 11(352B) AllocSpace objects, 0(0B) LOS objects, 27% free, 41MB/57MB, paused 1.220ms total 49.352ms
08-05 02:30:55.254  2110  2122 I art     : Starting a blocking GC Explicit
08-05 02:30:55.303  2110  2122 I art     : Explicit concurrent mark sweep GC freed 10(320B) AllocSpace objects, 0(0B) LOS objects, 27% free, 41MB/57MB, paused 1.061ms total 48.961ms
08-05 02:30:55.633  2110  4354 I art     : Starting a blocking GC Explicit
08-05 02:30:55.702  2110  4354 I art     : Explicit concurrent mark sweep GC freed 1454(82KB) AllocSpace objects, 1(20KB) LOS objects, 27% free, 41MB/57MB, paused 1.184ms total 67.684ms
08-05 02:30:55.715  2110  4354 I art     : Starting a blocking GC Explicit
08-05 02:30:55.765  2110  4354 I art     : Explicit concurrent mark sweep GC freed 27(928B) AllocSpace objects, 0(0B) LOS objects, 27% free, 41MB/57MB, paused 1.091ms total 50.549ms
08-05 02:30:55.777  2110  4354 I art     : Starting a blocking GC Explicit
08-05 02:30:55.823  2110  4354 I art     : Explicit concurrent mark sweep GC freed 6(192B) AllocSpace objects, 0(0B) LOS objects, 27% free, 41MB/57MB, paused 1.050ms total 45.890ms
08-05 02:30:55.834  2110  4354 I art     : Starting a blocking GC Explicit
08-05 02:30:55.862  4366  4366 D AndroidRuntime: >>>>>> START com.android.internal.os.RuntimeInit uid 2000 <<<<<<
08-05 02:30:55.867  4366  4366 D AndroidRuntime: CheckJNI is OFF
08-05 02:30:55.877  2110  4354 I art     : Explicit concurrent mark sweep GC freed 3(96B) AllocSpace objects, 0(0B) LOS objects, 27% free, 41MB/57MB, paused 1.092ms total 42.363ms
08-05 02:30:55.888  2110  4354 I art     : Starting a blocking GC Explicit
08-05 02:30:55.902  4366  4366 D ICU     : No timezone override file found: /data/misc/zoneinfo/current/icu/icu_tzdata.dat
08-05 02:30:55.933  2110  4354 I art     : Explicit concurrent mark sweep GC freed 3(96B) AllocSpace objects, 0(0B) LOS objects, 27% free, 41MB/57MB, paused 1.131ms total 45.460ms
08-05 02:30:55.938  4366  4366 I Radio-JNI: register_android_hardware_Radio DONE
08-05 02:30:55.960  4366  4366 D AndroidRuntime: Calling main entry com.android.commands.input.Input
08-05 02:30:55.961  4366  4366 I Input   : injectKeyEvent: KeyEvent { action=ACTION_DOWN, keyCode=KEYCODE_BACK, scanCode=0, metaState=0, flags=0x0, repeatCount=0, eventTime=757872374, downTime=757872374, deviceId=-1, source=0x101 }
08-05 02:30:55.967  4366  4366 I Input   : injectKeyEvent: KeyEvent { action=ACTION_UP, keyCode=KEYCODE_BACK, scanCode=0, metaState=0, flags=0x0, repeatCount=0, eventTime=757872374, downTime=757872374, deviceId=-1, source=0x101 }
08-05 02:30:55.973  4366  4366 D AndroidRuntime: Shutting down VM
08-05 02:30:56.001   518   646 I ThermalEngine: ACTION: GPU - Setting GPU[0] to 450000000
08-05 02:30:56.176 13866 13866 I GoogleInputMethodServic: GoogleInputMethodService.onFinishInput():3138 
08-05 02:30:56.177 13866 13866 I GoogleInputMethodServic: GoogleInputMethodService.onStartInput():1808 
08-05 02:30:56.302  2110  4354 I art     : Starting a blocking GC Explicit
08-05 02:30:56.370  2110  4354 I art     : Explicit concurrent mark sweep GC freed 12042(820KB) AllocSpace objects, 17(340KB) LOS objects, 27% free, 41MB/57MB, paused 1.513ms total 67.581ms
08-05 02:30:56.386  2110  4354 I art     : Starting a blocking GC Explicit
08-05 02:30:56.460  2110  4354 I art     : Explicit concurrent mark sweep GC freed 274(10KB) AllocSpace objects, 0(0B) LOS objects, 27% free, 41MB/57MB, paused 2.190ms total 73.593ms
08-05 02:30:56.477  2110  4354 I art     : Starting a blocking GC Explicit
08-05 02:30:56.544  2110  4354 I art     : Explicit concurrent mark sweep GC freed 380(17KB) AllocSpace objects, 0(0B) LOS objects, 27% free, 41MB/57MB, paused 1.762ms total 65.815ms
08-05 02:30:56.563  2110  4354 I art     : Starting a blocking GC Explicit
08-05 02:30:56.616  2110  4354 I art     : Explicit concurrent mark sweep GC freed 104(4KB) AllocSpace objects, 0(0B) LOS objects, 27% free, 41MB/57MB, paused 1.454ms total 52.829ms
08-05 02:30:56.630  2110  4354 I art     : Starting a blocking GC Explicit
08-05 02:30:56.686  2110  4354 I art     : Explicit concurrent mark sweep GC freed 885(37KB) AllocSpace objects, 0(0B) LOS objects, 27% free, 41MB/57MB, paused 1.558ms total 56.307ms
08-05 02:30:56.777  2110  4401 E baseline.com.newsblur.network.APIResponse: Error (unexpected end of stream on https://www.newsblur.com/...) calling https://www.newsblur.com/reader/mark_story_hashes_as_read/
08-05 02:30:56.777  2110  4401 E baseline.com.newsblur.network.APIResponse: java.io.IOException: unexpected end of stream on https://www.newsblur.com/...
08-05 02:30:56.777  2110  4401 E baseline.com.newsblur.network.APIResponse: 	at okhttp3.internal.http1.Http1ExchangeCodec.readResponseHeaders(Http1ExchangeCodec.java:236)
08-05 02:30:56.777  2110  4401 E baseline.com.newsblur.network.APIResponse: 	at okhttp3.internal.connection.Exchange.readResponseHeaders(Exchange.java:115)
08-05 02:30:56.777  2110  4401 E baseline.com.newsblur.network.APIResponse: 	at okhttp3.internal.http.CallServerInterceptor.intercept(CallServerInterceptor.java:94)
08-05 02:30:56.777  2110  4401 E baseline.com.newsblur.network.APIResponse: 	at okhttp3.internal.http.RealInterceptorChain.proceed(RealInterceptorChain.java:142)
08-05 02:30:56.777  2110  4401 E baseline.com.newsblur.network.APIResponse: 	at okhttp3.internal.connection.ConnectInterceptor.intercept(ConnectInterceptor.java:43)
08-05 02:30:56.777  2110  4401 E baseline.com.newsblur.network.APIResponse: 	at okhttp3.internal.http.RealInterceptorChain.proceed(RealInterceptorChain.java:142)
08-05 02:30:56.777  2110  4401 E baseline.com.newsblur.network.APIResponse: 	at okhttp3.internal.http.RealInterceptorChain.proceed(RealInterceptorChain.java:117)
08-05 02:30:56.777  2110  4401 E baseline.com.newsblur.network.APIResponse: 	at okhttp3.internal.cache.CacheInterceptor.intercept(CacheInterceptor.java:94)
08-05 02:30:56.777  2110  4401 E baseline.com.newsblur.network.APIResponse: 	at okhttp3.internal.http.RealInterceptorChain.proceed(RealInterceptorChain.java:142)
08-05 02:30:56.777  2110  4401 E baseline.com.newsblur.network.APIResponse: 	at okhttp3.internal.http.RealInterceptorChain.proceed(RealInterceptorChain.java:117)
08-05 02:30:56.777  2110  4401 E baseline.com.newsblur.network.APIResponse: 	at okhttp3.internal.http.BridgeInterceptor.intercept(BridgeInterceptor.java:93)
08-05 02:30:56.777  2110  4401 E baseline.com.newsblur.network.APIResponse: 	at okhttp3.internal.http.RealInterceptorChain.proceed(RealInterceptorChain.java:142)
08-05 02:30:56.777  2110  4401 E baseline.com.newsblur.network.APIResponse: 	at okhttp3.internal.http.RetryAndFollowUpInterceptor.intercept(RetryAndFollowUpInterceptor.java:88)
08-05 02:30:56.777  2110  4401 E baseline.com.newsblur.network.APIResponse: 	at okhttp3.internal.http.RealInterceptorChain.proceed(RealInterceptorChain.java:142)
08-05 02:30:56.777  2110  4401 E baseline.com.newsblur.network.APIResponse: 	at okhttp3.internal.http.RealInterceptorChain.proceed(RealInterceptorChain.java:117)
08-05 02:30:56.777  2110  4401 E baseline.com.newsblur.network.APIResponse: 	at okhttp3.RealCall.getResponseWithInterceptorChain(RealCall.java:229)
08-05 02:30:56.777  2110  4401 E baseline.com.newsblur.network.APIResponse: 	at okhttp3.RealCall.execute(RealCall.java:81)
08-05 02:30:56.777  2110  4401 E baseline.com.newsblur.network.APIResponse: 	at baseline.com.newsblur.network.APIResponse.<init>(APIResponse.java:57)
08-05 02:30:56.777  2110  4401 E baseline.com.newsblur.network.APIResponse: 	at baseline.com.newsblur.network.APIResponse.<init>(APIResponse.java:43)
08-05 02:30:56.777  2110  4401 E baseline.com.newsblur.network.APIResponse: 	at baseline.com.newsblur.network.APIManager.post_single(APIManager.java:702)
08-05 02:30:56.777  2110  4401 E baseline.com.newsblur.network.APIResponse: 	at baseline.com.newsblur.network.APIManager.post(APIManager.java:675)
08-05 02:30:56.777  2110  4401 E baseline.com.newsblur.network.APIResponse: 	at baseline.com.newsblur.network.APIManager.post(APIManager.java:714)
08-05 02:30:56.777  2110  4401 E baseline.com.newsblur.network.APIResponse: 	at baseline.com.newsblur.network.APIManager.markStoryAsRead(APIManager.java:205)
08-05 02:30:56.777  2110  4401 E baseline.com.newsblur.network.APIResponse: 	at baseline.com.newsblur.util.ReadingAction.doRemote(ReadingAction.java:281)
08-05 02:30:56.777  2110  4401 E baseline.com.newsblur.network.APIResponse: 	at baseline.com.newsblur.service.NBSyncService.syncActions(NBSyncService.java:400)
08-05 02:30:56.777  2110  4401 E baseline.com.newsblur.network.APIResponse: 	at baseline.com.newsblur.service.NBSyncService.doSync(NBSyncService.java:298)
08-05 02:30:56.777  2110  4401 E baseline.com.newsblur.network.APIResponse: 	at baseline.com.newsblur.service.NBSyncService.access$100(NBSyncService.java:67)
08-05 02:30:56.777  2110  4401 E baseline.com.newsblur.network.APIResponse: 	at baseline.com.newsblur.service.NBSyncService$1.run(NBSyncService.java:188)
08-05 02:30:56.777  2110  4401 E baseline.com.newsblur.network.APIResponse: 	at java.util.concurrent.ThreadPoolExecutor.runWorker(ThreadPoolExecutor.java:1113)
08-05 02:30:56.777  2110  4401 E baseline.com.newsblur.network.APIResponse: 	at java.util.concurrent.ThreadPoolExecutor$Worker.run(ThreadPoolExecutor.java:588)
08-05 02:30:56.777  2110  4401 E baseline.com.newsblur.network.APIResponse: 	at java.lang.Thread.run(Thread.java:818)
08-05 02:30:56.777  2110  4401 E baseline.com.newsblur.network.APIResponse: Caused by: java.io.EOFException: \n not found: limit=0 content=
08-05 02:30:56.777  2110  4401 E baseline.com.newsblur.network.APIResponse: 	at okio.RealBufferedSource.readUtf8LineStrict(RealBufferedSource.java:240)
08-05 02:30:56.777  2110  4401 E baseline.com.newsblur.network.APIResponse: 	at okhttp3.internal.http1.Http1ExchangeCodec.readHeaderLine(Http1ExchangeCodec.java:242)
08-05 02:30:56.777  2110  4401 E baseline.com.newsblur.network.APIResponse: 	at okhttp3.internal.http1.Http1ExchangeCodec.readResponseHeaders(Http1ExchangeCodec.java:213)
08-05 02:30:56.777  2110  4401 E baseline.com.newsblur.network.APIResponse: 	... 30 more
08-05 02:30:56.778  2110  4401 I baseline.com.newsblur.network.APIManager: API call failed, pausing before retry number 1
08-05 02:30:57.067  2110  2122 I art     : Starting a blocking GC Explicit
08-05 02:30:57.133  2110  2122 I art     : Explicit concurrent mark sweep GC freed 4727(418KB) AllocSpace objects, 6(260KB) LOS objects, 27% free, 41MB/57MB, paused 1.597ms total 65.549ms
08-05 02:30:57.149  2110  2122 I art     : Starting a blocking GC Explicit
08-05 02:30:57.208  2110  2122 I art     : Explicit concurrent mark sweep GC freed 1003(118KB) AllocSpace objects, 0(0B) LOS objects, 27% free, 41MB/57MB, paused 1.436ms total 58.558ms
08-05 02:30:57.223  2110  2122 I art     : Starting a blocking GC Explicit
08-05 02:30:57.278  2110  2122 I art     : Explicit concurrent mark sweep GC freed 11(352B) AllocSpace objects, 0(0B) LOS objects, 27% free, 41MB/57MB, paused 1.528ms total 54.921ms
08-05 02:30:57.293  2110  2122 I art     : Starting a blocking GC Explicit
08-05 02:30:57.351  2110  2122 I art     : Explicit concurrent mark sweep GC freed 11(352B) AllocSpace objects, 0(0B) LOS objects, 27% free, 41MB/57MB, paused 1.558ms total 57.916ms
08-05 02:30:57.366  2110  2122 I art     : Starting a blocking GC Explicit
08-05 02:30:57.425  2110  2122 I art     : Explicit concurrent mark sweep GC freed 13(416B) AllocSpace objects, 0(0B) LOS objects, 27% free, 41MB/57MB, paused 1.434ms total 58.513ms
08-05 02:30:57.742  4415  4415 D AndroidRuntime: >>>>>> START com.android.internal.os.RuntimeInit uid 2000 <<<<<<
08-05 02:30:57.748  4415  4415 D AndroidRuntime: CheckJNI is OFF
08-05 02:30:57.793  4415  4415 D ICU     : No timezone override file found: /data/misc/zoneinfo/current/icu/icu_tzdata.dat
08-05 02:30:57.797  2110  2122 I art     : Starting a blocking GC Explicit
08-05 02:30:57.838  4415  4415 I Radio-JNI: register_android_hardware_Radio DONE
08-05 02:30:57.861  2110  2122 I art     : Explicit concurrent mark sweep GC freed 1467(83KB) AllocSpace objects, 1(20KB) LOS objects, 27% free, 41MB/57MB, paused 1.702ms total 63.203ms
08-05 02:30:57.868  4415  4415 D AndroidRuntime: Calling main entry com.android.commands.input.Input
08-05 02:30:57.871  4415  4415 I Input   : injectMotionEvent: MotionEvent { action=ACTION_DOWN, actionButton=0, id[0]=0, x[0]=553.0, y[0]=442.0, toolType[0]=TOOL_TYPE_UNKNOWN, buttonState=0, metaState=0, flags=0x0, edgeFlags=0x0, pointerCount=1, historySize=0, eventTime=757874283, downTime=757874283, deviceId=0, source=0x1002 }
08-05 02:30:57.876  2110  2122 I art     : Starting a blocking GC Explicit
08-05 02:30:57.877  4415  4415 I Input   : injectMotionEvent: MotionEvent { action=ACTION_UP, actionButton=0, id[0]=0, x[0]=553.0, y[0]=442.0, toolType[0]=TOOL_TYPE_UNKNOWN, buttonState=0, metaState=0, flags=0x0, edgeFlags=0x0, pointerCount=1, historySize=0, eventTime=757874283, downTime=757874283, deviceId=0, source=0x1002 }
08-05 02:30:57.880  4415  4415 D AndroidRuntime: Shutting down VM
08-05 02:30:57.934  2110  2122 I art     : Explicit concurrent mark sweep GC freed 60(2368B) AllocSpace objects, 0(0B) LOS objects, 27% free, 41MB/57MB, paused 1.465ms total 58.018ms
08-05 02:30:57.948  2110  2122 I art     : Starting a blocking GC Explicit
08-05 02:30:57.949   918  5481 I ActivityManager: START u0 {cmp=baseline.com.newsblur/.activity.AllSharedStoriesItemsList (has extras)} from uid 10676 on display 0
08-05 02:30:57.973  2110  2352 I baseline.com.newsblur.database.BlurDatabaseHelper: reading session reset
08-05 02:30:58.009  2110  2122 I art     : Explicit concurrent mark sweep GC freed 1837(180KB) AllocSpace objects, 5(192KB) LOS objects, 27% free, 41MB/57MB, paused 2.114ms total 60.712ms
08-05 02:30:58.024  2110  2122 I art     : Starting a blocking GC Explicit
08-05 02:30:58.081  2110  2122 I art     : Explicit concurrent mark sweep GC freed 309(20KB) AllocSpace objects, 0(0B) LOS objects, 27% free, 41MB/57MB, paused 1.607ms total 57.532ms
08-05 02:30:58.096  2110  2122 I art     : Starting a blocking GC Explicit
08-05 02:30:58.154  2110  2122 I art     : Explicit concurrent mark sweep GC freed 581(45KB) AllocSpace objects, 1(20KB) LOS objects, 27% free, 41MB/57MB, paused 1.522ms total 58.293ms
08-05 02:30:58.181  2110  2110 D baseline.com.newsblur.service.NBSyncService: rejecting request for feedset that is exhaused
08-05 02:30:58.188  2110  2110 W View    : requestLayout() improperly called by android.widget.FrameLayout{3f49b38 V.E...... ......ID 0,0-1440,18 #7f07003f app:id/footer_view_inner} during layout: running second layout pass
08-05 02:30:58.188  2110  2110 W View    : requestLayout() improperly called by android.widget.FrameLayout{bc15711 V.E...... ......ID 0,0-1440,2091 #7f07003f app:id/footer_view_inner} during layout: running second layout pass
08-05 02:30:58.208   918   936 I ActivityManager: Displayed baseline.com.newsblur/.activity.AllSharedStoriesItemsList: +249ms
08-05 02:30:58.209 13866 13866 I GoogleInputMethodServic: GoogleInputMethodService.onFinishInput():3138 
08-05 02:30:58.209 13866 13866 I GoogleInputMethodServic: GoogleInputMethodService.onStartInput():1808 
08-05 02:30:58.372   918  3261 D WifiStateMachine: starting scan for "H369AA63323"WPA_PSK with 2412,5180
08-05 02:30:58.428  2110  2400 I NAPPA_EXPERIMENTATION: MetricNetworkRequestExecutionTime: REQUEST_DURATION_SYSTEM='171',REQUEST_DURATION_OKHTTP='170',REQUEST_SYNCHRONOUS='TRUE',RESPONSE_CODE='200',RESPONSE_METHOD='GET',RESPONSE_LENGTH_OKHTTP='43',RESPONSE_LENGTH_HEADER='43',REQUEST_PROTOCOL='http/1.1',REQUEST_URL='http://feeds.feedburner.com/~r/retort/~4/UffaFMiJbNs',
08-05 02:30:58.524  2110  2122 I art     : Starting a blocking GC Explicit
08-05 02:30:58.590  2110  2122 I art     : Explicit concurrent mark sweep GC freed 3888(268KB) AllocSpace objects, 10(200KB) LOS objects, 27% free, 41MB/57MB, paused 1.715ms total 65.641ms
08-05 02:30:58.607  2110  2122 I art     : Starting a blocking GC Explicit
08-05 02:30:58.670  2110  2122 I art     : Explicit concurrent mark sweep GC freed 260(11KB) AllocSpace objects, 0(0B) LOS objects, 27% free, 41MB/57MB, paused 1.572ms total 62.570ms
08-05 02:30:58.685  2110  2122 I art     : Starting a blocking GC Explicit
08-05 02:30:58.745  2110  2122 I art     : Explicit concurrent mark sweep GC freed 135(5KB) AllocSpace objects, 0(0B) LOS objects, 27% free, 41MB/57MB, paused 1.541ms total 59.510ms
08-05 02:30:58.760  2110  2122 I art     : Starting a blocking GC Explicit
08-05 02:30:58.822  2110  2122 I art     : Explicit concurrent mark sweep GC freed 3(96B) AllocSpace objects, 0(0B) LOS objects, 27% free, 41MB/57MB, paused 1.563ms total 61.902ms
08-05 02:30:58.837  2110  2122 I art     : Starting a blocking GC Explicit
08-05 02:30:58.901  2110  2122 I art     : Explicit concurrent mark sweep GC freed 1689(65KB) AllocSpace objects, 0(0B) LOS objects, 27% free, 41MB/57MB, paused 1.681ms total 63.768ms
08-05 02:30:58.903  2110  4401 E baseline.com.newsblur.network.APIResponse: Error (unexpected end of stream on https://www.newsblur.com/...) calling https://www.newsblur.com/reader/mark_story_hashes_as_read/
08-05 02:30:58.903  2110  4401 E baseline.com.newsblur.network.APIResponse: java.io.IOException: unexpected end of stream on https://www.newsblur.com/...
08-05 02:30:58.903  2110  4401 E baseline.com.newsblur.network.APIResponse: 	at okhttp3.internal.http1.Http1ExchangeCodec.readResponseHeaders(Http1ExchangeCodec.java:236)
08-05 02:30:58.903  2110  4401 E baseline.com.newsblur.network.APIResponse: 	at okhttp3.internal.connection.Exchange.readResponseHeaders(Exchange.java:115)
08-05 02:30:58.903  2110  4401 E baseline.com.newsblur.network.APIResponse: 	at okhttp3.internal.http.CallServerInterceptor.intercept(CallServerInterceptor.java:94)
08-05 02:30:58.903  2110  4401 E baseline.com.newsblur.network.APIResponse: 	at okhttp3.internal.http.RealInterceptorChain.proceed(RealInterceptorChain.java:142)
08-05 02:30:58.903  2110  4401 E baseline.com.newsblur.network.APIResponse: 	at okhttp3.internal.connection.ConnectInterceptor.intercept(ConnectInterceptor.java:43)
08-05 02:30:58.903  2110  4401 E baseline.com.newsblur.network.APIResponse: 	at okhttp3.internal.http.RealInterceptorChain.proceed(RealInterceptorChain.java:142)
08-05 02:30:58.903  2110  4401 E baseline.com.newsblur.network.APIResponse: 	at okhttp3.internal.http.RealInterceptorChain.proceed(RealInterceptorChain.java:117)
08-05 02:30:58.903  2110  4401 E baseline.com.newsblur.network.APIResponse: 	at okhttp3.internal.cache.CacheInterceptor.intercept(CacheInterceptor.java:94)
08-05 02:30:58.903  2110  4401 E baseline.com.newsblur.network.APIResponse: 	at okhttp3.internal.http.RealInterceptorChain.proceed(RealInterceptorChain.java:142)
08-05 02:30:58.903  2110  4401 E baseline.com.newsblur.network.APIResponse: 	at okhttp3.internal.http.RealInterceptorChain.proceed(RealInterceptorChain.java:117)
08-05 02:30:58.903  2110  4401 E baseline.com.newsblur.network.APIResponse: 	at okhttp3.internal.http.BridgeInterceptor.intercept(BridgeInterceptor.java:93)
08-05 02:30:58.903  2110  4401 E baseline.com.newsblur.network.APIResponse: 	at okhttp3.internal.http.RealInterceptorChain.proceed(RealInterceptorChain.java:142)
08-05 02:30:58.903  2110  4401 E baseline.com.newsblur.network.APIResponse: 	at okhttp3.internal.http.RetryAndFollowUpInterceptor.intercept(RetryAndFollowUpInterceptor.java:88)
08-05 02:30:58.903  2110  4401 E baseline.com.newsblur.network.APIResponse: 	at okhttp3.internal.http.RealInterceptorChain.proceed(RealInterceptorChain.java:142)
08-05 02:30:58.903  2110  4401 E baseline.com.newsblur.network.APIResponse: 	at okhttp3.internal.http.RealInterceptorChain.proceed(RealInterceptorChain.java:117)
08-05 02:30:58.903  2110  4401 E baseline.com.newsblur.network.APIResponse: 	at okhttp3.RealCall.getResponseWithInterceptorChain(RealCall.java:229)
08-05 02:30:58.903  2110  4401 E baseline.com.newsblur.network.APIResponse: 	at okhttp3.RealCall.execute(RealCall.java:81)
08-05 02:30:58.903  2110  4401 E baseline.com.newsblur.network.APIResponse: 	at baseline.com.newsblur.network.APIResponse.<init>(APIResponse.java:57)
08-05 02:30:58.903  2110  4401 E baseline.com.newsblur.network.APIResponse: 	at baseline.com.newsblur.network.APIResponse.<init>(APIResponse.java:43)
08-05 02:30:58.903  2110  4401 E baseline.com.newsblur.network.APIResponse: 	at baseline.com.newsblur.network.APIManager.post_single(APIManager.java:702)
08-05 02:30:58.903  2110  4401 E baseline.com.newsblur.network.APIResponse: 	at baseline.com.newsblur.network.APIManager.post(APIManager.java:675)
08-05 02:30:58.903  2110  4401 E baseline.com.newsblur.network.APIResponse: 	at baseline.com.newsblur.network.APIManager.post(APIManager.java:714)
08-05 02:30:58.903  2110  4401 E baseline.com.newsblur.network.APIResponse: 	at baseline.com.newsblur.network.APIManager.markStoryAsRead(APIManager.java:205)
08-05 02:30:58.903  2110  4401 E baseline.com.newsblur.network.APIResponse: 	at baseline.com.newsblur.util.ReadingAction.doRemote(ReadingAction.java:281)
08-05 02:30:58.903  2110  4401 E baseline.com.newsblur.network.APIResponse: 	at baseline.com.newsblur.service.NBSyncService.syncActions(NBSyncService.java:400)
08-05 02:30:58.903  2110  4401 E baseline.com.newsblur.network.APIResponse: 	at baseline.com.newsblur.service.NBSyncService.doSync(NBSyncService.java:298)
08-05 02:30:58.903  2110  4401 E baseline.com.newsblur.network.APIResponse: 	at baseline.com.newsblur.service.NBSyncService.access$100(NBSyncService.java:67)
08-05 02:30:58.903  2110  4401 E baseline.com.newsblur.network.APIResponse: 	at baseline.com.newsblur.service.NBSyncService$1.run(NBSyncService.java:188)
08-05 02:30:58.903  2110  4401 E baseline.com.newsblur.network.APIResponse: 	at java.util.concurrent.ThreadPoolExecutor.runWorker(ThreadPoolExecutor.java:1113)
08-05 02:30:58.903  2110  4401 E baseline.com.newsblur.network.APIResponse: 	at java.util.concurrent.ThreadPoolExecutor$Worker.run(ThreadPoolExecutor.java:588)
08-05 02:30:58.903  2110  4401 E baseline.com.newsblur.network.APIResponse: 	at java.lang.Thread.run(Thread.java:818)
08-05 02:30:58.903  2110  4401 E baseline.com.newsblur.network.APIResponse: Caused by: java.io.EOFException: \n not found: limit=0 content=
08-05 02:30:58.903  2110  4401 E baseline.com.newsblur.network.APIResponse: 	at okio.RealBufferedSource.readUtf8LineStrict(RealBufferedSource.java:240)
08-05 02:30:58.903  2110  4401 E baseline.com.newsblur.network.APIResponse: 	at okhttp3.internal.http1.Http1ExchangeCodec.readHeaderLine(Http1ExchangeCodec.java:242)
08-05 02:30:58.903  2110  4401 E baseline.com.newsblur.network.APIResponse: 	at okhttp3.internal.http1.Http1ExchangeCodec.readResponseHeaders(Http1ExchangeCodec.java:213)
08-05 02:30:58.903  2110  4401 E baseline.com.newsblur.network.APIResponse: 	... 30 more
08-05 02:30:58.905  2110  4401 I baseline.com.newsblur.network.APIManager: API call failed, pausing before retry number 2
08-05 02:30:59.281  2110  2366 I art     : Starting a blocking GC Explicit
08-05 02:30:59.347  2110  2366 I art     : Explicit concurrent mark sweep GC freed 2309(293KB) AllocSpace objects, 3(60KB) LOS objects, 27% free, 41MB/57MB, paused 1.601ms total 65.480ms
08-05 02:30:59.363  2110  2366 I art     : Starting a blocking GC Explicit
08-05 02:30:59.425  2110  2366 I art     : Explicit concurrent mark sweep GC freed 75(2768B) AllocSpace objects, 0(0B) LOS objects, 27% free, 41MB/57MB, paused 1.477ms total 61.786ms
08-05 02:30:59.441  2110  2366 I art     : Starting a blocking GC Explicit
08-05 02:30:59.505  2110  2366 I art     : Explicit concurrent mark sweep GC freed 11(352B) AllocSpace objects, 0(0B) LOS objects, 27% free, 41MB/57MB, paused 1.436ms total 64.097ms
08-05 02:30:59.522  2110  2366 I art     : Starting a blocking GC Explicit
08-05 02:30:59.583  2110  2366 I art     : Explicit concurrent mark sweep GC freed 14(448B) AllocSpace objects, 0(0B) LOS objects, 27% free, 41MB/57MB, paused 1.809ms total 61.062ms
08-05 02:30:59.598  2110  2366 I art     : Starting a blocking GC Explicit
08-05 02:30:59.661  2110  2366 I art     : Explicit concurrent mark sweep GC freed 5(160B) AllocSpace objects, 0(0B) LOS objects, 27% free, 41MB/57MB, paused 1.523ms total 62.628ms
08-05 02:30:59.854 28959 28959 I Atfwd_Sendcmd: AtCmdFwd service not ready - Exhausted retry attempts - :6
08-05 02:30:59.854 28959 28959 I Atfwd_Daemon: result : -1 	 ,Init step :2 	 ,qmiErrorCode: 0
08-05 02:31:00.079  2110  2123 I art     : Starting a blocking GC Explicit
08-05 02:31:00.145  2110  2123 I art     : Explicit concurrent mark sweep GC freed 1446(83KB) AllocSpace objects, 1(20KB) LOS objects, 27% free, 41MB/57MB, paused 1.727ms total 66.213ms
08-05 02:31:00.161  2110  2123 I art     : Starting a blocking GC Explicit
08-05 02:31:00.227  2110  2123 I art     : Explicit concurrent mark sweep GC freed 22(784B) AllocSpace objects, 0(0B) LOS objects, 27% free, 41MB/57MB, paused 1.656ms total 65.497ms
08-05 02:31:00.244  2110  2123 I art     : Starting a blocking GC Explicit
08-05 02:31:00.312  2110  2123 I art     : Explicit concurrent mark sweep GC freed 3(96B) AllocSpace objects, 0(0B) LOS objects, 27% free, 41MB/57MB, paused 1.596ms total 67.651ms
08-05 02:31:00.327  2110  2123 I art     : Starting a blocking GC Explicit
08-05 02:31:00.395  2110  2123 I art     : Explicit concurrent mark sweep GC freed 3(96B) AllocSpace objects, 0(0B) LOS objects, 27% free, 41MB/57MB, paused 1.685ms total 67.236ms
08-05 02:31:00.410  2110  2123 I art     : Starting a blocking GC Explicit
08-05 02:31:00.478  2110  2123 I art     : Explicit concurrent mark sweep GC freed 3(96B) AllocSpace objects, 0(0B) LOS objects, 27% free, 41MB/57MB, paused 1.703ms total 67.097ms
08-05 02:31:00.882  2110  2687 I art     : Starting a blocking GC Explicit
08-05 02:31:00.951  2110  2687 I art     : Explicit concurrent mark sweep GC freed 1446(83KB) AllocSpace objects, 1(20KB) LOS objects, 27% free, 41MB/57MB, paused 1.580ms total 68.611ms
08-05 02:31:00.968  2110  2687 I art     : Starting a blocking GC Explicit
08-05 02:31:01.037  2110  2687 I art     : Explicit concurrent mark sweep GC freed 22(784B) AllocSpace objects, 0(0B) LOS objects, 27% free, 41MB/57MB, paused 1.648ms total 68.883ms
08-05 02:31:01.052  2110  2687 I art     : Starting a blocking GC Explicit
08-05 02:31:01.120  2110  2687 I art     : Explicit concurrent mark sweep GC freed 3(96B) AllocSpace objects, 0(0B) LOS objects, 27% free, 41MB/57MB, paused 1.590ms total 67.830ms
08-05 02:31:01.136  2110  2687 I art     : Starting a blocking GC Explicit
08-05 02:31:01.205  2110  2687 I art     : Explicit concurrent mark sweep GC freed 3(96B) AllocSpace objects, 0(0B) LOS objects, 27% free, 41MB/57MB, paused 1.570ms total 68.435ms
08-05 02:31:01.222  2110  2687 I art     : Starting a blocking GC Explicit
08-05 02:31:01.292  2110  2687 I art     : Explicit concurrent mark sweep GC freed 3(96B) AllocSpace objects, 0(0B) LOS objects, 27% free, 41MB/57MB, paused 1.660ms total 69.763ms
08-05 02:31:01.717  2110  4354 I art     : Starting a blocking GC Explicit
08-05 02:31:01.788  2110  4354 I art     : Explicit concurrent mark sweep GC freed 1446(83KB) AllocSpace objects, 1(20KB) LOS objects, 27% free, 41MB/57MB, paused 1.644ms total 70.734ms
08-05 02:31:01.806  2110  4354 I art     : Starting a blocking GC Explicit
08-05 02:31:01.872  2110  4354 I art     : Explicit concurrent mark sweep GC freed 22(784B) AllocSpace objects, 0(0B) LOS objects, 27% free, 41MB/57MB, paused 1.635ms total 65.079ms
08-05 02:31:01.887  2110  4354 I art     : Starting a blocking GC Explicit
08-05 02:31:01.952  2110  4354 I art     : Explicit concurrent mark sweep GC freed 94(3KB) AllocSpace objects, 0(0B) LOS objects, 27% free, 41MB/57MB, paused 1.605ms total 64.757ms
08-05 02:31:01.967  2110  4354 I art     : Starting a blocking GC Explicit
08-05 02:31:02.011   518   646 I ThermalEngine: ACTION: GPU - Setting GPU[0] to 510000000
08-05 02:31:02.033  2110  4354 I art     : Explicit concurrent mark sweep GC freed 21(912B) AllocSpace objects, 0(0B) LOS objects, 27% free, 41MB/57MB, paused 1.648ms total 65.828ms
08-05 02:31:02.049  2110  4354 I art     : Starting a blocking GC Explicit
08-05 02:31:02.100  2110  4354 I art     : Explicit concurrent mark sweep GC freed 65(4KB) AllocSpace objects, 0(0B) LOS objects, 27% free, 41MB/57MB, paused 1.297ms total 51.685ms
08-05 02:31:02.464  2110  2122 I art     : Starting a blocking GC Explicit
08-05 02:31:02.487  2110  4401 E baseline.com.newsblur.network.APIResponse: Error (unexpected end of stream on https://www.newsblur.com/...) calling https://www.newsblur.com/reader/mark_story_hashes_as_read/
08-05 02:31:02.487  2110  4401 E baseline.com.newsblur.network.APIResponse: java.io.IOException: unexpected end of stream on https://www.newsblur.com/...
08-05 02:31:02.487  2110  4401 E baseline.com.newsblur.network.APIResponse: 	at okhttp3.internal.http1.Http1ExchangeCodec.readResponseHeaders(Http1ExchangeCodec.java:236)
08-05 02:31:02.487  2110  4401 E baseline.com.newsblur.network.APIResponse: 	at okhttp3.internal.connection.Exchange.readResponseHeaders(Exchange.java:115)
08-05 02:31:02.487  2110  4401 E baseline.com.newsblur.network.APIResponse: 	at okhttp3.internal.http.CallServerInterceptor.intercept(CallServerInterceptor.java:94)
08-05 02:31:02.487  2110  4401 E baseline.com.newsblur.network.APIResponse: 	at okhttp3.internal.http.RealInterceptorChain.proceed(RealInterceptorChain.java:142)
08-05 02:31:02.487  2110  4401 E baseline.com.newsblur.network.APIResponse: 	at okhttp3.internal.connection.ConnectInterceptor.intercept(ConnectInterceptor.java:43)
08-05 02:31:02.487  2110  4401 E baseline.com.newsblur.network.APIResponse: 	at okhttp3.internal.http.RealInterceptorChain.proceed(RealInterceptorChain.java:142)
08-05 02:31:02.487  2110  4401 E baseline.com.newsblur.network.APIResponse: 	at okhttp3.internal.http.RealInterceptorChain.proceed(RealInterceptorChain.java:117)
08-05 02:31:02.487  2110  4401 E baseline.com.newsblur.network.APIResponse: 	at okhttp3.internal.cache.CacheInterceptor.intercept(CacheInterceptor.java:94)
08-05 02:31:02.487  2110  4401 E baseline.com.newsblur.network.APIResponse: 	at okhttp3.internal.http.RealInterceptorChain.proceed(RealInterceptorChain.java:142)
08-05 02:31:02.487  2110  4401 E baseline.com.newsblur.network.APIResponse: 	at okhttp3.internal.http.RealInterceptorChain.proceed(RealInterceptorChain.java:117)
08-05 02:31:02.487  2110  4401 E baseline.com.newsblur.network.APIResponse: 	at okhttp3.internal.http.BridgeInterceptor.intercept(BridgeInterceptor.java:93)
08-05 02:31:02.487  2110  4401 E baseline.com.newsblur.network.APIResponse: 	at okhttp3.internal.http.RealInterceptorChain.proceed(RealInterceptorChain.java:142)
08-05 02:31:02.487  2110  4401 E baseline.com.newsblur.network.APIResponse: 	at okhttp3.internal.http.RetryAndFollowUpInterceptor.intercept(RetryAndFollowUpInterceptor.java:88)
08-05 02:31:02.487  2110  4401 E baseline.com.newsblur.network.APIResponse: 	at okhttp3.internal.http.RealInterceptorChain.proceed(RealInterceptorChain.java:142)
08-05 02:31:02.487  2110  4401 E baseline.com.newsblur.network.APIResponse: 	at okhttp3.internal.http.RealInterceptorChain.proceed(RealInterceptorChain.java:117)
08-05 02:31:02.487  2110  4401 E baseline.com.newsblur.network.APIResponse: 	at okhttp3.RealCall.getResponseWithInterceptorChain(RealCall.java:229)
08-05 02:31:02.487  2110  4401 E baseline.com.newsblur.network.APIResponse: 	at okhttp3.RealCall.execute(RealCall.java:81)
08-05 02:31:02.487  2110  4401 E baseline.com.newsblur.network.APIResponse: 	at baseline.com.newsblur.network.APIResponse.<init>(APIResponse.java:57)
08-05 02:31:02.487  2110  4401 E baseline.com.newsblur.network.APIResponse: 	at baseline.com.newsblur.network.APIResponse.<init>(APIResponse.java:43)
08-05 02:31:02.487  2110  4401 E baseline.com.newsblur.network.APIResponse: 	at baseline.com.newsblur.network.APIManager.post_single(APIManager.java:702)
08-05 02:31:02.487  2110  4401 E baseline.com.newsblur.network.APIResponse: 	at baseline.com.newsblur.network.APIManager.post(APIManager.java:675)
08-05 02:31:02.487  2110  4401 E baseline.com.newsblur.network.APIResponse: 	at baseline.com.newsblur.network.APIManager.post(APIManager.java:714)
08-05 02:31:02.487  2110  4401 E baseline.com.newsblur.network.APIResponse: 	at baseline.com.newsblur.network.APIManager.markStoryAsRead(APIManager.java:205)
08-05 02:31:02.487  2110  4401 E baseline.com.newsblur.network.APIResponse: 	at baseline.com.newsblur.util.ReadingAction.doRemote(ReadingAction.java:281)
08-05 02:31:02.487  2110  4401 E baseline.com.newsblur.network.APIResponse: 	at baseline.com.newsblur.service.NBSyncService.syncActions(NBSyncService.java:400)
08-05 02:31:02.487  2110  4401 E baseline.com.newsblur.network.APIResponse: 	at baseline.com.newsblur.service.NBSyncService.doSync(NBSyncService.java:298)
08-05 02:31:02.487  2110  4401 E baseline.com.newsblur.network.APIResponse: 	at baseline.com.newsblur.service.NBSyncService.access$100(NBSyncService.java:67)
08-05 02:31:02.487  2110  4401 E baseline.com.newsblur.network.APIResponse: 	at baseline.com.newsblur.service.NBSyncService$1.run(NBSyncService.java:188)
08-05 02:31:02.487  2110  4401 E baseline.com.newsblur.network.APIResponse: 	at java.util.concurrent.ThreadPoolExecutor.runWorker(ThreadPoolExecutor.java:1113)
08-05 02:31:02.487  2110  4401 E baseline.com.newsblur.network.APIResponse: 	at java.util.concurrent.ThreadPoolExecutor$Worker.run(ThreadPoolExecutor.java:588)
08-05 02:31:02.487  2110  4401 E baseline.com.newsblur.network.APIResponse: 	at java.lang.Thread.run(Thread.java:818)
08-05 02:31:02.487  2110  4401 E baseline.com.newsblur.network.APIResponse: Caused by: java.io.EOFException: \n not found: limit=0 content=
08-05 02:31:02.487  2110  4401 E baseline.com.newsblur.network.APIResponse: 	at okio.RealBufferedSource.readUtf8LineStrict(RealBufferedSource.java:240)
08-05 02:31:02.487  2110  4401 E baseline.com.newsblur.network.APIResponse: 	at okhttp3.internal.http1.Http1ExchangeCodec.readHeaderLine(Http1ExchangeCodec.java:242)
08-05 02:31:02.487  2110  4401 E baseline.com.newsblur.network.APIResponse: 	at okhttp3.internal.http1.Http1ExchangeCodec.readResponseHeaders(Http1ExchangeCodec.java:213)
08-05 02:31:02.487  2110  4401 E baseline.com.newsblur.network.APIResponse: 	... 30 more
08-05 02:31:02.489  2110  4401 I baseline.com.newsblur.service.NBSyncService: Holding reading action with server-side or network error.
08-05 02:31:02.499  2110  4401 W baseline.com.newsblur.service.NBSyncService: hard API failure
08-05 02:31:02.516  2110  2122 I art     : Explicit concurrent mark sweep GC freed 4200(389KB) AllocSpace objects, 5(100KB) LOS objects, 27% free, 42MB/58MB, paused 1.337ms total 51.764ms
08-05 02:31:02.528  2110  2122 I art     : Starting a blocking GC Explicit
08-05 02:31:02.578  2110  2122 I art     : Explicit concurrent mark sweep GC freed 259(23KB) AllocSpace objects, 0(0B) LOS objects, 27% free, 41MB/57MB, paused 1.286ms total 49.826ms
08-05 02:31:02.589  2110  2122 I art     : Starting a blocking GC Explicit
08-05 02:31:02.640  2110  2122 I art     : Explicit concurrent mark sweep GC freed 25(832B) AllocSpace objects, 0(0B) LOS objects, 27% free, 41MB/57MB, paused 1.304ms total 49.992ms
08-05 02:31:02.652  2110  2122 I art     : Starting a blocking GC Explicit
08-05 02:31:02.703  2110  2122 I art     : Explicit concurrent mark sweep GC freed 3(96B) AllocSpace objects, 0(0B) LOS objects, 27% free, 41MB/57MB, paused 1.263ms total 50.992ms
08-05 02:31:02.715  2110  2122 I art     : Starting a blocking GC Explicit
08-05 02:31:02.766  2110  2122 I art     : Explicit concurrent mark sweep GC freed 3(96B) AllocSpace objects, 0(0B) LOS objects, 27% free, 41MB/57MB, paused 1.156ms total 51.047ms
08-05 02:31:02.913  2110  4401 E baseline.com.newsblur.network.APIResponse: Error (unexpected end of stream on https://www.newsblur.com/...) calling https://www.newsblur.com/reader/mark_story_hashes_as_read/
08-05 02:31:02.913  2110  4401 E baseline.com.newsblur.network.APIResponse: java.io.IOException: unexpected end of stream on https://www.newsblur.com/...
08-05 02:31:02.913  2110  4401 E baseline.com.newsblur.network.APIResponse: 	at okhttp3.internal.http1.Http1ExchangeCodec.readResponseHeaders(Http1ExchangeCodec.java:236)
08-05 02:31:02.913  2110  4401 E baseline.com.newsblur.network.APIResponse: 	at okhttp3.internal.connection.Exchange.readResponseHeaders(Exchange.java:115)
08-05 02:31:02.913  2110  4401 E baseline.com.newsblur.network.APIResponse: 	at okhttp3.internal.http.CallServerInterceptor.intercept(CallServerInterceptor.java:94)
08-05 02:31:02.913  2110  4401 E baseline.com.newsblur.network.APIResponse: 	at okhttp3.internal.http.RealInterceptorChain.proceed(RealInterceptorChain.java:142)
08-05 02:31:02.913  2110  4401 E baseline.com.newsblur.network.APIResponse: 	at okhttp3.internal.connection.ConnectInterceptor.intercept(ConnectInterceptor.java:43)
08-05 02:31:02.913  2110  4401 E baseline.com.newsblur.network.APIResponse: 	at okhttp3.internal.http.RealInterceptorChain.proceed(RealInterceptorChain.java:142)
08-05 02:31:02.913  2110  4401 E baseline.com.newsblur.network.APIResponse: 	at okhttp3.internal.http.RealInterceptorChain.proceed(RealInterceptorChain.java:117)
08-05 02:31:02.913  2110  4401 E baseline.com.newsblur.network.APIResponse: 	at okhttp3.internal.cache.CacheInterceptor.intercept(CacheInterceptor.java:94)
08-05 02:31:02.913  2110  4401 E baseline.com.newsblur.network.APIResponse: 	at okhttp3.internal.http.RealInterceptorChain.proceed(RealInterceptorChain.java:142)
08-05 02:31:02.913  2110  4401 E baseline.com.newsblur.network.APIResponse: 	at okhttp3.internal.http.RealInterceptorChain.proceed(RealInterceptorChain.java:117)
08-05 02:31:02.913  2110  4401 E baseline.com.newsblur.network.APIResponse: 	at okhttp3.internal.http.BridgeInterceptor.intercept(BridgeInterceptor.java:93)
08-05 02:31:02.913  2110  4401 E baseline.com.newsblur.network.APIResponse: 	at okhttp3.internal.http.RealInterceptorChain.proceed(RealInterceptorChain.java:142)
08-05 02:31:02.913  2110  4401 E baseline.com.newsblur.network.APIResponse: 	at okhttp3.internal.http.RetryAndFollowUpInterceptor.intercept(RetryAndFollowUpInterceptor.java:88)
08-05 02:31:02.913  2110  4401 E baseline.com.newsblur.network.APIResponse: 	at okhttp3.internal.http.RealInterceptorChain.proceed(RealInterceptorChain.java:142)
08-05 02:31:02.913  2110  4401 E baseline.com.newsblur.network.APIResponse: 	at okhttp3.internal.http.RealInterceptorChain.proceed(RealInterceptorChain.java:117)
08-05 02:31:02.913  2110  4401 E baseline.com.newsblur.network.APIResponse: 	at okhttp3.RealCall.getResponseWithInterceptorChain(RealCall.java:229)
08-05 02:31:02.913  2110  4401 E baseline.com.newsblur.network.APIResponse: 	at okhttp3.RealCall.execute(RealCall.java:81)
08-05 02:31:02.913  2110  4401 E baseline.com.newsblur.network.APIResponse: 	at baseline.com.newsblur.network.APIResponse.<init>(APIResponse.java:57)
08-05 02:31:02.913  2110  4401 E baseline.com.newsblur.network.APIResponse: 	at baseline.com.newsblur.network.APIResponse.<init>(APIResponse.java:43)
08-05 02:31:02.913  2110  4401 E baseline.com.newsblur.network.APIResponse: 	at baseline.com.newsblur.network.APIManager.post_single(APIManager.java:702)
08-05 02:31:02.913  2110  4401 E baseline.com.newsblur.network.APIResponse: 	at baseline.com.newsblur.network.APIManager.post(APIManager.java:675)
08-05 02:31:02.913  2110  4401 E baseline.com.newsblur.network.APIResponse: 	at baseline.com.newsblur.network.APIManager.post(APIManager.java:714)
08-05 02:31:02.913  2110  4401 E baseline.com.newsblur.network.APIResponse: 	at baseline.com.newsblur.network.APIManager.markStoryAsRead(APIManager.java:205)
08-05 02:31:02.913  2110  4401 E baseline.com.newsblur.network.APIResponse: 	at baseline.com.newsblur.util.ReadingAction.doRemote(ReadingAction.java:281)
08-05 02:31:02.913  2110  4401 E baseline.com.newsblur.network.APIResponse: 	at baseline.com.newsblur.service.NBSyncService.syncActions(NBSyncService.java:400)
08-05 02:31:02.913  2110  4401 E baseline.com.newsblur.network.APIResponse: 	at baseline.com.newsblur.service.NBSyncService.doSync(NBSyncService.java:298)
08-05 02:31:02.913  2110  4401 E baseline.com.newsblur.network.APIResponse: 	at baseline.com.newsblur.service.NBSyncService.access$100(NBSyncService.java:67)
08-05 02:31:02.913  2110  4401 E baseline.com.newsblur.network.APIResponse: 	at baseline.com.newsblur.service.NBSyncService$1.run(NBSyncService.java:188)
08-05 02:31:02.913  2110  4401 E baseline.com.newsblur.network.APIResponse: 	at java.util.concurrent.ThreadPoolExecutor.runWorker(ThreadPoolExecutor.java:1113)
08-05 02:31:02.913  2110  4401 E baseline.com.newsblur.network.APIResponse: 	at java.util.concurrent.ThreadPoolExecutor$Worker.run(ThreadPoolExecutor.java:588)
08-05 02:31:02.913  2110  4401 E baseline.com.newsblur.network.APIResponse: 	at java.lang.Thread.run(Thread.java:818)
08-05 02:31:02.913  2110  4401 E baseline.com.newsblur.network.APIResponse: Caused by: java.io.EOFException: \n not found: limit=0 content=
08-05 02:31:02.913  2110  4401 E baseline.com.newsblur.network.APIResponse: 	at okio.RealBufferedSource.readUtf8LineStrict(RealBufferedSource.java:240)
08-05 02:31:02.913  2110  4401 E baseline.com.newsblur.network.APIResponse: 	at okhttp3.internal.http1.Http1ExchangeCodec.readHeaderLine(Http1ExchangeCodec.java:242)
08-05 02:31:02.913  2110  4401 E baseline.com.newsblur.network.APIResponse: 	at okhttp3.internal.http1.Http1ExchangeCodec.readResponseHeaders(Http1ExchangeCodec.java:213)
08-05 02:31:02.913  2110  4401 E baseline.com.newsblur.network.APIResponse: 	... 30 more
08-05 02:31:02.914  2110  4401 I baseline.com.newsblur.network.APIManager: API call failed, pausing before retry number 1
08-05 02:31:03.125  2110  2366 I art     : Starting a blocking GC Explicit
08-05 02:31:03.178  2110  2366 I art     : Explicit concurrent mark sweep GC freed 3951(357KB) AllocSpace objects, 3(60KB) LOS objects, 27% free, 41MB/57MB, paused 1.294ms total 53.060ms
08-05 02:31:03.190  2110  2366 I art     : Starting a blocking GC Explicit
08-05 02:31:03.241  2110  2366 I art     : Explicit concurrent mark sweep GC freed 109(3KB) AllocSpace objects, 0(0B) LOS objects, 27% free, 41MB/57MB, paused 1.198ms total 50.746ms
08-05 02:31:03.253  2110  2366 I art     : Starting a blocking GC Explicit
08-05 02:31:03.304  2110  2366 I art     : Explicit concurrent mark sweep GC freed 3(96B) AllocSpace objects, 0(0B) LOS objects, 27% free, 41MB/57MB, paused 1.237ms total 51.022ms
08-05 02:31:03.316  2110  2366 I art     : Starting a blocking GC Explicit
08-05 02:31:03.369  2110  2366 I art     : Explicit concurrent mark sweep GC freed 3(96B) AllocSpace objects, 0(0B) LOS objects, 27% free, 41MB/57MB, paused 1.254ms total 51.893ms
08-05 02:31:03.381  2110  2366 I art     : Starting a blocking GC Explicit
08-05 02:31:03.432  2110  2366 I art     : Explicit concurrent mark sweep GC freed 3(96B) AllocSpace objects, 0(0B) LOS objects, 27% free, 41MB/57MB, paused 1.216ms total 50.896ms
08-05 02:31:03.789  2110  2123 I art     : Starting a blocking GC Explicit
08-05 02:31:03.843  2110  2123 I art     : Explicit concurrent mark sweep GC freed 1442(83KB) AllocSpace objects, 1(20KB) LOS objects, 27% free, 41MB/57MB, paused 1.191ms total 53.231ms
08-05 02:31:03.857  2110  2123 I art     : Starting a blocking GC Explicit
08-05 02:31:03.906  2110  2123 I art     : Explicit concurrent mark sweep GC freed 22(784B) AllocSpace objects, 0(0B) LOS objects, 27% free, 41MB/57MB, paused 1.201ms total 48.889ms
08-05 02:31:03.918  2110  2123 I art     : Starting a blocking GC Explicit
08-05 02:31:03.968  2110  2123 I art     : Explicit concurrent mark sweep GC freed 3(96B) AllocSpace objects, 0(0B) LOS objects, 27% free, 41MB/57MB, paused 1.291ms total 49.987ms
08-05 02:31:03.980  2110  2123 I art     : Starting a blocking GC Explicit
08-05 02:31:04.030  2110  2123 I art     : Explicit concurrent mark sweep GC freed 3(96B) AllocSpace objects, 0(0B) LOS objects, 27% free, 41MB/57MB, paused 1.266ms total 49.740ms
08-05 02:31:04.042  2110  2123 I art     : Starting a blocking GC Explicit
08-05 02:31:04.093  2110  2123 I art     : Explicit concurrent mark sweep GC freed 3(96B) AllocSpace objects, 0(0B) LOS objects, 27% free, 41MB/57MB, paused 1.210ms total 51.640ms
08-05 02:31:04.472  2110  2687 I art     : Starting a blocking GC Explicit
08-05 02:31:04.524  2110  2687 I art     : Explicit concurrent mark sweep GC freed 1597(90KB) AllocSpace objects, 1(20KB) LOS objects, 27% free, 41MB/57MB, paused 1.290ms total 52.004ms
08-05 02:31:04.536  2110  2687 I art     : Starting a blocking GC Explicit
08-05 02:31:04.587  2110  2687 I art     : Explicit concurrent mark sweep GC freed 37(2352B) AllocSpace objects, 0(0B) LOS objects, 27% free, 41MB/57MB, paused 1.230ms total 50.543ms
08-05 02:31:04.599  2110  2687 I art     : Starting a blocking GC Explicit
08-05 02:31:04.650  2110  2687 I art     : Explicit concurrent mark sweep GC freed 3(96B) AllocSpace objects, 0(0B) LOS objects, 27% free, 41MB/57MB, paused 1.314ms total 50.543ms
08-05 02:31:04.662  2110  2687 I art     : Starting a blocking GC Explicit
08-05 02:31:04.715  2110  2687 I art     : Explicit concurrent mark sweep GC freed 3(96B) AllocSpace objects, 0(0B) LOS objects, 27% free, 41MB/57MB, paused 1.296ms total 52.580ms
08-05 02:31:04.727  2110  2687 I art     : Starting a blocking GC Explicit
08-05 02:31:04.778  2110  2687 I art     : Explicit concurrent mark sweep GC freed 3(96B) AllocSpace objects, 0(0B) LOS objects, 27% free, 41MB/57MB, paused 1.254ms total 50.264ms
08-05 02:31:04.961  2110  4401 E baseline.com.newsblur.network.APIResponse: Error (unexpected end of stream on https://www.newsblur.com/...) calling https://www.newsblur.com/reader/mark_story_hashes_as_read/
08-05 02:31:04.961  2110  4401 E baseline.com.newsblur.network.APIResponse: java.io.IOException: unexpected end of stream on https://www.newsblur.com/...
08-05 02:31:04.961  2110  4401 E baseline.com.newsblur.network.APIResponse: 	at okhttp3.internal.http1.Http1ExchangeCodec.readResponseHeaders(Http1ExchangeCodec.java:236)
08-05 02:31:04.961  2110  4401 E baseline.com.newsblur.network.APIResponse: 	at okhttp3.internal.connection.Exchange.readResponseHeaders(Exchange.java:115)
08-05 02:31:04.961  2110  4401 E baseline.com.newsblur.network.APIResponse: 	at okhttp3.internal.http.CallServerInterceptor.intercept(CallServerInterceptor.java:94)
08-05 02:31:04.961  2110  4401 E baseline.com.newsblur.network.APIResponse: 	at okhttp3.internal.http.RealInterceptorChain.proceed(RealInterceptorChain.java:142)
08-05 02:31:04.961  2110  4401 E baseline.com.newsblur.network.APIResponse: 	at okhttp3.internal.connection.ConnectInterceptor.intercept(ConnectInterceptor.java:43)
08-05 02:31:04.961  2110  4401 E baseline.com.newsblur.network.APIResponse: 	at okhttp3.internal.http.RealInterceptorChain.proceed(RealInterceptorChain.java:142)
08-05 02:31:04.961  2110  4401 E baseline.com.newsblur.network.APIResponse: 	at okhttp3.internal.http.RealInterceptorChain.proceed(RealInterceptorChain.java:117)
08-05 02:31:04.961  2110  4401 E baseline.com.newsblur.network.APIResponse: 	at okhttp3.internal.cache.CacheInterceptor.intercept(CacheInterceptor.java:94)
08-05 02:31:04.961  2110  4401 E baseline.com.newsblur.network.APIResponse: 	at okhttp3.internal.http.RealInterceptorChain.proceed(RealInterceptorChain.java:142)
08-05 02:31:04.961  2110  4401 E baseline.com.newsblur.network.APIResponse: 	at okhttp3.internal.http.RealInterceptorChain.proceed(RealInterceptorChain.java:117)
08-05 02:31:04.961  2110  4401 E baseline.com.newsblur.network.APIResponse: 	at okhttp3.internal.http.BridgeInterceptor.intercept(BridgeInterceptor.java:93)
08-05 02:31:04.961  2110  4401 E baseline.com.newsblur.network.APIResponse: 	at okhttp3.internal.http.RealInterceptorChain.proceed(RealInterceptorChain.java:142)
08-05 02:31:04.961  2110  4401 E baseline.com.newsblur.network.APIResponse: 	at okhttp3.internal.http.RetryAndFollowUpInterceptor.intercept(RetryAndFollowUpInterceptor.java:88)
08-05 02:31:04.961  2110  4401 E baseline.com.newsblur.network.APIResponse: 	at okhttp3.internal.http.RealInterceptorChain.proceed(RealInterceptorChain.java:142)
08-05 02:31:04.961  2110  4401 E baseline.com.newsblur.network.APIResponse: 	at okhttp3.internal.http.RealInterceptorChain.proceed(RealInterceptorChain.java:117)
08-05 02:31:04.961  2110  4401 E baseline.com.newsblur.network.APIResponse: 	at okhttp3.RealCall.getResponseWithInterceptorChain(RealCall.java:229)
08-05 02:31:04.961  2110  4401 E baseline.com.newsblur.network.APIResponse: 	at okhttp3.RealCall.execute(RealCall.java:81)
08-05 02:31:04.961  2110  4401 E baseline.com.newsblur.network.APIResponse: 	at baseline.com.newsblur.network.APIResponse.<init>(APIResponse.java:57)
08-05 02:31:04.961  2110  4401 E baseline.com.newsblur.network.APIResponse: 	at baseline.com.newsblur.network.APIResponse.<init>(APIResponse.java:43)
08-05 02:31:04.961  2110  4401 E baseline.com.newsblur.network.APIResponse: 	at baseline.com.newsblur.network.APIManager.post_single(APIManager.java:702)
08-05 02:31:04.961  2110  4401 E baseline.com.newsblur.network.APIResponse: 	at baseline.com.newsblur.network.APIManager.post(APIManager.java:675)
08-05 02:31:04.961  2110  4401 E baseline.com.newsblur.network.APIResponse: 	at baseline.com.newsblur.network.APIManager.post(APIManager.java:714)
08-05 02:31:04.961  2110  4401 E baseline.com.newsblur.network.APIResponse: 	at baseline.com.newsblur.network.APIManager.markStoryAsRead(APIManager.java:205)
08-05 02:31:04.961  2110  4401 E baseline.com.newsblur.network.APIResponse: 	at baseline.com.newsblur.util.ReadingAction.doRemote(ReadingAction.java:281)
08-05 02:31:04.961  2110  4401 E baseline.com.newsblur.network.APIResponse: 	at baseline.com.newsblur.service.NBSyncService.syncActions(NBSyncService.java:400)
08-05 02:31:04.961  2110  4401 E baseline.com.newsblur.network.APIResponse: 	at baseline.com.newsblur.service.NBSyncService.doSync(NBSyncService.java:298)
08-05 02:31:04.961  2110  4401 E baseline.com.newsblur.network.APIResponse: 	at baseline.com.newsblur.service.NBSyncService.access$100(NBSyncService.java:67)
08-05 02:31:04.961  2110  4401 E baseline.com.newsblur.network.APIResponse: 	at baseline.com.newsblur.service.NBSyncService$1.run(NBSyncService.java:188)
08-05 02:31:04.961  2110  4401 E baseline.com.newsblur.network.APIResponse: 	at java.util.concurrent.ThreadPoolExecutor.runWorker(ThreadPoolExecutor.java:1113)
08-05 02:31:04.961  2110  4401 E baseline.com.newsblur.network.APIResponse: 	at java.util.concurrent.ThreadPoolExecutor$Worker.run(ThreadPoolExecutor.java:588)
08-05 02:31:04.961  2110  4401 E baseline.com.newsblur.network.APIResponse: 	at java.lang.Thread.run(Thread.java:818)
08-05 02:31:04.961  2110  4401 E baseline.com.newsblur.network.APIResponse: Caused by: java.io.EOFException: \n not found: limit=0 content=
08-05 02:31:04.961  2110  4401 E baseline.com.newsblur.network.APIResponse: 	at okio.RealBufferedSource.readUtf8LineStrict(RealBufferedSource.java:240)
08-05 02:31:04.961  2110  4401 E baseline.com.newsblur.network.APIResponse: 	at okhttp3.internal.http1.Http1ExchangeCodec.readHeaderLine(Http1ExchangeCodec.java:242)
08-05 02:31:04.961  2110  4401 E baseline.com.newsblur.network.APIResponse: 	at okhttp3.internal.http1.Http1ExchangeCodec.readResponseHeaders(Http1ExchangeCodec.java:213)
08-05 02:31:04.961  2110  4401 E baseline.com.newsblur.network.APIResponse: 	... 30 more
08-05 02:31:04.963  2110  4401 I baseline.com.newsblur.network.APIManager: API call failed, pausing before retry number 2
08-05 02:31:05.143  2110  4354 I art     : Starting a blocking GC Explicit
08-05 02:31:05.160   918  3188 I hubconnection: sensorhub said: 'set_bias 3: -6.2400, 0.0000, 0.0000'
08-05 02:31:05.198  2110  4354 I art     : Explicit concurrent mark sweep GC freed 3949(357KB) AllocSpace objects, 3(60KB) LOS objects, 27% free, 41MB/57MB, paused 1.207ms total 53.962ms
08-05 02:31:05.210  2110  4354 I art     : Starting a blocking GC Explicit
08-05 02:31:05.260  2110  4354 I art     : Explicit concurrent mark sweep GC freed 109(3KB) AllocSpace objects, 0(0B) LOS objects, 27% free, 41MB/57MB, paused 1.138ms total 49.898ms
08-05 02:31:05.271  2110  4354 I art     : Starting a blocking GC Explicit
08-05 02:31:05.322  2110  4354 I art     : Explicit concurrent mark sweep GC freed 3(96B) AllocSpace objects, 0(0B) LOS objects, 27% free, 41MB/57MB, paused 1.191ms total 50.203ms
08-05 02:31:05.334  2110  4354 I art     : Starting a blocking GC Explicit
08-05 02:31:05.385  2110  4354 I art     : Explicit concurrent mark sweep GC freed 3(96B) AllocSpace objects, 0(0B) LOS objects, 27% free, 41MB/57MB, paused 1.214ms total 51.381ms
08-05 02:31:05.397  2110  4354 I art     : Starting a blocking GC Explicit
08-05 02:31:05.447  2110  4354 I art     : Explicit concurrent mark sweep GC freed 3(96B) AllocSpace objects, 0(0B) LOS objects, 27% free, 41MB/57MB, paused 1.131ms total 49.381ms
08-05 02:31:05.828  2110  2122 I art     : Starting a blocking GC Explicit
08-05 02:31:05.880  2110  2122 I art     : Explicit concurrent mark sweep GC freed 1441(82KB) AllocSpace objects, 1(20KB) LOS objects, 27% free, 41MB/57MB, paused 1.207ms total 51.915ms
08-05 02:31:05.892  2110  2122 I art     : Starting a blocking GC Explicit
08-05 02:31:05.943  2110  2122 I art     : Explicit concurrent mark sweep GC freed 22(784B) AllocSpace objects, 0(0B) LOS objects, 27% free, 41MB/57MB, paused 1.233ms total 50.768ms
08-05 02:31:05.955  2110  2122 I art     : Starting a blocking GC Explicit
08-05 02:31:06.005  2110  2122 I art     : Explicit concurrent mark sweep GC freed 3(96B) AllocSpace objects, 0(0B) LOS objects, 27% free, 41MB/57MB, paused 1.113ms total 49.823ms
08-05 02:31:06.017  2110  2122 I art     : Starting a blocking GC Explicit
08-05 02:31:06.069  2110  2122 I art     : Explicit concurrent mark sweep GC freed 3(96B) AllocSpace objects, 0(0B) LOS objects, 27% free, 41MB/57MB, paused 1.265ms total 51.496ms
08-05 02:31:06.081  2110  2122 I art     : Starting a blocking GC Explicit
08-05 02:31:06.131  2110  2122 I art     : Explicit concurrent mark sweep GC freed 3(96B) AllocSpace objects, 0(0B) LOS objects, 27% free, 41MB/57MB, paused 1.153ms total 50.069ms
08-05 02:31:06.531  2110  2366 I art     : Starting a blocking GC Explicit
08-05 02:31:06.584  2110  2366 I art     : Explicit concurrent mark sweep GC freed 1441(82KB) AllocSpace objects, 1(20KB) LOS objects, 27% free, 41MB/57MB, paused 1.160ms total 52.889ms
08-05 02:31:06.597  2110  2366 I art     : Starting a blocking GC Explicit
08-05 02:31:06.647  2110  2366 I art     : Explicit concurrent mark sweep GC freed 22(784B) AllocSpace objects, 0(0B) LOS objects, 27% free, 41MB/57MB, paused 1.305ms total 49.775ms
08-05 02:31:06.658  2110  2366 I art     : Starting a blocking GC Explicit
08-05 02:31:06.710  2110  2366 I art     : Explicit concurrent mark sweep GC freed 3(96B) AllocSpace objects, 0(0B) LOS objects, 27% free, 41MB/57MB, paused 1.196ms total 51.229ms
08-05 02:31:06.722  2110  2366 I art     : Starting a blocking GC Explicit
08-05 02:31:06.770  2110  2366 I art     : Explicit concurrent mark sweep GC freed 3(96B) AllocSpace objects, 0(0B) LOS objects, 27% free, 41MB/57MB, paused 1.151ms total 47.858ms
08-05 02:31:06.781  2110  2366 I art     : Starting a blocking GC Explicit
08-05 02:31:06.832  2110  2366 I art     : Explicit concurrent mark sweep GC freed 3(96B) AllocSpace objects, 0(0B) LOS objects, 27% free, 41MB/57MB, paused 1.230ms total 50.605ms
08-05 02:31:07.198  2110  2123 I art     : Starting a blocking GC Explicit
08-05 02:31:07.251  2110  2123 I art     : Explicit concurrent mark sweep GC freed 1442(82KB) AllocSpace objects, 1(20KB) LOS objects, 27% free, 41MB/57MB, paused 1.273ms total 53.375ms
08-05 02:31:07.265  2110  2123 I art     : Starting a blocking GC Explicit
08-05 02:31:07.315  2110  2123 I art     : Explicit concurrent mark sweep GC freed 22(784B) AllocSpace objects, 0(0B) LOS objects, 27% free, 41MB/57MB, paused 1.215ms total 49.766ms
08-05 02:31:07.327  2110  2123 I art     : Starting a blocking GC Explicit
08-05 02:31:07.376  2110  2123 I art     : Explicit concurrent mark sweep GC freed 3(96B) AllocSpace objects, 0(0B) LOS objects, 27% free, 41MB/57MB, paused 1.134ms total 48.403ms
08-05 02:31:07.387  2110  2123 I art     : Starting a blocking GC Explicit
08-05 02:31:07.437  2110  2123 I art     : Explicit concurrent mark sweep GC freed 3(96B) AllocSpace objects, 0(0B) LOS objects, 27% free, 41MB/57MB, paused 1.122ms total 49.589ms
08-05 02:31:07.449  2110  2123 I art     : Starting a blocking GC Explicit
08-05 02:31:07.500  2110  2123 I art     : Explicit concurrent mark sweep GC freed 3(96B) AllocSpace objects, 0(0B) LOS objects, 27% free, 41MB/57MB, paused 1.181ms total 50.752ms
08-05 02:31:07.871  2110  2687 I art     : Starting a blocking GC Explicit
08-05 02:31:07.924  2110  2687 I art     : Explicit concurrent mark sweep GC freed 1441(82KB) AllocSpace objects, 1(20KB) LOS objects, 27% free, 41MB/57MB, paused 1.166ms total 52.470ms
08-05 02:31:07.936  2110  2687 I art     : Starting a blocking GC Explicit
08-05 02:31:07.988  2110  2687 I art     : Explicit concurrent mark sweep GC freed 113(4KB) AllocSpace objects, 0(0B) LOS objects, 27% free, 41MB/57MB, paused 1.411ms total 51.232ms
08-05 02:31:08.000  2110  2687 I art     : Starting a blocking GC Explicit
08-05 02:31:08.050  2110  2687 I art     : Explicit concurrent mark sweep GC freed 9(352B) AllocSpace objects, 0(0B) LOS objects, 27% free, 41MB/57MB, paused 1.287ms total 49.994ms
08-05 02:31:08.062  2110  2687 I art     : Starting a blocking GC Explicit
08-05 02:31:08.112  2110  2687 I art     : Explicit concurrent mark sweep GC freed 71(5KB) AllocSpace objects, 0(0B) LOS objects, 27% free, 41MB/57MB, paused 1.211ms total 50.542ms
08-05 02:31:08.124  2110  2687 I art     : Starting a blocking GC Explicit
08-05 02:31:08.173  2110  2687 I art     : Explicit concurrent mark sweep GC freed 9(400B) AllocSpace objects, 0(0B) LOS objects, 27% free, 41MB/57MB, paused 1.170ms total 48.825ms
08-05 02:31:08.518  2110  4354 I art     : Starting a blocking GC Explicit
08-05 02:31:08.525  2110  4401 E baseline.com.newsblur.network.APIResponse: Error (unexpected end of stream on https://www.newsblur.com/...) calling https://www.newsblur.com/reader/mark_story_hashes_as_read/
08-05 02:31:08.525  2110  4401 E baseline.com.newsblur.network.APIResponse: java.io.IOException: unexpected end of stream on https://www.newsblur.com/...
08-05 02:31:08.525  2110  4401 E baseline.com.newsblur.network.APIResponse: 	at okhttp3.internal.http1.Http1ExchangeCodec.readResponseHeaders(Http1ExchangeCodec.java:236)
08-05 02:31:08.525  2110  4401 E baseline.com.newsblur.network.APIResponse: 	at okhttp3.internal.connection.Exchange.readResponseHeaders(Exchange.java:115)
08-05 02:31:08.525  2110  4401 E baseline.com.newsblur.network.APIResponse: 	at okhttp3.internal.http.CallServerInterceptor.intercept(CallServerInterceptor.java:94)
08-05 02:31:08.525  2110  4401 E baseline.com.newsblur.network.APIResponse: 	at okhttp3.internal.http.RealInterceptorChain.proceed(RealInterceptorChain.java:142)
08-05 02:31:08.525  2110  4401 E baseline.com.newsblur.network.APIResponse: 	at okhttp3.internal.connection.ConnectInterceptor.intercept(ConnectInterceptor.java:43)
08-05 02:31:08.525  2110  4401 E baseline.com.newsblur.network.APIResponse: 	at okhttp3.internal.http.RealInterceptorChain.proceed(RealInterceptorChain.java:142)
08-05 02:31:08.525  2110  4401 E baseline.com.newsblur.network.APIResponse: 	at okhttp3.internal.http.RealInterceptorChain.proceed(RealInterceptorChain.java:117)
08-05 02:31:08.525  2110  4401 E baseline.com.newsblur.network.APIResponse: 	at okhttp3.internal.cache.CacheInterceptor.intercept(CacheInterceptor.java:94)
08-05 02:31:08.525  2110  4401 E baseline.com.newsblur.network.APIResponse: 	at okhttp3.internal.http.RealInterceptorChain.proceed(RealInterceptorChain.java:142)
08-05 02:31:08.525  2110  4401 E baseline.com.newsblur.network.APIResponse: 	at okhttp3.internal.http.RealInterceptorChain.proceed(RealInterceptorChain.java:117)
08-05 02:31:08.525  2110  4401 E baseline.com.newsblur.network.APIResponse: 	at okhttp3.internal.http.BridgeInterceptor.intercept(BridgeInterceptor.java:93)
08-05 02:31:08.525  2110  4401 E baseline.com.newsblur.network.APIResponse: 	at okhttp3.internal.http.RealInterceptorChain.proceed(RealInterceptorChain.java:142)
08-05 02:31:08.525  2110  4401 E baseline.com.newsblur.network.APIResponse: 	at okhttp3.internal.http.RetryAndFollowUpInterceptor.intercept(RetryAndFollowUpInterceptor.java:88)
08-05 02:31:08.525  2110  4401 E baseline.com.newsblur.network.APIResponse: 	at okhttp3.internal.http.RealInterceptorChain.proceed(RealInterceptorChain.java:142)
08-05 02:31:08.525  2110  4401 E baseline.com.newsblur.network.APIResponse: 	at okhttp3.internal.http.RealInterceptorChain.proceed(RealInterceptorChain.java:117)
08-05 02:31:08.525  2110  4401 E baseline.com.newsblur.network.APIResponse: 	at okhttp3.RealCall.getResponseWithInterceptorChain(RealCall.java:229)
08-05 02:31:08.525  2110  4401 E baseline.com.newsblur.network.APIResponse: 	at okhttp3.RealCall.execute(RealCall.java:81)
08-05 02:31:08.525  2110  4401 E baseline.com.newsblur.network.APIResponse: 	at baseline.com.newsblur.network.APIResponse.<init>(APIResponse.java:57)
08-05 02:31:08.525  2110  4401 E baseline.com.newsblur.network.APIResponse: 	at baseline.com.newsblur.network.APIResponse.<init>(APIResponse.java:43)
08-05 02:31:08.525  2110  4401 E baseline.com.newsblur.network.APIResponse: 	at baseline.com.newsblur.network.APIManager.post_single(APIManager.java:702)
08-05 02:31:08.525  2110  4401 E baseline.com.newsblur.network.APIResponse: 	at baseline.com.newsblur.network.APIManager.post(APIManager.java:675)
08-05 02:31:08.525  2110  4401 E baseline.com.newsblur.network.APIResponse: 	at baseline.com.newsblur.network.APIManager.post(APIManager.java:714)
08-05 02:31:08.525  2110  4401 E baseline.com.newsblur.network.APIResponse: 	at baseline.com.newsblur.network.APIManager.markStoryAsRead(APIManager.java:205)
08-05 02:31:08.525  2110  4401 E baseline.com.newsblur.network.APIResponse: 	at baseline.com.newsblur.util.ReadingAction.doRemote(ReadingAction.java:281)
08-05 02:31:08.525  2110  4401 E baseline.com.newsblur.network.APIResponse: 	at baseline.com.newsblur.service.NBSyncService.syncActions(NBSyncService.java:400)
08-05 02:31:08.525  2110  4401 E baseline.com.newsblur.network.APIResponse: 	at baseline.com.newsblur.service.NBSyncService.doSync(NBSyncService.java:298)
08-05 02:31:08.525  2110  4401 E baseline.com.newsblur.network.APIResponse: 	at baseline.com.newsblur.service.NBSyncService.access$100(NBSyncService.java:67)
08-05 02:31:08.525  2110  4401 E baseline.com.newsblur.network.APIResponse: 	at baseline.com.newsblur.service.NBSyncService$1.run(NBSyncService.java:188)
08-05 02:31:08.525  2110  4401 E baseline.com.newsblur.network.APIResponse: 	at java.util.concurrent.ThreadPoolExecutor.runWorker(ThreadPoolExecutor.java:1113)
08-05 02:31:08.525  2110  4401 E baseline.com.newsblur.network.APIResponse: 	at java.util.concurrent.ThreadPoolExecutor$Worker.run(ThreadPoolExecutor.java:588)
08-05 02:31:08.525  2110  4401 E baseline.com.newsblur.network.APIResponse: 	at java.lang.Thread.run(Thread.java:818)
08-05 02:31:08.525  2110  4401 E baseline.com.newsblur.network.APIResponse: Caused by: java.io.EOFException: \n not found: limit=0 content=
08-05 02:31:08.525  2110  4401 E baseline.com.newsblur.network.APIResponse: 	at okio.RealBufferedSource.readUtf8LineStrict(RealBufferedSource.java:240)
08-05 02:31:08.525  2110  4401 E baseline.com.newsblur.network.APIResponse: 	at okhttp3.internal.http1.Http1ExchangeCodec.readHeaderLine(Http1ExchangeCodec.java:242)
08-05 02:31:08.525  2110  4401 E baseline.com.newsblur.network.APIResponse: 	at okhttp3.internal.http1.Http1ExchangeCodec.readResponseHeaders(Http1ExchangeCodec.java:213)
08-05 02:31:08.525  2110  4401 E baseline.com.newsblur.network.APIResponse: 	... 30 more
08-05 02:31:08.527  2110  4401 I baseline.com.newsblur.service.NBSyncService: Holding reading action with server-side or network error.
08-05 02:31:08.535  2110  4401 W baseline.com.newsblur.service.NBSyncService: hard API failure
08-05 02:31:08.560  4587  4587 D AndroidRuntime: >>>>>> START com.android.internal.os.RuntimeInit uid 2000 <<<<<<
08-05 02:31:08.565  4587  4587 D AndroidRuntime: CheckJNI is OFF
08-05 02:31:08.570  2110  4354 I art     : Explicit concurrent mark sweep GC freed 4254(391KB) AllocSpace objects, 5(100KB) LOS objects, 27% free, 42MB/58MB, paused 1.385ms total 51.098ms
08-05 02:31:08.582  2110  4354 I art     : Starting a blocking GC Explicit
08-05 02:31:08.600  4587  4587 D ICU     : No timezone override file found: /data/misc/zoneinfo/current/icu/icu_tzdata.dat
08-05 02:31:08.630  2110  4354 I art     : Explicit concurrent mark sweep GC freed 200(19KB) AllocSpace objects, 0(0B) LOS objects, 27% free, 41MB/57MB, paused 1.295ms total 47.538ms
08-05 02:31:08.634  4587  4587 I Radio-JNI: register_android_hardware_Radio DONE
08-05 02:31:08.641  2110  4354 I art     : Starting a blocking GC Explicit
08-05 02:31:08.657  4587  4587 D AndroidRuntime: Calling main entry com.android.commands.input.Input
08-05 02:31:08.659  4587  4587 I Input   : injectMotionEvent: MotionEvent { action=ACTION_DOWN, actionButton=0, id[0]=0, x[0]=436.0, y[0]=453.0, toolType[0]=TOOL_TYPE_UNKNOWN, buttonState=0, metaState=0, flags=0x0, edgeFlags=0x0, pointerCount=1, historySize=0, eventTime=757885072, downTime=757885072, deviceId=0, source=0x1002 }
08-05 02:31:08.668  4587  4587 I Input   : injectMotionEvent: MotionEvent { action=ACTION_UP, actionButton=0, id[0]=0, x[0]=436.0, y[0]=453.0, toolType[0]=TOOL_TYPE_UNKNOWN, buttonState=0, metaState=0, flags=0x0, edgeFlags=0x0, pointerCount=1, historySize=0, eventTime=757885072, downTime=757885072, deviceId=0, source=0x1002 }
08-05 02:31:08.670  4587  4587 D AndroidRuntime: Shutting down VM
08-05 02:31:08.683   512  2967 D audio_hw_primary: out_set_parameters: enter: usecase(1: low-latency-playback) kvpairs: routing=2
08-05 02:31:08.689  2110  4354 I art     : Explicit concurrent mark sweep GC freed 319(43KB) AllocSpace objects, 0(0B) LOS objects, 27% free, 41MB/57MB, paused 1.759ms total 48.143ms
08-05 02:31:08.691   918  5132 I ActivityManager: START u0 {cmp=baseline.com.newsblur/.activity.AllSharedStoriesReading (has extras)} from uid 10676 on display 0
08-05 02:31:08.696   512  2967 D audio_hw_primary: select_devices: out_snd_device(2: speaker) in_snd_device(0: none)
08-05 02:31:08.696   512  2967 D msm8974_platform: platform_send_audio_calibration: sending audio calibration for snd_device(2) acdb_id(15)
08-05 02:31:08.697   512  2967 I soundtrigger: audio_extn_sound_trigger_update_device_status: device 0x2 of type 0 for Event 1
08-05 02:31:08.703  2110  4354 I art     : Starting a blocking GC Explicit
08-05 02:31:08.708   512  2967 D audio_hw_primary: enable_snd_device: snd_device(2: speaker)
08-05 02:31:08.710   512  2967 D audio_hw_primary: enable_audio_route: apply and update mixer path: low-latency-playback speaker
08-05 02:31:08.747  2110  4354 I art     : Explicit concurrent mark sweep GC freed 1380(134KB) AllocSpace objects, 4(508KB) LOS objects, 27% free, 42MB/58MB, paused 1.255ms total 44.642ms
08-05 02:31:08.758  2110  4354 I art     : Starting a blocking GC Explicit
08-05 02:31:08.804  2110  4354 I art     : Explicit concurrent mark sweep GC freed 217(11KB) AllocSpace objects, 0(0B) LOS objects, 27% free, 42MB/58MB, paused 1.292ms total 46.070ms
08-05 02:31:08.915   918   936 I ActivityManager: Displayed baseline.com.newsblur/.activity.AllSharedStoriesReading: +215ms
08-05 02:31:08.917 13866 13866 I GoogleInputMethodServic: GoogleInputMethodService.onFinishInput():3138 
08-05 02:31:08.918 13866 13866 I GoogleInputMethodServic: GoogleInputMethodService.onStartInput():1808 
08-05 02:31:08.928  2110  4401 E baseline.com.newsblur.network.APIResponse: Error (unexpected end of stream on https://www.newsblur.com/...) calling https://www.newsblur.com/reader/mark_story_hashes_as_read/
08-05 02:31:08.928  2110  4401 E baseline.com.newsblur.network.APIResponse: java.io.IOException: unexpected end of stream on https://www.newsblur.com/...
08-05 02:31:08.928  2110  4401 E baseline.com.newsblur.network.APIResponse: 	at okhttp3.internal.http1.Http1ExchangeCodec.readResponseHeaders(Http1ExchangeCodec.java:236)
08-05 02:31:08.928  2110  4401 E baseline.com.newsblur.network.APIResponse: 	at okhttp3.internal.connection.Exchange.readResponseHeaders(Exchange.java:115)
08-05 02:31:08.928  2110  4401 E baseline.com.newsblur.network.APIResponse: 	at okhttp3.internal.http.CallServerInterceptor.intercept(CallServerInterceptor.java:94)
08-05 02:31:08.928  2110  4401 E baseline.com.newsblur.network.APIResponse: 	at okhttp3.internal.http.RealInterceptorChain.proceed(RealInterceptorChain.java:142)
08-05 02:31:08.928  2110  4401 E baseline.com.newsblur.network.APIResponse: 	at okhttp3.internal.connection.ConnectInterceptor.intercept(ConnectInterceptor.java:43)
08-05 02:31:08.928  2110  4401 E baseline.com.newsblur.network.APIResponse: 	at okhttp3.internal.http.RealInterceptorChain.proceed(RealInterceptorChain.java:142)
08-05 02:31:08.928  2110  4401 E baseline.com.newsblur.network.APIResponse: 	at okhttp3.internal.http.RealInterceptorChain.proceed(RealInterceptorChain.java:117)
08-05 02:31:08.928  2110  4401 E baseline.com.newsblur.network.APIResponse: 	at okhttp3.internal.cache.CacheInterceptor.intercept(CacheInterceptor.java:94)
08-05 02:31:08.928  2110  4401 E baseline.com.newsblur.network.APIResponse: 	at okhttp3.internal.http.RealInterceptorChain.proceed(RealInterceptorChain.java:142)
08-05 02:31:08.928  2110  4401 E baseline.com.newsblur.network.APIResponse: 	at okhttp3.internal.http.RealInterceptorChain.proceed(RealInterceptorChain.java:117)
08-05 02:31:08.928  2110  4401 E baseline.com.newsblur.network.APIResponse: 	at okhttp3.internal.http.BridgeInterceptor.intercept(BridgeInterceptor.java:93)
08-05 02:31:08.928  2110  4401 E baseline.com.newsblur.network.APIResponse: 	at okhttp3.internal.http.RealInterceptorChain.proceed(RealInterceptorChain.java:142)
08-05 02:31:08.928  2110  4401 E baseline.com.newsblur.network.APIResponse: 	at okhttp3.internal.http.RetryAndFollowUpInterceptor.intercept(RetryAndFollowUpInterceptor.java:88)
08-05 02:31:08.928  2110  4401 E baseline.com.newsblur.network.APIResponse: 	at okhttp3.internal.http.RealInterceptorChain.proceed(RealInterceptorChain.java:142)
08-05 02:31:08.928  2110  4401 E baseline.com.newsblur.network.APIResponse: 	at okhttp3.internal.http.RealInterceptorChain.proceed(RealInterceptorChain.java:117)
08-05 02:31:08.928  2110  4401 E baseline.com.newsblur.network.APIResponse: 	at okhttp3.RealCall.getResponseWithInterceptorChain(RealCall.java:229)
08-05 02:31:08.928  2110  4401 E baseline.com.newsblur.network.APIResponse: 	at okhttp3.RealCall.execute(RealCall.java:81)
08-05 02:31:08.928  2110  4401 E baseline.com.newsblur.network.APIResponse: 	at baseline.com.newsblur.network.APIResponse.<init>(APIResponse.java:57)
08-05 02:31:08.928  2110  4401 E baseline.com.newsblur.network.APIResponse: 	at baseline.com.newsblur.network.APIResponse.<init>(APIResponse.java:43)
08-05 02:31:08.928  2110  4401 E baseline.com.newsblur.network.APIResponse: 	at baseline.com.newsblur.network.APIManager.post_single(APIManager.java:702)
08-05 02:31:08.928  2110  4401 E baseline.com.newsblur.network.APIResponse: 	at baseline.com.newsblur.network.APIManager.post(APIManager.java:675)
08-05 02:31:08.928  2110  4401 E baseline.com.newsblur.network.APIResponse: 	at baseline.com.newsblur.network.APIManager.post(APIManager.java:714)
08-05 02:31:08.928  2110  4401 E baseline.com.newsblur.network.APIResponse: 	at baseline.com.newsblur.network.APIManager.markStoryAsRead(APIManager.java:205)
08-05 02:31:08.928  2110  4401 E baseline.com.newsblur.network.APIResponse: 	at baseline.com.newsblur.util.ReadingAction.doRemote(ReadingAction.java:281)
08-05 02:31:08.928  2110  4401 E baseline.com.newsblur.network.APIResponse: 	at baseline.com.newsblur.service.NBSyncService.syncActions(NBSyncService.java:400)
08-05 02:31:08.928  2110  4401 E baseline.com.newsblur.network.APIResponse: 	at baseline.com.newsblur.service.NBSyncService.doSync(NBSyncService.java:298)
08-05 02:31:08.928  2110  4401 E baseline.com.newsblur.network.APIResponse: 	at baseline.com.newsblur.service.NBSyncService.access$100(NBSyncService.java:67)
08-05 02:31:08.928  2110  4401 E baseline.com.newsblur.network.APIResponse: 	at baseline.com.newsblur.service.NBSyncService$1.run(NBSyncService.java:188)
08-05 02:31:08.928  2110  4401 E baseline.com.newsblur.network.APIResponse: 	at java.util.concurrent.ThreadPoolExecutor.runWorker(ThreadPoolExecutor.java:1113)
08-05 02:31:08.928  2110  4401 E baseline.com.newsblur.network.APIResponse: 	at java.util.concurrent.ThreadPoolExecutor$Worker.run(ThreadPoolExecutor.java:588)
08-05 02:31:08.928  2110  4401 E baseline.com.newsblur.network.APIResponse: 	at java.lang.Thread.run(Thread.java:818)
08-05 02:31:08.928  2110  4401 E baseline.com.newsblur.network.APIResponse: Caused by: java.io.EOFException: \n not found: limit=0 content=
08-05 02:31:08.928  2110  4401 E baseline.com.newsblur.network.APIResponse: 	at okio.RealBufferedSource.readUtf8LineStrict(RealBufferedSource.java:240)
08-05 02:31:08.928  2110  4401 E baseline.com.newsblur.network.APIResponse: 	at okhttp3.internal.http1.Http1ExchangeCodec.readHeaderLine(Http1ExchangeCodec.java:242)
08-05 02:31:08.928  2110  4401 E baseline.com.newsblur.network.APIResponse: 	at okhttp3.internal.http1.Http1ExchangeCodec.readResponseHeaders(Http1ExchangeCodec.java:213)
08-05 02:31:08.928  2110  4401 E baseline.com.newsblur.network.APIResponse: 	... 30 more
08-05 02:31:08.929  2110  4401 I baseline.com.newsblur.network.APIManager: API call failed, pausing before retry number 1
08-05 02:31:09.122  2110  2123 I art     : Starting a blocking GC Explicit
08-05 02:31:09.149  2110  2736 E chromium: [ERROR:tile_manager.cc(793)] WARNING: tile memory limits exceeded, some content may not draw
08-05 02:31:09.150  2110  2736 E chromium: [ERROR:tile_manager.cc(793)] WARNING: tile memory limits exceeded, some content may not draw
08-05 02:31:09.175  2110  2123 I art     : Explicit concurrent mark sweep GC freed 7004(635KB) AllocSpace objects, 16(356KB) LOS objects, 27% free, 42MB/58MB, paused 1.117ms total 52.312ms
08-05 02:31:09.187  2110  2123 I art     : Starting a blocking GC Explicit
08-05 02:31:09.232  2110  2123 I art     : Explicit concurrent mark sweep GC freed 1209(55KB) AllocSpace objects, 1(28KB) LOS objects, 27% free, 42MB/58MB, paused 1.115ms total 44.459ms
08-05 02:31:09.243  2110  2123 I art     : Starting a blocking GC Explicit
08-05 02:31:09.248   512  2967 D audio_hw_primary: disable_audio_route: reset and update mixer path: low-latency-playback speaker
08-05 02:31:09.250   512  2967 D audio_hw_primary: disable_snd_device: snd_device(2: speaker)
08-05 02:31:09.258   512  2967 I soundtrigger: audio_extn_sound_trigger_update_device_status: device 0x2 of type 0 for Event 0
08-05 02:31:09.305  2110  2123 I art     : Explicit concurrent mark sweep GC freed 67(2992B) AllocSpace objects, 0(0B) LOS objects, 27% free, 42MB/58MB, paused 1.659ms total 61.908ms
08-05 02:31:09.316  2110  2123 I art     : Starting a blocking GC Explicit
08-05 02:31:09.364  2110  2123 I art     : Explicit concurrent mark sweep GC freed 102(15KB) AllocSpace objects, 2(48KB) LOS objects, 27% free, 42MB/58MB, paused 1.125ms total 47.227ms
08-05 02:31:09.375  2110  2123 I art     : Starting a blocking GC Explicit
08-05 02:31:09.420  2110  2123 I art     : Explicit concurrent mark sweep GC freed 10(384B) AllocSpace objects, 0(0B) LOS objects, 27% free, 42MB/58MB, paused 1.048ms total 44.970ms
08-05 02:31:09.755  2110  4354 I art     : Starting a blocking GC Explicit
08-05 02:31:09.810  2110  4354 I art     : Explicit concurrent mark sweep GC freed 1447(83KB) AllocSpace objects, 1(20KB) LOS objects, 27% free, 42MB/58MB, paused 1.317ms total 55.157ms
08-05 02:31:09.824  2110  4354 I art     : Starting a blocking GC Explicit
08-05 02:31:09.875  2110  4354 I art     : Explicit concurrent mark sweep GC freed 22(784B) AllocSpace objects, 0(0B) LOS objects, 27% free, 42MB/58MB, paused 1.189ms total 50.211ms
08-05 02:31:09.887  2110  4354 I art     : Starting a blocking GC Explicit
08-05 02:31:09.940  2110  4354 I art     : Explicit concurrent mark sweep GC freed 3(96B) AllocSpace objects, 0(0B) LOS objects, 27% free, 42MB/58MB, paused 1.250ms total 52.727ms
08-05 02:31:09.951  2110  4354 I art     : Starting a blocking GC Explicit
08-05 02:31:10.001  2110  4354 I art     : Explicit concurrent mark sweep GC freed 3(96B) AllocSpace objects, 0(0B) LOS objects, 27% free, 42MB/58MB, paused 1.244ms total 49.028ms
08-05 02:31:10.013  2110  4354 I art     : Starting a blocking GC Explicit
08-05 02:31:10.064  2110  4354 I art     : Explicit concurrent mark sweep GC freed 3(96B) AllocSpace objects, 0(0B) LOS objects, 27% free, 42MB/58MB, paused 1.139ms total 50.889ms
08-05 02:31:10.418  2110  2687 I art     : Starting a blocking GC Explicit
08-05 02:31:10.487  2110  2687 I art     : Explicit concurrent mark sweep GC freed 1596(88KB) AllocSpace objects, 1(20KB) LOS objects, 27% free, 42MB/58MB, paused 1.179ms total 69.277ms
08-05 02:31:10.500  2110  2687 I art     : Starting a blocking GC Explicit
08-05 02:31:10.553  2110  2687 I art     : Explicit concurrent mark sweep GC freed 93(4KB) AllocSpace objects, 0(0B) LOS objects, 27% free, 42MB/58MB, paused 1.299ms total 53.348ms
08-05 02:31:10.565  2110  2687 I art     : Starting a blocking GC Explicit
08-05 02:31:10.618  2110  2687 I art     : Explicit concurrent mark sweep GC freed 12(1408B) AllocSpace objects, 0(0B) LOS objects, 27% free, 42MB/58MB, paused 1.291ms total 53.049ms
08-05 02:31:10.631  2110  2687 I art     : Starting a blocking GC Explicit
08-05 02:31:10.683  2110  2687 I art     : Explicit concurrent mark sweep GC freed 3(96B) AllocSpace objects, 0(0B) LOS objects, 27% free, 42MB/58MB, paused 1.251ms total 52.153ms
08-05 02:31:10.695  2110  2687 I art     : Starting a blocking GC Explicit
08-05 02:31:10.750  2110  2687 I art     : Explicit concurrent mark sweep GC freed 3(96B) AllocSpace objects, 0(0B) LOS objects, 27% free, 42MB/58MB, paused 1.291ms total 54.820ms
08-05 02:31:10.983  2110  4401 E baseline.com.newsblur.network.APIResponse: Error (unexpected end of stream on https://www.newsblur.com/...) calling https://www.newsblur.com/reader/mark_story_hashes_as_read/
08-05 02:31:10.983  2110  4401 E baseline.com.newsblur.network.APIResponse: java.io.IOException: unexpected end of stream on https://www.newsblur.com/...
08-05 02:31:10.983  2110  4401 E baseline.com.newsblur.network.APIResponse: 	at okhttp3.internal.http1.Http1ExchangeCodec.readResponseHeaders(Http1ExchangeCodec.java:236)
08-05 02:31:10.983  2110  4401 E baseline.com.newsblur.network.APIResponse: 	at okhttp3.internal.connection.Exchange.readResponseHeaders(Exchange.java:115)
08-05 02:31:10.983  2110  4401 E baseline.com.newsblur.network.APIResponse: 	at okhttp3.internal.http.CallServerInterceptor.intercept(CallServerInterceptor.java:94)
08-05 02:31:10.983  2110  4401 E baseline.com.newsblur.network.APIResponse: 	at okhttp3.internal.http.RealInterceptorChain.proceed(RealInterceptorChain.java:142)
08-05 02:31:10.983  2110  4401 E baseline.com.newsblur.network.APIResponse: 	at okhttp3.internal.connection.ConnectInterceptor.intercept(ConnectInterceptor.java:43)
08-05 02:31:10.983  2110  4401 E baseline.com.newsblur.network.APIResponse: 	at okhttp3.internal.http.RealInterceptorChain.proceed(RealInterceptorChain.java:142)
08-05 02:31:10.983  2110  4401 E baseline.com.newsblur.network.APIResponse: 	at okhttp3.internal.http.RealInterceptorChain.proceed(RealInterceptorChain.java:117)
08-05 02:31:10.983  2110  4401 E baseline.com.newsblur.network.APIResponse: 	at okhttp3.internal.cache.CacheInterceptor.intercept(CacheInterceptor.java:94)
08-05 02:31:10.983  2110  4401 E baseline.com.newsblur.network.APIResponse: 	at okhttp3.internal.http.RealInterceptorChain.proceed(RealInterceptorChain.java:142)
08-05 02:31:10.983  2110  4401 E baseline.com.newsblur.network.APIResponse: 	at okhttp3.internal.http.RealInterceptorChain.proceed(RealInterceptorChain.java:117)
08-05 02:31:10.983  2110  4401 E baseline.com.newsblur.network.APIResponse: 	at okhttp3.internal.http.BridgeInterceptor.intercept(BridgeInterceptor.java:93)
08-05 02:31:10.983  2110  4401 E baseline.com.newsblur.network.APIResponse: 	at okhttp3.internal.http.RealInterceptorChain.proceed(RealInterceptorChain.java:142)
08-05 02:31:10.983  2110  4401 E baseline.com.newsblur.network.APIResponse: 	at okhttp3.internal.http.RetryAndFollowUpInterceptor.intercept(RetryAndFollowUpInterceptor.java:88)
08-05 02:31:10.983  2110  4401 E baseline.com.newsblur.network.APIResponse: 	at okhttp3.internal.http.RealInterceptorChain.proceed(RealInterceptorChain.java:142)
08-05 02:31:10.983  2110  4401 E baseline.com.newsblur.network.APIResponse: 	at okhttp3.internal.http.RealInterceptorChain.proceed(RealInterceptorChain.java:117)
08-05 02:31:10.983  2110  4401 E baseline.com.newsblur.network.APIResponse: 	at okhttp3.RealCall.getResponseWithInterceptorChain(RealCall.java:229)
08-05 02:31:10.983  2110  4401 E baseline.com.newsblur.network.APIResponse: 	at okhttp3.RealCall.execute(RealCall.java:81)
08-05 02:31:10.983  2110  4401 E baseline.com.newsblur.network.APIResponse: 	at baseline.com.newsblur.network.APIResponse.<init>(APIResponse.java:57)
08-05 02:31:10.983  2110  4401 E baseline.com.newsblur.network.APIResponse: 	at baseline.com.newsblur.network.APIResponse.<init>(APIResponse.java:43)
08-05 02:31:10.983  2110  4401 E baseline.com.newsblur.network.APIResponse: 	at baseline.com.newsblur.network.APIManager.post_single(APIManager.java:702)
08-05 02:31:10.983  2110  4401 E baseline.com.newsblur.network.APIResponse: 	at baseline.com.newsblur.network.APIManager.post(APIManager.java:675)
08-05 02:31:10.983  2110  4401 E baseline.com.newsblur.network.APIResponse: 	at baseline.com.newsblur.network.APIManager.post(APIManager.java:714)
08-05 02:31:10.983  2110  4401 E baseline.com.newsblur.network.APIResponse: 	at baseline.com.newsblur.network.APIManager.markStoryAsRead(APIManager.java:205)
08-05 02:31:10.983  2110  4401 E baseline.com.newsblur.network.APIResponse: 	at baseline.com.newsblur.util.ReadingAction.doRemote(ReadingAction.java:281)
08-05 02:31:10.983  2110  4401 E baseline.com.newsblur.network.APIResponse: 	at baseline.com.newsblur.service.NBSyncService.syncActions(NBSyncService.java:400)
08-05 02:31:10.983  2110  4401 E baseline.com.newsblur.network.APIResponse: 	at baseline.com.newsblur.service.NBSyncService.doSync(NBSyncService.java:298)
08-05 02:31:10.983  2110  4401 E baseline.com.newsblur.network.APIResponse: 	at baseline.com.newsblur.service.NBSyncService.access$100(NBSyncService.java:67)
08-05 02:31:10.983  2110  4401 E baseline.com.newsblur.network.APIResponse: 	at baseline.com.newsblur.service.NBSyncService$1.run(NBSyncService.java:188)
08-05 02:31:10.983  2110  4401 E baseline.com.newsblur.network.APIResponse: 	at java.util.concurrent.ThreadPoolExecutor.runWorker(ThreadPoolExecutor.java:1113)
08-05 02:31:10.983  2110  4401 E baseline.com.newsblur.network.APIResponse: 	at java.util.concurrent.ThreadPoolExecutor$Worker.run(ThreadPoolExecutor.java:588)
08-05 02:31:10.983  2110  4401 E baseline.com.newsblur.network.APIResponse: 	at java.lang.Thread.run(Thread.java:818)
08-05 02:31:10.983  2110  4401 E baseline.com.newsblur.network.APIResponse: Caused by: java.io.EOFException: \n not found: limit=0 content=
08-05 02:31:10.983  2110  4401 E baseline.com.newsblur.network.APIResponse: 	at okio.RealBufferedSource.readUtf8LineStrict(RealBufferedSource.java:240)
08-05 02:31:10.983  2110  4401 E baseline.com.newsblur.network.APIResponse: 	at okhttp3.internal.http1.Http1ExchangeCodec.readHeaderLine(Http1ExchangeCodec.java:242)
08-05 02:31:10.983  2110  4401 E baseline.com.newsblur.network.APIResponse: 	at okhttp3.internal.http1.Http1ExchangeCodec.readResponseHeaders(Http1ExchangeCodec.java:213)
08-05 02:31:10.983  2110  4401 E baseline.com.newsblur.network.APIResponse: 	... 30 more
08-05 02:31:10.985  2110  4401 I baseline.com.newsblur.network.APIManager: API call failed, pausing before retry number 2
08-05 02:31:11.114  2110  2123 I art     : Starting a blocking GC Explicit
08-05 02:31:11.169  2110  2123 I art     : Explicit concurrent mark sweep GC freed 3953(357KB) AllocSpace objects, 3(60KB) LOS objects, 27% free, 42MB/58MB, paused 1.423ms total 55.135ms
08-05 02:31:11.182  2110  2123 I art     : Starting a blocking GC Explicit
08-05 02:31:11.234  2110  2123 I art     : Explicit concurrent mark sweep GC freed 109(3KB) AllocSpace objects, 0(0B) LOS objects, 27% free, 42MB/58MB, paused 1.202ms total 52.462ms
08-05 02:31:11.247  2110  2123 I art     : Starting a blocking GC Explicit
08-05 02:31:11.300  2110  2123 I art     : Explicit concurrent mark sweep GC freed 3(96B) AllocSpace objects, 0(0B) LOS objects, 27% free, 42MB/58MB, paused 1.238ms total 52.560ms
08-05 02:31:11.312  2110  2123 I art     : Starting a blocking GC Explicit
08-05 02:31:11.366  2110  2123 I art     : Explicit concurrent mark sweep GC freed 3(96B) AllocSpace objects, 0(0B) LOS objects, 27% free, 42MB/58MB, paused 1.171ms total 53.623ms
08-05 02:31:11.378  2110  2123 I art     : Starting a blocking GC Explicit
08-05 02:31:11.431  2110  2123 I art     : Explicit concurrent mark sweep GC freed 3(96B) AllocSpace objects, 0(0B) LOS objects, 27% free, 42MB/58MB, paused 1.222ms total 52.227ms
08-05 02:31:11.805  2110  4354 I art     : Starting a blocking GC Explicit
08-05 02:31:11.862  2110  4354 I art     : Explicit concurrent mark sweep GC freed 1446(83KB) AllocSpace objects, 1(20KB) LOS objects, 27% free, 42MB/58MB, paused 1.236ms total 56.742ms
08-05 02:31:11.876  2110  4354 I art     : Starting a blocking GC Explicit
08-05 02:31:11.929  2110  4354 I art     : Explicit concurrent mark sweep GC freed 22(784B) AllocSpace objects, 0(0B) LOS objects, 27% free, 42MB/58MB, paused 1.280ms total 52.802ms
08-05 02:31:11.941  2110  4354 I art     : Starting a blocking GC Explicit
08-05 02:31:11.994  2110  4354 I art     : Explicit concurrent mark sweep GC freed 3(96B) AllocSpace objects, 0(0B) LOS objects, 27% free, 42MB/58MB, paused 1.242ms total 52.940ms
08-05 02:31:12.007  2110  4354 I art     : Starting a blocking GC Explicit
08-05 02:31:12.059  2110  4354 I art     : Explicit concurrent mark sweep GC freed 3(96B) AllocSpace objects, 0(0B) LOS objects, 27% free, 42MB/58MB, paused 1.245ms total 51.627ms
08-05 02:31:12.071  2110  4354 I art     : Starting a blocking GC Explicit
08-05 02:31:12.124  2110  4354 I art     : Explicit concurrent mark sweep GC freed 3(96B) AllocSpace objects, 0(0B) LOS objects, 27% free, 42MB/58MB, paused 1.206ms total 53.310ms
08-05 02:31:12.516  2110  2122 I art     : Starting a blocking GC Explicit
08-05 02:31:12.572  2110  2122 I art     : Explicit concurrent mark sweep GC freed 1445(83KB) AllocSpace objects, 1(20KB) LOS objects, 27% free, 42MB/58MB, paused 1.252ms total 56.295ms
08-05 02:31:12.584  2110  2122 I art     : Starting a blocking GC Explicit
08-05 02:31:12.638  2110  2122 I art     : Explicit concurrent mark sweep GC freed 22(784B) AllocSpace objects, 0(0B) LOS objects, 27% free, 42MB/58MB, paused 1.279ms total 53.808ms
08-05 02:31:12.651  2110  2122 I art     : Starting a blocking GC Explicit
08-05 02:31:12.702  2110  2122 I art     : Explicit concurrent mark sweep GC freed 3(96B) AllocSpace objects, 0(0B) LOS objects, 27% free, 42MB/58MB, paused 1.199ms total 50.931ms
08-05 02:31:12.715  2110  2122 I art     : Starting a blocking GC Explicit
08-05 02:31:12.768  2110  2122 I art     : Explicit concurrent mark sweep GC freed 3(96B) AllocSpace objects, 0(0B) LOS objects, 27% free, 42MB/58MB, paused 1.221ms total 53.501ms
08-05 02:31:12.781  2110  2122 I art     : Starting a blocking GC Explicit
08-05 02:31:12.834  2110  2122 I art     : Explicit concurrent mark sweep GC freed 3(96B) AllocSpace objects, 0(0B) LOS objects, 27% free, 42MB/58MB, paused 1.324ms total 53.744ms
08-05 02:31:13.170  2110  2366 I art     : Starting a blocking GC Explicit
08-05 02:31:13.223  2110  2366 I art     : Explicit concurrent mark sweep GC freed 1937(107KB) AllocSpace objects, 1(20KB) LOS objects, 27% free, 42MB/58MB, paused 1.273ms total 52.660ms
08-05 02:31:13.235  2110  2366 I art     : Starting a blocking GC Explicit
08-05 02:31:13.282  2110  2366 I art     : Explicit concurrent mark sweep GC freed 621(28KB) AllocSpace objects, 0(0B) LOS objects, 27% free, 42MB/58MB, paused 1.139ms total 46.807ms
08-05 02:31:13.294  2110  2366 I art     : Starting a blocking GC Explicit
08-05 02:31:13.339  2110  2366 I art     : Explicit concurrent mark sweep GC freed 4336(346KB) AllocSpace objects, 1(20KB) LOS objects, 27% free, 42MB/58MB, paused 1.245ms total 45.021ms
08-05 02:31:13.351  2110  2366 I art     : Starting a blocking GC Explicit
08-05 02:31:13.351  4673  4673 D AndroidRuntime: >>>>>> START com.android.internal.os.RuntimeInit uid 2000 <<<<<<
08-05 02:31:13.356  4673  4673 D AndroidRuntime: CheckJNI is OFF
08-05 02:31:13.389  4673  4673 D ICU     : No timezone override file found: /data/misc/zoneinfo/current/icu/icu_tzdata.dat
08-05 02:31:13.399  2110  2366 I art     : Explicit concurrent mark sweep GC freed 3(96B) AllocSpace objects, 0(0B) LOS objects, 27% free, 42MB/58MB, paused 1.263ms total 48.502ms
08-05 02:31:13.411  2110  2366 I art     : Starting a blocking GC Explicit
08-05 02:31:13.423  4673  4673 I Radio-JNI: register_android_hardware_Radio DONE
08-05 02:31:13.445  4673  4673 D AndroidRuntime: Calling main entry com.android.commands.input.Input
08-05 02:31:13.447  4673  4673 I Input   : injectKeyEvent: KeyEvent { action=ACTION_DOWN, keyCode=KEYCODE_BACK, scanCode=0, metaState=0, flags=0x0, repeatCount=0, eventTime=757889860, downTime=757889860, deviceId=-1, source=0x101 }
08-05 02:31:13.452  4673  4673 I Input   : injectKeyEvent: KeyEvent { action=ACTION_UP, keyCode=KEYCODE_BACK, scanCode=0, metaState=0, flags=0x0, repeatCount=0, eventTime=757889860, downTime=757889860, deviceId=-1, source=0x101 }
08-05 02:31:13.457  4673  4673 D AndroidRuntime: Shutting down VM
08-05 02:31:13.458  2110  2366 I art     : Explicit concurrent mark sweep GC freed 167(8KB) AllocSpace objects, 0(0B) LOS objects, 27% free, 42MB/58MB, paused 1.294ms total 46.443ms
08-05 02:31:13.465  2110  2110 D baseline.com.newsblur.service.NBSyncService: rejecting request for feedset that is exhaused
08-05 02:31:13.612  2110  2110 D baseline.com.newsblur.service.NBSyncService: rejecting request for feedset that is exhaused
08-05 02:31:13.658 13866 13866 I GoogleInputMethodServic: GoogleInputMethodService.onFinishInput():3138 
08-05 02:31:13.658 13866 13866 I GoogleInputMethodServic: GoogleInputMethodService.onStartInput():1808 
08-05 02:31:13.762  2110  4354 I art     : Starting a blocking GC Explicit
08-05 02:31:13.807  2110  4354 I art     : Explicit concurrent mark sweep GC freed 5405(346KB) AllocSpace objects, 6(128KB) LOS objects, 27% free, 42MB/58MB, paused 1.198ms total 45.199ms
08-05 02:31:13.818  2110  4354 I art     : Starting a blocking GC Explicit
08-05 02:31:13.864  2110  4354 I art     : Explicit concurrent mark sweep GC freed 918(66KB) AllocSpace objects, 0(0B) LOS objects, 27% free, 42MB/58MB, paused 1.071ms total 45.426ms
08-05 02:31:13.875  2110  4354 I art     : Starting a blocking GC Explicit
08-05 02:31:13.919  2110  4354 I art     : Explicit concurrent mark sweep GC freed 114(16KB) AllocSpace objects, 0(0B) LOS objects, 27% free, 42MB/58MB, paused 1.064ms total 44.077ms
08-05 02:31:13.930  2110  4354 I art     : Starting a blocking GC Explicit
08-05 02:31:13.979  2110  4354 I art     : Explicit concurrent mark sweep GC freed 1366(62KB) AllocSpace objects, 0(0B) LOS objects, 27% free, 42MB/58MB, paused 1.073ms total 48.187ms
08-05 02:31:13.989  2110  4354 I art     : Starting a blocking GC Explicit
08-05 02:31:14.035  2110  4354 I art     : Explicit concurrent mark sweep GC freed 319(17KB) AllocSpace objects, 0(0B) LOS objects, 27% free, 42MB/58MB, paused 1.165ms total 45.114ms
08-05 02:31:14.378  2110  2122 I art     : Starting a blocking GC Explicit
08-05 02:31:14.433  2110  2122 I art     : Explicit concurrent mark sweep GC freed 3298(158KB) AllocSpace objects, 1(20KB) LOS objects, 27% free, 42MB/58MB, paused 1.579ms total 54.129ms
08-05 02:31:14.446  2110  2122 I art     : Starting a blocking GC Explicit
08-05 02:31:14.477  2110  4401 E baseline.com.newsblur.network.APIResponse: Error (unexpected end of stream on https://www.newsblur.com/...) calling https://www.newsblur.com/reader/mark_story_hashes_as_read/
08-05 02:31:14.477  2110  4401 E baseline.com.newsblur.network.APIResponse: java.io.IOException: unexpected end of stream on https://www.newsblur.com/...
08-05 02:31:14.477  2110  4401 E baseline.com.newsblur.network.APIResponse: 	at okhttp3.internal.http1.Http1ExchangeCodec.readResponseHeaders(Http1ExchangeCodec.java:236)
08-05 02:31:14.477  2110  4401 E baseline.com.newsblur.network.APIResponse: 	at okhttp3.internal.connection.Exchange.readResponseHeaders(Exchange.java:115)
08-05 02:31:14.477  2110  4401 E baseline.com.newsblur.network.APIResponse: 	at okhttp3.internal.http.CallServerInterceptor.intercept(CallServerInterceptor.java:94)
08-05 02:31:14.477  2110  4401 E baseline.com.newsblur.network.APIResponse: 	at okhttp3.internal.http.RealInterceptorChain.proceed(RealInterceptorChain.java:142)
08-05 02:31:14.477  2110  4401 E baseline.com.newsblur.network.APIResponse: 	at okhttp3.internal.connection.ConnectInterceptor.intercept(ConnectInterceptor.java:43)
08-05 02:31:14.477  2110  4401 E baseline.com.newsblur.network.APIResponse: 	at okhttp3.internal.http.RealInterceptorChain.proceed(RealInterceptorChain.java:142)
08-05 02:31:14.477  2110  4401 E baseline.com.newsblur.network.APIResponse: 	at okhttp3.internal.http.RealInterceptorChain.proceed(RealInterceptorChain.java:117)
08-05 02:31:14.477  2110  4401 E baseline.com.newsblur.network.APIResponse: 	at okhttp3.internal.cache.CacheInterceptor.intercept(CacheInterceptor.java:94)
08-05 02:31:14.477  2110  4401 E baseline.com.newsblur.network.APIResponse: 	at okhttp3.internal.http.RealInterceptorChain.proceed(RealInterceptorChain.java:142)
08-05 02:31:14.477  2110  4401 E baseline.com.newsblur.network.APIResponse: 	at okhttp3.internal.http.RealInterceptorChain.proceed(RealInterceptorChain.java:117)
08-05 02:31:14.477  2110  4401 E baseline.com.newsblur.network.APIResponse: 	at okhttp3.internal.http.BridgeInterceptor.intercept(BridgeInterceptor.java:93)
08-05 02:31:14.477  2110  4401 E baseline.com.newsblur.network.APIResponse: 	at okhttp3.internal.http.RealInterceptorChain.proceed(RealInterceptorChain.java:142)
08-05 02:31:14.477  2110  4401 E baseline.com.newsblur.network.APIResponse: 	at okhttp3.internal.http.RetryAndFollowUpInterceptor.intercept(RetryAndFollowUpInterceptor.java:88)
08-05 02:31:14.477  2110  4401 E baseline.com.newsblur.network.APIResponse: 	at okhttp3.internal.http.RealInterceptorChain.proceed(RealInterceptorChain.java:142)
08-05 02:31:14.477  2110  4401 E baseline.com.newsblur.network.APIResponse: 	at okhttp3.internal.http.RealInterceptorChain.proceed(RealInterceptorChain.java:117)
08-05 02:31:14.477  2110  4401 E baseline.com.newsblur.network.APIResponse: 	at okhttp3.RealCall.getResponseWithInterceptorChain(RealCall.java:229)
08-05 02:31:14.477  2110  4401 E baseline.com.newsblur.network.APIResponse: 	at okhttp3.RealCall.execute(RealCall.java:81)
08-05 02:31:14.477  2110  4401 E baseline.com.newsblur.network.APIResponse: 	at baseline.com.newsblur.network.APIResponse.<init>(APIResponse.java:57)
08-05 02:31:14.477  2110  4401 E baseline.com.newsblur.network.APIResponse: 	at baseline.com.newsblur.network.APIResponse.<init>(APIResponse.java:43)
08-05 02:31:14.477  2110  4401 E baseline.com.newsblur.network.APIResponse: 	at baseline.com.newsblur.network.APIManager.post_single(APIManager.java:702)
08-05 02:31:14.477  2110  4401 E baseline.com.newsblur.network.APIResponse: 	at baseline.com.newsblur.network.APIManager.post(APIManager.java:675)
08-05 02:31:14.477  2110  4401 E baseline.com.newsblur.network.APIResponse: 	at baseline.com.newsblur.network.APIManager.post(APIManager.java:714)
08-05 02:31:14.477  2110  4401 E baseline.com.newsblur.network.APIResponse: 	at baseline.com.newsblur.network.APIManager.markStoryAsRead(APIManager.java:205)
08-05 02:31:14.477  2110  4401 E baseline.com.newsblur.network.APIResponse: 	at baseline.com.newsblur.util.ReadingAction.doRemote(ReadingAction.java:281)
08-05 02:31:14.477  2110  4401 E baseline.com.newsblur.network.APIResponse: 	at baseline.com.newsblur.service.NBSyncService.syncActions(NBSyncService.java:400)
08-05 02:31:14.477  2110  4401 E baseline.com.newsblur.network.APIResponse: 	at baseline.com.newsblur.service.NBSyncService.doSync(NBSyncService.java:298)
08-05 02:31:14.477  2110  4401 E baseline.com.newsblur.network.APIResponse: 	at baseline.com.newsblur.service.NBSyncService.access$100(NBSyncService.java:67)
08-05 02:31:14.477  2110  4401 E baseline.com.newsblur.network.APIResponse: 	at baseline.com.newsblur.service.NBSyncService$1.run(NBSyncService.java:188)
08-05 02:31:14.477  2110  4401 E baseline.com.newsblur.network.APIResponse: 	at java.util.concurrent.ThreadPoolExecutor.runWorker(ThreadPoolExecutor.java:1113)
08-05 02:31:14.477  2110  4401 E baseline.com.newsblur.network.APIResponse: 	at java.util.concurrent.ThreadPoolExecutor$Worker.run(ThreadPoolExecutor.java:588)
08-05 02:31:14.477  2110  4401 E baseline.com.newsblur.network.APIResponse: 	at java.lang.Thread.run(Thread.java:818)
08-05 02:31:14.477  2110  4401 E baseline.com.newsblur.network.APIResponse: Caused by: java.io.EOFException: \n not found: limit=0 content=
08-05 02:31:14.477  2110  4401 E baseline.com.newsblur.network.APIResponse: 	at okio.RealBufferedSource.readUtf8LineStrict(RealBufferedSource.java:240)
08-05 02:31:14.477  2110  4401 E baseline.com.newsblur.network.APIResponse: 	at okhttp3.internal.http1.Http1ExchangeCodec.readHeaderLine(Http1ExchangeCodec.java:242)
08-05 02:31:14.477  2110  4401 E baseline.com.newsblur.network.APIResponse: 	at okhttp3.internal.http1.Http1ExchangeCodec.readResponseHeaders(Http1ExchangeCodec.java:213)
08-05 02:31:14.477  2110  4401 E baseline.com.newsblur.network.APIResponse: 	... 30 more
08-05 02:31:14.479  2110  4401 I baseline.com.newsblur.service.NBSyncService: Holding reading action with server-side or network error.
08-05 02:31:14.488  2110  4401 W baseline.com.newsblur.service.NBSyncService: hard API failure
08-05 02:31:14.493  2110  2122 I art     : Explicit concurrent mark sweep GC freed 909(199KB) AllocSpace objects, 3(60KB) LOS objects, 27% free, 42MB/58MB, paused 1.298ms total 47.009ms
08-05 02:31:14.499  2110  4401 I baseline.com.newsblur.service.NBSyncService: recounting dirty feed sets: 1
08-05 02:31:14.504  2110  2122 I art     : Starting a blocking GC Explicit
08-05 02:31:14.553  2110  2122 I art     : Explicit concurrent mark sweep GC freed 894(92KB) AllocSpace objects, 2(40KB) LOS objects, 27% free, 42MB/58MB, paused 1.273ms total 48.454ms
08-05 02:31:14.566  2110  2122 I art     : Starting a blocking GC Explicit
08-05 02:31:14.619  2110  2122 I art     : Explicit concurrent mark sweep GC freed 202(8KB) AllocSpace objects, 0(0B) LOS objects, 27% free, 41MB/57MB, paused 1.295ms total 52.916ms
08-05 02:31:14.633  2110  2122 I art     : Starting a blocking GC Explicit
08-05 02:31:14.686  2110  2122 I art     : Explicit concurrent mark sweep GC freed 11(352B) AllocSpace objects, 0(0B) LOS objects, 27% free, 41MB/57MB, paused 1.164ms total 52.529ms
08-05 02:31:14.977  2110  4401 E baseline.com.newsblur.network.APIResponse: Error (unexpected end of stream on https://www.newsblur.com/...) calling https://www.newsblur.com/reader/feed_unread_count?feed_id=0
08-05 02:31:14.977  2110  4401 E baseline.com.newsblur.network.APIResponse: java.io.IOException: unexpected end of stream on https://www.newsblur.com/...
08-05 02:31:14.977  2110  4401 E baseline.com.newsblur.network.APIResponse: 	at okhttp3.internal.http1.Http1ExchangeCodec.readResponseHeaders(Http1ExchangeCodec.java:236)
08-05 02:31:14.977  2110  4401 E baseline.com.newsblur.network.APIResponse: 	at okhttp3.internal.connection.Exchange.readResponseHeaders(Exchange.java:115)
08-05 02:31:14.977  2110  4401 E baseline.com.newsblur.network.APIResponse: 	at okhttp3.internal.http.CallServerInterceptor.intercept(CallServerInterceptor.java:94)
08-05 02:31:14.977  2110  4401 E baseline.com.newsblur.network.APIResponse: 	at okhttp3.internal.http.RealInterceptorChain.proceed(RealInterceptorChain.java:142)
08-05 02:31:14.977  2110  4401 E baseline.com.newsblur.network.APIResponse: 	at okhttp3.internal.connection.ConnectInterceptor.intercept(ConnectInterceptor.java:43)
08-05 02:31:14.977  2110  4401 E baseline.com.newsblur.network.APIResponse: 	at okhttp3.internal.http.RealInterceptorChain.proceed(RealInterceptorChain.java:142)
08-05 02:31:14.977  2110  4401 E baseline.com.newsblur.network.APIResponse: 	at okhttp3.internal.http.RealInterceptorChain.proceed(RealInterceptorChain.java:117)
08-05 02:31:14.977  2110  4401 E baseline.com.newsblur.network.APIResponse: 	at okhttp3.internal.cache.CacheInterceptor.intercept(CacheInterceptor.java:94)
08-05 02:31:14.977  2110  4401 E baseline.com.newsblur.network.APIResponse: 	at okhttp3.internal.http.RealInterceptorChain.proceed(RealInterceptorChain.java:142)
08-05 02:31:14.977  2110  4401 E baseline.com.newsblur.network.APIResponse: 	at okhttp3.internal.http.RealInterceptorChain.proceed(RealInterceptorChain.java:117)
08-05 02:31:14.977  2110  4401 E baseline.com.newsblur.network.APIResponse: 	at okhttp3.internal.http.BridgeInterceptor.intercept(BridgeInterceptor.java:93)
08-05 02:31:14.977  2110  4401 E baseline.com.newsblur.network.APIResponse: 	at okhttp3.internal.http.RealInterceptorChain.proceed(RealInterceptorChain.java:142)
08-05 02:31:14.977  2110  4401 E baseline.com.newsblur.network.APIResponse: 	at okhttp3.internal.http.RetryAndFollowUpInterceptor.intercept(RetryAndFollowUpInterceptor.java:88)
08-05 02:31:14.977  2110  4401 E baseline.com.newsblur.network.APIResponse: 	at okhttp3.internal.http.RealInterceptorChain.proceed(RealInterceptorChain.java:142)
08-05 02:31:14.977  2110  4401 E baseline.com.newsblur.network.APIResponse: 	at okhttp3.internal.http.RealInterceptorChain.proceed(RealInterceptorChain.java:117)
08-05 02:31:14.977  2110  4401 E baseline.com.newsblur.network.APIResponse: 	at okhttp3.RealCall.getResponseWithInterceptorChain(RealCall.java:229)
08-05 02:31:14.977  2110  4401 E baseline.com.newsblur.network.APIResponse: 	at okhttp3.RealCall.execute(RealCall.java:81)
08-05 02:31:14.977  2110  4401 E baseline.com.newsblur.network.APIResponse: 	at baseline.com.newsblur.network.APIResponse.<init>(APIResponse.java:57)
08-05 02:31:14.977  2110  4401 E baseline.com.newsblur.network.APIResponse: 	at baseline.com.newsblur.network.APIManager.get_single(APIManager.java:639)
08-05 02:31:14.977  2110  4401 E baseline.com.newsblur.network.APIResponse: 	at baseline.com.newsblur.network.APIManager.get(APIManager.java:625)
08-05 02:31:14.977  2110  4401 E baseline.com.newsblur.network.APIResponse: 	at baseline.com.newsblur.network.APIManager.get(APIManager.java:667)
08-05 02:31:14.977  2110  4401 E baseline.com.newsblur.network.APIResponse: 	at baseline.com.newsblur.network.APIManager.getFeedUnreadCounts(APIManager.java:274)
08-05 02:31:14.977  2110  4401 E baseline.com.newsblur.network.APIResponse: 	at baseline.com.newsblur.service.NBSyncService.checkRecounts(NBSyncService.java:660)
08-05 02:31:14.977  2110  4401 E baseline.com.newsblur.network.APIResponse: 	at baseline.com.newsblur.service.NBSyncService.doSync(NBSyncService.java:310)
08-05 02:31:14.977  2110  4401 E baseline.com.newsblur.network.APIResponse: 	at baseline.com.newsblur.service.NBSyncService.access$100(NBSyncService.java:67)
08-05 02:31:14.977  2110  4401 E baseline.com.newsblur.network.APIResponse: 	at baseline.com.newsblur.service.NBSyncService$1.run(NBSyncService.java:188)
08-05 02:31:14.977  2110  4401 E baseline.com.newsblur.network.APIResponse: 	at java.util.concurrent.ThreadPoolExecutor.runWorker(ThreadPoolExecutor.java:1113)
08-05 02:31:14.977  2110  4401 E baseline.com.newsblur.network.APIResponse: 	at java.util.concurrent.ThreadPoolExecutor$Worker.run(ThreadPoolExecutor.java:588)
08-05 02:31:14.977  2110  4401 E baseline.com.newsblur.network.APIResponse: 	at java.lang.Thread.run(Thread.java:818)
08-05 02:31:14.977  2110  4401 E baseline.com.newsblur.network.APIResponse: Caused by: java.io.EOFException: \n not found: limit=0 content=
08-05 02:31:14.977  2110  4401 E baseline.com.newsblur.network.APIResponse: 	at okio.RealBufferedSource.readUtf8LineStrict(RealBufferedSource.java:240)
08-05 02:31:14.977  2110  4401 E baseline.com.newsblur.network.APIResponse: 	at okhttp3.internal.http1.Http1ExchangeCodec.readHeaderLine(Http1ExchangeCodec.java:242)
08-05 02:31:14.977  2110  4401 E baseline.com.newsblur.network.APIResponse: 	at okhttp3.internal.http1.Http1ExchangeCodec.readResponseHeaders(Http1ExchangeCodec.java:213)
08-05 02:31:14.977  2110  4401 E baseline.com.newsblur.network.APIResponse: 	... 28 more
08-05 02:31:14.978  2110  4401 I baseline.com.newsblur.network.APIManager: API call failed, pausing before retry number 1
08-05 02:31:15.031  2110  2687 I art     : Starting a blocking GC Explicit
08-05 02:31:15.034   518   646 I ThermalEngine: ACTION: GPU - Setting GPU[0] to 450000000
08-05 02:31:15.092  2110  2687 I art     : Explicit concurrent mark sweep GC freed 3978(357KB) AllocSpace objects, 3(60KB) LOS objects, 27% free, 41MB/57MB, paused 1.557ms total 61.050ms
08-05 02:31:15.107  2110  2687 I art     : Starting a blocking GC Explicit
08-05 02:31:15.113  4717  4717 D AndroidRuntime: >>>>>> START com.android.internal.os.RuntimeInit uid 2000 <<<<<<
08-05 02:31:15.118  4717  4717 D AndroidRuntime: CheckJNI is OFF
08-05 02:31:15.162  4717  4717 D ICU     : No timezone override file found: /data/misc/zoneinfo/current/icu/icu_tzdata.dat
08-05 02:31:15.170  2110  2687 I art     : Explicit concurrent mark sweep GC freed 109(3KB) AllocSpace objects, 0(0B) LOS objects, 27% free, 41MB/57MB, paused 1.667ms total 62.402ms
08-05 02:31:15.185  2110  2687 I art     : Starting a blocking GC Explicit
08-05 02:31:15.209  4717  4717 I Radio-JNI: register_android_hardware_Radio DONE
08-05 02:31:15.238  4717  4717 D AndroidRuntime: Calling main entry com.android.commands.input.Input
08-05 02:31:15.239  4717  4717 I Input   : injectKeyEvent: KeyEvent { action=ACTION_DOWN, keyCode=KEYCODE_BACK, scanCode=0, metaState=0, flags=0x0, repeatCount=0, eventTime=757891652, downTime=757891652, deviceId=-1, source=0x101 }
08-05 02:31:15.248  4717  4717 I Input   : injectKeyEvent: KeyEvent { action=ACTION_UP, keyCode=KEYCODE_BACK, scanCode=0, metaState=0, flags=0x0, repeatCount=0, eventTime=757891652, downTime=757891652, deviceId=-1, source=0x101 }
08-05 02:31:15.249  2110  2687 I art     : Explicit concurrent mark sweep GC freed 3(96B) AllocSpace objects, 0(0B) LOS objects, 27% free, 41MB/57MB, paused 1.746ms total 63.709ms
08-05 02:31:15.255  4717  4717 D AndroidRuntime: Shutting down VM
08-05 02:31:15.263  2110  2687 I art     : Starting a blocking GC Explicit
08-05 02:31:15.320  2110  2687 I art     : Explicit concurrent mark sweep GC freed 336(53KB) AllocSpace objects, 4(80KB) LOS objects, 27% free, 41MB/57MB, paused 1.672ms total 56.337ms
08-05 02:31:15.335  2110  2687 I art     : Starting a blocking GC Explicit
08-05 02:31:15.396  2110  2687 I art     : Explicit concurrent mark sweep GC freed 35(13KB) AllocSpace objects, 0(0B) LOS objects, 27% free, 41MB/57MB, paused 1.639ms total 60.853ms
08-05 02:31:15.500 13866 13866 I GoogleInputMethodServic: GoogleInputMethodService.onFinishInput():3138 
08-05 02:31:15.501 13866 13866 I GoogleInputMethodServic: GoogleInputMethodService.onStartInput():1808 
08-05 02:31:15.757  2110  2366 I art     : Starting a blocking GC Explicit
08-05 02:31:15.814  2110  2366 I art     : Explicit concurrent mark sweep GC freed 9420(600KB) AllocSpace objects, 9(180KB) LOS objects, 27% free, 41MB/57MB, paused 1.446ms total 57.019ms
08-05 02:31:15.828  2110  2366 I art     : Starting a blocking GC Explicit
08-05 02:31:15.882  2110  2366 I art     : Explicit concurrent mark sweep GC freed 619(26KB) AllocSpace objects, 0(0B) LOS objects, 27% free, 41MB/57MB, paused 1.516ms total 53.977ms
08-05 02:31:15.896  2110  2366 I art     : Starting a blocking GC Explicit
08-05 02:31:15.953  2110  2366 I art     : Explicit concurrent mark sweep GC freed 48(1968B) AllocSpace objects, 0(0B) LOS objects, 27% free, 41MB/57MB, paused 1.625ms total 56.620ms
08-05 02:31:15.967  2110  2366 I art     : Starting a blocking GC Explicit
08-05 02:31:16.023  2110  2366 I art     : Explicit concurrent mark sweep GC freed 148(7KB) AllocSpace objects, 0(0B) LOS objects, 27% free, 41MB/57MB, paused 1.378ms total 55.928ms
08-05 02:31:16.038  2110  2366 I art     : Starting a blocking GC Explicit
08-05 02:31:16.094  2110  2366 I art     : Explicit concurrent mark sweep GC freed 13(416B) AllocSpace objects, 0(0B) LOS objects, 27% free, 41MB/57MB, paused 1.445ms total 56.166ms
08-05 02:31:16.481  2110  2687 I art     : Starting a blocking GC Explicit
08-05 02:31:16.543  2110  2687 I art     : Explicit concurrent mark sweep GC freed 1583(88KB) AllocSpace objects, 1(20KB) LOS objects, 27% free, 41MB/57MB, paused 1.622ms total 61.893ms
08-05 02:31:16.558  2110  2687 I art     : Starting a blocking GC Explicit
08-05 02:31:16.615  2110  2687 I art     : Explicit concurrent mark sweep GC freed 108(5KB) AllocSpace objects, 0(0B) LOS objects, 27% free, 41MB/57MB, paused 1.558ms total 56.675ms
08-05 02:31:16.629  2110  2687 I art     : Starting a blocking GC Explicit
08-05 02:31:16.688  2110  2687 I art     : Explicit concurrent mark sweep GC freed 26(1920B) AllocSpace objects, 0(0B) LOS objects, 27% free, 41MB/57MB, paused 1.685ms total 58.772ms
08-05 02:31:16.703  2110  2687 I art     : Starting a blocking GC Explicit
08-05 02:31:16.765  2110  2687 I art     : Explicit concurrent mark sweep GC freed 13(416B) AllocSpace objects, 0(0B) LOS objects, 27% free, 41MB/57MB, paused 1.954ms total 61.308ms
08-05 02:31:16.780  2110  2687 I art     : Starting a blocking GC Explicit
08-05 02:31:16.841  2110  2687 I art     : Explicit concurrent mark sweep GC freed 11(352B) AllocSpace objects, 0(0B) LOS objects, 27% free, 41MB/57MB, paused 1.643ms total 60.290ms
08-05 02:31:17.043  2110  4401 E baseline.com.newsblur.network.APIResponse: Error (unexpected end of stream on https://www.newsblur.com/...) calling https://www.newsblur.com/reader/feed_unread_count?feed_id=0
08-05 02:31:17.043  2110  4401 E baseline.com.newsblur.network.APIResponse: java.io.IOException: unexpected end of stream on https://www.newsblur.com/...
08-05 02:31:17.043  2110  4401 E baseline.com.newsblur.network.APIResponse: 	at okhttp3.internal.http1.Http1ExchangeCodec.readResponseHeaders(Http1ExchangeCodec.java:236)
08-05 02:31:17.043  2110  4401 E baseline.com.newsblur.network.APIResponse: 	at okhttp3.internal.connection.Exchange.readResponseHeaders(Exchange.java:115)
08-05 02:31:17.043  2110  4401 E baseline.com.newsblur.network.APIResponse: 	at okhttp3.internal.http.CallServerInterceptor.intercept(CallServerInterceptor.java:94)
08-05 02:31:17.043  2110  4401 E baseline.com.newsblur.network.APIResponse: 	at okhttp3.internal.http.RealInterceptorChain.proceed(RealInterceptorChain.java:142)
08-05 02:31:17.043  2110  4401 E baseline.com.newsblur.network.APIResponse: 	at okhttp3.internal.connection.ConnectInterceptor.intercept(ConnectInterceptor.java:43)
08-05 02:31:17.043  2110  4401 E baseline.com.newsblur.network.APIResponse: 	at okhttp3.internal.http.RealInterceptorChain.proceed(RealInterceptorChain.java:142)
08-05 02:31:17.043  2110  4401 E baseline.com.newsblur.network.APIResponse: 	at okhttp3.internal.http.RealInterceptorChain.proceed(RealInterceptorChain.java:117)
08-05 02:31:17.043  2110  4401 E baseline.com.newsblur.network.APIResponse: 	at okhttp3.internal.cache.CacheInterceptor.intercept(CacheInterceptor.java:94)
08-05 02:31:17.043  2110  4401 E baseline.com.newsblur.network.APIResponse: 	at okhttp3.internal.http.RealInterceptorChain.proceed(RealInterceptorChain.java:142)
08-05 02:31:17.043  2110  4401 E baseline.com.newsblur.network.APIResponse: 	at okhttp3.internal.http.RealInterceptorChain.proceed(RealInterceptorChain.java:117)
08-05 02:31:17.043  2110  4401 E baseline.com.newsblur.network.APIResponse: 	at okhttp3.internal.http.BridgeInterceptor.intercept(BridgeInterceptor.java:93)
08-05 02:31:17.043  2110  4401 E baseline.com.newsblur.network.APIResponse: 	at okhttp3.internal.http.RealInterceptorChain.proceed(RealInterceptorChain.java:142)
08-05 02:31:17.043  2110  4401 E baseline.com.newsblur.network.APIResponse: 	at okhttp3.internal.http.RetryAndFollowUpInterceptor.intercept(RetryAndFollowUpInterceptor.java:88)
08-05 02:31:17.043  2110  4401 E baseline.com.newsblur.network.APIResponse: 	at okhttp3.internal.http.RealInterceptorChain.proceed(RealInterceptorChain.java:142)
08-05 02:31:17.043  2110  4401 E baseline.com.newsblur.network.APIResponse: 	at okhttp3.internal.http.RealInterceptorChain.proceed(RealInterceptorChain.java:117)
08-05 02:31:17.043  2110  4401 E baseline.com.newsblur.network.APIResponse: 	at okhttp3.RealCall.getResponseWithInterceptorChain(RealCall.java:229)
08-05 02:31:17.043  2110  4401 E baseline.com.newsblur.network.APIResponse: 	at okhttp3.RealCall.execute(RealCall.java:81)
08-05 02:31:17.043  2110  4401 E baseline.com.newsblur.network.APIResponse: 	at baseline.com.newsblur.network.APIResponse.<init>(APIResponse.java:57)
08-05 02:31:17.043  2110  4401 E baseline.com.newsblur.network.APIResponse: 	at baseline.com.newsblur.network.APIManager.get_single(APIManager.java:639)
08-05 02:31:17.043  2110  4401 E baseline.com.newsblur.network.APIResponse: 	at baseline.com.newsblur.network.APIManager.get(APIManager.java:625)
08-05 02:31:17.043  2110  4401 E baseline.com.newsblur.network.APIResponse: 	at baseline.com.newsblur.network.APIManager.get(APIManager.java:667)
08-05 02:31:17.043  2110  4401 E baseline.com.newsblur.network.APIResponse: 	at baseline.com.newsblur.network.APIManager.getFeedUnreadCounts(APIManager.java:274)
08-05 02:31:17.043  2110  4401 E baseline.com.newsblur.network.APIResponse: 	at baseline.com.newsblur.service.NBSyncService.checkRecounts(NBSyncService.java:660)
08-05 02:31:17.043  2110  4401 E baseline.com.newsblur.network.APIResponse: 	at baseline.com.newsblur.service.NBSyncService.doSync(NBSyncService.java:310)
08-05 02:31:17.043  2110  4401 E baseline.com.newsblur.network.APIResponse: 	at baseline.com.newsblur.service.NBSyncService.access$100(NBSyncService.java:67)
08-05 02:31:17.043  2110  4401 E baseline.com.newsblur.network.APIResponse: 	at baseline.com.newsblur.service.NBSyncService$1.run(NBSyncService.java:188)
08-05 02:31:17.043  2110  4401 E baseline.com.newsblur.network.APIResponse: 	at java.util.concurrent.ThreadPoolExecutor.runWorker(ThreadPoolExecutor.java:1113)
08-05 02:31:17.043  2110  4401 E baseline.com.newsblur.network.APIResponse: 	at java.util.concurrent.ThreadPoolExecutor$Worker.run(ThreadPoolExecutor.java:588)
08-05 02:31:17.043  2110  4401 E baseline.com.newsblur.network.APIResponse: 	at java.lang.Thread.run(Thread.java:818)
08-05 02:31:17.043  2110  4401 E baseline.com.newsblur.network.APIResponse: Caused by: java.io.EOFException: \n not found: limit=0 content=
08-05 02:31:17.043  2110  4401 E baseline.com.newsblur.network.APIResponse: 	at okio.RealBufferedSource.readUtf8LineStrict(RealBufferedSource.java:240)
08-05 02:31:17.043  2110  4401 E baseline.com.newsblur.network.APIResponse: 	at okhttp3.internal.http1.Http1ExchangeCodec.readHeaderLine(Http1ExchangeCodec.java:242)
08-05 02:31:17.043  2110  4401 E baseline.com.newsblur.network.APIResponse: 	at okhttp3.internal.http1.Http1ExchangeCodec.readResponseHeaders(Http1ExchangeCodec.java:213)
08-05 02:31:17.043  2110  4401 E baseline.com.newsblur.network.APIResponse: 	... 28 more
08-05 02:31:17.045  2110  4401 I baseline.com.newsblur.network.APIManager: API call failed, pausing before retry number 2
08-05 02:31:17.059  4767  4767 D AndroidRuntime: >>>>>> START com.android.internal.os.RuntimeInit uid 2000 <<<<<<
08-05 02:31:17.065  4767  4767 D AndroidRuntime: CheckJNI is OFF
08-05 02:31:17.106  4767  4767 D ICU     : No timezone override file found: /data/misc/zoneinfo/current/icu/icu_tzdata.dat
08-05 02:31:17.149  4767  4767 I Radio-JNI: register_android_hardware_Radio DONE
08-05 02:31:17.177  4767  4767 D AndroidRuntime: Calling main entry com.android.commands.am.Am
08-05 02:31:17.188 24044 24044 I Trepn   : Trepn 6.2s: Received intent: com.quicinc.trepn.stop_profiling
08-05 02:31:17.228 24044 24044 I Trepn   : Trepn 6.2s: Trepn has Stopped Profiling.
08-05 02:31:17.231  2110  2123 I art     : Starting a blocking GC Explicit
08-05 02:31:17.292  2110  2123 I art     : Explicit concurrent mark sweep GC freed 3943(356KB) AllocSpace objects, 3(60KB) LOS objects, 27% free, 41MB/57MB, paused 1.482ms total 60.735ms
08-05 02:31:17.306  2110  2123 I art     : Starting a blocking GC Explicit
08-05 02:31:17.313  4767  4767 D AndroidRuntime: Shutting down VM
08-05 02:31:17.317   918   928 W AppOps  : Finishing op nesting under-run: uid 10078 pkg com.quicinc.trepn code 24 time=0 duration=0 nesting=0
08-05 02:31:17.362  2110  2123 I art     : Explicit concurrent mark sweep GC freed 119(4KB) AllocSpace objects, 0(0B) LOS objects, 27% free, 41MB/57MB, paused 1.489ms total 55.973ms
08-05 02:31:17.377  2110  2123 I art     : Starting a blocking GC Explicit
08-05 02:31:17.442  2110  2123 I art     : Explicit concurrent mark sweep GC freed 3(96B) AllocSpace objects, 0(0B) LOS objects, 27% free, 41MB/57MB, paused 1.679ms total 64.461ms
08-05 02:31:17.458  2110  2123 I art     : Starting a blocking GC Explicit
08-05 02:31:17.527  2110  2123 I art     : Explicit concurrent mark sweep GC freed 3(96B) AllocSpace objects, 0(0B) LOS objects, 27% free, 41MB/57MB, paused 1.770ms total 68.852ms
08-05 02:31:17.542  2110  2123 I art     : Starting a blocking GC Explicit
08-05 02:31:17.607  2110  2123 I art     : Explicit concurrent mark sweep GC freed 3(96B) AllocSpace objects, 0(0B) LOS objects, 27% free, 41MB/57MB, paused 1.560ms total 64.601ms
08-05 02:31:18.374   918  3261 D WifiStateMachine: starting scan for "H369AA63323"WPA_PSK with 2412,5180
