--------- beginning of main
08-05 02:29:23.837 28959 28959 I ServiceManager: Waiting for service AtCmdFwd...
08-05 02:29:24.579  2100  2100 D AndroidRuntime: >>>>>> START com.android.internal.os.RuntimeInit uid 2000 <<<<<<
08-05 02:29:24.586  2100  2100 D AndroidRuntime: CheckJNI is OFF
08-05 02:29:24.612  2100  2100 D ICU     : No timezone override file found: /data/misc/zoneinfo/current/icu/icu_tzdata.dat
08-05 02:29:24.641  2100  2100 I Radio-JNI: register_android_hardware_Radio DONE
08-05 02:29:24.657  2100  2100 D AndroidRuntime: Calling main entry com.android.commands.monkey.Monkey
--------- beginning of system
08-05 02:29:24.673   918   931 W BroadcastQueue: Skipping deliver [background] BroadcastRecord{e8bf74 u-1 android.net.conn.CONNECTIVITY_CHANGE} to ReceiverList{5270c9d 2100 (unknown name)/2000/u-1 remote:dda6686}: process crashing
08-05 02:29:24.684   918  6110 I ActivityManager: START u0 {act=android.intent.action.MAIN cat=[android.intent.category.LAUNCHER] flg=0x10200000 cmp=baseline.com.newsblur/.activity.InitActivity} from uid 2000 on display 0
08-05 02:29:24.724  2110  2110 I art     : Late-enabling -Xcheck:jni
08-05 02:29:24.725   918  5481 I ActivityManager: Start proc 2110:baseline.com.newsblur/u0a676 for activity baseline.com.newsblur/.activity.InitActivity
08-05 02:29:24.732  2100  2100 I art     : System.exit called, status: 0
08-05 02:29:24.732  2100  2100 I AndroidRuntime: VM exiting with result code 0.
08-05 02:29:24.780  2110  2110 W System  : ClassLoader referenced unknown path: /data/app/baseline.com.newsblur-1/lib/arm64
08-05 02:29:24.793   719 23718 I PBSessionCacheImpl: Deleted sessionId[3163792008073881] from persistence.
08-05 02:29:24.801   719   760 W SearchServiceCore: Abort, client detached.
08-05 02:29:24.802   719   760 I MicroDetectionState: Should stop hotword detection immediately - true
08-05 02:29:24.838 28959 28959 W Atfwd_Sendcmd: AtCmdFwd service not published, waiting... retryCnt : 1
08-05 02:29:24.932  2110  2110 I baseline.com.newsblur.activity.InitActivity: cold launching version 9.0b1
08-05 02:29:24.944  2110  2126 D OpenGLRenderer: Use EGL_SWAP_BEHAVIOR_PRESERVED: true
08-05 02:29:24.979  2110  2126 I Adreno  : QUALCOMM build                   : fcf4852, I1af360237c
08-05 02:29:24.979  2110  2126 I Adreno  : Build Date                       : 09/23/15
08-05 02:29:24.979  2110  2126 I Adreno  : OpenGL ES Shader Compiler Version: XE031.05.13.02
08-05 02:29:24.979  2110  2126 I Adreno  : Local Branch                     : mybranch14465806
08-05 02:29:24.979  2110  2126 I Adreno  : Remote Branch                    : quic/LA.BF64.1.2.9_v2
08-05 02:29:24.979  2110  2126 I Adreno  : Remote Branch                    : NONE
08-05 02:29:24.979  2110  2126 I Adreno  : Reconstruct Branch               : NOTHING
08-05 02:29:24.985  2110  2126 I OpenGLRenderer: Initialized EGL, version 1.4
08-05 02:29:25.009   918  5952 I ActivityManager: START u0 {cmp=baseline.com.newsblur/.activity.Main} from uid 10676 on display 0
08-05 02:29:25.022   918  4400 W InputMethodManagerService: Focus gain on non-focused client com.android.internal.view.IInputMethodClient$Stub$Proxy@7464d3c (uid=10676 pid=2110)
08-05 02:29:25.280  2110  2110 I art     : Rejecting re-init on previously-failed class java.lang.Class<androidx.core.view.ViewCompat$OnUnhandledKeyEventListenerWrapper>
08-05 02:29:25.281  2110  2110 I art     : Rejecting re-init on previously-failed class java.lang.Class<androidx.core.view.ViewCompat$OnUnhandledKeyEventListenerWrapper>
08-05 02:29:25.316  2110  2110 E BitmapFactory: Unable to decode stream: java.io.FileNotFoundException: /data/user/0/baseline.com.newsblur/cache/userProfilePicture: open failed: ENOENT (No such file or directory)
08-05 02:29:25.419  2110  2135 I baseline.com.newsblur.service.NBSyncService: ready to sync feed list
08-05 02:29:25.611   918   936 I ActivityManager: Displayed baseline.com.newsblur/.activity.Main: +587ms (total +919ms)
08-05 02:29:25.615 13866 13866 I GoogleInputMethodServic: GoogleInputMethodService.onFinishInput():3138 
08-05 02:29:25.615 13866 13866 I GoogleInputMethodServic: GoogleInputMethodService.onStartInput():1808 
08-05 02:29:25.957  2110  2135 I NAPPA_EXPERIMENTATION: MetricNetworkRequestExecutionTime: REQUEST_DURATION_SYSTEM='534',REQUEST_DURATION_OKHTTP='42',REQUEST_SYNCHRONOUS='TRUE',RESPONSE_CODE='200',RESPONSE_METHOD='GET',RESPONSE_LENGTH_OKHTTP='-1',RESPONSE_LENGTH_HEADER='-2',REQUEST_PROTOCOL='http/1.1',REQUEST_URL='https://www.newsblur.com/reader/feeds/?update_counts=true',
08-05 02:29:25.957  2110  2135 D MY_TAG  : 1, 534
08-05 02:29:25.984  2110  2135 I baseline.com.newsblur.service.NBSyncService: got feed list: 1 feeds in  conn:535 read:4 parse:3 store:17
08-05 02:29:26.232  2152  2152 D AndroidRuntime: >>>>>> START com.android.internal.os.RuntimeInit uid 2000 <<<<<<
08-05 02:29:26.236  2152  2152 D AndroidRuntime: CheckJNI is OFF
08-05 02:29:26.261  2152  2152 D ICU     : No timezone override file found: /data/misc/zoneinfo/current/icu/icu_tzdata.dat
08-05 02:29:26.287  2152  2152 I Radio-JNI: register_android_hardware_Radio DONE
08-05 02:29:26.303  2152  2152 D AndroidRuntime: Calling main entry com.android.commands.am.Am
08-05 02:29:26.312 24044 24044 I Trepn   : Trepn 6.2s: Received intent: com.quicinc.trepn.start_profiling
08-05 02:29:26.392 24044 24044 W FileUtils: Failed to chmod(/storage/emulated/0/trepn/Trepn_2020.08.05_022926.db): android.system.ErrnoException: chmod failed: EPERM (Operation not permitted)
08-05 02:29:26.430  2110  2154 I NAPPA_EXPERIMENTATION: MetricNetworkRequestExecutionTime: REQUEST_DURATION_SYSTEM='443',REQUEST_DURATION_OKHTTP='37',REQUEST_SYNCHRONOUS='TRUE',RESPONSE_CODE='200',RESPONSE_METHOD='GET',RESPONSE_LENGTH_OKHTTP='-1',RESPONSE_LENGTH_HEADER='-2',REQUEST_PROTOCOL='http/1.1',REQUEST_URL='https://www.newsblur.com/reader/unread_story_hashes?include_timestamps=1',
08-05 02:29:26.430  2110  2154 D MY_TAG  : 0, 443
08-05 02:29:26.451  2110  2154 I baseline.com.newsblur.service.UnreadsService: starting unread count: 0
08-05 02:29:26.452  2110  2154 I baseline.com.newsblur.service.UnreadsService: new unread count:      0
08-05 02:29:26.453  2110  2154 I baseline.com.newsblur.service.UnreadsService: new unreads found:     0
08-05 02:29:26.453  2110  2154 I baseline.com.newsblur.service.UnreadsService: unreads to retire:     0
08-05 02:29:26.472 24044 24044 I Trepn   : Trepn 6.2s: Trepn has Started Profiling.
08-05 02:29:26.473  2152  2152 D AndroidRuntime: Shutting down VM
08-05 02:29:26.940  2110  2123 I art     : Starting a blocking GC Explicit
08-05 02:29:26.966  2110  2123 I art     : Explicit concurrent mark sweep GC freed 33742(2MB) AllocSpace objects, 51(1432KB) LOS objects, 37% free, 26MB/42MB, paused 207us total 25.241ms
08-05 02:29:26.973  2110  2123 I art     : Starting a blocking GC Explicit
08-05 02:29:26.986  2110  2123 I art     : Explicit concurrent mark sweep GC freed 2709(210KB) AllocSpace objects, 0(0B) LOS objects, 38% free, 26MB/42MB, paused 190us total 12.387ms
08-05 02:29:26.992  2110  2123 I art     : Starting a blocking GC Explicit
08-05 02:29:27.004  2110  2123 I art     : Explicit concurrent mark sweep GC freed 7(240B) AllocSpace objects, 0(0B) LOS objects, 38% free, 26MB/42MB, paused 358us total 12.114ms
08-05 02:29:27.010  2110  2123 I art     : Starting a blocking GC Explicit
08-05 02:29:27.022  2110  2123 I art     : Explicit concurrent mark sweep GC freed 3(96B) AllocSpace objects, 0(0B) LOS objects, 38% free, 26MB/42MB, paused 178us total 11.353ms
08-05 02:29:27.028  2110  2123 I art     : Starting a blocking GC Explicit
08-05 02:29:27.040  2110  2123 I art     : Explicit concurrent mark sweep GC freed 3(96B) AllocSpace objects, 0(0B) LOS objects, 38% free, 26MB/42MB, paused 180us total 11.603ms
08-05 02:29:27.310  2110  2122 I art     : Starting a blocking GC Explicit
08-05 02:29:27.327  2110  2122 I art     : Explicit concurrent mark sweep GC freed 1390(80KB) AllocSpace objects, 1(20KB) LOS objects, 38% free, 26MB/42MB, paused 241us total 17.322ms
08-05 02:29:27.338  2110  2122 I art     : Starting a blocking GC Explicit
08-05 02:29:27.353  2110  2122 I art     : Explicit concurrent mark sweep GC freed 20(704B) AllocSpace objects, 0(0B) LOS objects, 38% free, 26MB/42MB, paused 182us total 14.814ms
08-05 02:29:27.363  2110  2122 I art     : Starting a blocking GC Explicit
08-05 02:29:27.377  2110  2122 I art     : Explicit concurrent mark sweep GC freed 3(96B) AllocSpace objects, 0(0B) LOS objects, 38% free, 26MB/42MB, paused 182us total 13.266ms
08-05 02:29:27.383  2110  2122 I art     : Starting a blocking GC Explicit
08-05 02:29:27.395  2110  2122 I art     : Explicit concurrent mark sweep GC freed 3(96B) AllocSpace objects, 0(0B) LOS objects, 38% free, 26MB/42MB, paused 177us total 12.291ms
08-05 02:29:27.402  2110  2122 I art     : Starting a blocking GC Explicit
08-05 02:29:27.414  2110  2122 I art     : Explicit concurrent mark sweep GC freed 3(96B) AllocSpace objects, 0(0B) LOS objects, 38% free, 26MB/42MB, paused 179us total 12.160ms
08-05 02:29:27.705  2110  2123 I art     : Starting a blocking GC Explicit
08-05 02:29:27.721  2110  2123 I art     : Explicit concurrent mark sweep GC freed 1379(80KB) AllocSpace objects, 1(20KB) LOS objects, 38% free, 26MB/42MB, paused 251us total 15.828ms
08-05 02:29:27.732  2110  2123 I art     : Starting a blocking GC Explicit
08-05 02:29:27.744  2110  2123 I art     : Explicit concurrent mark sweep GC freed 20(704B) AllocSpace objects, 0(0B) LOS objects, 38% free, 26MB/42MB, paused 180us total 11.606ms
08-05 02:29:27.750  2110  2123 I art     : Starting a blocking GC Explicit
08-05 02:29:27.762  2110  2123 I art     : Explicit concurrent mark sweep GC freed 3(96B) AllocSpace objects, 0(0B) LOS objects, 38% free, 26MB/42MB, paused 182us total 11.288ms
08-05 02:29:27.768  2110  2123 I art     : Starting a blocking GC Explicit
08-05 02:29:27.780  2110  2123 I art     : Explicit concurrent mark sweep GC freed 3(96B) AllocSpace objects, 0(0B) LOS objects, 38% free, 26MB/42MB, paused 178us total 11.444ms
08-05 02:29:27.786  2110  2123 I art     : Starting a blocking GC Explicit
08-05 02:29:27.797  2110  2123 I art     : Explicit concurrent mark sweep GC freed 3(96B) AllocSpace objects, 0(0B) LOS objects, 38% free, 26MB/42MB, paused 182us total 11.641ms
08-05 02:29:28.100  2110  2122 I art     : Starting a blocking GC Explicit
08-05 02:29:28.119  2110  2122 I art     : Explicit concurrent mark sweep GC freed 1376(79KB) AllocSpace objects, 1(20KB) LOS objects, 38% free, 26MB/42MB, paused 244us total 18.852ms
08-05 02:29:28.130  2110  2122 I art     : Starting a blocking GC Explicit
08-05 02:29:28.142  2110  2122 I art     : Explicit concurrent mark sweep GC freed 20(704B) AllocSpace objects, 0(0B) LOS objects, 38% free, 26MB/42MB, paused 164us total 12.091ms
08-05 02:29:28.149  2110  2122 I art     : Starting a blocking GC Explicit
08-05 02:29:28.161  2110  2122 I art     : Explicit concurrent mark sweep GC freed 3(96B) AllocSpace objects, 0(0B) LOS objects, 38% free, 26MB/42MB, paused 174us total 11.790ms
08-05 02:29:28.167  2110  2122 I art     : Starting a blocking GC Explicit
08-05 02:29:28.179  2110  2122 I art     : Explicit concurrent mark sweep GC freed 3(96B) AllocSpace objects, 0(0B) LOS objects, 38% free, 26MB/42MB, paused 171us total 11.611ms
08-05 02:29:28.185  2110  2122 I art     : Starting a blocking GC Explicit
08-05 02:29:28.196  2110  2122 I art     : Explicit concurrent mark sweep GC freed 3(96B) AllocSpace objects, 0(0B) LOS objects, 38% free, 26MB/42MB, paused 167us total 11.105ms
08-05 02:29:28.510  2110  2123 I art     : Starting a blocking GC Explicit
08-05 02:29:28.528  2110  2123 I art     : Explicit concurrent mark sweep GC freed 1378(80KB) AllocSpace objects, 1(20KB) LOS objects, 38% free, 26MB/42MB, paused 237us total 17.596ms
08-05 02:29:28.538  2110  2123 I art     : Starting a blocking GC Explicit
08-05 02:29:28.553  2110  2123 I art     : Explicit concurrent mark sweep GC freed 20(704B) AllocSpace objects, 0(0B) LOS objects, 38% free, 26MB/42MB, paused 190us total 15.067ms
08-05 02:29:28.565  2110  2123 I art     : Starting a blocking GC Explicit
08-05 02:29:28.577  2110  2123 I art     : Explicit concurrent mark sweep GC freed 3(96B) AllocSpace objects, 0(0B) LOS objects, 38% free, 26MB/42MB, paused 227us total 11.606ms
08-05 02:29:28.583  2110  2123 I art     : Starting a blocking GC Explicit
08-05 02:29:28.595  2110  2123 I art     : Explicit concurrent mark sweep GC freed 3(96B) AllocSpace objects, 0(0B) LOS objects, 38% free, 26MB/42MB, paused 179us total 11.848ms
08-05 02:29:28.601  2110  2123 I art     : Starting a blocking GC Explicit
08-05 02:29:28.613  2110  2123 I art     : Explicit concurrent mark sweep GC freed 3(96B) AllocSpace objects, 0(0B) LOS objects, 38% free, 26MB/42MB, paused 181us total 11.858ms
08-05 02:29:28.902  2110  2122 I art     : Starting a blocking GC Explicit
08-05 02:29:28.921  2110  2122 I art     : Explicit concurrent mark sweep GC freed 1376(79KB) AllocSpace objects, 1(20KB) LOS objects, 38% free, 26MB/42MB, paused 224us total 19.347ms
08-05 02:29:28.932  2110  2122 I art     : Starting a blocking GC Explicit
08-05 02:29:28.945  2110  2122 I art     : Explicit concurrent mark sweep GC freed 20(704B) AllocSpace objects, 0(0B) LOS objects, 38% free, 26MB/42MB, paused 178us total 12.497ms
08-05 02:29:28.951  2110  2122 I art     : Starting a blocking GC Explicit
08-05 02:29:28.964  2110  2122 I art     : Explicit concurrent mark sweep GC freed 3(96B) AllocSpace objects, 0(0B) LOS objects, 38% free, 26MB/42MB, paused 175us total 12.114ms
08-05 02:29:28.970  2110  2122 I art     : Starting a blocking GC Explicit
08-05 02:29:28.982  2110  2122 I art     : Explicit concurrent mark sweep GC freed 3(96B) AllocSpace objects, 0(0B) LOS objects, 38% free, 26MB/42MB, paused 164us total 11.451ms
08-05 02:29:28.988  2110  2122 I art     : Starting a blocking GC Explicit
08-05 02:29:28.999  2110  2122 I art     : Explicit concurrent mark sweep GC freed 3(96B) AllocSpace objects, 0(0B) LOS objects, 38% free, 26MB/42MB, paused 167us total 11.578ms
08-05 02:29:29.315  2110  2123 I art     : Starting a blocking GC Explicit
08-05 02:29:29.333  2110  2123 I art     : Explicit concurrent mark sweep GC freed 1376(79KB) AllocSpace objects, 1(20KB) LOS objects, 38% free, 26MB/42MB, paused 249us total 17.635ms
08-05 02:29:29.343  2110  2123 I art     : Starting a blocking GC Explicit
08-05 02:29:29.359  2110  2123 I art     : Explicit concurrent mark sweep GC freed 20(704B) AllocSpace objects, 0(0B) LOS objects, 38% free, 26MB/42MB, paused 206us total 15.301ms
08-05 02:29:29.369  2110  2123 I art     : Starting a blocking GC Explicit
08-05 02:29:29.381  2110  2123 I art     : Explicit concurrent mark sweep GC freed 3(96B) AllocSpace objects, 0(0B) LOS objects, 38% free, 26MB/42MB, paused 188us total 12.167ms
08-05 02:29:29.388  2110  2123 I art     : Starting a blocking GC Explicit
08-05 02:29:29.400  2110  2123 I art     : Explicit concurrent mark sweep GC freed 3(96B) AllocSpace objects, 0(0B) LOS objects, 38% free, 26MB/42MB, paused 172us total 11.929ms
08-05 02:29:29.406  2110  2123 I art     : Starting a blocking GC Explicit
08-05 02:29:29.418  2110  2123 I art     : Explicit concurrent mark sweep GC freed 3(96B) AllocSpace objects, 0(0B) LOS objects, 38% free, 26MB/42MB, paused 181us total 11.398ms
08-05 02:29:29.718  2110  2122 I art     : Starting a blocking GC Explicit
08-05 02:29:29.732  2110  2122 I art     : Explicit concurrent mark sweep GC freed 1376(79KB) AllocSpace objects, 1(20KB) LOS objects, 38% free, 26MB/42MB, paused 200us total 14.230ms
08-05 02:29:29.739  2110  2122 I art     : Starting a blocking GC Explicit
08-05 02:29:29.752  2110  2122 I art     : Explicit concurrent mark sweep GC freed 20(704B) AllocSpace objects, 0(0B) LOS objects, 38% free, 26MB/42MB, paused 183us total 12.566ms
08-05 02:29:29.758  2110  2122 I art     : Starting a blocking GC Explicit
08-05 02:29:29.770  2110  2122 I art     : Explicit concurrent mark sweep GC freed 3(96B) AllocSpace objects, 0(0B) LOS objects, 38% free, 26MB/42MB, paused 168us total 11.530ms
08-05 02:29:29.776  2110  2122 I art     : Starting a blocking GC Explicit
08-05 02:29:29.788  2110  2122 I art     : Explicit concurrent mark sweep GC freed 3(96B) AllocSpace objects, 0(0B) LOS objects, 38% free, 26MB/42MB, paused 156us total 10.999ms
08-05 02:29:29.793  2110  2122 I art     : Starting a blocking GC Explicit
08-05 02:29:29.805  2110  2122 I art     : Explicit concurrent mark sweep GC freed 3(96B) AllocSpace objects, 0(0B) LOS objects, 38% free, 26MB/42MB, paused 177us total 11.095ms
08-05 02:29:29.839 28959 28959 I ServiceManager: Waiting for service AtCmdFwd...
08-05 02:29:30.112  2110  2123 I art     : Starting a blocking GC Explicit
08-05 02:29:30.132  2110  2123 I art     : Explicit concurrent mark sweep GC freed 1376(79KB) AllocSpace objects, 1(20KB) LOS objects, 38% free, 26MB/42MB, paused 239us total 19.293ms
08-05 02:29:30.142  2110  2123 I art     : Starting a blocking GC Explicit
08-05 02:29:30.155  2110  2123 I art     : Explicit concurrent mark sweep GC freed 20(704B) AllocSpace objects, 0(0B) LOS objects, 38% free, 26MB/42MB, paused 163us total 12.565ms
08-05 02:29:30.162  2110  2123 I art     : Starting a blocking GC Explicit
08-05 02:29:30.173  2110  2123 I art     : Explicit concurrent mark sweep GC freed 3(96B) AllocSpace objects, 0(0B) LOS objects, 38% free, 26MB/42MB, paused 175us total 11.564ms
08-05 02:29:30.179  2110  2123 I art     : Starting a blocking GC Explicit
08-05 02:29:30.191  2110  2123 I art     : Explicit concurrent mark sweep GC freed 3(96B) AllocSpace objects, 0(0B) LOS objects, 38% free, 26MB/42MB, paused 180us total 11.245ms
08-05 02:29:30.197  2110  2123 I art     : Starting a blocking GC Explicit
08-05 02:29:30.208  2110  2123 I art     : Explicit concurrent mark sweep GC freed 3(96B) AllocSpace objects, 0(0B) LOS objects, 38% free, 26MB/42MB, paused 178us total 11.506ms
08-05 02:29:30.349   918   918 I ActivityManager: Start proc 2272:nappatfpr.com.newsblur/u0a682 for service nappatfpr.com.newsblur/.service.NBSyncService
08-05 02:29:30.351  2272  2272 I art     : Late-enabling -Xcheck:jni
08-05 02:29:30.408  2272  2272 W System  : ClassLoader referenced unknown path: /data/app/nappatfpr.com.newsblur-1/lib/arm64
08-05 02:29:30.465   918  3961 I ActivityManager: Killing 18805:com.google.android.apps.gcs/u0a11 (adj 15): empty #17
08-05 02:29:30.500  2110  2123 I art     : Starting a blocking GC Explicit
08-05 02:29:30.515  2110  2123 I art     : Explicit concurrent mark sweep GC freed 4006(411KB) AllocSpace objects, 18(360KB) LOS objects, 38% free, 26MB/42MB, paused 233us total 14.887ms
08-05 02:29:30.522  2110  2123 I art     : Starting a blocking GC Explicit
08-05 02:29:30.534  2110  2123 I art     : Explicit concurrent mark sweep GC freed 230(9KB) AllocSpace objects, 0(0B) LOS objects, 38% free, 26MB/42MB, paused 211us total 11.918ms
08-05 02:29:30.540  2110  2123 I art     : Starting a blocking GC Explicit
08-05 02:29:30.552  2110  2123 I art     : Explicit concurrent mark sweep GC freed 3(96B) AllocSpace objects, 0(0B) LOS objects, 38% free, 26MB/42MB, paused 188us total 11.675ms
08-05 02:29:30.558  2110  2123 I art     : Starting a blocking GC Explicit
08-05 02:29:30.570  2110  2123 I art     : Explicit concurrent mark sweep GC freed 3(96B) AllocSpace objects, 0(0B) LOS objects, 38% free, 26MB/42MB, paused 178us total 11.316ms
08-05 02:29:30.576  2110  2123 I art     : Starting a blocking GC Explicit
08-05 02:29:30.588  2110  2123 I art     : Explicit concurrent mark sweep GC freed 3(96B) AllocSpace objects, 0(0B) LOS objects, 38% free, 26MB/42MB, paused 196us total 11.766ms
08-05 02:29:30.839 28959 28959 I ServiceManager: Waiting for service AtCmdFwd...
08-05 02:29:30.895  2110  2122 I art     : Starting a blocking GC Explicit
08-05 02:29:30.913  2110  2122 I art     : Explicit concurrent mark sweep GC freed 1376(79KB) AllocSpace objects, 1(20KB) LOS objects, 38% free, 26MB/42MB, paused 246us total 17.917ms
08-05 02:29:30.923  2110  2122 I art     : Starting a blocking GC Explicit
08-05 02:29:30.939  2110  2122 I art     : Explicit concurrent mark sweep GC freed 20(704B) AllocSpace objects, 0(0B) LOS objects, 38% free, 26MB/42MB, paused 201us total 15.632ms
08-05 02:29:30.948  2110  2122 I art     : Starting a blocking GC Explicit
08-05 02:29:30.960  2110  2122 I art     : Explicit concurrent mark sweep GC freed 3(96B) AllocSpace objects, 0(0B) LOS objects, 38% free, 26MB/42MB, paused 179us total 12.263ms
08-05 02:29:30.966  2110  2122 I art     : Starting a blocking GC Explicit
08-05 02:29:30.979  2110  2122 I art     : Explicit concurrent mark sweep GC freed 3(96B) AllocSpace objects, 0(0B) LOS objects, 38% free, 26MB/42MB, paused 191us total 11.914ms
08-05 02:29:30.985  2110  2122 I art     : Starting a blocking GC Explicit
08-05 02:29:30.997  2110  2122 I art     : Explicit concurrent mark sweep GC freed 3(96B) AllocSpace objects, 0(0B) LOS objects, 38% free, 26MB/42MB, paused 188us total 11.918ms
08-05 02:29:31.287  2110  2123 I art     : Starting a blocking GC Explicit
08-05 02:29:31.299  2110  2123 I art     : Explicit concurrent mark sweep GC freed 1376(79KB) AllocSpace objects, 1(20KB) LOS objects, 38% free, 26MB/42MB, paused 182us total 11.849ms
08-05 02:29:31.305  2110  2123 I art     : Starting a blocking GC Explicit
08-05 02:29:31.316  2110  2123 I art     : Explicit concurrent mark sweep GC freed 20(704B) AllocSpace objects, 0(0B) LOS objects, 38% free, 26MB/42MB, paused 177us total 10.389ms
08-05 02:29:31.321  2110  2123 I art     : Starting a blocking GC Explicit
08-05 02:29:31.331  2110  2123 I art     : Explicit concurrent mark sweep GC freed 3(96B) AllocSpace objects, 0(0B) LOS objects, 38% free, 26MB/42MB, paused 180us total 9.751ms
08-05 02:29:31.337  2110  2123 I art     : Starting a blocking GC Explicit
08-05 02:29:31.347  2110  2123 I art     : Explicit concurrent mark sweep GC freed 3(96B) AllocSpace objects, 0(0B) LOS objects, 38% free, 26MB/42MB, paused 195us total 9.970ms
08-05 02:29:31.352  2110  2123 I art     : Starting a blocking GC Explicit
08-05 02:29:31.362  2110  2123 I art     : Explicit concurrent mark sweep GC freed 3(96B) AllocSpace objects, 0(0B) LOS objects, 38% free, 26MB/42MB, paused 171us total 10.315ms
08-05 02:29:31.599  2110  2122 I art     : Starting a blocking GC Explicit
08-05 02:29:31.609  2329  2329 D AndroidRuntime: >>>>>> START com.android.internal.os.RuntimeInit uid 2000 <<<<<<
08-05 02:29:31.612  2110  2122 I art     : Explicit concurrent mark sweep GC freed 1376(79KB) AllocSpace objects, 1(20KB) LOS objects, 38% free, 26MB/42MB, paused 208us total 12.817ms
08-05 02:29:31.614  2329  2329 D AndroidRuntime: CheckJNI is OFF
08-05 02:29:31.619  2110  2122 I art     : Starting a blocking GC Explicit
08-05 02:29:31.630  2110  2122 I art     : Explicit concurrent mark sweep GC freed 20(704B) AllocSpace objects, 0(0B) LOS objects, 38% free, 26MB/42MB, paused 178us total 10.433ms
08-05 02:29:31.635  2110  2122 I art     : Starting a blocking GC Explicit
08-05 02:29:31.641  2329  2329 D ICU     : No timezone override file found: /data/misc/zoneinfo/current/icu/icu_tzdata.dat
08-05 02:29:31.646  2110  2122 I art     : Explicit concurrent mark sweep GC freed 3(96B) AllocSpace objects, 0(0B) LOS objects, 38% free, 26MB/42MB, paused 175us total 10.639ms
08-05 02:29:31.652  2110  2122 I art     : Starting a blocking GC Explicit
08-05 02:29:31.663  2110  2122 I art     : Explicit concurrent mark sweep GC freed 3(96B) AllocSpace objects, 0(0B) LOS objects, 38% free, 26MB/42MB, paused 190us total 10.649ms
08-05 02:29:31.666  2329  2329 I Radio-JNI: register_android_hardware_Radio DONE
08-05 02:29:31.668  2110  2122 I art     : Starting a blocking GC Explicit
08-05 02:29:31.679  2110  2122 I art     : Explicit concurrent mark sweep GC freed 3(96B) AllocSpace objects, 0(0B) LOS objects, 38% free, 26MB/42MB, paused 174us total 10.767ms
08-05 02:29:31.682  2329  2329 D AndroidRuntime: Calling main entry com.android.commands.input.Input
08-05 02:29:31.683  2329  2329 I Input   : injectMotionEvent: MotionEvent { action=ACTION_DOWN, actionButton=0, id[0]=0, x[0]=594.0, y[0]=330.0, toolType[0]=TOOL_TYPE_UNKNOWN, buttonState=0, metaState=0, flags=0x0, edgeFlags=0x0, pointerCount=1, historySize=0, eventTime=757788096, downTime=757788096, deviceId=0, source=0x1002 }
08-05 02:29:31.690  2329  2329 I Input   : injectMotionEvent: MotionEvent { action=ACTION_UP, actionButton=0, id[0]=0, x[0]=594.0, y[0]=330.0, toolType[0]=TOOL_TYPE_UNKNOWN, buttonState=0, metaState=0, flags=0x0, edgeFlags=0x0, pointerCount=1, historySize=0, eventTime=757788096, downTime=757788096, deviceId=0, source=0x1002 }
08-05 02:29:31.692  2329  2329 D AndroidRuntime: Shutting down VM
08-05 02:29:31.761   918  4413 I ActivityManager: START u0 {cmp=baseline.com.newsblur/.activity.GlobalSharedStoriesItemsList (has extras)} from uid 10676 on display 0
08-05 02:29:31.785  2110  2352 I baseline.com.newsblur.database.BlurDatabaseHelper: reading session reset
08-05 02:29:31.840 28959 28959 I ServiceManager: Waiting for service AtCmdFwd...
08-05 02:29:31.890  2110  2122 I art     : Starting a blocking GC Explicit
08-05 02:29:31.905  2110  2122 I art     : Explicit concurrent mark sweep GC freed 6597(544KB) AllocSpace objects, 9(304KB) LOS objects, 36% free, 27MB/43MB, paused 767us total 14.821ms
08-05 02:29:31.910  2110  2110 W View    : requestLayout() improperly called by android.widget.FrameLayout{ef74ba4 V.E...... ......ID 0,0-1440,0 #7f07003f app:id/footer_view_inner} during layout: running second layout pass
08-05 02:29:31.911  2110  2110 W View    : requestLayout() improperly called by android.widget.FrameLayout{d2f5d0d V.E...... ......ID 0,0-1440,2091 #7f07003f app:id/footer_view_inner} during layout: running second layout pass
08-05 02:29:31.912  2110  2122 I art     : Starting a blocking GC Explicit
08-05 02:29:31.926  2110  2122 I art     : Explicit concurrent mark sweep GC freed 556(34KB) AllocSpace objects, 0(0B) LOS objects, 36% free, 27MB/43MB, paused 211us total 13.816ms
08-05 02:29:31.933   918   936 I ActivityManager: Displayed baseline.com.newsblur/.activity.GlobalSharedStoriesItemsList: +162ms
08-05 02:29:31.933  2110  2122 I art     : Starting a blocking GC Explicit
08-05 02:29:31.933 13866 13866 I GoogleInputMethodServic: GoogleInputMethodService.onFinishInput():3138 
08-05 02:29:31.934 13866 13866 I GoogleInputMethodServic: GoogleInputMethodService.onStartInput():1808 
08-05 02:29:31.946  2110  2122 I art     : Explicit concurrent mark sweep GC freed 1377(113KB) AllocSpace objects, 4(80KB) LOS objects, 36% free, 27MB/43MB, paused 250us total 12.570ms
08-05 02:29:31.955  2110  2122 I art     : Starting a blocking GC Explicit
08-05 02:29:31.967  2110  2122 I art     : Explicit concurrent mark sweep GC freed 391(35KB) AllocSpace objects, 1(20KB) LOS objects, 36% free, 27MB/43MB, paused 266us total 12.036ms
08-05 02:29:31.973  2110  2122 I art     : Starting a blocking GC Explicit
08-05 02:29:31.985  2110  2122 I art     : Explicit concurrent mark sweep GC freed 70(2608B) AllocSpace objects, 0(0B) LOS objects, 36% free, 27MB/43MB, paused 236us total 11.784ms
08-05 02:29:32.205  2110  2366 I art     : Starting a blocking GC Explicit
08-05 02:29:32.219  2110  2366 I art     : Explicit concurrent mark sweep GC freed 1769(113KB) AllocSpace objects, 2(40KB) LOS objects, 36% free, 27MB/43MB, paused 262us total 13.453ms
08-05 02:29:32.224  2110  2366 I art     : Starting a blocking GC Explicit
08-05 02:29:32.236  2110  2366 I art     : Explicit concurrent mark sweep GC freed 54(1888B) AllocSpace objects, 0(0B) LOS objects, 36% free, 27MB/43MB, paused 241us total 11.429ms
08-05 02:29:32.242  2110  2366 I art     : Starting a blocking GC Explicit
08-05 02:29:32.254  2110  2366 I art     : Explicit concurrent mark sweep GC freed 4(128B) AllocSpace objects, 0(0B) LOS objects, 36% free, 27MB/43MB, paused 249us total 11.441ms
08-05 02:29:32.259  2110  2366 I art     : Starting a blocking GC Explicit
08-05 02:29:32.271  2110  2366 I art     : Explicit concurrent mark sweep GC freed 4(128B) AllocSpace objects, 0(0B) LOS objects, 36% free, 27MB/43MB, paused 238us total 11.825ms
08-05 02:29:32.277  2110  2366 I art     : Starting a blocking GC Explicit
08-05 02:29:32.289  2110  2366 I art     : Explicit concurrent mark sweep GC freed 4(128B) AllocSpace objects, 0(0B) LOS objects, 36% free, 27MB/43MB, paused 237us total 12.170ms
08-05 02:29:32.510  2110  2367 I NAPPA_EXPERIMENTATION: MetricNetworkRequestExecutionTime: REQUEST_DURATION_SYSTEM='559',REQUEST_DURATION_OKHTTP='47',REQUEST_SYNCHRONOUS='TRUE',RESPONSE_CODE='200',RESPONSE_METHOD='GET',RESPONSE_LENGTH_OKHTTP='-1',RESPONSE_LENGTH_HEADER='13047',REQUEST_PROTOCOL='http/1.1',REQUEST_URL='https://www.newsblur.com/social/river_stories?order=newest&page=1&read_filter=all&global_feed=true',
08-05 02:29:32.510  2110  2367 D MY_TAG  : 0, 559
08-05 02:29:32.569  2110  2366 I art     : Starting a blocking GC Explicit
08-05 02:29:32.590  2110  2366 I art     : Explicit concurrent mark sweep GC freed 21562(1378KB) AllocSpace objects, 18(628KB) LOS objects, 36% free, 28MB/44MB, paused 471us total 21.318ms
08-05 02:29:32.596  2110  2366 I art     : Starting a blocking GC Explicit
08-05 02:29:32.612  2110  2366 I art     : Explicit concurrent mark sweep GC freed 13385(829KB) AllocSpace objects, 5(100KB) LOS objects, 36% free, 27MB/43MB, paused 272us total 15.250ms
08-05 02:29:32.618  2110  2366 I art     : Starting a blocking GC Explicit
08-05 02:29:32.632  2110  2366 I art     : Explicit concurrent mark sweep GC freed 1470(155KB) AllocSpace objects, 7(228KB) LOS objects, 36% free, 27MB/43MB, paused 354us total 13.857ms
08-05 02:29:32.639  2110  2366 I art     : Starting a blocking GC Explicit
08-05 02:29:32.652  2110  2366 I art     : Explicit concurrent mark sweep GC freed 1247(225KB) AllocSpace objects, 11(220KB) LOS objects, 36% free, 27MB/43MB, paused 327us total 12.678ms
08-05 02:29:32.658  2110  2366 I art     : Starting a blocking GC Explicit
08-05 02:29:32.672  2110  2366 I art     : Explicit concurrent mark sweep GC freed 831(53KB) AllocSpace objects, 2(40KB) LOS objects, 36% free, 27MB/43MB, paused 492us total 13.375ms
08-05 02:29:32.764  2110  2398 I NAPPA_EXPERIMENTATION: MetricNetworkRequestExecutionTime: REQUEST_DURATION_SYSTEM='54',REQUEST_DURATION_OKHTTP='48',REQUEST_SYNCHRONOUS='TRUE',RESPONSE_CODE='200',RESPONSE_METHOD='GET',RESPONSE_LENGTH_OKHTTP='43',RESPONSE_LENGTH_HEADER='43',REQUEST_PROTOCOL='http/1.1',REQUEST_URL='http://feeds.feedburner.com/~r/retort/~4/UffaFMiJbNs',
08-05 02:29:32.841 28959 28959 I ServiceManager: Waiting for service AtCmdFwd...
08-05 02:29:32.941  2110  2123 I art     : Starting a blocking GC Explicit
08-05 02:29:32.962  2110  2123 I art     : Explicit concurrent mark sweep GC freed 10177(542KB) AllocSpace objects, 9(320KB) LOS objects, 36% free, 28MB/44MB, paused 687us total 21.377ms
08-05 02:29:32.970  2110  2123 I art     : Starting a blocking GC Explicit
08-05 02:29:32.986  2110  2123 I art     : Explicit concurrent mark sweep GC freed 4495(317KB) AllocSpace objects, 0(0B) LOS objects, 36% free, 28MB/44MB, paused 463us total 15.892ms
08-05 02:29:32.993  2110  2123 I art     : Starting a blocking GC Explicit
08-05 02:29:33.010  2110  2123 I art     : Explicit concurrent mark sweep GC freed 76(2608B) AllocSpace objects, 0(0B) LOS objects, 36% free, 28MB/44MB, paused 461us total 16.171ms
08-05 02:29:33.017  2110  2123 I art     : Starting a blocking GC Explicit
08-05 02:29:33.032  2110  2123 I art     : Explicit concurrent mark sweep GC freed 153(6KB) AllocSpace objects, 0(0B) LOS objects, 36% free, 28MB/44MB, paused 442us total 14.642ms
08-05 02:29:33.038  2110  2123 I art     : Starting a blocking GC Explicit
08-05 02:29:33.052  2110  2123 I art     : Explicit concurrent mark sweep GC freed 97(5KB) AllocSpace objects, 0(0B) LOS objects, 36% free, 28MB/44MB, paused 440us total 14.317ms
08-05 02:29:33.062  2110  2400 I NAPPA_EXPERIMENTATION: MetricNetworkRequestExecutionTime: REQUEST_DURATION_SYSTEM='341',REQUEST_DURATION_OKHTTP='160',REQUEST_SYNCHRONOUS='TRUE',RESPONSE_CODE='200',RESPONSE_METHOD='GET',RESPONSE_LENGTH_OKHTTP='79351',RESPONSE_LENGTH_HEADER='79351',REQUEST_PROTOCOL='h2',REQUEST_URL='https://images.fastcompany.net/image/upload/w_1280,q_auto,f_auto,fl_lossy/wp-cms/uploads/2020/07/p-1-90532920-this-chart-shows-how-effective-masks-can-be.png',
08-05 02:29:33.222  2110  2399 I NAPPA_EXPERIMENTATION: MetricNetworkRequestExecutionTime: REQUEST_DURATION_SYSTEM='530',REQUEST_DURATION_OKHTTP='116',REQUEST_SYNCHRONOUS='TRUE',RESPONSE_CODE='200',RESPONSE_METHOD='GET',RESPONSE_LENGTH_OKHTTP='243',RESPONSE_LENGTH_HEADER='243',REQUEST_PROTOCOL='http/1.1',REQUEST_URL='https://s3.amazonaws.com/icons.newsblur.com/18178.png',
08-05 02:29:33.238  2110  2397 I NAPPA_EXPERIMENTATION: MetricNetworkRequestExecutionTime: REQUEST_DURATION_SYSTEM='555',REQUEST_DURATION_OKHTTP='130',REQUEST_SYNCHRONOUS='TRUE',RESPONSE_CODE='200',RESPONSE_METHOD='GET',RESPONSE_LENGTH_OKHTTP='145',RESPONSE_LENGTH_HEADER='145',REQUEST_PROTOCOL='http/1.1',REQUEST_URL='https://s3.amazonaws.com/icons.newsblur.com/6882243.png',
08-05 02:29:33.261  2110  2401 I NAPPA_EXPERIMENTATION: MetricNetworkRequestExecutionTime: REQUEST_DURATION_SYSTEM='561',REQUEST_DURATION_OKHTTP='155',REQUEST_SYNCHRONOUS='TRUE',RESPONSE_CODE='200',RESPONSE_METHOD='GET',RESPONSE_LENGTH_OKHTTP='477',RESPONSE_LENGTH_HEADER='477',REQUEST_PROTOCOL='http/1.1',REQUEST_URL='https://s3.amazonaws.com/icons.newsblur.com/5762506.png',
08-05 02:29:33.301  2110  2123 I art     : Starting a blocking GC Explicit
08-05 02:29:33.323  2110  2123 I art     : Explicit concurrent mark sweep GC freed 12897(677KB) AllocSpace objects, 13(3MB) LOS objects, 34% free, 30MB/46MB, paused 504us total 21.821ms
08-05 02:29:33.330  2110  2123 I art     : Starting a blocking GC Explicit
08-05 02:29:33.347  2110  2123 I art     : Explicit concurrent mark sweep GC freed 385(13KB) AllocSpace objects, 1(20KB) LOS objects, 34% free, 30MB/46MB, paused 331us total 16.831ms
08-05 02:29:33.354  2110  2123 I art     : Starting a blocking GC Explicit
08-05 02:29:33.368  2110  2123 I art     : Explicit concurrent mark sweep GC freed 6(192B) AllocSpace objects, 0(0B) LOS objects, 34% free, 30MB/46MB, paused 315us total 14.344ms
08-05 02:29:33.375  2110  2123 I art     : Starting a blocking GC Explicit
08-05 02:29:33.390  2110  2123 I art     : Explicit concurrent mark sweep GC freed 3(96B) AllocSpace objects, 0(0B) LOS objects, 34% free, 30MB/46MB, paused 346us total 14.888ms
08-05 02:29:33.396  2110  2123 I art     : Starting a blocking GC Explicit
08-05 02:29:33.411  2110  2123 I art     : Explicit concurrent mark sweep GC freed 3(96B) AllocSpace objects, 0(0B) LOS objects, 34% free, 30MB/46MB, paused 405us total 15.070ms
08-05 02:29:33.690  2110  2122 I art     : Starting a blocking GC Explicit
08-05 02:29:33.707  2110  2122 I art     : Explicit concurrent mark sweep GC freed 1387(82KB) AllocSpace objects, 1(20KB) LOS objects, 34% free, 30MB/46MB, paused 377us total 17.167ms
08-05 02:29:33.714  2110  2122 I art     : Starting a blocking GC Explicit
08-05 02:29:33.730  2110  2122 I art     : Explicit concurrent mark sweep GC freed 20(720B) AllocSpace objects, 0(0B) LOS objects, 34% free, 30MB/46MB, paused 344us total 15.477ms
08-05 02:29:33.737  2110  2122 I art     : Starting a blocking GC Explicit
08-05 02:29:33.751  2110  2122 I art     : Explicit concurrent mark sweep GC freed 3(96B) AllocSpace objects, 0(0B) LOS objects, 34% free, 30MB/46MB, paused 332us total 14.724ms
08-05 02:29:33.758  2110  2122 I art     : Starting a blocking GC Explicit
08-05 02:29:33.773  2110  2122 I art     : Explicit concurrent mark sweep GC freed 3(96B) AllocSpace objects, 0(0B) LOS objects, 34% free, 30MB/46MB, paused 329us total 14.995ms
08-05 02:29:33.780  2110  2122 I art     : Starting a blocking GC Explicit
08-05 02:29:33.795  2110  2122 I art     : Explicit concurrent mark sweep GC freed 3(96B) AllocSpace objects, 0(0B) LOS objects, 34% free, 30MB/46MB, paused 340us total 15.315ms
08-05 02:29:33.842 28959 28959 I ServiceManager: Waiting for service AtCmdFwd...
08-05 02:29:34.100  2110  2366 I art     : Starting a blocking GC Explicit
08-05 02:29:34.120  2110  2366 I art     : Explicit concurrent mark sweep GC freed 1387(80KB) AllocSpace objects, 1(20KB) LOS objects, 34% free, 30MB/46MB, paused 370us total 18.757ms
08-05 02:29:34.130  2110  2366 I art     : Starting a blocking GC Explicit
08-05 02:29:34.145  2110  2366 I art     : Explicit concurrent mark sweep GC freed 20(704B) AllocSpace objects, 0(0B) LOS objects, 34% free, 30MB/46MB, paused 329us total 14.908ms
08-05 02:29:34.151  2110  2366 I art     : Starting a blocking GC Explicit
08-05 02:29:34.166  2110  2366 I art     : Explicit concurrent mark sweep GC freed 3(96B) AllocSpace objects, 0(0B) LOS objects, 34% free, 30MB/46MB, paused 334us total 14.675ms
08-05 02:29:34.173  2110  2366 I art     : Starting a blocking GC Explicit
08-05 02:29:34.188  2110  2366 I art     : Explicit concurrent mark sweep GC freed 3(96B) AllocSpace objects, 0(0B) LOS objects, 34% free, 30MB/46MB, paused 343us total 14.838ms
08-05 02:29:34.194  2110  2366 I art     : Starting a blocking GC Explicit
08-05 02:29:34.209  2110  2366 I art     : Explicit concurrent mark sweep GC freed 3(96B) AllocSpace objects, 0(0B) LOS objects, 34% free, 30MB/46MB, paused 331us total 14.947ms
08-05 02:29:34.511  2110  2123 I art     : Starting a blocking GC Explicit
08-05 02:29:34.529  2110  2123 I art     : Explicit concurrent mark sweep GC freed 1386(80KB) AllocSpace objects, 1(20KB) LOS objects, 34% free, 30MB/46MB, paused 399us total 17.851ms
08-05 02:29:34.536  2110  2123 I art     : Starting a blocking GC Explicit
08-05 02:29:34.551  2110  2123 I art     : Explicit concurrent mark sweep GC freed 20(704B) AllocSpace objects, 0(0B) LOS objects, 34% free, 30MB/46MB, paused 350us total 15.252ms
08-05 02:29:34.558  2110  2123 I art     : Starting a blocking GC Explicit
08-05 02:29:34.573  2110  2123 I art     : Explicit concurrent mark sweep GC freed 3(96B) AllocSpace objects, 0(0B) LOS objects, 34% free, 30MB/46MB, paused 340us total 15.319ms
08-05 02:29:34.580  2110  2123 I art     : Starting a blocking GC Explicit
08-05 02:29:34.595  2110  2123 I art     : Explicit concurrent mark sweep GC freed 3(96B) AllocSpace objects, 0(0B) LOS objects, 34% free, 30MB/46MB, paused 320us total 14.641ms
08-05 02:29:34.602  2110  2123 I art     : Starting a blocking GC Explicit
08-05 02:29:34.617  2110  2123 I art     : Explicit concurrent mark sweep GC freed 3(96B) AllocSpace objects, 0(0B) LOS objects, 34% free, 30MB/46MB, paused 376us total 15.232ms
08-05 02:29:34.842 28959 28959 W Atfwd_Sendcmd: AtCmdFwd service not published, waiting... retryCnt : 2
08-05 02:29:34.916  2110  2122 I art     : Starting a blocking GC Explicit
08-05 02:29:34.934  2110  2122 I art     : Explicit concurrent mark sweep GC freed 1386(80KB) AllocSpace objects, 1(20KB) LOS objects, 34% free, 30MB/46MB, paused 360us total 18.012ms
08-05 02:29:34.943  2110  2122 I art     : Starting a blocking GC Explicit
08-05 02:29:34.959  2110  2122 I art     : Explicit concurrent mark sweep GC freed 20(704B) AllocSpace objects, 0(0B) LOS objects, 34% free, 30MB/46MB, paused 345us total 15.716ms
08-05 02:29:34.966  2110  2122 I art     : Starting a blocking GC Explicit
08-05 02:29:34.981  2110  2122 I art     : Explicit concurrent mark sweep GC freed 3(96B) AllocSpace objects, 0(0B) LOS objects, 34% free, 30MB/46MB, paused 332us total 14.942ms
08-05 02:29:34.988  2110  2122 I art     : Starting a blocking GC Explicit
08-05 02:29:35.003  2110  2122 I art     : Explicit concurrent mark sweep GC freed 3(96B) AllocSpace objects, 0(0B) LOS objects, 34% free, 30MB/46MB, paused 331us total 15.192ms
08-05 02:29:35.010  2110  2122 I art     : Starting a blocking GC Explicit
08-05 02:29:35.025  2110  2122 I art     : Explicit concurrent mark sweep GC freed 3(96B) AllocSpace objects, 0(0B) LOS objects, 34% free, 30MB/46MB, paused 325us total 15.023ms
08-05 02:29:35.337  2110  2366 I art     : Starting a blocking GC Explicit
08-05 02:29:35.356  2110  2366 I art     : Explicit concurrent mark sweep GC freed 1387(80KB) AllocSpace objects, 1(20KB) LOS objects, 34% free, 30MB/46MB, paused 354us total 19.263ms
08-05 02:29:35.365  2110  2366 I art     : Starting a blocking GC Explicit
08-05 02:29:35.380  2110  2366 I art     : Explicit concurrent mark sweep GC freed 20(704B) AllocSpace objects, 0(0B) LOS objects, 34% free, 30MB/46MB, paused 327us total 15.071ms
08-05 02:29:35.387  2110  2366 I art     : Starting a blocking GC Explicit
08-05 02:29:35.402  2110  2366 I art     : Explicit concurrent mark sweep GC freed 3(96B) AllocSpace objects, 0(0B) LOS objects, 34% free, 30MB/46MB, paused 307us total 14.582ms
08-05 02:29:35.408  2110  2366 I art     : Starting a blocking GC Explicit
08-05 02:29:35.422  2110  2366 I art     : Explicit concurrent mark sweep GC freed 3(96B) AllocSpace objects, 0(0B) LOS objects, 34% free, 30MB/46MB, paused 310us total 13.844ms
08-05 02:29:35.428  2110  2366 I art     : Starting a blocking GC Explicit
08-05 02:29:35.443  2110  2366 I art     : Explicit concurrent mark sweep GC freed 3(96B) AllocSpace objects, 0(0B) LOS objects, 34% free, 30MB/46MB, paused 324us total 14.615ms
08-05 02:29:35.758  2110  2123 I art     : Starting a blocking GC Explicit
08-05 02:29:35.776  2110  2123 I art     : Explicit concurrent mark sweep GC freed 1386(80KB) AllocSpace objects, 1(20KB) LOS objects, 34% free, 30MB/46MB, paused 365us total 18.400ms
08-05 02:29:35.783  2110  2123 I art     : Starting a blocking GC Explicit
08-05 02:29:35.799  2110  2123 I art     : Explicit concurrent mark sweep GC freed 20(704B) AllocSpace objects, 0(0B) LOS objects, 34% free, 30MB/46MB, paused 639us total 15.856ms
08-05 02:29:35.806  2110  2123 I art     : Starting a blocking GC Explicit
08-05 02:29:35.821  2110  2123 I art     : Explicit concurrent mark sweep GC freed 3(96B) AllocSpace objects, 0(0B) LOS objects, 34% free, 30MB/46MB, paused 339us total 14.991ms
08-05 02:29:35.827  2110  2123 I art     : Starting a blocking GC Explicit
08-05 02:29:35.843  2110  2123 I art     : Explicit concurrent mark sweep GC freed 3(96B) AllocSpace objects, 0(0B) LOS objects, 34% free, 30MB/46MB, paused 345us total 15.212ms
08-05 02:29:35.849  2110  2123 I art     : Starting a blocking GC Explicit
08-05 02:29:35.865  2110  2123 I art     : Explicit concurrent mark sweep GC freed 3(96B) AllocSpace objects, 0(0B) LOS objects, 34% free, 30MB/46MB, paused 336us total 15.213ms
08-05 02:29:36.166  2110  2122 I art     : Starting a blocking GC Explicit
08-05 02:29:36.184  2110  2122 I art     : Explicit concurrent mark sweep GC freed 1386(80KB) AllocSpace objects, 1(20KB) LOS objects, 34% free, 30MB/46MB, paused 349us total 17.957ms
08-05 02:29:36.194  2110  2122 I art     : Starting a blocking GC Explicit
08-05 02:29:36.209  2110  2122 I art     : Explicit concurrent mark sweep GC freed 20(704B) AllocSpace objects, 0(0B) LOS objects, 34% free, 30MB/46MB, paused 331us total 14.987ms
08-05 02:29:36.216  2110  2122 I art     : Starting a blocking GC Explicit
08-05 02:29:36.231  2110  2122 I art     : Explicit concurrent mark sweep GC freed 3(96B) AllocSpace objects, 0(0B) LOS objects, 34% free, 30MB/46MB, paused 403us total 14.999ms
08-05 02:29:36.237  2110  2122 I art     : Starting a blocking GC Explicit
08-05 02:29:36.252  2110  2122 I art     : Explicit concurrent mark sweep GC freed 3(96B) AllocSpace objects, 0(0B) LOS objects, 34% free, 30MB/46MB, paused 331us total 14.845ms
08-05 02:29:36.258  2110  2122 I art     : Starting a blocking GC Explicit
08-05 02:29:36.273  2110  2122 I art     : Explicit concurrent mark sweep GC freed 3(96B) AllocSpace objects, 0(0B) LOS objects, 34% free, 30MB/46MB, paused 323us total 14.597ms
08-05 02:29:36.577  2110  2366 I art     : Starting a blocking GC Explicit
08-05 02:29:36.595  2110  2366 I art     : Explicit concurrent mark sweep GC freed 1386(80KB) AllocSpace objects, 1(20KB) LOS objects, 34% free, 30MB/46MB, paused 355us total 18.348ms
08-05 02:29:36.605  2110  2366 I art     : Starting a blocking GC Explicit
08-05 02:29:36.620  2110  2366 I art     : Explicit concurrent mark sweep GC freed 20(704B) AllocSpace objects, 0(0B) LOS objects, 34% free, 30MB/46MB, paused 335us total 15.347ms
08-05 02:29:36.627  2110  2366 I art     : Starting a blocking GC Explicit
08-05 02:29:36.642  2110  2366 I art     : Explicit concurrent mark sweep GC freed 3(96B) AllocSpace objects, 0(0B) LOS objects, 34% free, 30MB/46MB, paused 328us total 15.295ms
08-05 02:29:36.649  2110  2366 I art     : Starting a blocking GC Explicit
08-05 02:29:36.664  2110  2366 I art     : Explicit concurrent mark sweep GC freed 3(96B) AllocSpace objects, 0(0B) LOS objects, 34% free, 30MB/46MB, paused 363us total 15.206ms
08-05 02:29:36.671  2110  2366 I art     : Starting a blocking GC Explicit
08-05 02:29:36.686  2110  2366 I art     : Explicit concurrent mark sweep GC freed 3(96B) AllocSpace objects, 0(0B) LOS objects, 34% free, 30MB/46MB, paused 330us total 15.039ms
08-05 02:29:36.987  2110  2123 I art     : Starting a blocking GC Explicit
08-05 02:29:37.006  2110  2123 I art     : Explicit concurrent mark sweep GC freed 1386(80KB) AllocSpace objects, 1(20KB) LOS objects, 34% free, 30MB/46MB, paused 375us total 18.156ms
08-05 02:29:37.016  2110  2123 I art     : Starting a blocking GC Explicit
08-05 02:29:37.031  2110  2123 I art     : Explicit concurrent mark sweep GC freed 20(704B) AllocSpace objects, 0(0B) LOS objects, 34% free, 30MB/46MB, paused 316us total 14.746ms
08-05 02:29:37.037  2110  2123 I art     : Starting a blocking GC Explicit
08-05 02:29:37.052  2110  2123 I art     : Explicit concurrent mark sweep GC freed 3(96B) AllocSpace objects, 0(0B) LOS objects, 34% free, 30MB/46MB, paused 332us total 14.778ms
08-05 02:29:37.058  2110  2123 I art     : Starting a blocking GC Explicit
08-05 02:29:37.073  2110  2123 I art     : Explicit concurrent mark sweep GC freed 3(96B) AllocSpace objects, 0(0B) LOS objects, 34% free, 30MB/46MB, paused 339us total 14.701ms
08-05 02:29:37.079  2110  2123 I art     : Starting a blocking GC Explicit
08-05 02:29:37.094  2110  2123 I art     : Explicit concurrent mark sweep GC freed 3(96B) AllocSpace objects, 0(0B) LOS objects, 34% free, 30MB/46MB, paused 334us total 14.761ms
08-05 02:29:37.392  2110  2122 I art     : Starting a blocking GC Explicit
08-05 02:29:37.411  2110  2122 I art     : Explicit concurrent mark sweep GC freed 1386(80KB) AllocSpace objects, 1(20KB) LOS objects, 34% free, 30MB/46MB, paused 366us total 19.575ms
08-05 02:29:37.420  2110  2122 I art     : Starting a blocking GC Explicit
08-05 02:29:37.435  2110  2122 I art     : Explicit concurrent mark sweep GC freed 20(704B) AllocSpace objects, 0(0B) LOS objects, 34% free, 30MB/46MB, paused 311us total 14.819ms
08-05 02:29:37.442  2110  2122 I art     : Starting a blocking GC Explicit
08-05 02:29:37.456  2110  2122 I art     : Explicit concurrent mark sweep GC freed 3(96B) AllocSpace objects, 0(0B) LOS objects, 34% free, 30MB/46MB, paused 329us total 14.495ms
08-05 02:29:37.463  2110  2122 I art     : Starting a blocking GC Explicit
08-05 02:29:37.478  2110  2122 I art     : Explicit concurrent mark sweep GC freed 3(96B) AllocSpace objects, 0(0B) LOS objects, 34% free, 30MB/46MB, paused 333us total 14.968ms
08-05 02:29:37.484  2110  2122 I art     : Starting a blocking GC Explicit
08-05 02:29:37.499  2110  2122 I art     : Explicit concurrent mark sweep GC freed 3(96B) AllocSpace objects, 0(0B) LOS objects, 34% free, 30MB/46MB, paused 332us total 14.890ms
08-05 02:29:37.799  2110  2366 I art     : Starting a blocking GC Explicit
08-05 02:29:37.817  2110  2366 I art     : Explicit concurrent mark sweep GC freed 1386(80KB) AllocSpace objects, 1(20KB) LOS objects, 34% free, 30MB/46MB, paused 483us total 18.171ms
08-05 02:29:37.826  2110  2366 I art     : Starting a blocking GC Explicit
08-05 02:29:37.841  2110  2366 I art     : Explicit concurrent mark sweep GC freed 20(704B) AllocSpace objects, 0(0B) LOS objects, 34% free, 30MB/46MB, paused 328us total 15.287ms
08-05 02:29:37.848  2110  2366 I art     : Starting a blocking GC Explicit
08-05 02:29:37.863  2110  2366 I art     : Explicit concurrent mark sweep GC freed 3(96B) AllocSpace objects, 0(0B) LOS objects, 34% free, 30MB/46MB, paused 333us total 15.199ms
08-05 02:29:37.870  2110  2366 I art     : Starting a blocking GC Explicit
08-05 02:29:37.885  2110  2366 I art     : Explicit concurrent mark sweep GC freed 3(96B) AllocSpace objects, 0(0B) LOS objects, 34% free, 30MB/46MB, paused 338us total 15.201ms
08-05 02:29:37.891  2110  2366 I art     : Starting a blocking GC Explicit
08-05 02:29:37.907  2110  2366 I art     : Explicit concurrent mark sweep GC freed 3(96B) AllocSpace objects, 0(0B) LOS objects, 34% free, 30MB/46MB, paused 477us total 15.223ms
08-05 02:29:38.198  2110  2366 I art     : Starting a blocking GC Explicit
08-05 02:29:38.214  2110  2366 I art     : Explicit concurrent mark sweep GC freed 1386(80KB) AllocSpace objects, 1(20KB) LOS objects, 34% free, 30MB/46MB, paused 334us total 15.362ms
08-05 02:29:38.220  2110  2366 I art     : Starting a blocking GC Explicit
08-05 02:29:38.235  2110  2366 I art     : Explicit concurrent mark sweep GC freed 360(12KB) AllocSpace objects, 0(0B) LOS objects, 34% free, 30MB/46MB, paused 321us total 14.743ms
08-05 02:29:38.241  2110  2366 I art     : Starting a blocking GC Explicit
08-05 02:29:38.256  2110  2366 I art     : Explicit concurrent mark sweep GC freed 3(96B) AllocSpace objects, 0(0B) LOS objects, 34% free, 30MB/46MB, paused 326us total 14.237ms
