--------- beginning of main
08-05 19:56:12.969  2185  2185 D AndroidRuntime: >>>>>> START com.android.internal.os.RuntimeInit uid 2000 <<<<<<
08-05 19:56:12.976  2185  2185 D AndroidRuntime: CheckJNI is OFF
08-05 19:56:13.008  2185  2185 D ICU     : No timezone override file found: /data/misc/zoneinfo/current/icu/icu_tzdata.dat
08-05 19:56:13.043  2185  2185 I Radio-JNI: register_android_hardware_Radio DONE
08-05 19:56:13.061  2185  2185 D AndroidRuntime: Calling main entry com.android.commands.monkey.Monkey
--------- beginning of system
08-05 19:56:13.079   918   931 W BroadcastQueue: Skipping deliver [background] BroadcastRecord{be8bac8 u-1 android.net.conn.CONNECTIVITY_CHANGE} to ReceiverList{93d0286 2185 (unknown name)/2000/u-1 remote:58e54ba}: process crashing
08-05 19:56:13.090   918   928 I ActivityManager: START u0 {act=android.intent.action.MAIN cat=[android.intent.category.LAUNCHER] flg=0x10200000 cmp=baseline.com.newsblur/.activity.InitActivity} from uid 2000 on display 0
08-05 19:56:13.134  2185  2185 I art     : System.exit called, status: 0
08-05 19:56:13.134  2185  2185 I AndroidRuntime: VM exiting with result code 0.
08-05 19:56:13.199 16458 11127 I PBSessionCacheImpl: Deleted sessionId[72384646105454640] from persistence.
08-05 19:56:13.203 29070 29070 I baseline.com.newsblur.activity.InitActivity: cold launching version 9.0b1
08-05 19:56:13.208 16458 16488 W SearchServiceCore: Abort, client detached.
08-05 19:56:13.209 16458 16488 I MicroDetectionState: Should stop hotword detection immediately - true
08-05 19:56:13.215 29070  2196 D OpenGLRenderer: Use EGL_SWAP_BEHAVIOR_PRESERVED: true
08-05 19:56:13.253   918  4400 I ActivityManager: START u0 {cmp=baseline.com.newsblur/.activity.Main} from uid 10676 on display 0
08-05 19:56:13.265 29070  2196 I Adreno  : QUALCOMM build                   : fcf4852, I1af360237c
08-05 19:56:13.265 29070  2196 I Adreno  : Build Date                       : 09/23/15
08-05 19:56:13.265 29070  2196 I Adreno  : OpenGL ES Shader Compiler Version: XE031.05.13.02
08-05 19:56:13.265 29070  2196 I Adreno  : Local Branch                     : mybranch14465806
08-05 19:56:13.265 29070  2196 I Adreno  : Remote Branch                    : quic/LA.BF64.1.2.9_v2
08-05 19:56:13.265 29070  2196 I Adreno  : Remote Branch                    : NONE
08-05 19:56:13.265 29070  2196 I Adreno  : Reconstruct Branch               : NOTHING
08-05 19:56:13.271 29070  2196 I OpenGLRenderer: Initialized EGL, version 1.4
08-05 19:56:13.297   918  6111 W InputMethodManagerService: Focus gain on non-focused client com.android.internal.view.IInputMethodClient$Stub$Proxy@9dd6309 (uid=10676 pid=29070)
08-05 19:56:13.466 29070 29070 I art     : Rejecting re-init on previously-failed class java.lang.Class<androidx.core.view.ViewCompat$OnUnhandledKeyEventListenerWrapper>
08-05 19:56:13.466 29070 29070 I art     : Rejecting re-init on previously-failed class java.lang.Class<androidx.core.view.ViewCompat$OnUnhandledKeyEventListenerWrapper>
08-05 19:56:13.499 29070 29070 E BitmapFactory: Unable to decode stream: java.io.FileNotFoundException: /data/user/0/baseline.com.newsblur/cache/userProfilePicture: open failed: ENOENT (No such file or directory)
08-05 19:56:13.639 29070  2205 I baseline.com.newsblur.service.NBSyncService: ready to sync feed list
08-05 19:56:13.689 13866 13866 I GoogleInputMethodServic: GoogleInputMethodService.onFinishInput():3138 
08-05 19:56:13.690 13866 13866 I GoogleInputMethodServic: GoogleInputMethodService.onStartInput():1808 
08-05 19:56:13.811   918   936 I ActivityManager: Displayed baseline.com.newsblur/.activity.Main: +513ms (total +713ms)
08-05 19:56:14.246 29070  2205 I NAPPA_EXPERIMENTATION: MetricNetworkRequestExecutionTime: REQUEST_DURATION_SYSTEM='603',REQUEST_DURATION_OKHTTP='43',REQUEST_SYNCHRONOUS='TRUE',RESPONSE_CODE='200',RESPONSE_METHOD='GET',RESPONSE_LENGTH_OKHTTP='-1',RESPONSE_LENGTH_HEADER='-2',REQUEST_PROTOCOL='http/1.1',REQUEST_URL='https://www.newsblur.com/reader/feeds/?update_counts=true',
08-05 19:56:14.246 29070  2205 D MY_TAG  : 0, 603
08-05 19:56:14.293 29070  2205 I baseline.com.newsblur.service.NBSyncService: got feed list: 1 feeds in  conn:603 read:4 parse:4 store:38
08-05 19:56:14.637  2226  2226 D AndroidRuntime: >>>>>> START com.android.internal.os.RuntimeInit uid 2000 <<<<<<
08-05 19:56:14.641  2226  2226 D AndroidRuntime: CheckJNI is OFF
08-05 19:56:14.670  2226  2226 D ICU     : No timezone override file found: /data/misc/zoneinfo/current/icu/icu_tzdata.dat
08-05 19:56:14.702  2226  2226 I Radio-JNI: register_android_hardware_Radio DONE
08-05 19:56:14.717  2226  2226 D AndroidRuntime: Calling main entry com.android.commands.am.Am
08-05 19:56:14.727 29070  2223 I NAPPA_EXPERIMENTATION: MetricNetworkRequestExecutionTime: REQUEST_DURATION_SYSTEM='427',REQUEST_DURATION_OKHTTP='45',REQUEST_SYNCHRONOUS='TRUE',RESPONSE_CODE='200',RESPONSE_METHOD='GET',RESPONSE_LENGTH_OKHTTP='-1',RESPONSE_LENGTH_HEADER='-2',REQUEST_PROTOCOL='http/1.1',REQUEST_URL='https://www.newsblur.com/reader/unread_story_hashes?include_timestamps=1',
08-05 19:56:14.727 29070  2223 D MY_TAG  : 0, 427
08-05 19:56:14.733  5615  5615 I Trepn   : Trepn 6.2s: Received intent: com.quicinc.trepn.start_profiling
08-05 19:56:14.749 29070  2223 I baseline.com.newsblur.service.UnreadsService: starting unread count: 0
08-05 19:56:14.751 29070  2223 I baseline.com.newsblur.service.UnreadsService: new unread count:      0
08-05 19:56:14.752 29070  2223 I baseline.com.newsblur.service.UnreadsService: new unreads found:     0
08-05 19:56:14.753 29070  2223 I baseline.com.newsblur.service.UnreadsService: unreads to retire:     0
08-05 19:56:14.867  5615  5615 W FileUtils: Failed to chmod(/storage/emulated/0/trepn/Trepn_2020.08.05_195614.db): android.system.ErrnoException: chmod failed: EPERM (Operation not permitted)
08-05 19:56:15.004  5615  5615 I Trepn   : Trepn 6.2s: Trepn has Started Profiling.
08-05 19:56:15.007  2226  2226 D AndroidRuntime: Shutting down VM
08-05 19:56:15.486 29070 29081 I art     : Starting a blocking GC Explicit
08-05 19:56:15.515 29070 29081 I art     : Explicit concurrent mark sweep GC freed 31257(2005KB) AllocSpace objects, 41(1140KB) LOS objects, 37% free, 26MB/42MB, paused 233us total 29.146ms
08-05 19:56:15.535 29070 29081 I art     : Starting a blocking GC Explicit
08-05 19:56:15.547 29070 29081 I art     : Explicit concurrent mark sweep GC freed 2467(199KB) AllocSpace objects, 0(0B) LOS objects, 38% free, 26MB/42MB, paused 228us total 11.432ms
08-05 19:56:15.553 29070 29081 I art     : Starting a blocking GC Explicit
08-05 19:56:15.564 29070 29081 I art     : Explicit concurrent mark sweep GC freed 3(96B) AllocSpace objects, 0(0B) LOS objects, 38% free, 26MB/42MB, paused 177us total 10.881ms
08-05 19:56:15.570 29070 29081 I art     : Starting a blocking GC Explicit
08-05 19:56:15.581 29070 29081 I art     : Explicit concurrent mark sweep GC freed 3(96B) AllocSpace objects, 0(0B) LOS objects, 38% free, 26MB/42MB, paused 167us total 10.870ms
08-05 19:56:15.587 29070 29081 I art     : Starting a blocking GC Explicit
08-05 19:56:15.597 29070 29081 I art     : Explicit concurrent mark sweep GC freed 3(96B) AllocSpace objects, 0(0B) LOS objects, 38% free, 26MB/42MB, paused 168us total 10.731ms
08-05 19:56:15.914 29070 29082 I art     : Starting a blocking GC Explicit
08-05 19:56:15.931 29070 29082 I art     : Explicit concurrent mark sweep GC freed 1391(80KB) AllocSpace objects, 1(20KB) LOS objects, 38% free, 26MB/42MB, paused 205us total 17.384ms
08-05 19:56:15.943 29070 29082 I art     : Starting a blocking GC Explicit
08-05 19:56:15.956 29070 29082 I art     : Explicit concurrent mark sweep GC freed 20(704B) AllocSpace objects, 0(0B) LOS objects, 38% free, 26MB/42MB, paused 161us total 13.256ms
08-05 19:56:15.962 29070 29082 I art     : Starting a blocking GC Explicit
08-05 19:56:15.973 29070 29082 I art     : Explicit concurrent mark sweep GC freed 3(96B) AllocSpace objects, 0(0B) LOS objects, 38% free, 26MB/42MB, paused 202us total 10.512ms
08-05 19:56:15.978 29070 29082 I art     : Starting a blocking GC Explicit
08-05 19:56:15.989 29070 29082 I art     : Explicit concurrent mark sweep GC freed 3(96B) AllocSpace objects, 0(0B) LOS objects, 38% free, 26MB/42MB, paused 167us total 10.829ms
08-05 19:56:15.995 29070 29082 I art     : Starting a blocking GC Explicit
08-05 19:56:16.005 29070 29082 I art     : Explicit concurrent mark sweep GC freed 3(96B) AllocSpace objects, 0(0B) LOS objects, 38% free, 26MB/42MB, paused 168us total 9.990ms
08-05 19:56:16.289 29070  2197 I art     : Starting a blocking GC Explicit
08-05 19:56:16.303 29070  2197 I art     : Explicit concurrent mark sweep GC freed 1382(80KB) AllocSpace objects, 1(20KB) LOS objects, 38% free, 26MB/42MB, paused 237us total 13.764ms
08-05 19:56:16.310 29070  2197 I art     : Starting a blocking GC Explicit
08-05 19:56:16.322 29070  2197 I art     : Explicit concurrent mark sweep GC freed 20(704B) AllocSpace objects, 0(0B) LOS objects, 38% free, 26MB/42MB, paused 182us total 11.990ms
08-05 19:56:16.329 29070  2197 I art     : Starting a blocking GC Explicit
08-05 19:56:16.340 29070  2197 I art     : Explicit concurrent mark sweep GC freed 3(96B) AllocSpace objects, 0(0B) LOS objects, 38% free, 26MB/42MB, paused 167us total 10.801ms
08-05 19:56:16.346 29070  2197 I art     : Starting a blocking GC Explicit
08-05 19:56:16.358 29070  2197 I art     : Explicit concurrent mark sweep GC freed 3(96B) AllocSpace objects, 0(0B) LOS objects, 38% free, 26MB/42MB, paused 171us total 11.148ms
08-05 19:56:16.364 29070  2197 I art     : Starting a blocking GC Explicit
08-05 19:56:16.375 29070  2197 I art     : Explicit concurrent mark sweep GC freed 3(96B) AllocSpace objects, 0(0B) LOS objects, 38% free, 26MB/42MB, paused 174us total 11.037ms
08-05 19:56:16.680 29070 29081 I art     : Starting a blocking GC Explicit
08-05 19:56:16.698 29070 29081 I art     : Explicit concurrent mark sweep GC freed 1378(80KB) AllocSpace objects, 1(20KB) LOS objects, 38% free, 26MB/42MB, paused 240us total 17.927ms
08-05 19:56:16.707 29070 29081 I art     : Starting a blocking GC Explicit
08-05 19:56:16.719 29070 29081 I art     : Explicit concurrent mark sweep GC freed 20(704B) AllocSpace objects, 0(0B) LOS objects, 38% free, 26MB/42MB, paused 186us total 11.685ms
08-05 19:56:16.726 29070 29081 I art     : Starting a blocking GC Explicit
08-05 19:56:16.737 29070 29081 I art     : Explicit concurrent mark sweep GC freed 3(96B) AllocSpace objects, 0(0B) LOS objects, 38% free, 26MB/42MB, paused 176us total 10.969ms
08-05 19:56:16.743 29070 29081 I art     : Starting a blocking GC Explicit
08-05 19:56:16.754 29070 29081 I art     : Explicit concurrent mark sweep GC freed 3(96B) AllocSpace objects, 0(0B) LOS objects, 38% free, 26MB/42MB, paused 165us total 11.080ms
08-05 19:56:16.760 29070 29081 I art     : Starting a blocking GC Explicit
08-05 19:56:16.772 29070 29081 I art     : Explicit concurrent mark sweep GC freed 3(96B) AllocSpace objects, 0(0B) LOS objects, 38% free, 26MB/42MB, paused 173us total 11.337ms
08-05 19:56:17.077 29070 29082 I art     : Starting a blocking GC Explicit
08-05 19:56:17.094 29070 29082 I art     : Explicit concurrent mark sweep GC freed 1380(80KB) AllocSpace objects, 1(20KB) LOS objects, 38% free, 26MB/42MB, paused 229us total 16.571ms
08-05 19:56:17.104 29070 29082 I art     : Starting a blocking GC Explicit
08-05 19:56:17.119 29070 29082 I art     : Explicit concurrent mark sweep GC freed 20(704B) AllocSpace objects, 0(0B) LOS objects, 38% free, 26MB/42MB, paused 182us total 14.870ms
08-05 19:56:17.128 29070 29082 I art     : Starting a blocking GC Explicit
08-05 19:56:17.140 29070 29082 I art     : Explicit concurrent mark sweep GC freed 3(96B) AllocSpace objects, 0(0B) LOS objects, 38% free, 26MB/42MB, paused 166us total 11.630ms
08-05 19:56:17.146 29070 29082 I art     : Starting a blocking GC Explicit
08-05 19:56:17.158 29070 29082 I art     : Explicit concurrent mark sweep GC freed 3(96B) AllocSpace objects, 0(0B) LOS objects, 38% free, 26MB/42MB, paused 176us total 11.905ms
08-05 19:56:17.165 29070 29082 I art     : Starting a blocking GC Explicit
08-05 19:56:17.177 29070 29082 I art     : Explicit concurrent mark sweep GC freed 3(96B) AllocSpace objects, 0(0B) LOS objects, 38% free, 26MB/42MB, paused 194us total 11.902ms
08-05 19:56:17.493 29070  2197 I art     : Starting a blocking GC Explicit
08-05 19:56:17.511 29070  2197 I art     : Explicit concurrent mark sweep GC freed 1378(80KB) AllocSpace objects, 1(20KB) LOS objects, 38% free, 26MB/42MB, paused 240us total 17.579ms
08-05 19:56:17.521 29070  2197 I art     : Starting a blocking GC Explicit
08-05 19:56:17.536 29070  2197 I art     : Explicit concurrent mark sweep GC freed 20(704B) AllocSpace objects, 0(0B) LOS objects, 38% free, 26MB/42MB, paused 193us total 14.656ms
08-05 19:56:17.545 29070  2197 I art     : Starting a blocking GC Explicit
08-05 19:56:17.557 29070  2197 I art     : Explicit concurrent mark sweep GC freed 3(96B) AllocSpace objects, 0(0B) LOS objects, 38% free, 26MB/42MB, paused 192us total 11.950ms
08-05 19:56:17.563 29070  2197 I art     : Starting a blocking GC Explicit
08-05 19:56:17.575 29070  2197 I art     : Explicit concurrent mark sweep GC freed 3(96B) AllocSpace objects, 0(0B) LOS objects, 38% free, 26MB/42MB, paused 173us total 11.541ms
08-05 19:56:17.582 29070  2197 I art     : Starting a blocking GC Explicit
08-05 19:56:17.593 29070  2197 I art     : Explicit concurrent mark sweep GC freed 3(96B) AllocSpace objects, 0(0B) LOS objects, 38% free, 26MB/42MB, paused 163us total 11.082ms
08-05 19:56:17.921 29070 29081 I art     : Starting a blocking GC Explicit
08-05 19:56:17.939 29070 29081 I art     : Explicit concurrent mark sweep GC freed 1378(80KB) AllocSpace objects, 1(20KB) LOS objects, 38% free, 26MB/42MB, paused 229us total 17.988ms
08-05 19:56:17.950 29070 29081 I art     : Starting a blocking GC Explicit
08-05 19:56:17.963 29070 29081 I art     : Explicit concurrent mark sweep GC freed 20(704B) AllocSpace objects, 0(0B) LOS objects, 38% free, 26MB/42MB, paused 189us total 12.612ms
08-05 19:56:17.969 29070 29081 I art     : Starting a blocking GC Explicit
08-05 19:56:17.980 29070 29081 I art     : Explicit concurrent mark sweep GC freed 3(96B) AllocSpace objects, 0(0B) LOS objects, 38% free, 26MB/42MB, paused 165us total 11.164ms
08-05 19:56:17.986 29070 29081 I art     : Starting a blocking GC Explicit
08-05 19:56:17.998 29070 29081 I art     : Explicit concurrent mark sweep GC freed 3(96B) AllocSpace objects, 0(0B) LOS objects, 38% free, 26MB/42MB, paused 175us total 10.935ms
08-05 19:56:18.004 29070 29081 I art     : Starting a blocking GC Explicit
08-05 19:56:18.015 29070 29081 I art     : Explicit concurrent mark sweep GC freed 3(96B) AllocSpace objects, 0(0B) LOS objects, 38% free, 26MB/42MB, paused 175us total 11.147ms
08-05 19:56:18.314 29070 29082 I art     : Starting a blocking GC Explicit
08-05 19:56:18.331 29070 29082 I art     : Explicit concurrent mark sweep GC freed 1378(80KB) AllocSpace objects, 1(20KB) LOS objects, 38% free, 26MB/42MB, paused 199us total 16.281ms
08-05 19:56:18.337 29070 29082 I art     : Starting a blocking GC Explicit
08-05 19:56:18.350 29070 29082 I art     : Explicit concurrent mark sweep GC freed 20(704B) AllocSpace objects, 0(0B) LOS objects, 38% free, 26MB/42MB, paused 170us total 12.158ms
08-05 19:56:18.356 29070 29082 I art     : Starting a blocking GC Explicit
08-05 19:56:18.368 29070 29082 I art     : Explicit concurrent mark sweep GC freed 3(96B) AllocSpace objects, 0(0B) LOS objects, 38% free, 26MB/42MB, paused 170us total 11.372ms
08-05 19:56:18.374 29070 29082 I art     : Starting a blocking GC Explicit
08-05 19:56:18.385 29070 29082 I art     : Explicit concurrent mark sweep GC freed 3(96B) AllocSpace objects, 0(0B) LOS objects, 38% free, 26MB/42MB, paused 172us total 11.254ms
08-05 19:56:18.391 29070 29082 I art     : Starting a blocking GC Explicit
08-05 19:56:18.402 29070 29082 I art     : Explicit concurrent mark sweep GC freed 3(96B) AllocSpace objects, 0(0B) LOS objects, 38% free, 26MB/42MB, paused 175us total 10.876ms
08-05 19:56:18.690 13866 13882 I PeriodicStatsRunner: PeriodicStatsRunner.call():175 call()
08-05 19:56:18.691 13866 13882 I PeriodicStatsRunner: PeriodicStatsRunner.call():179 No submit PeriodicStats since input started.
08-05 19:56:18.710 29070  2197 I art     : Starting a blocking GC Explicit
08-05 19:56:18.724 29070  2197 I art     : Explicit concurrent mark sweep GC freed 1378(80KB) AllocSpace objects, 1(20KB) LOS objects, 38% free, 26MB/42MB, paused 214us total 14.217ms
08-05 19:56:18.733 29070  2197 I art     : Starting a blocking GC Explicit
08-05 19:56:18.748 29070  2197 I art     : Explicit concurrent mark sweep GC freed 20(704B) AllocSpace objects, 0(0B) LOS objects, 38% free, 26MB/42MB, paused 201us total 14.773ms
08-05 19:56:18.757 29070  2197 I art     : Starting a blocking GC Explicit
08-05 19:56:18.769 29070  2197 I art     : Explicit concurrent mark sweep GC freed 3(96B) AllocSpace objects, 0(0B) LOS objects, 38% free, 26MB/42MB, paused 166us total 11.561ms
08-05 19:56:18.775 29070  2197 I art     : Starting a blocking GC Explicit
08-05 19:56:18.787 29070  2197 I art     : Explicit concurrent mark sweep GC freed 3(96B) AllocSpace objects, 0(0B) LOS objects, 38% free, 26MB/42MB, paused 189us total 11.364ms
08-05 19:56:18.793 29070  2197 I art     : Starting a blocking GC Explicit
08-05 19:56:18.805 29070  2197 I art     : Explicit concurrent mark sweep GC freed 3(96B) AllocSpace objects, 0(0B) LOS objects, 38% free, 26MB/42MB, paused 170us total 11.163ms
08-05 19:56:19.112 29070 29081 I art     : Starting a blocking GC Explicit
08-05 19:56:19.131 29070 29081 I art     : Explicit concurrent mark sweep GC freed 1378(80KB) AllocSpace objects, 1(20KB) LOS objects, 38% free, 26MB/42MB, paused 215us total 18.960ms
08-05 19:56:19.142 29070 29081 I art     : Starting a blocking GC Explicit
08-05 19:56:19.154 29070 29081 I art     : Explicit concurrent mark sweep GC freed 20(704B) AllocSpace objects, 0(0B) LOS objects, 38% free, 26MB/42MB, paused 171us total 11.938ms
08-05 19:56:19.161 29070 29081 I art     : Starting a blocking GC Explicit
08-05 19:56:19.173 29070 29081 I art     : Explicit concurrent mark sweep GC freed 3(96B) AllocSpace objects, 0(0B) LOS objects, 38% free, 26MB/42MB, paused 169us total 11.651ms
08-05 19:56:19.179 29070 29081 I art     : Starting a blocking GC Explicit
08-05 19:56:19.190 29070 29081 I art     : Explicit concurrent mark sweep GC freed 3(96B) AllocSpace objects, 0(0B) LOS objects, 38% free, 26MB/42MB, paused 164us total 11.151ms
08-05 19:56:19.196 29070 29081 I art     : Starting a blocking GC Explicit
08-05 19:56:19.207 29070 29081 I art     : Explicit concurrent mark sweep GC freed 3(96B) AllocSpace objects, 0(0B) LOS objects, 38% free, 26MB/42MB, paused 167us total 11.056ms
08-05 19:56:19.466 29070 29082 I art     : Starting a blocking GC Explicit
08-05 19:56:19.479 29070 29082 I art     : Explicit concurrent mark sweep GC freed 1377(80KB) AllocSpace objects, 1(20KB) LOS objects, 38% free, 26MB/42MB, paused 170us total 12.705ms
08-05 19:56:19.485 29070 29082 I art     : Starting a blocking GC Explicit
08-05 19:56:19.495 29070 29082 I art     : Explicit concurrent mark sweep GC freed 20(704B) AllocSpace objects, 0(0B) LOS objects, 38% free, 26MB/42MB, paused 166us total 10.713ms
08-05 19:56:19.502 29070 29082 I art     : Starting a blocking GC Explicit
08-05 19:56:19.511 29070 29082 I art     : Explicit concurrent mark sweep GC freed 3(96B) AllocSpace objects, 0(0B) LOS objects, 38% free, 26MB/42MB, paused 153us total 9.738ms
08-05 19:56:19.517 29070 29082 I art     : Starting a blocking GC Explicit
08-05 19:56:19.527 29070 29082 I art     : Explicit concurrent mark sweep GC freed 3(96B) AllocSpace objects, 0(0B) LOS objects, 38% free, 26MB/42MB, paused 163us total 10.028ms
08-05 19:56:19.533 29070 29082 I art     : Starting a blocking GC Explicit
08-05 19:56:19.543 29070 29082 I art     : Explicit concurrent mark sweep GC freed 3(96B) AllocSpace objects, 0(0B) LOS objects, 38% free, 26MB/42MB, paused 160us total 10.342ms
08-05 19:56:19.827 29070  2197 I art     : Starting a blocking GC Explicit
08-05 19:56:19.841 29070  2197 I art     : Explicit concurrent mark sweep GC freed 1378(80KB) AllocSpace objects, 1(20KB) LOS objects, 38% free, 26MB/42MB, paused 224us total 13.552ms
08-05 19:56:19.848 29070  2197 I art     : Starting a blocking GC Explicit
08-05 19:56:19.859 29070  2197 I art     : Explicit concurrent mark sweep GC freed 20(704B) AllocSpace objects, 0(0B) LOS objects, 38% free, 26MB/42MB, paused 167us total 11.170ms
08-05 19:56:19.866 29070  2197 I art     : Starting a blocking GC Explicit
08-05 19:56:19.877 29070  2197 I art     : Explicit concurrent mark sweep GC freed 3(96B) AllocSpace objects, 0(0B) LOS objects, 38% free, 26MB/42MB, paused 180us total 11.530ms
08-05 19:56:19.884 29070  2197 I art     : Starting a blocking GC Explicit
08-05 19:56:19.894 29070  2197 I art     : Explicit concurrent mark sweep GC freed 3(96B) AllocSpace objects, 0(0B) LOS objects, 38% free, 26MB/42MB, paused 164us total 10.060ms
08-05 19:56:19.899 29070  2197 I art     : Starting a blocking GC Explicit
08-05 19:56:19.910 29070  2197 I art     : Explicit concurrent mark sweep GC freed 3(96B) AllocSpace objects, 0(0B) LOS objects, 38% free, 26MB/42MB, paused 172us total 10.250ms
08-05 19:56:20.171  2383  2383 D AndroidRuntime: >>>>>> START com.android.internal.os.RuntimeInit uid 2000 <<<<<<
08-05 19:56:20.175  2383  2383 D AndroidRuntime: CheckJNI is OFF
08-05 19:56:20.176 29070 29081 I art     : Starting a blocking GC Explicit
08-05 19:56:20.188 29070 29081 I art     : Explicit concurrent mark sweep GC freed 1378(80KB) AllocSpace objects, 1(20KB) LOS objects, 38% free, 26MB/42MB, paused 177us total 11.765ms
08-05 19:56:20.195 29070 29081 I art     : Starting a blocking GC Explicit
08-05 19:56:20.205  2383  2383 D ICU     : No timezone override file found: /data/misc/zoneinfo/current/icu/icu_tzdata.dat
08-05 19:56:20.206 29070 29081 I art     : Explicit concurrent mark sweep GC freed 20(704B) AllocSpace objects, 0(0B) LOS objects, 38% free, 26MB/42MB, paused 190us total 10.851ms
08-05 19:56:20.212 29070 29081 I art     : Starting a blocking GC Explicit
08-05 19:56:20.223 29070 29081 I art     : Explicit concurrent mark sweep GC freed 3(96B) AllocSpace objects, 0(0B) LOS objects, 38% free, 26MB/42MB, paused 179us total 11.196ms
08-05 19:56:20.229 29070 29081 I art     : Starting a blocking GC Explicit
08-05 19:56:20.231  2383  2383 I Radio-JNI: register_android_hardware_Radio DONE
08-05 19:56:20.240 29070 29081 I art     : Explicit concurrent mark sweep GC freed 3(96B) AllocSpace objects, 0(0B) LOS objects, 38% free, 26MB/42MB, paused 174us total 10.367ms
08-05 19:56:20.245 29070 29081 I art     : Starting a blocking GC Explicit
08-05 19:56:20.247  2383  2383 D AndroidRuntime: Calling main entry com.android.commands.input.Input
08-05 19:56:20.249  2383  2383 I Input   : injectMotionEvent: MotionEvent { action=ACTION_DOWN, actionButton=0, id[0]=0, x[0]=594.0, y[0]=330.0, toolType[0]=TOOL_TYPE_UNKNOWN, buttonState=0, metaState=0, flags=0x0, edgeFlags=0x0, pointerCount=1, historySize=0, eventTime=820596662, downTime=820596662, deviceId=0, source=0x1002 }
08-05 19:56:20.254  2383  2383 I Input   : injectMotionEvent: MotionEvent { action=ACTION_UP, actionButton=0, id[0]=0, x[0]=594.0, y[0]=330.0, toolType[0]=TOOL_TYPE_UNKNOWN, buttonState=0, metaState=0, flags=0x0, edgeFlags=0x0, pointerCount=1, historySize=0, eventTime=820596662, downTime=820596662, deviceId=0, source=0x1002 }
08-05 19:56:20.259 29070 29081 I art     : Explicit concurrent mark sweep GC freed 3(96B) AllocSpace objects, 0(0B) LOS objects, 38% free, 26MB/42MB, paused 3.052ms total 13.252ms
08-05 19:56:20.260  2383  2383 D AndroidRuntime: Shutting down VM
08-05 19:56:20.330   918  3961 I ActivityManager: START u0 {cmp=baseline.com.newsblur/.activity.GlobalSharedStoriesItemsList (has extras)} from uid 10676 on display 0
08-05 19:56:20.353 29070  2408 I baseline.com.newsblur.database.BlurDatabaseHelper: reading session reset
08-05 19:56:20.469 29070  2197 I art     : Starting a blocking GC Explicit
08-05 19:56:20.483 29070  2197 I art     : Explicit concurrent mark sweep GC freed 6660(548KB) AllocSpace objects, 9(304KB) LOS objects, 36% free, 27MB/43MB, paused 396us total 13.785ms
08-05 19:56:20.485 29070 29070 W View    : requestLayout() improperly called by android.widget.FrameLayout{d5270c V.E...... ......ID 0,0-1440,0 #7f07003f app:id/footer_view_inner} during layout: running second layout pass
08-05 19:56:20.485 29070 29070 W View    : requestLayout() improperly called by android.widget.FrameLayout{bef7855 V.E...... ......ID 0,0-1440,2091 #7f07003f app:id/footer_view_inner} during layout: running second layout pass
08-05 19:56:20.490 29070  2197 I art     : Starting a blocking GC Explicit
08-05 19:56:20.503 29070  2197 I art     : Explicit concurrent mark sweep GC freed 521(31KB) AllocSpace objects, 0(0B) LOS objects, 36% free, 27MB/43MB, paused 205us total 13.028ms
08-05 19:56:20.504   918   936 I ActivityManager: Displayed baseline.com.newsblur/.activity.GlobalSharedStoriesItemsList: +163ms
08-05 19:56:20.505 13866 13866 I GoogleInputMethodServic: GoogleInputMethodService.onFinishInput():3138 
08-05 19:56:20.505 13866 13866 I GoogleInputMethodServic: GoogleInputMethodService.onStartInput():1808 
08-05 19:56:20.509 29070  2197 I art     : Starting a blocking GC Explicit
08-05 19:56:20.524 29070  2197 I art     : Explicit concurrent mark sweep GC freed 1705(146KB) AllocSpace objects, 5(100KB) LOS objects, 36% free, 27MB/43MB, paused 389us total 14.494ms
08-05 19:56:20.531 29070  2197 I art     : Starting a blocking GC Explicit
08-05 19:56:20.543 29070  2197 I art     : Explicit concurrent mark sweep GC freed 105(3KB) AllocSpace objects, 0(0B) LOS objects, 36% free, 27MB/43MB, paused 262us total 11.492ms
08-05 19:56:20.548 29070  2197 I art     : Starting a blocking GC Explicit
08-05 19:56:20.560 29070  2197 I art     : Explicit concurrent mark sweep GC freed 3(96B) AllocSpace objects, 0(0B) LOS objects, 36% free, 27MB/43MB, paused 273us total 11.418ms
08-05 19:56:20.834 29070  2422 I art     : Starting a blocking GC Explicit
08-05 19:56:20.854 29070  2422 I art     : Explicit concurrent mark sweep GC freed 1773(113KB) AllocSpace objects, 2(40KB) LOS objects, 36% free, 27MB/43MB, paused 348us total 20.071ms
08-05 19:56:20.862 29070  2422 I art     : Starting a blocking GC Explicit
08-05 19:56:20.876 29070  2422 I art     : Explicit concurrent mark sweep GC freed 30(1104B) AllocSpace objects, 0(0B) LOS objects, 36% free, 27MB/43MB, paused 287us total 13.967ms
08-05 19:56:20.882 29070  2422 I art     : Starting a blocking GC Explicit
08-05 19:56:20.899 29070  2422 I art     : Explicit concurrent mark sweep GC freed 4(128B) AllocSpace objects, 0(0B) LOS objects, 36% free, 27MB/43MB, paused 4.776ms total 16.824ms
08-05 19:56:20.905 29070  2422 I art     : Starting a blocking GC Explicit
08-05 19:56:20.916 29070  2422 I art     : Explicit concurrent mark sweep GC freed 5(160B) AllocSpace objects, 0(0B) LOS objects, 36% free, 27MB/43MB, paused 258us total 11.133ms
08-05 19:56:20.921 29070  2422 I art     : Starting a blocking GC Explicit
08-05 19:56:20.932 29070  2422 I art     : Explicit concurrent mark sweep GC freed 4(128B) AllocSpace objects, 0(0B) LOS objects, 36% free, 27MB/43MB, paused 237us total 10.782ms
08-05 19:56:21.074 29070  2421 I NAPPA_EXPERIMENTATION: MetricNetworkRequestExecutionTime: REQUEST_DURATION_SYSTEM='557',REQUEST_DURATION_OKHTTP='41',REQUEST_SYNCHRONOUS='TRUE',RESPONSE_CODE='200',RESPONSE_METHOD='GET',RESPONSE_LENGTH_OKHTTP='-1',RESPONSE_LENGTH_HEADER='13047',REQUEST_PROTOCOL='http/1.1',REQUEST_URL='https://www.newsblur.com/social/river_stories?order=newest&page=1&read_filter=all&global_feed=true',
08-05 19:56:21.074 29070  2421 D MY_TAG  : 0, 557
08-05 19:56:21.169 29070  2422 I art     : Starting a blocking GC Explicit
08-05 19:56:21.196 29070  2422 I art     : Explicit concurrent mark sweep GC freed 34679(2MB) AllocSpace objects, 24(836KB) LOS objects, 36% free, 27MB/43MB, paused 755us total 26.644ms
08-05 19:56:21.202 29070  2422 I art     : Starting a blocking GC Explicit
08-05 19:56:21.216 29070  2422 I art     : Explicit concurrent mark sweep GC freed 2155(287KB) AllocSpace objects, 7(140KB) LOS objects, 36% free, 27MB/43MB, paused 237us total 13.187ms
08-05 19:56:21.223 29070  2422 I art     : Starting a blocking GC Explicit
08-05 19:56:21.236 29070  2422 I art     : Explicit concurrent mark sweep GC freed 859(164KB) AllocSpace objects, 10(200KB) LOS objects, 36% free, 27MB/43MB, paused 320us total 13.323ms
08-05 19:56:21.242 29070  2422 I art     : Starting a blocking GC Explicit
08-05 19:56:21.254 29070  2422 I art     : Explicit concurrent mark sweep GC freed 499(45KB) AllocSpace objects, 1(20KB) LOS objects, 36% free, 27MB/43MB, paused 354us total 12.426ms
08-05 19:56:21.260 29070  2422 I art     : Starting a blocking GC Explicit
08-05 19:56:21.274 29070  2422 I art     : Explicit concurrent mark sweep GC freed 723(44KB) AllocSpace objects, 2(40KB) LOS objects, 36% free, 28MB/44MB, paused 549us total 13.468ms
08-05 19:56:21.363 29070  2457 I NAPPA_EXPERIMENTATION: MetricNetworkRequestExecutionTime: REQUEST_DURATION_SYSTEM='59',REQUEST_DURATION_OKHTTP='56',REQUEST_SYNCHRONOUS='TRUE',RESPONSE_CODE='200',RESPONSE_METHOD='GET',RESPONSE_LENGTH_OKHTTP='43',RESPONSE_LENGTH_HEADER='43',REQUEST_PROTOCOL='http/1.1',REQUEST_URL='http://feeds.feedburner.com/~r/retort/~4/UffaFMiJbNs',
08-05 19:56:21.559 29070  2197 I art     : Starting a blocking GC Explicit
08-05 19:56:21.578 29070  2197 I art     : Explicit concurrent mark sweep GC freed 10333(544KB) AllocSpace objects, 8(300KB) LOS objects, 35% free, 28MB/44MB, paused 621us total 19.350ms
08-05 19:56:21.585 29070  2197 I art     : Starting a blocking GC Explicit
08-05 19:56:21.602 29070  2197 I art     : Explicit concurrent mark sweep GC freed 7448(430KB) AllocSpace objects, 0(0B) LOS objects, 36% free, 28MB/44MB, paused 491us total 16.953ms
08-05 19:56:21.610 29070  2197 I art     : Starting a blocking GC Explicit
08-05 19:56:21.623 29070  2197 I art     : Explicit concurrent mark sweep GC freed 325(12KB) AllocSpace objects, 0(0B) LOS objects, 36% free, 28MB/44MB, paused 457us total 13.340ms
08-05 19:56:21.629 29070  2197 I art     : Starting a blocking GC Explicit
08-05 19:56:21.642 29070  2197 I art     : Explicit concurrent mark sweep GC freed 6(240B) AllocSpace objects, 0(0B) LOS objects, 36% free, 28MB/44MB, paused 455us total 13.172ms
08-05 19:56:21.648 29070  2197 I art     : Starting a blocking GC Explicit
08-05 19:56:21.663 29070  2197 I art     : Explicit concurrent mark sweep GC freed 179(10KB) AllocSpace objects, 0(0B) LOS objects, 36% free, 28MB/44MB, paused 523us total 14.848ms
08-05 19:56:21.724 29070  2460 I NAPPA_EXPERIMENTATION: MetricNetworkRequestExecutionTime: REQUEST_DURATION_SYSTEM='411',REQUEST_DURATION_OKHTTP='178',REQUEST_SYNCHRONOUS='TRUE',RESPONSE_CODE='200',RESPONSE_METHOD='GET',RESPONSE_LENGTH_OKHTTP='79351',RESPONSE_LENGTH_HEADER='79351',REQUEST_PROTOCOL='h2',REQUEST_URL='https://images.fastcompany.net/image/upload/w_1280,q_auto,f_auto,fl_lossy/wp-cms/uploads/2020/07/p-1-90532920-this-chart-shows-how-effective-masks-can-be.png',
08-05 19:56:21.819 29070  2461 I NAPPA_EXPERIMENTATION: MetricNetworkRequestExecutionTime: REQUEST_DURATION_SYSTEM='527',REQUEST_DURATION_OKHTTP='50',REQUEST_SYNCHRONOUS='TRUE',RESPONSE_CODE='200',RESPONSE_METHOD='GET',RESPONSE_LENGTH_OKHTTP='477',RESPONSE_LENGTH_HEADER='477',REQUEST_PROTOCOL='http/1.1',REQUEST_URL='https://s3.amazonaws.com/icons.newsblur.com/5762506.png',
08-05 19:56:21.853 29070  2459 I NAPPA_EXPERIMENTATION: MetricNetworkRequestExecutionTime: REQUEST_DURATION_SYSTEM='570',REQUEST_DURATION_OKHTTP='83',REQUEST_SYNCHRONOUS='TRUE',RESPONSE_CODE='200',RESPONSE_METHOD='GET',RESPONSE_LENGTH_OKHTTP='243',RESPONSE_LENGTH_HEADER='243',REQUEST_PROTOCOL='http/1.1',REQUEST_URL='https://s3.amazonaws.com/icons.newsblur.com/18178.png',
08-05 19:56:21.885 29070  2456 I NAPPA_EXPERIMENTATION: MetricNetworkRequestExecutionTime: REQUEST_DURATION_SYSTEM='610',REQUEST_DURATION_OKHTTP='116',REQUEST_SYNCHRONOUS='TRUE',RESPONSE_CODE='200',RESPONSE_METHOD='GET',RESPONSE_LENGTH_OKHTTP='145',RESPONSE_LENGTH_HEADER='145',REQUEST_PROTOCOL='http/1.1',REQUEST_URL='https://s3.amazonaws.com/icons.newsblur.com/6882243.png',
08-05 19:56:21.919 29070 29082 I art     : Starting a blocking GC Explicit
08-05 19:56:21.937 29070 29082 I art     : Explicit concurrent mark sweep GC freed 9314(533KB) AllocSpace objects, 14(3MB) LOS objects, 34% free, 30MB/46MB, paused 389us total 18.206ms
08-05 19:56:21.944 29070 29082 I art     : Starting a blocking GC Explicit
08-05 19:56:21.957 29070 29082 I art     : Explicit concurrent mark sweep GC freed 393(14KB) AllocSpace objects, 0(0B) LOS objects, 34% free, 30MB/46MB, paused 319us total 13.334ms
08-05 19:56:21.963 29070 29082 I art     : Starting a blocking GC Explicit
08-05 19:56:21.976 29070 29082 I art     : Explicit concurrent mark sweep GC freed 6(192B) AllocSpace objects, 0(0B) LOS objects, 34% free, 30MB/46MB, paused 303us total 13.131ms
08-05 19:56:21.982 29070 29082 I art     : Starting a blocking GC Explicit
08-05 19:56:21.997 29070 29082 I art     : Explicit concurrent mark sweep GC freed 3(96B) AllocSpace objects, 0(0B) LOS objects, 34% free, 30MB/46MB, paused 382us total 14.389ms
08-05 19:56:22.003 29070 29082 I art     : Starting a blocking GC Explicit
08-05 19:56:22.018 29070 29082 I art     : Explicit concurrent mark sweep GC freed 3(96B) AllocSpace objects, 0(0B) LOS objects, 34% free, 30MB/46MB, paused 353us total 14.419ms
08-05 19:56:22.334 29070  2422 I art     : Starting a blocking GC Explicit
08-05 19:56:22.354 29070  2422 I art     : Explicit concurrent mark sweep GC freed 1390(82KB) AllocSpace objects, 1(20KB) LOS objects, 34% free, 30MB/46MB, paused 575us total 19.362ms
08-05 19:56:22.363 29070  2422 I art     : Starting a blocking GC Explicit
08-05 19:56:22.379 29070  2422 I art     : Explicit concurrent mark sweep GC freed 20(704B) AllocSpace objects, 0(0B) LOS objects, 34% free, 30MB/46MB, paused 295us total 15.007ms
08-05 19:56:22.385 29070  2422 I art     : Starting a blocking GC Explicit
08-05 19:56:22.399 29070  2422 I art     : Explicit concurrent mark sweep GC freed 3(96B) AllocSpace objects, 0(0B) LOS objects, 34% free, 30MB/46MB, paused 305us total 14.343ms
08-05 19:56:22.406 29070  2422 I art     : Starting a blocking GC Explicit
08-05 19:56:22.420 29070  2422 I art     : Explicit concurrent mark sweep GC freed 3(96B) AllocSpace objects, 0(0B) LOS objects, 34% free, 30MB/46MB, paused 318us total 14.496ms
08-05 19:56:22.427 29070  2422 I art     : Starting a blocking GC Explicit
08-05 19:56:22.441 29070  2422 I art     : Explicit concurrent mark sweep GC freed 3(96B) AllocSpace objects, 0(0B) LOS objects, 34% free, 30MB/46MB, paused 309us total 14.384ms
08-05 19:56:22.754 29070 29081 I art     : Starting a blocking GC Explicit
08-05 19:56:22.773 29070 29081 I art     : Explicit concurrent mark sweep GC freed 1390(80KB) AllocSpace objects, 1(20KB) LOS objects, 34% free, 30MB/46MB, paused 354us total 18.493ms
08-05 19:56:22.784 29070 29081 I art     : Starting a blocking GC Explicit
08-05 19:56:22.799 29070 29081 I art     : Explicit concurrent mark sweep GC freed 20(704B) AllocSpace objects, 0(0B) LOS objects, 34% free, 30MB/46MB, paused 317us total 14.821ms
08-05 19:56:22.805 29070 29081 I art     : Starting a blocking GC Explicit
08-05 19:56:22.820 29070 29081 I art     : Explicit concurrent mark sweep GC freed 3(96B) AllocSpace objects, 0(0B) LOS objects, 34% free, 30MB/46MB, paused 329us total 14.511ms
08-05 19:56:22.826 29070 29081 I art     : Starting a blocking GC Explicit
08-05 19:56:22.841 29070 29081 I art     : Explicit concurrent mark sweep GC freed 3(96B) AllocSpace objects, 0(0B) LOS objects, 34% free, 30MB/46MB, paused 305us total 14.493ms
08-05 19:56:22.847 29070 29081 I art     : Starting a blocking GC Explicit
08-05 19:56:22.862 29070 29081 I art     : Explicit concurrent mark sweep GC freed 3(96B) AllocSpace objects, 0(0B) LOS objects, 34% free, 30MB/46MB, paused 311us total 14.443ms
08-05 19:56:23.024   518   646 I ThermalEngine: ACTION: GPU - Setting GPU[0] to 510000000
08-05 19:56:23.167 29070  2197 I art     : Starting a blocking GC Explicit
08-05 19:56:23.187 29070  2197 I art     : Explicit concurrent mark sweep GC freed 1389(80KB) AllocSpace objects, 1(20KB) LOS objects, 34% free, 30MB/46MB, paused 435us total 19.757ms
08-05 19:56:23.197 29070  2197 I art     : Starting a blocking GC Explicit
08-05 19:56:23.216 29070  2197 I art     : Explicit concurrent mark sweep GC freed 20(704B) AllocSpace objects, 0(0B) LOS objects, 34% free, 30MB/46MB, paused 478us total 18.452ms
08-05 19:56:23.224 29070  2197 I art     : Starting a blocking GC Explicit
08-05 19:56:23.243 29070  2197 I art     : Explicit concurrent mark sweep GC freed 3(96B) AllocSpace objects, 0(0B) LOS objects, 34% free, 30MB/46MB, paused 431us total 18.793ms
08-05 19:56:23.251 29070  2197 I art     : Starting a blocking GC Explicit
08-05 19:56:23.270 29070  2197 I art     : Explicit concurrent mark sweep GC freed 3(96B) AllocSpace objects, 0(0B) LOS objects, 34% free, 30MB/46MB, paused 439us total 18.331ms
08-05 19:56:23.278 29070  2197 I art     : Starting a blocking GC Explicit
08-05 19:56:23.297 29070  2197 I art     : Explicit concurrent mark sweep GC freed 3(96B) AllocSpace objects, 0(0B) LOS objects, 34% free, 30MB/46MB, paused 526us total 18.819ms
08-05 19:56:23.610 29070 29082 I art     : Starting a blocking GC Explicit
08-05 19:56:23.631 29070 29082 I art     : Explicit concurrent mark sweep GC freed 1389(80KB) AllocSpace objects, 1(20KB) LOS objects, 34% free, 30MB/46MB, paused 481us total 20.750ms
08-05 19:56:23.642 29070 29082 I art     : Starting a blocking GC Explicit
08-05 19:56:23.660 29070 29082 I art     : Explicit concurrent mark sweep GC freed 20(704B) AllocSpace objects, 0(0B) LOS objects, 34% free, 30MB/46MB, paused 425us total 18.107ms
08-05 19:56:23.668 29070 29082 I art     : Starting a blocking GC Explicit
08-05 19:56:23.686 29070 29082 I art     : Explicit concurrent mark sweep GC freed 3(96B) AllocSpace objects, 0(0B) LOS objects, 34% free, 30MB/46MB, paused 417us total 18.084ms
08-05 19:56:23.694 29070 29082 I art     : Starting a blocking GC Explicit
08-05 19:56:23.713 29070 29082 I art     : Explicit concurrent mark sweep GC freed 3(96B) AllocSpace objects, 0(0B) LOS objects, 34% free, 30MB/46MB, paused 403us total 18.122ms
08-05 19:56:23.721 29070 29082 I art     : Starting a blocking GC Explicit
08-05 19:56:23.740 29070 29082 I art     : Explicit concurrent mark sweep GC freed 3(96B) AllocSpace objects, 0(0B) LOS objects, 34% free, 30MB/46MB, paused 430us total 18.844ms
08-05 19:56:23.740 29070 29080 I art     : WaitForGcToComplete blocked for 15.260ms for cause HeapTrim
08-05 19:56:24.059 29070  2422 I art     : Starting a blocking GC Explicit
08-05 19:56:24.080 29070  2422 I art     : Explicit concurrent mark sweep GC freed 1390(80KB) AllocSpace objects, 1(20KB) LOS objects, 34% free, 30MB/46MB, paused 453us total 20.653ms
08-05 19:56:24.092 29070  2422 I art     : Starting a blocking GC Explicit
08-05 19:56:24.111 29070  2422 I art     : Explicit concurrent mark sweep GC freed 20(704B) AllocSpace objects, 0(0B) LOS objects, 34% free, 30MB/46MB, paused 422us total 18.235ms
08-05 19:56:24.119 29070  2422 I art     : Starting a blocking GC Explicit
08-05 19:56:24.137 29070  2422 I art     : Explicit concurrent mark sweep GC freed 3(96B) AllocSpace objects, 0(0B) LOS objects, 34% free, 30MB/46MB, paused 461us total 18.462ms
08-05 19:56:24.145 29070  2422 I art     : Starting a blocking GC Explicit
08-05 19:56:24.164 29070  2422 I art     : Explicit concurrent mark sweep GC freed 3(96B) AllocSpace objects, 0(0B) LOS objects, 34% free, 30MB/46MB, paused 441us total 18.211ms
08-05 19:56:24.172 29070  2422 I art     : Starting a blocking GC Explicit
08-05 19:56:24.190 29070  2422 I art     : Explicit concurrent mark sweep GC freed 3(96B) AllocSpace objects, 0(0B) LOS objects, 34% free, 30MB/46MB, paused 432us total 18.462ms
08-05 19:56:24.502 29070 29081 I art     : Starting a blocking GC Explicit
08-05 19:56:24.524 29070 29081 I art     : Explicit concurrent mark sweep GC freed 1389(80KB) AllocSpace objects, 1(20KB) LOS objects, 34% free, 30MB/46MB, paused 532us total 21.076ms
08-05 19:56:24.533 29070 29081 I art     : Starting a blocking GC Explicit
08-05 19:56:24.552 29070 29081 I art     : Explicit concurrent mark sweep GC freed 20(704B) AllocSpace objects, 0(0B) LOS objects, 34% free, 30MB/46MB, paused 431us total 18.684ms
08-05 19:56:24.560 29070 29081 I art     : Starting a blocking GC Explicit
08-05 19:56:24.579 29070 29081 I art     : Explicit concurrent mark sweep GC freed 3(96B) AllocSpace objects, 0(0B) LOS objects, 34% free, 30MB/46MB, paused 441us total 18.378ms
08-05 19:56:24.587 29070 29081 I art     : Starting a blocking GC Explicit
08-05 19:56:24.606 29070 29081 I art     : Explicit concurrent mark sweep GC freed 3(96B) AllocSpace objects, 0(0B) LOS objects, 34% free, 30MB/46MB, paused 453us total 18.481ms
08-05 19:56:24.614 29070 29081 I art     : Starting a blocking GC Explicit
08-05 19:56:24.633 29070 29081 I art     : Explicit concurrent mark sweep GC freed 3(96B) AllocSpace objects, 0(0B) LOS objects, 34% free, 30MB/46MB, paused 469us total 18.712ms
08-05 19:56:24.938 29070  2197 I art     : Starting a blocking GC Explicit
08-05 19:56:24.959 29070  2197 I art     : Explicit concurrent mark sweep GC freed 1389(80KB) AllocSpace objects, 1(20KB) LOS objects, 34% free, 30MB/46MB, paused 446us total 21.074ms
08-05 19:56:24.971 29070  2197 I art     : Starting a blocking GC Explicit
08-05 19:56:24.989 29070  2197 I art     : Explicit concurrent mark sweep GC freed 20(704B) AllocSpace objects, 0(0B) LOS objects, 34% free, 30MB/46MB, paused 422us total 18.106ms
08-05 19:56:24.997 29070  2197 I art     : Starting a blocking GC Explicit
08-05 19:56:25.015 29070  2197 I art     : Explicit concurrent mark sweep GC freed 3(96B) AllocSpace objects, 0(0B) LOS objects, 34% free, 30MB/46MB, paused 458us total 18.069ms
08-05 19:56:25.024 29070  2197 I art     : Starting a blocking GC Explicit
08-05 19:56:25.042 29070  2197 I art     : Explicit concurrent mark sweep GC freed 3(96B) AllocSpace objects, 0(0B) LOS objects, 34% free, 30MB/46MB, paused 434us total 18.149ms
08-05 19:56:25.050 29070  2197 I art     : Starting a blocking GC Explicit
08-05 19:56:25.069 29070  2197 I art     : Explicit concurrent mark sweep GC freed 3(96B) AllocSpace objects, 0(0B) LOS objects, 34% free, 30MB/46MB, paused 459us total 18.758ms
08-05 19:56:25.370 29070 29082 I art     : Starting a blocking GC Explicit
08-05 19:56:25.390 29070 29082 I art     : Explicit concurrent mark sweep GC freed 1389(80KB) AllocSpace objects, 1(20KB) LOS objects, 34% free, 30MB/46MB, paused 448us total 19.812ms
08-05 19:56:25.398 29070 29082 I art     : Starting a blocking GC Explicit
08-05 19:56:25.418 29070 29082 I art     : Explicit concurrent mark sweep GC freed 20(704B) AllocSpace objects, 0(0B) LOS objects, 34% free, 30MB/46MB, paused 476us total 19.562ms
08-05 19:56:25.426 29070 29082 I art     : Starting a blocking GC Explicit
08-05 19:56:25.445 29070 29082 I art     : Explicit concurrent mark sweep GC freed 3(96B) AllocSpace objects, 0(0B) LOS objects, 34% free, 30MB/46MB, paused 431us total 18.523ms
08-05 19:56:25.453 29070 29082 I art     : Starting a blocking GC Explicit
08-05 19:56:25.472 29070 29082 I art     : Explicit concurrent mark sweep GC freed 3(96B) AllocSpace objects, 0(0B) LOS objects, 34% free, 30MB/46MB, paused 422us total 18.652ms
08-05 19:56:25.480 29070 29082 I art     : Starting a blocking GC Explicit
08-05 19:56:25.500 29070 29082 I art     : Explicit concurrent mark sweep GC freed 3(96B) AllocSpace objects, 0(0B) LOS objects, 34% free, 30MB/46MB, paused 474us total 19.160ms
08-05 19:56:25.506 13866 13882 I PeriodicStatsRunner: PeriodicStatsRunner.call():175 call()
08-05 19:56:25.506 13866 13882 I PeriodicStatsRunner: PeriodicStatsRunner.call():179 No submit PeriodicStats since input started.
08-05 19:56:25.832 29070  2422 I art     : Starting a blocking GC Explicit
08-05 19:56:25.852 29070  2422 I art     : Explicit concurrent mark sweep GC freed 1389(80KB) AllocSpace objects, 1(20KB) LOS objects, 34% free, 30MB/46MB, paused 438us total 20.135ms
08-05 19:56:25.860 29070  2422 I art     : Starting a blocking GC Explicit
08-05 19:56:25.880 29070  2422 I art     : Explicit concurrent mark sweep GC freed 20(704B) AllocSpace objects, 0(0B) LOS objects, 34% free, 30MB/46MB, paused 491us total 18.921ms
08-05 19:56:25.888 29070  2422 I art     : Starting a blocking GC Explicit
08-05 19:56:25.907 29070  2422 I art     : Explicit concurrent mark sweep GC freed 3(96B) AllocSpace objects, 0(0B) LOS objects, 34% free, 30MB/46MB, paused 458us total 18.660ms
08-05 19:56:25.915 29070  2422 I art     : Starting a blocking GC Explicit
08-05 19:56:25.934 29070  2422 I art     : Explicit concurrent mark sweep GC freed 3(96B) AllocSpace objects, 0(0B) LOS objects, 34% free, 30MB/46MB, paused 453us total 18.643ms
08-05 19:56:25.943 29070  2422 I art     : Starting a blocking GC Explicit
08-05 19:56:25.963 29070  2422 I art     : Explicit concurrent mark sweep GC freed 3(96B) AllocSpace objects, 0(0B) LOS objects, 34% free, 30MB/46MB, paused 455us total 19.548ms
08-05 19:56:26.304 29070 29081 I art     : Starting a blocking GC Explicit
08-05 19:56:26.325 29070 29081 I art     : Explicit concurrent mark sweep GC freed 1389(80KB) AllocSpace objects, 1(20KB) LOS objects, 34% free, 30MB/46MB, paused 500us total 20.916ms
08-05 19:56:26.336 29070 29081 I art     : Starting a blocking GC Explicit
08-05 19:56:26.355 29070 29081 I art     : Explicit concurrent mark sweep GC freed 20(704B) AllocSpace objects, 0(0B) LOS objects, 34% free, 30MB/46MB, paused 437us total 18.389ms
08-05 19:56:26.363 29070 29081 I art     : Starting a blocking GC Explicit
08-05 19:56:26.381 29070 29081 I art     : Explicit concurrent mark sweep GC freed 3(96B) AllocSpace objects, 0(0B) LOS objects, 34% free, 30MB/46MB, paused 427us total 18.048ms
08-05 19:56:26.389 29070 29081 I art     : Starting a blocking GC Explicit
08-05 19:56:26.408 29070 29081 I art     : Explicit concurrent mark sweep GC freed 3(96B) AllocSpace objects, 0(0B) LOS objects, 34% free, 30MB/46MB, paused 445us total 18.276ms
08-05 19:56:26.416 29070 29081 I art     : Starting a blocking GC Explicit
08-05 19:56:26.434 29070 29081 I art     : Explicit concurrent mark sweep GC freed 3(96B) AllocSpace objects, 0(0B) LOS objects, 34% free, 30MB/46MB, paused 487us total 18.342ms
08-05 19:56:26.756 29070  2197 I art     : Starting a blocking GC Explicit
08-05 19:56:26.776 29070  2197 I art     : Explicit concurrent mark sweep GC freed 1389(80KB) AllocSpace objects, 1(20KB) LOS objects, 34% free, 30MB/46MB, paused 442us total 19.872ms
08-05 19:56:26.786 29070  2197 I art     : Starting a blocking GC Explicit
08-05 19:56:26.805 29070  2197 I art     : Explicit concurrent mark sweep GC freed 20(704B) AllocSpace objects, 0(0B) LOS objects, 34% free, 30MB/46MB, paused 431us total 18.660ms
08-05 19:56:26.813 29070  2197 I art     : Starting a blocking GC Explicit
08-05 19:56:26.832 29070  2197 I art     : Explicit concurrent mark sweep GC freed 3(96B) AllocSpace objects, 0(0B) LOS objects, 34% free, 30MB/46MB, paused 429us total 18.493ms
08-05 19:56:26.840 29070  2197 I art     : Starting a blocking GC Explicit
08-05 19:56:26.858 29070  2197 I art     : Explicit concurrent mark sweep GC freed 3(96B) AllocSpace objects, 0(0B) LOS objects, 34% free, 30MB/46MB, paused 434us total 18.340ms
08-05 19:56:26.866 29070  2197 I art     : Starting a blocking GC Explicit
08-05 19:56:26.885 29070  2197 I art     : Explicit concurrent mark sweep GC freed 3(96B) AllocSpace objects, 0(0B) LOS objects, 34% free, 30MB/46MB, paused 469us total 18.378ms
08-05 19:56:27.214 29070 29082 I art     : Starting a blocking GC Explicit
08-05 19:56:27.235 29070 29082 I art     : Explicit concurrent mark sweep GC freed 1389(80KB) AllocSpace objects, 1(20KB) LOS objects, 34% free, 30MB/46MB, paused 475us total 20.903ms
08-05 19:56:27.248 29070 29082 I art     : Starting a blocking GC Explicit
08-05 19:56:27.267 29070 29082 I art     : Explicit concurrent mark sweep GC freed 20(704B) AllocSpace objects, 0(0B) LOS objects, 34% free, 30MB/46MB, paused 480us total 18.185ms
08-05 19:56:27.275 29070 29082 I art     : Starting a blocking GC Explicit
08-05 19:56:27.293 29070 29082 I art     : Explicit concurrent mark sweep GC freed 3(96B) AllocSpace objects, 0(0B) LOS objects, 34% free, 30MB/46MB, paused 422us total 17.960ms
08-05 19:56:27.301 29070 29082 I art     : Starting a blocking GC Explicit
08-05 19:56:27.319 29070 29082 I art     : Explicit concurrent mark sweep GC freed 3(96B) AllocSpace objects, 0(0B) LOS objects, 34% free, 30MB/46MB, paused 425us total 18.198ms
08-05 19:56:27.327 29070 29082 I art     : Starting a blocking GC Explicit
08-05 19:56:27.347 29070 29082 I art     : Explicit concurrent mark sweep GC freed 3(96B) AllocSpace objects, 0(0B) LOS objects, 34% free, 30MB/46MB, paused 441us total 18.898ms
08-05 19:56:27.683 29070  2422 I art     : Starting a blocking GC Explicit
08-05 19:56:27.704 29070  2422 I art     : Explicit concurrent mark sweep GC freed 1389(80KB) AllocSpace objects, 1(20KB) LOS objects, 34% free, 30MB/46MB, paused 474us total 21.084ms
08-05 19:56:27.714 29070  2422 I art     : Starting a blocking GC Explicit
08-05 19:56:27.733 29070  2422 I art     : Explicit concurrent mark sweep GC freed 20(704B) AllocSpace objects, 0(0B) LOS objects, 34% free, 30MB/46MB, paused 432us total 18.410ms
08-05 19:56:27.741 29070  2422 I art     : Starting a blocking GC Explicit
08-05 19:56:27.759 29070  2422 I art     : Explicit concurrent mark sweep GC freed 3(96B) AllocSpace objects, 0(0B) LOS objects, 34% free, 30MB/46MB, paused 436us total 18.409ms
08-05 19:56:27.767 29070  2422 I art     : Starting a blocking GC Explicit
08-05 19:56:27.786 29070  2422 I art     : Explicit concurrent mark sweep GC freed 3(96B) AllocSpace objects, 0(0B) LOS objects, 34% free, 30MB/46MB, paused 430us total 18.466ms
08-05 19:56:27.794 29070  2422 I art     : Starting a blocking GC Explicit
08-05 19:56:27.813 29070  2422 I art     : Explicit concurrent mark sweep GC freed 3(96B) AllocSpace objects, 0(0B) LOS objects, 34% free, 30MB/46MB, paused 519us total 18.819ms
08-05 19:56:28.123 29070 29081 I art     : Starting a blocking GC Explicit
08-05 19:56:28.145 29070 29081 I art     : Explicit concurrent mark sweep GC freed 1389(80KB) AllocSpace objects, 1(20KB) LOS objects, 34% free, 30MB/46MB, paused 542us total 21.410ms
08-05 19:56:28.154 29070 29081 I art     : Starting a blocking GC Explicit
08-05 19:56:28.172 29070 29081 I art     : Explicit concurrent mark sweep GC freed 20(704B) AllocSpace objects, 0(0B) LOS objects, 34% free, 30MB/46MB, paused 432us total 18.027ms
08-05 19:56:28.180 29070 29081 I art     : Starting a blocking GC Explicit
08-05 19:56:28.199 29070 29081 I art     : Explicit concurrent mark sweep GC freed 3(96B) AllocSpace objects, 0(0B) LOS objects, 34% free, 30MB/46MB, paused 435us total 18.310ms
08-05 19:56:28.207 29070 29081 I art     : Starting a blocking GC Explicit
08-05 19:56:28.225 29070 29081 I art     : Explicit concurrent mark sweep GC freed 3(96B) AllocSpace objects, 0(0B) LOS objects, 34% free, 30MB/46MB, paused 441us total 18.106ms
08-05 19:56:28.233 29070 29081 I art     : Starting a blocking GC Explicit
08-05 19:56:28.252 29070 29081 I art     : Explicit concurrent mark sweep GC freed 3(96B) AllocSpace objects, 0(0B) LOS objects, 34% free, 30MB/46MB, paused 467us total 18.719ms
08-05 19:56:28.580 29070  2197 I art     : Starting a blocking GC Explicit
08-05 19:56:28.600 29070  2197 I art     : Explicit concurrent mark sweep GC freed 1389(80KB) AllocSpace objects, 1(20KB) LOS objects, 34% free, 30MB/46MB, paused 447us total 20.300ms
08-05 19:56:28.611 29070  2197 I art     : Starting a blocking GC Explicit
08-05 19:56:28.629 29070  2197 I art     : Explicit concurrent mark sweep GC freed 20(704B) AllocSpace objects, 0(0B) LOS objects, 34% free, 30MB/46MB, paused 442us total 18.475ms
08-05 19:56:28.637 29070  2197 I art     : Starting a blocking GC Explicit
08-05 19:56:28.656 29070  2197 I art     : Explicit concurrent mark sweep GC freed 3(96B) AllocSpace objects, 0(0B) LOS objects, 34% free, 30MB/46MB, paused 437us total 18.423ms
08-05 19:56:28.664 29070  2197 I art     : Starting a blocking GC Explicit
08-05 19:56:28.683 29070  2197 I art     : Explicit concurrent mark sweep GC freed 3(96B) AllocSpace objects, 0(0B) LOS objects, 34% free, 30MB/46MB, paused 435us total 18.549ms
08-05 19:56:28.691 29070  2197 I art     : Starting a blocking GC Explicit
08-05 19:56:28.710 29070  2197 I art     : Explicit concurrent mark sweep GC freed 3(96B) AllocSpace objects, 0(0B) LOS objects, 34% free, 30MB/46MB, paused 435us total 18.435ms
08-05 19:56:29.002 29070 29082 I art     : Starting a blocking GC Explicit
08-05 19:56:29.023 29070 29082 I art     : Explicit concurrent mark sweep GC freed 1389(80KB) AllocSpace objects, 1(20KB) LOS objects, 34% free, 30MB/46MB, paused 448us total 20.738ms
08-05 19:56:29.034 29070 29082 I art     : Starting a blocking GC Explicit
08-05 19:56:29.053 29070 29082 I art     : Explicit concurrent mark sweep GC freed 20(704B) AllocSpace objects, 0(0B) LOS objects, 34% free, 30MB/46MB, paused 460us total 18.229ms
08-05 19:56:29.061 29070 29082 I art     : Starting a blocking GC Explicit
08-05 19:56:29.079 29070 29082 I art     : Explicit concurrent mark sweep GC freed 3(96B) AllocSpace objects, 0(0B) LOS objects, 34% free, 30MB/46MB, paused 435us total 18.036ms
08-05 19:56:29.087 29070 29082 I art     : Starting a blocking GC Explicit
08-05 19:56:29.106 29070 29082 I art     : Explicit concurrent mark sweep GC freed 3(96B) AllocSpace objects, 0(0B) LOS objects, 34% free, 30MB/46MB, paused 415us total 18.271ms
08-05 19:56:29.106 29070 29080 I art     : WaitForGcToComplete blocked for 18.494ms for cause HeapTrim
08-05 19:56:29.113 29070 29082 I art     : Starting a blocking GC Explicit
08-05 19:56:29.132 29070 29082 I art     : Explicit concurrent mark sweep GC freed 3(96B) AllocSpace objects, 0(0B) LOS objects, 34% free, 30MB/46MB, paused 434us total 18.419ms
08-05 19:56:29.447 29070  2422 I art     : Starting a blocking GC Explicit
08-05 19:56:29.468 29070  2422 I art     : Explicit concurrent mark sweep GC freed 1389(80KB) AllocSpace objects, 1(20KB) LOS objects, 34% free, 30MB/46MB, paused 455us total 20.642ms
08-05 19:56:29.476 29070  2422 I art     : Starting a blocking GC Explicit
08-05 19:56:29.495 29070  2422 I art     : Explicit concurrent mark sweep GC freed 20(704B) AllocSpace objects, 0(0B) LOS objects, 34% free, 30MB/46MB, paused 445us total 18.712ms
08-05 19:56:29.504 29070  2422 I art     : Starting a blocking GC Explicit
08-05 19:56:29.523 29070  2422 I art     : Explicit concurrent mark sweep GC freed 3(96B) AllocSpace objects, 0(0B) LOS objects, 34% free, 30MB/46MB, paused 474us total 19.140ms
08-05 19:56:29.532 29070  2422 I art     : Starting a blocking GC Explicit
08-05 19:56:29.551 29070  2422 I art     : Explicit concurrent mark sweep GC freed 3(96B) AllocSpace objects, 0(0B) LOS objects, 34% free, 30MB/46MB, paused 486us total 19.010ms
08-05 19:56:29.559 29070  2422 I art     : Starting a blocking GC Explicit
08-05 19:56:29.578 29070  2422 I art     : Explicit concurrent mark sweep GC freed 3(96B) AllocSpace objects, 0(0B) LOS objects, 34% free, 30MB/46MB, paused 449us total 18.704ms
08-05 19:56:29.901 29070 29081 I art     : Starting a blocking GC Explicit
08-05 19:56:29.921 29070 29081 I art     : Explicit concurrent mark sweep GC freed 1389(80KB) AllocSpace objects, 1(20KB) LOS objects, 34% free, 30MB/46MB, paused 455us total 19.535ms
08-05 19:56:29.929 29070 29081 I art     : Starting a blocking GC Explicit
08-05 19:56:29.948 29070 29081 I art     : Explicit concurrent mark sweep GC freed 20(704B) AllocSpace objects, 0(0B) LOS objects, 34% free, 30MB/46MB, paused 449us total 18.595ms
08-05 19:56:29.956 29070 29081 I art     : Starting a blocking GC Explicit
08-05 19:56:29.975 29070 29081 I art     : Explicit concurrent mark sweep GC freed 3(96B) AllocSpace objects, 0(0B) LOS objects, 34% free, 30MB/46MB, paused 427us total 18.499ms
08-05 19:56:29.983 29070 29081 I art     : Starting a blocking GC Explicit
08-05 19:56:30.002 29070 29081 I art     : Explicit concurrent mark sweep GC freed 3(96B) AllocSpace objects, 0(0B) LOS objects, 34% free, 30MB/46MB, paused 434us total 18.830ms
08-05 19:56:30.010 29070 29081 I art     : Starting a blocking GC Explicit
08-05 19:56:30.029 29070 29081 I art     : Explicit concurrent mark sweep GC freed 3(96B) AllocSpace objects, 0(0B) LOS objects, 34% free, 30MB/46MB, paused 472us total 18.646ms
08-05 19:56:30.331 29070  2197 I art     : Starting a blocking GC Explicit
08-05 19:56:30.352 29070  2197 I art     : Explicit concurrent mark sweep GC freed 1389(80KB) AllocSpace objects, 1(20KB) LOS objects, 34% free, 30MB/46MB, paused 441us total 20.497ms
08-05 19:56:30.367 29070  2197 I art     : Starting a blocking GC Explicit
08-05 19:56:30.367 27644 27646 E QC-QMI  : qmi_client [27644] 5ad: failed to locate client data
08-05 19:56:30.369   519   519 E QC-QMI  : qmuxd: RX on fd=18 returned error=0 errno[2:No such file or directory]
08-05 19:56:30.369   519   519 E QC-QMI  : QMUX qmux_client_id=5ad not found in qmux client list, unable to remove
08-05 19:56:30.374 27644 27644 I Atfwd_Daemon: Stop the daemon....
08-05 19:56:30.379  2695  2695 W ATFWD-daemon: type=1400 audit(0.0:739698): avc: denied { read write } for name="diag" dev="tmpfs" ino=1296 scontext=u:r:atfwd:s0 tcontext=u:object_r:diag_device:s0 tclass=chr_file permissive=0
08-05 19:56:30.385 29070  2197 I art     : Explicit concurrent mark sweep GC freed 20(704B) AllocSpace objects, 0(0B) LOS objects, 34% free, 30MB/46MB, paused 452us total 17.410ms
08-05 19:56:30.392 29070  2197 I art     : Starting a blocking GC Explicit
08-05 19:56:30.395  2695  2695 I libmdmdetect: ESOC framework not supported
08-05 19:56:30.395  2695  2695 I libmdmdetect: Found internal modem: modem
08-05 19:56:30.396  2695  2695 E Diag_Lib:  Diag_LSM_Init: Failed to open handle to diag driver, error = 13
08-05 19:56:30.399  2695  2695 I Atfwd_Daemon: result : 255 	 ,Init step :0 	 ,qmiErrorCode: 0
08-05 19:56:30.399  2695  2695 I Atfwd_Daemon: result : 0 	 ,Init step :1 	 ,qmiErrorCode: 0
08-05 19:56:30.399  2695  2695 I ServiceManager: Waiting for service AtCmdFwd...
08-05 19:56:30.410 29070  2197 I art     : Explicit concurrent mark sweep GC freed 3(96B) AllocSpace objects, 0(0B) LOS objects, 34% free, 30MB/46MB, paused 426us total 17.458ms
08-05 19:56:30.418 29070  2197 I art     : Starting a blocking GC Explicit
08-05 19:56:30.435 29070  2197 I art     : Explicit concurrent mark sweep GC freed 3(96B) AllocSpace objects, 0(0B) LOS objects, 34% free, 30MB/46MB, paused 477us total 17.194ms
08-05 19:56:30.444 29070  2197 I art     : Starting a blocking GC Explicit
08-05 19:56:30.461 29070  2197 I art     : Explicit concurrent mark sweep GC freed 3(96B) AllocSpace objects, 0(0B) LOS objects, 34% free, 30MB/46MB, paused 416us total 16.555ms
08-05 19:56:30.510   918  3261 D WifiStateMachine: starting scan for "H369AA63323"WPA_PSK with 2412,5180
08-05 19:56:30.711 29070 29082 I art     : Starting a blocking GC Explicit
08-05 19:56:30.729 29070 29082 I art     : Explicit concurrent mark sweep GC freed 1389(80KB) AllocSpace objects, 1(20KB) LOS objects, 34% free, 30MB/46MB, paused 426us total 17.513ms
08-05 19:56:30.738 29070 29082 I art     : Starting a blocking GC Explicit
08-05 19:56:30.755 29070 29082 I art     : Explicit concurrent mark sweep GC freed 20(704B) AllocSpace objects, 0(0B) LOS objects, 34% free, 30MB/46MB, paused 417us total 16.957ms
08-05 19:56:30.762 29070 29082 I art     : Starting a blocking GC Explicit
08-05 19:56:30.779 29070 29082 I art     : Explicit concurrent mark sweep GC freed 3(96B) AllocSpace objects, 0(0B) LOS objects, 34% free, 30MB/46MB, paused 418us total 16.924ms
08-05 19:56:30.787 29070 29082 I art     : Starting a blocking GC Explicit
08-05 19:56:30.805 29070 29082 I art     : Explicit concurrent mark sweep GC freed 3(96B) AllocSpace objects, 0(0B) LOS objects, 34% free, 30MB/46MB, paused 462us total 17.340ms
08-05 19:56:30.812 29070 29082 I art     : Starting a blocking GC Explicit
08-05 19:56:30.829 29070 29082 I art     : Explicit concurrent mark sweep GC freed 3(96B) AllocSpace objects, 0(0B) LOS objects, 34% free, 30MB/46MB, paused 433us total 16.989ms
08-05 19:56:30.906  2699  2699 D AndroidRuntime: >>>>>> START com.android.internal.os.RuntimeInit uid 2000 <<<<<<
08-05 19:56:30.911  2699  2699 D AndroidRuntime: CheckJNI is OFF
08-05 19:56:30.943  2699  2699 D ICU     : No timezone override file found: /data/misc/zoneinfo/current/icu/icu_tzdata.dat
08-05 19:56:30.975  2699  2699 I Radio-JNI: register_android_hardware_Radio DONE
08-05 19:56:30.997  2699  2699 D AndroidRuntime: Calling main entry com.android.commands.input.Input
08-05 19:56:30.999  2699  2699 I Input   : injectMotionEvent: MotionEvent { action=ACTION_DOWN, actionButton=0, id[0]=0, x[0]=436.0, y[0]=453.0, toolType[0]=TOOL_TYPE_UNKNOWN, buttonState=0, metaState=0, flags=0x0, edgeFlags=0x0, pointerCount=1, historySize=0, eventTime=820607412, downTime=820607412, deviceId=0, source=0x1002 }
08-05 19:56:31.022  2699  2699 I Input   : injectMotionEvent: MotionEvent { action=ACTION_UP, actionButton=0, id[0]=0, x[0]=436.0, y[0]=453.0, toolType[0]=TOOL_TYPE_UNKNOWN, buttonState=0, metaState=0, flags=0x0, edgeFlags=0x0, pointerCount=1, historySize=0, eventTime=820607412, downTime=820607412, deviceId=0, source=0x1002 }
08-05 19:56:31.025  2699  2699 D AndroidRuntime: Shutting down VM
08-05 19:56:31.041   512  2967 D audio_hw_primary: out_set_parameters: enter: usecase(1: low-latency-playback) kvpairs: routing=2
08-05 19:56:31.041   918   929 I ActivityManager: START u0 {cmp=baseline.com.newsblur/.activity.GlobalSharedStoriesReading (has extras)} from uid 10676 on display 0
08-05 19:56:31.053   512  2967 D audio_hw_primary: select_devices: out_snd_device(2: speaker) in_snd_device(0: none)
08-05 19:56:31.054   512  2967 D msm8974_platform: platform_send_audio_calibration: sending audio calibration for snd_device(2) acdb_id(15)
08-05 19:56:31.054   512  2967 I soundtrigger: audio_extn_sound_trigger_update_device_status: device 0x2 of type 0 for Event 1
08-05 19:56:31.063   512  2967 D audio_hw_primary: enable_snd_device: snd_device(2: speaker)
08-05 19:56:31.065   512  2967 D audio_hw_primary: enable_audio_route: apply and update mixer path: low-latency-playback speaker
08-05 19:56:31.116 29070  2422 I art     : Starting a blocking GC Explicit
08-05 19:56:31.137 29070  2422 I art     : Explicit concurrent mark sweep GC freed 2961(261KB) AllocSpace objects, 5(528KB) LOS objects, 33% free, 32MB/48MB, paused 542us total 21.177ms
08-05 19:56:31.145 29070  2422 I art     : Starting a blocking GC Explicit
08-05 19:56:31.164 29070  2422 I art     : Explicit concurrent mark sweep GC freed 434(22KB) AllocSpace objects, 0(0B) LOS objects, 33% free, 32MB/48MB, paused 502us total 18.955ms
08-05 19:56:31.172 29070  2422 I art     : Starting a blocking GC Explicit
08-05 19:56:31.192 29070  2422 I art     : Explicit concurrent mark sweep GC freed 134(25KB) AllocSpace objects, 1(20KB) LOS objects, 33% free, 32MB/48MB, paused 866us total 19.802ms
08-05 19:56:31.201 29070  2422 I art     : Starting a blocking GC Explicit
08-05 19:56:31.219 29070  2422 I art     : Explicit concurrent mark sweep GC freed 60(2112B) AllocSpace objects, 0(0B) LOS objects, 33% free, 32MB/48MB, paused 428us total 17.603ms
08-05 19:56:31.227 29070  2422 I art     : Starting a blocking GC Explicit
08-05 19:56:31.247 29070  2422 I art     : Explicit concurrent mark sweep GC freed 232(42KB) AllocSpace objects, 1(20KB) LOS objects, 32% free, 33MB/49MB, paused 773us total 19.570ms
08-05 19:56:31.277   918   936 I ActivityManager: Displayed baseline.com.newsblur/.activity.GlobalSharedStoriesReading: +226ms
08-05 19:56:31.277 13866 13866 I GoogleInputMethodServic: GoogleInputMethodService.onFinishInput():3138 
08-05 19:56:31.278 13866 13866 I GoogleInputMethodServic: GoogleInputMethodService.onStartInput():1808 
08-05 19:56:31.294 29070 29070 I WebViewFactory: Loading com.google.android.webview version 84.0.4147.89 (code 414708953)
08-05 19:56:31.367 29070 29070 I cr_LibraryLoader: Loaded native library version number "84.0.4147.89"
08-05 19:56:31.368 29070 29070 I cr_CachingUmaRecorder: Flushed 5 samples from 5 histograms.
08-05 19:56:31.400  2695  2695 I ServiceManager: Waiting for service AtCmdFwd...
08-05 19:56:31.401 29070 29070 E chromium: [ERROR:filesystem_posix.cc(62)] mkdir /data/user/0/baseline.com.newsblur/cache/WebView/Crashpad: No such file or directory (2)
08-05 19:56:31.514   918  6111 D ConnectivityService: listenForNetwork for Listen from uid/pid:10676/29070 for NetworkRequest [ id=3532, legacyType=-1, [ Capabilities: INTERNET&NOT_RESTRICTED&TRUSTED] ]
08-05 19:56:31.531 29070  2197 I art     : Starting a blocking GC Explicit
08-05 19:56:31.558 29070  2197 I art     : Explicit concurrent mark sweep GC freed 9027(899KB) AllocSpace objects, 5(100KB) LOS objects, 31% free, 35MB/51MB, paused 1.192ms total 26.478ms
08-05 19:56:31.567 29070  2197 I art     : Starting a blocking GC Explicit
08-05 19:56:31.592 29070  2197 I art     : Explicit concurrent mark sweep GC freed 1452(98KB) AllocSpace objects, 1(20KB) LOS objects, 30% free, 36MB/52MB, paused 1.269ms total 24.821ms
08-05 19:56:31.602 29070  2197 I art     : Starting a blocking GC Explicit
08-05 19:56:31.609   512  2967 D audio_hw_primary: disable_audio_route: reset and update mixer path: low-latency-playback speaker
08-05 19:56:31.610   512  2967 D audio_hw_primary: disable_snd_device: snd_device(2: speaker)
08-05 19:56:31.619   512  2967 I soundtrigger: audio_extn_sound_trigger_update_device_status: device 0x2 of type 0 for Event 0
08-05 19:56:31.629 29070  2197 I art     : Explicit concurrent mark sweep GC freed 839(39KB) AllocSpace objects, 0(0B) LOS objects, 30% free, 36MB/52MB, paused 1.226ms total 27.021ms
08-05 19:56:31.637 29070  2197 I art     : Starting a blocking GC Explicit
08-05 19:56:31.669 29070  2757 W cr_media: Requires BLUETOOTH permission
08-05 19:56:31.681 29070  2773 E libEGL  : validate_display:255 error 3008 (EGL_BAD_DISPLAY)
08-05 19:56:31.682 29070  2197 I art     : Explicit concurrent mark sweep GC freed 7873(380KB) AllocSpace objects, 6(152KB) LOS objects, 30% free, 36MB/52MB, paused 6.330ms total 44.451ms
08-05 19:56:31.710 29070  2197 I art     : Starting a blocking GC Explicit
08-05 19:56:31.730   918   927 I art     : Background partial concurrent mark sweep GC freed 110929(9MB) AllocSpace objects, 126(2MB) LOS objects, 18% free, 68MB/84MB, paused 1.456ms total 171.846ms
08-05 19:56:31.736 29070  2197 I art     : Explicit concurrent mark sweep GC freed 1163(81KB) AllocSpace objects, 4(92KB) LOS objects, 30% free, 36MB/52MB, paused 945us total 25.705ms
08-05 19:56:32.022 29070 29082 I art     : Starting a blocking GC Explicit
08-05 19:56:32.050 29070 29082 I art     : Explicit concurrent mark sweep GC freed 15456(891KB) AllocSpace objects, 9(188KB) LOS objects, 30% free, 36MB/52MB, paused 920us total 27.837ms
08-05 19:56:32.060 29070 29082 I art     : Starting a blocking GC Explicit
08-05 19:56:32.085 29070 29082 I art     : Explicit concurrent mark sweep GC freed 1191(50KB) AllocSpace objects, 1(28KB) LOS objects, 30% free, 36MB/52MB, paused 963us total 24.432ms
08-05 19:56:32.093 29070 29082 I art     : Starting a blocking GC Explicit
08-05 19:56:32.118 29070 29082 I art     : Explicit concurrent mark sweep GC freed 596(52KB) AllocSpace objects, 0(0B) LOS objects, 30% free, 36MB/52MB, paused 863us total 24.355ms
08-05 19:56:32.127 29070 29082 I art     : Starting a blocking GC Explicit
08-05 19:56:32.151 29070 29082 I art     : Explicit concurrent mark sweep GC freed 79(2896B) AllocSpace objects, 0(0B) LOS objects, 30% free, 36MB/52MB, paused 842us total 23.633ms
08-05 19:56:32.161 29070 29082 I art     : Starting a blocking GC Explicit
08-05 19:56:32.187 29070 29082 I art     : Explicit concurrent mark sweep GC freed 3(96B) AllocSpace objects, 0(0B) LOS objects, 30% free, 36MB/52MB, paused 985us total 25.955ms
08-05 19:56:32.342 29070  2782 E baseline.com.newsblur.network.APIResponse: Error (unexpected end of stream on https://www.newsblur.com/...) calling https://www.newsblur.com/reader/mark_story_hashes_as_read/
08-05 19:56:32.342 29070  2782 E baseline.com.newsblur.network.APIResponse: java.io.IOException: unexpected end of stream on https://www.newsblur.com/...
08-05 19:56:32.342 29070  2782 E baseline.com.newsblur.network.APIResponse: 	at okhttp3.internal.http1.Http1ExchangeCodec.readResponseHeaders(Http1ExchangeCodec.java:236)
08-05 19:56:32.342 29070  2782 E baseline.com.newsblur.network.APIResponse: 	at okhttp3.internal.connection.Exchange.readResponseHeaders(Exchange.java:115)
08-05 19:56:32.342 29070  2782 E baseline.com.newsblur.network.APIResponse: 	at okhttp3.internal.http.CallServerInterceptor.intercept(CallServerInterceptor.java:94)
08-05 19:56:32.342 29070  2782 E baseline.com.newsblur.network.APIResponse: 	at okhttp3.internal.http.RealInterceptorChain.proceed(RealInterceptorChain.java:142)
08-05 19:56:32.342 29070  2782 E baseline.com.newsblur.network.APIResponse: 	at okhttp3.internal.connection.ConnectInterceptor.intercept(ConnectInterceptor.java:43)
08-05 19:56:32.342 29070  2782 E baseline.com.newsblur.network.APIResponse: 	at okhttp3.internal.http.RealInterceptorChain.proceed(RealInterceptorChain.java:142)
08-05 19:56:32.342 29070  2782 E baseline.com.newsblur.network.APIResponse: 	at okhttp3.internal.http.RealInterceptorChain.proceed(RealInterceptorChain.java:117)
08-05 19:56:32.342 29070  2782 E baseline.com.newsblur.network.APIResponse: 	at okhttp3.internal.cache.CacheInterceptor.intercept(CacheInterceptor.java:94)
08-05 19:56:32.342 29070  2782 E baseline.com.newsblur.network.APIResponse: 	at okhttp3.internal.http.RealInterceptorChain.proceed(RealInterceptorChain.java:142)
08-05 19:56:32.342 29070  2782 E baseline.com.newsblur.network.APIResponse: 	at okhttp3.internal.http.RealInterceptorChain.proceed(RealInterceptorChain.java:117)
08-05 19:56:32.342 29070  2782 E baseline.com.newsblur.network.APIResponse: 	at okhttp3.internal.http.BridgeInterceptor.intercept(BridgeInterceptor.java:93)
08-05 19:56:32.342 29070  2782 E baseline.com.newsblur.network.APIResponse: 	at okhttp3.internal.http.RealInterceptorChain.proceed(RealInterceptorChain.java:142)
08-05 19:56:32.342 29070  2782 E baseline.com.newsblur.network.APIResponse: 	at okhttp3.internal.http.RetryAndFollowUpInterceptor.intercept(RetryAndFollowUpInterceptor.java:88)
08-05 19:56:32.342 29070  2782 E baseline.com.newsblur.network.APIResponse: 	at okhttp3.internal.http.RealInterceptorChain.proceed(RealInterceptorChain.java:142)
08-05 19:56:32.342 29070  2782 E baseline.com.newsblur.network.APIResponse: 	at okhttp3.internal.http.RealInterceptorChain.proceed(RealInterceptorChain.java:117)
08-05 19:56:32.342 29070  2782 E baseline.com.newsblur.network.APIResponse: 	at okhttp3.RealCall.getResponseWithInterceptorChain(RealCall.java:229)
08-05 19:56:32.342 29070  2782 E baseline.com.newsblur.network.APIResponse: 	at okhttp3.RealCall.execute(RealCall.java:81)
08-05 19:56:32.342 29070  2782 E baseline.com.newsblur.network.APIResponse: 	at baseline.com.newsblur.network.APIResponse.<init>(APIResponse.java:57)
08-05 19:56:32.342 29070  2782 E baseline.com.newsblur.network.APIResponse: 	at baseline.com.newsblur.network.APIResponse.<init>(APIResponse.java:43)
08-05 19:56:32.342 29070  2782 E baseline.com.newsblur.network.APIResponse: 	at baseline.com.newsblur.network.APIManager.post_single(APIManager.java:702)
08-05 19:56:32.342 29070  2782 E baseline.com.newsblur.network.APIResponse: 	at baseline.com.newsblur.network.APIManager.post(APIManager.java:675)
08-05 19:56:32.342 29070  2782 E baseline.com.newsblur.network.APIResponse: 	at baseline.com.newsblur.network.APIManager.post(APIManager.java:714)
08-05 19:56:32.342 29070  2782 E baseline.com.newsblur.network.APIResponse: 	at baseline.com.newsblur.network.APIManager.markStoryAsRead(APIManager.java:205)
08-05 19:56:32.342 29070  2782 E baseline.com.newsblur.network.APIResponse: 	at baseline.com.newsblur.util.ReadingAction.doRemote(ReadingAction.java:281)
08-05 19:56:32.342 29070  2782 E baseline.com.newsblur.network.APIResponse: 	at baseline.com.newsblur.service.NBSyncService.syncActions(NBSyncService.java:400)
08-05 19:56:32.342 29070  2782 E baseline.com.newsblur.network.APIResponse: 	at baseline.com.newsblur.service.NBSyncService.doSync(NBSyncService.java:298)
08-05 19:56:32.342 29070  2782 E baseline.com.newsblur.network.APIResponse: 	at baseline.com.newsblur.service.NBSyncService.access$100(NBSyncService.java:67)
08-05 19:56:32.342 29070  2782 E baseline.com.newsblur.network.APIResponse: 	at baseline.com.newsblur.service.NBSyncService$1.run(NBSyncService.java:188)
08-05 19:56:32.342 29070  2782 E baseline.com.newsblur.network.APIResponse: 	at java.util.concurrent.ThreadPoolExecutor.runWorker(ThreadPoolExecutor.java:1113)
08-05 19:56:32.342 29070  2782 E baseline.com.newsblur.network.APIResponse: 	at java.util.concurrent.ThreadPoolExecutor$Worker.run(ThreadPoolExecutor.java:588)
08-05 19:56:32.342 29070  2782 E baseline.com.newsblur.network.APIResponse: 	at java.lang.Thread.run(Thread.java:818)
08-05 19:56:32.342 29070  2782 E baseline.com.newsblur.network.APIResponse: Caused by: java.io.EOFException: \n not found: limit=0 content=
08-05 19:56:32.342 29070  2782 E baseline.com.newsblur.network.APIResponse: 	at okio.RealBufferedSource.readUtf8LineStrict(RealBufferedSource.java:240)
08-05 19:56:32.342 29070  2782 E baseline.com.newsblur.network.APIResponse: 	at okhttp3.internal.http1.Http1ExchangeCodec.readHeaderLine(Http1ExchangeCodec.java:242)
08-05 19:56:32.342 29070  2782 E baseline.com.newsblur.network.APIResponse: 	at okhttp3.internal.http1.Http1ExchangeCodec.readResponseHeaders(Http1ExchangeCodec.java:213)
08-05 19:56:32.342 29070  2782 E baseline.com.newsblur.network.APIResponse: 	... 30 more
08-05 19:56:32.344 29070  2782 I baseline.com.newsblur.network.APIManager: API call failed, pausing before retry number 1
08-05 19:56:32.400  2695  2695 I ServiceManager: Waiting for service AtCmdFwd...
08-05 19:56:32.500 29070 29081 I art     : Starting a blocking GC Explicit
08-05 19:56:32.533 29070 29081 I art     : Explicit concurrent mark sweep GC freed 4658(416KB) AllocSpace objects, 6(260KB) LOS objects, 30% free, 36MB/52MB, paused 820us total 33.055ms
08-05 19:56:32.545 29070 29081 I art     : Starting a blocking GC Explicit
08-05 19:56:32.577 29070 29081 I art     : Explicit concurrent mark sweep GC freed 993(118KB) AllocSpace objects, 0(0B) LOS objects, 30% free, 36MB/52MB, paused 898us total 31.623ms
08-05 19:56:32.587 29070 29081 I art     : Starting a blocking GC Explicit
08-05 19:56:32.617 29070 29081 I art     : Explicit concurrent mark sweep GC freed 3(96B) AllocSpace objects, 0(0B) LOS objects, 30% free, 36MB/52MB, paused 985us total 29.930ms
08-05 19:56:32.629 29070 29081 I art     : Starting a blocking GC Explicit
08-05 19:56:32.662 29070 29081 I art     : Explicit concurrent mark sweep GC freed 3(96B) AllocSpace objects, 0(0B) LOS objects, 30% free, 36MB/52MB, paused 844us total 32.008ms
08-05 19:56:32.672 29070 29081 I art     : Starting a blocking GC Explicit
08-05 19:56:32.702 29070 29081 I art     : Explicit concurrent mark sweep GC freed 3(96B) AllocSpace objects, 0(0B) LOS objects, 30% free, 36MB/52MB, paused 876us total 30.111ms
08-05 19:56:33.033 29070 29082 I art     : Starting a blocking GC Explicit
08-05 19:56:33.042   518   646 I ThermalEngine: ACTION: GPU - Setting GPU[0] to 450000000
08-05 19:56:33.077 29070 29082 I art     : Explicit concurrent mark sweep GC freed 1499(84KB) AllocSpace objects, 1(20KB) LOS objects, 30% free, 36MB/52MB, paused 1.463ms total 42.884ms
08-05 19:56:33.089 29070 29082 I art     : Starting a blocking GC Explicit
08-05 19:56:33.127 29070 29082 I art     : Explicit concurrent mark sweep GC freed 22(784B) AllocSpace objects, 0(0B) LOS objects, 30% free, 36MB/52MB, paused 1.292ms total 37.889ms
08-05 19:56:33.140 29070 29082 I art     : Starting a blocking GC Explicit
08-05 19:56:33.179 29070 29082 I art     : Explicit concurrent mark sweep GC freed 3(96B) AllocSpace objects, 0(0B) LOS objects, 30% free, 36MB/52MB, paused 1.073ms total 38.298ms
08-05 19:56:33.192 29070 29082 I art     : Starting a blocking GC Explicit
08-05 19:56:33.230 29070 29082 I art     : Explicit concurrent mark sweep GC freed 3(96B) AllocSpace objects, 0(0B) LOS objects, 30% free, 36MB/52MB, paused 1.047ms total 37.739ms
08-05 19:56:33.244 29070 29082 I art     : Starting a blocking GC Explicit
08-05 19:56:33.282 29070 29082 I art     : Explicit concurrent mark sweep GC freed 3(96B) AllocSpace objects, 0(0B) LOS objects, 30% free, 36MB/52MB, paused 1.048ms total 37.042ms
08-05 19:56:33.401  2695  2695 I ServiceManager: Waiting for service AtCmdFwd...
08-05 19:56:33.636 29070  2197 I art     : Starting a blocking GC Explicit
08-05 19:56:33.676 29070  2197 I art     : Explicit concurrent mark sweep GC freed 1440(83KB) AllocSpace objects, 1(20KB) LOS objects, 30% free, 36MB/52MB, paused 1.288ms total 39.429ms
08-05 19:56:33.688 29070  2197 I art     : Starting a blocking GC Explicit
08-05 19:56:33.728 29070  2197 I art     : Explicit concurrent mark sweep GC freed 22(784B) AllocSpace objects, 0(0B) LOS objects, 30% free, 36MB/52MB, paused 1.211ms total 39.636ms
08-05 19:56:33.741 29070  2197 I art     : Starting a blocking GC Explicit
08-05 19:56:33.780 29070  2197 I art     : Explicit concurrent mark sweep GC freed 3(96B) AllocSpace objects, 0(0B) LOS objects, 30% free, 36MB/52MB, paused 1.049ms total 38.645ms
08-05 19:56:33.794 29070  2197 I art     : Starting a blocking GC Explicit
08-05 19:56:33.832 29070  2197 I art     : Explicit concurrent mark sweep GC freed 3(96B) AllocSpace objects, 0(0B) LOS objects, 30% free, 36MB/52MB, paused 1.036ms total 37.826ms
08-05 19:56:33.846 29070  2197 I art     : Starting a blocking GC Explicit
08-05 19:56:33.885 29070  2197 I art     : Explicit concurrent mark sweep GC freed 89(3KB) AllocSpace objects, 0(0B) LOS objects, 30% free, 36MB/52MB, paused 1.202ms total 38.422ms
08-05 19:56:34.249 29070  2197 I art     : Starting a blocking GC Explicit
08-05 19:56:34.288 29070  2197 I art     : Explicit concurrent mark sweep GC freed 1526(88KB) AllocSpace objects, 1(20KB) LOS objects, 30% free, 36MB/52MB, paused 1.287ms total 38.300ms
08-05 19:56:34.302 29070  2197 I art     : Starting a blocking GC Explicit
08-05 19:56:34.339 29070  2197 I art     : Explicit concurrent mark sweep GC freed 1708(66KB) AllocSpace objects, 0(0B) LOS objects, 30% free, 36MB/52MB, paused 1.261ms total 37.022ms
08-05 19:56:34.351 29070  2197 I art     : Starting a blocking GC Explicit
08-05 19:56:34.368 29070  2782 E baseline.com.newsblur.network.APIResponse: Error (unexpected end of stream on https://www.newsblur.com/...) calling https://www.newsblur.com/reader/mark_story_hashes_as_read/
08-05 19:56:34.368 29070  2782 E baseline.com.newsblur.network.APIResponse: java.io.IOException: unexpected end of stream on https://www.newsblur.com/...
08-05 19:56:34.368 29070  2782 E baseline.com.newsblur.network.APIResponse: 	at okhttp3.internal.http1.Http1ExchangeCodec.readResponseHeaders(Http1ExchangeCodec.java:236)
08-05 19:56:34.368 29070  2782 E baseline.com.newsblur.network.APIResponse: 	at okhttp3.internal.connection.Exchange.readResponseHeaders(Exchange.java:115)
08-05 19:56:34.368 29070  2782 E baseline.com.newsblur.network.APIResponse: 	at okhttp3.internal.http.CallServerInterceptor.intercept(CallServerInterceptor.java:94)
08-05 19:56:34.368 29070  2782 E baseline.com.newsblur.network.APIResponse: 	at okhttp3.internal.http.RealInterceptorChain.proceed(RealInterceptorChain.java:142)
08-05 19:56:34.368 29070  2782 E baseline.com.newsblur.network.APIResponse: 	at okhttp3.internal.connection.ConnectInterceptor.intercept(ConnectInterceptor.java:43)
08-05 19:56:34.368 29070  2782 E baseline.com.newsblur.network.APIResponse: 	at okhttp3.internal.http.RealInterceptorChain.proceed(RealInterceptorChain.java:142)
08-05 19:56:34.368 29070  2782 E baseline.com.newsblur.network.APIResponse: 	at okhttp3.internal.http.RealInterceptorChain.proceed(RealInterceptorChain.java:117)
08-05 19:56:34.368 29070  2782 E baseline.com.newsblur.network.APIResponse: 	at okhttp3.internal.cache.CacheInterceptor.intercept(CacheInterceptor.java:94)
08-05 19:56:34.368 29070  2782 E baseline.com.newsblur.network.APIResponse: 	at okhttp3.internal.http.RealInterceptorChain.proceed(RealInterceptorChain.java:142)
08-05 19:56:34.368 29070  2782 E baseline.com.newsblur.network.APIResponse: 	at okhttp3.internal.http.RealInterceptorChain.proceed(RealInterceptorChain.java:117)
08-05 19:56:34.368 29070  2782 E baseline.com.newsblur.network.APIResponse: 	at okhttp3.internal.http.BridgeInterceptor.intercept(BridgeInterceptor.java:93)
08-05 19:56:34.368 29070  2782 E baseline.com.newsblur.network.APIResponse: 	at okhttp3.internal.http.RealInterceptorChain.proceed(RealInterceptorChain.java:142)
08-05 19:56:34.368 29070  2782 E baseline.com.newsblur.network.APIResponse: 	at okhttp3.internal.http.RetryAndFollowUpInterceptor.intercept(RetryAndFollowUpInterceptor.java:88)
08-05 19:56:34.368 29070  2782 E baseline.com.newsblur.network.APIResponse: 	at okhttp3.internal.http.RealInterceptorChain.proceed(RealInterceptorChain.java:142)
08-05 19:56:34.368 29070  2782 E baseline.com.newsblur.network.APIResponse: 	at okhttp3.internal.http.RealInterceptorChain.proceed(RealInterceptorChain.java:117)
08-05 19:56:34.368 29070  2782 E baseline.com.newsblur.network.APIResponse: 	at okhttp3.RealCall.getResponseWithInterceptorChain(RealCall.java:229)
08-05 19:56:34.368 29070  2782 E baseline.com.newsblur.network.APIResponse: 	at okhttp3.RealCall.execute(RealCall.java:81)
08-05 19:56:34.368 29070  2782 E baseline.com.newsblur.network.APIResponse: 	at baseline.com.newsblur.network.APIResponse.<init>(APIResponse.java:57)
08-05 19:56:34.368 29070  2782 E baseline.com.newsblur.network.APIResponse: 	at baseline.com.newsblur.network.APIResponse.<init>(APIResponse.java:43)
08-05 19:56:34.368 29070  2782 E baseline.com.newsblur.network.APIResponse: 	at baseline.com.newsblur.network.APIManager.post_single(APIManager.java:702)
08-05 19:56:34.368 29070  2782 E baseline.com.newsblur.network.APIResponse: 	at baseline.com.newsblur.network.APIManager.post(APIManager.java:675)
08-05 19:56:34.368 29070  2782 E baseline.com.newsblur.network.APIResponse: 	at baseline.com.newsblur.network.APIManager.post(APIManager.java:714)
08-05 19:56:34.368 29070  2782 E baseline.com.newsblur.network.APIResponse: 	at baseline.com.newsblur.network.APIManager.markStoryAsRead(APIManager.java:205)
08-05 19:56:34.368 29070  2782 E baseline.com.newsblur.network.APIResponse: 	at baseline.com.newsblur.util.ReadingAction.doRemote(ReadingAction.java:281)
08-05 19:56:34.368 29070  2782 E baseline.com.newsblur.network.APIResponse: 	at baseline.com.newsblur.service.NBSyncService.syncActions(NBSyncService.java:400)
08-05 19:56:34.368 29070  2782 E baseline.com.newsblur.network.APIResponse: 	at baseline.com.newsblur.service.NBSyncService.doSync(NBSyncService.java:298)
08-05 19:56:34.368 29070  2782 E baseline.com.newsblur.network.APIResponse: 	at baseline.com.newsblur.service.NBSyncService.access$100(NBSyncService.java:67)
08-05 19:56:34.368 29070  2782 E baseline.com.newsblur.network.APIResponse: 	at baseline.com.newsblur.service.NBSyncService$1.run(NBSyncService.java:188)
08-05 19:56:34.368 29070  2782 E baseline.com.newsblur.network.APIResponse: 	at java.util.concurrent.ThreadPoolExecutor.runWorker(ThreadPoolExecutor.java:1113)
08-05 19:56:34.368 29070  2782 E baseline.com.newsblur.network.APIResponse: 	at java.util.concurrent.ThreadPoolExecutor$Worker.run(ThreadPoolExecutor.java:588)
08-05 19:56:34.368 29070  2782 E baseline.com.newsblur.network.APIResponse: 	at java.lang.Thread.run(Thread.java:818)
08-05 19:56:34.368 29070  2782 E baseline.com.newsblur.network.APIResponse: Caused by: java.io.EOFException: \n not found: limit=0 content=
08-05 19:56:34.368 29070  2782 E baseline.com.newsblur.network.APIResponse: 	at okio.RealBufferedSource.readUtf8LineStrict(RealBufferedSource.java:240)
08-05 19:56:34.368 29070  2782 E baseline.com.newsblur.network.APIResponse: 	at okhttp3.internal.http1.Http1ExchangeCodec.readHeaderLine(Http1ExchangeCodec.java:242)
08-05 19:56:34.368 29070  2782 E baseline.com.newsblur.network.APIResponse: 	at okhttp3.internal.http1.Http1ExchangeCodec.readResponseHeaders(Http1ExchangeCodec.java:213)
08-05 19:56:34.368 29070  2782 E baseline.com.newsblur.network.APIResponse: 	... 30 more
08-05 19:56:34.370 29070  2782 I baseline.com.newsblur.network.APIManager: API call failed, pausing before retry number 2
08-05 19:56:34.384 29070  2197 I art     : Explicit concurrent mark sweep GC freed 793(195KB) AllocSpace objects, 2(40KB) LOS objects, 30% free, 36MB/52MB, paused 1.059ms total 32.412ms
08-05 19:56:34.396 29070  2197 I art     : Starting a blocking GC Explicit
08-05 19:56:34.401  2695  2695 I ServiceManager: Waiting for service AtCmdFwd...
08-05 19:56:34.430 29070  2197 I art     : Explicit concurrent mark sweep GC freed 99(15KB) AllocSpace objects, 0(0B) LOS objects, 30% free, 36MB/52MB, paused 1.042ms total 33.453ms
08-05 19:56:34.443 29070  2197 I art     : Starting a blocking GC Explicit
08-05 19:56:34.482 29070  2197 I art     : Explicit concurrent mark sweep GC freed 25(832B) AllocSpace objects, 0(0B) LOS objects, 30% free, 36MB/52MB, paused 1.038ms total 37.917ms
08-05 19:56:34.830 29070 29081 I art     : Starting a blocking GC Explicit
08-05 19:56:34.868 29070 29081 I art     : Explicit concurrent mark sweep GC freed 1440(83KB) AllocSpace objects, 1(20KB) LOS objects, 30% free, 36MB/52MB, paused 1.169ms total 37.545ms
08-05 19:56:34.882 29070 29081 I art     : Starting a blocking GC Explicit
08-05 19:56:34.915 29070 29081 I art     : Explicit concurrent mark sweep GC freed 22(784B) AllocSpace objects, 0(0B) LOS objects, 30% free, 36MB/52MB, paused 1.027ms total 32.808ms
08-05 19:56:34.927 29070 29081 I art     : Starting a blocking GC Explicit
08-05 19:56:34.962 29070 29081 I art     : Explicit concurrent mark sweep GC freed 3(96B) AllocSpace objects, 0(0B) LOS objects, 30% free, 36MB/52MB, paused 1.040ms total 34.432ms
08-05 19:56:34.974 29070 29081 I art     : Starting a blocking GC Explicit
08-05 19:56:35.012 29070 29081 I art     : Explicit concurrent mark sweep GC freed 3(96B) AllocSpace objects, 0(0B) LOS objects, 30% free, 36MB/52MB, paused 1.289ms total 37.501ms
08-05 19:56:35.025 29070 29081 I art     : Starting a blocking GC Explicit
08-05 19:56:35.064 29070 29081 I art     : Explicit concurrent mark sweep GC freed 3(96B) AllocSpace objects, 0(0B) LOS objects, 30% free, 36MB/52MB, paused 1.047ms total 38.494ms
08-05 19:56:35.402  2695  2695 W Atfwd_Sendcmd: AtCmdFwd service not published, waiting... retryCnt : 1
08-05 19:56:35.412 29070  2422 I art     : Starting a blocking GC Explicit
08-05 19:56:35.451 29070  2422 I art     : Explicit concurrent mark sweep GC freed 1440(83KB) AllocSpace objects, 1(20KB) LOS objects, 30% free, 36MB/52MB, paused 1.077ms total 38.673ms
08-05 19:56:35.466 29070  2422 I art     : Starting a blocking GC Explicit
08-05 19:56:35.503 29070  2422 I art     : Explicit concurrent mark sweep GC freed 22(784B) AllocSpace objects, 0(0B) LOS objects, 30% free, 36MB/52MB, paused 1.175ms total 37.461ms
08-05 19:56:35.517 29070  2422 I art     : Starting a blocking GC Explicit
08-05 19:56:35.552 29070  2422 I art     : Explicit concurrent mark sweep GC freed 3(96B) AllocSpace objects, 0(0B) LOS objects, 30% free, 36MB/52MB, paused 1.084ms total 34.425ms
08-05 19:56:35.564 29070  2422 I art     : Starting a blocking GC Explicit
08-05 19:56:35.598 29070  2422 I art     : Explicit concurrent mark sweep GC freed 3(96B) AllocSpace objects, 0(0B) LOS objects, 30% free, 36MB/52MB, paused 1.083ms total 33.505ms
08-05 19:56:35.611 29070  2422 I art     : Starting a blocking GC Explicit
08-05 19:56:35.649 29070  2422 I art     : Explicit concurrent mark sweep GC freed 3(96B) AllocSpace objects, 0(0B) LOS objects, 30% free, 36MB/52MB, paused 1.070ms total 37.681ms
08-05 19:56:36.002 29070 29082 I art     : Starting a blocking GC Explicit
08-05 19:56:36.041 29070 29082 I art     : Explicit concurrent mark sweep GC freed 1439(83KB) AllocSpace objects, 1(20KB) LOS objects, 30% free, 36MB/52MB, paused 1.197ms total 37.590ms
08-05 19:56:36.054   518   646 I ThermalEngine: ACTION: GPU - Setting GPU[0] to 390000000
08-05 19:56:36.073 29070 29082 I art     : Starting a blocking GC Explicit
08-05 19:56:36.130 29070 29082 I art     : Explicit concurrent mark sweep GC freed 22(784B) AllocSpace objects, 0(0B) LOS objects, 30% free, 36MB/52MB, paused 3.348ms total 56.761ms
08-05 19:56:36.151 29070 29082 I art     : Starting a blocking GC Explicit
08-05 19:56:36.201 29070 29082 I art     : Explicit concurrent mark sweep GC freed 3(96B) AllocSpace objects, 0(0B) LOS objects, 30% free, 36MB/52MB, paused 1.877ms total 49.276ms
08-05 19:56:36.222 29070 29082 I art     : Starting a blocking GC Explicit
08-05 19:56:36.272 29070 29082 I art     : Explicit concurrent mark sweep GC freed 3(96B) AllocSpace objects, 0(0B) LOS objects, 30% free, 36MB/52MB, paused 2.200ms total 49.724ms
08-05 19:56:36.279 13866 13882 I PeriodicStatsRunner: PeriodicStatsRunner.call():175 call()
08-05 19:56:36.280 13866 13882 I PeriodicStatsRunner: PeriodicStatsRunner.call():179 No submit PeriodicStats since input started.
08-05 19:56:36.293 29070 29082 I art     : Starting a blocking GC Explicit
08-05 19:56:36.346 29070 29082 I art     : Explicit concurrent mark sweep GC freed 3(96B) AllocSpace objects, 0(0B) LOS objects, 30% free, 36MB/52MB, paused 2.796ms total 51.910ms
08-05 19:56:36.751 29070  2422 I art     : Starting a blocking GC Explicit
08-05 19:56:36.804 29070  2422 I art     : Explicit concurrent mark sweep GC freed 1439(82KB) AllocSpace objects, 1(20KB) LOS objects, 30% free, 36MB/52MB, paused 3.942ms total 52.434ms
08-05 19:56:36.822 29070  2422 I art     : Starting a blocking GC Explicit
08-05 19:56:36.865 29070  2422 I art     : Explicit concurrent mark sweep GC freed 22(784B) AllocSpace objects, 0(0B) LOS objects, 30% free, 36MB/52MB, paused 1.769ms total 42.908ms
08-05 19:56:36.883 29070  2422 I art     : Starting a blocking GC Explicit
08-05 19:56:36.932 29070  2422 I art     : Explicit concurrent mark sweep GC freed 3(96B) AllocSpace objects, 0(0B) LOS objects, 30% free, 36MB/52MB, paused 2.386ms total 48.909ms
08-05 19:56:36.953 29070  2422 I art     : Starting a blocking GC Explicit
08-05 19:56:37.004 29070  2422 I art     : Explicit concurrent mark sweep GC freed 3(96B) AllocSpace objects, 0(0B) LOS objects, 30% free, 36MB/52MB, paused 2.194ms total 51.186ms
08-05 19:56:37.026 29070  2422 I art     : Starting a blocking GC Explicit
08-05 19:56:37.079 29070  2422 I art     : Explicit concurrent mark sweep GC freed 3(96B) AllocSpace objects, 0(0B) LOS objects, 30% free, 36MB/52MB, paused 2.653ms total 52.708ms
08-05 19:56:37.487 29070  2422 I art     : Starting a blocking GC Explicit
08-05 19:56:37.540 29070  2422 I art     : Explicit concurrent mark sweep GC freed 1597(91KB) AllocSpace objects, 1(20KB) LOS objects, 30% free, 36MB/52MB, paused 2.467ms total 52.570ms
08-05 19:56:37.561 29070  2422 I art     : Starting a blocking GC Explicit
08-05 19:56:37.614 29070  2422 I art     : Explicit concurrent mark sweep GC freed 34(1344B) AllocSpace objects, 0(0B) LOS objects, 30% free, 36MB/52MB, paused 3.035ms total 52.556ms
08-05 19:56:37.635 29070  2422 I art     : Starting a blocking GC Explicit
08-05 19:56:37.686 29070  2422 I art     : Explicit concurrent mark sweep GC freed 3(96B) AllocSpace objects, 0(0B) LOS objects, 30% free, 36MB/52MB, paused 1.864ms total 50.636ms
08-05 19:56:37.707 29070  2422 I art     : Starting a blocking GC Explicit
08-05 19:56:37.764 29070  2422 I art     : Explicit concurrent mark sweep GC freed 3(96B) AllocSpace objects, 0(0B) LOS objects, 30% free, 36MB/52MB, paused 2.989ms total 56.052ms
08-05 19:56:37.784 29070  2422 I art     : Starting a blocking GC Explicit
08-05 19:56:37.834 29070  2422 I art     : Explicit concurrent mark sweep GC freed 3(96B) AllocSpace objects, 0(0B) LOS objects, 30% free, 36MB/52MB, paused 1.950ms total 49.315ms
08-05 19:56:37.955 29070  2782 E baseline.com.newsblur.network.APIResponse: Error (unexpected end of stream on https://www.newsblur.com/...) calling https://www.newsblur.com/reader/mark_story_hashes_as_read/
08-05 19:56:37.955 29070  2782 E baseline.com.newsblur.network.APIResponse: java.io.IOException: unexpected end of stream on https://www.newsblur.com/...
08-05 19:56:37.955 29070  2782 E baseline.com.newsblur.network.APIResponse: 	at okhttp3.internal.http1.Http1ExchangeCodec.readResponseHeaders(Http1ExchangeCodec.java:236)
08-05 19:56:37.955 29070  2782 E baseline.com.newsblur.network.APIResponse: 	at okhttp3.internal.connection.Exchange.readResponseHeaders(Exchange.java:115)
08-05 19:56:37.955 29070  2782 E baseline.com.newsblur.network.APIResponse: 	at okhttp3.internal.http.CallServerInterceptor.intercept(CallServerInterceptor.java:94)
08-05 19:56:37.955 29070  2782 E baseline.com.newsblur.network.APIResponse: 	at okhttp3.internal.http.RealInterceptorChain.proceed(RealInterceptorChain.java:142)
08-05 19:56:37.955 29070  2782 E baseline.com.newsblur.network.APIResponse: 	at okhttp3.internal.connection.ConnectInterceptor.intercept(ConnectInterceptor.java:43)
08-05 19:56:37.955 29070  2782 E baseline.com.newsblur.network.APIResponse: 	at okhttp3.internal.http.RealInterceptorChain.proceed(RealInterceptorChain.java:142)
08-05 19:56:37.955 29070  2782 E baseline.com.newsblur.network.APIResponse: 	at okhttp3.internal.http.RealInterceptorChain.proceed(RealInterceptorChain.java:117)
08-05 19:56:37.955 29070  2782 E baseline.com.newsblur.network.APIResponse: 	at okhttp3.internal.cache.CacheInterceptor.intercept(CacheInterceptor.java:94)
08-05 19:56:37.955 29070  2782 E baseline.com.newsblur.network.APIResponse: 	at okhttp3.internal.http.RealInterceptorChain.proceed(RealInterceptorChain.java:142)
08-05 19:56:37.955 29070  2782 E baseline.com.newsblur.network.APIResponse: 	at okhttp3.internal.http.RealInterceptorChain.proceed(RealInterceptorChain.java:117)
08-05 19:56:37.955 29070  2782 E baseline.com.newsblur.network.APIResponse: 	at okhttp3.internal.http.BridgeInterceptor.intercept(BridgeInterceptor.java:93)
08-05 19:56:37.955 29070  2782 E baseline.com.newsblur.network.APIResponse: 	at okhttp3.internal.http.RealInterceptorChain.proceed(RealInterceptorChain.java:142)
08-05 19:56:37.955 29070  2782 E baseline.com.newsblur.network.APIResponse: 	at okhttp3.internal.http.RetryAndFollowUpInterceptor.intercept(RetryAndFollowUpInterceptor.java:88)
08-05 19:56:37.955 29070  2782 E baseline.com.newsblur.network.APIResponse: 	at okhttp3.internal.http.RealInterceptorChain.proceed(RealInterceptorChain.java:142)
08-05 19:56:37.955 29070  2782 E baseline.com.newsblur.network.APIResponse: 	at okhttp3.internal.http.RealInterceptorChain.proceed(RealInterceptorChain.java:117)
08-05 19:56:37.955 29070  2782 E baseline.com.newsblur.network.APIResponse: 	at okhttp3.RealCall.getResponseWithInterceptorChain(RealCall.java:229)
08-05 19:56:37.955 29070  2782 E baseline.com.newsblur.network.APIResponse: 	at okhttp3.RealCall.execute(RealCall.java:81)
08-05 19:56:37.955 29070  2782 E baseline.com.newsblur.network.APIResponse: 	at baseline.com.newsblur.network.APIResponse.<init>(APIResponse.java:57)
08-05 19:56:37.955 29070  2782 E baseline.com.newsblur.network.APIResponse: 	at baseline.com.newsblur.network.APIResponse.<init>(APIResponse.java:43)
08-05 19:56:37.955 29070  2782 E baseline.com.newsblur.network.APIResponse: 	at baseline.com.newsblur.network.APIManager.post_single(APIManager.java:702)
08-05 19:56:37.955 29070  2782 E baseline.com.newsblur.network.APIResponse: 	at baseline.com.newsblur.network.APIManager.post(APIManager.java:675)
08-05 19:56:37.955 29070  2782 E baseline.com.newsblur.network.APIResponse: 	at baseline.com.newsblur.network.APIManager.post(APIManager.java:714)
08-05 19:56:37.955 29070  2782 E baseline.com.newsblur.network.APIResponse: 	at baseline.com.newsblur.network.APIManager.markStoryAsRead(APIManager.java:205)
08-05 19:56:37.955 29070  2782 E baseline.com.newsblur.network.APIResponse: 	at baseline.com.newsblur.util.ReadingAction.doRemote(ReadingAction.java:281)
08-05 19:56:37.955 29070  2782 E baseline.com.newsblur.network.APIResponse: 	at baseline.com.newsblur.service.NBSyncService.syncActions(NBSyncService.java:400)
08-05 19:56:37.955 29070  2782 E baseline.com.newsblur.network.APIResponse: 	at baseline.com.newsblur.service.NBSyncService.doSync(NBSyncService.java:298)
08-05 19:56:37.955 29070  2782 E baseline.com.newsblur.network.APIResponse: 	at baseline.com.newsblur.service.NBSyncService.access$100(NBSyncService.java:67)
08-05 19:56:37.955 29070  2782 E baseline.com.newsblur.network.APIResponse: 	at baseline.com.newsblur.service.NBSyncService$1.run(NBSyncService.java:188)
08-05 19:56:37.955 29070  2782 E baseline.com.newsblur.network.APIResponse: 	at java.util.concurrent.ThreadPoolExecutor.runWorker(ThreadPoolExecutor.java:1113)
08-05 19:56:37.955 29070  2782 E baseline.com.newsblur.network.APIResponse: 	at java.util.concurrent.ThreadPoolExecutor$Worker.run(ThreadPoolExecutor.java:588)
08-05 19:56:37.955 29070  2782 E baseline.com.newsblur.network.APIResponse: 	at java.lang.Thread.run(Thread.java:818)
08-05 19:56:37.955 29070  2782 E baseline.com.newsblur.network.APIResponse: Caused by: java.io.EOFException: \n not found: limit=0 content=
08-05 19:56:37.955 29070  2782 E baseline.com.newsblur.network.APIResponse: 	at okio.RealBufferedSource.readUtf8LineStrict(RealBufferedSource.java:240)
08-05 19:56:37.955 29070  2782 E baseline.com.newsblur.network.APIResponse: 	at okhttp3.internal.http1.Http1ExchangeCodec.readHeaderLine(Http1ExchangeCodec.java:242)
08-05 19:56:37.955 29070  2782 E baseline.com.newsblur.network.APIResponse: 	at okhttp3.internal.http1.Http1ExchangeCodec.readResponseHeaders(Http1ExchangeCodec.java:213)
08-05 19:56:37.955 29070  2782 E baseline.com.newsblur.network.APIResponse: 	... 30 more
08-05 19:56:37.957 29070  2782 I baseline.com.newsblur.service.NBSyncService: Holding reading action with server-side or network error.
08-05 19:56:37.987 29070  2782 W baseline.com.newsblur.service.NBSyncService: hard API failure
08-05 19:56:38.208 29070 29081 I art     : Starting a blocking GC Explicit
08-05 19:56:38.254 29070 29081 I art     : Explicit concurrent mark sweep GC freed 4924(564KB) AllocSpace objects, 16(320KB) LOS objects, 30% free, 36MB/52MB, paused 1.912ms total 45.632ms
08-05 19:56:38.273 29070 29081 I art     : Starting a blocking GC Explicit
08-05 19:56:38.317 29070 29081 I art     : Explicit concurrent mark sweep GC freed 607(22KB) AllocSpace objects, 0(0B) LOS objects, 30% free, 36MB/52MB, paused 1.577ms total 43.330ms
08-05 19:56:38.334 29070 29081 I art     : Starting a blocking GC Explicit
08-05 19:56:38.378 29070 29081 I art     : Explicit concurrent mark sweep GC freed 3(96B) AllocSpace objects, 0(0B) LOS objects, 30% free, 36MB/52MB, paused 1.702ms total 43.008ms
08-05 19:56:38.396 29070 29081 I art     : Starting a blocking GC Explicit
08-05 19:56:38.440 29070 29081 I art     : Explicit concurrent mark sweep GC freed 3(96B) AllocSpace objects, 0(0B) LOS objects, 30% free, 36MB/52MB, paused 1.748ms total 43.433ms
08-05 19:56:38.462 29070 29081 I art     : Starting a blocking GC Explicit
08-05 19:56:38.502 29070 29081 I art     : Explicit concurrent mark sweep GC freed 3(96B) AllocSpace objects, 0(0B) LOS objects, 30% free, 36MB/52MB, paused 1.580ms total 40.040ms
08-05 19:56:38.894 29070 29082 I art     : Starting a blocking GC Explicit
08-05 19:56:38.937 29070 29082 I art     : Explicit concurrent mark sweep GC freed 1401(80KB) AllocSpace objects, 1(20KB) LOS objects, 30% free, 36MB/52MB, paused 1.539ms total 43.494ms
08-05 19:56:38.956 29070 29082 I art     : Starting a blocking GC Explicit
08-05 19:56:38.999 29070 29082 I art     : Explicit concurrent mark sweep GC freed 20(704B) AllocSpace objects, 0(0B) LOS objects, 30% free, 36MB/52MB, paused 1.792ms total 43.080ms
08-05 19:56:39.017 29070 29082 I art     : Starting a blocking GC Explicit
08-05 19:56:39.060 29070 29082 I art     : Explicit concurrent mark sweep GC freed 3(96B) AllocSpace objects, 0(0B) LOS objects, 30% free, 36MB/52MB, paused 1.756ms total 42.854ms
08-05 19:56:39.078 29070 29082 I art     : Starting a blocking GC Explicit
08-05 19:56:39.122 29070 29082 I art     : Explicit concurrent mark sweep GC freed 3(96B) AllocSpace objects, 0(0B) LOS objects, 30% free, 36MB/52MB, paused 1.577ms total 42.948ms
08-05 19:56:39.140 29070 29082 I art     : Starting a blocking GC Explicit
08-05 19:56:39.183 29070 29082 I art     : Explicit concurrent mark sweep GC freed 3(96B) AllocSpace objects, 0(0B) LOS objects, 30% free, 36MB/52MB, paused 1.598ms total 42.821ms
08-05 19:56:39.560 29070  2422 I art     : Starting a blocking GC Explicit
08-05 19:56:39.605 29070  2422 I art     : Explicit concurrent mark sweep GC freed 1398(80KB) AllocSpace objects, 1(20KB) LOS objects, 30% free, 36MB/52MB, paused 1.921ms total 44.156ms
08-05 19:56:39.624 29070  2422 I art     : Starting a blocking GC Explicit
08-05 19:56:39.666 29070  2422 I art     : Explicit concurrent mark sweep GC freed 20(704B) AllocSpace objects, 0(0B) LOS objects, 30% free, 36MB/52MB, paused 1.651ms total 40.927ms
08-05 19:56:39.683 29070  2422 I art     : Starting a blocking GC Explicit
08-05 19:56:39.726 29070  2422 I art     : Explicit concurrent mark sweep GC freed 3(96B) AllocSpace objects, 0(0B) LOS objects, 30% free, 36MB/52MB, paused 1.522ms total 42.062ms
08-05 19:56:39.744 29070  2422 I art     : Starting a blocking GC Explicit
08-05 19:56:39.787 29070  2422 I art     : Explicit concurrent mark sweep GC freed 3(96B) AllocSpace objects, 0(0B) LOS objects, 30% free, 36MB/52MB, paused 1.523ms total 42.682ms
08-05 19:56:39.804 29070  2422 I art     : Starting a blocking GC Explicit
08-05 19:56:39.848 29070  2422 I art     : Explicit concurrent mark sweep GC freed 3(96B) AllocSpace objects, 0(0B) LOS objects, 30% free, 36MB/52MB, paused 2.081ms total 43.011ms
08-05 19:56:40.057   518   646 I ThermalEngine: ACTION: GPU - Setting GPU[0] to 450000000
08-05 19:56:40.207 29070  2197 I art     : Starting a blocking GC Explicit
08-05 19:56:40.244 29070  2197 I art     : Explicit concurrent mark sweep GC freed 1398(80KB) AllocSpace objects, 1(20KB) LOS objects, 30% free, 36MB/52MB, paused 1.105ms total 35.888ms
08-05 19:56:40.259 29070  2197 I art     : Starting a blocking GC Explicit
08-05 19:56:40.294 29070  2197 I art     : Explicit concurrent mark sweep GC freed 20(704B) AllocSpace objects, 0(0B) LOS objects, 30% free, 36MB/52MB, paused 1.068ms total 35.633ms
08-05 19:56:40.306 29070  2197 I art     : Starting a blocking GC Explicit
08-05 19:56:40.343 29070  2197 I art     : Explicit concurrent mark sweep GC freed 3(96B) AllocSpace objects, 0(0B) LOS objects, 30% free, 36MB/52MB, paused 1.109ms total 36.955ms
08-05 19:56:40.356 29070  2197 I art     : Starting a blocking GC Explicit
08-05 19:56:40.394 29070  2197 I art     : Explicit concurrent mark sweep GC freed 3(96B) AllocSpace objects, 0(0B) LOS objects, 30% free, 36MB/52MB, paused 1.115ms total 37.521ms
08-05 19:56:40.402  2695  2695 I ServiceManager: Waiting for service AtCmdFwd...
08-05 19:56:40.406 29070  2197 I art     : Starting a blocking GC Explicit
08-05 19:56:40.443 29070  2197 I art     : Explicit concurrent mark sweep GC freed 3(96B) AllocSpace objects, 0(0B) LOS objects, 30% free, 36MB/52MB, paused 1.107ms total 36.285ms
08-05 19:56:40.800 29070 29081 I art     : Starting a blocking GC Explicit
08-05 19:56:40.836 29070 29081 I art     : Explicit concurrent mark sweep GC freed 1398(80KB) AllocSpace objects, 1(20KB) LOS objects, 30% free, 36MB/52MB, paused 1.093ms total 35.722ms
08-05 19:56:40.850 29070 29081 I art     : Starting a blocking GC Explicit
08-05 19:56:40.885 29070 29081 I art     : Explicit concurrent mark sweep GC freed 20(704B) AllocSpace objects, 0(0B) LOS objects, 30% free, 36MB/52MB, paused 1.120ms total 35.099ms
08-05 19:56:40.897 29070 29081 I art     : Starting a blocking GC Explicit
08-05 19:56:40.933 29070 29081 I art     : Explicit concurrent mark sweep GC freed 3(96B) AllocSpace objects, 0(0B) LOS objects, 30% free, 36MB/52MB, paused 1.139ms total 35.189ms
08-05 19:56:40.945 29070 29081 I art     : Starting a blocking GC Explicit
08-05 19:56:40.981 29070 29081 I art     : Explicit concurrent mark sweep GC freed 3(96B) AllocSpace objects, 0(0B) LOS objects, 30% free, 36MB/52MB, paused 1.099ms total 35.475ms
08-05 19:56:40.993 29070 29081 I art     : Starting a blocking GC Explicit
08-05 19:56:41.028 29070 29081 I art     : Explicit concurrent mark sweep GC freed 3(96B) AllocSpace objects, 0(0B) LOS objects, 30% free, 36MB/52MB, paused 1.107ms total 35.145ms
08-05 19:56:41.403  2695  2695 I ServiceManager: Waiting for service AtCmdFwd...
08-05 19:56:41.404 29070 29082 I art     : Starting a blocking GC Explicit
08-05 19:56:41.443 29070 29082 I art     : Explicit concurrent mark sweep GC freed 1398(80KB) AllocSpace objects, 1(20KB) LOS objects, 30% free, 36MB/52MB, paused 1.136ms total 38.041ms
08-05 19:56:41.457 29070 29082 I art     : Starting a blocking GC Explicit
08-05 19:56:41.493 29070 29082 I art     : Explicit concurrent mark sweep GC freed 20(704B) AllocSpace objects, 0(0B) LOS objects, 30% free, 36MB/52MB, paused 1.082ms total 35.765ms
08-05 19:56:41.506 29070 29082 I art     : Starting a blocking GC Explicit
08-05 19:56:41.542 29070 29082 I art     : Explicit concurrent mark sweep GC freed 3(96B) AllocSpace objects, 0(0B) LOS objects, 30% free, 36MB/52MB, paused 1.097ms total 36.530ms
08-05 19:56:41.555 29070 29082 I art     : Starting a blocking GC Explicit
08-05 19:56:41.592 29070 29082 I art     : Explicit concurrent mark sweep GC freed 3(96B) AllocSpace objects, 0(0B) LOS objects, 30% free, 36MB/52MB, paused 1.116ms total 36.614ms
08-05 19:56:41.604 29070 29082 I art     : Starting a blocking GC Explicit
08-05 19:56:41.640 29070 29082 I art     : Explicit concurrent mark sweep GC freed 3(96B) AllocSpace objects, 0(0B) LOS objects, 30% free, 36MB/52MB, paused 1.125ms total 35.757ms
08-05 19:56:41.987 29070  2422 I art     : Starting a blocking GC Explicit
08-05 19:56:42.024 29070  2422 I art     : Explicit concurrent mark sweep GC freed 1417(81KB) AllocSpace objects, 1(20KB) LOS objects, 30% free, 36MB/52MB, paused 1.147ms total 35.981ms
08-05 19:56:42.036 29070  2422 I art     : Starting a blocking GC Explicit
08-05 19:56:42.073 29070  2422 I art     : Explicit concurrent mark sweep GC freed 26(928B) AllocSpace objects, 0(0B) LOS objects, 30% free, 36MB/52MB, paused 1.066ms total 36.474ms
08-05 19:56:42.085 29070  2422 I art     : Starting a blocking GC Explicit
08-05 19:56:42.122 29070  2422 I art     : Explicit concurrent mark sweep GC freed 3(96B) AllocSpace objects, 0(0B) LOS objects, 30% free, 36MB/52MB, paused 1.041ms total 37.155ms
08-05 19:56:42.135 29070  2422 I art     : Starting a blocking GC Explicit
08-05 19:56:42.172 29070  2422 I art     : Explicit concurrent mark sweep GC freed 3(96B) AllocSpace objects, 0(0B) LOS objects, 30% free, 36MB/52MB, paused 1.085ms total 37.256ms
08-05 19:56:42.184 29070  2422 I art     : Starting a blocking GC Explicit
08-05 19:56:42.222 29070  2422 I art     : Explicit concurrent mark sweep GC freed 3(96B) AllocSpace objects, 0(0B) LOS objects, 30% free, 36MB/52MB, paused 1.134ms total 37.708ms
08-05 19:56:42.404  2695  2695 I ServiceManager: Waiting for service AtCmdFwd...
08-05 19:56:42.594 29070  2197 I art     : Starting a blocking GC Explicit
08-05 19:56:42.631 29070  2197 I art     : Explicit concurrent mark sweep GC freed 1398(80KB) AllocSpace objects, 1(20KB) LOS objects, 30% free, 36MB/52MB, paused 1.054ms total 37.174ms
08-05 19:56:42.646 29070  2197 I art     : Starting a blocking GC Explicit
08-05 19:56:42.681 29070  2197 I art     : Explicit concurrent mark sweep GC freed 20(704B) AllocSpace objects, 0(0B) LOS objects, 30% free, 36MB/52MB, paused 1.084ms total 35.123ms
08-05 19:56:42.693 29070  2197 I art     : Starting a blocking GC Explicit
08-05 19:56:42.730 29070  2197 I art     : Explicit concurrent mark sweep GC freed 3(96B) AllocSpace objects, 0(0B) LOS objects, 30% free, 36MB/52MB, paused 1.201ms total 36.537ms
08-05 19:56:42.742 29070  2197 I art     : Starting a blocking GC Explicit
08-05 19:56:42.777 29070  2197 I art     : Explicit concurrent mark sweep GC freed 3(96B) AllocSpace objects, 0(0B) LOS objects, 30% free, 36MB/52MB, paused 1.151ms total 35.117ms
08-05 19:56:42.789 29070  2197 I art     : Starting a blocking GC Explicit
08-05 19:56:42.826 29070  2197 I art     : Explicit concurrent mark sweep GC freed 3(96B) AllocSpace objects, 0(0B) LOS objects, 30% free, 36MB/52MB, paused 1.112ms total 36.488ms
08-05 19:56:43.194 29070 29081 I art     : Starting a blocking GC Explicit
08-05 19:56:43.233 29070 29081 I art     : Explicit concurrent mark sweep GC freed 1398(80KB) AllocSpace objects, 1(20KB) LOS objects, 30% free, 36MB/52MB, paused 1.076ms total 39.091ms
08-05 19:56:43.248 29070 29081 I art     : Starting a blocking GC Explicit
08-05 19:56:43.283 29070 29081 I art     : Explicit concurrent mark sweep GC freed 20(704B) AllocSpace objects, 0(0B) LOS objects, 30% free, 36MB/52MB, paused 1.046ms total 34.460ms
08-05 19:56:43.294 29070 29081 I art     : Starting a blocking GC Explicit
08-05 19:56:43.328 29070 29081 I art     : Explicit concurrent mark sweep GC freed 3(96B) AllocSpace objects, 0(0B) LOS objects, 30% free, 36MB/52MB, paused 1.117ms total 32.898ms
08-05 19:56:43.339 29070 29081 I art     : Starting a blocking GC Explicit
08-05 19:56:43.372 29070 29081 I art     : Explicit concurrent mark sweep GC freed 3(96B) AllocSpace objects, 0(0B) LOS objects, 30% free, 36MB/52MB, paused 1.148ms total 32.373ms
08-05 19:56:43.383 29070 29081 I art     : Starting a blocking GC Explicit
08-05 19:56:43.404  2695  2695 I ServiceManager: Waiting for service AtCmdFwd...
08-05 19:56:43.417 29070 29081 I art     : Explicit concurrent mark sweep GC freed 3(96B) AllocSpace objects, 0(0B) LOS objects, 30% free, 36MB/52MB, paused 1.265ms total 33.759ms
08-05 19:56:43.423 20114 20252 E GoogleConversionReporter: Error sending ping
08-05 19:56:43.423 20114 20252 E GoogleConversionReporter: bljc: Exception in CronetUrlRequest: net::ERR_CONNECTION_CLOSED, ErrorCode=5, InternalErrorCode=-100, Retryable=true
08-05 19:56:43.423 20114 20252 E GoogleConversionReporter: 	at org.chromium.net.impl.CronetUrlRequest.onError(PG:55)
08-05 19:56:43.761 29070 29082 I art     : Starting a blocking GC Explicit
08-05 19:56:43.798 29070 29082 I art     : Explicit concurrent mark sweep GC freed 1398(80KB) AllocSpace objects, 1(20KB) LOS objects, 30% free, 36MB/52MB, paused 1.313ms total 37.317ms
08-05 19:56:43.812 29070 29082 I art     : Starting a blocking GC Explicit
08-05 19:56:43.822  2996  2996 D AndroidRuntime: >>>>>> START com.android.internal.os.RuntimeInit uid 2000 <<<<<<
08-05 19:56:43.828  2996  2996 D AndroidRuntime: CheckJNI is OFF
08-05 19:56:43.848 29070 29082 I art     : Explicit concurrent mark sweep GC freed 20(704B) AllocSpace objects, 0(0B) LOS objects, 30% free, 36MB/52MB, paused 1.196ms total 35.084ms
08-05 19:56:43.859 29070 29082 I art     : Starting a blocking GC Explicit
08-05 19:56:43.876  2996  2996 D ICU     : No timezone override file found: /data/misc/zoneinfo/current/icu/icu_tzdata.dat
08-05 19:56:43.893 29070 29082 I art     : Explicit concurrent mark sweep GC freed 3(96B) AllocSpace objects, 0(0B) LOS objects, 30% free, 36MB/52MB, paused 1.154ms total 33.919ms
08-05 19:56:43.905 29070 29082 I art     : Starting a blocking GC Explicit
08-05 19:56:43.923  2996  2996 I Radio-JNI: register_android_hardware_Radio DONE
08-05 19:56:43.941 29070 29082 I art     : Explicit concurrent mark sweep GC freed 3(96B) AllocSpace objects, 0(0B) LOS objects, 30% free, 36MB/52MB, paused 1.169ms total 35.122ms
08-05 19:56:43.952 29070 29082 I art     : Starting a blocking GC Explicit
08-05 19:56:43.953  2996  2996 D AndroidRuntime: Calling main entry com.android.commands.input.Input
08-05 19:56:43.955  2996  2996 I Input   : injectKeyEvent: KeyEvent { action=ACTION_DOWN, keyCode=KEYCODE_BACK, scanCode=0, metaState=0, flags=0x0, repeatCount=0, eventTime=820620368, downTime=820620368, deviceId=-1, source=0x101 }
08-05 19:56:43.962  2996  2996 I Input   : injectKeyEvent: KeyEvent { action=ACTION_UP, keyCode=KEYCODE_BACK, scanCode=0, metaState=0, flags=0x0, repeatCount=0, eventTime=820620368, downTime=820620368, deviceId=-1, source=0x101 }
08-05 19:56:43.970  2996  2996 D AndroidRuntime: Shutting down VM
08-05 19:56:43.986 29070 29082 I art     : Explicit concurrent mark sweep GC freed 192(25KB) AllocSpace objects, 2(40KB) LOS objects, 30% free, 36MB/52MB, paused 1.187ms total 32.855ms
08-05 19:56:44.111 13866 13866 I GoogleInputMethodServic: GoogleInputMethodService.onFinishInput():3138 
08-05 19:56:44.112 13866 13866 I GoogleInputMethodServic: GoogleInputMethodService.onStartInput():1808 
08-05 19:56:44.307 29070 29082 I art     : Starting a blocking GC Explicit
08-05 19:56:44.351 29070 29082 I art     : Explicit concurrent mark sweep GC freed 4397(340KB) AllocSpace objects, 9(188KB) LOS objects, 30% free, 36MB/52MB, paused 1.185ms total 43.045ms
08-05 19:56:44.367 29070 29082 I art     : Starting a blocking GC Explicit
08-05 19:56:44.405  2695  2695 I ServiceManager: Waiting for service AtCmdFwd...
08-05 19:56:44.407 29070 29082 I art     : Explicit concurrent mark sweep GC freed 251(11KB) AllocSpace objects, 0(0B) LOS objects, 30% free, 36MB/52MB, paused 1.281ms total 39.349ms
08-05 19:56:44.420 29070 29082 I art     : Starting a blocking GC Explicit
08-05 19:56:44.456 29070 29082 I art     : Explicit concurrent mark sweep GC freed 1189(53KB) AllocSpace objects, 0(0B) LOS objects, 30% free, 36MB/52MB, paused 1.256ms total 35.527ms
08-05 19:56:44.469 29070 29082 I art     : Starting a blocking GC Explicit
08-05 19:56:44.500 29070 29082 I art     : Explicit concurrent mark sweep GC freed 107(8KB) AllocSpace objects, 0(0B) LOS objects, 30% free, 36MB/52MB, paused 1.085ms total 30.830ms
08-05 19:56:44.511 29070 29082 I art     : Starting a blocking GC Explicit
08-05 19:56:44.545 29070 29082 I art     : Explicit concurrent mark sweep GC freed 132(6KB) AllocSpace objects, 0(0B) LOS objects, 30% free, 36MB/52MB, paused 1.182ms total 33.410ms
08-05 19:56:44.743 29070  3019 I NAPPA_EXPERIMENTATION: MetricNetworkRequestExecutionTime: REQUEST_DURATION_SYSTEM='617',REQUEST_DURATION_OKHTTP='46',REQUEST_SYNCHRONOUS='TRUE',RESPONSE_CODE='200',RESPONSE_METHOD='GET',RESPONSE_LENGTH_OKHTTP='-1',RESPONSE_LENGTH_HEADER='12364',REQUEST_PROTOCOL='http/1.1',REQUEST_URL='https://www.newsblur.com/social/river_stories?order=newest&page=2&read_filter=all&global_feed=true',
08-05 19:56:44.743 29070  3019 D MY_TAG  : 0, 617
08-05 19:56:44.897 29070  2197 I art     : Starting a blocking GC Explicit
08-05 19:56:44.944 29070  2197 I art     : Explicit concurrent mark sweep GC freed 37349(2MB) AllocSpace objects, 37(1080KB) LOS objects, 30% free, 37MB/53MB, paused 1.225ms total 46.190ms
08-05 19:56:44.958 29070  2197 I art     : Starting a blocking GC Explicit
08-05 19:56:44.993 29070  2197 I art     : Explicit concurrent mark sweep GC freed 1725(203KB) AllocSpace objects, 0(0B) LOS objects, 30% free, 36MB/52MB, paused 1.097ms total 34.415ms
08-05 19:56:45.004 29070  2197 I art     : Starting a blocking GC Explicit
08-05 19:56:45.037 29070  2197 I art     : Explicit concurrent mark sweep GC freed 1803(132KB) AllocSpace objects, 0(0B) LOS objects, 30% free, 36MB/52MB, paused 1.111ms total 32.161ms
08-05 19:56:45.049 29070  2197 I art     : Starting a blocking GC Explicit
08-05 19:56:45.082 29070  2197 I art     : Explicit concurrent mark sweep GC freed 7(224B) AllocSpace objects, 0(0B) LOS objects, 30% free, 36MB/52MB, paused 1.109ms total 33.059ms
08-05 19:56:45.094 29070  2197 I art     : Starting a blocking GC Explicit
08-05 19:56:45.130 29070  2197 I art     : Explicit concurrent mark sweep GC freed 9(288B) AllocSpace objects, 0(0B) LOS objects, 30% free, 36MB/52MB, paused 1.150ms total 35.666ms
08-05 19:56:45.405  2695  2695 W Atfwd_Sendcmd: AtCmdFwd service not published, waiting... retryCnt : 2
08-05 19:56:45.458 29070  2422 I art     : Starting a blocking GC Explicit
08-05 19:56:45.499 29070  2422 I art     : Explicit concurrent mark sweep GC freed 1444(82KB) AllocSpace objects, 1(20KB) LOS objects, 30% free, 36MB/52MB, paused 1.179ms total 40.413ms
08-05 19:56:45.513 29070  2422 I art     : Starting a blocking GC Explicit
08-05 19:56:45.546 29070  2422 I art     : Explicit concurrent mark sweep GC freed 26(896B) AllocSpace objects, 0(0B) LOS objects, 30% free, 36MB/52MB, paused 1.134ms total 32.843ms
08-05 19:56:45.559 29070  2422 I art     : Starting a blocking GC Explicit
08-05 19:56:45.595 29070  2422 I art     : Explicit concurrent mark sweep GC freed 4(128B) AllocSpace objects, 0(0B) LOS objects, 30% free, 36MB/52MB, paused 1.148ms total 35.934ms
08-05 19:56:45.607 29070  2422 I art     : Starting a blocking GC Explicit
08-05 19:56:45.642 29070  2422 I art     : Explicit concurrent mark sweep GC freed 3(96B) AllocSpace objects, 0(0B) LOS objects, 30% free, 36MB/52MB, paused 1.215ms total 35.190ms
08-05 19:56:45.654 29070  2422 I art     : Starting a blocking GC Explicit
08-05 19:56:45.691 29070  2422 I art     : Explicit concurrent mark sweep GC freed 3(96B) AllocSpace objects, 0(0B) LOS objects, 30% free, 36MB/52MB, paused 1.158ms total 36.421ms
08-05 19:56:45.766  3046  3046 D AndroidRuntime: >>>>>> START com.android.internal.os.RuntimeInit uid 2000 <<<<<<
08-05 19:56:45.773  3046  3046 D AndroidRuntime: CheckJNI is OFF
08-05 19:56:45.819  3046  3046 D ICU     : No timezone override file found: /data/misc/zoneinfo/current/icu/icu_tzdata.dat
08-05 19:56:45.863  3046  3046 I Radio-JNI: register_android_hardware_Radio DONE
08-05 19:56:45.890  3046  3046 D AndroidRuntime: Calling main entry com.android.commands.input.Input
08-05 19:56:45.892  3046  3046 I Input   : injectMotionEvent: MotionEvent { action=ACTION_DOWN, actionButton=0, id[0]=0, x[0]=435.0, y[0]=858.0, toolType[0]=TOOL_TYPE_UNKNOWN, buttonState=0, metaState=0, flags=0x0, edgeFlags=0x0, pointerCount=1, historySize=0, eventTime=820622305, downTime=820622305, deviceId=0, source=0x1002 }
08-05 19:56:45.897  3046  3046 I Input   : injectMotionEvent: MotionEvent { action=ACTION_UP, actionButton=0, id[0]=0, x[0]=435.0, y[0]=858.0, toolType[0]=TOOL_TYPE_UNKNOWN, buttonState=0, metaState=0, flags=0x0, edgeFlags=0x0, pointerCount=1, historySize=0, eventTime=820622305, downTime=820622305, deviceId=0, source=0x1002 }
08-05 19:56:45.900  3046  3046 D AndroidRuntime: Shutting down VM
08-05 19:56:45.904   512  2967 D audio_hw_primary: out_set_parameters: enter: usecase(1: low-latency-playback) kvpairs: routing=2
08-05 19:56:45.907   918  3696 I ActivityManager: START u0 {cmp=baseline.com.newsblur/.activity.GlobalSharedStoriesReading (has extras)} from uid 10676 on display 0
08-05 19:56:45.916   512  2967 D audio_hw_primary: select_devices: out_snd_device(2: speaker) in_snd_device(0: none)
08-05 19:56:45.917   512  2967 D msm8974_platform: platform_send_audio_calibration: sending audio calibration for snd_device(2) acdb_id(15)
08-05 19:56:45.917   512  2967 I soundtrigger: audio_extn_sound_trigger_update_device_status: device 0x2 of type 0 for Event 1
08-05 19:56:45.929   512  2967 D audio_hw_primary: enable_snd_device: snd_device(2: speaker)
08-05 19:56:45.931   512  2967 D audio_hw_primary: enable_audio_route: apply and update mixer path: low-latency-playback speaker
08-05 19:56:46.036 29070 29082 I art     : Starting a blocking GC Explicit
08-05 19:56:46.073 29070 29082 I art     : Explicit concurrent mark sweep GC freed 2855(231KB) AllocSpace objects, 6(548KB) LOS objects, 30% free, 36MB/52MB, paused 1.839ms total 37.410ms
08-05 19:56:46.085 29070 29082 I art     : Starting a blocking GC Explicit
08-05 19:56:46.121 29070 29082 I art     : Explicit concurrent mark sweep GC freed 552(42KB) AllocSpace objects, 1(20KB) LOS objects, 30% free, 36MB/52MB, paused 1.587ms total 34.889ms
08-05 19:56:46.134 29070 29082 I art     : Starting a blocking GC Explicit
08-05 19:56:46.152   918   936 I ActivityManager: Displayed baseline.com.newsblur/.activity.GlobalSharedStoriesReading: +234ms
08-05 19:56:46.155 13866 13866 I GoogleInputMethodServic: GoogleInputMethodService.onFinishInput():3138 
08-05 19:56:46.156 13866 13866 I GoogleInputMethodServic: GoogleInputMethodService.onStartInput():1808 
08-05 19:56:46.167 29070 29082 I art     : Explicit concurrent mark sweep GC freed 477(28KB) AllocSpace objects, 0(0B) LOS objects, 30% free, 36MB/52MB, paused 1.591ms total 33.621ms
08-05 19:56:46.180 29070 29082 I art     : Starting a blocking GC Explicit
08-05 19:56:46.218 29070 29082 I art     : Explicit concurrent mark sweep GC freed 1048(75KB) AllocSpace objects, 1(20KB) LOS objects, 30% free, 37MB/53MB, paused 1.601ms total 38.420ms
08-05 19:56:46.231 29070 29082 I art     : Starting a blocking GC Explicit
08-05 19:56:46.272 29070 29082 I art     : Explicit concurrent mark sweep GC freed 1439(82KB) AllocSpace objects, 2(40KB) LOS objects, 29% free, 37MB/53MB, paused 1.550ms total 40.151ms
08-05 19:56:46.471 29070  2777 E chromium: [ERROR:tile_manager.cc(793)] WARNING: tile memory limits exceeded, some content may not draw
08-05 19:56:46.472 29070  2777 E chromium: [ERROR:tile_manager.cc(793)] WARNING: tile memory limits exceeded, some content may not draw
08-05 19:56:46.478   512  2967 D audio_hw_primary: disable_audio_route: reset and update mixer path: low-latency-playback speaker
08-05 19:56:46.479   512  2967 D audio_hw_primary: disable_snd_device: snd_device(2: speaker)
08-05 19:56:46.489   512  2967 I soundtrigger: audio_extn_sound_trigger_update_device_status: device 0x2 of type 0 for Event 0
08-05 19:56:46.611 29070  2422 I art     : Starting a blocking GC Explicit
08-05 19:56:46.657 29070  2422 I art     : Explicit concurrent mark sweep GC freed 7158(580KB) AllocSpace objects, 19(424KB) LOS objects, 29% free, 37MB/53MB, paused 1.298ms total 45.557ms
08-05 19:56:46.671 29070  2422 I art     : Starting a blocking GC Explicit
08-05 19:56:46.708 29070  2422 I art     : Explicit concurrent mark sweep GC freed 1212(57KB) AllocSpace objects, 1(28KB) LOS objects, 29% free, 37MB/53MB, paused 1.171ms total 37.243ms
08-05 19:56:46.720 29070  2422 I art     : Starting a blocking GC Explicit
08-05 19:56:46.759 29070  2422 I art     : Explicit concurrent mark sweep GC freed 25(1360B) AllocSpace objects, 0(0B) LOS objects, 29% free, 37MB/53MB, paused 1.178ms total 38.552ms
08-05 19:56:46.772 29070  2422 I art     : Starting a blocking GC Explicit
08-05 19:56:46.811 29070  2422 I art     : Explicit concurrent mark sweep GC freed 9(320B) AllocSpace objects, 0(0B) LOS objects, 29% free, 37MB/53MB, paused 1.178ms total 39.248ms
08-05 19:56:46.825 29070  2422 I art     : Starting a blocking GC Explicit
08-05 19:56:46.861 29070  2422 I art     : Explicit concurrent mark sweep GC freed 3(96B) AllocSpace objects, 0(0B) LOS objects, 29% free, 37MB/53MB, paused 1.156ms total 35.704ms
08-05 19:56:46.985 29070  3081 E baseline.com.newsblur.network.APIResponse: Error (unexpected end of stream on https://www.newsblur.com/...) calling https://www.newsblur.com/reader/mark_story_hashes_as_read/
08-05 19:56:46.985 29070  3081 E baseline.com.newsblur.network.APIResponse: java.io.IOException: unexpected end of stream on https://www.newsblur.com/...
08-05 19:56:46.985 29070  3081 E baseline.com.newsblur.network.APIResponse: 	at okhttp3.internal.http1.Http1ExchangeCodec.readResponseHeaders(Http1ExchangeCodec.java:236)
08-05 19:56:46.985 29070  3081 E baseline.com.newsblur.network.APIResponse: 	at okhttp3.internal.connection.Exchange.readResponseHeaders(Exchange.java:115)
08-05 19:56:46.985 29070  3081 E baseline.com.newsblur.network.APIResponse: 	at okhttp3.internal.http.CallServerInterceptor.intercept(CallServerInterceptor.java:94)
08-05 19:56:46.985 29070  3081 E baseline.com.newsblur.network.APIResponse: 	at okhttp3.internal.http.RealInterceptorChain.proceed(RealInterceptorChain.java:142)
08-05 19:56:46.985 29070  3081 E baseline.com.newsblur.network.APIResponse: 	at okhttp3.internal.connection.ConnectInterceptor.intercept(ConnectInterceptor.java:43)
08-05 19:56:46.985 29070  3081 E baseline.com.newsblur.network.APIResponse: 	at okhttp3.internal.http.RealInterceptorChain.proceed(RealInterceptorChain.java:142)
08-05 19:56:46.985 29070  3081 E baseline.com.newsblur.network.APIResponse: 	at okhttp3.internal.http.RealInterceptorChain.proceed(RealInterceptorChain.java:117)
08-05 19:56:46.985 29070  3081 E baseline.com.newsblur.network.APIResponse: 	at okhttp3.internal.cache.CacheInterceptor.intercept(CacheInterceptor.java:94)
08-05 19:56:46.985 29070  3081 E baseline.com.newsblur.network.APIResponse: 	at okhttp3.internal.http.RealInterceptorChain.proceed(RealInterceptorChain.java:142)
08-05 19:56:46.985 29070  3081 E baseline.com.newsblur.network.APIResponse: 	at okhttp3.internal.http.RealInterceptorChain.proceed(RealInterceptorChain.java:117)
08-05 19:56:46.985 29070  3081 E baseline.com.newsblur.network.APIResponse: 	at okhttp3.internal.http.BridgeInterceptor.intercept(BridgeInterceptor.java:93)
08-05 19:56:46.985 29070  3081 E baseline.com.newsblur.network.APIResponse: 	at okhttp3.internal.http.RealInterceptorChain.proceed(RealInterceptorChain.java:142)
08-05 19:56:46.985 29070  3081 E baseline.com.newsblur.network.APIResponse: 	at okhttp3.internal.http.RetryAndFollowUpInterceptor.intercept(RetryAndFollowUpInterceptor.java:88)
08-05 19:56:46.985 29070  3081 E baseline.com.newsblur.network.APIResponse: 	at okhttp3.internal.http.RealInterceptorChain.proceed(RealInterceptorChain.java:142)
08-05 19:56:46.985 29070  3081 E baseline.com.newsblur.network.APIResponse: 	at okhttp3.internal.http.RealInterceptorChain.proceed(RealInterceptorChain.java:117)
08-05 19:56:46.985 29070  3081 E baseline.com.newsblur.network.APIResponse: 	at okhttp3.RealCall.getResponseWithInterceptorChain(RealCall.java:229)
08-05 19:56:46.985 29070  3081 E baseline.com.newsblur.network.APIResponse: 	at okhttp3.RealCall.execute(RealCall.java:81)
08-05 19:56:46.985 29070  3081 E baseline.com.newsblur.network.APIResponse: 	at baseline.com.newsblur.network.APIResponse.<init>(APIResponse.java:57)
08-05 19:56:46.985 29070  3081 E baseline.com.newsblur.network.APIResponse: 	at baseline.com.newsblur.network.APIResponse.<init>(APIResponse.java:43)
08-05 19:56:46.985 29070  3081 E baseline.com.newsblur.network.APIResponse: 	at baseline.com.newsblur.network.APIManager.post_single(APIManager.java:702)
08-05 19:56:46.985 29070  3081 E baseline.com.newsblur.network.APIResponse: 	at baseline.com.newsblur.network.APIManager.post(APIManager.java:675)
08-05 19:56:46.985 29070  3081 E baseline.com.newsblur.network.APIResponse: 	at baseline.com.newsblur.network.APIManager.post(APIManager.java:714)
08-05 19:56:46.985 29070  3081 E baseline.com.newsblur.network.APIResponse: 	at baseline.com.newsblur.network.APIManager.markStoryAsRead(APIManager.java:205)
08-05 19:56:46.985 29070  3081 E baseline.com.newsblur.network.APIResponse: 	at baseline.com.newsblur.util.ReadingAction.doRemote(ReadingAction.java:281)
08-05 19:56:46.985 29070  3081 E baseline.com.newsblur.network.APIResponse: 	at baseline.com.newsblur.service.NBSyncService.syncActions(NBSyncService.java:400)
08-05 19:56:46.985 29070  3081 E baseline.com.newsblur.network.APIResponse: 	at baseline.com.newsblur.service.NBSyncService.doSync(NBSyncService.java:298)
08-05 19:56:46.985 29070  3081 E baseline.com.newsblur.network.APIResponse: 	at baseline.com.newsblur.service.NBSyncService.access$100(NBSyncService.java:67)
08-05 19:56:46.985 29070  3081 E baseline.com.newsblur.network.APIResponse: 	at baseline.com.newsblur.service.NBSyncService$1.run(NBSyncService.java:188)
08-05 19:56:46.985 29070  3081 E baseline.com.newsblur.network.APIResponse: 	at java.util.concurrent.ThreadPoolExecutor.runWorker(ThreadPoolExecutor.java:1113)
08-05 19:56:46.985 29070  3081 E baseline.com.newsblur.network.APIResponse: 	at java.util.concurrent.ThreadPoolExecutor$Worker.run(ThreadPoolExecutor.java:588)
08-05 19:56:46.985 29070  3081 E baseline.com.newsblur.network.APIResponse: 	at java.lang.Thread.run(Thread.java:818)
08-05 19:56:46.985 29070  3081 E baseline.com.newsblur.network.APIResponse: Caused by: java.io.EOFException: \n not found: limit=0 content=
08-05 19:56:46.985 29070  3081 E baseline.com.newsblur.network.APIResponse: 	at okio.RealBufferedSource.readUtf8LineStrict(RealBufferedSource.java:240)
08-05 19:56:46.985 29070  3081 E baseline.com.newsblur.network.APIResponse: 	at okhttp3.internal.http1.Http1ExchangeCodec.readHeaderLine(Http1ExchangeCodec.java:242)
08-05 19:56:46.985 29070  3081 E baseline.com.newsblur.network.APIResponse: 	at okhttp3.internal.http1.Http1ExchangeCodec.readResponseHeaders(Http1ExchangeCodec.java:213)
08-05 19:56:46.985 29070  3081 E baseline.com.newsblur.network.APIResponse: 	... 30 more
08-05 19:56:46.986 29070  3081 I baseline.com.newsblur.network.APIManager: API call failed, pausing before retry number 1
08-05 19:56:47.209 29070  2197 I art     : Starting a blocking GC Explicit
08-05 19:56:47.254 29070  2197 I art     : Explicit concurrent mark sweep GC freed 4650(415KB) AllocSpace objects, 6(260KB) LOS objects, 29% free, 37MB/53MB, paused 1.188ms total 44.935ms
08-05 19:56:47.268 29070  2197 I art     : Starting a blocking GC Explicit
08-05 19:56:47.307 29070  2197 I art     : Explicit concurrent mark sweep GC freed 993(118KB) AllocSpace objects, 0(0B) LOS objects, 29% free, 37MB/53MB, paused 1.196ms total 39.022ms
08-05 19:56:47.319 29070  2197 I art     : Starting a blocking GC Explicit
08-05 19:56:47.358 29070  2197 I art     : Explicit concurrent mark sweep GC freed 3(96B) AllocSpace objects, 0(0B) LOS objects, 29% free, 37MB/53MB, paused 1.225ms total 38.165ms
08-05 19:56:47.371 29070  2197 I art     : Starting a blocking GC Explicit
08-05 19:56:47.409 29070  2197 I art     : Explicit concurrent mark sweep GC freed 3(96B) AllocSpace objects, 0(0B) LOS objects, 29% free, 37MB/53MB, paused 1.133ms total 38.231ms
08-05 19:56:47.422 29070  2197 I art     : Starting a blocking GC Explicit
08-05 19:56:47.462 29070  2197 I art     : Explicit concurrent mark sweep GC freed 3(96B) AllocSpace objects, 0(0B) LOS objects, 29% free, 37MB/53MB, paused 1.134ms total 39.680ms
08-05 19:56:47.473 29070  2777 E chromium: [ERROR:tile_manager.cc(793)] WARNING: tile memory limits exceeded, some content may not draw
08-05 19:56:47.474 29070  2777 E chromium: [ERROR:tile_manager.cc(793)] WARNING: tile memory limits exceeded, some content may not draw
08-05 19:56:47.506 29070  2777 E chromium: [ERROR:tile_manager.cc(793)] WARNING: tile memory limits exceeded, some content may not draw
08-05 19:56:47.507 29070  2777 E chromium: [ERROR:tile_manager.cc(793)] WARNING: tile memory limits exceeded, some content may not draw
08-05 19:56:47.523 29070  2777 E chromium: [ERROR:tile_manager.cc(793)] WARNING: tile memory limits exceeded, some content may not draw
08-05 19:56:47.523 29070  2777 E chromium: [ERROR:tile_manager.cc(793)] WARNING: tile memory limits exceeded, some content may not draw
08-05 19:56:47.814 29070  2197 I art     : Starting a blocking GC Explicit
08-05 19:56:47.859 29070  2197 I art     : Explicit concurrent mark sweep GC freed 1557(86KB) AllocSpace objects, 1(20KB) LOS objects, 29% free, 37MB/53MB, paused 1.211ms total 44.647ms
08-05 19:56:47.873 29070  2197 I art     : Starting a blocking GC Explicit
08-05 19:56:47.914 29070  2197 I art     : Explicit concurrent mark sweep GC freed 22(784B) AllocSpace objects, 0(0B) LOS objects, 29% free, 37MB/53MB, paused 1.250ms total 41.271ms
08-05 19:56:47.927 29070  2197 I art     : Starting a blocking GC Explicit
08-05 19:56:47.969 29070  2197 I art     : Explicit concurrent mark sweep GC freed 3(96B) AllocSpace objects, 0(0B) LOS objects, 29% free, 37MB/53MB, paused 1.207ms total 41.110ms
08-05 19:56:47.981 29070  2197 I art     : Starting a blocking GC Explicit
08-05 19:56:48.022 29070  2197 I art     : Explicit concurrent mark sweep GC freed 3(96B) AllocSpace objects, 0(0B) LOS objects, 29% free, 37MB/53MB, paused 1.235ms total 40.175ms
08-05 19:56:48.035 29070  2197 I art     : Starting a blocking GC Explicit
08-05 19:56:48.076 29070  2197 I art     : Explicit concurrent mark sweep GC freed 3(96B) AllocSpace objects, 0(0B) LOS objects, 29% free, 37MB/53MB, paused 1.144ms total 41.496ms
08-05 19:56:48.465 29070 29082 I art     : Starting a blocking GC Explicit
08-05 19:56:48.509 29070 29082 I art     : Explicit concurrent mark sweep GC freed 1531(86KB) AllocSpace objects, 1(20KB) LOS objects, 29% free, 37MB/53MB, paused 1.293ms total 44.159ms
08-05 19:56:48.522 29070 29082 I art     : Starting a blocking GC Explicit
08-05 19:56:48.565 29070 29082 I art     : Explicit concurrent mark sweep GC freed 93(4KB) AllocSpace objects, 0(0B) LOS objects, 29% free, 37MB/53MB, paused 1.291ms total 41.867ms
08-05 19:56:48.578 29070 29082 I art     : Starting a blocking GC Explicit
08-05 19:56:48.619 29070 29082 I art     : Explicit concurrent mark sweep GC freed 12(1408B) AllocSpace objects, 0(0B) LOS objects, 29% free, 37MB/53MB, paused 1.399ms total 40.576ms
08-05 19:56:48.631 29070 29082 I art     : Starting a blocking GC Explicit
08-05 19:56:48.674 29070 29082 I art     : Explicit concurrent mark sweep GC freed 3(96B) AllocSpace objects, 0(0B) LOS objects, 29% free, 37MB/53MB, paused 1.211ms total 42.089ms
08-05 19:56:48.687 29070 29082 I art     : Starting a blocking GC Explicit
08-05 19:56:48.728 29070 29082 I art     : Explicit concurrent mark sweep GC freed 3(96B) AllocSpace objects, 0(0B) LOS objects, 29% free, 37MB/53MB, paused 1.274ms total 40.346ms
08-05 19:56:49.015 29070  3081 E baseline.com.newsblur.network.APIResponse: Error (unexpected end of stream on https://www.newsblur.com/...) calling https://www.newsblur.com/reader/mark_story_hashes_as_read/
08-05 19:56:49.015 29070  3081 E baseline.com.newsblur.network.APIResponse: java.io.IOException: unexpected end of stream on https://www.newsblur.com/...
08-05 19:56:49.015 29070  3081 E baseline.com.newsblur.network.APIResponse: 	at okhttp3.internal.http1.Http1ExchangeCodec.readResponseHeaders(Http1ExchangeCodec.java:236)
08-05 19:56:49.015 29070  3081 E baseline.com.newsblur.network.APIResponse: 	at okhttp3.internal.connection.Exchange.readResponseHeaders(Exchange.java:115)
08-05 19:56:49.015 29070  3081 E baseline.com.newsblur.network.APIResponse: 	at okhttp3.internal.http.CallServerInterceptor.intercept(CallServerInterceptor.java:94)
08-05 19:56:49.015 29070  3081 E baseline.com.newsblur.network.APIResponse: 	at okhttp3.internal.http.RealInterceptorChain.proceed(RealInterceptorChain.java:142)
08-05 19:56:49.015 29070  3081 E baseline.com.newsblur.network.APIResponse: 	at okhttp3.internal.connection.ConnectInterceptor.intercept(ConnectInterceptor.java:43)
08-05 19:56:49.015 29070  3081 E baseline.com.newsblur.network.APIResponse: 	at okhttp3.internal.http.RealInterceptorChain.proceed(RealInterceptorChain.java:142)
08-05 19:56:49.015 29070  3081 E baseline.com.newsblur.network.APIResponse: 	at okhttp3.internal.http.RealInterceptorChain.proceed(RealInterceptorChain.java:117)
08-05 19:56:49.015 29070  3081 E baseline.com.newsblur.network.APIResponse: 	at okhttp3.internal.cache.CacheInterceptor.intercept(CacheInterceptor.java:94)
08-05 19:56:49.015 29070  3081 E baseline.com.newsblur.network.APIResponse: 	at okhttp3.internal.http.RealInterceptorChain.proceed(RealInterceptorChain.java:142)
08-05 19:56:49.015 29070  3081 E baseline.com.newsblur.network.APIResponse: 	at okhttp3.internal.http.RealInterceptorChain.proceed(RealInterceptorChain.java:117)
08-05 19:56:49.015 29070  3081 E baseline.com.newsblur.network.APIResponse: 	at okhttp3.internal.http.BridgeInterceptor.intercept(BridgeInterceptor.java:93)
08-05 19:56:49.015 29070  3081 E baseline.com.newsblur.network.APIResponse: 	at okhttp3.internal.http.RealInterceptorChain.proceed(RealInterceptorChain.java:142)
08-05 19:56:49.015 29070  3081 E baseline.com.newsblur.network.APIResponse: 	at okhttp3.internal.http.RetryAndFollowUpInterceptor.intercept(RetryAndFollowUpInterceptor.java:88)
08-05 19:56:49.015 29070  3081 E baseline.com.newsblur.network.APIResponse: 	at okhttp3.internal.http.RealInterceptorChain.proceed(RealInterceptorChain.java:142)
08-05 19:56:49.015 29070  3081 E baseline.com.newsblur.network.APIResponse: 	at okhttp3.internal.http.RealInterceptorChain.proceed(RealInterceptorChain.java:117)
08-05 19:56:49.015 29070  3081 E baseline.com.newsblur.network.APIResponse: 	at okhttp3.RealCall.getResponseWithInterceptorChain(RealCall.java:229)
08-05 19:56:49.015 29070  3081 E baseline.com.newsblur.network.APIResponse: 	at okhttp3.RealCall.execute(RealCall.java:81)
08-05 19:56:49.015 29070  3081 E baseline.com.newsblur.network.APIResponse: 	at baseline.com.newsblur.network.APIResponse.<init>(APIResponse.java:57)
08-05 19:56:49.015 29070  3081 E baseline.com.newsblur.network.APIResponse: 	at baseline.com.newsblur.network.APIResponse.<init>(APIResponse.java:43)
08-05 19:56:49.015 29070  3081 E baseline.com.newsblur.network.APIResponse: 	at baseline.com.newsblur.network.APIManager.post_single(APIManager.java:702)
08-05 19:56:49.015 29070  3081 E baseline.com.newsblur.network.APIResponse: 	at baseline.com.newsblur.network.APIManager.post(APIManager.java:675)
08-05 19:56:49.015 29070  3081 E baseline.com.newsblur.network.APIResponse: 	at baseline.com.newsblur.network.APIManager.post(APIManager.java:714)
08-05 19:56:49.015 29070  3081 E baseline.com.newsblur.network.APIResponse: 	at baseline.com.newsblur.network.APIManager.markStoryAsRead(APIManager.java:205)
08-05 19:56:49.015 29070  3081 E baseline.com.newsblur.network.APIResponse: 	at baseline.com.newsblur.util.ReadingAction.doRemote(ReadingAction.java:281)
08-05 19:56:49.015 29070  3081 E baseline.com.newsblur.network.APIResponse: 	at baseline.com.newsblur.service.NBSyncService.syncActions(NBSyncService.java:400)
08-05 19:56:49.015 29070  3081 E baseline.com.newsblur.network.APIResponse: 	at baseline.com.newsblur.service.NBSyncService.doSync(NBSyncService.java:298)
08-05 19:56:49.015 29070  3081 E baseline.com.newsblur.network.APIResponse: 	at baseline.com.newsblur.service.NBSyncService.access$100(NBSyncService.java:67)
08-05 19:56:49.015 29070  3081 E baseline.com.newsblur.network.APIResponse: 	at baseline.com.newsblur.service.NBSyncService$1.run(NBSyncService.java:188)
08-05 19:56:49.015 29070  3081 E baseline.com.newsblur.network.APIResponse: 	at java.util.concurrent.ThreadPoolExecutor.runWorker(ThreadPoolExecutor.java:1113)
08-05 19:56:49.015 29070  3081 E baseline.com.newsblur.network.APIResponse: 	at java.util.concurrent.ThreadPoolExecutor$Worker.run(ThreadPoolExecutor.java:588)
08-05 19:56:49.015 29070  3081 E baseline.com.newsblur.network.APIResponse: 	at java.lang.Thread.run(Thread.java:818)
08-05 19:56:49.015 29070  3081 E baseline.com.newsblur.network.APIResponse: Caused by: java.io.EOFException: \n not found: limit=0 content=
08-05 19:56:49.015 29070  3081 E baseline.com.newsblur.network.APIResponse: 	at okio.RealBufferedSource.readUtf8LineStrict(RealBufferedSource.java:240)
08-05 19:56:49.015 29070  3081 E baseline.com.newsblur.network.APIResponse: 	at okhttp3.internal.http1.Http1ExchangeCodec.readHeaderLine(Http1ExchangeCodec.java:242)
08-05 19:56:49.015 29070  3081 E baseline.com.newsblur.network.APIResponse: 	at okhttp3.internal.http1.Http1ExchangeCodec.readResponseHeaders(Http1ExchangeCodec.java:213)
08-05 19:56:49.015 29070  3081 E baseline.com.newsblur.network.APIResponse: 	... 30 more
08-05 19:56:49.017 29070  3081 I baseline.com.newsblur.network.APIManager: API call failed, pausing before retry number 2
08-05 19:56:49.091 29070  2197 I art     : Starting a blocking GC Explicit
08-05 19:56:49.111 13866 13882 I PeriodicStatsRunner: PeriodicStatsRunner.call():175 call()
08-05 19:56:49.112 13866 13882 I PeriodicStatsRunner: PeriodicStatsRunner.call():179 No submit PeriodicStats since input started.
08-05 19:56:49.137 29070  2197 I art     : Explicit concurrent mark sweep GC freed 3948(357KB) AllocSpace objects, 3(60KB) LOS objects, 29% free, 37MB/53MB, paused 1.293ms total 44.855ms
08-05 19:56:49.151 29070  2197 I art     : Starting a blocking GC Explicit
08-05 19:56:49.193 29070  2197 I art     : Explicit concurrent mark sweep GC freed 109(3KB) AllocSpace objects, 0(0B) LOS objects, 29% free, 37MB/53MB, paused 1.182ms total 41.859ms
08-05 19:56:49.206 29070  2197 I art     : Starting a blocking GC Explicit
08-05 19:56:49.248 29070  2197 I art     : Explicit concurrent mark sweep GC freed 3(96B) AllocSpace objects, 0(0B) LOS objects, 29% free, 37MB/53MB, paused 1.325ms total 41.270ms
08-05 19:56:49.261 29070  2197 I art     : Starting a blocking GC Explicit
08-05 19:56:49.302 29070  2197 I art     : Explicit concurrent mark sweep GC freed 3(96B) AllocSpace objects, 0(0B) LOS objects, 29% free, 37MB/53MB, paused 1.247ms total 41.174ms
08-05 19:56:49.315 29070  2197 I art     : Starting a blocking GC Explicit
08-05 19:56:49.356 29070  2197 I art     : Explicit concurrent mark sweep GC freed 3(96B) AllocSpace objects, 0(0B) LOS objects, 29% free, 37MB/53MB, paused 1.208ms total 40.070ms
08-05 19:56:49.720 29070 29082 I art     : Starting a blocking GC Explicit
08-05 19:56:49.763 29070 29082 I art     : Explicit concurrent mark sweep GC freed 1440(83KB) AllocSpace objects, 1(20KB) LOS objects, 29% free, 37MB/53MB, paused 1.169ms total 43.225ms
08-05 19:56:49.777 29070 29082 I art     : Starting a blocking GC Explicit
08-05 19:56:49.819 29070 29082 I art     : Explicit concurrent mark sweep GC freed 22(800B) AllocSpace objects, 0(0B) LOS objects, 29% free, 37MB/53MB, paused 1.349ms total 41.596ms
08-05 19:56:49.832 29070 29082 I art     : Starting a blocking GC Explicit
08-05 19:56:49.875 29070 29082 I art     : Explicit concurrent mark sweep GC freed 3(96B) AllocSpace objects, 0(0B) LOS objects, 29% free, 37MB/53MB, paused 1.341ms total 42.692ms
08-05 19:56:49.889 29070 29082 I art     : Starting a blocking GC Explicit
08-05 19:56:49.930 29070 29082 I art     : Explicit concurrent mark sweep GC freed 3(96B) AllocSpace objects, 0(0B) LOS objects, 29% free, 37MB/53MB, paused 1.124ms total 40.695ms
08-05 19:56:49.944 29070 29082 I art     : Starting a blocking GC Explicit
08-05 19:56:49.984 29070 29082 I art     : Explicit concurrent mark sweep GC freed 3(96B) AllocSpace objects, 0(0B) LOS objects, 29% free, 37MB/53MB, paused 1.322ms total 40.188ms
08-05 19:56:49.984 29070 29080 I art     : WaitForGcToComplete blocked for 39.934ms for cause HeapTrim
08-05 19:56:50.345 29070 29082 I art     : Starting a blocking GC Explicit
08-05 19:56:50.390 29070 29082 I art     : Explicit concurrent mark sweep GC freed 1440(83KB) AllocSpace objects, 1(20KB) LOS objects, 29% free, 37MB/53MB, paused 1.242ms total 44.504ms
08-05 19:56:50.404 29070 29082 I art     : Starting a blocking GC Explicit
08-05 19:56:50.445 29070 29082 I art     : Explicit concurrent mark sweep GC freed 22(784B) AllocSpace objects, 0(0B) LOS objects, 29% free, 37MB/53MB, paused 1.221ms total 40.628ms
08-05 19:56:50.458 29070 29082 I art     : Starting a blocking GC Explicit
08-05 19:56:50.499 29070 29082 I art     : Explicit concurrent mark sweep GC freed 3(96B) AllocSpace objects, 0(0B) LOS objects, 29% free, 37MB/53MB, paused 1.245ms total 40.978ms
08-05 19:56:50.512 29070 29082 I art     : Starting a blocking GC Explicit
08-05 19:56:50.515   918  3261 D WifiStateMachine: starting scan for "H369AA63323"WPA_PSK with 2412,5180
08-05 19:56:50.552 29070 29082 I art     : Explicit concurrent mark sweep GC freed 3(96B) AllocSpace objects, 0(0B) LOS objects, 29% free, 37MB/53MB, paused 1.138ms total 39.008ms
08-05 19:56:50.564 29070 29082 I art     : Starting a blocking GC Explicit
08-05 19:56:50.601 29070 29082 I art     : Explicit concurrent mark sweep GC freed 3(96B) AllocSpace objects, 0(0B) LOS objects, 29% free, 37MB/53MB, paused 1.201ms total 37.180ms
08-05 19:56:50.703  3157  3157 D AndroidRuntime: >>>>>> START com.android.internal.os.RuntimeInit uid 2000 <<<<<<
08-05 19:56:50.709  3157  3157 D AndroidRuntime: CheckJNI is OFF
08-05 19:56:50.751  3157  3157 D ICU     : No timezone override file found: /data/misc/zoneinfo/current/icu/icu_tzdata.dat
08-05 19:56:50.795  3157  3157 I Radio-JNI: register_android_hardware_Radio DONE
08-05 19:56:50.823  3157  3157 D AndroidRuntime: Calling main entry com.android.commands.input.Input
08-05 19:56:50.825  3157  3157 I Input   : injectKeyEvent: KeyEvent { action=ACTION_DOWN, keyCode=KEYCODE_BACK, scanCode=0, metaState=0, flags=0x0, repeatCount=0, eventTime=820627238, downTime=820627238, deviceId=-1, source=0x101 }
08-05 19:56:50.830  3157  3157 I Input   : injectKeyEvent: KeyEvent { action=ACTION_UP, keyCode=KEYCODE_BACK, scanCode=0, metaState=0, flags=0x0, repeatCount=0, eventTime=820627238, downTime=820627238, deviceId=-1, source=0x101 }
08-05 19:56:50.835  3157  3157 D AndroidRuntime: Shutting down VM
08-05 19:56:50.960 29070 29082 I art     : Starting a blocking GC Explicit
08-05 19:56:50.989 13866 13866 I GoogleInputMethodServic: GoogleInputMethodService.onFinishInput():3138 
08-05 19:56:50.989 13866 13866 I GoogleInputMethodServic: GoogleInputMethodService.onStartInput():1808 
08-05 19:56:51.004 29070 29082 I art     : Explicit concurrent mark sweep GC freed 2787(222KB) AllocSpace objects, 5(100KB) LOS objects, 29% free, 37MB/53MB, paused 1.526ms total 43.356ms
08-05 19:56:51.017 29070 29082 I art     : Starting a blocking GC Explicit
08-05 19:56:51.057 29070 29082 I art     : Explicit concurrent mark sweep GC freed 802(59KB) AllocSpace objects, 1(20KB) LOS objects, 29% free, 37MB/53MB, paused 1.279ms total 40.089ms
08-05 19:56:51.069 29070 29082 I art     : Starting a blocking GC Explicit
08-05 19:56:51.105 29070 29082 I art     : Explicit concurrent mark sweep GC freed 56(2144B) AllocSpace objects, 0(0B) LOS objects, 29% free, 37MB/53MB, paused 1.253ms total 35.361ms
08-05 19:56:51.117 29070 29082 I art     : Starting a blocking GC Explicit
08-05 19:56:51.153 29070 29082 I art     : Explicit concurrent mark sweep GC freed 3(96B) AllocSpace objects, 1(28KB) LOS objects, 29% free, 37MB/53MB, paused 1.190ms total 35.087ms
08-05 19:56:51.156 13866 13882 I PeriodicStatsRunner: PeriodicStatsRunner.call():175 call()
08-05 19:56:51.156 13866 13882 I PeriodicStatsRunner: PeriodicStatsRunner.call():179 No submit PeriodicStats since input started.
08-05 19:56:51.164 29070 29082 I art     : Starting a blocking GC Explicit
08-05 19:56:51.199 29070 29082 I art     : Explicit concurrent mark sweep GC freed 3(96B) AllocSpace objects, 0(0B) LOS objects, 29% free, 37MB/53MB, paused 1.083ms total 34.968ms
08-05 19:56:51.544 29070  2422 I art     : Starting a blocking GC Explicit
08-05 19:56:51.587 29070  2422 I art     : Explicit concurrent mark sweep GC freed 3142(163KB) AllocSpace objects, 1(20KB) LOS objects, 29% free, 37MB/53MB, paused 1.270ms total 42.759ms
08-05 19:56:51.601 29070  2422 I art     : Starting a blocking GC Explicit
08-05 19:56:51.644 29070  2422 I art     : Explicit concurrent mark sweep GC freed 157(7KB) AllocSpace objects, 0(0B) LOS objects, 29% free, 37MB/53MB, paused 1.219ms total 43.390ms
08-05 19:56:51.659 29070  2422 I art     : Starting a blocking GC Explicit
08-05 19:56:51.702 29070  2422 I art     : Explicit concurrent mark sweep GC freed 9(288B) AllocSpace objects, 0(0B) LOS objects, 29% free, 37MB/53MB, paused 1.155ms total 42.911ms
08-05 19:56:51.715 29070  2422 I art     : Starting a blocking GC Explicit
08-05 19:56:51.752 29070  2422 I art     : Explicit concurrent mark sweep GC freed 9(288B) AllocSpace objects, 0(0B) LOS objects, 29% free, 37MB/53MB, paused 1.144ms total 36.708ms
08-05 19:56:51.764 29070  2422 I art     : Starting a blocking GC Explicit
08-05 19:56:51.800 29070  2422 I art     : Explicit concurrent mark sweep GC freed 9(288B) AllocSpace objects, 0(0B) LOS objects, 29% free, 37MB/53MB, paused 1.138ms total 35.717ms
08-05 19:56:52.078   518   646 I ThermalEngine: ACTION: GPU - Setting GPU[0] to 390000000
08-05 19:56:52.200 29070 29082 I art     : Starting a blocking GC Explicit
08-05 19:56:52.269 29070 29082 I art     : Explicit concurrent mark sweep GC freed 1659(93KB) AllocSpace objects, 1(20KB) LOS objects, 29% free, 37MB/53MB, paused 3.622ms total 68.264ms
08-05 19:56:52.292 29070 29082 I art     : Starting a blocking GC Explicit
08-05 19:56:52.349 29070 29082 I art     : Explicit concurrent mark sweep GC freed 52(1808B) AllocSpace objects, 0(0B) LOS objects, 29% free, 37MB/53MB, paused 2.519ms total 56.838ms
08-05 19:56:52.370 29070 29082 I art     : Starting a blocking GC Explicit
08-05 19:56:52.424 29070 29082 I art     : Explicit concurrent mark sweep GC freed 11(352B) AllocSpace objects, 0(0B) LOS objects, 29% free, 37MB/53MB, paused 2.027ms total 53.858ms
08-05 19:56:52.451 29070 29082 I art     : Starting a blocking GC Explicit
08-05 19:56:52.495 29070  3081 E baseline.com.newsblur.network.APIResponse: Error (unexpected end of stream on https://www.newsblur.com/...) calling https://www.newsblur.com/reader/mark_story_hashes_as_read/
08-05 19:56:52.495 29070  3081 E baseline.com.newsblur.network.APIResponse: java.io.IOException: unexpected end of stream on https://www.newsblur.com/...
08-05 19:56:52.495 29070  3081 E baseline.com.newsblur.network.APIResponse: 	at okhttp3.internal.http1.Http1ExchangeCodec.readResponseHeaders(Http1ExchangeCodec.java:236)
08-05 19:56:52.495 29070  3081 E baseline.com.newsblur.network.APIResponse: 	at okhttp3.internal.connection.Exchange.readResponseHeaders(Exchange.java:115)
08-05 19:56:52.495 29070  3081 E baseline.com.newsblur.network.APIResponse: 	at okhttp3.internal.http.CallServerInterceptor.intercept(CallServerInterceptor.java:94)
08-05 19:56:52.495 29070  3081 E baseline.com.newsblur.network.APIResponse: 	at okhttp3.internal.http.RealInterceptorChain.proceed(RealInterceptorChain.java:142)
08-05 19:56:52.495 29070  3081 E baseline.com.newsblur.network.APIResponse: 	at okhttp3.internal.connection.ConnectInterceptor.intercept(ConnectInterceptor.java:43)
08-05 19:56:52.495 29070  3081 E baseline.com.newsblur.network.APIResponse: 	at okhttp3.internal.http.RealInterceptorChain.proceed(RealInterceptorChain.java:142)
08-05 19:56:52.495 29070  3081 E baseline.com.newsblur.network.APIResponse: 	at okhttp3.internal.http.RealInterceptorChain.proceed(RealInterceptorChain.java:117)
08-05 19:56:52.495 29070  3081 E baseline.com.newsblur.network.APIResponse: 	at okhttp3.internal.cache.CacheInterceptor.intercept(CacheInterceptor.java:94)
08-05 19:56:52.495 29070  3081 E baseline.com.newsblur.network.APIResponse: 	at okhttp3.internal.http.RealInterceptorChain.proceed(RealInterceptorChain.java:142)
08-05 19:56:52.495 29070  3081 E baseline.com.newsblur.network.APIResponse: 	at okhttp3.internal.http.RealInterceptorChain.proceed(RealInterceptorChain.java:117)
08-05 19:56:52.495 29070  3081 E baseline.com.newsblur.network.APIResponse: 	at okhttp3.internal.http.BridgeInterceptor.intercept(BridgeInterceptor.java:93)
08-05 19:56:52.495 29070  3081 E baseline.com.newsblur.network.APIResponse: 	at okhttp3.internal.http.RealInterceptorChain.proceed(RealInterceptorChain.java:142)
08-05 19:56:52.495 29070  3081 E baseline.com.newsblur.network.APIResponse: 	at okhttp3.internal.http.RetryAndFollowUpInterceptor.intercept(RetryAndFollowUpInterceptor.java:88)
08-05 19:56:52.495 29070  3081 E baseline.com.newsblur.network.APIResponse: 	at okhttp3.internal.http.RealInterceptorChain.proceed(RealInterceptorChain.java:142)
08-05 19:56:52.495 29070  3081 E baseline.com.newsblur.network.APIResponse: 	at okhttp3.internal.http.RealInterceptorChain.proceed(RealInterceptorChain.java:117)
08-05 19:56:52.495 29070  3081 E baseline.com.newsblur.network.APIResponse: 	at okhttp3.RealCall.getResponseWithInterceptorChain(RealCall.java:229)
08-05 19:56:52.495 29070  3081 E baseline.com.newsblur.network.APIResponse: 	at okhttp3.RealCall.execute(RealCall.java:81)
08-05 19:56:52.495 29070  3081 E baseline.com.newsblur.network.APIResponse: 	at baseline.com.newsblur.network.APIResponse.<init>(APIResponse.java:57)
08-05 19:56:52.495 29070  3081 E baseline.com.newsblur.network.APIResponse: 	at baseline.com.newsblur.network.APIResponse.<init>(APIResponse.java:43)
08-05 19:56:52.495 29070  3081 E baseline.com.newsblur.network.APIResponse: 	at baseline.com.newsblur.network.APIManager.post_single(APIManager.java:702)
08-05 19:56:52.495 29070  3081 E baseline.com.newsblur.network.APIResponse: 	at baseline.com.newsblur.network.APIManager.post(APIManager.java:675)
08-05 19:56:52.495 29070  3081 E baseline.com.newsblur.network.APIResponse: 	at baseline.com.newsblur.network.APIManager.post(APIManager.java:714)
08-05 19:56:52.495 29070  3081 E baseline.com.newsblur.network.APIResponse: 	at baseline.com.newsblur.network.APIManager.markStoryAsRead(APIManager.java:205)
08-05 19:56:52.495 29070  3081 E baseline.com.newsblur.network.APIResponse: 	at baseline.com.newsblur.util.ReadingAction.doRemote(ReadingAction.java:281)
08-05 19:56:52.495 29070  3081 E baseline.com.newsblur.network.APIResponse: 	at baseline.com.newsblur.service.NBSyncService.syncActions(NBSyncService.java:400)
08-05 19:56:52.495 29070  3081 E baseline.com.newsblur.network.APIResponse: 	at baseline.com.newsblur.service.NBSyncService.doSync(NBSyncService.java:298)
08-05 19:56:52.495 29070  3081 E baseline.com.newsblur.network.APIResponse: 	at baseline.com.newsblur.service.NBSyncService.access$100(NBSyncService.java:67)
08-05 19:56:52.495 29070  3081 E baseline.com.newsblur.network.APIResponse: 	at baseline.com.newsblur.service.NBSyncService$1.run(NBSyncService.java:188)
08-05 19:56:52.495 29070  3081 E baseline.com.newsblur.network.APIResponse: 	at java.util.concurrent.ThreadPoolExecutor.runWorker(ThreadPoolExecutor.java:1113)
08-05 19:56:52.495 29070  3081 E baseline.com.newsblur.network.APIResponse: 	at java.util.concurrent.ThreadPoolExecutor$Worker.run(ThreadPoolExecutor.java:588)
08-05 19:56:52.495 29070  3081 E baseline.com.newsblur.network.APIResponse: 	at java.lang.Thread.run(Thread.java:818)
08-05 19:56:52.495 29070  3081 E baseline.com.newsblur.network.APIResponse: Caused by: java.io.EOFException: \n not found: limit=0 content=
08-05 19:56:52.495 29070  3081 E baseline.com.newsblur.network.APIResponse: 	at okio.RealBufferedSource.readUtf8LineStrict(RealBufferedSource.java:240)
08-05 19:56:52.495 29070  3081 E baseline.com.newsblur.network.APIResponse: 	at okhttp3.internal.http1.Http1ExchangeCodec.readHeaderLine(Http1ExchangeCodec.java:242)
08-05 19:56:52.495 29070  3081 E baseline.com.newsblur.network.APIResponse: 	at okhttp3.internal.http1.Http1ExchangeCodec.readResponseHeaders(Http1ExchangeCodec.java:213)
08-05 19:56:52.495 29070  3081 E baseline.com.newsblur.network.APIResponse: 	... 30 more
08-05 19:56:52.497 29070  3081 I baseline.com.newsblur.service.NBSyncService: Holding reading action with server-side or network error.
08-05 19:56:52.505 29070 29082 I art     : Explicit concurrent mark sweep GC freed 2146(225KB) AllocSpace objects, 2(40KB) LOS objects, 29% free, 37MB/53MB, paused 2.411ms total 53.309ms
08-05 19:56:52.510 29070  3081 W baseline.com.newsblur.service.NBSyncService: hard API failure
08-05 19:56:52.524 29070 29082 I art     : Starting a blocking GC Explicit
08-05 19:56:52.573 29070 29082 I art     : Explicit concurrent mark sweep GC freed 821(100KB) AllocSpace objects, 2(40KB) LOS objects, 29% free, 37MB/53MB, paused 2.043ms total 49.519ms
08-05 19:56:52.768  3217  3217 D AndroidRuntime: >>>>>> START com.android.internal.os.RuntimeInit uid 2000 <<<<<<
08-05 19:56:52.774  3217  3217 D AndroidRuntime: CheckJNI is OFF
08-05 19:56:52.822  3217  3217 D ICU     : No timezone override file found: /data/misc/zoneinfo/current/icu/icu_tzdata.dat
08-05 19:56:52.882  3217  3217 I Radio-JNI: register_android_hardware_Radio DONE
08-05 19:56:52.914  3217  3217 D AndroidRuntime: Calling main entry com.android.commands.input.Input
08-05 19:56:52.916  3217  3217 I Input   : injectKeyEvent: KeyEvent { action=ACTION_DOWN, keyCode=KEYCODE_BACK, scanCode=0, metaState=0, flags=0x0, repeatCount=0, eventTime=820629329, downTime=820629329, deviceId=-1, source=0x101 }
08-05 19:56:52.918 29070  3081 E baseline.com.newsblur.network.APIResponse: Error (unexpected end of stream on https://www.newsblur.com/...) calling https://www.newsblur.com/reader/mark_story_hashes_as_read/
08-05 19:56:52.918 29070  3081 E baseline.com.newsblur.network.APIResponse: java.io.IOException: unexpected end of stream on https://www.newsblur.com/...
08-05 19:56:52.918 29070  3081 E baseline.com.newsblur.network.APIResponse: 	at okhttp3.internal.http1.Http1ExchangeCodec.readResponseHeaders(Http1ExchangeCodec.java:236)
08-05 19:56:52.918 29070  3081 E baseline.com.newsblur.network.APIResponse: 	at okhttp3.internal.connection.Exchange.readResponseHeaders(Exchange.java:115)
08-05 19:56:52.918 29070  3081 E baseline.com.newsblur.network.APIResponse: 	at okhttp3.internal.http.CallServerInterceptor.intercept(CallServerInterceptor.java:94)
08-05 19:56:52.918 29070  3081 E baseline.com.newsblur.network.APIResponse: 	at okhttp3.internal.http.RealInterceptorChain.proceed(RealInterceptorChain.java:142)
08-05 19:56:52.918 29070  3081 E baseline.com.newsblur.network.APIResponse: 	at okhttp3.internal.connection.ConnectInterceptor.intercept(ConnectInterceptor.java:43)
08-05 19:56:52.918 29070  3081 E baseline.com.newsblur.network.APIResponse: 	at okhttp3.internal.http.RealInterceptorChain.proceed(RealInterceptorChain.java:142)
08-05 19:56:52.918 29070  3081 E baseline.com.newsblur.network.APIResponse: 	at okhttp3.internal.http.RealInterceptorChain.proceed(RealInterceptorChain.java:117)
08-05 19:56:52.918 29070  3081 E baseline.com.newsblur.network.APIResponse: 	at okhttp3.internal.cache.CacheInterceptor.intercept(CacheInterceptor.java:94)
08-05 19:56:52.918 29070  3081 E baseline.com.newsblur.network.APIResponse: 	at okhttp3.internal.http.RealInterceptorChain.proceed(RealInterceptorChain.java:142)
08-05 19:56:52.918 29070  3081 E baseline.com.newsblur.network.APIResponse: 	at okhttp3.internal.http.RealInterceptorChain.proceed(RealInterceptorChain.java:117)
08-05 19:56:52.918 29070  3081 E baseline.com.newsblur.network.APIResponse: 	at okhttp3.internal.http.BridgeInterceptor.intercept(BridgeInterceptor.java:93)
08-05 19:56:52.918 29070  3081 E baseline.com.newsblur.network.APIResponse: 	at okhttp3.internal.http.RealInterceptorChain.proceed(RealInterceptorChain.java:142)
08-05 19:56:52.918 29070  3081 E baseline.com.newsblur.network.APIResponse: 	at okhttp3.internal.http.RetryAndFollowUpInterceptor.intercept(RetryAndFollowUpInterceptor.java:88)
08-05 19:56:52.918 29070  3081 E baseline.com.newsblur.network.APIResponse: 	at okhttp3.internal.http.RealInterceptorChain.proceed(RealInterceptorChain.java:142)
08-05 19:56:52.918 29070  3081 E baseline.com.newsblur.network.APIResponse: 	at okhttp3.internal.http.RealInterceptorChain.proceed(RealInterceptorChain.java:117)
08-05 19:56:52.918 29070  3081 E baseline.com.newsblur.network.APIResponse: 	at okhttp3.RealCall.getResponseWithInterceptorChain(RealCall.java:229)
08-05 19:56:52.918 29070  3081 E baseline.com.newsblur.network.APIResponse: 	at okhttp3.RealCall.execute(RealCall.java:81)
08-05 19:56:52.918 29070  3081 E baseline.com.newsblur.network.APIResponse: 	at baseline.com.newsblur.network.APIResponse.<init>(APIResponse.java:57)
08-05 19:56:52.918 29070  3081 E baseline.com.newsblur.network.APIResponse: 	at baseline.com.newsblur.network.APIResponse.<init>(APIResponse.java:43)
08-05 19:56:52.918 29070  3081 E baseline.com.newsblur.network.APIResponse: 	at baseline.com.newsblur.network.APIManager.post_single(APIManager.java:702)
08-05 19:56:52.918 29070  3081 E baseline.com.newsblur.network.APIResponse: 	at baseline.com.newsblur.network.APIManager.post(APIManager.java:675)
08-05 19:56:52.918 29070  3081 E baseline.com.newsblur.network.APIResponse: 	at baseline.com.newsblur.network.APIManager.post(APIManager.java:714)
08-05 19:56:52.918 29070  3081 E baseline.com.newsblur.network.APIResponse: 	at baseline.com.newsblur.network.APIManager.markStoryAsRead(APIManager.java:205)
08-05 19:56:52.918 29070  3081 E baseline.com.newsblur.network.APIResponse: 	at baseline.com.newsblur.util.ReadingAction.doRemote(ReadingAction.java:281)
08-05 19:56:52.918 29070  3081 E baseline.com.newsblur.network.APIResponse: 	at baseline.com.newsblur.service.NBSyncService.syncActions(NBSyncService.java:400)
08-05 19:56:52.918 29070  3081 E baseline.com.newsblur.network.APIResponse: 	at baseline.com.newsblur.service.NBSyncService.doSync(NBSyncService.java:298)
08-05 19:56:52.918 29070  3081 E baseline.com.newsblur.network.APIResponse: 	at baseline.com.newsblur.service.NBSyncService.access$100(NBSyncService.java:67)
08-05 19:56:52.918 29070  3081 E baseline.com.newsblur.network.APIResponse: 	at baseline.com.newsblur.service.NBSyncService$1.run(NBSyncService.java:188)
08-05 19:56:52.918 29070  3081 E baseline.com.newsblur.network.APIResponse: 	at java.util.concurrent.ThreadPoolExecutor.runWorker(ThreadPoolExecutor.java:1113)
08-05 19:56:52.918 29070  3081 E baseline.com.newsblur.network.APIResponse: 	at java.util.concurrent.ThreadPoolExecutor$Worker.run(ThreadPoolExecutor.java:588)
08-05 19:56:52.918 29070  3081 E baseline.com.newsblur.network.APIResponse: 	at java.lang.Thread.run(Thread.java:818)
08-05 19:56:52.918 29070  3081 E baseline.com.newsblur.network.APIResponse: Caused by: java.io.EOFException: \n not found: limit=0 content=
08-05 19:56:52.918 29070  3081 E baseline.com.newsblur.network.APIResponse: 	at okio.RealBufferedSource.readUtf8LineStrict(RealBufferedSource.java:240)
08-05 19:56:52.918 29070  3081 E baseline.com.newsblur.network.APIResponse: 	at okhttp3.internal.http1.Http1ExchangeCodec.readHeaderLine(Http1ExchangeCodec.java:242)
08-05 19:56:52.918 29070  3081 E baseline.com.newsblur.network.APIResponse: 	at okhttp3.internal.http1.Http1ExchangeCodec.readResponseHeaders(Http1ExchangeCodec.java:213)
08-05 19:56:52.918 29070  3081 E baseline.com.newsblur.network.APIResponse: 	... 30 more
08-05 19:56:52.920 29070  3081 I baseline.com.newsblur.network.APIManager: API call failed, pausing before retry number 1
08-05 19:56:52.928  3217  3217 I Input   : injectKeyEvent: KeyEvent { action=ACTION_UP, keyCode=KEYCODE_BACK, scanCode=0, metaState=0, flags=0x0, repeatCount=0, eventTime=820629329, downTime=820629329, deviceId=-1, source=0x101 }
08-05 19:56:52.938 29070  2422 I art     : Starting a blocking GC Explicit
08-05 19:56:52.944  3217  3217 D AndroidRuntime: Shutting down VM
08-05 19:56:52.992 29070  2422 I art     : Explicit concurrent mark sweep GC freed 4340(425KB) AllocSpace objects, 7(140KB) LOS objects, 29% free, 37MB/53MB, paused 2.082ms total 53.541ms
08-05 19:56:53.010 29070  2422 I art     : Starting a blocking GC Explicit
08-05 19:56:53.060 29070  2422 I art     : Explicit concurrent mark sweep GC freed 142(5KB) AllocSpace objects, 0(0B) LOS objects, 29% free, 37MB/53MB, paused 2.047ms total 50.305ms
08-05 19:56:53.079 29070  2422 I art     : Starting a blocking GC Explicit
08-05 19:56:53.134 29070  2422 I art     : Explicit concurrent mark sweep GC freed 2025(144KB) AllocSpace objects, 4(80KB) LOS objects, 29% free, 37MB/53MB, paused 1.963ms total 54.189ms
08-05 19:56:53.153 29070  2422 I art     : Starting a blocking GC Explicit
08-05 19:56:53.190 13866 13866 I GoogleInputMethodServic: GoogleInputMethodService.onFinishInput():3138 
08-05 19:56:53.197 13866 13866 I GoogleInputMethodServic: GoogleInputMethodService.onStartInput():1808 
08-05 19:56:53.210 29070  2422 I art     : Explicit concurrent mark sweep GC freed 5777(365KB) AllocSpace objects, 4(80KB) LOS objects, 29% free, 37MB/53MB, paused 2.110ms total 56.043ms
08-05 19:56:53.230 29070  2422 I art     : Starting a blocking GC Explicit
08-05 19:56:53.280 29070  2422 I art     : Explicit concurrent mark sweep GC freed 215(8KB) AllocSpace objects, 0(0B) LOS objects, 29% free, 37MB/53MB, paused 2.605ms total 49.652ms
08-05 19:56:53.661 29070  2422 I art     : Starting a blocking GC Explicit
08-05 19:56:53.715 29070  2422 I art     : Explicit concurrent mark sweep GC freed 1907(103KB) AllocSpace objects, 1(20KB) LOS objects, 29% free, 37MB/53MB, paused 2.046ms total 53.483ms
08-05 19:56:53.735 29070  2422 I art     : Starting a blocking GC Explicit
08-05 19:56:53.793 29070  2422 I art     : Explicit concurrent mark sweep GC freed 168(7KB) AllocSpace objects, 0(0B) LOS objects, 29% free, 37MB/53MB, paused 2.007ms total 57.656ms
08-05 19:56:53.813 29070  2422 I art     : Starting a blocking GC Explicit
08-05 19:56:53.869 29070  2422 I art     : Explicit concurrent mark sweep GC freed 13(416B) AllocSpace objects, 0(0B) LOS objects, 29% free, 37MB/53MB, paused 2.466ms total 54.974ms
08-05 19:56:53.889 29070  2422 I art     : Starting a blocking GC Explicit
08-05 19:56:53.944 29070  2422 I art     : Explicit concurrent mark sweep GC freed 11(352B) AllocSpace objects, 0(0B) LOS objects, 29% free, 37MB/53MB, paused 1.845ms total 54.725ms
08-05 19:56:53.964 29070  2422 I art     : Starting a blocking GC Explicit
08-05 19:56:54.019 29070  2422 I art     : Explicit concurrent mark sweep GC freed 13(416B) AllocSpace objects, 0(0B) LOS objects, 29% free, 37MB/53MB, paused 2.257ms total 54.515ms
08-05 19:56:54.424 29070  2422 I art     : Starting a blocking GC Explicit
08-05 19:56:54.478 29070  2422 I art     : Explicit concurrent mark sweep GC freed 1580(87KB) AllocSpace objects, 1(20KB) LOS objects, 29% free, 37MB/53MB, paused 1.997ms total 53.489ms
08-05 19:56:54.503 29070  2422 I art     : Starting a blocking GC Explicit
08-05 19:56:54.552 29070  2422 I art     : Explicit concurrent mark sweep GC freed 112(6KB) AllocSpace objects, 0(0B) LOS objects, 29% free, 37MB/53MB, paused 2.315ms total 49.017ms
08-05 19:56:54.571 29070  2422 I art     : Starting a blocking GC Explicit
08-05 19:56:54.624 29070  2422 I art     : Explicit concurrent mark sweep GC freed 8(256B) AllocSpace objects, 0(0B) LOS objects, 29% free, 37MB/53MB, paused 1.975ms total 52.090ms
08-05 19:56:54.641 29070  2422 I art     : Starting a blocking GC Explicit
08-05 19:56:54.690 29070  2422 I art     : Explicit concurrent mark sweep GC freed 3(96B) AllocSpace objects, 0(0B) LOS objects, 29% free, 37MB/53MB, paused 2.069ms total 49.060ms
08-05 19:56:54.709 29070  2422 I art     : Starting a blocking GC Explicit
08-05 19:56:54.760 29070  2422 I art     : Explicit concurrent mark sweep GC freed 3(96B) AllocSpace objects, 0(0B) LOS objects, 29% free, 37MB/53MB, paused 2.028ms total 51.248ms
08-05 19:56:54.869  3280  3280 D AndroidRuntime: >>>>>> START com.android.internal.os.RuntimeInit uid 2000 <<<<<<
08-05 19:56:54.875  3280  3280 D AndroidRuntime: CheckJNI is OFF
08-05 19:56:54.938  3280  3280 D ICU     : No timezone override file found: /data/misc/zoneinfo/current/icu/icu_tzdata.dat
08-05 19:56:54.944 29070  3081 E baseline.com.newsblur.network.APIResponse: Error (unexpected end of stream on https://www.newsblur.com/...) calling https://www.newsblur.com/reader/mark_story_hashes_as_read/
08-05 19:56:54.944 29070  3081 E baseline.com.newsblur.network.APIResponse: java.io.IOException: unexpected end of stream on https://www.newsblur.com/...
08-05 19:56:54.944 29070  3081 E baseline.com.newsblur.network.APIResponse: 	at okhttp3.internal.http1.Http1ExchangeCodec.readResponseHeaders(Http1ExchangeCodec.java:236)
08-05 19:56:54.944 29070  3081 E baseline.com.newsblur.network.APIResponse: 	at okhttp3.internal.connection.Exchange.readResponseHeaders(Exchange.java:115)
08-05 19:56:54.944 29070  3081 E baseline.com.newsblur.network.APIResponse: 	at okhttp3.internal.http.CallServerInterceptor.intercept(CallServerInterceptor.java:94)
08-05 19:56:54.944 29070  3081 E baseline.com.newsblur.network.APIResponse: 	at okhttp3.internal.http.RealInterceptorChain.proceed(RealInterceptorChain.java:142)
08-05 19:56:54.944 29070  3081 E baseline.com.newsblur.network.APIResponse: 	at okhttp3.internal.connection.ConnectInterceptor.intercept(ConnectInterceptor.java:43)
08-05 19:56:54.944 29070  3081 E baseline.com.newsblur.network.APIResponse: 	at okhttp3.internal.http.RealInterceptorChain.proceed(RealInterceptorChain.java:142)
08-05 19:56:54.944 29070  3081 E baseline.com.newsblur.network.APIResponse: 	at okhttp3.internal.http.RealInterceptorChain.proceed(RealInterceptorChain.java:117)
08-05 19:56:54.944 29070  3081 E baseline.com.newsblur.network.APIResponse: 	at okhttp3.internal.cache.CacheInterceptor.intercept(CacheInterceptor.java:94)
08-05 19:56:54.944 29070  3081 E baseline.com.newsblur.network.APIResponse: 	at okhttp3.internal.http.RealInterceptorChain.proceed(RealInterceptorChain.java:142)
08-05 19:56:54.944 29070  3081 E baseline.com.newsblur.network.APIResponse: 	at okhttp3.internal.http.RealInterceptorChain.proceed(RealInterceptorChain.java:117)
08-05 19:56:54.944 29070  3081 E baseline.com.newsblur.network.APIResponse: 	at okhttp3.internal.http.BridgeInterceptor.intercept(BridgeInterceptor.java:93)
08-05 19:56:54.944 29070  3081 E baseline.com.newsblur.network.APIResponse: 	at okhttp3.internal.http.RealInterceptorChain.proceed(RealInterceptorChain.java:142)
08-05 19:56:54.944 29070  3081 E baseline.com.newsblur.network.APIResponse: 	at okhttp3.internal.http.RetryAndFollowUpInterceptor.intercept(RetryAndFollowUpInterceptor.java:88)
08-05 19:56:54.944 29070  3081 E baseline.com.newsblur.network.APIResponse: 	at okhttp3.internal.http.RealInterceptorChain.proceed(RealInterceptorChain.java:142)
08-05 19:56:54.944 29070  3081 E baseline.com.newsblur.network.APIResponse: 	at okhttp3.internal.http.RealInterceptorChain.proceed(RealInterceptorChain.java:117)
08-05 19:56:54.944 29070  3081 E baseline.com.newsblur.network.APIResponse: 	at okhttp3.RealCall.getResponseWithInterceptorChain(RealCall.java:229)
08-05 19:56:54.944 29070  3081 E baseline.com.newsblur.network.APIResponse: 	at okhttp3.RealCall.execute(RealCall.java:81)
08-05 19:56:54.944 29070  3081 E baseline.com.newsblur.network.APIResponse: 	at baseline.com.newsblur.network.APIResponse.<init>(APIResponse.java:57)
08-05 19:56:54.944 29070  3081 E baseline.com.newsblur.network.APIResponse: 	at baseline.com.newsblur.network.APIResponse.<init>(APIResponse.java:43)
08-05 19:56:54.944 29070  3081 E baseline.com.newsblur.network.APIResponse: 	at baseline.com.newsblur.network.APIManager.post_single(APIManager.java:702)
08-05 19:56:54.944 29070  3081 E baseline.com.newsblur.network.APIResponse: 	at baseline.com.newsblur.network.APIManager.post(APIManager.java:675)
08-05 19:56:54.944 29070  3081 E baseline.com.newsblur.network.APIResponse: 	at baseline.com.newsblur.network.APIManager.post(APIManager.java:714)
08-05 19:56:54.944 29070  3081 E baseline.com.newsblur.network.APIResponse: 	at baseline.com.newsblur.network.APIManager.markStoryAsRead(APIManager.java:205)
08-05 19:56:54.944 29070  3081 E baseline.com.newsblur.network.APIResponse: 	at baseline.com.newsblur.util.ReadingAction.doRemote(ReadingAction.java:281)
08-05 19:56:54.944 29070  3081 E baseline.com.newsblur.network.APIResponse: 	at baseline.com.newsblur.service.NBSyncService.syncActions(NBSyncService.java:400)
08-05 19:56:54.944 29070  3081 E baseline.com.newsblur.network.APIResponse: 	at baseline.com.newsblur.service.NBSyncService.doSync(NBSyncService.java:298)
08-05 19:56:54.944 29070  3081 E baseline.com.newsblur.network.APIResponse: 	at baseline.com.newsblur.service.NBSyncService.access$100(NBSyncService.java:67)
08-05 19:56:54.944 29070  3081 E baseline.com.newsblur.network.APIResponse: 	at baseline.com.newsblur.service.NBSyncService$1.run(NBSyncService.java:188)
08-05 19:56:54.944 29070  3081 E baseline.com.newsblur.network.APIResponse: 	at java.util.concurrent.ThreadPoolExecutor.runWorker(ThreadPoolExecutor.java:1113)
08-05 19:56:54.944 29070  3081 E baseline.com.newsblur.network.APIResponse: 	at java.util.concurrent.ThreadPoolExecutor$Worker.run(ThreadPoolExecutor.java:588)
08-05 19:56:54.944 29070  3081 E baseline.com.newsblur.network.APIResponse: 	at java.lang.Thread.run(Thread.java:818)
08-05 19:56:54.944 29070  3081 E baseline.com.newsblur.network.APIResponse: Caused by: java.io.EOFException: \n not found: limit=0 content=
08-05 19:56:54.944 29070  3081 E baseline.com.newsblur.network.APIResponse: 	at okio.RealBufferedSource.readUtf8LineStrict(RealBufferedSource.java:240)
08-05 19:56:54.944 29070  3081 E baseline.com.newsblur.network.APIResponse: 	at okhttp3.internal.http1.Http1ExchangeCodec.readHeaderLine(Http1ExchangeCodec.java:242)
08-05 19:56:54.944 29070  3081 E baseline.com.newsblur.network.APIResponse: 	at okhttp3.internal.http1.Http1ExchangeCodec.readResponseHeaders(Http1ExchangeCodec.java:213)
08-05 19:56:54.944 29070  3081 E baseline.com.newsblur.network.APIResponse: 	... 30 more
08-05 19:56:54.946 29070  3081 I baseline.com.newsblur.network.APIManager: API call failed, pausing before retry number 2
08-05 19:56:54.984  3280  3280 I Radio-JNI: register_android_hardware_Radio DONE
08-05 19:56:55.015  3280  3280 D AndroidRuntime: Calling main entry com.android.commands.input.Input
08-05 19:56:55.017  3280  3280 I Input   : injectMotionEvent: MotionEvent { action=ACTION_DOWN, actionButton=0, id[0]=0, x[0]=594.0, y[0]=330.0, toolType[0]=TOOL_TYPE_UNKNOWN, buttonState=0, metaState=0, flags=0x0, edgeFlags=0x0, pointerCount=1, historySize=0, eventTime=820631429, downTime=820631429, deviceId=0, source=0x1002 }
08-05 19:56:55.021  3280  3280 I Input   : injectMotionEvent: MotionEvent { action=ACTION_UP, actionButton=0, id[0]=0, x[0]=594.0, y[0]=330.0, toolType[0]=TOOL_TYPE_UNKNOWN, buttonState=0, metaState=0, flags=0x0, edgeFlags=0x0, pointerCount=1, historySize=0, eventTime=820631429, downTime=820631429, deviceId=0, source=0x1002 }
08-05 19:56:55.023  3280  3280 D AndroidRuntime: Shutting down VM
08-05 19:56:55.091   918   928 I ActivityManager: START u0 {cmp=baseline.com.newsblur/.activity.GlobalSharedStoriesItemsList (has extras)} from uid 10676 on display 0
08-05 19:56:55.121 29070  2408 I baseline.com.newsblur.database.BlurDatabaseHelper: reading session reset
08-05 19:56:55.123 29070 29081 I art     : Starting a blocking GC Explicit
08-05 19:56:55.175 29070 29081 I art     : Explicit concurrent mark sweep GC freed 5713(525KB) AllocSpace objects, 8(252KB) LOS objects, 29% free, 37MB/53MB, paused 1.997ms total 51.478ms
08-05 19:56:55.192 29070 29081 I art     : Starting a blocking GC Explicit
08-05 19:56:55.244 29070 29081 I art     : Explicit concurrent mark sweep GC freed 410(17KB) AllocSpace objects, 0(0B) LOS objects, 29% free, 37MB/53MB, paused 2.263ms total 51.343ms
08-05 19:56:55.262 29070 29081 I art     : Starting a blocking GC Explicit
08-05 19:56:55.317 29070 29081 I art     : Explicit concurrent mark sweep GC freed 560(44KB) AllocSpace objects, 1(20KB) LOS objects, 29% free, 37MB/53MB, paused 2.087ms total 54.530ms
08-05 19:56:55.335 29070 29081 I art     : Starting a blocking GC Explicit
08-05 19:56:55.349 29070 29070 W View    : requestLayout() improperly called by android.widget.FrameLayout{49bcc5 V.E...... ......ID 0,0-1440,18 #7f07003f app:id/footer_view_inner} during layout: running second layout pass
08-05 19:56:55.350 29070 29070 W View    : requestLayout() improperly called by android.widget.FrameLayout{c47961a V.E...... ......ID 0,0-1440,2091 #7f07003f app:id/footer_view_inner} during layout: running second layout pass
08-05 19:56:55.369   918   936 I ActivityManager: Displayed baseline.com.newsblur/.activity.GlobalSharedStoriesItemsList: +267ms
08-05 19:56:55.370 13866 13866 I GoogleInputMethodServic: GoogleInputMethodService.onFinishInput():3138 
08-05 19:56:55.370 13866 13866 I GoogleInputMethodServic: GoogleInputMethodService.onStartInput():1808 
08-05 19:56:55.391 29070 29081 I art     : Explicit concurrent mark sweep GC freed 570(47KB) AllocSpace objects, 2(40KB) LOS objects, 29% free, 37MB/53MB, paused 2.725ms total 54.901ms
08-05 19:56:55.406  2695  2695 I ServiceManager: Waiting for service AtCmdFwd...
08-05 19:56:55.409 29070 29081 I art     : Starting a blocking GC Explicit
08-05 19:56:55.468 29070 29081 I art     : Explicit concurrent mark sweep GC freed 1192(74KB) AllocSpace objects, 5(100KB) LOS objects, 29% free, 37MB/53MB, paused 2.872ms total 59.186ms
08-05 19:56:55.543 29070  3319 I NAPPA_EXPERIMENTATION: MetricNetworkRequestExecutionTime: REQUEST_DURATION_SYSTEM='89',REQUEST_DURATION_OKHTTP='88',REQUEST_SYNCHRONOUS='TRUE',RESPONSE_CODE='200',RESPONSE_METHOD='GET',RESPONSE_LENGTH_OKHTTP='43',RESPONSE_LENGTH_HEADER='43',REQUEST_PROTOCOL='http/1.1',REQUEST_URL='http://feeds.feedburner.com/~r/retort/~4/UffaFMiJbNs',
08-05 19:56:55.853 29070  2197 I art     : Starting a blocking GC Explicit
08-05 19:56:55.910 29070  2197 I art     : Explicit concurrent mark sweep GC freed 2268(149KB) AllocSpace objects, 3(60KB) LOS objects, 29% free, 37MB/53MB, paused 2.235ms total 56.991ms
08-05 19:56:55.930 29070  2197 I art     : Starting a blocking GC Explicit
08-05 19:56:55.987 29070  2197 I art     : Explicit concurrent mark sweep GC freed 47(1808B) AllocSpace objects, 0(0B) LOS objects, 29% free, 37MB/53MB, paused 1.932ms total 56.275ms
08-05 19:56:55.989 13866 13882 I PeriodicStatsRunner: PeriodicStatsRunner.call():175 call()
08-05 19:56:55.990 13866 13882 I PeriodicStatsRunner: PeriodicStatsRunner.call():179 No submit PeriodicStats since input started.
08-05 19:56:56.005 29070  2197 I art     : Starting a blocking GC Explicit
08-05 19:56:56.061 29070  2197 I art     : Explicit concurrent mark sweep GC freed 3(96B) AllocSpace objects, 0(0B) LOS objects, 29% free, 37MB/53MB, paused 2.062ms total 55.486ms
08-05 19:56:56.081 29070  2197 I art     : Starting a blocking GC Explicit
08-05 19:56:56.137 29070  2197 I art     : Explicit concurrent mark sweep GC freed 3(96B) AllocSpace objects, 0(0B) LOS objects, 29% free, 37MB/53MB, paused 1.907ms total 56.104ms
08-05 19:56:56.157 29070  2197 I art     : Starting a blocking GC Explicit
08-05 19:56:56.214 29070  2197 I art     : Explicit concurrent mark sweep GC freed 3(96B) AllocSpace objects, 0(0B) LOS objects, 29% free, 37MB/53MB, paused 2.259ms total 56.866ms
08-05 19:56:56.407  2695  2695 I ServiceManager: Waiting for service AtCmdFwd...
08-05 19:56:56.616 29070 29081 I art     : Starting a blocking GC Explicit
08-05 19:56:56.689 29070 29081 I art     : Explicit concurrent mark sweep GC freed 1461(83KB) AllocSpace objects, 1(20KB) LOS objects, 29% free, 37MB/53MB, paused 2.641ms total 72.099ms
08-05 19:56:56.714 29070 29081 I art     : Starting a blocking GC Explicit
08-05 19:56:56.781 29070 29081 I art     : Explicit concurrent mark sweep GC freed 30(1040B) AllocSpace objects, 0(0B) LOS objects, 29% free, 37MB/53MB, paused 2.203ms total 67.103ms
08-05 19:56:56.801 29070 29081 I art     : Starting a blocking GC Explicit
08-05 19:56:56.856 29070 29081 I art     : Explicit concurrent mark sweep GC freed 3(96B) AllocSpace objects, 0(0B) LOS objects, 29% free, 37MB/53MB, paused 2.026ms total 54.915ms
08-05 19:56:56.876 29070 29081 I art     : Starting a blocking GC Explicit
08-05 19:56:56.933 29070 29081 I art     : Explicit concurrent mark sweep GC freed 3(96B) AllocSpace objects, 0(0B) LOS objects, 29% free, 37MB/53MB, paused 2.204ms total 56.605ms
08-05 19:56:56.952 29070 29081 I art     : Starting a blocking GC Explicit
08-05 19:56:57.009 29070 29081 I art     : Explicit concurrent mark sweep GC freed 3(96B) AllocSpace objects, 0(0B) LOS objects, 29% free, 37MB/53MB, paused 2.167ms total 56.530ms
08-05 19:56:57.086   518   646 I ThermalEngine: ACTION: GPU - Setting GPU[0] to 450000000
08-05 19:56:57.385 29070 29082 I art     : Starting a blocking GC Explicit
08-05 19:56:57.407  2695  2695 I ServiceManager: Waiting for service AtCmdFwd...
08-05 19:56:57.435 29070 29082 I art     : Explicit concurrent mark sweep GC freed 1440(82KB) AllocSpace objects, 1(20KB) LOS objects, 29% free, 37MB/53MB, paused 1.408ms total 50.257ms
08-05 19:56:57.450 29070 29082 I art     : Starting a blocking GC Explicit
08-05 19:56:57.497 29070 29082 I art     : Explicit concurrent mark sweep GC freed 22(784B) AllocSpace objects, 0(0B) LOS objects, 29% free, 37MB/53MB, paused 1.290ms total 46.102ms
08-05 19:56:57.510 29070 29082 I art     : Starting a blocking GC Explicit
08-05 19:56:57.557 29070 29082 I art     : Explicit concurrent mark sweep GC freed 3(96B) AllocSpace objects, 0(0B) LOS objects, 29% free, 37MB/53MB, paused 1.390ms total 47.135ms
08-05 19:56:57.570 29070 29082 I art     : Starting a blocking GC Explicit
08-05 19:56:57.616 29070 29082 I art     : Explicit concurrent mark sweep GC freed 4(160B) AllocSpace objects, 0(0B) LOS objects, 29% free, 37MB/53MB, paused 1.308ms total 46.222ms
08-05 19:56:57.630 29070 29082 I art     : Starting a blocking GC Explicit
08-05 19:56:57.678 29070 29082 I art     : Explicit concurrent mark sweep GC freed 3(96B) AllocSpace objects, 0(0B) LOS objects, 29% free, 37MB/53MB, paused 1.528ms total 48.187ms
08-05 19:56:58.067 29070  2197 I art     : Starting a blocking GC Explicit
08-05 19:56:58.115 29070  2197 I art     : Explicit concurrent mark sweep GC freed 1599(91KB) AllocSpace objects, 1(20KB) LOS objects, 29% free, 37MB/53MB, paused 1.319ms total 47.051ms
08-05 19:56:58.128 29070  2197 I art     : Starting a blocking GC Explicit
08-05 19:56:58.177 29070  2197 I art     : Explicit concurrent mark sweep GC freed 34(1344B) AllocSpace objects, 0(0B) LOS objects, 29% free, 37MB/53MB, paused 1.474ms total 48.448ms
08-05 19:56:58.190 29070  2197 I art     : Starting a blocking GC Explicit
08-05 19:56:58.191 13866 13882 I PeriodicStatsRunner: PeriodicStatsRunner.call():175 call()
08-05 19:56:58.191 13866 13882 I PeriodicStatsRunner: PeriodicStatsRunner.call():179 No submit PeriodicStats since input started.
08-05 19:56:58.239 29070  2197 I art     : Explicit concurrent mark sweep GC freed 3(96B) AllocSpace objects, 0(0B) LOS objects, 29% free, 37MB/53MB, paused 1.397ms total 48.509ms
08-05 19:56:58.252 29070  2197 I art     : Starting a blocking GC Explicit
08-05 19:56:58.303 29070  2197 I art     : Explicit concurrent mark sweep GC freed 3(96B) AllocSpace objects, 0(0B) LOS objects, 29% free, 37MB/53MB, paused 1.509ms total 50.166ms
08-05 19:56:58.319 29070  2197 I art     : Starting a blocking GC Explicit
08-05 19:56:58.364 29070  2197 I art     : Explicit concurrent mark sweep GC freed 3(96B) AllocSpace objects, 0(0B) LOS objects, 29% free, 37MB/53MB, paused 1.308ms total 44.685ms
08-05 19:56:58.408  2695  2695 I ServiceManager: Waiting for service AtCmdFwd...
08-05 19:56:58.545 29070  3081 E baseline.com.newsblur.network.APIResponse: Error (unexpected end of stream on https://www.newsblur.com/...) calling https://www.newsblur.com/reader/mark_story_hashes_as_read/
08-05 19:56:58.545 29070  3081 E baseline.com.newsblur.network.APIResponse: java.io.IOException: unexpected end of stream on https://www.newsblur.com/...
08-05 19:56:58.545 29070  3081 E baseline.com.newsblur.network.APIResponse: 	at okhttp3.internal.http1.Http1ExchangeCodec.readResponseHeaders(Http1ExchangeCodec.java:236)
08-05 19:56:58.545 29070  3081 E baseline.com.newsblur.network.APIResponse: 	at okhttp3.internal.connection.Exchange.readResponseHeaders(Exchange.java:115)
08-05 19:56:58.545 29070  3081 E baseline.com.newsblur.network.APIResponse: 	at okhttp3.internal.http.CallServerInterceptor.intercept(CallServerInterceptor.java:94)
08-05 19:56:58.545 29070  3081 E baseline.com.newsblur.network.APIResponse: 	at okhttp3.internal.http.RealInterceptorChain.proceed(RealInterceptorChain.java:142)
08-05 19:56:58.545 29070  3081 E baseline.com.newsblur.network.APIResponse: 	at okhttp3.internal.connection.ConnectInterceptor.intercept(ConnectInterceptor.java:43)
08-05 19:56:58.545 29070  3081 E baseline.com.newsblur.network.APIResponse: 	at okhttp3.internal.http.RealInterceptorChain.proceed(RealInterceptorChain.java:142)
08-05 19:56:58.545 29070  3081 E baseline.com.newsblur.network.APIResponse: 	at okhttp3.internal.http.RealInterceptorChain.proceed(RealInterceptorChain.java:117)
08-05 19:56:58.545 29070  3081 E baseline.com.newsblur.network.APIResponse: 	at okhttp3.internal.cache.CacheInterceptor.intercept(CacheInterceptor.java:94)
08-05 19:56:58.545 29070  3081 E baseline.com.newsblur.network.APIResponse: 	at okhttp3.internal.http.RealInterceptorChain.proceed(RealInterceptorChain.java:142)
08-05 19:56:58.545 29070  3081 E baseline.com.newsblur.network.APIResponse: 	at okhttp3.internal.http.RealInterceptorChain.proceed(RealInterceptorChain.java:117)
08-05 19:56:58.545 29070  3081 E baseline.com.newsblur.network.APIResponse: 	at okhttp3.internal.http.BridgeInterceptor.intercept(BridgeInterceptor.java:93)
08-05 19:56:58.545 29070  3081 E baseline.com.newsblur.network.APIResponse: 	at okhttp3.internal.http.RealInterceptorChain.proceed(RealInterceptorChain.java:142)
08-05 19:56:58.545 29070  3081 E baseline.com.newsblur.network.APIResponse: 	at okhttp3.internal.http.RetryAndFollowUpInterceptor.intercept(RetryAndFollowUpInterceptor.java:88)
08-05 19:56:58.545 29070  3081 E baseline.com.newsblur.network.APIResponse: 	at okhttp3.internal.http.RealInterceptorChain.proceed(RealInterceptorChain.java:142)
08-05 19:56:58.545 29070  3081 E baseline.com.newsblur.network.APIResponse: 	at okhttp3.internal.http.RealInterceptorChain.proceed(RealInterceptorChain.java:117)
08-05 19:56:58.545 29070  3081 E baseline.com.newsblur.network.APIResponse: 	at okhttp3.RealCall.getResponseWithInterceptorChain(RealCall.java:229)
08-05 19:56:58.545 29070  3081 E baseline.com.newsblur.network.APIResponse: 	at okhttp3.RealCall.execute(RealCall.java:81)
08-05 19:56:58.545 29070  3081 E baseline.com.newsblur.network.APIResponse: 	at baseline.com.newsblur.network.APIResponse.<init>(APIResponse.java:57)
08-05 19:56:58.545 29070  3081 E baseline.com.newsblur.network.APIResponse: 	at baseline.com.newsblur.network.APIResponse.<init>(APIResponse.java:43)
08-05 19:56:58.545 29070  3081 E baseline.com.newsblur.network.APIResponse: 	at baseline.com.newsblur.network.APIManager.post_single(APIManager.java:702)
08-05 19:56:58.545 29070  3081 E baseline.com.newsblur.network.APIResponse: 	at baseline.com.newsblur.network.APIManager.post(APIManager.java:675)
08-05 19:56:58.545 29070  3081 E baseline.com.newsblur.network.APIResponse: 	at baseline.com.newsblur.network.APIManager.post(APIManager.java:714)
08-05 19:56:58.545 29070  3081 E baseline.com.newsblur.network.APIResponse: 	at baseline.com.newsblur.network.APIManager.markStoryAsRead(APIManager.java:205)
08-05 19:56:58.545 29070  3081 E baseline.com.newsblur.network.APIResponse: 	at baseline.com.newsblur.util.ReadingAction.doRemote(ReadingAction.java:281)
08-05 19:56:58.545 29070  3081 E baseline.com.newsblur.network.APIResponse: 	at baseline.com.newsblur.service.NBSyncService.syncActions(NBSyncService.java:400)
08-05 19:56:58.545 29070  3081 E baseline.com.newsblur.network.APIResponse: 	at baseline.com.newsblur.service.NBSyncService.doSync(NBSyncService.java:298)
08-05 19:56:58.545 29070  3081 E baseline.com.newsblur.network.APIResponse: 	at baseline.com.newsblur.service.NBSyncService.access$100(NBSyncService.java:67)
08-05 19:56:58.545 29070  3081 E baseline.com.newsblur.network.APIResponse: 	at baseline.com.newsblur.service.NBSyncService$1.run(NBSyncService.java:188)
08-05 19:56:58.545 29070  3081 E baseline.com.newsblur.network.APIResponse: 	at java.util.concurrent.ThreadPoolExecutor.runWorker(ThreadPoolExecutor.java:1113)
08-05 19:56:58.545 29070  3081 E baseline.com.newsblur.network.APIResponse: 	at java.util.concurrent.ThreadPoolExecutor$Worker.run(ThreadPoolExecutor.java:588)
08-05 19:56:58.545 29070  3081 E baseline.com.newsblur.network.APIResponse: 	at java.lang.Thread.run(Thread.java:818)
08-05 19:56:58.545 29070  3081 E baseline.com.newsblur.network.APIResponse: Caused by: java.io.EOFException: \n not found: limit=0 content=
08-05 19:56:58.545 29070  3081 E baseline.com.newsblur.network.APIResponse: 	at okio.RealBufferedSource.readUtf8LineStrict(RealBufferedSource.java:240)
08-05 19:56:58.545 29070  3081 E baseline.com.newsblur.network.APIResponse: 	at okhttp3.internal.http1.Http1ExchangeCodec.readHeaderLine(Http1ExchangeCodec.java:242)
08-05 19:56:58.545 29070  3081 E baseline.com.newsblur.network.APIResponse: 	at okhttp3.internal.http1.Http1ExchangeCodec.readResponseHeaders(Http1ExchangeCodec.java:213)
08-05 19:56:58.545 29070  3081 E baseline.com.newsblur.network.APIResponse: 	... 30 more
08-05 19:56:58.547 29070  3081 I baseline.com.newsblur.service.NBSyncService: Holding reading action with server-side or network error.
08-05 19:56:58.557 29070  3081 W baseline.com.newsblur.service.NBSyncService: hard API failure
08-05 19:56:58.565 29070  3081 I baseline.com.newsblur.service.NBSyncService: recounting dirty feed sets: 1
08-05 19:56:58.715 29070  2422 I art     : Starting a blocking GC Explicit
08-05 19:56:58.762 29070  2422 I art     : Explicit concurrent mark sweep GC freed 4768(428KB) AllocSpace objects, 5(100KB) LOS objects, 29% free, 37MB/53MB, paused 1.540ms total 46.910ms
08-05 19:56:58.775 29070  2422 I art     : Starting a blocking GC Explicit
08-05 19:56:58.824 29070  2422 I art     : Explicit concurrent mark sweep GC freed 282(10KB) AllocSpace objects, 0(0B) LOS objects, 29% free, 37MB/53MB, paused 1.499ms total 48.304ms
08-05 19:56:58.841 29070  2422 I art     : Starting a blocking GC Explicit
08-05 19:56:58.888 29070  2422 I art     : Explicit concurrent mark sweep GC freed 3(96B) AllocSpace objects, 0(0B) LOS objects, 29% free, 37MB/53MB, paused 1.455ms total 47.062ms
08-05 19:56:58.901 29070  2422 I art     : Starting a blocking GC Explicit
08-05 19:56:58.949 29070  2422 I art     : Explicit concurrent mark sweep GC freed 3(96B) AllocSpace objects, 0(0B) LOS objects, 29% free, 37MB/53MB, paused 1.392ms total 47.299ms
08-05 19:56:58.962 29070  2422 I art     : Starting a blocking GC Explicit
08-05 19:56:59.008 29070  2422 I art     : Explicit concurrent mark sweep GC freed 1496(59KB) AllocSpace objects, 0(0B) LOS objects, 29% free, 37MB/53MB, paused 1.540ms total 45.608ms
08-05 19:56:59.062 29070  3081 E baseline.com.newsblur.network.APIResponse: Error (unexpected end of stream on https://www.newsblur.com/...) calling https://www.newsblur.com/reader/feed_unread_count?feed_id=0
08-05 19:56:59.062 29070  3081 E baseline.com.newsblur.network.APIResponse: java.io.IOException: unexpected end of stream on https://www.newsblur.com/...
08-05 19:56:59.062 29070  3081 E baseline.com.newsblur.network.APIResponse: 	at okhttp3.internal.http1.Http1ExchangeCodec.readResponseHeaders(Http1ExchangeCodec.java:236)
08-05 19:56:59.062 29070  3081 E baseline.com.newsblur.network.APIResponse: 	at okhttp3.internal.connection.Exchange.readResponseHeaders(Exchange.java:115)
08-05 19:56:59.062 29070  3081 E baseline.com.newsblur.network.APIResponse: 	at okhttp3.internal.http.CallServerInterceptor.intercept(CallServerInterceptor.java:94)
08-05 19:56:59.062 29070  3081 E baseline.com.newsblur.network.APIResponse: 	at okhttp3.internal.http.RealInterceptorChain.proceed(RealInterceptorChain.java:142)
08-05 19:56:59.062 29070  3081 E baseline.com.newsblur.network.APIResponse: 	at okhttp3.internal.connection.ConnectInterceptor.intercept(ConnectInterceptor.java:43)
08-05 19:56:59.062 29070  3081 E baseline.com.newsblur.network.APIResponse: 	at okhttp3.internal.http.RealInterceptorChain.proceed(RealInterceptorChain.java:142)
08-05 19:56:59.062 29070  3081 E baseline.com.newsblur.network.APIResponse: 	at okhttp3.internal.http.RealInterceptorChain.proceed(RealInterceptorChain.java:117)
08-05 19:56:59.062 29070  3081 E baseline.com.newsblur.network.APIResponse: 	at okhttp3.internal.cache.CacheInterceptor.intercept(CacheInterceptor.java:94)
08-05 19:56:59.062 29070  3081 E baseline.com.newsblur.network.APIResponse: 	at okhttp3.internal.http.RealInterceptorChain.proceed(RealInterceptorChain.java:142)
08-05 19:56:59.062 29070  3081 E baseline.com.newsblur.network.APIResponse: 	at okhttp3.internal.http.RealInterceptorChain.proceed(RealInterceptorChain.java:117)
08-05 19:56:59.062 29070  3081 E baseline.com.newsblur.network.APIResponse: 	at okhttp3.internal.http.BridgeInterceptor.intercept(BridgeInterceptor.java:93)
08-05 19:56:59.062 29070  3081 E baseline.com.newsblur.network.APIResponse: 	at okhttp3.internal.http.RealInterceptorChain.proceed(RealInterceptorChain.java:142)
08-05 19:56:59.062 29070  3081 E baseline.com.newsblur.network.APIResponse: 	at okhttp3.internal.http.RetryAndFollowUpInterceptor.intercept(RetryAndFollowUpInterceptor.java:88)
08-05 19:56:59.062 29070  3081 E baseline.com.newsblur.network.APIResponse: 	at okhttp3.internal.http.RealInterceptorChain.proceed(RealInterceptorChain.java:142)
08-05 19:56:59.062 29070  3081 E baseline.com.newsblur.network.APIResponse: 	at okhttp3.internal.http.RealInterceptorChain.proceed(RealInterceptorChain.java:117)
08-05 19:56:59.062 29070  3081 E baseline.com.newsblur.network.APIResponse: 	at okhttp3.RealCall.getResponseWithInterceptorChain(RealCall.java:229)
08-05 19:56:59.062 29070  3081 E baseline.com.newsblur.network.APIResponse: 	at okhttp3.RealCall.execute(RealCall.java:81)
08-05 19:56:59.062 29070  3081 E baseline.com.newsblur.network.APIResponse: 	at baseline.com.newsblur.network.APIResponse.<init>(APIResponse.java:57)
08-05 19:56:59.062 29070  3081 E baseline.com.newsblur.network.APIResponse: 	at baseline.com.newsblur.network.APIManager.get_single(APIManager.java:639)
08-05 19:56:59.062 29070  3081 E baseline.com.newsblur.network.APIResponse: 	at baseline.com.newsblur.network.APIManager.get(APIManager.java:625)
08-05 19:56:59.062 29070  3081 E baseline.com.newsblur.network.APIResponse: 	at baseline.com.newsblur.network.APIManager.get(APIManager.java:667)
08-05 19:56:59.062 29070  3081 E baseline.com.newsblur.network.APIResponse: 	at baseline.com.newsblur.network.APIManager.getFeedUnreadCounts(APIManager.java:274)
08-05 19:56:59.062 29070  3081 E baseline.com.newsblur.network.APIResponse: 	at baseline.com.newsblur.service.NBSyncService.checkRecounts(NBSyncService.java:660)
08-05 19:56:59.062 29070  3081 E baseline.com.newsblur.network.APIResponse: 	at baseline.com.newsblur.service.NBSyncService.doSync(NBSyncService.java:310)
08-05 19:56:59.062 29070  3081 E baseline.com.newsblur.network.APIResponse: 	at baseline.com.newsblur.service.NBSyncService.access$100(NBSyncService.java:67)
08-05 19:56:59.062 29070  3081 E baseline.com.newsblur.network.APIResponse: 	at baseline.com.newsblur.service.NBSyncService$1.run(NBSyncService.java:188)
08-05 19:56:59.062 29070  3081 E baseline.com.newsblur.network.APIResponse: 	at java.util.concurrent.ThreadPoolExecutor.runWorker(ThreadPoolExecutor.java:1113)
08-05 19:56:59.062 29070  3081 E baseline.com.newsblur.network.APIResponse: 	at java.util.concurrent.ThreadPoolExecutor$Worker.run(ThreadPoolExecutor.java:588)
08-05 19:56:59.062 29070  3081 E baseline.com.newsblur.network.APIResponse: 	at java.lang.Thread.run(Thread.java:818)
08-05 19:56:59.062 29070  3081 E baseline.com.newsblur.network.APIResponse: Caused by: java.io.EOFException: \n not found: limit=0 content=
08-05 19:56:59.062 29070  3081 E baseline.com.newsblur.network.APIResponse: 	at okio.RealBufferedSource.readUtf8LineStrict(RealBufferedSource.java:240)
08-05 19:56:59.062 29070  3081 E baseline.com.newsblur.network.APIResponse: 	at okhttp3.internal.http1.Http1ExchangeCodec.readHeaderLine(Http1ExchangeCodec.java:242)
08-05 19:56:59.062 29070  3081 E baseline.com.newsblur.network.APIResponse: 	at okhttp3.internal.http1.Http1ExchangeCodec.readResponseHeaders(Http1ExchangeCodec.java:213)
08-05 19:56:59.062 29070  3081 E baseline.com.newsblur.network.APIResponse: 	... 28 more
08-05 19:56:59.063 29070  3081 I baseline.com.newsblur.network.APIManager: API call failed, pausing before retry number 1
08-05 19:56:59.377 29070 29081 I art     : Starting a blocking GC Explicit
08-05 19:56:59.409  2695  2695 I ServiceManager: Waiting for service AtCmdFwd...
08-05 19:56:59.427 29070 29081 I art     : Explicit concurrent mark sweep GC freed 2465(299KB) AllocSpace objects, 3(60KB) LOS objects, 29% free, 37MB/53MB, paused 1.426ms total 49.858ms
08-05 19:56:59.440 29070 29081 I art     : Starting a blocking GC Explicit
08-05 19:56:59.490 29070 29081 I art     : Explicit concurrent mark sweep GC freed 79(3056B) AllocSpace objects, 0(0B) LOS objects, 29% free, 37MB/53MB, paused 1.356ms total 49.301ms
08-05 19:56:59.506 29070 29081 I art     : Starting a blocking GC Explicit
08-05 19:56:59.552 29070 29081 I art     : Explicit concurrent mark sweep GC freed 3(96B) AllocSpace objects, 0(0B) LOS objects, 29% free, 37MB/53MB, paused 1.409ms total 45.236ms
08-05 19:56:59.565 29070 29081 I art     : Starting a blocking GC Explicit
08-05 19:56:59.612 29070 29081 I art     : Explicit concurrent mark sweep GC freed 3(96B) AllocSpace objects, 0(0B) LOS objects, 29% free, 37MB/53MB, paused 1.337ms total 47.086ms
08-05 19:56:59.625 29070 29081 I art     : Starting a blocking GC Explicit
08-05 19:56:59.672 29070 29081 I art     : Explicit concurrent mark sweep GC freed 3(96B) AllocSpace objects, 0(0B) LOS objects, 29% free, 37MB/53MB, paused 1.411ms total 46.162ms
08-05 19:57:00.066 29070 29082 I art     : Starting a blocking GC Explicit
08-05 19:57:00.107 29070 29082 I art     : Explicit concurrent mark sweep GC freed 1438(82KB) AllocSpace objects, 1(20KB) LOS objects, 29% free, 37MB/53MB, paused 1.210ms total 40.779ms
08-05 19:57:00.119 29070 29082 I art     : Starting a blocking GC Explicit
08-05 19:57:00.165 29070 29082 I art     : Explicit concurrent mark sweep GC freed 22(784B) AllocSpace objects, 0(0B) LOS objects, 29% free, 37MB/53MB, paused 1.336ms total 45.686ms
08-05 19:57:00.179 29070 29082 I art     : Starting a blocking GC Explicit
08-05 19:57:00.228 29070 29082 I art     : Explicit concurrent mark sweep GC freed 3(96B) AllocSpace objects, 0(0B) LOS objects, 29% free, 37MB/53MB, paused 1.494ms total 48.430ms
08-05 19:57:00.241 29070 29082 I art     : Starting a blocking GC Explicit
08-05 19:57:00.290 29070 29082 I art     : Explicit concurrent mark sweep GC freed 3(96B) AllocSpace objects, 0(0B) LOS objects, 29% free, 37MB/53MB, paused 1.459ms total 48.447ms
08-05 19:57:00.303 29070 29082 I art     : Starting a blocking GC Explicit
08-05 19:57:00.352 29070 29082 I art     : Explicit concurrent mark sweep GC freed 3(96B) AllocSpace objects, 0(0B) LOS objects, 29% free, 37MB/53MB, paused 1.423ms total 48.488ms
08-05 19:57:00.372 13866 13882 I PeriodicStatsRunner: PeriodicStatsRunner.call():175 call()
08-05 19:57:00.372 13866 13882 I PeriodicStatsRunner: PeriodicStatsRunner.call():179 No submit PeriodicStats since input started.
08-05 19:57:00.410  2695  2695 W Atfwd_Sendcmd: AtCmdFwd service not published, waiting... retryCnt : 3
08-05 19:57:00.725 29070  2197 I art     : Starting a blocking GC Explicit
08-05 19:57:00.776 29070  2197 I art     : Explicit concurrent mark sweep GC freed 1605(91KB) AllocSpace objects, 1(20KB) LOS objects, 29% free, 37MB/53MB, paused 1.497ms total 50.398ms
08-05 19:57:00.789 29070  2197 I art     : Starting a blocking GC Explicit
08-05 19:57:00.839 29070  2197 I art     : Explicit concurrent mark sweep GC freed 28(1040B) AllocSpace objects, 0(0B) LOS objects, 29% free, 37MB/53MB, paused 1.423ms total 49.483ms
08-05 19:57:00.852 29070  2197 I art     : Starting a blocking GC Explicit
08-05 19:57:00.901 29070  2197 I art     : Explicit concurrent mark sweep GC freed 3(96B) AllocSpace objects, 0(0B) LOS objects, 29% free, 37MB/53MB, paused 1.456ms total 48.810ms
08-05 19:57:00.915 29070  2197 I art     : Starting a blocking GC Explicit
08-05 19:57:00.964 29070  2197 I art     : Explicit concurrent mark sweep GC freed 3(96B) AllocSpace objects, 0(0B) LOS objects, 29% free, 37MB/53MB, paused 1.459ms total 49.419ms
08-05 19:57:00.978 29070  2197 I art     : Starting a blocking GC Explicit
08-05 19:57:01.025 29070  2197 I art     : Explicit concurrent mark sweep GC freed 3(96B) AllocSpace objects, 0(0B) LOS objects, 29% free, 37MB/53MB, paused 1.465ms total 46.904ms
08-05 19:57:01.112 29070  3081 E baseline.com.newsblur.network.APIResponse: Error (unexpected end of stream on https://www.newsblur.com/...) calling https://www.newsblur.com/reader/feed_unread_count?feed_id=0
08-05 19:57:01.112 29070  3081 E baseline.com.newsblur.network.APIResponse: java.io.IOException: unexpected end of stream on https://www.newsblur.com/...
08-05 19:57:01.112 29070  3081 E baseline.com.newsblur.network.APIResponse: 	at okhttp3.internal.http1.Http1ExchangeCodec.readResponseHeaders(Http1ExchangeCodec.java:236)
08-05 19:57:01.112 29070  3081 E baseline.com.newsblur.network.APIResponse: 	at okhttp3.internal.connection.Exchange.readResponseHeaders(Exchange.java:115)
08-05 19:57:01.112 29070  3081 E baseline.com.newsblur.network.APIResponse: 	at okhttp3.internal.http.CallServerInterceptor.intercept(CallServerInterceptor.java:94)
08-05 19:57:01.112 29070  3081 E baseline.com.newsblur.network.APIResponse: 	at okhttp3.internal.http.RealInterceptorChain.proceed(RealInterceptorChain.java:142)
08-05 19:57:01.112 29070  3081 E baseline.com.newsblur.network.APIResponse: 	at okhttp3.internal.connection.ConnectInterceptor.intercept(ConnectInterceptor.java:43)
08-05 19:57:01.112 29070  3081 E baseline.com.newsblur.network.APIResponse: 	at okhttp3.internal.http.RealInterceptorChain.proceed(RealInterceptorChain.java:142)
08-05 19:57:01.112 29070  3081 E baseline.com.newsblur.network.APIResponse: 	at okhttp3.internal.http.RealInterceptorChain.proceed(RealInterceptorChain.java:117)
08-05 19:57:01.112 29070  3081 E baseline.com.newsblur.network.APIResponse: 	at okhttp3.internal.cache.CacheInterceptor.intercept(CacheInterceptor.java:94)
08-05 19:57:01.112 29070  3081 E baseline.com.newsblur.network.APIResponse: 	at okhttp3.internal.http.RealInterceptorChain.proceed(RealInterceptorChain.java:142)
08-05 19:57:01.112 29070  3081 E baseline.com.newsblur.network.APIResponse: 	at okhttp3.internal.http.RealInterceptorChain.proceed(RealInterceptorChain.java:117)
08-05 19:57:01.112 29070  3081 E baseline.com.newsblur.network.APIResponse: 	at okhttp3.internal.http.BridgeInterceptor.intercept(BridgeInterceptor.java:93)
08-05 19:57:01.112 29070  3081 E baseline.com.newsblur.network.APIResponse: 	at okhttp3.internal.http.RealInterceptorChain.proceed(RealInterceptorChain.java:142)
08-05 19:57:01.112 29070  3081 E baseline.com.newsblur.network.APIResponse: 	at okhttp3.internal.http.RetryAndFollowUpInterceptor.intercept(RetryAndFollowUpInterceptor.java:88)
08-05 19:57:01.112 29070  3081 E baseline.com.newsblur.network.APIResponse: 	at okhttp3.internal.http.RealInterceptorChain.proceed(RealInterceptorChain.java:142)
08-05 19:57:01.112 29070  3081 E baseline.com.newsblur.network.APIResponse: 	at okhttp3.internal.http.RealInterceptorChain.proceed(RealInterceptorChain.java:117)
08-05 19:57:01.112 29070  3081 E baseline.com.newsblur.network.APIResponse: 	at okhttp3.RealCall.getResponseWithInterceptorChain(RealCall.java:229)
08-05 19:57:01.112 29070  3081 E baseline.com.newsblur.network.APIResponse: 	at okhttp3.RealCall.execute(RealCall.java:81)
08-05 19:57:01.112 29070  3081 E baseline.com.newsblur.network.APIResponse: 	at baseline.com.newsblur.network.APIResponse.<init>(APIResponse.java:57)
08-05 19:57:01.112 29070  3081 E baseline.com.newsblur.network.APIResponse: 	at baseline.com.newsblur.network.APIManager.get_single(APIManager.java:639)
08-05 19:57:01.112 29070  3081 E baseline.com.newsblur.network.APIResponse: 	at baseline.com.newsblur.network.APIManager.get(APIManager.java:625)
08-05 19:57:01.112 29070  3081 E baseline.com.newsblur.network.APIResponse: 	at baseline.com.newsblur.network.APIManager.get(APIManager.java:667)
08-05 19:57:01.112 29070  3081 E baseline.com.newsblur.network.APIResponse: 	at baseline.com.newsblur.network.APIManager.getFeedUnreadCounts(APIManager.java:274)
08-05 19:57:01.112 29070  3081 E baseline.com.newsblur.network.APIResponse: 	at baseline.com.newsblur.service.NBSyncService.checkRecounts(NBSyncService.java:660)
08-05 19:57:01.112 29070  3081 E baseline.com.newsblur.network.APIResponse: 	at baseline.com.newsblur.service.NBSyncService.doSync(NBSyncService.java:310)
08-05 19:57:01.112 29070  3081 E baseline.com.newsblur.network.APIResponse: 	at baseline.com.newsblur.service.NBSyncService.access$100(NBSyncService.java:67)
08-05 19:57:01.112 29070  3081 E baseline.com.newsblur.network.APIResponse: 	at baseline.com.newsblur.service.NBSyncService$1.run(NBSyncService.java:188)
08-05 19:57:01.112 29070  3081 E baseline.com.newsblur.network.APIResponse: 	at java.util.concurrent.ThreadPoolExecutor.runWorker(ThreadPoolExecutor.java:1113)
08-05 19:57:01.112 29070  3081 E baseline.com.newsblur.network.APIResponse: 	at java.util.concurrent.ThreadPoolExecutor$Worker.run(ThreadPoolExecutor.java:588)
08-05 19:57:01.112 29070  3081 E baseline.com.newsblur.network.APIResponse: 	at java.lang.Thread.run(Thread.java:818)
08-05 19:57:01.112 29070  3081 E baseline.com.newsblur.network.APIResponse: Caused by: java.io.EOFException: \n not found: limit=0 content=
08-05 19:57:01.112 29070  3081 E baseline.com.newsblur.network.APIResponse: 	at okio.RealBufferedSource.readUtf8LineStrict(RealBufferedSource.java:240)
08-05 19:57:01.112 29070  3081 E baseline.com.newsblur.network.APIResponse: 	at okhttp3.internal.http1.Http1ExchangeCodec.readHeaderLine(Http1ExchangeCodec.java:242)
08-05 19:57:01.112 29070  3081 E baseline.com.newsblur.network.APIResponse: 	at okhttp3.internal.http1.Http1ExchangeCodec.readResponseHeaders(Http1ExchangeCodec.java:213)
08-05 19:57:01.112 29070  3081 E baseline.com.newsblur.network.APIResponse: 	... 28 more
08-05 19:57:01.115 29070  3081 I baseline.com.newsblur.network.APIManager: API call failed, pausing before retry number 2
08-05 19:57:01.384 29070  2422 I art     : Starting a blocking GC Explicit
08-05 19:57:01.436 29070  2422 I art     : Explicit concurrent mark sweep GC freed 3944(356KB) AllocSpace objects, 3(60KB) LOS objects, 29% free, 37MB/53MB, paused 1.400ms total 51.618ms
08-05 19:57:01.451 29070  2422 I art     : Starting a blocking GC Explicit
08-05 19:57:01.498 29070  2422 I art     : Explicit concurrent mark sweep GC freed 115(4KB) AllocSpace objects, 0(0B) LOS objects, 29% free, 37MB/53MB, paused 1.472ms total 46.662ms
08-05 19:57:01.511 29070  2422 I art     : Starting a blocking GC Explicit
08-05 19:57:01.559 29070  2422 I art     : Explicit concurrent mark sweep GC freed 3(96B) AllocSpace objects, 0(0B) LOS objects, 29% free, 37MB/53MB, paused 1.353ms total 47.693ms
08-05 19:57:01.573 29070  2422 I art     : Starting a blocking GC Explicit
08-05 19:57:01.620 29070  2422 I art     : Explicit concurrent mark sweep GC freed 3(96B) AllocSpace objects, 0(0B) LOS objects, 29% free, 37MB/53MB, paused 1.366ms total 46.790ms
08-05 19:57:01.633 29070  2422 I art     : Starting a blocking GC Explicit
08-05 19:57:01.683 29070  2422 I art     : Explicit concurrent mark sweep GC freed 3(96B) AllocSpace objects, 0(0B) LOS objects, 29% free, 37MB/53MB, paused 1.385ms total 50.001ms
08-05 19:57:02.064 29070 29081 I art     : Starting a blocking GC Explicit
08-05 19:57:02.113 29070 29081 I art     : Explicit concurrent mark sweep GC freed 2738(148KB) AllocSpace objects, 1(20KB) LOS objects, 29% free, 37MB/53MB, paused 1.401ms total 48.620ms
08-05 19:57:02.127 29070 29081 I art     : Starting a blocking GC Explicit
08-05 19:57:02.175 29070 29081 I art     : Explicit concurrent mark sweep GC freed 983(66KB) AllocSpace objects, 0(0B) LOS objects, 29% free, 37MB/53MB, paused 1.387ms total 47.672ms
08-05 19:57:02.188 29070 29081 I art     : Starting a blocking GC Explicit
08-05 19:57:02.234 29070 29081 I art     : Explicit concurrent mark sweep GC freed 353(27KB) AllocSpace objects, 0(0B) LOS objects, 29% free, 37MB/53MB, paused 1.321ms total 45.726ms
08-05 19:57:02.248 29070 29081 I art     : Starting a blocking GC Explicit
08-05 19:57:02.296 29070 29081 I art     : Explicit concurrent mark sweep GC freed 3(96B) AllocSpace objects, 0(0B) LOS objects, 29% free, 37MB/53MB, paused 1.348ms total 48.511ms
08-05 19:57:02.310 29070 29081 I art     : Starting a blocking GC Explicit
08-05 19:57:02.356 29070 29081 I art     : Explicit concurrent mark sweep GC freed 3(96B) AllocSpace objects, 0(0B) LOS objects, 29% free, 37MB/53MB, paused 1.322ms total 46.578ms
08-05 19:57:02.728 29070 29082 I art     : Starting a blocking GC Explicit
08-05 19:57:02.780 29070 29082 I art     : Explicit concurrent mark sweep GC freed 1437(82KB) AllocSpace objects, 1(20KB) LOS objects, 29% free, 37MB/53MB, paused 1.421ms total 51.297ms
08-05 19:57:02.795 29070 29082 I art     : Starting a blocking GC Explicit
08-05 19:57:02.840 29070 29082 I art     : Explicit concurrent mark sweep GC freed 22(784B) AllocSpace objects, 0(0B) LOS objects, 29% free, 37MB/53MB, paused 1.343ms total 44.402ms
08-05 19:57:02.853 29070 29082 I art     : Starting a blocking GC Explicit
08-05 19:57:02.901 29070 29082 I art     : Explicit concurrent mark sweep GC freed 3(96B) AllocSpace objects, 0(0B) LOS objects, 29% free, 37MB/53MB, paused 1.344ms total 47.230ms
08-05 19:57:02.914 29070 29082 I art     : Starting a blocking GC Explicit
08-05 19:57:02.961 29070 29082 I art     : Explicit concurrent mark sweep GC freed 3(96B) AllocSpace objects, 0(0B) LOS objects, 29% free, 37MB/53MB, paused 1.311ms total 46.691ms
08-05 19:57:02.974 29070 29082 I art     : Starting a blocking GC Explicit
08-05 19:57:03.023 29070 29082 I art     : Explicit concurrent mark sweep GC freed 3(96B) AllocSpace objects, 0(0B) LOS objects, 29% free, 37MB/53MB, paused 1.264ms total 48.516ms
08-05 19:57:03.407 29070  2197 I art     : Starting a blocking GC Explicit
08-05 19:57:03.458 29070  2197 I art     : Explicit concurrent mark sweep GC freed 1437(82KB) AllocSpace objects, 1(20KB) LOS objects, 29% free, 37MB/53MB, paused 1.328ms total 49.950ms
08-05 19:57:03.473 29070  2197 I art     : Starting a blocking GC Explicit
08-05 19:57:03.522 29070  2197 I art     : Explicit concurrent mark sweep GC freed 22(784B) AllocSpace objects, 0(0B) LOS objects, 29% free, 37MB/53MB, paused 1.384ms total 49.468ms
08-05 19:57:03.536 29070  2197 I art     : Starting a blocking GC Explicit
08-05 19:57:03.583 29070  2197 I art     : Explicit concurrent mark sweep GC freed 3(96B) AllocSpace objects, 0(0B) LOS objects, 29% free, 37MB/53MB, paused 1.357ms total 46.790ms
08-05 19:57:03.596 29070  2197 I art     : Starting a blocking GC Explicit
08-05 19:57:03.644 29070  2197 I art     : Explicit concurrent mark sweep GC freed 3(96B) AllocSpace objects, 0(0B) LOS objects, 29% free, 37MB/53MB, paused 1.337ms total 47.848ms
08-05 19:57:03.658 29070  2197 I art     : Starting a blocking GC Explicit
08-05 19:57:03.675   918  1209 D NetworkMonitor/NetworkAgentInfo [WIFI () - 159]: Checking http://connectivitycheck.gstatic.com/generate_204 on "H369AA63323", 192.168.2.12=192.168.2.12
08-05 19:57:03.703 29070  2197 I art     : Explicit concurrent mark sweep GC freed 3(96B) AllocSpace objects, 0(0B) LOS objects, 29% free, 37MB/53MB, paused 1.283ms total 45.313ms
08-05 19:57:03.734   918  1209 D NetworkMonitor/NetworkAgentInfo [WIFI () - 159]: Probably not a portal: exception java.io.IOException: unexpected end of stream on Connection{connectivitycheck.gstatic.com:80, proxy=HTTP@/192.168.2.12:8080 hostAddress=192.168.2.12 cipherSuite=none protocol=http/1.1} (recycle count=0)
08-05 19:57:03.735   918  3263 D ConnectivityService: NetworkAgentInfo [WIFI () - 159] validation failed
08-05 19:57:03.737   918  3261 E WifiConfigStore:  rewrite network history for "H369AA63323"WPA_PSK
08-05 19:57:04.093 29070  2422 I art     : Starting a blocking GC Explicit
08-05 19:57:04.142 29070  2422 I art     : Explicit concurrent mark sweep GC freed 1530(86KB) AllocSpace objects, 1(20KB) LOS objects, 29% free, 37MB/53MB, paused 1.489ms total 48.390ms
08-05 19:57:04.157 29070  2422 I art     : Starting a blocking GC Explicit
08-05 19:57:04.203 29070  2422 I art     : Explicit concurrent mark sweep GC freed 28(1040B) AllocSpace objects, 0(0B) LOS objects, 29% free, 37MB/53MB, paused 1.394ms total 46.370ms
08-05 19:57:04.216 29070  2422 I art     : Starting a blocking GC Explicit
08-05 19:57:04.264 29070  2422 I art     : Explicit concurrent mark sweep GC freed 71(5KB) AllocSpace objects, 0(0B) LOS objects, 29% free, 37MB/53MB, paused 1.418ms total 47.035ms
08-05 19:57:04.277 29070  2422 I art     : Starting a blocking GC Explicit
08-05 19:57:04.323 29070  2422 I art     : Explicit concurrent mark sweep GC freed 9(400B) AllocSpace objects, 0(0B) LOS objects, 29% free, 37MB/53MB, paused 1.419ms total 45.916ms
08-05 19:57:04.336 29070  2422 I art     : Starting a blocking GC Explicit
08-05 19:57:04.385 29070  2422 I art     : Explicit concurrent mark sweep GC freed 3(96B) AllocSpace objects, 0(0B) LOS objects, 29% free, 37MB/53MB, paused 1.342ms total 48.826ms
08-05 19:57:04.679 29070  3081 E baseline.com.newsblur.network.APIResponse: Error (unexpected end of stream on https://www.newsblur.com/...) calling https://www.newsblur.com/reader/feed_unread_count?feed_id=0
08-05 19:57:04.679 29070  3081 E baseline.com.newsblur.network.APIResponse: java.io.IOException: unexpected end of stream on https://www.newsblur.com/...
08-05 19:57:04.679 29070  3081 E baseline.com.newsblur.network.APIResponse: 	at okhttp3.internal.http1.Http1ExchangeCodec.readResponseHeaders(Http1ExchangeCodec.java:236)
08-05 19:57:04.679 29070  3081 E baseline.com.newsblur.network.APIResponse: 	at okhttp3.internal.connection.Exchange.readResponseHeaders(Exchange.java:115)
08-05 19:57:04.679 29070  3081 E baseline.com.newsblur.network.APIResponse: 	at okhttp3.internal.http.CallServerInterceptor.intercept(CallServerInterceptor.java:94)
08-05 19:57:04.679 29070  3081 E baseline.com.newsblur.network.APIResponse: 	at okhttp3.internal.http.RealInterceptorChain.proceed(RealInterceptorChain.java:142)
08-05 19:57:04.679 29070  3081 E baseline.com.newsblur.network.APIResponse: 	at okhttp3.internal.connection.ConnectInterceptor.intercept(ConnectInterceptor.java:43)
08-05 19:57:04.679 29070  3081 E baseline.com.newsblur.network.APIResponse: 	at okhttp3.internal.http.RealInterceptorChain.proceed(RealInterceptorChain.java:142)
08-05 19:57:04.679 29070  3081 E baseline.com.newsblur.network.APIResponse: 	at okhttp3.internal.http.RealInterceptorChain.proceed(RealInterceptorChain.java:117)
08-05 19:57:04.679 29070  3081 E baseline.com.newsblur.network.APIResponse: 	at okhttp3.internal.cache.CacheInterceptor.intercept(CacheInterceptor.java:94)
08-05 19:57:04.679 29070  3081 E baseline.com.newsblur.network.APIResponse: 	at okhttp3.internal.http.RealInterceptorChain.proceed(RealInterceptorChain.java:142)
08-05 19:57:04.679 29070  3081 E baseline.com.newsblur.network.APIResponse: 	at okhttp3.internal.http.RealInterceptorChain.proceed(RealInterceptorChain.java:117)
08-05 19:57:04.679 29070  3081 E baseline.com.newsblur.network.APIResponse: 	at okhttp3.internal.http.BridgeInterceptor.intercept(BridgeInterceptor.java:93)
08-05 19:57:04.679 29070  3081 E baseline.com.newsblur.network.APIResponse: 	at okhttp3.internal.http.RealInterceptorChain.proceed(RealInterceptorChain.java:142)
08-05 19:57:04.679 29070  3081 E baseline.com.newsblur.network.APIResponse: 	at okhttp3.internal.http.RetryAndFollowUpInterceptor.intercept(RetryAndFollowUpInterceptor.java:88)
08-05 19:57:04.679 29070  3081 E baseline.com.newsblur.network.APIResponse: 	at okhttp3.internal.http.RealInterceptorChain.proceed(RealInterceptorChain.java:142)
08-05 19:57:04.679 29070  3081 E baseline.com.newsblur.network.APIResponse: 	at okhttp3.internal.http.RealInterceptorChain.proceed(RealInterceptorChain.java:117)
08-05 19:57:04.679 29070  3081 E baseline.com.newsblur.network.APIResponse: 	at okhttp3.RealCall.getResponseWithInterceptorChain(RealCall.java:229)
08-05 19:57:04.679 29070  3081 E baseline.com.newsblur.network.APIResponse: 	at okhttp3.RealCall.execute(RealCall.java:81)
08-05 19:57:04.679 29070  3081 E baseline.com.newsblur.network.APIResponse: 	at baseline.com.newsblur.network.APIResponse.<init>(APIResponse.java:57)
08-05 19:57:04.679 29070  3081 E baseline.com.newsblur.network.APIResponse: 	at baseline.com.newsblur.network.APIManager.get_single(APIManager.java:639)
08-05 19:57:04.679 29070  3081 E baseline.com.newsblur.network.APIResponse: 	at baseline.com.newsblur.network.APIManager.get(APIManager.java:625)
08-05 19:57:04.679 29070  3081 E baseline.com.newsblur.network.APIResponse: 	at baseline.com.newsblur.network.APIManager.get(APIManager.java:667)
08-05 19:57:04.679 29070  3081 E baseline.com.newsblur.network.APIResponse: 	at baseline.com.newsblur.network.APIManager.getFeedUnreadCounts(APIManager.java:274)
08-05 19:57:04.679 29070  3081 E baseline.com.newsblur.network.APIResponse: 	at baseline.com.newsblur.service.NBSyncService.checkRecounts(NBSyncService.java:660)
08-05 19:57:04.679 29070  3081 E baseline.com.newsblur.network.APIResponse: 	at baseline.com.newsblur.service.NBSyncService.doSync(NBSyncService.java:310)
08-05 19:57:04.679 29070  3081 E baseline.com.newsblur.network.APIResponse: 	at baseline.com.newsblur.service.NBSyncService.access$100(NBSyncService.java:67)
08-05 19:57:04.679 29070  3081 E baseline.com.newsblur.network.APIResponse: 	at baseline.com.newsblur.service.NBSyncService$1.run(NBSyncService.java:188)
08-05 19:57:04.679 29070  3081 E baseline.com.newsblur.network.APIResponse: 	at java.util.concurrent.ThreadPoolExecutor.runWorker(ThreadPoolExecutor.java:1113)
08-05 19:57:04.679 29070  3081 E baseline.com.newsblur.network.APIResponse: 	at java.util.concurrent.ThreadPoolExecutor$Worker.run(ThreadPoolExecutor.java:588)
08-05 19:57:04.679 29070  3081 E baseline.com.newsblur.network.APIResponse: 	at java.lang.Thread.run(Thread.java:818)
08-05 19:57:04.679 29070  3081 E baseline.com.newsblur.network.APIResponse: Caused by: java.io.EOFException: \n not found: limit=0 content=
08-05 19:57:04.679 29070  3081 E baseline.com.newsblur.network.APIResponse: 	at okio.RealBufferedSource.readUtf8LineStrict(RealBufferedSource.java:240)
08-05 19:57:04.679 29070  3081 E baseline.com.newsblur.network.APIResponse: 	at okhttp3.internal.http1.Http1ExchangeCodec.readHeaderLine(Http1ExchangeCodec.java:242)
08-05 19:57:04.679 29070  3081 E baseline.com.newsblur.network.APIResponse: 	at okhttp3.internal.http1.Http1ExchangeCodec.readResponseHeaders(Http1ExchangeCodec.java:213)
08-05 19:57:04.679 29070  3081 E baseline.com.newsblur.network.APIResponse: 	... 28 more
08-05 19:57:04.681 29070  3081 W baseline.com.newsblur.service.NBSyncService: Bad response to feed_unread_count
08-05 19:57:04.755 29070 29081 I art     : Starting a blocking GC Explicit
08-05 19:57:04.805 29070 29081 I art     : Explicit concurrent mark sweep GC freed 4445(422KB) AllocSpace objects, 6(120KB) LOS objects, 29% free, 37MB/53MB, paused 1.420ms total 50.213ms
08-05 19:57:04.821 29070 29081 I art     : Starting a blocking GC Explicit
08-05 19:57:04.869 29070 29081 I art     : Explicit concurrent mark sweep GC freed 136(5KB) AllocSpace objects, 0(0B) LOS objects, 29% free, 37MB/53MB, paused 1.533ms total 48.238ms
08-05 19:57:04.883 29070 29081 I art     : Starting a blocking GC Explicit
08-05 19:57:04.930 29070 29081 I art     : Explicit concurrent mark sweep GC freed 3(96B) AllocSpace objects, 0(0B) LOS objects, 29% free, 37MB/53MB, paused 1.521ms total 47.360ms
08-05 19:57:04.944 29070 29081 I art     : Starting a blocking GC Explicit
08-05 19:57:04.993 29070 29081 I art     : Explicit concurrent mark sweep GC freed 3(96B) AllocSpace objects, 0(0B) LOS objects, 29% free, 37MB/53MB, paused 1.359ms total 49.067ms
08-05 19:57:05.006 29070 29081 I art     : Starting a blocking GC Explicit
08-05 19:57:05.053 29070 29081 I art     : Explicit concurrent mark sweep GC freed 1461(58KB) AllocSpace objects, 0(0B) LOS objects, 29% free, 37MB/53MB, paused 1.512ms total 46.370ms
08-05 19:57:05.098 29070  3081 E baseline.com.newsblur.network.APIResponse: Error (unexpected end of stream on https://www.newsblur.com/...) calling https://www.newsblur.com/reader/mark_story_hashes_as_read/
08-05 19:57:05.098 29070  3081 E baseline.com.newsblur.network.APIResponse: java.io.IOException: unexpected end of stream on https://www.newsblur.com/...
08-05 19:57:05.098 29070  3081 E baseline.com.newsblur.network.APIResponse: 	at okhttp3.internal.http1.Http1ExchangeCodec.readResponseHeaders(Http1ExchangeCodec.java:236)
08-05 19:57:05.098 29070  3081 E baseline.com.newsblur.network.APIResponse: 	at okhttp3.internal.connection.Exchange.readResponseHeaders(Exchange.java:115)
08-05 19:57:05.098 29070  3081 E baseline.com.newsblur.network.APIResponse: 	at okhttp3.internal.http.CallServerInterceptor.intercept(CallServerInterceptor.java:94)
08-05 19:57:05.098 29070  3081 E baseline.com.newsblur.network.APIResponse: 	at okhttp3.internal.http.RealInterceptorChain.proceed(RealInterceptorChain.java:142)
08-05 19:57:05.098 29070  3081 E baseline.com.newsblur.network.APIResponse: 	at okhttp3.internal.connection.ConnectInterceptor.intercept(ConnectInterceptor.java:43)
08-05 19:57:05.098 29070  3081 E baseline.com.newsblur.network.APIResponse: 	at okhttp3.internal.http.RealInterceptorChain.proceed(RealInterceptorChain.java:142)
08-05 19:57:05.098 29070  3081 E baseline.com.newsblur.network.APIResponse: 	at okhttp3.internal.http.RealInterceptorChain.proceed(RealInterceptorChain.java:117)
08-05 19:57:05.098 29070  3081 E baseline.com.newsblur.network.APIResponse: 	at okhttp3.internal.cache.CacheInterceptor.intercept(CacheInterceptor.java:94)
08-05 19:57:05.098 29070  3081 E baseline.com.newsblur.network.APIResponse: 	at okhttp3.internal.http.RealInterceptorChain.proceed(RealInterceptorChain.java:142)
08-05 19:57:05.098 29070  3081 E baseline.com.newsblur.network.APIResponse: 	at okhttp3.internal.http.RealInterceptorChain.proceed(RealInterceptorChain.java:117)
08-05 19:57:05.098 29070  3081 E baseline.com.newsblur.network.APIResponse: 	at okhttp3.internal.http.BridgeInterceptor.intercept(BridgeInterceptor.java:93)
08-05 19:57:05.098 29070  3081 E baseline.com.newsblur.network.APIResponse: 	at okhttp3.internal.http.RealInterceptorChain.proceed(RealInterceptorChain.java:142)
08-05 19:57:05.098 29070  3081 E baseline.com.newsblur.network.APIResponse: 	at okhttp3.internal.http.RetryAndFollowUpInterceptor.intercept(RetryAndFollowUpInterceptor.java:88)
08-05 19:57:05.098 29070  3081 E baseline.com.newsblur.network.APIResponse: 	at okhttp3.internal.http.RealInterceptorChain.proceed(RealInterceptorChain.java:142)
08-05 19:57:05.098 29070  3081 E baseline.com.newsblur.network.APIResponse: 	at okhttp3.internal.http.RealInterceptorChain.proceed(RealInterceptorChain.java:117)
08-05 19:57:05.098 29070  3081 E baseline.com.newsblur.network.APIResponse: 	at okhttp3.RealCall.getResponseWithInterceptorChain(RealCall.java:229)
08-05 19:57:05.098 29070  3081 E baseline.com.newsblur.network.APIResponse: 	at okhttp3.RealCall.execute(RealCall.java:81)
08-05 19:57:05.098 29070  3081 E baseline.com.newsblur.network.APIResponse: 	at baseline.com.newsblur.network.APIResponse.<init>(APIResponse.java:57)
08-05 19:57:05.098 29070  3081 E baseline.com.newsblur.network.APIResponse: 	at baseline.com.newsblur.network.APIResponse.<init>(APIResponse.java:43)
08-05 19:57:05.098 29070  3081 E baseline.com.newsblur.network.APIResponse: 	at baseline.com.newsblur.network.APIManager.post_single(APIManager.java:702)
08-05 19:57:05.098 29070  3081 E baseline.com.newsblur.network.APIResponse: 	at baseline.com.newsblur.network.APIManager.post(APIManager.java:675)
08-05 19:57:05.098 29070  3081 E baseline.com.newsblur.network.APIResponse: 	at baseline.com.newsblur.network.APIManager.post(APIManager.java:714)
08-05 19:57:05.098 29070  3081 E baseline.com.newsblur.network.APIResponse: 	at baseline.com.newsblur.network.APIManager.markStoryAsRead(APIManager.java:205)
08-05 19:57:05.098 29070  3081 E baseline.com.newsblur.network.APIResponse: 	at baseline.com.newsblur.util.ReadingAction.doRemote(ReadingAction.java:281)
08-05 19:57:05.098 29070  3081 E baseline.com.newsblur.network.APIResponse: 	at baseline.com.newsblur.service.NBSyncService.syncActions(NBSyncService.java:400)
08-05 19:57:05.098 29070  3081 E baseline.com.newsblur.network.APIResponse: 	at baseline.com.newsblur.service.NBSyncService.doSync(NBSyncService.java:298)
08-05 19:57:05.098 29070  3081 E baseline.com.newsblur.network.APIResponse: 	at baseline.com.newsblur.service.NBSyncService.access$100(NBSyncService.java:67)
08-05 19:57:05.098 29070  3081 E baseline.com.newsblur.network.APIResponse: 	at baseline.com.newsblur.service.NBSyncService$1.run(NBSyncService.java:188)
08-05 19:57:05.098 29070  3081 E baseline.com.newsblur.network.APIResponse: 	at java.util.concurrent.ThreadPoolExecutor.runWorker(ThreadPoolExecutor.java:1113)
08-05 19:57:05.098 29070  3081 E baseline.com.newsblur.network.APIResponse: 	at java.util.concurrent.ThreadPoolExecutor$Worker.run(ThreadPoolExecutor.java:588)
08-05 19:57:05.098 29070  3081 E baseline.com.newsblur.network.APIResponse: 	at java.lang.Thread.run(Thread.java:818)
08-05 19:57:05.098 29070  3081 E baseline.com.newsblur.network.APIResponse: Caused by: java.io.EOFException: \n not found: limit=0 content=
08-05 19:57:05.098 29070  3081 E baseline.com.newsblur.network.APIResponse: 	at okio.RealBufferedSource.readUtf8LineStrict(RealBufferedSource.java:240)
08-05 19:57:05.098 29070  3081 E baseline.com.newsblur.network.APIResponse: 	at okhttp3.internal.http1.Http1ExchangeCodec.readHeaderLine(Http1ExchangeCodec.java:242)
08-05 19:57:05.098 29070  3081 E baseline.com.newsblur.network.APIResponse: 	at okhttp3.internal.http1.Http1ExchangeCodec.readResponseHeaders(Http1ExchangeCodec.java:213)
08-05 19:57:05.098 29070  3081 E baseline.com.newsblur.network.APIResponse: 	... 30 more
08-05 19:57:05.100 29070  3081 I baseline.com.newsblur.network.APIManager: API call failed, pausing before retry number 1
08-05 19:57:05.428 29070 29082 I art     : Starting a blocking GC Explicit
08-05 19:57:05.476 29070 29082 I art     : Explicit concurrent mark sweep GC freed 2516(299KB) AllocSpace objects, 3(60KB) LOS objects, 29% free, 37MB/53MB, paused 1.467ms total 47.075ms
08-05 19:57:05.489 29070 29082 I art     : Starting a blocking GC Explicit
08-05 19:57:05.534 29070 29082 I art     : Explicit concurrent mark sweep GC freed 79(3056B) AllocSpace objects, 0(0B) LOS objects, 29% free, 37MB/53MB, paused 1.320ms total 45.164ms
08-05 19:57:05.547 29070 29082 I art     : Starting a blocking GC Explicit
08-05 19:57:05.594 29070 29082 I art     : Explicit concurrent mark sweep GC freed 3(96B) AllocSpace objects, 0(0B) LOS objects, 29% free, 37MB/53MB, paused 1.397ms total 46.133ms
08-05 19:57:05.606 29070 29082 I art     : Starting a blocking GC Explicit
08-05 19:57:05.653 29070 29082 I art     : Explicit concurrent mark sweep GC freed 3(96B) AllocSpace objects, 0(0B) LOS objects, 29% free, 37MB/53MB, paused 1.367ms total 46.035ms
08-05 19:57:05.666 29070 29082 I art     : Starting a blocking GC Explicit
08-05 19:57:05.712 29070 29082 I art     : Explicit concurrent mark sweep GC freed 3(96B) AllocSpace objects, 0(0B) LOS objects, 29% free, 37MB/53MB, paused 1.398ms total 46.101ms
08-05 19:57:05.825  3482  3482 D AndroidRuntime: >>>>>> START com.android.internal.os.RuntimeInit uid 2000 <<<<<<
08-05 19:57:05.832  3482  3482 D AndroidRuntime: CheckJNI is OFF
08-05 19:57:05.875  3482  3482 D ICU     : No timezone override file found: /data/misc/zoneinfo/current/icu/icu_tzdata.dat
08-05 19:57:05.919  3482  3482 I Radio-JNI: register_android_hardware_Radio DONE
08-05 19:57:05.947  3482  3482 D AndroidRuntime: Calling main entry com.android.commands.input.Input
08-05 19:57:05.950  3482  3482 I Input   : injectMotionEvent: MotionEvent { action=ACTION_DOWN, actionButton=0, id[0]=0, x[0]=436.0, y[0]=453.0, toolType[0]=TOOL_TYPE_UNKNOWN, buttonState=0, metaState=0, flags=0x0, edgeFlags=0x0, pointerCount=1, historySize=0, eventTime=820642362, downTime=820642362, deviceId=0, source=0x1002 }
08-05 19:57:05.955  3482  3482 I Input   : injectMotionEvent: MotionEvent { action=ACTION_UP, actionButton=0, id[0]=0, x[0]=436.0, y[0]=453.0, toolType[0]=TOOL_TYPE_UNKNOWN, buttonState=0, metaState=0, flags=0x0, edgeFlags=0x0, pointerCount=1, historySize=0, eventTime=820642362, downTime=820642362, deviceId=0, source=0x1002 }
08-05 19:57:05.957  3482  3482 D AndroidRuntime: Shutting down VM
08-05 19:57:05.975   512  2967 D audio_hw_primary: out_set_parameters: enter: usecase(1: low-latency-playback) kvpairs: routing=2
08-05 19:57:05.977   918  5952 I ActivityManager: START u0 {cmp=baseline.com.newsblur/.activity.GlobalSharedStoriesReading (has extras)} from uid 10676 on display 0
08-05 19:57:05.988   512  2967 D audio_hw_primary: select_devices: out_snd_device(2: speaker) in_snd_device(0: none)
08-05 19:57:05.988   512  2967 D msm8974_platform: platform_send_audio_calibration: sending audio calibration for snd_device(2) acdb_id(15)
08-05 19:57:05.989   512  2967 I soundtrigger: audio_extn_sound_trigger_update_device_status: device 0x2 of type 0 for Event 1
08-05 19:57:05.999   512  2967 D audio_hw_primary: enable_snd_device: snd_device(2: speaker)
08-05 19:57:06.001   512  2967 D audio_hw_primary: enable_audio_route: apply and update mixer path: low-latency-playback speaker
08-05 19:57:06.088 29070  2197 I art     : Starting a blocking GC Explicit
08-05 19:57:06.137 29070  2197 I art     : Explicit concurrent mark sweep GC freed 2770(207KB) AllocSpace objects, 5(528KB) LOS objects, 29% free, 37MB/53MB, paused 1.457ms total 48.104ms
08-05 19:57:06.154 29070  2197 I art     : Starting a blocking GC Explicit
08-05 19:57:06.196 29070  2197 I art     : Explicit concurrent mark sweep GC freed 505(47KB) AllocSpace objects, 2(40KB) LOS objects, 29% free, 37MB/53MB, paused 1.690ms total 41.047ms
08-05 19:57:06.212 29070  2197 I art     : Starting a blocking GC Explicit
08-05 19:57:06.216   918   936 I ActivityManager: Displayed baseline.com.newsblur/.activity.GlobalSharedStoriesReading: +232ms
08-05 19:57:06.217 13866 13866 I GoogleInputMethodServic: GoogleInputMethodService.onFinishInput():3138 
08-05 19:57:06.217 13866 13866 I GoogleInputMethodServic: GoogleInputMethodService.onStartInput():1808 
08-05 19:57:06.255 29070  2197 I art     : Explicit concurrent mark sweep GC freed 1105(82KB) AllocSpace objects, 1(20KB) LOS objects, 29% free, 38MB/54MB, paused 1.855ms total 42.551ms
08-05 19:57:06.269 29070  2197 I art     : Starting a blocking GC Explicit
08-05 19:57:06.317 29070  2197 I art     : Explicit concurrent mark sweep GC freed 1389(93KB) AllocSpace objects, 3(60KB) LOS objects, 29% free, 38MB/54MB, paused 1.846ms total 47.451ms
08-05 19:57:06.331 29070  2197 I art     : Starting a blocking GC Explicit
08-05 19:57:06.377 29070  2197 I art     : Explicit concurrent mark sweep GC freed 1026(69KB) AllocSpace objects, 8(204KB) LOS objects, 29% free, 38MB/54MB, paused 1.749ms total 45.954ms
08-05 19:57:06.472 29070  2777 E chromium: [ERROR:tile_manager.cc(793)] WARNING: tile memory limits exceeded, some content may not draw
08-05 19:57:06.472 29070  2777 E chromium: [ERROR:tile_manager.cc(793)] WARNING: tile memory limits exceeded, some content may not draw
08-05 19:57:06.538   512  2967 D audio_hw_primary: disable_audio_route: reset and update mixer path: low-latency-playback speaker
08-05 19:57:06.539   512  2967 D audio_hw_primary: disable_snd_device: snd_device(2: speaker)
08-05 19:57:06.547   512  2967 I soundtrigger: audio_extn_sound_trigger_update_device_status: device 0x2 of type 0 for Event 0
08-05 19:57:06.734 29070 29082 I art     : Starting a blocking GC Explicit
08-05 19:57:06.777 29070 29082 I art     : Explicit concurrent mark sweep GC freed 2047(154KB) AllocSpace objects, 2(40KB) LOS objects, 29% free, 38MB/54MB, paused 1.338ms total 42.144ms
08-05 19:57:06.789 29070 29082 I art     : Starting a blocking GC Explicit
08-05 19:57:06.832 29070 29082 I art     : Explicit concurrent mark sweep GC freed 71(3056B) AllocSpace objects, 0(0B) LOS objects, 29% free, 38MB/54MB, paused 1.315ms total 42.899ms
08-05 19:57:06.844 29070 29082 I art     : Starting a blocking GC Explicit
08-05 19:57:06.888 29070 29082 I art     : Explicit concurrent mark sweep GC freed 3(96B) AllocSpace objects, 0(0B) LOS objects, 29% free, 38MB/54MB, paused 1.432ms total 43.421ms
08-05 19:57:06.900 29070 29082 I art     : Starting a blocking GC Explicit
08-05 19:57:06.945 29070 29082 I art     : Explicit concurrent mark sweep GC freed 3(96B) AllocSpace objects, 0(0B) LOS objects, 29% free, 38MB/54MB, paused 1.277ms total 44.474ms
08-05 19:57:06.958 29070 29082 I art     : Starting a blocking GC Explicit
08-05 19:57:07.003 29070 29082 I art     : Explicit concurrent mark sweep GC freed 3(96B) AllocSpace objects, 0(0B) LOS objects, 29% free, 38MB/54MB, paused 1.376ms total 45.310ms
08-05 19:57:07.132 29070  3081 E baseline.com.newsblur.network.APIResponse: Error (unexpected end of stream on https://www.newsblur.com/...) calling https://www.newsblur.com/reader/mark_story_hashes_as_read/
08-05 19:57:07.132 29070  3081 E baseline.com.newsblur.network.APIResponse: java.io.IOException: unexpected end of stream on https://www.newsblur.com/...
08-05 19:57:07.132 29070  3081 E baseline.com.newsblur.network.APIResponse: 	at okhttp3.internal.http1.Http1ExchangeCodec.readResponseHeaders(Http1ExchangeCodec.java:236)
08-05 19:57:07.132 29070  3081 E baseline.com.newsblur.network.APIResponse: 	at okhttp3.internal.connection.Exchange.readResponseHeaders(Exchange.java:115)
08-05 19:57:07.132 29070  3081 E baseline.com.newsblur.network.APIResponse: 	at okhttp3.internal.http.CallServerInterceptor.intercept(CallServerInterceptor.java:94)
08-05 19:57:07.132 29070  3081 E baseline.com.newsblur.network.APIResponse: 	at okhttp3.internal.http.RealInterceptorChain.proceed(RealInterceptorChain.java:142)
08-05 19:57:07.132 29070  3081 E baseline.com.newsblur.network.APIResponse: 	at okhttp3.internal.connection.ConnectInterceptor.intercept(ConnectInterceptor.java:43)
08-05 19:57:07.132 29070  3081 E baseline.com.newsblur.network.APIResponse: 	at okhttp3.internal.http.RealInterceptorChain.proceed(RealInterceptorChain.java:142)
08-05 19:57:07.132 29070  3081 E baseline.com.newsblur.network.APIResponse: 	at okhttp3.internal.http.RealInterceptorChain.proceed(RealInterceptorChain.java:117)
08-05 19:57:07.132 29070  3081 E baseline.com.newsblur.network.APIResponse: 	at okhttp3.internal.cache.CacheInterceptor.intercept(CacheInterceptor.java:94)
08-05 19:57:07.132 29070  3081 E baseline.com.newsblur.network.APIResponse: 	at okhttp3.internal.http.RealInterceptorChain.proceed(RealInterceptorChain.java:142)
08-05 19:57:07.132 29070  3081 E baseline.com.newsblur.network.APIResponse: 	at okhttp3.internal.http.RealInterceptorChain.proceed(RealInterceptorChain.java:117)
08-05 19:57:07.132 29070  3081 E baseline.com.newsblur.network.APIResponse: 	at okhttp3.internal.http.BridgeInterceptor.intercept(BridgeInterceptor.java:93)
08-05 19:57:07.132 29070  3081 E baseline.com.newsblur.network.APIResponse: 	at okhttp3.internal.http.RealInterceptorChain.proceed(RealInterceptorChain.java:142)
08-05 19:57:07.132 29070  3081 E baseline.com.newsblur.network.APIResponse: 	at okhttp3.internal.http.RetryAndFollowUpInterceptor.intercept(RetryAndFollowUpInterceptor.java:88)
08-05 19:57:07.132 29070  3081 E baseline.com.newsblur.network.APIResponse: 	at okhttp3.internal.http.RealInterceptorChain.proceed(RealInterceptorChain.java:142)
08-05 19:57:07.132 29070  3081 E baseline.com.newsblur.network.APIResponse: 	at okhttp3.internal.http.RealInterceptorChain.proceed(RealInterceptorChain.java:117)
08-05 19:57:07.132 29070  3081 E baseline.com.newsblur.network.APIResponse: 	at okhttp3.RealCall.getResponseWithInterceptorChain(RealCall.java:229)
08-05 19:57:07.132 29070  3081 E baseline.com.newsblur.network.APIResponse: 	at okhttp3.RealCall.execute(RealCall.java:81)
08-05 19:57:07.132 29070  3081 E baseline.com.newsblur.network.APIResponse: 	at baseline.com.newsblur.network.APIResponse.<init>(APIResponse.java:57)
08-05 19:57:07.132 29070  3081 E baseline.com.newsblur.network.APIResponse: 	at baseline.com.newsblur.network.APIResponse.<init>(APIResponse.java:43)
08-05 19:57:07.132 29070  3081 E baseline.com.newsblur.network.APIResponse: 	at baseline.com.newsblur.network.APIManager.post_single(APIManager.java:702)
08-05 19:57:07.132 29070  3081 E baseline.com.newsblur.network.APIResponse: 	at baseline.com.newsblur.network.APIManager.post(APIManager.java:675)
08-05 19:57:07.132 29070  3081 E baseline.com.newsblur.network.APIResponse: 	at baseline.com.newsblur.network.APIManager.post(APIManager.java:714)
08-05 19:57:07.132 29070  3081 E baseline.com.newsblur.network.APIResponse: 	at baseline.com.newsblur.network.APIManager.markStoryAsRead(APIManager.java:205)
08-05 19:57:07.132 29070  3081 E baseline.com.newsblur.network.APIResponse: 	at baseline.com.newsblur.util.ReadingAction.doRemote(ReadingAction.java:281)
08-05 19:57:07.132 29070  3081 E baseline.com.newsblur.network.APIResponse: 	at baseline.com.newsblur.service.NBSyncService.syncActions(NBSyncService.java:400)
08-05 19:57:07.132 29070  3081 E baseline.com.newsblur.network.APIResponse: 	at baseline.com.newsblur.service.NBSyncService.doSync(NBSyncService.java:298)
08-05 19:57:07.132 29070  3081 E baseline.com.newsblur.network.APIResponse: 	at baseline.com.newsblur.service.NBSyncService.access$100(NBSyncService.java:67)
08-05 19:57:07.132 29070  3081 E baseline.com.newsblur.network.APIResponse: 	at baseline.com.newsblur.service.NBSyncService$1.run(NBSyncService.java:188)
08-05 19:57:07.132 29070  3081 E baseline.com.newsblur.network.APIResponse: 	at java.util.concurrent.ThreadPoolExecutor.runWorker(ThreadPoolExecutor.java:1113)
08-05 19:57:07.132 29070  3081 E baseline.com.newsblur.network.APIResponse: 	at java.util.concurrent.ThreadPoolExecutor$Worker.run(ThreadPoolExecutor.java:588)
08-05 19:57:07.132 29070  3081 E baseline.com.newsblur.network.APIResponse: 	at java.lang.Thread.run(Thread.java:818)
08-05 19:57:07.132 29070  3081 E baseline.com.newsblur.network.APIResponse: Caused by: java.io.EOFException: \n not found: limit=0 content=
08-05 19:57:07.132 29070  3081 E baseline.com.newsblur.network.APIResponse: 	at okio.RealBufferedSource.readUtf8LineStrict(RealBufferedSource.java:240)
08-05 19:57:07.132 29070  3081 E baseline.com.newsblur.network.APIResponse: 	at okhttp3.internal.http1.Http1ExchangeCodec.readHeaderLine(Http1ExchangeCodec.java:242)
08-05 19:57:07.132 29070  3081 E baseline.com.newsblur.network.APIResponse: 	at okhttp3.internal.http1.Http1ExchangeCodec.readResponseHeaders(Http1ExchangeCodec.java:213)
08-05 19:57:07.132 29070  3081 E baseline.com.newsblur.network.APIResponse: 	... 30 more
08-05 19:57:07.133 29070  3081 I baseline.com.newsblur.network.APIManager: API call failed, pausing before retry number 2
08-05 19:57:07.458 29070  2197 I art     : Starting a blocking GC Explicit
08-05 19:57:07.512 29070  2197 I art     : Explicit concurrent mark sweep GC freed 3958(357KB) AllocSpace objects, 3(60KB) LOS objects, 29% free, 38MB/54MB, paused 2.335ms total 53.170ms
08-05 19:57:07.528 29070  2197 I art     : Starting a blocking GC Explicit
08-05 19:57:07.569 29070  2197 I art     : Explicit concurrent mark sweep GC freed 135(4KB) AllocSpace objects, 0(0B) LOS objects, 29% free, 38MB/54MB, paused 1.323ms total 40.459ms
08-05 19:57:07.581 29070  2197 I art     : Starting a blocking GC Explicit
08-05 19:57:07.621 29070  2197 I art     : Explicit concurrent mark sweep GC freed 15(480B) AllocSpace objects, 0(0B) LOS objects, 29% free, 38MB/54MB, paused 1.242ms total 39.857ms
08-05 19:57:07.634 29070  2197 I art     : Starting a blocking GC Explicit
08-05 19:57:07.675 29070  2197 I art     : Explicit concurrent mark sweep GC freed 18(576B) AllocSpace objects, 0(0B) LOS objects, 29% free, 38MB/54MB, paused 1.296ms total 41.680ms
08-05 19:57:07.688 29070  2197 I art     : Starting a blocking GC Explicit
08-05 19:57:07.732 29070  2197 I art     : Explicit concurrent mark sweep GC freed 16(512B) AllocSpace objects, 0(0B) LOS objects, 29% free, 38MB/54MB, paused 1.202ms total 43.003ms
08-05 19:57:08.115 29070  2197 I art     : Starting a blocking GC Explicit
08-05 19:57:08.164 29070  2197 I art     : Explicit concurrent mark sweep GC freed 1444(83KB) AllocSpace objects, 1(20KB) LOS objects, 29% free, 38MB/54MB, paused 1.387ms total 49.294ms
08-05 19:57:08.178 29070  2197 I art     : Starting a blocking GC Explicit
08-05 19:57:08.230 29070  2197 I art     : Explicit concurrent mark sweep GC freed 22(784B) AllocSpace objects, 0(0B) LOS objects, 29% free, 38MB/54MB, paused 1.361ms total 51.934ms
08-05 19:57:08.244 29070  2197 I art     : Starting a blocking GC Explicit
08-05 19:57:08.293 29070  2197 I art     : Explicit concurrent mark sweep GC freed 3(96B) AllocSpace objects, 0(0B) LOS objects, 29% free, 38MB/54MB, paused 1.424ms total 48.566ms
08-05 19:57:08.307 29070  2197 I art     : Starting a blocking GC Explicit
08-05 19:57:08.358 29070  2197 I art     : Explicit concurrent mark sweep GC freed 3(96B) AllocSpace objects, 0(0B) LOS objects, 29% free, 38MB/54MB, paused 1.433ms total 51.676ms
08-05 19:57:08.372 29070  2197 I art     : Starting a blocking GC Explicit
08-05 19:57:08.423 29070  2197 I art     : Explicit concurrent mark sweep GC freed 3(96B) AllocSpace objects, 0(0B) LOS objects, 29% free, 38MB/54MB, paused 1.348ms total 50ms
08-05 19:57:08.820 29070  2422 I art     : Starting a blocking GC Explicit
08-05 19:57:08.869 29070  2422 I art     : Explicit concurrent mark sweep GC freed 1444(83KB) AllocSpace objects, 1(20KB) LOS objects, 29% free, 38MB/54MB, paused 1.452ms total 48.730ms
08-05 19:57:08.885 29070  2422 I art     : Starting a blocking GC Explicit
08-05 19:57:08.935 29070  2422 I art     : Explicit concurrent mark sweep GC freed 22(784B) AllocSpace objects, 0(0B) LOS objects, 29% free, 38MB/54MB, paused 1.399ms total 50.299ms
08-05 19:57:08.948 29070  2422 I art     : Starting a blocking GC Explicit
08-05 19:57:08.997 29070  2422 I art     : Explicit concurrent mark sweep GC freed 3(96B) AllocSpace objects, 0(0B) LOS objects, 29% free, 38MB/54MB, paused 1.392ms total 48.509ms
08-05 19:57:09.010 29070  2422 I art     : Starting a blocking GC Explicit
08-05 19:57:09.061 29070  2422 I art     : Explicit concurrent mark sweep GC freed 3(96B) AllocSpace objects, 0(0B) LOS objects, 29% free, 38MB/54MB, paused 1.425ms total 50.030ms
08-05 19:57:09.075 29070  2422 I art     : Starting a blocking GC Explicit
08-05 19:57:09.126 29070  2422 I art     : Explicit concurrent mark sweep GC freed 3(96B) AllocSpace objects, 0(0B) LOS objects, 29% free, 38MB/54MB, paused 1.485ms total 51.449ms
08-05 19:57:09.500 29070 29081 I art     : Starting a blocking GC Explicit
08-05 19:57:09.555 29070 29081 I art     : Explicit concurrent mark sweep GC freed 1443(83KB) AllocSpace objects, 1(20KB) LOS objects, 29% free, 38MB/54MB, paused 1.410ms total 54.760ms
08-05 19:57:09.571 29070 29081 I art     : Starting a blocking GC Explicit
08-05 19:57:09.620 29070 29081 I art     : Explicit concurrent mark sweep GC freed 22(784B) AllocSpace objects, 0(0B) LOS objects, 29% free, 38MB/54MB, paused 1.422ms total 48.458ms
08-05 19:57:09.633 29070 29081 I art     : Starting a blocking GC Explicit
08-05 19:57:09.683 29070 29081 I art     : Explicit concurrent mark sweep GC freed 3(96B) AllocSpace objects, 0(0B) LOS objects, 29% free, 38MB/54MB, paused 1.398ms total 49.628ms
08-05 19:57:09.696 29070 29081 I art     : Starting a blocking GC Explicit
08-05 19:57:09.745 29070 29081 I art     : Explicit concurrent mark sweep GC freed 3(96B) AllocSpace objects, 0(0B) LOS objects, 29% free, 38MB/54MB, paused 1.370ms total 48.760ms
08-05 19:57:09.759 29070 29081 I art     : Starting a blocking GC Explicit
08-05 19:57:09.811 29070 29081 I art     : Explicit concurrent mark sweep GC freed 3(96B) AllocSpace objects, 0(0B) LOS objects, 29% free, 38MB/54MB, paused 1.448ms total 51.815ms
08-05 19:57:10.192 29070 29082 I art     : Starting a blocking GC Explicit
08-05 19:57:10.241 29070 29082 I art     : Explicit concurrent mark sweep GC freed 1535(86KB) AllocSpace objects, 1(20KB) LOS objects, 29% free, 38MB/54MB, paused 1.388ms total 48.599ms
08-05 19:57:10.254 29070 29082 I art     : Starting a blocking GC Explicit
08-05 19:57:10.299 29070 29082 I art     : Explicit concurrent mark sweep GC freed 96(5KB) AllocSpace objects, 0(0B) LOS objects, 29% free, 38MB/54MB, paused 1.398ms total 44.916ms
08-05 19:57:10.312 29070 29082 I art     : Starting a blocking GC Explicit
08-05 19:57:10.358 29070 29082 I art     : Explicit concurrent mark sweep GC freed 9(400B) AllocSpace objects, 0(0B) LOS objects, 29% free, 38MB/54MB, paused 1.397ms total 45.986ms
08-05 19:57:10.371 29070 29082 I art     : Starting a blocking GC Explicit
08-05 19:57:10.418 29070 29082 I art     : Explicit concurrent mark sweep GC freed 3(96B) AllocSpace objects, 0(0B) LOS objects, 29% free, 38MB/54MB, paused 1.553ms total 46.107ms
08-05 19:57:10.431 29070 29082 I art     : Starting a blocking GC Explicit
08-05 19:57:10.479 29070 29082 I art     : Explicit concurrent mark sweep GC freed 3(96B) AllocSpace objects, 0(0B) LOS objects, 29% free, 38MB/54MB, paused 1.480ms total 48.040ms
08-05 19:57:10.517   918  3261 D WifiStateMachine: starting scan for "H369AA63323"WPA_PSK with 2412,5180
08-05 19:57:10.635 29070  3081 E baseline.com.newsblur.network.APIResponse: Error (unexpected end of stream on https://www.newsblur.com/...) calling https://www.newsblur.com/reader/mark_story_hashes_as_read/
08-05 19:57:10.635 29070  3081 E baseline.com.newsblur.network.APIResponse: java.io.IOException: unexpected end of stream on https://www.newsblur.com/...
08-05 19:57:10.635 29070  3081 E baseline.com.newsblur.network.APIResponse: 	at okhttp3.internal.http1.Http1ExchangeCodec.readResponseHeaders(Http1ExchangeCodec.java:236)
08-05 19:57:10.635 29070  3081 E baseline.com.newsblur.network.APIResponse: 	at okhttp3.internal.connection.Exchange.readResponseHeaders(Exchange.java:115)
08-05 19:57:10.635 29070  3081 E baseline.com.newsblur.network.APIResponse: 	at okhttp3.internal.http.CallServerInterceptor.intercept(CallServerInterceptor.java:94)
08-05 19:57:10.635 29070  3081 E baseline.com.newsblur.network.APIResponse: 	at okhttp3.internal.http.RealInterceptorChain.proceed(RealInterceptorChain.java:142)
08-05 19:57:10.635 29070  3081 E baseline.com.newsblur.network.APIResponse: 	at okhttp3.internal.connection.ConnectInterceptor.intercept(ConnectInterceptor.java:43)
08-05 19:57:10.635 29070  3081 E baseline.com.newsblur.network.APIResponse: 	at okhttp3.internal.http.RealInterceptorChain.proceed(RealInterceptorChain.java:142)
08-05 19:57:10.635 29070  3081 E baseline.com.newsblur.network.APIResponse: 	at okhttp3.internal.http.RealInterceptorChain.proceed(RealInterceptorChain.java:117)
08-05 19:57:10.635 29070  3081 E baseline.com.newsblur.network.APIResponse: 	at okhttp3.internal.cache.CacheInterceptor.intercept(CacheInterceptor.java:94)
08-05 19:57:10.635 29070  3081 E baseline.com.newsblur.network.APIResponse: 	at okhttp3.internal.http.RealInterceptorChain.proceed(RealInterceptorChain.java:142)
08-05 19:57:10.635 29070  3081 E baseline.com.newsblur.network.APIResponse: 	at okhttp3.internal.http.RealInterceptorChain.proceed(RealInterceptorChain.java:117)
08-05 19:57:10.635 29070  3081 E baseline.com.newsblur.network.APIResponse: 	at okhttp3.internal.http.BridgeInterceptor.intercept(BridgeInterceptor.java:93)
08-05 19:57:10.635 29070  3081 E baseline.com.newsblur.network.APIResponse: 	at okhttp3.internal.http.RealInterceptorChain.proceed(RealInterceptorChain.java:142)
08-05 19:57:10.635 29070  3081 E baseline.com.newsblur.network.APIResponse: 	at okhttp3.internal.http.RetryAndFollowUpInterceptor.intercept(RetryAndFollowUpInterceptor.java:88)
08-05 19:57:10.635 29070  3081 E baseline.com.newsblur.network.APIResponse: 	at okhttp3.internal.http.RealInterceptorChain.proceed(RealInterceptorChain.java:142)
08-05 19:57:10.635 29070  3081 E baseline.com.newsblur.network.APIResponse: 	at okhttp3.internal.http.RealInterceptorChain.proceed(RealInterceptorChain.java:117)
08-05 19:57:10.635 29070  3081 E baseline.com.newsblur.network.APIResponse: 	at okhttp3.RealCall.getResponseWithInterceptorChain(RealCall.java:229)
08-05 19:57:10.635 29070  3081 E baseline.com.newsblur.network.APIResponse: 	at okhttp3.RealCall.execute(RealCall.java:81)
08-05 19:57:10.635 29070  3081 E baseline.com.newsblur.network.APIResponse: 	at baseline.com.newsblur.network.APIResponse.<init>(APIResponse.java:57)
08-05 19:57:10.635 29070  3081 E baseline.com.newsblur.network.APIResponse: 	at baseline.com.newsblur.network.APIResponse.<init>(APIResponse.java:43)
08-05 19:57:10.635 29070  3081 E baseline.com.newsblur.network.APIResponse: 	at baseline.com.newsblur.network.APIManager.post_single(APIManager.java:702)
08-05 19:57:10.635 29070  3081 E baseline.com.newsblur.network.APIResponse: 	at baseline.com.newsblur.network.APIManager.post(APIManager.java:675)
08-05 19:57:10.635 29070  3081 E baseline.com.newsblur.network.APIResponse: 	at baseline.com.newsblur.network.APIManager.post(APIManager.java:714)
08-05 19:57:10.635 29070  3081 E baseline.com.newsblur.network.APIResponse: 	at baseline.com.newsblur.network.APIManager.markStoryAsRead(APIManager.java:205)
08-05 19:57:10.635 29070  3081 E baseline.com.newsblur.network.APIResponse: 	at baseline.com.newsblur.util.ReadingAction.doRemote(ReadingAction.java:281)
08-05 19:57:10.635 29070  3081 E baseline.com.newsblur.network.APIResponse: 	at baseline.com.newsblur.service.NBSyncService.syncActions(NBSyncService.java:400)
08-05 19:57:10.635 29070  3081 E baseline.com.newsblur.network.APIResponse: 	at baseline.com.newsblur.service.NBSyncService.doSync(NBSyncService.java:298)
08-05 19:57:10.635 29070  3081 E baseline.com.newsblur.network.APIResponse: 	at baseline.com.newsblur.service.NBSyncService.access$100(NBSyncService.java:67)
08-05 19:57:10.635 29070  3081 E baseline.com.newsblur.network.APIResponse: 	at baseline.com.newsblur.service.NBSyncService$1.run(NBSyncService.java:188)
08-05 19:57:10.635 29070  3081 E baseline.com.newsblur.network.APIResponse: 	at java.util.concurrent.ThreadPoolExecutor.runWorker(ThreadPoolExecutor.java:1113)
08-05 19:57:10.635 29070  3081 E baseline.com.newsblur.network.APIResponse: 	at java.util.concurrent.ThreadPoolExecutor$Worker.run(ThreadPoolExecutor.java:588)
08-05 19:57:10.635 29070  3081 E baseline.com.newsblur.network.APIResponse: 	at java.lang.Thread.run(Thread.java:818)
08-05 19:57:10.635 29070  3081 E baseline.com.newsblur.network.APIResponse: Caused by: java.io.EOFException: \n not found: limit=0 content=
08-05 19:57:10.635 29070  3081 E baseline.com.newsblur.network.APIResponse: 	at okio.RealBufferedSource.readUtf8LineStrict(RealBufferedSource.java:240)
08-05 19:57:10.635 29070  3081 E baseline.com.newsblur.network.APIResponse: 	at okhttp3.internal.http1.Http1ExchangeCodec.readHeaderLine(Http1ExchangeCodec.java:242)
08-05 19:57:10.635 29070  3081 E baseline.com.newsblur.network.APIResponse: 	at okhttp3.internal.http1.Http1ExchangeCodec.readResponseHeaders(Http1ExchangeCodec.java:213)
08-05 19:57:10.635 29070  3081 E baseline.com.newsblur.network.APIResponse: 	... 30 more
08-05 19:57:10.637 29070  3081 I baseline.com.newsblur.service.NBSyncService: Holding reading action with server-side or network error.
08-05 19:57:10.648 29070  3081 W baseline.com.newsblur.service.NBSyncService: hard API failure
08-05 19:57:10.814  3571  3571 D AndroidRuntime: >>>>>> START com.android.internal.os.RuntimeInit uid 2000 <<<<<<
08-05 19:57:10.820  3571  3571 D AndroidRuntime: CheckJNI is OFF
08-05 19:57:10.823 29070  2197 I art     : Starting a blocking GC Explicit
08-05 19:57:10.866  3571  3571 D ICU     : No timezone override file found: /data/misc/zoneinfo/current/icu/icu_tzdata.dat
08-05 19:57:10.873 29070  2197 I art     : Explicit concurrent mark sweep GC freed 4355(407KB) AllocSpace objects, 5(100KB) LOS objects, 29% free, 38MB/54MB, paused 1.589ms total 50.070ms
08-05 19:57:10.886 29070  2197 I art     : Starting a blocking GC Explicit
08-05 19:57:10.912  3571  3571 I Radio-JNI: register_android_hardware_Radio DONE
08-05 19:57:10.936 29070  2197 I art     : Explicit concurrent mark sweep GC freed 140(5KB) AllocSpace objects, 0(0B) LOS objects, 29% free, 38MB/54MB, paused 1.511ms total 49.210ms
08-05 19:57:10.942  3571  3571 D AndroidRuntime: Calling main entry com.android.commands.input.Input
08-05 19:57:10.944  3571  3571 I Input   : injectKeyEvent: KeyEvent { action=ACTION_DOWN, keyCode=KEYCODE_BACK, scanCode=0, metaState=0, flags=0x0, repeatCount=0, eventTime=820647357, downTime=820647357, deviceId=-1, source=0x101 }
08-05 19:57:10.949 29070  2197 I art     : Starting a blocking GC Explicit
08-05 19:57:10.953  3571  3571 I Input   : injectKeyEvent: KeyEvent { action=ACTION_UP, keyCode=KEYCODE_BACK, scanCode=0, metaState=0, flags=0x0, repeatCount=0, eventTime=820647357, downTime=820647357, deviceId=-1, source=0x101 }
08-05 19:57:10.961  3571  3571 D AndroidRuntime: Shutting down VM
08-05 19:57:10.993 29070  2197 I art     : Explicit concurrent mark sweep GC freed 216(38KB) AllocSpace objects, 2(40KB) LOS objects, 29% free, 38MB/54MB, paused 1.346ms total 43.818ms
08-05 19:57:11.005 29070  2197 I art     : Starting a blocking GC Explicit
08-05 19:57:11.050 29070  2197 I art     : Explicit concurrent mark sweep GC freed 44(1648B) AllocSpace objects, 0(0B) LOS objects, 29% free, 38MB/54MB, paused 1.501ms total 45.082ms
08-05 19:57:11.063 29070  2197 I art     : Starting a blocking GC Explicit
08-05 19:57:11.110 29070  2197 I art     : Explicit concurrent mark sweep GC freed 2214(107KB) AllocSpace objects, 1(20KB) LOS objects, 29% free, 38MB/54MB, paused 1.664ms total 46.752ms
08-05 19:57:11.130 29070  3081 E baseline.com.newsblur.network.APIResponse: Error (unexpected end of stream on https://www.newsblur.com/...) calling https://www.newsblur.com/reader/mark_story_hashes_as_read/
08-05 19:57:11.130 29070  3081 E baseline.com.newsblur.network.APIResponse: java.io.IOException: unexpected end of stream on https://www.newsblur.com/...
08-05 19:57:11.130 29070  3081 E baseline.com.newsblur.network.APIResponse: 	at okhttp3.internal.http1.Http1ExchangeCodec.readResponseHeaders(Http1ExchangeCodec.java:236)
08-05 19:57:11.130 29070  3081 E baseline.com.newsblur.network.APIResponse: 	at okhttp3.internal.connection.Exchange.readResponseHeaders(Exchange.java:115)
08-05 19:57:11.130 29070  3081 E baseline.com.newsblur.network.APIResponse: 	at okhttp3.internal.http.CallServerInterceptor.intercept(CallServerInterceptor.java:94)
08-05 19:57:11.130 29070  3081 E baseline.com.newsblur.network.APIResponse: 	at okhttp3.internal.http.RealInterceptorChain.proceed(RealInterceptorChain.java:142)
08-05 19:57:11.130 29070  3081 E baseline.com.newsblur.network.APIResponse: 	at okhttp3.internal.connection.ConnectInterceptor.intercept(ConnectInterceptor.java:43)
08-05 19:57:11.130 29070  3081 E baseline.com.newsblur.network.APIResponse: 	at okhttp3.internal.http.RealInterceptorChain.proceed(RealInterceptorChain.java:142)
08-05 19:57:11.130 29070  3081 E baseline.com.newsblur.network.APIResponse: 	at okhttp3.internal.http.RealInterceptorChain.proceed(RealInterceptorChain.java:117)
08-05 19:57:11.130 29070  3081 E baseline.com.newsblur.network.APIResponse: 	at okhttp3.internal.cache.CacheInterceptor.intercept(CacheInterceptor.java:94)
08-05 19:57:11.130 29070  3081 E baseline.com.newsblur.network.APIResponse: 	at okhttp3.internal.http.RealInterceptorChain.proceed(RealInterceptorChain.java:142)
08-05 19:57:11.130 29070  3081 E baseline.com.newsblur.network.APIResponse: 	at okhttp3.internal.http.RealInterceptorChain.proceed(RealInterceptorChain.java:117)
08-05 19:57:11.130 29070  3081 E baseline.com.newsblur.network.APIResponse: 	at okhttp3.internal.http.BridgeInterceptor.intercept(BridgeInterceptor.java:93)
08-05 19:57:11.130 29070  3081 E baseline.com.newsblur.network.APIResponse: 	at okhttp3.internal.http.RealInterceptorChain.proceed(RealInterceptorChain.java:142)
08-05 19:57:11.130 29070  3081 E baseline.com.newsblur.network.APIResponse: 	at okhttp3.internal.http.RetryAndFollowUpInterceptor.intercept(RetryAndFollowUpInterceptor.java:88)
08-05 19:57:11.130 29070  3081 E baseline.com.newsblur.network.APIResponse: 	at okhttp3.internal.http.RealInterceptorChain.proceed(RealInterceptorChain.java:142)
08-05 19:57:11.130 29070  3081 E baseline.com.newsblur.network.APIResponse: 	at okhttp3.internal.http.RealInterceptorChain.proceed(RealInterceptorChain.java:117)
08-05 19:57:11.130 29070  3081 E baseline.com.newsblur.network.APIResponse: 	at okhttp3.RealCall.getResponseWithInterceptorChain(RealCall.java:229)
08-05 19:57:11.130 29070  3081 E baseline.com.newsblur.network.APIResponse: 	at okhttp3.RealCall.execute(RealCall.java:81)
08-05 19:57:11.130 29070  3081 E baseline.com.newsblur.network.APIResponse: 	at baseline.com.newsblur.network.APIResponse.<init>(APIResponse.java:57)
08-05 19:57:11.130 29070  3081 E baseline.com.newsblur.network.APIResponse: 	at baseline.com.newsblur.network.APIResponse.<init>(APIResponse.java:43)
08-05 19:57:11.130 29070  3081 E baseline.com.newsblur.network.APIResponse: 	at baseline.com.newsblur.network.APIManager.post_single(APIManager.java:702)
08-05 19:57:11.130 29070  3081 E baseline.com.newsblur.network.APIResponse: 	at baseline.com.newsblur.network.APIManager.post(APIManager.java:675)
08-05 19:57:11.130 29070  3081 E baseline.com.newsblur.network.APIResponse: 	at baseline.com.newsblur.network.APIManager.post(APIManager.java:714)
08-05 19:57:11.130 29070  3081 E baseline.com.newsblur.network.APIResponse: 	at baseline.com.newsblur.network.APIManager.markStoryAsRead(APIManager.java:205)
08-05 19:57:11.130 29070  3081 E baseline.com.newsblur.network.APIResponse: 	at baseline.com.newsblur.util.ReadingAction.doRemote(ReadingAction.java:281)
08-05 19:57:11.130 29070  3081 E baseline.com.newsblur.network.APIResponse: 	at baseline.com.newsblur.service.NBSyncService.syncActions(NBSyncService.java:400)
08-05 19:57:11.130 29070  3081 E baseline.com.newsblur.network.APIResponse: 	at baseline.com.newsblur.service.NBSyncService.doSync(NBSyncService.java:298)
08-05 19:57:11.130 29070  3081 E baseline.com.newsblur.network.APIResponse: 	at baseline.com.newsblur.service.NBSyncService.access$100(NBSyncService.java:67)
08-05 19:57:11.130 29070  3081 E baseline.com.newsblur.network.APIResponse: 	at baseline.com.newsblur.service.NBSyncService$1.run(NBSyncService.java:188)
08-05 19:57:11.130 29070  3081 E baseline.com.newsblur.network.APIResponse: 	at java.util.concurrent.ThreadPoolExecutor.runWorker(ThreadPoolExecutor.java:1113)
08-05 19:57:11.130 29070  3081 E baseline.com.newsblur.network.APIResponse: 	at java.util.concurrent.ThreadPoolExecutor$Worker.run(ThreadPoolExecutor.java:588)
08-05 19:57:11.130 29070  3081 E baseline.com.newsblur.network.APIResponse: 	at java.lang.Thread.run(Thread.java:818)
08-05 19:57:11.130 29070  3081 E baseline.com.newsblur.network.APIResponse: Caused by: java.io.EOFException: \n not found: limit=0 content=
08-05 19:57:11.130 29070  3081 E baseline.com.newsblur.network.APIResponse: 	at okio.RealBufferedSource.readUtf8LineStrict(RealBufferedSource.java:240)
08-05 19:57:11.130 29070  3081 E baseline.com.newsblur.network.APIResponse: 	at okhttp3.internal.http1.Http1ExchangeCodec.readHeaderLine(Http1ExchangeCodec.java:242)
08-05 19:57:11.130 29070  3081 E baseline.com.newsblur.network.APIResponse: 	at okhttp3.internal.http1.Http1ExchangeCodec.readResponseHeaders(Http1ExchangeCodec.java:213)
08-05 19:57:11.130 29070  3081 E baseline.com.newsblur.network.APIResponse: 	... 30 more
08-05 19:57:11.131 29070  3081 I baseline.com.newsblur.network.APIManager: API call failed, pausing before retry number 1
08-05 19:57:11.144 13866 13866 I GoogleInputMethodServic: GoogleInputMethodService.onFinishInput():3138 
08-05 19:57:11.145 13866 13866 I GoogleInputMethodServic: GoogleInputMethodService.onStartInput():1808 
08-05 19:57:11.217 13866 13882 I PeriodicStatsRunner: PeriodicStatsRunner.call():175 call()
08-05 19:57:11.217 13866 13882 I PeriodicStatsRunner: PeriodicStatsRunner.call():179 No submit PeriodicStats since input started.
08-05 19:57:11.461 29070 29082 I art     : Starting a blocking GC Explicit
08-05 19:57:11.517 29070 29082 I art     : Explicit concurrent mark sweep GC freed 4450(432KB) AllocSpace objects, 5(108KB) LOS objects, 29% free, 38MB/54MB, paused 1.328ms total 55.770ms
08-05 19:57:11.530 29070 29082 I art     : Starting a blocking GC Explicit
08-05 19:57:11.576 29070 29082 I art     : Explicit concurrent mark sweep GC freed 241(15KB) AllocSpace objects, 0(0B) LOS objects, 29% free, 38MB/54MB, paused 1.404ms total 46.105ms
08-05 19:57:11.591 29070 29082 I art     : Starting a blocking GC Explicit
08-05 19:57:11.640 29070 29082 I art     : Explicit concurrent mark sweep GC freed 134(6KB) AllocSpace objects, 0(0B) LOS objects, 29% free, 38MB/54MB, paused 1.370ms total 48.807ms
08-05 19:57:11.654 29070 29082 I art     : Starting a blocking GC Explicit
08-05 19:57:11.705 29070 29082 I art     : Explicit concurrent mark sweep GC freed 11(352B) AllocSpace objects, 0(0B) LOS objects, 29% free, 38MB/54MB, paused 1.380ms total 50.841ms
08-05 19:57:11.719 29070 29082 I art     : Starting a blocking GC Explicit
08-05 19:57:11.770 29070 29082 I art     : Explicit concurrent mark sweep GC freed 11(352B) AllocSpace objects, 0(0B) LOS objects, 29% free, 38MB/54MB, paused 1.807ms total 50.813ms
08-05 19:57:12.156 29070 29082 I art     : Starting a blocking GC Explicit
08-05 19:57:12.212 29070 29082 I art     : Explicit concurrent mark sweep GC freed 1496(84KB) AllocSpace objects, 1(20KB) LOS objects, 29% free, 38MB/54MB, paused 1.333ms total 55.274ms
08-05 19:57:12.226 29070 29082 I art     : Starting a blocking GC Explicit
08-05 19:57:12.273 29070 29082 I art     : Explicit concurrent mark sweep GC freed 30(1040B) AllocSpace objects, 0(0B) LOS objects, 29% free, 38MB/54MB, paused 1.292ms total 46.249ms
08-05 19:57:12.286 29070 29082 I art     : Starting a blocking GC Explicit
08-05 19:57:12.334 29070 29082 I art     : Explicit concurrent mark sweep GC freed 11(352B) AllocSpace objects, 0(0B) LOS objects, 29% free, 38MB/54MB, paused 1.622ms total 48.061ms
08-05 19:57:12.348 29070 29082 I art     : Starting a blocking GC Explicit
08-05 19:57:12.398 29070 29082 I art     : Explicit concurrent mark sweep GC freed 10(320B) AllocSpace objects, 0(0B) LOS objects, 29% free, 38MB/54MB, paused 1.986ms total 49.698ms
08-05 19:57:12.412 29070 29082 I art     : Starting a blocking GC Explicit
08-05 19:57:12.462 29070 29082 I art     : Explicit concurrent mark sweep GC freed 10(320B) AllocSpace objects, 0(0B) LOS objects, 29% free, 38MB/54MB, paused 1.369ms total 49.781ms
08-05 19:57:12.745  3617  3617 D AndroidRuntime: >>>>>> START com.android.internal.os.RuntimeInit uid 2000 <<<<<<
08-05 19:57:12.751  3617  3617 D AndroidRuntime: CheckJNI is OFF
08-05 19:57:12.795  3617  3617 D ICU     : No timezone override file found: /data/misc/zoneinfo/current/icu/icu_tzdata.dat
08-05 19:57:12.831 29070  2197 I art     : Starting a blocking GC Explicit
08-05 19:57:12.837  3617  3617 I Radio-JNI: register_android_hardware_Radio DONE
08-05 19:57:12.868  3617  3617 D AndroidRuntime: Calling main entry com.android.commands.input.Input
08-05 19:57:12.870  3617  3617 I Input   : injectKeyEvent: KeyEvent { action=ACTION_DOWN, keyCode=KEYCODE_BACK, scanCode=0, metaState=0, flags=0x0, repeatCount=0, eventTime=820649282, downTime=820649282, deviceId=-1, source=0x101 }
08-05 19:57:12.877  3617  3617 I Input   : injectKeyEvent: KeyEvent { action=ACTION_UP, keyCode=KEYCODE_BACK, scanCode=0, metaState=0, flags=0x0, repeatCount=0, eventTime=820649282, downTime=820649282, deviceId=-1, source=0x101 }
08-05 19:57:12.882 29070  2197 I art     : Explicit concurrent mark sweep GC freed 1623(92KB) AllocSpace objects, 1(20KB) LOS objects, 29% free, 38MB/54MB, paused 1.524ms total 50.560ms
08-05 19:57:12.883  3617  3617 D AndroidRuntime: Shutting down VM
08-05 19:57:12.895 29070  2197 I art     : Starting a blocking GC Explicit
08-05 19:57:12.939 29070  2197 I art     : Explicit concurrent mark sweep GC freed 363(66KB) AllocSpace objects, 4(80KB) LOS objects, 29% free, 38MB/54MB, paused 1.492ms total 43.667ms
08-05 19:57:12.952 29070  2197 I art     : Starting a blocking GC Explicit
08-05 19:57:12.998 29070  2197 I art     : Explicit concurrent mark sweep GC freed 34(1632B) AllocSpace objects, 0(0B) LOS objects, 29% free, 38MB/54MB, paused 1.477ms total 46.387ms
08-05 19:57:13.012 29070  2197 I art     : Starting a blocking GC Explicit
08-05 19:57:13.060 29070  2197 I art     : Explicit concurrent mark sweep GC freed 2400(160KB) AllocSpace objects, 5(100KB) LOS objects, 29% free, 38MB/54MB, paused 1.923ms total 47.872ms
08-05 19:57:13.071 13866 13866 I GoogleInputMethodServic: GoogleInputMethodService.onFinishInput():3138 
08-05 19:57:13.072 13866 13866 I GoogleInputMethodServic: GoogleInputMethodService.onStartInput():1808 
08-05 19:57:13.073 29070  2197 I art     : Starting a blocking GC Explicit
08-05 19:57:13.123 29070  2197 I art     : Explicit concurrent mark sweep GC freed 5676(360KB) AllocSpace objects, 3(60KB) LOS objects, 29% free, 38MB/54MB, paused 1.497ms total 49.727ms
08-05 19:57:13.172 29070  3081 E baseline.com.newsblur.network.APIResponse: Error (unexpected end of stream on https://www.newsblur.com/...) calling https://www.newsblur.com/reader/mark_story_hashes_as_read/
08-05 19:57:13.172 29070  3081 E baseline.com.newsblur.network.APIResponse: java.io.IOException: unexpected end of stream on https://www.newsblur.com/...
08-05 19:57:13.172 29070  3081 E baseline.com.newsblur.network.APIResponse: 	at okhttp3.internal.http1.Http1ExchangeCodec.readResponseHeaders(Http1ExchangeCodec.java:236)
08-05 19:57:13.172 29070  3081 E baseline.com.newsblur.network.APIResponse: 	at okhttp3.internal.connection.Exchange.readResponseHeaders(Exchange.java:115)
08-05 19:57:13.172 29070  3081 E baseline.com.newsblur.network.APIResponse: 	at okhttp3.internal.http.CallServerInterceptor.intercept(CallServerInterceptor.java:94)
08-05 19:57:13.172 29070  3081 E baseline.com.newsblur.network.APIResponse: 	at okhttp3.internal.http.RealInterceptorChain.proceed(RealInterceptorChain.java:142)
08-05 19:57:13.172 29070  3081 E baseline.com.newsblur.network.APIResponse: 	at okhttp3.internal.connection.ConnectInterceptor.intercept(ConnectInterceptor.java:43)
08-05 19:57:13.172 29070  3081 E baseline.com.newsblur.network.APIResponse: 	at okhttp3.internal.http.RealInterceptorChain.proceed(RealInterceptorChain.java:142)
08-05 19:57:13.172 29070  3081 E baseline.com.newsblur.network.APIResponse: 	at okhttp3.internal.http.RealInterceptorChain.proceed(RealInterceptorChain.java:117)
08-05 19:57:13.172 29070  3081 E baseline.com.newsblur.network.APIResponse: 	at okhttp3.internal.cache.CacheInterceptor.intercept(CacheInterceptor.java:94)
08-05 19:57:13.172 29070  3081 E baseline.com.newsblur.network.APIResponse: 	at okhttp3.internal.http.RealInterceptorChain.proceed(RealInterceptorChain.java:142)
08-05 19:57:13.172 29070  3081 E baseline.com.newsblur.network.APIResponse: 	at okhttp3.internal.http.RealInterceptorChain.proceed(RealInterceptorChain.java:117)
08-05 19:57:13.172 29070  3081 E baseline.com.newsblur.network.APIResponse: 	at okhttp3.internal.http.BridgeInterceptor.intercept(BridgeInterceptor.java:93)
08-05 19:57:13.172 29070  3081 E baseline.com.newsblur.network.APIResponse: 	at okhttp3.internal.http.RealInterceptorChain.proceed(RealInterceptorChain.java:142)
08-05 19:57:13.172 29070  3081 E baseline.com.newsblur.network.APIResponse: 	at okhttp3.internal.http.RetryAndFollowUpInterceptor.intercept(RetryAndFollowUpInterceptor.java:88)
08-05 19:57:13.172 29070  3081 E baseline.com.newsblur.network.APIResponse: 	at okhttp3.internal.http.RealInterceptorChain.proceed(RealInterceptorChain.java:142)
08-05 19:57:13.172 29070  3081 E baseline.com.newsblur.network.APIResponse: 	at okhttp3.internal.http.RealInterceptorChain.proceed(RealInterceptorChain.java:117)
08-05 19:57:13.172 29070  3081 E baseline.com.newsblur.network.APIResponse: 	at okhttp3.RealCall.getResponseWithInterceptorChain(RealCall.java:229)
08-05 19:57:13.172 29070  3081 E baseline.com.newsblur.network.APIResponse: 	at okhttp3.RealCall.execute(RealCall.java:81)
08-05 19:57:13.172 29070  3081 E baseline.com.newsblur.network.APIResponse: 	at baseline.com.newsblur.network.APIResponse.<init>(APIResponse.java:57)
08-05 19:57:13.172 29070  3081 E baseline.com.newsblur.network.APIResponse: 	at baseline.com.newsblur.network.APIResponse.<init>(APIResponse.java:43)
08-05 19:57:13.172 29070  3081 E baseline.com.newsblur.network.APIResponse: 	at baseline.com.newsblur.network.APIManager.post_single(APIManager.java:702)
08-05 19:57:13.172 29070  3081 E baseline.com.newsblur.network.APIResponse: 	at baseline.com.newsblur.network.APIManager.post(APIManager.java:675)
08-05 19:57:13.172 29070  3081 E baseline.com.newsblur.network.APIResponse: 	at baseline.com.newsblur.network.APIManager.post(APIManager.java:714)
08-05 19:57:13.172 29070  3081 E baseline.com.newsblur.network.APIResponse: 	at baseline.com.newsblur.network.APIManager.markStoryAsRead(APIManager.java:205)
08-05 19:57:13.172 29070  3081 E baseline.com.newsblur.network.APIResponse: 	at baseline.com.newsblur.util.ReadingAction.doRemote(ReadingAction.java:281)
08-05 19:57:13.172 29070  3081 E baseline.com.newsblur.network.APIResponse: 	at baseline.com.newsblur.service.NBSyncService.syncActions(NBSyncService.java:400)
08-05 19:57:13.172 29070  3081 E baseline.com.newsblur.network.APIResponse: 	at baseline.com.newsblur.service.NBSyncService.doSync(NBSyncService.java:298)
08-05 19:57:13.172 29070  3081 E baseline.com.newsblur.network.APIResponse: 	at baseline.com.newsblur.service.NBSyncService.access$100(NBSyncService.java:67)
08-05 19:57:13.172 29070  3081 E baseline.com.newsblur.network.APIResponse: 	at baseline.com.newsblur.service.NBSyncService$1.run(NBSyncService.java:188)
08-05 19:57:13.172 29070  3081 E baseline.com.newsblur.network.APIResponse: 	at java.util.concurrent.ThreadPoolExecutor.runWorker(ThreadPoolExecutor.java:1113)
08-05 19:57:13.172 29070  3081 E baseline.com.newsblur.network.APIResponse: 	at java.util.concurrent.ThreadPoolExecutor$Worker.run(ThreadPoolExecutor.java:588)
08-05 19:57:13.172 29070  3081 E baseline.com.newsblur.network.APIResponse: 	at java.lang.Thread.run(Thread.java:818)
08-05 19:57:13.172 29070  3081 E baseline.com.newsblur.network.APIResponse: Caused by: java.io.EOFException: \n not found: limit=0 content=
08-05 19:57:13.172 29070  3081 E baseline.com.newsblur.network.APIResponse: 	at okio.RealBufferedSource.readUtf8LineStrict(RealBufferedSource.java:240)
08-05 19:57:13.172 29070  3081 E baseline.com.newsblur.network.APIResponse: 	at okhttp3.internal.http1.Http1ExchangeCodec.readHeaderLine(Http1ExchangeCodec.java:242)
08-05 19:57:13.172 29070  3081 E baseline.com.newsblur.network.APIResponse: 	at okhttp3.internal.http1.Http1ExchangeCodec.readResponseHeaders(Http1ExchangeCodec.java:213)
08-05 19:57:13.172 29070  3081 E baseline.com.newsblur.network.APIResponse: 	... 30 more
08-05 19:57:13.173 29070  3081 I baseline.com.newsblur.network.APIManager: API call failed, pausing before retry number 2
08-05 19:57:13.475 29070 29082 I art     : Starting a blocking GC Explicit
08-05 19:57:13.524 29070 29082 I art     : Explicit concurrent mark sweep GC freed 4507(381KB) AllocSpace objects, 3(60KB) LOS objects, 29% free, 38MB/54MB, paused 1.392ms total 49.064ms
08-05 19:57:13.538 29070 29082 I art     : Starting a blocking GC Explicit
08-05 19:57:13.586 29070 29082 I art     : Explicit concurrent mark sweep GC freed 265(11KB) AllocSpace objects, 0(0B) LOS objects, 29% free, 38MB/54MB, paused 1.341ms total 47.579ms
08-05 19:57:13.599 29070 29082 I art     : Starting a blocking GC Explicit
08-05 19:57:13.648 29070 29082 I art     : Explicit concurrent mark sweep GC freed 9(288B) AllocSpace objects, 0(0B) LOS objects, 29% free, 38MB/54MB, paused 1.590ms total 48.124ms
08-05 19:57:13.662 29070 29082 I art     : Starting a blocking GC Explicit
08-05 19:57:13.710 29070 29082 I art     : Explicit concurrent mark sweep GC freed 12(384B) AllocSpace objects, 0(0B) LOS objects, 29% free, 38MB/54MB, paused 1.400ms total 47.654ms
08-05 19:57:13.723 29070 29082 I art     : Starting a blocking GC Explicit
08-05 19:57:13.771 29070 29082 I art     : Explicit concurrent mark sweep GC freed 10(320B) AllocSpace objects, 0(0B) LOS objects, 29% free, 38MB/54MB, paused 1.543ms total 47.387ms
08-05 19:57:14.134 29070  2422 I art     : Starting a blocking GC Explicit
08-05 19:57:14.182 29070  2422 I art     : Explicit concurrent mark sweep GC freed 1492(84KB) AllocSpace objects, 1(20KB) LOS objects, 29% free, 38MB/54MB, paused 1.588ms total 48.072ms
08-05 19:57:14.196 29070  2422 I art     : Starting a blocking GC Explicit
08-05 19:57:14.244 29070  2422 I art     : Explicit concurrent mark sweep GC freed 30(1040B) AllocSpace objects, 0(0B) LOS objects, 29% free, 38MB/54MB, paused 1.390ms total 47.858ms
08-05 19:57:14.258 29070  2422 I art     : Starting a blocking GC Explicit
08-05 19:57:14.302 29070  2422 I art     : Explicit concurrent mark sweep GC freed 10(320B) AllocSpace objects, 0(0B) LOS objects, 29% free, 38MB/54MB, paused 1.374ms total 44.511ms
08-05 19:57:14.315 29070  2422 I art     : Starting a blocking GC Explicit
08-05 19:57:14.362 29070  2422 I art     : Explicit concurrent mark sweep GC freed 9(288B) AllocSpace objects, 0(0B) LOS objects, 29% free, 38MB/54MB, paused 1.403ms total 46.370ms
08-05 19:57:14.376 29070  2422 I art     : Starting a blocking GC Explicit
08-05 19:57:14.424 29070  2422 I art     : Explicit concurrent mark sweep GC freed 11(352B) AllocSpace objects, 0(0B) LOS objects, 29% free, 38MB/54MB, paused 1.398ms total 48.040ms
08-05 19:57:14.650  3664  3664 D AndroidRuntime: >>>>>> START com.android.internal.os.RuntimeInit uid 2000 <<<<<<
08-05 19:57:14.655  3664  3664 D AndroidRuntime: CheckJNI is OFF
08-05 19:57:14.696  3664  3664 D ICU     : No timezone override file found: /data/misc/zoneinfo/current/icu/icu_tzdata.dat
08-05 19:57:14.704  5179  5194 D QcrilMsgTunnelSocket: readRilMessage: Buffer = [B@671e81d HexData = [010000000404000011000000514f454d484f4f4bef0308000100000003]
08-05 19:57:14.704  5179  5194 D QcrilMsgTunnelSocket: Rcvd UNSOL response with 28 bytes data for SUB0
08-05 19:57:14.704  5179  5194 D QcrilMsgTunnelSocket: Response ID 525295 is not served in this process.
08-05 19:57:14.704  5179  5194 D QcrilMsgTunnelSocket: To broadcast an Intent via the notifier to external apps
08-05 19:57:14.704  5179  5179 D QcrilMsgTunnelIfaceManager: handleMessage what = 0
08-05 19:57:14.704  5179  5179 D QcrilMsgTunnelIfaceManager: Broadcasting intent ACTION_UNSOL_RESPONSE_OEM_HOOK_RAW
08-05 19:57:14.706  5164  5164 D QC_RIL_OEM_HOOK: Received Broadcast Intent ACTION_UNSOL_RESPONSE_OEM_HOOK_RAW
08-05 19:57:14.706  5164  5164 D QC_RIL_OEM_HOOK: Oem ID in QCRILHOOK UNSOL RESP is QOEMHOOK
08-05 19:57:14.737  3664  3664 I Radio-JNI: register_android_hardware_Radio DONE
08-05 19:57:14.766  3664  3664 D AndroidRuntime: Calling main entry com.android.commands.input.Input
08-05 19:57:14.768  3664  3664 I Input   : injectMotionEvent: MotionEvent { action=ACTION_DOWN, actionButton=0, id[0]=0, x[0]=553.0, y[0]=442.0, toolType[0]=TOOL_TYPE_UNKNOWN, buttonState=0, metaState=0, flags=0x0, edgeFlags=0x0, pointerCount=1, historySize=0, eventTime=820651181, downTime=820651181, deviceId=0, source=0x1002 }
08-05 19:57:14.772  3664  3664 I Input   : injectMotionEvent: MotionEvent { action=ACTION_UP, actionButton=0, id[0]=0, x[0]=553.0, y[0]=442.0, toolType[0]=TOOL_TYPE_UNKNOWN, buttonState=0, metaState=0, flags=0x0, edgeFlags=0x0, pointerCount=1, historySize=0, eventTime=820651181, downTime=820651181, deviceId=0, source=0x1002 }
08-05 19:57:14.775  3664  3664 D AndroidRuntime: Shutting down VM
08-05 19:57:14.805 29070  2422 I art     : Starting a blocking GC Explicit
08-05 19:57:14.843   918  6111 I ActivityManager: START u0 {cmp=baseline.com.newsblur/.activity.AllSharedStoriesItemsList (has extras)} from uid 10676 on display 0
08-05 19:57:14.851 29070  2422 I art     : Explicit concurrent mark sweep GC freed 1962(155KB) AllocSpace objects, 1(20KB) LOS objects, 29% free, 38MB/54MB, paused 1.519ms total 45.582ms
08-05 19:57:14.866 29070  2422 I art     : Starting a blocking GC Explicit
08-05 19:57:14.869 29070  2732 I baseline.com.newsblur.database.BlurDatabaseHelper: reading session reset
08-05 19:57:14.913 29070  2422 I art     : Explicit concurrent mark sweep GC freed 1659(170KB) AllocSpace objects, 5(192KB) LOS objects, 29% free, 38MB/54MB, paused 1.473ms total 47.135ms
08-05 19:57:14.925 29070  2422 I art     : Starting a blocking GC Explicit
08-05 19:57:14.973 29070  2422 I art     : Explicit concurrent mark sweep GC freed 364(16KB) AllocSpace objects, 0(0B) LOS objects, 29% free, 38MB/54MB, paused 1.446ms total 47.530ms
08-05 19:57:14.986 29070  2422 I art     : Starting a blocking GC Explicit
08-05 19:57:15.036 29070  2422 I art     : Explicit concurrent mark sweep GC freed 581(45KB) AllocSpace objects, 1(20KB) LOS objects, 29% free, 38MB/54MB, paused 1.438ms total 49.703ms
08-05 19:57:15.049 29070  2422 I art     : Starting a blocking GC Explicit
08-05 19:57:15.068 29070 29070 W View    : requestLayout() improperly called by android.widget.FrameLayout{4a18ed5 V.E...... ......ID 0,0-1440,0 #7f07003f app:id/footer_view_inner} during layout: running second layout pass
08-05 19:57:15.068 29070 29070 W View    : requestLayout() improperly called by android.widget.FrameLayout{ce6ea V.E...... ......ID 0,0-1440,2091 #7f07003f app:id/footer_view_inner} during layout: running second layout pass
08-05 19:57:15.086   918   936 I ActivityManager: Displayed baseline.com.newsblur/.activity.AllSharedStoriesItemsList: +233ms
08-05 19:57:15.086 13866 13866 I GoogleInputMethodServic: GoogleInputMethodService.onFinishInput():3138 
08-05 19:57:15.087 13866 13866 I GoogleInputMethodServic: GoogleInputMethodService.onStartInput():1808 
08-05 19:57:15.096 29070  2422 I art     : Explicit concurrent mark sweep GC freed 472(51KB) AllocSpace objects, 2(40KB) LOS objects, 29% free, 38MB/54MB, paused 1.855ms total 46.600ms
08-05 19:57:15.118   518   646 I ThermalEngine: ACTION: GPU - Setting GPU[0] to 390000000
08-05 19:57:15.225 29070  3697 I NAPPA_EXPERIMENTATION: MetricNetworkRequestExecutionTime: REQUEST_DURATION_SYSTEM='73',REQUEST_DURATION_OKHTTP='72',REQUEST_SYNCHRONOUS='TRUE',RESPONSE_CODE='200',RESPONSE_METHOD='GET',RESPONSE_LENGTH_OKHTTP='43',RESPONSE_LENGTH_HEADER='43',REQUEST_PROTOCOL='http/1.1',REQUEST_URL='http://feeds.feedburner.com/~r/retort/~4/UffaFMiJbNs',
08-05 19:57:15.356 29070  2457 I NAPPA_EXPERIMENTATION: MetricNetworkRequestExecutionTime: REQUEST_DURATION_SYSTEM='179',REQUEST_DURATION_OKHTTP='178',REQUEST_SYNCHRONOUS='TRUE',RESPONSE_CODE='200',RESPONSE_METHOD='GET',RESPONSE_LENGTH_OKHTTP='56376',RESPONSE_LENGTH_HEADER='56376',REQUEST_PROTOCOL='h2',REQUEST_URL='https://images.fastcompany.net/image/upload/w_1280,q_auto,f_auto,fl_lossy/wp-cms/uploads/2020/07/p-1-quit-after-covid.jpg',
08-05 19:57:15.410  2695  2695 I ServiceManager: Waiting for service AtCmdFwd...
08-05 19:57:15.489 29070 29082 I art     : Starting a blocking GC Explicit
08-05 19:57:15.544 29070 29082 I art     : Explicit concurrent mark sweep GC freed 3986(277KB) AllocSpace objects, 13(3MB) LOS objects, 28% free, 40MB/56MB, paused 1.938ms total 54.591ms
08-05 19:57:15.562 29070 29082 I art     : Starting a blocking GC Explicit
08-05 19:57:15.618 29070 29082 I art     : Explicit concurrent mark sweep GC freed 296(12KB) AllocSpace objects, 0(0B) LOS objects, 28% free, 40MB/56MB, paused 2.145ms total 54.859ms
08-05 19:57:15.635 29070 29082 I art     : Starting a blocking GC Explicit
08-05 19:57:15.692 29070 29082 I art     : Explicit concurrent mark sweep GC freed 8(256B) AllocSpace objects, 0(0B) LOS objects, 28% free, 40MB/56MB, paused 2.062ms total 56.107ms
08-05 19:57:15.710 29070 29082 I art     : Starting a blocking GC Explicit
08-05 19:57:15.768 29070 29082 I art     : Explicit concurrent mark sweep GC freed 8(256B) AllocSpace objects, 0(0B) LOS objects, 28% free, 40MB/56MB, paused 2.303ms total 57.897ms
08-05 19:57:15.787 29070 29082 I art     : Starting a blocking GC Explicit
08-05 19:57:15.844 29070 29082 I art     : Explicit concurrent mark sweep GC freed 7(224B) AllocSpace objects, 0(0B) LOS objects, 28% free, 40MB/56MB, paused 1.870ms total 56.610ms
08-05 19:57:16.145 13866 13882 I PeriodicStatsRunner: PeriodicStatsRunner.call():175 call()
08-05 19:57:16.145 13866 13882 I PeriodicStatsRunner: PeriodicStatsRunner.call():179 No submit PeriodicStats since input started.
08-05 19:57:16.234 29070 29082 I art     : Starting a blocking GC Explicit
08-05 19:57:16.309 29070 29082 I art     : Explicit concurrent mark sweep GC freed 1584(88KB) AllocSpace objects, 1(20KB) LOS objects, 28% free, 40MB/56MB, paused 2.555ms total 75.095ms
08-05 19:57:16.334 29070 29082 I art     : Starting a blocking GC Explicit
08-05 19:57:16.398 29070 29082 I art     : Explicit concurrent mark sweep GC freed 105(6KB) AllocSpace objects, 0(0B) LOS objects, 28% free, 40MB/56MB, paused 2.590ms total 63.971ms
08-05 19:57:16.411  2695  2695 I ServiceManager: Waiting for service AtCmdFwd...
08-05 19:57:16.419 29070 29082 I art     : Starting a blocking GC Explicit
08-05 19:57:16.486 29070 29082 I art     : Explicit concurrent mark sweep GC freed 18(576B) AllocSpace objects, 0(0B) LOS objects, 28% free, 40MB/56MB, paused 2.479ms total 66.471ms
08-05 19:57:16.509 29070 29082 I art     : Starting a blocking GC Explicit
08-05 19:57:16.574 29070 29082 I art     : Explicit concurrent mark sweep GC freed 9(288B) AllocSpace objects, 0(0B) LOS objects, 28% free, 40MB/56MB, paused 2.377ms total 64.692ms
08-05 19:57:16.574 29070 29080 I art     : WaitForGcToComplete blocked for 56.301ms for cause HeapTrim
08-05 19:57:16.594 29070 29082 I art     : Starting a blocking GC Explicit
08-05 19:57:16.657 29070 29082 I art     : Explicit concurrent mark sweep GC freed 9(288B) AllocSpace objects, 0(0B) LOS objects, 28% free, 40MB/56MB, paused 2.337ms total 62.718ms
08-05 19:57:16.751 29070  3081 E baseline.com.newsblur.network.APIResponse: Error (unexpected end of stream on https://www.newsblur.com/...) calling https://www.newsblur.com/reader/mark_story_hashes_as_read/
08-05 19:57:16.751 29070  3081 E baseline.com.newsblur.network.APIResponse: java.io.IOException: unexpected end of stream on https://www.newsblur.com/...
08-05 19:57:16.751 29070  3081 E baseline.com.newsblur.network.APIResponse: 	at okhttp3.internal.http1.Http1ExchangeCodec.readResponseHeaders(Http1ExchangeCodec.java:236)
08-05 19:57:16.751 29070  3081 E baseline.com.newsblur.network.APIResponse: 	at okhttp3.internal.connection.Exchange.readResponseHeaders(Exchange.java:115)
08-05 19:57:16.751 29070  3081 E baseline.com.newsblur.network.APIResponse: 	at okhttp3.internal.http.CallServerInterceptor.intercept(CallServerInterceptor.java:94)
08-05 19:57:16.751 29070  3081 E baseline.com.newsblur.network.APIResponse: 	at okhttp3.internal.http.RealInterceptorChain.proceed(RealInterceptorChain.java:142)
08-05 19:57:16.751 29070  3081 E baseline.com.newsblur.network.APIResponse: 	at okhttp3.internal.connection.ConnectInterceptor.intercept(ConnectInterceptor.java:43)
08-05 19:57:16.751 29070  3081 E baseline.com.newsblur.network.APIResponse: 	at okhttp3.internal.http.RealInterceptorChain.proceed(RealInterceptorChain.java:142)
08-05 19:57:16.751 29070  3081 E baseline.com.newsblur.network.APIResponse: 	at okhttp3.internal.http.RealInterceptorChain.proceed(RealInterceptorChain.java:117)
08-05 19:57:16.751 29070  3081 E baseline.com.newsblur.network.APIResponse: 	at okhttp3.internal.cache.CacheInterceptor.intercept(CacheInterceptor.java:94)
08-05 19:57:16.751 29070  3081 E baseline.com.newsblur.network.APIResponse: 	at okhttp3.internal.http.RealInterceptorChain.proceed(RealInterceptorChain.java:142)
08-05 19:57:16.751 29070  3081 E baseline.com.newsblur.network.APIResponse: 	at okhttp3.internal.http.RealInterceptorChain.proceed(RealInterceptorChain.java:117)
08-05 19:57:16.751 29070  3081 E baseline.com.newsblur.network.APIResponse: 	at okhttp3.internal.http.BridgeInterceptor.intercept(BridgeInterceptor.java:93)
08-05 19:57:16.751 29070  3081 E baseline.com.newsblur.network.APIResponse: 	at okhttp3.internal.http.RealInterceptorChain.proceed(RealInterceptorChain.java:142)
08-05 19:57:16.751 29070  3081 E baseline.com.newsblur.network.APIResponse: 	at okhttp3.internal.http.RetryAndFollowUpInterceptor.intercept(RetryAndFollowUpInterceptor.java:88)
08-05 19:57:16.751 29070  3081 E baseline.com.newsblur.network.APIResponse: 	at okhttp3.internal.http.RealInterceptorChain.proceed(RealInterceptorChain.java:142)
08-05 19:57:16.751 29070  3081 E baseline.com.newsblur.network.APIResponse: 	at okhttp3.internal.http.RealInterceptorChain.proceed(RealInterceptorChain.java:117)
08-05 19:57:16.751 29070  3081 E baseline.com.newsblur.network.APIResponse: 	at okhttp3.RealCall.getResponseWithInterceptorChain(RealCall.java:229)
08-05 19:57:16.751 29070  3081 E baseline.com.newsblur.network.APIResponse: 	at okhttp3.RealCall.execute(RealCall.java:81)
08-05 19:57:16.751 29070  3081 E baseline.com.newsblur.network.APIResponse: 	at baseline.com.newsblur.network.APIResponse.<init>(APIResponse.java:57)
08-05 19:57:16.751 29070  3081 E baseline.com.newsblur.network.APIResponse: 	at baseline.com.newsblur.network.APIResponse.<init>(APIResponse.java:43)
08-05 19:57:16.751 29070  3081 E baseline.com.newsblur.network.APIResponse: 	at baseline.com.newsblur.network.APIManager.post_single(APIManager.java:702)
08-05 19:57:16.751 29070  3081 E baseline.com.newsblur.network.APIResponse: 	at baseline.com.newsblur.network.APIManager.post(APIManager.java:675)
08-05 19:57:16.751 29070  3081 E baseline.com.newsblur.network.APIResponse: 	at baseline.com.newsblur.network.APIManager.post(APIManager.java:714)
08-05 19:57:16.751 29070  3081 E baseline.com.newsblur.network.APIResponse: 	at baseline.com.newsblur.network.APIManager.markStoryAsRead(APIManager.java:205)
08-05 19:57:16.751 29070  3081 E baseline.com.newsblur.network.APIResponse: 	at baseline.com.newsblur.util.ReadingAction.doRemote(ReadingAction.java:281)
08-05 19:57:16.751 29070  3081 E baseline.com.newsblur.network.APIResponse: 	at baseline.com.newsblur.service.NBSyncService.syncActions(NBSyncService.java:400)
08-05 19:57:16.751 29070  3081 E baseline.com.newsblur.network.APIResponse: 	at baseline.com.newsblur.service.NBSyncService.doSync(NBSyncService.java:298)
08-05 19:57:16.751 29070  3081 E baseline.com.newsblur.network.APIResponse: 	at baseline.com.newsblur.service.NBSyncService.access$100(NBSyncService.java:67)
08-05 19:57:16.751 29070  3081 E baseline.com.newsblur.network.APIResponse: 	at baseline.com.newsblur.service.NBSyncService$1.run(NBSyncService.java:188)
08-05 19:57:16.751 29070  3081 E baseline.com.newsblur.network.APIResponse: 	at java.util.concurrent.ThreadPoolExecutor.runWorker(ThreadPoolExecutor.java:1113)
08-05 19:57:16.751 29070  3081 E baseline.com.newsblur.network.APIResponse: 	at java.util.concurrent.ThreadPoolExecutor$Worker.run(ThreadPoolExecutor.java:588)
08-05 19:57:16.751 29070  3081 E baseline.com.newsblur.network.APIResponse: 	at java.lang.Thread.run(Thread.java:818)
08-05 19:57:16.751 29070  3081 E baseline.com.newsblur.network.APIResponse: Caused by: java.io.EOFException: \n not found: limit=0 content=
08-05 19:57:16.751 29070  3081 E baseline.com.newsblur.network.APIResponse: 	at okio.RealBufferedSource.readUtf8LineStrict(RealBufferedSource.java:240)
08-05 19:57:16.751 29070  3081 E baseline.com.newsblur.network.APIResponse: 	at okhttp3.internal.http1.Http1ExchangeCodec.readHeaderLine(Http1ExchangeCodec.java:242)
08-05 19:57:16.751 29070  3081 E baseline.com.newsblur.network.APIResponse: 	at okhttp3.internal.http1.Http1ExchangeCodec.readResponseHeaders(Http1ExchangeCodec.java:213)
08-05 19:57:16.751 29070  3081 E baseline.com.newsblur.network.APIResponse: 	... 30 more
08-05 19:57:16.752 29070  3081 I baseline.com.newsblur.service.NBSyncService: Holding reading action with server-side or network error.
08-05 19:57:16.762 29070  3081 W baseline.com.newsblur.service.NBSyncService: hard API failure
08-05 19:57:16.772 29070  3081 I baseline.com.newsblur.service.NBSyncService: recounting dirty feed sets: 1
08-05 19:57:17.037 29070  2197 I art     : Starting a blocking GC Explicit
08-05 19:57:17.103 29070  2197 I art     : Explicit concurrent mark sweep GC freed 4831(434KB) AllocSpace objects, 5(100KB) LOS objects, 28% free, 40MB/56MB, paused 2.385ms total 65.320ms
08-05 19:57:17.128 29070  2197 I art     : Starting a blocking GC Explicit
08-05 19:57:17.166 29070  3081 E baseline.com.newsblur.network.APIResponse: Error (unexpected end of stream on https://www.newsblur.com/...) calling https://www.newsblur.com/reader/feed_unread_count?feed_id=0
08-05 19:57:17.166 29070  3081 E baseline.com.newsblur.network.APIResponse: java.io.IOException: unexpected end of stream on https://www.newsblur.com/...
08-05 19:57:17.166 29070  3081 E baseline.com.newsblur.network.APIResponse: 	at okhttp3.internal.http1.Http1ExchangeCodec.readResponseHeaders(Http1ExchangeCodec.java:236)
08-05 19:57:17.166 29070  3081 E baseline.com.newsblur.network.APIResponse: 	at okhttp3.internal.connection.Exchange.readResponseHeaders(Exchange.java:115)
08-05 19:57:17.166 29070  3081 E baseline.com.newsblur.network.APIResponse: 	at okhttp3.internal.http.CallServerInterceptor.intercept(CallServerInterceptor.java:94)
08-05 19:57:17.166 29070  3081 E baseline.com.newsblur.network.APIResponse: 	at okhttp3.internal.http.RealInterceptorChain.proceed(RealInterceptorChain.java:142)
08-05 19:57:17.166 29070  3081 E baseline.com.newsblur.network.APIResponse: 	at okhttp3.internal.connection.ConnectInterceptor.intercept(ConnectInterceptor.java:43)
08-05 19:57:17.166 29070  3081 E baseline.com.newsblur.network.APIResponse: 	at okhttp3.internal.http.RealInterceptorChain.proceed(RealInterceptorChain.java:142)
08-05 19:57:17.166 29070  3081 E baseline.com.newsblur.network.APIResponse: 	at okhttp3.internal.http.RealInterceptorChain.proceed(RealInterceptorChain.java:117)
08-05 19:57:17.166 29070  3081 E baseline.com.newsblur.network.APIResponse: 	at okhttp3.internal.cache.CacheInterceptor.intercept(CacheInterceptor.java:94)
08-05 19:57:17.166 29070  3081 E baseline.com.newsblur.network.APIResponse: 	at okhttp3.internal.http.RealInterceptorChain.proceed(RealInterceptorChain.java:142)
08-05 19:57:17.166 29070  3081 E baseline.com.newsblur.network.APIResponse: 	at okhttp3.internal.http.RealInterceptorChain.proceed(RealInterceptorChain.java:117)
08-05 19:57:17.166 29070  3081 E baseline.com.newsblur.network.APIResponse: 	at okhttp3.internal.http.BridgeInterceptor.intercept(BridgeInterceptor.java:93)
08-05 19:57:17.166 29070  3081 E baseline.com.newsblur.network.APIResponse: 	at okhttp3.internal.http.RealInterceptorChain.proceed(RealInterceptorChain.java:142)
08-05 19:57:17.166 29070  3081 E baseline.com.newsblur.network.APIResponse: 	at okhttp3.internal.http.RetryAndFollowUpInterceptor.intercept(RetryAndFollowUpInterceptor.java:88)
08-05 19:57:17.166 29070  3081 E baseline.com.newsblur.network.APIResponse: 	at okhttp3.internal.http.RealInterceptorChain.proceed(RealInterceptorChain.java:142)
08-05 19:57:17.166 29070  3081 E baseline.com.newsblur.network.APIResponse: 	at okhttp3.internal.http.RealInterceptorChain.proceed(RealInterceptorChain.java:117)
08-05 19:57:17.166 29070  3081 E baseline.com.newsblur.network.APIResponse: 	at okhttp3.RealCall.getResponseWithInterceptorChain(RealCall.java:229)
08-05 19:57:17.166 29070  3081 E baseline.com.newsblur.network.APIResponse: 	at okhttp3.RealCall.execute(RealCall.java:81)
08-05 19:57:17.166 29070  3081 E baseline.com.newsblur.network.APIResponse: 	at baseline.com.newsblur.network.APIResponse.<init>(APIResponse.java:57)
08-05 19:57:17.166 29070  3081 E baseline.com.newsblur.network.APIResponse: 	at baseline.com.newsblur.network.APIManager.get_single(APIManager.java:639)
08-05 19:57:17.166 29070  3081 E baseline.com.newsblur.network.APIResponse: 	at baseline.com.newsblur.network.APIManager.get(APIManager.java:625)
08-05 19:57:17.166 29070  3081 E baseline.com.newsblur.network.APIResponse: 	at baseline.com.newsblur.network.APIManager.get(APIManager.java:667)
08-05 19:57:17.166 29070  3081 E baseline.com.newsblur.network.APIResponse: 	at baseline.com.newsblur.network.APIManager.getFeedUnreadCounts(APIManager.java:274)
08-05 19:57:17.166 29070  3081 E baseline.com.newsblur.network.APIResponse: 	at baseline.com.newsblur.service.NBSyncService.checkRecounts(NBSyncService.java:660)
08-05 19:57:17.166 29070  3081 E baseline.com.newsblur.network.APIResponse: 	at baseline.com.newsblur.service.NBSyncService.doSync(NBSyncService.java:310)
08-05 19:57:17.166 29070  3081 E baseline.com.newsblur.network.APIResponse: 	at baseline.com.newsblur.service.NBSyncService.access$100(NBSyncService.java:67)
08-05 19:57:17.166 29070  3081 E baseline.com.newsblur.network.APIResponse: 	at baseline.com.newsblur.service.NBSyncService$1.run(NBSyncService.java:188)
08-05 19:57:17.166 29070  3081 E baseline.com.newsblur.network.APIResponse: 	at java.util.concurrent.ThreadPoolExecutor.runWorker(ThreadPoolExecutor.java:1113)
08-05 19:57:17.166 29070  3081 E baseline.com.newsblur.network.APIResponse: 	at java.util.concurrent.ThreadPoolExecutor$Worker.run(ThreadPoolExecutor.java:588)
08-05 19:57:17.166 29070  3081 E baseline.com.newsblur.network.APIResponse: 	at java.lang.Thread.run(Thread.java:818)
08-05 19:57:17.166 29070  3081 E baseline.com.newsblur.network.APIResponse: Caused by: java.io.EOFException: \n not found: limit=0 content=
08-05 19:57:17.166 29070  3081 E baseline.com.newsblur.network.APIResponse: 	at okio.RealBufferedSource.readUtf8LineStrict(RealBufferedSource.java:240)
08-05 19:57:17.166 29070  3081 E baseline.com.newsblur.network.APIResponse: 	at okhttp3.internal.http1.Http1ExchangeCodec.readHeaderLine(Http1ExchangeCodec.java:242)
08-05 19:57:17.166 29070  3081 E baseline.com.newsblur.network.APIResponse: 	at okhttp3.internal.http1.Http1ExchangeCodec.readResponseHeaders(Http1ExchangeCodec.java:213)
08-05 19:57:17.166 29070  3081 E baseline.com.newsblur.network.APIResponse: 	... 28 more
08-05 19:57:17.167 29070  3081 I baseline.com.newsblur.network.APIManager: API call failed, pausing before retry number 1
08-05 19:57:17.191 29070  2197 I art     : Explicit concurrent mark sweep GC freed 2711(269KB) AllocSpace objects, 2(40KB) LOS objects, 28% free, 40MB/56MB, paused 2.466ms total 61.942ms
08-05 19:57:17.211 29070  2197 I art     : Starting a blocking GC Explicit
08-05 19:57:17.272 29070  2197 I art     : Explicit concurrent mark sweep GC freed 161(17KB) AllocSpace objects, 0(0B) LOS objects, 28% free, 40MB/56MB, paused 2.323ms total 60.496ms
08-05 19:57:17.292 29070  2197 I art     : Starting a blocking GC Explicit
08-05 19:57:17.354 29070  2197 I art     : Explicit concurrent mark sweep GC freed 33(1136B) AllocSpace objects, 0(0B) LOS objects, 28% free, 40MB/56MB, paused 2.267ms total 61.615ms
08-05 19:57:17.374 29070  2197 I art     : Starting a blocking GC Explicit
08-05 19:57:17.411  2695  2695 I ServiceManager: Waiting for service AtCmdFwd...
08-05 19:57:17.436 29070  2197 I art     : Explicit concurrent mark sweep GC freed 7(224B) AllocSpace objects, 0(0B) LOS objects, 28% free, 40MB/56MB, paused 2.335ms total 61.935ms
08-05 19:57:17.847 29070 29081 I art     : Starting a blocking GC Explicit
08-05 19:57:17.912 29070 29081 I art     : Explicit concurrent mark sweep GC freed 1475(84KB) AllocSpace objects, 1(20KB) LOS objects, 28% free, 40MB/56MB, paused 2.252ms total 64.360ms
08-05 19:57:17.933 29070 29081 I art     : Starting a blocking GC Explicit
08-05 19:57:17.995 29070 29081 I art     : Explicit concurrent mark sweep GC freed 27(944B) AllocSpace objects, 0(0B) LOS objects, 28% free, 40MB/56MB, paused 2.108ms total 61.515ms
08-05 19:57:18.014 29070 29081 I art     : Starting a blocking GC Explicit
08-05 19:57:18.072 13866 13882 I PeriodicStatsRunner: PeriodicStatsRunner.call():175 call()
08-05 19:57:18.072 13866 13882 I PeriodicStatsRunner: PeriodicStatsRunner.call():179 No submit PeriodicStats since input started.
08-05 19:57:18.076 29070 29081 I art     : Explicit concurrent mark sweep GC freed 8(256B) AllocSpace objects, 0(0B) LOS objects, 28% free, 40MB/56MB, paused 2.262ms total 61.420ms
08-05 19:57:18.096 29070 29081 I art     : Starting a blocking GC Explicit
08-05 19:57:18.158 29070 29081 I art     : Explicit concurrent mark sweep GC freed 8(256B) AllocSpace objects, 0(0B) LOS objects, 28% free, 40MB/56MB, paused 2.357ms total 61.621ms
08-05 19:57:18.179 29070 29081 I art     : Starting a blocking GC Explicit
08-05 19:57:18.241 29070 29081 I art     : Explicit concurrent mark sweep GC freed 8(256B) AllocSpace objects, 0(0B) LOS objects, 28% free, 40MB/56MB, paused 2.294ms total 62.051ms
08-05 19:57:18.412  2695  2695 I ServiceManager: Waiting for service AtCmdFwd...
08-05 19:57:18.662 29070  2197 I art     : Starting a blocking GC Explicit
08-05 19:57:18.727 29070  2197 I art     : Explicit concurrent mark sweep GC freed 1567(87KB) AllocSpace objects, 1(20KB) LOS objects, 28% free, 40MB/56MB, paused 2.379ms total 64.168ms
08-05 19:57:18.747 29070  2197 I art     : Starting a blocking GC Explicit
08-05 19:57:18.808 29070  2197 I art     : Explicit concurrent mark sweep GC freed 98(5KB) AllocSpace objects, 0(0B) LOS objects, 28% free, 40MB/56MB, paused 2.341ms total 60.959ms
08-05 19:57:18.828 29070  2197 I art     : Starting a blocking GC Explicit
08-05 19:57:18.891 29070  2197 I art     : Explicit concurrent mark sweep GC freed 17(1568B) AllocSpace objects, 0(0B) LOS objects, 28% free, 40MB/56MB, paused 2.418ms total 62.628ms
08-05 19:57:18.912 29070  2197 I art     : Starting a blocking GC Explicit
08-05 19:57:18.975 29070  2197 I art     : Explicit concurrent mark sweep GC freed 8(256B) AllocSpace objects, 0(0B) LOS objects, 28% free, 40MB/56MB, paused 2.495ms total 62.542ms
08-05 19:57:18.995 29070  2197 I art     : Starting a blocking GC Explicit
08-05 19:57:19.058 29070  2197 I art     : Explicit concurrent mark sweep GC freed 8(256B) AllocSpace objects, 0(0B) LOS objects, 28% free, 40MB/56MB, paused 2.523ms total 62.840ms
08-05 19:57:19.123   518   646 I ThermalEngine: ACTION: GPU - Setting GPU[0] to 450000000
08-05 19:57:19.217 29070  3081 E baseline.com.newsblur.network.APIResponse: Error (unexpected end of stream on https://www.newsblur.com/...) calling https://www.newsblur.com/reader/feed_unread_count?feed_id=0
08-05 19:57:19.217 29070  3081 E baseline.com.newsblur.network.APIResponse: java.io.IOException: unexpected end of stream on https://www.newsblur.com/...
08-05 19:57:19.217 29070  3081 E baseline.com.newsblur.network.APIResponse: 	at okhttp3.internal.http1.Http1ExchangeCodec.readResponseHeaders(Http1ExchangeCodec.java:236)
08-05 19:57:19.217 29070  3081 E baseline.com.newsblur.network.APIResponse: 	at okhttp3.internal.connection.Exchange.readResponseHeaders(Exchange.java:115)
08-05 19:57:19.217 29070  3081 E baseline.com.newsblur.network.APIResponse: 	at okhttp3.internal.http.CallServerInterceptor.intercept(CallServerInterceptor.java:94)
08-05 19:57:19.217 29070  3081 E baseline.com.newsblur.network.APIResponse: 	at okhttp3.internal.http.RealInterceptorChain.proceed(RealInterceptorChain.java:142)
08-05 19:57:19.217 29070  3081 E baseline.com.newsblur.network.APIResponse: 	at okhttp3.internal.connection.ConnectInterceptor.intercept(ConnectInterceptor.java:43)
08-05 19:57:19.217 29070  3081 E baseline.com.newsblur.network.APIResponse: 	at okhttp3.internal.http.RealInterceptorChain.proceed(RealInterceptorChain.java:142)
08-05 19:57:19.217 29070  3081 E baseline.com.newsblur.network.APIResponse: 	at okhttp3.internal.http.RealInterceptorChain.proceed(RealInterceptorChain.java:117)
08-05 19:57:19.217 29070  3081 E baseline.com.newsblur.network.APIResponse: 	at okhttp3.internal.cache.CacheInterceptor.intercept(CacheInterceptor.java:94)
08-05 19:57:19.217 29070  3081 E baseline.com.newsblur.network.APIResponse: 	at okhttp3.internal.http.RealInterceptorChain.proceed(RealInterceptorChain.java:142)
08-05 19:57:19.217 29070  3081 E baseline.com.newsblur.network.APIResponse: 	at okhttp3.internal.http.RealInterceptorChain.proceed(RealInterceptorChain.java:117)
08-05 19:57:19.217 29070  3081 E baseline.com.newsblur.network.APIResponse: 	at okhttp3.internal.http.BridgeInterceptor.intercept(BridgeInterceptor.java:93)
08-05 19:57:19.217 29070  3081 E baseline.com.newsblur.network.APIResponse: 	at okhttp3.internal.http.RealInterceptorChain.proceed(RealInterceptorChain.java:142)
08-05 19:57:19.217 29070  3081 E baseline.com.newsblur.network.APIResponse: 	at okhttp3.internal.http.RetryAndFollowUpInterceptor.intercept(RetryAndFollowUpInterceptor.java:88)
08-05 19:57:19.217 29070  3081 E baseline.com.newsblur.network.APIResponse: 	at okhttp3.internal.http.RealInterceptorChain.proceed(RealInterceptorChain.java:142)
08-05 19:57:19.217 29070  3081 E baseline.com.newsblur.network.APIResponse: 	at okhttp3.internal.http.RealInterceptorChain.proceed(RealInterceptorChain.java:117)
08-05 19:57:19.217 29070  3081 E baseline.com.newsblur.network.APIResponse: 	at okhttp3.RealCall.getResponseWithInterceptorChain(RealCall.java:229)
08-05 19:57:19.217 29070  3081 E baseline.com.newsblur.network.APIResponse: 	at okhttp3.RealCall.execute(RealCall.java:81)
08-05 19:57:19.217 29070  3081 E baseline.com.newsblur.network.APIResponse: 	at baseline.com.newsblur.network.APIResponse.<init>(APIResponse.java:57)
08-05 19:57:19.217 29070  3081 E baseline.com.newsblur.network.APIResponse: 	at baseline.com.newsblur.network.APIManager.get_single(APIManager.java:639)
08-05 19:57:19.217 29070  3081 E baseline.com.newsblur.network.APIResponse: 	at baseline.com.newsblur.network.APIManager.get(APIManager.java:625)
08-05 19:57:19.217 29070  3081 E baseline.com.newsblur.network.APIResponse: 	at baseline.com.newsblur.network.APIManager.get(APIManager.java:667)
08-05 19:57:19.217 29070  3081 E baseline.com.newsblur.network.APIResponse: 	at baseline.com.newsblur.network.APIManager.getFeedUnreadCounts(APIManager.java:274)
08-05 19:57:19.217 29070  3081 E baseline.com.newsblur.network.APIResponse: 	at baseline.com.newsblur.service.NBSyncService.checkRecounts(NBSyncService.java:660)
08-05 19:57:19.217 29070  3081 E baseline.com.newsblur.network.APIResponse: 	at baseline.com.newsblur.service.NBSyncService.doSync(NBSyncService.java:310)
08-05 19:57:19.217 29070  3081 E baseline.com.newsblur.network.APIResponse: 	at baseline.com.newsblur.service.NBSyncService.access$100(NBSyncService.java:67)
08-05 19:57:19.217 29070  3081 E baseline.com.newsblur.network.APIResponse: 	at baseline.com.newsblur.service.NBSyncService$1.run(NBSyncService.java:188)
08-05 19:57:19.217 29070  3081 E baseline.com.newsblur.network.APIResponse: 	at java.util.concurrent.ThreadPoolExecutor.runWorker(ThreadPoolExecutor.java:1113)
08-05 19:57:19.217 29070  3081 E baseline.com.newsblur.network.APIResponse: 	at java.util.concurrent.ThreadPoolExecutor$Worker.run(ThreadPoolExecutor.java:588)
08-05 19:57:19.217 29070  3081 E baseline.com.newsblur.network.APIResponse: 	at java.lang.Thread.run(Thread.java:818)
08-05 19:57:19.217 29070  3081 E baseline.com.newsblur.network.APIResponse: Caused by: java.io.EOFException: \n not found: limit=0 content=
08-05 19:57:19.217 29070  3081 E baseline.com.newsblur.network.APIResponse: 	at okio.RealBufferedSource.readUtf8LineStrict(RealBufferedSource.java:240)
08-05 19:57:19.217 29070  3081 E baseline.com.newsblur.network.APIResponse: 	at okhttp3.internal.http1.Http1ExchangeCodec.readHeaderLine(Http1ExchangeCodec.java:242)
08-05 19:57:19.217 29070  3081 E baseline.com.newsblur.network.APIResponse: 	at okhttp3.internal.http1.Http1ExchangeCodec.readResponseHeaders(Http1ExchangeCodec.java:213)
08-05 19:57:19.217 29070  3081 E baseline.com.newsblur.network.APIResponse: 	... 28 more
08-05 19:57:19.220 29070  3081 I baseline.com.newsblur.network.APIManager: API call failed, pausing before retry number 2
08-05 19:57:19.408 29070 29082 I art     : Starting a blocking GC Explicit
08-05 19:57:19.412  2695  2695 I ServiceManager: Waiting for service AtCmdFwd...
08-05 19:57:19.461 29070 29082 I art     : Explicit concurrent mark sweep GC freed 3960(356KB) AllocSpace objects, 3(60KB) LOS objects, 28% free, 40MB/56MB, paused 1.363ms total 52.666ms
08-05 19:57:19.475 29070 29082 I art     : Starting a blocking GC Explicit
08-05 19:57:19.527 29070 29082 I art     : Explicit concurrent mark sweep GC freed 124(4KB) AllocSpace objects, 0(0B) LOS objects, 28% free, 40MB/56MB, paused 1.409ms total 51.145ms
08-05 19:57:19.541 29070 29082 I art     : Starting a blocking GC Explicit
08-05 19:57:19.590 29070 29082 I art     : Explicit concurrent mark sweep GC freed 6(192B) AllocSpace objects, 0(0B) LOS objects, 28% free, 40MB/56MB, paused 1.541ms total 49.363ms
08-05 19:57:19.604 29070 29082 I art     : Starting a blocking GC Explicit
08-05 19:57:19.655 29070 29082 I art     : Explicit concurrent mark sweep GC freed 8(256B) AllocSpace objects, 0(0B) LOS objects, 28% free, 40MB/56MB, paused 1.375ms total 51.232ms
08-05 19:57:19.669 29070 29082 I art     : Starting a blocking GC Explicit
08-05 19:57:19.722 29070 29082 I art     : Explicit concurrent mark sweep GC freed 6(192B) AllocSpace objects, 0(0B) LOS objects, 28% free, 40MB/56MB, paused 1.340ms total 52.791ms
08-05 19:57:20.087 13866 13882 I PeriodicStatsRunner: PeriodicStatsRunner.call():175 call()
08-05 19:57:20.088 13866 13882 I PeriodicStatsRunner: PeriodicStatsRunner.call():179 No submit PeriodicStats since input started.
08-05 19:57:20.118 29070  2197 I art     : Starting a blocking GC Explicit
08-05 19:57:20.172 29070  2197 I art     : Explicit concurrent mark sweep GC freed 1473(84KB) AllocSpace objects, 1(20KB) LOS objects, 28% free, 40MB/56MB, paused 1.405ms total 53.715ms
08-05 19:57:20.186 29070  2197 I art     : Starting a blocking GC Explicit
08-05 19:57:20.239 29070  2197 I art     : Explicit concurrent mark sweep GC freed 26(912B) AllocSpace objects, 0(0B) LOS objects, 28% free, 40MB/56MB, paused 1.436ms total 52.378ms
08-05 19:57:20.253 29070  2197 I art     : Starting a blocking GC Explicit
08-05 19:57:20.305 29070  2197 I art     : Explicit concurrent mark sweep GC freed 6(192B) AllocSpace objects, 0(0B) LOS objects, 28% free, 40MB/56MB, paused 1.504ms total 51.895ms
08-05 19:57:20.319 29070  2197 I art     : Starting a blocking GC Explicit
08-05 19:57:20.370 29070  2197 I art     : Explicit concurrent mark sweep GC freed 7(224B) AllocSpace objects, 0(0B) LOS objects, 28% free, 40MB/56MB, paused 1.368ms total 51.025ms
08-05 19:57:20.384 29070  2197 I art     : Starting a blocking GC Explicit
08-05 19:57:20.413  2695  2695 W Atfwd_Sendcmd: AtCmdFwd service not published, waiting... retryCnt : 4
08-05 19:57:20.435 29070  2197 I art     : Explicit concurrent mark sweep GC freed 7(224B) AllocSpace objects, 0(0B) LOS objects, 28% free, 40MB/56MB, paused 1.383ms total 50.985ms
08-05 19:57:20.830 29070 29082 I art     : Starting a blocking GC Explicit
08-05 19:57:20.884 29070 29082 I art     : Explicit concurrent mark sweep GC freed 1471(83KB) AllocSpace objects, 1(20KB) LOS objects, 28% free, 40MB/56MB, paused 1.559ms total 53.391ms
08-05 19:57:20.898 29070 29082 I art     : Starting a blocking GC Explicit
08-05 19:57:20.949 29070 29082 I art     : Explicit concurrent mark sweep GC freed 26(912B) AllocSpace objects, 0(0B) LOS objects, 28% free, 40MB/56MB, paused 1.442ms total 50.710ms
08-05 19:57:20.963 29070 29082 I art     : Starting a blocking GC Explicit
08-05 19:57:21.013 29070 29082 I art     : Explicit concurrent mark sweep GC freed 7(224B) AllocSpace objects, 0(0B) LOS objects, 28% free, 40MB/56MB, paused 1.434ms total 50.060ms
08-05 19:57:21.027 29070 29082 I art     : Starting a blocking GC Explicit
08-05 19:57:21.077 29070 29082 I art     : Explicit concurrent mark sweep GC freed 7(224B) AllocSpace objects, 0(0B) LOS objects, 28% free, 40MB/56MB, paused 1.418ms total 50.570ms
08-05 19:57:21.091 29070 29082 I art     : Starting a blocking GC Explicit
08-05 19:57:21.143 29070 29082 I art     : Explicit concurrent mark sweep GC freed 7(224B) AllocSpace objects, 0(0B) LOS objects, 28% free, 40MB/56MB, paused 1.360ms total 51.422ms
08-05 19:57:21.537 29070  2197 I art     : Starting a blocking GC Explicit
08-05 19:57:21.589 29070  2197 I art     : Explicit concurrent mark sweep GC freed 1471(84KB) AllocSpace objects, 1(20KB) LOS objects, 28% free, 40MB/56MB, paused 1.509ms total 51.559ms
08-05 19:57:21.602 29070  2197 I art     : Starting a blocking GC Explicit
08-05 19:57:21.654 29070  2197 I art     : Explicit concurrent mark sweep GC freed 26(912B) AllocSpace objects, 0(0B) LOS objects, 28% free, 40MB/56MB, paused 1.437ms total 51.368ms
08-05 19:57:21.667 29070  2197 I art     : Starting a blocking GC Explicit
08-05 19:57:21.717 29070  2197 I art     : Explicit concurrent mark sweep GC freed 7(224B) AllocSpace objects, 0(0B) LOS objects, 28% free, 40MB/56MB, paused 1.502ms total 49.504ms
08-05 19:57:21.717 29070 29080 I art     : WaitForGcToComplete blocked for 49.863ms for cause HeapTrim
08-05 19:57:21.730 29070  2197 I art     : Starting a blocking GC Explicit
08-05 19:57:21.782 29070  2197 I art     : Explicit concurrent mark sweep GC freed 7(224B) AllocSpace objects, 0(0B) LOS objects, 28% free, 40MB/56MB, paused 1.353ms total 51.022ms
08-05 19:57:21.795 29070  2197 I art     : Starting a blocking GC Explicit
08-05 19:57:21.846 29070  2197 I art     : Explicit concurrent mark sweep GC freed 7(224B) AllocSpace objects, 0(0B) LOS objects, 28% free, 40MB/56MB, paused 1.476ms total 50.142ms
08-05 19:57:22.235 29070  2422 I art     : Starting a blocking GC Explicit
08-05 19:57:22.289 29070  2422 I art     : Explicit concurrent mark sweep GC freed 1562(87KB) AllocSpace objects, 1(20KB) LOS objects, 28% free, 40MB/56MB, paused 1.460ms total 54.002ms
08-05 19:57:22.303 29070  2422 I art     : Starting a blocking GC Explicit
08-05 19:57:22.354 29070  2422 I art     : Explicit concurrent mark sweep GC freed 66(2832B) AllocSpace objects, 0(0B) LOS objects, 28% free, 40MB/56MB, paused 1.617ms total 50.544ms
08-05 19:57:22.368 29070  2422 I art     : Starting a blocking GC Explicit
08-05 19:57:22.419 29070  2422 I art     : Explicit concurrent mark sweep GC freed 47(3KB) AllocSpace objects, 0(0B) LOS objects, 28% free, 40MB/56MB, paused 1.587ms total 51.215ms
08-05 19:57:22.432 29070  2422 I art     : Starting a blocking GC Explicit
08-05 19:57:22.484 29070  2422 I art     : Explicit concurrent mark sweep GC freed 7(224B) AllocSpace objects, 0(0B) LOS objects, 28% free, 40MB/56MB, paused 1.553ms total 51.031ms
08-05 19:57:22.497 29070  2422 I art     : Starting a blocking GC Explicit
08-05 19:57:22.549 29070  2422 I art     : Explicit concurrent mark sweep GC freed 7(224B) AllocSpace objects, 0(0B) LOS objects, 28% free, 40MB/56MB, paused 1.497ms total 51.525ms
08-05 19:57:22.806 29070  3081 E baseline.com.newsblur.network.APIResponse: Error (unexpected end of stream on https://www.newsblur.com/...) calling https://www.newsblur.com/reader/feed_unread_count?feed_id=0
08-05 19:57:22.806 29070  3081 E baseline.com.newsblur.network.APIResponse: java.io.IOException: unexpected end of stream on https://www.newsblur.com/...
08-05 19:57:22.806 29070  3081 E baseline.com.newsblur.network.APIResponse: 	at okhttp3.internal.http1.Http1ExchangeCodec.readResponseHeaders(Http1ExchangeCodec.java:236)
08-05 19:57:22.806 29070  3081 E baseline.com.newsblur.network.APIResponse: 	at okhttp3.internal.connection.Exchange.readResponseHeaders(Exchange.java:115)
08-05 19:57:22.806 29070  3081 E baseline.com.newsblur.network.APIResponse: 	at okhttp3.internal.http.CallServerInterceptor.intercept(CallServerInterceptor.java:94)
08-05 19:57:22.806 29070  3081 E baseline.com.newsblur.network.APIResponse: 	at okhttp3.internal.http.RealInterceptorChain.proceed(RealInterceptorChain.java:142)
08-05 19:57:22.806 29070  3081 E baseline.com.newsblur.network.APIResponse: 	at okhttp3.internal.connection.ConnectInterceptor.intercept(ConnectInterceptor.java:43)
08-05 19:57:22.806 29070  3081 E baseline.com.newsblur.network.APIResponse: 	at okhttp3.internal.http.RealInterceptorChain.proceed(RealInterceptorChain.java:142)
08-05 19:57:22.806 29070  3081 E baseline.com.newsblur.network.APIResponse: 	at okhttp3.internal.http.RealInterceptorChain.proceed(RealInterceptorChain.java:117)
08-05 19:57:22.806 29070  3081 E baseline.com.newsblur.network.APIResponse: 	at okhttp3.internal.cache.CacheInterceptor.intercept(CacheInterceptor.java:94)
08-05 19:57:22.806 29070  3081 E baseline.com.newsblur.network.APIResponse: 	at okhttp3.internal.http.RealInterceptorChain.proceed(RealInterceptorChain.java:142)
08-05 19:57:22.806 29070  3081 E baseline.com.newsblur.network.APIResponse: 	at okhttp3.internal.http.RealInterceptorChain.proceed(RealInterceptorChain.java:117)
08-05 19:57:22.806 29070  3081 E baseline.com.newsblur.network.APIResponse: 	at okhttp3.internal.http.BridgeInterceptor.intercept(BridgeInterceptor.java:93)
08-05 19:57:22.806 29070  3081 E baseline.com.newsblur.network.APIResponse: 	at okhttp3.internal.http.RealInterceptorChain.proceed(RealInterceptorChain.java:142)
08-05 19:57:22.806 29070  3081 E baseline.com.newsblur.network.APIResponse: 	at okhttp3.internal.http.RetryAndFollowUpInterceptor.intercept(RetryAndFollowUpInterceptor.java:88)
08-05 19:57:22.806 29070  3081 E baseline.com.newsblur.network.APIResponse: 	at okhttp3.internal.http.RealInterceptorChain.proceed(RealInterceptorChain.java:142)
08-05 19:57:22.806 29070  3081 E baseline.com.newsblur.network.APIResponse: 	at okhttp3.internal.http.RealInterceptorChain.proceed(RealInterceptorChain.java:117)
08-05 19:57:22.806 29070  3081 E baseline.com.newsblur.network.APIResponse: 	at okhttp3.RealCall.getResponseWithInterceptorChain(RealCall.java:229)
08-05 19:57:22.806 29070  3081 E baseline.com.newsblur.network.APIResponse: 	at okhttp3.RealCall.execute(RealCall.java:81)
08-05 19:57:22.806 29070  3081 E baseline.com.newsblur.network.APIResponse: 	at baseline.com.newsblur.network.APIResponse.<init>(APIResponse.java:57)
08-05 19:57:22.806 29070  3081 E baseline.com.newsblur.network.APIResponse: 	at baseline.com.newsblur.network.APIManager.get_single(APIManager.java:639)
08-05 19:57:22.806 29070  3081 E baseline.com.newsblur.network.APIResponse: 	at baseline.com.newsblur.network.APIManager.get(APIManager.java:625)
08-05 19:57:22.806 29070  3081 E baseline.com.newsblur.network.APIResponse: 	at baseline.com.newsblur.network.APIManager.get(APIManager.java:667)
08-05 19:57:22.806 29070  3081 E baseline.com.newsblur.network.APIResponse: 	at baseline.com.newsblur.network.APIManager.getFeedUnreadCounts(APIManager.java:274)
08-05 19:57:22.806 29070  3081 E baseline.com.newsblur.network.APIResponse: 	at baseline.com.newsblur.service.NBSyncService.checkRecounts(NBSyncService.java:660)
08-05 19:57:22.806 29070  3081 E baseline.com.newsblur.network.APIResponse: 	at baseline.com.newsblur.service.NBSyncService.doSync(NBSyncService.java:310)
08-05 19:57:22.806 29070  3081 E baseline.com.newsblur.network.APIResponse: 	at baseline.com.newsblur.service.NBSyncService.access$100(NBSyncService.java:67)
08-05 19:57:22.806 29070  3081 E baseline.com.newsblur.network.APIResponse: 	at baseline.com.newsblur.service.NBSyncService$1.run(NBSyncService.java:188)
08-05 19:57:22.806 29070  3081 E baseline.com.newsblur.network.APIResponse: 	at java.util.concurrent.ThreadPoolExecutor.runWorker(ThreadPoolExecutor.java:1113)
08-05 19:57:22.806 29070  3081 E baseline.com.newsblur.network.APIResponse: 	at java.util.concurrent.ThreadPoolExecutor$Worker.run(ThreadPoolExecutor.java:588)
08-05 19:57:22.806 29070  3081 E baseline.com.newsblur.network.APIResponse: 	at java.lang.Thread.run(Thread.java:818)
08-05 19:57:22.806 29070  3081 E baseline.com.newsblur.network.APIResponse: Caused by: java.io.EOFException: \n not found: limit=0 content=
08-05 19:57:22.806 29070  3081 E baseline.com.newsblur.network.APIResponse: 	at okio.RealBufferedSource.readUtf8LineStrict(RealBufferedSource.java:240)
08-05 19:57:22.806 29070  3081 E baseline.com.newsblur.network.APIResponse: 	at okhttp3.internal.http1.Http1ExchangeCodec.readHeaderLine(Http1ExchangeCodec.java:242)
08-05 19:57:22.806 29070  3081 E baseline.com.newsblur.network.APIResponse: 	at okhttp3.internal.http1.Http1ExchangeCodec.readResponseHeaders(Http1ExchangeCodec.java:213)
08-05 19:57:22.806 29070  3081 E baseline.com.newsblur.network.APIResponse: 	... 28 more
08-05 19:57:22.807 29070  3081 W baseline.com.newsblur.service.NBSyncService: Bad response to feed_unread_count
08-05 19:57:22.940 29070 29082 I art     : Starting a blocking GC Explicit
08-05 19:57:22.996 29070 29082 I art     : Explicit concurrent mark sweep GC freed 4488(423KB) AllocSpace objects, 5(100KB) LOS objects, 28% free, 40MB/56MB, paused 1.410ms total 55.065ms
08-05 19:57:23.010 29070 29082 I art     : Starting a blocking GC Explicit
08-05 19:57:23.062 29070 29082 I art     : Explicit concurrent mark sweep GC freed 201(7KB) AllocSpace objects, 0(0B) LOS objects, 28% free, 40MB/56MB, paused 1.413ms total 51.962ms
08-05 19:57:23.075 29070 29082 I art     : Starting a blocking GC Explicit
08-05 19:57:23.127 29070 29082 I art     : Explicit concurrent mark sweep GC freed 7(224B) AllocSpace objects, 0(0B) LOS objects, 28% free, 40MB/56MB, paused 1.493ms total 51.146ms
08-05 19:57:23.141 29070 29082 I art     : Starting a blocking GC Explicit
08-05 19:57:23.192 29070 29082 I art     : Explicit concurrent mark sweep GC freed 1660(65KB) AllocSpace objects, 0(0B) LOS objects, 28% free, 40MB/56MB, paused 1.608ms total 50.570ms
08-05 19:57:23.205 29070 29082 I art     : Starting a blocking GC Explicit
08-05 19:57:23.225 29070  3081 I NAPPA_EXPERIMENTATION: MetricNetworkRequestExecutionTime: REQUEST_DURATION_SYSTEM='407',REQUEST_DURATION_OKHTTP='41',REQUEST_SYNCHRONOUS='TRUE',RESPONSE_CODE='200',RESPONSE_METHOD='GET',RESPONSE_LENGTH_OKHTTP='-1',RESPONSE_LENGTH_HEADER='-2',REQUEST_PROTOCOL='http/1.1',REQUEST_URL='https://www.newsblur.com/social/river_stories?order=newest&page=1&read_filter=all',
08-05 19:57:23.225 29070  3081 D MY_TAG  : 0, 407
08-05 19:57:23.256 29070 29082 I art     : Explicit concurrent mark sweep GC freed 3503(183KB) AllocSpace objects, 1(20KB) LOS objects, 28% free, 40MB/56MB, paused 1.770ms total 50.546ms
08-05 19:57:23.262 29070 29070 D baseline.com.newsblur.service.NBSyncService: rejecting request for feedset that is exhaused
08-05 19:57:23.634 29070 29082 I art     : Starting a blocking GC Explicit
08-05 19:57:23.691 29070 29082 I art     : Explicit concurrent mark sweep GC freed 4037(273KB) AllocSpace objects, 6(120KB) LOS objects, 28% free, 40MB/56MB, paused 1.633ms total 55.921ms
08-05 19:57:23.705 29070 29082 I art     : Starting a blocking GC Explicit
08-05 19:57:23.737 29070  3081 E baseline.com.newsblur.network.APIResponse: Error (unexpected end of stream on https://www.newsblur.com/...) calling https://www.newsblur.com/reader/mark_story_hashes_as_read/
08-05 19:57:23.737 29070  3081 E baseline.com.newsblur.network.APIResponse: java.io.IOException: unexpected end of stream on https://www.newsblur.com/...
08-05 19:57:23.737 29070  3081 E baseline.com.newsblur.network.APIResponse: 	at okhttp3.internal.http1.Http1ExchangeCodec.readResponseHeaders(Http1ExchangeCodec.java:236)
08-05 19:57:23.737 29070  3081 E baseline.com.newsblur.network.APIResponse: 	at okhttp3.internal.connection.Exchange.readResponseHeaders(Exchange.java:115)
08-05 19:57:23.737 29070  3081 E baseline.com.newsblur.network.APIResponse: 	at okhttp3.internal.http.CallServerInterceptor.intercept(CallServerInterceptor.java:94)
08-05 19:57:23.737 29070  3081 E baseline.com.newsblur.network.APIResponse: 	at okhttp3.internal.http.RealInterceptorChain.proceed(RealInterceptorChain.java:142)
08-05 19:57:23.737 29070  3081 E baseline.com.newsblur.network.APIResponse: 	at okhttp3.internal.connection.ConnectInterceptor.intercept(ConnectInterceptor.java:43)
08-05 19:57:23.737 29070  3081 E baseline.com.newsblur.network.APIResponse: 	at okhttp3.internal.http.RealInterceptorChain.proceed(RealInterceptorChain.java:142)
08-05 19:57:23.737 29070  3081 E baseline.com.newsblur.network.APIResponse: 	at okhttp3.internal.http.RealInterceptorChain.proceed(RealInterceptorChain.java:117)
08-05 19:57:23.737 29070  3081 E baseline.com.newsblur.network.APIResponse: 	at okhttp3.internal.cache.CacheInterceptor.intercept(CacheInterceptor.java:94)
08-05 19:57:23.737 29070  3081 E baseline.com.newsblur.network.APIResponse: 	at okhttp3.internal.http.RealInterceptorChain.proceed(RealInterceptorChain.java:142)
08-05 19:57:23.737 29070  3081 E baseline.com.newsblur.network.APIResponse: 	at okhttp3.internal.http.RealInterceptorChain.proceed(RealInterceptorChain.java:117)
08-05 19:57:23.737 29070  3081 E baseline.com.newsblur.network.APIResponse: 	at okhttp3.internal.http.BridgeInterceptor.intercept(BridgeInterceptor.java:93)
08-05 19:57:23.737 29070  3081 E baseline.com.newsblur.network.APIResponse: 	at okhttp3.internal.http.RealInterceptorChain.proceed(RealInterceptorChain.java:142)
08-05 19:57:23.737 29070  3081 E baseline.com.newsblur.network.APIResponse: 	at okhttp3.internal.http.RetryAndFollowUpInterceptor.intercept(RetryAndFollowUpInterceptor.java:88)
08-05 19:57:23.737 29070  3081 E baseline.com.newsblur.network.APIResponse: 	at okhttp3.internal.http.RealInterceptorChain.proceed(RealInterceptorChain.java:142)
08-05 19:57:23.737 29070  3081 E baseline.com.newsblur.network.APIResponse: 	at okhttp3.internal.http.RealInterceptorChain.proceed(RealInterceptorChain.java:117)
08-05 19:57:23.737 29070  3081 E baseline.com.newsblur.network.APIResponse: 	at okhttp3.RealCall.getResponseWithInterceptorChain(RealCall.java:229)
08-05 19:57:23.737 29070  3081 E baseline.com.newsblur.network.APIResponse: 	at okhttp3.RealCall.execute(RealCall.java:81)
08-05 19:57:23.737 29070  3081 E baseline.com.newsblur.network.APIResponse: 	at baseline.com.newsblur.network.APIResponse.<init>(APIResponse.java:57)
08-05 19:57:23.737 29070  3081 E baseline.com.newsblur.network.APIResponse: 	at baseline.com.newsblur.network.APIResponse.<init>(APIResponse.java:43)
08-05 19:57:23.737 29070  3081 E baseline.com.newsblur.network.APIResponse: 	at baseline.com.newsblur.network.APIManager.post_single(APIManager.java:702)
08-05 19:57:23.737 29070  3081 E baseline.com.newsblur.network.APIResponse: 	at baseline.com.newsblur.network.APIManager.post(APIManager.java:675)
08-05 19:57:23.737 29070  3081 E baseline.com.newsblur.network.APIResponse: 	at baseline.com.newsblur.network.APIManager.post(APIManager.java:714)
08-05 19:57:23.737 29070  3081 E baseline.com.newsblur.network.APIResponse: 	at baseline.com.newsblur.network.APIManager.markStoryAsRead(APIManager.java:205)
08-05 19:57:23.737 29070  3081 E baseline.com.newsblur.network.APIResponse: 	at baseline.com.newsblur.util.ReadingAction.doRemote(ReadingAction.java:281)
08-05 19:57:23.737 29070  3081 E baseline.com.newsblur.network.APIResponse: 	at baseline.com.newsblur.service.NBSyncService.syncActions(NBSyncService.java:400)
08-05 19:57:23.737 29070  3081 E baseline.com.newsblur.network.APIResponse: 	at baseline.com.newsblur.service.NBSyncService.doSync(NBSyncService.java:298)
08-05 19:57:23.737 29070  3081 E baseline.com.newsblur.network.APIResponse: 	at baseline.com.newsblur.service.NBSyncService.access$100(NBSyncService.java:67)
08-05 19:57:23.737 29070  3081 E baseline.com.newsblur.network.APIResponse: 	at baseline.com.newsblur.service.NBSyncService$1.run(NBSyncService.java:188)
08-05 19:57:23.737 29070  3081 E baseline.com.newsblur.network.APIResponse: 	at java.util.concurrent.ThreadPoolExecutor.runWorker(ThreadPoolExecutor.java:1113)
08-05 19:57:23.737 29070  3081 E baseline.com.newsblur.network.APIResponse: 	at java.util.concurrent.ThreadPoolExecutor$Worker.run(ThreadPoolExecutor.java:588)
08-05 19:57:23.737 29070  3081 E baseline.com.newsblur.network.APIResponse: 	at java.lang.Thread.run(Thread.java:818)
08-05 19:57:23.737 29070  3081 E baseline.com.newsblur.network.APIResponse: Caused by: java.io.EOFException: \n not found: limit=0 content=
08-05 19:57:23.737 29070  3081 E baseline.com.newsblur.network.APIResponse: 	at okio.RealBufferedSource.readUtf8LineStrict(RealBufferedSource.java:240)
08-05 19:57:23.737 29070  3081 E baseline.com.newsblur.network.APIResponse: 	at okhttp3.internal.http1.Http1ExchangeCodec.readHeaderLine(Http1ExchangeCodec.java:242)
08-05 19:57:23.737 29070  3081 E baseline.com.newsblur.network.APIResponse: 	at okhttp3.internal.http1.Http1ExchangeCodec.readResponseHeaders(Http1ExchangeCodec.java:213)
08-05 19:57:23.737 29070  3081 E baseline.com.newsblur.network.APIResponse: 	... 30 more
08-05 19:57:23.739 29070  3081 I baseline.com.newsblur.network.APIManager: API call failed, pausing before retry number 1
08-05 19:57:23.761 29070 29082 I art     : Explicit concurrent mark sweep GC freed 1048(207KB) AllocSpace objects, 2(40KB) LOS objects, 28% free, 40MB/56MB, paused 1.622ms total 56.518ms
08-05 19:57:23.775 29070 29082 I art     : Starting a blocking GC Explicit
08-05 19:57:23.830 29070 29082 I art     : Explicit concurrent mark sweep GC freed 113(16KB) AllocSpace objects, 0(0B) LOS objects, 28% free, 40MB/56MB, paused 1.583ms total 54.233ms
08-05 19:57:23.844 29070 29082 I art     : Starting a blocking GC Explicit
08-05 19:57:23.901 29070 29082 I art     : Explicit concurrent mark sweep GC freed 25(832B) AllocSpace objects, 0(0B) LOS objects, 28% free, 40MB/56MB, paused 1.568ms total 56.439ms
08-05 19:57:23.915 29070 29082 I art     : Starting a blocking GC Explicit
08-05 19:57:23.972 29070 29082 I art     : Explicit concurrent mark sweep GC freed 3(96B) AllocSpace objects, 0(0B) LOS objects, 28% free, 40MB/56MB, paused 1.550ms total 56.700ms
08-05 19:57:24.362 29070  2422 I art     : Starting a blocking GC Explicit
08-05 19:57:24.417 29070  2422 I art     : Explicit concurrent mark sweep GC freed 1444(83KB) AllocSpace objects, 1(20KB) LOS objects, 28% free, 40MB/56MB, paused 1.479ms total 54.425ms
08-05 19:57:24.431 29070  2422 I art     : Starting a blocking GC Explicit
08-05 19:57:24.488 29070  2422 I art     : Explicit concurrent mark sweep GC freed 22(784B) AllocSpace objects, 0(0B) LOS objects, 28% free, 40MB/56MB, paused 1.448ms total 56.849ms
08-05 19:57:24.503 29070  2422 I art     : Starting a blocking GC Explicit
08-05 19:57:24.558 29070  2422 I art     : Explicit concurrent mark sweep GC freed 3(96B) AllocSpace objects, 0(0B) LOS objects, 28% free, 40MB/56MB, paused 1.643ms total 55.527ms
08-05 19:57:24.574 29070  2422 I art     : Starting a blocking GC Explicit
08-05 19:57:24.630 29070  2422 I art     : Explicit concurrent mark sweep GC freed 3(96B) AllocSpace objects, 0(0B) LOS objects, 28% free, 40MB/56MB, paused 1.580ms total 55.100ms
08-05 19:57:24.644 29070  2422 I art     : Starting a blocking GC Explicit
08-05 19:57:24.699 29070  2422 I art     : Explicit concurrent mark sweep GC freed 3(96B) AllocSpace objects, 0(0B) LOS objects, 28% free, 40MB/56MB, paused 1.578ms total 55.180ms
08-05 19:57:25.093 29070  2197 I art     : Starting a blocking GC Explicit
08-05 19:57:25.147 29070  2197 I art     : Explicit concurrent mark sweep GC freed 1444(83KB) AllocSpace objects, 1(20KB) LOS objects, 28% free, 40MB/56MB, paused 1.586ms total 53.900ms
08-05 19:57:25.161 29070  2197 I art     : Starting a blocking GC Explicit
08-05 19:57:25.215 29070  2197 I art     : Explicit concurrent mark sweep GC freed 22(784B) AllocSpace objects, 0(0B) LOS objects, 28% free, 40MB/56MB, paused 1.574ms total 53.093ms
08-05 19:57:25.229 29070  2197 I art     : Starting a blocking GC Explicit
08-05 19:57:25.281 29070  2197 I art     : Explicit concurrent mark sweep GC freed 94(3KB) AllocSpace objects, 0(0B) LOS objects, 28% free, 40MB/56MB, paused 1.624ms total 52.693ms
08-05 19:57:25.295 29070  2197 I art     : Starting a blocking GC Explicit
08-05 19:57:25.349 29070  2197 I art     : Explicit concurrent mark sweep GC freed 74(4KB) AllocSpace objects, 0(0B) LOS objects, 28% free, 40MB/56MB, paused 1.605ms total 53.849ms
08-05 19:57:25.363 29070  2197 I art     : Starting a blocking GC Explicit
08-05 19:57:25.417 29070  2197 I art     : Explicit concurrent mark sweep GC freed 12(1408B) AllocSpace objects, 0(0B) LOS objects, 28% free, 40MB/56MB, paused 1.666ms total 53.790ms
08-05 19:57:25.562  3874  3874 D AndroidRuntime: >>>>>> START com.android.internal.os.RuntimeInit uid 2000 <<<<<<
08-05 19:57:25.569  3874  3874 D AndroidRuntime: CheckJNI is OFF
08-05 19:57:25.612  3874  3874 D ICU     : No timezone override file found: /data/misc/zoneinfo/current/icu/icu_tzdata.dat
08-05 19:57:25.654  3874  3874 I Radio-JNI: register_android_hardware_Radio DONE
08-05 19:57:25.682  3874  3874 D AndroidRuntime: Calling main entry com.android.commands.input.Input
08-05 19:57:25.684  3874  3874 I Input   : injectMotionEvent: MotionEvent { action=ACTION_DOWN, actionButton=0, id[0]=0, x[0]=436.0, y[0]=453.0, toolType[0]=TOOL_TYPE_UNKNOWN, buttonState=0, metaState=0, flags=0x0, edgeFlags=0x0, pointerCount=1, historySize=0, eventTime=820662097, downTime=820662097, deviceId=0, source=0x1002 }
08-05 19:57:25.689  3874  3874 I Input   : injectMotionEvent: MotionEvent { action=ACTION_UP, actionButton=0, id[0]=0, x[0]=436.0, y[0]=453.0, toolType[0]=TOOL_TYPE_UNKNOWN, buttonState=0, metaState=0, flags=0x0, edgeFlags=0x0, pointerCount=1, historySize=0, eventTime=820662097, downTime=820662097, deviceId=0, source=0x1002 }
08-05 19:57:25.691  3874  3874 D AndroidRuntime: Shutting down VM
08-05 19:57:25.695   512  2967 D audio_hw_primary: out_set_parameters: enter: usecase(1: low-latency-playback) kvpairs: routing=2
08-05 19:57:25.700   918  6110 I ActivityManager: START u0 {cmp=baseline.com.newsblur/.activity.AllSharedStoriesReading (has extras)} from uid 10676 on display 0
08-05 19:57:25.708   512  2967 D audio_hw_primary: select_devices: out_snd_device(2: speaker) in_snd_device(0: none)
08-05 19:57:25.709   512  2967 D msm8974_platform: platform_send_audio_calibration: sending audio calibration for snd_device(2) acdb_id(15)
08-05 19:57:25.710   512  2967 I soundtrigger: audio_extn_sound_trigger_update_device_status: device 0x2 of type 0 for Event 1
08-05 19:57:25.721   512  2967 D audio_hw_primary: enable_snd_device: snd_device(2: speaker)
08-05 19:57:25.724   512  2967 D audio_hw_primary: enable_audio_route: apply and update mixer path: low-latency-playback speaker
08-05 19:57:25.802 29070 29081 I art     : Starting a blocking GC Explicit
08-05 19:57:25.852 29070 29081 I art     : Explicit concurrent mark sweep GC freed 2963(237KB) AllocSpace objects, 5(528KB) LOS objects, 28% free, 40MB/56MB, paused 1.489ms total 50.032ms
08-05 19:57:25.866 29070 29081 I art     : Starting a blocking GC Explicit
08-05 19:57:25.918 29070 29081 I art     : Explicit concurrent mark sweep GC freed 394(38KB) AllocSpace objects, 1(20KB) LOS objects, 28% free, 40MB/56MB, paused 1.624ms total 52.068ms
08-05 19:57:25.931 29070 29081 I art     : Starting a blocking GC Explicit
08-05 19:57:25.964 13866 13866 I GoogleInputMethodServic: GoogleInputMethodService.onFinishInput():3138 
08-05 19:57:25.965 13866 13866 I GoogleInputMethodServic: GoogleInputMethodService.onStartInput():1808 
08-05 19:57:25.965   918   936 I ActivityManager: Displayed baseline.com.newsblur/.activity.AllSharedStoriesReading: +254ms
08-05 19:57:25.979 29070  3081 E baseline.com.newsblur.network.APIResponse: Error (unexpected end of stream on https://www.newsblur.com/...) calling https://www.newsblur.com/reader/mark_story_hashes_as_read/
08-05 19:57:25.979 29070  3081 E baseline.com.newsblur.network.APIResponse: java.io.IOException: unexpected end of stream on https://www.newsblur.com/...
08-05 19:57:25.979 29070  3081 E baseline.com.newsblur.network.APIResponse: 	at okhttp3.internal.http1.Http1ExchangeCodec.readResponseHeaders(Http1ExchangeCodec.java:236)
08-05 19:57:25.979 29070  3081 E baseline.com.newsblur.network.APIResponse: 	at okhttp3.internal.connection.Exchange.readResponseHeaders(Exchange.java:115)
08-05 19:57:25.979 29070  3081 E baseline.com.newsblur.network.APIResponse: 	at okhttp3.internal.http.CallServerInterceptor.intercept(CallServerInterceptor.java:94)
08-05 19:57:25.979 29070  3081 E baseline.com.newsblur.network.APIResponse: 	at okhttp3.internal.http.RealInterceptorChain.proceed(RealInterceptorChain.java:142)
08-05 19:57:25.979 29070  3081 E baseline.com.newsblur.network.APIResponse: 	at okhttp3.internal.connection.ConnectInterceptor.intercept(ConnectInterceptor.java:43)
08-05 19:57:25.979 29070  3081 E baseline.com.newsblur.network.APIResponse: 	at okhttp3.internal.http.RealInterceptorChain.proceed(RealInterceptorChain.java:142)
08-05 19:57:25.979 29070  3081 E baseline.com.newsblur.network.APIResponse: 	at okhttp3.internal.http.RealInterceptorChain.proceed(RealInterceptorChain.java:117)
08-05 19:57:25.979 29070  3081 E baseline.com.newsblur.network.APIResponse: 	at okhttp3.internal.cache.CacheInterceptor.intercept(CacheInterceptor.java:94)
08-05 19:57:25.979 29070  3081 E baseline.com.newsblur.network.APIResponse: 	at okhttp3.internal.http.RealInterceptorChain.proceed(RealInterceptorChain.java:142)
08-05 19:57:25.979 29070  3081 E baseline.com.newsblur.network.APIResponse: 	at okhttp3.internal.http.RealInterceptorChain.proceed(RealInterceptorChain.java:117)
08-05 19:57:25.979 29070  3081 E baseline.com.newsblur.network.APIResponse: 	at okhttp3.internal.http.BridgeInterceptor.intercept(BridgeInterceptor.java:93)
08-05 19:57:25.979 29070  3081 E baseline.com.newsblur.network.APIResponse: 	at okhttp3.internal.http.RealInterceptorChain.proceed(RealInterceptorChain.java:142)
08-05 19:57:25.979 29070  3081 E baseline.com.newsblur.network.APIResponse: 	at okhttp3.internal.http.RetryAndFollowUpInterceptor.intercept(RetryAndFollowUpInterceptor.java:88)
08-05 19:57:25.979 29070  3081 E baseline.com.newsblur.network.APIResponse: 	at okhttp3.internal.http.RealInterceptorChain.proceed(RealInterceptorChain.java:142)
08-05 19:57:25.979 29070  3081 E baseline.com.newsblur.network.APIResponse: 	at okhttp3.internal.http.RealInterceptorChain.proceed(RealInterceptorChain.java:117)
08-05 19:57:25.979 29070  3081 E baseline.com.newsblur.network.APIResponse: 	at okhttp3.RealCall.getResponseWithInterceptorChain(RealCall.java:229)
08-05 19:57:25.979 29070  3081 E baseline.com.newsblur.network.APIResponse: 	at okhttp3.RealCall.execute(RealCall.java:81)
08-05 19:57:25.979 29070  3081 E baseline.com.newsblur.network.APIResponse: 	at baseline.com.newsblur.network.APIResponse.<init>(APIResponse.java:57)
08-05 19:57:25.979 29070  3081 E baseline.com.newsblur.network.APIResponse: 	at baseline.com.newsblur.network.APIResponse.<init>(APIResponse.java:43)
08-05 19:57:25.979 29070  3081 E baseline.com.newsblur.network.APIResponse: 	at baseline.com.newsblur.network.APIManager.post_single(APIManager.java:702)
08-05 19:57:25.979 29070  3081 E baseline.com.newsblur.network.APIResponse: 	at baseline.com.newsblur.network.APIManager.post(APIManager.java:675)
08-05 19:57:25.979 29070  3081 E baseline.com.newsblur.network.APIResponse: 	at baseline.com.newsblur.network.APIManager.post(APIManager.java:714)
08-05 19:57:25.979 29070  3081 E baseline.com.newsblur.network.APIResponse: 	at baseline.com.newsblur.network.APIManager.markStoryAsRead(APIManager.java:205)
08-05 19:57:25.979 29070  3081 E baseline.com.newsblur.network.APIResponse: 	at baseline.com.newsblur.util.ReadingAction.doRemote(ReadingAction.java:281)
08-05 19:57:25.979 29070  3081 E baseline.com.newsblur.network.APIResponse: 	at baseline.com.newsblur.service.NBSyncService.syncActions(NBSyncService.java:400)
08-05 19:57:25.979 29070  3081 E baseline.com.newsblur.network.APIResponse: 	at baseline.com.newsblur.service.NBSyncService.doSync(NBSyncService.java:298)
08-05 19:57:25.979 29070  3081 E baseline.com.newsblur.network.APIResponse: 	at baseline.com.newsblur.service.NBSyncService.access$100(NBSyncService.java:67)
08-05 19:57:25.979 29070  3081 E baseline.com.newsblur.network.APIResponse: 	at baseline.com.newsblur.service.NBSyncService$1.run(NBSyncService.java:188)
08-05 19:57:25.979 29070  3081 E baseline.com.newsblur.network.APIResponse: 	at java.util.concurrent.ThreadPoolExecutor.runWorker(ThreadPoolExecutor.java:1113)
08-05 19:57:25.979 29070  3081 E baseline.com.newsblur.network.APIResponse: 	at java.util.concurrent.ThreadPoolExecutor$Worker.run(ThreadPoolExecutor.java:588)
08-05 19:57:25.979 29070  3081 E baseline.com.newsblur.network.APIResponse: 	at java.lang.Thread.run(Thread.java:818)
08-05 19:57:25.979 29070  3081 E baseline.com.newsblur.network.APIResponse: Caused by: java.io.EOFException: \n not found: limit=0 content=
08-05 19:57:25.979 29070  3081 E baseline.com.newsblur.network.APIResponse: 	at okio.RealBufferedSource.readUtf8LineStrict(RealBufferedSource.java:240)
08-05 19:57:25.979 29070  3081 E baseline.com.newsblur.network.APIResponse: 	at okhttp3.internal.http1.Http1ExchangeCodec.readHeaderLine(Http1ExchangeCodec.java:242)
08-05 19:57:25.979 29070  3081 E baseline.com.newsblur.network.APIResponse: 	at okhttp3.internal.http1.Http1ExchangeCodec.readResponseHeaders(Http1ExchangeCodec.java:213)
08-05 19:57:25.979 29070  3081 E baseline.com.newsblur.network.APIResponse: 	... 30 more
08-05 19:57:25.980 29070  3081 I baseline.com.newsblur.network.APIManager: API call failed, pausing before retry number 2
08-05 19:57:25.980 29070 29081 I art     : Explicit concurrent mark sweep GC freed 2496(153KB) AllocSpace objects, 1(20KB) LOS objects, 28% free, 40MB/56MB, paused 2.438ms total 48.958ms
08-05 19:57:25.994 29070 29081 I art     : Starting a blocking GC Explicit
08-05 19:57:26.047 29070 29081 I art     : Explicit concurrent mark sweep GC freed 2394(275KB) AllocSpace objects, 4(80KB) LOS objects, 28% free, 41MB/57MB, paused 2.029ms total 52.024ms
08-05 19:57:26.061 29070 29081 I art     : Starting a blocking GC Explicit
08-05 19:57:26.111 29070 29081 I art     : Explicit concurrent mark sweep GC freed 1111(80KB) AllocSpace objects, 7(180KB) LOS objects, 28% free, 41MB/57MB, paused 1.501ms total 50.088ms
08-05 19:57:26.228 29070  2777 E chromium: [ERROR:tile_manager.cc(793)] WARNING: tile memory limits exceeded, some content may not draw
08-05 19:57:26.228 29070  2777 E chromium: [ERROR:tile_manager.cc(793)] WARNING: tile memory limits exceeded, some content may not draw
08-05 19:57:26.269   512  2967 D audio_hw_primary: disable_audio_route: reset and update mixer path: low-latency-playback speaker
08-05 19:57:26.270   512  2967 D audio_hw_primary: disable_snd_device: snd_device(2: speaker)
08-05 19:57:26.279   512  2967 I soundtrigger: audio_extn_sound_trigger_update_device_status: device 0x2 of type 0 for Event 0
08-05 19:57:26.477 29070  2422 I art     : Starting a blocking GC Explicit
08-05 19:57:26.526 29070  2422 I art     : Explicit concurrent mark sweep GC freed 2195(170KB) AllocSpace objects, 5(104KB) LOS objects, 28% free, 41MB/57MB, paused 1.382ms total 48.532ms
08-05 19:57:26.540 29070  2422 I art     : Starting a blocking GC Explicit
08-05 19:57:26.592 29070  2422 I art     : Explicit concurrent mark sweep GC freed 65(2800B) AllocSpace objects, 0(0B) LOS objects, 28% free, 41MB/57MB, paused 1.445ms total 51.618ms
08-05 19:57:26.606 29070  2422 I art     : Starting a blocking GC Explicit
08-05 19:57:26.659 29070  2422 I art     : Explicit concurrent mark sweep GC freed 3(96B) AllocSpace objects, 0(0B) LOS objects, 28% free, 41MB/57MB, paused 1.460ms total 52.940ms
08-05 19:57:26.673 29070  2422 I art     : Starting a blocking GC Explicit
08-05 19:57:26.725 29070  2422 I art     : Explicit concurrent mark sweep GC freed 3(96B) AllocSpace objects, 0(0B) LOS objects, 28% free, 41MB/57MB, paused 1.439ms total 51.891ms
08-05 19:57:26.739 29070  2422 I art     : Starting a blocking GC Explicit
08-05 19:57:26.793 29070  2422 I art     : Explicit concurrent mark sweep GC freed 3(96B) AllocSpace objects, 0(0B) LOS objects, 28% free, 41MB/57MB, paused 1.474ms total 53.905ms
08-05 19:57:26.794 29070 29080 I art     : WaitForGcToComplete blocked for 11.510ms for cause HeapTrim
08-05 19:57:27.180 29070 29082 I art     : Starting a blocking GC Explicit
08-05 19:57:27.238 29070 29082 I art     : Explicit concurrent mark sweep GC freed 1448(83KB) AllocSpace objects, 1(20KB) LOS objects, 28% free, 41MB/57MB, paused 1.406ms total 57.241ms
08-05 19:57:27.254 29070 29082 I art     : Starting a blocking GC Explicit
08-05 19:57:27.307 29070 29082 I art     : Explicit concurrent mark sweep GC freed 37(1264B) AllocSpace objects, 0(0B) LOS objects, 28% free, 41MB/57MB, paused 1.538ms total 53.055ms
08-05 19:57:27.322 29070 29082 I art     : Starting a blocking GC Explicit
08-05 19:57:27.378 29070 29082 I art     : Explicit concurrent mark sweep GC freed 19(608B) AllocSpace objects, 0(0B) LOS objects, 28% free, 41MB/57MB, paused 1.597ms total 55.435ms
08-05 19:57:27.393 29070 29082 I art     : Starting a blocking GC Explicit
08-05 19:57:27.451 29070 29082 I art     : Explicit concurrent mark sweep GC freed 24(768B) AllocSpace objects, 0(0B) LOS objects, 28% free, 41MB/57MB, paused 1.283ms total 58.050ms
08-05 19:57:27.466 29070 29082 I art     : Starting a blocking GC Explicit
08-05 19:57:27.517 29070 29082 I art     : Explicit concurrent mark sweep GC freed 11(352B) AllocSpace objects, 0(0B) LOS objects, 28% free, 41MB/57MB, paused 1.387ms total 51.282ms
08-05 19:57:27.928 29070 29081 I art     : Starting a blocking GC Explicit
08-05 19:57:27.985 29070 29081 I art     : Explicit concurrent mark sweep GC freed 1445(83KB) AllocSpace objects, 1(20KB) LOS objects, 28% free, 41MB/57MB, paused 1.452ms total 56.954ms
08-05 19:57:28.000 29070 29081 I art     : Starting a blocking GC Explicit
08-05 19:57:28.059 29070 29081 I art     : Explicit concurrent mark sweep GC freed 22(784B) AllocSpace objects, 0(0B) LOS objects, 28% free, 41MB/57MB, paused 1.629ms total 58.475ms
08-05 19:57:28.073 29070 29081 I art     : Starting a blocking GC Explicit
08-05 19:57:28.131 29070 29081 I art     : Explicit concurrent mark sweep GC freed 3(96B) AllocSpace objects, 0(0B) LOS objects, 28% free, 41MB/57MB, paused 1.557ms total 57.837ms
08-05 19:57:28.146 29070 29081 I art     : Starting a blocking GC Explicit
08-05 19:57:28.207 29070 29081 I art     : Explicit concurrent mark sweep GC freed 3(96B) AllocSpace objects, 0(0B) LOS objects, 28% free, 41MB/57MB, paused 1.358ms total 60.027ms
08-05 19:57:28.221 29070 29081 I art     : Starting a blocking GC Explicit
08-05 19:57:28.280 29070 29081 I art     : Explicit concurrent mark sweep GC freed 3(96B) AllocSpace objects, 0(0B) LOS objects, 28% free, 41MB/57MB, paused 1.579ms total 58.795ms
08-05 19:57:28.673 29070 29082 I art     : Starting a blocking GC Explicit
08-05 19:57:28.730 29070 29082 I art     : Explicit concurrent mark sweep GC freed 1446(83KB) AllocSpace objects, 1(20KB) LOS objects, 28% free, 41MB/57MB, paused 1.517ms total 56.612ms
08-05 19:57:28.744 29070 29082 I art     : Starting a blocking GC Explicit
08-05 19:57:28.804 29070 29082 I art     : Explicit concurrent mark sweep GC freed 22(784B) AllocSpace objects, 0(0B) LOS objects, 28% free, 41MB/57MB, paused 1.534ms total 59.667ms
08-05 19:57:28.818 29070 29082 I art     : Starting a blocking GC Explicit
08-05 19:57:28.878 29070 29082 I art     : Explicit concurrent mark sweep GC freed 3(96B) AllocSpace objects, 0(0B) LOS objects, 28% free, 41MB/57MB, paused 1.538ms total 58.917ms
08-05 19:57:28.892 29070 29082 I art     : Starting a blocking GC Explicit
08-05 19:57:28.953 29070 29082 I art     : Explicit concurrent mark sweep GC freed 3(96B) AllocSpace objects, 0(0B) LOS objects, 28% free, 41MB/57MB, paused 1.571ms total 60.346ms
08-05 19:57:28.970 29070 29082 I art     : Starting a blocking GC Explicit
08-05 19:57:29.026 29070 29082 I art     : Explicit concurrent mark sweep GC freed 94(3KB) AllocSpace objects, 0(0B) LOS objects, 28% free, 41MB/57MB, paused 1.616ms total 55.638ms
08-05 19:57:29.414 29070  2197 I art     : Starting a blocking GC Explicit
08-05 19:57:29.475 29070  2197 I art     : Explicit concurrent mark sweep GC freed 1525(88KB) AllocSpace objects, 1(20KB) LOS objects, 28% free, 41MB/57MB, paused 1.588ms total 60.605ms
08-05 19:57:29.489 29070  2197 I art     : Starting a blocking GC Explicit
08-05 19:57:29.550 29070  2197 I art     : Explicit concurrent mark sweep GC freed 22(784B) AllocSpace objects, 0(0B) LOS objects, 28% free, 41MB/57MB, paused 1.676ms total 60.685ms
08-05 19:57:29.565 29070  2197 I art     : Starting a blocking GC Explicit
08-05 19:57:29.623 29070  2197 I art     : Explicit concurrent mark sweep GC freed 620(25KB) AllocSpace objects, 0(0B) LOS objects, 28% free, 41MB/57MB, paused 1.845ms total 57.635ms
08-05 19:57:29.637 29070  2197 I art     : Starting a blocking GC Explicit
08-05 19:57:29.684 29070  3081 E baseline.com.newsblur.network.APIResponse: Error (unexpected end of stream on https://www.newsblur.com/...) calling https://www.newsblur.com/reader/mark_story_hashes_as_read/
08-05 19:57:29.684 29070  3081 E baseline.com.newsblur.network.APIResponse: java.io.IOException: unexpected end of stream on https://www.newsblur.com/...
08-05 19:57:29.684 29070  3081 E baseline.com.newsblur.network.APIResponse: 	at okhttp3.internal.http1.Http1ExchangeCodec.readResponseHeaders(Http1ExchangeCodec.java:236)
08-05 19:57:29.684 29070  3081 E baseline.com.newsblur.network.APIResponse: 	at okhttp3.internal.connection.Exchange.readResponseHeaders(Exchange.java:115)
08-05 19:57:29.684 29070  3081 E baseline.com.newsblur.network.APIResponse: 	at okhttp3.internal.http.CallServerInterceptor.intercept(CallServerInterceptor.java:94)
08-05 19:57:29.684 29070  3081 E baseline.com.newsblur.network.APIResponse: 	at okhttp3.internal.http.RealInterceptorChain.proceed(RealInterceptorChain.java:142)
08-05 19:57:29.684 29070  3081 E baseline.com.newsblur.network.APIResponse: 	at okhttp3.internal.connection.ConnectInterceptor.intercept(ConnectInterceptor.java:43)
08-05 19:57:29.684 29070  3081 E baseline.com.newsblur.network.APIResponse: 	at okhttp3.internal.http.RealInterceptorChain.proceed(RealInterceptorChain.java:142)
08-05 19:57:29.684 29070  3081 E baseline.com.newsblur.network.APIResponse: 	at okhttp3.internal.http.RealInterceptorChain.proceed(RealInterceptorChain.java:117)
08-05 19:57:29.684 29070  3081 E baseline.com.newsblur.network.APIResponse: 	at okhttp3.internal.cache.CacheInterceptor.intercept(CacheInterceptor.java:94)
08-05 19:57:29.684 29070  3081 E baseline.com.newsblur.network.APIResponse: 	at okhttp3.internal.http.RealInterceptorChain.proceed(RealInterceptorChain.java:142)
08-05 19:57:29.684 29070  3081 E baseline.com.newsblur.network.APIResponse: 	at okhttp3.internal.http.RealInterceptorChain.proceed(RealInterceptorChain.java:117)
08-05 19:57:29.684 29070  3081 E baseline.com.newsblur.network.APIResponse: 	at okhttp3.internal.http.BridgeInterceptor.intercept(BridgeInterceptor.java:93)
08-05 19:57:29.684 29070  3081 E baseline.com.newsblur.network.APIResponse: 	at okhttp3.internal.http.RealInterceptorChain.proceed(RealInterceptorChain.java:142)
08-05 19:57:29.684 29070  3081 E baseline.com.newsblur.network.APIResponse: 	at okhttp3.internal.http.RetryAndFollowUpInterceptor.intercept(RetryAndFollowUpInterceptor.java:88)
08-05 19:57:29.684 29070  3081 E baseline.com.newsblur.network.APIResponse: 	at okhttp3.internal.http.RealInterceptorChain.proceed(RealInterceptorChain.java:142)
08-05 19:57:29.684 29070  3081 E baseline.com.newsblur.network.APIResponse: 	at okhttp3.internal.http.RealInterceptorChain.proceed(RealInterceptorChain.java:117)
08-05 19:57:29.684 29070  3081 E baseline.com.newsblur.network.APIResponse: 	at okhttp3.RealCall.getResponseWithInterceptorChain(RealCall.java:229)
08-05 19:57:29.684 29070  3081 E baseline.com.newsblur.network.APIResponse: 	at okhttp3.RealCall.execute(RealCall.java:81)
08-05 19:57:29.684 29070  3081 E baseline.com.newsblur.network.APIResponse: 	at baseline.com.newsblur.network.APIResponse.<init>(APIResponse.java:57)
08-05 19:57:29.684 29070  3081 E baseline.com.newsblur.network.APIResponse: 	at baseline.com.newsblur.network.APIResponse.<init>(APIResponse.java:43)
08-05 19:57:29.684 29070  3081 E baseline.com.newsblur.network.APIResponse: 	at baseline.com.newsblur.network.APIManager.post_single(APIManager.java:702)
08-05 19:57:29.684 29070  3081 E baseline.com.newsblur.network.APIResponse: 	at baseline.com.newsblur.network.APIManager.post(APIManager.java:675)
08-05 19:57:29.684 29070  3081 E baseline.com.newsblur.network.APIResponse: 	at baseline.com.newsblur.network.APIManager.post(APIManager.java:714)
08-05 19:57:29.684 29070  3081 E baseline.com.newsblur.network.APIResponse: 	at baseline.com.newsblur.network.APIManager.markStoryAsRead(APIManager.java:205)
08-05 19:57:29.684 29070  3081 E baseline.com.newsblur.network.APIResponse: 	at baseline.com.newsblur.util.ReadingAction.doRemote(ReadingAction.java:281)
08-05 19:57:29.684 29070  3081 E baseline.com.newsblur.network.APIResponse: 	at baseline.com.newsblur.service.NBSyncService.syncActions(NBSyncService.java:400)
08-05 19:57:29.684 29070  3081 E baseline.com.newsblur.network.APIResponse: 	at baseline.com.newsblur.service.NBSyncService.doSync(NBSyncService.java:298)
08-05 19:57:29.684 29070  3081 E baseline.com.newsblur.network.APIResponse: 	at baseline.com.newsblur.service.NBSyncService.access$100(NBSyncService.java:67)
08-05 19:57:29.684 29070  3081 E baseline.com.newsblur.network.APIResponse: 	at baseline.com.newsblur.service.NBSyncService$1.run(NBSyncService.java:188)
08-05 19:57:29.684 29070  3081 E baseline.com.newsblur.network.APIResponse: 	at java.util.concurrent.ThreadPoolExecutor.runWorker(ThreadPoolExecutor.java:1113)
08-05 19:57:29.684 29070  3081 E baseline.com.newsblur.network.APIResponse: 	at java.util.concurrent.ThreadPoolExecutor$Worker.run(ThreadPoolExecutor.java:588)
08-05 19:57:29.684 29070  3081 E baseline.com.newsblur.network.APIResponse: 	at java.lang.Thread.run(Thread.java:818)
08-05 19:57:29.684 29070  3081 E baseline.com.newsblur.network.APIResponse: Caused by: java.io.EOFException: \n not found: limit=0 content=
08-05 19:57:29.684 29070  3081 E baseline.com.newsblur.network.APIResponse: 	at okio.RealBufferedSource.readUtf8LineStrict(RealBufferedSource.java:240)
08-05 19:57:29.684 29070  3081 E baseline.com.newsblur.network.APIResponse: 	at okhttp3.internal.http1.Http1ExchangeCodec.readHeaderLine(Http1ExchangeCodec.java:242)
08-05 19:57:29.684 29070  3081 E baseline.com.newsblur.network.APIResponse: 	at okhttp3.internal.http1.Http1ExchangeCodec.readResponseHeaders(Http1ExchangeCodec.java:213)
08-05 19:57:29.684 29070  3081 E baseline.com.newsblur.network.APIResponse: 	... 30 more
08-05 19:57:29.685 29070  3081 I baseline.com.newsblur.service.NBSyncService: Holding reading action with server-side or network error.
08-05 19:57:29.696 29070  2197 I art     : Explicit concurrent mark sweep GC freed 1824(221KB) AllocSpace objects, 2(40KB) LOS objects, 28% free, 41MB/57MB, paused 1.490ms total 58.601ms
08-05 19:57:29.700 29070  3081 W baseline.com.newsblur.service.NBSyncService: hard API failure
08-05 19:57:29.710 29070  2197 I art     : Starting a blocking GC Explicit
08-05 19:57:29.765 29070  2197 I art     : Explicit concurrent mark sweep GC freed 540(78KB) AllocSpace objects, 2(40KB) LOS objects, 28% free, 41MB/57MB, paused 1.608ms total 54.002ms
08-05 19:57:30.171 29070  3081 E baseline.com.newsblur.network.APIResponse: Error (unexpected end of stream on https://www.newsblur.com/...) calling https://www.newsblur.com/reader/mark_story_hashes_as_read/
08-05 19:57:30.171 29070  3081 E baseline.com.newsblur.network.APIResponse: java.io.IOException: unexpected end of stream on https://www.newsblur.com/...
08-05 19:57:30.171 29070  3081 E baseline.com.newsblur.network.APIResponse: 	at okhttp3.internal.http1.Http1ExchangeCodec.readResponseHeaders(Http1ExchangeCodec.java:236)
08-05 19:57:30.171 29070  3081 E baseline.com.newsblur.network.APIResponse: 	at okhttp3.internal.connection.Exchange.readResponseHeaders(Exchange.java:115)
08-05 19:57:30.171 29070  3081 E baseline.com.newsblur.network.APIResponse: 	at okhttp3.internal.http.CallServerInterceptor.intercept(CallServerInterceptor.java:94)
08-05 19:57:30.171 29070  3081 E baseline.com.newsblur.network.APIResponse: 	at okhttp3.internal.http.RealInterceptorChain.proceed(RealInterceptorChain.java:142)
08-05 19:57:30.171 29070  3081 E baseline.com.newsblur.network.APIResponse: 	at okhttp3.internal.connection.ConnectInterceptor.intercept(ConnectInterceptor.java:43)
08-05 19:57:30.171 29070  3081 E baseline.com.newsblur.network.APIResponse: 	at okhttp3.internal.http.RealInterceptorChain.proceed(RealInterceptorChain.java:142)
08-05 19:57:30.171 29070  3081 E baseline.com.newsblur.network.APIResponse: 	at okhttp3.internal.http.RealInterceptorChain.proceed(RealInterceptorChain.java:117)
08-05 19:57:30.171 29070  3081 E baseline.com.newsblur.network.APIResponse: 	at okhttp3.internal.cache.CacheInterceptor.intercept(CacheInterceptor.java:94)
08-05 19:57:30.171 29070  3081 E baseline.com.newsblur.network.APIResponse: 	at okhttp3.internal.http.RealInterceptorChain.proceed(RealInterceptorChain.java:142)
08-05 19:57:30.171 29070  3081 E baseline.com.newsblur.network.APIResponse: 	at okhttp3.internal.http.RealInterceptorChain.proceed(RealInterceptorChain.java:117)
08-05 19:57:30.171 29070  3081 E baseline.com.newsblur.network.APIResponse: 	at okhttp3.internal.http.BridgeInterceptor.intercept(BridgeInterceptor.java:93)
08-05 19:57:30.171 29070  3081 E baseline.com.newsblur.network.APIResponse: 	at okhttp3.internal.http.RealInterceptorChain.proceed(RealInterceptorChain.java:142)
08-05 19:57:30.171 29070  3081 E baseline.com.newsblur.network.APIResponse: 	at okhttp3.internal.http.RetryAndFollowUpInterceptor.intercept(RetryAndFollowUpInterceptor.java:88)
08-05 19:57:30.171 29070  3081 E baseline.com.newsblur.network.APIResponse: 	at okhttp3.internal.http.RealInterceptorChain.proceed(RealInterceptorChain.java:142)
08-05 19:57:30.171 29070  3081 E baseline.com.newsblur.network.APIResponse: 	at okhttp3.internal.http.RealInterceptorChain.proceed(RealInterceptorChain.java:117)
08-05 19:57:30.171 29070  3081 E baseline.com.newsblur.network.APIResponse: 	at okhttp3.RealCall.getResponseWithInterceptorChain(RealCall.java:229)
08-05 19:57:30.171 29070  3081 E baseline.com.newsblur.network.APIResponse: 	at okhttp3.RealCall.execute(RealCall.java:81)
08-05 19:57:30.171 29070  3081 E baseline.com.newsblur.network.APIResponse: 	at baseline.com.newsblur.network.APIResponse.<init>(APIResponse.java:57)
08-05 19:57:30.171 29070  3081 E baseline.com.newsblur.network.APIResponse: 	at baseline.com.newsblur.network.APIResponse.<init>(APIResponse.java:43)
08-05 19:57:30.171 29070  3081 E baseline.com.newsblur.network.APIResponse: 	at baseline.com.newsblur.network.APIManager.post_single(APIManager.java:702)
08-05 19:57:30.171 29070  3081 E baseline.com.newsblur.network.APIResponse: 	at baseline.com.newsblur.network.APIManager.post(APIManager.java:675)
08-05 19:57:30.171 29070  3081 E baseline.com.newsblur.network.APIResponse: 	at baseline.com.newsblur.network.APIManager.post(APIManager.java:714)
08-05 19:57:30.171 29070  3081 E baseline.com.newsblur.network.APIResponse: 	at baseline.com.newsblur.network.APIManager.markStoryAsRead(APIManager.java:205)
08-05 19:57:30.171 29070  3081 E baseline.com.newsblur.network.APIResponse: 	at baseline.com.newsblur.util.ReadingAction.doRemote(ReadingAction.java:281)
08-05 19:57:30.171 29070  3081 E baseline.com.newsblur.network.APIResponse: 	at baseline.com.newsblur.service.NBSyncService.syncActions(NBSyncService.java:400)
08-05 19:57:30.171 29070  3081 E baseline.com.newsblur.network.APIResponse: 	at baseline.com.newsblur.service.NBSyncService.doSync(NBSyncService.java:298)
08-05 19:57:30.171 29070  3081 E baseline.com.newsblur.network.APIResponse: 	at baseline.com.newsblur.service.NBSyncService.access$100(NBSyncService.java:67)
08-05 19:57:30.171 29070  3081 E baseline.com.newsblur.network.APIResponse: 	at baseline.com.newsblur.service.NBSyncService$1.run(NBSyncService.java:188)
08-05 19:57:30.171 29070  3081 E baseline.com.newsblur.network.APIResponse: 	at java.util.concurrent.ThreadPoolExecutor.runWorker(ThreadPoolExecutor.java:1113)
08-05 19:57:30.171 29070  3081 E baseline.com.newsblur.network.APIResponse: 	at java.util.concurrent.ThreadPoolExecutor$Worker.run(ThreadPoolExecutor.java:588)
08-05 19:57:30.171 29070  3081 E baseline.com.newsblur.network.APIResponse: 	at java.lang.Thread.run(Thread.java:818)
08-05 19:57:30.171 29070  3081 E baseline.com.newsblur.network.APIResponse: Caused by: java.io.EOFException: \n not found: limit=0 content=
08-05 19:57:30.171 29070  3081 E baseline.com.newsblur.network.APIResponse: 	at okio.RealBufferedSource.readUtf8LineStrict(RealBufferedSource.java:240)
08-05 19:57:30.171 29070  3081 E baseline.com.newsblur.network.APIResponse: 	at okhttp3.internal.http1.Http1ExchangeCodec.readHeaderLine(Http1ExchangeCodec.java:242)
08-05 19:57:30.171 29070  3081 E baseline.com.newsblur.network.APIResponse: 	at okhttp3.internal.http1.Http1ExchangeCodec.readResponseHeaders(Http1ExchangeCodec.java:213)
08-05 19:57:30.171 29070  3081 E baseline.com.newsblur.network.APIResponse: 	... 30 more
08-05 19:57:30.172 29070  2422 I art     : Starting a blocking GC Explicit
08-05 19:57:30.174 29070  3081 I baseline.com.newsblur.network.APIManager: API call failed, pausing before retry number 1
08-05 19:57:30.231 29070  2422 I art     : Explicit concurrent mark sweep GC freed 3722(321KB) AllocSpace objects, 3(60KB) LOS objects, 28% free, 41MB/57MB, paused 1.594ms total 58.585ms
08-05 19:57:30.247 29070  2422 I art     : Starting a blocking GC Explicit
08-05 19:57:30.305 29070  2422 I art     : Explicit concurrent mark sweep GC freed 406(43KB) AllocSpace objects, 0(0B) LOS objects, 28% free, 41MB/57MB, paused 1.561ms total 56.889ms
08-05 19:57:30.318 29070  2422 I art     : Starting a blocking GC Explicit
08-05 19:57:30.375 29070  2422 I art     : Explicit concurrent mark sweep GC freed 7(304B) AllocSpace objects, 0(0B) LOS objects, 28% free, 41MB/57MB, paused 1.554ms total 56.478ms
08-05 19:57:30.389 29070  2422 I art     : Starting a blocking GC Explicit
08-05 19:57:30.448 29070  2422 I art     : Explicit concurrent mark sweep GC freed 3(96B) AllocSpace objects, 0(0B) LOS objects, 28% free, 41MB/57MB, paused 1.756ms total 57.979ms
08-05 19:57:30.462 29070  2422 I art     : Starting a blocking GC Explicit
08-05 19:57:30.518   918  3261 D WifiStateMachine: starting scan for "H369AA63323"WPA_PSK with 2412,5180
08-05 19:57:30.520 29070  2422 I art     : Explicit concurrent mark sweep GC freed 3(96B) AllocSpace objects, 0(0B) LOS objects, 28% free, 41MB/57MB, paused 1.407ms total 58.223ms
08-05 19:57:30.911 29070 29081 I art     : Starting a blocking GC Explicit
08-05 19:57:30.965 13866 13882 I PeriodicStatsRunner: PeriodicStatsRunner.call():175 call()
08-05 19:57:30.965 13866 13882 I PeriodicStatsRunner: PeriodicStatsRunner.call():179 No submit PeriodicStats since input started.
08-05 19:57:30.969 29070 29081 I art     : Explicit concurrent mark sweep GC freed 1445(83KB) AllocSpace objects, 1(20KB) LOS objects, 28% free, 41MB/57MB, paused 1.619ms total 57.676ms
08-05 19:57:30.984 29070 29081 I art     : Starting a blocking GC Explicit
08-05 19:57:31.042 29070 29081 I art     : Explicit concurrent mark sweep GC freed 22(784B) AllocSpace objects, 0(0B) LOS objects, 28% free, 41MB/57MB, paused 1.592ms total 57.812ms
08-05 19:57:31.056 29070 29081 I art     : Starting a blocking GC Explicit
08-05 19:57:31.115 29070 29081 I art     : Explicit concurrent mark sweep GC freed 3(96B) AllocSpace objects, 0(0B) LOS objects, 28% free, 41MB/57MB, paused 1.574ms total 58.544ms
08-05 19:57:31.130 29070 29081 I art     : Starting a blocking GC Explicit
08-05 19:57:31.191 29070 29081 I art     : Explicit concurrent mark sweep GC freed 3(96B) AllocSpace objects, 0(0B) LOS objects, 28% free, 41MB/57MB, paused 1.466ms total 60.560ms
08-05 19:57:31.205 29070 29081 I art     : Starting a blocking GC Explicit
08-05 19:57:31.265 29070 29081 I art     : Explicit concurrent mark sweep GC freed 3(96B) AllocSpace objects, 0(0B) LOS objects, 28% free, 41MB/57MB, paused 1.583ms total 60.035ms
08-05 19:57:31.665 29070 29082 I art     : Starting a blocking GC Explicit
08-05 19:57:31.724 29070 29082 I art     : Explicit concurrent mark sweep GC freed 1534(86KB) AllocSpace objects, 1(20KB) LOS objects, 28% free, 41MB/57MB, paused 1.650ms total 57.689ms
08-05 19:57:31.738 29070 29082 I art     : Starting a blocking GC Explicit
08-05 19:57:31.796 29070 29082 I art     : Explicit concurrent mark sweep GC freed 205(11KB) AllocSpace objects, 0(0B) LOS objects, 28% free, 41MB/57MB, paused 1.663ms total 57.599ms
08-05 19:57:31.810 29070 29082 I art     : Starting a blocking GC Explicit
08-05 19:57:31.862 29070 29082 I art     : Explicit concurrent mark sweep GC freed 1034(51KB) AllocSpace objects, 0(0B) LOS objects, 28% free, 41MB/57MB, paused 1.577ms total 52.049ms
08-05 19:57:31.877 29070 29082 I art     : Starting a blocking GC Explicit
08-05 19:57:31.935 29070 29082 I art     : Explicit concurrent mark sweep GC freed 772(58KB) AllocSpace objects, 0(0B) LOS objects, 28% free, 41MB/57MB, paused 1.668ms total 57.678ms
08-05 19:57:31.949 29070 29082 I art     : Starting a blocking GC Explicit
08-05 19:57:32.007 29070 29082 I art     : Explicit concurrent mark sweep GC freed 3(96B) AllocSpace objects, 0(0B) LOS objects, 28% free, 41MB/57MB, paused 1.643ms total 57.191ms
08-05 19:57:32.176 29070  3081 E baseline.com.newsblur.network.APIResponse: Error (unexpected end of stream on https://www.newsblur.com/...) calling https://www.newsblur.com/reader/mark_story_hashes_as_read/
08-05 19:57:32.176 29070  3081 E baseline.com.newsblur.network.APIResponse: java.io.IOException: unexpected end of stream on https://www.newsblur.com/...
08-05 19:57:32.176 29070  3081 E baseline.com.newsblur.network.APIResponse: 	at okhttp3.internal.http1.Http1ExchangeCodec.readResponseHeaders(Http1ExchangeCodec.java:236)
08-05 19:57:32.176 29070  3081 E baseline.com.newsblur.network.APIResponse: 	at okhttp3.internal.connection.Exchange.readResponseHeaders(Exchange.java:115)
08-05 19:57:32.176 29070  3081 E baseline.com.newsblur.network.APIResponse: 	at okhttp3.internal.http.CallServerInterceptor.intercept(CallServerInterceptor.java:94)
08-05 19:57:32.176 29070  3081 E baseline.com.newsblur.network.APIResponse: 	at okhttp3.internal.http.RealInterceptorChain.proceed(RealInterceptorChain.java:142)
08-05 19:57:32.176 29070  3081 E baseline.com.newsblur.network.APIResponse: 	at okhttp3.internal.connection.ConnectInterceptor.intercept(ConnectInterceptor.java:43)
08-05 19:57:32.176 29070  3081 E baseline.com.newsblur.network.APIResponse: 	at okhttp3.internal.http.RealInterceptorChain.proceed(RealInterceptorChain.java:142)
08-05 19:57:32.176 29070  3081 E baseline.com.newsblur.network.APIResponse: 	at okhttp3.internal.http.RealInterceptorChain.proceed(RealInterceptorChain.java:117)
08-05 19:57:32.176 29070  3081 E baseline.com.newsblur.network.APIResponse: 	at okhttp3.internal.cache.CacheInterceptor.intercept(CacheInterceptor.java:94)
08-05 19:57:32.176 29070  3081 E baseline.com.newsblur.network.APIResponse: 	at okhttp3.internal.http.RealInterceptorChain.proceed(RealInterceptorChain.java:142)
08-05 19:57:32.176 29070  3081 E baseline.com.newsblur.network.APIResponse: 	at okhttp3.internal.http.RealInterceptorChain.proceed(RealInterceptorChain.java:117)
08-05 19:57:32.176 29070  3081 E baseline.com.newsblur.network.APIResponse: 	at okhttp3.internal.http.BridgeInterceptor.intercept(BridgeInterceptor.java:93)
08-05 19:57:32.176 29070  3081 E baseline.com.newsblur.network.APIResponse: 	at okhttp3.internal.http.RealInterceptorChain.proceed(RealInterceptorChain.java:142)
08-05 19:57:32.176 29070  3081 E baseline.com.newsblur.network.APIResponse: 	at okhttp3.internal.http.RetryAndFollowUpInterceptor.intercept(RetryAndFollowUpInterceptor.java:88)
08-05 19:57:32.176 29070  3081 E baseline.com.newsblur.network.APIResponse: 	at okhttp3.internal.http.RealInterceptorChain.proceed(RealInterceptorChain.java:142)
08-05 19:57:32.176 29070  3081 E baseline.com.newsblur.network.APIResponse: 	at okhttp3.internal.http.RealInterceptorChain.proceed(RealInterceptorChain.java:117)
08-05 19:57:32.176 29070  3081 E baseline.com.newsblur.network.APIResponse: 	at okhttp3.RealCall.getResponseWithInterceptorChain(RealCall.java:229)
08-05 19:57:32.176 29070  3081 E baseline.com.newsblur.network.APIResponse: 	at okhttp3.RealCall.execute(RealCall.java:81)
08-05 19:57:32.176 29070  3081 E baseline.com.newsblur.network.APIResponse: 	at baseline.com.newsblur.network.APIResponse.<init>(APIResponse.java:57)
08-05 19:57:32.176 29070  3081 E baseline.com.newsblur.network.APIResponse: 	at baseline.com.newsblur.network.APIResponse.<init>(APIResponse.java:43)
08-05 19:57:32.176 29070  3081 E baseline.com.newsblur.network.APIResponse: 	at baseline.com.newsblur.network.APIManager.post_single(APIManager.java:702)
08-05 19:57:32.176 29070  3081 E baseline.com.newsblur.network.APIResponse: 	at baseline.com.newsblur.network.APIManager.post(APIManager.java:675)
08-05 19:57:32.176 29070  3081 E baseline.com.newsblur.network.APIResponse: 	at baseline.com.newsblur.network.APIManager.post(APIManager.java:714)
08-05 19:57:32.176 29070  3081 E baseline.com.newsblur.network.APIResponse: 	at baseline.com.newsblur.network.APIManager.markStoryAsRead(APIManager.java:205)
08-05 19:57:32.176 29070  3081 E baseline.com.newsblur.network.APIResponse: 	at baseline.com.newsblur.util.ReadingAction.doRemote(ReadingAction.java:281)
08-05 19:57:32.176 29070  3081 E baseline.com.newsblur.network.APIResponse: 	at baseline.com.newsblur.service.NBSyncService.syncActions(NBSyncService.java:400)
08-05 19:57:32.176 29070  3081 E baseline.com.newsblur.network.APIResponse: 	at baseline.com.newsblur.service.NBSyncService.doSync(NBSyncService.java:298)
08-05 19:57:32.176 29070  3081 E baseline.com.newsblur.network.APIResponse: 	at baseline.com.newsblur.service.NBSyncService.access$100(NBSyncService.java:67)
08-05 19:57:32.176 29070  3081 E baseline.com.newsblur.network.APIResponse: 	at baseline.com.newsblur.service.NBSyncService$1.run(NBSyncService.java:188)
08-05 19:57:32.176 29070  3081 E baseline.com.newsblur.network.APIResponse: 	at java.util.concurrent.ThreadPoolExecutor.runWorker(ThreadPoolExecutor.java:1113)
08-05 19:57:32.176 29070  3081 E baseline.com.newsblur.network.APIResponse: 	at java.util.concurrent.ThreadPoolExecutor$Worker.run(ThreadPoolExecutor.java:588)
08-05 19:57:32.176 29070  3081 E baseline.com.newsblur.network.APIResponse: 	at java.lang.Thread.run(Thread.java:818)
08-05 19:57:32.176 29070  3081 E baseline.com.newsblur.network.APIResponse: Caused by: java.io.EOFException: \n not found: limit=0 content=
08-05 19:57:32.176 29070  3081 E baseline.com.newsblur.network.APIResponse: 	at okio.RealBufferedSource.readUtf8LineStrict(RealBufferedSource.java:240)
08-05 19:57:32.176 29070  3081 E baseline.com.newsblur.network.APIResponse: 	at okhttp3.internal.http1.Http1ExchangeCodec.readHeaderLine(Http1ExchangeCodec.java:242)
08-05 19:57:32.176 29070  3081 E baseline.com.newsblur.network.APIResponse: 	at okhttp3.internal.http1.Http1ExchangeCodec.readResponseHeaders(Http1ExchangeCodec.java:213)
08-05 19:57:32.176 29070  3081 E baseline.com.newsblur.network.APIResponse: 	... 30 more
08-05 19:57:32.178 29070  3081 I baseline.com.newsblur.network.APIManager: API call failed, pausing before retry number 2
08-05 19:57:32.396 29070  2197 I art     : Starting a blocking GC Explicit
08-05 19:57:32.460 29070  2197 I art     : Explicit concurrent mark sweep GC freed 8474(570KB) AllocSpace objects, 3(60KB) LOS objects, 28% free, 41MB/57MB, paused 1.594ms total 63.006ms
08-05 19:57:32.478 29070  2197 I art     : Starting a blocking GC Explicit
08-05 19:57:32.535 29070  2197 I art     : Explicit concurrent mark sweep GC freed 323(11KB) AllocSpace objects, 0(0B) LOS objects, 28% free, 41MB/57MB, paused 1.456ms total 56.607ms
08-05 19:57:32.549 29070  2197 I art     : Starting a blocking GC Explicit
08-05 19:57:32.606 29070  2197 I art     : Explicit concurrent mark sweep GC freed 3(96B) AllocSpace objects, 0(0B) LOS objects, 28% free, 41MB/57MB, paused 1.427ms total 56.065ms
08-05 19:57:32.620 29070  2197 I art     : Starting a blocking GC Explicit
08-05 19:57:32.678 29070  2197 I art     : Explicit concurrent mark sweep GC freed 3(96B) AllocSpace objects, 0(0B) LOS objects, 28% free, 41MB/57MB, paused 1.629ms total 57.465ms
08-05 19:57:32.694 29070  2197 I art     : Starting a blocking GC Explicit
08-05 19:57:32.750 29070  2197 I art     : Explicit concurrent mark sweep GC freed 1595(62KB) AllocSpace objects, 0(0B) LOS objects, 28% free, 41MB/57MB, paused 1.576ms total 55.324ms
08-05 19:57:33.152 29070  2422 I art     : Starting a blocking GC Explicit
08-05 19:57:33.214 29070  2422 I art     : Explicit concurrent mark sweep GC freed 1861(113KB) AllocSpace objects, 1(20KB) LOS objects, 28% free, 41MB/57MB, paused 1.448ms total 61.787ms
08-05 19:57:33.233 29070  2422 I art     : Starting a blocking GC Explicit
08-05 19:57:33.290 29070  2422 I art     : Explicit concurrent mark sweep GC freed 65(2400B) AllocSpace objects, 0(0B) LOS objects, 28% free, 41MB/57MB, paused 1.553ms total 57.270ms
08-05 19:57:33.304 29070  2422 I art     : Starting a blocking GC Explicit
08-05 19:57:33.359 29070  2422 I art     : Explicit concurrent mark sweep GC freed 3(96B) AllocSpace objects, 0(0B) LOS objects, 28% free, 41MB/57MB, paused 1.492ms total 54.345ms
08-05 19:57:33.373 29070  2422 I art     : Starting a blocking GC Explicit
08-05 19:57:33.431 29070  2422 I art     : Explicit concurrent mark sweep GC freed 3(96B) AllocSpace objects, 0(0B) LOS objects, 28% free, 41MB/57MB, paused 1.590ms total 57.813ms
08-05 19:57:33.445 29070  2422 I art     : Starting a blocking GC Explicit
08-05 19:57:33.503 29070  2422 I art     : Explicit concurrent mark sweep GC freed 3(96B) AllocSpace objects, 0(0B) LOS objects, 28% free, 41MB/57MB, paused 1.572ms total 57.753ms
08-05 19:57:33.894 29070 29081 I art     : Starting a blocking GC Explicit
08-05 19:57:33.956 29070 29081 I art     : Explicit concurrent mark sweep GC freed 1443(83KB) AllocSpace objects, 1(20KB) LOS objects, 28% free, 41MB/57MB, paused 1.636ms total 60.957ms
08-05 19:57:33.972 29070 29081 I art     : Starting a blocking GC Explicit
08-05 19:57:34.030 29070 29081 I art     : Explicit concurrent mark sweep GC freed 22(784B) AllocSpace objects, 0(0B) LOS objects, 28% free, 41MB/57MB, paused 1.485ms total 57.430ms
08-05 19:57:34.044 29070 29081 I art     : Starting a blocking GC Explicit
08-05 19:57:34.104 29070 29081 I art     : Explicit concurrent mark sweep GC freed 3(96B) AllocSpace objects, 0(0B) LOS objects, 28% free, 41MB/57MB, paused 1.479ms total 59.887ms
08-05 19:57:34.119 29070 29081 I art     : Starting a blocking GC Explicit
08-05 19:57:34.178 29070 29081 I art     : Explicit concurrent mark sweep GC freed 3(96B) AllocSpace objects, 0(0B) LOS objects, 28% free, 41MB/57MB, paused 1.648ms total 58.593ms
08-05 19:57:34.192 29070 29081 I art     : Starting a blocking GC Explicit
08-05 19:57:34.250 29070 29081 I art     : Explicit concurrent mark sweep GC freed 3(96B) AllocSpace objects, 0(0B) LOS objects, 28% free, 41MB/57MB, paused 1.415ms total 57.294ms
08-05 19:57:34.653 29070 29082 I art     : Starting a blocking GC Explicit
08-05 19:57:34.715 29070 29082 I art     : Explicit concurrent mark sweep GC freed 1444(83KB) AllocSpace objects, 1(20KB) LOS objects, 28% free, 41MB/57MB, paused 1.568ms total 61.999ms
08-05 19:57:34.733 29070 29082 I art     : Starting a blocking GC Explicit
08-05 19:57:34.786 29070 29082 I art     : Explicit concurrent mark sweep GC freed 22(784B) AllocSpace objects, 0(0B) LOS objects, 28% free, 41MB/57MB, paused 1.533ms total 53.386ms
08-05 19:57:34.801 29070 29082 I art     : Starting a blocking GC Explicit
08-05 19:57:34.858 29070 29082 I art     : Explicit concurrent mark sweep GC freed 3(96B) AllocSpace objects, 0(0B) LOS objects, 28% free, 41MB/57MB, paused 1.613ms total 56.742ms
08-05 19:57:34.872 29070 29082 I art     : Starting a blocking GC Explicit
08-05 19:57:34.929 29070 29082 I art     : Explicit concurrent mark sweep GC freed 3(96B) AllocSpace objects, 0(0B) LOS objects, 28% free, 41MB/57MB, paused 1.439ms total 56.952ms
08-05 19:57:34.945 29070 29082 I art     : Starting a blocking GC Explicit
08-05 19:57:35.003 29070 29082 I art     : Explicit concurrent mark sweep GC freed 3(96B) AllocSpace objects, 0(0B) LOS objects, 28% free, 41MB/57MB, paused 1.412ms total 57.892ms
08-05 19:57:35.401 29070  2197 I art     : Starting a blocking GC Explicit
08-05 19:57:35.462 29070  2197 I art     : Explicit concurrent mark sweep GC freed 1608(91KB) AllocSpace objects, 1(20KB) LOS objects, 28% free, 41MB/57MB, paused 1.614ms total 60.390ms
08-05 19:57:35.477 29070  2197 I art     : Starting a blocking GC Explicit
08-05 19:57:35.536 29070  2197 I art     : Explicit concurrent mark sweep GC freed 28(1040B) AllocSpace objects, 0(0B) LOS objects, 28% free, 41MB/57MB, paused 1.636ms total 58.347ms
08-05 19:57:35.550 29070  2197 I art     : Starting a blocking GC Explicit
08-05 19:57:35.609 29070  2197 I art     : Explicit concurrent mark sweep GC freed 3(96B) AllocSpace objects, 0(0B) LOS objects, 28% free, 41MB/57MB, paused 1.604ms total 58.104ms
08-05 19:57:35.627 29070  2197 I art     : Starting a blocking GC Explicit
08-05 19:57:35.681 29070  2197 I art     : Explicit concurrent mark sweep GC freed 1657(64KB) AllocSpace objects, 0(0B) LOS objects, 28% free, 41MB/57MB, paused 1.597ms total 53.791ms
08-05 19:57:35.695 29070  2197 I art     : Starting a blocking GC Explicit
08-05 19:57:35.710 29070  3081 E baseline.com.newsblur.network.APIResponse: Error (unexpected end of stream on https://www.newsblur.com/...) calling https://www.newsblur.com/reader/mark_story_hashes_as_read/
08-05 19:57:35.710 29070  3081 E baseline.com.newsblur.network.APIResponse: java.io.IOException: unexpected end of stream on https://www.newsblur.com/...
08-05 19:57:35.710 29070  3081 E baseline.com.newsblur.network.APIResponse: 	at okhttp3.internal.http1.Http1ExchangeCodec.readResponseHeaders(Http1ExchangeCodec.java:236)
08-05 19:57:35.710 29070  3081 E baseline.com.newsblur.network.APIResponse: 	at okhttp3.internal.connection.Exchange.readResponseHeaders(Exchange.java:115)
08-05 19:57:35.710 29070  3081 E baseline.com.newsblur.network.APIResponse: 	at okhttp3.internal.http.CallServerInterceptor.intercept(CallServerInterceptor.java:94)
08-05 19:57:35.710 29070  3081 E baseline.com.newsblur.network.APIResponse: 	at okhttp3.internal.http.RealInterceptorChain.proceed(RealInterceptorChain.java:142)
08-05 19:57:35.710 29070  3081 E baseline.com.newsblur.network.APIResponse: 	at okhttp3.internal.connection.ConnectInterceptor.intercept(ConnectInterceptor.java:43)
08-05 19:57:35.710 29070  3081 E baseline.com.newsblur.network.APIResponse: 	at okhttp3.internal.http.RealInterceptorChain.proceed(RealInterceptorChain.java:142)
08-05 19:57:35.710 29070  3081 E baseline.com.newsblur.network.APIResponse: 	at okhttp3.internal.http.RealInterceptorChain.proceed(RealInterceptorChain.java:117)
08-05 19:57:35.710 29070  3081 E baseline.com.newsblur.network.APIResponse: 	at okhttp3.internal.cache.CacheInterceptor.intercept(CacheInterceptor.java:94)
08-05 19:57:35.710 29070  3081 E baseline.com.newsblur.network.APIResponse: 	at okhttp3.internal.http.RealInterceptorChain.proceed(RealInterceptorChain.java:142)
08-05 19:57:35.710 29070  3081 E baseline.com.newsblur.network.APIResponse: 	at okhttp3.internal.http.RealInterceptorChain.proceed(RealInterceptorChain.java:117)
08-05 19:57:35.710 29070  3081 E baseline.com.newsblur.network.APIResponse: 	at okhttp3.internal.http.BridgeInterceptor.intercept(BridgeInterceptor.java:93)
08-05 19:57:35.710 29070  3081 E baseline.com.newsblur.network.APIResponse: 	at okhttp3.internal.http.RealInterceptorChain.proceed(RealInterceptorChain.java:142)
08-05 19:57:35.710 29070  3081 E baseline.com.newsblur.network.APIResponse: 	at okhttp3.internal.http.RetryAndFollowUpInterceptor.intercept(RetryAndFollowUpInterceptor.java:88)
08-05 19:57:35.710 29070  3081 E baseline.com.newsblur.network.APIResponse: 	at okhttp3.internal.http.RealInterceptorChain.proceed(RealInterceptorChain.java:142)
08-05 19:57:35.710 29070  3081 E baseline.com.newsblur.network.APIResponse: 	at okhttp3.internal.http.RealInterceptorChain.proceed(RealInterceptorChain.java:117)
08-05 19:57:35.710 29070  3081 E baseline.com.newsblur.network.APIResponse: 	at okhttp3.RealCall.getResponseWithInterceptorChain(RealCall.java:229)
08-05 19:57:35.710 29070  3081 E baseline.com.newsblur.network.APIResponse: 	at okhttp3.RealCall.execute(RealCall.java:81)
08-05 19:57:35.710 29070  3081 E baseline.com.newsblur.network.APIResponse: 	at baseline.com.newsblur.network.APIResponse.<init>(APIResponse.java:57)
08-05 19:57:35.710 29070  3081 E baseline.com.newsblur.network.APIResponse: 	at baseline.com.newsblur.network.APIResponse.<init>(APIResponse.java:43)
08-05 19:57:35.710 29070  3081 E baseline.com.newsblur.network.APIResponse: 	at baseline.com.newsblur.network.APIManager.post_single(APIManager.java:702)
08-05 19:57:35.710 29070  3081 E baseline.com.newsblur.network.APIResponse: 	at baseline.com.newsblur.network.APIManager.post(APIManager.java:675)
08-05 19:57:35.710 29070  3081 E baseline.com.newsblur.network.APIResponse: 	at baseline.com.newsblur.network.APIManager.post(APIManager.java:714)
08-05 19:57:35.710 29070  3081 E baseline.com.newsblur.network.APIResponse: 	at baseline.com.newsblur.network.APIManager.markStoryAsRead(APIManager.java:205)
08-05 19:57:35.710 29070  3081 E baseline.com.newsblur.network.APIResponse: 	at baseline.com.newsblur.util.ReadingAction.doRemote(ReadingAction.java:281)
08-05 19:57:35.710 29070  3081 E baseline.com.newsblur.network.APIResponse: 	at baseline.com.newsblur.service.NBSyncService.syncActions(NBSyncService.java:400)
08-05 19:57:35.710 29070  3081 E baseline.com.newsblur.network.APIResponse: 	at baseline.com.newsblur.service.NBSyncService.doSync(NBSyncService.java:298)
08-05 19:57:35.710 29070  3081 E baseline.com.newsblur.network.APIResponse: 	at baseline.com.newsblur.service.NBSyncService.access$100(NBSyncService.java:67)
08-05 19:57:35.710 29070  3081 E baseline.com.newsblur.network.APIResponse: 	at baseline.com.newsblur.service.NBSyncService$1.run(NBSyncService.java:188)
08-05 19:57:35.710 29070  3081 E baseline.com.newsblur.network.APIResponse: 	at java.util.concurrent.ThreadPoolExecutor.runWorker(ThreadPoolExecutor.java:1113)
08-05 19:57:35.710 29070  3081 E baseline.com.newsblur.network.APIResponse: 	at java.util.concurrent.ThreadPoolExecutor$Worker.run(ThreadPoolExecutor.java:588)
08-05 19:57:35.710 29070  3081 E baseline.com.newsblur.network.APIResponse: 	at java.lang.Thread.run(Thread.java:818)
08-05 19:57:35.710 29070  3081 E baseline.com.newsblur.network.APIResponse: Caused by: java.io.EOFException: \n not found: limit=0 content=
08-05 19:57:35.710 29070  3081 E baseline.com.newsblur.network.APIResponse: 	at okio.RealBufferedSource.readUtf8LineStrict(RealBufferedSource.java:240)
08-05 19:57:35.710 29070  3081 E baseline.com.newsblur.network.APIResponse: 	at okhttp3.internal.http1.Http1ExchangeCodec.readHeaderLine(Http1ExchangeCodec.java:242)
08-05 19:57:35.710 29070  3081 E baseline.com.newsblur.network.APIResponse: 	at okhttp3.internal.http1.Http1ExchangeCodec.readResponseHeaders(Http1ExchangeCodec.java:213)
08-05 19:57:35.710 29070  3081 E baseline.com.newsblur.network.APIResponse: 	... 30 more
08-05 19:57:35.713 29070  3081 I baseline.com.newsblur.service.NBSyncService: Holding reading action with server-side or network error.
08-05 19:57:35.726 29070  3081 W baseline.com.newsblur.service.NBSyncService: hard API failure
08-05 19:57:35.749 29070  2197 I art     : Explicit concurrent mark sweep GC freed 1173(242KB) AllocSpace objects, 4(80KB) LOS objects, 28% free, 41MB/57MB, paused 1.610ms total 53.730ms
08-05 19:57:36.148 29070  2422 I art     : Starting a blocking GC Explicit
08-05 19:57:36.205 29070  2422 I art     : Explicit concurrent mark sweep GC freed 3280(168KB) AllocSpace objects, 1(20KB) LOS objects, 28% free, 41MB/57MB, paused 1.649ms total 57.381ms
08-05 19:57:36.220 29070  2422 I art     : Starting a blocking GC Explicit
08-05 19:57:36.238 29070  3081 E baseline.com.newsblur.network.APIResponse: Error (unexpected end of stream on https://www.newsblur.com/...) calling https://www.newsblur.com/reader/mark_story_hashes_as_read/
08-05 19:57:36.238 29070  3081 E baseline.com.newsblur.network.APIResponse: java.io.IOException: unexpected end of stream on https://www.newsblur.com/...
08-05 19:57:36.238 29070  3081 E baseline.com.newsblur.network.APIResponse: 	at okhttp3.internal.http1.Http1ExchangeCodec.readResponseHeaders(Http1ExchangeCodec.java:236)
08-05 19:57:36.238 29070  3081 E baseline.com.newsblur.network.APIResponse: 	at okhttp3.internal.connection.Exchange.readResponseHeaders(Exchange.java:115)
08-05 19:57:36.238 29070  3081 E baseline.com.newsblur.network.APIResponse: 	at okhttp3.internal.http.CallServerInterceptor.intercept(CallServerInterceptor.java:94)
08-05 19:57:36.238 29070  3081 E baseline.com.newsblur.network.APIResponse: 	at okhttp3.internal.http.RealInterceptorChain.proceed(RealInterceptorChain.java:142)
08-05 19:57:36.238 29070  3081 E baseline.com.newsblur.network.APIResponse: 	at okhttp3.internal.connection.ConnectInterceptor.intercept(ConnectInterceptor.java:43)
08-05 19:57:36.238 29070  3081 E baseline.com.newsblur.network.APIResponse: 	at okhttp3.internal.http.RealInterceptorChain.proceed(RealInterceptorChain.java:142)
08-05 19:57:36.238 29070  3081 E baseline.com.newsblur.network.APIResponse: 	at okhttp3.internal.http.RealInterceptorChain.proceed(RealInterceptorChain.java:117)
08-05 19:57:36.238 29070  3081 E baseline.com.newsblur.network.APIResponse: 	at okhttp3.internal.cache.CacheInterceptor.intercept(CacheInterceptor.java:94)
08-05 19:57:36.238 29070  3081 E baseline.com.newsblur.network.APIResponse: 	at okhttp3.internal.http.RealInterceptorChain.proceed(RealInterceptorChain.java:142)
08-05 19:57:36.238 29070  3081 E baseline.com.newsblur.network.APIResponse: 	at okhttp3.internal.http.RealInterceptorChain.proceed(RealInterceptorChain.java:117)
08-05 19:57:36.238 29070  3081 E baseline.com.newsblur.network.APIResponse: 	at okhttp3.internal.http.BridgeInterceptor.intercept(BridgeInterceptor.java:93)
08-05 19:57:36.238 29070  3081 E baseline.com.newsblur.network.APIResponse: 	at okhttp3.internal.http.RealInterceptorChain.proceed(RealInterceptorChain.java:142)
08-05 19:57:36.238 29070  3081 E baseline.com.newsblur.network.APIResponse: 	at okhttp3.internal.http.RetryAndFollowUpInterceptor.intercept(RetryAndFollowUpInterceptor.java:88)
08-05 19:57:36.238 29070  3081 E baseline.com.newsblur.network.APIResponse: 	at okhttp3.internal.http.RealInterceptorChain.proceed(RealInterceptorChain.java:142)
08-05 19:57:36.238 29070  3081 E baseline.com.newsblur.network.APIResponse: 	at okhttp3.internal.http.RealInterceptorChain.proceed(RealInterceptorChain.java:117)
08-05 19:57:36.238 29070  3081 E baseline.com.newsblur.network.APIResponse: 	at okhttp3.RealCall.getResponseWithInterceptorChain(RealCall.java:229)
08-05 19:57:36.238 29070  3081 E baseline.com.newsblur.network.APIResponse: 	at okhttp3.RealCall.execute(RealCall.java:81)
08-05 19:57:36.238 29070  3081 E baseline.com.newsblur.network.APIResponse: 	at baseline.com.newsblur.network.APIResponse.<init>(APIResponse.java:57)
08-05 19:57:36.238 29070  3081 E baseline.com.newsblur.network.APIResponse: 	at baseline.com.newsblur.network.APIResponse.<init>(APIResponse.java:43)
08-05 19:57:36.238 29070  3081 E baseline.com.newsblur.network.APIResponse: 	at baseline.com.newsblur.network.APIManager.post_single(APIManager.java:702)
08-05 19:57:36.238 29070  3081 E baseline.com.newsblur.network.APIResponse: 	at baseline.com.newsblur.network.APIManager.post(APIManager.java:675)
08-05 19:57:36.238 29070  3081 E baseline.com.newsblur.network.APIResponse: 	at baseline.com.newsblur.network.APIManager.post(APIManager.java:714)
08-05 19:57:36.238 29070  3081 E baseline.com.newsblur.network.APIResponse: 	at baseline.com.newsblur.network.APIManager.markStoryAsRead(APIManager.java:205)
08-05 19:57:36.238 29070  3081 E baseline.com.newsblur.network.APIResponse: 	at baseline.com.newsblur.util.ReadingAction.doRemote(ReadingAction.java:281)
08-05 19:57:36.238 29070  3081 E baseline.com.newsblur.network.APIResponse: 	at baseline.com.newsblur.service.NBSyncService.syncActions(NBSyncService.java:400)
08-05 19:57:36.238 29070  3081 E baseline.com.newsblur.network.APIResponse: 	at baseline.com.newsblur.service.NBSyncService.doSync(NBSyncService.java:298)
08-05 19:57:36.238 29070  3081 E baseline.com.newsblur.network.APIResponse: 	at baseline.com.newsblur.service.NBSyncService.access$100(NBSyncService.java:67)
08-05 19:57:36.238 29070  3081 E baseline.com.newsblur.network.APIResponse: 	at baseline.com.newsblur.service.NBSyncService$1.run(NBSyncService.java:188)
08-05 19:57:36.238 29070  3081 E baseline.com.newsblur.network.APIResponse: 	at java.util.concurrent.ThreadPoolExecutor.runWorker(ThreadPoolExecutor.java:1113)
08-05 19:57:36.238 29070  3081 E baseline.com.newsblur.network.APIResponse: 	at java.util.concurrent.ThreadPoolExecutor$Worker.run(ThreadPoolExecutor.java:588)
08-05 19:57:36.238 29070  3081 E baseline.com.newsblur.network.APIResponse: 	at java.lang.Thread.run(Thread.java:818)
08-05 19:57:36.238 29070  3081 E baseline.com.newsblur.network.APIResponse: Caused by: java.io.EOFException: \n not found: limit=0 content=
08-05 19:57:36.238 29070  3081 E baseline.com.newsblur.network.APIResponse: 	at okio.RealBufferedSource.readUtf8LineStrict(RealBufferedSource.java:240)
08-05 19:57:36.238 29070  3081 E baseline.com.newsblur.network.APIResponse: 	at okhttp3.internal.http1.Http1ExchangeCodec.readHeaderLine(Http1ExchangeCodec.java:242)
08-05 19:57:36.238 29070  3081 E baseline.com.newsblur.network.APIResponse: 	at okhttp3.internal.http1.Http1ExchangeCodec.readResponseHeaders(Http1ExchangeCodec.java:213)
08-05 19:57:36.238 29070  3081 E baseline.com.newsblur.network.APIResponse: 	... 30 more
08-05 19:57:36.240 29070  3081 I baseline.com.newsblur.network.APIManager: API call failed, pausing before retry number 1
08-05 19:57:36.278 29070  2422 I art     : Explicit concurrent mark sweep GC freed 870(197KB) AllocSpace objects, 2(40KB) LOS objects, 28% free, 41MB/57MB, paused 1.667ms total 57.592ms
08-05 19:57:36.293 29070  2422 I art     : Starting a blocking GC Explicit
08-05 19:57:36.346 29070  2422 I art     : Explicit concurrent mark sweep GC freed 110(16KB) AllocSpace objects, 0(0B) LOS objects, 28% free, 40MB/56MB, paused 1.484ms total 53.318ms
08-05 19:57:36.360 29070  2422 I art     : Starting a blocking GC Explicit
08-05 19:57:36.418 29070  2422 I art     : Explicit concurrent mark sweep GC freed 25(832B) AllocSpace objects, 0(0B) LOS objects, 28% free, 40MB/56MB, paused 1.543ms total 57.779ms
08-05 19:57:36.433 29070  2422 I art     : Starting a blocking GC Explicit
08-05 19:57:36.467  5179  5194 D QcrilMsgTunnelSocket: readRilMessage: Buffer = [B@671e81d HexData = [010000000404000011000000514f454d484f4f4bef0308000100000003]
08-05 19:57:36.467  5179  5194 D QcrilMsgTunnelSocket: Rcvd UNSOL response with 28 bytes data for SUB0
08-05 19:57:36.467  5179  5194 D QcrilMsgTunnelSocket: Response ID 525295 is not served in this process.
08-05 19:57:36.468  5179  5194 D QcrilMsgTunnelSocket: To broadcast an Intent via the notifier to external apps
08-05 19:57:36.468  5179  5179 D QcrilMsgTunnelIfaceManager: handleMessage what = 0
08-05 19:57:36.469  5179  5179 D QcrilMsgTunnelIfaceManager: Broadcasting intent ACTION_UNSOL_RESPONSE_OEM_HOOK_RAW
08-05 19:57:36.471  5164  5164 D QC_RIL_OEM_HOOK: Received Broadcast Intent ACTION_UNSOL_RESPONSE_OEM_HOOK_RAW
08-05 19:57:36.472  5164  5164 D QC_RIL_OEM_HOOK: Oem ID in QCRILHOOK UNSOL RESP is QOEMHOOK
08-05 19:57:36.486 29070  2422 I art     : Explicit concurrent mark sweep GC freed 3(96B) AllocSpace objects, 0(0B) LOS objects, 28% free, 40MB/56MB, paused 1.359ms total 52.807ms
08-05 19:57:36.873 29070 29081 I art     : Starting a blocking GC Explicit
08-05 19:57:36.933 29070 29081 I art     : Explicit concurrent mark sweep GC freed 1443(83KB) AllocSpace objects, 1(20KB) LOS objects, 28% free, 40MB/56MB, paused 1.515ms total 59.408ms
08-05 19:57:36.949 29070 29081 I art     : Starting a blocking GC Explicit
08-05 19:57:37.004 29070 29081 I art     : Explicit concurrent mark sweep GC freed 22(784B) AllocSpace objects, 0(0B) LOS objects, 28% free, 40MB/56MB, paused 1.491ms total 54.406ms
08-05 19:57:37.017 29070 29081 I art     : Starting a blocking GC Explicit
08-05 19:57:37.072 29070 29081 I art     : Explicit concurrent mark sweep GC freed 3(96B) AllocSpace objects, 0(0B) LOS objects, 28% free, 40MB/56MB, paused 1.411ms total 54.682ms
08-05 19:57:37.086 29070 29081 I art     : Starting a blocking GC Explicit
08-05 19:57:37.142 29070 29081 I art     : Explicit concurrent mark sweep GC freed 3(96B) AllocSpace objects, 0(0B) LOS objects, 28% free, 40MB/56MB, paused 1.482ms total 55.745ms
08-05 19:57:37.156 29070 29081 I art     : Starting a blocking GC Explicit
08-05 19:57:37.212 29070 29081 I art     : Explicit concurrent mark sweep GC freed 3(96B) AllocSpace objects, 0(0B) LOS objects, 28% free, 40MB/56MB, paused 1.487ms total 55.090ms
08-05 19:57:37.616 29070 29082 I art     : Starting a blocking GC Explicit
08-05 19:57:37.679 29070 29082 I art     : Explicit concurrent mark sweep GC freed 1443(83KB) AllocSpace objects, 1(20KB) LOS objects, 28% free, 40MB/56MB, paused 1.665ms total 62.283ms
08-05 19:57:37.697 29070 29082 I art     : Starting a blocking GC Explicit
08-05 19:57:37.751 29070 29082 I art     : Explicit concurrent mark sweep GC freed 113(4KB) AllocSpace objects, 0(0B) LOS objects, 28% free, 40MB/56MB, paused 1.600ms total 53.967ms
08-05 19:57:37.765 29070 29082 I art     : Starting a blocking GC Explicit
08-05 19:57:37.821 29070 29082 I art     : Explicit concurrent mark sweep GC freed 71(4KB) AllocSpace objects, 0(0B) LOS objects, 28% free, 40MB/56MB, paused 1.481ms total 55.993ms
08-05 19:57:37.836 29070 29082 I art     : Starting a blocking GC Explicit
08-05 19:57:37.894 29070 29082 I art     : Explicit concurrent mark sweep GC freed 15(1600B) AllocSpace objects, 0(0B) LOS objects, 28% free, 40MB/56MB, paused 1.577ms total 57.755ms
08-05 19:57:37.908 29070 29082 I art     : Starting a blocking GC Explicit
08-05 19:57:37.963 29070 29082 I art     : Explicit concurrent mark sweep GC freed 3(96B) AllocSpace objects, 0(0B) LOS objects, 28% free, 40MB/56MB, paused 1.439ms total 54.960ms
08-05 19:57:38.262 29070  3081 E baseline.com.newsblur.network.APIResponse: Error (unexpected end of stream on https://www.newsblur.com/...) calling https://www.newsblur.com/reader/mark_story_hashes_as_read/
08-05 19:57:38.262 29070  3081 E baseline.com.newsblur.network.APIResponse: java.io.IOException: unexpected end of stream on https://www.newsblur.com/...
08-05 19:57:38.262 29070  3081 E baseline.com.newsblur.network.APIResponse: 	at okhttp3.internal.http1.Http1ExchangeCodec.readResponseHeaders(Http1ExchangeCodec.java:236)
08-05 19:57:38.262 29070  3081 E baseline.com.newsblur.network.APIResponse: 	at okhttp3.internal.connection.Exchange.readResponseHeaders(Exchange.java:115)
08-05 19:57:38.262 29070  3081 E baseline.com.newsblur.network.APIResponse: 	at okhttp3.internal.http.CallServerInterceptor.intercept(CallServerInterceptor.java:94)
08-05 19:57:38.262 29070  3081 E baseline.com.newsblur.network.APIResponse: 	at okhttp3.internal.http.RealInterceptorChain.proceed(RealInterceptorChain.java:142)
08-05 19:57:38.262 29070  3081 E baseline.com.newsblur.network.APIResponse: 	at okhttp3.internal.connection.ConnectInterceptor.intercept(ConnectInterceptor.java:43)
08-05 19:57:38.262 29070  3081 E baseline.com.newsblur.network.APIResponse: 	at okhttp3.internal.http.RealInterceptorChain.proceed(RealInterceptorChain.java:142)
08-05 19:57:38.262 29070  3081 E baseline.com.newsblur.network.APIResponse: 	at okhttp3.internal.http.RealInterceptorChain.proceed(RealInterceptorChain.java:117)
08-05 19:57:38.262 29070  3081 E baseline.com.newsblur.network.APIResponse: 	at okhttp3.internal.cache.CacheInterceptor.intercept(CacheInterceptor.java:94)
08-05 19:57:38.262 29070  3081 E baseline.com.newsblur.network.APIResponse: 	at okhttp3.internal.http.RealInterceptorChain.proceed(RealInterceptorChain.java:142)
08-05 19:57:38.262 29070  3081 E baseline.com.newsblur.network.APIResponse: 	at okhttp3.internal.http.RealInterceptorChain.proceed(RealInterceptorChain.java:117)
08-05 19:57:38.262 29070  3081 E baseline.com.newsblur.network.APIResponse: 	at okhttp3.internal.http.BridgeInterceptor.intercept(BridgeInterceptor.java:93)
08-05 19:57:38.262 29070  3081 E baseline.com.newsblur.network.APIResponse: 	at okhttp3.internal.http.RealInterceptorChain.proceed(RealInterceptorChain.java:142)
08-05 19:57:38.262 29070  3081 E baseline.com.newsblur.network.APIResponse: 	at okhttp3.internal.http.RetryAndFollowUpInterceptor.intercept(RetryAndFollowUpInterceptor.java:88)
08-05 19:57:38.262 29070  3081 E baseline.com.newsblur.network.APIResponse: 	at okhttp3.internal.http.RealInterceptorChain.proceed(RealInterceptorChain.java:142)
08-05 19:57:38.262 29070  3081 E baseline.com.newsblur.network.APIResponse: 	at okhttp3.internal.http.RealInterceptorChain.proceed(RealInterceptorChain.java:117)
08-05 19:57:38.262 29070  3081 E baseline.com.newsblur.network.APIResponse: 	at okhttp3.RealCall.getResponseWithInterceptorChain(RealCall.java:229)
08-05 19:57:38.262 29070  3081 E baseline.com.newsblur.network.APIResponse: 	at okhttp3.RealCall.execute(RealCall.java:81)
08-05 19:57:38.262 29070  3081 E baseline.com.newsblur.network.APIResponse: 	at baseline.com.newsblur.network.APIResponse.<init>(APIResponse.java:57)
08-05 19:57:38.262 29070  3081 E baseline.com.newsblur.network.APIResponse: 	at baseline.com.newsblur.network.APIResponse.<init>(APIResponse.java:43)
08-05 19:57:38.262 29070  3081 E baseline.com.newsblur.network.APIResponse: 	at baseline.com.newsblur.network.APIManager.post_single(APIManager.java:702)
08-05 19:57:38.262 29070  3081 E baseline.com.newsblur.network.APIResponse: 	at baseline.com.newsblur.network.APIManager.post(APIManager.java:675)
08-05 19:57:38.262 29070  3081 E baseline.com.newsblur.network.APIResponse: 	at baseline.com.newsblur.network.APIManager.post(APIManager.java:714)
08-05 19:57:38.262 29070  3081 E baseline.com.newsblur.network.APIResponse: 	at baseline.com.newsblur.network.APIManager.markStoryAsRead(APIManager.java:205)
08-05 19:57:38.262 29070  3081 E baseline.com.newsblur.network.APIResponse: 	at baseline.com.newsblur.util.ReadingAction.doRemote(ReadingAction.java:281)
08-05 19:57:38.262 29070  3081 E baseline.com.newsblur.network.APIResponse: 	at baseline.com.newsblur.service.NBSyncService.syncActions(NBSyncService.java:400)
08-05 19:57:38.262 29070  3081 E baseline.com.newsblur.network.APIResponse: 	at baseline.com.newsblur.service.NBSyncService.doSync(NBSyncService.java:298)
08-05 19:57:38.262 29070  3081 E baseline.com.newsblur.network.APIResponse: 	at baseline.com.newsblur.service.NBSyncService.access$100(NBSyncService.java:67)
08-05 19:57:38.262 29070  3081 E baseline.com.newsblur.network.APIResponse: 	at baseline.com.newsblur.service.NBSyncService$1.run(NBSyncService.java:188)
08-05 19:57:38.262 29070  3081 E baseline.com.newsblur.network.APIResponse: 	at java.util.concurrent.ThreadPoolExecutor.runWorker(ThreadPoolExecutor.java:1113)
08-05 19:57:38.262 29070  3081 E baseline.com.newsblur.network.APIResponse: 	at java.util.concurrent.ThreadPoolExecutor$Worker.run(ThreadPoolExecutor.java:588)
08-05 19:57:38.262 29070  3081 E baseline.com.newsblur.network.APIResponse: 	at java.lang.Thread.run(Thread.java:818)
08-05 19:57:38.262 29070  3081 E baseline.com.newsblur.network.APIResponse: Caused by: java.io.EOFException: \n not found: limit=0 content=
08-05 19:57:38.262 29070  3081 E baseline.com.newsblur.network.APIResponse: 	at okio.RealBufferedSource.readUtf8LineStrict(RealBufferedSource.java:240)
08-05 19:57:38.262 29070  3081 E baseline.com.newsblur.network.APIResponse: 	at okhttp3.internal.http1.Http1ExchangeCodec.readHeaderLine(Http1ExchangeCodec.java:242)
08-05 19:57:38.262 29070  3081 E baseline.com.newsblur.network.APIResponse: 	at okhttp3.internal.http1.Http1ExchangeCodec.readResponseHeaders(Http1ExchangeCodec.java:213)
08-05 19:57:38.262 29070  3081 E baseline.com.newsblur.network.APIResponse: 	... 30 more
08-05 19:57:38.264 29070  3081 I baseline.com.newsblur.network.APIManager: API call failed, pausing before retry number 2
08-05 19:57:38.328 29070  2197 I art     : Starting a blocking GC Explicit
08-05 19:57:38.387 29070  2197 I art     : Explicit concurrent mark sweep GC freed 3954(357KB) AllocSpace objects, 3(60KB) LOS objects, 28% free, 40MB/56MB, paused 1.599ms total 58.081ms
08-05 19:57:38.401 29070  2197 I art     : Starting a blocking GC Explicit
08-05 19:57:38.457 29070  2197 I art     : Explicit concurrent mark sweep GC freed 120(4KB) AllocSpace objects, 0(0B) LOS objects, 28% free, 40MB/56MB, paused 1.603ms total 55.419ms
08-05 19:57:38.471 29070  2197 I art     : Starting a blocking GC Explicit
08-05 19:57:38.527 29070  2197 I art     : Explicit concurrent mark sweep GC freed 3(96B) AllocSpace objects, 0(0B) LOS objects, 28% free, 40MB/56MB, paused 1.572ms total 55.586ms
08-05 19:57:38.542 29070  2197 I art     : Starting a blocking GC Explicit
08-05 19:57:38.599 29070  2197 I art     : Explicit concurrent mark sweep GC freed 3(96B) AllocSpace objects, 0(0B) LOS objects, 28% free, 40MB/56MB, paused 1.517ms total 57.169ms
08-05 19:57:38.613 29070  2197 I art     : Starting a blocking GC Explicit
08-05 19:57:38.669 29070  2197 I art     : Explicit concurrent mark sweep GC freed 3(96B) AllocSpace objects, 0(0B) LOS objects, 28% free, 40MB/56MB, paused 1.617ms total 54.913ms
08-05 19:57:38.673  4099  4099 D AndroidRuntime: >>>>>> START com.android.internal.os.RuntimeInit uid 2000 <<<<<<
08-05 19:57:38.680  4099  4099 D AndroidRuntime: CheckJNI is OFF
08-05 19:57:38.723  4099  4099 D ICU     : No timezone override file found: /data/misc/zoneinfo/current/icu/icu_tzdata.dat
08-05 19:57:38.768  4099  4099 I Radio-JNI: register_android_hardware_Radio DONE
08-05 19:57:38.799  4099  4099 D AndroidRuntime: Calling main entry com.android.commands.input.Input
08-05 19:57:38.803  4099  4099 I Input   : injectKeyEvent: KeyEvent { action=ACTION_DOWN, keyCode=KEYCODE_BACK, scanCode=0, metaState=0, flags=0x0, repeatCount=0, eventTime=820675216, downTime=820675216, deviceId=-1, source=0x101 }
08-05 19:57:38.818  4099  4099 I Input   : injectKeyEvent: KeyEvent { action=ACTION_UP, keyCode=KEYCODE_BACK, scanCode=0, metaState=0, flags=0x0, repeatCount=0, eventTime=820675216, downTime=820675216, deviceId=-1, source=0x101 }
08-05 19:57:38.827  4099  4099 D AndroidRuntime: Shutting down VM
08-05 19:57:38.833 29070 29070 D baseline.com.newsblur.service.NBSyncService: rejecting request for feedset that is exhaused
08-05 19:57:39.006 29070 29070 D baseline.com.newsblur.service.NBSyncService: rejecting request for feedset that is exhaused
08-05 19:57:39.009 13866 13866 I GoogleInputMethodServic: GoogleInputMethodService.onFinishInput():3138 
08-05 19:57:39.010 13866 13866 I GoogleInputMethodServic: GoogleInputMethodService.onStartInput():1808 
08-05 19:57:39.022 29070  2422 I art     : Starting a blocking GC Explicit
08-05 19:57:39.076 29070  2422 I art     : Explicit concurrent mark sweep GC freed 2868(226KB) AllocSpace objects, 5(100KB) LOS objects, 28% free, 41MB/57MB, paused 1.679ms total 53.238ms
08-05 19:57:39.091 29070  2422 I art     : Starting a blocking GC Explicit
08-05 19:57:39.140 29070  2422 I art     : Explicit concurrent mark sweep GC freed 541(41KB) AllocSpace objects, 1(28KB) LOS objects, 28% free, 40MB/56MB, paused 1.883ms total 47.690ms
08-05 19:57:39.154 29070  2422 I art     : Starting a blocking GC Explicit
08-05 19:57:39.208 29070  2422 I art     : Explicit concurrent mark sweep GC freed 3(96B) AllocSpace objects, 0(0B) LOS objects, 28% free, 40MB/56MB, paused 1.756ms total 54.050ms
08-05 19:57:39.225 29070  2422 I art     : Starting a blocking GC Explicit
08-05 19:57:39.290 29070  2422 I art     : Explicit concurrent mark sweep GC freed 3(96B) AllocSpace objects, 0(0B) LOS objects, 28% free, 40MB/56MB, paused 1.515ms total 63.750ms
08-05 19:57:39.308 29070  2422 I art     : Starting a blocking GC Explicit
08-05 19:57:39.361 29070  2422 I art     : Explicit concurrent mark sweep GC freed 43(1632B) AllocSpace objects, 0(0B) LOS objects, 28% free, 40MB/56MB, paused 2.709ms total 52.681ms
08-05 19:57:39.729 29070 29082 I art     : Starting a blocking GC Explicit
08-05 19:57:39.780 29070 29082 I art     : Explicit concurrent mark sweep GC freed 2679(142KB) AllocSpace objects, 1(20KB) LOS objects, 28% free, 40MB/56MB, paused 1.485ms total 50.591ms
08-05 19:57:39.793 29070 29082 I art     : Starting a blocking GC Explicit
08-05 19:57:39.843 29070 29082 I art     : Explicit concurrent mark sweep GC freed 157(7KB) AllocSpace objects, 0(0B) LOS objects, 28% free, 40MB/56MB, paused 1.363ms total 49.525ms
08-05 19:57:39.857 29070 29082 I art     : Starting a blocking GC Explicit
08-05 19:57:39.910 29070 29082 I art     : Explicit concurrent mark sweep GC freed 11(352B) AllocSpace objects, 0(0B) LOS objects, 28% free, 40MB/56MB, paused 1.396ms total 52.727ms
08-05 19:57:39.925 29070 29082 I art     : Starting a blocking GC Explicit
08-05 19:57:39.980 29070 29082 I art     : Explicit concurrent mark sweep GC freed 11(352B) AllocSpace objects, 0(0B) LOS objects, 28% free, 40MB/56MB, paused 1.636ms total 54.391ms
08-05 19:57:39.994 29070 29082 I art     : Starting a blocking GC Explicit
08-05 19:57:40.049 29070 29082 I art     : Explicit concurrent mark sweep GC freed 11(352B) AllocSpace objects, 0(0B) LOS objects, 28% free, 40MB/56MB, paused 1.557ms total 54.987ms
08-05 19:57:40.413  2695  2695 I ServiceManager: Waiting for service AtCmdFwd...
08-05 19:57:40.427 29070 29082 I art     : Starting a blocking GC Explicit
08-05 19:57:40.489 29070 29082 I art     : Explicit concurrent mark sweep GC freed 1495(84KB) AllocSpace objects, 1(20KB) LOS objects, 28% free, 40MB/56MB, paused 1.921ms total 61.636ms
08-05 19:57:40.503 29070 29082 I art     : Starting a blocking GC Explicit
08-05 19:57:40.559 29070 29082 I art     : Explicit concurrent mark sweep GC freed 22(784B) AllocSpace objects, 0(0B) LOS objects, 28% free, 40MB/56MB, paused 1.594ms total 55.454ms
08-05 19:57:40.573 29070 29082 I art     : Starting a blocking GC Explicit
08-05 19:57:40.605  4146  4146 D AndroidRuntime: >>>>>> START com.android.internal.os.RuntimeInit uid 2000 <<<<<<
08-05 19:57:40.611  4146  4146 D AndroidRuntime: CheckJNI is OFF
08-05 19:57:40.629 29070 29082 I art     : Explicit concurrent mark sweep GC freed 3(96B) AllocSpace objects, 0(0B) LOS objects, 28% free, 40MB/56MB, paused 1.654ms total 55.648ms
08-05 19:57:40.643 29070 29082 I art     : Starting a blocking GC Explicit
08-05 19:57:40.660  4146  4146 D ICU     : No timezone override file found: /data/misc/zoneinfo/current/icu/icu_tzdata.dat
08-05 19:57:40.699 29070 29082 I art     : Explicit concurrent mark sweep GC freed 3(96B) AllocSpace objects, 0(0B) LOS objects, 28% free, 40MB/56MB, paused 1.678ms total 55.427ms
08-05 19:57:40.706  4146  4146 I Radio-JNI: register_android_hardware_Radio DONE
08-05 19:57:40.713 29070 29082 I art     : Starting a blocking GC Explicit
08-05 19:57:40.737  4146  4146 D AndroidRuntime: Calling main entry com.android.commands.input.Input
08-05 19:57:40.739  4146  4146 I Input   : injectMotionEvent: MotionEvent { action=ACTION_DOWN, actionButton=0, id[0]=0, x[0]=435.0, y[0]=858.0, toolType[0]=TOOL_TYPE_UNKNOWN, buttonState=0, metaState=0, flags=0x0, edgeFlags=0x0, pointerCount=1, historySize=0, eventTime=820677151, downTime=820677151, deviceId=0, source=0x1002 }
08-05 19:57:40.744  4146  4146 I Input   : injectMotionEvent: MotionEvent { action=ACTION_UP, actionButton=0, id[0]=0, x[0]=435.0, y[0]=858.0, toolType[0]=TOOL_TYPE_UNKNOWN, buttonState=0, metaState=0, flags=0x0, edgeFlags=0x0, pointerCount=1, historySize=0, eventTime=820677151, downTime=820677151, deviceId=0, source=0x1002 }
08-05 19:57:40.746  4146  4146 D AndroidRuntime: Shutting down VM
08-05 19:57:40.759   512  2967 D audio_hw_primary: out_set_parameters: enter: usecase(1: low-latency-playback) kvpairs: routing=2
08-05 19:57:40.763   918  6111 I ActivityManager: START u0 {cmp=baseline.com.newsblur/.activity.AllSharedStoriesReading (has extras)} from uid 10676 on display 0
08-05 19:57:40.766 29070 29082 I art     : Explicit concurrent mark sweep GC freed 443(63KB) AllocSpace objects, 0(0B) LOS objects, 28% free, 40MB/56MB, paused 1.781ms total 53.020ms
08-05 19:57:40.773   512  2967 D audio_hw_primary: select_devices: out_snd_device(2: speaker) in_snd_device(0: none)
08-05 19:57:40.773   512  2967 D msm8974_platform: platform_send_audio_calibration: sending audio calibration for snd_device(2) acdb_id(15)
08-05 19:57:40.773   512  2967 I soundtrigger: audio_extn_sound_trigger_update_device_status: device 0x2 of type 0 for Event 1
08-05 19:57:40.788   512  2967 D audio_hw_primary: enable_snd_device: snd_device(2: speaker)
08-05 19:57:40.790   512  2967 D audio_hw_primary: enable_audio_route: apply and update mixer path: low-latency-playback speaker
08-05 19:57:41.040 13866 13866 I GoogleInputMethodServic: GoogleInputMethodService.onFinishInput():3138 
08-05 19:57:41.041 13866 13866 I GoogleInputMethodServic: GoogleInputMethodService.onStartInput():1808 
08-05 19:57:41.041   918   936 I ActivityManager: Displayed baseline.com.newsblur/.activity.AllSharedStoriesReading: +267ms
08-05 19:57:41.136 29070 29082 I art     : Starting a blocking GC Explicit
08-05 19:57:41.200 29070 29082 I art     : Explicit concurrent mark sweep GC freed 5910(476KB) AllocSpace objects, 19(844KB) LOS objects, 27% free, 41MB/57MB, paused 1.710ms total 64.048ms
08-05 19:57:41.220 29070 29082 I art     : Starting a blocking GC Explicit
08-05 19:57:41.276 29070 29082 I art     : Explicit concurrent mark sweep GC freed 2060(135KB) AllocSpace objects, 1(28KB) LOS objects, 27% free, 41MB/57MB, paused 1.696ms total 56.341ms
08-05 19:57:41.292 29070 29082 I art     : Starting a blocking GC Explicit
08-05 19:57:41.329   512  2967 D audio_hw_primary: disable_audio_route: reset and update mixer path: low-latency-playback speaker
08-05 19:57:41.330   512  2967 D audio_hw_primary: disable_snd_device: snd_device(2: speaker)
08-05 19:57:41.338   512  2967 I soundtrigger: audio_extn_sound_trigger_update_device_status: device 0x2 of type 0 for Event 0
08-05 19:57:41.341 29070 29082 I art     : Explicit concurrent mark sweep GC freed 110(13KB) AllocSpace objects, 0(0B) LOS objects, 27% free, 41MB/57MB, paused 1.474ms total 49.219ms
08-05 19:57:41.354 29070 29082 I art     : Starting a blocking GC Explicit
08-05 19:57:41.375 29070  2777 E chromium: [ERROR:tile_manager.cc(793)] WARNING: tile memory limits exceeded, some content may not draw
08-05 19:57:41.375 29070  2777 E chromium: [ERROR:tile_manager.cc(793)] WARNING: tile memory limits exceeded, some content may not draw
08-05 19:57:41.405 29070 29082 I art     : Explicit concurrent mark sweep GC freed 132(22KB) AllocSpace objects, 0(0B) LOS objects, 27% free, 41MB/57MB, paused 1.533ms total 49.937ms
08-05 19:57:41.415  2695  2695 I ServiceManager: Waiting for service AtCmdFwd...
08-05 19:57:41.420 29070 29082 I art     : Starting a blocking GC Explicit
08-05 19:57:41.472 29070 29082 I art     : Explicit concurrent mark sweep GC freed 176(20KB) AllocSpace objects, 2(48KB) LOS objects, 27% free, 41MB/57MB, paused 1.466ms total 52.104ms
08-05 19:57:41.849 29070  4133 I art     : Starting a blocking GC Explicit
08-05 19:57:41.910 29070  4133 I art     : Explicit concurrent mark sweep GC freed 3055(146KB) AllocSpace objects, 1(20KB) LOS objects, 27% free, 41MB/57MB, paused 1.942ms total 60.046ms
08-05 19:57:41.924 29070  4133 I art     : Starting a blocking GC Explicit
08-05 19:57:41.951 29070  3081 E baseline.com.newsblur.network.APIResponse: Error (unexpected end of stream on https://www.newsblur.com/...) calling https://www.newsblur.com/reader/mark_story_hashes_as_read/
08-05 19:57:41.951 29070  3081 E baseline.com.newsblur.network.APIResponse: java.io.IOException: unexpected end of stream on https://www.newsblur.com/...
08-05 19:57:41.951 29070  3081 E baseline.com.newsblur.network.APIResponse: 	at okhttp3.internal.http1.Http1ExchangeCodec.readResponseHeaders(Http1ExchangeCodec.java:236)
08-05 19:57:41.951 29070  3081 E baseline.com.newsblur.network.APIResponse: 	at okhttp3.internal.connection.Exchange.readResponseHeaders(Exchange.java:115)
08-05 19:57:41.951 29070  3081 E baseline.com.newsblur.network.APIResponse: 	at okhttp3.internal.http.CallServerInterceptor.intercept(CallServerInterceptor.java:94)
08-05 19:57:41.951 29070  3081 E baseline.com.newsblur.network.APIResponse: 	at okhttp3.internal.http.RealInterceptorChain.proceed(RealInterceptorChain.java:142)
08-05 19:57:41.951 29070  3081 E baseline.com.newsblur.network.APIResponse: 	at okhttp3.internal.connection.ConnectInterceptor.intercept(ConnectInterceptor.java:43)
08-05 19:57:41.951 29070  3081 E baseline.com.newsblur.network.APIResponse: 	at okhttp3.internal.http.RealInterceptorChain.proceed(RealInterceptorChain.java:142)
08-05 19:57:41.951 29070  3081 E baseline.com.newsblur.network.APIResponse: 	at okhttp3.internal.http.RealInterceptorChain.proceed(RealInterceptorChain.java:117)
08-05 19:57:41.951 29070  3081 E baseline.com.newsblur.network.APIResponse: 	at okhttp3.internal.cache.CacheInterceptor.intercept(CacheInterceptor.java:94)
08-05 19:57:41.951 29070  3081 E baseline.com.newsblur.network.APIResponse: 	at okhttp3.internal.http.RealInterceptorChain.proceed(RealInterceptorChain.java:142)
08-05 19:57:41.951 29070  3081 E baseline.com.newsblur.network.APIResponse: 	at okhttp3.internal.http.RealInterceptorChain.proceed(RealInterceptorChain.java:117)
08-05 19:57:41.951 29070  3081 E baseline.com.newsblur.network.APIResponse: 	at okhttp3.internal.http.BridgeInterceptor.intercept(BridgeInterceptor.java:93)
08-05 19:57:41.951 29070  3081 E baseline.com.newsblur.network.APIResponse: 	at okhttp3.internal.http.RealInterceptorChain.proceed(RealInterceptorChain.java:142)
08-05 19:57:41.951 29070  3081 E baseline.com.newsblur.network.APIResponse: 	at okhttp3.internal.http.RetryAndFollowUpInterceptor.intercept(RetryAndFollowUpInterceptor.java:88)
08-05 19:57:41.951 29070  3081 E baseline.com.newsblur.network.APIResponse: 	at okhttp3.internal.http.RealInterceptorChain.proceed(RealInterceptorChain.java:142)
08-05 19:57:41.951 29070  3081 E baseline.com.newsblur.network.APIResponse: 	at okhttp3.internal.http.RealInterceptorChain.proceed(RealInterceptorChain.java:117)
08-05 19:57:41.951 29070  3081 E baseline.com.newsblur.network.APIResponse: 	at okhttp3.RealCall.getResponseWithInterceptorChain(RealCall.java:229)
08-05 19:57:41.951 29070  3081 E baseline.com.newsblur.network.APIResponse: 	at okhttp3.RealCall.execute(RealCall.java:81)
08-05 19:57:41.951 29070  3081 E baseline.com.newsblur.network.APIResponse: 	at baseline.com.newsblur.network.APIResponse.<init>(APIResponse.java:57)
08-05 19:57:41.951 29070  3081 E baseline.com.newsblur.network.APIResponse: 	at baseline.com.newsblur.network.APIResponse.<init>(APIResponse.java:43)
08-05 19:57:41.951 29070  3081 E baseline.com.newsblur.network.APIResponse: 	at baseline.com.newsblur.network.APIManager.post_single(APIManager.java:702)
08-05 19:57:41.951 29070  3081 E baseline.com.newsblur.network.APIResponse: 	at baseline.com.newsblur.network.APIManager.post(APIManager.java:675)
08-05 19:57:41.951 29070  3081 E baseline.com.newsblur.network.APIResponse: 	at baseline.com.newsblur.network.APIManager.post(APIManager.java:714)
08-05 19:57:41.951 29070  3081 E baseline.com.newsblur.network.APIResponse: 	at baseline.com.newsblur.network.APIManager.markStoryAsRead(APIManager.java:205)
08-05 19:57:41.951 29070  3081 E baseline.com.newsblur.network.APIResponse: 	at baseline.com.newsblur.util.ReadingAction.doRemote(ReadingAction.java:281)
08-05 19:57:41.951 29070  3081 E baseline.com.newsblur.network.APIResponse: 	at baseline.com.newsblur.service.NBSyncService.syncActions(NBSyncService.java:400)
08-05 19:57:41.951 29070  3081 E baseline.com.newsblur.network.APIResponse: 	at baseline.com.newsblur.service.NBSyncService.doSync(NBSyncService.java:298)
08-05 19:57:41.951 29070  3081 E baseline.com.newsblur.network.APIResponse: 	at baseline.com.newsblur.service.NBSyncService.access$100(NBSyncService.java:67)
08-05 19:57:41.951 29070  3081 E baseline.com.newsblur.network.APIResponse: 	at baseline.com.newsblur.service.NBSyncService$1.run(NBSyncService.java:188)
08-05 19:57:41.951 29070  3081 E baseline.com.newsblur.network.APIResponse: 	at java.util.concurrent.ThreadPoolExecutor.runWorker(ThreadPoolExecutor.java:1113)
08-05 19:57:41.951 29070  3081 E baseline.com.newsblur.network.APIResponse: 	at java.util.concurrent.ThreadPoolExecutor$Worker.run(ThreadPoolExecutor.java:588)
08-05 19:57:41.951 29070  3081 E baseline.com.newsblur.network.APIResponse: 	at java.lang.Thread.run(Thread.java:818)
08-05 19:57:41.951 29070  3081 E baseline.com.newsblur.network.APIResponse: Caused by: java.io.EOFException: \n not found: limit=0 content=
08-05 19:57:41.951 29070  3081 E baseline.com.newsblur.network.APIResponse: 	at okio.RealBufferedSource.readUtf8LineStrict(RealBufferedSource.java:240)
08-05 19:57:41.951 29070  3081 E baseline.com.newsblur.network.APIResponse: 	at okhttp3.internal.http1.Http1ExchangeCodec.readHeaderLine(Http1ExchangeCodec.java:242)
08-05 19:57:41.951 29070  3081 E baseline.com.newsblur.network.APIResponse: 	at okhttp3.internal.http1.Http1ExchangeCodec.readResponseHeaders(Http1ExchangeCodec.java:213)
08-05 19:57:41.951 29070  3081 E baseline.com.newsblur.network.APIResponse: 	... 30 more
08-05 19:57:41.952 29070  3081 I baseline.com.newsblur.service.NBSyncService: Holding reading action with server-side or network error.
08-05 19:57:41.982 29070  4133 I art     : Explicit concurrent mark sweep GC freed 906(199KB) AllocSpace objects, 2(40KB) LOS objects, 27% free, 41MB/57MB, paused 1.483ms total 57.428ms
08-05 19:57:41.996 29070  4133 I art     : Starting a blocking GC Explicit
08-05 19:57:42.055 29070  4133 I art     : Explicit concurrent mark sweep GC freed 130(17KB) AllocSpace objects, 0(0B) LOS objects, 27% free, 41MB/57MB, paused 1.508ms total 58.451ms
08-05 19:57:42.070 29070  4133 I art     : Starting a blocking GC Explicit
08-05 19:57:42.127 29070  4133 I art     : Explicit concurrent mark sweep GC freed 25(832B) AllocSpace objects, 0(0B) LOS objects, 27% free, 41MB/57MB, paused 1.403ms total 57.032ms
08-05 19:57:42.142 29070  4133 I art     : Starting a blocking GC Explicit
08-05 19:57:42.156 29070  3081 W baseline.com.newsblur.service.NBSyncService: hard API failure
08-05 19:57:42.163   518   646 I ThermalEngine: ACTION: GPU - Setting GPU[0] to 390000000
08-05 19:57:42.218 29070  4133 I art     : Explicit concurrent mark sweep GC freed 639(97KB) AllocSpace objects, 5(100KB) LOS objects, 27% free, 41MB/57MB, paused 2.600ms total 76.490ms
08-05 19:57:42.363 29070  2777 E chromium: [ERROR:tile_manager.cc(793)] WARNING: tile memory limits exceeded, some content may not draw
08-05 19:57:42.364 29070  2777 E chromium: [ERROR:tile_manager.cc(793)] WARNING: tile memory limits exceeded, some content may not draw
08-05 19:57:42.393 29070  2777 E chromium: [ERROR:tile_manager.cc(793)] WARNING: tile memory limits exceeded, some content may not draw
08-05 19:57:42.394 29070  2777 E chromium: [ERROR:tile_manager.cc(793)] WARNING: tile memory limits exceeded, some content may not draw
08-05 19:57:42.410 29070  2777 E chromium: [ERROR:tile_manager.cc(793)] WARNING: tile memory limits exceeded, some content may not draw
08-05 19:57:42.410 29070  2777 E chromium: [ERROR:tile_manager.cc(793)] WARNING: tile memory limits exceeded, some content may not draw
08-05 19:57:42.415  2695  2695 I ServiceManager: Waiting for service AtCmdFwd...
08-05 19:57:42.655 29070  2197 I art     : Starting a blocking GC Explicit
08-05 19:57:42.670 29070  3081 E baseline.com.newsblur.network.APIResponse: Error (unexpected end of stream on https://www.newsblur.com/...) calling https://www.newsblur.com/reader/mark_story_hashes_as_read/
08-05 19:57:42.670 29070  3081 E baseline.com.newsblur.network.APIResponse: java.io.IOException: unexpected end of stream on https://www.newsblur.com/...
08-05 19:57:42.670 29070  3081 E baseline.com.newsblur.network.APIResponse: 	at okhttp3.internal.http1.Http1ExchangeCodec.readResponseHeaders(Http1ExchangeCodec.java:236)
08-05 19:57:42.670 29070  3081 E baseline.com.newsblur.network.APIResponse: 	at okhttp3.internal.connection.Exchange.readResponseHeaders(Exchange.java:115)
08-05 19:57:42.670 29070  3081 E baseline.com.newsblur.network.APIResponse: 	at okhttp3.internal.http.CallServerInterceptor.intercept(CallServerInterceptor.java:94)
08-05 19:57:42.670 29070  3081 E baseline.com.newsblur.network.APIResponse: 	at okhttp3.internal.http.RealInterceptorChain.proceed(RealInterceptorChain.java:142)
08-05 19:57:42.670 29070  3081 E baseline.com.newsblur.network.APIResponse: 	at okhttp3.internal.connection.ConnectInterceptor.intercept(ConnectInterceptor.java:43)
08-05 19:57:42.670 29070  3081 E baseline.com.newsblur.network.APIResponse: 	at okhttp3.internal.http.RealInterceptorChain.proceed(RealInterceptorChain.java:142)
08-05 19:57:42.670 29070  3081 E baseline.com.newsblur.network.APIResponse: 	at okhttp3.internal.http.RealInterceptorChain.proceed(RealInterceptorChain.java:117)
08-05 19:57:42.670 29070  3081 E baseline.com.newsblur.network.APIResponse: 	at okhttp3.internal.cache.CacheInterceptor.intercept(CacheInterceptor.java:94)
08-05 19:57:42.670 29070  3081 E baseline.com.newsblur.network.APIResponse: 	at okhttp3.internal.http.RealInterceptorChain.proceed(RealInterceptorChain.java:142)
08-05 19:57:42.670 29070  3081 E baseline.com.newsblur.network.APIResponse: 	at okhttp3.internal.http.RealInterceptorChain.proceed(RealInterceptorChain.java:117)
08-05 19:57:42.670 29070  3081 E baseline.com.newsblur.network.APIResponse: 	at okhttp3.internal.http.BridgeInterceptor.intercept(BridgeInterceptor.java:93)
08-05 19:57:42.670 29070  3081 E baseline.com.newsblur.network.APIResponse: 	at okhttp3.internal.http.RealInterceptorChain.proceed(RealInterceptorChain.java:142)
08-05 19:57:42.670 29070  3081 E baseline.com.newsblur.network.APIResponse: 	at okhttp3.internal.http.RetryAndFollowUpInterceptor.intercept(RetryAndFollowUpInterceptor.java:88)
08-05 19:57:42.670 29070  3081 E baseline.com.newsblur.network.APIResponse: 	at okhttp3.internal.http.RealInterceptorChain.proceed(RealInterceptorChain.java:142)
08-05 19:57:42.670 29070  3081 E baseline.com.newsblur.network.APIResponse: 	at okhttp3.internal.http.RealInterceptorChain.proceed(RealInterceptorChain.java:117)
08-05 19:57:42.670 29070  3081 E baseline.com.newsblur.network.APIResponse: 	at okhttp3.RealCall.getResponseWithInterceptorChain(RealCall.java:229)
08-05 19:57:42.670 29070  3081 E baseline.com.newsblur.network.APIResponse: 	at okhttp3.RealCall.execute(RealCall.java:81)
08-05 19:57:42.670 29070  3081 E baseline.com.newsblur.network.APIResponse: 	at baseline.com.newsblur.network.APIResponse.<init>(APIResponse.java:57)
08-05 19:57:42.670 29070  3081 E baseline.com.newsblur.network.APIResponse: 	at baseline.com.newsblur.network.APIResponse.<init>(APIResponse.java:43)
08-05 19:57:42.670 29070  3081 E baseline.com.newsblur.network.APIResponse: 	at baseline.com.newsblur.network.APIManager.post_single(APIManager.java:702)
08-05 19:57:42.670 29070  3081 E baseline.com.newsblur.network.APIResponse: 	at baseline.com.newsblur.network.APIManager.post(APIManager.java:675)
08-05 19:57:42.670 29070  3081 E baseline.com.newsblur.network.APIResponse: 	at baseline.com.newsblur.network.APIManager.post(APIManager.java:714)
08-05 19:57:42.670 29070  3081 E baseline.com.newsblur.network.APIResponse: 	at baseline.com.newsblur.network.APIManager.markStoryAsRead(APIManager.java:205)
08-05 19:57:42.670 29070  3081 E baseline.com.newsblur.network.APIResponse: 	at baseline.com.newsblur.util.ReadingAction.doRemote(ReadingAction.java:281)
08-05 19:57:42.670 29070  3081 E baseline.com.newsblur.network.APIResponse: 	at baseline.com.newsblur.service.NBSyncService.syncActions(NBSyncService.java:400)
08-05 19:57:42.670 29070  3081 E baseline.com.newsblur.network.APIResponse: 	at baseline.com.newsblur.service.NBSyncService.doSync(NBSyncService.java:298)
08-05 19:57:42.670 29070  3081 E baseline.com.newsblur.network.APIResponse: 	at baseline.com.newsblur.service.NBSyncService.access$100(NBSyncService.java:67)
08-05 19:57:42.670 29070  3081 E baseline.com.newsblur.network.APIResponse: 	at baseline.com.newsblur.service.NBSyncService$1.run(NBSyncService.java:188)
08-05 19:57:42.670 29070  3081 E baseline.com.newsblur.network.APIResponse: 	at java.util.concurrent.ThreadPoolExecutor.runWorker(ThreadPoolExecutor.java:1113)
08-05 19:57:42.670 29070  3081 E baseline.com.newsblur.network.APIResponse: 	at java.util.concurrent.ThreadPoolExecutor$Worker.run(ThreadPoolExecutor.java:588)
08-05 19:57:42.670 29070  3081 E baseline.com.newsblur.network.APIResponse: 	at java.lang.Thread.run(Thread.java:818)
08-05 19:57:42.670 29070  3081 E baseline.com.newsblur.network.APIResponse: Caused by: java.io.EOFException: \n not found: limit=0 content=
08-05 19:57:42.670 29070  3081 E baseline.com.newsblur.network.APIResponse: 	at okio.RealBufferedSource.readUtf8LineStrict(RealBufferedSource.java:240)
08-05 19:57:42.670 29070  3081 E baseline.com.newsblur.network.APIResponse: 	at okhttp3.internal.http1.Http1ExchangeCodec.readHeaderLine(Http1ExchangeCodec.java:242)
08-05 19:57:42.670 29070  3081 E baseline.com.newsblur.network.APIResponse: 	at okhttp3.internal.http1.Http1ExchangeCodec.readResponseHeaders(Http1ExchangeCodec.java:213)
08-05 19:57:42.670 29070  3081 E baseline.com.newsblur.network.APIResponse: 	... 30 more
08-05 19:57:42.671 29070  3081 I baseline.com.newsblur.network.APIManager: API call failed, pausing before retry number 1
08-05 19:57:42.727 29070  2197 I art     : Explicit concurrent mark sweep GC freed 4072(349KB) AllocSpace objects, 3(60KB) LOS objects, 27% free, 41MB/57MB, paused 2.155ms total 71.480ms
08-05 19:57:42.728 29070 29080 I art     : WaitForGcToComplete blocked for 48.069ms for cause HeapTrim
08-05 19:57:42.749 29070  2197 I art     : Starting a blocking GC Explicit
08-05 19:57:42.822 29070  2197 I art     : Explicit concurrent mark sweep GC freed 194(19KB) AllocSpace objects, 0(0B) LOS objects, 27% free, 41MB/57MB, paused 2.411ms total 72.798ms
08-05 19:57:42.845 29070  2197 I art     : Starting a blocking GC Explicit
08-05 19:57:42.917 29070  2197 I art     : Explicit concurrent mark sweep GC freed 25(832B) AllocSpace objects, 0(0B) LOS objects, 27% free, 41MB/57MB, paused 2.175ms total 71.961ms
08-05 19:57:42.939 29070  2197 I art     : Starting a blocking GC Explicit
08-05 19:57:43.012 29070  2197 I art     : Explicit concurrent mark sweep GC freed 3(96B) AllocSpace objects, 0(0B) LOS objects, 27% free, 41MB/57MB, paused 2.373ms total 72.661ms
08-05 19:57:43.034 29070  2197 I art     : Starting a blocking GC Explicit
08-05 19:57:43.107 29070  2197 I art     : Explicit concurrent mark sweep GC freed 3(96B) AllocSpace objects, 0(0B) LOS objects, 27% free, 41MB/57MB, paused 2.168ms total 72.346ms
08-05 19:57:43.416  2695  2695 I ServiceManager: Waiting for service AtCmdFwd...
08-05 19:57:43.521 29070  4133 I art     : Starting a blocking GC Explicit
08-05 19:57:43.595 29070  4133 I art     : Explicit concurrent mark sweep GC freed 1444(83KB) AllocSpace objects, 1(20KB) LOS objects, 27% free, 41MB/57MB, paused 2.327ms total 73.354ms
08-05 19:57:43.618 29070  4133 I art     : Starting a blocking GC Explicit
08-05 19:57:43.691 29070  4133 I art     : Explicit concurrent mark sweep GC freed 22(784B) AllocSpace objects, 0(0B) LOS objects, 27% free, 41MB/57MB, paused 2.213ms total 72.289ms
08-05 19:57:43.713 29070  4133 I art     : Starting a blocking GC Explicit
08-05 19:57:43.787 29070  4133 I art     : Explicit concurrent mark sweep GC freed 3(96B) AllocSpace objects, 0(0B) LOS objects, 27% free, 41MB/57MB, paused 2.193ms total 72.773ms
08-05 19:57:43.810 29070  4133 I art     : Starting a blocking GC Explicit
08-05 19:57:43.884 29070  4133 I art     : Explicit concurrent mark sweep GC freed 3(96B) AllocSpace objects, 0(0B) LOS objects, 27% free, 41MB/57MB, paused 2.261ms total 73.793ms
08-05 19:57:43.906 29070  4133 I art     : Starting a blocking GC Explicit
08-05 19:57:43.980 29070  4133 I art     : Explicit concurrent mark sweep GC freed 3(96B) AllocSpace objects, 0(0B) LOS objects, 27% free, 41MB/57MB, paused 2.536ms total 73.643ms
08-05 19:57:44.010 13866 13882 I PeriodicStatsRunner: PeriodicStatsRunner.call():175 call()
08-05 19:57:44.010 13866 13882 I PeriodicStatsRunner: PeriodicStatsRunner.call():179 No submit PeriodicStats since input started.
08-05 19:57:44.417  2695  2695 I ServiceManager: Waiting for service AtCmdFwd...
08-05 19:57:44.420 29070  2422 I art     : Starting a blocking GC Explicit
08-05 19:57:44.493 29070  2422 I art     : Explicit concurrent mark sweep GC freed 1610(91KB) AllocSpace objects, 1(20KB) LOS objects, 27% free, 41MB/57MB, paused 2.356ms total 73.290ms
08-05 19:57:44.517 29070  2422 I art     : Starting a blocking GC Explicit
08-05 19:57:44.588 29070  2422 I art     : Explicit concurrent mark sweep GC freed 28(1040B) AllocSpace objects, 0(0B) LOS objects, 27% free, 41MB/57MB, paused 2.230ms total 70.417ms
08-05 19:57:44.610 29070  2422 I art     : Starting a blocking GC Explicit
08-05 19:57:44.683 29070  2422 I art     : Explicit concurrent mark sweep GC freed 1655(64KB) AllocSpace objects, 0(0B) LOS objects, 27% free, 41MB/57MB, paused 2.559ms total 72.911ms
08-05 19:57:44.704 29070  2422 I art     : Starting a blocking GC Explicit
08-05 19:57:44.718 29070  3081 E baseline.com.newsblur.network.APIResponse: Error (unexpected end of stream on https://www.newsblur.com/...) calling https://www.newsblur.com/reader/mark_story_hashes_as_read/
08-05 19:57:44.718 29070  3081 E baseline.com.newsblur.network.APIResponse: java.io.IOException: unexpected end of stream on https://www.newsblur.com/...
08-05 19:57:44.718 29070  3081 E baseline.com.newsblur.network.APIResponse: 	at okhttp3.internal.http1.Http1ExchangeCodec.readResponseHeaders(Http1ExchangeCodec.java:236)
08-05 19:57:44.718 29070  3081 E baseline.com.newsblur.network.APIResponse: 	at okhttp3.internal.connection.Exchange.readResponseHeaders(Exchange.java:115)
08-05 19:57:44.718 29070  3081 E baseline.com.newsblur.network.APIResponse: 	at okhttp3.internal.http.CallServerInterceptor.intercept(CallServerInterceptor.java:94)
08-05 19:57:44.718 29070  3081 E baseline.com.newsblur.network.APIResponse: 	at okhttp3.internal.http.RealInterceptorChain.proceed(RealInterceptorChain.java:142)
08-05 19:57:44.718 29070  3081 E baseline.com.newsblur.network.APIResponse: 	at okhttp3.internal.connection.ConnectInterceptor.intercept(ConnectInterceptor.java:43)
08-05 19:57:44.718 29070  3081 E baseline.com.newsblur.network.APIResponse: 	at okhttp3.internal.http.RealInterceptorChain.proceed(RealInterceptorChain.java:142)
08-05 19:57:44.718 29070  3081 E baseline.com.newsblur.network.APIResponse: 	at okhttp3.internal.http.RealInterceptorChain.proceed(RealInterceptorChain.java:117)
08-05 19:57:44.718 29070  3081 E baseline.com.newsblur.network.APIResponse: 	at okhttp3.internal.cache.CacheInterceptor.intercept(CacheInterceptor.java:94)
08-05 19:57:44.718 29070  3081 E baseline.com.newsblur.network.APIResponse: 	at okhttp3.internal.http.RealInterceptorChain.proceed(RealInterceptorChain.java:142)
08-05 19:57:44.718 29070  3081 E baseline.com.newsblur.network.APIResponse: 	at okhttp3.internal.http.RealInterceptorChain.proceed(RealInterceptorChain.java:117)
08-05 19:57:44.718 29070  3081 E baseline.com.newsblur.network.APIResponse: 	at okhttp3.internal.http.BridgeInterceptor.intercept(BridgeInterceptor.java:93)
08-05 19:57:44.718 29070  3081 E baseline.com.newsblur.network.APIResponse: 	at okhttp3.internal.http.RealInterceptorChain.proceed(RealInterceptorChain.java:142)
08-05 19:57:44.718 29070  3081 E baseline.com.newsblur.network.APIResponse: 	at okhttp3.internal.http.RetryAndFollowUpInterceptor.intercept(RetryAndFollowUpInterceptor.java:88)
08-05 19:57:44.718 29070  3081 E baseline.com.newsblur.network.APIResponse: 	at okhttp3.internal.http.RealInterceptorChain.proceed(RealInterceptorChain.java:142)
08-05 19:57:44.718 29070  3081 E baseline.com.newsblur.network.APIResponse: 	at okhttp3.internal.http.RealInterceptorChain.proceed(RealInterceptorChain.java:117)
08-05 19:57:44.718 29070  3081 E baseline.com.newsblur.network.APIResponse: 	at okhttp3.RealCall.getResponseWithInterceptorChain(RealCall.java:229)
08-05 19:57:44.718 29070  3081 E baseline.com.newsblur.network.APIResponse: 	at okhttp3.RealCall.execute(RealCall.java:81)
08-05 19:57:44.718 29070  3081 E baseline.com.newsblur.network.APIResponse: 	at baseline.com.newsblur.network.APIResponse.<init>(APIResponse.java:57)
08-05 19:57:44.718 29070  3081 E baseline.com.newsblur.network.APIResponse: 	at baseline.com.newsblur.network.APIResponse.<init>(APIResponse.java:43)
08-05 19:57:44.718 29070  3081 E baseline.com.newsblur.network.APIResponse: 	at baseline.com.newsblur.network.APIManager.post_single(APIManager.java:702)
08-05 19:57:44.718 29070  3081 E baseline.com.newsblur.network.APIResponse: 	at baseline.com.newsblur.network.APIManager.post(APIManager.java:675)
08-05 19:57:44.718 29070  3081 E baseline.com.newsblur.network.APIResponse: 	at baseline.com.newsblur.network.APIManager.post(APIManager.java:714)
08-05 19:57:44.718 29070  3081 E baseline.com.newsblur.network.APIResponse: 	at baseline.com.newsblur.network.APIManager.markStoryAsRead(APIManager.java:205)
08-05 19:57:44.718 29070  3081 E baseline.com.newsblur.network.APIResponse: 	at baseline.com.newsblur.util.ReadingAction.doRemote(ReadingAction.java:281)
08-05 19:57:44.718 29070  3081 E baseline.com.newsblur.network.APIResponse: 	at baseline.com.newsblur.service.NBSyncService.syncActions(NBSyncService.java:400)
08-05 19:57:44.718 29070  3081 E baseline.com.newsblur.network.APIResponse: 	at baseline.com.newsblur.service.NBSyncService.doSync(NBSyncService.java:298)
08-05 19:57:44.718 29070  3081 E baseline.com.newsblur.network.APIResponse: 	at baseline.com.newsblur.service.NBSyncService.access$100(NBSyncService.java:67)
08-05 19:57:44.718 29070  3081 E baseline.com.newsblur.network.APIResponse: 	at baseline.com.newsblur.service.NBSyncService$1.run(NBSyncService.java:188)
08-05 19:57:44.718 29070  3081 E baseline.com.newsblur.network.APIResponse: 	at java.util.concurrent.ThreadPoolExecutor.runWorker(ThreadPoolExecutor.java:1113)
08-05 19:57:44.718 29070  3081 E baseline.com.newsblur.network.APIResponse: 	at java.util.concurrent.ThreadPoolExecutor$Worker.run(ThreadPoolExecutor.java:588)
08-05 19:57:44.718 29070  3081 E baseline.com.newsblur.network.APIResponse: 	at java.lang.Thread.run(Thread.java:818)
08-05 19:57:44.718 29070  3081 E baseline.com.newsblur.network.APIResponse: Caused by: java.io.EOFException: \n not found: limit=0 content=
08-05 19:57:44.718 29070  3081 E baseline.com.newsblur.network.APIResponse: 	at okio.RealBufferedSource.readUtf8LineStrict(RealBufferedSource.java:240)
08-05 19:57:44.718 29070  3081 E baseline.com.newsblur.network.APIResponse: 	at okhttp3.internal.http1.Http1ExchangeCodec.readHeaderLine(Http1ExchangeCodec.java:242)
08-05 19:57:44.718 29070  3081 E baseline.com.newsblur.network.APIResponse: 	at okhttp3.internal.http1.Http1ExchangeCodec.readResponseHeaders(Http1ExchangeCodec.java:213)
08-05 19:57:44.718 29070  3081 E baseline.com.newsblur.network.APIResponse: 	... 30 more
08-05 19:57:44.720 29070  3081 I baseline.com.newsblur.network.APIManager: API call failed, pausing before retry number 2
08-05 19:57:44.775 29070  2422 I art     : Explicit concurrent mark sweep GC freed 831(196KB) AllocSpace objects, 2(40KB) LOS objects, 27% free, 41MB/57MB, paused 2.218ms total 70.228ms
08-05 19:57:44.797 29070  2422 I art     : Starting a blocking GC Explicit
08-05 19:57:44.870 29070  2422 I art     : Explicit concurrent mark sweep GC freed 110(16KB) AllocSpace objects, 0(0B) LOS objects, 27% free, 41MB/57MB, paused 2.430ms total 72.855ms
08-05 19:57:45.167   518   646 I ThermalEngine: ACTION: GPU - Setting GPU[0] to 450000000
08-05 19:57:45.253 29070 29081 I art     : Starting a blocking GC Explicit
08-05 19:57:45.314 29070 29081 I art     : Explicit concurrent mark sweep GC freed 1466(83KB) AllocSpace objects, 1(20KB) LOS objects, 27% free, 41MB/57MB, paused 1.541ms total 59.995ms
08-05 19:57:45.328 29070 29081 I art     : Starting a blocking GC Explicit
08-05 19:57:45.389 29070 29081 I art     : Explicit concurrent mark sweep GC freed 22(784B) AllocSpace objects, 0(0B) LOS objects, 27% free, 41MB/57MB, paused 1.533ms total 60.585ms
08-05 19:57:45.404 29070 29081 I art     : Starting a blocking GC Explicit
08-05 19:57:45.417  2695  2695 W Atfwd_Sendcmd: AtCmdFwd service not published, waiting... retryCnt : 5
08-05 19:57:45.463 29070 29081 I art     : Explicit concurrent mark sweep GC freed 3(96B) AllocSpace objects, 0(0B) LOS objects, 27% free, 41MB/57MB, paused 1.519ms total 59.024ms
08-05 19:57:45.478 29070 29081 I art     : Starting a blocking GC Explicit
08-05 19:57:45.539 29070 29081 I art     : Explicit concurrent mark sweep GC freed 3(96B) AllocSpace objects, 0(0B) LOS objects, 27% free, 41MB/57MB, paused 1.682ms total 60.332ms
08-05 19:57:45.552  4225  4225 D AndroidRuntime: >>>>>> START com.android.internal.os.RuntimeInit uid 2000 <<<<<<
08-05 19:57:45.555 29070 29081 I art     : Starting a blocking GC Explicit
08-05 19:57:45.558  4225  4225 D AndroidRuntime: CheckJNI is OFF
08-05 19:57:45.601  4225  4225 D ICU     : No timezone override file found: /data/misc/zoneinfo/current/icu/icu_tzdata.dat
08-05 19:57:45.614 29070 29081 I art     : Explicit concurrent mark sweep GC freed 3(96B) AllocSpace objects, 0(0B) LOS objects, 27% free, 41MB/57MB, paused 1.545ms total 58.809ms
08-05 19:57:45.646  4225  4225 I Radio-JNI: register_android_hardware_Radio DONE
08-05 19:57:45.675  4225  4225 D AndroidRuntime: Calling main entry com.android.commands.input.Input
08-05 19:57:45.677  4225  4225 I Input   : injectKeyEvent: KeyEvent { action=ACTION_DOWN, keyCode=KEYCODE_BACK, scanCode=0, metaState=0, flags=0x0, repeatCount=0, eventTime=820682091, downTime=820682091, deviceId=-1, source=0x101 }
08-05 19:57:45.684  4225  4225 I Input   : injectKeyEvent: KeyEvent { action=ACTION_UP, keyCode=KEYCODE_BACK, scanCode=0, metaState=0, flags=0x0, repeatCount=0, eventTime=820682091, downTime=820682091, deviceId=-1, source=0x101 }
08-05 19:57:45.691  4225  4225 D AndroidRuntime: Shutting down VM
08-05 19:57:45.703 29070 29070 D baseline.com.newsblur.service.NBSyncService: rejecting request for feedset that is exhaused
08-05 19:57:45.883 29070 29070 D baseline.com.newsblur.service.NBSyncService: rejecting request for feedset that is exhaused
08-05 19:57:45.886 13866 13866 I GoogleInputMethodServic: GoogleInputMethodService.onFinishInput():3138 
08-05 19:57:45.887 13866 13866 I GoogleInputMethodServic: GoogleInputMethodService.onStartInput():1808 
08-05 19:57:45.990 29070 29082 I art     : Starting a blocking GC Explicit
08-05 19:57:46.041 13866 13882 I PeriodicStatsRunner: PeriodicStatsRunner.call():175 call()
08-05 19:57:46.041 13866 13882 I PeriodicStatsRunner: PeriodicStatsRunner.call():179 No submit PeriodicStats since input started.
08-05 19:57:46.043 29070 29082 I art     : Explicit concurrent mark sweep GC freed 3252(260KB) AllocSpace objects, 6(128KB) LOS objects, 27% free, 41MB/57MB, paused 1.406ms total 52.501ms
08-05 19:57:46.056 29070 29082 I art     : Starting a blocking GC Explicit
08-05 19:57:46.120 29070 29082 I art     : Explicit concurrent mark sweep GC freed 173(8KB) AllocSpace objects, 0(0B) LOS objects, 27% free, 41MB/57MB, paused 2.007ms total 62.997ms
08-05 19:57:46.137 29070 29082 I art     : Starting a blocking GC Explicit
08-05 19:57:46.205 29070 29082 I art     : Explicit concurrent mark sweep GC freed 3(96B) AllocSpace objects, 0(0B) LOS objects, 27% free, 41MB/57MB, paused 1.784ms total 68.031ms
08-05 19:57:46.220 29070 29082 I art     : Starting a blocking GC Explicit
08-05 19:57:46.280 29070 29082 I art     : Explicit concurrent mark sweep GC freed 1558(70KB) AllocSpace objects, 0(0B) LOS objects, 27% free, 41MB/57MB, paused 1.422ms total 59.658ms
08-05 19:57:46.294 29070 29082 I art     : Starting a blocking GC Explicit
08-05 19:57:46.353 29070 29082 I art     : Explicit concurrent mark sweep GC freed 83(7KB) AllocSpace objects, 0(0B) LOS objects, 27% free, 41MB/57MB, paused 1.656ms total 59.076ms
08-05 19:57:46.763 29070  2197 I art     : Starting a blocking GC Explicit
08-05 19:57:46.840 29070  2197 I art     : Explicit concurrent mark sweep GC freed 1631(91KB) AllocSpace objects, 1(20KB) LOS objects, 27% free, 41MB/57MB, paused 2.097ms total 76.004ms
08-05 19:57:46.856 29070  2197 I art     : Starting a blocking GC Explicit
08-05 19:57:46.918 29070  2197 I art     : Explicit concurrent mark sweep GC freed 31(1072B) AllocSpace objects, 0(0B) LOS objects, 27% free, 41MB/57MB, paused 1.798ms total 62.335ms
08-05 19:57:46.934 29070  2197 I art     : Starting a blocking GC Explicit
08-05 19:57:46.996 29070  2197 I art     : Explicit concurrent mark sweep GC freed 11(352B) AllocSpace objects, 0(0B) LOS objects, 27% free, 41MB/57MB, paused 1.518ms total 61.118ms
08-05 19:57:47.011 29070  2197 I art     : Starting a blocking GC Explicit
08-05 19:57:47.071 29070  2197 I art     : Explicit concurrent mark sweep GC freed 13(416B) AllocSpace objects, 0(0B) LOS objects, 27% free, 41MB/57MB, paused 1.900ms total 59.960ms
08-05 19:57:47.086 29070  2197 I art     : Starting a blocking GC Explicit
08-05 19:57:47.148 29070  2197 I art     : Explicit concurrent mark sweep GC freed 11(352B) AllocSpace objects, 0(0B) LOS objects, 27% free, 41MB/57MB, paused 1.566ms total 60.930ms
08-05 19:57:47.478  4268  4268 D AndroidRuntime: >>>>>> START com.android.internal.os.RuntimeInit uid 2000 <<<<<<
08-05 19:57:47.484  4268  4268 D AndroidRuntime: CheckJNI is OFF
08-05 19:57:47.530 29070  4133 I art     : Starting a blocking GC Explicit
08-05 19:57:47.531  4268  4268 D ICU     : No timezone override file found: /data/misc/zoneinfo/current/icu/icu_tzdata.dat
08-05 19:57:47.578  4268  4268 I Radio-JNI: register_android_hardware_Radio DONE
08-05 19:57:47.593 29070  4133 I art     : Explicit concurrent mark sweep GC freed 1467(83KB) AllocSpace objects, 1(20KB) LOS objects, 27% free, 41MB/57MB, paused 1.707ms total 61.859ms
08-05 19:57:47.607 29070  4133 I art     : Starting a blocking GC Explicit
08-05 19:57:47.608  4268  4268 D AndroidRuntime: Calling main entry com.android.commands.input.Input
08-05 19:57:47.611  4268  4268 I Input   : injectKeyEvent: KeyEvent { action=ACTION_DOWN, keyCode=KEYCODE_BACK, scanCode=0, metaState=0, flags=0x0, repeatCount=0, eventTime=820684023, downTime=820684023, deviceId=-1, source=0x101 }
08-05 19:57:47.617  4268  4268 I Input   : injectKeyEvent: KeyEvent { action=ACTION_UP, keyCode=KEYCODE_BACK, scanCode=0, metaState=0, flags=0x0, repeatCount=0, eventTime=820684023, downTime=820684023, deviceId=-1, source=0x101 }
08-05 19:57:47.623  4268  4268 D AndroidRuntime: Shutting down VM
08-05 19:57:47.663 29070  4133 I art     : Explicit concurrent mark sweep GC freed 346(66KB) AllocSpace objects, 4(80KB) LOS objects, 27% free, 41MB/57MB, paused 1.632ms total 55.387ms
08-05 19:57:47.677 29070  4133 I art     : Starting a blocking GC Explicit
08-05 19:57:47.734 29070  4133 I art     : Explicit concurrent mark sweep GC freed 142(5KB) AllocSpace objects, 0(0B) LOS objects, 27% free, 41MB/57MB, paused 1.677ms total 57.171ms
08-05 19:57:47.749 29070  4133 I art     : Starting a blocking GC Explicit
08-05 19:57:47.807 29070  4133 I art     : Explicit concurrent mark sweep GC freed 2037(144KB) AllocSpace objects, 4(80KB) LOS objects, 27% free, 41MB/57MB, paused 1.660ms total 57.797ms
08-05 19:57:47.821 29070  4133 I art     : Starting a blocking GC Explicit
08-05 19:57:47.838 13866 13866 I GoogleInputMethodServic: GoogleInputMethodService.onFinishInput():3138 
08-05 19:57:47.839 13866 13866 I GoogleInputMethodServic: GoogleInputMethodService.onStartInput():1808 
08-05 19:57:47.879 29070  4133 I art     : Explicit concurrent mark sweep GC freed 5962(375KB) AllocSpace objects, 4(80KB) LOS objects, 27% free, 41MB/57MB, paused 1.668ms total 57.747ms
08-05 19:57:47.880 29070 29080 I art     : WaitForGcToComplete blocked for 57.025ms for cause HeapTrim
08-05 19:57:48.178   518   646 I ThermalEngine: ACTION: GPU - Setting GPU[0] to 390000000
08-05 19:57:48.295 29070  3081 E baseline.com.newsblur.network.APIResponse: Error (unexpected end of stream on https://www.newsblur.com/...) calling https://www.newsblur.com/reader/mark_story_hashes_as_read/
08-05 19:57:48.295 29070  3081 E baseline.com.newsblur.network.APIResponse: java.io.IOException: unexpected end of stream on https://www.newsblur.com/...
08-05 19:57:48.295 29070  3081 E baseline.com.newsblur.network.APIResponse: 	at okhttp3.internal.http1.Http1ExchangeCodec.readResponseHeaders(Http1ExchangeCodec.java:236)
08-05 19:57:48.295 29070  3081 E baseline.com.newsblur.network.APIResponse: 	at okhttp3.internal.connection.Exchange.readResponseHeaders(Exchange.java:115)
08-05 19:57:48.295 29070  3081 E baseline.com.newsblur.network.APIResponse: 	at okhttp3.internal.http.CallServerInterceptor.intercept(CallServerInterceptor.java:94)
08-05 19:57:48.295 29070  3081 E baseline.com.newsblur.network.APIResponse: 	at okhttp3.internal.http.RealInterceptorChain.proceed(RealInterceptorChain.java:142)
08-05 19:57:48.295 29070  3081 E baseline.com.newsblur.network.APIResponse: 	at okhttp3.internal.connection.ConnectInterceptor.intercept(ConnectInterceptor.java:43)
08-05 19:57:48.295 29070  3081 E baseline.com.newsblur.network.APIResponse: 	at okhttp3.internal.http.RealInterceptorChain.proceed(RealInterceptorChain.java:142)
08-05 19:57:48.295 29070  3081 E baseline.com.newsblur.network.APIResponse: 	at okhttp3.internal.http.RealInterceptorChain.proceed(RealInterceptorChain.java:117)
08-05 19:57:48.295 29070  3081 E baseline.com.newsblur.network.APIResponse: 	at okhttp3.internal.cache.CacheInterceptor.intercept(CacheInterceptor.java:94)
08-05 19:57:48.295 29070  3081 E baseline.com.newsblur.network.APIResponse: 	at okhttp3.internal.http.RealInterceptorChain.proceed(RealInterceptorChain.java:142)
08-05 19:57:48.295 29070  3081 E baseline.com.newsblur.network.APIResponse: 	at okhttp3.internal.http.RealInterceptorChain.proceed(RealInterceptorChain.java:117)
08-05 19:57:48.295 29070  3081 E baseline.com.newsblur.network.APIResponse: 	at okhttp3.internal.http.BridgeInterceptor.intercept(BridgeInterceptor.java:93)
08-05 19:57:48.295 29070  3081 E baseline.com.newsblur.network.APIResponse: 	at okhttp3.internal.http.RealInterceptorChain.proceed(RealInterceptorChain.java:142)
08-05 19:57:48.295 29070  3081 E baseline.com.newsblur.network.APIResponse: 	at okhttp3.internal.http.RetryAndFollowUpInterceptor.intercept(RetryAndFollowUpInterceptor.java:88)
08-05 19:57:48.295 29070  3081 E baseline.com.newsblur.network.APIResponse: 	at okhttp3.internal.http.RealInterceptorChain.proceed(RealInterceptorChain.java:142)
08-05 19:57:48.295 29070  3081 E baseline.com.newsblur.network.APIResponse: 	at okhttp3.internal.http.RealInterceptorChain.proceed(RealInterceptorChain.java:117)
08-05 19:57:48.295 29070  3081 E baseline.com.newsblur.network.APIResponse: 	at okhttp3.RealCall.getResponseWithInterceptorChain(RealCall.java:229)
08-05 19:57:48.295 29070  3081 E baseline.com.newsblur.network.APIResponse: 	at okhttp3.RealCall.execute(RealCall.java:81)
08-05 19:57:48.295 29070  3081 E baseline.com.newsblur.network.APIResponse: 	at baseline.com.newsblur.network.APIResponse.<init>(APIResponse.java:57)
08-05 19:57:48.295 29070  3081 E baseline.com.newsblur.network.APIResponse: 	at baseline.com.newsblur.network.APIResponse.<init>(APIResponse.java:43)
08-05 19:57:48.295 29070  3081 E baseline.com.newsblur.network.APIResponse: 	at baseline.com.newsblur.network.APIManager.post_single(APIManager.java:702)
08-05 19:57:48.295 29070  3081 E baseline.com.newsblur.network.APIResponse: 	at baseline.com.newsblur.network.APIManager.post(APIManager.java:675)
08-05 19:57:48.295 29070  3081 E baseline.com.newsblur.network.APIResponse: 	at baseline.com.newsblur.network.APIManager.post(APIManager.java:714)
08-05 19:57:48.295 29070  3081 E baseline.com.newsblur.network.APIResponse: 	at baseline.com.newsblur.network.APIManager.markStoryAsRead(APIManager.java:205)
08-05 19:57:48.295 29070  3081 E baseline.com.newsblur.network.APIResponse: 	at baseline.com.newsblur.util.ReadingAction.doRemote(ReadingAction.java:281)
08-05 19:57:48.295 29070  3081 E baseline.com.newsblur.network.APIResponse: 	at baseline.com.newsblur.service.NBSyncService.syncActions(NBSyncService.java:400)
08-05 19:57:48.295 29070  3081 E baseline.com.newsblur.network.APIResponse: 	at baseline.com.newsblur.service.NBSyncService.doSync(NBSyncService.java:298)
08-05 19:57:48.295 29070  3081 E baseline.com.newsblur.network.APIResponse: 	at baseline.com.newsblur.service.NBSyncService.access$100(NBSyncService.java:67)
08-05 19:57:48.295 29070  3081 E baseline.com.newsblur.network.APIResponse: 	at baseline.com.newsblur.service.NBSyncService$1.run(NBSyncService.java:188)
08-05 19:57:48.295 29070  3081 E baseline.com.newsblur.network.APIResponse: 	at java.util.concurrent.ThreadPoolExecutor.runWorker(ThreadPoolExecutor.java:1113)
08-05 19:57:48.295 29070  3081 E baseline.com.newsblur.network.APIResponse: 	at java.util.concurrent.ThreadPoolExecutor$Worker.run(ThreadPoolExecutor.java:588)
08-05 19:57:48.295 29070  3081 E baseline.com.newsblur.network.APIResponse: 	at java.lang.Thread.run(Thread.java:818)
08-05 19:57:48.295 29070  3081 E baseline.com.newsblur.network.APIResponse: Caused by: java.io.EOFException: \n not found: limit=0 content=
08-05 19:57:48.295 29070  3081 E baseline.com.newsblur.network.APIResponse: 	at okio.RealBufferedSource.readUtf8LineStrict(RealBufferedSource.java:240)
08-05 19:57:48.295 29070  3081 E baseline.com.newsblur.network.APIResponse: 	at okhttp3.internal.http1.Http1ExchangeCodec.readHeaderLine(Http1ExchangeCodec.java:242)
08-05 19:57:48.295 29070  3081 E baseline.com.newsblur.network.APIResponse: 	at okhttp3.internal.http1.Http1ExchangeCodec.readResponseHeaders(Http1ExchangeCodec.java:213)
08-05 19:57:48.295 29070  3081 E baseline.com.newsblur.network.APIResponse: 	... 30 more
08-05 19:57:48.297 29070 29081 I art     : Starting a blocking GC Explicit
08-05 19:57:48.297 29070  3081 I baseline.com.newsblur.service.NBSyncService: Holding reading action with server-side or network error.
08-05 19:57:48.310 29070  3081 W baseline.com.newsblur.service.NBSyncService: hard API failure
08-05 19:57:48.373 29070 29081 I art     : Explicit concurrent mark sweep GC freed 5075(437KB) AllocSpace objects, 5(100KB) LOS objects, 27% free, 41MB/57MB, paused 2.544ms total 76.534ms
08-05 19:57:48.396 29070 29081 I art     : Starting a blocking GC Explicit
08-05 19:57:48.469 29070 29081 I art     : Explicit concurrent mark sweep GC freed 292(12KB) AllocSpace objects, 0(0B) LOS objects, 27% free, 41MB/57MB, paused 2.901ms total 73.526ms
08-05 19:57:48.493 29070 29081 I art     : Starting a blocking GC Explicit
08-05 19:57:48.571 29070 29081 I art     : Explicit concurrent mark sweep GC freed 16(512B) AllocSpace objects, 0(0B) LOS objects, 27% free, 41MB/57MB, paused 2.691ms total 76.688ms
08-05 19:57:48.595 29070 29081 I art     : Starting a blocking GC Explicit
08-05 19:57:48.671 29070 29081 I art     : Explicit concurrent mark sweep GC freed 1478(58KB) AllocSpace objects, 0(0B) LOS objects, 27% free, 41MB/57MB, paused 2.712ms total 75.910ms
08-05 19:57:48.694 29070 29081 I art     : Starting a blocking GC Explicit
08-05 19:57:48.715 29070  3081 E baseline.com.newsblur.network.APIResponse: Error (unexpected end of stream on https://www.newsblur.com/...) calling https://www.newsblur.com/reader/mark_story_hashes_as_read/
08-05 19:57:48.715 29070  3081 E baseline.com.newsblur.network.APIResponse: java.io.IOException: unexpected end of stream on https://www.newsblur.com/...
08-05 19:57:48.715 29070  3081 E baseline.com.newsblur.network.APIResponse: 	at okhttp3.internal.http1.Http1ExchangeCodec.readResponseHeaders(Http1ExchangeCodec.java:236)
08-05 19:57:48.715 29070  3081 E baseline.com.newsblur.network.APIResponse: 	at okhttp3.internal.connection.Exchange.readResponseHeaders(Exchange.java:115)
08-05 19:57:48.715 29070  3081 E baseline.com.newsblur.network.APIResponse: 	at okhttp3.internal.http.CallServerInterceptor.intercept(CallServerInterceptor.java:94)
08-05 19:57:48.715 29070  3081 E baseline.com.newsblur.network.APIResponse: 	at okhttp3.internal.http.RealInterceptorChain.proceed(RealInterceptorChain.java:142)
08-05 19:57:48.715 29070  3081 E baseline.com.newsblur.network.APIResponse: 	at okhttp3.internal.connection.ConnectInterceptor.intercept(ConnectInterceptor.java:43)
08-05 19:57:48.715 29070  3081 E baseline.com.newsblur.network.APIResponse: 	at okhttp3.internal.http.RealInterceptorChain.proceed(RealInterceptorChain.java:142)
08-05 19:57:48.715 29070  3081 E baseline.com.newsblur.network.APIResponse: 	at okhttp3.internal.http.RealInterceptorChain.proceed(RealInterceptorChain.java:117)
08-05 19:57:48.715 29070  3081 E baseline.com.newsblur.network.APIResponse: 	at okhttp3.internal.cache.CacheInterceptor.intercept(CacheInterceptor.java:94)
08-05 19:57:48.715 29070  3081 E baseline.com.newsblur.network.APIResponse: 	at okhttp3.internal.http.RealInterceptorChain.proceed(RealInterceptorChain.java:142)
08-05 19:57:48.715 29070  3081 E baseline.com.newsblur.network.APIResponse: 	at okhttp3.internal.http.RealInterceptorChain.proceed(RealInterceptorChain.java:117)
08-05 19:57:48.715 29070  3081 E baseline.com.newsblur.network.APIResponse: 	at okhttp3.internal.http.BridgeInterceptor.intercept(BridgeInterceptor.java:93)
08-05 19:57:48.715 29070  3081 E baseline.com.newsblur.network.APIResponse: 	at okhttp3.internal.http.RealInterceptorChain.proceed(RealInterceptorChain.java:142)
08-05 19:57:48.715 29070  3081 E baseline.com.newsblur.network.APIResponse: 	at okhttp3.internal.http.RetryAndFollowUpInterceptor.intercept(RetryAndFollowUpInterceptor.java:88)
08-05 19:57:48.715 29070  3081 E baseline.com.newsblur.network.APIResponse: 	at okhttp3.internal.http.RealInterceptorChain.proceed(RealInterceptorChain.java:142)
08-05 19:57:48.715 29070  3081 E baseline.com.newsblur.network.APIResponse: 	at okhttp3.internal.http.RealInterceptorChain.proceed(RealInterceptorChain.java:117)
08-05 19:57:48.715 29070  3081 E baseline.com.newsblur.network.APIResponse: 	at okhttp3.RealCall.getResponseWithInterceptorChain(RealCall.java:229)
08-05 19:57:48.715 29070  3081 E baseline.com.newsblur.network.APIResponse: 	at okhttp3.RealCall.execute(RealCall.java:81)
08-05 19:57:48.715 29070  3081 E baseline.com.newsblur.network.APIResponse: 	at baseline.com.newsblur.network.APIResponse.<init>(APIResponse.java:57)
08-05 19:57:48.715 29070  3081 E baseline.com.newsblur.network.APIResponse: 	at baseline.com.newsblur.network.APIResponse.<init>(APIResponse.java:43)
08-05 19:57:48.715 29070  3081 E baseline.com.newsblur.network.APIResponse: 	at baseline.com.newsblur.network.APIManager.post_single(APIManager.java:702)
08-05 19:57:48.715 29070  3081 E baseline.com.newsblur.network.APIResponse: 	at baseline.com.newsblur.network.APIManager.post(APIManager.java:675)
08-05 19:57:48.715 29070  3081 E baseline.com.newsblur.network.APIResponse: 	at baseline.com.newsblur.network.APIManager.post(APIManager.java:714)
08-05 19:57:48.715 29070  3081 E baseline.com.newsblur.network.APIResponse: 	at baseline.com.newsblur.network.APIManager.markStoryAsRead(APIManager.java:205)
08-05 19:57:48.715 29070  3081 E baseline.com.newsblur.network.APIResponse: 	at baseline.com.newsblur.util.ReadingAction.doRemote(ReadingAction.java:281)
08-05 19:57:48.715 29070  3081 E baseline.com.newsblur.network.APIResponse: 	at baseline.com.newsblur.service.NBSyncService.syncActions(NBSyncService.java:400)
08-05 19:57:48.715 29070  3081 E baseline.com.newsblur.network.APIResponse: 	at baseline.com.newsblur.service.NBSyncService.doSync(NBSyncService.java:298)
08-05 19:57:48.715 29070  3081 E baseline.com.newsblur.network.APIResponse: 	at baseline.com.newsblur.service.NBSyncService.access$100(NBSyncService.java:67)
08-05 19:57:48.715 29070  3081 E baseline.com.newsblur.network.APIResponse: 	at baseline.com.newsblur.service.NBSyncService$1.run(NBSyncService.java:188)
08-05 19:57:48.715 29070  3081 E baseline.com.newsblur.network.APIResponse: 	at java.util.concurrent.ThreadPoolExecutor.runWorker(ThreadPoolExecutor.java:1113)
08-05 19:57:48.715 29070  3081 E baseline.com.newsblur.network.APIResponse: 	at java.util.concurrent.ThreadPoolExecutor$Worker.run(ThreadPoolExecutor.java:588)
08-05 19:57:48.715 29070  3081 E baseline.com.newsblur.network.APIResponse: 	at java.lang.Thread.run(Thread.java:818)
08-05 19:57:48.715 29070  3081 E baseline.com.newsblur.network.APIResponse: Caused by: java.io.EOFException: \n not found: limit=0 content=
08-05 19:57:48.715 29070  3081 E baseline.com.newsblur.network.APIResponse: 	at okio.RealBufferedSource.readUtf8LineStrict(RealBufferedSource.java:240)
08-05 19:57:48.715 29070  3081 E baseline.com.newsblur.network.APIResponse: 	at okhttp3.internal.http1.Http1ExchangeCodec.readHeaderLine(Http1ExchangeCodec.java:242)
08-05 19:57:48.715 29070  3081 E baseline.com.newsblur.network.APIResponse: 	at okhttp3.internal.http1.Http1ExchangeCodec.readResponseHeaders(Http1ExchangeCodec.java:213)
08-05 19:57:48.715 29070  3081 E baseline.com.newsblur.network.APIResponse: 	... 30 more
08-05 19:57:48.717 29070  3081 I baseline.com.newsblur.network.APIManager: API call failed, pausing before retry number 1
08-05 19:57:48.768 29070 29081 I art     : Explicit concurrent mark sweep GC freed 1022(202KB) AllocSpace objects, 2(40KB) LOS objects, 27% free, 41MB/57MB, paused 2.320ms total 73.495ms
08-05 19:57:49.194 29070  4133 I art     : Starting a blocking GC Explicit
08-05 19:57:49.270 29070  4133 I art     : Explicit concurrent mark sweep GC freed 1622(101KB) AllocSpace objects, 1(20KB) LOS objects, 27% free, 41MB/57MB, paused 2.547ms total 75.414ms
08-05 19:57:49.293 29070  4133 I art     : Starting a blocking GC Explicit
08-05 19:57:49.361 29070  4133 I art     : Explicit concurrent mark sweep GC freed 45(1552B) AllocSpace objects, 0(0B) LOS objects, 27% free, 41MB/57MB, paused 2.229ms total 67.676ms
08-05 19:57:49.382 29070  4133 I art     : Starting a blocking GC Explicit
08-05 19:57:49.454 29070  4133 I art     : Explicit concurrent mark sweep GC freed 3(96B) AllocSpace objects, 0(0B) LOS objects, 27% free, 41MB/57MB, paused 2.282ms total 71.093ms
08-05 19:57:49.476 29070  4133 I art     : Starting a blocking GC Explicit
08-05 19:57:49.546 29070  4133 I art     : Explicit concurrent mark sweep GC freed 3(96B) AllocSpace objects, 0(0B) LOS objects, 27% free, 41MB/57MB, paused 2.309ms total 69.244ms
08-05 19:57:49.546  4304  4304 D AndroidRuntime: >>>>>> START com.android.internal.os.RuntimeInit uid 2000 <<<<<<
08-05 19:57:49.553  4304  4304 D AndroidRuntime: CheckJNI is OFF
08-05 19:57:49.568 29070  4133 I art     : Starting a blocking GC Explicit
08-05 19:57:49.603  4304  4304 D ICU     : No timezone override file found: /data/misc/zoneinfo/current/icu/icu_tzdata.dat
08-05 19:57:49.638 29070  4133 I art     : Explicit concurrent mark sweep GC freed 3(96B) AllocSpace objects, 0(0B) LOS objects, 27% free, 41MB/57MB, paused 2.289ms total 68.997ms
08-05 19:57:49.649  4304  4304 I Radio-JNI: register_android_hardware_Radio DONE
08-05 19:57:49.682  4304  4304 D AndroidRuntime: Calling main entry com.android.commands.input.Input
08-05 19:57:49.684  4304  4304 I Input   : injectMotionEvent: MotionEvent { action=ACTION_DOWN, actionButton=0, id[0]=0, x[0]=553.0, y[0]=442.0, toolType[0]=TOOL_TYPE_UNKNOWN, buttonState=0, metaState=0, flags=0x0, edgeFlags=0x0, pointerCount=1, historySize=0, eventTime=820686096, downTime=820686096, deviceId=0, source=0x1002 }
08-05 19:57:49.690  4304  4304 I Input   : injectMotionEvent: MotionEvent { action=ACTION_UP, actionButton=0, id[0]=0, x[0]=553.0, y[0]=442.0, toolType[0]=TOOL_TYPE_UNKNOWN, buttonState=0, metaState=0, flags=0x0, edgeFlags=0x0, pointerCount=1, historySize=0, eventTime=820686096, downTime=820686096, deviceId=0, source=0x1002 }
08-05 19:57:49.692  4304  4304 D AndroidRuntime: Shutting down VM
08-05 19:57:49.761   918  3696 I ActivityManager: START u0 {cmp=baseline.com.newsblur/.activity.AllSharedStoriesItemsList (has extras)} from uid 10676 on display 0
08-05 19:57:49.790 29070  2768 I baseline.com.newsblur.database.BlurDatabaseHelper: reading session reset
08-05 19:57:50.050 29070 29082 I art     : Starting a blocking GC Explicit
08-05 19:57:50.063 29070 29070 D baseline.com.newsblur.service.NBSyncService: rejecting request for feedset that is exhaused
08-05 19:57:50.078 29070 29070 W View    : requestLayout() improperly called by android.widget.FrameLayout{5dd78dd V.E...... ......ID 0,0-1440,18 #7f07003f app:id/footer_view_inner} during layout: running second layout pass
08-05 19:57:50.078 29070 29070 W View    : requestLayout() improperly called by android.widget.FrameLayout{20dfc52 V.E...... ......ID 0,0-1440,2091 #7f07003f app:id/footer_view_inner} during layout: running second layout pass
08-05 19:57:50.102 13866 13866 I GoogleInputMethodServic: GoogleInputMethodService.onFinishInput():3138 
08-05 19:57:50.104 13866 13866 I GoogleInputMethodServic: GoogleInputMethodService.onStartInput():1808 
08-05 19:57:50.104   918   936 I ActivityManager: Displayed baseline.com.newsblur/.activity.AllSharedStoriesItemsList: +331ms
08-05 19:57:50.126 29070 29082 I art     : Explicit concurrent mark sweep GC freed 4592(369KB) AllocSpace objects, 9(272KB) LOS objects, 27% free, 41MB/57MB, paused 2.656ms total 75.655ms
08-05 19:57:50.149 29070 29082 I art     : Starting a blocking GC Explicit
08-05 19:57:50.220 29070  2460 I NAPPA_EXPERIMENTATION: MetricNetworkRequestExecutionTime: REQUEST_DURATION_SYSTEM='48',REQUEST_DURATION_OKHTTP='47',REQUEST_SYNCHRONOUS='TRUE',RESPONSE_CODE='200',RESPONSE_METHOD='GET',RESPONSE_LENGTH_OKHTTP='43',RESPONSE_LENGTH_HEADER='43',REQUEST_PROTOCOL='http/1.1',REQUEST_URL='http://feeds.feedburner.com/~r/retort/~4/UffaFMiJbNs',
08-05 19:57:50.227 29070 29082 I art     : Explicit concurrent mark sweep GC freed 1516(95KB) AllocSpace objects, 5(100KB) LOS objects, 27% free, 41MB/57MB, paused 3.296ms total 77.312ms
08-05 19:57:50.255 29070 29082 I art     : Starting a blocking GC Explicit
08-05 19:57:50.319 29070 29082 I art     : Explicit concurrent mark sweep GC freed 496(36KB) AllocSpace objects, 1(20KB) LOS objects, 27% free, 41MB/57MB, paused 2.177ms total 63.411ms
08-05 19:57:50.339 29070 29082 I art     : Starting a blocking GC Explicit
08-05 19:57:50.404 29070 29082 I art     : Explicit concurrent mark sweep GC freed 178(19KB) AllocSpace objects, 1(20KB) LOS objects, 27% free, 41MB/57MB, paused 2.072ms total 64.410ms
08-05 19:57:50.423 29070 29082 I art     : Starting a blocking GC Explicit
08-05 19:57:50.488 29070 29082 I art     : Explicit concurrent mark sweep GC freed 65(2928B) AllocSpace objects, 0(0B) LOS objects, 27% free, 41MB/57MB, paused 2.158ms total 64.443ms
08-05 19:57:50.522   918  3261 D WifiStateMachine: starting scan for "H369AA63323"WPA_PSK with 2412,5180
08-05 19:57:50.637 29070  3081 E baseline.com.newsblur.network.APIResponse: Error (unexpected end of stream on https://www.newsblur.com/...) calling https://www.newsblur.com/reader/mark_story_hashes_as_read/
08-05 19:57:50.637 29070  3081 E baseline.com.newsblur.network.APIResponse: java.io.IOException: unexpected end of stream on https://www.newsblur.com/...
08-05 19:57:50.637 29070  3081 E baseline.com.newsblur.network.APIResponse: 	at okhttp3.internal.http1.Http1ExchangeCodec.readResponseHeaders(Http1ExchangeCodec.java:236)
08-05 19:57:50.637 29070  3081 E baseline.com.newsblur.network.APIResponse: 	at okhttp3.internal.connection.Exchange.readResponseHeaders(Exchange.java:115)
08-05 19:57:50.637 29070  3081 E baseline.com.newsblur.network.APIResponse: 	at okhttp3.internal.http.CallServerInterceptor.intercept(CallServerInterceptor.java:94)
08-05 19:57:50.637 29070  3081 E baseline.com.newsblur.network.APIResponse: 	at okhttp3.internal.http.RealInterceptorChain.proceed(RealInterceptorChain.java:142)
08-05 19:57:50.637 29070  3081 E baseline.com.newsblur.network.APIResponse: 	at okhttp3.internal.connection.ConnectInterceptor.intercept(ConnectInterceptor.java:43)
08-05 19:57:50.637 29070  3081 E baseline.com.newsblur.network.APIResponse: 	at okhttp3.internal.http.RealInterceptorChain.proceed(RealInterceptorChain.java:142)
08-05 19:57:50.637 29070  3081 E baseline.com.newsblur.network.APIResponse: 	at okhttp3.internal.http.RealInterceptorChain.proceed(RealInterceptorChain.java:117)
08-05 19:57:50.637 29070  3081 E baseline.com.newsblur.network.APIResponse: 	at okhttp3.internal.cache.CacheInterceptor.intercept(CacheInterceptor.java:94)
08-05 19:57:50.637 29070  3081 E baseline.com.newsblur.network.APIResponse: 	at okhttp3.internal.http.RealInterceptorChain.proceed(RealInterceptorChain.java:142)
08-05 19:57:50.637 29070  3081 E baseline.com.newsblur.network.APIResponse: 	at okhttp3.internal.http.RealInterceptorChain.proceed(RealInterceptorChain.java:117)
08-05 19:57:50.637 29070  3081 E baseline.com.newsblur.network.APIResponse: 	at okhttp3.internal.http.BridgeInterceptor.intercept(BridgeInterceptor.java:93)
08-05 19:57:50.637 29070  3081 E baseline.com.newsblur.network.APIResponse: 	at okhttp3.internal.http.RealInterceptorChain.proceed(RealInterceptorChain.java:142)
08-05 19:57:50.637 29070  3081 E baseline.com.newsblur.network.APIResponse: 	at okhttp3.internal.http.RetryAndFollowUpInterceptor.intercept(RetryAndFollowUpInterceptor.java:88)
08-05 19:57:50.637 29070  3081 E baseline.com.newsblur.network.APIResponse: 	at okhttp3.internal.http.RealInterceptorChain.proceed(RealInterceptorChain.java:142)
08-05 19:57:50.637 29070  3081 E baseline.com.newsblur.network.APIResponse: 	at okhttp3.internal.http.RealInterceptorChain.proceed(RealInterceptorChain.java:117)
08-05 19:57:50.637 29070  3081 E baseline.com.newsblur.network.APIResponse: 	at okhttp3.RealCall.getResponseWithInterceptorChain(RealCall.java:229)
08-05 19:57:50.637 29070  3081 E baseline.com.newsblur.network.APIResponse: 	at okhttp3.RealCall.execute(RealCall.java:81)
08-05 19:57:50.637 29070  3081 E baseline.com.newsblur.network.APIResponse: 	at baseline.com.newsblur.network.APIResponse.<init>(APIResponse.java:57)
08-05 19:57:50.637 29070  3081 E baseline.com.newsblur.network.APIResponse: 	at baseline.com.newsblur.network.APIResponse.<init>(APIResponse.java:43)
08-05 19:57:50.637 29070  3081 E baseline.com.newsblur.network.APIResponse: 	at baseline.com.newsblur.network.APIManager.post_single(APIManager.java:702)
08-05 19:57:50.637 29070  3081 E baseline.com.newsblur.network.APIResponse: 	at baseline.com.newsblur.network.APIManager.post(APIManager.java:675)
08-05 19:57:50.637 29070  3081 E baseline.com.newsblur.network.APIResponse: 	at baseline.com.newsblur.network.APIManager.post(APIManager.java:714)
08-05 19:57:50.637 29070  3081 E baseline.com.newsblur.network.APIResponse: 	at baseline.com.newsblur.network.APIManager.markStoryAsRead(APIManager.java:205)
08-05 19:57:50.637 29070  3081 E baseline.com.newsblur.network.APIResponse: 	at baseline.com.newsblur.util.ReadingAction.doRemote(ReadingAction.java:281)
08-05 19:57:50.637 29070  3081 E baseline.com.newsblur.network.APIResponse: 	at baseline.com.newsblur.service.NBSyncService.syncActions(NBSyncService.java:400)
08-05 19:57:50.637 29070  3081 E baseline.com.newsblur.network.APIResponse: 	at baseline.com.newsblur.service.NBSyncService.doSync(NBSyncService.java:298)
08-05 19:57:50.637 29070  3081 E baseline.com.newsblur.network.APIResponse: 	at baseline.com.newsblur.service.NBSyncService.access$100(NBSyncService.java:67)
08-05 19:57:50.637 29070  3081 E baseline.com.newsblur.network.APIResponse: 	at baseline.com.newsblur.service.NBSyncService$1.run(NBSyncService.java:188)
08-05 19:57:50.637 29070  3081 E baseline.com.newsblur.network.APIResponse: 	at java.util.concurrent.ThreadPoolExecutor.runWorker(ThreadPoolExecutor.java:1113)
08-05 19:57:50.637 29070  3081 E baseline.com.newsblur.network.APIResponse: 	at java.util.concurrent.ThreadPoolExecutor$Worker.run(ThreadPoolExecutor.java:588)
08-05 19:57:50.637 29070  3081 E baseline.com.newsblur.network.APIResponse: 	at java.lang.Thread.run(Thread.java:818)
08-05 19:57:50.637 29070  3081 E baseline.com.newsblur.network.APIResponse: Caused by: java.io.EOFException: \n not found: limit=0 content=
08-05 19:57:50.637 29070  3081 E baseline.com.newsblur.network.APIResponse: 	at okio.RealBufferedSource.readUtf8LineStrict(RealBufferedSource.java:240)
08-05 19:57:50.637 29070  3081 E baseline.com.newsblur.network.APIResponse: 	at okhttp3.internal.http1.Http1ExchangeCodec.readHeaderLine(Http1ExchangeCodec.java:242)
08-05 19:57:50.637 29070  3081 E baseline.com.newsblur.network.APIResponse: 	at okhttp3.internal.http1.Http1ExchangeCodec.readResponseHeaders(Http1ExchangeCodec.java:213)
08-05 19:57:50.637 29070  3081 E baseline.com.newsblur.network.APIResponse: 	... 30 more
08-05 19:57:50.638 29070  3081 I baseline.com.newsblur.network.APIManager: API call failed, pausing before retry number 2
08-05 19:57:50.882 29070  2197 I art     : Starting a blocking GC Explicit
08-05 19:57:50.887 13866 13882 I PeriodicStatsRunner: PeriodicStatsRunner.call():175 call()
08-05 19:57:50.887 13866 13882 I PeriodicStatsRunner: PeriodicStatsRunner.call():179 No submit PeriodicStats since input started.
08-05 19:57:50.960 29070  2197 I art     : Explicit concurrent mark sweep GC freed 4196(367KB) AllocSpace objects, 3(60KB) LOS objects, 27% free, 41MB/57MB, paused 2.242ms total 77.177ms
08-05 19:57:50.983 29070  2197 I art     : Starting a blocking GC Explicit
08-05 19:57:51.060 29070  2197 I art     : Explicit concurrent mark sweep GC freed 120(4KB) AllocSpace objects, 0(0B) LOS objects, 27% free, 41MB/57MB, paused 2.534ms total 75.873ms
08-05 19:57:51.082 29070  2197 I art     : Starting a blocking GC Explicit
08-05 19:57:51.160 29070  2197 I art     : Explicit concurrent mark sweep GC freed 3(96B) AllocSpace objects, 0(0B) LOS objects, 27% free, 41MB/57MB, paused 2.719ms total 78.037ms
08-05 19:57:51.184 29070  2197 I art     : Starting a blocking GC Explicit
08-05 19:57:51.262 29070  2197 I art     : Explicit concurrent mark sweep GC freed 8(256B) AllocSpace objects, 0(0B) LOS objects, 27% free, 41MB/57MB, paused 2.765ms total 78.205ms
08-05 19:57:51.286 29070  2197 I art     : Starting a blocking GC Explicit
08-05 19:57:51.361 29070  2197 I art     : Explicit concurrent mark sweep GC freed 15(480B) AllocSpace objects, 0(0B) LOS objects, 27% free, 41MB/57MB, paused 3.391ms total 75.114ms
08-05 19:57:51.809 29070  2197 I art     : Starting a blocking GC Explicit
08-05 19:57:51.886 29070  2197 I art     : Explicit concurrent mark sweep GC freed 1457(83KB) AllocSpace objects, 1(20KB) LOS objects, 27% free, 41MB/57MB, paused 2.300ms total 76.959ms
08-05 19:57:51.909 29070  2197 I art     : Starting a blocking GC Explicit
08-05 19:57:51.986 29070  2197 I art     : Explicit concurrent mark sweep GC freed 22(784B) AllocSpace objects, 0(0B) LOS objects, 27% free, 41MB/57MB, paused 2.235ms total 76.210ms
08-05 19:57:52.009 29070  2197 I art     : Starting a blocking GC Explicit
08-05 19:57:52.085 29070  2197 I art     : Explicit concurrent mark sweep GC freed 3(96B) AllocSpace objects, 0(0B) LOS objects, 27% free, 41MB/57MB, paused 2.356ms total 76.059ms
08-05 19:57:52.108 29070  2197 I art     : Starting a blocking GC Explicit
08-05 19:57:52.183 29070  2197 I art     : Explicit concurrent mark sweep GC freed 3(96B) AllocSpace objects, 0(0B) LOS objects, 27% free, 41MB/57MB, paused 2.348ms total 74.782ms
08-05 19:57:52.205 29070  2197 I art     : Starting a blocking GC Explicit
08-05 19:57:52.283 29070  2197 I art     : Explicit concurrent mark sweep GC freed 3(96B) AllocSpace objects, 0(0B) LOS objects, 27% free, 41MB/57MB, paused 2.360ms total 77.116ms
08-05 19:57:52.749 29070 29081 I art     : Starting a blocking GC Explicit
08-05 19:57:52.829 29070 29081 I art     : Explicit concurrent mark sweep GC freed 1445(83KB) AllocSpace objects, 1(20KB) LOS objects, 27% free, 41MB/57MB, paused 2.280ms total 79.323ms
08-05 19:57:52.846 13866 13882 I PeriodicStatsRunner: PeriodicStatsRunner.call():175 call()
08-05 19:57:52.847 13866 13882 I PeriodicStatsRunner: PeriodicStatsRunner.call():179 No submit PeriodicStats since input started.
08-05 19:57:52.852 29070 29081 I art     : Starting a blocking GC Explicit
08-05 19:57:52.931 29070 29081 I art     : Explicit concurrent mark sweep GC freed 22(784B) AllocSpace objects, 0(0B) LOS objects, 27% free, 41MB/57MB, paused 2.386ms total 78.147ms
08-05 19:57:52.954 29070 29081 I art     : Starting a blocking GC Explicit
08-05 19:57:53.031 29070 29081 I art     : Explicit concurrent mark sweep GC freed 3(96B) AllocSpace objects, 0(0B) LOS objects, 27% free, 41MB/57MB, paused 2.381ms total 76.915ms
08-05 19:57:53.054 29070 29081 I art     : Starting a blocking GC Explicit
08-05 19:57:53.132 29070 29081 I art     : Explicit concurrent mark sweep GC freed 3(96B) AllocSpace objects, 0(0B) LOS objects, 27% free, 41MB/57MB, paused 2.450ms total 78.010ms
08-05 19:57:53.155 29070 29081 I art     : Starting a blocking GC Explicit
08-05 19:57:53.233 29070 29081 I art     : Explicit concurrent mark sweep GC freed 3(96B) AllocSpace objects, 0(0B) LOS objects, 27% free, 41MB/57MB, paused 2.457ms total 77.682ms
08-05 19:57:53.670 29070  2422 I art     : Starting a blocking GC Explicit
08-05 19:57:53.748 29070  2422 I art     : Explicit concurrent mark sweep GC freed 1605(91KB) AllocSpace objects, 1(20KB) LOS objects, 27% free, 41MB/57MB, paused 2.365ms total 77.464ms
08-05 19:57:53.770 29070  2422 I art     : Starting a blocking GC Explicit
08-05 19:57:53.847 29070  2422 I art     : Explicit concurrent mark sweep GC freed 34(1344B) AllocSpace objects, 0(0B) LOS objects, 27% free, 41MB/57MB, paused 2.361ms total 76.507ms
08-05 19:57:53.869 29070  2422 I art     : Starting a blocking GC Explicit
08-05 19:57:53.947 29070  2422 I art     : Explicit concurrent mark sweep GC freed 3(96B) AllocSpace objects, 0(0B) LOS objects, 27% free, 41MB/57MB, paused 2.373ms total 77.457ms
08-05 19:57:53.971 29070  2422 I art     : Starting a blocking GC Explicit
08-05 19:57:54.046 29070  2422 I art     : Explicit concurrent mark sweep GC freed 3(96B) AllocSpace objects, 0(0B) LOS objects, 27% free, 41MB/57MB, paused 2.402ms total 74.519ms
08-05 19:57:54.068 29070  2422 I art     : Starting a blocking GC Explicit
08-05 19:57:54.140 29070  3081 E baseline.com.newsblur.network.APIResponse: Error (unexpected end of stream on https://www.newsblur.com/...) calling https://www.newsblur.com/reader/mark_story_hashes_as_read/
08-05 19:57:54.140 29070  3081 E baseline.com.newsblur.network.APIResponse: java.io.IOException: unexpected end of stream on https://www.newsblur.com/...
08-05 19:57:54.140 29070  3081 E baseline.com.newsblur.network.APIResponse: 	at okhttp3.internal.http1.Http1ExchangeCodec.readResponseHeaders(Http1ExchangeCodec.java:236)
08-05 19:57:54.140 29070  3081 E baseline.com.newsblur.network.APIResponse: 	at okhttp3.internal.connection.Exchange.readResponseHeaders(Exchange.java:115)
08-05 19:57:54.140 29070  3081 E baseline.com.newsblur.network.APIResponse: 	at okhttp3.internal.http.CallServerInterceptor.intercept(CallServerInterceptor.java:94)
08-05 19:57:54.140 29070  3081 E baseline.com.newsblur.network.APIResponse: 	at okhttp3.internal.http.RealInterceptorChain.proceed(RealInterceptorChain.java:142)
08-05 19:57:54.140 29070  3081 E baseline.com.newsblur.network.APIResponse: 	at okhttp3.internal.connection.ConnectInterceptor.intercept(ConnectInterceptor.java:43)
08-05 19:57:54.140 29070  3081 E baseline.com.newsblur.network.APIResponse: 	at okhttp3.internal.http.RealInterceptorChain.proceed(RealInterceptorChain.java:142)
08-05 19:57:54.140 29070  3081 E baseline.com.newsblur.network.APIResponse: 	at okhttp3.internal.http.RealInterceptorChain.proceed(RealInterceptorChain.java:117)
08-05 19:57:54.140 29070  3081 E baseline.com.newsblur.network.APIResponse: 	at okhttp3.internal.cache.CacheInterceptor.intercept(CacheInterceptor.java:94)
08-05 19:57:54.140 29070  3081 E baseline.com.newsblur.network.APIResponse: 	at okhttp3.internal.http.RealInterceptorChain.proceed(RealInterceptorChain.java:142)
08-05 19:57:54.140 29070  3081 E baseline.com.newsblur.network.APIResponse: 	at okhttp3.internal.http.RealInterceptorChain.proceed(RealInterceptorChain.java:117)
08-05 19:57:54.140 29070  3081 E baseline.com.newsblur.network.APIResponse: 	at okhttp3.internal.http.BridgeInterceptor.intercept(BridgeInterceptor.java:93)
08-05 19:57:54.140 29070  3081 E baseline.com.newsblur.network.APIResponse: 	at okhttp3.internal.http.RealInterceptorChain.proceed(RealInterceptorChain.java:142)
08-05 19:57:54.140 29070  3081 E baseline.com.newsblur.network.APIResponse: 	at okhttp3.internal.http.RetryAndFollowUpInterceptor.intercept(RetryAndFollowUpInterceptor.java:88)
08-05 19:57:54.140 29070  3081 E baseline.com.newsblur.network.APIResponse: 	at okhttp3.internal.http.RealInterceptorChain.proceed(RealInterceptorChain.java:142)
08-05 19:57:54.140 29070  3081 E baseline.com.newsblur.network.APIResponse: 	at okhttp3.internal.http.RealInterceptorChain.proceed(RealInterceptorChain.java:117)
08-05 19:57:54.140 29070  3081 E baseline.com.newsblur.network.APIResponse: 	at okhttp3.RealCall.getResponseWithInterceptorChain(RealCall.java:229)
08-05 19:57:54.140 29070  3081 E baseline.com.newsblur.network.APIResponse: 	at okhttp3.RealCall.execute(RealCall.java:81)
08-05 19:57:54.140 29070  3081 E baseline.com.newsblur.network.APIResponse: 	at baseline.com.newsblur.network.APIResponse.<init>(APIResponse.java:57)
08-05 19:57:54.140 29070  3081 E baseline.com.newsblur.network.APIResponse: 	at baseline.com.newsblur.network.APIResponse.<init>(APIResponse.java:43)
08-05 19:57:54.140 29070  3081 E baseline.com.newsblur.network.APIResponse: 	at baseline.com.newsblur.network.APIManager.post_single(APIManager.java:702)
08-05 19:57:54.140 29070  3081 E baseline.com.newsblur.network.APIResponse: 	at baseline.com.newsblur.network.APIManager.post(APIManager.java:675)
08-05 19:57:54.140 29070  3081 E baseline.com.newsblur.network.APIResponse: 	at baseline.com.newsblur.network.APIManager.post(APIManager.java:714)
08-05 19:57:54.140 29070  3081 E baseline.com.newsblur.network.APIResponse: 	at baseline.com.newsblur.network.APIManager.markStoryAsRead(APIManager.java:205)
08-05 19:57:54.140 29070  3081 E baseline.com.newsblur.network.APIResponse: 	at baseline.com.newsblur.util.ReadingAction.doRemote(ReadingAction.java:281)
08-05 19:57:54.140 29070  3081 E baseline.com.newsblur.network.APIResponse: 	at baseline.com.newsblur.service.NBSyncService.syncActions(NBSyncService.java:400)
08-05 19:57:54.140 29070  3081 E baseline.com.newsblur.network.APIResponse: 	at baseline.com.newsblur.service.NBSyncService.doSync(NBSyncService.java:298)
08-05 19:57:54.140 29070  3081 E baseline.com.newsblur.network.APIResponse: 	at baseline.com.newsblur.service.NBSyncService.access$100(NBSyncService.java:67)
08-05 19:57:54.140 29070  3081 E baseline.com.newsblur.network.APIResponse: 	at baseline.com.newsblur.service.NBSyncService$1.run(NBSyncService.java:188)
08-05 19:57:54.140 29070  3081 E baseline.com.newsblur.network.APIResponse: 	at java.util.concurrent.ThreadPoolExecutor.runWorker(ThreadPoolExecutor.java:1113)
08-05 19:57:54.140 29070  3081 E baseline.com.newsblur.network.APIResponse: 	at java.util.concurrent.ThreadPoolExecutor$Worker.run(ThreadPoolExecutor.java:588)
08-05 19:57:54.140 29070  3081 E baseline.com.newsblur.network.APIResponse: 	at java.lang.Thread.run(Thread.java:818)
08-05 19:57:54.140 29070  3081 E baseline.com.newsblur.network.APIResponse: Caused by: java.io.EOFException: \n not found: limit=0 content=
08-05 19:57:54.140 29070  3081 E baseline.com.newsblur.network.APIResponse: 	at okio.RealBufferedSource.readUtf8LineStrict(RealBufferedSource.java:240)
08-05 19:57:54.140 29070  3081 E baseline.com.newsblur.network.APIResponse: 	at okhttp3.internal.http1.Http1ExchangeCodec.readHeaderLine(Http1ExchangeCodec.java:242)
08-05 19:57:54.140 29070  3081 E baseline.com.newsblur.network.APIResponse: 	at okhttp3.internal.http1.Http1ExchangeCodec.readResponseHeaders(Http1ExchangeCodec.java:213)
08-05 19:57:54.140 29070  3081 E baseline.com.newsblur.network.APIResponse: 	... 30 more
08-05 19:57:54.145 29070  3081 I baseline.com.newsblur.service.NBSyncService: Holding reading action with server-side or network error.
08-05 19:57:54.153 29070  2422 I art     : Explicit concurrent mark sweep GC freed 1961(146KB) AllocSpace objects, 0(0B) LOS objects, 27% free, 42MB/58MB, paused 2.740ms total 83.621ms
08-05 19:57:54.161 29070  3081 W baseline.com.newsblur.service.NBSyncService: hard API failure
08-05 19:57:54.183   518   646 I ThermalEngine: ACTION: GPU - Setting GPU[0] to 450000000
08-05 19:57:54.541 29070 29082 I art     : Starting a blocking GC Explicit
08-05 19:57:54.545 29070  3081 E baseline.com.newsblur.network.APIResponse: Error (unexpected end of stream on https://www.newsblur.com/...) calling https://www.newsblur.com/reader/mark_story_hashes_as_read/
08-05 19:57:54.545 29070  3081 E baseline.com.newsblur.network.APIResponse: java.io.IOException: unexpected end of stream on https://www.newsblur.com/...
08-05 19:57:54.545 29070  3081 E baseline.com.newsblur.network.APIResponse: 	at okhttp3.internal.http1.Http1ExchangeCodec.readResponseHeaders(Http1ExchangeCodec.java:236)
08-05 19:57:54.545 29070  3081 E baseline.com.newsblur.network.APIResponse: 	at okhttp3.internal.connection.Exchange.readResponseHeaders(Exchange.java:115)
08-05 19:57:54.545 29070  3081 E baseline.com.newsblur.network.APIResponse: 	at okhttp3.internal.http.CallServerInterceptor.intercept(CallServerInterceptor.java:94)
08-05 19:57:54.545 29070  3081 E baseline.com.newsblur.network.APIResponse: 	at okhttp3.internal.http.RealInterceptorChain.proceed(RealInterceptorChain.java:142)
08-05 19:57:54.545 29070  3081 E baseline.com.newsblur.network.APIResponse: 	at okhttp3.internal.connection.ConnectInterceptor.intercept(ConnectInterceptor.java:43)
08-05 19:57:54.545 29070  3081 E baseline.com.newsblur.network.APIResponse: 	at okhttp3.internal.http.RealInterceptorChain.proceed(RealInterceptorChain.java:142)
08-05 19:57:54.545 29070  3081 E baseline.com.newsblur.network.APIResponse: 	at okhttp3.internal.http.RealInterceptorChain.proceed(RealInterceptorChain.java:117)
08-05 19:57:54.545 29070  3081 E baseline.com.newsblur.network.APIResponse: 	at okhttp3.internal.cache.CacheInterceptor.intercept(CacheInterceptor.java:94)
08-05 19:57:54.545 29070  3081 E baseline.com.newsblur.network.APIResponse: 	at okhttp3.internal.http.RealInterceptorChain.proceed(RealInterceptorChain.java:142)
08-05 19:57:54.545 29070  3081 E baseline.com.newsblur.network.APIResponse: 	at okhttp3.internal.http.RealInterceptorChain.proceed(RealInterceptorChain.java:117)
08-05 19:57:54.545 29070  3081 E baseline.com.newsblur.network.APIResponse: 	at okhttp3.internal.http.BridgeInterceptor.intercept(BridgeInterceptor.java:93)
08-05 19:57:54.545 29070  3081 E baseline.com.newsblur.network.APIResponse: 	at okhttp3.internal.http.RealInterceptorChain.proceed(RealInterceptorChain.java:142)
08-05 19:57:54.545 29070  3081 E baseline.com.newsblur.network.APIResponse: 	at okhttp3.internal.http.RetryAndFollowUpInterceptor.intercept(RetryAndFollowUpInterceptor.java:88)
08-05 19:57:54.545 29070  3081 E baseline.com.newsblur.network.APIResponse: 	at okhttp3.internal.http.RealInterceptorChain.proceed(RealInterceptorChain.java:142)
08-05 19:57:54.545 29070  3081 E baseline.com.newsblur.network.APIResponse: 	at okhttp3.internal.http.RealInterceptorChain.proceed(RealInterceptorChain.java:117)
08-05 19:57:54.545 29070  3081 E baseline.com.newsblur.network.APIResponse: 	at okhttp3.RealCall.getResponseWithInterceptorChain(RealCall.java:229)
08-05 19:57:54.545 29070  3081 E baseline.com.newsblur.network.APIResponse: 	at okhttp3.RealCall.execute(RealCall.java:81)
08-05 19:57:54.545 29070  3081 E baseline.com.newsblur.network.APIResponse: 	at baseline.com.newsblur.network.APIResponse.<init>(APIResponse.java:57)
08-05 19:57:54.545 29070  3081 E baseline.com.newsblur.network.APIResponse: 	at baseline.com.newsblur.network.APIResponse.<init>(APIResponse.java:43)
08-05 19:57:54.545 29070  3081 E baseline.com.newsblur.network.APIResponse: 	at baseline.com.newsblur.network.APIManager.post_single(APIManager.java:702)
08-05 19:57:54.545 29070  3081 E baseline.com.newsblur.network.APIResponse: 	at baseline.com.newsblur.network.APIManager.post(APIManager.java:675)
08-05 19:57:54.545 29070  3081 E baseline.com.newsblur.network.APIResponse: 	at baseline.com.newsblur.network.APIManager.post(APIManager.java:714)
08-05 19:57:54.545 29070  3081 E baseline.com.newsblur.network.APIResponse: 	at baseline.com.newsblur.network.APIManager.markStoryAsRead(APIManager.java:205)
08-05 19:57:54.545 29070  3081 E baseline.com.newsblur.network.APIResponse: 	at baseline.com.newsblur.util.ReadingAction.doRemote(ReadingAction.java:281)
08-05 19:57:54.545 29070  3081 E baseline.com.newsblur.network.APIResponse: 	at baseline.com.newsblur.service.NBSyncService.syncActions(NBSyncService.java:400)
08-05 19:57:54.545 29070  3081 E baseline.com.newsblur.network.APIResponse: 	at baseline.com.newsblur.service.NBSyncService.doSync(NBSyncService.java:298)
08-05 19:57:54.545 29070  3081 E baseline.com.newsblur.network.APIResponse: 	at baseline.com.newsblur.service.NBSyncService.access$100(NBSyncService.java:67)
08-05 19:57:54.545 29070  3081 E baseline.com.newsblur.network.APIResponse: 	at baseline.com.newsblur.service.NBSyncService$1.run(NBSyncService.java:188)
08-05 19:57:54.545 29070  3081 E baseline.com.newsblur.network.APIResponse: 	at java.util.concurrent.ThreadPoolExecutor.runWorker(ThreadPoolExecutor.java:1113)
08-05 19:57:54.545 29070  3081 E baseline.com.newsblur.network.APIResponse: 	at java.util.concurrent.ThreadPoolExecutor$Worker.run(ThreadPoolExecutor.java:588)
08-05 19:57:54.545 29070  3081 E baseline.com.newsblur.network.APIResponse: 	at java.lang.Thread.run(Thread.java:818)
08-05 19:57:54.545 29070  3081 E baseline.com.newsblur.network.APIResponse: Caused by: java.io.EOFException: \n not found: limit=0 content=
08-05 19:57:54.545 29070  3081 E baseline.com.newsblur.network.APIResponse: 	at okio.RealBufferedSource.readUtf8LineStrict(RealBufferedSource.java:240)
08-05 19:57:54.545 29070  3081 E baseline.com.newsblur.network.APIResponse: 	at okhttp3.internal.http1.Http1ExchangeCodec.readHeaderLine(Http1ExchangeCodec.java:242)
08-05 19:57:54.545 29070  3081 E baseline.com.newsblur.network.APIResponse: 	at okhttp3.internal.http1.Http1ExchangeCodec.readResponseHeaders(Http1ExchangeCodec.java:213)
08-05 19:57:54.545 29070  3081 E baseline.com.newsblur.network.APIResponse: 	... 30 more
08-05 19:57:54.546 29070  3081 I baseline.com.newsblur.network.APIManager: API call failed, pausing before retry number 1
08-05 19:57:54.606 29070 29082 I art     : Explicit concurrent mark sweep GC freed 4892(522KB) AllocSpace objects, 7(140KB) LOS objects, 27% free, 41MB/57MB, paused 1.554ms total 64.318ms
08-05 19:57:54.623 29070 29082 I art     : Starting a blocking GC Explicit
08-05 19:57:54.686 29070 29082 I art     : Explicit concurrent mark sweep GC freed 306(23KB) AllocSpace objects, 0(0B) LOS objects, 27% free, 41MB/57MB, paused 1.539ms total 62.402ms
08-05 19:57:54.701 29070 29082 I art     : Starting a blocking GC Explicit
08-05 19:57:54.766 29070 29082 I art     : Explicit concurrent mark sweep GC freed 25(832B) AllocSpace objects, 0(0B) LOS objects, 27% free, 41MB/57MB, paused 1.626ms total 65.040ms
08-05 19:57:54.781 29070 29082 I art     : Starting a blocking GC Explicit
08-05 19:57:54.849 29070 29082 I art     : Explicit concurrent mark sweep GC freed 3(96B) AllocSpace objects, 0(0B) LOS objects, 27% free, 41MB/57MB, paused 1.715ms total 67.509ms
08-05 19:57:54.867 29070 29082 I art     : Starting a blocking GC Explicit
08-05 19:57:54.933 29070 29082 I art     : Explicit concurrent mark sweep GC freed 3(96B) AllocSpace objects, 0(0B) LOS objects, 27% free, 41MB/57MB, paused 1.668ms total 66.098ms
08-05 19:57:55.107 13866 13882 I PeriodicStatsRunner: PeriodicStatsRunner.call():175 call()
08-05 19:57:55.107 13866 13882 I PeriodicStatsRunner: PeriodicStatsRunner.call():179 No submit PeriodicStats since input started.
08-05 19:57:55.330 29070 29081 I art     : Starting a blocking GC Explicit
08-05 19:57:55.397 29070 29081 I art     : Explicit concurrent mark sweep GC freed 1442(84KB) AllocSpace objects, 1(20KB) LOS objects, 27% free, 41MB/57MB, paused 1.604ms total 66.553ms
08-05 19:57:55.412 29070 29081 I art     : Starting a blocking GC Explicit
08-05 19:57:55.478 29070 29081 I art     : Explicit concurrent mark sweep GC freed 22(800B) AllocSpace objects, 0(0B) LOS objects, 27% free, 41MB/57MB, paused 1.776ms total 65.686ms
08-05 19:57:55.493 29070 29081 I art     : Starting a blocking GC Explicit
08-05 19:57:55.559 29070 29081 I art     : Explicit concurrent mark sweep GC freed 3(96B) AllocSpace objects, 0(0B) LOS objects, 27% free, 41MB/57MB, paused 1.805ms total 66ms
08-05 19:57:55.578 29070 29081 I art     : Starting a blocking GC Explicit
08-05 19:57:55.639 29070 29081 I art     : Explicit concurrent mark sweep GC freed 3(96B) AllocSpace objects, 0(0B) LOS objects, 27% free, 41MB/57MB, paused 1.636ms total 61.166ms
08-05 19:57:55.654 29070 29081 I art     : Starting a blocking GC Explicit
08-05 19:57:55.720 29070 29081 I art     : Explicit concurrent mark sweep GC freed 3(96B) AllocSpace objects, 0(0B) LOS objects, 27% free, 41MB/57MB, paused 1.638ms total 65.358ms
08-05 19:57:56.132 29070  2422 I art     : Starting a blocking GC Explicit
08-05 19:57:56.202 29070  2422 I art     : Explicit concurrent mark sweep GC freed 1601(91KB) AllocSpace objects, 1(20KB) LOS objects, 27% free, 41MB/57MB, paused 1.803ms total 69.995ms
08-05 19:57:56.221 29070  2422 I art     : Starting a blocking GC Explicit
08-05 19:57:56.285 29070  2422 I art     : Explicit concurrent mark sweep GC freed 34(1344B) AllocSpace objects, 0(0B) LOS objects, 27% free, 41MB/57MB, paused 1.707ms total 64.054ms
08-05 19:57:56.300 29070  2422 I art     : Starting a blocking GC Explicit
08-05 19:57:56.366 29070  2422 I art     : Explicit concurrent mark sweep GC freed 3(96B) AllocSpace objects, 0(0B) LOS objects, 27% free, 41MB/57MB, paused 1.649ms total 66.538ms
08-05 19:57:56.381 29070  2422 I art     : Starting a blocking GC Explicit
08-05 19:57:56.448 29070  2422 I art     : Explicit concurrent mark sweep GC freed 3(96B) AllocSpace objects, 0(0B) LOS objects, 27% free, 41MB/57MB, paused 1.834ms total 66.993ms
08-05 19:57:56.464 29070  2422 I art     : Starting a blocking GC Explicit
08-05 19:57:56.530 29070  2422 I art     : Explicit concurrent mark sweep GC freed 3(96B) AllocSpace objects, 0(0B) LOS objects, 27% free, 41MB/57MB, paused 1.759ms total 65.895ms
08-05 19:57:56.605 29070  3081 E baseline.com.newsblur.network.APIResponse: Error (unexpected end of stream on https://www.newsblur.com/...) calling https://www.newsblur.com/reader/mark_story_hashes_as_read/
08-05 19:57:56.605 29070  3081 E baseline.com.newsblur.network.APIResponse: java.io.IOException: unexpected end of stream on https://www.newsblur.com/...
08-05 19:57:56.605 29070  3081 E baseline.com.newsblur.network.APIResponse: 	at okhttp3.internal.http1.Http1ExchangeCodec.readResponseHeaders(Http1ExchangeCodec.java:236)
08-05 19:57:56.605 29070  3081 E baseline.com.newsblur.network.APIResponse: 	at okhttp3.internal.connection.Exchange.readResponseHeaders(Exchange.java:115)
08-05 19:57:56.605 29070  3081 E baseline.com.newsblur.network.APIResponse: 	at okhttp3.internal.http.CallServerInterceptor.intercept(CallServerInterceptor.java:94)
08-05 19:57:56.605 29070  3081 E baseline.com.newsblur.network.APIResponse: 	at okhttp3.internal.http.RealInterceptorChain.proceed(RealInterceptorChain.java:142)
08-05 19:57:56.605 29070  3081 E baseline.com.newsblur.network.APIResponse: 	at okhttp3.internal.connection.ConnectInterceptor.intercept(ConnectInterceptor.java:43)
08-05 19:57:56.605 29070  3081 E baseline.com.newsblur.network.APIResponse: 	at okhttp3.internal.http.RealInterceptorChain.proceed(RealInterceptorChain.java:142)
08-05 19:57:56.605 29070  3081 E baseline.com.newsblur.network.APIResponse: 	at okhttp3.internal.http.RealInterceptorChain.proceed(RealInterceptorChain.java:117)
08-05 19:57:56.605 29070  3081 E baseline.com.newsblur.network.APIResponse: 	at okhttp3.internal.cache.CacheInterceptor.intercept(CacheInterceptor.java:94)
08-05 19:57:56.605 29070  3081 E baseline.com.newsblur.network.APIResponse: 	at okhttp3.internal.http.RealInterceptorChain.proceed(RealInterceptorChain.java:142)
08-05 19:57:56.605 29070  3081 E baseline.com.newsblur.network.APIResponse: 	at okhttp3.internal.http.RealInterceptorChain.proceed(RealInterceptorChain.java:117)
08-05 19:57:56.605 29070  3081 E baseline.com.newsblur.network.APIResponse: 	at okhttp3.internal.http.BridgeInterceptor.intercept(BridgeInterceptor.java:93)
08-05 19:57:56.605 29070  3081 E baseline.com.newsblur.network.APIResponse: 	at okhttp3.internal.http.RealInterceptorChain.proceed(RealInterceptorChain.java:142)
08-05 19:57:56.605 29070  3081 E baseline.com.newsblur.network.APIResponse: 	at okhttp3.internal.http.RetryAndFollowUpInterceptor.intercept(RetryAndFollowUpInterceptor.java:88)
08-05 19:57:56.605 29070  3081 E baseline.com.newsblur.network.APIResponse: 	at okhttp3.internal.http.RealInterceptorChain.proceed(RealInterceptorChain.java:142)
08-05 19:57:56.605 29070  3081 E baseline.com.newsblur.network.APIResponse: 	at okhttp3.internal.http.RealInterceptorChain.proceed(RealInterceptorChain.java:117)
08-05 19:57:56.605 29070  3081 E baseline.com.newsblur.network.APIResponse: 	at okhttp3.RealCall.getResponseWithInterceptorChain(RealCall.java:229)
08-05 19:57:56.605 29070  3081 E baseline.com.newsblur.network.APIResponse: 	at okhttp3.RealCall.execute(RealCall.java:81)
08-05 19:57:56.605 29070  3081 E baseline.com.newsblur.network.APIResponse: 	at baseline.com.newsblur.network.APIResponse.<init>(APIResponse.java:57)
08-05 19:57:56.605 29070  3081 E baseline.com.newsblur.network.APIResponse: 	at baseline.com.newsblur.network.APIResponse.<init>(APIResponse.java:43)
08-05 19:57:56.605 29070  3081 E baseline.com.newsblur.network.APIResponse: 	at baseline.com.newsblur.network.APIManager.post_single(APIManager.java:702)
08-05 19:57:56.605 29070  3081 E baseline.com.newsblur.network.APIResponse: 	at baseline.com.newsblur.network.APIManager.post(APIManager.java:675)
08-05 19:57:56.605 29070  3081 E baseline.com.newsblur.network.APIResponse: 	at baseline.com.newsblur.network.APIManager.post(APIManager.java:714)
08-05 19:57:56.605 29070  3081 E baseline.com.newsblur.network.APIResponse: 	at baseline.com.newsblur.network.APIManager.markStoryAsRead(APIManager.java:205)
08-05 19:57:56.605 29070  3081 E baseline.com.newsblur.network.APIResponse: 	at baseline.com.newsblur.util.ReadingAction.doRemote(ReadingAction.java:281)
08-05 19:57:56.605 29070  3081 E baseline.com.newsblur.network.APIResponse: 	at baseline.com.newsblur.service.NBSyncService.syncActions(NBSyncService.java:400)
08-05 19:57:56.605 29070  3081 E baseline.com.newsblur.network.APIResponse: 	at baseline.com.newsblur.service.NBSyncService.doSync(NBSyncService.java:298)
08-05 19:57:56.605 29070  3081 E baseline.com.newsblur.network.APIResponse: 	at baseline.com.newsblur.service.NBSyncService.access$100(NBSyncService.java:67)
08-05 19:57:56.605 29070  3081 E baseline.com.newsblur.network.APIResponse: 	at baseline.com.newsblur.service.NBSyncService$1.run(NBSyncService.java:188)
08-05 19:57:56.605 29070  3081 E baseline.com.newsblur.network.APIResponse: 	at java.util.concurrent.ThreadPoolExecutor.runWorker(ThreadPoolExecutor.java:1113)
08-05 19:57:56.605 29070  3081 E baseline.com.newsblur.network.APIResponse: 	at java.util.concurrent.ThreadPoolExecutor$Worker.run(ThreadPoolExecutor.java:588)
08-05 19:57:56.605 29070  3081 E baseline.com.newsblur.network.APIResponse: 	at java.lang.Thread.run(Thread.java:818)
08-05 19:57:56.605 29070  3081 E baseline.com.newsblur.network.APIResponse: Caused by: java.io.EOFException: \n not found: limit=0 content=
08-05 19:57:56.605 29070  3081 E baseline.com.newsblur.network.APIResponse: 	at okio.RealBufferedSource.readUtf8LineStrict(RealBufferedSource.java:240)
08-05 19:57:56.605 29070  3081 E baseline.com.newsblur.network.APIResponse: 	at okhttp3.internal.http1.Http1ExchangeCodec.readHeaderLine(Http1ExchangeCodec.java:242)
08-05 19:57:56.605 29070  3081 E baseline.com.newsblur.network.APIResponse: 	at okhttp3.internal.http1.Http1ExchangeCodec.readResponseHeaders(Http1ExchangeCodec.java:213)
08-05 19:57:56.605 29070  3081 E baseline.com.newsblur.network.APIResponse: 	... 30 more
08-05 19:57:56.608 29070  3081 I baseline.com.newsblur.network.APIManager: API call failed, pausing before retry number 2
08-05 19:57:56.941 29070  4133 I art     : Starting a blocking GC Explicit
08-05 19:57:57.009 29070  4133 I art     : Explicit concurrent mark sweep GC freed 3952(357KB) AllocSpace objects, 3(60KB) LOS objects, 27% free, 41MB/57MB, paused 1.725ms total 68.488ms
08-05 19:57:57.025 29070  4133 I art     : Starting a blocking GC Explicit
08-05 19:57:57.095 29070  4133 I art     : Explicit concurrent mark sweep GC freed 120(4KB) AllocSpace objects, 0(0B) LOS objects, 27% free, 41MB/57MB, paused 1.578ms total 69.748ms
08-05 19:57:57.114 29070  4133 I art     : Starting a blocking GC Explicit
08-05 19:57:57.180 29070  4133 I art     : Explicit concurrent mark sweep GC freed 3(96B) AllocSpace objects, 0(0B) LOS objects, 27% free, 41MB/57MB, paused 1.617ms total 65.848ms
08-05 19:57:57.195 29070  4133 I art     : Starting a blocking GC Explicit
08-05 19:57:57.260 29070  4133 I art     : Explicit concurrent mark sweep GC freed 3(96B) AllocSpace objects, 0(0B) LOS objects, 27% free, 41MB/57MB, paused 1.661ms total 64.304ms
08-05 19:57:57.275 29070  4133 I art     : Starting a blocking GC Explicit
08-05 19:57:57.342 29070  4133 I art     : Explicit concurrent mark sweep GC freed 3(96B) AllocSpace objects, 0(0B) LOS objects, 27% free, 41MB/57MB, paused 1.653ms total 66.405ms
08-05 19:57:57.779 29070  2197 I art     : Starting a blocking GC Explicit
08-05 19:57:57.850 29070  2197 I art     : Explicit concurrent mark sweep GC freed 1441(82KB) AllocSpace objects, 1(20KB) LOS objects, 27% free, 41MB/57MB, paused 1.580ms total 70.669ms
08-05 19:57:57.868 29070  2197 I art     : Starting a blocking GC Explicit
08-05 19:57:57.933 29070  2197 I art     : Explicit concurrent mark sweep GC freed 22(784B) AllocSpace objects, 0(0B) LOS objects, 27% free, 41MB/57MB, paused 1.628ms total 64.698ms
08-05 19:57:57.948 29070  2197 I art     : Starting a blocking GC Explicit
08-05 19:57:58.012 29070  2197 I art     : Explicit concurrent mark sweep GC freed 3(96B) AllocSpace objects, 0(0B) LOS objects, 27% free, 41MB/57MB, paused 1.677ms total 63.271ms
08-05 19:57:58.027 29070  2197 I art     : Starting a blocking GC Explicit
08-05 19:57:58.094 29070  2197 I art     : Explicit concurrent mark sweep GC freed 3(96B) AllocSpace objects, 0(0B) LOS objects, 27% free, 41MB/57MB, paused 1.667ms total 66.288ms
08-05 19:57:58.110 29070  2197 I art     : Starting a blocking GC Explicit
08-05 19:57:58.174 29070  2197 I art     : Explicit concurrent mark sweep GC freed 3(96B) AllocSpace objects, 0(0B) LOS objects, 27% free, 41MB/57MB, paused 1.611ms total 63.383ms
08-05 19:57:58.587 29070 29082 I art     : Starting a blocking GC Explicit
08-05 19:57:58.656 29070 29082 I art     : Explicit concurrent mark sweep GC freed 1441(82KB) AllocSpace objects, 1(20KB) LOS objects, 27% free, 41MB/57MB, paused 1.557ms total 68.351ms
08-05 19:57:58.671 29070 29082 I art     : Starting a blocking GC Explicit
08-05 19:57:58.738 29070 29082 I art     : Explicit concurrent mark sweep GC freed 22(784B) AllocSpace objects, 0(0B) LOS objects, 27% free, 41MB/57MB, paused 1.679ms total 66.339ms
08-05 19:57:58.753 29070 29082 I art     : Starting a blocking GC Explicit
08-05 19:57:58.822 29070 29082 I art     : Explicit concurrent mark sweep GC freed 3(96B) AllocSpace objects, 0(0B) LOS objects, 27% free, 41MB/57MB, paused 1.700ms total 68.697ms
08-05 19:57:58.822 29070 29080 I art     : WaitForGcToComplete blocked for 69.055ms for cause HeapTrim
08-05 19:57:58.837 29070 29082 I art     : Starting a blocking GC Explicit
08-05 19:57:58.903 29070 29082 I art     : Explicit concurrent mark sweep GC freed 3(96B) AllocSpace objects, 0(0B) LOS objects, 27% free, 41MB/57MB, paused 1.674ms total 65.613ms
08-05 19:57:58.919 29070 29082 I art     : Starting a blocking GC Explicit
08-05 19:57:58.988 29070 29082 I art     : Explicit concurrent mark sweep GC freed 3(96B) AllocSpace objects, 0(0B) LOS objects, 27% free, 41MB/57MB, paused 1.532ms total 68.513ms
08-05 19:57:59.400 29070 29081 I art     : Starting a blocking GC Explicit
08-05 19:57:59.464 29070 29081 I art     : Explicit concurrent mark sweep GC freed 1442(82KB) AllocSpace objects, 1(20KB) LOS objects, 27% free, 41MB/57MB, paused 1.582ms total 63.729ms
08-05 19:57:59.482 29070 29081 I art     : Starting a blocking GC Explicit
08-05 19:57:59.548 29070 29081 I art     : Explicit concurrent mark sweep GC freed 22(784B) AllocSpace objects, 0(0B) LOS objects, 27% free, 41MB/57MB, paused 1.715ms total 65.589ms
08-05 19:57:59.563 29070 29081 I art     : Starting a blocking GC Explicit
08-05 19:57:59.627 29070 29081 I art     : Explicit concurrent mark sweep GC freed 94(3KB) AllocSpace objects, 0(0B) LOS objects, 27% free, 41MB/57MB, paused 1.659ms total 63.802ms
08-05 19:57:59.642 29070 29081 I art     : Starting a blocking GC Explicit
08-05 19:57:59.708 29070 29081 I art     : Explicit concurrent mark sweep GC freed 9(352B) AllocSpace objects, 0(0B) LOS objects, 27% free, 41MB/57MB, paused 1.869ms total 65.962ms
08-05 19:57:59.723 29070 29081 I art     : Starting a blocking GC Explicit
08-05 19:57:59.783 29070 29081 I art     : Explicit concurrent mark sweep GC freed 71(5KB) AllocSpace objects, 0(0B) LOS objects, 27% free, 41MB/57MB, paused 1.488ms total 59.962ms
08-05 19:58:00.147 29070  2422 I art     : Starting a blocking GC Explicit
08-05 19:58:00.213 29070  2422 I art     : Explicit concurrent mark sweep GC freed 1447(83KB) AllocSpace objects, 1(20KB) LOS objects, 27% free, 41MB/57MB, paused 1.764ms total 66.083ms
08-05 19:58:00.228 29070  2422 I art     : Starting a blocking GC Explicit
08-05 19:58:00.294 29070  2422 I art     : Explicit concurrent mark sweep GC freed 22(784B) AllocSpace objects, 0(0B) LOS objects, 27% free, 41MB/57MB, paused 1.732ms total 65.435ms
08-05 19:58:00.310 29070  2422 I art     : Starting a blocking GC Explicit
08-05 19:58:00.375 29070  2422 I art     : Explicit concurrent mark sweep GC freed 3(96B) AllocSpace objects, 0(0B) LOS objects, 27% free, 41MB/57MB, paused 1.729ms total 64.994ms
08-05 19:58:00.391 29070  2422 I art     : Starting a blocking GC Explicit
08-05 19:58:00.453 29070  2422 I art     : Explicit concurrent mark sweep GC freed 3(96B) AllocSpace objects, 0(0B) LOS objects, 27% free, 41MB/57MB, paused 1.690ms total 62.377ms
08-05 19:58:00.469 29070  2422 I art     : Starting a blocking GC Explicit
08-05 19:58:00.490  4457  4457 D AndroidRuntime: >>>>>> START com.android.internal.os.RuntimeInit uid 2000 <<<<<<
08-05 19:58:00.495  4457  4457 D AndroidRuntime: CheckJNI is OFF
08-05 19:58:00.532 29070  2422 I art     : Explicit concurrent mark sweep GC freed 3(96B) AllocSpace objects, 0(0B) LOS objects, 27% free, 41MB/57MB, paused 1.711ms total 63.350ms
08-05 19:58:00.541  4457  4457 D ICU     : No timezone override file found: /data/misc/zoneinfo/current/icu/icu_tzdata.dat
08-05 19:58:00.584  4457  4457 I Radio-JNI: register_android_hardware_Radio DONE
08-05 19:58:00.601 29070  3081 E baseline.com.newsblur.network.APIResponse: Error (unexpected end of stream on https://www.newsblur.com/...) calling https://www.newsblur.com/reader/mark_story_hashes_as_read/
08-05 19:58:00.601 29070  3081 E baseline.com.newsblur.network.APIResponse: java.io.IOException: unexpected end of stream on https://www.newsblur.com/...
08-05 19:58:00.601 29070  3081 E baseline.com.newsblur.network.APIResponse: 	at okhttp3.internal.http1.Http1ExchangeCodec.readResponseHeaders(Http1ExchangeCodec.java:236)
08-05 19:58:00.601 29070  3081 E baseline.com.newsblur.network.APIResponse: 	at okhttp3.internal.connection.Exchange.readResponseHeaders(Exchange.java:115)
08-05 19:58:00.601 29070  3081 E baseline.com.newsblur.network.APIResponse: 	at okhttp3.internal.http.CallServerInterceptor.intercept(CallServerInterceptor.java:94)
08-05 19:58:00.601 29070  3081 E baseline.com.newsblur.network.APIResponse: 	at okhttp3.internal.http.RealInterceptorChain.proceed(RealInterceptorChain.java:142)
08-05 19:58:00.601 29070  3081 E baseline.com.newsblur.network.APIResponse: 	at okhttp3.internal.connection.ConnectInterceptor.intercept(ConnectInterceptor.java:43)
08-05 19:58:00.601 29070  3081 E baseline.com.newsblur.network.APIResponse: 	at okhttp3.internal.http.RealInterceptorChain.proceed(RealInterceptorChain.java:142)
08-05 19:58:00.601 29070  3081 E baseline.com.newsblur.network.APIResponse: 	at okhttp3.internal.http.RealInterceptorChain.proceed(RealInterceptorChain.java:117)
08-05 19:58:00.601 29070  3081 E baseline.com.newsblur.network.APIResponse: 	at okhttp3.internal.cache.CacheInterceptor.intercept(CacheInterceptor.java:94)
08-05 19:58:00.601 29070  3081 E baseline.com.newsblur.network.APIResponse: 	at okhttp3.internal.http.RealInterceptorChain.proceed(RealInterceptorChain.java:142)
08-05 19:58:00.601 29070  3081 E baseline.com.newsblur.network.APIResponse: 	at okhttp3.internal.http.RealInterceptorChain.proceed(RealInterceptorChain.java:117)
08-05 19:58:00.601 29070  3081 E baseline.com.newsblur.network.APIResponse: 	at okhttp3.internal.http.BridgeInterceptor.intercept(BridgeInterceptor.java:93)
08-05 19:58:00.601 29070  3081 E baseline.com.newsblur.network.APIResponse: 	at okhttp3.internal.http.RealInterceptorChain.proceed(RealInterceptorChain.java:142)
08-05 19:58:00.601 29070  3081 E baseline.com.newsblur.network.APIResponse: 	at okhttp3.internal.http.RetryAndFollowUpInterceptor.intercept(RetryAndFollowUpInterceptor.java:88)
08-05 19:58:00.601 29070  3081 E baseline.com.newsblur.network.APIResponse: 	at okhttp3.internal.http.RealInterceptorChain.proceed(RealInterceptorChain.java:142)
08-05 19:58:00.601 29070  3081 E baseline.com.newsblur.network.APIResponse: 	at okhttp3.internal.http.RealInterceptorChain.proceed(RealInterceptorChain.java:117)
08-05 19:58:00.601 29070  3081 E baseline.com.newsblur.network.APIResponse: 	at okhttp3.RealCall.getResponseWithInterceptorChain(RealCall.java:229)
08-05 19:58:00.601 29070  3081 E baseline.com.newsblur.network.APIResponse: 	at okhttp3.RealCall.execute(RealCall.java:81)
08-05 19:58:00.601 29070  3081 E baseline.com.newsblur.network.APIResponse: 	at baseline.com.newsblur.network.APIResponse.<init>(APIResponse.java:57)
08-05 19:58:00.601 29070  3081 E baseline.com.newsblur.network.APIResponse: 	at baseline.com.newsblur.network.APIResponse.<init>(APIResponse.java:43)
08-05 19:58:00.601 29070  3081 E baseline.com.newsblur.network.APIResponse: 	at baseline.com.newsblur.network.APIManager.post_single(APIManager.java:702)
08-05 19:58:00.601 29070  3081 E baseline.com.newsblur.network.APIResponse: 	at baseline.com.newsblur.network.APIManager.post(APIManager.java:675)
08-05 19:58:00.601 29070  3081 E baseline.com.newsblur.network.APIResponse: 	at baseline.com.newsblur.network.APIManager.post(APIManager.java:714)
08-05 19:58:00.601 29070  3081 E baseline.com.newsblur.network.APIResponse: 	at baseline.com.newsblur.network.APIManager.markStoryAsRead(APIManager.java:205)
08-05 19:58:00.601 29070  3081 E baseline.com.newsblur.network.APIResponse: 	at baseline.com.newsblur.util.ReadingAction.doRemote(ReadingAction.java:281)
08-05 19:58:00.601 29070  3081 E baseline.com.newsblur.network.APIResponse: 	at baseline.com.newsblur.service.NBSyncService.syncActions(NBSyncService.java:400)
08-05 19:58:00.601 29070  3081 E baseline.com.newsblur.network.APIResponse: 	at baseline.com.newsblur.service.NBSyncService.doSync(NBSyncService.java:298)
08-05 19:58:00.601 29070  3081 E baseline.com.newsblur.network.APIResponse: 	at baseline.com.newsblur.service.NBSyncService.access$100(NBSyncService.java:67)
08-05 19:58:00.601 29070  3081 E baseline.com.newsblur.network.APIResponse: 	at baseline.com.newsblur.service.NBSyncService$1.run(NBSyncService.java:188)
08-05 19:58:00.601 29070  3081 E baseline.com.newsblur.network.APIResponse: 	at java.util.concurrent.ThreadPoolExecutor.runWorker(ThreadPoolExecutor.java:1113)
08-05 19:58:00.601 29070  3081 E baseline.com.newsblur.network.APIResponse: 	at java.util.concurrent.ThreadPoolExecutor$Worker.run(ThreadPoolExecutor.java:588)
08-05 19:58:00.601 29070  3081 E baseline.com.newsblur.network.APIResponse: 	at java.lang.Thread.run(Thread.java:818)
08-05 19:58:00.601 29070  3081 E baseline.com.newsblur.network.APIResponse: Caused by: java.io.EOFException: \n not found: limit=0 content=
08-05 19:58:00.601 29070  3081 E baseline.com.newsblur.network.APIResponse: 	at okio.RealBufferedSource.readUtf8LineStrict(RealBufferedSource.java:240)
08-05 19:58:00.601 29070  3081 E baseline.com.newsblur.network.APIResponse: 	at okhttp3.internal.http1.Http1ExchangeCodec.readHeaderLine(Http1ExchangeCodec.java:242)
08-05 19:58:00.601 29070  3081 E baseline.com.newsblur.network.APIResponse: 	at okhttp3.internal.http1.Http1ExchangeCodec.readResponseHeaders(Http1ExchangeCodec.java:213)
08-05 19:58:00.601 29070  3081 E baseline.com.newsblur.network.APIResponse: 	... 30 more
08-05 19:58:00.603 29070  3081 I baseline.com.newsblur.service.NBSyncService: Holding reading action with server-side or network error.
08-05 19:58:00.613  4457  4457 D AndroidRuntime: Calling main entry com.android.commands.input.Input
08-05 19:58:00.614 29070  3081 W baseline.com.newsblur.service.NBSyncService: hard API failure
08-05 19:58:00.615  4457  4457 I Input   : injectMotionEvent: MotionEvent { action=ACTION_DOWN, actionButton=0, id[0]=0, x[0]=436.0, y[0]=453.0, toolType[0]=TOOL_TYPE_UNKNOWN, buttonState=0, metaState=0, flags=0x0, edgeFlags=0x0, pointerCount=1, historySize=0, eventTime=820697028, downTime=820697028, deviceId=0, source=0x1002 }
08-05 19:58:00.621  4457  4457 I Input   : injectMotionEvent: MotionEvent { action=ACTION_UP, actionButton=0, id[0]=0, x[0]=436.0, y[0]=453.0, toolType[0]=TOOL_TYPE_UNKNOWN, buttonState=0, metaState=0, flags=0x0, edgeFlags=0x0, pointerCount=1, historySize=0, eventTime=820697028, downTime=820697028, deviceId=0, source=0x1002 }
08-05 19:58:00.622 29070  3081 I baseline.com.newsblur.service.NBSyncService: recounting dirty feed sets: 1
08-05 19:58:00.623  4457  4457 D AndroidRuntime: Shutting down VM
08-05 19:58:00.629   512  2967 D audio_hw_primary: out_set_parameters: enter: usecase(1: low-latency-playback) kvpairs: routing=2
08-05 19:58:00.632   918   928 I ActivityManager: START u0 {cmp=baseline.com.newsblur/.activity.AllSharedStoriesReading (has extras)} from uid 10676 on display 0
08-05 19:58:00.642   512  2967 D audio_hw_primary: select_devices: out_snd_device(2: speaker) in_snd_device(0: none)
08-05 19:58:00.642   512  2967 D msm8974_platform: platform_send_audio_calibration: sending audio calibration for snd_device(2) acdb_id(15)
08-05 19:58:00.643   512  2967 I soundtrigger: audio_extn_sound_trigger_update_device_status: device 0x2 of type 0 for Event 1
08-05 19:58:00.654   512  2967 D audio_hw_primary: enable_snd_device: snd_device(2: speaker)
08-05 19:58:00.657   512  2967 D audio_hw_primary: enable_audio_route: apply and update mixer path: low-latency-playback speaker
08-05 19:58:00.889 29070 29081 I art     : Starting a blocking GC Explicit
08-05 19:58:00.922   918   936 I ActivityManager: Displayed baseline.com.newsblur/.activity.AllSharedStoriesReading: +280ms
08-05 19:58:00.922 13866 13866 I GoogleInputMethodServic: GoogleInputMethodService.onFinishInput():3138 
08-05 19:58:00.923 13866 13866 I GoogleInputMethodServic: GoogleInputMethodService.onStartInput():1808 
08-05 19:58:00.952 29070 29081 I art     : Explicit concurrent mark sweep GC freed 7074(665KB) AllocSpace objects, 12(668KB) LOS objects, 27% free, 42MB/58MB, paused 1.981ms total 62.606ms
08-05 19:58:00.972 29070 29081 I art     : Starting a blocking GC Explicit
08-05 19:58:01.037 29070 29081 I art     : Explicit concurrent mark sweep GC freed 2464(172KB) AllocSpace objects, 8(180KB) LOS objects, 27% free, 42MB/58MB, paused 2.101ms total 65.427ms
08-05 19:58:01.064 29070 29081 I art     : Starting a blocking GC Explicit
08-05 19:58:01.094 29070  3081 E baseline.com.newsblur.network.APIResponse: Error (unexpected end of stream on https://www.newsblur.com/...) calling https://www.newsblur.com/reader/feed_unread_count?feed_id=0
08-05 19:58:01.094 29070  3081 E baseline.com.newsblur.network.APIResponse: java.io.IOException: unexpected end of stream on https://www.newsblur.com/...
08-05 19:58:01.094 29070  3081 E baseline.com.newsblur.network.APIResponse: 	at okhttp3.internal.http1.Http1ExchangeCodec.readResponseHeaders(Http1ExchangeCodec.java:236)
08-05 19:58:01.094 29070  3081 E baseline.com.newsblur.network.APIResponse: 	at okhttp3.internal.connection.Exchange.readResponseHeaders(Exchange.java:115)
08-05 19:58:01.094 29070  3081 E baseline.com.newsblur.network.APIResponse: 	at okhttp3.internal.http.CallServerInterceptor.intercept(CallServerInterceptor.java:94)
08-05 19:58:01.094 29070  3081 E baseline.com.newsblur.network.APIResponse: 	at okhttp3.internal.http.RealInterceptorChain.proceed(RealInterceptorChain.java:142)
08-05 19:58:01.094 29070  3081 E baseline.com.newsblur.network.APIResponse: 	at okhttp3.internal.connection.ConnectInterceptor.intercept(ConnectInterceptor.java:43)
08-05 19:58:01.094 29070  3081 E baseline.com.newsblur.network.APIResponse: 	at okhttp3.internal.http.RealInterceptorChain.proceed(RealInterceptorChain.java:142)
08-05 19:58:01.094 29070  3081 E baseline.com.newsblur.network.APIResponse: 	at okhttp3.internal.http.RealInterceptorChain.proceed(RealInterceptorChain.java:117)
08-05 19:58:01.094 29070  3081 E baseline.com.newsblur.network.APIResponse: 	at okhttp3.internal.cache.CacheInterceptor.intercept(CacheInterceptor.java:94)
08-05 19:58:01.094 29070  3081 E baseline.com.newsblur.network.APIResponse: 	at okhttp3.internal.http.RealInterceptorChain.proceed(RealInterceptorChain.java:142)
08-05 19:58:01.094 29070  3081 E baseline.com.newsblur.network.APIResponse: 	at okhttp3.internal.http.RealInterceptorChain.proceed(RealInterceptorChain.java:117)
08-05 19:58:01.094 29070  3081 E baseline.com.newsblur.network.APIResponse: 	at okhttp3.internal.http.BridgeInterceptor.intercept(BridgeInterceptor.java:93)
08-05 19:58:01.094 29070  3081 E baseline.com.newsblur.network.APIResponse: 	at okhttp3.internal.http.RealInterceptorChain.proceed(RealInterceptorChain.java:142)
08-05 19:58:01.094 29070  3081 E baseline.com.newsblur.network.APIResponse: 	at okhttp3.internal.http.RetryAndFollowUpInterceptor.intercept(RetryAndFollowUpInterceptor.java:88)
08-05 19:58:01.094 29070  3081 E baseline.com.newsblur.network.APIResponse: 	at okhttp3.internal.http.RealInterceptorChain.proceed(RealInterceptorChain.java:142)
08-05 19:58:01.094 29070  3081 E baseline.com.newsblur.network.APIResponse: 	at okhttp3.internal.http.RealInterceptorChain.proceed(RealInterceptorChain.java:117)
08-05 19:58:01.094 29070  3081 E baseline.com.newsblur.network.APIResponse: 	at okhttp3.RealCall.getResponseWithInterceptorChain(RealCall.java:229)
08-05 19:58:01.094 29070  3081 E baseline.com.newsblur.network.APIResponse: 	at okhttp3.RealCall.execute(RealCall.java:81)
08-05 19:58:01.094 29070  3081 E baseline.com.newsblur.network.APIResponse: 	at baseline.com.newsblur.network.APIResponse.<init>(APIResponse.java:57)
08-05 19:58:01.094 29070  3081 E baseline.com.newsblur.network.APIResponse: 	at baseline.com.newsblur.network.APIManager.get_single(APIManager.java:639)
08-05 19:58:01.094 29070  3081 E baseline.com.newsblur.network.APIResponse: 	at baseline.com.newsblur.network.APIManager.get(APIManager.java:625)
08-05 19:58:01.094 29070  3081 E baseline.com.newsblur.network.APIResponse: 	at baseline.com.newsblur.network.APIManager.get(APIManager.java:667)
08-05 19:58:01.094 29070  3081 E baseline.com.newsblur.network.APIResponse: 	at baseline.com.newsblur.network.APIManager.getFeedUnreadCounts(APIManager.java:274)
08-05 19:58:01.094 29070  3081 E baseline.com.newsblur.network.APIResponse: 	at baseline.com.newsblur.service.NBSyncService.checkRecounts(NBSyncService.java:660)
08-05 19:58:01.094 29070  3081 E baseline.com.newsblur.network.APIResponse: 	at baseline.com.newsblur.service.NBSyncService.doSync(NBSyncService.java:310)
08-05 19:58:01.094 29070  3081 E baseline.com.newsblur.network.APIResponse: 	at baseline.com.newsblur.service.NBSyncService.access$100(NBSyncService.java:67)
08-05 19:58:01.094 29070  3081 E baseline.com.newsblur.network.APIResponse: 	at baseline.com.newsblur.service.NBSyncService$1.run(NBSyncService.java:188)
08-05 19:58:01.094 29070  3081 E baseline.com.newsblur.network.APIResponse: 	at java.util.concurrent.ThreadPoolExecutor.runWorker(ThreadPoolExecutor.java:1113)
08-05 19:58:01.094 29070  3081 E baseline.com.newsblur.network.APIResponse: 	at java.util.concurrent.ThreadPoolExecutor$Worker.run(ThreadPoolExecutor.java:588)
08-05 19:58:01.094 29070  3081 E baseline.com.newsblur.network.APIResponse: 	at java.lang.Thread.run(Thread.java:818)
08-05 19:58:01.094 29070  3081 E baseline.com.newsblur.network.APIResponse: Caused by: java.io.EOFException: \n not found: limit=0 content=
08-05 19:58:01.094 29070  3081 E baseline.com.newsblur.network.APIResponse: 	at okio.RealBufferedSource.readUtf8LineStrict(RealBufferedSource.java:240)
08-05 19:58:01.094 29070  3081 E baseline.com.newsblur.network.APIResponse: 	at okhttp3.internal.http1.Http1ExchangeCodec.readHeaderLine(Http1ExchangeCodec.java:242)
08-05 19:58:01.094 29070  3081 E baseline.com.newsblur.network.APIResponse: 	at okhttp3.internal.http1.Http1ExchangeCodec.readResponseHeaders(Http1ExchangeCodec.java:213)
08-05 19:58:01.094 29070  3081 E baseline.com.newsblur.network.APIResponse: 	... 28 more
08-05 19:58:01.095 29070  3081 I baseline.com.newsblur.network.APIManager: API call failed, pausing before retry number 1
08-05 19:58:01.125 29070 29081 I art     : Explicit concurrent mark sweep GC freed 3440(324KB) AllocSpace objects, 6(144KB) LOS objects, 27% free, 42MB/58MB, paused 1.764ms total 60.216ms
08-05 19:58:01.139 29070 29081 I art     : Starting a blocking GC Explicit
08-05 19:58:01.178 29070  2777 E chromium: [ERROR:tile_manager.cc(793)] WARNING: tile memory limits exceeded, some content may not draw
08-05 19:58:01.178 29070  2777 E chromium: [ERROR:tile_manager.cc(793)] WARNING: tile memory limits exceeded, some content may not draw
08-05 19:58:01.188   512  2967 D audio_hw_primary: disable_audio_route: reset and update mixer path: low-latency-playback speaker
08-05 19:58:01.189   512  2967 D audio_hw_primary: disable_snd_device: snd_device(2: speaker)
08-05 19:58:01.194 29070 29081 I art     : Explicit concurrent mark sweep GC freed 467(46KB) AllocSpace objects, 0(0B) LOS objects, 27% free, 42MB/58MB, paused 1.335ms total 55.066ms
08-05 19:58:01.198   512  2967 I soundtrigger: audio_extn_sound_trigger_update_device_status: device 0x2 of type 0 for Event 0
08-05 19:58:01.208 29070 29081 I art     : Starting a blocking GC Explicit
08-05 19:58:01.264 29070 29081 I art     : Explicit concurrent mark sweep GC freed 51(2016B) AllocSpace objects, 0(0B) LOS objects, 27% free, 42MB/58MB, paused 1.509ms total 55.943ms
08-05 19:58:01.632 29070  4133 I art     : Starting a blocking GC Explicit
08-05 19:58:01.699 29070  4133 I art     : Explicit concurrent mark sweep GC freed 1629(102KB) AllocSpace objects, 2(40KB) LOS objects, 27% free, 42MB/58MB, paused 1.638ms total 67.046ms
08-05 19:58:01.715 29070  4133 I art     : Starting a blocking GC Explicit
08-05 19:58:01.781 29070  4133 I art     : Explicit concurrent mark sweep GC freed 29(1072B) AllocSpace objects, 0(0B) LOS objects, 27% free, 42MB/58MB, paused 1.637ms total 65.920ms
08-05 19:58:01.796 29070  4133 I art     : Starting a blocking GC Explicit
08-05 19:58:01.863 29070  4133 I art     : Explicit concurrent mark sweep GC freed 317(17KB) AllocSpace objects, 0(0B) LOS objects, 27% free, 42MB/58MB, paused 1.688ms total 66.307ms
08-05 19:58:01.878 29070  4133 I art     : Starting a blocking GC Explicit
08-05 19:58:01.944 29070  4133 I art     : Explicit concurrent mark sweep GC freed 209(8KB) AllocSpace objects, 0(0B) LOS objects, 27% free, 42MB/58MB, paused 1.612ms total 65.567ms
08-05 19:58:01.963 29070  4133 I art     : Starting a blocking GC Explicit
08-05 19:58:02.024 29070  4133 I art     : Explicit concurrent mark sweep GC freed 4903(373KB) AllocSpace objects, 1(20KB) LOS objects, 27% free, 41MB/57MB, paused 1.553ms total 60.537ms
08-05 19:58:02.408 29070  4133 I art     : Starting a blocking GC Explicit
08-05 19:58:02.478 29070  4133 I art     : Explicit concurrent mark sweep GC freed 2331(127KB) AllocSpace objects, 1(20KB) LOS objects, 27% free, 41MB/57MB, paused 1.736ms total 70.015ms
08-05 19:58:02.493 29070  4133 I art     : Starting a blocking GC Explicit
08-05 19:58:02.558 29070  4133 I art     : Explicit concurrent mark sweep GC freed 452(44KB) AllocSpace objects, 0(0B) LOS objects, 27% free, 41MB/57MB, paused 1.671ms total 65.137ms
08-05 19:58:02.573 29070  4133 I art     : Starting a blocking GC Explicit
08-05 19:58:02.638 29070  4133 I art     : Explicit concurrent mark sweep GC freed 1796(70KB) AllocSpace objects, 0(0B) LOS objects, 27% free, 41MB/57MB, paused 1.699ms total 64.015ms
08-05 19:58:02.652 29070  4133 I art     : Starting a blocking GC Explicit
08-05 19:58:02.720 29070  4133 I art     : Explicit concurrent mark sweep GC freed 377(30KB) AllocSpace objects, 0(0B) LOS objects, 27% free, 41MB/57MB, paused 1.586ms total 67.368ms
08-05 19:58:02.739 29070  4133 I art     : Starting a blocking GC Explicit
08-05 19:58:02.803 29070  4133 I art     : Explicit concurrent mark sweep GC freed 231(11KB) AllocSpace objects, 0(0B) LOS objects, 27% free, 41MB/57MB, paused 1.681ms total 64.247ms
08-05 19:58:03.042 29070  3081 E baseline.com.newsblur.network.APIResponse: Error (unexpected end of stream on https://www.newsblur.com/...) calling https://www.newsblur.com/reader/feed_unread_count?feed_id=0
08-05 19:58:03.042 29070  3081 E baseline.com.newsblur.network.APIResponse: java.io.IOException: unexpected end of stream on https://www.newsblur.com/...
08-05 19:58:03.042 29070  3081 E baseline.com.newsblur.network.APIResponse: 	at okhttp3.internal.http1.Http1ExchangeCodec.readResponseHeaders(Http1ExchangeCodec.java:236)
08-05 19:58:03.042 29070  3081 E baseline.com.newsblur.network.APIResponse: 	at okhttp3.internal.connection.Exchange.readResponseHeaders(Exchange.java:115)
08-05 19:58:03.042 29070  3081 E baseline.com.newsblur.network.APIResponse: 	at okhttp3.internal.http.CallServerInterceptor.intercept(CallServerInterceptor.java:94)
08-05 19:58:03.042 29070  3081 E baseline.com.newsblur.network.APIResponse: 	at okhttp3.internal.http.RealInterceptorChain.proceed(RealInterceptorChain.java:142)
08-05 19:58:03.042 29070  3081 E baseline.com.newsblur.network.APIResponse: 	at okhttp3.internal.connection.ConnectInterceptor.intercept(ConnectInterceptor.java:43)
08-05 19:58:03.042 29070  3081 E baseline.com.newsblur.network.APIResponse: 	at okhttp3.internal.http.RealInterceptorChain.proceed(RealInterceptorChain.java:142)
08-05 19:58:03.042 29070  3081 E baseline.com.newsblur.network.APIResponse: 	at okhttp3.internal.http.RealInterceptorChain.proceed(RealInterceptorChain.java:117)
08-05 19:58:03.042 29070  3081 E baseline.com.newsblur.network.APIResponse: 	at okhttp3.internal.cache.CacheInterceptor.intercept(CacheInterceptor.java:94)
08-05 19:58:03.042 29070  3081 E baseline.com.newsblur.network.APIResponse: 	at okhttp3.internal.http.RealInterceptorChain.proceed(RealInterceptorChain.java:142)
08-05 19:58:03.042 29070  3081 E baseline.com.newsblur.network.APIResponse: 	at okhttp3.internal.http.RealInterceptorChain.proceed(RealInterceptorChain.java:117)
08-05 19:58:03.042 29070  3081 E baseline.com.newsblur.network.APIResponse: 	at okhttp3.internal.http.BridgeInterceptor.intercept(BridgeInterceptor.java:93)
08-05 19:58:03.042 29070  3081 E baseline.com.newsblur.network.APIResponse: 	at okhttp3.internal.http.RealInterceptorChain.proceed(RealInterceptorChain.java:142)
08-05 19:58:03.042 29070  3081 E baseline.com.newsblur.network.APIResponse: 	at okhttp3.internal.http.RetryAndFollowUpInterceptor.intercept(RetryAndFollowUpInterceptor.java:88)
08-05 19:58:03.042 29070  3081 E baseline.com.newsblur.network.APIResponse: 	at okhttp3.internal.http.RealInterceptorChain.proceed(RealInterceptorChain.java:142)
08-05 19:58:03.042 29070  3081 E baseline.com.newsblur.network.APIResponse: 	at okhttp3.internal.http.RealInterceptorChain.proceed(RealInterceptorChain.java:117)
08-05 19:58:03.042 29070  3081 E baseline.com.newsblur.network.APIResponse: 	at okhttp3.RealCall.getResponseWithInterceptorChain(RealCall.java:229)
08-05 19:58:03.042 29070  3081 E baseline.com.newsblur.network.APIResponse: 	at okhttp3.RealCall.execute(RealCall.java:81)
08-05 19:58:03.042 29070  3081 E baseline.com.newsblur.network.APIResponse: 	at baseline.com.newsblur.network.APIResponse.<init>(APIResponse.java:57)
08-05 19:58:03.042 29070  3081 E baseline.com.newsblur.network.APIResponse: 	at baseline.com.newsblur.network.APIManager.get_single(APIManager.java:639)
08-05 19:58:03.042 29070  3081 E baseline.com.newsblur.network.APIResponse: 	at baseline.com.newsblur.network.APIManager.get(APIManager.java:625)
08-05 19:58:03.042 29070  3081 E baseline.com.newsblur.network.APIResponse: 	at baseline.com.newsblur.network.APIManager.get(APIManager.java:667)
08-05 19:58:03.042 29070  3081 E baseline.com.newsblur.network.APIResponse: 	at baseline.com.newsblur.network.APIManager.getFeedUnreadCounts(APIManager.java:274)
08-05 19:58:03.042 29070  3081 E baseline.com.newsblur.network.APIResponse: 	at baseline.com.newsblur.service.NBSyncService.checkRecounts(NBSyncService.java:660)
08-05 19:58:03.042 29070  3081 E baseline.com.newsblur.network.APIResponse: 	at baseline.com.newsblur.service.NBSyncService.doSync(NBSyncService.java:310)
08-05 19:58:03.042 29070  3081 E baseline.com.newsblur.network.APIResponse: 	at baseline.com.newsblur.service.NBSyncService.access$100(NBSyncService.java:67)
08-05 19:58:03.042 29070  3081 E baseline.com.newsblur.network.APIResponse: 	at baseline.com.newsblur.service.NBSyncService$1.run(NBSyncService.java:188)
08-05 19:58:03.042 29070  3081 E baseline.com.newsblur.network.APIResponse: 	at java.util.concurrent.ThreadPoolExecutor.runWorker(ThreadPoolExecutor.java:1113)
08-05 19:58:03.042 29070  3081 E baseline.com.newsblur.network.APIResponse: 	at java.util.concurrent.ThreadPoolExecutor$Worker.run(ThreadPoolExecutor.java:588)
08-05 19:58:03.042 29070  3081 E baseline.com.newsblur.network.APIResponse: 	at java.lang.Thread.run(Thread.java:818)
08-05 19:58:03.042 29070  3081 E baseline.com.newsblur.network.APIResponse: Caused by: java.io.EOFException: \n not found: limit=0 content=
08-05 19:58:03.042 29070  3081 E baseline.com.newsblur.network.APIResponse: 	at okio.RealBufferedSource.readUtf8LineStrict(RealBufferedSource.java:240)
08-05 19:58:03.042 29070  3081 E baseline.com.newsblur.network.APIResponse: 	at okhttp3.internal.http1.Http1ExchangeCodec.readHeaderLine(Http1ExchangeCodec.java:242)
08-05 19:58:03.042 29070  3081 E baseline.com.newsblur.network.APIResponse: 	at okhttp3.internal.http1.Http1ExchangeCodec.readResponseHeaders(Http1ExchangeCodec.java:213)
08-05 19:58:03.042 29070  3081 E baseline.com.newsblur.network.APIResponse: 	... 28 more
08-05 19:58:03.043 29070  3081 I baseline.com.newsblur.network.APIManager: API call failed, pausing before retry number 2
08-05 19:58:03.203 29070  2422 I art     : Starting a blocking GC Explicit
08-05 19:58:03.272 29070  2422 I art     : Explicit concurrent mark sweep GC freed 4039(360KB) AllocSpace objects, 3(60KB) LOS objects, 27% free, 41MB/57MB, paused 1.658ms total 69.161ms
08-05 19:58:03.289 29070  2422 I art     : Starting a blocking GC Explicit
08-05 19:58:03.353 29070  2422 I art     : Explicit concurrent mark sweep GC freed 134(5KB) AllocSpace objects, 0(0B) LOS objects, 27% free, 41MB/57MB, paused 1.649ms total 63.595ms
08-05 19:58:03.368 29070  2422 I art     : Starting a blocking GC Explicit
08-05 19:58:03.434 29070  2422 I art     : Explicit concurrent mark sweep GC freed 3(96B) AllocSpace objects, 0(0B) LOS objects, 27% free, 41MB/57MB, paused 1.685ms total 65.664ms
08-05 19:58:03.449 29070  2422 I art     : Starting a blocking GC Explicit
08-05 19:58:03.515 29070  2422 I art     : Explicit concurrent mark sweep GC freed 3(96B) AllocSpace objects, 0(0B) LOS objects, 27% free, 41MB/57MB, paused 1.831ms total 65.248ms
08-05 19:58:03.531 29070  2422 I art     : Starting a blocking GC Explicit
08-05 19:58:03.596 29070  2422 I art     : Explicit concurrent mark sweep GC freed 3(96B) AllocSpace objects, 0(0B) LOS objects, 27% free, 41MB/57MB, paused 1.543ms total 65.617ms
08-05 19:58:04.024 29070 29081 I art     : Starting a blocking GC Explicit
08-05 19:58:04.093 29070 29081 I art     : Explicit concurrent mark sweep GC freed 1447(83KB) AllocSpace objects, 1(20KB) LOS objects, 27% free, 41MB/57MB, paused 1.555ms total 68.608ms
08-05 19:58:04.109 29070 29081 I art     : Starting a blocking GC Explicit
08-05 19:58:04.176 29070 29081 I art     : Explicit concurrent mark sweep GC freed 22(784B) AllocSpace objects, 0(0B) LOS objects, 27% free, 41MB/57MB, paused 1.682ms total 66.473ms
08-05 19:58:04.191 29070 29081 I art     : Starting a blocking GC Explicit
08-05 19:58:04.258 29070 29081 I art     : Explicit concurrent mark sweep GC freed 3(96B) AllocSpace objects, 0(0B) LOS objects, 27% free, 41MB/57MB, paused 1.748ms total 66.669ms
08-05 19:58:04.274 29070 29081 I art     : Starting a blocking GC Explicit
08-05 19:58:04.342 29070 29081 I art     : Explicit concurrent mark sweep GC freed 3(96B) AllocSpace objects, 0(0B) LOS objects, 27% free, 41MB/57MB, paused 1.663ms total 67.700ms
08-05 19:58:04.360 29070 29081 I art     : Starting a blocking GC Explicit
08-05 19:58:04.424 29070 29081 I art     : Explicit concurrent mark sweep GC freed 3(96B) AllocSpace objects, 0(0B) LOS objects, 27% free, 41MB/57MB, paused 1.601ms total 63.754ms
08-05 19:58:04.843 29070 29082 I art     : Starting a blocking GC Explicit
08-05 19:58:04.907 29070 29082 I art     : Explicit concurrent mark sweep GC freed 1446(83KB) AllocSpace objects, 1(20KB) LOS objects, 27% free, 41MB/57MB, paused 1.586ms total 63.319ms
08-05 19:58:04.922 29070 29082 I art     : Starting a blocking GC Explicit
08-05 19:58:04.981 29070 29082 I art     : Explicit concurrent mark sweep GC freed 22(784B) AllocSpace objects, 0(0B) LOS objects, 27% free, 41MB/57MB, paused 1.695ms total 58.560ms
08-05 19:58:04.996 29070 29082 I art     : Starting a blocking GC Explicit
08-05 19:58:05.060 29070 29082 I art     : Explicit concurrent mark sweep GC freed 3(96B) AllocSpace objects, 0(0B) LOS objects, 27% free, 41MB/57MB, paused 1.733ms total 64.260ms
08-05 19:58:05.076 29070 29082 I art     : Starting a blocking GC Explicit
08-05 19:58:05.136 29070 29082 I art     : Explicit concurrent mark sweep GC freed 3(96B) AllocSpace objects, 0(0B) LOS objects, 27% free, 41MB/57MB, paused 1.678ms total 60.475ms
08-05 19:58:05.152 29070 29082 I art     : Starting a blocking GC Explicit
08-05 19:58:05.216 29070 29082 I art     : Explicit concurrent mark sweep GC freed 3(96B) AllocSpace objects, 0(0B) LOS objects, 27% free, 41MB/57MB, paused 1.644ms total 64.089ms
08-05 19:58:05.271 20114 20214 W FirebaseInstanceId: Token retrieval failed: SERVICE_NOT_AVAILABLE. Will retry token retrieval
08-05 19:58:05.434  4547  4547 D AndroidRuntime: >>>>>> START com.android.internal.os.RuntimeInit uid 2000 <<<<<<
08-05 19:58:05.440  4547  4547 D AndroidRuntime: CheckJNI is OFF
08-05 19:58:05.483  4547  4547 D ICU     : No timezone override file found: /data/misc/zoneinfo/current/icu/icu_tzdata.dat
08-05 19:58:05.526  4547  4547 I Radio-JNI: register_android_hardware_Radio DONE
08-05 19:58:05.557  4547  4547 D AndroidRuntime: Calling main entry com.android.commands.input.Input
08-05 19:58:05.559  4547  4547 I Input   : injectKeyEvent: KeyEvent { action=ACTION_DOWN, keyCode=KEYCODE_BACK, scanCode=0, metaState=0, flags=0x0, repeatCount=0, eventTime=820701971, downTime=820701971, deviceId=-1, source=0x101 }
08-05 19:58:05.565  4547  4547 I Input   : injectKeyEvent: KeyEvent { action=ACTION_UP, keyCode=KEYCODE_BACK, scanCode=0, metaState=0, flags=0x0, repeatCount=0, eventTime=820701971, downTime=820701971, deviceId=-1, source=0x101 }
08-05 19:58:05.573  4547  4547 D AndroidRuntime: Shutting down VM
08-05 19:58:05.584 29070 29070 D baseline.com.newsblur.service.NBSyncService: rejecting request for feedset that is exhaused
08-05 19:58:05.615 29070 29081 I art     : Starting a blocking GC Explicit
08-05 19:58:05.679 29070 29081 I art     : Explicit concurrent mark sweep GC freed 1676(122KB) AllocSpace objects, 3(60KB) LOS objects, 27% free, 41MB/57MB, paused 1.714ms total 63.310ms
08-05 19:58:05.694 29070 29081 I art     : Starting a blocking GC Explicit
08-05 19:58:05.754 29070 29081 I art     : Explicit concurrent mark sweep GC freed 634(46KB) AllocSpace objects, 1(20KB) LOS objects, 27% free, 42MB/58MB, paused 1.488ms total 60.196ms
08-05 19:58:05.764 29070 29070 D baseline.com.newsblur.service.NBSyncService: rejecting request for feedset that is exhaused
08-05 19:58:05.767 13866 13866 I GoogleInputMethodServic: GoogleInputMethodService.onFinishInput():3138 
08-05 19:58:05.768 13866 13866 I GoogleInputMethodServic: GoogleInputMethodService.onStartInput():1808 
08-05 19:58:05.782 29070 29081 I art     : Starting a blocking GC Explicit
08-05 19:58:05.841 29070 29081 I art     : Explicit concurrent mark sweep GC freed 544(51KB) AllocSpace objects, 1(20KB) LOS objects, 27% free, 41MB/57MB, paused 2.138ms total 58.546ms
08-05 19:58:05.855 29070 29081 I art     : Starting a blocking GC Explicit
08-05 19:58:05.909 29070 29081 I art     : Explicit concurrent mark sweep GC freed 477(39KB) AllocSpace objects, 1(28KB) LOS objects, 27% free, 41MB/57MB, paused 1.392ms total 53.816ms
08-05 19:58:05.923 13866 13882 I PeriodicStatsRunner: PeriodicStatsRunner.call():175 call()
08-05 19:58:05.923 13866 13882 I PeriodicStatsRunner: PeriodicStatsRunner.call():179 No submit PeriodicStats since input started.
08-05 19:58:05.924 29070 29081 I art     : Starting a blocking GC Explicit
08-05 19:58:05.988 29070 29081 I art     : Explicit concurrent mark sweep GC freed 3(96B) AllocSpace objects, 0(0B) LOS objects, 27% free, 41MB/57MB, paused 1.853ms total 64.054ms
08-05 19:58:06.385 29070 29081 I art     : Starting a blocking GC Explicit
08-05 19:58:06.448 29070 29081 I art     : Explicit concurrent mark sweep GC freed 2878(152KB) AllocSpace objects, 1(20KB) LOS objects, 27% free, 41MB/57MB, paused 1.873ms total 62.973ms
08-05 19:58:06.464 29070 29081 I art     : Starting a blocking GC Explicit
08-05 19:58:06.525 29070 29081 I art     : Explicit concurrent mark sweep GC freed 165(7KB) AllocSpace objects, 0(0B) LOS objects, 27% free, 41MB/57MB, paused 1.462ms total 60.846ms
08-05 19:58:06.541 29070 29081 I art     : Starting a blocking GC Explicit
08-05 19:58:06.603 29070 29081 I art     : Explicit concurrent mark sweep GC freed 1665(65KB) AllocSpace objects, 0(0B) LOS objects, 27% free, 41MB/57MB, paused 1.796ms total 62.012ms
08-05 19:58:06.619 29070 29081 I art     : Starting a blocking GC Explicit
08-05 19:58:06.630 29070  3081 E baseline.com.newsblur.network.APIResponse: Error (unexpected end of stream on https://www.newsblur.com/...) calling https://www.newsblur.com/reader/feed_unread_count?feed_id=0
08-05 19:58:06.630 29070  3081 E baseline.com.newsblur.network.APIResponse: java.io.IOException: unexpected end of stream on https://www.newsblur.com/...
08-05 19:58:06.630 29070  3081 E baseline.com.newsblur.network.APIResponse: 	at okhttp3.internal.http1.Http1ExchangeCodec.readResponseHeaders(Http1ExchangeCodec.java:236)
08-05 19:58:06.630 29070  3081 E baseline.com.newsblur.network.APIResponse: 	at okhttp3.internal.connection.Exchange.readResponseHeaders(Exchange.java:115)
08-05 19:58:06.630 29070  3081 E baseline.com.newsblur.network.APIResponse: 	at okhttp3.internal.http.CallServerInterceptor.intercept(CallServerInterceptor.java:94)
08-05 19:58:06.630 29070  3081 E baseline.com.newsblur.network.APIResponse: 	at okhttp3.internal.http.RealInterceptorChain.proceed(RealInterceptorChain.java:142)
08-05 19:58:06.630 29070  3081 E baseline.com.newsblur.network.APIResponse: 	at okhttp3.internal.connection.ConnectInterceptor.intercept(ConnectInterceptor.java:43)
08-05 19:58:06.630 29070  3081 E baseline.com.newsblur.network.APIResponse: 	at okhttp3.internal.http.RealInterceptorChain.proceed(RealInterceptorChain.java:142)
08-05 19:58:06.630 29070  3081 E baseline.com.newsblur.network.APIResponse: 	at okhttp3.internal.http.RealInterceptorChain.proceed(RealInterceptorChain.java:117)
08-05 19:58:06.630 29070  3081 E baseline.com.newsblur.network.APIResponse: 	at okhttp3.internal.cache.CacheInterceptor.intercept(CacheInterceptor.java:94)
08-05 19:58:06.630 29070  3081 E baseline.com.newsblur.network.APIResponse: 	at okhttp3.internal.http.RealInterceptorChain.proceed(RealInterceptorChain.java:142)
08-05 19:58:06.630 29070  3081 E baseline.com.newsblur.network.APIResponse: 	at okhttp3.internal.http.RealInterceptorChain.proceed(RealInterceptorChain.java:117)
08-05 19:58:06.630 29070  3081 E baseline.com.newsblur.network.APIResponse: 	at okhttp3.internal.http.BridgeInterceptor.intercept(BridgeInterceptor.java:93)
08-05 19:58:06.630 29070  3081 E baseline.com.newsblur.network.APIResponse: 	at okhttp3.internal.http.RealInterceptorChain.proceed(RealInterceptorChain.java:142)
08-05 19:58:06.630 29070  3081 E baseline.com.newsblur.network.APIResponse: 	at okhttp3.internal.http.RetryAndFollowUpInterceptor.intercept(RetryAndFollowUpInterceptor.java:88)
08-05 19:58:06.630 29070  3081 E baseline.com.newsblur.network.APIResponse: 	at okhttp3.internal.http.RealInterceptorChain.proceed(RealInterceptorChain.java:142)
08-05 19:58:06.630 29070  3081 E baseline.com.newsblur.network.APIResponse: 	at okhttp3.internal.http.RealInterceptorChain.proceed(RealInterceptorChain.java:117)
08-05 19:58:06.630 29070  3081 E baseline.com.newsblur.network.APIResponse: 	at okhttp3.RealCall.getResponseWithInterceptorChain(RealCall.java:229)
08-05 19:58:06.630 29070  3081 E baseline.com.newsblur.network.APIResponse: 	at okhttp3.RealCall.execute(RealCall.java:81)
08-05 19:58:06.630 29070  3081 E baseline.com.newsblur.network.APIResponse: 	at baseline.com.newsblur.network.APIResponse.<init>(APIResponse.java:57)
08-05 19:58:06.630 29070  3081 E baseline.com.newsblur.network.APIResponse: 	at baseline.com.newsblur.network.APIManager.get_single(APIManager.java:639)
08-05 19:58:06.630 29070  3081 E baseline.com.newsblur.network.APIResponse: 	at baseline.com.newsblur.network.APIManager.get(APIManager.java:625)
08-05 19:58:06.630 29070  3081 E baseline.com.newsblur.network.APIResponse: 	at baseline.com.newsblur.network.APIManager.get(APIManager.java:667)
08-05 19:58:06.630 29070  3081 E baseline.com.newsblur.network.APIResponse: 	at baseline.com.newsblur.network.APIManager.getFeedUnreadCounts(APIManager.java:274)
08-05 19:58:06.630 29070  3081 E baseline.com.newsblur.network.APIResponse: 	at baseline.com.newsblur.service.NBSyncService.checkRecounts(NBSyncService.java:660)
08-05 19:58:06.630 29070  3081 E baseline.com.newsblur.network.APIResponse: 	at baseline.com.newsblur.service.NBSyncService.doSync(NBSyncService.java:310)
08-05 19:58:06.630 29070  3081 E baseline.com.newsblur.network.APIResponse: 	at baseline.com.newsblur.service.NBSyncService.access$100(NBSyncService.java:67)
08-05 19:58:06.630 29070  3081 E baseline.com.newsblur.network.APIResponse: 	at baseline.com.newsblur.service.NBSyncService$1.run(NBSyncService.java:188)
08-05 19:58:06.630 29070  3081 E baseline.com.newsblur.network.APIResponse: 	at java.util.concurrent.ThreadPoolExecutor.runWorker(ThreadPoolExecutor.java:1113)
08-05 19:58:06.630 29070  3081 E baseline.com.newsblur.network.APIResponse: 	at java.util.concurrent.ThreadPoolExecutor$Worker.run(ThreadPoolExecutor.java:588)
08-05 19:58:06.630 29070  3081 E baseline.com.newsblur.network.APIResponse: 	at java.lang.Thread.run(Thread.java:818)
08-05 19:58:06.630 29070  3081 E baseline.com.newsblur.network.APIResponse: Caused by: java.io.EOFException: \n not found: limit=0 content=
08-05 19:58:06.630 29070  3081 E baseline.com.newsblur.network.APIResponse: 	at okio.RealBufferedSource.readUtf8LineStrict(RealBufferedSource.java:240)
08-05 19:58:06.630 29070  3081 E baseline.com.newsblur.network.APIResponse: 	at okhttp3.internal.http1.Http1ExchangeCodec.readHeaderLine(Http1ExchangeCodec.java:242)
08-05 19:58:06.630 29070  3081 E baseline.com.newsblur.network.APIResponse: 	at okhttp3.internal.http1.Http1ExchangeCodec.readResponseHeaders(Http1ExchangeCodec.java:213)
08-05 19:58:06.630 29070  3081 E baseline.com.newsblur.network.APIResponse: 	... 28 more
08-05 19:58:06.631 29070  3081 W baseline.com.newsblur.service.NBSyncService: Bad response to feed_unread_count
08-05 19:58:06.674 29070 29081 I art     : Explicit concurrent mark sweep GC freed 1305(260KB) AllocSpace objects, 5(100KB) LOS objects, 27% free, 41MB/57MB, paused 1.448ms total 54.770ms
08-05 19:58:06.689 29070 29081 I art     : Starting a blocking GC Explicit
08-05 19:58:06.749 29070 29081 I art     : Explicit concurrent mark sweep GC freed 178(18KB) AllocSpace objects, 0(0B) LOS objects, 27% free, 41MB/57MB, paused 1.728ms total 60.254ms
08-05 19:58:07.037 29070  3081 E baseline.com.newsblur.network.APIResponse: Error (unexpected end of stream on https://www.newsblur.com/...) calling https://www.newsblur.com/reader/mark_story_hashes_as_read/
08-05 19:58:07.037 29070  3081 E baseline.com.newsblur.network.APIResponse: java.io.IOException: unexpected end of stream on https://www.newsblur.com/...
08-05 19:58:07.037 29070  3081 E baseline.com.newsblur.network.APIResponse: 	at okhttp3.internal.http1.Http1ExchangeCodec.readResponseHeaders(Http1ExchangeCodec.java:236)
08-05 19:58:07.037 29070  3081 E baseline.com.newsblur.network.APIResponse: 	at okhttp3.internal.connection.Exchange.readResponseHeaders(Exchange.java:115)
08-05 19:58:07.037 29070  3081 E baseline.com.newsblur.network.APIResponse: 	at okhttp3.internal.http.CallServerInterceptor.intercept(CallServerInterceptor.java:94)
08-05 19:58:07.037 29070  3081 E baseline.com.newsblur.network.APIResponse: 	at okhttp3.internal.http.RealInterceptorChain.proceed(RealInterceptorChain.java:142)
08-05 19:58:07.037 29070  3081 E baseline.com.newsblur.network.APIResponse: 	at okhttp3.internal.connection.ConnectInterceptor.intercept(ConnectInterceptor.java:43)
08-05 19:58:07.037 29070  3081 E baseline.com.newsblur.network.APIResponse: 	at okhttp3.internal.http.RealInterceptorChain.proceed(RealInterceptorChain.java:142)
08-05 19:58:07.037 29070  3081 E baseline.com.newsblur.network.APIResponse: 	at okhttp3.internal.http.RealInterceptorChain.proceed(RealInterceptorChain.java:117)
08-05 19:58:07.037 29070  3081 E baseline.com.newsblur.network.APIResponse: 	at okhttp3.internal.cache.CacheInterceptor.intercept(CacheInterceptor.java:94)
08-05 19:58:07.037 29070  3081 E baseline.com.newsblur.network.APIResponse: 	at okhttp3.internal.http.RealInterceptorChain.proceed(RealInterceptorChain.java:142)
08-05 19:58:07.037 29070  3081 E baseline.com.newsblur.network.APIResponse: 	at okhttp3.internal.http.RealInterceptorChain.proceed(RealInterceptorChain.java:117)
08-05 19:58:07.037 29070  3081 E baseline.com.newsblur.network.APIResponse: 	at okhttp3.internal.http.BridgeInterceptor.intercept(BridgeInterceptor.java:93)
08-05 19:58:07.037 29070  3081 E baseline.com.newsblur.network.APIResponse: 	at okhttp3.internal.http.RealInterceptorChain.proceed(RealInterceptorChain.java:142)
08-05 19:58:07.037 29070  3081 E baseline.com.newsblur.network.APIResponse: 	at okhttp3.internal.http.RetryAndFollowUpInterceptor.intercept(RetryAndFollowUpInterceptor.java:88)
08-05 19:58:07.037 29070  3081 E baseline.com.newsblur.network.APIResponse: 	at okhttp3.internal.http.RealInterceptorChain.proceed(RealInterceptorChain.java:142)
08-05 19:58:07.037 29070  3081 E baseline.com.newsblur.network.APIResponse: 	at okhttp3.internal.http.RealInterceptorChain.proceed(RealInterceptorChain.java:117)
08-05 19:58:07.037 29070  3081 E baseline.com.newsblur.network.APIResponse: 	at okhttp3.RealCall.getResponseWithInterceptorChain(RealCall.java:229)
08-05 19:58:07.037 29070  3081 E baseline.com.newsblur.network.APIResponse: 	at okhttp3.RealCall.execute(RealCall.java:81)
08-05 19:58:07.037 29070  3081 E baseline.com.newsblur.network.APIResponse: 	at baseline.com.newsblur.network.APIResponse.<init>(APIResponse.java:57)
08-05 19:58:07.037 29070  3081 E baseline.com.newsblur.network.APIResponse: 	at baseline.com.newsblur.network.APIResponse.<init>(APIResponse.java:43)
08-05 19:58:07.037 29070  3081 E baseline.com.newsblur.network.APIResponse: 	at baseline.com.newsblur.network.APIManager.post_single(APIManager.java:702)
08-05 19:58:07.037 29070  3081 E baseline.com.newsblur.network.APIResponse: 	at baseline.com.newsblur.network.APIManager.post(APIManager.java:675)
08-05 19:58:07.037 29070  3081 E baseline.com.newsblur.network.APIResponse: 	at baseline.com.newsblur.network.APIManager.post(APIManager.java:714)
08-05 19:58:07.037 29070  3081 E baseline.com.newsblur.network.APIResponse: 	at baseline.com.newsblur.network.APIManager.markStoryAsRead(APIManager.java:205)
08-05 19:58:07.037 29070  3081 E baseline.com.newsblur.network.APIResponse: 	at baseline.com.newsblur.util.ReadingAction.doRemote(ReadingAction.java:281)
08-05 19:58:07.037 29070  3081 E baseline.com.newsblur.network.APIResponse: 	at baseline.com.newsblur.service.NBSyncService.syncActions(NBSyncService.java:400)
08-05 19:58:07.037 29070  3081 E baseline.com.newsblur.network.APIResponse: 	at baseline.com.newsblur.service.NBSyncService.doSync(NBSyncService.java:298)
08-05 19:58:07.037 29070  3081 E baseline.com.newsblur.network.APIResponse: 	at baseline.com.newsblur.service.NBSyncService.access$100(NBSyncService.java:67)
08-05 19:58:07.037 29070  3081 E baseline.com.newsblur.network.APIResponse: 	at baseline.com.newsblur.service.NBSyncService$1.run(NBSyncService.java:188)
08-05 19:58:07.037 29070  3081 E baseline.com.newsblur.network.APIResponse: 	at java.util.concurrent.ThreadPoolExecutor.runWorker(ThreadPoolExecutor.java:1113)
08-05 19:58:07.037 29070  3081 E baseline.com.newsblur.network.APIResponse: 	at java.util.concurrent.ThreadPoolExecutor$Worker.run(ThreadPoolExecutor.java:588)
08-05 19:58:07.037 29070  3081 E baseline.com.newsblur.network.APIResponse: 	at java.lang.Thread.run(Thread.java:818)
08-05 19:58:07.037 29070  3081 E baseline.com.newsblur.network.APIResponse: Caused by: java.io.EOFException: \n not found: limit=0 content=
08-05 19:58:07.037 29070  3081 E baseline.com.newsblur.network.APIResponse: 	at okio.RealBufferedSource.readUtf8LineStrict(RealBufferedSource.java:240)
08-05 19:58:07.037 29070  3081 E baseline.com.newsblur.network.APIResponse: 	at okhttp3.internal.http1.Http1ExchangeCodec.readHeaderLine(Http1ExchangeCodec.java:242)
08-05 19:58:07.037 29070  3081 E baseline.com.newsblur.network.APIResponse: 	at okhttp3.internal.http1.Http1ExchangeCodec.readResponseHeaders(Http1ExchangeCodec.java:213)
08-05 19:58:07.037 29070  3081 E baseline.com.newsblur.network.APIResponse: 	... 30 more
08-05 19:58:07.038 29070  3081 I baseline.com.newsblur.network.APIManager: API call failed, pausing before retry number 1
08-05 19:58:07.123 29070 29082 I art     : Starting a blocking GC Explicit
08-05 19:58:07.189 29070 29082 I art     : Explicit concurrent mark sweep GC freed 4031(359KB) AllocSpace objects, 3(60KB) LOS objects, 27% free, 41MB/57MB, paused 1.637ms total 65.556ms
08-05 19:58:07.205 29070 29082 I art     : Starting a blocking GC Explicit
08-05 19:58:07.212   518   646 I ThermalEngine: ACTION: GPU - Setting GPU[0] to 390000000
08-05 19:58:07.302 29070 29082 I art     : Explicit concurrent mark sweep GC freed 123(4KB) AllocSpace objects, 0(0B) LOS objects, 27% free, 41MB/57MB, paused 2.318ms total 96.350ms
08-05 19:58:07.324 29070 29082 I art     : Starting a blocking GC Explicit
08-05 19:58:07.379  4580  4580 D AndroidRuntime: >>>>>> START com.android.internal.os.RuntimeInit uid 2000 <<<<<<
08-05 19:58:07.385  4580  4580 D AndroidRuntime: CheckJNI is OFF
08-05 19:58:07.398 29070 29082 I art     : Explicit concurrent mark sweep GC freed 3(96B) AllocSpace objects, 0(0B) LOS objects, 27% free, 41MB/57MB, paused 2.328ms total 74.019ms
08-05 19:58:07.420 29070 29082 I art     : Starting a blocking GC Explicit
08-05 19:58:07.440  4580  4580 D ICU     : No timezone override file found: /data/misc/zoneinfo/current/icu/icu_tzdata.dat
08-05 19:58:07.484  4580  4580 I Radio-JNI: register_android_hardware_Radio DONE
08-05 19:58:07.495 29070 29082 I art     : Explicit concurrent mark sweep GC freed 3(96B) AllocSpace objects, 0(0B) LOS objects, 27% free, 41MB/57MB, paused 2.260ms total 74.585ms
08-05 19:58:07.516  4580  4580 D AndroidRuntime: Calling main entry com.android.commands.input.Input
08-05 19:58:07.517 29070 29082 I art     : Starting a blocking GC Explicit
08-05 19:58:07.518  4580  4580 I Input   : injectKeyEvent: KeyEvent { action=ACTION_DOWN, keyCode=KEYCODE_BACK, scanCode=0, metaState=0, flags=0x0, repeatCount=0, eventTime=820703931, downTime=820703931, deviceId=-1, source=0x101 }
08-05 19:58:07.527  4580  4580 I Input   : injectKeyEvent: KeyEvent { action=ACTION_UP, keyCode=KEYCODE_BACK, scanCode=0, metaState=0, flags=0x0, repeatCount=0, eventTime=820703931, downTime=820703931, deviceId=-1, source=0x101 }
08-05 19:58:07.542  4580  4580 D AndroidRuntime: Shutting down VM
08-05 19:58:07.593 29070 29082 I art     : Explicit concurrent mark sweep GC freed 326(65KB) AllocSpace objects, 4(80KB) LOS objects, 27% free, 41MB/57MB, paused 2.348ms total 75.457ms
08-05 19:58:07.803 13866 13866 I GoogleInputMethodServic: GoogleInputMethodService.onFinishInput():3138 
08-05 19:58:07.804 13866 13866 I GoogleInputMethodServic: GoogleInputMethodService.onStartInput():1808 
08-05 19:58:08.015 29070  2422 I art     : Starting a blocking GC Explicit
08-05 19:58:08.099 29070  2422 I art     : Explicit concurrent mark sweep GC freed 9469(602KB) AllocSpace objects, 9(180KB) LOS objects, 27% free, 41MB/57MB, paused 2.215ms total 83.145ms
08-05 19:58:08.127 29070  2422 I art     : Starting a blocking GC Explicit
08-05 19:58:08.205 29070  2422 I art     : Explicit concurrent mark sweep GC freed 605(26KB) AllocSpace objects, 0(0B) LOS objects, 27% free, 41MB/57MB, paused 2.343ms total 77.984ms
08-05 19:58:08.226 29070  2422 I art     : Starting a blocking GC Explicit
08-05 19:58:08.301 29070  2422 I art     : Explicit concurrent mark sweep GC freed 64(2560B) AllocSpace objects, 0(0B) LOS objects, 27% free, 41MB/57MB, paused 2.274ms total 75.128ms
08-05 19:58:08.325 29070  2422 I art     : Starting a blocking GC Explicit
08-05 19:58:08.404 29070  2422 I art     : Explicit concurrent mark sweep GC freed 152(7KB) AllocSpace objects, 0(0B) LOS objects, 27% free, 41MB/57MB, paused 2.274ms total 78.566ms
08-05 19:58:08.428 29070  2422 I art     : Starting a blocking GC Explicit
08-05 19:58:08.505 29070  2422 I art     : Explicit concurrent mark sweep GC freed 16(512B) AllocSpace objects, 0(0B) LOS objects, 27% free, 41MB/57MB, paused 2.395ms total 77.359ms
08-05 19:58:08.940 29070  4133 I art     : Starting a blocking GC Explicit
08-05 19:58:09.019 29070  4133 I art     : Explicit concurrent mark sweep GC freed 1671(93KB) AllocSpace objects, 1(20KB) LOS objects, 27% free, 41MB/57MB, paused 2.312ms total 78.639ms
08-05 19:58:09.042 29070  4133 I art     : Starting a blocking GC Explicit
08-05 19:58:09.102 29070  3081 E baseline.com.newsblur.network.APIResponse: Error (unexpected end of stream on https://www.newsblur.com/...) calling https://www.newsblur.com/reader/mark_story_hashes_as_read/
08-05 19:58:09.102 29070  3081 E baseline.com.newsblur.network.APIResponse: java.io.IOException: unexpected end of stream on https://www.newsblur.com/...
08-05 19:58:09.102 29070  3081 E baseline.com.newsblur.network.APIResponse: 	at okhttp3.internal.http1.Http1ExchangeCodec.readResponseHeaders(Http1ExchangeCodec.java:236)
08-05 19:58:09.102 29070  3081 E baseline.com.newsblur.network.APIResponse: 	at okhttp3.internal.connection.Exchange.readResponseHeaders(Exchange.java:115)
08-05 19:58:09.102 29070  3081 E baseline.com.newsblur.network.APIResponse: 	at okhttp3.internal.http.CallServerInterceptor.intercept(CallServerInterceptor.java:94)
08-05 19:58:09.102 29070  3081 E baseline.com.newsblur.network.APIResponse: 	at okhttp3.internal.http.RealInterceptorChain.proceed(RealInterceptorChain.java:142)
08-05 19:58:09.102 29070  3081 E baseline.com.newsblur.network.APIResponse: 	at okhttp3.internal.connection.ConnectInterceptor.intercept(ConnectInterceptor.java:43)
08-05 19:58:09.102 29070  3081 E baseline.com.newsblur.network.APIResponse: 	at okhttp3.internal.http.RealInterceptorChain.proceed(RealInterceptorChain.java:142)
08-05 19:58:09.102 29070  3081 E baseline.com.newsblur.network.APIResponse: 	at okhttp3.internal.http.RealInterceptorChain.proceed(RealInterceptorChain.java:117)
08-05 19:58:09.102 29070  3081 E baseline.com.newsblur.network.APIResponse: 	at okhttp3.internal.cache.CacheInterceptor.intercept(CacheInterceptor.java:94)
08-05 19:58:09.102 29070  3081 E baseline.com.newsblur.network.APIResponse: 	at okhttp3.internal.http.RealInterceptorChain.proceed(RealInterceptorChain.java:142)
08-05 19:58:09.102 29070  3081 E baseline.com.newsblur.network.APIResponse: 	at okhttp3.internal.http.RealInterceptorChain.proceed(RealInterceptorChain.java:117)
08-05 19:58:09.102 29070  3081 E baseline.com.newsblur.network.APIResponse: 	at okhttp3.internal.http.BridgeInterceptor.intercept(BridgeInterceptor.java:93)
08-05 19:58:09.102 29070  3081 E baseline.com.newsblur.network.APIResponse: 	at okhttp3.internal.http.RealInterceptorChain.proceed(RealInterceptorChain.java:142)
08-05 19:58:09.102 29070  3081 E baseline.com.newsblur.network.APIResponse: 	at okhttp3.internal.http.RetryAndFollowUpInterceptor.intercept(RetryAndFollowUpInterceptor.java:88)
08-05 19:58:09.102 29070  3081 E baseline.com.newsblur.network.APIResponse: 	at okhttp3.internal.http.RealInterceptorChain.proceed(RealInterceptorChain.java:142)
08-05 19:58:09.102 29070  3081 E baseline.com.newsblur.network.APIResponse: 	at okhttp3.internal.http.RealInterceptorChain.proceed(RealInterceptorChain.java:117)
08-05 19:58:09.102 29070  3081 E baseline.com.newsblur.network.APIResponse: 	at okhttp3.RealCall.getResponseWithInterceptorChain(RealCall.java:229)
08-05 19:58:09.102 29070  3081 E baseline.com.newsblur.network.APIResponse: 	at okhttp3.RealCall.execute(RealCall.java:81)
08-05 19:58:09.102 29070  3081 E baseline.com.newsblur.network.APIResponse: 	at baseline.com.newsblur.network.APIResponse.<init>(APIResponse.java:57)
08-05 19:58:09.102 29070  3081 E baseline.com.newsblur.network.APIResponse: 	at baseline.com.newsblur.network.APIResponse.<init>(APIResponse.java:43)
08-05 19:58:09.102 29070  3081 E baseline.com.newsblur.network.APIResponse: 	at baseline.com.newsblur.network.APIManager.post_single(APIManager.java:702)
08-05 19:58:09.102 29070  3081 E baseline.com.newsblur.network.APIResponse: 	at baseline.com.newsblur.network.APIManager.post(APIManager.java:675)
08-05 19:58:09.102 29070  3081 E baseline.com.newsblur.network.APIResponse: 	at baseline.com.newsblur.network.APIManager.post(APIManager.java:714)
08-05 19:58:09.102 29070  3081 E baseline.com.newsblur.network.APIResponse: 	at baseline.com.newsblur.network.APIManager.markStoryAsRead(APIManager.java:205)
08-05 19:58:09.102 29070  3081 E baseline.com.newsblur.network.APIResponse: 	at baseline.com.newsblur.util.ReadingAction.doRemote(ReadingAction.java:281)
08-05 19:58:09.102 29070  3081 E baseline.com.newsblur.network.APIResponse: 	at baseline.com.newsblur.service.NBSyncService.syncActions(NBSyncService.java:400)
08-05 19:58:09.102 29070  3081 E baseline.com.newsblur.network.APIResponse: 	at baseline.com.newsblur.service.NBSyncService.doSync(NBSyncService.java:298)
08-05 19:58:09.102 29070  3081 E baseline.com.newsblur.network.APIResponse: 	at baseline.com.newsblur.service.NBSyncService.access$100(NBSyncService.java:67)
08-05 19:58:09.102 29070  3081 E baseline.com.newsblur.network.APIResponse: 	at baseline.com.newsblur.service.NBSyncService$1.run(NBSyncService.java:188)
08-05 19:58:09.102 29070  3081 E baseline.com.newsblur.network.APIResponse: 	at java.util.concurrent.ThreadPoolExecutor.runWorker(ThreadPoolExecutor.java:1113)
08-05 19:58:09.102 29070  3081 E baseline.com.newsblur.network.APIResponse: 	at java.util.concurrent.ThreadPoolExecutor$Worker.run(ThreadPoolExecutor.java:588)
08-05 19:58:09.102 29070  3081 E baseline.com.newsblur.network.APIResponse: 	at java.lang.Thread.run(Thread.java:818)
08-05 19:58:09.102 29070  3081 E baseline.com.newsblur.network.APIResponse: Caused by: java.io.EOFException: \n not found: limit=0 content=
08-05 19:58:09.102 29070  3081 E baseline.com.newsblur.network.APIResponse: 	at okio.RealBufferedSource.readUtf8LineStrict(RealBufferedSource.java:240)
08-05 19:58:09.102 29070  3081 E baseline.com.newsblur.network.APIResponse: 	at okhttp3.internal.http1.Http1ExchangeCodec.readHeaderLine(Http1ExchangeCodec.java:242)
08-05 19:58:09.102 29070  3081 E baseline.com.newsblur.network.APIResponse: 	at okhttp3.internal.http1.Http1ExchangeCodec.readResponseHeaders(Http1ExchangeCodec.java:213)
08-05 19:58:09.102 29070  3081 E baseline.com.newsblur.network.APIResponse: 	... 30 more
08-05 19:58:09.103 29070  3081 I baseline.com.newsblur.network.APIManager: API call failed, pausing before retry number 2
08-05 19:58:09.121 29070  4133 I art     : Explicit concurrent mark sweep GC freed 2469(260KB) AllocSpace objects, 2(40KB) LOS objects, 27% free, 41MB/57MB, paused 2.304ms total 78.822ms
08-05 19:58:09.122 29070 29080 I art     : WaitForGcToComplete blocked for 28.071ms for cause HeapTrim
08-05 19:58:09.144 29070  4133 I art     : Starting a blocking GC Explicit
08-05 19:58:09.219 29070  4133 I art     : Explicit concurrent mark sweep GC freed 173(18KB) AllocSpace objects, 0(0B) LOS objects, 27% free, 41MB/57MB, paused 2.209ms total 74.541ms
08-05 19:58:09.242 29070  4133 I art     : Starting a blocking GC Explicit
08-05 19:58:09.313 29070  4133 I art     : Explicit concurrent mark sweep GC freed 26(864B) AllocSpace objects, 0(0B) LOS objects, 27% free, 41MB/57MB, paused 2.303ms total 71.245ms
08-05 19:58:09.336 29070  4133 I art     : Starting a blocking GC Explicit
08-05 19:58:09.411 29070  4133 I art     : Explicit concurrent mark sweep GC freed 3(96B) AllocSpace objects, 0(0B) LOS objects, 27% free, 41MB/57MB, paused 2.455ms total 74.686ms
08-05 19:58:09.523  4628  4628 D AndroidRuntime: >>>>>> START com.android.internal.os.RuntimeInit uid 2000 <<<<<<
08-05 19:58:09.529  4628  4628 D AndroidRuntime: CheckJNI is OFF
08-05 19:58:09.589  4628  4628 D ICU     : No timezone override file found: /data/misc/zoneinfo/current/icu/icu_tzdata.dat
08-05 19:58:09.647  4628  4628 I Radio-JNI: register_android_hardware_Radio DONE
08-05 19:58:09.679  4628  4628 D AndroidRuntime: Calling main entry com.android.commands.am.Am
08-05 19:58:09.698  5615  5615 I Trepn   : Trepn 6.2s: Received intent: com.quicinc.trepn.stop_profiling
08-05 19:58:09.725  5615  5615 I Trepn   : Trepn 6.2s: Trepn has Stopped Profiling.
08-05 19:58:09.828 29070  2422 I art     : Starting a blocking GC Explicit
08-05 19:58:09.838  4628  4628 D AndroidRuntime: Shutting down VM
08-05 19:58:09.842   918  5481 W AppOps  : Finishing op nesting under-run: uid 10078 pkg com.quicinc.trepn code 24 time=0 duration=0 nesting=0
08-05 19:58:09.899 29070  2422 I art     : Explicit concurrent mark sweep GC freed 1444(83KB) AllocSpace objects, 1(20KB) LOS objects, 27% free, 41MB/57MB, paused 2.074ms total 70.202ms
08-05 19:58:09.919 29070  2422 I art     : Starting a blocking GC Explicit
08-05 19:58:09.994 29070  2422 I art     : Explicit concurrent mark sweep GC freed 22(784B) AllocSpace objects, 0(0B) LOS objects, 27% free, 41MB/57MB, paused 2.408ms total 74.939ms
08-05 19:58:10.018 29070  2422 I art     : Starting a blocking GC Explicit
08-05 19:58:10.095 29070  2422 I art     : Explicit concurrent mark sweep GC freed 3(96B) AllocSpace objects, 0(0B) LOS objects, 27% free, 41MB/57MB, paused 3.160ms total 76.140ms
08-05 19:58:10.117 29070  2422 I art     : Starting a blocking GC Explicit
08-05 19:58:10.191 29070  2422 I art     : Explicit concurrent mark sweep GC freed 3(96B) AllocSpace objects, 0(0B) LOS objects, 27% free, 41MB/57MB, paused 2.503ms total 73.471ms
08-05 19:58:10.213 29070  2422 I art     : Starting a blocking GC Explicit
08-05 19:58:10.287 29070  2422 I art     : Explicit concurrent mark sweep GC freed 3(96B) AllocSpace objects, 0(0B) LOS objects, 27% free, 41MB/57MB, paused 2.213ms total 73.014ms
08-05 19:58:10.417  2695  2695 I Atfwd_Sendcmd: AtCmdFwd service not ready - Exhausted retry attempts - :6
08-05 19:58:10.418  2695  2695 I Atfwd_Daemon: result : -1 	 ,Init step :2 	 ,qmiErrorCode: 0
08-05 19:58:10.524   918  3261 D WifiStateMachine: starting scan for "H369AA63323"WPA_PSK with 2412,5180
08-05 19:58:10.768 13866 13882 I PeriodicStatsRunner: PeriodicStatsRunner.call():175 call()
08-05 19:58:10.768 13866 13882 I PeriodicStatsRunner: PeriodicStatsRunner.call():179 No submit PeriodicStats since input started.
08-05 19:58:12.219   518   646 I ThermalEngine: ACTION: GPU - Setting GPU[0] to 450000000
08-05 19:58:12.676 29070  3081 E baseline.com.newsblur.network.APIResponse: Error (unexpected end of stream on https://www.newsblur.com/...) calling https://www.newsblur.com/reader/mark_story_hashes_as_read/
08-05 19:58:12.676 29070  3081 E baseline.com.newsblur.network.APIResponse: java.io.IOException: unexpected end of stream on https://www.newsblur.com/...
08-05 19:58:12.676 29070  3081 E baseline.com.newsblur.network.APIResponse: 	at okhttp3.internal.http1.Http1ExchangeCodec.readResponseHeaders(Http1ExchangeCodec.java:236)
08-05 19:58:12.676 29070  3081 E baseline.com.newsblur.network.APIResponse: 	at okhttp3.internal.connection.Exchange.readResponseHeaders(Exchange.java:115)
08-05 19:58:12.676 29070  3081 E baseline.com.newsblur.network.APIResponse: 	at okhttp3.internal.http.CallServerInterceptor.intercept(CallServerInterceptor.java:94)
08-05 19:58:12.676 29070  3081 E baseline.com.newsblur.network.APIResponse: 	at okhttp3.internal.http.RealInterceptorChain.proceed(RealInterceptorChain.java:142)
08-05 19:58:12.676 29070  3081 E baseline.com.newsblur.network.APIResponse: 	at okhttp3.internal.connection.ConnectInterceptor.intercept(ConnectInterceptor.java:43)
08-05 19:58:12.676 29070  3081 E baseline.com.newsblur.network.APIResponse: 	at okhttp3.internal.http.RealInterceptorChain.proceed(RealInterceptorChain.java:142)
08-05 19:58:12.676 29070  3081 E baseline.com.newsblur.network.APIResponse: 	at okhttp3.internal.http.RealInterceptorChain.proceed(RealInterceptorChain.java:117)
08-05 19:58:12.676 29070  3081 E baseline.com.newsblur.network.APIResponse: 	at okhttp3.internal.cache.CacheInterceptor.intercept(CacheInterceptor.java:94)
08-05 19:58:12.676 29070  3081 E baseline.com.newsblur.network.APIResponse: 	at okhttp3.internal.http.RealInterceptorChain.proceed(RealInterceptorChain.java:142)
08-05 19:58:12.676 29070  3081 E baseline.com.newsblur.network.APIResponse: 	at okhttp3.internal.http.RealInterceptorChain.proceed(RealInterceptorChain.java:117)
08-05 19:58:12.676 29070  3081 E baseline.com.newsblur.network.APIResponse: 	at okhttp3.internal.http.BridgeInterceptor.intercept(BridgeInterceptor.java:93)
08-05 19:58:12.676 29070  3081 E baseline.com.newsblur.network.APIResponse: 	at okhttp3.internal.http.RealInterceptorChain.proceed(RealInterceptorChain.java:142)
08-05 19:58:12.676 29070  3081 E baseline.com.newsblur.network.APIResponse: 	at okhttp3.internal.http.RetryAndFollowUpInterceptor.intercept(RetryAndFollowUpInterceptor.java:88)
08-05 19:58:12.676 29070  3081 E baseline.com.newsblur.network.APIResponse: 	at okhttp3.internal.http.RealInterceptorChain.proceed(RealInterceptorChain.java:142)
08-05 19:58:12.676 29070  3081 E baseline.com.newsblur.network.APIResponse: 	at okhttp3.internal.http.RealInterceptorChain.proceed(RealInterceptorChain.java:117)
08-05 19:58:12.676 29070  3081 E baseline.com.newsblur.network.APIResponse: 	at okhttp3.RealCall.getResponseWithInterceptorChain(RealCall.java:229)
08-05 19:58:12.676 29070  3081 E baseline.com.newsblur.network.APIResponse: 	at okhttp3.RealCall.execute(RealCall.java:81)
08-05 19:58:12.676 29070  3081 E baseline.com.newsblur.network.APIResponse: 	at baseline.com.newsblur.network.APIResponse.<init>(APIResponse.java:57)
08-05 19:58:12.676 29070  3081 E baseline.com.newsblur.network.APIResponse: 	at baseline.com.newsblur.network.APIResponse.<init>(APIResponse.java:43)
08-05 19:58:12.676 29070  3081 E baseline.com.newsblur.network.APIResponse: 	at baseline.com.newsblur.network.APIManager.post_single(APIManager.java:702)
08-05 19:58:12.676 29070  3081 E baseline.com.newsblur.network.APIResponse: 	at baseline.com.newsblur.network.APIManager.post(APIManager.java:675)
08-05 19:58:12.676 29070  3081 E baseline.com.newsblur.network.APIResponse: 	at baseline.com.newsblur.network.APIManager.post(APIManager.java:714)
08-05 19:58:12.676 29070  3081 E baseline.com.newsblur.network.APIResponse: 	at baseline.com.newsblur.network.APIManager.markStoryAsRead(APIManager.java:205)
08-05 19:58:12.676 29070  3081 E baseline.com.newsblur.network.APIResponse: 	at baseline.com.newsblur.util.ReadingAction.doRemote(ReadingAction.java:281)
08-05 19:58:12.676 29070  3081 E baseline.com.newsblur.network.APIResponse: 	at baseline.com.newsblur.service.NBSyncService.syncActions(NBSyncService.java:400)
08-05 19:58:12.676 29070  3081 E baseline.com.newsblur.network.APIResponse: 	at baseline.com.newsblur.service.NBSyncService.doSync(NBSyncService.java:298)
08-05 19:58:12.676 29070  3081 E baseline.com.newsblur.network.APIResponse: 	at baseline.com.newsblur.service.NBSyncService.access$100(NBSyncService.java:67)
08-05 19:58:12.676 29070  3081 E baseline.com.newsblur.network.APIResponse: 	at baseline.com.newsblur.service.NBSyncService$1.run(NBSyncService.java:188)
08-05 19:58:12.676 29070  3081 E baseline.com.newsblur.network.APIResponse: 	at java.util.concurrent.ThreadPoolExecutor.runWorker(ThreadPoolExecutor.java:1113)
08-05 19:58:12.676 29070  3081 E baseline.com.newsblur.network.APIResponse: 	at java.util.concurrent.ThreadPoolExecutor$Worker.run(ThreadPoolExecutor.java:588)
08-05 19:58:12.676 29070  3081 E baseline.com.newsblur.network.APIResponse: 	at java.lang.Thread.run(Thread.java:818)
08-05 19:58:12.676 29070  3081 E baseline.com.newsblur.network.APIResponse: Caused by: java.io.EOFException: \n not found: limit=0 content=
08-05 19:58:12.676 29070  3081 E baseline.com.newsblur.network.APIResponse: 	at okio.RealBufferedSource.readUtf8LineStrict(RealBufferedSource.java:240)
08-05 19:58:12.676 29070  3081 E baseline.com.newsblur.network.APIResponse: 	at okhttp3.internal.http1.Http1ExchangeCodec.readHeaderLine(Http1ExchangeCodec.java:242)
08-05 19:58:12.676 29070  3081 E baseline.com.newsblur.network.APIResponse: 	at okhttp3.internal.http1.Http1ExchangeCodec.readResponseHeaders(Http1ExchangeCodec.java:213)
08-05 19:58:12.676 29070  3081 E baseline.com.newsblur.network.APIResponse: 	... 30 more
08-05 19:58:12.678 29070  3081 I baseline.com.newsblur.service.NBSyncService: Holding reading action with server-side or network error.
08-05 19:58:12.680 29070  3081 E SQLiteLog: (1032) statement aborts at 16: [UPDATE story_actions SET tried = tried + 1 WHERE _id = ?] 
