--------- beginning of main
08-05 18:04:00.702 12013 12013 I ServiceManager: Waiting for service AtCmdFwd...
08-05 18:04:01.209 13384 13384 D AndroidRuntime: >>>>>> START com.android.internal.os.RuntimeInit uid 2000 <<<<<<
08-05 18:04:01.215 13384 13384 D AndroidRuntime: CheckJNI is OFF
08-05 18:04:01.241 13384 13384 D ICU     : No timezone override file found: /data/misc/zoneinfo/current/icu/icu_tzdata.dat
08-05 18:04:01.269 13384 13384 I Radio-JNI: register_android_hardware_Radio DONE
08-05 18:04:01.286 13384 13384 D AndroidRuntime: Calling main entry com.android.commands.monkey.Monkey
--------- beginning of system
08-05 18:04:01.301   918   931 W BroadcastQueue: Skipping deliver [background] BroadcastRecord{c88a05f u-1 android.net.conn.CONNECTIVITY_CHANGE} to ReceiverList{f836aac 13384 (unknown name)/2000/u-1 remote:d6cd4b9}: process crashing
08-05 18:04:01.312   918  5481 I ActivityManager: START u0 {act=android.intent.action.MAIN cat=[android.intent.category.LAUNCHER] flg=0x10200000 cmp=baseline.com.newsblur/.activity.InitActivity} from uid 2000 on display 0
08-05 18:04:01.348 13384 13384 I art     : System.exit called, status: 0
08-05 18:04:01.348 13384 13384 I AndroidRuntime: VM exiting with result code 0.
08-05 18:04:01.419  9544  9544 I baseline.com.newsblur.activity.InitActivity: cold launching version 9.0b1
08-05 18:04:01.421 16458 15483 I PBSessionCacheImpl: Deleted sessionId[72384646105454640] from persistence.
08-05 18:04:01.427  9544 13395 D OpenGLRenderer: Use EGL_SWAP_BEHAVIOR_PRESERVED: true
08-05 18:04:01.429 16458 16488 W SearchServiceCore: Abort, client detached.
08-05 18:04:01.430 16458 16488 I MicroDetectionState: Should stop hotword detection immediately - true
08-05 18:04:01.465  9544 13395 I Adreno  : QUALCOMM build                   : fcf4852, I1af360237c
08-05 18:04:01.465  9544 13395 I Adreno  : Build Date                       : 09/23/15
08-05 18:04:01.465  9544 13395 I Adreno  : OpenGL ES Shader Compiler Version: XE031.05.13.02
08-05 18:04:01.465  9544 13395 I Adreno  : Local Branch                     : mybranch14465806
08-05 18:04:01.465  9544 13395 I Adreno  : Remote Branch                    : quic/LA.BF64.1.2.9_v2
08-05 18:04:01.465  9544 13395 I Adreno  : Remote Branch                    : NONE
08-05 18:04:01.465  9544 13395 I Adreno  : Reconstruct Branch               : NOTHING
08-05 18:04:01.471  9544 13395 I OpenGLRenderer: Initialized EGL, version 1.4
08-05 18:04:01.478   918  3696 I ActivityManager: START u0 {cmp=baseline.com.newsblur/.activity.Main} from uid 10676 on display 0
08-05 18:04:01.497   918  3714 W InputMethodManagerService: Focus gain on non-focused client com.android.internal.view.IInputMethodClient$Stub$Proxy@95b2574 (uid=10676 pid=9544)
08-05 18:04:01.703 12013 12013 I ServiceManager: Waiting for service AtCmdFwd...
08-05 18:04:01.733  9544  9544 I art     : Rejecting re-init on previously-failed class java.lang.Class<androidx.core.view.ViewCompat$OnUnhandledKeyEventListenerWrapper>
08-05 18:04:01.733  9544  9544 I art     : Rejecting re-init on previously-failed class java.lang.Class<androidx.core.view.ViewCompat$OnUnhandledKeyEventListenerWrapper>
08-05 18:04:01.770  9544  9544 E BitmapFactory: Unable to decode stream: java.io.FileNotFoundException: /data/user/0/baseline.com.newsblur/cache/userProfilePicture: open failed: ENOENT (No such file or directory)
08-05 18:04:01.905  9544 13403 I baseline.com.newsblur.service.NBSyncService: ready to sync feed list
08-05 18:04:02.036   918   936 I ActivityManager: Displayed baseline.com.newsblur/.activity.Main: +537ms (total +713ms)
08-05 18:04:02.050 13866 13866 I GoogleInputMethodServic: GoogleInputMethodService.onFinishInput():3138 
08-05 18:04:02.051 13866 13866 I GoogleInputMethodServic: GoogleInputMethodService.onStartInput():1808 
08-05 18:04:02.476  9544 13403 I NAPPA_EXPERIMENTATION: MetricNetworkRequestExecutionTime: REQUEST_DURATION_SYSTEM='568',REQUEST_DURATION_OKHTTP='41',REQUEST_SYNCHRONOUS='TRUE',RESPONSE_CODE='200',RESPONSE_METHOD='GET',RESPONSE_LENGTH_OKHTTP='-1',RESPONSE_LENGTH_HEADER='-2',REQUEST_PROTOCOL='http/1.1',REQUEST_URL='https://www.newsblur.com/reader/feeds/?update_counts=true',
08-05 18:04:02.476  9544 13403 D MY_TAG  : 0, 568
08-05 18:04:02.515  9544 13403 I baseline.com.newsblur.service.NBSyncService: got feed list: 1 feeds in  conn:568 read:3 parse:4 store:30
08-05 18:04:02.532  9544 13421 I baseline.com.newsblur.util.FileCache: have 0 files
08-05 18:04:02.532  9544 13421 I baseline.com.newsblur.util.FileCache: cleaned up 0 files
08-05 18:04:02.703 12013 12013 W Atfwd_Sendcmd: AtCmdFwd service not published, waiting... retryCnt : 4
08-05 18:04:02.880 13423 13423 D AndroidRuntime: >>>>>> START com.android.internal.os.RuntimeInit uid 2000 <<<<<<
08-05 18:04:02.885 13423 13423 D AndroidRuntime: CheckJNI is OFF
08-05 18:04:02.917 13423 13423 D ICU     : No timezone override file found: /data/misc/zoneinfo/current/icu/icu_tzdata.dat
08-05 18:04:02.943 13423 13423 I Radio-JNI: register_android_hardware_Radio DONE
08-05 18:04:02.959 13423 13423 D AndroidRuntime: Calling main entry com.android.commands.am.Am
08-05 18:04:02.969 16924 16924 I Trepn   : Trepn 6.2s: Received intent: com.quicinc.trepn.start_profiling
08-05 18:04:03.031  9544 13420 I NAPPA_EXPERIMENTATION: MetricNetworkRequestExecutionTime: REQUEST_DURATION_SYSTEM='510',REQUEST_DURATION_OKHTTP='39',REQUEST_SYNCHRONOUS='TRUE',RESPONSE_CODE='200',RESPONSE_METHOD='GET',RESPONSE_LENGTH_OKHTTP='-1',RESPONSE_LENGTH_HEADER='-2',REQUEST_PROTOCOL='http/1.1',REQUEST_URL='https://www.newsblur.com/reader/unread_story_hashes?include_timestamps=1',
08-05 18:04:03.031  9544 13420 D MY_TAG  : 0, 510
08-05 18:04:03.044  9544 13420 I baseline.com.newsblur.service.UnreadsService: starting unread count: 0
08-05 18:04:03.045  9544 13420 I baseline.com.newsblur.service.UnreadsService: new unread count:      0
08-05 18:04:03.045  9544 13420 I baseline.com.newsblur.service.UnreadsService: new unreads found:     0
08-05 18:04:03.045  9544 13420 I baseline.com.newsblur.service.UnreadsService: unreads to retire:     0
08-05 18:04:03.075 16924 16924 W FileUtils: Failed to chmod(/storage/emulated/0/trepn/Trepn_2020.08.05_180402.db): android.system.ErrnoException: chmod failed: EPERM (Operation not permitted)
08-05 18:04:03.156 16924 16924 I Trepn   : Trepn 6.2s: Trepn has Started Profiling.
08-05 18:04:03.158 13423 13423 D AndroidRuntime: Shutting down VM
08-05 18:04:03.629  9544  9573 I art     : Starting a blocking GC Explicit
08-05 18:04:03.653  9544  9573 I art     : Explicit concurrent mark sweep GC freed 33115(2MB) AllocSpace objects, 53(1380KB) LOS objects, 37% free, 26MB/42MB, paused 204us total 23.294ms
08-05 18:04:03.660  9544  9573 I art     : Starting a blocking GC Explicit
08-05 18:04:03.674  9544  9573 I art     : Explicit concurrent mark sweep GC freed 2548(202KB) AllocSpace objects, 0(0B) LOS objects, 38% free, 26MB/42MB, paused 191us total 13.202ms
08-05 18:04:03.680  9544  9573 I art     : Starting a blocking GC Explicit
08-05 18:04:03.692  9544  9573 I art     : Explicit concurrent mark sweep GC freed 7(288B) AllocSpace objects, 0(0B) LOS objects, 38% free, 26MB/42MB, paused 186us total 11.346ms
08-05 18:04:03.698  9544  9573 I art     : Starting a blocking GC Explicit
08-05 18:04:03.709  9544  9573 I art     : Explicit concurrent mark sweep GC freed 3(96B) AllocSpace objects, 0(0B) LOS objects, 38% free, 26MB/42MB, paused 174us total 11.233ms
08-05 18:04:03.715  9544  9573 I art     : Starting a blocking GC Explicit
08-05 18:04:03.727  9544  9573 I art     : Explicit concurrent mark sweep GC freed 3(96B) AllocSpace objects, 0(0B) LOS objects, 38% free, 26MB/42MB, paused 193us total 11.542ms
08-05 18:04:04.015  9544  9570 I art     : Starting a blocking GC Explicit
08-05 18:04:04.037  9544  9570 I art     : Explicit concurrent mark sweep GC freed 1391(80KB) AllocSpace objects, 1(20KB) LOS objects, 38% free, 26MB/42MB, paused 256us total 21.655ms
08-05 18:04:04.048  9544  9570 I art     : Starting a blocking GC Explicit
08-05 18:04:04.061  9544  9570 I art     : Explicit concurrent mark sweep GC freed 20(704B) AllocSpace objects, 0(0B) LOS objects, 38% free, 26MB/42MB, paused 179us total 12.564ms
08-05 18:04:04.067  9544  9570 I art     : Starting a blocking GC Explicit
08-05 18:04:04.079  9544  9570 I art     : Explicit concurrent mark sweep GC freed 3(96B) AllocSpace objects, 0(0B) LOS objects, 38% free, 26MB/42MB, paused 171us total 11.174ms
08-05 18:04:04.085  9544  9570 I art     : Starting a blocking GC Explicit
08-05 18:04:04.096  9544  9570 I art     : Explicit concurrent mark sweep GC freed 3(96B) AllocSpace objects, 0(0B) LOS objects, 38% free, 26MB/42MB, paused 173us total 11.255ms
08-05 18:04:04.102  9544  9570 I art     : Starting a blocking GC Explicit
08-05 18:04:04.114  9544  9570 I art     : Explicit concurrent mark sweep GC freed 3(96B) AllocSpace objects, 0(0B) LOS objects, 38% free, 26MB/42MB, paused 178us total 11.675ms
08-05 18:04:04.379  9544  9573 I art     : Starting a blocking GC Explicit
08-05 18:04:04.394  9544  9573 I art     : Explicit concurrent mark sweep GC freed 1381(80KB) AllocSpace objects, 1(20KB) LOS objects, 38% free, 26MB/42MB, paused 220us total 14.669ms
08-05 18:04:04.403  9544  9573 I art     : Starting a blocking GC Explicit
08-05 18:04:04.415  9544  9573 I art     : Explicit concurrent mark sweep GC freed 20(704B) AllocSpace objects, 0(0B) LOS objects, 38% free, 26MB/42MB, paused 176us total 11.664ms
08-05 18:04:04.421  9544  9573 I art     : Starting a blocking GC Explicit
08-05 18:04:04.434  9544  9573 I art     : Explicit concurrent mark sweep GC freed 3(96B) AllocSpace objects, 0(0B) LOS objects, 38% free, 26MB/42MB, paused 181us total 12.133ms
08-05 18:04:04.440  9544  9573 I art     : Starting a blocking GC Explicit
08-05 18:04:04.451  9544  9573 I art     : Explicit concurrent mark sweep GC freed 3(96B) AllocSpace objects, 0(0B) LOS objects, 38% free, 26MB/42MB, paused 180us total 11.206ms
08-05 18:04:04.457  9544  9573 I art     : Starting a blocking GC Explicit
08-05 18:04:04.469  9544  9573 I art     : Explicit concurrent mark sweep GC freed 3(96B) AllocSpace objects, 0(0B) LOS objects, 38% free, 26MB/42MB, paused 175us total 11.261ms
08-05 18:04:04.761  9544  9570 I art     : Starting a blocking GC Explicit
08-05 18:04:04.779  9544  9570 I art     : Explicit concurrent mark sweep GC freed 1379(80KB) AllocSpace objects, 1(20KB) LOS objects, 38% free, 26MB/42MB, paused 214us total 17.349ms
08-05 18:04:04.789  9544  9570 I art     : Starting a blocking GC Explicit
08-05 18:04:04.801  9544  9570 I art     : Explicit concurrent mark sweep GC freed 20(704B) AllocSpace objects, 0(0B) LOS objects, 38% free, 26MB/42MB, paused 184us total 12.393ms
08-05 18:04:04.808  9544  9570 I art     : Starting a blocking GC Explicit
08-05 18:04:04.820  9544  9570 I art     : Explicit concurrent mark sweep GC freed 3(96B) AllocSpace objects, 0(0B) LOS objects, 38% free, 26MB/42MB, paused 162us total 11.831ms
08-05 18:04:04.826  9544  9570 I art     : Starting a blocking GC Explicit
08-05 18:04:04.837  9544  9570 I art     : Explicit concurrent mark sweep GC freed 3(96B) AllocSpace objects, 0(0B) LOS objects, 38% free, 26MB/42MB, paused 166us total 11.148ms
08-05 18:04:04.844  9544  9570 I art     : Starting a blocking GC Explicit
08-05 18:04:04.855  9544  9570 I art     : Explicit concurrent mark sweep GC freed 3(96B) AllocSpace objects, 0(0B) LOS objects, 38% free, 26MB/42MB, paused 166us total 11.266ms
08-05 18:04:05.168  9544  9573 I art     : Starting a blocking GC Explicit
08-05 18:04:05.184  9544  9573 I art     : Explicit concurrent mark sweep GC freed 1379(80KB) AllocSpace objects, 1(20KB) LOS objects, 38% free, 26MB/42MB, paused 245us total 15.478ms
08-05 18:04:05.194  9544  9573 I art     : Starting a blocking GC Explicit
08-05 18:04:05.209  9544  9573 I art     : Explicit concurrent mark sweep GC freed 20(704B) AllocSpace objects, 0(0B) LOS objects, 38% free, 26MB/42MB, paused 203us total 14.966ms
08-05 18:04:05.217  9544  9573 I art     : Starting a blocking GC Explicit
08-05 18:04:05.229  9544  9573 I art     : Explicit concurrent mark sweep GC freed 3(96B) AllocSpace objects, 0(0B) LOS objects, 38% free, 26MB/42MB, paused 189us total 11.859ms
08-05 18:04:05.236  9544  9573 I art     : Starting a blocking GC Explicit
08-05 18:04:05.247  9544  9573 I art     : Explicit concurrent mark sweep GC freed 3(96B) AllocSpace objects, 0(0B) LOS objects, 38% free, 26MB/42MB, paused 179us total 11.514ms
08-05 18:04:05.254  9544  9573 I art     : Starting a blocking GC Explicit
08-05 18:04:05.265  9544  9573 I art     : Explicit concurrent mark sweep GC freed 3(96B) AllocSpace objects, 0(0B) LOS objects, 38% free, 26MB/42MB, paused 209us total 11.102ms
08-05 18:04:05.580  9544  9570 I art     : Starting a blocking GC Explicit
08-05 18:04:05.596  9544  9570 I art     : Explicit concurrent mark sweep GC freed 1378(80KB) AllocSpace objects, 1(20KB) LOS objects, 38% free, 26MB/42MB, paused 227us total 15.703ms
08-05 18:04:05.606  9544  9570 I art     : Starting a blocking GC Explicit
08-05 18:04:05.618  9544  9570 I art     : Explicit concurrent mark sweep GC freed 20(704B) AllocSpace objects, 0(0B) LOS objects, 38% free, 26MB/42MB, paused 165us total 12.059ms
08-05 18:04:05.624  9544  9570 I art     : Starting a blocking GC Explicit
08-05 18:04:05.636  9544  9570 I art     : Explicit concurrent mark sweep GC freed 3(96B) AllocSpace objects, 0(0B) LOS objects, 38% free, 26MB/42MB, paused 175us total 11.358ms
08-05 18:04:05.642  9544  9570 I art     : Starting a blocking GC Explicit
08-05 18:04:05.653  9544  9570 I art     : Explicit concurrent mark sweep GC freed 3(96B) AllocSpace objects, 0(0B) LOS objects, 38% free, 26MB/42MB, paused 173us total 11.373ms
08-05 18:04:05.660  9544  9570 I art     : Starting a blocking GC Explicit
08-05 18:04:05.671  9544  9570 I art     : Explicit concurrent mark sweep GC freed 3(96B) AllocSpace objects, 0(0B) LOS objects, 38% free, 26MB/42MB, paused 176us total 11.306ms
08-05 18:04:05.974  9544  9573 I art     : Starting a blocking GC Explicit
08-05 18:04:05.994  9544  9573 I art     : Explicit concurrent mark sweep GC freed 1378(80KB) AllocSpace objects, 1(20KB) LOS objects, 38% free, 26MB/42MB, paused 223us total 19.789ms
08-05 18:04:06.005  9544  9573 I art     : Starting a blocking GC Explicit
08-05 18:04:06.019  9544  9573 I art     : Explicit concurrent mark sweep GC freed 20(704B) AllocSpace objects, 0(0B) LOS objects, 38% free, 26MB/42MB, paused 180us total 13.077ms
08-05 18:04:06.024  9544  9573 I art     : Starting a blocking GC Explicit
08-05 18:04:06.036  9544  9573 I art     : Explicit concurrent mark sweep GC freed 3(96B) AllocSpace objects, 0(0B) LOS objects, 38% free, 26MB/42MB, paused 183us total 11.168ms
08-05 18:04:06.042  9544  9573 I art     : Starting a blocking GC Explicit
08-05 18:04:06.053  9544  9573 I art     : Explicit concurrent mark sweep GC freed 3(96B) AllocSpace objects, 0(0B) LOS objects, 38% free, 26MB/42MB, paused 171us total 10.861ms
08-05 18:04:06.059  9544  9573 I art     : Starting a blocking GC Explicit
08-05 18:04:06.071  9544  9573 I art     : Explicit concurrent mark sweep GC freed 3(96B) AllocSpace objects, 0(0B) LOS objects, 38% free, 26MB/42MB, paused 183us total 11.371ms
08-05 18:04:06.387  9544  9570 I art     : Starting a blocking GC Explicit
08-05 18:04:06.406  9544  9570 I art     : Explicit concurrent mark sweep GC freed 1378(80KB) AllocSpace objects, 1(20KB) LOS objects, 38% free, 26MB/42MB, paused 228us total 19.008ms
08-05 18:04:06.416  9544  9570 I art     : Starting a blocking GC Explicit
08-05 18:04:06.432  9544  9570 I art     : Explicit concurrent mark sweep GC freed 20(704B) AllocSpace objects, 0(0B) LOS objects, 38% free, 26MB/42MB, paused 190us total 14.843ms
08-05 18:04:06.439  9544  9570 I art     : Starting a blocking GC Explicit
08-05 18:04:06.451  9544  9570 I art     : Explicit concurrent mark sweep GC freed 3(96B) AllocSpace objects, 0(0B) LOS objects, 38% free, 26MB/42MB, paused 170us total 11.672ms
08-05 18:04:06.457  9544  9570 I art     : Starting a blocking GC Explicit
08-05 18:04:06.469  9544  9570 I art     : Explicit concurrent mark sweep GC freed 3(96B) AllocSpace objects, 0(0B) LOS objects, 38% free, 26MB/42MB, paused 175us total 11.867ms
08-05 18:04:06.476  9544  9570 I art     : Starting a blocking GC Explicit
08-05 18:04:06.488  9544  9570 I art     : Explicit concurrent mark sweep GC freed 3(96B) AllocSpace objects, 0(0B) LOS objects, 38% free, 26MB/42MB, paused 172us total 11.335ms
08-05 18:04:06.785   918   918 I ActivityManager: Start proc 13540:nappatfpr.com.newsblur/u0a682 for service nappatfpr.com.newsblur/.service.NBSyncService
08-05 18:04:06.785 13540 13540 I art     : Late-enabling -Xcheck:jni
08-05 18:04:06.812  9544  9570 I art     : Starting a blocking GC Explicit
08-05 18:04:06.824 13540 13540 W System  : ClassLoader referenced unknown path: /data/app/nappatfpr.com.newsblur-1/lib/arm64
08-05 18:04:06.827  9544  9570 I art     : Explicit concurrent mark sweep GC freed 3975(408KB) AllocSpace objects, 18(360KB) LOS objects, 37% free, 26MB/42MB, paused 272us total 15.128ms
08-05 18:04:06.833  9544  9570 I art     : Starting a blocking GC Explicit
08-05 18:04:06.844  9544  9570 I art     : Explicit concurrent mark sweep GC freed 240(10KB) AllocSpace objects, 0(0B) LOS objects, 38% free, 26MB/42MB, paused 192us total 11.037ms
08-05 18:04:06.850  9544  9570 I art     : Starting a blocking GC Explicit
08-05 18:04:06.860  9544  9570 I art     : Explicit concurrent mark sweep GC freed 17(720B) AllocSpace objects, 0(0B) LOS objects, 38% free, 26MB/42MB, paused 197us total 9.943ms
08-05 18:04:06.865  9544  9570 I art     : Starting a blocking GC Explicit
08-05 18:04:06.876  9544  9570 I art     : Explicit concurrent mark sweep GC freed 3(96B) AllocSpace objects, 0(0B) LOS objects, 38% free, 26MB/42MB, paused 168us total 10.584ms
08-05 18:04:06.881  9544  9570 I art     : Starting a blocking GC Explicit
08-05 18:04:06.892  9544  9570 I art     : Explicit concurrent mark sweep GC freed 3(96B) AllocSpace objects, 0(0B) LOS objects, 38% free, 26MB/42MB, paused 174us total 10.282ms
08-05 18:04:07.207  9544  9573 I art     : Starting a blocking GC Explicit
08-05 18:04:07.228  9544  9573 I art     : Explicit concurrent mark sweep GC freed 1379(80KB) AllocSpace objects, 1(20KB) LOS objects, 38% free, 26MB/42MB, paused 250us total 20.880ms
08-05 18:04:07.239  9544  9573 I art     : Starting a blocking GC Explicit
08-05 18:04:07.255  9544  9573 I art     : Explicit concurrent mark sweep GC freed 20(704B) AllocSpace objects, 0(0B) LOS objects, 38% free, 26MB/42MB, paused 202us total 14.862ms
08-05 18:04:07.263  9544  9573 I art     : Starting a blocking GC Explicit
08-05 18:04:07.275  9544  9573 I art     : Explicit concurrent mark sweep GC freed 3(96B) AllocSpace objects, 0(0B) LOS objects, 38% free, 26MB/42MB, paused 197us total 11.664ms
08-05 18:04:07.281  9544  9573 I art     : Starting a blocking GC Explicit
08-05 18:04:07.293  9544  9573 I art     : Explicit concurrent mark sweep GC freed 3(96B) AllocSpace objects, 0(0B) LOS objects, 38% free, 26MB/42MB, paused 194us total 11.630ms
08-05 18:04:07.299  9544  9573 I art     : Starting a blocking GC Explicit
08-05 18:04:07.311  9544  9573 I art     : Explicit concurrent mark sweep GC freed 3(96B) AllocSpace objects, 0(0B) LOS objects, 38% free, 26MB/42MB, paused 183us total 11.729ms
08-05 18:04:07.629  9544  9570 I art     : Starting a blocking GC Explicit
08-05 18:04:07.641  9544  9570 I art     : Explicit concurrent mark sweep GC freed 1377(80KB) AllocSpace objects, 1(20KB) LOS objects, 38% free, 26MB/42MB, paused 203us total 12.102ms
08-05 18:04:07.648  9544  9570 I art     : Starting a blocking GC Explicit
08-05 18:04:07.658  9544  9570 I art     : Explicit concurrent mark sweep GC freed 20(704B) AllocSpace objects, 0(0B) LOS objects, 38% free, 26MB/42MB, paused 171us total 10.352ms
08-05 18:04:07.664  9544  9570 I art     : Starting a blocking GC Explicit
08-05 18:04:07.674  9544  9570 I art     : Explicit concurrent mark sweep GC freed 3(96B) AllocSpace objects, 0(0B) LOS objects, 38% free, 26MB/42MB, paused 168us total 10.386ms
08-05 18:04:07.680  9544  9570 I art     : Starting a blocking GC Explicit
08-05 18:04:07.690  9544  9570 I art     : Explicit concurrent mark sweep GC freed 3(96B) AllocSpace objects, 0(0B) LOS objects, 38% free, 26MB/42MB, paused 170us total 9.949ms
08-05 18:04:07.695  9544  9570 I art     : Starting a blocking GC Explicit
08-05 18:04:07.706  9544  9570 I art     : Explicit concurrent mark sweep GC freed 3(96B) AllocSpace objects, 0(0B) LOS objects, 38% free, 26MB/42MB, paused 166us total 10.008ms
08-05 18:04:07.971  9544  9573 I art     : Starting a blocking GC Explicit
08-05 18:04:07.986  9544  9573 I art     : Explicit concurrent mark sweep GC freed 1378(80KB) AllocSpace objects, 1(20KB) LOS objects, 38% free, 26MB/42MB, paused 221us total 14.495ms
08-05 18:04:07.993  9544  9573 I art     : Starting a blocking GC Explicit
08-05 18:04:08.006  9544  9573 I art     : Explicit concurrent mark sweep GC freed 20(704B) AllocSpace objects, 0(0B) LOS objects, 38% free, 26MB/42MB, paused 206us total 12.795ms
08-05 18:04:08.012  9544  9573 I art     : Starting a blocking GC Explicit
08-05 18:04:08.023  9544  9573 I art     : Explicit concurrent mark sweep GC freed 3(96B) AllocSpace objects, 0(0B) LOS objects, 38% free, 26MB/42MB, paused 191us total 11.140ms
08-05 18:04:08.029  9544  9573 I art     : Starting a blocking GC Explicit
08-05 18:04:08.041  9544  9573 I art     : Explicit concurrent mark sweep GC freed 3(96B) AllocSpace objects, 0(0B) LOS objects, 38% free, 26MB/42MB, paused 189us total 11.394ms
08-05 18:04:08.047  9544  9573 I art     : Starting a blocking GC Explicit
08-05 18:04:08.057  9544  9573 I art     : Explicit concurrent mark sweep GC freed 3(96B) AllocSpace objects, 0(0B) LOS objects, 38% free, 26MB/42MB, paused 175us total 10.251ms
08-05 18:04:08.298 13596 13596 D AndroidRuntime: >>>>>> START com.android.internal.os.RuntimeInit uid 2000 <<<<<<
08-05 18:04:08.303 13596 13596 D AndroidRuntime: CheckJNI is OFF
08-05 18:04:08.317  9544  9570 I art     : Starting a blocking GC Explicit
08-05 18:04:08.329  9544  9570 I art     : Explicit concurrent mark sweep GC freed 1378(80KB) AllocSpace objects, 1(20KB) LOS objects, 38% free, 26MB/42MB, paused 192us total 11.848ms
08-05 18:04:08.330 13596 13596 D ICU     : No timezone override file found: /data/misc/zoneinfo/current/icu/icu_tzdata.dat
08-05 18:04:08.336  9544  9570 I art     : Starting a blocking GC Explicit
08-05 18:04:08.347  9544  9570 I art     : Explicit concurrent mark sweep GC freed 20(704B) AllocSpace objects, 0(0B) LOS objects, 38% free, 26MB/42MB, paused 201us total 11.183ms
08-05 18:04:08.353  9544  9570 I art     : Starting a blocking GC Explicit
08-05 18:04:08.356 13596 13596 I Radio-JNI: register_android_hardware_Radio DONE
08-05 18:04:08.364  9544  9570 I art     : Explicit concurrent mark sweep GC freed 3(96B) AllocSpace objects, 0(0B) LOS objects, 38% free, 26MB/42MB, paused 189us total 11.020ms
08-05 18:04:08.370  9544  9570 I art     : Starting a blocking GC Explicit
08-05 18:04:08.373 13596 13596 D AndroidRuntime: Calling main entry com.android.commands.input.Input
08-05 18:04:08.374 13596 13596 I Input   : injectMotionEvent: MotionEvent { action=ACTION_DOWN, actionButton=0, id[0]=0, x[0]=594.0, y[0]=330.0, toolType[0]=TOOL_TYPE_UNKNOWN, buttonState=0, metaState=0, flags=0x0, edgeFlags=0x0, pointerCount=1, historySize=0, eventTime=813864787, downTime=813864787, deviceId=0, source=0x1002 }
08-05 18:04:08.381 13596 13596 I Input   : injectMotionEvent: MotionEvent { action=ACTION_UP, actionButton=0, id[0]=0, x[0]=594.0, y[0]=330.0, toolType[0]=TOOL_TYPE_UNKNOWN, buttonState=0, metaState=0, flags=0x0, edgeFlags=0x0, pointerCount=1, historySize=0, eventTime=813864787, downTime=813864787, deviceId=0, source=0x1002 }
08-05 18:04:08.381  9544  9570 I art     : Explicit concurrent mark sweep GC freed 3(96B) AllocSpace objects, 0(0B) LOS objects, 38% free, 26MB/42MB, paused 180us total 11.211ms
08-05 18:04:08.382 13596 13596 D AndroidRuntime: Shutting down VM
08-05 18:04:08.387  9544  9570 I art     : Starting a blocking GC Explicit
08-05 18:04:08.398  9544  9570 I art     : Explicit concurrent mark sweep GC freed 53(2448B) AllocSpace objects, 0(0B) LOS objects, 38% free, 26MB/42MB, paused 191us total 11.159ms
08-05 18:04:08.450   918  3696 I ActivityManager: START u0 {cmp=baseline.com.newsblur/.activity.GlobalSharedStoriesItemsList (has extras)} from uid 10676 on display 0
08-05 18:04:08.474  9544 13619 I baseline.com.newsblur.database.BlurDatabaseHelper: reading session reset
08-05 18:04:08.599  9544  9544 W View    : requestLayout() improperly called by android.widget.FrameLayout{84c6b0e V.E...... ......ID 0,0-1440,0 #7f07003f app:id/footer_view_inner} during layout: running second layout pass
08-05 18:04:08.599  9544  9544 W View    : requestLayout() improperly called by android.widget.FrameLayout{bfc092f V.E...... ......ID 0,0-1440,2091 #7f07003f app:id/footer_view_inner} during layout: running second layout pass
08-05 18:04:08.616  9544  9573 I art     : Starting a blocking GC Explicit
08-05 18:04:08.619   918   936 I ActivityManager: Displayed baseline.com.newsblur/.activity.GlobalSharedStoriesItemsList: +157ms
08-05 18:04:08.619 13866 13866 I GoogleInputMethodServic: GoogleInputMethodService.onFinishInput():3138 
08-05 18:04:08.620 13866 13866 I GoogleInputMethodServic: GoogleInputMethodService.onStartInput():1808 
08-05 18:04:08.639  9544  9573 I art     : Explicit concurrent mark sweep GC freed 8422(703KB) AllocSpace objects, 14(404KB) LOS objects, 36% free, 27MB/43MB, paused 403us total 21.903ms
08-05 18:04:08.647  9544  9573 I art     : Starting a blocking GC Explicit
08-05 18:04:08.659  9544  9573 I art     : Explicit concurrent mark sweep GC freed 508(22KB) AllocSpace objects, 0(0B) LOS objects, 36% free, 27MB/43MB, paused 278us total 12.111ms
08-05 18:04:08.665  9544  9573 I art     : Starting a blocking GC Explicit
08-05 18:04:08.677  9544  9573 I art     : Explicit concurrent mark sweep GC freed 3(96B) AllocSpace objects, 0(0B) LOS objects, 36% free, 27MB/43MB, paused 281us total 11.690ms
08-05 18:04:08.683  9544  9573 I art     : Starting a blocking GC Explicit
08-05 18:04:08.695  9544  9573 I art     : Explicit concurrent mark sweep GC freed 3(96B) AllocSpace objects, 0(0B) LOS objects, 36% free, 27MB/43MB, paused 300us total 11.729ms
08-05 18:04:08.702  9544  9573 I art     : Starting a blocking GC Explicit
08-05 18:04:08.714  9544  9573 I art     : Explicit concurrent mark sweep GC freed 21(1856B) AllocSpace objects, 0(0B) LOS objects, 36% free, 27MB/43MB, paused 277us total 12.568ms
08-05 18:04:08.719   518   646 I ThermalEngine: ACTION: GPU - Setting GPU[0] to 510000000
08-05 18:04:08.959  9544 13631 I art     : Starting a blocking GC Explicit
08-05 18:04:08.975  9544 13631 I art     : Explicit concurrent mark sweep GC freed 1779(112KB) AllocSpace objects, 2(40KB) LOS objects, 36% free, 27MB/43MB, paused 339us total 15.813ms
08-05 18:04:08.983  9544 13631 I art     : Starting a blocking GC Explicit
08-05 18:04:08.998  9544 13631 I art     : Explicit concurrent mark sweep GC freed 31(1136B) AllocSpace objects, 0(0B) LOS objects, 36% free, 27MB/43MB, paused 344us total 15.060ms
08-05 18:04:09.005  9544 13631 I art     : Starting a blocking GC Explicit
08-05 18:04:09.020  9544 13631 I art     : Explicit concurrent mark sweep GC freed 4(128B) AllocSpace objects, 0(0B) LOS objects, 36% free, 27MB/43MB, paused 331us total 14.907ms
08-05 18:04:09.028  9544 13631 I art     : Starting a blocking GC Explicit
08-05 18:04:09.043  9544 13631 I art     : Explicit concurrent mark sweep GC freed 4(128B) AllocSpace objects, 0(0B) LOS objects, 36% free, 27MB/43MB, paused 328us total 15.286ms
08-05 18:04:09.050  9544 13631 I art     : Starting a blocking GC Explicit
08-05 18:04:09.066  9544 13631 I art     : Explicit concurrent mark sweep GC freed 5(160B) AllocSpace objects, 0(0B) LOS objects, 36% free, 27MB/43MB, paused 328us total 15.065ms
08-05 18:04:09.190  9544 13633 I NAPPA_EXPERIMENTATION: MetricNetworkRequestExecutionTime: REQUEST_DURATION_SYSTEM='558',REQUEST_DURATION_OKHTTP='41',REQUEST_SYNCHRONOUS='TRUE',RESPONSE_CODE='200',RESPONSE_METHOD='GET',RESPONSE_LENGTH_OKHTTP='-1',RESPONSE_LENGTH_HEADER='13047',REQUEST_PROTOCOL='http/1.1',REQUEST_URL='https://www.newsblur.com/social/river_stories?order=newest&page=1&read_filter=all&global_feed=true',
08-05 18:04:09.191  9544 13633 D MY_TAG  : 0, 558
08-05 18:04:09.313  9544  9570 I art     : Starting a blocking GC Explicit
08-05 18:04:09.339  9544  9570 I art     : Explicit concurrent mark sweep GC freed 36383(2MB) AllocSpace objects, 40(1156KB) LOS objects, 36% free, 28MB/44MB, paused 478us total 25.532ms
08-05 18:04:09.347  9544  9570 I art     : Starting a blocking GC Explicit
08-05 18:04:09.365  9544  9570 I art     : Explicit concurrent mark sweep GC freed 2831(246KB) AllocSpace objects, 3(60KB) LOS objects, 36% free, 27MB/43MB, paused 791us total 17.304ms
08-05 18:04:09.373  9544  9570 I art     : Starting a blocking GC Explicit
08-05 18:04:09.390  9544  9570 I art     : Explicit concurrent mark sweep GC freed 975(56KB) AllocSpace objects, 2(40KB) LOS objects, 36% free, 28MB/44MB, paused 781us total 17.440ms
08-05 18:04:09.398  9544  9570 I art     : Starting a blocking GC Explicit
08-05 18:04:09.405   918  3261 D WifiStateMachine: starting scan for "H369AA63323"WPA_PSK with 2412,5180
08-05 18:04:09.419  9544  9570 I art     : Explicit concurrent mark sweep GC freed 1887(156KB) AllocSpace objects, 2(40KB) LOS objects, 36% free, 28MB/44MB, paused 2.189ms total 21.001ms
08-05 18:04:09.427  9544  9570 I art     : Starting a blocking GC Explicit
08-05 18:04:09.446  9544  9570 I art     : Explicit concurrent mark sweep GC freed 270(15KB) AllocSpace objects, 0(0B) LOS objects, 36% free, 28MB/44MB, paused 654us total 18.835ms
08-05 18:04:09.525  9544 13664 I NAPPA_EXPERIMENTATION: MetricNetworkRequestExecutionTime: REQUEST_DURATION_SYSTEM='111',REQUEST_DURATION_OKHTTP='67',REQUEST_SYNCHRONOUS='TRUE',RESPONSE_CODE='200',RESPONSE_METHOD='GET',RESPONSE_LENGTH_OKHTTP='43',RESPONSE_LENGTH_HEADER='43',REQUEST_PROTOCOL='http/1.1',REQUEST_URL='http://feeds.feedburner.com/~r/retort/~4/UffaFMiJbNs',
08-05 18:04:09.735  9544  9573 I art     : Starting a blocking GC Explicit
08-05 18:04:09.761  9544  9573 I art     : Explicit concurrent mark sweep GC freed 12678(646KB) AllocSpace objects, 5(240KB) LOS objects, 36% free, 28MB/44MB, paused 1.276ms total 25.555ms
08-05 18:04:09.771  9544  9573 I art     : Starting a blocking GC Explicit
08-05 18:04:09.792  9544  9573 I art     : Explicit concurrent mark sweep GC freed 4294(245KB) AllocSpace objects, 0(0B) LOS objects, 36% free, 28MB/44MB, paused 634us total 20.927ms
08-05 18:04:09.799  9544  9573 I art     : Starting a blocking GC Explicit
08-05 18:04:09.817  9544  9573 I art     : Explicit concurrent mark sweep GC freed 196(8KB) AllocSpace objects, 0(0B) LOS objects, 36% free, 28MB/44MB, paused 667us total 17.307ms
08-05 18:04:09.824  9544  9573 I art     : Starting a blocking GC Explicit
08-05 18:04:09.843  9544  9573 I art     : Explicit concurrent mark sweep GC freed 97(15KB) AllocSpace objects, 0(0B) LOS objects, 36% free, 28MB/44MB, paused 581us total 18.246ms
08-05 18:04:09.850  9544  9573 I art     : Starting a blocking GC Explicit
08-05 18:04:09.864  9544 13663 I NAPPA_EXPERIMENTATION: MetricNetworkRequestExecutionTime: REQUEST_DURATION_SYSTEM='482',REQUEST_DURATION_OKHTTP='85',REQUEST_SYNCHRONOUS='TRUE',RESPONSE_CODE='200',RESPONSE_METHOD='GET',RESPONSE_LENGTH_OKHTTP='145',RESPONSE_LENGTH_HEADER='145',REQUEST_PROTOCOL='http/1.1',REQUEST_URL='https://s3.amazonaws.com/icons.newsblur.com/6882243.png',
08-05 18:04:09.869  9544  9573 I art     : Explicit concurrent mark sweep GC freed 2249(111KB) AllocSpace objects, 1(20KB) LOS objects, 36% free, 28MB/44MB, paused 557us total 18.804ms
08-05 18:04:09.901  9544 13666 I NAPPA_EXPERIMENTATION: MetricNetworkRequestExecutionTime: REQUEST_DURATION_SYSTEM='475',REQUEST_DURATION_OKHTTP='204',REQUEST_SYNCHRONOUS='TRUE',RESPONSE_CODE='200',RESPONSE_METHOD='GET',RESPONSE_LENGTH_OKHTTP='79351',RESPONSE_LENGTH_HEADER='79351',REQUEST_PROTOCOL='h2',REQUEST_URL='https://images.fastcompany.net/image/upload/w_1280,q_auto,f_auto,fl_lossy/wp-cms/uploads/2020/07/p-1-90532920-this-chart-shows-how-effective-masks-can-be.png',
08-05 18:04:09.953  9544 13665 I NAPPA_EXPERIMENTATION: MetricNetworkRequestExecutionTime: REQUEST_DURATION_SYSTEM='559',REQUEST_DURATION_OKHTTP='96',REQUEST_SYNCHRONOUS='TRUE',RESPONSE_CODE='200',RESPONSE_METHOD='GET',RESPONSE_LENGTH_OKHTTP='243',RESPONSE_LENGTH_HEADER='243',REQUEST_PROTOCOL='http/1.1',REQUEST_URL='https://s3.amazonaws.com/icons.newsblur.com/18178.png',
08-05 18:04:10.016  9544 13667 I NAPPA_EXPERIMENTATION: MetricNetworkRequestExecutionTime: REQUEST_DURATION_SYSTEM='609',REQUEST_DURATION_OKHTTP='37',REQUEST_SYNCHRONOUS='TRUE',RESPONSE_CODE='200',RESPONSE_METHOD='GET',RESPONSE_LENGTH_OKHTTP='477',RESPONSE_LENGTH_HEADER='477',REQUEST_PROTOCOL='http/1.1',REQUEST_URL='https://s3.amazonaws.com/icons.newsblur.com/5762506.png',
08-05 18:04:10.144  9544 13631 I art     : Starting a blocking GC Explicit
08-05 18:04:10.167  9544 13631 I art     : Explicit concurrent mark sweep GC freed 4947(308KB) AllocSpace objects, 13(3MB) LOS objects, 34% free, 30MB/46MB, paused 456us total 22.720ms
08-05 18:04:10.180  9544 13631 I art     : Starting a blocking GC Explicit
08-05 18:04:10.199  9544 13631 I art     : Explicit concurrent mark sweep GC freed 166(5KB) AllocSpace objects, 0(0B) LOS objects, 34% free, 30MB/46MB, paused 439us total 18.413ms
08-05 18:04:10.207  9544 13631 I art     : Starting a blocking GC Explicit
08-05 18:04:10.225  9544 13631 I art     : Explicit concurrent mark sweep GC freed 3(96B) AllocSpace objects, 0(0B) LOS objects, 34% free, 30MB/46MB, paused 443us total 17.955ms
08-05 18:04:10.233  9544 13631 I art     : Starting a blocking GC Explicit
08-05 18:04:10.252  9544 13631 I art     : Explicit concurrent mark sweep GC freed 3(96B) AllocSpace objects, 0(0B) LOS objects, 34% free, 30MB/46MB, paused 443us total 18.437ms
08-05 18:04:10.260  9544 13631 I art     : Starting a blocking GC Explicit
08-05 18:04:10.279  9544 13631 I art     : Explicit concurrent mark sweep GC freed 3(96B) AllocSpace objects, 0(0B) LOS objects, 34% free, 30MB/46MB, paused 437us total 19.419ms
08-05 18:04:10.600  9544 13634 I art     : Starting a blocking GC Explicit
08-05 18:04:10.622  9544 13634 I art     : Explicit concurrent mark sweep GC freed 1390(82KB) AllocSpace objects, 1(20KB) LOS objects, 34% free, 30MB/46MB, paused 473us total 21.660ms
08-05 18:04:10.633  9544 13634 I art     : Starting a blocking GC Explicit
08-05 18:04:10.652  9544 13634 I art     : Explicit concurrent mark sweep GC freed 20(704B) AllocSpace objects, 0(0B) LOS objects, 34% free, 30MB/46MB, paused 452us total 19.164ms
08-05 18:04:10.661  9544 13634 I art     : Starting a blocking GC Explicit
08-05 18:04:10.680  9544 13634 I art     : Explicit concurrent mark sweep GC freed 3(96B) AllocSpace objects, 0(0B) LOS objects, 34% free, 30MB/46MB, paused 432us total 18.546ms
08-05 18:04:10.688  9544 13634 I art     : Starting a blocking GC Explicit
08-05 18:04:10.707  9544 13634 I art     : Explicit concurrent mark sweep GC freed 3(96B) AllocSpace objects, 0(0B) LOS objects, 34% free, 30MB/46MB, paused 489us total 18.778ms
08-05 18:04:10.715  9544 13634 I art     : Starting a blocking GC Explicit
08-05 18:04:10.734  9544 13634 I art     : Explicit concurrent mark sweep GC freed 3(96B) AllocSpace objects, 0(0B) LOS objects, 34% free, 30MB/46MB, paused 451us total 18.868ms
08-05 18:04:11.029  9544  9570 I art     : Starting a blocking GC Explicit
08-05 18:04:11.049  9544  9570 I art     : Explicit concurrent mark sweep GC freed 1390(80KB) AllocSpace objects, 1(20KB) LOS objects, 34% free, 30MB/46MB, paused 460us total 19.644ms
08-05 18:04:11.058  9544  9570 I art     : Starting a blocking GC Explicit
08-05 18:04:11.077  9544  9570 I art     : Explicit concurrent mark sweep GC freed 20(704B) AllocSpace objects, 0(0B) LOS objects, 34% free, 30MB/46MB, paused 539us total 18.981ms
08-05 18:04:11.085  9544  9570 I art     : Starting a blocking GC Explicit
08-05 18:04:11.104  9544  9570 I art     : Explicit concurrent mark sweep GC freed 3(96B) AllocSpace objects, 0(0B) LOS objects, 34% free, 30MB/46MB, paused 448us total 18.888ms
08-05 18:04:11.112  9544  9570 I art     : Starting a blocking GC Explicit
08-05 18:04:11.131  9544  9570 I art     : Explicit concurrent mark sweep GC freed 3(96B) AllocSpace objects, 0(0B) LOS objects, 34% free, 30MB/46MB, paused 463us total 19.126ms
08-05 18:04:11.140  9544  9570 I art     : Starting a blocking GC Explicit
08-05 18:04:11.159  9544  9570 I art     : Explicit concurrent mark sweep GC freed 3(96B) AllocSpace objects, 0(0B) LOS objects, 34% free, 30MB/46MB, paused 455us total 19.035ms
08-05 18:04:11.507  9544  9573 I art     : Starting a blocking GC Explicit
08-05 18:04:11.528  9544  9573 I art     : Explicit concurrent mark sweep GC freed 1389(80KB) AllocSpace objects, 1(20KB) LOS objects, 34% free, 30MB/46MB, paused 490us total 20.344ms
08-05 18:04:11.536  9544  9573 I art     : Starting a blocking GC Explicit
08-05 18:04:11.555  9544  9573 I art     : Explicit concurrent mark sweep GC freed 20(704B) AllocSpace objects, 0(0B) LOS objects, 34% free, 30MB/46MB, paused 460us total 18.981ms
08-05 18:04:11.564  9544  9573 I art     : Starting a blocking GC Explicit
08-05 18:04:11.583  9544  9573 I art     : Explicit concurrent mark sweep GC freed 3(96B) AllocSpace objects, 0(0B) LOS objects, 34% free, 30MB/46MB, paused 460us total 18.955ms
08-05 18:04:11.592  9544  9573 I art     : Starting a blocking GC Explicit
08-05 18:04:11.611  9544  9573 I art     : Explicit concurrent mark sweep GC freed 3(96B) AllocSpace objects, 0(0B) LOS objects, 34% free, 30MB/46MB, paused 537us total 18.866ms
08-05 18:04:11.619  9544  9573 I art     : Starting a blocking GC Explicit
08-05 18:04:11.639  9544  9573 I art     : Explicit concurrent mark sweep GC freed 3(96B) AllocSpace objects, 0(0B) LOS objects, 34% free, 30MB/46MB, paused 459us total 19.586ms
08-05 18:04:11.949  9544 13631 I art     : Starting a blocking GC Explicit
08-05 18:04:11.968  9544 13631 I art     : Explicit concurrent mark sweep GC freed 1389(80KB) AllocSpace objects, 1(20KB) LOS objects, 34% free, 30MB/46MB, paused 455us total 18.965ms
08-05 18:04:11.976  9544 13631 I art     : Starting a blocking GC Explicit
08-05 18:04:11.996  9544 13631 I art     : Explicit concurrent mark sweep GC freed 20(704B) AllocSpace objects, 0(0B) LOS objects, 34% free, 30MB/46MB, paused 444us total 18.850ms
08-05 18:04:12.004  9544 13631 I art     : Starting a blocking GC Explicit
08-05 18:04:12.023  9544 13631 I art     : Explicit concurrent mark sweep GC freed 3(96B) AllocSpace objects, 0(0B) LOS objects, 34% free, 30MB/46MB, paused 441us total 18.786ms
08-05 18:04:12.031  9544 13631 I art     : Starting a blocking GC Explicit
08-05 18:04:12.050  9544 13631 I art     : Explicit concurrent mark sweep GC freed 3(96B) AllocSpace objects, 0(0B) LOS objects, 34% free, 30MB/46MB, paused 457us total 19.069ms
08-05 18:04:12.058  9544 13631 I art     : Starting a blocking GC Explicit
08-05 18:04:12.077  9544 13631 I art     : Explicit concurrent mark sweep GC freed 3(96B) AllocSpace objects, 0(0B) LOS objects, 34% free, 30MB/46MB, paused 527us total 18.735ms
08-05 18:04:12.397  9544 13634 I art     : Starting a blocking GC Explicit
08-05 18:04:12.418  9544 13634 I art     : Explicit concurrent mark sweep GC freed 1390(80KB) AllocSpace objects, 1(20KB) LOS objects, 34% free, 30MB/46MB, paused 467us total 20.832ms
08-05 18:04:12.430  9544 13634 I art     : Starting a blocking GC Explicit
08-05 18:04:12.449  9544 13634 I art     : Explicit concurrent mark sweep GC freed 20(704B) AllocSpace objects, 0(0B) LOS objects, 34% free, 30MB/46MB, paused 499us total 18.548ms
08-05 18:04:12.457  9544 13634 I art     : Starting a blocking GC Explicit
08-05 18:04:12.475  9544 13634 I art     : Explicit concurrent mark sweep GC freed 3(96B) AllocSpace objects, 0(0B) LOS objects, 34% free, 30MB/46MB, paused 452us total 18.323ms
08-05 18:04:12.483  9544 13634 I art     : Starting a blocking GC Explicit
08-05 18:04:12.501  9544 13634 I art     : Explicit concurrent mark sweep GC freed 3(96B) AllocSpace objects, 0(0B) LOS objects, 34% free, 30MB/46MB, paused 426us total 18.129ms
08-05 18:04:12.509  9544 13634 I art     : Starting a blocking GC Explicit
08-05 18:04:12.529  9544 13634 I art     : Explicit concurrent mark sweep GC freed 3(96B) AllocSpace objects, 0(0B) LOS objects, 34% free, 30MB/46MB, paused 447us total 19.070ms
08-05 18:04:12.825  9544 13631 I art     : Starting a blocking GC Explicit
08-05 18:04:12.847  9544 13631 I art     : Explicit concurrent mark sweep GC freed 1389(80KB) AllocSpace objects, 1(20KB) LOS objects, 34% free, 30MB/46MB, paused 452us total 21.082ms
08-05 18:04:12.859  9544 13631 I art     : Starting a blocking GC Explicit
08-05 18:04:12.878  9544 13631 I art     : Explicit concurrent mark sweep GC freed 360(12KB) AllocSpace objects, 0(0B) LOS objects, 34% free, 30MB/46MB, paused 456us total 18.325ms
08-05 18:04:12.885  9544 13631 I art     : Starting a blocking GC Explicit
08-05 18:04:12.904  9544 13631 I art     : Explicit concurrent mark sweep GC freed 3(96B) AllocSpace objects, 0(0B) LOS objects, 34% free, 30MB/46MB, paused 420us total 17.933ms
08-05 18:04:12.912  9544 13631 I art     : Starting a blocking GC Explicit
08-05 18:04:12.930  9544 13631 I art     : Explicit concurrent mark sweep GC freed 3(96B) AllocSpace objects, 0(0B) LOS objects, 34% free, 30MB/46MB, paused 436us total 18.299ms
08-05 18:04:12.938  9544 13631 I art     : Starting a blocking GC Explicit
08-05 18:04:12.957  9544 13631 I art     : Explicit concurrent mark sweep GC freed 3(96B) AllocSpace objects, 0(0B) LOS objects, 34% free, 30MB/46MB, paused 451us total 18.821ms
08-05 18:04:13.250  9544 13634 I art     : Starting a blocking GC Explicit
08-05 18:04:13.269  9544 13634 I art     : Explicit concurrent mark sweep GC freed 1389(80KB) AllocSpace objects, 1(20KB) LOS objects, 34% free, 30MB/46MB, paused 445us total 19.413ms
08-05 18:04:13.278  9544 13634 I art     : Starting a blocking GC Explicit
08-05 18:04:13.297  9544 13634 I art     : Explicit concurrent mark sweep GC freed 20(704B) AllocSpace objects, 0(0B) LOS objects, 34% free, 30MB/46MB, paused 475us total 19.405ms
08-05 18:04:13.306  9544 13634 I art     : Starting a blocking GC Explicit
08-05 18:04:13.325  9544 13634 I art     : Explicit concurrent mark sweep GC freed 3(96B) AllocSpace objects, 0(0B) LOS objects, 34% free, 30MB/46MB, paused 442us total 18.705ms
08-05 18:04:13.333  9544 13634 I art     : Starting a blocking GC Explicit
08-05 18:04:13.352  9544 13634 I art     : Explicit concurrent mark sweep GC freed 3(96B) AllocSpace objects, 0(0B) LOS objects, 34% free, 30MB/46MB, paused 471us total 18.973ms
08-05 18:04:13.361  9544 13634 I art     : Starting a blocking GC Explicit
08-05 18:04:13.380  9544 13634 I art     : Explicit concurrent mark sweep GC freed 3(96B) AllocSpace objects, 0(0B) LOS objects, 34% free, 30MB/46MB, paused 446us total 18.935ms
08-05 18:04:13.705  9544  9570 I art     : Starting a blocking GC Explicit
08-05 18:04:13.727  9544  9570 I art     : Explicit concurrent mark sweep GC freed 1389(80KB) AllocSpace objects, 1(20KB) LOS objects, 34% free, 30MB/46MB, paused 448us total 20.806ms
08-05 18:04:13.739  9544  9570 I art     : Starting a blocking GC Explicit
08-05 18:04:13.757  9544  9570 I art     : Explicit concurrent mark sweep GC freed 20(704B) AllocSpace objects, 0(0B) LOS objects, 34% free, 30MB/46MB, paused 512us total 18.200ms
08-05 18:04:13.765  9544  9570 I art     : Starting a blocking GC Explicit
08-05 18:04:13.783  9544  9570 I art     : Explicit concurrent mark sweep GC freed 3(96B) AllocSpace objects, 0(0B) LOS objects, 34% free, 30MB/46MB, paused 440us total 17.876ms
08-05 18:04:13.791  9544  9570 I art     : Starting a blocking GC Explicit
08-05 18:04:13.809  9544  9570 I art     : Explicit concurrent mark sweep GC freed 3(96B) AllocSpace objects, 0(0B) LOS objects, 34% free, 30MB/46MB, paused 441us total 18.438ms
08-05 18:04:13.817  9544  9570 I art     : Starting a blocking GC Explicit
08-05 18:04:13.836  9544  9570 I art     : Explicit concurrent mark sweep GC freed 3(96B) AllocSpace objects, 0(0B) LOS objects, 34% free, 30MB/46MB, paused 435us total 18.323ms
08-05 18:04:14.160  9544  9573 I art     : Starting a blocking GC Explicit
08-05 18:04:14.180  9544  9573 I art     : Explicit concurrent mark sweep GC freed 1389(80KB) AllocSpace objects, 1(20KB) LOS objects, 34% free, 30MB/46MB, paused 458us total 20.277ms
08-05 18:04:14.191  9544  9573 I art     : Starting a blocking GC Explicit
08-05 18:04:14.210  9544  9573 I art     : Explicit concurrent mark sweep GC freed 20(704B) AllocSpace objects, 0(0B) LOS objects, 34% free, 30MB/46MB, paused 458us total 18.786ms
08-05 18:04:14.218  9544  9573 I art     : Starting a blocking GC Explicit
08-05 18:04:14.237  9544  9573 I art     : Explicit concurrent mark sweep GC freed 3(96B) AllocSpace objects, 0(0B) LOS objects, 34% free, 30MB/46MB, paused 525us total 18.737ms
08-05 18:04:14.245  9544  9573 I art     : Starting a blocking GC Explicit
08-05 18:04:14.263  9544  9573 I art     : Explicit concurrent mark sweep GC freed 3(96B) AllocSpace objects, 0(0B) LOS objects, 34% free, 30MB/46MB, paused 435us total 18.151ms
08-05 18:04:14.271  9544  9573 I art     : Starting a blocking GC Explicit
08-05 18:04:14.290  9544  9573 I art     : Explicit concurrent mark sweep GC freed 3(96B) AllocSpace objects, 0(0B) LOS objects, 34% free, 30MB/46MB, paused 512us total 18.521ms
08-05 18:04:14.613  9544 13631 I art     : Starting a blocking GC Explicit
08-05 18:04:14.634  9544 13631 I art     : Explicit concurrent mark sweep GC freed 1389(80KB) AllocSpace objects, 1(20KB) LOS objects, 34% free, 30MB/46MB, paused 428us total 21.423ms
08-05 18:04:14.645  9544 13631 I art     : Starting a blocking GC Explicit
08-05 18:04:14.664  9544 13631 I art     : Explicit concurrent mark sweep GC freed 20(704B) AllocSpace objects, 0(0B) LOS objects, 34% free, 30MB/46MB, paused 436us total 18.386ms
08-05 18:04:14.672  9544 13631 I art     : Starting a blocking GC Explicit
08-05 18:04:14.690  9544 13631 I art     : Explicit concurrent mark sweep GC freed 3(96B) AllocSpace objects, 0(0B) LOS objects, 34% free, 30MB/46MB, paused 436us total 18.110ms
08-05 18:04:14.698  9544 13631 I art     : Starting a blocking GC Explicit
08-05 18:04:14.717  9544 13631 I art     : Explicit concurrent mark sweep GC freed 3(96B) AllocSpace objects, 0(0B) LOS objects, 34% free, 30MB/46MB, paused 424us total 18.427ms
08-05 18:04:14.725  9544 13631 I art     : Starting a blocking GC Explicit
08-05 18:04:14.743  9544 13631 I art     : Explicit concurrent mark sweep GC freed 3(96B) AllocSpace objects, 0(0B) LOS objects, 34% free, 30MB/46MB, paused 431us total 18.364ms
08-05 18:04:15.074  9544 13634 I art     : Starting a blocking GC Explicit
08-05 18:04:15.096  9544 13634 I art     : Explicit concurrent mark sweep GC freed 1389(80KB) AllocSpace objects, 1(20KB) LOS objects, 34% free, 30MB/46MB, paused 637us total 22.283ms
08-05 18:04:15.106  9544 13634 I art     : Starting a blocking GC Explicit
08-05 18:04:15.124  9544 13634 I art     : Explicit concurrent mark sweep GC freed 20(704B) AllocSpace objects, 0(0B) LOS objects, 34% free, 30MB/46MB, paused 444us total 17.770ms
08-05 18:04:15.132  9544 13634 I art     : Starting a blocking GC Explicit
08-05 18:04:15.151  9544 13634 I art     : Explicit concurrent mark sweep GC freed 3(96B) AllocSpace objects, 0(0B) LOS objects, 34% free, 30MB/46MB, paused 440us total 18.266ms
08-05 18:04:15.159  9544 13634 I art     : Starting a blocking GC Explicit
08-05 18:04:15.177  9544 13634 I art     : Explicit concurrent mark sweep GC freed 3(96B) AllocSpace objects, 0(0B) LOS objects, 34% free, 30MB/46MB, paused 465us total 18.399ms
08-05 18:04:15.185  9544 13634 I art     : Starting a blocking GC Explicit
08-05 18:04:15.204  9544 13634 I art     : Explicit concurrent mark sweep GC freed 3(96B) AllocSpace objects, 0(0B) LOS objects, 34% free, 30MB/46MB, paused 451us total 18.470ms
08-05 18:04:15.350   918  3188 I hubconnection: sensorhub said: 'set_bias 3: -6.2400, 0.0000, 0.0000'
08-05 18:04:15.518  9544  9570 I art     : Starting a blocking GC Explicit
08-05 18:04:15.539  9544  9570 I art     : Explicit concurrent mark sweep GC freed 1389(80KB) AllocSpace objects, 1(20KB) LOS objects, 34% free, 30MB/46MB, paused 440us total 20.432ms
08-05 18:04:15.550  9544  9570 I art     : Starting a blocking GC Explicit
08-05 18:04:15.569  9544  9570 I art     : Explicit concurrent mark sweep GC freed 20(704B) AllocSpace objects, 0(0B) LOS objects, 34% free, 30MB/46MB, paused 442us total 19.138ms
08-05 18:04:15.577  9544  9570 I art     : Starting a blocking GC Explicit
08-05 18:04:15.596  9544  9570 I art     : Explicit concurrent mark sweep GC freed 3(96B) AllocSpace objects, 0(0B) LOS objects, 34% free, 30MB/46MB, paused 430us total 17.889ms
08-05 18:04:15.604  9544  9570 I art     : Starting a blocking GC Explicit
08-05 18:04:15.622  9544  9570 I art     : Explicit concurrent mark sweep GC freed 3(96B) AllocSpace objects, 0(0B) LOS objects, 34% free, 30MB/46MB, paused 426us total 18.107ms
08-05 18:04:15.630  9544  9570 I art     : Starting a blocking GC Explicit
08-05 18:04:15.649  9544  9570 I art     : Explicit concurrent mark sweep GC freed 3(96B) AllocSpace objects, 0(0B) LOS objects, 34% free, 30MB/46MB, paused 443us total 18.672ms
08-05 18:04:15.964  9544  9573 I art     : Starting a blocking GC Explicit
08-05 18:04:15.985  9544  9573 I art     : Explicit concurrent mark sweep GC freed 1389(80KB) AllocSpace objects, 1(20KB) LOS objects, 34% free, 30MB/46MB, paused 443us total 20.762ms
08-05 18:04:15.995  9544  9573 I art     : Starting a blocking GC Explicit
08-05 18:04:16.014  9544  9573 I art     : Explicit concurrent mark sweep GC freed 20(704B) AllocSpace objects, 0(0B) LOS objects, 34% free, 30MB/46MB, paused 456us total 18.510ms
08-05 18:04:16.022  9544  9573 I art     : Starting a blocking GC Explicit
08-05 18:04:16.041  9544  9573 I art     : Explicit concurrent mark sweep GC freed 3(96B) AllocSpace objects, 0(0B) LOS objects, 34% free, 30MB/46MB, paused 443us total 18.383ms
08-05 18:04:16.049  9544  9573 I art     : Starting a blocking GC Explicit
08-05 18:04:16.067  9544  9573 I art     : Explicit concurrent mark sweep GC freed 3(96B) AllocSpace objects, 0(0B) LOS objects, 34% free, 30MB/46MB, paused 481us total 18.474ms
08-05 18:04:16.075  9544  9573 I art     : Starting a blocking GC Explicit
08-05 18:04:16.094  9544  9573 I art     : Explicit concurrent mark sweep GC freed 3(96B) AllocSpace objects, 0(0B) LOS objects, 34% free, 30MB/46MB, paused 456us total 18.361ms
08-05 18:04:16.416  9544 13631 I art     : Starting a blocking GC Explicit
08-05 18:04:16.438  9544 13631 I art     : Explicit concurrent mark sweep GC freed 1389(80KB) AllocSpace objects, 1(20KB) LOS objects, 34% free, 30MB/46MB, paused 601us total 21.819ms
08-05 18:04:16.448  9544 13631 I art     : Starting a blocking GC Explicit
08-05 18:04:16.466  9544 13631 I art     : Explicit concurrent mark sweep GC freed 20(704B) AllocSpace objects, 0(0B) LOS objects, 34% free, 30MB/46MB, paused 425us total 18.264ms
08-05 18:04:16.474  9544 13631 I art     : Starting a blocking GC Explicit
08-05 18:04:16.493  9544 13631 I art     : Explicit concurrent mark sweep GC freed 3(96B) AllocSpace objects, 0(0B) LOS objects, 34% free, 30MB/46MB, paused 444us total 18.723ms
08-05 18:04:16.502  9544 13631 I art     : Starting a blocking GC Explicit
08-05 18:04:16.520  9544 13631 I art     : Explicit concurrent mark sweep GC freed 3(96B) AllocSpace objects, 0(0B) LOS objects, 34% free, 30MB/46MB, paused 453us total 18.774ms
08-05 18:04:16.529  9544 13631 I art     : Starting a blocking GC Explicit
08-05 18:04:16.548  9544 13631 I art     : Explicit concurrent mark sweep GC freed 3(96B) AllocSpace objects, 0(0B) LOS objects, 34% free, 30MB/46MB, paused 486us total 18.829ms
08-05 18:04:16.881  9544 13634 I art     : Starting a blocking GC Explicit
08-05 18:04:16.903  9544 13634 I art     : Explicit concurrent mark sweep GC freed 1389(80KB) AllocSpace objects, 1(20KB) LOS objects, 34% free, 30MB/46MB, paused 463us total 21.597ms
08-05 18:04:16.915  9544 13634 I art     : Starting a blocking GC Explicit
08-05 18:04:16.934  9544 13634 I art     : Explicit concurrent mark sweep GC freed 20(704B) AllocSpace objects, 0(0B) LOS objects, 34% free, 30MB/46MB, paused 444us total 18.453ms
08-05 18:04:16.942  9544 13634 I art     : Starting a blocking GC Explicit
08-05 18:04:16.960  9544 13634 I art     : Explicit concurrent mark sweep GC freed 3(96B) AllocSpace objects, 0(0B) LOS objects, 34% free, 30MB/46MB, paused 452us total 17.850ms
08-05 18:04:16.968  9544 13634 I art     : Starting a blocking GC Explicit
08-05 18:04:16.986  9544 13634 I art     : Explicit concurrent mark sweep GC freed 3(96B) AllocSpace objects, 0(0B) LOS objects, 34% free, 30MB/46MB, paused 423us total 17.910ms
08-05 18:04:16.987  9544  9563 I art     : WaitForGcToComplete blocked for 17.864ms for cause HeapTrim
08-05 18:04:16.995  9544 13634 I art     : Starting a blocking GC Explicit
08-05 18:04:17.012  9544 13634 I art     : Explicit concurrent mark sweep GC freed 3(96B) AllocSpace objects, 0(0B) LOS objects, 34% free, 30MB/46MB, paused 439us total 16.639ms
08-05 18:04:17.313  9544  9570 I art     : Starting a blocking GC Explicit
08-05 18:04:17.331  9544  9570 I art     : Explicit concurrent mark sweep GC freed 1389(80KB) AllocSpace objects, 1(20KB) LOS objects, 34% free, 30MB/46MB, paused 439us total 17.814ms
08-05 18:04:17.339  9544  9570 I art     : Starting a blocking GC Explicit
08-05 18:04:17.356  9544  9570 I art     : Explicit concurrent mark sweep GC freed 20(704B) AllocSpace objects, 0(0B) LOS objects, 34% free, 30MB/46MB, paused 439us total 17.415ms
08-05 18:04:17.364  9544  9570 I art     : Starting a blocking GC Explicit
08-05 18:04:17.382  9544  9570 I art     : Explicit concurrent mark sweep GC freed 3(96B) AllocSpace objects, 0(0B) LOS objects, 34% free, 30MB/46MB, paused 427us total 17.468ms
08-05 18:04:17.390  9544  9570 I art     : Starting a blocking GC Explicit
08-05 18:04:17.408  9544  9570 I art     : Explicit concurrent mark sweep GC freed 3(96B) AllocSpace objects, 0(0B) LOS objects, 34% free, 30MB/46MB, paused 450us total 17.879ms
08-05 18:04:17.416  9544  9570 I art     : Starting a blocking GC Explicit
08-05 18:04:17.434  9544  9570 I art     : Explicit concurrent mark sweep GC freed 3(96B) AllocSpace objects, 0(0B) LOS objects, 34% free, 30MB/46MB, paused 425us total 17.580ms
08-05 18:04:17.749  9544  9573 I art     : Starting a blocking GC Explicit
08-05 18:04:17.770  9544  9573 I art     : Explicit concurrent mark sweep GC freed 1389(80KB) AllocSpace objects, 1(20KB) LOS objects, 34% free, 30MB/46MB, paused 447us total 20.841ms
08-05 18:04:17.782  9544  9573 I art     : Starting a blocking GC Explicit
08-05 18:04:17.800  9544  9573 I art     : Explicit concurrent mark sweep GC freed 20(704B) AllocSpace objects, 0(0B) LOS objects, 34% free, 30MB/46MB, paused 455us total 18.015ms
08-05 18:04:17.808  9544  9573 I art     : Starting a blocking GC Explicit
08-05 18:04:17.827  9544  9573 I art     : Explicit concurrent mark sweep GC freed 3(96B) AllocSpace objects, 0(0B) LOS objects, 34% free, 30MB/46MB, paused 519us total 18.643ms
08-05 18:04:17.835  9544  9573 I art     : Starting a blocking GC Explicit
08-05 18:04:17.853  9544  9573 I art     : Explicit concurrent mark sweep GC freed 3(96B) AllocSpace objects, 0(0B) LOS objects, 34% free, 30MB/46MB, paused 433us total 18.286ms
08-05 18:04:17.861  9544  9573 I art     : Starting a blocking GC Explicit
08-05 18:04:17.880  9544  9573 I art     : Explicit concurrent mark sweep GC freed 3(96B) AllocSpace objects, 0(0B) LOS objects, 34% free, 30MB/46MB, paused 458us total 18.600ms
08-05 18:04:18.187  9544 13631 I art     : Starting a blocking GC Explicit
08-05 18:04:18.209  9544 13631 I art     : Explicit concurrent mark sweep GC freed 1389(80KB) AllocSpace objects, 1(20KB) LOS objects, 34% free, 30MB/46MB, paused 465us total 20.764ms
08-05 18:04:18.222  9544 13631 I art     : Starting a blocking GC Explicit
08-05 18:04:18.240  9544 13631 I art     : Explicit concurrent mark sweep GC freed 20(704B) AllocSpace objects, 0(0B) LOS objects, 34% free, 30MB/46MB, paused 449us total 18.195ms
08-05 18:04:18.248  9544 13631 I art     : Starting a blocking GC Explicit
08-05 18:04:18.266  9544 13631 I art     : Explicit concurrent mark sweep GC freed 3(96B) AllocSpace objects, 0(0B) LOS objects, 34% free, 30MB/46MB, paused 412us total 17.736ms
08-05 18:04:18.274  9544 13631 I art     : Starting a blocking GC Explicit
08-05 18:04:18.291  9544 13631 I art     : Explicit concurrent mark sweep GC freed 3(96B) AllocSpace objects, 0(0B) LOS objects, 34% free, 30MB/46MB, paused 427us total 16.572ms
08-05 18:04:18.299  9544 13631 I art     : Starting a blocking GC Explicit
08-05 18:04:18.316  9544 13631 I art     : Explicit concurrent mark sweep GC freed 3(96B) AllocSpace objects, 0(0B) LOS objects, 34% free, 30MB/46MB, paused 441us total 16.653ms
08-05 18:04:18.643  9544 13634 I art     : Starting a blocking GC Explicit
08-05 18:04:18.660  9544 13634 I art     : Explicit concurrent mark sweep GC freed 1389(80KB) AllocSpace objects, 1(20KB) LOS objects, 34% free, 30MB/46MB, paused 450us total 17.236ms
08-05 18:04:18.668  9544 13634 I art     : Starting a blocking GC Explicit
08-05 18:04:18.685  9544 13634 I art     : Explicit concurrent mark sweep GC freed 20(704B) AllocSpace objects, 0(0B) LOS objects, 34% free, 30MB/46MB, paused 454us total 17.031ms
08-05 18:04:18.693  9544 13634 I art     : Starting a blocking GC Explicit
08-05 18:04:18.711  9544 13634 I art     : Explicit concurrent mark sweep GC freed 3(96B) AllocSpace objects, 0(0B) LOS objects, 34% free, 30MB/46MB, paused 516us total 17.929ms
08-05 18:04:18.719  9544 13634 I art     : Starting a blocking GC Explicit
08-05 18:04:18.738  9544 13634 I art     : Explicit concurrent mark sweep GC freed 3(96B) AllocSpace objects, 0(0B) LOS objects, 34% free, 30MB/46MB, paused 465us total 18.136ms
08-05 18:04:18.746  9544 13634 I art     : Starting a blocking GC Explicit
08-05 18:04:18.764  9544 13634 I art     : Explicit concurrent mark sweep GC freed 3(96B) AllocSpace objects, 0(0B) LOS objects, 34% free, 30MB/46MB, paused 458us total 17.772ms
08-05 18:04:19.007 13903 13903 D AndroidRuntime: >>>>>> START com.android.internal.os.RuntimeInit uid 2000 <<<<<<
08-05 18:04:19.012 13903 13903 D AndroidRuntime: CheckJNI is OFF
08-05 18:04:19.044 13903 13903 D ICU     : No timezone override file found: /data/misc/zoneinfo/current/icu/icu_tzdata.dat
08-05 18:04:19.073  9544  9570 I art     : Starting a blocking GC Explicit
08-05 18:04:19.078 13903 13903 I Radio-JNI: register_android_hardware_Radio DONE
08-05 18:04:19.092  9544  9570 I art     : Explicit concurrent mark sweep GC freed 1389(80KB) AllocSpace objects, 1(20KB) LOS objects, 34% free, 30MB/46MB, paused 480us total 19.441ms
08-05 18:04:19.101  9544  9570 I art     : Starting a blocking GC Explicit
08-05 18:04:19.101 13903 13903 D AndroidRuntime: Calling main entry com.android.commands.input.Input
08-05 18:04:19.103 13903 13903 I Input   : injectMotionEvent: MotionEvent { action=ACTION_DOWN, actionButton=0, id[0]=0, x[0]=436.0, y[0]=453.0, toolType[0]=TOOL_TYPE_UNKNOWN, buttonState=0, metaState=0, flags=0x0, edgeFlags=0x0, pointerCount=1, historySize=0, eventTime=813875516, downTime=813875516, deviceId=0, source=0x1002 }
08-05 18:04:19.108 13903 13903 I Input   : injectMotionEvent: MotionEvent { action=ACTION_UP, actionButton=0, id[0]=0, x[0]=436.0, y[0]=453.0, toolType[0]=TOOL_TYPE_UNKNOWN, buttonState=0, metaState=0, flags=0x0, edgeFlags=0x0, pointerCount=1, historySize=0, eventTime=813875516, downTime=813875516, deviceId=0, source=0x1002 }
08-05 18:04:19.113 13903 13903 D AndroidRuntime: Shutting down VM
08-05 18:04:19.121  9544  9570 I art     : Explicit concurrent mark sweep GC freed 23(800B) AllocSpace objects, 0(0B) LOS objects, 34% free, 30MB/46MB, paused 511us total 18.946ms
08-05 18:04:19.126   512  2967 D audio_hw_primary: out_set_parameters: enter: usecase(1: low-latency-playback) kvpairs: routing=2
08-05 18:04:19.126   918  3359 I ActivityManager: START u0 {cmp=baseline.com.newsblur/.activity.GlobalSharedStoriesReading (has extras)} from uid 10676 on display 0
08-05 18:04:19.130  9544  9570 I art     : Starting a blocking GC Explicit
08-05 18:04:19.139   512  2967 D audio_hw_primary: select_devices: out_snd_device(2: speaker) in_snd_device(0: none)
08-05 18:04:19.139   512  2967 D msm8974_platform: platform_send_audio_calibration: sending audio calibration for snd_device(2) acdb_id(15)
08-05 18:04:19.140   512  2967 I soundtrigger: audio_extn_sound_trigger_update_device_status: device 0x2 of type 0 for Event 1
08-05 18:04:19.149  9544  9570 I art     : Explicit concurrent mark sweep GC freed 564(82KB) AllocSpace objects, 2(40KB) LOS objects, 34% free, 30MB/46MB, paused 590us total 19.576ms
08-05 18:04:19.151   512  2967 D audio_hw_primary: enable_snd_device: snd_device(2: speaker)
08-05 18:04:19.153   512  2967 D audio_hw_primary: enable_audio_route: apply and update mixer path: low-latency-playback speaker
08-05 18:04:19.158  9544  9570 I art     : Starting a blocking GC Explicit
08-05 18:04:19.175  9544  9570 I art     : Explicit concurrent mark sweep GC freed 136(11KB) AllocSpace objects, 0(0B) LOS objects, 33% free, 31MB/47MB, paused 705us total 17.314ms
08-05 18:04:19.183  9544  9570 I art     : Starting a blocking GC Explicit
08-05 18:04:19.202  9544  9570 I art     : Explicit concurrent mark sweep GC freed 996(92KB) AllocSpace objects, 1(112KB) LOS objects, 33% free, 32MB/48MB, paused 628us total 18.415ms
08-05 18:04:19.368   918   936 I ActivityManager: Displayed baseline.com.newsblur/.activity.GlobalSharedStoriesReading: +234ms
08-05 18:04:19.369 13866 13866 I GoogleInputMethodServic: GoogleInputMethodService.onFinishInput():3138 
08-05 18:04:19.369 13866 13866 I GoogleInputMethodServic: GoogleInputMethodService.onStartInput():1808 
08-05 18:04:19.381  9544  9544 I WebViewFactory: Loading com.google.android.webview version 84.0.4147.89 (code 414708953)
08-05 18:04:19.454  9544  9573 I art     : Starting a blocking GC Explicit
08-05 18:04:19.462  9544  9544 I cr_LibraryLoader: Loaded native library version number "84.0.4147.89"
08-05 18:04:19.463  9544  9544 I cr_CachingUmaRecorder: Flushed 5 samples from 5 histograms.
08-05 18:04:19.481  9544  9573 I art     : Explicit concurrent mark sweep GC freed 6552(642KB) AllocSpace objects, 7(476KB) LOS objects, 31% free, 34MB/50MB, paused 1.056ms total 26.423ms
08-05 18:04:19.490  9544  9573 I art     : Starting a blocking GC Explicit
08-05 18:04:19.502  9544  9544 E chromium: [ERROR:filesystem_posix.cc(62)] mkdir /data/user/0/baseline.com.newsblur/cache/WebView/Crashpad: No such file or directory (2)
08-05 18:04:19.515  9544  9573 I art     : Explicit concurrent mark sweep GC freed 1160(159KB) AllocSpace objects, 0(0B) LOS objects, 31% free, 34MB/50MB, paused 880us total 24.654ms
08-05 18:04:19.524  9544  9573 I art     : Starting a blocking GC Explicit
08-05 18:04:19.548  9544  9573 I art     : Explicit concurrent mark sweep GC freed 647(38KB) AllocSpace objects, 0(0B) LOS objects, 31% free, 34MB/50MB, paused 1.371ms total 23.547ms
08-05 18:04:19.570  9544  9573 I art     : Starting a blocking GC Explicit
08-05 18:04:19.596  9544  9573 I art     : Explicit concurrent mark sweep GC freed 326(38KB) AllocSpace objects, 0(0B) LOS objects, 31% free, 35MB/51MB, paused 1.110ms total 25.996ms
08-05 18:04:19.602   918  5952 D ConnectivityService: listenForNetwork for Listen from uid/pid:10676/9544 for NetworkRequest [ id=3488, legacyType=-1, [ Capabilities: INTERNET&NOT_RESTRICTED&TRUSTED] ]
08-05 18:04:19.608  9544  9573 I art     : Starting a blocking GC Explicit
08-05 18:04:19.630  9544  9573 I art     : Explicit concurrent mark sweep GC freed 709(84KB) AllocSpace objects, 0(0B) LOS objects, 31% free, 35MB/51MB, paused 1.085ms total 21.965ms
08-05 18:04:19.690   512  2967 D audio_hw_primary: disable_audio_route: reset and update mixer path: low-latency-playback speaker
08-05 18:04:19.691   512  2967 D audio_hw_primary: disable_snd_device: snd_device(2: speaker)
08-05 18:04:19.702   512  2967 I soundtrigger: audio_extn_sound_trigger_update_device_status: device 0x2 of type 0 for Event 0
08-05 18:04:19.720  9544 13956 W cr_media: Requires BLUETOOTH permission
08-05 18:04:19.744  9544 13977 E libEGL  : validate_display:255 error 3008 (EGL_BAD_DISPLAY)
08-05 18:04:19.938  9544 13634 I art     : Starting a blocking GC Explicit
08-05 18:04:19.969  9544 13634 I art     : Explicit concurrent mark sweep GC freed 23169(1372KB) AllocSpace objects, 20(444KB) LOS objects, 30% free, 36MB/52MB, paused 951us total 31.095ms
08-05 18:04:19.979  9544 13634 I art     : Starting a blocking GC Explicit
08-05 18:04:20.004  9544 13634 I art     : Explicit concurrent mark sweep GC freed 1836(81KB) AllocSpace objects, 2(56KB) LOS objects, 30% free, 36MB/52MB, paused 942us total 25.185ms
08-05 18:04:20.014  9544 13634 I art     : Starting a blocking GC Explicit
08-05 18:04:20.040  9544 13634 I art     : Explicit concurrent mark sweep GC freed 14(448B) AllocSpace objects, 0(0B) LOS objects, 30% free, 36MB/52MB, paused 1.071ms total 25.408ms
08-05 18:04:20.049  9544 13634 I art     : Starting a blocking GC Explicit
08-05 18:04:20.074  9544 13634 I art     : Explicit concurrent mark sweep GC freed 3274(128KB) AllocSpace objects, 0(0B) LOS objects, 30% free, 36MB/52MB, paused 1.005ms total 24.682ms
08-05 18:04:20.083  9544 13634 I art     : Starting a blocking GC Explicit
08-05 18:04:20.107  9544 13634 I art     : Explicit concurrent mark sweep GC freed 388(16KB) AllocSpace objects, 0(0B) LOS objects, 30% free, 36MB/52MB, paused 985us total 24.407ms
08-05 18:04:20.312  9544 14002 E baseline.com.newsblur.network.APIResponse: Error (unexpected end of stream on https://www.newsblur.com/...) calling https://www.newsblur.com/reader/mark_story_hashes_as_read/
08-05 18:04:20.312  9544 14002 E baseline.com.newsblur.network.APIResponse: java.io.IOException: unexpected end of stream on https://www.newsblur.com/...
08-05 18:04:20.312  9544 14002 E baseline.com.newsblur.network.APIResponse: 	at okhttp3.internal.http1.Http1ExchangeCodec.readResponseHeaders(Http1ExchangeCodec.java:236)
08-05 18:04:20.312  9544 14002 E baseline.com.newsblur.network.APIResponse: 	at okhttp3.internal.connection.Exchange.readResponseHeaders(Exchange.java:115)
08-05 18:04:20.312  9544 14002 E baseline.com.newsblur.network.APIResponse: 	at okhttp3.internal.http.CallServerInterceptor.intercept(CallServerInterceptor.java:94)
08-05 18:04:20.312  9544 14002 E baseline.com.newsblur.network.APIResponse: 	at okhttp3.internal.http.RealInterceptorChain.proceed(RealInterceptorChain.java:142)
08-05 18:04:20.312  9544 14002 E baseline.com.newsblur.network.APIResponse: 	at okhttp3.internal.connection.ConnectInterceptor.intercept(ConnectInterceptor.java:43)
08-05 18:04:20.312  9544 14002 E baseline.com.newsblur.network.APIResponse: 	at okhttp3.internal.http.RealInterceptorChain.proceed(RealInterceptorChain.java:142)
08-05 18:04:20.312  9544 14002 E baseline.com.newsblur.network.APIResponse: 	at okhttp3.internal.http.RealInterceptorChain.proceed(RealInterceptorChain.java:117)
08-05 18:04:20.312  9544 14002 E baseline.com.newsblur.network.APIResponse: 	at okhttp3.internal.cache.CacheInterceptor.intercept(CacheInterceptor.java:94)
08-05 18:04:20.312  9544 14002 E baseline.com.newsblur.network.APIResponse: 	at okhttp3.internal.http.RealInterceptorChain.proceed(RealInterceptorChain.java:142)
08-05 18:04:20.312  9544 14002 E baseline.com.newsblur.network.APIResponse: 	at okhttp3.internal.http.RealInterceptorChain.proceed(RealInterceptorChain.java:117)
08-05 18:04:20.312  9544 14002 E baseline.com.newsblur.network.APIResponse: 	at okhttp3.internal.http.BridgeInterceptor.intercept(BridgeInterceptor.java:93)
08-05 18:04:20.312  9544 14002 E baseline.com.newsblur.network.APIResponse: 	at okhttp3.internal.http.RealInterceptorChain.proceed(RealInterceptorChain.java:142)
08-05 18:04:20.312  9544 14002 E baseline.com.newsblur.network.APIResponse: 	at okhttp3.internal.http.RetryAndFollowUpInterceptor.intercept(RetryAndFollowUpInterceptor.java:88)
08-05 18:04:20.312  9544 14002 E baseline.com.newsblur.network.APIResponse: 	at okhttp3.internal.http.RealInterceptorChain.proceed(RealInterceptorChain.java:142)
08-05 18:04:20.312  9544 14002 E baseline.com.newsblur.network.APIResponse: 	at okhttp3.internal.http.RealInterceptorChain.proceed(RealInterceptorChain.java:117)
08-05 18:04:20.312  9544 14002 E baseline.com.newsblur.network.APIResponse: 	at okhttp3.RealCall.getResponseWithInterceptorChain(RealCall.java:229)
08-05 18:04:20.312  9544 14002 E baseline.com.newsblur.network.APIResponse: 	at okhttp3.RealCall.execute(RealCall.java:81)
08-05 18:04:20.312  9544 14002 E baseline.com.newsblur.network.APIResponse: 	at baseline.com.newsblur.network.APIResponse.<init>(APIResponse.java:57)
08-05 18:04:20.312  9544 14002 E baseline.com.newsblur.network.APIResponse: 	at baseline.com.newsblur.network.APIResponse.<init>(APIResponse.java:43)
08-05 18:04:20.312  9544 14002 E baseline.com.newsblur.network.APIResponse: 	at baseline.com.newsblur.network.APIManager.post_single(APIManager.java:702)
08-05 18:04:20.312  9544 14002 E baseline.com.newsblur.network.APIResponse: 	at baseline.com.newsblur.network.APIManager.post(APIManager.java:675)
08-05 18:04:20.312  9544 14002 E baseline.com.newsblur.network.APIResponse: 	at baseline.com.newsblur.network.APIManager.post(APIManager.java:714)
08-05 18:04:20.312  9544 14002 E baseline.com.newsblur.network.APIResponse: 	at baseline.com.newsblur.network.APIManager.markStoryAsRead(APIManager.java:205)
08-05 18:04:20.312  9544 14002 E baseline.com.newsblur.network.APIResponse: 	at baseline.com.newsblur.util.ReadingAction.doRemote(ReadingAction.java:281)
08-05 18:04:20.312  9544 14002 E baseline.com.newsblur.network.APIResponse: 	at baseline.com.newsblur.service.NBSyncService.syncActions(NBSyncService.java:400)
08-05 18:04:20.312  9544 14002 E baseline.com.newsblur.network.APIResponse: 	at baseline.com.newsblur.service.NBSyncService.doSync(NBSyncService.java:298)
08-05 18:04:20.312  9544 14002 E baseline.com.newsblur.network.APIResponse: 	at baseline.com.newsblur.service.NBSyncService.access$100(NBSyncService.java:67)
08-05 18:04:20.312  9544 14002 E baseline.com.newsblur.network.APIResponse: 	at baseline.com.newsblur.service.NBSyncService$1.run(NBSyncService.java:188)
08-05 18:04:20.312  9544 14002 E baseline.com.newsblur.network.APIResponse: 	at java.util.concurrent.ThreadPoolExecutor.runWorker(ThreadPoolExecutor.java:1113)
08-05 18:04:20.312  9544 14002 E baseline.com.newsblur.network.APIResponse: 	at java.util.concurrent.ThreadPoolExecutor$Worker.run(ThreadPoolExecutor.java:588)
08-05 18:04:20.312  9544 14002 E baseline.com.newsblur.network.APIResponse: 	at java.lang.Thread.run(Thread.java:818)
08-05 18:04:20.312  9544 14002 E baseline.com.newsblur.network.APIResponse: Caused by: java.io.EOFException: \n not found: limit=0 content=
08-05 18:04:20.312  9544 14002 E baseline.com.newsblur.network.APIResponse: 	at okio.RealBufferedSource.readUtf8LineStrict(RealBufferedSource.java:240)
08-05 18:04:20.312  9544 14002 E baseline.com.newsblur.network.APIResponse: 	at okhttp3.internal.http1.Http1ExchangeCodec.readHeaderLine(Http1ExchangeCodec.java:242)
08-05 18:04:20.312  9544 14002 E baseline.com.newsblur.network.APIResponse: 	at okhttp3.internal.http1.Http1ExchangeCodec.readResponseHeaders(Http1ExchangeCodec.java:213)
08-05 18:04:20.312  9544 14002 E baseline.com.newsblur.network.APIResponse: 	... 30 more
08-05 18:04:20.313  9544 14002 I baseline.com.newsblur.network.APIManager: API call failed, pausing before retry number 1
08-05 18:04:20.413  9544  9573 I art     : Starting a blocking GC Explicit
08-05 18:04:20.446  9544  9573 I art     : Explicit concurrent mark sweep GC freed 5077(459KB) AllocSpace objects, 6(260KB) LOS objects, 30% free, 36MB/52MB, paused 899us total 33.385ms
08-05 18:04:20.456  9544  9573 I art     : Starting a blocking GC Explicit
08-05 18:04:20.483  9544  9573 I art     : Explicit concurrent mark sweep GC freed 1054(120KB) AllocSpace objects, 0(0B) LOS objects, 30% free, 36MB/52MB, paused 814us total 26.661ms
08-05 18:04:20.493  9544  9573 I art     : Starting a blocking GC Explicit
08-05 18:04:20.518  9544  9573 I art     : Explicit concurrent mark sweep GC freed 3(96B) AllocSpace objects, 0(0B) LOS objects, 30% free, 36MB/52MB, paused 836us total 25.062ms
08-05 18:04:20.527  9544  9573 I art     : Starting a blocking GC Explicit
08-05 18:04:20.552  9544  9573 I art     : Explicit concurrent mark sweep GC freed 3(96B) AllocSpace objects, 0(0B) LOS objects, 30% free, 36MB/52MB, paused 799us total 24.670ms
08-05 18:04:20.562  9544  9573 I art     : Starting a blocking GC Explicit
08-05 18:04:20.586  9544  9573 I art     : Explicit concurrent mark sweep GC freed 3(96B) AllocSpace objects, 0(0B) LOS objects, 30% free, 36MB/52MB, paused 775us total 24.570ms
08-05 18:04:20.738   518   646 I ThermalEngine: ACTION: GPU - Setting GPU[0] to 450000000
08-05 18:04:20.919  9544 13634 I art     : Starting a blocking GC Explicit
08-05 18:04:20.956  9544 13634 I art     : Explicit concurrent mark sweep GC freed 1459(83KB) AllocSpace objects, 1(20KB) LOS objects, 30% free, 36MB/52MB, paused 1.116ms total 36.488ms
08-05 18:04:20.969  9544 13634 I art     : Starting a blocking GC Explicit
08-05 18:04:21.001  9544 13634 I art     : Explicit concurrent mark sweep GC freed 34(1168B) AllocSpace objects, 0(0B) LOS objects, 30% free, 36MB/52MB, paused 1.089ms total 32.597ms
08-05 18:04:21.014  9544 13634 I art     : Starting a blocking GC Explicit
08-05 18:04:21.048  9544 13634 I art     : Explicit concurrent mark sweep GC freed 15(480B) AllocSpace objects, 0(0B) LOS objects, 30% free, 36MB/52MB, paused 1.058ms total 34.391ms
08-05 18:04:21.061  9544 13634 I art     : Starting a blocking GC Explicit
08-05 18:04:21.095  9544 13634 I art     : Explicit concurrent mark sweep GC freed 15(480B) AllocSpace objects, 0(0B) LOS objects, 30% free, 36MB/52MB, paused 1.202ms total 33.557ms
08-05 18:04:21.106  9544 13634 I art     : Starting a blocking GC Explicit
08-05 18:04:21.140  9544 13634 I art     : Explicit concurrent mark sweep GC freed 8(256B) AllocSpace objects, 0(0B) LOS objects, 30% free, 36MB/52MB, paused 1.143ms total 33.726ms
08-05 18:04:21.514  9544 13634 I art     : Starting a blocking GC Explicit
08-05 18:04:21.554  9544 13634 I art     : Explicit concurrent mark sweep GC freed 1440(83KB) AllocSpace objects, 1(20KB) LOS objects, 30% free, 36MB/52MB, paused 1.094ms total 39.248ms
08-05 18:04:21.567  9544 13634 I art     : Starting a blocking GC Explicit
08-05 18:04:21.600  9544 13634 I art     : Explicit concurrent mark sweep GC freed 22(784B) AllocSpace objects, 0(0B) LOS objects, 30% free, 36MB/52MB, paused 1.035ms total 33.029ms
08-05 18:04:21.612  9544 13634 I art     : Starting a blocking GC Explicit
08-05 18:04:21.646  9544 13634 I art     : Explicit concurrent mark sweep GC freed 3(96B) AllocSpace objects, 0(0B) LOS objects, 30% free, 36MB/52MB, paused 1.035ms total 33.576ms
08-05 18:04:21.658  9544 13634 I art     : Starting a blocking GC Explicit
08-05 18:04:21.691  9544 13634 I art     : Explicit concurrent mark sweep GC freed 3(96B) AllocSpace objects, 0(0B) LOS objects, 30% free, 36MB/52MB, paused 1.125ms total 33.313ms
08-05 18:04:21.704  9544 13634 I art     : Starting a blocking GC Explicit
08-05 18:04:21.736  9544 13634 I art     : Explicit concurrent mark sweep GC freed 3(96B) AllocSpace objects, 0(0B) LOS objects, 30% free, 36MB/52MB, paused 1.104ms total 32.691ms
08-05 18:04:22.101  9544 13634 I art     : Starting a blocking GC Explicit
08-05 18:04:22.137  9544 13634 I art     : Explicit concurrent mark sweep GC freed 1606(91KB) AllocSpace objects, 1(20KB) LOS objects, 30% free, 36MB/52MB, paused 1.122ms total 34.997ms
08-05 18:04:22.149  9544 13634 I art     : Starting a blocking GC Explicit
08-05 18:04:22.183  9544 13634 I art     : Explicit concurrent mark sweep GC freed 28(1040B) AllocSpace objects, 0(0B) LOS objects, 30% free, 36MB/52MB, paused 1.128ms total 33.132ms
08-05 18:04:22.195  9544 13634 I art     : Starting a blocking GC Explicit
08-05 18:04:22.229  9544 13634 I art     : Explicit concurrent mark sweep GC freed 3(96B) AllocSpace objects, 0(0B) LOS objects, 30% free, 36MB/52MB, paused 1.310ms total 33.423ms
08-05 18:04:22.240  9544 13634 I art     : Starting a blocking GC Explicit
08-05 18:04:22.273  9544 13634 I art     : Explicit concurrent mark sweep GC freed 3(96B) AllocSpace objects, 0(0B) LOS objects, 30% free, 36MB/52MB, paused 1.153ms total 32.634ms
08-05 18:04:22.286  9544 13634 I art     : Starting a blocking GC Explicit
08-05 18:04:22.319  9544 13634 I art     : Explicit concurrent mark sweep GC freed 3(96B) AllocSpace objects, 0(0B) LOS objects, 30% free, 36MB/52MB, paused 1.120ms total 32.770ms
08-05 18:04:22.380  9544 14002 E baseline.com.newsblur.network.APIResponse: Error (unexpected end of stream on https://www.newsblur.com/...) calling https://www.newsblur.com/reader/mark_story_hashes_as_read/
08-05 18:04:22.380  9544 14002 E baseline.com.newsblur.network.APIResponse: java.io.IOException: unexpected end of stream on https://www.newsblur.com/...
08-05 18:04:22.380  9544 14002 E baseline.com.newsblur.network.APIResponse: 	at okhttp3.internal.http1.Http1ExchangeCodec.readResponseHeaders(Http1ExchangeCodec.java:236)
08-05 18:04:22.380  9544 14002 E baseline.com.newsblur.network.APIResponse: 	at okhttp3.internal.connection.Exchange.readResponseHeaders(Exchange.java:115)
08-05 18:04:22.380  9544 14002 E baseline.com.newsblur.network.APIResponse: 	at okhttp3.internal.http.CallServerInterceptor.intercept(CallServerInterceptor.java:94)
08-05 18:04:22.380  9544 14002 E baseline.com.newsblur.network.APIResponse: 	at okhttp3.internal.http.RealInterceptorChain.proceed(RealInterceptorChain.java:142)
08-05 18:04:22.380  9544 14002 E baseline.com.newsblur.network.APIResponse: 	at okhttp3.internal.connection.ConnectInterceptor.intercept(ConnectInterceptor.java:43)
08-05 18:04:22.380  9544 14002 E baseline.com.newsblur.network.APIResponse: 	at okhttp3.internal.http.RealInterceptorChain.proceed(RealInterceptorChain.java:142)
08-05 18:04:22.380  9544 14002 E baseline.com.newsblur.network.APIResponse: 	at okhttp3.internal.http.RealInterceptorChain.proceed(RealInterceptorChain.java:117)
08-05 18:04:22.380  9544 14002 E baseline.com.newsblur.network.APIResponse: 	at okhttp3.internal.cache.CacheInterceptor.intercept(CacheInterceptor.java:94)
08-05 18:04:22.380  9544 14002 E baseline.com.newsblur.network.APIResponse: 	at okhttp3.internal.http.RealInterceptorChain.proceed(RealInterceptorChain.java:142)
08-05 18:04:22.380  9544 14002 E baseline.com.newsblur.network.APIResponse: 	at okhttp3.internal.http.RealInterceptorChain.proceed(RealInterceptorChain.java:117)
08-05 18:04:22.380  9544 14002 E baseline.com.newsblur.network.APIResponse: 	at okhttp3.internal.http.BridgeInterceptor.intercept(BridgeInterceptor.java:93)
08-05 18:04:22.380  9544 14002 E baseline.com.newsblur.network.APIResponse: 	at okhttp3.internal.http.RealInterceptorChain.proceed(RealInterceptorChain.java:142)
08-05 18:04:22.380  9544 14002 E baseline.com.newsblur.network.APIResponse: 	at okhttp3.internal.http.RetryAndFollowUpInterceptor.intercept(RetryAndFollowUpInterceptor.java:88)
08-05 18:04:22.380  9544 14002 E baseline.com.newsblur.network.APIResponse: 	at okhttp3.internal.http.RealInterceptorChain.proceed(RealInterceptorChain.java:142)
08-05 18:04:22.380  9544 14002 E baseline.com.newsblur.network.APIResponse: 	at okhttp3.internal.http.RealInterceptorChain.proceed(RealInterceptorChain.java:117)
08-05 18:04:22.380  9544 14002 E baseline.com.newsblur.network.APIResponse: 	at okhttp3.RealCall.getResponseWithInterceptorChain(RealCall.java:229)
08-05 18:04:22.380  9544 14002 E baseline.com.newsblur.network.APIResponse: 	at okhttp3.RealCall.execute(RealCall.java:81)
08-05 18:04:22.380  9544 14002 E baseline.com.newsblur.network.APIResponse: 	at baseline.com.newsblur.network.APIResponse.<init>(APIResponse.java:57)
08-05 18:04:22.380  9544 14002 E baseline.com.newsblur.network.APIResponse: 	at baseline.com.newsblur.network.APIResponse.<init>(APIResponse.java:43)
08-05 18:04:22.380  9544 14002 E baseline.com.newsblur.network.APIResponse: 	at baseline.com.newsblur.network.APIManager.post_single(APIManager.java:702)
08-05 18:04:22.380  9544 14002 E baseline.com.newsblur.network.APIResponse: 	at baseline.com.newsblur.network.APIManager.post(APIManager.java:675)
08-05 18:04:22.380  9544 14002 E baseline.com.newsblur.network.APIResponse: 	at baseline.com.newsblur.network.APIManager.post(APIManager.java:714)
08-05 18:04:22.380  9544 14002 E baseline.com.newsblur.network.APIResponse: 	at baseline.com.newsblur.network.APIManager.markStoryAsRead(APIManager.java:205)
08-05 18:04:22.380  9544 14002 E baseline.com.newsblur.network.APIResponse: 	at baseline.com.newsblur.util.ReadingAction.doRemote(ReadingAction.java:281)
08-05 18:04:22.380  9544 14002 E baseline.com.newsblur.network.APIResponse: 	at baseline.com.newsblur.service.NBSyncService.syncActions(NBSyncService.java:400)
08-05 18:04:22.380  9544 14002 E baseline.com.newsblur.network.APIResponse: 	at baseline.com.newsblur.service.NBSyncService.doSync(NBSyncService.java:298)
08-05 18:04:22.380  9544 14002 E baseline.com.newsblur.network.APIResponse: 	at baseline.com.newsblur.service.NBSyncService.access$100(NBSyncService.java:67)
08-05 18:04:22.380  9544 14002 E baseline.com.newsblur.network.APIResponse: 	at baseline.com.newsblur.service.NBSyncService$1.run(NBSyncService.java:188)
08-05 18:04:22.380  9544 14002 E baseline.com.newsblur.network.APIResponse: 	at java.util.concurrent.ThreadPoolExecutor.runWorker(ThreadPoolExecutor.java:1113)
08-05 18:04:22.380  9544 14002 E baseline.com.newsblur.network.APIResponse: 	at java.util.concurrent.ThreadPoolExecutor$Worker.run(ThreadPoolExecutor.java:588)
08-05 18:04:22.380  9544 14002 E baseline.com.newsblur.network.APIResponse: 	at java.lang.Thread.run(Thread.java:818)
08-05 18:04:22.380  9544 14002 E baseline.com.newsblur.network.APIResponse: Caused by: java.io.EOFException: \n not found: limit=0 content=
08-05 18:04:22.380  9544 14002 E baseline.com.newsblur.network.APIResponse: 	at okio.RealBufferedSource.readUtf8LineStrict(RealBufferedSource.java:240)
08-05 18:04:22.380  9544 14002 E baseline.com.newsblur.network.APIResponse: 	at okhttp3.internal.http1.Http1ExchangeCodec.readHeaderLine(Http1ExchangeCodec.java:242)
08-05 18:04:22.380  9544 14002 E baseline.com.newsblur.network.APIResponse: 	at okhttp3.internal.http1.Http1ExchangeCodec.readResponseHeaders(Http1ExchangeCodec.java:213)
08-05 18:04:22.380  9544 14002 E baseline.com.newsblur.network.APIResponse: 	... 30 more
08-05 18:04:22.380  9544 14002 I baseline.com.newsblur.network.APIManager: API call failed, pausing before retry number 2
08-05 18:04:22.660  9544  9573 I art     : Starting a blocking GC Explicit
08-05 18:04:22.701  9544  9573 I art     : Explicit concurrent mark sweep GC freed 3947(357KB) AllocSpace objects, 3(60KB) LOS objects, 30% free, 36MB/52MB, paused 1.073ms total 40.659ms
08-05 18:04:22.703 12013 12013 I ServiceManager: Waiting for service AtCmdFwd...
08-05 18:04:22.714  9544  9573 I art     : Starting a blocking GC Explicit
08-05 18:04:22.749   518   646 I ThermalEngine: ACTION: GPU - Setting GPU[0] to 390000000
08-05 18:04:22.758  9544  9573 I art     : Explicit concurrent mark sweep GC freed 109(3KB) AllocSpace objects, 0(0B) LOS objects, 30% free, 36MB/52MB, paused 2.129ms total 44.027ms
08-05 18:04:22.780  9544  9573 I art     : Starting a blocking GC Explicit
08-05 18:04:22.823  9544  9573 I art     : Explicit concurrent mark sweep GC freed 3(96B) AllocSpace objects, 0(0B) LOS objects, 30% free, 36MB/52MB, paused 1.560ms total 43.067ms
08-05 18:04:22.841  9544  9573 I art     : Starting a blocking GC Explicit
08-05 18:04:22.885  9544  9573 I art     : Explicit concurrent mark sweep GC freed 3(96B) AllocSpace objects, 0(0B) LOS objects, 30% free, 36MB/52MB, paused 1.822ms total 43.088ms
08-05 18:04:22.902  9544  9573 I art     : Starting a blocking GC Explicit
08-05 18:04:22.946  9544  9573 I art     : Explicit concurrent mark sweep GC freed 3(96B) AllocSpace objects, 0(0B) LOS objects, 30% free, 36MB/52MB, paused 2.411ms total 42.936ms
08-05 18:04:23.352  9544  9573 I art     : Starting a blocking GC Explicit
08-05 18:04:23.400  9544  9573 I art     : Explicit concurrent mark sweep GC freed 1440(83KB) AllocSpace objects, 1(20KB) LOS objects, 30% free, 36MB/52MB, paused 2.453ms total 47.747ms
08-05 18:04:23.418  9544  9573 I art     : Starting a blocking GC Explicit
08-05 18:04:23.458  9544  9573 I art     : Explicit concurrent mark sweep GC freed 22(784B) AllocSpace objects, 0(0B) LOS objects, 30% free, 36MB/52MB, paused 1.666ms total 39.984ms
08-05 18:04:23.474  9544  9573 I art     : Starting a blocking GC Explicit
08-05 18:04:23.515  9544  9573 I art     : Explicit concurrent mark sweep GC freed 3(96B) AllocSpace objects, 0(0B) LOS objects, 30% free, 36MB/52MB, paused 1.669ms total 40.782ms
08-05 18:04:23.532  9544  9573 I art     : Starting a blocking GC Explicit
08-05 18:04:23.571  9544  9573 I art     : Explicit concurrent mark sweep GC freed 3(96B) AllocSpace objects, 0(0B) LOS objects, 30% free, 36MB/52MB, paused 1.688ms total 38.472ms
08-05 18:04:23.589  9544  9573 I art     : Starting a blocking GC Explicit
08-05 18:04:23.631  9544  9573 I art     : Explicit concurrent mark sweep GC freed 3(96B) AllocSpace objects, 0(0B) LOS objects, 30% free, 36MB/52MB, paused 2.195ms total 42.053ms
08-05 18:04:23.704 12013 12013 I ServiceManager: Waiting for service AtCmdFwd...
08-05 18:04:24.018  9544 13634 I art     : Starting a blocking GC Explicit
08-05 18:04:24.068  9544 13634 I art     : Explicit concurrent mark sweep GC freed 1440(83KB) AllocSpace objects, 1(20KB) LOS objects, 30% free, 36MB/52MB, paused 2.492ms total 49.687ms
08-05 18:04:24.089  9544 13634 I art     : Starting a blocking GC Explicit
08-05 18:04:24.135  9544 13634 I art     : Explicit concurrent mark sweep GC freed 22(784B) AllocSpace objects, 0(0B) LOS objects, 30% free, 36MB/52MB, paused 1.694ms total 45.806ms
08-05 18:04:24.153  9544 13634 I art     : Starting a blocking GC Explicit
08-05 18:04:24.195  9544 13634 I art     : Explicit concurrent mark sweep GC freed 3(96B) AllocSpace objects, 0(0B) LOS objects, 30% free, 36MB/52MB, paused 2.137ms total 42.140ms
08-05 18:04:24.216  9544 13634 I art     : Starting a blocking GC Explicit
08-05 18:04:24.265  9544 13634 I art     : Explicit concurrent mark sweep GC freed 3(96B) AllocSpace objects, 0(0B) LOS objects, 30% free, 36MB/52MB, paused 2.129ms total 48.340ms
08-05 18:04:24.283  9544 13634 I art     : Starting a blocking GC Explicit
08-05 18:04:24.325  9544 13634 I art     : Explicit concurrent mark sweep GC freed 3(96B) AllocSpace objects, 0(0B) LOS objects, 30% free, 36MB/52MB, paused 1.834ms total 41.478ms
08-05 18:04:24.704 12013 12013 I ServiceManager: Waiting for service AtCmdFwd...
08-05 18:04:24.712  9544  9570 I art     : Starting a blocking GC Explicit
08-05 18:04:24.756  9544  9570 I art     : Explicit concurrent mark sweep GC freed 1438(82KB) AllocSpace objects, 1(20KB) LOS objects, 30% free, 36MB/52MB, paused 1.918ms total 43.326ms
08-05 18:04:24.774  9544  9570 I art     : Starting a blocking GC Explicit
08-05 18:04:24.816  9544  9570 I art     : Explicit concurrent mark sweep GC freed 22(784B) AllocSpace objects, 0(0B) LOS objects, 30% free, 36MB/52MB, paused 2.201ms total 42.414ms
08-05 18:04:24.834  9544  9570 I art     : Starting a blocking GC Explicit
08-05 18:04:24.876  9544  9570 I art     : Explicit concurrent mark sweep GC freed 5(176B) AllocSpace objects, 0(0B) LOS objects, 30% free, 36MB/52MB, paused 1.538ms total 41.192ms
08-05 18:04:24.893  9544  9570 I art     : Starting a blocking GC Explicit
08-05 18:04:24.937  9544  9570 I art     : Explicit concurrent mark sweep GC freed 3(96B) AllocSpace objects, 0(0B) LOS objects, 30% free, 36MB/52MB, paused 1.842ms total 43.232ms
08-05 18:04:24.954  9544  9570 I art     : Starting a blocking GC Explicit
08-05 18:04:24.998  9544  9570 I art     : Explicit concurrent mark sweep GC freed 3(96B) AllocSpace objects, 0(0B) LOS objects, 30% free, 36MB/52MB, paused 2.648ms total 42.817ms
08-05 18:04:25.382  9544 13631 I art     : Starting a blocking GC Explicit
08-05 18:04:25.435  9544 13631 I art     : Explicit concurrent mark sweep GC freed 1526(86KB) AllocSpace objects, 1(20KB) LOS objects, 30% free, 36MB/52MB, paused 1.987ms total 52.888ms
08-05 18:04:25.453  9544 13631 I art     : Starting a blocking GC Explicit
08-05 18:04:25.498  9544 13631 I art     : Explicit concurrent mark sweep GC freed 31(1184B) AllocSpace objects, 0(0B) LOS objects, 30% free, 36MB/52MB, paused 2.117ms total 44.418ms
08-05 18:04:25.518  9544 13631 I art     : Starting a blocking GC Explicit
08-05 18:04:25.560  9544 13631 I art     : Explicit concurrent mark sweep GC freed 77(5KB) AllocSpace objects, 0(0B) LOS objects, 30% free, 36MB/52MB, paused 1.791ms total 41.886ms
08-05 18:04:25.577  9544 13631 I art     : Starting a blocking GC Explicit
08-05 18:04:25.622  9544 13631 I art     : Explicit concurrent mark sweep GC freed 3(96B) AllocSpace objects, 0(0B) LOS objects, 30% free, 36MB/52MB, paused 2.037ms total 44.273ms
08-05 18:04:25.643  9544 13631 I art     : Starting a blocking GC Explicit
08-05 18:04:25.691  9544 13631 I art     : Explicit concurrent mark sweep GC freed 3(96B) AllocSpace objects, 0(0B) LOS objects, 30% free, 36MB/52MB, paused 1.858ms total 47.214ms
08-05 18:04:25.705 12013 12013 I ServiceManager: Waiting for service AtCmdFwd...
08-05 18:04:25.966  9544 14002 E baseline.com.newsblur.network.APIResponse: Error (unexpected end of stream on https://www.newsblur.com/...) calling https://www.newsblur.com/reader/mark_story_hashes_as_read/
08-05 18:04:25.966  9544 14002 E baseline.com.newsblur.network.APIResponse: java.io.IOException: unexpected end of stream on https://www.newsblur.com/...
08-05 18:04:25.966  9544 14002 E baseline.com.newsblur.network.APIResponse: 	at okhttp3.internal.http1.Http1ExchangeCodec.readResponseHeaders(Http1ExchangeCodec.java:236)
08-05 18:04:25.966  9544 14002 E baseline.com.newsblur.network.APIResponse: 	at okhttp3.internal.connection.Exchange.readResponseHeaders(Exchange.java:115)
08-05 18:04:25.966  9544 14002 E baseline.com.newsblur.network.APIResponse: 	at okhttp3.internal.http.CallServerInterceptor.intercept(CallServerInterceptor.java:94)
08-05 18:04:25.966  9544 14002 E baseline.com.newsblur.network.APIResponse: 	at okhttp3.internal.http.RealInterceptorChain.proceed(RealInterceptorChain.java:142)
08-05 18:04:25.966  9544 14002 E baseline.com.newsblur.network.APIResponse: 	at okhttp3.internal.connection.ConnectInterceptor.intercept(ConnectInterceptor.java:43)
08-05 18:04:25.966  9544 14002 E baseline.com.newsblur.network.APIResponse: 	at okhttp3.internal.http.RealInterceptorChain.proceed(RealInterceptorChain.java:142)
08-05 18:04:25.966  9544 14002 E baseline.com.newsblur.network.APIResponse: 	at okhttp3.internal.http.RealInterceptorChain.proceed(RealInterceptorChain.java:117)
08-05 18:04:25.966  9544 14002 E baseline.com.newsblur.network.APIResponse: 	at okhttp3.internal.cache.CacheInterceptor.intercept(CacheInterceptor.java:94)
08-05 18:04:25.966  9544 14002 E baseline.com.newsblur.network.APIResponse: 	at okhttp3.internal.http.RealInterceptorChain.proceed(RealInterceptorChain.java:142)
08-05 18:04:25.966  9544 14002 E baseline.com.newsblur.network.APIResponse: 	at okhttp3.internal.http.RealInterceptorChain.proceed(RealInterceptorChain.java:117)
08-05 18:04:25.966  9544 14002 E baseline.com.newsblur.network.APIResponse: 	at okhttp3.internal.http.BridgeInterceptor.intercept(BridgeInterceptor.java:93)
08-05 18:04:25.966  9544 14002 E baseline.com.newsblur.network.APIResponse: 	at okhttp3.internal.http.RealInterceptorChain.proceed(RealInterceptorChain.java:142)
08-05 18:04:25.966  9544 14002 E baseline.com.newsblur.network.APIResponse: 	at okhttp3.internal.http.RetryAndFollowUpInterceptor.intercept(RetryAndFollowUpInterceptor.java:88)
08-05 18:04:25.966  9544 14002 E baseline.com.newsblur.network.APIResponse: 	at okhttp3.internal.http.RealInterceptorChain.proceed(RealInterceptorChain.java:142)
08-05 18:04:25.966  9544 14002 E baseline.com.newsblur.network.APIResponse: 	at okhttp3.internal.http.RealInterceptorChain.proceed(RealInterceptorChain.java:117)
08-05 18:04:25.966  9544 14002 E baseline.com.newsblur.network.APIResponse: 	at okhttp3.RealCall.getResponseWithInterceptorChain(RealCall.java:229)
08-05 18:04:25.966  9544 14002 E baseline.com.newsblur.network.APIResponse: 	at okhttp3.RealCall.execute(RealCall.java:81)
08-05 18:04:25.966  9544 14002 E baseline.com.newsblur.network.APIResponse: 	at baseline.com.newsblur.network.APIResponse.<init>(APIResponse.java:57)
08-05 18:04:25.966  9544 14002 E baseline.com.newsblur.network.APIResponse: 	at baseline.com.newsblur.network.APIResponse.<init>(APIResponse.java:43)
08-05 18:04:25.966  9544 14002 E baseline.com.newsblur.network.APIResponse: 	at baseline.com.newsblur.network.APIManager.post_single(APIManager.java:702)
08-05 18:04:25.966  9544 14002 E baseline.com.newsblur.network.APIResponse: 	at baseline.com.newsblur.network.APIManager.post(APIManager.java:675)
08-05 18:04:25.966  9544 14002 E baseline.com.newsblur.network.APIResponse: 	at baseline.com.newsblur.network.APIManager.post(APIManager.java:714)
08-05 18:04:25.966  9544 14002 E baseline.com.newsblur.network.APIResponse: 	at baseline.com.newsblur.network.APIManager.markStoryAsRead(APIManager.java:205)
08-05 18:04:25.966  9544 14002 E baseline.com.newsblur.network.APIResponse: 	at baseline.com.newsblur.util.ReadingAction.doRemote(ReadingAction.java:281)
08-05 18:04:25.966  9544 14002 E baseline.com.newsblur.network.APIResponse: 	at baseline.com.newsblur.service.NBSyncService.syncActions(NBSyncService.java:400)
08-05 18:04:25.966  9544 14002 E baseline.com.newsblur.network.APIResponse: 	at baseline.com.newsblur.service.NBSyncService.doSync(NBSyncService.java:298)
08-05 18:04:25.966  9544 14002 E baseline.com.newsblur.network.APIResponse: 	at baseline.com.newsblur.service.NBSyncService.access$100(NBSyncService.java:67)
08-05 18:04:25.966  9544 14002 E baseline.com.newsblur.network.APIResponse: 	at baseline.com.newsblur.service.NBSyncService$1.run(NBSyncService.java:188)
08-05 18:04:25.966  9544 14002 E baseline.com.newsblur.network.APIResponse: 	at java.util.concurrent.ThreadPoolExecutor.runWorker(ThreadPoolExecutor.java:1113)
08-05 18:04:25.966  9544 14002 E baseline.com.newsblur.network.APIResponse: 	at java.util.concurrent.ThreadPoolExecutor$Worker.run(ThreadPoolExecutor.java:588)
08-05 18:04:25.966  9544 14002 E baseline.com.newsblur.network.APIResponse: 	at java.lang.Thread.run(Thread.java:818)
08-05 18:04:25.966  9544 14002 E baseline.com.newsblur.network.APIResponse: Caused by: java.io.EOFException: \n not found: limit=0 content=
08-05 18:04:25.966  9544 14002 E baseline.com.newsblur.network.APIResponse: 	at okio.RealBufferedSource.readUtf8LineStrict(RealBufferedSource.java:240)
08-05 18:04:25.966  9544 14002 E baseline.com.newsblur.network.APIResponse: 	at okhttp3.internal.http1.Http1ExchangeCodec.readHeaderLine(Http1ExchangeCodec.java:242)
08-05 18:04:25.966  9544 14002 E baseline.com.newsblur.network.APIResponse: 	at okhttp3.internal.http1.Http1ExchangeCodec.readResponseHeaders(Http1ExchangeCodec.java:213)
08-05 18:04:25.966  9544 14002 E baseline.com.newsblur.network.APIResponse: 	... 30 more
08-05 18:04:25.968  9544 14002 I baseline.com.newsblur.service.NBSyncService: Holding reading action with server-side or network error.
08-05 18:04:25.991  9544 14002 W baseline.com.newsblur.service.NBSyncService: hard API failure
08-05 18:04:26.080  9544 13634 I art     : Starting a blocking GC Explicit
08-05 18:04:26.124  9544 13634 I art     : Explicit concurrent mark sweep GC freed 4919(564KB) AllocSpace objects, 16(320KB) LOS objects, 30% free, 36MB/52MB, paused 1.645ms total 43.143ms
08-05 18:04:26.141  9544 13634 I art     : Starting a blocking GC Explicit
08-05 18:04:26.185  9544 13634 I art     : Explicit concurrent mark sweep GC freed 607(22KB) AllocSpace objects, 0(0B) LOS objects, 30% free, 36MB/52MB, paused 1.582ms total 43.324ms
08-05 18:04:26.203  9544 13634 I art     : Starting a blocking GC Explicit
08-05 18:04:26.247  9544 13634 I art     : Explicit concurrent mark sweep GC freed 3(96B) AllocSpace objects, 0(0B) LOS objects, 30% free, 36MB/52MB, paused 1.903ms total 43.366ms
08-05 18:04:26.265  9544 13634 I art     : Starting a blocking GC Explicit
08-05 18:04:26.309  9544 13634 I art     : Explicit concurrent mark sweep GC freed 3(96B) AllocSpace objects, 0(0B) LOS objects, 30% free, 36MB/52MB, paused 1.926ms total 43.458ms
08-05 18:04:26.327  9544 13634 I art     : Starting a blocking GC Explicit
08-05 18:04:26.370  9544 13634 I art     : Explicit concurrent mark sweep GC freed 3(96B) AllocSpace objects, 0(0B) LOS objects, 30% free, 36MB/52MB, paused 1.695ms total 42.910ms
08-05 18:04:26.705 12013 12013 I ServiceManager: Waiting for service AtCmdFwd...
08-05 18:04:26.762  9544  9570 I art     : Starting a blocking GC Explicit
08-05 18:04:26.807  9544  9570 I art     : Explicit concurrent mark sweep GC freed 1401(80KB) AllocSpace objects, 1(20KB) LOS objects, 30% free, 36MB/52MB, paused 1.994ms total 44.763ms
08-05 18:04:26.826  9544  9570 I art     : Starting a blocking GC Explicit
08-05 18:04:26.869  9544  9570 I art     : Explicit concurrent mark sweep GC freed 20(704B) AllocSpace objects, 0(0B) LOS objects, 30% free, 36MB/52MB, paused 1.708ms total 42.331ms
08-05 18:04:26.887  9544  9570 I art     : Starting a blocking GC Explicit
08-05 18:04:26.931  9544  9570 I art     : Explicit concurrent mark sweep GC freed 3(96B) AllocSpace objects, 0(0B) LOS objects, 30% free, 36MB/52MB, paused 1.934ms total 43.366ms
08-05 18:04:26.948  9544  9570 I art     : Starting a blocking GC Explicit
08-05 18:04:26.992  9544  9570 I art     : Explicit concurrent mark sweep GC freed 3(96B) AllocSpace objects, 0(0B) LOS objects, 30% free, 36MB/52MB, paused 1.603ms total 43.508ms
08-05 18:04:27.010  9544  9570 I art     : Starting a blocking GC Explicit
08-05 18:04:27.054  9544  9570 I art     : Explicit concurrent mark sweep GC freed 3(96B) AllocSpace objects, 0(0B) LOS objects, 30% free, 36MB/52MB, paused 1.690ms total 43.057ms
08-05 18:04:27.456  9544  9573 I art     : Starting a blocking GC Explicit
08-05 18:04:27.501  9544  9573 I art     : Explicit concurrent mark sweep GC freed 1398(80KB) AllocSpace objects, 1(20KB) LOS objects, 30% free, 36MB/52MB, paused 1.836ms total 44.134ms
08-05 18:04:27.521  9544  9573 I art     : Starting a blocking GC Explicit
08-05 18:04:27.563  9544  9573 I art     : Explicit concurrent mark sweep GC freed 20(704B) AllocSpace objects, 0(0B) LOS objects, 30% free, 36MB/52MB, paused 1.684ms total 41.381ms
08-05 18:04:27.581  9544  9573 I art     : Starting a blocking GC Explicit
08-05 18:04:27.624  9544  9573 I art     : Explicit concurrent mark sweep GC freed 3(96B) AllocSpace objects, 0(0B) LOS objects, 30% free, 36MB/52MB, paused 1.597ms total 42.616ms
08-05 18:04:27.641  9544  9573 I art     : Starting a blocking GC Explicit
08-05 18:04:27.686  9544  9573 I art     : Explicit concurrent mark sweep GC freed 3(96B) AllocSpace objects, 0(0B) LOS objects, 30% free, 36MB/52MB, paused 1.580ms total 44.026ms
08-05 18:04:27.704  9544  9573 I art     : Starting a blocking GC Explicit
08-05 18:04:27.706 12013 12013 W Atfwd_Sendcmd: AtCmdFwd service not published, waiting... retryCnt : 5
08-05 18:04:27.747  9544  9573 I art     : Explicit concurrent mark sweep GC freed 3(96B) AllocSpace objects, 0(0B) LOS objects, 30% free, 36MB/52MB, paused 1.587ms total 42.813ms
08-05 18:04:28.128  9544 13631 I art     : Starting a blocking GC Explicit
08-05 18:04:28.173  9544 13631 I art     : Explicit concurrent mark sweep GC freed 1398(80KB) AllocSpace objects, 1(20KB) LOS objects, 30% free, 36MB/52MB, paused 2.036ms total 44.494ms
08-05 18:04:28.193  9544 13631 I art     : Starting a blocking GC Explicit
08-05 18:04:28.236  9544 13631 I art     : Explicit concurrent mark sweep GC freed 20(704B) AllocSpace objects, 0(0B) LOS objects, 30% free, 36MB/52MB, paused 1.585ms total 42.057ms
08-05 18:04:28.253  9544 13631 I art     : Starting a blocking GC Explicit
08-05 18:04:28.297  9544 13631 I art     : Explicit concurrent mark sweep GC freed 3(96B) AllocSpace objects, 0(0B) LOS objects, 30% free, 36MB/52MB, paused 1.732ms total 43.021ms
08-05 18:04:28.314  9544 13631 I art     : Starting a blocking GC Explicit
08-05 18:04:28.358  9544 13631 I art     : Explicit concurrent mark sweep GC freed 3(96B) AllocSpace objects, 0(0B) LOS objects, 30% free, 36MB/52MB, paused 1.720ms total 43.331ms
08-05 18:04:28.376  9544 13631 I art     : Starting a blocking GC Explicit
08-05 18:04:28.419  9544 13631 I art     : Explicit concurrent mark sweep GC freed 3(96B) AllocSpace objects, 0(0B) LOS objects, 30% free, 36MB/52MB, paused 1.733ms total 43.006ms
08-05 18:04:28.795  9544 13634 I art     : Starting a blocking GC Explicit
08-05 18:04:28.839  9544 13634 I art     : Explicit concurrent mark sweep GC freed 1398(80KB) AllocSpace objects, 1(20KB) LOS objects, 30% free, 36MB/52MB, paused 1.788ms total 43.919ms
08-05 18:04:28.858  9544 13634 I art     : Starting a blocking GC Explicit
08-05 18:04:28.902  9544 13634 I art     : Explicit concurrent mark sweep GC freed 20(704B) AllocSpace objects, 0(0B) LOS objects, 30% free, 36MB/52MB, paused 1.798ms total 43.121ms
08-05 18:04:28.920  9544 13634 I art     : Starting a blocking GC Explicit
08-05 18:04:28.964  9544 13634 I art     : Explicit concurrent mark sweep GC freed 3(96B) AllocSpace objects, 0(0B) LOS objects, 30% free, 36MB/52MB, paused 1.658ms total 43.328ms
08-05 18:04:28.981  9544 13634 I art     : Starting a blocking GC Explicit
08-05 18:04:29.025  9544 13634 I art     : Explicit concurrent mark sweep GC freed 3(96B) AllocSpace objects, 0(0B) LOS objects, 30% free, 36MB/52MB, paused 1.573ms total 43.166ms
08-05 18:04:29.043  9544 13634 I art     : Starting a blocking GC Explicit
08-05 18:04:29.087  9544 13634 I art     : Explicit concurrent mark sweep GC freed 3(96B) AllocSpace objects, 0(0B) LOS objects, 30% free, 36MB/52MB, paused 1.891ms total 43.287ms
08-05 18:04:29.407   918  3261 D WifiStateMachine: starting scan for "H369AA63323"WPA_PSK with 2412,5180
08-05 18:04:29.465  9544  9570 I art     : Starting a blocking GC Explicit
08-05 18:04:29.510  9544  9570 I art     : Explicit concurrent mark sweep GC freed 1398(80KB) AllocSpace objects, 1(20KB) LOS objects, 30% free, 36MB/52MB, paused 1.736ms total 44.349ms
08-05 18:04:29.530  9544  9570 I art     : Starting a blocking GC Explicit
08-05 18:04:29.573  9544  9570 I art     : Explicit concurrent mark sweep GC freed 20(704B) AllocSpace objects, 0(0B) LOS objects, 30% free, 36MB/52MB, paused 1.535ms total 42.561ms
08-05 18:04:29.590  9544  9570 I art     : Starting a blocking GC Explicit
08-05 18:04:29.633  9544  9570 I art     : Explicit concurrent mark sweep GC freed 3(96B) AllocSpace objects, 0(0B) LOS objects, 30% free, 36MB/52MB, paused 1.741ms total 42.861ms
08-05 18:04:29.651  9544  9570 I art     : Starting a blocking GC Explicit
08-05 18:04:29.696  9544  9570 I art     : Explicit concurrent mark sweep GC freed 3(96B) AllocSpace objects, 0(0B) LOS objects, 30% free, 36MB/52MB, paused 1.562ms total 44.002ms
08-05 18:04:29.714  9544  9570 I art     : Starting a blocking GC Explicit
08-05 18:04:29.757   518   646 I ThermalEngine: ACTION: GPU - Setting GPU[0] to 450000000
08-05 18:04:29.760  9544  9570 I art     : Explicit concurrent mark sweep GC freed 14(944B) AllocSpace objects, 0(0B) LOS objects, 30% free, 36MB/52MB, paused 1.920ms total 45.782ms
08-05 18:04:30.119  9544 13631 I art     : Starting a blocking GC Explicit
08-05 18:04:30.157  9544 13631 I art     : Explicit concurrent mark sweep GC freed 1406(80KB) AllocSpace objects, 1(20KB) LOS objects, 30% free, 36MB/52MB, paused 1.155ms total 37.321ms
08-05 18:04:30.169  9544 13631 I art     : Starting a blocking GC Explicit
08-05 18:04:30.207  9544 13631 I art     : Explicit concurrent mark sweep GC freed 26(928B) AllocSpace objects, 0(0B) LOS objects, 30% free, 36MB/52MB, paused 1.157ms total 37.633ms
08-05 18:04:30.219  9544 13631 I art     : Starting a blocking GC Explicit
08-05 18:04:30.256  9544 13631 I art     : Explicit concurrent mark sweep GC freed 3(96B) AllocSpace objects, 0(0B) LOS objects, 30% free, 36MB/52MB, paused 1.119ms total 36.284ms
08-05 18:04:30.268  9544 13631 I art     : Starting a blocking GC Explicit
08-05 18:04:30.306  9544 13631 I art     : Explicit concurrent mark sweep GC freed 3(96B) AllocSpace objects, 0(0B) LOS objects, 30% free, 36MB/52MB, paused 1.143ms total 38.006ms
08-05 18:04:30.319  9544 13631 I art     : Starting a blocking GC Explicit
08-05 18:04:30.357  9544 13631 I art     : Explicit concurrent mark sweep GC freed 3(96B) AllocSpace objects, 0(0B) LOS objects, 30% free, 36MB/52MB, paused 1.151ms total 37.786ms
08-05 18:04:30.739  9544 13634 I art     : Starting a blocking GC Explicit
08-05 18:04:30.776  9544 13634 I art     : Explicit concurrent mark sweep GC freed 1398(80KB) AllocSpace objects, 1(20KB) LOS objects, 30% free, 36MB/52MB, paused 1.145ms total 36.117ms
08-05 18:04:30.787  9544 13634 I art     : Starting a blocking GC Explicit
08-05 18:04:30.824  9544 13634 I art     : Explicit concurrent mark sweep GC freed 20(704B) AllocSpace objects, 0(0B) LOS objects, 30% free, 36MB/52MB, paused 1.102ms total 36.781ms
08-05 18:04:30.837  9544 13634 I art     : Starting a blocking GC Explicit
08-05 18:04:30.873  9544 13634 I art     : Explicit concurrent mark sweep GC freed 3(96B) AllocSpace objects, 0(0B) LOS objects, 30% free, 36MB/52MB, paused 1.112ms total 35.775ms
08-05 18:04:30.885  9544 13634 I art     : Starting a blocking GC Explicit
08-05 18:04:30.924  9544 13634 I art     : Explicit concurrent mark sweep GC freed 3(96B) AllocSpace objects, 0(0B) LOS objects, 30% free, 36MB/52MB, paused 1.075ms total 37.929ms
08-05 18:04:30.936  9544 13634 I art     : Starting a blocking GC Explicit
08-05 18:04:30.974  9544 13634 I art     : Explicit concurrent mark sweep GC freed 3(96B) AllocSpace objects, 0(0B) LOS objects, 30% free, 36MB/52MB, paused 1.116ms total 37.391ms
08-05 18:04:31.340  9544  9573 I art     : Starting a blocking GC Explicit
08-05 18:04:31.378  9544  9573 I art     : Explicit concurrent mark sweep GC freed 1398(80KB) AllocSpace objects, 1(20KB) LOS objects, 30% free, 36MB/52MB, paused 1.179ms total 37.462ms
08-05 18:04:31.390  9544  9573 I art     : Starting a blocking GC Explicit
08-05 18:04:31.422  9544  9573 I art     : Explicit concurrent mark sweep GC freed 20(704B) AllocSpace objects, 0(0B) LOS objects, 30% free, 36MB/52MB, paused 1.123ms total 31.996ms
08-05 18:04:31.434  9544  9573 I art     : Starting a blocking GC Explicit
08-05 18:04:31.467  9544  9573 I art     : Explicit concurrent mark sweep GC freed 3(96B) AllocSpace objects, 0(0B) LOS objects, 30% free, 36MB/52MB, paused 1.244ms total 33.288ms
08-05 18:04:31.479  9544  9573 I art     : Starting a blocking GC Explicit
08-05 18:04:31.513  9544  9573 I art     : Explicit concurrent mark sweep GC freed 3(96B) AllocSpace objects, 0(0B) LOS objects, 30% free, 36MB/52MB, paused 1.168ms total 33.324ms
08-05 18:04:31.524  9544  9573 I art     : Starting a blocking GC Explicit
08-05 18:04:31.560  9544  9573 I art     : Explicit concurrent mark sweep GC freed 3(96B) AllocSpace objects, 0(0B) LOS objects, 30% free, 36MB/52MB, paused 1.170ms total 35.520ms
08-05 18:04:31.893 14191 14191 D AndroidRuntime: >>>>>> START com.android.internal.os.RuntimeInit uid 2000 <<<<<<
08-05 18:04:31.900 14191 14191 D AndroidRuntime: CheckJNI is OFF
08-05 18:04:31.931  9544  9570 I art     : Starting a blocking GC Explicit
08-05 18:04:31.946 14191 14191 D ICU     : No timezone override file found: /data/misc/zoneinfo/current/icu/icu_tzdata.dat
08-05 18:04:31.969  9544  9570 I art     : Explicit concurrent mark sweep GC freed 1398(80KB) AllocSpace objects, 1(20KB) LOS objects, 30% free, 36MB/52MB, paused 1.239ms total 37.340ms
08-05 18:04:31.981  9544  9570 I art     : Starting a blocking GC Explicit
08-05 18:04:31.995 14191 14191 I Radio-JNI: register_android_hardware_Radio DONE
08-05 18:04:32.016  9544  9570 I art     : Explicit concurrent mark sweep GC freed 20(704B) AllocSpace objects, 0(0B) LOS objects, 30% free, 36MB/52MB, paused 1.186ms total 35.358ms
08-05 18:04:32.025 14191 14191 D AndroidRuntime: Calling main entry com.android.commands.input.Input
08-05 18:04:32.027 14191 14191 I Input   : injectKeyEvent: KeyEvent { action=ACTION_DOWN, keyCode=KEYCODE_BACK, scanCode=0, metaState=0, flags=0x0, repeatCount=0, eventTime=813888440, downTime=813888440, deviceId=-1, source=0x101 }
08-05 18:04:32.028  9544  9570 I art     : Starting a blocking GC Explicit
08-05 18:04:32.034 14191 14191 I Input   : injectKeyEvent: KeyEvent { action=ACTION_UP, keyCode=KEYCODE_BACK, scanCode=0, metaState=0, flags=0x0, repeatCount=0, eventTime=813888440, downTime=813888440, deviceId=-1, source=0x101 }
08-05 18:04:32.043 14191 14191 D AndroidRuntime: Shutting down VM
08-05 18:04:32.062  9544  9570 I art     : Explicit concurrent mark sweep GC freed 200(25KB) AllocSpace objects, 2(40KB) LOS objects, 30% free, 36MB/52MB, paused 1.276ms total 33.531ms
08-05 18:04:32.073  9544  9570 I art     : Starting a blocking GC Explicit
08-05 18:04:32.103  9544  9570 I art     : Explicit concurrent mark sweep GC freed 48(14KB) AllocSpace objects, 0(0B) LOS objects, 30% free, 36MB/52MB, paused 1.051ms total 29.478ms
08-05 18:04:32.114  9544  9570 I art     : Starting a blocking GC Explicit
08-05 18:04:32.144  9544  9570 I art     : Explicit concurrent mark sweep GC freed 6(192B) AllocSpace objects, 0(0B) LOS objects, 30% free, 36MB/52MB, paused 1.066ms total 29.563ms
08-05 18:04:32.188 13866 13866 I GoogleInputMethodServic: GoogleInputMethodService.onFinishInput():3138 
08-05 18:04:32.188 13866 13866 I GoogleInputMethodServic: GoogleInputMethodService.onStartInput():1808 
08-05 18:04:32.462  9544  9570 I art     : Starting a blocking GC Explicit
08-05 18:04:32.506  9544  9570 I art     : Explicit concurrent mark sweep GC freed 4347(325KB) AllocSpace objects, 9(188KB) LOS objects, 30% free, 36MB/52MB, paused 2.756ms total 43.627ms
08-05 18:04:32.518  9544  9570 I art     : Starting a blocking GC Explicit
08-05 18:04:32.553  9544  9570 I art     : Explicit concurrent mark sweep GC freed 1478(67KB) AllocSpace objects, 0(0B) LOS objects, 30% free, 36MB/52MB, paused 1.702ms total 34.229ms
08-05 18:04:32.564  9544  9570 I art     : Starting a blocking GC Explicit
08-05 18:04:32.595  9544  9570 I art     : Explicit concurrent mark sweep GC freed 58(6KB) AllocSpace objects, 0(0B) LOS objects, 30% free, 36MB/52MB, paused 1.178ms total 30.913ms
08-05 18:04:32.607  9544  9570 I art     : Starting a blocking GC Explicit
08-05 18:04:32.640  9544  9570 I art     : Explicit concurrent mark sweep GC freed 136(6KB) AllocSpace objects, 0(0B) LOS objects, 30% free, 36MB/52MB, paused 1.210ms total 32.516ms
08-05 18:04:32.652  9544  9570 I art     : Starting a blocking GC Explicit
08-05 18:04:32.694  9544  9570 I art     : Explicit concurrent mark sweep GC freed 1343(84KB) AllocSpace objects, 2(120KB) LOS objects, 30% free, 36MB/52MB, paused 2.345ms total 41.269ms
08-05 18:04:32.753  9544 14214 I NAPPA_EXPERIMENTATION: MetricNetworkRequestExecutionTime: REQUEST_DURATION_SYSTEM='551',REQUEST_DURATION_OKHTTP='48',REQUEST_SYNCHRONOUS='TRUE',RESPONSE_CODE='200',RESPONSE_METHOD='GET',RESPONSE_LENGTH_OKHTTP='-1',RESPONSE_LENGTH_HEADER='12364',REQUEST_PROTOCOL='http/1.1',REQUEST_URL='https://www.newsblur.com/social/river_stories?order=newest&page=2&read_filter=all&global_feed=true',
08-05 18:04:32.753  9544 14214 D MY_TAG  : 0, 551
08-05 18:04:33.051  9544  9573 I art     : Starting a blocking GC Explicit
08-05 18:04:33.100  9544  9573 I art     : Explicit concurrent mark sweep GC freed 37071(2MB) AllocSpace objects, 34(940KB) LOS objects, 30% free, 36MB/52MB, paused 1.465ms total 48.461ms
08-05 18:04:33.115  9544  9573 I art     : Starting a blocking GC Explicit
08-05 18:04:33.153  9544  9573 I art     : Explicit concurrent mark sweep GC freed 2398(204KB) AllocSpace objects, 0(0B) LOS objects, 30% free, 36MB/52MB, paused 1.136ms total 37.759ms
08-05 18:04:33.166  9544  9573 I art     : Starting a blocking GC Explicit
08-05 18:04:33.203  9544  9573 I art     : Explicit concurrent mark sweep GC freed 9(288B) AllocSpace objects, 0(0B) LOS objects, 30% free, 36MB/52MB, paused 1.170ms total 36.762ms
08-05 18:04:33.216  9544  9573 I art     : Starting a blocking GC Explicit
08-05 18:04:33.253  9544  9573 I art     : Explicit concurrent mark sweep GC freed 9(288B) AllocSpace objects, 0(0B) LOS objects, 30% free, 36MB/52MB, paused 1.133ms total 36.288ms
08-05 18:04:33.266  9544  9573 I art     : Starting a blocking GC Explicit
08-05 18:04:33.304  9544  9573 I art     : Explicit concurrent mark sweep GC freed 9(288B) AllocSpace objects, 0(0B) LOS objects, 30% free, 36MB/52MB, paused 1.394ms total 37.160ms
08-05 18:04:33.649  9544 14226 I art     : Starting a blocking GC Explicit
08-05 18:04:33.688  9544 14226 I art     : Explicit concurrent mark sweep GC freed 1442(82KB) AllocSpace objects, 1(20KB) LOS objects, 30% free, 36MB/52MB, paused 1.250ms total 39.323ms
08-05 18:04:33.701  9544 14226 I art     : Starting a blocking GC Explicit
08-05 18:04:33.737  9544 14226 I art     : Explicit concurrent mark sweep GC freed 20(704B) AllocSpace objects, 0(0B) LOS objects, 30% free, 36MB/52MB, paused 1.243ms total 36.330ms
08-05 18:04:33.750  9544 14226 I art     : Starting a blocking GC Explicit
08-05 18:04:33.787  9544 14226 I art     : Explicit concurrent mark sweep GC freed 3(96B) AllocSpace objects, 0(0B) LOS objects, 30% free, 36MB/52MB, paused 1.223ms total 36.973ms
08-05 18:04:33.799  9544 14226 I art     : Starting a blocking GC Explicit
08-05 18:04:33.833 14240 14240 D AndroidRuntime: >>>>>> START com.android.internal.os.RuntimeInit uid 2000 <<<<<<
08-05 18:04:33.835  9544 14226 I art     : Explicit concurrent mark sweep GC freed 3(96B) AllocSpace objects, 0(0B) LOS objects, 30% free, 36MB/52MB, paused 1.254ms total 36.246ms
08-05 18:04:33.839 14240 14240 D AndroidRuntime: CheckJNI is OFF
08-05 18:04:33.848  9544 14226 I art     : Starting a blocking GC Explicit
08-05 18:04:33.884  9544 14226 I art     : Explicit concurrent mark sweep GC freed 3(96B) AllocSpace objects, 0(0B) LOS objects, 30% free, 36MB/52MB, paused 1.283ms total 36.215ms
08-05 18:04:33.885 14240 14240 D ICU     : No timezone override file found: /data/misc/zoneinfo/current/icu/icu_tzdata.dat
08-05 18:04:33.932 14240 14240 I Radio-JNI: register_android_hardware_Radio DONE
08-05 18:04:33.961 14240 14240 D AndroidRuntime: Calling main entry com.android.commands.input.Input
08-05 18:04:33.963 14240 14240 I Input   : injectMotionEvent: MotionEvent { action=ACTION_DOWN, actionButton=0, id[0]=0, x[0]=435.0, y[0]=858.0, toolType[0]=TOOL_TYPE_UNKNOWN, buttonState=0, metaState=0, flags=0x0, edgeFlags=0x0, pointerCount=1, historySize=0, eventTime=813890376, downTime=813890376, deviceId=0, source=0x1002 }
08-05 18:04:33.970 14240 14240 I Input   : injectMotionEvent: MotionEvent { action=ACTION_UP, actionButton=0, id[0]=0, x[0]=435.0, y[0]=858.0, toolType[0]=TOOL_TYPE_UNKNOWN, buttonState=0, metaState=0, flags=0x0, edgeFlags=0x0, pointerCount=1, historySize=0, eventTime=813890376, downTime=813890376, deviceId=0, source=0x1002 }
08-05 18:04:33.973 14240 14240 D AndroidRuntime: Shutting down VM
08-05 18:04:33.992   512  2967 D audio_hw_primary: out_set_parameters: enter: usecase(1: low-latency-playback) kvpairs: routing=2
08-05 18:04:33.993   918  3696 I ActivityManager: START u0 {cmp=baseline.com.newsblur/.activity.GlobalSharedStoriesReading (has extras)} from uid 10676 on display 0
08-05 18:04:34.005   512  2967 D audio_hw_primary: select_devices: out_snd_device(2: speaker) in_snd_device(0: none)
08-05 18:04:34.005   512  2967 D msm8974_platform: platform_send_audio_calibration: sending audio calibration for snd_device(2) acdb_id(15)
08-05 18:04:34.005   512  2967 I soundtrigger: audio_extn_sound_trigger_update_device_status: device 0x2 of type 0 for Event 1
08-05 18:04:34.015   512  2967 D audio_hw_primary: enable_snd_device: snd_device(2: speaker)
08-05 18:04:34.017   512  2967 D audio_hw_primary: enable_audio_route: apply and update mixer path: low-latency-playback speaker
08-05 18:04:34.202  9544 14226 I art     : Starting a blocking GC Explicit
08-05 18:04:34.228 13866 13866 I GoogleInputMethodServic: GoogleInputMethodService.onFinishInput():3138 
08-05 18:04:34.229 13866 13866 I GoogleInputMethodServic: GoogleInputMethodService.onStartInput():1808 
08-05 18:04:34.230   918   936 I ActivityManager: Displayed baseline.com.newsblur/.activity.GlobalSharedStoriesReading: +227ms
08-05 18:04:34.241  9544 14226 I art     : Explicit concurrent mark sweep GC freed 3394(276KB) AllocSpace objects, 7(568KB) LOS objects, 30% free, 36MB/52MB, paused 1.374ms total 38.298ms
08-05 18:04:34.263  9544 14226 I art     : Starting a blocking GC Explicit
08-05 18:04:34.301  9544 14226 I art     : Explicit concurrent mark sweep GC freed 1515(99KB) AllocSpace objects, 1(20KB) LOS objects, 30% free, 37MB/53MB, paused 1.546ms total 37.822ms
08-05 18:04:34.313  9544 14226 I art     : Starting a blocking GC Explicit
08-05 18:04:34.353  9544 14226 I art     : Explicit concurrent mark sweep GC freed 1374(79KB) AllocSpace objects, 2(40KB) LOS objects, 30% free, 37MB/53MB, paused 1.909ms total 39.723ms
08-05 18:04:34.365  9544 14226 I art     : Starting a blocking GC Explicit
08-05 18:04:34.407  9544 14226 I art     : Explicit concurrent mark sweep GC freed 1151(92KB) AllocSpace objects, 9(216KB) LOS objects, 29% free, 37MB/53MB, paused 3.866ms total 42.029ms
08-05 18:04:34.424  9544 14226 I art     : Starting a blocking GC Explicit
08-05 18:04:34.460  9544 14226 I art     : Explicit concurrent mark sweep GC freed 397(37KB) AllocSpace objects, 1(28KB) LOS objects, 30% free, 37MB/53MB, paused 1.892ms total 36.313ms
08-05 18:04:34.549   512  2967 D audio_hw_primary: disable_audio_route: reset and update mixer path: low-latency-playback speaker
08-05 18:04:34.550   512  2967 D audio_hw_primary: disable_snd_device: snd_device(2: speaker)
08-05 18:04:34.558   512  2967 I soundtrigger: audio_extn_sound_trigger_update_device_status: device 0x2 of type 0 for Event 0
08-05 18:04:34.568  9544 13984 E chromium: [ERROR:tile_manager.cc(793)] WARNING: tile memory limits exceeded, some content may not draw
08-05 18:04:34.568  9544 13984 E chromium: [ERROR:tile_manager.cc(793)] WARNING: tile memory limits exceeded, some content may not draw
08-05 18:04:34.821  9544  9573 I art     : Starting a blocking GC Explicit
08-05 18:04:34.866  9544  9573 I art     : Explicit concurrent mark sweep GC freed 5922(465KB) AllocSpace objects, 10(208KB) LOS objects, 29% free, 37MB/53MB, paused 1.380ms total 45.466ms
08-05 18:04:34.879  9544  9573 I art     : Starting a blocking GC Explicit
08-05 18:04:34.921  9544  9573 I art     : Explicit concurrent mark sweep GC freed 1032(49KB) AllocSpace objects, 0(0B) LOS objects, 29% free, 37MB/53MB, paused 1.227ms total 40.777ms
08-05 18:04:34.933  9544  9573 I art     : Starting a blocking GC Explicit
08-05 18:04:34.973  9544  9573 I art     : Explicit concurrent mark sweep GC freed 3(96B) AllocSpace objects, 0(0B) LOS objects, 29% free, 37MB/53MB, paused 1.205ms total 39.393ms
08-05 18:04:34.986  9544  9573 I art     : Starting a blocking GC Explicit
08-05 18:04:35.026  9544  9573 I art     : Explicit concurrent mark sweep GC freed 330(16KB) AllocSpace objects, 0(0B) LOS objects, 29% free, 37MB/53MB, paused 1.479ms total 40.531ms
08-05 18:04:35.040  9544  9573 I art     : Starting a blocking GC Explicit
08-05 18:04:35.078  9544  9573 I art     : Explicit concurrent mark sweep GC freed 2055(107KB) AllocSpace objects, 2(120KB) LOS objects, 29% free, 37MB/53MB, paused 1.334ms total 38.005ms
08-05 18:04:35.107  9544 14275 E baseline.com.newsblur.network.APIResponse: Error (unexpected end of stream on https://www.newsblur.com/...) calling https://www.newsblur.com/reader/mark_story_hashes_as_read/
08-05 18:04:35.107  9544 14275 E baseline.com.newsblur.network.APIResponse: java.io.IOException: unexpected end of stream on https://www.newsblur.com/...
08-05 18:04:35.107  9544 14275 E baseline.com.newsblur.network.APIResponse: 	at okhttp3.internal.http1.Http1ExchangeCodec.readResponseHeaders(Http1ExchangeCodec.java:236)
08-05 18:04:35.107  9544 14275 E baseline.com.newsblur.network.APIResponse: 	at okhttp3.internal.connection.Exchange.readResponseHeaders(Exchange.java:115)
08-05 18:04:35.107  9544 14275 E baseline.com.newsblur.network.APIResponse: 	at okhttp3.internal.http.CallServerInterceptor.intercept(CallServerInterceptor.java:94)
08-05 18:04:35.107  9544 14275 E baseline.com.newsblur.network.APIResponse: 	at okhttp3.internal.http.RealInterceptorChain.proceed(RealInterceptorChain.java:142)
08-05 18:04:35.107  9544 14275 E baseline.com.newsblur.network.APIResponse: 	at okhttp3.internal.connection.ConnectInterceptor.intercept(ConnectInterceptor.java:43)
08-05 18:04:35.107  9544 14275 E baseline.com.newsblur.network.APIResponse: 	at okhttp3.internal.http.RealInterceptorChain.proceed(RealInterceptorChain.java:142)
08-05 18:04:35.107  9544 14275 E baseline.com.newsblur.network.APIResponse: 	at okhttp3.internal.http.RealInterceptorChain.proceed(RealInterceptorChain.java:117)
08-05 18:04:35.107  9544 14275 E baseline.com.newsblur.network.APIResponse: 	at okhttp3.internal.cache.CacheInterceptor.intercept(CacheInterceptor.java:94)
08-05 18:04:35.107  9544 14275 E baseline.com.newsblur.network.APIResponse: 	at okhttp3.internal.http.RealInterceptorChain.proceed(RealInterceptorChain.java:142)
08-05 18:04:35.107  9544 14275 E baseline.com.newsblur.network.APIResponse: 	at okhttp3.internal.http.RealInterceptorChain.proceed(RealInterceptorChain.java:117)
08-05 18:04:35.107  9544 14275 E baseline.com.newsblur.network.APIResponse: 	at okhttp3.internal.http.BridgeInterceptor.intercept(BridgeInterceptor.java:93)
08-05 18:04:35.107  9544 14275 E baseline.com.newsblur.network.APIResponse: 	at okhttp3.internal.http.RealInterceptorChain.proceed(RealInterceptorChain.java:142)
08-05 18:04:35.107  9544 14275 E baseline.com.newsblur.network.APIResponse: 	at okhttp3.internal.http.RetryAndFollowUpInterceptor.intercept(RetryAndFollowUpInterceptor.java:88)
08-05 18:04:35.107  9544 14275 E baseline.com.newsblur.network.APIResponse: 	at okhttp3.internal.http.RealInterceptorChain.proceed(RealInterceptorChain.java:142)
08-05 18:04:35.107  9544 14275 E baseline.com.newsblur.network.APIResponse: 	at okhttp3.internal.http.RealInterceptorChain.proceed(RealInterceptorChain.java:117)
08-05 18:04:35.107  9544 14275 E baseline.com.newsblur.network.APIResponse: 	at okhttp3.RealCall.getResponseWithInterceptorChain(RealCall.java:229)
08-05 18:04:35.107  9544 14275 E baseline.com.newsblur.network.APIResponse: 	at okhttp3.RealCall.execute(RealCall.java:81)
08-05 18:04:35.107  9544 14275 E baseline.com.newsblur.network.APIResponse: 	at baseline.com.newsblur.network.APIResponse.<init>(APIResponse.java:57)
08-05 18:04:35.107  9544 14275 E baseline.com.newsblur.network.APIResponse: 	at baseline.com.newsblur.network.APIResponse.<init>(APIResponse.java:43)
08-05 18:04:35.107  9544 14275 E baseline.com.newsblur.network.APIResponse: 	at baseline.com.newsblur.network.APIManager.post_single(APIManager.java:702)
08-05 18:04:35.107  9544 14275 E baseline.com.newsblur.network.APIResponse: 	at baseline.com.newsblur.network.APIManager.post(APIManager.java:675)
08-05 18:04:35.107  9544 14275 E baseline.com.newsblur.network.APIResponse: 	at baseline.com.newsblur.network.APIManager.post(APIManager.java:714)
08-05 18:04:35.107  9544 14275 E baseline.com.newsblur.network.APIResponse: 	at baseline.com.newsblur.network.APIManager.markStoryAsRead(APIManager.java:205)
08-05 18:04:35.107  9544 14275 E baseline.com.newsblur.network.APIResponse: 	at baseline.com.newsblur.util.ReadingAction.doRemote(ReadingAction.java:281)
08-05 18:04:35.107  9544 14275 E baseline.com.newsblur.network.APIResponse: 	at baseline.com.newsblur.service.NBSyncService.syncActions(NBSyncService.java:400)
08-05 18:04:35.107  9544 14275 E baseline.com.newsblur.network.APIResponse: 	at baseline.com.newsblur.service.NBSyncService.doSync(NBSyncService.java:298)
08-05 18:04:35.107  9544 14275 E baseline.com.newsblur.network.APIResponse: 	at baseline.com.newsblur.service.NBSyncService.access$100(NBSyncService.java:67)
08-05 18:04:35.107  9544 14275 E baseline.com.newsblur.network.APIResponse: 	at baseline.com.newsblur.service.NBSyncService$1.run(NBSyncService.java:188)
08-05 18:04:35.107  9544 14275 E baseline.com.newsblur.network.APIResponse: 	at java.util.concurrent.ThreadPoolExecutor.runWorker(ThreadPoolExecutor.java:1113)
08-05 18:04:35.107  9544 14275 E baseline.com.newsblur.network.APIResponse: 	at java.util.concurrent.ThreadPoolExecutor$Worker.run(ThreadPoolExecutor.java:588)
08-05 18:04:35.107  9544 14275 E baseline.com.newsblur.network.APIResponse: 	at java.lang.Thread.run(Thread.java:818)
08-05 18:04:35.107  9544 14275 E baseline.com.newsblur.network.APIResponse: Caused by: java.io.EOFException: \n not found: limit=0 content=
08-05 18:04:35.107  9544 14275 E baseline.com.newsblur.network.APIResponse: 	at okio.RealBufferedSource.readUtf8LineStrict(RealBufferedSource.java:240)
08-05 18:04:35.107  9544 14275 E baseline.com.newsblur.network.APIResponse: 	at okhttp3.internal.http1.Http1ExchangeCodec.readHeaderLine(Http1ExchangeCodec.java:242)
08-05 18:04:35.107  9544 14275 E baseline.com.newsblur.network.APIResponse: 	at okhttp3.internal.http1.Http1ExchangeCodec.readResponseHeaders(Http1ExchangeCodec.java:213)
08-05 18:04:35.107  9544 14275 E baseline.com.newsblur.network.APIResponse: 	... 30 more
08-05 18:04:35.108  9544 14275 I baseline.com.newsblur.network.APIManager: API call failed, pausing before retry number 1
08-05 18:04:35.432  9544 14226 I art     : Starting a blocking GC Explicit
08-05 18:04:35.477  9544 14226 I art     : Explicit concurrent mark sweep GC freed 3193(407KB) AllocSpace objects, 4(140KB) LOS objects, 29% free, 37MB/53MB, paused 1.280ms total 44.502ms
08-05 18:04:35.491  9544 14226 I art     : Starting a blocking GC Explicit
08-05 18:04:35.530  9544 14226 I art     : Explicit concurrent mark sweep GC freed 72(2704B) AllocSpace objects, 0(0B) LOS objects, 29% free, 37MB/53MB, paused 1.209ms total 39.402ms
08-05 18:04:35.543  9544 14226 I art     : Starting a blocking GC Explicit
08-05 18:04:35.560  9544 13984 E chromium: [ERROR:tile_manager.cc(793)] WARNING: tile memory limits exceeded, some content may not draw
08-05 18:04:35.561  9544 13984 E chromium: [ERROR:tile_manager.cc(793)] WARNING: tile memory limits exceeded, some content may not draw
08-05 18:04:35.583  9544 14226 I art     : Explicit concurrent mark sweep GC freed 41(1312B) AllocSpace objects, 0(0B) LOS objects, 29% free, 37MB/53MB, paused 1.249ms total 39.296ms
08-05 18:04:35.590  9544 13984 E chromium: [ERROR:tile_manager.cc(793)] WARNING: tile memory limits exceeded, some content may not draw
08-05 18:04:35.591  9544 13984 E chromium: [ERROR:tile_manager.cc(793)] WARNING: tile memory limits exceeded, some content may not draw
08-05 18:04:35.595  9544 14226 I art     : Starting a blocking GC Explicit
08-05 18:04:35.607  9544 13984 E chromium: [ERROR:tile_manager.cc(793)] WARNING: tile memory limits exceeded, some content may not draw
08-05 18:04:35.607  9544 13984 E chromium: [ERROR:tile_manager.cc(793)] WARNING: tile memory limits exceeded, some content may not draw
08-05 18:04:35.632  9544 14226 I art     : Explicit concurrent mark sweep GC freed 21(672B) AllocSpace objects, 0(0B) LOS objects, 29% free, 37MB/53MB, paused 1.156ms total 35.863ms
08-05 18:04:35.644  9544 14226 I art     : Starting a blocking GC Explicit
08-05 18:04:35.684  9544 14226 I art     : Explicit concurrent mark sweep GC freed 21(672B) AllocSpace objects, 0(0B) LOS objects, 29% free, 37MB/53MB, paused 1.308ms total 39.615ms
08-05 18:04:35.775   518   646 I ThermalEngine: ACTION: GPU - Setting GPU[0] to 390000000
08-05 18:04:36.075  9544 13634 I art     : Starting a blocking GC Explicit
08-05 18:04:36.133  9544 13634 I art     : Explicit concurrent mark sweep GC freed 1483(84KB) AllocSpace objects, 1(20KB) LOS objects, 29% free, 37MB/53MB, paused 2.143ms total 57.423ms
08-05 18:04:36.154  9544 13634 I art     : Starting a blocking GC Explicit
08-05 18:04:36.206  9544 13634 I art     : Explicit concurrent mark sweep GC freed 22(784B) AllocSpace objects, 0(0B) LOS objects, 29% free, 37MB/53MB, paused 1.990ms total 51.942ms
08-05 18:04:36.225  9544 13634 I art     : Starting a blocking GC Explicit
08-05 18:04:36.276  9544 13634 I art     : Explicit concurrent mark sweep GC freed 3(96B) AllocSpace objects, 0(0B) LOS objects, 29% free, 37MB/53MB, paused 2.117ms total 50.973ms
08-05 18:04:36.295  9544 13634 I art     : Starting a blocking GC Explicit
08-05 18:04:36.347  9544 13634 I art     : Explicit concurrent mark sweep GC freed 3(96B) AllocSpace objects, 0(0B) LOS objects, 29% free, 37MB/53MB, paused 1.952ms total 51.244ms
08-05 18:04:36.366  9544 13634 I art     : Starting a blocking GC Explicit
08-05 18:04:36.419  9544 13634 I art     : Explicit concurrent mark sweep GC freed 3(96B) AllocSpace objects, 0(0B) LOS objects, 29% free, 37MB/53MB, paused 2.530ms total 52.440ms
08-05 18:04:36.810  9544 13631 I art     : Starting a blocking GC Explicit
08-05 18:04:36.864  9544 13631 I art     : Explicit concurrent mark sweep GC freed 1605(91KB) AllocSpace objects, 1(20KB) LOS objects, 29% free, 37MB/53MB, paused 2.157ms total 54.141ms
08-05 18:04:36.884  9544 13631 I art     : Starting a blocking GC Explicit
08-05 18:04:36.936  9544 13631 I art     : Explicit concurrent mark sweep GC freed 28(1040B) AllocSpace objects, 0(0B) LOS objects, 29% free, 37MB/53MB, paused 2.173ms total 50.746ms
08-05 18:04:36.954  9544 13631 I art     : Starting a blocking GC Explicit
08-05 18:04:37.005  9544 13631 I art     : Explicit concurrent mark sweep GC freed 3(96B) AllocSpace objects, 0(0B) LOS objects, 29% free, 37MB/53MB, paused 2.073ms total 50.525ms
08-05 18:04:37.025  9544 13631 I art     : Starting a blocking GC Explicit
08-05 18:04:37.079  9544 13631 I art     : Explicit concurrent mark sweep GC freed 1132(46KB) AllocSpace objects, 0(0B) LOS objects, 29% free, 37MB/53MB, paused 2.711ms total 53.775ms
08-05 18:04:37.098  9544 13631 I art     : Starting a blocking GC Explicit
08-05 18:04:37.132  9544 14275 E baseline.com.newsblur.network.APIResponse: Error (unexpected end of stream on https://www.newsblur.com/...) calling https://www.newsblur.com/reader/mark_story_hashes_as_read/
08-05 18:04:37.132  9544 14275 E baseline.com.newsblur.network.APIResponse: java.io.IOException: unexpected end of stream on https://www.newsblur.com/...
08-05 18:04:37.132  9544 14275 E baseline.com.newsblur.network.APIResponse: 	at okhttp3.internal.http1.Http1ExchangeCodec.readResponseHeaders(Http1ExchangeCodec.java:236)
08-05 18:04:37.132  9544 14275 E baseline.com.newsblur.network.APIResponse: 	at okhttp3.internal.connection.Exchange.readResponseHeaders(Exchange.java:115)
08-05 18:04:37.132  9544 14275 E baseline.com.newsblur.network.APIResponse: 	at okhttp3.internal.http.CallServerInterceptor.intercept(CallServerInterceptor.java:94)
08-05 18:04:37.132  9544 14275 E baseline.com.newsblur.network.APIResponse: 	at okhttp3.internal.http.RealInterceptorChain.proceed(RealInterceptorChain.java:142)
08-05 18:04:37.132  9544 14275 E baseline.com.newsblur.network.APIResponse: 	at okhttp3.internal.connection.ConnectInterceptor.intercept(ConnectInterceptor.java:43)
08-05 18:04:37.132  9544 14275 E baseline.com.newsblur.network.APIResponse: 	at okhttp3.internal.http.RealInterceptorChain.proceed(RealInterceptorChain.java:142)
08-05 18:04:37.132  9544 14275 E baseline.com.newsblur.network.APIResponse: 	at okhttp3.internal.http.RealInterceptorChain.proceed(RealInterceptorChain.java:117)
08-05 18:04:37.132  9544 14275 E baseline.com.newsblur.network.APIResponse: 	at okhttp3.internal.cache.CacheInterceptor.intercept(CacheInterceptor.java:94)
08-05 18:04:37.132  9544 14275 E baseline.com.newsblur.network.APIResponse: 	at okhttp3.internal.http.RealInterceptorChain.proceed(RealInterceptorChain.java:142)
08-05 18:04:37.132  9544 14275 E baseline.com.newsblur.network.APIResponse: 	at okhttp3.internal.http.RealInterceptorChain.proceed(RealInterceptorChain.java:117)
08-05 18:04:37.132  9544 14275 E baseline.com.newsblur.network.APIResponse: 	at okhttp3.internal.http.BridgeInterceptor.intercept(BridgeInterceptor.java:93)
08-05 18:04:37.132  9544 14275 E baseline.com.newsblur.network.APIResponse: 	at okhttp3.internal.http.RealInterceptorChain.proceed(RealInterceptorChain.java:142)
08-05 18:04:37.132  9544 14275 E baseline.com.newsblur.network.APIResponse: 	at okhttp3.internal.http.RetryAndFollowUpInterceptor.intercept(RetryAndFollowUpInterceptor.java:88)
08-05 18:04:37.132  9544 14275 E baseline.com.newsblur.network.APIResponse: 	at okhttp3.internal.http.RealInterceptorChain.proceed(RealInterceptorChain.java:142)
08-05 18:04:37.132  9544 14275 E baseline.com.newsblur.network.APIResponse: 	at okhttp3.internal.http.RealInterceptorChain.proceed(RealInterceptorChain.java:117)
08-05 18:04:37.132  9544 14275 E baseline.com.newsblur.network.APIResponse: 	at okhttp3.RealCall.getResponseWithInterceptorChain(RealCall.java:229)
08-05 18:04:37.132  9544 14275 E baseline.com.newsblur.network.APIResponse: 	at okhttp3.RealCall.execute(RealCall.java:81)
08-05 18:04:37.132  9544 14275 E baseline.com.newsblur.network.APIResponse: 	at baseline.com.newsblur.network.APIResponse.<init>(APIResponse.java:57)
08-05 18:04:37.132  9544 14275 E baseline.com.newsblur.network.APIResponse: 	at baseline.com.newsblur.network.APIResponse.<init>(APIResponse.java:43)
08-05 18:04:37.132  9544 14275 E baseline.com.newsblur.network.APIResponse: 	at baseline.com.newsblur.network.APIManager.post_single(APIManager.java:702)
08-05 18:04:37.132  9544 14275 E baseline.com.newsblur.network.APIResponse: 	at baseline.com.newsblur.network.APIManager.post(APIManager.java:675)
08-05 18:04:37.132  9544 14275 E baseline.com.newsblur.network.APIResponse: 	at baseline.com.newsblur.network.APIManager.post(APIManager.java:714)
08-05 18:04:37.132  9544 14275 E baseline.com.newsblur.network.APIResponse: 	at baseline.com.newsblur.network.APIManager.markStoryAsRead(APIManager.java:205)
08-05 18:04:37.132  9544 14275 E baseline.com.newsblur.network.APIResponse: 	at baseline.com.newsblur.util.ReadingAction.doRemote(ReadingAction.java:281)
08-05 18:04:37.132  9544 14275 E baseline.com.newsblur.network.APIResponse: 	at baseline.com.newsblur.service.NBSyncService.syncActions(NBSyncService.java:400)
08-05 18:04:37.132  9544 14275 E baseline.com.newsblur.network.APIResponse: 	at baseline.com.newsblur.service.NBSyncService.doSync(NBSyncService.java:298)
08-05 18:04:37.132  9544 14275 E baseline.com.newsblur.network.APIResponse: 	at baseline.com.newsblur.service.NBSyncService.access$100(NBSyncService.java:67)
08-05 18:04:37.132  9544 14275 E baseline.com.newsblur.network.APIResponse: 	at baseline.com.newsblur.service.NBSyncService$1.run(NBSyncService.java:188)
08-05 18:04:37.132  9544 14275 E baseline.com.newsblur.network.APIResponse: 	at java.util.concurrent.ThreadPoolExecutor.runWorker(ThreadPoolExecutor.java:1113)
08-05 18:04:37.132  9544 14275 E baseline.com.newsblur.network.APIResponse: 	at java.util.concurrent.ThreadPoolExecutor$Worker.run(ThreadPoolExecutor.java:588)
08-05 18:04:37.132  9544 14275 E baseline.com.newsblur.network.APIResponse: 	at java.lang.Thread.run(Thread.java:818)
08-05 18:04:37.132  9544 14275 E baseline.com.newsblur.network.APIResponse: Caused by: java.io.EOFException: \n not found: limit=0 content=
08-05 18:04:37.132  9544 14275 E baseline.com.newsblur.network.APIResponse: 	at okio.RealBufferedSource.readUtf8LineStrict(RealBufferedSource.java:240)
08-05 18:04:37.132  9544 14275 E baseline.com.newsblur.network.APIResponse: 	at okhttp3.internal.http1.Http1ExchangeCodec.readHeaderLine(Http1ExchangeCodec.java:242)
08-05 18:04:37.132  9544 14275 E baseline.com.newsblur.network.APIResponse: 	at okhttp3.internal.http1.Http1ExchangeCodec.readResponseHeaders(Http1ExchangeCodec.java:213)
08-05 18:04:37.132  9544 14275 E baseline.com.newsblur.network.APIResponse: 	... 30 more
08-05 18:04:37.134  9544 14275 I baseline.com.newsblur.network.APIManager: API call failed, pausing before retry number 2
08-05 18:04:37.149  9544 13631 I art     : Explicit concurrent mark sweep GC freed 1334(213KB) AllocSpace objects, 2(40KB) LOS objects, 29% free, 37MB/53MB, paused 2.024ms total 50.141ms
08-05 18:04:37.560  9544  9570 I art     : Starting a blocking GC Explicit
08-05 18:04:37.617  9544  9570 I art     : Explicit concurrent mark sweep GC freed 1553(99KB) AllocSpace objects, 1(20KB) LOS objects, 29% free, 37MB/53MB, paused 2.170ms total 56.277ms
08-05 18:04:37.636  9544  9570 I art     : Starting a blocking GC Explicit
08-05 18:04:37.687  9544  9570 I art     : Explicit concurrent mark sweep GC freed 44(1520B) AllocSpace objects, 0(0B) LOS objects, 29% free, 37MB/53MB, paused 2.178ms total 50.410ms
08-05 18:04:37.706  9544  9570 I art     : Starting a blocking GC Explicit
08-05 18:04:37.758  9544  9570 I art     : Explicit concurrent mark sweep GC freed 3(96B) AllocSpace objects, 0(0B) LOS objects, 29% free, 37MB/53MB, paused 2.001ms total 51.403ms
08-05 18:04:37.776  9544  9570 I art     : Starting a blocking GC Explicit
08-05 18:04:37.827  9544  9570 I art     : Explicit concurrent mark sweep GC freed 3(96B) AllocSpace objects, 0(0B) LOS objects, 29% free, 37MB/53MB, paused 2.127ms total 50.913ms
08-05 18:04:37.847  9544  9570 I art     : Starting a blocking GC Explicit
08-05 18:04:37.898  9544  9570 I art     : Explicit concurrent mark sweep GC freed 3(96B) AllocSpace objects, 0(0B) LOS objects, 29% free, 37MB/53MB, paused 2.054ms total 50.751ms
08-05 18:04:38.319  9544 13634 I art     : Starting a blocking GC Explicit
08-05 18:04:38.371  9544 13634 I art     : Explicit concurrent mark sweep GC freed 1440(83KB) AllocSpace objects, 1(20KB) LOS objects, 29% free, 37MB/53MB, paused 1.920ms total 51.248ms
08-05 18:04:38.390  9544 13634 I art     : Starting a blocking GC Explicit
08-05 18:04:38.441  9544 13634 I art     : Explicit concurrent mark sweep GC freed 22(784B) AllocSpace objects, 0(0B) LOS objects, 29% free, 37MB/53MB, paused 1.917ms total 51.377ms
08-05 18:04:38.462  9544 13634 I art     : Starting a blocking GC Explicit
08-05 18:04:38.512  9544 13634 I art     : Explicit concurrent mark sweep GC freed 3(96B) AllocSpace objects, 0(0B) LOS objects, 29% free, 37MB/53MB, paused 2.160ms total 50.235ms
08-05 18:04:38.532  9544 13634 I art     : Starting a blocking GC Explicit
08-05 18:04:38.583  9544 13634 I art     : Explicit concurrent mark sweep GC freed 3(96B) AllocSpace objects, 0(0B) LOS objects, 29% free, 37MB/53MB, paused 2.011ms total 50.586ms
08-05 18:04:38.601  9544 13634 I art     : Starting a blocking GC Explicit
08-05 18:04:38.653  9544 13634 I art     : Explicit concurrent mark sweep GC freed 3(96B) AllocSpace objects, 0(0B) LOS objects, 29% free, 37MB/53MB, paused 2.419ms total 51.165ms
08-05 18:04:38.921 14339 14339 D AndroidRuntime: >>>>>> START com.android.internal.os.RuntimeInit uid 2000 <<<<<<
08-05 18:04:38.927 14339 14339 D AndroidRuntime: CheckJNI is OFF
08-05 18:04:38.990 14339 14339 D ICU     : No timezone override file found: /data/misc/zoneinfo/current/icu/icu_tzdata.dat
08-05 18:04:39.040 14339 14339 I Radio-JNI: register_android_hardware_Radio DONE
08-05 18:04:39.064  9544 14226 I art     : Starting a blocking GC Explicit
08-05 18:04:39.075 14339 14339 D AndroidRuntime: Calling main entry com.android.commands.input.Input
08-05 18:04:39.077 14339 14339 I Input   : injectKeyEvent: KeyEvent { action=ACTION_DOWN, keyCode=KEYCODE_BACK, scanCode=0, metaState=0, flags=0x0, repeatCount=0, eventTime=813895490, downTime=813895490, deviceId=-1, source=0x101 }
08-05 18:04:39.085 14339 14339 I Input   : injectKeyEvent: KeyEvent { action=ACTION_UP, keyCode=KEYCODE_BACK, scanCode=0, metaState=0, flags=0x0, repeatCount=0, eventTime=813895490, downTime=813895490, deviceId=-1, source=0x101 }
08-05 18:04:39.096 14339 14339 D AndroidRuntime: Shutting down VM
08-05 18:04:39.124  9544 14226 I art     : Explicit concurrent mark sweep GC freed 1652(121KB) AllocSpace objects, 3(60KB) LOS objects, 29% free, 37MB/53MB, paused 1.971ms total 59.874ms
08-05 18:04:39.143  9544 14226 I art     : Starting a blocking GC Explicit
08-05 18:04:39.188  9544 14226 I art     : Explicit concurrent mark sweep GC freed 67(2576B) AllocSpace objects, 0(0B) LOS objects, 29% free, 37MB/53MB, paused 1.817ms total 44.758ms
08-05 18:04:39.205  9544 14226 I art     : Starting a blocking GC Explicit
08-05 18:04:39.256  9544 14226 I art     : Explicit concurrent mark sweep GC freed 580(43KB) AllocSpace objects, 1(20KB) LOS objects, 29% free, 37MB/53MB, paused 2.168ms total 50.644ms
08-05 18:04:39.275  9544 14226 I art     : Starting a blocking GC Explicit
08-05 18:04:39.281 13866 13866 I GoogleInputMethodServic: GoogleInputMethodService.onFinishInput():3138 
08-05 18:04:39.281 13866 13866 I GoogleInputMethodServic: GoogleInputMethodService.onStartInput():1808 
08-05 18:04:39.320  9544 14226 I art     : Explicit concurrent mark sweep GC freed 607(59KB) AllocSpace objects, 1(20KB) LOS objects, 29% free, 37MB/53MB, paused 1.804ms total 45.314ms
08-05 18:04:39.338  9544 14226 I art     : Starting a blocking GC Explicit
08-05 18:04:39.385  9544 14226 I art     : Explicit concurrent mark sweep GC freed 707(55KB) AllocSpace objects, 1(20KB) LOS objects, 29% free, 37MB/53MB, paused 1.920ms total 46.220ms
08-05 18:04:39.805  9544  9573 I art     : Starting a blocking GC Explicit
08-05 18:04:39.851  9544  9573 I art     : Explicit concurrent mark sweep GC freed 3175(164KB) AllocSpace objects, 2(48KB) LOS objects, 29% free, 37MB/53MB, paused 1.998ms total 45.993ms
08-05 18:04:39.867  9544  9573 I art     : Starting a blocking GC Explicit
08-05 18:04:39.912  9544  9573 I art     : Explicit concurrent mark sweep GC freed 156(7KB) AllocSpace objects, 0(0B) LOS objects, 29% free, 37MB/53MB, paused 1.889ms total 44.741ms
08-05 18:04:39.929  9544  9573 I art     : Starting a blocking GC Explicit
08-05 18:04:39.976  9544  9573 I art     : Explicit concurrent mark sweep GC freed 10(320B) AllocSpace objects, 0(0B) LOS objects, 29% free, 37MB/53MB, paused 1.848ms total 47.169ms
08-05 18:04:39.994  9544  9573 I art     : Starting a blocking GC Explicit
08-05 18:04:40.042  9544  9573 I art     : Explicit concurrent mark sweep GC freed 11(352B) AllocSpace objects, 0(0B) LOS objects, 29% free, 37MB/53MB, paused 1.943ms total 48.025ms
08-05 18:04:40.062  9544  9573 I art     : Starting a blocking GC Explicit
08-05 18:04:40.119  9544  9573 I art     : Explicit concurrent mark sweep GC freed 27(864B) AllocSpace objects, 0(0B) LOS objects, 29% free, 37MB/53MB, paused 2.888ms total 56.326ms
08-05 18:04:40.526  9544  9573 I art     : Starting a blocking GC Explicit
08-05 18:04:40.588  9544  9573 I art     : Explicit concurrent mark sweep GC freed 1660(93KB) AllocSpace objects, 1(20KB) LOS objects, 29% free, 37MB/53MB, paused 2.263ms total 60.879ms
08-05 18:04:40.607  9544  9573 I art     : Starting a blocking GC Explicit
08-05 18:04:40.659  9544  9573 I art     : Explicit concurrent mark sweep GC freed 233(9KB) AllocSpace objects, 0(0B) LOS objects, 29% free, 37MB/53MB, paused 2.435ms total 51.404ms
08-05 18:04:40.679  9544  9573 I art     : Starting a blocking GC Explicit
08-05 18:04:40.729  9544  9573 I art     : Explicit concurrent mark sweep GC freed 1501(57KB) AllocSpace objects, 0(0B) LOS objects, 29% free, 37MB/53MB, paused 2.097ms total 49.188ms
08-05 18:04:40.732  9544 14275 E baseline.com.newsblur.network.APIResponse: Error (unexpected end of stream on https://www.newsblur.com/...) calling https://www.newsblur.com/reader/mark_story_hashes_as_read/
08-05 18:04:40.732  9544 14275 E baseline.com.newsblur.network.APIResponse: java.io.IOException: unexpected end of stream on https://www.newsblur.com/...
08-05 18:04:40.732  9544 14275 E baseline.com.newsblur.network.APIResponse: 	at okhttp3.internal.http1.Http1ExchangeCodec.readResponseHeaders(Http1ExchangeCodec.java:236)
08-05 18:04:40.732  9544 14275 E baseline.com.newsblur.network.APIResponse: 	at okhttp3.internal.connection.Exchange.readResponseHeaders(Exchange.java:115)
08-05 18:04:40.732  9544 14275 E baseline.com.newsblur.network.APIResponse: 	at okhttp3.internal.http.CallServerInterceptor.intercept(CallServerInterceptor.java:94)
08-05 18:04:40.732  9544 14275 E baseline.com.newsblur.network.APIResponse: 	at okhttp3.internal.http.RealInterceptorChain.proceed(RealInterceptorChain.java:142)
08-05 18:04:40.732  9544 14275 E baseline.com.newsblur.network.APIResponse: 	at okhttp3.internal.connection.ConnectInterceptor.intercept(ConnectInterceptor.java:43)
08-05 18:04:40.732  9544 14275 E baseline.com.newsblur.network.APIResponse: 	at okhttp3.internal.http.RealInterceptorChain.proceed(RealInterceptorChain.java:142)
08-05 18:04:40.732  9544 14275 E baseline.com.newsblur.network.APIResponse: 	at okhttp3.internal.http.RealInterceptorChain.proceed(RealInterceptorChain.java:117)
08-05 18:04:40.732  9544 14275 E baseline.com.newsblur.network.APIResponse: 	at okhttp3.internal.cache.CacheInterceptor.intercept(CacheInterceptor.java:94)
08-05 18:04:40.732  9544 14275 E baseline.com.newsblur.network.APIResponse: 	at okhttp3.internal.http.RealInterceptorChain.proceed(RealInterceptorChain.java:142)
08-05 18:04:40.732  9544 14275 E baseline.com.newsblur.network.APIResponse: 	at okhttp3.internal.http.RealInterceptorChain.proceed(RealInterceptorChain.java:117)
08-05 18:04:40.732  9544 14275 E baseline.com.newsblur.network.APIResponse: 	at okhttp3.internal.http.BridgeInterceptor.intercept(BridgeInterceptor.java:93)
08-05 18:04:40.732  9544 14275 E baseline.com.newsblur.network.APIResponse: 	at okhttp3.internal.http.RealInterceptorChain.proceed(RealInterceptorChain.java:142)
08-05 18:04:40.732  9544 14275 E baseline.com.newsblur.network.APIResponse: 	at okhttp3.internal.http.RetryAndFollowUpInterceptor.intercept(RetryAndFollowUpInterceptor.java:88)
08-05 18:04:40.732  9544 14275 E baseline.com.newsblur.network.APIResponse: 	at okhttp3.internal.http.RealInterceptorChain.proceed(RealInterceptorChain.java:142)
08-05 18:04:40.732  9544 14275 E baseline.com.newsblur.network.APIResponse: 	at okhttp3.internal.http.RealInterceptorChain.proceed(RealInterceptorChain.java:117)
08-05 18:04:40.732  9544 14275 E baseline.com.newsblur.network.APIResponse: 	at okhttp3.RealCall.getResponseWithInterceptorChain(RealCall.java:229)
08-05 18:04:40.732  9544 14275 E baseline.com.newsblur.network.APIResponse: 	at okhttp3.RealCall.execute(RealCall.java:81)
08-05 18:04:40.732  9544 14275 E baseline.com.newsblur.network.APIResponse: 	at baseline.com.newsblur.network.APIResponse.<init>(APIResponse.java:57)
08-05 18:04:40.732  9544 14275 E baseline.com.newsblur.network.APIResponse: 	at baseline.com.newsblur.network.APIResponse.<init>(APIResponse.java:43)
08-05 18:04:40.732  9544 14275 E baseline.com.newsblur.network.APIResponse: 	at baseline.com.newsblur.network.APIManager.post_single(APIManager.java:702)
08-05 18:04:40.732  9544 14275 E baseline.com.newsblur.network.APIResponse: 	at baseline.com.newsblur.network.APIManager.post(APIManager.java:675)
08-05 18:04:40.732  9544 14275 E baseline.com.newsblur.network.APIResponse: 	at baseline.com.newsblur.network.APIManager.post(APIManager.java:714)
08-05 18:04:40.732  9544 14275 E baseline.com.newsblur.network.APIResponse: 	at baseline.com.newsblur.network.APIManager.markStoryAsRead(APIManager.java:205)
08-05 18:04:40.732  9544 14275 E baseline.com.newsblur.network.APIResponse: 	at baseline.com.newsblur.util.ReadingAction.doRemote(ReadingAction.java:281)
08-05 18:04:40.732  9544 14275 E baseline.com.newsblur.network.APIResponse: 	at baseline.com.newsblur.service.NBSyncService.syncActions(NBSyncService.java:400)
08-05 18:04:40.732  9544 14275 E baseline.com.newsblur.network.APIResponse: 	at baseline.com.newsblur.service.NBSyncService.doSync(NBSyncService.java:298)
08-05 18:04:40.732  9544 14275 E baseline.com.newsblur.network.APIResponse: 	at baseline.com.newsblur.service.NBSyncService.access$100(NBSyncService.java:67)
08-05 18:04:40.732  9544 14275 E baseline.com.newsblur.network.APIResponse: 	at baseline.com.newsblur.service.NBSyncService$1.run(NBSyncService.java:188)
08-05 18:04:40.732  9544 14275 E baseline.com.newsblur.network.APIResponse: 	at java.util.concurrent.ThreadPoolExecutor.runWorker(ThreadPoolExecutor.java:1113)
08-05 18:04:40.732  9544 14275 E baseline.com.newsblur.network.APIResponse: 	at java.util.concurrent.ThreadPoolExecutor$Worker.run(ThreadPoolExecutor.java:588)
08-05 18:04:40.732  9544 14275 E baseline.com.newsblur.network.APIResponse: 	at java.lang.Thread.run(Thread.java:818)
08-05 18:04:40.732  9544 14275 E baseline.com.newsblur.network.APIResponse: Caused by: java.io.EOFException: \n not found: limit=0 content=
08-05 18:04:40.732  9544 14275 E baseline.com.newsblur.network.APIResponse: 	at okio.RealBufferedSource.readUtf8LineStrict(RealBufferedSource.java:240)
08-05 18:04:40.732  9544 14275 E baseline.com.newsblur.network.APIResponse: 	at okhttp3.internal.http1.Http1ExchangeCodec.readHeaderLine(Http1ExchangeCodec.java:242)
08-05 18:04:40.732  9544 14275 E baseline.com.newsblur.network.APIResponse: 	at okhttp3.internal.http1.Http1ExchangeCodec.readResponseHeaders(Http1ExchangeCodec.java:213)
08-05 18:04:40.732  9544 14275 E baseline.com.newsblur.network.APIResponse: 	... 30 more
08-05 18:04:40.734  9544 14275 I baseline.com.newsblur.service.NBSyncService: Holding reading action with server-side or network error.
08-05 18:04:40.747  9544  9573 I art     : Starting a blocking GC Explicit
08-05 18:04:40.753  9544 14275 W baseline.com.newsblur.service.NBSyncService: hard API failure
08-05 18:04:40.796  9544  9573 I art     : Explicit concurrent mark sweep GC freed 1260(259KB) AllocSpace objects, 4(80KB) LOS objects, 29% free, 37MB/53MB, paused 1.910ms total 47.879ms
08-05 18:04:40.812  9544  9573 I art     : Starting a blocking GC Explicit
08-05 18:04:40.863  9544  9573 I art     : Explicit concurrent mark sweep GC freed 73(2864B) AllocSpace objects, 0(0B) LOS objects, 29% free, 37MB/53MB, paused 2.134ms total 50.035ms
08-05 18:04:41.033 14381 14381 D AndroidRuntime: >>>>>> START com.android.internal.os.RuntimeInit uid 2000 <<<<<<
08-05 18:04:41.041 14381 14381 D AndroidRuntime: CheckJNI is OFF
08-05 18:04:41.095 14381 14381 D ICU     : No timezone override file found: /data/misc/zoneinfo/current/icu/icu_tzdata.dat
08-05 18:04:41.138 14381 14381 I Radio-JNI: register_android_hardware_Radio DONE
08-05 18:04:41.170 14381 14381 D AndroidRuntime: Calling main entry com.android.commands.input.Input
08-05 18:04:41.173 14381 14381 I Input   : injectKeyEvent: KeyEvent { action=ACTION_DOWN, keyCode=KEYCODE_BACK, scanCode=0, metaState=0, flags=0x0, repeatCount=0, eventTime=813897585, downTime=813897585, deviceId=-1, source=0x101 }
08-05 18:04:41.179 14381 14381 I Input   : injectKeyEvent: KeyEvent { action=ACTION_UP, keyCode=KEYCODE_BACK, scanCode=0, metaState=0, flags=0x0, repeatCount=0, eventTime=813897585, downTime=813897585, deviceId=-1, source=0x101 }
08-05 18:04:41.188 14381 14381 D AndroidRuntime: Shutting down VM
08-05 18:04:41.225  9544 14275 E baseline.com.newsblur.network.APIResponse: Error (unexpected end of stream on https://www.newsblur.com/...) calling https://www.newsblur.com/reader/mark_story_hashes_as_read/
08-05 18:04:41.225  9544 14275 E baseline.com.newsblur.network.APIResponse: java.io.IOException: unexpected end of stream on https://www.newsblur.com/...
08-05 18:04:41.225  9544 14275 E baseline.com.newsblur.network.APIResponse: 	at okhttp3.internal.http1.Http1ExchangeCodec.readResponseHeaders(Http1ExchangeCodec.java:236)
08-05 18:04:41.225  9544 14275 E baseline.com.newsblur.network.APIResponse: 	at okhttp3.internal.connection.Exchange.readResponseHeaders(Exchange.java:115)
08-05 18:04:41.225  9544 14275 E baseline.com.newsblur.network.APIResponse: 	at okhttp3.internal.http.CallServerInterceptor.intercept(CallServerInterceptor.java:94)
08-05 18:04:41.225  9544 14275 E baseline.com.newsblur.network.APIResponse: 	at okhttp3.internal.http.RealInterceptorChain.proceed(RealInterceptorChain.java:142)
08-05 18:04:41.225  9544 14275 E baseline.com.newsblur.network.APIResponse: 	at okhttp3.internal.connection.ConnectInterceptor.intercept(ConnectInterceptor.java:43)
08-05 18:04:41.225  9544 14275 E baseline.com.newsblur.network.APIResponse: 	at okhttp3.internal.http.RealInterceptorChain.proceed(RealInterceptorChain.java:142)
08-05 18:04:41.225  9544 14275 E baseline.com.newsblur.network.APIResponse: 	at okhttp3.internal.http.RealInterceptorChain.proceed(RealInterceptorChain.java:117)
08-05 18:04:41.225  9544 14275 E baseline.com.newsblur.network.APIResponse: 	at okhttp3.internal.cache.CacheInterceptor.intercept(CacheInterceptor.java:94)
08-05 18:04:41.225  9544 14275 E baseline.com.newsblur.network.APIResponse: 	at okhttp3.internal.http.RealInterceptorChain.proceed(RealInterceptorChain.java:142)
08-05 18:04:41.225  9544 14275 E baseline.com.newsblur.network.APIResponse: 	at okhttp3.internal.http.RealInterceptorChain.proceed(RealInterceptorChain.java:117)
08-05 18:04:41.225  9544 14275 E baseline.com.newsblur.network.APIResponse: 	at okhttp3.internal.http.BridgeInterceptor.intercept(BridgeInterceptor.java:93)
08-05 18:04:41.225  9544 14275 E baseline.com.newsblur.network.APIResponse: 	at okhttp3.internal.http.RealInterceptorChain.proceed(RealInterceptorChain.java:142)
08-05 18:04:41.225  9544 14275 E baseline.com.newsblur.network.APIResponse: 	at okhttp3.internal.http.RetryAndFollowUpInterceptor.intercept(RetryAndFollowUpInterceptor.java:88)
08-05 18:04:41.225  9544 14275 E baseline.com.newsblur.network.APIResponse: 	at okhttp3.internal.http.RealInterceptorChain.proceed(RealInterceptorChain.java:142)
08-05 18:04:41.225  9544 14275 E baseline.com.newsblur.network.APIResponse: 	at okhttp3.internal.http.RealInterceptorChain.proceed(RealInterceptorChain.java:117)
08-05 18:04:41.225  9544 14275 E baseline.com.newsblur.network.APIResponse: 	at okhttp3.RealCall.getResponseWithInterceptorChain(RealCall.java:229)
08-05 18:04:41.225  9544 14275 E baseline.com.newsblur.network.APIResponse: 	at okhttp3.RealCall.execute(RealCall.java:81)
08-05 18:04:41.225  9544 14275 E baseline.com.newsblur.network.APIResponse: 	at baseline.com.newsblur.network.APIResponse.<init>(APIResponse.java:57)
08-05 18:04:41.225  9544 14275 E baseline.com.newsblur.network.APIResponse: 	at baseline.com.newsblur.network.APIResponse.<init>(APIResponse.java:43)
08-05 18:04:41.225  9544 14275 E baseline.com.newsblur.network.APIResponse: 	at baseline.com.newsblur.network.APIManager.post_single(APIManager.java:702)
08-05 18:04:41.225  9544 14275 E baseline.com.newsblur.network.APIResponse: 	at baseline.com.newsblur.network.APIManager.post(APIManager.java:675)
08-05 18:04:41.225  9544 14275 E baseline.com.newsblur.network.APIResponse: 	at baseline.com.newsblur.network.APIManager.post(APIManager.java:714)
08-05 18:04:41.225  9544 14275 E baseline.com.newsblur.network.APIResponse: 	at baseline.com.newsblur.network.APIManager.markStoryAsRead(APIManager.java:205)
08-05 18:04:41.225  9544 14275 E baseline.com.newsblur.network.APIResponse: 	at baseline.com.newsblur.util.ReadingAction.doRemote(ReadingAction.java:281)
08-05 18:04:41.225  9544 14275 E baseline.com.newsblur.network.APIResponse: 	at baseline.com.newsblur.service.NBSyncService.syncActions(NBSyncService.java:400)
08-05 18:04:41.225  9544 14275 E baseline.com.newsblur.network.APIResponse: 	at baseline.com.newsblur.service.NBSyncService.doSync(NBSyncService.java:298)
08-05 18:04:41.225  9544 14275 E baseline.com.newsblur.network.APIResponse: 	at baseline.com.newsblur.service.NBSyncService.access$100(NBSyncService.java:67)
08-05 18:04:41.225  9544 14275 E baseline.com.newsblur.network.APIResponse: 	at baseline.com.newsblur.service.NBSyncService$1.run(NBSyncService.java:188)
08-05 18:04:41.225  9544 14275 E baseline.com.newsblur.network.APIResponse: 	at java.util.concurrent.ThreadPoolExecutor.runWorker(ThreadPoolExecutor.java:1113)
08-05 18:04:41.225  9544 14275 E baseline.com.newsblur.network.APIResponse: 	at java.util.concurrent.ThreadPoolExecutor$Worker.run(ThreadPoolExecutor.java:588)
08-05 18:04:41.225  9544 14275 E baseline.com.newsblur.network.APIResponse: 	at java.lang.Thread.run(Thread.java:818)
08-05 18:04:41.225  9544 14275 E baseline.com.newsblur.network.APIResponse: Caused by: java.io.EOFException: \n not found: limit=0 content=
08-05 18:04:41.225  9544 14275 E baseline.com.newsblur.network.APIResponse: 	at okio.RealBufferedSource.readUtf8LineStrict(RealBufferedSource.java:240)
08-05 18:04:41.225  9544 14275 E baseline.com.newsblur.network.APIResponse: 	at okhttp3.internal.http1.Http1ExchangeCodec.readHeaderLine(Http1ExchangeCodec.java:242)
08-05 18:04:41.225  9544 14275 E baseline.com.newsblur.network.APIResponse: 	at okhttp3.internal.http1.Http1ExchangeCodec.readResponseHeaders(Http1ExchangeCodec.java:213)
08-05 18:04:41.225  9544 14275 E baseline.com.newsblur.network.APIResponse: 	... 30 more
08-05 18:04:41.227  9544 14275 I baseline.com.newsblur.network.APIManager: API call failed, pausing before retry number 1
08-05 18:04:41.237  9544 14226 I art     : Starting a blocking GC Explicit
08-05 18:04:41.287  9544 14226 I art     : Explicit concurrent mark sweep GC freed 4288(423KB) AllocSpace objects, 7(140KB) LOS objects, 29% free, 37MB/53MB, paused 1.888ms total 49.931ms
08-05 18:04:41.304  9544 14226 I art     : Starting a blocking GC Explicit
08-05 18:04:41.357  9544 14226 I art     : Explicit concurrent mark sweep GC freed 1900(100KB) AllocSpace objects, 2(40KB) LOS objects, 29% free, 37MB/53MB, paused 2.706ms total 51.764ms
08-05 18:04:41.375  9544 14226 I art     : Starting a blocking GC Explicit
08-05 18:04:41.426  9544 14226 I art     : Explicit concurrent mark sweep GC freed 5987(411KB) AllocSpace objects, 6(120KB) LOS objects, 29% free, 37MB/53MB, paused 2.362ms total 50.674ms
08-05 18:04:41.442  9544 14226 I art     : Starting a blocking GC Explicit
08-05 18:04:41.449 13866 13866 I GoogleInputMethodServic: GoogleInputMethodService.onFinishInput():3138 
08-05 18:04:41.450 13866 13866 I GoogleInputMethodServic: GoogleInputMethodService.onStartInput():1808 
08-05 18:04:41.494  9544 14226 I art     : Explicit concurrent mark sweep GC freed 187(7KB) AllocSpace objects, 0(0B) LOS objects, 29% free, 37MB/53MB, paused 1.758ms total 51.761ms
08-05 18:04:41.511  9544 14226 I art     : Starting a blocking GC Explicit
08-05 18:04:41.556  9544 14226 I art     : Explicit concurrent mark sweep GC freed 82(3KB) AllocSpace objects, 0(0B) LOS objects, 29% free, 37MB/53MB, paused 1.707ms total 45.007ms
08-05 18:04:41.953  9544 13634 I art     : Starting a blocking GC Explicit
08-05 18:04:42.009  9544 13634 I art     : Explicit concurrent mark sweep GC freed 1907(103KB) AllocSpace objects, 1(20KB) LOS objects, 29% free, 37MB/53MB, paused 2.287ms total 54.865ms
08-05 18:04:42.029  9544 13634 I art     : Starting a blocking GC Explicit
08-05 18:04:42.084  9544 13634 I art     : Explicit concurrent mark sweep GC freed 168(7KB) AllocSpace objects, 0(0B) LOS objects, 29% free, 37MB/53MB, paused 2.392ms total 54.125ms
08-05 18:04:42.104  9544 13634 I art     : Starting a blocking GC Explicit
08-05 18:04:42.153  9544 13634 I art     : Explicit concurrent mark sweep GC freed 12(384B) AllocSpace objects, 0(0B) LOS objects, 29% free, 37MB/53MB, paused 2.611ms total 48.928ms
08-05 18:04:42.174  9544 13634 I art     : Starting a blocking GC Explicit
08-05 18:04:42.229  9544 13634 I art     : Explicit concurrent mark sweep GC freed 11(352B) AllocSpace objects, 0(0B) LOS objects, 29% free, 37MB/53MB, paused 2.111ms total 55.051ms
08-05 18:04:42.248  9544 13634 I art     : Starting a blocking GC Explicit
08-05 18:04:42.309  9544 13634 I art     : Explicit concurrent mark sweep GC freed 13(416B) AllocSpace objects, 0(0B) LOS objects, 29% free, 37MB/53MB, paused 2.116ms total 60.702ms
08-05 18:04:42.702  9544 14226 I art     : Starting a blocking GC Explicit
08-05 18:04:42.756  9544 14226 I art     : Explicit concurrent mark sweep GC freed 1581(87KB) AllocSpace objects, 1(20KB) LOS objects, 29% free, 37MB/53MB, paused 2.635ms total 53.216ms
08-05 18:04:42.775  9544 14226 I art     : Starting a blocking GC Explicit
08-05 18:04:42.827  9544 14226 I art     : Explicit concurrent mark sweep GC freed 101(5KB) AllocSpace objects, 0(0B) LOS objects, 29% free, 37MB/53MB, paused 1.974ms total 51.858ms
08-05 18:04:42.845  9544 14226 I art     : Starting a blocking GC Explicit
08-05 18:04:42.893  9544 14226 I art     : Explicit concurrent mark sweep GC freed 15(1504B) AllocSpace objects, 0(0B) LOS objects, 29% free, 37MB/53MB, paused 2.051ms total 47.004ms
08-05 18:04:42.910  9544 14226 I art     : Starting a blocking GC Explicit
08-05 18:04:42.961  9544 14226 I art     : Explicit concurrent mark sweep GC freed 3(96B) AllocSpace objects, 0(0B) LOS objects, 29% free, 37MB/53MB, paused 2.085ms total 50.829ms
08-05 18:04:42.979  9544 14226 I art     : Starting a blocking GC Explicit
08-05 18:04:43.030  9544 14226 I art     : Explicit concurrent mark sweep GC freed 3(96B) AllocSpace objects, 0(0B) LOS objects, 29% free, 37MB/53MB, paused 2.126ms total 50.453ms
08-05 18:04:43.100 14416 14416 D AndroidRuntime: >>>>>> START com.android.internal.os.RuntimeInit uid 2000 <<<<<<
08-05 18:04:43.106 14416 14416 D AndroidRuntime: CheckJNI is OFF
08-05 18:04:43.164 14416 14416 D ICU     : No timezone override file found: /data/misc/zoneinfo/current/icu/icu_tzdata.dat
08-05 18:04:43.212 14416 14416 I Radio-JNI: register_android_hardware_Radio DONE
08-05 18:04:43.246 14416 14416 D AndroidRuntime: Calling main entry com.android.commands.input.Input
08-05 18:04:43.249 14416 14416 I Input   : injectMotionEvent: MotionEvent { action=ACTION_DOWN, actionButton=0, id[0]=0, x[0]=594.0, y[0]=330.0, toolType[0]=TOOL_TYPE_UNKNOWN, buttonState=0, metaState=0, flags=0x0, edgeFlags=0x0, pointerCount=1, historySize=0, eventTime=813899661, downTime=813899661, deviceId=0, source=0x1002 }
08-05 18:04:43.256 14416 14416 I Input   : injectMotionEvent: MotionEvent { action=ACTION_UP, actionButton=0, id[0]=0, x[0]=594.0, y[0]=330.0, toolType[0]=TOOL_TYPE_UNKNOWN, buttonState=0, metaState=0, flags=0x0, edgeFlags=0x0, pointerCount=1, historySize=0, eventTime=813899661, downTime=813899661, deviceId=0, source=0x1002 }
08-05 18:04:43.258 14416 14416 D AndroidRuntime: Shutting down VM
08-05 18:04:43.268  9544 14275 E baseline.com.newsblur.network.APIResponse: Error (unexpected end of stream on https://www.newsblur.com/...) calling https://www.newsblur.com/reader/mark_story_hashes_as_read/
08-05 18:04:43.268  9544 14275 E baseline.com.newsblur.network.APIResponse: java.io.IOException: unexpected end of stream on https://www.newsblur.com/...
08-05 18:04:43.268  9544 14275 E baseline.com.newsblur.network.APIResponse: 	at okhttp3.internal.http1.Http1ExchangeCodec.readResponseHeaders(Http1ExchangeCodec.java:236)
08-05 18:04:43.268  9544 14275 E baseline.com.newsblur.network.APIResponse: 	at okhttp3.internal.connection.Exchange.readResponseHeaders(Exchange.java:115)
08-05 18:04:43.268  9544 14275 E baseline.com.newsblur.network.APIResponse: 	at okhttp3.internal.http.CallServerInterceptor.intercept(CallServerInterceptor.java:94)
08-05 18:04:43.268  9544 14275 E baseline.com.newsblur.network.APIResponse: 	at okhttp3.internal.http.RealInterceptorChain.proceed(RealInterceptorChain.java:142)
08-05 18:04:43.268  9544 14275 E baseline.com.newsblur.network.APIResponse: 	at okhttp3.internal.connection.ConnectInterceptor.intercept(ConnectInterceptor.java:43)
08-05 18:04:43.268  9544 14275 E baseline.com.newsblur.network.APIResponse: 	at okhttp3.internal.http.RealInterceptorChain.proceed(RealInterceptorChain.java:142)
08-05 18:04:43.268  9544 14275 E baseline.com.newsblur.network.APIResponse: 	at okhttp3.internal.http.RealInterceptorChain.proceed(RealInterceptorChain.java:117)
08-05 18:04:43.268  9544 14275 E baseline.com.newsblur.network.APIResponse: 	at okhttp3.internal.cache.CacheInterceptor.intercept(CacheInterceptor.java:94)
08-05 18:04:43.268  9544 14275 E baseline.com.newsblur.network.APIResponse: 	at okhttp3.internal.http.RealInterceptorChain.proceed(RealInterceptorChain.java:142)
08-05 18:04:43.268  9544 14275 E baseline.com.newsblur.network.APIResponse: 	at okhttp3.internal.http.RealInterceptorChain.proceed(RealInterceptorChain.java:117)
08-05 18:04:43.268  9544 14275 E baseline.com.newsblur.network.APIResponse: 	at okhttp3.internal.http.BridgeInterceptor.intercept(BridgeInterceptor.java:93)
08-05 18:04:43.268  9544 14275 E baseline.com.newsblur.network.APIResponse: 	at okhttp3.internal.http.RealInterceptorChain.proceed(RealInterceptorChain.java:142)
08-05 18:04:43.268  9544 14275 E baseline.com.newsblur.network.APIResponse: 	at okhttp3.internal.http.RetryAndFollowUpInterceptor.intercept(RetryAndFollowUpInterceptor.java:88)
08-05 18:04:43.268  9544 14275 E baseline.com.newsblur.network.APIResponse: 	at okhttp3.internal.http.RealInterceptorChain.proceed(RealInterceptorChain.java:142)
08-05 18:04:43.268  9544 14275 E baseline.com.newsblur.network.APIResponse: 	at okhttp3.internal.http.RealInterceptorChain.proceed(RealInterceptorChain.java:117)
08-05 18:04:43.268  9544 14275 E baseline.com.newsblur.network.APIResponse: 	at okhttp3.RealCall.getResponseWithInterceptorChain(RealCall.java:229)
08-05 18:04:43.268  9544 14275 E baseline.com.newsblur.network.APIResponse: 	at okhttp3.RealCall.execute(RealCall.java:81)
08-05 18:04:43.268  9544 14275 E baseline.com.newsblur.network.APIResponse: 	at baseline.com.newsblur.network.APIResponse.<init>(APIResponse.java:57)
08-05 18:04:43.268  9544 14275 E baseline.com.newsblur.network.APIResponse: 	at baseline.com.newsblur.network.APIResponse.<init>(APIResponse.java:43)
08-05 18:04:43.268  9544 14275 E baseline.com.newsblur.network.APIResponse: 	at baseline.com.newsblur.network.APIManager.post_single(APIManager.java:702)
08-05 18:04:43.268  9544 14275 E baseline.com.newsblur.network.APIResponse: 	at baseline.com.newsblur.network.APIManager.post(APIManager.java:675)
08-05 18:04:43.268  9544 14275 E baseline.com.newsblur.network.APIResponse: 	at baseline.com.newsblur.network.APIManager.post(APIManager.java:714)
08-05 18:04:43.268  9544 14275 E baseline.com.newsblur.network.APIResponse: 	at baseline.com.newsblur.network.APIManager.markStoryAsRead(APIManager.java:205)
08-05 18:04:43.268  9544 14275 E baseline.com.newsblur.network.APIResponse: 	at baseline.com.newsblur.util.ReadingAction.doRemote(ReadingAction.java:281)
08-05 18:04:43.268  9544 14275 E baseline.com.newsblur.network.APIResponse: 	at baseline.com.newsblur.service.NBSyncService.syncActions(NBSyncService.java:400)
08-05 18:04:43.268  9544 14275 E baseline.com.newsblur.network.APIResponse: 	at baseline.com.newsblur.service.NBSyncService.doSync(NBSyncService.java:298)
08-05 18:04:43.268  9544 14275 E baseline.com.newsblur.network.APIResponse: 	at baseline.com.newsblur.service.NBSyncService.access$100(NBSyncService.java:67)
08-05 18:04:43.268  9544 14275 E baseline.com.newsblur.network.APIResponse: 	at baseline.com.newsblur.service.NBSyncService$1.run(NBSyncService.java:188)
08-05 18:04:43.268  9544 14275 E baseline.com.newsblur.network.APIResponse: 	at java.util.concurrent.ThreadPoolExecutor.runWorker(ThreadPoolExecutor.java:1113)
08-05 18:04:43.268  9544 14275 E baseline.com.newsblur.network.APIResponse: 	at java.util.concurrent.ThreadPoolExecutor$Worker.run(ThreadPoolExecutor.java:588)
08-05 18:04:43.268  9544 14275 E baseline.com.newsblur.network.APIResponse: 	at java.lang.Thread.run(Thread.java:818)
08-05 18:04:43.268  9544 14275 E baseline.com.newsblur.network.APIResponse: Caused by: java.io.EOFException: \n not found: limit=0 content=
08-05 18:04:43.268  9544 14275 E baseline.com.newsblur.network.APIResponse: 	at okio.RealBufferedSource.readUtf8LineStrict(RealBufferedSource.java:240)
08-05 18:04:43.268  9544 14275 E baseline.com.newsblur.network.APIResponse: 	at okhttp3.internal.http1.Http1ExchangeCodec.readHeaderLine(Http1ExchangeCodec.java:242)
08-05 18:04:43.268  9544 14275 E baseline.com.newsblur.network.APIResponse: 	at okhttp3.internal.http1.Http1ExchangeCodec.readResponseHeaders(Http1ExchangeCodec.java:213)
08-05 18:04:43.268  9544 14275 E baseline.com.newsblur.network.APIResponse: 	... 30 more
08-05 18:04:43.270  9544 14275 I baseline.com.newsblur.network.APIManager: API call failed, pausing before retry number 2
08-05 18:04:43.325   918  4413 I ActivityManager: START u0 {cmp=baseline.com.newsblur/.activity.GlobalSharedStoriesItemsList (has extras)} from uid 10676 on display 0
08-05 18:04:43.349 21092 21109 I Finsky  : [6019] ktr.run(-1): Stats for Executor: BlockingExecutor kvs@20f81d3[Running, pool size = 0, active threads = 0, queued tasks = 0, completed tasks = 141]
08-05 18:04:43.350 21092 21109 I Finsky  : [6019] ktr.run(-1): Stats for Executor: LightweightExecutor kvs@65ac110[Running, pool size = 4, active threads = 0, queued tasks = 0, completed tasks = 76]
08-05 18:04:43.353  9544 13619 I baseline.com.newsblur.database.BlurDatabaseHelper: reading session reset
08-05 18:04:43.404  9544 13631 I art     : Starting a blocking GC Explicit
08-05 18:04:43.458  9544 13631 I art     : Explicit concurrent mark sweep GC freed 5848(531KB) AllocSpace objects, 8(252KB) LOS objects, 29% free, 37MB/53MB, paused 1.959ms total 53.562ms
08-05 18:04:43.477  9544 13631 I art     : Starting a blocking GC Explicit
08-05 18:04:43.528  9544 13631 I art     : Explicit concurrent mark sweep GC freed 290(13KB) AllocSpace objects, 0(0B) LOS objects, 29% free, 37MB/53MB, paused 2.123ms total 50.946ms
08-05 18:04:43.546  9544 13631 I art     : Starting a blocking GC Explicit
08-05 18:04:43.583  9544  9544 W View    : requestLayout() improperly called by android.widget.FrameLayout{31fbf7d V.E...... ......ID 0,0-1440,18 #7f07003f app:id/footer_view_inner} during layout: running second layout pass
08-05 18:04:43.583  9544  9544 W View    : requestLayout() improperly called by android.widget.FrameLayout{88ace72 V.E...... ......ID 0,0-1440,2091 #7f07003f app:id/footer_view_inner} during layout: running second layout pass
08-05 18:04:43.595  9544 13631 I art     : Explicit concurrent mark sweep GC freed 871(76KB) AllocSpace objects, 2(40KB) LOS objects, 29% free, 37MB/53MB, paused 1.993ms total 49.050ms
08-05 18:04:43.602   918   936 I ActivityManager: Displayed baseline.com.newsblur/.activity.GlobalSharedStoriesItemsList: +267ms
08-05 18:04:43.603 13866 13866 I GoogleInputMethodServic: GoogleInputMethodService.onFinishInput():3138 
08-05 18:04:43.604 13866 13866 I GoogleInputMethodServic: GoogleInputMethodService.onStartInput():1808 
08-05 18:04:43.613  9544 13631 I art     : Starting a blocking GC Explicit
08-05 18:04:43.667  9544 13631 I art     : Explicit concurrent mark sweep GC freed 967(63KB) AllocSpace objects, 5(100KB) LOS objects, 29% free, 37MB/53MB, paused 2.543ms total 53.499ms
08-05 18:04:43.688  9544 13631 I art     : Starting a blocking GC Explicit
08-05 18:04:43.746  9544 13631 I art     : Explicit concurrent mark sweep GC freed 505(27KB) AllocSpace objects, 1(20KB) LOS objects, 29% free, 37MB/53MB, paused 2.044ms total 57.380ms
08-05 18:04:43.755  9544 14451 I NAPPA_EXPERIMENTATION: MetricNetworkRequestExecutionTime: REQUEST_DURATION_SYSTEM='82',REQUEST_DURATION_OKHTTP='81',REQUEST_SYNCHRONOUS='TRUE',RESPONSE_CODE='200',RESPONSE_METHOD='GET',RESPONSE_LENGTH_OKHTTP='43',RESPONSE_LENGTH_HEADER='43',REQUEST_PROTOCOL='http/1.1',REQUEST_URL='http://feeds.feedburner.com/~r/retort/~4/UffaFMiJbNs',
08-05 18:04:44.130  9544  9570 I art     : Starting a blocking GC Explicit
08-05 18:04:44.188  9544  9570 I art     : Explicit concurrent mark sweep GC freed 2232(147KB) AllocSpace objects, 3(60KB) LOS objects, 29% free, 37MB/53MB, paused 1.979ms total 57.411ms
08-05 18:04:44.210  9544  9570 I art     : Starting a blocking GC Explicit
08-05 18:04:44.265  9544  9570 I art     : Explicit concurrent mark sweep GC freed 45(1712B) AllocSpace objects, 0(0B) LOS objects, 29% free, 37MB/53MB, paused 1.983ms total 54.604ms
08-05 18:04:44.284  9544  9570 I art     : Starting a blocking GC Explicit
08-05 18:04:44.313 21092 21109 I Finsky  : [6019] ktr.run(-1): Stats for Executor: bgExecutor kvs@dd74409[Running, pool size = 4, active threads = 0, queued tasks = 0, completed tasks = 389]
08-05 18:04:44.341  9544  9570 I art     : Explicit concurrent mark sweep GC freed 3(96B) AllocSpace objects, 0(0B) LOS objects, 29% free, 37MB/53MB, paused 2.222ms total 56.396ms
08-05 18:04:44.361  9544  9570 I art     : Starting a blocking GC Explicit
08-05 18:04:44.417  9544  9570 I art     : Explicit concurrent mark sweep GC freed 3(96B) AllocSpace objects, 0(0B) LOS objects, 29% free, 37MB/53MB, paused 2.166ms total 56.513ms
08-05 18:04:44.437  9544  9570 I art     : Starting a blocking GC Explicit
08-05 18:04:44.494  9544  9570 I art     : Explicit concurrent mark sweep GC freed 3(96B) AllocSpace objects, 0(0B) LOS objects, 29% free, 37MB/53MB, paused 2.014ms total 56.129ms
08-05 18:04:44.899  9544  9570 I art     : Starting a blocking GC Explicit
08-05 18:04:44.963  9544  9570 I art     : Explicit concurrent mark sweep GC freed 1464(83KB) AllocSpace objects, 1(20KB) LOS objects, 29% free, 37MB/53MB, paused 2.009ms total 64.491ms
08-05 18:04:44.984  9544  9570 I art     : Starting a blocking GC Explicit
08-05 18:04:45.043  9544  9570 I art     : Explicit concurrent mark sweep GC freed 26(912B) AllocSpace objects, 0(0B) LOS objects, 29% free, 37MB/53MB, paused 2.097ms total 58.410ms
08-05 18:04:45.061  9544  9570 I art     : Starting a blocking GC Explicit
08-05 18:04:45.117  9544  9570 I art     : Explicit concurrent mark sweep GC freed 3(96B) AllocSpace objects, 0(0B) LOS objects, 29% free, 37MB/53MB, paused 2.248ms total 55.611ms
08-05 18:04:45.137  9544  9570 I art     : Starting a blocking GC Explicit
08-05 18:04:45.193  9544  9570 I art     : Explicit concurrent mark sweep GC freed 3(96B) AllocSpace objects, 0(0B) LOS objects, 29% free, 37MB/53MB, paused 1.999ms total 55.572ms
08-05 18:04:45.213  9544  9570 I art     : Starting a blocking GC Explicit
08-05 18:04:45.269  9544  9570 I art     : Explicit concurrent mark sweep GC freed 3(96B) AllocSpace objects, 0(0B) LOS objects, 29% free, 37MB/53MB, paused 2.334ms total 56.238ms
08-05 18:04:45.657  9544 13634 I art     : Starting a blocking GC Explicit
08-05 18:04:45.715  9544 13634 I art     : Explicit concurrent mark sweep GC freed 1440(82KB) AllocSpace objects, 1(20KB) LOS objects, 29% free, 37MB/53MB, paused 2.318ms total 57.511ms
08-05 18:04:45.736  9544 13634 I art     : Starting a blocking GC Explicit
08-05 18:04:45.793  9544 13634 I art     : Explicit concurrent mark sweep GC freed 22(784B) AllocSpace objects, 0(0B) LOS objects, 29% free, 37MB/53MB, paused 1.934ms total 56.391ms
08-05 18:04:45.812  9544 13634 I art     : Starting a blocking GC Explicit
08-05 18:04:45.869  9544 13634 I art     : Explicit concurrent mark sweep GC freed 3(96B) AllocSpace objects, 0(0B) LOS objects, 29% free, 37MB/53MB, paused 2.297ms total 56.446ms
08-05 18:04:45.889  9544 13634 I art     : Starting a blocking GC Explicit
08-05 18:04:45.945  9544 13634 I art     : Explicit concurrent mark sweep GC freed 3(96B) AllocSpace objects, 0(0B) LOS objects, 29% free, 37MB/53MB, paused 1.993ms total 55.963ms
08-05 18:04:45.964  9544 13634 I art     : Starting a blocking GC Explicit
08-05 18:04:46.022  9544 13634 I art     : Explicit concurrent mark sweep GC freed 3(96B) AllocSpace objects, 0(0B) LOS objects, 29% free, 37MB/53MB, paused 2.140ms total 56.723ms
08-05 18:04:46.438  9544 14226 I art     : Starting a blocking GC Explicit
08-05 18:04:46.476   918  3188 I hubconnection: sensorhub said: 'set_bias 3: -5.3376, 0.0000, 0.0000'
08-05 18:04:46.498  9544 14226 I art     : Explicit concurrent mark sweep GC freed 1605(92KB) AllocSpace objects, 1(20KB) LOS objects, 29% free, 37MB/53MB, paused 2.048ms total 58.836ms
08-05 18:04:46.518  9544 14226 I art     : Starting a blocking GC Explicit
08-05 18:04:46.572  9544 14226 I art     : Explicit concurrent mark sweep GC freed 28(1040B) AllocSpace objects, 0(0B) LOS objects, 29% free, 37MB/53MB, paused 2.052ms total 54.169ms
08-05 18:04:46.592  9544 14226 I art     : Starting a blocking GC Explicit
08-05 18:04:46.650  9544 14226 I art     : Explicit concurrent mark sweep GC freed 3(96B) AllocSpace objects, 0(0B) LOS objects, 29% free, 37MB/53MB, paused 2.559ms total 57.511ms
08-05 18:04:46.669  9544 14226 I art     : Starting a blocking GC Explicit
08-05 18:04:46.726  9544 14226 I art     : Explicit concurrent mark sweep GC freed 3(96B) AllocSpace objects, 0(0B) LOS objects, 29% free, 37MB/53MB, paused 2.029ms total 56.748ms
08-05 18:04:46.746  9544 14226 I art     : Starting a blocking GC Explicit
08-05 18:04:46.787   518   646 I ThermalEngine: ACTION: GPU - Setting GPU[0] to 450000000
08-05 18:04:46.802  9544 14226 I art     : Explicit concurrent mark sweep GC freed 251(11KB) AllocSpace objects, 0(0B) LOS objects, 29% free, 37MB/53MB, paused 1.589ms total 55.199ms
08-05 18:04:46.852  9544 14275 E baseline.com.newsblur.network.APIResponse: Error (unexpected end of stream on https://www.newsblur.com/...) calling https://www.newsblur.com/reader/mark_story_hashes_as_read/
08-05 18:04:46.852  9544 14275 E baseline.com.newsblur.network.APIResponse: java.io.IOException: unexpected end of stream on https://www.newsblur.com/...
08-05 18:04:46.852  9544 14275 E baseline.com.newsblur.network.APIResponse: 	at okhttp3.internal.http1.Http1ExchangeCodec.readResponseHeaders(Http1ExchangeCodec.java:236)
08-05 18:04:46.852  9544 14275 E baseline.com.newsblur.network.APIResponse: 	at okhttp3.internal.connection.Exchange.readResponseHeaders(Exchange.java:115)
08-05 18:04:46.852  9544 14275 E baseline.com.newsblur.network.APIResponse: 	at okhttp3.internal.http.CallServerInterceptor.intercept(CallServerInterceptor.java:94)
08-05 18:04:46.852  9544 14275 E baseline.com.newsblur.network.APIResponse: 	at okhttp3.internal.http.RealInterceptorChain.proceed(RealInterceptorChain.java:142)
08-05 18:04:46.852  9544 14275 E baseline.com.newsblur.network.APIResponse: 	at okhttp3.internal.connection.ConnectInterceptor.intercept(ConnectInterceptor.java:43)
08-05 18:04:46.852  9544 14275 E baseline.com.newsblur.network.APIResponse: 	at okhttp3.internal.http.RealInterceptorChain.proceed(RealInterceptorChain.java:142)
08-05 18:04:46.852  9544 14275 E baseline.com.newsblur.network.APIResponse: 	at okhttp3.internal.http.RealInterceptorChain.proceed(RealInterceptorChain.java:117)
08-05 18:04:46.852  9544 14275 E baseline.com.newsblur.network.APIResponse: 	at okhttp3.internal.cache.CacheInterceptor.intercept(CacheInterceptor.java:94)
08-05 18:04:46.852  9544 14275 E baseline.com.newsblur.network.APIResponse: 	at okhttp3.internal.http.RealInterceptorChain.proceed(RealInterceptorChain.java:142)
08-05 18:04:46.852  9544 14275 E baseline.com.newsblur.network.APIResponse: 	at okhttp3.internal.http.RealInterceptorChain.proceed(RealInterceptorChain.java:117)
08-05 18:04:46.852  9544 14275 E baseline.com.newsblur.network.APIResponse: 	at okhttp3.internal.http.BridgeInterceptor.intercept(BridgeInterceptor.java:93)
08-05 18:04:46.852  9544 14275 E baseline.com.newsblur.network.APIResponse: 	at okhttp3.internal.http.RealInterceptorChain.proceed(RealInterceptorChain.java:142)
08-05 18:04:46.852  9544 14275 E baseline.com.newsblur.network.APIResponse: 	at okhttp3.internal.http.RetryAndFollowUpInterceptor.intercept(RetryAndFollowUpInterceptor.java:88)
08-05 18:04:46.852  9544 14275 E baseline.com.newsblur.network.APIResponse: 	at okhttp3.internal.http.RealInterceptorChain.proceed(RealInterceptorChain.java:142)
08-05 18:04:46.852  9544 14275 E baseline.com.newsblur.network.APIResponse: 	at okhttp3.internal.http.RealInterceptorChain.proceed(RealInterceptorChain.java:117)
08-05 18:04:46.852  9544 14275 E baseline.com.newsblur.network.APIResponse: 	at okhttp3.RealCall.getResponseWithInterceptorChain(RealCall.java:229)
08-05 18:04:46.852  9544 14275 E baseline.com.newsblur.network.APIResponse: 	at okhttp3.RealCall.execute(RealCall.java:81)
08-05 18:04:46.852  9544 14275 E baseline.com.newsblur.network.APIResponse: 	at baseline.com.newsblur.network.APIResponse.<init>(APIResponse.java:57)
08-05 18:04:46.852  9544 14275 E baseline.com.newsblur.network.APIResponse: 	at baseline.com.newsblur.network.APIResponse.<init>(APIResponse.java:43)
08-05 18:04:46.852  9544 14275 E baseline.com.newsblur.network.APIResponse: 	at baseline.com.newsblur.network.APIManager.post_single(APIManager.java:702)
08-05 18:04:46.852  9544 14275 E baseline.com.newsblur.network.APIResponse: 	at baseline.com.newsblur.network.APIManager.post(APIManager.java:675)
08-05 18:04:46.852  9544 14275 E baseline.com.newsblur.network.APIResponse: 	at baseline.com.newsblur.network.APIManager.post(APIManager.java:714)
08-05 18:04:46.852  9544 14275 E baseline.com.newsblur.network.APIResponse: 	at baseline.com.newsblur.network.APIManager.markStoryAsRead(APIManager.java:205)
08-05 18:04:46.852  9544 14275 E baseline.com.newsblur.network.APIResponse: 	at baseline.com.newsblur.util.ReadingAction.doRemote(ReadingAction.java:281)
08-05 18:04:46.852  9544 14275 E baseline.com.newsblur.network.APIResponse: 	at baseline.com.newsblur.service.NBSyncService.syncActions(NBSyncService.java:400)
08-05 18:04:46.852  9544 14275 E baseline.com.newsblur.network.APIResponse: 	at baseline.com.newsblur.service.NBSyncService.doSync(NBSyncService.java:298)
08-05 18:04:46.852  9544 14275 E baseline.com.newsblur.network.APIResponse: 	at baseline.com.newsblur.service.NBSyncService.access$100(NBSyncService.java:67)
08-05 18:04:46.852  9544 14275 E baseline.com.newsblur.network.APIResponse: 	at baseline.com.newsblur.service.NBSyncService$1.run(NBSyncService.java:188)
08-05 18:04:46.852  9544 14275 E baseline.com.newsblur.network.APIResponse: 	at java.util.concurrent.ThreadPoolExecutor.runWorker(ThreadPoolExecutor.java:1113)
08-05 18:04:46.852  9544 14275 E baseline.com.newsblur.network.APIResponse: 	at java.util.concurrent.ThreadPoolExecutor$Worker.run(ThreadPoolExecutor.java:588)
08-05 18:04:46.852  9544 14275 E baseline.com.newsblur.network.APIResponse: 	at java.lang.Thread.run(Thread.java:818)
08-05 18:04:46.852  9544 14275 E baseline.com.newsblur.network.APIResponse: Caused by: java.io.EOFException: \n not found: limit=0 content=
08-05 18:04:46.852  9544 14275 E baseline.com.newsblur.network.APIResponse: 	at okio.RealBufferedSource.readUtf8LineStrict(RealBufferedSource.java:240)
08-05 18:04:46.852  9544 14275 E baseline.com.newsblur.network.APIResponse: 	at okhttp3.internal.http1.Http1ExchangeCodec.readHeaderLine(Http1ExchangeCodec.java:242)
08-05 18:04:46.852  9544 14275 E baseline.com.newsblur.network.APIResponse: 	at okhttp3.internal.http1.Http1ExchangeCodec.readResponseHeaders(Http1ExchangeCodec.java:213)
08-05 18:04:46.852  9544 14275 E baseline.com.newsblur.network.APIResponse: 	... 30 more
08-05 18:04:46.854  9544 14275 I baseline.com.newsblur.service.NBSyncService: Holding reading action with server-side or network error.
08-05 18:04:46.862  9544 14275 W baseline.com.newsblur.service.NBSyncService: hard API failure
08-05 18:04:46.870  9544 14275 I baseline.com.newsblur.service.NBSyncService: recounting dirty feed sets: 1
08-05 18:04:47.159  9544  9573 I art     : Starting a blocking GC Explicit
08-05 18:04:47.208  9544  9573 I art     : Explicit concurrent mark sweep GC freed 4528(416KB) AllocSpace objects, 5(100KB) LOS objects, 29% free, 37MB/53MB, paused 1.508ms total 49.085ms
08-05 18:04:47.221  9544  9573 I art     : Starting a blocking GC Explicit
08-05 18:04:47.269  9544  9573 I art     : Explicit concurrent mark sweep GC freed 274(10KB) AllocSpace objects, 0(0B) LOS objects, 29% free, 37MB/53MB, paused 1.680ms total 46.740ms
08-05 18:04:47.282  9544  9573 I art     : Starting a blocking GC Explicit
08-05 18:04:47.328  9544  9573 I art     : Explicit concurrent mark sweep GC freed 1597(62KB) AllocSpace objects, 0(0B) LOS objects, 29% free, 37MB/53MB, paused 1.523ms total 46.200ms
08-05 18:04:47.341  9544  9573 I art     : Starting a blocking GC Explicit
08-05 18:04:47.368  9544 14275 E baseline.com.newsblur.network.APIResponse: Error (unexpected end of stream on https://www.newsblur.com/...) calling https://www.newsblur.com/reader/feed_unread_count?feed_id=0
08-05 18:04:47.368  9544 14275 E baseline.com.newsblur.network.APIResponse: java.io.IOException: unexpected end of stream on https://www.newsblur.com/...
08-05 18:04:47.368  9544 14275 E baseline.com.newsblur.network.APIResponse: 	at okhttp3.internal.http1.Http1ExchangeCodec.readResponseHeaders(Http1ExchangeCodec.java:236)
08-05 18:04:47.368  9544 14275 E baseline.com.newsblur.network.APIResponse: 	at okhttp3.internal.connection.Exchange.readResponseHeaders(Exchange.java:115)
08-05 18:04:47.368  9544 14275 E baseline.com.newsblur.network.APIResponse: 	at okhttp3.internal.http.CallServerInterceptor.intercept(CallServerInterceptor.java:94)
08-05 18:04:47.368  9544 14275 E baseline.com.newsblur.network.APIResponse: 	at okhttp3.internal.http.RealInterceptorChain.proceed(RealInterceptorChain.java:142)
08-05 18:04:47.368  9544 14275 E baseline.com.newsblur.network.APIResponse: 	at okhttp3.internal.connection.ConnectInterceptor.intercept(ConnectInterceptor.java:43)
08-05 18:04:47.368  9544 14275 E baseline.com.newsblur.network.APIResponse: 	at okhttp3.internal.http.RealInterceptorChain.proceed(RealInterceptorChain.java:142)
08-05 18:04:47.368  9544 14275 E baseline.com.newsblur.network.APIResponse: 	at okhttp3.internal.http.RealInterceptorChain.proceed(RealInterceptorChain.java:117)
08-05 18:04:47.368  9544 14275 E baseline.com.newsblur.network.APIResponse: 	at okhttp3.internal.cache.CacheInterceptor.intercept(CacheInterceptor.java:94)
08-05 18:04:47.368  9544 14275 E baseline.com.newsblur.network.APIResponse: 	at okhttp3.internal.http.RealInterceptorChain.proceed(RealInterceptorChain.java:142)
08-05 18:04:47.368  9544 14275 E baseline.com.newsblur.network.APIResponse: 	at okhttp3.internal.http.RealInterceptorChain.proceed(RealInterceptorChain.java:117)
08-05 18:04:47.368  9544 14275 E baseline.com.newsblur.network.APIResponse: 	at okhttp3.internal.http.BridgeInterceptor.intercept(BridgeInterceptor.java:93)
08-05 18:04:47.368  9544 14275 E baseline.com.newsblur.network.APIResponse: 	at okhttp3.internal.http.RealInterceptorChain.proceed(RealInterceptorChain.java:142)
08-05 18:04:47.368  9544 14275 E baseline.com.newsblur.network.APIResponse: 	at okhttp3.internal.http.RetryAndFollowUpInterceptor.intercept(RetryAndFollowUpInterceptor.java:88)
08-05 18:04:47.368  9544 14275 E baseline.com.newsblur.network.APIResponse: 	at okhttp3.internal.http.RealInterceptorChain.proceed(RealInterceptorChain.java:142)
08-05 18:04:47.368  9544 14275 E baseline.com.newsblur.network.APIResponse: 	at okhttp3.internal.http.RealInterceptorChain.proceed(RealInterceptorChain.java:117)
08-05 18:04:47.368  9544 14275 E baseline.com.newsblur.network.APIResponse: 	at okhttp3.RealCall.getResponseWithInterceptorChain(RealCall.java:229)
08-05 18:04:47.368  9544 14275 E baseline.com.newsblur.network.APIResponse: 	at okhttp3.RealCall.execute(RealCall.java:81)
08-05 18:04:47.368  9544 14275 E baseline.com.newsblur.network.APIResponse: 	at baseline.com.newsblur.network.APIResponse.<init>(APIResponse.java:57)
08-05 18:04:47.368  9544 14275 E baseline.com.newsblur.network.APIResponse: 	at baseline.com.newsblur.network.APIManager.get_single(APIManager.java:639)
08-05 18:04:47.368  9544 14275 E baseline.com.newsblur.network.APIResponse: 	at baseline.com.newsblur.network.APIManager.get(APIManager.java:625)
08-05 18:04:47.368  9544 14275 E baseline.com.newsblur.network.APIResponse: 	at baseline.com.newsblur.network.APIManager.get(APIManager.java:667)
08-05 18:04:47.368  9544 14275 E baseline.com.newsblur.network.APIResponse: 	at baseline.com.newsblur.network.APIManager.getFeedUnreadCounts(APIManager.java:274)
08-05 18:04:47.368  9544 14275 E baseline.com.newsblur.network.APIResponse: 	at baseline.com.newsblur.service.NBSyncService.checkRecounts(NBSyncService.java:660)
08-05 18:04:47.368  9544 14275 E baseline.com.newsblur.network.APIResponse: 	at baseline.com.newsblur.service.NBSyncService.doSync(NBSyncService.java:310)
08-05 18:04:47.368  9544 14275 E baseline.com.newsblur.network.APIResponse: 	at baseline.com.newsblur.service.NBSyncService.access$100(NBSyncService.java:67)
08-05 18:04:47.368  9544 14275 E baseline.com.newsblur.network.APIResponse: 	at baseline.com.newsblur.service.NBSyncService$1.run(NBSyncService.java:188)
08-05 18:04:47.368  9544 14275 E baseline.com.newsblur.network.APIResponse: 	at java.util.concurrent.ThreadPoolExecutor.runWorker(ThreadPoolExecutor.java:1113)
08-05 18:04:47.368  9544 14275 E baseline.com.newsblur.network.APIResponse: 	at java.util.concurrent.ThreadPoolExecutor$Worker.run(ThreadPoolExecutor.java:588)
08-05 18:04:47.368  9544 14275 E baseline.com.newsblur.network.APIResponse: 	at java.lang.Thread.run(Thread.java:818)
08-05 18:04:47.368  9544 14275 E baseline.com.newsblur.network.APIResponse: Caused by: java.io.EOFException: \n not found: limit=0 content=
08-05 18:04:47.368  9544 14275 E baseline.com.newsblur.network.APIResponse: 	at okio.RealBufferedSource.readUtf8LineStrict(RealBufferedSource.java:240)
08-05 18:04:47.368  9544 14275 E baseline.com.newsblur.network.APIResponse: 	at okhttp3.internal.http1.Http1ExchangeCodec.readHeaderLine(Http1ExchangeCodec.java:242)
08-05 18:04:47.368  9544 14275 E baseline.com.newsblur.network.APIResponse: 	at okhttp3.internal.http1.Http1ExchangeCodec.readResponseHeaders(Http1ExchangeCodec.java:213)
08-05 18:04:47.368  9544 14275 E baseline.com.newsblur.network.APIResponse: 	... 28 more
08-05 18:04:47.370  9544 14275 I baseline.com.newsblur.network.APIManager: API call failed, pausing before retry number 1
08-05 18:04:47.388  9544  9573 I art     : Explicit concurrent mark sweep GC freed 849(196KB) AllocSpace objects, 2(40KB) LOS objects, 29% free, 37MB/53MB, paused 1.605ms total 46.382ms
08-05 18:04:47.401  9544  9573 I art     : Starting a blocking GC Explicit
08-05 18:04:47.448  9544  9573 I art     : Explicit concurrent mark sweep GC freed 116(16KB) AllocSpace objects, 0(0B) LOS objects, 29% free, 37MB/53MB, paused 1.407ms total 46.660ms
08-05 18:04:47.840  9544 13631 I art     : Starting a blocking GC Explicit
08-05 18:04:47.890  9544 13631 I art     : Explicit concurrent mark sweep GC freed 1462(85KB) AllocSpace objects, 1(20KB) LOS objects, 29% free, 37MB/53MB, paused 1.468ms total 48.755ms
08-05 18:04:47.903  9544 13631 I art     : Starting a blocking GC Explicit
08-05 18:04:47.953  9544 13631 I art     : Explicit concurrent mark sweep GC freed 22(784B) AllocSpace objects, 0(0B) LOS objects, 29% free, 37MB/53MB, paused 1.339ms total 49.464ms
08-05 18:04:47.969  9544 13631 I art     : Starting a blocking GC Explicit
08-05 18:04:48.015  9544 13631 I art     : Explicit concurrent mark sweep GC freed 3(96B) AllocSpace objects, 0(0B) LOS objects, 29% free, 37MB/53MB, paused 1.383ms total 45.740ms
08-05 18:04:48.028  9544 13631 I art     : Starting a blocking GC Explicit
08-05 18:04:48.076  9544 13631 I art     : Explicit concurrent mark sweep GC freed 3(96B) AllocSpace objects, 0(0B) LOS objects, 29% free, 37MB/53MB, paused 1.402ms total 47.247ms
08-05 18:04:48.089  9544 13631 I art     : Starting a blocking GC Explicit
08-05 18:04:48.136  9544 13631 I art     : Explicit concurrent mark sweep GC freed 3(96B) AllocSpace objects, 0(0B) LOS objects, 29% free, 37MB/53MB, paused 1.402ms total 46.480ms
08-05 18:04:48.521  9544  9570 I art     : Starting a blocking GC Explicit
08-05 18:04:48.572  9544  9570 I art     : Explicit concurrent mark sweep GC freed 1438(82KB) AllocSpace objects, 1(20KB) LOS objects, 29% free, 37MB/53MB, paused 1.337ms total 50.698ms
08-05 18:04:48.588  9544  9570 I art     : Starting a blocking GC Explicit
08-05 18:04:48.634  9544  9570 I art     : Explicit concurrent mark sweep GC freed 22(784B) AllocSpace objects, 0(0B) LOS objects, 29% free, 37MB/53MB, paused 1.348ms total 46.388ms
08-05 18:04:48.648  9544  9570 I art     : Starting a blocking GC Explicit
08-05 18:04:48.694  9544  9570 I art     : Explicit concurrent mark sweep GC freed 3(96B) AllocSpace objects, 0(0B) LOS objects, 29% free, 37MB/53MB, paused 1.397ms total 46.619ms
08-05 18:04:48.708  9544  9570 I art     : Starting a blocking GC Explicit
08-05 18:04:48.755  9544  9570 I art     : Explicit concurrent mark sweep GC freed 3(96B) AllocSpace objects, 0(0B) LOS objects, 29% free, 37MB/53MB, paused 1.357ms total 46.621ms
08-05 18:04:48.768  9544  9570 I art     : Starting a blocking GC Explicit
08-05 18:04:48.818  9544  9570 I art     : Explicit concurrent mark sweep GC freed 3(96B) AllocSpace objects, 0(0B) LOS objects, 29% free, 37MB/53MB, paused 1.534ms total 49.471ms
08-05 18:04:49.202  9544 13634 I art     : Starting a blocking GC Explicit
08-05 18:04:49.252  9544 13634 I art     : Explicit concurrent mark sweep GC freed 1605(91KB) AllocSpace objects, 1(20KB) LOS objects, 29% free, 37MB/53MB, paused 1.448ms total 49.478ms
08-05 18:04:49.266  9544 13634 I art     : Starting a blocking GC Explicit
08-05 18:04:49.315  9544 13634 I art     : Explicit concurrent mark sweep GC freed 28(1040B) AllocSpace objects, 0(0B) LOS objects, 29% free, 37MB/53MB, paused 1.461ms total 48.829ms
08-05 18:04:49.328  9544 13634 I art     : Starting a blocking GC Explicit
08-05 18:04:49.376  9544 13634 I art     : Explicit concurrent mark sweep GC freed 1465(58KB) AllocSpace objects, 0(0B) LOS objects, 29% free, 37MB/53MB, paused 1.673ms total 47.292ms
08-05 18:04:49.389  9544 13634 I art     : Starting a blocking GC Explicit
08-05 18:04:49.408   918  3261 D WifiStateMachine: starting scan for "H369AA63323"WPA_PSK with 2412,5180
08-05 18:04:49.437  9544 13634 I art     : Explicit concurrent mark sweep GC freed 264(8KB) AllocSpace objects, 0(0B) LOS objects, 29% free, 37MB/53MB, paused 1.506ms total 48.062ms
08-05 18:04:49.451  9544 13634 I art     : Starting a blocking GC Explicit
08-05 18:04:49.470  9544 14275 E baseline.com.newsblur.network.APIResponse: Error (unexpected end of stream on https://www.newsblur.com/...) calling https://www.newsblur.com/reader/feed_unread_count?feed_id=0
08-05 18:04:49.470  9544 14275 E baseline.com.newsblur.network.APIResponse: java.io.IOException: unexpected end of stream on https://www.newsblur.com/...
08-05 18:04:49.470  9544 14275 E baseline.com.newsblur.network.APIResponse: 	at okhttp3.internal.http1.Http1ExchangeCodec.readResponseHeaders(Http1ExchangeCodec.java:236)
08-05 18:04:49.470  9544 14275 E baseline.com.newsblur.network.APIResponse: 	at okhttp3.internal.connection.Exchange.readResponseHeaders(Exchange.java:115)
08-05 18:04:49.470  9544 14275 E baseline.com.newsblur.network.APIResponse: 	at okhttp3.internal.http.CallServerInterceptor.intercept(CallServerInterceptor.java:94)
08-05 18:04:49.470  9544 14275 E baseline.com.newsblur.network.APIResponse: 	at okhttp3.internal.http.RealInterceptorChain.proceed(RealInterceptorChain.java:142)
08-05 18:04:49.470  9544 14275 E baseline.com.newsblur.network.APIResponse: 	at okhttp3.internal.connection.ConnectInterceptor.intercept(ConnectInterceptor.java:43)
08-05 18:04:49.470  9544 14275 E baseline.com.newsblur.network.APIResponse: 	at okhttp3.internal.http.RealInterceptorChain.proceed(RealInterceptorChain.java:142)
08-05 18:04:49.470  9544 14275 E baseline.com.newsblur.network.APIResponse: 	at okhttp3.internal.http.RealInterceptorChain.proceed(RealInterceptorChain.java:117)
08-05 18:04:49.470  9544 14275 E baseline.com.newsblur.network.APIResponse: 	at okhttp3.internal.cache.CacheInterceptor.intercept(CacheInterceptor.java:94)
08-05 18:04:49.470  9544 14275 E baseline.com.newsblur.network.APIResponse: 	at okhttp3.internal.http.RealInterceptorChain.proceed(RealInterceptorChain.java:142)
08-05 18:04:49.470  9544 14275 E baseline.com.newsblur.network.APIResponse: 	at okhttp3.internal.http.RealInterceptorChain.proceed(RealInterceptorChain.java:117)
08-05 18:04:49.470  9544 14275 E baseline.com.newsblur.network.APIResponse: 	at okhttp3.internal.http.BridgeInterceptor.intercept(BridgeInterceptor.java:93)
08-05 18:04:49.470  9544 14275 E baseline.com.newsblur.network.APIResponse: 	at okhttp3.internal.http.RealInterceptorChain.proceed(RealInterceptorChain.java:142)
08-05 18:04:49.470  9544 14275 E baseline.com.newsblur.network.APIResponse: 	at okhttp3.internal.http.RetryAndFollowUpInterceptor.intercept(RetryAndFollowUpInterceptor.java:88)
08-05 18:04:49.470  9544 14275 E baseline.com.newsblur.network.APIResponse: 	at okhttp3.internal.http.RealInterceptorChain.proceed(RealInterceptorChain.java:142)
08-05 18:04:49.470  9544 14275 E baseline.com.newsblur.network.APIResponse: 	at okhttp3.internal.http.RealInterceptorChain.proceed(RealInterceptorChain.java:117)
08-05 18:04:49.470  9544 14275 E baseline.com.newsblur.network.APIResponse: 	at okhttp3.RealCall.getResponseWithInterceptorChain(RealCall.java:229)
08-05 18:04:49.470  9544 14275 E baseline.com.newsblur.network.APIResponse: 	at okhttp3.RealCall.execute(RealCall.java:81)
08-05 18:04:49.470  9544 14275 E baseline.com.newsblur.network.APIResponse: 	at baseline.com.newsblur.network.APIResponse.<init>(APIResponse.java:57)
08-05 18:04:49.470  9544 14275 E baseline.com.newsblur.network.APIResponse: 	at baseline.com.newsblur.network.APIManager.get_single(APIManager.java:639)
08-05 18:04:49.470  9544 14275 E baseline.com.newsblur.network.APIResponse: 	at baseline.com.newsblur.network.APIManager.get(APIManager.java:625)
08-05 18:04:49.470  9544 14275 E baseline.com.newsblur.network.APIResponse: 	at baseline.com.newsblur.network.APIManager.get(APIManager.java:667)
08-05 18:04:49.470  9544 14275 E baseline.com.newsblur.network.APIResponse: 	at baseline.com.newsblur.network.APIManager.getFeedUnreadCounts(APIManager.java:274)
08-05 18:04:49.470  9544 14275 E baseline.com.newsblur.network.APIResponse: 	at baseline.com.newsblur.service.NBSyncService.checkRecounts(NBSyncService.java:660)
08-05 18:04:49.470  9544 14275 E baseline.com.newsblur.network.APIResponse: 	at baseline.com.newsblur.service.NBSyncService.doSync(NBSyncService.java:310)
08-05 18:04:49.470  9544 14275 E baseline.com.newsblur.network.APIResponse: 	at baseline.com.newsblur.service.NBSyncService.access$100(NBSyncService.java:67)
08-05 18:04:49.470  9544 14275 E baseline.com.newsblur.network.APIResponse: 	at baseline.com.newsblur.service.NBSyncService$1.run(NBSyncService.java:188)
08-05 18:04:49.470  9544 14275 E baseline.com.newsblur.network.APIResponse: 	at java.util.concurrent.ThreadPoolExecutor.runWorker(ThreadPoolExecutor.java:1113)
08-05 18:04:49.470  9544 14275 E baseline.com.newsblur.network.APIResponse: 	at java.util.concurrent.ThreadPoolExecutor$Worker.run(ThreadPoolExecutor.java:588)
08-05 18:04:49.470  9544 14275 E baseline.com.newsblur.network.APIResponse: 	at java.lang.Thread.run(Thread.java:818)
08-05 18:04:49.470  9544 14275 E baseline.com.newsblur.network.APIResponse: Caused by: java.io.EOFException: \n not found: limit=0 content=
08-05 18:04:49.470  9544 14275 E baseline.com.newsblur.network.APIResponse: 	at okio.RealBufferedSource.readUtf8LineStrict(RealBufferedSource.java:240)
08-05 18:04:49.470  9544 14275 E baseline.com.newsblur.network.APIResponse: 	at okhttp3.internal.http1.Http1ExchangeCodec.readHeaderLine(Http1ExchangeCodec.java:242)
08-05 18:04:49.470  9544 14275 E baseline.com.newsblur.network.APIResponse: 	at okhttp3.internal.http1.Http1ExchangeCodec.readResponseHeaders(Http1ExchangeCodec.java:213)
08-05 18:04:49.470  9544 14275 E baseline.com.newsblur.network.APIResponse: 	... 28 more
08-05 18:04:49.473  9544 14275 I baseline.com.newsblur.network.APIManager: API call failed, pausing before retry number 2
08-05 18:04:49.495  9544 13634 I art     : Explicit concurrent mark sweep GC freed 744(192KB) AllocSpace objects, 2(40KB) LOS objects, 29% free, 37MB/53MB, paused 1.307ms total 44.407ms
08-05 18:04:49.885  9544 14226 I art     : Starting a blocking GC Explicit
08-05 18:04:49.937  9544 14226 I art     : Explicit concurrent mark sweep GC freed 2540(148KB) AllocSpace objects, 1(20KB) LOS objects, 29% free, 37MB/53MB, paused 1.354ms total 51.599ms
08-05 18:04:49.954  9544 14226 I art     : Starting a blocking GC Explicit
08-05 18:04:50.001  9544 14226 I art     : Explicit concurrent mark sweep GC freed 651(52KB) AllocSpace objects, 0(0B) LOS objects, 29% free, 37MB/53MB, paused 1.372ms total 46.146ms
08-05 18:04:50.014  9544 14226 I art     : Starting a blocking GC Explicit
08-05 18:04:50.061  9544 14226 I art     : Explicit concurrent mark sweep GC freed 3(96B) AllocSpace objects, 0(0B) LOS objects, 29% free, 37MB/53MB, paused 1.339ms total 47.302ms
08-05 18:04:50.074  9544 14226 I art     : Starting a blocking GC Explicit
08-05 18:04:50.118  9544 14226 I art     : Explicit concurrent mark sweep GC freed 166(8KB) AllocSpace objects, 0(0B) LOS objects, 29% free, 37MB/53MB, paused 1.347ms total 44.080ms
08-05 18:04:50.132  9544 14226 I art     : Starting a blocking GC Explicit
08-05 18:04:50.179  9544 14226 I art     : Explicit concurrent mark sweep GC freed 290(13KB) AllocSpace objects, 0(0B) LOS objects, 29% free, 37MB/53MB, paused 1.313ms total 47.461ms
08-05 18:04:50.547  9544  9573 I art     : Starting a blocking GC Explicit
08-05 18:04:50.595  9544  9573 I art     : Explicit concurrent mark sweep GC freed 1845(112KB) AllocSpace objects, 1(20KB) LOS objects, 29% free, 37MB/53MB, paused 1.277ms total 48.062ms
08-05 18:04:50.608  9544  9573 I art     : Starting a blocking GC Explicit
08-05 18:04:50.656  9544  9573 I art     : Explicit concurrent mark sweep GC freed 40(1920B) AllocSpace objects, 0(0B) LOS objects, 29% free, 37MB/53MB, paused 1.373ms total 47.485ms
08-05 18:04:50.670  9544  9573 I art     : Starting a blocking GC Explicit
08-05 18:04:50.718  9544  9573 I art     : Explicit concurrent mark sweep GC freed 3(96B) AllocSpace objects, 0(0B) LOS objects, 29% free, 37MB/53MB, paused 1.405ms total 48.180ms
08-05 18:04:50.731  9544  9573 I art     : Starting a blocking GC Explicit
08-05 18:04:50.780  9544  9573 I art     : Explicit concurrent mark sweep GC freed 3(96B) AllocSpace objects, 0(0B) LOS objects, 29% free, 37MB/53MB, paused 1.311ms total 48.622ms
08-05 18:04:50.793  9544  9573 I art     : Starting a blocking GC Explicit
08-05 18:04:50.843  9544  9573 I art     : Explicit concurrent mark sweep GC freed 3(96B) AllocSpace objects, 0(0B) LOS objects, 29% free, 37MB/53MB, paused 1.303ms total 48.773ms
08-05 18:04:51.225  9544 13631 I art     : Starting a blocking GC Explicit
08-05 18:04:51.274  9544 13631 I art     : Explicit concurrent mark sweep GC freed 1437(82KB) AllocSpace objects, 1(20KB) LOS objects, 29% free, 37MB/53MB, paused 1.374ms total 48.806ms
08-05 18:04:51.288  9544 13631 I art     : Starting a blocking GC Explicit
08-05 18:04:51.336  9544 13631 I art     : Explicit concurrent mark sweep GC freed 22(784B) AllocSpace objects, 0(0B) LOS objects, 29% free, 37MB/53MB, paused 1.392ms total 48.261ms
08-05 18:04:51.352  9544 13631 I art     : Starting a blocking GC Explicit
08-05 18:04:51.397  9544 13631 I art     : Explicit concurrent mark sweep GC freed 3(96B) AllocSpace objects, 0(0B) LOS objects, 29% free, 37MB/53MB, paused 1.345ms total 44.626ms
08-05 18:04:51.410  9544 13631 I art     : Starting a blocking GC Explicit
08-05 18:04:51.457  9544 13631 I art     : Explicit concurrent mark sweep GC freed 3(96B) AllocSpace objects, 0(0B) LOS objects, 29% free, 37MB/53MB, paused 1.437ms total 47.171ms
08-05 18:04:51.471  9544 13631 I art     : Starting a blocking GC Explicit
08-05 18:04:51.514  9544 13631 I art     : Explicit concurrent mark sweep GC freed 3(96B) AllocSpace objects, 0(0B) LOS objects, 29% free, 37MB/53MB, paused 1.250ms total 43.657ms
08-05 18:04:51.902  9544  9570 I art     : Starting a blocking GC Explicit
08-05 18:04:51.953  9544  9570 I art     : Explicit concurrent mark sweep GC freed 1437(82KB) AllocSpace objects, 1(20KB) LOS objects, 29% free, 37MB/53MB, paused 1.357ms total 50.831ms
08-05 18:04:51.969  9544  9570 I art     : Starting a blocking GC Explicit
08-05 18:04:52.013  9544  9570 I art     : Explicit concurrent mark sweep GC freed 22(784B) AllocSpace objects, 0(0B) LOS objects, 29% free, 37MB/53MB, paused 1.352ms total 44.562ms
08-05 18:04:52.027  9544  9570 I art     : Starting a blocking GC Explicit
08-05 18:04:52.075  9544  9570 I art     : Explicit concurrent mark sweep GC freed 3(96B) AllocSpace objects, 0(0B) LOS objects, 29% free, 37MB/53MB, paused 1.356ms total 48.073ms
08-05 18:04:52.090  9544  9570 I art     : Starting a blocking GC Explicit
08-05 18:04:52.135  9544  9570 I art     : Explicit concurrent mark sweep GC freed 3(96B) AllocSpace objects, 0(0B) LOS objects, 29% free, 37MB/53MB, paused 1.295ms total 44.684ms
08-05 18:04:52.148  9544  9570 I art     : Starting a blocking GC Explicit
08-05 18:04:52.194  9544  9570 I art     : Explicit concurrent mark sweep GC freed 3(96B) AllocSpace objects, 0(0B) LOS objects, 29% free, 37MB/53MB, paused 1.285ms total 45.598ms
08-05 18:04:52.577  9544 13634 I art     : Starting a blocking GC Explicit
08-05 18:04:52.624  9544 13634 I art     : Explicit concurrent mark sweep GC freed 1604(91KB) AllocSpace objects, 1(20KB) LOS objects, 29% free, 37MB/53MB, paused 1.489ms total 47.015ms
08-05 18:04:52.637  9544 13634 I art     : Starting a blocking GC Explicit
08-05 18:04:52.686  9544 13634 I art     : Explicit concurrent mark sweep GC freed 28(1040B) AllocSpace objects, 0(0B) LOS objects, 29% free, 37MB/53MB, paused 1.300ms total 48.415ms
08-05 18:04:52.699  9544 13634 I art     : Starting a blocking GC Explicit
08-05 18:04:52.706 12013 12013 I Atfwd_Sendcmd: AtCmdFwd service not ready - Exhausted retry attempts - :6
08-05 18:04:52.706 12013 12013 I Atfwd_Daemon: result : -1 	 ,Init step :2 	 ,qmiErrorCode: 0
08-05 18:04:52.746  9544 13634 I art     : Explicit concurrent mark sweep GC freed 3(96B) AllocSpace objects, 0(0B) LOS objects, 29% free, 37MB/53MB, paused 1.368ms total 46.126ms
08-05 18:04:52.759  9544 13634 I art     : Starting a blocking GC Explicit
08-05 18:04:52.808  9544 13634 I art     : Explicit concurrent mark sweep GC freed 3(96B) AllocSpace objects, 0(0B) LOS objects, 29% free, 37MB/53MB, paused 1.514ms total 48.246ms
08-05 18:04:52.821  9544 13634 I art     : Starting a blocking GC Explicit
08-05 18:04:52.869  9544 13634 I art     : Explicit concurrent mark sweep GC freed 3(96B) AllocSpace objects, 0(0B) LOS objects, 29% free, 37MB/53MB, paused 1.427ms total 47.138ms
08-05 18:04:53.007  9544 14275 E baseline.com.newsblur.network.APIResponse: Error (unexpected end of stream on https://www.newsblur.com/...) calling https://www.newsblur.com/reader/feed_unread_count?feed_id=0
08-05 18:04:53.007  9544 14275 E baseline.com.newsblur.network.APIResponse: java.io.IOException: unexpected end of stream on https://www.newsblur.com/...
08-05 18:04:53.007  9544 14275 E baseline.com.newsblur.network.APIResponse: 	at okhttp3.internal.http1.Http1ExchangeCodec.readResponseHeaders(Http1ExchangeCodec.java:236)
08-05 18:04:53.007  9544 14275 E baseline.com.newsblur.network.APIResponse: 	at okhttp3.internal.connection.Exchange.readResponseHeaders(Exchange.java:115)
08-05 18:04:53.007  9544 14275 E baseline.com.newsblur.network.APIResponse: 	at okhttp3.internal.http.CallServerInterceptor.intercept(CallServerInterceptor.java:94)
08-05 18:04:53.007  9544 14275 E baseline.com.newsblur.network.APIResponse: 	at okhttp3.internal.http.RealInterceptorChain.proceed(RealInterceptorChain.java:142)
08-05 18:04:53.007  9544 14275 E baseline.com.newsblur.network.APIResponse: 	at okhttp3.internal.connection.ConnectInterceptor.intercept(ConnectInterceptor.java:43)
08-05 18:04:53.007  9544 14275 E baseline.com.newsblur.network.APIResponse: 	at okhttp3.internal.http.RealInterceptorChain.proceed(RealInterceptorChain.java:142)
08-05 18:04:53.007  9544 14275 E baseline.com.newsblur.network.APIResponse: 	at okhttp3.internal.http.RealInterceptorChain.proceed(RealInterceptorChain.java:117)
08-05 18:04:53.007  9544 14275 E baseline.com.newsblur.network.APIResponse: 	at okhttp3.internal.cache.CacheInterceptor.intercept(CacheInterceptor.java:94)
08-05 18:04:53.007  9544 14275 E baseline.com.newsblur.network.APIResponse: 	at okhttp3.internal.http.RealInterceptorChain.proceed(RealInterceptorChain.java:142)
08-05 18:04:53.007  9544 14275 E baseline.com.newsblur.network.APIResponse: 	at okhttp3.internal.http.RealInterceptorChain.proceed(RealInterceptorChain.java:117)
08-05 18:04:53.007  9544 14275 E baseline.com.newsblur.network.APIResponse: 	at okhttp3.internal.http.BridgeInterceptor.intercept(BridgeInterceptor.java:93)
08-05 18:04:53.007  9544 14275 E baseline.com.newsblur.network.APIResponse: 	at okhttp3.internal.http.RealInterceptorChain.proceed(RealInterceptorChain.java:142)
08-05 18:04:53.007  9544 14275 E baseline.com.newsblur.network.APIResponse: 	at okhttp3.internal.http.RetryAndFollowUpInterceptor.intercept(RetryAndFollowUpInterceptor.java:88)
08-05 18:04:53.007  9544 14275 E baseline.com.newsblur.network.APIResponse: 	at okhttp3.internal.http.RealInterceptorChain.proceed(RealInterceptorChain.java:142)
08-05 18:04:53.007  9544 14275 E baseline.com.newsblur.network.APIResponse: 	at okhttp3.internal.http.RealInterceptorChain.proceed(RealInterceptorChain.java:117)
08-05 18:04:53.007  9544 14275 E baseline.com.newsblur.network.APIResponse: 	at okhttp3.RealCall.getResponseWithInterceptorChain(RealCall.java:229)
08-05 18:04:53.007  9544 14275 E baseline.com.newsblur.network.APIResponse: 	at okhttp3.RealCall.execute(RealCall.java:81)
08-05 18:04:53.007  9544 14275 E baseline.com.newsblur.network.APIResponse: 	at baseline.com.newsblur.network.APIResponse.<init>(APIResponse.java:57)
08-05 18:04:53.007  9544 14275 E baseline.com.newsblur.network.APIResponse: 	at baseline.com.newsblur.network.APIManager.get_single(APIManager.java:639)
08-05 18:04:53.007  9544 14275 E baseline.com.newsblur.network.APIResponse: 	at baseline.com.newsblur.network.APIManager.get(APIManager.java:625)
08-05 18:04:53.007  9544 14275 E baseline.com.newsblur.network.APIResponse: 	at baseline.com.newsblur.network.APIManager.get(APIManager.java:667)
08-05 18:04:53.007  9544 14275 E baseline.com.newsblur.network.APIResponse: 	at baseline.com.newsblur.network.APIManager.getFeedUnreadCounts(APIManager.java:274)
08-05 18:04:53.007  9544 14275 E baseline.com.newsblur.network.APIResponse: 	at baseline.com.newsblur.service.NBSyncService.checkRecounts(NBSyncService.java:660)
08-05 18:04:53.007  9544 14275 E baseline.com.newsblur.network.APIResponse: 	at baseline.com.newsblur.service.NBSyncService.doSync(NBSyncService.java:310)
08-05 18:04:53.007  9544 14275 E baseline.com.newsblur.network.APIResponse: 	at baseline.com.newsblur.service.NBSyncService.access$100(NBSyncService.java:67)
08-05 18:04:53.007  9544 14275 E baseline.com.newsblur.network.APIResponse: 	at baseline.com.newsblur.service.NBSyncService$1.run(NBSyncService.java:188)
08-05 18:04:53.007  9544 14275 E baseline.com.newsblur.network.APIResponse: 	at java.util.concurrent.ThreadPoolExecutor.runWorker(ThreadPoolExecutor.java:1113)
08-05 18:04:53.007  9544 14275 E baseline.com.newsblur.network.APIResponse: 	at java.util.concurrent.ThreadPoolExecutor$Worker.run(ThreadPoolExecutor.java:588)
08-05 18:04:53.007  9544 14275 E baseline.com.newsblur.network.APIResponse: 	at java.lang.Thread.run(Thread.java:818)
08-05 18:04:53.007  9544 14275 E baseline.com.newsblur.network.APIResponse: Caused by: java.io.EOFException: \n not found: limit=0 content=
08-05 18:04:53.007  9544 14275 E baseline.com.newsblur.network.APIResponse: 	at okio.RealBufferedSource.readUtf8LineStrict(RealBufferedSource.java:240)
08-05 18:04:53.007  9544 14275 E baseline.com.newsblur.network.APIResponse: 	at okhttp3.internal.http1.Http1ExchangeCodec.readHeaderLine(Http1ExchangeCodec.java:242)
08-05 18:04:53.007  9544 14275 E baseline.com.newsblur.network.APIResponse: 	at okhttp3.internal.http1.Http1ExchangeCodec.readResponseHeaders(Http1ExchangeCodec.java:213)
08-05 18:04:53.007  9544 14275 E baseline.com.newsblur.network.APIResponse: 	... 28 more
08-05 18:04:53.009  9544 14275 W baseline.com.newsblur.service.NBSyncService: Bad response to feed_unread_count
08-05 18:04:53.236  9544 14226 I art     : Starting a blocking GC Explicit
08-05 18:04:53.289  9544 14226 I art     : Explicit concurrent mark sweep GC freed 4446(422KB) AllocSpace objects, 6(120KB) LOS objects, 29% free, 37MB/53MB, paused 1.531ms total 52.393ms
08-05 18:04:53.307  9544 14226 I art     : Starting a blocking GC Explicit
08-05 18:04:53.352  9544 14226 I art     : Explicit concurrent mark sweep GC freed 136(5KB) AllocSpace objects, 0(0B) LOS objects, 29% free, 37MB/53MB, paused 1.424ms total 45.360ms
08-05 18:04:53.365  9544 14226 I art     : Starting a blocking GC Explicit
08-05 18:04:53.412  9544 14226 I art     : Explicit concurrent mark sweep GC freed 3(96B) AllocSpace objects, 0(0B) LOS objects, 29% free, 37MB/53MB, paused 1.441ms total 46.634ms
08-05 18:04:53.425  9544 14226 I art     : Starting a blocking GC Explicit
08-05 18:04:53.471  9544 14226 I art     : Explicit concurrent mark sweep GC freed 857(35KB) AllocSpace objects, 0(0B) LOS objects, 29% free, 37MB/53MB, paused 1.695ms total 45.620ms
08-05 18:04:53.484  9544 14226 I art     : Starting a blocking GC Explicit
08-05 18:04:53.529  9544 14226 I art     : Explicit concurrent mark sweep GC freed 857(30KB) AllocSpace objects, 0(0B) LOS objects, 29% free, 37MB/53MB, paused 1.299ms total 44.357ms
08-05 18:04:53.539  9544 14275 E baseline.com.newsblur.network.APIResponse: Error (unexpected end of stream on https://www.newsblur.com/...) calling https://www.newsblur.com/reader/mark_story_hashes_as_read/
08-05 18:04:53.539  9544 14275 E baseline.com.newsblur.network.APIResponse: java.io.IOException: unexpected end of stream on https://www.newsblur.com/...
08-05 18:04:53.539  9544 14275 E baseline.com.newsblur.network.APIResponse: 	at okhttp3.internal.http1.Http1ExchangeCodec.readResponseHeaders(Http1ExchangeCodec.java:236)
08-05 18:04:53.539  9544 14275 E baseline.com.newsblur.network.APIResponse: 	at okhttp3.internal.connection.Exchange.readResponseHeaders(Exchange.java:115)
08-05 18:04:53.539  9544 14275 E baseline.com.newsblur.network.APIResponse: 	at okhttp3.internal.http.CallServerInterceptor.intercept(CallServerInterceptor.java:94)
08-05 18:04:53.539  9544 14275 E baseline.com.newsblur.network.APIResponse: 	at okhttp3.internal.http.RealInterceptorChain.proceed(RealInterceptorChain.java:142)
08-05 18:04:53.539  9544 14275 E baseline.com.newsblur.network.APIResponse: 	at okhttp3.internal.connection.ConnectInterceptor.intercept(ConnectInterceptor.java:43)
08-05 18:04:53.539  9544 14275 E baseline.com.newsblur.network.APIResponse: 	at okhttp3.internal.http.RealInterceptorChain.proceed(RealInterceptorChain.java:142)
08-05 18:04:53.539  9544 14275 E baseline.com.newsblur.network.APIResponse: 	at okhttp3.internal.http.RealInterceptorChain.proceed(RealInterceptorChain.java:117)
08-05 18:04:53.539  9544 14275 E baseline.com.newsblur.network.APIResponse: 	at okhttp3.internal.cache.CacheInterceptor.intercept(CacheInterceptor.java:94)
08-05 18:04:53.539  9544 14275 E baseline.com.newsblur.network.APIResponse: 	at okhttp3.internal.http.RealInterceptorChain.proceed(RealInterceptorChain.java:142)
08-05 18:04:53.539  9544 14275 E baseline.com.newsblur.network.APIResponse: 	at okhttp3.internal.http.RealInterceptorChain.proceed(RealInterceptorChain.java:117)
08-05 18:04:53.539  9544 14275 E baseline.com.newsblur.network.APIResponse: 	at okhttp3.internal.http.BridgeInterceptor.intercept(BridgeInterceptor.java:93)
08-05 18:04:53.539  9544 14275 E baseline.com.newsblur.network.APIResponse: 	at okhttp3.internal.http.RealInterceptorChain.proceed(RealInterceptorChain.java:142)
08-05 18:04:53.539  9544 14275 E baseline.com.newsblur.network.APIResponse: 	at okhttp3.internal.http.RetryAndFollowUpInterceptor.intercept(RetryAndFollowUpInterceptor.java:88)
08-05 18:04:53.539  9544 14275 E baseline.com.newsblur.network.APIResponse: 	at okhttp3.internal.http.RealInterceptorChain.proceed(RealInterceptorChain.java:142)
08-05 18:04:53.539  9544 14275 E baseline.com.newsblur.network.APIResponse: 	at okhttp3.internal.http.RealInterceptorChain.proceed(RealInterceptorChain.java:117)
08-05 18:04:53.539  9544 14275 E baseline.com.newsblur.network.APIResponse: 	at okhttp3.RealCall.getResponseWithInterceptorChain(RealCall.java:229)
08-05 18:04:53.539  9544 14275 E baseline.com.newsblur.network.APIResponse: 	at okhttp3.RealCall.execute(RealCall.java:81)
08-05 18:04:53.539  9544 14275 E baseline.com.newsblur.network.APIResponse: 	at baseline.com.newsblur.network.APIResponse.<init>(APIResponse.java:57)
08-05 18:04:53.539  9544 14275 E baseline.com.newsblur.network.APIResponse: 	at baseline.com.newsblur.network.APIResponse.<init>(APIResponse.java:43)
08-05 18:04:53.539  9544 14275 E baseline.com.newsblur.network.APIResponse: 	at baseline.com.newsblur.network.APIManager.post_single(APIManager.java:702)
08-05 18:04:53.539  9544 14275 E baseline.com.newsblur.network.APIResponse: 	at baseline.com.newsblur.network.APIManager.post(APIManager.java:675)
08-05 18:04:53.539  9544 14275 E baseline.com.newsblur.network.APIResponse: 	at baseline.com.newsblur.network.APIManager.post(APIManager.java:714)
08-05 18:04:53.539  9544 14275 E baseline.com.newsblur.network.APIResponse: 	at baseline.com.newsblur.network.APIManager.markStoryAsRead(APIManager.java:205)
08-05 18:04:53.539  9544 14275 E baseline.com.newsblur.network.APIResponse: 	at baseline.com.newsblur.util.ReadingAction.doRemote(ReadingAction.java:281)
08-05 18:04:53.539  9544 14275 E baseline.com.newsblur.network.APIResponse: 	at baseline.com.newsblur.service.NBSyncService.syncActions(NBSyncService.java:400)
08-05 18:04:53.539  9544 14275 E baseline.com.newsblur.network.APIResponse: 	at baseline.com.newsblur.service.NBSyncService.doSync(NBSyncService.java:298)
08-05 18:04:53.539  9544 14275 E baseline.com.newsblur.network.APIResponse: 	at baseline.com.newsblur.service.NBSyncService.access$100(NBSyncService.java:67)
08-05 18:04:53.539  9544 14275 E baseline.com.newsblur.network.APIResponse: 	at baseline.com.newsblur.service.NBSyncService$1.run(NBSyncService.java:188)
08-05 18:04:53.539  9544 14275 E baseline.com.newsblur.network.APIResponse: 	at java.util.concurrent.ThreadPoolExecutor.runWorker(ThreadPoolExecutor.java:1113)
08-05 18:04:53.539  9544 14275 E baseline.com.newsblur.network.APIResponse: 	at java.util.concurrent.ThreadPoolExecutor$Worker.run(ThreadPoolExecutor.java:588)
08-05 18:04:53.539  9544 14275 E baseline.com.newsblur.network.APIResponse: 	at java.lang.Thread.run(Thread.java:818)
08-05 18:04:53.539  9544 14275 E baseline.com.newsblur.network.APIResponse: Caused by: java.io.EOFException: \n not found: limit=0 content=
08-05 18:04:53.539  9544 14275 E baseline.com.newsblur.network.APIResponse: 	at okio.RealBufferedSource.readUtf8LineStrict(RealBufferedSource.java:240)
08-05 18:04:53.539  9544 14275 E baseline.com.newsblur.network.APIResponse: 	at okhttp3.internal.http1.Http1ExchangeCodec.readHeaderLine(Http1ExchangeCodec.java:242)
08-05 18:04:53.539  9544 14275 E baseline.com.newsblur.network.APIResponse: 	at okhttp3.internal.http1.Http1ExchangeCodec.readResponseHeaders(Http1ExchangeCodec.java:213)
08-05 18:04:53.539  9544 14275 E baseline.com.newsblur.network.APIResponse: 	... 30 more
08-05 18:04:53.541  9544 14275 I baseline.com.newsblur.network.APIManager: API call failed, pausing before retry number 1
08-05 18:04:53.866  9544  9573 I art     : Starting a blocking GC Explicit
08-05 18:04:53.914  9544  9573 I art     : Explicit concurrent mark sweep GC freed 2279(292KB) AllocSpace objects, 3(60KB) LOS objects, 29% free, 37MB/53MB, paused 1.402ms total 47.786ms
08-05 18:04:53.927  9544  9573 I art     : Starting a blocking GC Explicit
08-05 18:04:53.974  9544  9573 I art     : Explicit concurrent mark sweep GC freed 66(2480B) AllocSpace objects, 0(0B) LOS objects, 29% free, 37MB/53MB, paused 1.367ms total 45.760ms
08-05 18:04:53.987  9544  9573 I art     : Starting a blocking GC Explicit
08-05 18:04:54.033  9544  9573 I art     : Explicit concurrent mark sweep GC freed 3(96B) AllocSpace objects, 0(0B) LOS objects, 29% free, 37MB/53MB, paused 1.410ms total 46.118ms
08-05 18:04:54.046  9544  9573 I art     : Starting a blocking GC Explicit
08-05 18:04:54.059 14600 14600 D AndroidRuntime: >>>>>> START com.android.internal.os.RuntimeInit uid 2000 <<<<<<
08-05 18:04:54.065 14600 14600 D AndroidRuntime: CheckJNI is OFF
08-05 18:04:54.092  9544  9573 I art     : Explicit concurrent mark sweep GC freed 3(96B) AllocSpace objects, 0(0B) LOS objects, 29% free, 37MB/53MB, paused 1.391ms total 46.022ms
08-05 18:04:54.105  9544  9573 I art     : Starting a blocking GC Explicit
08-05 18:04:54.113 14600 14600 D ICU     : No timezone override file found: /data/misc/zoneinfo/current/icu/icu_tzdata.dat
08-05 18:04:54.151  9544  9573 I art     : Explicit concurrent mark sweep GC freed 3(96B) AllocSpace objects, 0(0B) LOS objects, 29% free, 37MB/53MB, paused 1.426ms total 46.122ms
08-05 18:04:54.159 14600 14600 I Radio-JNI: register_android_hardware_Radio DONE
08-05 18:04:54.189 14600 14600 D AndroidRuntime: Calling main entry com.android.commands.input.Input
08-05 18:04:54.191 14600 14600 I Input   : injectMotionEvent: MotionEvent { action=ACTION_DOWN, actionButton=0, id[0]=0, x[0]=436.0, y[0]=453.0, toolType[0]=TOOL_TYPE_UNKNOWN, buttonState=0, metaState=0, flags=0x0, edgeFlags=0x0, pointerCount=1, historySize=0, eventTime=813910604, downTime=813910604, deviceId=0, source=0x1002 }
08-05 18:04:54.197 14600 14600 I Input   : injectMotionEvent: MotionEvent { action=ACTION_UP, actionButton=0, id[0]=0, x[0]=436.0, y[0]=453.0, toolType[0]=TOOL_TYPE_UNKNOWN, buttonState=0, metaState=0, flags=0x0, edgeFlags=0x0, pointerCount=1, historySize=0, eventTime=813910604, downTime=813910604, deviceId=0, source=0x1002 }
08-05 18:04:54.199 14600 14600 D AndroidRuntime: Shutting down VM
08-05 18:04:54.209   512  2967 D audio_hw_primary: out_set_parameters: enter: usecase(1: low-latency-playback) kvpairs: routing=2
08-05 18:04:54.211   918  6110 I ActivityManager: START u0 {cmp=baseline.com.newsblur/.activity.GlobalSharedStoriesReading (has extras)} from uid 10676 on display 0
08-05 18:04:54.222   512  2967 D audio_hw_primary: select_devices: out_snd_device(2: speaker) in_snd_device(0: none)
08-05 18:04:54.222   512  2967 D msm8974_platform: platform_send_audio_calibration: sending audio calibration for snd_device(2) acdb_id(15)
08-05 18:04:54.222   512  2967 I soundtrigger: audio_extn_sound_trigger_update_device_status: device 0x2 of type 0 for Event 1
08-05 18:04:54.234   512  2967 D audio_hw_primary: enable_snd_device: snd_device(2: speaker)
08-05 18:04:54.236   512  2967 D audio_hw_primary: enable_audio_route: apply and update mixer path: low-latency-playback speaker
08-05 18:04:54.465   918   936 I ActivityManager: Displayed baseline.com.newsblur/.activity.GlobalSharedStoriesReading: +245ms
08-05 18:04:54.466 13866 13866 I GoogleInputMethodServic: GoogleInputMethodService.onFinishInput():3138 
08-05 18:04:54.466 13866 13866 I GoogleInputMethodServic: GoogleInputMethodService.onStartInput():1808 
08-05 18:04:54.499  9544  9570 I art     : Starting a blocking GC Explicit
08-05 18:04:54.551  9544  9570 I art     : Explicit concurrent mark sweep GC freed 4407(348KB) AllocSpace objects, 8(588KB) LOS objects, 29% free, 38MB/54MB, paused 1.665ms total 51.626ms
08-05 18:04:54.567  9544  9570 I art     : Starting a blocking GC Explicit
08-05 18:04:54.616  9544  9570 I art     : Explicit concurrent mark sweep GC freed 1665(107KB) AllocSpace objects, 8(188KB) LOS objects, 29% free, 38MB/54MB, paused 1.365ms total 48.956ms
08-05 18:04:54.633  9544  9570 I art     : Starting a blocking GC Explicit
08-05 18:04:54.680  9544  9570 I art     : Explicit concurrent mark sweep GC freed 827(62KB) AllocSpace objects, 4(104KB) LOS objects, 29% free, 38MB/54MB, paused 1.462ms total 46.662ms
08-05 18:04:54.693  9544  9570 I art     : Starting a blocking GC Explicit
08-05 18:04:54.734  9544  9570 I art     : Explicit concurrent mark sweep GC freed 220(28KB) AllocSpace objects, 0(0B) LOS objects, 29% free, 38MB/54MB, paused 1.256ms total 41.224ms
08-05 18:04:54.746  9544  9570 I art     : Starting a blocking GC Explicit
08-05 18:04:54.774  9544 13984 E chromium: [ERROR:tile_manager.cc(793)] WARNING: tile memory limits exceeded, some content may not draw
08-05 18:04:54.774  9544 13984 E chromium: [ERROR:tile_manager.cc(793)] WARNING: tile memory limits exceeded, some content may not draw
08-05 18:04:54.778   512  2967 D audio_hw_primary: disable_audio_route: reset and update mixer path: low-latency-playback speaker
08-05 18:04:54.779   512  2967 D audio_hw_primary: disable_snd_device: snd_device(2: speaker)
08-05 18:04:54.787  9544  9570 I art     : Explicit concurrent mark sweep GC freed 29(1344B) AllocSpace objects, 0(0B) LOS objects, 29% free, 38MB/54MB, paused 1.270ms total 40.267ms
08-05 18:04:54.787   512  2967 I soundtrigger: audio_extn_sound_trigger_update_device_status: device 0x2 of type 0 for Event 0
08-05 18:04:55.123  9544 13634 I art     : Starting a blocking GC Explicit
08-05 18:04:55.171  9544 13634 I art     : Explicit concurrent mark sweep GC freed 1758(109KB) AllocSpace objects, 2(40KB) LOS objects, 29% free, 38MB/54MB, paused 1.424ms total 47.700ms
08-05 18:04:55.184  9544 13634 I art     : Starting a blocking GC Explicit
08-05 18:04:55.230  9544 13634 I art     : Explicit concurrent mark sweep GC freed 35(1328B) AllocSpace objects, 0(0B) LOS objects, 29% free, 38MB/54MB, paused 1.329ms total 45.684ms
08-05 18:04:55.244  9544 13634 I art     : Starting a blocking GC Explicit
08-05 18:04:55.291  9544 13634 I art     : Explicit concurrent mark sweep GC freed 3(96B) AllocSpace objects, 0(0B) LOS objects, 29% free, 38MB/54MB, paused 1.406ms total 47.638ms
08-05 18:04:55.305  9544 13634 I art     : Starting a blocking GC Explicit
08-05 18:04:55.353  9544 13634 I art     : Explicit concurrent mark sweep GC freed 3(96B) AllocSpace objects, 0(0B) LOS objects, 29% free, 38MB/54MB, paused 1.457ms total 47.545ms
08-05 18:04:55.366  9544 13634 I art     : Starting a blocking GC Explicit
08-05 18:04:55.414  9544 13634 I art     : Explicit concurrent mark sweep GC freed 3(96B) AllocSpace objects, 0(0B) LOS objects, 29% free, 38MB/54MB, paused 1.451ms total 47.307ms
08-05 18:04:55.561  9544 14275 E baseline.com.newsblur.network.APIResponse: Error (unexpected end of stream on https://www.newsblur.com/...) calling https://www.newsblur.com/reader/mark_story_hashes_as_read/
08-05 18:04:55.561  9544 14275 E baseline.com.newsblur.network.APIResponse: java.io.IOException: unexpected end of stream on https://www.newsblur.com/...
08-05 18:04:55.561  9544 14275 E baseline.com.newsblur.network.APIResponse: 	at okhttp3.internal.http1.Http1ExchangeCodec.readResponseHeaders(Http1ExchangeCodec.java:236)
08-05 18:04:55.561  9544 14275 E baseline.com.newsblur.network.APIResponse: 	at okhttp3.internal.connection.Exchange.readResponseHeaders(Exchange.java:115)
08-05 18:04:55.561  9544 14275 E baseline.com.newsblur.network.APIResponse: 	at okhttp3.internal.http.CallServerInterceptor.intercept(CallServerInterceptor.java:94)
08-05 18:04:55.561  9544 14275 E baseline.com.newsblur.network.APIResponse: 	at okhttp3.internal.http.RealInterceptorChain.proceed(RealInterceptorChain.java:142)
08-05 18:04:55.561  9544 14275 E baseline.com.newsblur.network.APIResponse: 	at okhttp3.internal.connection.ConnectInterceptor.intercept(ConnectInterceptor.java:43)
08-05 18:04:55.561  9544 14275 E baseline.com.newsblur.network.APIResponse: 	at okhttp3.internal.http.RealInterceptorChain.proceed(RealInterceptorChain.java:142)
08-05 18:04:55.561  9544 14275 E baseline.com.newsblur.network.APIResponse: 	at okhttp3.internal.http.RealInterceptorChain.proceed(RealInterceptorChain.java:117)
08-05 18:04:55.561  9544 14275 E baseline.com.newsblur.network.APIResponse: 	at okhttp3.internal.cache.CacheInterceptor.intercept(CacheInterceptor.java:94)
08-05 18:04:55.561  9544 14275 E baseline.com.newsblur.network.APIResponse: 	at okhttp3.internal.http.RealInterceptorChain.proceed(RealInterceptorChain.java:142)
08-05 18:04:55.561  9544 14275 E baseline.com.newsblur.network.APIResponse: 	at okhttp3.internal.http.RealInterceptorChain.proceed(RealInterceptorChain.java:117)
08-05 18:04:55.561  9544 14275 E baseline.com.newsblur.network.APIResponse: 	at okhttp3.internal.http.BridgeInterceptor.intercept(BridgeInterceptor.java:93)
08-05 18:04:55.561  9544 14275 E baseline.com.newsblur.network.APIResponse: 	at okhttp3.internal.http.RealInterceptorChain.proceed(RealInterceptorChain.java:142)
08-05 18:04:55.561  9544 14275 E baseline.com.newsblur.network.APIResponse: 	at okhttp3.internal.http.RetryAndFollowUpInterceptor.intercept(RetryAndFollowUpInterceptor.java:88)
08-05 18:04:55.561  9544 14275 E baseline.com.newsblur.network.APIResponse: 	at okhttp3.internal.http.RealInterceptorChain.proceed(RealInterceptorChain.java:142)
08-05 18:04:55.561  9544 14275 E baseline.com.newsblur.network.APIResponse: 	at okhttp3.internal.http.RealInterceptorChain.proceed(RealInterceptorChain.java:117)
08-05 18:04:55.561  9544 14275 E baseline.com.newsblur.network.APIResponse: 	at okhttp3.RealCall.getResponseWithInterceptorChain(RealCall.java:229)
08-05 18:04:55.561  9544 14275 E baseline.com.newsblur.network.APIResponse: 	at okhttp3.RealCall.execute(RealCall.java:81)
08-05 18:04:55.561  9544 14275 E baseline.com.newsblur.network.APIResponse: 	at baseline.com.newsblur.network.APIResponse.<init>(APIResponse.java:57)
08-05 18:04:55.561  9544 14275 E baseline.com.newsblur.network.APIResponse: 	at baseline.com.newsblur.network.APIResponse.<init>(APIResponse.java:43)
08-05 18:04:55.561  9544 14275 E baseline.com.newsblur.network.APIResponse: 	at baseline.com.newsblur.network.APIManager.post_single(APIManager.java:702)
08-05 18:04:55.561  9544 14275 E baseline.com.newsblur.network.APIResponse: 	at baseline.com.newsblur.network.APIManager.post(APIManager.java:675)
08-05 18:04:55.561  9544 14275 E baseline.com.newsblur.network.APIResponse: 	at baseline.com.newsblur.network.APIManager.post(APIManager.java:714)
08-05 18:04:55.561  9544 14275 E baseline.com.newsblur.network.APIResponse: 	at baseline.com.newsblur.network.APIManager.markStoryAsRead(APIManager.java:205)
08-05 18:04:55.561  9544 14275 E baseline.com.newsblur.network.APIResponse: 	at baseline.com.newsblur.util.ReadingAction.doRemote(ReadingAction.java:281)
08-05 18:04:55.561  9544 14275 E baseline.com.newsblur.network.APIResponse: 	at baseline.com.newsblur.service.NBSyncService.syncActions(NBSyncService.java:400)
08-05 18:04:55.561  9544 14275 E baseline.com.newsblur.network.APIResponse: 	at baseline.com.newsblur.service.NBSyncService.doSync(NBSyncService.java:298)
08-05 18:04:55.561  9544 14275 E baseline.com.newsblur.network.APIResponse: 	at baseline.com.newsblur.service.NBSyncService.access$100(NBSyncService.java:67)
08-05 18:04:55.561  9544 14275 E baseline.com.newsblur.network.APIResponse: 	at baseline.com.newsblur.service.NBSyncService$1.run(NBSyncService.java:188)
08-05 18:04:55.561  9544 14275 E baseline.com.newsblur.network.APIResponse: 	at java.util.concurrent.ThreadPoolExecutor.runWorker(ThreadPoolExecutor.java:1113)
08-05 18:04:55.561  9544 14275 E baseline.com.newsblur.network.APIResponse: 	at java.util.concurrent.ThreadPoolExecutor$Worker.run(ThreadPoolExecutor.java:588)
08-05 18:04:55.561  9544 14275 E baseline.com.newsblur.network.APIResponse: 	at java.lang.Thread.run(Thread.java:818)
08-05 18:04:55.561  9544 14275 E baseline.com.newsblur.network.APIResponse: Caused by: java.io.EOFException: \n not found: limit=0 content=
08-05 18:04:55.561  9544 14275 E baseline.com.newsblur.network.APIResponse: 	at okio.RealBufferedSource.readUtf8LineStrict(RealBufferedSource.java:240)
08-05 18:04:55.561  9544 14275 E baseline.com.newsblur.network.APIResponse: 	at okhttp3.internal.http1.Http1ExchangeCodec.readHeaderLine(Http1ExchangeCodec.java:242)
08-05 18:04:55.561  9544 14275 E baseline.com.newsblur.network.APIResponse: 	at okhttp3.internal.http1.Http1ExchangeCodec.readResponseHeaders(Http1ExchangeCodec.java:213)
08-05 18:04:55.561  9544 14275 E baseline.com.newsblur.network.APIResponse: 	... 30 more
08-05 18:04:55.563  9544 14275 I baseline.com.newsblur.network.APIManager: API call failed, pausing before retry number 2
08-05 18:04:55.764  9544 13631 I art     : Starting a blocking GC Explicit
08-05 18:04:55.817  9544 13631 I art     : Explicit concurrent mark sweep GC freed 3969(358KB) AllocSpace objects, 3(60KB) LOS objects, 29% free, 38MB/54MB, paused 1.418ms total 52.290ms
08-05 18:04:55.831  9544 13631 I art     : Starting a blocking GC Explicit
08-05 18:04:55.877  9544 13631 I art     : Explicit concurrent mark sweep GC freed 131(4KB) AllocSpace objects, 0(0B) LOS objects, 29% free, 38MB/54MB, paused 1.518ms total 46.330ms
08-05 18:04:55.892  9544 13631 I art     : Starting a blocking GC Explicit
08-05 18:04:55.947  9544 13631 I art     : Explicit concurrent mark sweep GC freed 21(672B) AllocSpace objects, 0(0B) LOS objects, 29% free, 38MB/54MB, paused 2.103ms total 54.971ms
08-05 18:04:55.961  9544 13631 I art     : Starting a blocking GC Explicit
08-05 18:04:56.006  9544 13631 I art     : Explicit concurrent mark sweep GC freed 18(576B) AllocSpace objects, 0(0B) LOS objects, 29% free, 38MB/54MB, paused 1.364ms total 44.832ms
08-05 18:04:56.020  9544 13631 I art     : Starting a blocking GC Explicit
08-05 18:04:56.063  9544 13631 I art     : Explicit concurrent mark sweep GC freed 3(96B) AllocSpace objects, 0(0B) LOS objects, 29% free, 38MB/54MB, paused 1.213ms total 42.788ms
08-05 18:04:56.423  9544  9570 I art     : Starting a blocking GC Explicit
08-05 18:04:56.477  9544  9570 I art     : Explicit concurrent mark sweep GC freed 1443(83KB) AllocSpace objects, 1(20KB) LOS objects, 29% free, 38MB/54MB, paused 1.410ms total 54.036ms
08-05 18:04:56.493  9544  9570 I art     : Starting a blocking GC Explicit
08-05 18:04:56.542  9544  9570 I art     : Explicit concurrent mark sweep GC freed 22(784B) AllocSpace objects, 0(0B) LOS objects, 29% free, 38MB/54MB, paused 1.427ms total 48.015ms
08-05 18:04:56.555  9544  9570 I art     : Starting a blocking GC Explicit
08-05 18:04:56.608  9544  9570 I art     : Explicit concurrent mark sweep GC freed 3(96B) AllocSpace objects, 0(0B) LOS objects, 29% free, 38MB/54MB, paused 1.523ms total 52.066ms
08-05 18:04:56.622  9544  9570 I art     : Starting a blocking GC Explicit
08-05 18:04:56.672  9544  9570 I art     : Explicit concurrent mark sweep GC freed 3(96B) AllocSpace objects, 0(0B) LOS objects, 29% free, 38MB/54MB, paused 1.397ms total 50.470ms
08-05 18:04:56.686  9544  9570 I art     : Starting a blocking GC Explicit
08-05 18:04:56.739  9544  9570 I art     : Explicit concurrent mark sweep GC freed 3(96B) AllocSpace objects, 0(0B) LOS objects, 29% free, 38MB/54MB, paused 1.447ms total 52.350ms
08-05 18:04:56.853   918  3188 I hubconnection: sensorhub said: 'set_bias 3: -5.6256, 0.0000, 0.0000'
08-05 18:04:57.143  9544 14226 I art     : Starting a blocking GC Explicit
08-05 18:04:57.197  9544 14226 I art     : Explicit concurrent mark sweep GC freed 1444(83KB) AllocSpace objects, 1(20KB) LOS objects, 29% free, 38MB/54MB, paused 1.432ms total 53.173ms
08-05 18:04:57.211  9544 14226 I art     : Starting a blocking GC Explicit
08-05 18:04:57.261  9544 14226 I art     : Explicit concurrent mark sweep GC freed 22(784B) AllocSpace objects, 0(0B) LOS objects, 29% free, 38MB/54MB, paused 1.312ms total 50.058ms
08-05 18:04:57.275  9544 14226 I art     : Starting a blocking GC Explicit
08-05 18:04:57.326  9544 14226 I art     : Explicit concurrent mark sweep GC freed 3(96B) AllocSpace objects, 0(0B) LOS objects, 29% free, 38MB/54MB, paused 1.422ms total 50.899ms
08-05 18:04:57.339  9544 14226 I art     : Starting a blocking GC Explicit
08-05 18:04:57.391  9544 14226 I art     : Explicit concurrent mark sweep GC freed 3(96B) AllocSpace objects, 0(0B) LOS objects, 29% free, 38MB/54MB, paused 1.356ms total 51.369ms
08-05 18:04:57.408  9544 14226 I art     : Starting a blocking GC Explicit
08-05 18:04:57.460  9544 14226 I art     : Explicit concurrent mark sweep GC freed 3(96B) AllocSpace objects, 0(0B) LOS objects, 29% free, 38MB/54MB, paused 1.374ms total 51.361ms
08-05 18:04:57.842  9544 13634 I art     : Starting a blocking GC Explicit
08-05 18:04:57.896  9544 13634 I art     : Explicit concurrent mark sweep GC freed 1443(83KB) AllocSpace objects, 1(20KB) LOS objects, 29% free, 38MB/54MB, paused 1.502ms total 53.706ms
08-05 18:04:57.912  9544 13634 I art     : Starting a blocking GC Explicit
08-05 18:04:57.962  9544 13634 I art     : Explicit concurrent mark sweep GC freed 22(784B) AllocSpace objects, 0(0B) LOS objects, 29% free, 38MB/54MB, paused 1.410ms total 49.278ms
08-05 18:04:57.975  9544 13634 I art     : Starting a blocking GC Explicit
08-05 18:04:58.023  9544 13634 I art     : Explicit concurrent mark sweep GC freed 3(96B) AllocSpace objects, 0(0B) LOS objects, 29% free, 38MB/54MB, paused 1.422ms total 47.912ms
08-05 18:04:58.037  9544 13634 I art     : Starting a blocking GC Explicit
08-05 18:04:58.089  9544 13634 I art     : Explicit concurrent mark sweep GC freed 3(96B) AllocSpace objects, 0(0B) LOS objects, 29% free, 38MB/54MB, paused 1.573ms total 51.202ms
08-05 18:04:58.102  9544 13634 I art     : Starting a blocking GC Explicit
08-05 18:04:58.150  9544 13634 I art     : Explicit concurrent mark sweep GC freed 3(96B) AllocSpace objects, 0(0B) LOS objects, 29% free, 38MB/54MB, paused 1.356ms total 47.306ms
08-05 18:04:58.534  9544  9573 I art     : Starting a blocking GC Explicit
08-05 18:04:58.586  9544  9573 I art     : Explicit concurrent mark sweep GC freed 1535(86KB) AllocSpace objects, 1(20KB) LOS objects, 29% free, 38MB/54MB, paused 1.542ms total 51.385ms
08-05 18:04:58.599  9544  9573 I art     : Starting a blocking GC Explicit
08-05 18:04:58.648  9544  9573 I art     : Explicit concurrent mark sweep GC freed 28(1040B) AllocSpace objects, 0(0B) LOS objects, 29% free, 38MB/54MB, paused 1.549ms total 47.878ms
08-05 18:04:58.661  9544  9573 I art     : Starting a blocking GC Explicit
08-05 18:04:58.711  9544  9573 I art     : Explicit concurrent mark sweep GC freed 68(4KB) AllocSpace objects, 0(0B) LOS objects, 29% free, 38MB/54MB, paused 1.608ms total 49.585ms
08-05 18:04:58.724  9544  9573 I art     : Starting a blocking GC Explicit
08-05 18:04:58.774  9544  9573 I art     : Explicit concurrent mark sweep GC freed 12(1408B) AllocSpace objects, 0(0B) LOS objects, 29% free, 38MB/54MB, paused 1.578ms total 49.114ms
08-05 18:04:58.787  9544  9573 I art     : Starting a blocking GC Explicit
08-05 18:04:58.837  9544  9573 I art     : Explicit concurrent mark sweep GC freed 3(96B) AllocSpace objects, 0(0B) LOS objects, 29% free, 38MB/54MB, paused 1.562ms total 49.942ms
08-05 18:04:58.986 14699 14699 D AndroidRuntime: >>>>>> START com.android.internal.os.RuntimeInit uid 2000 <<<<<<
08-05 18:04:58.993 14699 14699 D AndroidRuntime: CheckJNI is OFF
08-05 18:04:59.034 14699 14699 D ICU     : No timezone override file found: /data/misc/zoneinfo/current/icu/icu_tzdata.dat
08-05 18:04:59.075 14699 14699 I Radio-JNI: register_android_hardware_Radio DONE
08-05 18:04:59.103 14699 14699 D AndroidRuntime: Calling main entry com.android.commands.input.Input
08-05 18:04:59.105 14699 14699 I Input   : injectKeyEvent: KeyEvent { action=ACTION_DOWN, keyCode=KEYCODE_BACK, scanCode=0, metaState=0, flags=0x0, repeatCount=0, eventTime=813915518, downTime=813915518, deviceId=-1, source=0x101 }
08-05 18:04:59.110 14699 14699 I Input   : injectKeyEvent: KeyEvent { action=ACTION_UP, keyCode=KEYCODE_BACK, scanCode=0, metaState=0, flags=0x0, repeatCount=0, eventTime=813915518, downTime=813915518, deviceId=-1, source=0x101 }
08-05 18:04:59.115 14699 14699 D AndroidRuntime: Shutting down VM
08-05 18:04:59.138  9544 14275 E baseline.com.newsblur.network.APIResponse: Error (unexpected end of stream on https://www.newsblur.com/...) calling https://www.newsblur.com/reader/mark_story_hashes_as_read/
08-05 18:04:59.138  9544 14275 E baseline.com.newsblur.network.APIResponse: java.io.IOException: unexpected end of stream on https://www.newsblur.com/...
08-05 18:04:59.138  9544 14275 E baseline.com.newsblur.network.APIResponse: 	at okhttp3.internal.http1.Http1ExchangeCodec.readResponseHeaders(Http1ExchangeCodec.java:236)
08-05 18:04:59.138  9544 14275 E baseline.com.newsblur.network.APIResponse: 	at okhttp3.internal.connection.Exchange.readResponseHeaders(Exchange.java:115)
08-05 18:04:59.138  9544 14275 E baseline.com.newsblur.network.APIResponse: 	at okhttp3.internal.http.CallServerInterceptor.intercept(CallServerInterceptor.java:94)
08-05 18:04:59.138  9544 14275 E baseline.com.newsblur.network.APIResponse: 	at okhttp3.internal.http.RealInterceptorChain.proceed(RealInterceptorChain.java:142)
08-05 18:04:59.138  9544 14275 E baseline.com.newsblur.network.APIResponse: 	at okhttp3.internal.connection.ConnectInterceptor.intercept(ConnectInterceptor.java:43)
08-05 18:04:59.138  9544 14275 E baseline.com.newsblur.network.APIResponse: 	at okhttp3.internal.http.RealInterceptorChain.proceed(RealInterceptorChain.java:142)
08-05 18:04:59.138  9544 14275 E baseline.com.newsblur.network.APIResponse: 	at okhttp3.internal.http.RealInterceptorChain.proceed(RealInterceptorChain.java:117)
08-05 18:04:59.138  9544 14275 E baseline.com.newsblur.network.APIResponse: 	at okhttp3.internal.cache.CacheInterceptor.intercept(CacheInterceptor.java:94)
08-05 18:04:59.138  9544 14275 E baseline.com.newsblur.network.APIResponse: 	at okhttp3.internal.http.RealInterceptorChain.proceed(RealInterceptorChain.java:142)
08-05 18:04:59.138  9544 14275 E baseline.com.newsblur.network.APIResponse: 	at okhttp3.internal.http.RealInterceptorChain.proceed(RealInterceptorChain.java:117)
08-05 18:04:59.138  9544 14275 E baseline.com.newsblur.network.APIResponse: 	at okhttp3.internal.http.BridgeInterceptor.intercept(BridgeInterceptor.java:93)
08-05 18:04:59.138  9544 14275 E baseline.com.newsblur.network.APIResponse: 	at okhttp3.internal.http.RealInterceptorChain.proceed(RealInterceptorChain.java:142)
08-05 18:04:59.138  9544 14275 E baseline.com.newsblur.network.APIResponse: 	at okhttp3.internal.http.RetryAndFollowUpInterceptor.intercept(RetryAndFollowUpInterceptor.java:88)
08-05 18:04:59.138  9544 14275 E baseline.com.newsblur.network.APIResponse: 	at okhttp3.internal.http.RealInterceptorChain.proceed(RealInterceptorChain.java:142)
08-05 18:04:59.138  9544 14275 E baseline.com.newsblur.network.APIResponse: 	at okhttp3.internal.http.RealInterceptorChain.proceed(RealInterceptorChain.java:117)
08-05 18:04:59.138  9544 14275 E baseline.com.newsblur.network.APIResponse: 	at okhttp3.RealCall.getResponseWithInterceptorChain(RealCall.java:229)
08-05 18:04:59.138  9544 14275 E baseline.com.newsblur.network.APIResponse: 	at okhttp3.RealCall.execute(RealCall.java:81)
08-05 18:04:59.138  9544 14275 E baseline.com.newsblur.network.APIResponse: 	at baseline.com.newsblur.network.APIResponse.<init>(APIResponse.java:57)
08-05 18:04:59.138  9544 14275 E baseline.com.newsblur.network.APIResponse: 	at baseline.com.newsblur.network.APIResponse.<init>(APIResponse.java:43)
08-05 18:04:59.138  9544 14275 E baseline.com.newsblur.network.APIResponse: 	at baseline.com.newsblur.network.APIManager.post_single(APIManager.java:702)
08-05 18:04:59.138  9544 14275 E baseline.com.newsblur.network.APIResponse: 	at baseline.com.newsblur.network.APIManager.post(APIManager.java:675)
08-05 18:04:59.138  9544 14275 E baseline.com.newsblur.network.APIResponse: 	at baseline.com.newsblur.network.APIManager.post(APIManager.java:714)
08-05 18:04:59.138  9544 14275 E baseline.com.newsblur.network.APIResponse: 	at baseline.com.newsblur.network.APIManager.markStoryAsRead(APIManager.java:205)
08-05 18:04:59.138  9544 14275 E baseline.com.newsblur.network.APIResponse: 	at baseline.com.newsblur.util.ReadingAction.doRemote(ReadingAction.java:281)
08-05 18:04:59.138  9544 14275 E baseline.com.newsblur.network.APIResponse: 	at baseline.com.newsblur.service.NBSyncService.syncActions(NBSyncService.java:400)
08-05 18:04:59.138  9544 14275 E baseline.com.newsblur.network.APIResponse: 	at baseline.com.newsblur.service.NBSyncService.doSync(NBSyncService.java:298)
08-05 18:04:59.138  9544 14275 E baseline.com.newsblur.network.APIResponse: 	at baseline.com.newsblur.service.NBSyncService.access$100(NBSyncService.java:67)
08-05 18:04:59.138  9544 14275 E baseline.com.newsblur.network.APIResponse: 	at baseline.com.newsblur.service.NBSyncService$1.run(NBSyncService.java:188)
08-05 18:04:59.138  9544 14275 E baseline.com.newsblur.network.APIResponse: 	at java.util.concurrent.ThreadPoolExecutor.runWorker(ThreadPoolExecutor.java:1113)
08-05 18:04:59.138  9544 14275 E baseline.com.newsblur.network.APIResponse: 	at java.util.concurrent.ThreadPoolExecutor$Worker.run(ThreadPoolExecutor.java:588)
08-05 18:04:59.138  9544 14275 E baseline.com.newsblur.network.APIResponse: 	at java.lang.Thread.run(Thread.java:818)
08-05 18:04:59.138  9544 14275 E baseline.com.newsblur.network.APIResponse: Caused by: java.io.EOFException: \n not found: limit=0 content=
08-05 18:04:59.138  9544 14275 E baseline.com.newsblur.network.APIResponse: 	at okio.RealBufferedSource.readUtf8LineStrict(RealBufferedSource.java:240)
08-05 18:04:59.138  9544 14275 E baseline.com.newsblur.network.APIResponse: 	at okhttp3.internal.http1.Http1ExchangeCodec.readHeaderLine(Http1ExchangeCodec.java:242)
08-05 18:04:59.138  9544 14275 E baseline.com.newsblur.network.APIResponse: 	at okhttp3.internal.http1.Http1ExchangeCodec.readResponseHeaders(Http1ExchangeCodec.java:213)
08-05 18:04:59.138  9544 14275 E baseline.com.newsblur.network.APIResponse: 	... 30 more
08-05 18:04:59.140  9544 14275 I baseline.com.newsblur.service.NBSyncService: Holding reading action with server-side or network error.
08-05 18:04:59.149  9544 14275 W baseline.com.newsblur.service.NBSyncService: hard API failure
08-05 18:04:59.151  9544 14275 I baseline.com.newsblur.service.NBSyncService: abandoning background sync due to recent API failures.
08-05 18:04:59.154  9544 14275 I baseline.com.newsblur.service.NBSyncService: rebuilding DB . . .
08-05 18:04:59.182  9544 14275 I baseline.com.newsblur.service.NBSyncService: . . . . done rebuilding DB
08-05 18:04:59.189  9544 14275 I baseline.com.newsblur.service.NBSyncService: abandoning background sync due to recent API failures.
08-05 18:04:59.190  9544 14275 I baseline.com.newsblur.service.NBSyncService: abandoning background sync due to recent API failures.
08-05 18:04:59.228  9544  9573 I art     : Starting a blocking GC Explicit
08-05 18:04:59.276  9544  9573 I art     : Explicit concurrent mark sweep GC freed 5726(657KB) AllocSpace objects, 19(380KB) LOS objects, 29% free, 38MB/54MB, paused 1.287ms total 48.147ms
08-05 18:04:59.292  9544  9573 I art     : Starting a blocking GC Explicit
08-05 18:04:59.337  9544  9573 I art     : Explicit concurrent mark sweep GC freed 1298(179KB) AllocSpace objects, 10(200KB) LOS objects, 29% free, 38MB/54MB, paused 1.434ms total 44.581ms
08-05 18:04:59.347 13866 13866 I GoogleInputMethodServic: GoogleInputMethodService.onFinishInput():3138 
08-05 18:04:59.348 13866 13866 I GoogleInputMethodServic: GoogleInputMethodService.onStartInput():1808 
08-05 18:04:59.351  9544  9573 I art     : Starting a blocking GC Explicit
08-05 18:04:59.395  9544  9573 I art     : Explicit concurrent mark sweep GC freed 718(77KB) AllocSpace objects, 1(20KB) LOS objects, 29% free, 38MB/54MB, paused 1.223ms total 43.170ms
08-05 18:04:59.407  9544  9573 I art     : Starting a blocking GC Explicit
08-05 18:04:59.453  9544  9573 I art     : Explicit concurrent mark sweep GC freed 415(17KB) AllocSpace objects, 1(28KB) LOS objects, 29% free, 38MB/54MB, paused 1.320ms total 46.041ms
08-05 18:04:59.466  9544  9573 I art     : Starting a blocking GC Explicit
08-05 18:04:59.522  9544  9573 I art     : Explicit concurrent mark sweep GC freed 3(96B) AllocSpace objects, 0(0B) LOS objects, 29% free, 38MB/54MB, paused 1.810ms total 55.283ms
08-05 18:04:59.815   918  3188 I hubconnection: sensorhub said: 'set_bias 3: -5.7600, 0.0000, 0.0000'
08-05 18:04:59.875  9544 13634 I art     : Starting a blocking GC Explicit
08-05 18:04:59.924  9544 13634 I art     : Explicit concurrent mark sweep GC freed 2663(141KB) AllocSpace objects, 1(20KB) LOS objects, 29% free, 38MB/54MB, paused 1.463ms total 48.394ms
08-05 18:04:59.937  9544 13634 I art     : Starting a blocking GC Explicit
08-05 18:04:59.983  9544 13634 I art     : Explicit concurrent mark sweep GC freed 155(7KB) AllocSpace objects, 0(0B) LOS objects, 29% free, 38MB/54MB, paused 1.233ms total 45.459ms
08-05 18:04:59.997  9544 13634 I art     : Starting a blocking GC Explicit
08-05 18:05:00.041  9544 13634 I art     : Explicit concurrent mark sweep GC freed 10(320B) AllocSpace objects, 0(0B) LOS objects, 29% free, 38MB/54MB, paused 1.236ms total 44.112ms
08-05 18:05:00.054  9544 13634 I art     : Starting a blocking GC Explicit
08-05 18:05:00.095  9544 13634 I art     : Explicit concurrent mark sweep GC freed 8(256B) AllocSpace objects, 0(0B) LOS objects, 29% free, 38MB/54MB, paused 1.231ms total 40.475ms
08-05 18:05:00.108  9544 13634 I art     : Starting a blocking GC Explicit
08-05 18:05:00.154  9544 13634 I art     : Explicit concurrent mark sweep GC freed 11(352B) AllocSpace objects, 0(0B) LOS objects, 29% free, 38MB/54MB, paused 1.180ms total 45.171ms
08-05 18:05:00.515  9544 14226 I art     : Starting a blocking GC Explicit
08-05 18:05:00.559  9544 14226 I art     : Explicit concurrent mark sweep GC freed 1496(84KB) AllocSpace objects, 1(20KB) LOS objects, 29% free, 38MB/54MB, paused 1.355ms total 43.036ms
08-05 18:05:00.572  9544 14226 I art     : Starting a blocking GC Explicit
08-05 18:05:00.618  9544 14226 I art     : Explicit concurrent mark sweep GC freed 28(960B) AllocSpace objects, 0(0B) LOS objects, 29% free, 38MB/54MB, paused 1.335ms total 46.144ms
08-05 18:05:00.632  9544 14226 I art     : Starting a blocking GC Explicit
08-05 18:05:00.680  9544 14226 I art     : Explicit concurrent mark sweep GC freed 9(288B) AllocSpace objects, 0(0B) LOS objects, 29% free, 38MB/54MB, paused 1.277ms total 47.602ms
08-05 18:05:00.694  9544 14226 I art     : Starting a blocking GC Explicit
08-05 18:05:00.740  9544 14226 I art     : Explicit concurrent mark sweep GC freed 9(288B) AllocSpace objects, 0(0B) LOS objects, 29% free, 38MB/54MB, paused 1.301ms total 46.249ms
08-05 18:05:00.754  9544 14226 I art     : Starting a blocking GC Explicit
08-05 18:05:00.798  9544 14226 I art     : Explicit concurrent mark sweep GC freed 4(128B) AllocSpace objects, 0(0B) LOS objects, 29% free, 38MB/54MB, paused 1.352ms total 43.843ms
08-05 18:05:00.812   518   646 I ThermalEngine: ACTION: GPU - Setting GPU[0] to 390000000
08-05 18:05:00.932 14739 14739 D AndroidRuntime: >>>>>> START com.android.internal.os.RuntimeInit uid 2000 <<<<<<
08-05 18:05:00.939 14739 14739 D AndroidRuntime: CheckJNI is OFF
08-05 18:05:00.999 14739 14739 D ICU     : No timezone override file found: /data/misc/zoneinfo/current/icu/icu_tzdata.dat
08-05 18:05:01.044 14739 14739 I Radio-JNI: register_android_hardware_Radio DONE
08-05 18:05:01.078 14739 14739 D AndroidRuntime: Calling main entry com.android.commands.input.Input
08-05 18:05:01.080 14739 14739 I Input   : injectKeyEvent: KeyEvent { action=ACTION_DOWN, keyCode=KEYCODE_BACK, scanCode=0, metaState=0, flags=0x0, repeatCount=0, eventTime=813917493, downTime=813917493, deviceId=-1, source=0x101 }
08-05 18:05:01.085 14739 14739 I Input   : injectKeyEvent: KeyEvent { action=ACTION_UP, keyCode=KEYCODE_BACK, scanCode=0, metaState=0, flags=0x0, repeatCount=0, eventTime=813917493, downTime=813917493, deviceId=-1, source=0x101 }
08-05 18:05:01.092 14739 14739 D AndroidRuntime: Shutting down VM
08-05 18:05:01.187  9544  9570 I art     : Starting a blocking GC Explicit
08-05 18:05:01.247  9544  9570 I art     : Explicit concurrent mark sweep GC freed 1747(147KB) AllocSpace objects, 5(100KB) LOS objects, 29% free, 38MB/54MB, paused 2.104ms total 58.730ms
08-05 18:05:01.267  9544  9570 I art     : Starting a blocking GC Explicit
08-05 18:05:01.327  9544  9570 I art     : Explicit concurrent mark sweep GC freed 5531(355KB) AllocSpace objects, 6(120KB) LOS objects, 29% free, 38MB/54MB, paused 2.194ms total 59.676ms
08-05 18:05:01.335 13866 13866 I GoogleInputMethodServic: GoogleInputMethodService.onFinishInput():3138 
08-05 18:05:01.338 13866 13866 I GoogleInputMethodServic: GoogleInputMethodService.onStartInput():1808 
08-05 18:05:01.344  9544  9570 I art     : Starting a blocking GC Explicit
08-05 18:05:01.406  9544  9570 I art     : Explicit concurrent mark sweep GC freed 4756(314KB) AllocSpace objects, 6(120KB) LOS objects, 29% free, 38MB/54MB, paused 2.094ms total 61.312ms
08-05 18:05:01.424  9544  9570 I art     : Starting a blocking GC Explicit
08-05 18:05:01.485  9544  9570 I art     : Explicit concurrent mark sweep GC freed 284(12KB) AllocSpace objects, 0(0B) LOS objects, 29% free, 38MB/54MB, paused 2.166ms total 60.520ms
08-05 18:05:01.507  9544  9570 I art     : Starting a blocking GC Explicit
08-05 18:05:01.574  9544  9570 I art     : Explicit concurrent mark sweep GC freed 15(1520B) AllocSpace objects, 0(0B) LOS objects, 29% free, 38MB/54MB, paused 3.257ms total 65.475ms
08-05 18:05:01.927  9544 14767 E baseline.com.newsblur.network.APIResponse: Error (unexpected end of stream on https://www.newsblur.com/...) calling https://www.newsblur.com/reader/mark_story_hashes_as_read/
08-05 18:05:01.927  9544 14767 E baseline.com.newsblur.network.APIResponse: java.io.IOException: unexpected end of stream on https://www.newsblur.com/...
08-05 18:05:01.927  9544 14767 E baseline.com.newsblur.network.APIResponse: 	at okhttp3.internal.http1.Http1ExchangeCodec.readResponseHeaders(Http1ExchangeCodec.java:236)
08-05 18:05:01.927  9544 14767 E baseline.com.newsblur.network.APIResponse: 	at okhttp3.internal.connection.Exchange.readResponseHeaders(Exchange.java:115)
08-05 18:05:01.927  9544 14767 E baseline.com.newsblur.network.APIResponse: 	at okhttp3.internal.http.CallServerInterceptor.intercept(CallServerInterceptor.java:94)
08-05 18:05:01.927  9544 14767 E baseline.com.newsblur.network.APIResponse: 	at okhttp3.internal.http.RealInterceptorChain.proceed(RealInterceptorChain.java:142)
08-05 18:05:01.927  9544 14767 E baseline.com.newsblur.network.APIResponse: 	at okhttp3.internal.connection.ConnectInterceptor.intercept(ConnectInterceptor.java:43)
08-05 18:05:01.927  9544 14767 E baseline.com.newsblur.network.APIResponse: 	at okhttp3.internal.http.RealInterceptorChain.proceed(RealInterceptorChain.java:142)
08-05 18:05:01.927  9544 14767 E baseline.com.newsblur.network.APIResponse: 	at okhttp3.internal.http.RealInterceptorChain.proceed(RealInterceptorChain.java:117)
08-05 18:05:01.927  9544 14767 E baseline.com.newsblur.network.APIResponse: 	at okhttp3.internal.cache.CacheInterceptor.intercept(CacheInterceptor.java:94)
08-05 18:05:01.927  9544 14767 E baseline.com.newsblur.network.APIResponse: 	at okhttp3.internal.http.RealInterceptorChain.proceed(RealInterceptorChain.java:142)
08-05 18:05:01.927  9544 14767 E baseline.com.newsblur.network.APIResponse: 	at okhttp3.internal.http.RealInterceptorChain.proceed(RealInterceptorChain.java:117)
08-05 18:05:01.927  9544 14767 E baseline.com.newsblur.network.APIResponse: 	at okhttp3.internal.http.BridgeInterceptor.intercept(BridgeInterceptor.java:93)
08-05 18:05:01.927  9544 14767 E baseline.com.newsblur.network.APIResponse: 	at okhttp3.internal.http.RealInterceptorChain.proceed(RealInterceptorChain.java:142)
08-05 18:05:01.927  9544 14767 E baseline.com.newsblur.network.APIResponse: 	at okhttp3.internal.http.RetryAndFollowUpInterceptor.intercept(RetryAndFollowUpInterceptor.java:88)
08-05 18:05:01.927  9544 14767 E baseline.com.newsblur.network.APIResponse: 	at okhttp3.internal.http.RealInterceptorChain.proceed(RealInterceptorChain.java:142)
08-05 18:05:01.927  9544 14767 E baseline.com.newsblur.network.APIResponse: 	at okhttp3.internal.http.RealInterceptorChain.proceed(RealInterceptorChain.java:117)
08-05 18:05:01.927  9544 14767 E baseline.com.newsblur.network.APIResponse: 	at okhttp3.RealCall.getResponseWithInterceptorChain(RealCall.java:229)
08-05 18:05:01.927  9544 14767 E baseline.com.newsblur.network.APIResponse: 	at okhttp3.RealCall.execute(RealCall.java:81)
08-05 18:05:01.927  9544 14767 E baseline.com.newsblur.network.APIResponse: 	at baseline.com.newsblur.network.APIResponse.<init>(APIResponse.java:57)
08-05 18:05:01.927  9544 14767 E baseline.com.newsblur.network.APIResponse: 	at baseline.com.newsblur.network.APIResponse.<init>(APIResponse.java:43)
08-05 18:05:01.927  9544 14767 E baseline.com.newsblur.network.APIResponse: 	at baseline.com.newsblur.network.APIManager.post_single(APIManager.java:702)
08-05 18:05:01.927  9544 14767 E baseline.com.newsblur.network.APIResponse: 	at baseline.com.newsblur.network.APIManager.post(APIManager.java:675)
08-05 18:05:01.927  9544 14767 E baseline.com.newsblur.network.APIResponse: 	at baseline.com.newsblur.network.APIManager.post(APIManager.java:714)
08-05 18:05:01.927  9544 14767 E baseline.com.newsblur.network.APIResponse: 	at baseline.com.newsblur.network.APIManager.markStoryAsRead(APIManager.java:205)
08-05 18:05:01.927  9544 14767 E baseline.com.newsblur.network.APIResponse: 	at baseline.com.newsblur.util.ReadingAction.doRemote(ReadingAction.java:281)
08-05 18:05:01.927  9544 14767 E baseline.com.newsblur.network.APIResponse: 	at baseline.com.newsblur.service.NBSyncService.syncActions(NBSyncService.java:400)
08-05 18:05:01.927  9544 14767 E baseline.com.newsblur.network.APIResponse: 	at baseline.com.newsblur.service.NBSyncService.doSync(NBSyncService.java:298)
08-05 18:05:01.927  9544 14767 E baseline.com.newsblur.network.APIResponse: 	at baseline.com.newsblur.service.NBSyncService.access$100(NBSyncService.java:67)
08-05 18:05:01.927  9544 14767 E baseline.com.newsblur.network.APIResponse: 	at baseline.com.newsblur.service.NBSyncService$1.run(NBSyncService.java:188)
08-05 18:05:01.927  9544 14767 E baseline.com.newsblur.network.APIResponse: 	at java.util.concurrent.ThreadPoolExecutor.runWorker(ThreadPoolExecutor.java:1113)
08-05 18:05:01.927  9544 14767 E baseline.com.newsblur.network.APIResponse: 	at java.util.concurrent.ThreadPoolExecutor$Worker.run(ThreadPoolExecutor.java:588)
08-05 18:05:01.927  9544 14767 E baseline.com.newsblur.network.APIResponse: 	at java.lang.Thread.run(Thread.java:818)
08-05 18:05:01.927  9544 14767 E baseline.com.newsblur.network.APIResponse: Caused by: java.io.EOFException: \n not found: limit=0 content=
08-05 18:05:01.927  9544 14767 E baseline.com.newsblur.network.APIResponse: 	at okio.RealBufferedSource.readUtf8LineStrict(RealBufferedSource.java:240)
08-05 18:05:01.927  9544 14767 E baseline.com.newsblur.network.APIResponse: 	at okhttp3.internal.http1.Http1ExchangeCodec.readHeaderLine(Http1ExchangeCodec.java:242)
08-05 18:05:01.927  9544 14767 E baseline.com.newsblur.network.APIResponse: 	at okhttp3.internal.http1.Http1ExchangeCodec.readResponseHeaders(Http1ExchangeCodec.java:213)
08-05 18:05:01.927  9544 14767 E baseline.com.newsblur.network.APIResponse: 	... 30 more
08-05 18:05:01.928  9544 14767 I baseline.com.newsblur.network.APIManager: API call failed, pausing before retry number 1
08-05 18:05:01.973  9544  9570 I art     : Starting a blocking GC Explicit
08-05 18:05:02.041  9544  9570 I art     : Explicit concurrent mark sweep GC freed 5916(468KB) AllocSpace objects, 6(260KB) LOS objects, 29% free, 38MB/54MB, paused 2.374ms total 68.114ms
08-05 18:05:02.063  9544  9570 I art     : Starting a blocking GC Explicit
08-05 18:05:02.127  9544  9570 I art     : Explicit concurrent mark sweep GC freed 1141(125KB) AllocSpace objects, 0(0B) LOS objects, 29% free, 38MB/54MB, paused 2.684ms total 63.477ms
08-05 18:05:02.147  9544  9570 I art     : Starting a blocking GC Explicit
08-05 18:05:02.208  9544  9570 I art     : Explicit concurrent mark sweep GC freed 13(416B) AllocSpace objects, 0(0B) LOS objects, 29% free, 38MB/54MB, paused 2.557ms total 60.930ms
08-05 18:05:02.229  9544  9570 I art     : Starting a blocking GC Explicit
08-05 18:05:02.290  9544  9570 I art     : Explicit concurrent mark sweep GC freed 12(384B) AllocSpace objects, 0(0B) LOS objects, 29% free, 38MB/54MB, paused 2.217ms total 60.708ms
08-05 18:05:02.311  9544  9570 I art     : Starting a blocking GC Explicit
08-05 18:05:02.370  9544  9570 I art     : Explicit concurrent mark sweep GC freed 13(416B) AllocSpace objects, 0(0B) LOS objects, 29% free, 38MB/54MB, paused 1.983ms total 59.249ms
08-05 18:05:02.707 12013 12013 I ServiceManager: Waiting for service AtCmdFwd...
08-05 18:05:02.790  9544  9573 I art     : Starting a blocking GC Explicit
08-05 18:05:02.849  9544  9573 I art     : Explicit concurrent mark sweep GC freed 1488(84KB) AllocSpace objects, 1(20KB) LOS objects, 29% free, 38MB/54MB, paused 2.107ms total 58.944ms
08-05 18:05:02.869  9544  9573 I art     : Starting a blocking GC Explicit
08-05 18:05:02.927  9544  9573 I art     : Explicit concurrent mark sweep GC freed 22(784B) AllocSpace objects, 0(0B) LOS objects, 29% free, 38MB/54MB, paused 2.069ms total 57.801ms
08-05 18:05:02.947  9544  9573 I art     : Starting a blocking GC Explicit
08-05 18:05:03.005  9544  9573 I art     : Explicit concurrent mark sweep GC freed 3(96B) AllocSpace objects, 0(0B) LOS objects, 29% free, 38MB/54MB, paused 2.142ms total 57.086ms
08-05 18:05:03.005 14780 14780 D AndroidRuntime: >>>>>> START com.android.internal.os.RuntimeInit uid 2000 <<<<<<
08-05 18:05:03.011 14780 14780 D AndroidRuntime: CheckJNI is OFF
08-05 18:05:03.024  9544  9573 I art     : Starting a blocking GC Explicit
08-05 18:05:03.065 14780 14780 D ICU     : No timezone override file found: /data/misc/zoneinfo/current/icu/icu_tzdata.dat
08-05 18:05:03.081  9544  9573 I art     : Explicit concurrent mark sweep GC freed 3(96B) AllocSpace objects, 0(0B) LOS objects, 29% free, 38MB/54MB, paused 2.078ms total 56.355ms
08-05 18:05:03.100  9544  9573 I art     : Starting a blocking GC Explicit
08-05 18:05:03.111 14780 14780 I Radio-JNI: register_android_hardware_Radio DONE
08-05 18:05:03.143 14780 14780 D AndroidRuntime: Calling main entry com.android.commands.input.Input
08-05 18:05:03.145 14780 14780 I Input   : injectMotionEvent: MotionEvent { action=ACTION_DOWN, actionButton=0, id[0]=0, x[0]=553.0, y[0]=442.0, toolType[0]=TOOL_TYPE_UNKNOWN, buttonState=0, metaState=0, flags=0x0, edgeFlags=0x0, pointerCount=1, historySize=0, eventTime=813919557, downTime=813919557, deviceId=0, source=0x1002 }
08-05 18:05:03.150 14780 14780 I Input   : injectMotionEvent: MotionEvent { action=ACTION_UP, actionButton=0, id[0]=0, x[0]=553.0, y[0]=442.0, toolType[0]=TOOL_TYPE_UNKNOWN, buttonState=0, metaState=0, flags=0x0, edgeFlags=0x0, pointerCount=1, historySize=0, eventTime=813919557, downTime=813919557, deviceId=0, source=0x1002 }
08-05 18:05:03.157  9544  9573 I art     : Explicit concurrent mark sweep GC freed 26(1200B) AllocSpace objects, 0(0B) LOS objects, 29% free, 38MB/54MB, paused 2.258ms total 57.550ms
08-05 18:05:03.158 14780 14780 D AndroidRuntime: Shutting down VM
08-05 18:05:03.226   918  3714 I ActivityManager: START u0 {cmp=baseline.com.newsblur/.activity.AllSharedStoriesItemsList (has extras)} from uid 10676 on display 0
08-05 18:05:03.256  9544 13974 I baseline.com.newsblur.database.BlurDatabaseHelper: reading session reset
08-05 18:05:03.523  9544  9544 W View    : requestLayout() improperly called by android.widget.FrameLayout{968f1a7 V.E...... ......ID 0,0-1440,0 #7f07003f app:id/footer_view_inner} during layout: running second layout pass
08-05 18:05:03.523  9544  9544 W View    : requestLayout() improperly called by android.widget.FrameLayout{979f654 V.E...... ......ID 0,0-1440,2091 #7f07003f app:id/footer_view_inner} during layout: running second layout pass
08-05 18:05:03.549   918   936 I ActivityManager: Displayed baseline.com.newsblur/.activity.AllSharedStoriesItemsList: +311ms
08-05 18:05:03.550 13866 13866 I GoogleInputMethodServic: GoogleInputMethodService.onFinishInput():3138 
08-05 18:05:03.555  9544 13634 I art     : Starting a blocking GC Explicit
08-05 18:05:03.581 13866 13866 I GoogleInputMethodServic: GoogleInputMethodService.onStartInput():1808 
08-05 18:05:03.633  9544 13634 I art     : Explicit concurrent mark sweep GC freed 5668(463KB) AllocSpace objects, 14(372KB) LOS objects, 29% free, 38MB/54MB, paused 2.822ms total 77.493ms
08-05 18:05:03.637  9544  9563 I art     : WaitForGcToComplete blocked for 50.014ms for cause HeapTrim
08-05 18:05:03.658  9544 14814 I NAPPA_EXPERIMENTATION: MetricNetworkRequestExecutionTime: REQUEST_DURATION_SYSTEM='43',REQUEST_DURATION_OKHTTP='39',REQUEST_SYNCHRONOUS='TRUE',RESPONSE_CODE='200',RESPONSE_METHOD='GET',RESPONSE_LENGTH_OKHTTP='43',RESPONSE_LENGTH_HEADER='43',REQUEST_PROTOCOL='http/1.1',REQUEST_URL='http://feeds.feedburner.com/~r/retort/~4/UffaFMiJbNs',
08-05 18:05:03.664  9544 13634 I art     : Starting a blocking GC Explicit
08-05 18:05:03.707 12013 12013 I ServiceManager: Waiting for service AtCmdFwd...
08-05 18:05:03.731  9544 13634 I art     : Explicit concurrent mark sweep GC freed 1122(75KB) AllocSpace objects, 2(40KB) LOS objects, 29% free, 38MB/54MB, paused 3.785ms total 65.701ms
08-05 18:05:03.748  9544 13634 I art     : Starting a blocking GC Explicit
08-05 18:05:03.808  9544 13664 I NAPPA_EXPERIMENTATION: MetricNetworkRequestExecutionTime: REQUEST_DURATION_SYSTEM='159',REQUEST_DURATION_OKHTTP='149',REQUEST_SYNCHRONOUS='TRUE',RESPONSE_CODE='200',RESPONSE_METHOD='GET',RESPONSE_LENGTH_OKHTTP='56376',RESPONSE_LENGTH_HEADER='56376',REQUEST_PROTOCOL='h2',REQUEST_URL='https://images.fastcompany.net/image/upload/w_1280,q_auto,f_auto,fl_lossy/wp-cms/uploads/2020/07/p-1-quit-after-covid.jpg',
08-05 18:05:03.810  9544 13634 I art     : Explicit concurrent mark sweep GC freed 302(27KB) AllocSpace objects, 1(20KB) LOS objects, 29% free, 38MB/54MB, paused 7.446ms total 61.195ms
08-05 18:05:03.835  9544 13634 I art     : Starting a blocking GC Explicit
08-05 18:05:03.877  9544 14767 E baseline.com.newsblur.network.APIResponse: Error (unexpected end of stream on https://www.newsblur.com/...) calling https://www.newsblur.com/reader/mark_story_hashes_as_read/
08-05 18:05:03.877  9544 14767 E baseline.com.newsblur.network.APIResponse: java.io.IOException: unexpected end of stream on https://www.newsblur.com/...
08-05 18:05:03.877  9544 14767 E baseline.com.newsblur.network.APIResponse: 	at okhttp3.internal.http1.Http1ExchangeCodec.readResponseHeaders(Http1ExchangeCodec.java:236)
08-05 18:05:03.877  9544 14767 E baseline.com.newsblur.network.APIResponse: 	at okhttp3.internal.connection.Exchange.readResponseHeaders(Exchange.java:115)
08-05 18:05:03.877  9544 14767 E baseline.com.newsblur.network.APIResponse: 	at okhttp3.internal.http.CallServerInterceptor.intercept(CallServerInterceptor.java:94)
08-05 18:05:03.877  9544 14767 E baseline.com.newsblur.network.APIResponse: 	at okhttp3.internal.http.RealInterceptorChain.proceed(RealInterceptorChain.java:142)
08-05 18:05:03.877  9544 14767 E baseline.com.newsblur.network.APIResponse: 	at okhttp3.internal.connection.ConnectInterceptor.intercept(ConnectInterceptor.java:43)
08-05 18:05:03.877  9544 14767 E baseline.com.newsblur.network.APIResponse: 	at okhttp3.internal.http.RealInterceptorChain.proceed(RealInterceptorChain.java:142)
08-05 18:05:03.877  9544 14767 E baseline.com.newsblur.network.APIResponse: 	at okhttp3.internal.http.RealInterceptorChain.proceed(RealInterceptorChain.java:117)
08-05 18:05:03.877  9544 14767 E baseline.com.newsblur.network.APIResponse: 	at okhttp3.internal.cache.CacheInterceptor.intercept(CacheInterceptor.java:94)
08-05 18:05:03.877  9544 14767 E baseline.com.newsblur.network.APIResponse: 	at okhttp3.internal.http.RealInterceptorChain.proceed(RealInterceptorChain.java:142)
08-05 18:05:03.877  9544 14767 E baseline.com.newsblur.network.APIResponse: 	at okhttp3.internal.http.RealInterceptorChain.proceed(RealInterceptorChain.java:117)
08-05 18:05:03.877  9544 14767 E baseline.com.newsblur.network.APIResponse: 	at okhttp3.internal.http.BridgeInterceptor.intercept(BridgeInterceptor.java:93)
08-05 18:05:03.877  9544 14767 E baseline.com.newsblur.network.APIResponse: 	at okhttp3.internal.http.RealInterceptorChain.proceed(RealInterceptorChain.java:142)
08-05 18:05:03.877  9544 14767 E baseline.com.newsblur.network.APIResponse: 	at okhttp3.internal.http.RetryAndFollowUpInterceptor.intercept(RetryAndFollowUpInterceptor.java:88)
08-05 18:05:03.877  9544 14767 E baseline.com.newsblur.network.APIResponse: 	at okhttp3.internal.http.RealInterceptorChain.proceed(RealInterceptorChain.java:142)
08-05 18:05:03.877  9544 14767 E baseline.com.newsblur.network.APIResponse: 	at okhttp3.internal.http.RealInterceptorChain.proceed(RealInterceptorChain.java:117)
08-05 18:05:03.877  9544 14767 E baseline.com.newsblur.network.APIResponse: 	at okhttp3.RealCall.getResponseWithInterceptorChain(RealCall.java:229)
08-05 18:05:03.877  9544 14767 E baseline.com.newsblur.network.APIResponse: 	at okhttp3.RealCall.execute(RealCall.java:81)
08-05 18:05:03.877  9544 14767 E baseline.com.newsblur.network.APIResponse: 	at baseline.com.newsblur.network.APIResponse.<init>(APIResponse.java:57)
08-05 18:05:03.877  9544 14767 E baseline.com.newsblur.network.APIResponse: 	at baseline.com.newsblur.network.APIResponse.<init>(APIResponse.java:43)
08-05 18:05:03.877  9544 14767 E baseline.com.newsblur.network.APIResponse: 	at baseline.com.newsblur.network.APIManager.post_single(APIManager.java:702)
08-05 18:05:03.877  9544 14767 E baseline.com.newsblur.network.APIResponse: 	at baseline.com.newsblur.network.APIManager.post(APIManager.java:675)
08-05 18:05:03.877  9544 14767 E baseline.com.newsblur.network.APIResponse: 	at baseline.com.newsblur.network.APIManager.post(APIManager.java:714)
08-05 18:05:03.877  9544 14767 E baseline.com.newsblur.network.APIResponse: 	at baseline.com.newsblur.network.APIManager.markStoryAsRead(APIManager.java:205)
08-05 18:05:03.877  9544 14767 E baseline.com.newsblur.network.APIResponse: 	at baseline.com.newsblur.util.ReadingAction.doRemote(ReadingAction.java:281)
08-05 18:05:03.877  9544 14767 E baseline.com.newsblur.network.APIResponse: 	at baseline.com.newsblur.service.NBSyncService.syncActions(NBSyncService.java:400)
08-05 18:05:03.877  9544 14767 E baseline.com.newsblur.network.APIResponse: 	at baseline.com.newsblur.service.NBSyncService.doSync(NBSyncService.java:298)
08-05 18:05:03.877  9544 14767 E baseline.com.newsblur.network.APIResponse: 	at baseline.com.newsblur.service.NBSyncService.access$100(NBSyncService.java:67)
08-05 18:05:03.877  9544 14767 E baseline.com.newsblur.network.APIResponse: 	at baseline.com.newsblur.service.NBSyncService$1.run(NBSyncService.java:188)
08-05 18:05:03.877  9544 14767 E baseline.com.newsblur.network.APIResponse: 	at java.util.concurrent.ThreadPoolExecutor.runWorker(ThreadPoolExecutor.java:1113)
08-05 18:05:03.877  9544 14767 E baseline.com.newsblur.network.APIResponse: 	at java.util.concurrent.ThreadPoolExecutor$Worker.run(ThreadPoolExecutor.java:588)
08-05 18:05:03.877  9544 14767 E baseline.com.newsblur.network.APIResponse: 	at java.lang.Thread.run(Thread.java:818)
08-05 18:05:03.877  9544 14767 E baseline.com.newsblur.network.APIResponse: Caused by: java.io.EOFException: \n not found: limit=0 content=
08-05 18:05:03.877  9544 14767 E baseline.com.newsblur.network.APIResponse: 	at okio.RealBufferedSource.readUtf8LineStrict(RealBufferedSource.java:240)
08-05 18:05:03.877  9544 14767 E baseline.com.newsblur.network.APIResponse: 	at okhttp3.internal.http1.Http1ExchangeCodec.readHeaderLine(Http1ExchangeCodec.java:242)
08-05 18:05:03.877  9544 14767 E baseline.com.newsblur.network.APIResponse: 	at okhttp3.internal.http1.Http1ExchangeCodec.readResponseHeaders(Http1ExchangeCodec.java:213)
08-05 18:05:03.877  9544 14767 E baseline.com.newsblur.network.APIResponse: 	... 30 more
08-05 18:05:03.878  9544 14767 I baseline.com.newsblur.network.APIManager: API call failed, pausing before retry number 2
08-05 18:05:03.900  9544 13634 I art     : Explicit concurrent mark sweep GC freed 2809(296KB) AllocSpace objects, 5(3MB) LOS objects, 28% free, 40MB/56MB, paused 2.187ms total 64.710ms
08-05 18:05:03.920  9544 13634 I art     : Starting a blocking GC Explicit
08-05 18:05:03.982  9544 13634 I art     : Explicit concurrent mark sweep GC freed 195(19KB) AllocSpace objects, 1(20KB) LOS objects, 28% free, 40MB/56MB, paused 2.078ms total 61.641ms
08-05 18:05:04.388  9544  9570 I art     : Starting a blocking GC Explicit
08-05 18:05:04.451  9544  9570 I art     : Explicit concurrent mark sweep GC freed 1693(92KB) AllocSpace objects, 1(20KB) LOS objects, 28% free, 40MB/56MB, paused 2.178ms total 62.569ms
08-05 18:05:04.472  9544  9570 I art     : Starting a blocking GC Explicit
08-05 18:05:04.533  9544  9570 I art     : Explicit concurrent mark sweep GC freed 27(944B) AllocSpace objects, 0(0B) LOS objects, 28% free, 40MB/56MB, paused 2.102ms total 61.094ms
08-05 18:05:04.554  9544  9570 I art     : Starting a blocking GC Explicit
08-05 18:05:04.615  9544  9570 I art     : Explicit concurrent mark sweep GC freed 8(256B) AllocSpace objects, 0(0B) LOS objects, 28% free, 40MB/56MB, paused 2.008ms total 61.131ms
08-05 18:05:04.635  9544  9570 I art     : Starting a blocking GC Explicit
08-05 18:05:04.700  9544  9570 I art     : Explicit concurrent mark sweep GC freed 13(416B) AllocSpace objects, 0(0B) LOS objects, 28% free, 40MB/56MB, paused 2.190ms total 64.426ms
08-05 18:05:04.708 12013 12013 I ServiceManager: Waiting for service AtCmdFwd...
08-05 18:05:04.721  9544  9570 I art     : Starting a blocking GC Explicit
08-05 18:05:04.785  9544  9570 I art     : Explicit concurrent mark sweep GC freed 18(576B) AllocSpace objects, 0(0B) LOS objects, 28% free, 40MB/56MB, paused 2.048ms total 63.931ms
08-05 18:05:05.192  9544  9570 I art     : Starting a blocking GC Explicit
08-05 18:05:05.257  9544  9570 I art     : Explicit concurrent mark sweep GC freed 1489(84KB) AllocSpace objects, 1(20KB) LOS objects, 28% free, 40MB/56MB, paused 2.300ms total 63.919ms
08-05 18:05:05.277  9544  9570 I art     : Starting a blocking GC Explicit
08-05 18:05:05.338  9544  9570 I art     : Explicit concurrent mark sweep GC freed 26(912B) AllocSpace objects, 0(0B) LOS objects, 28% free, 40MB/56MB, paused 2.273ms total 60.601ms
08-05 18:05:05.358  9544  9570 I art     : Starting a blocking GC Explicit
08-05 18:05:05.420  9544  9570 I art     : Explicit concurrent mark sweep GC freed 8(256B) AllocSpace objects, 0(0B) LOS objects, 28% free, 40MB/56MB, paused 2.041ms total 62.134ms
08-05 18:05:05.440  9544  9570 I art     : Starting a blocking GC Explicit
08-05 18:05:05.501  9544  9570 I art     : Explicit concurrent mark sweep GC freed 8(256B) AllocSpace objects, 0(0B) LOS objects, 28% free, 40MB/56MB, paused 2.298ms total 60.668ms
08-05 18:05:05.521  9544  9570 I art     : Starting a blocking GC Explicit
08-05 18:05:05.583  9544  9570 I art     : Explicit concurrent mark sweep GC freed 8(256B) AllocSpace objects, 0(0B) LOS objects, 28% free, 40MB/56MB, paused 2.073ms total 61.603ms
08-05 18:05:05.709 12013 12013 I ServiceManager: Waiting for service AtCmdFwd...
08-05 18:05:06.002  9544  9570 I art     : Starting a blocking GC Explicit
08-05 18:05:06.066  9544  9570 I art     : Explicit concurrent mark sweep GC freed 1474(84KB) AllocSpace objects, 1(20KB) LOS objects, 28% free, 40MB/56MB, paused 2.078ms total 62.903ms
08-05 18:05:06.085  9544  9570 I art     : Starting a blocking GC Explicit
08-05 18:05:06.149  9544  9570 I art     : Explicit concurrent mark sweep GC freed 27(944B) AllocSpace objects, 0(0B) LOS objects, 28% free, 40MB/56MB, paused 2.240ms total 62.983ms
08-05 18:05:06.169  9544  9570 I art     : Starting a blocking GC Explicit
08-05 18:05:06.232  9544  9570 I art     : Explicit concurrent mark sweep GC freed 8(256B) AllocSpace objects, 0(0B) LOS objects, 28% free, 40MB/56MB, paused 2.045ms total 62.621ms
08-05 18:05:06.252  9544  9570 I art     : Starting a blocking GC Explicit
08-05 18:05:06.313  9544  9570 I art     : Explicit concurrent mark sweep GC freed 8(256B) AllocSpace objects, 0(0B) LOS objects, 28% free, 40MB/56MB, paused 2.147ms total 61.260ms
08-05 18:05:06.334  9544  9570 I art     : Starting a blocking GC Explicit
08-05 18:05:06.395  9544  9570 I art     : Explicit concurrent mark sweep GC freed 8(256B) AllocSpace objects, 0(0B) LOS objects, 28% free, 40MB/56MB, paused 2.149ms total 61.335ms
08-05 18:05:06.709 12013 12013 I ServiceManager: Waiting for service AtCmdFwd...
08-05 18:05:06.807  9544  9570 I art     : Starting a blocking GC Explicit
08-05 18:05:06.870  9544  9570 I art     : Explicit concurrent mark sweep GC freed 1474(84KB) AllocSpace objects, 1(20KB) LOS objects, 28% free, 40MB/56MB, paused 2.160ms total 62.742ms
08-05 18:05:06.892  9544  9570 I art     : Starting a blocking GC Explicit
08-05 18:05:06.953  9544  9570 I art     : Explicit concurrent mark sweep GC freed 118(4KB) AllocSpace objects, 0(0B) LOS objects, 28% free, 40MB/56MB, paused 2.170ms total 61.231ms
08-05 18:05:06.974  9544  9570 I art     : Starting a blocking GC Explicit
08-05 18:05:07.039  9544  9570 I art     : Explicit concurrent mark sweep GC freed 82(5KB) AllocSpace objects, 0(0B) LOS objects, 28% free, 40MB/56MB, paused 2.356ms total 65.072ms
08-05 18:05:07.059  9544  9570 I art     : Starting a blocking GC Explicit
08-05 18:05:07.121  9544  9570 I art     : Explicit concurrent mark sweep GC freed 14(560B) AllocSpace objects, 0(0B) LOS objects, 28% free, 40MB/56MB, paused 2.198ms total 61.091ms
08-05 18:05:07.141  9544  9570 I art     : Starting a blocking GC Explicit
08-05 18:05:07.204  9544  9570 I art     : Explicit concurrent mark sweep GC freed 8(256B) AllocSpace objects, 0(0B) LOS objects, 28% free, 40MB/56MB, paused 2.165ms total 62.240ms
08-05 18:05:07.434  9544 14767 E baseline.com.newsblur.network.APIResponse: Error (unexpected end of stream on https://www.newsblur.com/...) calling https://www.newsblur.com/reader/mark_story_hashes_as_read/
08-05 18:05:07.434  9544 14767 E baseline.com.newsblur.network.APIResponse: java.io.IOException: unexpected end of stream on https://www.newsblur.com/...
08-05 18:05:07.434  9544 14767 E baseline.com.newsblur.network.APIResponse: 	at okhttp3.internal.http1.Http1ExchangeCodec.readResponseHeaders(Http1ExchangeCodec.java:236)
08-05 18:05:07.434  9544 14767 E baseline.com.newsblur.network.APIResponse: 	at okhttp3.internal.connection.Exchange.readResponseHeaders(Exchange.java:115)
08-05 18:05:07.434  9544 14767 E baseline.com.newsblur.network.APIResponse: 	at okhttp3.internal.http.CallServerInterceptor.intercept(CallServerInterceptor.java:94)
08-05 18:05:07.434  9544 14767 E baseline.com.newsblur.network.APIResponse: 	at okhttp3.internal.http.RealInterceptorChain.proceed(RealInterceptorChain.java:142)
08-05 18:05:07.434  9544 14767 E baseline.com.newsblur.network.APIResponse: 	at okhttp3.internal.connection.ConnectInterceptor.intercept(ConnectInterceptor.java:43)
08-05 18:05:07.434  9544 14767 E baseline.com.newsblur.network.APIResponse: 	at okhttp3.internal.http.RealInterceptorChain.proceed(RealInterceptorChain.java:142)
08-05 18:05:07.434  9544 14767 E baseline.com.newsblur.network.APIResponse: 	at okhttp3.internal.http.RealInterceptorChain.proceed(RealInterceptorChain.java:117)
08-05 18:05:07.434  9544 14767 E baseline.com.newsblur.network.APIResponse: 	at okhttp3.internal.cache.CacheInterceptor.intercept(CacheInterceptor.java:94)
08-05 18:05:07.434  9544 14767 E baseline.com.newsblur.network.APIResponse: 	at okhttp3.internal.http.RealInterceptorChain.proceed(RealInterceptorChain.java:142)
08-05 18:05:07.434  9544 14767 E baseline.com.newsblur.network.APIResponse: 	at okhttp3.internal.http.RealInterceptorChain.proceed(RealInterceptorChain.java:117)
08-05 18:05:07.434  9544 14767 E baseline.com.newsblur.network.APIResponse: 	at okhttp3.internal.http.BridgeInterceptor.intercept(BridgeInterceptor.java:93)
08-05 18:05:07.434  9544 14767 E baseline.com.newsblur.network.APIResponse: 	at okhttp3.internal.http.RealInterceptorChain.proceed(RealInterceptorChain.java:142)
08-05 18:05:07.434  9544 14767 E baseline.com.newsblur.network.APIResponse: 	at okhttp3.internal.http.RetryAndFollowUpInterceptor.intercept(RetryAndFollowUpInterceptor.java:88)
08-05 18:05:07.434  9544 14767 E baseline.com.newsblur.network.APIResponse: 	at okhttp3.internal.http.RealInterceptorChain.proceed(RealInterceptorChain.java:142)
08-05 18:05:07.434  9544 14767 E baseline.com.newsblur.network.APIResponse: 	at okhttp3.internal.http.RealInterceptorChain.proceed(RealInterceptorChain.java:117)
08-05 18:05:07.434  9544 14767 E baseline.com.newsblur.network.APIResponse: 	at okhttp3.RealCall.getResponseWithInterceptorChain(RealCall.java:229)
08-05 18:05:07.434  9544 14767 E baseline.com.newsblur.network.APIResponse: 	at okhttp3.RealCall.execute(RealCall.java:81)
08-05 18:05:07.434  9544 14767 E baseline.com.newsblur.network.APIResponse: 	at baseline.com.newsblur.network.APIResponse.<init>(APIResponse.java:57)
08-05 18:05:07.434  9544 14767 E baseline.com.newsblur.network.APIResponse: 	at baseline.com.newsblur.network.APIResponse.<init>(APIResponse.java:43)
08-05 18:05:07.434  9544 14767 E baseline.com.newsblur.network.APIResponse: 	at baseline.com.newsblur.network.APIManager.post_single(APIManager.java:702)
08-05 18:05:07.434  9544 14767 E baseline.com.newsblur.network.APIResponse: 	at baseline.com.newsblur.network.APIManager.post(APIManager.java:675)
08-05 18:05:07.434  9544 14767 E baseline.com.newsblur.network.APIResponse: 	at baseline.com.newsblur.network.APIManager.post(APIManager.java:714)
08-05 18:05:07.434  9544 14767 E baseline.com.newsblur.network.APIResponse: 	at baseline.com.newsblur.network.APIManager.markStoryAsRead(APIManager.java:205)
08-05 18:05:07.434  9544 14767 E baseline.com.newsblur.network.APIResponse: 	at baseline.com.newsblur.util.ReadingAction.doRemote(ReadingAction.java:281)
08-05 18:05:07.434  9544 14767 E baseline.com.newsblur.network.APIResponse: 	at baseline.com.newsblur.service.NBSyncService.syncActions(NBSyncService.java:400)
08-05 18:05:07.434  9544 14767 E baseline.com.newsblur.network.APIResponse: 	at baseline.com.newsblur.service.NBSyncService.doSync(NBSyncService.java:298)
08-05 18:05:07.434  9544 14767 E baseline.com.newsblur.network.APIResponse: 	at baseline.com.newsblur.service.NBSyncService.access$100(NBSyncService.java:67)
08-05 18:05:07.434  9544 14767 E baseline.com.newsblur.network.APIResponse: 	at baseline.com.newsblur.service.NBSyncService$1.run(NBSyncService.java:188)
08-05 18:05:07.434  9544 14767 E baseline.com.newsblur.network.APIResponse: 	at java.util.concurrent.ThreadPoolExecutor.runWorker(ThreadPoolExecutor.java:1113)
08-05 18:05:07.434  9544 14767 E baseline.com.newsblur.network.APIResponse: 	at java.util.concurrent.ThreadPoolExecutor$Worker.run(ThreadPoolExecutor.java:588)
08-05 18:05:07.434  9544 14767 E baseline.com.newsblur.network.APIResponse: 	at java.lang.Thread.run(Thread.java:818)
08-05 18:05:07.434  9544 14767 E baseline.com.newsblur.network.APIResponse: Caused by: java.io.EOFException: \n not found: limit=0 content=
08-05 18:05:07.434  9544 14767 E baseline.com.newsblur.network.APIResponse: 	at okio.RealBufferedSource.readUtf8LineStrict(RealBufferedSource.java:240)
08-05 18:05:07.434  9544 14767 E baseline.com.newsblur.network.APIResponse: 	at okhttp3.internal.http1.Http1ExchangeCodec.readHeaderLine(Http1ExchangeCodec.java:242)
08-05 18:05:07.434  9544 14767 E baseline.com.newsblur.network.APIResponse: 	at okhttp3.internal.http1.Http1ExchangeCodec.readResponseHeaders(Http1ExchangeCodec.java:213)
08-05 18:05:07.434  9544 14767 E baseline.com.newsblur.network.APIResponse: 	... 30 more
08-05 18:05:07.435  9544 14767 I baseline.com.newsblur.service.NBSyncService: Holding reading action with server-side or network error.
08-05 18:05:07.448  9544 14767 W baseline.com.newsblur.service.NBSyncService: hard API failure
08-05 18:05:07.461  9544 14767 I baseline.com.newsblur.service.NBSyncService: recounting dirty feed sets: 1
08-05 18:05:07.613  9544 13631 I art     : Starting a blocking GC Explicit
08-05 18:05:07.679  9544 13631 I art     : Explicit concurrent mark sweep GC freed 4859(440KB) AllocSpace objects, 5(100KB) LOS objects, 28% free, 40MB/56MB, paused 2.336ms total 65.357ms
08-05 18:05:07.699  9544 13631 I art     : Starting a blocking GC Explicit
08-05 18:05:07.709 12013 12013 W Atfwd_Sendcmd: AtCmdFwd service not published, waiting... retryCnt : 1
08-05 18:05:07.762  9544 13631 I art     : Explicit concurrent mark sweep GC freed 287(10KB) AllocSpace objects, 0(0B) LOS objects, 28% free, 40MB/56MB, paused 2.432ms total 62.423ms
08-05 18:05:07.783  9544 13631 I art     : Starting a blocking GC Explicit
08-05 18:05:07.844  9544 13631 I art     : Explicit concurrent mark sweep GC freed 8(256B) AllocSpace objects, 0(0B) LOS objects, 28% free, 40MB/56MB, paused 2.282ms total 61.162ms
08-05 18:05:07.864  9544 13631 I art     : Starting a blocking GC Explicit
08-05 18:05:07.927  9544 13631 I art     : Explicit concurrent mark sweep GC freed 1662(65KB) AllocSpace objects, 0(0B) LOS objects, 28% free, 40MB/56MB, paused 2.310ms total 62.165ms
08-05 18:05:07.947  9544 13631 I art     : Starting a blocking GC Explicit
08-05 18:05:07.953  9544 14767 E baseline.com.newsblur.network.APIResponse: Error (unexpected end of stream on https://www.newsblur.com/...) calling https://www.newsblur.com/reader/feed_unread_count?feed_id=0
08-05 18:05:07.953  9544 14767 E baseline.com.newsblur.network.APIResponse: java.io.IOException: unexpected end of stream on https://www.newsblur.com/...
08-05 18:05:07.953  9544 14767 E baseline.com.newsblur.network.APIResponse: 	at okhttp3.internal.http1.Http1ExchangeCodec.readResponseHeaders(Http1ExchangeCodec.java:236)
08-05 18:05:07.953  9544 14767 E baseline.com.newsblur.network.APIResponse: 	at okhttp3.internal.connection.Exchange.readResponseHeaders(Exchange.java:115)
08-05 18:05:07.953  9544 14767 E baseline.com.newsblur.network.APIResponse: 	at okhttp3.internal.http.CallServerInterceptor.intercept(CallServerInterceptor.java:94)
08-05 18:05:07.953  9544 14767 E baseline.com.newsblur.network.APIResponse: 	at okhttp3.internal.http.RealInterceptorChain.proceed(RealInterceptorChain.java:142)
08-05 18:05:07.953  9544 14767 E baseline.com.newsblur.network.APIResponse: 	at okhttp3.internal.connection.ConnectInterceptor.intercept(ConnectInterceptor.java:43)
08-05 18:05:07.953  9544 14767 E baseline.com.newsblur.network.APIResponse: 	at okhttp3.internal.http.RealInterceptorChain.proceed(RealInterceptorChain.java:142)
08-05 18:05:07.953  9544 14767 E baseline.com.newsblur.network.APIResponse: 	at okhttp3.internal.http.RealInterceptorChain.proceed(RealInterceptorChain.java:117)
08-05 18:05:07.953  9544 14767 E baseline.com.newsblur.network.APIResponse: 	at okhttp3.internal.cache.CacheInterceptor.intercept(CacheInterceptor.java:94)
08-05 18:05:07.953  9544 14767 E baseline.com.newsblur.network.APIResponse: 	at okhttp3.internal.http.RealInterceptorChain.proceed(RealInterceptorChain.java:142)
08-05 18:05:07.953  9544 14767 E baseline.com.newsblur.network.APIResponse: 	at okhttp3.internal.http.RealInterceptorChain.proceed(RealInterceptorChain.java:117)
08-05 18:05:07.953  9544 14767 E baseline.com.newsblur.network.APIResponse: 	at okhttp3.internal.http.BridgeInterceptor.intercept(BridgeInterceptor.java:93)
08-05 18:05:07.953  9544 14767 E baseline.com.newsblur.network.APIResponse: 	at okhttp3.internal.http.RealInterceptorChain.proceed(RealInterceptorChain.java:142)
08-05 18:05:07.953  9544 14767 E baseline.com.newsblur.network.APIResponse: 	at okhttp3.internal.http.RetryAndFollowUpInterceptor.intercept(RetryAndFollowUpInterceptor.java:88)
08-05 18:05:07.953  9544 14767 E baseline.com.newsblur.network.APIResponse: 	at okhttp3.internal.http.RealInterceptorChain.proceed(RealInterceptorChain.java:142)
08-05 18:05:07.953  9544 14767 E baseline.com.newsblur.network.APIResponse: 	at okhttp3.internal.http.RealInterceptorChain.proceed(RealInterceptorChain.java:117)
08-05 18:05:07.953  9544 14767 E baseline.com.newsblur.network.APIResponse: 	at okhttp3.RealCall.getResponseWithInterceptorChain(RealCall.java:229)
08-05 18:05:07.953  9544 14767 E baseline.com.newsblur.network.APIResponse: 	at okhttp3.RealCall.execute(RealCall.java:81)
08-05 18:05:07.953  9544 14767 E baseline.com.newsblur.network.APIResponse: 	at baseline.com.newsblur.network.APIResponse.<init>(APIResponse.java:57)
08-05 18:05:07.953  9544 14767 E baseline.com.newsblur.network.APIResponse: 	at baseline.com.newsblur.network.APIManager.get_single(APIManager.java:639)
08-05 18:05:07.953  9544 14767 E baseline.com.newsblur.network.APIResponse: 	at baseline.com.newsblur.network.APIManager.get(APIManager.java:625)
08-05 18:05:07.953  9544 14767 E baseline.com.newsblur.network.APIResponse: 	at baseline.com.newsblur.network.APIManager.get(APIManager.java:667)
08-05 18:05:07.953  9544 14767 E baseline.com.newsblur.network.APIResponse: 	at baseline.com.newsblur.network.APIManager.getFeedUnreadCounts(APIManager.java:274)
08-05 18:05:07.953  9544 14767 E baseline.com.newsblur.network.APIResponse: 	at baseline.com.newsblur.service.NBSyncService.checkRecounts(NBSyncService.java:660)
08-05 18:05:07.953  9544 14767 E baseline.com.newsblur.network.APIResponse: 	at baseline.com.newsblur.service.NBSyncService.doSync(NBSyncService.java:310)
08-05 18:05:07.953  9544 14767 E baseline.com.newsblur.network.APIResponse: 	at baseline.com.newsblur.service.NBSyncService.access$100(NBSyncService.java:67)
08-05 18:05:07.953  9544 14767 E baseline.com.newsblur.network.APIResponse: 	at baseline.com.newsblur.service.NBSyncService$1.run(NBSyncService.java:188)
08-05 18:05:07.953  9544 14767 E baseline.com.newsblur.network.APIResponse: 	at java.util.concurrent.ThreadPoolExecutor.runWorker(ThreadPoolExecutor.java:1113)
08-05 18:05:07.953  9544 14767 E baseline.com.newsblur.network.APIResponse: 	at java.util.concurrent.ThreadPoolExecutor$Worker.run(ThreadPoolExecutor.java:588)
08-05 18:05:07.953  9544 14767 E baseline.com.newsblur.network.APIResponse: 	at java.lang.Thread.run(Thread.java:818)
08-05 18:05:07.953  9544 14767 E baseline.com.newsblur.network.APIResponse: Caused by: java.io.EOFException: \n not found: limit=0 content=
08-05 18:05:07.953  9544 14767 E baseline.com.newsblur.network.APIResponse: 	at okio.RealBufferedSource.readUtf8LineStrict(RealBufferedSource.java:240)
08-05 18:05:07.953  9544 14767 E baseline.com.newsblur.network.APIResponse: 	at okhttp3.internal.http1.Http1ExchangeCodec.readHeaderLine(Http1ExchangeCodec.java:242)
08-05 18:05:07.953  9544 14767 E baseline.com.newsblur.network.APIResponse: 	at okhttp3.internal.http1.Http1ExchangeCodec.readResponseHeaders(Http1ExchangeCodec.java:213)
08-05 18:05:07.953  9544 14767 E baseline.com.newsblur.network.APIResponse: 	... 28 more
08-05 18:05:07.955  9544 14767 I baseline.com.newsblur.network.APIManager: API call failed, pausing before retry number 1
08-05 18:05:08.010  9544 13631 I art     : Explicit concurrent mark sweep GC freed 806(194KB) AllocSpace objects, 2(40KB) LOS objects, 28% free, 40MB/56MB, paused 2.289ms total 62.086ms
08-05 18:05:08.425  9544 14226 I art     : Starting a blocking GC Explicit
08-05 18:05:08.489  9544 14226 I art     : Explicit concurrent mark sweep GC freed 1573(99KB) AllocSpace objects, 1(20KB) LOS objects, 28% free, 40MB/56MB, paused 2.154ms total 62.970ms
08-05 18:05:08.509  9544 14226 I art     : Starting a blocking GC Explicit
08-05 18:05:08.571  9544 14226 I art     : Explicit concurrent mark sweep GC freed 49(1680B) AllocSpace objects, 0(0B) LOS objects, 28% free, 40MB/56MB, paused 2.137ms total 61.226ms
08-05 18:05:08.591  9544 14226 I art     : Starting a blocking GC Explicit
08-05 18:05:08.653  9544 14226 I art     : Explicit concurrent mark sweep GC freed 8(256B) AllocSpace objects, 0(0B) LOS objects, 28% free, 40MB/56MB, paused 2.100ms total 61.511ms
08-05 18:05:08.672  9544 14226 I art     : Starting a blocking GC Explicit
08-05 18:05:08.734  9544 14226 I art     : Explicit concurrent mark sweep GC freed 8(256B) AllocSpace objects, 0(0B) LOS objects, 28% free, 40MB/56MB, paused 2.210ms total 61.419ms
08-05 18:05:08.754  9544 14226 I art     : Starting a blocking GC Explicit
08-05 18:05:08.817  9544 14226 I art     : Explicit concurrent mark sweep GC freed 8(256B) AllocSpace objects, 0(0B) LOS objects, 28% free, 40MB/56MB, paused 2.195ms total 62.904ms
08-05 18:05:09.230  9544 13631 I art     : Starting a blocking GC Explicit
08-05 18:05:09.294  9544 13631 I art     : Explicit concurrent mark sweep GC freed 1473(84KB) AllocSpace objects, 1(20KB) LOS objects, 28% free, 40MB/56MB, paused 2.269ms total 63.219ms
08-05 18:05:09.314  9544 13631 I art     : Starting a blocking GC Explicit
08-05 18:05:09.376  9544 13631 I art     : Explicit concurrent mark sweep GC freed 27(944B) AllocSpace objects, 0(0B) LOS objects, 28% free, 40MB/56MB, paused 2.317ms total 60.966ms
08-05 18:05:09.397  9544 13631 I art     : Starting a blocking GC Explicit
08-05 18:05:09.412   918  3261 D WifiStateMachine: starting scan for "H369AA63323"WPA_PSK with 2412,5180
08-05 18:05:09.459  9544 13631 I art     : Explicit concurrent mark sweep GC freed 7(224B) AllocSpace objects, 0(0B) LOS objects, 28% free, 40MB/56MB, paused 2.427ms total 61.474ms
08-05 18:05:09.478  9544 13631 I art     : Starting a blocking GC Explicit
08-05 18:05:09.540  9544 13631 I art     : Explicit concurrent mark sweep GC freed 113(4KB) AllocSpace objects, 0(0B) LOS objects, 28% free, 40MB/56MB, paused 2.271ms total 61.496ms
08-05 18:05:09.560  9544 13631 I art     : Starting a blocking GC Explicit
08-05 18:05:09.621  9544 13631 I art     : Explicit concurrent mark sweep GC freed 76(5KB) AllocSpace objects, 0(0B) LOS objects, 28% free, 40MB/56MB, paused 2.290ms total 61.045ms
08-05 18:05:09.825   518   646 I ThermalEngine: ACTION: GPU - Setting GPU[0] to 450000000
08-05 18:05:09.996  9544 13631 I art     : Starting a blocking GC Explicit
08-05 18:05:10.002  9544 14767 E baseline.com.newsblur.network.APIResponse: Error (unexpected end of stream on https://www.newsblur.com/...) calling https://www.newsblur.com/reader/feed_unread_count?feed_id=0
08-05 18:05:10.002  9544 14767 E baseline.com.newsblur.network.APIResponse: java.io.IOException: unexpected end of stream on https://www.newsblur.com/...
08-05 18:05:10.002  9544 14767 E baseline.com.newsblur.network.APIResponse: 	at okhttp3.internal.http1.Http1ExchangeCodec.readResponseHeaders(Http1ExchangeCodec.java:236)
08-05 18:05:10.002  9544 14767 E baseline.com.newsblur.network.APIResponse: 	at okhttp3.internal.connection.Exchange.readResponseHeaders(Exchange.java:115)
08-05 18:05:10.002  9544 14767 E baseline.com.newsblur.network.APIResponse: 	at okhttp3.internal.http.CallServerInterceptor.intercept(CallServerInterceptor.java:94)
08-05 18:05:10.002  9544 14767 E baseline.com.newsblur.network.APIResponse: 	at okhttp3.internal.http.RealInterceptorChain.proceed(RealInterceptorChain.java:142)
08-05 18:05:10.002  9544 14767 E baseline.com.newsblur.network.APIResponse: 	at okhttp3.internal.connection.ConnectInterceptor.intercept(ConnectInterceptor.java:43)
08-05 18:05:10.002  9544 14767 E baseline.com.newsblur.network.APIResponse: 	at okhttp3.internal.http.RealInterceptorChain.proceed(RealInterceptorChain.java:142)
08-05 18:05:10.002  9544 14767 E baseline.com.newsblur.network.APIResponse: 	at okhttp3.internal.http.RealInterceptorChain.proceed(RealInterceptorChain.java:117)
08-05 18:05:10.002  9544 14767 E baseline.com.newsblur.network.APIResponse: 	at okhttp3.internal.cache.CacheInterceptor.intercept(CacheInterceptor.java:94)
08-05 18:05:10.002  9544 14767 E baseline.com.newsblur.network.APIResponse: 	at okhttp3.internal.http.RealInterceptorChain.proceed(RealInterceptorChain.java:142)
08-05 18:05:10.002  9544 14767 E baseline.com.newsblur.network.APIResponse: 	at okhttp3.internal.http.RealInterceptorChain.proceed(RealInterceptorChain.java:117)
08-05 18:05:10.002  9544 14767 E baseline.com.newsblur.network.APIResponse: 	at okhttp3.internal.http.BridgeInterceptor.intercept(BridgeInterceptor.java:93)
08-05 18:05:10.002  9544 14767 E baseline.com.newsblur.network.APIResponse: 	at okhttp3.internal.http.RealInterceptorChain.proceed(RealInterceptorChain.java:142)
08-05 18:05:10.002  9544 14767 E baseline.com.newsblur.network.APIResponse: 	at okhttp3.internal.http.RetryAndFollowUpInterceptor.intercept(RetryAndFollowUpInterceptor.java:88)
08-05 18:05:10.002  9544 14767 E baseline.com.newsblur.network.APIResponse: 	at okhttp3.internal.http.RealInterceptorChain.proceed(RealInterceptorChain.java:142)
08-05 18:05:10.002  9544 14767 E baseline.com.newsblur.network.APIResponse: 	at okhttp3.internal.http.RealInterceptorChain.proceed(RealInterceptorChain.java:117)
08-05 18:05:10.002  9544 14767 E baseline.com.newsblur.network.APIResponse: 	at okhttp3.RealCall.getResponseWithInterceptorChain(RealCall.java:229)
08-05 18:05:10.002  9544 14767 E baseline.com.newsblur.network.APIResponse: 	at okhttp3.RealCall.execute(RealCall.java:81)
08-05 18:05:10.002  9544 14767 E baseline.com.newsblur.network.APIResponse: 	at baseline.com.newsblur.network.APIResponse.<init>(APIResponse.java:57)
08-05 18:05:10.002  9544 14767 E baseline.com.newsblur.network.APIResponse: 	at baseline.com.newsblur.network.APIManager.get_single(APIManager.java:639)
08-05 18:05:10.002  9544 14767 E baseline.com.newsblur.network.APIResponse: 	at baseline.com.newsblur.network.APIManager.get(APIManager.java:625)
08-05 18:05:10.002  9544 14767 E baseline.com.newsblur.network.APIResponse: 	at baseline.com.newsblur.network.APIManager.get(APIManager.java:667)
08-05 18:05:10.002  9544 14767 E baseline.com.newsblur.network.APIResponse: 	at baseline.com.newsblur.network.APIManager.getFeedUnreadCounts(APIManager.java:274)
08-05 18:05:10.002  9544 14767 E baseline.com.newsblur.network.APIResponse: 	at baseline.com.newsblur.service.NBSyncService.checkRecounts(NBSyncService.java:660)
08-05 18:05:10.002  9544 14767 E baseline.com.newsblur.network.APIResponse: 	at baseline.com.newsblur.service.NBSyncService.doSync(NBSyncService.java:310)
08-05 18:05:10.002  9544 14767 E baseline.com.newsblur.network.APIResponse: 	at baseline.com.newsblur.service.NBSyncService.access$100(NBSyncService.java:67)
08-05 18:05:10.002  9544 14767 E baseline.com.newsblur.network.APIResponse: 	at baseline.com.newsblur.service.NBSyncService$1.run(NBSyncService.java:188)
08-05 18:05:10.002  9544 14767 E baseline.com.newsblur.network.APIResponse: 	at java.util.concurrent.ThreadPoolExecutor.runWorker(ThreadPoolExecutor.java:1113)
08-05 18:05:10.002  9544 14767 E baseline.com.newsblur.network.APIResponse: 	at java.util.concurrent.ThreadPoolExecutor$Worker.run(ThreadPoolExecutor.java:588)
08-05 18:05:10.002  9544 14767 E baseline.com.newsblur.network.APIResponse: 	at java.lang.Thread.run(Thread.java:818)
08-05 18:05:10.002  9544 14767 E baseline.com.newsblur.network.APIResponse: Caused by: java.io.EOFException: \n not found: limit=0 content=
08-05 18:05:10.002  9544 14767 E baseline.com.newsblur.network.APIResponse: 	at okio.RealBufferedSource.readUtf8LineStrict(RealBufferedSource.java:240)
08-05 18:05:10.002  9544 14767 E baseline.com.newsblur.network.APIResponse: 	at okhttp3.internal.http1.Http1ExchangeCodec.readHeaderLine(Http1ExchangeCodec.java:242)
08-05 18:05:10.002  9544 14767 E baseline.com.newsblur.network.APIResponse: 	at okhttp3.internal.http1.Http1ExchangeCodec.readResponseHeaders(Http1ExchangeCodec.java:213)
08-05 18:05:10.002  9544 14767 E baseline.com.newsblur.network.APIResponse: 	... 28 more
08-05 18:05:10.004  9544 14767 I baseline.com.newsblur.network.APIManager: API call failed, pausing before retry number 2
08-05 18:05:10.047  9544 13631 I art     : Explicit concurrent mark sweep GC freed 3631(326KB) AllocSpace objects, 3(60KB) LOS objects, 28% free, 40MB/56MB, paused 1.392ms total 50.759ms
08-05 18:05:10.061  9544 13631 I art     : Starting a blocking GC Explicit
08-05 18:05:10.113  9544 13631 I art     : Explicit concurrent mark sweep GC freed 419(33KB) AllocSpace objects, 0(0B) LOS objects, 28% free, 40MB/56MB, paused 1.430ms total 51.753ms
08-05 18:05:10.127  9544 13631 I art     : Starting a blocking GC Explicit
08-05 18:05:10.178  9544 13631 I art     : Explicit concurrent mark sweep GC freed 29(960B) AllocSpace objects, 0(0B) LOS objects, 28% free, 40MB/56MB, paused 1.524ms total 50.725ms
08-05 18:05:10.191  9544 13631 I art     : Starting a blocking GC Explicit
08-05 18:05:10.194   918  3188 I hubconnection: sensorhub said: 'set_bias 3: -6.2400, 0.0000, 0.0000'
08-05 18:05:10.242  9544 13631 I art     : Explicit concurrent mark sweep GC freed 7(224B) AllocSpace objects, 0(0B) LOS objects, 28% free, 40MB/56MB, paused 1.371ms total 50.173ms
08-05 18:05:10.256  9544 13631 I art     : Starting a blocking GC Explicit
08-05 18:05:10.307  9544 13631 I art     : Explicit concurrent mark sweep GC freed 6(192B) AllocSpace objects, 0(0B) LOS objects, 28% free, 40MB/56MB, paused 1.362ms total 51.239ms
08-05 18:05:10.690  9544  9570 I art     : Starting a blocking GC Explicit
08-05 18:05:10.744  9544  9570 I art     : Explicit concurrent mark sweep GC freed 1470(83KB) AllocSpace objects, 1(20KB) LOS objects, 28% free, 40MB/56MB, paused 1.386ms total 53.569ms
08-05 18:05:10.758  9544  9570 I art     : Starting a blocking GC Explicit
08-05 18:05:10.810  9544  9570 I art     : Explicit concurrent mark sweep GC freed 26(912B) AllocSpace objects, 0(0B) LOS objects, 28% free, 40MB/56MB, paused 1.373ms total 52.156ms
08-05 18:05:10.824  9544  9570 I art     : Starting a blocking GC Explicit
08-05 18:05:10.876  9544  9570 I art     : Explicit concurrent mark sweep GC freed 7(224B) AllocSpace objects, 0(0B) LOS objects, 28% free, 40MB/56MB, paused 1.399ms total 51.716ms
08-05 18:05:10.890  9544  9570 I art     : Starting a blocking GC Explicit
08-05 18:05:10.942  9544  9570 I art     : Explicit concurrent mark sweep GC freed 6(192B) AllocSpace objects, 0(0B) LOS objects, 28% free, 40MB/56MB, paused 1.567ms total 51.668ms
08-05 18:05:10.956  9544  9570 I art     : Starting a blocking GC Explicit
08-05 18:05:11.005  9544  9570 I art     : Explicit concurrent mark sweep GC freed 7(224B) AllocSpace objects, 0(0B) LOS objects, 28% free, 40MB/56MB, paused 1.405ms total 49.039ms
08-05 18:05:11.398  9544 13634 I art     : Starting a blocking GC Explicit
08-05 18:05:11.451  9544 13634 I art     : Explicit concurrent mark sweep GC freed 1470(83KB) AllocSpace objects, 1(20KB) LOS objects, 28% free, 40MB/56MB, paused 1.586ms total 53.049ms
08-05 18:05:11.465  9544 13634 I art     : Starting a blocking GC Explicit
08-05 18:05:11.516  9544 13634 I art     : Explicit concurrent mark sweep GC freed 26(912B) AllocSpace objects, 0(0B) LOS objects, 28% free, 40MB/56MB, paused 1.476ms total 50.958ms
08-05 18:05:11.530  9544 13634 I art     : Starting a blocking GC Explicit
08-05 18:05:11.582  9544 13634 I art     : Explicit concurrent mark sweep GC freed 7(224B) AllocSpace objects, 0(0B) LOS objects, 28% free, 40MB/56MB, paused 1.373ms total 51.595ms
08-05 18:05:11.596  9544 13634 I art     : Starting a blocking GC Explicit
08-05 18:05:11.645  9544 13634 I art     : Explicit concurrent mark sweep GC freed 7(224B) AllocSpace objects, 0(0B) LOS objects, 28% free, 40MB/56MB, paused 1.400ms total 49.372ms
08-05 18:05:11.659  9544 13634 I art     : Starting a blocking GC Explicit
08-05 18:05:11.713  9544 13634 I art     : Explicit concurrent mark sweep GC freed 6(192B) AllocSpace objects, 0(0B) LOS objects, 28% free, 40MB/56MB, paused 1.584ms total 53.047ms
08-05 18:05:12.128  9544 14226 I art     : Starting a blocking GC Explicit
08-05 18:05:12.181  9544 14226 I art     : Explicit concurrent mark sweep GC freed 1472(83KB) AllocSpace objects, 1(20KB) LOS objects, 28% free, 40MB/56MB, paused 1.361ms total 53.148ms
08-05 18:05:12.195  9544 14226 I art     : Starting a blocking GC Explicit
08-05 18:05:12.246  9544 14226 I art     : Explicit concurrent mark sweep GC freed 26(912B) AllocSpace objects, 0(0B) LOS objects, 28% free, 40MB/56MB, paused 1.372ms total 50.581ms
08-05 18:05:12.260  9544 14226 I art     : Starting a blocking GC Explicit
08-05 18:05:12.313  9544 14226 I art     : Explicit concurrent mark sweep GC freed 6(192B) AllocSpace objects, 0(0B) LOS objects, 28% free, 40MB/56MB, paused 1.547ms total 52.736ms
08-05 18:05:12.326  9544 14226 I art     : Starting a blocking GC Explicit
08-05 18:05:12.377  9544 14226 I art     : Explicit concurrent mark sweep GC freed 8(256B) AllocSpace objects, 0(0B) LOS objects, 28% free, 40MB/56MB, paused 1.416ms total 50.684ms
08-05 18:05:12.391  9544 14226 I art     : Starting a blocking GC Explicit
08-05 18:05:12.443  9544 14226 I art     : Explicit concurrent mark sweep GC freed 6(192B) AllocSpace objects, 0(0B) LOS objects, 28% free, 40MB/56MB, paused 1.466ms total 51.383ms
08-05 18:05:12.710 12013 12013 I ServiceManager: Waiting for service AtCmdFwd...
08-05 18:05:12.816  9544  9570 I art     : Starting a blocking GC Explicit
08-05 18:05:12.869  9544  9570 I art     : Explicit concurrent mark sweep GC freed 1469(83KB) AllocSpace objects, 1(20KB) LOS objects, 28% free, 40MB/56MB, paused 1.571ms total 52.963ms
08-05 18:05:12.883  9544  9570 I art     : Starting a blocking GC Explicit
08-05 18:05:12.933  9544  9570 I art     : Explicit concurrent mark sweep GC freed 26(912B) AllocSpace objects, 0(0B) LOS objects, 28% free, 40MB/56MB, paused 1.380ms total 50.118ms
08-05 18:05:12.947  9544  9570 I art     : Starting a blocking GC Explicit
08-05 18:05:12.999  9544  9570 I art     : Explicit concurrent mark sweep GC freed 7(224B) AllocSpace objects, 0(0B) LOS objects, 28% free, 40MB/56MB, paused 1.373ms total 51.793ms
08-05 18:05:13.013  9544  9570 I art     : Starting a blocking GC Explicit
08-05 18:05:13.064  9544  9570 I art     : Explicit concurrent mark sweep GC freed 100(3KB) AllocSpace objects, 0(0B) LOS objects, 28% free, 40MB/56MB, paused 1.428ms total 50.922ms
08-05 18:05:13.078  9544  9570 I art     : Starting a blocking GC Explicit
08-05 18:05:13.129  9544  9570 I art     : Explicit concurrent mark sweep GC freed 62(2896B) AllocSpace objects, 0(0B) LOS objects, 28% free, 40MB/56MB, paused 1.563ms total 50.982ms
08-05 18:05:13.517  9544 13631 I art     : Starting a blocking GC Explicit
08-05 18:05:13.570  9544 13631 I art     : Explicit concurrent mark sweep GC freed 3180(152KB) AllocSpace objects, 1(20KB) LOS objects, 28% free, 40MB/56MB, paused 1.654ms total 51.943ms
08-05 18:05:13.578  9544 14767 E baseline.com.newsblur.network.APIResponse: Error (unexpected end of stream on https://www.newsblur.com/...) calling https://www.newsblur.com/reader/feed_unread_count?feed_id=0
08-05 18:05:13.578  9544 14767 E baseline.com.newsblur.network.APIResponse: java.io.IOException: unexpected end of stream on https://www.newsblur.com/...
08-05 18:05:13.578  9544 14767 E baseline.com.newsblur.network.APIResponse: 	at okhttp3.internal.http1.Http1ExchangeCodec.readResponseHeaders(Http1ExchangeCodec.java:236)
08-05 18:05:13.578  9544 14767 E baseline.com.newsblur.network.APIResponse: 	at okhttp3.internal.connection.Exchange.readResponseHeaders(Exchange.java:115)
08-05 18:05:13.578  9544 14767 E baseline.com.newsblur.network.APIResponse: 	at okhttp3.internal.http.CallServerInterceptor.intercept(CallServerInterceptor.java:94)
08-05 18:05:13.578  9544 14767 E baseline.com.newsblur.network.APIResponse: 	at okhttp3.internal.http.RealInterceptorChain.proceed(RealInterceptorChain.java:142)
08-05 18:05:13.578  9544 14767 E baseline.com.newsblur.network.APIResponse: 	at okhttp3.internal.connection.ConnectInterceptor.intercept(ConnectInterceptor.java:43)
08-05 18:05:13.578  9544 14767 E baseline.com.newsblur.network.APIResponse: 	at okhttp3.internal.http.RealInterceptorChain.proceed(RealInterceptorChain.java:142)
08-05 18:05:13.578  9544 14767 E baseline.com.newsblur.network.APIResponse: 	at okhttp3.internal.http.RealInterceptorChain.proceed(RealInterceptorChain.java:117)
08-05 18:05:13.578  9544 14767 E baseline.com.newsblur.network.APIResponse: 	at okhttp3.internal.cache.CacheInterceptor.intercept(CacheInterceptor.java:94)
08-05 18:05:13.578  9544 14767 E baseline.com.newsblur.network.APIResponse: 	at okhttp3.internal.http.RealInterceptorChain.proceed(RealInterceptorChain.java:142)
08-05 18:05:13.578  9544 14767 E baseline.com.newsblur.network.APIResponse: 	at okhttp3.internal.http.RealInterceptorChain.proceed(RealInterceptorChain.java:117)
08-05 18:05:13.578  9544 14767 E baseline.com.newsblur.network.APIResponse: 	at okhttp3.internal.http.BridgeInterceptor.intercept(BridgeInterceptor.java:93)
08-05 18:05:13.578  9544 14767 E baseline.com.newsblur.network.APIResponse: 	at okhttp3.internal.http.RealInterceptorChain.proceed(RealInterceptorChain.java:142)
08-05 18:05:13.578  9544 14767 E baseline.com.newsblur.network.APIResponse: 	at okhttp3.internal.http.RetryAndFollowUpInterceptor.intercept(RetryAndFollowUpInterceptor.java:88)
08-05 18:05:13.578  9544 14767 E baseline.com.newsblur.network.APIResponse: 	at okhttp3.internal.http.RealInterceptorChain.proceed(RealInterceptorChain.java:142)
08-05 18:05:13.578  9544 14767 E baseline.com.newsblur.network.APIResponse: 	at okhttp3.internal.http.RealInterceptorChain.proceed(RealInterceptorChain.java:117)
08-05 18:05:13.578  9544 14767 E baseline.com.newsblur.network.APIResponse: 	at okhttp3.RealCall.getResponseWithInterceptorChain(RealCall.java:229)
08-05 18:05:13.578  9544 14767 E baseline.com.newsblur.network.APIResponse: 	at okhttp3.RealCall.execute(RealCall.java:81)
08-05 18:05:13.578  9544 14767 E baseline.com.newsblur.network.APIResponse: 	at baseline.com.newsblur.network.APIResponse.<init>(APIResponse.java:57)
08-05 18:05:13.578  9544 14767 E baseline.com.newsblur.network.APIResponse: 	at baseline.com.newsblur.network.APIManager.get_single(APIManager.java:639)
08-05 18:05:13.578  9544 14767 E baseline.com.newsblur.network.APIResponse: 	at baseline.com.newsblur.network.APIManager.get(APIManager.java:625)
08-05 18:05:13.578  9544 14767 E baseline.com.newsblur.network.APIResponse: 	at baseline.com.newsblur.network.APIManager.get(APIManager.java:667)
08-05 18:05:13.578  9544 14767 E baseline.com.newsblur.network.APIResponse: 	at baseline.com.newsblur.network.APIManager.getFeedUnreadCounts(APIManager.java:274)
08-05 18:05:13.578  9544 14767 E baseline.com.newsblur.network.APIResponse: 	at baseline.com.newsblur.service.NBSyncService.checkRecounts(NBSyncService.java:660)
08-05 18:05:13.578  9544 14767 E baseline.com.newsblur.network.APIResponse: 	at baseline.com.newsblur.service.NBSyncService.doSync(NBSyncService.java:310)
08-05 18:05:13.578  9544 14767 E baseline.com.newsblur.network.APIResponse: 	at baseline.com.newsblur.service.NBSyncService.access$100(NBSyncService.java:67)
08-05 18:05:13.578  9544 14767 E baseline.com.newsblur.network.APIResponse: 	at baseline.com.newsblur.service.NBSyncService$1.run(NBSyncService.java:188)
08-05 18:05:13.578  9544 14767 E baseline.com.newsblur.network.APIResponse: 	at java.util.concurrent.ThreadPoolExecutor.runWorker(ThreadPoolExecutor.java:1113)
08-05 18:05:13.578  9544 14767 E baseline.com.newsblur.network.APIResponse: 	at java.util.concurrent.ThreadPoolExecutor$Worker.run(ThreadPoolExecutor.java:588)
08-05 18:05:13.578  9544 14767 E baseline.com.newsblur.network.APIResponse: 	at java.lang.Thread.run(Thread.java:818)
08-05 18:05:13.578  9544 14767 E baseline.com.newsblur.network.APIResponse: Caused by: java.io.EOFException: \n not found: limit=0 content=
08-05 18:05:13.578  9544 14767 E baseline.com.newsblur.network.APIResponse: 	at okio.RealBufferedSource.readUtf8LineStrict(RealBufferedSource.java:240)
08-05 18:05:13.578  9544 14767 E baseline.com.newsblur.network.APIResponse: 	at okhttp3.internal.http1.Http1ExchangeCodec.readHeaderLine(Http1ExchangeCodec.java:242)
08-05 18:05:13.578  9544 14767 E baseline.com.newsblur.network.APIResponse: 	at okhttp3.internal.http1.Http1ExchangeCodec.readResponseHeaders(Http1ExchangeCodec.java:213)
08-05 18:05:13.578  9544 14767 E baseline.com.newsblur.network.APIResponse: 	... 28 more
08-05 18:05:13.579  9544 14767 W baseline.com.newsblur.service.NBSyncService: Bad response to feed_unread_count
08-05 18:05:13.584  9544 13631 I art     : Starting a blocking GC Explicit
08-05 18:05:13.633  9544 13631 I art     : Explicit concurrent mark sweep GC freed 1381(258KB) AllocSpace objects, 4(80KB) LOS objects, 28% free, 40MB/56MB, paused 1.444ms total 48.405ms
08-05 18:05:13.646  9544 13631 I art     : Starting a blocking GC Explicit
08-05 18:05:13.695  9544 13631 I art     : Explicit concurrent mark sweep GC freed 119(21KB) AllocSpace objects, 0(0B) LOS objects, 28% free, 40MB/56MB, paused 1.585ms total 48.815ms
08-05 18:05:13.709  9544 13631 I art     : Starting a blocking GC Explicit
08-05 18:05:13.711 12013 12013 I ServiceManager: Waiting for service AtCmdFwd...
08-05 18:05:13.760  9544 13631 I art     : Explicit concurrent mark sweep GC freed 34(1232B) AllocSpace objects, 0(0B) LOS objects, 28% free, 40MB/56MB, paused 1.548ms total 50.876ms
08-05 18:05:13.773  9544 13631 I art     : Starting a blocking GC Explicit
08-05 18:05:13.824  9544 13631 I art     : Explicit concurrent mark sweep GC freed 7(224B) AllocSpace objects, 0(0B) LOS objects, 28% free, 40MB/56MB, paused 1.563ms total 49.949ms
08-05 18:05:13.948 14950 14950 D AndroidRuntime: >>>>>> START com.android.internal.os.RuntimeInit uid 2000 <<<<<<
08-05 18:05:13.955 14950 14950 D AndroidRuntime: CheckJNI is OFF
08-05 18:05:13.995 14950 14950 D ICU     : No timezone override file found: /data/misc/zoneinfo/current/icu/icu_tzdata.dat
08-05 18:05:14.010  9544 14767 I NAPPA_EXPERIMENTATION: MetricNetworkRequestExecutionTime: REQUEST_DURATION_SYSTEM='419',REQUEST_DURATION_OKHTTP='47',REQUEST_SYNCHRONOUS='TRUE',RESPONSE_CODE='200',RESPONSE_METHOD='GET',RESPONSE_LENGTH_OKHTTP='-1',RESPONSE_LENGTH_HEADER='-2',REQUEST_PROTOCOL='http/1.1',REQUEST_URL='https://www.newsblur.com/social/river_stories?order=newest&page=1&read_filter=all',
08-05 18:05:14.010  9544 14767 D MY_TAG  : 0, 419
08-05 18:05:14.036 14950 14950 I Radio-JNI: register_android_hardware_Radio DONE
08-05 18:05:14.041  9544  9544 D baseline.com.newsblur.service.NBSyncService: rejecting request for feedset that is exhaused
08-05 18:05:14.064 14950 14950 D AndroidRuntime: Calling main entry com.android.commands.input.Input
08-05 18:05:14.066 14950 14950 I Input   : injectMotionEvent: MotionEvent { action=ACTION_DOWN, actionButton=0, id[0]=0, x[0]=436.0, y[0]=453.0, toolType[0]=TOOL_TYPE_UNKNOWN, buttonState=0, metaState=0, flags=0x0, edgeFlags=0x0, pointerCount=1, historySize=0, eventTime=813930479, downTime=813930479, deviceId=0, source=0x1002 }
08-05 18:05:14.070 14950 14950 I Input   : injectMotionEvent: MotionEvent { action=ACTION_UP, actionButton=0, id[0]=0, x[0]=436.0, y[0]=453.0, toolType[0]=TOOL_TYPE_UNKNOWN, buttonState=0, metaState=0, flags=0x0, edgeFlags=0x0, pointerCount=1, historySize=0, eventTime=813930479, downTime=813930479, deviceId=0, source=0x1002 }
08-05 18:05:14.071 14950 14950 D AndroidRuntime: Shutting down VM
08-05 18:05:14.080   512  2967 D audio_hw_primary: out_set_parameters: enter: usecase(1: low-latency-playback) kvpairs: routing=2
08-05 18:05:14.081   918  4413 I ActivityManager: START u0 {cmp=baseline.com.newsblur/.activity.AllSharedStoriesReading (has extras)} from uid 10676 on display 0
08-05 18:05:14.093   512  2967 D audio_hw_primary: select_devices: out_snd_device(2: speaker) in_snd_device(0: none)
08-05 18:05:14.093   512  2967 D msm8974_platform: platform_send_audio_calibration: sending audio calibration for snd_device(2) acdb_id(15)
08-05 18:05:14.093   512  2967 I soundtrigger: audio_extn_sound_trigger_update_device_status: device 0x2 of type 0 for Event 1
08-05 18:05:14.104   512  2967 D audio_hw_primary: enable_snd_device: snd_device(2: speaker)
08-05 18:05:14.106   512  2967 D audio_hw_primary: enable_audio_route: apply and update mixer path: low-latency-playback speaker
08-05 18:05:14.194  9544 13634 I art     : Starting a blocking GC Explicit
08-05 18:05:14.245  9544 13634 I art     : Explicit concurrent mark sweep GC freed 9471(733KB) AllocSpace objects, 20(828KB) LOS objects, 28% free, 40MB/56MB, paused 1.359ms total 50.518ms
08-05 18:05:14.259  9544 13634 I art     : Starting a blocking GC Explicit
08-05 18:05:14.309  9544 13634 I art     : Explicit concurrent mark sweep GC freed 2393(200KB) AllocSpace objects, 2(40KB) LOS objects, 28% free, 40MB/56MB, paused 2.007ms total 49.443ms
08-05 18:05:14.324  9544 13634 I art     : Starting a blocking GC Explicit
08-05 18:05:14.328   918   936 I ActivityManager: Displayed baseline.com.newsblur/.activity.AllSharedStoriesReading: +239ms
08-05 18:05:14.329 13866 13866 I GoogleInputMethodServic: GoogleInputMethodService.onFinishInput():3138 
08-05 18:05:14.329 13866 13866 I GoogleInputMethodServic: GoogleInputMethodService.onStartInput():1808 
08-05 18:05:14.373  9544 13634 I art     : Explicit concurrent mark sweep GC freed 948(60KB) AllocSpace objects, 1(20KB) LOS objects, 28% free, 40MB/56MB, paused 2.029ms total 48.912ms
08-05 18:05:14.386  9544 13634 I art     : Starting a blocking GC Explicit
08-05 18:05:14.437  9544 13634 I art     : Explicit concurrent mark sweep GC freed 1411(111KB) AllocSpace objects, 8(188KB) LOS objects, 27% free, 41MB/57MB, paused 1.749ms total 50.405ms
08-05 18:05:14.452  9544 13634 I art     : Starting a blocking GC Explicit
08-05 18:05:14.502  9544 13634 I art     : Explicit concurrent mark sweep GC freed 1151(78KB) AllocSpace objects, 3(76KB) LOS objects, 28% free, 41MB/57MB, paused 1.446ms total 49.676ms
08-05 18:05:14.596  9544 13984 E chromium: [ERROR:tile_manager.cc(793)] WARNING: tile memory limits exceeded, some content may not draw
08-05 18:05:14.596  9544 13984 E chromium: [ERROR:tile_manager.cc(793)] WARNING: tile memory limits exceeded, some content may not draw
08-05 18:05:14.648   512  2967 D audio_hw_primary: disable_audio_route: reset and update mixer path: low-latency-playback speaker
08-05 18:05:14.650   512  2967 D audio_hw_primary: disable_snd_device: snd_device(2: speaker)
08-05 18:05:14.658   512  2967 I soundtrigger: audio_extn_sound_trigger_update_device_status: device 0x2 of type 0 for Event 0
08-05 18:05:14.712 12013 12013 I ServiceManager: Waiting for service AtCmdFwd...
08-05 18:05:14.838   518   646 I ThermalEngine: ACTION: GPU - Setting GPU[0] to 390000000
08-05 18:05:14.893  9544 13634 I art     : Starting a blocking GC Explicit
08-05 18:05:14.957  9544 13634 I art     : Explicit concurrent mark sweep GC freed 1716(122KB) AllocSpace objects, 3(68KB) LOS objects, 28% free, 41MB/57MB, paused 2.161ms total 63.766ms
08-05 18:05:14.978  9544 13634 I art     : Starting a blocking GC Explicit
08-05 18:05:15.048  9544 13634 I art     : Explicit concurrent mark sweep GC freed 55(2304B) AllocSpace objects, 0(0B) LOS objects, 28% free, 41MB/57MB, paused 2.385ms total 68.829ms
08-05 18:05:15.070  9544 13634 I art     : Starting a blocking GC Explicit
08-05 18:05:15.135  9544 13634 I art     : Explicit concurrent mark sweep GC freed 3(96B) AllocSpace objects, 0(0B) LOS objects, 28% free, 41MB/57MB, paused 1.985ms total 65.443ms
08-05 18:05:15.157  9544 13634 I art     : Starting a blocking GC Explicit
08-05 18:05:15.225  9544 13634 I art     : Explicit concurrent mark sweep GC freed 3(96B) AllocSpace objects, 0(0B) LOS objects, 28% free, 41MB/57MB, paused 1.986ms total 67.076ms
08-05 18:05:15.246  9544 13634 I art     : Starting a blocking GC Explicit
08-05 18:05:15.314  9544 13634 I art     : Explicit concurrent mark sweep GC freed 3(96B) AllocSpace objects, 0(0B) LOS objects, 28% free, 41MB/57MB, paused 2.239ms total 67.628ms
08-05 18:05:15.712 12013 12013 I ServiceManager: Waiting for service AtCmdFwd...
08-05 18:05:15.749  9544  9570 I art     : Starting a blocking GC Explicit
08-05 18:05:15.827  9544  9570 I art     : Explicit concurrent mark sweep GC freed 1459(82KB) AllocSpace objects, 1(20KB) LOS objects, 28% free, 41MB/57MB, paused 2.581ms total 76.901ms
08-05 18:05:15.852  9544  9570 I art     : Starting a blocking GC Explicit
08-05 18:05:15.916  9544  9570 I art     : Explicit concurrent mark sweep GC freed 29(992B) AllocSpace objects, 0(0B) LOS objects, 28% free, 41MB/57MB, paused 1.973ms total 63.875ms
08-05 18:05:15.937  9544  9570 I art     : Starting a blocking GC Explicit
08-05 18:05:16.001  9544  9570 I art     : Explicit concurrent mark sweep GC freed 3(96B) AllocSpace objects, 0(0B) LOS objects, 28% free, 41MB/57MB, paused 2.225ms total 64.031ms
08-05 18:05:16.023  9544  9570 I art     : Starting a blocking GC Explicit
08-05 18:05:16.090  9544  9570 I art     : Explicit concurrent mark sweep GC freed 3(96B) AllocSpace objects, 0(0B) LOS objects, 28% free, 41MB/57MB, paused 2.357ms total 66.779ms
08-05 18:05:16.111  9544  9570 I art     : Starting a blocking GC Explicit
08-05 18:05:16.179  9544  9570 I art     : Explicit concurrent mark sweep GC freed 3(96B) AllocSpace objects, 0(0B) LOS objects, 28% free, 41MB/57MB, paused 2.336ms total 67.112ms
08-05 18:05:16.597  9544 13634 I art     : Starting a blocking GC Explicit
08-05 18:05:16.664  9544 13634 I art     : Explicit concurrent mark sweep GC freed 1446(83KB) AllocSpace objects, 1(20KB) LOS objects, 28% free, 41MB/57MB, paused 2.162ms total 67.001ms
08-05 18:05:16.685  9544 13634 I art     : Starting a blocking GC Explicit
08-05 18:05:16.713 12013 12013 I ServiceManager: Waiting for service AtCmdFwd...
08-05 18:05:16.753  9544 13634 I art     : Explicit concurrent mark sweep GC freed 20(704B) AllocSpace objects, 0(0B) LOS objects, 28% free, 41MB/57MB, paused 2.228ms total 66.782ms
08-05 18:05:16.773  9544 13634 I art     : Starting a blocking GC Explicit
08-05 18:05:16.841  9544 13634 I art     : Explicit concurrent mark sweep GC freed 3(96B) AllocSpace objects, 0(0B) LOS objects, 28% free, 41MB/57MB, paused 2.163ms total 66.644ms
08-05 18:05:16.861  9544 13634 I art     : Starting a blocking GC Explicit
08-05 18:05:16.929  9544 13634 I art     : Explicit concurrent mark sweep GC freed 3(96B) AllocSpace objects, 0(0B) LOS objects, 28% free, 41MB/57MB, paused 2.204ms total 66.794ms
08-05 18:05:16.950  9544 13634 I art     : Starting a blocking GC Explicit
08-05 18:05:17.017  9544 13634 I art     : Explicit concurrent mark sweep GC freed 3(96B) AllocSpace objects, 0(0B) LOS objects, 28% free, 41MB/57MB, paused 2.222ms total 66.902ms
08-05 18:05:17.443  9544 13631 I art     : Starting a blocking GC Explicit
08-05 18:05:17.512  9544 13631 I art     : Explicit concurrent mark sweep GC freed 1409(81KB) AllocSpace objects, 1(20KB) LOS objects, 28% free, 41MB/57MB, paused 2.257ms total 67.940ms
08-05 18:05:17.534  9544 13631 I art     : Starting a blocking GC Explicit
08-05 18:05:17.601  9544 13631 I art     : Explicit concurrent mark sweep GC freed 20(704B) AllocSpace objects, 0(0B) LOS objects, 28% free, 41MB/57MB, paused 2.229ms total 66.932ms
08-05 18:05:17.622  9544 13631 I art     : Starting a blocking GC Explicit
08-05 18:05:17.690  9544 13631 I art     : Explicit concurrent mark sweep GC freed 3(96B) AllocSpace objects, 0(0B) LOS objects, 28% free, 41MB/57MB, paused 2.203ms total 66.856ms
08-05 18:05:17.711  9544 13631 I art     : Starting a blocking GC Explicit
08-05 18:05:17.713 12013 12013 W Atfwd_Sendcmd: AtCmdFwd service not published, waiting... retryCnt : 2
08-05 18:05:17.778  9544 13631 I art     : Explicit concurrent mark sweep GC freed 3(96B) AllocSpace objects, 0(0B) LOS objects, 28% free, 41MB/57MB, paused 2.338ms total 67.137ms
08-05 18:05:17.799  9544 13631 I art     : Starting a blocking GC Explicit
08-05 18:05:17.866  9544 13631 I art     : Explicit concurrent mark sweep GC freed 3(96B) AllocSpace objects, 0(0B) LOS objects, 28% free, 41MB/57MB, paused 2.269ms total 67.204ms
08-05 18:05:18.282  9544  9573 I art     : Starting a blocking GC Explicit
08-05 18:05:18.351  9544  9573 I art     : Explicit concurrent mark sweep GC freed 1408(81KB) AllocSpace objects, 1(20KB) LOS objects, 28% free, 41MB/57MB, paused 2.269ms total 68.313ms
08-05 18:05:18.374  9544  9573 I art     : Starting a blocking GC Explicit
08-05 18:05:18.441  9544  9573 I art     : Explicit concurrent mark sweep GC freed 20(704B) AllocSpace objects, 0(0B) LOS objects, 28% free, 41MB/57MB, paused 2.260ms total 66.782ms
08-05 18:05:18.463  9544  9573 I art     : Starting a blocking GC Explicit
08-05 18:05:18.530  9544  9573 I art     : Explicit concurrent mark sweep GC freed 3(96B) AllocSpace objects, 0(0B) LOS objects, 28% free, 41MB/57MB, paused 2.175ms total 66.931ms
08-05 18:05:18.551  9544  9573 I art     : Starting a blocking GC Explicit
08-05 18:05:18.619  9544  9573 I art     : Explicit concurrent mark sweep GC freed 3(96B) AllocSpace objects, 0(0B) LOS objects, 28% free, 41MB/57MB, paused 2.326ms total 67.483ms
08-05 18:05:18.640  9544  9573 I art     : Starting a blocking GC Explicit
08-05 18:05:18.707  9544  9573 I art     : Explicit concurrent mark sweep GC freed 3(96B) AllocSpace objects, 0(0B) LOS objects, 28% free, 41MB/57MB, paused 2.024ms total 66.469ms
08-05 18:05:19.134  9544 14226 I art     : Starting a blocking GC Explicit
08-05 18:05:19.203  9544 14226 I art     : Explicit concurrent mark sweep GC freed 1409(81KB) AllocSpace objects, 1(20KB) LOS objects, 28% free, 41MB/57MB, paused 2.237ms total 67.687ms
08-05 18:05:19.224  9544 14226 I art     : Starting a blocking GC Explicit
08-05 18:05:19.291  9544 14226 I art     : Explicit concurrent mark sweep GC freed 20(704B) AllocSpace objects, 0(0B) LOS objects, 28% free, 41MB/57MB, paused 2.094ms total 66.706ms
08-05 18:05:19.292  9544  9563 I art     : WaitForGcToComplete blocked for 45.752ms for cause HeapTrim
08-05 18:05:19.313  9544 14226 I art     : Starting a blocking GC Explicit
08-05 18:05:19.380  9544 14226 I art     : Explicit concurrent mark sweep GC freed 3(96B) AllocSpace objects, 0(0B) LOS objects, 28% free, 41MB/57MB, paused 2.148ms total 66.727ms
08-05 18:05:19.401  9544 14226 I art     : Starting a blocking GC Explicit
08-05 18:05:19.469  9544 14226 I art     : Explicit concurrent mark sweep GC freed 3(96B) AllocSpace objects, 0(0B) LOS objects, 28% free, 41MB/57MB, paused 2.372ms total 67.600ms
08-05 18:05:19.491  9544 14226 I art     : Starting a blocking GC Explicit
08-05 18:05:19.557  9544 14226 I art     : Explicit concurrent mark sweep GC freed 3(96B) AllocSpace objects, 0(0B) LOS objects, 28% free, 41MB/57MB, paused 1.968ms total 64.828ms
08-05 18:05:19.844   518   646 I ThermalEngine: ACTION: GPU - Setting GPU[0] to 450000000
08-05 18:05:19.938  9544  9570 I art     : Starting a blocking GC Explicit
08-05 18:05:19.995  9544  9570 I art     : Explicit concurrent mark sweep GC freed 2549(139KB) AllocSpace objects, 1(20KB) LOS objects, 28% free, 41MB/57MB, paused 1.449ms total 55.760ms
08-05 18:05:20.012  9544  9570 I art     : Starting a blocking GC Explicit
08-05 18:05:20.066  9544  9570 I art     : Explicit concurrent mark sweep GC freed 778(57KB) AllocSpace objects, 0(0B) LOS objects, 28% free, 40MB/56MB, paused 1.414ms total 54.411ms
08-05 18:05:20.080  9544  9570 I art     : Starting a blocking GC Explicit
08-05 18:05:20.137  9544  9570 I art     : Explicit concurrent mark sweep GC freed 172(9KB) AllocSpace objects, 0(0B) LOS objects, 28% free, 40MB/56MB, paused 1.573ms total 57.012ms
08-05 18:05:20.151  9544  9570 I art     : Starting a blocking GC Explicit
08-05 18:05:20.205  9544  9570 I art     : Explicit concurrent mark sweep GC freed 346(16KB) AllocSpace objects, 0(0B) LOS objects, 28% free, 40MB/56MB, paused 1.398ms total 53.039ms
08-05 18:05:20.219  9544  9570 I art     : Starting a blocking GC Explicit
08-05 18:05:20.277  9544  9570 I art     : Explicit concurrent mark sweep GC freed 545(22KB) AllocSpace objects, 0(0B) LOS objects, 28% free, 40MB/56MB, paused 1.644ms total 57.817ms
08-05 18:05:20.653  9544 13634 I art     : Starting a blocking GC Explicit
08-05 18:05:20.711  9544 13634 I art     : Explicit concurrent mark sweep GC freed 6388(305KB) AllocSpace objects, 1(20KB) LOS objects, 28% free, 41MB/57MB, paused 1.537ms total 58.027ms
08-05 18:05:20.725  9544 13634 I art     : Starting a blocking GC Explicit
08-05 18:05:20.781  9544 13634 I art     : Explicit concurrent mark sweep GC freed 623(24KB) AllocSpace objects, 0(0B) LOS objects, 28% free, 41MB/57MB, paused 1.294ms total 55.132ms
08-05 18:05:20.796  9544 13634 I art     : Starting a blocking GC Explicit
08-05 18:05:20.853  9544 13634 I art     : Explicit concurrent mark sweep GC freed 123(16KB) AllocSpace objects, 0(0B) LOS objects, 28% free, 40MB/56MB, paused 1.428ms total 57.199ms
08-05 18:05:20.868  9544 13634 I art     : Starting a blocking GC Explicit
08-05 18:05:20.925  9544 13634 I art     : Explicit concurrent mark sweep GC freed 25(832B) AllocSpace objects, 0(0B) LOS objects, 28% free, 40MB/56MB, paused 1.428ms total 56.757ms
08-05 18:05:20.940  9544 13634 I art     : Starting a blocking GC Explicit
08-05 18:05:20.997  9544 13634 I art     : Explicit concurrent mark sweep GC freed 3(96B) AllocSpace objects, 0(0B) LOS objects, 28% free, 40MB/56MB, paused 1.422ms total 56.888ms
08-05 18:05:21.410  9544 13631 I art     : Starting a blocking GC Explicit
08-05 18:05:21.470  9544 13631 I art     : Explicit concurrent mark sweep GC freed 1407(81KB) AllocSpace objects, 1(20KB) LOS objects, 28% free, 40MB/56MB, paused 1.491ms total 59.956ms
08-05 18:05:21.488  9544 13631 I art     : Starting a blocking GC Explicit
08-05 18:05:21.543  9544 13631 I art     : Explicit concurrent mark sweep GC freed 20(704B) AllocSpace objects, 0(0B) LOS objects, 28% free, 40MB/56MB, paused 1.405ms total 54.832ms
08-05 18:05:21.557  9544 13631 I art     : Starting a blocking GC Explicit
08-05 18:05:21.613  9544 13631 I art     : Explicit concurrent mark sweep GC freed 3(96B) AllocSpace objects, 0(0B) LOS objects, 28% free, 40MB/56MB, paused 1.377ms total 56.315ms
08-05 18:05:21.627  9544 13631 I art     : Starting a blocking GC Explicit
08-05 18:05:21.684  9544 13631 I art     : Explicit concurrent mark sweep GC freed 3(96B) AllocSpace objects, 0(0B) LOS objects, 28% free, 40MB/56MB, paused 1.317ms total 56.221ms
08-05 18:05:21.701  9544 13631 I art     : Starting a blocking GC Explicit
08-05 18:05:21.757  9544 13631 I art     : Explicit concurrent mark sweep GC freed 3(96B) AllocSpace objects, 0(0B) LOS objects, 28% free, 40MB/56MB, paused 1.370ms total 55.693ms
08-05 18:05:22.157  9544  9573 I art     : Starting a blocking GC Explicit
08-05 18:05:22.216  9544  9573 I art     : Explicit concurrent mark sweep GC freed 1407(81KB) AllocSpace objects, 1(20KB) LOS objects, 28% free, 40MB/56MB, paused 1.435ms total 59.168ms
08-05 18:05:22.231  9544  9573 I art     : Starting a blocking GC Explicit
08-05 18:05:22.288  9544  9573 I art     : Explicit concurrent mark sweep GC freed 20(704B) AllocSpace objects, 0(0B) LOS objects, 28% free, 40MB/56MB, paused 1.470ms total 56.662ms
08-05 18:05:22.302  9544  9573 I art     : Starting a blocking GC Explicit
08-05 18:05:22.361  9544  9573 I art     : Explicit concurrent mark sweep GC freed 3(96B) AllocSpace objects, 0(0B) LOS objects, 28% free, 40MB/56MB, paused 1.389ms total 58.764ms
08-05 18:05:22.379  9544  9573 I art     : Starting a blocking GC Explicit
08-05 18:05:22.432  9544  9573 I art     : Explicit concurrent mark sweep GC freed 3(96B) AllocSpace objects, 0(0B) LOS objects, 28% free, 40MB/56MB, paused 1.411ms total 53.038ms
08-05 18:05:22.447  9544  9573 I art     : Starting a blocking GC Explicit
08-05 18:05:22.503  9544  9573 I art     : Explicit concurrent mark sweep GC freed 3(96B) AllocSpace objects, 0(0B) LOS objects, 28% free, 40MB/56MB, paused 1.371ms total 55.894ms
08-05 18:05:22.894  9544 14226 I art     : Starting a blocking GC Explicit
08-05 18:05:22.952  9544 14226 I art     : Explicit concurrent mark sweep GC freed 1407(81KB) AllocSpace objects, 1(20KB) LOS objects, 28% free, 40MB/56MB, paused 1.414ms total 57.927ms
08-05 18:05:22.966  9544 14226 I art     : Starting a blocking GC Explicit
08-05 18:05:23.025  9544 14226 I art     : Explicit concurrent mark sweep GC freed 20(704B) AllocSpace objects, 0(0B) LOS objects, 28% free, 40MB/56MB, paused 1.361ms total 57.935ms
08-05 18:05:23.039  9544 14226 I art     : Starting a blocking GC Explicit
08-05 18:05:23.097  9544 14226 I art     : Explicit concurrent mark sweep GC freed 3(96B) AllocSpace objects, 0(0B) LOS objects, 28% free, 40MB/56MB, paused 1.358ms total 57.967ms
08-05 18:05:23.115  9544 14226 I art     : Starting a blocking GC Explicit
08-05 18:05:23.170  9544 14226 I art     : Explicit concurrent mark sweep GC freed 3(96B) AllocSpace objects, 0(0B) LOS objects, 28% free, 40MB/56MB, paused 1.393ms total 54.628ms
08-05 18:05:23.184  9544 14226 I art     : Starting a blocking GC Explicit
08-05 18:05:23.241  9544 14226 I art     : Explicit concurrent mark sweep GC freed 3(96B) AllocSpace objects, 0(0B) LOS objects, 28% free, 40MB/56MB, paused 1.393ms total 56.233ms
08-05 18:05:23.651  9544 14226 I art     : Starting a blocking GC Explicit
08-05 18:05:23.707  9544 14226 I art     : Explicit concurrent mark sweep GC freed 1407(81KB) AllocSpace objects, 1(20KB) LOS objects, 28% free, 40MB/56MB, paused 1.485ms total 56.174ms
08-05 18:05:23.723  9544 14226 I art     : Starting a blocking GC Explicit
08-05 18:05:23.780  9544 14226 I art     : Explicit concurrent mark sweep GC freed 86(3KB) AllocSpace objects, 0(0B) LOS objects, 28% free, 40MB/56MB, paused 1.413ms total 56.104ms
08-05 18:05:23.794  9544 14226 I art     : Starting a blocking GC Explicit
08-05 18:05:23.854  9544 14226 I art     : Explicit concurrent mark sweep GC freed 3(96B) AllocSpace objects, 0(0B) LOS objects, 28% free, 40MB/56MB, paused 1.467ms total 59.312ms
08-05 18:05:23.870  9544 14226 I art     : Starting a blocking GC Explicit
08-05 18:05:23.924  9544 14226 I art     : Explicit concurrent mark sweep GC freed 3(96B) AllocSpace objects, 0(0B) LOS objects, 28% free, 40MB/56MB, paused 1.422ms total 53.851ms
08-05 18:05:23.939  9544 14226 I art     : Starting a blocking GC Explicit
08-05 18:05:23.998  9544 14226 I art     : Explicit concurrent mark sweep GC freed 3(96B) AllocSpace objects, 0(0B) LOS objects, 28% free, 40MB/56MB, paused 1.531ms total 58.565ms
08-05 18:05:24.388  9544  9573 I art     : Starting a blocking GC Explicit
08-05 18:05:24.448  9544  9573 I art     : Explicit concurrent mark sweep GC freed 1407(81KB) AllocSpace objects, 1(20KB) LOS objects, 28% free, 40MB/56MB, paused 1.501ms total 59.720ms
08-05 18:05:24.463  9544  9573 I art     : Starting a blocking GC Explicit
08-05 18:05:24.519  9544  9573 I art     : Explicit concurrent mark sweep GC freed 20(704B) AllocSpace objects, 0(0B) LOS objects, 28% free, 40MB/56MB, paused 1.429ms total 55.786ms
08-05 18:05:24.533  9544  9573 I art     : Starting a blocking GC Explicit
08-05 18:05:24.592  9544  9573 I art     : Explicit concurrent mark sweep GC freed 3(96B) AllocSpace objects, 0(0B) LOS objects, 28% free, 40MB/56MB, paused 1.464ms total 58.245ms
08-05 18:05:24.610  9544  9573 I art     : Starting a blocking GC Explicit
08-05 18:05:24.665  9544  9573 I art     : Explicit concurrent mark sweep GC freed 3(96B) AllocSpace objects, 0(0B) LOS objects, 28% free, 40MB/56MB, paused 1.432ms total 54.366ms
08-05 18:05:24.679  9544  9573 I art     : Starting a blocking GC Explicit
08-05 18:05:24.735  9544  9573 I art     : Explicit concurrent mark sweep GC freed 3(96B) AllocSpace objects, 0(0B) LOS objects, 28% free, 40MB/56MB, paused 1.440ms total 56.001ms
08-05 18:05:25.139  9544 13631 I art     : Starting a blocking GC Explicit
08-05 18:05:25.199  9544 13631 I art     : Explicit concurrent mark sweep GC freed 1407(81KB) AllocSpace objects, 1(20KB) LOS objects, 28% free, 40MB/56MB, paused 1.444ms total 59.418ms
08-05 18:05:25.216  9544 13631 I art     : Starting a blocking GC Explicit
08-05 18:05:25.270  9544 13631 I art     : Explicit concurrent mark sweep GC freed 20(704B) AllocSpace objects, 0(0B) LOS objects, 28% free, 40MB/56MB, paused 1.305ms total 53.856ms
08-05 18:05:25.284  9544 13631 I art     : Starting a blocking GC Explicit
08-05 18:05:25.341  9544 13631 I art     : Explicit concurrent mark sweep GC freed 3(96B) AllocSpace objects, 0(0B) LOS objects, 28% free, 40MB/56MB, paused 1.458ms total 56.880ms
08-05 18:05:25.355  9544 13631 I art     : Starting a blocking GC Explicit
08-05 18:05:25.411  9544 13631 I art     : Explicit concurrent mark sweep GC freed 3(96B) AllocSpace objects, 0(0B) LOS objects, 28% free, 40MB/56MB, paused 1.360ms total 55.026ms
08-05 18:05:25.425  9544 13631 I art     : Starting a blocking GC Explicit
08-05 18:05:25.482  9544 13631 I art     : Explicit concurrent mark sweep GC freed 3(96B) AllocSpace objects, 0(0B) LOS objects, 28% free, 40MB/56MB, paused 1.436ms total 56.346ms
08-05 18:05:25.889  9544 13634 I art     : Starting a blocking GC Explicit
08-05 18:05:25.949  9544 13634 I art     : Explicit concurrent mark sweep GC freed 1407(81KB) AllocSpace objects, 1(20KB) LOS objects, 28% free, 40MB/56MB, paused 1.571ms total 59.777ms
08-05 18:05:25.966  9544 13634 I art     : Starting a blocking GC Explicit
08-05 18:05:26.016  9544 13634 I art     : Explicit concurrent mark sweep GC freed 20(704B) AllocSpace objects, 0(0B) LOS objects, 28% free, 40MB/56MB, paused 1.372ms total 50.398ms
08-05 18:05:26.030  9544 13634 I art     : Starting a blocking GC Explicit
08-05 18:05:26.086  9544 13634 I art     : Explicit concurrent mark sweep GC freed 3(96B) AllocSpace objects, 0(0B) LOS objects, 28% free, 40MB/56MB, paused 1.461ms total 56.011ms
08-05 18:05:26.101  9544 13634 I art     : Starting a blocking GC Explicit
08-05 18:05:26.158  9544 13634 I art     : Explicit concurrent mark sweep GC freed 3(96B) AllocSpace objects, 0(0B) LOS objects, 28% free, 40MB/56MB, paused 1.472ms total 56.239ms
08-05 18:05:26.172  9544 13634 I art     : Starting a blocking GC Explicit
08-05 18:05:26.231  9544 13634 I art     : Explicit concurrent mark sweep GC freed 3(96B) AllocSpace objects, 0(0B) LOS objects, 28% free, 40MB/56MB, paused 1.477ms total 58.782ms
08-05 18:05:26.597  9544  9570 I art     : Starting a blocking GC Explicit
08-05 18:05:26.652  9544  9570 I art     : Explicit concurrent mark sweep GC freed 1407(81KB) AllocSpace objects, 1(20KB) LOS objects, 28% free, 40MB/56MB, paused 1.434ms total 54.470ms
08-05 18:05:26.667  9544  9570 I art     : Starting a blocking GC Explicit
08-05 18:05:26.723  9544  9570 I art     : Explicit concurrent mark sweep GC freed 20(704B) AllocSpace objects, 0(0B) LOS objects, 28% free, 40MB/56MB, paused 1.513ms total 55.841ms
08-05 18:05:26.737  9544  9570 I art     : Starting a blocking GC Explicit
08-05 18:05:26.793  9544  9570 I art     : Explicit concurrent mark sweep GC freed 3(96B) AllocSpace objects, 0(0B) LOS objects, 28% free, 40MB/56MB, paused 1.448ms total 55.370ms
08-05 18:05:26.807  9544  9570 I art     : Starting a blocking GC Explicit
08-05 18:05:26.863  9544  9570 I art     : Explicit concurrent mark sweep GC freed 3(96B) AllocSpace objects, 0(0B) LOS objects, 28% free, 40MB/56MB, paused 1.375ms total 56.010ms
08-05 18:05:26.877  9544  9570 I art     : Starting a blocking GC Explicit
08-05 18:05:26.887 15188 15188 D AndroidRuntime: >>>>>> START com.android.internal.os.RuntimeInit uid 2000 <<<<<<
08-05 18:05:26.893 15188 15188 D AndroidRuntime: CheckJNI is OFF
08-05 18:05:26.931  9544  9570 I art     : Explicit concurrent mark sweep GC freed 3(96B) AllocSpace objects, 0(0B) LOS objects, 28% free, 40MB/56MB, paused 1.461ms total 52.861ms
08-05 18:05:26.937 15188 15188 D ICU     : No timezone override file found: /data/misc/zoneinfo/current/icu/icu_tzdata.dat
08-05 18:05:26.982 15188 15188 I Radio-JNI: register_android_hardware_Radio DONE
08-05 18:05:27.012 15188 15188 D AndroidRuntime: Calling main entry com.android.commands.input.Input
08-05 18:05:27.014 15188 15188 I Input   : injectKeyEvent: KeyEvent { action=ACTION_DOWN, keyCode=KEYCODE_BACK, scanCode=0, metaState=0, flags=0x0, repeatCount=0, eventTime=813943427, downTime=813943427, deviceId=-1, source=0x101 }
08-05 18:05:27.022 15188 15188 I Input   : injectKeyEvent: KeyEvent { action=ACTION_UP, keyCode=KEYCODE_BACK, scanCode=0, metaState=0, flags=0x0, repeatCount=0, eventTime=813943427, downTime=813943427, deviceId=-1, source=0x101 }
08-05 18:05:27.029 15188 15188 D AndroidRuntime: Shutting down VM
08-05 18:05:27.037  9544  9544 D baseline.com.newsblur.service.NBSyncService: rejecting request for feedset that is exhaused
08-05 18:05:27.205  9544  9544 D baseline.com.newsblur.service.NBSyncService: rejecting request for feedset that is exhaused
08-05 18:05:27.208 13866 13866 I GoogleInputMethodServic: GoogleInputMethodService.onFinishInput():3138 
08-05 18:05:27.208 13866 13866 I GoogleInputMethodServic: GoogleInputMethodService.onStartInput():1808 
08-05 18:05:27.287  9544 13634 I art     : Starting a blocking GC Explicit
08-05 18:05:27.334  9544 13634 I art     : Explicit concurrent mark sweep GC freed 3199(257KB) AllocSpace objects, 5(100KB) LOS objects, 28% free, 40MB/56MB, paused 1.330ms total 46.971ms
08-05 18:05:27.348  9544 13634 I art     : Starting a blocking GC Explicit
08-05 18:05:27.403  9544 13634 I art     : Explicit concurrent mark sweep GC freed 171(8KB) AllocSpace objects, 1(28KB) LOS objects, 28% free, 40MB/56MB, paused 1.357ms total 54.923ms
08-05 18:05:27.420  9544 13634 I art     : Starting a blocking GC Explicit
08-05 18:05:27.482  9544 13634 I art     : Explicit concurrent mark sweep GC freed 3(96B) AllocSpace objects, 0(0B) LOS objects, 28% free, 40MB/56MB, paused 1.642ms total 62.212ms
08-05 18:05:27.499  9544 13634 I art     : Starting a blocking GC Explicit
08-05 18:05:27.555  9544 13634 I art     : Explicit concurrent mark sweep GC freed 3(96B) AllocSpace objects, 0(0B) LOS objects, 28% free, 40MB/56MB, paused 1.311ms total 56.580ms
08-05 18:05:27.573  9544 13634 I art     : Starting a blocking GC Explicit
08-05 18:05:27.623  9544 13634 I art     : Explicit concurrent mark sweep GC freed 1229(58KB) AllocSpace objects, 0(0B) LOS objects, 28% free, 40MB/56MB, paused 1.281ms total 50.605ms
08-05 18:05:27.714 12013 12013 I ServiceManager: Waiting for service AtCmdFwd...
08-05 18:05:28.016  9544 13631 I art     : Starting a blocking GC Explicit
08-05 18:05:28.076  9544 13631 I art     : Explicit concurrent mark sweep GC freed 1574(88KB) AllocSpace objects, 1(20KB) LOS objects, 28% free, 40MB/56MB, paused 1.535ms total 59.335ms
08-05 18:05:28.092  9544 13631 I art     : Starting a blocking GC Explicit
08-05 18:05:28.150  9544 13631 I art     : Explicit concurrent mark sweep GC freed 51(1840B) AllocSpace objects, 0(0B) LOS objects, 28% free, 40MB/56MB, paused 1.564ms total 57.316ms
08-05 18:05:28.164  9544 13631 I art     : Starting a blocking GC Explicit
08-05 18:05:28.220  9544 13631 I art     : Explicit concurrent mark sweep GC freed 11(352B) AllocSpace objects, 0(0B) LOS objects, 28% free, 40MB/56MB, paused 1.431ms total 55.615ms
08-05 18:05:28.236  9544 13631 I art     : Starting a blocking GC Explicit
08-05 18:05:28.292  9544 13631 I art     : Explicit concurrent mark sweep GC freed 13(416B) AllocSpace objects, 0(0B) LOS objects, 28% free, 40MB/56MB, paused 1.513ms total 56.091ms
08-05 18:05:28.307  9544 13631 I art     : Starting a blocking GC Explicit
08-05 18:05:28.358  9544 13631 I art     : Explicit concurrent mark sweep GC freed 9(288B) AllocSpace objects, 0(0B) LOS objects, 28% free, 40MB/56MB, paused 1.449ms total 49.910ms
08-05 18:05:28.715 12013 12013 I ServiceManager: Waiting for service AtCmdFwd...
08-05 18:05:28.737  9544 13634 I art     : Starting a blocking GC Explicit
08-05 18:05:28.792 15231 15231 D AndroidRuntime: >>>>>> START com.android.internal.os.RuntimeInit uid 2000 <<<<<<
08-05 18:05:28.795  9544 13634 I art     : Explicit concurrent mark sweep GC freed 1444(82KB) AllocSpace objects, 1(20KB) LOS objects, 28% free, 40MB/56MB, paused 1.584ms total 57.046ms
08-05 18:05:28.798 15231 15231 D AndroidRuntime: CheckJNI is OFF
08-05 18:05:28.809  9544 13634 I art     : Starting a blocking GC Explicit
08-05 18:05:28.844 15231 15231 D ICU     : No timezone override file found: /data/misc/zoneinfo/current/icu/icu_tzdata.dat
08-05 18:05:28.865   518   646 I ThermalEngine: ACTION: GPU - Setting GPU[0] to 390000000
08-05 18:05:28.884  9544 13634 I art     : Explicit concurrent mark sweep GC freed 20(704B) AllocSpace objects, 0(0B) LOS objects, 28% free, 40MB/56MB, paused 4.368ms total 73.774ms
08-05 18:05:28.912  9544 13634 I art     : Starting a blocking GC Explicit
08-05 18:05:28.914 15231 15231 I Radio-JNI: register_android_hardware_Radio DONE
08-05 18:05:28.947 15231 15231 D AndroidRuntime: Calling main entry com.android.commands.input.Input
08-05 18:05:28.949 15231 15231 I Input   : injectMotionEvent: MotionEvent { action=ACTION_DOWN, actionButton=0, id[0]=0, x[0]=435.0, y[0]=858.0, toolType[0]=TOOL_TYPE_UNKNOWN, buttonState=0, metaState=0, flags=0x0, edgeFlags=0x0, pointerCount=1, historySize=0, eventTime=813945362, downTime=813945362, deviceId=0, source=0x1002 }
08-05 18:05:28.954 15231 15231 I Input   : injectMotionEvent: MotionEvent { action=ACTION_UP, actionButton=0, id[0]=0, x[0]=435.0, y[0]=858.0, toolType[0]=TOOL_TYPE_UNKNOWN, buttonState=0, metaState=0, flags=0x0, edgeFlags=0x0, pointerCount=1, historySize=0, eventTime=813945362, downTime=813945362, deviceId=0, source=0x1002 }
08-05 18:05:28.957 15231 15231 D AndroidRuntime: Shutting down VM
08-05 18:05:28.979   512  2967 D audio_hw_primary: out_set_parameters: enter: usecase(1: low-latency-playback) kvpairs: routing=2
08-05 18:05:28.985  9544 13634 I art     : Explicit concurrent mark sweep GC freed 165(22KB) AllocSpace objects, 0(0B) LOS objects, 28% free, 40MB/56MB, paused 3.004ms total 72.001ms
08-05 18:05:28.988   918  3359 I ActivityManager: START u0 {cmp=baseline.com.newsblur/.activity.AllSharedStoriesReading (has extras)} from uid 10676 on display 0
08-05 18:05:28.992   512  2967 D audio_hw_primary: select_devices: out_snd_device(2: speaker) in_snd_device(0: none)
08-05 18:05:28.992   512  2967 D msm8974_platform: platform_send_audio_calibration: sending audio calibration for snd_device(2) acdb_id(15)
08-05 18:05:28.992   512  2967 I soundtrigger: audio_extn_sound_trigger_update_device_status: device 0x2 of type 0 for Event 1
08-05 18:05:29.004   512  2967 D audio_hw_primary: enable_snd_device: snd_device(2: speaker)
08-05 18:05:29.007   512  2967 D audio_hw_primary: enable_audio_route: apply and update mixer path: low-latency-playback speaker
08-05 18:05:29.011  9544 13634 I art     : Starting a blocking GC Explicit
08-05 18:05:29.074  9544 13634 I art     : Explicit concurrent mark sweep GC freed 1443(143KB) AllocSpace objects, 4(508KB) LOS objects, 28% free, 41MB/57MB, paused 2.047ms total 62.953ms
08-05 18:05:29.094  9544 13634 I art     : Starting a blocking GC Explicit
08-05 18:05:29.161  9544 13634 I art     : Explicit concurrent mark sweep GC freed 224(11KB) AllocSpace objects, 0(0B) LOS objects, 28% free, 41MB/57MB, paused 2.165ms total 67.272ms
08-05 18:05:29.309   918   936 I ActivityManager: Displayed baseline.com.newsblur/.activity.AllSharedStoriesReading: +310ms
08-05 18:05:29.310 13866 13866 I GoogleInputMethodServic: GoogleInputMethodService.onFinishInput():3138 
08-05 18:05:29.311 13866 13866 I GoogleInputMethodServic: GoogleInputMethodService.onStartInput():1808 
08-05 18:05:29.415   918  3261 D WifiStateMachine: starting scan for "H369AA63323"WPA_PSK with 2412,5180
08-05 18:05:29.539   512  2967 D audio_hw_primary: disable_audio_route: reset and update mixer path: low-latency-playback speaker
08-05 18:05:29.540   512  2967 D audio_hw_primary: disable_snd_device: snd_device(2: speaker)
08-05 18:05:29.549   512  2967 I soundtrigger: audio_extn_sound_trigger_update_device_status: device 0x2 of type 0 for Event 0
08-05 18:05:29.665  9544 13634 I art     : Starting a blocking GC Explicit
08-05 18:05:29.716 12013 12013 I ServiceManager: Waiting for service AtCmdFwd...
08-05 18:05:29.731  9544 13634 I art     : Explicit concurrent mark sweep GC freed 5285(439KB) AllocSpace objects, 16(356KB) LOS objects, 27% free, 41MB/57MB, paused 2.131ms total 65.287ms
08-05 18:05:29.751  9544 13634 I art     : Starting a blocking GC Explicit
08-05 18:05:29.760  9544 13984 E chromium: [ERROR:tile_manager.cc(793)] WARNING: tile memory limits exceeded, some content may not draw
08-05 18:05:29.760  9544 13984 E chromium: [ERROR:tile_manager.cc(793)] WARNING: tile memory limits exceeded, some content may not draw
08-05 18:05:29.814  9544 13634 I art     : Explicit concurrent mark sweep GC freed 1343(78KB) AllocSpace objects, 1(28KB) LOS objects, 27% free, 41MB/57MB, paused 1.909ms total 62.575ms
08-05 18:05:29.834  9544 13634 I art     : Starting a blocking GC Explicit
08-05 18:05:29.904  9544 13634 I art     : Explicit concurrent mark sweep GC freed 23(1040B) AllocSpace objects, 0(0B) LOS objects, 27% free, 41MB/57MB, paused 2.057ms total 70.439ms
08-05 18:05:29.927  9544 13634 I art     : Starting a blocking GC Explicit
08-05 18:05:30.000  9544 13634 I art     : Explicit concurrent mark sweep GC freed 3(96B) AllocSpace objects, 0(0B) LOS objects, 27% free, 41MB/57MB, paused 2.449ms total 72.573ms
08-05 18:05:30.022  9544 13634 I art     : Starting a blocking GC Explicit
08-05 18:05:30.092  9544 13634 I art     : Explicit concurrent mark sweep GC freed 3(96B) AllocSpace objects, 0(0B) LOS objects, 27% free, 41MB/57MB, paused 2.063ms total 69.938ms
08-05 18:05:30.509  9544  9570 I art     : Starting a blocking GC Explicit
08-05 18:05:30.582  9544  9570 I art     : Explicit concurrent mark sweep GC freed 1408(81KB) AllocSpace objects, 1(20KB) LOS objects, 27% free, 41MB/57MB, paused 2.131ms total 73.028ms
08-05 18:05:30.604  9544  9570 I art     : Starting a blocking GC Explicit
08-05 18:05:30.674  9544  9570 I art     : Explicit concurrent mark sweep GC freed 20(704B) AllocSpace objects, 0(0B) LOS objects, 27% free, 41MB/57MB, paused 2.158ms total 70.262ms
08-05 18:05:30.697  9544 13984 E chromium: [ERROR:tile_manager.cc(793)] WARNING: tile memory limits exceeded, some content may not draw
08-05 18:05:30.698  9544  9570 I art     : Starting a blocking GC Explicit
08-05 18:05:30.698  9544 13984 E chromium: [ERROR:tile_manager.cc(793)] WARNING: tile memory limits exceeded, some content may not draw
08-05 18:05:30.712  9544 13984 E chromium: [ERROR:tile_manager.cc(793)] WARNING: tile memory limits exceeded, some content may not draw
08-05 18:05:30.713  9544 13984 E chromium: [ERROR:tile_manager.cc(793)] WARNING: tile memory limits exceeded, some content may not draw
08-05 18:05:30.717 12013 12013 I ServiceManager: Waiting for service AtCmdFwd...
08-05 18:05:30.728  9544 13984 E chromium: [ERROR:tile_manager.cc(793)] WARNING: tile memory limits exceeded, some content may not draw
08-05 18:05:30.729  9544 13984 E chromium: [ERROR:tile_manager.cc(793)] WARNING: tile memory limits exceeded, some content may not draw
08-05 18:05:30.772  9544  9570 I art     : Explicit concurrent mark sweep GC freed 61(1952B) AllocSpace objects, 0(0B) LOS objects, 27% free, 41MB/57MB, paused 2.316ms total 73.894ms
08-05 18:05:30.793  9544  9570 I art     : Starting a blocking GC Explicit
08-05 18:05:30.863  9544  9570 I art     : Explicit concurrent mark sweep GC freed 34(1088B) AllocSpace objects, 0(0B) LOS objects, 27% free, 41MB/57MB, paused 2.226ms total 69.353ms
08-05 18:05:30.885  9544  9570 I art     : Starting a blocking GC Explicit
08-05 18:05:30.956  9544  9570 I art     : Explicit concurrent mark sweep GC freed 25(800B) AllocSpace objects, 0(0B) LOS objects, 27% free, 41MB/57MB, paused 2.272ms total 70.223ms
08-05 18:05:31.369  9544 13631 I art     : Starting a blocking GC Explicit
08-05 18:05:31.441  9544 13631 I art     : Explicit concurrent mark sweep GC freed 1410(81KB) AllocSpace objects, 1(20KB) LOS objects, 27% free, 41MB/57MB, paused 2.092ms total 71.325ms
08-05 18:05:31.465  9544 13631 I art     : Starting a blocking GC Explicit
08-05 18:05:31.536  9544 13631 I art     : Explicit concurrent mark sweep GC freed 20(704B) AllocSpace objects, 0(0B) LOS objects, 27% free, 41MB/57MB, paused 2.031ms total 70.602ms
08-05 18:05:31.558  9544 13631 I art     : Starting a blocking GC Explicit
08-05 18:05:31.630  9544 13631 I art     : Explicit concurrent mark sweep GC freed 3(96B) AllocSpace objects, 0(0B) LOS objects, 27% free, 41MB/57MB, paused 2.311ms total 71.171ms
08-05 18:05:31.652  9544 13631 I art     : Starting a blocking GC Explicit
08-05 18:05:31.717 12013 12013 I ServiceManager: Waiting for service AtCmdFwd...
08-05 18:05:31.724  9544 13631 I art     : Explicit concurrent mark sweep GC freed 3(96B) AllocSpace objects, 0(0B) LOS objects, 27% free, 41MB/57MB, paused 2.133ms total 71.536ms
08-05 18:05:31.746  9544 13631 I art     : Starting a blocking GC Explicit
08-05 18:05:31.818  9544 13631 I art     : Explicit concurrent mark sweep GC freed 3(96B) AllocSpace objects, 0(0B) LOS objects, 27% free, 41MB/57MB, paused 2.037ms total 71.023ms
08-05 18:05:32.253  9544  9573 I art     : Starting a blocking GC Explicit
08-05 18:05:32.326  9544  9573 I art     : Explicit concurrent mark sweep GC freed 1408(81KB) AllocSpace objects, 1(20KB) LOS objects, 27% free, 41MB/57MB, paused 2.075ms total 71.973ms
08-05 18:05:32.348  9544  9573 I art     : Starting a blocking GC Explicit
08-05 18:05:32.420  9544  9573 I art     : Explicit concurrent mark sweep GC freed 20(704B) AllocSpace objects, 0(0B) LOS objects, 27% free, 41MB/57MB, paused 2.295ms total 70.861ms
08-05 18:05:32.442  9544  9573 I art     : Starting a blocking GC Explicit
08-05 18:05:32.513  9544  9573 I art     : Explicit concurrent mark sweep GC freed 3(96B) AllocSpace objects, 0(0B) LOS objects, 27% free, 41MB/57MB, paused 2.088ms total 70.969ms
08-05 18:05:32.535  9544  9573 I art     : Starting a blocking GC Explicit
08-05 18:05:32.609  9544  9573 I art     : Explicit concurrent mark sweep GC freed 3(96B) AllocSpace objects, 0(0B) LOS objects, 27% free, 41MB/57MB, paused 2.404ms total 72.946ms
08-05 18:05:32.632  9544  9573 I art     : Starting a blocking GC Explicit
08-05 18:05:32.702  9544  9573 I art     : Explicit concurrent mark sweep GC freed 3(96B) AllocSpace objects, 0(0B) LOS objects, 27% free, 41MB/57MB, paused 2.138ms total 69.274ms
08-05 18:05:32.717 12013 12013 W Atfwd_Sendcmd: AtCmdFwd service not published, waiting... retryCnt : 3
08-05 18:05:33.138  9544 14226 I art     : Starting a blocking GC Explicit
08-05 18:05:33.210  9544 14226 I art     : Explicit concurrent mark sweep GC freed 1409(81KB) AllocSpace objects, 1(20KB) LOS objects, 27% free, 41MB/57MB, paused 2.168ms total 72.563ms
08-05 18:05:33.231  9544 14226 I art     : Starting a blocking GC Explicit
08-05 18:05:33.298  9544 14226 I art     : Explicit concurrent mark sweep GC freed 20(704B) AllocSpace objects, 0(0B) LOS objects, 27% free, 41MB/57MB, paused 2.279ms total 66.660ms
08-05 18:05:33.320  9544 14226 I art     : Starting a blocking GC Explicit
08-05 18:05:33.387  9544 14226 I art     : Explicit concurrent mark sweep GC freed 3(96B) AllocSpace objects, 0(0B) LOS objects, 27% free, 41MB/57MB, paused 2.075ms total 66.900ms
08-05 18:05:33.409  9544 14226 I art     : Starting a blocking GC Explicit
08-05 18:05:33.475  9544 14226 I art     : Explicit concurrent mark sweep GC freed 3(96B) AllocSpace objects, 0(0B) LOS objects, 27% free, 41MB/57MB, paused 2.102ms total 66.347ms
08-05 18:05:33.497  9544 14226 I art     : Starting a blocking GC Explicit
08-05 18:05:33.566  9544 14226 I art     : Explicit concurrent mark sweep GC freed 3(96B) AllocSpace objects, 0(0B) LOS objects, 27% free, 41MB/57MB, paused 2.131ms total 68.348ms
08-05 18:05:33.839 15307 15307 D AndroidRuntime: >>>>>> START com.android.internal.os.RuntimeInit uid 2000 <<<<<<
08-05 18:05:33.845 15307 15307 D AndroidRuntime: CheckJNI is OFF
08-05 18:05:33.870   518   646 I ThermalEngine: ACTION: GPU - Setting GPU[0] to 450000000
08-05 18:05:33.889 15307 15307 D ICU     : No timezone override file found: /data/misc/zoneinfo/current/icu/icu_tzdata.dat
08-05 18:05:33.931 15307 15307 I Radio-JNI: register_android_hardware_Radio DONE
08-05 18:05:33.958  9544 13634 I art     : Starting a blocking GC Explicit
08-05 18:05:33.961 15307 15307 D AndroidRuntime: Calling main entry com.android.commands.input.Input
08-05 18:05:33.962 15307 15307 I Input   : injectKeyEvent: KeyEvent { action=ACTION_DOWN, keyCode=KEYCODE_BACK, scanCode=0, metaState=0, flags=0x0, repeatCount=0, eventTime=813950376, downTime=813950376, deviceId=-1, source=0x101 }
08-05 18:05:33.968 15307 15307 I Input   : injectKeyEvent: KeyEvent { action=ACTION_UP, keyCode=KEYCODE_BACK, scanCode=0, metaState=0, flags=0x0, repeatCount=0, eventTime=813950376, downTime=813950376, deviceId=-1, source=0x101 }
08-05 18:05:33.973 15307 15307 D AndroidRuntime: Shutting down VM
08-05 18:05:33.988  9544  9544 D baseline.com.newsblur.service.NBSyncService: rejecting request for feedset that is exhaused
08-05 18:05:34.013  9544 13634 I art     : Explicit concurrent mark sweep GC freed 1627(119KB) AllocSpace objects, 3(60KB) LOS objects, 27% free, 41MB/57MB, paused 1.364ms total 54.721ms
08-05 18:05:34.027  9544 13634 I art     : Starting a blocking GC Explicit
08-05 18:05:34.082  9544 13634 I art     : Explicit concurrent mark sweep GC freed 61(2256B) AllocSpace objects, 0(0B) LOS objects, 27% free, 41MB/57MB, paused 1.497ms total 55.294ms
08-05 18:05:34.097  9544 13634 I art     : Starting a blocking GC Explicit
08-05 18:05:34.153  9544 13634 I art     : Explicit concurrent mark sweep GC freed 582(44KB) AllocSpace objects, 1(20KB) LOS objects, 27% free, 41MB/57MB, paused 1.436ms total 56.220ms
08-05 18:05:34.167  9544  9544 D baseline.com.newsblur.service.NBSyncService: rejecting request for feedset that is exhaused
08-05 18:05:34.168  9544 13634 I art     : Starting a blocking GC Explicit
08-05 18:05:34.169 13866 13866 I GoogleInputMethodServic: GoogleInputMethodService.onFinishInput():3138 
08-05 18:05:34.170 13866 13866 I GoogleInputMethodServic: GoogleInputMethodService.onStartInput():1808 
08-05 18:05:34.222  9544 13634 I art     : Explicit concurrent mark sweep GC freed 620(60KB) AllocSpace objects, 1(20KB) LOS objects, 27% free, 41MB/57MB, paused 1.625ms total 53.655ms
08-05 18:05:34.238  9544 13634 I art     : Starting a blocking GC Explicit
08-05 18:05:34.295  9544 13634 I art     : Explicit concurrent mark sweep GC freed 500(40KB) AllocSpace objects, 0(0B) LOS objects, 27% free, 41MB/57MB, paused 1.298ms total 56.898ms
08-05 18:05:34.670  9544  9570 I art     : Starting a blocking GC Explicit
08-05 18:05:34.723  9544  9570 I art     : Explicit concurrent mark sweep GC freed 3053(159KB) AllocSpace objects, 2(48KB) LOS objects, 27% free, 41MB/57MB, paused 1.350ms total 52.437ms
08-05 18:05:34.737  9544  9570 I art     : Starting a blocking GC Explicit
08-05 18:05:34.789  9544  9570 I art     : Explicit concurrent mark sweep GC freed 155(7KB) AllocSpace objects, 0(0B) LOS objects, 27% free, 41MB/57MB, paused 1.308ms total 51.593ms
08-05 18:05:34.789  9544  9563 I art     : WaitForGcToComplete blocked for 51.836ms for cause HeapTrim
08-05 18:05:34.802  9544  9570 I art     : Starting a blocking GC Explicit
08-05 18:05:34.856  9544  9570 I art     : Explicit concurrent mark sweep GC freed 11(352B) AllocSpace objects, 0(0B) LOS objects, 27% free, 41MB/57MB, paused 1.339ms total 53.916ms
08-05 18:05:34.870  9544  9570 I art     : Starting a blocking GC Explicit
08-05 18:05:34.924  9544  9570 I art     : Explicit concurrent mark sweep GC freed 11(352B) AllocSpace objects, 0(0B) LOS objects, 27% free, 41MB/57MB, paused 1.378ms total 53.913ms
08-05 18:05:34.938  9544  9570 I art     : Starting a blocking GC Explicit
08-05 18:05:34.992  9544  9570 I art     : Explicit concurrent mark sweep GC freed 11(352B) AllocSpace objects, 0(0B) LOS objects, 27% free, 41MB/57MB, paused 1.366ms total 53.627ms
08-05 18:05:35.381  9544  9570 I art     : Starting a blocking GC Explicit
08-05 18:05:35.447  9544  9570 I art     : Explicit concurrent mark sweep GC freed 1462(82KB) AllocSpace objects, 1(20KB) LOS objects, 27% free, 41MB/57MB, paused 1.383ms total 65.543ms
08-05 18:05:35.463  9544  9570 I art     : Starting a blocking GC Explicit
08-05 18:05:35.524  9544  9570 I art     : Explicit concurrent mark sweep GC freed 30(1024B) AllocSpace objects, 0(0B) LOS objects, 27% free, 41MB/57MB, paused 1.731ms total 60.689ms
08-05 18:05:35.539  9544  9570 I art     : Starting a blocking GC Explicit
08-05 18:05:35.602  9544  9570 I art     : Explicit concurrent mark sweep GC freed 12(384B) AllocSpace objects, 0(0B) LOS objects, 27% free, 41MB/57MB, paused 1.533ms total 62.106ms
08-05 18:05:35.618  9544  9570 I art     : Starting a blocking GC Explicit
08-05 18:05:35.678  9544  9570 I art     : Explicit concurrent mark sweep GC freed 4(128B) AllocSpace objects, 0(0B) LOS objects, 27% free, 41MB/57MB, paused 1.509ms total 60.014ms
08-05 18:05:35.693  9544  9570 I art     : Starting a blocking GC Explicit
08-05 18:05:35.752  9544  9570 I art     : Explicit concurrent mark sweep GC freed 3(96B) AllocSpace objects, 0(0B) LOS objects, 27% free, 41MB/57MB, paused 1.545ms total 57.876ms
08-05 18:05:35.799 15352 15352 D AndroidRuntime: >>>>>> START com.android.internal.os.RuntimeInit uid 2000 <<<<<<
08-05 18:05:35.806 15352 15352 D AndroidRuntime: CheckJNI is OFF
08-05 18:05:35.850 15352 15352 D ICU     : No timezone override file found: /data/misc/zoneinfo/current/icu/icu_tzdata.dat
08-05 18:05:35.880   518   646 I ThermalEngine: ACTION: GPU - Setting GPU[0] to 390000000
08-05 18:05:35.925 15352 15352 I Radio-JNI: register_android_hardware_Radio DONE
08-05 18:05:35.960 15352 15352 D AndroidRuntime: Calling main entry com.android.commands.input.Input
08-05 18:05:35.963 15352 15352 I Input   : injectKeyEvent: KeyEvent { action=ACTION_DOWN, keyCode=KEYCODE_BACK, scanCode=0, metaState=0, flags=0x0, repeatCount=0, eventTime=813952376, downTime=813952376, deviceId=-1, source=0x101 }
08-05 18:05:35.971 15352 15352 I Input   : injectKeyEvent: KeyEvent { action=ACTION_UP, keyCode=KEYCODE_BACK, scanCode=0, metaState=0, flags=0x0, repeatCount=0, eventTime=813952376, downTime=813952376, deviceId=-1, source=0x101 }
08-05 18:05:35.979 15352 15352 D AndroidRuntime: Shutting down VM
08-05 18:05:36.183  9544 13634 I art     : Starting a blocking GC Explicit
08-05 18:05:36.241 13866 13866 I GoogleInputMethodServic: GoogleInputMethodService.onFinishInput():3138 
08-05 18:05:36.241 13866 13866 I GoogleInputMethodServic: GoogleInputMethodService.onStartInput():1808 
08-05 18:05:36.259  9544 13634 I art     : Explicit concurrent mark sweep GC freed 10621(731KB) AllocSpace objects, 15(300KB) LOS objects, 27% free, 41MB/57MB, paused 2.273ms total 75.451ms
08-05 18:05:36.282  9544 13634 I art     : Starting a blocking GC Explicit
08-05 18:05:36.351  9544 13634 I art     : Explicit concurrent mark sweep GC freed 1466(87KB) AllocSpace objects, 2(40KB) LOS objects, 27% free, 41MB/57MB, paused 2.110ms total 68.222ms
08-05 18:05:36.370  9544 13634 I art     : Starting a blocking GC Explicit
08-05 18:05:36.443  9544 13634 I art     : Explicit concurrent mark sweep GC freed 222(11KB) AllocSpace objects, 0(0B) LOS objects, 27% free, 41MB/57MB, paused 2.320ms total 72.236ms
08-05 18:05:36.464  9544 13634 I art     : Starting a blocking GC Explicit
08-05 18:05:36.557  9544 13634 I art     : Explicit concurrent mark sweep GC freed 9(400B) AllocSpace objects, 0(0B) LOS objects, 27% free, 41MB/57MB, paused 3.539ms total 91.889ms
08-05 18:05:36.583  9544 13634 I art     : Starting a blocking GC Explicit
08-05 18:05:36.659  9544 13634 I art     : Explicit concurrent mark sweep GC freed 419(18KB) AllocSpace objects, 0(0B) LOS objects, 27% free, 41MB/57MB, paused 2.338ms total 75.902ms
08-05 18:05:36.866  9544 15377 E baseline.com.newsblur.network.APIResponse: Error (unexpected end of stream on https://www.newsblur.com/...) calling https://www.newsblur.com/reader/mark_story_hashes_as_read/
08-05 18:05:36.866  9544 15377 E baseline.com.newsblur.network.APIResponse: java.io.IOException: unexpected end of stream on https://www.newsblur.com/...
08-05 18:05:36.866  9544 15377 E baseline.com.newsblur.network.APIResponse: 	at okhttp3.internal.http1.Http1ExchangeCodec.readResponseHeaders(Http1ExchangeCodec.java:236)
08-05 18:05:36.866  9544 15377 E baseline.com.newsblur.network.APIResponse: 	at okhttp3.internal.connection.Exchange.readResponseHeaders(Exchange.java:115)
08-05 18:05:36.866  9544 15377 E baseline.com.newsblur.network.APIResponse: 	at okhttp3.internal.http.CallServerInterceptor.intercept(CallServerInterceptor.java:94)
08-05 18:05:36.866  9544 15377 E baseline.com.newsblur.network.APIResponse: 	at okhttp3.internal.http.RealInterceptorChain.proceed(RealInterceptorChain.java:142)
08-05 18:05:36.866  9544 15377 E baseline.com.newsblur.network.APIResponse: 	at okhttp3.internal.connection.ConnectInterceptor.intercept(ConnectInterceptor.java:43)
08-05 18:05:36.866  9544 15377 E baseline.com.newsblur.network.APIResponse: 	at okhttp3.internal.http.RealInterceptorChain.proceed(RealInterceptorChain.java:142)
08-05 18:05:36.866  9544 15377 E baseline.com.newsblur.network.APIResponse: 	at okhttp3.internal.http.RealInterceptorChain.proceed(RealInterceptorChain.java:117)
08-05 18:05:36.866  9544 15377 E baseline.com.newsblur.network.APIResponse: 	at okhttp3.internal.cache.CacheInterceptor.intercept(CacheInterceptor.java:94)
08-05 18:05:36.866  9544 15377 E baseline.com.newsblur.network.APIResponse: 	at okhttp3.internal.http.RealInterceptorChain.proceed(RealInterceptorChain.java:142)
08-05 18:05:36.866  9544 15377 E baseline.com.newsblur.network.APIResponse: 	at okhttp3.internal.http.RealInterceptorChain.proceed(RealInterceptorChain.java:117)
08-05 18:05:36.866  9544 15377 E baseline.com.newsblur.network.APIResponse: 	at okhttp3.internal.http.BridgeInterceptor.intercept(BridgeInterceptor.java:93)
08-05 18:05:36.866  9544 15377 E baseline.com.newsblur.network.APIResponse: 	at okhttp3.internal.http.RealInterceptorChain.proceed(RealInterceptorChain.java:142)
08-05 18:05:36.866  9544 15377 E baseline.com.newsblur.network.APIResponse: 	at okhttp3.internal.http.RetryAndFollowUpInterceptor.intercept(RetryAndFollowUpInterceptor.java:88)
08-05 18:05:36.866  9544 15377 E baseline.com.newsblur.network.APIResponse: 	at okhttp3.internal.http.RealInterceptorChain.proceed(RealInterceptorChain.java:142)
08-05 18:05:36.866  9544 15377 E baseline.com.newsblur.network.APIResponse: 	at okhttp3.internal.http.RealInterceptorChain.proceed(RealInterceptorChain.java:117)
08-05 18:05:36.866  9544 15377 E baseline.com.newsblur.network.APIResponse: 	at okhttp3.RealCall.getResponseWithInterceptorChain(RealCall.java:229)
08-05 18:05:36.866  9544 15377 E baseline.com.newsblur.network.APIResponse: 	at okhttp3.RealCall.execute(RealCall.java:81)
08-05 18:05:36.866  9544 15377 E baseline.com.newsblur.network.APIResponse: 	at baseline.com.newsblur.network.APIResponse.<init>(APIResponse.java:57)
08-05 18:05:36.866  9544 15377 E baseline.com.newsblur.network.APIResponse: 	at baseline.com.newsblur.network.APIResponse.<init>(APIResponse.java:43)
08-05 18:05:36.866  9544 15377 E baseline.com.newsblur.network.APIResponse: 	at baseline.com.newsblur.network.APIManager.post_single(APIManager.java:702)
08-05 18:05:36.866  9544 15377 E baseline.com.newsblur.network.APIResponse: 	at baseline.com.newsblur.network.APIManager.post(APIManager.java:675)
08-05 18:05:36.866  9544 15377 E baseline.com.newsblur.network.APIResponse: 	at baseline.com.newsblur.network.APIManager.post(APIManager.java:714)
08-05 18:05:36.866  9544 15377 E baseline.com.newsblur.network.APIResponse: 	at baseline.com.newsblur.network.APIManager.markStoryAsRead(APIManager.java:205)
08-05 18:05:36.866  9544 15377 E baseline.com.newsblur.network.APIResponse: 	at baseline.com.newsblur.util.ReadingAction.doRemote(ReadingAction.java:281)
08-05 18:05:36.866  9544 15377 E baseline.com.newsblur.network.APIResponse: 	at baseline.com.newsblur.service.NBSyncService.syncActions(NBSyncService.java:400)
08-05 18:05:36.866  9544 15377 E baseline.com.newsblur.network.APIResponse: 	at baseline.com.newsblur.service.NBSyncService.doSync(NBSyncService.java:298)
08-05 18:05:36.866  9544 15377 E baseline.com.newsblur.network.APIResponse: 	at baseline.com.newsblur.service.NBSyncService.access$100(NBSyncService.java:67)
08-05 18:05:36.866  9544 15377 E baseline.com.newsblur.network.APIResponse: 	at baseline.com.newsblur.service.NBSyncService$1.run(NBSyncService.java:188)
08-05 18:05:36.866  9544 15377 E baseline.com.newsblur.network.APIResponse: 	at java.util.concurrent.ThreadPoolExecutor.runWorker(ThreadPoolExecutor.java:1113)
08-05 18:05:36.866  9544 15377 E baseline.com.newsblur.network.APIResponse: 	at java.util.concurrent.ThreadPoolExecutor$Worker.run(ThreadPoolExecutor.java:588)
08-05 18:05:36.866  9544 15377 E baseline.com.newsblur.network.APIResponse: 	at java.lang.Thread.run(Thread.java:818)
08-05 18:05:36.866  9544 15377 E baseline.com.newsblur.network.APIResponse: Caused by: java.io.EOFException: \n not found: limit=0 content=
08-05 18:05:36.866  9544 15377 E baseline.com.newsblur.network.APIResponse: 	at okio.RealBufferedSource.readUtf8LineStrict(RealBufferedSource.java:240)
08-05 18:05:36.866  9544 15377 E baseline.com.newsblur.network.APIResponse: 	at okhttp3.internal.http1.Http1ExchangeCodec.readHeaderLine(Http1ExchangeCodec.java:242)
08-05 18:05:36.866  9544 15377 E baseline.com.newsblur.network.APIResponse: 	at okhttp3.internal.http1.Http1ExchangeCodec.readResponseHeaders(Http1ExchangeCodec.java:213)
08-05 18:05:36.866  9544 15377 E baseline.com.newsblur.network.APIResponse: 	... 30 more
08-05 18:05:36.867  9544 15377 I baseline.com.newsblur.network.APIManager: API call failed, pausing before retry number 1
08-05 18:05:37.098  9544 13634 I art     : Starting a blocking GC Explicit
08-05 18:05:37.186  9544 13634 I art     : Explicit concurrent mark sweep GC freed 5531(451KB) AllocSpace objects, 6(260KB) LOS objects, 27% free, 41MB/57MB, paused 2.313ms total 87.510ms
08-05 18:05:37.211  9544 13634 I art     : Starting a blocking GC Explicit
08-05 18:05:37.282  9544 13634 I art     : Explicit concurrent mark sweep GC freed 1142(125KB) AllocSpace objects, 0(0B) LOS objects, 27% free, 41MB/57MB, paused 1.980ms total 70.538ms
08-05 18:05:37.302  9544 13634 I art     : Starting a blocking GC Explicit
08-05 18:05:37.376  9544 13634 I art     : Explicit concurrent mark sweep GC freed 15(480B) AllocSpace objects, 0(0B) LOS objects, 27% free, 41MB/57MB, paused 2.543ms total 73.667ms
08-05 18:05:37.398  9544 13634 I art     : Starting a blocking GC Explicit
08-05 18:05:37.470  9544 13634 I art     : Explicit concurrent mark sweep GC freed 14(448B) AllocSpace objects, 0(0B) LOS objects, 27% free, 41MB/57MB, paused 2.621ms total 71.931ms
08-05 18:05:37.493  9544 13634 I art     : Starting a blocking GC Explicit
08-05 18:05:37.563  9544 13634 I art     : Explicit concurrent mark sweep GC freed 14(448B) AllocSpace objects, 0(0B) LOS objects, 27% free, 41MB/57MB, paused 2.088ms total 69.308ms
08-05 18:05:37.895 15390 15390 D AndroidRuntime: >>>>>> START com.android.internal.os.RuntimeInit uid 2000 <<<<<<
08-05 18:05:37.902 15390 15390 D AndroidRuntime: CheckJNI is OFF
08-05 18:05:37.957 15390 15390 D ICU     : No timezone override file found: /data/misc/zoneinfo/current/icu/icu_tzdata.dat
08-05 18:05:37.977  9544 13631 I art     : Starting a blocking GC Explicit
08-05 18:05:38.002 15390 15390 I Radio-JNI: register_android_hardware_Radio DONE
08-05 18:05:38.035 15390 15390 D AndroidRuntime: Calling main entry com.android.commands.input.Input
08-05 18:05:38.038 15390 15390 I Input   : injectMotionEvent: MotionEvent { action=ACTION_DOWN, actionButton=0, id[0]=0, x[0]=553.0, y[0]=442.0, toolType[0]=TOOL_TYPE_UNKNOWN, buttonState=0, metaState=0, flags=0x0, edgeFlags=0x0, pointerCount=1, historySize=0, eventTime=813954450, downTime=813954450, deviceId=0, source=0x1002 }
08-05 18:05:38.044 15390 15390 I Input   : injectMotionEvent: MotionEvent { action=ACTION_UP, actionButton=0, id[0]=0, x[0]=553.0, y[0]=442.0, toolType[0]=TOOL_TYPE_UNKNOWN, buttonState=0, metaState=0, flags=0x0, edgeFlags=0x0, pointerCount=1, historySize=0, eventTime=813954450, downTime=813954450, deviceId=0, source=0x1002 }
08-05 18:05:38.049 15390 15390 D AndroidRuntime: Shutting down VM
08-05 18:05:38.049  9544 13631 I art     : Explicit concurrent mark sweep GC freed 1457(83KB) AllocSpace objects, 1(20KB) LOS objects, 27% free, 41MB/57MB, paused 2.455ms total 71.656ms
08-05 18:05:38.072  9544 13631 I art     : Starting a blocking GC Explicit
08-05 18:05:38.117   918  3359 I ActivityManager: START u0 {cmp=baseline.com.newsblur/.activity.AllSharedStoriesItemsList (has extras)} from uid 10676 on display 0
08-05 18:05:38.144  9544 13631 I art     : Explicit concurrent mark sweep GC freed 601(84KB) AllocSpace objects, 1(20KB) LOS objects, 27% free, 41MB/57MB, paused 2.917ms total 71.351ms
08-05 18:05:38.151  9544 13929 I baseline.com.newsblur.database.BlurDatabaseHelper: reading session reset
08-05 18:05:38.165  9544 13631 I art     : Starting a blocking GC Explicit
08-05 18:05:38.236  9544 13631 I art     : Explicit concurrent mark sweep GC freed 1652(147KB) AllocSpace objects, 4(172KB) LOS objects, 27% free, 41MB/57MB, paused 2.335ms total 70.879ms
08-05 18:05:38.258  9544 13631 I art     : Starting a blocking GC Explicit
08-05 18:05:38.329  9544 13631 I art     : Explicit concurrent mark sweep GC freed 244(12KB) AllocSpace objects, 0(0B) LOS objects, 27% free, 41MB/57MB, paused 2.361ms total 70.975ms
08-05 18:05:38.351  9544 13631 I art     : Starting a blocking GC Explicit
08-05 18:05:38.412  9544  9544 D baseline.com.newsblur.service.NBSyncService: rejecting request for feedset that is exhaused
08-05 18:05:38.429  9544  9544 W View    : requestLayout() improperly called by android.widget.FrameLayout{8296b5a V.E...... ......ID 0,0-1440,18 #7f07003f app:id/footer_view_inner} during layout: running second layout pass
08-05 18:05:38.429  9544  9544 W View    : requestLayout() improperly called by android.widget.FrameLayout{9f4518b V.E...... ......ID 0,0-1440,2091 #7f07003f app:id/footer_view_inner} during layout: running second layout pass
08-05 18:05:38.429  9544 13631 I art     : Explicit concurrent mark sweep GC freed 974(80KB) AllocSpace objects, 2(40KB) LOS objects, 27% free, 41MB/57MB, paused 2.934ms total 77.028ms
08-05 18:05:38.455 13866 13866 I GoogleInputMethodServic: GoogleInputMethodService.onFinishInput():3138 
08-05 18:05:38.456 13866 13866 I GoogleInputMethodServic: GoogleInputMethodService.onStartInput():1808 
08-05 18:05:38.457   918   936 I ActivityManager: Displayed baseline.com.newsblur/.activity.AllSharedStoriesItemsList: +330ms
08-05 18:05:38.554  9544 13666 I NAPPA_EXPERIMENTATION: MetricNetworkRequestExecutionTime: REQUEST_DURATION_SYSTEM='43',REQUEST_DURATION_OKHTTP='41',REQUEST_SYNCHRONOUS='TRUE',RESPONSE_CODE='200',RESPONSE_METHOD='GET',RESPONSE_LENGTH_OKHTTP='43',RESPONSE_LENGTH_HEADER='43',REQUEST_PROTOCOL='http/1.1',REQUEST_URL='http://feeds.feedburner.com/~r/retort/~4/UffaFMiJbNs',
08-05 18:05:38.807  9544 15377 E baseline.com.newsblur.network.APIResponse: Error (unexpected end of stream on https://www.newsblur.com/...) calling https://www.newsblur.com/reader/mark_story_hashes_as_read/
08-05 18:05:38.807  9544 15377 E baseline.com.newsblur.network.APIResponse: java.io.IOException: unexpected end of stream on https://www.newsblur.com/...
08-05 18:05:38.807  9544 15377 E baseline.com.newsblur.network.APIResponse: 	at okhttp3.internal.http1.Http1ExchangeCodec.readResponseHeaders(Http1ExchangeCodec.java:236)
08-05 18:05:38.807  9544 15377 E baseline.com.newsblur.network.APIResponse: 	at okhttp3.internal.connection.Exchange.readResponseHeaders(Exchange.java:115)
08-05 18:05:38.807  9544 15377 E baseline.com.newsblur.network.APIResponse: 	at okhttp3.internal.http.CallServerInterceptor.intercept(CallServerInterceptor.java:94)
08-05 18:05:38.807  9544 15377 E baseline.com.newsblur.network.APIResponse: 	at okhttp3.internal.http.RealInterceptorChain.proceed(RealInterceptorChain.java:142)
08-05 18:05:38.807  9544 15377 E baseline.com.newsblur.network.APIResponse: 	at okhttp3.internal.connection.ConnectInterceptor.intercept(ConnectInterceptor.java:43)
08-05 18:05:38.807  9544 15377 E baseline.com.newsblur.network.APIResponse: 	at okhttp3.internal.http.RealInterceptorChain.proceed(RealInterceptorChain.java:142)
08-05 18:05:38.807  9544 15377 E baseline.com.newsblur.network.APIResponse: 	at okhttp3.internal.http.RealInterceptorChain.proceed(RealInterceptorChain.java:117)
08-05 18:05:38.807  9544 15377 E baseline.com.newsblur.network.APIResponse: 	at okhttp3.internal.cache.CacheInterceptor.intercept(CacheInterceptor.java:94)
08-05 18:05:38.807  9544 15377 E baseline.com.newsblur.network.APIResponse: 	at okhttp3.internal.http.RealInterceptorChain.proceed(RealInterceptorChain.java:142)
08-05 18:05:38.807  9544 15377 E baseline.com.newsblur.network.APIResponse: 	at okhttp3.internal.http.RealInterceptorChain.proceed(RealInterceptorChain.java:117)
08-05 18:05:38.807  9544 15377 E baseline.com.newsblur.network.APIResponse: 	at okhttp3.internal.http.BridgeInterceptor.intercept(BridgeInterceptor.java:93)
08-05 18:05:38.807  9544 15377 E baseline.com.newsblur.network.APIResponse: 	at okhttp3.internal.http.RealInterceptorChain.proceed(RealInterceptorChain.java:142)
08-05 18:05:38.807  9544 15377 E baseline.com.newsblur.network.APIResponse: 	at okhttp3.internal.http.RetryAndFollowUpInterceptor.intercept(RetryAndFollowUpInterceptor.java:88)
08-05 18:05:38.807  9544 15377 E baseline.com.newsblur.network.APIResponse: 	at okhttp3.internal.http.RealInterceptorChain.proceed(RealInterceptorChain.java:142)
08-05 18:05:38.807  9544 15377 E baseline.com.newsblur.network.APIResponse: 	at okhttp3.internal.http.RealInterceptorChain.proceed(RealInterceptorChain.java:117)
08-05 18:05:38.807  9544 15377 E baseline.com.newsblur.network.APIResponse: 	at okhttp3.RealCall.getResponseWithInterceptorChain(RealCall.java:229)
08-05 18:05:38.807  9544 15377 E baseline.com.newsblur.network.APIResponse: 	at okhttp3.RealCall.execute(RealCall.java:81)
08-05 18:05:38.807  9544 15377 E baseline.com.newsblur.network.APIResponse: 	at baseline.com.newsblur.network.APIResponse.<init>(APIResponse.java:57)
08-05 18:05:38.807  9544 15377 E baseline.com.newsblur.network.APIResponse: 	at baseline.com.newsblur.network.APIResponse.<init>(APIResponse.java:43)
08-05 18:05:38.807  9544 15377 E baseline.com.newsblur.network.APIResponse: 	at baseline.com.newsblur.network.APIManager.post_single(APIManager.java:702)
08-05 18:05:38.807  9544 15377 E baseline.com.newsblur.network.APIResponse: 	at baseline.com.newsblur.network.APIManager.post(APIManager.java:675)
08-05 18:05:38.807  9544 15377 E baseline.com.newsblur.network.APIResponse: 	at baseline.com.newsblur.network.APIManager.post(APIManager.java:714)
08-05 18:05:38.807  9544 15377 E baseline.com.newsblur.network.APIResponse: 	at baseline.com.newsblur.network.APIManager.markStoryAsRead(APIManager.java:205)
08-05 18:05:38.807  9544 15377 E baseline.com.newsblur.network.APIResponse: 	at baseline.com.newsblur.util.ReadingAction.doRemote(ReadingAction.java:281)
08-05 18:05:38.807  9544 15377 E baseline.com.newsblur.network.APIResponse: 	at baseline.com.newsblur.service.NBSyncService.syncActions(NBSyncService.java:400)
08-05 18:05:38.807  9544 15377 E baseline.com.newsblur.network.APIResponse: 	at baseline.com.newsblur.service.NBSyncService.doSync(NBSyncService.java:298)
08-05 18:05:38.807  9544 15377 E baseline.com.newsblur.network.APIResponse: 	at baseline.com.newsblur.service.NBSyncService.access$100(NBSyncService.java:67)
08-05 18:05:38.807  9544 15377 E baseline.com.newsblur.network.APIResponse: 	at baseline.com.newsblur.service.NBSyncService$1.run(NBSyncService.java:188)
08-05 18:05:38.807  9544 15377 E baseline.com.newsblur.network.APIResponse: 	at java.util.concurrent.ThreadPoolExecutor.runWorker(ThreadPoolExecutor.java:1113)
08-05 18:05:38.807  9544 15377 E baseline.com.newsblur.network.APIResponse: 	at java.util.concurrent.ThreadPoolExecutor$Worker.run(ThreadPoolExecutor.java:588)
08-05 18:05:38.807  9544 15377 E baseline.com.newsblur.network.APIResponse: 	at java.lang.Thread.run(Thread.java:818)
08-05 18:05:38.807  9544 15377 E baseline.com.newsblur.network.APIResponse: Caused by: java.io.EOFException: \n not found: limit=0 content=
08-05 18:05:38.807  9544 15377 E baseline.com.newsblur.network.APIResponse: 	at okio.RealBufferedSource.readUtf8LineStrict(RealBufferedSource.java:240)
08-05 18:05:38.807  9544 15377 E baseline.com.newsblur.network.APIResponse: 	at okhttp3.internal.http1.Http1ExchangeCodec.readHeaderLine(Http1ExchangeCodec.java:242)
08-05 18:05:38.807  9544 15377 E baseline.com.newsblur.network.APIResponse: 	at okhttp3.internal.http1.Http1ExchangeCodec.readResponseHeaders(Http1ExchangeCodec.java:213)
08-05 18:05:38.807  9544 15377 E baseline.com.newsblur.network.APIResponse: 	... 30 more
08-05 18:05:38.809  9544 15377 I baseline.com.newsblur.network.APIManager: API call failed, pausing before retry number 2
08-05 18:05:38.837  9544 14226 I art     : Starting a blocking GC Explicit
08-05 18:05:38.916  9544 14226 I art     : Explicit concurrent mark sweep GC freed 6113(511KB) AllocSpace objects, 11(220KB) LOS objects, 27% free, 41MB/57MB, paused 2.603ms total 78.404ms
08-05 18:05:38.937  9544 14226 I art     : Starting a blocking GC Explicit
08-05 18:05:39.010  9544 14226 I art     : Explicit concurrent mark sweep GC freed 332(13KB) AllocSpace objects, 0(0B) LOS objects, 27% free, 41MB/57MB, paused 2.319ms total 72.560ms
08-05 18:05:39.033  9544 14226 I art     : Starting a blocking GC Explicit
08-05 18:05:39.111  9544 14226 I art     : Explicit concurrent mark sweep GC freed 3(96B) AllocSpace objects, 0(0B) LOS objects, 27% free, 41MB/57MB, paused 2.518ms total 77.374ms
08-05 18:05:39.134  9544 14226 I art     : Starting a blocking GC Explicit
08-05 18:05:39.212  9544 14226 I art     : Explicit concurrent mark sweep GC freed 3(96B) AllocSpace objects, 0(0B) LOS objects, 27% free, 41MB/57MB, paused 2.544ms total 77.503ms
08-05 18:05:39.236  9544 14226 I art     : Starting a blocking GC Explicit
08-05 18:05:39.308  9544 14226 I art     : Explicit concurrent mark sweep GC freed 3(96B) AllocSpace objects, 0(0B) LOS objects, 27% free, 41MB/57MB, paused 2.120ms total 71.418ms
08-05 18:05:39.745  9544  9570 I art     : Starting a blocking GC Explicit
08-05 18:05:39.835  9544  9570 I art     : Explicit concurrent mark sweep GC freed 1474(84KB) AllocSpace objects, 1(20KB) LOS objects, 27% free, 41MB/57MB, paused 2.269ms total 89.494ms
08-05 18:05:39.860  9544  9570 I art     : Starting a blocking GC Explicit
08-05 18:05:39.932  9544  9570 I art     : Explicit concurrent mark sweep GC freed 23(816B) AllocSpace objects, 0(0B) LOS objects, 27% free, 41MB/57MB, paused 2.342ms total 71.800ms
08-05 18:05:39.933  9544  9563 I art     : WaitForGcToComplete blocked for 71.598ms for cause HeapTrim
08-05 18:05:39.955  9544  9570 I art     : Starting a blocking GC Explicit
08-05 18:05:40.032  9544  9570 I art     : Explicit concurrent mark sweep GC freed 3(96B) AllocSpace objects, 0(0B) LOS objects, 27% free, 41MB/57MB, paused 2.426ms total 76.345ms
08-05 18:05:40.055  9544  9570 I art     : Starting a blocking GC Explicit
08-05 18:05:40.133  9544  9570 I art     : Explicit concurrent mark sweep GC freed 3(96B) AllocSpace objects, 0(0B) LOS objects, 27% free, 41MB/57MB, paused 2.769ms total 77.902ms
08-05 18:05:40.157  9544  9570 I art     : Starting a blocking GC Explicit
08-05 18:05:40.227  9544  9570 I art     : Explicit concurrent mark sweep GC freed 3(96B) AllocSpace objects, 0(0B) LOS objects, 27% free, 41MB/57MB, paused 2.015ms total 69.620ms
08-05 18:05:40.657  9544 13634 I art     : Starting a blocking GC Explicit
08-05 18:05:40.736  9544 13634 I art     : Explicit concurrent mark sweep GC freed 1446(83KB) AllocSpace objects, 1(20KB) LOS objects, 27% free, 41MB/57MB, paused 2.327ms total 78.649ms
08-05 18:05:40.759  9544 13634 I art     : Starting a blocking GC Explicit
08-05 18:05:40.836  9544 13634 I art     : Explicit concurrent mark sweep GC freed 22(784B) AllocSpace objects, 0(0B) LOS objects, 27% free, 41MB/57MB, paused 2.241ms total 76.642ms
08-05 18:05:40.860  9544 13634 I art     : Starting a blocking GC Explicit
08-05 18:05:40.930  9544 13634 I art     : Explicit concurrent mark sweep GC freed 3(96B) AllocSpace objects, 0(0B) LOS objects, 27% free, 41MB/57MB, paused 2.432ms total 70.438ms
08-05 18:05:40.953  9544 13634 I art     : Starting a blocking GC Explicit
08-05 18:05:41.030  9544 13634 I art     : Explicit concurrent mark sweep GC freed 3(96B) AllocSpace objects, 0(0B) LOS objects, 27% free, 41MB/57MB, paused 2.312ms total 76.751ms
08-05 18:05:41.052  9544 13634 I art     : Starting a blocking GC Explicit
08-05 18:05:41.131  9544 13634 I art     : Explicit concurrent mark sweep GC freed 3(96B) AllocSpace objects, 0(0B) LOS objects, 27% free, 41MB/57MB, paused 2.458ms total 77.600ms
08-05 18:05:41.596  9544 14226 I art     : Starting a blocking GC Explicit
08-05 18:05:41.674  9544 14226 I art     : Explicit concurrent mark sweep GC freed 1446(83KB) AllocSpace objects, 1(20KB) LOS objects, 27% free, 41MB/57MB, paused 2.332ms total 77.773ms
08-05 18:05:41.697  9544 14226 I art     : Starting a blocking GC Explicit
08-05 18:05:41.775  9544 14226 I art     : Explicit concurrent mark sweep GC freed 22(784B) AllocSpace objects, 0(0B) LOS objects, 27% free, 41MB/57MB, paused 2.304ms total 77.940ms
08-05 18:05:41.798  9544 14226 I art     : Starting a blocking GC Explicit
08-05 18:05:41.877  9544 14226 I art     : Explicit concurrent mark sweep GC freed 94(3KB) AllocSpace objects, 0(0B) LOS objects, 27% free, 41MB/57MB, paused 2.416ms total 78.005ms
08-05 18:05:41.899  9544 14226 I art     : Starting a blocking GC Explicit
08-05 18:05:41.978  9544 14226 I art     : Explicit concurrent mark sweep GC freed 77(5KB) AllocSpace objects, 0(0B) LOS objects, 27% free, 41MB/57MB, paused 2.364ms total 77.885ms
08-05 18:05:42.000  9544 14226 I art     : Starting a blocking GC Explicit
08-05 18:05:42.078  9544 14226 I art     : Explicit concurrent mark sweep GC freed 9(400B) AllocSpace objects, 0(0B) LOS objects, 27% free, 41MB/57MB, paused 2.600ms total 77.167ms
08-05 18:05:42.353  9544 15377 E baseline.com.newsblur.network.APIResponse: Error (unexpected end of stream on https://www.newsblur.com/...) calling https://www.newsblur.com/reader/mark_story_hashes_as_read/
08-05 18:05:42.353  9544 15377 E baseline.com.newsblur.network.APIResponse: java.io.IOException: unexpected end of stream on https://www.newsblur.com/...
08-05 18:05:42.353  9544 15377 E baseline.com.newsblur.network.APIResponse: 	at okhttp3.internal.http1.Http1ExchangeCodec.readResponseHeaders(Http1ExchangeCodec.java:236)
08-05 18:05:42.353  9544 15377 E baseline.com.newsblur.network.APIResponse: 	at okhttp3.internal.connection.Exchange.readResponseHeaders(Exchange.java:115)
08-05 18:05:42.353  9544 15377 E baseline.com.newsblur.network.APIResponse: 	at okhttp3.internal.http.CallServerInterceptor.intercept(CallServerInterceptor.java:94)
08-05 18:05:42.353  9544 15377 E baseline.com.newsblur.network.APIResponse: 	at okhttp3.internal.http.RealInterceptorChain.proceed(RealInterceptorChain.java:142)
08-05 18:05:42.353  9544 15377 E baseline.com.newsblur.network.APIResponse: 	at okhttp3.internal.connection.ConnectInterceptor.intercept(ConnectInterceptor.java:43)
08-05 18:05:42.353  9544 15377 E baseline.com.newsblur.network.APIResponse: 	at okhttp3.internal.http.RealInterceptorChain.proceed(RealInterceptorChain.java:142)
08-05 18:05:42.353  9544 15377 E baseline.com.newsblur.network.APIResponse: 	at okhttp3.internal.http.RealInterceptorChain.proceed(RealInterceptorChain.java:117)
08-05 18:05:42.353  9544 15377 E baseline.com.newsblur.network.APIResponse: 	at okhttp3.internal.cache.CacheInterceptor.intercept(CacheInterceptor.java:94)
08-05 18:05:42.353  9544 15377 E baseline.com.newsblur.network.APIResponse: 	at okhttp3.internal.http.RealInterceptorChain.proceed(RealInterceptorChain.java:142)
08-05 18:05:42.353  9544 15377 E baseline.com.newsblur.network.APIResponse: 	at okhttp3.internal.http.RealInterceptorChain.proceed(RealInterceptorChain.java:117)
08-05 18:05:42.353  9544 15377 E baseline.com.newsblur.network.APIResponse: 	at okhttp3.internal.http.BridgeInterceptor.intercept(BridgeInterceptor.java:93)
08-05 18:05:42.353  9544 15377 E baseline.com.newsblur.network.APIResponse: 	at okhttp3.internal.http.RealInterceptorChain.proceed(RealInterceptorChain.java:142)
08-05 18:05:42.353  9544 15377 E baseline.com.newsblur.network.APIResponse: 	at okhttp3.internal.http.RetryAndFollowUpInterceptor.intercept(RetryAndFollowUpInterceptor.java:88)
08-05 18:05:42.353  9544 15377 E baseline.com.newsblur.network.APIResponse: 	at okhttp3.internal.http.RealInterceptorChain.proceed(RealInterceptorChain.java:142)
08-05 18:05:42.353  9544 15377 E baseline.com.newsblur.network.APIResponse: 	at okhttp3.internal.http.RealInterceptorChain.proceed(RealInterceptorChain.java:117)
08-05 18:05:42.353  9544 15377 E baseline.com.newsblur.network.APIResponse: 	at okhttp3.RealCall.getResponseWithInterceptorChain(RealCall.java:229)
08-05 18:05:42.353  9544 15377 E baseline.com.newsblur.network.APIResponse: 	at okhttp3.RealCall.execute(RealCall.java:81)
08-05 18:05:42.353  9544 15377 E baseline.com.newsblur.network.APIResponse: 	at baseline.com.newsblur.network.APIResponse.<init>(APIResponse.java:57)
08-05 18:05:42.353  9544 15377 E baseline.com.newsblur.network.APIResponse: 	at baseline.com.newsblur.network.APIResponse.<init>(APIResponse.java:43)
08-05 18:05:42.353  9544 15377 E baseline.com.newsblur.network.APIResponse: 	at baseline.com.newsblur.network.APIManager.post_single(APIManager.java:702)
08-05 18:05:42.353  9544 15377 E baseline.com.newsblur.network.APIResponse: 	at baseline.com.newsblur.network.APIManager.post(APIManager.java:675)
08-05 18:05:42.353  9544 15377 E baseline.com.newsblur.network.APIResponse: 	at baseline.com.newsblur.network.APIManager.post(APIManager.java:714)
08-05 18:05:42.353  9544 15377 E baseline.com.newsblur.network.APIResponse: 	at baseline.com.newsblur.network.APIManager.markStoryAsRead(APIManager.java:205)
08-05 18:05:42.353  9544 15377 E baseline.com.newsblur.network.APIResponse: 	at baseline.com.newsblur.util.ReadingAction.doRemote(ReadingAction.java:281)
08-05 18:05:42.353  9544 15377 E baseline.com.newsblur.network.APIResponse: 	at baseline.com.newsblur.service.NBSyncService.syncActions(NBSyncService.java:400)
08-05 18:05:42.353  9544 15377 E baseline.com.newsblur.network.APIResponse: 	at baseline.com.newsblur.service.NBSyncService.doSync(NBSyncService.java:298)
08-05 18:05:42.353  9544 15377 E baseline.com.newsblur.network.APIResponse: 	at baseline.com.newsblur.service.NBSyncService.access$100(NBSyncService.java:67)
08-05 18:05:42.353  9544 15377 E baseline.com.newsblur.network.APIResponse: 	at baseline.com.newsblur.service.NBSyncService$1.run(NBSyncService.java:188)
08-05 18:05:42.353  9544 15377 E baseline.com.newsblur.network.APIResponse: 	at java.util.concurrent.ThreadPoolExecutor.runWorker(ThreadPoolExecutor.java:1113)
08-05 18:05:42.353  9544 15377 E baseline.com.newsblur.network.APIResponse: 	at java.util.concurrent.ThreadPoolExecutor$Worker.run(ThreadPoolExecutor.java:588)
08-05 18:05:42.353  9544 15377 E baseline.com.newsblur.network.APIResponse: 	at java.lang.Thread.run(Thread.java:818)
08-05 18:05:42.353  9544 15377 E baseline.com.newsblur.network.APIResponse: Caused by: java.io.EOFException: \n not found: limit=0 content=
08-05 18:05:42.353  9544 15377 E baseline.com.newsblur.network.APIResponse: 	at okio.RealBufferedSource.readUtf8LineStrict(RealBufferedSource.java:240)
08-05 18:05:42.353  9544 15377 E baseline.com.newsblur.network.APIResponse: 	at okhttp3.internal.http1.Http1ExchangeCodec.readHeaderLine(Http1ExchangeCodec.java:242)
08-05 18:05:42.353  9544 15377 E baseline.com.newsblur.network.APIResponse: 	at okhttp3.internal.http1.Http1ExchangeCodec.readResponseHeaders(Http1ExchangeCodec.java:213)
08-05 18:05:42.353  9544 15377 E baseline.com.newsblur.network.APIResponse: 	... 30 more
08-05 18:05:42.355  9544 15377 I baseline.com.newsblur.service.NBSyncService: Holding reading action with server-side or network error.
08-05 18:05:42.364  9544 15377 W baseline.com.newsblur.service.NBSyncService: hard API failure
08-05 18:05:42.538  9544 13631 I art     : Starting a blocking GC Explicit
08-05 18:05:42.617  9544 13631 I art     : Explicit concurrent mark sweep GC freed 4353(407KB) AllocSpace objects, 5(100KB) LOS objects, 27% free, 41MB/57MB, paused 2.314ms total 78.521ms
08-05 18:05:42.640  9544 13631 I art     : Starting a blocking GC Explicit
08-05 18:05:42.716  9544 13631 I art     : Explicit concurrent mark sweep GC freed 568(23KB) AllocSpace objects, 0(0B) LOS objects, 27% free, 42MB/58MB, paused 2.916ms total 75.817ms
08-05 18:05:42.738  9544 13631 I art     : Starting a blocking GC Explicit
08-05 18:05:42.769  9544 15377 E baseline.com.newsblur.network.APIResponse: Error (unexpected end of stream on https://www.newsblur.com/...) calling https://www.newsblur.com/reader/mark_story_hashes_as_read/
08-05 18:05:42.769  9544 15377 E baseline.com.newsblur.network.APIResponse: java.io.IOException: unexpected end of stream on https://www.newsblur.com/...
08-05 18:05:42.769  9544 15377 E baseline.com.newsblur.network.APIResponse: 	at okhttp3.internal.http1.Http1ExchangeCodec.readResponseHeaders(Http1ExchangeCodec.java:236)
08-05 18:05:42.769  9544 15377 E baseline.com.newsblur.network.APIResponse: 	at okhttp3.internal.connection.Exchange.readResponseHeaders(Exchange.java:115)
08-05 18:05:42.769  9544 15377 E baseline.com.newsblur.network.APIResponse: 	at okhttp3.internal.http.CallServerInterceptor.intercept(CallServerInterceptor.java:94)
08-05 18:05:42.769  9544 15377 E baseline.com.newsblur.network.APIResponse: 	at okhttp3.internal.http.RealInterceptorChain.proceed(RealInterceptorChain.java:142)
08-05 18:05:42.769  9544 15377 E baseline.com.newsblur.network.APIResponse: 	at okhttp3.internal.connection.ConnectInterceptor.intercept(ConnectInterceptor.java:43)
08-05 18:05:42.769  9544 15377 E baseline.com.newsblur.network.APIResponse: 	at okhttp3.internal.http.RealInterceptorChain.proceed(RealInterceptorChain.java:142)
08-05 18:05:42.769  9544 15377 E baseline.com.newsblur.network.APIResponse: 	at okhttp3.internal.http.RealInterceptorChain.proceed(RealInterceptorChain.java:117)
08-05 18:05:42.769  9544 15377 E baseline.com.newsblur.network.APIResponse: 	at okhttp3.internal.cache.CacheInterceptor.intercept(CacheInterceptor.java:94)
08-05 18:05:42.769  9544 15377 E baseline.com.newsblur.network.APIResponse: 	at okhttp3.internal.http.RealInterceptorChain.proceed(RealInterceptorChain.java:142)
08-05 18:05:42.769  9544 15377 E baseline.com.newsblur.network.APIResponse: 	at okhttp3.internal.http.RealInterceptorChain.proceed(RealInterceptorChain.java:117)
08-05 18:05:42.769  9544 15377 E baseline.com.newsblur.network.APIResponse: 	at okhttp3.internal.http.BridgeInterceptor.intercept(BridgeInterceptor.java:93)
08-05 18:05:42.769  9544 15377 E baseline.com.newsblur.network.APIResponse: 	at okhttp3.internal.http.RealInterceptorChain.proceed(RealInterceptorChain.java:142)
08-05 18:05:42.769  9544 15377 E baseline.com.newsblur.network.APIResponse: 	at okhttp3.internal.http.RetryAndFollowUpInterceptor.intercept(RetryAndFollowUpInterceptor.java:88)
08-05 18:05:42.769  9544 15377 E baseline.com.newsblur.network.APIResponse: 	at okhttp3.internal.http.RealInterceptorChain.proceed(RealInterceptorChain.java:142)
08-05 18:05:42.769  9544 15377 E baseline.com.newsblur.network.APIResponse: 	at okhttp3.internal.http.RealInterceptorChain.proceed(RealInterceptorChain.java:117)
08-05 18:05:42.769  9544 15377 E baseline.com.newsblur.network.APIResponse: 	at okhttp3.RealCall.getResponseWithInterceptorChain(RealCall.java:229)
08-05 18:05:42.769  9544 15377 E baseline.com.newsblur.network.APIResponse: 	at okhttp3.RealCall.execute(RealCall.java:81)
08-05 18:05:42.769  9544 15377 E baseline.com.newsblur.network.APIResponse: 	at baseline.com.newsblur.network.APIResponse.<init>(APIResponse.java:57)
08-05 18:05:42.769  9544 15377 E baseline.com.newsblur.network.APIResponse: 	at baseline.com.newsblur.network.APIResponse.<init>(APIResponse.java:43)
08-05 18:05:42.769  9544 15377 E baseline.com.newsblur.network.APIResponse: 	at baseline.com.newsblur.network.APIManager.post_single(APIManager.java:702)
08-05 18:05:42.769  9544 15377 E baseline.com.newsblur.network.APIResponse: 	at baseline.com.newsblur.network.APIManager.post(APIManager.java:675)
08-05 18:05:42.769  9544 15377 E baseline.com.newsblur.network.APIResponse: 	at baseline.com.newsblur.network.APIManager.post(APIManager.java:714)
08-05 18:05:42.769  9544 15377 E baseline.com.newsblur.network.APIResponse: 	at baseline.com.newsblur.network.APIManager.markStoryAsRead(APIManager.java:205)
08-05 18:05:42.769  9544 15377 E baseline.com.newsblur.network.APIResponse: 	at baseline.com.newsblur.util.ReadingAction.doRemote(ReadingAction.java:281)
08-05 18:05:42.769  9544 15377 E baseline.com.newsblur.network.APIResponse: 	at baseline.com.newsblur.service.NBSyncService.syncActions(NBSyncService.java:400)
08-05 18:05:42.769  9544 15377 E baseline.com.newsblur.network.APIResponse: 	at baseline.com.newsblur.service.NBSyncService.doSync(NBSyncService.java:298)
08-05 18:05:42.769  9544 15377 E baseline.com.newsblur.network.APIResponse: 	at baseline.com.newsblur.service.NBSyncService.access$100(NBSyncService.java:67)
08-05 18:05:42.769  9544 15377 E baseline.com.newsblur.network.APIResponse: 	at baseline.com.newsblur.service.NBSyncService$1.run(NBSyncService.java:188)
08-05 18:05:42.769  9544 15377 E baseline.com.newsblur.network.APIResponse: 	at java.util.concurrent.ThreadPoolExecutor.runWorker(ThreadPoolExecutor.java:1113)
08-05 18:05:42.769  9544 15377 E baseline.com.newsblur.network.APIResponse: 	at java.util.concurrent.ThreadPoolExecutor$Worker.run(ThreadPoolExecutor.java:588)
08-05 18:05:42.769  9544 15377 E baseline.com.newsblur.network.APIResponse: 	at java.lang.Thread.run(Thread.java:818)
08-05 18:05:42.769  9544 15377 E baseline.com.newsblur.network.APIResponse: Caused by: java.io.EOFException: \n not found: limit=0 content=
08-05 18:05:42.769  9544 15377 E baseline.com.newsblur.network.APIResponse: 	at okio.RealBufferedSource.readUtf8LineStrict(RealBufferedSource.java:240)
08-05 18:05:42.769  9544 15377 E baseline.com.newsblur.network.APIResponse: 	at okhttp3.internal.http1.Http1ExchangeCodec.readHeaderLine(Http1ExchangeCodec.java:242)
08-05 18:05:42.769  9544 15377 E baseline.com.newsblur.network.APIResponse: 	at okhttp3.internal.http1.Http1ExchangeCodec.readResponseHeaders(Http1ExchangeCodec.java:213)
08-05 18:05:42.769  9544 15377 E baseline.com.newsblur.network.APIResponse: 	... 30 more
08-05 18:05:42.771  9544 15377 I baseline.com.newsblur.network.APIManager: API call failed, pausing before retry number 1
08-05 18:05:42.815  9544 13631 I art     : Explicit concurrent mark sweep GC freed 2017(241KB) AllocSpace objects, 2(40KB) LOS objects, 27% free, 42MB/58MB, paused 2.273ms total 76.498ms
08-05 18:05:42.837  9544 13631 I art     : Starting a blocking GC Explicit
08-05 18:05:42.887   518   646 I ThermalEngine: ACTION: GPU - Setting GPU[0] to 450000000
08-05 18:05:42.910  9544 13631 I art     : Explicit concurrent mark sweep GC freed 122(16KB) AllocSpace objects, 0(0B) LOS objects, 27% free, 41MB/57MB, paused 1.490ms total 72.618ms
08-05 18:05:42.925  9544 13631 I art     : Starting a blocking GC Explicit
08-05 18:05:42.988  9544 13631 I art     : Explicit concurrent mark sweep GC freed 25(832B) AllocSpace objects, 0(0B) LOS objects, 27% free, 41MB/57MB, paused 1.591ms total 62.669ms
08-05 18:05:43.389  9544  9573 I art     : Starting a blocking GC Explicit
08-05 18:05:43.460  9544  9573 I art     : Explicit concurrent mark sweep GC freed 1445(85KB) AllocSpace objects, 1(20KB) LOS objects, 27% free, 41MB/57MB, paused 1.840ms total 70.823ms
08-05 18:05:43.478  9544  9573 I art     : Starting a blocking GC Explicit
08-05 18:05:43.543  9544  9573 I art     : Explicit concurrent mark sweep GC freed 22(784B) AllocSpace objects, 0(0B) LOS objects, 27% free, 41MB/57MB, paused 1.612ms total 65.072ms
08-05 18:05:43.559  9544  9573 I art     : Starting a blocking GC Explicit
08-05 18:05:43.626  9544  9573 I art     : Explicit concurrent mark sweep GC freed 3(96B) AllocSpace objects, 0(0B) LOS objects, 27% free, 41MB/57MB, paused 1.563ms total 67.103ms
08-05 18:05:43.643  9544  9573 I art     : Starting a blocking GC Explicit
08-05 18:05:43.711  9544  9573 I art     : Explicit concurrent mark sweep GC freed 3(96B) AllocSpace objects, 0(0B) LOS objects, 27% free, 41MB/57MB, paused 1.660ms total 67.701ms
08-05 18:05:43.727  9544  9573 I art     : Starting a blocking GC Explicit
08-05 18:05:43.791  9544  9573 I art     : Explicit concurrent mark sweep GC freed 3(96B) AllocSpace objects, 0(0B) LOS objects, 27% free, 41MB/57MB, paused 1.686ms total 64.145ms
08-05 18:05:44.221  9544  9570 I art     : Starting a blocking GC Explicit
08-05 18:05:44.285  9544  9570 I art     : Explicit concurrent mark sweep GC freed 1533(86KB) AllocSpace objects, 1(20KB) LOS objects, 27% free, 41MB/57MB, paused 1.667ms total 63.694ms
08-05 18:05:44.300  9544  9570 I art     : Starting a blocking GC Explicit
08-05 18:05:44.368  9544  9570 I art     : Explicit concurrent mark sweep GC freed 89(3KB) AllocSpace objects, 0(0B) LOS objects, 27% free, 41MB/57MB, paused 1.781ms total 67.614ms
08-05 18:05:44.388  9544  9570 I art     : Starting a blocking GC Explicit
08-05 18:05:44.453  9544  9570 I art     : Explicit concurrent mark sweep GC freed 16(2576B) AllocSpace objects, 0(0B) LOS objects, 27% free, 41MB/57MB, paused 1.544ms total 65.155ms
08-05 18:05:44.468  9544  9570 I art     : Starting a blocking GC Explicit
08-05 18:05:44.533  9544  9570 I art     : Explicit concurrent mark sweep GC freed 3(96B) AllocSpace objects, 0(0B) LOS objects, 27% free, 41MB/57MB, paused 1.656ms total 65.067ms
08-05 18:05:44.549  9544  9570 I art     : Starting a blocking GC Explicit
08-05 18:05:44.616  9544  9570 I art     : Explicit concurrent mark sweep GC freed 3(96B) AllocSpace objects, 0(0B) LOS objects, 27% free, 41MB/57MB, paused 1.593ms total 67.598ms
08-05 18:05:44.825  9544 15377 E baseline.com.newsblur.network.APIResponse: Error (unexpected end of stream on https://www.newsblur.com/...) calling https://www.newsblur.com/reader/mark_story_hashes_as_read/
08-05 18:05:44.825  9544 15377 E baseline.com.newsblur.network.APIResponse: java.io.IOException: unexpected end of stream on https://www.newsblur.com/...
08-05 18:05:44.825  9544 15377 E baseline.com.newsblur.network.APIResponse: 	at okhttp3.internal.http1.Http1ExchangeCodec.readResponseHeaders(Http1ExchangeCodec.java:236)
08-05 18:05:44.825  9544 15377 E baseline.com.newsblur.network.APIResponse: 	at okhttp3.internal.connection.Exchange.readResponseHeaders(Exchange.java:115)
08-05 18:05:44.825  9544 15377 E baseline.com.newsblur.network.APIResponse: 	at okhttp3.internal.http.CallServerInterceptor.intercept(CallServerInterceptor.java:94)
08-05 18:05:44.825  9544 15377 E baseline.com.newsblur.network.APIResponse: 	at okhttp3.internal.http.RealInterceptorChain.proceed(RealInterceptorChain.java:142)
08-05 18:05:44.825  9544 15377 E baseline.com.newsblur.network.APIResponse: 	at okhttp3.internal.connection.ConnectInterceptor.intercept(ConnectInterceptor.java:43)
08-05 18:05:44.825  9544 15377 E baseline.com.newsblur.network.APIResponse: 	at okhttp3.internal.http.RealInterceptorChain.proceed(RealInterceptorChain.java:142)
08-05 18:05:44.825  9544 15377 E baseline.com.newsblur.network.APIResponse: 	at okhttp3.internal.http.RealInterceptorChain.proceed(RealInterceptorChain.java:117)
08-05 18:05:44.825  9544 15377 E baseline.com.newsblur.network.APIResponse: 	at okhttp3.internal.cache.CacheInterceptor.intercept(CacheInterceptor.java:94)
08-05 18:05:44.825  9544 15377 E baseline.com.newsblur.network.APIResponse: 	at okhttp3.internal.http.RealInterceptorChain.proceed(RealInterceptorChain.java:142)
08-05 18:05:44.825  9544 15377 E baseline.com.newsblur.network.APIResponse: 	at okhttp3.internal.http.RealInterceptorChain.proceed(RealInterceptorChain.java:117)
08-05 18:05:44.825  9544 15377 E baseline.com.newsblur.network.APIResponse: 	at okhttp3.internal.http.BridgeInterceptor.intercept(BridgeInterceptor.java:93)
08-05 18:05:44.825  9544 15377 E baseline.com.newsblur.network.APIResponse: 	at okhttp3.internal.http.RealInterceptorChain.proceed(RealInterceptorChain.java:142)
08-05 18:05:44.825  9544 15377 E baseline.com.newsblur.network.APIResponse: 	at okhttp3.internal.http.RetryAndFollowUpInterceptor.intercept(RetryAndFollowUpInterceptor.java:88)
08-05 18:05:44.825  9544 15377 E baseline.com.newsblur.network.APIResponse: 	at okhttp3.internal.http.RealInterceptorChain.proceed(RealInterceptorChain.java:142)
08-05 18:05:44.825  9544 15377 E baseline.com.newsblur.network.APIResponse: 	at okhttp3.internal.http.RealInterceptorChain.proceed(RealInterceptorChain.java:117)
08-05 18:05:44.825  9544 15377 E baseline.com.newsblur.network.APIResponse: 	at okhttp3.RealCall.getResponseWithInterceptorChain(RealCall.java:229)
08-05 18:05:44.825  9544 15377 E baseline.com.newsblur.network.APIResponse: 	at okhttp3.RealCall.execute(RealCall.java:81)
08-05 18:05:44.825  9544 15377 E baseline.com.newsblur.network.APIResponse: 	at baseline.com.newsblur.network.APIResponse.<init>(APIResponse.java:57)
08-05 18:05:44.825  9544 15377 E baseline.com.newsblur.network.APIResponse: 	at baseline.com.newsblur.network.APIResponse.<init>(APIResponse.java:43)
08-05 18:05:44.825  9544 15377 E baseline.com.newsblur.network.APIResponse: 	at baseline.com.newsblur.network.APIManager.post_single(APIManager.java:702)
08-05 18:05:44.825  9544 15377 E baseline.com.newsblur.network.APIResponse: 	at baseline.com.newsblur.network.APIManager.post(APIManager.java:675)
08-05 18:05:44.825  9544 15377 E baseline.com.newsblur.network.APIResponse: 	at baseline.com.newsblur.network.APIManager.post(APIManager.java:714)
08-05 18:05:44.825  9544 15377 E baseline.com.newsblur.network.APIResponse: 	at baseline.com.newsblur.network.APIManager.markStoryAsRead(APIManager.java:205)
08-05 18:05:44.825  9544 15377 E baseline.com.newsblur.network.APIResponse: 	at baseline.com.newsblur.util.ReadingAction.doRemote(ReadingAction.java:281)
08-05 18:05:44.825  9544 15377 E baseline.com.newsblur.network.APIResponse: 	at baseline.com.newsblur.service.NBSyncService.syncActions(NBSyncService.java:400)
08-05 18:05:44.825  9544 15377 E baseline.com.newsblur.network.APIResponse: 	at baseline.com.newsblur.service.NBSyncService.doSync(NBSyncService.java:298)
08-05 18:05:44.825  9544 15377 E baseline.com.newsblur.network.APIResponse: 	at baseline.com.newsblur.service.NBSyncService.access$100(NBSyncService.java:67)
08-05 18:05:44.825  9544 15377 E baseline.com.newsblur.network.APIResponse: 	at baseline.com.newsblur.service.NBSyncService$1.run(NBSyncService.java:188)
08-05 18:05:44.825  9544 15377 E baseline.com.newsblur.network.APIResponse: 	at java.util.concurrent.ThreadPoolExecutor.runWorker(ThreadPoolExecutor.java:1113)
08-05 18:05:44.825  9544 15377 E baseline.com.newsblur.network.APIResponse: 	at java.util.concurrent.ThreadPoolExecutor$Worker.run(ThreadPoolExecutor.java:588)
08-05 18:05:44.825  9544 15377 E baseline.com.newsblur.network.APIResponse: 	at java.lang.Thread.run(Thread.java:818)
08-05 18:05:44.825  9544 15377 E baseline.com.newsblur.network.APIResponse: Caused by: java.io.EOFException: \n not found: limit=0 content=
08-05 18:05:44.825  9544 15377 E baseline.com.newsblur.network.APIResponse: 	at okio.RealBufferedSource.readUtf8LineStrict(RealBufferedSource.java:240)
08-05 18:05:44.825  9544 15377 E baseline.com.newsblur.network.APIResponse: 	at okhttp3.internal.http1.Http1ExchangeCodec.readHeaderLine(Http1ExchangeCodec.java:242)
08-05 18:05:44.825  9544 15377 E baseline.com.newsblur.network.APIResponse: 	at okhttp3.internal.http1.Http1ExchangeCodec.readResponseHeaders(Http1ExchangeCodec.java:213)
08-05 18:05:44.825  9544 15377 E baseline.com.newsblur.network.APIResponse: 	... 30 more
08-05 18:05:44.826  9544 15377 I baseline.com.newsblur.network.APIManager: API call failed, pausing before retry number 2
08-05 18:05:45.030  9544 13634 I art     : Starting a blocking GC Explicit
08-05 18:05:45.101  9544 13634 I art     : Explicit concurrent mark sweep GC freed 3949(357KB) AllocSpace objects, 3(60KB) LOS objects, 27% free, 41MB/57MB, paused 1.628ms total 70.114ms
08-05 18:05:45.102  9544  9563 I art     : WaitForGcToComplete blocked for 68.747ms for cause HeapTrim
08-05 18:05:45.119  9544 13634 I art     : Starting a blocking GC Explicit
08-05 18:05:45.180  9544 13634 I art     : Explicit concurrent mark sweep GC freed 109(3KB) AllocSpace objects, 0(0B) LOS objects, 27% free, 41MB/57MB, paused 1.617ms total 61.210ms
08-05 18:05:45.195  9544 13634 I art     : Starting a blocking GC Explicit
08-05 18:05:45.262  9544 13634 I art     : Explicit concurrent mark sweep GC freed 3(96B) AllocSpace objects, 0(0B) LOS objects, 27% free, 41MB/57MB, paused 1.625ms total 66.344ms
08-05 18:05:45.277  9544 13634 I art     : Starting a blocking GC Explicit
08-05 18:05:45.343  9544 13634 I art     : Explicit concurrent mark sweep GC freed 3(96B) AllocSpace objects, 0(0B) LOS objects, 27% free, 41MB/57MB, paused 1.591ms total 66.053ms
08-05 18:05:45.359  9544 13634 I art     : Starting a blocking GC Explicit
08-05 18:05:45.426  9544 13634 I art     : Explicit concurrent mark sweep GC freed 3(96B) AllocSpace objects, 0(0B) LOS objects, 27% free, 41MB/57MB, paused 1.673ms total 67.042ms
08-05 18:05:45.847  9544 14226 I art     : Starting a blocking GC Explicit
08-05 18:05:45.915  9544 14226 I art     : Explicit concurrent mark sweep GC freed 1441(82KB) AllocSpace objects, 1(20KB) LOS objects, 27% free, 41MB/57MB, paused 1.657ms total 67.207ms
08-05 18:05:45.932  9544 14226 I art     : Starting a blocking GC Explicit
08-05 18:05:46.000  9544 14226 I art     : Explicit concurrent mark sweep GC freed 22(784B) AllocSpace objects, 0(0B) LOS objects, 27% free, 41MB/57MB, paused 1.632ms total 66.962ms
08-05 18:05:46.015  9544 14226 I art     : Starting a blocking GC Explicit
08-05 18:05:46.082  9544 14226 I art     : Explicit concurrent mark sweep GC freed 3(96B) AllocSpace objects, 0(0B) LOS objects, 27% free, 41MB/57MB, paused 1.664ms total 66.912ms
08-05 18:05:46.097  9544 14226 I art     : Starting a blocking GC Explicit
08-05 18:05:46.163  9544 14226 I art     : Explicit concurrent mark sweep GC freed 3(96B) AllocSpace objects, 0(0B) LOS objects, 27% free, 41MB/57MB, paused 1.490ms total 66.130ms
08-05 18:05:46.179  9544 14226 I art     : Starting a blocking GC Explicit
08-05 18:05:46.248  9544 14226 I art     : Explicit concurrent mark sweep GC freed 3(96B) AllocSpace objects, 0(0B) LOS objects, 27% free, 41MB/57MB, paused 1.650ms total 68.701ms
08-05 18:05:46.675  9544 13631 I art     : Starting a blocking GC Explicit
08-05 18:05:46.746  9544 13631 I art     : Explicit concurrent mark sweep GC freed 1441(82KB) AllocSpace objects, 1(20KB) LOS objects, 27% free, 41MB/57MB, paused 1.524ms total 70.227ms
08-05 18:05:46.765  9544 13631 I art     : Starting a blocking GC Explicit
08-05 18:05:46.830  9544 13631 I art     : Explicit concurrent mark sweep GC freed 22(784B) AllocSpace objects, 0(0B) LOS objects, 27% free, 41MB/57MB, paused 1.606ms total 64.902ms
08-05 18:05:46.845  9544 13631 I art     : Starting a blocking GC Explicit
08-05 18:05:46.910  9544 13631 I art     : Explicit concurrent mark sweep GC freed 3(96B) AllocSpace objects, 0(0B) LOS objects, 27% free, 41MB/57MB, paused 1.654ms total 64.848ms
08-05 18:05:46.925  9544 13631 I art     : Starting a blocking GC Explicit
08-05 18:05:46.993  9544 13631 I art     : Explicit concurrent mark sweep GC freed 3(96B) AllocSpace objects, 0(0B) LOS objects, 27% free, 41MB/57MB, paused 1.607ms total 67.753ms
08-05 18:05:47.008  9544 13631 I art     : Starting a blocking GC Explicit
08-05 18:05:47.074  9544 13631 I art     : Explicit concurrent mark sweep GC freed 3(96B) AllocSpace objects, 0(0B) LOS objects, 27% free, 41MB/57MB, paused 1.603ms total 65.302ms
08-05 18:05:47.479  9544  9573 I art     : Starting a blocking GC Explicit
08-05 18:05:47.547  9544  9573 I art     : Explicit concurrent mark sweep GC freed 1441(82KB) AllocSpace objects, 1(20KB) LOS objects, 27% free, 41MB/57MB, paused 1.607ms total 68.241ms
08-05 18:05:47.563  9544  9573 I art     : Starting a blocking GC Explicit
08-05 18:05:47.631  9544  9573 I art     : Explicit concurrent mark sweep GC freed 22(784B) AllocSpace objects, 0(0B) LOS objects, 27% free, 41MB/57MB, paused 1.674ms total 67.588ms
08-05 18:05:47.649  9544  9573 I art     : Starting a blocking GC Explicit
08-05 18:05:47.713  9544  9573 I art     : Explicit concurrent mark sweep GC freed 3(96B) AllocSpace objects, 0(0B) LOS objects, 27% free, 41MB/57MB, paused 1.613ms total 63.800ms
08-05 18:05:47.718 12013 12013 I ServiceManager: Waiting for service AtCmdFwd...
08-05 18:05:47.728  9544  9573 I art     : Starting a blocking GC Explicit
08-05 18:05:47.794  9544  9573 I art     : Explicit concurrent mark sweep GC freed 3(96B) AllocSpace objects, 0(0B) LOS objects, 27% free, 41MB/57MB, paused 1.537ms total 66.087ms
08-05 18:05:47.810  9544  9573 I art     : Starting a blocking GC Explicit
08-05 18:05:47.876  9544  9573 I art     : Explicit concurrent mark sweep GC freed 94(3KB) AllocSpace objects, 0(0B) LOS objects, 27% free, 41MB/57MB, paused 1.690ms total 66.348ms
08-05 18:05:48.277  9544  9570 I art     : Starting a blocking GC Explicit
08-05 18:05:48.343  9544  9570 I art     : Explicit concurrent mark sweep GC freed 1737(97KB) AllocSpace objects, 1(20KB) LOS objects, 27% free, 41MB/57MB, paused 1.686ms total 65.051ms
08-05 18:05:48.358  9544  9570 I art     : Starting a blocking GC Explicit
08-05 18:05:48.399  9544 15377 E baseline.com.newsblur.network.APIResponse: Error (unexpected end of stream on https://www.newsblur.com/...) calling https://www.newsblur.com/reader/mark_story_hashes_as_read/
08-05 18:05:48.399  9544 15377 E baseline.com.newsblur.network.APIResponse: java.io.IOException: unexpected end of stream on https://www.newsblur.com/...
08-05 18:05:48.399  9544 15377 E baseline.com.newsblur.network.APIResponse: 	at okhttp3.internal.http1.Http1ExchangeCodec.readResponseHeaders(Http1ExchangeCodec.java:236)
08-05 18:05:48.399  9544 15377 E baseline.com.newsblur.network.APIResponse: 	at okhttp3.internal.connection.Exchange.readResponseHeaders(Exchange.java:115)
08-05 18:05:48.399  9544 15377 E baseline.com.newsblur.network.APIResponse: 	at okhttp3.internal.http.CallServerInterceptor.intercept(CallServerInterceptor.java:94)
08-05 18:05:48.399  9544 15377 E baseline.com.newsblur.network.APIResponse: 	at okhttp3.internal.http.RealInterceptorChain.proceed(RealInterceptorChain.java:142)
08-05 18:05:48.399  9544 15377 E baseline.com.newsblur.network.APIResponse: 	at okhttp3.internal.connection.ConnectInterceptor.intercept(ConnectInterceptor.java:43)
08-05 18:05:48.399  9544 15377 E baseline.com.newsblur.network.APIResponse: 	at okhttp3.internal.http.RealInterceptorChain.proceed(RealInterceptorChain.java:142)
08-05 18:05:48.399  9544 15377 E baseline.com.newsblur.network.APIResponse: 	at okhttp3.internal.http.RealInterceptorChain.proceed(RealInterceptorChain.java:117)
08-05 18:05:48.399  9544 15377 E baseline.com.newsblur.network.APIResponse: 	at okhttp3.internal.cache.CacheInterceptor.intercept(CacheInterceptor.java:94)
08-05 18:05:48.399  9544 15377 E baseline.com.newsblur.network.APIResponse: 	at okhttp3.internal.http.RealInterceptorChain.proceed(RealInterceptorChain.java:142)
08-05 18:05:48.399  9544 15377 E baseline.com.newsblur.network.APIResponse: 	at okhttp3.internal.http.RealInterceptorChain.proceed(RealInterceptorChain.java:117)
08-05 18:05:48.399  9544 15377 E baseline.com.newsblur.network.APIResponse: 	at okhttp3.internal.http.BridgeInterceptor.intercept(BridgeInterceptor.java:93)
08-05 18:05:48.399  9544 15377 E baseline.com.newsblur.network.APIResponse: 	at okhttp3.internal.http.RealInterceptorChain.proceed(RealInterceptorChain.java:142)
08-05 18:05:48.399  9544 15377 E baseline.com.newsblur.network.APIResponse: 	at okhttp3.internal.http.RetryAndFollowUpInterceptor.intercept(RetryAndFollowUpInterceptor.java:88)
08-05 18:05:48.399  9544 15377 E baseline.com.newsblur.network.APIResponse: 	at okhttp3.internal.http.RealInterceptorChain.proceed(RealInterceptorChain.java:142)
08-05 18:05:48.399  9544 15377 E baseline.com.newsblur.network.APIResponse: 	at okhttp3.internal.http.RealInterceptorChain.proceed(RealInterceptorChain.java:117)
08-05 18:05:48.399  9544 15377 E baseline.com.newsblur.network.APIResponse: 	at okhttp3.RealCall.getResponseWithInterceptorChain(RealCall.java:229)
08-05 18:05:48.399  9544 15377 E baseline.com.newsblur.network.APIResponse: 	at okhttp3.RealCall.execute(RealCall.java:81)
08-05 18:05:48.399  9544 15377 E baseline.com.newsblur.network.APIResponse: 	at baseline.com.newsblur.network.APIResponse.<init>(APIResponse.java:57)
08-05 18:05:48.399  9544 15377 E baseline.com.newsblur.network.APIResponse: 	at baseline.com.newsblur.network.APIResponse.<init>(APIResponse.java:43)
08-05 18:05:48.399  9544 15377 E baseline.com.newsblur.network.APIResponse: 	at baseline.com.newsblur.network.APIManager.post_single(APIManager.java:702)
08-05 18:05:48.399  9544 15377 E baseline.com.newsblur.network.APIResponse: 	at baseline.com.newsblur.network.APIManager.post(APIManager.java:675)
08-05 18:05:48.399  9544 15377 E baseline.com.newsblur.network.APIResponse: 	at baseline.com.newsblur.network.APIManager.post(APIManager.java:714)
08-05 18:05:48.399  9544 15377 E baseline.com.newsblur.network.APIResponse: 	at baseline.com.newsblur.network.APIManager.markStoryAsRead(APIManager.java:205)
08-05 18:05:48.399  9544 15377 E baseline.com.newsblur.network.APIResponse: 	at baseline.com.newsblur.util.ReadingAction.doRemote(ReadingAction.java:281)
08-05 18:05:48.399  9544 15377 E baseline.com.newsblur.network.APIResponse: 	at baseline.com.newsblur.service.NBSyncService.syncActions(NBSyncService.java:400)
08-05 18:05:48.399  9544 15377 E baseline.com.newsblur.network.APIResponse: 	at baseline.com.newsblur.service.NBSyncService.doSync(NBSyncService.java:298)
08-05 18:05:48.399  9544 15377 E baseline.com.newsblur.network.APIResponse: 	at baseline.com.newsblur.service.NBSyncService.access$100(NBSyncService.java:67)
08-05 18:05:48.399  9544 15377 E baseline.com.newsblur.network.APIResponse: 	at baseline.com.newsblur.service.NBSyncService$1.run(NBSyncService.java:188)
08-05 18:05:48.399  9544 15377 E baseline.com.newsblur.network.APIResponse: 	at java.util.concurrent.ThreadPoolExecutor.runWorker(ThreadPoolExecutor.java:1113)
08-05 18:05:48.399  9544 15377 E baseline.com.newsblur.network.APIResponse: 	at java.util.concurrent.ThreadPoolExecutor$Worker.run(ThreadPoolExecutor.java:588)
08-05 18:05:48.399  9544 15377 E baseline.com.newsblur.network.APIResponse: 	at java.lang.Thread.run(Thread.java:818)
08-05 18:05:48.399  9544 15377 E baseline.com.newsblur.network.APIResponse: Caused by: java.io.EOFException: \n not found: limit=0 content=
08-05 18:05:48.399  9544 15377 E baseline.com.newsblur.network.APIResponse: 	at okio.RealBufferedSource.readUtf8LineStrict(RealBufferedSource.java:240)
08-05 18:05:48.399  9544 15377 E baseline.com.newsblur.network.APIResponse: 	at okhttp3.internal.http1.Http1ExchangeCodec.readHeaderLine(Http1ExchangeCodec.java:242)
08-05 18:05:48.399  9544 15377 E baseline.com.newsblur.network.APIResponse: 	at okhttp3.internal.http1.Http1ExchangeCodec.readResponseHeaders(Http1ExchangeCodec.java:213)
08-05 18:05:48.399  9544 15377 E baseline.com.newsblur.network.APIResponse: 	... 30 more
08-05 18:05:48.400  9544 15377 I baseline.com.newsblur.service.NBSyncService: Holding reading action with server-side or network error.
08-05 18:05:48.408  9544 15377 W baseline.com.newsblur.service.NBSyncService: hard API failure
08-05 18:05:48.417  9544  9570 I art     : Explicit concurrent mark sweep GC freed 2480(292KB) AllocSpace objects, 4(80KB) LOS objects, 27% free, 42MB/58MB, paused 1.760ms total 59.300ms
08-05 18:05:48.431  9544  9570 I art     : Starting a blocking GC Explicit
08-05 18:05:48.492  9544  9570 I art     : Explicit concurrent mark sweep GC freed 321(26KB) AllocSpace objects, 0(0B) LOS objects, 27% free, 41MB/57MB, paused 1.620ms total 60.056ms
08-05 18:05:48.507  9544  9570 I art     : Starting a blocking GC Explicit
08-05 18:05:48.571  9544  9570 I art     : Explicit concurrent mark sweep GC freed 25(832B) AllocSpace objects, 0(0B) LOS objects, 27% free, 41MB/57MB, paused 1.741ms total 64.342ms
08-05 18:05:48.587  9544  9570 I art     : Starting a blocking GC Explicit
08-05 18:05:48.650  9544  9570 I art     : Explicit concurrent mark sweep GC freed 3(96B) AllocSpace objects, 0(0B) LOS objects, 27% free, 41MB/57MB, paused 1.657ms total 62.492ms
08-05 18:05:48.719 12013 12013 I ServiceManager: Waiting for service AtCmdFwd...
08-05 18:05:48.818  9544 15377 E baseline.com.newsblur.network.APIResponse: Error (unexpected end of stream on https://www.newsblur.com/...) calling https://www.newsblur.com/reader/mark_story_hashes_as_read/
08-05 18:05:48.818  9544 15377 E baseline.com.newsblur.network.APIResponse: java.io.IOException: unexpected end of stream on https://www.newsblur.com/...
08-05 18:05:48.818  9544 15377 E baseline.com.newsblur.network.APIResponse: 	at okhttp3.internal.http1.Http1ExchangeCodec.readResponseHeaders(Http1ExchangeCodec.java:236)
08-05 18:05:48.818  9544 15377 E baseline.com.newsblur.network.APIResponse: 	at okhttp3.internal.connection.Exchange.readResponseHeaders(Exchange.java:115)
08-05 18:05:48.818  9544 15377 E baseline.com.newsblur.network.APIResponse: 	at okhttp3.internal.http.CallServerInterceptor.intercept(CallServerInterceptor.java:94)
08-05 18:05:48.818  9544 15377 E baseline.com.newsblur.network.APIResponse: 	at okhttp3.internal.http.RealInterceptorChain.proceed(RealInterceptorChain.java:142)
08-05 18:05:48.818  9544 15377 E baseline.com.newsblur.network.APIResponse: 	at okhttp3.internal.connection.ConnectInterceptor.intercept(ConnectInterceptor.java:43)
08-05 18:05:48.818  9544 15377 E baseline.com.newsblur.network.APIResponse: 	at okhttp3.internal.http.RealInterceptorChain.proceed(RealInterceptorChain.java:142)
08-05 18:05:48.818  9544 15377 E baseline.com.newsblur.network.APIResponse: 	at okhttp3.internal.http.RealInterceptorChain.proceed(RealInterceptorChain.java:117)
08-05 18:05:48.818  9544 15377 E baseline.com.newsblur.network.APIResponse: 	at okhttp3.internal.cache.CacheInterceptor.intercept(CacheInterceptor.java:94)
08-05 18:05:48.818  9544 15377 E baseline.com.newsblur.network.APIResponse: 	at okhttp3.internal.http.RealInterceptorChain.proceed(RealInterceptorChain.java:142)
08-05 18:05:48.818  9544 15377 E baseline.com.newsblur.network.APIResponse: 	at okhttp3.internal.http.RealInterceptorChain.proceed(RealInterceptorChain.java:117)
08-05 18:05:48.818  9544 15377 E baseline.com.newsblur.network.APIResponse: 	at okhttp3.internal.http.BridgeInterceptor.intercept(BridgeInterceptor.java:93)
08-05 18:05:48.818  9544 15377 E baseline.com.newsblur.network.APIResponse: 	at okhttp3.internal.http.RealInterceptorChain.proceed(RealInterceptorChain.java:142)
08-05 18:05:48.818  9544 15377 E baseline.com.newsblur.network.APIResponse: 	at okhttp3.internal.http.RetryAndFollowUpInterceptor.intercept(RetryAndFollowUpInterceptor.java:88)
08-05 18:05:48.818  9544 15377 E baseline.com.newsblur.network.APIResponse: 	at okhttp3.internal.http.RealInterceptorChain.proceed(RealInterceptorChain.java:142)
08-05 18:05:48.818  9544 15377 E baseline.com.newsblur.network.APIResponse: 	at okhttp3.internal.http.RealInterceptorChain.proceed(RealInterceptorChain.java:117)
08-05 18:05:48.818  9544 15377 E baseline.com.newsblur.network.APIResponse: 	at okhttp3.RealCall.getResponseWithInterceptorChain(RealCall.java:229)
08-05 18:05:48.818  9544 15377 E baseline.com.newsblur.network.APIResponse: 	at okhttp3.RealCall.execute(RealCall.java:81)
08-05 18:05:48.818  9544 15377 E baseline.com.newsblur.network.APIResponse: 	at baseline.com.newsblur.network.APIResponse.<init>(APIResponse.java:57)
08-05 18:05:48.818  9544 15377 E baseline.com.newsblur.network.APIResponse: 	at baseline.com.newsblur.network.APIResponse.<init>(APIResponse.java:43)
08-05 18:05:48.818  9544 15377 E baseline.com.newsblur.network.APIResponse: 	at baseline.com.newsblur.network.APIManager.post_single(APIManager.java:702)
08-05 18:05:48.818  9544 15377 E baseline.com.newsblur.network.APIResponse: 	at baseline.com.newsblur.network.APIManager.post(APIManager.java:675)
08-05 18:05:48.818  9544 15377 E baseline.com.newsblur.network.APIResponse: 	at baseline.com.newsblur.network.APIManager.post(APIManager.java:714)
08-05 18:05:48.818  9544 15377 E baseline.com.newsblur.network.APIResponse: 	at baseline.com.newsblur.network.APIManager.markStoryAsRead(APIManager.java:205)
08-05 18:05:48.818  9544 15377 E baseline.com.newsblur.network.APIResponse: 	at baseline.com.newsblur.util.ReadingAction.doRemote(ReadingAction.java:281)
08-05 18:05:48.818  9544 15377 E baseline.com.newsblur.network.APIResponse: 	at baseline.com.newsblur.service.NBSyncService.syncActions(NBSyncService.java:400)
08-05 18:05:48.818  9544 15377 E baseline.com.newsblur.network.APIResponse: 	at baseline.com.newsblur.service.NBSyncService.doSync(NBSyncService.java:298)
08-05 18:05:48.818  9544 15377 E baseline.com.newsblur.network.APIResponse: 	at baseline.com.newsblur.service.NBSyncService.access$100(NBSyncService.java:67)
08-05 18:05:48.818  9544 15377 E baseline.com.newsblur.network.APIResponse: 	at baseline.com.newsblur.service.NBSyncService$1.run(NBSyncService.java:188)
08-05 18:05:48.818  9544 15377 E baseline.com.newsblur.network.APIResponse: 	at java.util.concurrent.ThreadPoolExecutor.runWorker(ThreadPoolExecutor.java:1113)
08-05 18:05:48.818  9544 15377 E baseline.com.newsblur.network.APIResponse: 	at java.util.concurrent.ThreadPoolExecutor$Worker.run(ThreadPoolExecutor.java:588)
08-05 18:05:48.818  9544 15377 E baseline.com.newsblur.network.APIResponse: 	at java.lang.Thread.run(Thread.java:818)
08-05 18:05:48.818  9544 15377 E baseline.com.newsblur.network.APIResponse: Caused by: java.io.EOFException: \n not found: limit=0 content=
08-05 18:05:48.818  9544 15377 E baseline.com.newsblur.network.APIResponse: 	at okio.RealBufferedSource.readUtf8LineStrict(RealBufferedSource.java:240)
08-05 18:05:48.818  9544 15377 E baseline.com.newsblur.network.APIResponse: 	at okhttp3.internal.http1.Http1ExchangeCodec.readHeaderLine(Http1ExchangeCodec.java:242)
08-05 18:05:48.818  9544 15377 E baseline.com.newsblur.network.APIResponse: 	at okhttp3.internal.http1.Http1ExchangeCodec.readResponseHeaders(Http1ExchangeCodec.java:213)
08-05 18:05:48.818  9544 15377 E baseline.com.newsblur.network.APIResponse: 	... 30 more
08-05 18:05:48.820  9544 15377 I baseline.com.newsblur.network.APIManager: API call failed, pausing before retry number 1
08-05 18:05:48.855 15540 15540 D AndroidRuntime: >>>>>> START com.android.internal.os.RuntimeInit uid 2000 <<<<<<
08-05 18:05:48.861 15540 15540 D AndroidRuntime: CheckJNI is OFF
08-05 18:05:48.904 15540 15540 D ICU     : No timezone override file found: /data/misc/zoneinfo/current/icu/icu_tzdata.dat
08-05 18:05:48.946 15540 15540 I Radio-JNI: register_android_hardware_Radio DONE
08-05 18:05:48.975 15540 15540 D AndroidRuntime: Calling main entry com.android.commands.input.Input
08-05 18:05:48.978 15540 15540 I Input   : injectMotionEvent: MotionEvent { action=ACTION_DOWN, actionButton=0, id[0]=0, x[0]=436.0, y[0]=453.0, toolType[0]=TOOL_TYPE_UNKNOWN, buttonState=0, metaState=0, flags=0x0, edgeFlags=0x0, pointerCount=1, historySize=0, eventTime=813965390, downTime=813965390, deviceId=0, source=0x1002 }
08-05 18:05:48.984 15540 15540 I Input   : injectMotionEvent: MotionEvent { action=ACTION_UP, actionButton=0, id[0]=0, x[0]=436.0, y[0]=453.0, toolType[0]=TOOL_TYPE_UNKNOWN, buttonState=0, metaState=0, flags=0x0, edgeFlags=0x0, pointerCount=1, historySize=0, eventTime=813965390, downTime=813965390, deviceId=0, source=0x1002 }
08-05 18:05:48.986 15540 15540 D AndroidRuntime: Shutting down VM
08-05 18:05:48.998   512  2967 D audio_hw_primary: out_set_parameters: enter: usecase(1: low-latency-playback) kvpairs: routing=2
08-05 18:05:48.999   918  6110 I ActivityManager: START u0 {cmp=baseline.com.newsblur/.activity.AllSharedStoriesReading (has extras)} from uid 10676 on display 0
08-05 18:05:49.012   512  2967 D audio_hw_primary: select_devices: out_snd_device(2: speaker) in_snd_device(0: none)
08-05 18:05:49.012   512  2967 D msm8974_platform: platform_send_audio_calibration: sending audio calibration for snd_device(2) acdb_id(15)
08-05 18:05:49.012   512  2967 I soundtrigger: audio_extn_sound_trigger_update_device_status: device 0x2 of type 0 for Event 1
08-05 18:05:49.029  9544 13634 I art     : Starting a blocking GC Explicit
08-05 18:05:49.031   512  2967 D audio_hw_primary: enable_snd_device: snd_device(2: speaker)
08-05 18:05:49.033   512  2967 D audio_hw_primary: enable_audio_route: apply and update mixer path: low-latency-playback speaker
08-05 18:05:49.087  9544 13634 I art     : Explicit concurrent mark sweep GC freed 5406(502KB) AllocSpace objects, 7(568KB) LOS objects, 27% free, 42MB/58MB, paused 1.599ms total 57.999ms
08-05 18:05:49.101  9544 13634 I art     : Starting a blocking GC Explicit
08-05 18:05:49.162  9544 13634 I art     : Explicit concurrent mark sweep GC freed 321(14KB) AllocSpace objects, 0(0B) LOS objects, 27% free, 42MB/58MB, paused 1.591ms total 60.682ms
08-05 18:05:49.177  9544 13634 I art     : Starting a blocking GC Explicit
08-05 18:05:49.237  9544 13634 I art     : Explicit concurrent mark sweep GC freed 176(27KB) AllocSpace objects, 1(20KB) LOS objects, 27% free, 42MB/58MB, paused 1.520ms total 59.548ms
08-05 18:05:49.254  9544 13634 I art     : Starting a blocking GC Explicit
08-05 18:05:49.281 13866 13866 I GoogleInputMethodServic: GoogleInputMethodService.onFinishInput():3138 
08-05 18:05:49.282 13866 13866 I GoogleInputMethodServic: GoogleInputMethodService.onStartInput():1808 
08-05 18:05:49.282   918   936 I ActivityManager: Displayed baseline.com.newsblur/.activity.AllSharedStoriesReading: +272ms
08-05 18:05:49.318  9544 13634 I art     : Explicit concurrent mark sweep GC freed 701(62KB) AllocSpace objects, 1(20KB) LOS objects, 27% free, 42MB/58MB, paused 2.036ms total 63.673ms
08-05 18:05:49.333  9544 13634 I art     : Starting a blocking GC Explicit
08-05 18:05:49.397  9544 13634 I art     : Explicit concurrent mark sweep GC freed 1808(123KB) AllocSpace objects, 9(208KB) LOS objects, 27% free, 42MB/58MB, paused 1.676ms total 63.273ms
08-05 18:05:49.415   918  3261 D WifiStateMachine: starting scan for "H369AA63323"WPA_PSK with 2412,5180
08-05 18:05:49.550  9544 13984 E chromium: [ERROR:tile_manager.cc(793)] WARNING: tile memory limits exceeded, some content may not draw
08-05 18:05:49.551  9544 13984 E chromium: [ERROR:tile_manager.cc(793)] WARNING: tile memory limits exceeded, some content may not draw
08-05 18:05:49.570   512  2967 D audio_hw_primary: disable_audio_route: reset and update mixer path: low-latency-playback speaker
08-05 18:05:49.571   512  2967 D audio_hw_primary: disable_snd_device: snd_device(2: speaker)
08-05 18:05:49.580   512  2967 I soundtrigger: audio_extn_sound_trigger_update_device_status: device 0x2 of type 0 for Event 0
08-05 18:05:49.719 12013 12013 I ServiceManager: Waiting for service AtCmdFwd...
08-05 18:05:49.794  9544  9573 I art     : Starting a blocking GC Explicit
08-05 18:05:49.855  9544  9573 I art     : Explicit concurrent mark sweep GC freed 3386(232KB) AllocSpace objects, 6(144KB) LOS objects, 27% free, 42MB/58MB, paused 1.514ms total 60.472ms
08-05 18:05:49.869  9544  9573 I art     : Starting a blocking GC Explicit
08-05 18:05:49.932  9544  9573 I art     : Explicit concurrent mark sweep GC freed 262(11KB) AllocSpace objects, 0(0B) LOS objects, 27% free, 42MB/58MB, paused 1.517ms total 62.136ms
08-05 18:05:49.947  9544  9573 I art     : Starting a blocking GC Explicit
08-05 18:05:50.011  9544  9573 I art     : Explicit concurrent mark sweep GC freed 4906(373KB) AllocSpace objects, 1(20KB) LOS objects, 27% free, 42MB/58MB, paused 1.543ms total 63.204ms
08-05 18:05:50.025  9544  9573 I art     : Starting a blocking GC Explicit
08-05 18:05:50.086  9544  9573 I art     : Explicit concurrent mark sweep GC freed 3(96B) AllocSpace objects, 0(0B) LOS objects, 27% free, 42MB/58MB, paused 1.581ms total 60.258ms
08-05 18:05:50.101  9544  9573 I art     : Starting a blocking GC Explicit
08-05 18:05:50.162  9544  9573 I art     : Explicit concurrent mark sweep GC freed 327(17KB) AllocSpace objects, 0(0B) LOS objects, 27% free, 42MB/58MB, paused 1.664ms total 60.990ms
08-05 18:05:50.546  9544  9570 I art     : Starting a blocking GC Explicit
08-05 18:05:50.620  9544  9570 I art     : Explicit concurrent mark sweep GC freed 4044(194KB) AllocSpace objects, 1(20KB) LOS objects, 27% free, 42MB/58MB, paused 2.185ms total 74.318ms
08-05 18:05:50.639  9544  9570 I art     : Starting a blocking GC Explicit
08-05 18:05:50.700  9544  9570 I art     : Explicit concurrent mark sweep GC freed 2248(126KB) AllocSpace objects, 0(0B) LOS objects, 27% free, 42MB/58MB, paused 1.503ms total 60.669ms
08-05 18:05:50.716  9544  9570 I art     : Starting a blocking GC Explicit
08-05 18:05:50.720 12013 12013 I ServiceManager: Waiting for service AtCmdFwd...
08-05 18:05:50.735  9544 15377 E baseline.com.newsblur.network.APIResponse: Error (unexpected end of stream on https://www.newsblur.com/...) calling https://www.newsblur.com/reader/mark_story_hashes_as_read/
08-05 18:05:50.735  9544 15377 E baseline.com.newsblur.network.APIResponse: java.io.IOException: unexpected end of stream on https://www.newsblur.com/...
08-05 18:05:50.735  9544 15377 E baseline.com.newsblur.network.APIResponse: 	at okhttp3.internal.http1.Http1ExchangeCodec.readResponseHeaders(Http1ExchangeCodec.java:236)
08-05 18:05:50.735  9544 15377 E baseline.com.newsblur.network.APIResponse: 	at okhttp3.internal.connection.Exchange.readResponseHeaders(Exchange.java:115)
08-05 18:05:50.735  9544 15377 E baseline.com.newsblur.network.APIResponse: 	at okhttp3.internal.http.CallServerInterceptor.intercept(CallServerInterceptor.java:94)
08-05 18:05:50.735  9544 15377 E baseline.com.newsblur.network.APIResponse: 	at okhttp3.internal.http.RealInterceptorChain.proceed(RealInterceptorChain.java:142)
08-05 18:05:50.735  9544 15377 E baseline.com.newsblur.network.APIResponse: 	at okhttp3.internal.connection.ConnectInterceptor.intercept(ConnectInterceptor.java:43)
08-05 18:05:50.735  9544 15377 E baseline.com.newsblur.network.APIResponse: 	at okhttp3.internal.http.RealInterceptorChain.proceed(RealInterceptorChain.java:142)
08-05 18:05:50.735  9544 15377 E baseline.com.newsblur.network.APIResponse: 	at okhttp3.internal.http.RealInterceptorChain.proceed(RealInterceptorChain.java:117)
08-05 18:05:50.735  9544 15377 E baseline.com.newsblur.network.APIResponse: 	at okhttp3.internal.cache.CacheInterceptor.intercept(CacheInterceptor.java:94)
08-05 18:05:50.735  9544 15377 E baseline.com.newsblur.network.APIResponse: 	at okhttp3.internal.http.RealInterceptorChain.proceed(RealInterceptorChain.java:142)
08-05 18:05:50.735  9544 15377 E baseline.com.newsblur.network.APIResponse: 	at okhttp3.internal.http.RealInterceptorChain.proceed(RealInterceptorChain.java:117)
08-05 18:05:50.735  9544 15377 E baseline.com.newsblur.network.APIResponse: 	at okhttp3.internal.http.BridgeInterceptor.intercept(BridgeInterceptor.java:93)
08-05 18:05:50.735  9544 15377 E baseline.com.newsblur.network.APIResponse: 	at okhttp3.internal.http.RealInterceptorChain.proceed(RealInterceptorChain.java:142)
08-05 18:05:50.735  9544 15377 E baseline.com.newsblur.network.APIResponse: 	at okhttp3.internal.http.RetryAndFollowUpInterceptor.intercept(RetryAndFollowUpInterceptor.java:88)
08-05 18:05:50.735  9544 15377 E baseline.com.newsblur.network.APIResponse: 	at okhttp3.internal.http.RealInterceptorChain.proceed(RealInterceptorChain.java:142)
08-05 18:05:50.735  9544 15377 E baseline.com.newsblur.network.APIResponse: 	at okhttp3.internal.http.RealInterceptorChain.proceed(RealInterceptorChain.java:117)
08-05 18:05:50.735  9544 15377 E baseline.com.newsblur.network.APIResponse: 	at okhttp3.RealCall.getResponseWithInterceptorChain(RealCall.java:229)
08-05 18:05:50.735  9544 15377 E baseline.com.newsblur.network.APIResponse: 	at okhttp3.RealCall.execute(RealCall.java:81)
08-05 18:05:50.735  9544 15377 E baseline.com.newsblur.network.APIResponse: 	at baseline.com.newsblur.network.APIResponse.<init>(APIResponse.java:57)
08-05 18:05:50.735  9544 15377 E baseline.com.newsblur.network.APIResponse: 	at baseline.com.newsblur.network.APIResponse.<init>(APIResponse.java:43)
08-05 18:05:50.735  9544 15377 E baseline.com.newsblur.network.APIResponse: 	at baseline.com.newsblur.network.APIManager.post_single(APIManager.java:702)
08-05 18:05:50.735  9544 15377 E baseline.com.newsblur.network.APIResponse: 	at baseline.com.newsblur.network.APIManager.post(APIManager.java:675)
08-05 18:05:50.735  9544 15377 E baseline.com.newsblur.network.APIResponse: 	at baseline.com.newsblur.network.APIManager.post(APIManager.java:714)
08-05 18:05:50.735  9544 15377 E baseline.com.newsblur.network.APIResponse: 	at baseline.com.newsblur.network.APIManager.markStoryAsRead(APIManager.java:205)
08-05 18:05:50.735  9544 15377 E baseline.com.newsblur.network.APIResponse: 	at baseline.com.newsblur.util.ReadingAction.doRemote(ReadingAction.java:281)
08-05 18:05:50.735  9544 15377 E baseline.com.newsblur.network.APIResponse: 	at baseline.com.newsblur.service.NBSyncService.syncActions(NBSyncService.java:400)
08-05 18:05:50.735  9544 15377 E baseline.com.newsblur.network.APIResponse: 	at baseline.com.newsblur.service.NBSyncService.doSync(NBSyncService.java:298)
08-05 18:05:50.735  9544 15377 E baseline.com.newsblur.network.APIResponse: 	at baseline.com.newsblur.service.NBSyncService.access$100(NBSyncService.java:67)
08-05 18:05:50.735  9544 15377 E baseline.com.newsblur.network.APIResponse: 	at baseline.com.newsblur.service.NBSyncService$1.run(NBSyncService.java:188)
08-05 18:05:50.735  9544 15377 E baseline.com.newsblur.network.APIResponse: 	at java.util.concurrent.ThreadPoolExecutor.runWorker(ThreadPoolExecutor.java:1113)
08-05 18:05:50.735  9544 15377 E baseline.com.newsblur.network.APIResponse: 	at java.util.concurrent.ThreadPoolExecutor$Worker.run(ThreadPoolExecutor.java:588)
08-05 18:05:50.735  9544 15377 E baseline.com.newsblur.network.APIResponse: 	at java.lang.Thread.run(Thread.java:818)
08-05 18:05:50.735  9544 15377 E baseline.com.newsblur.network.APIResponse: Caused by: java.io.EOFException: \n not found: limit=0 content=
08-05 18:05:50.735  9544 15377 E baseline.com.newsblur.network.APIResponse: 	at okio.RealBufferedSource.readUtf8LineStrict(RealBufferedSource.java:240)
08-05 18:05:50.735  9544 15377 E baseline.com.newsblur.network.APIResponse: 	at okhttp3.internal.http1.Http1ExchangeCodec.readHeaderLine(Http1ExchangeCodec.java:242)
08-05 18:05:50.735  9544 15377 E baseline.com.newsblur.network.APIResponse: 	at okhttp3.internal.http1.Http1ExchangeCodec.readResponseHeaders(Http1ExchangeCodec.java:213)
08-05 18:05:50.735  9544 15377 E baseline.com.newsblur.network.APIResponse: 	... 30 more
08-05 18:05:50.737  9544 15377 I baseline.com.newsblur.network.APIManager: API call failed, pausing before retry number 2
08-05 18:05:50.779  9544  9570 I art     : Explicit concurrent mark sweep GC freed 896(199KB) AllocSpace objects, 2(40KB) LOS objects, 27% free, 42MB/58MB, paused 1.801ms total 63.173ms
08-05 18:05:50.794  9544  9570 I art     : Starting a blocking GC Explicit
08-05 18:05:50.854  9544  9570 I art     : Explicit concurrent mark sweep GC freed 336(26KB) AllocSpace objects, 0(0B) LOS objects, 27% free, 42MB/58MB, paused 1.414ms total 59.587ms
08-05 18:05:50.868  9544  9570 I art     : Starting a blocking GC Explicit
08-05 18:05:50.904   518   646 I ThermalEngine: ACTION: GPU - Setting GPU[0] to 390000000
08-05 18:05:50.942  9544  9570 I art     : Explicit concurrent mark sweep GC freed 51(2352B) AllocSpace objects, 0(0B) LOS objects, 27% free, 42MB/58MB, paused 2.511ms total 73.865ms
08-05 18:05:51.386  9544 13631 I art     : Starting a blocking GC Explicit
08-05 18:05:51.465  9544 13631 I art     : Explicit concurrent mark sweep GC freed 1445(83KB) AllocSpace objects, 1(20KB) LOS objects, 27% free, 42MB/58MB, paused 2.334ms total 77.730ms
08-05 18:05:51.489  9544 13631 I art     : Starting a blocking GC Explicit
08-05 18:05:51.566  9544 13631 I art     : Explicit concurrent mark sweep GC freed 22(784B) AllocSpace objects, 0(0B) LOS objects, 27% free, 42MB/58MB, paused 2.381ms total 76.067ms
08-05 18:05:51.589  9544 13631 I art     : Starting a blocking GC Explicit
08-05 18:05:51.666  9544 13631 I art     : Explicit concurrent mark sweep GC freed 3(96B) AllocSpace objects, 0(0B) LOS objects, 27% free, 42MB/58MB, paused 2.301ms total 76.578ms
08-05 18:05:51.689  9544 13631 I art     : Starting a blocking GC Explicit
08-05 18:05:51.720 12013 12013 I ServiceManager: Waiting for service AtCmdFwd...
08-05 18:05:51.766  9544 13631 I art     : Explicit concurrent mark sweep GC freed 3(96B) AllocSpace objects, 0(0B) LOS objects, 27% free, 42MB/58MB, paused 2.350ms total 75.739ms
08-05 18:05:51.789  9544 13631 I art     : Starting a blocking GC Explicit
08-05 18:05:51.866  9544 13631 I art     : Explicit concurrent mark sweep GC freed 3(96B) AllocSpace objects, 0(0B) LOS objects, 27% free, 42MB/58MB, paused 2.353ms total 76.628ms
08-05 18:05:52.294  9544 13634 I art     : Starting a blocking GC Explicit
08-05 18:05:52.372  9544 13634 I art     : Explicit concurrent mark sweep GC freed 1446(83KB) AllocSpace objects, 1(20KB) LOS objects, 27% free, 42MB/58MB, paused 2.325ms total 77.099ms
08-05 18:05:52.396  9544 13634 I art     : Starting a blocking GC Explicit
08-05 18:05:52.472  9544 13634 I art     : Explicit concurrent mark sweep GC freed 22(784B) AllocSpace objects, 0(0B) LOS objects, 27% free, 42MB/58MB, paused 2.280ms total 75.875ms
08-05 18:05:52.495  9544 13634 I art     : Starting a blocking GC Explicit
08-05 18:05:52.572  9544 13634 I art     : Explicit concurrent mark sweep GC freed 3(96B) AllocSpace objects, 0(0B) LOS objects, 27% free, 42MB/58MB, paused 2.260ms total 75.955ms
08-05 18:05:52.595  9544 13634 I art     : Starting a blocking GC Explicit
08-05 18:05:52.672  9544 13634 I art     : Explicit concurrent mark sweep GC freed 3(96B) AllocSpace objects, 0(0B) LOS objects, 27% free, 42MB/58MB, paused 2.291ms total 76.468ms
08-05 18:05:52.695  9544 13634 I art     : Starting a blocking GC Explicit
08-05 18:05:52.721 12013 12013 W Atfwd_Sendcmd: AtCmdFwd service not published, waiting... retryCnt : 4
08-05 18:05:52.774  9544 13634 I art     : Explicit concurrent mark sweep GC freed 3(96B) AllocSpace objects, 0(0B) LOS objects, 27% free, 42MB/58MB, paused 2.414ms total 78.825ms
08-05 18:05:53.237  9544 14226 I art     : Starting a blocking GC Explicit
08-05 18:05:53.309  9544 14226 I art     : Explicit concurrent mark sweep GC freed 1445(83KB) AllocSpace objects, 1(20KB) LOS objects, 27% free, 42MB/58MB, paused 2.261ms total 71.493ms
08-05 18:05:53.331  9544 14226 I art     : Starting a blocking GC Explicit
08-05 18:05:53.404  9544 14226 I art     : Explicit concurrent mark sweep GC freed 22(784B) AllocSpace objects, 0(0B) LOS objects, 27% free, 42MB/58MB, paused 2.286ms total 72.731ms
08-05 18:05:53.426  9544 14226 I art     : Starting a blocking GC Explicit
08-05 18:05:53.498  9544 14226 I art     : Explicit concurrent mark sweep GC freed 3(96B) AllocSpace objects, 0(0B) LOS objects, 27% free, 42MB/58MB, paused 2.293ms total 72.344ms
08-05 18:05:53.520  9544 14226 I art     : Starting a blocking GC Explicit
08-05 18:05:53.594  9544 14226 I art     : Explicit concurrent mark sweep GC freed 3(96B) AllocSpace objects, 0(0B) LOS objects, 27% free, 42MB/58MB, paused 2.282ms total 72.949ms
08-05 18:05:53.616  9544 14226 I art     : Starting a blocking GC Explicit
08-05 18:05:53.690  9544 14226 I art     : Explicit concurrent mark sweep GC freed 3(96B) AllocSpace objects, 0(0B) LOS objects, 27% free, 42MB/58MB, paused 2.437ms total 73.622ms
08-05 18:05:53.870 15626 15626 D AndroidRuntime: >>>>>> START com.android.internal.os.RuntimeInit uid 2000 <<<<<<
08-05 18:05:53.877 15626 15626 D AndroidRuntime: CheckJNI is OFF
08-05 18:05:53.908   518   646 I ThermalEngine: ACTION: GPU - Setting GPU[0] to 450000000
08-05 18:05:53.923 15626 15626 D ICU     : No timezone override file found: /data/misc/zoneinfo/current/icu/icu_tzdata.dat
08-05 18:05:53.964 15626 15626 I Radio-JNI: register_android_hardware_Radio DONE
08-05 18:05:53.993 15626 15626 D AndroidRuntime: Calling main entry com.android.commands.input.Input
08-05 18:05:53.995 15626 15626 I Input   : injectKeyEvent: KeyEvent { action=ACTION_DOWN, keyCode=KEYCODE_BACK, scanCode=0, metaState=0, flags=0x0, repeatCount=0, eventTime=813970408, downTime=813970408, deviceId=-1, source=0x101 }
08-05 18:05:54.000 15626 15626 I Input   : injectKeyEvent: KeyEvent { action=ACTION_UP, keyCode=KEYCODE_BACK, scanCode=0, metaState=0, flags=0x0, repeatCount=0, eventTime=813970408, downTime=813970408, deviceId=-1, source=0x101 }
08-05 18:05:54.005 15626 15626 D AndroidRuntime: Shutting down VM
08-05 18:05:54.019  9544  9544 D baseline.com.newsblur.service.NBSyncService: rejecting request for feedset that is exhaused
08-05 18:05:54.079  9544 14226 I art     : Starting a blocking GC Explicit
08-05 18:05:54.139  9544 14226 I art     : Explicit concurrent mark sweep GC freed 1839(131KB) AllocSpace objects, 3(60KB) LOS objects, 27% free, 42MB/58MB, paused 1.634ms total 60.153ms
08-05 18:05:54.154  9544 14226 I art     : Starting a blocking GC Explicit
08-05 18:05:54.204  9544  9544 D baseline.com.newsblur.service.NBSyncService: rejecting request for feedset that is exhaused
08-05 18:05:54.215  9544 14226 I art     : Explicit concurrent mark sweep GC freed 2444(134KB) AllocSpace objects, 2(40KB) LOS objects, 27% free, 42MB/58MB, paused 2.109ms total 60.703ms
08-05 18:05:54.232  9544 14226 I art     : Starting a blocking GC Explicit
08-05 18:05:54.233  9544 15377 E baseline.com.newsblur.network.APIResponse: Error (unexpected end of stream on https://www.newsblur.com/...) calling https://www.newsblur.com/reader/mark_story_hashes_as_read/
08-05 18:05:54.233  9544 15377 E baseline.com.newsblur.network.APIResponse: java.io.IOException: unexpected end of stream on https://www.newsblur.com/...
08-05 18:05:54.233  9544 15377 E baseline.com.newsblur.network.APIResponse: 	at okhttp3.internal.http1.Http1ExchangeCodec.readResponseHeaders(Http1ExchangeCodec.java:236)
08-05 18:05:54.233  9544 15377 E baseline.com.newsblur.network.APIResponse: 	at okhttp3.internal.connection.Exchange.readResponseHeaders(Exchange.java:115)
08-05 18:05:54.233  9544 15377 E baseline.com.newsblur.network.APIResponse: 	at okhttp3.internal.http.CallServerInterceptor.intercept(CallServerInterceptor.java:94)
08-05 18:05:54.233  9544 15377 E baseline.com.newsblur.network.APIResponse: 	at okhttp3.internal.http.RealInterceptorChain.proceed(RealInterceptorChain.java:142)
08-05 18:05:54.233  9544 15377 E baseline.com.newsblur.network.APIResponse: 	at okhttp3.internal.connection.ConnectInterceptor.intercept(ConnectInterceptor.java:43)
08-05 18:05:54.233  9544 15377 E baseline.com.newsblur.network.APIResponse: 	at okhttp3.internal.http.RealInterceptorChain.proceed(RealInterceptorChain.java:142)
08-05 18:05:54.233  9544 15377 E baseline.com.newsblur.network.APIResponse: 	at okhttp3.internal.http.RealInterceptorChain.proceed(RealInterceptorChain.java:117)
08-05 18:05:54.233  9544 15377 E baseline.com.newsblur.network.APIResponse: 	at okhttp3.internal.cache.CacheInterceptor.intercept(CacheInterceptor.java:94)
08-05 18:05:54.233  9544 15377 E baseline.com.newsblur.network.APIResponse: 	at okhttp3.internal.http.RealInterceptorChain.proceed(RealInterceptorChain.java:142)
08-05 18:05:54.233  9544 15377 E baseline.com.newsblur.network.APIResponse: 	at okhttp3.internal.http.RealInterceptorChain.proceed(RealInterceptorChain.java:117)
08-05 18:05:54.233  9544 15377 E baseline.com.newsblur.network.APIResponse: 	at okhttp3.internal.http.BridgeInterceptor.intercept(BridgeInterceptor.java:93)
08-05 18:05:54.233  9544 15377 E baseline.com.newsblur.network.APIResponse: 	at okhttp3.internal.http.RealInterceptorChain.proceed(RealInterceptorChain.java:142)
08-05 18:05:54.233  9544 15377 E baseline.com.newsblur.network.APIResponse: 	at okhttp3.internal.http.RetryAndFollowUpInterceptor.intercept(RetryAndFollowUpInterceptor.java:88)
08-05 18:05:54.233  9544 15377 E baseline.com.newsblur.network.APIResponse: 	at okhttp3.internal.http.RealInterceptorChain.proceed(RealInterceptorChain.java:142)
08-05 18:05:54.233  9544 15377 E baseline.com.newsblur.network.APIResponse: 	at okhttp3.internal.http.RealInterceptorChain.proceed(RealInterceptorChain.java:117)
08-05 18:05:54.233  9544 15377 E baseline.com.newsblur.network.APIResponse: 	at okhttp3.RealCall.getResponseWithInterceptorChain(RealCall.java:229)
08-05 18:05:54.233  9544 15377 E baseline.com.newsblur.network.APIResponse: 	at okhttp3.RealCall.execute(RealCall.java:81)
08-05 18:05:54.233  9544 15377 E baseline.com.newsblur.network.APIResponse: 	at baseline.com.newsblur.network.APIResponse.<init>(APIResponse.java:57)
08-05 18:05:54.233  9544 15377 E baseline.com.newsblur.network.APIResponse: 	at baseline.com.newsblur.network.APIResponse.<init>(APIResponse.java:43)
08-05 18:05:54.233  9544 15377 E baseline.com.newsblur.network.APIResponse: 	at baseline.com.newsblur.network.APIManager.post_single(APIManager.java:702)
08-05 18:05:54.233  9544 15377 E baseline.com.newsblur.network.APIResponse: 	at baseline.com.newsblur.network.APIManager.post(APIManager.java:675)
08-05 18:05:54.233  9544 15377 E baseline.com.newsblur.network.APIResponse: 	at baseline.com.newsblur.network.APIManager.post(APIManager.java:714)
08-05 18:05:54.233  9544 15377 E baseline.com.newsblur.network.APIResponse: 	at baseline.com.newsblur.network.APIManager.markStoryAsRead(APIManager.java:205)
08-05 18:05:54.233  9544 15377 E baseline.com.newsblur.network.APIResponse: 	at baseline.com.newsblur.util.ReadingAction.doRemote(ReadingAction.java:281)
08-05 18:05:54.233  9544 15377 E baseline.com.newsblur.network.APIResponse: 	at baseline.com.newsblur.service.NBSyncService.syncActions(NBSyncService.java:400)
08-05 18:05:54.233  9544 15377 E baseline.com.newsblur.network.APIResponse: 	at baseline.com.newsblur.service.NBSyncService.doSync(NBSyncService.java:298)
08-05 18:05:54.233  9544 15377 E baseline.com.newsblur.network.APIResponse: 	at baseline.com.newsblur.service.NBSyncService.access$100(NBSyncService.java:67)
08-05 18:05:54.233  9544 15377 E baseline.com.newsblur.network.APIResponse: 	at baseline.com.newsblur.service.NBSyncService$1.run(NBSyncService.java:188)
08-05 18:05:54.233  9544 15377 E baseline.com.newsblur.network.APIResponse: 	at java.util.concurrent.ThreadPoolExecutor.runWorker(ThreadPoolExecutor.java:1113)
08-05 18:05:54.233  9544 15377 E baseline.com.newsblur.network.APIResponse: 	at java.util.concurrent.ThreadPoolExecutor$Worker.run(ThreadPoolExecutor.java:588)
08-05 18:05:54.233  9544 15377 E baseline.com.newsblur.network.APIResponse: 	at java.lang.Thread.run(Thread.java:818)
08-05 18:05:54.233  9544 15377 E baseline.com.newsblur.network.APIResponse: Caused by: java.io.EOFException: \n not found: limit=0 content=
08-05 18:05:54.233  9544 15377 E baseline.com.newsblur.network.APIResponse: 	at okio.RealBufferedSource.readUtf8LineStrict(RealBufferedSource.java:240)
08-05 18:05:54.233  9544 15377 E baseline.com.newsblur.network.APIResponse: 	at okhttp3.internal.http1.Http1ExchangeCodec.readHeaderLine(Http1ExchangeCodec.java:242)
08-05 18:05:54.233  9544 15377 E baseline.com.newsblur.network.APIResponse: 	at okhttp3.internal.http1.Http1ExchangeCodec.readResponseHeaders(Http1ExchangeCodec.java:213)
08-05 18:05:54.233  9544 15377 E baseline.com.newsblur.network.APIResponse: 	... 30 more
08-05 18:05:54.235  9544 15377 I baseline.com.newsblur.service.NBSyncService: Holding reading action with server-side or network error.
08-05 18:05:54.249  9544 15377 W baseline.com.newsblur.service.NBSyncService: hard API failure
08-05 18:05:54.254  9544 15377 I baseline.com.newsblur.service.NBSyncService: recounting dirty feed sets: 1
08-05 18:05:54.266 13866 13866 I GoogleInputMethodServic: GoogleInputMethodService.onFinishInput():3138 
08-05 18:05:54.267 13866 13866 I GoogleInputMethodServic: GoogleInputMethodService.onStartInput():1808 
08-05 18:05:54.291  9544 14226 I art     : Explicit concurrent mark sweep GC freed 1834(301KB) AllocSpace objects, 5(100KB) LOS objects, 27% free, 42MB/58MB, paused 1.597ms total 58.881ms
08-05 18:05:54.304  9544 14226 I art     : Starting a blocking GC Explicit
08-05 18:05:54.360  9544 14226 I art     : Explicit concurrent mark sweep GC freed 938(62KB) AllocSpace objects, 1(28KB) LOS objects, 27% free, 42MB/58MB, paused 1.716ms total 54.907ms
08-05 18:05:54.377  9544 14226 I art     : Starting a blocking GC Explicit
08-05 18:05:54.394  5179  5194 D QcrilMsgTunnelSocket: readRilMessage: Buffer = [B@671e81d HexData = [010000000404000011000000514f454d484f4f4bef0308000100000003]
08-05 18:05:54.394  5179  5194 D QcrilMsgTunnelSocket: Rcvd UNSOL response with 28 bytes data for SUB0
08-05 18:05:54.394  5179  5194 D QcrilMsgTunnelSocket: Response ID 525295 is not served in this process.
08-05 18:05:54.394  5179  5194 D QcrilMsgTunnelSocket: To broadcast an Intent via the notifier to external apps
08-05 18:05:54.394  5179  5179 D QcrilMsgTunnelIfaceManager: handleMessage what = 0
08-05 18:05:54.394  5179  5179 D QcrilMsgTunnelIfaceManager: Broadcasting intent ACTION_UNSOL_RESPONSE_OEM_HOOK_RAW
08-05 18:05:54.397  5164  5164 D QC_RIL_OEM_HOOK: Received Broadcast Intent ACTION_UNSOL_RESPONSE_OEM_HOOK_RAW
08-05 18:05:54.398  5164  5164 D QC_RIL_OEM_HOOK: Oem ID in QCRILHOOK UNSOL RESP is QOEMHOOK
08-05 18:05:54.443  9544 14226 I art     : Explicit concurrent mark sweep GC freed 27(976B) AllocSpace objects, 0(0B) LOS objects, 27% free, 42MB/58MB, paused 1.582ms total 65.589ms
08-05 18:05:54.645  9544 15377 E baseline.com.newsblur.network.APIResponse: Error (unexpected end of stream on https://www.newsblur.com/...) calling https://www.newsblur.com/reader/feed_unread_count?feed_id=0
08-05 18:05:54.645  9544 15377 E baseline.com.newsblur.network.APIResponse: java.io.IOException: unexpected end of stream on https://www.newsblur.com/...
08-05 18:05:54.645  9544 15377 E baseline.com.newsblur.network.APIResponse: 	at okhttp3.internal.http1.Http1ExchangeCodec.readResponseHeaders(Http1ExchangeCodec.java:236)
08-05 18:05:54.645  9544 15377 E baseline.com.newsblur.network.APIResponse: 	at okhttp3.internal.connection.Exchange.readResponseHeaders(Exchange.java:115)
08-05 18:05:54.645  9544 15377 E baseline.com.newsblur.network.APIResponse: 	at okhttp3.internal.http.CallServerInterceptor.intercept(CallServerInterceptor.java:94)
08-05 18:05:54.645  9544 15377 E baseline.com.newsblur.network.APIResponse: 	at okhttp3.internal.http.RealInterceptorChain.proceed(RealInterceptorChain.java:142)
08-05 18:05:54.645  9544 15377 E baseline.com.newsblur.network.APIResponse: 	at okhttp3.internal.connection.ConnectInterceptor.intercept(ConnectInterceptor.java:43)
08-05 18:05:54.645  9544 15377 E baseline.com.newsblur.network.APIResponse: 	at okhttp3.internal.http.RealInterceptorChain.proceed(RealInterceptorChain.java:142)
08-05 18:05:54.645  9544 15377 E baseline.com.newsblur.network.APIResponse: 	at okhttp3.internal.http.RealInterceptorChain.proceed(RealInterceptorChain.java:117)
08-05 18:05:54.645  9544 15377 E baseline.com.newsblur.network.APIResponse: 	at okhttp3.internal.cache.CacheInterceptor.intercept(CacheInterceptor.java:94)
08-05 18:05:54.645  9544 15377 E baseline.com.newsblur.network.APIResponse: 	at okhttp3.internal.http.RealInterceptorChain.proceed(RealInterceptorChain.java:142)
08-05 18:05:54.645  9544 15377 E baseline.com.newsblur.network.APIResponse: 	at okhttp3.internal.http.RealInterceptorChain.proceed(RealInterceptorChain.java:117)
08-05 18:05:54.645  9544 15377 E baseline.com.newsblur.network.APIResponse: 	at okhttp3.internal.http.BridgeInterceptor.intercept(BridgeInterceptor.java:93)
08-05 18:05:54.645  9544 15377 E baseline.com.newsblur.network.APIResponse: 	at okhttp3.internal.http.RealInterceptorChain.proceed(RealInterceptorChain.java:142)
08-05 18:05:54.645  9544 15377 E baseline.com.newsblur.network.APIResponse: 	at okhttp3.internal.http.RetryAndFollowUpInterceptor.intercept(RetryAndFollowUpInterceptor.java:88)
08-05 18:05:54.645  9544 15377 E baseline.com.newsblur.network.APIResponse: 	at okhttp3.internal.http.RealInterceptorChain.proceed(RealInterceptorChain.java:142)
08-05 18:05:54.645  9544 15377 E baseline.com.newsblur.network.APIResponse: 	at okhttp3.internal.http.RealInterceptorChain.proceed(RealInterceptorChain.java:117)
08-05 18:05:54.645  9544 15377 E baseline.com.newsblur.network.APIResponse: 	at okhttp3.RealCall.getResponseWithInterceptorChain(RealCall.java:229)
08-05 18:05:54.645  9544 15377 E baseline.com.newsblur.network.APIResponse: 	at okhttp3.RealCall.execute(RealCall.java:81)
08-05 18:05:54.645  9544 15377 E baseline.com.newsblur.network.APIResponse: 	at baseline.com.newsblur.network.APIResponse.<init>(APIResponse.java:57)
08-05 18:05:54.645  9544 15377 E baseline.com.newsblur.network.APIResponse: 	at baseline.com.newsblur.network.APIManager.get_single(APIManager.java:639)
08-05 18:05:54.645  9544 15377 E baseline.com.newsblur.network.APIResponse: 	at baseline.com.newsblur.network.APIManager.get(APIManager.java:625)
08-05 18:05:54.645  9544 15377 E baseline.com.newsblur.network.APIResponse: 	at baseline.com.newsblur.network.APIManager.get(APIManager.java:667)
08-05 18:05:54.645  9544 15377 E baseline.com.newsblur.network.APIResponse: 	at baseline.com.newsblur.network.APIManager.getFeedUnreadCounts(APIManager.java:274)
08-05 18:05:54.645  9544 15377 E baseline.com.newsblur.network.APIResponse: 	at baseline.com.newsblur.service.NBSyncService.checkRecounts(NBSyncService.java:660)
08-05 18:05:54.645  9544 15377 E baseline.com.newsblur.network.APIResponse: 	at baseline.com.newsblur.service.NBSyncService.doSync(NBSyncService.java:310)
08-05 18:05:54.645  9544 15377 E baseline.com.newsblur.network.APIResponse: 	at baseline.com.newsblur.service.NBSyncService.access$100(NBSyncService.java:67)
08-05 18:05:54.645  9544 15377 E baseline.com.newsblur.network.APIResponse: 	at baseline.com.newsblur.service.NBSyncService$1.run(NBSyncService.java:188)
08-05 18:05:54.645  9544 15377 E baseline.com.newsblur.network.APIResponse: 	at java.util.concurrent.ThreadPoolExecutor.runWorker(ThreadPoolExecutor.java:1113)
08-05 18:05:54.645  9544 15377 E baseline.com.newsblur.network.APIResponse: 	at java.util.concurrent.ThreadPoolExecutor$Worker.run(ThreadPoolExecutor.java:588)
08-05 18:05:54.645  9544 15377 E baseline.com.newsblur.network.APIResponse: 	at java.lang.Thread.run(Thread.java:818)
08-05 18:05:54.645  9544 15377 E baseline.com.newsblur.network.APIResponse: Caused by: java.io.EOFException: \n not found: limit=0 content=
08-05 18:05:54.645  9544 15377 E baseline.com.newsblur.network.APIResponse: 	at okio.RealBufferedSource.readUtf8LineStrict(RealBufferedSource.java:240)
08-05 18:05:54.645  9544 15377 E baseline.com.newsblur.network.APIResponse: 	at okhttp3.internal.http1.Http1ExchangeCodec.readHeaderLine(Http1ExchangeCodec.java:242)
08-05 18:05:54.645  9544 15377 E baseline.com.newsblur.network.APIResponse: 	at okhttp3.internal.http1.Http1ExchangeCodec.readResponseHeaders(Http1ExchangeCodec.java:213)
08-05 18:05:54.645  9544 15377 E baseline.com.newsblur.network.APIResponse: 	... 28 more
08-05 18:05:54.647  9544 15377 I baseline.com.newsblur.network.APIManager: API call failed, pausing before retry number 1
08-05 18:05:54.828  9544  9573 I art     : Starting a blocking GC Explicit
08-05 18:05:54.893  9544  9573 I art     : Explicit concurrent mark sweep GC freed 5198(416KB) AllocSpace objects, 3(60KB) LOS objects, 27% free, 42MB/58MB, paused 1.486ms total 64.695ms
08-05 18:05:54.908  9544  9573 I art     : Starting a blocking GC Explicit
08-05 18:05:54.972  9544  9573 I art     : Explicit concurrent mark sweep GC freed 246(10KB) AllocSpace objects, 0(0B) LOS objects, 27% free, 41MB/57MB, paused 1.459ms total 63.142ms
08-05 18:05:54.988  9544  9573 I art     : Starting a blocking GC Explicit
08-05 18:05:55.050  9544  9573 I art     : Explicit concurrent mark sweep GC freed 11(352B) AllocSpace objects, 0(0B) LOS objects, 27% free, 41MB/57MB, paused 1.623ms total 62.502ms
08-05 18:05:55.066  9544  9573 I art     : Starting a blocking GC Explicit
08-05 18:05:55.128  9544  9573 I art     : Explicit concurrent mark sweep GC freed 13(416B) AllocSpace objects, 0(0B) LOS objects, 27% free, 41MB/57MB, paused 1.774ms total 61.505ms
08-05 18:05:55.143  9544  9573 I art     : Starting a blocking GC Explicit
08-05 18:05:55.205  9544  9573 I art     : Explicit concurrent mark sweep GC freed 13(416B) AllocSpace objects, 0(0B) LOS objects, 27% free, 41MB/57MB, paused 1.425ms total 61.743ms
08-05 18:05:55.575  9544 13634 I art     : Starting a blocking GC Explicit
08-05 18:05:55.639  9544 13634 I art     : Explicit concurrent mark sweep GC freed 1495(84KB) AllocSpace objects, 1(20KB) LOS objects, 27% free, 41MB/57MB, paused 1.570ms total 63.185ms
08-05 18:05:55.639  9544  9563 I art     : WaitForGcToComplete blocked for 18.238ms for cause HeapTrim
08-05 18:05:55.655  9544 13634 I art     : Starting a blocking GC Explicit
08-05 18:05:55.718  9544 13634 I art     : Explicit concurrent mark sweep GC freed 23(816B) AllocSpace objects, 0(0B) LOS objects, 27% free, 41MB/57MB, paused 1.670ms total 62.773ms
08-05 18:05:55.733  9544 13634 I art     : Starting a blocking GC Explicit
08-05 18:05:55.775 15667 15667 D AndroidRuntime: >>>>>> START com.android.internal.os.RuntimeInit uid 2000 <<<<<<
08-05 18:05:55.781 15667 15667 D AndroidRuntime: CheckJNI is OFF
08-05 18:05:55.796  9544 13634 I art     : Explicit concurrent mark sweep GC freed 3(96B) AllocSpace objects, 0(0B) LOS objects, 27% free, 41MB/57MB, paused 1.709ms total 62.580ms
08-05 18:05:55.811  9544 13634 I art     : Starting a blocking GC Explicit
08-05 18:05:55.830 15667 15667 D ICU     : No timezone override file found: /data/misc/zoneinfo/current/icu/icu_tzdata.dat
08-05 18:05:55.873  9544 13634 I art     : Explicit concurrent mark sweep GC freed 3(96B) AllocSpace objects, 0(0B) LOS objects, 27% free, 41MB/57MB, paused 1.557ms total 62.030ms
08-05 18:05:55.883 15667 15667 I Radio-JNI: register_android_hardware_Radio DONE
08-05 18:05:55.888  9544 13634 I art     : Starting a blocking GC Explicit
08-05 18:05:55.916   518   646 I ThermalEngine: ACTION: GPU - Setting GPU[0] to 390000000
08-05 18:05:55.919 15667 15667 D AndroidRuntime: Calling main entry com.android.commands.input.Input
08-05 18:05:55.921 15667 15667 I Input   : injectKeyEvent: KeyEvent { action=ACTION_DOWN, keyCode=KEYCODE_BACK, scanCode=0, metaState=0, flags=0x0, repeatCount=0, eventTime=813972334, downTime=813972334, deviceId=-1, source=0x101 }
08-05 18:05:55.937 15667 15667 I Input   : injectKeyEvent: KeyEvent { action=ACTION_UP, keyCode=KEYCODE_BACK, scanCode=0, metaState=0, flags=0x0, repeatCount=0, eventTime=813972334, downTime=813972334, deviceId=-1, source=0x101 }
08-05 18:05:55.945 15667 15667 D AndroidRuntime: Shutting down VM
08-05 18:05:55.958  9544 13634 I art     : Explicit concurrent mark sweep GC freed 236(23KB) AllocSpace objects, 2(40KB) LOS objects, 27% free, 42MB/58MB, paused 2.514ms total 69.612ms
08-05 18:05:56.213 13866 13866 I GoogleInputMethodServic: GoogleInputMethodService.onFinishInput():3138 
08-05 18:05:56.224 13866 13866 I GoogleInputMethodServic: GoogleInputMethodService.onStartInput():1808 
08-05 18:05:56.389  9544  9570 I art     : Starting a blocking GC Explicit
08-05 18:05:56.477  9544  9570 I art     : Explicit concurrent mark sweep GC freed 9715(652KB) AllocSpace objects, 11(220KB) LOS objects, 27% free, 42MB/58MB, paused 3.453ms total 87.396ms
08-05 18:05:56.502  9544  9570 I art     : Starting a blocking GC Explicit
08-05 18:05:56.588  9544  9570 I art     : Explicit concurrent mark sweep GC freed 238(9KB) AllocSpace objects, 0(0B) LOS objects, 27% free, 42MB/58MB, paused 2.559ms total 85.060ms
08-05 18:05:56.612  9544  9570 I art     : Starting a blocking GC Explicit
08-05 18:05:56.692  9544  9570 I art     : Explicit concurrent mark sweep GC freed 2112(85KB) AllocSpace objects, 0(0B) LOS objects, 27% free, 42MB/58MB, paused 2.722ms total 79.780ms
08-05 18:05:56.700  9544 15377 E baseline.com.newsblur.network.APIResponse: Error (unexpected end of stream on https://www.newsblur.com/...) calling https://www.newsblur.com/reader/feed_unread_count?feed_id=0
08-05 18:05:56.700  9544 15377 E baseline.com.newsblur.network.APIResponse: java.io.IOException: unexpected end of stream on https://www.newsblur.com/...
08-05 18:05:56.700  9544 15377 E baseline.com.newsblur.network.APIResponse: 	at okhttp3.internal.http1.Http1ExchangeCodec.readResponseHeaders(Http1ExchangeCodec.java:236)
08-05 18:05:56.700  9544 15377 E baseline.com.newsblur.network.APIResponse: 	at okhttp3.internal.connection.Exchange.readResponseHeaders(Exchange.java:115)
08-05 18:05:56.700  9544 15377 E baseline.com.newsblur.network.APIResponse: 	at okhttp3.internal.http.CallServerInterceptor.intercept(CallServerInterceptor.java:94)
08-05 18:05:56.700  9544 15377 E baseline.com.newsblur.network.APIResponse: 	at okhttp3.internal.http.RealInterceptorChain.proceed(RealInterceptorChain.java:142)
08-05 18:05:56.700  9544 15377 E baseline.com.newsblur.network.APIResponse: 	at okhttp3.internal.connection.ConnectInterceptor.intercept(ConnectInterceptor.java:43)
08-05 18:05:56.700  9544 15377 E baseline.com.newsblur.network.APIResponse: 	at okhttp3.internal.http.RealInterceptorChain.proceed(RealInterceptorChain.java:142)
08-05 18:05:56.700  9544 15377 E baseline.com.newsblur.network.APIResponse: 	at okhttp3.internal.http.RealInterceptorChain.proceed(RealInterceptorChain.java:117)
08-05 18:05:56.700  9544 15377 E baseline.com.newsblur.network.APIResponse: 	at okhttp3.internal.cache.CacheInterceptor.intercept(CacheInterceptor.java:94)
08-05 18:05:56.700  9544 15377 E baseline.com.newsblur.network.APIResponse: 	at okhttp3.internal.http.RealInterceptorChain.proceed(RealInterceptorChain.java:142)
08-05 18:05:56.700  9544 15377 E baseline.com.newsblur.network.APIResponse: 	at okhttp3.internal.http.RealInterceptorChain.proceed(RealInterceptorChain.java:117)
08-05 18:05:56.700  9544 15377 E baseline.com.newsblur.network.APIResponse: 	at okhttp3.internal.http.BridgeInterceptor.intercept(BridgeInterceptor.java:93)
08-05 18:05:56.700  9544 15377 E baseline.com.newsblur.network.APIResponse: 	at okhttp3.internal.http.RealInterceptorChain.proceed(RealInterceptorChain.java:142)
08-05 18:05:56.700  9544 15377 E baseline.com.newsblur.network.APIResponse: 	at okhttp3.internal.http.RetryAndFollowUpInterceptor.intercept(RetryAndFollowUpInterceptor.java:88)
08-05 18:05:56.700  9544 15377 E baseline.com.newsblur.network.APIResponse: 	at okhttp3.internal.http.RealInterceptorChain.proceed(RealInterceptorChain.java:142)
08-05 18:05:56.700  9544 15377 E baseline.com.newsblur.network.APIResponse: 	at okhttp3.internal.http.RealInterceptorChain.proceed(RealInterceptorChain.java:117)
08-05 18:05:56.700  9544 15377 E baseline.com.newsblur.network.APIResponse: 	at okhttp3.RealCall.getResponseWithInterceptorChain(RealCall.java:229)
08-05 18:05:56.700  9544 15377 E baseline.com.newsblur.network.APIResponse: 	at okhttp3.RealCall.execute(RealCall.java:81)
08-05 18:05:56.700  9544 15377 E baseline.com.newsblur.network.APIResponse: 	at baseline.com.newsblur.network.APIResponse.<init>(APIResponse.java:57)
08-05 18:05:56.700  9544 15377 E baseline.com.newsblur.network.APIResponse: 	at baseline.com.newsblur.network.APIManager.get_single(APIManager.java:639)
08-05 18:05:56.700  9544 15377 E baseline.com.newsblur.network.APIResponse: 	at baseline.com.newsblur.network.APIManager.get(APIManager.java:625)
08-05 18:05:56.700  9544 15377 E baseline.com.newsblur.network.APIResponse: 	at baseline.com.newsblur.network.APIManager.get(APIManager.java:667)
08-05 18:05:56.700  9544 15377 E baseline.com.newsblur.network.APIResponse: 	at baseline.com.newsblur.network.APIManager.getFeedUnreadCounts(APIManager.java:274)
08-05 18:05:56.700  9544 15377 E baseline.com.newsblur.network.APIResponse: 	at baseline.com.newsblur.service.NBSyncService.checkRecounts(NBSyncService.java:660)
08-05 18:05:56.700  9544 15377 E baseline.com.newsblur.network.APIResponse: 	at baseline.com.newsblur.service.NBSyncService.doSync(NBSyncService.java:310)
08-05 18:05:56.700  9544 15377 E baseline.com.newsblur.network.APIResponse: 	at baseline.com.newsblur.service.NBSyncService.access$100(NBSyncService.java:67)
08-05 18:05:56.700  9544 15377 E baseline.com.newsblur.network.APIResponse: 	at baseline.com.newsblur.service.NBSyncService$1.run(NBSyncService.java:188)
08-05 18:05:56.700  9544 15377 E baseline.com.newsblur.network.APIResponse: 	at java.util.concurrent.ThreadPoolExecutor.runWorker(ThreadPoolExecutor.java:1113)
08-05 18:05:56.700  9544 15377 E baseline.com.newsblur.network.APIResponse: 	at java.util.concurrent.ThreadPoolExecutor$Worker.run(ThreadPoolExecutor.java:588)
08-05 18:05:56.700  9544 15377 E baseline.com.newsblur.network.APIResponse: 	at java.lang.Thread.run(Thread.java:818)
08-05 18:05:56.700  9544 15377 E baseline.com.newsblur.network.APIResponse: Caused by: java.io.EOFException: \n not found: limit=0 content=
08-05 18:05:56.700  9544 15377 E baseline.com.newsblur.network.APIResponse: 	at okio.RealBufferedSource.readUtf8LineStrict(RealBufferedSource.java:240)
08-05 18:05:56.700  9544 15377 E baseline.com.newsblur.network.APIResponse: 	at okhttp3.internal.http1.Http1ExchangeCodec.readHeaderLine(Http1ExchangeCodec.java:242)
08-05 18:05:56.700  9544 15377 E baseline.com.newsblur.network.APIResponse: 	at okhttp3.internal.http1.Http1ExchangeCodec.readResponseHeaders(Http1ExchangeCodec.java:213)
08-05 18:05:56.700  9544 15377 E baseline.com.newsblur.network.APIResponse: 	... 28 more
08-05 18:05:56.702  9544 15377 I baseline.com.newsblur.network.APIManager: API call failed, pausing before retry number 2
08-05 18:05:56.719  9544  9570 I art     : Starting a blocking GC Explicit
08-05 18:05:56.797  9544  9570 I art     : Explicit concurrent mark sweep GC freed 1034(216KB) AllocSpace objects, 2(40KB) LOS objects, 27% free, 41MB/57MB, paused 2.516ms total 77.629ms
08-05 18:05:56.819  9544  9570 I art     : Starting a blocking GC Explicit
08-05 18:05:56.896  9544  9570 I art     : Explicit concurrent mark sweep GC freed 69(2624B) AllocSpace objects, 0(0B) LOS objects, 27% free, 41MB/57MB, paused 2.251ms total 76.789ms
08-05 18:05:57.359  9544  9570 I art     : Starting a blocking GC Explicit
08-05 18:05:57.437  9544  9570 I art     : Explicit concurrent mark sweep GC freed 1510(85KB) AllocSpace objects, 1(20KB) LOS objects, 27% free, 41MB/57MB, paused 2.253ms total 77.537ms
08-05 18:05:57.461  9544  9570 I art     : Starting a blocking GC Explicit
08-05 18:05:57.536  9544  9570 I art     : Explicit concurrent mark sweep GC freed 34(1168B) AllocSpace objects, 0(0B) LOS objects, 27% free, 41MB/57MB, paused 2.213ms total 74.792ms
08-05 18:05:57.559  9544  9570 I art     : Starting a blocking GC Explicit
08-05 18:05:57.635  9544  9570 I art     : Explicit concurrent mark sweep GC freed 15(480B) AllocSpace objects, 0(0B) LOS objects, 27% free, 41MB/57MB, paused 2.220ms total 75.445ms
08-05 18:05:57.658  9544  9570 I art     : Starting a blocking GC Explicit
08-05 18:05:57.727  9544  9570 I art     : Explicit concurrent mark sweep GC freed 6(192B) AllocSpace objects, 0(0B) LOS objects, 27% free, 41MB/57MB, paused 2.214ms total 68.105ms
08-05 18:05:57.748  9544  9570 I art     : Starting a blocking GC Explicit
08-05 18:05:57.822  9544  9570 I art     : Explicit concurrent mark sweep GC freed 3(96B) AllocSpace objects, 0(0B) LOS objects, 27% free, 41MB/57MB, paused 2.342ms total 73.426ms
08-05 18:05:57.913 15716 15716 D AndroidRuntime: >>>>>> START com.android.internal.os.RuntimeInit uid 2000 <<<<<<
08-05 18:05:57.920 15716 15716 D AndroidRuntime: CheckJNI is OFF
08-05 18:05:57.981 15716 15716 D ICU     : No timezone override file found: /data/misc/zoneinfo/current/icu/icu_tzdata.dat
08-05 18:05:58.026 15716 15716 I Radio-JNI: register_android_hardware_Radio DONE
08-05 18:05:58.058 15716 15716 D AndroidRuntime: Calling main entry com.android.commands.am.Am
08-05 18:05:58.070 16924 16924 I Trepn   : Trepn 6.2s: Received intent: com.quicinc.trepn.stop_profiling
08-05 18:05:58.097 16924 16924 I Trepn   : Trepn 6.2s: Trepn has Stopped Profiling.
08-05 18:05:58.245  9544 13634 I art     : Starting a blocking GC Explicit
08-05 18:05:58.287 15716 15716 D AndroidRuntime: Shutting down VM
08-05 18:05:58.292   918  5132 W AppOps  : Finishing op nesting under-run: uid 10078 pkg com.quicinc.trepn code 24 time=0 duration=0 nesting=0
08-05 18:05:58.319  9544 13634 I art     : Explicit concurrent mark sweep GC freed 1479(84KB) AllocSpace objects, 1(20KB) LOS objects, 27% free, 41MB/57MB, paused 2.072ms total 73.360ms
08-05 18:05:58.338  9544 13634 I art     : Starting a blocking GC Explicit
08-05 18:05:58.407  9544 13634 I art     : Explicit concurrent mark sweep GC freed 22(784B) AllocSpace objects, 0(0B) LOS objects, 27% free, 41MB/57MB, paused 2.395ms total 69.208ms
08-05 18:05:58.431  9544 13634 I art     : Starting a blocking GC Explicit
08-05 18:05:58.515  9544 13634 I art     : Explicit concurrent mark sweep GC freed 3(96B) AllocSpace objects, 0(0B) LOS objects, 27% free, 41MB/57MB, paused 2.764ms total 83.971ms
08-05 18:05:58.538  9544 13634 I art     : Starting a blocking GC Explicit
08-05 18:05:58.610  9544 13634 I art     : Explicit concurrent mark sweep GC freed 3(96B) AllocSpace objects, 0(0B) LOS objects, 27% free, 41MB/57MB, paused 2.449ms total 71.696ms
08-05 18:05:58.632  9544 13634 I art     : Starting a blocking GC Explicit
08-05 18:05:58.706  9544 13634 I art     : Explicit concurrent mark sweep GC freed 3(96B) AllocSpace objects, 0(0B) LOS objects, 27% free, 41MB/57MB, paused 2.308ms total 73.080ms
08-05 18:05:59.347   918  1209 D NetworkMonitor/NetworkAgentInfo [WIFI () - 159]: Checking http://connectivitycheck.gstatic.com/generate_204 on "H369AA63323", 192.168.2.12=192.168.2.12
08-05 18:05:59.432   918  1209 D NetworkMonitor/NetworkAgentInfo [WIFI () - 159]: Probably not a portal: exception java.io.IOException: unexpected end of stream on Connection{connectivitycheck.gstatic.com:80, proxy=HTTP@/192.168.2.12:8080 hostAddress=192.168.2.12 cipherSuite=none protocol=http/1.1} (recycle count=0)
08-05 18:05:59.433   918  3263 D ConnectivityService: NetworkAgentInfo [WIFI () - 159] validation failed
08-05 18:05:59.435   918  3261 E WifiConfigStore:  rewrite network history for "H369AA63323"WPA_PSK
08-05 18:06:00.026   918   937 W ProcessCpuTracker: Skipping unknown process pid 15796
08-05 18:06:00.276  9544 15377 E baseline.com.newsblur.network.APIResponse: Error (unexpected end of stream on https://www.newsblur.com/...) calling https://www.newsblur.com/reader/feed_unread_count?feed_id=0
08-05 18:06:00.276  9544 15377 E baseline.com.newsblur.network.APIResponse: java.io.IOException: unexpected end of stream on https://www.newsblur.com/...
08-05 18:06:00.276  9544 15377 E baseline.com.newsblur.network.APIResponse: 	at okhttp3.internal.http1.Http1ExchangeCodec.readResponseHeaders(Http1ExchangeCodec.java:236)
08-05 18:06:00.276  9544 15377 E baseline.com.newsblur.network.APIResponse: 	at okhttp3.internal.connection.Exchange.readResponseHeaders(Exchange.java:115)
08-05 18:06:00.276  9544 15377 E baseline.com.newsblur.network.APIResponse: 	at okhttp3.internal.http.CallServerInterceptor.intercept(CallServerInterceptor.java:94)
08-05 18:06:00.276  9544 15377 E baseline.com.newsblur.network.APIResponse: 	at okhttp3.internal.http.RealInterceptorChain.proceed(RealInterceptorChain.java:142)
08-05 18:06:00.276  9544 15377 E baseline.com.newsblur.network.APIResponse: 	at okhttp3.internal.connection.ConnectInterceptor.intercept(ConnectInterceptor.java:43)
08-05 18:06:00.276  9544 15377 E baseline.com.newsblur.network.APIResponse: 	at okhttp3.internal.http.RealInterceptorChain.proceed(RealInterceptorChain.java:142)
08-05 18:06:00.276  9544 15377 E baseline.com.newsblur.network.APIResponse: 	at okhttp3.internal.http.RealInterceptorChain.proceed(RealInterceptorChain.java:117)
08-05 18:06:00.276  9544 15377 E baseline.com.newsblur.network.APIResponse: 	at okhttp3.internal.cache.CacheInterceptor.intercept(CacheInterceptor.java:94)
08-05 18:06:00.276  9544 15377 E baseline.com.newsblur.network.APIResponse: 	at okhttp3.internal.http.RealInterceptorChain.proceed(RealInterceptorChain.java:142)
08-05 18:06:00.276  9544 15377 E baseline.com.newsblur.network.APIResponse: 	at okhttp3.internal.http.RealInterceptorChain.proceed(RealInterceptorChain.java:117)
08-05 18:06:00.276  9544 15377 E baseline.com.newsblur.network.APIResponse: 	at okhttp3.internal.http.BridgeInterceptor.intercept(BridgeInterceptor.java:93)
08-05 18:06:00.276  9544 15377 E baseline.com.newsblur.network.APIResponse: 	at okhttp3.internal.http.RealInterceptorChain.proceed(RealInterceptorChain.java:142)
08-05 18:06:00.276  9544 15377 E baseline.com.newsblur.network.APIResponse: 	at okhttp3.internal.http.RetryAndFollowUpInterceptor.intercept(RetryAndFollowUpInterceptor.java:88)
08-05 18:06:00.276  9544 15377 E baseline.com.newsblur.network.APIResponse: 	at okhttp3.internal.http.RealInterceptorChain.proceed(RealInterceptorChain.java:142)
08-05 18:06:00.276  9544 15377 E baseline.com.newsblur.network.APIResponse: 	at okhttp3.internal.http.RealInterceptorChain.proceed(RealInterceptorChain.java:117)
08-05 18:06:00.276  9544 15377 E baseline.com.newsblur.network.APIResponse: 	at okhttp3.RealCall.getResponseWithInterceptorChain(RealCall.java:229)
08-05 18:06:00.276  9544 15377 E baseline.com.newsblur.network.APIResponse: 	at okhttp3.RealCall.execute(RealCall.java:81)
08-05 18:06:00.276  9544 15377 E baseline.com.newsblur.network.APIResponse: 	at baseline.com.newsblur.network.APIResponse.<init>(APIResponse.java:57)
08-05 18:06:00.276  9544 15377 E baseline.com.newsblur.network.APIResponse: 	at baseline.com.newsblur.network.APIManager.get_single(APIManager.java:639)
08-05 18:06:00.276  9544 15377 E baseline.com.newsblur.network.APIResponse: 	at baseline.com.newsblur.network.APIManager.get(APIManager.java:625)
08-05 18:06:00.276  9544 15377 E baseline.com.newsblur.network.APIResponse: 	at baseline.com.newsblur.network.APIManager.get(APIManager.java:667)
08-05 18:06:00.276  9544 15377 E baseline.com.newsblur.network.APIResponse: 	at baseline.com.newsblur.network.APIManager.getFeedUnreadCounts(APIManager.java:274)
08-05 18:06:00.276  9544 15377 E baseline.com.newsblur.network.APIResponse: 	at baseline.com.newsblur.service.NBSyncService.checkRecounts(NBSyncService.java:660)
08-05 18:06:00.276  9544 15377 E baseline.com.newsblur.network.APIResponse: 	at baseline.com.newsblur.service.NBSyncService.doSync(NBSyncService.java:310)
08-05 18:06:00.276  9544 15377 E baseline.com.newsblur.network.APIResponse: 	at baseline.com.newsblur.service.NBSyncService.access$100(NBSyncService.java:67)
08-05 18:06:00.276  9544 15377 E baseline.com.newsblur.network.APIResponse: 	at baseline.com.newsblur.service.NBSyncService$1.run(NBSyncService.java:188)
08-05 18:06:00.276  9544 15377 E baseline.com.newsblur.network.APIResponse: 	at java.util.concurrent.ThreadPoolExecutor.runWorker(ThreadPoolExecutor.java:1113)
08-05 18:06:00.276  9544 15377 E baseline.com.newsblur.network.APIResponse: 	at java.util.concurrent.ThreadPoolExecutor$Worker.run(ThreadPoolExecutor.java:588)
08-05 18:06:00.276  9544 15377 E baseline.com.newsblur.network.APIResponse: 	at java.lang.Thread.run(Thread.java:818)
08-05 18:06:00.276  9544 15377 E baseline.com.newsblur.network.APIResponse: Caused by: java.io.EOFException: \n not found: limit=0 content=
08-05 18:06:00.276  9544 15377 E baseline.com.newsblur.network.APIResponse: 	at okio.RealBufferedSource.readUtf8LineStrict(RealBufferedSource.java:240)
08-05 18:06:00.276  9544 15377 E baseline.com.newsblur.network.APIResponse: 	at okhttp3.internal.http1.Http1ExchangeCodec.readHeaderLine(Http1ExchangeCodec.java:242)
08-05 18:06:00.276  9544 15377 E baseline.com.newsblur.network.APIResponse: 	at okhttp3.internal.http1.Http1ExchangeCodec.readResponseHeaders(Http1ExchangeCodec.java:213)
08-05 18:06:00.276  9544 15377 E baseline.com.newsblur.network.APIResponse: 	... 28 more
08-05 18:06:00.277  9544 15377 W baseline.com.newsblur.service.NBSyncService: Bad response to feed_unread_count
