--------- beginning of main
08-05 16:33:06.472   918  1209 D NetworkMonitor/NetworkAgentInfo [WIFI () - 159]: Checking http://connectivitycheck.gstatic.com/generate_204 on "H369AA63323", 192.168.2.12=192.168.2.12
08-05 16:33:06.614   918  1209 D NetworkMonitor/NetworkAgentInfo [WIFI () - 159]: Probably not a portal: exception java.io.IOException: unexpected end of stream on Connection{connectivitycheck.gstatic.com:80, proxy=HTTP@/192.168.2.12:8080 hostAddress=192.168.2.12 cipherSuite=none protocol=http/1.1} (recycle count=0)
--------- beginning of system
08-05 16:33:06.615   918  3263 D ConnectivityService: NetworkAgentInfo [WIFI () - 159] validation failed
08-05 16:33:06.616   918  3261 E WifiConfigStore:  rewrite network history for "H369AA63323"WPA_PSK
08-05 16:33:06.663 30325 30325 I ServiceManager: Waiting for service AtCmdFwd...
08-05 16:33:07.085  3552  3552 D AndroidRuntime: >>>>>> START com.android.internal.os.RuntimeInit uid 2000 <<<<<<
08-05 16:33:07.091  3552  3552 D AndroidRuntime: CheckJNI is OFF
08-05 16:33:07.122  3552  3552 D ICU     : No timezone override file found: /data/misc/zoneinfo/current/icu/icu_tzdata.dat
08-05 16:33:07.155  3552  3552 I Radio-JNI: register_android_hardware_Radio DONE
08-05 16:33:07.174  3552  3552 D AndroidRuntime: Calling main entry com.android.commands.monkey.Monkey
08-05 16:33:07.192   918   931 W BroadcastQueue: Skipping deliver [background] BroadcastRecord{ed6cf4d u-1 android.net.conn.CONNECTIVITY_CHANGE} to ReceiverList{72dea02 3552 (unknown name)/2000/u-1 remote:76b2277}: process crashing
08-05 16:33:07.203   918  5132 I ActivityManager: START u0 {act=android.intent.action.MAIN cat=[android.intent.category.LAUNCHER] flg=0x10200000 cmp=baseline.com.newsblur/.activity.InitActivity} from uid 2000 on display 0
08-05 16:33:07.230   918   932 I sensors : batch
08-05 16:33:07.240  3552  3552 I art     : System.exit called, status: 0
08-05 16:33:07.241  3552  3552 I AndroidRuntime: VM exiting with result code 0.
08-05 16:33:07.244   918  3188 I hubconnection: sensorhub said: 'batch 31 flags:0, sampling_rate_Hz:15.00, max_report_latency_us:0'
08-05 16:33:07.245   918   932 I sensors : flush
08-05 16:33:07.251   918  3188 I hubconnection: sensorhub said: 'flush 31'
08-05 16:33:07.252   918  3188 I hubconnection: saw sensor 31 flushed
08-05 16:33:07.310 16458 15483 I PBSessionCacheImpl: Deleted sessionId[72384646105454640] from persistence.
08-05 16:33:07.316 16458 16488 W SearchServiceCore: Abort, client detached.
08-05 16:33:07.318 16458 16488 I MicroDetectionState: Should stop hotword detection immediately - true
08-05 16:33:07.364  2290  2290 I baseline.com.newsblur.activity.InitActivity: cold launching version 9.0b1
08-05 16:33:07.370  2290  3567 D OpenGLRenderer: Use EGL_SWAP_BEHAVIOR_PRESERVED: true
08-05 16:33:07.406  2290  3567 I Adreno  : QUALCOMM build                   : fcf4852, I1af360237c
08-05 16:33:07.406  2290  3567 I Adreno  : Build Date                       : 09/23/15
08-05 16:33:07.406  2290  3567 I Adreno  : OpenGL ES Shader Compiler Version: XE031.05.13.02
08-05 16:33:07.406  2290  3567 I Adreno  : Local Branch                     : mybranch14465806
08-05 16:33:07.406  2290  3567 I Adreno  : Remote Branch                    : quic/LA.BF64.1.2.9_v2
08-05 16:33:07.406  2290  3567 I Adreno  : Remote Branch                    : NONE
08-05 16:33:07.406  2290  3567 I Adreno  : Reconstruct Branch               : NOTHING
08-05 16:33:07.410  2290  3567 I OpenGLRenderer: Initialized EGL, version 1.4
08-05 16:33:07.416   918  5481 I ActivityManager: START u0 {cmp=baseline.com.newsblur/.activity.Main} from uid 10676 on display 0
08-05 16:33:07.437   918   928 W InputMethodManagerService: Focus gain on non-focused client com.android.internal.view.IInputMethodClient$Stub$Proxy@7d24f75 (uid=10676 pid=2290)
08-05 16:33:07.586  2290  2290 I art     : Rejecting re-init on previously-failed class java.lang.Class<androidx.core.view.ViewCompat$OnUnhandledKeyEventListenerWrapper>
08-05 16:33:07.587  2290  2290 I art     : Rejecting re-init on previously-failed class java.lang.Class<androidx.core.view.ViewCompat$OnUnhandledKeyEventListenerWrapper>
08-05 16:33:07.615  2290  2290 E BitmapFactory: Unable to decode stream: java.io.FileNotFoundException: /data/user/0/baseline.com.newsblur/cache/userProfilePicture: open failed: ENOENT (No such file or directory)
08-05 16:33:07.665 30325 30325 I ServiceManager: Waiting for service AtCmdFwd...
08-05 16:33:07.715  2290  3576 I baseline.com.newsblur.service.NBSyncService: ready to sync feed list
08-05 16:33:07.753 13866 13866 I GoogleInputMethodServic: GoogleInputMethodService.onFinishInput():3138 
08-05 16:33:07.754 13866 13866 I GoogleInputMethodServic: GoogleInputMethodService.onStartInput():1808 
08-05 16:33:07.853   918   936 I ActivityManager: Displayed baseline.com.newsblur/.activity.Main: +415ms (total +642ms)
08-05 16:33:08.320  2290  3576 I NAPPA_EXPERIMENTATION: MetricNetworkRequestExecutionTime: REQUEST_DURATION_SYSTEM='600',REQUEST_DURATION_OKHTTP='48',REQUEST_SYNCHRONOUS='TRUE',RESPONSE_CODE='200',RESPONSE_METHOD='GET',RESPONSE_LENGTH_OKHTTP='-1',RESPONSE_LENGTH_HEADER='-2',REQUEST_PROTOCOL='http/1.1',REQUEST_URL='https://www.newsblur.com/reader/feeds/?update_counts=true',
08-05 16:33:08.321  2290  3576 D MY_TAG  : 1, 600
08-05 16:33:08.360  2290  3576 I baseline.com.newsblur.service.NBSyncService: got feed list: 1 feeds in  conn:601 read:8 parse:4 store:26
08-05 16:33:08.562   918  3261 D WifiStateMachine: starting scan for "H369AA63323"WPA_PSK with 2412,5180
08-05 16:33:08.665 30325 30325 I ServiceManager: Waiting for service AtCmdFwd...
08-05 16:33:08.736  3596  3596 D AndroidRuntime: >>>>>> START com.android.internal.os.RuntimeInit uid 2000 <<<<<<
08-05 16:33:08.741  3596  3596 D AndroidRuntime: CheckJNI is OFF
08-05 16:33:08.759  2290  3589 I NAPPA_EXPERIMENTATION: MetricNetworkRequestExecutionTime: REQUEST_DURATION_SYSTEM='393',REQUEST_DURATION_OKHTTP='41',REQUEST_SYNCHRONOUS='TRUE',RESPONSE_CODE='200',RESPONSE_METHOD='GET',RESPONSE_LENGTH_OKHTTP='-1',RESPONSE_LENGTH_HEADER='-2',REQUEST_PROTOCOL='http/1.1',REQUEST_URL='https://www.newsblur.com/reader/unread_story_hashes?include_timestamps=1',
08-05 16:33:08.760  2290  3589 D MY_TAG  : 0, 393
08-05 16:33:08.765  3596  3596 D ICU     : No timezone override file found: /data/misc/zoneinfo/current/icu/icu_tzdata.dat
08-05 16:33:08.772  2290  3589 I baseline.com.newsblur.service.UnreadsService: starting unread count: 0
08-05 16:33:08.773  2290  3589 I baseline.com.newsblur.service.UnreadsService: new unread count:      0
08-05 16:33:08.774  2290  3589 I baseline.com.newsblur.service.UnreadsService: new unreads found:     0
08-05 16:33:08.774  2290  3589 I baseline.com.newsblur.service.UnreadsService: unreads to retire:     0
08-05 16:33:08.790  3596  3596 I Radio-JNI: register_android_hardware_Radio DONE
08-05 16:33:08.806  3596  3596 D AndroidRuntime: Calling main entry com.android.commands.am.Am
08-05 16:33:08.811 16924 16924 I Trepn   : Trepn 6.2s: Received intent: com.quicinc.trepn.start_profiling
08-05 16:33:08.872 16924 16924 W FileUtils: Failed to chmod(/storage/emulated/0/trepn/Trepn_2020.08.05_163308.db): android.system.ErrnoException: chmod failed: EPERM (Operation not permitted)
08-05 16:33:08.948 16924 16924 I Trepn   : Trepn 6.2s: Trepn has Started Profiling.
08-05 16:33:08.949  3596  3596 D AndroidRuntime: Shutting down VM
08-05 16:33:09.403  2290  2305 I art     : Starting a blocking GC Explicit
08-05 16:33:09.427  2290  2305 I art     : Explicit concurrent mark sweep GC freed 32266(2039KB) AllocSpace objects, 41(1140KB) LOS objects, 37% free, 26MB/42MB, paused 227us total 23.811ms
08-05 16:33:09.438  2290  2305 I art     : Starting a blocking GC Explicit
08-05 16:33:09.450  2290  2305 I art     : Explicit concurrent mark sweep GC freed 2443(198KB) AllocSpace objects, 0(0B) LOS objects, 38% free, 26MB/42MB, paused 180us total 11.389ms
08-05 16:33:09.455  2290  2305 I art     : Starting a blocking GC Explicit
08-05 16:33:09.467  2290  2305 I art     : Explicit concurrent mark sweep GC freed 3(96B) AllocSpace objects, 0(0B) LOS objects, 38% free, 26MB/42MB, paused 198us total 11.221ms
08-05 16:33:09.473  2290  2305 I art     : Starting a blocking GC Explicit
08-05 16:33:09.484  2290  2305 I art     : Explicit concurrent mark sweep GC freed 3(96B) AllocSpace objects, 0(0B) LOS objects, 38% free, 26MB/42MB, paused 182us total 11.084ms
08-05 16:33:09.490  2290  2305 I art     : Starting a blocking GC Explicit
08-05 16:33:09.501  2290  2305 I art     : Explicit concurrent mark sweep GC freed 3(96B) AllocSpace objects, 0(0B) LOS objects, 38% free, 26MB/42MB, paused 177us total 10.779ms
08-05 16:33:09.666 30325 30325 I ServiceManager: Waiting for service AtCmdFwd...
08-05 16:33:09.780  2290  3568 I art     : Starting a blocking GC Explicit
08-05 16:33:09.798  2290  3568 I art     : Explicit concurrent mark sweep GC freed 1390(80KB) AllocSpace objects, 1(20KB) LOS objects, 38% free, 26MB/42MB, paused 220us total 17.610ms
08-05 16:33:09.808  2290  3568 I art     : Starting a blocking GC Explicit
08-05 16:33:09.823  2290  3568 I art     : Explicit concurrent mark sweep GC freed 20(704B) AllocSpace objects, 0(0B) LOS objects, 38% free, 26MB/42MB, paused 211us total 14.776ms
08-05 16:33:09.833  2290  3568 I art     : Starting a blocking GC Explicit
08-05 16:33:09.846  2290  3568 I art     : Explicit concurrent mark sweep GC freed 3(96B) AllocSpace objects, 0(0B) LOS objects, 38% free, 26MB/42MB, paused 185us total 12.665ms
08-05 16:33:09.853  2290  3568 I art     : Starting a blocking GC Explicit
08-05 16:33:09.865  2290  3568 I art     : Explicit concurrent mark sweep GC freed 3(96B) AllocSpace objects, 0(0B) LOS objects, 38% free, 26MB/42MB, paused 186us total 11.833ms
08-05 16:33:09.871  2290  3568 I art     : Starting a blocking GC Explicit
08-05 16:33:09.883  2290  3568 I art     : Explicit concurrent mark sweep GC freed 3(96B) AllocSpace objects, 0(0B) LOS objects, 38% free, 26MB/42MB, paused 182us total 11.917ms
08-05 16:33:10.160  2290  2302 I art     : Starting a blocking GC Explicit
08-05 16:33:10.175  2290  2302 I art     : Explicit concurrent mark sweep GC freed 1383(80KB) AllocSpace objects, 1(20KB) LOS objects, 38% free, 26MB/42MB, paused 221us total 14.411ms
08-05 16:33:10.181  2290  2302 I art     : Starting a blocking GC Explicit
08-05 16:33:10.194  2290  2302 I art     : Explicit concurrent mark sweep GC freed 20(704B) AllocSpace objects, 0(0B) LOS objects, 38% free, 26MB/42MB, paused 185us total 12.357ms
08-05 16:33:10.201  2290  2302 I art     : Starting a blocking GC Explicit
08-05 16:33:10.213  2290  2302 I art     : Explicit concurrent mark sweep GC freed 3(96B) AllocSpace objects, 0(0B) LOS objects, 38% free, 26MB/42MB, paused 166us total 11.938ms
08-05 16:33:10.220  2290  2302 I art     : Starting a blocking GC Explicit
08-05 16:33:10.231  2290  2302 I art     : Explicit concurrent mark sweep GC freed 3(96B) AllocSpace objects, 0(0B) LOS objects, 38% free, 26MB/42MB, paused 178us total 11.343ms
08-05 16:33:10.237  2290  2302 I art     : Starting a blocking GC Explicit
08-05 16:33:10.249  2290  2302 I art     : Explicit concurrent mark sweep GC freed 3(96B) AllocSpace objects, 0(0B) LOS objects, 38% free, 26MB/42MB, paused 178us total 11.356ms
08-05 16:33:10.576  2290  2305 I art     : Starting a blocking GC Explicit
08-05 16:33:10.594  2290  2305 I art     : Explicit concurrent mark sweep GC freed 1379(80KB) AllocSpace objects, 1(20KB) LOS objects, 38% free, 26MB/42MB, paused 257us total 17.571ms
08-05 16:33:10.604  2290  2305 I art     : Starting a blocking GC Explicit
08-05 16:33:10.619  2290  2305 I art     : Explicit concurrent mark sweep GC freed 20(704B) AllocSpace objects, 0(0B) LOS objects, 38% free, 26MB/42MB, paused 194us total 15.074ms
08-05 16:33:10.627  2290  2305 I art     : Starting a blocking GC Explicit
08-05 16:33:10.639  2290  2305 I art     : Explicit concurrent mark sweep GC freed 3(96B) AllocSpace objects, 0(0B) LOS objects, 38% free, 26MB/42MB, paused 179us total 11.168ms
08-05 16:33:10.645  2290  2305 I art     : Starting a blocking GC Explicit
08-05 16:33:10.657  2290  2305 I art     : Explicit concurrent mark sweep GC freed 3(96B) AllocSpace objects, 0(0B) LOS objects, 38% free, 26MB/42MB, paused 181us total 11.958ms
08-05 16:33:10.663  2290  2305 I art     : Starting a blocking GC Explicit
08-05 16:33:10.666 30325 30325 W Atfwd_Sendcmd: AtCmdFwd service not published, waiting... retryCnt : 1
08-05 16:33:10.674  2290  2305 I art     : Explicit concurrent mark sweep GC freed 3(96B) AllocSpace objects, 0(0B) LOS objects, 38% free, 26MB/42MB, paused 184us total 10.853ms
08-05 16:33:10.991  2290  3568 I art     : Starting a blocking GC Explicit
08-05 16:33:11.009  2290  3568 I art     : Explicit concurrent mark sweep GC freed 1381(80KB) AllocSpace objects, 1(20KB) LOS objects, 38% free, 26MB/42MB, paused 222us total 17.229ms
08-05 16:33:11.019  2290  3568 I art     : Starting a blocking GC Explicit
08-05 16:33:11.031  2290  3568 I art     : Explicit concurrent mark sweep GC freed 20(704B) AllocSpace objects, 0(0B) LOS objects, 38% free, 26MB/42MB, paused 186us total 12.377ms
08-05 16:33:11.038  2290  3568 I art     : Starting a blocking GC Explicit
08-05 16:33:11.050  2290  3568 I art     : Explicit concurrent mark sweep GC freed 3(96B) AllocSpace objects, 0(0B) LOS objects, 38% free, 26MB/42MB, paused 189us total 11.860ms
08-05 16:33:11.056  2290  3568 I art     : Starting a blocking GC Explicit
08-05 16:33:11.068  2290  3568 I art     : Explicit concurrent mark sweep GC freed 3(96B) AllocSpace objects, 0(0B) LOS objects, 38% free, 26MB/42MB, paused 189us total 11.402ms
08-05 16:33:11.074  2290  3568 I art     : Starting a blocking GC Explicit
08-05 16:33:11.086  2290  3568 I art     : Explicit concurrent mark sweep GC freed 3(96B) AllocSpace objects, 0(0B) LOS objects, 38% free, 26MB/42MB, paused 186us total 11.592ms
08-05 16:33:11.399  2290  2302 I art     : Starting a blocking GC Explicit
08-05 16:33:11.415  2290  2302 I art     : Explicit concurrent mark sweep GC freed 1379(80KB) AllocSpace objects, 1(20KB) LOS objects, 38% free, 26MB/42MB, paused 222us total 15.553ms
08-05 16:33:11.422  2290  2302 I art     : Starting a blocking GC Explicit
08-05 16:33:11.435  2290  2302 I art     : Explicit concurrent mark sweep GC freed 20(704B) AllocSpace objects, 0(0B) LOS objects, 38% free, 26MB/42MB, paused 191us total 12.414ms
08-05 16:33:11.441  2290  2302 I art     : Starting a blocking GC Explicit
08-05 16:33:11.453  2290  2302 I art     : Explicit concurrent mark sweep GC freed 3(96B) AllocSpace objects, 0(0B) LOS objects, 38% free, 26MB/42MB, paused 181us total 11.557ms
08-05 16:33:11.459  2290  2302 I art     : Starting a blocking GC Explicit
08-05 16:33:11.471  2290  2302 I art     : Explicit concurrent mark sweep GC freed 3(96B) AllocSpace objects, 0(0B) LOS objects, 38% free, 26MB/42MB, paused 178us total 11.622ms
08-05 16:33:11.477  2290  2302 I art     : Starting a blocking GC Explicit
08-05 16:33:11.488  2290  2302 I art     : Explicit concurrent mark sweep GC freed 3(96B) AllocSpace objects, 0(0B) LOS objects, 38% free, 26MB/42MB, paused 176us total 11.372ms
08-05 16:33:11.783  2290  2305 I art     : Starting a blocking GC Explicit
08-05 16:33:11.800  2290  2305 I art     : Explicit concurrent mark sweep GC freed 1379(80KB) AllocSpace objects, 1(20KB) LOS objects, 38% free, 26MB/42MB, paused 224us total 17.090ms
08-05 16:33:11.809  2290  2305 I art     : Starting a blocking GC Explicit
08-05 16:33:11.822  2290  2305 I art     : Explicit concurrent mark sweep GC freed 20(704B) AllocSpace objects, 0(0B) LOS objects, 38% free, 26MB/42MB, paused 190us total 12.450ms
08-05 16:33:11.828  2290  2305 I art     : Starting a blocking GC Explicit
08-05 16:33:11.840  2290  2305 I art     : Explicit concurrent mark sweep GC freed 3(96B) AllocSpace objects, 0(0B) LOS objects, 38% free, 26MB/42MB, paused 188us total 11.741ms
08-05 16:33:11.846  2290  2305 I art     : Starting a blocking GC Explicit
08-05 16:33:11.858  2290  2305 I art     : Explicit concurrent mark sweep GC freed 3(96B) AllocSpace objects, 0(0B) LOS objects, 38% free, 26MB/42MB, paused 186us total 11.639ms
08-05 16:33:11.864  2290  2305 I art     : Starting a blocking GC Explicit
08-05 16:33:11.876  2290  2305 I art     : Explicit concurrent mark sweep GC freed 3(96B) AllocSpace objects, 0(0B) LOS objects, 38% free, 26MB/42MB, paused 184us total 11.573ms
08-05 16:33:12.197  2290  3568 I art     : Starting a blocking GC Explicit
08-05 16:33:12.215  2290  3568 I art     : Explicit concurrent mark sweep GC freed 1379(80KB) AllocSpace objects, 1(20KB) LOS objects, 38% free, 26MB/42MB, paused 244us total 17.160ms
08-05 16:33:12.225  2290  3568 I art     : Starting a blocking GC Explicit
08-05 16:33:12.238  2290  3568 I art     : Explicit concurrent mark sweep GC freed 20(704B) AllocSpace objects, 0(0B) LOS objects, 38% free, 26MB/42MB, paused 193us total 12.394ms
08-05 16:33:12.244  2290  3568 I art     : Starting a blocking GC Explicit
08-05 16:33:12.256  2290  3568 I art     : Explicit concurrent mark sweep GC freed 3(96B) AllocSpace objects, 0(0B) LOS objects, 38% free, 26MB/42MB, paused 189us total 11.790ms
08-05 16:33:12.262  2290  3568 I art     : Starting a blocking GC Explicit
08-05 16:33:12.274  2290  3568 I art     : Explicit concurrent mark sweep GC freed 3(96B) AllocSpace objects, 0(0B) LOS objects, 38% free, 26MB/42MB, paused 179us total 11.195ms
08-05 16:33:12.280  2290  3568 I art     : Starting a blocking GC Explicit
08-05 16:33:12.292  2290  3568 I art     : Explicit concurrent mark sweep GC freed 3(96B) AllocSpace objects, 0(0B) LOS objects, 38% free, 26MB/42MB, paused 180us total 11.519ms
08-05 16:33:12.588  2290  2302 I art     : Starting a blocking GC Explicit
08-05 16:33:12.602  2290  2302 I art     : Explicit concurrent mark sweep GC freed 1379(80KB) AllocSpace objects, 1(20KB) LOS objects, 38% free, 26MB/42MB, paused 193us total 14.037ms
08-05 16:33:12.609  2290  2302 I art     : Starting a blocking GC Explicit
08-05 16:33:12.621  2290  2302 I art     : Explicit concurrent mark sweep GC freed 20(704B) AllocSpace objects, 0(0B) LOS objects, 38% free, 26MB/42MB, paused 174us total 11.868ms
08-05 16:33:12.628  2290  2302 I art     : Starting a blocking GC Explicit
08-05 16:33:12.639  2290  2302 I art     : Explicit concurrent mark sweep GC freed 3(96B) AllocSpace objects, 0(0B) LOS objects, 38% free, 26MB/42MB, paused 172us total 11.684ms
08-05 16:33:12.645  2290  2302 I art     : Starting a blocking GC Explicit
08-05 16:33:12.657  2290  2302 I art     : Explicit concurrent mark sweep GC freed 3(96B) AllocSpace objects, 0(0B) LOS objects, 38% free, 26MB/42MB, paused 288us total 11.160ms
08-05 16:33:12.663  2290  2302 I art     : Starting a blocking GC Explicit
08-05 16:33:12.674  2290  2302 I art     : Explicit concurrent mark sweep GC freed 3(96B) AllocSpace objects, 0(0B) LOS objects, 38% free, 26MB/42MB, paused 168us total 11.306ms
08-05 16:33:12.976  2290  2305 I art     : Starting a blocking GC Explicit
08-05 16:33:12.995  2290  2305 I art     : Explicit concurrent mark sweep GC freed 1379(80KB) AllocSpace objects, 1(20KB) LOS objects, 38% free, 26MB/42MB, paused 243us total 18.060ms
08-05 16:33:13.006  2290  2305 I art     : Starting a blocking GC Explicit
08-05 16:33:13.019  2290  2305 I art     : Explicit concurrent mark sweep GC freed 20(704B) AllocSpace objects, 0(0B) LOS objects, 38% free, 26MB/42MB, paused 190us total 12.305ms
08-05 16:33:13.025  2290  2305 I art     : Starting a blocking GC Explicit
08-05 16:33:13.036  2290  2305 I art     : Explicit concurrent mark sweep GC freed 3(96B) AllocSpace objects, 0(0B) LOS objects, 38% free, 26MB/42MB, paused 179us total 11.217ms
08-05 16:33:13.042  2290  2305 I art     : Starting a blocking GC Explicit
08-05 16:33:13.053  2290  2305 I art     : Explicit concurrent mark sweep GC freed 3(96B) AllocSpace objects, 0(0B) LOS objects, 38% free, 26MB/42MB, paused 179us total 11.016ms
08-05 16:33:13.059  2290  2305 I art     : Starting a blocking GC Explicit
08-05 16:33:13.071  2290  2305 I art     : Explicit concurrent mark sweep GC freed 3(96B) AllocSpace objects, 0(0B) LOS objects, 38% free, 26MB/42MB, paused 175us total 11.209ms
08-05 16:33:13.370  2290  3568 I art     : Starting a blocking GC Explicit
08-05 16:33:13.381  2290  3568 I art     : Explicit concurrent mark sweep GC freed 1378(80KB) AllocSpace objects, 1(20KB) LOS objects, 38% free, 26MB/42MB, paused 180us total 11.328ms
08-05 16:33:13.387  2290  3568 I art     : Starting a blocking GC Explicit
08-05 16:33:13.397  2290  3568 I art     : Explicit concurrent mark sweep GC freed 20(704B) AllocSpace objects, 0(0B) LOS objects, 38% free, 26MB/42MB, paused 164us total 10.216ms
08-05 16:33:13.403  2290  3568 I art     : Starting a blocking GC Explicit
08-05 16:33:13.412  2290  3568 I art     : Explicit concurrent mark sweep GC freed 3(96B) AllocSpace objects, 0(0B) LOS objects, 38% free, 26MB/42MB, paused 169us total 9.627ms
08-05 16:33:13.418  2290  3568 I art     : Starting a blocking GC Explicit
08-05 16:33:13.428  2290  3568 I art     : Explicit concurrent mark sweep GC freed 3(96B) AllocSpace objects, 0(0B) LOS objects, 38% free, 26MB/42MB, paused 165us total 9.585ms
08-05 16:33:13.433  2290  3568 I art     : Starting a blocking GC Explicit
08-05 16:33:13.443  2290  3568 I art     : Explicit concurrent mark sweep GC freed 3(96B) AllocSpace objects, 0(0B) LOS objects, 38% free, 26MB/42MB, paused 168us total 9.569ms
08-05 16:33:13.691  2290  2302 I art     : Starting a blocking GC Explicit
08-05 16:33:13.704  2290  2302 I art     : Explicit concurrent mark sweep GC freed 1379(80KB) AllocSpace objects, 1(20KB) LOS objects, 38% free, 26MB/42MB, paused 199us total 13.320ms
08-05 16:33:13.711  2290  2302 I art     : Starting a blocking GC Explicit
08-05 16:33:13.723  2290  2302 I art     : Explicit concurrent mark sweep GC freed 20(704B) AllocSpace objects, 0(0B) LOS objects, 38% free, 26MB/42MB, paused 173us total 11.180ms
08-05 16:33:13.729  2290  2302 I art     : Starting a blocking GC Explicit
08-05 16:33:13.740  2290  2302 I art     : Explicit concurrent mark sweep GC freed 3(96B) AllocSpace objects, 0(0B) LOS objects, 38% free, 26MB/42MB, paused 174us total 11.308ms
08-05 16:33:13.746  2290  2302 I art     : Starting a blocking GC Explicit
08-05 16:33:13.758  2290  2302 I art     : Explicit concurrent mark sweep GC freed 3(96B) AllocSpace objects, 0(0B) LOS objects, 38% free, 26MB/42MB, paused 268us total 11.040ms
08-05 16:33:13.763  2290  2302 I art     : Starting a blocking GC Explicit
08-05 16:33:13.774  2290  2302 I art     : Explicit concurrent mark sweep GC freed 3(96B) AllocSpace objects, 0(0B) LOS objects, 38% free, 26MB/42MB, paused 181us total 10.132ms
08-05 16:33:14.039  2290  2305 I art     : Starting a blocking GC Explicit
08-05 16:33:14.051  2290  2305 I art     : Explicit concurrent mark sweep GC freed 1379(80KB) AllocSpace objects, 1(20KB) LOS objects, 38% free, 26MB/42MB, paused 204us total 12.255ms
08-05 16:33:14.054  3761  3761 D AndroidRuntime: >>>>>> START com.android.internal.os.RuntimeInit uid 2000 <<<<<<
08-05 16:33:14.058  2290  2305 I art     : Starting a blocking GC Explicit
08-05 16:33:14.059  3761  3761 D AndroidRuntime: CheckJNI is OFF
08-05 16:33:14.069  2290  2305 I art     : Explicit concurrent mark sweep GC freed 20(704B) AllocSpace objects, 0(0B) LOS objects, 38% free, 26MB/42MB, paused 189us total 11.200ms
08-05 16:33:14.075  2290  2305 I art     : Starting a blocking GC Explicit
08-05 16:33:14.086  2290  2305 I art     : Explicit concurrent mark sweep GC freed 3(96B) AllocSpace objects, 0(0B) LOS objects, 38% free, 26MB/42MB, paused 189us total 10.888ms
08-05 16:33:14.088  3761  3761 D ICU     : No timezone override file found: /data/misc/zoneinfo/current/icu/icu_tzdata.dat
08-05 16:33:14.092  2290  2305 I art     : Starting a blocking GC Explicit
08-05 16:33:14.104  2290  2305 I art     : Explicit concurrent mark sweep GC freed 3(96B) AllocSpace objects, 0(0B) LOS objects, 38% free, 26MB/42MB, paused 183us total 11.505ms
08-05 16:33:14.109  2290  2305 I art     : Starting a blocking GC Explicit
08-05 16:33:14.114  3761  3761 I Radio-JNI: register_android_hardware_Radio DONE
08-05 16:33:14.120  2290  2305 I art     : Explicit concurrent mark sweep GC freed 3(96B) AllocSpace objects, 0(0B) LOS objects, 38% free, 26MB/42MB, paused 187us total 10.340ms
08-05 16:33:14.130  3761  3761 D AndroidRuntime: Calling main entry com.android.commands.input.Input
08-05 16:33:14.131  3761  3761 I Input   : injectMotionEvent: MotionEvent { action=ACTION_DOWN, actionButton=0, id[0]=0, x[0]=594.0, y[0]=330.0, toolType[0]=TOOL_TYPE_UNKNOWN, buttonState=0, metaState=0, flags=0x0, edgeFlags=0x0, pointerCount=1, historySize=0, eventTime=808410544, downTime=808410544, deviceId=0, source=0x1002 }
08-05 16:33:14.138  3761  3761 I Input   : injectMotionEvent: MotionEvent { action=ACTION_UP, actionButton=0, id[0]=0, x[0]=594.0, y[0]=330.0, toolType[0]=TOOL_TYPE_UNKNOWN, buttonState=0, metaState=0, flags=0x0, edgeFlags=0x0, pointerCount=1, historySize=0, eventTime=808410544, downTime=808410544, deviceId=0, source=0x1002 }
08-05 16:33:14.147  3761  3761 D AndroidRuntime: Shutting down VM
08-05 16:33:14.216   918  5481 I ActivityManager: START u0 {cmp=baseline.com.newsblur/.activity.GlobalSharedStoriesItemsList (has extras)} from uid 10676 on display 0
08-05 16:33:14.241  2290  3803 I baseline.com.newsblur.database.BlurDatabaseHelper: reading session reset
08-05 16:33:14.337  2290  3568 I art     : Starting a blocking GC Explicit
08-05 16:33:14.350  2290  3568 I art     : Explicit concurrent mark sweep GC freed 6436(518KB) AllocSpace objects, 8(284KB) LOS objects, 36% free, 27MB/43MB, paused 195us total 13.465ms
08-05 16:33:14.357  2290  3568 I art     : Starting a blocking GC Explicit
08-05 16:33:14.373  2290  3568 I art     : Explicit concurrent mark sweep GC freed 570(45KB) AllocSpace objects, 1(20KB) LOS objects, 36% free, 27MB/43MB, paused 385us total 15.242ms
08-05 16:33:14.375  2290  2290 W View    : requestLayout() improperly called by android.widget.FrameLayout{5fc44d1 V.E...... ......ID 0,0-1440,0 #7f07003f app:id/footer_view_inner} during layout: running second layout pass
08-05 16:33:14.375  2290  2290 W View    : requestLayout() improperly called by android.widget.FrameLayout{4072b36 V.E...... ......ID 0,0-1440,2091 #7f07003f app:id/footer_view_inner} during layout: running second layout pass
08-05 16:33:14.379  2290  3568 I art     : Starting a blocking GC Explicit
08-05 16:33:14.391  2290  3568 I art     : Explicit concurrent mark sweep GC freed 177(15KB) AllocSpace objects, 0(0B) LOS objects, 36% free, 27MB/43MB, paused 200us total 11.810ms
08-05 16:33:14.393   918   936 I ActivityManager: Displayed baseline.com.newsblur/.activity.GlobalSharedStoriesItemsList: +167ms
08-05 16:33:14.393 13866 13866 I GoogleInputMethodServic: GoogleInputMethodService.onFinishInput():3138 
08-05 16:33:14.393 13866 13866 I GoogleInputMethodServic: GoogleInputMethodService.onStartInput():1808 
08-05 16:33:14.397  2290  3568 I art     : Starting a blocking GC Explicit
08-05 16:33:14.413  2290  3568 I art     : Explicit concurrent mark sweep GC freed 1707(146KB) AllocSpace objects, 5(100KB) LOS objects, 36% free, 27MB/43MB, paused 344us total 15.787ms
08-05 16:33:14.420  2290  3568 I art     : Starting a blocking GC Explicit
08-05 16:33:14.431  2290  3568 I art     : Explicit concurrent mark sweep GC freed 102(3KB) AllocSpace objects, 0(0B) LOS objects, 36% free, 27MB/43MB, paused 239us total 11.162ms
08-05 16:33:14.698  2290  2302 I art     : Starting a blocking GC Explicit
08-05 16:33:14.712  2290  2302 I art     : Explicit concurrent mark sweep GC freed 1769(113KB) AllocSpace objects, 2(40KB) LOS objects, 36% free, 27MB/43MB, paused 270us total 13.998ms
08-05 16:33:14.719  2290  2302 I art     : Starting a blocking GC Explicit
08-05 16:33:14.731  2290  2302 I art     : Explicit concurrent mark sweep GC freed 54(1888B) AllocSpace objects, 0(0B) LOS objects, 36% free, 27MB/43MB, paused 247us total 12.125ms
08-05 16:33:14.737  2290  2302 I art     : Starting a blocking GC Explicit
08-05 16:33:14.749  2290  2302 I art     : Explicit concurrent mark sweep GC freed 4(128B) AllocSpace objects, 0(0B) LOS objects, 36% free, 27MB/43MB, paused 226us total 11.516ms
08-05 16:33:14.755  2290  2302 I art     : Starting a blocking GC Explicit
08-05 16:33:14.767  2290  2302 I art     : Explicit concurrent mark sweep GC freed 4(128B) AllocSpace objects, 0(0B) LOS objects, 36% free, 27MB/43MB, paused 331us total 11.983ms
08-05 16:33:14.772  2290  2302 I art     : Starting a blocking GC Explicit
08-05 16:33:14.784  2290  2302 I art     : Explicit concurrent mark sweep GC freed 4(128B) AllocSpace objects, 0(0B) LOS objects, 36% free, 27MB/43MB, paused 228us total 11.788ms
08-05 16:33:14.953  2290  3819 I NAPPA_EXPERIMENTATION: MetricNetworkRequestExecutionTime: REQUEST_DURATION_SYSTEM='546',REQUEST_DURATION_OKHTTP='40',REQUEST_SYNCHRONOUS='TRUE',RESPONSE_CODE='200',RESPONSE_METHOD='GET',RESPONSE_LENGTH_OKHTTP='-1',RESPONSE_LENGTH_HEADER='13047',REQUEST_PROTOCOL='http/1.1',REQUEST_URL='https://www.newsblur.com/social/river_stories?order=newest&page=1&read_filter=all&global_feed=true',
08-05 16:33:14.953  2290  3819 D MY_TAG  : 0, 546
08-05 16:33:15.044  2290  3568 I art     : Starting a blocking GC Explicit
08-05 16:33:15.063  2290  3568 I art     : Explicit concurrent mark sweep GC freed 34089(2MB) AllocSpace objects, 24(836KB) LOS objects, 36% free, 27MB/43MB, paused 310us total 19.163ms
08-05 16:33:15.069  2290  3568 I art     : Starting a blocking GC Explicit
08-05 16:33:15.083  2290  3568 I art     : Explicit concurrent mark sweep GC freed 2831(335KB) AllocSpace objects, 12(240KB) LOS objects, 36% free, 27MB/43MB, paused 365us total 13.188ms
08-05 16:33:15.089  2290  3568 I art     : Starting a blocking GC Explicit
08-05 16:33:15.101  2290  3568 I art     : Explicit concurrent mark sweep GC freed 774(154KB) AllocSpace objects, 5(100KB) LOS objects, 36% free, 27MB/43MB, paused 206us total 12.495ms
08-05 16:33:15.107  2290  3568 I art     : Starting a blocking GC Explicit
08-05 16:33:15.123  2290  3568 I art     : Explicit concurrent mark sweep GC freed 1123(49KB) AllocSpace objects, 1(20KB) LOS objects, 36% free, 27MB/43MB, paused 270us total 15.598ms
08-05 16:33:15.129  2290  3568 I art     : Starting a blocking GC Explicit
08-05 16:33:15.141  2290  3568 I art     : Explicit concurrent mark sweep GC freed 283(15KB) AllocSpace objects, 0(0B) LOS objects, 36% free, 27MB/43MB, paused 387us total 12.516ms
08-05 16:33:15.248  2290  3849 I NAPPA_EXPERIMENTATION: MetricNetworkRequestExecutionTime: REQUEST_DURATION_SYSTEM='56',REQUEST_DURATION_OKHTTP='53',REQUEST_SYNCHRONOUS='TRUE',RESPONSE_CODE='200',RESPONSE_METHOD='GET',RESPONSE_LENGTH_OKHTTP='43',RESPONSE_LENGTH_HEADER='43',REQUEST_PROTOCOL='http/1.1',REQUEST_URL='http://feeds.feedburner.com/~r/retort/~4/UffaFMiJbNs',
08-05 16:33:15.412  2290  2305 I art     : Starting a blocking GC Explicit
08-05 16:33:15.436  2290  2305 I art     : Explicit concurrent mark sweep GC freed 10368(552KB) AllocSpace objects, 10(340KB) LOS objects, 35% free, 28MB/44MB, paused 640us total 23.858ms
08-05 16:33:15.443  2290  2305 I art     : Starting a blocking GC Explicit
08-05 16:33:15.460  2290  2305 I art     : Explicit concurrent mark sweep GC freed 2851(263KB) AllocSpace objects, 0(0B) LOS objects, 36% free, 28MB/44MB, paused 723us total 17.030ms
08-05 16:33:15.468  2290  2305 I art     : Starting a blocking GC Explicit
08-05 16:33:15.482  2290  2305 I art     : Explicit concurrent mark sweep GC freed 2602(100KB) AllocSpace objects, 0(0B) LOS objects, 36% free, 28MB/44MB, paused 484us total 14.050ms
08-05 16:33:15.489  2290  2305 I art     : Starting a blocking GC Explicit
08-05 16:33:15.503  2290  2305 I art     : Explicit concurrent mark sweep GC freed 1880(73KB) AllocSpace objects, 0(0B) LOS objects, 36% free, 28MB/44MB, paused 457us total 14.519ms
08-05 16:33:15.506   918  1210 D NetlinkSocketObserver: NeighborEvent{elapsedMs=1791799381, 192.168.2.254, [7C3953A63323], RTM_NEWNEIGH, NUD_STALE}
08-05 16:33:15.509  2290  2305 I art     : Starting a blocking GC Explicit
08-05 16:33:15.523  2290  2305 I art     : Explicit concurrent mark sweep GC freed 145(7KB) AllocSpace objects, 0(0B) LOS objects, 36% free, 28MB/44MB, paused 511us total 14.007ms
08-05 16:33:15.618  2290  3851 I NAPPA_EXPERIMENTATION: MetricNetworkRequestExecutionTime: REQUEST_DURATION_SYSTEM='418',REQUEST_DURATION_OKHTTP='196',REQUEST_SYNCHRONOUS='TRUE',RESPONSE_CODE='200',RESPONSE_METHOD='GET',RESPONSE_LENGTH_OKHTTP='79351',RESPONSE_LENGTH_HEADER='79351',REQUEST_PROTOCOL='h2',REQUEST_URL='https://images.fastcompany.net/image/upload/w_1280,q_auto,f_auto,fl_lossy/wp-cms/uploads/2020/07/p-1-90532920-this-chart-shows-how-effective-masks-can-be.png',
08-05 16:33:15.667 30325 30325 I ServiceManager: Waiting for service AtCmdFwd...
08-05 16:33:15.728  2290  3848 I NAPPA_EXPERIMENTATION: MetricNetworkRequestExecutionTime: REQUEST_DURATION_SYSTEM='563',REQUEST_DURATION_OKHTTP='65',REQUEST_SYNCHRONOUS='TRUE',RESPONSE_CODE='200',RESPONSE_METHOD='GET',RESPONSE_LENGTH_OKHTTP='145',RESPONSE_LENGTH_HEADER='145',REQUEST_PROTOCOL='http/1.1',REQUEST_URL='https://s3.amazonaws.com/icons.newsblur.com/6882243.png',
08-05 16:33:15.730  2290  3850 I NAPPA_EXPERIMENTATION: MetricNetworkRequestExecutionTime: REQUEST_DURATION_SYSTEM='558',REQUEST_DURATION_OKHTTP='68',REQUEST_SYNCHRONOUS='TRUE',RESPONSE_CODE='200',RESPONSE_METHOD='GET',RESPONSE_LENGTH_OKHTTP='243',RESPONSE_LENGTH_HEADER='243',REQUEST_PROTOCOL='http/1.1',REQUEST_URL='https://s3.amazonaws.com/icons.newsblur.com/18178.png',
08-05 16:33:15.765  2290  3852 I NAPPA_EXPERIMENTATION: MetricNetworkRequestExecutionTime: REQUEST_DURATION_SYSTEM='584',REQUEST_DURATION_OKHTTP='100',REQUEST_SYNCHRONOUS='TRUE',RESPONSE_CODE='200',RESPONSE_METHOD='GET',RESPONSE_LENGTH_OKHTTP='477',RESPONSE_LENGTH_HEADER='477',REQUEST_PROTOCOL='http/1.1',REQUEST_URL='https://s3.amazonaws.com/icons.newsblur.com/5762506.png',
08-05 16:33:15.775  2290  2305 I art     : Starting a blocking GC Explicit
08-05 16:33:15.794  2290  2305 I art     : Explicit concurrent mark sweep GC freed 9356(534KB) AllocSpace objects, 12(3MB) LOS objects, 34% free, 30MB/46MB, paused 330us total 18.993ms
08-05 16:33:15.803  2290  2305 I art     : Starting a blocking GC Explicit
08-05 16:33:15.820  2290  2305 I art     : Explicit concurrent mark sweep GC freed 417(16KB) AllocSpace objects, 2(40KB) LOS objects, 34% free, 30MB/46MB, paused 318us total 16.921ms
08-05 16:33:15.826  2290  2305 I art     : Starting a blocking GC Explicit
08-05 16:33:15.841  2290  2305 I art     : Explicit concurrent mark sweep GC freed 19(672B) AllocSpace objects, 0(0B) LOS objects, 34% free, 30MB/46MB, paused 283us total 14.388ms
08-05 16:33:15.847  2290  2305 I art     : Starting a blocking GC Explicit
08-05 16:33:15.860  2290  2305 I art     : Explicit concurrent mark sweep GC freed 3(96B) AllocSpace objects, 0(0B) LOS objects, 34% free, 30MB/46MB, paused 352us total 13.333ms
08-05 16:33:15.867  2290  2305 I art     : Starting a blocking GC Explicit
08-05 16:33:15.880  2290  2305 I art     : Explicit concurrent mark sweep GC freed 3(96B) AllocSpace objects, 0(0B) LOS objects, 34% free, 30MB/46MB, paused 277us total 13.118ms
08-05 16:33:16.188  2290  3568 I art     : Starting a blocking GC Explicit
08-05 16:33:16.205  2290  3568 I art     : Explicit concurrent mark sweep GC freed 1390(82KB) AllocSpace objects, 1(20KB) LOS objects, 34% free, 30MB/46MB, paused 344us total 17.219ms
08-05 16:33:16.212  2290  3568 I art     : Starting a blocking GC Explicit
08-05 16:33:16.227  2290  3568 I art     : Explicit concurrent mark sweep GC freed 20(704B) AllocSpace objects, 0(0B) LOS objects, 34% free, 30MB/46MB, paused 330us total 15.236ms
08-05 16:33:16.234  2290  3568 I art     : Starting a blocking GC Explicit
08-05 16:33:16.249  2290  3568 I art     : Explicit concurrent mark sweep GC freed 3(96B) AllocSpace objects, 0(0B) LOS objects, 34% free, 30MB/46MB, paused 307us total 14.834ms
08-05 16:33:16.255  2290  3568 I art     : Starting a blocking GC Explicit
08-05 16:33:16.270  2290  3568 I art     : Explicit concurrent mark sweep GC freed 3(96B) AllocSpace objects, 0(0B) LOS objects, 34% free, 30MB/46MB, paused 316us total 14.770ms
08-05 16:33:16.276  2290  3568 I art     : Starting a blocking GC Explicit
08-05 16:33:16.291  2290  3568 I art     : Explicit concurrent mark sweep GC freed 3(96B) AllocSpace objects, 0(0B) LOS objects, 34% free, 30MB/46MB, paused 321us total 14.760ms
08-05 16:33:16.610  2290  2302 I art     : Starting a blocking GC Explicit
08-05 16:33:16.629  2290  2302 I art     : Explicit concurrent mark sweep GC freed 1390(80KB) AllocSpace objects, 1(20KB) LOS objects, 34% free, 30MB/46MB, paused 353us total 18.492ms
08-05 16:33:16.636  2290  2302 I art     : Starting a blocking GC Explicit
08-05 16:33:16.651  2290  2302 I art     : Explicit concurrent mark sweep GC freed 20(704B) AllocSpace objects, 0(0B) LOS objects, 34% free, 30MB/46MB, paused 327us total 15.149ms
08-05 16:33:16.658  2290  2302 I art     : Starting a blocking GC Explicit
08-05 16:33:16.667 30325 30325 I ServiceManager: Waiting for service AtCmdFwd...
08-05 16:33:16.673  2290  2302 I art     : Explicit concurrent mark sweep GC freed 3(96B) AllocSpace objects, 0(0B) LOS objects, 34% free, 30MB/46MB, paused 304us total 14.792ms
08-05 16:33:16.680  2290  2302 I art     : Starting a blocking GC Explicit
08-05 16:33:16.695  2290  2302 I art     : Explicit concurrent mark sweep GC freed 3(96B) AllocSpace objects, 0(0B) LOS objects, 34% free, 30MB/46MB, paused 314us total 14.772ms
08-05 16:33:16.701  2290  2302 I art     : Starting a blocking GC Explicit
08-05 16:33:16.716  2290  2302 I art     : Explicit concurrent mark sweep GC freed 3(96B) AllocSpace objects, 0(0B) LOS objects, 34% free, 30MB/46MB, paused 330us total 14.785ms
08-05 16:33:17.046  2290  2305 I art     : Starting a blocking GC Explicit
08-05 16:33:17.064  2290  2305 I art     : Explicit concurrent mark sweep GC freed 1389(80KB) AllocSpace objects, 1(20KB) LOS objects, 34% free, 30MB/46MB, paused 337us total 18.332ms
08-05 16:33:17.076  2290  2305 I art     : Starting a blocking GC Explicit
08-05 16:33:17.091  2290  2305 I art     : Explicit concurrent mark sweep GC freed 20(704B) AllocSpace objects, 0(0B) LOS objects, 34% free, 30MB/46MB, paused 293us total 14.593ms
08-05 16:33:17.097  2290  2305 I art     : Starting a blocking GC Explicit
08-05 16:33:17.112  2290  2305 I art     : Explicit concurrent mark sweep GC freed 3(96B) AllocSpace objects, 0(0B) LOS objects, 34% free, 30MB/46MB, paused 308us total 14.559ms
08-05 16:33:17.118  2290  2305 I art     : Starting a blocking GC Explicit
08-05 16:33:17.133  2290  2305 I art     : Explicit concurrent mark sweep GC freed 3(96B) AllocSpace objects, 0(0B) LOS objects, 34% free, 30MB/46MB, paused 314us total 14.308ms
08-05 16:33:17.139  2290  2305 I art     : Starting a blocking GC Explicit
08-05 16:33:17.154  2290  2305 I art     : Explicit concurrent mark sweep GC freed 3(96B) AllocSpace objects, 0(0B) LOS objects, 34% free, 30MB/46MB, paused 312us total 14.281ms
08-05 16:33:17.257   518   646 I ThermalEngine: ACTION: GPU - Setting GPU[0] to 510000000
08-05 16:33:17.442  2290  3568 I art     : Starting a blocking GC Explicit
08-05 16:33:17.463  2290  3568 I art     : Explicit concurrent mark sweep GC freed 1389(80KB) AllocSpace objects, 1(20KB) LOS objects, 34% free, 30MB/46MB, paused 440us total 20.958ms
08-05 16:33:17.473  2290  3568 I art     : Starting a blocking GC Explicit
08-05 16:33:17.493  2290  3568 I art     : Explicit concurrent mark sweep GC freed 20(704B) AllocSpace objects, 0(0B) LOS objects, 34% free, 30MB/46MB, paused 458us total 19.353ms
08-05 16:33:17.502  2290  3568 I art     : Starting a blocking GC Explicit
08-05 16:33:17.520  2290  3568 I art     : Explicit concurrent mark sweep GC freed 3(96B) AllocSpace objects, 0(0B) LOS objects, 34% free, 30MB/46MB, paused 430us total 18.748ms
08-05 16:33:17.529  2290  3568 I art     : Starting a blocking GC Explicit
08-05 16:33:17.547  2290  3568 I art     : Explicit concurrent mark sweep GC freed 3(96B) AllocSpace objects, 0(0B) LOS objects, 34% free, 30MB/46MB, paused 425us total 18.409ms
08-05 16:33:17.556  2290  3568 I art     : Starting a blocking GC Explicit
08-05 16:33:17.575  2290  3568 I art     : Explicit concurrent mark sweep GC freed 3(96B) AllocSpace objects, 0(0B) LOS objects, 34% free, 30MB/46MB, paused 468us total 19.611ms
08-05 16:33:17.668 30325 30325 I ServiceManager: Waiting for service AtCmdFwd...
08-05 16:33:17.872  2290  2302 I art     : Starting a blocking GC Explicit
08-05 16:33:17.893  2290  2302 I art     : Explicit concurrent mark sweep GC freed 1390(80KB) AllocSpace objects, 1(20KB) LOS objects, 34% free, 30MB/46MB, paused 481us total 20.485ms
08-05 16:33:17.904  2290  2302 I art     : Starting a blocking GC Explicit
08-05 16:33:17.922  2290  2302 I art     : Explicit concurrent mark sweep GC freed 20(704B) AllocSpace objects, 0(0B) LOS objects, 34% free, 30MB/46MB, paused 426us total 18.220ms
08-05 16:33:17.930  2290  2302 I art     : Starting a blocking GC Explicit
08-05 16:33:17.948  2290  2302 I art     : Explicit concurrent mark sweep GC freed 3(96B) AllocSpace objects, 0(0B) LOS objects, 34% free, 30MB/46MB, paused 432us total 17.927ms
08-05 16:33:17.956  2290  2302 I art     : Starting a blocking GC Explicit
08-05 16:33:17.975  2290  2302 I art     : Explicit concurrent mark sweep GC freed 3(96B) AllocSpace objects, 0(0B) LOS objects, 34% free, 30MB/46MB, paused 426us total 18.263ms
08-05 16:33:17.983  2290  2302 I art     : Starting a blocking GC Explicit
08-05 16:33:18.002  2290  2302 I art     : Explicit concurrent mark sweep GC freed 3(96B) AllocSpace objects, 0(0B) LOS objects, 34% free, 30MB/46MB, paused 428us total 18.617ms
08-05 16:33:18.326  2290  2305 I art     : Starting a blocking GC Explicit
08-05 16:33:18.348  2290  2305 I art     : Explicit concurrent mark sweep GC freed 1389(80KB) AllocSpace objects, 1(20KB) LOS objects, 34% free, 30MB/46MB, paused 610us total 21.425ms
08-05 16:33:18.359  2290  2305 I art     : Starting a blocking GC Explicit
08-05 16:33:18.377  2290  2305 I art     : Explicit concurrent mark sweep GC freed 20(704B) AllocSpace objects, 0(0B) LOS objects, 34% free, 30MB/46MB, paused 498us total 18.420ms
08-05 16:33:18.385  2290  2305 I art     : Starting a blocking GC Explicit
08-05 16:33:18.404  2290  2305 I art     : Explicit concurrent mark sweep GC freed 3(96B) AllocSpace objects, 0(0B) LOS objects, 34% free, 30MB/46MB, paused 421us total 18.304ms
08-05 16:33:18.412  2290  2305 I art     : Starting a blocking GC Explicit
08-05 16:33:18.430  2290  2305 I art     : Explicit concurrent mark sweep GC freed 3(96B) AllocSpace objects, 0(0B) LOS objects, 34% free, 30MB/46MB, paused 421us total 18.143ms
08-05 16:33:18.439  2290  2305 I art     : Starting a blocking GC Explicit
08-05 16:33:18.457  2290  2305 I art     : Explicit concurrent mark sweep GC freed 3(96B) AllocSpace objects, 0(0B) LOS objects, 34% free, 30MB/46MB, paused 530us total 17.791ms
08-05 16:33:18.669 30325 30325 I ServiceManager: Waiting for service AtCmdFwd...
08-05 16:33:18.762  2290  3568 I art     : Starting a blocking GC Explicit
08-05 16:33:18.783  2290  3568 I art     : Explicit concurrent mark sweep GC freed 1389(80KB) AllocSpace objects, 1(20KB) LOS objects, 34% free, 30MB/46MB, paused 421us total 20.779ms
08-05 16:33:18.791  2290  3568 I art     : Starting a blocking GC Explicit
08-05 16:33:18.810  2290  3568 I art     : Explicit concurrent mark sweep GC freed 20(704B) AllocSpace objects, 0(0B) LOS objects, 34% free, 30MB/46MB, paused 423us total 18.628ms
08-05 16:33:18.818  2290  3568 I art     : Starting a blocking GC Explicit
08-05 16:33:18.837  2290  3568 I art     : Explicit concurrent mark sweep GC freed 3(96B) AllocSpace objects, 0(0B) LOS objects, 34% free, 30MB/46MB, paused 434us total 18.363ms
08-05 16:33:18.845  2290  3568 I art     : Starting a blocking GC Explicit
08-05 16:33:18.863  2290  3568 I art     : Explicit concurrent mark sweep GC freed 3(96B) AllocSpace objects, 0(0B) LOS objects, 34% free, 30MB/46MB, paused 412us total 18.590ms
08-05 16:33:18.872  2290  3568 I art     : Starting a blocking GC Explicit
08-05 16:33:18.891  2290  3568 I art     : Explicit concurrent mark sweep GC freed 3(96B) AllocSpace objects, 0(0B) LOS objects, 34% free, 30MB/46MB, paused 435us total 19.141ms
08-05 16:33:19.203  2290  2302 I art     : Starting a blocking GC Explicit
08-05 16:33:19.224  2290  2302 I art     : Explicit concurrent mark sweep GC freed 1389(80KB) AllocSpace objects, 1(20KB) LOS objects, 34% free, 30MB/46MB, paused 436us total 20.507ms
08-05 16:33:19.236  2290  2302 I art     : Starting a blocking GC Explicit
08-05 16:33:19.255  2290  2302 I art     : Explicit concurrent mark sweep GC freed 20(704B) AllocSpace objects, 0(0B) LOS objects, 34% free, 30MB/46MB, paused 412us total 18.148ms
08-05 16:33:19.263  2290  2302 I art     : Starting a blocking GC Explicit
08-05 16:33:19.281  2290  2302 I art     : Explicit concurrent mark sweep GC freed 3(96B) AllocSpace objects, 0(0B) LOS objects, 34% free, 30MB/46MB, paused 454us total 18.133ms
08-05 16:33:19.289  2290  2302 I art     : Starting a blocking GC Explicit
08-05 16:33:19.307  2290  2302 I art     : Explicit concurrent mark sweep GC freed 3(96B) AllocSpace objects, 0(0B) LOS objects, 34% free, 30MB/46MB, paused 514us total 18.008ms
08-05 16:33:19.315  2290  2302 I art     : Starting a blocking GC Explicit
08-05 16:33:19.334  2290  2302 I art     : Explicit concurrent mark sweep GC freed 3(96B) AllocSpace objects, 0(0B) LOS objects, 34% free, 30MB/46MB, paused 433us total 18.822ms
08-05 16:33:19.664  2290  2305 I art     : Starting a blocking GC Explicit
08-05 16:33:19.669 30325 30325 I ServiceManager: Waiting for service AtCmdFwd...
08-05 16:33:19.686  2290  2305 I art     : Explicit concurrent mark sweep GC freed 1389(80KB) AllocSpace objects, 1(20KB) LOS objects, 34% free, 30MB/46MB, paused 431us total 21.392ms
08-05 16:33:19.696  2290  2305 I art     : Starting a blocking GC Explicit
08-05 16:33:19.714  2290  2305 I art     : Explicit concurrent mark sweep GC freed 20(704B) AllocSpace objects, 0(0B) LOS objects, 34% free, 30MB/46MB, paused 421us total 18.337ms
08-05 16:33:19.722  2290  2305 I art     : Starting a blocking GC Explicit
08-05 16:33:19.740  2290  2305 I art     : Explicit concurrent mark sweep GC freed 3(96B) AllocSpace objects, 0(0B) LOS objects, 34% free, 30MB/46MB, paused 481us total 17.780ms
08-05 16:33:19.748  2290  2305 I art     : Starting a blocking GC Explicit
08-05 16:33:19.766  2290  2305 I art     : Explicit concurrent mark sweep GC freed 3(96B) AllocSpace objects, 0(0B) LOS objects, 34% free, 30MB/46MB, paused 441us total 18.024ms
08-05 16:33:19.774  2290  2305 I art     : Starting a blocking GC Explicit
08-05 16:33:19.793  2290  2305 I art     : Explicit concurrent mark sweep GC freed 3(96B) AllocSpace objects, 0(0B) LOS objects, 34% free, 30MB/46MB, paused 406us total 18.713ms
08-05 16:33:20.100  2290  3568 I art     : Starting a blocking GC Explicit
08-05 16:33:20.121  2290  3568 I art     : Explicit concurrent mark sweep GC freed 1389(80KB) AllocSpace objects, 1(20KB) LOS objects, 34% free, 30MB/46MB, paused 473us total 20.579ms
08-05 16:33:20.129  2290  3568 I art     : Starting a blocking GC Explicit
08-05 16:33:20.149  2290  3568 I art     : Explicit concurrent mark sweep GC freed 20(704B) AllocSpace objects, 0(0B) LOS objects, 34% free, 30MB/46MB, paused 430us total 19.051ms
08-05 16:33:20.157  2290  3568 I art     : Starting a blocking GC Explicit
08-05 16:33:20.177  2290  3568 I art     : Explicit concurrent mark sweep GC freed 3(96B) AllocSpace objects, 0(0B) LOS objects, 34% free, 30MB/46MB, paused 407us total 18.999ms
08-05 16:33:20.185  2290  3568 I art     : Starting a blocking GC Explicit
08-05 16:33:20.204  2290  3568 I art     : Explicit concurrent mark sweep GC freed 3(96B) AllocSpace objects, 0(0B) LOS objects, 34% free, 30MB/46MB, paused 472us total 19.379ms
08-05 16:33:20.213  2290  3568 I art     : Starting a blocking GC Explicit
08-05 16:33:20.232  2290  3568 I art     : Explicit concurrent mark sweep GC freed 3(96B) AllocSpace objects, 0(0B) LOS objects, 34% free, 30MB/46MB, paused 434us total 19.021ms
08-05 16:33:20.559  2290  2302 I art     : Starting a blocking GC Explicit
08-05 16:33:20.579  2290  2302 I art     : Explicit concurrent mark sweep GC freed 1389(80KB) AllocSpace objects, 1(20KB) LOS objects, 34% free, 30MB/46MB, paused 442us total 20.340ms
08-05 16:33:20.588  2290  2302 I art     : Starting a blocking GC Explicit
08-05 16:33:20.607  2290  2302 I art     : Explicit concurrent mark sweep GC freed 20(704B) AllocSpace objects, 0(0B) LOS objects, 34% free, 30MB/46MB, paused 467us total 19.210ms
08-05 16:33:20.616  2290  2302 I art     : Starting a blocking GC Explicit
08-05 16:33:20.635  2290  2302 I art     : Explicit concurrent mark sweep GC freed 3(96B) AllocSpace objects, 0(0B) LOS objects, 34% free, 30MB/46MB, paused 447us total 18.672ms
08-05 16:33:20.643  2290  2302 I art     : Starting a blocking GC Explicit
08-05 16:33:20.662  2290  2302 I art     : Explicit concurrent mark sweep GC freed 3(96B) AllocSpace objects, 0(0B) LOS objects, 34% free, 30MB/46MB, paused 543us total 18.800ms
08-05 16:33:20.670 30325 30325 W Atfwd_Sendcmd: AtCmdFwd service not published, waiting... retryCnt : 2
08-05 16:33:20.671  2290  2302 I art     : Starting a blocking GC Explicit
08-05 16:33:20.690  2290  2302 I art     : Explicit concurrent mark sweep GC freed 3(96B) AllocSpace objects, 0(0B) LOS objects, 34% free, 30MB/46MB, paused 461us total 19.158ms
08-05 16:33:21.001  2290  2305 I art     : Starting a blocking GC Explicit
08-05 16:33:21.021  2290  2305 I art     : Explicit concurrent mark sweep GC freed 1389(80KB) AllocSpace objects, 1(20KB) LOS objects, 34% free, 30MB/46MB, paused 498us total 20.110ms
08-05 16:33:21.034  2290  2305 I art     : Starting a blocking GC Explicit
08-05 16:33:21.052  2290  2305 I art     : Explicit concurrent mark sweep GC freed 20(704B) AllocSpace objects, 0(0B) LOS objects, 34% free, 30MB/46MB, paused 429us total 18.320ms
08-05 16:33:21.060  2290  2305 I art     : Starting a blocking GC Explicit
08-05 16:33:21.079  2290  2305 I art     : Explicit concurrent mark sweep GC freed 3(96B) AllocSpace objects, 0(0B) LOS objects, 34% free, 30MB/46MB, paused 410us total 18.169ms
08-05 16:33:21.087  2290  2305 I art     : Starting a blocking GC Explicit
08-05 16:33:21.105  2290  2305 I art     : Explicit concurrent mark sweep GC freed 3(96B) AllocSpace objects, 0(0B) LOS objects, 34% free, 30MB/46MB, paused 432us total 18.433ms
08-05 16:33:21.113  2290  2305 I art     : Starting a blocking GC Explicit
08-05 16:33:21.132  2290  2305 I art     : Explicit concurrent mark sweep GC freed 3(96B) AllocSpace objects, 0(0B) LOS objects, 34% free, 30MB/46MB, paused 430us total 18.784ms
08-05 16:33:21.470  2290  3568 I art     : Starting a blocking GC Explicit
08-05 16:33:21.493  2290  3568 I art     : Explicit concurrent mark sweep GC freed 1389(80KB) AllocSpace objects, 1(20KB) LOS objects, 34% free, 30MB/46MB, paused 736us total 22.737ms
08-05 16:33:21.501  2290  3568 I art     : Starting a blocking GC Explicit
08-05 16:33:21.520  2290  3568 I art     : Explicit concurrent mark sweep GC freed 20(704B) AllocSpace objects, 0(0B) LOS objects, 34% free, 30MB/46MB, paused 438us total 18.398ms
08-05 16:33:21.528  2290  3568 I art     : Starting a blocking GC Explicit
08-05 16:33:21.546  2290  3568 I art     : Explicit concurrent mark sweep GC freed 3(96B) AllocSpace objects, 0(0B) LOS objects, 34% free, 30MB/46MB, paused 432us total 18.097ms
08-05 16:33:21.554  2290  3568 I art     : Starting a blocking GC Explicit
08-05 16:33:21.573  2290  3568 I art     : Explicit concurrent mark sweep GC freed 3(96B) AllocSpace objects, 0(0B) LOS objects, 34% free, 30MB/46MB, paused 429us total 18.357ms
08-05 16:33:21.581  2290  3568 I art     : Starting a blocking GC Explicit
08-05 16:33:21.600  2290  3568 I art     : Explicit concurrent mark sweep GC freed 3(96B) AllocSpace objects, 0(0B) LOS objects, 34% free, 30MB/46MB, paused 438us total 18.918ms
08-05 16:33:21.917  2290  2302 I art     : Starting a blocking GC Explicit
08-05 16:33:21.938  2290  2302 I art     : Explicit concurrent mark sweep GC freed 1389(80KB) AllocSpace objects, 1(20KB) LOS objects, 34% free, 30MB/46MB, paused 558us total 20.300ms
08-05 16:33:21.947  2290  2302 I art     : Starting a blocking GC Explicit
08-05 16:33:21.966  2290  2302 I art     : Explicit concurrent mark sweep GC freed 20(704B) AllocSpace objects, 0(0B) LOS objects, 34% free, 30MB/46MB, paused 445us total 18.384ms
08-05 16:33:21.974  2290  2302 I art     : Starting a blocking GC Explicit
08-05 16:33:21.993  2290  2302 I art     : Explicit concurrent mark sweep GC freed 3(96B) AllocSpace objects, 0(0B) LOS objects, 34% free, 30MB/46MB, paused 473us total 18.461ms
08-05 16:33:22.001  2290  2302 I art     : Starting a blocking GC Explicit
08-05 16:33:22.020  2290  2302 I art     : Explicit concurrent mark sweep GC freed 3(96B) AllocSpace objects, 0(0B) LOS objects, 34% free, 30MB/46MB, paused 427us total 18.728ms
08-05 16:33:22.028  2290  2302 I art     : Starting a blocking GC Explicit
08-05 16:33:22.047  2290  2302 I art     : Explicit concurrent mark sweep GC freed 3(96B) AllocSpace objects, 0(0B) LOS objects, 34% free, 30MB/46MB, paused 477us total 18.440ms
08-05 16:33:22.352  2290  2305 I art     : Starting a blocking GC Explicit
08-05 16:33:22.372  2290  2305 I art     : Explicit concurrent mark sweep GC freed 1389(80KB) AllocSpace objects, 1(20KB) LOS objects, 34% free, 30MB/46MB, paused 434us total 20.429ms
08-05 16:33:22.384  2290  2305 I art     : Starting a blocking GC Explicit
08-05 16:33:22.402  2290  2305 I art     : Explicit concurrent mark sweep GC freed 20(704B) AllocSpace objects, 0(0B) LOS objects, 34% free, 30MB/46MB, paused 429us total 18.328ms
08-05 16:33:22.410  2290  2305 I art     : Starting a blocking GC Explicit
08-05 16:33:22.429  2290  2305 I art     : Explicit concurrent mark sweep GC freed 3(96B) AllocSpace objects, 0(0B) LOS objects, 34% free, 30MB/46MB, paused 455us total 18.265ms
08-05 16:33:22.437  2290  2305 I art     : Starting a blocking GC Explicit
08-05 16:33:22.455  2290  2305 I art     : Explicit concurrent mark sweep GC freed 3(96B) AllocSpace objects, 0(0B) LOS objects, 34% free, 30MB/46MB, paused 435us total 18.166ms
08-05 16:33:22.463  2290  2305 I art     : Starting a blocking GC Explicit
08-05 16:33:22.482  2290  2305 I art     : Explicit concurrent mark sweep GC freed 3(96B) AllocSpace objects, 0(0B) LOS objects, 34% free, 30MB/46MB, paused 418us total 18.641ms
08-05 16:33:22.790  2290  3568 I art     : Starting a blocking GC Explicit
08-05 16:33:22.811  2290  3568 I art     : Explicit concurrent mark sweep GC freed 1389(80KB) AllocSpace objects, 1(20KB) LOS objects, 34% free, 30MB/46MB, paused 443us total 20.958ms
08-05 16:33:22.820  2290  3568 I art     : Starting a blocking GC Explicit
08-05 16:33:22.839  2290  3568 I art     : Explicit concurrent mark sweep GC freed 20(704B) AllocSpace objects, 0(0B) LOS objects, 34% free, 30MB/46MB, paused 422us total 19.126ms
08-05 16:33:22.848  2290  3568 I art     : Starting a blocking GC Explicit
08-05 16:33:22.867  2290  3568 I art     : Explicit concurrent mark sweep GC freed 3(96B) AllocSpace objects, 0(0B) LOS objects, 34% free, 30MB/46MB, paused 495us total 18.731ms
08-05 16:33:22.875  2290  3568 I art     : Starting a blocking GC Explicit
08-05 16:33:22.894  2290  3568 I art     : Explicit concurrent mark sweep GC freed 3(96B) AllocSpace objects, 0(0B) LOS objects, 34% free, 30MB/46MB, paused 482us total 18.548ms
08-05 16:33:22.902  2290  3568 I art     : Starting a blocking GC Explicit
08-05 16:33:22.921  2290  3568 I art     : Explicit concurrent mark sweep GC freed 3(96B) AllocSpace objects, 0(0B) LOS objects, 34% free, 30MB/46MB, paused 403us total 18.683ms
08-05 16:33:23.220  2290  2302 I art     : Starting a blocking GC Explicit
08-05 16:33:23.241  2290  2302 I art     : Explicit concurrent mark sweep GC freed 1389(80KB) AllocSpace objects, 1(20KB) LOS objects, 34% free, 30MB/46MB, paused 487us total 20.695ms
08-05 16:33:23.254  2290  2302 I art     : Starting a blocking GC Explicit
08-05 16:33:23.272  2290  2302 I art     : Explicit concurrent mark sweep GC freed 20(704B) AllocSpace objects, 0(0B) LOS objects, 34% free, 30MB/46MB, paused 419us total 18.132ms
08-05 16:33:23.280  2290  2302 I art     : Starting a blocking GC Explicit
08-05 16:33:23.299  2290  2302 I art     : Explicit concurrent mark sweep GC freed 3(96B) AllocSpace objects, 0(0B) LOS objects, 34% free, 30MB/46MB, paused 429us total 18.271ms
08-05 16:33:23.307  2290  2302 I art     : Starting a blocking GC Explicit
08-05 16:33:23.325  2290  2302 I art     : Explicit concurrent mark sweep GC freed 3(96B) AllocSpace objects, 0(0B) LOS objects, 34% free, 30MB/46MB, paused 432us total 18.012ms
08-05 16:33:23.333  2290  2302 I art     : Starting a blocking GC Explicit
08-05 16:33:23.352  2290  2302 I art     : Explicit concurrent mark sweep GC freed 3(96B) AllocSpace objects, 0(0B) LOS objects, 34% free, 30MB/46MB, paused 427us total 18.805ms
08-05 16:33:23.676  2290  2305 I art     : Starting a blocking GC Explicit
08-05 16:33:23.697  2290  2305 I art     : Explicit concurrent mark sweep GC freed 1389(80KB) AllocSpace objects, 1(20KB) LOS objects, 34% free, 30MB/46MB, paused 517us total 20.599ms
08-05 16:33:23.709  2290  2305 I art     : Starting a blocking GC Explicit
08-05 16:33:23.727  2290  2305 I art     : Explicit concurrent mark sweep GC freed 20(704B) AllocSpace objects, 0(0B) LOS objects, 34% free, 30MB/46MB, paused 486us total 17.910ms
08-05 16:33:23.735  2290  2305 I art     : Starting a blocking GC Explicit
08-05 16:33:23.753  2290  2305 I art     : Explicit concurrent mark sweep GC freed 3(96B) AllocSpace objects, 0(0B) LOS objects, 34% free, 30MB/46MB, paused 423us total 18.243ms
08-05 16:33:23.761  2290  2305 I art     : Starting a blocking GC Explicit
08-05 16:33:23.780  2290  2305 I art     : Explicit concurrent mark sweep GC freed 3(96B) AllocSpace objects, 0(0B) LOS objects, 34% free, 30MB/46MB, paused 410us total 18.328ms
08-05 16:33:23.788  2290  2305 I art     : Starting a blocking GC Explicit
08-05 16:33:23.807  2290  2305 I art     : Explicit concurrent mark sweep GC freed 3(96B) AllocSpace objects, 0(0B) LOS objects, 34% free, 30MB/46MB, paused 577us total 18.912ms
08-05 16:33:24.128  2290  3568 I art     : Starting a blocking GC Explicit
08-05 16:33:24.149  2290  3568 I art     : Explicit concurrent mark sweep GC freed 1389(80KB) AllocSpace objects, 1(20KB) LOS objects, 34% free, 30MB/46MB, paused 468us total 20.654ms
08-05 16:33:24.158  2290  3568 I art     : Starting a blocking GC Explicit
08-05 16:33:24.177  2290  3568 I art     : Explicit concurrent mark sweep GC freed 20(704B) AllocSpace objects, 0(0B) LOS objects, 34% free, 30MB/46MB, paused 555us total 18.972ms
08-05 16:33:24.185  2290  3568 I art     : Starting a blocking GC Explicit
08-05 16:33:24.204  2290  3568 I art     : Explicit concurrent mark sweep GC freed 3(96B) AllocSpace objects, 0(0B) LOS objects, 34% free, 30MB/46MB, paused 445us total 18.661ms
08-05 16:33:24.212  2290  3568 I art     : Starting a blocking GC Explicit
08-05 16:33:24.231  2290  3568 I art     : Explicit concurrent mark sweep GC freed 3(96B) AllocSpace objects, 0(0B) LOS objects, 34% free, 30MB/46MB, paused 415us total 18.613ms
08-05 16:33:24.239  2290  3568 I art     : Starting a blocking GC Explicit
08-05 16:33:24.259  2290  3568 I art     : Explicit concurrent mark sweep GC freed 3(96B) AllocSpace objects, 0(0B) LOS objects, 34% free, 30MB/46MB, paused 432us total 18.959ms
08-05 16:33:24.272   518   646 I ThermalEngine: ACTION: GPU - Setting GPU[0] to 600000000
08-05 16:33:24.554  2290  2302 I art     : Starting a blocking GC Explicit
08-05 16:33:24.571  2290  2302 I art     : Explicit concurrent mark sweep GC freed 1389(80KB) AllocSpace objects, 1(20KB) LOS objects, 34% free, 30MB/46MB, paused 343us total 16.342ms
08-05 16:33:24.577  2290  2302 I art     : Starting a blocking GC Explicit
08-05 16:33:24.593  2290  2302 I art     : Explicit concurrent mark sweep GC freed 20(704B) AllocSpace objects, 0(0B) LOS objects, 34% free, 30MB/46MB, paused 327us total 15.220ms
08-05 16:33:24.599  2290  2302 I art     : Starting a blocking GC Explicit
08-05 16:33:24.615  2290  2302 I art     : Explicit concurrent mark sweep GC freed 3(96B) AllocSpace objects, 0(0B) LOS objects, 34% free, 30MB/46MB, paused 319us total 15.204ms
08-05 16:33:24.621  2290  2302 I art     : Starting a blocking GC Explicit
08-05 16:33:24.636  2290  2302 I art     : Explicit concurrent mark sweep GC freed 3(96B) AllocSpace objects, 0(0B) LOS objects, 34% free, 30MB/46MB, paused 322us total 14.472ms
08-05 16:33:24.642  2290  2302 I art     : Starting a blocking GC Explicit
08-05 16:33:24.657  2290  2302 I art     : Explicit concurrent mark sweep GC freed 3(96B) AllocSpace objects, 0(0B) LOS objects, 34% free, 30MB/46MB, paused 373us total 14.490ms
08-05 16:33:24.783  4102  4102 D AndroidRuntime: >>>>>> START com.android.internal.os.RuntimeInit uid 2000 <<<<<<
08-05 16:33:24.788  4102  4102 D AndroidRuntime: CheckJNI is OFF
08-05 16:33:24.813  4102  4102 D ICU     : No timezone override file found: /data/misc/zoneinfo/current/icu/icu_tzdata.dat
08-05 16:33:24.838  4102  4102 I Radio-JNI: register_android_hardware_Radio DONE
08-05 16:33:24.854  4102  4102 D AndroidRuntime: Calling main entry com.android.commands.input.Input
08-05 16:33:24.856  4102  4102 I Input   : injectMotionEvent: MotionEvent { action=ACTION_DOWN, actionButton=0, id[0]=0, x[0]=436.0, y[0]=453.0, toolType[0]=TOOL_TYPE_UNKNOWN, buttonState=0, metaState=0, flags=0x0, edgeFlags=0x0, pointerCount=1, historySize=0, eventTime=808421269, downTime=808421269, deviceId=0, source=0x1002 }
08-05 16:33:24.863  4102  4102 I Input   : injectMotionEvent: MotionEvent { action=ACTION_UP, actionButton=0, id[0]=0, x[0]=436.0, y[0]=453.0, toolType[0]=TOOL_TYPE_UNKNOWN, buttonState=0, metaState=0, flags=0x0, edgeFlags=0x0, pointerCount=1, historySize=0, eventTime=808421269, downTime=808421269, deviceId=0, source=0x1002 }
08-05 16:33:24.867  4102  4102 D AndroidRuntime: Shutting down VM
08-05 16:33:24.870   512  2967 D audio_hw_primary: out_set_parameters: enter: usecase(1: low-latency-playback) kvpairs: routing=2
08-05 16:33:24.870   918  5132 I ActivityManager: START u0 {cmp=baseline.com.newsblur/.activity.GlobalSharedStoriesReading (has extras)} from uid 10676 on display 0
08-05 16:33:24.883   512  2967 D audio_hw_primary: select_devices: out_snd_device(2: speaker) in_snd_device(0: none)
08-05 16:33:24.883   512  2967 D msm8974_platform: platform_send_audio_calibration: sending audio calibration for snd_device(2) acdb_id(15)
08-05 16:33:24.884   512  2967 I soundtrigger: audio_extn_sound_trigger_update_device_status: device 0x2 of type 0 for Event 1
08-05 16:33:24.895   512  2967 D audio_hw_primary: enable_snd_device: snd_device(2: speaker)
08-05 16:33:24.897   512  2967 D audio_hw_primary: enable_audio_route: apply and update mixer path: low-latency-playback speaker
08-05 16:33:24.938  2290  2302 I art     : Starting a blocking GC Explicit
08-05 16:33:24.954  2290  2302 I art     : Explicit concurrent mark sweep GC freed 2972(264KB) AllocSpace objects, 5(528KB) LOS objects, 33% free, 32MB/48MB, paused 354us total 15.376ms
08-05 16:33:24.960  2290  2302 I art     : Starting a blocking GC Explicit
08-05 16:33:24.974  2290  2302 I art     : Explicit concurrent mark sweep GC freed 425(20KB) AllocSpace objects, 0(0B) LOS objects, 33% free, 32MB/48MB, paused 359us total 14.443ms
08-05 16:33:24.981  2290  2302 I art     : Starting a blocking GC Explicit
08-05 16:33:24.996  2290  2302 I art     : Explicit concurrent mark sweep GC freed 162(26KB) AllocSpace objects, 1(20KB) LOS objects, 33% free, 32MB/48MB, paused 446us total 15.084ms
08-05 16:33:25.003  2290  2302 I art     : Starting a blocking GC Explicit
08-05 16:33:25.017  2290  2302 I art     : Explicit concurrent mark sweep GC freed 32(1184B) AllocSpace objects, 0(0B) LOS objects, 33% free, 32MB/48MB, paused 344us total 14.508ms
08-05 16:33:25.024  2290  2302 I art     : Starting a blocking GC Explicit
08-05 16:33:25.039  2290  2302 I art     : Explicit concurrent mark sweep GC freed 245(35KB) AllocSpace objects, 1(20KB) LOS objects, 32% free, 33MB/49MB, paused 634us total 15.428ms
08-05 16:33:25.078   918   936 I ActivityManager: Displayed baseline.com.newsblur/.activity.GlobalSharedStoriesReading: +198ms
08-05 16:33:25.078 13866 13866 I GoogleInputMethodServic: GoogleInputMethodService.onFinishInput():3138 
08-05 16:33:25.079 13866 13866 I GoogleInputMethodServic: GoogleInputMethodService.onStartInput():1808 
08-05 16:33:25.092  2290  2290 I WebViewFactory: Loading com.google.android.webview version 84.0.4147.89 (code 414708953)
08-05 16:33:25.156  2290  2290 I cr_LibraryLoader: Loaded native library version number "84.0.4147.89"
08-05 16:33:25.157  2290  2290 I cr_CachingUmaRecorder: Flushed 5 samples from 5 histograms.
08-05 16:33:25.184  2290  2290 E chromium: [ERROR:filesystem_posix.cc(62)] mkdir /data/user/0/baseline.com.newsblur/cache/WebView/Crashpad: No such file or directory (2)
08-05 16:33:25.271   918  5481 D ConnectivityService: listenForNetwork for Listen from uid/pid:10676/2290 for NetworkRequest [ id=3423, legacyType=-1, [ Capabilities: INTERNET&NOT_RESTRICTED&TRUSTED] ]
08-05 16:33:25.292  2290  2305 I art     : Starting a blocking GC Explicit
08-05 16:33:25.321  2290  2305 I art     : Explicit concurrent mark sweep GC freed 9197(916KB) AllocSpace objects, 5(100KB) LOS objects, 30% free, 35MB/51MB, paused 1.035ms total 28.996ms
08-05 16:33:25.330  2290  2305 I art     : Starting a blocking GC Explicit
08-05 16:33:25.351  2290  2305 I art     : Explicit concurrent mark sweep GC freed 1457(97KB) AllocSpace objects, 1(20KB) LOS objects, 30% free, 36MB/52MB, paused 942us total 20.704ms
08-05 16:33:25.358  2290  2305 I art     : Starting a blocking GC Explicit
08-05 16:33:25.378  2290  2305 I art     : Explicit concurrent mark sweep GC freed 902(45KB) AllocSpace objects, 1(20KB) LOS objects, 30% free, 36MB/52MB, paused 1.293ms total 20.475ms
08-05 16:33:25.392  2290  2305 I art     : Starting a blocking GC Explicit
08-05 16:33:25.403  2290  4165 W cr_media: Requires BLUETOOTH permission
08-05 16:33:25.408  2290  4184 E libEGL  : validate_display:255 error 3008 (EGL_BAD_DISPLAY)
08-05 16:33:25.423  2290  2305 I art     : Explicit concurrent mark sweep GC freed 8087(402KB) AllocSpace objects, 6(148KB) LOS objects, 30% free, 36MB/52MB, paused 699us total 30.739ms
08-05 16:33:25.429   512  2967 D audio_hw_primary: disable_audio_route: reset and update mixer path: low-latency-playback speaker
08-05 16:33:25.430   512  2967 D audio_hw_primary: disable_snd_device: snd_device(2: speaker)
08-05 16:33:25.434  2290  2305 I art     : Starting a blocking GC Explicit
08-05 16:33:25.438   512  2967 I soundtrigger: audio_extn_sound_trigger_update_device_status: device 0x2 of type 0 for Event 0
08-05 16:33:25.456  2290  2305 I art     : Explicit concurrent mark sweep GC freed 369(24KB) AllocSpace objects, 3(76KB) LOS objects, 30% free, 36MB/52MB, paused 1.099ms total 21.216ms
08-05 16:33:25.703  2290  2302 I art     : Starting a blocking GC Explicit
08-05 16:33:25.725  2290  2302 I art     : Explicit concurrent mark sweep GC freed 12416(779KB) AllocSpace objects, 9(188KB) LOS objects, 30% free, 36MB/52MB, paused 581us total 21.715ms
08-05 16:33:25.733  2290  2302 I art     : Starting a blocking GC Explicit
08-05 16:33:25.755  2290  2302 I art     : Explicit concurrent mark sweep GC freed 1071(46KB) AllocSpace objects, 1(28KB) LOS objects, 30% free, 36MB/52MB, paused 592us total 21.826ms
08-05 16:33:25.762  2290  2302 I art     : Starting a blocking GC Explicit
08-05 16:33:25.784  2290  2302 I art     : Explicit concurrent mark sweep GC freed 3(96B) AllocSpace objects, 0(0B) LOS objects, 30% free, 36MB/52MB, paused 628us total 21.518ms
08-05 16:33:25.792  2290  2302 I art     : Starting a blocking GC Explicit
08-05 16:33:25.814  2290  2302 I art     : Explicit concurrent mark sweep GC freed 1597(62KB) AllocSpace objects, 0(0B) LOS objects, 30% free, 36MB/52MB, paused 808us total 21.940ms
08-05 16:33:25.823  2290  2302 I art     : Starting a blocking GC Explicit
08-05 16:33:25.844  2290  2302 I art     : Explicit concurrent mark sweep GC freed 136(4KB) AllocSpace objects, 0(0B) LOS objects, 30% free, 36MB/52MB, paused 634us total 21.058ms
08-05 16:33:25.952  2290  4192 E baseline.com.newsblur.network.APIResponse: Error (unexpected end of stream on https://www.newsblur.com/...) calling https://www.newsblur.com/reader/mark_story_hashes_as_read/
08-05 16:33:25.952  2290  4192 E baseline.com.newsblur.network.APIResponse: java.io.IOException: unexpected end of stream on https://www.newsblur.com/...
08-05 16:33:25.952  2290  4192 E baseline.com.newsblur.network.APIResponse: 	at okhttp3.internal.http1.Http1ExchangeCodec.readResponseHeaders(Http1ExchangeCodec.java:236)
08-05 16:33:25.952  2290  4192 E baseline.com.newsblur.network.APIResponse: 	at okhttp3.internal.connection.Exchange.readResponseHeaders(Exchange.java:115)
08-05 16:33:25.952  2290  4192 E baseline.com.newsblur.network.APIResponse: 	at okhttp3.internal.http.CallServerInterceptor.intercept(CallServerInterceptor.java:94)
08-05 16:33:25.952  2290  4192 E baseline.com.newsblur.network.APIResponse: 	at okhttp3.internal.http.RealInterceptorChain.proceed(RealInterceptorChain.java:142)
08-05 16:33:25.952  2290  4192 E baseline.com.newsblur.network.APIResponse: 	at okhttp3.internal.connection.ConnectInterceptor.intercept(ConnectInterceptor.java:43)
08-05 16:33:25.952  2290  4192 E baseline.com.newsblur.network.APIResponse: 	at okhttp3.internal.http.RealInterceptorChain.proceed(RealInterceptorChain.java:142)
08-05 16:33:25.952  2290  4192 E baseline.com.newsblur.network.APIResponse: 	at okhttp3.internal.http.RealInterceptorChain.proceed(RealInterceptorChain.java:117)
08-05 16:33:25.952  2290  4192 E baseline.com.newsblur.network.APIResponse: 	at okhttp3.internal.cache.CacheInterceptor.intercept(CacheInterceptor.java:94)
08-05 16:33:25.952  2290  4192 E baseline.com.newsblur.network.APIResponse: 	at okhttp3.internal.http.RealInterceptorChain.proceed(RealInterceptorChain.java:142)
08-05 16:33:25.952  2290  4192 E baseline.com.newsblur.network.APIResponse: 	at okhttp3.internal.http.RealInterceptorChain.proceed(RealInterceptorChain.java:117)
08-05 16:33:25.952  2290  4192 E baseline.com.newsblur.network.APIResponse: 	at okhttp3.internal.http.BridgeInterceptor.intercept(BridgeInterceptor.java:93)
08-05 16:33:25.952  2290  4192 E baseline.com.newsblur.network.APIResponse: 	at okhttp3.internal.http.RealInterceptorChain.proceed(RealInterceptorChain.java:142)
08-05 16:33:25.952  2290  4192 E baseline.com.newsblur.network.APIResponse: 	at okhttp3.internal.http.RetryAndFollowUpInterceptor.intercept(RetryAndFollowUpInterceptor.java:88)
08-05 16:33:25.952  2290  4192 E baseline.com.newsblur.network.APIResponse: 	at okhttp3.internal.http.RealInterceptorChain.proceed(RealInterceptorChain.java:142)
08-05 16:33:25.952  2290  4192 E baseline.com.newsblur.network.APIResponse: 	at okhttp3.internal.http.RealInterceptorChain.proceed(RealInterceptorChain.java:117)
08-05 16:33:25.952  2290  4192 E baseline.com.newsblur.network.APIResponse: 	at okhttp3.RealCall.getResponseWithInterceptorChain(RealCall.java:229)
08-05 16:33:25.952  2290  4192 E baseline.com.newsblur.network.APIResponse: 	at okhttp3.RealCall.execute(RealCall.java:81)
08-05 16:33:25.952  2290  4192 E baseline.com.newsblur.network.APIResponse: 	at baseline.com.newsblur.network.APIResponse.<init>(APIResponse.java:57)
08-05 16:33:25.952  2290  4192 E baseline.com.newsblur.network.APIResponse: 	at baseline.com.newsblur.network.APIResponse.<init>(APIResponse.java:43)
08-05 16:33:25.952  2290  4192 E baseline.com.newsblur.network.APIResponse: 	at baseline.com.newsblur.network.APIManager.post_single(APIManager.java:702)
08-05 16:33:25.952  2290  4192 E baseline.com.newsblur.network.APIResponse: 	at baseline.com.newsblur.network.APIManager.post(APIManager.java:675)
08-05 16:33:25.952  2290  4192 E baseline.com.newsblur.network.APIResponse: 	at baseline.com.newsblur.network.APIManager.post(APIManager.java:714)
08-05 16:33:25.952  2290  4192 E baseline.com.newsblur.network.APIResponse: 	at baseline.com.newsblur.network.APIManager.markStoryAsRead(APIManager.java:205)
08-05 16:33:25.952  2290  4192 E baseline.com.newsblur.network.APIResponse: 	at baseline.com.newsblur.util.ReadingAction.doRemote(ReadingAction.java:281)
08-05 16:33:25.952  2290  4192 E baseline.com.newsblur.network.APIResponse: 	at baseline.com.newsblur.service.NBSyncService.syncActions(NBSyncService.java:400)
08-05 16:33:25.952  2290  4192 E baseline.com.newsblur.network.APIResponse: 	at baseline.com.newsblur.service.NBSyncService.doSync(NBSyncService.java:298)
08-05 16:33:25.952  2290  4192 E baseline.com.newsblur.network.APIResponse: 	at baseline.com.newsblur.service.NBSyncService.access$100(NBSyncService.java:67)
08-05 16:33:25.952  2290  4192 E baseline.com.newsblur.network.APIResponse: 	at baseline.com.newsblur.service.NBSyncService$1.run(NBSyncService.java:188)
08-05 16:33:25.952  2290  4192 E baseline.com.newsblur.network.APIResponse: 	at java.util.concurrent.ThreadPoolExecutor.runWorker(ThreadPoolExecutor.java:1113)
08-05 16:33:25.952  2290  4192 E baseline.com.newsblur.network.APIResponse: 	at java.util.concurrent.ThreadPoolExecutor$Worker.run(ThreadPoolExecutor.java:588)
08-05 16:33:25.952  2290  4192 E baseline.com.newsblur.network.APIResponse: 	at java.lang.Thread.run(Thread.java:818)
08-05 16:33:25.952  2290  4192 E baseline.com.newsblur.network.APIResponse: Caused by: java.io.EOFException: \n not found: limit=0 content=
08-05 16:33:25.952  2290  4192 E baseline.com.newsblur.network.APIResponse: 	at okio.RealBufferedSource.readUtf8LineStrict(RealBufferedSource.java:240)
08-05 16:33:25.952  2290  4192 E baseline.com.newsblur.network.APIResponse: 	at okhttp3.internal.http1.Http1ExchangeCodec.readHeaderLine(Http1ExchangeCodec.java:242)
08-05 16:33:25.952  2290  4192 E baseline.com.newsblur.network.APIResponse: 	at okhttp3.internal.http1.Http1ExchangeCodec.readResponseHeaders(Http1ExchangeCodec.java:213)
08-05 16:33:25.952  2290  4192 E baseline.com.newsblur.network.APIResponse: 	... 30 more
08-05 16:33:25.954  2290  4192 I baseline.com.newsblur.network.APIManager: API call failed, pausing before retry number 1
08-05 16:33:26.148  2290  3568 I art     : Starting a blocking GC Explicit
08-05 16:33:26.173  2290  3568 I art     : Explicit concurrent mark sweep GC freed 6932(534KB) AllocSpace objects, 6(260KB) LOS objects, 30% free, 36MB/52MB, paused 564us total 24.113ms
08-05 16:33:26.180  2290  3568 I art     : Starting a blocking GC Explicit
08-05 16:33:26.203  2290  3568 I art     : Explicit concurrent mark sweep GC freed 1123(122KB) AllocSpace objects, 0(0B) LOS objects, 30% free, 36MB/52MB, paused 764us total 22.500ms
08-05 16:33:26.210  2290  3568 I art     : Starting a blocking GC Explicit
08-05 16:33:26.232  2290  3568 I art     : Explicit concurrent mark sweep GC freed 3(96B) AllocSpace objects, 0(0B) LOS objects, 30% free, 36MB/52MB, paused 604us total 21.856ms
08-05 16:33:26.241  2290  3568 I art     : Starting a blocking GC Explicit
08-05 16:33:26.262  2290  3568 I art     : Explicit concurrent mark sweep GC freed 3(96B) AllocSpace objects, 0(0B) LOS objects, 30% free, 36MB/52MB, paused 596us total 21.075ms
08-05 16:33:26.270  2290  3568 I art     : Starting a blocking GC Explicit
08-05 16:33:26.279   518   646 I ThermalEngine: ACTION: GPU - Setting GPU[0] to 510000000
08-05 16:33:26.295  2290  3568 I art     : Explicit concurrent mark sweep GC freed 3(96B) AllocSpace objects, 0(0B) LOS objects, 30% free, 36MB/52MB, paused 821us total 24.385ms
08-05 16:33:26.623  2290  3568 I art     : Starting a blocking GC Explicit
08-05 16:33:26.656  2290  3568 I art     : Explicit concurrent mark sweep GC freed 1467(83KB) AllocSpace objects, 1(20KB) LOS objects, 30% free, 36MB/52MB, paused 939us total 32.580ms
08-05 16:33:26.666  2290  3568 I art     : Starting a blocking GC Explicit
08-05 16:33:26.696  2290  3568 I art     : Explicit concurrent mark sweep GC freed 30(1040B) AllocSpace objects, 0(0B) LOS objects, 30% free, 36MB/52MB, paused 831us total 29.602ms
08-05 16:33:26.708  2290  3568 I art     : Starting a blocking GC Explicit
08-05 16:33:26.741  2290  3568 I art     : Explicit concurrent mark sweep GC freed 15(480B) AllocSpace objects, 0(0B) LOS objects, 30% free, 36MB/52MB, paused 801us total 32.446ms
08-05 16:33:26.751  2290  3568 I art     : Starting a blocking GC Explicit
08-05 16:33:26.780  2290  3568 I art     : Explicit concurrent mark sweep GC freed 12(384B) AllocSpace objects, 0(0B) LOS objects, 30% free, 36MB/52MB, paused 834us total 27.917ms
08-05 16:33:26.790  2290  3568 I art     : Starting a blocking GC Explicit
08-05 16:33:26.818  2290  3568 I art     : Explicit concurrent mark sweep GC freed 7(224B) AllocSpace objects, 0(0B) LOS objects, 30% free, 36MB/52MB, paused 1.173ms total 27.350ms
08-05 16:33:27.154  2290  2305 I art     : Starting a blocking GC Explicit
08-05 16:33:27.187  2290  2305 I art     : Explicit concurrent mark sweep GC freed 1440(83KB) AllocSpace objects, 1(20KB) LOS objects, 30% free, 36MB/52MB, paused 966us total 32.341ms
08-05 16:33:27.198  2290  2305 I art     : Starting a blocking GC Explicit
08-05 16:33:27.229  2290  2305 I art     : Explicit concurrent mark sweep GC freed 22(784B) AllocSpace objects, 0(0B) LOS objects, 30% free, 36MB/52MB, paused 866us total 30.813ms
08-05 16:33:27.241  2290  2305 I art     : Starting a blocking GC Explicit
08-05 16:33:27.272  2290  2305 I art     : Explicit concurrent mark sweep GC freed 3(96B) AllocSpace objects, 0(0B) LOS objects, 30% free, 36MB/52MB, paused 1.012ms total 31.614ms
08-05 16:33:27.281   518   646 I ThermalEngine: ACTION: GPU - Setting GPU[0] to 450000000
08-05 16:33:27.284  2290  2305 I art     : Starting a blocking GC Explicit
08-05 16:33:27.323  2290  2305 I art     : Explicit concurrent mark sweep GC freed 3(96B) AllocSpace objects, 0(0B) LOS objects, 30% free, 36MB/52MB, paused 1.613ms total 38.431ms
08-05 16:33:27.336  2290  2305 I art     : Starting a blocking GC Explicit
08-05 16:33:27.374  2290  2305 I art     : Explicit concurrent mark sweep GC freed 3(96B) AllocSpace objects, 0(0B) LOS objects, 30% free, 36MB/52MB, paused 1.055ms total 38.536ms
08-05 16:33:27.742  2290  2302 I art     : Starting a blocking GC Explicit
08-05 16:33:27.780  2290  2302 I art     : Explicit concurrent mark sweep GC freed 1606(91KB) AllocSpace objects, 1(20KB) LOS objects, 30% free, 36MB/52MB, paused 1.195ms total 38.102ms
08-05 16:33:27.794  2290  2302 I art     : Starting a blocking GC Explicit
08-05 16:33:27.832  2290  2302 I art     : Explicit concurrent mark sweep GC freed 28(1040B) AllocSpace objects, 0(0B) LOS objects, 30% free, 36MB/52MB, paused 1.170ms total 37.319ms
08-05 16:33:27.845  2290  2302 I art     : Starting a blocking GC Explicit
08-05 16:33:27.882  2290  2302 I art     : Explicit concurrent mark sweep GC freed 3(96B) AllocSpace objects, 0(0B) LOS objects, 30% free, 36MB/52MB, paused 1.159ms total 36.460ms
08-05 16:33:27.896  2290  2302 I art     : Starting a blocking GC Explicit
08-05 16:33:27.934  2290  2302 I art     : Explicit concurrent mark sweep GC freed 3(96B) AllocSpace objects, 0(0B) LOS objects, 30% free, 36MB/52MB, paused 1.214ms total 37.042ms
08-05 16:33:27.934  2290  2301 I art     : WaitForGcToComplete blocked for 11.916ms for cause HeapTrim
08-05 16:33:27.948  2290  2302 I art     : Starting a blocking GC Explicit
08-05 16:33:27.985  2290  2302 I art     : Explicit concurrent mark sweep GC freed 3(96B) AllocSpace objects, 0(0B) LOS objects, 30% free, 36MB/52MB, paused 1.198ms total 36.716ms
08-05 16:33:28.048  2290  4192 E baseline.com.newsblur.network.APIResponse: Error (unexpected end of stream on https://www.newsblur.com/...) calling https://www.newsblur.com/reader/mark_story_hashes_as_read/
08-05 16:33:28.048  2290  4192 E baseline.com.newsblur.network.APIResponse: java.io.IOException: unexpected end of stream on https://www.newsblur.com/...
08-05 16:33:28.048  2290  4192 E baseline.com.newsblur.network.APIResponse: 	at okhttp3.internal.http1.Http1ExchangeCodec.readResponseHeaders(Http1ExchangeCodec.java:236)
08-05 16:33:28.048  2290  4192 E baseline.com.newsblur.network.APIResponse: 	at okhttp3.internal.connection.Exchange.readResponseHeaders(Exchange.java:115)
08-05 16:33:28.048  2290  4192 E baseline.com.newsblur.network.APIResponse: 	at okhttp3.internal.http.CallServerInterceptor.intercept(CallServerInterceptor.java:94)
08-05 16:33:28.048  2290  4192 E baseline.com.newsblur.network.APIResponse: 	at okhttp3.internal.http.RealInterceptorChain.proceed(RealInterceptorChain.java:142)
08-05 16:33:28.048  2290  4192 E baseline.com.newsblur.network.APIResponse: 	at okhttp3.internal.connection.ConnectInterceptor.intercept(ConnectInterceptor.java:43)
08-05 16:33:28.048  2290  4192 E baseline.com.newsblur.network.APIResponse: 	at okhttp3.internal.http.RealInterceptorChain.proceed(RealInterceptorChain.java:142)
08-05 16:33:28.048  2290  4192 E baseline.com.newsblur.network.APIResponse: 	at okhttp3.internal.http.RealInterceptorChain.proceed(RealInterceptorChain.java:117)
08-05 16:33:28.048  2290  4192 E baseline.com.newsblur.network.APIResponse: 	at okhttp3.internal.cache.CacheInterceptor.intercept(CacheInterceptor.java:94)
08-05 16:33:28.048  2290  4192 E baseline.com.newsblur.network.APIResponse: 	at okhttp3.internal.http.RealInterceptorChain.proceed(RealInterceptorChain.java:142)
08-05 16:33:28.048  2290  4192 E baseline.com.newsblur.network.APIResponse: 	at okhttp3.internal.http.RealInterceptorChain.proceed(RealInterceptorChain.java:117)
08-05 16:33:28.048  2290  4192 E baseline.com.newsblur.network.APIResponse: 	at okhttp3.internal.http.BridgeInterceptor.intercept(BridgeInterceptor.java:93)
08-05 16:33:28.048  2290  4192 E baseline.com.newsblur.network.APIResponse: 	at okhttp3.internal.http.RealInterceptorChain.proceed(RealInterceptorChain.java:142)
08-05 16:33:28.048  2290  4192 E baseline.com.newsblur.network.APIResponse: 	at okhttp3.internal.http.RetryAndFollowUpInterceptor.intercept(RetryAndFollowUpInterceptor.java:88)
08-05 16:33:28.048  2290  4192 E baseline.com.newsblur.network.APIResponse: 	at okhttp3.internal.http.RealInterceptorChain.proceed(RealInterceptorChain.java:142)
08-05 16:33:28.048  2290  4192 E baseline.com.newsblur.network.APIResponse: 	at okhttp3.internal.http.RealInterceptorChain.proceed(RealInterceptorChain.java:117)
08-05 16:33:28.048  2290  4192 E baseline.com.newsblur.network.APIResponse: 	at okhttp3.RealCall.getResponseWithInterceptorChain(RealCall.java:229)
08-05 16:33:28.048  2290  4192 E baseline.com.newsblur.network.APIResponse: 	at okhttp3.RealCall.execute(RealCall.java:81)
08-05 16:33:28.048  2290  4192 E baseline.com.newsblur.network.APIResponse: 	at baseline.com.newsblur.network.APIResponse.<init>(APIResponse.java:57)
08-05 16:33:28.048  2290  4192 E baseline.com.newsblur.network.APIResponse: 	at baseline.com.newsblur.network.APIResponse.<init>(APIResponse.java:43)
08-05 16:33:28.048  2290  4192 E baseline.com.newsblur.network.APIResponse: 	at baseline.com.newsblur.network.APIManager.post_single(APIManager.java:702)
08-05 16:33:28.048  2290  4192 E baseline.com.newsblur.network.APIResponse: 	at baseline.com.newsblur.network.APIManager.post(APIManager.java:675)
08-05 16:33:28.048  2290  4192 E baseline.com.newsblur.network.APIResponse: 	at baseline.com.newsblur.network.APIManager.post(APIManager.java:714)
08-05 16:33:28.048  2290  4192 E baseline.com.newsblur.network.APIResponse: 	at baseline.com.newsblur.network.APIManager.markStoryAsRead(APIManager.java:205)
08-05 16:33:28.048  2290  4192 E baseline.com.newsblur.network.APIResponse: 	at baseline.com.newsblur.util.ReadingAction.doRemote(ReadingAction.java:281)
08-05 16:33:28.048  2290  4192 E baseline.com.newsblur.network.APIResponse: 	at baseline.com.newsblur.service.NBSyncService.syncActions(NBSyncService.java:400)
08-05 16:33:28.048  2290  4192 E baseline.com.newsblur.network.APIResponse: 	at baseline.com.newsblur.service.NBSyncService.doSync(NBSyncService.java:298)
08-05 16:33:28.048  2290  4192 E baseline.com.newsblur.network.APIResponse: 	at baseline.com.newsblur.service.NBSyncService.access$100(NBSyncService.java:67)
08-05 16:33:28.048  2290  4192 E baseline.com.newsblur.network.APIResponse: 	at baseline.com.newsblur.service.NBSyncService$1.run(NBSyncService.java:188)
08-05 16:33:28.048  2290  4192 E baseline.com.newsblur.network.APIResponse: 	at java.util.concurrent.ThreadPoolExecutor.runWorker(ThreadPoolExecutor.java:1113)
08-05 16:33:28.048  2290  4192 E baseline.com.newsblur.network.APIResponse: 	at java.util.concurrent.ThreadPoolExecutor$Worker.run(ThreadPoolExecutor.java:588)
08-05 16:33:28.048  2290  4192 E baseline.com.newsblur.network.APIResponse: 	at java.lang.Thread.run(Thread.java:818)
08-05 16:33:28.048  2290  4192 E baseline.com.newsblur.network.APIResponse: Caused by: java.io.EOFException: \n not found: limit=0 content=
08-05 16:33:28.048  2290  4192 E baseline.com.newsblur.network.APIResponse: 	at okio.RealBufferedSource.readUtf8LineStrict(RealBufferedSource.java:240)
08-05 16:33:28.048  2290  4192 E baseline.com.newsblur.network.APIResponse: 	at okhttp3.internal.http1.Http1ExchangeCodec.readHeaderLine(Http1ExchangeCodec.java:242)
08-05 16:33:28.048  2290  4192 E baseline.com.newsblur.network.APIResponse: 	at okhttp3.internal.http1.Http1ExchangeCodec.readResponseHeaders(Http1ExchangeCodec.java:213)
08-05 16:33:28.048  2290  4192 E baseline.com.newsblur.network.APIResponse: 	... 30 more
08-05 16:33:28.050  2290  4192 I baseline.com.newsblur.network.APIManager: API call failed, pausing before retry number 2
08-05 16:33:28.342  2290  2302 I art     : Starting a blocking GC Explicit
08-05 16:33:28.380  2290  2302 I art     : Explicit concurrent mark sweep GC freed 3947(357KB) AllocSpace objects, 3(60KB) LOS objects, 30% free, 36MB/52MB, paused 1.123ms total 38.387ms
08-05 16:33:28.394  2290  2302 I art     : Starting a blocking GC Explicit
08-05 16:33:28.432  2290  2302 I art     : Explicit concurrent mark sweep GC freed 109(3KB) AllocSpace objects, 0(0B) LOS objects, 30% free, 36MB/52MB, paused 1.217ms total 36.999ms
08-05 16:33:28.445  2290  2302 I art     : Starting a blocking GC Explicit
08-05 16:33:28.482  2290  2302 I art     : Explicit concurrent mark sweep GC freed 3(96B) AllocSpace objects, 0(0B) LOS objects, 30% free, 36MB/52MB, paused 1.098ms total 36.244ms
08-05 16:33:28.496  2290  2302 I art     : Starting a blocking GC Explicit
08-05 16:33:28.533  2290  2302 I art     : Explicit concurrent mark sweep GC freed 3(96B) AllocSpace objects, 0(0B) LOS objects, 30% free, 36MB/52MB, paused 1.161ms total 36.559ms
08-05 16:33:28.547  2290  2302 I art     : Starting a blocking GC Explicit
08-05 16:33:28.583  2290  2302 I art     : Explicit concurrent mark sweep GC freed 3(96B) AllocSpace objects, 0(0B) LOS objects, 30% free, 36MB/52MB, paused 1.137ms total 36.290ms
08-05 16:33:28.942  2290  2305 I art     : Starting a blocking GC Explicit
08-05 16:33:28.981  2290  2305 I art     : Explicit concurrent mark sweep GC freed 1441(83KB) AllocSpace objects, 1(20KB) LOS objects, 30% free, 36MB/52MB, paused 1.268ms total 39.108ms
08-05 16:33:28.996  2290  2305 I art     : Starting a blocking GC Explicit
08-05 16:33:29.033  2290  2305 I art     : Explicit concurrent mark sweep GC freed 22(784B) AllocSpace objects, 0(0B) LOS objects, 30% free, 36MB/52MB, paused 1.133ms total 36.608ms
08-05 16:33:29.047  2290  2305 I art     : Starting a blocking GC Explicit
08-05 16:33:29.083  2290  2305 I art     : Explicit concurrent mark sweep GC freed 3(96B) AllocSpace objects, 0(0B) LOS objects, 30% free, 36MB/52MB, paused 1.315ms total 36.202ms
08-05 16:33:29.097  2290  2305 I art     : Starting a blocking GC Explicit
08-05 16:33:29.133  2290  2305 I art     : Explicit concurrent mark sweep GC freed 3(96B) AllocSpace objects, 0(0B) LOS objects, 30% free, 36MB/52MB, paused 1.133ms total 36.005ms
08-05 16:33:29.147  2290  2305 I art     : Starting a blocking GC Explicit
08-05 16:33:29.184  2290  2305 I art     : Explicit concurrent mark sweep GC freed 3(96B) AllocSpace objects, 0(0B) LOS objects, 30% free, 36MB/52MB, paused 1.254ms total 36.386ms
08-05 16:33:29.541  2290  3568 I art     : Starting a blocking GC Explicit
08-05 16:33:29.580  2290  3568 I art     : Explicit concurrent mark sweep GC freed 1439(83KB) AllocSpace objects, 1(20KB) LOS objects, 30% free, 36MB/52MB, paused 1.048ms total 38.803ms
08-05 16:33:29.594  2290  3568 I art     : Starting a blocking GC Explicit
08-05 16:33:29.632  2290  3568 I art     : Explicit concurrent mark sweep GC freed 22(784B) AllocSpace objects, 0(0B) LOS objects, 30% free, 36MB/52MB, paused 1.146ms total 37.075ms
08-05 16:33:29.645  2290  3568 I art     : Starting a blocking GC Explicit
08-05 16:33:29.682  2290  3568 I art     : Explicit concurrent mark sweep GC freed 3(96B) AllocSpace objects, 0(0B) LOS objects, 30% free, 36MB/52MB, paused 1.217ms total 36.651ms
08-05 16:33:29.696  2290  3568 I art     : Starting a blocking GC Explicit
08-05 16:33:29.733  2290  3568 I art     : Explicit concurrent mark sweep GC freed 3(96B) AllocSpace objects, 0(0B) LOS objects, 30% free, 36MB/52MB, paused 1.133ms total 36.418ms
08-05 16:33:29.747  2290  3568 I art     : Starting a blocking GC Explicit
08-05 16:33:29.784  2290  3568 I art     : Explicit concurrent mark sweep GC freed 3(96B) AllocSpace objects, 0(0B) LOS objects, 30% free, 36MB/52MB, paused 1.367ms total 36.652ms
08-05 16:33:30.141  2290  3568 I art     : Starting a blocking GC Explicit
08-05 16:33:30.180  2290  3568 I art     : Explicit concurrent mark sweep GC freed 1439(82KB) AllocSpace objects, 1(20KB) LOS objects, 30% free, 36MB/52MB, paused 1.036ms total 38.186ms
08-05 16:33:30.194  2290  3568 I art     : Starting a blocking GC Explicit
08-05 16:33:30.232  2290  3568 I art     : Explicit concurrent mark sweep GC freed 22(784B) AllocSpace objects, 0(0B) LOS objects, 30% free, 36MB/52MB, paused 1.095ms total 37.484ms
08-05 16:33:30.246  2290  3568 I art     : Starting a blocking GC Explicit
08-05 16:33:30.285  2290  3568 I art     : Explicit concurrent mark sweep GC freed 3(96B) AllocSpace objects, 0(0B) LOS objects, 30% free, 36MB/52MB, paused 1.201ms total 37.865ms
08-05 16:33:30.293   518   646 I ThermalEngine: ACTION: GPU - Setting GPU[0] to 390000000
08-05 16:33:30.303   918  3188 I hubconnection: sensorhub said: 'set_bias 3: -6.7200, 0.0000, 0.0000'
08-05 16:33:30.314  2290  3568 I art     : Starting a blocking GC Explicit
08-05 16:33:30.366  2290  3568 I art     : Explicit concurrent mark sweep GC freed 3(96B) AllocSpace objects, 0(0B) LOS objects, 30% free, 36MB/52MB, paused 2.081ms total 51.153ms
08-05 16:33:30.387  2290  3568 I art     : Starting a blocking GC Explicit
08-05 16:33:30.440  2290  3568 I art     : Explicit concurrent mark sweep GC freed 3(96B) AllocSpace objects, 0(0B) LOS objects, 30% free, 36MB/52MB, paused 3.451ms total 51.650ms
08-05 16:33:30.671 30325 30325 I ServiceManager: Waiting for service AtCmdFwd...
08-05 16:33:30.846  2290  2302 I art     : Starting a blocking GC Explicit
08-05 16:33:30.898  2290  2302 I art     : Explicit concurrent mark sweep GC freed 1438(82KB) AllocSpace objects, 1(20KB) LOS objects, 30% free, 36MB/52MB, paused 1.925ms total 51.247ms
08-05 16:33:30.919  2290  2302 I art     : Starting a blocking GC Explicit
08-05 16:33:30.969  2290  2302 I art     : Explicit concurrent mark sweep GC freed 22(784B) AllocSpace objects, 0(0B) LOS objects, 30% free, 36MB/52MB, paused 2.299ms total 49.109ms
08-05 16:33:30.990  2290  2302 I art     : Starting a blocking GC Explicit
08-05 16:33:31.042  2290  2302 I art     : Explicit concurrent mark sweep GC freed 3(96B) AllocSpace objects, 0(0B) LOS objects, 30% free, 36MB/52MB, paused 2.685ms total 51.588ms
08-05 16:33:31.063  2290  2302 I art     : Starting a blocking GC Explicit
08-05 16:33:31.113  2290  2302 I art     : Explicit concurrent mark sweep GC freed 94(3KB) AllocSpace objects, 0(0B) LOS objects, 30% free, 36MB/52MB, paused 1.925ms total 49.845ms
08-05 16:33:31.133  2290  2302 I art     : Starting a blocking GC Explicit
08-05 16:33:31.185  2290  2302 I art     : Explicit concurrent mark sweep GC freed 74(4KB) AllocSpace objects, 0(0B) LOS objects, 30% free, 36MB/52MB, paused 2.284ms total 50.931ms
08-05 16:33:31.607  2290  3568 I art     : Starting a blocking GC Explicit
08-05 16:33:31.637  2290  4192 E baseline.com.newsblur.network.APIResponse: Error (unexpected end of stream on https://www.newsblur.com/...) calling https://www.newsblur.com/reader/mark_story_hashes_as_read/
08-05 16:33:31.637  2290  4192 E baseline.com.newsblur.network.APIResponse: java.io.IOException: unexpected end of stream on https://www.newsblur.com/...
08-05 16:33:31.637  2290  4192 E baseline.com.newsblur.network.APIResponse: 	at okhttp3.internal.http1.Http1ExchangeCodec.readResponseHeaders(Http1ExchangeCodec.java:236)
08-05 16:33:31.637  2290  4192 E baseline.com.newsblur.network.APIResponse: 	at okhttp3.internal.connection.Exchange.readResponseHeaders(Exchange.java:115)
08-05 16:33:31.637  2290  4192 E baseline.com.newsblur.network.APIResponse: 	at okhttp3.internal.http.CallServerInterceptor.intercept(CallServerInterceptor.java:94)
08-05 16:33:31.637  2290  4192 E baseline.com.newsblur.network.APIResponse: 	at okhttp3.internal.http.RealInterceptorChain.proceed(RealInterceptorChain.java:142)
08-05 16:33:31.637  2290  4192 E baseline.com.newsblur.network.APIResponse: 	at okhttp3.internal.connection.ConnectInterceptor.intercept(ConnectInterceptor.java:43)
08-05 16:33:31.637  2290  4192 E baseline.com.newsblur.network.APIResponse: 	at okhttp3.internal.http.RealInterceptorChain.proceed(RealInterceptorChain.java:142)
08-05 16:33:31.637  2290  4192 E baseline.com.newsblur.network.APIResponse: 	at okhttp3.internal.http.RealInterceptorChain.proceed(RealInterceptorChain.java:117)
08-05 16:33:31.637  2290  4192 E baseline.com.newsblur.network.APIResponse: 	at okhttp3.internal.cache.CacheInterceptor.intercept(CacheInterceptor.java:94)
08-05 16:33:31.637  2290  4192 E baseline.com.newsblur.network.APIResponse: 	at okhttp3.internal.http.RealInterceptorChain.proceed(RealInterceptorChain.java:142)
08-05 16:33:31.637  2290  4192 E baseline.com.newsblur.network.APIResponse: 	at okhttp3.internal.http.RealInterceptorChain.proceed(RealInterceptorChain.java:117)
08-05 16:33:31.637  2290  4192 E baseline.com.newsblur.network.APIResponse: 	at okhttp3.internal.http.BridgeInterceptor.intercept(BridgeInterceptor.java:93)
08-05 16:33:31.637  2290  4192 E baseline.com.newsblur.network.APIResponse: 	at okhttp3.internal.http.RealInterceptorChain.proceed(RealInterceptorChain.java:142)
08-05 16:33:31.637  2290  4192 E baseline.com.newsblur.network.APIResponse: 	at okhttp3.internal.http.RetryAndFollowUpInterceptor.intercept(RetryAndFollowUpInterceptor.java:88)
08-05 16:33:31.637  2290  4192 E baseline.com.newsblur.network.APIResponse: 	at okhttp3.internal.http.RealInterceptorChain.proceed(RealInterceptorChain.java:142)
08-05 16:33:31.637  2290  4192 E baseline.com.newsblur.network.APIResponse: 	at okhttp3.internal.http.RealInterceptorChain.proceed(RealInterceptorChain.java:117)
08-05 16:33:31.637  2290  4192 E baseline.com.newsblur.network.APIResponse: 	at okhttp3.RealCall.getResponseWithInterceptorChain(RealCall.java:229)
08-05 16:33:31.637  2290  4192 E baseline.com.newsblur.network.APIResponse: 	at okhttp3.RealCall.execute(RealCall.java:81)
08-05 16:33:31.637  2290  4192 E baseline.com.newsblur.network.APIResponse: 	at baseline.com.newsblur.network.APIResponse.<init>(APIResponse.java:57)
08-05 16:33:31.637  2290  4192 E baseline.com.newsblur.network.APIResponse: 	at baseline.com.newsblur.network.APIResponse.<init>(APIResponse.java:43)
08-05 16:33:31.637  2290  4192 E baseline.com.newsblur.network.APIResponse: 	at baseline.com.newsblur.network.APIManager.post_single(APIManager.java:702)
08-05 16:33:31.637  2290  4192 E baseline.com.newsblur.network.APIResponse: 	at baseline.com.newsblur.network.APIManager.post(APIManager.java:675)
08-05 16:33:31.637  2290  4192 E baseline.com.newsblur.network.APIResponse: 	at baseline.com.newsblur.network.APIManager.post(APIManager.java:714)
08-05 16:33:31.637  2290  4192 E baseline.com.newsblur.network.APIResponse: 	at baseline.com.newsblur.network.APIManager.markStoryAsRead(APIManager.java:205)
08-05 16:33:31.637  2290  4192 E baseline.com.newsblur.network.APIResponse: 	at baseline.com.newsblur.util.ReadingAction.doRemote(ReadingAction.java:281)
08-05 16:33:31.637  2290  4192 E baseline.com.newsblur.network.APIResponse: 	at baseline.com.newsblur.service.NBSyncService.syncActions(NBSyncService.java:400)
08-05 16:33:31.637  2290  4192 E baseline.com.newsblur.network.APIResponse: 	at baseline.com.newsblur.service.NBSyncService.doSync(NBSyncService.java:298)
08-05 16:33:31.637  2290  4192 E baseline.com.newsblur.network.APIResponse: 	at baseline.com.newsblur.service.NBSyncService.access$100(NBSyncService.java:67)
08-05 16:33:31.637  2290  4192 E baseline.com.newsblur.network.APIResponse: 	at baseline.com.newsblur.service.NBSyncService$1.run(NBSyncService.java:188)
08-05 16:33:31.637  2290  4192 E baseline.com.newsblur.network.APIResponse: 	at java.util.concurrent.ThreadPoolExecutor.runWorker(ThreadPoolExecutor.java:1113)
08-05 16:33:31.637  2290  4192 E baseline.com.newsblur.network.APIResponse: 	at java.util.concurrent.ThreadPoolExecutor$Worker.run(ThreadPoolExecutor.java:588)
08-05 16:33:31.637  2290  4192 E baseline.com.newsblur.network.APIResponse: 	at java.lang.Thread.run(Thread.java:818)
08-05 16:33:31.637  2290  4192 E baseline.com.newsblur.network.APIResponse: Caused by: java.io.EOFException: \n not found: limit=0 content=
08-05 16:33:31.637  2290  4192 E baseline.com.newsblur.network.APIResponse: 	at okio.RealBufferedSource.readUtf8LineStrict(RealBufferedSource.java:240)
08-05 16:33:31.637  2290  4192 E baseline.com.newsblur.network.APIResponse: 	at okhttp3.internal.http1.Http1ExchangeCodec.readHeaderLine(Http1ExchangeCodec.java:242)
08-05 16:33:31.637  2290  4192 E baseline.com.newsblur.network.APIResponse: 	at okhttp3.internal.http1.Http1ExchangeCodec.readResponseHeaders(Http1ExchangeCodec.java:213)
08-05 16:33:31.637  2290  4192 E baseline.com.newsblur.network.APIResponse: 	... 30 more
08-05 16:33:31.640  2290  4192 I baseline.com.newsblur.service.NBSyncService: Holding reading action with server-side or network error.
08-05 16:33:31.672 30325 30325 I ServiceManager: Waiting for service AtCmdFwd...
08-05 16:33:31.673  2290  3568 I art     : Explicit concurrent mark sweep GC freed 3883(343KB) AllocSpace objects, 3(60KB) LOS objects, 30% free, 36MB/52MB, paused 2.313ms total 65.275ms
08-05 16:33:31.685  2290  4192 W baseline.com.newsblur.service.NBSyncService: hard API failure
08-05 16:33:31.694  2290  3568 I art     : Starting a blocking GC Explicit
08-05 16:33:31.741  2290  3568 I art     : Explicit concurrent mark sweep GC freed 1162(238KB) AllocSpace objects, 14(280KB) LOS objects, 30% free, 36MB/52MB, paused 1.608ms total 46.179ms
08-05 16:33:31.756  2290  3568 I art     : Starting a blocking GC Explicit
08-05 16:33:31.797  2290  3568 I art     : Explicit concurrent mark sweep GC freed 233(10KB) AllocSpace objects, 0(0B) LOS objects, 30% free, 36MB/52MB, paused 1.543ms total 40.166ms
08-05 16:33:31.814  2290  3568 I art     : Starting a blocking GC Explicit
08-05 16:33:31.858  2290  3568 I art     : Explicit concurrent mark sweep GC freed 332(11KB) AllocSpace objects, 0(0B) LOS objects, 30% free, 36MB/52MB, paused 1.964ms total 43.472ms
08-05 16:33:31.876  2290  3568 I art     : Starting a blocking GC Explicit
08-05 16:33:31.919  2290  3568 I art     : Explicit concurrent mark sweep GC freed 3(96B) AllocSpace objects, 0(0B) LOS objects, 30% free, 36MB/52MB, paused 1.724ms total 42.295ms
08-05 16:33:32.303  2290  2305 I art     : Starting a blocking GC Explicit
08-05 16:33:32.348  2290  2305 I art     : Explicit concurrent mark sweep GC freed 1401(80KB) AllocSpace objects, 1(20KB) LOS objects, 30% free, 36MB/52MB, paused 1.527ms total 44.166ms
08-05 16:33:32.366  2290  2305 I art     : Starting a blocking GC Explicit
08-05 16:33:32.410  2290  2305 I art     : Explicit concurrent mark sweep GC freed 20(704B) AllocSpace objects, 0(0B) LOS objects, 30% free, 36MB/52MB, paused 1.869ms total 43.698ms
08-05 16:33:32.428  2290  2305 I art     : Starting a blocking GC Explicit
08-05 16:33:32.470  2290  2305 I art     : Explicit concurrent mark sweep GC freed 3(96B) AllocSpace objects, 0(0B) LOS objects, 30% free, 36MB/52MB, paused 1.582ms total 42.383ms
08-05 16:33:32.488  2290  2305 I art     : Starting a blocking GC Explicit
08-05 16:33:32.531  2290  2305 I art     : Explicit concurrent mark sweep GC freed 3(96B) AllocSpace objects, 0(0B) LOS objects, 30% free, 36MB/52MB, paused 1.561ms total 43.066ms
08-05 16:33:32.549  2290  2305 I art     : Starting a blocking GC Explicit
08-05 16:33:32.593  2290  2305 I art     : Explicit concurrent mark sweep GC freed 3(96B) AllocSpace objects, 0(0B) LOS objects, 30% free, 36MB/52MB, paused 1.872ms total 43.493ms
08-05 16:33:32.673 30325 30325 I ServiceManager: Waiting for service AtCmdFwd...
08-05 16:33:32.967  2290  2302 I art     : Starting a blocking GC Explicit
08-05 16:33:33.011  2290  2302 I art     : Explicit concurrent mark sweep GC freed 1398(80KB) AllocSpace objects, 1(20KB) LOS objects, 30% free, 36MB/52MB, paused 1.812ms total 43.734ms
08-05 16:33:33.011  2290  2301 I art     : WaitForGcToComplete blocked for 25.795ms for cause HeapTrim
08-05 16:33:33.029  2290  2302 I art     : Starting a blocking GC Explicit
08-05 16:33:33.072  2290  2302 I art     : Explicit concurrent mark sweep GC freed 20(704B) AllocSpace objects, 0(0B) LOS objects, 30% free, 36MB/52MB, paused 1.564ms total 42.583ms
08-05 16:33:33.090  2290  2302 I art     : Starting a blocking GC Explicit
08-05 16:33:33.133  2290  2302 I art     : Explicit concurrent mark sweep GC freed 3(96B) AllocSpace objects, 0(0B) LOS objects, 30% free, 36MB/52MB, paused 1.564ms total 42.672ms
08-05 16:33:33.151  2290  2302 I art     : Starting a blocking GC Explicit
08-05 16:33:33.194  2290  2302 I art     : Explicit concurrent mark sweep GC freed 3(96B) AllocSpace objects, 0(0B) LOS objects, 30% free, 36MB/52MB, paused 1.801ms total 42.718ms
08-05 16:33:33.212  2290  2302 I art     : Starting a blocking GC Explicit
08-05 16:33:33.255  2290  2302 I art     : Explicit concurrent mark sweep GC freed 3(96B) AllocSpace objects, 0(0B) LOS objects, 30% free, 36MB/52MB, paused 1.636ms total 42.861ms
08-05 16:33:33.294   518   646 I ThermalEngine: ACTION: GPU - Setting GPU[0] to 450000000
08-05 16:33:33.616  2290  3568 I art     : Starting a blocking GC Explicit
08-05 16:33:33.656  2290  3568 I art     : Explicit concurrent mark sweep GC freed 1398(80KB) AllocSpace objects, 1(20KB) LOS objects, 30% free, 36MB/52MB, paused 1.121ms total 39.290ms
08-05 16:33:33.671  2290  3568 I art     : Starting a blocking GC Explicit
08-05 16:33:33.675 30325 30325 I ServiceManager: Waiting for service AtCmdFwd...
08-05 16:33:33.706  2290  3568 I art     : Explicit concurrent mark sweep GC freed 20(704B) AllocSpace objects, 0(0B) LOS objects, 30% free, 36MB/52MB, paused 1.046ms total 34.899ms
08-05 16:33:33.718  2290  3568 I art     : Starting a blocking GC Explicit
08-05 16:33:33.754  2290  3568 I art     : Explicit concurrent mark sweep GC freed 3(96B) AllocSpace objects, 0(0B) LOS objects, 30% free, 36MB/52MB, paused 1.095ms total 35.679ms
08-05 16:33:33.766  2290  3568 I art     : Starting a blocking GC Explicit
08-05 16:33:33.802  2290  3568 I art     : Explicit concurrent mark sweep GC freed 3(96B) AllocSpace objects, 0(0B) LOS objects, 30% free, 36MB/52MB, paused 1.075ms total 36.038ms
08-05 16:33:33.813  2290  3568 I art     : Starting a blocking GC Explicit
08-05 16:33:33.848  2290  3568 I art     : Explicit concurrent mark sweep GC freed 3(96B) AllocSpace objects, 0(0B) LOS objects, 30% free, 36MB/52MB, paused 1.138ms total 34.406ms
08-05 16:33:34.211  2290  2305 I art     : Starting a blocking GC Explicit
08-05 16:33:34.251  2290  2305 I art     : Explicit concurrent mark sweep GC freed 1398(80KB) AllocSpace objects, 1(20KB) LOS objects, 30% free, 36MB/52MB, paused 1.120ms total 38.782ms
08-05 16:33:34.265  2290  2305 I art     : Starting a blocking GC Explicit
08-05 16:33:34.300  2290  2305 I art     : Explicit concurrent mark sweep GC freed 20(704B) AllocSpace objects, 0(0B) LOS objects, 30% free, 36MB/52MB, paused 1.071ms total 35.007ms
08-05 16:33:34.312  2290  2305 I art     : Starting a blocking GC Explicit
08-05 16:33:34.348  2290  2305 I art     : Explicit concurrent mark sweep GC freed 3(96B) AllocSpace objects, 0(0B) LOS objects, 30% free, 36MB/52MB, paused 1.167ms total 36.486ms
08-05 16:33:34.361  2290  2305 I art     : Starting a blocking GC Explicit
08-05 16:33:34.397  2290  2305 I art     : Explicit concurrent mark sweep GC freed 3(96B) AllocSpace objects, 0(0B) LOS objects, 30% free, 36MB/52MB, paused 1.196ms total 36.661ms
08-05 16:33:34.410  2290  2305 I art     : Starting a blocking GC Explicit
08-05 16:33:34.444  2290  2305 I art     : Explicit concurrent mark sweep GC freed 3(96B) AllocSpace objects, 0(0B) LOS objects, 30% free, 36MB/52MB, paused 1.228ms total 34.107ms
08-05 16:33:34.675 30325 30325 I ServiceManager: Waiting for service AtCmdFwd...
08-05 16:33:34.810  2290  2302 I art     : Starting a blocking GC Explicit
08-05 16:33:34.848  2290  2302 I art     : Explicit concurrent mark sweep GC freed 1398(80KB) AllocSpace objects, 1(20KB) LOS objects, 30% free, 36MB/52MB, paused 1.218ms total 37.653ms
08-05 16:33:34.860  2290  2302 I art     : Starting a blocking GC Explicit
08-05 16:33:34.898  2290  2302 I art     : Explicit concurrent mark sweep GC freed 20(704B) AllocSpace objects, 0(0B) LOS objects, 30% free, 36MB/52MB, paused 1.253ms total 37.547ms
08-05 16:33:34.910  2290  2302 I art     : Starting a blocking GC Explicit
08-05 16:33:34.947  2290  2302 I art     : Explicit concurrent mark sweep GC freed 3(96B) AllocSpace objects, 0(0B) LOS objects, 30% free, 36MB/52MB, paused 1.165ms total 36.665ms
08-05 16:33:34.959  2290  2302 I art     : Starting a blocking GC Explicit
08-05 16:33:34.997  2290  2302 I art     : Explicit concurrent mark sweep GC freed 3(96B) AllocSpace objects, 0(0B) LOS objects, 30% free, 36MB/52MB, paused 1.222ms total 38.160ms
08-05 16:33:35.010  2290  2302 I art     : Starting a blocking GC Explicit
08-05 16:33:35.048  2290  2302 I art     : Explicit concurrent mark sweep GC freed 3(96B) AllocSpace objects, 0(0B) LOS objects, 30% free, 36MB/52MB, paused 1.212ms total 37.553ms
08-05 16:33:35.407  2290  3568 I art     : Starting a blocking GC Explicit
08-05 16:33:35.445  2290  3568 I art     : Explicit concurrent mark sweep GC freed 1409(81KB) AllocSpace objects, 1(20KB) LOS objects, 30% free, 36MB/52MB, paused 1.137ms total 37.428ms
08-05 16:33:35.459  2290  3568 I art     : Starting a blocking GC Explicit
08-05 16:33:35.496  2290  3568 I art     : Explicit concurrent mark sweep GC freed 28(864B) AllocSpace objects, 0(0B) LOS objects, 30% free, 36MB/52MB, paused 1.090ms total 35.990ms
08-05 16:33:35.508  2290  3568 I art     : Starting a blocking GC Explicit
08-05 16:33:35.543  2290  3568 I art     : Explicit concurrent mark sweep GC freed 9(320B) AllocSpace objects, 0(0B) LOS objects, 30% free, 36MB/52MB, paused 1.072ms total 35.514ms
08-05 16:33:35.556  2290  3568 I art     : Starting a blocking GC Explicit
08-05 16:33:35.592  2290  3568 I art     : Explicit concurrent mark sweep GC freed 3(96B) AllocSpace objects, 0(0B) LOS objects, 30% free, 36MB/52MB, paused 1.105ms total 36.265ms
08-05 16:33:35.604  2290  3568 I art     : Starting a blocking GC Explicit
08-05 16:33:35.640  2290  3568 I art     : Explicit concurrent mark sweep GC freed 3(96B) AllocSpace objects, 0(0B) LOS objects, 30% free, 36MB/52MB, paused 1.114ms total 35.682ms
08-05 16:33:35.676 30325 30325 W Atfwd_Sendcmd: AtCmdFwd service not published, waiting... retryCnt : 3
08-05 16:33:36.005  2290  2305 I art     : Starting a blocking GC Explicit
08-05 16:33:36.043  2290  2305 I art     : Explicit concurrent mark sweep GC freed 1398(80KB) AllocSpace objects, 1(20KB) LOS objects, 30% free, 36MB/52MB, paused 1.089ms total 37.100ms
08-05 16:33:36.058  2290  2305 I art     : Starting a blocking GC Explicit
08-05 16:33:36.094  2290  2305 I art     : Explicit concurrent mark sweep GC freed 20(704B) AllocSpace objects, 0(0B) LOS objects, 30% free, 36MB/52MB, paused 1.104ms total 36.084ms
08-05 16:33:36.106  2290  2305 I art     : Starting a blocking GC Explicit
08-05 16:33:36.142  2290  2305 I art     : Explicit concurrent mark sweep GC freed 3(96B) AllocSpace objects, 0(0B) LOS objects, 30% free, 36MB/52MB, paused 1.106ms total 35.299ms
08-05 16:33:36.154  2290  2305 I art     : Starting a blocking GC Explicit
08-05 16:33:36.189  2290  2305 I art     : Explicit concurrent mark sweep GC freed 3(96B) AllocSpace objects, 0(0B) LOS objects, 30% free, 36MB/52MB, paused 1.117ms total 34.882ms
08-05 16:33:36.201  2290  2305 I art     : Starting a blocking GC Explicit
08-05 16:33:36.238  2290  2305 I art     : Explicit concurrent mark sweep GC freed 3(96B) AllocSpace objects, 0(0B) LOS objects, 30% free, 36MB/52MB, paused 1.205ms total 36.093ms
08-05 16:33:36.603  2290  2302 I art     : Starting a blocking GC Explicit
08-05 16:33:36.642  2290  2302 I art     : Explicit concurrent mark sweep GC freed 1398(80KB) AllocSpace objects, 1(20KB) LOS objects, 30% free, 36MB/52MB, paused 1.151ms total 38.877ms
08-05 16:33:36.658  2290  2302 I art     : Starting a blocking GC Explicit
08-05 16:33:36.693  2290  2302 I art     : Explicit concurrent mark sweep GC freed 20(704B) AllocSpace objects, 0(0B) LOS objects, 30% free, 36MB/52MB, paused 1.117ms total 34.956ms
08-05 16:33:36.705  2290  2302 I art     : Starting a blocking GC Explicit
08-05 16:33:36.741  2290  2302 I art     : Explicit concurrent mark sweep GC freed 3(96B) AllocSpace objects, 0(0B) LOS objects, 30% free, 36MB/52MB, paused 1.094ms total 35.238ms
08-05 16:33:36.753  2290  2302 I art     : Starting a blocking GC Explicit
08-05 16:33:36.789  2290  2302 I art     : Explicit concurrent mark sweep GC freed 3(96B) AllocSpace objects, 0(0B) LOS objects, 30% free, 36MB/52MB, paused 1.101ms total 35.175ms
08-05 16:33:36.801  2290  2302 I art     : Starting a blocking GC Explicit
08-05 16:33:36.837  2290  2302 I art     : Explicit concurrent mark sweep GC freed 3(96B) AllocSpace objects, 0(0B) LOS objects, 30% free, 36MB/52MB, paused 1.097ms total 35.774ms
08-05 16:33:37.193  2290  3568 I art     : Starting a blocking GC Explicit
08-05 16:33:37.228  2290  3568 I art     : Explicit concurrent mark sweep GC freed 1398(80KB) AllocSpace objects, 1(20KB) LOS objects, 30% free, 36MB/52MB, paused 1.305ms total 34.372ms
08-05 16:33:37.241  2290  3568 I art     : Starting a blocking GC Explicit
08-05 16:33:37.276  2290  3568 I art     : Explicit concurrent mark sweep GC freed 20(704B) AllocSpace objects, 0(0B) LOS objects, 30% free, 36MB/52MB, paused 1.131ms total 34.441ms
08-05 16:33:37.287  2290  3568 I art     : Starting a blocking GC Explicit
08-05 16:33:37.300   518   646 I ThermalEngine: ACTION: GPU - Setting GPU[0] to 510000000
08-05 16:33:37.322  2290  3568 I art     : Explicit concurrent mark sweep GC freed 3(96B) AllocSpace objects, 0(0B) LOS objects, 30% free, 36MB/52MB, paused 1.097ms total 34.560ms
08-05 16:33:37.334  2290  3568 I art     : Starting a blocking GC Explicit
08-05 16:33:37.363  2290  3568 I art     : Explicit concurrent mark sweep GC freed 3(96B) AllocSpace objects, 0(0B) LOS objects, 30% free, 36MB/52MB, paused 834us total 28.420ms
08-05 16:33:37.372  2290  3568 I art     : Starting a blocking GC Explicit
08-05 16:33:37.398  2290  3568 I art     : Explicit concurrent mark sweep GC freed 3(96B) AllocSpace objects, 0(0B) LOS objects, 30% free, 36MB/52MB, paused 851us total 25.741ms
08-05 16:33:37.566  4409  4409 D AndroidRuntime: >>>>>> START com.android.internal.os.RuntimeInit uid 2000 <<<<<<
08-05 16:33:37.571  4409  4409 D AndroidRuntime: CheckJNI is OFF
08-05 16:33:37.602  4409  4409 D ICU     : No timezone override file found: /data/misc/zoneinfo/current/icu/icu_tzdata.dat
08-05 16:33:37.633  4409  4409 I Radio-JNI: register_android_hardware_Radio DONE
08-05 16:33:37.655  4409  4409 D AndroidRuntime: Calling main entry com.android.commands.input.Input
08-05 16:33:37.656  4409  4409 I Input   : injectKeyEvent: KeyEvent { action=ACTION_DOWN, keyCode=KEYCODE_BACK, scanCode=0, metaState=0, flags=0x0, repeatCount=0, eventTime=808434069, downTime=808434069, deviceId=-1, source=0x101 }
08-05 16:33:37.662  4409  4409 I Input   : injectKeyEvent: KeyEvent { action=ACTION_UP, keyCode=KEYCODE_BACK, scanCode=0, metaState=0, flags=0x0, repeatCount=0, eventTime=808434069, downTime=808434069, deviceId=-1, source=0x101 }
08-05 16:33:37.668  4409  4409 D AndroidRuntime: Shutting down VM
08-05 16:33:37.708  2290  2302 I art     : Starting a blocking GC Explicit
08-05 16:33:37.732  2290  2302 I art     : Explicit concurrent mark sweep GC freed 1610(119KB) AllocSpace objects, 3(60KB) LOS objects, 30% free, 36MB/52MB, paused 780us total 23.900ms
08-05 16:33:37.740  2290  2302 I art     : Starting a blocking GC Explicit
08-05 16:33:37.765  2290  2302 I art     : Explicit concurrent mark sweep GC freed 651(46KB) AllocSpace objects, 1(20KB) LOS objects, 30% free, 36MB/52MB, paused 783us total 24.395ms
08-05 16:33:37.773  2290  2302 I art     : Starting a blocking GC Explicit
08-05 16:33:37.781 13866 13866 I GoogleInputMethodServic: GoogleInputMethodService.onFinishInput():3138 
08-05 16:33:37.782 13866 13866 I GoogleInputMethodServic: GoogleInputMethodService.onStartInput():1808 
08-05 16:33:37.800  2290  2302 I art     : Explicit concurrent mark sweep GC freed 1861(164KB) AllocSpace objects, 5(100KB) LOS objects, 30% free, 36MB/52MB, paused 996us total 26.658ms
08-05 16:33:37.809  2290  2302 I art     : Starting a blocking GC Explicit
08-05 16:33:37.835  2290  2302 I art     : Explicit concurrent mark sweep GC freed 652(43KB) AllocSpace objects, 1(20KB) LOS objects, 30% free, 36MB/52MB, paused 1.276ms total 26.572ms
08-05 16:33:37.844  2290  2302 I art     : Starting a blocking GC Explicit
08-05 16:33:37.870  2290  2302 I art     : Explicit concurrent mark sweep GC freed 62(3KB) AllocSpace objects, 0(0B) LOS objects, 30% free, 36MB/52MB, paused 893us total 25.767ms
08-05 16:33:38.149  2290  4438 I art     : Starting a blocking GC Explicit
08-05 16:33:38.177  2290  4438 I art     : Explicit concurrent mark sweep GC freed 2738(144KB) AllocSpace objects, 2(48KB) LOS objects, 30% free, 36MB/52MB, paused 935us total 27.789ms
08-05 16:33:38.186  2290  4438 I art     : Starting a blocking GC Explicit
08-05 16:33:38.215  2290  4438 I art     : Explicit concurrent mark sweep GC freed 155(7KB) AllocSpace objects, 0(0B) LOS objects, 30% free, 36MB/52MB, paused 956us total 28.608ms
08-05 16:33:38.226  2290  4438 I art     : Starting a blocking GC Explicit
08-05 16:33:38.258  2290  4438 I art     : Explicit concurrent mark sweep GC freed 2349(123KB) AllocSpace objects, 3(200KB) LOS objects, 30% free, 36MB/52MB, paused 1.076ms total 32.590ms
08-05 16:33:38.268  2290  4438 I art     : Starting a blocking GC Explicit
08-05 16:33:38.290  2290  4434 I NAPPA_EXPERIMENTATION: MetricNetworkRequestExecutionTime: REQUEST_DURATION_SYSTEM='500',REQUEST_DURATION_OKHTTP='38',REQUEST_SYNCHRONOUS='TRUE',RESPONSE_CODE='200',RESPONSE_METHOD='GET',RESPONSE_LENGTH_OKHTTP='-1',RESPONSE_LENGTH_HEADER='12364',REQUEST_PROTOCOL='http/1.1',REQUEST_URL='https://www.newsblur.com/social/river_stories?order=newest&page=2&read_filter=all&global_feed=true',
08-05 16:33:38.290  2290  4434 D MY_TAG  : 0, 500
08-05 16:33:38.299  2290  4438 I art     : Explicit concurrent mark sweep GC freed 1408(144KB) AllocSpace objects, 2(156KB) LOS objects, 30% free, 36MB/52MB, paused 1.412ms total 30.459ms
08-05 16:33:38.310  2290  4438 I art     : Starting a blocking GC Explicit
08-05 16:33:38.344  2290  4438 I art     : Explicit concurrent mark sweep GC freed 17874(1144KB) AllocSpace objects, 14(280KB) LOS objects, 30% free, 37MB/53MB, paused 1.080ms total 33.971ms
08-05 16:33:38.672  2290  2305 I art     : Starting a blocking GC Explicit
08-05 16:33:38.705  2290  2305 I art     : Explicit concurrent mark sweep GC freed 16907(1160KB) AllocSpace objects, 17(424KB) LOS objects, 30% free, 36MB/52MB, paused 895us total 32.669ms
08-05 16:33:38.715  2290  2305 I art     : Starting a blocking GC Explicit
08-05 16:33:38.746  2290  2305 I art     : Explicit concurrent mark sweep GC freed 2278(196KB) AllocSpace objects, 0(0B) LOS objects, 30% free, 36MB/52MB, paused 868us total 31.237ms
08-05 16:33:38.757  2290  2305 I art     : Starting a blocking GC Explicit
08-05 16:33:38.788  2290  2305 I art     : Explicit concurrent mark sweep GC freed 9(288B) AllocSpace objects, 0(0B) LOS objects, 30% free, 36MB/52MB, paused 971us total 30.881ms
08-05 16:33:38.798  2290  2305 I art     : Starting a blocking GC Explicit
08-05 16:33:38.829  2290  2305 I art     : Explicit concurrent mark sweep GC freed 7(224B) AllocSpace objects, 0(0B) LOS objects, 30% free, 36MB/52MB, paused 918us total 30.903ms
08-05 16:33:38.840  2290  2305 I art     : Starting a blocking GC Explicit
08-05 16:33:38.870  2290  2305 I art     : Explicit concurrent mark sweep GC freed 9(288B) AllocSpace objects, 0(0B) LOS objects, 30% free, 36MB/52MB, paused 939us total 29.935ms
08-05 16:33:39.182  2290  3568 I art     : Starting a blocking GC Explicit
08-05 16:33:39.213  2290  3568 I art     : Explicit concurrent mark sweep GC freed 1441(82KB) AllocSpace objects, 1(20KB) LOS objects, 30% free, 36MB/52MB, paused 882us total 30.408ms
08-05 16:33:39.223  2290  3568 I art     : Starting a blocking GC Explicit
08-05 16:33:39.251  2290  3568 I art     : Explicit concurrent mark sweep GC freed 23(800B) AllocSpace objects, 0(0B) LOS objects, 30% free, 36MB/52MB, paused 831us total 27.915ms
08-05 16:33:39.262  2290  3568 I art     : Starting a blocking GC Explicit
08-05 16:33:39.288  2290  3568 I art     : Explicit concurrent mark sweep GC freed 3(96B) AllocSpace objects, 0(0B) LOS objects, 30% free, 36MB/52MB, paused 849us total 26.196ms
08-05 16:33:39.297  2290  3568 I art     : Starting a blocking GC Explicit
08-05 16:33:39.306   518   646 I ThermalEngine: ACTION: GPU - Setting GPU[0] to 450000000
08-05 16:33:39.320  4468  4468 D AndroidRuntime: >>>>>> START com.android.internal.os.RuntimeInit uid 2000 <<<<<<
08-05 16:33:39.326  4468  4468 D AndroidRuntime: CheckJNI is OFF
08-05 16:33:39.332  2290  3568 I art     : Explicit concurrent mark sweep GC freed 3(96B) AllocSpace objects, 0(0B) LOS objects, 30% free, 36MB/52MB, paused 1.242ms total 34.282ms
08-05 16:33:39.343  2290  3568 I art     : Starting a blocking GC Explicit
08-05 16:33:39.370  4468  4468 D ICU     : No timezone override file found: /data/misc/zoneinfo/current/icu/icu_tzdata.dat
08-05 16:33:39.379  2290  3568 I art     : Explicit concurrent mark sweep GC freed 3(96B) AllocSpace objects, 0(0B) LOS objects, 30% free, 36MB/52MB, paused 1.231ms total 35.053ms
08-05 16:33:39.416  4468  4468 I Radio-JNI: register_android_hardware_Radio DONE
08-05 16:33:39.445  4468  4468 D AndroidRuntime: Calling main entry com.android.commands.input.Input
08-05 16:33:39.447  4468  4468 I Input   : injectMotionEvent: MotionEvent { action=ACTION_DOWN, actionButton=0, id[0]=0, x[0]=435.0, y[0]=858.0, toolType[0]=TOOL_TYPE_UNKNOWN, buttonState=0, metaState=0, flags=0x0, edgeFlags=0x0, pointerCount=1, historySize=0, eventTime=808435859, downTime=808435859, deviceId=0, source=0x1002 }
08-05 16:33:39.454  4468  4468 I Input   : injectMotionEvent: MotionEvent { action=ACTION_UP, actionButton=0, id[0]=0, x[0]=435.0, y[0]=858.0, toolType[0]=TOOL_TYPE_UNKNOWN, buttonState=0, metaState=0, flags=0x0, edgeFlags=0x0, pointerCount=1, historySize=0, eventTime=808435859, downTime=808435859, deviceId=0, source=0x1002 }
08-05 16:33:39.456  4468  4468 D AndroidRuntime: Shutting down VM
08-05 16:33:39.467   512  2967 D audio_hw_primary: out_set_parameters: enter: usecase(1: low-latency-playback) kvpairs: routing=2
08-05 16:33:39.468   918  3670 I ActivityManager: START u0 {cmp=baseline.com.newsblur/.activity.GlobalSharedStoriesReading (has extras)} from uid 10676 on display 0
08-05 16:33:39.480   512  2967 D audio_hw_primary: select_devices: out_snd_device(2: speaker) in_snd_device(0: none)
08-05 16:33:39.480   512  2967 D msm8974_platform: platform_send_audio_calibration: sending audio calibration for snd_device(2) acdb_id(15)
08-05 16:33:39.480   512  2967 I soundtrigger: audio_extn_sound_trigger_update_device_status: device 0x2 of type 0 for Event 1
08-05 16:33:39.492   512  2967 D audio_hw_primary: enable_snd_device: snd_device(2: speaker)
08-05 16:33:39.494   512  2967 D audio_hw_primary: enable_audio_route: apply and update mixer path: low-latency-playback speaker
08-05 16:33:39.704   918   936 I ActivityManager: Displayed baseline.com.newsblur/.activity.GlobalSharedStoriesReading: +226ms
08-05 16:33:39.705 13866 13866 I GoogleInputMethodServic: GoogleInputMethodService.onFinishInput():3138 
08-05 16:33:39.705 13866 13866 I GoogleInputMethodServic: GoogleInputMethodService.onStartInput():1808 
08-05 16:33:39.705  2290  2305 I art     : Starting a blocking GC Explicit
08-05 16:33:39.746  2290  2305 I art     : Explicit concurrent mark sweep GC freed 3551(291KB) AllocSpace objects, 7(568KB) LOS objects, 30% free, 37MB/53MB, paused 1.499ms total 40.050ms
08-05 16:33:39.758  2290  2305 I art     : Starting a blocking GC Explicit
08-05 16:33:39.795  2290  2305 I art     : Explicit concurrent mark sweep GC freed 1956(114KB) AllocSpace objects, 3(68KB) LOS objects, 30% free, 37MB/53MB, paused 1.642ms total 36.619ms
08-05 16:33:39.807  2290  2305 I art     : Starting a blocking GC Explicit
08-05 16:33:39.845  2290  2305 I art     : Explicit concurrent mark sweep GC freed 1234(74KB) AllocSpace objects, 1(20KB) LOS objects, 30% free, 37MB/53MB, paused 1.520ms total 37.524ms
08-05 16:33:39.859  2290  2305 I art     : Starting a blocking GC Explicit
08-05 16:33:39.896  2290  2305 I art     : Explicit concurrent mark sweep GC freed 759(74KB) AllocSpace objects, 6(140KB) LOS objects, 29% free, 37MB/53MB, paused 1.288ms total 36.556ms
08-05 16:33:39.911  2290  2305 I art     : Starting a blocking GC Explicit
08-05 16:33:39.947  2290  2305 I art     : Explicit concurrent mark sweep GC freed 457(58KB) AllocSpace objects, 3(76KB) LOS objects, 30% free, 37MB/53MB, paused 1.670ms total 36.015ms
08-05 16:33:40.036  2290  4188 E chromium: [ERROR:tile_manager.cc(793)] WARNING: tile memory limits exceeded, some content may not draw
08-05 16:33:40.037  2290  4188 E chromium: [ERROR:tile_manager.cc(793)] WARNING: tile memory limits exceeded, some content may not draw
08-05 16:33:40.038   512  2967 D audio_hw_primary: disable_audio_route: reset and update mixer path: low-latency-playback speaker
08-05 16:33:40.039   512  2967 D audio_hw_primary: disable_snd_device: snd_device(2: speaker)
08-05 16:33:40.047   512  2967 I soundtrigger: audio_extn_sound_trigger_update_device_status: device 0x2 of type 0 for Event 0
08-05 16:33:40.284  2290  2302 I art     : Starting a blocking GC Explicit
08-05 16:33:40.328  2290  2302 I art     : Explicit concurrent mark sweep GC freed 5761(435KB) AllocSpace objects, 10(208KB) LOS objects, 29% free, 37MB/53MB, paused 1.409ms total 43.733ms
08-05 16:33:40.340  2290  2302 I art     : Starting a blocking GC Explicit
08-05 16:33:40.380  2290  2302 I art     : Explicit concurrent mark sweep GC freed 998(47KB) AllocSpace objects, 0(0B) LOS objects, 29% free, 37MB/53MB, paused 1.280ms total 39.653ms
08-05 16:33:40.393  2290  2302 I art     : Starting a blocking GC Explicit
08-05 16:33:40.433  2290  2302 I art     : Explicit concurrent mark sweep GC freed 5(144B) AllocSpace objects, 0(0B) LOS objects, 29% free, 37MB/53MB, paused 1.266ms total 39.981ms
08-05 16:33:40.445  2290  2302 I art     : Starting a blocking GC Explicit
08-05 16:33:40.485  2290  2302 I art     : Explicit concurrent mark sweep GC freed 551(50KB) AllocSpace objects, 0(0B) LOS objects, 29% free, 37MB/53MB, paused 1.365ms total 39.988ms
08-05 16:33:40.498  2290  2302 I art     : Starting a blocking GC Explicit
08-05 16:33:40.539  2290  2302 I art     : Explicit concurrent mark sweep GC freed 1905(75KB) AllocSpace objects, 2(120KB) LOS objects, 29% free, 37MB/53MB, paused 1.229ms total 40.760ms
08-05 16:33:40.562  2290  4504 E baseline.com.newsblur.network.APIResponse: Error (unexpected end of stream on https://www.newsblur.com/...) calling https://www.newsblur.com/reader/mark_story_hashes_as_read/
08-05 16:33:40.562  2290  4504 E baseline.com.newsblur.network.APIResponse: java.io.IOException: unexpected end of stream on https://www.newsblur.com/...
08-05 16:33:40.562  2290  4504 E baseline.com.newsblur.network.APIResponse: 	at okhttp3.internal.http1.Http1ExchangeCodec.readResponseHeaders(Http1ExchangeCodec.java:236)
08-05 16:33:40.562  2290  4504 E baseline.com.newsblur.network.APIResponse: 	at okhttp3.internal.connection.Exchange.readResponseHeaders(Exchange.java:115)
08-05 16:33:40.562  2290  4504 E baseline.com.newsblur.network.APIResponse: 	at okhttp3.internal.http.CallServerInterceptor.intercept(CallServerInterceptor.java:94)
08-05 16:33:40.562  2290  4504 E baseline.com.newsblur.network.APIResponse: 	at okhttp3.internal.http.RealInterceptorChain.proceed(RealInterceptorChain.java:142)
08-05 16:33:40.562  2290  4504 E baseline.com.newsblur.network.APIResponse: 	at okhttp3.internal.connection.ConnectInterceptor.intercept(ConnectInterceptor.java:43)
08-05 16:33:40.562  2290  4504 E baseline.com.newsblur.network.APIResponse: 	at okhttp3.internal.http.RealInterceptorChain.proceed(RealInterceptorChain.java:142)
08-05 16:33:40.562  2290  4504 E baseline.com.newsblur.network.APIResponse: 	at okhttp3.internal.http.RealInterceptorChain.proceed(RealInterceptorChain.java:117)
08-05 16:33:40.562  2290  4504 E baseline.com.newsblur.network.APIResponse: 	at okhttp3.internal.cache.CacheInterceptor.intercept(CacheInterceptor.java:94)
08-05 16:33:40.562  2290  4504 E baseline.com.newsblur.network.APIResponse: 	at okhttp3.internal.http.RealInterceptorChain.proceed(RealInterceptorChain.java:142)
08-05 16:33:40.562  2290  4504 E baseline.com.newsblur.network.APIResponse: 	at okhttp3.internal.http.RealInterceptorChain.proceed(RealInterceptorChain.java:117)
08-05 16:33:40.562  2290  4504 E baseline.com.newsblur.network.APIResponse: 	at okhttp3.internal.http.BridgeInterceptor.intercept(BridgeInterceptor.java:93)
08-05 16:33:40.562  2290  4504 E baseline.com.newsblur.network.APIResponse: 	at okhttp3.internal.http.RealInterceptorChain.proceed(RealInterceptorChain.java:142)
08-05 16:33:40.562  2290  4504 E baseline.com.newsblur.network.APIResponse: 	at okhttp3.internal.http.RetryAndFollowUpInterceptor.intercept(RetryAndFollowUpInterceptor.java:88)
08-05 16:33:40.562  2290  4504 E baseline.com.newsblur.network.APIResponse: 	at okhttp3.internal.http.RealInterceptorChain.proceed(RealInterceptorChain.java:142)
08-05 16:33:40.562  2290  4504 E baseline.com.newsblur.network.APIResponse: 	at okhttp3.internal.http.RealInterceptorChain.proceed(RealInterceptorChain.java:117)
08-05 16:33:40.562  2290  4504 E baseline.com.newsblur.network.APIResponse: 	at okhttp3.RealCall.getResponseWithInterceptorChain(RealCall.java:229)
08-05 16:33:40.562  2290  4504 E baseline.com.newsblur.network.APIResponse: 	at okhttp3.RealCall.execute(RealCall.java:81)
08-05 16:33:40.562  2290  4504 E baseline.com.newsblur.network.APIResponse: 	at baseline.com.newsblur.network.APIResponse.<init>(APIResponse.java:57)
08-05 16:33:40.562  2290  4504 E baseline.com.newsblur.network.APIResponse: 	at baseline.com.newsblur.network.APIResponse.<init>(APIResponse.java:43)
08-05 16:33:40.562  2290  4504 E baseline.com.newsblur.network.APIResponse: 	at baseline.com.newsblur.network.APIManager.post_single(APIManager.java:702)
08-05 16:33:40.562  2290  4504 E baseline.com.newsblur.network.APIResponse: 	at baseline.com.newsblur.network.APIManager.post(APIManager.java:675)
08-05 16:33:40.562  2290  4504 E baseline.com.newsblur.network.APIResponse: 	at baseline.com.newsblur.network.APIManager.post(APIManager.java:714)
08-05 16:33:40.562  2290  4504 E baseline.com.newsblur.network.APIResponse: 	at baseline.com.newsblur.network.APIManager.markStoryAsRead(APIManager.java:205)
08-05 16:33:40.562  2290  4504 E baseline.com.newsblur.network.APIResponse: 	at baseline.com.newsblur.util.ReadingAction.doRemote(ReadingAction.java:281)
08-05 16:33:40.562  2290  4504 E baseline.com.newsblur.network.APIResponse: 	at baseline.com.newsblur.service.NBSyncService.syncActions(NBSyncService.java:400)
08-05 16:33:40.562  2290  4504 E baseline.com.newsblur.network.APIResponse: 	at baseline.com.newsblur.service.NBSyncService.doSync(NBSyncService.java:298)
08-05 16:33:40.562  2290  4504 E baseline.com.newsblur.network.APIResponse: 	at baseline.com.newsblur.service.NBSyncService.access$100(NBSyncService.java:67)
08-05 16:33:40.562  2290  4504 E baseline.com.newsblur.network.APIResponse: 	at baseline.com.newsblur.service.NBSyncService$1.run(NBSyncService.java:188)
08-05 16:33:40.562  2290  4504 E baseline.com.newsblur.network.APIResponse: 	at java.util.concurrent.ThreadPoolExecutor.runWorker(ThreadPoolExecutor.java:1113)
08-05 16:33:40.562  2290  4504 E baseline.com.newsblur.network.APIResponse: 	at java.util.concurrent.ThreadPoolExecutor$Worker.run(ThreadPoolExecutor.java:588)
08-05 16:33:40.562  2290  4504 E baseline.com.newsblur.network.APIResponse: 	at java.lang.Thread.run(Thread.java:818)
08-05 16:33:40.562  2290  4504 E baseline.com.newsblur.network.APIResponse: Caused by: java.io.EOFException: \n not found: limit=0 content=
08-05 16:33:40.562  2290  4504 E baseline.com.newsblur.network.APIResponse: 	at okio.RealBufferedSource.readUtf8LineStrict(RealBufferedSource.java:240)
08-05 16:33:40.562  2290  4504 E baseline.com.newsblur.network.APIResponse: 	at okhttp3.internal.http1.Http1ExchangeCodec.readHeaderLine(Http1ExchangeCodec.java:242)
08-05 16:33:40.562  2290  4504 E baseline.com.newsblur.network.APIResponse: 	at okhttp3.internal.http1.Http1ExchangeCodec.readResponseHeaders(Http1ExchangeCodec.java:213)
08-05 16:33:40.562  2290  4504 E baseline.com.newsblur.network.APIResponse: 	... 30 more
08-05 16:33:40.563  2290  4504 I baseline.com.newsblur.network.APIManager: API call failed, pausing before retry number 1
08-05 16:33:40.675   918  3188 I hubconnection: sensorhub said: 'set_bias 3: -6.2400, 0.0000, 0.0000'
08-05 16:33:40.889  2290  3568 I art     : Starting a blocking GC Explicit
08-05 16:33:40.932  2290  3568 I art     : Explicit concurrent mark sweep GC freed 3163(404KB) AllocSpace objects, 4(140KB) LOS objects, 29% free, 37MB/53MB, paused 1.231ms total 42.965ms
08-05 16:33:40.945  2290  3568 I art     : Starting a blocking GC Explicit
08-05 16:33:40.986  2290  3568 I art     : Explicit concurrent mark sweep GC freed 76(4KB) AllocSpace objects, 0(0B) LOS objects, 29% free, 37MB/53MB, paused 1.279ms total 40.038ms
08-05 16:33:40.999  2290  3568 I art     : Starting a blocking GC Explicit
08-05 16:33:41.039  2290  3568 I art     : Explicit concurrent mark sweep GC freed 9(288B) AllocSpace objects, 0(0B) LOS objects, 29% free, 37MB/53MB, paused 1.595ms total 39.535ms
08-05 16:33:41.039  2290  4188 E chromium: [ERROR:tile_manager.cc(793)] WARNING: tile memory limits exceeded, some content may not draw
08-05 16:33:41.040  2290  4188 E chromium: [ERROR:tile_manager.cc(793)] WARNING: tile memory limits exceeded, some content may not draw
08-05 16:33:41.052  2290  3568 I art     : Starting a blocking GC Explicit
08-05 16:33:41.067  2290  4188 E chromium: [ERROR:tile_manager.cc(793)] WARNING: tile memory limits exceeded, some content may not draw
08-05 16:33:41.068  2290  4188 E chromium: [ERROR:tile_manager.cc(793)] WARNING: tile memory limits exceeded, some content may not draw
08-05 16:33:41.084  2290  4188 E chromium: [ERROR:tile_manager.cc(793)] WARNING: tile memory limits exceeded, some content may not draw
08-05 16:33:41.084  2290  4188 E chromium: [ERROR:tile_manager.cc(793)] WARNING: tile memory limits exceeded, some content may not draw
08-05 16:33:41.092  2290  3568 I art     : Explicit concurrent mark sweep GC freed 49(1584B) AllocSpace objects, 0(0B) LOS objects, 29% free, 37MB/53MB, paused 1.181ms total 40.155ms
08-05 16:33:41.105  2290  3568 I art     : Starting a blocking GC Explicit
08-05 16:33:41.141  2290  3568 I art     : Explicit concurrent mark sweep GC freed 20(640B) AllocSpace objects, 0(0B) LOS objects, 29% free, 37MB/53MB, paused 1.131ms total 36.227ms
08-05 16:33:41.507  2290  3568 I art     : Starting a blocking GC Explicit
08-05 16:33:41.554  2290  3568 I art     : Explicit concurrent mark sweep GC freed 1489(84KB) AllocSpace objects, 1(20KB) LOS objects, 29% free, 37MB/53MB, paused 3.100ms total 46.368ms
08-05 16:33:41.568  2290  3568 I art     : Starting a blocking GC Explicit
08-05 16:33:41.609  2290  3568 I art     : Explicit concurrent mark sweep GC freed 22(784B) AllocSpace objects, 0(0B) LOS objects, 29% free, 37MB/53MB, paused 1.244ms total 41.185ms
08-05 16:33:41.622  2290  3568 I art     : Starting a blocking GC Explicit
08-05 16:33:41.663  2290  3568 I art     : Explicit concurrent mark sweep GC freed 3(96B) AllocSpace objects, 0(0B) LOS objects, 29% free, 37MB/53MB, paused 1.304ms total 40.421ms
08-05 16:33:41.676  2290  3568 I art     : Starting a blocking GC Explicit
08-05 16:33:41.717  2290  3568 I art     : Explicit concurrent mark sweep GC freed 3(96B) AllocSpace objects, 0(0B) LOS objects, 29% free, 37MB/53MB, paused 1.155ms total 40.940ms
08-05 16:33:41.729  2290  3568 I art     : Starting a blocking GC Explicit
08-05 16:33:41.771  2290  3568 I art     : Explicit concurrent mark sweep GC freed 3(96B) AllocSpace objects, 0(0B) LOS objects, 29% free, 37MB/53MB, paused 1.211ms total 41.404ms
08-05 16:33:42.151  2290  2302 I art     : Starting a blocking GC Explicit
08-05 16:33:42.195  2290  2302 I art     : Explicit concurrent mark sweep GC freed 1605(91KB) AllocSpace objects, 1(20KB) LOS objects, 29% free, 37MB/53MB, paused 1.256ms total 43.762ms
08-05 16:33:42.210  2290  2302 I art     : Starting a blocking GC Explicit
08-05 16:33:42.250  2290  2302 I art     : Explicit concurrent mark sweep GC freed 28(1040B) AllocSpace objects, 0(0B) LOS objects, 29% free, 37MB/53MB, paused 1.173ms total 40.433ms
08-05 16:33:42.263  2290  2302 I art     : Starting a blocking GC Explicit
08-05 16:33:42.305  2290  2302 I art     : Explicit concurrent mark sweep GC freed 3(96B) AllocSpace objects, 0(0B) LOS objects, 29% free, 37MB/53MB, paused 1.215ms total 41.755ms
08-05 16:33:42.319  2290  2302 I art     : Starting a blocking GC Explicit
08-05 16:33:42.360  2290  2302 I art     : Explicit concurrent mark sweep GC freed 3(96B) AllocSpace objects, 0(0B) LOS objects, 29% free, 37MB/53MB, paused 1.228ms total 40.538ms
08-05 16:33:42.373  2290  2302 I art     : Starting a blocking GC Explicit
08-05 16:33:42.414  2290  2302 I art     : Explicit concurrent mark sweep GC freed 3(96B) AllocSpace objects, 0(0B) LOS objects, 29% free, 37MB/53MB, paused 1.279ms total 41.006ms
08-05 16:33:42.593  2290  4504 E baseline.com.newsblur.network.APIResponse: Error (unexpected end of stream on https://www.newsblur.com/...) calling https://www.newsblur.com/reader/mark_story_hashes_as_read/
08-05 16:33:42.593  2290  4504 E baseline.com.newsblur.network.APIResponse: java.io.IOException: unexpected end of stream on https://www.newsblur.com/...
08-05 16:33:42.593  2290  4504 E baseline.com.newsblur.network.APIResponse: 	at okhttp3.internal.http1.Http1ExchangeCodec.readResponseHeaders(Http1ExchangeCodec.java:236)
08-05 16:33:42.593  2290  4504 E baseline.com.newsblur.network.APIResponse: 	at okhttp3.internal.connection.Exchange.readResponseHeaders(Exchange.java:115)
08-05 16:33:42.593  2290  4504 E baseline.com.newsblur.network.APIResponse: 	at okhttp3.internal.http.CallServerInterceptor.intercept(CallServerInterceptor.java:94)
08-05 16:33:42.593  2290  4504 E baseline.com.newsblur.network.APIResponse: 	at okhttp3.internal.http.RealInterceptorChain.proceed(RealInterceptorChain.java:142)
08-05 16:33:42.593  2290  4504 E baseline.com.newsblur.network.APIResponse: 	at okhttp3.internal.connection.ConnectInterceptor.intercept(ConnectInterceptor.java:43)
08-05 16:33:42.593  2290  4504 E baseline.com.newsblur.network.APIResponse: 	at okhttp3.internal.http.RealInterceptorChain.proceed(RealInterceptorChain.java:142)
08-05 16:33:42.593  2290  4504 E baseline.com.newsblur.network.APIResponse: 	at okhttp3.internal.http.RealInterceptorChain.proceed(RealInterceptorChain.java:117)
08-05 16:33:42.593  2290  4504 E baseline.com.newsblur.network.APIResponse: 	at okhttp3.internal.cache.CacheInterceptor.intercept(CacheInterceptor.java:94)
08-05 16:33:42.593  2290  4504 E baseline.com.newsblur.network.APIResponse: 	at okhttp3.internal.http.RealInterceptorChain.proceed(RealInterceptorChain.java:142)
08-05 16:33:42.593  2290  4504 E baseline.com.newsblur.network.APIResponse: 	at okhttp3.internal.http.RealInterceptorChain.proceed(RealInterceptorChain.java:117)
08-05 16:33:42.593  2290  4504 E baseline.com.newsblur.network.APIResponse: 	at okhttp3.internal.http.BridgeInterceptor.intercept(BridgeInterceptor.java:93)
08-05 16:33:42.593  2290  4504 E baseline.com.newsblur.network.APIResponse: 	at okhttp3.internal.http.RealInterceptorChain.proceed(RealInterceptorChain.java:142)
08-05 16:33:42.593  2290  4504 E baseline.com.newsblur.network.APIResponse: 	at okhttp3.internal.http.RetryAndFollowUpInterceptor.intercept(RetryAndFollowUpInterceptor.java:88)
08-05 16:33:42.593  2290  4504 E baseline.com.newsblur.network.APIResponse: 	at okhttp3.internal.http.RealInterceptorChain.proceed(RealInterceptorChain.java:142)
08-05 16:33:42.593  2290  4504 E baseline.com.newsblur.network.APIResponse: 	at okhttp3.internal.http.RealInterceptorChain.proceed(RealInterceptorChain.java:117)
08-05 16:33:42.593  2290  4504 E baseline.com.newsblur.network.APIResponse: 	at okhttp3.RealCall.getResponseWithInterceptorChain(RealCall.java:229)
08-05 16:33:42.593  2290  4504 E baseline.com.newsblur.network.APIResponse: 	at okhttp3.RealCall.execute(RealCall.java:81)
08-05 16:33:42.593  2290  4504 E baseline.com.newsblur.network.APIResponse: 	at baseline.com.newsblur.network.APIResponse.<init>(APIResponse.java:57)
08-05 16:33:42.593  2290  4504 E baseline.com.newsblur.network.APIResponse: 	at baseline.com.newsblur.network.APIResponse.<init>(APIResponse.java:43)
08-05 16:33:42.593  2290  4504 E baseline.com.newsblur.network.APIResponse: 	at baseline.com.newsblur.network.APIManager.post_single(APIManager.java:702)
08-05 16:33:42.593  2290  4504 E baseline.com.newsblur.network.APIResponse: 	at baseline.com.newsblur.network.APIManager.post(APIManager.java:675)
08-05 16:33:42.593  2290  4504 E baseline.com.newsblur.network.APIResponse: 	at baseline.com.newsblur.network.APIManager.post(APIManager.java:714)
08-05 16:33:42.593  2290  4504 E baseline.com.newsblur.network.APIResponse: 	at baseline.com.newsblur.network.APIManager.markStoryAsRead(APIManager.java:205)
08-05 16:33:42.593  2290  4504 E baseline.com.newsblur.network.APIResponse: 	at baseline.com.newsblur.util.ReadingAction.doRemote(ReadingAction.java:281)
08-05 16:33:42.593  2290  4504 E baseline.com.newsblur.network.APIResponse: 	at baseline.com.newsblur.service.NBSyncService.syncActions(NBSyncService.java:400)
08-05 16:33:42.593  2290  4504 E baseline.com.newsblur.network.APIResponse: 	at baseline.com.newsblur.service.NBSyncService.doSync(NBSyncService.java:298)
08-05 16:33:42.593  2290  4504 E baseline.com.newsblur.network.APIResponse: 	at baseline.com.newsblur.service.NBSyncService.access$100(NBSyncService.java:67)
08-05 16:33:42.593  2290  4504 E baseline.com.newsblur.network.APIResponse: 	at baseline.com.newsblur.service.NBSyncService$1.run(NBSyncService.java:188)
08-05 16:33:42.593  2290  4504 E baseline.com.newsblur.network.APIResponse: 	at java.util.concurrent.ThreadPoolExecutor.runWorker(ThreadPoolExecutor.java:1113)
08-05 16:33:42.593  2290  4504 E baseline.com.newsblur.network.APIResponse: 	at java.util.concurrent.ThreadPoolExecutor$Worker.run(ThreadPoolExecutor.java:588)
08-05 16:33:42.593  2290  4504 E baseline.com.newsblur.network.APIResponse: 	at java.lang.Thread.run(Thread.java:818)
08-05 16:33:42.593  2290  4504 E baseline.com.newsblur.network.APIResponse: Caused by: java.io.EOFException: \n not found: limit=0 content=
08-05 16:33:42.593  2290  4504 E baseline.com.newsblur.network.APIResponse: 	at okio.RealBufferedSource.readUtf8LineStrict(RealBufferedSource.java:240)
08-05 16:33:42.593  2290  4504 E baseline.com.newsblur.network.APIResponse: 	at okhttp3.internal.http1.Http1ExchangeCodec.readHeaderLine(Http1ExchangeCodec.java:242)
08-05 16:33:42.593  2290  4504 E baseline.com.newsblur.network.APIResponse: 	at okhttp3.internal.http1.Http1ExchangeCodec.readResponseHeaders(Http1ExchangeCodec.java:213)
08-05 16:33:42.593  2290  4504 E baseline.com.newsblur.network.APIResponse: 	... 30 more
08-05 16:33:42.594  2290  4504 I baseline.com.newsblur.network.APIManager: API call failed, pausing before retry number 2
08-05 16:33:42.763  2290  2305 I art     : Starting a blocking GC Explicit
08-05 16:33:42.809  2290  2305 I art     : Explicit concurrent mark sweep GC freed 3948(357KB) AllocSpace objects, 3(60KB) LOS objects, 29% free, 37MB/53MB, paused 1.269ms total 44.790ms
08-05 16:33:42.822  2290  2305 I art     : Starting a blocking GC Explicit
08-05 16:33:42.863  2290  2305 I art     : Explicit concurrent mark sweep GC freed 109(3KB) AllocSpace objects, 0(0B) LOS objects, 29% free, 37MB/53MB, paused 1.304ms total 41.093ms
08-05 16:33:42.876  2290  2305 I art     : Starting a blocking GC Explicit
08-05 16:33:42.917  2290  2305 I art     : Explicit concurrent mark sweep GC freed 3(96B) AllocSpace objects, 0(0B) LOS objects, 29% free, 37MB/53MB, paused 1.249ms total 40.521ms
08-05 16:33:42.930  2290  2305 I art     : Starting a blocking GC Explicit
08-05 16:33:42.971  2290  2305 I art     : Explicit concurrent mark sweep GC freed 3(96B) AllocSpace objects, 0(0B) LOS objects, 29% free, 37MB/53MB, paused 1.246ms total 40.934ms
08-05 16:33:42.984  2290  2305 I art     : Starting a blocking GC Explicit
08-05 16:33:43.025  2290  2305 I art     : Explicit concurrent mark sweep GC freed 3(96B) AllocSpace objects, 0(0B) LOS objects, 29% free, 37MB/53MB, paused 1.175ms total 41.229ms
08-05 16:33:43.390  2290  2305 I art     : Starting a blocking GC Explicit
08-05 16:33:43.435  2290  2305 I art     : Explicit concurrent mark sweep GC freed 1440(83KB) AllocSpace objects, 1(20KB) LOS objects, 29% free, 37MB/53MB, paused 1.314ms total 43.980ms
08-05 16:33:43.449  2290  2305 I art     : Starting a blocking GC Explicit
08-05 16:33:43.491  2290  2305 I art     : Explicit concurrent mark sweep GC freed 22(784B) AllocSpace objects, 0(0B) LOS objects, 29% free, 37MB/53MB, paused 1.190ms total 41.176ms
08-05 16:33:43.504  2290  2305 I art     : Starting a blocking GC Explicit
08-05 16:33:43.545  2290  2305 I art     : Explicit concurrent mark sweep GC freed 3(96B) AllocSpace objects, 0(0B) LOS objects, 29% free, 37MB/53MB, paused 1.179ms total 40.867ms
08-05 16:33:43.559  2290  2305 I art     : Starting a blocking GC Explicit
08-05 16:33:43.600  2290  2305 I art     : Explicit concurrent mark sweep GC freed 3(96B) AllocSpace objects, 0(0B) LOS objects, 29% free, 37MB/53MB, paused 1.387ms total 40.849ms
08-05 16:33:43.612  2290  2305 I art     : Starting a blocking GC Explicit
08-05 16:33:43.655  2290  2305 I art     : Explicit concurrent mark sweep GC freed 3(96B) AllocSpace objects, 0(0B) LOS objects, 29% free, 37MB/53MB, paused 2.374ms total 42.616ms
08-05 16:33:43.988  2290  2305 I art     : Starting a blocking GC Explicit
08-05 16:33:44.033  2290  2305 I art     : Explicit concurrent mark sweep GC freed 1440(83KB) AllocSpace objects, 1(20KB) LOS objects, 29% free, 37MB/53MB, paused 1.385ms total 44.486ms
08-05 16:33:44.046  2290  2305 I art     : Starting a blocking GC Explicit
08-05 16:33:44.085  2290  2305 I art     : Explicit concurrent mark sweep GC freed 22(784B) AllocSpace objects, 0(0B) LOS objects, 29% free, 37MB/53MB, paused 1.174ms total 38.259ms
08-05 16:33:44.097  2290  2305 I art     : Starting a blocking GC Explicit
08-05 16:33:44.138  2290  2305 I art     : Explicit concurrent mark sweep GC freed 3(96B) AllocSpace objects, 0(0B) LOS objects, 29% free, 37MB/53MB, paused 1.269ms total 40.809ms
08-05 16:33:44.151  2290  2305 I art     : Starting a blocking GC Explicit
08-05 16:33:44.193  2290  2305 I art     : Explicit concurrent mark sweep GC freed 3(96B) AllocSpace objects, 0(0B) LOS objects, 29% free, 37MB/53MB, paused 1.388ms total 41.392ms
08-05 16:33:44.206  2290  2305 I art     : Starting a blocking GC Explicit
08-05 16:33:44.236  4567  4567 D AndroidRuntime: >>>>>> START com.android.internal.os.RuntimeInit uid 2000 <<<<<<
08-05 16:33:44.241  4567  4567 D AndroidRuntime: CheckJNI is OFF
08-05 16:33:44.247  2290  2305 I art     : Explicit concurrent mark sweep GC freed 3(96B) AllocSpace objects, 0(0B) LOS objects, 29% free, 37MB/53MB, paused 1.374ms total 40.891ms
08-05 16:33:44.284  4567  4567 D ICU     : No timezone override file found: /data/misc/zoneinfo/current/icu/icu_tzdata.dat
08-05 16:33:44.326  4567  4567 I Radio-JNI: register_android_hardware_Radio DONE
08-05 16:33:44.355  4567  4567 D AndroidRuntime: Calling main entry com.android.commands.input.Input
08-05 16:33:44.357  4567  4567 I Input   : injectKeyEvent: KeyEvent { action=ACTION_DOWN, keyCode=KEYCODE_BACK, scanCode=0, metaState=0, flags=0x0, repeatCount=0, eventTime=808440770, downTime=808440770, deviceId=-1, source=0x101 }
08-05 16:33:44.365  4567  4567 I Input   : injectKeyEvent: KeyEvent { action=ACTION_UP, keyCode=KEYCODE_BACK, scanCode=0, metaState=0, flags=0x0, repeatCount=0, eventTime=808440770, downTime=808440770, deviceId=-1, source=0x101 }
08-05 16:33:44.371  4567  4567 D AndroidRuntime: Shutting down VM
08-05 16:33:44.534 13866 13866 I GoogleInputMethodServic: GoogleInputMethodService.onFinishInput():3138 
08-05 16:33:44.537 13866 13866 I GoogleInputMethodServic: GoogleInputMethodService.onStartInput():1808 
08-05 16:33:44.574  2290  3568 I art     : Starting a blocking GC Explicit
08-05 16:33:44.618  2290  3568 I art     : Explicit concurrent mark sweep GC freed 3416(273KB) AllocSpace objects, 6(120KB) LOS objects, 29% free, 37MB/53MB, paused 1.300ms total 44.145ms
08-05 16:33:44.631  2290  3568 I art     : Starting a blocking GC Explicit
08-05 16:33:44.669  2290  3568 I art     : Explicit concurrent mark sweep GC freed 231(10KB) AllocSpace objects, 0(0B) LOS objects, 29% free, 37MB/53MB, paused 1.170ms total 37.197ms
08-05 16:33:44.681  2290  3568 I art     : Starting a blocking GC Explicit
08-05 16:33:44.721  2290  3568 I art     : Explicit concurrent mark sweep GC freed 3(96B) AllocSpace objects, 1(28KB) LOS objects, 29% free, 37MB/53MB, paused 1.191ms total 39.132ms
08-05 16:33:44.733  2290  3568 I art     : Starting a blocking GC Explicit
08-05 16:33:44.772  2290  3568 I art     : Explicit concurrent mark sweep GC freed 3(96B) AllocSpace objects, 0(0B) LOS objects, 29% free, 37MB/53MB, paused 1.249ms total 38.037ms
08-05 16:33:44.784  2290  3568 I art     : Starting a blocking GC Explicit
08-05 16:33:44.828  2290  3568 I art     : Explicit concurrent mark sweep GC freed 3(96B) AllocSpace objects, 0(0B) LOS objects, 29% free, 37MB/53MB, paused 1.345ms total 43.322ms
08-05 16:33:45.176  2290  2305 I art     : Starting a blocking GC Explicit
08-05 16:33:45.227  2290  2305 I art     : Explicit concurrent mark sweep GC freed 3150(163KB) AllocSpace objects, 1(20KB) LOS objects, 29% free, 37MB/53MB, paused 1.426ms total 50.120ms
08-05 16:33:45.241  2290  2305 I art     : Starting a blocking GC Explicit
08-05 16:33:45.288  2290  2305 I art     : Explicit concurrent mark sweep GC freed 156(7KB) AllocSpace objects, 0(0B) LOS objects, 29% free, 37MB/53MB, paused 1.462ms total 46.421ms
08-05 16:33:45.302  2290  2305 I art     : Starting a blocking GC Explicit
08-05 16:33:45.346  2290  2305 I art     : Explicit concurrent mark sweep GC freed 11(352B) AllocSpace objects, 0(0B) LOS objects, 29% free, 37MB/53MB, paused 1.346ms total 43.777ms
08-05 16:33:45.359  2290  2305 I art     : Starting a blocking GC Explicit
08-05 16:33:45.401  2290  2305 I art     : Explicit concurrent mark sweep GC freed 8(256B) AllocSpace objects, 0(0B) LOS objects, 29% free, 37MB/53MB, paused 1.247ms total 42.619ms
08-05 16:33:45.415  2290  2305 I art     : Starting a blocking GC Explicit
08-05 16:33:45.459  2290  2305 I art     : Explicit concurrent mark sweep GC freed 11(352B) AllocSpace objects, 0(0B) LOS objects, 29% free, 37MB/53MB, paused 1.366ms total 43.632ms
08-05 16:33:45.792  2290  2305 I art     : Starting a blocking GC Explicit
08-05 16:33:45.831  2290  2305 I art     : Explicit concurrent mark sweep GC freed 1647(92KB) AllocSpace objects, 1(20KB) LOS objects, 29% free, 37MB/53MB, paused 1.298ms total 38.962ms
08-05 16:33:45.843  2290  2305 I art     : Starting a blocking GC Explicit
08-05 16:33:45.881  2290  2305 I art     : Explicit concurrent mark sweep GC freed 48(1680B) AllocSpace objects, 0(0B) LOS objects, 29% free, 37MB/53MB, paused 1.247ms total 37.821ms
08-05 16:33:45.893  2290  2305 I art     : Starting a blocking GC Explicit
08-05 16:33:45.932  2290  2305 I art     : Explicit concurrent mark sweep GC freed 9(288B) AllocSpace objects, 0(0B) LOS objects, 29% free, 37MB/53MB, paused 1.280ms total 38.437ms
08-05 16:33:45.944  2290  2305 I art     : Starting a blocking GC Explicit
08-05 16:33:45.986  2290  2305 I art     : Explicit concurrent mark sweep GC freed 8(256B) AllocSpace objects, 0(0B) LOS objects, 29% free, 37MB/53MB, paused 1.367ms total 40.795ms
08-05 16:33:45.999  2290  2305 I art     : Starting a blocking GC Explicit
08-05 16:33:46.041  2290  2305 I art     : Explicit concurrent mark sweep GC freed 3(96B) AllocSpace objects, 0(0B) LOS objects, 29% free, 37MB/53MB, paused 1.395ms total 42.028ms
08-05 16:33:46.150  4614  4614 D AndroidRuntime: >>>>>> START com.android.internal.os.RuntimeInit uid 2000 <<<<<<
08-05 16:33:46.156  4614  4614 D AndroidRuntime: CheckJNI is OFF
08-05 16:33:46.190  2290  4504 E baseline.com.newsblur.network.APIResponse: Error (unexpected end of stream on https://www.newsblur.com/...) calling https://www.newsblur.com/reader/mark_story_hashes_as_read/
08-05 16:33:46.190  2290  4504 E baseline.com.newsblur.network.APIResponse: java.io.IOException: unexpected end of stream on https://www.newsblur.com/...
08-05 16:33:46.190  2290  4504 E baseline.com.newsblur.network.APIResponse: 	at okhttp3.internal.http1.Http1ExchangeCodec.readResponseHeaders(Http1ExchangeCodec.java:236)
08-05 16:33:46.190  2290  4504 E baseline.com.newsblur.network.APIResponse: 	at okhttp3.internal.connection.Exchange.readResponseHeaders(Exchange.java:115)
08-05 16:33:46.190  2290  4504 E baseline.com.newsblur.network.APIResponse: 	at okhttp3.internal.http.CallServerInterceptor.intercept(CallServerInterceptor.java:94)
08-05 16:33:46.190  2290  4504 E baseline.com.newsblur.network.APIResponse: 	at okhttp3.internal.http.RealInterceptorChain.proceed(RealInterceptorChain.java:142)
08-05 16:33:46.190  2290  4504 E baseline.com.newsblur.network.APIResponse: 	at okhttp3.internal.connection.ConnectInterceptor.intercept(ConnectInterceptor.java:43)
08-05 16:33:46.190  2290  4504 E baseline.com.newsblur.network.APIResponse: 	at okhttp3.internal.http.RealInterceptorChain.proceed(RealInterceptorChain.java:142)
08-05 16:33:46.190  2290  4504 E baseline.com.newsblur.network.APIResponse: 	at okhttp3.internal.http.RealInterceptorChain.proceed(RealInterceptorChain.java:117)
08-05 16:33:46.190  2290  4504 E baseline.com.newsblur.network.APIResponse: 	at okhttp3.internal.cache.CacheInterceptor.intercept(CacheInterceptor.java:94)
08-05 16:33:46.190  2290  4504 E baseline.com.newsblur.network.APIResponse: 	at okhttp3.internal.http.RealInterceptorChain.proceed(RealInterceptorChain.java:142)
08-05 16:33:46.190  2290  4504 E baseline.com.newsblur.network.APIResponse: 	at okhttp3.internal.http.RealInterceptorChain.proceed(RealInterceptorChain.java:117)
08-05 16:33:46.190  2290  4504 E baseline.com.newsblur.network.APIResponse: 	at okhttp3.internal.http.BridgeInterceptor.intercept(BridgeInterceptor.java:93)
08-05 16:33:46.190  2290  4504 E baseline.com.newsblur.network.APIResponse: 	at okhttp3.internal.http.RealInterceptorChain.proceed(RealInterceptorChain.java:142)
08-05 16:33:46.190  2290  4504 E baseline.com.newsblur.network.APIResponse: 	at okhttp3.internal.http.RetryAndFollowUpInterceptor.intercept(RetryAndFollowUpInterceptor.java:88)
08-05 16:33:46.190  2290  4504 E baseline.com.newsblur.network.APIResponse: 	at okhttp3.internal.http.RealInterceptorChain.proceed(RealInterceptorChain.java:142)
08-05 16:33:46.190  2290  4504 E baseline.com.newsblur.network.APIResponse: 	at okhttp3.internal.http.RealInterceptorChain.proceed(RealInterceptorChain.java:117)
08-05 16:33:46.190  2290  4504 E baseline.com.newsblur.network.APIResponse: 	at okhttp3.RealCall.getResponseWithInterceptorChain(RealCall.java:229)
08-05 16:33:46.190  2290  4504 E baseline.com.newsblur.network.APIResponse: 	at okhttp3.RealCall.execute(RealCall.java:81)
08-05 16:33:46.190  2290  4504 E baseline.com.newsblur.network.APIResponse: 	at baseline.com.newsblur.network.APIResponse.<init>(APIResponse.java:57)
08-05 16:33:46.190  2290  4504 E baseline.com.newsblur.network.APIResponse: 	at baseline.com.newsblur.network.APIResponse.<init>(APIResponse.java:43)
08-05 16:33:46.190  2290  4504 E baseline.com.newsblur.network.APIResponse: 	at baseline.com.newsblur.network.APIManager.post_single(APIManager.java:702)
08-05 16:33:46.190  2290  4504 E baseline.com.newsblur.network.APIResponse: 	at baseline.com.newsblur.network.APIManager.post(APIManager.java:675)
08-05 16:33:46.190  2290  4504 E baseline.com.newsblur.network.APIResponse: 	at baseline.com.newsblur.network.APIManager.post(APIManager.java:714)
08-05 16:33:46.190  2290  4504 E baseline.com.newsblur.network.APIResponse: 	at baseline.com.newsblur.network.APIManager.markStoryAsRead(APIManager.java:205)
08-05 16:33:46.190  2290  4504 E baseline.com.newsblur.network.APIResponse: 	at baseline.com.newsblur.util.ReadingAction.doRemote(ReadingAction.java:281)
08-05 16:33:46.190  2290  4504 E baseline.com.newsblur.network.APIResponse: 	at baseline.com.newsblur.service.NBSyncService.syncActions(NBSyncService.java:400)
08-05 16:33:46.190  2290  4504 E baseline.com.newsblur.network.APIResponse: 	at baseline.com.newsblur.service.NBSyncService.doSync(NBSyncService.java:298)
08-05 16:33:46.190  2290  4504 E baseline.com.newsblur.network.APIResponse: 	at baseline.com.newsblur.service.NBSyncService.access$100(NBSyncService.java:67)
08-05 16:33:46.190  2290  4504 E baseline.com.newsblur.network.APIResponse: 	at baseline.com.newsblur.service.NBSyncService$1.run(NBSyncService.java:188)
08-05 16:33:46.190  2290  4504 E baseline.com.newsblur.network.APIResponse: 	at java.util.concurrent.ThreadPoolExecutor.runWorker(ThreadPoolExecutor.java:1113)
08-05 16:33:46.190  2290  4504 E baseline.com.newsblur.network.APIResponse: 	at java.util.concurrent.ThreadPoolExecutor$Worker.run(ThreadPoolExecutor.java:588)
08-05 16:33:46.190  2290  4504 E baseline.com.newsblur.network.APIResponse: 	at java.lang.Thread.run(Thread.java:818)
08-05 16:33:46.190  2290  4504 E baseline.com.newsblur.network.APIResponse: Caused by: java.io.EOFException: \n not found: limit=0 content=
08-05 16:33:46.190  2290  4504 E baseline.com.newsblur.network.APIResponse: 	at okio.RealBufferedSource.readUtf8LineStrict(RealBufferedSource.java:240)
08-05 16:33:46.190  2290  4504 E baseline.com.newsblur.network.APIResponse: 	at okhttp3.internal.http1.Http1ExchangeCodec.readHeaderLine(Http1ExchangeCodec.java:242)
08-05 16:33:46.190  2290  4504 E baseline.com.newsblur.network.APIResponse: 	at okhttp3.internal.http1.Http1ExchangeCodec.readResponseHeaders(Http1ExchangeCodec.java:213)
08-05 16:33:46.190  2290  4504 E baseline.com.newsblur.network.APIResponse: 	... 30 more
08-05 16:33:46.191  2290  4504 I baseline.com.newsblur.service.NBSyncService: Holding reading action with server-side or network error.
08-05 16:33:46.198  4614  4614 D ICU     : No timezone override file found: /data/misc/zoneinfo/current/icu/icu_tzdata.dat
08-05 16:33:46.203  2290  4504 W baseline.com.newsblur.service.NBSyncService: hard API failure
08-05 16:33:46.239  4614  4614 I Radio-JNI: register_android_hardware_Radio DONE
08-05 16:33:46.265  4614  4614 D AndroidRuntime: Calling main entry com.android.commands.input.Input
08-05 16:33:46.267  4614  4614 I Input   : injectKeyEvent: KeyEvent { action=ACTION_DOWN, keyCode=KEYCODE_BACK, scanCode=0, metaState=0, flags=0x0, repeatCount=0, eventTime=808442680, downTime=808442680, deviceId=-1, source=0x101 }
08-05 16:33:46.273  4614  4614 I Input   : injectKeyEvent: KeyEvent { action=ACTION_UP, keyCode=KEYCODE_BACK, scanCode=0, metaState=0, flags=0x0, repeatCount=0, eventTime=808442680, downTime=808442680, deviceId=-1, source=0x101 }
08-05 16:33:46.279  4614  4614 D AndroidRuntime: Shutting down VM
08-05 16:33:46.395  2290  2305 I art     : Starting a blocking GC Explicit
08-05 16:33:46.440  2290  2305 I art     : Explicit concurrent mark sweep GC freed 6797(619KB) AllocSpace objects, 13(260KB) LOS objects, 29% free, 37MB/53MB, paused 1.329ms total 44.903ms
08-05 16:33:46.453  2290  2305 I art     : Starting a blocking GC Explicit
08-05 16:33:46.460 13866 13866 I GoogleInputMethodServic: GoogleInputMethodService.onFinishInput():3138 
08-05 16:33:46.461 13866 13866 I GoogleInputMethodServic: GoogleInputMethodService.onStartInput():1808 
08-05 16:33:46.495  2290  2305 I art     : Explicit concurrent mark sweep GC freed 5907(365KB) AllocSpace objects, 4(80KB) LOS objects, 29% free, 37MB/53MB, paused 1.634ms total 42.319ms
08-05 16:33:46.509  2290  2305 I art     : Starting a blocking GC Explicit
08-05 16:33:46.547  2290  2305 I art     : Explicit concurrent mark sweep GC freed 200(11KB) AllocSpace objects, 0(0B) LOS objects, 29% free, 37MB/53MB, paused 1.185ms total 37.276ms
08-05 16:33:46.559  2290  2305 I art     : Starting a blocking GC Explicit
08-05 16:33:46.596  2290  2305 I art     : Explicit concurrent mark sweep GC freed 3(96B) AllocSpace objects, 0(0B) LOS objects, 29% free, 37MB/53MB, paused 1.162ms total 36.620ms
08-05 16:33:46.608  2290  2305 I art     : Starting a blocking GC Explicit
08-05 16:33:46.652  2290  2305 I art     : Explicit concurrent mark sweep GC freed 1689(65KB) AllocSpace objects, 0(0B) LOS objects, 29% free, 37MB/53MB, paused 1.376ms total 43.758ms
08-05 16:33:46.680  2290  4504 E baseline.com.newsblur.network.APIResponse: Error (unexpected end of stream on https://www.newsblur.com/...) calling https://www.newsblur.com/reader/mark_story_hashes_as_read/
08-05 16:33:46.680  2290  4504 E baseline.com.newsblur.network.APIResponse: java.io.IOException: unexpected end of stream on https://www.newsblur.com/...
08-05 16:33:46.680  2290  4504 E baseline.com.newsblur.network.APIResponse: 	at okhttp3.internal.http1.Http1ExchangeCodec.readResponseHeaders(Http1ExchangeCodec.java:236)
08-05 16:33:46.680  2290  4504 E baseline.com.newsblur.network.APIResponse: 	at okhttp3.internal.connection.Exchange.readResponseHeaders(Exchange.java:115)
08-05 16:33:46.680  2290  4504 E baseline.com.newsblur.network.APIResponse: 	at okhttp3.internal.http.CallServerInterceptor.intercept(CallServerInterceptor.java:94)
08-05 16:33:46.680  2290  4504 E baseline.com.newsblur.network.APIResponse: 	at okhttp3.internal.http.RealInterceptorChain.proceed(RealInterceptorChain.java:142)
08-05 16:33:46.680  2290  4504 E baseline.com.newsblur.network.APIResponse: 	at okhttp3.internal.connection.ConnectInterceptor.intercept(ConnectInterceptor.java:43)
08-05 16:33:46.680  2290  4504 E baseline.com.newsblur.network.APIResponse: 	at okhttp3.internal.http.RealInterceptorChain.proceed(RealInterceptorChain.java:142)
08-05 16:33:46.680  2290  4504 E baseline.com.newsblur.network.APIResponse: 	at okhttp3.internal.http.RealInterceptorChain.proceed(RealInterceptorChain.java:117)
08-05 16:33:46.680  2290  4504 E baseline.com.newsblur.network.APIResponse: 	at okhttp3.internal.cache.CacheInterceptor.intercept(CacheInterceptor.java:94)
08-05 16:33:46.680  2290  4504 E baseline.com.newsblur.network.APIResponse: 	at okhttp3.internal.http.RealInterceptorChain.proceed(RealInterceptorChain.java:142)
08-05 16:33:46.680  2290  4504 E baseline.com.newsblur.network.APIResponse: 	at okhttp3.internal.http.RealInterceptorChain.proceed(RealInterceptorChain.java:117)
08-05 16:33:46.680  2290  4504 E baseline.com.newsblur.network.APIResponse: 	at okhttp3.internal.http.BridgeInterceptor.intercept(BridgeInterceptor.java:93)
08-05 16:33:46.680  2290  4504 E baseline.com.newsblur.network.APIResponse: 	at okhttp3.internal.http.RealInterceptorChain.proceed(RealInterceptorChain.java:142)
08-05 16:33:46.680  2290  4504 E baseline.com.newsblur.network.APIResponse: 	at okhttp3.internal.http.RetryAndFollowUpInterceptor.intercept(RetryAndFollowUpInterceptor.java:88)
08-05 16:33:46.680  2290  4504 E baseline.com.newsblur.network.APIResponse: 	at okhttp3.internal.http.RealInterceptorChain.proceed(RealInterceptorChain.java:142)
08-05 16:33:46.680  2290  4504 E baseline.com.newsblur.network.APIResponse: 	at okhttp3.internal.http.RealInterceptorChain.proceed(RealInterceptorChain.java:117)
08-05 16:33:46.680  2290  4504 E baseline.com.newsblur.network.APIResponse: 	at okhttp3.RealCall.getResponseWithInterceptorChain(RealCall.java:229)
08-05 16:33:46.680  2290  4504 E baseline.com.newsblur.network.APIResponse: 	at okhttp3.RealCall.execute(RealCall.java:81)
08-05 16:33:46.680  2290  4504 E baseline.com.newsblur.network.APIResponse: 	at baseline.com.newsblur.network.APIResponse.<init>(APIResponse.java:57)
08-05 16:33:46.680  2290  4504 E baseline.com.newsblur.network.APIResponse: 	at baseline.com.newsblur.network.APIResponse.<init>(APIResponse.java:43)
08-05 16:33:46.680  2290  4504 E baseline.com.newsblur.network.APIResponse: 	at baseline.com.newsblur.network.APIManager.post_single(APIManager.java:702)
08-05 16:33:46.680  2290  4504 E baseline.com.newsblur.network.APIResponse: 	at baseline.com.newsblur.network.APIManager.post(APIManager.java:675)
08-05 16:33:46.680  2290  4504 E baseline.com.newsblur.network.APIResponse: 	at baseline.com.newsblur.network.APIManager.post(APIManager.java:714)
08-05 16:33:46.680  2290  4504 E baseline.com.newsblur.network.APIResponse: 	at baseline.com.newsblur.network.APIManager.markStoryAsRead(APIManager.java:205)
08-05 16:33:46.680  2290  4504 E baseline.com.newsblur.network.APIResponse: 	at baseline.com.newsblur.util.ReadingAction.doRemote(ReadingAction.java:281)
08-05 16:33:46.680  2290  4504 E baseline.com.newsblur.network.APIResponse: 	at baseline.com.newsblur.service.NBSyncService.syncActions(NBSyncService.java:400)
08-05 16:33:46.680  2290  4504 E baseline.com.newsblur.network.APIResponse: 	at baseline.com.newsblur.service.NBSyncService.doSync(NBSyncService.java:298)
08-05 16:33:46.680  2290  4504 E baseline.com.newsblur.network.APIResponse: 	at baseline.com.newsblur.service.NBSyncService.access$100(NBSyncService.java:67)
08-05 16:33:46.680  2290  4504 E baseline.com.newsblur.network.APIResponse: 	at baseline.com.newsblur.service.NBSyncService$1.run(NBSyncService.java:188)
08-05 16:33:46.680  2290  4504 E baseline.com.newsblur.network.APIResponse: 	at java.util.concurrent.ThreadPoolExecutor.runWorker(ThreadPoolExecutor.java:1113)
08-05 16:33:46.680  2290  4504 E baseline.com.newsblur.network.APIResponse: 	at java.util.concurrent.ThreadPoolExecutor$Worker.run(ThreadPoolExecutor.java:588)
08-05 16:33:46.680  2290  4504 E baseline.com.newsblur.network.APIResponse: 	at java.lang.Thread.run(Thread.java:818)
08-05 16:33:46.680  2290  4504 E baseline.com.newsblur.network.APIResponse: Caused by: java.io.EOFException: \n not found: limit=0 content=
08-05 16:33:46.680  2290  4504 E baseline.com.newsblur.network.APIResponse: 	at okio.RealBufferedSource.readUtf8LineStrict(RealBufferedSource.java:240)
08-05 16:33:46.680  2290  4504 E baseline.com.newsblur.network.APIResponse: 	at okhttp3.internal.http1.Http1ExchangeCodec.readHeaderLine(Http1ExchangeCodec.java:242)
08-05 16:33:46.680  2290  4504 E baseline.com.newsblur.network.APIResponse: 	at okhttp3.internal.http1.Http1ExchangeCodec.readResponseHeaders(Http1ExchangeCodec.java:213)
08-05 16:33:46.680  2290  4504 E baseline.com.newsblur.network.APIResponse: 	... 30 more
08-05 16:33:46.680  2290  4504 I baseline.com.newsblur.network.APIManager: API call failed, pausing before retry number 1
08-05 16:33:47.002  2290  3568 I art     : Starting a blocking GC Explicit
08-05 16:33:47.041  2290  3568 I art     : Explicit concurrent mark sweep GC freed 2770(313KB) AllocSpace objects, 3(60KB) LOS objects, 29% free, 37MB/53MB, paused 1.204ms total 39.641ms
08-05 16:33:47.053  2290  3568 I art     : Starting a blocking GC Explicit
08-05 16:33:47.091  2290  3568 I art     : Explicit concurrent mark sweep GC freed 210(9KB) AllocSpace objects, 0(0B) LOS objects, 29% free, 37MB/53MB, paused 1.181ms total 37.656ms
08-05 16:33:47.103  2290  3568 I art     : Starting a blocking GC Explicit
08-05 16:33:47.142  2290  3568 I art     : Explicit concurrent mark sweep GC freed 9(288B) AllocSpace objects, 0(0B) LOS objects, 29% free, 37MB/53MB, paused 1.175ms total 38.704ms
08-05 16:33:47.154  2290  3568 I art     : Starting a blocking GC Explicit
08-05 16:33:47.193  2290  3568 I art     : Explicit concurrent mark sweep GC freed 10(320B) AllocSpace objects, 0(0B) LOS objects, 29% free, 37MB/53MB, paused 1.194ms total 38.450ms
08-05 16:33:47.205  2290  3568 I art     : Starting a blocking GC Explicit
08-05 16:33:47.244  2290  3568 I art     : Explicit concurrent mark sweep GC freed 8(256B) AllocSpace objects, 0(0B) LOS objects, 29% free, 37MB/53MB, paused 1.369ms total 38.707ms
08-05 16:33:47.590  2290  2302 I art     : Starting a blocking GC Explicit
08-05 16:33:47.633  2290  2302 I art     : Explicit concurrent mark sweep GC freed 1482(84KB) AllocSpace objects, 1(20KB) LOS objects, 29% free, 37MB/53MB, paused 1.340ms total 42.836ms
08-05 16:33:47.645  2290  2302 I art     : Starting a blocking GC Explicit
08-05 16:33:47.687  2290  2302 I art     : Explicit concurrent mark sweep GC freed 28(976B) AllocSpace objects, 0(0B) LOS objects, 29% free, 37MB/53MB, paused 1.314ms total 41.762ms
08-05 16:33:47.700  2290  2302 I art     : Starting a blocking GC Explicit
08-05 16:33:47.741  2290  2302 I art     : Explicit concurrent mark sweep GC freed 10(320B) AllocSpace objects, 0(0B) LOS objects, 29% free, 37MB/53MB, paused 1.384ms total 40.187ms
08-05 16:33:47.754  2290  2302 I art     : Starting a blocking GC Explicit
08-05 16:33:47.796  2290  2302 I art     : Explicit concurrent mark sweep GC freed 11(352B) AllocSpace objects, 0(0B) LOS objects, 29% free, 37MB/53MB, paused 1.346ms total 40.962ms
08-05 16:33:47.808  2290  2302 I art     : Starting a blocking GC Explicit
08-05 16:33:47.845  2290  2302 I art     : Explicit concurrent mark sweep GC freed 8(256B) AllocSpace objects, 0(0B) LOS objects, 29% free, 37MB/53MB, paused 1.239ms total 36.170ms
08-05 16:33:48.045  4666  4666 D AndroidRuntime: >>>>>> START com.android.internal.os.RuntimeInit uid 2000 <<<<<<
08-05 16:33:48.051  4666  4666 D AndroidRuntime: CheckJNI is OFF
08-05 16:33:48.091  4666  4666 D ICU     : No timezone override file found: /data/misc/zoneinfo/current/icu/icu_tzdata.dat
08-05 16:33:48.131  4666  4666 I Radio-JNI: register_android_hardware_Radio DONE
08-05 16:33:48.160  4666  4666 D AndroidRuntime: Calling main entry com.android.commands.input.Input
08-05 16:33:48.163  4666  4666 I Input   : injectMotionEvent: MotionEvent { action=ACTION_DOWN, actionButton=0, id[0]=0, x[0]=594.0, y[0]=330.0, toolType[0]=TOOL_TYPE_UNKNOWN, buttonState=0, metaState=0, flags=0x0, edgeFlags=0x0, pointerCount=1, historySize=0, eventTime=808444575, downTime=808444575, deviceId=0, source=0x1002 }
08-05 16:33:48.167  4666  4666 I Input   : injectMotionEvent: MotionEvent { action=ACTION_UP, actionButton=0, id[0]=0, x[0]=594.0, y[0]=330.0, toolType[0]=TOOL_TYPE_UNKNOWN, buttonState=0, metaState=0, flags=0x0, edgeFlags=0x0, pointerCount=1, historySize=0, eventTime=808444575, downTime=808444575, deviceId=0, source=0x1002 }
08-05 16:33:48.169  4666  4666 D AndroidRuntime: Shutting down VM
08-05 16:33:48.216  2290  4438 I art     : Starting a blocking GC Explicit
08-05 16:33:48.236   918  3714 I ActivityManager: START u0 {cmp=baseline.com.newsblur/.activity.GlobalSharedStoriesItemsList (has extras)} from uid 10676 on display 0
08-05 16:33:48.260  2290  4438 I art     : Explicit concurrent mark sweep GC freed 2064(153KB) AllocSpace objects, 2(40KB) LOS objects, 29% free, 37MB/53MB, paused 1.722ms total 43.997ms
08-05 16:33:48.263  2290  4180 I baseline.com.newsblur.database.BlurDatabaseHelper: reading session reset
08-05 16:33:48.273  2290  4438 I art     : Starting a blocking GC Explicit
08-05 16:33:48.315  2290  4438 I art     : Explicit concurrent mark sweep GC freed 1592(132KB) AllocSpace objects, 3(60KB) LOS objects, 29% free, 37MB/53MB, paused 1.425ms total 41.632ms
08-05 16:33:48.323   518   646 I ThermalEngine: ACTION: GPU - Setting GPU[0] to 390000000
08-05 16:33:48.334  2290  4438 I art     : Starting a blocking GC Explicit
08-05 16:33:48.386  2290  4438 I art     : Explicit concurrent mark sweep GC freed 235(11KB) AllocSpace objects, 1(112KB) LOS objects, 29% free, 37MB/53MB, paused 2.316ms total 51.627ms
08-05 16:33:48.406  2290  4438 I art     : Starting a blocking GC Explicit
08-05 16:33:48.458  2290  4438 I art     : Explicit concurrent mark sweep GC freed 556(44KB) AllocSpace objects, 1(20KB) LOS objects, 29% free, 37MB/53MB, paused 2.020ms total 50.973ms
08-05 16:33:48.458  2290  2301 I art     : WaitForGcToComplete blocked for 23.111ms for cause HeapTrim
08-05 16:33:48.475  2290  4438 I art     : Starting a blocking GC Explicit
08-05 16:33:48.481  2290  2290 W View    : requestLayout() improperly called by android.widget.FrameLayout{4ad452f V.E...... ......ID 0,0-1440,18 #7f07003f app:id/footer_view_inner} during layout: running second layout pass
08-05 16:33:48.481  2290  2290 W View    : requestLayout() improperly called by android.widget.FrameLayout{a34f73c V.E...... ......ID 0,0-1440,2091 #7f07003f app:id/footer_view_inner} during layout: running second layout pass
08-05 16:33:48.501   918   936 I ActivityManager: Displayed baseline.com.newsblur/.activity.GlobalSharedStoriesItemsList: +255ms
08-05 16:33:48.501 13866 13866 I GoogleInputMethodServic: GoogleInputMethodService.onFinishInput():3138 
08-05 16:33:48.502 13866 13866 I GoogleInputMethodServic: GoogleInputMethodService.onStartInput():1808 
08-05 16:33:48.532  2290  4438 I art     : Explicit concurrent mark sweep GC freed 723(59KB) AllocSpace objects, 3(60KB) LOS objects, 29% free, 37MB/53MB, paused 2.351ms total 56.314ms
08-05 16:33:48.566   918  3261 D WifiStateMachine: starting scan for "H369AA63323"WPA_PSK with 2412,5180
08-05 16:33:48.661  2290  4690 I NAPPA_EXPERIMENTATION: MetricNetworkRequestExecutionTime: REQUEST_DURATION_SYSTEM='87',REQUEST_DURATION_OKHTTP='86',REQUEST_SYNCHRONOUS='TRUE',RESPONSE_CODE='200',RESPONSE_METHOD='GET',RESPONSE_LENGTH_OKHTTP='43',RESPONSE_LENGTH_HEADER='43',REQUEST_PROTOCOL='http/1.1',REQUEST_URL='http://feeds.feedburner.com/~r/retort/~4/UffaFMiJbNs',
08-05 16:33:48.700  2290  4504 E baseline.com.newsblur.network.APIResponse: Error (unexpected end of stream on https://www.newsblur.com/...) calling https://www.newsblur.com/reader/mark_story_hashes_as_read/
08-05 16:33:48.700  2290  4504 E baseline.com.newsblur.network.APIResponse: java.io.IOException: unexpected end of stream on https://www.newsblur.com/...
08-05 16:33:48.700  2290  4504 E baseline.com.newsblur.network.APIResponse: 	at okhttp3.internal.http1.Http1ExchangeCodec.readResponseHeaders(Http1ExchangeCodec.java:236)
08-05 16:33:48.700  2290  4504 E baseline.com.newsblur.network.APIResponse: 	at okhttp3.internal.connection.Exchange.readResponseHeaders(Exchange.java:115)
08-05 16:33:48.700  2290  4504 E baseline.com.newsblur.network.APIResponse: 	at okhttp3.internal.http.CallServerInterceptor.intercept(CallServerInterceptor.java:94)
08-05 16:33:48.700  2290  4504 E baseline.com.newsblur.network.APIResponse: 	at okhttp3.internal.http.RealInterceptorChain.proceed(RealInterceptorChain.java:142)
08-05 16:33:48.700  2290  4504 E baseline.com.newsblur.network.APIResponse: 	at okhttp3.internal.connection.ConnectInterceptor.intercept(ConnectInterceptor.java:43)
08-05 16:33:48.700  2290  4504 E baseline.com.newsblur.network.APIResponse: 	at okhttp3.internal.http.RealInterceptorChain.proceed(RealInterceptorChain.java:142)
08-05 16:33:48.700  2290  4504 E baseline.com.newsblur.network.APIResponse: 	at okhttp3.internal.http.RealInterceptorChain.proceed(RealInterceptorChain.java:117)
08-05 16:33:48.700  2290  4504 E baseline.com.newsblur.network.APIResponse: 	at okhttp3.internal.cache.CacheInterceptor.intercept(CacheInterceptor.java:94)
08-05 16:33:48.700  2290  4504 E baseline.com.newsblur.network.APIResponse: 	at okhttp3.internal.http.RealInterceptorChain.proceed(RealInterceptorChain.java:142)
08-05 16:33:48.700  2290  4504 E baseline.com.newsblur.network.APIResponse: 	at okhttp3.internal.http.RealInterceptorChain.proceed(RealInterceptorChain.java:117)
08-05 16:33:48.700  2290  4504 E baseline.com.newsblur.network.APIResponse: 	at okhttp3.internal.http.BridgeInterceptor.intercept(BridgeInterceptor.java:93)
08-05 16:33:48.700  2290  4504 E baseline.com.newsblur.network.APIResponse: 	at okhttp3.internal.http.RealInterceptorChain.proceed(RealInterceptorChain.java:142)
08-05 16:33:48.700  2290  4504 E baseline.com.newsblur.network.APIResponse: 	at okhttp3.internal.http.RetryAndFollowUpInterceptor.intercept(RetryAndFollowUpInterceptor.java:88)
08-05 16:33:48.700  2290  4504 E baseline.com.newsblur.network.APIResponse: 	at okhttp3.internal.http.RealInterceptorChain.proceed(RealInterceptorChain.java:142)
08-05 16:33:48.700  2290  4504 E baseline.com.newsblur.network.APIResponse: 	at okhttp3.internal.http.RealInterceptorChain.proceed(RealInterceptorChain.java:117)
08-05 16:33:48.700  2290  4504 E baseline.com.newsblur.network.APIResponse: 	at okhttp3.RealCall.getResponseWithInterceptorChain(RealCall.java:229)
08-05 16:33:48.700  2290  4504 E baseline.com.newsblur.network.APIResponse: 	at okhttp3.RealCall.execute(RealCall.java:81)
08-05 16:33:48.700  2290  4504 E baseline.com.newsblur.network.APIResponse: 	at baseline.com.newsblur.network.APIResponse.<init>(APIResponse.java:57)
08-05 16:33:48.700  2290  4504 E baseline.com.newsblur.network.APIResponse: 	at baseline.com.newsblur.network.APIResponse.<init>(APIResponse.java:43)
08-05 16:33:48.700  2290  4504 E baseline.com.newsblur.network.APIResponse: 	at baseline.com.newsblur.network.APIManager.post_single(APIManager.java:702)
08-05 16:33:48.700  2290  4504 E baseline.com.newsblur.network.APIResponse: 	at baseline.com.newsblur.network.APIManager.post(APIManager.java:675)
08-05 16:33:48.700  2290  4504 E baseline.com.newsblur.network.APIResponse: 	at baseline.com.newsblur.network.APIManager.post(APIManager.java:714)
08-05 16:33:48.700  2290  4504 E baseline.com.newsblur.network.APIResponse: 	at baseline.com.newsblur.network.APIManager.markStoryAsRead(APIManager.java:205)
08-05 16:33:48.700  2290  4504 E baseline.com.newsblur.network.APIResponse: 	at baseline.com.newsblur.util.ReadingAction.doRemote(ReadingAction.java:281)
08-05 16:33:48.700  2290  4504 E baseline.com.newsblur.network.APIResponse: 	at baseline.com.newsblur.service.NBSyncService.syncActions(NBSyncService.java:400)
08-05 16:33:48.700  2290  4504 E baseline.com.newsblur.network.APIResponse: 	at baseline.com.newsblur.service.NBSyncService.doSync(NBSyncService.java:298)
08-05 16:33:48.700  2290  4504 E baseline.com.newsblur.network.APIResponse: 	at baseline.com.newsblur.service.NBSyncService.access$100(NBSyncService.java:67)
08-05 16:33:48.700  2290  4504 E baseline.com.newsblur.network.APIResponse: 	at baseline.com.newsblur.service.NBSyncService$1.run(NBSyncService.java:188)
08-05 16:33:48.700  2290  4504 E baseline.com.newsblur.network.APIResponse: 	at java.util.concurrent.ThreadPoolExecutor.runWorker(ThreadPoolExecutor.java:1113)
08-05 16:33:48.700  2290  4504 E baseline.com.newsblur.network.APIResponse: 	at java.util.concurrent.ThreadPoolExecutor$Worker.run(ThreadPoolExecutor.java:588)
08-05 16:33:48.700  2290  4504 E baseline.com.newsblur.network.APIResponse: 	at java.lang.Thread.run(Thread.java:818)
08-05 16:33:48.700  2290  4504 E baseline.com.newsblur.network.APIResponse: Caused by: java.io.EOFException: \n not found: limit=0 content=
08-05 16:33:48.700  2290  4504 E baseline.com.newsblur.network.APIResponse: 	at okio.RealBufferedSource.readUtf8LineStrict(RealBufferedSource.java:240)
08-05 16:33:48.700  2290  4504 E baseline.com.newsblur.network.APIResponse: 	at okhttp3.internal.http1.Http1ExchangeCodec.readHeaderLine(Http1ExchangeCodec.java:242)
08-05 16:33:48.700  2290  4504 E baseline.com.newsblur.network.APIResponse: 	at okhttp3.internal.http1.Http1ExchangeCodec.readResponseHeaders(Http1ExchangeCodec.java:213)
08-05 16:33:48.700  2290  4504 E baseline.com.newsblur.network.APIResponse: 	... 30 more
08-05 16:33:48.701  2290  4504 I baseline.com.newsblur.network.APIManager: API call failed, pausing before retry number 2
08-05 16:33:48.905  2290  3568 I art     : Starting a blocking GC Explicit
08-05 16:33:48.966  2290  3568 I art     : Explicit concurrent mark sweep GC freed 5796(486KB) AllocSpace objects, 9(180KB) LOS objects, 29% free, 37MB/53MB, paused 1.963ms total 60.018ms
08-05 16:33:48.985  2290  3568 I art     : Starting a blocking GC Explicit
08-05 16:33:49.040  2290  3568 I art     : Explicit concurrent mark sweep GC freed 162(6KB) AllocSpace objects, 0(0B) LOS objects, 29% free, 37MB/53MB, paused 1.941ms total 55.048ms
08-05 16:33:49.059  2290  3568 I art     : Starting a blocking GC Explicit
08-05 16:33:49.116  2290  3568 I art     : Explicit concurrent mark sweep GC freed 3(96B) AllocSpace objects, 0(0B) LOS objects, 29% free, 37MB/53MB, paused 2.172ms total 56.651ms
08-05 16:33:49.135  2290  3568 I art     : Starting a blocking GC Explicit
08-05 16:33:49.191  2290  3568 I art     : Explicit concurrent mark sweep GC freed 3(96B) AllocSpace objects, 0(0B) LOS objects, 29% free, 37MB/53MB, paused 2.174ms total 55.733ms
08-05 16:33:49.211  2290  3568 I art     : Starting a blocking GC Explicit
08-05 16:33:49.268  2290  3568 I art     : Explicit concurrent mark sweep GC freed 3(96B) AllocSpace objects, 0(0B) LOS objects, 29% free, 37MB/53MB, paused 2.128ms total 56.462ms
08-05 16:33:49.657  2290  4438 I art     : Starting a blocking GC Explicit
08-05 16:33:49.720  2290  4438 I art     : Explicit concurrent mark sweep GC freed 1448(83KB) AllocSpace objects, 1(20KB) LOS objects, 29% free, 37MB/53MB, paused 2.330ms total 62.758ms
08-05 16:33:49.740  2290  4438 I art     : Starting a blocking GC Explicit
08-05 16:33:49.805  2290  4438 I art     : Explicit concurrent mark sweep GC freed 32(1104B) AllocSpace objects, 0(0B) LOS objects, 29% free, 37MB/53MB, paused 2.443ms total 64.404ms
08-05 16:33:49.825  2290  4438 I art     : Starting a blocking GC Explicit
08-05 16:33:49.889  2290  4438 I art     : Explicit concurrent mark sweep GC freed 14(448B) AllocSpace objects, 0(0B) LOS objects, 29% free, 37MB/53MB, paused 2.156ms total 63.324ms
08-05 16:33:49.912  2290  4438 I art     : Starting a blocking GC Explicit
08-05 16:33:49.968  2290  4438 I art     : Explicit concurrent mark sweep GC freed 3(96B) AllocSpace objects, 0(0B) LOS objects, 29% free, 37MB/53MB, paused 2.011ms total 55.865ms
08-05 16:33:49.987  2290  4438 I art     : Starting a blocking GC Explicit
08-05 16:33:50.044  2290  4438 I art     : Explicit concurrent mark sweep GC freed 3(96B) AllocSpace objects, 0(0B) LOS objects, 29% free, 37MB/53MB, paused 2.206ms total 56.539ms
08-05 16:33:50.327   518   646 I ThermalEngine: ACTION: GPU - Setting GPU[0] to 450000000
08-05 16:33:50.411  2290  2302 I art     : Starting a blocking GC Explicit
08-05 16:33:50.459  2290  2302 I art     : Explicit concurrent mark sweep GC freed 1439(82KB) AllocSpace objects, 1(20KB) LOS objects, 29% free, 37MB/53MB, paused 1.514ms total 48.172ms
08-05 16:33:50.474  2290  2302 I art     : Starting a blocking GC Explicit
08-05 16:33:50.523  2290  2302 I art     : Explicit concurrent mark sweep GC freed 22(784B) AllocSpace objects, 0(0B) LOS objects, 29% free, 37MB/53MB, paused 1.419ms total 48.195ms
08-05 16:33:50.536  2290  2302 I art     : Starting a blocking GC Explicit
08-05 16:33:50.586  2290  2302 I art     : Explicit concurrent mark sweep GC freed 3(96B) AllocSpace objects, 0(0B) LOS objects, 29% free, 37MB/53MB, paused 1.438ms total 49.082ms
08-05 16:33:50.599  2290  2302 I art     : Starting a blocking GC Explicit
08-05 16:33:50.648  2290  2302 I art     : Explicit concurrent mark sweep GC freed 3(96B) AllocSpace objects, 0(0B) LOS objects, 29% free, 37MB/53MB, paused 1.591ms total 48.682ms
08-05 16:33:50.661  2290  2302 I art     : Starting a blocking GC Explicit
08-05 16:33:50.677 30325 30325 I ServiceManager: Waiting for service AtCmdFwd...
08-05 16:33:50.711  2290  2302 I art     : Explicit concurrent mark sweep GC freed 3(96B) AllocSpace objects, 0(0B) LOS objects, 29% free, 37MB/53MB, paused 1.470ms total 49.738ms
08-05 16:33:51.117  2290  2305 I art     : Starting a blocking GC Explicit
08-05 16:33:51.167  2290  2305 I art     : Explicit concurrent mark sweep GC freed 1441(83KB) AllocSpace objects, 1(20KB) LOS objects, 29% free, 37MB/53MB, paused 1.436ms total 50.017ms
08-05 16:33:51.182  2290  2305 I art     : Starting a blocking GC Explicit
08-05 16:33:51.230  2290  2305 I art     : Explicit concurrent mark sweep GC freed 22(784B) AllocSpace objects, 0(0B) LOS objects, 29% free, 37MB/53MB, paused 1.369ms total 47.423ms
08-05 16:33:51.243  2290  2305 I art     : Starting a blocking GC Explicit
08-05 16:33:51.292  2290  2305 I art     : Explicit concurrent mark sweep GC freed 3(96B) AllocSpace objects, 0(0B) LOS objects, 29% free, 37MB/53MB, paused 1.306ms total 48.516ms
08-05 16:33:51.305  2290  2305 I art     : Starting a blocking GC Explicit
08-05 16:33:51.353  2290  2305 I art     : Explicit concurrent mark sweep GC freed 3(96B) AllocSpace objects, 0(0B) LOS objects, 29% free, 37MB/53MB, paused 1.360ms total 47.023ms
08-05 16:33:51.366  2290  2305 I art     : Starting a blocking GC Explicit
08-05 16:33:51.415  2290  2305 I art     : Explicit concurrent mark sweep GC freed 3(96B) AllocSpace objects, 0(0B) LOS objects, 29% free, 37MB/53MB, paused 1.396ms total 48.460ms
08-05 16:33:51.677 30325 30325 I ServiceManager: Waiting for service AtCmdFwd...
08-05 16:33:51.802  2290  3568 I art     : Starting a blocking GC Explicit
08-05 16:33:51.852  2290  3568 I art     : Explicit concurrent mark sweep GC freed 1605(91KB) AllocSpace objects, 1(20KB) LOS objects, 29% free, 37MB/53MB, paused 1.381ms total 50.238ms
08-05 16:33:51.869  2290  3568 I art     : Starting a blocking GC Explicit
08-05 16:33:51.917  2290  3568 I art     : Explicit concurrent mark sweep GC freed 28(1040B) AllocSpace objects, 0(0B) LOS objects, 29% free, 37MB/53MB, paused 1.493ms total 47.729ms
08-05 16:33:51.930  2290  3568 I art     : Starting a blocking GC Explicit
08-05 16:33:51.978  2290  3568 I art     : Explicit concurrent mark sweep GC freed 3(96B) AllocSpace objects, 0(0B) LOS objects, 29% free, 37MB/53MB, paused 1.440ms total 47.667ms
08-05 16:33:51.991  2290  3568 I art     : Starting a blocking GC Explicit
08-05 16:33:52.040  2290  3568 I art     : Explicit concurrent mark sweep GC freed 3(96B) AllocSpace objects, 0(0B) LOS objects, 29% free, 37MB/53MB, paused 1.497ms total 48.949ms
08-05 16:33:52.053  2290  3568 I art     : Starting a blocking GC Explicit
08-05 16:33:52.103  2290  3568 I art     : Explicit concurrent mark sweep GC freed 3(96B) AllocSpace objects, 0(0B) LOS objects, 29% free, 37MB/53MB, paused 1.352ms total 49.243ms
08-05 16:33:52.214  2290  4504 E baseline.com.newsblur.network.APIResponse: Error (unexpected end of stream on https://www.newsblur.com/...) calling https://www.newsblur.com/reader/mark_story_hashes_as_read/
08-05 16:33:52.214  2290  4504 E baseline.com.newsblur.network.APIResponse: java.io.IOException: unexpected end of stream on https://www.newsblur.com/...
08-05 16:33:52.214  2290  4504 E baseline.com.newsblur.network.APIResponse: 	at okhttp3.internal.http1.Http1ExchangeCodec.readResponseHeaders(Http1ExchangeCodec.java:236)
08-05 16:33:52.214  2290  4504 E baseline.com.newsblur.network.APIResponse: 	at okhttp3.internal.connection.Exchange.readResponseHeaders(Exchange.java:115)
08-05 16:33:52.214  2290  4504 E baseline.com.newsblur.network.APIResponse: 	at okhttp3.internal.http.CallServerInterceptor.intercept(CallServerInterceptor.java:94)
08-05 16:33:52.214  2290  4504 E baseline.com.newsblur.network.APIResponse: 	at okhttp3.internal.http.RealInterceptorChain.proceed(RealInterceptorChain.java:142)
08-05 16:33:52.214  2290  4504 E baseline.com.newsblur.network.APIResponse: 	at okhttp3.internal.connection.ConnectInterceptor.intercept(ConnectInterceptor.java:43)
08-05 16:33:52.214  2290  4504 E baseline.com.newsblur.network.APIResponse: 	at okhttp3.internal.http.RealInterceptorChain.proceed(RealInterceptorChain.java:142)
08-05 16:33:52.214  2290  4504 E baseline.com.newsblur.network.APIResponse: 	at okhttp3.internal.http.RealInterceptorChain.proceed(RealInterceptorChain.java:117)
08-05 16:33:52.214  2290  4504 E baseline.com.newsblur.network.APIResponse: 	at okhttp3.internal.cache.CacheInterceptor.intercept(CacheInterceptor.java:94)
08-05 16:33:52.214  2290  4504 E baseline.com.newsblur.network.APIResponse: 	at okhttp3.internal.http.RealInterceptorChain.proceed(RealInterceptorChain.java:142)
08-05 16:33:52.214  2290  4504 E baseline.com.newsblur.network.APIResponse: 	at okhttp3.internal.http.RealInterceptorChain.proceed(RealInterceptorChain.java:117)
08-05 16:33:52.214  2290  4504 E baseline.com.newsblur.network.APIResponse: 	at okhttp3.internal.http.BridgeInterceptor.intercept(BridgeInterceptor.java:93)
08-05 16:33:52.214  2290  4504 E baseline.com.newsblur.network.APIResponse: 	at okhttp3.internal.http.RealInterceptorChain.proceed(RealInterceptorChain.java:142)
08-05 16:33:52.214  2290  4504 E baseline.com.newsblur.network.APIResponse: 	at okhttp3.internal.http.RetryAndFollowUpInterceptor.intercept(RetryAndFollowUpInterceptor.java:88)
08-05 16:33:52.214  2290  4504 E baseline.com.newsblur.network.APIResponse: 	at okhttp3.internal.http.RealInterceptorChain.proceed(RealInterceptorChain.java:142)
08-05 16:33:52.214  2290  4504 E baseline.com.newsblur.network.APIResponse: 	at okhttp3.internal.http.RealInterceptorChain.proceed(RealInterceptorChain.java:117)
08-05 16:33:52.214  2290  4504 E baseline.com.newsblur.network.APIResponse: 	at okhttp3.RealCall.getResponseWithInterceptorChain(RealCall.java:229)
08-05 16:33:52.214  2290  4504 E baseline.com.newsblur.network.APIResponse: 	at okhttp3.RealCall.execute(RealCall.java:81)
08-05 16:33:52.214  2290  4504 E baseline.com.newsblur.network.APIResponse: 	at baseline.com.newsblur.network.APIResponse.<init>(APIResponse.java:57)
08-05 16:33:52.214  2290  4504 E baseline.com.newsblur.network.APIResponse: 	at baseline.com.newsblur.network.APIResponse.<init>(APIResponse.java:43)
08-05 16:33:52.214  2290  4504 E baseline.com.newsblur.network.APIResponse: 	at baseline.com.newsblur.network.APIManager.post_single(APIManager.java:702)
08-05 16:33:52.214  2290  4504 E baseline.com.newsblur.network.APIResponse: 	at baseline.com.newsblur.network.APIManager.post(APIManager.java:675)
08-05 16:33:52.214  2290  4504 E baseline.com.newsblur.network.APIResponse: 	at baseline.com.newsblur.network.APIManager.post(APIManager.java:714)
08-05 16:33:52.214  2290  4504 E baseline.com.newsblur.network.APIResponse: 	at baseline.com.newsblur.network.APIManager.markStoryAsRead(APIManager.java:205)
08-05 16:33:52.214  2290  4504 E baseline.com.newsblur.network.APIResponse: 	at baseline.com.newsblur.util.ReadingAction.doRemote(ReadingAction.java:281)
08-05 16:33:52.214  2290  4504 E baseline.com.newsblur.network.APIResponse: 	at baseline.com.newsblur.service.NBSyncService.syncActions(NBSyncService.java:400)
08-05 16:33:52.214  2290  4504 E baseline.com.newsblur.network.APIResponse: 	at baseline.com.newsblur.service.NBSyncService.doSync(NBSyncService.java:298)
08-05 16:33:52.214  2290  4504 E baseline.com.newsblur.network.APIResponse: 	at baseline.com.newsblur.service.NBSyncService.access$100(NBSyncService.java:67)
08-05 16:33:52.214  2290  4504 E baseline.com.newsblur.network.APIResponse: 	at baseline.com.newsblur.service.NBSyncService$1.run(NBSyncService.java:188)
08-05 16:33:52.214  2290  4504 E baseline.com.newsblur.network.APIResponse: 	at java.util.concurrent.ThreadPoolExecutor.runWorker(ThreadPoolExecutor.java:1113)
08-05 16:33:52.214  2290  4504 E baseline.com.newsblur.network.APIResponse: 	at java.util.concurrent.ThreadPoolExecutor$Worker.run(ThreadPoolExecutor.java:588)
08-05 16:33:52.214  2290  4504 E baseline.com.newsblur.network.APIResponse: 	at java.lang.Thread.run(Thread.java:818)
08-05 16:33:52.214  2290  4504 E baseline.com.newsblur.network.APIResponse: Caused by: java.io.EOFException: \n not found: limit=0 content=
08-05 16:33:52.214  2290  4504 E baseline.com.newsblur.network.APIResponse: 	at okio.RealBufferedSource.readUtf8LineStrict(RealBufferedSource.java:240)
08-05 16:33:52.214  2290  4504 E baseline.com.newsblur.network.APIResponse: 	at okhttp3.internal.http1.Http1ExchangeCodec.readHeaderLine(Http1ExchangeCodec.java:242)
08-05 16:33:52.214  2290  4504 E baseline.com.newsblur.network.APIResponse: 	at okhttp3.internal.http1.Http1ExchangeCodec.readResponseHeaders(Http1ExchangeCodec.java:213)
08-05 16:33:52.214  2290  4504 E baseline.com.newsblur.network.APIResponse: 	... 30 more
08-05 16:33:52.216  2290  4504 I baseline.com.newsblur.service.NBSyncService: Holding reading action with server-side or network error.
08-05 16:33:52.230  2290  4504 W baseline.com.newsblur.service.NBSyncService: hard API failure
08-05 16:33:52.244  2290  4504 I baseline.com.newsblur.service.NBSyncService: recounting dirty feed sets: 1
08-05 16:33:52.455  2290  3568 I art     : Starting a blocking GC Explicit
08-05 16:33:52.504  2290  3568 I art     : Explicit concurrent mark sweep GC freed 4768(429KB) AllocSpace objects, 5(100KB) LOS objects, 29% free, 37MB/53MB, paused 1.449ms total 48.248ms
08-05 16:33:52.519  2290  3568 I art     : Starting a blocking GC Explicit
08-05 16:33:52.567  2290  3568 I art     : Explicit concurrent mark sweep GC freed 331(12KB) AllocSpace objects, 0(0B) LOS objects, 29% free, 37MB/53MB, paused 1.469ms total 47.851ms
08-05 16:33:52.580  2290  3568 I art     : Starting a blocking GC Explicit
08-05 16:33:52.628  2290  3568 I art     : Explicit concurrent mark sweep GC freed 3(96B) AllocSpace objects, 0(0B) LOS objects, 29% free, 37MB/53MB, paused 1.655ms total 47.325ms
08-05 16:33:52.641  2290  3568 I art     : Starting a blocking GC Explicit
08-05 16:33:52.678 30325 30325 I ServiceManager: Waiting for service AtCmdFwd...
08-05 16:33:52.689  2290  3568 I art     : Explicit concurrent mark sweep GC freed 1597(62KB) AllocSpace objects, 0(0B) LOS objects, 29% free, 37MB/53MB, paused 1.492ms total 47.837ms
08-05 16:33:52.703  2290  3568 I art     : Starting a blocking GC Explicit
08-05 16:33:52.732  2290  4504 E baseline.com.newsblur.network.APIResponse: Error (unexpected end of stream on https://www.newsblur.com/...) calling https://www.newsblur.com/reader/feed_unread_count?feed_id=0
08-05 16:33:52.732  2290  4504 E baseline.com.newsblur.network.APIResponse: java.io.IOException: unexpected end of stream on https://www.newsblur.com/...
08-05 16:33:52.732  2290  4504 E baseline.com.newsblur.network.APIResponse: 	at okhttp3.internal.http1.Http1ExchangeCodec.readResponseHeaders(Http1ExchangeCodec.java:236)
08-05 16:33:52.732  2290  4504 E baseline.com.newsblur.network.APIResponse: 	at okhttp3.internal.connection.Exchange.readResponseHeaders(Exchange.java:115)
08-05 16:33:52.732  2290  4504 E baseline.com.newsblur.network.APIResponse: 	at okhttp3.internal.http.CallServerInterceptor.intercept(CallServerInterceptor.java:94)
08-05 16:33:52.732  2290  4504 E baseline.com.newsblur.network.APIResponse: 	at okhttp3.internal.http.RealInterceptorChain.proceed(RealInterceptorChain.java:142)
08-05 16:33:52.732  2290  4504 E baseline.com.newsblur.network.APIResponse: 	at okhttp3.internal.connection.ConnectInterceptor.intercept(ConnectInterceptor.java:43)
08-05 16:33:52.732  2290  4504 E baseline.com.newsblur.network.APIResponse: 	at okhttp3.internal.http.RealInterceptorChain.proceed(RealInterceptorChain.java:142)
08-05 16:33:52.732  2290  4504 E baseline.com.newsblur.network.APIResponse: 	at okhttp3.internal.http.RealInterceptorChain.proceed(RealInterceptorChain.java:117)
08-05 16:33:52.732  2290  4504 E baseline.com.newsblur.network.APIResponse: 	at okhttp3.internal.cache.CacheInterceptor.intercept(CacheInterceptor.java:94)
08-05 16:33:52.732  2290  4504 E baseline.com.newsblur.network.APIResponse: 	at okhttp3.internal.http.RealInterceptorChain.proceed(RealInterceptorChain.java:142)
08-05 16:33:52.732  2290  4504 E baseline.com.newsblur.network.APIResponse: 	at okhttp3.internal.http.RealInterceptorChain.proceed(RealInterceptorChain.java:117)
08-05 16:33:52.732  2290  4504 E baseline.com.newsblur.network.APIResponse: 	at okhttp3.internal.http.BridgeInterceptor.intercept(BridgeInterceptor.java:93)
08-05 16:33:52.732  2290  4504 E baseline.com.newsblur.network.APIResponse: 	at okhttp3.internal.http.RealInterceptorChain.proceed(RealInterceptorChain.java:142)
08-05 16:33:52.732  2290  4504 E baseline.com.newsblur.network.APIResponse: 	at okhttp3.internal.http.RetryAndFollowUpInterceptor.intercept(RetryAndFollowUpInterceptor.java:88)
08-05 16:33:52.732  2290  4504 E baseline.com.newsblur.network.APIResponse: 	at okhttp3.internal.http.RealInterceptorChain.proceed(RealInterceptorChain.java:142)
08-05 16:33:52.732  2290  4504 E baseline.com.newsblur.network.APIResponse: 	at okhttp3.internal.http.RealInterceptorChain.proceed(RealInterceptorChain.java:117)
08-05 16:33:52.732  2290  4504 E baseline.com.newsblur.network.APIResponse: 	at okhttp3.RealCall.getResponseWithInterceptorChain(RealCall.java:229)
08-05 16:33:52.732  2290  4504 E baseline.com.newsblur.network.APIResponse: 	at okhttp3.RealCall.execute(RealCall.java:81)
08-05 16:33:52.732  2290  4504 E baseline.com.newsblur.network.APIResponse: 	at baseline.com.newsblur.network.APIResponse.<init>(APIResponse.java:57)
08-05 16:33:52.732  2290  4504 E baseline.com.newsblur.network.APIResponse: 	at baseline.com.newsblur.network.APIManager.get_single(APIManager.java:639)
08-05 16:33:52.732  2290  4504 E baseline.com.newsblur.network.APIResponse: 	at baseline.com.newsblur.network.APIManager.get(APIManager.java:625)
08-05 16:33:52.732  2290  4504 E baseline.com.newsblur.network.APIResponse: 	at baseline.com.newsblur.network.APIManager.get(APIManager.java:667)
08-05 16:33:52.732  2290  4504 E baseline.com.newsblur.network.APIResponse: 	at baseline.com.newsblur.network.APIManager.getFeedUnreadCounts(APIManager.java:274)
08-05 16:33:52.732  2290  4504 E baseline.com.newsblur.network.APIResponse: 	at baseline.com.newsblur.service.NBSyncService.checkRecounts(NBSyncService.java:660)
08-05 16:33:52.732  2290  4504 E baseline.com.newsblur.network.APIResponse: 	at baseline.com.newsblur.service.NBSyncService.doSync(NBSyncService.java:310)
08-05 16:33:52.732  2290  4504 E baseline.com.newsblur.network.APIResponse: 	at baseline.com.newsblur.service.NBSyncService.access$100(NBSyncService.java:67)
08-05 16:33:52.732  2290  4504 E baseline.com.newsblur.network.APIResponse: 	at baseline.com.newsblur.service.NBSyncService$1.run(NBSyncService.java:188)
08-05 16:33:52.732  2290  4504 E baseline.com.newsblur.network.APIResponse: 	at java.util.concurrent.ThreadPoolExecutor.runWorker(ThreadPoolExecutor.java:1113)
08-05 16:33:52.732  2290  4504 E baseline.com.newsblur.network.APIResponse: 	at java.util.concurrent.ThreadPoolExecutor$Worker.run(ThreadPoolExecutor.java:588)
08-05 16:33:52.732  2290  4504 E baseline.com.newsblur.network.APIResponse: 	at java.lang.Thread.run(Thread.java:818)
08-05 16:33:52.732  2290  4504 E baseline.com.newsblur.network.APIResponse: Caused by: java.io.EOFException: \n not found: limit=0 content=
08-05 16:33:52.732  2290  4504 E baseline.com.newsblur.network.APIResponse: 	at okio.RealBufferedSource.readUtf8LineStrict(RealBufferedSource.java:240)
08-05 16:33:52.732  2290  4504 E baseline.com.newsblur.network.APIResponse: 	at okhttp3.internal.http1.Http1ExchangeCodec.readHeaderLine(Http1ExchangeCodec.java:242)
08-05 16:33:52.732  2290  4504 E baseline.com.newsblur.network.APIResponse: 	at okhttp3.internal.http1.Http1ExchangeCodec.readResponseHeaders(Http1ExchangeCodec.java:213)
08-05 16:33:52.732  2290  4504 E baseline.com.newsblur.network.APIResponse: 	... 28 more
08-05 16:33:52.735  2290  4504 I baseline.com.newsblur.network.APIManager: API call failed, pausing before retry number 1
08-05 16:33:52.750  2290  3568 I art     : Explicit concurrent mark sweep GC freed 848(196KB) AllocSpace objects, 2(40KB) LOS objects, 29% free, 37MB/53MB, paused 1.506ms total 47.330ms
08-05 16:33:53.137  2290  2302 I art     : Starting a blocking GC Explicit
08-05 16:33:53.188  2290  2302 I art     : Explicit concurrent mark sweep GC freed 1554(99KB) AllocSpace objects, 1(20KB) LOS objects, 29% free, 37MB/53MB, paused 1.548ms total 51.480ms
08-05 16:33:53.202  2290  2302 I art     : Starting a blocking GC Explicit
08-05 16:33:53.250  2290  2302 I art     : Explicit concurrent mark sweep GC freed 44(1520B) AllocSpace objects, 0(0B) LOS objects, 29% free, 37MB/53MB, paused 1.421ms total 48.144ms
08-05 16:33:53.263  2290  2302 I art     : Starting a blocking GC Explicit
08-05 16:33:53.314  2290  2302 I art     : Explicit concurrent mark sweep GC freed 3(96B) AllocSpace objects, 0(0B) LOS objects, 29% free, 37MB/53MB, paused 1.423ms total 49.943ms
08-05 16:33:53.329  2290  2302 I art     : Starting a blocking GC Explicit
08-05 16:33:53.374  2290  2302 I art     : Explicit concurrent mark sweep GC freed 3(96B) AllocSpace objects, 0(0B) LOS objects, 29% free, 37MB/53MB, paused 1.326ms total 45.068ms
08-05 16:33:53.388  2290  2302 I art     : Starting a blocking GC Explicit
08-05 16:33:53.437  2290  2302 I art     : Explicit concurrent mark sweep GC freed 3(96B) AllocSpace objects, 0(0B) LOS objects, 29% free, 37MB/53MB, paused 1.398ms total 48.909ms
08-05 16:33:53.678 30325 30325 I ServiceManager: Waiting for service AtCmdFwd...
08-05 16:33:53.809  2290  4438 I art     : Starting a blocking GC Explicit
08-05 16:33:53.858  2290  4438 I art     : Explicit concurrent mark sweep GC freed 1437(82KB) AllocSpace objects, 1(20KB) LOS objects, 29% free, 37MB/53MB, paused 1.432ms total 49.192ms
08-05 16:33:53.874  2290  4438 I art     : Starting a blocking GC Explicit
08-05 16:33:53.922  2290  4438 I art     : Explicit concurrent mark sweep GC freed 22(784B) AllocSpace objects, 0(0B) LOS objects, 29% free, 37MB/53MB, paused 1.374ms total 47.638ms
08-05 16:33:53.935  2290  4438 I art     : Starting a blocking GC Explicit
08-05 16:33:53.981  2290  4438 I art     : Explicit concurrent mark sweep GC freed 3(96B) AllocSpace objects, 0(0B) LOS objects, 29% free, 37MB/53MB, paused 1.375ms total 45.014ms
08-05 16:33:53.994  2290  4438 I art     : Starting a blocking GC Explicit
08-05 16:33:54.042  2290  4438 I art     : Explicit concurrent mark sweep GC freed 3(96B) AllocSpace objects, 0(0B) LOS objects, 29% free, 37MB/53MB, paused 1.396ms total 48.112ms
08-05 16:33:54.055  2290  4438 I art     : Starting a blocking GC Explicit
08-05 16:33:54.101  2290  4438 I art     : Explicit concurrent mark sweep GC freed 3(96B) AllocSpace objects, 0(0B) LOS objects, 29% free, 37MB/53MB, paused 1.308ms total 45.876ms
08-05 16:33:54.486  2290  4756 I art     : Starting a blocking GC Explicit
08-05 16:33:54.538  2290  4756 I art     : Explicit concurrent mark sweep GC freed 1605(91KB) AllocSpace objects, 1(20KB) LOS objects, 29% free, 37MB/53MB, paused 1.570ms total 52.025ms
08-05 16:33:54.554  2290  4756 I art     : Starting a blocking GC Explicit
08-05 16:33:54.603  2290  4756 I art     : Explicit concurrent mark sweep GC freed 28(1040B) AllocSpace objects, 0(0B) LOS objects, 29% free, 37MB/53MB, paused 1.360ms total 48.493ms
08-05 16:33:54.618  2290  4756 I art     : Starting a blocking GC Explicit
08-05 16:33:54.665  2290  4756 I art     : Explicit concurrent mark sweep GC freed 3(96B) AllocSpace objects, 0(0B) LOS objects, 29% free, 37MB/53MB, paused 1.280ms total 46.590ms
08-05 16:33:54.678  2290  4756 I art     : Starting a blocking GC Explicit
08-05 16:33:54.679 30325 30325 I ServiceManager: Waiting for service AtCmdFwd...
08-05 16:33:54.726  2290  4756 I art     : Explicit concurrent mark sweep GC freed 838(35KB) AllocSpace objects, 0(0B) LOS objects, 29% free, 37MB/53MB, paused 1.644ms total 47.678ms
08-05 16:33:54.739  2290  4756 I art     : Starting a blocking GC Explicit
08-05 16:33:54.786  2290  4756 I art     : Explicit concurrent mark sweep GC freed 877(31KB) AllocSpace objects, 0(0B) LOS objects, 29% free, 37MB/53MB, paused 1.492ms total 46.715ms
08-05 16:33:54.792  2290  4504 E baseline.com.newsblur.network.APIResponse: Error (unexpected end of stream on https://www.newsblur.com/...) calling https://www.newsblur.com/reader/feed_unread_count?feed_id=0
08-05 16:33:54.792  2290  4504 E baseline.com.newsblur.network.APIResponse: java.io.IOException: unexpected end of stream on https://www.newsblur.com/...
08-05 16:33:54.792  2290  4504 E baseline.com.newsblur.network.APIResponse: 	at okhttp3.internal.http1.Http1ExchangeCodec.readResponseHeaders(Http1ExchangeCodec.java:236)
08-05 16:33:54.792  2290  4504 E baseline.com.newsblur.network.APIResponse: 	at okhttp3.internal.connection.Exchange.readResponseHeaders(Exchange.java:115)
08-05 16:33:54.792  2290  4504 E baseline.com.newsblur.network.APIResponse: 	at okhttp3.internal.http.CallServerInterceptor.intercept(CallServerInterceptor.java:94)
08-05 16:33:54.792  2290  4504 E baseline.com.newsblur.network.APIResponse: 	at okhttp3.internal.http.RealInterceptorChain.proceed(RealInterceptorChain.java:142)
08-05 16:33:54.792  2290  4504 E baseline.com.newsblur.network.APIResponse: 	at okhttp3.internal.connection.ConnectInterceptor.intercept(ConnectInterceptor.java:43)
08-05 16:33:54.792  2290  4504 E baseline.com.newsblur.network.APIResponse: 	at okhttp3.internal.http.RealInterceptorChain.proceed(RealInterceptorChain.java:142)
08-05 16:33:54.792  2290  4504 E baseline.com.newsblur.network.APIResponse: 	at okhttp3.internal.http.RealInterceptorChain.proceed(RealInterceptorChain.java:117)
08-05 16:33:54.792  2290  4504 E baseline.com.newsblur.network.APIResponse: 	at okhttp3.internal.cache.CacheInterceptor.intercept(CacheInterceptor.java:94)
08-05 16:33:54.792  2290  4504 E baseline.com.newsblur.network.APIResponse: 	at okhttp3.internal.http.RealInterceptorChain.proceed(RealInterceptorChain.java:142)
08-05 16:33:54.792  2290  4504 E baseline.com.newsblur.network.APIResponse: 	at okhttp3.internal.http.RealInterceptorChain.proceed(RealInterceptorChain.java:117)
08-05 16:33:54.792  2290  4504 E baseline.com.newsblur.network.APIResponse: 	at okhttp3.internal.http.BridgeInterceptor.intercept(BridgeInterceptor.java:93)
08-05 16:33:54.792  2290  4504 E baseline.com.newsblur.network.APIResponse: 	at okhttp3.internal.http.RealInterceptorChain.proceed(RealInterceptorChain.java:142)
08-05 16:33:54.792  2290  4504 E baseline.com.newsblur.network.APIResponse: 	at okhttp3.internal.http.RetryAndFollowUpInterceptor.intercept(RetryAndFollowUpInterceptor.java:88)
08-05 16:33:54.792  2290  4504 E baseline.com.newsblur.network.APIResponse: 	at okhttp3.internal.http.RealInterceptorChain.proceed(RealInterceptorChain.java:142)
08-05 16:33:54.792  2290  4504 E baseline.com.newsblur.network.APIResponse: 	at okhttp3.internal.http.RealInterceptorChain.proceed(RealInterceptorChain.java:117)
08-05 16:33:54.792  2290  4504 E baseline.com.newsblur.network.APIResponse: 	at okhttp3.RealCall.getResponseWithInterceptorChain(RealCall.java:229)
08-05 16:33:54.792  2290  4504 E baseline.com.newsblur.network.APIResponse: 	at okhttp3.RealCall.execute(RealCall.java:81)
08-05 16:33:54.792  2290  4504 E baseline.com.newsblur.network.APIResponse: 	at baseline.com.newsblur.network.APIResponse.<init>(APIResponse.java:57)
08-05 16:33:54.792  2290  4504 E baseline.com.newsblur.network.APIResponse: 	at baseline.com.newsblur.network.APIManager.get_single(APIManager.java:639)
08-05 16:33:54.792  2290  4504 E baseline.com.newsblur.network.APIResponse: 	at baseline.com.newsblur.network.APIManager.get(APIManager.java:625)
08-05 16:33:54.792  2290  4504 E baseline.com.newsblur.network.APIResponse: 	at baseline.com.newsblur.network.APIManager.get(APIManager.java:667)
08-05 16:33:54.792  2290  4504 E baseline.com.newsblur.network.APIResponse: 	at baseline.com.newsblur.network.APIManager.getFeedUnreadCounts(APIManager.java:274)
08-05 16:33:54.792  2290  4504 E baseline.com.newsblur.network.APIResponse: 	at baseline.com.newsblur.service.NBSyncService.checkRecounts(NBSyncService.java:660)
08-05 16:33:54.792  2290  4504 E baseline.com.newsblur.network.APIResponse: 	at baseline.com.newsblur.service.NBSyncService.doSync(NBSyncService.java:310)
08-05 16:33:54.792  2290  4504 E baseline.com.newsblur.network.APIResponse: 	at baseline.com.newsblur.service.NBSyncService.access$100(NBSyncService.java:67)
08-05 16:33:54.792  2290  4504 E baseline.com.newsblur.network.APIResponse: 	at baseline.com.newsblur.service.NBSyncService$1.run(NBSyncService.java:188)
08-05 16:33:54.792  2290  4504 E baseline.com.newsblur.network.APIResponse: 	at java.util.concurrent.ThreadPoolExecutor.runWorker(ThreadPoolExecutor.java:1113)
08-05 16:33:54.792  2290  4504 E baseline.com.newsblur.network.APIResponse: 	at java.util.concurrent.ThreadPoolExecutor$Worker.run(ThreadPoolExecutor.java:588)
08-05 16:33:54.792  2290  4504 E baseline.com.newsblur.network.APIResponse: 	at java.lang.Thread.run(Thread.java:818)
08-05 16:33:54.792  2290  4504 E baseline.com.newsblur.network.APIResponse: Caused by: java.io.EOFException: \n not found: limit=0 content=
08-05 16:33:54.792  2290  4504 E baseline.com.newsblur.network.APIResponse: 	at okio.RealBufferedSource.readUtf8LineStrict(RealBufferedSource.java:240)
08-05 16:33:54.792  2290  4504 E baseline.com.newsblur.network.APIResponse: 	at okhttp3.internal.http1.Http1ExchangeCodec.readHeaderLine(Http1ExchangeCodec.java:242)
08-05 16:33:54.792  2290  4504 E baseline.com.newsblur.network.APIResponse: 	at okhttp3.internal.http1.Http1ExchangeCodec.readResponseHeaders(Http1ExchangeCodec.java:213)
08-05 16:33:54.792  2290  4504 E baseline.com.newsblur.network.APIResponse: 	... 28 more
08-05 16:33:54.793  2290  4504 I baseline.com.newsblur.network.APIManager: API call failed, pausing before retry number 2
08-05 16:33:55.186  2290  2305 I art     : Starting a blocking GC Explicit
08-05 16:33:55.236  2290  2305 I art     : Explicit concurrent mark sweep GC freed 2284(291KB) AllocSpace objects, 3(60KB) LOS objects, 29% free, 37MB/53MB, paused 1.290ms total 49.212ms
08-05 16:33:55.253  2290  2305 I art     : Starting a blocking GC Explicit
08-05 16:33:55.299  2290  2305 I art     : Explicit concurrent mark sweep GC freed 66(2480B) AllocSpace objects, 0(0B) LOS objects, 29% free, 37MB/53MB, paused 1.351ms total 46.209ms
08-05 16:33:55.312  2290  2305 I art     : Starting a blocking GC Explicit
08-05 16:33:55.359  2290  2305 I art     : Explicit concurrent mark sweep GC freed 3(96B) AllocSpace objects, 0(0B) LOS objects, 29% free, 37MB/53MB, paused 1.311ms total 46.861ms
08-05 16:33:55.372  2290  2305 I art     : Starting a blocking GC Explicit
08-05 16:33:55.419  2290  2305 I art     : Explicit concurrent mark sweep GC freed 3(96B) AllocSpace objects, 0(0B) LOS objects, 29% free, 37MB/53MB, paused 1.496ms total 46.113ms
08-05 16:33:55.432  2290  2305 I art     : Starting a blocking GC Explicit
08-05 16:33:55.479  2290  2305 I art     : Explicit concurrent mark sweep GC freed 3(96B) AllocSpace objects, 0(0B) LOS objects, 29% free, 37MB/53MB, paused 1.296ms total 47.012ms
08-05 16:33:55.680 30325 30325 W Atfwd_Sendcmd: AtCmdFwd service not published, waiting... retryCnt : 4
08-05 16:33:55.846  2290  3568 I art     : Starting a blocking GC Explicit
08-05 16:33:55.893  2290  3568 I art     : Explicit concurrent mark sweep GC freed 2589(140KB) AllocSpace objects, 1(20KB) LOS objects, 29% free, 37MB/53MB, paused 1.268ms total 47.243ms
08-05 16:33:55.906  2290  3568 I art     : Starting a blocking GC Explicit
08-05 16:33:55.953  2290  3568 I art     : Explicit concurrent mark sweep GC freed 890(64KB) AllocSpace objects, 0(0B) LOS objects, 29% free, 37MB/53MB, paused 1.360ms total 46.459ms
08-05 16:33:55.966  2290  3568 I art     : Starting a blocking GC Explicit
08-05 16:33:56.015  2290  3568 I art     : Explicit concurrent mark sweep GC freed 437(30KB) AllocSpace objects, 0(0B) LOS objects, 29% free, 37MB/53MB, paused 1.366ms total 48.344ms
08-05 16:33:56.028  2290  3568 I art     : Starting a blocking GC Explicit
08-05 16:33:56.076  2290  3568 I art     : Explicit concurrent mark sweep GC freed 21(1232B) AllocSpace objects, 0(0B) LOS objects, 29% free, 37MB/53MB, paused 1.382ms total 47.553ms
08-05 16:33:56.090  2290  3568 I art     : Starting a blocking GC Explicit
08-05 16:33:56.139  2290  3568 I art     : Explicit concurrent mark sweep GC freed 3(96B) AllocSpace objects, 0(0B) LOS objects, 29% free, 37MB/53MB, paused 1.376ms total 49.048ms
08-05 16:33:56.534  2290  2302 I art     : Starting a blocking GC Explicit
08-05 16:33:56.582  2290  2302 I art     : Explicit concurrent mark sweep GC freed 1437(82KB) AllocSpace objects, 1(20KB) LOS objects, 29% free, 37MB/53MB, paused 1.481ms total 48.039ms
08-05 16:33:56.595  2290  2302 I art     : Starting a blocking GC Explicit
08-05 16:33:56.644  2290  2302 I art     : Explicit concurrent mark sweep GC freed 22(784B) AllocSpace objects, 0(0B) LOS objects, 29% free, 37MB/53MB, paused 1.373ms total 48.821ms
08-05 16:33:56.661  2290  2302 I art     : Starting a blocking GC Explicit
08-05 16:33:56.704  2290  2302 I art     : Explicit concurrent mark sweep GC freed 3(96B) AllocSpace objects, 0(0B) LOS objects, 29% free, 37MB/53MB, paused 1.330ms total 42.776ms
08-05 16:33:56.717  2290  2302 I art     : Starting a blocking GC Explicit
08-05 16:33:56.763  2290  2302 I art     : Explicit concurrent mark sweep GC freed 3(96B) AllocSpace objects, 0(0B) LOS objects, 29% free, 37MB/53MB, paused 1.277ms total 46.673ms
08-05 16:33:56.777  2290  2302 I art     : Starting a blocking GC Explicit
08-05 16:33:56.822  2290  2302 I art     : Explicit concurrent mark sweep GC freed 3(96B) AllocSpace objects, 0(0B) LOS objects, 29% free, 37MB/53MB, paused 1.319ms total 45.263ms
08-05 16:33:57.204  2290  4438 I art     : Starting a blocking GC Explicit
08-05 16:33:57.255  2290  4438 I art     : Explicit concurrent mark sweep GC freed 1437(82KB) AllocSpace objects, 1(20KB) LOS objects, 29% free, 37MB/53MB, paused 1.377ms total 50.441ms
08-05 16:33:57.270  2290  4438 I art     : Starting a blocking GC Explicit
08-05 16:33:57.315  2290  4438 I art     : Explicit concurrent mark sweep GC freed 22(784B) AllocSpace objects, 0(0B) LOS objects, 29% free, 37MB/53MB, paused 1.433ms total 44.963ms
08-05 16:33:57.329  2290  4438 I art     : Starting a blocking GC Explicit
08-05 16:33:57.375  2290  4438 I art     : Explicit concurrent mark sweep GC freed 3(96B) AllocSpace objects, 0(0B) LOS objects, 29% free, 37MB/53MB, paused 1.195ms total 46.434ms
08-05 16:33:57.389  2290  4438 I art     : Starting a blocking GC Explicit
08-05 16:33:57.434  2290  4438 I art     : Explicit concurrent mark sweep GC freed 3(96B) AllocSpace objects, 0(0B) LOS objects, 29% free, 37MB/53MB, paused 1.344ms total 45.547ms
08-05 16:33:57.448  2290  4438 I art     : Starting a blocking GC Explicit
08-05 16:33:57.494  2290  4438 I art     : Explicit concurrent mark sweep GC freed 3(96B) AllocSpace objects, 0(0B) LOS objects, 29% free, 37MB/53MB, paused 1.296ms total 46.121ms
08-05 16:33:57.914  2290  4756 I art     : Starting a blocking GC Explicit
08-05 16:33:57.965  2290  4756 I art     : Explicit concurrent mark sweep GC freed 1604(91KB) AllocSpace objects, 1(20KB) LOS objects, 29% free, 37MB/53MB, paused 1.408ms total 50.207ms
08-05 16:33:57.981  2290  4756 I art     : Starting a blocking GC Explicit
08-05 16:33:58.027  2290  4756 I art     : Explicit concurrent mark sweep GC freed 28(1040B) AllocSpace objects, 0(0B) LOS objects, 29% free, 37MB/53MB, paused 1.330ms total 45.846ms
08-05 16:33:58.039  2290  4756 I art     : Starting a blocking GC Explicit
08-05 16:33:58.087  2290  4756 I art     : Explicit concurrent mark sweep GC freed 3(96B) AllocSpace objects, 0(0B) LOS objects, 29% free, 37MB/53MB, paused 1.362ms total 46.936ms
08-05 16:33:58.100  2290  4756 I art     : Starting a blocking GC Explicit
08-05 16:33:58.146  2290  4756 I art     : Explicit concurrent mark sweep GC freed 3(96B) AllocSpace objects, 0(0B) LOS objects, 29% free, 37MB/53MB, paused 1.320ms total 46.341ms
08-05 16:33:58.160  2290  4756 I art     : Starting a blocking GC Explicit
08-05 16:33:58.207  2290  4756 I art     : Explicit concurrent mark sweep GC freed 3(96B) AllocSpace objects, 0(0B) LOS objects, 29% free, 37MB/53MB, paused 1.455ms total 47.526ms
08-05 16:33:58.351  2290  4504 E baseline.com.newsblur.network.APIResponse: Error (unexpected end of stream on https://www.newsblur.com/...) calling https://www.newsblur.com/reader/feed_unread_count?feed_id=0
08-05 16:33:58.351  2290  4504 E baseline.com.newsblur.network.APIResponse: java.io.IOException: unexpected end of stream on https://www.newsblur.com/...
08-05 16:33:58.351  2290  4504 E baseline.com.newsblur.network.APIResponse: 	at okhttp3.internal.http1.Http1ExchangeCodec.readResponseHeaders(Http1ExchangeCodec.java:236)
08-05 16:33:58.351  2290  4504 E baseline.com.newsblur.network.APIResponse: 	at okhttp3.internal.connection.Exchange.readResponseHeaders(Exchange.java:115)
08-05 16:33:58.351  2290  4504 E baseline.com.newsblur.network.APIResponse: 	at okhttp3.internal.http.CallServerInterceptor.intercept(CallServerInterceptor.java:94)
08-05 16:33:58.351  2290  4504 E baseline.com.newsblur.network.APIResponse: 	at okhttp3.internal.http.RealInterceptorChain.proceed(RealInterceptorChain.java:142)
08-05 16:33:58.351  2290  4504 E baseline.com.newsblur.network.APIResponse: 	at okhttp3.internal.connection.ConnectInterceptor.intercept(ConnectInterceptor.java:43)
08-05 16:33:58.351  2290  4504 E baseline.com.newsblur.network.APIResponse: 	at okhttp3.internal.http.RealInterceptorChain.proceed(RealInterceptorChain.java:142)
08-05 16:33:58.351  2290  4504 E baseline.com.newsblur.network.APIResponse: 	at okhttp3.internal.http.RealInterceptorChain.proceed(RealInterceptorChain.java:117)
08-05 16:33:58.351  2290  4504 E baseline.com.newsblur.network.APIResponse: 	at okhttp3.internal.cache.CacheInterceptor.intercept(CacheInterceptor.java:94)
08-05 16:33:58.351  2290  4504 E baseline.com.newsblur.network.APIResponse: 	at okhttp3.internal.http.RealInterceptorChain.proceed(RealInterceptorChain.java:142)
08-05 16:33:58.351  2290  4504 E baseline.com.newsblur.network.APIResponse: 	at okhttp3.internal.http.RealInterceptorChain.proceed(RealInterceptorChain.java:117)
08-05 16:33:58.351  2290  4504 E baseline.com.newsblur.network.APIResponse: 	at okhttp3.internal.http.BridgeInterceptor.intercept(BridgeInterceptor.java:93)
08-05 16:33:58.351  2290  4504 E baseline.com.newsblur.network.APIResponse: 	at okhttp3.internal.http.RealInterceptorChain.proceed(RealInterceptorChain.java:142)
08-05 16:33:58.351  2290  4504 E baseline.com.newsblur.network.APIResponse: 	at okhttp3.internal.http.RetryAndFollowUpInterceptor.intercept(RetryAndFollowUpInterceptor.java:88)
08-05 16:33:58.351  2290  4504 E baseline.com.newsblur.network.APIResponse: 	at okhttp3.internal.http.RealInterceptorChain.proceed(RealInterceptorChain.java:142)
08-05 16:33:58.351  2290  4504 E baseline.com.newsblur.network.APIResponse: 	at okhttp3.internal.http.RealInterceptorChain.proceed(RealInterceptorChain.java:117)
08-05 16:33:58.351  2290  4504 E baseline.com.newsblur.network.APIResponse: 	at okhttp3.RealCall.getResponseWithInterceptorChain(RealCall.java:229)
08-05 16:33:58.351  2290  4504 E baseline.com.newsblur.network.APIResponse: 	at okhttp3.RealCall.execute(RealCall.java:81)
08-05 16:33:58.351  2290  4504 E baseline.com.newsblur.network.APIResponse: 	at baseline.com.newsblur.network.APIResponse.<init>(APIResponse.java:57)
08-05 16:33:58.351  2290  4504 E baseline.com.newsblur.network.APIResponse: 	at baseline.com.newsblur.network.APIManager.get_single(APIManager.java:639)
08-05 16:33:58.351  2290  4504 E baseline.com.newsblur.network.APIResponse: 	at baseline.com.newsblur.network.APIManager.get(APIManager.java:625)
08-05 16:33:58.351  2290  4504 E baseline.com.newsblur.network.APIResponse: 	at baseline.com.newsblur.network.APIManager.get(APIManager.java:667)
08-05 16:33:58.351  2290  4504 E baseline.com.newsblur.network.APIResponse: 	at baseline.com.newsblur.network.APIManager.getFeedUnreadCounts(APIManager.java:274)
08-05 16:33:58.351  2290  4504 E baseline.com.newsblur.network.APIResponse: 	at baseline.com.newsblur.service.NBSyncService.checkRecounts(NBSyncService.java:660)
08-05 16:33:58.351  2290  4504 E baseline.com.newsblur.network.APIResponse: 	at baseline.com.newsblur.service.NBSyncService.doSync(NBSyncService.java:310)
08-05 16:33:58.351  2290  4504 E baseline.com.newsblur.network.APIResponse: 	at baseline.com.newsblur.service.NBSyncService.access$100(NBSyncService.java:67)
08-05 16:33:58.351  2290  4504 E baseline.com.newsblur.network.APIResponse: 	at baseline.com.newsblur.service.NBSyncService$1.run(NBSyncService.java:188)
08-05 16:33:58.351  2290  4504 E baseline.com.newsblur.network.APIResponse: 	at java.util.concurrent.ThreadPoolExecutor.runWorker(ThreadPoolExecutor.java:1113)
08-05 16:33:58.351  2290  4504 E baseline.com.newsblur.network.APIResponse: 	at java.util.concurrent.ThreadPoolExecutor$Worker.run(ThreadPoolExecutor.java:588)
08-05 16:33:58.351  2290  4504 E baseline.com.newsblur.network.APIResponse: 	at java.lang.Thread.run(Thread.java:818)
08-05 16:33:58.351  2290  4504 E baseline.com.newsblur.network.APIResponse: Caused by: java.io.EOFException: \n not found: limit=0 content=
08-05 16:33:58.351  2290  4504 E baseline.com.newsblur.network.APIResponse: 	at okio.RealBufferedSource.readUtf8LineStrict(RealBufferedSource.java:240)
08-05 16:33:58.351  2290  4504 E baseline.com.newsblur.network.APIResponse: 	at okhttp3.internal.http1.Http1ExchangeCodec.readHeaderLine(Http1ExchangeCodec.java:242)
08-05 16:33:58.351  2290  4504 E baseline.com.newsblur.network.APIResponse: 	at okhttp3.internal.http1.Http1ExchangeCodec.readResponseHeaders(Http1ExchangeCodec.java:213)
08-05 16:33:58.351  2290  4504 E baseline.com.newsblur.network.APIResponse: 	... 28 more
08-05 16:33:58.353  2290  4504 W baseline.com.newsblur.service.NBSyncService: Bad response to feed_unread_count
08-05 16:33:58.548  2290  2305 I art     : Starting a blocking GC Explicit
08-05 16:33:58.598  2290  2305 I art     : Explicit concurrent mark sweep GC freed 4450(422KB) AllocSpace objects, 6(120KB) LOS objects, 29% free, 37MB/53MB, paused 1.517ms total 48.977ms
08-05 16:33:58.612  2290  2305 I art     : Starting a blocking GC Explicit
08-05 16:33:58.657  2290  2305 I art     : Explicit concurrent mark sweep GC freed 136(5KB) AllocSpace objects, 0(0B) LOS objects, 29% free, 37MB/53MB, paused 1.443ms total 44.926ms
08-05 16:33:58.670  2290  2305 I art     : Starting a blocking GC Explicit
08-05 16:33:58.716  2290  2305 I art     : Explicit concurrent mark sweep GC freed 3(96B) AllocSpace objects, 0(0B) LOS objects, 29% free, 37MB/53MB, paused 1.429ms total 45.945ms
08-05 16:33:58.729  2290  2305 I art     : Starting a blocking GC Explicit
08-05 16:33:58.774  2290  2305 I art     : Explicit concurrent mark sweep GC freed 3(96B) AllocSpace objects, 0(0B) LOS objects, 29% free, 37MB/53MB, paused 1.481ms total 44.898ms
08-05 16:33:58.787  2290  2305 I art     : Starting a blocking GC Explicit
08-05 16:33:58.834  2290  2305 I art     : Explicit concurrent mark sweep GC freed 1597(62KB) AllocSpace objects, 0(0B) LOS objects, 29% free, 37MB/53MB, paused 1.571ms total 46.740ms
08-05 16:33:58.880  2290  4504 E baseline.com.newsblur.network.APIResponse: Error (unexpected end of stream on https://www.newsblur.com/...) calling https://www.newsblur.com/reader/mark_story_hashes_as_read/
08-05 16:33:58.880  2290  4504 E baseline.com.newsblur.network.APIResponse: java.io.IOException: unexpected end of stream on https://www.newsblur.com/...
08-05 16:33:58.880  2290  4504 E baseline.com.newsblur.network.APIResponse: 	at okhttp3.internal.http1.Http1ExchangeCodec.readResponseHeaders(Http1ExchangeCodec.java:236)
08-05 16:33:58.880  2290  4504 E baseline.com.newsblur.network.APIResponse: 	at okhttp3.internal.connection.Exchange.readResponseHeaders(Exchange.java:115)
08-05 16:33:58.880  2290  4504 E baseline.com.newsblur.network.APIResponse: 	at okhttp3.internal.http.CallServerInterceptor.intercept(CallServerInterceptor.java:94)
08-05 16:33:58.880  2290  4504 E baseline.com.newsblur.network.APIResponse: 	at okhttp3.internal.http.RealInterceptorChain.proceed(RealInterceptorChain.java:142)
08-05 16:33:58.880  2290  4504 E baseline.com.newsblur.network.APIResponse: 	at okhttp3.internal.connection.ConnectInterceptor.intercept(ConnectInterceptor.java:43)
08-05 16:33:58.880  2290  4504 E baseline.com.newsblur.network.APIResponse: 	at okhttp3.internal.http.RealInterceptorChain.proceed(RealInterceptorChain.java:142)
08-05 16:33:58.880  2290  4504 E baseline.com.newsblur.network.APIResponse: 	at okhttp3.internal.http.RealInterceptorChain.proceed(RealInterceptorChain.java:117)
08-05 16:33:58.880  2290  4504 E baseline.com.newsblur.network.APIResponse: 	at okhttp3.internal.cache.CacheInterceptor.intercept(CacheInterceptor.java:94)
08-05 16:33:58.880  2290  4504 E baseline.com.newsblur.network.APIResponse: 	at okhttp3.internal.http.RealInterceptorChain.proceed(RealInterceptorChain.java:142)
08-05 16:33:58.880  2290  4504 E baseline.com.newsblur.network.APIResponse: 	at okhttp3.internal.http.RealInterceptorChain.proceed(RealInterceptorChain.java:117)
08-05 16:33:58.880  2290  4504 E baseline.com.newsblur.network.APIResponse: 	at okhttp3.internal.http.BridgeInterceptor.intercept(BridgeInterceptor.java:93)
08-05 16:33:58.880  2290  4504 E baseline.com.newsblur.network.APIResponse: 	at okhttp3.internal.http.RealInterceptorChain.proceed(RealInterceptorChain.java:142)
08-05 16:33:58.880  2290  4504 E baseline.com.newsblur.network.APIResponse: 	at okhttp3.internal.http.RetryAndFollowUpInterceptor.intercept(RetryAndFollowUpInterceptor.java:88)
08-05 16:33:58.880  2290  4504 E baseline.com.newsblur.network.APIResponse: 	at okhttp3.internal.http.RealInterceptorChain.proceed(RealInterceptorChain.java:142)
08-05 16:33:58.880  2290  4504 E baseline.com.newsblur.network.APIResponse: 	at okhttp3.internal.http.RealInterceptorChain.proceed(RealInterceptorChain.java:117)
08-05 16:33:58.880  2290  4504 E baseline.com.newsblur.network.APIResponse: 	at okhttp3.RealCall.getResponseWithInterceptorChain(RealCall.java:229)
08-05 16:33:58.880  2290  4504 E baseline.com.newsblur.network.APIResponse: 	at okhttp3.RealCall.execute(RealCall.java:81)
08-05 16:33:58.880  2290  4504 E baseline.com.newsblur.network.APIResponse: 	at baseline.com.newsblur.network.APIResponse.<init>(APIResponse.java:57)
08-05 16:33:58.880  2290  4504 E baseline.com.newsblur.network.APIResponse: 	at baseline.com.newsblur.network.APIResponse.<init>(APIResponse.java:43)
08-05 16:33:58.880  2290  4504 E baseline.com.newsblur.network.APIResponse: 	at baseline.com.newsblur.network.APIManager.post_single(APIManager.java:702)
08-05 16:33:58.880  2290  4504 E baseline.com.newsblur.network.APIResponse: 	at baseline.com.newsblur.network.APIManager.post(APIManager.java:675)
08-05 16:33:58.880  2290  4504 E baseline.com.newsblur.network.APIResponse: 	at baseline.com.newsblur.network.APIManager.post(APIManager.java:714)
08-05 16:33:58.880  2290  4504 E baseline.com.newsblur.network.APIResponse: 	at baseline.com.newsblur.network.APIManager.markStoryAsRead(APIManager.java:205)
08-05 16:33:58.880  2290  4504 E baseline.com.newsblur.network.APIResponse: 	at baseline.com.newsblur.util.ReadingAction.doRemote(ReadingAction.java:281)
08-05 16:33:58.880  2290  4504 E baseline.com.newsblur.network.APIResponse: 	at baseline.com.newsblur.service.NBSyncService.syncActions(NBSyncService.java:400)
08-05 16:33:58.880  2290  4504 E baseline.com.newsblur.network.APIResponse: 	at baseline.com.newsblur.service.NBSyncService.doSync(NBSyncService.java:298)
08-05 16:33:58.880  2290  4504 E baseline.com.newsblur.network.APIResponse: 	at baseline.com.newsblur.service.NBSyncService.access$100(NBSyncService.java:67)
08-05 16:33:58.880  2290  4504 E baseline.com.newsblur.network.APIResponse: 	at baseline.com.newsblur.service.NBSyncService$1.run(NBSyncService.java:188)
08-05 16:33:58.880  2290  4504 E baseline.com.newsblur.network.APIResponse: 	at java.util.concurrent.ThreadPoolExecutor.runWorker(ThreadPoolExecutor.java:1113)
08-05 16:33:58.880  2290  4504 E baseline.com.newsblur.network.APIResponse: 	at java.util.concurrent.ThreadPoolExecutor$Worker.run(ThreadPoolExecutor.java:588)
08-05 16:33:58.880  2290  4504 E baseline.com.newsblur.network.APIResponse: 	at java.lang.Thread.run(Thread.java:818)
08-05 16:33:58.880  2290  4504 E baseline.com.newsblur.network.APIResponse: Caused by: java.io.EOFException: \n not found: limit=0 content=
08-05 16:33:58.880  2290  4504 E baseline.com.newsblur.network.APIResponse: 	at okio.RealBufferedSource.readUtf8LineStrict(RealBufferedSource.java:240)
08-05 16:33:58.880  2290  4504 E baseline.com.newsblur.network.APIResponse: 	at okhttp3.internal.http1.Http1ExchangeCodec.readHeaderLine(Http1ExchangeCodec.java:242)
08-05 16:33:58.880  2290  4504 E baseline.com.newsblur.network.APIResponse: 	at okhttp3.internal.http1.Http1ExchangeCodec.readResponseHeaders(Http1ExchangeCodec.java:213)
08-05 16:33:58.880  2290  4504 E baseline.com.newsblur.network.APIResponse: 	... 30 more
08-05 16:33:58.882  2290  4504 I baseline.com.newsblur.network.APIManager: API call failed, pausing before retry number 1
08-05 16:33:58.957  4848  4848 D AndroidRuntime: >>>>>> START com.android.internal.os.RuntimeInit uid 2000 <<<<<<
08-05 16:33:58.964  4848  4848 D AndroidRuntime: CheckJNI is OFF
08-05 16:33:59.006  4848  4848 D ICU     : No timezone override file found: /data/misc/zoneinfo/current/icu/icu_tzdata.dat
08-05 16:33:59.047  4848  4848 I Radio-JNI: register_android_hardware_Radio DONE
08-05 16:33:59.076  4848  4848 D AndroidRuntime: Calling main entry com.android.commands.input.Input
08-05 16:33:59.078  4848  4848 I Input   : injectMotionEvent: MotionEvent { action=ACTION_DOWN, actionButton=0, id[0]=0, x[0]=436.0, y[0]=453.0, toolType[0]=TOOL_TYPE_UNKNOWN, buttonState=0, metaState=0, flags=0x0, edgeFlags=0x0, pointerCount=1, historySize=0, eventTime=808455490, downTime=808455490, deviceId=0, source=0x1002 }
08-05 16:33:59.083  4848  4848 I Input   : injectMotionEvent: MotionEvent { action=ACTION_UP, actionButton=0, id[0]=0, x[0]=436.0, y[0]=453.0, toolType[0]=TOOL_TYPE_UNKNOWN, buttonState=0, metaState=0, flags=0x0, edgeFlags=0x0, pointerCount=1, historySize=0, eventTime=808455490, downTime=808455490, deviceId=0, source=0x1002 }
08-05 16:33:59.086  4848  4848 D AndroidRuntime: Shutting down VM
08-05 16:33:59.104   512  2967 D audio_hw_primary: out_set_parameters: enter: usecase(1: low-latency-playback) kvpairs: routing=2
08-05 16:33:59.105   918  5132 I ActivityManager: START u0 {cmp=baseline.com.newsblur/.activity.GlobalSharedStoriesReading (has extras)} from uid 10676 on display 0
08-05 16:33:59.119   512  2967 D audio_hw_primary: select_devices: out_snd_device(2: speaker) in_snd_device(0: none)
08-05 16:33:59.119   512  2967 D msm8974_platform: platform_send_audio_calibration: sending audio calibration for snd_device(2) acdb_id(15)
08-05 16:33:59.119   512  2967 I soundtrigger: audio_extn_sound_trigger_update_device_status: device 0x2 of type 0 for Event 1
08-05 16:33:59.135   512  2967 D audio_hw_primary: enable_snd_device: snd_device(2: speaker)
08-05 16:33:59.137   512  2967 D audio_hw_primary: enable_audio_route: apply and update mixer path: low-latency-playback speaker
08-05 16:33:59.218  2290  3568 I art     : Starting a blocking GC Explicit
08-05 16:33:59.264  2290  3568 I art     : Explicit concurrent mark sweep GC freed 3842(425KB) AllocSpace objects, 7(568KB) LOS objects, 29% free, 37MB/53MB, paused 1.379ms total 46.187ms
08-05 16:33:59.277  2290  3568 I art     : Starting a blocking GC Explicit
08-05 16:33:59.321  2290  3568 I art     : Explicit concurrent mark sweep GC freed 448(40KB) AllocSpace objects, 1(20KB) LOS objects, 29% free, 37MB/53MB, paused 1.276ms total 43.884ms
08-05 16:33:59.335  2290  3568 I art     : Starting a blocking GC Explicit
08-05 16:33:59.340   518   646 I ThermalEngine: ACTION: GPU - Setting GPU[0] to 510000000
08-05 16:33:59.358   918   936 I ActivityManager: Displayed baseline.com.newsblur/.activity.GlobalSharedStoriesReading: +241ms
08-05 16:33:59.358 13866 13866 I GoogleInputMethodServic: GoogleInputMethodService.onFinishInput():3138 
08-05 16:33:59.359 13866 13866 I GoogleInputMethodServic: GoogleInputMethodService.onStartInput():1808 
08-05 16:33:59.383  2290  3568 I art     : Explicit concurrent mark sweep GC freed 585(47KB) AllocSpace objects, 1(20KB) LOS objects, 29% free, 38MB/54MB, paused 1.373ms total 47.128ms
08-05 16:33:59.394  2290  3568 I art     : Starting a blocking GC Explicit
08-05 16:33:59.432  2290  3568 I art     : Explicit concurrent mark sweep GC freed 1666(107KB) AllocSpace objects, 3(68KB) LOS objects, 29% free, 38MB/54MB, paused 1.611ms total 37.884ms
08-05 16:33:59.445  2290  3568 I art     : Starting a blocking GC Explicit
08-05 16:33:59.485  2290  3568 I art     : Explicit concurrent mark sweep GC freed 838(63KB) AllocSpace objects, 10(244KB) LOS objects, 29% free, 38MB/54MB, paused 1.156ms total 39.443ms
08-05 16:33:59.583  2290  4188 E chromium: [ERROR:tile_manager.cc(793)] WARNING: tile memory limits exceeded, some content may not draw
08-05 16:33:59.584  2290  4188 E chromium: [ERROR:tile_manager.cc(793)] WARNING: tile memory limits exceeded, some content may not draw
08-05 16:33:59.668   512  2967 D audio_hw_primary: disable_audio_route: reset and update mixer path: low-latency-playback speaker
08-05 16:33:59.670   512  2967 D audio_hw_primary: disable_snd_device: snd_device(2: speaker)
08-05 16:33:59.679   512  2967 I soundtrigger: audio_extn_sound_trigger_update_device_status: device 0x2 of type 0 for Event 0
08-05 16:33:59.827  2290  4756 I art     : Starting a blocking GC Explicit
08-05 16:33:59.861  2290  4756 I art     : Explicit concurrent mark sweep GC freed 2285(175KB) AllocSpace objects, 2(40KB) LOS objects, 29% free, 38MB/54MB, paused 935us total 33.623ms
08-05 16:33:59.870  2290  4756 I art     : Starting a blocking GC Explicit
08-05 16:33:59.904  2290  4756 I art     : Explicit concurrent mark sweep GC freed 87(3KB) AllocSpace objects, 0(0B) LOS objects, 29% free, 38MB/54MB, paused 964us total 33.261ms
08-05 16:33:59.914  2290  4756 I art     : Starting a blocking GC Explicit
08-05 16:33:59.948  2290  4756 I art     : Explicit concurrent mark sweep GC freed 3(96B) AllocSpace objects, 0(0B) LOS objects, 29% free, 38MB/54MB, paused 960us total 33.866ms
08-05 16:33:59.957  2290  4756 I art     : Starting a blocking GC Explicit
08-05 16:33:59.995  2290  4756 I art     : Explicit concurrent mark sweep GC freed 3(96B) AllocSpace objects, 0(0B) LOS objects, 29% free, 38MB/54MB, paused 1.024ms total 37.200ms
08-05 16:34:00.005  2290  4756 I art     : Starting a blocking GC Explicit
08-05 16:34:00.042  2290  4756 I art     : Explicit concurrent mark sweep GC freed 3(96B) AllocSpace objects, 0(0B) LOS objects, 29% free, 38MB/54MB, paused 1.049ms total 36.941ms
08-05 16:34:00.347   518   646 I ThermalEngine: ACTION: GPU - Setting GPU[0] to 450000000
08-05 16:34:00.392  2290  4438 I art     : Starting a blocking GC Explicit
08-05 16:34:00.442  2290  4438 I art     : Explicit concurrent mark sweep GC freed 1536(86KB) AllocSpace objects, 1(20KB) LOS objects, 29% free, 38MB/54MB, paused 1.468ms total 50.200ms
08-05 16:34:00.458  2290  4438 I art     : Starting a blocking GC Explicit
08-05 16:34:00.505  2290  4438 I art     : Explicit concurrent mark sweep GC freed 102(6KB) AllocSpace objects, 0(0B) LOS objects, 29% free, 38MB/54MB, paused 1.388ms total 46.741ms
08-05 16:34:00.519  2290  4438 I art     : Starting a blocking GC Explicit
08-05 16:34:00.566  2290  4438 I art     : Explicit concurrent mark sweep GC freed 3(96B) AllocSpace objects, 0(0B) LOS objects, 29% free, 38MB/54MB, paused 1.599ms total 46.846ms
08-05 16:34:00.579  2290  4438 I art     : Starting a blocking GC Explicit
08-05 16:34:00.627  2290  4438 I art     : Explicit concurrent mark sweep GC freed 3(96B) AllocSpace objects, 0(0B) LOS objects, 29% free, 38MB/54MB, paused 1.397ms total 46.910ms
08-05 16:34:00.640  2290  4438 I art     : Starting a blocking GC Explicit
08-05 16:34:00.687  2290  4438 I art     : Explicit concurrent mark sweep GC freed 15(480B) AllocSpace objects, 0(0B) LOS objects, 29% free, 38MB/54MB, paused 1.559ms total 47.043ms
08-05 16:34:00.920  2290  4504 E baseline.com.newsblur.network.APIResponse: Error (unexpected end of stream on https://www.newsblur.com/...) calling https://www.newsblur.com/reader/mark_story_hashes_as_read/
08-05 16:34:00.920  2290  4504 E baseline.com.newsblur.network.APIResponse: java.io.IOException: unexpected end of stream on https://www.newsblur.com/...
08-05 16:34:00.920  2290  4504 E baseline.com.newsblur.network.APIResponse: 	at okhttp3.internal.http1.Http1ExchangeCodec.readResponseHeaders(Http1ExchangeCodec.java:236)
08-05 16:34:00.920  2290  4504 E baseline.com.newsblur.network.APIResponse: 	at okhttp3.internal.connection.Exchange.readResponseHeaders(Exchange.java:115)
08-05 16:34:00.920  2290  4504 E baseline.com.newsblur.network.APIResponse: 	at okhttp3.internal.http.CallServerInterceptor.intercept(CallServerInterceptor.java:94)
08-05 16:34:00.920  2290  4504 E baseline.com.newsblur.network.APIResponse: 	at okhttp3.internal.http.RealInterceptorChain.proceed(RealInterceptorChain.java:142)
08-05 16:34:00.920  2290  4504 E baseline.com.newsblur.network.APIResponse: 	at okhttp3.internal.connection.ConnectInterceptor.intercept(ConnectInterceptor.java:43)
08-05 16:34:00.920  2290  4504 E baseline.com.newsblur.network.APIResponse: 	at okhttp3.internal.http.RealInterceptorChain.proceed(RealInterceptorChain.java:142)
08-05 16:34:00.920  2290  4504 E baseline.com.newsblur.network.APIResponse: 	at okhttp3.internal.http.RealInterceptorChain.proceed(RealInterceptorChain.java:117)
08-05 16:34:00.920  2290  4504 E baseline.com.newsblur.network.APIResponse: 	at okhttp3.internal.cache.CacheInterceptor.intercept(CacheInterceptor.java:94)
08-05 16:34:00.920  2290  4504 E baseline.com.newsblur.network.APIResponse: 	at okhttp3.internal.http.RealInterceptorChain.proceed(RealInterceptorChain.java:142)
08-05 16:34:00.920  2290  4504 E baseline.com.newsblur.network.APIResponse: 	at okhttp3.internal.http.RealInterceptorChain.proceed(RealInterceptorChain.java:117)
08-05 16:34:00.920  2290  4504 E baseline.com.newsblur.network.APIResponse: 	at okhttp3.internal.http.BridgeInterceptor.intercept(BridgeInterceptor.java:93)
08-05 16:34:00.920  2290  4504 E baseline.com.newsblur.network.APIResponse: 	at okhttp3.internal.http.RealInterceptorChain.proceed(RealInterceptorChain.java:142)
08-05 16:34:00.920  2290  4504 E baseline.com.newsblur.network.APIResponse: 	at okhttp3.internal.http.RetryAndFollowUpInterceptor.intercept(RetryAndFollowUpInterceptor.java:88)
08-05 16:34:00.920  2290  4504 E baseline.com.newsblur.network.APIResponse: 	at okhttp3.internal.http.RealInterceptorChain.proceed(RealInterceptorChain.java:142)
08-05 16:34:00.920  2290  4504 E baseline.com.newsblur.network.APIResponse: 	at okhttp3.internal.http.RealInterceptorChain.proceed(RealInterceptorChain.java:117)
08-05 16:34:00.920  2290  4504 E baseline.com.newsblur.network.APIResponse: 	at okhttp3.RealCall.getResponseWithInterceptorChain(RealCall.java:229)
08-05 16:34:00.920  2290  4504 E baseline.com.newsblur.network.APIResponse: 	at okhttp3.RealCall.execute(RealCall.java:81)
08-05 16:34:00.920  2290  4504 E baseline.com.newsblur.network.APIResponse: 	at baseline.com.newsblur.network.APIResponse.<init>(APIResponse.java:57)
08-05 16:34:00.920  2290  4504 E baseline.com.newsblur.network.APIResponse: 	at baseline.com.newsblur.network.APIResponse.<init>(APIResponse.java:43)
08-05 16:34:00.920  2290  4504 E baseline.com.newsblur.network.APIResponse: 	at baseline.com.newsblur.network.APIManager.post_single(APIManager.java:702)
08-05 16:34:00.920  2290  4504 E baseline.com.newsblur.network.APIResponse: 	at baseline.com.newsblur.network.APIManager.post(APIManager.java:675)
08-05 16:34:00.920  2290  4504 E baseline.com.newsblur.network.APIResponse: 	at baseline.com.newsblur.network.APIManager.post(APIManager.java:714)
08-05 16:34:00.920  2290  4504 E baseline.com.newsblur.network.APIResponse: 	at baseline.com.newsblur.network.APIManager.markStoryAsRead(APIManager.java:205)
08-05 16:34:00.920  2290  4504 E baseline.com.newsblur.network.APIResponse: 	at baseline.com.newsblur.util.ReadingAction.doRemote(ReadingAction.java:281)
08-05 16:34:00.920  2290  4504 E baseline.com.newsblur.network.APIResponse: 	at baseline.com.newsblur.service.NBSyncService.syncActions(NBSyncService.java:400)
08-05 16:34:00.920  2290  4504 E baseline.com.newsblur.network.APIResponse: 	at baseline.com.newsblur.service.NBSyncService.doSync(NBSyncService.java:298)
08-05 16:34:00.920  2290  4504 E baseline.com.newsblur.network.APIResponse: 	at baseline.com.newsblur.service.NBSyncService.access$100(NBSyncService.java:67)
08-05 16:34:00.920  2290  4504 E baseline.com.newsblur.network.APIResponse: 	at baseline.com.newsblur.service.NBSyncService$1.run(NBSyncService.java:188)
08-05 16:34:00.920  2290  4504 E baseline.com.newsblur.network.APIResponse: 	at java.util.concurrent.ThreadPoolExecutor.runWorker(ThreadPoolExecutor.java:1113)
08-05 16:34:00.920  2290  4504 E baseline.com.newsblur.network.APIResponse: 	at java.util.concurrent.ThreadPoolExecutor$Worker.run(ThreadPoolExecutor.java:588)
08-05 16:34:00.920  2290  4504 E baseline.com.newsblur.network.APIResponse: 	at java.lang.Thread.run(Thread.java:818)
08-05 16:34:00.920  2290  4504 E baseline.com.newsblur.network.APIResponse: Caused by: java.io.EOFException: \n not found: limit=0 content=
08-05 16:34:00.920  2290  4504 E baseline.com.newsblur.network.APIResponse: 	at okio.RealBufferedSource.readUtf8LineStrict(RealBufferedSource.java:240)
08-05 16:34:00.920  2290  4504 E baseline.com.newsblur.network.APIResponse: 	at okhttp3.internal.http1.Http1ExchangeCodec.readHeaderLine(Http1ExchangeCodec.java:242)
08-05 16:34:00.920  2290  4504 E baseline.com.newsblur.network.APIResponse: 	at okhttp3.internal.http1.Http1ExchangeCodec.readResponseHeaders(Http1ExchangeCodec.java:213)
08-05 16:34:00.920  2290  4504 E baseline.com.newsblur.network.APIResponse: 	... 30 more
08-05 16:34:00.921  2290  4504 I baseline.com.newsblur.network.APIManager: API call failed, pausing before retry number 2
08-05 16:34:01.064  2290  4756 I art     : Starting a blocking GC Explicit
08-05 16:34:01.119  2290  4756 I art     : Explicit concurrent mark sweep GC freed 4002(359KB) AllocSpace objects, 3(60KB) LOS objects, 29% free, 38MB/54MB, paused 1.579ms total 54.701ms
08-05 16:34:01.135  2290  4756 I art     : Starting a blocking GC Explicit
08-05 16:34:01.188  2290  4756 I art     : Explicit concurrent mark sweep GC freed 119(4KB) AllocSpace objects, 0(0B) LOS objects, 29% free, 38MB/54MB, paused 1.528ms total 52.415ms
08-05 16:34:01.201  2290  4756 I art     : Starting a blocking GC Explicit
08-05 16:34:01.254  2290  4756 I art     : Explicit concurrent mark sweep GC freed 3(96B) AllocSpace objects, 0(0B) LOS objects, 29% free, 38MB/54MB, paused 1.465ms total 52.721ms
08-05 16:34:01.269  2290  4756 I art     : Starting a blocking GC Explicit
08-05 16:34:01.322  2290  4756 I art     : Explicit concurrent mark sweep GC freed 3(96B) AllocSpace objects, 0(0B) LOS objects, 29% free, 38MB/54MB, paused 1.489ms total 52.515ms
08-05 16:34:01.339  2290  4756 I art     : Starting a blocking GC Explicit
08-05 16:34:01.389  2290  4756 I art     : Explicit concurrent mark sweep GC freed 3(96B) AllocSpace objects, 0(0B) LOS objects, 29% free, 38MB/54MB, paused 1.396ms total 49.858ms
08-05 16:34:01.425   918  3188 I hubconnection: sensorhub said: 'set_bias 3: -5.7984, 0.0000, 0.0000'
08-05 16:34:01.707   918  1210 D NetlinkSocketObserver: NeighborEvent{elapsedMs=1791845582, 192.168.2.254, [7C3953A63323], RTM_NEWNEIGH, NUD_PROBE}
08-05 16:34:01.779  2290  4438 I art     : Starting a blocking GC Explicit
08-05 16:34:01.832  2290  4438 I art     : Explicit concurrent mark sweep GC freed 1444(83KB) AllocSpace objects, 1(20KB) LOS objects, 29% free, 38MB/54MB, paused 1.459ms total 52.594ms
08-05 16:34:01.845  2290  4438 I art     : Starting a blocking GC Explicit
08-05 16:34:01.897  2290  4438 I art     : Explicit concurrent mark sweep GC freed 22(784B) AllocSpace objects, 0(0B) LOS objects, 29% free, 38MB/54MB, paused 1.503ms total 51.808ms
08-05 16:34:01.911  2290  4438 I art     : Starting a blocking GC Explicit
08-05 16:34:01.963  2290  4438 I art     : Explicit concurrent mark sweep GC freed 3(96B) AllocSpace objects, 0(0B) LOS objects, 29% free, 38MB/54MB, paused 1.469ms total 52.008ms
08-05 16:34:01.977  2290  4438 I art     : Starting a blocking GC Explicit
08-05 16:34:02.029  2290  4438 I art     : Explicit concurrent mark sweep GC freed 3(96B) AllocSpace objects, 0(0B) LOS objects, 29% free, 38MB/54MB, paused 1.503ms total 52.148ms
08-05 16:34:02.043  2290  4438 I art     : Starting a blocking GC Explicit
08-05 16:34:02.094  2290  4438 I art     : Explicit concurrent mark sweep GC freed 3(96B) AllocSpace objects, 0(0B) LOS objects, 29% free, 38MB/54MB, paused 1.462ms total 50.642ms
08-05 16:34:02.495  2290  2305 I art     : Starting a blocking GC Explicit
08-05 16:34:02.549  2290  2305 I art     : Explicit concurrent mark sweep GC freed 1443(83KB) AllocSpace objects, 1(20KB) LOS objects, 29% free, 38MB/54MB, paused 1.491ms total 52.934ms
08-05 16:34:02.562  2290  2305 I art     : Starting a blocking GC Explicit
08-05 16:34:02.613  2290  2305 I art     : Explicit concurrent mark sweep GC freed 22(784B) AllocSpace objects, 0(0B) LOS objects, 29% free, 38MB/54MB, paused 1.408ms total 50.217ms
08-05 16:34:02.627  2290  2305 I art     : Starting a blocking GC Explicit
08-05 16:34:02.680  2290  2305 I art     : Explicit concurrent mark sweep GC freed 3(96B) AllocSpace objects, 0(0B) LOS objects, 29% free, 38MB/54MB, paused 1.547ms total 52.597ms
08-05 16:34:02.693  2290  2305 I art     : Starting a blocking GC Explicit
08-05 16:34:02.746  2290  2305 I art     : Explicit concurrent mark sweep GC freed 3(96B) AllocSpace objects, 0(0B) LOS objects, 29% free, 38MB/54MB, paused 1.426ms total 52.225ms
08-05 16:34:02.762  2290  2305 I art     : Starting a blocking GC Explicit
08-05 16:34:02.813  2290  2305 I art     : Explicit concurrent mark sweep GC freed 3(96B) AllocSpace objects, 0(0B) LOS objects, 29% free, 38MB/54MB, paused 1.402ms total 50.936ms
08-05 16:34:03.186  2290  2302 I art     : Starting a blocking GC Explicit
08-05 16:34:03.240  2290  2302 I art     : Explicit concurrent mark sweep GC freed 1444(83KB) AllocSpace objects, 1(20KB) LOS objects, 29% free, 38MB/54MB, paused 1.478ms total 53.516ms
08-05 16:34:03.257  2290  2302 I art     : Starting a blocking GC Explicit
08-05 16:34:03.306  2290  2302 I art     : Explicit concurrent mark sweep GC freed 22(784B) AllocSpace objects, 0(0B) LOS objects, 29% free, 38MB/54MB, paused 1.330ms total 48.159ms
08-05 16:34:03.319  2290  2302 I art     : Starting a blocking GC Explicit
08-05 16:34:03.367  2290  2302 I art     : Explicit concurrent mark sweep GC freed 3(96B) AllocSpace objects, 0(0B) LOS objects, 29% free, 38MB/54MB, paused 1.335ms total 47.576ms
08-05 16:34:03.380  2290  2302 I art     : Starting a blocking GC Explicit
08-05 16:34:03.424  2290  2302 I art     : Explicit concurrent mark sweep GC freed 3(96B) AllocSpace objects, 0(0B) LOS objects, 29% free, 38MB/54MB, paused 1.355ms total 43.860ms
08-05 16:34:03.437  2290  2302 I art     : Starting a blocking GC Explicit
08-05 16:34:03.483  2290  2302 I art     : Explicit concurrent mark sweep GC freed 3(96B) AllocSpace objects, 0(0B) LOS objects, 29% free, 38MB/54MB, paused 1.388ms total 45.325ms
08-05 16:34:03.878  4942  4942 D AndroidRuntime: >>>>>> START com.android.internal.os.RuntimeInit uid 2000 <<<<<<
08-05 16:34:03.884  4942  4942 D AndroidRuntime: CheckJNI is OFF
08-05 16:34:03.885  2290  3568 I art     : Starting a blocking GC Explicit
08-05 16:34:03.931  4942  4942 D ICU     : No timezone override file found: /data/misc/zoneinfo/current/icu/icu_tzdata.dat
08-05 16:34:03.935  2290  3568 I art     : Explicit concurrent mark sweep GC freed 1535(86KB) AllocSpace objects, 1(20KB) LOS objects, 29% free, 38MB/54MB, paused 1.653ms total 49.754ms
08-05 16:34:03.948  2290  3568 I art     : Starting a blocking GC Explicit
08-05 16:34:03.977  4942  4942 I Radio-JNI: register_android_hardware_Radio DONE
08-05 16:34:03.997  2290  3568 I art     : Explicit concurrent mark sweep GC freed 28(1040B) AllocSpace objects, 0(0B) LOS objects, 29% free, 38MB/54MB, paused 1.508ms total 48.891ms
08-05 16:34:04.007  4942  4942 D AndroidRuntime: Calling main entry com.android.commands.input.Input
08-05 16:34:04.009  4942  4942 I Input   : injectKeyEvent: KeyEvent { action=ACTION_DOWN, keyCode=KEYCODE_BACK, scanCode=0, metaState=0, flags=0x0, repeatCount=0, eventTime=808460422, downTime=808460422, deviceId=-1, source=0x101 }
08-05 16:34:04.011  2290  3568 I art     : Starting a blocking GC Explicit
08-05 16:34:04.017  4942  4942 I Input   : injectKeyEvent: KeyEvent { action=ACTION_UP, keyCode=KEYCODE_BACK, scanCode=0, metaState=0, flags=0x0, repeatCount=0, eventTime=808460422, downTime=808460422, deviceId=-1, source=0x101 }
08-05 16:34:04.024  4942  4942 D AndroidRuntime: Shutting down VM
08-05 16:34:04.054  2290  3568 I art     : Explicit concurrent mark sweep GC freed 281(42KB) AllocSpace objects, 2(40KB) LOS objects, 29% free, 38MB/54MB, paused 1.337ms total 43.600ms
08-05 16:34:04.066  2290  3568 I art     : Starting a blocking GC Explicit
08-05 16:34:04.110  2290  3568 I art     : Explicit concurrent mark sweep GC freed 53(2960B) AllocSpace objects, 0(0B) LOS objects, 29% free, 38MB/54MB, paused 1.371ms total 43.745ms
08-05 16:34:04.123  2290  3568 I art     : Starting a blocking GC Explicit
08-05 16:34:04.169  2290  3568 I art     : Explicit concurrent mark sweep GC freed 580(43KB) AllocSpace objects, 1(20KB) LOS objects, 29% free, 38MB/54MB, paused 1.438ms total 46.049ms
08-05 16:34:04.189 13866 13866 I GoogleInputMethodServic: GoogleInputMethodService.onFinishInput():3138 
08-05 16:34:04.190 13866 13866 I GoogleInputMethodServic: GoogleInputMethodService.onStartInput():1808 
08-05 16:34:04.483  2290  4504 E baseline.com.newsblur.network.APIResponse: Error (unexpected end of stream on https://www.newsblur.com/...) calling https://www.newsblur.com/reader/mark_story_hashes_as_read/
08-05 16:34:04.483  2290  4504 E baseline.com.newsblur.network.APIResponse: java.io.IOException: unexpected end of stream on https://www.newsblur.com/...
08-05 16:34:04.483  2290  4504 E baseline.com.newsblur.network.APIResponse: 	at okhttp3.internal.http1.Http1ExchangeCodec.readResponseHeaders(Http1ExchangeCodec.java:236)
08-05 16:34:04.483  2290  4504 E baseline.com.newsblur.network.APIResponse: 	at okhttp3.internal.connection.Exchange.readResponseHeaders(Exchange.java:115)
08-05 16:34:04.483  2290  4504 E baseline.com.newsblur.network.APIResponse: 	at okhttp3.internal.http.CallServerInterceptor.intercept(CallServerInterceptor.java:94)
08-05 16:34:04.483  2290  4504 E baseline.com.newsblur.network.APIResponse: 	at okhttp3.internal.http.RealInterceptorChain.proceed(RealInterceptorChain.java:142)
08-05 16:34:04.483  2290  4504 E baseline.com.newsblur.network.APIResponse: 	at okhttp3.internal.connection.ConnectInterceptor.intercept(ConnectInterceptor.java:43)
08-05 16:34:04.483  2290  4504 E baseline.com.newsblur.network.APIResponse: 	at okhttp3.internal.http.RealInterceptorChain.proceed(RealInterceptorChain.java:142)
08-05 16:34:04.483  2290  4504 E baseline.com.newsblur.network.APIResponse: 	at okhttp3.internal.http.RealInterceptorChain.proceed(RealInterceptorChain.java:117)
08-05 16:34:04.483  2290  4504 E baseline.com.newsblur.network.APIResponse: 	at okhttp3.internal.cache.CacheInterceptor.intercept(CacheInterceptor.java:94)
08-05 16:34:04.483  2290  4504 E baseline.com.newsblur.network.APIResponse: 	at okhttp3.internal.http.RealInterceptorChain.proceed(RealInterceptorChain.java:142)
08-05 16:34:04.483  2290  4504 E baseline.com.newsblur.network.APIResponse: 	at okhttp3.internal.http.RealInterceptorChain.proceed(RealInterceptorChain.java:117)
08-05 16:34:04.483  2290  4504 E baseline.com.newsblur.network.APIResponse: 	at okhttp3.internal.http.BridgeInterceptor.intercept(BridgeInterceptor.java:93)
08-05 16:34:04.483  2290  4504 E baseline.com.newsblur.network.APIResponse: 	at okhttp3.internal.http.RealInterceptorChain.proceed(RealInterceptorChain.java:142)
08-05 16:34:04.483  2290  4504 E baseline.com.newsblur.network.APIResponse: 	at okhttp3.internal.http.RetryAndFollowUpInterceptor.intercept(RetryAndFollowUpInterceptor.java:88)
08-05 16:34:04.483  2290  4504 E baseline.com.newsblur.network.APIResponse: 	at okhttp3.internal.http.RealInterceptorChain.proceed(RealInterceptorChain.java:142)
08-05 16:34:04.483  2290  4504 E baseline.com.newsblur.network.APIResponse: 	at okhttp3.internal.http.RealInterceptorChain.proceed(RealInterceptorChain.java:117)
08-05 16:34:04.483  2290  4504 E baseline.com.newsblur.network.APIResponse: 	at okhttp3.RealCall.getResponseWithInterceptorChain(RealCall.java:229)
08-05 16:34:04.483  2290  4504 E baseline.com.newsblur.network.APIResponse: 	at okhttp3.RealCall.execute(RealCall.java:81)
08-05 16:34:04.483  2290  4504 E baseline.com.newsblur.network.APIResponse: 	at baseline.com.newsblur.network.APIResponse.<init>(APIResponse.java:57)
08-05 16:34:04.483  2290  4504 E baseline.com.newsblur.network.APIResponse: 	at baseline.com.newsblur.network.APIResponse.<init>(APIResponse.java:43)
08-05 16:34:04.483  2290  4504 E baseline.com.newsblur.network.APIResponse: 	at baseline.com.newsblur.network.APIManager.post_single(APIManager.java:702)
08-05 16:34:04.483  2290  4504 E baseline.com.newsblur.network.APIResponse: 	at baseline.com.newsblur.network.APIManager.post(APIManager.java:675)
08-05 16:34:04.483  2290  4504 E baseline.com.newsblur.network.APIResponse: 	at baseline.com.newsblur.network.APIManager.post(APIManager.java:714)
08-05 16:34:04.483  2290  4504 E baseline.com.newsblur.network.APIResponse: 	at baseline.com.newsblur.network.APIManager.markStoryAsRead(APIManager.java:205)
08-05 16:34:04.483  2290  4504 E baseline.com.newsblur.network.APIResponse: 	at baseline.com.newsblur.util.ReadingAction.doRemote(ReadingAction.java:281)
08-05 16:34:04.483  2290  4504 E baseline.com.newsblur.network.APIResponse: 	at baseline.com.newsblur.service.NBSyncService.syncActions(NBSyncService.java:400)
08-05 16:34:04.483  2290  4504 E baseline.com.newsblur.network.APIResponse: 	at baseline.com.newsblur.service.NBSyncService.doSync(NBSyncService.java:298)
08-05 16:34:04.483  2290  4504 E baseline.com.newsblur.network.APIResponse: 	at baseline.com.newsblur.service.NBSyncService.access$100(NBSyncService.java:67)
08-05 16:34:04.483  2290  4504 E baseline.com.newsblur.network.APIResponse: 	at baseline.com.newsblur.service.NBSyncService$1.run(NBSyncService.java:188)
08-05 16:34:04.483  2290  4504 E baseline.com.newsblur.network.APIResponse: 	at java.util.concurrent.ThreadPoolExecutor.runWorker(ThreadPoolExecutor.java:1113)
08-05 16:34:04.483  2290  4504 E baseline.com.newsblur.network.APIResponse: 	at java.util.concurrent.ThreadPoolExecutor$Worker.run(ThreadPoolExecutor.java:588)
08-05 16:34:04.483  2290  4504 E baseline.com.newsblur.network.APIResponse: 	at java.lang.Thread.run(Thread.java:818)
08-05 16:34:04.483  2290  4504 E baseline.com.newsblur.network.APIResponse: Caused by: java.io.EOFException: \n not found: limit=0 content=
08-05 16:34:04.483  2290  4504 E baseline.com.newsblur.network.APIResponse: 	at okio.RealBufferedSource.readUtf8LineStrict(RealBufferedSource.java:240)
08-05 16:34:04.483  2290  4504 E baseline.com.newsblur.network.APIResponse: 	at okhttp3.internal.http1.Http1ExchangeCodec.readHeaderLine(Http1ExchangeCodec.java:242)
08-05 16:34:04.483  2290  4504 E baseline.com.newsblur.network.APIResponse: 	at okhttp3.internal.http1.Http1ExchangeCodec.readResponseHeaders(Http1ExchangeCodec.java:213)
08-05 16:34:04.483  2290  4504 E baseline.com.newsblur.network.APIResponse: 	... 30 more
08-05 16:34:04.484  2290  4504 I baseline.com.newsblur.service.NBSyncService: Holding reading action with server-side or network error.
08-05 16:34:04.496  2290  4504 W baseline.com.newsblur.service.NBSyncService: hard API failure
08-05 16:34:04.524  2290  4438 I art     : Starting a blocking GC Explicit
08-05 16:34:04.573  2290  4438 I art     : Explicit concurrent mark sweep GC freed 6708(594KB) AllocSpace objects, 9(188KB) LOS objects, 29% free, 38MB/54MB, paused 1.282ms total 48.269ms
08-05 16:34:04.586  2290  4438 I art     : Starting a blocking GC Explicit
08-05 16:34:04.633  2290  4438 I art     : Explicit concurrent mark sweep GC freed 378(20KB) AllocSpace objects, 0(0B) LOS objects, 29% free, 38MB/54MB, paused 1.441ms total 47.389ms
08-05 16:34:04.647  2290  4438 I art     : Starting a blocking GC Explicit
08-05 16:34:04.699  2290  4438 I art     : Explicit concurrent mark sweep GC freed 138(6KB) AllocSpace objects, 0(0B) LOS objects, 29% free, 38MB/54MB, paused 2.051ms total 51.263ms
08-05 16:34:04.713  2290  4438 I art     : Starting a blocking GC Explicit
08-05 16:34:04.764  2290  4438 I art     : Explicit concurrent mark sweep GC freed 11(352B) AllocSpace objects, 0(0B) LOS objects, 29% free, 38MB/54MB, paused 1.610ms total 50.968ms
08-05 16:34:04.777  2290  4438 I art     : Starting a blocking GC Explicit
08-05 16:34:04.827  2290  4438 I art     : Explicit concurrent mark sweep GC freed 11(352B) AllocSpace objects, 0(0B) LOS objects, 29% free, 38MB/54MB, paused 1.420ms total 49.461ms
08-05 16:34:04.907  2290  4504 E baseline.com.newsblur.network.APIResponse: Error (unexpected end of stream on https://www.newsblur.com/...) calling https://www.newsblur.com/reader/mark_story_hashes_as_read/
08-05 16:34:04.907  2290  4504 E baseline.com.newsblur.network.APIResponse: java.io.IOException: unexpected end of stream on https://www.newsblur.com/...
08-05 16:34:04.907  2290  4504 E baseline.com.newsblur.network.APIResponse: 	at okhttp3.internal.http1.Http1ExchangeCodec.readResponseHeaders(Http1ExchangeCodec.java:236)
08-05 16:34:04.907  2290  4504 E baseline.com.newsblur.network.APIResponse: 	at okhttp3.internal.connection.Exchange.readResponseHeaders(Exchange.java:115)
08-05 16:34:04.907  2290  4504 E baseline.com.newsblur.network.APIResponse: 	at okhttp3.internal.http.CallServerInterceptor.intercept(CallServerInterceptor.java:94)
08-05 16:34:04.907  2290  4504 E baseline.com.newsblur.network.APIResponse: 	at okhttp3.internal.http.RealInterceptorChain.proceed(RealInterceptorChain.java:142)
08-05 16:34:04.907  2290  4504 E baseline.com.newsblur.network.APIResponse: 	at okhttp3.internal.connection.ConnectInterceptor.intercept(ConnectInterceptor.java:43)
08-05 16:34:04.907  2290  4504 E baseline.com.newsblur.network.APIResponse: 	at okhttp3.internal.http.RealInterceptorChain.proceed(RealInterceptorChain.java:142)
08-05 16:34:04.907  2290  4504 E baseline.com.newsblur.network.APIResponse: 	at okhttp3.internal.http.RealInterceptorChain.proceed(RealInterceptorChain.java:117)
08-05 16:34:04.907  2290  4504 E baseline.com.newsblur.network.APIResponse: 	at okhttp3.internal.cache.CacheInterceptor.intercept(CacheInterceptor.java:94)
08-05 16:34:04.907  2290  4504 E baseline.com.newsblur.network.APIResponse: 	at okhttp3.internal.http.RealInterceptorChain.proceed(RealInterceptorChain.java:142)
08-05 16:34:04.907  2290  4504 E baseline.com.newsblur.network.APIResponse: 	at okhttp3.internal.http.RealInterceptorChain.proceed(RealInterceptorChain.java:117)
08-05 16:34:04.907  2290  4504 E baseline.com.newsblur.network.APIResponse: 	at okhttp3.internal.http.BridgeInterceptor.intercept(BridgeInterceptor.java:93)
08-05 16:34:04.907  2290  4504 E baseline.com.newsblur.network.APIResponse: 	at okhttp3.internal.http.RealInterceptorChain.proceed(RealInterceptorChain.java:142)
08-05 16:34:04.907  2290  4504 E baseline.com.newsblur.network.APIResponse: 	at okhttp3.internal.http.RetryAndFollowUpInterceptor.intercept(RetryAndFollowUpInterceptor.java:88)
08-05 16:34:04.907  2290  4504 E baseline.com.newsblur.network.APIResponse: 	at okhttp3.internal.http.RealInterceptorChain.proceed(RealInterceptorChain.java:142)
08-05 16:34:04.907  2290  4504 E baseline.com.newsblur.network.APIResponse: 	at okhttp3.internal.http.RealInterceptorChain.proceed(RealInterceptorChain.java:117)
08-05 16:34:04.907  2290  4504 E baseline.com.newsblur.network.APIResponse: 	at okhttp3.RealCall.getResponseWithInterceptorChain(RealCall.java:229)
08-05 16:34:04.907  2290  4504 E baseline.com.newsblur.network.APIResponse: 	at okhttp3.RealCall.execute(RealCall.java:81)
08-05 16:34:04.907  2290  4504 E baseline.com.newsblur.network.APIResponse: 	at baseline.com.newsblur.network.APIResponse.<init>(APIResponse.java:57)
08-05 16:34:04.907  2290  4504 E baseline.com.newsblur.network.APIResponse: 	at baseline.com.newsblur.network.APIResponse.<init>(APIResponse.java:43)
08-05 16:34:04.907  2290  4504 E baseline.com.newsblur.network.APIResponse: 	at baseline.com.newsblur.network.APIManager.post_single(APIManager.java:702)
08-05 16:34:04.907  2290  4504 E baseline.com.newsblur.network.APIResponse: 	at baseline.com.newsblur.network.APIManager.post(APIManager.java:675)
08-05 16:34:04.907  2290  4504 E baseline.com.newsblur.network.APIResponse: 	at baseline.com.newsblur.network.APIManager.post(APIManager.java:714)
08-05 16:34:04.907  2290  4504 E baseline.com.newsblur.network.APIResponse: 	at baseline.com.newsblur.network.APIManager.markStoryAsRead(APIManager.java:205)
08-05 16:34:04.907  2290  4504 E baseline.com.newsblur.network.APIResponse: 	at baseline.com.newsblur.util.ReadingAction.doRemote(ReadingAction.java:281)
08-05 16:34:04.907  2290  4504 E baseline.com.newsblur.network.APIResponse: 	at baseline.com.newsblur.service.NBSyncService.syncActions(NBSyncService.java:400)
08-05 16:34:04.907  2290  4504 E baseline.com.newsblur.network.APIResponse: 	at baseline.com.newsblur.service.NBSyncService.doSync(NBSyncService.java:298)
08-05 16:34:04.907  2290  4504 E baseline.com.newsblur.network.APIResponse: 	at baseline.com.newsblur.service.NBSyncService.access$100(NBSyncService.java:67)
08-05 16:34:04.907  2290  4504 E baseline.com.newsblur.network.APIResponse: 	at baseline.com.newsblur.service.NBSyncService$1.run(NBSyncService.java:188)
08-05 16:34:04.907  2290  4504 E baseline.com.newsblur.network.APIResponse: 	at java.util.concurrent.ThreadPoolExecutor.runWorker(ThreadPoolExecutor.java:1113)
08-05 16:34:04.907  2290  4504 E baseline.com.newsblur.network.APIResponse: 	at java.util.concurrent.ThreadPoolExecutor$Worker.run(ThreadPoolExecutor.java:588)
08-05 16:34:04.907  2290  4504 E baseline.com.newsblur.network.APIResponse: 	at java.lang.Thread.run(Thread.java:818)
08-05 16:34:04.907  2290  4504 E baseline.com.newsblur.network.APIResponse: Caused by: java.io.EOFException: \n not found: limit=0 content=
08-05 16:34:04.907  2290  4504 E baseline.com.newsblur.network.APIResponse: 	at okio.RealBufferedSource.readUtf8LineStrict(RealBufferedSource.java:240)
08-05 16:34:04.907  2290  4504 E baseline.com.newsblur.network.APIResponse: 	at okhttp3.internal.http1.Http1ExchangeCodec.readHeaderLine(Http1ExchangeCodec.java:242)
08-05 16:34:04.907  2290  4504 E baseline.com.newsblur.network.APIResponse: 	at okhttp3.internal.http1.Http1ExchangeCodec.readResponseHeaders(Http1ExchangeCodec.java:213)
08-05 16:34:04.907  2290  4504 E baseline.com.newsblur.network.APIResponse: 	... 30 more
08-05 16:34:04.908  2290  4504 I baseline.com.newsblur.network.APIManager: API call failed, pausing before retry number 1
08-05 16:34:05.207  2290  3568 I art     : Starting a blocking GC Explicit
08-05 16:34:05.263  2290  3568 I art     : Explicit concurrent mark sweep GC freed 4007(359KB) AllocSpace objects, 3(60KB) LOS objects, 29% free, 38MB/54MB, paused 1.333ms total 55.078ms
08-05 16:34:05.279  2290  3568 I art     : Starting a blocking GC Explicit
08-05 16:34:05.324  2290  3568 I art     : Explicit concurrent mark sweep GC freed 126(4KB) AllocSpace objects, 0(0B) LOS objects, 29% free, 38MB/54MB, paused 1.406ms total 45.132ms
08-05 16:34:05.337  2290  3568 I art     : Starting a blocking GC Explicit
08-05 16:34:05.383  2290  3568 I art     : Explicit concurrent mark sweep GC freed 11(352B) AllocSpace objects, 0(0B) LOS objects, 29% free, 38MB/54MB, paused 1.450ms total 45.550ms
08-05 16:34:05.396  2290  3568 I art     : Starting a blocking GC Explicit
08-05 16:34:05.446  2290  3568 I art     : Explicit concurrent mark sweep GC freed 11(352B) AllocSpace objects, 0(0B) LOS objects, 29% free, 38MB/54MB, paused 1.499ms total 49.223ms
08-05 16:34:05.460  2290  3568 I art     : Starting a blocking GC Explicit
08-05 16:34:05.509  2290  3568 I art     : Explicit concurrent mark sweep GC freed 11(352B) AllocSpace objects, 0(0B) LOS objects, 29% free, 38MB/54MB, paused 1.417ms total 49.325ms
08-05 16:34:05.823  4986  4986 D AndroidRuntime: >>>>>> START com.android.internal.os.RuntimeInit uid 2000 <<<<<<
08-05 16:34:05.829  4986  4986 D AndroidRuntime: CheckJNI is OFF
08-05 16:34:05.861  2290  3568 I art     : Starting a blocking GC Explicit
08-05 16:34:05.874  4986  4986 D ICU     : No timezone override file found: /data/misc/zoneinfo/current/icu/icu_tzdata.dat
08-05 16:34:05.913  2290  3568 I art     : Explicit concurrent mark sweep GC freed 1454(83KB) AllocSpace objects, 1(20KB) LOS objects, 29% free, 38MB/54MB, paused 1.503ms total 51.299ms
08-05 16:34:05.920  4986  4986 I Radio-JNI: register_android_hardware_Radio DONE
08-05 16:34:05.926  2290  3568 I art     : Starting a blocking GC Explicit
08-05 16:34:05.950  4986  4986 D AndroidRuntime: Calling main entry com.android.commands.input.Input
08-05 16:34:05.952  4986  4986 I Input   : injectKeyEvent: KeyEvent { action=ACTION_DOWN, keyCode=KEYCODE_BACK, scanCode=0, metaState=0, flags=0x0, repeatCount=0, eventTime=808462365, downTime=808462365, deviceId=-1, source=0x101 }
08-05 16:34:05.959  4986  4986 I Input   : injectKeyEvent: KeyEvent { action=ACTION_UP, keyCode=KEYCODE_BACK, scanCode=0, metaState=0, flags=0x0, repeatCount=0, eventTime=808462365, downTime=808462365, deviceId=-1, source=0x101 }
08-05 16:34:05.965  4986  4986 D AndroidRuntime: Shutting down VM
08-05 16:34:05.974  2290  3568 I art     : Explicit concurrent mark sweep GC freed 82(3KB) AllocSpace objects, 1(20KB) LOS objects, 29% free, 38MB/54MB, paused 1.454ms total 47.789ms
08-05 16:34:05.987  2290  3568 I art     : Starting a blocking GC Explicit
08-05 16:34:06.031  2290  3568 I art     : Explicit concurrent mark sweep GC freed 290(63KB) AllocSpace objects, 3(60KB) LOS objects, 29% free, 38MB/54MB, paused 1.412ms total 43.587ms
08-05 16:34:06.044  2290  3568 I art     : Starting a blocking GC Explicit
08-05 16:34:06.091  2290  3568 I art     : Explicit concurrent mark sweep GC freed 27(1056B) AllocSpace objects, 0(0B) LOS objects, 29% free, 38MB/54MB, paused 1.432ms total 47.036ms
08-05 16:34:06.104  2290  3568 I art     : Starting a blocking GC Explicit
08-05 16:34:06.151  2290  3568 I art     : Explicit concurrent mark sweep GC freed 3214(220KB) AllocSpace objects, 5(100KB) LOS objects, 29% free, 38MB/54MB, paused 1.905ms total 46.086ms
08-05 16:34:06.188 13866 13866 I GoogleInputMethodServic: GoogleInputMethodService.onFinishInput():3138 
08-05 16:34:06.189 13866 13866 I GoogleInputMethodServic: GoogleInputMethodService.onStartInput():1808 
08-05 16:34:06.500  2290  3568 I art     : Starting a blocking GC Explicit
08-05 16:34:06.554  2290  3568 I art     : Explicit concurrent mark sweep GC freed 6799(408KB) AllocSpace objects, 4(80KB) LOS objects, 29% free, 38MB/54MB, paused 1.335ms total 53.745ms
08-05 16:34:06.567  2290  3568 I art     : Starting a blocking GC Explicit
08-05 16:34:06.611  2290  3568 I art     : Explicit concurrent mark sweep GC freed 223(8KB) AllocSpace objects, 0(0B) LOS objects, 29% free, 38MB/54MB, paused 1.290ms total 43.809ms
08-05 16:34:06.624  2290  3568 I art     : Starting a blocking GC Explicit
08-05 16:34:06.671  2290  3568 I art     : Explicit concurrent mark sweep GC freed 146(6KB) AllocSpace objects, 0(0B) LOS objects, 29% free, 38MB/54MB, paused 1.461ms total 47.237ms
08-05 16:34:06.685  2290  3568 I art     : Starting a blocking GC Explicit
08-05 16:34:06.734  2290  3568 I art     : Explicit concurrent mark sweep GC freed 11(352B) AllocSpace objects, 0(0B) LOS objects, 29% free, 38MB/54MB, paused 1.545ms total 48.311ms
08-05 16:34:06.747  2290  3568 I art     : Starting a blocking GC Explicit
08-05 16:34:06.795  2290  3568 I art     : Explicit concurrent mark sweep GC freed 10(320B) AllocSpace objects, 0(0B) LOS objects, 29% free, 38MB/54MB, paused 1.352ms total 47.846ms
08-05 16:34:06.955  2290  4504 E baseline.com.newsblur.network.APIResponse: Error (unexpected end of stream on https://www.newsblur.com/...) calling https://www.newsblur.com/reader/mark_story_hashes_as_read/
08-05 16:34:06.955  2290  4504 E baseline.com.newsblur.network.APIResponse: java.io.IOException: unexpected end of stream on https://www.newsblur.com/...
08-05 16:34:06.955  2290  4504 E baseline.com.newsblur.network.APIResponse: 	at okhttp3.internal.http1.Http1ExchangeCodec.readResponseHeaders(Http1ExchangeCodec.java:236)
08-05 16:34:06.955  2290  4504 E baseline.com.newsblur.network.APIResponse: 	at okhttp3.internal.connection.Exchange.readResponseHeaders(Exchange.java:115)
08-05 16:34:06.955  2290  4504 E baseline.com.newsblur.network.APIResponse: 	at okhttp3.internal.http.CallServerInterceptor.intercept(CallServerInterceptor.java:94)
08-05 16:34:06.955  2290  4504 E baseline.com.newsblur.network.APIResponse: 	at okhttp3.internal.http.RealInterceptorChain.proceed(RealInterceptorChain.java:142)
08-05 16:34:06.955  2290  4504 E baseline.com.newsblur.network.APIResponse: 	at okhttp3.internal.connection.ConnectInterceptor.intercept(ConnectInterceptor.java:43)
08-05 16:34:06.955  2290  4504 E baseline.com.newsblur.network.APIResponse: 	at okhttp3.internal.http.RealInterceptorChain.proceed(RealInterceptorChain.java:142)
08-05 16:34:06.955  2290  4504 E baseline.com.newsblur.network.APIResponse: 	at okhttp3.internal.http.RealInterceptorChain.proceed(RealInterceptorChain.java:117)
08-05 16:34:06.955  2290  4504 E baseline.com.newsblur.network.APIResponse: 	at okhttp3.internal.cache.CacheInterceptor.intercept(CacheInterceptor.java:94)
08-05 16:34:06.955  2290  4504 E baseline.com.newsblur.network.APIResponse: 	at okhttp3.internal.http.RealInterceptorChain.proceed(RealInterceptorChain.java:142)
08-05 16:34:06.955  2290  4504 E baseline.com.newsblur.network.APIResponse: 	at okhttp3.internal.http.RealInterceptorChain.proceed(RealInterceptorChain.java:117)
08-05 16:34:06.955  2290  4504 E baseline.com.newsblur.network.APIResponse: 	at okhttp3.internal.http.BridgeInterceptor.intercept(BridgeInterceptor.java:93)
08-05 16:34:06.955  2290  4504 E baseline.com.newsblur.network.APIResponse: 	at okhttp3.internal.http.RealInterceptorChain.proceed(RealInterceptorChain.java:142)
08-05 16:34:06.955  2290  4504 E baseline.com.newsblur.network.APIResponse: 	at okhttp3.internal.http.RetryAndFollowUpInterceptor.intercept(RetryAndFollowUpInterceptor.java:88)
08-05 16:34:06.955  2290  4504 E baseline.com.newsblur.network.APIResponse: 	at okhttp3.internal.http.RealInterceptorChain.proceed(RealInterceptorChain.java:142)
08-05 16:34:06.955  2290  4504 E baseline.com.newsblur.network.APIResponse: 	at okhttp3.internal.http.RealInterceptorChain.proceed(RealInterceptorChain.java:117)
08-05 16:34:06.955  2290  4504 E baseline.com.newsblur.network.APIResponse: 	at okhttp3.RealCall.getResponseWithInterceptorChain(RealCall.java:229)
08-05 16:34:06.955  2290  4504 E baseline.com.newsblur.network.APIResponse: 	at okhttp3.RealCall.execute(RealCall.java:81)
08-05 16:34:06.955  2290  4504 E baseline.com.newsblur.network.APIResponse: 	at baseline.com.newsblur.network.APIResponse.<init>(APIResponse.java:57)
08-05 16:34:06.955  2290  4504 E baseline.com.newsblur.network.APIResponse: 	at baseline.com.newsblur.network.APIResponse.<init>(APIResponse.java:43)
08-05 16:34:06.955  2290  4504 E baseline.com.newsblur.network.APIResponse: 	at baseline.com.newsblur.network.APIManager.post_single(APIManager.java:702)
08-05 16:34:06.955  2290  4504 E baseline.com.newsblur.network.APIResponse: 	at baseline.com.newsblur.network.APIManager.post(APIManager.java:675)
08-05 16:34:06.955  2290  4504 E baseline.com.newsblur.network.APIResponse: 	at baseline.com.newsblur.network.APIManager.post(APIManager.java:714)
08-05 16:34:06.955  2290  4504 E baseline.com.newsblur.network.APIResponse: 	at baseline.com.newsblur.network.APIManager.markStoryAsRead(APIManager.java:205)
08-05 16:34:06.955  2290  4504 E baseline.com.newsblur.network.APIResponse: 	at baseline.com.newsblur.util.ReadingAction.doRemote(ReadingAction.java:281)
08-05 16:34:06.955  2290  4504 E baseline.com.newsblur.network.APIResponse: 	at baseline.com.newsblur.service.NBSyncService.syncActions(NBSyncService.java:400)
08-05 16:34:06.955  2290  4504 E baseline.com.newsblur.network.APIResponse: 	at baseline.com.newsblur.service.NBSyncService.doSync(NBSyncService.java:298)
08-05 16:34:06.955  2290  4504 E baseline.com.newsblur.network.APIResponse: 	at baseline.com.newsblur.service.NBSyncService.access$100(NBSyncService.java:67)
08-05 16:34:06.955  2290  4504 E baseline.com.newsblur.network.APIResponse: 	at baseline.com.newsblur.service.NBSyncService$1.run(NBSyncService.java:188)
08-05 16:34:06.955  2290  4504 E baseline.com.newsblur.network.APIResponse: 	at java.util.concurrent.ThreadPoolExecutor.runWorker(ThreadPoolExecutor.java:1113)
08-05 16:34:06.955  2290  4504 E baseline.com.newsblur.network.APIResponse: 	at java.util.concurrent.ThreadPoolExecutor$Worker.run(ThreadPoolExecutor.java:588)
08-05 16:34:06.955  2290  4504 E baseline.com.newsblur.network.APIResponse: 	at java.lang.Thread.run(Thread.java:818)
08-05 16:34:06.955  2290  4504 E baseline.com.newsblur.network.APIResponse: Caused by: java.io.EOFException: \n not found: limit=0 content=
08-05 16:34:06.955  2290  4504 E baseline.com.newsblur.network.APIResponse: 	at okio.RealBufferedSource.readUtf8LineStrict(RealBufferedSource.java:240)
08-05 16:34:06.955  2290  4504 E baseline.com.newsblur.network.APIResponse: 	at okhttp3.internal.http1.Http1ExchangeCodec.readHeaderLine(Http1ExchangeCodec.java:242)
08-05 16:34:06.955  2290  4504 E baseline.com.newsblur.network.APIResponse: 	at okhttp3.internal.http1.Http1ExchangeCodec.readResponseHeaders(Http1ExchangeCodec.java:213)
08-05 16:34:06.955  2290  4504 E baseline.com.newsblur.network.APIResponse: 	... 30 more
08-05 16:34:06.957  2290  4504 I baseline.com.newsblur.network.APIManager: API call failed, pausing before retry number 2
08-05 16:34:07.158  2290  4438 I art     : Starting a blocking GC Explicit
08-05 16:34:07.210  2290  4438 I art     : Explicit concurrent mark sweep GC freed 4002(359KB) AllocSpace objects, 3(60KB) LOS objects, 29% free, 38MB/54MB, paused 1.410ms total 51.558ms
08-05 16:34:07.224  2290  4438 I art     : Starting a blocking GC Explicit
08-05 16:34:07.268  2290  4438 I art     : Explicit concurrent mark sweep GC freed 128(4KB) AllocSpace objects, 0(0B) LOS objects, 29% free, 38MB/54MB, paused 1.462ms total 44.118ms
08-05 16:34:07.281  2290  4438 I art     : Starting a blocking GC Explicit
08-05 16:34:07.324  2290  4438 I art     : Explicit concurrent mark sweep GC freed 9(288B) AllocSpace objects, 0(0B) LOS objects, 29% free, 38MB/54MB, paused 1.307ms total 43.113ms
08-05 16:34:07.338  2290  4438 I art     : Starting a blocking GC Explicit
08-05 16:34:07.385  2290  4438 I art     : Explicit concurrent mark sweep GC freed 11(352B) AllocSpace objects, 0(0B) LOS objects, 29% free, 38MB/54MB, paused 1.708ms total 46.642ms
08-05 16:34:07.398  2290  4438 I art     : Starting a blocking GC Explicit
08-05 16:34:07.446  2290  4438 I art     : Explicit concurrent mark sweep GC freed 10(320B) AllocSpace objects, 0(0B) LOS objects, 29% free, 38MB/54MB, paused 1.376ms total 47.361ms
08-05 16:34:07.723  5029  5029 D AndroidRuntime: >>>>>> START com.android.internal.os.RuntimeInit uid 2000 <<<<<<
08-05 16:34:07.729  5029  5029 D AndroidRuntime: CheckJNI is OFF
08-05 16:34:07.774  5029  5029 D ICU     : No timezone override file found: /data/misc/zoneinfo/current/icu/icu_tzdata.dat
08-05 16:34:07.798  2290  2302 I art     : Starting a blocking GC Explicit
08-05 16:34:07.820  5029  5029 I Radio-JNI: register_android_hardware_Radio DONE
08-05 16:34:07.850  2290  2302 I art     : Explicit concurrent mark sweep GC freed 1456(83KB) AllocSpace objects, 1(20KB) LOS objects, 29% free, 38MB/54MB, paused 1.565ms total 50.916ms
08-05 16:34:07.851  5029  5029 D AndroidRuntime: Calling main entry com.android.commands.input.Input
08-05 16:34:07.854  5029  5029 I Input   : injectMotionEvent: MotionEvent { action=ACTION_DOWN, actionButton=0, id[0]=0, x[0]=553.0, y[0]=442.0, toolType[0]=TOOL_TYPE_UNKNOWN, buttonState=0, metaState=0, flags=0x0, edgeFlags=0x0, pointerCount=1, historySize=0, eventTime=808464266, downTime=808464266, deviceId=0, source=0x1002 }
08-05 16:34:07.862  5029  5029 I Input   : injectMotionEvent: MotionEvent { action=ACTION_UP, actionButton=0, id[0]=0, x[0]=553.0, y[0]=442.0, toolType[0]=TOOL_TYPE_UNKNOWN, buttonState=0, metaState=0, flags=0x0, edgeFlags=0x0, pointerCount=1, historySize=0, eventTime=808464266, downTime=808464266, deviceId=0, source=0x1002 }
08-05 16:34:07.863  2290  2302 I art     : Starting a blocking GC Explicit
08-05 16:34:07.867  5029  5029 D AndroidRuntime: Shutting down VM
08-05 16:34:07.908  2290  2302 I art     : Explicit concurrent mark sweep GC freed 77(2896B) AllocSpace objects, 0(0B) LOS objects, 29% free, 38MB/54MB, paused 1.418ms total 45.444ms
08-05 16:34:07.920  2290  2302 I art     : Starting a blocking GC Explicit
08-05 16:34:07.935   918  3359 I ActivityManager: START u0 {cmp=baseline.com.newsblur/.activity.AllSharedStoriesItemsList (has extras)} from uid 10676 on display 0
08-05 16:34:07.956  2290  4135 I baseline.com.newsblur.database.BlurDatabaseHelper: reading session reset
08-05 16:34:07.971  2290  2302 I art     : Explicit concurrent mark sweep GC freed 979(144KB) AllocSpace objects, 4(80KB) LOS objects, 29% free, 38MB/54MB, paused 2.185ms total 50.657ms
08-05 16:34:07.984  2290  2302 I art     : Starting a blocking GC Explicit
08-05 16:34:08.031  2290  2302 I art     : Explicit concurrent mark sweep GC freed 1173(69KB) AllocSpace objects, 1(112KB) LOS objects, 29% free, 38MB/54MB, paused 1.357ms total 46.943ms
08-05 16:34:08.044  2290  2302 I art     : Starting a blocking GC Explicit
08-05 16:34:08.091  2290  2302 I art     : Explicit concurrent mark sweep GC freed 98(5KB) AllocSpace objects, 0(0B) LOS objects, 29% free, 38MB/54MB, paused 1.374ms total 47.107ms
08-05 16:34:08.160  2290  2290 W View    : requestLayout() improperly called by android.widget.FrameLayout{9ef591d V.E...... ......ID 0,0-1440,0 #7f07003f app:id/footer_view_inner} during layout: running second layout pass
08-05 16:34:08.160  2290  2290 W View    : requestLayout() improperly called by android.widget.FrameLayout{17df792 V.E...... ......ID 0,0-1440,2091 #7f07003f app:id/footer_view_inner} during layout: running second layout pass
08-05 16:34:08.179   918   936 I ActivityManager: Displayed baseline.com.newsblur/.activity.AllSharedStoriesItemsList: +235ms
08-05 16:34:08.180 13866 13866 I GoogleInputMethodServic: GoogleInputMethodService.onFinishInput():3138 
08-05 16:34:08.180 13866 13866 I GoogleInputMethodServic: GoogleInputMethodService.onStartInput():1808 
08-05 16:34:08.368  2290  5054 I NAPPA_EXPERIMENTATION: MetricNetworkRequestExecutionTime: REQUEST_DURATION_SYSTEM='136',REQUEST_DURATION_OKHTTP='134',REQUEST_SYNCHRONOUS='TRUE',RESPONSE_CODE='200',RESPONSE_METHOD='GET',RESPONSE_LENGTH_OKHTTP='43',RESPONSE_LENGTH_HEADER='43',REQUEST_PROTOCOL='http/1.1',REQUEST_URL='http://feeds.feedburner.com/~r/retort/~4/UffaFMiJbNs',
08-05 16:34:08.438  2290  2302 I art     : Starting a blocking GC Explicit
08-05 16:34:08.469  2290  3849 I NAPPA_EXPERIMENTATION: MetricNetworkRequestExecutionTime: REQUEST_DURATION_SYSTEM='221',REQUEST_DURATION_OKHTTP='220',REQUEST_SYNCHRONOUS='TRUE',RESPONSE_CODE='200',RESPONSE_METHOD='GET',RESPONSE_LENGTH_OKHTTP='56376',RESPONSE_LENGTH_HEADER='56376',REQUEST_PROTOCOL='h2',REQUEST_URL='https://images.fastcompany.net/image/upload/w_1280,q_auto,f_auto,fl_lossy/wp-cms/uploads/2020/07/p-1-quit-after-covid.jpg',
08-05 16:34:08.485  2290  2302 I art     : Explicit concurrent mark sweep GC freed 4673(357KB) AllocSpace objects, 13(260KB) LOS objects, 29% free, 38MB/54MB, paused 1.313ms total 46.468ms
08-05 16:34:08.498  2290  2302 I art     : Starting a blocking GC Explicit
08-05 16:34:08.544  2290  2302 I art     : Explicit concurrent mark sweep GC freed 394(17KB) AllocSpace objects, 2(3MB) LOS objects, 28% free, 40MB/56MB, paused 1.359ms total 45.528ms
08-05 16:34:08.556  2290  2302 I art     : Starting a blocking GC Explicit
08-05 16:34:08.570   918  3261 D WifiStateMachine: starting scan for "H369AA63323"WPA_PSK with 2412,5180
08-05 16:34:08.601  2290  2302 I art     : Explicit concurrent mark sweep GC freed 98(3KB) AllocSpace objects, 1(20KB) LOS objects, 28% free, 40MB/56MB, paused 1.280ms total 43.916ms
08-05 16:34:08.613  2290  2302 I art     : Starting a blocking GC Explicit
08-05 16:34:08.658  2290  2302 I art     : Explicit concurrent mark sweep GC freed 141(5KB) AllocSpace objects, 0(0B) LOS objects, 28% free, 40MB/56MB, paused 1.555ms total 44.778ms
08-05 16:34:08.671  2290  2302 I art     : Starting a blocking GC Explicit
08-05 16:34:08.717  2290  2302 I art     : Explicit concurrent mark sweep GC freed 7(224B) AllocSpace objects, 0(0B) LOS objects, 28% free, 40MB/56MB, paused 1.404ms total 45.896ms
08-05 16:34:09.081  2290  4438 I art     : Starting a blocking GC Explicit
08-05 16:34:09.130  2290  4438 I art     : Explicit concurrent mark sweep GC freed 1513(85KB) AllocSpace objects, 1(20KB) LOS objects, 28% free, 40MB/56MB, paused 1.454ms total 48.847ms
08-05 16:34:09.144  2290  4438 I art     : Starting a blocking GC Explicit
08-05 16:34:09.154  5179  5194 D QcrilMsgTunnelSocket: readRilMessage: Buffer = [B@671e81d HexData = [010000000404000011000000514f454d484f4f4bef0308000100000003]
08-05 16:34:09.155  5179  5194 D QcrilMsgTunnelSocket: Rcvd UNSOL response with 28 bytes data for SUB0
08-05 16:34:09.155  5179  5194 D QcrilMsgTunnelSocket: Response ID 525295 is not served in this process.
08-05 16:34:09.155  5179  5194 D QcrilMsgTunnelSocket: To broadcast an Intent via the notifier to external apps
08-05 16:34:09.155  5179  5179 D QcrilMsgTunnelIfaceManager: handleMessage what = 0
08-05 16:34:09.155  5179  5179 D QcrilMsgTunnelIfaceManager: Broadcasting intent ACTION_UNSOL_RESPONSE_OEM_HOOK_RAW
08-05 16:34:09.157  5164  5164 D QC_RIL_OEM_HOOK: Received Broadcast Intent ACTION_UNSOL_RESPONSE_OEM_HOOK_RAW
08-05 16:34:09.158  5164  5164 D QC_RIL_OEM_HOOK: Oem ID in QCRILHOOK UNSOL RESP is QOEMHOOK
08-05 16:34:09.195  2290  4438 I art     : Explicit concurrent mark sweep GC freed 25(880B) AllocSpace objects, 0(0B) LOS objects, 28% free, 40MB/56MB, paused 1.447ms total 50.826ms
08-05 16:34:09.208  2290  4438 I art     : Starting a blocking GC Explicit
08-05 16:34:09.256  2290  4438 I art     : Explicit concurrent mark sweep GC freed 7(224B) AllocSpace objects, 0(0B) LOS objects, 28% free, 40MB/56MB, paused 1.433ms total 47.659ms
08-05 16:34:09.270  2290  4438 I art     : Starting a blocking GC Explicit
08-05 16:34:09.319  2290  4438 I art     : Explicit concurrent mark sweep GC freed 8(256B) AllocSpace objects, 0(0B) LOS objects, 28% free, 40MB/56MB, paused 1.720ms total 48.789ms
08-05 16:34:09.332  2290  4438 I art     : Starting a blocking GC Explicit
08-05 16:34:09.383  2290  4438 I art     : Explicit concurrent mark sweep GC freed 15(480B) AllocSpace objects, 0(0B) LOS objects, 28% free, 40MB/56MB, paused 1.314ms total 50.326ms
08-05 16:34:09.797  2290  2305 I art     : Starting a blocking GC Explicit
08-05 16:34:09.849  2290  2305 I art     : Explicit concurrent mark sweep GC freed 1493(84KB) AllocSpace objects, 1(20KB) LOS objects, 28% free, 40MB/56MB, paused 1.455ms total 52.384ms
08-05 16:34:09.863  2290  2305 I art     : Starting a blocking GC Explicit
08-05 16:34:09.914  2290  2305 I art     : Explicit concurrent mark sweep GC freed 26(912B) AllocSpace objects, 0(0B) LOS objects, 28% free, 40MB/56MB, paused 1.346ms total 50.797ms
08-05 16:34:09.928  2290  2305 I art     : Starting a blocking GC Explicit
08-05 16:34:09.979  2290  2305 I art     : Explicit concurrent mark sweep GC freed 97(3KB) AllocSpace objects, 0(0B) LOS objects, 28% free, 40MB/56MB, paused 1.576ms total 50.862ms
08-05 16:34:09.993  2290  2305 I art     : Starting a blocking GC Explicit
08-05 16:34:10.043  2290  2305 I art     : Explicit concurrent mark sweep GC freed 13(480B) AllocSpace objects, 0(0B) LOS objects, 28% free, 40MB/56MB, paused 1.393ms total 49.365ms
08-05 16:34:10.056  2290  2305 I art     : Starting a blocking GC Explicit
08-05 16:34:10.105  2290  2305 I art     : Explicit concurrent mark sweep GC freed 72(4KB) AllocSpace objects, 0(0B) LOS objects, 28% free, 40MB/56MB, paused 1.503ms total 48.400ms
08-05 16:34:10.495  2290  4438 I art     : Starting a blocking GC Explicit
08-05 16:34:10.541  2290  4504 E baseline.com.newsblur.network.APIResponse: Error (unexpected end of stream on https://www.newsblur.com/...) calling https://www.newsblur.com/reader/mark_story_hashes_as_read/
08-05 16:34:10.541  2290  4504 E baseline.com.newsblur.network.APIResponse: java.io.IOException: unexpected end of stream on https://www.newsblur.com/...
08-05 16:34:10.541  2290  4504 E baseline.com.newsblur.network.APIResponse: 	at okhttp3.internal.http1.Http1ExchangeCodec.readResponseHeaders(Http1ExchangeCodec.java:236)
08-05 16:34:10.541  2290  4504 E baseline.com.newsblur.network.APIResponse: 	at okhttp3.internal.connection.Exchange.readResponseHeaders(Exchange.java:115)
08-05 16:34:10.541  2290  4504 E baseline.com.newsblur.network.APIResponse: 	at okhttp3.internal.http.CallServerInterceptor.intercept(CallServerInterceptor.java:94)
08-05 16:34:10.541  2290  4504 E baseline.com.newsblur.network.APIResponse: 	at okhttp3.internal.http.RealInterceptorChain.proceed(RealInterceptorChain.java:142)
08-05 16:34:10.541  2290  4504 E baseline.com.newsblur.network.APIResponse: 	at okhttp3.internal.connection.ConnectInterceptor.intercept(ConnectInterceptor.java:43)
08-05 16:34:10.541  2290  4504 E baseline.com.newsblur.network.APIResponse: 	at okhttp3.internal.http.RealInterceptorChain.proceed(RealInterceptorChain.java:142)
08-05 16:34:10.541  2290  4504 E baseline.com.newsblur.network.APIResponse: 	at okhttp3.internal.http.RealInterceptorChain.proceed(RealInterceptorChain.java:117)
08-05 16:34:10.541  2290  4504 E baseline.com.newsblur.network.APIResponse: 	at okhttp3.internal.cache.CacheInterceptor.intercept(CacheInterceptor.java:94)
08-05 16:34:10.541  2290  4504 E baseline.com.newsblur.network.APIResponse: 	at okhttp3.internal.http.RealInterceptorChain.proceed(RealInterceptorChain.java:142)
08-05 16:34:10.541  2290  4504 E baseline.com.newsblur.network.APIResponse: 	at okhttp3.internal.http.RealInterceptorChain.proceed(RealInterceptorChain.java:117)
08-05 16:34:10.541  2290  4504 E baseline.com.newsblur.network.APIResponse: 	at okhttp3.internal.http.BridgeInterceptor.intercept(BridgeInterceptor.java:93)
08-05 16:34:10.541  2290  4504 E baseline.com.newsblur.network.APIResponse: 	at okhttp3.internal.http.RealInterceptorChain.proceed(RealInterceptorChain.java:142)
08-05 16:34:10.541  2290  4504 E baseline.com.newsblur.network.APIResponse: 	at okhttp3.internal.http.RetryAndFollowUpInterceptor.intercept(RetryAndFollowUpInterceptor.java:88)
08-05 16:34:10.541  2290  4504 E baseline.com.newsblur.network.APIResponse: 	at okhttp3.internal.http.RealInterceptorChain.proceed(RealInterceptorChain.java:142)
08-05 16:34:10.541  2290  4504 E baseline.com.newsblur.network.APIResponse: 	at okhttp3.internal.http.RealInterceptorChain.proceed(RealInterceptorChain.java:117)
08-05 16:34:10.541  2290  4504 E baseline.com.newsblur.network.APIResponse: 	at okhttp3.RealCall.getResponseWithInterceptorChain(RealCall.java:229)
08-05 16:34:10.541  2290  4504 E baseline.com.newsblur.network.APIResponse: 	at okhttp3.RealCall.execute(RealCall.java:81)
08-05 16:34:10.541  2290  4504 E baseline.com.newsblur.network.APIResponse: 	at baseline.com.newsblur.network.APIResponse.<init>(APIResponse.java:57)
08-05 16:34:10.541  2290  4504 E baseline.com.newsblur.network.APIResponse: 	at baseline.com.newsblur.network.APIResponse.<init>(APIResponse.java:43)
08-05 16:34:10.541  2290  4504 E baseline.com.newsblur.network.APIResponse: 	at baseline.com.newsblur.network.APIManager.post_single(APIManager.java:702)
08-05 16:34:10.541  2290  4504 E baseline.com.newsblur.network.APIResponse: 	at baseline.com.newsblur.network.APIManager.post(APIManager.java:675)
08-05 16:34:10.541  2290  4504 E baseline.com.newsblur.network.APIResponse: 	at baseline.com.newsblur.network.APIManager.post(APIManager.java:714)
08-05 16:34:10.541  2290  4504 E baseline.com.newsblur.network.APIResponse: 	at baseline.com.newsblur.network.APIManager.markStoryAsRead(APIManager.java:205)
08-05 16:34:10.541  2290  4504 E baseline.com.newsblur.network.APIResponse: 	at baseline.com.newsblur.util.ReadingAction.doRemote(ReadingAction.java:281)
08-05 16:34:10.541  2290  4504 E baseline.com.newsblur.network.APIResponse: 	at baseline.com.newsblur.service.NBSyncService.syncActions(NBSyncService.java:400)
08-05 16:34:10.541  2290  4504 E baseline.com.newsblur.network.APIResponse: 	at baseline.com.newsblur.service.NBSyncService.doSync(NBSyncService.java:298)
08-05 16:34:10.541  2290  4504 E baseline.com.newsblur.network.APIResponse: 	at baseline.com.newsblur.service.NBSyncService.access$100(NBSyncService.java:67)
08-05 16:34:10.541  2290  4504 E baseline.com.newsblur.network.APIResponse: 	at baseline.com.newsblur.service.NBSyncService$1.run(NBSyncService.java:188)
08-05 16:34:10.541  2290  4504 E baseline.com.newsblur.network.APIResponse: 	at java.util.concurrent.ThreadPoolExecutor.runWorker(ThreadPoolExecutor.java:1113)
08-05 16:34:10.541  2290  4504 E baseline.com.newsblur.network.APIResponse: 	at java.util.concurrent.ThreadPoolExecutor$Worker.run(ThreadPoolExecutor.java:588)
08-05 16:34:10.541  2290  4504 E baseline.com.newsblur.network.APIResponse: 	at java.lang.Thread.run(Thread.java:818)
08-05 16:34:10.541  2290  4504 E baseline.com.newsblur.network.APIResponse: Caused by: java.io.EOFException: \n not found: limit=0 content=
08-05 16:34:10.541  2290  4504 E baseline.com.newsblur.network.APIResponse: 	at okio.RealBufferedSource.readUtf8LineStrict(RealBufferedSource.java:240)
08-05 16:34:10.541  2290  4504 E baseline.com.newsblur.network.APIResponse: 	at okhttp3.internal.http1.Http1ExchangeCodec.readHeaderLine(Http1ExchangeCodec.java:242)
08-05 16:34:10.541  2290  4504 E baseline.com.newsblur.network.APIResponse: 	at okhttp3.internal.http1.Http1ExchangeCodec.readResponseHeaders(Http1ExchangeCodec.java:213)
08-05 16:34:10.541  2290  4504 E baseline.com.newsblur.network.APIResponse: 	... 30 more
08-05 16:34:10.543  2290  4504 I baseline.com.newsblur.service.NBSyncService: Holding reading action with server-side or network error.
08-05 16:34:10.548  2290  4438 I art     : Explicit concurrent mark sweep GC freed 3619(298KB) AllocSpace objects, 2(40KB) LOS objects, 28% free, 40MB/56MB, paused 1.559ms total 52.930ms
08-05 16:34:10.558  2290  4504 W baseline.com.newsblur.service.NBSyncService: hard API failure
08-05 16:34:10.562  2290  4438 I art     : Starting a blocking GC Explicit
08-05 16:34:10.573  2290  4504 I baseline.com.newsblur.service.NBSyncService: recounting dirty feed sets: 1
08-05 16:34:10.612  2290  4438 I art     : Explicit concurrent mark sweep GC freed 1325(145KB) AllocSpace objects, 3(60KB) LOS objects, 28% free, 40MB/56MB, paused 1.489ms total 50.097ms
08-05 16:34:10.626  2290  4438 I art     : Starting a blocking GC Explicit
08-05 16:34:10.676  2290  4438 I art     : Explicit concurrent mark sweep GC freed 200(7KB) AllocSpace objects, 0(0B) LOS objects, 28% free, 40MB/56MB, paused 1.560ms total 49.776ms
08-05 16:34:10.690  2290  4438 I art     : Starting a blocking GC Explicit
08-05 16:34:10.742  2290  4438 I art     : Explicit concurrent mark sweep GC freed 26(912B) AllocSpace objects, 0(0B) LOS objects, 28% free, 40MB/56MB, paused 1.396ms total 52.351ms
08-05 16:34:10.756  2290  4438 I art     : Starting a blocking GC Explicit
08-05 16:34:10.807  2290  4438 I art     : Explicit concurrent mark sweep GC freed 7(224B) AllocSpace objects, 0(0B) LOS objects, 28% free, 40MB/56MB, paused 1.615ms total 50.976ms
08-05 16:34:11.055  2290  4504 E baseline.com.newsblur.network.APIResponse: Error (unexpected end of stream on https://www.newsblur.com/...) calling https://www.newsblur.com/reader/feed_unread_count?feed_id=0
08-05 16:34:11.055  2290  4504 E baseline.com.newsblur.network.APIResponse: java.io.IOException: unexpected end of stream on https://www.newsblur.com/...
08-05 16:34:11.055  2290  4504 E baseline.com.newsblur.network.APIResponse: 	at okhttp3.internal.http1.Http1ExchangeCodec.readResponseHeaders(Http1ExchangeCodec.java:236)
08-05 16:34:11.055  2290  4504 E baseline.com.newsblur.network.APIResponse: 	at okhttp3.internal.connection.Exchange.readResponseHeaders(Exchange.java:115)
08-05 16:34:11.055  2290  4504 E baseline.com.newsblur.network.APIResponse: 	at okhttp3.internal.http.CallServerInterceptor.intercept(CallServerInterceptor.java:94)
08-05 16:34:11.055  2290  4504 E baseline.com.newsblur.network.APIResponse: 	at okhttp3.internal.http.RealInterceptorChain.proceed(RealInterceptorChain.java:142)
08-05 16:34:11.055  2290  4504 E baseline.com.newsblur.network.APIResponse: 	at okhttp3.internal.connection.ConnectInterceptor.intercept(ConnectInterceptor.java:43)
08-05 16:34:11.055  2290  4504 E baseline.com.newsblur.network.APIResponse: 	at okhttp3.internal.http.RealInterceptorChain.proceed(RealInterceptorChain.java:142)
08-05 16:34:11.055  2290  4504 E baseline.com.newsblur.network.APIResponse: 	at okhttp3.internal.http.RealInterceptorChain.proceed(RealInterceptorChain.java:117)
08-05 16:34:11.055  2290  4504 E baseline.com.newsblur.network.APIResponse: 	at okhttp3.internal.cache.CacheInterceptor.intercept(CacheInterceptor.java:94)
08-05 16:34:11.055  2290  4504 E baseline.com.newsblur.network.APIResponse: 	at okhttp3.internal.http.RealInterceptorChain.proceed(RealInterceptorChain.java:142)
08-05 16:34:11.055  2290  4504 E baseline.com.newsblur.network.APIResponse: 	at okhttp3.internal.http.RealInterceptorChain.proceed(RealInterceptorChain.java:117)
08-05 16:34:11.055  2290  4504 E baseline.com.newsblur.network.APIResponse: 	at okhttp3.internal.http.BridgeInterceptor.intercept(BridgeInterceptor.java:93)
08-05 16:34:11.055  2290  4504 E baseline.com.newsblur.network.APIResponse: 	at okhttp3.internal.http.RealInterceptorChain.proceed(RealInterceptorChain.java:142)
08-05 16:34:11.055  2290  4504 E baseline.com.newsblur.network.APIResponse: 	at okhttp3.internal.http.RetryAndFollowUpInterceptor.intercept(RetryAndFollowUpInterceptor.java:88)
08-05 16:34:11.055  2290  4504 E baseline.com.newsblur.network.APIResponse: 	at okhttp3.internal.http.RealInterceptorChain.proceed(RealInterceptorChain.java:142)
08-05 16:34:11.055  2290  4504 E baseline.com.newsblur.network.APIResponse: 	at okhttp3.internal.http.RealInterceptorChain.proceed(RealInterceptorChain.java:117)
08-05 16:34:11.055  2290  4504 E baseline.com.newsblur.network.APIResponse: 	at okhttp3.RealCall.getResponseWithInterceptorChain(RealCall.java:229)
08-05 16:34:11.055  2290  4504 E baseline.com.newsblur.network.APIResponse: 	at okhttp3.RealCall.execute(RealCall.java:81)
08-05 16:34:11.055  2290  4504 E baseline.com.newsblur.network.APIResponse: 	at baseline.com.newsblur.network.APIResponse.<init>(APIResponse.java:57)
08-05 16:34:11.055  2290  4504 E baseline.com.newsblur.network.APIResponse: 	at baseline.com.newsblur.network.APIManager.get_single(APIManager.java:639)
08-05 16:34:11.055  2290  4504 E baseline.com.newsblur.network.APIResponse: 	at baseline.com.newsblur.network.APIManager.get(APIManager.java:625)
08-05 16:34:11.055  2290  4504 E baseline.com.newsblur.network.APIResponse: 	at baseline.com.newsblur.network.APIManager.get(APIManager.java:667)
08-05 16:34:11.055  2290  4504 E baseline.com.newsblur.network.APIResponse: 	at baseline.com.newsblur.network.APIManager.getFeedUnreadCounts(APIManager.java:274)
08-05 16:34:11.055  2290  4504 E baseline.com.newsblur.network.APIResponse: 	at baseline.com.newsblur.service.NBSyncService.checkRecounts(NBSyncService.java:660)
08-05 16:34:11.055  2290  4504 E baseline.com.newsblur.network.APIResponse: 	at baseline.com.newsblur.service.NBSyncService.doSync(NBSyncService.java:310)
08-05 16:34:11.055  2290  4504 E baseline.com.newsblur.network.APIResponse: 	at baseline.com.newsblur.service.NBSyncService.access$100(NBSyncService.java:67)
08-05 16:34:11.055  2290  4504 E baseline.com.newsblur.network.APIResponse: 	at baseline.com.newsblur.service.NBSyncService$1.run(NBSyncService.java:188)
08-05 16:34:11.055  2290  4504 E baseline.com.newsblur.network.APIResponse: 	at java.util.concurrent.ThreadPoolExecutor.runWorker(ThreadPoolExecutor.java:1113)
08-05 16:34:11.055  2290  4504 E baseline.com.newsblur.network.APIResponse: 	at java.util.concurrent.ThreadPoolExecutor$Worker.run(ThreadPoolExecutor.java:588)
08-05 16:34:11.055  2290  4504 E baseline.com.newsblur.network.APIResponse: 	at java.lang.Thread.run(Thread.java:818)
08-05 16:34:11.055  2290  4504 E baseline.com.newsblur.network.APIResponse: Caused by: java.io.EOFException: \n not found: limit=0 content=
08-05 16:34:11.055  2290  4504 E baseline.com.newsblur.network.APIResponse: 	at okio.RealBufferedSource.readUtf8LineStrict(RealBufferedSource.java:240)
08-05 16:34:11.055  2290  4504 E baseline.com.newsblur.network.APIResponse: 	at okhttp3.internal.http1.Http1ExchangeCodec.readHeaderLine(Http1ExchangeCodec.java:242)
08-05 16:34:11.055  2290  4504 E baseline.com.newsblur.network.APIResponse: 	at okhttp3.internal.http1.Http1ExchangeCodec.readResponseHeaders(Http1ExchangeCodec.java:213)
08-05 16:34:11.055  2290  4504 E baseline.com.newsblur.network.APIResponse: 	... 28 more
08-05 16:34:11.056  2290  4504 I baseline.com.newsblur.network.APIManager: API call failed, pausing before retry number 1
08-05 16:34:11.191  2290  3568 I art     : Starting a blocking GC Explicit
08-05 16:34:11.245  2290  3568 I art     : Explicit concurrent mark sweep GC freed 3964(357KB) AllocSpace objects, 3(60KB) LOS objects, 28% free, 40MB/56MB, paused 1.466ms total 53.849ms
08-05 16:34:11.259  2290  3568 I art     : Starting a blocking GC Explicit
08-05 16:34:11.310  2290  3568 I art     : Explicit concurrent mark sweep GC freed 124(4KB) AllocSpace objects, 0(0B) LOS objects, 28% free, 40MB/56MB, paused 1.530ms total 50.648ms
08-05 16:34:11.324  2290  3568 I art     : Starting a blocking GC Explicit
08-05 16:34:11.375  2290  3568 I art     : Explicit concurrent mark sweep GC freed 7(224B) AllocSpace objects, 0(0B) LOS objects, 28% free, 40MB/56MB, paused 1.508ms total 51.328ms
08-05 16:34:11.389  2290  3568 I art     : Starting a blocking GC Explicit
08-05 16:34:11.438  2290  3568 I art     : Explicit concurrent mark sweep GC freed 7(224B) AllocSpace objects, 0(0B) LOS objects, 28% free, 40MB/56MB, paused 1.576ms total 49.322ms
08-05 16:34:11.452  2290  3568 I art     : Starting a blocking GC Explicit
08-05 16:34:11.503  2290  3568 I art     : Explicit concurrent mark sweep GC freed 7(224B) AllocSpace objects, 0(0B) LOS objects, 28% free, 40MB/56MB, paused 1.328ms total 50.595ms
08-05 16:34:11.800   918  3188 I hubconnection: sensorhub said: 'set_bias 3: -6.2400, 0.0000, 0.0000'
08-05 16:34:11.897  2290  2302 I art     : Starting a blocking GC Explicit
08-05 16:34:11.949  2290  2302 I art     : Explicit concurrent mark sweep GC freed 1472(84KB) AllocSpace objects, 1(20KB) LOS objects, 28% free, 40MB/56MB, paused 1.425ms total 52.315ms
08-05 16:34:11.963  2290  2302 I art     : Starting a blocking GC Explicit
08-05 16:34:12.015  2290  2302 I art     : Explicit concurrent mark sweep GC freed 25(896B) AllocSpace objects, 0(0B) LOS objects, 28% free, 40MB/56MB, paused 1.639ms total 51.304ms
08-05 16:34:12.028  2290  2302 I art     : Starting a blocking GC Explicit
08-05 16:34:12.080  2290  2302 I art     : Explicit concurrent mark sweep GC freed 7(224B) AllocSpace objects, 0(0B) LOS objects, 28% free, 40MB/56MB, paused 1.417ms total 51.079ms
08-05 16:34:12.093  2290  2302 I art     : Starting a blocking GC Explicit
08-05 16:34:12.145  2290  2302 I art     : Explicit concurrent mark sweep GC freed 7(224B) AllocSpace objects, 0(0B) LOS objects, 28% free, 40MB/56MB, paused 1.514ms total 51.878ms
08-05 16:34:12.159  2290  2302 I art     : Starting a blocking GC Explicit
08-05 16:34:12.208  2290  2302 I art     : Explicit concurrent mark sweep GC freed 7(224B) AllocSpace objects, 0(0B) LOS objects, 28% free, 40MB/56MB, paused 1.570ms total 49.191ms
08-05 16:34:12.607  2290  2305 I art     : Starting a blocking GC Explicit
08-05 16:34:12.659  2290  2305 I art     : Explicit concurrent mark sweep GC freed 1629(91KB) AllocSpace objects, 1(20KB) LOS objects, 28% free, 40MB/56MB, paused 1.491ms total 52.224ms
08-05 16:34:12.673  2290  2305 I art     : Starting a blocking GC Explicit
08-05 16:34:12.724  2290  2305 I art     : Explicit concurrent mark sweep GC freed 41(2480B) AllocSpace objects, 0(0B) LOS objects, 28% free, 40MB/56MB, paused 1.572ms total 51.245ms
08-05 16:34:12.738  2290  2305 I art     : Starting a blocking GC Explicit
08-05 16:34:12.789  2290  2305 I art     : Explicit concurrent mark sweep GC freed 7(224B) AllocSpace objects, 0(0B) LOS objects, 28% free, 40MB/56MB, paused 1.446ms total 51.098ms
08-05 16:34:12.803  2290  2305 I art     : Starting a blocking GC Explicit
08-05 16:34:12.853  2290  2305 I art     : Explicit concurrent mark sweep GC freed 7(224B) AllocSpace objects, 0(0B) LOS objects, 28% free, 40MB/56MB, paused 1.372ms total 49.937ms
08-05 16:34:12.867  2290  2305 I art     : Starting a blocking GC Explicit
08-05 16:34:12.918  2290  2305 I art     : Explicit concurrent mark sweep GC freed 7(224B) AllocSpace objects, 0(0B) LOS objects, 28% free, 40MB/56MB, paused 1.620ms total 50.518ms
08-05 16:34:13.178  2290  4504 E baseline.com.newsblur.network.APIResponse: Error (unexpected end of stream on https://www.newsblur.com/...) calling https://www.newsblur.com/reader/feed_unread_count?feed_id=0
08-05 16:34:13.178  2290  4504 E baseline.com.newsblur.network.APIResponse: java.io.IOException: unexpected end of stream on https://www.newsblur.com/...
08-05 16:34:13.178  2290  4504 E baseline.com.newsblur.network.APIResponse: 	at okhttp3.internal.http1.Http1ExchangeCodec.readResponseHeaders(Http1ExchangeCodec.java:236)
08-05 16:34:13.178  2290  4504 E baseline.com.newsblur.network.APIResponse: 	at okhttp3.internal.connection.Exchange.readResponseHeaders(Exchange.java:115)
08-05 16:34:13.178  2290  4504 E baseline.com.newsblur.network.APIResponse: 	at okhttp3.internal.http.CallServerInterceptor.intercept(CallServerInterceptor.java:94)
08-05 16:34:13.178  2290  4504 E baseline.com.newsblur.network.APIResponse: 	at okhttp3.internal.http.RealInterceptorChain.proceed(RealInterceptorChain.java:142)
08-05 16:34:13.178  2290  4504 E baseline.com.newsblur.network.APIResponse: 	at okhttp3.internal.connection.ConnectInterceptor.intercept(ConnectInterceptor.java:43)
08-05 16:34:13.178  2290  4504 E baseline.com.newsblur.network.APIResponse: 	at okhttp3.internal.http.RealInterceptorChain.proceed(RealInterceptorChain.java:142)
08-05 16:34:13.178  2290  4504 E baseline.com.newsblur.network.APIResponse: 	at okhttp3.internal.http.RealInterceptorChain.proceed(RealInterceptorChain.java:117)
08-05 16:34:13.178  2290  4504 E baseline.com.newsblur.network.APIResponse: 	at okhttp3.internal.cache.CacheInterceptor.intercept(CacheInterceptor.java:94)
08-05 16:34:13.178  2290  4504 E baseline.com.newsblur.network.APIResponse: 	at okhttp3.internal.http.RealInterceptorChain.proceed(RealInterceptorChain.java:142)
08-05 16:34:13.178  2290  4504 E baseline.com.newsblur.network.APIResponse: 	at okhttp3.internal.http.RealInterceptorChain.proceed(RealInterceptorChain.java:117)
08-05 16:34:13.178  2290  4504 E baseline.com.newsblur.network.APIResponse: 	at okhttp3.internal.http.BridgeInterceptor.intercept(BridgeInterceptor.java:93)
08-05 16:34:13.178  2290  4504 E baseline.com.newsblur.network.APIResponse: 	at okhttp3.internal.http.RealInterceptorChain.proceed(RealInterceptorChain.java:142)
08-05 16:34:13.178  2290  4504 E baseline.com.newsblur.network.APIResponse: 	at okhttp3.internal.http.RetryAndFollowUpInterceptor.intercept(RetryAndFollowUpInterceptor.java:88)
08-05 16:34:13.178  2290  4504 E baseline.com.newsblur.network.APIResponse: 	at okhttp3.internal.http.RealInterceptorChain.proceed(RealInterceptorChain.java:142)
08-05 16:34:13.178  2290  4504 E baseline.com.newsblur.network.APIResponse: 	at okhttp3.internal.http.RealInterceptorChain.proceed(RealInterceptorChain.java:117)
08-05 16:34:13.178  2290  4504 E baseline.com.newsblur.network.APIResponse: 	at okhttp3.RealCall.getResponseWithInterceptorChain(RealCall.java:229)
08-05 16:34:13.178  2290  4504 E baseline.com.newsblur.network.APIResponse: 	at okhttp3.RealCall.execute(RealCall.java:81)
08-05 16:34:13.178  2290  4504 E baseline.com.newsblur.network.APIResponse: 	at baseline.com.newsblur.network.APIResponse.<init>(APIResponse.java:57)
08-05 16:34:13.178  2290  4504 E baseline.com.newsblur.network.APIResponse: 	at baseline.com.newsblur.network.APIManager.get_single(APIManager.java:639)
08-05 16:34:13.178  2290  4504 E baseline.com.newsblur.network.APIResponse: 	at baseline.com.newsblur.network.APIManager.get(APIManager.java:625)
08-05 16:34:13.178  2290  4504 E baseline.com.newsblur.network.APIResponse: 	at baseline.com.newsblur.network.APIManager.get(APIManager.java:667)
08-05 16:34:13.178  2290  4504 E baseline.com.newsblur.network.APIResponse: 	at baseline.com.newsblur.network.APIManager.getFeedUnreadCounts(APIManager.java:274)
08-05 16:34:13.178  2290  4504 E baseline.com.newsblur.network.APIResponse: 	at baseline.com.newsblur.service.NBSyncService.checkRecounts(NBSyncService.java:660)
08-05 16:34:13.178  2290  4504 E baseline.com.newsblur.network.APIResponse: 	at baseline.com.newsblur.service.NBSyncService.doSync(NBSyncService.java:310)
08-05 16:34:13.178  2290  4504 E baseline.com.newsblur.network.APIResponse: 	at baseline.com.newsblur.service.NBSyncService.access$100(NBSyncService.java:67)
08-05 16:34:13.178  2290  4504 E baseline.com.newsblur.network.APIResponse: 	at baseline.com.newsblur.service.NBSyncService$1.run(NBSyncService.java:188)
08-05 16:34:13.178  2290  4504 E baseline.com.newsblur.network.APIResponse: 	at java.util.concurrent.ThreadPoolExecutor.runWorker(ThreadPoolExecutor.java:1113)
08-05 16:34:13.178  2290  4504 E baseline.com.newsblur.network.APIResponse: 	at java.util.concurrent.ThreadPoolExecutor$Worker.run(ThreadPoolExecutor.java:588)
08-05 16:34:13.178  2290  4504 E baseline.com.newsblur.network.APIResponse: 	at java.lang.Thread.run(Thread.java:818)
08-05 16:34:13.178  2290  4504 E baseline.com.newsblur.network.APIResponse: Caused by: java.io.EOFException: \n not found: limit=0 content=
08-05 16:34:13.178  2290  4504 E baseline.com.newsblur.network.APIResponse: 	at okio.RealBufferedSource.readUtf8LineStrict(RealBufferedSource.java:240)
08-05 16:34:13.178  2290  4504 E baseline.com.newsblur.network.APIResponse: 	at okhttp3.internal.http1.Http1ExchangeCodec.readHeaderLine(Http1ExchangeCodec.java:242)
08-05 16:34:13.178  2290  4504 E baseline.com.newsblur.network.APIResponse: 	at okhttp3.internal.http1.Http1ExchangeCodec.readResponseHeaders(Http1ExchangeCodec.java:213)
08-05 16:34:13.178  2290  4504 E baseline.com.newsblur.network.APIResponse: 	... 28 more
08-05 16:34:13.180  2290  4504 I baseline.com.newsblur.network.APIManager: API call failed, pausing before retry number 2
08-05 16:34:13.295  2290  4438 I art     : Starting a blocking GC Explicit
08-05 16:34:13.347  2290  4438 I art     : Explicit concurrent mark sweep GC freed 3963(356KB) AllocSpace objects, 3(60KB) LOS objects, 28% free, 40MB/56MB, paused 1.582ms total 51.925ms
08-05 16:34:13.361  2290  4438 I art     : Starting a blocking GC Explicit
08-05 16:34:13.413  2290  4438 I art     : Explicit concurrent mark sweep GC freed 124(4KB) AllocSpace objects, 0(0B) LOS objects, 28% free, 40MB/56MB, paused 1.460ms total 51.695ms
08-05 16:34:13.427  2290  4438 I art     : Starting a blocking GC Explicit
08-05 16:34:13.477  2290  4438 I art     : Explicit concurrent mark sweep GC freed 7(224B) AllocSpace objects, 0(0B) LOS objects, 28% free, 40MB/56MB, paused 1.572ms total 49.932ms
08-05 16:34:13.491  2290  4438 I art     : Starting a blocking GC Explicit
08-05 16:34:13.541  2290  4438 I art     : Explicit concurrent mark sweep GC freed 7(224B) AllocSpace objects, 0(0B) LOS objects, 28% free, 40MB/56MB, paused 1.409ms total 49.593ms
08-05 16:34:13.554  2290  4438 I art     : Starting a blocking GC Explicit
08-05 16:34:13.604  2290  4438 I art     : Explicit concurrent mark sweep GC freed 7(224B) AllocSpace objects, 0(0B) LOS objects, 28% free, 40MB/56MB, paused 1.373ms total 49.998ms
08-05 16:34:13.994  2290  2302 I art     : Starting a blocking GC Explicit
08-05 16:34:14.047  2290  2302 I art     : Explicit concurrent mark sweep GC freed 1470(83KB) AllocSpace objects, 1(20KB) LOS objects, 28% free, 40MB/56MB, paused 1.499ms total 52.438ms
08-05 16:34:14.061  2290  2302 I art     : Starting a blocking GC Explicit
08-05 16:34:14.112  2290  2302 I art     : Explicit concurrent mark sweep GC freed 26(912B) AllocSpace objects, 0(0B) LOS objects, 28% free, 40MB/56MB, paused 1.406ms total 50.886ms
08-05 16:34:14.125  2290  2302 I art     : Starting a blocking GC Explicit
08-05 16:34:14.176  2290  2302 I art     : Explicit concurrent mark sweep GC freed 7(224B) AllocSpace objects, 0(0B) LOS objects, 28% free, 40MB/56MB, paused 1.480ms total 50.529ms
08-05 16:34:14.189  2290  2302 I art     : Starting a blocking GC Explicit
08-05 16:34:14.239  2290  2302 I art     : Explicit concurrent mark sweep GC freed 7(224B) AllocSpace objects, 0(0B) LOS objects, 28% free, 40MB/56MB, paused 1.454ms total 49.961ms
08-05 16:34:14.253  2290  2302 I art     : Starting a blocking GC Explicit
08-05 16:34:14.305  2290  2302 I art     : Explicit concurrent mark sweep GC freed 7(224B) AllocSpace objects, 0(0B) LOS objects, 28% free, 40MB/56MB, paused 1.386ms total 51.732ms
08-05 16:34:14.716  2290  4756 I art     : Starting a blocking GC Explicit
08-05 16:34:14.771  2290  4756 I art     : Explicit concurrent mark sweep GC freed 1473(84KB) AllocSpace objects, 1(20KB) LOS objects, 28% free, 40MB/56MB, paused 1.407ms total 53.580ms
08-05 16:34:14.785  2290  4756 I art     : Starting a blocking GC Explicit
08-05 16:34:14.835  2290  4756 I art     : Explicit concurrent mark sweep GC freed 25(880B) AllocSpace objects, 0(0B) LOS objects, 28% free, 40MB/56MB, paused 1.352ms total 50.422ms
08-05 16:34:14.849  2290  4756 I art     : Starting a blocking GC Explicit
08-05 16:34:14.902  2290  4756 I art     : Explicit concurrent mark sweep GC freed 7(224B) AllocSpace objects, 0(0B) LOS objects, 28% free, 40MB/56MB, paused 1.575ms total 52.557ms
08-05 16:34:14.902  2290  2301 I art     : WaitForGcToComplete blocked for 51.966ms for cause HeapTrim
08-05 16:34:14.915  2290  4756 I art     : Starting a blocking GC Explicit
08-05 16:34:14.967  2290  4756 I art     : Explicit concurrent mark sweep GC freed 7(224B) AllocSpace objects, 0(0B) LOS objects, 28% free, 40MB/56MB, paused 1.312ms total 50.958ms
08-05 16:34:14.980  2290  4756 I art     : Starting a blocking GC Explicit
08-05 16:34:15.032  2290  4756 I art     : Explicit concurrent mark sweep GC freed 7(224B) AllocSpace objects, 0(0B) LOS objects, 28% free, 40MB/56MB, paused 1.413ms total 51.439ms
08-05 16:34:15.427   918  1210 D NetlinkSocketObserver: NeighborEvent{elapsedMs=1791859301, 192.168.2.254, [7C3953A63323], RTM_NEWNEIGH, NUD_STALE}
08-05 16:34:15.432  2290  2302 I art     : Starting a blocking GC Explicit
08-05 16:34:15.485  2290  2302 I art     : Explicit concurrent mark sweep GC freed 1470(83KB) AllocSpace objects, 1(20KB) LOS objects, 28% free, 40MB/56MB, paused 1.472ms total 52.659ms
08-05 16:34:15.499  2290  2302 I art     : Starting a blocking GC Explicit
08-05 16:34:15.552  2290  2302 I art     : Explicit concurrent mark sweep GC freed 26(912B) AllocSpace objects, 0(0B) LOS objects, 28% free, 40MB/56MB, paused 1.520ms total 52.873ms
08-05 16:34:15.566  2290  2302 I art     : Starting a blocking GC Explicit
08-05 16:34:15.616  2290  2302 I art     : Explicit concurrent mark sweep GC freed 7(224B) AllocSpace objects, 0(0B) LOS objects, 28% free, 40MB/56MB, paused 1.371ms total 50.146ms
08-05 16:34:15.630  2290  2302 I art     : Starting a blocking GC Explicit
08-05 16:34:15.680 30325 30325 I ServiceManager: Waiting for service AtCmdFwd...
08-05 16:34:15.682  2290  2302 I art     : Explicit concurrent mark sweep GC freed 7(224B) AllocSpace objects, 0(0B) LOS objects, 28% free, 40MB/56MB, paused 1.430ms total 51.325ms
08-05 16:34:15.695  2290  2302 I art     : Starting a blocking GC Explicit
08-05 16:34:15.746  2290  2302 I art     : Explicit concurrent mark sweep GC freed 7(224B) AllocSpace objects, 0(0B) LOS objects, 28% free, 40MB/56MB, paused 1.498ms total 50.936ms
08-05 16:34:16.139  2290  4438 I art     : Starting a blocking GC Explicit
08-05 16:34:16.192  2290  4438 I art     : Explicit concurrent mark sweep GC freed 1559(87KB) AllocSpace objects, 1(20KB) LOS objects, 28% free, 40MB/56MB, paused 1.514ms total 52.736ms
08-05 16:34:16.205  2290  4438 I art     : Starting a blocking GC Explicit
08-05 16:34:16.256  2290  4438 I art     : Explicit concurrent mark sweep GC freed 100(5KB) AllocSpace objects, 0(0B) LOS objects, 28% free, 40MB/56MB, paused 1.678ms total 50.145ms
08-05 16:34:16.269  2290  4438 I art     : Starting a blocking GC Explicit
08-05 16:34:16.320  2290  4438 I art     : Explicit concurrent mark sweep GC freed 17(1568B) AllocSpace objects, 0(0B) LOS objects, 28% free, 40MB/56MB, paused 1.456ms total 50.740ms
08-05 16:34:16.334  2290  4438 I art     : Starting a blocking GC Explicit
08-05 16:34:16.386  2290  4438 I art     : Explicit concurrent mark sweep GC freed 6(192B) AllocSpace objects, 0(0B) LOS objects, 28% free, 40MB/56MB, paused 1.413ms total 51.893ms
08-05 16:34:16.400  2290  4438 I art     : Starting a blocking GC Explicit
08-05 16:34:16.451  2290  4438 I art     : Explicit concurrent mark sweep GC freed 7(224B) AllocSpace objects, 0(0B) LOS objects, 28% free, 40MB/56MB, paused 1.419ms total 50.777ms
08-05 16:34:16.681 30325 30325 I ServiceManager: Waiting for service AtCmdFwd...
08-05 16:34:16.688  2290  4504 E baseline.com.newsblur.network.APIResponse: Error (unexpected end of stream on https://www.newsblur.com/...) calling https://www.newsblur.com/reader/feed_unread_count?feed_id=0
08-05 16:34:16.688  2290  4504 E baseline.com.newsblur.network.APIResponse: java.io.IOException: unexpected end of stream on https://www.newsblur.com/...
08-05 16:34:16.688  2290  4504 E baseline.com.newsblur.network.APIResponse: 	at okhttp3.internal.http1.Http1ExchangeCodec.readResponseHeaders(Http1ExchangeCodec.java:236)
08-05 16:34:16.688  2290  4504 E baseline.com.newsblur.network.APIResponse: 	at okhttp3.internal.connection.Exchange.readResponseHeaders(Exchange.java:115)
08-05 16:34:16.688  2290  4504 E baseline.com.newsblur.network.APIResponse: 	at okhttp3.internal.http.CallServerInterceptor.intercept(CallServerInterceptor.java:94)
08-05 16:34:16.688  2290  4504 E baseline.com.newsblur.network.APIResponse: 	at okhttp3.internal.http.RealInterceptorChain.proceed(RealInterceptorChain.java:142)
08-05 16:34:16.688  2290  4504 E baseline.com.newsblur.network.APIResponse: 	at okhttp3.internal.connection.ConnectInterceptor.intercept(ConnectInterceptor.java:43)
08-05 16:34:16.688  2290  4504 E baseline.com.newsblur.network.APIResponse: 	at okhttp3.internal.http.RealInterceptorChain.proceed(RealInterceptorChain.java:142)
08-05 16:34:16.688  2290  4504 E baseline.com.newsblur.network.APIResponse: 	at okhttp3.internal.http.RealInterceptorChain.proceed(RealInterceptorChain.java:117)
08-05 16:34:16.688  2290  4504 E baseline.com.newsblur.network.APIResponse: 	at okhttp3.internal.cache.CacheInterceptor.intercept(CacheInterceptor.java:94)
08-05 16:34:16.688  2290  4504 E baseline.com.newsblur.network.APIResponse: 	at okhttp3.internal.http.RealInterceptorChain.proceed(RealInterceptorChain.java:142)
08-05 16:34:16.688  2290  4504 E baseline.com.newsblur.network.APIResponse: 	at okhttp3.internal.http.RealInterceptorChain.proceed(RealInterceptorChain.java:117)
08-05 16:34:16.688  2290  4504 E baseline.com.newsblur.network.APIResponse: 	at okhttp3.internal.http.BridgeInterceptor.intercept(BridgeInterceptor.java:93)
08-05 16:34:16.688  2290  4504 E baseline.com.newsblur.network.APIResponse: 	at okhttp3.internal.http.RealInterceptorChain.proceed(RealInterceptorChain.java:142)
08-05 16:34:16.688  2290  4504 E baseline.com.newsblur.network.APIResponse: 	at okhttp3.internal.http.RetryAndFollowUpInterceptor.intercept(RetryAndFollowUpInterceptor.java:88)
08-05 16:34:16.688  2290  4504 E baseline.com.newsblur.network.APIResponse: 	at okhttp3.internal.http.RealInterceptorChain.proceed(RealInterceptorChain.java:142)
08-05 16:34:16.688  2290  4504 E baseline.com.newsblur.network.APIResponse: 	at okhttp3.internal.http.RealInterceptorChain.proceed(RealInterceptorChain.java:117)
08-05 16:34:16.688  2290  4504 E baseline.com.newsblur.network.APIResponse: 	at okhttp3.RealCall.getResponseWithInterceptorChain(RealCall.java:229)
08-05 16:34:16.688  2290  4504 E baseline.com.newsblur.network.APIResponse: 	at okhttp3.RealCall.execute(RealCall.java:81)
08-05 16:34:16.688  2290  4504 E baseline.com.newsblur.network.APIResponse: 	at baseline.com.newsblur.network.APIResponse.<init>(APIResponse.java:57)
08-05 16:34:16.688  2290  4504 E baseline.com.newsblur.network.APIResponse: 	at baseline.com.newsblur.network.APIManager.get_single(APIManager.java:639)
08-05 16:34:16.688  2290  4504 E baseline.com.newsblur.network.APIResponse: 	at baseline.com.newsblur.network.APIManager.get(APIManager.java:625)
08-05 16:34:16.688  2290  4504 E baseline.com.newsblur.network.APIResponse: 	at baseline.com.newsblur.network.APIManager.get(APIManager.java:667)
08-05 16:34:16.688  2290  4504 E baseline.com.newsblur.network.APIResponse: 	at baseline.com.newsblur.network.APIManager.getFeedUnreadCounts(APIManager.java:274)
08-05 16:34:16.688  2290  4504 E baseline.com.newsblur.network.APIResponse: 	at baseline.com.newsblur.service.NBSyncService.checkRecounts(NBSyncService.java:660)
08-05 16:34:16.688  2290  4504 E baseline.com.newsblur.network.APIResponse: 	at baseline.com.newsblur.service.NBSyncService.doSync(NBSyncService.java:310)
08-05 16:34:16.688  2290  4504 E baseline.com.newsblur.network.APIResponse: 	at baseline.com.newsblur.service.NBSyncService.access$100(NBSyncService.java:67)
08-05 16:34:16.688  2290  4504 E baseline.com.newsblur.network.APIResponse: 	at baseline.com.newsblur.service.NBSyncService$1.run(NBSyncService.java:188)
08-05 16:34:16.688  2290  4504 E baseline.com.newsblur.network.APIResponse: 	at java.util.concurrent.ThreadPoolExecutor.runWorker(ThreadPoolExecutor.java:1113)
08-05 16:34:16.688  2290  4504 E baseline.com.newsblur.network.APIResponse: 	at java.util.concurrent.ThreadPoolExecutor$Worker.run(ThreadPoolExecutor.java:588)
08-05 16:34:16.688  2290  4504 E baseline.com.newsblur.network.APIResponse: 	at java.lang.Thread.run(Thread.java:818)
08-05 16:34:16.688  2290  4504 E baseline.com.newsblur.network.APIResponse: Caused by: java.io.EOFException: \n not found: limit=0 content=
08-05 16:34:16.688  2290  4504 E baseline.com.newsblur.network.APIResponse: 	at okio.RealBufferedSource.readUtf8LineStrict(RealBufferedSource.java:240)
08-05 16:34:16.688  2290  4504 E baseline.com.newsblur.network.APIResponse: 	at okhttp3.internal.http1.Http1ExchangeCodec.readHeaderLine(Http1ExchangeCodec.java:242)
08-05 16:34:16.688  2290  4504 E baseline.com.newsblur.network.APIResponse: 	at okhttp3.internal.http1.Http1ExchangeCodec.readResponseHeaders(Http1ExchangeCodec.java:213)
08-05 16:34:16.688  2290  4504 E baseline.com.newsblur.network.APIResponse: 	... 28 more
08-05 16:34:16.689  2290  4504 W baseline.com.newsblur.service.NBSyncService: Bad response to feed_unread_count
08-05 16:34:16.826  2290  4438 I art     : Starting a blocking GC Explicit
08-05 16:34:16.880  2290  4438 I art     : Explicit concurrent mark sweep GC freed 4488(423KB) AllocSpace objects, 5(100KB) LOS objects, 28% free, 40MB/56MB, paused 1.568ms total 53.141ms
08-05 16:34:16.894  2290  4438 I art     : Starting a blocking GC Explicit
08-05 16:34:16.945  2290  4438 I art     : Explicit concurrent mark sweep GC freed 201(7KB) AllocSpace objects, 0(0B) LOS objects, 28% free, 40MB/56MB, paused 1.566ms total 51.506ms
08-05 16:34:16.959  2290  4438 I art     : Starting a blocking GC Explicit
08-05 16:34:17.010  2290  4438 I art     : Explicit concurrent mark sweep GC freed 7(224B) AllocSpace objects, 0(0B) LOS objects, 28% free, 40MB/56MB, paused 1.589ms total 51.270ms
08-05 16:34:17.024  2290  4438 I art     : Starting a blocking GC Explicit
08-05 16:34:17.075  2290  4438 I art     : Explicit concurrent mark sweep GC freed 1661(65KB) AllocSpace objects, 0(0B) LOS objects, 28% free, 40MB/56MB, paused 1.628ms total 50.572ms
08-05 16:34:17.088  2290  4438 I art     : Starting a blocking GC Explicit
08-05 16:34:17.102  2290  4504 I NAPPA_EXPERIMENTATION: MetricNetworkRequestExecutionTime: REQUEST_DURATION_SYSTEM='405',REQUEST_DURATION_OKHTTP='41',REQUEST_SYNCHRONOUS='TRUE',RESPONSE_CODE='200',RESPONSE_METHOD='GET',RESPONSE_LENGTH_OKHTTP='-1',RESPONSE_LENGTH_HEADER='-2',REQUEST_PROTOCOL='http/1.1',REQUEST_URL='https://www.newsblur.com/social/river_stories?order=newest&page=1&read_filter=all',
08-05 16:34:17.102  2290  4504 D MY_TAG  : 0, 405
08-05 16:34:17.128  2290  2290 D baseline.com.newsblur.service.NBSyncService: rejecting request for feedset that is exhaused
08-05 16:34:17.139  2290  4438 I art     : Explicit concurrent mark sweep GC freed 4014(278KB) AllocSpace objects, 6(120KB) LOS objects, 28% free, 40MB/56MB, paused 1.767ms total 50.451ms
08-05 16:34:17.524  2290  2302 I art     : Starting a blocking GC Explicit
08-05 16:34:17.579  2290  2302 I art     : Explicit concurrent mark sweep GC freed 3639(182KB) AllocSpace objects, 1(20KB) LOS objects, 28% free, 40MB/56MB, paused 1.712ms total 54.836ms
08-05 16:34:17.593  2290  2302 I art     : Starting a blocking GC Explicit
08-05 16:34:17.616  2290  4504 E baseline.com.newsblur.network.APIResponse: Error (unexpected end of stream on https://www.newsblur.com/...) calling https://www.newsblur.com/reader/mark_story_hashes_as_read/
08-05 16:34:17.616  2290  4504 E baseline.com.newsblur.network.APIResponse: java.io.IOException: unexpected end of stream on https://www.newsblur.com/...
08-05 16:34:17.616  2290  4504 E baseline.com.newsblur.network.APIResponse: 	at okhttp3.internal.http1.Http1ExchangeCodec.readResponseHeaders(Http1ExchangeCodec.java:236)
08-05 16:34:17.616  2290  4504 E baseline.com.newsblur.network.APIResponse: 	at okhttp3.internal.connection.Exchange.readResponseHeaders(Exchange.java:115)
08-05 16:34:17.616  2290  4504 E baseline.com.newsblur.network.APIResponse: 	at okhttp3.internal.http.CallServerInterceptor.intercept(CallServerInterceptor.java:94)
08-05 16:34:17.616  2290  4504 E baseline.com.newsblur.network.APIResponse: 	at okhttp3.internal.http.RealInterceptorChain.proceed(RealInterceptorChain.java:142)
08-05 16:34:17.616  2290  4504 E baseline.com.newsblur.network.APIResponse: 	at okhttp3.internal.connection.ConnectInterceptor.intercept(ConnectInterceptor.java:43)
08-05 16:34:17.616  2290  4504 E baseline.com.newsblur.network.APIResponse: 	at okhttp3.internal.http.RealInterceptorChain.proceed(RealInterceptorChain.java:142)
08-05 16:34:17.616  2290  4504 E baseline.com.newsblur.network.APIResponse: 	at okhttp3.internal.http.RealInterceptorChain.proceed(RealInterceptorChain.java:117)
08-05 16:34:17.616  2290  4504 E baseline.com.newsblur.network.APIResponse: 	at okhttp3.internal.cache.CacheInterceptor.intercept(CacheInterceptor.java:94)
08-05 16:34:17.616  2290  4504 E baseline.com.newsblur.network.APIResponse: 	at okhttp3.internal.http.RealInterceptorChain.proceed(RealInterceptorChain.java:142)
08-05 16:34:17.616  2290  4504 E baseline.com.newsblur.network.APIResponse: 	at okhttp3.internal.http.RealInterceptorChain.proceed(RealInterceptorChain.java:117)
08-05 16:34:17.616  2290  4504 E baseline.com.newsblur.network.APIResponse: 	at okhttp3.internal.http.BridgeInterceptor.intercept(BridgeInterceptor.java:93)
08-05 16:34:17.616  2290  4504 E baseline.com.newsblur.network.APIResponse: 	at okhttp3.internal.http.RealInterceptorChain.proceed(RealInterceptorChain.java:142)
08-05 16:34:17.616  2290  4504 E baseline.com.newsblur.network.APIResponse: 	at okhttp3.internal.http.RetryAndFollowUpInterceptor.intercept(RetryAndFollowUpInterceptor.java:88)
08-05 16:34:17.616  2290  4504 E baseline.com.newsblur.network.APIResponse: 	at okhttp3.internal.http.RealInterceptorChain.proceed(RealInterceptorChain.java:142)
08-05 16:34:17.616  2290  4504 E baseline.com.newsblur.network.APIResponse: 	at okhttp3.internal.http.RealInterceptorChain.proceed(RealInterceptorChain.java:117)
08-05 16:34:17.616  2290  4504 E baseline.com.newsblur.network.APIResponse: 	at okhttp3.RealCall.getResponseWithInterceptorChain(RealCall.java:229)
08-05 16:34:17.616  2290  4504 E baseline.com.newsblur.network.APIResponse: 	at okhttp3.RealCall.execute(RealCall.java:81)
08-05 16:34:17.616  2290  4504 E baseline.com.newsblur.network.APIResponse: 	at baseline.com.newsblur.network.APIResponse.<init>(APIResponse.java:57)
08-05 16:34:17.616  2290  4504 E baseline.com.newsblur.network.APIResponse: 	at baseline.com.newsblur.network.APIResponse.<init>(APIResponse.java:43)
08-05 16:34:17.616  2290  4504 E baseline.com.newsblur.network.APIResponse: 	at baseline.com.newsblur.network.APIManager.post_single(APIManager.java:702)
08-05 16:34:17.616  2290  4504 E baseline.com.newsblur.network.APIResponse: 	at baseline.com.newsblur.network.APIManager.post(APIManager.java:675)
08-05 16:34:17.616  2290  4504 E baseline.com.newsblur.network.APIResponse: 	at baseline.com.newsblur.network.APIManager.post(APIManager.java:714)
08-05 16:34:17.616  2290  4504 E baseline.com.newsblur.network.APIResponse: 	at baseline.com.newsblur.network.APIManager.markStoryAsRead(APIManager.java:205)
08-05 16:34:17.616  2290  4504 E baseline.com.newsblur.network.APIResponse: 	at baseline.com.newsblur.util.ReadingAction.doRemote(ReadingAction.java:281)
08-05 16:34:17.616  2290  4504 E baseline.com.newsblur.network.APIResponse: 	at baseline.com.newsblur.service.NBSyncService.syncActions(NBSyncService.java:400)
08-05 16:34:17.616  2290  4504 E baseline.com.newsblur.network.APIResponse: 	at baseline.com.newsblur.service.NBSyncService.doSync(NBSyncService.java:298)
08-05 16:34:17.616  2290  4504 E baseline.com.newsblur.network.APIResponse: 	at baseline.com.newsblur.service.NBSyncService.access$100(NBSyncService.java:67)
08-05 16:34:17.616  2290  4504 E baseline.com.newsblur.network.APIResponse: 	at baseline.com.newsblur.service.NBSyncService$1.run(NBSyncService.java:188)
08-05 16:34:17.616  2290  4504 E baseline.com.newsblur.network.APIResponse: 	at java.util.concurrent.ThreadPoolExecutor.runWorker(ThreadPoolExecutor.java:1113)
08-05 16:34:17.616  2290  4504 E baseline.com.newsblur.network.APIResponse: 	at java.util.concurrent.ThreadPoolExecutor$Worker.run(ThreadPoolExecutor.java:588)
08-05 16:34:17.616  2290  4504 E baseline.com.newsblur.network.APIResponse: 	at java.lang.Thread.run(Thread.java:818)
08-05 16:34:17.616  2290  4504 E baseline.com.newsblur.network.APIResponse: Caused by: java.io.EOFException: \n not found: limit=0 content=
08-05 16:34:17.616  2290  4504 E baseline.com.newsblur.network.APIResponse: 	at okio.RealBufferedSource.readUtf8LineStrict(RealBufferedSource.java:240)
08-05 16:34:17.616  2290  4504 E baseline.com.newsblur.network.APIResponse: 	at okhttp3.internal.http1.Http1ExchangeCodec.readHeaderLine(Http1ExchangeCodec.java:242)
08-05 16:34:17.616  2290  4504 E baseline.com.newsblur.network.APIResponse: 	at okhttp3.internal.http1.Http1ExchangeCodec.readResponseHeaders(Http1ExchangeCodec.java:213)
08-05 16:34:17.616  2290  4504 E baseline.com.newsblur.network.APIResponse: 	... 30 more
08-05 16:34:17.619  2290  4504 I baseline.com.newsblur.network.APIManager: API call failed, pausing before retry number 1
08-05 16:34:17.648  2290  2302 I art     : Explicit concurrent mark sweep GC freed 930(194KB) AllocSpace objects, 2(40KB) LOS objects, 28% free, 40MB/56MB, paused 1.631ms total 54.561ms
08-05 16:34:17.662  2290  2302 I art     : Starting a blocking GC Explicit
08-05 16:34:17.682 30325 30325 I ServiceManager: Waiting for service AtCmdFwd...
08-05 16:34:17.718  2290  2302 I art     : Explicit concurrent mark sweep GC freed 111(24KB) AllocSpace objects, 0(0B) LOS objects, 28% free, 40MB/56MB, paused 1.644ms total 55.482ms
08-05 16:34:17.732  2290  2302 I art     : Starting a blocking GC Explicit
08-05 16:34:17.788  2290  2302 I art     : Explicit concurrent mark sweep GC freed 25(832B) AllocSpace objects, 0(0B) LOS objects, 28% free, 40MB/56MB, paused 1.488ms total 55.932ms
08-05 16:34:17.806  2290  2302 I art     : Starting a blocking GC Explicit
08-05 16:34:17.857  2290  2302 I art     : Explicit concurrent mark sweep GC freed 3(96B) AllocSpace objects, 0(0B) LOS objects, 28% free, 40MB/56MB, paused 1.361ms total 50.145ms
08-05 16:34:18.220  2290  3568 I art     : Starting a blocking GC Explicit
08-05 16:34:18.279  2290  3568 I art     : Explicit concurrent mark sweep GC freed 1444(83KB) AllocSpace objects, 1(20KB) LOS objects, 28% free, 40MB/56MB, paused 1.657ms total 58.070ms
08-05 16:34:18.292  2290  3568 I art     : Starting a blocking GC Explicit
08-05 16:34:18.347  2290  3568 I art     : Explicit concurrent mark sweep GC freed 22(784B) AllocSpace objects, 0(0B) LOS objects, 28% free, 40MB/56MB, paused 1.543ms total 53.785ms
08-05 16:34:18.360  2290  3568 I art     : Starting a blocking GC Explicit
08-05 16:34:18.414  2290  3568 I art     : Explicit concurrent mark sweep GC freed 3(96B) AllocSpace objects, 0(0B) LOS objects, 28% free, 40MB/56MB, paused 1.461ms total 53.521ms
08-05 16:34:18.428  2290  3568 I art     : Starting a blocking GC Explicit
08-05 16:34:18.482  2290  3568 I art     : Explicit concurrent mark sweep GC freed 3(96B) AllocSpace objects, 0(0B) LOS objects, 28% free, 40MB/56MB, paused 1.534ms total 53.724ms
08-05 16:34:18.496  2290  3568 I art     : Starting a blocking GC Explicit
08-05 16:34:18.549  2290  3568 I art     : Explicit concurrent mark sweep GC freed 3(96B) AllocSpace objects, 0(0B) LOS objects, 28% free, 40MB/56MB, paused 1.493ms total 52.597ms
08-05 16:34:18.678  5244  5244 D AndroidRuntime: >>>>>> START com.android.internal.os.RuntimeInit uid 2000 <<<<<<
08-05 16:34:18.682 30325 30325 I ServiceManager: Waiting for service AtCmdFwd...
08-05 16:34:18.685  5244  5244 D AndroidRuntime: CheckJNI is OFF
08-05 16:34:18.727  5244  5244 D ICU     : No timezone override file found: /data/misc/zoneinfo/current/icu/icu_tzdata.dat
08-05 16:34:18.770  5244  5244 I Radio-JNI: register_android_hardware_Radio DONE
08-05 16:34:18.798  5244  5244 D AndroidRuntime: Calling main entry com.android.commands.input.Input
08-05 16:34:18.800  5244  5244 I Input   : injectMotionEvent: MotionEvent { action=ACTION_DOWN, actionButton=0, id[0]=0, x[0]=436.0, y[0]=453.0, toolType[0]=TOOL_TYPE_UNKNOWN, buttonState=0, metaState=0, flags=0x0, edgeFlags=0x0, pointerCount=1, historySize=0, eventTime=808475213, downTime=808475213, deviceId=0, source=0x1002 }
08-05 16:34:18.806  5244  5244 I Input   : injectMotionEvent: MotionEvent { action=ACTION_UP, actionButton=0, id[0]=0, x[0]=436.0, y[0]=453.0, toolType[0]=TOOL_TYPE_UNKNOWN, buttonState=0, metaState=0, flags=0x0, edgeFlags=0x0, pointerCount=1, historySize=0, eventTime=808475213, downTime=808475213, deviceId=0, source=0x1002 }
08-05 16:34:18.808  5244  5244 D AndroidRuntime: Shutting down VM
08-05 16:34:18.822   512  2967 D audio_hw_primary: out_set_parameters: enter: usecase(1: low-latency-playback) kvpairs: routing=2
08-05 16:34:18.824   918  5132 I ActivityManager: START u0 {cmp=baseline.com.newsblur/.activity.AllSharedStoriesReading (has extras)} from uid 10676 on display 0
08-05 16:34:18.835   512  2967 D audio_hw_primary: select_devices: out_snd_device(2: speaker) in_snd_device(0: none)
08-05 16:34:18.835   512  2967 D msm8974_platform: platform_send_audio_calibration: sending audio calibration for snd_device(2) acdb_id(15)
08-05 16:34:18.835   512  2967 I soundtrigger: audio_extn_sound_trigger_update_device_status: device 0x2 of type 0 for Event 1
08-05 16:34:18.850   512  2967 D audio_hw_primary: enable_snd_device: snd_device(2: speaker)
08-05 16:34:18.854   512  2967 D audio_hw_primary: enable_audio_route: apply and update mixer path: low-latency-playback speaker
08-05 16:34:18.943  2290  4438 I art     : Starting a blocking GC Explicit
08-05 16:34:18.992  2290  4438 I art     : Explicit concurrent mark sweep GC freed 2963(237KB) AllocSpace objects, 5(528KB) LOS objects, 28% free, 40MB/56MB, paused 1.399ms total 48.968ms
08-05 16:34:19.006  2290  4438 I art     : Starting a blocking GC Explicit
08-05 16:34:19.062  2290  4438 I art     : Explicit concurrent mark sweep GC freed 387(38KB) AllocSpace objects, 1(20KB) LOS objects, 28% free, 40MB/56MB, paused 1.497ms total 56.492ms
08-05 16:34:19.078  2290  4438 I art     : Starting a blocking GC Explicit
08-05 16:34:19.108 13866 13866 I GoogleInputMethodServic: GoogleInputMethodService.onFinishInput():3138 
08-05 16:34:19.108   918   936 I ActivityManager: Displayed baseline.com.newsblur/.activity.AllSharedStoriesReading: +261ms
08-05 16:34:19.108 13866 13866 I GoogleInputMethodServic: GoogleInputMethodService.onStartInput():1808 
08-05 16:34:19.130  2290  4438 I art     : Explicit concurrent mark sweep GC freed 674(48KB) AllocSpace objects, 1(20KB) LOS objects, 28% free, 40MB/56MB, paused 2.418ms total 52.148ms
08-05 16:34:19.144  2290  4438 I art     : Starting a blocking GC Explicit
08-05 16:34:19.196  2290  4438 I art     : Explicit concurrent mark sweep GC freed 1695(110KB) AllocSpace objects, 3(68KB) LOS objects, 28% free, 41MB/57MB, paused 2.187ms total 51.765ms
08-05 16:34:19.217  2290  4438 I art     : Starting a blocking GC Explicit
08-05 16:34:19.269  2290  4438 I art     : Explicit concurrent mark sweep GC freed 960(84KB) AllocSpace objects, 9(216KB) LOS objects, 28% free, 41MB/57MB, paused 1.733ms total 51.750ms
08-05 16:34:19.387  2290  4188 E chromium: [ERROR:tile_manager.cc(793)] WARNING: tile memory limits exceeded, some content may not draw
08-05 16:34:19.387  2290  4188 E chromium: [ERROR:tile_manager.cc(793)] WARNING: tile memory limits exceeded, some content may not draw
08-05 16:34:19.388   512  2967 D audio_hw_primary: disable_audio_route: reset and update mixer path: low-latency-playback speaker
08-05 16:34:19.389   512  2967 D audio_hw_primary: disable_snd_device: snd_device(2: speaker)
08-05 16:34:19.396   512  2967 I soundtrigger: audio_extn_sound_trigger_update_device_status: device 0x2 of type 0 for Event 0
08-05 16:34:19.647  2290  4504 E baseline.com.newsblur.network.APIResponse: Error (unexpected end of stream on https://www.newsblur.com/...) calling https://www.newsblur.com/reader/mark_story_hashes_as_read/
08-05 16:34:19.647  2290  4504 E baseline.com.newsblur.network.APIResponse: java.io.IOException: unexpected end of stream on https://www.newsblur.com/...
08-05 16:34:19.647  2290  4504 E baseline.com.newsblur.network.APIResponse: 	at okhttp3.internal.http1.Http1ExchangeCodec.readResponseHeaders(Http1ExchangeCodec.java:236)
08-05 16:34:19.647  2290  4504 E baseline.com.newsblur.network.APIResponse: 	at okhttp3.internal.connection.Exchange.readResponseHeaders(Exchange.java:115)
08-05 16:34:19.647  2290  4504 E baseline.com.newsblur.network.APIResponse: 	at okhttp3.internal.http.CallServerInterceptor.intercept(CallServerInterceptor.java:94)
08-05 16:34:19.647  2290  4504 E baseline.com.newsblur.network.APIResponse: 	at okhttp3.internal.http.RealInterceptorChain.proceed(RealInterceptorChain.java:142)
08-05 16:34:19.647  2290  4504 E baseline.com.newsblur.network.APIResponse: 	at okhttp3.internal.connection.ConnectInterceptor.intercept(ConnectInterceptor.java:43)
08-05 16:34:19.647  2290  4504 E baseline.com.newsblur.network.APIResponse: 	at okhttp3.internal.http.RealInterceptorChain.proceed(RealInterceptorChain.java:142)
08-05 16:34:19.647  2290  4504 E baseline.com.newsblur.network.APIResponse: 	at okhttp3.internal.http.RealInterceptorChain.proceed(RealInterceptorChain.java:117)
08-05 16:34:19.647  2290  4504 E baseline.com.newsblur.network.APIResponse: 	at okhttp3.internal.cache.CacheInterceptor.intercept(CacheInterceptor.java:94)
08-05 16:34:19.647  2290  4504 E baseline.com.newsblur.network.APIResponse: 	at okhttp3.internal.http.RealInterceptorChain.proceed(RealInterceptorChain.java:142)
08-05 16:34:19.647  2290  4504 E baseline.com.newsblur.network.APIResponse: 	at okhttp3.internal.http.RealInterceptorChain.proceed(RealInterceptorChain.java:117)
08-05 16:34:19.647  2290  4504 E baseline.com.newsblur.network.APIResponse: 	at okhttp3.internal.http.BridgeInterceptor.intercept(BridgeInterceptor.java:93)
08-05 16:34:19.647  2290  4504 E baseline.com.newsblur.network.APIResponse: 	at okhttp3.internal.http.RealInterceptorChain.proceed(RealInterceptorChain.java:142)
08-05 16:34:19.647  2290  4504 E baseline.com.newsblur.network.APIResponse: 	at okhttp3.internal.http.RetryAndFollowUpInterceptor.intercept(RetryAndFollowUpInterceptor.java:88)
08-05 16:34:19.647  2290  4504 E baseline.com.newsblur.network.APIResponse: 	at okhttp3.internal.http.RealInterceptorChain.proceed(RealInterceptorChain.java:142)
08-05 16:34:19.647  2290  4504 E baseline.com.newsblur.network.APIResponse: 	at okhttp3.internal.http.RealInterceptorChain.proceed(RealInterceptorChain.java:117)
08-05 16:34:19.647  2290  4504 E baseline.com.newsblur.network.APIResponse: 	at okhttp3.RealCall.getResponseWithInterceptorChain(RealCall.java:229)
08-05 16:34:19.647  2290  4504 E baseline.com.newsblur.network.APIResponse: 	at okhttp3.RealCall.execute(RealCall.java:81)
08-05 16:34:19.647  2290  4504 E baseline.com.newsblur.network.APIResponse: 	at baseline.com.newsblur.network.APIResponse.<init>(APIResponse.java:57)
08-05 16:34:19.647  2290  4504 E baseline.com.newsblur.network.APIResponse: 	at baseline.com.newsblur.network.APIResponse.<init>(APIResponse.java:43)
08-05 16:34:19.647  2290  4504 E baseline.com.newsblur.network.APIResponse: 	at baseline.com.newsblur.network.APIManager.post_single(APIManager.java:702)
08-05 16:34:19.647  2290  4504 E baseline.com.newsblur.network.APIResponse: 	at baseline.com.newsblur.network.APIManager.post(APIManager.java:675)
08-05 16:34:19.647  2290  4504 E baseline.com.newsblur.network.APIResponse: 	at baseline.com.newsblur.network.APIManager.post(APIManager.java:714)
08-05 16:34:19.647  2290  4504 E baseline.com.newsblur.network.APIResponse: 	at baseline.com.newsblur.network.APIManager.markStoryAsRead(APIManager.java:205)
08-05 16:34:19.647  2290  4504 E baseline.com.newsblur.network.APIResponse: 	at baseline.com.newsblur.util.ReadingAction.doRemote(ReadingAction.java:281)
08-05 16:34:19.647  2290  4504 E baseline.com.newsblur.network.APIResponse: 	at baseline.com.newsblur.service.NBSyncService.syncActions(NBSyncService.java:400)
08-05 16:34:19.647  2290  4504 E baseline.com.newsblur.network.APIResponse: 	at baseline.com.newsblur.service.NBSyncService.doSync(NBSyncService.java:298)
08-05 16:34:19.647  2290  4504 E baseline.com.newsblur.network.APIResponse: 	at baseline.com.newsblur.service.NBSyncService.access$100(NBSyncService.java:67)
08-05 16:34:19.647  2290  4504 E baseline.com.newsblur.network.APIResponse: 	at baseline.com.newsblur.service.NBSyncService$1.run(NBSyncService.java:188)
08-05 16:34:19.647  2290  4504 E baseline.com.newsblur.network.APIResponse: 	at java.util.concurrent.ThreadPoolExecutor.runWorker(ThreadPoolExecutor.java:1113)
08-05 16:34:19.647  2290  4504 E baseline.com.newsblur.network.APIResponse: 	at java.util.concurrent.ThreadPoolExecutor$Worker.run(ThreadPoolExecutor.java:588)
08-05 16:34:19.647  2290  4504 E baseline.com.newsblur.network.APIResponse: 	at java.lang.Thread.run(Thread.java:818)
08-05 16:34:19.647  2290  4504 E baseline.com.newsblur.network.APIResponse: Caused by: java.io.EOFException: \n not found: limit=0 content=
08-05 16:34:19.647  2290  4504 E baseline.com.newsblur.network.APIResponse: 	at okio.RealBufferedSource.readUtf8LineStrict(RealBufferedSource.java:240)
08-05 16:34:19.647  2290  4504 E baseline.com.newsblur.network.APIResponse: 	at okhttp3.internal.http1.Http1ExchangeCodec.readHeaderLine(Http1ExchangeCodec.java:242)
08-05 16:34:19.647  2290  4504 E baseline.com.newsblur.network.APIResponse: 	at okhttp3.internal.http1.Http1ExchangeCodec.readResponseHeaders(Http1ExchangeCodec.java:213)
08-05 16:34:19.647  2290  4504 E baseline.com.newsblur.network.APIResponse: 	... 30 more
08-05 16:34:19.648  2290  4504 I baseline.com.newsblur.network.APIManager: API call failed, pausing before retry number 2
08-05 16:34:19.648  2290  2302 I art     : Starting a blocking GC Explicit
08-05 16:34:19.683 30325 30325 I ServiceManager: Waiting for service AtCmdFwd...
08-05 16:34:19.698  2290  2302 I art     : Explicit concurrent mark sweep GC freed 4880(431KB) AllocSpace objects, 5(108KB) LOS objects, 28% free, 41MB/57MB, paused 1.439ms total 49.164ms
08-05 16:34:19.711  2290  2302 I art     : Starting a blocking GC Explicit
08-05 16:34:19.763  2290  2302 I art     : Explicit concurrent mark sweep GC freed 185(15KB) AllocSpace objects, 0(0B) LOS objects, 28% free, 41MB/57MB, paused 1.471ms total 52.084ms
08-05 16:34:19.777  2290  2302 I art     : Starting a blocking GC Explicit
08-05 16:34:19.833  2290  2302 I art     : Explicit concurrent mark sweep GC freed 6(192B) AllocSpace objects, 0(0B) LOS objects, 28% free, 41MB/57MB, paused 1.391ms total 55.303ms
08-05 16:34:19.850  2290  2302 I art     : Starting a blocking GC Explicit
08-05 16:34:19.901  2290  2302 I art     : Explicit concurrent mark sweep GC freed 3(96B) AllocSpace objects, 0(0B) LOS objects, 28% free, 41MB/57MB, paused 1.420ms total 50.287ms
08-05 16:34:19.915  2290  2302 I art     : Starting a blocking GC Explicit
08-05 16:34:19.967  2290  2302 I art     : Explicit concurrent mark sweep GC freed 3(96B) AllocSpace objects, 0(0B) LOS objects, 28% free, 41MB/57MB, paused 1.417ms total 52.514ms
08-05 16:34:20.345  2290  4438 I art     : Starting a blocking GC Explicit
08-05 16:34:20.406  2290  4438 I art     : Explicit concurrent mark sweep GC freed 1484(85KB) AllocSpace objects, 1(20KB) LOS objects, 28% free, 41MB/57MB, paused 1.412ms total 59.713ms
08-05 16:34:20.419  2290  4438 I art     : Starting a blocking GC Explicit
08-05 16:34:20.483  2290  4438 I art     : Explicit concurrent mark sweep GC freed 41(1392B) AllocSpace objects, 0(0B) LOS objects, 28% free, 41MB/57MB, paused 1.517ms total 63.104ms
08-05 16:34:20.498  2290  4438 I art     : Starting a blocking GC Explicit
08-05 16:34:20.550  2290  4438 I art     : Explicit concurrent mark sweep GC freed 19(608B) AllocSpace objects, 0(0B) LOS objects, 28% free, 41MB/57MB, paused 1.497ms total 51.967ms
08-05 16:34:20.566  2290  4438 I art     : Starting a blocking GC Explicit
08-05 16:34:20.619  2290  4438 I art     : Explicit concurrent mark sweep GC freed 19(608B) AllocSpace objects, 0(0B) LOS objects, 28% free, 41MB/57MB, paused 1.500ms total 52.518ms
08-05 16:34:20.633  2290  4438 I art     : Starting a blocking GC Explicit
08-05 16:34:20.683 30325 30325 W Atfwd_Sendcmd: AtCmdFwd service not published, waiting... retryCnt : 5
08-05 16:34:20.685  2290  4438 I art     : Explicit concurrent mark sweep GC freed 10(320B) AllocSpace objects, 0(0B) LOS objects, 28% free, 41MB/57MB, paused 1.359ms total 51.367ms
08-05 16:34:21.097  2290  2302 I art     : Starting a blocking GC Explicit
08-05 16:34:21.154  2290  2302 I art     : Explicit concurrent mark sweep GC freed 1446(83KB) AllocSpace objects, 1(20KB) LOS objects, 28% free, 41MB/57MB, paused 1.445ms total 56.160ms
08-05 16:34:21.170  2290  2302 I art     : Starting a blocking GC Explicit
08-05 16:34:21.223  2290  2302 I art     : Explicit concurrent mark sweep GC freed 22(784B) AllocSpace objects, 0(0B) LOS objects, 28% free, 41MB/57MB, paused 1.480ms total 52.642ms
08-05 16:34:21.237  2290  2302 I art     : Starting a blocking GC Explicit
08-05 16:34:21.297  2290  2302 I art     : Explicit concurrent mark sweep GC freed 3(96B) AllocSpace objects, 0(0B) LOS objects, 28% free, 41MB/57MB, paused 1.507ms total 59.969ms
08-05 16:34:21.312  2290  2302 I art     : Starting a blocking GC Explicit
08-05 16:34:21.368  2290  2302 I art     : Explicit concurrent mark sweep GC freed 3(96B) AllocSpace objects, 0(0B) LOS objects, 28% free, 41MB/57MB, paused 1.519ms total 55.888ms
08-05 16:34:21.382  2290  2302 I art     : Starting a blocking GC Explicit
08-05 16:34:21.441  2290  2302 I art     : Explicit concurrent mark sweep GC freed 3(96B) AllocSpace objects, 0(0B) LOS objects, 28% free, 41MB/57MB, paused 1.582ms total 58.643ms
08-05 16:34:21.838  2290  4756 I art     : Starting a blocking GC Explicit
08-05 16:34:21.897  2290  4756 I art     : Explicit concurrent mark sweep GC freed 1446(83KB) AllocSpace objects, 1(20KB) LOS objects, 28% free, 41MB/57MB, paused 1.541ms total 58.130ms
08-05 16:34:21.911  2290  4756 I art     : Starting a blocking GC Explicit
08-05 16:34:21.971  2290  4756 I art     : Explicit concurrent mark sweep GC freed 22(784B) AllocSpace objects, 0(0B) LOS objects, 28% free, 41MB/57MB, paused 1.590ms total 59.466ms
08-05 16:34:21.988  2290  4756 I art     : Starting a blocking GC Explicit
08-05 16:34:22.045  2290  4756 I art     : Explicit concurrent mark sweep GC freed 3(96B) AllocSpace objects, 0(0B) LOS objects, 28% free, 41MB/57MB, paused 1.510ms total 57.266ms
08-05 16:34:22.059  2290  4756 I art     : Starting a blocking GC Explicit
08-05 16:34:22.117  2290  4756 I art     : Explicit concurrent mark sweep GC freed 3(96B) AllocSpace objects, 0(0B) LOS objects, 28% free, 41MB/57MB, paused 1.433ms total 57.442ms
08-05 16:34:22.131  2290  4756 I art     : Starting a blocking GC Explicit
08-05 16:34:22.189  2290  4756 I art     : Explicit concurrent mark sweep GC freed 3(96B) AllocSpace objects, 0(0B) LOS objects, 28% free, 41MB/57MB, paused 1.572ms total 57.330ms
08-05 16:34:22.597  2290  3568 I art     : Starting a blocking GC Explicit
08-05 16:34:22.658  2290  3568 I art     : Explicit concurrent mark sweep GC freed 1486(84KB) AllocSpace objects, 1(20KB) LOS objects, 28% free, 41MB/57MB, paused 1.539ms total 59.887ms
08-05 16:34:22.675  2290  3568 I art     : Starting a blocking GC Explicit
08-05 16:34:22.733  2290  3568 I art     : Explicit concurrent mark sweep GC freed 72(2576B) AllocSpace objects, 0(0B) LOS objects, 28% free, 41MB/57MB, paused 1.536ms total 58.053ms
08-05 16:34:22.747  2290  3568 I art     : Starting a blocking GC Explicit
08-05 16:34:22.804  2290  3568 I art     : Explicit concurrent mark sweep GC freed 74(4KB) AllocSpace objects, 0(0B) LOS objects, 28% free, 41MB/57MB, paused 1.602ms total 56.459ms
08-05 16:34:22.818  2290  3568 I art     : Starting a blocking GC Explicit
08-05 16:34:22.874  2290  3568 I art     : Explicit concurrent mark sweep GC freed 12(1408B) AllocSpace objects, 0(0B) LOS objects, 28% free, 41MB/57MB, paused 1.487ms total 56.115ms
08-05 16:34:22.889  2290  3568 I art     : Starting a blocking GC Explicit
08-05 16:34:22.948  2290  3568 I art     : Explicit concurrent mark sweep GC freed 3(96B) AllocSpace objects, 0(0B) LOS objects, 28% free, 41MB/57MB, paused 1.684ms total 59.408ms
08-05 16:34:23.230  2290  4504 E baseline.com.newsblur.network.APIResponse: Error (unexpected end of stream on https://www.newsblur.com/...) calling https://www.newsblur.com/reader/mark_story_hashes_as_read/
08-05 16:34:23.230  2290  4504 E baseline.com.newsblur.network.APIResponse: java.io.IOException: unexpected end of stream on https://www.newsblur.com/...
08-05 16:34:23.230  2290  4504 E baseline.com.newsblur.network.APIResponse: 	at okhttp3.internal.http1.Http1ExchangeCodec.readResponseHeaders(Http1ExchangeCodec.java:236)
08-05 16:34:23.230  2290  4504 E baseline.com.newsblur.network.APIResponse: 	at okhttp3.internal.connection.Exchange.readResponseHeaders(Exchange.java:115)
08-05 16:34:23.230  2290  4504 E baseline.com.newsblur.network.APIResponse: 	at okhttp3.internal.http.CallServerInterceptor.intercept(CallServerInterceptor.java:94)
08-05 16:34:23.230  2290  4504 E baseline.com.newsblur.network.APIResponse: 	at okhttp3.internal.http.RealInterceptorChain.proceed(RealInterceptorChain.java:142)
08-05 16:34:23.230  2290  4504 E baseline.com.newsblur.network.APIResponse: 	at okhttp3.internal.connection.ConnectInterceptor.intercept(ConnectInterceptor.java:43)
08-05 16:34:23.230  2290  4504 E baseline.com.newsblur.network.APIResponse: 	at okhttp3.internal.http.RealInterceptorChain.proceed(RealInterceptorChain.java:142)
08-05 16:34:23.230  2290  4504 E baseline.com.newsblur.network.APIResponse: 	at okhttp3.internal.http.RealInterceptorChain.proceed(RealInterceptorChain.java:117)
08-05 16:34:23.230  2290  4504 E baseline.com.newsblur.network.APIResponse: 	at okhttp3.internal.cache.CacheInterceptor.intercept(CacheInterceptor.java:94)
08-05 16:34:23.230  2290  4504 E baseline.com.newsblur.network.APIResponse: 	at okhttp3.internal.http.RealInterceptorChain.proceed(RealInterceptorChain.java:142)
08-05 16:34:23.230  2290  4504 E baseline.com.newsblur.network.APIResponse: 	at okhttp3.internal.http.RealInterceptorChain.proceed(RealInterceptorChain.java:117)
08-05 16:34:23.230  2290  4504 E baseline.com.newsblur.network.APIResponse: 	at okhttp3.internal.http.BridgeInterceptor.intercept(BridgeInterceptor.java:93)
08-05 16:34:23.230  2290  4504 E baseline.com.newsblur.network.APIResponse: 	at okhttp3.internal.http.RealInterceptorChain.proceed(RealInterceptorChain.java:142)
08-05 16:34:23.230  2290  4504 E baseline.com.newsblur.network.APIResponse: 	at okhttp3.internal.http.RetryAndFollowUpInterceptor.intercept(RetryAndFollowUpInterceptor.java:88)
08-05 16:34:23.230  2290  4504 E baseline.com.newsblur.network.APIResponse: 	at okhttp3.internal.http.RealInterceptorChain.proceed(RealInterceptorChain.java:142)
08-05 16:34:23.230  2290  4504 E baseline.com.newsblur.network.APIResponse: 	at okhttp3.internal.http.RealInterceptorChain.proceed(RealInterceptorChain.java:117)
08-05 16:34:23.230  2290  4504 E baseline.com.newsblur.network.APIResponse: 	at okhttp3.RealCall.getResponseWithInterceptorChain(RealCall.java:229)
08-05 16:34:23.230  2290  4504 E baseline.com.newsblur.network.APIResponse: 	at okhttp3.RealCall.execute(RealCall.java:81)
08-05 16:34:23.230  2290  4504 E baseline.com.newsblur.network.APIResponse: 	at baseline.com.newsblur.network.APIResponse.<init>(APIResponse.java:57)
08-05 16:34:23.230  2290  4504 E baseline.com.newsblur.network.APIResponse: 	at baseline.com.newsblur.network.APIResponse.<init>(APIResponse.java:43)
08-05 16:34:23.230  2290  4504 E baseline.com.newsblur.network.APIResponse: 	at baseline.com.newsblur.network.APIManager.post_single(APIManager.java:702)
08-05 16:34:23.230  2290  4504 E baseline.com.newsblur.network.APIResponse: 	at baseline.com.newsblur.network.APIManager.post(APIManager.java:675)
08-05 16:34:23.230  2290  4504 E baseline.com.newsblur.network.APIResponse: 	at baseline.com.newsblur.network.APIManager.post(APIManager.java:714)
08-05 16:34:23.230  2290  4504 E baseline.com.newsblur.network.APIResponse: 	at baseline.com.newsblur.network.APIManager.markStoryAsRead(APIManager.java:205)
08-05 16:34:23.230  2290  4504 E baseline.com.newsblur.network.APIResponse: 	at baseline.com.newsblur.util.ReadingAction.doRemote(ReadingAction.java:281)
08-05 16:34:23.230  2290  4504 E baseline.com.newsblur.network.APIResponse: 	at baseline.com.newsblur.service.NBSyncService.syncActions(NBSyncService.java:400)
08-05 16:34:23.230  2290  4504 E baseline.com.newsblur.network.APIResponse: 	at baseline.com.newsblur.service.NBSyncService.doSync(NBSyncService.java:298)
08-05 16:34:23.230  2290  4504 E baseline.com.newsblur.network.APIResponse: 	at baseline.com.newsblur.service.NBSyncService.access$100(NBSyncService.java:67)
08-05 16:34:23.230  2290  4504 E baseline.com.newsblur.network.APIResponse: 	at baseline.com.newsblur.service.NBSyncService$1.run(NBSyncService.java:188)
08-05 16:34:23.230  2290  4504 E baseline.com.newsblur.network.APIResponse: 	at java.util.concurrent.ThreadPoolExecutor.runWorker(ThreadPoolExecutor.java:1113)
08-05 16:34:23.230  2290  4504 E baseline.com.newsblur.network.APIResponse: 	at java.util.concurrent.ThreadPoolExecutor$Worker.run(ThreadPoolExecutor.java:588)
08-05 16:34:23.230  2290  4504 E baseline.com.newsblur.network.APIResponse: 	at java.lang.Thread.run(Thread.java:818)
08-05 16:34:23.230  2290  4504 E baseline.com.newsblur.network.APIResponse: Caused by: java.io.EOFException: \n not found: limit=0 content=
08-05 16:34:23.230  2290  4504 E baseline.com.newsblur.network.APIResponse: 	at okio.RealBufferedSource.readUtf8LineStrict(RealBufferedSource.java:240)
08-05 16:34:23.230  2290  4504 E baseline.com.newsblur.network.APIResponse: 	at okhttp3.internal.http1.Http1ExchangeCodec.readHeaderLine(Http1ExchangeCodec.java:242)
08-05 16:34:23.230  2290  4504 E baseline.com.newsblur.network.APIResponse: 	at okhttp3.internal.http1.Http1ExchangeCodec.readResponseHeaders(Http1ExchangeCodec.java:213)
08-05 16:34:23.230  2290  4504 E baseline.com.newsblur.network.APIResponse: 	... 30 more
08-05 16:34:23.231  2290  4504 I baseline.com.newsblur.service.NBSyncService: Holding reading action with server-side or network error.
08-05 16:34:23.243  2290  4504 W baseline.com.newsblur.service.NBSyncService: hard API failure
08-05 16:34:23.345  2290  4438 I art     : Starting a blocking GC Explicit
08-05 16:34:23.403  2290  4438 I art     : Explicit concurrent mark sweep GC freed 4357(407KB) AllocSpace objects, 5(100KB) LOS objects, 28% free, 41MB/57MB, paused 1.618ms total 57.535ms
08-05 16:34:23.417  2290  4438 I art     : Starting a blocking GC Explicit
08-05 16:34:23.478  2290  4438 I art     : Explicit concurrent mark sweep GC freed 140(5KB) AllocSpace objects, 0(0B) LOS objects, 28% free, 41MB/57MB, paused 1.711ms total 60.248ms
08-05 16:34:23.493  2290  4438 I art     : Starting a blocking GC Explicit
08-05 16:34:23.552  2290  4438 I art     : Explicit concurrent mark sweep GC freed 3(96B) AllocSpace objects, 0(0B) LOS objects, 28% free, 41MB/57MB, paused 1.651ms total 59.222ms
08-05 16:34:23.567  2290  4438 I art     : Starting a blocking GC Explicit
08-05 16:34:23.624  2290  4438 I art     : Explicit concurrent mark sweep GC freed 1657(64KB) AllocSpace objects, 0(0B) LOS objects, 28% free, 41MB/57MB, paused 1.553ms total 57.242ms
08-05 16:34:23.639  2290  4438 I art     : Starting a blocking GC Explicit
08-05 16:34:23.662  2290  4504 E baseline.com.newsblur.network.APIResponse: Error (unexpected end of stream on https://www.newsblur.com/...) calling https://www.newsblur.com/reader/mark_story_hashes_as_read/
08-05 16:34:23.662  2290  4504 E baseline.com.newsblur.network.APIResponse: java.io.IOException: unexpected end of stream on https://www.newsblur.com/...
08-05 16:34:23.662  2290  4504 E baseline.com.newsblur.network.APIResponse: 	at okhttp3.internal.http1.Http1ExchangeCodec.readResponseHeaders(Http1ExchangeCodec.java:236)
08-05 16:34:23.662  2290  4504 E baseline.com.newsblur.network.APIResponse: 	at okhttp3.internal.connection.Exchange.readResponseHeaders(Exchange.java:115)
08-05 16:34:23.662  2290  4504 E baseline.com.newsblur.network.APIResponse: 	at okhttp3.internal.http.CallServerInterceptor.intercept(CallServerInterceptor.java:94)
08-05 16:34:23.662  2290  4504 E baseline.com.newsblur.network.APIResponse: 	at okhttp3.internal.http.RealInterceptorChain.proceed(RealInterceptorChain.java:142)
08-05 16:34:23.662  2290  4504 E baseline.com.newsblur.network.APIResponse: 	at okhttp3.internal.connection.ConnectInterceptor.intercept(ConnectInterceptor.java:43)
08-05 16:34:23.662  2290  4504 E baseline.com.newsblur.network.APIResponse: 	at okhttp3.internal.http.RealInterceptorChain.proceed(RealInterceptorChain.java:142)
08-05 16:34:23.662  2290  4504 E baseline.com.newsblur.network.APIResponse: 	at okhttp3.internal.http.RealInterceptorChain.proceed(RealInterceptorChain.java:117)
08-05 16:34:23.662  2290  4504 E baseline.com.newsblur.network.APIResponse: 	at okhttp3.internal.cache.CacheInterceptor.intercept(CacheInterceptor.java:94)
08-05 16:34:23.662  2290  4504 E baseline.com.newsblur.network.APIResponse: 	at okhttp3.internal.http.RealInterceptorChain.proceed(RealInterceptorChain.java:142)
08-05 16:34:23.662  2290  4504 E baseline.com.newsblur.network.APIResponse: 	at okhttp3.internal.http.RealInterceptorChain.proceed(RealInterceptorChain.java:117)
08-05 16:34:23.662  2290  4504 E baseline.com.newsblur.network.APIResponse: 	at okhttp3.internal.http.BridgeInterceptor.intercept(BridgeInterceptor.java:93)
08-05 16:34:23.662  2290  4504 E baseline.com.newsblur.network.APIResponse: 	at okhttp3.internal.http.RealInterceptorChain.proceed(RealInterceptorChain.java:142)
08-05 16:34:23.662  2290  4504 E baseline.com.newsblur.network.APIResponse: 	at okhttp3.internal.http.RetryAndFollowUpInterceptor.intercept(RetryAndFollowUpInterceptor.java:88)
08-05 16:34:23.662  2290  4504 E baseline.com.newsblur.network.APIResponse: 	at okhttp3.internal.http.RealInterceptorChain.proceed(RealInterceptorChain.java:142)
08-05 16:34:23.662  2290  4504 E baseline.com.newsblur.network.APIResponse: 	at okhttp3.internal.http.RealInterceptorChain.proceed(RealInterceptorChain.java:117)
08-05 16:34:23.662  2290  4504 E baseline.com.newsblur.network.APIResponse: 	at okhttp3.RealCall.getResponseWithInterceptorChain(RealCall.java:229)
08-05 16:34:23.662  2290  4504 E baseline.com.newsblur.network.APIResponse: 	at okhttp3.RealCall.execute(RealCall.java:81)
08-05 16:34:23.662  2290  4504 E baseline.com.newsblur.network.APIResponse: 	at baseline.com.newsblur.network.APIResponse.<init>(APIResponse.java:57)
08-05 16:34:23.662  2290  4504 E baseline.com.newsblur.network.APIResponse: 	at baseline.com.newsblur.network.APIResponse.<init>(APIResponse.java:43)
08-05 16:34:23.662  2290  4504 E baseline.com.newsblur.network.APIResponse: 	at baseline.com.newsblur.network.APIManager.post_single(APIManager.java:702)
08-05 16:34:23.662  2290  4504 E baseline.com.newsblur.network.APIResponse: 	at baseline.com.newsblur.network.APIManager.post(APIManager.java:675)
08-05 16:34:23.662  2290  4504 E baseline.com.newsblur.network.APIResponse: 	at baseline.com.newsblur.network.APIManager.post(APIManager.java:714)
08-05 16:34:23.662  2290  4504 E baseline.com.newsblur.network.APIResponse: 	at baseline.com.newsblur.network.APIManager.markStoryAsRead(APIManager.java:205)
08-05 16:34:23.662  2290  4504 E baseline.com.newsblur.network.APIResponse: 	at baseline.com.newsblur.util.ReadingAction.doRemote(ReadingAction.java:281)
08-05 16:34:23.662  2290  4504 E baseline.com.newsblur.network.APIResponse: 	at baseline.com.newsblur.service.NBSyncService.syncActions(NBSyncService.java:400)
08-05 16:34:23.662  2290  4504 E baseline.com.newsblur.network.APIResponse: 	at baseline.com.newsblur.service.NBSyncService.doSync(NBSyncService.java:298)
08-05 16:34:23.662  2290  4504 E baseline.com.newsblur.network.APIResponse: 	at baseline.com.newsblur.service.NBSyncService.access$100(NBSyncService.java:67)
08-05 16:34:23.662  2290  4504 E baseline.com.newsblur.network.APIResponse: 	at baseline.com.newsblur.service.NBSyncService$1.run(NBSyncService.java:188)
08-05 16:34:23.662  2290  4504 E baseline.com.newsblur.network.APIResponse: 	at java.util.concurrent.ThreadPoolExecutor.runWorker(ThreadPoolExecutor.java:1113)
08-05 16:34:23.662  2290  4504 E baseline.com.newsblur.network.APIResponse: 	at java.util.concurrent.ThreadPoolExecutor$Worker.run(ThreadPoolExecutor.java:588)
08-05 16:34:23.662  2290  4504 E baseline.com.newsblur.network.APIResponse: 	at java.lang.Thread.run(Thread.java:818)
08-05 16:34:23.662  2290  4504 E baseline.com.newsblur.network.APIResponse: Caused by: java.io.EOFException: \n not found: limit=0 content=
08-05 16:34:23.662  2290  4504 E baseline.com.newsblur.network.APIResponse: 	at okio.RealBufferedSource.readUtf8LineStrict(RealBufferedSource.java:240)
08-05 16:34:23.662  2290  4504 E baseline.com.newsblur.network.APIResponse: 	at okhttp3.internal.http1.Http1ExchangeCodec.readHeaderLine(Http1ExchangeCodec.java:242)
08-05 16:34:23.662  2290  4504 E baseline.com.newsblur.network.APIResponse: 	at okhttp3.internal.http1.Http1ExchangeCodec.readResponseHeaders(Http1ExchangeCodec.java:213)
08-05 16:34:23.662  2290  4504 E baseline.com.newsblur.network.APIResponse: 	... 30 more
08-05 16:34:23.664  2290  4504 I baseline.com.newsblur.network.APIManager: API call failed, pausing before retry number 1
08-05 16:34:23.696  2290  4438 I art     : Explicit concurrent mark sweep GC freed 827(196KB) AllocSpace objects, 2(40KB) LOS objects, 28% free, 41MB/57MB, paused 1.615ms total 57.554ms
08-05 16:34:24.115  2290  2305 I art     : Starting a blocking GC Explicit
08-05 16:34:24.176  2290  2305 I art     : Explicit concurrent mark sweep GC freed 1556(99KB) AllocSpace objects, 1(20KB) LOS objects, 28% free, 41MB/57MB, paused 1.500ms total 60.753ms
08-05 16:34:24.193  2290  2305 I art     : Starting a blocking GC Explicit
08-05 16:34:24.248  2290  2305 I art     : Explicit concurrent mark sweep GC freed 44(1520B) AllocSpace objects, 0(0B) LOS objects, 28% free, 41MB/57MB, paused 1.553ms total 55.159ms
08-05 16:34:24.262  2290  2305 I art     : Starting a blocking GC Explicit
08-05 16:34:24.323  2290  2305 I art     : Explicit concurrent mark sweep GC freed 3(96B) AllocSpace objects, 0(0B) LOS objects, 28% free, 41MB/57MB, paused 1.504ms total 60.310ms
08-05 16:34:24.337  2290  2305 I art     : Starting a blocking GC Explicit
08-05 16:34:24.392  2290  2305 I art     : Explicit concurrent mark sweep GC freed 3(96B) AllocSpace objects, 0(0B) LOS objects, 28% free, 41MB/57MB, paused 1.516ms total 54.315ms
08-05 16:34:24.407  2290  2305 I art     : Starting a blocking GC Explicit
08-05 16:34:24.467  2290  2305 I art     : Explicit concurrent mark sweep GC freed 3(96B) AllocSpace objects, 0(0B) LOS objects, 28% free, 41MB/57MB, paused 1.400ms total 59.911ms
08-05 16:34:24.861  2290  2302 I art     : Starting a blocking GC Explicit
08-05 16:34:24.920  2290  2302 I art     : Explicit concurrent mark sweep GC freed 1443(83KB) AllocSpace objects, 1(20KB) LOS objects, 28% free, 41MB/57MB, paused 1.563ms total 58.307ms
08-05 16:34:24.934  2290  2302 I art     : Starting a blocking GC Explicit
08-05 16:34:24.994  2290  2302 I art     : Explicit concurrent mark sweep GC freed 22(784B) AllocSpace objects, 0(0B) LOS objects, 28% free, 41MB/57MB, paused 1.542ms total 59.702ms
08-05 16:34:25.008  2290  2302 I art     : Starting a blocking GC Explicit
08-05 16:34:25.069  2290  2302 I art     : Explicit concurrent mark sweep GC freed 3(96B) AllocSpace objects, 0(0B) LOS objects, 28% free, 41MB/57MB, paused 1.776ms total 60.446ms
08-05 16:34:25.087  2290  2302 I art     : Starting a blocking GC Explicit
08-05 16:34:25.142  2290  2302 I art     : Explicit concurrent mark sweep GC freed 3(96B) AllocSpace objects, 0(0B) LOS objects, 28% free, 41MB/57MB, paused 1.500ms total 54.920ms
08-05 16:34:25.156  2290  2302 I art     : Starting a blocking GC Explicit
08-05 16:34:25.213  2290  2302 I art     : Explicit concurrent mark sweep GC freed 94(3KB) AllocSpace objects, 0(0B) LOS objects, 28% free, 41MB/57MB, paused 1.669ms total 56.732ms
08-05 16:34:25.606  2290  4756 I art     : Starting a blocking GC Explicit
08-05 16:34:25.631  2290  4504 E baseline.com.newsblur.network.APIResponse: Error (unexpected end of stream on https://www.newsblur.com/...) calling https://www.newsblur.com/reader/mark_story_hashes_as_read/
08-05 16:34:25.631  2290  4504 E baseline.com.newsblur.network.APIResponse: java.io.IOException: unexpected end of stream on https://www.newsblur.com/...
08-05 16:34:25.631  2290  4504 E baseline.com.newsblur.network.APIResponse: 	at okhttp3.internal.http1.Http1ExchangeCodec.readResponseHeaders(Http1ExchangeCodec.java:236)
08-05 16:34:25.631  2290  4504 E baseline.com.newsblur.network.APIResponse: 	at okhttp3.internal.connection.Exchange.readResponseHeaders(Exchange.java:115)
08-05 16:34:25.631  2290  4504 E baseline.com.newsblur.network.APIResponse: 	at okhttp3.internal.http.CallServerInterceptor.intercept(CallServerInterceptor.java:94)
08-05 16:34:25.631  2290  4504 E baseline.com.newsblur.network.APIResponse: 	at okhttp3.internal.http.RealInterceptorChain.proceed(RealInterceptorChain.java:142)
08-05 16:34:25.631  2290  4504 E baseline.com.newsblur.network.APIResponse: 	at okhttp3.internal.connection.ConnectInterceptor.intercept(ConnectInterceptor.java:43)
08-05 16:34:25.631  2290  4504 E baseline.com.newsblur.network.APIResponse: 	at okhttp3.internal.http.RealInterceptorChain.proceed(RealInterceptorChain.java:142)
08-05 16:34:25.631  2290  4504 E baseline.com.newsblur.network.APIResponse: 	at okhttp3.internal.http.RealInterceptorChain.proceed(RealInterceptorChain.java:117)
08-05 16:34:25.631  2290  4504 E baseline.com.newsblur.network.APIResponse: 	at okhttp3.internal.cache.CacheInterceptor.intercept(CacheInterceptor.java:94)
08-05 16:34:25.631  2290  4504 E baseline.com.newsblur.network.APIResponse: 	at okhttp3.internal.http.RealInterceptorChain.proceed(RealInterceptorChain.java:142)
08-05 16:34:25.631  2290  4504 E baseline.com.newsblur.network.APIResponse: 	at okhttp3.internal.http.RealInterceptorChain.proceed(RealInterceptorChain.java:117)
08-05 16:34:25.631  2290  4504 E baseline.com.newsblur.network.APIResponse: 	at okhttp3.internal.http.BridgeInterceptor.intercept(BridgeInterceptor.java:93)
08-05 16:34:25.631  2290  4504 E baseline.com.newsblur.network.APIResponse: 	at okhttp3.internal.http.RealInterceptorChain.proceed(RealInterceptorChain.java:142)
08-05 16:34:25.631  2290  4504 E baseline.com.newsblur.network.APIResponse: 	at okhttp3.internal.http.RetryAndFollowUpInterceptor.intercept(RetryAndFollowUpInterceptor.java:88)
08-05 16:34:25.631  2290  4504 E baseline.com.newsblur.network.APIResponse: 	at okhttp3.internal.http.RealInterceptorChain.proceed(RealInterceptorChain.java:142)
08-05 16:34:25.631  2290  4504 E baseline.com.newsblur.network.APIResponse: 	at okhttp3.internal.http.RealInterceptorChain.proceed(RealInterceptorChain.java:117)
08-05 16:34:25.631  2290  4504 E baseline.com.newsblur.network.APIResponse: 	at okhttp3.RealCall.getResponseWithInterceptorChain(RealCall.java:229)
08-05 16:34:25.631  2290  4504 E baseline.com.newsblur.network.APIResponse: 	at okhttp3.RealCall.execute(RealCall.java:81)
08-05 16:34:25.631  2290  4504 E baseline.com.newsblur.network.APIResponse: 	at baseline.com.newsblur.network.APIResponse.<init>(APIResponse.java:57)
08-05 16:34:25.631  2290  4504 E baseline.com.newsblur.network.APIResponse: 	at baseline.com.newsblur.network.APIResponse.<init>(APIResponse.java:43)
08-05 16:34:25.631  2290  4504 E baseline.com.newsblur.network.APIResponse: 	at baseline.com.newsblur.network.APIManager.post_single(APIManager.java:702)
08-05 16:34:25.631  2290  4504 E baseline.com.newsblur.network.APIResponse: 	at baseline.com.newsblur.network.APIManager.post(APIManager.java:675)
08-05 16:34:25.631  2290  4504 E baseline.com.newsblur.network.APIResponse: 	at baseline.com.newsblur.network.APIManager.post(APIManager.java:714)
08-05 16:34:25.631  2290  4504 E baseline.com.newsblur.network.APIResponse: 	at baseline.com.newsblur.network.APIManager.markStoryAsRead(APIManager.java:205)
08-05 16:34:25.631  2290  4504 E baseline.com.newsblur.network.APIResponse: 	at baseline.com.newsblur.util.ReadingAction.doRemote(ReadingAction.java:281)
08-05 16:34:25.631  2290  4504 E baseline.com.newsblur.network.APIResponse: 	at baseline.com.newsblur.service.NBSyncService.syncActions(NBSyncService.java:400)
08-05 16:34:25.631  2290  4504 E baseline.com.newsblur.network.APIResponse: 	at baseline.com.newsblur.service.NBSyncService.doSync(NBSyncService.java:298)
08-05 16:34:25.631  2290  4504 E baseline.com.newsblur.network.APIResponse: 	at baseline.com.newsblur.service.NBSyncService.access$100(NBSyncService.java:67)
08-05 16:34:25.631  2290  4504 E baseline.com.newsblur.network.APIResponse: 	at baseline.com.newsblur.service.NBSyncService$1.run(NBSyncService.java:188)
08-05 16:34:25.631  2290  4504 E baseline.com.newsblur.network.APIResponse: 	at java.util.concurrent.ThreadPoolExecutor.runWorker(ThreadPoolExecutor.java:1113)
08-05 16:34:25.631  2290  4504 E baseline.com.newsblur.network.APIResponse: 	at java.util.concurrent.ThreadPoolExecutor$Worker.run(ThreadPoolExecutor.java:588)
08-05 16:34:25.631  2290  4504 E baseline.com.newsblur.network.APIResponse: 	at java.lang.Thread.run(Thread.java:818)
08-05 16:34:25.631  2290  4504 E baseline.com.newsblur.network.APIResponse: Caused by: java.io.EOFException: \n not found: limit=0 content=
08-05 16:34:25.631  2290  4504 E baseline.com.newsblur.network.APIResponse: 	at okio.RealBufferedSource.readUtf8LineStrict(RealBufferedSource.java:240)
08-05 16:34:25.631  2290  4504 E baseline.com.newsblur.network.APIResponse: 	at okhttp3.internal.http1.Http1ExchangeCodec.readHeaderLine(Http1ExchangeCodec.java:242)
08-05 16:34:25.631  2290  4504 E baseline.com.newsblur.network.APIResponse: 	at okhttp3.internal.http1.Http1ExchangeCodec.readResponseHeaders(Http1ExchangeCodec.java:213)
08-05 16:34:25.631  2290  4504 E baseline.com.newsblur.network.APIResponse: 	... 30 more
08-05 16:34:25.632  2290  4504 I baseline.com.newsblur.network.APIManager: API call failed, pausing before retry number 2
08-05 16:34:25.659  2290  4756 I art     : Explicit concurrent mark sweep GC freed 5089(406KB) AllocSpace objects, 3(60KB) LOS objects, 28% free, 41MB/57MB, paused 1.681ms total 52.522ms
08-05 16:34:25.673  2290  4756 I art     : Starting a blocking GC Explicit
08-05 16:34:25.726  2290  4756 I art     : Explicit concurrent mark sweep GC freed 932(75KB) AllocSpace objects, 0(0B) LOS objects, 28% free, 41MB/57MB, paused 1.478ms total 52.426ms
08-05 16:34:25.740  2290  4756 I art     : Starting a blocking GC Explicit
08-05 16:34:25.795  2290  4756 I art     : Explicit concurrent mark sweep GC freed 25(832B) AllocSpace objects, 0(0B) LOS objects, 28% free, 41MB/57MB, paused 1.777ms total 55.430ms
08-05 16:34:25.810  2290  4756 I art     : Starting a blocking GC Explicit
08-05 16:34:25.867  2290  4756 I art     : Explicit concurrent mark sweep GC freed 3(96B) AllocSpace objects, 0(0B) LOS objects, 28% free, 41MB/57MB, paused 1.734ms total 57.286ms
08-05 16:34:25.882  2290  4756 I art     : Starting a blocking GC Explicit
08-05 16:34:25.941  2290  4756 I art     : Explicit concurrent mark sweep GC freed 3251(134KB) AllocSpace objects, 0(0B) LOS objects, 28% free, 41MB/57MB, paused 1.863ms total 58.760ms
08-05 16:34:26.346  2290  3568 I art     : Starting a blocking GC Explicit
08-05 16:34:26.406  2290  3568 I art     : Explicit concurrent mark sweep GC freed 4497(230KB) AllocSpace objects, 1(20KB) LOS objects, 28% free, 41MB/57MB, paused 1.585ms total 59.722ms
08-05 16:34:26.420  2290  3568 I art     : Starting a blocking GC Explicit
08-05 16:34:26.477  2290  3568 I art     : Explicit concurrent mark sweep GC freed 472(32KB) AllocSpace objects, 0(0B) LOS objects, 28% free, 41MB/57MB, paused 1.577ms total 56.315ms
08-05 16:34:26.491  2290  3568 I art     : Starting a blocking GC Explicit
08-05 16:34:26.549  2290  3568 I art     : Explicit concurrent mark sweep GC freed 41(1504B) AllocSpace objects, 0(0B) LOS objects, 28% free, 41MB/57MB, paused 1.609ms total 57.590ms
08-05 16:34:26.567  2290  3568 I art     : Starting a blocking GC Explicit
08-05 16:34:26.624  2290  3568 I art     : Explicit concurrent mark sweep GC freed 3(96B) AllocSpace objects, 0(0B) LOS objects, 28% free, 41MB/57MB, paused 1.499ms total 56.417ms
08-05 16:34:26.638  2290  3568 I art     : Starting a blocking GC Explicit
08-05 16:34:26.693  2290  3568 I art     : Explicit concurrent mark sweep GC freed 3(96B) AllocSpace objects, 0(0B) LOS objects, 28% free, 41MB/57MB, paused 1.542ms total 55.054ms
08-05 16:34:27.095  2290  4438 I art     : Starting a blocking GC Explicit
08-05 16:34:27.156  2290  4438 I art     : Explicit concurrent mark sweep GC freed 1443(83KB) AllocSpace objects, 1(20KB) LOS objects, 28% free, 41MB/57MB, paused 1.485ms total 60.350ms
08-05 16:34:27.174  2290  4438 I art     : Starting a blocking GC Explicit
08-05 16:34:27.231  2290  4438 I art     : Explicit concurrent mark sweep GC freed 22(784B) AllocSpace objects, 0(0B) LOS objects, 28% free, 41MB/57MB, paused 1.548ms total 56.700ms
08-05 16:34:27.245  2290  4438 I art     : Starting a blocking GC Explicit
08-05 16:34:27.301  2290  4438 I art     : Explicit concurrent mark sweep GC freed 3(96B) AllocSpace objects, 0(0B) LOS objects, 28% free, 41MB/57MB, paused 1.479ms total 55.050ms
08-05 16:34:27.314  2290  4438 I art     : Starting a blocking GC Explicit
08-05 16:34:27.372  2290  4438 I art     : Explicit concurrent mark sweep GC freed 3(96B) AllocSpace objects, 0(0B) LOS objects, 28% free, 41MB/57MB, paused 1.536ms total 57.311ms
08-05 16:34:27.386  2290  4438 I art     : Starting a blocking GC Explicit
08-05 16:34:27.444  2290  4438 I art     : Explicit concurrent mark sweep GC freed 3(96B) AllocSpace objects, 0(0B) LOS objects, 28% free, 41MB/57MB, paused 1.491ms total 57.400ms
08-05 16:34:27.848  2290  2305 I art     : Starting a blocking GC Explicit
08-05 16:34:27.909  2290  2305 I art     : Explicit concurrent mark sweep GC freed 1443(83KB) AllocSpace objects, 1(20KB) LOS objects, 28% free, 41MB/57MB, paused 1.656ms total 60.794ms
08-05 16:34:27.927  2290  2305 I art     : Starting a blocking GC Explicit
08-05 16:34:27.983  2290  2305 I art     : Explicit concurrent mark sweep GC freed 22(784B) AllocSpace objects, 0(0B) LOS objects, 28% free, 41MB/57MB, paused 1.531ms total 56.407ms
08-05 16:34:27.997  2290  2305 I art     : Starting a blocking GC Explicit
08-05 16:34:28.055  2290  2305 I art     : Explicit concurrent mark sweep GC freed 3(96B) AllocSpace objects, 0(0B) LOS objects, 28% free, 41MB/57MB, paused 1.432ms total 57.035ms
08-05 16:34:28.069  2290  2305 I art     : Starting a blocking GC Explicit
08-05 16:34:28.126  2290  2305 I art     : Explicit concurrent mark sweep GC freed 3(96B) AllocSpace objects, 0(0B) LOS objects, 28% free, 41MB/57MB, paused 1.504ms total 56.869ms
08-05 16:34:28.140  2290  2305 I art     : Starting a blocking GC Explicit
08-05 16:34:28.197  2290  2305 I art     : Explicit concurrent mark sweep GC freed 3(96B) AllocSpace objects, 0(0B) LOS objects, 28% free, 41MB/57MB, paused 1.485ms total 56.256ms
08-05 16:34:28.572   918  3261 D WifiStateMachine: starting scan for "H369AA63323"WPA_PSK with 2412,5180
08-05 16:34:28.595  2290  2302 I art     : Starting a blocking GC Explicit
08-05 16:34:28.653  2290  2302 I art     : Explicit concurrent mark sweep GC freed 1535(86KB) AllocSpace objects, 1(20KB) LOS objects, 28% free, 41MB/57MB, paused 1.576ms total 57.808ms
08-05 16:34:28.667  2290  2302 I art     : Starting a blocking GC Explicit
08-05 16:34:28.724  2290  2302 I art     : Explicit concurrent mark sweep GC freed 80(3KB) AllocSpace objects, 0(0B) LOS objects, 28% free, 41MB/57MB, paused 1.690ms total 56.635ms
08-05 16:34:28.739  2290  2302 I art     : Starting a blocking GC Explicit
08-05 16:34:28.797  2290  2302 I art     : Explicit concurrent mark sweep GC freed 25(2976B) AllocSpace objects, 0(0B) LOS objects, 28% free, 41MB/57MB, paused 1.426ms total 57.346ms
08-05 16:34:28.811  2290  2302 I art     : Starting a blocking GC Explicit
08-05 16:34:28.869  2290  2302 I art     : Explicit concurrent mark sweep GC freed 3(96B) AllocSpace objects, 0(0B) LOS objects, 28% free, 41MB/57MB, paused 1.585ms total 57.941ms
08-05 16:34:28.884  2290  2302 I art     : Starting a blocking GC Explicit
08-05 16:34:28.942  2290  2302 I art     : Explicit concurrent mark sweep GC freed 3(96B) AllocSpace objects, 0(0B) LOS objects, 28% free, 41MB/57MB, paused 1.550ms total 57.842ms
08-05 16:34:29.180  2290  4504 E baseline.com.newsblur.network.APIResponse: Error (unexpected end of stream on https://www.newsblur.com/...) calling https://www.newsblur.com/reader/mark_story_hashes_as_read/
08-05 16:34:29.180  2290  4504 E baseline.com.newsblur.network.APIResponse: java.io.IOException: unexpected end of stream on https://www.newsblur.com/...
08-05 16:34:29.180  2290  4504 E baseline.com.newsblur.network.APIResponse: 	at okhttp3.internal.http1.Http1ExchangeCodec.readResponseHeaders(Http1ExchangeCodec.java:236)
08-05 16:34:29.180  2290  4504 E baseline.com.newsblur.network.APIResponse: 	at okhttp3.internal.connection.Exchange.readResponseHeaders(Exchange.java:115)
08-05 16:34:29.180  2290  4504 E baseline.com.newsblur.network.APIResponse: 	at okhttp3.internal.http.CallServerInterceptor.intercept(CallServerInterceptor.java:94)
08-05 16:34:29.180  2290  4504 E baseline.com.newsblur.network.APIResponse: 	at okhttp3.internal.http.RealInterceptorChain.proceed(RealInterceptorChain.java:142)
08-05 16:34:29.180  2290  4504 E baseline.com.newsblur.network.APIResponse: 	at okhttp3.internal.connection.ConnectInterceptor.intercept(ConnectInterceptor.java:43)
08-05 16:34:29.180  2290  4504 E baseline.com.newsblur.network.APIResponse: 	at okhttp3.internal.http.RealInterceptorChain.proceed(RealInterceptorChain.java:142)
08-05 16:34:29.180  2290  4504 E baseline.com.newsblur.network.APIResponse: 	at okhttp3.internal.http.RealInterceptorChain.proceed(RealInterceptorChain.java:117)
08-05 16:34:29.180  2290  4504 E baseline.com.newsblur.network.APIResponse: 	at okhttp3.internal.cache.CacheInterceptor.intercept(CacheInterceptor.java:94)
08-05 16:34:29.180  2290  4504 E baseline.com.newsblur.network.APIResponse: 	at okhttp3.internal.http.RealInterceptorChain.proceed(RealInterceptorChain.java:142)
08-05 16:34:29.180  2290  4504 E baseline.com.newsblur.network.APIResponse: 	at okhttp3.internal.http.RealInterceptorChain.proceed(RealInterceptorChain.java:117)
08-05 16:34:29.180  2290  4504 E baseline.com.newsblur.network.APIResponse: 	at okhttp3.internal.http.BridgeInterceptor.intercept(BridgeInterceptor.java:93)
08-05 16:34:29.180  2290  4504 E baseline.com.newsblur.network.APIResponse: 	at okhttp3.internal.http.RealInterceptorChain.proceed(RealInterceptorChain.java:142)
08-05 16:34:29.180  2290  4504 E baseline.com.newsblur.network.APIResponse: 	at okhttp3.internal.http.RetryAndFollowUpInterceptor.intercept(RetryAndFollowUpInterceptor.java:88)
08-05 16:34:29.180  2290  4504 E baseline.com.newsblur.network.APIResponse: 	at okhttp3.internal.http.RealInterceptorChain.proceed(RealInterceptorChain.java:142)
08-05 16:34:29.180  2290  4504 E baseline.com.newsblur.network.APIResponse: 	at okhttp3.internal.http.RealInterceptorChain.proceed(RealInterceptorChain.java:117)
08-05 16:34:29.180  2290  4504 E baseline.com.newsblur.network.APIResponse: 	at okhttp3.RealCall.getResponseWithInterceptorChain(RealCall.java:229)
08-05 16:34:29.180  2290  4504 E baseline.com.newsblur.network.APIResponse: 	at okhttp3.RealCall.execute(RealCall.java:81)
08-05 16:34:29.180  2290  4504 E baseline.com.newsblur.network.APIResponse: 	at baseline.com.newsblur.network.APIResponse.<init>(APIResponse.java:57)
08-05 16:34:29.180  2290  4504 E baseline.com.newsblur.network.APIResponse: 	at baseline.com.newsblur.network.APIResponse.<init>(APIResponse.java:43)
08-05 16:34:29.180  2290  4504 E baseline.com.newsblur.network.APIResponse: 	at baseline.com.newsblur.network.APIManager.post_single(APIManager.java:702)
08-05 16:34:29.180  2290  4504 E baseline.com.newsblur.network.APIResponse: 	at baseline.com.newsblur.network.APIManager.post(APIManager.java:675)
08-05 16:34:29.180  2290  4504 E baseline.com.newsblur.network.APIResponse: 	at baseline.com.newsblur.network.APIManager.post(APIManager.java:714)
08-05 16:34:29.180  2290  4504 E baseline.com.newsblur.network.APIResponse: 	at baseline.com.newsblur.network.APIManager.markStoryAsRead(APIManager.java:205)
08-05 16:34:29.180  2290  4504 E baseline.com.newsblur.network.APIResponse: 	at baseline.com.newsblur.util.ReadingAction.doRemote(ReadingAction.java:281)
08-05 16:34:29.180  2290  4504 E baseline.com.newsblur.network.APIResponse: 	at baseline.com.newsblur.service.NBSyncService.syncActions(NBSyncService.java:400)
08-05 16:34:29.180  2290  4504 E baseline.com.newsblur.network.APIResponse: 	at baseline.com.newsblur.service.NBSyncService.doSync(NBSyncService.java:298)
08-05 16:34:29.180  2290  4504 E baseline.com.newsblur.network.APIResponse: 	at baseline.com.newsblur.service.NBSyncService.access$100(NBSyncService.java:67)
08-05 16:34:29.180  2290  4504 E baseline.com.newsblur.network.APIResponse: 	at baseline.com.newsblur.service.NBSyncService$1.run(NBSyncService.java:188)
08-05 16:34:29.180  2290  4504 E baseline.com.newsblur.network.APIResponse: 	at java.util.concurrent.ThreadPoolExecutor.runWorker(ThreadPoolExecutor.java:1113)
08-05 16:34:29.180  2290  4504 E baseline.com.newsblur.network.APIResponse: 	at java.util.concurrent.ThreadPoolExecutor$Worker.run(ThreadPoolExecutor.java:588)
08-05 16:34:29.180  2290  4504 E baseline.com.newsblur.network.APIResponse: 	at java.lang.Thread.run(Thread.java:818)
08-05 16:34:29.180  2290  4504 E baseline.com.newsblur.network.APIResponse: Caused by: java.io.EOFException: \n not found: limit=0 content=
08-05 16:34:29.180  2290  4504 E baseline.com.newsblur.network.APIResponse: 	at okio.RealBufferedSource.readUtf8LineStrict(RealBufferedSource.java:240)
08-05 16:34:29.180  2290  4504 E baseline.com.newsblur.network.APIResponse: 	at okhttp3.internal.http1.Http1ExchangeCodec.readHeaderLine(Http1ExchangeCodec.java:242)
08-05 16:34:29.180  2290  4504 E baseline.com.newsblur.network.APIResponse: 	at okhttp3.internal.http1.Http1ExchangeCodec.readResponseHeaders(Http1ExchangeCodec.java:213)
08-05 16:34:29.180  2290  4504 E baseline.com.newsblur.network.APIResponse: 	... 30 more
08-05 16:34:29.182  2290  4504 I baseline.com.newsblur.service.NBSyncService: Holding reading action with server-side or network error.
08-05 16:34:29.190  2290  4504 W baseline.com.newsblur.service.NBSyncService: hard API failure
08-05 16:34:29.351  2290  4756 I art     : Starting a blocking GC Explicit
08-05 16:34:29.415  2290  4756 I art     : Explicit concurrent mark sweep GC freed 4354(406KB) AllocSpace objects, 5(100KB) LOS objects, 28% free, 41MB/57MB, paused 1.605ms total 63.893ms
08-05 16:34:29.433  2290  4756 I art     : Starting a blocking GC Explicit
08-05 16:34:29.490  2290  4756 I art     : Explicit concurrent mark sweep GC freed 140(5KB) AllocSpace objects, 0(0B) LOS objects, 28% free, 41MB/57MB, paused 1.400ms total 56.614ms
08-05 16:34:29.504  2290  4756 I art     : Starting a blocking GC Explicit
08-05 16:34:29.555  2290  4756 I art     : Explicit concurrent mark sweep GC freed 1597(62KB) AllocSpace objects, 0(0B) LOS objects, 28% free, 41MB/57MB, paused 1.482ms total 50.901ms
08-05 16:34:29.568  2290  4756 I art     : Starting a blocking GC Explicit
08-05 16:34:29.601  2290  4504 E baseline.com.newsblur.network.APIResponse: Error (unexpected end of stream on https://www.newsblur.com/...) calling https://www.newsblur.com/reader/mark_story_hashes_as_read/
08-05 16:34:29.601  2290  4504 E baseline.com.newsblur.network.APIResponse: java.io.IOException: unexpected end of stream on https://www.newsblur.com/...
08-05 16:34:29.601  2290  4504 E baseline.com.newsblur.network.APIResponse: 	at okhttp3.internal.http1.Http1ExchangeCodec.readResponseHeaders(Http1ExchangeCodec.java:236)
08-05 16:34:29.601  2290  4504 E baseline.com.newsblur.network.APIResponse: 	at okhttp3.internal.connection.Exchange.readResponseHeaders(Exchange.java:115)
08-05 16:34:29.601  2290  4504 E baseline.com.newsblur.network.APIResponse: 	at okhttp3.internal.http.CallServerInterceptor.intercept(CallServerInterceptor.java:94)
08-05 16:34:29.601  2290  4504 E baseline.com.newsblur.network.APIResponse: 	at okhttp3.internal.http.RealInterceptorChain.proceed(RealInterceptorChain.java:142)
08-05 16:34:29.601  2290  4504 E baseline.com.newsblur.network.APIResponse: 	at okhttp3.internal.connection.ConnectInterceptor.intercept(ConnectInterceptor.java:43)
08-05 16:34:29.601  2290  4504 E baseline.com.newsblur.network.APIResponse: 	at okhttp3.internal.http.RealInterceptorChain.proceed(RealInterceptorChain.java:142)
08-05 16:34:29.601  2290  4504 E baseline.com.newsblur.network.APIResponse: 	at okhttp3.internal.http.RealInterceptorChain.proceed(RealInterceptorChain.java:117)
08-05 16:34:29.601  2290  4504 E baseline.com.newsblur.network.APIResponse: 	at okhttp3.internal.cache.CacheInterceptor.intercept(CacheInterceptor.java:94)
08-05 16:34:29.601  2290  4504 E baseline.com.newsblur.network.APIResponse: 	at okhttp3.internal.http.RealInterceptorChain.proceed(RealInterceptorChain.java:142)
08-05 16:34:29.601  2290  4504 E baseline.com.newsblur.network.APIResponse: 	at okhttp3.internal.http.RealInterceptorChain.proceed(RealInterceptorChain.java:117)
08-05 16:34:29.601  2290  4504 E baseline.com.newsblur.network.APIResponse: 	at okhttp3.internal.http.BridgeInterceptor.intercept(BridgeInterceptor.java:93)
08-05 16:34:29.601  2290  4504 E baseline.com.newsblur.network.APIResponse: 	at okhttp3.internal.http.RealInterceptorChain.proceed(RealInterceptorChain.java:142)
08-05 16:34:29.601  2290  4504 E baseline.com.newsblur.network.APIResponse: 	at okhttp3.internal.http.RetryAndFollowUpInterceptor.intercept(RetryAndFollowUpInterceptor.java:88)
08-05 16:34:29.601  2290  4504 E baseline.com.newsblur.network.APIResponse: 	at okhttp3.internal.http.RealInterceptorChain.proceed(RealInterceptorChain.java:142)
08-05 16:34:29.601  2290  4504 E baseline.com.newsblur.network.APIResponse: 	at okhttp3.internal.http.RealInterceptorChain.proceed(RealInterceptorChain.java:117)
08-05 16:34:29.601  2290  4504 E baseline.com.newsblur.network.APIResponse: 	at okhttp3.RealCall.getResponseWithInterceptorChain(RealCall.java:229)
08-05 16:34:29.601  2290  4504 E baseline.com.newsblur.network.APIResponse: 	at okhttp3.RealCall.execute(RealCall.java:81)
08-05 16:34:29.601  2290  4504 E baseline.com.newsblur.network.APIResponse: 	at baseline.com.newsblur.network.APIResponse.<init>(APIResponse.java:57)
08-05 16:34:29.601  2290  4504 E baseline.com.newsblur.network.APIResponse: 	at baseline.com.newsblur.network.APIResponse.<init>(APIResponse.java:43)
08-05 16:34:29.601  2290  4504 E baseline.com.newsblur.network.APIResponse: 	at baseline.com.newsblur.network.APIManager.post_single(APIManager.java:702)
08-05 16:34:29.601  2290  4504 E baseline.com.newsblur.network.APIResponse: 	at baseline.com.newsblur.network.APIManager.post(APIManager.java:675)
08-05 16:34:29.601  2290  4504 E baseline.com.newsblur.network.APIResponse: 	at baseline.com.newsblur.network.APIManager.post(APIManager.java:714)
08-05 16:34:29.601  2290  4504 E baseline.com.newsblur.network.APIResponse: 	at baseline.com.newsblur.network.APIManager.markStoryAsRead(APIManager.java:205)
08-05 16:34:29.601  2290  4504 E baseline.com.newsblur.network.APIResponse: 	at baseline.com.newsblur.util.ReadingAction.doRemote(ReadingAction.java:281)
08-05 16:34:29.601  2290  4504 E baseline.com.newsblur.network.APIResponse: 	at baseline.com.newsblur.service.NBSyncService.syncActions(NBSyncService.java:400)
08-05 16:34:29.601  2290  4504 E baseline.com.newsblur.network.APIResponse: 	at baseline.com.newsblur.service.NBSyncService.doSync(NBSyncService.java:298)
08-05 16:34:29.601  2290  4504 E baseline.com.newsblur.network.APIResponse: 	at baseline.com.newsblur.service.NBSyncService.access$100(NBSyncService.java:67)
08-05 16:34:29.601  2290  4504 E baseline.com.newsblur.network.APIResponse: 	at baseline.com.newsblur.service.NBSyncService$1.run(NBSyncService.java:188)
08-05 16:34:29.601  2290  4504 E baseline.com.newsblur.network.APIResponse: 	at java.util.concurrent.ThreadPoolExecutor.runWorker(ThreadPoolExecutor.java:1113)
08-05 16:34:29.601  2290  4504 E baseline.com.newsblur.network.APIResponse: 	at java.util.concurrent.ThreadPoolExecutor$Worker.run(ThreadPoolExecutor.java:588)
08-05 16:34:29.601  2290  4504 E baseline.com.newsblur.network.APIResponse: 	at java.lang.Thread.run(Thread.java:818)
08-05 16:34:29.601  2290  4504 E baseline.com.newsblur.network.APIResponse: Caused by: java.io.EOFException: \n not found: limit=0 content=
08-05 16:34:29.601  2290  4504 E baseline.com.newsblur.network.APIResponse: 	at okio.RealBufferedSource.readUtf8LineStrict(RealBufferedSource.java:240)
08-05 16:34:29.601  2290  4504 E baseline.com.newsblur.network.APIResponse: 	at okhttp3.internal.http1.Http1ExchangeCodec.readHeaderLine(Http1ExchangeCodec.java:242)
08-05 16:34:29.601  2290  4504 E baseline.com.newsblur.network.APIResponse: 	at okhttp3.internal.http1.Http1ExchangeCodec.readResponseHeaders(Http1ExchangeCodec.java:213)
08-05 16:34:29.601  2290  4504 E baseline.com.newsblur.network.APIResponse: 	... 30 more
08-05 16:34:29.603  2290  4504 I baseline.com.newsblur.network.APIManager: API call failed, pausing before retry number 1
08-05 16:34:29.620  2290  4756 I art     : Explicit concurrent mark sweep GC freed 877(198KB) AllocSpace objects, 2(40KB) LOS objects, 28% free, 41MB/57MB, paused 1.480ms total 51.335ms
08-05 16:34:29.633  2290  4756 I art     : Starting a blocking GC Explicit
08-05 16:34:29.687  2290  4756 I art     : Explicit concurrent mark sweep GC freed 122(16KB) AllocSpace objects, 0(0B) LOS objects, 28% free, 40MB/56MB, paused 1.367ms total 52.858ms
08-05 16:34:30.092  2290  3568 I art     : Starting a blocking GC Explicit
08-05 16:34:30.152  2290  3568 I art     : Explicit concurrent mark sweep GC freed 1465(83KB) AllocSpace objects, 1(20KB) LOS objects, 28% free, 40MB/56MB, paused 1.503ms total 59.747ms
08-05 16:34:30.169  2290  3568 I art     : Starting a blocking GC Explicit
08-05 16:34:30.226  2290  3568 I art     : Explicit concurrent mark sweep GC freed 22(784B) AllocSpace objects, 0(0B) LOS objects, 28% free, 40MB/56MB, paused 1.523ms total 56.582ms
08-05 16:34:30.240  2290  3568 I art     : Starting a blocking GC Explicit
08-05 16:34:30.298  2290  3568 I art     : Explicit concurrent mark sweep GC freed 3(96B) AllocSpace objects, 0(0B) LOS objects, 28% free, 40MB/56MB, paused 1.524ms total 57.418ms
08-05 16:34:30.314  2290  3568 I art     : Starting a blocking GC Explicit
08-05 16:34:30.370  2290  3568 I art     : Explicit concurrent mark sweep GC freed 3(96B) AllocSpace objects, 0(0B) LOS objects, 28% free, 40MB/56MB, paused 1.541ms total 56.155ms
08-05 16:34:30.385  2290  3568 I art     : Starting a blocking GC Explicit
08-05 16:34:30.442  2290  3568 I art     : Explicit concurrent mark sweep GC freed 3(96B) AllocSpace objects, 0(0B) LOS objects, 28% free, 40MB/56MB, paused 1.498ms total 56.839ms
08-05 16:34:30.849  2290  4438 I art     : Starting a blocking GC Explicit
08-05 16:34:30.910  2290  4438 I art     : Explicit concurrent mark sweep GC freed 1443(83KB) AllocSpace objects, 1(20KB) LOS objects, 28% free, 40MB/56MB, paused 1.589ms total 60.876ms
08-05 16:34:30.925  2290  4438 I art     : Starting a blocking GC Explicit
08-05 16:34:30.983  2290  4438 I art     : Explicit concurrent mark sweep GC freed 22(784B) AllocSpace objects, 0(0B) LOS objects, 28% free, 40MB/56MB, paused 1.481ms total 57.504ms
08-05 16:34:30.997  2290  4438 I art     : Starting a blocking GC Explicit
08-05 16:34:31.056  2290  4438 I art     : Explicit concurrent mark sweep GC freed 3(96B) AllocSpace objects, 0(0B) LOS objects, 28% free, 40MB/56MB, paused 1.348ms total 58.133ms
08-05 16:34:31.070  2290  4438 I art     : Starting a blocking GC Explicit
08-05 16:34:31.123  2290  4438 I art     : Explicit concurrent mark sweep GC freed 94(3KB) AllocSpace objects, 0(0B) LOS objects, 28% free, 40MB/56MB, paused 1.550ms total 52.240ms
08-05 16:34:31.137  2290  4438 I art     : Starting a blocking GC Explicit
08-05 16:34:31.188  2290  4438 I art     : Explicit concurrent mark sweep GC freed 74(4KB) AllocSpace objects, 0(0B) LOS objects, 28% free, 40MB/56MB, paused 1.544ms total 51.191ms
08-05 16:34:31.585  2290  2305 I art     : Starting a blocking GC Explicit
08-05 16:34:31.592  5430  5430 D AndroidRuntime: >>>>>> START com.android.internal.os.RuntimeInit uid 2000 <<<<<<
08-05 16:34:31.599  5430  5430 D AndroidRuntime: CheckJNI is OFF
08-05 16:34:31.642  2290  2305 I art     : Explicit concurrent mark sweep GC freed 3051(147KB) AllocSpace objects, 1(20KB) LOS objects, 28% free, 41MB/57MB, paused 1.559ms total 56.920ms
08-05 16:34:31.643  5430  5430 D ICU     : No timezone override file found: /data/misc/zoneinfo/current/icu/icu_tzdata.dat
08-05 16:34:31.656  2290  2305 I art     : Starting a blocking GC Explicit
08-05 16:34:31.662  2290  4504 E baseline.com.newsblur.network.APIResponse: Error (unexpected end of stream on https://www.newsblur.com/...) calling https://www.newsblur.com/reader/mark_story_hashes_as_read/
08-05 16:34:31.662  2290  4504 E baseline.com.newsblur.network.APIResponse: java.io.IOException: unexpected end of stream on https://www.newsblur.com/...
08-05 16:34:31.662  2290  4504 E baseline.com.newsblur.network.APIResponse: 	at okhttp3.internal.http1.Http1ExchangeCodec.readResponseHeaders(Http1ExchangeCodec.java:236)
08-05 16:34:31.662  2290  4504 E baseline.com.newsblur.network.APIResponse: 	at okhttp3.internal.connection.Exchange.readResponseHeaders(Exchange.java:115)
08-05 16:34:31.662  2290  4504 E baseline.com.newsblur.network.APIResponse: 	at okhttp3.internal.http.CallServerInterceptor.intercept(CallServerInterceptor.java:94)
08-05 16:34:31.662  2290  4504 E baseline.com.newsblur.network.APIResponse: 	at okhttp3.internal.http.RealInterceptorChain.proceed(RealInterceptorChain.java:142)
08-05 16:34:31.662  2290  4504 E baseline.com.newsblur.network.APIResponse: 	at okhttp3.internal.connection.ConnectInterceptor.intercept(ConnectInterceptor.java:43)
08-05 16:34:31.662  2290  4504 E baseline.com.newsblur.network.APIResponse: 	at okhttp3.internal.http.RealInterceptorChain.proceed(RealInterceptorChain.java:142)
08-05 16:34:31.662  2290  4504 E baseline.com.newsblur.network.APIResponse: 	at okhttp3.internal.http.RealInterceptorChain.proceed(RealInterceptorChain.java:117)
08-05 16:34:31.662  2290  4504 E baseline.com.newsblur.network.APIResponse: 	at okhttp3.internal.cache.CacheInterceptor.intercept(CacheInterceptor.java:94)
08-05 16:34:31.662  2290  4504 E baseline.com.newsblur.network.APIResponse: 	at okhttp3.internal.http.RealInterceptorChain.proceed(RealInterceptorChain.java:142)
08-05 16:34:31.662  2290  4504 E baseline.com.newsblur.network.APIResponse: 	at okhttp3.internal.http.RealInterceptorChain.proceed(RealInterceptorChain.java:117)
08-05 16:34:31.662  2290  4504 E baseline.com.newsblur.network.APIResponse: 	at okhttp3.internal.http.BridgeInterceptor.intercept(BridgeInterceptor.java:93)
08-05 16:34:31.662  2290  4504 E baseline.com.newsblur.network.APIResponse: 	at okhttp3.internal.http.RealInterceptorChain.proceed(RealInterceptorChain.java:142)
08-05 16:34:31.662  2290  4504 E baseline.com.newsblur.network.APIResponse: 	at okhttp3.internal.http.RetryAndFollowUpInterceptor.intercept(RetryAndFollowUpInterceptor.java:88)
08-05 16:34:31.662  2290  4504 E baseline.com.newsblur.network.APIResponse: 	at okhttp3.internal.http.RealInterceptorChain.proceed(RealInterceptorChain.java:142)
08-05 16:34:31.662  2290  4504 E baseline.com.newsblur.network.APIResponse: 	at okhttp3.internal.http.RealInterceptorChain.proceed(RealInterceptorChain.java:117)
08-05 16:34:31.662  2290  4504 E baseline.com.newsblur.network.APIResponse: 	at okhttp3.RealCall.getResponseWithInterceptorChain(RealCall.java:229)
08-05 16:34:31.662  2290  4504 E baseline.com.newsblur.network.APIResponse: 	at okhttp3.RealCall.execute(RealCall.java:81)
08-05 16:34:31.662  2290  4504 E baseline.com.newsblur.network.APIResponse: 	at baseline.com.newsblur.network.APIResponse.<init>(APIResponse.java:57)
08-05 16:34:31.662  2290  4504 E baseline.com.newsblur.network.APIResponse: 	at baseline.com.newsblur.network.APIResponse.<init>(APIResponse.java:43)
08-05 16:34:31.662  2290  4504 E baseline.com.newsblur.network.APIResponse: 	at baseline.com.newsblur.network.APIManager.post_single(APIManager.java:702)
08-05 16:34:31.662  2290  4504 E baseline.com.newsblur.network.APIResponse: 	at baseline.com.newsblur.network.APIManager.post(APIManager.java:675)
08-05 16:34:31.662  2290  4504 E baseline.com.newsblur.network.APIResponse: 	at baseline.com.newsblur.network.APIManager.post(APIManager.java:714)
08-05 16:34:31.662  2290  4504 E baseline.com.newsblur.network.APIResponse: 	at baseline.com.newsblur.network.APIManager.markStoryAsRead(APIManager.java:205)
08-05 16:34:31.662  2290  4504 E baseline.com.newsblur.network.APIResponse: 	at baseline.com.newsblur.util.ReadingAction.doRemote(ReadingAction.java:281)
08-05 16:34:31.662  2290  4504 E baseline.com.newsblur.network.APIResponse: 	at baseline.com.newsblur.service.NBSyncService.syncActions(NBSyncService.java:400)
08-05 16:34:31.662  2290  4504 E baseline.com.newsblur.network.APIResponse: 	at baseline.com.newsblur.service.NBSyncService.doSync(NBSyncService.java:298)
08-05 16:34:31.662  2290  4504 E baseline.com.newsblur.network.APIResponse: 	at baseline.com.newsblur.service.NBSyncService.access$100(NBSyncService.java:67)
08-05 16:34:31.662  2290  4504 E baseline.com.newsblur.network.APIResponse: 	at baseline.com.newsblur.service.NBSyncService$1.run(NBSyncService.java:188)
08-05 16:34:31.662  2290  4504 E baseline.com.newsblur.network.APIResponse: 	at java.util.concurrent.ThreadPoolExecutor.runWorker(ThreadPoolExecutor.java:1113)
08-05 16:34:31.662  2290  4504 E baseline.com.newsblur.network.APIResponse: 	at java.util.concurrent.ThreadPoolExecutor$Worker.run(ThreadPoolExecutor.java:588)
08-05 16:34:31.662  2290  4504 E baseline.com.newsblur.network.APIResponse: 	at java.lang.Thread.run(Thread.java:818)
08-05 16:34:31.662  2290  4504 E baseline.com.newsblur.network.APIResponse: Caused by: java.io.EOFException: \n not found: limit=0 content=
08-05 16:34:31.662  2290  4504 E baseline.com.newsblur.network.APIResponse: 	at okio.RealBufferedSource.readUtf8LineStrict(RealBufferedSource.java:240)
08-05 16:34:31.662  2290  4504 E baseline.com.newsblur.network.APIResponse: 	at okhttp3.internal.http1.Http1ExchangeCodec.readHeaderLine(Http1ExchangeCodec.java:242)
08-05 16:34:31.662  2290  4504 E baseline.com.newsblur.network.APIResponse: 	at okhttp3.internal.http1.Http1ExchangeCodec.readResponseHeaders(Http1ExchangeCodec.java:213)
08-05 16:34:31.662  2290  4504 E baseline.com.newsblur.network.APIResponse: 	... 30 more
08-05 16:34:31.663  2290  4504 I baseline.com.newsblur.network.APIManager: API call failed, pausing before retry number 2
08-05 16:34:31.686  5430  5430 I Radio-JNI: register_android_hardware_Radio DONE
08-05 16:34:31.713  2290  2305 I art     : Explicit concurrent mark sweep GC freed 662(184KB) AllocSpace objects, 2(40KB) LOS objects, 28% free, 41MB/57MB, paused 1.560ms total 56.642ms
08-05 16:34:31.716  5430  5430 D AndroidRuntime: Calling main entry com.android.commands.input.Input
08-05 16:34:31.718  5430  5430 I Input   : injectKeyEvent: KeyEvent { action=ACTION_DOWN, keyCode=KEYCODE_BACK, scanCode=0, metaState=0, flags=0x0, repeatCount=0, eventTime=808488131, downTime=808488131, deviceId=-1, source=0x101 }
08-05 16:34:31.724  5430  5430 I Input   : injectKeyEvent: KeyEvent { action=ACTION_UP, keyCode=KEYCODE_BACK, scanCode=0, metaState=0, flags=0x0, repeatCount=0, eventTime=808488131, downTime=808488131, deviceId=-1, source=0x101 }
08-05 16:34:31.727  2290  2305 I art     : Starting a blocking GC Explicit
08-05 16:34:31.730  5430  5430 D AndroidRuntime: Shutting down VM
08-05 16:34:31.741  2290  2290 D baseline.com.newsblur.service.NBSyncService: rejecting request for feedset that is exhaused
08-05 16:34:31.776  2290  2305 I art     : Explicit concurrent mark sweep GC freed 573(69KB) AllocSpace objects, 2(40KB) LOS objects, 28% free, 41MB/57MB, paused 1.456ms total 49.168ms
08-05 16:34:31.790  2290  2305 I art     : Starting a blocking GC Explicit
08-05 16:34:31.840  2290  2305 I art     : Explicit concurrent mark sweep GC freed 60(2192B) AllocSpace objects, 0(0B) LOS objects, 28% free, 41MB/57MB, paused 1.458ms total 49.358ms
08-05 16:34:31.853  2290  2305 I art     : Starting a blocking GC Explicit
08-05 16:34:31.902  2290  2305 I art     : Explicit concurrent mark sweep GC freed 582(44KB) AllocSpace objects, 1(20KB) LOS objects, 28% free, 41MB/57MB, paused 1.340ms total 48.742ms
08-05 16:34:31.908  2290  2290 D baseline.com.newsblur.service.NBSyncService: rejecting request for feedset that is exhaused
08-05 16:34:31.910 13866 13866 I GoogleInputMethodServic: GoogleInputMethodService.onFinishInput():3138 
08-05 16:34:31.910 13866 13866 I GoogleInputMethodServic: GoogleInputMethodService.onStartInput():1808 
08-05 16:34:32.259  2290  4756 I art     : Starting a blocking GC Explicit
08-05 16:34:32.311  2290  4756 I art     : Explicit concurrent mark sweep GC freed 3672(235KB) AllocSpace objects, 3(68KB) LOS objects, 28% free, 40MB/56MB, paused 1.399ms total 51.305ms
08-05 16:34:32.324  2290  4756 I art     : Starting a blocking GC Explicit
08-05 16:34:32.378  2290  4756 I art     : Explicit concurrent mark sweep GC freed 266(13KB) AllocSpace objects, 0(0B) LOS objects, 28% free, 40MB/56MB, paused 1.417ms total 53.784ms
08-05 16:34:32.392  2290  4756 I art     : Starting a blocking GC Explicit
08-05 16:34:32.447  2290  4756 I art     : Explicit concurrent mark sweep GC freed 11(352B) AllocSpace objects, 0(0B) LOS objects, 28% free, 40MB/56MB, paused 1.592ms total 55.172ms
08-05 16:34:32.463  2290  4756 I art     : Starting a blocking GC Explicit
08-05 16:34:32.520  2290  4756 I art     : Explicit concurrent mark sweep GC freed 12(384B) AllocSpace objects, 0(0B) LOS objects, 28% free, 40MB/56MB, paused 2.174ms total 57.226ms
08-05 16:34:32.536  2290  4756 I art     : Starting a blocking GC Explicit
08-05 16:34:32.592  2290  4756 I art     : Explicit concurrent mark sweep GC freed 12(384B) AllocSpace objects, 0(0B) LOS objects, 28% free, 40MB/56MB, paused 1.537ms total 56.103ms
08-05 16:34:32.983  2290  2305 I art     : Starting a blocking GC Explicit
08-05 16:34:33.046  2290  2305 I art     : Explicit concurrent mark sweep GC freed 1498(84KB) AllocSpace objects, 1(20KB) LOS objects, 28% free, 40MB/56MB, paused 1.604ms total 62.765ms
08-05 16:34:33.061  2290  2305 I art     : Starting a blocking GC Explicit
08-05 16:34:33.117  2290  2305 I art     : Explicit concurrent mark sweep GC freed 30(1040B) AllocSpace objects, 0(0B) LOS objects, 28% free, 40MB/56MB, paused 1.486ms total 55.531ms
08-05 16:34:33.133  2290  2305 I art     : Starting a blocking GC Explicit
08-05 16:34:33.190  2290  2305 I art     : Explicit concurrent mark sweep GC freed 13(416B) AllocSpace objects, 0(0B) LOS objects, 28% free, 40MB/56MB, paused 1.398ms total 56.506ms
08-05 16:34:33.206  2290  2305 I art     : Starting a blocking GC Explicit
08-05 16:34:33.262  2290  2305 I art     : Explicit concurrent mark sweep GC freed 11(352B) AllocSpace objects, 0(0B) LOS objects, 28% free, 40MB/56MB, paused 1.561ms total 56.493ms
08-05 16:34:33.278  2290  2305 I art     : Starting a blocking GC Explicit
08-05 16:34:33.334  2290  2305 I art     : Explicit concurrent mark sweep GC freed 11(352B) AllocSpace objects, 0(0B) LOS objects, 28% free, 40MB/56MB, paused 1.484ms total 56.439ms
08-05 16:34:33.540  5473  5473 D AndroidRuntime: >>>>>> START com.android.internal.os.RuntimeInit uid 2000 <<<<<<
08-05 16:34:33.546  5473  5473 D AndroidRuntime: CheckJNI is OFF
08-05 16:34:33.588  5473  5473 D ICU     : No timezone override file found: /data/misc/zoneinfo/current/icu/icu_tzdata.dat
08-05 16:34:33.630  5473  5473 I Radio-JNI: register_android_hardware_Radio DONE
08-05 16:34:33.659  5473  5473 D AndroidRuntime: Calling main entry com.android.commands.input.Input
08-05 16:34:33.662  5473  5473 I Input   : injectMotionEvent: MotionEvent { action=ACTION_DOWN, actionButton=0, id[0]=0, x[0]=435.0, y[0]=858.0, toolType[0]=TOOL_TYPE_UNKNOWN, buttonState=0, metaState=0, flags=0x0, edgeFlags=0x0, pointerCount=1, historySize=0, eventTime=808490074, downTime=808490074, deviceId=0, source=0x1002 }
08-05 16:34:33.668  5473  5473 I Input   : injectMotionEvent: MotionEvent { action=ACTION_UP, actionButton=0, id[0]=0, x[0]=435.0, y[0]=858.0, toolType[0]=TOOL_TYPE_UNKNOWN, buttonState=0, metaState=0, flags=0x0, edgeFlags=0x0, pointerCount=1, historySize=0, eventTime=808490074, downTime=808490074, deviceId=0, source=0x1002 }
08-05 16:34:33.670  5473  5473 D AndroidRuntime: Shutting down VM
08-05 16:34:33.688   512  2967 D audio_hw_primary: out_set_parameters: enter: usecase(1: low-latency-playback) kvpairs: routing=2
08-05 16:34:33.689   918  3670 I ActivityManager: START u0 {cmp=baseline.com.newsblur/.activity.AllSharedStoriesReading (has extras)} from uid 10676 on display 0
08-05 16:34:33.702   512  2967 D audio_hw_primary: select_devices: out_snd_device(2: speaker) in_snd_device(0: none)
08-05 16:34:33.702   512  2967 D msm8974_platform: platform_send_audio_calibration: sending audio calibration for snd_device(2) acdb_id(15)
08-05 16:34:33.702   512  2967 I soundtrigger: audio_extn_sound_trigger_update_device_status: device 0x2 of type 0 for Event 1
08-05 16:34:33.713   512  2967 D audio_hw_primary: enable_snd_device: snd_device(2: speaker)
08-05 16:34:33.715   512  2967 D audio_hw_primary: enable_audio_route: apply and update mixer path: low-latency-playback speaker
08-05 16:34:33.751  2290  4756 I art     : Starting a blocking GC Explicit
08-05 16:34:33.806  2290  4756 I art     : Explicit concurrent mark sweep GC freed 2916(228KB) AllocSpace objects, 5(528KB) LOS objects, 28% free, 41MB/57MB, paused 1.515ms total 54.263ms
08-05 16:34:33.819  2290  4756 I art     : Starting a blocking GC Explicit
08-05 16:34:33.872  2290  4756 I art     : Explicit concurrent mark sweep GC freed 261(13KB) AllocSpace objects, 0(0B) LOS objects, 28% free, 41MB/57MB, paused 1.562ms total 52.151ms
08-05 16:34:33.885  2290  4756 I art     : Starting a blocking GC Explicit
08-05 16:34:33.936  2290  4756 I art     : Explicit concurrent mark sweep GC freed 161(26KB) AllocSpace objects, 1(20KB) LOS objects, 28% free, 41MB/57MB, paused 1.343ms total 50.410ms
08-05 16:34:33.955  2290  4756 I art     : Starting a blocking GC Explicit
08-05 16:34:33.968   918   936 I ActivityManager: Displayed baseline.com.newsblur/.activity.AllSharedStoriesReading: +270ms
08-05 16:34:33.969 13866 13866 I GoogleInputMethodServic: GoogleInputMethodService.onFinishInput():3138 
08-05 16:34:33.977 13866 13866 I GoogleInputMethodServic: GoogleInputMethodService.onStartInput():1808 
08-05 16:34:34.008  2290  4756 I art     : Explicit concurrent mark sweep GC freed 1062(80KB) AllocSpace objects, 2(40KB) LOS objects, 27% free, 41MB/57MB, paused 2.203ms total 52.002ms
08-05 16:34:34.021  2290  4756 I art     : Starting a blocking GC Explicit
08-05 16:34:34.079  2290  4756 I art     : Explicit concurrent mark sweep GC freed 1994(127KB) AllocSpace objects, 2(40KB) LOS objects, 27% free, 41MB/57MB, paused 2.529ms total 57.674ms
08-05 16:34:34.250   512  2967 D audio_hw_primary: disable_audio_route: reset and update mixer path: low-latency-playback speaker
08-05 16:34:34.253   512  2967 D audio_hw_primary: disable_snd_device: snd_device(2: speaker)
08-05 16:34:34.261   512  2967 I soundtrigger: audio_extn_sound_trigger_update_device_status: device 0x2 of type 0 for Event 0
08-05 16:34:34.274  2290  4188 E chromium: [ERROR:tile_manager.cc(793)] WARNING: tile memory limits exceeded, some content may not draw
08-05 16:34:34.274  2290  4188 E chromium: [ERROR:tile_manager.cc(793)] WARNING: tile memory limits exceeded, some content may not draw
08-05 16:34:34.451  2290  4438 I art     : Starting a blocking GC Explicit
08-05 16:34:34.511  2290  4438 I art     : Explicit concurrent mark sweep GC freed 3222(274KB) AllocSpace objects, 12(284KB) LOS objects, 27% free, 41MB/57MB, paused 1.497ms total 59.330ms
08-05 16:34:34.525  2290  4438 I art     : Starting a blocking GC Explicit
08-05 16:34:34.584  2290  4438 I art     : Explicit concurrent mark sweep GC freed 279(13KB) AllocSpace objects, 0(0B) LOS objects, 27% free, 41MB/57MB, paused 1.501ms total 58.285ms
08-05 16:34:34.599  2290  4438 I art     : Starting a blocking GC Explicit
08-05 16:34:34.656  2290  4438 I art     : Explicit concurrent mark sweep GC freed 3(96B) AllocSpace objects, 0(0B) LOS objects, 27% free, 41MB/57MB, paused 1.637ms total 57.447ms
08-05 16:34:34.671  2290  4438 I art     : Starting a blocking GC Explicit
08-05 16:34:34.728  2290  4438 I art     : Explicit concurrent mark sweep GC freed 95(3KB) AllocSpace objects, 0(0B) LOS objects, 27% free, 41MB/57MB, paused 1.555ms total 56.813ms
08-05 16:34:34.742  2290  4438 I art     : Starting a blocking GC Explicit
08-05 16:34:34.799  2290  4438 I art     : Explicit concurrent mark sweep GC freed 74(4KB) AllocSpace objects, 0(0B) LOS objects, 27% free, 41MB/57MB, paused 1.667ms total 56.583ms
08-05 16:34:35.180  2290  2305 I art     : Starting a blocking GC Explicit
08-05 16:34:35.217  2290  4504 E baseline.com.newsblur.network.APIResponse: Error (unexpected end of stream on https://www.newsblur.com/...) calling https://www.newsblur.com/reader/mark_story_hashes_as_read/
08-05 16:34:35.217  2290  4504 E baseline.com.newsblur.network.APIResponse: java.io.IOException: unexpected end of stream on https://www.newsblur.com/...
08-05 16:34:35.217  2290  4504 E baseline.com.newsblur.network.APIResponse: 	at okhttp3.internal.http1.Http1ExchangeCodec.readResponseHeaders(Http1ExchangeCodec.java:236)
08-05 16:34:35.217  2290  4504 E baseline.com.newsblur.network.APIResponse: 	at okhttp3.internal.connection.Exchange.readResponseHeaders(Exchange.java:115)
08-05 16:34:35.217  2290  4504 E baseline.com.newsblur.network.APIResponse: 	at okhttp3.internal.http.CallServerInterceptor.intercept(CallServerInterceptor.java:94)
08-05 16:34:35.217  2290  4504 E baseline.com.newsblur.network.APIResponse: 	at okhttp3.internal.http.RealInterceptorChain.proceed(RealInterceptorChain.java:142)
08-05 16:34:35.217  2290  4504 E baseline.com.newsblur.network.APIResponse: 	at okhttp3.internal.connection.ConnectInterceptor.intercept(ConnectInterceptor.java:43)
08-05 16:34:35.217  2290  4504 E baseline.com.newsblur.network.APIResponse: 	at okhttp3.internal.http.RealInterceptorChain.proceed(RealInterceptorChain.java:142)
08-05 16:34:35.217  2290  4504 E baseline.com.newsblur.network.APIResponse: 	at okhttp3.internal.http.RealInterceptorChain.proceed(RealInterceptorChain.java:117)
08-05 16:34:35.217  2290  4504 E baseline.com.newsblur.network.APIResponse: 	at okhttp3.internal.cache.CacheInterceptor.intercept(CacheInterceptor.java:94)
08-05 16:34:35.217  2290  4504 E baseline.com.newsblur.network.APIResponse: 	at okhttp3.internal.http.RealInterceptorChain.proceed(RealInterceptorChain.java:142)
08-05 16:34:35.217  2290  4504 E baseline.com.newsblur.network.APIResponse: 	at okhttp3.internal.http.RealInterceptorChain.proceed(RealInterceptorChain.java:117)
08-05 16:34:35.217  2290  4504 E baseline.com.newsblur.network.APIResponse: 	at okhttp3.internal.http.BridgeInterceptor.intercept(BridgeInterceptor.java:93)
08-05 16:34:35.217  2290  4504 E baseline.com.newsblur.network.APIResponse: 	at okhttp3.internal.http.RealInterceptorChain.proceed(RealInterceptorChain.java:142)
08-05 16:34:35.217  2290  4504 E baseline.com.newsblur.network.APIResponse: 	at okhttp3.internal.http.RetryAndFollowUpInterceptor.intercept(RetryAndFollowUpInterceptor.java:88)
08-05 16:34:35.217  2290  4504 E baseline.com.newsblur.network.APIResponse: 	at okhttp3.internal.http.RealInterceptorChain.proceed(RealInterceptorChain.java:142)
08-05 16:34:35.217  2290  4504 E baseline.com.newsblur.network.APIResponse: 	at okhttp3.internal.http.RealInterceptorChain.proceed(RealInterceptorChain.java:117)
08-05 16:34:35.217  2290  4504 E baseline.com.newsblur.network.APIResponse: 	at okhttp3.RealCall.getResponseWithInterceptorChain(RealCall.java:229)
08-05 16:34:35.217  2290  4504 E baseline.com.newsblur.network.APIResponse: 	at okhttp3.RealCall.execute(RealCall.java:81)
08-05 16:34:35.217  2290  4504 E baseline.com.newsblur.network.APIResponse: 	at baseline.com.newsblur.network.APIResponse.<init>(APIResponse.java:57)
08-05 16:34:35.217  2290  4504 E baseline.com.newsblur.network.APIResponse: 	at baseline.com.newsblur.network.APIResponse.<init>(APIResponse.java:43)
08-05 16:34:35.217  2290  4504 E baseline.com.newsblur.network.APIResponse: 	at baseline.com.newsblur.network.APIManager.post_single(APIManager.java:702)
08-05 16:34:35.217  2290  4504 E baseline.com.newsblur.network.APIResponse: 	at baseline.com.newsblur.network.APIManager.post(APIManager.java:675)
08-05 16:34:35.217  2290  4504 E baseline.com.newsblur.network.APIResponse: 	at baseline.com.newsblur.network.APIManager.post(APIManager.java:714)
08-05 16:34:35.217  2290  4504 E baseline.com.newsblur.network.APIResponse: 	at baseline.com.newsblur.network.APIManager.markStoryAsRead(APIManager.java:205)
08-05 16:34:35.217  2290  4504 E baseline.com.newsblur.network.APIResponse: 	at baseline.com.newsblur.util.ReadingAction.doRemote(ReadingAction.java:281)
08-05 16:34:35.217  2290  4504 E baseline.com.newsblur.network.APIResponse: 	at baseline.com.newsblur.service.NBSyncService.syncActions(NBSyncService.java:400)
08-05 16:34:35.217  2290  4504 E baseline.com.newsblur.network.APIResponse: 	at baseline.com.newsblur.service.NBSyncService.doSync(NBSyncService.java:298)
08-05 16:34:35.217  2290  4504 E baseline.com.newsblur.network.APIResponse: 	at baseline.com.newsblur.service.NBSyncService.access$100(NBSyncService.java:67)
08-05 16:34:35.217  2290  4504 E baseline.com.newsblur.network.APIResponse: 	at baseline.com.newsblur.service.NBSyncService$1.run(NBSyncService.java:188)
08-05 16:34:35.217  2290  4504 E baseline.com.newsblur.network.APIResponse: 	at java.util.concurrent.ThreadPoolExecutor.runWorker(ThreadPoolExecutor.java:1113)
08-05 16:34:35.217  2290  4504 E baseline.com.newsblur.network.APIResponse: 	at java.util.concurrent.ThreadPoolExecutor$Worker.run(ThreadPoolExecutor.java:588)
08-05 16:34:35.217  2290  4504 E baseline.com.newsblur.network.APIResponse: 	at java.lang.Thread.run(Thread.java:818)
08-05 16:34:35.217  2290  4504 E baseline.com.newsblur.network.APIResponse: Caused by: java.io.EOFException: \n not found: limit=0 content=
08-05 16:34:35.217  2290  4504 E baseline.com.newsblur.network.APIResponse: 	at okio.RealBufferedSource.readUtf8LineStrict(RealBufferedSource.java:240)
08-05 16:34:35.217  2290  4504 E baseline.com.newsblur.network.APIResponse: 	at okhttp3.internal.http1.Http1ExchangeCodec.readHeaderLine(Http1ExchangeCodec.java:242)
08-05 16:34:35.217  2290  4504 E baseline.com.newsblur.network.APIResponse: 	at okhttp3.internal.http1.Http1ExchangeCodec.readResponseHeaders(Http1ExchangeCodec.java:213)
08-05 16:34:35.217  2290  4504 E baseline.com.newsblur.network.APIResponse: 	... 30 more
08-05 16:34:35.218  2290  4504 I baseline.com.newsblur.service.NBSyncService: Holding reading action with server-side or network error.
08-05 16:34:35.227  2290  4504 W baseline.com.newsblur.service.NBSyncService: hard API failure
08-05 16:34:35.239  2290  2305 I art     : Explicit concurrent mark sweep GC freed 4139(378KB) AllocSpace objects, 6(120KB) LOS objects, 27% free, 41MB/57MB, paused 2.181ms total 58.603ms
08-05 16:34:35.253  2290  2305 I art     : Starting a blocking GC Explicit
08-05 16:34:35.276  2290  4188 E chromium: [ERROR:tile_manager.cc(793)] WARNING: tile memory limits exceeded, some content may not draw
08-05 16:34:35.277  2290  4188 E chromium: [ERROR:tile_manager.cc(793)] WARNING: tile memory limits exceeded, some content may not draw
08-05 16:34:35.292  2290  4188 E chromium: [ERROR:tile_manager.cc(793)] WARNING: tile memory limits exceeded, some content may not draw
08-05 16:34:35.292  2290  4188 E chromium: [ERROR:tile_manager.cc(793)] WARNING: tile memory limits exceeded, some content may not draw
08-05 16:34:35.307  2290  4188 E chromium: [ERROR:tile_manager.cc(793)] WARNING: tile memory limits exceeded, some content may not draw
08-05 16:34:35.307  2290  4188 E chromium: [ERROR:tile_manager.cc(793)] WARNING: tile memory limits exceeded, some content may not draw
08-05 16:34:35.310  2290  2305 I art     : Explicit concurrent mark sweep GC freed 996(202KB) AllocSpace objects, 11(220KB) LOS objects, 27% free, 41MB/57MB, paused 1.836ms total 56.986ms
08-05 16:34:35.325  2290  2305 I art     : Starting a blocking GC Explicit
08-05 16:34:35.376  2290  2305 I art     : Explicit concurrent mark sweep GC freed 661(24KB) AllocSpace objects, 0(0B) LOS objects, 27% free, 41MB/57MB, paused 1.283ms total 50.568ms
08-05 16:34:35.391  2290  2305 I art     : Starting a blocking GC Explicit
08-05 16:34:35.448  2290  2305 I art     : Explicit concurrent mark sweep GC freed 27(864B) AllocSpace objects, 0(0B) LOS objects, 27% free, 41MB/57MB, paused 1.397ms total 57.180ms
08-05 16:34:35.463  2290  2305 I art     : Starting a blocking GC Explicit
08-05 16:34:35.521  2290  2305 I art     : Explicit concurrent mark sweep GC freed 27(864B) AllocSpace objects, 0(0B) LOS objects, 27% free, 41MB/57MB, paused 1.296ms total 57.001ms
08-05 16:34:35.919  2290  3568 I art     : Starting a blocking GC Explicit
08-05 16:34:36.010  2290  3568 I art     : Explicit concurrent mark sweep GC freed 1409(81KB) AllocSpace objects, 1(20KB) LOS objects, 27% free, 41MB/57MB, paused 1.668ms total 90.560ms
08-05 16:34:36.026  2290  3568 I art     : Starting a blocking GC Explicit
08-05 16:34:36.082  2290  3568 I art     : Explicit concurrent mark sweep GC freed 20(704B) AllocSpace objects, 0(0B) LOS objects, 27% free, 41MB/57MB, paused 1.379ms total 55.618ms
08-05 16:34:36.097  2290  3568 I art     : Starting a blocking GC Explicit
08-05 16:34:36.159  2290  3568 I art     : Explicit concurrent mark sweep GC freed 3(96B) AllocSpace objects, 0(0B) LOS objects, 27% free, 41MB/57MB, paused 1.397ms total 62.334ms
08-05 16:34:36.174  2290  3568 I art     : Starting a blocking GC Explicit
08-05 16:34:36.234  2290  3568 I art     : Explicit concurrent mark sweep GC freed 3(96B) AllocSpace objects, 0(0B) LOS objects, 27% free, 41MB/57MB, paused 1.489ms total 59.739ms
08-05 16:34:36.249  2290  3568 I art     : Starting a blocking GC Explicit
08-05 16:34:36.309  2290  3568 I art     : Explicit concurrent mark sweep GC freed 3(96B) AllocSpace objects, 0(0B) LOS objects, 27% free, 41MB/57MB, paused 1.390ms total 59.723ms
08-05 16:34:36.725  2290  4756 I art     : Starting a blocking GC Explicit
08-05 16:34:36.790  2290  4756 I art     : Explicit concurrent mark sweep GC freed 1406(81KB) AllocSpace objects, 1(20KB) LOS objects, 27% free, 41MB/57MB, paused 1.484ms total 64.373ms
08-05 16:34:36.804  2290  4756 I art     : Starting a blocking GC Explicit
08-05 16:34:36.868  2290  4756 I art     : Explicit concurrent mark sweep GC freed 20(704B) AllocSpace objects, 0(0B) LOS objects, 27% free, 41MB/57MB, paused 1.488ms total 62.925ms
08-05 16:34:36.885  2290  4756 I art     : Starting a blocking GC Explicit
08-05 16:34:36.946  2290  4756 I art     : Explicit concurrent mark sweep GC freed 3(96B) AllocSpace objects, 0(0B) LOS objects, 27% free, 41MB/57MB, paused 1.497ms total 60.578ms
08-05 16:34:36.961  2290  4756 I art     : Starting a blocking GC Explicit
08-05 16:34:37.024  2290  4756 I art     : Explicit concurrent mark sweep GC freed 3(96B) AllocSpace objects, 0(0B) LOS objects, 27% free, 41MB/57MB, paused 1.488ms total 63.422ms
08-05 16:34:37.043  2290  4756 I art     : Starting a blocking GC Explicit
08-05 16:34:37.102  2290  4756 I art     : Explicit concurrent mark sweep GC freed 3(96B) AllocSpace objects, 0(0B) LOS objects, 27% free, 41MB/57MB, paused 1.445ms total 58.880ms
08-05 16:34:37.511  2290  2305 I art     : Starting a blocking GC Explicit
08-05 16:34:37.577  2290  2305 I art     : Explicit concurrent mark sweep GC freed 1405(81KB) AllocSpace objects, 1(20KB) LOS objects, 27% free, 41MB/57MB, paused 1.491ms total 64.962ms
08-05 16:34:37.594  2290  2305 I art     : Starting a blocking GC Explicit
08-05 16:34:37.656  2290  2305 I art     : Explicit concurrent mark sweep GC freed 20(704B) AllocSpace objects, 0(0B) LOS objects, 27% free, 41MB/57MB, paused 1.301ms total 61.475ms
08-05 16:34:37.670  2290  2305 I art     : Starting a blocking GC Explicit
08-05 16:34:37.732  2290  2305 I art     : Explicit concurrent mark sweep GC freed 3(96B) AllocSpace objects, 0(0B) LOS objects, 27% free, 41MB/57MB, paused 1.483ms total 61.509ms
08-05 16:34:37.747  2290  2305 I art     : Starting a blocking GC Explicit
08-05 16:34:37.806  2290  2305 I art     : Explicit concurrent mark sweep GC freed 3(96B) AllocSpace objects, 0(0B) LOS objects, 27% free, 41MB/57MB, paused 1.329ms total 59.170ms
08-05 16:34:37.821  2290  2305 I art     : Starting a blocking GC Explicit
08-05 16:34:37.885  2290  2305 I art     : Explicit concurrent mark sweep GC freed 3(96B) AllocSpace objects, 0(0B) LOS objects, 27% free, 41MB/57MB, paused 1.444ms total 63.815ms
08-05 16:34:38.253  2290  4438 I art     : Starting a blocking GC Explicit
08-05 16:34:38.316  2290  4438 I art     : Explicit concurrent mark sweep GC freed 1406(81KB) AllocSpace objects, 1(20KB) LOS objects, 27% free, 41MB/57MB, paused 1.452ms total 62.496ms
08-05 16:34:38.331  2290  4438 I art     : Starting a blocking GC Explicit
08-05 16:34:38.391  2290  4438 I art     : Explicit concurrent mark sweep GC freed 20(704B) AllocSpace objects, 0(0B) LOS objects, 27% free, 41MB/57MB, paused 1.414ms total 59.878ms
08-05 16:34:38.405  2290  4438 I art     : Starting a blocking GC Explicit
08-05 16:34:38.465  2290  4438 I art     : Explicit concurrent mark sweep GC freed 3(96B) AllocSpace objects, 0(0B) LOS objects, 27% free, 41MB/57MB, paused 1.511ms total 59.984ms
08-05 16:34:38.468  5550  5550 D AndroidRuntime: >>>>>> START com.android.internal.os.RuntimeInit uid 2000 <<<<<<
08-05 16:34:38.474  5550  5550 D AndroidRuntime: CheckJNI is OFF
08-05 16:34:38.480  2290  4438 I art     : Starting a blocking GC Explicit
08-05 16:34:38.520  5550  5550 D ICU     : No timezone override file found: /data/misc/zoneinfo/current/icu/icu_tzdata.dat
08-05 16:34:38.539  2290  4438 I art     : Explicit concurrent mark sweep GC freed 3(96B) AllocSpace objects, 0(0B) LOS objects, 27% free, 41MB/57MB, paused 1.367ms total 58.489ms
08-05 16:34:38.553  2290  4438 I art     : Starting a blocking GC Explicit
08-05 16:34:38.569  5550  5550 I Radio-JNI: register_android_hardware_Radio DONE
08-05 16:34:38.598  5550  5550 D AndroidRuntime: Calling main entry com.android.commands.input.Input
08-05 16:34:38.600  5550  5550 I Input   : injectKeyEvent: KeyEvent { action=ACTION_DOWN, keyCode=KEYCODE_BACK, scanCode=0, metaState=0, flags=0x0, repeatCount=0, eventTime=808495013, downTime=808495013, deviceId=-1, source=0x101 }
08-05 16:34:38.607  5550  5550 I Input   : injectKeyEvent: KeyEvent { action=ACTION_UP, keyCode=KEYCODE_BACK, scanCode=0, metaState=0, flags=0x0, repeatCount=0, eventTime=808495013, downTime=808495013, deviceId=-1, source=0x101 }
08-05 16:34:38.611  2290  4438 I art     : Explicit concurrent mark sweep GC freed 5(208B) AllocSpace objects, 0(0B) LOS objects, 27% free, 41MB/57MB, paused 1.539ms total 57.577ms
08-05 16:34:38.613  5550  5550 D AndroidRuntime: Shutting down VM
08-05 16:34:38.624  2290  2290 D baseline.com.newsblur.service.NBSyncService: rejecting request for feedset that is exhaused
08-05 16:34:38.807  2290  2290 D baseline.com.newsblur.service.NBSyncService: rejecting request for feedset that is exhaused
08-05 16:34:38.809 13866 13866 I GoogleInputMethodServic: GoogleInputMethodService.onFinishInput():3138 
08-05 16:34:38.810 13866 13866 I GoogleInputMethodServic: GoogleInputMethodService.onStartInput():1808 
08-05 16:34:38.983  2290  4756 I art     : Starting a blocking GC Explicit
08-05 16:34:39.034  2290  4756 I art     : Explicit concurrent mark sweep GC freed 3206(257KB) AllocSpace objects, 6(128KB) LOS objects, 27% free, 41MB/57MB, paused 1.209ms total 51.035ms
08-05 16:34:39.047  2290  4756 I art     : Starting a blocking GC Explicit
08-05 16:34:39.099  2290  4756 I art     : Explicit concurrent mark sweep GC freed 171(8KB) AllocSpace objects, 0(0B) LOS objects, 27% free, 41MB/57MB, paused 1.877ms total 51.863ms
08-05 16:34:39.113  2290  4756 I art     : Starting a blocking GC Explicit
08-05 16:34:39.165  2290  4756 I art     : Explicit concurrent mark sweep GC freed 1528(68KB) AllocSpace objects, 0(0B) LOS objects, 27% free, 41MB/57MB, paused 1.626ms total 51.638ms
08-05 16:34:39.180  2290  4756 I art     : Starting a blocking GC Explicit
08-05 16:34:39.233  2290  4756 I art     : Explicit concurrent mark sweep GC freed 108(9KB) AllocSpace objects, 0(0B) LOS objects, 27% free, 41MB/57MB, paused 1.298ms total 52.881ms
08-05 16:34:39.247  2290  4756 I art     : Starting a blocking GC Explicit
08-05 16:34:39.300  2290  4756 I art     : Explicit concurrent mark sweep GC freed 138(6KB) AllocSpace objects, 0(0B) LOS objects, 27% free, 41MB/57MB, paused 1.323ms total 53.177ms
08-05 16:34:39.689  2290  2305 I art     : Starting a blocking GC Explicit
08-05 16:34:39.754  2290  2305 I art     : Explicit concurrent mark sweep GC freed 1460(82KB) AllocSpace objects, 1(20KB) LOS objects, 27% free, 41MB/57MB, paused 1.702ms total 64.850ms
08-05 16:34:39.770  2290  2305 I art     : Starting a blocking GC Explicit
08-05 16:34:39.832  2290  2305 I art     : Explicit concurrent mark sweep GC freed 32(1104B) AllocSpace objects, 0(0B) LOS objects, 27% free, 41MB/57MB, paused 1.599ms total 61.317ms
08-05 16:34:39.847  2290  2305 I art     : Starting a blocking GC Explicit
08-05 16:34:39.908  2290  2305 I art     : Explicit concurrent mark sweep GC freed 11(352B) AllocSpace objects, 0(0B) LOS objects, 27% free, 41MB/57MB, paused 1.425ms total 60.413ms
08-05 16:34:39.923  2290  2305 I art     : Starting a blocking GC Explicit
08-05 16:34:39.981  2290  2305 I art     : Explicit concurrent mark sweep GC freed 13(416B) AllocSpace objects, 0(0B) LOS objects, 27% free, 41MB/57MB, paused 1.517ms total 58.300ms
08-05 16:34:39.996  2290  2305 I art     : Starting a blocking GC Explicit
08-05 16:34:40.055  2290  2305 I art     : Explicit concurrent mark sweep GC freed 11(352B) AllocSpace objects, 0(0B) LOS objects, 27% free, 41MB/57MB, paused 1.416ms total 58.082ms
08-05 16:34:40.395  5593  5593 D AndroidRuntime: >>>>>> START com.android.internal.os.RuntimeInit uid 2000 <<<<<<
08-05 16:34:40.401  5593  5593 D AndroidRuntime: CheckJNI is OFF
08-05 16:34:40.448  5593  5593 D ICU     : No timezone override file found: /data/misc/zoneinfo/current/icu/icu_tzdata.dat
08-05 16:34:40.454  2290  3568 I art     : Starting a blocking GC Explicit
08-05 16:34:40.497  5593  5593 I Radio-JNI: register_android_hardware_Radio DONE
08-05 16:34:40.516  2290  3568 I art     : Explicit concurrent mark sweep GC freed 1431(81KB) AllocSpace objects, 1(20KB) LOS objects, 27% free, 41MB/57MB, paused 1.497ms total 60.946ms
08-05 16:34:40.526  5593  5593 D AndroidRuntime: Calling main entry com.android.commands.input.Input
08-05 16:34:40.528  5593  5593 I Input   : injectKeyEvent: KeyEvent { action=ACTION_DOWN, keyCode=KEYCODE_BACK, scanCode=0, metaState=0, flags=0x0, repeatCount=0, eventTime=808496941, downTime=808496941, deviceId=-1, source=0x101 }
08-05 16:34:40.530  2290  3568 I art     : Starting a blocking GC Explicit
08-05 16:34:40.534  5593  5593 I Input   : injectKeyEvent: KeyEvent { action=ACTION_UP, keyCode=KEYCODE_BACK, scanCode=0, metaState=0, flags=0x0, repeatCount=0, eventTime=808496941, downTime=808496941, deviceId=-1, source=0x101 }
08-05 16:34:40.540  5593  5593 D AndroidRuntime: Shutting down VM
08-05 16:34:40.584  2290  3568 I art     : Explicit concurrent mark sweep GC freed 349(66KB) AllocSpace objects, 4(80KB) LOS objects, 27% free, 41MB/57MB, paused 1.504ms total 54.146ms
08-05 16:34:40.599  2290  3568 I art     : Starting a blocking GC Explicit
08-05 16:34:40.656  2290  3568 I art     : Explicit concurrent mark sweep GC freed 46(1840B) AllocSpace objects, 0(0B) LOS objects, 27% free, 41MB/57MB, paused 1.469ms total 56.686ms
08-05 16:34:40.670  2290  3568 I art     : Starting a blocking GC Explicit
08-05 16:34:40.728  2290  3568 I art     : Explicit concurrent mark sweep GC freed 2024(144KB) AllocSpace objects, 4(80KB) LOS objects, 27% free, 41MB/57MB, paused 1.427ms total 57.581ms
08-05 16:34:40.742  2290  3568 I art     : Starting a blocking GC Explicit
08-05 16:34:40.754 13866 13866 I GoogleInputMethodServic: GoogleInputMethodService.onFinishInput():3138 
08-05 16:34:40.755 13866 13866 I GoogleInputMethodServic: GoogleInputMethodService.onStartInput():1808 
08-05 16:34:40.798  2290  3568 I art     : Explicit concurrent mark sweep GC freed 8116(521KB) AllocSpace objects, 8(160KB) LOS objects, 27% free, 41MB/57MB, paused 1.617ms total 55.736ms
08-05 16:34:41.163  2290  4756 I art     : Starting a blocking GC Explicit
08-05 16:34:41.234  2290  4756 I art     : Explicit concurrent mark sweep GC freed 5319(270KB) AllocSpace objects, 3(140KB) LOS objects, 27% free, 41MB/57MB, paused 2.152ms total 71.399ms
08-05 16:34:41.249  2290  4756 I art     : Starting a blocking GC Explicit
08-05 16:34:41.274  2290  5617 E baseline.com.newsblur.network.APIResponse: Error (unexpected end of stream on https://www.newsblur.com/...) calling https://www.newsblur.com/reader/mark_story_hashes_as_read/
08-05 16:34:41.274  2290  5617 E baseline.com.newsblur.network.APIResponse: java.io.IOException: unexpected end of stream on https://www.newsblur.com/...
08-05 16:34:41.274  2290  5617 E baseline.com.newsblur.network.APIResponse: 	at okhttp3.internal.http1.Http1ExchangeCodec.readResponseHeaders(Http1ExchangeCodec.java:236)
08-05 16:34:41.274  2290  5617 E baseline.com.newsblur.network.APIResponse: 	at okhttp3.internal.connection.Exchange.readResponseHeaders(Exchange.java:115)
08-05 16:34:41.274  2290  5617 E baseline.com.newsblur.network.APIResponse: 	at okhttp3.internal.http.CallServerInterceptor.intercept(CallServerInterceptor.java:94)
08-05 16:34:41.274  2290  5617 E baseline.com.newsblur.network.APIResponse: 	at okhttp3.internal.http.RealInterceptorChain.proceed(RealInterceptorChain.java:142)
08-05 16:34:41.274  2290  5617 E baseline.com.newsblur.network.APIResponse: 	at okhttp3.internal.connection.ConnectInterceptor.intercept(ConnectInterceptor.java:43)
08-05 16:34:41.274  2290  5617 E baseline.com.newsblur.network.APIResponse: 	at okhttp3.internal.http.RealInterceptorChain.proceed(RealInterceptorChain.java:142)
08-05 16:34:41.274  2290  5617 E baseline.com.newsblur.network.APIResponse: 	at okhttp3.internal.http.RealInterceptorChain.proceed(RealInterceptorChain.java:117)
08-05 16:34:41.274  2290  5617 E baseline.com.newsblur.network.APIResponse: 	at okhttp3.internal.cache.CacheInterceptor.intercept(CacheInterceptor.java:94)
08-05 16:34:41.274  2290  5617 E baseline.com.newsblur.network.APIResponse: 	at okhttp3.internal.http.RealInterceptorChain.proceed(RealInterceptorChain.java:142)
08-05 16:34:41.274  2290  5617 E baseline.com.newsblur.network.APIResponse: 	at okhttp3.internal.http.RealInterceptorChain.proceed(RealInterceptorChain.java:117)
08-05 16:34:41.274  2290  5617 E baseline.com.newsblur.network.APIResponse: 	at okhttp3.internal.http.BridgeInterceptor.intercept(BridgeInterceptor.java:93)
08-05 16:34:41.274  2290  5617 E baseline.com.newsblur.network.APIResponse: 	at okhttp3.internal.http.RealInterceptorChain.proceed(RealInterceptorChain.java:142)
08-05 16:34:41.274  2290  5617 E baseline.com.newsblur.network.APIResponse: 	at okhttp3.internal.http.RetryAndFollowUpInterceptor.intercept(RetryAndFollowUpInterceptor.java:88)
08-05 16:34:41.274  2290  5617 E baseline.com.newsblur.network.APIResponse: 	at okhttp3.internal.http.RealInterceptorChain.proceed(RealInterceptorChain.java:142)
08-05 16:34:41.274  2290  5617 E baseline.com.newsblur.network.APIResponse: 	at okhttp3.internal.http.RealInterceptorChain.proceed(RealInterceptorChain.java:117)
08-05 16:34:41.274  2290  5617 E baseline.com.newsblur.network.APIResponse: 	at okhttp3.RealCall.getResponseWithInterceptorChain(RealCall.java:229)
08-05 16:34:41.274  2290  5617 E baseline.com.newsblur.network.APIResponse: 	at okhttp3.RealCall.execute(RealCall.java:81)
08-05 16:34:41.274  2290  5617 E baseline.com.newsblur.network.APIResponse: 	at baseline.com.newsblur.network.APIResponse.<init>(APIResponse.java:57)
08-05 16:34:41.274  2290  5617 E baseline.com.newsblur.network.APIResponse: 	at baseline.com.newsblur.network.APIResponse.<init>(APIResponse.java:43)
08-05 16:34:41.274  2290  5617 E baseline.com.newsblur.network.APIResponse: 	at baseline.com.newsblur.network.APIManager.post_single(APIManager.java:702)
08-05 16:34:41.274  2290  5617 E baseline.com.newsblur.network.APIResponse: 	at baseline.com.newsblur.network.APIManager.post(APIManager.java:675)
08-05 16:34:41.274  2290  5617 E baseline.com.newsblur.network.APIResponse: 	at baseline.com.newsblur.network.APIManager.post(APIManager.java:714)
08-05 16:34:41.274  2290  5617 E baseline.com.newsblur.network.APIResponse: 	at baseline.com.newsblur.network.APIManager.markStoryAsRead(APIManager.java:205)
08-05 16:34:41.274  2290  5617 E baseline.com.newsblur.network.APIResponse: 	at baseline.com.newsblur.util.ReadingAction.doRemote(ReadingAction.java:281)
08-05 16:34:41.274  2290  5617 E baseline.com.newsblur.network.APIResponse: 	at baseline.com.newsblur.service.NBSyncService.syncActions(NBSyncService.java:400)
08-05 16:34:41.274  2290  5617 E baseline.com.newsblur.network.APIResponse: 	at baseline.com.newsblur.service.NBSyncService.doSync(NBSyncService.java:298)
08-05 16:34:41.274  2290  5617 E baseline.com.newsblur.network.APIResponse: 	at baseline.com.newsblur.service.NBSyncService.access$100(NBSyncService.java:67)
08-05 16:34:41.274  2290  5617 E baseline.com.newsblur.network.APIResponse: 	at baseline.com.newsblur.service.NBSyncService$1.run(NBSyncService.java:188)
08-05 16:34:41.274  2290  5617 E baseline.com.newsblur.network.APIResponse: 	at java.util.concurrent.ThreadPoolExecutor.runWorker(ThreadPoolExecutor.java:1113)
08-05 16:34:41.274  2290  5617 E baseline.com.newsblur.network.APIResponse: 	at java.util.concurrent.ThreadPoolExecutor$Worker.run(ThreadPoolExecutor.java:588)
08-05 16:34:41.274  2290  5617 E baseline.com.newsblur.network.APIResponse: 	at java.lang.Thread.run(Thread.java:818)
08-05 16:34:41.274  2290  5617 E baseline.com.newsblur.network.APIResponse: Caused by: java.io.EOFException: \n not found: limit=0 content=
08-05 16:34:41.274  2290  5617 E baseline.com.newsblur.network.APIResponse: 	at okio.RealBufferedSource.readUtf8LineStrict(RealBufferedSource.java:240)
08-05 16:34:41.274  2290  5617 E baseline.com.newsblur.network.APIResponse: 	at okhttp3.internal.http1.Http1ExchangeCodec.readHeaderLine(Http1ExchangeCodec.java:242)
08-05 16:34:41.274  2290  5617 E baseline.com.newsblur.network.APIResponse: 	at okhttp3.internal.http1.Http1ExchangeCodec.readResponseHeaders(Http1ExchangeCodec.java:213)
08-05 16:34:41.274  2290  5617 E baseline.com.newsblur.network.APIResponse: 	... 30 more
08-05 16:34:41.277  2290  5617 I baseline.com.newsblur.network.APIManager: API call failed, pausing before retry number 1
08-05 16:34:41.308  2290  4756 I art     : Explicit concurrent mark sweep GC freed 1918(320KB) AllocSpace objects, 3(120KB) LOS objects, 27% free, 41MB/57MB, paused 1.540ms total 58.986ms
08-05 16:34:41.323  2290  4756 I art     : Starting a blocking GC Explicit
08-05 16:34:41.383  2290  4756 I art     : Explicit concurrent mark sweep GC freed 128(16KB) AllocSpace objects, 0(0B) LOS objects, 27% free, 41MB/57MB, paused 1.392ms total 59.088ms
08-05 16:34:41.398  2290  4756 I art     : Starting a blocking GC Explicit
08-05 16:34:41.457  2290  4756 I art     : Explicit concurrent mark sweep GC freed 49(1792B) AllocSpace objects, 0(0B) LOS objects, 27% free, 41MB/57MB, paused 1.489ms total 59.013ms
08-05 16:34:41.473  2290  4756 I art     : Starting a blocking GC Explicit
08-05 16:34:41.531  2290  4756 I art     : Explicit concurrent mark sweep GC freed 13(416B) AllocSpace objects, 0(0B) LOS objects, 27% free, 41MB/57MB, paused 1.407ms total 58.220ms
08-05 16:34:41.919  2290  3568 I art     : Starting a blocking GC Explicit
08-05 16:34:41.981  2290  3568 I art     : Explicit concurrent mark sweep GC freed 1536(86KB) AllocSpace objects, 1(20KB) LOS objects, 27% free, 41MB/57MB, paused 1.439ms total 62.187ms
08-05 16:34:41.997  2290  3568 I art     : Starting a blocking GC Explicit
08-05 16:34:42.051  2290  3568 I art     : Explicit concurrent mark sweep GC freed 31(1072B) AllocSpace objects, 0(0B) LOS objects, 27% free, 41MB/57MB, paused 1.581ms total 54.095ms
08-05 16:34:42.066  2290  3568 I art     : Starting a blocking GC Explicit
08-05 16:34:42.124  2290  3568 I art     : Explicit concurrent mark sweep GC freed 11(352B) AllocSpace objects, 0(0B) LOS objects, 27% free, 41MB/57MB, paused 1.487ms total 58.026ms
08-05 16:34:42.139  2290  3568 I art     : Starting a blocking GC Explicit
08-05 16:34:42.198  2290  3568 I art     : Explicit concurrent mark sweep GC freed 11(352B) AllocSpace objects, 0(0B) LOS objects, 27% free, 41MB/57MB, paused 1.545ms total 58.886ms
08-05 16:34:42.214  2290  3568 I art     : Starting a blocking GC Explicit
08-05 16:34:42.274  2290  3568 I art     : Explicit concurrent mark sweep GC freed 4(128B) AllocSpace objects, 0(0B) LOS objects, 27% free, 41MB/57MB, paused 1.511ms total 60.388ms
08-05 16:34:42.334  5640  5640 D AndroidRuntime: >>>>>> START com.android.internal.os.RuntimeInit uid 2000 <<<<<<
08-05 16:34:42.340  5640  5640 D AndroidRuntime: CheckJNI is OFF
08-05 16:34:42.385  5640  5640 D ICU     : No timezone override file found: /data/misc/zoneinfo/current/icu/icu_tzdata.dat
08-05 16:34:42.419   518   646 I ThermalEngine: ACTION: GPU - Setting GPU[0] to 390000000
08-05 16:34:42.461  5640  5640 I Radio-JNI: register_android_hardware_Radio DONE
08-05 16:34:42.497  5640  5640 D AndroidRuntime: Calling main entry com.android.commands.input.Input
08-05 16:34:42.500  5640  5640 I Input   : injectMotionEvent: MotionEvent { action=ACTION_DOWN, actionButton=0, id[0]=0, x[0]=553.0, y[0]=442.0, toolType[0]=TOOL_TYPE_UNKNOWN, buttonState=0, metaState=0, flags=0x0, edgeFlags=0x0, pointerCount=1, historySize=0, eventTime=808498912, downTime=808498912, deviceId=0, source=0x1002 }
08-05 16:34:42.504  5640  5640 I Input   : injectMotionEvent: MotionEvent { action=ACTION_UP, actionButton=0, id[0]=0, x[0]=553.0, y[0]=442.0, toolType[0]=TOOL_TYPE_UNKNOWN, buttonState=0, metaState=0, flags=0x0, edgeFlags=0x0, pointerCount=1, historySize=0, eventTime=808498912, downTime=808498912, deviceId=0, source=0x1002 }
08-05 16:34:42.507  5640  5640 D AndroidRuntime: Shutting down VM
08-05 16:34:42.576   918  3696 I ActivityManager: START u0 {cmp=baseline.com.newsblur/.activity.AllSharedStoriesItemsList (has extras)} from uid 10676 on display 0
08-05 16:34:42.602  2290  3566 I baseline.com.newsblur.database.BlurDatabaseHelper: reading session reset
08-05 16:34:42.716  2290  2305 I art     : Starting a blocking GC Explicit
08-05 16:34:42.789  2290  2305 I art     : Explicit concurrent mark sweep GC freed 3565(281KB) AllocSpace objects, 6(212KB) LOS objects, 27% free, 41MB/57MB, paused 2.519ms total 72.571ms
08-05 16:34:42.811  2290  2305 I art     : Starting a blocking GC Explicit
08-05 16:34:42.875  2290  2290 D baseline.com.newsblur.service.NBSyncService: rejecting request for feedset that is exhaused
08-05 16:34:42.884  2290  2305 I art     : Explicit concurrent mark sweep GC freed 998(82KB) AllocSpace objects, 2(40KB) LOS objects, 27% free, 41MB/57MB, paused 3.933ms total 72.548ms
08-05 16:34:42.892  2290  2290 W View    : requestLayout() improperly called by android.widget.FrameLayout{f88c67f V.E...... ......ID 0,0-1440,18 #7f07003f app:id/footer_view_inner} during layout: running second layout pass
08-05 16:34:42.892  2290  2290 W View    : requestLayout() improperly called by android.widget.FrameLayout{ef1664c V.E...... ......ID 0,0-1440,2091 #7f07003f app:id/footer_view_inner} during layout: running second layout pass
08-05 16:34:42.905  2290  2305 I art     : Starting a blocking GC Explicit
08-05 16:34:42.918   918   936 I ActivityManager: Displayed baseline.com.newsblur/.activity.AllSharedStoriesItemsList: +332ms
08-05 16:34:42.918 13866 13866 I GoogleInputMethodServic: GoogleInputMethodService.onFinishInput():3138 
08-05 16:34:42.919 13866 13866 I GoogleInputMethodServic: GoogleInputMethodService.onStartInput():1808 
08-05 16:34:42.933   918  3188 I hubconnection: sensorhub said: 'set_bias 3: -5.0400, 0.0000, 0.0000'
08-05 16:34:42.978  2290  2305 I art     : Explicit concurrent mark sweep GC freed 951(61KB) AllocSpace objects, 4(80KB) LOS objects, 27% free, 41MB/57MB, paused 2.811ms total 72.505ms
08-05 16:34:43.004  2290  2305 I art     : Starting a blocking GC Explicit
08-05 16:34:43.025  2290  3851 I NAPPA_EXPERIMENTATION: MetricNetworkRequestExecutionTime: REQUEST_DURATION_SYSTEM='41',REQUEST_DURATION_OKHTTP='39',REQUEST_SYNCHRONOUS='TRUE',RESPONSE_CODE='200',RESPONSE_METHOD='GET',RESPONSE_LENGTH_OKHTTP='43',RESPONSE_LENGTH_HEADER='43',REQUEST_PROTOCOL='http/1.1',REQUEST_URL='http://feeds.feedburner.com/~r/retort/~4/UffaFMiJbNs',
08-05 16:34:43.079  2290  2305 I art     : Explicit concurrent mark sweep GC freed 978(71KB) AllocSpace objects, 3(60KB) LOS objects, 27% free, 42MB/58MB, paused 2.845ms total 74.146ms
08-05 16:34:43.099  2290  2305 I art     : Starting a blocking GC Explicit
08-05 16:34:43.184  2290  2305 I art     : Explicit concurrent mark sweep GC freed 1654(66KB) AllocSpace objects, 0(0B) LOS objects, 27% free, 42MB/58MB, paused 3.299ms total 84.522ms
08-05 16:34:43.221  2290  5617 E baseline.com.newsblur.network.APIResponse: Error (unexpected end of stream on https://www.newsblur.com/...) calling https://www.newsblur.com/reader/mark_story_hashes_as_read/
08-05 16:34:43.221  2290  5617 E baseline.com.newsblur.network.APIResponse: java.io.IOException: unexpected end of stream on https://www.newsblur.com/...
08-05 16:34:43.221  2290  5617 E baseline.com.newsblur.network.APIResponse: 	at okhttp3.internal.http1.Http1ExchangeCodec.readResponseHeaders(Http1ExchangeCodec.java:236)
08-05 16:34:43.221  2290  5617 E baseline.com.newsblur.network.APIResponse: 	at okhttp3.internal.connection.Exchange.readResponseHeaders(Exchange.java:115)
08-05 16:34:43.221  2290  5617 E baseline.com.newsblur.network.APIResponse: 	at okhttp3.internal.http.CallServerInterceptor.intercept(CallServerInterceptor.java:94)
08-05 16:34:43.221  2290  5617 E baseline.com.newsblur.network.APIResponse: 	at okhttp3.internal.http.RealInterceptorChain.proceed(RealInterceptorChain.java:142)
08-05 16:34:43.221  2290  5617 E baseline.com.newsblur.network.APIResponse: 	at okhttp3.internal.connection.ConnectInterceptor.intercept(ConnectInterceptor.java:43)
08-05 16:34:43.221  2290  5617 E baseline.com.newsblur.network.APIResponse: 	at okhttp3.internal.http.RealInterceptorChain.proceed(RealInterceptorChain.java:142)
08-05 16:34:43.221  2290  5617 E baseline.com.newsblur.network.APIResponse: 	at okhttp3.internal.http.RealInterceptorChain.proceed(RealInterceptorChain.java:117)
08-05 16:34:43.221  2290  5617 E baseline.com.newsblur.network.APIResponse: 	at okhttp3.internal.cache.CacheInterceptor.intercept(CacheInterceptor.java:94)
08-05 16:34:43.221  2290  5617 E baseline.com.newsblur.network.APIResponse: 	at okhttp3.internal.http.RealInterceptorChain.proceed(RealInterceptorChain.java:142)
08-05 16:34:43.221  2290  5617 E baseline.com.newsblur.network.APIResponse: 	at okhttp3.internal.http.RealInterceptorChain.proceed(RealInterceptorChain.java:117)
08-05 16:34:43.221  2290  5617 E baseline.com.newsblur.network.APIResponse: 	at okhttp3.internal.http.BridgeInterceptor.intercept(BridgeInterceptor.java:93)
08-05 16:34:43.221  2290  5617 E baseline.com.newsblur.network.APIResponse: 	at okhttp3.internal.http.RealInterceptorChain.proceed(RealInterceptorChain.java:142)
08-05 16:34:43.221  2290  5617 E baseline.com.newsblur.network.APIResponse: 	at okhttp3.internal.http.RetryAndFollowUpInterceptor.intercept(RetryAndFollowUpInterceptor.java:88)
08-05 16:34:43.221  2290  5617 E baseline.com.newsblur.network.APIResponse: 	at okhttp3.internal.http.RealInterceptorChain.proceed(RealInterceptorChain.java:142)
08-05 16:34:43.221  2290  5617 E baseline.com.newsblur.network.APIResponse: 	at okhttp3.internal.http.RealInterceptorChain.proceed(RealInterceptorChain.java:117)
08-05 16:34:43.221  2290  5617 E baseline.com.newsblur.network.APIResponse: 	at okhttp3.RealCall.getResponseWithInterceptorChain(RealCall.java:229)
08-05 16:34:43.221  2290  5617 E baseline.com.newsblur.network.APIResponse: 	at okhttp3.RealCall.execute(RealCall.java:81)
08-05 16:34:43.221  2290  5617 E baseline.com.newsblur.network.APIResponse: 	at baseline.com.newsblur.network.APIResponse.<init>(APIResponse.java:57)
08-05 16:34:43.221  2290  5617 E baseline.com.newsblur.network.APIResponse: 	at baseline.com.newsblur.network.APIResponse.<init>(APIResponse.java:43)
08-05 16:34:43.221  2290  5617 E baseline.com.newsblur.network.APIResponse: 	at baseline.com.newsblur.network.APIManager.post_single(APIManager.java:702)
08-05 16:34:43.221  2290  5617 E baseline.com.newsblur.network.APIResponse: 	at baseline.com.newsblur.network.APIManager.post(APIManager.java:675)
08-05 16:34:43.221  2290  5617 E baseline.com.newsblur.network.APIResponse: 	at baseline.com.newsblur.network.APIManager.post(APIManager.java:714)
08-05 16:34:43.221  2290  5617 E baseline.com.newsblur.network.APIResponse: 	at baseline.com.newsblur.network.APIManager.markStoryAsRead(APIManager.java:205)
08-05 16:34:43.221  2290  5617 E baseline.com.newsblur.network.APIResponse: 	at baseline.com.newsblur.util.ReadingAction.doRemote(ReadingAction.java:281)
08-05 16:34:43.221  2290  5617 E baseline.com.newsblur.network.APIResponse: 	at baseline.com.newsblur.service.NBSyncService.syncActions(NBSyncService.java:400)
08-05 16:34:43.221  2290  5617 E baseline.com.newsblur.network.APIResponse: 	at baseline.com.newsblur.service.NBSyncService.doSync(NBSyncService.java:298)
08-05 16:34:43.221  2290  5617 E baseline.com.newsblur.network.APIResponse: 	at baseline.com.newsblur.service.NBSyncService.access$100(NBSyncService.java:67)
08-05 16:34:43.221  2290  5617 E baseline.com.newsblur.network.APIResponse: 	at baseline.com.newsblur.service.NBSyncService$1.run(NBSyncService.java:188)
08-05 16:34:43.221  2290  5617 E baseline.com.newsblur.network.APIResponse: 	at java.util.concurrent.ThreadPoolExecutor.runWorker(ThreadPoolExecutor.java:1113)
08-05 16:34:43.221  2290  5617 E baseline.com.newsblur.network.APIResponse: 	at java.util.concurrent.ThreadPoolExecutor$Worker.run(ThreadPoolExecutor.java:588)
08-05 16:34:43.221  2290  5617 E baseline.com.newsblur.network.APIResponse: 	at java.lang.Thread.run(Thread.java:818)
08-05 16:34:43.221  2290  5617 E baseline.com.newsblur.network.APIResponse: Caused by: java.io.EOFException: \n not found: limit=0 content=
08-05 16:34:43.221  2290  5617 E baseline.com.newsblur.network.APIResponse: 	at okio.RealBufferedSource.readUtf8LineStrict(RealBufferedSource.java:240)
08-05 16:34:43.221  2290  5617 E baseline.com.newsblur.network.APIResponse: 	at okhttp3.internal.http1.Http1ExchangeCodec.readHeaderLine(Http1ExchangeCodec.java:242)
08-05 16:34:43.221  2290  5617 E baseline.com.newsblur.network.APIResponse: 	at okhttp3.internal.http1.Http1ExchangeCodec.readResponseHeaders(Http1ExchangeCodec.java:213)
08-05 16:34:43.221  2290  5617 E baseline.com.newsblur.network.APIResponse: 	... 30 more
08-05 16:34:43.222  2290  5617 I baseline.com.newsblur.network.APIManager: API call failed, pausing before retry number 2
08-05 16:34:43.330 21092 21109 I Finsky  : [6019] ktr.run(-1): Stats for Executor: BlockingExecutor kvs@20f81d3[Running, pool size = 0, active threads = 0, queued tasks = 0, completed tasks = 105]
08-05 16:34:43.330 21092 21109 I Finsky  : [6019] ktr.run(-1): Stats for Executor: LightweightExecutor kvs@65ac110[Running, pool size = 4, active threads = 0, queued tasks = 0, completed tasks = 76]
08-05 16:34:43.612  2290  2305 I art     : Starting a blocking GC Explicit
08-05 16:34:43.689  2290  2305 I art     : Explicit concurrent mark sweep GC freed 2889(327KB) AllocSpace objects, 4(80KB) LOS objects, 27% free, 41MB/57MB, paused 2.411ms total 77.423ms
08-05 16:34:43.712  2290  2305 I art     : Starting a blocking GC Explicit
08-05 16:34:43.789  2290  2305 I art     : Explicit concurrent mark sweep GC freed 84(3KB) AllocSpace objects, 0(0B) LOS objects, 27% free, 41MB/57MB, paused 2.423ms total 76.725ms
08-05 16:34:43.811  2290  2305 I art     : Starting a blocking GC Explicit
08-05 16:34:43.889  2290  2305 I art     : Explicit concurrent mark sweep GC freed 3(96B) AllocSpace objects, 0(0B) LOS objects, 27% free, 41MB/57MB, paused 2.410ms total 77.250ms
08-05 16:34:43.912  2290  2305 I art     : Starting a blocking GC Explicit
08-05 16:34:43.989  2290  2305 I art     : Explicit concurrent mark sweep GC freed 3(96B) AllocSpace objects, 0(0B) LOS objects, 27% free, 41MB/57MB, paused 2.397ms total 76.867ms
08-05 16:34:44.011  2290  2305 I art     : Starting a blocking GC Explicit
08-05 16:34:44.097  2290  2305 I art     : Explicit concurrent mark sweep GC freed 10(320B) AllocSpace objects, 0(0B) LOS objects, 27% free, 41MB/57MB, paused 2.327ms total 84.998ms
08-05 16:34:44.299 21092 21109 I Finsky  : [6019] ktr.run(-1): Stats for Executor: bgExecutor kvs@dd74409[Running, pool size = 4, active threads = 0, queued tasks = 0, completed tasks = 299]
08-05 16:34:44.541  2290  4438 I art     : Starting a blocking GC Explicit
08-05 16:34:44.620  2290  4438 I art     : Explicit concurrent mark sweep GC freed 1468(83KB) AllocSpace objects, 1(20KB) LOS objects, 27% free, 41MB/57MB, paused 2.433ms total 78.217ms
08-05 16:34:44.644  2290  4438 I art     : Starting a blocking GC Explicit
08-05 16:34:44.719  2290  4438 I art     : Explicit concurrent mark sweep GC freed 22(784B) AllocSpace objects, 0(0B) LOS objects, 27% free, 41MB/57MB, paused 2.358ms total 74.444ms
08-05 16:34:44.742  2290  4438 I art     : Starting a blocking GC Explicit
08-05 16:34:44.820  2290  4438 I art     : Explicit concurrent mark sweep GC freed 3(96B) AllocSpace objects, 0(0B) LOS objects, 27% free, 41MB/57MB, paused 2.451ms total 77.413ms
08-05 16:34:44.843  2290  4438 I art     : Starting a blocking GC Explicit
08-05 16:34:44.920  2290  4438 I art     : Explicit concurrent mark sweep GC freed 3(96B) AllocSpace objects, 0(0B) LOS objects, 27% free, 41MB/57MB, paused 2.462ms total 76.951ms
08-05 16:34:44.942  2290  4438 I art     : Starting a blocking GC Explicit
08-05 16:34:45.020  2290  4438 I art     : Explicit concurrent mark sweep GC freed 3(96B) AllocSpace objects, 0(0B) LOS objects, 27% free, 41MB/57MB, paused 2.436ms total 76.882ms
08-05 16:34:45.417   518   646 I ThermalEngine: ACTION: GPU - Setting GPU[0] to 450000000
08-05 16:34:45.458  2290  2302 I art     : Starting a blocking GC Explicit
08-05 16:34:45.521  2290  2302 I art     : Explicit concurrent mark sweep GC freed 1445(83KB) AllocSpace objects, 1(20KB) LOS objects, 27% free, 41MB/57MB, paused 1.569ms total 63.307ms
08-05 16:34:45.537  2290  2302 I art     : Starting a blocking GC Explicit
08-05 16:34:45.602  2290  2302 I art     : Explicit concurrent mark sweep GC freed 22(784B) AllocSpace objects, 0(0B) LOS objects, 27% free, 41MB/57MB, paused 1.684ms total 65.333ms
08-05 16:34:45.618  2290  2302 I art     : Starting a blocking GC Explicit
08-05 16:34:45.683 30325 30325 I Atfwd_Sendcmd: AtCmdFwd service not ready - Exhausted retry attempts - :6
08-05 16:34:45.684 30325 30325 I Atfwd_Daemon: result : -1 	 ,Init step :2 	 ,qmiErrorCode: 0
08-05 16:34:45.687  2290  2302 I art     : Explicit concurrent mark sweep GC freed 3(96B) AllocSpace objects, 0(0B) LOS objects, 27% free, 41MB/57MB, paused 1.561ms total 68.815ms
08-05 16:34:45.702  2290  2302 I art     : Starting a blocking GC Explicit
08-05 16:34:45.771  2290  2302 I art     : Explicit concurrent mark sweep GC freed 3(96B) AllocSpace objects, 0(0B) LOS objects, 27% free, 41MB/57MB, paused 1.659ms total 68.465ms
08-05 16:34:45.787  2290  2302 I art     : Starting a blocking GC Explicit
08-05 16:34:45.852  2290  2302 I art     : Explicit concurrent mark sweep GC freed 3(96B) AllocSpace objects, 0(0B) LOS objects, 27% free, 41MB/57MB, paused 1.603ms total 64.903ms
08-05 16:34:46.268  2290  2305 I art     : Starting a blocking GC Explicit
08-05 16:34:46.338  2290  2305 I art     : Explicit concurrent mark sweep GC freed 1571(88KB) AllocSpace objects, 1(20KB) LOS objects, 27% free, 41MB/57MB, paused 1.587ms total 68.999ms
08-05 16:34:46.354  2290  2305 I art     : Starting a blocking GC Explicit
08-05 16:34:46.421  2290  2305 I art     : Explicit concurrent mark sweep GC freed 68(4KB) AllocSpace objects, 0(0B) LOS objects, 27% free, 41MB/57MB, paused 1.612ms total 67.662ms
08-05 16:34:46.437  2290  2305 I art     : Starting a blocking GC Explicit
08-05 16:34:46.505  2290  2305 I art     : Explicit concurrent mark sweep GC freed 3(96B) AllocSpace objects, 0(0B) LOS objects, 27% free, 41MB/57MB, paused 1.710ms total 68.152ms
08-05 16:34:46.521  2290  2305 I art     : Starting a blocking GC Explicit
08-05 16:34:46.588  2290  2305 I art     : Explicit concurrent mark sweep GC freed 3(96B) AllocSpace objects, 0(0B) LOS objects, 27% free, 41MB/57MB, paused 1.769ms total 66.890ms
08-05 16:34:46.604  2290  2305 I art     : Starting a blocking GC Explicit
08-05 16:34:46.673  2290  2305 I art     : Explicit concurrent mark sweep GC freed 3(96B) AllocSpace objects, 0(0B) LOS objects, 27% free, 41MB/57MB, paused 1.694ms total 69.151ms
08-05 16:34:46.795  2290  5617 E baseline.com.newsblur.network.APIResponse: Error (unexpected end of stream on https://www.newsblur.com/...) calling https://www.newsblur.com/reader/mark_story_hashes_as_read/
08-05 16:34:46.795  2290  5617 E baseline.com.newsblur.network.APIResponse: java.io.IOException: unexpected end of stream on https://www.newsblur.com/...
08-05 16:34:46.795  2290  5617 E baseline.com.newsblur.network.APIResponse: 	at okhttp3.internal.http1.Http1ExchangeCodec.readResponseHeaders(Http1ExchangeCodec.java:236)
08-05 16:34:46.795  2290  5617 E baseline.com.newsblur.network.APIResponse: 	at okhttp3.internal.connection.Exchange.readResponseHeaders(Exchange.java:115)
08-05 16:34:46.795  2290  5617 E baseline.com.newsblur.network.APIResponse: 	at okhttp3.internal.http.CallServerInterceptor.intercept(CallServerInterceptor.java:94)
08-05 16:34:46.795  2290  5617 E baseline.com.newsblur.network.APIResponse: 	at okhttp3.internal.http.RealInterceptorChain.proceed(RealInterceptorChain.java:142)
08-05 16:34:46.795  2290  5617 E baseline.com.newsblur.network.APIResponse: 	at okhttp3.internal.connection.ConnectInterceptor.intercept(ConnectInterceptor.java:43)
08-05 16:34:46.795  2290  5617 E baseline.com.newsblur.network.APIResponse: 	at okhttp3.internal.http.RealInterceptorChain.proceed(RealInterceptorChain.java:142)
08-05 16:34:46.795  2290  5617 E baseline.com.newsblur.network.APIResponse: 	at okhttp3.internal.http.RealInterceptorChain.proceed(RealInterceptorChain.java:117)
08-05 16:34:46.795  2290  5617 E baseline.com.newsblur.network.APIResponse: 	at okhttp3.internal.cache.CacheInterceptor.intercept(CacheInterceptor.java:94)
08-05 16:34:46.795  2290  5617 E baseline.com.newsblur.network.APIResponse: 	at okhttp3.internal.http.RealInterceptorChain.proceed(RealInterceptorChain.java:142)
08-05 16:34:46.795  2290  5617 E baseline.com.newsblur.network.APIResponse: 	at okhttp3.internal.http.RealInterceptorChain.proceed(RealInterceptorChain.java:117)
08-05 16:34:46.795  2290  5617 E baseline.com.newsblur.network.APIResponse: 	at okhttp3.internal.http.BridgeInterceptor.intercept(BridgeInterceptor.java:93)
08-05 16:34:46.795  2290  5617 E baseline.com.newsblur.network.APIResponse: 	at okhttp3.internal.http.RealInterceptorChain.proceed(RealInterceptorChain.java:142)
08-05 16:34:46.795  2290  5617 E baseline.com.newsblur.network.APIResponse: 	at okhttp3.internal.http.RetryAndFollowUpInterceptor.intercept(RetryAndFollowUpInterceptor.java:88)
08-05 16:34:46.795  2290  5617 E baseline.com.newsblur.network.APIResponse: 	at okhttp3.internal.http.RealInterceptorChain.proceed(RealInterceptorChain.java:142)
08-05 16:34:46.795  2290  5617 E baseline.com.newsblur.network.APIResponse: 	at okhttp3.internal.http.RealInterceptorChain.proceed(RealInterceptorChain.java:117)
08-05 16:34:46.795  2290  5617 E baseline.com.newsblur.network.APIResponse: 	at okhttp3.RealCall.getResponseWithInterceptorChain(RealCall.java:229)
08-05 16:34:46.795  2290  5617 E baseline.com.newsblur.network.APIResponse: 	at okhttp3.RealCall.execute(RealCall.java:81)
08-05 16:34:46.795  2290  5617 E baseline.com.newsblur.network.APIResponse: 	at baseline.com.newsblur.network.APIResponse.<init>(APIResponse.java:57)
08-05 16:34:46.795  2290  5617 E baseline.com.newsblur.network.APIResponse: 	at baseline.com.newsblur.network.APIResponse.<init>(APIResponse.java:43)
08-05 16:34:46.795  2290  5617 E baseline.com.newsblur.network.APIResponse: 	at baseline.com.newsblur.network.APIManager.post_single(APIManager.java:702)
08-05 16:34:46.795  2290  5617 E baseline.com.newsblur.network.APIResponse: 	at baseline.com.newsblur.network.APIManager.post(APIManager.java:675)
08-05 16:34:46.795  2290  5617 E baseline.com.newsblur.network.APIResponse: 	at baseline.com.newsblur.network.APIManager.post(APIManager.java:714)
08-05 16:34:46.795  2290  5617 E baseline.com.newsblur.network.APIResponse: 	at baseline.com.newsblur.network.APIManager.markStoryAsRead(APIManager.java:205)
08-05 16:34:46.795  2290  5617 E baseline.com.newsblur.network.APIResponse: 	at baseline.com.newsblur.util.ReadingAction.doRemote(ReadingAction.java:281)
08-05 16:34:46.795  2290  5617 E baseline.com.newsblur.network.APIResponse: 	at baseline.com.newsblur.service.NBSyncService.syncActions(NBSyncService.java:400)
08-05 16:34:46.795  2290  5617 E baseline.com.newsblur.network.APIResponse: 	at baseline.com.newsblur.service.NBSyncService.doSync(NBSyncService.java:298)
08-05 16:34:46.795  2290  5617 E baseline.com.newsblur.network.APIResponse: 	at baseline.com.newsblur.service.NBSyncService.access$100(NBSyncService.java:67)
08-05 16:34:46.795  2290  5617 E baseline.com.newsblur.network.APIResponse: 	at baseline.com.newsblur.service.NBSyncService$1.run(NBSyncService.java:188)
08-05 16:34:46.795  2290  5617 E baseline.com.newsblur.network.APIResponse: 	at java.util.concurrent.ThreadPoolExecutor.runWorker(ThreadPoolExecutor.java:1113)
08-05 16:34:46.795  2290  5617 E baseline.com.newsblur.network.APIResponse: 	at java.util.concurrent.ThreadPoolExecutor$Worker.run(ThreadPoolExecutor.java:588)
08-05 16:34:46.795  2290  5617 E baseline.com.newsblur.network.APIResponse: 	at java.lang.Thread.run(Thread.java:818)
08-05 16:34:46.795  2290  5617 E baseline.com.newsblur.network.APIResponse: Caused by: java.io.EOFException: \n not found: limit=0 content=
08-05 16:34:46.795  2290  5617 E baseline.com.newsblur.network.APIResponse: 	at okio.RealBufferedSource.readUtf8LineStrict(RealBufferedSource.java:240)
08-05 16:34:46.795  2290  5617 E baseline.com.newsblur.network.APIResponse: 	at okhttp3.internal.http1.Http1ExchangeCodec.readHeaderLine(Http1ExchangeCodec.java:242)
08-05 16:34:46.795  2290  5617 E baseline.com.newsblur.network.APIResponse: 	at okhttp3.internal.http1.Http1ExchangeCodec.readResponseHeaders(Http1ExchangeCodec.java:213)
08-05 16:34:46.795  2290  5617 E baseline.com.newsblur.network.APIResponse: 	... 30 more
08-05 16:34:46.796  2290  5617 I baseline.com.newsblur.service.NBSyncService: Holding reading action with server-side or network error.
08-05 16:34:46.815  2290  5617 W baseline.com.newsblur.service.NBSyncService: hard API failure
08-05 16:34:47.059  2290  3568 I art     : Starting a blocking GC Explicit
08-05 16:34:47.130  2290  3568 I art     : Explicit concurrent mark sweep GC freed 4353(407KB) AllocSpace objects, 5(100KB) LOS objects, 27% free, 41MB/57MB, paused 1.788ms total 70.492ms
08-05 16:34:47.148  2290  3568 I art     : Starting a blocking GC Explicit
08-05 16:34:47.212  2290  3568 I art     : Explicit concurrent mark sweep GC freed 129(4KB) AllocSpace objects, 0(0B) LOS objects, 27% free, 41MB/57MB, paused 1.681ms total 64.458ms
08-05 16:34:47.228  2290  3568 I art     : Starting a blocking GC Explicit
08-05 16:34:47.292  2290  3568 I art     : Explicit concurrent mark sweep GC freed 1657(64KB) AllocSpace objects, 0(0B) LOS objects, 27% free, 41MB/57MB, paused 1.753ms total 64.268ms
08-05 16:34:47.307  2290  3568 I art     : Starting a blocking GC Explicit
08-05 16:34:47.317  2290  5617 E baseline.com.newsblur.network.APIResponse: Error (unexpected end of stream on https://www.newsblur.com/...) calling https://www.newsblur.com/reader/mark_story_hashes_as_read/
08-05 16:34:47.317  2290  5617 E baseline.com.newsblur.network.APIResponse: java.io.IOException: unexpected end of stream on https://www.newsblur.com/...
08-05 16:34:47.317  2290  5617 E baseline.com.newsblur.network.APIResponse: 	at okhttp3.internal.http1.Http1ExchangeCodec.readResponseHeaders(Http1ExchangeCodec.java:236)
08-05 16:34:47.317  2290  5617 E baseline.com.newsblur.network.APIResponse: 	at okhttp3.internal.connection.Exchange.readResponseHeaders(Exchange.java:115)
08-05 16:34:47.317  2290  5617 E baseline.com.newsblur.network.APIResponse: 	at okhttp3.internal.http.CallServerInterceptor.intercept(CallServerInterceptor.java:94)
08-05 16:34:47.317  2290  5617 E baseline.com.newsblur.network.APIResponse: 	at okhttp3.internal.http.RealInterceptorChain.proceed(RealInterceptorChain.java:142)
08-05 16:34:47.317  2290  5617 E baseline.com.newsblur.network.APIResponse: 	at okhttp3.internal.connection.ConnectInterceptor.intercept(ConnectInterceptor.java:43)
08-05 16:34:47.317  2290  5617 E baseline.com.newsblur.network.APIResponse: 	at okhttp3.internal.http.RealInterceptorChain.proceed(RealInterceptorChain.java:142)
08-05 16:34:47.317  2290  5617 E baseline.com.newsblur.network.APIResponse: 	at okhttp3.internal.http.RealInterceptorChain.proceed(RealInterceptorChain.java:117)
08-05 16:34:47.317  2290  5617 E baseline.com.newsblur.network.APIResponse: 	at okhttp3.internal.cache.CacheInterceptor.intercept(CacheInterceptor.java:94)
08-05 16:34:47.317  2290  5617 E baseline.com.newsblur.network.APIResponse: 	at okhttp3.internal.http.RealInterceptorChain.proceed(RealInterceptorChain.java:142)
08-05 16:34:47.317  2290  5617 E baseline.com.newsblur.network.APIResponse: 	at okhttp3.internal.http.RealInterceptorChain.proceed(RealInterceptorChain.java:117)
08-05 16:34:47.317  2290  5617 E baseline.com.newsblur.network.APIResponse: 	at okhttp3.internal.http.BridgeInterceptor.intercept(BridgeInterceptor.java:93)
08-05 16:34:47.317  2290  5617 E baseline.com.newsblur.network.APIResponse: 	at okhttp3.internal.http.RealInterceptorChain.proceed(RealInterceptorChain.java:142)
08-05 16:34:47.317  2290  5617 E baseline.com.newsblur.network.APIResponse: 	at okhttp3.internal.http.RetryAndFollowUpInterceptor.intercept(RetryAndFollowUpInterceptor.java:88)
08-05 16:34:47.317  2290  5617 E baseline.com.newsblur.network.APIResponse: 	at okhttp3.internal.http.RealInterceptorChain.proceed(RealInterceptorChain.java:142)
08-05 16:34:47.317  2290  5617 E baseline.com.newsblur.network.APIResponse: 	at okhttp3.internal.http.RealInterceptorChain.proceed(RealInterceptorChain.java:117)
08-05 16:34:47.317  2290  5617 E baseline.com.newsblur.network.APIResponse: 	at okhttp3.RealCall.getResponseWithInterceptorChain(RealCall.java:229)
08-05 16:34:47.317  2290  5617 E baseline.com.newsblur.network.APIResponse: 	at okhttp3.RealCall.execute(RealCall.java:81)
08-05 16:34:47.317  2290  5617 E baseline.com.newsblur.network.APIResponse: 	at baseline.com.newsblur.network.APIResponse.<init>(APIResponse.java:57)
08-05 16:34:47.317  2290  5617 E baseline.com.newsblur.network.APIResponse: 	at baseline.com.newsblur.network.APIResponse.<init>(APIResponse.java:43)
08-05 16:34:47.317  2290  5617 E baseline.com.newsblur.network.APIResponse: 	at baseline.com.newsblur.network.APIManager.post_single(APIManager.java:702)
08-05 16:34:47.317  2290  5617 E baseline.com.newsblur.network.APIResponse: 	at baseline.com.newsblur.network.APIManager.post(APIManager.java:675)
08-05 16:34:47.317  2290  5617 E baseline.com.newsblur.network.APIResponse: 	at baseline.com.newsblur.network.APIManager.post(APIManager.java:714)
08-05 16:34:47.317  2290  5617 E baseline.com.newsblur.network.APIResponse: 	at baseline.com.newsblur.network.APIManager.markStoryAsRead(APIManager.java:205)
08-05 16:34:47.317  2290  5617 E baseline.com.newsblur.network.APIResponse: 	at baseline.com.newsblur.util.ReadingAction.doRemote(ReadingAction.java:281)
08-05 16:34:47.317  2290  5617 E baseline.com.newsblur.network.APIResponse: 	at baseline.com.newsblur.service.NBSyncService.syncActions(NBSyncService.java:400)
08-05 16:34:47.317  2290  5617 E baseline.com.newsblur.network.APIResponse: 	at baseline.com.newsblur.service.NBSyncService.doSync(NBSyncService.java:298)
08-05 16:34:47.317  2290  5617 E baseline.com.newsblur.network.APIResponse: 	at baseline.com.newsblur.service.NBSyncService.access$100(NBSyncService.java:67)
08-05 16:34:47.317  2290  5617 E baseline.com.newsblur.network.APIResponse: 	at baseline.com.newsblur.service.NBSyncService$1.run(NBSyncService.java:188)
08-05 16:34:47.317  2290  5617 E baseline.com.newsblur.network.APIResponse: 	at java.util.concurrent.ThreadPoolExecutor.runWorker(ThreadPoolExecutor.java:1113)
08-05 16:34:47.317  2290  5617 E baseline.com.newsblur.network.APIResponse: 	at java.util.concurrent.ThreadPoolExecutor$Worker.run(ThreadPoolExecutor.java:588)
08-05 16:34:47.317  2290  5617 E baseline.com.newsblur.network.APIResponse: 	at java.lang.Thread.run(Thread.java:818)
08-05 16:34:47.317  2290  5617 E baseline.com.newsblur.network.APIResponse: Caused by: java.io.EOFException: \n not found: limit=0 content=
08-05 16:34:47.317  2290  5617 E baseline.com.newsblur.network.APIResponse: 	at okio.RealBufferedSource.readUtf8LineStrict(RealBufferedSource.java:240)
08-05 16:34:47.317  2290  5617 E baseline.com.newsblur.network.APIResponse: 	at okhttp3.internal.http1.Http1ExchangeCodec.readHeaderLine(Http1ExchangeCodec.java:242)
08-05 16:34:47.317  2290  5617 E baseline.com.newsblur.network.APIResponse: 	at okhttp3.internal.http1.Http1ExchangeCodec.readResponseHeaders(Http1ExchangeCodec.java:213)
08-05 16:34:47.317  2290  5617 E baseline.com.newsblur.network.APIResponse: 	... 30 more
08-05 16:34:47.318  2290  5617 I baseline.com.newsblur.network.APIManager: API call failed, pausing before retry number 1
08-05 16:34:47.374  2290  3568 I art     : Explicit concurrent mark sweep GC freed 825(196KB) AllocSpace objects, 2(40KB) LOS objects, 27% free, 42MB/58MB, paused 1.664ms total 66.347ms
08-05 16:34:47.389  2290  3568 I art     : Starting a blocking GC Explicit
08-05 16:34:47.455  2290  3568 I art     : Explicit concurrent mark sweep GC freed 99(15KB) AllocSpace objects, 0(0B) LOS objects, 27% free, 41MB/57MB, paused 1.654ms total 65.147ms
08-05 16:34:47.880  2290  4756 I art     : Starting a blocking GC Explicit
08-05 16:34:47.939  2290  4756 I art     : Explicit concurrent mark sweep GC freed 1467(85KB) AllocSpace objects, 1(20KB) LOS objects, 27% free, 41MB/57MB, paused 1.570ms total 58.938ms
08-05 16:34:47.953  2290  4756 I art     : Starting a blocking GC Explicit
08-05 16:34:48.020  2290  4756 I art     : Explicit concurrent mark sweep GC freed 22(784B) AllocSpace objects, 0(0B) LOS objects, 27% free, 41MB/57MB, paused 1.526ms total 66.554ms
08-05 16:34:48.035  2290  4756 I art     : Starting a blocking GC Explicit
08-05 16:34:48.102  2290  4756 I art     : Explicit concurrent mark sweep GC freed 3(96B) AllocSpace objects, 0(0B) LOS objects, 27% free, 41MB/57MB, paused 1.679ms total 66.364ms
08-05 16:34:48.117  2290  4756 I art     : Starting a blocking GC Explicit
08-05 16:34:48.181  2290  4756 I art     : Explicit concurrent mark sweep GC freed 3(96B) AllocSpace objects, 0(0B) LOS objects, 27% free, 41MB/57MB, paused 1.692ms total 63.824ms
08-05 16:34:48.197  2290  4756 I art     : Starting a blocking GC Explicit
08-05 16:34:48.265  2290  4756 I art     : Explicit concurrent mark sweep GC freed 3(96B) AllocSpace objects, 0(0B) LOS objects, 27% free, 41MB/57MB, paused 1.663ms total 68.207ms
08-05 16:34:48.574   918  3261 D WifiStateMachine: starting scan for "H369AA63323"WPA_PSK with 2412,5180
08-05 16:34:48.699  2290  4438 I art     : Starting a blocking GC Explicit
08-05 16:34:48.769  2290  4438 I art     : Explicit concurrent mark sweep GC freed 1442(83KB) AllocSpace objects, 1(20KB) LOS objects, 27% free, 41MB/57MB, paused 1.660ms total 69.261ms
08-05 16:34:48.786  2290  4438 I art     : Starting a blocking GC Explicit
08-05 16:34:48.852  2290  4438 I art     : Explicit concurrent mark sweep GC freed 113(4KB) AllocSpace objects, 0(0B) LOS objects, 27% free, 41MB/57MB, paused 1.721ms total 66.365ms
08-05 16:34:48.868  2290  4438 I art     : Starting a blocking GC Explicit
08-05 16:34:48.935  2290  4438 I art     : Explicit concurrent mark sweep GC freed 74(4KB) AllocSpace objects, 0(0B) LOS objects, 27% free, 41MB/57MB, paused 1.627ms total 66.603ms
08-05 16:34:48.950  2290  4438 I art     : Starting a blocking GC Explicit
08-05 16:34:49.020  2290  4438 I art     : Explicit concurrent mark sweep GC freed 12(1408B) AllocSpace objects, 0(0B) LOS objects, 27% free, 41MB/57MB, paused 1.924ms total 68.936ms
08-05 16:34:49.038  2290  4438 I art     : Starting a blocking GC Explicit
08-05 16:34:49.104  2290  4438 I art     : Explicit concurrent mark sweep GC freed 3(96B) AllocSpace objects, 0(0B) LOS objects, 27% free, 41MB/57MB, paused 1.662ms total 65.517ms
08-05 16:34:49.344  2290  5617 E baseline.com.newsblur.network.APIResponse: Error (unexpected end of stream on https://www.newsblur.com/...) calling https://www.newsblur.com/reader/mark_story_hashes_as_read/
08-05 16:34:49.344  2290  5617 E baseline.com.newsblur.network.APIResponse: java.io.IOException: unexpected end of stream on https://www.newsblur.com/...
08-05 16:34:49.344  2290  5617 E baseline.com.newsblur.network.APIResponse: 	at okhttp3.internal.http1.Http1ExchangeCodec.readResponseHeaders(Http1ExchangeCodec.java:236)
08-05 16:34:49.344  2290  5617 E baseline.com.newsblur.network.APIResponse: 	at okhttp3.internal.connection.Exchange.readResponseHeaders(Exchange.java:115)
08-05 16:34:49.344  2290  5617 E baseline.com.newsblur.network.APIResponse: 	at okhttp3.internal.http.CallServerInterceptor.intercept(CallServerInterceptor.java:94)
08-05 16:34:49.344  2290  5617 E baseline.com.newsblur.network.APIResponse: 	at okhttp3.internal.http.RealInterceptorChain.proceed(RealInterceptorChain.java:142)
08-05 16:34:49.344  2290  5617 E baseline.com.newsblur.network.APIResponse: 	at okhttp3.internal.connection.ConnectInterceptor.intercept(ConnectInterceptor.java:43)
08-05 16:34:49.344  2290  5617 E baseline.com.newsblur.network.APIResponse: 	at okhttp3.internal.http.RealInterceptorChain.proceed(RealInterceptorChain.java:142)
08-05 16:34:49.344  2290  5617 E baseline.com.newsblur.network.APIResponse: 	at okhttp3.internal.http.RealInterceptorChain.proceed(RealInterceptorChain.java:117)
08-05 16:34:49.344  2290  5617 E baseline.com.newsblur.network.APIResponse: 	at okhttp3.internal.cache.CacheInterceptor.intercept(CacheInterceptor.java:94)
08-05 16:34:49.344  2290  5617 E baseline.com.newsblur.network.APIResponse: 	at okhttp3.internal.http.RealInterceptorChain.proceed(RealInterceptorChain.java:142)
08-05 16:34:49.344  2290  5617 E baseline.com.newsblur.network.APIResponse: 	at okhttp3.internal.http.RealInterceptorChain.proceed(RealInterceptorChain.java:117)
08-05 16:34:49.344  2290  5617 E baseline.com.newsblur.network.APIResponse: 	at okhttp3.internal.http.BridgeInterceptor.intercept(BridgeInterceptor.java:93)
08-05 16:34:49.344  2290  5617 E baseline.com.newsblur.network.APIResponse: 	at okhttp3.internal.http.RealInterceptorChain.proceed(RealInterceptorChain.java:142)
08-05 16:34:49.344  2290  5617 E baseline.com.newsblur.network.APIResponse: 	at okhttp3.internal.http.RetryAndFollowUpInterceptor.intercept(RetryAndFollowUpInterceptor.java:88)
08-05 16:34:49.344  2290  5617 E baseline.com.newsblur.network.APIResponse: 	at okhttp3.internal.http.RealInterceptorChain.proceed(RealInterceptorChain.java:142)
08-05 16:34:49.344  2290  5617 E baseline.com.newsblur.network.APIResponse: 	at okhttp3.internal.http.RealInterceptorChain.proceed(RealInterceptorChain.java:117)
08-05 16:34:49.344  2290  5617 E baseline.com.newsblur.network.APIResponse: 	at okhttp3.RealCall.getResponseWithInterceptorChain(RealCall.java:229)
08-05 16:34:49.344  2290  5617 E baseline.com.newsblur.network.APIResponse: 	at okhttp3.RealCall.execute(RealCall.java:81)
08-05 16:34:49.344  2290  5617 E baseline.com.newsblur.network.APIResponse: 	at baseline.com.newsblur.network.APIResponse.<init>(APIResponse.java:57)
08-05 16:34:49.344  2290  5617 E baseline.com.newsblur.network.APIResponse: 	at baseline.com.newsblur.network.APIResponse.<init>(APIResponse.java:43)
08-05 16:34:49.344  2290  5617 E baseline.com.newsblur.network.APIResponse: 	at baseline.com.newsblur.network.APIManager.post_single(APIManager.java:702)
08-05 16:34:49.344  2290  5617 E baseline.com.newsblur.network.APIResponse: 	at baseline.com.newsblur.network.APIManager.post(APIManager.java:675)
08-05 16:34:49.344  2290  5617 E baseline.com.newsblur.network.APIResponse: 	at baseline.com.newsblur.network.APIManager.post(APIManager.java:714)
08-05 16:34:49.344  2290  5617 E baseline.com.newsblur.network.APIResponse: 	at baseline.com.newsblur.network.APIManager.markStoryAsRead(APIManager.java:205)
08-05 16:34:49.344  2290  5617 E baseline.com.newsblur.network.APIResponse: 	at baseline.com.newsblur.util.ReadingAction.doRemote(ReadingAction.java:281)
08-05 16:34:49.344  2290  5617 E baseline.com.newsblur.network.APIResponse: 	at baseline.com.newsblur.service.NBSyncService.syncActions(NBSyncService.java:400)
08-05 16:34:49.344  2290  5617 E baseline.com.newsblur.network.APIResponse: 	at baseline.com.newsblur.service.NBSyncService.doSync(NBSyncService.java:298)
08-05 16:34:49.344  2290  5617 E baseline.com.newsblur.network.APIResponse: 	at baseline.com.newsblur.service.NBSyncService.access$100(NBSyncService.java:67)
08-05 16:34:49.344  2290  5617 E baseline.com.newsblur.network.APIResponse: 	at baseline.com.newsblur.service.NBSyncService$1.run(NBSyncService.java:188)
08-05 16:34:49.344  2290  5617 E baseline.com.newsblur.network.APIResponse: 	at java.util.concurrent.ThreadPoolExecutor.runWorker(ThreadPoolExecutor.java:1113)
08-05 16:34:49.344  2290  5617 E baseline.com.newsblur.network.APIResponse: 	at java.util.concurrent.ThreadPoolExecutor$Worker.run(ThreadPoolExecutor.java:588)
08-05 16:34:49.344  2290  5617 E baseline.com.newsblur.network.APIResponse: 	at java.lang.Thread.run(Thread.java:818)
08-05 16:34:49.344  2290  5617 E baseline.com.newsblur.network.APIResponse: Caused by: java.io.EOFException: \n not found: limit=0 content=
08-05 16:34:49.344  2290  5617 E baseline.com.newsblur.network.APIResponse: 	at okio.RealBufferedSource.readUtf8LineStrict(RealBufferedSource.java:240)
08-05 16:34:49.344  2290  5617 E baseline.com.newsblur.network.APIResponse: 	at okhttp3.internal.http1.Http1ExchangeCodec.readHeaderLine(Http1ExchangeCodec.java:242)
08-05 16:34:49.344  2290  5617 E baseline.com.newsblur.network.APIResponse: 	at okhttp3.internal.http1.Http1ExchangeCodec.readResponseHeaders(Http1ExchangeCodec.java:213)
08-05 16:34:49.344  2290  5617 E baseline.com.newsblur.network.APIResponse: 	... 30 more
08-05 16:34:49.346  2290  5617 I baseline.com.newsblur.network.APIManager: API call failed, pausing before retry number 2
08-05 16:34:49.527  2290  2302 I art     : Starting a blocking GC Explicit
08-05 16:34:49.598  2290  2302 I art     : Explicit concurrent mark sweep GC freed 3949(357KB) AllocSpace objects, 3(60KB) LOS objects, 27% free, 41MB/57MB, paused 1.627ms total 70.421ms
08-05 16:34:49.616  2290  2302 I art     : Starting a blocking GC Explicit
08-05 16:34:49.678  2290  2302 I art     : Explicit concurrent mark sweep GC freed 109(3KB) AllocSpace objects, 0(0B) LOS objects, 27% free, 41MB/57MB, paused 1.636ms total 61.873ms
08-05 16:34:49.693  2290  2302 I art     : Starting a blocking GC Explicit
08-05 16:34:49.760  2290  2302 I art     : Explicit concurrent mark sweep GC freed 3(96B) AllocSpace objects, 0(0B) LOS objects, 27% free, 41MB/57MB, paused 1.635ms total 66.150ms
08-05 16:34:49.775  2290  2302 I art     : Starting a blocking GC Explicit
08-05 16:34:49.841  2290  2302 I art     : Explicit concurrent mark sweep GC freed 3(96B) AllocSpace objects, 0(0B) LOS objects, 27% free, 41MB/57MB, paused 1.651ms total 65.544ms
08-05 16:34:49.856  2290  2302 I art     : Starting a blocking GC Explicit
08-05 16:34:49.922  2290  2302 I art     : Explicit concurrent mark sweep GC freed 3(96B) AllocSpace objects, 0(0B) LOS objects, 27% free, 41MB/57MB, paused 1.579ms total 65.835ms
08-05 16:34:50.353  2290  2305 I art     : Starting a blocking GC Explicit
08-05 16:34:50.424  2290  2305 I art     : Explicit concurrent mark sweep GC freed 1441(82KB) AllocSpace objects, 1(20KB) LOS objects, 27% free, 41MB/57MB, paused 1.557ms total 70.681ms
08-05 16:34:50.443  2290  2305 I art     : Starting a blocking GC Explicit
08-05 16:34:50.509  2290  2305 I art     : Explicit concurrent mark sweep GC freed 22(784B) AllocSpace objects, 0(0B) LOS objects, 27% free, 41MB/57MB, paused 1.513ms total 66.673ms
08-05 16:34:50.524  2290  2305 I art     : Starting a blocking GC Explicit
08-05 16:34:50.590  2290  2305 I art     : Explicit concurrent mark sweep GC freed 3(96B) AllocSpace objects, 0(0B) LOS objects, 27% free, 41MB/57MB, paused 1.643ms total 65.397ms
08-05 16:34:50.605  2290  2305 I art     : Starting a blocking GC Explicit
08-05 16:34:50.672  2290  2305 I art     : Explicit concurrent mark sweep GC freed 3(96B) AllocSpace objects, 0(0B) LOS objects, 27% free, 41MB/57MB, paused 1.544ms total 66.313ms
08-05 16:34:50.689  2290  2305 I art     : Starting a blocking GC Explicit
08-05 16:34:50.756  2290  2305 I art     : Explicit concurrent mark sweep GC freed 3(96B) AllocSpace objects, 0(0B) LOS objects, 27% free, 41MB/57MB, paused 1.613ms total 65.932ms
08-05 16:34:51.168  2290  3568 I art     : Starting a blocking GC Explicit
08-05 16:34:51.236  2290  3568 I art     : Explicit concurrent mark sweep GC freed 1441(82KB) AllocSpace objects, 1(20KB) LOS objects, 27% free, 41MB/57MB, paused 1.617ms total 67.886ms
08-05 16:34:51.254  2290  3568 I art     : Starting a blocking GC Explicit
08-05 16:34:51.318  2290  3568 I art     : Explicit concurrent mark sweep GC freed 22(784B) AllocSpace objects, 0(0B) LOS objects, 27% free, 41MB/57MB, paused 1.684ms total 63.709ms
08-05 16:34:51.333  2290  3568 I art     : Starting a blocking GC Explicit
08-05 16:34:51.400  2290  3568 I art     : Explicit concurrent mark sweep GC freed 3(96B) AllocSpace objects, 0(0B) LOS objects, 27% free, 41MB/57MB, paused 1.637ms total 66.908ms
08-05 16:34:51.401  2290  2301 I art     : WaitForGcToComplete blocked for 62.569ms for cause HeapTrim
08-05 16:34:51.415  2290  3568 I art     : Starting a blocking GC Explicit
08-05 16:34:51.480  2290  3568 I art     : Explicit concurrent mark sweep GC freed 3(96B) AllocSpace objects, 0(0B) LOS objects, 27% free, 41MB/57MB, paused 1.567ms total 64.884ms
08-05 16:34:51.496  2290  3568 I art     : Starting a blocking GC Explicit
08-05 16:34:51.563  2290  3568 I art     : Explicit concurrent mark sweep GC freed 3(96B) AllocSpace objects, 0(0B) LOS objects, 27% free, 41MB/57MB, paused 1.592ms total 67.191ms
08-05 16:34:51.977  2290  4756 I art     : Starting a blocking GC Explicit
08-05 16:34:52.046  2290  4756 I art     : Explicit concurrent mark sweep GC freed 1441(82KB) AllocSpace objects, 1(20KB) LOS objects, 27% free, 41MB/57MB, paused 1.578ms total 67.955ms
08-05 16:34:52.061  2290  4756 I art     : Starting a blocking GC Explicit
08-05 16:34:52.128  2290  4756 I art     : Explicit concurrent mark sweep GC freed 22(784B) AllocSpace objects, 0(0B) LOS objects, 27% free, 41MB/57MB, paused 1.692ms total 66.841ms
08-05 16:34:52.144  2290  4756 I art     : Starting a blocking GC Explicit
08-05 16:34:52.212  2290  4756 I art     : Explicit concurrent mark sweep GC freed 3(96B) AllocSpace objects, 0(0B) LOS objects, 27% free, 41MB/57MB, paused 1.652ms total 67.827ms
08-05 16:34:52.227  2290  4756 I art     : Starting a blocking GC Explicit
08-05 16:34:52.296  2290  4756 I art     : Explicit concurrent mark sweep GC freed 3(96B) AllocSpace objects, 0(0B) LOS objects, 27% free, 41MB/57MB, paused 1.537ms total 68.485ms
08-05 16:34:52.314  2290  4756 I art     : Starting a blocking GC Explicit
08-05 16:34:52.380  2290  4756 I art     : Explicit concurrent mark sweep GC freed 94(3KB) AllocSpace objects, 0(0B) LOS objects, 27% free, 41MB/57MB, paused 1.716ms total 65.482ms
08-05 16:34:52.776  2290  4438 I art     : Starting a blocking GC Explicit
08-05 16:34:52.839  2290  4438 I art     : Explicit concurrent mark sweep GC freed 1522(88KB) AllocSpace objects, 1(20KB) LOS objects, 27% free, 41MB/57MB, paused 1.803ms total 62.581ms
08-05 16:34:52.855  2290  4438 I art     : Starting a blocking GC Explicit
08-05 16:34:52.918  2290  4438 I art     : Explicit concurrent mark sweep GC freed 1676(65KB) AllocSpace objects, 0(0B) LOS objects, 27% free, 41MB/57MB, paused 1.753ms total 63.228ms
08-05 16:34:52.933  2290  4438 I art     : Starting a blocking GC Explicit
08-05 16:34:52.944  2290  5617 E baseline.com.newsblur.network.APIResponse: Error (unexpected end of stream on https://www.newsblur.com/...) calling https://www.newsblur.com/reader/mark_story_hashes_as_read/
08-05 16:34:52.944  2290  5617 E baseline.com.newsblur.network.APIResponse: java.io.IOException: unexpected end of stream on https://www.newsblur.com/...
08-05 16:34:52.944  2290  5617 E baseline.com.newsblur.network.APIResponse: 	at okhttp3.internal.http1.Http1ExchangeCodec.readResponseHeaders(Http1ExchangeCodec.java:236)
08-05 16:34:52.944  2290  5617 E baseline.com.newsblur.network.APIResponse: 	at okhttp3.internal.connection.Exchange.readResponseHeaders(Exchange.java:115)
08-05 16:34:52.944  2290  5617 E baseline.com.newsblur.network.APIResponse: 	at okhttp3.internal.http.CallServerInterceptor.intercept(CallServerInterceptor.java:94)
08-05 16:34:52.944  2290  5617 E baseline.com.newsblur.network.APIResponse: 	at okhttp3.internal.http.RealInterceptorChain.proceed(RealInterceptorChain.java:142)
08-05 16:34:52.944  2290  5617 E baseline.com.newsblur.network.APIResponse: 	at okhttp3.internal.connection.ConnectInterceptor.intercept(ConnectInterceptor.java:43)
08-05 16:34:52.944  2290  5617 E baseline.com.newsblur.network.APIResponse: 	at okhttp3.internal.http.RealInterceptorChain.proceed(RealInterceptorChain.java:142)
08-05 16:34:52.944  2290  5617 E baseline.com.newsblur.network.APIResponse: 	at okhttp3.internal.http.RealInterceptorChain.proceed(RealInterceptorChain.java:117)
08-05 16:34:52.944  2290  5617 E baseline.com.newsblur.network.APIResponse: 	at okhttp3.internal.cache.CacheInterceptor.intercept(CacheInterceptor.java:94)
08-05 16:34:52.944  2290  5617 E baseline.com.newsblur.network.APIResponse: 	at okhttp3.internal.http.RealInterceptorChain.proceed(RealInterceptorChain.java:142)
08-05 16:34:52.944  2290  5617 E baseline.com.newsblur.network.APIResponse: 	at okhttp3.internal.http.RealInterceptorChain.proceed(RealInterceptorChain.java:117)
08-05 16:34:52.944  2290  5617 E baseline.com.newsblur.network.APIResponse: 	at okhttp3.internal.http.BridgeInterceptor.intercept(BridgeInterceptor.java:93)
08-05 16:34:52.944  2290  5617 E baseline.com.newsblur.network.APIResponse: 	at okhttp3.internal.http.RealInterceptorChain.proceed(RealInterceptorChain.java:142)
08-05 16:34:52.944  2290  5617 E baseline.com.newsblur.network.APIResponse: 	at okhttp3.internal.http.RetryAndFollowUpInterceptor.intercept(RetryAndFollowUpInterceptor.java:88)
08-05 16:34:52.944  2290  5617 E baseline.com.newsblur.network.APIResponse: 	at okhttp3.internal.http.RealInterceptorChain.proceed(RealInterceptorChain.java:142)
08-05 16:34:52.944  2290  5617 E baseline.com.newsblur.network.APIResponse: 	at okhttp3.internal.http.RealInterceptorChain.proceed(RealInterceptorChain.java:117)
08-05 16:34:52.944  2290  5617 E baseline.com.newsblur.network.APIResponse: 	at okhttp3.RealCall.getResponseWithInterceptorChain(RealCall.java:229)
08-05 16:34:52.944  2290  5617 E baseline.com.newsblur.network.APIResponse: 	at okhttp3.RealCall.execute(RealCall.java:81)
08-05 16:34:52.944  2290  5617 E baseline.com.newsblur.network.APIResponse: 	at baseline.com.newsblur.network.APIResponse.<init>(APIResponse.java:57)
08-05 16:34:52.944  2290  5617 E baseline.com.newsblur.network.APIResponse: 	at baseline.com.newsblur.network.APIResponse.<init>(APIResponse.java:43)
08-05 16:34:52.944  2290  5617 E baseline.com.newsblur.network.APIResponse: 	at baseline.com.newsblur.network.APIManager.post_single(APIManager.java:702)
08-05 16:34:52.944  2290  5617 E baseline.com.newsblur.network.APIResponse: 	at baseline.com.newsblur.network.APIManager.post(APIManager.java:675)
08-05 16:34:52.944  2290  5617 E baseline.com.newsblur.network.APIResponse: 	at baseline.com.newsblur.network.APIManager.post(APIManager.java:714)
08-05 16:34:52.944  2290  5617 E baseline.com.newsblur.network.APIResponse: 	at baseline.com.newsblur.network.APIManager.markStoryAsRead(APIManager.java:205)
08-05 16:34:52.944  2290  5617 E baseline.com.newsblur.network.APIResponse: 	at baseline.com.newsblur.util.ReadingAction.doRemote(ReadingAction.java:281)
08-05 16:34:52.944  2290  5617 E baseline.com.newsblur.network.APIResponse: 	at baseline.com.newsblur.service.NBSyncService.syncActions(NBSyncService.java:400)
08-05 16:34:52.944  2290  5617 E baseline.com.newsblur.network.APIResponse: 	at baseline.com.newsblur.service.NBSyncService.doSync(NBSyncService.java:298)
08-05 16:34:52.944  2290  5617 E baseline.com.newsblur.network.APIResponse: 	at baseline.com.newsblur.service.NBSyncService.access$100(NBSyncService.java:67)
08-05 16:34:52.944  2290  5617 E baseline.com.newsblur.network.APIResponse: 	at baseline.com.newsblur.service.NBSyncService$1.run(NBSyncService.java:188)
08-05 16:34:52.944  2290  5617 E baseline.com.newsblur.network.APIResponse: 	at java.util.concurrent.ThreadPoolExecutor.runWorker(ThreadPoolExecutor.java:1113)
08-05 16:34:52.944  2290  5617 E baseline.com.newsblur.network.APIResponse: 	at java.util.concurrent.ThreadPoolExecutor$Worker.run(ThreadPoolExecutor.java:588)
08-05 16:34:52.944  2290  5617 E baseline.com.newsblur.network.APIResponse: 	at java.lang.Thread.run(Thread.java:818)
08-05 16:34:52.944  2290  5617 E baseline.com.newsblur.network.APIResponse: Caused by: java.io.EOFException: \n not found: limit=0 content=
08-05 16:34:52.944  2290  5617 E baseline.com.newsblur.network.APIResponse: 	at okio.RealBufferedSource.readUtf8LineStrict(RealBufferedSource.java:240)
08-05 16:34:52.944  2290  5617 E baseline.com.newsblur.network.APIResponse: 	at okhttp3.internal.http1.Http1ExchangeCodec.readHeaderLine(Http1ExchangeCodec.java:242)
08-05 16:34:52.944  2290  5617 E baseline.com.newsblur.network.APIResponse: 	at okhttp3.internal.http1.Http1ExchangeCodec.readResponseHeaders(Http1ExchangeCodec.java:213)
08-05 16:34:52.944  2290  5617 E baseline.com.newsblur.network.APIResponse: 	... 30 more
08-05 16:34:52.947  2290  5617 I baseline.com.newsblur.service.NBSyncService: Holding reading action with server-side or network error.
08-05 16:34:52.961  2290  5617 W baseline.com.newsblur.service.NBSyncService: hard API failure
08-05 16:34:52.996  2290  4438 I art     : Explicit concurrent mark sweep GC freed 1195(244KB) AllocSpace objects, 4(80KB) LOS objects, 27% free, 42MB/58MB, paused 1.679ms total 62.765ms
08-05 16:34:53.011  2290  4438 I art     : Starting a blocking GC Explicit
08-05 16:34:53.076  2290  4438 I art     : Explicit concurrent mark sweep GC freed 148(17KB) AllocSpace objects, 0(0B) LOS objects, 27% free, 41MB/57MB, paused 1.651ms total 64.865ms
08-05 16:34:53.091  2290  4438 I art     : Starting a blocking GC Explicit
08-05 16:34:53.155  2290  4438 I art     : Explicit concurrent mark sweep GC freed 25(832B) AllocSpace objects, 0(0B) LOS objects, 27% free, 41MB/57MB, paused 1.689ms total 63.409ms
08-05 16:34:53.303  5787  5787 D AndroidRuntime: >>>>>> START com.android.internal.os.RuntimeInit uid 2000 <<<<<<
08-05 16:34:53.309  5787  5787 D AndroidRuntime: CheckJNI is OFF
08-05 16:34:53.352  5787  5787 D ICU     : No timezone override file found: /data/misc/zoneinfo/current/icu/icu_tzdata.dat
08-05 16:34:53.394  5787  5787 I Radio-JNI: register_android_hardware_Radio DONE
08-05 16:34:53.423  5787  5787 D AndroidRuntime: Calling main entry com.android.commands.input.Input
08-05 16:34:53.425  5787  5787 I Input   : injectMotionEvent: MotionEvent { action=ACTION_DOWN, actionButton=0, id[0]=0, x[0]=436.0, y[0]=453.0, toolType[0]=TOOL_TYPE_UNKNOWN, buttonState=0, metaState=0, flags=0x0, edgeFlags=0x0, pointerCount=1, historySize=0, eventTime=808509837, downTime=808509837, deviceId=0, source=0x1002 }
08-05 16:34:53.430  5787  5787 I Input   : injectMotionEvent: MotionEvent { action=ACTION_UP, actionButton=0, id[0]=0, x[0]=436.0, y[0]=453.0, toolType[0]=TOOL_TYPE_UNKNOWN, buttonState=0, metaState=0, flags=0x0, edgeFlags=0x0, pointerCount=1, historySize=0, eventTime=808509837, downTime=808509837, deviceId=0, source=0x1002 }
08-05 16:34:53.431  5787  5787 D AndroidRuntime: Shutting down VM
08-05 16:34:53.441   512  2967 D audio_hw_primary: out_set_parameters: enter: usecase(1: low-latency-playback) kvpairs: routing=2
08-05 16:34:53.442  2290  5617 E baseline.com.newsblur.network.APIResponse: Error (unexpected end of stream on https://www.newsblur.com/...) calling https://www.newsblur.com/reader/mark_story_hashes_as_read/
08-05 16:34:53.442  2290  5617 E baseline.com.newsblur.network.APIResponse: java.io.IOException: unexpected end of stream on https://www.newsblur.com/...
08-05 16:34:53.442  2290  5617 E baseline.com.newsblur.network.APIResponse: 	at okhttp3.internal.http1.Http1ExchangeCodec.readResponseHeaders(Http1ExchangeCodec.java:236)
08-05 16:34:53.442  2290  5617 E baseline.com.newsblur.network.APIResponse: 	at okhttp3.internal.connection.Exchange.readResponseHeaders(Exchange.java:115)
08-05 16:34:53.442  2290  5617 E baseline.com.newsblur.network.APIResponse: 	at okhttp3.internal.http.CallServerInterceptor.intercept(CallServerInterceptor.java:94)
08-05 16:34:53.442  2290  5617 E baseline.com.newsblur.network.APIResponse: 	at okhttp3.internal.http.RealInterceptorChain.proceed(RealInterceptorChain.java:142)
08-05 16:34:53.442  2290  5617 E baseline.com.newsblur.network.APIResponse: 	at okhttp3.internal.connection.ConnectInterceptor.intercept(ConnectInterceptor.java:43)
08-05 16:34:53.442  2290  5617 E baseline.com.newsblur.network.APIResponse: 	at okhttp3.internal.http.RealInterceptorChain.proceed(RealInterceptorChain.java:142)
08-05 16:34:53.442  2290  5617 E baseline.com.newsblur.network.APIResponse: 	at okhttp3.internal.http.RealInterceptorChain.proceed(RealInterceptorChain.java:117)
08-05 16:34:53.442  2290  5617 E baseline.com.newsblur.network.APIResponse: 	at okhttp3.internal.cache.CacheInterceptor.intercept(CacheInterceptor.java:94)
08-05 16:34:53.442  2290  5617 E baseline.com.newsblur.network.APIResponse: 	at okhttp3.internal.http.RealInterceptorChain.proceed(RealInterceptorChain.java:142)
08-05 16:34:53.442  2290  5617 E baseline.com.newsblur.network.APIResponse: 	at okhttp3.internal.http.RealInterceptorChain.proceed(RealInterceptorChain.java:117)
08-05 16:34:53.442  2290  5617 E baseline.com.newsblur.network.APIResponse: 	at okhttp3.internal.http.BridgeInterceptor.intercept(BridgeInterceptor.java:93)
08-05 16:34:53.442  2290  5617 E baseline.com.newsblur.network.APIResponse: 	at okhttp3.internal.http.RealInterceptorChain.proceed(RealInterceptorChain.java:142)
08-05 16:34:53.442  2290  5617 E baseline.com.newsblur.network.APIResponse: 	at okhttp3.internal.http.RetryAndFollowUpInterceptor.intercept(RetryAndFollowUpInterceptor.java:88)
08-05 16:34:53.442  2290  5617 E baseline.com.newsblur.network.APIResponse: 	at okhttp3.internal.http.RealInterceptorChain.proceed(RealInterceptorChain.java:142)
08-05 16:34:53.442  2290  5617 E baseline.com.newsblur.network.APIResponse: 	at okhttp3.internal.http.RealInterceptorChain.proceed(RealInterceptorChain.java:117)
08-05 16:34:53.442  2290  5617 E baseline.com.newsblur.network.APIResponse: 	at okhttp3.RealCall.getResponseWithInterceptorChain(RealCall.java:229)
08-05 16:34:53.442  2290  5617 E baseline.com.newsblur.network.APIResponse: 	at okhttp3.RealCall.execute(RealCall.java:81)
08-05 16:34:53.442  2290  5617 E baseline.com.newsblur.network.APIResponse: 	at baseline.com.newsblur.network.APIResponse.<init>(APIResponse.java:57)
08-05 16:34:53.442  2290  5617 E baseline.com.newsblur.network.APIResponse: 	at baseline.com.newsblur.network.APIResponse.<init>(APIResponse.java:43)
08-05 16:34:53.442  2290  5617 E baseline.com.newsblur.network.APIResponse: 	at baseline.com.newsblur.network.APIManager.post_single(APIManager.java:702)
08-05 16:34:53.442  2290  5617 E baseline.com.newsblur.network.APIResponse: 	at baseline.com.newsblur.network.APIManager.post(APIManager.java:675)
08-05 16:34:53.442  2290  5617 E baseline.com.newsblur.network.APIResponse: 	at baseline.com.newsblur.network.APIManager.post(APIManager.java:714)
08-05 16:34:53.442  2290  5617 E baseline.com.newsblur.network.APIResponse: 	at baseline.com.newsblur.network.APIManager.markStoryAsRead(APIManager.java:205)
08-05 16:34:53.442  2290  5617 E baseline.com.newsblur.network.APIResponse: 	at baseline.com.newsblur.util.ReadingAction.doRemote(ReadingAction.java:281)
08-05 16:34:53.442  2290  5617 E baseline.com.newsblur.network.APIResponse: 	at baseline.com.newsblur.service.NBSyncService.syncActions(NBSyncService.java:400)
08-05 16:34:53.442  2290  5617 E baseline.com.newsblur.network.APIResponse: 	at baseline.com.newsblur.service.NBSyncService.doSync(NBSyncService.java:298)
08-05 16:34:53.442  2290  5617 E baseline.com.newsblur.network.APIResponse: 	at baseline.com.newsblur.service.NBSyncService.access$100(NBSyncService.java:67)
08-05 16:34:53.442  2290  5617 E baseline.com.newsblur.network.APIResponse: 	at baseline.com.newsblur.service.NBSyncService$1.run(NBSyncService.java:188)
08-05 16:34:53.442  2290  5617 E baseline.com.newsblur.network.APIResponse: 	at java.util.concurrent.ThreadPoolExecutor.runWorker(ThreadPoolExecutor.java:1113)
08-05 16:34:53.442  2290  5617 E baseline.com.newsblur.network.APIResponse: 	at java.util.concurrent.ThreadPoolExecutor$Worker.run(ThreadPoolExecutor.java:588)
08-05 16:34:53.442  2290  5617 E baseline.com.newsblur.network.APIResponse: 	at java.lang.Thread.run(Thread.java:818)
08-05 16:34:53.442  2290  5617 E baseline.com.newsblur.network.APIResponse: Caused by: java.io.EOFException: \n not found: limit=0 content=
08-05 16:34:53.442  2290  5617 E baseline.com.newsblur.network.APIResponse: 	at okio.RealBufferedSource.readUtf8LineStrict(RealBufferedSource.java:240)
08-05 16:34:53.442  2290  5617 E baseline.com.newsblur.network.APIResponse: 	at okhttp3.internal.http1.Http1ExchangeCodec.readHeaderLine(Http1ExchangeCodec.java:242)
08-05 16:34:53.442  2290  5617 E baseline.com.newsblur.network.APIResponse: 	at okhttp3.internal.http1.Http1ExchangeCodec.readResponseHeaders(Http1ExchangeCodec.java:213)
08-05 16:34:53.442  2290  5617 E baseline.com.newsblur.network.APIResponse: 	... 30 more
08-05 16:34:53.443  2290  5617 I baseline.com.newsblur.network.APIManager: API call failed, pausing before retry number 1
08-05 16:34:53.445   918  4400 I ActivityManager: START u0 {cmp=baseline.com.newsblur/.activity.AllSharedStoriesReading (has extras)} from uid 10676 on display 0
08-05 16:34:53.454   512  2967 D audio_hw_primary: select_devices: out_snd_device(2: speaker) in_snd_device(0: none)
08-05 16:34:53.454   512  2967 D msm8974_platform: platform_send_audio_calibration: sending audio calibration for snd_device(2) acdb_id(15)
08-05 16:34:53.454   512  2967 I soundtrigger: audio_extn_sound_trigger_update_device_status: device 0x2 of type 0 for Event 1
08-05 16:34:53.469   512  2967 D audio_hw_primary: enable_snd_device: snd_device(2: speaker)
08-05 16:34:53.472   512  2967 D audio_hw_primary: enable_audio_route: apply and update mixer path: low-latency-playback speaker
08-05 16:34:53.574  2290  2305 I art     : Starting a blocking GC Explicit
08-05 16:34:53.640  2290  2305 I art     : Explicit concurrent mark sweep GC freed 5418(503KB) AllocSpace objects, 7(568KB) LOS objects, 27% free, 42MB/58MB, paused 1.732ms total 64.768ms
08-05 16:34:53.654  2290  2305 I art     : Starting a blocking GC Explicit
08-05 16:34:53.711  2290  2305 I art     : Explicit concurrent mark sweep GC freed 796(72KB) AllocSpace objects, 2(40KB) LOS objects, 27% free, 42MB/58MB, paused 1.629ms total 56.174ms
08-05 16:34:53.725  2290  2305 I art     : Starting a blocking GC Explicit
08-05 16:34:53.728   918   936 I ActivityManager: Displayed baseline.com.newsblur/.activity.AllSharedStoriesReading: +276ms
08-05 16:34:53.729 13866 13866 I GoogleInputMethodServic: GoogleInputMethodService.onFinishInput():3138 
08-05 16:34:53.729 13866 13866 I GoogleInputMethodServic: GoogleInputMethodService.onStartInput():1808 
08-05 16:34:53.786  2290  2305 I art     : Explicit concurrent mark sweep GC freed 1305(74KB) AllocSpace objects, 1(20KB) LOS objects, 27% free, 42MB/58MB, paused 1.953ms total 61.024ms
08-05 16:34:53.802  2290  2305 I art     : Starting a blocking GC Explicit
08-05 16:34:53.866  2290  2305 I art     : Explicit concurrent mark sweep GC freed 1163(99KB) AllocSpace objects, 8(188KB) LOS objects, 27% free, 42MB/58MB, paused 1.988ms total 63.304ms
08-05 16:34:53.886  2290  2305 I art     : Starting a blocking GC Explicit
08-05 16:34:53.955  2290  2305 I art     : Explicit concurrent mark sweep GC freed 1145(95KB) AllocSpace objects, 4(104KB) LOS objects, 27% free, 42MB/58MB, paused 1.491ms total 68.590ms
08-05 16:34:54.018   512  2967 D audio_hw_primary: disable_audio_route: reset and update mixer path: low-latency-playback speaker
08-05 16:34:54.019   512  2967 D audio_hw_primary: disable_snd_device: snd_device(2: speaker)
08-05 16:34:54.022  2290  4188 E chromium: [ERROR:tile_manager.cc(793)] WARNING: tile memory limits exceeded, some content may not draw
08-05 16:34:54.022  2290  4188 E chromium: [ERROR:tile_manager.cc(793)] WARNING: tile memory limits exceeded, some content may not draw
08-05 16:34:54.027   512  2967 I soundtrigger: audio_extn_sound_trigger_update_device_status: device 0x2 of type 0 for Event 0
08-05 16:34:54.335  2290  4438 I art     : Starting a blocking GC Explicit
08-05 16:34:54.400  2290  4438 I art     : Explicit concurrent mark sweep GC freed 1697(105KB) AllocSpace objects, 2(40KB) LOS objects, 27% free, 42MB/58MB, paused 1.587ms total 64.392ms
08-05 16:34:54.415  2290  4438 I art     : Starting a blocking GC Explicit
08-05 16:34:54.478  2290  4438 I art     : Explicit concurrent mark sweep GC freed 29(1088B) AllocSpace objects, 0(0B) LOS objects, 27% free, 42MB/58MB, paused 1.658ms total 62.674ms
08-05 16:34:54.493  2290  4438 I art     : Starting a blocking GC Explicit
08-05 16:34:54.558  2290  4438 I art     : Explicit concurrent mark sweep GC freed 3(96B) AllocSpace objects, 0(0B) LOS objects, 27% free, 42MB/58MB, paused 1.617ms total 64.202ms
08-05 16:34:54.573  2290  4438 I art     : Starting a blocking GC Explicit
08-05 16:34:54.640  2290  4438 I art     : Explicit concurrent mark sweep GC freed 3(96B) AllocSpace objects, 0(0B) LOS objects, 27% free, 42MB/58MB, paused 1.539ms total 66.182ms
08-05 16:34:54.655  2290  4438 I art     : Starting a blocking GC Explicit
08-05 16:34:54.722  2290  4438 I art     : Explicit concurrent mark sweep GC freed 3(96B) AllocSpace objects, 0(0B) LOS objects, 27% free, 42MB/58MB, paused 1.603ms total 66.257ms
08-05 16:34:55.120  2290  4756 I art     : Starting a blocking GC Explicit
08-05 16:34:55.203  2290  4756 I art     : Explicit concurrent mark sweep GC freed 1653(93KB) AllocSpace objects, 1(20KB) LOS objects, 27% free, 42MB/58MB, paused 1.631ms total 82.286ms
08-05 16:34:55.221  2290  4756 I art     : Starting a blocking GC Explicit
08-05 16:34:55.284  2290  4756 I art     : Explicit concurrent mark sweep GC freed 44(1552B) AllocSpace objects, 0(0B) LOS objects, 27% free, 42MB/58MB, paused 1.558ms total 62.380ms
08-05 16:34:55.300  2290  4756 I art     : Starting a blocking GC Explicit
08-05 16:34:55.362  2290  4756 I art     : Explicit concurrent mark sweep GC freed 4(128B) AllocSpace objects, 0(0B) LOS objects, 27% free, 42MB/58MB, paused 1.554ms total 61.963ms
08-05 16:34:55.377  2290  4756 I art     : Starting a blocking GC Explicit
08-05 16:34:55.449  2290  4756 I art     : Explicit concurrent mark sweep GC freed 621(25KB) AllocSpace objects, 0(0B) LOS objects, 27% free, 42MB/58MB, paused 2.197ms total 71.451ms
08-05 16:34:55.466  2290  4756 I art     : Starting a blocking GC Explicit
08-05 16:34:55.518  2290  5617 E baseline.com.newsblur.network.APIResponse: Error (unexpected end of stream on https://www.newsblur.com/...) calling https://www.newsblur.com/reader/mark_story_hashes_as_read/
08-05 16:34:55.518  2290  5617 E baseline.com.newsblur.network.APIResponse: java.io.IOException: unexpected end of stream on https://www.newsblur.com/...
08-05 16:34:55.518  2290  5617 E baseline.com.newsblur.network.APIResponse: 	at okhttp3.internal.http1.Http1ExchangeCodec.readResponseHeaders(Http1ExchangeCodec.java:236)
08-05 16:34:55.518  2290  5617 E baseline.com.newsblur.network.APIResponse: 	at okhttp3.internal.connection.Exchange.readResponseHeaders(Exchange.java:115)
08-05 16:34:55.518  2290  5617 E baseline.com.newsblur.network.APIResponse: 	at okhttp3.internal.http.CallServerInterceptor.intercept(CallServerInterceptor.java:94)
08-05 16:34:55.518  2290  5617 E baseline.com.newsblur.network.APIResponse: 	at okhttp3.internal.http.RealInterceptorChain.proceed(RealInterceptorChain.java:142)
08-05 16:34:55.518  2290  5617 E baseline.com.newsblur.network.APIResponse: 	at okhttp3.internal.connection.ConnectInterceptor.intercept(ConnectInterceptor.java:43)
08-05 16:34:55.518  2290  5617 E baseline.com.newsblur.network.APIResponse: 	at okhttp3.internal.http.RealInterceptorChain.proceed(RealInterceptorChain.java:142)
08-05 16:34:55.518  2290  5617 E baseline.com.newsblur.network.APIResponse: 	at okhttp3.internal.http.RealInterceptorChain.proceed(RealInterceptorChain.java:117)
08-05 16:34:55.518  2290  5617 E baseline.com.newsblur.network.APIResponse: 	at okhttp3.internal.cache.CacheInterceptor.intercept(CacheInterceptor.java:94)
08-05 16:34:55.518  2290  5617 E baseline.com.newsblur.network.APIResponse: 	at okhttp3.internal.http.RealInterceptorChain.proceed(RealInterceptorChain.java:142)
08-05 16:34:55.518  2290  5617 E baseline.com.newsblur.network.APIResponse: 	at okhttp3.internal.http.RealInterceptorChain.proceed(RealInterceptorChain.java:117)
08-05 16:34:55.518  2290  5617 E baseline.com.newsblur.network.APIResponse: 	at okhttp3.internal.http.BridgeInterceptor.intercept(BridgeInterceptor.java:93)
08-05 16:34:55.518  2290  5617 E baseline.com.newsblur.network.APIResponse: 	at okhttp3.internal.http.RealInterceptorChain.proceed(RealInterceptorChain.java:142)
08-05 16:34:55.518  2290  5617 E baseline.com.newsblur.network.APIResponse: 	at okhttp3.internal.http.RetryAndFollowUpInterceptor.intercept(RetryAndFollowUpInterceptor.java:88)
08-05 16:34:55.518  2290  5617 E baseline.com.newsblur.network.APIResponse: 	at okhttp3.internal.http.RealInterceptorChain.proceed(RealInterceptorChain.java:142)
08-05 16:34:55.518  2290  5617 E baseline.com.newsblur.network.APIResponse: 	at okhttp3.internal.http.RealInterceptorChain.proceed(RealInterceptorChain.java:117)
08-05 16:34:55.518  2290  5617 E baseline.com.newsblur.network.APIResponse: 	at okhttp3.RealCall.getResponseWithInterceptorChain(RealCall.java:229)
08-05 16:34:55.518  2290  5617 E baseline.com.newsblur.network.APIResponse: 	at okhttp3.RealCall.execute(RealCall.java:81)
08-05 16:34:55.518  2290  5617 E baseline.com.newsblur.network.APIResponse: 	at baseline.com.newsblur.network.APIResponse.<init>(APIResponse.java:57)
08-05 16:34:55.518  2290  5617 E baseline.com.newsblur.network.APIResponse: 	at baseline.com.newsblur.network.APIResponse.<init>(APIResponse.java:43)
08-05 16:34:55.518  2290  5617 E baseline.com.newsblur.network.APIResponse: 	at baseline.com.newsblur.network.APIManager.post_single(APIManager.java:702)
08-05 16:34:55.518  2290  5617 E baseline.com.newsblur.network.APIResponse: 	at baseline.com.newsblur.network.APIManager.post(APIManager.java:675)
08-05 16:34:55.518  2290  5617 E baseline.com.newsblur.network.APIResponse: 	at baseline.com.newsblur.network.APIManager.post(APIManager.java:714)
08-05 16:34:55.518  2290  5617 E baseline.com.newsblur.network.APIResponse: 	at baseline.com.newsblur.network.APIManager.markStoryAsRead(APIManager.java:205)
08-05 16:34:55.518  2290  5617 E baseline.com.newsblur.network.APIResponse: 	at baseline.com.newsblur.util.ReadingAction.doRemote(ReadingAction.java:281)
08-05 16:34:55.518  2290  5617 E baseline.com.newsblur.network.APIResponse: 	at baseline.com.newsblur.service.NBSyncService.syncActions(NBSyncService.java:400)
08-05 16:34:55.518  2290  5617 E baseline.com.newsblur.network.APIResponse: 	at baseline.com.newsblur.service.NBSyncService.doSync(NBSyncService.java:298)
08-05 16:34:55.518  2290  5617 E baseline.com.newsblur.network.APIResponse: 	at baseline.com.newsblur.service.NBSyncService.access$100(NBSyncService.java:67)
08-05 16:34:55.518  2290  5617 E baseline.com.newsblur.network.APIResponse: 	at baseline.com.newsblur.service.NBSyncService$1.run(NBSyncService.java:188)
08-05 16:34:55.518  2290  5617 E baseline.com.newsblur.network.APIResponse: 	at java.util.concurrent.ThreadPoolExecutor.runWorker(ThreadPoolExecutor.java:1113)
08-05 16:34:55.518  2290  5617 E baseline.com.newsblur.network.APIResponse: 	at java.util.concurrent.ThreadPoolExecutor$Worker.run(ThreadPoolExecutor.java:588)
08-05 16:34:55.518  2290  5617 E baseline.com.newsblur.network.APIResponse: 	at java.lang.Thread.run(Thread.java:818)
08-05 16:34:55.518  2290  5617 E baseline.com.newsblur.network.APIResponse: Caused by: java.io.EOFException: \n not found: limit=0 content=
08-05 16:34:55.518  2290  5617 E baseline.com.newsblur.network.APIResponse: 	at okio.RealBufferedSource.readUtf8LineStrict(RealBufferedSource.java:240)
08-05 16:34:55.518  2290  5617 E baseline.com.newsblur.network.APIResponse: 	at okhttp3.internal.http1.Http1ExchangeCodec.readHeaderLine(Http1ExchangeCodec.java:242)
08-05 16:34:55.518  2290  5617 E baseline.com.newsblur.network.APIResponse: 	at okhttp3.internal.http1.Http1ExchangeCodec.readResponseHeaders(Http1ExchangeCodec.java:213)
08-05 16:34:55.518  2290  5617 E baseline.com.newsblur.network.APIResponse: 	... 30 more
08-05 16:34:55.520  2290  5617 I baseline.com.newsblur.network.APIManager: API call failed, pausing before retry number 2
08-05 16:34:55.536  2290  4756 I art     : Explicit concurrent mark sweep GC freed 1833(234KB) AllocSpace objects, 2(40KB) LOS objects, 27% free, 42MB/58MB, paused 1.594ms total 69.187ms
08-05 16:34:55.945  2290  3568 I art     : Starting a blocking GC Explicit
08-05 16:34:56.016  2290  3568 I art     : Explicit concurrent mark sweep GC freed 2549(148KB) AllocSpace objects, 1(20KB) LOS objects, 27% free, 42MB/58MB, paused 1.690ms total 70.588ms
08-05 16:34:56.031  2290  3568 I art     : Starting a blocking GC Explicit
08-05 16:34:56.091  2290  3568 I art     : Explicit concurrent mark sweep GC freed 5441(412KB) AllocSpace objects, 1(20KB) LOS objects, 27% free, 42MB/58MB, paused 1.482ms total 59.962ms
08-05 16:34:56.105  2290  3568 I art     : Starting a blocking GC Explicit
08-05 16:34:56.173  2290  3568 I art     : Explicit concurrent mark sweep GC freed 123(5KB) AllocSpace objects, 0(0B) LOS objects, 27% free, 42MB/58MB, paused 1.689ms total 67.023ms
08-05 16:34:56.188  2290  3568 I art     : Starting a blocking GC Explicit
08-05 16:34:56.254  2290  3568 I art     : Explicit concurrent mark sweep GC freed 188(20KB) AllocSpace objects, 0(0B) LOS objects, 27% free, 42MB/58MB, paused 1.667ms total 65.347ms
08-05 16:34:56.270  2290  3568 I art     : Starting a blocking GC Explicit
08-05 16:34:56.339  2290  3568 I art     : Explicit concurrent mark sweep GC freed 3(96B) AllocSpace objects, 0(0B) LOS objects, 27% free, 42MB/58MB, paused 1.662ms total 68.425ms
08-05 16:34:56.724  2290  2305 I art     : Starting a blocking GC Explicit
08-05 16:34:56.795  2290  2305 I art     : Explicit concurrent mark sweep GC freed 3672(187KB) AllocSpace objects, 1(20KB) LOS objects, 27% free, 42MB/58MB, paused 1.622ms total 70.073ms
08-05 16:34:56.810  2290  2305 I art     : Starting a blocking GC Explicit
08-05 16:34:56.877  2290  2305 I art     : Explicit concurrent mark sweep GC freed 131(5KB) AllocSpace objects, 0(0B) LOS objects, 27% free, 42MB/58MB, paused 1.558ms total 67.120ms
08-05 16:34:56.893  2290  2305 I art     : Starting a blocking GC Explicit
08-05 16:34:56.960  2290  2305 I art     : Explicit concurrent mark sweep GC freed 3(96B) AllocSpace objects, 0(0B) LOS objects, 27% free, 42MB/58MB, paused 1.613ms total 67.036ms
08-05 16:34:56.979  2290  2305 I art     : Starting a blocking GC Explicit
08-05 16:34:57.043  2290  2305 I art     : Explicit concurrent mark sweep GC freed 3(96B) AllocSpace objects, 0(0B) LOS objects, 27% free, 42MB/58MB, paused 1.495ms total 63.873ms
08-05 16:34:57.058  2290  2305 I art     : Starting a blocking GC Explicit
08-05 16:34:57.122  2290  2305 I art     : Explicit concurrent mark sweep GC freed 3(96B) AllocSpace objects, 0(0B) LOS objects, 27% free, 42MB/58MB, paused 1.594ms total 63.876ms
08-05 16:34:57.517  2290  2302 I art     : Starting a blocking GC Explicit
08-05 16:34:57.584  2290  2302 I art     : Explicit concurrent mark sweep GC freed 1445(83KB) AllocSpace objects, 1(20KB) LOS objects, 27% free, 42MB/58MB, paused 1.481ms total 67.314ms
08-05 16:34:57.600  2290  2302 I art     : Starting a blocking GC Explicit
08-05 16:34:57.668  2290  2302 I art     : Explicit concurrent mark sweep GC freed 22(784B) AllocSpace objects, 0(0B) LOS objects, 27% free, 42MB/58MB, paused 1.520ms total 67.463ms
08-05 16:34:57.686  2290  2302 I art     : Starting a blocking GC Explicit
08-05 16:34:57.744  2290  2302 I art     : Explicit concurrent mark sweep GC freed 3(96B) AllocSpace objects, 0(0B) LOS objects, 27% free, 42MB/58MB, paused 1.464ms total 57.031ms
08-05 16:34:57.758  2290  2302 I art     : Starting a blocking GC Explicit
08-05 16:34:57.818  2290  2302 I art     : Explicit concurrent mark sweep GC freed 3(96B) AllocSpace objects, 0(0B) LOS objects, 27% free, 42MB/58MB, paused 1.643ms total 59.323ms
08-05 16:34:57.833  2290  2302 I art     : Starting a blocking GC Explicit
08-05 16:34:57.897  2290  2302 I art     : Explicit concurrent mark sweep GC freed 3(96B) AllocSpace objects, 0(0B) LOS objects, 27% free, 42MB/58MB, paused 1.635ms total 64.419ms
08-05 16:34:58.219  5863  5863 D AndroidRuntime: >>>>>> START com.android.internal.os.RuntimeInit uid 2000 <<<<<<
08-05 16:34:58.225  5863  5863 D AndroidRuntime: CheckJNI is OFF
08-05 16:34:58.269  5863  5863 D ICU     : No timezone override file found: /data/misc/zoneinfo/current/icu/icu_tzdata.dat
08-05 16:34:58.286  2290  4438 I art     : Starting a blocking GC Explicit
08-05 16:34:58.315  5863  5863 I Radio-JNI: register_android_hardware_Radio DONE
08-05 16:34:58.344  5863  5863 D AndroidRuntime: Calling main entry com.android.commands.input.Input
08-05 16:34:58.346  5863  5863 I Input   : injectKeyEvent: KeyEvent { action=ACTION_DOWN, keyCode=KEYCODE_BACK, scanCode=0, metaState=0, flags=0x0, repeatCount=0, eventTime=808514759, downTime=808514759, deviceId=-1, source=0x101 }
08-05 16:34:58.351  2290  4438 I art     : Explicit concurrent mark sweep GC freed 1447(83KB) AllocSpace objects, 1(20KB) LOS objects, 27% free, 42MB/58MB, paused 1.557ms total 64.936ms
08-05 16:34:58.353  5863  5863 I Input   : injectKeyEvent: KeyEvent { action=ACTION_UP, keyCode=KEYCODE_BACK, scanCode=0, metaState=0, flags=0x0, repeatCount=0, eventTime=808514759, downTime=808514759, deviceId=-1, source=0x101 }
08-05 16:34:58.360  5863  5863 D AndroidRuntime: Shutting down VM
08-05 16:34:58.372  2290  2290 D baseline.com.newsblur.service.NBSyncService: rejecting request for feedset that is exhaused
08-05 16:34:58.373  2290  4438 I art     : Starting a blocking GC Explicit
08-05 16:34:58.432  2290  4438 I art     : Explicit concurrent mark sweep GC freed 245(39KB) AllocSpace objects, 2(40KB) LOS objects, 27% free, 42MB/58MB, paused 1.642ms total 58.624ms
08-05 16:34:58.446  2290  4438 I art     : Starting a blocking GC Explicit
08-05 16:34:58.508  2290  4438 I art     : Explicit concurrent mark sweep GC freed 39(1424B) AllocSpace objects, 0(0B) LOS objects, 27% free, 42MB/58MB, paused 1.657ms total 61.585ms
08-05 16:34:58.524  2290  4438 I art     : Starting a blocking GC Explicit
08-05 16:34:58.552  2290  2290 D baseline.com.newsblur.service.NBSyncService: rejecting request for feedset that is exhaused
08-05 16:34:58.554 13866 13866 I GoogleInputMethodServic: GoogleInputMethodService.onFinishInput():3138 
08-05 16:34:58.554 13866 13866 I GoogleInputMethodServic: GoogleInputMethodService.onStartInput():1808 
08-05 16:34:58.580  2290  4438 I art     : Explicit concurrent mark sweep GC freed 848(60KB) AllocSpace objects, 2(40KB) LOS objects, 27% free, 42MB/58MB, paused 1.628ms total 55.838ms
08-05 16:34:58.594  2290  4438 I art     : Starting a blocking GC Explicit
08-05 16:34:58.652  2290  4438 I art     : Explicit concurrent mark sweep GC freed 815(76KB) AllocSpace objects, 0(0B) LOS objects, 27% free, 42MB/58MB, paused 1.542ms total 58.208ms
08-05 16:34:59.030  2290  2305 I art     : Starting a blocking GC Explicit
08-05 16:34:59.080  2290  5617 E baseline.com.newsblur.network.APIResponse: Error (unexpected end of stream on https://www.newsblur.com/...) calling https://www.newsblur.com/reader/mark_story_hashes_as_read/
08-05 16:34:59.080  2290  5617 E baseline.com.newsblur.network.APIResponse: java.io.IOException: unexpected end of stream on https://www.newsblur.com/...
08-05 16:34:59.080  2290  5617 E baseline.com.newsblur.network.APIResponse: 	at okhttp3.internal.http1.Http1ExchangeCodec.readResponseHeaders(Http1ExchangeCodec.java:236)
08-05 16:34:59.080  2290  5617 E baseline.com.newsblur.network.APIResponse: 	at okhttp3.internal.connection.Exchange.readResponseHeaders(Exchange.java:115)
08-05 16:34:59.080  2290  5617 E baseline.com.newsblur.network.APIResponse: 	at okhttp3.internal.http.CallServerInterceptor.intercept(CallServerInterceptor.java:94)
08-05 16:34:59.080  2290  5617 E baseline.com.newsblur.network.APIResponse: 	at okhttp3.internal.http.RealInterceptorChain.proceed(RealInterceptorChain.java:142)
08-05 16:34:59.080  2290  5617 E baseline.com.newsblur.network.APIResponse: 	at okhttp3.internal.connection.ConnectInterceptor.intercept(ConnectInterceptor.java:43)
08-05 16:34:59.080  2290  5617 E baseline.com.newsblur.network.APIResponse: 	at okhttp3.internal.http.RealInterceptorChain.proceed(RealInterceptorChain.java:142)
08-05 16:34:59.080  2290  5617 E baseline.com.newsblur.network.APIResponse: 	at okhttp3.internal.http.RealInterceptorChain.proceed(RealInterceptorChain.java:117)
08-05 16:34:59.080  2290  5617 E baseline.com.newsblur.network.APIResponse: 	at okhttp3.internal.cache.CacheInterceptor.intercept(CacheInterceptor.java:94)
08-05 16:34:59.080  2290  5617 E baseline.com.newsblur.network.APIResponse: 	at okhttp3.internal.http.RealInterceptorChain.proceed(RealInterceptorChain.java:142)
08-05 16:34:59.080  2290  5617 E baseline.com.newsblur.network.APIResponse: 	at okhttp3.internal.http.RealInterceptorChain.proceed(RealInterceptorChain.java:117)
08-05 16:34:59.080  2290  5617 E baseline.com.newsblur.network.APIResponse: 	at okhttp3.internal.http.BridgeInterceptor.intercept(BridgeInterceptor.java:93)
08-05 16:34:59.080  2290  5617 E baseline.com.newsblur.network.APIResponse: 	at okhttp3.internal.http.RealInterceptorChain.proceed(RealInterceptorChain.java:142)
08-05 16:34:59.080  2290  5617 E baseline.com.newsblur.network.APIResponse: 	at okhttp3.internal.http.RetryAndFollowUpInterceptor.intercept(RetryAndFollowUpInterceptor.java:88)
08-05 16:34:59.080  2290  5617 E baseline.com.newsblur.network.APIResponse: 	at okhttp3.internal.http.RealInterceptorChain.proceed(RealInterceptorChain.java:142)
08-05 16:34:59.080  2290  5617 E baseline.com.newsblur.network.APIResponse: 	at okhttp3.internal.http.RealInterceptorChain.proceed(RealInterceptorChain.java:117)
08-05 16:34:59.080  2290  5617 E baseline.com.newsblur.network.APIResponse: 	at okhttp3.RealCall.getResponseWithInterceptorChain(RealCall.java:229)
08-05 16:34:59.080  2290  5617 E baseline.com.newsblur.network.APIResponse: 	at okhttp3.RealCall.execute(RealCall.java:81)
08-05 16:34:59.080  2290  5617 E baseline.com.newsblur.network.APIResponse: 	at baseline.com.newsblur.network.APIResponse.<init>(APIResponse.java:57)
08-05 16:34:59.080  2290  5617 E baseline.com.newsblur.network.APIResponse: 	at baseline.com.newsblur.network.APIResponse.<init>(APIResponse.java:43)
08-05 16:34:59.080  2290  5617 E baseline.com.newsblur.network.APIResponse: 	at baseline.com.newsblur.network.APIManager.post_single(APIManager.java:702)
08-05 16:34:59.080  2290  5617 E baseline.com.newsblur.network.APIResponse: 	at baseline.com.newsblur.network.APIManager.post(APIManager.java:675)
08-05 16:34:59.080  2290  5617 E baseline.com.newsblur.network.APIResponse: 	at baseline.com.newsblur.network.APIManager.post(APIManager.java:714)
08-05 16:34:59.080  2290  5617 E baseline.com.newsblur.network.APIResponse: 	at baseline.com.newsblur.network.APIManager.markStoryAsRead(APIManager.java:205)
08-05 16:34:59.080  2290  5617 E baseline.com.newsblur.network.APIResponse: 	at baseline.com.newsblur.util.ReadingAction.doRemote(ReadingAction.java:281)
08-05 16:34:59.080  2290  5617 E baseline.com.newsblur.network.APIResponse: 	at baseline.com.newsblur.service.NBSyncService.syncActions(NBSyncService.java:400)
08-05 16:34:59.080  2290  5617 E baseline.com.newsblur.network.APIResponse: 	at baseline.com.newsblur.service.NBSyncService.doSync(NBSyncService.java:298)
08-05 16:34:59.080  2290  5617 E baseline.com.newsblur.network.APIResponse: 	at baseline.com.newsblur.service.NBSyncService.access$100(NBSyncService.java:67)
08-05 16:34:59.080  2290  5617 E baseline.com.newsblur.network.APIResponse: 	at baseline.com.newsblur.service.NBSyncService$1.run(NBSyncService.java:188)
08-05 16:34:59.080  2290  5617 E baseline.com.newsblur.network.APIResponse: 	at java.util.concurrent.ThreadPoolExecutor.runWorker(ThreadPoolExecutor.java:1113)
08-05 16:34:59.080  2290  5617 E baseline.com.newsblur.network.APIResponse: 	at java.util.concurrent.ThreadPoolExecutor$Worker.run(ThreadPoolExecutor.java:588)
08-05 16:34:59.080  2290  5617 E baseline.com.newsblur.network.APIResponse: 	at java.lang.Thread.run(Thread.java:818)
08-05 16:34:59.080  2290  5617 E baseline.com.newsblur.network.APIResponse: Caused by: java.io.EOFException: \n not found: limit=0 content=
08-05 16:34:59.080  2290  5617 E baseline.com.newsblur.network.APIResponse: 	at okio.RealBufferedSource.readUtf8LineStrict(RealBufferedSource.java:240)
08-05 16:34:59.080  2290  5617 E baseline.com.newsblur.network.APIResponse: 	at okhttp3.internal.http1.Http1ExchangeCodec.readHeaderLine(Http1ExchangeCodec.java:242)
08-05 16:34:59.080  2290  5617 E baseline.com.newsblur.network.APIResponse: 	at okhttp3.internal.http1.Http1ExchangeCodec.readResponseHeaders(Http1ExchangeCodec.java:213)
08-05 16:34:59.080  2290  5617 E baseline.com.newsblur.network.APIResponse: 	... 30 more
08-05 16:34:59.082  2290  5617 I baseline.com.newsblur.service.NBSyncService: Holding reading action with server-side or network error.
08-05 16:34:59.096  2290  2305 I art     : Explicit concurrent mark sweep GC freed 5218(408KB) AllocSpace objects, 4(88KB) LOS objects, 27% free, 42MB/58MB, paused 1.545ms total 65.945ms
08-05 16:34:59.098  2290  5617 W baseline.com.newsblur.service.NBSyncService: hard API failure
08-05 16:34:59.108  2290  5617 I baseline.com.newsblur.service.NBSyncService: recounting dirty feed sets: 1
08-05 16:34:59.113  2290  2305 I art     : Starting a blocking GC Explicit
08-05 16:34:59.173  2290  2305 I art     : Explicit concurrent mark sweep GC freed 1151(104KB) AllocSpace objects, 3(60KB) LOS objects, 27% free, 42MB/58MB, paused 1.630ms total 59.995ms
08-05 16:34:59.189  2290  2305 I art     : Starting a blocking GC Explicit
08-05 16:34:59.254  2290  2305 I art     : Explicit concurrent mark sweep GC freed 200(7KB) AllocSpace objects, 0(0B) LOS objects, 27% free, 42MB/58MB, paused 1.960ms total 65.260ms
08-05 16:34:59.270  2290  2305 I art     : Starting a blocking GC Explicit
08-05 16:34:59.337  2290  2305 I art     : Explicit concurrent mark sweep GC freed 19(672B) AllocSpace objects, 0(0B) LOS objects, 27% free, 42MB/58MB, paused 2.033ms total 67.264ms
08-05 16:34:59.354  2290  2305 I art     : Starting a blocking GC Explicit
08-05 16:34:59.422  2290  2305 I art     : Explicit concurrent mark sweep GC freed 13(416B) AllocSpace objects, 0(0B) LOS objects, 27% free, 42MB/58MB, paused 1.930ms total 67.380ms
08-05 16:34:59.591  2290  5617 E baseline.com.newsblur.network.APIResponse: Error (unexpected end of stream on https://www.newsblur.com/...) calling https://www.newsblur.com/reader/feed_unread_count?feed_id=0
08-05 16:34:59.591  2290  5617 E baseline.com.newsblur.network.APIResponse: java.io.IOException: unexpected end of stream on https://www.newsblur.com/...
08-05 16:34:59.591  2290  5617 E baseline.com.newsblur.network.APIResponse: 	at okhttp3.internal.http1.Http1ExchangeCodec.readResponseHeaders(Http1ExchangeCodec.java:236)
08-05 16:34:59.591  2290  5617 E baseline.com.newsblur.network.APIResponse: 	at okhttp3.internal.connection.Exchange.readResponseHeaders(Exchange.java:115)
08-05 16:34:59.591  2290  5617 E baseline.com.newsblur.network.APIResponse: 	at okhttp3.internal.http.CallServerInterceptor.intercept(CallServerInterceptor.java:94)
08-05 16:34:59.591  2290  5617 E baseline.com.newsblur.network.APIResponse: 	at okhttp3.internal.http.RealInterceptorChain.proceed(RealInterceptorChain.java:142)
08-05 16:34:59.591  2290  5617 E baseline.com.newsblur.network.APIResponse: 	at okhttp3.internal.connection.ConnectInterceptor.intercept(ConnectInterceptor.java:43)
08-05 16:34:59.591  2290  5617 E baseline.com.newsblur.network.APIResponse: 	at okhttp3.internal.http.RealInterceptorChain.proceed(RealInterceptorChain.java:142)
08-05 16:34:59.591  2290  5617 E baseline.com.newsblur.network.APIResponse: 	at okhttp3.internal.http.RealInterceptorChain.proceed(RealInterceptorChain.java:117)
08-05 16:34:59.591  2290  5617 E baseline.com.newsblur.network.APIResponse: 	at okhttp3.internal.cache.CacheInterceptor.intercept(CacheInterceptor.java:94)
08-05 16:34:59.591  2290  5617 E baseline.com.newsblur.network.APIResponse: 	at okhttp3.internal.http.RealInterceptorChain.proceed(RealInterceptorChain.java:142)
08-05 16:34:59.591  2290  5617 E baseline.com.newsblur.network.APIResponse: 	at okhttp3.internal.http.RealInterceptorChain.proceed(RealInterceptorChain.java:117)
08-05 16:34:59.591  2290  5617 E baseline.com.newsblur.network.APIResponse: 	at okhttp3.internal.http.BridgeInterceptor.intercept(BridgeInterceptor.java:93)
08-05 16:34:59.591  2290  5617 E baseline.com.newsblur.network.APIResponse: 	at okhttp3.internal.http.RealInterceptorChain.proceed(RealInterceptorChain.java:142)
08-05 16:34:59.591  2290  5617 E baseline.com.newsblur.network.APIResponse: 	at okhttp3.internal.http.RetryAndFollowUpInterceptor.intercept(RetryAndFollowUpInterceptor.java:88)
08-05 16:34:59.591  2290  5617 E baseline.com.newsblur.network.APIResponse: 	at okhttp3.internal.http.RealInterceptorChain.proceed(RealInterceptorChain.java:142)
08-05 16:34:59.591  2290  5617 E baseline.com.newsblur.network.APIResponse: 	at okhttp3.internal.http.RealInterceptorChain.proceed(RealInterceptorChain.java:117)
08-05 16:34:59.591  2290  5617 E baseline.com.newsblur.network.APIResponse: 	at okhttp3.RealCall.getResponseWithInterceptorChain(RealCall.java:229)
08-05 16:34:59.591  2290  5617 E baseline.com.newsblur.network.APIResponse: 	at okhttp3.RealCall.execute(RealCall.java:81)
08-05 16:34:59.591  2290  5617 E baseline.com.newsblur.network.APIResponse: 	at baseline.com.newsblur.network.APIResponse.<init>(APIResponse.java:57)
08-05 16:34:59.591  2290  5617 E baseline.com.newsblur.network.APIResponse: 	at baseline.com.newsblur.network.APIManager.get_single(APIManager.java:639)
08-05 16:34:59.591  2290  5617 E baseline.com.newsblur.network.APIResponse: 	at baseline.com.newsblur.network.APIManager.get(APIManager.java:625)
08-05 16:34:59.591  2290  5617 E baseline.com.newsblur.network.APIResponse: 	at baseline.com.newsblur.network.APIManager.get(APIManager.java:667)
08-05 16:34:59.591  2290  5617 E baseline.com.newsblur.network.APIResponse: 	at baseline.com.newsblur.network.APIManager.getFeedUnreadCounts(APIManager.java:274)
08-05 16:34:59.591  2290  5617 E baseline.com.newsblur.network.APIResponse: 	at baseline.com.newsblur.service.NBSyncService.checkRecounts(NBSyncService.java:660)
08-05 16:34:59.591  2290  5617 E baseline.com.newsblur.network.APIResponse: 	at baseline.com.newsblur.service.NBSyncService.doSync(NBSyncService.java:310)
08-05 16:34:59.591  2290  5617 E baseline.com.newsblur.network.APIResponse: 	at baseline.com.newsblur.service.NBSyncService.access$100(NBSyncService.java:67)
08-05 16:34:59.591  2290  5617 E baseline.com.newsblur.network.APIResponse: 	at baseline.com.newsblur.service.NBSyncService$1.run(NBSyncService.java:188)
08-05 16:34:59.591  2290  5617 E baseline.com.newsblur.network.APIResponse: 	at java.util.concurrent.ThreadPoolExecutor.runWorker(ThreadPoolExecutor.java:1113)
08-05 16:34:59.591  2290  5617 E baseline.com.newsblur.network.APIResponse: 	at java.util.concurrent.ThreadPoolExecutor$Worker.run(ThreadPoolExecutor.java:588)
08-05 16:34:59.591  2290  5617 E baseline.com.newsblur.network.APIResponse: 	at java.lang.Thread.run(Thread.java:818)
08-05 16:34:59.591  2290  5617 E baseline.com.newsblur.network.APIResponse: Caused by: java.io.EOFException: \n not found: limit=0 content=
08-05 16:34:59.591  2290  5617 E baseline.com.newsblur.network.APIResponse: 	at okio.RealBufferedSource.readUtf8LineStrict(RealBufferedSource.java:240)
08-05 16:34:59.591  2290  5617 E baseline.com.newsblur.network.APIResponse: 	at okhttp3.internal.http1.Http1ExchangeCodec.readHeaderLine(Http1ExchangeCodec.java:242)
08-05 16:34:59.591  2290  5617 E baseline.com.newsblur.network.APIResponse: 	at okhttp3.internal.http1.Http1ExchangeCodec.readResponseHeaders(Http1ExchangeCodec.java:213)
08-05 16:34:59.591  2290  5617 E baseline.com.newsblur.network.APIResponse: 	... 28 more
08-05 16:34:59.592  2290  5617 I baseline.com.newsblur.network.APIManager: API call failed, pausing before retry number 1
08-05 16:34:59.806  2290  4438 I art     : Starting a blocking GC Explicit
08-05 16:34:59.879  2290  4438 I art     : Explicit concurrent mark sweep GC freed 3986(357KB) AllocSpace objects, 3(60KB) LOS objects, 27% free, 41MB/57MB, paused 1.687ms total 72.726ms
08-05 16:34:59.897  2290  4438 I art     : Starting a blocking GC Explicit
08-05 16:34:59.963  2290  4438 I art     : Explicit concurrent mark sweep GC freed 119(4KB) AllocSpace objects, 0(0B) LOS objects, 27% free, 41MB/57MB, paused 1.600ms total 65.234ms
08-05 16:34:59.979  2290  4438 I art     : Starting a blocking GC Explicit
08-05 16:35:00.041  2290  4438 I art     : Explicit concurrent mark sweep GC freed 8(256B) AllocSpace objects, 0(0B) LOS objects, 27% free, 41MB/57MB, paused 1.448ms total 61.705ms
08-05 16:35:00.055  2290  4438 I art     : Starting a blocking GC Explicit
08-05 16:35:00.118  2290  4438 I art     : Explicit concurrent mark sweep GC freed 3(96B) AllocSpace objects, 0(0B) LOS objects, 27% free, 41MB/57MB, paused 1.679ms total 62.088ms
08-05 16:35:00.133  2290  4438 I art     : Starting a blocking GC Explicit
08-05 16:35:00.178  5903  5903 D AndroidRuntime: >>>>>> START com.android.internal.os.RuntimeInit uid 2000 <<<<<<
08-05 16:35:00.184  5903  5903 D AndroidRuntime: CheckJNI is OFF
08-05 16:35:00.197  2290  4438 I art     : Explicit concurrent mark sweep GC freed 3(96B) AllocSpace objects, 0(0B) LOS objects, 27% free, 41MB/57MB, paused 1.745ms total 64.092ms
08-05 16:35:00.231  5903  5903 D ICU     : No timezone override file found: /data/misc/zoneinfo/current/icu/icu_tzdata.dat
08-05 16:35:00.276  5903  5903 I Radio-JNI: register_android_hardware_Radio DONE
08-05 16:35:00.306  5903  5903 D AndroidRuntime: Calling main entry com.android.commands.input.Input
08-05 16:35:00.307  5903  5903 I Input   : injectKeyEvent: KeyEvent { action=ACTION_DOWN, keyCode=KEYCODE_BACK, scanCode=0, metaState=0, flags=0x0, repeatCount=0, eventTime=808516720, downTime=808516720, deviceId=-1, source=0x101 }
08-05 16:35:00.314  5903  5903 I Input   : injectKeyEvent: KeyEvent { action=ACTION_UP, keyCode=KEYCODE_BACK, scanCode=0, metaState=0, flags=0x0, repeatCount=0, eventTime=808516720, downTime=808516720, deviceId=-1, source=0x101 }
08-05 16:35:00.320  5903  5903 D AndroidRuntime: Shutting down VM
08-05 16:35:00.569  2290  4756 I art     : Starting a blocking GC Explicit
08-05 16:35:00.570 13866 13866 I GoogleInputMethodServic: GoogleInputMethodService.onFinishInput():3138 
08-05 16:35:00.571 13866 13866 I GoogleInputMethodServic: GoogleInputMethodService.onStartInput():1808 
08-05 16:35:00.632  2290  4756 I art     : Explicit concurrent mark sweep GC freed 9757(666KB) AllocSpace objects, 13(260KB) LOS objects, 27% free, 42MB/58MB, paused 1.475ms total 62.240ms
08-05 16:35:00.647  2290  4756 I art     : Starting a blocking GC Explicit
08-05 16:35:00.705  2290  4756 I art     : Explicit concurrent mark sweep GC freed 235(9KB) AllocSpace objects, 0(0B) LOS objects, 27% free, 41MB/57MB, paused 1.665ms total 58.005ms
08-05 16:35:00.722  2290  4756 I art     : Starting a blocking GC Explicit
08-05 16:35:00.788  2290  4756 I art     : Explicit concurrent mark sweep GC freed 3(96B) AllocSpace objects, 0(0B) LOS objects, 27% free, 41MB/57MB, paused 1.910ms total 65.501ms
08-05 16:35:00.805  2290  4756 I art     : Starting a blocking GC Explicit
08-05 16:35:00.873  2290  4756 I art     : Explicit concurrent mark sweep GC freed 3(96B) AllocSpace objects, 0(0B) LOS objects, 27% free, 41MB/57MB, paused 1.436ms total 68.185ms
08-05 16:35:00.890  2290  4756 I art     : Starting a blocking GC Explicit
08-05 16:35:00.953  2290  4756 I art     : Explicit concurrent mark sweep GC freed 410(18KB) AllocSpace objects, 0(0B) LOS objects, 27% free, 41MB/57MB, paused 1.498ms total 62.466ms
08-05 16:35:01.351  2290  4438 I art     : Starting a blocking GC Explicit
08-05 16:35:01.415  2290  4438 I art     : Explicit concurrent mark sweep GC freed 1708(95KB) AllocSpace objects, 1(20KB) LOS objects, 27% free, 42MB/58MB, paused 1.549ms total 63.697ms
08-05 16:35:01.430  2290  4438 I art     : Starting a blocking GC Explicit
08-05 16:35:01.492  2290  4438 I art     : Explicit concurrent mark sweep GC freed 176(8KB) AllocSpace objects, 0(0B) LOS objects, 27% free, 41MB/57MB, paused 1.611ms total 61.944ms
08-05 16:35:01.508  2290  4438 I art     : Starting a blocking GC Explicit
08-05 16:35:01.570  2290  4438 I art     : Explicit concurrent mark sweep GC freed 12(384B) AllocSpace objects, 0(0B) LOS objects, 27% free, 41MB/57MB, paused 1.622ms total 62.295ms
08-05 16:35:01.586  2290  4438 I art     : Starting a blocking GC Explicit
08-05 16:35:01.641  2290  5617 E baseline.com.newsblur.network.APIResponse: Error (unexpected end of stream on https://www.newsblur.com/...) calling https://www.newsblur.com/reader/feed_unread_count?feed_id=0
08-05 16:35:01.641  2290  5617 E baseline.com.newsblur.network.APIResponse: java.io.IOException: unexpected end of stream on https://www.newsblur.com/...
08-05 16:35:01.641  2290  5617 E baseline.com.newsblur.network.APIResponse: 	at okhttp3.internal.http1.Http1ExchangeCodec.readResponseHeaders(Http1ExchangeCodec.java:236)
08-05 16:35:01.641  2290  5617 E baseline.com.newsblur.network.APIResponse: 	at okhttp3.internal.connection.Exchange.readResponseHeaders(Exchange.java:115)
08-05 16:35:01.641  2290  5617 E baseline.com.newsblur.network.APIResponse: 	at okhttp3.internal.http.CallServerInterceptor.intercept(CallServerInterceptor.java:94)
08-05 16:35:01.641  2290  5617 E baseline.com.newsblur.network.APIResponse: 	at okhttp3.internal.http.RealInterceptorChain.proceed(RealInterceptorChain.java:142)
08-05 16:35:01.641  2290  5617 E baseline.com.newsblur.network.APIResponse: 	at okhttp3.internal.connection.ConnectInterceptor.intercept(ConnectInterceptor.java:43)
08-05 16:35:01.641  2290  5617 E baseline.com.newsblur.network.APIResponse: 	at okhttp3.internal.http.RealInterceptorChain.proceed(RealInterceptorChain.java:142)
08-05 16:35:01.641  2290  5617 E baseline.com.newsblur.network.APIResponse: 	at okhttp3.internal.http.RealInterceptorChain.proceed(RealInterceptorChain.java:117)
08-05 16:35:01.641  2290  5617 E baseline.com.newsblur.network.APIResponse: 	at okhttp3.internal.cache.CacheInterceptor.intercept(CacheInterceptor.java:94)
08-05 16:35:01.641  2290  5617 E baseline.com.newsblur.network.APIResponse: 	at okhttp3.internal.http.RealInterceptorChain.proceed(RealInterceptorChain.java:142)
08-05 16:35:01.641  2290  5617 E baseline.com.newsblur.network.APIResponse: 	at okhttp3.internal.http.RealInterceptorChain.proceed(RealInterceptorChain.java:117)
08-05 16:35:01.641  2290  5617 E baseline.com.newsblur.network.APIResponse: 	at okhttp3.internal.http.BridgeInterceptor.intercept(BridgeInterceptor.java:93)
08-05 16:35:01.641  2290  5617 E baseline.com.newsblur.network.APIResponse: 	at okhttp3.internal.http.RealInterceptorChain.proceed(RealInterceptorChain.java:142)
08-05 16:35:01.641  2290  5617 E baseline.com.newsblur.network.APIResponse: 	at okhttp3.internal.http.RetryAndFollowUpInterceptor.intercept(RetryAndFollowUpInterceptor.java:88)
08-05 16:35:01.641  2290  5617 E baseline.com.newsblur.network.APIResponse: 	at okhttp3.internal.http.RealInterceptorChain.proceed(RealInterceptorChain.java:142)
08-05 16:35:01.641  2290  5617 E baseline.com.newsblur.network.APIResponse: 	at okhttp3.internal.http.RealInterceptorChain.proceed(RealInterceptorChain.java:117)
08-05 16:35:01.641  2290  5617 E baseline.com.newsblur.network.APIResponse: 	at okhttp3.RealCall.getResponseWithInterceptorChain(RealCall.java:229)
08-05 16:35:01.641  2290  5617 E baseline.com.newsblur.network.APIResponse: 	at okhttp3.RealCall.execute(RealCall.java:81)
08-05 16:35:01.641  2290  5617 E baseline.com.newsblur.network.APIResponse: 	at baseline.com.newsblur.network.APIResponse.<init>(APIResponse.java:57)
08-05 16:35:01.641  2290  5617 E baseline.com.newsblur.network.APIResponse: 	at baseline.com.newsblur.network.APIManager.get_single(APIManager.java:639)
08-05 16:35:01.641  2290  5617 E baseline.com.newsblur.network.APIResponse: 	at baseline.com.newsblur.network.APIManager.get(APIManager.java:625)
08-05 16:35:01.641  2290  5617 E baseline.com.newsblur.network.APIResponse: 	at baseline.com.newsblur.network.APIManager.get(APIManager.java:667)
08-05 16:35:01.641  2290  5617 E baseline.com.newsblur.network.APIResponse: 	at baseline.com.newsblur.network.APIManager.getFeedUnreadCounts(APIManager.java:274)
08-05 16:35:01.641  2290  5617 E baseline.com.newsblur.network.APIResponse: 	at baseline.com.newsblur.service.NBSyncService.checkRecounts(NBSyncService.java:660)
08-05 16:35:01.641  2290  5617 E baseline.com.newsblur.network.APIResponse: 	at baseline.com.newsblur.service.NBSyncService.doSync(NBSyncService.java:310)
08-05 16:35:01.641  2290  5617 E baseline.com.newsblur.network.APIResponse: 	at baseline.com.newsblur.service.NBSyncService.access$100(NBSyncService.java:67)
08-05 16:35:01.641  2290  5617 E baseline.com.newsblur.network.APIResponse: 	at baseline.com.newsblur.service.NBSyncService$1.run(NBSyncService.java:188)
08-05 16:35:01.641  2290  5617 E baseline.com.newsblur.network.APIResponse: 	at java.util.concurrent.ThreadPoolExecutor.runWorker(ThreadPoolExecutor.java:1113)
08-05 16:35:01.641  2290  5617 E baseline.com.newsblur.network.APIResponse: 	at java.util.concurrent.ThreadPoolExecutor$Worker.run(ThreadPoolExecutor.java:588)
08-05 16:35:01.641  2290  5617 E baseline.com.newsblur.network.APIResponse: 	at java.lang.Thread.run(Thread.java:818)
08-05 16:35:01.641  2290  5617 E baseline.com.newsblur.network.APIResponse: Caused by: java.io.EOFException: \n not found: limit=0 content=
08-05 16:35:01.641  2290  5617 E baseline.com.newsblur.network.APIResponse: 	at okio.RealBufferedSource.readUtf8LineStrict(RealBufferedSource.java:240)
08-05 16:35:01.641  2290  5617 E baseline.com.newsblur.network.APIResponse: 	at okhttp3.internal.http1.Http1ExchangeCodec.readHeaderLine(Http1ExchangeCodec.java:242)
08-05 16:35:01.641  2290  5617 E baseline.com.newsblur.network.APIResponse: 	at okhttp3.internal.http1.Http1ExchangeCodec.readResponseHeaders(Http1ExchangeCodec.java:213)
08-05 16:35:01.641  2290  5617 E baseline.com.newsblur.network.APIResponse: 	... 28 more
08-05 16:35:01.642  2290  5617 I baseline.com.newsblur.network.APIManager: API call failed, pausing before retry number 2
08-05 16:35:01.643  2290  4438 I art     : Explicit concurrent mark sweep GC freed 1882(105KB) AllocSpace objects, 0(0B) LOS objects, 27% free, 42MB/58MB, paused 1.713ms total 56.024ms
08-05 16:35:01.658  2290  4438 I art     : Starting a blocking GC Explicit
08-05 16:35:01.715  2290  4438 I art     : Explicit concurrent mark sweep GC freed 686(170KB) AllocSpace objects, 2(40KB) LOS objects, 27% free, 41MB/57MB, paused 1.478ms total 57.111ms
08-05 16:35:02.092  2290  4756 I art     : Starting a blocking GC Explicit
08-05 16:35:02.144  5944  5944 D AndroidRuntime: >>>>>> START com.android.internal.os.RuntimeInit uid 2000 <<<<<<
08-05 16:35:02.150  5944  5944 D AndroidRuntime: CheckJNI is OFF
08-05 16:35:02.159  2290  4756 I art     : Explicit concurrent mark sweep GC freed 1556(87KB) AllocSpace objects, 1(20KB) LOS objects, 27% free, 41MB/57MB, paused 1.735ms total 66.124ms
08-05 16:35:02.174  2290  4756 I art     : Starting a blocking GC Explicit
08-05 16:35:02.197  5944  5944 D ICU     : No timezone override file found: /data/misc/zoneinfo/current/icu/icu_tzdata.dat
08-05 16:35:02.239  2290  4756 I art     : Explicit concurrent mark sweep GC freed 22(784B) AllocSpace objects, 0(0B) LOS objects, 27% free, 41MB/57MB, paused 1.778ms total 64.464ms
08-05 16:35:02.245  5944  5944 I Radio-JNI: register_android_hardware_Radio DONE
08-05 16:35:02.255  2290  4756 I art     : Starting a blocking GC Explicit
08-05 16:35:02.276  5944  5944 D AndroidRuntime: Calling main entry com.android.commands.am.Am
08-05 16:35:02.286 16924 16924 I Trepn   : Trepn 6.2s: Received intent: com.quicinc.trepn.stop_profiling
08-05 16:35:02.315  2290  4756 I art     : Explicit concurrent mark sweep GC freed 3(96B) AllocSpace objects, 0(0B) LOS objects, 27% free, 41MB/57MB, paused 1.489ms total 60.421ms
08-05 16:35:02.325 16924 16924 I Trepn   : Trepn 6.2s: Trepn has Stopped Profiling.
08-05 16:35:02.330  2290  4756 I art     : Starting a blocking GC Explicit
08-05 16:35:02.393  2290  4756 I art     : Explicit concurrent mark sweep GC freed 3(96B) AllocSpace objects, 0(0B) LOS objects, 27% free, 41MB/57MB, paused 1.710ms total 62.887ms
08-05 16:35:02.409  2290  4756 I art     : Starting a blocking GC Explicit
08-05 16:35:02.448   518   646 I ThermalEngine: ACTION: GPU - Setting GPU[0] to 390000000
08-05 16:35:02.486  2290  4756 I art     : Explicit concurrent mark sweep GC freed 3(96B) AllocSpace objects, 0(0B) LOS objects, 27% free, 41MB/57MB, paused 2.322ms total 76.557ms
08-05 16:35:02.502  5944  5944 D AndroidRuntime: Shutting down VM
08-05 16:35:02.507   918  5132 W AppOps  : Finishing op nesting under-run: uid 10078 pkg com.quicinc.trepn code 24 time=0 duration=0 nesting=0
08-05 16:35:02.907  2290  4438 I art     : Starting a blocking GC Explicit
08-05 16:35:02.984  2290  4438 I art     : Explicit concurrent mark sweep GC freed 1441(82KB) AllocSpace objects, 1(20KB) LOS objects, 27% free, 41MB/57MB, paused 2.345ms total 76.569ms
08-05 16:35:03.007  2290  4438 I art     : Starting a blocking GC Explicit
08-05 16:35:03.081  2290  4438 I art     : Explicit concurrent mark sweep GC freed 22(784B) AllocSpace objects, 0(0B) LOS objects, 27% free, 41MB/57MB, paused 2.453ms total 72.971ms
08-05 16:35:03.103  2290  4438 I art     : Starting a blocking GC Explicit
08-05 16:35:03.177  2290  4438 I art     : Explicit concurrent mark sweep GC freed 3(96B) AllocSpace objects, 0(0B) LOS objects, 27% free, 41MB/57MB, paused 2.295ms total 73.575ms
08-05 16:35:03.200  2290  4438 I art     : Starting a blocking GC Explicit
08-05 16:35:03.274  2290  4438 I art     : Explicit concurrent mark sweep GC freed 3(96B) AllocSpace objects, 0(0B) LOS objects, 27% free, 41MB/57MB, paused 2.294ms total 74.479ms
08-05 16:35:03.297  2290  4438 I art     : Starting a blocking GC Explicit
08-05 16:35:03.371  2290  4438 I art     : Explicit concurrent mark sweep GC freed 3(96B) AllocSpace objects, 0(0B) LOS objects, 27% free, 41MB/57MB, paused 2.390ms total 73.448ms
08-05 16:35:03.683   918  3188 I hubconnection: sensorhub said: 'set_bias 3: -6.2400, 0.0000, 0.0000'
08-05 16:35:04.450   518   646 I ThermalEngine: ACTION: GPU - Setting GPU[0] to 450000000
