--------- beginning of main
08-04 17:20:34.927 28579 28579 D AndroidRuntime: >>>>>> START com.android.internal.os.RuntimeInit uid 2000 <<<<<<
08-04 17:20:34.934 28579 28579 D AndroidRuntime: CheckJNI is OFF
08-04 17:20:34.966 28579 28579 D ICU     : No timezone override file found: /data/misc/zoneinfo/current/icu/icu_tzdata.dat
08-04 17:20:34.998 28579 28579 I Radio-JNI: register_android_hardware_Radio DONE
08-04 17:20:35.017 28579 28579 D AndroidRuntime: Calling main entry com.android.commands.monkey.Monkey
--------- beginning of system
08-04 17:20:35.035   918   931 W BroadcastQueue: Skipping deliver [background] BroadcastRecord{5b759d1 u-1 android.net.conn.CONNECTIVITY_CHANGE} to ReceiverList{59a737 28579 (unknown name)/2000/u-1 remote:c0f605b}: process crashing
08-04 17:20:35.045   918  4400 I ActivityManager: START u0 {act=android.intent.action.MAIN cat=[android.intent.category.LAUNCHER] flg=0x10200000 cmp=baseline.appteam.nith.hillffair/.activities.SplashActivity} from uid 2000 on display 0
08-04 17:20:35.082 28588 28588 I art     : Late-enabling -Xcheck:jni
08-04 17:20:35.084   918  6110 I ActivityManager: Start proc 28588:baseline.appteam.nith.hillffair/u0a651 for activity baseline.appteam.nith.hillffair/.activities.SplashActivity
08-04 17:20:35.099 28579 28579 I art     : System.exit called, status: 0
08-04 17:20:35.099 28579 28579 I AndroidRuntime: VM exiting with result code 0.
08-04 17:20:35.154  6490  8150 I PBSessionCacheImpl: Deleted sessionId[28544918408651598] from persistence.
08-04 17:20:35.161 28588 28588 W System  : ClassLoader referenced unknown path: /data/app/baseline.appteam.nith.hillffair-1/lib/arm64
08-04 17:20:35.163  6490  6520 W SearchServiceCore: Abort, client detached.
08-04 17:20:35.164  6490  6520 I MicroDetectionState: Should stop hotword detection immediately - true
08-04 17:20:35.241 28588 28588 W OneSignal: GCM Library detected, please upgrade to Firebase FCM library as GCM is deprecated!
08-04 17:20:35.348 28588 28588 W art     : Before Android 4.1, method android.graphics.PorterDuffColorFilter androidx.vectordrawable.graphics.drawable.VectorDrawableCompat.updateTintFilter(android.graphics.PorterDuffColorFilter, android.content.res.ColorStateList, android.graphics.PorterDuff$Mode) would have incorrectly overridden the package-private method in android.graphics.drawable.Drawable
08-04 17:20:35.383 28588 28588 I art     : Rejecting re-init on previously-failed class java.lang.Class<androidx.core.view.ViewCompat$2>
08-04 17:20:35.383 28588 28588 I art     : Rejecting re-init on previously-failed class java.lang.Class<androidx.core.view.ViewCompat$2>
08-04 17:20:35.441 28588 28612 D OpenGLRenderer: Use EGL_SWAP_BEHAVIOR_PRESERVED: true
08-04 17:20:35.497 28588 28612 I Adreno  : QUALCOMM build                   : fcf4852, I1af360237c
08-04 17:20:35.497 28588 28612 I Adreno  : Build Date                       : 09/23/15
08-04 17:20:35.497 28588 28612 I Adreno  : OpenGL ES Shader Compiler Version: XE031.05.13.02
08-04 17:20:35.497 28588 28612 I Adreno  : Local Branch                     : mybranch14465806
08-04 17:20:35.497 28588 28612 I Adreno  : Remote Branch                    : quic/LA.BF64.1.2.9_v2
08-04 17:20:35.497 28588 28612 I Adreno  : Remote Branch                    : NONE
08-04 17:20:35.497 28588 28612 I Adreno  : Reconstruct Branch               : NOTHING
08-04 17:20:35.508 28588 28612 I OpenGLRenderer: Initialized EGL, version 1.4
08-04 17:20:35.566 13866 13866 I GoogleInputMethodServic: GoogleInputMethodService.onFinishInput():3138 
08-04 17:20:35.567 13866 13866 I GoogleInputMethodServic: GoogleInputMethodService.onStartInput():1808 
08-04 17:20:35.619 24412 24412 I Atfwd_Sendcmd: AtCmdFwd service not ready - Exhausted retry attempts - :6
08-04 17:20:35.620 24412 24412 I Atfwd_Daemon: result : -1 	 ,Init step :2 	 ,qmiErrorCode: 0
08-04 17:20:35.621   918   936 I ActivityManager: Displayed baseline.appteam.nith.hillffair/.activities.SplashActivity: +566ms
08-04 17:20:35.741 28588 28622 W GCM     : GCM SDK is deprecated, baseline.appteam.nith.hillffair should update to use FCM
08-04 17:20:35.785 24365 23406 W Conscrypt: Could not set socket write timeout: java.net.SocketException: Socket closed
08-04 17:20:35.786 24365 23406 E art     : invalid stream - problem with parameter iterator in /data/app/com.google.android.gms-2/base.apk:classes3.dex for method void com.google.android.gms.org.conscrypt.ConscryptFileDescriptorSocket.setSoWriteTimeout(int)
08-04 17:20:35.786 24365 23406 W Conscrypt: 	at com.google.android.gms.org.conscrypt.Platform.setSocketWriteTimeout(:com.google.android.gms@202614019@20.26.14 (040400-320008519):2)
08-04 17:20:35.786 24365 23406 W Conscrypt: 	at com.google.android.gms.org.conscrypt.ConscryptFileDescriptorSocket.setSoWriteTimeout(:com.google.android.gms@202614019@20.26.14 (040400-320008519))
08-04 17:20:35.802 24365 23406 W Conscrypt: Could not set socket write timeout: java.net.SocketException: Socket closed
08-04 17:20:35.802 24365 23406 E art     : invalid stream - problem with parameter iterator in /data/app/com.google.android.gms-2/base.apk:classes3.dex for method void com.google.android.gms.org.conscrypt.ConscryptFileDescriptorSocket.setSoWriteTimeout(int)
08-04 17:20:35.803 24365 23406 W Conscrypt: 	at com.google.android.gms.org.conscrypt.Platform.setSocketWriteTimeout(:com.google.android.gms@202614019@20.26.14 (040400-320008519):2)
08-04 17:20:35.803 24365 23406 W Conscrypt: 	at com.google.android.gms.org.conscrypt.ConscryptFileDescriptorSocket.setSoWriteTimeout(:com.google.android.gms@202614019@20.26.14 (040400-320008519))
08-04 17:20:35.862 24365 23406 W Conscrypt: Could not set socket write timeout: java.net.SocketException: Socket closed
08-04 17:20:35.862 24365 23406 E art     : invalid stream - problem with parameter iterator in /data/app/com.google.android.gms-2/base.apk:classes3.dex for method void com.google.android.gms.org.conscrypt.ConscryptFileDescriptorSocket.setSoWriteTimeout(int)
08-04 17:20:35.863 24365 23406 W Conscrypt: 	at com.google.android.gms.org.conscrypt.Platform.setSocketWriteTimeout(:com.google.android.gms@202614019@20.26.14 (040400-320008519):2)
08-04 17:20:35.863 24365 23406 W Conscrypt: 	at com.google.android.gms.org.conscrypt.ConscryptFileDescriptorSocket.setSoWriteTimeout(:com.google.android.gms@202614019@20.26.14 (040400-320008519))
08-04 17:20:35.880 24365 23406 W Conscrypt: Could not set socket write timeout: java.net.SocketException: Socket closed
08-04 17:20:35.880 24365 23406 E art     : invalid stream - problem with parameter iterator in /data/app/com.google.android.gms-2/base.apk:classes3.dex for method void com.google.android.gms.org.conscrypt.ConscryptFileDescriptorSocket.setSoWriteTimeout(int)
08-04 17:20:35.881 24365 23406 W Conscrypt: 	at com.google.android.gms.org.conscrypt.Platform.setSocketWriteTimeout(:com.google.android.gms@202614019@20.26.14 (040400-320008519):2)
08-04 17:20:35.881 24365 23406 W Conscrypt: 	at com.google.android.gms.org.conscrypt.ConscryptFileDescriptorSocket.setSoWriteTimeout(:com.google.android.gms@202614019@20.26.14 (040400-320008519))
08-04 17:20:36.062 28588 28622 E OneSignal: Error Getting GCM Token
08-04 17:20:36.062 28588 28622 E OneSignal: java.io.IOException: INVALID_SENDER
08-04 17:20:36.062 28588 28622 E OneSignal: 	at com.google.android.gms.gcm.GoogleCloudMessaging.zzd(Unknown Source)
08-04 17:20:36.062 28588 28622 E OneSignal: 	at com.google.android.gms.gcm.GoogleCloudMessaging.register(Unknown Source)
08-04 17:20:36.062 28588 28622 E OneSignal: 	at com.onesignal.PushRegistratorGCM.getToken(PushRegistratorGCM.java:42)
08-04 17:20:36.062 28588 28622 E OneSignal: 	at com.onesignal.PushRegistratorAbstractGoogle.attemptRegistration(PushRegistratorAbstractGoogle.java:97)
08-04 17:20:36.062 28588 28622 E OneSignal: 	at com.onesignal.PushRegistratorAbstractGoogle.access$100(PushRegistratorAbstractGoogle.java:37)
08-04 17:20:36.062 28588 28622 E OneSignal: 	at com.onesignal.PushRegistratorAbstractGoogle$1.run(PushRegistratorAbstractGoogle.java:84)
08-04 17:20:36.062 28588 28622 E OneSignal: 	at java.lang.Thread.run(Thread.java:818)
08-04 17:20:36.083 28588 28626 I art     : Rejecting re-init on previously-failed class java.lang.Class<com.onesignal.OneSignalChromeTab$OneSignalCustomTabsServiceConnection>
08-04 17:20:36.083 28588 28626 I art     : Rejecting re-init on previously-failed class java.lang.Class<com.onesignal.OneSignalChromeTab$OneSignalCustomTabsServiceConnection>
08-04 17:20:36.731 28637 28637 D AndroidRuntime: >>>>>> START com.android.internal.os.RuntimeInit uid 2000 <<<<<<
08-04 17:20:36.737 28637 28637 D AndroidRuntime: CheckJNI is OFF
08-04 17:20:36.768 28637 28637 D ICU     : No timezone override file found: /data/misc/zoneinfo/current/icu/icu_tzdata.dat
08-04 17:20:36.805 28637 28637 I Radio-JNI: register_android_hardware_Radio DONE
08-04 17:20:36.823 28637 28637 D AndroidRuntime: Calling main entry com.android.commands.am.Am
08-04 17:20:36.835  8245  8245 I Trepn   : Trepn 6.2s: Received intent: com.quicinc.trepn.start_profiling
08-04 17:20:36.921   918   929 I ActivityManager: START u0 {cmp=baseline.appteam.nith.hillffair/.activities.WelcomeActivity} from uid 10651 on display 0
08-04 17:20:36.947   918   928 I ActivityManager: START u0 {cmp=baseline.appteam.nith.hillffair/.activities.HomeActivity} from uid 10651 on display 0
08-04 17:20:36.955   918  6112 W ActivityManager: Duplicate finish request for ActivityRecord{2124aed u0 baseline.appteam.nith.hillffair/.activities.WelcomeActivity t3948 f}
08-04 17:20:36.998  8245  8245 W FileUtils: Failed to chmod(/storage/emulated/0/trepn/Trepn_2020.08.04_172036.db): android.system.ErrnoException: chmod failed: EPERM (Operation not permitted)
08-04 17:20:37.110  8245  8245 I Trepn   : Trepn 6.2s: Trepn has Started Profiling.
08-04 17:20:37.111 28637 28637 D AndroidRuntime: Shutting down VM
08-04 17:20:37.481   918   936 I ActivityManager: Displayed baseline.appteam.nith.hillffair/.activities.HomeActivity: +486ms (total +549ms)
08-04 17:20:37.481 13866 13866 I GoogleInputMethodServic: GoogleInputMethodService.onFinishInput():3138 
08-04 17:20:37.482 13866 13866 I GoogleInputMethodServic: GoogleInputMethodService.onStartInput():1808 
08-04 17:20:37.498 28588 28601 I art     : Starting a blocking GC Explicit
08-04 17:20:37.516 28588 28601 I art     : Explicit concurrent mark sweep GC freed 2160(443KB) AllocSpace objects, 0(0B) LOS objects, 24% free, 48MB/64MB, paused 215us total 18.037ms
08-04 17:20:37.527 28588 28601 I art     : Starting a blocking GC Explicit
08-04 17:20:37.540 28588 28601 I art     : Explicit concurrent mark sweep GC freed 433(22KB) AllocSpace objects, 0(0B) LOS objects, 24% free, 48MB/64MB, paused 165us total 12.060ms
08-04 17:20:37.547 28588 28601 I art     : Starting a blocking GC Explicit
08-04 17:20:37.557 28588 28601 I art     : Explicit concurrent mark sweep GC freed 988(69KB) AllocSpace objects, 0(0B) LOS objects, 25% free, 47MB/63MB, paused 200us total 9.968ms
08-04 17:20:37.563 28588 28601 I art     : Starting a blocking GC Explicit
08-04 17:20:37.573 28588 28601 I art     : Explicit concurrent mark sweep GC freed 3(96B) AllocSpace objects, 0(0B) LOS objects, 25% free, 47MB/63MB, paused 140us total 9.821ms
08-04 17:20:37.579 28588 28601 I art     : Starting a blocking GC Explicit
08-04 17:20:37.589 28588 28601 I art     : Explicit concurrent mark sweep GC freed 3(96B) AllocSpace objects, 0(0B) LOS objects, 25% free, 47MB/63MB, paused 143us total 9.716ms
08-04 17:20:37.729   380   380 W SurfaceFlinger: couldn't log to binary event log: overflow.
08-04 17:20:37.877 28588 28599 I art     : Starting a blocking GC Explicit
08-04 17:20:37.895 28588 28599 I art     : Explicit concurrent mark sweep GC freed 2028(114KB) AllocSpace objects, 1(20KB) LOS objects, 25% free, 47MB/63MB, paused 199us total 17.369ms
08-04 17:20:37.903 28588 28599 I art     : Starting a blocking GC Explicit
08-04 17:20:37.916 28588 28599 I art     : Explicit concurrent mark sweep GC freed 137(6KB) AllocSpace objects, 0(0B) LOS objects, 25% free, 47MB/63MB, paused 162us total 12.732ms
08-04 17:20:37.923 28588 28599 I art     : Starting a blocking GC Explicit
08-04 17:20:37.935 28588 28599 I art     : Explicit concurrent mark sweep GC freed 777(52KB) AllocSpace objects, 0(0B) LOS objects, 25% free, 47MB/63MB, paused 141us total 11.591ms
08-04 17:20:37.941 28588 28599 I art     : Starting a blocking GC Explicit
08-04 17:20:37.952 28588 28599 I art     : Explicit concurrent mark sweep GC freed 3(96B) AllocSpace objects, 0(0B) LOS objects, 25% free, 47MB/63MB, paused 150us total 11.375ms
08-04 17:20:37.958 28588 28599 I art     : Starting a blocking GC Explicit
08-04 17:20:37.970 28588 28599 I art     : Explicit concurrent mark sweep GC freed 3(96B) AllocSpace objects, 0(0B) LOS objects, 25% free, 47MB/63MB, paused 147us total 11.475ms
08-04 17:20:38.263 28588 28676 I art     : Starting a blocking GC Explicit
08-04 17:20:38.277 28588 28676 I art     : Explicit concurrent mark sweep GC freed 1341(78KB) AllocSpace objects, 1(20KB) LOS objects, 25% free, 47MB/63MB, paused 221us total 13.978ms
08-04 17:20:38.284 28588 28676 I art     : Starting a blocking GC Explicit
08-04 17:20:38.297 28588 28676 I art     : Explicit concurrent mark sweep GC freed 20(704B) AllocSpace objects, 0(0B) LOS objects, 25% free, 47MB/63MB, paused 163us total 12.547ms
08-04 17:20:38.303 28588 28676 I art     : Starting a blocking GC Explicit
08-04 17:20:38.315 28588 28676 I art     : Explicit concurrent mark sweep GC freed 3(96B) AllocSpace objects, 0(0B) LOS objects, 25% free, 47MB/63MB, paused 161us total 11.253ms
08-04 17:20:38.321 28588 28676 I art     : Starting a blocking GC Explicit
08-04 17:20:38.332 28588 28676 I art     : Explicit concurrent mark sweep GC freed 3(96B) AllocSpace objects, 0(0B) LOS objects, 25% free, 47MB/63MB, paused 153us total 11.349ms
08-04 17:20:38.338 28588 28676 I art     : Starting a blocking GC Explicit
08-04 17:20:38.350 28588 28676 I art     : Explicit concurrent mark sweep GC freed 3(96B) AllocSpace objects, 0(0B) LOS objects, 25% free, 47MB/63MB, paused 148us total 11.412ms
08-04 17:20:38.672 28588 28601 I art     : Starting a blocking GC Explicit
08-04 17:20:38.688 28588 28601 I art     : Explicit concurrent mark sweep GC freed 1342(78KB) AllocSpace objects, 1(20KB) LOS objects, 25% free, 47MB/63MB, paused 323us total 14.850ms
08-04 17:20:38.697 28588 28601 I art     : Starting a blocking GC Explicit
08-04 17:20:38.712 28588 28601 I art     : Explicit concurrent mark sweep GC freed 20(704B) AllocSpace objects, 0(0B) LOS objects, 25% free, 47MB/63MB, paused 164us total 14.158ms
08-04 17:20:38.718 28588 28601 I art     : Starting a blocking GC Explicit
08-04 17:20:38.730 28588 28601 I art     : Explicit concurrent mark sweep GC freed 3(96B) AllocSpace objects, 0(0B) LOS objects, 25% free, 47MB/63MB, paused 160us total 11.486ms
08-04 17:20:38.736 28588 28601 I art     : Starting a blocking GC Explicit
08-04 17:20:38.748 28588 28601 I art     : Explicit concurrent mark sweep GC freed 3(96B) AllocSpace objects, 0(0B) LOS objects, 25% free, 47MB/63MB, paused 158us total 11.714ms
08-04 17:20:38.754 28588 28601 I art     : Starting a blocking GC Explicit
08-04 17:20:38.766 28588 28601 I art     : Explicit concurrent mark sweep GC freed 3(96B) AllocSpace objects, 0(0B) LOS objects, 25% free, 47MB/63MB, paused 158us total 11.147ms
08-04 17:20:39.060 28588 28599 I art     : Starting a blocking GC Explicit
08-04 17:20:39.077 28588 28599 I art     : Explicit concurrent mark sweep GC freed 1340(78KB) AllocSpace objects, 1(20KB) LOS objects, 25% free, 47MB/63MB, paused 181us total 16.475ms
08-04 17:20:39.086 28588 28599 I art     : Starting a blocking GC Explicit
08-04 17:20:39.098 28588 28599 I art     : Explicit concurrent mark sweep GC freed 20(704B) AllocSpace objects, 0(0B) LOS objects, 25% free, 47MB/63MB, paused 147us total 12.126ms
08-04 17:20:39.104 28588 28599 I art     : Starting a blocking GC Explicit
08-04 17:20:39.116 28588 28599 I art     : Explicit concurrent mark sweep GC freed 3(96B) AllocSpace objects, 0(0B) LOS objects, 25% free, 47MB/63MB, paused 152us total 11.561ms
08-04 17:20:39.123 28588 28599 I art     : Starting a blocking GC Explicit
08-04 17:20:39.134 28588 28599 I art     : Explicit concurrent mark sweep GC freed 3(96B) AllocSpace objects, 0(0B) LOS objects, 25% free, 47MB/63MB, paused 149us total 11.289ms
08-04 17:20:39.140 28588 28599 I art     : Starting a blocking GC Explicit
08-04 17:20:39.152 28588 28599 I art     : Explicit concurrent mark sweep GC freed 3(96B) AllocSpace objects, 0(0B) LOS objects, 25% free, 47MB/63MB, paused 145us total 11.390ms
08-04 17:20:39.468 28588 28676 I art     : Starting a blocking GC Explicit
08-04 17:20:39.489 28588 28676 I art     : Explicit concurrent mark sweep GC freed 1339(78KB) AllocSpace objects, 1(20KB) LOS objects, 25% free, 47MB/63MB, paused 224us total 21.048ms
08-04 17:20:39.500 28588 28676 I art     : Starting a blocking GC Explicit
08-04 17:20:39.515 28588 28676 I art     : Explicit concurrent mark sweep GC freed 20(704B) AllocSpace objects, 0(0B) LOS objects, 25% free, 47MB/63MB, paused 167us total 14.909ms
08-04 17:20:39.524 28588 28676 I art     : Starting a blocking GC Explicit
08-04 17:20:39.536 28588 28676 I art     : Explicit concurrent mark sweep GC freed 3(96B) AllocSpace objects, 0(0B) LOS objects, 25% free, 47MB/63MB, paused 144us total 11.751ms
08-04 17:20:39.543 28588 28676 I art     : Starting a blocking GC Explicit
08-04 17:20:39.554 28588 28676 I art     : Explicit concurrent mark sweep GC freed 3(96B) AllocSpace objects, 0(0B) LOS objects, 25% free, 47MB/63MB, paused 163us total 11.415ms
08-04 17:20:39.560 28588 28676 I art     : Starting a blocking GC Explicit
08-04 17:20:39.572 28588 28676 I art     : Explicit concurrent mark sweep GC freed 3(96B) AllocSpace objects, 0(0B) LOS objects, 25% free, 47MB/63MB, paused 164us total 11.802ms
08-04 17:20:39.885 28588 28601 I art     : Starting a blocking GC Explicit
08-04 17:20:39.901 28588 28601 I art     : Explicit concurrent mark sweep GC freed 1339(78KB) AllocSpace objects, 1(20KB) LOS objects, 25% free, 47MB/63MB, paused 207us total 16.063ms
08-04 17:20:39.914 28588 28601 I art     : Starting a blocking GC Explicit
08-04 17:20:39.926 28588 28601 I art     : Explicit concurrent mark sweep GC freed 20(704B) AllocSpace objects, 0(0B) LOS objects, 25% free, 47MB/63MB, paused 149us total 11.471ms
08-04 17:20:39.932 28588 28601 I art     : Starting a blocking GC Explicit
08-04 17:20:39.943 28588 28601 I art     : Explicit concurrent mark sweep GC freed 3(96B) AllocSpace objects, 0(0B) LOS objects, 25% free, 47MB/63MB, paused 152us total 11.212ms
08-04 17:20:39.950 28588 28601 I art     : Starting a blocking GC Explicit
08-04 17:20:39.962 28588 28601 I art     : Explicit concurrent mark sweep GC freed 3(96B) AllocSpace objects, 0(0B) LOS objects, 25% free, 47MB/63MB, paused 154us total 11.894ms
08-04 17:20:39.968 28588 28601 I art     : Starting a blocking GC Explicit
08-04 17:20:39.979 28588 28601 I art     : Explicit concurrent mark sweep GC freed 3(96B) AllocSpace objects, 0(0B) LOS objects, 25% free, 47MB/63MB, paused 154us total 11.455ms
08-04 17:20:40.283 28588 28599 I art     : Starting a blocking GC Explicit
08-04 17:20:40.297 28588 28599 I art     : Explicit concurrent mark sweep GC freed 1339(78KB) AllocSpace objects, 1(20KB) LOS objects, 25% free, 47MB/63MB, paused 191us total 14.204ms
08-04 17:20:40.304 28588 28599 I art     : Starting a blocking GC Explicit
08-04 17:20:40.316 28588 28599 I art     : Explicit concurrent mark sweep GC freed 20(704B) AllocSpace objects, 0(0B) LOS objects, 25% free, 47MB/63MB, paused 148us total 12.207ms
08-04 17:20:40.323 28588 28599 I art     : Starting a blocking GC Explicit
08-04 17:20:40.335 28588 28599 I art     : Explicit concurrent mark sweep GC freed 3(96B) AllocSpace objects, 0(0B) LOS objects, 25% free, 47MB/63MB, paused 151us total 11.982ms
08-04 17:20:40.341 28588 28599 I art     : Starting a blocking GC Explicit
08-04 17:20:40.353 28588 28599 I art     : Explicit concurrent mark sweep GC freed 3(96B) AllocSpace objects, 0(0B) LOS objects, 25% free, 47MB/63MB, paused 144us total 11.479ms
08-04 17:20:40.359 28588 28599 I art     : Starting a blocking GC Explicit
08-04 17:20:40.371 28588 28599 I art     : Explicit concurrent mark sweep GC freed 3(96B) AllocSpace objects, 0(0B) LOS objects, 25% free, 47MB/63MB, paused 152us total 11.600ms
08-04 17:20:40.673 28588 28676 I art     : Starting a blocking GC Explicit
08-04 17:20:40.691 28588 28676 I art     : Explicit concurrent mark sweep GC freed 1339(78KB) AllocSpace objects, 1(20KB) LOS objects, 25% free, 47MB/63MB, paused 186us total 17.410ms
08-04 17:20:40.701 28588 28676 I art     : Starting a blocking GC Explicit
08-04 17:20:40.716 28588 28676 I art     : Explicit concurrent mark sweep GC freed 20(704B) AllocSpace objects, 0(0B) LOS objects, 25% free, 47MB/63MB, paused 176us total 14.886ms
08-04 17:20:40.727 28588 28676 I art     : Starting a blocking GC Explicit
08-04 17:20:40.739 28588 28676 I art     : Explicit concurrent mark sweep GC freed 3(96B) AllocSpace objects, 0(0B) LOS objects, 25% free, 47MB/63MB, paused 155us total 12.463ms
08-04 17:20:40.746 28588 28676 I art     : Starting a blocking GC Explicit
08-04 17:20:40.758 28588 28676 I art     : Explicit concurrent mark sweep GC freed 3(96B) AllocSpace objects, 0(0B) LOS objects, 25% free, 47MB/63MB, paused 162us total 11.995ms
08-04 17:20:40.764 28588 28676 I art     : Starting a blocking GC Explicit
08-04 17:20:40.776 28588 28676 I art     : Explicit concurrent mark sweep GC freed 3(96B) AllocSpace objects, 0(0B) LOS objects, 25% free, 47MB/63MB, paused 147us total 11.631ms
08-04 17:20:40.837   918 13198 D NetlinkSocketObserver: NeighborEvent{elapsedMs=1708244712, 192.168.2.254, [7C3953A63323], RTM_NEWNEIGH, NUD_REACHABLE}
08-04 17:20:41.066 28588 28601 I art     : Starting a blocking GC Explicit
08-04 17:20:41.078 28588 28601 I art     : Explicit concurrent mark sweep GC freed 1338(78KB) AllocSpace objects, 1(20KB) LOS objects, 25% free, 47MB/63MB, paused 146us total 11.683ms
08-04 17:20:41.084 28588 28601 I art     : Starting a blocking GC Explicit
08-04 17:20:41.095 28588 28601 I art     : Explicit concurrent mark sweep GC freed 200(13KB) AllocSpace objects, 0(0B) LOS objects, 25% free, 47MB/63MB, paused 203us total 10.755ms
08-04 17:20:41.100 28588 28601 I art     : Starting a blocking GC Explicit
08-04 17:20:41.107 12539 12664 E GoogleConversionReporter: Error sending ping
08-04 17:20:41.107 12539 12664 E GoogleConversionReporter: bljc: Exception in CronetUrlRequest: net::ERR_CONNECTION_CLOSED, ErrorCode=5, InternalErrorCode=-100, Retryable=true
08-04 17:20:41.107 12539 12664 E GoogleConversionReporter: 	at org.chromium.net.impl.CronetUrlRequest.onError(PG:55)
08-04 17:20:41.110 28588 28601 I art     : Explicit concurrent mark sweep GC freed 33(2288B) AllocSpace objects, 0(0B) LOS objects, 25% free, 47MB/63MB, paused 160us total 9.750ms
08-04 17:20:41.115 28588 28601 I art     : Starting a blocking GC Explicit
08-04 17:20:41.125 28588 28601 I art     : Explicit concurrent mark sweep GC freed 3(96B) AllocSpace objects, 0(0B) LOS objects, 25% free, 47MB/63MB, paused 166us total 9.635ms
08-04 17:20:41.130 28588 28601 I art     : Starting a blocking GC Explicit
08-04 17:20:41.130 28588 28773 W OneSignal: OneSignalRestClient: POST Error thrown from network stack. 
08-04 17:20:41.130 28588 28773 W OneSignal: java.io.IOException: unexpected end of stream on Connection{api.onesignal.com:443, proxy=HTTP@192.168.2.12:8080 hostAddress=192.168.2.12 cipherSuite=TLS_ECDHE_RSA_WITH_AES_128_GCM_SHA256 protocol=http/1.1} (recycle count=1)
08-04 17:20:41.130 28588 28773 W OneSignal: 	at com.android.okhttp.internal.http.HttpConnection.readResponse(HttpConnection.java:210)
08-04 17:20:41.130 28588 28773 W OneSignal: 	at com.android.okhttp.internal.http.HttpTransport.readResponseHeaders(HttpTransport.java:80)
08-04 17:20:41.130 28588 28773 W OneSignal: 	at com.android.okhttp.internal.http.HttpEngine.readNetworkResponse(HttpEngine.java:904)
08-04 17:20:41.130 28588 28773 W OneSignal: 	at com.android.okhttp.internal.http.HttpEngine.readResponse(HttpEngine.java:788)
08-04 17:20:41.130 28588 28773 W OneSignal: 	at com.android.okhttp.internal.huc.HttpURLConnectionImpl.execute(HttpURLConnectionImpl.java:439)
08-04 17:20:41.130 28588 28773 W OneSignal: 	at com.android.okhttp.internal.huc.HttpURLConnectionImpl.getResponse(HttpURLConnectionImpl.java:384)
08-04 17:20:41.130 28588 28773 W OneSignal: 	at com.android.okhttp.internal.huc.HttpURLConnectionImpl.getResponseCode(HttpURLConnectionImpl.java:497)
08-04 17:20:41.130 28588 28773 W OneSignal: 	at com.android.okhttp.internal.huc.DelegatingHttpsURLConnection.getResponseCode(DelegatingHttpsURLConnection.java:105)
08-04 17:20:41.130 28588 28773 W OneSignal: 	at com.android.okhttp.internal.huc.HttpsURLConnectionImpl.getResponseCode(HttpsURLConnectionImpl.java)
08-04 17:20:41.130 28588 28773 W OneSignal: 	at com.onesignal.OneSignalRestClient.startHTTPConnection(OneSignalRestClient.java:180)
08-04 17:20:41.130 28588 28773 W OneSignal: 	at com.onesignal.OneSignalRestClient.access$100(OneSignalRestClient.java:44)
08-04 17:20:41.130 28588 28773 W OneSignal: 	at com.onesignal.OneSignalRestClient$4.run(OneSignalRestClient.java:110)
08-04 17:20:41.130 28588 28773 W OneSignal: 	at java.lang.Thread.run(Thread.java:818)
08-04 17:20:41.130 28588 28773 W OneSignal: Caused by: java.io.EOFException: \n not found: size=0 content=...
08-04 17:20:41.130 28588 28773 W OneSignal: 	at com.android.okhttp.okio.RealBufferedSource.readUtf8LineStrict(RealBufferedSource.java:200)
08-04 17:20:41.130 28588 28773 W OneSignal: 	at com.android.okhttp.internal.http.HttpConnection.readResponse(HttpConnection.java:191)
08-04 17:20:41.130 28588 28773 W OneSignal: 	... 12 more
08-04 17:20:41.132 28588 28774 W OneSignal: Failed last request. statusCode: -1
08-04 17:20:41.132 28588 28774 W OneSignal: response: null
08-04 17:20:41.141 28588 28601 I art     : Explicit concurrent mark sweep GC freed 153(47KB) AllocSpace objects, 0(0B) LOS objects, 25% free, 47MB/63MB, paused 149us total 10.092ms
08-04 17:20:41.407 28588 28599 I art     : Starting a blocking GC Explicit
08-04 17:20:41.421 28588 28599 I art     : Explicit concurrent mark sweep GC freed 1553(90KB) AllocSpace objects, 1(20KB) LOS objects, 25% free, 47MB/63MB, paused 176us total 14.306ms
08-04 17:20:41.429 28588 28599 I art     : Starting a blocking GC Explicit
08-04 17:20:41.441 28588 28599 I art     : Explicit concurrent mark sweep GC freed 20(704B) AllocSpace objects, 0(0B) LOS objects, 25% free, 47MB/63MB, paused 160us total 12.486ms
08-04 17:20:41.448 28588 28599 I art     : Starting a blocking GC Explicit
08-04 17:20:41.460 28588 28599 I art     : Explicit concurrent mark sweep GC freed 3(96B) AllocSpace objects, 0(0B) LOS objects, 25% free, 47MB/63MB, paused 155us total 11.901ms
08-04 17:20:41.467 28588 28599 I art     : Starting a blocking GC Explicit
08-04 17:20:41.478 28588 28599 I art     : Explicit concurrent mark sweep GC freed 3(96B) AllocSpace objects, 0(0B) LOS objects, 25% free, 47MB/63MB, paused 148us total 11.591ms
08-04 17:20:41.484 28588 28599 I art     : Starting a blocking GC Explicit
08-04 17:20:41.496 28588 28599 I art     : Explicit concurrent mark sweep GC freed 3(96B) AllocSpace objects, 0(0B) LOS objects, 25% free, 47MB/63MB, paused 153us total 11.489ms
08-04 17:20:41.799 28588 28676 I art     : Starting a blocking GC Explicit
08-04 17:20:41.813 28588 28676 I art     : Explicit concurrent mark sweep GC freed 1339(78KB) AllocSpace objects, 1(20KB) LOS objects, 25% free, 47MB/63MB, paused 174us total 13.450ms
08-04 17:20:41.820 28588 28676 I art     : Starting a blocking GC Explicit
08-04 17:20:41.832 28588 28676 I art     : Explicit concurrent mark sweep GC freed 20(704B) AllocSpace objects, 0(0B) LOS objects, 25% free, 47MB/63MB, paused 167us total 11.819ms
08-04 17:20:41.838 28588 28676 I art     : Starting a blocking GC Explicit
08-04 17:20:41.849 28588 28676 I art     : Explicit concurrent mark sweep GC freed 3(96B) AllocSpace objects, 0(0B) LOS objects, 25% free, 47MB/63MB, paused 164us total 11.430ms
08-04 17:20:41.855 28588 28676 I art     : Starting a blocking GC Explicit
08-04 17:20:41.867 28588 28676 I art     : Explicit concurrent mark sweep GC freed 3(96B) AllocSpace objects, 0(0B) LOS objects, 25% free, 47MB/63MB, paused 159us total 11.673ms
08-04 17:20:41.873 28588 28676 I art     : Starting a blocking GC Explicit
08-04 17:20:41.884 28588 28676 I art     : Explicit concurrent mark sweep GC freed 3(96B) AllocSpace objects, 0(0B) LOS objects, 25% free, 47MB/63MB, paused 153us total 10.886ms
08-04 17:20:42.070 28797 28797 D AndroidRuntime: >>>>>> START com.android.internal.os.RuntimeInit uid 2000 <<<<<<
08-04 17:20:42.074 28797 28797 D AndroidRuntime: CheckJNI is OFF
08-04 17:20:42.100 28797 28797 D ICU     : No timezone override file found: /data/misc/zoneinfo/current/icu/icu_tzdata.dat
08-04 17:20:42.124 28797 28797 I Radio-JNI: register_android_hardware_Radio DONE
08-04 17:20:42.140 28797 28797 D AndroidRuntime: Calling main entry com.android.commands.input.Input
08-04 17:20:42.142 28797 28797 I Input   : injectMotionEvent: MotionEvent { action=ACTION_DOWN, actionButton=0, id[0]=0, x[0]=337.0, y[0]=1104.0, toolType[0]=TOOL_TYPE_UNKNOWN, buttonState=0, metaState=0, flags=0x0, edgeFlags=0x0, pointerCount=1, historySize=0, eventTime=724858554, downTime=724858554, deviceId=0, source=0x1002 }
08-04 17:20:42.146 28797 28797 I Input   : injectMotionEvent: MotionEvent { action=ACTION_UP, actionButton=0, id[0]=0, x[0]=337.0, y[0]=1104.0, toolType[0]=TOOL_TYPE_UNKNOWN, buttonState=0, metaState=0, flags=0x0, edgeFlags=0x0, pointerCount=1, historySize=0, eventTime=724858554, downTime=724858554, deviceId=0, source=0x1002 }
08-04 17:20:42.148   918  6110 I ActivityManager: START u0 {cmp=baseline.appteam.nith.hillffair/.activities.BattleDayActivity} from uid 10651 on display 0
08-04 17:20:42.155 28797 28797 D AndroidRuntime: Shutting down VM
08-04 17:20:42.169 28588 28601 I art     : Starting a blocking GC Explicit
08-04 17:20:42.182 28588 28601 I art     : Explicit concurrent mark sweep GC freed 2150(167KB) AllocSpace objects, 1(20KB) LOS objects, 24% free, 48MB/64MB, paused 729us total 13.339ms
08-04 17:20:42.188 28588 28601 I art     : Starting a blocking GC Explicit
08-04 17:20:42.213 28588 28601 I art     : Explicit concurrent mark sweep GC freed 2247(158KB) AllocSpace objects, 0(0B) LOS objects, 24% free, 48MB/64MB, paused 836us total 24.238ms
08-04 17:20:42.219 28588 28601 I art     : Starting a blocking GC Explicit
08-04 17:20:42.235 28588 28601 I art     : Explicit concurrent mark sweep GC freed 4446(243KB) AllocSpace objects, 0(0B) LOS objects, 24% free, 48MB/64MB, paused 296us total 15.568ms
08-04 17:20:42.241 28588 28601 I art     : Starting a blocking GC Explicit
08-04 17:20:42.253 28588 28601 I art     : Explicit concurrent mark sweep GC freed 112(11KB) AllocSpace objects, 0(0B) LOS objects, 24% free, 48MB/64MB, paused 222us total 11.759ms
08-04 17:20:42.259 28588 28601 I art     : Starting a blocking GC Explicit
08-04 17:20:42.268 13866 13866 I GoogleInputMethodServic: GoogleInputMethodService.onFinishInput():3138 
08-04 17:20:42.269 13866 13866 I GoogleInputMethodServic: GoogleInputMethodService.onStartInput():1808 
08-04 17:20:42.270 28588 28601 I art     : Explicit concurrent mark sweep GC freed 43(1472B) AllocSpace objects, 0(0B) LOS objects, 24% free, 48MB/64MB, paused 193us total 11.022ms
08-04 17:20:42.305   918   936 I ActivityManager: Displayed baseline.appteam.nith.hillffair/.activities.BattleDayActivity: +149ms
08-04 17:20:42.501 28588 28601 I art     : Starting a blocking GC Explicit
08-04 17:20:42.513 28588 28601 I art     : Explicit concurrent mark sweep GC freed 1553(93KB) AllocSpace objects, 1(20KB) LOS objects, 24% free, 48MB/64MB, paused 198us total 11.848ms
08-04 17:20:42.520 28588 28601 I art     : Starting a blocking GC Explicit
08-04 17:20:42.531 28588 28601 I art     : Explicit concurrent mark sweep GC freed 34(1168B) AllocSpace objects, 0(0B) LOS objects, 24% free, 48MB/64MB, paused 188us total 11.528ms
08-04 17:20:42.538 28588 28601 I art     : Starting a blocking GC Explicit
08-04 17:20:42.549 28588 28601 I art     : Explicit concurrent mark sweep GC freed 3(96B) AllocSpace objects, 0(0B) LOS objects, 24% free, 48MB/64MB, paused 189us total 11.428ms
08-04 17:20:42.550   380   380 W SurfaceFlinger: couldn't log to binary event log: overflow.
08-04 17:20:42.555 28588 28601 I art     : Starting a blocking GC Explicit
08-04 17:20:42.567 28588 28601 I art     : Explicit concurrent mark sweep GC freed 3(96B) AllocSpace objects, 0(0B) LOS objects, 24% free, 48MB/64MB, paused 188us total 11.394ms
08-04 17:20:42.573 28588 28601 I art     : Starting a blocking GC Explicit
08-04 17:20:42.584 28588 28601 I art     : Explicit concurrent mark sweep GC freed 3(96B) AllocSpace objects, 0(0B) LOS objects, 24% free, 48MB/64MB, paused 175us total 11.343ms
08-04 17:20:42.849 28588 28676 I art     : Starting a blocking GC Explicit
08-04 17:20:42.865 28588 28676 I art     : Explicit concurrent mark sweep GC freed 1491(90KB) AllocSpace objects, 1(20KB) LOS objects, 24% free, 48MB/64MB, paused 208us total 15.093ms
08-04 17:20:42.871 28588 28676 I art     : Starting a blocking GC Explicit
08-04 17:20:42.885 28588 28676 I art     : Explicit concurrent mark sweep GC freed 47(1600B) AllocSpace objects, 0(0B) LOS objects, 24% free, 48MB/64MB, paused 1.061ms total 14.117ms
08-04 17:20:42.892 28588 28676 I art     : Starting a blocking GC Explicit
08-04 17:20:42.904 28588 28676 I art     : Explicit concurrent mark sweep GC freed 11(416B) AllocSpace objects, 0(0B) LOS objects, 24% free, 48MB/64MB, paused 186us total 12.049ms
08-04 17:20:42.910 28588 28676 I art     : Starting a blocking GC Explicit
08-04 17:20:42.922 28588 28676 I art     : Explicit concurrent mark sweep GC freed 10(352B) AllocSpace objects, 0(0B) LOS objects, 24% free, 48MB/64MB, paused 193us total 11.996ms
08-04 17:20:42.929 28588 28676 I art     : Starting a blocking GC Explicit
08-04 17:20:42.940 28588 28676 I art     : Explicit concurrent mark sweep GC freed 8(288B) AllocSpace objects, 0(0B) LOS objects, 24% free, 48MB/64MB, paused 198us total 11.509ms
08-04 17:20:43.035 28588 28820 D OkHttp  : --> GET https://api-hillfair-2k16.herokuapp.com/api/app/events/special http/1.1
08-04 17:20:43.064 28588 28820 D OkHttp  : <-- 200 OK https://api-hillfair-2k16.herokuapp.com/api/app/events/special (29ms, 554-byte body)
08-04 17:20:43.119 28588 28588 I NAPPA_EXPERIMENTATION: MetricNetworkRequestExecutionTime: REQUEST_DURATION_SYSTEM='901',REQUEST_DURATION_OKHTTP='28',REQUEST_SYNCHRONOUS='FALSE',RESPONSE_CODE='200',RESPONSE_METHOD='GET',RESPONSE_LENGTH_OKHTTP='554',RESPONSE_LENGTH_HEADER='554',REQUEST_PROTOCOL='http/1.1',REQUEST_URL='https://api-hillfair-2k16.herokuapp.com/api/app/events/special',
08-04 17:20:43.210 28588 28676 I art     : Starting a blocking GC Explicit
08-04 17:20:43.228 28588 28676 I art     : Explicit concurrent mark sweep GC freed 5795(371KB) AllocSpace objects, 4(220KB) LOS objects, 24% free, 48MB/64MB, paused 465us total 17.649ms
08-04 17:20:43.235 28588 28676 I art     : Starting a blocking GC Explicit
08-04 17:20:43.249 28588 28676 I art     : Explicit concurrent mark sweep GC freed 1201(127KB) AllocSpace objects, 0(0B) LOS objects, 24% free, 48MB/64MB, paused 283us total 13.992ms
08-04 17:20:43.255 28588 28676 I art     : Starting a blocking GC Explicit
08-04 17:20:43.268 28588 28676 I art     : Explicit concurrent mark sweep GC freed 3(96B) AllocSpace objects, 0(0B) LOS objects, 24% free, 48MB/64MB, paused 251us total 12.373ms
08-04 17:20:43.273 28588 28676 I art     : Starting a blocking GC Explicit
08-04 17:20:43.285 28588 28676 I art     : Explicit concurrent mark sweep GC freed 3(96B) AllocSpace objects, 0(0B) LOS objects, 24% free, 48MB/64MB, paused 269us total 12.001ms
08-04 17:20:43.292 28588 28676 I art     : Starting a blocking GC Explicit
08-04 17:20:43.305 28588 28676 I art     : Explicit concurrent mark sweep GC freed 3(96B) AllocSpace objects, 0(0B) LOS objects, 24% free, 48MB/64MB, paused 285us total 13.357ms
08-04 17:20:43.581 28588 28601 I art     : Starting a blocking GC Explicit
08-04 17:20:43.601 28588 28601 I art     : Explicit concurrent mark sweep GC freed 1342(78KB) AllocSpace objects, 1(20KB) LOS objects, 24% free, 48MB/64MB, paused 345us total 19.272ms
08-04 17:20:43.611 28588 28601 I art     : Starting a blocking GC Explicit
08-04 17:20:43.627 28588 28601 I art     : Explicit concurrent mark sweep GC freed 4484(181KB) AllocSpace objects, 0(0B) LOS objects, 24% free, 48MB/64MB, paused 482us total 15.599ms
08-04 17:20:43.634 28588 28601 I art     : Starting a blocking GC Explicit
08-04 17:20:43.647 28588 28601 I art     : Explicit concurrent mark sweep GC freed 3079(117KB) AllocSpace objects, 0(0B) LOS objects, 24% free, 48MB/64MB, paused 272us total 12.549ms
08-04 17:20:43.652 28588 28601 I art     : Starting a blocking GC Explicit
08-04 17:20:43.665 28588 28601 I art     : Explicit concurrent mark sweep GC freed 89(3KB) AllocSpace objects, 0(0B) LOS objects, 24% free, 48MB/64MB, paused 268us total 12.633ms
08-04 17:20:43.671 28588 28601 I art     : Starting a blocking GC Explicit
08-04 17:20:43.685 28588 28601 I art     : Explicit concurrent mark sweep GC freed 3(96B) AllocSpace objects, 0(0B) LOS objects, 24% free, 48MB/64MB, paused 277us total 13.472ms
08-04 17:20:43.943 28588 28601 I art     : Starting a blocking GC Explicit
08-04 17:20:43.960 28588 28601 I art     : Explicit concurrent mark sweep GC freed 2068(272KB) AllocSpace objects, 1(20KB) LOS objects, 23% free, 52MB/68MB, paused 238us total 17.030ms
08-04 17:20:43.967 28588 28601 I art     : Starting a blocking GC Explicit
08-04 17:20:43.982 28588 28601 I art     : Explicit concurrent mark sweep GC freed 111(3KB) AllocSpace objects, 0(0B) LOS objects, 23% free, 52MB/68MB, paused 220us total 14.700ms
08-04 17:20:43.989 28588 28601 I art     : Starting a blocking GC Explicit
08-04 17:20:44.003 28588 28601 I art     : Explicit concurrent mark sweep GC freed 3(96B) AllocSpace objects, 0(0B) LOS objects, 23% free, 52MB/68MB, paused 235us total 14.154ms
08-04 17:20:44.010 28588 28601 I art     : Starting a blocking GC Explicit
08-04 17:20:44.024 28588 28601 I art     : Explicit concurrent mark sweep GC freed 3(96B) AllocSpace objects, 0(0B) LOS objects, 23% free, 52MB/68MB, paused 213us total 13.981ms
08-04 17:20:44.031 28588 28601 I art     : Starting a blocking GC Explicit
08-04 17:20:44.045 28588 28601 I art     : Explicit concurrent mark sweep GC freed 3(96B) AllocSpace objects, 0(0B) LOS objects, 23% free, 52MB/68MB, paused 212us total 14.328ms
08-04 17:20:44.364 28588 28599 I art     : Starting a blocking GC Explicit
08-04 17:20:44.384 28588 28599 I art     : Explicit concurrent mark sweep GC freed 1340(78KB) AllocSpace objects, 1(20KB) LOS objects, 23% free, 52MB/68MB, paused 251us total 20.330ms
08-04 17:20:44.394 28588 28599 I art     : Starting a blocking GC Explicit
08-04 17:20:44.409 28588 28599 I art     : Explicit concurrent mark sweep GC freed 20(704B) AllocSpace objects, 0(0B) LOS objects, 23% free, 52MB/68MB, paused 216us total 14.652ms
08-04 17:20:44.415 28588 28599 I art     : Starting a blocking GC Explicit
08-04 17:20:44.430 28588 28599 I art     : Explicit concurrent mark sweep GC freed 3(96B) AllocSpace objects, 0(0B) LOS objects, 23% free, 52MB/68MB, paused 219us total 14.262ms
08-04 17:20:44.436 28588 28599 I art     : Starting a blocking GC Explicit
08-04 17:20:44.451 28588 28599 I art     : Explicit concurrent mark sweep GC freed 3(96B) AllocSpace objects, 0(0B) LOS objects, 23% free, 52MB/68MB, paused 267us total 14.047ms
08-04 17:20:44.458 28588 28599 I art     : Starting a blocking GC Explicit
08-04 17:20:44.472 28588 28599 I art     : Explicit concurrent mark sweep GC freed 3(96B) AllocSpace objects, 0(0B) LOS objects, 23% free, 52MB/68MB, paused 208us total 14.133ms
08-04 17:20:44.782 28588 28676 I art     : Starting a blocking GC Explicit
08-04 17:20:44.802 28588 28676 I art     : Explicit concurrent mark sweep GC freed 1340(78KB) AllocSpace objects, 1(20KB) LOS objects, 23% free, 52MB/68MB, paused 253us total 19.440ms
08-04 17:20:44.811 28588 28676 I art     : Starting a blocking GC Explicit
08-04 17:20:44.825 28588 28676 I art     : Explicit concurrent mark sweep GC freed 20(704B) AllocSpace objects, 0(0B) LOS objects, 23% free, 52MB/68MB, paused 225us total 14.196ms
08-04 17:20:44.832 28588 28676 I art     : Starting a blocking GC Explicit
08-04 17:20:44.847 28588 28676 I art     : Explicit concurrent mark sweep GC freed 3(96B) AllocSpace objects, 0(0B) LOS objects, 23% free, 52MB/68MB, paused 290us total 14.600ms
08-04 17:20:44.854 28588 28676 I art     : Starting a blocking GC Explicit
08-04 17:20:44.868 28588 28676 I art     : Explicit concurrent mark sweep GC freed 3(96B) AllocSpace objects, 0(0B) LOS objects, 23% free, 52MB/68MB, paused 210us total 13.802ms
08-04 17:20:44.874 28588 28676 I art     : Starting a blocking GC Explicit
08-04 17:20:44.888 28588 28676 I art     : Explicit concurrent mark sweep GC freed 3(96B) AllocSpace objects, 0(0B) LOS objects, 23% free, 52MB/68MB, paused 208us total 13.593ms
08-04 17:20:45.190  6490  6520 I WorkerManager: dispose()
08-04 17:20:45.191  6490  6520 W ThreadPoolDumper: Queue length for executor EventBus is now 11. Perhaps some tasks are too long, or the pool is too small.
08-04 17:20:45.227 28588 28601 I art     : Starting a blocking GC Explicit
08-04 17:20:45.247 28588 28601 I art     : Explicit concurrent mark sweep GC freed 1340(78KB) AllocSpace objects, 1(20KB) LOS objects, 23% free, 52MB/68MB, paused 361us total 20.435ms
08-04 17:20:45.256 28588 28601 I art     : Starting a blocking GC Explicit
08-04 17:20:45.271 28588 28601 I art     : Explicit concurrent mark sweep GC freed 20(704B) AllocSpace objects, 0(0B) LOS objects, 23% free, 52MB/68MB, paused 224us total 14.274ms
08-04 17:20:45.278 28588 28601 I art     : Starting a blocking GC Explicit
08-04 17:20:45.292 28588 28601 I art     : Explicit concurrent mark sweep GC freed 3(96B) AllocSpace objects, 0(0B) LOS objects, 23% free, 52MB/68MB, paused 215us total 14.301ms
08-04 17:20:45.299 28588 28601 I art     : Starting a blocking GC Explicit
08-04 17:20:45.313 28588 28601 I art     : Explicit concurrent mark sweep GC freed 3(96B) AllocSpace objects, 0(0B) LOS objects, 23% free, 52MB/68MB, paused 211us total 14.023ms
08-04 17:20:45.319 28588 28601 I art     : Starting a blocking GC Explicit
08-04 17:20:45.334 28588 28601 I art     : Explicit concurrent mark sweep GC freed 3(96B) AllocSpace objects, 0(0B) LOS objects, 23% free, 52MB/68MB, paused 217us total 13.945ms
08-04 17:20:45.681 28588 28599 I art     : Starting a blocking GC Explicit
08-04 17:20:45.697   918 13198 D NetlinkSocketObserver: NeighborEvent{elapsedMs=1708249572, 192.168.2.254, [7C3953A63323], RTM_NEWNEIGH, NUD_STALE}
08-04 17:20:45.706 28588 28599 I art     : Explicit concurrent mark sweep GC freed 1340(78KB) AllocSpace objects, 1(20KB) LOS objects, 23% free, 52MB/68MB, paused 295us total 24.499ms
08-04 17:20:45.713 28588 28599 I art     : Starting a blocking GC Explicit
08-04 17:20:45.728 28588 28599 I art     : Explicit concurrent mark sweep GC freed 20(704B) AllocSpace objects, 0(0B) LOS objects, 23% free, 52MB/68MB, paused 218us total 14.423ms
08-04 17:20:45.734 28588 28599 I art     : Starting a blocking GC Explicit
08-04 17:20:45.749 28588 28599 I art     : Explicit concurrent mark sweep GC freed 3(96B) AllocSpace objects, 0(0B) LOS objects, 23% free, 52MB/68MB, paused 208us total 14.011ms
08-04 17:20:45.755 28588 28599 I art     : Starting a blocking GC Explicit
08-04 17:20:45.769 28588 28599 I art     : Explicit concurrent mark sweep GC freed 3(96B) AllocSpace objects, 0(0B) LOS objects, 23% free, 52MB/68MB, paused 210us total 13.725ms
08-04 17:20:45.775 28588 28599 I art     : Starting a blocking GC Explicit
08-04 17:20:45.789 28588 28599 I art     : Explicit concurrent mark sweep GC freed 3(96B) AllocSpace objects, 0(0B) LOS objects, 23% free, 52MB/68MB, paused 205us total 13.590ms
08-04 17:20:46.116 28588 28676 I art     : Starting a blocking GC Explicit
08-04 17:20:46.139 28588 28676 I art     : Explicit concurrent mark sweep GC freed 1340(78KB) AllocSpace objects, 1(20KB) LOS objects, 23% free, 52MB/68MB, paused 256us total 22.537ms
08-04 17:20:46.153 28588 28676 I art     : Starting a blocking GC Explicit
08-04 17:20:46.167 28588 28676 I art     : Explicit concurrent mark sweep GC freed 20(704B) AllocSpace objects, 0(0B) LOS objects, 23% free, 52MB/68MB, paused 230us total 13.593ms
08-04 17:20:46.173 28588 28676 I art     : Starting a blocking GC Explicit
08-04 17:20:46.187 28588 28676 I art     : Explicit concurrent mark sweep GC freed 3(96B) AllocSpace objects, 0(0B) LOS objects, 23% free, 52MB/68MB, paused 237us total 13.588ms
08-04 17:20:46.193 28588 28676 I art     : Starting a blocking GC Explicit
08-04 17:20:46.207 28588 28676 I art     : Explicit concurrent mark sweep GC freed 3(96B) AllocSpace objects, 0(0B) LOS objects, 23% free, 52MB/68MB, paused 243us total 13.670ms
08-04 17:20:46.213 28588 28676 I art     : Starting a blocking GC Explicit
08-04 17:20:46.227 28588 28676 I art     : Explicit concurrent mark sweep GC freed 3(96B) AllocSpace objects, 0(0B) LOS objects, 23% free, 52MB/68MB, paused 208us total 13.659ms
08-04 17:20:46.541 28588 28601 I art     : Starting a blocking GC Explicit
08-04 17:20:46.560 28588 28601 I art     : Explicit concurrent mark sweep GC freed 1340(78KB) AllocSpace objects, 1(20KB) LOS objects, 23% free, 52MB/68MB, paused 255us total 18.938ms
08-04 17:20:46.570 28588 28601 I art     : Starting a blocking GC Explicit
08-04 17:20:46.584 28588 28601 I art     : Explicit concurrent mark sweep GC freed 20(704B) AllocSpace objects, 0(0B) LOS objects, 23% free, 52MB/68MB, paused 218us total 14.057ms
08-04 17:20:46.591 28588 28601 I art     : Starting a blocking GC Explicit
08-04 17:20:46.605 28588 28601 I art     : Explicit concurrent mark sweep GC freed 3(96B) AllocSpace objects, 0(0B) LOS objects, 23% free, 52MB/68MB, paused 206us total 13.948ms
08-04 17:20:46.611 28588 28601 I art     : Starting a blocking GC Explicit
08-04 17:20:46.626 28588 28601 I art     : Explicit concurrent mark sweep GC freed 3(96B) AllocSpace objects, 0(0B) LOS objects, 23% free, 52MB/68MB, paused 209us total 14.283ms
08-04 17:20:46.632 28588 28601 I art     : Starting a blocking GC Explicit
08-04 17:20:46.646 28588 28601 I art     : Explicit concurrent mark sweep GC freed 3(96B) AllocSpace objects, 0(0B) LOS objects, 23% free, 52MB/68MB, paused 261us total 13.635ms
08-04 17:20:46.953 28588 28599 I art     : Starting a blocking GC Explicit
08-04 17:20:46.974 28588 28599 I art     : Explicit concurrent mark sweep GC freed 1340(78KB) AllocSpace objects, 1(20KB) LOS objects, 23% free, 52MB/68MB, paused 247us total 20.357ms
08-04 17:20:46.985 28588 28599 I art     : Starting a blocking GC Explicit
08-04 17:20:47.003 28588 28599 I art     : Explicit concurrent mark sweep GC freed 20(704B) AllocSpace objects, 0(0B) LOS objects, 23% free, 52MB/68MB, paused 230us total 17.886ms
08-04 17:20:47.011 28588 28599 I art     : Starting a blocking GC Explicit
08-04 17:20:47.026 28588 28599 I art     : Explicit concurrent mark sweep GC freed 3(96B) AllocSpace objects, 0(0B) LOS objects, 23% free, 52MB/68MB, paused 218us total 14.334ms
08-04 17:20:47.033 28588 28599 I art     : Starting a blocking GC Explicit
08-04 17:20:47.047 28588 28599 I art     : Explicit concurrent mark sweep GC freed 3(96B) AllocSpace objects, 0(0B) LOS objects, 23% free, 52MB/68MB, paused 225us total 14.204ms
08-04 17:20:47.053 28588 28599 I art     : Starting a blocking GC Explicit
08-04 17:20:47.068 28588 28599 I art     : Explicit concurrent mark sweep GC freed 3(96B) AllocSpace objects, 0(0B) LOS objects, 23% free, 52MB/68MB, paused 209us total 13.969ms
08-04 17:20:47.363 28588 28676 I art     : Starting a blocking GC Explicit
08-04 17:20:47.381 28588 28676 I art     : Explicit concurrent mark sweep GC freed 1340(78KB) AllocSpace objects, 1(20KB) LOS objects, 23% free, 52MB/68MB, paused 253us total 17.024ms
08-04 17:20:47.391 28588 28676 I art     : Starting a blocking GC Explicit
08-04 17:20:47.406 28588 28676 I art     : Explicit concurrent mark sweep GC freed 20(704B) AllocSpace objects, 0(0B) LOS objects, 23% free, 52MB/68MB, paused 214us total 15.027ms
08-04 17:20:47.413 28588 28676 I art     : Starting a blocking GC Explicit
08-04 17:20:47.427 28588 28676 I art     : Explicit concurrent mark sweep GC freed 3(96B) AllocSpace objects, 0(0B) LOS objects, 23% free, 52MB/68MB, paused 227us total 14.299ms
08-04 17:20:47.434 28588 28676 I art     : Starting a blocking GC Explicit
08-04 17:20:47.448 28588 28676 I art     : Explicit concurrent mark sweep GC freed 3(96B) AllocSpace objects, 0(0B) LOS objects, 23% free, 52MB/68MB, paused 435us total 14.146ms
08-04 17:20:47.454 28588 28676 I art     : Starting a blocking GC Explicit
08-04 17:20:47.468 28588 28676 I art     : Explicit concurrent mark sweep GC freed 3(96B) AllocSpace objects, 0(0B) LOS objects, 23% free, 52MB/68MB, paused 211us total 13.797ms
08-04 17:20:47.762 28588 28601 I art     : Starting a blocking GC Explicit
08-04 17:20:47.783 28588 28601 I art     : Explicit concurrent mark sweep GC freed 1340(78KB) AllocSpace objects, 1(20KB) LOS objects, 23% free, 52MB/68MB, paused 259us total 19.980ms
08-04 17:20:47.792 28588 28601 I art     : Starting a blocking GC Explicit
08-04 17:20:47.807 28588 28601 I art     : Explicit concurrent mark sweep GC freed 20(704B) AllocSpace objects, 0(0B) LOS objects, 23% free, 52MB/68MB, paused 244us total 14.709ms
08-04 17:20:47.814 28588 28601 I art     : Starting a blocking GC Explicit
08-04 17:20:47.828 28588 28601 I art     : Explicit concurrent mark sweep GC freed 3(96B) AllocSpace objects, 0(0B) LOS objects, 23% free, 52MB/68MB, paused 211us total 14.284ms
08-04 17:20:47.835 28588 28601 I art     : Starting a blocking GC Explicit
08-04 17:20:47.849 28588 28601 I art     : Explicit concurrent mark sweep GC freed 3(96B) AllocSpace objects, 0(0B) LOS objects, 23% free, 52MB/68MB, paused 234us total 14.013ms
08-04 17:20:47.856 28588 28601 I art     : Starting a blocking GC Explicit
08-04 17:20:47.870 28588 28601 I art     : Explicit concurrent mark sweep GC freed 3(96B) AllocSpace objects, 0(0B) LOS objects, 23% free, 52MB/68MB, paused 214us total 14.531ms
08-04 17:20:48.183 28588 28599 I art     : Starting a blocking GC Explicit
08-04 17:20:48.204 28588 28599 I art     : Explicit concurrent mark sweep GC freed 1340(78KB) AllocSpace objects, 1(20KB) LOS objects, 23% free, 52MB/68MB, paused 308us total 20.921ms
08-04 17:20:48.215 28588 28599 I art     : Starting a blocking GC Explicit
08-04 17:20:48.230 28588 28599 I art     : Explicit concurrent mark sweep GC freed 20(704B) AllocSpace objects, 0(0B) LOS objects, 23% free, 52MB/68MB, paused 212us total 14.734ms
08-04 17:20:48.237 28588 28599 I art     : Starting a blocking GC Explicit
08-04 17:20:48.250 28588 28599 I art     : Explicit concurrent mark sweep GC freed 3(96B) AllocSpace objects, 0(0B) LOS objects, 23% free, 52MB/68MB, paused 199us total 13.536ms
08-04 17:20:48.257 28588 28599 I art     : Starting a blocking GC Explicit
08-04 17:20:48.271 28588 28599 I art     : Explicit concurrent mark sweep GC freed 3(96B) AllocSpace objects, 0(0B) LOS objects, 23% free, 52MB/68MB, paused 209us total 13.814ms
08-04 17:20:48.277 28588 28599 I art     : Starting a blocking GC Explicit
08-04 17:20:48.291 28588 28599 I art     : Explicit concurrent mark sweep GC freed 3(96B) AllocSpace objects, 0(0B) LOS objects, 23% free, 52MB/68MB, paused 207us total 13.793ms
08-04 17:20:48.607 28588 28676 I art     : Starting a blocking GC Explicit
08-04 17:20:48.625 28588 28676 I art     : Explicit concurrent mark sweep GC freed 1340(78KB) AllocSpace objects, 1(20KB) LOS objects, 23% free, 52MB/68MB, paused 254us total 18.074ms
08-04 17:20:48.635 28588 28676 I art     : Starting a blocking GC Explicit
08-04 17:20:48.649 28588 28676 I art     : Explicit concurrent mark sweep GC freed 20(704B) AllocSpace objects, 0(0B) LOS objects, 23% free, 52MB/68MB, paused 227us total 13.965ms
08-04 17:20:48.656 28588 28676 I art     : Starting a blocking GC Explicit
08-04 17:20:48.670 28588 28676 I art     : Explicit concurrent mark sweep GC freed 3(96B) AllocSpace objects, 0(0B) LOS objects, 23% free, 52MB/68MB, paused 216us total 14.077ms
08-04 17:20:48.677 28588 28676 I art     : Starting a blocking GC Explicit
08-04 17:20:48.691 28588 28676 I art     : Explicit concurrent mark sweep GC freed 3(96B) AllocSpace objects, 0(0B) LOS objects, 23% free, 52MB/68MB, paused 208us total 13.643ms
08-04 17:20:48.697 28588 28676 I art     : Starting a blocking GC Explicit
08-04 17:20:48.711 28588 28676 I art     : Explicit concurrent mark sweep GC freed 3(96B) AllocSpace objects, 0(0B) LOS objects, 23% free, 52MB/68MB, paused 204us total 13.574ms
08-04 17:20:48.982 28588 28601 I art     : Starting a blocking GC Explicit
08-04 17:20:48.997 28588 28601 I art     : Explicit concurrent mark sweep GC freed 1340(78KB) AllocSpace objects, 1(20KB) LOS objects, 23% free, 52MB/68MB, paused 263us total 14.857ms
08-04 17:20:49.004 28588 28601 I art     : Starting a blocking GC Explicit
08-04 17:20:49.018 28588 28601 I art     : Explicit concurrent mark sweep GC freed 20(704B) AllocSpace objects, 0(0B) LOS objects, 23% free, 52MB/68MB, paused 209us total 14.311ms
08-04 17:20:49.025 28588 28601 I art     : Starting a blocking GC Explicit
08-04 17:20:49.039 28588 28601 I art     : Explicit concurrent mark sweep GC freed 3(96B) AllocSpace objects, 0(0B) LOS objects, 23% free, 52MB/68MB, paused 203us total 13.681ms
08-04 17:20:49.045 28588 28601 I art     : Starting a blocking GC Explicit
08-04 17:20:49.059 28588 28601 I art     : Explicit concurrent mark sweep GC freed 3(96B) AllocSpace objects, 0(0B) LOS objects, 23% free, 52MB/68MB, paused 210us total 13.800ms
08-04 17:20:49.066 28588 28601 I art     : Starting a blocking GC Explicit
08-04 17:20:49.080 28588 28601 I art     : Explicit concurrent mark sweep GC freed 3(96B) AllocSpace objects, 0(0B) LOS objects, 23% free, 52MB/68MB, paused 207us total 13.696ms
08-04 17:20:49.383 28588 28599 I art     : Starting a blocking GC Explicit
08-04 17:20:49.403 28588 28599 I art     : Explicit concurrent mark sweep GC freed 1340(78KB) AllocSpace objects, 1(20KB) LOS objects, 23% free, 52MB/68MB, paused 243us total 19.823ms
08-04 17:20:49.413 28588 28599 I art     : Starting a blocking GC Explicit
08-04 17:20:49.428 28588 28599 I art     : Explicit concurrent mark sweep GC freed 20(704B) AllocSpace objects, 0(0B) LOS objects, 23% free, 52MB/68MB, paused 218us total 14.457ms
08-04 17:20:49.434 28588 28599 I art     : Starting a blocking GC Explicit
08-04 17:20:49.449 28588 28599 I art     : Explicit concurrent mark sweep GC freed 3(96B) AllocSpace objects, 0(0B) LOS objects, 23% free, 52MB/68MB, paused 198us total 14.397ms
08-04 17:20:49.455 28588 28599 I art     : Starting a blocking GC Explicit
08-04 17:20:49.469 28588 28599 I art     : Explicit concurrent mark sweep GC freed 3(96B) AllocSpace objects, 0(0B) LOS objects, 23% free, 52MB/68MB, paused 216us total 14.068ms
08-04 17:20:49.476 28588 28599 I art     : Starting a blocking GC Explicit
08-04 17:20:49.490 28588 28599 I art     : Explicit concurrent mark sweep GC freed 3(96B) AllocSpace objects, 0(0B) LOS objects, 23% free, 52MB/68MB, paused 217us total 14.107ms
08-04 17:20:49.801 28588 28676 I art     : Starting a blocking GC Explicit
08-04 17:20:49.822 28588 28676 I art     : Explicit concurrent mark sweep GC freed 1340(78KB) AllocSpace objects, 1(20KB) LOS objects, 23% free, 52MB/68MB, paused 252us total 20.600ms
08-04 17:20:49.832 28588 28676 I art     : Starting a blocking GC Explicit
08-04 17:20:49.850 28588 28676 I art     : Explicit concurrent mark sweep GC freed 20(704B) AllocSpace objects, 0(0B) LOS objects, 23% free, 52MB/68MB, paused 217us total 17.506ms
08-04 17:20:49.856 28588 28676 I art     : Starting a blocking GC Explicit
08-04 17:20:49.871 28588 28676 I art     : Explicit concurrent mark sweep GC freed 3(96B) AllocSpace objects, 0(0B) LOS objects, 23% free, 52MB/68MB, paused 216us total 14.362ms
08-04 17:20:49.878 28588 28676 I art     : Starting a blocking GC Explicit
08-04 17:20:49.892 28588 28676 I art     : Explicit concurrent mark sweep GC freed 3(96B) AllocSpace objects, 0(0B) LOS objects, 23% free, 52MB/68MB, paused 245us total 14.413ms
08-04 17:20:49.899 28588 28676 I art     : Starting a blocking GC Explicit
08-04 17:20:49.912 28588 28676 I art     : Explicit concurrent mark sweep GC freed 3(96B) AllocSpace objects, 0(0B) LOS objects, 23% free, 52MB/68MB, paused 200us total 13.580ms
08-04 17:20:50.204 28588 28601 I art     : Starting a blocking GC Explicit
08-04 17:20:50.225 28588 28601 I art     : Explicit concurrent mark sweep GC freed 1340(78KB) AllocSpace objects, 1(20KB) LOS objects, 23% free, 52MB/68MB, paused 348us total 20.258ms
08-04 17:20:50.235 28588 28601 I art     : Starting a blocking GC Explicit
08-04 17:20:50.250 28588 28601 I art     : Explicit concurrent mark sweep GC freed 20(704B) AllocSpace objects, 0(0B) LOS objects, 23% free, 52MB/68MB, paused 213us total 14.173ms
08-04 17:20:50.257 28588 28601 I art     : Starting a blocking GC Explicit
08-04 17:20:50.271 28588 28601 I art     : Explicit concurrent mark sweep GC freed 3(96B) AllocSpace objects, 0(0B) LOS objects, 23% free, 52MB/68MB, paused 223us total 13.638ms
08-04 17:20:50.277 28588 28601 I art     : Starting a blocking GC Explicit
08-04 17:20:50.291 28588 28601 I art     : Explicit concurrent mark sweep GC freed 3(96B) AllocSpace objects, 0(0B) LOS objects, 23% free, 52MB/68MB, paused 212us total 13.504ms
08-04 17:20:50.297 28588 28601 I art     : Starting a blocking GC Explicit
08-04 17:20:50.311 28588 28601 I art     : Explicit concurrent mark sweep GC freed 3(96B) AllocSpace objects, 0(0B) LOS objects, 23% free, 52MB/68MB, paused 214us total 13.770ms
08-04 17:20:50.561 28588 28599 I art     : Starting a blocking GC Explicit
08-04 17:20:50.575 28588 28599 I art     : Explicit concurrent mark sweep GC freed 1340(78KB) AllocSpace objects, 1(20KB) LOS objects, 23% free, 52MB/68MB, paused 227us total 14.079ms
08-04 17:20:50.582 28588 28599 I art     : Starting a blocking GC Explicit
08-04 17:20:50.596 28588 28599 I art     : Explicit concurrent mark sweep GC freed 20(704B) AllocSpace objects, 0(0B) LOS objects, 23% free, 52MB/68MB, paused 213us total 13.551ms
08-04 17:20:50.602 28588 28599 I art     : Starting a blocking GC Explicit
08-04 17:20:50.615 28588 28599 I art     : Explicit concurrent mark sweep GC freed 3(96B) AllocSpace objects, 0(0B) LOS objects, 23% free, 52MB/68MB, paused 224us total 13.279ms
08-04 17:20:50.620 24412 24412 I ServiceManager: Waiting for service AtCmdFwd...
08-04 17:20:50.621 28588 28599 I art     : Starting a blocking GC Explicit
08-04 17:20:50.634 28588 28599 I art     : Explicit concurrent mark sweep GC freed 3(96B) AllocSpace objects, 0(0B) LOS objects, 23% free, 52MB/68MB, paused 235us total 12.960ms
08-04 17:20:50.641 28588 28599 I art     : Starting a blocking GC Explicit
08-04 17:20:50.653 28588 28599 I art     : Explicit concurrent mark sweep GC freed 3(96B) AllocSpace objects, 0(0B) LOS objects, 23% free, 52MB/68MB, paused 208us total 12.444ms
08-04 17:20:50.738 29031 29031 D AndroidRuntime: >>>>>> START com.android.internal.os.RuntimeInit uid 2000 <<<<<<
08-04 17:20:50.743 29031 29031 D AndroidRuntime: CheckJNI is OFF
08-04 17:20:50.776 29031 29031 D ICU     : No timezone override file found: /data/misc/zoneinfo/current/icu/icu_tzdata.dat
08-04 17:20:50.808 29031 29031 I Radio-JNI: register_android_hardware_Radio DONE
08-04 17:20:50.824 29031 29031 D AndroidRuntime: Calling main entry com.android.commands.input.Input
08-04 17:20:50.826 29031 29031 I Input   : injectMotionEvent: MotionEvent { action=ACTION_DOWN, actionButton=0, id[0]=0, x[0]=733.0, y[0]=645.0, toolType[0]=TOOL_TYPE_UNKNOWN, buttonState=0, metaState=0, flags=0x0, edgeFlags=0x0, pointerCount=1, historySize=0, eventTime=724867238, downTime=724867238, deviceId=0, source=0x1002 }
08-04 17:20:50.832 29031 29031 I Input   : injectMotionEvent: MotionEvent { action=ACTION_UP, actionButton=0, id[0]=0, x[0]=733.0, y[0]=645.0, toolType[0]=TOOL_TYPE_UNKNOWN, buttonState=0, metaState=0, flags=0x0, edgeFlags=0x0, pointerCount=1, historySize=0, eventTime=724867238, downTime=724867238, deviceId=0, source=0x1002 }
08-04 17:20:50.834   918  3670 I ActivityManager: START u0 {cmp=baseline.appteam.nith.hillffair/.activities.ClubActivity (has extras)} from uid 10651 on display 0
08-04 17:20:50.840 29031 29031 D AndroidRuntime: Shutting down VM
08-04 17:20:50.914 28588 28676 I art     : Starting a blocking GC Explicit
08-04 17:20:50.930 28588 28676 I art     : Explicit concurrent mark sweep GC freed 5164(321KB) AllocSpace objects, 1(20KB) LOS objects, 23% free, 52MB/68MB, paused 337us total 16.229ms
08-04 17:20:50.933   918   936 I ActivityManager: Displayed baseline.appteam.nith.hillffair/.activities.ClubActivity: +92ms
08-04 17:20:50.933 13866 13866 I GoogleInputMethodServic: GoogleInputMethodService.onFinishInput():3138 
08-04 17:20:50.934 13866 13866 I GoogleInputMethodServic: GoogleInputMethodService.onStartInput():1808 
08-04 17:20:50.937 28588 28676 I art     : Starting a blocking GC Explicit
08-04 17:20:50.954 28588 28676 I art     : Explicit concurrent mark sweep GC freed 235(10KB) AllocSpace objects, 0(0B) LOS objects, 23% free, 52MB/68MB, paused 274us total 17.154ms
08-04 17:20:50.962 28588 28676 I art     : Starting a blocking GC Explicit
08-04 17:20:50.976 28588 28676 I art     : Explicit concurrent mark sweep GC freed 14(544B) AllocSpace objects, 0(0B) LOS objects, 23% free, 52MB/68MB, paused 301us total 13.771ms
08-04 17:20:50.982 28588 28676 I art     : Starting a blocking GC Explicit
08-04 17:20:50.995 28588 28676 I art     : Explicit concurrent mark sweep GC freed 16(880B) AllocSpace objects, 0(0B) LOS objects, 23% free, 52MB/68MB, paused 264us total 12.959ms
08-04 17:20:51.001 28588 28676 I art     : Starting a blocking GC Explicit
08-04 17:20:51.015 28588 28676 I art     : Explicit concurrent mark sweep GC freed 65(4KB) AllocSpace objects, 0(0B) LOS objects, 23% free, 52MB/68MB, paused 234us total 12.889ms
08-04 17:20:51.193   380   380 W SurfaceFlinger: couldn't log to binary event log: overflow.
08-04 17:20:51.261 28588 28676 I art     : Starting a blocking GC Explicit
08-04 17:20:51.275 28588 28676 I art     : Explicit concurrent mark sweep GC freed 1345(78KB) AllocSpace objects, 1(20KB) LOS objects, 23% free, 52MB/68MB, paused 305us total 14.199ms
08-04 17:20:51.282 28588 28676 I art     : Starting a blocking GC Explicit
08-04 17:20:51.297 28588 28676 I art     : Explicit concurrent mark sweep GC freed 20(704B) AllocSpace objects, 0(0B) LOS objects, 23% free, 52MB/68MB, paused 254us total 14.613ms
08-04 17:20:51.304 28588 28676 I art     : Starting a blocking GC Explicit
08-04 17:20:51.319 28588 28676 I art     : Explicit concurrent mark sweep GC freed 91(5KB) AllocSpace objects, 0(0B) LOS objects, 23% free, 52MB/68MB, paused 286us total 14.692ms
08-04 17:20:51.326 28588 28676 I art     : Starting a blocking GC Explicit
08-04 17:20:51.342 28588 28676 I art     : Explicit concurrent mark sweep GC freed 29(2304B) AllocSpace objects, 0(0B) LOS objects, 23% free, 52MB/68MB, paused 252us total 16.145ms
08-04 17:20:51.349 28588 28676 I art     : Starting a blocking GC Explicit
08-04 17:20:51.363 28588 28676 I art     : Explicit concurrent mark sweep GC freed 10(400B) AllocSpace objects, 0(0B) LOS objects, 23% free, 52MB/68MB, paused 230us total 13.533ms
08-04 17:20:51.620 24412 24412 I ServiceManager: Waiting for service AtCmdFwd...
08-04 17:20:51.646 28588 28599 I art     : Starting a blocking GC Explicit
08-04 17:20:51.664 28588 28599 I art     : Explicit concurrent mark sweep GC freed 1401(80KB) AllocSpace objects, 1(20KB) LOS objects, 23% free, 52MB/68MB, paused 287us total 17.857ms
08-04 17:20:51.671 28588 28599 I art     : Starting a blocking GC Explicit
08-04 17:20:51.687 28588 28599 I art     : Explicit concurrent mark sweep GC freed 59(1984B) AllocSpace objects, 0(0B) LOS objects, 23% free, 52MB/68MB, paused 343us total 15.537ms
08-04 17:20:51.693 28588 28599 I art     : Starting a blocking GC Explicit
08-04 17:20:51.708 28588 28599 I art     : Explicit concurrent mark sweep GC freed 550(50KB) AllocSpace objects, 0(0B) LOS objects, 23% free, 52MB/68MB, paused 278us total 14.230ms
08-04 17:20:51.714 28588 28599 I art     : Starting a blocking GC Explicit
08-04 17:20:51.729 28588 28599 I art     : Explicit concurrent mark sweep GC freed 579(25KB) AllocSpace objects, 2(120KB) LOS objects, 23% free, 53MB/69MB, paused 390us total 14.507ms
08-04 17:20:51.735 28588 28599 I art     : Starting a blocking GC Explicit
08-04 17:20:51.742 28588 29064 D OkHttp  : --> GET https://api-hillfair-2k16.herokuapp.com/api/app/events/special/event?id=5806551bdcba0f490c70fd1f http/1.1
08-04 17:20:51.748 28588 28599 I art     : Explicit concurrent mark sweep GC freed 2306(161KB) AllocSpace objects, 1(80KB) LOS objects, 23% free, 52MB/68MB, paused 266us total 13.300ms
08-04 17:20:51.772 28588 29064 D OkHttp  : <-- 200 OK https://api-hillfair-2k16.herokuapp.com/api/app/events/special/event?id=5806551bdcba0f490c70fd1f (29ms, 795-byte body)
08-04 17:20:51.830 28588 28588 I NAPPA_EXPERIMENTATION: MetricNetworkRequestExecutionTime: REQUEST_DURATION_SYSTEM='958',REQUEST_DURATION_OKHTTP='29',REQUEST_SYNCHRONOUS='FALSE',RESPONSE_CODE='200',RESPONSE_METHOD='GET',RESPONSE_LENGTH_OKHTTP='795',RESPONSE_LENGTH_HEADER='795',REQUEST_PROTOCOL='http/1.1',REQUEST_URL='https://api-hillfair-2k16.herokuapp.com/api/app/events/special/event?id=5806551bdcba0f490c70fd1f',
08-04 17:20:52.003 28588 28676 I art     : Starting a blocking GC Explicit
08-04 17:20:52.021 28588 28676 I art     : Explicit concurrent mark sweep GC freed 2311(218KB) AllocSpace objects, 1(20KB) LOS objects, 23% free, 52MB/68MB, paused 246us total 18.057ms
08-04 17:20:52.028 28588 28676 I art     : Starting a blocking GC Explicit
08-04 17:20:52.043 28588 28676 I art     : Explicit concurrent mark sweep GC freed 100(3KB) AllocSpace objects, 0(0B) LOS objects, 23% free, 52MB/68MB, paused 222us total 15.117ms
08-04 17:20:52.050 28588 28676 I art     : Starting a blocking GC Explicit
08-04 17:20:52.065 28588 28676 I art     : Explicit concurrent mark sweep GC freed 3(96B) AllocSpace objects, 0(0B) LOS objects, 23% free, 52MB/68MB, paused 241us total 14.294ms
08-04 17:20:52.071 28588 28676 I art     : Starting a blocking GC Explicit
08-04 17:20:52.086 28588 28676 I art     : Explicit concurrent mark sweep GC freed 3(96B) AllocSpace objects, 0(0B) LOS objects, 23% free, 52MB/68MB, paused 225us total 14.801ms
08-04 17:20:52.092 28588 28676 I art     : Starting a blocking GC Explicit
08-04 17:20:52.107 28588 28676 I art     : Explicit concurrent mark sweep GC freed 3(96B) AllocSpace objects, 0(0B) LOS objects, 23% free, 52MB/68MB, paused 240us total 14.163ms
08-04 17:20:52.372 28588 28676 I art     : Starting a blocking GC Explicit
08-04 17:20:52.389 28588 28676 I art     : Explicit concurrent mark sweep GC freed 1344(78KB) AllocSpace objects, 1(20KB) LOS objects, 23% free, 52MB/68MB, paused 250us total 16.506ms
08-04 17:20:52.389 28588 28598 I art     : WaitForGcToComplete blocked for 8.529ms for cause HeapTrim
08-04 17:20:52.395 28588 28676 I art     : Starting a blocking GC Explicit
08-04 17:20:52.410 28588 28676 I art     : Explicit concurrent mark sweep GC freed 36(1264B) AllocSpace objects, 0(0B) LOS objects, 23% free, 52MB/68MB, paused 230us total 14.588ms
08-04 17:20:52.416 28588 28676 I art     : Starting a blocking GC Explicit
08-04 17:20:52.431 28588 28676 I art     : Explicit concurrent mark sweep GC freed 3(96B) AllocSpace objects, 0(0B) LOS objects, 23% free, 52MB/68MB, paused 226us total 14.582ms
08-04 17:20:52.438 28588 28676 I art     : Starting a blocking GC Explicit
08-04 17:20:52.453 28588 28676 I art     : Explicit concurrent mark sweep GC freed 3(96B) AllocSpace objects, 0(0B) LOS objects, 23% free, 52MB/68MB, paused 222us total 14.708ms
08-04 17:20:52.459 28588 28676 I art     : Starting a blocking GC Explicit
08-04 17:20:52.474 28588 28676 I art     : Explicit concurrent mark sweep GC freed 3(96B) AllocSpace objects, 0(0B) LOS objects, 23% free, 52MB/68MB, paused 229us total 14.698ms
08-04 17:20:52.621 24412 24412 I ServiceManager: Waiting for service AtCmdFwd...
08-04 17:20:52.785 28588 28599 I art     : Starting a blocking GC Explicit
08-04 17:20:52.807 28588 28599 I art     : Explicit concurrent mark sweep GC freed 1341(78KB) AllocSpace objects, 1(20KB) LOS objects, 23% free, 52MB/68MB, paused 261us total 20.755ms
08-04 17:20:52.817 28588 28599 I art     : Starting a blocking GC Explicit
08-04 17:20:52.837 28588 28599 I art     : Explicit concurrent mark sweep GC freed 20(704B) AllocSpace objects, 0(0B) LOS objects, 23% free, 52MB/68MB, paused 358us total 19.496ms
08-04 17:20:52.846 28588 28599 I art     : Starting a blocking GC Explicit
08-04 17:20:52.861 28588 28599 I art     : Explicit concurrent mark sweep GC freed 3(96B) AllocSpace objects, 0(0B) LOS objects, 23% free, 52MB/68MB, paused 215us total 14.882ms
08-04 17:20:52.868 28588 28599 I art     : Starting a blocking GC Explicit
08-04 17:20:52.883 28588 28599 I art     : Explicit concurrent mark sweep GC freed 3(96B) AllocSpace objects, 0(0B) LOS objects, 23% free, 52MB/68MB, paused 234us total 14.825ms
08-04 17:20:52.890 28588 28599 I art     : Starting a blocking GC Explicit
08-04 17:20:52.905 28588 28599 I art     : Explicit concurrent mark sweep GC freed 3(96B) AllocSpace objects, 0(0B) LOS objects, 23% free, 52MB/68MB, paused 211us total 14.576ms
08-04 17:20:53.218 28588 28601 I art     : Starting a blocking GC Explicit
08-04 17:20:53.239 28588 28601 I art     : Explicit concurrent mark sweep GC freed 1341(78KB) AllocSpace objects, 1(20KB) LOS objects, 23% free, 52MB/68MB, paused 272us total 21.649ms
08-04 17:20:53.250 28588 28601 I art     : Starting a blocking GC Explicit
08-04 17:20:53.270 28588 28601 I art     : Explicit concurrent mark sweep GC freed 20(704B) AllocSpace objects, 0(0B) LOS objects, 23% free, 52MB/68MB, paused 364us total 19.227ms
08-04 17:20:53.281 28588 28601 I art     : Starting a blocking GC Explicit
08-04 17:20:53.296 28588 28601 I art     : Explicit concurrent mark sweep GC freed 3(96B) AllocSpace objects, 0(0B) LOS objects, 23% free, 52MB/68MB, paused 249us total 15.563ms
08-04 17:20:53.303 28588 28601 I art     : Starting a blocking GC Explicit
08-04 17:20:53.319 28588 28601 I art     : Explicit concurrent mark sweep GC freed 3(96B) AllocSpace objects, 0(0B) LOS objects, 23% free, 52MB/68MB, paused 233us total 15.382ms
08-04 17:20:53.326 28588 28601 I art     : Starting a blocking GC Explicit
08-04 17:20:53.341 28588 28601 I art     : Explicit concurrent mark sweep GC freed 3(96B) AllocSpace objects, 0(0B) LOS objects, 23% free, 52MB/68MB, paused 223us total 14.740ms
08-04 17:20:53.622 24412 24412 I ServiceManager: Waiting for service AtCmdFwd...
08-04 17:20:53.660 28588 28676 I art     : Starting a blocking GC Explicit
08-04 17:20:53.685 28588 28676 I art     : Explicit concurrent mark sweep GC freed 1341(78KB) AllocSpace objects, 1(20KB) LOS objects, 23% free, 52MB/68MB, paused 528us total 24.976ms
08-04 17:20:53.696 28588 28676 I art     : Starting a blocking GC Explicit
08-04 17:20:53.712 28588 28676 I art     : Explicit concurrent mark sweep GC freed 20(704B) AllocSpace objects, 0(0B) LOS objects, 23% free, 52MB/68MB, paused 234us total 15.355ms
08-04 17:20:53.718 28588 28676 I art     : Starting a blocking GC Explicit
08-04 17:20:53.733 28588 28676 I art     : Explicit concurrent mark sweep GC freed 3(96B) AllocSpace objects, 0(0B) LOS objects, 23% free, 52MB/68MB, paused 228us total 14.439ms
08-04 17:20:53.740 28588 28676 I art     : Starting a blocking GC Explicit
08-04 17:20:53.754 28588 28676 I art     : Explicit concurrent mark sweep GC freed 3(96B) AllocSpace objects, 0(0B) LOS objects, 23% free, 52MB/68MB, paused 215us total 14.297ms
08-04 17:20:53.760 28588 28676 I art     : Starting a blocking GC Explicit
08-04 17:20:53.775 28588 28676 I art     : Explicit concurrent mark sweep GC freed 3(96B) AllocSpace objects, 0(0B) LOS objects, 23% free, 52MB/68MB, paused 225us total 14.574ms
08-04 17:20:54.098 28588 28599 I art     : Starting a blocking GC Explicit
08-04 17:20:54.125 28588 28599 I art     : Explicit concurrent mark sweep GC freed 1341(78KB) AllocSpace objects, 1(20KB) LOS objects, 23% free, 52MB/68MB, paused 386us total 26.288ms
08-04 17:20:54.136 28588 28599 I art     : Starting a blocking GC Explicit
08-04 17:20:54.155 28588 28599 I art     : Explicit concurrent mark sweep GC freed 20(704B) AllocSpace objects, 0(0B) LOS objects, 23% free, 52MB/68MB, paused 225us total 18.374ms
08-04 17:20:54.162 28588 28599 I art     : Starting a blocking GC Explicit
08-04 17:20:54.177 28588 28599 I art     : Explicit concurrent mark sweep GC freed 3(96B) AllocSpace objects, 0(0B) LOS objects, 23% free, 52MB/68MB, paused 249us total 15.234ms
08-04 17:20:54.184 28588 28599 I art     : Starting a blocking GC Explicit
08-04 17:20:54.199 28588 28599 I art     : Explicit concurrent mark sweep GC freed 3(96B) AllocSpace objects, 0(0B) LOS objects, 23% free, 52MB/68MB, paused 262us total 15.113ms
08-04 17:20:54.206 28588 28599 I art     : Starting a blocking GC Explicit
08-04 17:20:54.220 28588 28599 I art     : Explicit concurrent mark sweep GC freed 3(96B) AllocSpace objects, 0(0B) LOS objects, 23% free, 52MB/68MB, paused 217us total 14.512ms
08-04 17:20:54.538 28588 28601 I art     : Starting a blocking GC Explicit
08-04 17:20:54.558 28588 28601 I art     : Explicit concurrent mark sweep GC freed 1341(78KB) AllocSpace objects, 1(20KB) LOS objects, 23% free, 52MB/68MB, paused 248us total 19.756ms
08-04 17:20:54.565 28588 28601 I art     : Starting a blocking GC Explicit
08-04 17:20:54.581 28588 28601 I art     : Explicit concurrent mark sweep GC freed 20(704B) AllocSpace objects, 0(0B) LOS objects, 23% free, 52MB/68MB, paused 242us total 15.382ms
08-04 17:20:54.587 28588 28601 I art     : Starting a blocking GC Explicit
08-04 17:20:54.603 28588 28601 I art     : Explicit concurrent mark sweep GC freed 3(96B) AllocSpace objects, 0(0B) LOS objects, 23% free, 52MB/68MB, paused 233us total 15.444ms
08-04 17:20:54.610 28588 28601 I art     : Starting a blocking GC Explicit
08-04 17:20:54.623 24412 24412 I ServiceManager: Waiting for service AtCmdFwd...
08-04 17:20:54.625 28588 28601 I art     : Explicit concurrent mark sweep GC freed 3(96B) AllocSpace objects, 0(0B) LOS objects, 23% free, 52MB/68MB, paused 227us total 15.177ms
08-04 17:20:54.632 28588 28601 I art     : Starting a blocking GC Explicit
08-04 17:20:54.647 28588 28601 I art     : Explicit concurrent mark sweep GC freed 3(96B) AllocSpace objects, 0(0B) LOS objects, 23% free, 52MB/68MB, paused 288us total 14.515ms
08-04 17:20:54.966 28588 28676 I art     : Starting a blocking GC Explicit
08-04 17:20:54.989 28588 28676 I art     : Explicit concurrent mark sweep GC freed 1341(78KB) AllocSpace objects, 1(20KB) LOS objects, 23% free, 52MB/68MB, paused 257us total 23.200ms
08-04 17:20:54.996 28588 28676 I art     : Starting a blocking GC Explicit
08-04 17:20:55.012 28588 28676 I art     : Explicit concurrent mark sweep GC freed 20(704B) AllocSpace objects, 0(0B) LOS objects, 23% free, 52MB/68MB, paused 228us total 15.362ms
08-04 17:20:55.019 28588 28676 I art     : Starting a blocking GC Explicit
08-04 17:20:55.034 28588 28676 I art     : Explicit concurrent mark sweep GC freed 3(96B) AllocSpace objects, 0(0B) LOS objects, 23% free, 52MB/68MB, paused 222us total 14.483ms
08-04 17:20:55.040 28588 28676 I art     : Starting a blocking GC Explicit
08-04 17:20:55.054 28588 28676 I art     : Explicit concurrent mark sweep GC freed 3(96B) AllocSpace objects, 0(0B) LOS objects, 23% free, 52MB/68MB, paused 229us total 14.225ms
08-04 17:20:55.061 28588 28676 I art     : Starting a blocking GC Explicit
08-04 17:20:55.076 28588 28676 I art     : Explicit concurrent mark sweep GC freed 3(96B) AllocSpace objects, 0(0B) LOS objects, 23% free, 52MB/68MB, paused 224us total 14.532ms
08-04 17:20:55.397 28588 28599 I art     : Starting a blocking GC Explicit
08-04 17:20:55.418 28588 28599 I art     : Explicit concurrent mark sweep GC freed 1341(78KB) AllocSpace objects, 1(20KB) LOS objects, 23% free, 52MB/68MB, paused 405us total 20.537ms
08-04 17:20:55.428 28588 28599 I art     : Starting a blocking GC Explicit
08-04 17:20:55.447 28588 28599 I art     : Explicit concurrent mark sweep GC freed 20(704B) AllocSpace objects, 0(0B) LOS objects, 23% free, 52MB/68MB, paused 258us total 19.237ms
08-04 17:20:55.456 28588 28599 I art     : Starting a blocking GC Explicit
08-04 17:20:55.472 28588 28599 I art     : Explicit concurrent mark sweep GC freed 3(96B) AllocSpace objects, 0(0B) LOS objects, 23% free, 52MB/68MB, paused 229us total 14.861ms
08-04 17:20:55.478 28588 28599 I art     : Starting a blocking GC Explicit
08-04 17:20:55.493 28588 28599 I art     : Explicit concurrent mark sweep GC freed 3(96B) AllocSpace objects, 0(0B) LOS objects, 23% free, 52MB/68MB, paused 262us total 14.713ms
08-04 17:20:55.500 28588 28599 I art     : Starting a blocking GC Explicit
08-04 17:20:55.515 28588 28599 I art     : Explicit concurrent mark sweep GC freed 3(96B) AllocSpace objects, 0(0B) LOS objects, 23% free, 52MB/68MB, paused 224us total 14.592ms
08-04 17:20:55.623 24412 24412 W Atfwd_Sendcmd: AtCmdFwd service not published, waiting... retryCnt : 1
08-04 17:20:55.823 28588 28601 I art     : Starting a blocking GC Explicit
08-04 17:20:55.844 28588 28601 I art     : Explicit concurrent mark sweep GC freed 1341(78KB) AllocSpace objects, 1(20KB) LOS objects, 23% free, 52MB/68MB, paused 274us total 20.704ms
08-04 17:20:55.854 28588 28601 I art     : Starting a blocking GC Explicit
08-04 17:20:55.869 28588 28601 I art     : Explicit concurrent mark sweep GC freed 20(704B) AllocSpace objects, 0(0B) LOS objects, 23% free, 52MB/68MB, paused 236us total 15.331ms
08-04 17:20:55.876 28588 28601 I art     : Starting a blocking GC Explicit
08-04 17:20:55.891 28588 28601 I art     : Explicit concurrent mark sweep GC freed 3(96B) AllocSpace objects, 0(0B) LOS objects, 23% free, 52MB/68MB, paused 234us total 15.047ms
08-04 17:20:55.898 28588 28601 I art     : Starting a blocking GC Explicit
08-04 17:20:55.913 28588 28601 I art     : Explicit concurrent mark sweep GC freed 3(96B) AllocSpace objects, 0(0B) LOS objects, 23% free, 52MB/68MB, paused 234us total 15.087ms
08-04 17:20:55.920 28588 28601 I art     : Starting a blocking GC Explicit
08-04 17:20:55.935 28588 28601 I art     : Explicit concurrent mark sweep GC freed 3(96B) AllocSpace objects, 0(0B) LOS objects, 23% free, 52MB/68MB, paused 219us total 15ms
08-04 17:20:56.257 28588 28676 I art     : Starting a blocking GC Explicit
08-04 17:20:56.279 28588 28676 I art     : Explicit concurrent mark sweep GC freed 1603(92KB) AllocSpace objects, 1(20KB) LOS objects, 23% free, 52MB/68MB, paused 336us total 21.973ms
08-04 17:20:56.290 28588 28676 I art     : Starting a blocking GC Explicit
08-04 17:20:56.309 28588 28676 I art     : Explicit concurrent mark sweep GC freed 25(912B) AllocSpace objects, 0(0B) LOS objects, 23% free, 52MB/68MB, paused 266us total 18.484ms
08-04 17:20:56.315 28588 28676 I art     : Starting a blocking GC Explicit
08-04 17:20:56.331 28588 28676 I art     : Explicit concurrent mark sweep GC freed 81(4KB) AllocSpace objects, 0(0B) LOS objects, 23% free, 52MB/68MB, paused 264us total 15.027ms
08-04 17:20:56.337 28588 28676 I art     : Starting a blocking GC Explicit
08-04 17:20:56.353 28588 28676 I art     : Explicit concurrent mark sweep GC freed 22(832B) AllocSpace objects, 0(0B) LOS objects, 23% free, 52MB/68MB, paused 266us total 15.220ms
08-04 17:20:56.359 28588 28676 I art     : Starting a blocking GC Explicit
08-04 17:20:56.374 28588 28676 I art     : Explicit concurrent mark sweep GC freed 3(96B) AllocSpace objects, 0(0B) LOS objects, 23% free, 52MB/68MB, paused 265us total 14.809ms
08-04 17:20:56.464 28588 29194 W OneSignal: OneSignalRestClient: POST Error thrown from network stack. 
08-04 17:20:56.464 28588 29194 W OneSignal: java.io.IOException: unexpected end of stream on Connection{api.onesignal.com:443, proxy=HTTP@192.168.2.12:8080 hostAddress=192.168.2.12 cipherSuite=TLS_ECDHE_RSA_WITH_AES_128_GCM_SHA256 protocol=http/1.1} (recycle count=0)
08-04 17:20:56.464 28588 29194 W OneSignal: 	at com.android.okhttp.internal.http.HttpConnection.readResponse(HttpConnection.java:210)
08-04 17:20:56.464 28588 29194 W OneSignal: 	at com.android.okhttp.internal.http.HttpTransport.readResponseHeaders(HttpTransport.java:80)
08-04 17:20:56.464 28588 29194 W OneSignal: 	at com.android.okhttp.internal.http.HttpEngine.readNetworkResponse(HttpEngine.java:904)
08-04 17:20:56.464 28588 29194 W OneSignal: 	at com.android.okhttp.internal.http.HttpEngine.readResponse(HttpEngine.java:788)
08-04 17:20:56.464 28588 29194 W OneSignal: 	at com.android.okhttp.internal.huc.HttpURLConnectionImpl.execute(HttpURLConnectionImpl.java:439)
08-04 17:20:56.464 28588 29194 W OneSignal: 	at com.android.okhttp.internal.huc.HttpURLConnectionImpl.getResponse(HttpURLConnectionImpl.java:384)
08-04 17:20:56.464 28588 29194 W OneSignal: 	at com.android.okhttp.internal.huc.HttpURLConnectionImpl.getResponseCode(HttpURLConnectionImpl.java:497)
08-04 17:20:56.464 28588 29194 W OneSignal: 	at com.android.okhttp.internal.huc.DelegatingHttpsURLConnection.getResponseCode(DelegatingHttpsURLConnection.java:105)
08-04 17:20:56.464 28588 29194 W OneSignal: 	at com.android.okhttp.internal.huc.HttpsURLConnectionImpl.getResponseCode(HttpsURLConnectionImpl.java)
08-04 17:20:56.464 28588 29194 W OneSignal: 	at com.onesignal.OneSignalRestClient.startHTTPConnection(OneSignalRestClient.java:180)
08-04 17:20:56.464 28588 29194 W OneSignal: 	at com.onesignal.OneSignalRestClient.access$100(OneSignalRestClient.java:44)
08-04 17:20:56.464 28588 29194 W OneSignal: 	at com.onesignal.OneSignalRestClient$4.run(OneSignalRestClient.java:110)
08-04 17:20:56.464 28588 29194 W OneSignal: 	at java.lang.Thread.run(Thread.java:818)
08-04 17:20:56.464 28588 29194 W OneSignal: Caused by: java.io.EOFException: \n not found: size=0 content=...
08-04 17:20:56.464 28588 29194 W OneSignal: 	at com.android.okhttp.okio.RealBufferedSource.readUtf8LineStrict(RealBufferedSource.java:200)
08-04 17:20:56.464 28588 29194 W OneSignal: 	at com.android.okhttp.internal.http.HttpConnection.readResponse(HttpConnection.java:191)
08-04 17:20:56.464 28588 29194 W OneSignal: 	... 12 more
08-04 17:20:56.466 28588 29200 W OneSignal: Failed last request. statusCode: -1
08-04 17:20:56.466 28588 29200 W OneSignal: response: null
08-04 17:20:56.668 28588 28599 I art     : Starting a blocking GC Explicit
08-04 17:20:56.689 28588 28599 I art     : Explicit concurrent mark sweep GC freed 3625(225KB) AllocSpace objects, 1(20KB) LOS objects, 23% free, 52MB/68MB, paused 267us total 21.345ms
08-04 17:20:56.697 28588 28599 I art     : Starting a blocking GC Explicit
08-04 17:20:56.712 28588 28599 I art     : Explicit concurrent mark sweep GC freed 67(2432B) AllocSpace objects, 0(0B) LOS objects, 23% free, 52MB/68MB, paused 226us total 15.607ms
08-04 17:20:56.719 28588 28599 I art     : Starting a blocking GC Explicit
08-04 17:20:56.734 28588 28599 I art     : Explicit concurrent mark sweep GC freed 3(96B) AllocSpace objects, 0(0B) LOS objects, 23% free, 52MB/68MB, paused 219us total 14.622ms
08-04 17:20:56.740 28588 28599 I art     : Starting a blocking GC Explicit
08-04 17:20:56.755 28588 28599 I art     : Explicit concurrent mark sweep GC freed 3(96B) AllocSpace objects, 0(0B) LOS objects, 23% free, 52MB/68MB, paused 220us total 14.579ms
08-04 17:20:56.761 28588 28599 I art     : Starting a blocking GC Explicit
08-04 17:20:56.776 28588 28599 I art     : Explicit concurrent mark sweep GC freed 3(96B) AllocSpace objects, 0(0B) LOS objects, 23% free, 52MB/68MB, paused 226us total 14.441ms
08-04 17:20:57.077 28588 28601 I art     : Starting a blocking GC Explicit
08-04 17:20:57.100 28588 28601 I art     : Explicit concurrent mark sweep GC freed 1341(78KB) AllocSpace objects, 1(20KB) LOS objects, 23% free, 52MB/68MB, paused 286us total 21.584ms
08-04 17:20:57.112 28588 28601 I art     : Starting a blocking GC Explicit
08-04 17:20:57.129 28588 28601 I art     : Explicit concurrent mark sweep GC freed 20(704B) AllocSpace objects, 0(0B) LOS objects, 23% free, 52MB/68MB, paused 231us total 16.778ms
08-04 17:20:57.136 28588 28601 I art     : Starting a blocking GC Explicit
08-04 17:20:57.151 28588 28601 I art     : Explicit concurrent mark sweep GC freed 3(96B) AllocSpace objects, 0(0B) LOS objects, 23% free, 52MB/68MB, paused 218us total 14.963ms
08-04 17:20:57.158 28588 28601 I art     : Starting a blocking GC Explicit
08-04 17:20:57.173 28588 28601 I art     : Explicit concurrent mark sweep GC freed 3(96B) AllocSpace objects, 0(0B) LOS objects, 23% free, 52MB/68MB, paused 224us total 14.907ms
08-04 17:20:57.179 28588 28601 I art     : Starting a blocking GC Explicit
08-04 17:20:57.194 28588 28601 I art     : Explicit concurrent mark sweep GC freed 3(96B) AllocSpace objects, 0(0B) LOS objects, 23% free, 52MB/68MB, paused 220us total 14.552ms
08-04 17:20:57.522 28588 28676 I art     : Starting a blocking GC Explicit
08-04 17:20:57.547 28588 28676 I art     : Explicit concurrent mark sweep GC freed 1341(78KB) AllocSpace objects, 1(20KB) LOS objects, 23% free, 52MB/68MB, paused 300us total 25.385ms
08-04 17:20:57.560 28588 28676 I art     : Starting a blocking GC Explicit
08-04 17:20:57.575 28588 28676 I art     : Explicit concurrent mark sweep GC freed 20(704B) AllocSpace objects, 0(0B) LOS objects, 23% free, 52MB/68MB, paused 222us total 15.121ms
08-04 17:20:57.582 28588 28676 I art     : Starting a blocking GC Explicit
08-04 17:20:57.597 28588 28676 I art     : Explicit concurrent mark sweep GC freed 3(96B) AllocSpace objects, 0(0B) LOS objects, 23% free, 52MB/68MB, paused 281us total 14.327ms
08-04 17:20:57.603 28588 28676 I art     : Starting a blocking GC Explicit
08-04 17:20:57.618 28588 28676 I art     : Explicit concurrent mark sweep GC freed 3(96B) AllocSpace objects, 0(0B) LOS objects, 23% free, 52MB/68MB, paused 234us total 14.834ms
08-04 17:20:57.625 28588 28676 I art     : Starting a blocking GC Explicit
08-04 17:20:57.639 28588 28676 I art     : Explicit concurrent mark sweep GC freed 3(96B) AllocSpace objects, 0(0B) LOS objects, 23% free, 52MB/68MB, paused 225us total 14.540ms
08-04 17:20:57.952 28588 28599 I art     : Starting a blocking GC Explicit
08-04 17:20:57.974 28588 28599 I art     : Explicit concurrent mark sweep GC freed 1341(78KB) AllocSpace objects, 1(20KB) LOS objects, 23% free, 52MB/68MB, paused 266us total 21.699ms
08-04 17:20:57.985 28588 28599 I art     : Starting a blocking GC Explicit
08-04 17:20:58.004 28588 28599 I art     : Explicit concurrent mark sweep GC freed 20(704B) AllocSpace objects, 0(0B) LOS objects, 23% free, 52MB/68MB, paused 239us total 18.967ms
08-04 17:20:58.015 28588 28599 I art     : Starting a blocking GC Explicit
08-04 17:20:58.031 28588 28599 I art     : Explicit concurrent mark sweep GC freed 3(96B) AllocSpace objects, 0(0B) LOS objects, 23% free, 52MB/68MB, paused 231us total 15.497ms
08-04 17:20:58.037 28588 28599 I art     : Starting a blocking GC Explicit
08-04 17:20:58.053 28588 28599 I art     : Explicit concurrent mark sweep GC freed 3(96B) AllocSpace objects, 0(0B) LOS objects, 23% free, 52MB/68MB, paused 221us total 15.196ms
08-04 17:20:58.060 28588 28599 I art     : Starting a blocking GC Explicit
08-04 17:20:58.075 28588 28599 I art     : Explicit concurrent mark sweep GC freed 3(96B) AllocSpace objects, 0(0B) LOS objects, 23% free, 52MB/68MB, paused 219us total 15.091ms
08-04 17:20:58.359 28588 28601 I art     : Starting a blocking GC Explicit
08-04 17:20:58.374 28588 28601 I art     : Explicit concurrent mark sweep GC freed 1341(78KB) AllocSpace objects, 1(20KB) LOS objects, 23% free, 52MB/68MB, paused 233us total 15.082ms
08-04 17:20:58.381 28588 28601 I art     : Starting a blocking GC Explicit
08-04 17:20:58.395 28588 28601 I art     : Explicit concurrent mark sweep GC freed 20(704B) AllocSpace objects, 0(0B) LOS objects, 23% free, 52MB/68MB, paused 228us total 14.445ms
08-04 17:20:58.402 28588 28601 I art     : Starting a blocking GC Explicit
08-04 17:20:58.417 28588 28601 I art     : Explicit concurrent mark sweep GC freed 3(96B) AllocSpace objects, 0(0B) LOS objects, 23% free, 52MB/68MB, paused 248us total 15.040ms
08-04 17:20:58.424 28588 28601 I art     : Starting a blocking GC Explicit
08-04 17:20:58.439 28588 28601 I art     : Explicit concurrent mark sweep GC freed 3(96B) AllocSpace objects, 0(0B) LOS objects, 23% free, 52MB/68MB, paused 227us total 14.895ms
08-04 17:20:58.445 28588 28601 I art     : Starting a blocking GC Explicit
08-04 17:20:58.460 28588 28601 I art     : Explicit concurrent mark sweep GC freed 3(96B) AllocSpace objects, 0(0B) LOS objects, 23% free, 52MB/68MB, paused 270us total 14.605ms
08-04 17:20:58.777 28588 28676 I art     : Starting a blocking GC Explicit
08-04 17:20:58.799 28588 28676 I art     : Explicit concurrent mark sweep GC freed 1341(78KB) AllocSpace objects, 1(20KB) LOS objects, 23% free, 52MB/68MB, paused 247us total 21.610ms
08-04 17:20:58.810 28588 28676 I art     : Starting a blocking GC Explicit
08-04 17:20:58.825 28588 28676 I art     : Explicit concurrent mark sweep GC freed 20(704B) AllocSpace objects, 0(0B) LOS objects, 23% free, 52MB/68MB, paused 240us total 15.324ms
08-04 17:20:58.832 28588 28676 I art     : Starting a blocking GC Explicit
08-04 17:20:58.846 28588 28676 I art     : Explicit concurrent mark sweep GC freed 3(96B) AllocSpace objects, 0(0B) LOS objects, 23% free, 52MB/68MB, paused 223us total 14.489ms
08-04 17:20:58.853 28588 28676 I art     : Starting a blocking GC Explicit
08-04 17:20:58.867 28588 28676 I art     : Explicit concurrent mark sweep GC freed 3(96B) AllocSpace objects, 0(0B) LOS objects, 23% free, 52MB/68MB, paused 231us total 14.389ms
08-04 17:20:58.874 28588 28676 I art     : Starting a blocking GC Explicit
08-04 17:20:58.888 28588 28676 I art     : Explicit concurrent mark sweep GC freed 3(96B) AllocSpace objects, 0(0B) LOS objects, 23% free, 52MB/68MB, paused 227us total 14.272ms
08-04 17:20:59.218 28588 28599 I art     : Starting a blocking GC Explicit
08-04 17:20:59.245 28588 28599 I art     : Explicit concurrent mark sweep GC freed 1341(78KB) AllocSpace objects, 1(20KB) LOS objects, 23% free, 52MB/68MB, paused 298us total 26.788ms
08-04 17:20:59.256 28588 28599 I art     : Starting a blocking GC Explicit
08-04 17:20:59.274 28588 28599 I art     : Explicit concurrent mark sweep GC freed 20(704B) AllocSpace objects, 0(0B) LOS objects, 23% free, 52MB/68MB, paused 226us total 17.561ms
08-04 17:20:59.280 28588 28599 I art     : Starting a blocking GC Explicit
08-04 17:20:59.295 28588 28599 I art     : Explicit concurrent mark sweep GC freed 3(96B) AllocSpace objects, 0(0B) LOS objects, 23% free, 52MB/68MB, paused 222us total 14.709ms
08-04 17:20:59.302 28588 28599 I art     : Starting a blocking GC Explicit
08-04 17:20:59.317 28588 28599 I art     : Explicit concurrent mark sweep GC freed 3(96B) AllocSpace objects, 0(0B) LOS objects, 23% free, 52MB/68MB, paused 308us total 14.787ms
08-04 17:20:59.324 28588 28599 I art     : Starting a blocking GC Explicit
08-04 17:20:59.338 28588 28599 I art     : Explicit concurrent mark sweep GC freed 3(96B) AllocSpace objects, 0(0B) LOS objects, 23% free, 52MB/68MB, paused 217us total 14.611ms
08-04 17:20:59.644 28588 28601 I art     : Starting a blocking GC Explicit
08-04 17:20:59.666 28588 28601 I art     : Explicit concurrent mark sweep GC freed 1341(78KB) AllocSpace objects, 1(20KB) LOS objects, 23% free, 52MB/68MB, paused 372us total 21.419ms
08-04 17:20:59.676 28588 28601 I art     : Starting a blocking GC Explicit
08-04 17:20:59.691 28588 28601 I art     : Explicit concurrent mark sweep GC freed 20(704B) AllocSpace objects, 0(0B) LOS objects, 23% free, 52MB/68MB, paused 237us total 15.420ms
08-04 17:20:59.698 28588 28601 I art     : Starting a blocking GC Explicit
08-04 17:20:59.713 28588 28601 I art     : Explicit concurrent mark sweep GC freed 3(96B) AllocSpace objects, 0(0B) LOS objects, 23% free, 52MB/68MB, paused 253us total 14.907ms
08-04 17:20:59.720 28588 28601 I art     : Starting a blocking GC Explicit
08-04 17:20:59.735 28588 28601 I art     : Explicit concurrent mark sweep GC freed 3(96B) AllocSpace objects, 0(0B) LOS objects, 23% free, 52MB/68MB, paused 247us total 14.846ms
08-04 17:20:59.742 28588 28601 I art     : Starting a blocking GC Explicit
08-04 17:20:59.757 28588 28601 I art     : Explicit concurrent mark sweep GC freed 3(96B) AllocSpace objects, 0(0B) LOS objects, 23% free, 52MB/68MB, paused 289us total 15.058ms
08-04 17:21:00.065 28588 28676 I art     : Starting a blocking GC Explicit
08-04 17:21:00.083 28588 28676 I art     : Explicit concurrent mark sweep GC freed 1341(78KB) AllocSpace objects, 1(20KB) LOS objects, 23% free, 52MB/68MB, paused 245us total 16.981ms
08-04 17:21:00.089 28588 28676 I art     : Starting a blocking GC Explicit
08-04 17:21:00.104 28588 28676 I art     : Explicit concurrent mark sweep GC freed 20(704B) AllocSpace objects, 0(0B) LOS objects, 23% free, 52MB/68MB, paused 232us total 14.859ms
08-04 17:21:00.111 28588 28676 I art     : Starting a blocking GC Explicit
08-04 17:21:00.125 28588 28676 I art     : Explicit concurrent mark sweep GC freed 3(96B) AllocSpace objects, 0(0B) LOS objects, 23% free, 52MB/68MB, paused 227us total 14.310ms
08-04 17:21:00.132 28588 28676 I art     : Starting a blocking GC Explicit
08-04 17:21:00.146 28588 28676 I art     : Explicit concurrent mark sweep GC freed 3(96B) AllocSpace objects, 0(0B) LOS objects, 23% free, 52MB/68MB, paused 214us total 14.318ms
08-04 17:21:00.152 28588 28676 I art     : Starting a blocking GC Explicit
08-04 17:21:00.167 28588 28676 I art     : Explicit concurrent mark sweep GC freed 3(96B) AllocSpace objects, 0(0B) LOS objects, 23% free, 52MB/68MB, paused 264us total 14.399ms
08-04 17:21:00.498 28588 28599 I art     : Starting a blocking GC Explicit
08-04 17:21:00.524 28588 28599 I art     : Explicit concurrent mark sweep GC freed 1341(78KB) AllocSpace objects, 1(20KB) LOS objects, 23% free, 52MB/68MB, paused 321us total 25.807ms
08-04 17:21:00.536 28588 28599 I art     : Starting a blocking GC Explicit
08-04 17:21:00.551 28588 28599 I art     : Explicit concurrent mark sweep GC freed 20(704B) AllocSpace objects, 0(0B) LOS objects, 23% free, 52MB/68MB, paused 229us total 15.320ms
08-04 17:21:00.558 28588 28599 I art     : Starting a blocking GC Explicit
08-04 17:21:00.573 28588 28599 I art     : Explicit concurrent mark sweep GC freed 3(96B) AllocSpace objects, 0(0B) LOS objects, 23% free, 52MB/68MB, paused 220us total 15.060ms
08-04 17:21:00.580 28588 28599 I art     : Starting a blocking GC Explicit
08-04 17:21:00.595 28588 28599 I art     : Explicit concurrent mark sweep GC freed 3(96B) AllocSpace objects, 0(0B) LOS objects, 23% free, 52MB/68MB, paused 225us total 14.946ms
08-04 17:21:00.602 28588 28599 I art     : Starting a blocking GC Explicit
08-04 17:21:00.617 28588 28599 I art     : Explicit concurrent mark sweep GC freed 3(96B) AllocSpace objects, 0(0B) LOS objects, 23% free, 52MB/68MB, paused 244us total 15.025ms
08-04 17:21:00.624 24412 24412 I ServiceManager: Waiting for service AtCmdFwd...
08-04 17:21:00.932 28588 28601 I art     : Starting a blocking GC Explicit
08-04 17:21:00.953 28588 28601 I art     : Explicit concurrent mark sweep GC freed 1341(78KB) AllocSpace objects, 1(20KB) LOS objects, 23% free, 52MB/68MB, paused 269us total 21.282ms
08-04 17:21:00.964 28588 28601 I art     : Starting a blocking GC Explicit
08-04 17:21:00.984 28588 28601 I art     : Explicit concurrent mark sweep GC freed 20(704B) AllocSpace objects, 0(0B) LOS objects, 23% free, 52MB/68MB, paused 225us total 19.752ms
08-04 17:21:00.990 28588 28601 I art     : Starting a blocking GC Explicit
08-04 17:21:01.006 28588 28601 I art     : Explicit concurrent mark sweep GC freed 3(96B) AllocSpace objects, 0(0B) LOS objects, 23% free, 52MB/68MB, paused 236us total 15.016ms
08-04 17:21:01.012 28588 28601 I art     : Starting a blocking GC Explicit
08-04 17:21:01.027 28588 28601 I art     : Explicit concurrent mark sweep GC freed 3(96B) AllocSpace objects, 0(0B) LOS objects, 23% free, 52MB/68MB, paused 229us total 14.948ms
08-04 17:21:01.034 28588 28601 I art     : Starting a blocking GC Explicit
08-04 17:21:01.049 28588 28601 I art     : Explicit concurrent mark sweep GC freed 3(96B) AllocSpace objects, 0(0B) LOS objects, 23% free, 52MB/68MB, paused 226us total 15.074ms
08-04 17:21:01.365 28588 28676 I art     : Starting a blocking GC Explicit
08-04 17:21:01.388 28588 28676 I art     : Explicit concurrent mark sweep GC freed 1341(78KB) AllocSpace objects, 1(20KB) LOS objects, 23% free, 52MB/68MB, paused 302us total 22.821ms
08-04 17:21:01.399 28588 28676 I art     : Starting a blocking GC Explicit
08-04 17:21:01.416 28588 28676 I art     : Explicit concurrent mark sweep GC freed 20(704B) AllocSpace objects, 0(0B) LOS objects, 23% free, 52MB/68MB, paused 229us total 17.527ms
08-04 17:21:01.423 28588 28676 I art     : Starting a blocking GC Explicit
08-04 17:21:01.438 28588 28676 I art     : Explicit concurrent mark sweep GC freed 3(96B) AllocSpace objects, 0(0B) LOS objects, 23% free, 52MB/68MB, paused 274us total 14.955ms
08-04 17:21:01.445 28588 28676 I art     : Starting a blocking GC Explicit
08-04 17:21:01.460 28588 28676 I art     : Explicit concurrent mark sweep GC freed 3(96B) AllocSpace objects, 0(0B) LOS objects, 23% free, 52MB/68MB, paused 229us total 14.930ms
08-04 17:21:01.467 28588 28676 I art     : Starting a blocking GC Explicit
08-04 17:21:01.481 28588 28676 I art     : Explicit concurrent mark sweep GC freed 3(96B) AllocSpace objects, 0(0B) LOS objects, 23% free, 52MB/68MB, paused 230us total 14.513ms
08-04 17:21:01.625 24412 24412 I ServiceManager: Waiting for service AtCmdFwd...
08-04 17:21:01.798 28588 28599 I art     : Starting a blocking GC Explicit
08-04 17:21:01.823 28588 28599 I art     : Explicit concurrent mark sweep GC freed 1341(78KB) AllocSpace objects, 1(20KB) LOS objects, 23% free, 52MB/68MB, paused 261us total 24.582ms
08-04 17:21:01.833 28588 28599 I art     : Starting a blocking GC Explicit
08-04 17:21:01.852 28588 28599 I art     : Explicit concurrent mark sweep GC freed 20(704B) AllocSpace objects, 0(0B) LOS objects, 23% free, 52MB/68MB, paused 221us total 18.031ms
08-04 17:21:01.858 28588 28599 I art     : Starting a blocking GC Explicit
08-04 17:21:01.874 28588 28599 I art     : Explicit concurrent mark sweep GC freed 3(96B) AllocSpace objects, 0(0B) LOS objects, 23% free, 52MB/68MB, paused 224us total 15.341ms
08-04 17:21:01.881 28588 28599 I art     : Starting a blocking GC Explicit
08-04 17:21:01.896 28588 28599 I art     : Explicit concurrent mark sweep GC freed 3(96B) AllocSpace objects, 0(0B) LOS objects, 23% free, 52MB/68MB, paused 220us total 14.877ms
08-04 17:21:01.902 28588 28599 I art     : Starting a blocking GC Explicit
08-04 17:21:01.917 28588 28599 I art     : Explicit concurrent mark sweep GC freed 3(96B) AllocSpace objects, 0(0B) LOS objects, 23% free, 52MB/68MB, paused 232us total 14.742ms
08-04 17:21:02.233 28588 28601 I art     : Starting a blocking GC Explicit
08-04 17:21:02.254 28588 28601 I art     : Explicit concurrent mark sweep GC freed 1341(78KB) AllocSpace objects, 1(20KB) LOS objects, 23% free, 52MB/68MB, paused 256us total 20.007ms
08-04 17:21:02.261 28588 28601 I art     : Starting a blocking GC Explicit
08-04 17:21:02.277 28588 28601 I art     : Explicit concurrent mark sweep GC freed 20(704B) AllocSpace objects, 0(0B) LOS objects, 23% free, 52MB/68MB, paused 282us total 15.584ms
08-04 17:21:02.283 28588 28601 I art     : Starting a blocking GC Explicit
08-04 17:21:02.298 28588 28601 I art     : Explicit concurrent mark sweep GC freed 3(96B) AllocSpace objects, 0(0B) LOS objects, 23% free, 52MB/68MB, paused 229us total 14.997ms
08-04 17:21:02.305 28588 28601 I art     : Starting a blocking GC Explicit
08-04 17:21:02.320 28588 28601 I art     : Explicit concurrent mark sweep GC freed 3(96B) AllocSpace objects, 0(0B) LOS objects, 23% free, 52MB/68MB, paused 228us total 15.202ms
08-04 17:21:02.327 28588 28601 I art     : Starting a blocking GC Explicit
08-04 17:21:02.342 28588 28601 I art     : Explicit concurrent mark sweep GC freed 3(96B) AllocSpace objects, 0(0B) LOS objects, 23% free, 52MB/68MB, paused 227us total 14.873ms
08-04 17:21:02.626 24412 24412 I ServiceManager: Waiting for service AtCmdFwd...
08-04 17:21:02.647 28588 28676 I art     : Starting a blocking GC Explicit
08-04 17:21:02.669 28588 28676 I art     : Explicit concurrent mark sweep GC freed 1341(78KB) AllocSpace objects, 1(20KB) LOS objects, 23% free, 52MB/68MB, paused 279us total 21.482ms
08-04 17:21:02.680 28588 28676 I art     : Starting a blocking GC Explicit
08-04 17:21:02.696 28588 28676 I art     : Explicit concurrent mark sweep GC freed 20(704B) AllocSpace objects, 0(0B) LOS objects, 23% free, 52MB/68MB, paused 224us total 15.585ms
08-04 17:21:02.702 28588 28676 I art     : Starting a blocking GC Explicit
08-04 17:21:02.717 28588 28676 I art     : Explicit concurrent mark sweep GC freed 3(96B) AllocSpace objects, 0(0B) LOS objects, 23% free, 52MB/68MB, paused 286us total 14.408ms
08-04 17:21:02.723 28588 28676 I art     : Starting a blocking GC Explicit
08-04 17:21:02.738 28588 28676 I art     : Explicit concurrent mark sweep GC freed 3(96B) AllocSpace objects, 0(0B) LOS objects, 23% free, 52MB/68MB, paused 224us total 14.603ms
08-04 17:21:02.744 28588 28676 I art     : Starting a blocking GC Explicit
08-04 17:21:02.759 28588 28676 I art     : Explicit concurrent mark sweep GC freed 3(96B) AllocSpace objects, 0(0B) LOS objects, 23% free, 52MB/68MB, paused 228us total 14.537ms
08-04 17:21:03.082 28588 28599 I art     : Starting a blocking GC Explicit
08-04 17:21:03.106 28588 28599 I art     : Explicit concurrent mark sweep GC freed 1341(78KB) AllocSpace objects, 1(20KB) LOS objects, 23% free, 52MB/68MB, paused 371us total 23.919ms
08-04 17:21:03.117 28588 28599 I art     : Starting a blocking GC Explicit
08-04 17:21:03.131 28588 28599 I art     : Explicit concurrent mark sweep GC freed 20(704B) AllocSpace objects, 0(0B) LOS objects, 23% free, 52MB/68MB, paused 233us total 13.630ms
08-04 17:21:03.137 28588 28599 I art     : Starting a blocking GC Explicit
08-04 17:21:03.151 28588 28599 I art     : Explicit concurrent mark sweep GC freed 3(96B) AllocSpace objects, 0(0B) LOS objects, 23% free, 52MB/68MB, paused 248us total 13.919ms
08-04 17:21:03.157 28588 28599 I art     : Starting a blocking GC Explicit
08-04 17:21:03.171 28588 28599 I art     : Explicit concurrent mark sweep GC freed 3(96B) AllocSpace objects, 0(0B) LOS objects, 23% free, 52MB/68MB, paused 228us total 13.604ms
08-04 17:21:03.177 28588 28599 I art     : Starting a blocking GC Explicit
08-04 17:21:03.191 28588 28599 I art     : Explicit concurrent mark sweep GC freed 3(96B) AllocSpace objects, 0(0B) LOS objects, 23% free, 52MB/68MB, paused 225us total 13.753ms
08-04 17:21:03.401 29361 29361 D AndroidRuntime: >>>>>> START com.android.internal.os.RuntimeInit uid 2000 <<<<<<
08-04 17:21:03.405 29361 29361 D AndroidRuntime: CheckJNI is OFF
08-04 17:21:03.429 29361 29361 D ICU     : No timezone override file found: /data/misc/zoneinfo/current/icu/icu_tzdata.dat
08-04 17:21:03.453 29361 29361 I Radio-JNI: register_android_hardware_Radio DONE
08-04 17:21:03.470 29361 29361 D AndroidRuntime: Calling main entry com.android.commands.input.Input
08-04 17:21:03.471 29361 29361 I Input   : injectKeyEvent: KeyEvent { action=ACTION_DOWN, keyCode=KEYCODE_BACK, scanCode=0, metaState=0, flags=0x0, repeatCount=0, eventTime=724879885, downTime=724879885, deviceId=-1, source=0x101 }
08-04 17:21:03.473 28588 28601 I art     : Starting a blocking GC Explicit
08-04 17:21:03.479 29361 29361 I Input   : injectKeyEvent: KeyEvent { action=ACTION_UP, keyCode=KEYCODE_BACK, scanCode=0, metaState=0, flags=0x0, repeatCount=0, eventTime=724879885, downTime=724879885, deviceId=-1, source=0x101 }
08-04 17:21:03.486 29361 29361 D AndroidRuntime: Shutting down VM
08-04 17:21:03.489 28588 28601 I art     : Explicit concurrent mark sweep GC freed 1359(78KB) AllocSpace objects, 1(20KB) LOS objects, 23% free, 52MB/68MB, paused 310us total 15.271ms
08-04 17:21:03.496 28588 28601 I art     : Starting a blocking GC Explicit
08-04 17:21:03.510 28588 28601 I art     : Explicit concurrent mark sweep GC freed 148(6KB) AllocSpace objects, 0(0B) LOS objects, 23% free, 52MB/68MB, paused 247us total 13.707ms
08-04 17:21:03.516 28588 28601 I art     : Starting a blocking GC Explicit
08-04 17:21:03.527 13866 13866 I GoogleInputMethodServic: GoogleInputMethodService.onFinishInput():3138 
08-04 17:21:03.528 13866 13866 I GoogleInputMethodServic: GoogleInputMethodService.onStartInput():1808 
08-04 17:21:03.529 28588 28601 I art     : Explicit concurrent mark sweep GC freed 4(128B) AllocSpace objects, 0(0B) LOS objects, 23% free, 52MB/68MB, paused 215us total 13.077ms
08-04 17:21:03.536 28588 28601 I art     : Starting a blocking GC Explicit
08-04 17:21:03.549 28588 28601 I art     : Explicit concurrent mark sweep GC freed 29(1104B) AllocSpace objects, 0(0B) LOS objects, 23% free, 52MB/68MB, paused 237us total 12.825ms
08-04 17:21:03.555 28588 28601 I art     : Starting a blocking GC Explicit
08-04 17:21:03.569 28588 28601 I art     : Explicit concurrent mark sweep GC freed 11(400B) AllocSpace objects, 0(0B) LOS objects, 23% free, 52MB/68MB, paused 238us total 14.187ms
08-04 17:21:03.626 24412 24412 I ServiceManager: Waiting for service AtCmdFwd...
08-04 17:21:03.792 28588 28599 I art     : Starting a blocking GC Explicit
08-04 17:21:03.807 28588 28599 I art     : Explicit concurrent mark sweep GC freed 1341(78KB) AllocSpace objects, 1(20KB) LOS objects, 23% free, 52MB/68MB, paused 206us total 14.254ms
08-04 17:21:03.813 28588 28599 I art     : Starting a blocking GC Explicit
08-04 17:21:03.827 28588 28599 I art     : Explicit concurrent mark sweep GC freed 20(704B) AllocSpace objects, 0(0B) LOS objects, 23% free, 52MB/68MB, paused 273us total 13.918ms
08-04 17:21:03.833 28588 28599 I art     : Starting a blocking GC Explicit
08-04 17:21:03.840   380   380 W SurfaceFlinger: couldn't log to binary event log: overflow.
08-04 17:21:03.848 28588 28599 I art     : Explicit concurrent mark sweep GC freed 108(8KB) AllocSpace objects, 0(0B) LOS objects, 23% free, 52MB/68MB, paused 232us total 14.566ms
08-04 17:21:03.855 28588 28599 I art     : Starting a blocking GC Explicit
08-04 17:21:03.868 28588 28599 I art     : Explicit concurrent mark sweep GC freed 11(432B) AllocSpace objects, 0(0B) LOS objects, 23% free, 52MB/68MB, paused 225us total 12.579ms
08-04 17:21:03.874 28588 28599 I art     : Starting a blocking GC Explicit
08-04 17:21:03.886 28588 28599 I art     : Explicit concurrent mark sweep GC freed 1651(106KB) AllocSpace objects, 3(400KB) LOS objects, 23% free, 52MB/68MB, paused 252us total 12.205ms
08-04 17:21:04.134 28588 28601 I art     : Starting a blocking GC Explicit
08-04 17:21:04.154 28588 28601 I art     : Explicit concurrent mark sweep GC freed 1342(78KB) AllocSpace objects, 1(20KB) LOS objects, 23% free, 52MB/68MB, paused 262us total 19.074ms
08-04 17:21:04.163 28588 28601 I art     : Starting a blocking GC Explicit
08-04 17:21:04.177 28588 28601 I art     : Explicit concurrent mark sweep GC freed 20(704B) AllocSpace objects, 0(0B) LOS objects, 23% free, 52MB/68MB, paused 247us total 14.470ms
08-04 17:21:04.184 28588 28601 I art     : Starting a blocking GC Explicit
08-04 17:21:04.199 28588 28601 I art     : Explicit concurrent mark sweep GC freed 3(96B) AllocSpace objects, 0(0B) LOS objects, 23% free, 52MB/68MB, paused 237us total 14.552ms
08-04 17:21:04.205 28588 28601 I art     : Starting a blocking GC Explicit
08-04 17:21:04.219 28588 28601 I art     : Explicit concurrent mark sweep GC freed 3(96B) AllocSpace objects, 0(0B) LOS objects, 23% free, 52MB/68MB, paused 225us total 14.069ms
08-04 17:21:04.226 28588 28601 I art     : Starting a blocking GC Explicit
08-04 17:21:04.240 28588 28601 I art     : Explicit concurrent mark sweep GC freed 3(96B) AllocSpace objects, 0(0B) LOS objects, 23% free, 52MB/68MB, paused 231us total 13.981ms
08-04 17:21:04.533 28588 29395 I art     : Starting a blocking GC Explicit
08-04 17:21:04.555 28588 29395 I art     : Explicit concurrent mark sweep GC freed 1340(78KB) AllocSpace objects, 1(20KB) LOS objects, 23% free, 52MB/68MB, paused 274us total 21.112ms
08-04 17:21:04.565 28588 29395 I art     : Starting a blocking GC Explicit
08-04 17:21:04.584 28588 29395 I art     : Explicit concurrent mark sweep GC freed 20(704B) AllocSpace objects, 0(0B) LOS objects, 23% free, 52MB/68MB, paused 287us total 18.832ms
08-04 17:21:04.594 28588 29395 I art     : Starting a blocking GC Explicit
08-04 17:21:04.608 28588 29395 I art     : Explicit concurrent mark sweep GC freed 3(96B) AllocSpace objects, 0(0B) LOS objects, 23% free, 52MB/68MB, paused 231us total 14.369ms
08-04 17:21:04.615 28588 29395 I art     : Starting a blocking GC Explicit
08-04 17:21:04.627 24412 24412 I ServiceManager: Waiting for service AtCmdFwd...
08-04 17:21:04.629 28588 29395 I art     : Explicit concurrent mark sweep GC freed 3(96B) AllocSpace objects, 0(0B) LOS objects, 23% free, 52MB/68MB, paused 230us total 14.197ms
08-04 17:21:04.636 28588 29395 I art     : Starting a blocking GC Explicit
08-04 17:21:04.650 28588 29395 I art     : Explicit concurrent mark sweep GC freed 3(96B) AllocSpace objects, 0(0B) LOS objects, 23% free, 52MB/68MB, paused 232us total 14.026ms
08-04 17:21:04.891 28588 28676 I art     : Starting a blocking GC Explicit
08-04 17:21:04.906 28588 28676 I art     : Explicit concurrent mark sweep GC freed 1340(78KB) AllocSpace objects, 1(20KB) LOS objects, 23% free, 52MB/68MB, paused 241us total 14.408ms
08-04 17:21:04.912 28588 28676 I art     : Starting a blocking GC Explicit
08-04 17:21:04.927 28588 28676 I art     : Explicit concurrent mark sweep GC freed 20(704B) AllocSpace objects, 0(0B) LOS objects, 23% free, 52MB/68MB, paused 259us total 14.672ms
08-04 17:21:04.934 28588 28676 I art     : Starting a blocking GC Explicit
08-04 17:21:04.948 28588 28676 I art     : Explicit concurrent mark sweep GC freed 3(96B) AllocSpace objects, 0(0B) LOS objects, 23% free, 52MB/68MB, paused 222us total 13.457ms
08-04 17:21:04.953 28588 28676 I art     : Starting a blocking GC Explicit
08-04 17:21:04.966 28588 28676 I art     : Explicit concurrent mark sweep GC freed 3(96B) AllocSpace objects, 0(0B) LOS objects, 23% free, 52MB/68MB, paused 225us total 12.653ms
08-04 17:21:04.972 28588 28676 I art     : Starting a blocking GC Explicit
08-04 17:21:04.985 28588 28676 I art     : Explicit concurrent mark sweep GC freed 3(96B) AllocSpace objects, 0(0B) LOS objects, 23% free, 52MB/68MB, paused 227us total 12.495ms
08-04 17:21:05.047 29417 29417 D AndroidRuntime: >>>>>> START com.android.internal.os.RuntimeInit uid 2000 <<<<<<
08-04 17:21:05.052 29417 29417 D AndroidRuntime: CheckJNI is OFF
08-04 17:21:05.078 29417 29417 D ICU     : No timezone override file found: /data/misc/zoneinfo/current/icu/icu_tzdata.dat
08-04 17:21:05.105 29417 29417 I Radio-JNI: register_android_hardware_Radio DONE
08-04 17:21:05.121 29417 29417 D AndroidRuntime: Calling main entry com.android.commands.input.Input
08-04 17:21:05.123 29417 29417 I Input   : injectMotionEvent: MotionEvent { action=ACTION_DOWN, actionButton=0, id[0]=0, x[0]=733.0, y[0]=1370.0, toolType[0]=TOOL_TYPE_UNKNOWN, buttonState=0, metaState=0, flags=0x0, edgeFlags=0x0, pointerCount=1, historySize=0, eventTime=724881536, downTime=724881536, deviceId=0, source=0x1002 }
08-04 17:21:05.129 29417 29417 I Input   : injectMotionEvent: MotionEvent { action=ACTION_UP, actionButton=0, id[0]=0, x[0]=733.0, y[0]=1370.0, toolType[0]=TOOL_TYPE_UNKNOWN, buttonState=0, metaState=0, flags=0x0, edgeFlags=0x0, pointerCount=1, historySize=0, eventTime=724881536, downTime=724881536, deviceId=0, source=0x1002 }
08-04 17:21:05.130   918  5481 I ActivityManager: START u0 {cmp=baseline.appteam.nith.hillffair/.activities.ClubActivity (has extras)} from uid 10651 on display 0
08-04 17:21:05.138 29417 29417 D AndroidRuntime: Shutting down VM
08-04 17:21:05.212 13866 13866 I GoogleInputMethodServic: GoogleInputMethodService.onFinishInput():3138 
08-04 17:21:05.213   918   936 I ActivityManager: Displayed baseline.appteam.nith.hillffair/.activities.ClubActivity: +74ms
08-04 17:21:05.213 13866 13866 I GoogleInputMethodServic: GoogleInputMethodService.onStartInput():1808 
08-04 17:21:05.215 28588 28601 I art     : Starting a blocking GC Explicit
08-04 17:21:05.232 28588 28601 I art     : Explicit concurrent mark sweep GC freed 4929(286KB) AllocSpace objects, 1(20KB) LOS objects, 23% free, 52MB/68MB, paused 453us total 16.176ms
08-04 17:21:05.241 28588 28601 I art     : Starting a blocking GC Explicit
08-04 17:21:05.255 28588 28601 I art     : Explicit concurrent mark sweep GC freed 253(13KB) AllocSpace objects, 0(0B) LOS objects, 23% free, 52MB/68MB, paused 252us total 13.789ms
08-04 17:21:05.261 28588 28601 I art     : Starting a blocking GC Explicit
08-04 17:21:05.274 28588 28601 I art     : Explicit concurrent mark sweep GC freed 3(96B) AllocSpace objects, 0(0B) LOS objects, 23% free, 52MB/68MB, paused 288us total 12.975ms
08-04 17:21:05.281 28588 28601 I art     : Starting a blocking GC Explicit
08-04 17:21:05.295 28588 28601 I art     : Explicit concurrent mark sweep GC freed 3(96B) AllocSpace objects, 0(0B) LOS objects, 23% free, 52MB/68MB, paused 264us total 14.181ms
08-04 17:21:05.302 28588 28601 I art     : Starting a blocking GC Explicit
08-04 17:21:05.316 28588 28601 I art     : Explicit concurrent mark sweep GC freed 3(96B) AllocSpace objects, 0(0B) LOS objects, 23% free, 52MB/68MB, paused 252us total 13.833ms
08-04 17:21:05.330   918  3261 D WifiStateMachine: starting scan for "H369AA63323"WPA_PSK with 2412,5180
08-04 17:21:05.458   380   380 W SurfaceFlinger: couldn't log to binary event log: overflow.
08-04 17:21:05.548 28588 28676 I art     : Starting a blocking GC Explicit
08-04 17:21:05.562 28588 28676 I art     : Explicit concurrent mark sweep GC freed 1341(78KB) AllocSpace objects, 1(20KB) LOS objects, 23% free, 52MB/68MB, paused 248us total 13.755ms
08-04 17:21:05.569 28588 28676 I art     : Starting a blocking GC Explicit
08-04 17:21:05.583 28588 28676 I art     : Explicit concurrent mark sweep GC freed 29(1040B) AllocSpace objects, 0(0B) LOS objects, 23% free, 52MB/68MB, paused 257us total 14.565ms
08-04 17:21:05.590 28588 28676 I art     : Starting a blocking GC Explicit
08-04 17:21:05.606 28588 28676 I art     : Explicit concurrent mark sweep GC freed 101(5KB) AllocSpace objects, 0(0B) LOS objects, 23% free, 52MB/68MB, paused 268us total 16.389ms
08-04 17:21:05.614 28588 28676 I art     : Starting a blocking GC Explicit
08-04 17:21:05.627 24412 24412 W Atfwd_Sendcmd: AtCmdFwd service not published, waiting... retryCnt : 2
08-04 17:21:05.629 28588 28676 I art     : Explicit concurrent mark sweep GC freed 12(448B) AllocSpace objects, 0(0B) LOS objects, 23% free, 52MB/68MB, paused 301us total 14.593ms
08-04 17:21:05.636 28588 28676 I art     : Starting a blocking GC Explicit
08-04 17:21:05.650 28588 28676 I art     : Explicit concurrent mark sweep GC freed 10(352B) AllocSpace objects, 0(0B) LOS objects, 23% free, 52MB/68MB, paused 274us total 13.907ms
08-04 17:21:05.923 28588 28676 I art     : Starting a blocking GC Explicit
08-04 17:21:05.941 28588 28676 I art     : Explicit concurrent mark sweep GC freed 1909(129KB) AllocSpace objects, 1(20KB) LOS objects, 23% free, 52MB/68MB, paused 327us total 17.442ms
08-04 17:21:05.948 28588 28676 I art     : Starting a blocking GC Explicit
08-04 17:21:05.963 28588 29446 D OkHttp  : --> GET https://api-hillfair-2k16.herokuapp.com/api/app/events/special/event?id=580655cddcba0f490c70fdd0 http/1.1
08-04 17:21:05.965 28588 28676 I art     : Explicit concurrent mark sweep GC freed 2153(86KB) AllocSpace objects, 2(120KB) LOS objects, 23% free, 52MB/68MB, paused 419us total 17.309ms
08-04 17:21:05.971 28588 28676 I art     : Starting a blocking GC Explicit
08-04 17:21:05.985 28588 28676 I art     : Explicit concurrent mark sweep GC freed 927(115KB) AllocSpace objects, 1(80KB) LOS objects, 23% free, 52MB/68MB, paused 243us total 13.341ms
08-04 17:21:05.991 28588 28676 I art     : Starting a blocking GC Explicit
08-04 17:21:05.998 28588 29446 D OkHttp  : <-- 200 OK https://api-hillfair-2k16.herokuapp.com/api/app/events/special/event?id=580655cddcba0f490c70fdd0 (34ms, 721-byte body)
08-04 17:21:06.004 28588 28676 I art     : Explicit concurrent mark sweep GC freed 180(35KB) AllocSpace objects, 0(0B) LOS objects, 23% free, 52MB/68MB, paused 268us total 13.418ms
08-04 17:21:06.010 28588 28676 I art     : Starting a blocking GC Explicit
08-04 17:21:06.024 28588 28676 I art     : Explicit concurrent mark sweep GC freed 64(2736B) AllocSpace objects, 0(0B) LOS objects, 23% free, 52MB/68MB, paused 250us total 13.888ms
08-04 17:21:06.078 28588 28588 I NAPPA_EXPERIMENTATION: MetricNetworkRequestExecutionTime: REQUEST_DURATION_SYSTEM='919',REQUEST_DURATION_OKHTTP='34',REQUEST_SYNCHRONOUS='FALSE',RESPONSE_CODE='200',RESPONSE_METHOD='GET',RESPONSE_LENGTH_OKHTTP='721',RESPONSE_LENGTH_HEADER='721',REQUEST_PROTOCOL='http/1.1',REQUEST_URL='https://api-hillfair-2k16.herokuapp.com/api/app/events/special/event?id=580655cddcba0f490c70fdd0',
08-04 17:21:06.303 28588 28601 I art     : Starting a blocking GC Explicit
08-04 17:21:06.322 28588 28601 I art     : Explicit concurrent mark sweep GC freed 1969(166KB) AllocSpace objects, 1(20KB) LOS objects, 23% free, 52MB/68MB, paused 269us total 18.322ms
08-04 17:21:06.330 28588 28601 I art     : Starting a blocking GC Explicit
08-04 17:21:06.346 28588 28601 I art     : Explicit concurrent mark sweep GC freed 70(2304B) AllocSpace objects, 0(0B) LOS objects, 23% free, 52MB/68MB, paused 264us total 15.753ms
08-04 17:21:06.352 28588 28601 I art     : Starting a blocking GC Explicit
08-04 17:21:06.367 28588 28601 I art     : Explicit concurrent mark sweep GC freed 3(96B) AllocSpace objects, 0(0B) LOS objects, 23% free, 52MB/68MB, paused 245us total 14.752ms
08-04 17:21:06.374 28588 28601 I art     : Starting a blocking GC Explicit
08-04 17:21:06.389 28588 28601 I art     : Explicit concurrent mark sweep GC freed 3(96B) AllocSpace objects, 0(0B) LOS objects, 23% free, 52MB/68MB, paused 225us total 14.503ms
08-04 17:21:06.395 28588 28601 I art     : Starting a blocking GC Explicit
08-04 17:21:06.410 28588 28601 I art     : Explicit concurrent mark sweep GC freed 3(96B) AllocSpace objects, 0(0B) LOS objects, 23% free, 52MB/68MB, paused 230us total 14.806ms
08-04 17:21:06.706 28588 29395 I art     : Starting a blocking GC Explicit
08-04 17:21:06.732 28588 29395 I art     : Explicit concurrent mark sweep GC freed 1341(78KB) AllocSpace objects, 1(20KB) LOS objects, 23% free, 52MB/68MB, paused 294us total 26.045ms
08-04 17:21:06.742 28588 29395 I art     : Starting a blocking GC Explicit
08-04 17:21:06.762 28588 29395 I art     : Explicit concurrent mark sweep GC freed 36(1264B) AllocSpace objects, 0(0B) LOS objects, 23% free, 52MB/68MB, paused 252us total 18.913ms
08-04 17:21:06.769 28588 29395 I art     : Starting a blocking GC Explicit
08-04 17:21:06.785 28588 29395 I art     : Explicit concurrent mark sweep GC freed 3(96B) AllocSpace objects, 0(0B) LOS objects, 23% free, 52MB/68MB, paused 336us total 15.958ms
08-04 17:21:06.792 28588 29395 I art     : Starting a blocking GC Explicit
08-04 17:21:06.808 28588 29395 I art     : Explicit concurrent mark sweep GC freed 3(96B) AllocSpace objects, 0(0B) LOS objects, 23% free, 52MB/68MB, paused 258us total 15.145ms
08-04 17:21:06.814 28588 29395 I art     : Starting a blocking GC Explicit
08-04 17:21:06.829 28588 29395 I art     : Explicit concurrent mark sweep GC freed 3(96B) AllocSpace objects, 0(0B) LOS objects, 23% free, 52MB/68MB, paused 247us total 14.956ms
08-04 17:21:07.146 28588 28601 I art     : Starting a blocking GC Explicit
08-04 17:21:07.169 28588 28601 I art     : Explicit concurrent mark sweep GC freed 1341(78KB) AllocSpace objects, 1(20KB) LOS objects, 23% free, 52MB/68MB, paused 309us total 21.961ms
08-04 17:21:07.179 28588 28601 I art     : Starting a blocking GC Explicit
08-04 17:21:07.199 28588 28601 I art     : Explicit concurrent mark sweep GC freed 20(704B) AllocSpace objects, 0(0B) LOS objects, 23% free, 52MB/68MB, paused 250us total 19.165ms
08-04 17:21:07.208 28588 28601 I art     : Starting a blocking GC Explicit
08-04 17:21:07.224 28588 28601 I art     : Explicit concurrent mark sweep GC freed 3(96B) AllocSpace objects, 0(0B) LOS objects, 23% free, 52MB/68MB, paused 252us total 15.631ms
08-04 17:21:07.231 28588 28601 I art     : Starting a blocking GC Explicit
08-04 17:21:07.248 28588 28601 I art     : Explicit concurrent mark sweep GC freed 3(96B) AllocSpace objects, 0(0B) LOS objects, 23% free, 52MB/68MB, paused 250us total 16.132ms
08-04 17:21:07.254 28588 28601 I art     : Starting a blocking GC Explicit
08-04 17:21:07.269 28588 28601 I art     : Explicit concurrent mark sweep GC freed 3(96B) AllocSpace objects, 0(0B) LOS objects, 23% free, 52MB/68MB, paused 255us total 15.153ms
08-04 17:21:07.586 28588 28676 I art     : Starting a blocking GC Explicit
08-04 17:21:07.612 28588 28676 I art     : Explicit concurrent mark sweep GC freed 1341(78KB) AllocSpace objects, 1(20KB) LOS objects, 23% free, 52MB/68MB, paused 306us total 26.280ms
08-04 17:21:07.623 28588 28676 I art     : Starting a blocking GC Explicit
08-04 17:21:07.639 28588 28676 I art     : Explicit concurrent mark sweep GC freed 20(704B) AllocSpace objects, 0(0B) LOS objects, 23% free, 52MB/68MB, paused 244us total 15.457ms
08-04 17:21:07.645 28588 28676 I art     : Starting a blocking GC Explicit
08-04 17:21:07.660 28588 28676 I art     : Explicit concurrent mark sweep GC freed 3(96B) AllocSpace objects, 0(0B) LOS objects, 23% free, 52MB/68MB, paused 241us total 15.065ms
08-04 17:21:07.667 28588 28676 I art     : Starting a blocking GC Explicit
08-04 17:21:07.683 28588 28676 I art     : Explicit concurrent mark sweep GC freed 3(96B) AllocSpace objects, 0(0B) LOS objects, 23% free, 52MB/68MB, paused 246us total 15.942ms
08-04 17:21:07.683 28588 28598 I art     : WaitForGcToComplete blocked for 13.998ms for cause HeapTrim
08-04 17:21:07.690 28588 28676 I art     : Starting a blocking GC Explicit
08-04 17:21:07.705 28588 28676 I art     : Explicit concurrent mark sweep GC freed 3(96B) AllocSpace objects, 0(0B) LOS objects, 23% free, 52MB/68MB, paused 279us total 15.250ms
08-04 17:21:08.023 28588 28599 I art     : Starting a blocking GC Explicit
08-04 17:21:08.045 28588 28599 I art     : Explicit concurrent mark sweep GC freed 1341(78KB) AllocSpace objects, 1(20KB) LOS objects, 23% free, 52MB/68MB, paused 287us total 22.255ms
08-04 17:21:08.055 28588 28599 I art     : Starting a blocking GC Explicit
08-04 17:21:08.071 28588 28599 I art     : Explicit concurrent mark sweep GC freed 20(704B) AllocSpace objects, 0(0B) LOS objects, 23% free, 52MB/68MB, paused 253us total 15.965ms
08-04 17:21:08.078 28588 28599 I art     : Starting a blocking GC Explicit
08-04 17:21:08.094 28588 28599 I art     : Explicit concurrent mark sweep GC freed 3(96B) AllocSpace objects, 0(0B) LOS objects, 23% free, 52MB/68MB, paused 248us total 15.662ms
08-04 17:21:08.101 28588 28599 I art     : Starting a blocking GC Explicit
08-04 17:21:08.116 28588 28599 I art     : Explicit concurrent mark sweep GC freed 3(96B) AllocSpace objects, 0(0B) LOS objects, 23% free, 52MB/68MB, paused 246us total 15.240ms
08-04 17:21:08.124 28588 28599 I art     : Starting a blocking GC Explicit
08-04 17:21:08.140 28588 28599 I art     : Explicit concurrent mark sweep GC freed 3(96B) AllocSpace objects, 0(0B) LOS objects, 23% free, 52MB/68MB, paused 248us total 15.544ms
08-04 17:21:08.445 28588 29395 I art     : Starting a blocking GC Explicit
08-04 17:21:08.468 28588 29395 I art     : Explicit concurrent mark sweep GC freed 1341(78KB) AllocSpace objects, 1(20KB) LOS objects, 23% free, 52MB/68MB, paused 495us total 23.190ms
08-04 17:21:08.477 28588 29395 I art     : Starting a blocking GC Explicit
08-04 17:21:08.492 28588 29395 I art     : Explicit concurrent mark sweep GC freed 20(704B) AllocSpace objects, 0(0B) LOS objects, 23% free, 52MB/68MB, paused 248us total 15.538ms
08-04 17:21:08.499 28588 29395 I art     : Starting a blocking GC Explicit
08-04 17:21:08.514 28588 29395 I art     : Explicit concurrent mark sweep GC freed 3(96B) AllocSpace objects, 0(0B) LOS objects, 23% free, 52MB/68MB, paused 248us total 14.890ms
08-04 17:21:08.521 28588 29395 I art     : Starting a blocking GC Explicit
08-04 17:21:08.536 28588 29395 I art     : Explicit concurrent mark sweep GC freed 3(96B) AllocSpace objects, 0(0B) LOS objects, 23% free, 52MB/68MB, paused 249us total 14.877ms
08-04 17:21:08.542 28588 29395 I art     : Starting a blocking GC Explicit
08-04 17:21:08.557 28588 29395 I art     : Explicit concurrent mark sweep GC freed 3(96B) AllocSpace objects, 0(0B) LOS objects, 23% free, 52MB/68MB, paused 255us total 14.861ms
08-04 17:21:08.864 28588 28601 I art     : Starting a blocking GC Explicit
08-04 17:21:08.886 28588 28601 I art     : Explicit concurrent mark sweep GC freed 1341(78KB) AllocSpace objects, 1(20KB) LOS objects, 23% free, 52MB/68MB, paused 308us total 21.650ms
08-04 17:21:08.895 28588 28601 I art     : Starting a blocking GC Explicit
08-04 17:21:08.912 28588 28601 I art     : Explicit concurrent mark sweep GC freed 20(704B) AllocSpace objects, 0(0B) LOS objects, 23% free, 52MB/68MB, paused 285us total 16.296ms
08-04 17:21:08.919 28588 28601 I art     : Starting a blocking GC Explicit
08-04 17:21:08.934 28588 28601 I art     : Explicit concurrent mark sweep GC freed 3(96B) AllocSpace objects, 0(0B) LOS objects, 23% free, 52MB/68MB, paused 246us total 14.859ms
08-04 17:21:08.940 28588 28601 I art     : Starting a blocking GC Explicit
08-04 17:21:08.956 28588 28601 I art     : Explicit concurrent mark sweep GC freed 3(96B) AllocSpace objects, 0(0B) LOS objects, 23% free, 52MB/68MB, paused 243us total 15.048ms
08-04 17:21:08.962 28588 28601 I art     : Starting a blocking GC Explicit
08-04 17:21:08.978 28588 28601 I art     : Explicit concurrent mark sweep GC freed 3(96B) AllocSpace objects, 0(0B) LOS objects, 23% free, 52MB/68MB, paused 253us total 15.360ms
08-04 17:21:09.275 28588 28676 I art     : Starting a blocking GC Explicit
08-04 17:21:09.296 28588 28676 I art     : Explicit concurrent mark sweep GC freed 1341(78KB) AllocSpace objects, 1(20KB) LOS objects, 23% free, 52MB/68MB, paused 290us total 20.835ms
08-04 17:21:09.305 28588 28676 I art     : Starting a blocking GC Explicit
08-04 17:21:09.321 28588 28676 I art     : Explicit concurrent mark sweep GC freed 20(704B) AllocSpace objects, 0(0B) LOS objects, 23% free, 52MB/68MB, paused 245us total 15.794ms
08-04 17:21:09.328 28588 28676 I art     : Starting a blocking GC Explicit
08-04 17:21:09.344 28588 28676 I art     : Explicit concurrent mark sweep GC freed 3(96B) AllocSpace objects, 0(0B) LOS objects, 23% free, 52MB/68MB, paused 250us total 15.474ms
08-04 17:21:09.351 28588 28676 I art     : Starting a blocking GC Explicit
08-04 17:21:09.366 28588 28676 I art     : Explicit concurrent mark sweep GC freed 3(96B) AllocSpace objects, 0(0B) LOS objects, 23% free, 52MB/68MB, paused 237us total 15.665ms
08-04 17:21:09.373 28588 28676 I art     : Starting a blocking GC Explicit
08-04 17:21:09.389 28588 28676 I art     : Explicit concurrent mark sweep GC freed 3(96B) AllocSpace objects, 0(0B) LOS objects, 23% free, 52MB/68MB, paused 223us total 15.194ms
08-04 17:21:09.664 28588 28599 I art     : Starting a blocking GC Explicit
08-04 17:21:09.680 28588 28599 I art     : Explicit concurrent mark sweep GC freed 1341(78KB) AllocSpace objects, 1(20KB) LOS objects, 23% free, 52MB/68MB, paused 326us total 15.737ms
08-04 17:21:09.687 28588 28599 I art     : Starting a blocking GC Explicit
08-04 17:21:09.702 28588 28599 I art     : Explicit concurrent mark sweep GC freed 20(704B) AllocSpace objects, 0(0B) LOS objects, 23% free, 52MB/68MB, paused 248us total 14.443ms
08-04 17:21:09.708 28588 28599 I art     : Starting a blocking GC Explicit
08-04 17:21:09.723 28588 28599 I art     : Explicit concurrent mark sweep GC freed 3(96B) AllocSpace objects, 0(0B) LOS objects, 23% free, 52MB/68MB, paused 254us total 14.839ms
08-04 17:21:09.726 29577 29577 D AndroidRuntime: >>>>>> START com.android.internal.os.RuntimeInit uid 2000 <<<<<<
08-04 17:21:09.730 29577 29577 D AndroidRuntime: CheckJNI is OFF
08-04 17:21:09.730 28588 28599 I art     : Starting a blocking GC Explicit
08-04 17:21:09.745 28588 28599 I art     : Explicit concurrent mark sweep GC freed 3(96B) AllocSpace objects, 0(0B) LOS objects, 23% free, 52MB/68MB, paused 247us total 14.308ms
08-04 17:21:09.751 28588 28599 I art     : Starting a blocking GC Explicit
08-04 17:21:09.758 29577 29577 D ICU     : No timezone override file found: /data/misc/zoneinfo/current/icu/icu_tzdata.dat
08-04 17:21:09.765 28588 28599 I art     : Explicit concurrent mark sweep GC freed 3(96B) AllocSpace objects, 0(0B) LOS objects, 23% free, 52MB/68MB, paused 296us total 14.236ms
08-04 17:21:09.783 29577 29577 I Radio-JNI: register_android_hardware_Radio DONE
08-04 17:21:09.799 29577 29577 D AndroidRuntime: Calling main entry com.android.commands.input.Input
08-04 17:21:09.800 29577 29577 I Input   : injectKeyEvent: KeyEvent { action=ACTION_DOWN, keyCode=KEYCODE_BACK, scanCode=0, metaState=0, flags=0x0, repeatCount=0, eventTime=724886213, downTime=724886213, deviceId=-1, source=0x101 }
08-04 17:21:09.806 29577 29577 I Input   : injectKeyEvent: KeyEvent { action=ACTION_UP, keyCode=KEYCODE_BACK, scanCode=0, metaState=0, flags=0x0, repeatCount=0, eventTime=724886213, downTime=724886213, deviceId=-1, source=0x101 }
08-04 17:21:09.812 29577 29577 D AndroidRuntime: Shutting down VM
08-04 17:21:09.851 13866 13866 I GoogleInputMethodServic: GoogleInputMethodService.onFinishInput():3138 
08-04 17:21:09.852 13866 13866 I GoogleInputMethodServic: GoogleInputMethodService.onStartInput():1808 
08-04 17:21:09.992 28588 29395 I art     : Starting a blocking GC Explicit
08-04 17:21:10.009 28588 29395 I art     : Explicit concurrent mark sweep GC freed 1511(85KB) AllocSpace objects, 1(20KB) LOS objects, 23% free, 52MB/68MB, paused 258us total 17.318ms
08-04 17:21:10.016 28588 29395 I art     : Starting a blocking GC Explicit
08-04 17:21:10.031 28588 29395 I art     : Explicit concurrent mark sweep GC freed 26(944B) AllocSpace objects, 0(0B) LOS objects, 23% free, 52MB/68MB, paused 243us total 14.386ms
08-04 17:21:10.039 28588 29395 I art     : Starting a blocking GC Explicit
08-04 17:21:10.054 28588 29395 I art     : Explicit concurrent mark sweep GC freed 3(96B) AllocSpace objects, 0(0B) LOS objects, 23% free, 52MB/68MB, paused 227us total 14.800ms
08-04 17:21:10.060 28588 29395 I art     : Starting a blocking GC Explicit
08-04 17:21:10.075 28588 29395 I art     : Explicit concurrent mark sweep GC freed 3(96B) AllocSpace objects, 0(0B) LOS objects, 23% free, 52MB/68MB, paused 254us total 14.625ms
08-04 17:21:10.082 28588 29395 I art     : Starting a blocking GC Explicit
08-04 17:21:10.096 28588 29395 I art     : Explicit concurrent mark sweep GC freed 3(96B) AllocSpace objects, 0(0B) LOS objects, 23% free, 52MB/68MB, paused 223us total 14.003ms
08-04 17:21:10.146   380   380 W SurfaceFlinger: couldn't log to binary event log: overflow.
08-04 17:21:10.348 28588 28601 I art     : Starting a blocking GC Explicit
08-04 17:21:10.366 28588 28601 I art     : Explicit concurrent mark sweep GC freed 1450(87KB) AllocSpace objects, 1(20KB) LOS objects, 23% free, 52MB/68MB, paused 273us total 18.070ms
08-04 17:21:10.376 28588 28601 I art     : Starting a blocking GC Explicit
08-04 17:21:10.395 28588 28601 I art     : Explicit concurrent mark sweep GC freed 1672(106KB) AllocSpace objects, 3(400KB) LOS objects, 23% free, 52MB/68MB, paused 269us total 18.975ms
08-04 17:21:10.404 28588 28601 I art     : Starting a blocking GC Explicit
08-04 17:21:10.419 28588 28601 I art     : Explicit concurrent mark sweep GC freed 3(96B) AllocSpace objects, 0(0B) LOS objects, 23% free, 52MB/68MB, paused 303us total 14.833ms
08-04 17:21:10.425 28588 28601 I art     : Starting a blocking GC Explicit
08-04 17:21:10.440 28588 28601 I art     : Explicit concurrent mark sweep GC freed 3(96B) AllocSpace objects, 0(0B) LOS objects, 23% free, 52MB/68MB, paused 236us total 14.716ms
08-04 17:21:10.447 28588 28601 I art     : Starting a blocking GC Explicit
08-04 17:21:10.462 28588 28601 I art     : Explicit concurrent mark sweep GC freed 3(96B) AllocSpace objects, 0(0B) LOS objects, 23% free, 52MB/68MB, paused 263us total 14.205ms
08-04 17:21:10.763 28588 29395 I art     : Starting a blocking GC Explicit
08-04 17:21:10.789 28588 29395 I art     : Explicit concurrent mark sweep GC freed 1341(78KB) AllocSpace objects, 1(20KB) LOS objects, 23% free, 52MB/68MB, paused 396us total 25.606ms
08-04 17:21:10.801 28588 29395 I art     : Starting a blocking GC Explicit
08-04 17:21:10.815 28588 29395 I art     : Explicit concurrent mark sweep GC freed 20(704B) AllocSpace objects, 0(0B) LOS objects, 23% free, 52MB/68MB, paused 237us total 14.458ms
08-04 17:21:10.822 28588 29395 I art     : Starting a blocking GC Explicit
08-04 17:21:10.837 28588 29395 I art     : Explicit concurrent mark sweep GC freed 3(96B) AllocSpace objects, 0(0B) LOS objects, 23% free, 52MB/68MB, paused 303us total 14.670ms
08-04 17:21:10.843 28588 29395 I art     : Starting a blocking GC Explicit
08-04 17:21:10.858 28588 29395 I art     : Explicit concurrent mark sweep GC freed 3(96B) AllocSpace objects, 0(0B) LOS objects, 23% free, 52MB/68MB, paused 250us total 14.589ms
08-04 17:21:10.864 28588 29395 I art     : Starting a blocking GC Explicit
08-04 17:21:10.879 28588 29395 I art     : Explicit concurrent mark sweep GC freed 3(96B) AllocSpace objects, 0(0B) LOS objects, 23% free, 52MB/68MB, paused 239us total 14.297ms
08-04 17:21:11.134 28588 28676 I art     : Starting a blocking GC Explicit
08-04 17:21:11.149 28588 28676 I art     : Explicit concurrent mark sweep GC freed 1340(78KB) AllocSpace objects, 1(20KB) LOS objects, 23% free, 52MB/68MB, paused 254us total 14.639ms
08-04 17:21:11.155 28588 28676 I art     : Starting a blocking GC Explicit
08-04 17:21:11.170 28588 28676 I art     : Explicit concurrent mark sweep GC freed 20(704B) AllocSpace objects, 0(0B) LOS objects, 23% free, 52MB/68MB, paused 259us total 14.378ms
08-04 17:21:11.177 28588 28676 I art     : Starting a blocking GC Explicit
08-04 17:21:11.191 28588 28676 I art     : Explicit concurrent mark sweep GC freed 3(96B) AllocSpace objects, 0(0B) LOS objects, 23% free, 52MB/68MB, paused 243us total 13.544ms
08-04 17:21:11.197 28588 28676 I art     : Starting a blocking GC Explicit
08-04 17:21:11.210 28588 28676 I art     : Explicit concurrent mark sweep GC freed 3(96B) AllocSpace objects, 0(0B) LOS objects, 23% free, 52MB/68MB, paused 242us total 13.540ms
08-04 17:21:11.216 28588 28676 I art     : Starting a blocking GC Explicit
08-04 17:21:11.231 28588 28676 I art     : Explicit concurrent mark sweep GC freed 3(96B) AllocSpace objects, 0(0B) LOS objects, 23% free, 52MB/68MB, paused 326us total 14.366ms
08-04 17:21:11.381 29637 29637 D AndroidRuntime: >>>>>> START com.android.internal.os.RuntimeInit uid 2000 <<<<<<
08-04 17:21:11.386 29637 29637 D AndroidRuntime: CheckJNI is OFF
08-04 17:21:11.412 29637 29637 D ICU     : No timezone override file found: /data/misc/zoneinfo/current/icu/icu_tzdata.dat
08-04 17:21:11.436 29637 29637 I Radio-JNI: register_android_hardware_Radio DONE
08-04 17:21:11.452 29637 29637 D AndroidRuntime: Calling main entry com.android.commands.input.Input
08-04 17:21:11.454 29637 29637 I Input   : injectMotionEvent: MotionEvent { action=ACTION_DOWN, actionButton=0, id[0]=0, x[0]=733.0, y[0]=1957.0, toolType[0]=TOOL_TYPE_UNKNOWN, buttonState=0, metaState=0, flags=0x0, edgeFlags=0x0, pointerCount=1, historySize=0, eventTime=724887867, downTime=724887867, deviceId=0, source=0x1002 }
08-04 17:21:11.458 29637 29637 I Input   : injectMotionEvent: MotionEvent { action=ACTION_UP, actionButton=0, id[0]=0, x[0]=733.0, y[0]=1957.0, toolType[0]=TOOL_TYPE_UNKNOWN, buttonState=0, metaState=0, flags=0x0, edgeFlags=0x0, pointerCount=1, historySize=0, eventTime=724887867, downTime=724887867, deviceId=0, source=0x1002 }
08-04 17:21:11.459   918  6029 I ActivityManager: START u0 {cmp=baseline.appteam.nith.hillffair/.activities.ClubActivity (has extras)} from uid 10651 on display 0
08-04 17:21:11.467 29637 29637 D AndroidRuntime: Shutting down VM
08-04 17:21:11.484 28588 28676 I art     : Starting a blocking GC Explicit
08-04 17:21:11.505 28588 28676 I art     : Explicit concurrent mark sweep GC freed 4739(282KB) AllocSpace objects, 1(20KB) LOS objects, 23% free, 52MB/68MB, paused 440us total 19.698ms
08-04 17:21:11.511 28588 28676 I art     : Starting a blocking GC Explicit
08-04 17:21:11.525 28588 28676 I art     : Explicit concurrent mark sweep GC freed 239(10KB) AllocSpace objects, 0(0B) LOS objects, 23% free, 52MB/68MB, paused 306us total 14.009ms
08-04 17:21:11.531 28588 28676 I art     : Starting a blocking GC Explicit
08-04 17:21:11.546 28588 28676 I art     : Explicit concurrent mark sweep GC freed 145(5KB) AllocSpace objects, 0(0B) LOS objects, 23% free, 52MB/68MB, paused 548us total 14.848ms
08-04 17:21:11.552 13866 13866 I GoogleInputMethodServic: GoogleInputMethodService.onFinishInput():3138 
08-04 17:21:11.553   918   936 I ActivityManager: Displayed baseline.appteam.nith.hillffair/.activities.ClubActivity: +85ms
08-04 17:21:11.553 13866 13866 I GoogleInputMethodServic: GoogleInputMethodService.onStartInput():1808 
08-04 17:21:11.554 28588 28676 I art     : Starting a blocking GC Explicit
08-04 17:21:11.569 28588 28676 I art     : Explicit concurrent mark sweep GC freed 47(1856B) AllocSpace objects, 0(0B) LOS objects, 23% free, 52MB/68MB, paused 338us total 15.355ms
08-04 17:21:11.578 28588 28676 I art     : Starting a blocking GC Explicit
08-04 17:21:11.592 28588 28676 I art     : Explicit concurrent mark sweep GC freed 13(528B) AllocSpace objects, 0(0B) LOS objects, 23% free, 52MB/68MB, paused 272us total 13.846ms
08-04 17:21:11.798   380   380 W SurfaceFlinger: couldn't log to binary event log: overflow.
08-04 17:21:11.830 28588 29395 I art     : Starting a blocking GC Explicit
08-04 17:21:11.845 28588 29395 I art     : Explicit concurrent mark sweep GC freed 1419(83KB) AllocSpace objects, 1(20KB) LOS objects, 23% free, 52MB/68MB, paused 290us total 14.469ms
08-04 17:21:11.851 28588 29395 I art     : Starting a blocking GC Explicit
08-04 17:21:11.865 28588 29395 I art     : Explicit concurrent mark sweep GC freed 20(704B) AllocSpace objects, 0(0B) LOS objects, 23% free, 52MB/68MB, paused 293us total 14.365ms
08-04 17:21:11.872 28588 29395 I art     : Starting a blocking GC Explicit
08-04 17:21:11.887 28588 29395 I art     : Explicit concurrent mark sweep GC freed 3(96B) AllocSpace objects, 0(0B) LOS objects, 23% free, 52MB/68MB, paused 286us total 15.425ms
08-04 17:21:11.894 28588 29395 I art     : Starting a blocking GC Explicit
08-04 17:21:11.909 28588 29395 I art     : Explicit concurrent mark sweep GC freed 3(96B) AllocSpace objects, 0(0B) LOS objects, 23% free, 52MB/68MB, paused 278us total 14.900ms
08-04 17:21:11.916 28588 29395 I art     : Starting a blocking GC Explicit
08-04 17:21:11.932 28588 29395 I art     : Explicit concurrent mark sweep GC freed 3(96B) AllocSpace objects, 0(0B) LOS objects, 23% free, 52MB/68MB, paused 375us total 15.811ms
08-04 17:21:12.218 28588 28601 I art     : Starting a blocking GC Explicit
08-04 17:21:12.236 28588 28601 I art     : Explicit concurrent mark sweep GC freed 1494(86KB) AllocSpace objects, 1(20KB) LOS objects, 23% free, 52MB/68MB, paused 299us total 17.854ms
08-04 17:21:12.243 28588 28601 I art     : Starting a blocking GC Explicit
08-04 17:21:12.258 28588 28601 I art     : Explicit concurrent mark sweep GC freed 61(2048B) AllocSpace objects, 0(0B) LOS objects, 23% free, 52MB/68MB, paused 282us total 14.902ms
08-04 17:21:12.265 28588 28601 I art     : Starting a blocking GC Explicit
08-04 17:21:12.280 28588 28601 I art     : Explicit concurrent mark sweep GC freed 7(240B) AllocSpace objects, 0(0B) LOS objects, 23% free, 52MB/68MB, paused 290us total 15.410ms
08-04 17:21:12.287 28588 28601 I art     : Starting a blocking GC Explicit
08-04 17:21:12.302 28588 28601 I art     : Explicit concurrent mark sweep GC freed 10(400B) AllocSpace objects, 0(0B) LOS objects, 23% free, 52MB/68MB, paused 255us total 14.274ms
08-04 17:21:12.308 28588 28601 I art     : Starting a blocking GC Explicit
08-04 17:21:12.323 28588 28601 I art     : Explicit concurrent mark sweep GC freed 12(416B) AllocSpace objects, 0(0B) LOS objects, 23% free, 52MB/68MB, paused 282us total 14.764ms
08-04 17:21:12.427 28588 29669 D OkHttp  : --> GET https://api-hillfair-2k16.herokuapp.com/api/app/events/special/event?id=58065620dcba0f490c70fe09 http/1.1
08-04 17:21:12.459 28588 29669 D OkHttp  : <-- 200 OK https://api-hillfair-2k16.herokuapp.com/api/app/events/special/event?id=58065620dcba0f490c70fe09 (31ms, 682-byte body)
08-04 17:21:12.533 28588 28588 I NAPPA_EXPERIMENTATION: MetricNetworkRequestExecutionTime: REQUEST_DURATION_SYSTEM='1045',REQUEST_DURATION_OKHTTP='32',REQUEST_SYNCHRONOUS='FALSE',RESPONSE_CODE='200',RESPONSE_METHOD='GET',RESPONSE_LENGTH_OKHTTP='682',RESPONSE_LENGTH_HEADER='682',REQUEST_PROTOCOL='http/1.1',REQUEST_URL='https://api-hillfair-2k16.herokuapp.com/api/app/events/special/event?id=58065620dcba0f490c70fe09',
08-04 17:21:12.561   518   646 I ThermalEngine: ACTION: GPU - Setting GPU[0] to 510000000
08-04 17:21:12.601 28588 29395 I art     : Starting a blocking GC Explicit
08-04 17:21:12.623 28588 29395 I art     : Explicit concurrent mark sweep GC freed 4817(338KB) AllocSpace objects, 4(220KB) LOS objects, 23% free, 52MB/68MB, paused 343us total 21.498ms
08-04 17:21:12.635 28588 29395 I art     : Starting a blocking GC Explicit
08-04 17:21:12.657 28588 29395 I art     : Explicit concurrent mark sweep GC freed 1039(119KB) AllocSpace objects, 0(0B) LOS objects, 23% free, 52MB/68MB, paused 455us total 20.781ms
08-04 17:21:12.667 28588 29395 I art     : Starting a blocking GC Explicit
08-04 17:21:12.686 28588 29395 I art     : Explicit concurrent mark sweep GC freed 3(96B) AllocSpace objects, 0(0B) LOS objects, 23% free, 52MB/68MB, paused 339us total 18.578ms
08-04 17:21:12.694 28588 29395 I art     : Starting a blocking GC Explicit
08-04 17:21:12.713 28588 29395 I art     : Explicit concurrent mark sweep GC freed 3(96B) AllocSpace objects, 0(0B) LOS objects, 23% free, 52MB/68MB, paused 359us total 18.848ms
08-04 17:21:12.713 28588 28598 I art     : WaitForGcToComplete blocked for 7.969ms for cause HeapTrim
08-04 17:21:12.721 28588 29395 I art     : Starting a blocking GC Explicit
08-04 17:21:12.740 28588 29395 I art     : Explicit concurrent mark sweep GC freed 3(96B) AllocSpace objects, 0(0B) LOS objects, 23% free, 52MB/68MB, paused 350us total 18.559ms
08-04 17:21:13.018 28588 28601 I art     : Starting a blocking GC Explicit
08-04 17:21:13.038 28588 28601 I art     : Explicit concurrent mark sweep GC freed 1341(78KB) AllocSpace objects, 1(20KB) LOS objects, 23% free, 52MB/68MB, paused 376us total 19.782ms
08-04 17:21:13.046 28588 28601 I art     : Starting a blocking GC Explicit
08-04 17:21:13.066 28588 28601 I art     : Explicit concurrent mark sweep GC freed 36(1264B) AllocSpace objects, 0(0B) LOS objects, 23% free, 52MB/68MB, paused 361us total 19.241ms
08-04 17:21:13.074 28588 28601 I art     : Starting a blocking GC Explicit
08-04 17:21:13.094 28588 28601 I art     : Explicit concurrent mark sweep GC freed 3(96B) AllocSpace objects, 0(0B) LOS objects, 23% free, 52MB/68MB, paused 370us total 19.516ms
08-04 17:21:13.103 28588 28601 I art     : Starting a blocking GC Explicit
08-04 17:21:13.123 28588 28601 I art     : Explicit concurrent mark sweep GC freed 3(96B) AllocSpace objects, 0(0B) LOS objects, 23% free, 52MB/68MB, paused 361us total 20.459ms
08-04 17:21:13.132 28588 28601 I art     : Starting a blocking GC Explicit
08-04 17:21:13.152 28588 28601 I art     : Explicit concurrent mark sweep GC freed 3(96B) AllocSpace objects, 0(0B) LOS objects, 23% free, 52MB/68MB, paused 365us total 19.715ms
08-04 17:21:13.485 28588 28676 I art     : Starting a blocking GC Explicit
08-04 17:21:13.515 28588 28676 I art     : Explicit concurrent mark sweep GC freed 1341(78KB) AllocSpace objects, 1(20KB) LOS objects, 23% free, 52MB/68MB, paused 427us total 29.693ms
08-04 17:21:13.528 28588 28676 I art     : Starting a blocking GC Explicit
08-04 17:21:13.551 28588 28676 I art     : Explicit concurrent mark sweep GC freed 20(704B) AllocSpace objects, 0(0B) LOS objects, 23% free, 52MB/68MB, paused 403us total 22.811ms
08-04 17:21:13.560 28588 28676 I art     : Starting a blocking GC Explicit
08-04 17:21:13.580 28588 28676 I art     : Explicit concurrent mark sweep GC freed 3(96B) AllocSpace objects, 0(0B) LOS objects, 23% free, 52MB/68MB, paused 365us total 19.874ms
08-04 17:21:13.588 28588 28676 I art     : Starting a blocking GC Explicit
08-04 17:21:13.608 28588 28676 I art     : Explicit concurrent mark sweep GC freed 3(96B) AllocSpace objects, 0(0B) LOS objects, 23% free, 52MB/68MB, paused 377us total 18.890ms
08-04 17:21:13.616 28588 28676 I art     : Starting a blocking GC Explicit
08-04 17:21:13.635 28588 28676 I art     : Explicit concurrent mark sweep GC freed 3(96B) AllocSpace objects, 0(0B) LOS objects, 23% free, 52MB/68MB, paused 370us total 18.897ms
08-04 17:21:13.898 28588 28599 I art     : Starting a blocking GC Explicit
08-04 17:21:13.918 28588 28599 I art     : Explicit concurrent mark sweep GC freed 1341(78KB) AllocSpace objects, 1(20KB) LOS objects, 23% free, 52MB/68MB, paused 366us total 19.835ms
08-04 17:21:13.926 28588 28599 I art     : Starting a blocking GC Explicit
08-04 17:21:13.946 28588 28599 I art     : Explicit concurrent mark sweep GC freed 20(704B) AllocSpace objects, 0(0B) LOS objects, 23% free, 52MB/68MB, paused 355us total 19.170ms
08-04 17:21:13.954 28588 28599 I art     : Starting a blocking GC Explicit
08-04 17:21:13.973 28588 28599 I art     : Explicit concurrent mark sweep GC freed 3(96B) AllocSpace objects, 0(0B) LOS objects, 23% free, 52MB/68MB, paused 347us total 18.590ms
08-04 17:21:13.981 28588 28599 I art     : Starting a blocking GC Explicit
08-04 17:21:14.000 28588 28599 I art     : Explicit concurrent mark sweep GC freed 3(96B) AllocSpace objects, 0(0B) LOS objects, 23% free, 52MB/68MB, paused 432us total 19.387ms
08-04 17:21:14.009 28588 28599 I art     : Starting a blocking GC Explicit
08-04 17:21:14.028 28588 28599 I art     : Explicit concurrent mark sweep GC freed 3(96B) AllocSpace objects, 0(0B) LOS objects, 23% free, 52MB/68MB, paused 354us total 19.070ms
08-04 17:21:14.146 29723 29723 D AndroidRuntime: >>>>>> START com.android.internal.os.RuntimeInit uid 2000 <<<<<<
08-04 17:21:14.152 29723 29723 D AndroidRuntime: CheckJNI is OFF
08-04 17:21:14.185 29723 29723 D ICU     : No timezone override file found: /data/misc/zoneinfo/current/icu/icu_tzdata.dat
08-04 17:21:14.218 29723 29723 I Radio-JNI: register_android_hardware_Radio DONE
08-04 17:21:14.241 29723 29723 D AndroidRuntime: Calling main entry com.android.commands.input.Input
08-04 17:21:14.242 29723 29723 I Input   : injectKeyEvent: KeyEvent { action=ACTION_DOWN, keyCode=KEYCODE_BACK, scanCode=0, metaState=0, flags=0x0, repeatCount=0, eventTime=724890655, downTime=724890655, deviceId=-1, source=0x101 }
08-04 17:21:14.247 29723 29723 I Input   : injectKeyEvent: KeyEvent { action=ACTION_UP, keyCode=KEYCODE_BACK, scanCode=0, metaState=0, flags=0x0, repeatCount=0, eventTime=724890655, downTime=724890655, deviceId=-1, source=0x101 }
08-04 17:21:14.253 29723 29723 D AndroidRuntime: Shutting down VM
08-04 17:21:14.291 13866 13866 I GoogleInputMethodServic: GoogleInputMethodService.onFinishInput():3138 
08-04 17:21:14.292 13866 13866 I GoogleInputMethodServic: GoogleInputMethodService.onStartInput():1808 
08-04 17:21:14.310 28588 29395 I art     : Starting a blocking GC Explicit
08-04 17:21:14.331 28588 29395 I art     : Explicit concurrent mark sweep GC freed 1510(85KB) AllocSpace objects, 1(20KB) LOS objects, 23% free, 52MB/68MB, paused 395us total 20.888ms
08-04 17:21:14.339 28588 29395 I art     : Starting a blocking GC Explicit
08-04 17:21:14.357 28588 29395 I art     : Explicit concurrent mark sweep GC freed 27(992B) AllocSpace objects, 0(0B) LOS objects, 23% free, 52MB/68MB, paused 331us total 17.111ms
08-04 17:21:14.364 28588 29395 I art     : Starting a blocking GC Explicit
08-04 17:21:14.381 28588 29395 I art     : Explicit concurrent mark sweep GC freed 3(96B) AllocSpace objects, 0(0B) LOS objects, 23% free, 52MB/68MB, paused 356us total 16.909ms
08-04 17:21:14.389 28588 29395 I art     : Starting a blocking GC Explicit
08-04 17:21:14.407 28588 29395 I art     : Explicit concurrent mark sweep GC freed 3(96B) AllocSpace objects, 0(0B) LOS objects, 23% free, 52MB/68MB, paused 347us total 17.932ms
08-04 17:21:14.415 28588 29395 I art     : Starting a blocking GC Explicit
08-04 17:21:14.437 28588 29395 I art     : Explicit concurrent mark sweep GC freed 3(96B) AllocSpace objects, 0(0B) LOS objects, 23% free, 52MB/68MB, paused 636us total 21.590ms
08-04 17:21:14.584   380   380 W SurfaceFlinger: couldn't log to binary event log: overflow.
08-04 17:21:14.691 28588 28676 I art     : Starting a blocking GC Explicit
08-04 17:21:14.711 28588 28676 I art     : Explicit concurrent mark sweep GC freed 1450(87KB) AllocSpace objects, 1(20KB) LOS objects, 23% free, 52MB/68MB, paused 363us total 20.002ms
08-04 17:21:14.719 28588 28676 I art     : Starting a blocking GC Explicit
08-04 17:21:14.738 28588 28676 I art     : Explicit concurrent mark sweep GC freed 1672(106KB) AllocSpace objects, 3(400KB) LOS objects, 23% free, 52MB/68MB, paused 409us total 18.846ms
08-04 17:21:14.746 28588 28676 I art     : Starting a blocking GC Explicit
08-04 17:21:14.765 28588 28676 I art     : Explicit concurrent mark sweep GC freed 3(96B) AllocSpace objects, 0(0B) LOS objects, 23% free, 52MB/68MB, paused 339us total 18.538ms
08-04 17:21:14.773 28588 28676 I art     : Starting a blocking GC Explicit
08-04 17:21:14.792 28588 28676 I art     : Explicit concurrent mark sweep GC freed 3(96B) AllocSpace objects, 0(0B) LOS objects, 23% free, 52MB/68MB, paused 363us total 18.752ms
08-04 17:21:14.801 28588 28676 I art     : Starting a blocking GC Explicit
08-04 17:21:14.820 28588 28676 I art     : Explicit concurrent mark sweep GC freed 3(96B) AllocSpace objects, 0(0B) LOS objects, 23% free, 52MB/68MB, paused 357us total 18.871ms
08-04 17:21:15.107 28588 28601 I art     : Starting a blocking GC Explicit
08-04 17:21:15.130 28588 28601 I art     : Explicit concurrent mark sweep GC freed 1341(78KB) AllocSpace objects, 1(20KB) LOS objects, 23% free, 52MB/68MB, paused 401us total 22.520ms
08-04 17:21:15.141 28588 28601 I art     : Starting a blocking GC Explicit
08-04 17:21:15.160 28588 28601 I art     : Explicit concurrent mark sweep GC freed 20(704B) AllocSpace objects, 0(0B) LOS objects, 23% free, 52MB/68MB, paused 367us total 19.467ms
08-04 17:21:15.169 28588 28601 I art     : Starting a blocking GC Explicit
08-04 17:21:15.188 28588 28601 I art     : Explicit concurrent mark sweep GC freed 3(96B) AllocSpace objects, 0(0B) LOS objects, 23% free, 52MB/68MB, paused 348us total 19.191ms
08-04 17:21:15.197 28588 28601 I art     : Starting a blocking GC Explicit
08-04 17:21:15.217 28588 28601 I art     : Explicit concurrent mark sweep GC freed 3(96B) AllocSpace objects, 0(0B) LOS objects, 23% free, 52MB/68MB, paused 568us total 19.761ms
08-04 17:21:15.226 28588 28601 I art     : Starting a blocking GC Explicit
08-04 17:21:15.244 28588 28601 I art     : Explicit concurrent mark sweep GC freed 3(96B) AllocSpace objects, 0(0B) LOS objects, 23% free, 52MB/68MB, paused 364us total 18.388ms
08-04 17:21:15.531 28588 28599 I art     : Starting a blocking GC Explicit
08-04 17:21:15.551 28588 28599 I art     : Explicit concurrent mark sweep GC freed 1340(78KB) AllocSpace objects, 1(20KB) LOS objects, 23% free, 52MB/68MB, paused 409us total 19.421ms
08-04 17:21:15.559 28588 28599 I art     : Starting a blocking GC Explicit
08-04 17:21:15.578 28588 28599 I art     : Explicit concurrent mark sweep GC freed 20(704B) AllocSpace objects, 0(0B) LOS objects, 23% free, 52MB/68MB, paused 365us total 18.724ms
08-04 17:21:15.586 28588 28599 I art     : Starting a blocking GC Explicit
08-04 17:21:15.605 28588 28599 I art     : Explicit concurrent mark sweep GC freed 3(96B) AllocSpace objects, 0(0B) LOS objects, 23% free, 52MB/68MB, paused 348us total 18.150ms
08-04 17:21:15.614 28588 28599 I art     : Starting a blocking GC Explicit
08-04 17:21:15.628 24412 24412 I ServiceManager: Waiting for service AtCmdFwd...
08-04 17:21:15.632 28588 28599 I art     : Explicit concurrent mark sweep GC freed 3(96B) AllocSpace objects, 0(0B) LOS objects, 23% free, 52MB/68MB, paused 349us total 17.784ms
08-04 17:21:15.640 28588 28599 I art     : Starting a blocking GC Explicit
08-04 17:21:15.658 28588 28599 I art     : Explicit concurrent mark sweep GC freed 3(96B) AllocSpace objects, 0(0B) LOS objects, 23% free, 52MB/68MB, paused 342us total 18.364ms
08-04 17:21:15.903 29786 29786 D AndroidRuntime: >>>>>> START com.android.internal.os.RuntimeInit uid 2000 <<<<<<
08-04 17:21:15.908 29786 29786 D AndroidRuntime: CheckJNI is OFF
08-04 17:21:15.937 28588 29395 I art     : Starting a blocking GC Explicit
08-04 17:21:15.943 29786 29786 D ICU     : No timezone override file found: /data/misc/zoneinfo/current/icu/icu_tzdata.dat
08-04 17:21:15.957 28588 29395 I art     : Explicit concurrent mark sweep GC freed 1340(78KB) AllocSpace objects, 1(20KB) LOS objects, 23% free, 52MB/68MB, paused 486us total 19.448ms
08-04 17:21:15.966 28588 29395 I art     : Starting a blocking GC Explicit
08-04 17:21:15.978 29786 29786 I Radio-JNI: register_android_hardware_Radio DONE
08-04 17:21:15.984 28588 29395 I art     : Explicit concurrent mark sweep GC freed 20(704B) AllocSpace objects, 0(0B) LOS objects, 23% free, 52MB/68MB, paused 414us total 18.102ms
08-04 17:21:15.992 28588 29395 I art     : Starting a blocking GC Explicit
08-04 17:21:16.001 29786 29786 D AndroidRuntime: Calling main entry com.android.commands.input.Input
08-04 17:21:16.003 29786 29786 I Input   : injectMotionEvent: MotionEvent { action=ACTION_DOWN, actionButton=0, id[0]=0, x[0]=733.0, y[0]=1957.0, toolType[0]=TOOL_TYPE_UNKNOWN, buttonState=0, metaState=0, flags=0x0, edgeFlags=0x0, pointerCount=1, historySize=0, eventTime=724892415, downTime=724892415, deviceId=0, source=0x1002 }
08-04 17:21:16.009 29786 29786 I Input   : injectMotionEvent: MotionEvent { action=ACTION_UP, actionButton=0, id[0]=0, x[0]=733.0, y[0]=1957.0, toolType[0]=TOOL_TYPE_UNKNOWN, buttonState=0, metaState=0, flags=0x0, edgeFlags=0x0, pointerCount=1, historySize=0, eventTime=724892415, downTime=724892415, deviceId=0, source=0x1002 }
08-04 17:21:16.011 28588 29395 I art     : Explicit concurrent mark sweep GC freed 3(96B) AllocSpace objects, 0(0B) LOS objects, 23% free, 52MB/68MB, paused 655us total 18.976ms
08-04 17:21:16.012   918  5132 I ActivityManager: START u0 {cmp=baseline.appteam.nith.hillffair/.activities.ClubActivity (has extras)} from uid 10651 on display 0
08-04 17:21:16.019 29786 29786 D AndroidRuntime: Shutting down VM
08-04 17:21:16.019 28588 29395 I art     : Starting a blocking GC Explicit
08-04 17:21:16.039 28588 29395 I art     : Explicit concurrent mark sweep GC freed 150(9KB) AllocSpace objects, 0(0B) LOS objects, 23% free, 52MB/68MB, paused 570us total 18.812ms
08-04 17:21:16.046 28588 29395 I art     : Starting a blocking GC Explicit
08-04 17:21:16.067 28588 29395 I art     : Explicit concurrent mark sweep GC freed 3554(232KB) AllocSpace objects, 0(0B) LOS objects, 23% free, 52MB/68MB, paused 510us total 20.105ms
08-04 17:21:16.112   918   936 I ActivityManager: Displayed baseline.appteam.nith.hillffair/.activities.ClubActivity: +92ms
08-04 17:21:16.112 13866 13866 I GoogleInputMethodServic: GoogleInputMethodService.onFinishInput():3138 
08-04 17:21:16.113 13866 13866 I GoogleInputMethodServic: GoogleInputMethodService.onStartInput():1808 
08-04 17:21:16.336 28588 28601 I art     : Starting a blocking GC Explicit
08-04 17:21:16.363 28588 28601 I art     : Explicit concurrent mark sweep GC freed 1774(99KB) AllocSpace objects, 1(20KB) LOS objects, 23% free, 52MB/68MB, paused 390us total 26.359ms
08-04 17:21:16.369   380   380 W SurfaceFlinger: couldn't log to binary event log: overflow.
08-04 17:21:16.373 28588 28601 I art     : Starting a blocking GC Explicit
08-04 17:21:16.393 28588 28601 I art     : Explicit concurrent mark sweep GC freed 38(1328B) AllocSpace objects, 0(0B) LOS objects, 23% free, 52MB/68MB, paused 381us total 19.625ms
08-04 17:21:16.401 28588 28601 I art     : Starting a blocking GC Explicit
08-04 17:21:16.418 28588 28601 I art     : Explicit concurrent mark sweep GC freed 3(96B) AllocSpace objects, 0(0B) LOS objects, 23% free, 52MB/68MB, paused 400us total 16.802ms
08-04 17:21:16.425 28588 28601 I art     : Starting a blocking GC Explicit
08-04 17:21:16.443 28588 28601 I art     : Explicit concurrent mark sweep GC freed 3(96B) AllocSpace objects, 0(0B) LOS objects, 23% free, 52MB/68MB, paused 371us total 17.121ms
08-04 17:21:16.451 28588 28601 I art     : Starting a blocking GC Explicit
08-04 17:21:16.470 28588 28601 I art     : Explicit concurrent mark sweep GC freed 3(96B) AllocSpace objects, 0(0B) LOS objects, 23% free, 52MB/68MB, paused 467us total 19.132ms
08-04 17:21:16.628 24412 24412 I ServiceManager: Waiting for service AtCmdFwd...
08-04 17:21:16.749 28588 29395 I art     : Starting a blocking GC Explicit
08-04 17:21:16.769 28588 29395 I art     : Explicit concurrent mark sweep GC freed 1489(85KB) AllocSpace objects, 1(20KB) LOS objects, 23% free, 52MB/68MB, paused 396us total 20.531ms
08-04 17:21:16.778 28588 29395 I art     : Starting a blocking GC Explicit
08-04 17:21:16.798 28588 29395 I art     : Explicit concurrent mark sweep GC freed 60(2048B) AllocSpace objects, 0(0B) LOS objects, 23% free, 52MB/68MB, paused 435us total 19.664ms
08-04 17:21:16.806 28588 29395 I art     : Starting a blocking GC Explicit
08-04 17:21:16.825 28588 29395 I art     : Explicit concurrent mark sweep GC freed 13(480B) AllocSpace objects, 0(0B) LOS objects, 23% free, 52MB/68MB, paused 405us total 18.901ms
08-04 17:21:16.834 28588 29395 I art     : Starting a blocking GC Explicit
08-04 17:21:16.853 28588 29395 I art     : Explicit concurrent mark sweep GC freed 10(352B) AllocSpace objects, 0(0B) LOS objects, 23% free, 52MB/68MB, paused 414us total 19.454ms
08-04 17:21:16.861 28588 29395 I art     : Starting a blocking GC Explicit
08-04 17:21:16.880 28588 29395 I art     : Explicit concurrent mark sweep GC freed 11(416B) AllocSpace objects, 0(0B) LOS objects, 23% free, 52MB/68MB, paused 409us total 18.455ms
08-04 17:21:16.928 28588 29809 D OkHttp  : --> GET https://api-hillfair-2k16.herokuapp.com/api/app/events/special/event?id=58065620dcba0f490c70fe09 http/1.1
08-04 17:21:16.961 28588 29809 D OkHttp  : <-- 200 OK https://api-hillfair-2k16.herokuapp.com/api/app/events/special/event?id=58065620dcba0f490c70fe09 (32ms, 682-byte body)
08-04 17:21:17.021 28588 28588 I NAPPA_EXPERIMENTATION: MetricNetworkRequestExecutionTime: REQUEST_DURATION_SYSTEM='971',REQUEST_DURATION_OKHTTP='33',REQUEST_SYNCHRONOUS='FALSE',RESPONSE_CODE='200',RESPONSE_METHOD='GET',RESPONSE_LENGTH_OKHTTP='682',RESPONSE_LENGTH_HEADER='682',REQUEST_PROTOCOL='http/1.1',REQUEST_URL='https://api-hillfair-2k16.herokuapp.com/api/app/events/special/event?id=58065620dcba0f490c70fe09',
08-04 17:21:17.162 28588 28599 I art     : Starting a blocking GC Explicit
08-04 17:21:17.184 28588 28599 I art     : Explicit concurrent mark sweep GC freed 4773(310KB) AllocSpace objects, 4(220KB) LOS objects, 23% free, 52MB/68MB, paused 391us total 21.764ms
08-04 17:21:17.193 28588 28599 I art     : Starting a blocking GC Explicit
08-04 17:21:17.213 28588 28599 I art     : Explicit concurrent mark sweep GC freed 1034(119KB) AllocSpace objects, 0(0B) LOS objects, 23% free, 52MB/68MB, paused 380us total 19.404ms
08-04 17:21:17.221 28588 28599 I art     : Starting a blocking GC Explicit
08-04 17:21:17.241 28588 28599 I art     : Explicit concurrent mark sweep GC freed 3(96B) AllocSpace objects, 0(0B) LOS objects, 23% free, 52MB/68MB, paused 372us total 19.149ms
08-04 17:21:17.249 28588 28599 I art     : Starting a blocking GC Explicit
08-04 17:21:17.269 28588 28599 I art     : Explicit concurrent mark sweep GC freed 3(96B) AllocSpace objects, 0(0B) LOS objects, 23% free, 52MB/68MB, paused 380us total 19.678ms
08-04 17:21:17.278 28588 28599 I art     : Starting a blocking GC Explicit
08-04 17:21:17.297 28588 28599 I art     : Explicit concurrent mark sweep GC freed 3(96B) AllocSpace objects, 0(0B) LOS objects, 23% free, 52MB/68MB, paused 409us total 19.189ms
08-04 17:21:17.589 28588 28601 I art     : Starting a blocking GC Explicit
08-04 17:21:17.614 28588 28601 I art     : Explicit concurrent mark sweep GC freed 1341(78KB) AllocSpace objects, 1(20KB) LOS objects, 23% free, 52MB/68MB, paused 424us total 24.953ms
08-04 17:21:17.626 28588 28601 I art     : Starting a blocking GC Explicit
08-04 17:21:17.629 24412 24412 I ServiceManager: Waiting for service AtCmdFwd...
08-04 17:21:17.648 28588 28601 I art     : Explicit concurrent mark sweep GC freed 36(1264B) AllocSpace objects, 0(0B) LOS objects, 23% free, 52MB/68MB, paused 387us total 21.836ms
08-04 17:21:17.657 28588 28601 I art     : Starting a blocking GC Explicit
08-04 17:21:17.678 28588 28601 I art     : Explicit concurrent mark sweep GC freed 3(96B) AllocSpace objects, 0(0B) LOS objects, 23% free, 52MB/68MB, paused 389us total 20.379ms
08-04 17:21:17.687 28588 28601 I art     : Starting a blocking GC Explicit
08-04 17:21:17.707 28588 28601 I art     : Explicit concurrent mark sweep GC freed 3(96B) AllocSpace objects, 0(0B) LOS objects, 23% free, 52MB/68MB, paused 460us total 20.254ms
08-04 17:21:17.715 28588 28601 I art     : Starting a blocking GC Explicit
08-04 17:21:17.736 28588 28601 I art     : Explicit concurrent mark sweep GC freed 3(96B) AllocSpace objects, 0(0B) LOS objects, 23% free, 52MB/68MB, paused 392us total 20.137ms
08-04 17:21:18.049 28588 28599 I art     : Starting a blocking GC Explicit
08-04 17:21:18.075 28588 28599 I art     : Explicit concurrent mark sweep GC freed 1341(78KB) AllocSpace objects, 1(20KB) LOS objects, 23% free, 52MB/68MB, paused 405us total 25.231ms
08-04 17:21:18.087 28588 28599 I art     : Starting a blocking GC Explicit
08-04 17:21:18.110 28588 28599 I art     : Explicit concurrent mark sweep GC freed 20(704B) AllocSpace objects, 0(0B) LOS objects, 23% free, 52MB/68MB, paused 371us total 22.672ms
08-04 17:21:18.118 28588 28599 I art     : Starting a blocking GC Explicit
08-04 17:21:18.139 28588 28599 I art     : Explicit concurrent mark sweep GC freed 3(96B) AllocSpace objects, 0(0B) LOS objects, 23% free, 52MB/68MB, paused 387us total 20.267ms
08-04 17:21:18.148 28588 28599 I art     : Starting a blocking GC Explicit
08-04 17:21:18.168 28588 28599 I art     : Explicit concurrent mark sweep GC freed 3(96B) AllocSpace objects, 0(0B) LOS objects, 23% free, 52MB/68MB, paused 377us total 19.793ms
08-04 17:21:18.176 28588 28599 I art     : Starting a blocking GC Explicit
08-04 17:21:18.196 28588 28599 I art     : Explicit concurrent mark sweep GC freed 3(96B) AllocSpace objects, 0(0B) LOS objects, 23% free, 52MB/68MB, paused 380us total 19.897ms
08-04 17:21:18.469 28588 29395 I art     : Starting a blocking GC Explicit
08-04 17:21:18.493 28588 29395 I art     : Explicit concurrent mark sweep GC freed 1341(78KB) AllocSpace objects, 1(20KB) LOS objects, 23% free, 52MB/68MB, paused 398us total 23.671ms
08-04 17:21:18.502 28588 29395 I art     : Starting a blocking GC Explicit
08-04 17:21:18.522 28588 29395 I art     : Explicit concurrent mark sweep GC freed 20(704B) AllocSpace objects, 0(0B) LOS objects, 23% free, 52MB/68MB, paused 408us total 19.908ms
08-04 17:21:18.531 28588 29395 I art     : Starting a blocking GC Explicit
08-04 17:21:18.550 28588 29395 I art     : Explicit concurrent mark sweep GC freed 3(96B) AllocSpace objects, 0(0B) LOS objects, 23% free, 52MB/68MB, paused 397us total 18.962ms
08-04 17:21:18.559 28588 29395 I art     : Starting a blocking GC Explicit
08-04 17:21:18.578 28588 29395 I art     : Explicit concurrent mark sweep GC freed 3(96B) AllocSpace objects, 0(0B) LOS objects, 23% free, 52MB/68MB, paused 436us total 19.153ms
08-04 17:21:18.586 28588 29395 I art     : Starting a blocking GC Explicit
08-04 17:21:18.606 28588 29395 I art     : Explicit concurrent mark sweep GC freed 3(96B) AllocSpace objects, 0(0B) LOS objects, 23% free, 52MB/68MB, paused 437us total 19.509ms
08-04 17:21:18.629 24412 24412 I ServiceManager: Waiting for service AtCmdFwd...
08-04 17:21:18.720 29862 29862 D AndroidRuntime: >>>>>> START com.android.internal.os.RuntimeInit uid 2000 <<<<<<
08-04 17:21:18.726 29862 29862 D AndroidRuntime: CheckJNI is OFF
08-04 17:21:18.759 29862 29862 D ICU     : No timezone override file found: /data/misc/zoneinfo/current/icu/icu_tzdata.dat
08-04 17:21:18.792 29862 29862 I Radio-JNI: register_android_hardware_Radio DONE
08-04 17:21:18.814 29862 29862 D AndroidRuntime: Calling main entry com.android.commands.input.Input
08-04 17:21:18.816 29862 29862 I Input   : injectKeyEvent: KeyEvent { action=ACTION_DOWN, keyCode=KEYCODE_BACK, scanCode=0, metaState=0, flags=0x0, repeatCount=0, eventTime=724895229, downTime=724895229, deviceId=-1, source=0x101 }
08-04 17:21:18.821 29862 29862 I Input   : injectKeyEvent: KeyEvent { action=ACTION_UP, keyCode=KEYCODE_BACK, scanCode=0, metaState=0, flags=0x0, repeatCount=0, eventTime=724895229, downTime=724895229, deviceId=-1, source=0x101 }
08-04 17:21:18.826 29862 29862 D AndroidRuntime: Shutting down VM
08-04 17:21:18.863 13866 13866 I GoogleInputMethodServic: GoogleInputMethodService.onFinishInput():3138 
08-04 17:21:18.864 13866 13866 I GoogleInputMethodServic: GoogleInputMethodService.onStartInput():1808 
08-04 17:21:18.888 28588 28676 I art     : Starting a blocking GC Explicit
08-04 17:21:18.910 28588 28676 I art     : Explicit concurrent mark sweep GC freed 1509(85KB) AllocSpace objects, 1(20KB) LOS objects, 23% free, 52MB/68MB, paused 629us total 21.248ms
08-04 17:21:18.920 28588 28676 I art     : Starting a blocking GC Explicit
08-04 17:21:18.937 28588 28676 I art     : Explicit concurrent mark sweep GC freed 27(992B) AllocSpace objects, 0(0B) LOS objects, 23% free, 52MB/68MB, paused 422us total 16.925ms
08-04 17:21:18.944 28588 28676 I art     : Starting a blocking GC Explicit
08-04 17:21:18.963 28588 28676 I art     : Explicit concurrent mark sweep GC freed 3(96B) AllocSpace objects, 0(0B) LOS objects, 23% free, 52MB/68MB, paused 359us total 18.704ms
08-04 17:21:18.971 28588 28676 I art     : Starting a blocking GC Explicit
08-04 17:21:18.989 28588 28676 I art     : Explicit concurrent mark sweep GC freed 3(96B) AllocSpace objects, 0(0B) LOS objects, 23% free, 52MB/68MB, paused 335us total 17.919ms
08-04 17:21:18.998 28588 28676 I art     : Starting a blocking GC Explicit
08-04 17:21:19.016 28588 28676 I art     : Explicit concurrent mark sweep GC freed 3(96B) AllocSpace objects, 0(0B) LOS objects, 23% free, 52MB/68MB, paused 339us total 18.035ms
08-04 17:21:19.155   380   380 W SurfaceFlinger: couldn't log to binary event log: overflow.
08-04 17:21:19.266 28588 29395 I art     : Starting a blocking GC Explicit
08-04 17:21:19.287 28588 29395 I art     : Explicit concurrent mark sweep GC freed 1451(87KB) AllocSpace objects, 1(20KB) LOS objects, 23% free, 52MB/68MB, paused 394us total 21.350ms
08-04 17:21:19.296 28588 29395 I art     : Starting a blocking GC Explicit
08-04 17:21:19.317 28588 29395 I art     : Explicit concurrent mark sweep GC freed 1672(106KB) AllocSpace objects, 3(400KB) LOS objects, 23% free, 52MB/68MB, paused 407us total 20.215ms
08-04 17:21:19.325 28588 29395 I art     : Starting a blocking GC Explicit
08-04 17:21:19.345 28588 29395 I art     : Explicit concurrent mark sweep GC freed 3(96B) AllocSpace objects, 0(0B) LOS objects, 23% free, 52MB/68MB, paused 440us total 19.721ms
08-04 17:21:19.354 28588 29395 I art     : Starting a blocking GC Explicit
08-04 17:21:19.374 28588 29395 I art     : Explicit concurrent mark sweep GC freed 3(96B) AllocSpace objects, 0(0B) LOS objects, 23% free, 52MB/68MB, paused 377us total 19.765ms
08-04 17:21:19.382 28588 29395 I art     : Starting a blocking GC Explicit
08-04 17:21:19.402 28588 29395 I art     : Explicit concurrent mark sweep GC freed 3(96B) AllocSpace objects, 0(0B) LOS objects, 23% free, 52MB/68MB, paused 388us total 19.470ms
08-04 17:21:19.630 24412 24412 I ServiceManager: Waiting for service AtCmdFwd...
08-04 17:21:19.694 28588 28599 I art     : Starting a blocking GC Explicit
08-04 17:21:19.726 28588 28599 I art     : Explicit concurrent mark sweep GC freed 1341(78KB) AllocSpace objects, 1(20KB) LOS objects, 23% free, 52MB/68MB, paused 491us total 31.131ms
08-04 17:21:19.738 28588 28599 I art     : Starting a blocking GC Explicit
08-04 17:21:19.758 28588 28599 I art     : Explicit concurrent mark sweep GC freed 20(704B) AllocSpace objects, 0(0B) LOS objects, 23% free, 52MB/68MB, paused 383us total 19.758ms
08-04 17:21:19.766 28588 28599 I art     : Starting a blocking GC Explicit
08-04 17:21:19.786 28588 28599 I art     : Explicit concurrent mark sweep GC freed 3(96B) AllocSpace objects, 0(0B) LOS objects, 23% free, 52MB/68MB, paused 374us total 19.683ms
08-04 17:21:19.795 28588 28599 I art     : Starting a blocking GC Explicit
08-04 17:21:19.815 28588 28599 I art     : Explicit concurrent mark sweep GC freed 3(96B) AllocSpace objects, 0(0B) LOS objects, 23% free, 52MB/68MB, paused 382us total 19.727ms
08-04 17:21:19.823 28588 28599 I art     : Starting a blocking GC Explicit
08-04 17:21:19.843 28588 28599 I art     : Explicit concurrent mark sweep GC freed 3(96B) AllocSpace objects, 0(0B) LOS objects, 23% free, 52MB/68MB, paused 388us total 18.930ms
08-04 17:21:20.127 28588 28601 I art     : Starting a blocking GC Explicit
08-04 17:21:20.147 28588 28601 I art     : Explicit concurrent mark sweep GC freed 1340(78KB) AllocSpace objects, 1(20KB) LOS objects, 23% free, 52MB/68MB, paused 446us total 19.626ms
08-04 17:21:20.155 28588 28601 I art     : Starting a blocking GC Explicit
08-04 17:21:20.175 28588 28601 I art     : Explicit concurrent mark sweep GC freed 20(704B) AllocSpace objects, 0(0B) LOS objects, 23% free, 52MB/68MB, paused 393us total 19.067ms
08-04 17:21:20.183 28588 28601 I art     : Starting a blocking GC Explicit
08-04 17:21:20.202 28588 28601 I art     : Explicit concurrent mark sweep GC freed 3(96B) AllocSpace objects, 0(0B) LOS objects, 23% free, 52MB/68MB, paused 391us total 19.112ms
08-04 17:21:20.210 28588 28601 I art     : Starting a blocking GC Explicit
08-04 17:21:20.229 28588 28601 I art     : Explicit concurrent mark sweep GC freed 3(96B) AllocSpace objects, 0(0B) LOS objects, 23% free, 52MB/68MB, paused 387us total 18.782ms
08-04 17:21:20.238 28588 28601 I art     : Starting a blocking GC Explicit
08-04 17:21:20.256 28588 28601 I art     : Explicit concurrent mark sweep GC freed 3(96B) AllocSpace objects, 0(0B) LOS objects, 23% free, 52MB/68MB, paused 387us total 18.365ms
08-04 17:21:20.476 29922 29922 D AndroidRuntime: >>>>>> START com.android.internal.os.RuntimeInit uid 2000 <<<<<<
08-04 17:21:20.481 29922 29922 D AndroidRuntime: CheckJNI is OFF
08-04 17:21:20.515 29922 29922 D ICU     : No timezone override file found: /data/misc/zoneinfo/current/icu/icu_tzdata.dat
08-04 17:21:20.526 28588 28676 I art     : Starting a blocking GC Explicit
08-04 17:21:20.546 28588 28676 I art     : Explicit concurrent mark sweep GC freed 1340(78KB) AllocSpace objects, 1(20KB) LOS objects, 23% free, 52MB/68MB, paused 403us total 19.470ms
08-04 17:21:20.550 29922 29922 I Radio-JNI: register_android_hardware_Radio DONE
08-04 17:21:20.555 28588 28676 I art     : Starting a blocking GC Explicit
08-04 17:21:20.573 29922 29922 D AndroidRuntime: Calling main entry com.android.commands.input.Input
08-04 17:21:20.574 28588 28676 I art     : Explicit concurrent mark sweep GC freed 20(704B) AllocSpace objects, 0(0B) LOS objects, 23% free, 52MB/68MB, paused 437us total 18.995ms
08-04 17:21:20.575 29922 29922 I Input   : injectMotionEvent: MotionEvent { action=ACTION_DOWN, actionButton=0, id[0]=0, x[0]=733.0, y[0]=645.0, toolType[0]=TOOL_TYPE_UNKNOWN, buttonState=0, metaState=0, flags=0x0, edgeFlags=0x0, pointerCount=1, historySize=0, eventTime=724896988, downTime=724896988, deviceId=0, source=0x1002 }
08-04 17:21:20.582 29922 29922 I Input   : injectMotionEvent: MotionEvent { action=ACTION_UP, actionButton=0, id[0]=0, x[0]=733.0, y[0]=645.0, toolType[0]=TOOL_TYPE_UNKNOWN, buttonState=0, metaState=0, flags=0x0, edgeFlags=0x0, pointerCount=1, historySize=0, eventTime=724896988, downTime=724896988, deviceId=0, source=0x1002 }
08-04 17:21:20.583 28588 28676 I art     : Starting a blocking GC Explicit
08-04 17:21:20.584   918  5481 I ActivityManager: START u0 {cmp=baseline.appteam.nith.hillffair/.activities.ClubActivity (has extras)} from uid 10651 on display 0
08-04 17:21:20.589 29922 29922 D AndroidRuntime: Shutting down VM
08-04 17:21:20.602 28588 28676 I art     : Explicit concurrent mark sweep GC freed 65(3KB) AllocSpace objects, 0(0B) LOS objects, 23% free, 52MB/68MB, paused 514us total 18.875ms
08-04 17:21:20.610 28588 28676 I art     : Starting a blocking GC Explicit
08-04 17:21:20.630 24412 24412 W Atfwd_Sendcmd: AtCmdFwd service not published, waiting... retryCnt : 3
08-04 17:21:20.630 28588 28676 I art     : Explicit concurrent mark sweep GC freed 3555(221KB) AllocSpace objects, 0(0B) LOS objects, 23% free, 52MB/68MB, paused 1.669ms total 20.490ms
08-04 17:21:20.640 28588 28676 I art     : Starting a blocking GC Explicit
08-04 17:21:20.658 28588 28676 I art     : Explicit concurrent mark sweep GC freed 229(21KB) AllocSpace objects, 0(0B) LOS objects, 23% free, 52MB/68MB, paused 414us total 17.287ms
08-04 17:21:20.678 13866 13866 I GoogleInputMethodServic: GoogleInputMethodService.onFinishInput():3138 
08-04 17:21:20.678   918   936 I ActivityManager: Displayed baseline.appteam.nith.hillffair/.activities.ClubActivity: +88ms
08-04 17:21:20.678 13866 13866 I GoogleInputMethodServic: GoogleInputMethodService.onStartInput():1808 
08-04 17:21:20.912 28588 29395 I art     : Starting a blocking GC Explicit
08-04 17:21:20.925   380   380 W SurfaceFlinger: couldn't log to binary event log: overflow.
08-04 17:21:20.937 28588 29395 I art     : Explicit concurrent mark sweep GC freed 1622(92KB) AllocSpace objects, 1(20KB) LOS objects, 23% free, 52MB/68MB, paused 426us total 25.226ms
08-04 17:21:20.945 28588 29395 I art     : Starting a blocking GC Explicit
08-04 17:21:20.962 28588 29395 I art     : Explicit concurrent mark sweep GC freed 32(1104B) AllocSpace objects, 0(0B) LOS objects, 23% free, 52MB/68MB, paused 382us total 17.016ms
08-04 17:21:20.969 28588 29395 I art     : Starting a blocking GC Explicit
08-04 17:21:20.986 28588 29395 I art     : Explicit concurrent mark sweep GC freed 3(96B) AllocSpace objects, 0(0B) LOS objects, 23% free, 52MB/68MB, paused 411us total 16.612ms
08-04 17:21:20.995 28588 29395 I art     : Starting a blocking GC Explicit
08-04 17:21:21.013 28588 29395 I art     : Explicit concurrent mark sweep GC freed 3(96B) AllocSpace objects, 0(0B) LOS objects, 23% free, 52MB/68MB, paused 426us total 17.581ms
08-04 17:21:21.021 28588 29395 I art     : Starting a blocking GC Explicit
08-04 17:21:21.039 28588 29395 I art     : Explicit concurrent mark sweep GC freed 3(96B) AllocSpace objects, 0(0B) LOS objects, 23% free, 52MB/68MB, paused 426us total 18.132ms
08-04 17:21:21.330 28588 28599 I art     : Starting a blocking GC Explicit
08-04 17:21:21.351 28588 28599 I art     : Explicit concurrent mark sweep GC freed 1494(86KB) AllocSpace objects, 1(20KB) LOS objects, 23% free, 52MB/68MB, paused 432us total 20.930ms
08-04 17:21:21.360 28588 28599 I art     : Starting a blocking GC Explicit
08-04 17:21:21.380 28588 28599 I art     : Explicit concurrent mark sweep GC freed 64(2176B) AllocSpace objects, 0(0B) LOS objects, 23% free, 52MB/68MB, paused 427us total 19.390ms
08-04 17:21:21.388 28588 28599 I art     : Starting a blocking GC Explicit
08-04 17:21:21.408 28588 28599 I art     : Explicit concurrent mark sweep GC freed 634(54KB) AllocSpace objects, 2(120KB) LOS objects, 23% free, 52MB/68MB, paused 606us total 19.504ms
08-04 17:21:21.416 28588 28599 I art     : Starting a blocking GC Explicit
08-04 17:21:21.437 28588 29950 D OkHttp  : --> GET https://api-hillfair-2k16.herokuapp.com/api/app/events/special/event?id=5806551bdcba0f490c70fd1f http/1.1
08-04 17:21:21.437 28588 28599 I art     : Explicit concurrent mark sweep GC freed 2029(80KB) AllocSpace objects, 0(0B) LOS objects, 23% free, 52MB/68MB, paused 519us total 20.929ms
08-04 17:21:21.445 28588 28599 I art     : Starting a blocking GC Explicit
08-04 17:21:21.464 28588 28599 I art     : Explicit concurrent mark sweep GC freed 896(114KB) AllocSpace objects, 1(80KB) LOS objects, 23% free, 52MB/68MB, paused 433us total 18.740ms
08-04 17:21:21.467 28588 29950 D OkHttp  : <-- 200 OK https://api-hillfair-2k16.herokuapp.com/api/app/events/special/event?id=5806551bdcba0f490c70fd1f (30ms, 795-byte body)
08-04 17:21:21.543 28588 28588 I NAPPA_EXPERIMENTATION: MetricNetworkRequestExecutionTime: REQUEST_DURATION_SYSTEM='922',REQUEST_DURATION_OKHTTP='30',REQUEST_SYNCHRONOUS='FALSE',RESPONSE_CODE='200',RESPONSE_METHOD='GET',RESPONSE_LENGTH_OKHTTP='795',RESPONSE_LENGTH_HEADER='795',REQUEST_PROTOCOL='http/1.1',REQUEST_URL='https://api-hillfair-2k16.herokuapp.com/api/app/events/special/event?id=5806551bdcba0f490c70fd1f',
08-04 17:21:21.739 28588 28599 I art     : Starting a blocking GC Explicit
08-04 17:21:21.761 28588 28599 I art     : Explicit concurrent mark sweep GC freed 2162(178KB) AllocSpace objects, 1(20KB) LOS objects, 23% free, 52MB/68MB, paused 384us total 21.221ms
08-04 17:21:21.771 28588 28599 I art     : Starting a blocking GC Explicit
08-04 17:21:21.791 28588 28599 I art     : Explicit concurrent mark sweep GC freed 99(3KB) AllocSpace objects, 0(0B) LOS objects, 23% free, 52MB/68MB, paused 397us total 19.703ms
08-04 17:21:21.799 28588 28599 I art     : Starting a blocking GC Explicit
08-04 17:21:21.819 28588 28599 I art     : Explicit concurrent mark sweep GC freed 3(96B) AllocSpace objects, 0(0B) LOS objects, 23% free, 52MB/68MB, paused 430us total 19.611ms
08-04 17:21:21.827 28588 28599 I art     : Starting a blocking GC Explicit
08-04 17:21:21.847 28588 28599 I art     : Explicit concurrent mark sweep GC freed 3(96B) AllocSpace objects, 0(0B) LOS objects, 23% free, 52MB/68MB, paused 550us total 19.528ms
08-04 17:21:21.856 28588 28599 I art     : Starting a blocking GC Explicit
08-04 17:21:21.876 28588 28599 I art     : Explicit concurrent mark sweep GC freed 3(96B) AllocSpace objects, 0(0B) LOS objects, 23% free, 52MB/68MB, paused 502us total 20.123ms
08-04 17:21:22.157 28588 28599 I art     : Starting a blocking GC Explicit
08-04 17:21:22.182 28588 28599 I art     : Explicit concurrent mark sweep GC freed 1341(78KB) AllocSpace objects, 1(20KB) LOS objects, 23% free, 52MB/68MB, paused 409us total 24.978ms
08-04 17:21:22.191 28588 28599 I art     : Starting a blocking GC Explicit
08-04 17:21:22.212 28588 28599 I art     : Explicit concurrent mark sweep GC freed 36(1264B) AllocSpace objects, 0(0B) LOS objects, 23% free, 52MB/68MB, paused 390us total 20.452ms
08-04 17:21:22.220 28588 28599 I art     : Starting a blocking GC Explicit
08-04 17:21:22.241 28588 28599 I art     : Explicit concurrent mark sweep GC freed 3(96B) AllocSpace objects, 0(0B) LOS objects, 23% free, 52MB/68MB, paused 395us total 20.549ms
08-04 17:21:22.250 28588 28599 I art     : Starting a blocking GC Explicit
08-04 17:21:22.270 28588 28599 I art     : Explicit concurrent mark sweep GC freed 3(96B) AllocSpace objects, 0(0B) LOS objects, 23% free, 52MB/68MB, paused 406us total 20.406ms
08-04 17:21:22.279 28588 28599 I art     : Starting a blocking GC Explicit
08-04 17:21:22.300 28588 28599 I art     : Explicit concurrent mark sweep GC freed 3(96B) AllocSpace objects, 0(0B) LOS objects, 23% free, 52MB/68MB, paused 401us total 20.935ms
08-04 17:21:22.616 28588 28601 I art     : Starting a blocking GC Explicit
08-04 17:21:22.644 28588 28601 I art     : Explicit concurrent mark sweep GC freed 1341(78KB) AllocSpace objects, 1(20KB) LOS objects, 23% free, 52MB/68MB, paused 456us total 27.343ms
08-04 17:21:22.656 28588 28601 I art     : Starting a blocking GC Explicit
08-04 17:21:22.677 28588 28601 I art     : Explicit concurrent mark sweep GC freed 20(704B) AllocSpace objects, 0(0B) LOS objects, 23% free, 52MB/68MB, paused 448us total 20.966ms
08-04 17:21:22.686 28588 28601 I art     : Starting a blocking GC Explicit
08-04 17:21:22.707 28588 28601 I art     : Explicit concurrent mark sweep GC freed 3(96B) AllocSpace objects, 0(0B) LOS objects, 23% free, 52MB/68MB, paused 450us total 20.966ms
08-04 17:21:22.716 28588 28601 I art     : Starting a blocking GC Explicit
08-04 17:21:22.738 28588 28601 I art     : Explicit concurrent mark sweep GC freed 3(96B) AllocSpace objects, 0(0B) LOS objects, 23% free, 52MB/68MB, paused 499us total 21.427ms
08-04 17:21:22.747 28588 28601 I art     : Starting a blocking GC Explicit
08-04 17:21:22.768 28588 28601 I art     : Explicit concurrent mark sweep GC freed 3(96B) AllocSpace objects, 0(0B) LOS objects, 23% free, 52MB/68MB, paused 408us total 20.196ms
08-04 17:21:23.089 28588 29395 I art     : Starting a blocking GC Explicit
08-04 17:21:23.120 28588 29395 I art     : Explicit concurrent mark sweep GC freed 1341(78KB) AllocSpace objects, 1(20KB) LOS objects, 23% free, 52MB/68MB, paused 437us total 30.616ms
08-04 17:21:23.133 28588 29395 I art     : Starting a blocking GC Explicit
08-04 17:21:23.155 28588 29395 I art     : Explicit concurrent mark sweep GC freed 20(704B) AllocSpace objects, 0(0B) LOS objects, 23% free, 52MB/68MB, paused 396us total 21.451ms
08-04 17:21:23.164 28588 29395 I art     : Starting a blocking GC Explicit
08-04 17:21:23.184 28588 29395 I art     : Explicit concurrent mark sweep GC freed 3(96B) AllocSpace objects, 0(0B) LOS objects, 23% free, 52MB/68MB, paused 395us total 20.244ms
08-04 17:21:23.193 28588 29395 I art     : Starting a blocking GC Explicit
08-04 17:21:23.214 28588 29395 I art     : Explicit concurrent mark sweep GC freed 3(96B) AllocSpace objects, 0(0B) LOS objects, 23% free, 52MB/68MB, paused 407us total 20.657ms
08-04 17:21:23.222 28588 29395 I art     : Starting a blocking GC Explicit
08-04 17:21:23.243 28588 29395 I art     : Explicit concurrent mark sweep GC freed 3(96B) AllocSpace objects, 0(0B) LOS objects, 23% free, 52MB/68MB, paused 402us total 20.736ms
08-04 17:21:23.563 28588 28676 I art     : Starting a blocking GC Explicit
08-04 17:21:23.589 28588 28676 I art     : Explicit concurrent mark sweep GC freed 1341(78KB) AllocSpace objects, 1(20KB) LOS objects, 23% free, 52MB/68MB, paused 448us total 25.519ms
08-04 17:21:23.601 28588 28676 I art     : Starting a blocking GC Explicit
08-04 17:21:23.623 28588 28676 I art     : Explicit concurrent mark sweep GC freed 20(704B) AllocSpace objects, 0(0B) LOS objects, 23% free, 52MB/68MB, paused 396us total 21.250ms
08-04 17:21:23.631 28588 28676 I art     : Starting a blocking GC Explicit
08-04 17:21:23.652 28588 28676 I art     : Explicit concurrent mark sweep GC freed 3(96B) AllocSpace objects, 0(0B) LOS objects, 23% free, 52MB/68MB, paused 438us total 20.765ms
08-04 17:21:23.661 28588 28676 I art     : Starting a blocking GC Explicit
08-04 17:21:23.682 28588 28676 I art     : Explicit concurrent mark sweep GC freed 3(96B) AllocSpace objects, 0(0B) LOS objects, 23% free, 52MB/68MB, paused 419us total 20.492ms
08-04 17:21:23.690 28588 28676 I art     : Starting a blocking GC Explicit
08-04 17:21:23.711 28588 28676 I art     : Explicit concurrent mark sweep GC freed 3(96B) AllocSpace objects, 0(0B) LOS objects, 23% free, 52MB/68MB, paused 406us total 20.658ms
08-04 17:21:24.017 28588 28599 I art     : Starting a blocking GC Explicit
08-04 17:21:24.044 28588 28599 I art     : Explicit concurrent mark sweep GC freed 1341(78KB) AllocSpace objects, 1(20KB) LOS objects, 23% free, 52MB/68MB, paused 432us total 26.243ms
08-04 17:21:24.055 28588 28599 I art     : Starting a blocking GC Explicit
08-04 17:21:24.076 28588 28599 I art     : Explicit concurrent mark sweep GC freed 20(704B) AllocSpace objects, 0(0B) LOS objects, 23% free, 52MB/68MB, paused 398us total 20.920ms
08-04 17:21:24.085 28588 28599 I art     : Starting a blocking GC Explicit
08-04 17:21:24.106 28588 28599 I art     : Explicit concurrent mark sweep GC freed 3(96B) AllocSpace objects, 0(0B) LOS objects, 23% free, 52MB/68MB, paused 447us total 20.742ms
08-04 17:21:24.114 28588 28599 I art     : Starting a blocking GC Explicit
08-04 17:21:24.135 28588 28599 I art     : Explicit concurrent mark sweep GC freed 3(96B) AllocSpace objects, 0(0B) LOS objects, 23% free, 52MB/68MB, paused 414us total 20.830ms
08-04 17:21:24.144 28588 28599 I art     : Starting a blocking GC Explicit
08-04 17:21:24.165 28588 28599 I art     : Explicit concurrent mark sweep GC freed 3(96B) AllocSpace objects, 0(0B) LOS objects, 23% free, 52MB/68MB, paused 391us total 20.360ms
08-04 17:21:24.508 28588 28601 I art     : Starting a blocking GC Explicit
08-04 17:21:24.539 28588 28601 I art     : Explicit concurrent mark sweep GC freed 1341(78KB) AllocSpace objects, 1(20KB) LOS objects, 23% free, 52MB/68MB, paused 497us total 30.667ms
08-04 17:21:24.552 28588 28601 I art     : Starting a blocking GC Explicit
08-04 17:21:24.577 28588 28601 I art     : Explicit concurrent mark sweep GC freed 20(704B) AllocSpace objects, 0(0B) LOS objects, 23% free, 52MB/68MB, paused 558us total 25.017ms
08-04 17:21:24.587 28588 28601 I art     : Starting a blocking GC Explicit
08-04 17:21:24.609 28588 28601 I art     : Explicit concurrent mark sweep GC freed 3(96B) AllocSpace objects, 0(0B) LOS objects, 23% free, 52MB/68MB, paused 410us total 20.958ms
08-04 17:21:24.617 28588 28601 I art     : Starting a blocking GC Explicit
08-04 17:21:24.638 28588 28601 I art     : Explicit concurrent mark sweep GC freed 3(96B) AllocSpace objects, 0(0B) LOS objects, 23% free, 52MB/68MB, paused 420us total 20.811ms
08-04 17:21:24.647 28588 28601 I art     : Starting a blocking GC Explicit
08-04 17:21:24.668 28588 28601 I art     : Explicit concurrent mark sweep GC freed 3(96B) AllocSpace objects, 0(0B) LOS objects, 23% free, 52MB/68MB, paused 412us total 20.952ms
08-04 17:21:24.969 28588 29395 I art     : Starting a blocking GC Explicit
08-04 17:21:24.990 28588 29395 I art     : Explicit concurrent mark sweep GC freed 1341(78KB) AllocSpace objects, 1(20KB) LOS objects, 23% free, 52MB/68MB, paused 433us total 20.946ms
08-04 17:21:24.998 28588 29395 I art     : Starting a blocking GC Explicit
08-04 17:21:25.019 28588 29395 I art     : Explicit concurrent mark sweep GC freed 20(704B) AllocSpace objects, 0(0B) LOS objects, 23% free, 52MB/68MB, paused 405us total 20.141ms
08-04 17:21:25.027 28588 29395 I art     : Starting a blocking GC Explicit
08-04 17:21:25.048 28588 29395 I art     : Explicit concurrent mark sweep GC freed 3(96B) AllocSpace objects, 0(0B) LOS objects, 23% free, 52MB/68MB, paused 420us total 20.188ms
08-04 17:21:25.056 28588 29395 I art     : Starting a blocking GC Explicit
08-04 17:21:25.075 28588 29395 I art     : Explicit concurrent mark sweep GC freed 3(96B) AllocSpace objects, 0(0B) LOS objects, 23% free, 52MB/68MB, paused 402us total 19.533ms
08-04 17:21:25.084 28588 29395 I art     : Starting a blocking GC Explicit
08-04 17:21:25.103 28588 29395 I art     : Explicit concurrent mark sweep GC freed 3(96B) AllocSpace objects, 0(0B) LOS objects, 23% free, 52MB/68MB, paused 395us total 19.366ms
08-04 17:21:25.290 30046 30046 D AndroidRuntime: >>>>>> START com.android.internal.os.RuntimeInit uid 2000 <<<<<<
08-04 17:21:25.295 30046 30046 D AndroidRuntime: CheckJNI is OFF
08-04 17:21:25.327 30046 30046 D ICU     : No timezone override file found: /data/misc/zoneinfo/current/icu/icu_tzdata.dat
08-04 17:21:25.333   918  3261 D WifiStateMachine: starting scan for "H369AA63323"WPA_PSK with 2412,5180
08-04 17:21:25.359 30046 30046 I Radio-JNI: register_android_hardware_Radio DONE
08-04 17:21:25.381 30046 30046 D AndroidRuntime: Calling main entry com.android.commands.input.Input
08-04 17:21:25.383 30046 30046 I Input   : injectKeyEvent: KeyEvent { action=ACTION_DOWN, keyCode=KEYCODE_BACK, scanCode=0, metaState=0, flags=0x0, repeatCount=0, eventTime=724901796, downTime=724901796, deviceId=-1, source=0x101 }
08-04 17:21:25.388 30046 30046 I Input   : injectKeyEvent: KeyEvent { action=ACTION_UP, keyCode=KEYCODE_BACK, scanCode=0, metaState=0, flags=0x0, repeatCount=0, eventTime=724901796, downTime=724901796, deviceId=-1, source=0x101 }
08-04 17:21:25.397 30046 30046 D AndroidRuntime: Shutting down VM
08-04 17:21:25.402 28588 29395 I art     : Starting a blocking GC Explicit
08-04 17:21:25.423 28588 29395 I art     : Explicit concurrent mark sweep GC freed 1482(84KB) AllocSpace objects, 1(20KB) LOS objects, 23% free, 52MB/68MB, paused 414us total 20.777ms
08-04 17:21:25.432 28588 29395 I art     : Starting a blocking GC Explicit
08-04 17:21:25.435 13866 13866 I GoogleInputMethodServic: GoogleInputMethodService.onFinishInput():3138 
08-04 17:21:25.436 13866 13866 I GoogleInputMethodServic: GoogleInputMethodService.onStartInput():1808 
08-04 17:21:25.451 28588 29395 I art     : Explicit concurrent mark sweep GC freed 42(1584B) AllocSpace objects, 0(0B) LOS objects, 23% free, 52MB/68MB, paused 392us total 19.457ms
08-04 17:21:25.460 28588 29395 I art     : Starting a blocking GC Explicit
08-04 17:21:25.479 28588 29395 I art     : Explicit concurrent mark sweep GC freed 13(432B) AllocSpace objects, 0(0B) LOS objects, 23% free, 52MB/68MB, paused 454us total 19.295ms
08-04 17:21:25.488 28588 29395 I art     : Starting a blocking GC Explicit
08-04 17:21:25.506 28588 29395 I art     : Explicit concurrent mark sweep GC freed 6(224B) AllocSpace objects, 0(0B) LOS objects, 23% free, 52MB/68MB, paused 365us total 17.519ms
08-04 17:21:25.514 28588 29395 I art     : Starting a blocking GC Explicit
08-04 17:21:25.532 28588 29395 I art     : Explicit concurrent mark sweep GC freed 3(96B) AllocSpace objects, 0(0B) LOS objects, 23% free, 52MB/68MB, paused 361us total 17.566ms
08-04 17:21:25.746   380   380 W SurfaceFlinger: couldn't log to binary event log: overflow.
08-04 17:21:25.789 28588 28676 I art     : Starting a blocking GC Explicit
08-04 17:21:25.809 28588 28676 I art     : Explicit concurrent mark sweep GC freed 1450(87KB) AllocSpace objects, 1(20KB) LOS objects, 23% free, 52MB/68MB, paused 691us total 19.441ms
08-04 17:21:25.817 28588 28676 I art     : Starting a blocking GC Explicit
08-04 17:21:25.837 28588 28676 I art     : Explicit concurrent mark sweep GC freed 1672(107KB) AllocSpace objects, 3(400KB) LOS objects, 23% free, 52MB/68MB, paused 446us total 19.406ms
08-04 17:21:25.845 28588 28676 I art     : Starting a blocking GC Explicit
08-04 17:21:25.864 28588 28676 I art     : Explicit concurrent mark sweep GC freed 3(96B) AllocSpace objects, 0(0B) LOS objects, 23% free, 52MB/68MB, paused 398us total 19.496ms
08-04 17:21:25.873 28588 28676 I art     : Starting a blocking GC Explicit
08-04 17:21:25.892 28588 28676 I art     : Explicit concurrent mark sweep GC freed 3(96B) AllocSpace objects, 0(0B) LOS objects, 23% free, 52MB/68MB, paused 410us total 19.145ms
08-04 17:21:25.900 28588 28676 I art     : Starting a blocking GC Explicit
08-04 17:21:25.920 28588 28676 I art     : Explicit concurrent mark sweep GC freed 3(96B) AllocSpace objects, 0(0B) LOS objects, 23% free, 52MB/68MB, paused 409us total 19.299ms
08-04 17:21:26.215 28588 29395 I art     : Starting a blocking GC Explicit
08-04 17:21:26.247 28588 29395 I art     : Explicit concurrent mark sweep GC freed 1341(78KB) AllocSpace objects, 1(20KB) LOS objects, 23% free, 52MB/68MB, paused 488us total 32.184ms
08-04 17:21:26.259 28588 29395 I art     : Starting a blocking GC Explicit
08-04 17:21:26.280 28588 29395 I art     : Explicit concurrent mark sweep GC freed 20(704B) AllocSpace objects, 0(0B) LOS objects, 23% free, 52MB/68MB, paused 419us total 20.174ms
08-04 17:21:26.289 28588 29395 I art     : Starting a blocking GC Explicit
08-04 17:21:26.309 28588 29395 I art     : Explicit concurrent mark sweep GC freed 3(96B) AllocSpace objects, 0(0B) LOS objects, 23% free, 52MB/68MB, paused 397us total 19.908ms
08-04 17:21:26.317 28588 29395 I art     : Starting a blocking GC Explicit
08-04 17:21:26.337 28588 29395 I art     : Explicit concurrent mark sweep GC freed 3(96B) AllocSpace objects, 0(0B) LOS objects, 23% free, 52MB/68MB, paused 432us total 19.762ms
08-04 17:21:26.346 28588 29395 I art     : Starting a blocking GC Explicit
08-04 17:21:26.365 28588 29395 I art     : Explicit concurrent mark sweep GC freed 3(96B) AllocSpace objects, 0(0B) LOS objects, 23% free, 52MB/68MB, paused 392us total 19.576ms
08-04 17:21:26.472  8429  8466 I Finsky  : [5787] ktr.run(-1): Stats for Executor: BlockingExecutor kvs@358e60e[Running, pool size = 0, active threads = 0, queued tasks = 0, completed tasks = 29]
08-04 17:21:26.472  8429  8466 I Finsky  : [5787] ktr.run(-1): Stats for Executor: LightweightExecutor kvs@fc6682f[Running, pool size = 4, active threads = 0, queued tasks = 0, completed tasks = 76]
08-04 17:21:26.644 28588 28601 I art     : Starting a blocking GC Explicit
08-04 17:21:26.660 28588 30097 W OneSignal: OneSignalRestClient: POST Error thrown from network stack. 
08-04 17:21:26.660 28588 30097 W OneSignal: java.io.IOException: unexpected end of stream on Connection{api.onesignal.com:443, proxy=HTTP@192.168.2.12:8080 hostAddress=192.168.2.12 cipherSuite=TLS_ECDHE_RSA_WITH_AES_128_GCM_SHA256 protocol=http/1.1} (recycle count=0)
08-04 17:21:26.660 28588 30097 W OneSignal: 	at com.android.okhttp.internal.http.HttpConnection.readResponse(HttpConnection.java:210)
08-04 17:21:26.660 28588 30097 W OneSignal: 	at com.android.okhttp.internal.http.HttpTransport.readResponseHeaders(HttpTransport.java:80)
08-04 17:21:26.660 28588 30097 W OneSignal: 	at com.android.okhttp.internal.http.HttpEngine.readNetworkResponse(HttpEngine.java:904)
08-04 17:21:26.660 28588 30097 W OneSignal: 	at com.android.okhttp.internal.http.HttpEngine.readResponse(HttpEngine.java:788)
08-04 17:21:26.660 28588 30097 W OneSignal: 	at com.android.okhttp.internal.huc.HttpURLConnectionImpl.execute(HttpURLConnectionImpl.java:439)
08-04 17:21:26.660 28588 30097 W OneSignal: 	at com.android.okhttp.internal.huc.HttpURLConnectionImpl.getResponse(HttpURLConnectionImpl.java:384)
08-04 17:21:26.660 28588 30097 W OneSignal: 	at com.android.okhttp.internal.huc.HttpURLConnectionImpl.getResponseCode(HttpURLConnectionImpl.java:497)
08-04 17:21:26.660 28588 30097 W OneSignal: 	at com.android.okhttp.internal.huc.DelegatingHttpsURLConnection.getResponseCode(DelegatingHttpsURLConnection.java:105)
08-04 17:21:26.660 28588 30097 W OneSignal: 	at com.android.okhttp.internal.huc.HttpsURLConnectionImpl.getResponseCode(HttpsURLConnectionImpl.java)
08-04 17:21:26.660 28588 30097 W OneSignal: 	at com.onesignal.OneSignalRestClient.startHTTPConnection(OneSignalRestClient.java:180)
08-04 17:21:26.660 28588 30097 W OneSignal: 	at com.onesignal.OneSignalRestClient.access$100(OneSignalRestClient.java:44)
08-04 17:21:26.660 28588 30097 W OneSignal: 	at com.onesignal.OneSignalRestClient$4.run(OneSignalRestClient.java:110)
08-04 17:21:26.660 28588 30097 W OneSignal: 	at java.lang.Thread.run(Thread.java:818)
08-04 17:21:26.660 28588 30097 W OneSignal: Caused by: java.io.EOFException: \n not found: size=0 content=...
08-04 17:21:26.660 28588 30097 W OneSignal: 	at com.android.okhttp.okio.RealBufferedSource.readUtf8LineStrict(RealBufferedSource.java:200)
08-04 17:21:26.660 28588 30097 W OneSignal: 	at com.android.okhttp.internal.http.HttpConnection.readResponse(HttpConnection.java:191)
08-04 17:21:26.660 28588 30097 W OneSignal: 	... 12 more
08-04 17:21:26.661 28588 30110 W OneSignal: Failed last request. statusCode: -1
08-04 17:21:26.661 28588 30110 W OneSignal: response: null
08-04 17:21:26.665 28588 28601 I art     : Explicit concurrent mark sweep GC freed 3650(216KB) AllocSpace objects, 1(20KB) LOS objects, 23% free, 52MB/68MB, paused 429us total 20.475ms
08-04 17:21:26.673 28588 28601 I art     : Starting a blocking GC Explicit
08-04 17:21:26.692 28588 28601 I art     : Explicit concurrent mark sweep GC freed 329(28KB) AllocSpace objects, 0(0B) LOS objects, 23% free, 52MB/68MB, paused 398us total 18.530ms
08-04 17:21:26.700 28588 28601 I art     : Starting a blocking GC Explicit
08-04 17:21:26.719 28588 28601 I art     : Explicit concurrent mark sweep GC freed 3(96B) AllocSpace objects, 0(0B) LOS objects, 23% free, 52MB/68MB, paused 425us total 18.821ms
08-04 17:21:26.727 28588 28601 I art     : Starting a blocking GC Explicit
08-04 17:21:26.746 28588 28601 I art     : Explicit concurrent mark sweep GC freed 3(96B) AllocSpace objects, 0(0B) LOS objects, 23% free, 52MB/68MB, paused 416us total 18.648ms
08-04 17:21:26.754 28588 28601 I art     : Starting a blocking GC Explicit
08-04 17:21:26.773 28588 28601 I art     : Explicit concurrent mark sweep GC freed 3(96B) AllocSpace objects, 0(0B) LOS objects, 23% free, 52MB/68MB, paused 402us total 18.859ms
08-04 17:21:26.987  8429  8466 I Finsky  : [5787] ktr.run(-1): Stats for Executor: bgExecutor kvs@e92de3c[Running, pool size = 4, active threads = 0, queued tasks = 0, completed tasks = 114]
08-04 17:21:27.043 30108 30108 D AndroidRuntime: >>>>>> START com.android.internal.os.RuntimeInit uid 2000 <<<<<<
08-04 17:21:27.045 28588 28599 I art     : Starting a blocking GC Explicit
08-04 17:21:27.048 30108 30108 D AndroidRuntime: CheckJNI is OFF
08-04 17:21:27.065 28588 28599 I art     : Explicit concurrent mark sweep GC freed 1340(78KB) AllocSpace objects, 1(20KB) LOS objects, 23% free, 52MB/68MB, paused 415us total 19.971ms
08-04 17:21:27.073 28588 28599 I art     : Starting a blocking GC Explicit
08-04 17:21:27.085 30108 30108 D ICU     : No timezone override file found: /data/misc/zoneinfo/current/icu/icu_tzdata.dat
08-04 17:21:27.092 28588 28599 I art     : Explicit concurrent mark sweep GC freed 20(704B) AllocSpace objects, 0(0B) LOS objects, 23% free, 52MB/68MB, paused 408us total 18.882ms
08-04 17:21:27.101 28588 28599 I art     : Starting a blocking GC Explicit
08-04 17:21:27.119 30108 30108 I Radio-JNI: register_android_hardware_Radio DONE
08-04 17:21:27.119 28588 28599 I art     : Explicit concurrent mark sweep GC freed 3(96B) AllocSpace objects, 0(0B) LOS objects, 23% free, 52MB/68MB, paused 417us total 18.539ms
08-04 17:21:27.128 28588 28599 I art     : Starting a blocking GC Explicit
08-04 17:21:27.141 30108 30108 D AndroidRuntime: Calling main entry com.android.commands.input.Input
08-04 17:21:27.142 30108 30108 I Input   : injectKeyEvent: KeyEvent { action=ACTION_DOWN, keyCode=KEYCODE_BACK, scanCode=0, metaState=0, flags=0x0, repeatCount=0, eventTime=724903556, downTime=724903556, deviceId=-1, source=0x101 }
08-04 17:21:27.147 28588 28599 I art     : Explicit concurrent mark sweep GC freed 3(96B) AllocSpace objects, 0(0B) LOS objects, 23% free, 52MB/68MB, paused 439us total 18.783ms
08-04 17:21:27.149 30108 30108 I Input   : injectKeyEvent: KeyEvent { action=ACTION_UP, keyCode=KEYCODE_BACK, scanCode=0, metaState=0, flags=0x0, repeatCount=0, eventTime=724903556, downTime=724903556, deviceId=-1, source=0x101 }
08-04 17:21:27.155 28588 28599 I art     : Starting a blocking GC Explicit
08-04 17:21:27.155 30108 30108 D AndroidRuntime: Shutting down VM
08-04 17:21:27.173 28588 28599 I art     : Explicit concurrent mark sweep GC freed 150(6KB) AllocSpace objects, 0(0B) LOS objects, 23% free, 52MB/68MB, paused 400us total 18.298ms
08-04 17:21:27.190 13866 13866 I GoogleInputMethodServic: GoogleInputMethodService.onFinishInput():3138 
08-04 17:21:27.191 13866 13866 I GoogleInputMethodServic: GoogleInputMethodService.onStartInput():1808 
08-04 17:21:27.444 28588 29395 I art     : Starting a blocking GC Explicit
08-04 17:21:27.468 28588 29395 I art     : Explicit concurrent mark sweep GC freed 1403(80KB) AllocSpace objects, 1(20KB) LOS objects, 23% free, 52MB/68MB, paused 413us total 23.651ms
08-04 17:21:27.477 28588 29395 I art     : Starting a blocking GC Explicit
08-04 17:21:27.496 28588 29395 I art     : Explicit concurrent mark sweep GC freed 1087(52KB) AllocSpace objects, 0(0B) LOS objects, 23% free, 52MB/68MB, paused 490us total 19.307ms
08-04 17:21:27.505 28588 29395 I art     : Starting a blocking GC Explicit
08-04 17:21:27.523 28588 29395 I art     : Explicit concurrent mark sweep GC freed 120(6KB) AllocSpace objects, 0(0B) LOS objects, 23% free, 52MB/68MB, paused 422us total 17.676ms
08-04 17:21:27.530 28588 29395 I art     : Starting a blocking GC Explicit
08-04 17:21:27.548 28588 29395 I art     : Explicit concurrent mark sweep GC freed 1967(121KB) AllocSpace objects, 2(140KB) LOS objects, 23% free, 51MB/67MB, paused 642us total 17.329ms
08-04 17:21:27.556 28588 29395 I art     : Starting a blocking GC Explicit
08-04 17:21:27.575 28588 29395 I art     : Explicit concurrent mark sweep GC freed 3(96B) AllocSpace objects, 0(0B) LOS objects, 23% free, 51MB/67MB, paused 399us total 18.336ms
08-04 17:21:27.872 28588 28601 I art     : Starting a blocking GC Explicit
08-04 17:21:27.901 28588 28601 I art     : Explicit concurrent mark sweep GC freed 1340(78KB) AllocSpace objects, 1(20KB) LOS objects, 23% free, 51MB/67MB, paused 479us total 28.616ms
08-04 17:21:27.913 28588 28601 I art     : Starting a blocking GC Explicit
08-04 17:21:27.936 28588 28601 I art     : Explicit concurrent mark sweep GC freed 20(704B) AllocSpace objects, 0(0B) LOS objects, 23% free, 51MB/67MB, paused 443us total 22.475ms
08-04 17:21:27.945 28588 28601 I art     : Starting a blocking GC Explicit
08-04 17:21:27.966 28588 28601 I art     : Explicit concurrent mark sweep GC freed 3(96B) AllocSpace objects, 0(0B) LOS objects, 23% free, 51MB/67MB, paused 415us total 20.032ms
08-04 17:21:27.975 28588 28601 I art     : Starting a blocking GC Explicit
08-04 17:21:27.993 28588 28601 I art     : Explicit concurrent mark sweep GC freed 3(96B) AllocSpace objects, 0(0B) LOS objects, 23% free, 51MB/67MB, paused 407us total 18.375ms
08-04 17:21:28.002 28588 28601 I art     : Starting a blocking GC Explicit
08-04 17:21:28.020 28588 28601 I art     : Explicit concurrent mark sweep GC freed 3(96B) AllocSpace objects, 0(0B) LOS objects, 23% free, 51MB/67MB, paused 410us total 18.608ms
08-04 17:21:28.296 28588 28599 I art     : Starting a blocking GC Explicit
08-04 17:21:28.314 28588 28599 I art     : Explicit concurrent mark sweep GC freed 1338(78KB) AllocSpace objects, 1(20KB) LOS objects, 23% free, 51MB/67MB, paused 387us total 18.424ms
08-04 17:21:28.322 28588 28599 I art     : Starting a blocking GC Explicit
08-04 17:21:28.342 28588 28599 I art     : Explicit concurrent mark sweep GC freed 20(704B) AllocSpace objects, 0(0B) LOS objects, 23% free, 51MB/67MB, paused 409us total 18.921ms
08-04 17:21:28.350 28588 28599 I art     : Starting a blocking GC Explicit
08-04 17:21:28.369 28588 28599 I art     : Explicit concurrent mark sweep GC freed 3(96B) AllocSpace objects, 0(0B) LOS objects, 23% free, 51MB/67MB, paused 402us total 19.225ms
08-04 17:21:28.378 28588 28599 I art     : Starting a blocking GC Explicit
08-04 17:21:28.397 28588 28599 I art     : Explicit concurrent mark sweep GC freed 3(96B) AllocSpace objects, 0(0B) LOS objects, 23% free, 51MB/67MB, paused 489us total 18.804ms
08-04 17:21:28.405 28588 28599 I art     : Starting a blocking GC Explicit
08-04 17:21:28.424 28588 28599 I art     : Explicit concurrent mark sweep GC freed 3(96B) AllocSpace objects, 0(0B) LOS objects, 23% free, 51MB/67MB, paused 388us total 18.143ms
08-04 17:21:28.695 28588 28676 I art     : Starting a blocking GC Explicit
08-04 17:21:28.714 28588 28676 I art     : Explicit concurrent mark sweep GC freed 1338(78KB) AllocSpace objects, 1(20KB) LOS objects, 23% free, 51MB/67MB, paused 428us total 19.081ms
08-04 17:21:28.723 28588 28676 I art     : Starting a blocking GC Explicit
08-04 17:21:28.741 28588 28676 I art     : Explicit concurrent mark sweep GC freed 20(704B) AllocSpace objects, 0(0B) LOS objects, 23% free, 51MB/67MB, paused 414us total 18.294ms
08-04 17:21:28.749 28588 28676 I art     : Starting a blocking GC Explicit
08-04 17:21:28.768 28588 28676 I art     : Explicit concurrent mark sweep GC freed 3(96B) AllocSpace objects, 0(0B) LOS objects, 23% free, 51MB/67MB, paused 914us total 18.599ms
08-04 17:21:28.776 28588 28676 I art     : Starting a blocking GC Explicit
08-04 17:21:28.794 28588 28676 I art     : Explicit concurrent mark sweep GC freed 3(96B) AllocSpace objects, 0(0B) LOS objects, 23% free, 51MB/67MB, paused 410us total 17.723ms
08-04 17:21:28.802 28588 28676 I art     : Starting a blocking GC Explicit
08-04 17:21:28.820 28588 28676 I art     : Explicit concurrent mark sweep GC freed 3(96B) AllocSpace objects, 0(0B) LOS objects, 23% free, 51MB/67MB, paused 418us total 17.922ms
08-04 17:21:28.822 30163 30163 D AndroidRuntime: >>>>>> START com.android.internal.os.RuntimeInit uid 2000 <<<<<<
08-04 17:21:28.827 30163 30163 D AndroidRuntime: CheckJNI is OFF
08-04 17:21:28.861 30163 30163 D ICU     : No timezone override file found: /data/misc/zoneinfo/current/icu/icu_tzdata.dat
08-04 17:21:28.893 30163 30163 I Radio-JNI: register_android_hardware_Radio DONE
08-04 17:21:28.915 30163 30163 D AndroidRuntime: Calling main entry com.android.commands.input.Input
08-04 17:21:28.917 30163 30163 I Input   : injectMotionEvent: MotionEvent { action=ACTION_DOWN, actionButton=0, id[0]=0, x[0]=337.0, y[0]=1104.0, toolType[0]=TOOL_TYPE_UNKNOWN, buttonState=0, metaState=0, flags=0x0, edgeFlags=0x0, pointerCount=1, historySize=0, eventTime=724905329, downTime=724905329, deviceId=0, source=0x1002 }
08-04 17:21:28.923 30163 30163 I Input   : injectMotionEvent: MotionEvent { action=ACTION_UP, actionButton=0, id[0]=0, x[0]=337.0, y[0]=1104.0, toolType[0]=TOOL_TYPE_UNKNOWN, buttonState=0, metaState=0, flags=0x0, edgeFlags=0x0, pointerCount=1, historySize=0, eventTime=724905329, downTime=724905329, deviceId=0, source=0x1002 }
08-04 17:21:28.925   918  5481 I ActivityManager: START u0 {cmp=baseline.appteam.nith.hillffair/.activities.BattleDayActivity} from uid 10651 on display 0
08-04 17:21:28.936 30163 30163 D AndroidRuntime: Shutting down VM
08-04 17:21:29.007 13866 13866 I GoogleInputMethodServic: GoogleInputMethodService.onFinishInput():3138 
08-04 17:21:29.008 13866 13866 I GoogleInputMethodServic: GoogleInputMethodService.onStartInput():1808 
08-04 17:21:29.033   918   936 I ActivityManager: Displayed baseline.appteam.nith.hillffair/.activities.BattleDayActivity: +96ms
08-04 17:21:29.073 28588 28676 I art     : Starting a blocking GC Explicit
08-04 17:21:29.093 28588 28676 I art     : Explicit concurrent mark sweep GC freed 6324(379KB) AllocSpace objects, 1(20KB) LOS objects, 23% free, 52MB/68MB, paused 517us total 19.699ms
08-04 17:21:29.101 28588 28676 I art     : Starting a blocking GC Explicit
08-04 17:21:29.120 28588 28676 I art     : Explicit concurrent mark sweep GC freed 300(15KB) AllocSpace objects, 0(0B) LOS objects, 23% free, 52MB/68MB, paused 431us total 18.320ms
08-04 17:21:29.128 28588 28676 I art     : Starting a blocking GC Explicit
08-04 17:21:29.146 28588 28676 I art     : Explicit concurrent mark sweep GC freed 3(96B) AllocSpace objects, 0(0B) LOS objects, 23% free, 52MB/68MB, paused 491us total 18.163ms
08-04 17:21:29.156 28588 28676 I art     : Starting a blocking GC Explicit
08-04 17:21:29.176 28588 28676 I art     : Explicit concurrent mark sweep GC freed 3(96B) AllocSpace objects, 0(0B) LOS objects, 23% free, 52MB/68MB, paused 425us total 19.950ms
08-04 17:21:29.185 28588 28676 I art     : Starting a blocking GC Explicit
08-04 17:21:29.207 28588 28676 I art     : Explicit concurrent mark sweep GC freed 3(96B) AllocSpace objects, 0(0B) LOS objects, 23% free, 52MB/68MB, paused 457us total 21.220ms
08-04 17:21:29.284   380   380 W SurfaceFlinger: couldn't log to binary event log: overflow.
08-04 17:21:29.462 28588 28676 I art     : Starting a blocking GC Explicit
08-04 17:21:29.481 28588 28676 I art     : Explicit concurrent mark sweep GC freed 1425(83KB) AllocSpace objects, 1(20KB) LOS objects, 23% free, 52MB/68MB, paused 461us total 18.741ms
08-04 17:21:29.489 28588 28676 I art     : Starting a blocking GC Explicit
08-04 17:21:29.509 28588 28676 I art     : Explicit concurrent mark sweep GC freed 36(1280B) AllocSpace objects, 0(0B) LOS objects, 23% free, 52MB/68MB, paused 468us total 19.228ms
08-04 17:21:29.518 28588 28676 I art     : Starting a blocking GC Explicit
08-04 17:21:29.536 28588 28676 I art     : Explicit concurrent mark sweep GC freed 13(480B) AllocSpace objects, 0(0B) LOS objects, 23% free, 52MB/68MB, paused 427us total 18.612ms
08-04 17:21:29.545 28588 28676 I art     : Starting a blocking GC Explicit
08-04 17:21:29.564 28588 28676 I art     : Explicit concurrent mark sweep GC freed 10(352B) AllocSpace objects, 0(0B) LOS objects, 23% free, 52MB/68MB, paused 456us total 18.891ms
08-04 17:21:29.572 28588 28676 I art     : Starting a blocking GC Explicit
08-04 17:21:29.590 28588 28676 I art     : Explicit concurrent mark sweep GC freed 11(416B) AllocSpace objects, 0(0B) LOS objects, 23% free, 52MB/68MB, paused 443us total 18.284ms
08-04 17:21:29.836 28588 30188 D OkHttp  : --> GET https://api-hillfair-2k16.herokuapp.com/api/app/events/special http/1.1
08-04 17:21:29.869 28588 30188 D OkHttp  : <-- 200 OK https://api-hillfair-2k16.herokuapp.com/api/app/events/special (32ms, 554-byte body)
08-04 17:21:29.882 28588 28676 I art     : Starting a blocking GC Explicit
08-04 17:21:29.904 28588 28676 I art     : Explicit concurrent mark sweep GC freed 4205(247KB) AllocSpace objects, 4(220KB) LOS objects, 23% free, 52MB/68MB, paused 459us total 21.591ms
08-04 17:21:29.912 28588 28676 I art     : Starting a blocking GC Explicit
08-04 17:21:29.920 28588 28588 I NAPPA_EXPERIMENTATION: MetricNetworkRequestExecutionTime: REQUEST_DURATION_SYSTEM='958',REQUEST_DURATION_OKHTTP='32',REQUEST_SYNCHRONOUS='FALSE',RESPONSE_CODE='200',RESPONSE_METHOD='GET',RESPONSE_LENGTH_OKHTTP='554',RESPONSE_LENGTH_HEADER='554',REQUEST_PROTOCOL='http/1.1',REQUEST_URL='https://api-hillfair-2k16.herokuapp.com/api/app/events/special',
08-04 17:21:29.932 28588 28676 I art     : Explicit concurrent mark sweep GC freed 1453(171KB) AllocSpace objects, 0(0B) LOS objects, 23% free, 52MB/68MB, paused 444us total 19.514ms
08-04 17:21:29.940 28588 28676 I art     : Starting a blocking GC Explicit
08-04 17:21:29.960 28588 28676 I art     : Explicit concurrent mark sweep GC freed 371(14KB) AllocSpace objects, 0(0B) LOS objects, 23% free, 52MB/68MB, paused 1.207ms total 19.574ms
08-04 17:21:29.969 28588 28676 I art     : Starting a blocking GC Explicit
08-04 17:21:29.987 28588 28676 I art     : Explicit concurrent mark sweep GC freed 75(3KB) AllocSpace objects, 0(0B) LOS objects, 23% free, 52MB/68MB, paused 451us total 17.978ms
08-04 17:21:29.994 28588 28676 I art     : Starting a blocking GC Explicit
08-04 17:21:30.012 28588 28676 I art     : Explicit concurrent mark sweep GC freed 7(256B) AllocSpace objects, 0(0B) LOS objects, 23% free, 52MB/68MB, paused 424us total 17.711ms
08-04 17:21:30.305 28588 28599 I art     : Starting a blocking GC Explicit
08-04 17:21:30.328 28588 28599 I art     : Explicit concurrent mark sweep GC freed 1340(78KB) AllocSpace objects, 1(20KB) LOS objects, 23% free, 52MB/68MB, paused 495us total 23.418ms
08-04 17:21:30.340 28588 28599 I art     : Starting a blocking GC Explicit
08-04 17:21:30.361 28588 28599 I art     : Explicit concurrent mark sweep GC freed 20(704B) AllocSpace objects, 0(0B) LOS objects, 23% free, 52MB/68MB, paused 445us total 20.478ms
08-04 17:21:30.369 28588 28599 I art     : Starting a blocking GC Explicit
08-04 17:21:30.390 28588 28599 I art     : Explicit concurrent mark sweep GC freed 3(96B) AllocSpace objects, 0(0B) LOS objects, 23% free, 52MB/68MB, paused 437us total 20.387ms
08-04 17:21:30.399 28588 28599 I art     : Starting a blocking GC Explicit
08-04 17:21:30.419 28588 28599 I art     : Explicit concurrent mark sweep GC freed 3(96B) AllocSpace objects, 0(0B) LOS objects, 23% free, 52MB/68MB, paused 436us total 20.392ms
08-04 17:21:30.428 28588 28599 I art     : Starting a blocking GC Explicit
08-04 17:21:30.448 28588 28599 I art     : Explicit concurrent mark sweep GC freed 3(96B) AllocSpace objects, 0(0B) LOS objects, 23% free, 52MB/68MB, paused 419us total 19.954ms
08-04 17:21:30.771 28588 28601 I art     : Starting a blocking GC Explicit
08-04 17:21:30.797 28588 28601 I art     : Explicit concurrent mark sweep GC freed 1340(78KB) AllocSpace objects, 1(20KB) LOS objects, 23% free, 52MB/68MB, paused 470us total 25.591ms
08-04 17:21:30.808 28588 28601 I art     : Starting a blocking GC Explicit
08-04 17:21:30.829 28588 28601 I art     : Explicit concurrent mark sweep GC freed 20(704B) AllocSpace objects, 0(0B) LOS objects, 23% free, 52MB/68MB, paused 442us total 20.622ms
08-04 17:21:30.838 28588 28601 I art     : Starting a blocking GC Explicit
08-04 17:21:30.858 28588 28601 I art     : Explicit concurrent mark sweep GC freed 3(96B) AllocSpace objects, 0(0B) LOS objects, 23% free, 52MB/68MB, paused 505us total 20.131ms
08-04 17:21:30.867 28588 28601 I art     : Starting a blocking GC Explicit
08-04 17:21:30.887 28588 28601 I art     : Explicit concurrent mark sweep GC freed 3(96B) AllocSpace objects, 0(0B) LOS objects, 23% free, 52MB/68MB, paused 473us total 20.515ms
08-04 17:21:30.896 28588 28601 I art     : Starting a blocking GC Explicit
08-04 17:21:30.916 28588 28601 I art     : Explicit concurrent mark sweep GC freed 3(96B) AllocSpace objects, 0(0B) LOS objects, 23% free, 52MB/68MB, paused 428us total 19.740ms
08-04 17:21:31.233 28588 29395 I art     : Starting a blocking GC Explicit
08-04 17:21:31.259 28588 29395 I art     : Explicit concurrent mark sweep GC freed 1340(78KB) AllocSpace objects, 1(20KB) LOS objects, 23% free, 52MB/68MB, paused 604us total 25.989ms
08-04 17:21:31.272 28588 29395 I art     : Starting a blocking GC Explicit
08-04 17:21:31.291 28588 29395 I art     : Explicit concurrent mark sweep GC freed 20(704B) AllocSpace objects, 0(0B) LOS objects, 23% free, 52MB/68MB, paused 423us total 19.203ms
08-04 17:21:31.299 28588 29395 I art     : Starting a blocking GC Explicit
08-04 17:21:31.318 28588 29395 I art     : Explicit concurrent mark sweep GC freed 3(96B) AllocSpace objects, 0(0B) LOS objects, 23% free, 52MB/68MB, paused 428us total 18.961ms
08-04 17:21:31.327 28588 29395 I art     : Starting a blocking GC Explicit
08-04 17:21:31.348 28588 29395 I art     : Explicit concurrent mark sweep GC freed 3(96B) AllocSpace objects, 0(0B) LOS objects, 23% free, 52MB/68MB, paused 455us total 20.318ms
08-04 17:21:31.356 28588 29395 I art     : Starting a blocking GC Explicit
08-04 17:21:31.377 28588 29395 I art     : Explicit concurrent mark sweep GC freed 3(96B) AllocSpace objects, 0(0B) LOS objects, 23% free, 52MB/68MB, paused 442us total 20.205ms
08-04 17:21:31.692 28588 28676 I art     : Starting a blocking GC Explicit
08-04 17:21:31.718 28588 28676 I art     : Explicit concurrent mark sweep GC freed 1340(78KB) AllocSpace objects, 1(20KB) LOS objects, 23% free, 52MB/68MB, paused 521us total 25.594ms
08-04 17:21:31.730 28588 28676 I art     : Starting a blocking GC Explicit
08-04 17:21:31.751 28588 28676 I art     : Explicit concurrent mark sweep GC freed 20(704B) AllocSpace objects, 0(0B) LOS objects, 23% free, 52MB/68MB, paused 422us total 20.822ms
08-04 17:21:31.759 28588 28676 I art     : Starting a blocking GC Explicit
08-04 17:21:31.780 28588 28676 I art     : Explicit concurrent mark sweep GC freed 3(96B) AllocSpace objects, 0(0B) LOS objects, 23% free, 52MB/68MB, paused 475us total 19.999ms
08-04 17:21:31.788 28588 28676 I art     : Starting a blocking GC Explicit
08-04 17:21:31.808 28588 28676 I art     : Explicit concurrent mark sweep GC freed 3(96B) AllocSpace objects, 0(0B) LOS objects, 23% free, 52MB/68MB, paused 431us total 19.900ms
08-04 17:21:31.817 28588 28676 I art     : Starting a blocking GC Explicit
08-04 17:21:31.837 28588 28676 I art     : Explicit concurrent mark sweep GC freed 3(96B) AllocSpace objects, 0(0B) LOS objects, 23% free, 52MB/68MB, paused 497us total 20.096ms
08-04 17:21:32.152 28588 28599 I art     : Starting a blocking GC Explicit
08-04 17:21:32.178 28588 28599 I art     : Explicit concurrent mark sweep GC freed 1340(78KB) AllocSpace objects, 1(20KB) LOS objects, 23% free, 52MB/68MB, paused 523us total 25.694ms
08-04 17:21:32.190 28588 28599 I art     : Starting a blocking GC Explicit
08-04 17:21:32.211 28588 28599 I art     : Explicit concurrent mark sweep GC freed 20(704B) AllocSpace objects, 0(0B) LOS objects, 23% free, 52MB/68MB, paused 433us total 20.327ms
08-04 17:21:32.220 28588 28599 I art     : Starting a blocking GC Explicit
08-04 17:21:32.240 28588 28599 I art     : Explicit concurrent mark sweep GC freed 3(96B) AllocSpace objects, 0(0B) LOS objects, 23% free, 52MB/68MB, paused 425us total 20.637ms
08-04 17:21:32.249 28588 28599 I art     : Starting a blocking GC Explicit
08-04 17:21:32.270 28588 28599 I art     : Explicit concurrent mark sweep GC freed 3(96B) AllocSpace objects, 0(0B) LOS objects, 23% free, 52MB/68MB, paused 467us total 21.110ms
08-04 17:21:32.279 28588 28599 I art     : Starting a blocking GC Explicit
08-04 17:21:32.299 28588 28599 I art     : Explicit concurrent mark sweep GC freed 3(96B) AllocSpace objects, 0(0B) LOS objects, 23% free, 52MB/68MB, paused 410us total 19.698ms
08-04 17:21:32.631 28588 28601 I art     : Starting a blocking GC Explicit
08-04 17:21:32.661 28588 28601 I art     : Explicit concurrent mark sweep GC freed 1340(78KB) AllocSpace objects, 1(20KB) LOS objects, 23% free, 52MB/68MB, paused 505us total 29.584ms
08-04 17:21:32.679 28588 28601 I art     : Starting a blocking GC Explicit
08-04 17:21:32.702 28588 28601 I art     : Explicit concurrent mark sweep GC freed 20(704B) AllocSpace objects, 0(0B) LOS objects, 23% free, 52MB/68MB, paused 472us total 21.940ms
08-04 17:21:32.710 28588 28601 I art     : Starting a blocking GC Explicit
08-04 17:21:32.731 28588 28601 I art     : Explicit concurrent mark sweep GC freed 3(96B) AllocSpace objects, 0(0B) LOS objects, 23% free, 52MB/68MB, paused 428us total 20.208ms
08-04 17:21:32.739 28588 28601 I art     : Starting a blocking GC Explicit
08-04 17:21:32.759 28588 28601 I art     : Explicit concurrent mark sweep GC freed 3(96B) AllocSpace objects, 0(0B) LOS objects, 23% free, 52MB/68MB, paused 427us total 19.921ms
08-04 17:21:32.768 28588 28601 I art     : Starting a blocking GC Explicit
08-04 17:21:32.788 28588 28601 I art     : Explicit concurrent mark sweep GC freed 3(96B) AllocSpace objects, 0(0B) LOS objects, 23% free, 52MB/68MB, paused 414us total 20.101ms
08-04 17:21:33.116 28588 29395 I art     : Starting a blocking GC Explicit
08-04 17:21:33.148 28588 29395 I art     : Explicit concurrent mark sweep GC freed 1340(78KB) AllocSpace objects, 1(20KB) LOS objects, 23% free, 52MB/68MB, paused 666us total 31.473ms
08-04 17:21:33.162 28588 29395 I art     : Starting a blocking GC Explicit
08-04 17:21:33.181 28588 29395 I art     : Explicit concurrent mark sweep GC freed 20(704B) AllocSpace objects, 0(0B) LOS objects, 23% free, 52MB/68MB, paused 421us total 19.277ms
08-04 17:21:33.190 28588 29395 I art     : Starting a blocking GC Explicit
08-04 17:21:33.209 28588 29395 I art     : Explicit concurrent mark sweep GC freed 3(96B) AllocSpace objects, 0(0B) LOS objects, 23% free, 52MB/68MB, paused 418us total 19.203ms
08-04 17:21:33.217 28588 29395 I art     : Starting a blocking GC Explicit
08-04 17:21:33.237 28588 29395 I art     : Explicit concurrent mark sweep GC freed 3(96B) AllocSpace objects, 0(0B) LOS objects, 23% free, 52MB/68MB, paused 451us total 18.857ms
08-04 17:21:33.245 28588 29395 I art     : Starting a blocking GC Explicit
08-04 17:21:33.264 28588 29395 I art     : Explicit concurrent mark sweep GC freed 3(96B) AllocSpace objects, 0(0B) LOS objects, 23% free, 52MB/68MB, paused 442us total 19.107ms
08-04 17:21:33.569 28588 28676 I art     : Starting a blocking GC Explicit
08-04 17:21:33.589 28588 28676 I art     : Explicit concurrent mark sweep GC freed 1340(78KB) AllocSpace objects, 1(20KB) LOS objects, 23% free, 52MB/68MB, paused 445us total 20.209ms
08-04 17:21:33.592   518   646 I ThermalEngine: ACTION: GPU - Setting GPU[0] to 600000000
08-04 17:21:33.598 28588 28676 I art     : Starting a blocking GC Explicit
08-04 17:21:33.604 30289 30289 D AndroidRuntime: >>>>>> START com.android.internal.os.RuntimeInit uid 2000 <<<<<<
08-04 17:21:33.609 30289 30289 D AndroidRuntime: CheckJNI is OFF
08-04 17:21:33.619 28588 28676 I art     : Explicit concurrent mark sweep GC freed 20(704B) AllocSpace objects, 0(0B) LOS objects, 23% free, 52MB/68MB, paused 476us total 20.422ms
08-04 17:21:33.628 28588 28676 I art     : Starting a blocking GC Explicit
08-04 17:21:33.643 30289 30289 D ICU     : No timezone override file found: /data/misc/zoneinfo/current/icu/icu_tzdata.dat
08-04 17:21:33.644 28588 28676 I art     : Explicit concurrent mark sweep GC freed 3(96B) AllocSpace objects, 0(0B) LOS objects, 23% free, 52MB/68MB, paused 401us total 16.264ms
08-04 17:21:33.651 28588 28676 I art     : Starting a blocking GC Explicit
08-04 17:21:33.666 28588 28676 I art     : Explicit concurrent mark sweep GC freed 3(96B) AllocSpace objects, 0(0B) LOS objects, 23% free, 52MB/68MB, paused 342us total 15.109ms
08-04 17:21:33.670 30289 30289 I Radio-JNI: register_android_hardware_Radio DONE
08-04 17:21:33.673 28588 28676 I art     : Starting a blocking GC Explicit
08-04 17:21:33.686 30289 30289 D AndroidRuntime: Calling main entry com.android.commands.input.Input
08-04 17:21:33.687 28588 28676 I art     : Explicit concurrent mark sweep GC freed 3(96B) AllocSpace objects, 0(0B) LOS objects, 23% free, 52MB/68MB, paused 385us total 14.362ms
08-04 17:21:33.688 30289 30289 I Input   : injectMotionEvent: MotionEvent { action=ACTION_DOWN, actionButton=0, id[0]=0, x[0]=733.0, y[0]=645.0, toolType[0]=TOOL_TYPE_UNKNOWN, buttonState=0, metaState=0, flags=0x0, edgeFlags=0x0, pointerCount=1, historySize=0, eventTime=724910101, downTime=724910101, deviceId=0, source=0x1002 }
08-04 17:21:33.694 30289 30289 I Input   : injectMotionEvent: MotionEvent { action=ACTION_UP, actionButton=0, id[0]=0, x[0]=733.0, y[0]=645.0, toolType[0]=TOOL_TYPE_UNKNOWN, buttonState=0, metaState=0, flags=0x0, edgeFlags=0x0, pointerCount=1, historySize=0, eventTime=724910101, downTime=724910101, deviceId=0, source=0x1002 }
08-04 17:21:33.695   918  4400 I ActivityManager: START u0 {cmp=baseline.appteam.nith.hillffair/.activities.ClubActivity (has extras)} from uid 10651 on display 0
08-04 17:21:33.700 30289 30289 D AndroidRuntime: Shutting down VM
08-04 17:21:33.777   918   936 I ActivityManager: Displayed baseline.appteam.nith.hillffair/.activities.ClubActivity: +76ms
08-04 17:21:33.777 13866 13866 I GoogleInputMethodServic: GoogleInputMethodService.onFinishInput():3138 
08-04 17:21:33.777 13866 13866 I GoogleInputMethodServic: GoogleInputMethodService.onStartInput():1808 
08-04 17:21:33.914 28588 29395 I art     : Starting a blocking GC Explicit
08-04 17:21:33.936 28588 29395 I art     : Explicit concurrent mark sweep GC freed 5305(332KB) AllocSpace objects, 1(20KB) LOS objects, 23% free, 52MB/68MB, paused 559us total 22.071ms
08-04 17:21:33.948 28588 29395 I art     : Starting a blocking GC Explicit
08-04 17:21:33.974 28588 29395 I art     : Explicit concurrent mark sweep GC freed 212(9KB) AllocSpace objects, 0(0B) LOS objects, 23% free, 52MB/68MB, paused 1.509ms total 25.597ms
08-04 17:21:33.983 28588 29395 I art     : Starting a blocking GC Explicit
08-04 17:21:34.004 28588 29395 I art     : Explicit concurrent mark sweep GC freed 3(96B) AllocSpace objects, 0(0B) LOS objects, 23% free, 52MB/68MB, paused 399us total 20.894ms
08-04 17:21:34.005   380   380 W SurfaceFlinger: couldn't log to binary event log: overflow.
08-04 17:21:34.014 28588 29395 I art     : Starting a blocking GC Explicit
08-04 17:21:34.030 28588 29395 I art     : Explicit concurrent mark sweep GC freed 3(96B) AllocSpace objects, 0(0B) LOS objects, 23% free, 52MB/68MB, paused 341us total 15.883ms
08-04 17:21:34.036 28588 29395 I art     : Starting a blocking GC Explicit
08-04 17:21:34.051 28588 29395 I art     : Explicit concurrent mark sweep GC freed 3(96B) AllocSpace objects, 0(0B) LOS objects, 23% free, 52MB/68MB, paused 362us total 14.772ms
08-04 17:21:34.336 28588 28599 I art     : Starting a blocking GC Explicit
08-04 17:21:34.356 28588 28599 I art     : Explicit concurrent mark sweep GC freed 1481(86KB) AllocSpace objects, 1(20KB) LOS objects, 23% free, 52MB/68MB, paused 419us total 19.781ms
08-04 17:21:34.363 28588 28599 I art     : Starting a blocking GC Explicit
08-04 17:21:34.380 28588 28599 I art     : Explicit concurrent mark sweep GC freed 52(1792B) AllocSpace objects, 0(0B) LOS objects, 23% free, 52MB/68MB, paused 355us total 16.512ms
08-04 17:21:34.386 28588 28599 I art     : Starting a blocking GC Explicit
08-04 17:21:34.402 28588 28599 I art     : Explicit concurrent mark sweep GC freed 10(352B) AllocSpace objects, 0(0B) LOS objects, 23% free, 52MB/68MB, paused 332us total 15.865ms
08-04 17:21:34.410 28588 28599 I art     : Starting a blocking GC Explicit
08-04 17:21:34.426 28588 28599 I art     : Explicit concurrent mark sweep GC freed 11(416B) AllocSpace objects, 0(0B) LOS objects, 23% free, 52MB/68MB, paused 322us total 16.074ms
08-04 17:21:34.433 28588 28599 I art     : Starting a blocking GC Explicit
08-04 17:21:34.448 28588 28599 I art     : Explicit concurrent mark sweep GC freed 10(352B) AllocSpace objects, 0(0B) LOS objects, 23% free, 52MB/68MB, paused 342us total 15.366ms
08-04 17:21:34.597   518   646 I ThermalEngine: ACTION: GPU - Setting GPU[0] to 510000000
08-04 17:21:34.718 28588 28676 I art     : Starting a blocking GC Explicit
08-04 17:21:34.741 28588 28676 I art     : Explicit concurrent mark sweep GC freed 1394(80KB) AllocSpace objects, 1(20KB) LOS objects, 23% free, 52MB/68MB, paused 645us total 22.154ms
08-04 17:21:34.750 28588 28676 I art     : Starting a blocking GC Explicit
08-04 17:21:34.770 28588 28676 I art     : Explicit concurrent mark sweep GC freed 60(2048B) AllocSpace objects, 0(0B) LOS objects, 23% free, 52MB/68MB, paused 473us total 19.741ms
08-04 17:21:34.778 28588 28676 I art     : Starting a blocking GC Explicit
08-04 17:21:34.798 28588 28676 I art     : Explicit concurrent mark sweep GC freed 13(480B) AllocSpace objects, 0(0B) LOS objects, 23% free, 52MB/68MB, paused 561us total 20.066ms
08-04 17:21:34.807 28588 28676 I art     : Starting a blocking GC Explicit
08-04 17:21:34.827 28588 28676 I art     : Explicit concurrent mark sweep GC freed 778(60KB) AllocSpace objects, 2(120KB) LOS objects, 23% free, 52MB/68MB, paused 654us total 20.588ms
08-04 17:21:34.836 28588 28676 I art     : Starting a blocking GC Explicit
08-04 17:21:34.851 28588 30312 D OkHttp  : --> GET https://api-hillfair-2k16.herokuapp.com/api/app/events/special/event?id=5806551bdcba0f490c70fd1f http/1.1
08-04 17:21:34.857 28588 28676 I art     : Explicit concurrent mark sweep GC freed 2153(84KB) AllocSpace objects, 0(0B) LOS objects, 23% free, 52MB/68MB, paused 610us total 21.050ms
08-04 17:21:34.883 28588 30312 D OkHttp  : <-- 200 OK https://api-hillfair-2k16.herokuapp.com/api/app/events/special/event?id=5806551bdcba0f490c70fd1f (31ms, 795-byte body)
08-04 17:21:34.941 28588 28588 I NAPPA_EXPERIMENTATION: MetricNetworkRequestExecutionTime: REQUEST_DURATION_SYSTEM='1220',REQUEST_DURATION_OKHTTP='32',REQUEST_SYNCHRONOUS='FALSE',RESPONSE_CODE='200',RESPONSE_METHOD='GET',RESPONSE_LENGTH_OKHTTP='795',RESPONSE_LENGTH_HEADER='795',REQUEST_PROTOCOL='http/1.1',REQUEST_URL='https://api-hillfair-2k16.herokuapp.com/api/app/events/special/event?id=5806551bdcba0f490c70fd1f',
08-04 17:21:35.138 28588 28676 I art     : Starting a blocking GC Explicit
08-04 17:21:35.160 28588 28676 I art     : Explicit concurrent mark sweep GC freed 2774(282KB) AllocSpace objects, 2(100KB) LOS objects, 23% free, 52MB/68MB, paused 423us total 22.260ms
08-04 17:21:35.169 28588 28676 I art     : Starting a blocking GC Explicit
08-04 17:21:35.192 28588 28676 I art     : Explicit concurrent mark sweep GC freed 107(3KB) AllocSpace objects, 0(0B) LOS objects, 23% free, 52MB/68MB, paused 470us total 22.152ms
08-04 17:21:35.201 28588 28676 I art     : Starting a blocking GC Explicit
08-04 17:21:35.221 28588 28676 I art     : Explicit concurrent mark sweep GC freed 3(96B) AllocSpace objects, 0(0B) LOS objects, 23% free, 52MB/68MB, paused 446us total 19.892ms
08-04 17:21:35.230 28588 28676 I art     : Starting a blocking GC Explicit
08-04 17:21:35.251 28588 28676 I art     : Explicit concurrent mark sweep GC freed 3(96B) AllocSpace objects, 0(0B) LOS objects, 23% free, 52MB/68MB, paused 453us total 20.657ms
08-04 17:21:35.259 28588 28676 I art     : Starting a blocking GC Explicit
08-04 17:21:35.280 28588 28676 I art     : Explicit concurrent mark sweep GC freed 3(96B) AllocSpace objects, 0(0B) LOS objects, 23% free, 52MB/68MB, paused 589us total 20.747ms
08-04 17:21:35.616 28588 28601 I art     : Starting a blocking GC Explicit
08-04 17:21:35.631 24412 24412 I ServiceManager: Waiting for service AtCmdFwd...
08-04 17:21:35.643 28588 28601 I art     : Explicit concurrent mark sweep GC freed 1341(78KB) AllocSpace objects, 1(20KB) LOS objects, 23% free, 52MB/68MB, paused 511us total 27.004ms
08-04 17:21:35.656 28588 28601 I art     : Starting a blocking GC Explicit
08-04 17:21:35.677 28588 28601 I art     : Explicit concurrent mark sweep GC freed 36(1264B) AllocSpace objects, 0(0B) LOS objects, 23% free, 52MB/68MB, paused 523us total 21.308ms
08-04 17:21:35.686 28588 28601 I art     : Starting a blocking GC Explicit
08-04 17:21:35.707 28588 28601 I art     : Explicit concurrent mark sweep GC freed 3(96B) AllocSpace objects, 0(0B) LOS objects, 23% free, 52MB/68MB, paused 477us total 21.537ms
08-04 17:21:35.716 28588 28601 I art     : Starting a blocking GC Explicit
08-04 17:21:35.738 28588 28601 I art     : Explicit concurrent mark sweep GC freed 3(96B) AllocSpace objects, 0(0B) LOS objects, 23% free, 52MB/68MB, paused 463us total 21.486ms
08-04 17:21:35.747 28588 28601 I art     : Starting a blocking GC Explicit
08-04 17:21:35.768 28588 28601 I art     : Explicit concurrent mark sweep GC freed 3(96B) AllocSpace objects, 0(0B) LOS objects, 23% free, 52MB/68MB, paused 453us total 21.290ms
08-04 17:21:36.090 28588 28676 I art     : Starting a blocking GC Explicit
08-04 17:21:36.116 28588 28676 I art     : Explicit concurrent mark sweep GC freed 1341(78KB) AllocSpace objects, 1(20KB) LOS objects, 23% free, 52MB/68MB, paused 451us total 26.392ms
08-04 17:21:36.125 28588 28676 I art     : Starting a blocking GC Explicit
08-04 17:21:36.147 28588 28676 I art     : Explicit concurrent mark sweep GC freed 20(704B) AllocSpace objects, 0(0B) LOS objects, 23% free, 52MB/68MB, paused 549us total 21.825ms
08-04 17:21:36.156 28588 28676 I art     : Starting a blocking GC Explicit
08-04 17:21:36.177 28588 28676 I art     : Explicit concurrent mark sweep GC freed 3(96B) AllocSpace objects, 0(0B) LOS objects, 23% free, 52MB/68MB, paused 480us total 21.392ms
08-04 17:21:36.186 28588 28676 I art     : Starting a blocking GC Explicit
08-04 17:21:36.208 28588 28676 I art     : Explicit concurrent mark sweep GC freed 3(96B) AllocSpace objects, 0(0B) LOS objects, 23% free, 52MB/68MB, paused 465us total 21.500ms
08-04 17:21:36.217 28588 28676 I art     : Starting a blocking GC Explicit
08-04 17:21:36.239 28588 28676 I art     : Explicit concurrent mark sweep GC freed 3(96B) AllocSpace objects, 0(0B) LOS objects, 23% free, 52MB/68MB, paused 459us total 21.566ms
08-04 17:21:36.550 28588 29395 I art     : Starting a blocking GC Explicit
08-04 17:21:36.577 28588 29395 I art     : Explicit concurrent mark sweep GC freed 1341(78KB) AllocSpace objects, 1(20KB) LOS objects, 23% free, 52MB/68MB, paused 535us total 26.804ms
08-04 17:21:36.590 28588 29395 I art     : Starting a blocking GC Explicit
08-04 17:21:36.612 28588 29395 I art     : Explicit concurrent mark sweep GC freed 20(704B) AllocSpace objects, 0(0B) LOS objects, 23% free, 52MB/68MB, paused 463us total 21.921ms
08-04 17:21:36.621 28588 29395 I art     : Starting a blocking GC Explicit
08-04 17:21:36.631 24412 24412 I ServiceManager: Waiting for service AtCmdFwd...
08-04 17:21:36.642 28588 29395 I art     : Explicit concurrent mark sweep GC freed 3(96B) AllocSpace objects, 0(0B) LOS objects, 23% free, 52MB/68MB, paused 448us total 20.745ms
08-04 17:21:36.651 28588 29395 I art     : Starting a blocking GC Explicit
08-04 17:21:36.673 28588 29395 I art     : Explicit concurrent mark sweep GC freed 3(96B) AllocSpace objects, 0(0B) LOS objects, 23% free, 52MB/68MB, paused 467us total 21.732ms
08-04 17:21:36.682 28588 29395 I art     : Starting a blocking GC Explicit
08-04 17:21:36.703 28588 29395 I art     : Explicit concurrent mark sweep GC freed 3(96B) AllocSpace objects, 0(0B) LOS objects, 23% free, 52MB/68MB, paused 454us total 20.820ms
08-04 17:21:37.028 28588 28599 I art     : Starting a blocking GC Explicit
08-04 17:21:37.059 28588 28599 I art     : Explicit concurrent mark sweep GC freed 1341(78KB) AllocSpace objects, 1(20KB) LOS objects, 23% free, 52MB/68MB, paused 568us total 30.499ms
08-04 17:21:37.070 28588 28599 I art     : Starting a blocking GC Explicit
08-04 17:21:37.092 28588 28599 I art     : Explicit concurrent mark sweep GC freed 20(704B) AllocSpace objects, 0(0B) LOS objects, 23% free, 52MB/68MB, paused 498us total 21.685ms
08-04 17:21:37.100 28588 28599 I art     : Starting a blocking GC Explicit
08-04 17:21:37.122 28588 28599 I art     : Explicit concurrent mark sweep GC freed 3(96B) AllocSpace objects, 0(0B) LOS objects, 23% free, 52MB/68MB, paused 445us total 21.169ms
08-04 17:21:37.131 28588 28599 I art     : Starting a blocking GC Explicit
08-04 17:21:37.152 28588 28599 I art     : Explicit concurrent mark sweep GC freed 3(96B) AllocSpace objects, 0(0B) LOS objects, 23% free, 52MB/68MB, paused 475us total 21.233ms
08-04 17:21:37.161 28588 28599 I art     : Starting a blocking GC Explicit
08-04 17:21:37.183 28588 28599 I art     : Explicit concurrent mark sweep GC freed 3(96B) AllocSpace objects, 0(0B) LOS objects, 23% free, 52MB/68MB, paused 456us total 21.801ms
08-04 17:21:37.517 28588 28601 I art     : Starting a blocking GC Explicit
08-04 17:21:37.547 28588 28601 I art     : Explicit concurrent mark sweep GC freed 1341(78KB) AllocSpace objects, 1(20KB) LOS objects, 23% free, 52MB/68MB, paused 496us total 29.099ms
08-04 17:21:37.559 28588 28601 I art     : Starting a blocking GC Explicit
08-04 17:21:37.581 28588 28601 I art     : Explicit concurrent mark sweep GC freed 20(704B) AllocSpace objects, 0(0B) LOS objects, 23% free, 52MB/68MB, paused 453us total 21.714ms
08-04 17:21:37.590 28588 28601 I art     : Starting a blocking GC Explicit
08-04 17:21:37.612 28588 28601 I art     : Explicit concurrent mark sweep GC freed 3(96B) AllocSpace objects, 0(0B) LOS objects, 23% free, 52MB/68MB, paused 460us total 21.852ms
08-04 17:21:37.621 28588 28601 I art     : Starting a blocking GC Explicit
08-04 17:21:37.632 24412 24412 I ServiceManager: Waiting for service AtCmdFwd...
08-04 17:21:37.642 28588 28601 I art     : Explicit concurrent mark sweep GC freed 3(96B) AllocSpace objects, 0(0B) LOS objects, 23% free, 52MB/68MB, paused 457us total 21.463ms
08-04 17:21:37.651 28588 28601 I art     : Starting a blocking GC Explicit
08-04 17:21:37.673 28588 28601 I art     : Explicit concurrent mark sweep GC freed 3(96B) AllocSpace objects, 0(0B) LOS objects, 23% free, 52MB/68MB, paused 460us total 21.100ms
08-04 17:21:38.005 28588 28676 I art     : Starting a blocking GC Explicit
08-04 17:21:38.027 28588 28676 I art     : Explicit concurrent mark sweep GC freed 1341(78KB) AllocSpace objects, 1(20KB) LOS objects, 23% free, 52MB/68MB, paused 520us total 21.637ms
08-04 17:21:38.036 28588 28676 I art     : Starting a blocking GC Explicit
08-04 17:21:38.057 28588 28676 I art     : Explicit concurrent mark sweep GC freed 20(704B) AllocSpace objects, 0(0B) LOS objects, 23% free, 52MB/68MB, paused 544us total 20.964ms
08-04 17:21:38.065 28588 28676 I art     : Starting a blocking GC Explicit
08-04 17:21:38.086 28588 28676 I art     : Explicit concurrent mark sweep GC freed 3(96B) AllocSpace objects, 0(0B) LOS objects, 23% free, 52MB/68MB, paused 488us total 20.456ms
08-04 17:21:38.094 28588 28676 I art     : Starting a blocking GC Explicit
08-04 17:21:38.115 28588 28676 I art     : Explicit concurrent mark sweep GC freed 3(96B) AllocSpace objects, 0(0B) LOS objects, 23% free, 52MB/68MB, paused 452us total 20.441ms
08-04 17:21:38.123 28588 28676 I art     : Starting a blocking GC Explicit
08-04 17:21:38.144 28588 28676 I art     : Explicit concurrent mark sweep GC freed 3(96B) AllocSpace objects, 0(0B) LOS objects, 23% free, 52MB/68MB, paused 460us total 20.205ms
08-04 17:21:38.371 30417 30417 D AndroidRuntime: >>>>>> START com.android.internal.os.RuntimeInit uid 2000 <<<<<<
08-04 17:21:38.377 30417 30417 D AndroidRuntime: CheckJNI is OFF
08-04 17:21:38.411 30417 30417 D ICU     : No timezone override file found: /data/misc/zoneinfo/current/icu/icu_tzdata.dat
08-04 17:21:38.444 30417 30417 I Radio-JNI: register_android_hardware_Radio DONE
08-04 17:21:38.454 28588 29395 I art     : Starting a blocking GC Explicit
08-04 17:21:38.466 30417 30417 D AndroidRuntime: Calling main entry com.android.commands.input.Input
08-04 17:21:38.468 30417 30417 I Input   : injectKeyEvent: KeyEvent { action=ACTION_DOWN, keyCode=KEYCODE_BACK, scanCode=0, metaState=0, flags=0x0, repeatCount=0, eventTime=724914881, downTime=724914881, deviceId=-1, source=0x101 }
08-04 17:21:38.473 30417 30417 I Input   : injectKeyEvent: KeyEvent { action=ACTION_UP, keyCode=KEYCODE_BACK, scanCode=0, metaState=0, flags=0x0, repeatCount=0, eventTime=724914881, downTime=724914881, deviceId=-1, source=0x101 }
08-04 17:21:38.476 28588 29395 I art     : Explicit concurrent mark sweep GC freed 1343(78KB) AllocSpace objects, 1(20KB) LOS objects, 23% free, 52MB/68MB, paused 586us total 21.686ms
08-04 17:21:38.479 30417 30417 D AndroidRuntime: Shutting down VM
08-04 17:21:38.485 28588 29395 I art     : Starting a blocking GC Explicit
08-04 17:21:38.504 28588 29395 I art     : Explicit concurrent mark sweep GC freed 159(6KB) AllocSpace objects, 0(0B) LOS objects, 23% free, 52MB/68MB, paused 435us total 18.493ms
08-04 17:21:38.512 28588 29395 I art     : Starting a blocking GC Explicit
08-04 17:21:38.515 13866 13866 I GoogleInputMethodServic: GoogleInputMethodService.onFinishInput():3138 
08-04 17:21:38.516 13866 13866 I GoogleInputMethodServic: GoogleInputMethodService.onStartInput():1808 
08-04 17:21:38.531 28588 29395 I art     : Explicit concurrent mark sweep GC freed 25(976B) AllocSpace objects, 0(0B) LOS objects, 23% free, 52MB/68MB, paused 424us total 18.790ms
08-04 17:21:38.539 28588 29395 I art     : Starting a blocking GC Explicit
08-04 17:21:38.558 28588 29395 I art     : Explicit concurrent mark sweep GC freed 12(416B) AllocSpace objects, 0(0B) LOS objects, 23% free, 52MB/68MB, paused 433us total 18.509ms
08-04 17:21:38.567 28588 29395 I art     : Starting a blocking GC Explicit
08-04 17:21:38.585 28588 29395 I art     : Explicit concurrent mark sweep GC freed 7(240B) AllocSpace objects, 0(0B) LOS objects, 23% free, 52MB/68MB, paused 398us total 17.929ms
08-04 17:21:38.633 24412 24412 I ServiceManager: Waiting for service AtCmdFwd...
08-04 17:21:38.826   380   380 W SurfaceFlinger: couldn't log to binary event log: overflow.
08-04 17:21:38.848 28588 28676 I art     : Starting a blocking GC Explicit
08-04 17:21:38.867 28588 28676 I art     : Explicit concurrent mark sweep GC freed 1451(87KB) AllocSpace objects, 1(20KB) LOS objects, 23% free, 52MB/68MB, paused 428us total 18.889ms
08-04 17:21:38.874 28588 28676 I art     : Starting a blocking GC Explicit
08-04 17:21:38.894 28588 28676 I art     : Explicit concurrent mark sweep GC freed 1672(107KB) AllocSpace objects, 3(400KB) LOS objects, 23% free, 52MB/68MB, paused 432us total 19.121ms
08-04 17:21:38.902 28588 28676 I art     : Starting a blocking GC Explicit
08-04 17:21:38.920 28588 28676 I art     : Explicit concurrent mark sweep GC freed 3(96B) AllocSpace objects, 0(0B) LOS objects, 23% free, 52MB/68MB, paused 424us total 18.712ms
08-04 17:21:38.928 28588 28676 I art     : Starting a blocking GC Explicit
08-04 17:21:38.948 28588 28676 I art     : Explicit concurrent mark sweep GC freed 3(96B) AllocSpace objects, 0(0B) LOS objects, 23% free, 52MB/68MB, paused 433us total 19.525ms
08-04 17:21:38.956 28588 28676 I art     : Starting a blocking GC Explicit
08-04 17:21:38.976 28588 28676 I art     : Explicit concurrent mark sweep GC freed 3(96B) AllocSpace objects, 0(0B) LOS objects, 23% free, 52MB/68MB, paused 476us total 19.288ms
08-04 17:21:39.257 28588 28599 I art     : Starting a blocking GC Explicit
08-04 17:21:39.279 28588 28599 I art     : Explicit concurrent mark sweep GC freed 1341(78KB) AllocSpace objects, 1(20KB) LOS objects, 23% free, 52MB/68MB, paused 481us total 22.126ms
08-04 17:21:39.291 28588 28599 I art     : Starting a blocking GC Explicit
08-04 17:21:39.312 28588 28599 I art     : Explicit concurrent mark sweep GC freed 20(704B) AllocSpace objects, 0(0B) LOS objects, 23% free, 52MB/68MB, paused 445us total 20.736ms
08-04 17:21:39.321 28588 28599 I art     : Starting a blocking GC Explicit
08-04 17:21:39.341 28588 28599 I art     : Explicit concurrent mark sweep GC freed 3(96B) AllocSpace objects, 0(0B) LOS objects, 23% free, 52MB/68MB, paused 454us total 20.249ms
08-04 17:21:39.350 28588 28599 I art     : Starting a blocking GC Explicit
08-04 17:21:39.371 28588 28599 I art     : Explicit concurrent mark sweep GC freed 3(96B) AllocSpace objects, 0(0B) LOS objects, 23% free, 52MB/68MB, paused 445us total 20.753ms
08-04 17:21:39.380 28588 28599 I art     : Starting a blocking GC Explicit
08-04 17:21:39.401 28588 28599 I art     : Explicit concurrent mark sweep GC freed 3(96B) AllocSpace objects, 0(0B) LOS objects, 23% free, 52MB/68MB, paused 505us total 20.881ms
08-04 17:21:39.633 24412 24412 I ServiceManager: Waiting for service AtCmdFwd...
08-04 17:21:39.687 28588 28601 I art     : Starting a blocking GC Explicit
08-04 17:21:39.712 28588 28601 I art     : Explicit concurrent mark sweep GC freed 1340(78KB) AllocSpace objects, 1(20KB) LOS objects, 23% free, 52MB/68MB, paused 460us total 25.232ms
08-04 17:21:39.721 28588 28601 I art     : Starting a blocking GC Explicit
08-04 17:21:39.742 28588 28601 I art     : Explicit concurrent mark sweep GC freed 20(704B) AllocSpace objects, 0(0B) LOS objects, 23% free, 52MB/68MB, paused 471us total 20.546ms
08-04 17:21:39.750 28588 28601 I art     : Starting a blocking GC Explicit
08-04 17:21:39.770 28588 28601 I art     : Explicit concurrent mark sweep GC freed 3(96B) AllocSpace objects, 0(0B) LOS objects, 23% free, 52MB/68MB, paused 437us total 19.134ms
08-04 17:21:39.778 28588 28601 I art     : Starting a blocking GC Explicit
08-04 17:21:39.798 28588 28601 I art     : Explicit concurrent mark sweep GC freed 3(96B) AllocSpace objects, 0(0B) LOS objects, 23% free, 52MB/68MB, paused 456us total 19.520ms
08-04 17:21:39.806 28588 28601 I art     : Starting a blocking GC Explicit
08-04 17:21:39.826 28588 28601 I art     : Explicit concurrent mark sweep GC freed 3(96B) AllocSpace objects, 0(0B) LOS objects, 23% free, 52MB/68MB, paused 452us total 19.513ms
08-04 17:21:40.104 28588 29395 I art     : Starting a blocking GC Explicit
08-04 17:21:40.129 28588 29395 I art     : Explicit concurrent mark sweep GC freed 1340(78KB) AllocSpace objects, 1(20KB) LOS objects, 23% free, 52MB/68MB, paused 476us total 23.910ms
08-04 17:21:40.137 28588 29395 I art     : Starting a blocking GC Explicit
08-04 17:21:40.142 30472 30472 D AndroidRuntime: >>>>>> START com.android.internal.os.RuntimeInit uid 2000 <<<<<<
08-04 17:21:40.146 30472 30472 D AndroidRuntime: CheckJNI is OFF
08-04 17:21:40.158 28588 29395 I art     : Explicit concurrent mark sweep GC freed 20(704B) AllocSpace objects, 0(0B) LOS objects, 23% free, 52MB/68MB, paused 506us total 20.342ms
08-04 17:21:40.167 28588 29395 I art     : Starting a blocking GC Explicit
08-04 17:21:40.182 30472 30472 D ICU     : No timezone override file found: /data/misc/zoneinfo/current/icu/icu_tzdata.dat
08-04 17:21:40.186 28588 29395 I art     : Explicit concurrent mark sweep GC freed 3(96B) AllocSpace objects, 0(0B) LOS objects, 23% free, 52MB/68MB, paused 451us total 18.723ms
08-04 17:21:40.194 28588 29395 I art     : Starting a blocking GC Explicit
08-04 17:21:40.213 28588 29395 I art     : Explicit concurrent mark sweep GC freed 3(96B) AllocSpace objects, 0(0B) LOS objects, 23% free, 52MB/68MB, paused 507us total 19.211ms
08-04 17:21:40.215 30472 30472 I Radio-JNI: register_android_hardware_Radio DONE
08-04 17:21:40.221 28588 29395 I art     : Starting a blocking GC Explicit
08-04 17:21:40.238 30472 30472 D AndroidRuntime: Calling main entry com.android.commands.input.Input
08-04 17:21:40.239 30472 30472 I Input   : injectKeyEvent: KeyEvent { action=ACTION_DOWN, keyCode=KEYCODE_BACK, scanCode=0, metaState=0, flags=0x0, repeatCount=0, eventTime=724916652, downTime=724916652, deviceId=-1, source=0x101 }
08-04 17:21:40.241 28588 29395 I art     : Explicit concurrent mark sweep GC freed 3(96B) AllocSpace objects, 0(0B) LOS objects, 23% free, 52MB/68MB, paused 489us total 19.089ms
08-04 17:21:40.247 30472 30472 I Input   : injectKeyEvent: KeyEvent { action=ACTION_UP, keyCode=KEYCODE_BACK, scanCode=0, metaState=0, flags=0x0, repeatCount=0, eventTime=724916652, downTime=724916652, deviceId=-1, source=0x101 }
08-04 17:21:40.254 30472 30472 D AndroidRuntime: Shutting down VM
08-04 17:21:40.286 13866 13866 I GoogleInputMethodServic: GoogleInputMethodService.onFinishInput():3138 
08-04 17:21:40.286 13866 13866 I GoogleInputMethodServic: GoogleInputMethodService.onStartInput():1808 
08-04 17:21:40.487 28588 29395 I art     : Starting a blocking GC Explicit
08-04 17:21:40.507 28588 29395 I art     : Explicit concurrent mark sweep GC freed 1550(87KB) AllocSpace objects, 1(20KB) LOS objects, 23% free, 52MB/68MB, paused 496us total 19.520ms
08-04 17:21:40.515 28588 29395 I art     : Starting a blocking GC Explicit
08-04 17:21:40.536 28588 29395 I art     : Explicit concurrent mark sweep GC freed 39(1424B) AllocSpace objects, 0(0B) LOS objects, 23% free, 52MB/68MB, paused 501us total 20.969ms
08-04 17:21:40.545 28588 29395 I art     : Starting a blocking GC Explicit
08-04 17:21:40.566 28588 29395 I art     : Explicit concurrent mark sweep GC freed 3(96B) AllocSpace objects, 0(0B) LOS objects, 23% free, 52MB/68MB, paused 429us total 20.943ms
08-04 17:21:40.575 28588 29395 I art     : Starting a blocking GC Explicit
08-04 17:21:40.596 28588 29395 I art     : Explicit concurrent mark sweep GC freed 642(31KB) AllocSpace objects, 0(0B) LOS objects, 23% free, 52MB/68MB, paused 550us total 20.406ms
08-04 17:21:40.603 28588 29395 I art     : Starting a blocking GC Explicit
08-04 17:21:40.622 28588 29395 I art     : Explicit concurrent mark sweep GC freed 120(6KB) AllocSpace objects, 0(0B) LOS objects, 23% free, 52MB/68MB, paused 429us total 18.524ms
08-04 17:21:40.633 24412 24412 W Atfwd_Sendcmd: AtCmdFwd service not published, waiting... retryCnt : 4
08-04 17:21:40.900 28588 28601 I art     : Starting a blocking GC Explicit
08-04 17:21:40.925 28588 28601 I art     : Explicit concurrent mark sweep GC freed 3310(199KB) AllocSpace objects, 3(160KB) LOS objects, 23% free, 52MB/68MB, paused 475us total 24.745ms
08-04 17:21:40.934 28588 28601 I art     : Starting a blocking GC Explicit
08-04 17:21:40.954 28588 28601 I art     : Explicit concurrent mark sweep GC freed 20(704B) AllocSpace objects, 0(0B) LOS objects, 23% free, 52MB/68MB, paused 458us total 20.190ms
08-04 17:21:40.963 28588 28601 I art     : Starting a blocking GC Explicit
08-04 17:21:40.983 28588 28601 I art     : Explicit concurrent mark sweep GC freed 3(96B) AllocSpace objects, 0(0B) LOS objects, 23% free, 52MB/68MB, paused 457us total 19.899ms
08-04 17:21:40.992 28588 28601 I art     : Starting a blocking GC Explicit
08-04 17:21:41.012 28588 28601 I art     : Explicit concurrent mark sweep GC freed 3(96B) AllocSpace objects, 0(0B) LOS objects, 23% free, 52MB/68MB, paused 468us total 20.156ms
08-04 17:21:41.021 28588 28601 I art     : Starting a blocking GC Explicit
08-04 17:21:41.041 28588 28601 I art     : Explicit concurrent mark sweep GC freed 3(96B) AllocSpace objects, 0(0B) LOS objects, 23% free, 52MB/68MB, paused 461us total 20.264ms
08-04 17:21:41.330 28588 28599 I art     : Starting a blocking GC Explicit
08-04 17:21:41.350 28588 28599 I art     : Explicit concurrent mark sweep GC freed 1338(78KB) AllocSpace objects, 1(20KB) LOS objects, 23% free, 52MB/68MB, paused 444us total 20.418ms
08-04 17:21:41.359 28588 28599 I art     : Starting a blocking GC Explicit
08-04 17:21:41.379 28588 28599 I art     : Explicit concurrent mark sweep GC freed 20(704B) AllocSpace objects, 0(0B) LOS objects, 23% free, 52MB/68MB, paused 457us total 20.012ms
08-04 17:21:41.388 28588 28599 I art     : Starting a blocking GC Explicit
08-04 17:21:41.408 28588 28599 I art     : Explicit concurrent mark sweep GC freed 3(96B) AllocSpace objects, 0(0B) LOS objects, 23% free, 52MB/68MB, paused 462us total 19.766ms
08-04 17:21:41.416 28588 28599 I art     : Starting a blocking GC Explicit
08-04 17:21:41.436 28588 28599 I art     : Explicit concurrent mark sweep GC freed 3(96B) AllocSpace objects, 0(0B) LOS objects, 23% free, 52MB/68MB, paused 442us total 19.487ms
08-04 17:21:41.445 28588 28599 I art     : Starting a blocking GC Explicit
08-04 17:21:41.465 28588 28599 I art     : Explicit concurrent mark sweep GC freed 3(96B) AllocSpace objects, 0(0B) LOS objects, 23% free, 52MB/68MB, paused 452us total 19.684ms
08-04 17:21:41.729 28588 28676 I art     : Starting a blocking GC Explicit
08-04 17:21:41.749 28588 28676 I art     : Explicit concurrent mark sweep GC freed 1338(78KB) AllocSpace objects, 1(20KB) LOS objects, 23% free, 52MB/68MB, paused 471us total 19.873ms
08-04 17:21:41.757 28588 28676 I art     : Starting a blocking GC Explicit
08-04 17:21:41.777 28588 28676 I art     : Explicit concurrent mark sweep GC freed 20(704B) AllocSpace objects, 0(0B) LOS objects, 23% free, 52MB/68MB, paused 544us total 19.385ms
08-04 17:21:41.785 28588 28676 I art     : Starting a blocking GC Explicit
08-04 17:21:41.804 28588 28676 I art     : Explicit concurrent mark sweep GC freed 3(96B) AllocSpace objects, 0(0B) LOS objects, 23% free, 52MB/68MB, paused 467us total 19.075ms
08-04 17:21:41.813 28588 28676 I art     : Starting a blocking GC Explicit
08-04 17:21:41.832 28588 28676 I art     : Explicit concurrent mark sweep GC freed 3(96B) AllocSpace objects, 0(0B) LOS objects, 23% free, 52MB/68MB, paused 458us total 18.814ms
08-04 17:21:41.840 28588 28676 I art     : Starting a blocking GC Explicit
08-04 17:21:41.859 28588 28676 I art     : Explicit concurrent mark sweep GC freed 3(96B) AllocSpace objects, 0(0B) LOS objects, 23% free, 52MB/68MB, paused 451us total 18.532ms
08-04 17:21:41.918 30526 30526 D AndroidRuntime: >>>>>> START com.android.internal.os.RuntimeInit uid 2000 <<<<<<
08-04 17:21:41.923 30526 30526 D AndroidRuntime: CheckJNI is OFF
08-04 17:21:41.958 30526 30526 D ICU     : No timezone override file found: /data/misc/zoneinfo/current/icu/icu_tzdata.dat
08-04 17:21:41.991 30526 30526 I Radio-JNI: register_android_hardware_Radio DONE
08-04 17:21:42.012 30526 30526 D AndroidRuntime: Calling main entry com.android.commands.input.Input
08-04 17:21:42.014 30526 30526 I Input   : injectMotionEvent: MotionEvent { action=ACTION_DOWN, actionButton=0, id[0]=0, x[0]=1053.0, y[0]=1173.0, toolType[0]=TOOL_TYPE_UNKNOWN, buttonState=0, metaState=0, flags=0x0, edgeFlags=0x0, pointerCount=1, historySize=0, eventTime=724918427, downTime=724918427, deviceId=0, source=0x1002 }
08-04 17:21:42.019 30526 30526 I Input   : injectMotionEvent: MotionEvent { action=ACTION_UP, actionButton=0, id[0]=0, x[0]=1053.0, y[0]=1173.0, toolType[0]=TOOL_TYPE_UNKNOWN, buttonState=0, metaState=0, flags=0x0, edgeFlags=0x0, pointerCount=1, historySize=0, eventTime=724918427, downTime=724918427, deviceId=0, source=0x1002 }
08-04 17:21:42.021   918  3714 I ActivityManager: START u0 {cmp=baseline.appteam.nith.hillffair/.activities.QuizActivity} from uid 10651 on display 0
08-04 17:21:42.029 30526 30526 D AndroidRuntime: Shutting down VM
08-04 17:21:42.135 28588 28599 I art     : Starting a blocking GC Explicit
08-04 17:21:42.154 13866 13866 I GoogleInputMethodServic: GoogleInputMethodService.onFinishInput():3138 
08-04 17:21:42.154 13866 13866 I GoogleInputMethodServic: GoogleInputMethodService.onStartInput():1808 
08-04 17:21:42.154 28588 28599 I art     : Explicit concurrent mark sweep GC freed 2143(141KB) AllocSpace objects, 1(20KB) LOS objects, 23% free, 52MB/68MB, paused 447us total 19.306ms
08-04 17:21:42.158   918   936 I ActivityManager: Displayed baseline.appteam.nith.hillffair/.activities.QuizActivity: +129ms
08-04 17:21:42.163 28588 28599 I art     : Starting a blocking GC Explicit
08-04 17:21:42.186 28588 28599 I art     : Explicit concurrent mark sweep GC freed 190(8KB) AllocSpace objects, 0(0B) LOS objects, 23% free, 52MB/68MB, paused 464us total 22.761ms
08-04 17:21:42.194 28588 28599 I art     : Starting a blocking GC Explicit
08-04 17:21:42.212 28588 28599 I art     : Explicit concurrent mark sweep GC freed 7(240B) AllocSpace objects, 0(0B) LOS objects, 23% free, 52MB/68MB, paused 409us total 17.325ms
08-04 17:21:42.220 28588 28599 I art     : Starting a blocking GC Explicit
08-04 17:21:42.238 28588 28599 I art     : Explicit concurrent mark sweep GC freed 30(1248B) AllocSpace objects, 0(0B) LOS objects, 23% free, 52MB/68MB, paused 439us total 17.564ms
08-04 17:21:42.245 28588 28599 I art     : Starting a blocking GC Explicit
08-04 17:21:42.263 28588 28599 I art     : Explicit concurrent mark sweep GC freed 3(96B) AllocSpace objects, 0(0B) LOS objects, 23% free, 52MB/68MB, paused 444us total 17.639ms
08-04 17:21:42.398   380   380 W SurfaceFlinger: couldn't log to binary event log: overflow.
08-04 17:21:42.511 28588 28601 I art     : Starting a blocking GC Explicit
08-04 17:21:42.529 28588 28601 I art     : Explicit concurrent mark sweep GC freed 1406(82KB) AllocSpace objects, 1(20KB) LOS objects, 23% free, 52MB/68MB, paused 439us total 17.901ms
08-04 17:21:42.537 28588 28601 I art     : Starting a blocking GC Explicit
08-04 17:21:42.555 28588 28601 I art     : Explicit concurrent mark sweep GC freed 24(832B) AllocSpace objects, 0(0B) LOS objects, 23% free, 52MB/68MB, paused 401us total 17.401ms
08-04 17:21:42.562 28588 28601 I art     : Starting a blocking GC Explicit
08-04 17:21:42.581 28588 28601 I art     : Explicit concurrent mark sweep GC freed 3(96B) AllocSpace objects, 0(0B) LOS objects, 23% free, 52MB/68MB, paused 444us total 18.559ms
08-04 17:21:42.589 28588 28601 I art     : Starting a blocking GC Explicit
08-04 17:21:42.608 28588 28601 I art     : Explicit concurrent mark sweep GC freed 3(96B) AllocSpace objects, 0(0B) LOS objects, 23% free, 52MB/68MB, paused 615us total 18.624ms
08-04 17:21:42.616 28588 28601 I art     : Starting a blocking GC Explicit
08-04 17:21:42.635 28588 28601 I art     : Explicit concurrent mark sweep GC freed 3(96B) AllocSpace objects, 0(0B) LOS objects, 23% free, 52MB/68MB, paused 439us total 18.821ms
08-04 17:21:42.910 28588 28599 I art     : Starting a blocking GC Explicit
08-04 17:21:42.936 28588 28599 I art     : Explicit concurrent mark sweep GC freed 1340(78KB) AllocSpace objects, 1(20KB) LOS objects, 23% free, 52MB/68MB, paused 497us total 25.974ms
08-04 17:21:42.948 28588 28599 I art     : Starting a blocking GC Explicit
08-04 17:21:42.973 28588 28599 I art     : Explicit concurrent mark sweep GC freed 20(704B) AllocSpace objects, 0(0B) LOS objects, 23% free, 52MB/68MB, paused 462us total 25.209ms
08-04 17:21:42.982 28588 28599 I art     : Starting a blocking GC Explicit
08-04 17:21:43.003 28588 28599 I art     : Explicit concurrent mark sweep GC freed 3(96B) AllocSpace objects, 0(0B) LOS objects, 23% free, 52MB/68MB, paused 448us total 20.906ms
08-04 17:21:43.012 28588 28599 I art     : Starting a blocking GC Explicit
08-04 17:21:43.033 28588 28599 I art     : Explicit concurrent mark sweep GC freed 3(96B) AllocSpace objects, 0(0B) LOS objects, 23% free, 52MB/68MB, paused 473us total 20.333ms
08-04 17:21:43.041 28588 28599 I art     : Starting a blocking GC Explicit
08-04 17:21:43.062 28588 28599 I art     : Explicit concurrent mark sweep GC freed 3(96B) AllocSpace objects, 0(0B) LOS objects, 23% free, 52MB/68MB, paused 465us total 20.545ms
08-04 17:21:43.368 28588 28676 I art     : Starting a blocking GC Explicit
08-04 17:21:43.396 28588 28676 I art     : Explicit concurrent mark sweep GC freed 1353(78KB) AllocSpace objects, 1(20KB) LOS objects, 23% free, 52MB/68MB, paused 476us total 27.035ms
08-04 17:21:43.408 28588 28676 I art     : Starting a blocking GC Explicit
08-04 17:21:43.429 28588 28676 I art     : Explicit concurrent mark sweep GC freed 34(1136B) AllocSpace objects, 0(0B) LOS objects, 23% free, 52MB/68MB, paused 450us total 21.134ms
08-04 17:21:43.438 28588 28676 I art     : Starting a blocking GC Explicit
08-04 17:21:43.459 28588 28676 I art     : Explicit concurrent mark sweep GC freed 3(96B) AllocSpace objects, 0(0B) LOS objects, 23% free, 52MB/68MB, paused 448us total 20.893ms
08-04 17:21:43.468 28588 28676 I art     : Starting a blocking GC Explicit
08-04 17:21:43.489 28588 28676 I art     : Explicit concurrent mark sweep GC freed 3(96B) AllocSpace objects, 0(0B) LOS objects, 23% free, 52MB/68MB, paused 445us total 20.882ms
08-04 17:21:43.498 28588 28676 I art     : Starting a blocking GC Explicit
08-04 17:21:43.518 28588 28676 I art     : Explicit concurrent mark sweep GC freed 3(96B) AllocSpace objects, 0(0B) LOS objects, 23% free, 52MB/68MB, paused 415us total 19.882ms
08-04 17:21:43.822 28588 29395 I art     : Starting a blocking GC Explicit
08-04 17:21:43.845 28588 29395 I art     : Explicit concurrent mark sweep GC freed 1359(78KB) AllocSpace objects, 1(20KB) LOS objects, 23% free, 52MB/68MB, paused 459us total 23.631ms
08-04 17:21:43.854 28588 29395 I art     : Starting a blocking GC Explicit
08-04 17:21:43.878 28588 29395 I art     : Explicit concurrent mark sweep GC freed 24(832B) AllocSpace objects, 0(0B) LOS objects, 23% free, 52MB/68MB, paused 514us total 23.140ms
08-04 17:21:43.878 28588 28598 I art     : WaitForGcToComplete blocked for 9.629ms for cause HeapTrim
08-04 17:21:43.887 28588 29395 I art     : Starting a blocking GC Explicit
08-04 17:21:43.906 28588 29395 I art     : Explicit concurrent mark sweep GC freed 7(224B) AllocSpace objects, 0(0B) LOS objects, 23% free, 52MB/68MB, paused 394us total 18.945ms
08-04 17:21:43.915 28588 29395 I art     : Starting a blocking GC Explicit
08-04 17:21:43.934 28588 29395 I art     : Explicit concurrent mark sweep GC freed 4(128B) AllocSpace objects, 0(0B) LOS objects, 23% free, 52MB/68MB, paused 409us total 19.292ms
08-04 17:21:43.943 28588 29395 I art     : Starting a blocking GC Explicit
08-04 17:21:43.962 28588 29395 I art     : Explicit concurrent mark sweep GC freed 3(96B) AllocSpace objects, 0(0B) LOS objects, 23% free, 52MB/68MB, paused 427us total 18.941ms
08-04 17:21:44.270 28588 28601 I art     : Starting a blocking GC Explicit
08-04 17:21:44.294 28588 28601 I art     : Explicit concurrent mark sweep GC freed 1340(78KB) AllocSpace objects, 1(20KB) LOS objects, 23% free, 52MB/68MB, paused 425us total 23.750ms
08-04 17:21:44.303 28588 28601 I art     : Starting a blocking GC Explicit
08-04 17:21:44.324 28588 28601 I art     : Explicit concurrent mark sweep GC freed 20(704B) AllocSpace objects, 0(0B) LOS objects, 23% free, 52MB/68MB, paused 421us total 20.110ms
08-04 17:21:44.332 28588 28601 I art     : Starting a blocking GC Explicit
08-04 17:21:44.352 28588 28601 I art     : Explicit concurrent mark sweep GC freed 3(96B) AllocSpace objects, 0(0B) LOS objects, 23% free, 52MB/68MB, paused 435us total 19.826ms
08-04 17:21:44.360 28588 28601 I art     : Starting a blocking GC Explicit
08-04 17:21:44.380 28588 28601 I art     : Explicit concurrent mark sweep GC freed 3(96B) AllocSpace objects, 0(0B) LOS objects, 23% free, 52MB/68MB, paused 425us total 19.334ms
08-04 17:21:44.388 28588 28601 I art     : Starting a blocking GC Explicit
08-04 17:21:44.408 28588 28601 I art     : Explicit concurrent mark sweep GC freed 3(96B) AllocSpace objects, 0(0B) LOS objects, 23% free, 52MB/68MB, paused 491us total 19.739ms
08-04 17:21:44.706 30610 30610 D AndroidRuntime: >>>>>> START com.android.internal.os.RuntimeInit uid 2000 <<<<<<
08-04 17:21:44.710 28588 28599 I art     : Starting a blocking GC Explicit
08-04 17:21:44.711 30610 30610 D AndroidRuntime: CheckJNI is OFF
08-04 17:21:44.731 28588 28599 I art     : Explicit concurrent mark sweep GC freed 1340(78KB) AllocSpace objects, 1(20KB) LOS objects, 23% free, 52MB/68MB, paused 458us total 20.422ms
08-04 17:21:44.739 28588 28599 I art     : Starting a blocking GC Explicit
08-04 17:21:44.750 30610 30610 D ICU     : No timezone override file found: /data/misc/zoneinfo/current/icu/icu_tzdata.dat
08-04 17:21:44.760 28588 28599 I art     : Explicit concurrent mark sweep GC freed 20(704B) AllocSpace objects, 0(0B) LOS objects, 23% free, 52MB/68MB, paused 502us total 20.812ms
08-04 17:21:44.769 28588 28599 I art     : Starting a blocking GC Explicit
08-04 17:21:44.784 30610 30610 I Radio-JNI: register_android_hardware_Radio DONE
08-04 17:21:44.788 28588 28599 I art     : Explicit concurrent mark sweep GC freed 3(96B) AllocSpace objects, 0(0B) LOS objects, 23% free, 52MB/68MB, paused 459us total 19.436ms
08-04 17:21:44.797 28588 28599 I art     : Starting a blocking GC Explicit
08-04 17:21:44.808 30610 30610 D AndroidRuntime: Calling main entry com.android.commands.input.Input
08-04 17:21:44.810 30610 30610 I Input   : injectMotionEvent: MotionEvent { action=ACTION_DOWN, actionButton=0, id[0]=0, x[0]=756.0, y[0]=1530.0, toolType[0]=TOOL_TYPE_UNKNOWN, buttonState=0, metaState=0, flags=0x0, edgeFlags=0x0, pointerCount=1, historySize=0, eventTime=724921222, downTime=724921222, deviceId=0, source=0x1002 }
08-04 17:21:44.814 30610 30610 I Input   : injectMotionEvent: MotionEvent { action=ACTION_UP, actionButton=0, id[0]=0, x[0]=756.0, y[0]=1530.0, toolType[0]=TOOL_TYPE_UNKNOWN, buttonState=0, metaState=0, flags=0x0, edgeFlags=0x0, pointerCount=1, historySize=0, eventTime=724921222, downTime=724921222, deviceId=0, source=0x1002 }
08-04 17:21:44.816 28588 28599 I art     : Explicit concurrent mark sweep GC freed 3(96B) AllocSpace objects, 0(0B) LOS objects, 23% free, 52MB/68MB, paused 455us total 18.666ms
08-04 17:21:44.816 30610 30610 D AndroidRuntime: Shutting down VM
08-04 17:21:44.823 28588 28599 I art     : Starting a blocking GC Explicit
08-04 17:21:44.826   512  2967 D audio_hw_primary: out_set_parameters: enter: usecase(1: low-latency-playback) kvpairs: routing=2
08-04 17:21:44.826   918  5132 I ActivityManager: START u0 {cmp=baseline.appteam.nith.hillffair/.activities.LeaderBoardActivity} from uid 10651 on display 0
08-04 17:21:44.839   512  2967 D audio_hw_primary: select_devices: out_snd_device(2: speaker) in_snd_device(0: none)
08-04 17:21:44.839   512  2967 D msm8974_platform: platform_send_audio_calibration: sending audio calibration for snd_device(2) acdb_id(15)
08-04 17:21:44.839   512  2967 I soundtrigger: audio_extn_sound_trigger_update_device_status: device 0x2 of type 0 for Event 1
08-04 17:21:44.843 28588 28599 I art     : Explicit concurrent mark sweep GC freed 214(19KB) AllocSpace objects, 0(0B) LOS objects, 23% free, 52MB/68MB, paused 725us total 19.232ms
08-04 17:21:44.850   512  2967 D audio_hw_primary: enable_snd_device: snd_device(2: speaker)
08-04 17:21:44.852   512  2967 D audio_hw_primary: enable_audio_route: apply and update mixer path: low-latency-playback speaker
08-04 17:21:44.940 28588 28588 E RecyclerView: No adapter attached; skipping layout
08-04 17:21:44.942 28588 28588 E RecyclerView: No adapter attached; skipping layout
08-04 17:21:44.969   918   936 I ActivityManager: Displayed baseline.appteam.nith.hillffair/.activities.LeaderBoardActivity: +137ms
08-04 17:21:44.970 28588 28588 E RecyclerView: No adapter attached; skipping layout
08-04 17:21:44.971 13866 13866 I GoogleInputMethodServic: GoogleInputMethodService.onFinishInput():3138 
08-04 17:21:44.971 13866 13866 I GoogleInputMethodServic: GoogleInputMethodService.onStartInput():1808 
08-04 17:21:44.986 28588 28612 D OpenGLRenderer: endAllStagingAnimators on 0x7f7da93000 (RippleDrawable) with handle 0x7f7f4281c0
08-04 17:21:45.082 28588 29395 I art     : Starting a blocking GC Explicit
08-04 17:21:45.102 28588 29395 I art     : Explicit concurrent mark sweep GC freed 6282(361KB) AllocSpace objects, 1(20KB) LOS objects, 23% free, 52MB/68MB, paused 516us total 19.755ms
08-04 17:21:45.110 28588 29395 I art     : Starting a blocking GC Explicit
08-04 17:21:45.128 28588 29395 I art     : Explicit concurrent mark sweep GC freed 260(10KB) AllocSpace objects, 0(0B) LOS objects, 23% free, 52MB/68MB, paused 455us total 18.362ms
08-04 17:21:45.136 28588 29395 I art     : Starting a blocking GC Explicit
08-04 17:21:45.154 28588 29395 I art     : Explicit concurrent mark sweep GC freed 4(128B) AllocSpace objects, 0(0B) LOS objects, 23% free, 52MB/68MB, paused 448us total 18.208ms
08-04 17:21:45.163 28588 29395 I art     : Starting a blocking GC Explicit
08-04 17:21:45.183 28588 29395 I art     : Explicit concurrent mark sweep GC freed 5(160B) AllocSpace objects, 0(0B) LOS objects, 23% free, 52MB/68MB, paused 485us total 19.243ms
08-04 17:21:45.191 28588 29395 I art     : Starting a blocking GC Explicit
08-04 17:21:45.210 28588 29395 I art     : Explicit concurrent mark sweep GC freed 4(128B) AllocSpace objects, 0(0B) LOS objects, 23% free, 52MB/68MB, paused 450us total 18.881ms
08-04 17:21:45.217   380   380 W SurfaceFlinger: couldn't log to binary event log: overflow.
08-04 17:21:45.335   918  3261 D WifiStateMachine: starting scan for "H369AA63323"WPA_PSK with 2412,5180
08-04 17:21:45.389   512  2967 D audio_hw_primary: disable_audio_route: reset and update mixer path: low-latency-playback speaker
08-04 17:21:45.391   512  2967 D audio_hw_primary: disable_snd_device: snd_device(2: speaker)
08-04 17:21:45.399   512  2967 I soundtrigger: audio_extn_sound_trigger_update_device_status: device 0x2 of type 0 for Event 0
08-04 17:21:45.476 28588 29395 I art     : Starting a blocking GC Explicit
08-04 17:21:45.498 28588 29395 I art     : Explicit concurrent mark sweep GC freed 1521(87KB) AllocSpace objects, 1(20KB) LOS objects, 23% free, 52MB/68MB, paused 532us total 21.477ms
08-04 17:21:45.507 28588 29395 I art     : Starting a blocking GC Explicit
08-04 17:21:45.528 28588 29395 I art     : Explicit concurrent mark sweep GC freed 54(1856B) AllocSpace objects, 0(0B) LOS objects, 23% free, 52MB/68MB, paused 477us total 21.291ms
08-04 17:21:45.537 28588 29395 I art     : Starting a blocking GC Explicit
08-04 17:21:45.557 28588 29395 I art     : Explicit concurrent mark sweep GC freed 13(480B) AllocSpace objects, 0(0B) LOS objects, 23% free, 52MB/68MB, paused 533us total 19.994ms
08-04 17:21:45.565 28588 29395 I art     : Starting a blocking GC Explicit
08-04 17:21:45.586 28588 29395 I art     : Explicit concurrent mark sweep GC freed 837(63KB) AllocSpace objects, 2(120KB) LOS objects, 23% free, 52MB/68MB, paused 805us total 20.769ms
08-04 17:21:45.594 28588 29395 I art     : Starting a blocking GC Explicit
08-04 17:21:45.607 28588 30633 D OkHttp  : --> GET https://api-hillfair-2k16.herokuapp.com/api/app/quiz/leaderboard?from=1 http/1.1
08-04 17:21:45.615 28588 29395 I art     : Explicit concurrent mark sweep GC freed 2130(122KB) AllocSpace objects, 1(80KB) LOS objects, 23% free, 52MB/68MB, paused 533us total 20.763ms
08-04 17:21:45.640 28588 30633 D OkHttp  : <-- 200 OK https://api-hillfair-2k16.herokuapp.com/api/app/quiz/leaderboard?from=1 (32ms, 56744-byte body)
08-04 17:21:45.720 28588 28588 I NAPPA_EXPERIMENTATION: MetricNetworkRequestExecutionTime: REQUEST_DURATION_SYSTEM='862',REQUEST_DURATION_OKHTTP='33',REQUEST_SYNCHRONOUS='FALSE',RESPONSE_CODE='200',RESPONSE_METHOD='GET',RESPONSE_LENGTH_OKHTTP='56744',RESPONSE_LENGTH_HEADER='56744',REQUEST_PROTOCOL='http/1.1',REQUEST_URL='https://api-hillfair-2k16.herokuapp.com/api/app/quiz/leaderboard?from=1',
08-04 17:21:45.883 28588 28676 I art     : Starting a blocking GC Explicit
08-04 17:21:45.910 28588 28676 I art     : Explicit concurrent mark sweep GC freed 28248(1382KB) AllocSpace objects, 1(20KB) LOS objects, 23% free, 53MB/69MB, paused 508us total 26.871ms
08-04 17:21:45.922 28588 28676 I art     : Starting a blocking GC Explicit
08-04 17:21:45.943 28588 28676 I art     : Explicit concurrent mark sweep GC freed 121(4KB) AllocSpace objects, 0(0B) LOS objects, 23% free, 53MB/69MB, paused 488us total 21.492ms
08-04 17:21:45.952 28588 28676 I art     : Starting a blocking GC Explicit
08-04 17:21:45.974 28588 28676 I art     : Explicit concurrent mark sweep GC freed 3(96B) AllocSpace objects, 0(0B) LOS objects, 23% free, 53MB/69MB, paused 452us total 21.573ms
08-04 17:21:45.982 28588 28676 I art     : Starting a blocking GC Explicit
08-04 17:21:46.004 28588 28676 I art     : Explicit concurrent mark sweep GC freed 3(96B) AllocSpace objects, 0(0B) LOS objects, 23% free, 53MB/69MB, paused 453us total 21.733ms
08-04 17:21:46.013 28588 28676 I art     : Starting a blocking GC Explicit
08-04 17:21:46.036 28588 28676 I art     : Explicit concurrent mark sweep GC freed 3(96B) AllocSpace objects, 0(0B) LOS objects, 23% free, 53MB/69MB, paused 429us total 22.695ms
08-04 17:21:46.310 28588 28599 I art     : Starting a blocking GC Explicit
08-04 17:21:46.340 28588 28599 I art     : Explicit concurrent mark sweep GC freed 1345(78KB) AllocSpace objects, 1(20KB) LOS objects, 23% free, 53MB/69MB, paused 471us total 29.202ms
08-04 17:21:46.352 28588 28599 I art     : Starting a blocking GC Explicit
08-04 17:21:46.380 28588 28599 I art     : Explicit concurrent mark sweep GC freed 20(704B) AllocSpace objects, 0(0B) LOS objects, 23% free, 53MB/69MB, paused 513us total 27.336ms
08-04 17:21:46.389 28588 28599 I art     : Starting a blocking GC Explicit
08-04 17:21:46.412 28588 28599 I art     : Explicit concurrent mark sweep GC freed 3(96B) AllocSpace objects, 0(0B) LOS objects, 23% free, 53MB/69MB, paused 465us total 23.180ms
08-04 17:21:46.421 28588 28599 I art     : Starting a blocking GC Explicit
08-04 17:21:46.444 28588 28599 I art     : Explicit concurrent mark sweep GC freed 3(96B) AllocSpace objects, 0(0B) LOS objects, 23% free, 53MB/69MB, paused 461us total 22.788ms
08-04 17:21:46.453 28588 28599 I art     : Starting a blocking GC Explicit
08-04 17:21:46.477 28588 28599 I art     : Explicit concurrent mark sweep GC freed 3(96B) AllocSpace objects, 0(0B) LOS objects, 23% free, 53MB/69MB, paused 542us total 23.371ms
08-04 17:21:46.804 28588 29395 I art     : Starting a blocking GC Explicit
08-04 17:21:46.833 28588 29395 I art     : Explicit concurrent mark sweep GC freed 1344(78KB) AllocSpace objects, 1(20KB) LOS objects, 23% free, 53MB/69MB, paused 500us total 28.732ms
08-04 17:21:46.846 28588 29395 I art     : Starting a blocking GC Explicit
08-04 17:21:46.869 28588 29395 I art     : Explicit concurrent mark sweep GC freed 20(704B) AllocSpace objects, 0(0B) LOS objects, 23% free, 53MB/69MB, paused 450us total 22.380ms
08-04 17:21:46.878 28588 29395 I art     : Starting a blocking GC Explicit
08-04 17:21:46.901 28588 29395 I art     : Explicit concurrent mark sweep GC freed 3(96B) AllocSpace objects, 0(0B) LOS objects, 23% free, 53MB/69MB, paused 455us total 22.819ms
08-04 17:21:46.910 28588 29395 I art     : Starting a blocking GC Explicit
08-04 17:21:46.933 28588 29395 I art     : Explicit concurrent mark sweep GC freed 3(96B) AllocSpace objects, 0(0B) LOS objects, 23% free, 53MB/69MB, paused 461us total 23.090ms
08-04 17:21:46.943 28588 29395 I art     : Starting a blocking GC Explicit
08-04 17:21:46.965 28588 29395 I art     : Explicit concurrent mark sweep GC freed 3(96B) AllocSpace objects, 0(0B) LOS objects, 23% free, 53MB/69MB, paused 463us total 22.605ms
08-04 17:21:47.283 28588 28601 I art     : Starting a blocking GC Explicit
08-04 17:21:47.318 28588 28601 I art     : Explicit concurrent mark sweep GC freed 1344(78KB) AllocSpace objects, 1(20KB) LOS objects, 23% free, 53MB/69MB, paused 642us total 34.359ms
08-04 17:21:47.330 28588 28601 I art     : Starting a blocking GC Explicit
08-04 17:21:47.354 28588 28601 I art     : Explicit concurrent mark sweep GC freed 20(704B) AllocSpace objects, 0(0B) LOS objects, 23% free, 53MB/69MB, paused 463us total 23.840ms
08-04 17:21:47.363 28588 28601 I art     : Starting a blocking GC Explicit
08-04 17:21:47.386 28588 28601 I art     : Explicit concurrent mark sweep GC freed 3(96B) AllocSpace objects, 0(0B) LOS objects, 23% free, 53MB/69MB, paused 457us total 22.956ms
08-04 17:21:47.396 28588 28601 I art     : Starting a blocking GC Explicit
08-04 17:21:47.419 28588 28601 I art     : Explicit concurrent mark sweep GC freed 3(96B) AllocSpace objects, 0(0B) LOS objects, 23% free, 53MB/69MB, paused 458us total 23.617ms
08-04 17:21:47.429 28588 28601 I art     : Starting a blocking GC Explicit
08-04 17:21:47.451 28588 28601 I art     : Explicit concurrent mark sweep GC freed 3(96B) AllocSpace objects, 0(0B) LOS objects, 23% free, 53MB/69MB, paused 462us total 22.558ms
08-04 17:21:47.792 28588 28676 I art     : Starting a blocking GC Explicit
08-04 17:21:47.827 28588 28676 I art     : Explicit concurrent mark sweep GC freed 1344(78KB) AllocSpace objects, 1(20KB) LOS objects, 23% free, 53MB/69MB, paused 548us total 34.148ms
08-04 17:21:47.843 28588 28676 I art     : Starting a blocking GC Explicit
08-04 17:21:47.867 28588 28676 I art     : Explicit concurrent mark sweep GC freed 20(704B) AllocSpace objects, 0(0B) LOS objects, 23% free, 53MB/69MB, paused 506us total 23.539ms
08-04 17:21:47.876 28588 28676 I art     : Starting a blocking GC Explicit
08-04 17:21:47.898 28588 28676 I art     : Explicit concurrent mark sweep GC freed 3(96B) AllocSpace objects, 0(0B) LOS objects, 23% free, 53MB/69MB, paused 465us total 22.536ms
08-04 17:21:47.908 28588 28676 I art     : Starting a blocking GC Explicit
08-04 17:21:47.931 28588 28676 I art     : Explicit concurrent mark sweep GC freed 3(96B) AllocSpace objects, 0(0B) LOS objects, 23% free, 53MB/69MB, paused 464us total 23.221ms
08-04 17:21:47.940 28588 28676 I art     : Starting a blocking GC Explicit
08-04 17:21:47.963 28588 28676 I art     : Explicit concurrent mark sweep GC freed 3(96B) AllocSpace objects, 0(0B) LOS objects, 23% free, 53MB/69MB, paused 470us total 22.599ms
08-04 17:21:48.299 28588 28599 I art     : Starting a blocking GC Explicit
08-04 17:21:48.328 28588 28599 I art     : Explicit concurrent mark sweep GC freed 1344(78KB) AllocSpace objects, 1(20KB) LOS objects, 23% free, 53MB/69MB, paused 649us total 28.799ms
08-04 17:21:48.340 28588 28599 I art     : Starting a blocking GC Explicit
08-04 17:21:48.363 28588 28599 I art     : Explicit concurrent mark sweep GC freed 20(704B) AllocSpace objects, 0(0B) LOS objects, 23% free, 53MB/69MB, paused 463us total 23.143ms
08-04 17:21:48.372 28588 28599 I art     : Starting a blocking GC Explicit
08-04 17:21:48.396 28588 28599 I art     : Explicit concurrent mark sweep GC freed 3(96B) AllocSpace objects, 0(0B) LOS objects, 23% free, 53MB/69MB, paused 502us total 23.176ms
08-04 17:21:48.405 28588 28599 I art     : Starting a blocking GC Explicit
08-04 17:21:48.428 28588 28599 I art     : Explicit concurrent mark sweep GC freed 3(96B) AllocSpace objects, 0(0B) LOS objects, 23% free, 53MB/69MB, paused 480us total 23.092ms
08-04 17:21:48.437 28588 28599 I art     : Starting a blocking GC Explicit
08-04 17:21:48.460 28588 28599 I art     : Explicit concurrent mark sweep GC freed 3(96B) AllocSpace objects, 0(0B) LOS objects, 23% free, 53MB/69MB, paused 469us total 22.769ms
08-04 17:21:48.763 28588 29395 I art     : Starting a blocking GC Explicit
08-04 17:21:48.792 28588 29395 I art     : Explicit concurrent mark sweep GC freed 1344(78KB) AllocSpace objects, 1(20KB) LOS objects, 23% free, 53MB/69MB, paused 507us total 28.742ms
08-04 17:21:48.806 28588 29395 I art     : Starting a blocking GC Explicit
08-04 17:21:48.829 28588 29395 I art     : Explicit concurrent mark sweep GC freed 20(704B) AllocSpace objects, 0(0B) LOS objects, 23% free, 53MB/69MB, paused 457us total 22.723ms
08-04 17:21:48.838 28588 29395 I art     : Starting a blocking GC Explicit
08-04 17:21:48.861 28588 29395 I art     : Explicit concurrent mark sweep GC freed 3(96B) AllocSpace objects, 0(0B) LOS objects, 23% free, 53MB/69MB, paused 468us total 22.430ms
08-04 17:21:48.870 28588 29395 I art     : Starting a blocking GC Explicit
08-04 17:21:48.893 28588 29395 I art     : Explicit concurrent mark sweep GC freed 3(96B) AllocSpace objects, 0(0B) LOS objects, 23% free, 53MB/69MB, paused 467us total 23.137ms
08-04 17:21:48.902 28588 29395 I art     : Starting a blocking GC Explicit
08-04 17:21:48.925 28588 29395 I art     : Explicit concurrent mark sweep GC freed 3(96B) AllocSpace objects, 0(0B) LOS objects, 23% free, 53MB/69MB, paused 452us total 22.918ms
08-04 17:21:48.926 28588 28598 I art     : WaitForGcToComplete blocked for 19.018ms for cause HeapTrim
08-04 17:21:49.218 28588 28601 I art     : Starting a blocking GC Explicit
08-04 17:21:49.241 28588 28601 I art     : Explicit concurrent mark sweep GC freed 1344(78KB) AllocSpace objects, 1(20KB) LOS objects, 23% free, 53MB/69MB, paused 482us total 22.985ms
08-04 17:21:49.250 28588 28601 I art     : Starting a blocking GC Explicit
08-04 17:21:49.272 28588 28601 I art     : Explicit concurrent mark sweep GC freed 20(704B) AllocSpace objects, 0(0B) LOS objects, 23% free, 53MB/69MB, paused 457us total 21.237ms
08-04 17:21:49.280 28588 28601 I art     : Starting a blocking GC Explicit
08-04 17:21:49.302 28588 28601 I art     : Explicit concurrent mark sweep GC freed 3(96B) AllocSpace objects, 0(0B) LOS objects, 23% free, 53MB/69MB, paused 468us total 21.315ms
08-04 17:21:49.310 28588 28601 I art     : Starting a blocking GC Explicit
08-04 17:21:49.333 28588 28601 I art     : Explicit concurrent mark sweep GC freed 3(96B) AllocSpace objects, 0(0B) LOS objects, 23% free, 53MB/69MB, paused 470us total 22.117ms
08-04 17:21:49.342 28588 28601 I art     : Starting a blocking GC Explicit
08-04 17:21:49.364 28588 28601 I art     : Explicit concurrent mark sweep GC freed 3(96B) AllocSpace objects, 0(0B) LOS objects, 23% free, 53MB/69MB, paused 477us total 21.703ms
08-04 17:21:49.531 30726 30726 D AndroidRuntime: >>>>>> START com.android.internal.os.RuntimeInit uid 2000 <<<<<<
08-04 17:21:49.537 30726 30726 D AndroidRuntime: CheckJNI is OFF
08-04 17:21:49.570 30726 30726 D ICU     : No timezone override file found: /data/misc/zoneinfo/current/icu/icu_tzdata.dat
08-04 17:21:49.602 30726 30726 I Radio-JNI: register_android_hardware_Radio DONE
08-04 17:21:49.624 30726 30726 D AndroidRuntime: Calling main entry com.android.commands.input.Input
08-04 17:21:49.625 30726 30726 I Input   : injectKeyEvent: KeyEvent { action=ACTION_DOWN, keyCode=KEYCODE_BACK, scanCode=0, metaState=0, flags=0x0, repeatCount=0, eventTime=724926039, downTime=724926039, deviceId=-1, source=0x101 }
08-04 17:21:49.630 30726 30726 I Input   : injectKeyEvent: KeyEvent { action=ACTION_UP, keyCode=KEYCODE_BACK, scanCode=0, metaState=0, flags=0x0, repeatCount=0, eventTime=724926039, downTime=724926039, deviceId=-1, source=0x101 }
08-04 17:21:49.635 30726 30726 D AndroidRuntime: Shutting down VM
08-04 17:21:49.668 28588 28676 I art     : Starting a blocking GC Explicit
08-04 17:21:49.678 13866 13866 I GoogleInputMethodServic: GoogleInputMethodService.onFinishInput():3138 
08-04 17:21:49.678 13866 13866 I GoogleInputMethodServic: GoogleInputMethodService.onStartInput():1808 
08-04 17:21:49.692 28588 28676 I art     : Explicit concurrent mark sweep GC freed 1479(84KB) AllocSpace objects, 1(20KB) LOS objects, 23% free, 53MB/69MB, paused 651us total 23.158ms
08-04 17:21:49.704 28588 28676 I art     : Starting a blocking GC Explicit
08-04 17:21:49.724 28588 28676 I art     : Explicit concurrent mark sweep GC freed 28(992B) AllocSpace objects, 0(0B) LOS objects, 23% free, 53MB/69MB, paused 429us total 20.381ms
08-04 17:21:49.732 28588 28676 I art     : Starting a blocking GC Explicit
08-04 17:21:49.752 28588 28676 I art     : Explicit concurrent mark sweep GC freed 3(96B) AllocSpace objects, 0(0B) LOS objects, 23% free, 53MB/69MB, paused 443us total 18.962ms
08-04 17:21:49.760 28588 28676 I art     : Starting a blocking GC Explicit
08-04 17:21:49.780 28588 28676 I art     : Explicit concurrent mark sweep GC freed 3(96B) AllocSpace objects, 0(0B) LOS objects, 23% free, 53MB/69MB, paused 408us total 20.591ms
08-04 17:21:49.789 28588 28676 I art     : Starting a blocking GC Explicit
08-04 17:21:49.810 28588 28676 I art     : Explicit concurrent mark sweep GC freed 3(96B) AllocSpace objects, 0(0B) LOS objects, 23% free, 53MB/69MB, paused 475us total 21.287ms
08-04 17:21:49.990   380   380 W SurfaceFlinger: couldn't log to binary event log: overflow.
08-04 17:21:50.068 28588 29395 I art     : Starting a blocking GC Explicit
08-04 17:21:50.090 28588 29395 I art     : Explicit concurrent mark sweep GC freed 1463(87KB) AllocSpace objects, 1(20KB) LOS objects, 23% free, 53MB/69MB, paused 462us total 21.532ms
08-04 17:21:50.099 28588 29395 I art     : Starting a blocking GC Explicit
08-04 17:21:50.121 28588 29395 I art     : Explicit concurrent mark sweep GC freed 4698(269KB) AllocSpace objects, 2(140KB) LOS objects, 23% free, 52MB/68MB, paused 463us total 21.527ms
08-04 17:21:50.129 28588 29395 I art     : Starting a blocking GC Explicit
08-04 17:21:50.150 28588 29395 I art     : Explicit concurrent mark sweep GC freed 3(96B) AllocSpace objects, 0(0B) LOS objects, 23% free, 52MB/68MB, paused 471us total 20.412ms
08-04 17:21:50.158 28588 29395 I art     : Starting a blocking GC Explicit
08-04 17:21:50.179 28588 29395 I art     : Explicit concurrent mark sweep GC freed 3(96B) AllocSpace objects, 0(0B) LOS objects, 23% free, 52MB/68MB, paused 456us total 20.689ms
08-04 17:21:50.188 28588 29395 I art     : Starting a blocking GC Explicit
08-04 17:21:50.209 28588 29395 I art     : Explicit concurrent mark sweep GC freed 3(96B) AllocSpace objects, 0(0B) LOS objects, 23% free, 52MB/68MB, paused 480us total 21.430ms
08-04 17:21:50.497 28588 28601 I art     : Starting a blocking GC Explicit
08-04 17:21:50.521 28588 28601 I art     : Explicit concurrent mark sweep GC freed 1344(78KB) AllocSpace objects, 1(20KB) LOS objects, 23% free, 52MB/68MB, paused 506us total 23.016ms
08-04 17:21:50.533 28588 28601 I art     : Starting a blocking GC Explicit
08-04 17:21:50.556 28588 28601 I art     : Explicit concurrent mark sweep GC freed 20(704B) AllocSpace objects, 0(0B) LOS objects, 23% free, 52MB/68MB, paused 462us total 22.779ms
08-04 17:21:50.565 28588 28601 I art     : Starting a blocking GC Explicit
08-04 17:21:50.587 28588 28601 I art     : Explicit concurrent mark sweep GC freed 3(96B) AllocSpace objects, 0(0B) LOS objects, 23% free, 52MB/68MB, paused 466us total 21.665ms
08-04 17:21:50.595 28588 28601 I art     : Starting a blocking GC Explicit
08-04 17:21:50.617 28588 28601 I art     : Explicit concurrent mark sweep GC freed 3(96B) AllocSpace objects, 0(0B) LOS objects, 23% free, 52MB/68MB, paused 606us total 21.676ms
08-04 17:21:50.626 28588 28601 I art     : Starting a blocking GC Explicit
08-04 17:21:50.647 28588 28601 I art     : Explicit concurrent mark sweep GC freed 3(96B) AllocSpace objects, 0(0B) LOS objects, 23% free, 52MB/68MB, paused 518us total 20.439ms
08-04 17:21:50.933 28588 28599 I art     : Starting a blocking GC Explicit
08-04 17:21:50.954 28588 28599 I art     : Explicit concurrent mark sweep GC freed 1343(78KB) AllocSpace objects, 1(20KB) LOS objects, 23% free, 52MB/68MB, paused 483us total 21.562ms
08-04 17:21:50.963 28588 28599 I art     : Starting a blocking GC Explicit
08-04 17:21:50.984 28588 28599 I art     : Explicit concurrent mark sweep GC freed 20(704B) AllocSpace objects, 0(0B) LOS objects, 23% free, 52MB/68MB, paused 485us total 20.808ms
08-04 17:21:50.993 28588 28599 I art     : Starting a blocking GC Explicit
08-04 17:21:51.014 28588 28599 I art     : Explicit concurrent mark sweep GC freed 3(96B) AllocSpace objects, 0(0B) LOS objects, 23% free, 52MB/68MB, paused 454us total 20.789ms
08-04 17:21:51.022 28588 28599 I art     : Starting a blocking GC Explicit
08-04 17:21:51.043 28588 28599 I art     : Explicit concurrent mark sweep GC freed 3(96B) AllocSpace objects, 0(0B) LOS objects, 23% free, 52MB/68MB, paused 468us total 20.358ms
08-04 17:21:51.051 28588 28599 I art     : Starting a blocking GC Explicit
08-04 17:21:51.072 28588 28599 I art     : Explicit concurrent mark sweep GC freed 3(96B) AllocSpace objects, 0(0B) LOS objects, 23% free, 52MB/68MB, paused 455us total 20.074ms
08-04 17:21:51.297 30793 30793 D AndroidRuntime: >>>>>> START com.android.internal.os.RuntimeInit uid 2000 <<<<<<
08-04 17:21:51.302 30793 30793 D AndroidRuntime: CheckJNI is OFF
08-04 17:21:51.336 30793 30793 D ICU     : No timezone override file found: /data/misc/zoneinfo/current/icu/icu_tzdata.dat
08-04 17:21:51.343 28588 28676 I art     : Starting a blocking GC Explicit
08-04 17:21:51.365 28588 28676 I art     : Explicit concurrent mark sweep GC freed 1354(78KB) AllocSpace objects, 1(20KB) LOS objects, 23% free, 52MB/68MB, paused 532us total 21.960ms
08-04 17:21:51.372 30793 30793 I Radio-JNI: register_android_hardware_Radio DONE
08-04 17:21:51.375 28588 28676 I art     : Starting a blocking GC Explicit
08-04 17:21:51.394 28588 28676 I art     : Explicit concurrent mark sweep GC freed 24(832B) AllocSpace objects, 0(0B) LOS objects, 23% free, 52MB/68MB, paused 477us total 19.131ms
08-04 17:21:51.394 30793 30793 D AndroidRuntime: Calling main entry com.android.commands.input.Input
08-04 17:21:51.397 30793 30793 I Input   : injectMotionEvent: MotionEvent { action=ACTION_DOWN, actionButton=0, id[0]=0, x[0]=648.0, y[0]=1050.0, toolType[0]=TOOL_TYPE_UNKNOWN, buttonState=0, metaState=0, flags=0x0, edgeFlags=0x0, pointerCount=1, historySize=0, eventTime=724927809, downTime=724927809, deviceId=0, source=0x1002 }
08-04 17:21:51.403 30793 30793 I Input   : injectMotionEvent: MotionEvent { action=ACTION_UP, actionButton=0, id[0]=0, x[0]=648.0, y[0]=1050.0, toolType[0]=TOOL_TYPE_UNKNOWN, buttonState=0, metaState=0, flags=0x0, edgeFlags=0x0, pointerCount=1, historySize=0, eventTime=724927809, downTime=724927809, deviceId=0, source=0x1002 }
08-04 17:21:51.403 28588 28676 I art     : Starting a blocking GC Explicit
08-04 17:21:51.404 30793 30793 D AndroidRuntime: Shutting down VM
08-04 17:21:51.411   918  3696 I ActivityManager: START u0 {cmp=baseline.appteam.nith.hillffair/.activities.InformationActivity} from uid 10651 on display 0
08-04 17:21:51.412   512  2967 D audio_hw_primary: out_set_parameters: enter: usecase(1: low-latency-playback) kvpairs: routing=2
08-04 17:21:51.424 28588 28676 I art     : Explicit concurrent mark sweep GC freed 48(5KB) AllocSpace objects, 0(0B) LOS objects, 23% free, 52MB/68MB, paused 431us total 20.785ms
08-04 17:21:51.427   512  2967 D audio_hw_primary: select_devices: out_snd_device(2: speaker) in_snd_device(0: none)
08-04 17:21:51.427   512  2967 D msm8974_platform: platform_send_audio_calibration: sending audio calibration for snd_device(2) acdb_id(15)
08-04 17:21:51.427   512  2967 I soundtrigger: audio_extn_sound_trigger_update_device_status: device 0x2 of type 0 for Event 1
08-04 17:21:51.432 28588 28676 I art     : Starting a blocking GC Explicit
08-04 17:21:51.436   512  2967 D audio_hw_primary: enable_snd_device: snd_device(2: speaker)
08-04 17:21:51.438   512  2967 D audio_hw_primary: enable_audio_route: apply and update mixer path: low-latency-playback speaker
08-04 17:21:51.451 28588 28676 I art     : Explicit concurrent mark sweep GC freed 470(30KB) AllocSpace objects, 0(0B) LOS objects, 23% free, 52MB/68MB, paused 592us total 18.893ms
08-04 17:21:51.459 28588 28676 I art     : Starting a blocking GC Explicit
08-04 17:21:51.479 28588 28676 I art     : Explicit concurrent mark sweep GC freed 442(41KB) AllocSpace objects, 0(0B) LOS objects, 23% free, 52MB/68MB, paused 565us total 19.651ms
08-04 17:21:51.552 13866 13866 I GoogleInputMethodServic: GoogleInputMethodService.onFinishInput():3138 
08-04 17:21:51.552 13866 13866 I GoogleInputMethodServic: GoogleInputMethodService.onStartInput():1808 
08-04 17:21:51.553   918   936 I ActivityManager: Displayed baseline.appteam.nith.hillffair/.activities.InformationActivity: +125ms
08-04 17:21:51.564 28588 28612 D OpenGLRenderer: endAllStagingAnimators on 0x7f994a9c00 (RippleDrawable) with handle 0x7f9a1f4860
08-04 17:21:51.721 28588 29395 I art     : Starting a blocking GC Explicit
08-04 17:21:51.742 28588 29395 I art     : Explicit concurrent mark sweep GC freed 1589(87KB) AllocSpace objects, 1(20KB) LOS objects, 23% free, 52MB/68MB, paused 419us total 20.622ms
08-04 17:21:51.751 28588 29395 I art     : Starting a blocking GC Explicit
08-04 17:21:51.772 28588 29395 I art     : Explicit concurrent mark sweep GC freed 38(1296B) AllocSpace objects, 0(0B) LOS objects, 23% free, 52MB/68MB, paused 445us total 20.289ms
08-04 17:21:51.780 28588 29395 I art     : Starting a blocking GC Explicit
08-04 17:21:51.800 28588 29395 I art     : Explicit concurrent mark sweep GC freed 3(96B) AllocSpace objects, 0(0B) LOS objects, 23% free, 52MB/68MB, paused 454us total 20.236ms
08-04 17:21:51.808   380   380 W SurfaceFlinger: couldn't log to binary event log: overflow.
08-04 17:21:51.809 28588 29395 I art     : Starting a blocking GC Explicit
08-04 17:21:51.829 28588 29395 I art     : Explicit concurrent mark sweep GC freed 6(192B) AllocSpace objects, 0(0B) LOS objects, 23% free, 52MB/68MB, paused 399us total 19.785ms
08-04 17:21:51.837 28588 29395 I art     : Starting a blocking GC Explicit
08-04 17:21:51.854 28588 29395 I art     : Explicit concurrent mark sweep GC freed 13(608B) AllocSpace objects, 0(0B) LOS objects, 23% free, 52MB/68MB, paused 425us total 17.533ms
08-04 17:21:51.979   512  2967 D audio_hw_primary: disable_audio_route: reset and update mixer path: low-latency-playback speaker
08-04 17:21:51.980   512  2967 D audio_hw_primary: disable_snd_device: snd_device(2: speaker)
08-04 17:21:51.988   512  2967 I soundtrigger: audio_extn_sound_trigger_update_device_status: device 0x2 of type 0 for Event 0
08-04 17:21:52.128 28588 28601 I art     : Starting a blocking GC Explicit
08-04 17:21:52.154 28588 28601 I art     : Explicit concurrent mark sweep GC freed 1456(84KB) AllocSpace objects, 1(20KB) LOS objects, 23% free, 52MB/68MB, paused 500us total 25.820ms
08-04 17:21:52.166 28588 28601 I art     : Starting a blocking GC Explicit
08-04 17:21:52.188 28588 28601 I art     : Explicit concurrent mark sweep GC freed 36(1216B) AllocSpace objects, 0(0B) LOS objects, 23% free, 52MB/68MB, paused 463us total 22.101ms
08-04 17:21:52.197 28588 28601 I art     : Starting a blocking GC Explicit
08-04 17:21:52.220 28588 28601 I art     : Explicit concurrent mark sweep GC freed 3(96B) AllocSpace objects, 0(0B) LOS objects, 23% free, 52MB/68MB, paused 457us total 22.045ms
08-04 17:21:52.229 28588 28601 I art     : Starting a blocking GC Explicit
08-04 17:21:52.251 28588 28601 I art     : Explicit concurrent mark sweep GC freed 3(96B) AllocSpace objects, 0(0B) LOS objects, 23% free, 52MB/68MB, paused 459us total 21.792ms
08-04 17:21:52.259 28588 28601 I art     : Starting a blocking GC Explicit
08-04 17:21:52.281 28588 28601 I art     : Explicit concurrent mark sweep GC freed 3(96B) AllocSpace objects, 0(0B) LOS objects, 23% free, 52MB/68MB, paused 454us total 21.586ms
08-04 17:21:52.573 28588 28676 I art     : Starting a blocking GC Explicit
08-04 17:21:52.602 28588 28676 I art     : Explicit concurrent mark sweep GC freed 1344(78KB) AllocSpace objects, 1(20KB) LOS objects, 23% free, 52MB/68MB, paused 494us total 28.360ms
08-04 17:21:52.614 28588 28676 I art     : Starting a blocking GC Explicit
08-04 17:21:52.636 28588 28676 I art     : Explicit concurrent mark sweep GC freed 20(704B) AllocSpace objects, 0(0B) LOS objects, 23% free, 52MB/68MB, paused 464us total 21.610ms
08-04 17:21:52.645 28588 28676 I art     : Starting a blocking GC Explicit
08-04 17:21:52.667 28588 28676 I art     : Explicit concurrent mark sweep GC freed 3(96B) AllocSpace objects, 0(0B) LOS objects, 23% free, 52MB/68MB, paused 499us total 22.017ms
08-04 17:21:52.676 28588 28676 I art     : Starting a blocking GC Explicit
08-04 17:21:52.698 28588 28676 I art     : Explicit concurrent mark sweep GC freed 3(96B) AllocSpace objects, 0(0B) LOS objects, 23% free, 52MB/68MB, paused 464us total 21.853ms
08-04 17:21:52.707 28588 28676 I art     : Starting a blocking GC Explicit
08-04 17:21:52.729 28588 28676 I art     : Explicit concurrent mark sweep GC freed 3(96B) AllocSpace objects, 0(0B) LOS objects, 23% free, 52MB/68MB, paused 465us total 21.675ms
08-04 17:21:53.032 28588 28599 I art     : Starting a blocking GC Explicit
08-04 17:21:53.059 28588 28599 I art     : Explicit concurrent mark sweep GC freed 1344(78KB) AllocSpace objects, 1(20KB) LOS objects, 23% free, 52MB/68MB, paused 491us total 27.165ms
08-04 17:21:53.072 28588 28599 I art     : Starting a blocking GC Explicit
08-04 17:21:53.098 28588 28599 I art     : Explicit concurrent mark sweep GC freed 23(800B) AllocSpace objects, 0(0B) LOS objects, 23% free, 52MB/68MB, paused 563us total 25.613ms
08-04 17:21:53.108 28588 28599 I art     : Starting a blocking GC Explicit
08-04 17:21:53.131 28588 28599 I art     : Explicit concurrent mark sweep GC freed 7(224B) AllocSpace objects, 0(0B) LOS objects, 23% free, 52MB/68MB, paused 477us total 22.287ms
08-04 17:21:53.140 28588 28599 I art     : Starting a blocking GC Explicit
08-04 17:21:53.162 28588 28599 I art     : Explicit concurrent mark sweep GC freed 7(224B) AllocSpace objects, 0(0B) LOS objects, 23% free, 52MB/68MB, paused 399us total 21.606ms
08-04 17:21:53.171 28588 28599 I art     : Starting a blocking GC Explicit
08-04 17:21:53.192 28588 28599 I art     : Explicit concurrent mark sweep GC freed 6(192B) AllocSpace objects, 0(0B) LOS objects, 23% free, 52MB/68MB, paused 397us total 20.591ms
08-04 17:21:53.503 28588 28601 I art     : Starting a blocking GC Explicit
08-04 17:21:53.530 28588 28601 I art     : Explicit concurrent mark sweep GC freed 1360(78KB) AllocSpace objects, 1(20KB) LOS objects, 23% free, 52MB/68MB, paused 510us total 27.205ms
08-04 17:21:53.543 28588 28601 I art     : Starting a blocking GC Explicit
08-04 17:21:53.567 28588 28601 I art     : Explicit concurrent mark sweep GC freed 20(704B) AllocSpace objects, 0(0B) LOS objects, 23% free, 52MB/68MB, paused 482us total 24.401ms
08-04 17:21:53.576 28588 28601 I art     : Starting a blocking GC Explicit
08-04 17:21:53.598 28588 28601 I art     : Explicit concurrent mark sweep GC freed 3(96B) AllocSpace objects, 0(0B) LOS objects, 23% free, 52MB/68MB, paused 470us total 21.844ms
08-04 17:21:53.607 28588 28601 I art     : Starting a blocking GC Explicit
08-04 17:21:53.629 28588 28601 I art     : Explicit concurrent mark sweep GC freed 3(96B) AllocSpace objects, 0(0B) LOS objects, 23% free, 52MB/68MB, paused 456us total 21.464ms
08-04 17:21:53.638 28588 28601 I art     : Starting a blocking GC Explicit
08-04 17:21:53.659 28588 28601 I art     : Explicit concurrent mark sweep GC freed 3(96B) AllocSpace objects, 0(0B) LOS objects, 23% free, 52MB/68MB, paused 457us total 21.628ms
08-04 17:21:53.999 28588 29395 I art     : Starting a blocking GC Explicit
08-04 17:21:54.031 28588 29395 I art     : Explicit concurrent mark sweep GC freed 1344(78KB) AllocSpace objects, 1(20KB) LOS objects, 23% free, 52MB/68MB, paused 497us total 31.082ms
08-04 17:21:54.043 28588 29395 I art     : Starting a blocking GC Explicit
08-04 17:21:54.065 28588 29395 I art     : Explicit concurrent mark sweep GC freed 20(704B) AllocSpace objects, 0(0B) LOS objects, 23% free, 52MB/68MB, paused 457us total 21.598ms
08-04 17:21:54.073 28588 29395 I art     : Starting a blocking GC Explicit
08-04 17:21:54.096 28588 29395 I art     : Explicit concurrent mark sweep GC freed 3(96B) AllocSpace objects, 0(0B) LOS objects, 23% free, 52MB/68MB, paused 451us total 21.880ms
08-04 17:21:54.104 28588 29395 I art     : Starting a blocking GC Explicit
08-04 17:21:54.127 28588 29395 I art     : Explicit concurrent mark sweep GC freed 3(96B) AllocSpace objects, 0(0B) LOS objects, 23% free, 52MB/68MB, paused 469us total 22.047ms
08-04 17:21:54.136 28588 29395 I art     : Starting a blocking GC Explicit
08-04 17:21:54.158 28588 29395 I art     : Explicit concurrent mark sweep GC freed 3(96B) AllocSpace objects, 0(0B) LOS objects, 23% free, 52MB/68MB, paused 469us total 21.714ms
08-04 17:21:54.487 28588 28676 I art     : Starting a blocking GC Explicit
08-04 17:21:54.517 28588 28676 I art     : Explicit concurrent mark sweep GC freed 1344(78KB) AllocSpace objects, 1(20KB) LOS objects, 23% free, 52MB/68MB, paused 542us total 29.517ms
08-04 17:21:54.534 28588 28676 I art     : Starting a blocking GC Explicit
08-04 17:21:54.555 28588 28676 I art     : Explicit concurrent mark sweep GC freed 20(704B) AllocSpace objects, 0(0B) LOS objects, 23% free, 52MB/68MB, paused 470us total 21.346ms
08-04 17:21:54.564 28588 28676 I art     : Starting a blocking GC Explicit
08-04 17:21:54.586 28588 28676 I art     : Explicit concurrent mark sweep GC freed 3(96B) AllocSpace objects, 0(0B) LOS objects, 23% free, 52MB/68MB, paused 450us total 21.607ms
08-04 17:21:54.595 28588 28676 I art     : Starting a blocking GC Explicit
08-04 17:21:54.617 28588 28676 I art     : Explicit concurrent mark sweep GC freed 3(96B) AllocSpace objects, 0(0B) LOS objects, 23% free, 52MB/68MB, paused 454us total 21.652ms
08-04 17:21:54.625 28588 28676 I art     : Starting a blocking GC Explicit
08-04 17:21:54.648 28588 28676 I art     : Explicit concurrent mark sweep GC freed 3(96B) AllocSpace objects, 0(0B) LOS objects, 23% free, 52MB/68MB, paused 489us total 22.010ms
08-04 17:21:54.984 28588 28599 I art     : Starting a blocking GC Explicit
08-04 17:21:55.014 28588 28599 I art     : Explicit concurrent mark sweep GC freed 1344(78KB) AllocSpace objects, 1(20KB) LOS objects, 23% free, 52MB/68MB, paused 495us total 29.635ms
08-04 17:21:55.025 28588 28599 I art     : Starting a blocking GC Explicit
08-04 17:21:55.047 28588 28599 I art     : Explicit concurrent mark sweep GC freed 20(704B) AllocSpace objects, 0(0B) LOS objects, 23% free, 52MB/68MB, paused 478us total 21.926ms
08-04 17:21:55.056 28588 28599 I art     : Starting a blocking GC Explicit
08-04 17:21:55.078 28588 28599 I art     : Explicit concurrent mark sweep GC freed 3(96B) AllocSpace objects, 0(0B) LOS objects, 23% free, 52MB/68MB, paused 452us total 21.820ms
08-04 17:21:55.087 28588 28599 I art     : Starting a blocking GC Explicit
08-04 17:21:55.109 28588 28599 I art     : Explicit concurrent mark sweep GC freed 3(96B) AllocSpace objects, 0(0B) LOS objects, 23% free, 52MB/68MB, paused 447us total 22.002ms
08-04 17:21:55.118 28588 28599 I art     : Starting a blocking GC Explicit
08-04 17:21:55.140 28588 28599 I art     : Explicit concurrent mark sweep GC freed 3(96B) AllocSpace objects, 0(0B) LOS objects, 23% free, 52MB/68MB, paused 445us total 21.383ms
08-04 17:21:55.457 28588 28601 I art     : Starting a blocking GC Explicit
08-04 17:21:55.488 28588 28601 I art     : Explicit concurrent mark sweep GC freed 1344(78KB) AllocSpace objects, 1(20KB) LOS objects, 23% free, 52MB/68MB, paused 516us total 31.057ms
08-04 17:21:55.500 28588 28601 I art     : Starting a blocking GC Explicit
08-04 17:21:55.522 28588 28601 I art     : Explicit concurrent mark sweep GC freed 20(704B) AllocSpace objects, 0(0B) LOS objects, 23% free, 52MB/68MB, paused 461us total 21.642ms
08-04 17:21:55.530 28588 28601 I art     : Starting a blocking GC Explicit
08-04 17:21:55.552 28588 28601 I art     : Explicit concurrent mark sweep GC freed 3(96B) AllocSpace objects, 0(0B) LOS objects, 23% free, 52MB/68MB, paused 438us total 21.612ms
08-04 17:21:55.561 28588 28601 I art     : Starting a blocking GC Explicit
08-04 17:21:55.583 28588 28601 I art     : Explicit concurrent mark sweep GC freed 3(96B) AllocSpace objects, 0(0B) LOS objects, 23% free, 52MB/68MB, paused 442us total 21.472ms
08-04 17:21:55.591 28588 28601 I art     : Starting a blocking GC Explicit
08-04 17:21:55.613 28588 28601 I art     : Explicit concurrent mark sweep GC freed 3(96B) AllocSpace objects, 0(0B) LOS objects, 23% free, 52MB/68MB, paused 456us total 21.205ms
08-04 17:21:55.877 28588 29395 I art     : Starting a blocking GC Explicit
08-04 17:21:55.899 28588 29395 I art     : Explicit concurrent mark sweep GC freed 1344(78KB) AllocSpace objects, 1(20KB) LOS objects, 23% free, 52MB/68MB, paused 476us total 22.081ms
08-04 17:21:55.908 28588 29395 I art     : Starting a blocking GC Explicit
08-04 17:21:55.930 28588 29395 I art     : Explicit concurrent mark sweep GC freed 20(704B) AllocSpace objects, 0(0B) LOS objects, 23% free, 52MB/68MB, paused 520us total 21.554ms
08-04 17:21:55.939 28588 29395 I art     : Starting a blocking GC Explicit
08-04 17:21:55.960 28588 29395 I art     : Explicit concurrent mark sweep GC freed 3(96B) AllocSpace objects, 0(0B) LOS objects, 23% free, 52MB/68MB, paused 450us total 20.486ms
08-04 17:21:55.969 28588 29395 I art     : Starting a blocking GC Explicit
08-04 17:21:55.990 28588 29395 I art     : Explicit concurrent mark sweep GC freed 3(96B) AllocSpace objects, 0(0B) LOS objects, 23% free, 52MB/68MB, paused 451us total 20.821ms
08-04 17:21:55.998 28588 29395 I art     : Starting a blocking GC Explicit
08-04 17:21:56.019 28588 29395 I art     : Explicit concurrent mark sweep GC freed 3(96B) AllocSpace objects, 0(0B) LOS objects, 23% free, 52MB/68MB, paused 458us total 20.799ms
08-04 17:21:56.108 30908 30908 D AndroidRuntime: >>>>>> START com.android.internal.os.RuntimeInit uid 2000 <<<<<<
08-04 17:21:56.114 30908 30908 D AndroidRuntime: CheckJNI is OFF
08-04 17:21:56.153 30908 30908 D ICU     : No timezone override file found: /data/misc/zoneinfo/current/icu/icu_tzdata.dat
08-04 17:21:56.187 30908 30908 I Radio-JNI: register_android_hardware_Radio DONE
08-04 17:21:56.209 30908 30908 D AndroidRuntime: Calling main entry com.android.commands.input.Input
08-04 17:21:56.210 30908 30908 I Input   : injectKeyEvent: KeyEvent { action=ACTION_DOWN, keyCode=KEYCODE_BACK, scanCode=0, metaState=0, flags=0x0, repeatCount=0, eventTime=724932623, downTime=724932623, deviceId=-1, source=0x101 }
08-04 17:21:56.216 30908 30908 I Input   : injectKeyEvent: KeyEvent { action=ACTION_UP, keyCode=KEYCODE_BACK, scanCode=0, metaState=0, flags=0x0, repeatCount=0, eventTime=724932623, downTime=724932623, deviceId=-1, source=0x101 }
08-04 17:21:56.223 30908 30908 D AndroidRuntime: Shutting down VM
08-04 17:21:56.256 13866 13866 I GoogleInputMethodServic: GoogleInputMethodService.onFinishInput():3138 
08-04 17:21:56.257 13866 13866 I GoogleInputMethodServic: GoogleInputMethodService.onStartInput():1808 
08-04 17:21:56.304 28588 28599 I art     : Starting a blocking GC Explicit
08-04 17:21:56.323 28588 28599 I art     : Explicit concurrent mark sweep GC freed 1483(84KB) AllocSpace objects, 1(20KB) LOS objects, 23% free, 52MB/68MB, paused 401us total 18.999ms
08-04 17:21:56.331 28588 28599 I art     : Starting a blocking GC Explicit
08-04 17:21:56.351 28588 28599 I art     : Explicit concurrent mark sweep GC freed 26(944B) AllocSpace objects, 0(0B) LOS objects, 23% free, 52MB/68MB, paused 415us total 19.242ms
08-04 17:21:56.359 28588 28599 I art     : Starting a blocking GC Explicit
08-04 17:21:56.379 28588 28599 I art     : Explicit concurrent mark sweep GC freed 3(96B) AllocSpace objects, 0(0B) LOS objects, 23% free, 52MB/68MB, paused 402us total 19.623ms
08-04 17:21:56.390 28588 28599 I art     : Starting a blocking GC Explicit
08-04 17:21:56.413 28588 28599 I art     : Explicit concurrent mark sweep GC freed 3(96B) AllocSpace objects, 0(0B) LOS objects, 23% free, 52MB/68MB, paused 409us total 22.863ms
08-04 17:21:56.426 28588 28599 I art     : Starting a blocking GC Explicit
08-04 17:21:56.452 28588 28599 I art     : Explicit concurrent mark sweep GC freed 3(96B) AllocSpace objects, 0(0B) LOS objects, 23% free, 52MB/68MB, paused 532us total 25.732ms
08-04 17:21:56.546   380   380 W SurfaceFlinger: couldn't log to binary event log: overflow.
08-04 17:21:56.719 28588 29395 I art     : Starting a blocking GC Explicit
08-04 17:21:56.746 28588 29395 I art     : Explicit concurrent mark sweep GC freed 1454(87KB) AllocSpace objects, 1(20KB) LOS objects, 23% free, 52MB/68MB, paused 531us total 26.323ms
08-04 17:21:56.757 28588 29395 I art     : Starting a blocking GC Explicit
08-04 17:21:56.779 28588 29395 I art     : Explicit concurrent mark sweep GC freed 1401(90KB) AllocSpace objects, 1(28KB) LOS objects, 23% free, 52MB/68MB, paused 454us total 21.780ms
08-04 17:21:56.788 28588 29395 I art     : Starting a blocking GC Explicit
08-04 17:21:56.809 28588 29395 I art     : Explicit concurrent mark sweep GC freed 3(96B) AllocSpace objects, 0(0B) LOS objects, 23% free, 52MB/68MB, paused 447us total 21.258ms
08-04 17:21:56.818 28588 29395 I art     : Starting a blocking GC Explicit
08-04 17:21:56.839 28588 29395 I art     : Explicit concurrent mark sweep GC freed 3(96B) AllocSpace objects, 0(0B) LOS objects, 23% free, 52MB/68MB, paused 461us total 20.928ms
08-04 17:21:56.848 28588 29395 I art     : Starting a blocking GC Explicit
08-04 17:21:56.869 28588 29395 I art     : Explicit concurrent mark sweep GC freed 3(96B) AllocSpace objects, 0(0B) LOS objects, 23% free, 52MB/68MB, paused 443us total 21.077ms
08-04 17:21:57.165 28588 28676 I art     : Starting a blocking GC Explicit
08-04 17:21:57.190 28588 28676 I art     : Explicit concurrent mark sweep GC freed 1344(78KB) AllocSpace objects, 1(20KB) LOS objects, 23% free, 52MB/68MB, paused 497us total 24.719ms
08-04 17:21:57.201 28588 28676 I art     : Starting a blocking GC Explicit
08-04 17:21:57.223 28588 28676 I art     : Explicit concurrent mark sweep GC freed 20(704B) AllocSpace objects, 0(0B) LOS objects, 23% free, 52MB/68MB, paused 451us total 20.988ms
08-04 17:21:57.231 28588 28676 I art     : Starting a blocking GC Explicit
08-04 17:21:57.253 28588 28676 I art     : Explicit concurrent mark sweep GC freed 3(96B) AllocSpace objects, 0(0B) LOS objects, 23% free, 52MB/68MB, paused 463us total 21.233ms
08-04 17:21:57.261 28588 28676 I art     : Starting a blocking GC Explicit
08-04 17:21:57.283 28588 28676 I art     : Explicit concurrent mark sweep GC freed 3(96B) AllocSpace objects, 0(0B) LOS objects, 23% free, 52MB/68MB, paused 457us total 21.392ms
08-04 17:21:57.292 28588 28676 I art     : Starting a blocking GC Explicit
08-04 17:21:57.313 28588 28676 I art     : Explicit concurrent mark sweep GC freed 3(96B) AllocSpace objects, 0(0B) LOS objects, 23% free, 52MB/68MB, paused 453us total 21.063ms
08-04 17:21:57.583 28588 28601 I art     : Starting a blocking GC Explicit
08-04 17:21:57.604 28588 28601 I art     : Explicit concurrent mark sweep GC freed 1343(78KB) AllocSpace objects, 1(20KB) LOS objects, 23% free, 52MB/68MB, paused 459us total 20.908ms
08-04 17:21:57.613 28588 28601 I art     : Starting a blocking GC Explicit
08-04 17:21:57.633 28588 28601 I art     : Explicit concurrent mark sweep GC freed 20(704B) AllocSpace objects, 0(0B) LOS objects, 23% free, 52MB/68MB, paused 434us total 19.261ms
08-04 17:21:57.640 28588 28601 I art     : Starting a blocking GC Explicit
08-04 17:21:57.659 28588 28601 I art     : Explicit concurrent mark sweep GC freed 3(96B) AllocSpace objects, 0(0B) LOS objects, 23% free, 52MB/68MB, paused 435us total 18.545ms
08-04 17:21:57.667 28588 28601 I art     : Starting a blocking GC Explicit
08-04 17:21:57.688 28588 28601 I art     : Explicit concurrent mark sweep GC freed 3(96B) AllocSpace objects, 0(0B) LOS objects, 23% free, 52MB/68MB, paused 475us total 20.142ms
08-04 17:21:57.696 28588 28601 I art     : Starting a blocking GC Explicit
08-04 17:21:57.716 28588 28601 I art     : Explicit concurrent mark sweep GC freed 3(96B) AllocSpace objects, 0(0B) LOS objects, 23% free, 52MB/68MB, paused 453us total 19.873ms
08-04 17:21:57.888 30963 30963 D AndroidRuntime: >>>>>> START com.android.internal.os.RuntimeInit uid 2000 <<<<<<
08-04 17:21:57.893 30963 30963 D AndroidRuntime: CheckJNI is OFF
08-04 17:21:57.925 30963 30963 D ICU     : No timezone override file found: /data/misc/zoneinfo/current/icu/icu_tzdata.dat
08-04 17:21:57.958 30963 30963 I Radio-JNI: register_android_hardware_Radio DONE
08-04 17:21:57.979 30963 30963 D AndroidRuntime: Calling main entry com.android.commands.input.Input
08-04 17:21:57.981 30963 30963 I Input   : injectMotionEvent: MotionEvent { action=ACTION_DOWN, actionButton=0, id[0]=0, x[0]=756.0, y[0]=1530.0, toolType[0]=TOOL_TYPE_UNKNOWN, buttonState=0, metaState=0, flags=0x0, edgeFlags=0x0, pointerCount=1, historySize=0, eventTime=724934394, downTime=724934394, deviceId=0, source=0x1002 }
08-04 17:21:57.985 30963 30963 I Input   : injectMotionEvent: MotionEvent { action=ACTION_UP, actionButton=0, id[0]=0, x[0]=756.0, y[0]=1530.0, toolType[0]=TOOL_TYPE_UNKNOWN, buttonState=0, metaState=0, flags=0x0, edgeFlags=0x0, pointerCount=1, historySize=0, eventTime=724934394, downTime=724934394, deviceId=0, source=0x1002 }
08-04 17:21:57.986 30963 30963 D AndroidRuntime: Shutting down VM
08-04 17:21:57.990 28588 28676 I art     : Starting a blocking GC Explicit
08-04 17:21:58.000   918  6110 I ActivityManager: START u0 {cmp=baseline.appteam.nith.hillffair/.activities.LeaderBoardActivity} from uid 10651 on display 0
08-04 17:21:58.002   512  2967 D audio_hw_primary: out_set_parameters: enter: usecase(1: low-latency-playback) kvpairs: routing=2
08-04 17:21:58.010 28588 28676 I art     : Explicit concurrent mark sweep GC freed 1400(80KB) AllocSpace objects, 1(20KB) LOS objects, 23% free, 52MB/68MB, paused 446us total 20.333ms
08-04 17:21:58.015   512  2967 D audio_hw_primary: select_devices: out_snd_device(2: speaker) in_snd_device(0: none)
08-04 17:21:58.015   512  2967 D msm8974_platform: platform_send_audio_calibration: sending audio calibration for snd_device(2) acdb_id(15)
08-04 17:21:58.015   512  2967 I soundtrigger: audio_extn_sound_trigger_update_device_status: device 0x2 of type 0 for Event 1
08-04 17:21:58.019 28588 28676 I art     : Starting a blocking GC Explicit
08-04 17:21:58.024   512  2967 D audio_hw_primary: enable_snd_device: snd_device(2: speaker)
08-04 17:21:58.026   512  2967 D audio_hw_primary: enable_audio_route: apply and update mixer path: low-latency-playback speaker
08-04 17:21:58.039 28588 28676 I art     : Explicit concurrent mark sweep GC freed 476(26KB) AllocSpace objects, 0(0B) LOS objects, 23% free, 52MB/68MB, paused 656us total 19.978ms
08-04 17:21:58.047 28588 28676 I art     : Starting a blocking GC Explicit
08-04 17:21:58.069 28588 28676 I art     : Explicit concurrent mark sweep GC freed 4571(286KB) AllocSpace objects, 0(0B) LOS objects, 23% free, 52MB/68MB, paused 633us total 21.224ms
08-04 17:21:58.077 28588 28676 I art     : Starting a blocking GC Explicit
08-04 17:21:58.096 28588 28676 I art     : Explicit concurrent mark sweep GC freed 246(10KB) AllocSpace objects, 0(0B) LOS objects, 23% free, 52MB/68MB, paused 458us total 18.571ms
08-04 17:21:58.104 28588 28676 I art     : Starting a blocking GC Explicit
08-04 17:21:58.105 28588 28588 E RecyclerView: No adapter attached; skipping layout
08-04 17:21:58.107 28588 28588 E RecyclerView: No adapter attached; skipping layout
08-04 17:21:58.122   918   936 I ActivityManager: Displayed baseline.appteam.nith.hillffair/.activities.LeaderBoardActivity: +106ms
08-04 17:21:58.122 13866 13866 I GoogleInputMethodServic: GoogleInputMethodService.onFinishInput():3138 
08-04 17:21:58.122 13866 13866 I GoogleInputMethodServic: GoogleInputMethodService.onStartInput():1808 
08-04 17:21:58.124 28588 28676 I art     : Explicit concurrent mark sweep GC freed 134(4KB) AllocSpace objects, 0(0B) LOS objects, 23% free, 53MB/69MB, paused 579us total 19.520ms
08-04 17:21:58.124 28588 28588 E RecyclerView: No adapter attached; skipping layout
08-04 17:21:58.144 28588 28612 D OpenGLRenderer: endAllStagingAnimators on 0x7f7da93000 (RippleDrawable) with handle 0x7f99eb3820
08-04 17:21:58.382   380   380 W SurfaceFlinger: couldn't log to binary event log: overflow.
08-04 17:21:58.388 28588 28676 I art     : Starting a blocking GC Explicit
08-04 17:21:58.411 28588 28676 I art     : Explicit concurrent mark sweep GC freed 1454(85KB) AllocSpace objects, 1(20KB) LOS objects, 23% free, 53MB/69MB, paused 483us total 22.241ms
08-04 17:21:58.419 28588 28676 I art     : Starting a blocking GC Explicit
08-04 17:21:58.437 28588 28676 I art     : Explicit concurrent mark sweep GC freed 40(1360B) AllocSpace objects, 0(0B) LOS objects, 23% free, 53MB/69MB, paused 570us total 18.241ms
08-04 17:21:58.445 28588 28676 I art     : Starting a blocking GC Explicit
08-04 17:21:58.464 28588 28676 I art     : Explicit concurrent mark sweep GC freed 3(96B) AllocSpace objects, 0(0B) LOS objects, 23% free, 53MB/69MB, paused 469us total 19.273ms
08-04 17:21:58.472 28588 28676 I art     : Starting a blocking GC Explicit
08-04 17:21:58.491 28588 28676 I art     : Explicit concurrent mark sweep GC freed 3(96B) AllocSpace objects, 0(0B) LOS objects, 23% free, 53MB/69MB, paused 448us total 18.645ms
08-04 17:21:58.500 28588 28676 I art     : Starting a blocking GC Explicit
08-04 17:21:58.521 28588 28676 I art     : Explicit concurrent mark sweep GC freed 105(6KB) AllocSpace objects, 0(0B) LOS objects, 23% free, 53MB/69MB, paused 508us total 21.300ms
08-04 17:21:58.578   512  2967 D audio_hw_primary: disable_audio_route: reset and update mixer path: low-latency-playback speaker
08-04 17:21:58.579   512  2967 D audio_hw_primary: disable_snd_device: snd_device(2: speaker)
08-04 17:21:58.587   512  2967 I soundtrigger: audio_extn_sound_trigger_update_device_status: device 0x2 of type 0 for Event 0
08-04 17:21:58.800 28588 28599 I art     : Starting a blocking GC Explicit
08-04 17:21:58.822 28588 28599 I art     : Explicit concurrent mark sweep GC freed 1418(81KB) AllocSpace objects, 1(20KB) LOS objects, 23% free, 53MB/69MB, paused 524us total 21.754ms
08-04 17:21:58.831 28588 28599 I art     : Starting a blocking GC Explicit
08-04 17:21:58.852 28588 28599 I art     : Explicit concurrent mark sweep GC freed 64(2176B) AllocSpace objects, 0(0B) LOS objects, 23% free, 53MB/69MB, paused 478us total 21.535ms
08-04 17:21:58.861 28588 28599 I art     : Starting a blocking GC Explicit
08-04 17:21:58.882 28588 28599 I art     : Explicit concurrent mark sweep GC freed 529(49KB) AllocSpace objects, 0(0B) LOS objects, 23% free, 53MB/69MB, paused 622us total 20.785ms
08-04 17:21:58.890 28588 28599 I art     : Starting a blocking GC Explicit
08-04 17:21:58.911 28588 28599 I art     : Explicit concurrent mark sweep GC freed 2021(80KB) AllocSpace objects, 2(120KB) LOS objects, 23% free, 53MB/69MB, paused 544us total 21.045ms
08-04 17:21:58.918 28588 30994 D OkHttp  : --> GET https://api-hillfair-2k16.herokuapp.com/api/app/quiz/leaderboard?from=1 http/1.1
08-04 17:21:58.920 28588 28599 I art     : Starting a blocking GC Explicit
08-04 17:21:58.940 28588 28599 I art     : Explicit concurrent mark sweep GC freed 1005(119KB) AllocSpace objects, 1(80KB) LOS objects, 23% free, 53MB/69MB, paused 545us total 20.048ms
08-04 17:21:58.946 28588 30994 D OkHttp  : <-- 200 OK https://api-hillfair-2k16.herokuapp.com/api/app/quiz/leaderboard?from=1 (27ms, 56744-byte body)
08-04 17:21:59.033 28588 28588 I NAPPA_EXPERIMENTATION: MetricNetworkRequestExecutionTime: REQUEST_DURATION_SYSTEM='979',REQUEST_DURATION_OKHTTP='27',REQUEST_SYNCHRONOUS='FALSE',RESPONSE_CODE='200',RESPONSE_METHOD='GET',RESPONSE_LENGTH_OKHTTP='56744',RESPONSE_LENGTH_HEADER='56744',REQUEST_PROTOCOL='http/1.1',REQUEST_URL='https://api-hillfair-2k16.herokuapp.com/api/app/quiz/leaderboard?from=1',
08-04 17:21:59.197 28588 29395 I art     : Starting a blocking GC Explicit
08-04 17:21:59.223 28588 29395 I art     : Explicit concurrent mark sweep GC freed 27701(1312KB) AllocSpace objects, 1(20KB) LOS objects, 23% free, 53MB/69MB, paused 495us total 26.288ms
08-04 17:21:59.233 28588 29395 I art     : Starting a blocking GC Explicit
08-04 17:21:59.257 28588 29395 I art     : Explicit concurrent mark sweep GC freed 125(4KB) AllocSpace objects, 0(0B) LOS objects, 23% free, 53MB/69MB, paused 476us total 23.636ms
08-04 17:21:59.266 28588 29395 I art     : Starting a blocking GC Explicit
08-04 17:21:59.289 28588 29395 I art     : Explicit concurrent mark sweep GC freed 3(96B) AllocSpace objects, 0(0B) LOS objects, 23% free, 53MB/69MB, paused 469us total 23.250ms
08-04 17:21:59.298 28588 29395 I art     : Starting a blocking GC Explicit
08-04 17:21:59.322 28588 29395 I art     : Explicit concurrent mark sweep GC freed 3(96B) AllocSpace objects, 0(0B) LOS objects, 23% free, 53MB/69MB, paused 475us total 23.340ms
08-04 17:21:59.331 28588 29395 I art     : Starting a blocking GC Explicit
08-04 17:21:59.355 28588 29395 I art     : Explicit concurrent mark sweep GC freed 3(96B) AllocSpace objects, 0(0B) LOS objects, 23% free, 53MB/69MB, paused 476us total 23.784ms
08-04 17:21:59.649 28588 28599 I art     : Starting a blocking GC Explicit
08-04 17:21:59.681 28588 28599 I art     : Explicit concurrent mark sweep GC freed 1344(78KB) AllocSpace objects, 1(20KB) LOS objects, 23% free, 53MB/69MB, paused 480us total 31.327ms
08-04 17:21:59.694 28588 28599 I art     : Starting a blocking GC Explicit
08-04 17:21:59.720 28588 28599 I art     : Explicit concurrent mark sweep GC freed 20(704B) AllocSpace objects, 0(0B) LOS objects, 23% free, 53MB/69MB, paused 480us total 26.301ms
08-04 17:21:59.730 28588 28599 I art     : Starting a blocking GC Explicit
08-04 17:21:59.753 28588 28599 I art     : Explicit concurrent mark sweep GC freed 3(96B) AllocSpace objects, 0(0B) LOS objects, 23% free, 53MB/69MB, paused 478us total 23.672ms
08-04 17:21:59.763 28588 28599 I art     : Starting a blocking GC Explicit
08-04 17:21:59.786 28588 28599 I art     : Explicit concurrent mark sweep GC freed 3(96B) AllocSpace objects, 0(0B) LOS objects, 23% free, 53MB/69MB, paused 477us total 23.543ms
08-04 17:21:59.795 28588 28599 I art     : Starting a blocking GC Explicit
08-04 17:21:59.819 28588 28599 I art     : Explicit concurrent mark sweep GC freed 3(96B) AllocSpace objects, 0(0B) LOS objects, 23% free, 53MB/69MB, paused 472us total 23.711ms
08-04 17:22:00.156 28588 28676 I art     : Starting a blocking GC Explicit
08-04 17:22:00.180 28588 28676 I art     : Explicit concurrent mark sweep GC freed 1344(78KB) AllocSpace objects, 1(20KB) LOS objects, 23% free, 53MB/69MB, paused 475us total 24.196ms
08-04 17:22:00.191 28588 28676 I art     : Starting a blocking GC Explicit
08-04 17:22:00.214 28588 28676 I art     : Explicit concurrent mark sweep GC freed 20(704B) AllocSpace objects, 0(0B) LOS objects, 23% free, 53MB/69MB, paused 471us total 22.699ms
08-04 17:22:00.223 28588 28676 I art     : Starting a blocking GC Explicit
08-04 17:22:00.247 28588 28676 I art     : Explicit concurrent mark sweep GC freed 3(96B) AllocSpace objects, 0(0B) LOS objects, 23% free, 53MB/69MB, paused 639us total 23.400ms
08-04 17:22:00.256 28588 28676 I art     : Starting a blocking GC Explicit
08-04 17:22:00.279 28588 28676 I art     : Explicit concurrent mark sweep GC freed 3(96B) AllocSpace objects, 0(0B) LOS objects, 23% free, 53MB/69MB, paused 461us total 23.092ms
08-04 17:22:00.289 28588 28676 I art     : Starting a blocking GC Explicit
08-04 17:22:00.312 28588 28676 I art     : Explicit concurrent mark sweep GC freed 3(96B) AllocSpace objects, 0(0B) LOS objects, 23% free, 53MB/69MB, paused 457us total 23.128ms
08-04 17:22:00.632 28588 28601 I art     : Starting a blocking GC Explicit
08-04 17:22:00.634 24412 24412 I ServiceManager: Waiting for service AtCmdFwd...
08-04 17:22:00.666 28588 28601 I art     : Explicit concurrent mark sweep GC freed 1344(78KB) AllocSpace objects, 1(20KB) LOS objects, 23% free, 53MB/69MB, paused 529us total 32.825ms
08-04 17:22:00.679 28588 28601 I art     : Starting a blocking GC Explicit
08-04 17:22:00.702 28588 28601 I art     : Explicit concurrent mark sweep GC freed 20(704B) AllocSpace objects, 0(0B) LOS objects, 23% free, 53MB/69MB, paused 468us total 22.886ms
08-04 17:22:00.711 28588 28601 I art     : Starting a blocking GC Explicit
08-04 17:22:00.735 28588 28601 I art     : Explicit concurrent mark sweep GC freed 3(96B) AllocSpace objects, 0(0B) LOS objects, 23% free, 53MB/69MB, paused 472us total 23.398ms
08-04 17:22:00.744 28588 28601 I art     : Starting a blocking GC Explicit
08-04 17:22:00.768 28588 28601 I art     : Explicit concurrent mark sweep GC freed 3(96B) AllocSpace objects, 0(0B) LOS objects, 23% free, 53MB/69MB, paused 470us total 24.020ms
08-04 17:22:00.778 28588 28601 I art     : Starting a blocking GC Explicit
08-04 17:22:00.801 28588 28601 I art     : Explicit concurrent mark sweep GC freed 3(96B) AllocSpace objects, 0(0B) LOS objects, 23% free, 53MB/69MB, paused 479us total 22.746ms
08-04 17:22:01.123 28588 29395 I art     : Starting a blocking GC Explicit
08-04 17:22:01.154 28588 29395 I art     : Explicit concurrent mark sweep GC freed 1344(78KB) AllocSpace objects, 1(20KB) LOS objects, 23% free, 53MB/69MB, paused 532us total 31.390ms
08-04 17:22:01.167 28588 29395 I art     : Starting a blocking GC Explicit
08-04 17:22:01.191 28588 29395 I art     : Explicit concurrent mark sweep GC freed 20(704B) AllocSpace objects, 0(0B) LOS objects, 23% free, 53MB/69MB, paused 474us total 23.972ms
08-04 17:22:01.201 28588 29395 I art     : Starting a blocking GC Explicit
08-04 17:22:01.224 28588 29395 I art     : Explicit concurrent mark sweep GC freed 3(96B) AllocSpace objects, 0(0B) LOS objects, 23% free, 53MB/69MB, paused 475us total 23.470ms
08-04 17:22:01.234 28588 29395 I art     : Starting a blocking GC Explicit
08-04 17:22:01.257 28588 29395 I art     : Explicit concurrent mark sweep GC freed 3(96B) AllocSpace objects, 0(0B) LOS objects, 23% free, 53MB/69MB, paused 549us total 23.604ms
08-04 17:22:01.267 28588 29395 I art     : Starting a blocking GC Explicit
08-04 17:22:01.290 28588 29395 I art     : Explicit concurrent mark sweep GC freed 3(96B) AllocSpace objects, 0(0B) LOS objects, 23% free, 53MB/69MB, paused 463us total 23.153ms
08-04 17:22:01.627 28588 28599 I art     : Starting a blocking GC Explicit
08-04 17:22:01.634 24412 24412 I ServiceManager: Waiting for service AtCmdFwd...
08-04 17:22:01.657 28588 28599 I art     : Explicit concurrent mark sweep GC freed 1344(78KB) AllocSpace objects, 1(20KB) LOS objects, 23% free, 53MB/69MB, paused 534us total 29.816ms
08-04 17:22:01.669 28588 28599 I art     : Starting a blocking GC Explicit
08-04 17:22:01.693 28588 28599 I art     : Explicit concurrent mark sweep GC freed 20(704B) AllocSpace objects, 0(0B) LOS objects, 23% free, 53MB/69MB, paused 472us total 23.475ms
08-04 17:22:01.702 28588 28599 I art     : Starting a blocking GC Explicit
08-04 17:22:01.725 28588 28599 I art     : Explicit concurrent mark sweep GC freed 3(96B) AllocSpace objects, 0(0B) LOS objects, 23% free, 53MB/69MB, paused 483us total 23.054ms
08-04 17:22:01.735 28588 28599 I art     : Starting a blocking GC Explicit
08-04 17:22:01.759 28588 28599 I art     : Explicit concurrent mark sweep GC freed 3(96B) AllocSpace objects, 0(0B) LOS objects, 23% free, 53MB/69MB, paused 553us total 23.988ms
08-04 17:22:01.768 28588 28599 I art     : Starting a blocking GC Explicit
08-04 17:22:01.791 28588 28599 I art     : Explicit concurrent mark sweep GC freed 3(96B) AllocSpace objects, 0(0B) LOS objects, 23% free, 53MB/69MB, paused 473us total 23.340ms
08-04 17:22:02.129 28588 28676 I art     : Starting a blocking GC Explicit
08-04 17:22:02.164 28588 28676 I art     : Explicit concurrent mark sweep GC freed 1344(78KB) AllocSpace objects, 1(20KB) LOS objects, 23% free, 53MB/69MB, paused 547us total 34.762ms
08-04 17:22:02.177 28588 28676 I art     : Starting a blocking GC Explicit
08-04 17:22:02.203 28588 28676 I art     : Explicit concurrent mark sweep GC freed 20(704B) AllocSpace objects, 0(0B) LOS objects, 23% free, 53MB/69MB, paused 469us total 25.735ms
08-04 17:22:02.212 28588 28676 I art     : Starting a blocking GC Explicit
08-04 17:22:02.235 28588 28676 I art     : Explicit concurrent mark sweep GC freed 3(96B) AllocSpace objects, 0(0B) LOS objects, 23% free, 53MB/69MB, paused 445us total 22.603ms
08-04 17:22:02.244 28588 28676 I art     : Starting a blocking GC Explicit
08-04 17:22:02.267 28588 28676 I art     : Explicit concurrent mark sweep GC freed 3(96B) AllocSpace objects, 0(0B) LOS objects, 23% free, 53MB/69MB, paused 534us total 22.472ms
08-04 17:22:02.276 28588 28676 I art     : Starting a blocking GC Explicit
08-04 17:22:02.297 28588 28676 I art     : Explicit concurrent mark sweep GC freed 3(96B) AllocSpace objects, 0(0B) LOS objects, 23% free, 53MB/69MB, paused 492us total 21.035ms
08-04 17:22:02.587 28588 28601 I art     : Starting a blocking GC Explicit
08-04 17:22:02.608 12539 12623 W FirebaseInstanceId: Token retrieval failed: SERVICE_NOT_AVAILABLE. Will retry token retrieval
08-04 17:22:02.616 28588 28601 I art     : Explicit concurrent mark sweep GC freed 1344(78KB) AllocSpace objects, 1(20KB) LOS objects, 23% free, 53MB/69MB, paused 499us total 28.498ms
08-04 17:22:02.625 28588 28601 I art     : Starting a blocking GC Explicit
08-04 17:22:02.635 24412 24412 I ServiceManager: Waiting for service AtCmdFwd...
08-04 17:22:02.648 28588 28601 I art     : Explicit concurrent mark sweep GC freed 20(704B) AllocSpace objects, 0(0B) LOS objects, 23% free, 53MB/69MB, paused 842us total 23.146ms
08-04 17:22:02.657 28588 28601 I art     : Starting a blocking GC Explicit
08-04 17:22:02.662 31087 31087 D AndroidRuntime: >>>>>> START com.android.internal.os.RuntimeInit uid 2000 <<<<<<
08-04 17:22:02.667 31087 31087 D AndroidRuntime: CheckJNI is OFF
08-04 17:22:02.680 28588 28601 I art     : Explicit concurrent mark sweep GC freed 3(96B) AllocSpace objects, 0(0B) LOS objects, 23% free, 53MB/69MB, paused 481us total 22.487ms
08-04 17:22:02.689 28588 28601 I art     : Starting a blocking GC Explicit
08-04 17:22:02.704 31087 31087 D ICU     : No timezone override file found: /data/misc/zoneinfo/current/icu/icu_tzdata.dat
08-04 17:22:02.711 28588 28601 I art     : Explicit concurrent mark sweep GC freed 3(96B) AllocSpace objects, 0(0B) LOS objects, 23% free, 53MB/69MB, paused 449us total 22.110ms
08-04 17:22:02.720 28588 28601 I art     : Starting a blocking GC Explicit
08-04 17:22:02.738 31087 31087 I Radio-JNI: register_android_hardware_Radio DONE
08-04 17:22:02.741 28588 28601 I art     : Explicit concurrent mark sweep GC freed 3(96B) AllocSpace objects, 0(0B) LOS objects, 23% free, 53MB/69MB, paused 480us total 21.711ms
08-04 17:22:02.761 31087 31087 D AndroidRuntime: Calling main entry com.android.commands.input.Input
08-04 17:22:02.762 31087 31087 I Input   : injectKeyEvent: KeyEvent { action=ACTION_DOWN, keyCode=KEYCODE_BACK, scanCode=0, metaState=0, flags=0x0, repeatCount=0, eventTime=724939175, downTime=724939175, deviceId=-1, source=0x101 }
08-04 17:22:02.768 31087 31087 I Input   : injectKeyEvent: KeyEvent { action=ACTION_UP, keyCode=KEYCODE_BACK, scanCode=0, metaState=0, flags=0x0, repeatCount=0, eventTime=724939175, downTime=724939175, deviceId=-1, source=0x101 }
08-04 17:22:02.774 31087 31087 D AndroidRuntime: Shutting down VM
08-04 17:22:02.812 13866 13866 I GoogleInputMethodServic: GoogleInputMethodService.onFinishInput():3138 
08-04 17:22:02.813 13866 13866 I GoogleInputMethodServic: GoogleInputMethodService.onStartInput():1808 
08-04 17:22:02.998 28588 28599 I art     : Starting a blocking GC Explicit
08-04 17:22:03.027 28588 28599 I art     : Explicit concurrent mark sweep GC freed 1481(84KB) AllocSpace objects, 1(20KB) LOS objects, 23% free, 53MB/69MB, paused 553us total 28.757ms
08-04 17:22:03.038 28588 28599 I art     : Starting a blocking GC Explicit
08-04 17:22:03.067 28588 28599 I art     : Explicit concurrent mark sweep GC freed 26(944B) AllocSpace objects, 0(0B) LOS objects, 23% free, 53MB/69MB, paused 493us total 29.140ms
08-04 17:22:03.078 28588 28599 I art     : Starting a blocking GC Explicit
08-04 17:22:03.101 28588 28599 I art     : Explicit concurrent mark sweep GC freed 3(96B) AllocSpace objects, 0(0B) LOS objects, 23% free, 53MB/69MB, paused 468us total 22.742ms
08-04 17:22:03.103   380   380 W SurfaceFlinger: couldn't log to binary event log: overflow.
08-04 17:22:03.113 28588 28599 I art     : Starting a blocking GC Explicit
08-04 17:22:03.135 28588 28599 I art     : Explicit concurrent mark sweep GC freed 122(9KB) AllocSpace objects, 0(0B) LOS objects, 23% free, 53MB/69MB, paused 451us total 20.810ms
08-04 17:22:03.143 28588 28599 I art     : Starting a blocking GC Explicit
08-04 17:22:03.162 28588 28599 I art     : Explicit concurrent mark sweep GC freed 4681(268KB) AllocSpace objects, 2(140KB) LOS objects, 23% free, 52MB/68MB, paused 497us total 19.321ms
08-04 17:22:03.441 28588 28601 I art     : Starting a blocking GC Explicit
08-04 17:22:03.472 28588 28601 I art     : Explicit concurrent mark sweep GC freed 1344(78KB) AllocSpace objects, 1(20KB) LOS objects, 23% free, 52MB/68MB, paused 526us total 30.361ms
08-04 17:22:03.484 28588 28601 I art     : Starting a blocking GC Explicit
08-04 17:22:03.506 28588 28601 I art     : Explicit concurrent mark sweep GC freed 20(704B) AllocSpace objects, 0(0B) LOS objects, 23% free, 52MB/68MB, paused 452us total 22.129ms
08-04 17:22:03.515 28588 28601 I art     : Starting a blocking GC Explicit
08-04 17:22:03.537 28588 28601 I art     : Explicit concurrent mark sweep GC freed 3(96B) AllocSpace objects, 0(0B) LOS objects, 23% free, 52MB/68MB, paused 472us total 21.908ms
08-04 17:22:03.546 28588 28601 I art     : Starting a blocking GC Explicit
08-04 17:22:03.568 28588 28601 I art     : Explicit concurrent mark sweep GC freed 3(96B) AllocSpace objects, 0(0B) LOS objects, 23% free, 52MB/68MB, paused 484us total 21.833ms
08-04 17:22:03.577 28588 28601 I art     : Starting a blocking GC Explicit
08-04 17:22:03.599 28588 28601 I art     : Explicit concurrent mark sweep GC freed 3(96B) AllocSpace objects, 0(0B) LOS objects, 23% free, 52MB/68MB, paused 467us total 20.873ms
08-04 17:22:03.636 24412 24412 I ServiceManager: Waiting for service AtCmdFwd...
08-04 17:22:03.878 28588 29395 I art     : Starting a blocking GC Explicit
08-04 17:22:03.906 28588 29395 I art     : Explicit concurrent mark sweep GC freed 1343(78KB) AllocSpace objects, 1(20KB) LOS objects, 23% free, 52MB/68MB, paused 500us total 27.581ms
08-04 17:22:03.915 28588 29395 I art     : Starting a blocking GC Explicit
08-04 17:22:03.937 28588 29395 I art     : Explicit concurrent mark sweep GC freed 20(704B) AllocSpace objects, 0(0B) LOS objects, 23% free, 52MB/68MB, paused 554us total 22.182ms
08-04 17:22:03.946 28588 29395 I art     : Starting a blocking GC Explicit
08-04 17:22:03.968 28588 29395 I art     : Explicit concurrent mark sweep GC freed 3(96B) AllocSpace objects, 0(0B) LOS objects, 23% free, 52MB/68MB, paused 492us total 21.903ms
08-04 17:22:03.977 28588 29395 I art     : Starting a blocking GC Explicit
08-04 17:22:03.999 28588 29395 I art     : Explicit concurrent mark sweep GC freed 3(96B) AllocSpace objects, 0(0B) LOS objects, 23% free, 52MB/68MB, paused 423us total 21.554ms
08-04 17:22:04.008 28588 29395 I art     : Starting a blocking GC Explicit
08-04 17:22:04.029 28588 29395 I art     : Explicit concurrent mark sweep GC freed 3(96B) AllocSpace objects, 0(0B) LOS objects, 23% free, 52MB/68MB, paused 494us total 21.028ms
08-04 17:22:04.298 28588 28676 I art     : Starting a blocking GC Explicit
08-04 17:22:04.320 28588 28676 I art     : Explicit concurrent mark sweep GC freed 1343(78KB) AllocSpace objects, 1(20KB) LOS objects, 23% free, 52MB/68MB, paused 480us total 22.033ms
08-04 17:22:04.329 28588 28676 I art     : Starting a blocking GC Explicit
08-04 17:22:04.350 28588 28676 I art     : Explicit concurrent mark sweep GC freed 20(704B) AllocSpace objects, 0(0B) LOS objects, 23% free, 52MB/68MB, paused 482us total 20.777ms
08-04 17:22:04.358 28588 28676 I art     : Starting a blocking GC Explicit
08-04 17:22:04.380 28588 28676 I art     : Explicit concurrent mark sweep GC freed 3(96B) AllocSpace objects, 0(0B) LOS objects, 23% free, 52MB/68MB, paused 469us total 21.057ms
08-04 17:22:04.388 28588 28676 I art     : Starting a blocking GC Explicit
08-04 17:22:04.412 28588 28676 I art     : Explicit concurrent mark sweep GC freed 4(128B) AllocSpace objects, 0(0B) LOS objects, 23% free, 52MB/68MB, paused 468us total 23.407ms
08-04 17:22:04.420 28588 28676 I art     : Starting a blocking GC Explicit
08-04 17:22:04.424 31141 31141 D AndroidRuntime: >>>>>> START com.android.internal.os.RuntimeInit uid 2000 <<<<<<
08-04 17:22:04.430 31141 31141 D AndroidRuntime: CheckJNI is OFF
08-04 17:22:04.444 28588 28676 I art     : Explicit concurrent mark sweep GC freed 8(256B) AllocSpace objects, 0(0B) LOS objects, 23% free, 52MB/68MB, paused 573us total 23.287ms
08-04 17:22:04.467 31141 31141 D ICU     : No timezone override file found: /data/misc/zoneinfo/current/icu/icu_tzdata.dat
08-04 17:22:04.498 31141 31141 I Radio-JNI: register_android_hardware_Radio DONE
08-04 17:22:04.519 31141 31141 D AndroidRuntime: Calling main entry com.android.commands.input.Input
08-04 17:22:04.521 31141 31141 I Input   : injectKeyEvent: KeyEvent { action=ACTION_DOWN, keyCode=KEYCODE_BACK, scanCode=0, metaState=0, flags=0x0, repeatCount=0, eventTime=724940934, downTime=724940934, deviceId=-1, source=0x101 }
08-04 17:22:04.527 31141 31141 I Input   : injectKeyEvent: KeyEvent { action=ACTION_UP, keyCode=KEYCODE_BACK, scanCode=0, metaState=0, flags=0x0, repeatCount=0, eventTime=724940934, downTime=724940934, deviceId=-1, source=0x101 }
08-04 17:22:04.534 31141 31141 D AndroidRuntime: Shutting down VM
08-04 17:22:04.625 13866 13866 I GoogleInputMethodServic: GoogleInputMethodService.onFinishInput():3138 
08-04 17:22:04.627 13866 13866 I GoogleInputMethodServic: GoogleInputMethodService.onStartInput():1808 
08-04 17:22:04.636 24412 24412 I ServiceManager: Waiting for service AtCmdFwd...
08-04 17:22:04.655   918  3188 I hubconnection: sensorhub said: 'set_bias 3: -5.7600, 0.0000, 0.0000'
08-04 17:22:04.701 28588 29395 I art     : Starting a blocking GC Explicit
08-04 17:22:04.721 28588 29395 I art     : Explicit concurrent mark sweep GC freed 1555(87KB) AllocSpace objects, 1(20KB) LOS objects, 23% free, 52MB/68MB, paused 449us total 19.991ms
08-04 17:22:04.730 28588 29395 I art     : Starting a blocking GC Explicit
08-04 17:22:04.753 28588 29395 I art     : Explicit concurrent mark sweep GC freed 24(864B) AllocSpace objects, 0(0B) LOS objects, 23% free, 52MB/68MB, paused 530us total 22.838ms
08-04 17:22:04.763 28588 29395 I art     : Starting a blocking GC Explicit
08-04 17:22:04.788 28588 29395 I art     : Explicit concurrent mark sweep GC freed 3(96B) AllocSpace objects, 0(0B) LOS objects, 23% free, 52MB/68MB, paused 506us total 23.990ms
08-04 17:22:04.800 28588 29395 I art     : Starting a blocking GC Explicit
08-04 17:22:04.824 28588 29395 I art     : Explicit concurrent mark sweep GC freed 3(96B) AllocSpace objects, 0(0B) LOS objects, 23% free, 52MB/68MB, paused 465us total 24.014ms
08-04 17:22:04.837 28588 29395 I art     : Starting a blocking GC Explicit
08-04 17:22:04.864 28588 29395 I art     : Explicit concurrent mark sweep GC freed 3(96B) AllocSpace objects, 0(0B) LOS objects, 23% free, 52MB/68MB, paused 523us total 26.259ms
08-04 17:22:04.905   380   380 W SurfaceFlinger: couldn't log to binary event log: overflow.
08-04 17:22:05.154 28588 29395 I art     : Starting a blocking GC Explicit
08-04 17:22:05.182 28588 29395 I art     : Explicit concurrent mark sweep GC freed 1461(87KB) AllocSpace objects, 1(20KB) LOS objects, 23% free, 52MB/68MB, paused 529us total 27.327ms
08-04 17:22:05.194 28588 29395 I art     : Starting a blocking GC Explicit
08-04 17:22:05.216 28588 29395 I art     : Explicit concurrent mark sweep GC freed 2096(122KB) AllocSpace objects, 3(340KB) LOS objects, 23% free, 52MB/68MB, paused 455us total 21.517ms
08-04 17:22:05.225 28588 29395 I art     : Starting a blocking GC Explicit
08-04 17:22:05.245 28588 29395 I art     : Explicit concurrent mark sweep GC freed 3(96B) AllocSpace objects, 0(0B) LOS objects, 23% free, 52MB/68MB, paused 475us total 20.408ms
08-04 17:22:05.254 28588 29395 I art     : Starting a blocking GC Explicit
08-04 17:22:05.275 28588 29395 I art     : Explicit concurrent mark sweep GC freed 3(96B) AllocSpace objects, 0(0B) LOS objects, 23% free, 52MB/68MB, paused 459us total 20.644ms
08-04 17:22:05.284 28588 29395 I art     : Starting a blocking GC Explicit
08-04 17:22:05.305 28588 29395 I art     : Explicit concurrent mark sweep GC freed 3(96B) AllocSpace objects, 0(0B) LOS objects, 23% free, 52MB/68MB, paused 469us total 21.082ms
08-04 17:22:05.339   918  3261 D WifiStateMachine: starting scan for "H369AA63323"WPA_PSK with 2412,5180
08-04 17:22:05.597 28588 28676 I art     : Starting a blocking GC Explicit
08-04 17:22:05.624 28588 28676 I art     : Explicit concurrent mark sweep GC freed 1343(78KB) AllocSpace objects, 1(20KB) LOS objects, 23% free, 52MB/68MB, paused 539us total 26.213ms
08-04 17:22:05.636 28588 28676 I art     : Starting a blocking GC Explicit
08-04 17:22:05.636 24412 24412 W Atfwd_Sendcmd: AtCmdFwd service not published, waiting... retryCnt : 5
08-04 17:22:05.661 28588 28676 I art     : Explicit concurrent mark sweep GC freed 20(704B) AllocSpace objects, 0(0B) LOS objects, 23% free, 52MB/68MB, paused 462us total 25.127ms
08-04 17:22:05.671 28588 28676 I art     : Starting a blocking GC Explicit
08-04 17:22:05.692 28588 28676 I art     : Explicit concurrent mark sweep GC freed 3(96B) AllocSpace objects, 0(0B) LOS objects, 23% free, 52MB/68MB, paused 463us total 20.996ms
08-04 17:22:05.701 28588 28676 I art     : Starting a blocking GC Explicit
08-04 17:22:05.721 28588 28676 I art     : Explicit concurrent mark sweep GC freed 3(96B) AllocSpace objects, 0(0B) LOS objects, 23% free, 52MB/68MB, paused 535us total 19.994ms
08-04 17:22:05.730 28588 28676 I art     : Starting a blocking GC Explicit
08-04 17:22:05.750 28588 28676 I art     : Explicit concurrent mark sweep GC freed 3(96B) AllocSpace objects, 0(0B) LOS objects, 23% free, 52MB/68MB, paused 474us total 20.181ms
08-04 17:22:06.026 28588 28601 I art     : Starting a blocking GC Explicit
08-04 17:22:06.047 28588 28601 I art     : Explicit concurrent mark sweep GC freed 1341(78KB) AllocSpace objects, 1(20KB) LOS objects, 23% free, 52MB/68MB, paused 613us total 21.133ms
08-04 17:22:06.056 28588 28601 I art     : Starting a blocking GC Explicit
08-04 17:22:06.076 28588 28601 I art     : Explicit concurrent mark sweep GC freed 24(832B) AllocSpace objects, 0(0B) LOS objects, 23% free, 52MB/68MB, paused 452us total 20.251ms
08-04 17:22:06.085 28588 28601 I art     : Starting a blocking GC Explicit
08-04 17:22:06.106 28588 28601 I art     : Explicit concurrent mark sweep GC freed 12(576B) AllocSpace objects, 0(0B) LOS objects, 23% free, 52MB/68MB, paused 467us total 20.315ms
08-04 17:22:06.114 28588 28601 I art     : Starting a blocking GC Explicit
08-04 17:22:06.135 28588 28601 I art     : Explicit concurrent mark sweep GC freed 17(528B) AllocSpace objects, 0(0B) LOS objects, 23% free, 52MB/68MB, paused 479us total 20.448ms
08-04 17:22:06.144 28588 28601 I art     : Starting a blocking GC Explicit
08-04 17:22:06.163 28588 28601 I art     : Explicit concurrent mark sweep GC freed 3(96B) AllocSpace objects, 0(0B) LOS objects, 23% free, 52MB/68MB, paused 447us total 19.189ms
08-04 17:22:06.196 31196 31196 D AndroidRuntime: >>>>>> START com.android.internal.os.RuntimeInit uid 2000 <<<<<<
08-04 17:22:06.201 31196 31196 D AndroidRuntime: CheckJNI is OFF
08-04 17:22:06.235 31196 31196 D ICU     : No timezone override file found: /data/misc/zoneinfo/current/icu/icu_tzdata.dat
08-04 17:22:06.271 31196 31196 I Radio-JNI: register_android_hardware_Radio DONE
08-04 17:22:06.294 31196 31196 D AndroidRuntime: Calling main entry com.android.commands.input.Input
08-04 17:22:06.296 31196 31196 I Input   : injectMotionEvent: MotionEvent { action=ACTION_DOWN, actionButton=0, id[0]=0, x[0]=1053.0, y[0]=1173.0, toolType[0]=TOOL_TYPE_UNKNOWN, buttonState=0, metaState=0, flags=0x0, edgeFlags=0x0, pointerCount=1, historySize=0, eventTime=724942709, downTime=724942709, deviceId=0, source=0x1002 }
08-04 17:22:06.302 31196 31196 I Input   : injectMotionEvent: MotionEvent { action=ACTION_UP, actionButton=0, id[0]=0, x[0]=1053.0, y[0]=1173.0, toolType[0]=TOOL_TYPE_UNKNOWN, buttonState=0, metaState=0, flags=0x0, edgeFlags=0x0, pointerCount=1, historySize=0, eventTime=724942709, downTime=724942709, deviceId=0, source=0x1002 }
08-04 17:22:06.304   918  3961 I ActivityManager: START u0 {cmp=baseline.appteam.nith.hillffair/.activities.QuizActivity} from uid 10651 on display 0
08-04 17:22:06.313 31196 31196 D AndroidRuntime: Shutting down VM
08-04 17:22:06.414 13866 13866 I GoogleInputMethodServic: GoogleInputMethodService.onFinishInput():3138 
08-04 17:22:06.415 13866 13866 I GoogleInputMethodServic: GoogleInputMethodService.onStartInput():1808 
08-04 17:22:06.416   918   936 I ActivityManager: Displayed baseline.appteam.nith.hillffair/.activities.QuizActivity: +102ms
08-04 17:22:06.421 28588 28601 I art     : Starting a blocking GC Explicit
08-04 17:22:06.442 28588 28601 I art     : Explicit concurrent mark sweep GC freed 2128(132KB) AllocSpace objects, 1(20KB) LOS objects, 23% free, 52MB/68MB, paused 433us total 21.326ms
08-04 17:22:06.451 28588 28601 I art     : Starting a blocking GC Explicit
08-04 17:22:06.470 28588 28601 I art     : Explicit concurrent mark sweep GC freed 187(8KB) AllocSpace objects, 0(0B) LOS objects, 23% free, 52MB/68MB, paused 460us total 18.896ms
08-04 17:22:06.478 28588 28601 I art     : Starting a blocking GC Explicit
08-04 17:22:06.497 28588 28601 I art     : Explicit concurrent mark sweep GC freed 18(768B) AllocSpace objects, 0(0B) LOS objects, 23% free, 52MB/68MB, paused 424us total 18.802ms
08-04 17:22:06.505 28588 28601 I art     : Starting a blocking GC Explicit
08-04 17:22:06.524 28588 28601 I art     : Explicit concurrent mark sweep GC freed 15(576B) AllocSpace objects, 0(0B) LOS objects, 23% free, 52MB/68MB, paused 523us total 19.085ms
08-04 17:22:06.534 28588 28601 I art     : Starting a blocking GC Explicit
08-04 17:22:06.557 28588 28601 I art     : Explicit concurrent mark sweep GC freed 3(96B) AllocSpace objects, 0(0B) LOS objects, 23% free, 52MB/68MB, paused 436us total 22.082ms
08-04 17:22:06.674   380   380 W SurfaceFlinger: couldn't log to binary event log: overflow.
08-04 17:22:06.818 28588 29395 I art     : Starting a blocking GC Explicit
08-04 17:22:06.836 28588 29395 I art     : Explicit concurrent mark sweep GC freed 1413(82KB) AllocSpace objects, 1(20KB) LOS objects, 23% free, 52MB/68MB, paused 431us total 17.828ms
08-04 17:22:06.843 28588 29395 I art     : Starting a blocking GC Explicit
08-04 17:22:06.863 28588 29395 I art     : Explicit concurrent mark sweep GC freed 20(704B) AllocSpace objects, 0(0B) LOS objects, 23% free, 52MB/68MB, paused 438us total 19.272ms
08-04 17:22:06.871 28588 29395 I art     : Starting a blocking GC Explicit
08-04 17:22:06.890 28588 29395 I art     : Explicit concurrent mark sweep GC freed 3(96B) AllocSpace objects, 0(0B) LOS objects, 23% free, 52MB/68MB, paused 425us total 19.166ms
08-04 17:22:06.898 28588 29395 I art     : Starting a blocking GC Explicit
08-04 17:22:06.917 28588 29395 I art     : Explicit concurrent mark sweep GC freed 3(96B) AllocSpace objects, 0(0B) LOS objects, 23% free, 52MB/68MB, paused 465us total 18.599ms
08-04 17:22:06.924 28588 29395 I art     : Starting a blocking GC Explicit
08-04 17:22:06.943 28588 29395 I art     : Explicit concurrent mark sweep GC freed 3(96B) AllocSpace objects, 0(0B) LOS objects, 23% free, 52MB/68MB, paused 425us total 18.655ms
08-04 17:22:07.218 28588 28599 I art     : Starting a blocking GC Explicit
08-04 17:22:07.240 28588 28599 I art     : Explicit concurrent mark sweep GC freed 1343(78KB) AllocSpace objects, 1(20KB) LOS objects, 23% free, 52MB/68MB, paused 464us total 21.295ms
08-04 17:22:07.249 28588 28599 I art     : Starting a blocking GC Explicit
08-04 17:22:07.270 28588 28599 I art     : Explicit concurrent mark sweep GC freed 20(704B) AllocSpace objects, 0(0B) LOS objects, 23% free, 52MB/68MB, paused 470us total 20.888ms
08-04 17:22:07.278 28588 28599 I art     : Starting a blocking GC Explicit
08-04 17:22:07.300 28588 28599 I art     : Explicit concurrent mark sweep GC freed 3(96B) AllocSpace objects, 0(0B) LOS objects, 23% free, 52MB/68MB, paused 455us total 21.439ms
08-04 17:22:07.309 28588 28599 I art     : Starting a blocking GC Explicit
08-04 17:22:07.330 28588 28599 I art     : Explicit concurrent mark sweep GC freed 3(96B) AllocSpace objects, 0(0B) LOS objects, 23% free, 52MB/68MB, paused 469us total 20.837ms
08-04 17:22:07.339 28588 28599 I art     : Starting a blocking GC Explicit
08-04 17:22:07.360 28588 28599 I art     : Explicit concurrent mark sweep GC freed 3(96B) AllocSpace objects, 0(0B) LOS objects, 23% free, 52MB/68MB, paused 519us total 20.976ms
08-04 17:22:07.654 28588 28676 I art     : Starting a blocking GC Explicit
08-04 17:22:07.677 28588 28676 I art     : Explicit concurrent mark sweep GC freed 1343(78KB) AllocSpace objects, 1(20KB) LOS objects, 23% free, 52MB/68MB, paused 467us total 22.657ms
08-04 17:22:07.690 28588 28676 I art     : Starting a blocking GC Explicit
08-04 17:22:07.711 28588 28676 I art     : Explicit concurrent mark sweep GC freed 20(704B) AllocSpace objects, 0(0B) LOS objects, 23% free, 52MB/68MB, paused 464us total 21.566ms
08-04 17:22:07.720 28588 28676 I art     : Starting a blocking GC Explicit
08-04 17:22:07.741 28588 28676 I art     : Explicit concurrent mark sweep GC freed 3(96B) AllocSpace objects, 0(0B) LOS objects, 23% free, 52MB/68MB, paused 460us total 21.016ms
08-04 17:22:07.750 28588 28676 I art     : Starting a blocking GC Explicit
08-04 17:22:07.772 28588 28676 I art     : Explicit concurrent mark sweep GC freed 3(96B) AllocSpace objects, 0(0B) LOS objects, 23% free, 52MB/68MB, paused 447us total 21.349ms
08-04 17:22:07.780 28588 28676 I art     : Starting a blocking GC Explicit
08-04 17:22:07.802 28588 28676 I art     : Explicit concurrent mark sweep GC freed 3(96B) AllocSpace objects, 0(0B) LOS objects, 23% free, 52MB/68MB, paused 440us total 21.235ms
08-04 17:22:08.116 28588 29395 I art     : Starting a blocking GC Explicit
08-04 17:22:08.141 28588 29395 I art     : Explicit concurrent mark sweep GC freed 1365(79KB) AllocSpace objects, 1(20KB) LOS objects, 23% free, 52MB/68MB, paused 454us total 24.586ms
08-04 17:22:08.150 28588 29395 I art     : Starting a blocking GC Explicit
08-04 17:22:08.174 28588 29395 I art     : Explicit concurrent mark sweep GC freed 24(832B) AllocSpace objects, 0(0B) LOS objects, 23% free, 52MB/68MB, paused 466us total 23.911ms
08-04 17:22:08.184 28588 29395 I art     : Starting a blocking GC Explicit
08-04 17:22:08.205 28588 29395 I art     : Explicit concurrent mark sweep GC freed 7(224B) AllocSpace objects, 0(0B) LOS objects, 23% free, 52MB/68MB, paused 443us total 20.755ms
08-04 17:22:08.214 28588 29395 I art     : Starting a blocking GC Explicit
08-04 17:22:08.235 28588 29395 I art     : Explicit concurrent mark sweep GC freed 3(96B) AllocSpace objects, 0(0B) LOS objects, 23% free, 52MB/68MB, paused 498us total 21.146ms
08-04 17:22:08.244 28588 29395 I art     : Starting a blocking GC Explicit
08-04 17:22:08.264 28588 29395 I art     : Explicit concurrent mark sweep GC freed 3(96B) AllocSpace objects, 0(0B) LOS objects, 23% free, 52MB/68MB, paused 411us total 20.159ms
08-04 17:22:08.587 28588 28601 I art     : Starting a blocking GC Explicit
08-04 17:22:08.609 28588 28601 I art     : Explicit concurrent mark sweep GC freed 1343(78KB) AllocSpace objects, 1(20KB) LOS objects, 23% free, 52MB/68MB, paused 485us total 21.810ms
08-04 17:22:08.618 28588 28601 I art     : Starting a blocking GC Explicit
08-04 17:22:08.640 28588 28601 I art     : Explicit concurrent mark sweep GC freed 20(704B) AllocSpace objects, 0(0B) LOS objects, 23% free, 52MB/68MB, paused 474us total 21.331ms
08-04 17:22:08.648 28588 28601 I art     : Starting a blocking GC Explicit
08-04 17:22:08.669 28588 28601 I art     : Explicit concurrent mark sweep GC freed 3(96B) AllocSpace objects, 0(0B) LOS objects, 23% free, 52MB/68MB, paused 447us total 20.020ms
08-04 17:22:08.677 28588 28601 I art     : Starting a blocking GC Explicit
08-04 17:22:08.697 28588 28601 I art     : Explicit concurrent mark sweep GC freed 3(96B) AllocSpace objects, 0(0B) LOS objects, 23% free, 52MB/68MB, paused 455us total 19.853ms
08-04 17:22:08.706 28588 28601 I art     : Starting a blocking GC Explicit
08-04 17:22:08.727 28588 28601 I art     : Explicit concurrent mark sweep GC freed 3(96B) AllocSpace objects, 0(0B) LOS objects, 23% free, 52MB/68MB, paused 498us total 20.907ms
08-04 17:22:08.956 31280 31280 D AndroidRuntime: >>>>>> START com.android.internal.os.RuntimeInit uid 2000 <<<<<<
08-04 17:22:08.961 31280 31280 D AndroidRuntime: CheckJNI is OFF
08-04 17:22:08.993 31280 31280 D ICU     : No timezone override file found: /data/misc/zoneinfo/current/icu/icu_tzdata.dat
08-04 17:22:09.025 28588 28599 I art     : Starting a blocking GC Explicit
08-04 17:22:09.027 31280 31280 I Radio-JNI: register_android_hardware_Radio DONE
08-04 17:22:09.047 28588 28599 I art     : Explicit concurrent mark sweep GC freed 1343(78KB) AllocSpace objects, 1(20KB) LOS objects, 23% free, 52MB/68MB, paused 481us total 21.572ms
08-04 17:22:09.050 31280 31280 D AndroidRuntime: Calling main entry com.android.commands.input.Input
08-04 17:22:09.052 31280 31280 I Input   : injectMotionEvent: MotionEvent { action=ACTION_DOWN, actionButton=0, id[0]=0, x[0]=756.0, y[0]=1530.0, toolType[0]=TOOL_TYPE_UNKNOWN, buttonState=0, metaState=0, flags=0x0, edgeFlags=0x0, pointerCount=1, historySize=0, eventTime=724945464, downTime=724945464, deviceId=0, source=0x1002 }
08-04 17:22:09.055 28588 28599 I art     : Starting a blocking GC Explicit
08-04 17:22:09.056 31280 31280 I Input   : injectMotionEvent: MotionEvent { action=ACTION_UP, actionButton=0, id[0]=0, x[0]=756.0, y[0]=1530.0, toolType[0]=TOOL_TYPE_UNKNOWN, buttonState=0, metaState=0, flags=0x0, edgeFlags=0x0, pointerCount=1, historySize=0, eventTime=724945464, downTime=724945464, deviceId=0, source=0x1002 }
08-04 17:22:09.058 31280 31280 D AndroidRuntime: Shutting down VM
08-04 17:22:09.066   918  6029 I ActivityManager: START u0 {cmp=baseline.appteam.nith.hillffair/.activities.LeaderBoardActivity} from uid 10651 on display 0
08-04 17:22:09.068   512  2967 D audio_hw_primary: out_set_parameters: enter: usecase(1: low-latency-playback) kvpairs: routing=2
08-04 17:22:09.076 28588 28599 I art     : Explicit concurrent mark sweep GC freed 69(2432B) AllocSpace objects, 0(0B) LOS objects, 23% free, 52MB/68MB, paused 539us total 20.920ms
08-04 17:22:09.081   512  2967 D audio_hw_primary: select_devices: out_snd_device(2: speaker) in_snd_device(0: none)
08-04 17:22:09.081   512  2967 D msm8974_platform: platform_send_audio_calibration: sending audio calibration for snd_device(2) acdb_id(15)
08-04 17:22:09.081   512  2967 I soundtrigger: audio_extn_sound_trigger_update_device_status: device 0x2 of type 0 for Event 1
08-04 17:22:09.084 28588 28599 I art     : Starting a blocking GC Explicit
08-04 17:22:09.092   512  2967 D audio_hw_primary: enable_snd_device: snd_device(2: speaker)
08-04 17:22:09.094   512  2967 D audio_hw_primary: enable_audio_route: apply and update mixer path: low-latency-playback speaker
08-04 17:22:09.107 28588 28599 I art     : Explicit concurrent mark sweep GC freed 1378(74KB) AllocSpace objects, 0(0B) LOS objects, 23% free, 52MB/68MB, paused 895us total 22.462ms
08-04 17:22:09.115 28588 28599 I art     : Starting a blocking GC Explicit
08-04 17:22:09.135 28588 28599 I art     : Explicit concurrent mark sweep GC freed 3800(239KB) AllocSpace objects, 0(0B) LOS objects, 23% free, 52MB/68MB, paused 575us total 20.123ms
08-04 17:22:09.143 28588 28599 I art     : Starting a blocking GC Explicit
08-04 17:22:09.150 28588 28588 E RecyclerView: No adapter attached; skipping layout
08-04 17:22:09.154 28588 28588 E RecyclerView: No adapter attached; skipping layout
08-04 17:22:09.163 28588 28599 I art     : Explicit concurrent mark sweep GC freed 203(12KB) AllocSpace objects, 0(0B) LOS objects, 23% free, 53MB/69MB, paused 643us total 19.887ms
08-04 17:22:09.169   918   936 I ActivityManager: Displayed baseline.appteam.nith.hillffair/.activities.LeaderBoardActivity: +93ms
08-04 17:22:09.170 13866 13866 I GoogleInputMethodServic: GoogleInputMethodService.onFinishInput():3138 
08-04 17:22:09.170 28588 28588 E RecyclerView: No adapter attached; skipping layout
08-04 17:22:09.171 13866 13866 I GoogleInputMethodServic: GoogleInputMethodService.onStartInput():1808 
08-04 17:22:09.196 28588 28612 D OpenGLRenderer: endAllStagingAnimators on 0x7f7ed5e400 (RippleDrawable) with handle 0x7f7f428800
08-04 17:22:09.428   380   380 W SurfaceFlinger: couldn't log to binary event log: overflow.
08-04 17:22:09.432 28588 28599 I art     : Starting a blocking GC Explicit
08-04 17:22:09.454 28588 28599 I art     : Explicit concurrent mark sweep GC freed 1499(87KB) AllocSpace objects, 1(20KB) LOS objects, 23% free, 52MB/68MB, paused 481us total 21.423ms
08-04 17:22:09.462 28588 28599 I art     : Starting a blocking GC Explicit
08-04 17:22:09.482 28588 28599 I art     : Explicit concurrent mark sweep GC freed 38(1296B) AllocSpace objects, 0(0B) LOS objects, 23% free, 52MB/68MB, paused 456us total 19.279ms
08-04 17:22:09.490 28588 28599 I art     : Starting a blocking GC Explicit
08-04 17:22:09.510 28588 28599 I art     : Explicit concurrent mark sweep GC freed 5(160B) AllocSpace objects, 0(0B) LOS objects, 23% free, 52MB/68MB, paused 494us total 19.241ms
08-04 17:22:09.518 28588 28599 I art     : Starting a blocking GC Explicit
08-04 17:22:09.537 28588 28599 I art     : Explicit concurrent mark sweep GC freed 4(128B) AllocSpace objects, 0(0B) LOS objects, 23% free, 52MB/68MB, paused 579us total 19.093ms
08-04 17:22:09.546 28588 28599 I art     : Starting a blocking GC Explicit
08-04 17:22:09.568 28588 28599 I art     : Explicit concurrent mark sweep GC freed 72(4KB) AllocSpace objects, 0(0B) LOS objects, 23% free, 53MB/69MB, paused 653us total 21.795ms
08-04 17:22:09.638   512  2967 D audio_hw_primary: disable_audio_route: reset and update mixer path: low-latency-playback speaker
08-04 17:22:09.639   512  2967 D audio_hw_primary: disable_snd_device: snd_device(2: speaker)
08-04 17:22:09.648   512  2967 I soundtrigger: audio_extn_sound_trigger_update_device_status: device 0x2 of type 0 for Event 0
08-04 17:22:09.863 28588 28601 I art     : Starting a blocking GC Explicit
08-04 17:22:09.886 28588 28601 I art     : Explicit concurrent mark sweep GC freed 1481(84KB) AllocSpace objects, 1(20KB) LOS objects, 23% free, 52MB/68MB, paused 523us total 22.805ms
08-04 17:22:09.895 28588 28601 I art     : Starting a blocking GC Explicit
08-04 17:22:09.917 28588 28601 I art     : Explicit concurrent mark sweep GC freed 72(2432B) AllocSpace objects, 0(0B) LOS objects, 23% free, 52MB/68MB, paused 602us total 21.220ms
08-04 17:22:09.925 28588 28601 I art     : Starting a blocking GC Explicit
08-04 17:22:09.948 28588 28601 I art     : Explicit concurrent mark sweep GC freed 669(55KB) AllocSpace objects, 2(120KB) LOS objects, 23% free, 53MB/69MB, paused 736us total 22.032ms
08-04 17:22:09.956 28588 28601 I art     : Starting a blocking GC Explicit
08-04 17:22:09.978 28588 31303 D OkHttp  : --> GET https://api-hillfair-2k16.herokuapp.com/api/app/quiz/leaderboard?from=1 http/1.1
08-04 17:22:09.979 28588 28601 I art     : Explicit concurrent mark sweep GC freed 2018(79KB) AllocSpace objects, 0(0B) LOS objects, 23% free, 53MB/69MB, paused 519us total 22.236ms
08-04 17:22:09.987 28588 28601 I art     : Starting a blocking GC Explicit
08-04 17:22:10.008 28588 31303 D OkHttp  : <-- 200 OK https://api-hillfair-2k16.herokuapp.com/api/app/quiz/leaderboard?from=1 (29ms, 56744-byte body)
08-04 17:22:10.009 28588 28601 I art     : Explicit concurrent mark sweep GC freed 884(113KB) AllocSpace objects, 1(80KB) LOS objects, 23% free, 53MB/69MB, paused 541us total 21.515ms
08-04 17:22:10.079 28588 28588 I NAPPA_EXPERIMENTATION: MetricNetworkRequestExecutionTime: REQUEST_DURATION_SYSTEM='969',REQUEST_DURATION_OKHTTP='29',REQUEST_SYNCHRONOUS='FALSE',RESPONSE_CODE='200',RESPONSE_METHOD='GET',RESPONSE_LENGTH_OKHTTP='56744',RESPONSE_LENGTH_HEADER='56744',REQUEST_PROTOCOL='http/1.1',REQUEST_URL='https://api-hillfair-2k16.herokuapp.com/api/app/quiz/leaderboard?from=1',
08-04 17:22:10.296 28588 28599 I art     : Starting a blocking GC Explicit
08-04 17:22:10.333 28588 28599 I art     : Explicit concurrent mark sweep GC freed 27681(1313KB) AllocSpace objects, 1(20KB) LOS objects, 23% free, 53MB/69MB, paused 857us total 37.155ms
08-04 17:22:10.342 28588 28599 I art     : Starting a blocking GC Explicit
08-04 17:22:10.367 28588 28599 I art     : Explicit concurrent mark sweep GC freed 123(4KB) AllocSpace objects, 0(0B) LOS objects, 23% free, 53MB/69MB, paused 611us total 24.589ms
08-04 17:22:10.376 28588 28599 I art     : Starting a blocking GC Explicit
08-04 17:22:10.399 28588 28599 I art     : Explicit concurrent mark sweep GC freed 3(96B) AllocSpace objects, 0(0B) LOS objects, 23% free, 53MB/69MB, paused 473us total 23.054ms
08-04 17:22:10.408 28588 28599 I art     : Starting a blocking GC Explicit
08-04 17:22:10.432 28588 28599 I art     : Explicit concurrent mark sweep GC freed 3(96B) AllocSpace objects, 0(0B) LOS objects, 23% free, 53MB/69MB, paused 562us total 23.627ms
08-04 17:22:10.441 28588 28599 I art     : Starting a blocking GC Explicit
08-04 17:22:10.465 28588 28599 I art     : Explicit concurrent mark sweep GC freed 3(96B) AllocSpace objects, 0(0B) LOS objects, 23% free, 53MB/69MB, paused 481us total 23.599ms
08-04 17:22:10.759 28588 28676 I art     : Starting a blocking GC Explicit
08-04 17:22:10.789 28588 28676 I art     : Explicit concurrent mark sweep GC freed 1344(78KB) AllocSpace objects, 1(20KB) LOS objects, 23% free, 53MB/69MB, paused 559us total 29.784ms
08-04 17:22:10.802 28588 28676 I art     : Starting a blocking GC Explicit
08-04 17:22:10.829 28588 28676 I art     : Explicit concurrent mark sweep GC freed 20(704B) AllocSpace objects, 0(0B) LOS objects, 23% free, 53MB/69MB, paused 483us total 26.655ms
08-04 17:22:10.838 28588 28676 I art     : Starting a blocking GC Explicit
08-04 17:22:10.863 28588 28676 I art     : Explicit concurrent mark sweep GC freed 3(96B) AllocSpace objects, 0(0B) LOS objects, 23% free, 53MB/69MB, paused 489us total 24.309ms
08-04 17:22:10.872 28588 28676 I art     : Starting a blocking GC Explicit
08-04 17:22:10.896 28588 28676 I art     : Explicit concurrent mark sweep GC freed 3(96B) AllocSpace objects, 0(0B) LOS objects, 23% free, 53MB/69MB, paused 514us total 23.720ms
08-04 17:22:10.905 28588 28676 I art     : Starting a blocking GC Explicit
08-04 17:22:10.929 28588 28676 I art     : Explicit concurrent mark sweep GC freed 3(96B) AllocSpace objects, 0(0B) LOS objects, 23% free, 53MB/69MB, paused 484us total 23.354ms
08-04 17:22:11.267 28588 29395 I art     : Starting a blocking GC Explicit
08-04 17:22:11.298 28588 29395 I art     : Explicit concurrent mark sweep GC freed 1344(78KB) AllocSpace objects, 1(20KB) LOS objects, 23% free, 53MB/69MB, paused 621us total 29.964ms
08-04 17:22:11.309 28588 29395 I art     : Starting a blocking GC Explicit
08-04 17:22:11.333 28588 29395 I art     : Explicit concurrent mark sweep GC freed 20(704B) AllocSpace objects, 0(0B) LOS objects, 23% free, 53MB/69MB, paused 508us total 23.912ms
08-04 17:22:11.342 28588 29395 I art     : Starting a blocking GC Explicit
08-04 17:22:11.366 28588 29395 I art     : Explicit concurrent mark sweep GC freed 3(96B) AllocSpace objects, 0(0B) LOS objects, 23% free, 53MB/69MB, paused 488us total 23.399ms
08-04 17:22:11.375 28588 29395 I art     : Starting a blocking GC Explicit
08-04 17:22:11.399 28588 29395 I art     : Explicit concurrent mark sweep GC freed 3(96B) AllocSpace objects, 0(0B) LOS objects, 23% free, 53MB/69MB, paused 488us total 23.631ms
08-04 17:22:11.408 28588 29395 I art     : Starting a blocking GC Explicit
08-04 17:22:11.431 28588 29395 I art     : Explicit concurrent mark sweep GC freed 3(96B) AllocSpace objects, 0(0B) LOS objects, 23% free, 53MB/69MB, paused 490us total 23.325ms
08-04 17:22:11.755 28588 28601 I art     : Starting a blocking GC Explicit
08-04 17:22:11.785 28588 28601 I art     : Explicit concurrent mark sweep GC freed 1552(91KB) AllocSpace objects, 1(20KB) LOS objects, 23% free, 53MB/69MB, paused 610us total 30.141ms
08-04 17:22:11.798 28588 28601 I art     : Starting a blocking GC Explicit
08-04 17:22:11.822 28588 28601 I art     : Explicit concurrent mark sweep GC freed 106(5KB) AllocSpace objects, 0(0B) LOS objects, 23% free, 53MB/69MB, paused 586us total 23.731ms
08-04 17:22:11.831 28588 28601 I art     : Starting a blocking GC Explicit
08-04 17:22:11.855 28588 28601 I art     : Explicit concurrent mark sweep GC freed 26(832B) AllocSpace objects, 0(0B) LOS objects, 23% free, 53MB/69MB, paused 562us total 23.895ms
08-04 17:22:11.864 28588 28601 I art     : Starting a blocking GC Explicit
08-04 17:22:11.888 28588 28601 I art     : Explicit concurrent mark sweep GC freed 1805(71KB) AllocSpace objects, 0(0B) LOS objects, 23% free, 53MB/69MB, paused 536us total 23.808ms
08-04 17:22:11.898 28588 28601 I art     : Starting a blocking GC Explicit
08-04 17:22:11.920 28588 31366 W OneSignal: OneSignalRestClient: POST Error thrown from network stack. 
08-04 17:22:11.920 28588 31366 W OneSignal: java.io.IOException: unexpected end of stream on Connection{api.onesignal.com:443, proxy=HTTP@192.168.2.12:8080 hostAddress=192.168.2.12 cipherSuite=TLS_ECDHE_RSA_WITH_AES_128_GCM_SHA256 protocol=http/1.1} (recycle count=0)
08-04 17:22:11.920 28588 31366 W OneSignal: 	at com.android.okhttp.internal.http.HttpConnection.readResponse(HttpConnection.java:210)
08-04 17:22:11.920 28588 31366 W OneSignal: 	at com.android.okhttp.internal.http.HttpTransport.readResponseHeaders(HttpTransport.java:80)
08-04 17:22:11.920 28588 31366 W OneSignal: 	at com.android.okhttp.internal.http.HttpEngine.readNetworkResponse(HttpEngine.java:904)
08-04 17:22:11.920 28588 31366 W OneSignal: 	at com.android.okhttp.internal.http.HttpEngine.readResponse(HttpEngine.java:788)
08-04 17:22:11.920 28588 31366 W OneSignal: 	at com.android.okhttp.internal.huc.HttpURLConnectionImpl.execute(HttpURLConnectionImpl.java:439)
08-04 17:22:11.920 28588 31366 W OneSignal: 	at com.android.okhttp.internal.huc.HttpURLConnectionImpl.getResponse(HttpURLConnectionImpl.java:384)
08-04 17:22:11.920 28588 31366 W OneSignal: 	at com.android.okhttp.internal.huc.HttpURLConnectionImpl.getResponseCode(HttpURLConnectionImpl.java:497)
08-04 17:22:11.920 28588 31366 W OneSignal: 	at com.android.okhttp.internal.huc.DelegatingHttpsURLConnection.getResponseCode(DelegatingHttpsURLConnection.java:105)
08-04 17:22:11.920 28588 31366 W OneSignal: 	at com.android.okhttp.internal.huc.HttpsURLConnectionImpl.getResponseCode(HttpsURLConnectionImpl.java)
08-04 17:22:11.920 28588 31366 W OneSignal: 	at com.onesignal.OneSignalRestClient.startHTTPConnection(OneSignalRestClient.java:180)
08-04 17:22:11.920 28588 31366 W OneSignal: 	at com.onesignal.OneSignalRestClient.access$100(OneSignalRestClient.java:44)
08-04 17:22:11.920 28588 31366 W OneSignal: 	at com.onesignal.OneSignalRestClient$4.run(OneSignalRestClient.java:110)
08-04 17:22:11.920 28588 31366 W OneSignal: 	at java.lang.Thread.run(Thread.java:818)
08-04 17:22:11.920 28588 31366 W OneSignal: Caused by: java.io.EOFException: \n not found: size=0 content=...
08-04 17:22:11.920 28588 31366 W OneSignal: 	at com.android.okhttp.okio.RealBufferedSource.readUtf8LineStrict(RealBufferedSource.java:200)
08-04 17:22:11.920 28588 31366 W OneSignal: 	at com.android.okhttp.internal.http.HttpConnection.readResponse(HttpConnection.java:191)
08-04 17:22:11.920 28588 31366 W OneSignal: 	... 12 more
08-04 17:22:11.922 28588 31367 W OneSignal: Failed last request. statusCode: -1
08-04 17:22:11.922 28588 31367 W OneSignal: response: null
08-04 17:22:11.922 28588 28601 I art     : Explicit concurrent mark sweep GC freed 231(36KB) AllocSpace objects, 0(0B) LOS objects, 23% free, 53MB/69MB, paused 668us total 24.325ms
08-04 17:22:12.231 28588 28599 I art     : Starting a blocking GC Explicit
08-04 17:22:12.266 28588 28599 I art     : Explicit concurrent mark sweep GC freed 1629(119KB) AllocSpace objects, 1(20KB) LOS objects, 23% free, 53MB/69MB, paused 550us total 34.485ms
08-04 17:22:12.278 28588 28599 I art     : Starting a blocking GC Explicit
08-04 17:22:12.305 28588 28599 I art     : Explicit concurrent mark sweep GC freed 24(896B) AllocSpace objects, 0(0B) LOS objects, 23% free, 53MB/69MB, paused 512us total 25.968ms
08-04 17:22:12.314 28588 28599 I art     : Starting a blocking GC Explicit
08-04 17:22:12.338 28588 28599 I art     : Explicit concurrent mark sweep GC freed 3(96B) AllocSpace objects, 0(0B) LOS objects, 23% free, 53MB/69MB, paused 499us total 23.959ms
08-04 17:22:12.347 28588 28599 I art     : Starting a blocking GC Explicit
08-04 17:22:12.372 28588 28599 I art     : Explicit concurrent mark sweep GC freed 3(96B) AllocSpace objects, 0(0B) LOS objects, 23% free, 53MB/69MB, paused 474us total 24.154ms
08-04 17:22:12.381 28588 28599 I art     : Starting a blocking GC Explicit
08-04 17:22:12.405 28588 28599 I art     : Explicit concurrent mark sweep GC freed 3(96B) AllocSpace objects, 0(0B) LOS objects, 23% free, 53MB/69MB, paused 525us total 23.492ms
08-04 17:22:12.744 28588 28676 I art     : Starting a blocking GC Explicit
08-04 17:22:12.775 28588 28676 I art     : Explicit concurrent mark sweep GC freed 1357(78KB) AllocSpace objects, 1(20KB) LOS objects, 23% free, 53MB/69MB, paused 627us total 30.564ms
08-04 17:22:12.788 28588 28676 I art     : Starting a blocking GC Explicit
08-04 17:22:12.812 28588 28676 I art     : Explicit concurrent mark sweep GC freed 34(1136B) AllocSpace objects, 0(0B) LOS objects, 23% free, 53MB/69MB, paused 480us total 24.057ms
08-04 17:22:12.821 28588 28676 I art     : Starting a blocking GC Explicit
08-04 17:22:12.846 28588 28676 I art     : Explicit concurrent mark sweep GC freed 3(96B) AllocSpace objects, 0(0B) LOS objects, 23% free, 53MB/69MB, paused 477us total 23.935ms
08-04 17:22:12.855 28588 28676 I art     : Starting a blocking GC Explicit
08-04 17:22:12.879 28588 28676 I art     : Explicit concurrent mark sweep GC freed 3(96B) AllocSpace objects, 0(0B) LOS objects, 23% free, 53MB/69MB, paused 473us total 24.147ms
08-04 17:22:12.889 28588 28676 I art     : Starting a blocking GC Explicit
08-04 17:22:12.913 28588 28676 I art     : Explicit concurrent mark sweep GC freed 3(96B) AllocSpace objects, 0(0B) LOS objects, 23% free, 53MB/69MB, paused 484us total 23.672ms
08-04 17:22:13.239 28588 29395 I art     : Starting a blocking GC Explicit
08-04 17:22:13.270 28588 29395 I art     : Explicit concurrent mark sweep GC freed 1344(78KB) AllocSpace objects, 1(20KB) LOS objects, 23% free, 53MB/69MB, paused 506us total 30.773ms
08-04 17:22:13.282 28588 29395 I art     : Starting a blocking GC Explicit
08-04 17:22:13.305 28588 29395 I art     : Explicit concurrent mark sweep GC freed 20(704B) AllocSpace objects, 0(0B) LOS objects, 23% free, 53MB/69MB, paused 445us total 22.767ms
08-04 17:22:13.315 28588 29395 I art     : Starting a blocking GC Explicit
08-04 17:22:13.338 28588 29395 I art     : Explicit concurrent mark sweep GC freed 3(96B) AllocSpace objects, 0(0B) LOS objects, 23% free, 53MB/69MB, paused 448us total 22.172ms
08-04 17:22:13.346 28588 29395 I art     : Starting a blocking GC Explicit
08-04 17:22:13.369 28588 29395 I art     : Explicit concurrent mark sweep GC freed 3(96B) AllocSpace objects, 0(0B) LOS objects, 23% free, 53MB/69MB, paused 466us total 21.984ms
08-04 17:22:13.377 28588 29395 I art     : Starting a blocking GC Explicit
08-04 17:22:13.400 28588 29395 I art     : Explicit concurrent mark sweep GC freed 3(96B) AllocSpace objects, 0(0B) LOS objects, 23% free, 53MB/69MB, paused 462us total 22.066ms
08-04 17:22:13.705 28588 28601 I art     : Starting a blocking GC Explicit
08-04 17:22:13.732 31399 31399 D AndroidRuntime: >>>>>> START com.android.internal.os.RuntimeInit uid 2000 <<<<<<
08-04 17:22:13.735 28588 28601 I art     : Explicit concurrent mark sweep GC freed 1344(78KB) AllocSpace objects, 1(20KB) LOS objects, 23% free, 53MB/69MB, paused 623us total 29.676ms
08-04 17:22:13.739 31399 31399 D AndroidRuntime: CheckJNI is OFF
08-04 17:22:13.745 28588 28601 I art     : Starting a blocking GC Explicit
08-04 17:22:13.769 28588 28601 I art     : Explicit concurrent mark sweep GC freed 20(704B) AllocSpace objects, 0(0B) LOS objects, 23% free, 53MB/69MB, paused 492us total 23.243ms
08-04 17:22:13.777 31399 31399 D ICU     : No timezone override file found: /data/misc/zoneinfo/current/icu/icu_tzdata.dat
08-04 17:22:13.778 28588 28601 I art     : Starting a blocking GC Explicit
08-04 17:22:13.800 28588 28601 I art     : Explicit concurrent mark sweep GC freed 3(96B) AllocSpace objects, 0(0B) LOS objects, 23% free, 53MB/69MB, paused 473us total 21.933ms
08-04 17:22:13.809 28588 28601 I art     : Starting a blocking GC Explicit
08-04 17:22:13.811 31399 31399 I Radio-JNI: register_android_hardware_Radio DONE
08-04 17:22:13.831 28588 28601 I art     : Explicit concurrent mark sweep GC freed 3(96B) AllocSpace objects, 0(0B) LOS objects, 23% free, 53MB/69MB, paused 463us total 21.819ms
08-04 17:22:13.833 31399 31399 D AndroidRuntime: Calling main entry com.android.commands.input.Input
08-04 17:22:13.835 31399 31399 I Input   : injectKeyEvent: KeyEvent { action=ACTION_DOWN, keyCode=KEYCODE_BACK, scanCode=0, metaState=0, flags=0x0, repeatCount=0, eventTime=724950248, downTime=724950248, deviceId=-1, source=0x101 }
08-04 17:22:13.839 28588 28601 I art     : Starting a blocking GC Explicit
08-04 17:22:13.841 31399 31399 I Input   : injectKeyEvent: KeyEvent { action=ACTION_UP, keyCode=KEYCODE_BACK, scanCode=0, metaState=0, flags=0x0, repeatCount=0, eventTime=724950248, downTime=724950248, deviceId=-1, source=0x101 }
08-04 17:22:13.846 31399 31399 D AndroidRuntime: Shutting down VM
08-04 17:22:13.860 28588 28601 I art     : Explicit concurrent mark sweep GC freed 98(4KB) AllocSpace objects, 0(0B) LOS objects, 23% free, 53MB/69MB, paused 447us total 20.418ms
08-04 17:22:13.890 13866 13866 I GoogleInputMethodServic: GoogleInputMethodService.onFinishInput():3138 
08-04 17:22:13.891 13866 13866 I GoogleInputMethodServic: GoogleInputMethodService.onStartInput():1808 
08-04 17:22:14.128 28588 29395 I art     : Starting a blocking GC Explicit
08-04 17:22:14.159 28588 29395 I art     : Explicit concurrent mark sweep GC freed 1386(79KB) AllocSpace objects, 1(20KB) LOS objects, 23% free, 53MB/69MB, paused 841us total 30.987ms
08-04 17:22:14.169 28588 29395 I art     : Starting a blocking GC Explicit
08-04 17:22:14.182   380   380 W SurfaceFlinger: couldn't log to binary event log: overflow.
08-04 17:22:14.193 28588 29395 I art     : Explicit concurrent mark sweep GC freed 126(9KB) AllocSpace objects, 0(0B) LOS objects, 23% free, 53MB/69MB, paused 496us total 24.472ms
08-04 17:22:14.202 28588 29395 I art     : Starting a blocking GC Explicit
08-04 17:22:14.223 28588 29395 I art     : Explicit concurrent mark sweep GC freed 22(944B) AllocSpace objects, 0(0B) LOS objects, 23% free, 53MB/69MB, paused 454us total 20.855ms
08-04 17:22:14.231 28588 29395 I art     : Starting a blocking GC Explicit
08-04 17:22:14.252 28588 29395 I art     : Explicit concurrent mark sweep GC freed 4681(268KB) AllocSpace objects, 2(140KB) LOS objects, 23% free, 52MB/68MB, paused 436us total 20.890ms
08-04 17:22:14.260 28588 29395 I art     : Starting a blocking GC Explicit
08-04 17:22:14.280 28588 29395 I art     : Explicit concurrent mark sweep GC freed 3(96B) AllocSpace objects, 0(0B) LOS objects, 23% free, 52MB/68MB, paused 456us total 19.527ms
08-04 17:22:14.570 28588 28599 I art     : Starting a blocking GC Explicit
08-04 17:22:14.598 28588 28599 I art     : Explicit concurrent mark sweep GC freed 1344(78KB) AllocSpace objects, 1(20KB) LOS objects, 23% free, 52MB/68MB, paused 556us total 27.940ms
08-04 17:22:14.612 28588 28599 I art     : Starting a blocking GC Explicit
08-04 17:22:14.636 28588 28599 I art     : Explicit concurrent mark sweep GC freed 20(704B) AllocSpace objects, 0(0B) LOS objects, 23% free, 52MB/68MB, paused 454us total 23.922ms
08-04 17:22:14.645 28588 28599 I art     : Starting a blocking GC Explicit
08-04 17:22:14.667 28588 28599 I art     : Explicit concurrent mark sweep GC freed 3(96B) AllocSpace objects, 0(0B) LOS objects, 23% free, 52MB/68MB, paused 543us total 21.730ms
08-04 17:22:14.676 28588 28599 I art     : Starting a blocking GC Explicit
08-04 17:22:14.698 28588 28599 I art     : Explicit concurrent mark sweep GC freed 3(96B) AllocSpace objects, 0(0B) LOS objects, 23% free, 52MB/68MB, paused 471us total 22.130ms
08-04 17:22:14.707 28588 28599 I art     : Starting a blocking GC Explicit
08-04 17:22:14.729 28588 28599 I art     : Explicit concurrent mark sweep GC freed 3(96B) AllocSpace objects, 0(0B) LOS objects, 23% free, 52MB/68MB, paused 466us total 21.747ms
08-04 17:22:15.009 28588 28676 I art     : Starting a blocking GC Explicit
08-04 17:22:15.031 28588 28676 I art     : Explicit concurrent mark sweep GC freed 1343(78KB) AllocSpace objects, 1(20KB) LOS objects, 23% free, 52MB/68MB, paused 443us total 22.063ms
08-04 17:22:15.040 28588 28676 I art     : Starting a blocking GC Explicit
08-04 17:22:15.062 28588 28676 I art     : Explicit concurrent mark sweep GC freed 32(1152B) AllocSpace objects, 0(0B) LOS objects, 23% free, 52MB/68MB, paused 457us total 21.675ms
08-04 17:22:15.070 28588 28676 I art     : Starting a blocking GC Explicit
08-04 17:22:15.091 28588 28676 I art     : Explicit concurrent mark sweep GC freed 3(96B) AllocSpace objects, 0(0B) LOS objects, 23% free, 52MB/68MB, paused 417us total 20.442ms
08-04 17:22:15.100 28588 28676 I art     : Starting a blocking GC Explicit
08-04 17:22:15.120 28588 28676 I art     : Explicit concurrent mark sweep GC freed 3(96B) AllocSpace objects, 0(0B) LOS objects, 23% free, 52MB/68MB, paused 464us total 20.340ms
08-04 17:22:15.129 28588 28676 I art     : Starting a blocking GC Explicit
08-04 17:22:15.150 28588 28676 I art     : Explicit concurrent mark sweep GC freed 3(96B) AllocSpace objects, 0(0B) LOS objects, 23% free, 52MB/68MB, paused 505us total 21.018ms
08-04 17:22:15.418 28588 28601 I art     : Starting a blocking GC Explicit
08-04 17:22:15.443 28588 28601 I art     : Explicit concurrent mark sweep GC freed 1343(78KB) AllocSpace objects, 1(20KB) LOS objects, 23% free, 52MB/68MB, paused 533us total 25.105ms
08-04 17:22:15.456 28588 28601 I art     : Starting a blocking GC Explicit
08-04 17:22:15.477 28588 28601 I art     : Explicit concurrent mark sweep GC freed 20(704B) AllocSpace objects, 0(0B) LOS objects, 23% free, 52MB/68MB, paused 514us total 21.311ms
08-04 17:22:15.486 28588 28601 I art     : Starting a blocking GC Explicit
08-04 17:22:15.513 31453 31453 D AndroidRuntime: >>>>>> START com.android.internal.os.RuntimeInit uid 2000 <<<<<<
08-04 17:22:15.513 28588 28601 I art     : Explicit concurrent mark sweep GC freed 7(224B) AllocSpace objects, 0(0B) LOS objects, 23% free, 52MB/68MB, paused 582us total 27.292ms
08-04 17:22:15.520 31453 31453 D AndroidRuntime: CheckJNI is OFF
08-04 17:22:15.523 28588 28601 I art     : Starting a blocking GC Explicit
08-04 17:22:15.543 28588 28601 I art     : Explicit concurrent mark sweep GC freed 6(192B) AllocSpace objects, 0(0B) LOS objects, 23% free, 52MB/68MB, paused 458us total 19.587ms
08-04 17:22:15.551 28588 28601 I art     : Starting a blocking GC Explicit
08-04 17:22:15.554 31453 31453 D ICU     : No timezone override file found: /data/misc/zoneinfo/current/icu/icu_tzdata.dat
08-04 17:22:15.571 28588 28601 I art     : Explicit concurrent mark sweep GC freed 8(256B) AllocSpace objects, 0(0B) LOS objects, 23% free, 52MB/68MB, paused 467us total 19.536ms
08-04 17:22:15.588 31453 31453 I Radio-JNI: register_android_hardware_Radio DONE
08-04 17:22:15.609 31453 31453 D AndroidRuntime: Calling main entry com.android.commands.input.Input
08-04 17:22:15.611 31453 31453 I Input   : injectKeyEvent: KeyEvent { action=ACTION_DOWN, keyCode=KEYCODE_BACK, scanCode=0, metaState=0, flags=0x0, repeatCount=0, eventTime=724952024, downTime=724952024, deviceId=-1, source=0x101 }
08-04 17:22:15.617 31453 31453 I Input   : injectKeyEvent: KeyEvent { action=ACTION_UP, keyCode=KEYCODE_BACK, scanCode=0, metaState=0, flags=0x0, repeatCount=0, eventTime=724952024, downTime=724952024, deviceId=-1, source=0x101 }
08-04 17:22:15.623 31453 31453 D AndroidRuntime: Shutting down VM
08-04 17:22:15.730 13866 13866 I GoogleInputMethodServic: GoogleInputMethodService.onFinishInput():3138 
08-04 17:22:15.732 13866 13866 I GoogleInputMethodServic: GoogleInputMethodService.onStartInput():1808 
08-04 17:22:15.823 28588 29395 I art     : Starting a blocking GC Explicit
08-04 17:22:15.843 28588 29395 I art     : Explicit concurrent mark sweep GC freed 1548(87KB) AllocSpace objects, 1(20KB) LOS objects, 23% free, 52MB/68MB, paused 421us total 19.828ms
08-04 17:22:15.853 28588 29395 I art     : Starting a blocking GC Explicit
08-04 17:22:15.873 28588 29395 I art     : Explicit concurrent mark sweep GC freed 24(864B) AllocSpace objects, 0(0B) LOS objects, 23% free, 52MB/68MB, paused 420us total 20.204ms
08-04 17:22:15.882 28588 29395 I art     : Starting a blocking GC Explicit
08-04 17:22:15.904 28588 29395 I art     : Explicit concurrent mark sweep GC freed 3(96B) AllocSpace objects, 0(0B) LOS objects, 23% free, 52MB/68MB, paused 416us total 21.804ms
08-04 17:22:15.913 28588 29395 I art     : Starting a blocking GC Explicit
08-04 17:22:15.935 28588 29395 I art     : Explicit concurrent mark sweep GC freed 3(96B) AllocSpace objects, 0(0B) LOS objects, 23% free, 52MB/68MB, paused 514us total 21.871ms
08-04 17:22:15.944 28588 29395 I art     : Starting a blocking GC Explicit
08-04 17:22:15.966 28588 29395 I art     : Explicit concurrent mark sweep GC freed 3(96B) AllocSpace objects, 0(0B) LOS objects, 23% free, 52MB/68MB, paused 565us total 21.988ms
08-04 17:22:16.001   380   380 W SurfaceFlinger: couldn't log to binary event log: overflow.
08-04 17:22:16.245 28588 29395 I art     : Starting a blocking GC Explicit
08-04 17:22:16.274 28588 29395 I art     : Explicit concurrent mark sweep GC freed 1458(87KB) AllocSpace objects, 1(20KB) LOS objects, 23% free, 52MB/68MB, paused 561us total 28.159ms
08-04 17:22:16.287 28588 29395 I art     : Starting a blocking GC Explicit
08-04 17:22:16.312 28588 29395 I art     : Explicit concurrent mark sweep GC freed 2078(121KB) AllocSpace objects, 2(180KB) LOS objects, 23% free, 52MB/68MB, paused 498us total 24.105ms
08-04 17:22:16.321 28588 29395 I art     : Starting a blocking GC Explicit
08-04 17:22:16.342 28588 29395 I art     : Explicit concurrent mark sweep GC freed 3(96B) AllocSpace objects, 0(0B) LOS objects, 23% free, 52MB/68MB, paused 464us total 21.430ms
08-04 17:22:16.351 28588 29395 I art     : Starting a blocking GC Explicit
08-04 17:22:16.372 28588 29395 I art     : Explicit concurrent mark sweep GC freed 3(96B) AllocSpace objects, 0(0B) LOS objects, 23% free, 52MB/68MB, paused 467us total 21.029ms
08-04 17:22:16.381 28588 29395 I art     : Starting a blocking GC Explicit
08-04 17:22:16.402 28588 29395 I art     : Explicit concurrent mark sweep GC freed 3(96B) AllocSpace objects, 0(0B) LOS objects, 23% free, 52MB/68MB, paused 470us total 21.081ms
08-04 17:22:16.700 28588 28599 I art     : Starting a blocking GC Explicit
08-04 17:22:16.730 28588 28599 I art     : Explicit concurrent mark sweep GC freed 1343(78KB) AllocSpace objects, 1(20KB) LOS objects, 23% free, 52MB/68MB, paused 501us total 29.259ms
08-04 17:22:16.742 28588 28599 I art     : Starting a blocking GC Explicit
08-04 17:22:16.764 28588 28599 I art     : Explicit concurrent mark sweep GC freed 20(704B) AllocSpace objects, 0(0B) LOS objects, 23% free, 52MB/68MB, paused 471us total 21.984ms
08-04 17:22:16.773 28588 28599 I art     : Starting a blocking GC Explicit
08-04 17:22:16.795 28588 28599 I art     : Explicit concurrent mark sweep GC freed 3(96B) AllocSpace objects, 0(0B) LOS objects, 23% free, 52MB/68MB, paused 456us total 21.355ms
08-04 17:22:16.803 28588 28599 I art     : Starting a blocking GC Explicit
08-04 17:22:16.825 28588 28599 I art     : Explicit concurrent mark sweep GC freed 3(96B) AllocSpace objects, 0(0B) LOS objects, 23% free, 52MB/68MB, paused 465us total 21.453ms
08-04 17:22:16.834 28588 28599 I art     : Starting a blocking GC Explicit
08-04 17:22:16.855 28588 28599 I art     : Explicit concurrent mark sweep GC freed 3(96B) AllocSpace objects, 0(0B) LOS objects, 23% free, 52MB/68MB, paused 532us total 20.904ms
08-04 17:22:17.122 28588 28601 I art     : Starting a blocking GC Explicit
08-04 17:22:17.144 28588 28601 I art     : Explicit concurrent mark sweep GC freed 1362(79KB) AllocSpace objects, 1(20KB) LOS objects, 23% free, 52MB/68MB, paused 478us total 21.794ms
08-04 17:22:17.153 28588 28601 I art     : Starting a blocking GC Explicit
08-04 17:22:17.174 28588 28601 I art     : Explicit concurrent mark sweep GC freed 36(1216B) AllocSpace objects, 0(0B) LOS objects, 23% free, 52MB/68MB, paused 487us total 20.641ms
08-04 17:22:17.182 28588 28601 I art     : Starting a blocking GC Explicit
08-04 17:22:17.202 28588 28601 I art     : Explicit concurrent mark sweep GC freed 3(96B) AllocSpace objects, 0(0B) LOS objects, 23% free, 52MB/68MB, paused 444us total 19.917ms
08-04 17:22:17.211 28588 28601 I art     : Starting a blocking GC Explicit
08-04 17:22:17.231 28588 28601 I art     : Explicit concurrent mark sweep GC freed 3(96B) AllocSpace objects, 0(0B) LOS objects, 23% free, 52MB/68MB, paused 442us total 19.540ms
08-04 17:22:17.239 28588 28601 I art     : Starting a blocking GC Explicit
08-04 17:22:17.260 28588 28601 I art     : Explicit concurrent mark sweep GC freed 3(96B) AllocSpace objects, 0(0B) LOS objects, 23% free, 52MB/68MB, paused 500us total 20.076ms
08-04 17:22:17.268 31507 31507 D AndroidRuntime: >>>>>> START com.android.internal.os.RuntimeInit uid 2000 <<<<<<
08-04 17:22:17.273 31507 31507 D AndroidRuntime: CheckJNI is OFF
08-04 17:22:17.306 31507 31507 D ICU     : No timezone override file found: /data/misc/zoneinfo/current/icu/icu_tzdata.dat
08-04 17:22:17.339 31507 31507 I Radio-JNI: register_android_hardware_Radio DONE
08-04 17:22:17.361 31507 31507 D AndroidRuntime: Calling main entry com.android.commands.input.Input
08-04 17:22:17.363 31507 31507 I Input   : injectMotionEvent: MotionEvent { action=ACTION_DOWN, actionButton=0, id[0]=0, x[0]=1084.0, y[0]=2213.0, toolType[0]=TOOL_TYPE_UNKNOWN, buttonState=0, metaState=0, flags=0x0, edgeFlags=0x0, pointerCount=1, historySize=0, eventTime=724953775, downTime=724953775, deviceId=0, source=0x1002 }
08-04 17:22:17.369 31507 31507 I Input   : injectMotionEvent: MotionEvent { action=ACTION_UP, actionButton=0, id[0]=0, x[0]=1084.0, y[0]=2213.0, toolType[0]=TOOL_TYPE_UNKNOWN, buttonState=0, metaState=0, flags=0x0, edgeFlags=0x0, pointerCount=1, historySize=0, eventTime=724953775, downTime=724953775, deviceId=0, source=0x1002 }
08-04 17:22:17.371   918  6029 I ActivityManager: START u0 {cmp=baseline.appteam.nith.hillffair/.activities.EventActivity} from uid 10651 on display 0
08-04 17:22:17.380 31507 31507 D AndroidRuntime: Shutting down VM
08-04 17:22:17.459 13866 13866 I GoogleInputMethodServic: GoogleInputMethodService.onFinishInput():3138 
08-04 17:22:17.459 13866 13866 I GoogleInputMethodServic: GoogleInputMethodService.onStartInput():1808 
08-04 17:22:17.483   918   936 I ActivityManager: Displayed baseline.appteam.nith.hillffair/.activities.EventActivity: +102ms
08-04 17:22:17.508 28588 28599 I art     : Starting a blocking GC Explicit
08-04 17:22:17.536 28588 28599 I art     : Explicit concurrent mark sweep GC freed 6165(369KB) AllocSpace objects, 1(20KB) LOS objects, 23% free, 52MB/68MB, paused 609us total 27.252ms
08-04 17:22:17.544 28588 28599 I art     : Starting a blocking GC Explicit
08-04 17:22:17.563 28588 28599 I art     : Explicit concurrent mark sweep GC freed 273(12KB) AllocSpace objects, 0(0B) LOS objects, 23% free, 52MB/68MB, paused 447us total 18.791ms
08-04 17:22:17.571 28588 28599 I art     : Starting a blocking GC Explicit
08-04 17:22:17.592 28588 28599 I art     : Explicit concurrent mark sweep GC freed 3(96B) AllocSpace objects, 0(0B) LOS objects, 23% free, 52MB/68MB, paused 503us total 20.737ms
08-04 17:22:17.600 28588 28599 I art     : Starting a blocking GC Explicit
08-04 17:22:17.621 28588 28599 I art     : Explicit concurrent mark sweep GC freed 3(96B) AllocSpace objects, 0(0B) LOS objects, 23% free, 52MB/68MB, paused 484us total 20.492ms
08-04 17:22:17.630 28588 28599 I art     : Starting a blocking GC Explicit
08-04 17:22:17.652 28588 28599 I art     : Explicit concurrent mark sweep GC freed 3(96B) AllocSpace objects, 0(0B) LOS objects, 23% free, 52MB/68MB, paused 562us total 22.509ms
08-04 17:22:17.737   380   380 W SurfaceFlinger: couldn't log to binary event log: overflow.
08-04 17:22:17.897 28588 29395 I art     : Starting a blocking GC Explicit
08-04 17:22:17.919 28588 29395 I art     : Explicit concurrent mark sweep GC freed 1425(83KB) AllocSpace objects, 1(20KB) LOS objects, 23% free, 52MB/68MB, paused 510us total 21.741ms
08-04 17:22:17.927 28588 29395 I art     : Starting a blocking GC Explicit
08-04 17:22:17.948 28588 29395 I art     : Explicit concurrent mark sweep GC freed 34(1216B) AllocSpace objects, 0(0B) LOS objects, 23% free, 52MB/68MB, paused 488us total 20.710ms
08-04 17:22:17.957 28588 29395 I art     : Starting a blocking GC Explicit
08-04 17:22:17.978 28588 29395 I art     : Explicit concurrent mark sweep GC freed 13(480B) AllocSpace objects, 0(0B) LOS objects, 23% free, 52MB/68MB, paused 540us total 21ms
08-04 17:22:17.987 28588 29395 I art     : Starting a blocking GC Explicit
08-04 17:22:18.007 28588 29395 I art     : Explicit concurrent mark sweep GC freed 12(432B) AllocSpace objects, 0(0B) LOS objects, 23% free, 52MB/68MB, paused 481us total 20.295ms
08-04 17:22:18.016 28588 29395 I art     : Starting a blocking GC Explicit
08-04 17:22:18.037 28588 29395 I art     : Explicit concurrent mark sweep GC freed 9(336B) AllocSpace objects, 0(0B) LOS objects, 23% free, 52MB/68MB, paused 553us total 20.701ms
08-04 17:22:18.268 28588 31532 D OkHttp  : --> GET https://api-hillfair-2k16.herokuapp.com/api/app/club http/1.1
08-04 17:22:18.300 28588 31532 D OkHttp  : <-- 200 OK https://api-hillfair-2k16.herokuapp.com/api/app/club (31ms, 1870-byte body)
08-04 17:22:18.322 28588 28588 I NAPPA_EXPERIMENTATION: MetricNetworkRequestExecutionTime: REQUEST_DURATION_SYSTEM='917',REQUEST_DURATION_OKHTTP='32',REQUEST_SYNCHRONOUS='FALSE',RESPONSE_CODE='200',RESPONSE_METHOD='GET',RESPONSE_LENGTH_OKHTTP='1870',RESPONSE_LENGTH_HEADER='1870',REQUEST_PROTOCOL='http/1.1',REQUEST_URL='https://api-hillfair-2k16.herokuapp.com/api/app/club',
08-04 17:22:18.326 28588 28599 I art     : Starting a blocking GC Explicit
08-04 17:22:18.349 28588 28599 I art     : Explicit concurrent mark sweep GC freed 4876(315KB) AllocSpace objects, 4(220KB) LOS objects, 23% free, 53MB/69MB, paused 743us total 22.600ms
08-04 17:22:18.358 28588 28599 I art     : Starting a blocking GC Explicit
08-04 17:22:18.381 28588 28599 I art     : Explicit concurrent mark sweep GC freed 1917(153KB) AllocSpace objects, 0(0B) LOS objects, 23% free, 53MB/69MB, paused 1.056ms total 23.032ms
08-04 17:22:18.389 28588 28599 I art     : Starting a blocking GC Explicit
08-04 17:22:18.411 28588 28599 I art     : Explicit concurrent mark sweep GC freed 502(21KB) AllocSpace objects, 0(0B) LOS objects, 23% free, 53MB/69MB, paused 783us total 21.827ms
08-04 17:22:18.419 28588 28599 I art     : Starting a blocking GC Explicit
08-04 17:22:18.440 28588 28599 I art     : Explicit concurrent mark sweep GC freed 72(4KB) AllocSpace objects, 0(0B) LOS objects, 23% free, 53MB/69MB, paused 779us total 20.459ms
08-04 17:22:18.448 28588 28599 I art     : Starting a blocking GC Explicit
08-04 17:22:18.470 28588 28599 I art     : Explicit concurrent mark sweep GC freed 380(52KB) AllocSpace objects, 0(0B) LOS objects, 23% free, 53MB/69MB, paused 788us total 21.352ms
08-04 17:22:18.722 28588 28599 I art     : Starting a blocking GC Explicit
08-04 17:22:18.752 28588 28599 I art     : Explicit concurrent mark sweep GC freed 1959(223KB) AllocSpace objects, 1(20KB) LOS objects, 23% free, 53MB/69MB, paused 691us total 30.089ms
08-04 17:22:18.765 28588 28599 I art     : Starting a blocking GC Explicit
08-04 17:22:18.791 28588 28599 I art     : Explicit concurrent mark sweep GC freed 53(1760B) AllocSpace objects, 0(0B) LOS objects, 23% free, 53MB/69MB, paused 631us total 26.312ms
08-04 17:22:18.800 28588 28599 I art     : Starting a blocking GC Explicit
08-04 17:22:18.824 28588 28599 I art     : Explicit concurrent mark sweep GC freed 3(96B) AllocSpace objects, 0(0B) LOS objects, 23% free, 53MB/69MB, paused 617us total 23.514ms
08-04 17:22:18.833 28588 28599 I art     : Starting a blocking GC Explicit
08-04 17:22:18.860 28588 28599 I art     : Explicit concurrent mark sweep GC freed 5608(225KB) AllocSpace objects, 0(0B) LOS objects, 23% free, 53MB/69MB, paused 805us total 26.447ms
08-04 17:22:18.869 28588 28599 I art     : Starting a blocking GC Explicit
08-04 17:22:18.892 28588 28599 I art     : Explicit concurrent mark sweep GC freed 1989(74KB) AllocSpace objects, 0(0B) LOS objects, 23% free, 53MB/69MB, paused 626us total 22.656ms
08-04 17:22:19.172 28588 28676 I art     : Starting a blocking GC Explicit
08-04 17:22:19.207 28588 28676 I art     : Explicit concurrent mark sweep GC freed 2120(268KB) AllocSpace objects, 1(20KB) LOS objects, 23% free, 53MB/69MB, paused 570us total 35.066ms
08-04 17:22:19.220 28588 28676 I art     : Starting a blocking GC Explicit
08-04 17:22:19.244 28588 28676 I art     : Explicit concurrent mark sweep GC freed 64(2112B) AllocSpace objects, 0(0B) LOS objects, 23% free, 53MB/69MB, paused 508us total 23.628ms
08-04 17:22:19.253 28588 28676 I art     : Starting a blocking GC Explicit
08-04 17:22:19.276 28588 28676 I art     : Explicit concurrent mark sweep GC freed 3(96B) AllocSpace objects, 0(0B) LOS objects, 23% free, 53MB/69MB, paused 495us total 22.764ms
08-04 17:22:19.285 28588 28676 I art     : Starting a blocking GC Explicit
08-04 17:22:19.309 28588 28676 I art     : Explicit concurrent mark sweep GC freed 3(96B) AllocSpace objects, 0(0B) LOS objects, 23% free, 53MB/69MB, paused 469us total 23.724ms
08-04 17:22:19.318 28588 28676 I art     : Starting a blocking GC Explicit
08-04 17:22:19.341 28588 28676 I art     : Explicit concurrent mark sweep GC freed 3(96B) AllocSpace objects, 0(0B) LOS objects, 23% free, 53MB/69MB, paused 491us total 23.067ms
08-04 17:22:19.669 28588 28599 I art     : Starting a blocking GC Explicit
08-04 17:22:19.701 28588 28599 I art     : Explicit concurrent mark sweep GC freed 1344(78KB) AllocSpace objects, 1(20KB) LOS objects, 23% free, 53MB/69MB, paused 577us total 32.410ms
08-04 17:22:19.714 28588 28599 I art     : Starting a blocking GC Explicit
08-04 17:22:19.738 28588 28599 I art     : Explicit concurrent mark sweep GC freed 20(704B) AllocSpace objects, 0(0B) LOS objects, 23% free, 53MB/69MB, paused 551us total 23.522ms
08-04 17:22:19.747 28588 28599 I art     : Starting a blocking GC Explicit
08-04 17:22:19.770 28588 28599 I art     : Explicit concurrent mark sweep GC freed 3(96B) AllocSpace objects, 0(0B) LOS objects, 23% free, 53MB/69MB, paused 509us total 23.333ms
08-04 17:22:19.779 28588 28599 I art     : Starting a blocking GC Explicit
08-04 17:22:19.803 28588 28599 I art     : Explicit concurrent mark sweep GC freed 3(96B) AllocSpace objects, 0(0B) LOS objects, 23% free, 53MB/69MB, paused 516us total 23.436ms
08-04 17:22:19.812 28588 28599 I art     : Starting a blocking GC Explicit
08-04 17:22:19.836 28588 28599 I art     : Explicit concurrent mark sweep GC freed 3(96B) AllocSpace objects, 0(0B) LOS objects, 23% free, 53MB/69MB, paused 529us total 23.339ms
08-04 17:22:20.179 28588 29395 I art     : Starting a blocking GC Explicit
08-04 17:22:20.208 28588 29395 I art     : Explicit concurrent mark sweep GC freed 1344(78KB) AllocSpace objects, 1(20KB) LOS objects, 23% free, 53MB/69MB, paused 509us total 28.244ms
08-04 17:22:20.220 28588 29395 I art     : Starting a blocking GC Explicit
08-04 17:22:20.244 28588 29395 I art     : Explicit concurrent mark sweep GC freed 20(704B) AllocSpace objects, 0(0B) LOS objects, 23% free, 53MB/69MB, paused 512us total 23.698ms
08-04 17:22:20.253 28588 29395 I art     : Starting a blocking GC Explicit
08-04 17:22:20.276 28588 29395 I art     : Explicit concurrent mark sweep GC freed 3(96B) AllocSpace objects, 0(0B) LOS objects, 23% free, 53MB/69MB, paused 497us total 23.216ms
08-04 17:22:20.285 28588 29395 I art     : Starting a blocking GC Explicit
08-04 17:22:20.309 28588 29395 I art     : Explicit concurrent mark sweep GC freed 3(96B) AllocSpace objects, 0(0B) LOS objects, 23% free, 53MB/69MB, paused 502us total 23.525ms
08-04 17:22:20.318 28588 29395 I art     : Starting a blocking GC Explicit
08-04 17:22:20.342 28588 29395 I art     : Explicit concurrent mark sweep GC freed 3(96B) AllocSpace objects, 0(0B) LOS objects, 23% free, 53MB/69MB, paused 518us total 23.167ms
08-04 17:22:20.668 28588 28601 I art     : Starting a blocking GC Explicit
08-04 17:22:20.698 28588 28601 I art     : Explicit concurrent mark sweep GC freed 1344(78KB) AllocSpace objects, 1(20KB) LOS objects, 23% free, 53MB/69MB, paused 585us total 29.812ms
08-04 17:22:20.712 28588 28601 I art     : Starting a blocking GC Explicit
08-04 17:22:20.735 28588 28601 I art     : Explicit concurrent mark sweep GC freed 20(704B) AllocSpace objects, 0(0B) LOS objects, 23% free, 53MB/69MB, paused 519us total 22.095ms
08-04 17:22:20.743 28588 28601 I art     : Starting a blocking GC Explicit
08-04 17:22:20.767 28588 28601 I art     : Explicit concurrent mark sweep GC freed 3(96B) AllocSpace objects, 0(0B) LOS objects, 23% free, 53MB/69MB, paused 509us total 23.185ms
08-04 17:22:20.776 28588 28601 I art     : Starting a blocking GC Explicit
08-04 17:22:20.799 28588 28601 I art     : Explicit concurrent mark sweep GC freed 3(96B) AllocSpace objects, 0(0B) LOS objects, 23% free, 53MB/69MB, paused 496us total 22.878ms
08-04 17:22:20.808 28588 28601 I art     : Starting a blocking GC Explicit
08-04 17:22:20.831 28588 28601 I art     : Explicit concurrent mark sweep GC freed 3(96B) AllocSpace objects, 0(0B) LOS objects, 23% free, 53MB/69MB, paused 510us total 22.866ms
08-04 17:22:21.150 28588 28676 I art     : Starting a blocking GC Explicit
08-04 17:22:21.177 28588 28676 I art     : Explicit concurrent mark sweep GC freed 1344(78KB) AllocSpace objects, 1(20KB) LOS objects, 23% free, 53MB/69MB, paused 556us total 26.415ms
08-04 17:22:21.189 28588 28676 I art     : Starting a blocking GC Explicit
08-04 17:22:21.212 28588 28676 I art     : Explicit concurrent mark sweep GC freed 20(704B) AllocSpace objects, 0(0B) LOS objects, 23% free, 53MB/69MB, paused 516us total 22.797ms
08-04 17:22:21.221 28588 28676 I art     : Starting a blocking GC Explicit
08-04 17:22:21.245 28588 28676 I art     : Explicit concurrent mark sweep GC freed 3(96B) AllocSpace objects, 0(0B) LOS objects, 23% free, 53MB/69MB, paused 510us total 23.161ms
08-04 17:22:21.254 28588 28676 I art     : Starting a blocking GC Explicit
08-04 17:22:21.277 28588 28676 I art     : Explicit concurrent mark sweep GC freed 3(96B) AllocSpace objects, 0(0B) LOS objects, 23% free, 53MB/69MB, paused 525us total 23.477ms
08-04 17:22:21.286 28588 28676 I art     : Starting a blocking GC Explicit
08-04 17:22:21.310 28588 28676 I art     : Explicit concurrent mark sweep GC freed 3(96B) AllocSpace objects, 0(0B) LOS objects, 23% free, 53MB/69MB, paused 506us total 23.337ms
08-04 17:22:21.658 28588 28599 I art     : Starting a blocking GC Explicit
08-04 17:22:21.696 28588 28599 I art     : Explicit concurrent mark sweep GC freed 1365(79KB) AllocSpace objects, 1(20KB) LOS objects, 23% free, 53MB/69MB, paused 1.001ms total 37.282ms
08-04 17:22:21.709 28588 28599 I art     : Starting a blocking GC Explicit
08-04 17:22:21.733 28588 28599 I art     : Explicit concurrent mark sweep GC freed 36(1216B) AllocSpace objects, 0(0B) LOS objects, 23% free, 53MB/69MB, paused 508us total 23.578ms
08-04 17:22:21.742 28588 28599 I art     : Starting a blocking GC Explicit
08-04 17:22:21.765 28588 28599 I art     : Explicit concurrent mark sweep GC freed 3(96B) AllocSpace objects, 0(0B) LOS objects, 23% free, 53MB/69MB, paused 505us total 23.359ms
08-04 17:22:21.774 28588 28599 I art     : Starting a blocking GC Explicit
08-04 17:22:21.798 28588 28599 I art     : Explicit concurrent mark sweep GC freed 3(96B) AllocSpace objects, 0(0B) LOS objects, 23% free, 53MB/69MB, paused 499us total 23.376ms
08-04 17:22:21.807 28588 28599 I art     : Starting a blocking GC Explicit
08-04 17:22:21.831 28588 28599 I art     : Explicit concurrent mark sweep GC freed 3(96B) AllocSpace objects, 0(0B) LOS objects, 23% free, 53MB/69MB, paused 496us total 22.993ms
08-04 17:22:22.151 28588 29395 I art     : Starting a blocking GC Explicit
08-04 17:22:22.178 28588 29395 I art     : Explicit concurrent mark sweep GC freed 1344(78KB) AllocSpace objects, 1(20KB) LOS objects, 23% free, 53MB/69MB, paused 695us total 26.465ms
08-04 17:22:22.190 28588 29395 I art     : Starting a blocking GC Explicit
08-04 17:22:22.213 28588 29395 I art     : Explicit concurrent mark sweep GC freed 20(704B) AllocSpace objects, 0(0B) LOS objects, 23% free, 53MB/69MB, paused 485us total 22.591ms
08-04 17:22:22.222 28588 29395 I art     : Starting a blocking GC Explicit
08-04 17:22:22.245 28588 29395 I art     : Explicit concurrent mark sweep GC freed 3(96B) AllocSpace objects, 0(0B) LOS objects, 23% free, 53MB/69MB, paused 495us total 23.032ms
08-04 17:22:22.254 28588 29395 I art     : Starting a blocking GC Explicit
08-04 17:22:22.277 28588 29395 I art     : Explicit concurrent mark sweep GC freed 3(96B) AllocSpace objects, 0(0B) LOS objects, 23% free, 53MB/69MB, paused 487us total 22.738ms
08-04 17:22:22.286 28588 29395 I art     : Starting a blocking GC Explicit
08-04 17:22:22.310 28588 29395 I art     : Explicit concurrent mark sweep GC freed 3(96B) AllocSpace objects, 0(0B) LOS objects, 23% free, 53MB/69MB, paused 493us total 24.094ms
08-04 17:22:22.626 28588 28601 I art     : Starting a blocking GC Explicit
08-04 17:22:22.660 28588 28601 I art     : Explicit concurrent mark sweep GC freed 1344(78KB) AllocSpace objects, 1(20KB) LOS objects, 23% free, 53MB/69MB, paused 580us total 32.978ms
08-04 17:22:22.674 28588 28601 I art     : Starting a blocking GC Explicit
08-04 17:22:22.697 28588 28601 I art     : Explicit concurrent mark sweep GC freed 20(704B) AllocSpace objects, 0(0B) LOS objects, 23% free, 53MB/69MB, paused 637us total 23.407ms
08-04 17:22:22.706 28588 28601 I art     : Starting a blocking GC Explicit
08-04 17:22:22.730 28588 28601 I art     : Explicit concurrent mark sweep GC freed 3(96B) AllocSpace objects, 0(0B) LOS objects, 23% free, 53MB/69MB, paused 489us total 22.980ms
08-04 17:22:22.739 28588 28601 I art     : Starting a blocking GC Explicit
08-04 17:22:22.762 28588 28601 I art     : Explicit concurrent mark sweep GC freed 3(96B) AllocSpace objects, 0(0B) LOS objects, 23% free, 53MB/69MB, paused 495us total 23.074ms
08-04 17:22:22.771 28588 28601 I art     : Starting a blocking GC Explicit
08-04 17:22:22.794 28588 28601 I art     : Explicit concurrent mark sweep GC freed 3(96B) AllocSpace objects, 0(0B) LOS objects, 23% free, 53MB/69MB, paused 481us total 22.909ms
08-04 17:22:23.127 28588 28676 I art     : Starting a blocking GC Explicit
08-04 17:22:23.163 28588 28676 I art     : Explicit concurrent mark sweep GC freed 1344(78KB) AllocSpace objects, 1(20KB) LOS objects, 23% free, 53MB/69MB, paused 557us total 35.317ms
08-04 17:22:23.177 28588 28676 I art     : Starting a blocking GC Explicit
08-04 17:22:23.201 28588 28676 I art     : Explicit concurrent mark sweep GC freed 20(704B) AllocSpace objects, 0(0B) LOS objects, 23% free, 53MB/69MB, paused 555us total 23.637ms
08-04 17:22:23.210 28588 28676 I art     : Starting a blocking GC Explicit
08-04 17:22:23.233 28588 28676 I art     : Explicit concurrent mark sweep GC freed 3(96B) AllocSpace objects, 0(0B) LOS objects, 23% free, 53MB/69MB, paused 485us total 22.594ms
08-04 17:22:23.242 28588 28676 I art     : Starting a blocking GC Explicit
08-04 17:22:23.265 28588 28676 I art     : Explicit concurrent mark sweep GC freed 3(96B) AllocSpace objects, 0(0B) LOS objects, 23% free, 53MB/69MB, paused 491us total 22.814ms
08-04 17:22:23.274 28588 28676 I art     : Starting a blocking GC Explicit
08-04 17:22:23.298 28588 28676 I art     : Explicit concurrent mark sweep GC freed 3(96B) AllocSpace objects, 0(0B) LOS objects, 23% free, 53MB/69MB, paused 528us total 23.267ms
08-04 17:22:23.625 28588 28599 I art     : Starting a blocking GC Explicit
08-04 17:22:23.653 28588 28599 I art     : Explicit concurrent mark sweep GC freed 1344(78KB) AllocSpace objects, 1(20KB) LOS objects, 23% free, 53MB/69MB, paused 561us total 27.312ms
08-04 17:22:23.664 28588 28599 I art     : Starting a blocking GC Explicit
08-04 17:22:23.688 28588 28599 I art     : Explicit concurrent mark sweep GC freed 20(704B) AllocSpace objects, 0(0B) LOS objects, 23% free, 53MB/69MB, paused 547us total 23.210ms
08-04 17:22:23.697 28588 28599 I art     : Starting a blocking GC Explicit
08-04 17:22:23.720 28588 28599 I art     : Explicit concurrent mark sweep GC freed 3(96B) AllocSpace objects, 0(0B) LOS objects, 23% free, 53MB/69MB, paused 502us total 23.186ms
08-04 17:22:23.729 28588 28599 I art     : Starting a blocking GC Explicit
08-04 17:22:23.753 28588 28599 I art     : Explicit concurrent mark sweep GC freed 3(96B) AllocSpace objects, 0(0B) LOS objects, 23% free, 53MB/69MB, paused 514us total 23.134ms
08-04 17:22:23.762 28588 28599 I art     : Starting a blocking GC Explicit
08-04 17:22:23.786 28588 28599 I art     : Explicit concurrent mark sweep GC freed 3(96B) AllocSpace objects, 0(0B) LOS objects, 23% free, 53MB/69MB, paused 489us total 23.709ms
08-04 17:22:24.114 28588 29395 I art     : Starting a blocking GC Explicit
08-04 17:22:24.143 28588 29395 I art     : Explicit concurrent mark sweep GC freed 1344(78KB) AllocSpace objects, 1(20KB) LOS objects, 23% free, 53MB/69MB, paused 533us total 29.112ms
08-04 17:22:24.156 28588 29395 I art     : Starting a blocking GC Explicit
08-04 17:22:24.178 28588 29395 I art     : Explicit concurrent mark sweep GC freed 20(704B) AllocSpace objects, 0(0B) LOS objects, 23% free, 53MB/69MB, paused 505us total 22.353ms
08-04 17:22:24.187 28588 29395 I art     : Starting a blocking GC Explicit
08-04 17:22:24.211 28588 29395 I art     : Explicit concurrent mark sweep GC freed 3(96B) AllocSpace objects, 0(0B) LOS objects, 23% free, 53MB/69MB, paused 512us total 23.394ms
08-04 17:22:24.220 28588 29395 I art     : Starting a blocking GC Explicit
08-04 17:22:24.244 28588 29395 I art     : Explicit concurrent mark sweep GC freed 3(96B) AllocSpace objects, 0(0B) LOS objects, 23% free, 53MB/69MB, paused 497us total 23.881ms
08-04 17:22:24.254 28588 29395 I art     : Starting a blocking GC Explicit
08-04 17:22:24.277 28588 29395 I art     : Explicit concurrent mark sweep GC freed 3(96B) AllocSpace objects, 0(0B) LOS objects, 23% free, 53MB/69MB, paused 523us total 23.608ms
08-04 17:22:24.605 28588 28601 I art     : Starting a blocking GC Explicit
08-04 17:22:24.638 28588 28601 I art     : Explicit concurrent mark sweep GC freed 1344(78KB) AllocSpace objects, 1(20KB) LOS objects, 23% free, 53MB/69MB, paused 613us total 32.409ms
08-04 17:22:24.650 28588 28601 I art     : Starting a blocking GC Explicit
08-04 17:22:24.674 28588 28601 I art     : Explicit concurrent mark sweep GC freed 20(704B) AllocSpace objects, 0(0B) LOS objects, 23% free, 53MB/69MB, paused 491us total 23.980ms
08-04 17:22:24.683 28588 28601 I art     : Starting a blocking GC Explicit
08-04 17:22:24.706 28588 28601 I art     : Explicit concurrent mark sweep GC freed 3(96B) AllocSpace objects, 0(0B) LOS objects, 23% free, 53MB/69MB, paused 482us total 23.242ms
08-04 17:22:24.716 28588 28601 I art     : Starting a blocking GC Explicit
08-04 17:22:24.739 28588 28601 I art     : Explicit concurrent mark sweep GC freed 3(96B) AllocSpace objects, 0(0B) LOS objects, 23% free, 53MB/69MB, paused 497us total 23.689ms
08-04 17:22:24.749 28588 28601 I art     : Starting a blocking GC Explicit
08-04 17:22:24.772 28588 28601 I art     : Explicit concurrent mark sweep GC freed 3(96B) AllocSpace objects, 0(0B) LOS objects, 23% free, 53MB/69MB, paused 464us total 23.150ms
08-04 17:22:25.094 28588 28676 I art     : Starting a blocking GC Explicit
08-04 17:22:25.127 28588 28676 I art     : Explicit concurrent mark sweep GC freed 1344(78KB) AllocSpace objects, 1(20KB) LOS objects, 23% free, 53MB/69MB, paused 538us total 32.723ms
08-04 17:22:25.140 28588 28676 I art     : Starting a blocking GC Explicit
08-04 17:22:25.165 28588 28676 I art     : Explicit concurrent mark sweep GC freed 20(704B) AllocSpace objects, 0(0B) LOS objects, 23% free, 53MB/69MB, paused 504us total 24.694ms
08-04 17:22:25.174 28588 28676 I art     : Starting a blocking GC Explicit
08-04 17:22:25.198 28588 28676 I art     : Explicit concurrent mark sweep GC freed 3(96B) AllocSpace objects, 0(0B) LOS objects, 23% free, 53MB/69MB, paused 540us total 23.771ms
08-04 17:22:25.207 28588 28676 I art     : Starting a blocking GC Explicit
08-04 17:22:25.231 28588 28676 I art     : Explicit concurrent mark sweep GC freed 3(96B) AllocSpace objects, 0(0B) LOS objects, 23% free, 53MB/69MB, paused 497us total 23.858ms
08-04 17:22:25.231 28588 28598 I art     : WaitForGcToComplete blocked for 23.178ms for cause HeapTrim
08-04 17:22:25.240 28588 28676 I art     : Starting a blocking GC Explicit
08-04 17:22:25.264 28588 28676 I art     : Explicit concurrent mark sweep GC freed 3(96B) AllocSpace objects, 0(0B) LOS objects, 23% free, 53MB/69MB, paused 482us total 23.235ms
08-04 17:22:25.342   918  3261 D WifiStateMachine: starting scan for "H369AA63323"WPA_PSK with 2412,5180
08-04 17:22:25.614 28588 28599 I art     : Starting a blocking GC Explicit
08-04 17:22:25.645 28588 28599 I art     : Explicit concurrent mark sweep GC freed 1344(78KB) AllocSpace objects, 1(20KB) LOS objects, 23% free, 53MB/69MB, paused 532us total 30.601ms
08-04 17:22:25.654 28588 28599 I art     : Starting a blocking GC Explicit
08-04 17:22:25.676 28588 28599 I art     : Explicit concurrent mark sweep GC freed 20(704B) AllocSpace objects, 0(0B) LOS objects, 23% free, 53MB/69MB, paused 524us total 22.657ms
08-04 17:22:25.686 28588 28599 I art     : Starting a blocking GC Explicit
08-04 17:22:25.707 28588 28599 I art     : Explicit concurrent mark sweep GC freed 3(96B) AllocSpace objects, 0(0B) LOS objects, 23% free, 53MB/69MB, paused 569us total 21.357ms
08-04 17:22:25.715 28588 28599 I art     : Starting a blocking GC Explicit
08-04 17:22:25.738 28588 28599 I art     : Explicit concurrent mark sweep GC freed 3(96B) AllocSpace objects, 0(0B) LOS objects, 23% free, 53MB/69MB, paused 522us total 22.159ms
08-04 17:22:25.746 28588 28599 I art     : Starting a blocking GC Explicit
08-04 17:22:25.769 28588 28599 I art     : Explicit concurrent mark sweep GC freed 3(96B) AllocSpace objects, 0(0B) LOS objects, 23% free, 53MB/69MB, paused 501us total 21.923ms
08-04 17:22:26.039 31717 31717 D AndroidRuntime: >>>>>> START com.android.internal.os.RuntimeInit uid 2000 <<<<<<
08-04 17:22:26.043 31717 31717 D AndroidRuntime: CheckJNI is OFF
08-04 17:22:26.078 31717 31717 D ICU     : No timezone override file found: /data/misc/zoneinfo/current/icu/icu_tzdata.dat
08-04 17:22:26.080 28588 29395 I art     : Starting a blocking GC Explicit
08-04 17:22:26.104 28588 29395 I art     : Explicit concurrent mark sweep GC freed 1344(78KB) AllocSpace objects, 1(20KB) LOS objects, 23% free, 53MB/69MB, paused 531us total 23.846ms
08-04 17:22:26.114 28588 29395 I art     : Starting a blocking GC Explicit
08-04 17:22:26.115 31717 31717 I Radio-JNI: register_android_hardware_Radio DONE
08-04 17:22:26.136 28588 29395 I art     : Explicit concurrent mark sweep GC freed 20(704B) AllocSpace objects, 0(0B) LOS objects, 23% free, 53MB/69MB, paused 501us total 22.409ms
08-04 17:22:26.137 31717 31717 D AndroidRuntime: Calling main entry com.android.commands.input.Input
08-04 17:22:26.140 31717 31717 I Input   : injectMotionEvent: MotionEvent { action=ACTION_DOWN, actionButton=0, id[0]=0, x[0]=369.0, y[0]=554.0, toolType[0]=TOOL_TYPE_UNKNOWN, buttonState=0, metaState=0, flags=0x0, edgeFlags=0x0, pointerCount=1, historySize=0, eventTime=724962552, downTime=724962552, deviceId=0, source=0x1002 }
08-04 17:22:26.145 28588 29395 I art     : Starting a blocking GC Explicit
08-04 17:22:26.149 31717 31717 I Input   : injectMotionEvent: MotionEvent { action=ACTION_UP, actionButton=0, id[0]=0, x[0]=369.0, y[0]=554.0, toolType[0]=TOOL_TYPE_UNKNOWN, buttonState=0, metaState=0, flags=0x0, edgeFlags=0x0, pointerCount=1, historySize=0, eventTime=724962552, downTime=724962552, deviceId=0, source=0x1002 }
08-04 17:22:26.151   918  3359 I ActivityManager: START u0 {cmp=baseline.appteam.nith.hillffair/.activities.ClubActivity (has extras)} from uid 10651 on display 0
08-04 17:22:26.157 31717 31717 D AndroidRuntime: Shutting down VM
08-04 17:22:26.166 28588 29395 I art     : Explicit concurrent mark sweep GC freed 127(8KB) AllocSpace objects, 0(0B) LOS objects, 23% free, 53MB/69MB, paused 734us total 20.586ms
08-04 17:22:26.175 28588 29395 I art     : Starting a blocking GC Explicit
08-04 17:22:26.198 28588 29395 I art     : Explicit concurrent mark sweep GC freed 3444(212KB) AllocSpace objects, 0(0B) LOS objects, 22% free, 53MB/69MB, paused 677us total 23.419ms
08-04 17:22:26.207 28588 29395 I art     : Starting a blocking GC Explicit
08-04 17:22:26.229 28588 29395 I art     : Explicit concurrent mark sweep GC freed 324(14KB) AllocSpace objects, 0(0B) LOS objects, 22% free, 53MB/69MB, paused 653us total 22.569ms
08-04 17:22:26.238   918   936 I ActivityManager: Displayed baseline.appteam.nith.hillffair/.activities.ClubActivity: +80ms
08-04 17:22:26.238 13866 13866 I GoogleInputMethodServic: GoogleInputMethodService.onFinishInput():3138 
08-04 17:22:26.238 13866 13866 I GoogleInputMethodServic: GoogleInputMethodService.onStartInput():1808 
08-04 17:22:26.480   380   380 W SurfaceFlinger: couldn't log to binary event log: overflow.
08-04 17:22:26.507 28588 28599 I art     : Starting a blocking GC Explicit
08-04 17:22:26.529 28588 28599 I art     : Explicit concurrent mark sweep GC freed 1492(87KB) AllocSpace objects, 1(20KB) LOS objects, 22% free, 53MB/69MB, paused 543us total 21.640ms
08-04 17:22:26.537 28588 28599 I art     : Starting a blocking GC Explicit
08-04 17:22:26.558 28588 28599 I art     : Explicit concurrent mark sweep GC freed 28(976B) AllocSpace objects, 0(0B) LOS objects, 22% free, 53MB/69MB, paused 506us total 20.456ms
08-04 17:22:26.567 28588 28599 I art     : Starting a blocking GC Explicit
08-04 17:22:26.590 28588 28599 I art     : Explicit concurrent mark sweep GC freed 3(96B) AllocSpace objects, 0(0B) LOS objects, 22% free, 53MB/69MB, paused 496us total 22.395ms
08-04 17:22:26.599 28588 28599 I art     : Starting a blocking GC Explicit
08-04 17:22:26.623 28588 28599 I art     : Explicit concurrent mark sweep GC freed 96(5KB) AllocSpace objects, 0(0B) LOS objects, 22% free, 53MB/69MB, paused 768us total 23.789ms
08-04 17:22:26.632 28588 28599 I art     : Starting a blocking GC Explicit
08-04 17:22:26.654 28588 28599 I art     : Explicit concurrent mark sweep GC freed 19(720B) AllocSpace objects, 0(0B) LOS objects, 22% free, 53MB/69MB, paused 492us total 21.727ms
08-04 17:22:26.951 28588 28599 I art     : Starting a blocking GC Explicit
08-04 17:22:26.963 28588 31748 D OkHttp  : --> GET https://api-hillfair-2k16.herokuapp.com/api/app/club/PR%20Club http/1.1
08-04 17:22:26.977 28588 28599 I art     : Explicit concurrent mark sweep GC freed 3978(213KB) AllocSpace objects, 3(140KB) LOS objects, 22% free, 54MB/70MB, paused 591us total 25.745ms
08-04 17:22:26.985 28588 28599 I art     : Starting a blocking GC Explicit
08-04 17:22:26.994 28588 31748 D OkHttp  : <-- 200 OK https://api-hillfair-2k16.herokuapp.com/api/app/club/PR%20Club (30ms, 979-byte body)
08-04 17:22:27.009 28588 28599 I art     : Explicit concurrent mark sweep GC freed 1181(153KB) AllocSpace objects, 1(80KB) LOS objects, 22% free, 53MB/69MB, paused 544us total 23.565ms
08-04 17:22:27.018 28588 28599 I art     : Starting a blocking GC Explicit
08-04 17:22:27.041 28588 28599 I art     : Explicit concurrent mark sweep GC freed 75(3KB) AllocSpace objects, 0(0B) LOS objects, 22% free, 53MB/69MB, paused 603us total 22.345ms
08-04 17:22:27.048 28588 28588 I NAPPA_EXPERIMENTATION: MetricNetworkRequestExecutionTime: REQUEST_DURATION_SYSTEM='864',REQUEST_DURATION_OKHTTP='31',REQUEST_SYNCHRONOUS='FALSE',RESPONSE_CODE='200',RESPONSE_METHOD='GET',RESPONSE_LENGTH_OKHTTP='979',RESPONSE_LENGTH_HEADER='979',REQUEST_PROTOCOL='http/1.1',REQUEST_URL='https://api-hillfair-2k16.herokuapp.com/api/app/club/PR%20Club',
08-04 17:22:27.049 28588 28599 I art     : Starting a blocking GC Explicit
08-04 17:22:27.073 28588 28599 I art     : Explicit concurrent mark sweep GC freed 605(95KB) AllocSpace objects, 0(0B) LOS objects, 22% free, 53MB/69MB, paused 817us total 23.116ms
08-04 17:22:27.081 28588 28599 I art     : Starting a blocking GC Explicit
08-04 17:22:27.105 28588 28599 I art     : Explicit concurrent mark sweep GC freed 70(3KB) AllocSpace objects, 0(0B) LOS objects, 22% free, 53MB/69MB, paused 532us total 23.953ms
08-04 17:22:27.395 28588 28601 I art     : Starting a blocking GC Explicit
08-04 17:22:27.418 28588 28601 I art     : Explicit concurrent mark sweep GC freed 1347(78KB) AllocSpace objects, 1(20KB) LOS objects, 22% free, 53MB/69MB, paused 518us total 23.219ms
08-04 17:22:27.427 28588 28601 I art     : Starting a blocking GC Explicit
08-04 17:22:27.451 28588 28601 I art     : Explicit concurrent mark sweep GC freed 36(1264B) AllocSpace objects, 0(0B) LOS objects, 22% free, 53MB/69MB, paused 478us total 23.395ms
08-04 17:22:27.460 28588 28601 I art     : Starting a blocking GC Explicit
08-04 17:22:27.484 28588 28601 I art     : Explicit concurrent mark sweep GC freed 3(96B) AllocSpace objects, 0(0B) LOS objects, 22% free, 53MB/69MB, paused 621us total 23.774ms
08-04 17:22:27.493 28588 28601 I art     : Starting a blocking GC Explicit
08-04 17:22:27.517 28588 28601 I art     : Explicit concurrent mark sweep GC freed 3(96B) AllocSpace objects, 0(0B) LOS objects, 22% free, 53MB/69MB, paused 601us total 24.042ms
08-04 17:22:27.526 28588 28601 I art     : Starting a blocking GC Explicit
08-04 17:22:27.551 28588 28601 I art     : Explicit concurrent mark sweep GC freed 3(96B) AllocSpace objects, 0(0B) LOS objects, 22% free, 53MB/69MB, paused 521us total 24.287ms
08-04 17:22:27.856 28588 29395 I art     : Starting a blocking GC Explicit
08-04 17:22:27.884 28588 29395 I art     : Explicit concurrent mark sweep GC freed 1344(78KB) AllocSpace objects, 1(20KB) LOS objects, 22% free, 53MB/69MB, paused 564us total 28.607ms
08-04 17:22:27.896 28588 29395 I art     : Starting a blocking GC Explicit
08-04 17:22:27.921 28588 29395 I art     : Explicit concurrent mark sweep GC freed 20(704B) AllocSpace objects, 0(0B) LOS objects, 22% free, 53MB/69MB, paused 604us total 24.898ms
08-04 17:22:27.931 28588 29395 I art     : Starting a blocking GC Explicit
08-04 17:22:27.956 28588 29395 I art     : Explicit concurrent mark sweep GC freed 3(96B) AllocSpace objects, 0(0B) LOS objects, 22% free, 53MB/69MB, paused 518us total 24.186ms
08-04 17:22:27.965 28588 29395 I art     : Starting a blocking GC Explicit
08-04 17:22:27.989 28588 29395 I art     : Explicit concurrent mark sweep GC freed 3(96B) AllocSpace objects, 0(0B) LOS objects, 22% free, 53MB/69MB, paused 528us total 24.405ms
08-04 17:22:27.999 28588 29395 I art     : Starting a blocking GC Explicit
08-04 17:22:28.024 28588 29395 I art     : Explicit concurrent mark sweep GC freed 3(96B) AllocSpace objects, 0(0B) LOS objects, 22% free, 53MB/69MB, paused 598us total 24.789ms
08-04 17:22:28.353 28588 28676 I art     : Starting a blocking GC Explicit
08-04 17:22:28.391 28588 28676 I art     : Explicit concurrent mark sweep GC freed 1344(78KB) AllocSpace objects, 1(20KB) LOS objects, 22% free, 53MB/69MB, paused 598us total 37.326ms
08-04 17:22:28.400 28588 28676 I art     : Starting a blocking GC Explicit
08-04 17:22:28.426 28588 28676 I art     : Explicit concurrent mark sweep GC freed 20(704B) AllocSpace objects, 0(0B) LOS objects, 22% free, 53MB/69MB, paused 539us total 25.182ms
08-04 17:22:28.435 28588 28676 I art     : Starting a blocking GC Explicit
08-04 17:22:28.460 28588 28676 I art     : Explicit concurrent mark sweep GC freed 3(96B) AllocSpace objects, 0(0B) LOS objects, 22% free, 53MB/69MB, paused 515us total 24.466ms
08-04 17:22:28.469 28588 28676 I art     : Starting a blocking GC Explicit
08-04 17:22:28.493 28588 28676 I art     : Explicit concurrent mark sweep GC freed 3(96B) AllocSpace objects, 0(0B) LOS objects, 22% free, 53MB/69MB, paused 525us total 24.118ms
08-04 17:22:28.502 28588 28676 I art     : Starting a blocking GC Explicit
08-04 17:22:28.527 28588 28676 I art     : Explicit concurrent mark sweep GC freed 3(96B) AllocSpace objects, 0(0B) LOS objects, 22% free, 53MB/69MB, paused 586us total 24.698ms
08-04 17:22:28.854 28588 28599 I art     : Starting a blocking GC Explicit
08-04 17:22:28.887 28588 28599 I art     : Explicit concurrent mark sweep GC freed 1344(78KB) AllocSpace objects, 1(20KB) LOS objects, 22% free, 53MB/69MB, paused 580us total 32.206ms
08-04 17:22:28.898 28588 28599 I art     : Starting a blocking GC Explicit
08-04 17:22:28.923 28588 28599 I art     : Explicit concurrent mark sweep GC freed 20(704B) AllocSpace objects, 0(0B) LOS objects, 22% free, 53MB/69MB, paused 529us total 24.853ms
08-04 17:22:28.932 28588 28599 I art     : Starting a blocking GC Explicit
08-04 17:22:28.957 28588 28599 I art     : Explicit concurrent mark sweep GC freed 3(96B) AllocSpace objects, 0(0B) LOS objects, 22% free, 53MB/69MB, paused 532us total 24.686ms
08-04 17:22:28.967 28588 28599 I art     : Starting a blocking GC Explicit
08-04 17:22:28.991 28588 28599 I art     : Explicit concurrent mark sweep GC freed 3(96B) AllocSpace objects, 0(0B) LOS objects, 22% free, 53MB/69MB, paused 526us total 24.206ms
08-04 17:22:29.000 28588 28599 I art     : Starting a blocking GC Explicit
08-04 17:22:29.026 28588 28599 I art     : Explicit concurrent mark sweep GC freed 3(96B) AllocSpace objects, 0(0B) LOS objects, 22% free, 53MB/69MB, paused 530us total 24.931ms
08-04 17:22:29.355 28588 28601 I art     : Starting a blocking GC Explicit
08-04 17:22:29.387 28588 28601 I art     : Explicit concurrent mark sweep GC freed 1344(78KB) AllocSpace objects, 1(20KB) LOS objects, 22% free, 53MB/69MB, paused 588us total 31.054ms
08-04 17:22:29.399 28588 28601 I art     : Starting a blocking GC Explicit
08-04 17:22:29.423 28588 28601 I art     : Explicit concurrent mark sweep GC freed 20(704B) AllocSpace objects, 0(0B) LOS objects, 22% free, 53MB/69MB, paused 523us total 24.181ms
08-04 17:22:29.432 28588 28601 I art     : Starting a blocking GC Explicit
08-04 17:22:29.457 28588 28601 I art     : Explicit concurrent mark sweep GC freed 3(96B) AllocSpace objects, 0(0B) LOS objects, 22% free, 53MB/69MB, paused 599us total 24.461ms
08-04 17:22:29.466 28588 28601 I art     : Starting a blocking GC Explicit
08-04 17:22:29.490 28588 28601 I art     : Explicit concurrent mark sweep GC freed 3(96B) AllocSpace objects, 0(0B) LOS objects, 22% free, 53MB/69MB, paused 526us total 24.297ms
08-04 17:22:29.500 28588 28601 I art     : Starting a blocking GC Explicit
08-04 17:22:29.525 28588 28601 I art     : Explicit concurrent mark sweep GC freed 3(96B) AllocSpace objects, 0(0B) LOS objects, 22% free, 53MB/69MB, paused 523us total 24.967ms
08-04 17:22:29.860 28588 29395 I art     : Starting a blocking GC Explicit
08-04 17:22:29.894 28588 29395 I art     : Explicit concurrent mark sweep GC freed 1344(78KB) AllocSpace objects, 1(20KB) LOS objects, 22% free, 53MB/69MB, paused 584us total 33.778ms
08-04 17:22:29.906 28588 29395 I art     : Starting a blocking GC Explicit
08-04 17:22:29.931 28588 29395 I art     : Explicit concurrent mark sweep GC freed 24(832B) AllocSpace objects, 0(0B) LOS objects, 22% free, 53MB/69MB, paused 518us total 24.996ms
08-04 17:22:29.940 28588 29395 I art     : Starting a blocking GC Explicit
08-04 17:22:29.965 28588 29395 I art     : Explicit concurrent mark sweep GC freed 20(976B) AllocSpace objects, 0(0B) LOS objects, 22% free, 53MB/69MB, paused 503us total 24.219ms
08-04 17:22:29.974 28588 29395 I art     : Starting a blocking GC Explicit
08-04 17:22:29.998 28588 29395 I art     : Explicit concurrent mark sweep GC freed 19(608B) AllocSpace objects, 0(0B) LOS objects, 22% free, 53MB/69MB, paused 518us total 24.410ms
08-04 17:22:30.008 28588 29395 I art     : Starting a blocking GC Explicit
08-04 17:22:30.032 28588 29395 I art     : Explicit concurrent mark sweep GC freed 3(96B) AllocSpace objects, 0(0B) LOS objects, 22% free, 53MB/69MB, paused 530us total 24.263ms
08-04 17:22:30.374 28588 28676 I art     : Starting a blocking GC Explicit
08-04 17:22:30.406 28588 28676 I art     : Explicit concurrent mark sweep GC freed 1344(78KB) AllocSpace objects, 1(20KB) LOS objects, 22% free, 53MB/69MB, paused 481us total 31.506ms
08-04 17:22:30.415 28588 28676 I art     : Starting a blocking GC Explicit
08-04 17:22:30.439 28588 28676 I art     : Explicit concurrent mark sweep GC freed 20(704B) AllocSpace objects, 0(0B) LOS objects, 22% free, 53MB/69MB, paused 485us total 23.748ms
08-04 17:22:30.448 28588 28676 I art     : Starting a blocking GC Explicit
08-04 17:22:30.471 28588 28676 I art     : Explicit concurrent mark sweep GC freed 3(96B) AllocSpace objects, 0(0B) LOS objects, 22% free, 53MB/69MB, paused 519us total 22.851ms
08-04 17:22:30.480 28588 28676 I art     : Starting a blocking GC Explicit
08-04 17:22:30.503 28588 28676 I art     : Explicit concurrent mark sweep GC freed 3(96B) AllocSpace objects, 0(0B) LOS objects, 22% free, 53MB/69MB, paused 518us total 22.583ms
08-04 17:22:30.511 28588 28676 I art     : Starting a blocking GC Explicit
08-04 17:22:30.534 28588 28676 I art     : Explicit concurrent mark sweep GC freed 3(96B) AllocSpace objects, 0(0B) LOS objects, 22% free, 53MB/69MB, paused 502us total 22.833ms
08-04 17:22:30.637 24412 24412 I Atfwd_Sendcmd: AtCmdFwd service not ready - Exhausted retry attempts - :6
08-04 17:22:30.637 24412 24412 I Atfwd_Daemon: result : -1 	 ,Init step :2 	 ,qmiErrorCode: 0
08-04 17:22:30.832 28588 28599 I art     : Starting a blocking GC Explicit
08-04 17:22:30.833 31840 31840 D AndroidRuntime: >>>>>> START com.android.internal.os.RuntimeInit uid 2000 <<<<<<
08-04 17:22:30.838 31840 31840 D AndroidRuntime: CheckJNI is OFF
08-04 17:22:30.857 28588 28599 I art     : Explicit concurrent mark sweep GC freed 1344(78KB) AllocSpace objects, 1(20KB) LOS objects, 22% free, 53MB/69MB, paused 519us total 24.363ms
08-04 17:22:30.866 28588 28599 I art     : Starting a blocking GC Explicit
08-04 17:22:30.877 31840 31840 D ICU     : No timezone override file found: /data/misc/zoneinfo/current/icu/icu_tzdata.dat
08-04 17:22:30.890 28588 28599 I art     : Explicit concurrent mark sweep GC freed 20(704B) AllocSpace objects, 0(0B) LOS objects, 22% free, 53MB/69MB, paused 537us total 24.157ms
08-04 17:22:30.899 28588 28599 I art     : Starting a blocking GC Explicit
08-04 17:22:30.913 31840 31840 I Radio-JNI: register_android_hardware_Radio DONE
08-04 17:22:30.923 28588 28599 I art     : Explicit concurrent mark sweep GC freed 3(96B) AllocSpace objects, 0(0B) LOS objects, 22% free, 53MB/69MB, paused 524us total 23.509ms
08-04 17:22:30.931 28588 28599 I art     : Starting a blocking GC Explicit
08-04 17:22:30.936 31840 31840 D AndroidRuntime: Calling main entry com.android.commands.input.Input
08-04 17:22:30.938 31840 31840 I Input   : injectKeyEvent: KeyEvent { action=ACTION_DOWN, keyCode=KEYCODE_BACK, scanCode=0, metaState=0, flags=0x0, repeatCount=0, eventTime=724967351, downTime=724967351, deviceId=-1, source=0x101 }
08-04 17:22:30.944 31840 31840 I Input   : injectKeyEvent: KeyEvent { action=ACTION_UP, keyCode=KEYCODE_BACK, scanCode=0, metaState=0, flags=0x0, repeatCount=0, eventTime=724967351, downTime=724967351, deviceId=-1, source=0x101 }
08-04 17:22:30.951 31840 31840 D AndroidRuntime: Shutting down VM
08-04 17:22:30.954 28588 28599 I art     : Explicit concurrent mark sweep GC freed 20(736B) AllocSpace objects, 0(0B) LOS objects, 22% free, 53MB/69MB, paused 615us total 21.897ms
08-04 17:22:30.963 28588 28599 I art     : Starting a blocking GC Explicit
08-04 17:22:30.983 28588 28599 I art     : Explicit concurrent mark sweep GC freed 129(5KB) AllocSpace objects, 0(0B) LOS objects, 22% free, 53MB/69MB, paused 463us total 20.362ms
08-04 17:22:30.990 13866 13866 I GoogleInputMethodServic: GoogleInputMethodService.onFinishInput():3138 
08-04 17:22:30.991 13866 13866 I GoogleInputMethodServic: GoogleInputMethodService.onStartInput():1808 
08-04 17:22:31.260 28588 29395 I art     : Starting a blocking GC Explicit
08-04 17:22:31.288 28588 29395 I art     : Explicit concurrent mark sweep GC freed 1381(79KB) AllocSpace objects, 1(20KB) LOS objects, 22% free, 53MB/69MB, paused 514us total 27.858ms
08-04 17:22:31.298 28588 29395 I art     : Starting a blocking GC Explicit
08-04 17:22:31.301   380   380 W SurfaceFlinger: couldn't log to binary event log: overflow.
08-04 17:22:31.322 28588 29395 I art     : Explicit concurrent mark sweep GC freed 134(9KB) AllocSpace objects, 0(0B) LOS objects, 22% free, 53MB/69MB, paused 477us total 23.937ms
08-04 17:22:31.330 28588 29395 I art     : Starting a blocking GC Explicit
08-04 17:22:31.351 28588 29395 I art     : Explicit concurrent mark sweep GC freed 1655(107KB) AllocSpace objects, 3(184KB) LOS objects, 22% free, 53MB/69MB, paused 467us total 20.550ms
08-04 17:22:31.359 28588 29395 I art     : Starting a blocking GC Explicit
08-04 17:22:31.381 28588 29395 I art     : Explicit concurrent mark sweep GC freed 3(96B) AllocSpace objects, 0(0B) LOS objects, 22% free, 53MB/69MB, paused 493us total 21.263ms
08-04 17:22:31.389 28588 29395 I art     : Starting a blocking GC Explicit
08-04 17:22:31.411 28588 29395 I art     : Explicit concurrent mark sweep GC freed 3(96B) AllocSpace objects, 0(0B) LOS objects, 22% free, 53MB/69MB, paused 502us total 21.999ms
08-04 17:22:31.705 28588 28601 I art     : Starting a blocking GC Explicit
08-04 17:22:31.736 28588 28601 I art     : Explicit concurrent mark sweep GC freed 1344(78KB) AllocSpace objects, 1(20KB) LOS objects, 22% free, 53MB/69MB, paused 545us total 29.920ms
08-04 17:22:31.748 28588 28601 I art     : Starting a blocking GC Explicit
08-04 17:22:31.772 28588 28601 I art     : Explicit concurrent mark sweep GC freed 20(704B) AllocSpace objects, 0(0B) LOS objects, 22% free, 53MB/69MB, paused 523us total 23.876ms
08-04 17:22:31.781 28588 28601 I art     : Starting a blocking GC Explicit
08-04 17:22:31.805 28588 28601 I art     : Explicit concurrent mark sweep GC freed 3(96B) AllocSpace objects, 0(0B) LOS objects, 22% free, 53MB/69MB, paused 510us total 23.554ms
08-04 17:22:31.814 28588 28601 I art     : Starting a blocking GC Explicit
08-04 17:22:31.838 28588 28601 I art     : Explicit concurrent mark sweep GC freed 3(96B) AllocSpace objects, 0(0B) LOS objects, 22% free, 53MB/69MB, paused 515us total 23.719ms
08-04 17:22:31.847 28588 28601 I art     : Starting a blocking GC Explicit
08-04 17:22:31.872 28588 28601 I art     : Explicit concurrent mark sweep GC freed 3(96B) AllocSpace objects, 0(0B) LOS objects, 22% free, 53MB/69MB, paused 520us total 24.464ms
08-04 17:22:32.179 28588 28599 I art     : Starting a blocking GC Explicit
08-04 17:22:32.208 28588 28599 I art     : Explicit concurrent mark sweep GC freed 1344(78KB) AllocSpace objects, 1(20KB) LOS objects, 22% free, 53MB/69MB, paused 551us total 28.606ms
08-04 17:22:32.217 28588 28599 I art     : Starting a blocking GC Explicit
08-04 17:22:32.239 28588 28599 I art     : Explicit concurrent mark sweep GC freed 20(704B) AllocSpace objects, 0(0B) LOS objects, 22% free, 53MB/69MB, paused 494us total 22.091ms
08-04 17:22:32.248 28588 28599 I art     : Starting a blocking GC Explicit
08-04 17:22:32.270 28588 28599 I art     : Explicit concurrent mark sweep GC freed 3(96B) AllocSpace objects, 0(0B) LOS objects, 22% free, 53MB/69MB, paused 469us total 21.701ms
08-04 17:22:32.278 28588 28599 I art     : Starting a blocking GC Explicit
08-04 17:22:32.301 28588 28599 I art     : Explicit concurrent mark sweep GC freed 3(96B) AllocSpace objects, 0(0B) LOS objects, 22% free, 53MB/69MB, paused 499us total 22.469ms
08-04 17:22:32.310 28588 28599 I art     : Starting a blocking GC Explicit
08-04 17:22:32.332 28588 28599 I art     : Explicit concurrent mark sweep GC freed 3(96B) AllocSpace objects, 0(0B) LOS objects, 22% free, 53MB/69MB, paused 498us total 22.060ms
08-04 17:22:32.604 31893 31893 D AndroidRuntime: >>>>>> START com.android.internal.os.RuntimeInit uid 2000 <<<<<<
08-04 17:22:32.609 31893 31893 D AndroidRuntime: CheckJNI is OFF
08-04 17:22:32.611 28588 28676 I art     : Starting a blocking GC Explicit
08-04 17:22:32.635 28588 28676 I art     : Explicit concurrent mark sweep GC freed 1344(78KB) AllocSpace objects, 1(20KB) LOS objects, 22% free, 53MB/69MB, paused 538us total 23.559ms
08-04 17:22:32.644 28588 28676 I art     : Starting a blocking GC Explicit
08-04 17:22:32.646 31893 31893 D ICU     : No timezone override file found: /data/misc/zoneinfo/current/icu/icu_tzdata.dat
08-04 17:22:32.667 28588 28676 I art     : Explicit concurrent mark sweep GC freed 20(704B) AllocSpace objects, 0(0B) LOS objects, 22% free, 53MB/69MB, paused 562us total 22.678ms
08-04 17:22:32.675 28588 28676 I art     : Starting a blocking GC Explicit
08-04 17:22:32.679 31893 31893 I Radio-JNI: register_android_hardware_Radio DONE
08-04 17:22:32.696 28588 28676 I art     : Explicit concurrent mark sweep GC freed 3(96B) AllocSpace objects, 0(0B) LOS objects, 22% free, 53MB/69MB, paused 510us total 21.084ms
08-04 17:22:32.700 31893 31893 D AndroidRuntime: Calling main entry com.android.commands.input.Input
08-04 17:22:32.701 31893 31893 I Input   : injectMotionEvent: MotionEvent { action=ACTION_DOWN, actionButton=0, id[0]=0, x[0]=1012.0, y[0]=1152.0, toolType[0]=TOOL_TYPE_UNKNOWN, buttonState=0, metaState=0, flags=0x0, edgeFlags=0x0, pointerCount=1, historySize=0, eventTime=724969114, downTime=724969114, deviceId=0, source=0x1002 }
08-04 17:22:32.705 28588 28676 I art     : Starting a blocking GC Explicit
08-04 17:22:32.707 31893 31893 I Input   : injectMotionEvent: MotionEvent { action=ACTION_UP, actionButton=0, id[0]=0, x[0]=1012.0, y[0]=1152.0, toolType[0]=TOOL_TYPE_UNKNOWN, buttonState=0, metaState=0, flags=0x0, edgeFlags=0x0, pointerCount=1, historySize=0, eventTime=724969114, downTime=724969114, deviceId=0, source=0x1002 }
08-04 17:22:32.708   918  6110 I ActivityManager: START u0 {cmp=baseline.appteam.nith.hillffair/.activities.ClubActivity (has extras)} from uid 10651 on display 0
08-04 17:22:32.714 31893 31893 D AndroidRuntime: Shutting down VM
08-04 17:22:32.725 28588 28676 I art     : Explicit concurrent mark sweep GC freed 28(896B) AllocSpace objects, 0(0B) LOS objects, 22% free, 53MB/69MB, paused 765us total 20.653ms
08-04 17:22:32.735 28588 28676 I art     : Starting a blocking GC Explicit
08-04 17:22:32.759 28588 28676 I art     : Explicit concurrent mark sweep GC freed 3304(199KB) AllocSpace objects, 0(0B) LOS objects, 22% free, 53MB/69MB, paused 865us total 24.020ms
08-04 17:22:32.812 13866 13866 I GoogleInputMethodServic: GoogleInputMethodService.onFinishInput():3138 
08-04 17:22:32.813 13866 13866 I GoogleInputMethodServic: GoogleInputMethodService.onStartInput():1808 
08-04 17:22:32.814   918   936 I ActivityManager: Displayed baseline.appteam.nith.hillffair/.activities.ClubActivity: +98ms
08-04 17:22:33.040 28588 28601 I art     : Starting a blocking GC Explicit
08-04 17:22:33.063 28588 28601 I art     : Explicit concurrent mark sweep GC freed 1791(111KB) AllocSpace objects, 1(20KB) LOS objects, 22% free, 53MB/69MB, paused 517us total 23.325ms
08-04 17:22:33.070   380   380 W SurfaceFlinger: couldn't log to binary event log: overflow.
08-04 17:22:33.073 28588 28601 I art     : Starting a blocking GC Explicit
08-04 17:22:33.095 28588 28601 I art     : Explicit concurrent mark sweep GC freed 55(2656B) AllocSpace objects, 0(0B) LOS objects, 22% free, 53MB/69MB, paused 514us total 21.782ms
08-04 17:22:33.103 28588 28601 I art     : Starting a blocking GC Explicit
08-04 17:22:33.123 28588 28601 I art     : Explicit concurrent mark sweep GC freed 3(96B) AllocSpace objects, 0(0B) LOS objects, 22% free, 53MB/69MB, paused 495us total 19.836ms
08-04 17:22:33.133 28588 28601 I art     : Starting a blocking GC Explicit
08-04 17:22:33.155 28588 28601 I art     : Explicit concurrent mark sweep GC freed 3(96B) AllocSpace objects, 0(0B) LOS objects, 22% free, 53MB/69MB, paused 544us total 21.851ms
08-04 17:22:33.164 28588 28601 I art     : Starting a blocking GC Explicit
08-04 17:22:33.187 28588 28601 I art     : Explicit concurrent mark sweep GC freed 3(96B) AllocSpace objects, 0(0B) LOS objects, 22% free, 53MB/69MB, paused 624us total 23.208ms
08-04 17:22:33.473 28588 28599 I art     : Starting a blocking GC Explicit
08-04 17:22:33.499 28588 28599 I art     : Explicit concurrent mark sweep GC freed 1498(86KB) AllocSpace objects, 1(20KB) LOS objects, 22% free, 53MB/69MB, paused 582us total 25.136ms
08-04 17:22:33.508 28588 28599 I art     : Starting a blocking GC Explicit
08-04 17:22:33.530 28588 28599 I art     : Explicit concurrent mark sweep GC freed 62(2112B) AllocSpace objects, 0(0B) LOS objects, 22% free, 53MB/69MB, paused 536us total 22.237ms
08-04 17:22:33.539 28588 28599 I art     : Starting a blocking GC Explicit
08-04 17:22:33.561 28588 28599 I art     : Explicit concurrent mark sweep GC freed 13(480B) AllocSpace objects, 0(0B) LOS objects, 22% free, 53MB/69MB, paused 543us total 22.292ms
08-04 17:22:33.570 28588 28599 I art     : Starting a blocking GC Explicit
08-04 17:22:33.593 28588 28599 I art     : Explicit concurrent mark sweep GC freed 411(18KB) AllocSpace objects, 0(0B) LOS objects, 22% free, 53MB/69MB, paused 647us total 23.082ms
08-04 17:22:33.602 28588 28599 I art     : Starting a blocking GC Explicit
08-04 17:22:33.625 28588 28599 I art     : Explicit concurrent mark sweep GC freed 2121(111KB) AllocSpace objects, 2(120KB) LOS objects, 22% free, 54MB/70MB, paused 599us total 23.030ms
08-04 17:22:33.626 28588 31916 D OkHttp  : --> GET https://api-hillfair-2k16.herokuapp.com/api/app/club/Design%20and%20Decoration%20Club http/1.1
08-04 17:22:33.656 28588 31916 D OkHttp  : <-- 200 OK https://api-hillfair-2k16.herokuapp.com/api/app/club/Design%20and%20Decoration%20Club (30ms, 760-byte body)
08-04 17:22:33.707 28588 28588 I NAPPA_EXPERIMENTATION: MetricNetworkRequestExecutionTime: REQUEST_DURATION_SYSTEM='961',REQUEST_DURATION_OKHTTP='30',REQUEST_SYNCHRONOUS='FALSE',RESPONSE_CODE='200',RESPONSE_METHOD='GET',RESPONSE_LENGTH_OKHTTP='760',RESPONSE_LENGTH_HEADER='760',REQUEST_PROTOCOL='http/1.1',REQUEST_URL='https://api-hillfair-2k16.herokuapp.com/api/app/club/Design%20and%20Decoration%20Club',
08-04 17:22:33.915 28588 29395 I art     : Starting a blocking GC Explicit
08-04 17:22:33.941 28588 29395 I art     : Explicit concurrent mark sweep GC freed 3211(325KB) AllocSpace objects, 2(100KB) LOS objects, 22% free, 53MB/69MB, paused 531us total 26.242ms
08-04 17:22:33.951 28588 29395 I art     : Starting a blocking GC Explicit
08-04 17:22:33.976 28588 29395 I art     : Explicit concurrent mark sweep GC freed 105(3KB) AllocSpace objects, 0(0B) LOS objects, 22% free, 53MB/69MB, paused 505us total 24.832ms
08-04 17:22:33.985 28588 29395 I art     : Starting a blocking GC Explicit
08-04 17:22:34.009 28588 29395 I art     : Explicit concurrent mark sweep GC freed 3(96B) AllocSpace objects, 0(0B) LOS objects, 22% free, 53MB/69MB, paused 564us total 23.975ms
08-04 17:22:34.019 28588 29395 I art     : Starting a blocking GC Explicit
08-04 17:22:34.042 28588 29395 I art     : Explicit concurrent mark sweep GC freed 3(96B) AllocSpace objects, 0(0B) LOS objects, 22% free, 53MB/69MB, paused 484us total 23.136ms
08-04 17:22:34.051 28588 29395 I art     : Starting a blocking GC Explicit
08-04 17:22:34.076 28588 29395 I art     : Explicit concurrent mark sweep GC freed 3(96B) AllocSpace objects, 0(0B) LOS objects, 22% free, 53MB/69MB, paused 513us total 24.121ms
08-04 17:22:34.362 28588 28601 I art     : Starting a blocking GC Explicit
08-04 17:22:34.388 28588 28601 I art     : Explicit concurrent mark sweep GC freed 1360(78KB) AllocSpace objects, 1(20KB) LOS objects, 22% free, 53MB/69MB, paused 559us total 26.066ms
08-04 17:22:34.398 28588 28601 I art     : Starting a blocking GC Explicit
08-04 17:22:34.425 28588 28601 I art     : Explicit concurrent mark sweep GC freed 20(704B) AllocSpace objects, 0(0B) LOS objects, 22% free, 53MB/69MB, paused 551us total 26.637ms
08-04 17:22:34.434 28588 28601 I art     : Starting a blocking GC Explicit
08-04 17:22:34.459 28588 28601 I art     : Explicit concurrent mark sweep GC freed 3(96B) AllocSpace objects, 0(0B) LOS objects, 22% free, 53MB/69MB, paused 535us total 25.163ms
08-04 17:22:34.468 28588 28601 I art     : Starting a blocking GC Explicit
08-04 17:22:34.493 28588 28601 I art     : Explicit concurrent mark sweep GC freed 3(96B) AllocSpace objects, 0(0B) LOS objects, 22% free, 53MB/69MB, paused 518us total 24.426ms
08-04 17:22:34.502 28588 28601 I art     : Starting a blocking GC Explicit
08-04 17:22:34.528 28588 28601 I art     : Explicit concurrent mark sweep GC freed 3(96B) AllocSpace objects, 0(0B) LOS objects, 22% free, 53MB/69MB, paused 548us total 25.294ms
08-04 17:22:34.833 28588 29395 I art     : Starting a blocking GC Explicit
08-04 17:22:34.864 28588 29395 I art     : Explicit concurrent mark sweep GC freed 1344(78KB) AllocSpace objects, 1(20KB) LOS objects, 22% free, 53MB/69MB, paused 574us total 31.205ms
08-04 17:22:34.877 28588 29395 I art     : Starting a blocking GC Explicit
08-04 17:22:34.906 28588 29395 I art     : Explicit concurrent mark sweep GC freed 20(704B) AllocSpace objects, 0(0B) LOS objects, 22% free, 53MB/69MB, paused 567us total 28.215ms
08-04 17:22:34.915 28588 29395 I art     : Starting a blocking GC Explicit
08-04 17:22:34.941 28588 29395 I art     : Explicit concurrent mark sweep GC freed 6(192B) AllocSpace objects, 0(0B) LOS objects, 22% free, 53MB/69MB, paused 518us total 25.116ms
08-04 17:22:34.950 28588 29395 I art     : Starting a blocking GC Explicit
08-04 17:22:34.975 28588 29395 I art     : Explicit concurrent mark sweep GC freed 21(1008B) AllocSpace objects, 0(0B) LOS objects, 22% free, 53MB/69MB, paused 506us total 24.634ms
08-04 17:22:34.984 28588 29395 I art     : Starting a blocking GC Explicit
08-04 17:22:35.009 28588 29395 I art     : Explicit concurrent mark sweep GC freed 19(608B) AllocSpace objects, 0(0B) LOS objects, 22% free, 53MB/69MB, paused 624us total 24.704ms
08-04 17:22:35.335 28588 28599 I art     : Starting a blocking GC Explicit
08-04 17:22:35.367 28588 28599 I art     : Explicit concurrent mark sweep GC freed 1344(78KB) AllocSpace objects, 1(20KB) LOS objects, 22% free, 53MB/69MB, paused 579us total 31.590ms
08-04 17:22:35.380 28588 28599 I art     : Starting a blocking GC Explicit
08-04 17:22:35.406 28588 28599 I art     : Explicit concurrent mark sweep GC freed 20(704B) AllocSpace objects, 0(0B) LOS objects, 22% free, 53MB/69MB, paused 522us total 25.958ms
08-04 17:22:35.415 28588 28599 I art     : Starting a blocking GC Explicit
08-04 17:22:35.441 28588 28599 I art     : Explicit concurrent mark sweep GC freed 3(96B) AllocSpace objects, 0(0B) LOS objects, 22% free, 53MB/69MB, paused 510us total 25.232ms
08-04 17:22:35.441 28588 28598 I art     : WaitForGcToComplete blocked for 25.654ms for cause HeapTrim
08-04 17:22:35.450 28588 28599 I art     : Starting a blocking GC Explicit
08-04 17:22:35.476 28588 28599 I art     : Explicit concurrent mark sweep GC freed 3(96B) AllocSpace objects, 0(0B) LOS objects, 22% free, 53MB/69MB, paused 520us total 25.132ms
08-04 17:22:35.485 28588 28599 I art     : Starting a blocking GC Explicit
08-04 17:22:35.510 28588 28599 I art     : Explicit concurrent mark sweep GC freed 3(96B) AllocSpace objects, 0(0B) LOS objects, 22% free, 53MB/69MB, paused 566us total 24.526ms
08-04 17:22:35.774   918  3188 I hubconnection: sensorhub said: 'set_bias 3: -6.2400, 0.0000, 0.0000'
08-04 17:22:35.845 28588 28676 I art     : Starting a blocking GC Explicit
08-04 17:22:35.875 28588 28676 I art     : Explicit concurrent mark sweep GC freed 1344(78KB) AllocSpace objects, 1(20KB) LOS objects, 22% free, 53MB/69MB, paused 578us total 30.670ms
08-04 17:22:35.888 28588 28676 I art     : Starting a blocking GC Explicit
08-04 17:22:35.919 28588 28676 I art     : Explicit concurrent mark sweep GC freed 20(704B) AllocSpace objects, 0(0B) LOS objects, 22% free, 53MB/69MB, paused 596us total 30.210ms
08-04 17:22:35.930 28588 28676 I art     : Starting a blocking GC Explicit
08-04 17:22:35.955 28588 28676 I art     : Explicit concurrent mark sweep GC freed 3(96B) AllocSpace objects, 0(0B) LOS objects, 22% free, 53MB/69MB, paused 520us total 25.144ms
08-04 17:22:35.964 28588 28676 I art     : Starting a blocking GC Explicit
08-04 17:22:35.989 28588 28676 I art     : Explicit concurrent mark sweep GC freed 3(96B) AllocSpace objects, 0(0B) LOS objects, 22% free, 53MB/69MB, paused 511us total 24.730ms
08-04 17:22:35.999 28588 28676 I art     : Starting a blocking GC Explicit
08-04 17:22:36.023 28588 28676 I art     : Explicit concurrent mark sweep GC freed 3(96B) AllocSpace objects, 0(0B) LOS objects, 22% free, 53MB/69MB, paused 533us total 24.654ms
08-04 17:22:36.352 28588 28601 I art     : Starting a blocking GC Explicit
08-04 17:22:36.387 28588 28601 I art     : Explicit concurrent mark sweep GC freed 1344(78KB) AllocSpace objects, 1(20KB) LOS objects, 22% free, 53MB/69MB, paused 619us total 34.577ms
08-04 17:22:36.401 28588 28601 I art     : Starting a blocking GC Explicit
08-04 17:22:36.427 28588 28601 I art     : Explicit concurrent mark sweep GC freed 20(704B) AllocSpace objects, 0(0B) LOS objects, 22% free, 53MB/69MB, paused 535us total 25.219ms
08-04 17:22:36.436 28588 28601 I art     : Starting a blocking GC Explicit
08-04 17:22:36.461 28588 28601 I art     : Explicit concurrent mark sweep GC freed 3(96B) AllocSpace objects, 0(0B) LOS objects, 22% free, 53MB/69MB, paused 511us total 24.721ms
08-04 17:22:36.470 28588 28601 I art     : Starting a blocking GC Explicit
08-04 17:22:36.495 28588 28601 I art     : Explicit concurrent mark sweep GC freed 3(96B) AllocSpace objects, 0(0B) LOS objects, 22% free, 53MB/69MB, paused 514us total 24.549ms
08-04 17:22:36.504 28588 28601 I art     : Starting a blocking GC Explicit
08-04 17:22:36.528 28588 28601 I art     : Explicit concurrent mark sweep GC freed 3(96B) AllocSpace objects, 0(0B) LOS objects, 22% free, 53MB/69MB, paused 568us total 24.289ms
08-04 17:22:36.842 28588 29395 I art     : Starting a blocking GC Explicit
08-04 17:22:36.877 28588 29395 I art     : Explicit concurrent mark sweep GC freed 1344(78KB) AllocSpace objects, 1(20KB) LOS objects, 22% free, 53MB/69MB, paused 587us total 34.620ms
08-04 17:22:36.890 28588 29395 I art     : Starting a blocking GC Explicit
08-04 17:22:36.916 28588 29395 I art     : Explicit concurrent mark sweep GC freed 20(704B) AllocSpace objects, 0(0B) LOS objects, 22% free, 53MB/69MB, paused 534us total 25.902ms
08-04 17:22:36.925 28588 29395 I art     : Starting a blocking GC Explicit
08-04 17:22:36.950 28588 29395 I art     : Explicit concurrent mark sweep GC freed 3(96B) AllocSpace objects, 0(0B) LOS objects, 22% free, 53MB/69MB, paused 507us total 24.479ms
08-04 17:22:36.959 28588 29395 I art     : Starting a blocking GC Explicit
08-04 17:22:36.984 28588 29395 I art     : Explicit concurrent mark sweep GC freed 3(96B) AllocSpace objects, 0(0B) LOS objects, 22% free, 53MB/69MB, paused 499us total 23.947ms
08-04 17:22:36.993 28588 29395 I art     : Starting a blocking GC Explicit
08-04 17:22:37.016 28588 29395 I art     : Explicit concurrent mark sweep GC freed 3(96B) AllocSpace objects, 0(0B) LOS objects, 22% free, 53MB/69MB, paused 480us total 22.599ms
08-04 17:22:37.310 28588 28599 I art     : Starting a blocking GC Explicit
08-04 17:22:37.335 28588 28599 I art     : Explicit concurrent mark sweep GC freed 1344(78KB) AllocSpace objects, 1(20KB) LOS objects, 22% free, 53MB/69MB, paused 544us total 24.937ms
08-04 17:22:37.344 28588 28599 I art     : Starting a blocking GC Explicit
08-04 17:22:37.369 28588 28599 I art     : Explicit concurrent mark sweep GC freed 20(704B) AllocSpace objects, 0(0B) LOS objects, 22% free, 53MB/69MB, paused 554us total 24.424ms
08-04 17:22:37.378 28588 28599 I art     : Starting a blocking GC Explicit
08-04 17:22:37.402 28588 28599 I art     : Explicit concurrent mark sweep GC freed 3(96B) AllocSpace objects, 0(0B) LOS objects, 22% free, 53MB/69MB, paused 558us total 23.425ms
08-04 17:22:37.409 32011 32011 D AndroidRuntime: >>>>>> START com.android.internal.os.RuntimeInit uid 2000 <<<<<<
08-04 17:22:37.411 28588 28599 I art     : Starting a blocking GC Explicit
08-04 17:22:37.414 32011 32011 D AndroidRuntime: CheckJNI is OFF
08-04 17:22:37.434 28588 28599 I art     : Explicit concurrent mark sweep GC freed 3(96B) AllocSpace objects, 0(0B) LOS objects, 22% free, 53MB/69MB, paused 522us total 23.292ms
08-04 17:22:37.443 28588 28599 I art     : Starting a blocking GC Explicit
08-04 17:22:37.450 32011 32011 D ICU     : No timezone override file found: /data/misc/zoneinfo/current/icu/icu_tzdata.dat
08-04 17:22:37.467 28588 28599 I art     : Explicit concurrent mark sweep GC freed 3(96B) AllocSpace objects, 0(0B) LOS objects, 22% free, 53MB/69MB, paused 546us total 23.524ms
08-04 17:22:37.486 32011 32011 I Radio-JNI: register_android_hardware_Radio DONE
08-04 17:22:37.507 32011 32011 D AndroidRuntime: Calling main entry com.android.commands.input.Input
08-04 17:22:37.509 32011 32011 I Input   : injectKeyEvent: KeyEvent { action=ACTION_DOWN, keyCode=KEYCODE_BACK, scanCode=0, metaState=0, flags=0x0, repeatCount=0, eventTime=724973922, downTime=724973922, deviceId=-1, source=0x101 }
08-04 17:22:37.515 32011 32011 I Input   : injectKeyEvent: KeyEvent { action=ACTION_UP, keyCode=KEYCODE_BACK, scanCode=0, metaState=0, flags=0x0, repeatCount=0, eventTime=724973922, downTime=724973922, deviceId=-1, source=0x101 }
08-04 17:22:37.520 32011 32011 D AndroidRuntime: Shutting down VM
08-04 17:22:37.566 13866 13866 I GoogleInputMethodServic: GoogleInputMethodService.onFinishInput():3138 
08-04 17:22:37.567 13866 13866 I GoogleInputMethodServic: GoogleInputMethodService.onStartInput():1808 
08-04 17:22:37.723 28588 28601 I art     : Starting a blocking GC Explicit
08-04 17:22:37.751 28588 28601 I art     : Explicit concurrent mark sweep GC freed 1526(86KB) AllocSpace objects, 1(20KB) LOS objects, 22% free, 53MB/69MB, paused 547us total 27.934ms
08-04 17:22:37.761 28588 28601 I art     : Starting a blocking GC Explicit
08-04 17:22:37.785 28588 28601 I art     : Explicit concurrent mark sweep GC freed 26(944B) AllocSpace objects, 0(0B) LOS objects, 22% free, 53MB/69MB, paused 454us total 23.179ms
08-04 17:22:37.793 28588 28601 I art     : Starting a blocking GC Explicit
08-04 17:22:37.816 28588 28601 I art     : Explicit concurrent mark sweep GC freed 3(96B) AllocSpace objects, 0(0B) LOS objects, 22% free, 53MB/69MB, paused 450us total 22.688ms
08-04 17:22:37.825 28588 28601 I art     : Starting a blocking GC Explicit
08-04 17:22:37.851 28588 28601 I art     : Explicit concurrent mark sweep GC freed 3(96B) AllocSpace objects, 0(0B) LOS objects, 22% free, 53MB/69MB, paused 469us total 26.400ms
08-04 17:22:37.858   380   380 W SurfaceFlinger: couldn't log to binary event log: overflow.
08-04 17:22:37.862 28588 28601 I art     : Starting a blocking GC Explicit
08-04 17:22:37.885 28588 28601 I art     : Explicit concurrent mark sweep GC freed 109(8KB) AllocSpace objects, 0(0B) LOS objects, 22% free, 53MB/69MB, paused 459us total 23.133ms
08-04 17:22:38.175 28588 28676 I art     : Starting a blocking GC Explicit
08-04 17:22:38.205 28588 28676 I art     : Explicit concurrent mark sweep GC freed 1457(84KB) AllocSpace objects, 1(20KB) LOS objects, 22% free, 53MB/69MB, paused 560us total 29.997ms
08-04 17:22:38.215 28588 28676 I art     : Starting a blocking GC Explicit
08-04 17:22:38.239 28588 28676 I art     : Explicit concurrent mark sweep GC freed 1561(101KB) AllocSpace objects, 3(180KB) LOS objects, 22% free, 53MB/69MB, paused 531us total 24.600ms
08-04 17:22:38.248 28588 28676 I art     : Starting a blocking GC Explicit
08-04 17:22:38.272 28588 28676 I art     : Explicit concurrent mark sweep GC freed 3(96B) AllocSpace objects, 0(0B) LOS objects, 22% free, 53MB/69MB, paused 503us total 23.387ms
08-04 17:22:38.281 28588 28676 I art     : Starting a blocking GC Explicit
08-04 17:22:38.305 28588 28676 I art     : Explicit concurrent mark sweep GC freed 3(96B) AllocSpace objects, 0(0B) LOS objects, 22% free, 53MB/69MB, paused 527us total 23.840ms
08-04 17:22:38.314 28588 28676 I art     : Starting a blocking GC Explicit
08-04 17:22:38.338 28588 28676 I art     : Explicit concurrent mark sweep GC freed 3(96B) AllocSpace objects, 0(0B) LOS objects, 22% free, 53MB/69MB, paused 522us total 23.944ms
08-04 17:22:38.644 28588 29395 I art     : Starting a blocking GC Explicit
08-04 17:22:38.672 28588 29395 I art     : Explicit concurrent mark sweep GC freed 1344(78KB) AllocSpace objects, 1(20KB) LOS objects, 22% free, 53MB/69MB, paused 531us total 27.632ms
08-04 17:22:38.681 28588 29395 I art     : Starting a blocking GC Explicit
08-04 17:22:38.705 28588 29395 I art     : Explicit concurrent mark sweep GC freed 20(704B) AllocSpace objects, 0(0B) LOS objects, 22% free, 53MB/69MB, paused 519us total 24.138ms
08-04 17:22:38.714 28588 29395 I art     : Starting a blocking GC Explicit
08-04 17:22:38.739 28588 29395 I art     : Explicit concurrent mark sweep GC freed 3(96B) AllocSpace objects, 0(0B) LOS objects, 22% free, 53MB/69MB, paused 519us total 24.226ms
08-04 17:22:38.748 28588 29395 I art     : Starting a blocking GC Explicit
08-04 17:22:38.771 28588 29395 I art     : Explicit concurrent mark sweep GC freed 3(96B) AllocSpace objects, 0(0B) LOS objects, 22% free, 53MB/69MB, paused 495us total 22.653ms
08-04 17:22:38.780 28588 29395 I art     : Starting a blocking GC Explicit
08-04 17:22:38.801 28588 29395 I art     : Explicit concurrent mark sweep GC freed 3(96B) AllocSpace objects, 0(0B) LOS objects, 22% free, 53MB/69MB, paused 511us total 20.721ms
08-04 17:22:39.080 28588 28599 I art     : Starting a blocking GC Explicit
08-04 17:22:39.108 28588 28599 I art     : Explicit concurrent mark sweep GC freed 1344(78KB) AllocSpace objects, 1(20KB) LOS objects, 22% free, 53MB/69MB, paused 544us total 27.807ms
08-04 17:22:39.118 28588 28599 I art     : Starting a blocking GC Explicit
08-04 17:22:39.141 28588 28599 I art     : Explicit concurrent mark sweep GC freed 20(704B) AllocSpace objects, 0(0B) LOS objects, 22% free, 53MB/69MB, paused 533us total 23.509ms
08-04 17:22:39.151 28588 28599 I art     : Starting a blocking GC Explicit
08-04 17:22:39.170 32065 32065 D AndroidRuntime: >>>>>> START com.android.internal.os.RuntimeInit uid 2000 <<<<<<
08-04 17:22:39.174 28588 28599 I art     : Explicit concurrent mark sweep GC freed 3(96B) AllocSpace objects, 0(0B) LOS objects, 22% free, 53MB/69MB, paused 553us total 22.952ms
08-04 17:22:39.175 32065 32065 D AndroidRuntime: CheckJNI is OFF
08-04 17:22:39.183 28588 28599 I art     : Starting a blocking GC Explicit
08-04 17:22:39.205 28588 28599 I art     : Explicit concurrent mark sweep GC freed 3(96B) AllocSpace objects, 0(0B) LOS objects, 22% free, 53MB/69MB, paused 522us total 21.901ms
08-04 17:22:39.211 32065 32065 D ICU     : No timezone override file found: /data/misc/zoneinfo/current/icu/icu_tzdata.dat
08-04 17:22:39.214 28588 28599 I art     : Starting a blocking GC Explicit
08-04 17:22:39.236 28588 28599 I art     : Explicit concurrent mark sweep GC freed 3(96B) AllocSpace objects, 0(0B) LOS objects, 22% free, 53MB/69MB, paused 523us total 22.290ms
08-04 17:22:39.246 32065 32065 I Radio-JNI: register_android_hardware_Radio DONE
08-04 17:22:39.267 32065 32065 D AndroidRuntime: Calling main entry com.android.commands.input.Input
08-04 17:22:39.269 32065 32065 I Input   : injectMotionEvent: MotionEvent { action=ACTION_DOWN, actionButton=0, id[0]=0, x[0]=255.0, y[0]=1845.0, toolType[0]=TOOL_TYPE_UNKNOWN, buttonState=0, metaState=0, flags=0x0, edgeFlags=0x0, pointerCount=1, historySize=0, eventTime=724975682, downTime=724975682, deviceId=0, source=0x1002 }
08-04 17:22:39.275 32065 32065 I Input   : injectMotionEvent: MotionEvent { action=ACTION_UP, actionButton=0, id[0]=0, x[0]=255.0, y[0]=1845.0, toolType[0]=TOOL_TYPE_UNKNOWN, buttonState=0, metaState=0, flags=0x0, edgeFlags=0x0, pointerCount=1, historySize=0, eventTime=724975682, downTime=724975682, deviceId=0, source=0x1002 }
08-04 17:22:39.276   918  3696 I ActivityManager: START u0 {cmp=baseline.appteam.nith.hillffair/.activities.ClubActivity (has extras)} from uid 10651 on display 0
08-04 17:22:39.285 32065 32065 D AndroidRuntime: Shutting down VM
08-04 17:22:39.392 13866 13866 I GoogleInputMethodServic: GoogleInputMethodService.onFinishInput():3138 
08-04 17:22:39.393 13866 13866 I GoogleInputMethodServic: GoogleInputMethodService.onStartInput():1808 
08-04 17:22:39.394   918   936 I ActivityManager: Displayed baseline.appteam.nith.hillffair/.activities.ClubActivity: +107ms
08-04 17:22:39.496 28588 28676 I art     : Starting a blocking GC Explicit
08-04 17:22:39.523 28588 28676 I art     : Explicit concurrent mark sweep GC freed 4993(308KB) AllocSpace objects, 1(20KB) LOS objects, 22% free, 53MB/69MB, paused 530us total 27.488ms
08-04 17:22:39.534 28588 28676 I art     : Starting a blocking GC Explicit
08-04 17:22:39.563 28588 28676 I art     : Explicit concurrent mark sweep GC freed 216(10KB) AllocSpace objects, 0(0B) LOS objects, 22% free, 53MB/69MB, paused 633us total 28.762ms
08-04 17:22:39.574 28588 28676 I art     : Starting a blocking GC Explicit
08-04 17:22:39.603 28588 28676 I art     : Explicit concurrent mark sweep GC freed 3(96B) AllocSpace objects, 0(0B) LOS objects, 22% free, 53MB/69MB, paused 541us total 27.989ms
08-04 17:22:39.613 28588 28676 I art     : Starting a blocking GC Explicit
08-04 17:22:39.641 28588 28676 I art     : Explicit concurrent mark sweep GC freed 3(96B) AllocSpace objects, 0(0B) LOS objects, 22% free, 53MB/69MB, paused 575us total 26.921ms
08-04 17:22:39.644   380   380 W SurfaceFlinger: couldn't log to binary event log: overflow.
08-04 17:22:39.652 28588 28676 I art     : Starting a blocking GC Explicit
08-04 17:22:39.675 28588 28676 I art     : Explicit concurrent mark sweep GC freed 3(96B) AllocSpace objects, 0(0B) LOS objects, 22% free, 53MB/69MB, paused 563us total 22.474ms
08-04 17:22:39.964 28588 28599 I art     : Starting a blocking GC Explicit
08-04 17:22:39.989 28588 28599 I art     : Explicit concurrent mark sweep GC freed 1483(85KB) AllocSpace objects, 1(20KB) LOS objects, 22% free, 53MB/69MB, paused 655us total 25.248ms
08-04 17:22:39.999 28588 28599 I art     : Starting a blocking GC Explicit
08-04 17:22:40.023 28588 28599 I art     : Explicit concurrent mark sweep GC freed 52(1792B) AllocSpace objects, 0(0B) LOS objects, 22% free, 53MB/69MB, paused 564us total 23.683ms
08-04 17:22:40.032 28588 28599 I art     : Starting a blocking GC Explicit
08-04 17:22:40.056 28588 28599 I art     : Explicit concurrent mark sweep GC freed 13(480B) AllocSpace objects, 0(0B) LOS objects, 22% free, 53MB/69MB, paused 562us total 23.601ms
08-04 17:22:40.065 28588 28599 I art     : Starting a blocking GC Explicit
08-04 17:22:40.089 28588 28599 I art     : Explicit concurrent mark sweep GC freed 13(480B) AllocSpace objects, 0(0B) LOS objects, 22% free, 53MB/69MB, paused 565us total 24.196ms
08-04 17:22:40.098 28588 28599 I art     : Starting a blocking GC Explicit
08-04 17:22:40.122 28588 28599 I art     : Explicit concurrent mark sweep GC freed 13(480B) AllocSpace objects, 0(0B) LOS objects, 22% free, 53MB/69MB, paused 569us total 23.658ms
08-04 17:22:40.179 28588 32088 D OkHttp  : --> GET https://api-hillfair-2k16.herokuapp.com/api/app/club/Technical%20Committee http/1.1
08-04 17:22:40.208 28588 32088 D OkHttp  : <-- 200 OK https://api-hillfair-2k16.herokuapp.com/api/app/club/Technical%20Committee (29ms, 1171-byte body)
08-04 17:22:40.264 28588 28588 I NAPPA_EXPERIMENTATION: MetricNetworkRequestExecutionTime: REQUEST_DURATION_SYSTEM='954',REQUEST_DURATION_OKHTTP='29',REQUEST_SYNCHRONOUS='FALSE',RESPONSE_CODE='200',RESPONSE_METHOD='GET',RESPONSE_LENGTH_OKHTTP='1171',RESPONSE_LENGTH_HEADER='1171',REQUEST_PROTOCOL='http/1.1',REQUEST_URL='https://api-hillfair-2k16.herokuapp.com/api/app/club/Technical%20Committee',
08-04 17:22:40.401 28588 28599 I art     : Starting a blocking GC Explicit
08-04 17:22:40.428 28588 28599 I art     : Explicit concurrent mark sweep GC freed 4826(342KB) AllocSpace objects, 4(220KB) LOS objects, 22% free, 54MB/70MB, paused 623us total 27.147ms
08-04 17:22:40.439 28588 28599 I art     : Starting a blocking GC Explicit
08-04 17:22:40.463 28588 28599 I art     : Explicit concurrent mark sweep GC freed 1031(119KB) AllocSpace objects, 0(0B) LOS objects, 22% free, 54MB/70MB, paused 607us total 23.924ms
08-04 17:22:40.472 28588 28599 I art     : Starting a blocking GC Explicit
08-04 17:22:40.496 28588 28599 I art     : Explicit concurrent mark sweep GC freed 3(96B) AllocSpace objects, 0(0B) LOS objects, 22% free, 54MB/70MB, paused 561us total 23.673ms
08-04 17:22:40.496 28588 28598 I art     : WaitForGcToComplete blocked for 20.383ms for cause HeapTrim
08-04 17:22:40.505 28588 28599 I art     : Starting a blocking GC Explicit
08-04 17:22:40.530 28588 28599 I art     : Explicit concurrent mark sweep GC freed 3(96B) AllocSpace objects, 0(0B) LOS objects, 22% free, 54MB/70MB, paused 591us total 24.194ms
08-04 17:22:40.539 28588 28599 I art     : Starting a blocking GC Explicit
08-04 17:22:40.564 28588 28599 I art     : Explicit concurrent mark sweep GC freed 3(96B) AllocSpace objects, 0(0B) LOS objects, 22% free, 54MB/70MB, paused 507us total 24.193ms
08-04 17:22:40.831 28588 28599 I art     : Starting a blocking GC Explicit
08-04 17:22:40.863 28588 28599 I art     : Explicit concurrent mark sweep GC freed 1344(78KB) AllocSpace objects, 1(20KB) LOS objects, 22% free, 54MB/70MB, paused 591us total 31.049ms
08-04 17:22:40.874 28588 28599 I art     : Starting a blocking GC Explicit
08-04 17:22:40.900 28588 28599 I art     : Explicit concurrent mark sweep GC freed 36(1264B) AllocSpace objects, 0(0B) LOS objects, 22% free, 54MB/70MB, paused 509us total 25.449ms
08-04 17:22:40.909 28588 28599 I art     : Starting a blocking GC Explicit
08-04 17:22:40.934 28588 28599 I art     : Explicit concurrent mark sweep GC freed 3(96B) AllocSpace objects, 0(0B) LOS objects, 22% free, 54MB/70MB, paused 535us total 24.973ms
08-04 17:22:40.943 28588 28599 I art     : Starting a blocking GC Explicit
08-04 17:22:40.968 28588 28599 I art     : Explicit concurrent mark sweep GC freed 3(96B) AllocSpace objects, 0(0B) LOS objects, 22% free, 54MB/70MB, paused 505us total 25.051ms
08-04 17:22:40.978 28588 28599 I art     : Starting a blocking GC Explicit
08-04 17:22:41.003 28588 28599 I art     : Explicit concurrent mark sweep GC freed 3(96B) AllocSpace objects, 0(0B) LOS objects, 22% free, 54MB/70MB, paused 576us total 24.851ms
08-04 17:22:41.320 28588 29395 I art     : Starting a blocking GC Explicit
08-04 17:22:41.354 28588 29395 I art     : Explicit concurrent mark sweep GC freed 1344(78KB) AllocSpace objects, 1(20KB) LOS objects, 22% free, 54MB/70MB, paused 603us total 33.767ms
08-04 17:22:41.365 28588 29395 I art     : Starting a blocking GC Explicit
08-04 17:22:41.390 28588 29395 I art     : Explicit concurrent mark sweep GC freed 20(704B) AllocSpace objects, 0(0B) LOS objects, 22% free, 54MB/70MB, paused 558us total 24.527ms
08-04 17:22:41.399 28588 29395 I art     : Starting a blocking GC Explicit
08-04 17:22:41.425 28588 29395 I art     : Explicit concurrent mark sweep GC freed 3(96B) AllocSpace objects, 0(0B) LOS objects, 22% free, 54MB/70MB, paused 553us total 25.209ms
08-04 17:22:41.434 28588 29395 I art     : Starting a blocking GC Explicit
08-04 17:22:41.459 28588 29395 I art     : Explicit concurrent mark sweep GC freed 3(96B) AllocSpace objects, 0(0B) LOS objects, 22% free, 54MB/70MB, paused 536us total 24.870ms
08-04 17:22:41.468 28588 29395 I art     : Starting a blocking GC Explicit
08-04 17:22:41.494 28588 29395 I art     : Explicit concurrent mark sweep GC freed 3(96B) AllocSpace objects, 0(0B) LOS objects, 22% free, 54MB/70MB, paused 555us total 25.560ms
08-04 17:22:41.818 28588 28601 I art     : Starting a blocking GC Explicit
08-04 17:22:41.850 28588 28601 I art     : Explicit concurrent mark sweep GC freed 1344(78KB) AllocSpace objects, 1(20KB) LOS objects, 22% free, 54MB/70MB, paused 613us total 32.117ms
08-04 17:22:41.861 28588 28601 I art     : Starting a blocking GC Explicit
08-04 17:22:41.887 28588 28601 I art     : Explicit concurrent mark sweep GC freed 20(704B) AllocSpace objects, 0(0B) LOS objects, 22% free, 54MB/70MB, paused 627us total 25.447ms
08-04 17:22:41.897 28588 28601 I art     : Starting a blocking GC Explicit
08-04 17:22:41.922 28588 28601 I art     : Explicit concurrent mark sweep GC freed 3(96B) AllocSpace objects, 0(0B) LOS objects, 22% free, 54MB/70MB, paused 553us total 25.103ms
08-04 17:22:41.931 28588 28601 I art     : Starting a blocking GC Explicit
08-04 17:22:41.957 28588 28601 I art     : Explicit concurrent mark sweep GC freed 3(96B) AllocSpace objects, 0(0B) LOS objects, 22% free, 54MB/70MB, paused 561us total 24.969ms
08-04 17:22:41.966 28588 28601 I art     : Starting a blocking GC Explicit
08-04 17:22:41.991 28588 28601 I art     : Explicit concurrent mark sweep GC freed 3(96B) AllocSpace objects, 0(0B) LOS objects, 22% free, 54MB/70MB, paused 558us total 25.038ms
08-04 17:22:42.314 28588 28676 I art     : Starting a blocking GC Explicit
08-04 17:22:42.348 28588 28676 I art     : Explicit concurrent mark sweep GC freed 1344(78KB) AllocSpace objects, 1(20KB) LOS objects, 22% free, 54MB/70MB, paused 730us total 33.522ms
08-04 17:22:42.360 28588 28676 I art     : Starting a blocking GC Explicit
08-04 17:22:42.386 28588 28676 I art     : Explicit concurrent mark sweep GC freed 20(704B) AllocSpace objects, 0(0B) LOS objects, 22% free, 54MB/70MB, paused 547us total 25.586ms
08-04 17:22:42.395 28588 28676 I art     : Starting a blocking GC Explicit
08-04 17:22:42.420 28588 28676 I art     : Explicit concurrent mark sweep GC freed 3(96B) AllocSpace objects, 0(0B) LOS objects, 22% free, 54MB/70MB, paused 568us total 25.031ms
08-04 17:22:42.430 28588 28676 I art     : Starting a blocking GC Explicit
08-04 17:22:42.456 28588 28676 I art     : Explicit concurrent mark sweep GC freed 3(96B) AllocSpace objects, 0(0B) LOS objects, 22% free, 54MB/70MB, paused 554us total 25.696ms
08-04 17:22:42.465 28588 28676 I art     : Starting a blocking GC Explicit
08-04 17:22:42.491 28588 28676 I art     : Explicit concurrent mark sweep GC freed 3(96B) AllocSpace objects, 0(0B) LOS objects, 22% free, 54MB/70MB, paused 552us total 25.916ms
08-04 17:22:42.822 28588 28599 I art     : Starting a blocking GC Explicit
08-04 17:22:42.854 28588 28599 I art     : Explicit concurrent mark sweep GC freed 1344(78KB) AllocSpace objects, 1(20KB) LOS objects, 22% free, 54MB/70MB, paused 597us total 31.940ms
08-04 17:22:42.866 28588 28599 I art     : Starting a blocking GC Explicit
08-04 17:22:42.892 28588 28599 I art     : Explicit concurrent mark sweep GC freed 20(704B) AllocSpace objects, 0(0B) LOS objects, 22% free, 54MB/70MB, paused 543us total 25.814ms
08-04 17:22:42.901 28588 28599 I art     : Starting a blocking GC Explicit
08-04 17:22:42.924 28588 28599 I art     : Explicit concurrent mark sweep GC freed 3(96B) AllocSpace objects, 0(0B) LOS objects, 22% free, 54MB/70MB, paused 505us total 23.070ms
08-04 17:22:42.933 28588 28599 I art     : Starting a blocking GC Explicit
08-04 17:22:42.954 28588 28599 I art     : Explicit concurrent mark sweep GC freed 3(96B) AllocSpace objects, 0(0B) LOS objects, 22% free, 54MB/70MB, paused 516us total 21.617ms
08-04 17:22:42.964 28588 28599 I art     : Starting a blocking GC Explicit
08-04 17:22:42.988 28588 28599 I art     : Explicit concurrent mark sweep GC freed 3(96B) AllocSpace objects, 0(0B) LOS objects, 22% free, 54MB/70MB, paused 594us total 23.854ms
08-04 17:22:43.316 28588 29395 I art     : Starting a blocking GC Explicit
08-04 17:22:43.352 28588 29395 I art     : Explicit concurrent mark sweep GC freed 1344(78KB) AllocSpace objects, 1(20KB) LOS objects, 22% free, 54MB/70MB, paused 760us total 36.354ms
08-04 17:22:43.365 28588 29395 I art     : Starting a blocking GC Explicit
08-04 17:22:43.390 28588 29395 I art     : Explicit concurrent mark sweep GC freed 20(704B) AllocSpace objects, 0(0B) LOS objects, 22% free, 54MB/70MB, paused 546us total 24.696ms
08-04 17:22:43.399 28588 29395 I art     : Starting a blocking GC Explicit
08-04 17:22:43.425 28588 29395 I art     : Explicit concurrent mark sweep GC freed 3(96B) AllocSpace objects, 0(0B) LOS objects, 22% free, 54MB/70MB, paused 533us total 25.216ms
08-04 17:22:43.434 28588 29395 I art     : Starting a blocking GC Explicit
08-04 17:22:43.459 28588 29395 I art     : Explicit concurrent mark sweep GC freed 3(96B) AllocSpace objects, 0(0B) LOS objects, 22% free, 54MB/70MB, paused 548us total 25.078ms
08-04 17:22:43.469 28588 29395 I art     : Starting a blocking GC Explicit
08-04 17:22:43.494 28588 29395 I art     : Explicit concurrent mark sweep GC freed 3(96B) AllocSpace objects, 0(0B) LOS objects, 22% free, 54MB/70MB, paused 564us total 25.501ms
08-04 17:22:43.761 28588 28601 I art     : Starting a blocking GC Explicit
08-04 17:22:43.787 28588 28601 I art     : Explicit concurrent mark sweep GC freed 1344(78KB) AllocSpace objects, 1(20KB) LOS objects, 22% free, 54MB/70MB, paused 577us total 25.116ms
08-04 17:22:43.796 28588 28601 I art     : Starting a blocking GC Explicit
08-04 17:22:43.820 28588 28601 I art     : Explicit concurrent mark sweep GC freed 20(704B) AllocSpace objects, 0(0B) LOS objects, 22% free, 54MB/70MB, paused 542us total 23.684ms
08-04 17:22:43.829 28588 28601 I art     : Starting a blocking GC Explicit
08-04 17:22:43.853 28588 28601 I art     : Explicit concurrent mark sweep GC freed 3(96B) AllocSpace objects, 0(0B) LOS objects, 22% free, 54MB/70MB, paused 620us total 24.120ms
08-04 17:22:43.862 28588 28601 I art     : Starting a blocking GC Explicit
08-04 17:22:43.887 28588 28601 I art     : Explicit concurrent mark sweep GC freed 3(96B) AllocSpace objects, 0(0B) LOS objects, 22% free, 54MB/70MB, paused 539us total 23.936ms
08-04 17:22:43.896 28588 28601 I art     : Starting a blocking GC Explicit
08-04 17:22:43.920 28588 28601 I art     : Explicit concurrent mark sweep GC freed 3(96B) AllocSpace objects, 0(0B) LOS objects, 22% free, 54MB/70MB, paused 559us total 23.808ms
08-04 17:22:43.981 32180 32180 D AndroidRuntime: >>>>>> START com.android.internal.os.RuntimeInit uid 2000 <<<<<<
08-04 17:22:43.986 32180 32180 D AndroidRuntime: CheckJNI is OFF
08-04 17:22:44.022 32180 32180 D ICU     : No timezone override file found: /data/misc/zoneinfo/current/icu/icu_tzdata.dat
08-04 17:22:44.055 32180 32180 I Radio-JNI: register_android_hardware_Radio DONE
08-04 17:22:44.077 32180 32180 D AndroidRuntime: Calling main entry com.android.commands.input.Input
08-04 17:22:44.079 32180 32180 I Input   : injectKeyEvent: KeyEvent { action=ACTION_DOWN, keyCode=KEYCODE_BACK, scanCode=0, metaState=0, flags=0x0, repeatCount=0, eventTime=724980492, downTime=724980492, deviceId=-1, source=0x101 }
08-04 17:22:44.084 32180 32180 I Input   : injectKeyEvent: KeyEvent { action=ACTION_UP, keyCode=KEYCODE_BACK, scanCode=0, metaState=0, flags=0x0, repeatCount=0, eventTime=724980492, downTime=724980492, deviceId=-1, source=0x101 }
08-04 17:22:44.090 32180 32180 D AndroidRuntime: Shutting down VM
08-04 17:22:44.130 13866 13866 I GoogleInputMethodServic: GoogleInputMethodService.onFinishInput():3138 
08-04 17:22:44.131 13866 13866 I GoogleInputMethodServic: GoogleInputMethodService.onStartInput():1808 
08-04 17:22:44.193 28588 28601 I art     : Starting a blocking GC Explicit
08-04 17:22:44.215 28588 28601 I art     : Explicit concurrent mark sweep GC freed 1526(86KB) AllocSpace objects, 1(20KB) LOS objects, 22% free, 54MB/70MB, paused 485us total 21.429ms
08-04 17:22:44.223 28588 28601 I art     : Starting a blocking GC Explicit
08-04 17:22:44.246 28588 28601 I art     : Explicit concurrent mark sweep GC freed 26(944B) AllocSpace objects, 0(0B) LOS objects, 22% free, 54MB/70MB, paused 528us total 22.818ms
08-04 17:22:44.255 28588 28601 I art     : Starting a blocking GC Explicit
08-04 17:22:44.278 28588 28601 I art     : Explicit concurrent mark sweep GC freed 3(96B) AllocSpace objects, 0(0B) LOS objects, 22% free, 54MB/70MB, paused 517us total 22.406ms
08-04 17:22:44.287 28588 28601 I art     : Starting a blocking GC Explicit
08-04 17:22:44.311 28588 28601 I art     : Explicit concurrent mark sweep GC freed 3(96B) AllocSpace objects, 0(0B) LOS objects, 22% free, 54MB/70MB, paused 520us total 23.665ms
08-04 17:22:44.320 28588 28601 I art     : Starting a blocking GC Explicit
08-04 17:22:44.343 28588 28601 I art     : Explicit concurrent mark sweep GC freed 3(96B) AllocSpace objects, 0(0B) LOS objects, 22% free, 54MB/70MB, paused 537us total 23.221ms
08-04 17:22:44.416   380   380 W SurfaceFlinger: couldn't log to binary event log: overflow.
08-04 17:22:44.613 28588 28601 I art     : Starting a blocking GC Explicit
08-04 17:22:44.639 28588 28601 I art     : Explicit concurrent mark sweep GC freed 1453(86KB) AllocSpace objects, 1(20KB) LOS objects, 22% free, 54MB/70MB, paused 574us total 26.648ms
08-04 17:22:44.649 28588 28601 I art     : Starting a blocking GC Explicit
08-04 17:22:44.674 28588 28601 I art     : Explicit concurrent mark sweep GC freed 1670(108KB) AllocSpace objects, 3(180KB) LOS objects, 22% free, 53MB/69MB, paused 539us total 25.048ms
08-04 17:22:44.683 28588 28601 I art     : Starting a blocking GC Explicit
08-04 17:22:44.708 28588 28601 I art     : Explicit concurrent mark sweep GC freed 3(96B) AllocSpace objects, 0(0B) LOS objects, 22% free, 53MB/69MB, paused 553us total 24.668ms
08-04 17:22:44.717 28588 28601 I art     : Starting a blocking GC Explicit
08-04 17:22:44.742 28588 28601 I art     : Explicit concurrent mark sweep GC freed 3(96B) AllocSpace objects, 0(0B) LOS objects, 22% free, 53MB/69MB, paused 524us total 24.167ms
08-04 17:22:44.751 28588 28601 I art     : Starting a blocking GC Explicit
08-04 17:22:44.776 28588 28601 I art     : Explicit concurrent mark sweep GC freed 3(96B) AllocSpace objects, 0(0B) LOS objects, 22% free, 53MB/69MB, paused 542us total 24.490ms
08-04 17:22:45.071 28588 28599 I art     : Starting a blocking GC Explicit
08-04 17:22:45.107 28588 28599 I art     : Explicit concurrent mark sweep GC freed 1344(78KB) AllocSpace objects, 1(20KB) LOS objects, 22% free, 53MB/69MB, paused 570us total 34.339ms
08-04 17:22:45.121 28588 28599 I art     : Starting a blocking GC Explicit
08-04 17:22:45.147 28588 28599 I art     : Explicit concurrent mark sweep GC freed 20(704B) AllocSpace objects, 0(0B) LOS objects, 22% free, 53MB/69MB, paused 605us total 25.738ms
08-04 17:22:45.156 28588 28599 I art     : Starting a blocking GC Explicit
08-04 17:22:45.181 28588 28599 I art     : Explicit concurrent mark sweep GC freed 3(96B) AllocSpace objects, 0(0B) LOS objects, 22% free, 53MB/69MB, paused 547us total 24.463ms
08-04 17:22:45.191 28588 28599 I art     : Starting a blocking GC Explicit
08-04 17:22:45.216 28588 28599 I art     : Explicit concurrent mark sweep GC freed 3(96B) AllocSpace objects, 0(0B) LOS objects, 22% free, 53MB/69MB, paused 538us total 24.910ms
08-04 17:22:45.225 28588 28599 I art     : Starting a blocking GC Explicit
08-04 17:22:45.250 28588 28599 I art     : Explicit concurrent mark sweep GC freed 3(96B) AllocSpace objects, 0(0B) LOS objects, 22% free, 53MB/69MB, paused 535us total 24.179ms
08-04 17:22:45.525 28588 29395 I art     : Starting a blocking GC Explicit
08-04 17:22:45.550 28588 29395 I art     : Explicit concurrent mark sweep GC freed 1344(78KB) AllocSpace objects, 1(20KB) LOS objects, 22% free, 53MB/69MB, paused 552us total 24.324ms
08-04 17:22:45.550 28588 28598 I art     : WaitForGcToComplete blocked for 20.351ms for cause HeapTrim
08-04 17:22:45.559 28588 29395 I art     : Starting a blocking GC Explicit
08-04 17:22:45.583 28588 29395 I art     : Explicit concurrent mark sweep GC freed 20(704B) AllocSpace objects, 0(0B) LOS objects, 22% free, 53MB/69MB, paused 556us total 24.044ms
08-04 17:22:45.593 28588 29395 I art     : Starting a blocking GC Explicit
08-04 17:22:45.616 28588 29395 I art     : Explicit concurrent mark sweep GC freed 3(96B) AllocSpace objects, 0(0B) LOS objects, 22% free, 53MB/69MB, paused 540us total 23.185ms
08-04 17:22:45.625 28588 29395 I art     : Starting a blocking GC Explicit
08-04 17:22:45.649 28588 29395 I art     : Explicit concurrent mark sweep GC freed 3(96B) AllocSpace objects, 0(0B) LOS objects, 22% free, 53MB/69MB, paused 544us total 23.495ms
08-04 17:22:45.658 28588 29395 I art     : Starting a blocking GC Explicit
08-04 17:22:45.681 28588 29395 I art     : Explicit concurrent mark sweep GC freed 3(96B) AllocSpace objects, 0(0B) LOS objects, 22% free, 53MB/69MB, paused 584us total 23.184ms
08-04 17:22:45.753 32234 32234 D AndroidRuntime: >>>>>> START com.android.internal.os.RuntimeInit uid 2000 <<<<<<
08-04 17:22:45.759 32234 32234 D AndroidRuntime: CheckJNI is OFF
08-04 17:22:45.796 32234 32234 D ICU     : No timezone override file found: /data/misc/zoneinfo/current/icu/icu_tzdata.dat
08-04 17:22:45.832 32234 32234 I Radio-JNI: register_android_hardware_Radio DONE
08-04 17:22:45.854 32234 32234 D AndroidRuntime: Calling main entry com.android.commands.input.Input
08-04 17:22:45.855 32234 32234 I Input   : injectMotionEvent: MotionEvent { action=ACTION_DOWN, actionButton=0, id[0]=0, x[0]=255.0, y[0]=1845.0, toolType[0]=TOOL_TYPE_UNKNOWN, buttonState=0, metaState=0, flags=0x0, edgeFlags=0x0, pointerCount=1, historySize=0, eventTime=724982268, downTime=724982268, deviceId=0, source=0x1002 }
08-04 17:22:45.860 32234 32234 I Input   : injectMotionEvent: MotionEvent { action=ACTION_UP, actionButton=0, id[0]=0, x[0]=255.0, y[0]=1845.0, toolType[0]=TOOL_TYPE_UNKNOWN, buttonState=0, metaState=0, flags=0x0, edgeFlags=0x0, pointerCount=1, historySize=0, eventTime=724982268, downTime=724982268, deviceId=0, source=0x1002 }
08-04 17:22:45.862   918  4400 I ActivityManager: START u0 {cmp=baseline.appteam.nith.hillffair/.activities.ClubActivity (has extras)} from uid 10651 on display 0
08-04 17:22:45.869 32234 32234 D AndroidRuntime: Shutting down VM
08-04 17:22:45.941 28588 28588 I NAPPA_EXPERIMENTATION: MetricNetworkRequestExecutionTime: REQUEST_DURATION_SYSTEM='48',REQUEST_DURATION_OKHTTP='29',REQUEST_SYNCHRONOUS='FALSE',RESPONSE_CODE='200',RESPONSE_METHOD='GET',RESPONSE_LENGTH_OKHTTP='1171',RESPONSE_LENGTH_HEADER='-2',REQUEST_PROTOCOL='http/1.1',REQUEST_URL='https://api-hillfair-2k16.herokuapp.com/api/app/club/Technical%20Committee',
08-04 17:22:45.957   918   936 I ActivityManager: Displayed baseline.appteam.nith.hillffair/.activities.ClubActivity: +88ms
08-04 17:22:45.958 13866 13866 I GoogleInputMethodServic: GoogleInputMethodService.onFinishInput():3138 
08-04 17:22:45.958 13866 13866 I GoogleInputMethodServic: GoogleInputMethodService.onStartInput():1808 
08-04 17:22:45.960 28588 29395 I art     : Starting a blocking GC Explicit
08-04 17:22:45.987 28588 29395 I art     : Explicit concurrent mark sweep GC freed 5686(413KB) AllocSpace objects, 1(20KB) LOS objects, 22% free, 53MB/69MB, paused 650us total 27.009ms
08-04 17:22:45.999 28588 29395 I art     : Starting a blocking GC Explicit
08-04 17:22:46.021 28588 29395 I art     : Explicit concurrent mark sweep GC freed 294(12KB) AllocSpace objects, 0(0B) LOS objects, 22% free, 53MB/69MB, paused 562us total 21.041ms
08-04 17:22:46.029 28588 29395 I art     : Starting a blocking GC Explicit
08-04 17:22:46.052 28588 29395 I art     : Explicit concurrent mark sweep GC freed 3(96B) AllocSpace objects, 0(0B) LOS objects, 22% free, 53MB/69MB, paused 498us total 22.761ms
08-04 17:22:46.061 28588 29395 I art     : Starting a blocking GC Explicit
08-04 17:22:46.084 28588 29395 I art     : Explicit concurrent mark sweep GC freed 3(96B) AllocSpace objects, 0(0B) LOS objects, 22% free, 53MB/69MB, paused 641us total 23.381ms
08-04 17:22:46.095 28588 29395 I art     : Starting a blocking GC Explicit
08-04 17:22:46.122 28588 29395 I art     : Explicit concurrent mark sweep GC freed 3(96B) AllocSpace objects, 0(0B) LOS objects, 22% free, 53MB/69MB, paused 530us total 26.254ms
08-04 17:22:46.202   380   380 W SurfaceFlinger: couldn't log to binary event log: overflow.
08-04 17:22:46.375 28588 28599 I art     : Starting a blocking GC Explicit
08-04 17:22:46.398 28588 28599 I art     : Explicit concurrent mark sweep GC freed 1444(84KB) AllocSpace objects, 1(20KB) LOS objects, 22% free, 53MB/69MB, paused 559us total 22.638ms
08-04 17:22:46.407 28588 28599 I art     : Starting a blocking GC Explicit
08-04 17:22:46.429 28588 28599 I art     : Explicit concurrent mark sweep GC freed 36(1264B) AllocSpace objects, 0(0B) LOS objects, 22% free, 53MB/69MB, paused 526us total 22.271ms
08-04 17:22:46.438 28588 28599 I art     : Starting a blocking GC Explicit
08-04 17:22:46.461 28588 28599 I art     : Explicit concurrent mark sweep GC freed 3(96B) AllocSpace objects, 0(0B) LOS objects, 22% free, 53MB/69MB, paused 528us total 23.086ms
08-04 17:22:46.470 28588 28599 I art     : Starting a blocking GC Explicit
08-04 17:22:46.494 28588 28599 I art     : Explicit concurrent mark sweep GC freed 3(96B) AllocSpace objects, 0(0B) LOS objects, 22% free, 53MB/69MB, paused 528us total 23.990ms
08-04 17:22:46.504 28588 28599 I art     : Starting a blocking GC Explicit
08-04 17:22:46.528 28588 28599 I art     : Explicit concurrent mark sweep GC freed 3(96B) AllocSpace objects, 0(0B) LOS objects, 22% free, 53MB/69MB, paused 554us total 24.300ms
08-04 17:22:46.816 28588 28601 I art     : Starting a blocking GC Explicit
08-04 17:22:46.855 28588 28601 I art     : Explicit concurrent mark sweep GC freed 1344(78KB) AllocSpace objects, 1(20KB) LOS objects, 22% free, 53MB/69MB, paused 601us total 37.581ms
08-04 17:22:46.868 28588 28601 I art     : Starting a blocking GC Explicit
08-04 17:22:46.894 28588 28601 I art     : Explicit concurrent mark sweep GC freed 20(704B) AllocSpace objects, 0(0B) LOS objects, 22% free, 53MB/69MB, paused 557us total 25.587ms
08-04 17:22:46.903 28588 28601 I art     : Starting a blocking GC Explicit
08-04 17:22:46.928 28588 28601 I art     : Explicit concurrent mark sweep GC freed 3(96B) AllocSpace objects, 0(0B) LOS objects, 22% free, 53MB/69MB, paused 548us total 25.141ms
08-04 17:22:46.938 28588 28601 I art     : Starting a blocking GC Explicit
08-04 17:22:46.964 28588 28601 I art     : Explicit concurrent mark sweep GC freed 3(96B) AllocSpace objects, 0(0B) LOS objects, 22% free, 53MB/69MB, paused 559us total 25.693ms
08-04 17:22:46.973 28588 28601 I art     : Starting a blocking GC Explicit
08-04 17:22:46.998 28588 28601 I art     : Explicit concurrent mark sweep GC freed 3(96B) AllocSpace objects, 0(0B) LOS objects, 22% free, 53MB/69MB, paused 564us total 25.112ms
08-04 17:22:47.280 28588 29395 I art     : Starting a blocking GC Explicit
08-04 17:22:47.311 28588 29395 I art     : Explicit concurrent mark sweep GC freed 1344(78KB) AllocSpace objects, 1(20KB) LOS objects, 22% free, 53MB/69MB, paused 571us total 30.839ms
08-04 17:22:47.323 28588 29395 I art     : Starting a blocking GC Explicit
08-04 17:22:47.348 28588 29395 I art     : Explicit concurrent mark sweep GC freed 20(704B) AllocSpace objects, 0(0B) LOS objects, 22% free, 53MB/69MB, paused 598us total 25.444ms
08-04 17:22:47.358 28588 29395 I art     : Starting a blocking GC Explicit
08-04 17:22:47.383 28588 29395 I art     : Explicit concurrent mark sweep GC freed 3(96B) AllocSpace objects, 0(0B) LOS objects, 22% free, 53MB/69MB, paused 551us total 25.037ms
08-04 17:22:47.392 28588 29395 I art     : Starting a blocking GC Explicit
08-04 17:22:47.417 28588 29395 I art     : Explicit concurrent mark sweep GC freed 3(96B) AllocSpace objects, 0(0B) LOS objects, 22% free, 53MB/69MB, paused 547us total 24.825ms
08-04 17:22:47.426 28588 29395 I art     : Starting a blocking GC Explicit
08-04 17:22:47.452 28588 29395 I art     : Explicit concurrent mark sweep GC freed 3(96B) AllocSpace objects, 0(0B) LOS objects, 22% free, 53MB/69MB, paused 560us total 24.965ms
08-04 17:22:47.787 28588 28676 I art     : Starting a blocking GC Explicit
08-04 17:22:47.822 28588 28676 I art     : Explicit concurrent mark sweep GC freed 1344(78KB) AllocSpace objects, 1(20KB) LOS objects, 22% free, 53MB/69MB, paused 750us total 34.453ms
08-04 17:22:47.835 28588 28676 I art     : Starting a blocking GC Explicit
08-04 17:22:47.861 28588 28676 I art     : Explicit concurrent mark sweep GC freed 20(704B) AllocSpace objects, 0(0B) LOS objects, 22% free, 53MB/69MB, paused 558us total 25.779ms
08-04 17:22:47.871 28588 28676 I art     : Starting a blocking GC Explicit
08-04 17:22:47.897 28588 28676 I art     : Explicit concurrent mark sweep GC freed 3(96B) AllocSpace objects, 0(0B) LOS objects, 22% free, 53MB/69MB, paused 542us total 25.698ms
08-04 17:22:47.906 28588 28676 I art     : Starting a blocking GC Explicit
08-04 17:22:47.931 28588 28676 I art     : Explicit concurrent mark sweep GC freed 3(96B) AllocSpace objects, 0(0B) LOS objects, 22% free, 53MB/69MB, paused 526us total 25.186ms
08-04 17:22:47.941 28588 28676 I art     : Starting a blocking GC Explicit
08-04 17:22:47.966 28588 28676 I art     : Explicit concurrent mark sweep GC freed 3(96B) AllocSpace objects, 0(0B) LOS objects, 22% free, 53MB/69MB, paused 552us total 24.967ms
08-04 17:22:48.297 28588 28599 I art     : Starting a blocking GC Explicit
08-04 17:22:48.330 28588 28599 I art     : Explicit concurrent mark sweep GC freed 1344(78KB) AllocSpace objects, 1(20KB) LOS objects, 22% free, 53MB/69MB, paused 588us total 32.901ms
08-04 17:22:48.343 28588 28599 I art     : Starting a blocking GC Explicit
08-04 17:22:48.371 28588 28599 I art     : Explicit concurrent mark sweep GC freed 20(704B) AllocSpace objects, 0(0B) LOS objects, 22% free, 53MB/69MB, paused 553us total 27.089ms
08-04 17:22:48.380 28588 28599 I art     : Starting a blocking GC Explicit
08-04 17:22:48.406 28588 28599 I art     : Explicit concurrent mark sweep GC freed 3(96B) AllocSpace objects, 0(0B) LOS objects, 22% free, 53MB/69MB, paused 541us total 25.448ms
08-04 17:22:48.415 28588 28599 I art     : Starting a blocking GC Explicit
08-04 17:22:48.441 28588 28599 I art     : Explicit concurrent mark sweep GC freed 3(96B) AllocSpace objects, 0(0B) LOS objects, 22% free, 53MB/69MB, paused 543us total 25.687ms
08-04 17:22:48.451 28588 28599 I art     : Starting a blocking GC Explicit
08-04 17:22:48.476 28588 28599 I art     : Explicit concurrent mark sweep GC freed 3(96B) AllocSpace objects, 0(0B) LOS objects, 22% free, 53MB/69MB, paused 565us total 24.902ms
08-04 17:22:48.792 28588 28601 I art     : Starting a blocking GC Explicit
08-04 17:22:48.822 28588 28601 I art     : Explicit concurrent mark sweep GC freed 1344(78KB) AllocSpace objects, 1(20KB) LOS objects, 22% free, 53MB/69MB, paused 655us total 29.517ms
08-04 17:22:48.833 28588 28601 I art     : Starting a blocking GC Explicit
08-04 17:22:48.859 28588 28601 I art     : Explicit concurrent mark sweep GC freed 20(704B) AllocSpace objects, 0(0B) LOS objects, 22% free, 53MB/69MB, paused 546us total 25.223ms
08-04 17:22:48.868 28588 28601 I art     : Starting a blocking GC Explicit
08-04 17:22:48.893 28588 28601 I art     : Explicit concurrent mark sweep GC freed 3(96B) AllocSpace objects, 0(0B) LOS objects, 22% free, 53MB/69MB, paused 513us total 24.274ms
08-04 17:22:48.902 28588 28601 I art     : Starting a blocking GC Explicit
08-04 17:22:48.927 28588 28601 I art     : Explicit concurrent mark sweep GC freed 3(96B) AllocSpace objects, 0(0B) LOS objects, 22% free, 53MB/69MB, paused 598us total 24.741ms
08-04 17:22:48.936 28588 28601 I art     : Starting a blocking GC Explicit
08-04 17:22:48.960 28588 28601 I art     : Explicit concurrent mark sweep GC freed 3(96B) AllocSpace objects, 0(0B) LOS objects, 22% free, 53MB/69MB, paused 546us total 23.914ms
08-04 17:22:49.293 28588 29395 I art     : Starting a blocking GC Explicit
08-04 17:22:49.326 28588 29395 I art     : Explicit concurrent mark sweep GC freed 1344(78KB) AllocSpace objects, 1(20KB) LOS objects, 22% free, 53MB/69MB, paused 601us total 32.373ms
08-04 17:22:49.340 28588 29395 I art     : Starting a blocking GC Explicit
08-04 17:22:49.366 28588 29395 I art     : Explicit concurrent mark sweep GC freed 20(704B) AllocSpace objects, 0(0B) LOS objects, 22% free, 53MB/69MB, paused 555us total 25.756ms
08-04 17:22:49.375 28588 29395 I art     : Starting a blocking GC Explicit
08-04 17:22:49.401 28588 29395 I art     : Explicit concurrent mark sweep GC freed 3(96B) AllocSpace objects, 0(0B) LOS objects, 22% free, 53MB/69MB, paused 540us total 25.714ms
08-04 17:22:49.410 28588 29395 I art     : Starting a blocking GC Explicit
08-04 17:22:49.436 28588 29395 I art     : Explicit concurrent mark sweep GC freed 3(96B) AllocSpace objects, 0(0B) LOS objects, 22% free, 53MB/69MB, paused 570us total 25.396ms
08-04 17:22:49.446 28588 29395 I art     : Starting a blocking GC Explicit
08-04 17:22:49.471 28588 29395 I art     : Explicit concurrent mark sweep GC freed 3(96B) AllocSpace objects, 0(0B) LOS objects, 22% free, 53MB/69MB, paused 507us total 25.769ms
08-04 17:22:49.801 28588 28676 I art     : Starting a blocking GC Explicit
08-04 17:22:49.837 28588 28676 I art     : Explicit concurrent mark sweep GC freed 1344(78KB) AllocSpace objects, 1(20KB) LOS objects, 22% free, 53MB/69MB, paused 744us total 34.462ms
08-04 17:22:49.849 28588 28676 I art     : Starting a blocking GC Explicit
08-04 17:22:49.874 28588 28676 I art     : Explicit concurrent mark sweep GC freed 20(704B) AllocSpace objects, 0(0B) LOS objects, 22% free, 53MB/69MB, paused 551us total 25.543ms
08-04 17:22:49.884 28588 28676 I art     : Starting a blocking GC Explicit
08-04 17:22:49.909 28588 28676 I art     : Explicit concurrent mark sweep GC freed 3(96B) AllocSpace objects, 0(0B) LOS objects, 22% free, 53MB/69MB, paused 560us total 24.897ms
08-04 17:22:49.918 28588 28676 I art     : Starting a blocking GC Explicit
08-04 17:22:49.944 28588 28676 I art     : Explicit concurrent mark sweep GC freed 3(96B) AllocSpace objects, 0(0B) LOS objects, 22% free, 53MB/69MB, paused 554us total 25.618ms
08-04 17:22:49.954 28588 28676 I art     : Starting a blocking GC Explicit
08-04 17:22:49.979 28588 28676 I art     : Explicit concurrent mark sweep GC freed 3(96B) AllocSpace objects, 0(0B) LOS objects, 22% free, 53MB/69MB, paused 515us total 25.516ms
08-04 17:22:50.261 28588 28599 I art     : Starting a blocking GC Explicit
08-04 17:22:50.286 28588 28599 I art     : Explicit concurrent mark sweep GC freed 1344(78KB) AllocSpace objects, 1(20KB) LOS objects, 22% free, 53MB/69MB, paused 648us total 25.037ms
08-04 17:22:50.295 28588 28599 I art     : Starting a blocking GC Explicit
08-04 17:22:50.321 28588 28599 I art     : Explicit concurrent mark sweep GC freed 20(704B) AllocSpace objects, 0(0B) LOS objects, 22% free, 53MB/69MB, paused 553us total 25.102ms
08-04 17:22:50.330 28588 28599 I art     : Starting a blocking GC Explicit
08-04 17:22:50.354 28588 28599 I art     : Explicit concurrent mark sweep GC freed 3(96B) AllocSpace objects, 0(0B) LOS objects, 22% free, 53MB/69MB, paused 535us total 24.024ms
08-04 17:22:50.363 28588 28599 I art     : Starting a blocking GC Explicit
08-04 17:22:50.387 28588 28599 I art     : Explicit concurrent mark sweep GC freed 3(96B) AllocSpace objects, 0(0B) LOS objects, 22% free, 53MB/69MB, paused 616us total 23.720ms
08-04 17:22:50.396 28588 28599 I art     : Starting a blocking GC Explicit
08-04 17:22:50.419 28588 28599 I art     : Explicit concurrent mark sweep GC freed 3(96B) AllocSpace objects, 0(0B) LOS objects, 22% free, 53MB/69MB, paused 543us total 23.307ms
08-04 17:22:50.567 32349 32349 D AndroidRuntime: >>>>>> START com.android.internal.os.RuntimeInit uid 2000 <<<<<<
08-04 17:22:50.572 32349 32349 D AndroidRuntime: CheckJNI is OFF
08-04 17:22:50.604 32349 32349 D ICU     : No timezone override file found: /data/misc/zoneinfo/current/icu/icu_tzdata.dat
08-04 17:22:50.637 32349 32349 I Radio-JNI: register_android_hardware_Radio DONE
08-04 17:22:50.637 24412 24412 I ServiceManager: Waiting for service AtCmdFwd...
08-04 17:22:50.659 32349 32349 D AndroidRuntime: Calling main entry com.android.commands.input.Input
08-04 17:22:50.660 32349 32349 I Input   : injectKeyEvent: KeyEvent { action=ACTION_DOWN, keyCode=KEYCODE_BACK, scanCode=0, metaState=0, flags=0x0, repeatCount=0, eventTime=724987073, downTime=724987073, deviceId=-1, source=0x101 }
08-04 17:22:50.666 32349 32349 I Input   : injectKeyEvent: KeyEvent { action=ACTION_UP, keyCode=KEYCODE_BACK, scanCode=0, metaState=0, flags=0x0, repeatCount=0, eventTime=724987073, downTime=724987073, deviceId=-1, source=0x101 }
08-04 17:22:50.677 32349 32349 D AndroidRuntime: Shutting down VM
08-04 17:22:50.713 13866 13866 I GoogleInputMethodServic: GoogleInputMethodService.onFinishInput():3138 
08-04 17:22:50.713 13866 13866 I GoogleInputMethodServic: GoogleInputMethodService.onStartInput():1808 
08-04 17:22:50.726 28588 28601 I art     : Starting a blocking GC Explicit
08-04 17:22:50.752 28588 28601 I art     : Explicit concurrent mark sweep GC freed 1525(85KB) AllocSpace objects, 1(20KB) LOS objects, 22% free, 53MB/69MB, paused 558us total 25.417ms
08-04 17:22:50.762 28588 28601 I art     : Starting a blocking GC Explicit
08-04 17:22:50.782 28588 28601 I art     : Explicit concurrent mark sweep GC freed 27(992B) AllocSpace objects, 0(0B) LOS objects, 22% free, 53MB/69MB, paused 518us total 20.438ms
08-04 17:22:50.791 28588 28601 I art     : Starting a blocking GC Explicit
08-04 17:22:50.812 28588 28601 I art     : Explicit concurrent mark sweep GC freed 3(96B) AllocSpace objects, 0(0B) LOS objects, 22% free, 53MB/69MB, paused 492us total 21.650ms
08-04 17:22:50.821 28588 28601 I art     : Starting a blocking GC Explicit
08-04 17:22:50.842 28588 28601 I art     : Explicit concurrent mark sweep GC freed 3(96B) AllocSpace objects, 0(0B) LOS objects, 22% free, 53MB/69MB, paused 468us total 21.077ms
08-04 17:22:50.852 28588 28601 I art     : Starting a blocking GC Explicit
08-04 17:22:50.877 28588 28601 I art     : Explicit concurrent mark sweep GC freed 3(96B) AllocSpace objects, 0(0B) LOS objects, 22% free, 53MB/69MB, paused 589us total 24.673ms
08-04 17:22:51.008   380   380 W SurfaceFlinger: couldn't log to binary event log: overflow.
08-04 17:22:51.130 28588 28676 I art     : Starting a blocking GC Explicit
08-04 17:22:51.153 28588 28676 I art     : Explicit concurrent mark sweep GC freed 1453(86KB) AllocSpace objects, 1(20KB) LOS objects, 22% free, 53MB/69MB, paused 516us total 22.401ms
08-04 17:22:51.161 28588 28676 I art     : Starting a blocking GC Explicit
08-04 17:22:51.183 28588 28676 I art     : Explicit concurrent mark sweep GC freed 1581(105KB) AllocSpace objects, 2(68KB) LOS objects, 22% free, 53MB/69MB, paused 500us total 21.650ms
08-04 17:22:51.191 28588 28676 I art     : Starting a blocking GC Explicit
08-04 17:22:51.213 28588 28676 I art     : Explicit concurrent mark sweep GC freed 3(96B) AllocSpace objects, 0(0B) LOS objects, 22% free, 53MB/69MB, paused 510us total 21.099ms
08-04 17:22:51.221 28588 28676 I art     : Starting a blocking GC Explicit
08-04 17:22:51.242 28588 28676 I art     : Explicit concurrent mark sweep GC freed 3(96B) AllocSpace objects, 0(0B) LOS objects, 22% free, 53MB/69MB, paused 582us total 20.903ms
08-04 17:22:51.250 28588 28676 I art     : Starting a blocking GC Explicit
08-04 17:22:51.272 28588 28676 I art     : Explicit concurrent mark sweep GC freed 3(96B) AllocSpace objects, 0(0B) LOS objects, 22% free, 53MB/69MB, paused 501us total 21.622ms
08-04 17:22:51.553 28588 29395 I art     : Starting a blocking GC Explicit
08-04 17:22:51.579 28588 29395 I art     : Explicit concurrent mark sweep GC freed 1344(78KB) AllocSpace objects, 1(20KB) LOS objects, 22% free, 53MB/69MB, paused 557us total 25.602ms
08-04 17:22:51.588 28588 29395 I art     : Starting a blocking GC Explicit
08-04 17:22:51.612 28588 29395 I art     : Explicit concurrent mark sweep GC freed 20(704B) AllocSpace objects, 0(0B) LOS objects, 22% free, 53MB/69MB, paused 547us total 24.177ms
08-04 17:22:51.621 28588 29395 I art     : Starting a blocking GC Explicit
08-04 17:22:51.638 24412 24412 I ServiceManager: Waiting for service AtCmdFwd...
08-04 17:22:51.646 28588 29395 I art     : Explicit concurrent mark sweep GC freed 3(96B) AllocSpace objects, 0(0B) LOS objects, 22% free, 53MB/69MB, paused 536us total 24.037ms
08-04 17:22:51.655 28588 29395 I art     : Starting a blocking GC Explicit
08-04 17:22:51.680 28588 29395 I art     : Explicit concurrent mark sweep GC freed 3(96B) AllocSpace objects, 0(0B) LOS objects, 22% free, 53MB/69MB, paused 501us total 24.431ms
08-04 17:22:51.689 28588 29395 I art     : Starting a blocking GC Explicit
08-04 17:22:51.713 28588 29395 I art     : Explicit concurrent mark sweep GC freed 3(96B) AllocSpace objects, 0(0B) LOS objects, 22% free, 53MB/69MB, paused 546us total 24.333ms
08-04 17:22:51.994 28588 28599 I art     : Starting a blocking GC Explicit
08-04 17:22:52.019 28588 28599 I art     : Explicit concurrent mark sweep GC freed 1344(78KB) AllocSpace objects, 1(20KB) LOS objects, 22% free, 53MB/69MB, paused 595us total 24.566ms
08-04 17:22:52.028 28588 28599 I art     : Starting a blocking GC Explicit
08-04 17:22:52.052 28588 28599 I art     : Explicit concurrent mark sweep GC freed 20(704B) AllocSpace objects, 0(0B) LOS objects, 22% free, 53MB/69MB, paused 557us total 24.223ms
08-04 17:22:52.062 28588 28599 I art     : Starting a blocking GC Explicit
08-04 17:22:52.085 28588 28599 I art     : Explicit concurrent mark sweep GC freed 3(96B) AllocSpace objects, 0(0B) LOS objects, 22% free, 53MB/69MB, paused 533us total 23.080ms
08-04 17:22:52.094 28588 28599 I art     : Starting a blocking GC Explicit
08-04 17:22:52.117 28588 28599 I art     : Explicit concurrent mark sweep GC freed 3(96B) AllocSpace objects, 0(0B) LOS objects, 22% free, 53MB/69MB, paused 572us total 23.024ms
08-04 17:22:52.127 28588 28599 I art     : Starting a blocking GC Explicit
08-04 17:22:52.150 28588 28599 I art     : Explicit concurrent mark sweep GC freed 3(96B) AllocSpace objects, 0(0B) LOS objects, 22% free, 53MB/69MB, paused 539us total 23.499ms
08-04 17:22:52.340 32409 32409 D AndroidRuntime: >>>>>> START com.android.internal.os.RuntimeInit uid 2000 <<<<<<
08-04 17:22:52.346 32409 32409 D AndroidRuntime: CheckJNI is OFF
08-04 17:22:52.375 32409 32409 D ICU     : No timezone override file found: /data/misc/zoneinfo/current/icu/icu_tzdata.dat
08-04 17:22:52.407 32409 32409 I Radio-JNI: register_android_hardware_Radio DONE
08-04 17:22:52.429 32409 32409 D AndroidRuntime: Calling main entry com.android.commands.input.Input
08-04 17:22:52.430 28588 28601 I art     : Starting a blocking GC Explicit
08-04 17:22:52.431 32409 32409 I Input   : injectMotionEvent: MotionEvent { action=ACTION_DOWN, actionButton=0, id[0]=0, x[0]=369.0, y[0]=554.0, toolType[0]=TOOL_TYPE_UNKNOWN, buttonState=0, metaState=0, flags=0x0, edgeFlags=0x0, pointerCount=1, historySize=0, eventTime=724988843, downTime=724988843, deviceId=0, source=0x1002 }
08-04 17:22:52.435 32409 32409 I Input   : injectMotionEvent: MotionEvent { action=ACTION_UP, actionButton=0, id[0]=0, x[0]=369.0, y[0]=554.0, toolType[0]=TOOL_TYPE_UNKNOWN, buttonState=0, metaState=0, flags=0x0, edgeFlags=0x0, pointerCount=1, historySize=0, eventTime=724988843, downTime=724988843, deviceId=0, source=0x1002 }
08-04 17:22:52.436   918   929 I ActivityManager: START u0 {cmp=baseline.appteam.nith.hillffair/.activities.ClubActivity (has extras)} from uid 10651 on display 0
08-04 17:22:52.445 32409 32409 D AndroidRuntime: Shutting down VM
08-04 17:22:52.455 28588 28601 I art     : Explicit concurrent mark sweep GC freed 1375(79KB) AllocSpace objects, 1(20KB) LOS objects, 22% free, 53MB/69MB, paused 918us total 25.527ms
08-04 17:22:52.465 28588 28601 I art     : Starting a blocking GC Explicit
08-04 17:22:52.490 28588 28601 I art     : Explicit concurrent mark sweep GC freed 3660(281KB) AllocSpace objects, 0(0B) LOS objects, 22% free, 53MB/69MB, paused 643us total 24.898ms
08-04 17:22:52.498 28588 28601 I art     : Starting a blocking GC Explicit
08-04 17:22:52.521 28588 28601 I art     : Explicit concurrent mark sweep GC freed 330(13KB) AllocSpace objects, 0(0B) LOS objects, 22% free, 54MB/70MB, paused 539us total 22.268ms
08-04 17:22:52.522 28588 28588 I NAPPA_EXPERIMENTATION: MetricNetworkRequestExecutionTime: REQUEST_DURATION_SYSTEM='47',REQUEST_DURATION_OKHTTP='31',REQUEST_SYNCHRONOUS='FALSE',RESPONSE_CODE='200',RESPONSE_METHOD='GET',RESPONSE_LENGTH_OKHTTP='979',RESPONSE_LENGTH_HEADER='-2',REQUEST_PROTOCOL='http/1.1',REQUEST_URL='https://api-hillfair-2k16.herokuapp.com/api/app/club/PR%20Club',
08-04 17:22:52.527   918   936 I ActivityManager: Displayed baseline.appteam.nith.hillffair/.activities.ClubActivity: +81ms
08-04 17:22:52.529 13866 13866 I GoogleInputMethodServic: GoogleInputMethodService.onFinishInput():3138 
08-04 17:22:52.529 13866 13866 I GoogleInputMethodServic: GoogleInputMethodService.onStartInput():1808 
08-04 17:22:52.530 28588 28601 I art     : Starting a blocking GC Explicit
08-04 17:22:52.556 28588 28601 I art     : Explicit concurrent mark sweep GC freed 626(49KB) AllocSpace objects, 0(0B) LOS objects, 22% free, 54MB/70MB, paused 594us total 25.796ms
08-04 17:22:52.565 28588 28601 I art     : Starting a blocking GC Explicit
08-04 17:22:52.586 28588 28601 I art     : Explicit concurrent mark sweep GC freed 50(1712B) AllocSpace objects, 0(0B) LOS objects, 22% free, 54MB/70MB, paused 497us total 21.281ms
08-04 17:22:52.638 24412 24412 I ServiceManager: Waiting for service AtCmdFwd...
08-04 17:22:52.809   380   380 W SurfaceFlinger: couldn't log to binary event log: overflow.
08-04 17:22:52.855 28588 28676 I art     : Starting a blocking GC Explicit
08-04 17:22:52.877 28588 28676 I art     : Explicit concurrent mark sweep GC freed 1344(78KB) AllocSpace objects, 1(20KB) LOS objects, 22% free, 54MB/70MB, paused 549us total 22.080ms
08-04 17:22:52.885 28588 28676 I art     : Starting a blocking GC Explicit
08-04 17:22:52.908 28588 28676 I art     : Explicit concurrent mark sweep GC freed 20(704B) AllocSpace objects, 0(0B) LOS objects, 22% free, 54MB/70MB, paused 526us total 22.943ms
08-04 17:22:52.919 28588 28676 I art     : Starting a blocking GC Explicit
08-04 17:22:52.945 28588 28676 I art     : Explicit concurrent mark sweep GC freed 103(5KB) AllocSpace objects, 0(0B) LOS objects, 22% free, 54MB/70MB, paused 505us total 26.001ms
08-04 17:22:52.954 28588 28676 I art     : Starting a blocking GC Explicit
08-04 17:22:52.976 28588 28676 I art     : Explicit concurrent mark sweep GC freed 3(96B) AllocSpace objects, 0(0B) LOS objects, 22% free, 54MB/70MB, paused 486us total 21.700ms
08-04 17:22:52.984 28588 28676 I art     : Starting a blocking GC Explicit
08-04 17:22:53.008 28588 28676 I art     : Explicit concurrent mark sweep GC freed 3(96B) AllocSpace objects, 0(0B) LOS objects, 22% free, 54MB/70MB, paused 600us total 23.298ms
08-04 17:22:53.299 28588 28599 I art     : Starting a blocking GC Explicit
08-04 17:22:53.325 28588 28599 I art     : Explicit concurrent mark sweep GC freed 1344(78KB) AllocSpace objects, 1(20KB) LOS objects, 22% free, 54MB/70MB, paused 556us total 25.280ms
08-04 17:22:53.339 28588 28599 I art     : Starting a blocking GC Explicit
08-04 17:22:53.363 28588 28599 I art     : Explicit concurrent mark sweep GC freed 36(1264B) AllocSpace objects, 0(0B) LOS objects, 22% free, 54MB/70MB, paused 558us total 24.017ms
08-04 17:22:53.372 28588 28599 I art     : Starting a blocking GC Explicit
08-04 17:22:53.396 28588 28599 I art     : Explicit concurrent mark sweep GC freed 3(96B) AllocSpace objects, 0(0B) LOS objects, 22% free, 54MB/70MB, paused 540us total 23.986ms
08-04 17:22:53.405 28588 28599 I art     : Starting a blocking GC Explicit
08-04 17:22:53.430 28588 28599 I art     : Explicit concurrent mark sweep GC freed 3(96B) AllocSpace objects, 0(0B) LOS objects, 22% free, 54MB/70MB, paused 533us total 24.544ms
08-04 17:22:53.440 28588 28599 I art     : Starting a blocking GC Explicit
08-04 17:22:53.465 28588 28599 I art     : Explicit concurrent mark sweep GC freed 3(96B) AllocSpace objects, 0(0B) LOS objects, 22% free, 54MB/70MB, paused 566us total 25.177ms
08-04 17:22:53.639 24412 24412 I ServiceManager: Waiting for service AtCmdFwd...
08-04 17:22:53.769 28588 28601 I art     : Starting a blocking GC Explicit
08-04 17:22:53.806 28588 28601 I art     : Explicit concurrent mark sweep GC freed 1344(78KB) AllocSpace objects, 1(20KB) LOS objects, 22% free, 54MB/70MB, paused 638us total 36.528ms
08-04 17:22:53.818 28588 28601 I art     : Starting a blocking GC Explicit
08-04 17:22:53.844 28588 28601 I art     : Explicit concurrent mark sweep GC freed 20(704B) AllocSpace objects, 0(0B) LOS objects, 22% free, 54MB/70MB, paused 564us total 26.039ms
08-04 17:22:53.854 28588 28601 I art     : Starting a blocking GC Explicit
08-04 17:22:53.880 28588 28601 I art     : Explicit concurrent mark sweep GC freed 3(96B) AllocSpace objects, 0(0B) LOS objects, 22% free, 54MB/70MB, paused 568us total 25.853ms
08-04 17:22:53.889 28588 28601 I art     : Starting a blocking GC Explicit
08-04 17:22:53.916 28588 28601 I art     : Explicit concurrent mark sweep GC freed 3(96B) AllocSpace objects, 0(0B) LOS objects, 22% free, 54MB/70MB, paused 566us total 26.467ms
08-04 17:22:53.925 28588 28601 I art     : Starting a blocking GC Explicit
08-04 17:22:53.951 28588 28601 I art     : Explicit concurrent mark sweep GC freed 3(96B) AllocSpace objects, 0(0B) LOS objects, 22% free, 54MB/70MB, paused 568us total 25.571ms
08-04 17:22:54.267 28588 29395 I art     : Starting a blocking GC Explicit
08-04 17:22:54.306 28588 29395 I art     : Explicit concurrent mark sweep GC freed 1344(78KB) AllocSpace objects, 1(20KB) LOS objects, 22% free, 54MB/70MB, paused 628us total 38.025ms
08-04 17:22:54.319 28588 29395 I art     : Starting a blocking GC Explicit
08-04 17:22:54.345 28588 29395 I art     : Explicit concurrent mark sweep GC freed 20(704B) AllocSpace objects, 0(0B) LOS objects, 22% free, 54MB/70MB, paused 560us total 26.535ms
08-04 17:22:54.355 28588 29395 I art     : Starting a blocking GC Explicit
08-04 17:22:54.380 28588 29395 I art     : Explicit concurrent mark sweep GC freed 3(96B) AllocSpace objects, 0(0B) LOS objects, 22% free, 54MB/70MB, paused 556us total 25.507ms
08-04 17:22:54.390 28588 29395 I art     : Starting a blocking GC Explicit
08-04 17:22:54.416 28588 29395 I art     : Explicit concurrent mark sweep GC freed 3(96B) AllocSpace objects, 0(0B) LOS objects, 22% free, 54MB/70MB, paused 565us total 25.846ms
08-04 17:22:54.425 28588 29395 I art     : Starting a blocking GC Explicit
08-04 17:22:54.451 28588 29395 I art     : Explicit concurrent mark sweep GC freed 3(96B) AllocSpace objects, 0(0B) LOS objects, 22% free, 54MB/70MB, paused 570us total 25.626ms
08-04 17:22:54.639 24412 24412 I ServiceManager: Waiting for service AtCmdFwd...
08-04 17:22:54.777 28588 28676 I art     : Starting a blocking GC Explicit
08-04 17:22:54.812 28588 28676 I art     : Explicit concurrent mark sweep GC freed 1344(78KB) AllocSpace objects, 1(20KB) LOS objects, 22% free, 54MB/70MB, paused 613us total 34.531ms
08-04 17:22:54.825 28588 28676 I art     : Starting a blocking GC Explicit
08-04 17:22:54.851 28588 28676 I art     : Explicit concurrent mark sweep GC freed 20(704B) AllocSpace objects, 0(0B) LOS objects, 22% free, 54MB/70MB, paused 560us total 25.850ms
08-04 17:22:54.860 28588 28676 I art     : Starting a blocking GC Explicit
08-04 17:22:54.886 28588 28676 I art     : Explicit concurrent mark sweep GC freed 3(96B) AllocSpace objects, 0(0B) LOS objects, 22% free, 54MB/70MB, paused 554us total 25.778ms
08-04 17:22:54.896 28588 28676 I art     : Starting a blocking GC Explicit
08-04 17:22:54.922 28588 28676 I art     : Explicit concurrent mark sweep GC freed 3(96B) AllocSpace objects, 0(0B) LOS objects, 22% free, 54MB/70MB, paused 581us total 26.246ms
08-04 17:22:54.932 28588 28676 I art     : Starting a blocking GC Explicit
08-04 17:22:54.958 28588 28676 I art     : Explicit concurrent mark sweep GC freed 3(96B) AllocSpace objects, 0(0B) LOS objects, 22% free, 54MB/70MB, paused 669us total 25.849ms
08-04 17:22:55.277 28588 28599 I art     : Starting a blocking GC Explicit
08-04 17:22:55.315 28588 28599 I art     : Explicit concurrent mark sweep GC freed 1344(78KB) AllocSpace objects, 1(20KB) LOS objects, 22% free, 54MB/70MB, paused 619us total 37.195ms
08-04 17:22:55.328 28588 28599 I art     : Starting a blocking GC Explicit
08-04 17:22:55.353 28588 28599 I art     : Explicit concurrent mark sweep GC freed 20(704B) AllocSpace objects, 0(0B) LOS objects, 22% free, 54MB/70MB, paused 561us total 25.348ms
08-04 17:22:55.363 28588 28599 I art     : Starting a blocking GC Explicit
08-04 17:22:55.388 28588 28599 I art     : Explicit concurrent mark sweep GC freed 3(96B) AllocSpace objects, 0(0B) LOS objects, 22% free, 54MB/70MB, paused 562us total 25.471ms
08-04 17:22:55.398 28588 28599 I art     : Starting a blocking GC Explicit
08-04 17:22:55.424 28588 28599 I art     : Explicit concurrent mark sweep GC freed 3(96B) AllocSpace objects, 0(0B) LOS objects, 22% free, 54MB/70MB, paused 565us total 25.804ms
08-04 17:22:55.433 28588 28599 I art     : Starting a blocking GC Explicit
08-04 17:22:55.460 28588 28599 I art     : Explicit concurrent mark sweep GC freed 3(96B) AllocSpace objects, 0(0B) LOS objects, 22% free, 54MB/70MB, paused 684us total 25.977ms
08-04 17:22:55.640 24412 24412 W Atfwd_Sendcmd: AtCmdFwd service not published, waiting... retryCnt : 1
08-04 17:22:55.792 28588 28601 I art     : Starting a blocking GC Explicit
08-04 17:22:55.827 28588 28601 I art     : Explicit concurrent mark sweep GC freed 1344(78KB) AllocSpace objects, 1(20KB) LOS objects, 22% free, 54MB/70MB, paused 609us total 34.729ms
08-04 17:22:55.840 28588 28601 I art     : Starting a blocking GC Explicit
08-04 17:22:55.866 28588 28601 I art     : Explicit concurrent mark sweep GC freed 20(704B) AllocSpace objects, 0(0B) LOS objects, 22% free, 54MB/70MB, paused 586us total 25.524ms
08-04 17:22:55.875 28588 28601 I art     : Starting a blocking GC Explicit
08-04 17:22:55.901 28588 28601 I art     : Explicit concurrent mark sweep GC freed 3(96B) AllocSpace objects, 0(0B) LOS objects, 22% free, 54MB/70MB, paused 550us total 25.858ms
08-04 17:22:55.911 28588 28601 I art     : Starting a blocking GC Explicit
08-04 17:22:55.938 28588 28601 I art     : Explicit concurrent mark sweep GC freed 3(96B) AllocSpace objects, 0(0B) LOS objects, 22% free, 54MB/70MB, paused 594us total 26.645ms
08-04 17:22:55.947 28588 28601 I art     : Starting a blocking GC Explicit
08-04 17:22:55.973 28588 28601 I art     : Explicit concurrent mark sweep GC freed 3(96B) AllocSpace objects, 0(0B) LOS objects, 22% free, 54MB/70MB, paused 567us total 25.824ms
08-04 17:22:56.295 28588 29395 I art     : Starting a blocking GC Explicit
08-04 17:22:56.332 28588 29395 I art     : Explicit concurrent mark sweep GC freed 1344(78KB) AllocSpace objects, 1(20KB) LOS objects, 22% free, 54MB/70MB, paused 616us total 35.976ms
08-04 17:22:56.344 28588 29395 I art     : Starting a blocking GC Explicit
08-04 17:22:56.371 28588 29395 I art     : Explicit concurrent mark sweep GC freed 20(704B) AllocSpace objects, 0(0B) LOS objects, 22% free, 54MB/70MB, paused 636us total 26.408ms
08-04 17:22:56.381 28588 29395 I art     : Starting a blocking GC Explicit
08-04 17:22:56.406 28588 29395 I art     : Explicit concurrent mark sweep GC freed 3(96B) AllocSpace objects, 0(0B) LOS objects, 22% free, 54MB/70MB, paused 552us total 25.181ms
08-04 17:22:56.415 28588 29395 I art     : Starting a blocking GC Explicit
08-04 17:22:56.440 28588 29395 I art     : Explicit concurrent mark sweep GC freed 3(96B) AllocSpace objects, 0(0B) LOS objects, 22% free, 54MB/70MB, paused 559us total 24.750ms
08-04 17:22:56.450 28588 29395 I art     : Starting a blocking GC Explicit
08-04 17:22:56.476 28588 29395 I art     : Explicit concurrent mark sweep GC freed 3(96B) AllocSpace objects, 0(0B) LOS objects, 22% free, 54MB/70MB, paused 567us total 25.764ms
08-04 17:22:56.780 28588 28676 I art     : Starting a blocking GC Explicit
08-04 17:22:56.806 28588 28676 I art     : Explicit concurrent mark sweep GC freed 1344(78KB) AllocSpace objects, 1(20KB) LOS objects, 22% free, 54MB/70MB, paused 572us total 25.570ms
08-04 17:22:56.815 28588 28676 I art     : Starting a blocking GC Explicit
08-04 17:22:56.841 28588 28676 I art     : Explicit concurrent mark sweep GC freed 20(704B) AllocSpace objects, 0(0B) LOS objects, 22% free, 54MB/70MB, paused 599us total 25.567ms
08-04 17:22:56.851 28588 28676 I art     : Starting a blocking GC Explicit
08-04 17:22:56.875 28588 28676 I art     : Explicit concurrent mark sweep GC freed 3(96B) AllocSpace objects, 0(0B) LOS objects, 22% free, 54MB/70MB, paused 569us total 23.760ms
08-04 17:22:56.884 28588 28676 I art     : Starting a blocking GC Explicit
08-04 17:22:56.908 28588 28676 I art     : Explicit concurrent mark sweep GC freed 3(96B) AllocSpace objects, 0(0B) LOS objects, 22% free, 54MB/70MB, paused 580us total 24.059ms
08-04 17:22:56.917 28588 28676 I art     : Starting a blocking GC Explicit
08-04 17:22:56.941 28588 28676 I art     : Explicit concurrent mark sweep GC freed 3(96B) AllocSpace objects, 0(0B) LOS objects, 22% free, 54MB/70MB, paused 612us total 23.844ms
08-04 17:22:57.119 32523 32523 D AndroidRuntime: >>>>>> START com.android.internal.os.RuntimeInit uid 2000 <<<<<<
08-04 17:22:57.124 32523 32523 D AndroidRuntime: CheckJNI is OFF
08-04 17:22:57.156 32523 32523 D ICU     : No timezone override file found: /data/misc/zoneinfo/current/icu/icu_tzdata.dat
08-04 17:22:57.190 32523 32523 I Radio-JNI: register_android_hardware_Radio DONE
08-04 17:22:57.212 32523 32523 D AndroidRuntime: Calling main entry com.android.commands.input.Input
08-04 17:22:57.213 32523 32523 I Input   : injectKeyEvent: KeyEvent { action=ACTION_DOWN, keyCode=KEYCODE_BACK, scanCode=0, metaState=0, flags=0x0, repeatCount=0, eventTime=724993627, downTime=724993627, deviceId=-1, source=0x101 }
08-04 17:22:57.218 32523 32523 I Input   : injectKeyEvent: KeyEvent { action=ACTION_UP, keyCode=KEYCODE_BACK, scanCode=0, metaState=0, flags=0x0, repeatCount=0, eventTime=724993627, downTime=724993627, deviceId=-1, source=0x101 }
08-04 17:22:57.224 32523 32523 D AndroidRuntime: Shutting down VM
08-04 17:22:57.253 28588 28599 I art     : Starting a blocking GC Explicit
08-04 17:22:57.257 13866 13866 I GoogleInputMethodServic: GoogleInputMethodService.onFinishInput():3138 
08-04 17:22:57.258 13866 13866 I GoogleInputMethodServic: GoogleInputMethodService.onStartInput():1808 
08-04 17:22:57.277 28588 28599 I art     : Explicit concurrent mark sweep GC freed 1515(85KB) AllocSpace objects, 1(20KB) LOS objects, 22% free, 54MB/70MB, paused 709us total 24.350ms
08-04 17:22:57.288 28588 28599 I art     : Starting a blocking GC Explicit
08-04 17:22:57.313 28588 28599 I art     : Explicit concurrent mark sweep GC freed 34(1168B) AllocSpace objects, 0(0B) LOS objects, 22% free, 54MB/70MB, paused 555us total 24.452ms
08-04 17:22:57.321 28588 28599 I art     : Starting a blocking GC Explicit
08-04 17:22:57.341 28588 28599 I art     : Explicit concurrent mark sweep GC freed 6(224B) AllocSpace objects, 0(0B) LOS objects, 22% free, 54MB/70MB, paused 483us total 20.348ms
08-04 17:22:57.350 28588 28599 I art     : Starting a blocking GC Explicit
08-04 17:22:57.372 28588 28599 I art     : Explicit concurrent mark sweep GC freed 3(96B) AllocSpace objects, 0(0B) LOS objects, 22% free, 54MB/70MB, paused 551us total 22.585ms
08-04 17:22:57.381 28588 28599 I art     : Starting a blocking GC Explicit
08-04 17:22:57.404 28588 28599 I art     : Explicit concurrent mark sweep GC freed 3(96B) AllocSpace objects, 0(0B) LOS objects, 22% free, 54MB/70MB, paused 511us total 22.422ms
08-04 17:22:57.547   380   380 W SurfaceFlinger: couldn't log to binary event log: overflow.
08-04 17:22:57.663 28588 28601 I art     : Starting a blocking GC Explicit
08-04 17:22:57.689 28588 28601 I art     : Explicit concurrent mark sweep GC freed 1453(86KB) AllocSpace objects, 1(20KB) LOS objects, 22% free, 54MB/70MB, paused 611us total 25.800ms
08-04 17:22:57.698 28588 28601 I art     : Starting a blocking GC Explicit
08-04 17:22:57.723 28588 28601 I art     : Explicit concurrent mark sweep GC freed 1671(107KB) AllocSpace objects, 3(184KB) LOS objects, 22% free, 53MB/69MB, paused 552us total 24.705ms
08-04 17:22:57.732 28588 28601 I art     : Starting a blocking GC Explicit
08-04 17:22:57.756 28588 28601 I art     : Explicit concurrent mark sweep GC freed 3(96B) AllocSpace objects, 0(0B) LOS objects, 22% free, 53MB/69MB, paused 567us total 24.352ms
08-04 17:22:57.765 28588 28601 I art     : Starting a blocking GC Explicit
08-04 17:22:57.789 28588 28601 I art     : Explicit concurrent mark sweep GC freed 3(96B) AllocSpace objects, 0(0B) LOS objects, 22% free, 53MB/69MB, paused 561us total 23.868ms
08-04 17:22:57.798 28588 28601 I art     : Starting a blocking GC Explicit
08-04 17:22:57.823 28588 28601 I art     : Explicit concurrent mark sweep GC freed 3(96B) AllocSpace objects, 0(0B) LOS objects, 22% free, 53MB/69MB, paused 571us total 24.073ms
08-04 17:22:58.114 28588 28676 I art     : Starting a blocking GC Explicit
08-04 17:22:58.142 28588 28676 I art     : Explicit concurrent mark sweep GC freed 1344(78KB) AllocSpace objects, 1(20KB) LOS objects, 22% free, 53MB/69MB, paused 605us total 26.898ms
08-04 17:22:58.154 28588 28676 I art     : Starting a blocking GC Explicit
08-04 17:22:58.179 28588 28676 I art     : Explicit concurrent mark sweep GC freed 20(704B) AllocSpace objects, 0(0B) LOS objects, 22% free, 53MB/69MB, paused 574us total 24.132ms
08-04 17:22:58.188 28588 28676 I art     : Starting a blocking GC Explicit
08-04 17:22:58.213 28588 28676 I art     : Explicit concurrent mark sweep GC freed 3(96B) AllocSpace objects, 0(0B) LOS objects, 22% free, 53MB/69MB, paused 561us total 25.059ms
08-04 17:22:58.223 28588 28676 I art     : Starting a blocking GC Explicit
08-04 17:22:58.247 28588 28676 I art     : Explicit concurrent mark sweep GC freed 3(96B) AllocSpace objects, 0(0B) LOS objects, 22% free, 53MB/69MB, paused 611us total 24.045ms
08-04 17:22:58.256 28588 28676 I art     : Starting a blocking GC Explicit
08-04 17:22:58.282 28588 28676 I art     : Explicit concurrent mark sweep GC freed 3(96B) AllocSpace objects, 0(0B) LOS objects, 22% free, 53MB/69MB, paused 563us total 25.076ms
08-04 17:22:58.561 28588 29395 I art     : Starting a blocking GC Explicit
08-04 17:22:58.586 28588 29395 I art     : Explicit concurrent mark sweep GC freed 1344(78KB) AllocSpace objects, 1(20KB) LOS objects, 22% free, 53MB/69MB, paused 588us total 24.461ms
08-04 17:22:58.595 28588 29395 I art     : Starting a blocking GC Explicit
08-04 17:22:58.618 28588 29395 I art     : Explicit concurrent mark sweep GC freed 20(704B) AllocSpace objects, 0(0B) LOS objects, 22% free, 53MB/69MB, paused 559us total 22.965ms
08-04 17:22:58.627 28588 29395 I art     : Starting a blocking GC Explicit
08-04 17:22:58.651 28588 29395 I art     : Explicit concurrent mark sweep GC freed 3(96B) AllocSpace objects, 0(0B) LOS objects, 22% free, 53MB/69MB, paused 551us total 23.233ms
08-04 17:22:58.660 28588 29395 I art     : Starting a blocking GC Explicit
08-04 17:22:58.683 28588 29395 I art     : Explicit concurrent mark sweep GC freed 3(96B) AllocSpace objects, 0(0B) LOS objects, 22% free, 53MB/69MB, paused 565us total 23.060ms
08-04 17:22:58.692 28588 29395 I art     : Starting a blocking GC Explicit
08-04 17:22:58.715 28588 29395 I art     : Explicit concurrent mark sweep GC freed 3(96B) AllocSpace objects, 0(0B) LOS objects, 22% free, 53MB/69MB, paused 558us total 22.942ms
08-04 17:22:58.900 32577 32577 D AndroidRuntime: >>>>>> START com.android.internal.os.RuntimeInit uid 2000 <<<<<<
08-04 17:22:58.904 32577 32577 D AndroidRuntime: CheckJNI is OFF
08-04 17:22:58.936 32577 32577 D ICU     : No timezone override file found: /data/misc/zoneinfo/current/icu/icu_tzdata.dat
08-04 17:22:58.969 32577 32577 I Radio-JNI: register_android_hardware_Radio DONE
08-04 17:22:58.992 32577 32577 D AndroidRuntime: Calling main entry com.android.commands.input.Input
08-04 17:22:58.993 32577 32577 I Input   : injectKeyEvent: KeyEvent { action=ACTION_DOWN, keyCode=KEYCODE_BACK, scanCode=0, metaState=0, flags=0x0, repeatCount=0, eventTime=724995406, downTime=724995406, deviceId=-1, source=0x101 }
08-04 17:22:58.998 32577 32577 I Input   : injectKeyEvent: KeyEvent { action=ACTION_UP, keyCode=KEYCODE_BACK, scanCode=0, metaState=0, flags=0x0, repeatCount=0, eventTime=724995406, downTime=724995406, deviceId=-1, source=0x101 }
08-04 17:22:59.003 32577 32577 D AndroidRuntime: Shutting down VM
08-04 17:22:59.004 28588 28601 I art     : Starting a blocking GC Explicit
08-04 17:22:59.028 28588 28601 I art     : Explicit concurrent mark sweep GC freed 1494(85KB) AllocSpace objects, 1(20KB) LOS objects, 22% free, 53MB/69MB, paused 544us total 23.462ms
08-04 17:22:59.037 28588 28601 I art     : Starting a blocking GC Explicit
08-04 17:22:59.042 13866 13866 I GoogleInputMethodServic: GoogleInputMethodService.onFinishInput():3138 
08-04 17:22:59.044 13866 13866 I GoogleInputMethodServic: GoogleInputMethodService.onStartInput():1808 
08-04 17:22:59.060 28588 28601 I art     : Explicit concurrent mark sweep GC freed 91(3KB) AllocSpace objects, 0(0B) LOS objects, 22% free, 53MB/69MB, paused 610us total 22.875ms
08-04 17:22:59.070 28588 28601 I art     : Starting a blocking GC Explicit
08-04 17:22:59.095 28588 28601 I art     : Explicit concurrent mark sweep GC freed 32(1072B) AllocSpace objects, 0(0B) LOS objects, 22% free, 53MB/69MB, paused 715us total 24.371ms
08-04 17:22:59.103 28588 28601 I art     : Starting a blocking GC Explicit
08-04 17:22:59.123 28588 28601 I art     : Explicit concurrent mark sweep GC freed 3(96B) AllocSpace objects, 0(0B) LOS objects, 22% free, 53MB/69MB, paused 474us total 19.836ms
08-04 17:22:59.131 28588 28601 I art     : Starting a blocking GC Explicit
08-04 17:22:59.153 28588 28601 I art     : Explicit concurrent mark sweep GC freed 3(96B) AllocSpace objects, 0(0B) LOS objects, 22% free, 53MB/69MB, paused 504us total 21.680ms
08-04 17:22:59.416 28588 29395 I art     : Starting a blocking GC Explicit
08-04 17:22:59.441 28588 29395 I art     : Explicit concurrent mark sweep GC freed 2977(154KB) AllocSpace objects, 1(20KB) LOS objects, 22% free, 53MB/69MB, paused 556us total 24.672ms
08-04 17:22:59.450 28588 29395 I art     : Starting a blocking GC Explicit
08-04 17:22:59.473 28588 29395 I art     : Explicit concurrent mark sweep GC freed 2858(180KB) AllocSpace objects, 2(140KB) LOS objects, 23% free, 53MB/69MB, paused 548us total 23.020ms
08-04 17:22:59.482 28588 29395 I art     : Starting a blocking GC Explicit
08-04 17:22:59.505 28588 29395 I art     : Explicit concurrent mark sweep GC freed 3(96B) AllocSpace objects, 0(0B) LOS objects, 23% free, 53MB/69MB, paused 560us total 22.726ms
08-04 17:22:59.514 28588 29395 I art     : Starting a blocking GC Explicit
08-04 17:22:59.538 28588 29395 I art     : Explicit concurrent mark sweep GC freed 3(96B) AllocSpace objects, 0(0B) LOS objects, 23% free, 53MB/69MB, paused 571us total 23.220ms
08-04 17:22:59.547 28588 29395 I art     : Starting a blocking GC Explicit
08-04 17:22:59.570 28588 29395 I art     : Explicit concurrent mark sweep GC freed 3(96B) AllocSpace objects, 0(0B) LOS objects, 23% free, 53MB/69MB, paused 522us total 22.903ms
08-04 17:22:59.875 28588 28676 I art     : Starting a blocking GC Explicit
08-04 17:22:59.904 28588 28676 I art     : Explicit concurrent mark sweep GC freed 1344(78KB) AllocSpace objects, 1(20KB) LOS objects, 23% free, 53MB/69MB, paused 595us total 28.850ms
08-04 17:22:59.917 28588 28676 I art     : Starting a blocking GC Explicit
08-04 17:22:59.940 28588 28676 I art     : Explicit concurrent mark sweep GC freed 20(720B) AllocSpace objects, 0(0B) LOS objects, 23% free, 53MB/69MB, paused 546us total 23.597ms
08-04 17:22:59.950 28588 28676 I art     : Starting a blocking GC Explicit
08-04 17:22:59.973 28588 28676 I art     : Explicit concurrent mark sweep GC freed 3(96B) AllocSpace objects, 0(0B) LOS objects, 23% free, 53MB/69MB, paused 552us total 23.588ms
08-04 17:22:59.983 28588 28676 I art     : Starting a blocking GC Explicit
08-04 17:23:00.005 28588 28676 I art     : Explicit concurrent mark sweep GC freed 3(96B) AllocSpace objects, 0(0B) LOS objects, 23% free, 53MB/69MB, paused 511us total 22.545ms
08-04 17:23:00.015 28588 28676 I art     : Starting a blocking GC Explicit
08-04 17:23:00.036 28588 28676 I art     : Explicit concurrent mark sweep GC freed 3(96B) AllocSpace objects, 0(0B) LOS objects, 23% free, 53MB/69MB, paused 484us total 20.871ms
08-04 17:23:00.316 28588 28599 I art     : Starting a blocking GC Explicit
08-04 17:23:00.339 28588 28599 I art     : Explicit concurrent mark sweep GC freed 1341(78KB) AllocSpace objects, 1(20KB) LOS objects, 23% free, 53MB/69MB, paused 560us total 22.668ms
08-04 17:23:00.348 28588 28599 I art     : Starting a blocking GC Explicit
08-04 17:23:00.371 28588 28599 I art     : Explicit concurrent mark sweep GC freed 20(704B) AllocSpace objects, 0(0B) LOS objects, 23% free, 53MB/69MB, paused 551us total 22.462ms
08-04 17:23:00.380 28588 28599 I art     : Starting a blocking GC Explicit
08-04 17:23:00.402 28588 28599 I art     : Explicit concurrent mark sweep GC freed 3(96B) AllocSpace objects, 0(0B) LOS objects, 23% free, 53MB/69MB, paused 541us total 22.122ms
08-04 17:23:00.411 28588 28599 I art     : Starting a blocking GC Explicit
08-04 17:23:00.433 28588 28599 I art     : Explicit concurrent mark sweep GC freed 3(96B) AllocSpace objects, 0(0B) LOS objects, 23% free, 53MB/69MB, paused 546us total 21.535ms
08-04 17:23:00.441 28588 28599 I art     : Starting a blocking GC Explicit
08-04 17:23:00.463 28588 28599 I art     : Explicit concurrent mark sweep GC freed 3(96B) AllocSpace objects, 0(0B) LOS objects, 23% free, 53MB/69MB, paused 538us total 21.557ms
08-04 17:23:00.640 24412 24412 I ServiceManager: Waiting for service AtCmdFwd...
08-04 17:23:00.658 32632 32632 D AndroidRuntime: >>>>>> START com.android.internal.os.RuntimeInit uid 2000 <<<<<<
08-04 17:23:00.663 32632 32632 D AndroidRuntime: CheckJNI is OFF
08-04 17:23:00.696 32632 32632 D ICU     : No timezone override file found: /data/misc/zoneinfo/current/icu/icu_tzdata.dat
08-04 17:23:00.730 32632 32632 I Radio-JNI: register_android_hardware_Radio DONE
08-04 17:23:00.733 28588 28601 I art     : Starting a blocking GC Explicit
08-04 17:23:00.753 32632 32632 D AndroidRuntime: Calling main entry com.android.commands.input.Input
08-04 17:23:00.755 32632 32632 I Input   : injectMotionEvent: MotionEvent { action=ACTION_DOWN, actionButton=0, id[0]=0, x[0]=1084.0, y[0]=2213.0, toolType[0]=TOOL_TYPE_UNKNOWN, buttonState=0, metaState=0, flags=0x0, edgeFlags=0x0, pointerCount=1, historySize=0, eventTime=724997167, downTime=724997167, deviceId=0, source=0x1002 }
08-04 17:23:00.757 28588 28601 I art     : Explicit concurrent mark sweep GC freed 1341(78KB) AllocSpace objects, 1(20KB) LOS objects, 23% free, 53MB/69MB, paused 635us total 23.371ms
08-04 17:23:00.761 32632 32632 I Input   : injectMotionEvent: MotionEvent { action=ACTION_UP, actionButton=0, id[0]=0, x[0]=1084.0, y[0]=2213.0, toolType[0]=TOOL_TYPE_UNKNOWN, buttonState=0, metaState=0, flags=0x0, edgeFlags=0x0, pointerCount=1, historySize=0, eventTime=724997167, downTime=724997167, deviceId=0, source=0x1002 }
08-04 17:23:00.762   918   929 I ActivityManager: START u0 {cmp=baseline.appteam.nith.hillffair/.activities.EventActivity} from uid 10651 on display 0
08-04 17:23:00.766 28588 28601 I art     : Starting a blocking GC Explicit
08-04 17:23:00.768 32632 32632 D AndroidRuntime: Shutting down VM
08-04 17:23:00.790 28588 28601 I art     : Explicit concurrent mark sweep GC freed 703(52KB) AllocSpace objects, 0(0B) LOS objects, 23% free, 53MB/69MB, paused 1.025ms total 24.071ms
08-04 17:23:00.798 28588 28601 I art     : Starting a blocking GC Explicit
08-04 17:23:00.822 28588 28601 I art     : Explicit concurrent mark sweep GC freed 4591(297KB) AllocSpace objects, 0(0B) LOS objects, 22% free, 53MB/69MB, paused 579us total 23.794ms
08-04 17:23:00.830 28588 28601 I art     : Starting a blocking GC Explicit
08-04 17:23:00.840 28588 28588 I NAPPA_EXPERIMENTATION: MetricNetworkRequestExecutionTime: REQUEST_DURATION_SYSTEM='46',REQUEST_DURATION_OKHTTP='32',REQUEST_SYNCHRONOUS='FALSE',RESPONSE_CODE='200',RESPONSE_METHOD='GET',RESPONSE_LENGTH_OKHTTP='1870',RESPONSE_LENGTH_HEADER='-2',REQUEST_PROTOCOL='http/1.1',REQUEST_URL='https://api-hillfair-2k16.herokuapp.com/api/app/club',
08-04 17:23:00.841 13866 13866 I GoogleInputMethodServic: GoogleInputMethodService.onFinishInput():3138 
08-04 17:23:00.841 13866 13866 I GoogleInputMethodServic: GoogleInputMethodService.onStartInput():1808 
08-04 17:23:00.851 28588 28601 I art     : Explicit concurrent mark sweep GC freed 601(57KB) AllocSpace objects, 0(0B) LOS objects, 23% free, 53MB/69MB, paused 521us total 20.155ms
08-04 17:23:00.851 28588 28598 I art     : WaitForGcToComplete blocked for 20.770ms for cause HeapTrim
08-04 17:23:00.859 28588 28601 I art     : Starting a blocking GC Explicit
08-04 17:23:00.882 28588 28601 I art     : Explicit concurrent mark sweep GC freed 409(15KB) AllocSpace objects, 0(0B) LOS objects, 22% free, 53MB/69MB, paused 765us total 22.311ms
08-04 17:23:00.887   918   936 I ActivityManager: Displayed baseline.appteam.nith.hillffair/.activities.EventActivity: +118ms
08-04 17:23:01.128   380   380 W SurfaceFlinger: couldn't log to binary event log: overflow.
08-04 17:23:01.157 28588 28599 I art     : Starting a blocking GC Explicit
08-04 17:23:01.179 28588 28599 I art     : Explicit concurrent mark sweep GC freed 1563(86KB) AllocSpace objects, 1(20KB) LOS objects, 22% free, 53MB/69MB, paused 529us total 20.976ms
08-04 17:23:01.187 28588 28599 I art     : Starting a blocking GC Explicit
08-04 17:23:01.207 28588 28599 I art     : Explicit concurrent mark sweep GC freed 22(800B) AllocSpace objects, 0(0B) LOS objects, 22% free, 53MB/69MB, paused 516us total 20.273ms
08-04 17:23:01.216 28588 28599 I art     : Starting a blocking GC Explicit
08-04 17:23:01.238 28588 28599 I art     : Explicit concurrent mark sweep GC freed 4(112B) AllocSpace objects, 0(0B) LOS objects, 22% free, 53MB/69MB, paused 789us total 22.575ms
08-04 17:23:01.247 28588 28599 I art     : Starting a blocking GC Explicit
08-04 17:23:01.270 28588 28599 I art     : Explicit concurrent mark sweep GC freed 72(4KB) AllocSpace objects, 0(0B) LOS objects, 22% free, 53MB/69MB, paused 502us total 22.436ms
08-04 17:23:01.279 28588 28599 I art     : Starting a blocking GC Explicit
08-04 17:23:01.301 28588 28599 I art     : Explicit concurrent mark sweep GC freed 3(96B) AllocSpace objects, 0(0B) LOS objects, 22% free, 53MB/69MB, paused 569us total 21.830ms
08-04 17:23:01.609 28588 29395 I art     : Starting a blocking GC Explicit
08-04 17:23:01.641 24412 24412 I ServiceManager: Waiting for service AtCmdFwd...
08-04 17:23:01.641 28588 29395 I art     : Explicit concurrent mark sweep GC freed 1344(78KB) AllocSpace objects, 1(20KB) LOS objects, 22% free, 53MB/69MB, paused 562us total 31.935ms
08-04 17:23:01.651 28588 29395 I art     : Starting a blocking GC Explicit
08-04 17:23:01.675 28588 29395 I art     : Explicit concurrent mark sweep GC freed 20(704B) AllocSpace objects, 0(0B) LOS objects, 22% free, 53MB/69MB, paused 563us total 24.339ms
08-04 17:23:01.684 28588 29395 I art     : Starting a blocking GC Explicit
08-04 17:23:01.709 28588 29395 I art     : Explicit concurrent mark sweep GC freed 3(96B) AllocSpace objects, 0(0B) LOS objects, 22% free, 53MB/69MB, paused 566us total 24.561ms
08-04 17:23:01.719 28588 29395 I art     : Starting a blocking GC Explicit
08-04 17:23:01.743 28588 29395 I art     : Explicit concurrent mark sweep GC freed 3(96B) AllocSpace objects, 0(0B) LOS objects, 22% free, 53MB/69MB, paused 566us total 23.681ms
08-04 17:23:01.752 28588 29395 I art     : Starting a blocking GC Explicit
08-04 17:23:01.775 28588 29395 I art     : Explicit concurrent mark sweep GC freed 3(96B) AllocSpace objects, 0(0B) LOS objects, 22% free, 53MB/69MB, paused 520us total 22.897ms
08-04 17:23:02.058 28588 28601 I art     : Starting a blocking GC Explicit
08-04 17:23:02.091 28588 28601 I art     : Explicit concurrent mark sweep GC freed 1344(78KB) AllocSpace objects, 1(20KB) LOS objects, 22% free, 53MB/69MB, paused 774us total 31.850ms
08-04 17:23:02.101 28588 28601 I art     : Starting a blocking GC Explicit
08-04 17:23:02.126 28588 28601 I art     : Explicit concurrent mark sweep GC freed 20(704B) AllocSpace objects, 0(0B) LOS objects, 22% free, 53MB/69MB, paused 568us total 24.435ms
08-04 17:23:02.135 28588 28601 I art     : Starting a blocking GC Explicit
08-04 17:23:02.159 28588 28601 I art     : Explicit concurrent mark sweep GC freed 3(96B) AllocSpace objects, 0(0B) LOS objects, 22% free, 53MB/69MB, paused 558us total 23.996ms
08-04 17:23:02.169 28588 28601 I art     : Starting a blocking GC Explicit
08-04 17:23:02.194 28588 28601 I art     : Explicit concurrent mark sweep GC freed 3(96B) AllocSpace objects, 0(0B) LOS objects, 22% free, 53MB/69MB, paused 572us total 24.977ms
08-04 17:23:02.203 28588 28601 I art     : Starting a blocking GC Explicit
08-04 17:23:02.228 28588 28601 I art     : Explicit concurrent mark sweep GC freed 3(96B) AllocSpace objects, 0(0B) LOS objects, 22% free, 53MB/69MB, paused 583us total 24.596ms
08-04 17:23:02.535 28588 28676 I art     : Starting a blocking GC Explicit
08-04 17:23:02.566 28588 28676 I art     : Explicit concurrent mark sweep GC freed 1344(78KB) AllocSpace objects, 1(20KB) LOS objects, 22% free, 53MB/69MB, paused 606us total 30.531ms
08-04 17:23:02.579 28588 28676 I art     : Starting a blocking GC Explicit
08-04 17:23:02.606 28588 28676 I art     : Explicit concurrent mark sweep GC freed 20(704B) AllocSpace objects, 0(0B) LOS objects, 22% free, 53MB/69MB, paused 555us total 26.662ms
08-04 17:23:02.615 28588 28676 I art     : Starting a blocking GC Explicit
08-04 17:23:02.640 28588 28676 I art     : Explicit concurrent mark sweep GC freed 3(96B) AllocSpace objects, 0(0B) LOS objects, 22% free, 53MB/69MB, paused 560us total 25.292ms
08-04 17:23:02.641 24412 24412 I ServiceManager: Waiting for service AtCmdFwd...
08-04 17:23:02.650 28588 28676 I art     : Starting a blocking GC Explicit
08-04 17:23:02.674 28588 28676 I art     : Explicit concurrent mark sweep GC freed 3(96B) AllocSpace objects, 0(0B) LOS objects, 22% free, 53MB/69MB, paused 557us total 24.681ms
08-04 17:23:02.684 28588 28676 I art     : Starting a blocking GC Explicit
08-04 17:23:02.708 28588 28676 I art     : Explicit concurrent mark sweep GC freed 3(96B) AllocSpace objects, 0(0B) LOS objects, 22% free, 53MB/69MB, paused 573us total 24.121ms
08-04 17:23:03.024 28588 28599 I art     : Starting a blocking GC Explicit
08-04 17:23:03.055 28588 28599 I art     : Explicit concurrent mark sweep GC freed 1344(78KB) AllocSpace objects, 1(20KB) LOS objects, 22% free, 53MB/69MB, paused 592us total 29.840ms
08-04 17:23:03.068 28588 28599 I art     : Starting a blocking GC Explicit
08-04 17:23:03.092 28588 28599 I art     : Explicit concurrent mark sweep GC freed 20(704B) AllocSpace objects, 0(0B) LOS objects, 22% free, 53MB/69MB, paused 552us total 23.977ms
08-04 17:23:03.101 28588 28599 I art     : Starting a blocking GC Explicit
08-04 17:23:03.125 28588 28599 I art     : Explicit concurrent mark sweep GC freed 3(96B) AllocSpace objects, 0(0B) LOS objects, 22% free, 53MB/69MB, paused 564us total 23.781ms
08-04 17:23:03.134 28588 28599 I art     : Starting a blocking GC Explicit
08-04 17:23:03.159 28588 28599 I art     : Explicit concurrent mark sweep GC freed 3(96B) AllocSpace objects, 0(0B) LOS objects, 22% free, 53MB/69MB, paused 523us total 23.836ms
08-04 17:23:03.168 28588 28599 I art     : Starting a blocking GC Explicit
08-04 17:23:03.193 28588 28599 I art     : Explicit concurrent mark sweep GC freed 3(96B) AllocSpace objects, 0(0B) LOS objects, 22% free, 53MB/69MB, paused 559us total 24.649ms
08-04 17:23:03.501 28588 29395 I art     : Starting a blocking GC Explicit
08-04 17:23:03.532 28588 29395 I art     : Explicit concurrent mark sweep GC freed 1344(78KB) AllocSpace objects, 1(20KB) LOS objects, 22% free, 53MB/69MB, paused 625us total 30.593ms
08-04 17:23:03.545 28588 29395 I art     : Starting a blocking GC Explicit
08-04 17:23:03.569 28588 29395 I art     : Explicit concurrent mark sweep GC freed 20(704B) AllocSpace objects, 0(0B) LOS objects, 22% free, 53MB/69MB, paused 558us total 24.023ms
08-04 17:23:03.578 28588 29395 I art     : Starting a blocking GC Explicit
08-04 17:23:03.602 28588 29395 I art     : Explicit concurrent mark sweep GC freed 3(96B) AllocSpace objects, 0(0B) LOS objects, 22% free, 53MB/69MB, paused 576us total 23.761ms
08-04 17:23:03.612 28588 29395 I art     : Starting a blocking GC Explicit
08-04 17:23:03.636 28588 29395 I art     : Explicit concurrent mark sweep GC freed 3(96B) AllocSpace objects, 0(0B) LOS objects, 22% free, 53MB/69MB, paused 583us total 24.256ms
08-04 17:23:03.642 24412 24412 I ServiceManager: Waiting for service AtCmdFwd...
08-04 17:23:03.645 28588 29395 I art     : Starting a blocking GC Explicit
08-04 17:23:03.669 28588 29395 I art     : Explicit concurrent mark sweep GC freed 3(96B) AllocSpace objects, 0(0B) LOS objects, 22% free, 53MB/69MB, paused 546us total 23.748ms
08-04 17:23:03.995 28588 28601 I art     : Starting a blocking GC Explicit
08-04 17:23:04.028 28588 28601 I art     : Explicit concurrent mark sweep GC freed 1344(78KB) AllocSpace objects, 1(20KB) LOS objects, 22% free, 53MB/69MB, paused 826us total 32.112ms
08-04 17:23:04.040 28588 28601 I art     : Starting a blocking GC Explicit
08-04 17:23:04.065 28588 28601 I art     : Explicit concurrent mark sweep GC freed 20(704B) AllocSpace objects, 0(0B) LOS objects, 22% free, 53MB/69MB, paused 572us total 24.623ms
08-04 17:23:04.075 28588 28601 I art     : Starting a blocking GC Explicit
08-04 17:23:04.099 28588 28601 I art     : Explicit concurrent mark sweep GC freed 3(96B) AllocSpace objects, 0(0B) LOS objects, 22% free, 53MB/69MB, paused 639us total 24.517ms
08-04 17:23:04.109 28588 28601 I art     : Starting a blocking GC Explicit
08-04 17:23:04.134 28588 28601 I art     : Explicit concurrent mark sweep GC freed 3(96B) AllocSpace objects, 0(0B) LOS objects, 22% free, 53MB/69MB, paused 551us total 24.620ms
08-04 17:23:04.143 28588 28601 I art     : Starting a blocking GC Explicit
08-04 17:23:04.168 28588 28601 I art     : Explicit concurrent mark sweep GC freed 3(96B) AllocSpace objects, 0(0B) LOS objects, 22% free, 53MB/69MB, paused 584us total 24.519ms
08-04 17:23:04.485 28588 28676 I art     : Starting a blocking GC Explicit
08-04 17:23:04.518 28588 28676 I art     : Explicit concurrent mark sweep GC freed 1344(78KB) AllocSpace objects, 1(20KB) LOS objects, 22% free, 53MB/69MB, paused 689us total 32.452ms
08-04 17:23:04.531 28588 28676 I art     : Starting a blocking GC Explicit
08-04 17:23:04.555 28588 28676 I art     : Explicit concurrent mark sweep GC freed 20(704B) AllocSpace objects, 0(0B) LOS objects, 22% free, 53MB/69MB, paused 577us total 24.382ms
08-04 17:23:04.564 28588 28676 I art     : Starting a blocking GC Explicit
08-04 17:23:04.589 28588 28676 I art     : Explicit concurrent mark sweep GC freed 3(96B) AllocSpace objects, 0(0B) LOS objects, 22% free, 53MB/69MB, paused 560us total 24.117ms
08-04 17:23:04.598 28588 28676 I art     : Starting a blocking GC Explicit
08-04 17:23:04.622 28588 28676 I art     : Explicit concurrent mark sweep GC freed 3(96B) AllocSpace objects, 0(0B) LOS objects, 22% free, 53MB/69MB, paused 575us total 23.965ms
08-04 17:23:04.631 28588 28676 I art     : Starting a blocking GC Explicit
08-04 17:23:04.643 24412 24412 I ServiceManager: Waiting for service AtCmdFwd...
08-04 17:23:04.655 28588 28676 I art     : Explicit concurrent mark sweep GC freed 3(96B) AllocSpace objects, 0(0B) LOS objects, 22% free, 53MB/69MB, paused 579us total 23.739ms
08-04 17:23:04.974 28588 28599 I art     : Starting a blocking GC Explicit
08-04 17:23:05.008 28588 28599 I art     : Explicit concurrent mark sweep GC freed 1344(78KB) AllocSpace objects, 1(20KB) LOS objects, 22% free, 53MB/69MB, paused 628us total 32.986ms
08-04 17:23:05.017 28588 28599 I art     : Starting a blocking GC Explicit
08-04 17:23:05.040 28588 28599 I art     : Explicit concurrent mark sweep GC freed 20(704B) AllocSpace objects, 0(0B) LOS objects, 22% free, 53MB/69MB, paused 551us total 23.061ms
08-04 17:23:05.049 28588 28599 I art     : Starting a blocking GC Explicit
08-04 17:23:05.072 28588 28599 I art     : Explicit concurrent mark sweep GC freed 3(96B) AllocSpace objects, 0(0B) LOS objects, 22% free, 53MB/69MB, paused 566us total 22.459ms
08-04 17:23:05.081 28588 28599 I art     : Starting a blocking GC Explicit
08-04 17:23:05.104 28588 28599 I art     : Explicit concurrent mark sweep GC freed 3(96B) AllocSpace objects, 0(0B) LOS objects, 22% free, 53MB/69MB, paused 634us total 22.881ms
08-04 17:23:05.113 28588 28599 I art     : Starting a blocking GC Explicit
08-04 17:23:05.135 28588 28599 I art     : Explicit concurrent mark sweep GC freed 3(96B) AllocSpace objects, 0(0B) LOS objects, 22% free, 53MB/69MB, paused 564us total 22.322ms
08-04 17:23:05.344   918  3261 D WifiStateMachine: starting scan for "H369AA63323"WPA_PSK with 2412,5180
08-04 17:23:05.410 32751 32751 D AndroidRuntime: >>>>>> START com.android.internal.os.RuntimeInit uid 2000 <<<<<<
08-04 17:23:05.415 32751 32751 D AndroidRuntime: CheckJNI is OFF
08-04 17:23:05.439 28588 29395 I art     : Starting a blocking GC Explicit
08-04 17:23:05.450 32751 32751 D ICU     : No timezone override file found: /data/misc/zoneinfo/current/icu/icu_tzdata.dat
08-04 17:23:05.464 28588 29395 I art     : Explicit concurrent mark sweep GC freed 1344(78KB) AllocSpace objects, 1(20KB) LOS objects, 22% free, 53MB/69MB, paused 662us total 24.347ms
08-04 17:23:05.474 28588 29395 I art     : Starting a blocking GC Explicit
08-04 17:23:05.485 32751 32751 I Radio-JNI: register_android_hardware_Radio DONE
08-04 17:23:05.497 28588 29395 I art     : Explicit concurrent mark sweep GC freed 20(704B) AllocSpace objects, 0(0B) LOS objects, 22% free, 53MB/69MB, paused 573us total 22.803ms
08-04 17:23:05.505 28588 29395 I art     : Starting a blocking GC Explicit
08-04 17:23:05.508 32751 32751 D AndroidRuntime: Calling main entry com.android.commands.input.Input
08-04 17:23:05.509 32751 32751 I Input   : injectMotionEvent: MotionEvent { action=ACTION_DOWN, actionButton=0, id[0]=0, x[0]=255.0, y[0]=1845.0, toolType[0]=TOOL_TYPE_UNKNOWN, buttonState=0, metaState=0, flags=0x0, edgeFlags=0x0, pointerCount=1, historySize=0, eventTime=725001922, downTime=725001922, deviceId=0, source=0x1002 }
08-04 17:23:05.514 32751 32751 I Input   : injectMotionEvent: MotionEvent { action=ACTION_UP, actionButton=0, id[0]=0, x[0]=255.0, y[0]=1845.0, toolType[0]=TOOL_TYPE_UNKNOWN, buttonState=0, metaState=0, flags=0x0, edgeFlags=0x0, pointerCount=1, historySize=0, eventTime=725001922, downTime=725001922, deviceId=0, source=0x1002 }
08-04 17:23:05.515   918  6110 I ActivityManager: START u0 {cmp=baseline.appteam.nith.hillffair/.activities.ClubActivity (has extras)} from uid 10651 on display 0
08-04 17:23:05.521 32751 32751 D AndroidRuntime: Shutting down VM
08-04 17:23:05.527 28588 29395 I art     : Explicit concurrent mark sweep GC freed 30(928B) AllocSpace objects, 0(0B) LOS objects, 22% free, 53MB/69MB, paused 978us total 21.874ms
08-04 17:23:05.537 28588 29395 I art     : Starting a blocking GC Explicit
08-04 17:23:05.562 28588 29395 I art     : Explicit concurrent mark sweep GC freed 3644(273KB) AllocSpace objects, 0(0B) LOS objects, 22% free, 53MB/69MB, paused 660us total 25.525ms
08-04 17:23:05.571 28588 29395 I art     : Starting a blocking GC Explicit
08-04 17:23:05.591 28588 29395 I art     : Explicit concurrent mark sweep GC freed 217(21KB) AllocSpace objects, 0(0B) LOS objects, 22% free, 53MB/69MB, paused 537us total 20.429ms
08-04 17:23:05.607 28588 28588 I NAPPA_EXPERIMENTATION: MetricNetworkRequestExecutionTime: REQUEST_DURATION_SYSTEM='60',REQUEST_DURATION_OKHTTP='29',REQUEST_SYNCHRONOUS='FALSE',RESPONSE_CODE='200',RESPONSE_METHOD='GET',RESPONSE_LENGTH_OKHTTP='1171',RESPONSE_LENGTH_HEADER='-2',REQUEST_PROTOCOL='http/1.1',REQUEST_URL='https://api-hillfair-2k16.herokuapp.com/api/app/club/Technical%20Committee',
08-04 17:23:05.613   918   936 I ActivityManager: Displayed baseline.appteam.nith.hillffair/.activities.ClubActivity: +90ms
08-04 17:23:05.613 13866 13866 I GoogleInputMethodServic: GoogleInputMethodService.onFinishInput():3138 
08-04 17:23:05.614 13866 13866 I GoogleInputMethodServic: GoogleInputMethodService.onStartInput():1808 
08-04 17:23:05.643 24412 24412 W Atfwd_Sendcmd: AtCmdFwd service not published, waiting... retryCnt : 2
08-04 17:23:05.857   380   380 W SurfaceFlinger: couldn't log to binary event log: overflow.
08-04 17:23:05.884 28588 28676 I art     : Starting a blocking GC Explicit
08-04 17:23:05.908 28588 28676 I art     : Explicit concurrent mark sweep GC freed 2075(130KB) AllocSpace objects, 1(20KB) LOS objects, 22% free, 53MB/69MB, paused 714us total 24.182ms
08-04 17:23:05.917 28588 28676 I art     : Starting a blocking GC Explicit
08-04 17:23:05.941 28588 28676 I art     : Explicit concurrent mark sweep GC freed 72(2480B) AllocSpace objects, 0(0B) LOS objects, 22% free, 53MB/69MB, paused 540us total 23.133ms
08-04 17:23:05.950 28588 28676 I art     : Starting a blocking GC Explicit
08-04 17:23:05.973 28588 28676 I art     : Explicit concurrent mark sweep GC freed 3(96B) AllocSpace objects, 0(0B) LOS objects, 22% free, 53MB/69MB, paused 547us total 22.931ms
08-04 17:23:05.982 28588 28676 I art     : Starting a blocking GC Explicit
08-04 17:23:06.008 28588 28676 I art     : Explicit concurrent mark sweep GC freed 100(5KB) AllocSpace objects, 0(0B) LOS objects, 22% free, 53MB/69MB, paused 729us total 25.056ms
08-04 17:23:06.020 28588 28676 I art     : Starting a blocking GC Explicit
08-04 17:23:06.043 28588 28676 I art     : Explicit concurrent mark sweep GC freed 5(160B) AllocSpace objects, 0(0B) LOS objects, 22% free, 53MB/69MB, paused 533us total 22.454ms
08-04 17:23:06.335 28588 28599 I art     : Starting a blocking GC Explicit
08-04 17:23:06.360 28588 28599 I art     : Explicit concurrent mark sweep GC freed 1344(78KB) AllocSpace objects, 1(20KB) LOS objects, 22% free, 53MB/69MB, paused 544us total 24.941ms
08-04 17:23:06.370 28588 28599 I art     : Starting a blocking GC Explicit
08-04 17:23:06.395 28588 28599 I art     : Explicit concurrent mark sweep GC freed 36(1264B) AllocSpace objects, 0(0B) LOS objects, 22% free, 53MB/69MB, paused 573us total 24.701ms
08-04 17:23:06.404 28588 28599 I art     : Starting a blocking GC Explicit
08-04 17:23:06.429 28588 28599 I art     : Explicit concurrent mark sweep GC freed 3(96B) AllocSpace objects, 0(0B) LOS objects, 22% free, 53MB/69MB, paused 574us total 24.891ms
08-04 17:23:06.439 28588 28599 I art     : Starting a blocking GC Explicit
08-04 17:23:06.463 28588 28599 I art     : Explicit concurrent mark sweep GC freed 3(96B) AllocSpace objects, 0(0B) LOS objects, 22% free, 53MB/69MB, paused 587us total 24.494ms
08-04 17:23:06.473 28588 28599 I art     : Starting a blocking GC Explicit
08-04 17:23:06.497 28588 28599 I art     : Explicit concurrent mark sweep GC freed 3(96B) AllocSpace objects, 0(0B) LOS objects, 22% free, 53MB/69MB, paused 616us total 24.453ms
08-04 17:23:06.794 28588 29395 I art     : Starting a blocking GC Explicit
08-04 17:23:06.826 28588 29395 I art     : Explicit concurrent mark sweep GC freed 1344(78KB) AllocSpace objects, 1(20KB) LOS objects, 22% free, 53MB/69MB, paused 805us total 31.995ms
08-04 17:23:06.840 28588 29395 I art     : Starting a blocking GC Explicit
08-04 17:23:06.865 28588 29395 I art     : Explicit concurrent mark sweep GC freed 20(704B) AllocSpace objects, 0(0B) LOS objects, 22% free, 53MB/69MB, paused 576us total 24.586ms
08-04 17:23:06.874 28588 29395 I art     : Starting a blocking GC Explicit
08-04 17:23:06.892   918  3188 I hubconnection: sensorhub said: 'set_bias 3: -5.6064, 0.0000, 0.0000'
08-04 17:23:06.899 28588 29395 I art     : Explicit concurrent mark sweep GC freed 3(96B) AllocSpace objects, 0(0B) LOS objects, 22% free, 53MB/69MB, paused 574us total 24.415ms
08-04 17:23:06.908 28588 29395 I art     : Starting a blocking GC Explicit
08-04 17:23:06.933 28588 29395 I art     : Explicit concurrent mark sweep GC freed 3(96B) AllocSpace objects, 0(0B) LOS objects, 22% free, 53MB/69MB, paused 580us total 24.878ms
08-04 17:23:06.943 28588 29395 I art     : Starting a blocking GC Explicit
08-04 17:23:06.968 28588 29395 I art     : Explicit concurrent mark sweep GC freed 3(96B) AllocSpace objects, 0(0B) LOS objects, 22% free, 53MB/69MB, paused 592us total 25.364ms
08-04 17:23:07.265 28588 28601 I art     : Starting a blocking GC Explicit
08-04 17:23:07.300 28588 28601 I art     : Explicit concurrent mark sweep GC freed 1344(78KB) AllocSpace objects, 1(20KB) LOS objects, 22% free, 53MB/69MB, paused 627us total 34.246ms
08-04 17:23:07.313 28588 28601 I art     : Starting a blocking GC Explicit
08-04 17:23:07.339 28588 28601 I art     : Explicit concurrent mark sweep GC freed 20(704B) AllocSpace objects, 0(0B) LOS objects, 22% free, 53MB/69MB, paused 584us total 25.868ms
08-04 17:23:07.348 28588 28601 I art     : Starting a blocking GC Explicit
08-04 17:23:07.374 28588 28601 I art     : Explicit concurrent mark sweep GC freed 3(96B) AllocSpace objects, 0(0B) LOS objects, 22% free, 53MB/69MB, paused 574us total 25.117ms
08-04 17:23:07.383 28588 28601 I art     : Starting a blocking GC Explicit
08-04 17:23:07.409 28588 28601 I art     : Explicit concurrent mark sweep GC freed 3(96B) AllocSpace objects, 0(0B) LOS objects, 22% free, 53MB/69MB, paused 575us total 25.488ms
08-04 17:23:07.418 28588 28601 I art     : Starting a blocking GC Explicit
08-04 17:23:07.444 28588 28601 I art     : Explicit concurrent mark sweep GC freed 3(96B) AllocSpace objects, 0(0B) LOS objects, 22% free, 53MB/69MB, paused 571us total 25.349ms
08-04 17:23:07.774 28588 28676 I art     : Starting a blocking GC Explicit
08-04 17:23:07.809 28588 28676 I art     : Explicit concurrent mark sweep GC freed 1344(78KB) AllocSpace objects, 1(20KB) LOS objects, 22% free, 53MB/69MB, paused 636us total 34.702ms
08-04 17:23:07.823 28588 28676 I art     : Starting a blocking GC Explicit
08-04 17:23:07.849 28588 28676 I art     : Explicit concurrent mark sweep GC freed 20(704B) AllocSpace objects, 0(0B) LOS objects, 22% free, 53MB/69MB, paused 584us total 25.658ms
08-04 17:23:07.858 28588 28676 I art     : Starting a blocking GC Explicit
08-04 17:23:07.883 28588 28676 I art     : Explicit concurrent mark sweep GC freed 3(96B) AllocSpace objects, 0(0B) LOS objects, 22% free, 53MB/69MB, paused 582us total 24.880ms
08-04 17:23:07.892 28588 28676 I art     : Starting a blocking GC Explicit
08-04 17:23:07.917 28588 28676 I art     : Explicit concurrent mark sweep GC freed 3(96B) AllocSpace objects, 0(0B) LOS objects, 22% free, 53MB/69MB, paused 629us total 24.746ms
08-04 17:23:07.927 28588 28676 I art     : Starting a blocking GC Explicit
08-04 17:23:07.952 28588 28676 I art     : Explicit concurrent mark sweep GC freed 3(96B) AllocSpace objects, 0(0B) LOS objects, 22% free, 53MB/69MB, paused 583us total 25.357ms
08-04 17:23:08.289 28588 28599 I art     : Starting a blocking GC Explicit
08-04 17:23:08.325 28588 28599 I art     : Explicit concurrent mark sweep GC freed 1344(78KB) AllocSpace objects, 1(20KB) LOS objects, 22% free, 53MB/69MB, paused 656us total 35.530ms
08-04 17:23:08.337 28588 28599 I art     : Starting a blocking GC Explicit
08-04 17:23:08.362 28588 28599 I art     : Explicit concurrent mark sweep GC freed 20(704B) AllocSpace objects, 0(0B) LOS objects, 22% free, 53MB/69MB, paused 573us total 24.872ms
08-04 17:23:08.371 28588 28599 I art     : Starting a blocking GC Explicit
08-04 17:23:08.396 28588 28599 I art     : Explicit concurrent mark sweep GC freed 3(96B) AllocSpace objects, 0(0B) LOS objects, 22% free, 53MB/69MB, paused 590us total 24.970ms
08-04 17:23:08.405 28588 28599 I art     : Starting a blocking GC Explicit
08-04 17:23:08.431 28588 28599 I art     : Explicit concurrent mark sweep GC freed 3(96B) AllocSpace objects, 0(0B) LOS objects, 22% free, 53MB/69MB, paused 617us total 25.200ms
08-04 17:23:08.440 28588 28599 I art     : Starting a blocking GC Explicit
08-04 17:23:08.466 28588 28599 I art     : Explicit concurrent mark sweep GC freed 3(96B) AllocSpace objects, 0(0B) LOS objects, 22% free, 53MB/69MB, paused 577us total 25.434ms
08-04 17:23:08.810 28588 29395 I art     : Starting a blocking GC Explicit
08-04 17:23:08.842 28588 29395 I art     : Explicit concurrent mark sweep GC freed 1344(78KB) AllocSpace objects, 1(20KB) LOS objects, 22% free, 53MB/69MB, paused 640us total 31.114ms
08-04 17:23:08.855 28588 29395 I art     : Starting a blocking GC Explicit
08-04 17:23:08.884 28588 29395 I art     : Explicit concurrent mark sweep GC freed 20(704B) AllocSpace objects, 0(0B) LOS objects, 22% free, 53MB/69MB, paused 591us total 28.407ms
08-04 17:23:08.893 28588 29395 I art     : Starting a blocking GC Explicit
08-04 17:23:08.919 28588 29395 I art     : Explicit concurrent mark sweep GC freed 3(96B) AllocSpace objects, 0(0B) LOS objects, 22% free, 53MB/69MB, paused 570us total 25.365ms
08-04 17:23:08.928 28588 29395 I art     : Starting a blocking GC Explicit
08-04 17:23:08.953 28588 29395 I art     : Explicit concurrent mark sweep GC freed 3(96B) AllocSpace objects, 0(0B) LOS objects, 22% free, 53MB/69MB, paused 568us total 24.716ms
08-04 17:23:08.962 28588 29395 I art     : Starting a blocking GC Explicit
08-04 17:23:08.988 28588 29395 I art     : Explicit concurrent mark sweep GC freed 3(96B) AllocSpace objects, 0(0B) LOS objects, 22% free, 53MB/69MB, paused 621us total 24.987ms
08-04 17:23:09.336 28588 28601 I art     : Starting a blocking GC Explicit
08-04 17:23:09.369 28588 28601 I art     : Explicit concurrent mark sweep GC freed 1344(78KB) AllocSpace objects, 1(20KB) LOS objects, 22% free, 53MB/69MB, paused 654us total 32.008ms
08-04 17:23:09.381 28588 28601 I art     : Starting a blocking GC Explicit
08-04 17:23:09.406 28588 28601 I art     : Explicit concurrent mark sweep GC freed 20(704B) AllocSpace objects, 0(0B) LOS objects, 22% free, 53MB/69MB, paused 584us total 25.308ms
08-04 17:23:09.415 28588 28601 I art     : Starting a blocking GC Explicit
08-04 17:23:09.440 28588 28601 I art     : Explicit concurrent mark sweep GC freed 3(96B) AllocSpace objects, 0(0B) LOS objects, 22% free, 53MB/69MB, paused 561us total 24.289ms
08-04 17:23:09.449 28588 28601 I art     : Starting a blocking GC Explicit
08-04 17:23:09.474 28588 28601 I art     : Explicit concurrent mark sweep GC freed 3(96B) AllocSpace objects, 0(0B) LOS objects, 22% free, 53MB/69MB, paused 616us total 24.778ms
08-04 17:23:09.483 28588 28601 I art     : Starting a blocking GC Explicit
08-04 17:23:09.508 28588 28601 I art     : Explicit concurrent mark sweep GC freed 3(96B) AllocSpace objects, 0(0B) LOS objects, 22% free, 53MB/69MB, paused 583us total 24.787ms
08-04 17:23:09.842 28588 28676 I art     : Starting a blocking GC Explicit
08-04 17:23:09.867 28588 28676 I art     : Explicit concurrent mark sweep GC freed 1344(78KB) AllocSpace objects, 1(20KB) LOS objects, 22% free, 53MB/69MB, paused 646us total 24.778ms
08-04 17:23:09.877 28588 28676 I art     : Starting a blocking GC Explicit
08-04 17:23:09.900 28588 28676 I art     : Explicit concurrent mark sweep GC freed 20(704B) AllocSpace objects, 0(0B) LOS objects, 22% free, 53MB/69MB, paused 567us total 23.026ms
08-04 17:23:09.909 28588 28676 I art     : Starting a blocking GC Explicit
08-04 17:23:09.933 28588 28676 I art     : Explicit concurrent mark sweep GC freed 3(96B) AllocSpace objects, 0(0B) LOS objects, 22% free, 53MB/69MB, paused 570us total 23.722ms
08-04 17:23:09.942 28588 28676 I art     : Starting a blocking GC Explicit
08-04 17:23:09.965 28588 28676 I art     : Explicit concurrent mark sweep GC freed 3(96B) AllocSpace objects, 0(0B) LOS objects, 22% free, 53MB/69MB, paused 568us total 23.477ms
08-04 17:23:09.974 28588 28676 I art     : Starting a blocking GC Explicit
08-04 17:23:09.998 28588 28676 I art     : Explicit concurrent mark sweep GC freed 3(96B) AllocSpace objects, 0(0B) LOS objects, 22% free, 53MB/69MB, paused 589us total 23.642ms
08-04 17:23:10.188   534   534 D AndroidRuntime: >>>>>> START com.android.internal.os.RuntimeInit uid 2000 <<<<<<
08-04 17:23:10.194   534   534 D AndroidRuntime: CheckJNI is OFF
08-04 17:23:10.226   534   534 D ICU     : No timezone override file found: /data/misc/zoneinfo/current/icu/icu_tzdata.dat
08-04 17:23:10.258   534   534 I Radio-JNI: register_android_hardware_Radio DONE
08-04 17:23:10.281   534   534 D AndroidRuntime: Calling main entry com.android.commands.input.Input
08-04 17:23:10.282   534   534 I Input   : injectKeyEvent: KeyEvent { action=ACTION_DOWN, keyCode=KEYCODE_BACK, scanCode=0, metaState=0, flags=0x0, repeatCount=0, eventTime=725006695, downTime=725006695, deviceId=-1, source=0x101 }
08-04 17:23:10.287   534   534 I Input   : injectKeyEvent: KeyEvent { action=ACTION_UP, keyCode=KEYCODE_BACK, scanCode=0, metaState=0, flags=0x0, repeatCount=0, eventTime=725006695, downTime=725006695, deviceId=-1, source=0x101 }
08-04 17:23:10.291   534   534 D AndroidRuntime: Shutting down VM
08-04 17:23:10.307 28588 28676 I art     : Starting a blocking GC Explicit
08-04 17:23:10.332 28588 28676 I art     : Explicit concurrent mark sweep GC freed 1509(85KB) AllocSpace objects, 1(20KB) LOS objects, 22% free, 53MB/69MB, paused 533us total 24.106ms
08-04 17:23:10.334 13866 13866 I GoogleInputMethodServic: GoogleInputMethodService.onFinishInput():3138 
08-04 17:23:10.335 13866 13866 I GoogleInputMethodServic: GoogleInputMethodService.onStartInput():1808 
08-04 17:23:10.341 28588 28676 I art     : Starting a blocking GC Explicit
08-04 17:23:10.365 28588 28676 I art     : Explicit concurrent mark sweep GC freed 71(2512B) AllocSpace objects, 0(0B) LOS objects, 22% free, 53MB/69MB, paused 574us total 23.994ms
08-04 17:23:10.374 28588 28676 I art     : Starting a blocking GC Explicit
08-04 17:23:10.397 28588 28676 I art     : Explicit concurrent mark sweep GC freed 10(352B) AllocSpace objects, 0(0B) LOS objects, 22% free, 53MB/69MB, paused 524us total 23.386ms
08-04 17:23:10.405 28588 28676 I art     : Starting a blocking GC Explicit
08-04 17:23:10.426 28588 28676 I art     : Explicit concurrent mark sweep GC freed 4(144B) AllocSpace objects, 0(0B) LOS objects, 22% free, 53MB/69MB, paused 532us total 20.252ms
08-04 17:23:10.434 28588 28676 I art     : Starting a blocking GC Explicit
08-04 17:23:10.456 28588 28676 I art     : Explicit concurrent mark sweep GC freed 3(96B) AllocSpace objects, 0(0B) LOS objects, 22% free, 53MB/69MB, paused 510us total 21.820ms
08-04 17:23:10.661   380   380 W SurfaceFlinger: couldn't log to binary event log: overflow.
08-04 17:23:10.709 28588 28599 I art     : Starting a blocking GC Explicit
08-04 17:23:10.734 28588 28599 I art     : Explicit concurrent mark sweep GC freed 1453(86KB) AllocSpace objects, 1(20KB) LOS objects, 22% free, 53MB/69MB, paused 554us total 24.550ms
08-04 17:23:10.743 28588 28599 I art     : Starting a blocking GC Explicit
08-04 17:23:10.767 28588 28599 I art     : Explicit concurrent mark sweep GC freed 1670(108KB) AllocSpace objects, 3(180KB) LOS objects, 22% free, 53MB/69MB, paused 548us total 24.016ms
08-04 17:23:10.776 28588 28599 I art     : Starting a blocking GC Explicit
08-04 17:23:10.801 28588 28599 I art     : Explicit concurrent mark sweep GC freed 3(96B) AllocSpace objects, 0(0B) LOS objects, 22% free, 53MB/69MB, paused 658us total 24.682ms
08-04 17:23:10.811 28588 28599 I art     : Starting a blocking GC Explicit
08-04 17:23:10.834 28588 28599 I art     : Explicit concurrent mark sweep GC freed 3(96B) AllocSpace objects, 0(0B) LOS objects, 22% free, 53MB/69MB, paused 545us total 23.419ms
08-04 17:23:10.843 28588 28599 I art     : Starting a blocking GC Explicit
08-04 17:23:10.868 28588 28599 I art     : Explicit concurrent mark sweep GC freed 3(96B) AllocSpace objects, 0(0B) LOS objects, 22% free, 53MB/69MB, paused 575us total 23.886ms
08-04 17:23:11.158 28588 29395 I art     : Starting a blocking GC Explicit
08-04 17:23:11.189 28588 29395 I art     : Explicit concurrent mark sweep GC freed 1344(78KB) AllocSpace objects, 1(20KB) LOS objects, 22% free, 53MB/69MB, paused 626us total 30.801ms
08-04 17:23:11.202 28588 29395 I art     : Starting a blocking GC Explicit
08-04 17:23:11.228 28588 29395 I art     : Explicit concurrent mark sweep GC freed 20(704B) AllocSpace objects, 0(0B) LOS objects, 22% free, 53MB/69MB, paused 619us total 25.580ms
08-04 17:23:11.237 28588 29395 I art     : Starting a blocking GC Explicit
08-04 17:23:11.263 28588 29395 I art     : Explicit concurrent mark sweep GC freed 3(96B) AllocSpace objects, 0(0B) LOS objects, 22% free, 53MB/69MB, paused 581us total 25.166ms
08-04 17:23:11.272 28588 29395 I art     : Starting a blocking GC Explicit
08-04 17:23:11.297 28588 29395 I art     : Explicit concurrent mark sweep GC freed 3(96B) AllocSpace objects, 0(0B) LOS objects, 22% free, 53MB/69MB, paused 603us total 24.477ms
08-04 17:23:11.306 28588 29395 I art     : Starting a blocking GC Explicit
08-04 17:23:11.330 28588 29395 I art     : Explicit concurrent mark sweep GC freed 3(96B) AllocSpace objects, 0(0B) LOS objects, 22% free, 53MB/69MB, paused 546us total 23.303ms
08-04 17:23:11.602 28588 28601 I art     : Starting a blocking GC Explicit
08-04 17:23:11.627 28588 28601 I art     : Explicit concurrent mark sweep GC freed 1344(78KB) AllocSpace objects, 1(20KB) LOS objects, 22% free, 53MB/69MB, paused 557us total 24.121ms
08-04 17:23:11.636 28588 28601 I art     : Starting a blocking GC Explicit
08-04 17:23:11.659 28588 28601 I art     : Explicit concurrent mark sweep GC freed 20(704B) AllocSpace objects, 0(0B) LOS objects, 22% free, 53MB/69MB, paused 553us total 23.422ms
08-04 17:23:11.668 28588 28601 I art     : Starting a blocking GC Explicit
08-04 17:23:11.692 28588 28601 I art     : Explicit concurrent mark sweep GC freed 3(96B) AllocSpace objects, 0(0B) LOS objects, 22% free, 53MB/69MB, paused 537us total 23.265ms
08-04 17:23:11.700 28588 28601 I art     : Starting a blocking GC Explicit
08-04 17:23:11.723 28588 28601 I art     : Explicit concurrent mark sweep GC freed 3(96B) AllocSpace objects, 0(0B) LOS objects, 22% free, 53MB/69MB, paused 524us total 22.514ms
08-04 17:23:11.732 28588 28601 I art     : Starting a blocking GC Explicit
08-04 17:23:11.755 28588 28601 I art     : Explicit concurrent mark sweep GC freed 3(96B) AllocSpace objects, 0(0B) LOS objects, 22% free, 53MB/69MB, paused 560us total 22.719ms
08-04 17:23:11.945   669   669 D AndroidRuntime: >>>>>> START com.android.internal.os.RuntimeInit uid 2000 <<<<<<
08-04 17:23:11.951   669   669 D AndroidRuntime: CheckJNI is OFF
08-04 17:23:11.983   669   669 D ICU     : No timezone override file found: /data/misc/zoneinfo/current/icu/icu_tzdata.dat
08-04 17:23:12.016   669   669 I Radio-JNI: register_android_hardware_Radio DONE
08-04 17:23:12.038   669   669 D AndroidRuntime: Calling main entry com.android.commands.input.Input
08-04 17:23:12.038 28588 28676 I art     : Starting a blocking GC Explicit
08-04 17:23:12.040   669   669 I Input   : injectKeyEvent: KeyEvent { action=ACTION_DOWN, keyCode=KEYCODE_BACK, scanCode=0, metaState=0, flags=0x0, repeatCount=0, eventTime=725008453, downTime=725008453, deviceId=-1, source=0x101 }
08-04 17:23:12.044   669   669 I Input   : injectKeyEvent: KeyEvent { action=ACTION_UP, keyCode=KEYCODE_BACK, scanCode=0, metaState=0, flags=0x0, repeatCount=0, eventTime=725008453, downTime=725008453, deviceId=-1, source=0x101 }
08-04 17:23:12.049   669   669 D AndroidRuntime: Shutting down VM
08-04 17:23:12.062 28588 28676 I art     : Explicit concurrent mark sweep GC freed 1480(84KB) AllocSpace objects, 1(20KB) LOS objects, 22% free, 53MB/69MB, paused 580us total 23.606ms
08-04 17:23:12.072 28588 28676 I art     : Starting a blocking GC Explicit
08-04 17:23:12.091 13866 13866 I GoogleInputMethodServic: GoogleInputMethodService.onFinishInput():3138 
08-04 17:23:12.091 13866 13866 I GoogleInputMethodServic: GoogleInputMethodService.onStartInput():1808 
08-04 17:23:12.095 28588 28676 I art     : Explicit concurrent mark sweep GC freed 32(1184B) AllocSpace objects, 0(0B) LOS objects, 22% free, 53MB/69MB, paused 836us total 22.499ms
08-04 17:23:12.106 28588 28676 I art     : Starting a blocking GC Explicit
08-04 17:23:12.128 28588 28676 I art     : Explicit concurrent mark sweep GC freed 64(2256B) AllocSpace objects, 0(0B) LOS objects, 22% free, 53MB/69MB, paused 563us total 21.802ms
08-04 17:23:12.137 28588 28676 I art     : Starting a blocking GC Explicit
08-04 17:23:12.158 28588 28676 I art     : Explicit concurrent mark sweep GC freed 7(256B) AllocSpace objects, 0(0B) LOS objects, 22% free, 53MB/69MB, paused 512us total 20.631ms
08-04 17:23:12.166 28588 28676 I art     : Starting a blocking GC Explicit
08-04 17:23:12.186 28588 28676 I art     : Explicit concurrent mark sweep GC freed 3(96B) AllocSpace objects, 0(0B) LOS objects, 22% free, 53MB/69MB, paused 547us total 20.163ms
08-04 17:23:12.454 28588 28601 I art     : Starting a blocking GC Explicit
08-04 17:23:12.477 28588 28601 I art     : Explicit concurrent mark sweep GC freed 2020(110KB) AllocSpace objects, 1(20KB) LOS objects, 22% free, 53MB/69MB, paused 538us total 22.434ms
08-04 17:23:12.485 28588 28601 I art     : Starting a blocking GC Explicit
08-04 17:23:12.506 28588 28601 I art     : Explicit concurrent mark sweep GC freed 2678(174KB) AllocSpace objects, 1(28KB) LOS objects, 23% free, 53MB/69MB, paused 533us total 21.111ms
08-04 17:23:12.515 28588 28601 I art     : Starting a blocking GC Explicit
08-04 17:23:12.535 28588 28601 I art     : Explicit concurrent mark sweep GC freed 3(96B) AllocSpace objects, 0(0B) LOS objects, 23% free, 53MB/69MB, paused 530us total 20.421ms
08-04 17:23:12.544 28588 28601 I art     : Starting a blocking GC Explicit
08-04 17:23:12.566 28588 28601 I art     : Explicit concurrent mark sweep GC freed 3(96B) AllocSpace objects, 0(0B) LOS objects, 23% free, 53MB/69MB, paused 547us total 21.872ms
08-04 17:23:12.575 28588 28601 I art     : Starting a blocking GC Explicit
08-04 17:23:12.597 28588 28601 I art     : Explicit concurrent mark sweep GC freed 3(96B) AllocSpace objects, 0(0B) LOS objects, 23% free, 53MB/69MB, paused 626us total 22.057ms
08-04 17:23:12.883 28588 29395 I art     : Starting a blocking GC Explicit
08-04 17:23:12.906 28588 29395 I art     : Explicit concurrent mark sweep GC freed 1344(78KB) AllocSpace objects, 1(20KB) LOS objects, 23% free, 53MB/69MB, paused 569us total 23.188ms
08-04 17:23:12.920 28588 29395 I art     : Starting a blocking GC Explicit
08-04 17:23:12.942 28588 29395 I art     : Explicit concurrent mark sweep GC freed 20(704B) AllocSpace objects, 0(0B) LOS objects, 23% free, 53MB/69MB, paused 552us total 22.222ms
08-04 17:23:12.951 28588 29395 I art     : Starting a blocking GC Explicit
08-04 17:23:12.974 28588 29395 I art     : Explicit concurrent mark sweep GC freed 3(96B) AllocSpace objects, 0(0B) LOS objects, 23% free, 53MB/69MB, paused 561us total 22.548ms
08-04 17:23:12.983 28588 29395 I art     : Starting a blocking GC Explicit
08-04 17:23:13.006 28588 29395 I art     : Explicit concurrent mark sweep GC freed 3(96B) AllocSpace objects, 0(0B) LOS objects, 23% free, 53MB/69MB, paused 561us total 23.058ms
08-04 17:23:13.015 28588 29395 I art     : Starting a blocking GC Explicit
08-04 17:23:13.038 28588 29395 I art     : Explicit concurrent mark sweep GC freed 3(96B) AllocSpace objects, 0(0B) LOS objects, 23% free, 53MB/69MB, paused 584us total 22.622ms
08-04 17:23:13.331 28588 28599 I art     : Starting a blocking GC Explicit
08-04 17:23:13.354 28588 28599 I art     : Explicit concurrent mark sweep GC freed 1341(78KB) AllocSpace objects, 1(20KB) LOS objects, 23% free, 53MB/69MB, paused 667us total 22.737ms
08-04 17:23:13.363 28588 28599 I art     : Starting a blocking GC Explicit
08-04 17:23:13.386 28588 28599 I art     : Explicit concurrent mark sweep GC freed 20(704B) AllocSpace objects, 0(0B) LOS objects, 23% free, 53MB/69MB, paused 972us total 22.929ms
08-04 17:23:13.395 28588 28599 I art     : Starting a blocking GC Explicit
08-04 17:23:13.416 28588 28599 I art     : Explicit concurrent mark sweep GC freed 3(96B) AllocSpace objects, 0(0B) LOS objects, 23% free, 53MB/69MB, paused 540us total 21.426ms
08-04 17:23:13.425 28588 28599 I art     : Starting a blocking GC Explicit
08-04 17:23:13.446 28588 28599 I art     : Explicit concurrent mark sweep GC freed 3(96B) AllocSpace objects, 0(0B) LOS objects, 23% free, 53MB/69MB, paused 531us total 21.019ms
08-04 17:23:13.455 28588 28599 I art     : Starting a blocking GC Explicit
08-04 17:23:13.476 28588 28599 I art     : Explicit concurrent mark sweep GC freed 3(96B) AllocSpace objects, 0(0B) LOS objects, 23% free, 53MB/69MB, paused 557us total 21ms
08-04 17:23:13.751 28588 28676 I art     : Starting a blocking GC Explicit
08-04 17:23:13.753   742   742 D AndroidRuntime: >>>>>> START com.android.internal.os.RuntimeInit uid 2000 <<<<<<
08-04 17:23:13.758   742   742 D AndroidRuntime: CheckJNI is OFF
08-04 17:23:13.775 28588 28676 I art     : Explicit concurrent mark sweep GC freed 1341(78KB) AllocSpace objects, 1(20KB) LOS objects, 23% free, 53MB/69MB, paused 601us total 23.255ms
08-04 17:23:13.784 28588 28676 I art     : Starting a blocking GC Explicit
08-04 17:23:13.797   742   742 D ICU     : No timezone override file found: /data/misc/zoneinfo/current/icu/icu_tzdata.dat
08-04 17:23:13.806 28588 28676 I art     : Explicit concurrent mark sweep GC freed 20(704B) AllocSpace objects, 0(0B) LOS objects, 23% free, 53MB/69MB, paused 596us total 21.943ms
08-04 17:23:13.814 28588 28676 I art     : Starting a blocking GC Explicit
08-04 17:23:13.830   742   742 I Radio-JNI: register_android_hardware_Radio DONE
08-04 17:23:13.835 28588 28676 I art     : Explicit concurrent mark sweep GC freed 3(96B) AllocSpace objects, 0(0B) LOS objects, 23% free, 53MB/69MB, paused 581us total 20.206ms
08-04 17:23:13.843 28588 28676 I art     : Starting a blocking GC Explicit
08-04 17:23:13.851   742   742 D AndroidRuntime: Calling main entry com.android.commands.am.Am
08-04 17:23:13.858  8245  8245 I Trepn   : Trepn 6.2s: Received intent: com.quicinc.trepn.stop_profiling
08-04 17:23:13.863 28588 28676 I art     : Explicit concurrent mark sweep GC freed 3(96B) AllocSpace objects, 0(0B) LOS objects, 23% free, 53MB/69MB, paused 518us total 20.231ms
08-04 17:23:13.871 28588 28676 I art     : Starting a blocking GC Explicit
08-04 17:23:13.890 28588 28676 I art     : Explicit concurrent mark sweep GC freed 3(96B) AllocSpace objects, 0(0B) LOS objects, 23% free, 53MB/69MB, paused 488us total 18.635ms
08-04 17:23:13.891  8245  8245 I Trepn   : Trepn 6.2s: Trepn has Stopped Profiling.
08-04 17:23:13.983   742   742 D AndroidRuntime: Shutting down VM
08-04 17:23:13.987   918  5952 W AppOps  : Finishing op nesting under-run: uid 10078 pkg com.quicinc.trepn code 24 time=0 duration=0 nesting=0
08-04 17:23:14.178 28588 28601 I art     : Starting a blocking GC Explicit
08-04 17:23:14.209 28588 28601 I art     : Explicit concurrent mark sweep GC freed 1341(78KB) AllocSpace objects, 1(20KB) LOS objects, 23% free, 53MB/69MB, paused 581us total 31.372ms
08-04 17:23:14.220 28588 28601 I art     : Starting a blocking GC Explicit
08-04 17:23:14.242 28588 28601 I art     : Explicit concurrent mark sweep GC freed 20(704B) AllocSpace objects, 0(0B) LOS objects, 23% free, 53MB/69MB, paused 553us total 21.882ms
08-04 17:23:14.251 28588 28601 I art     : Starting a blocking GC Explicit
08-04 17:23:14.273 28588 28601 I art     : Explicit concurrent mark sweep GC freed 3(96B) AllocSpace objects, 0(0B) LOS objects, 23% free, 53MB/69MB, paused 509us total 21.652ms
08-04 17:23:14.282 28588 28601 I art     : Starting a blocking GC Explicit
08-04 17:23:14.303 28588 28601 I art     : Explicit concurrent mark sweep GC freed 3(96B) AllocSpace objects, 0(0B) LOS objects, 23% free, 53MB/69MB, paused 536us total 21.183ms
08-04 17:23:14.312 28588 28601 I art     : Starting a blocking GC Explicit
08-04 17:23:14.334 28588 28601 I art     : Explicit concurrent mark sweep GC freed 3(96B) AllocSpace objects, 0(0B) LOS objects, 23% free, 53MB/69MB, paused 554us total 21.554ms
08-04 17:23:15.644 24412 24412 I ServiceManager: Waiting for service AtCmdFwd...
08-04 17:23:15.783   918  3188 I hubconnection: sensorhub said: 'set_bias 3: -6.2400, 0.0000, 0.0000'
