--------- beginning of main
08-04 14:29:53.045 27717 27717 D AndroidRuntime: >>>>>> START com.android.internal.os.RuntimeInit uid 2000 <<<<<<
08-04 14:29:53.052 27717 27717 D AndroidRuntime: CheckJNI is OFF
08-04 14:29:53.080 27717 27717 D ICU     : No timezone override file found: /data/misc/zoneinfo/current/icu/icu_tzdata.dat
08-04 14:29:53.110 27717 27717 I Radio-JNI: register_android_hardware_Radio DONE
08-04 14:29:53.127 27717 27717 D AndroidRuntime: Calling main entry com.android.commands.monkey.Monkey
--------- beginning of system
08-04 14:29:53.144   918   931 W BroadcastQueue: Skipping deliver [background] BroadcastRecord{ee99050 u-1 android.net.conn.CONNECTIVITY_CHANGE} to ReceiverList{14b0249 27717 (unknown name)/2000/u-1 remote:2eb7d02}: process crashing
08-04 14:29:53.155   918  4413 I ActivityManager: START u0 {act=android.intent.action.MAIN cat=[android.intent.category.LAUNCHER] flg=0x10200000 cmp=baseline.appteam.nith.hillffair/.activities.SplashActivity} from uid 2000 on display 0
08-04 14:29:53.190 27726 27726 I art     : Late-enabling -Xcheck:jni
08-04 14:29:53.192   918  5132 I ActivityManager: Start proc 27726:baseline.appteam.nith.hillffair/u0a651 for activity baseline.appteam.nith.hillffair/.activities.SplashActivity
08-04 14:29:53.198 27717 27717 I art     : System.exit called, status: 0
08-04 14:29:53.198 27717 27717 I AndroidRuntime: VM exiting with result code 0.
08-04 14:29:53.252 27726 27726 W System  : ClassLoader referenced unknown path: /data/app/baseline.appteam.nith.hillffair-1/lib/arm64
08-04 14:29:53.262  2075 22580 I PBSessionCacheImpl: Deleted sessionId[9127543042550561] from persistence.
08-04 14:29:53.268  2075  2107 W SearchServiceCore: Abort, client detached.
08-04 14:29:53.269  2075  2107 I MicroDetectionState: Should stop hotword detection immediately - true
08-04 14:29:53.287 27726 27726 W OneSignal: GCM Library detected, please upgrade to Firebase FCM library as GCM is deprecated!
08-04 14:29:53.328 27726 27726 W art     : Before Android 4.1, method android.graphics.PorterDuffColorFilter androidx.vectordrawable.graphics.drawable.VectorDrawableCompat.updateTintFilter(android.graphics.PorterDuffColorFilter, android.content.res.ColorStateList, android.graphics.PorterDuff$Mode) would have incorrectly overridden the package-private method in android.graphics.drawable.Drawable
08-04 14:29:53.348 27726 27726 I art     : Rejecting re-init on previously-failed class java.lang.Class<androidx.core.view.ViewCompat$2>
08-04 14:29:53.348 27726 27726 I art     : Rejecting re-init on previously-failed class java.lang.Class<androidx.core.view.ViewCompat$2>
08-04 14:29:53.399 27726 27749 D OpenGLRenderer: Use EGL_SWAP_BEHAVIOR_PRESERVED: true
08-04 14:29:53.442 27726 27749 I Adreno  : QUALCOMM build                   : fcf4852, I1af360237c
08-04 14:29:53.442 27726 27749 I Adreno  : Build Date                       : 09/23/15
08-04 14:29:53.442 27726 27749 I Adreno  : OpenGL ES Shader Compiler Version: XE031.05.13.02
08-04 14:29:53.442 27726 27749 I Adreno  : Local Branch                     : mybranch14465806
08-04 14:29:53.442 27726 27749 I Adreno  : Remote Branch                    : quic/LA.BF64.1.2.9_v2
08-04 14:29:53.442 27726 27749 I Adreno  : Remote Branch                    : NONE
08-04 14:29:53.442 27726 27749 I Adreno  : Reconstruct Branch               : NOTHING
08-04 14:29:53.448 27726 27749 I OpenGLRenderer: Initialized EGL, version 1.4
08-04 14:29:53.487 13866 13866 I GoogleInputMethodServic: GoogleInputMethodService.onFinishInput():3138 
08-04 14:29:53.488 13866 13866 I GoogleInputMethodServic: GoogleInputMethodService.onStartInput():1808 
08-04 14:29:53.553   918   936 I ActivityManager: Displayed baseline.appteam.nith.hillffair/.activities.SplashActivity: +387ms
08-04 14:29:53.694 27726 27760 W GCM     : GCM SDK is deprecated, baseline.appteam.nith.hillffair should update to use FCM
08-04 14:29:53.740 24365 23406 W Conscrypt: Could not set socket write timeout: java.net.SocketException: Socket closed
08-04 14:29:53.741 24365 23406 E art     : invalid stream - problem with parameter iterator in /data/app/com.google.android.gms-2/base.apk:classes3.dex for method void com.google.android.gms.org.conscrypt.ConscryptFileDescriptorSocket.setSoWriteTimeout(int)
08-04 14:29:53.741 24365 23406 W Conscrypt: 	at com.google.android.gms.org.conscrypt.Platform.setSocketWriteTimeout(:com.google.android.gms@202614019@20.26.14 (040400-320008519):2)
08-04 14:29:53.741 24365 23406 W Conscrypt: 	at com.google.android.gms.org.conscrypt.ConscryptFileDescriptorSocket.setSoWriteTimeout(:com.google.android.gms@202614019@20.26.14 (040400-320008519))
08-04 14:29:53.761 24365 23406 W Conscrypt: Could not set socket write timeout: java.net.SocketException: Socket closed
08-04 14:29:53.761 24365 23406 E art     : invalid stream - problem with parameter iterator in /data/app/com.google.android.gms-2/base.apk:classes3.dex for method void com.google.android.gms.org.conscrypt.ConscryptFileDescriptorSocket.setSoWriteTimeout(int)
08-04 14:29:53.762 24365 23406 W Conscrypt: 	at com.google.android.gms.org.conscrypt.Platform.setSocketWriteTimeout(:com.google.android.gms@202614019@20.26.14 (040400-320008519):2)
08-04 14:29:53.762 24365 23406 W Conscrypt: 	at com.google.android.gms.org.conscrypt.ConscryptFileDescriptorSocket.setSoWriteTimeout(:com.google.android.gms@202614019@20.26.14 (040400-320008519))
08-04 14:29:53.825 24365 23406 W Conscrypt: Could not set socket write timeout: java.net.SocketException: Socket closed
08-04 14:29:53.826 24365 23406 E art     : invalid stream - problem with parameter iterator in /data/app/com.google.android.gms-2/base.apk:classes3.dex for method void com.google.android.gms.org.conscrypt.ConscryptFileDescriptorSocket.setSoWriteTimeout(int)
08-04 14:29:53.826 24365 23406 W Conscrypt: 	at com.google.android.gms.org.conscrypt.Platform.setSocketWriteTimeout(:com.google.android.gms@202614019@20.26.14 (040400-320008519):2)
08-04 14:29:53.826 24365 23406 W Conscrypt: 	at com.google.android.gms.org.conscrypt.ConscryptFileDescriptorSocket.setSoWriteTimeout(:com.google.android.gms@202614019@20.26.14 (040400-320008519))
08-04 14:29:53.846 24365 23406 W Conscrypt: Could not set socket write timeout: java.net.SocketException: Socket closed
08-04 14:29:53.846 24365 23406 E art     : invalid stream - problem with parameter iterator in /data/app/com.google.android.gms-2/base.apk:classes3.dex for method void com.google.android.gms.org.conscrypt.ConscryptFileDescriptorSocket.setSoWriteTimeout(int)
08-04 14:29:53.847 24365 23406 W Conscrypt: 	at com.google.android.gms.org.conscrypt.Platform.setSocketWriteTimeout(:com.google.android.gms@202614019@20.26.14 (040400-320008519):2)
08-04 14:29:53.847 24365 23406 W Conscrypt: 	at com.google.android.gms.org.conscrypt.ConscryptFileDescriptorSocket.setSoWriteTimeout(:com.google.android.gms@202614019@20.26.14 (040400-320008519))
08-04 14:29:54.032 27726 27760 E OneSignal: Error Getting GCM Token
08-04 14:29:54.032 27726 27760 E OneSignal: java.io.IOException: INVALID_SENDER
08-04 14:29:54.032 27726 27760 E OneSignal: 	at com.google.android.gms.gcm.GoogleCloudMessaging.zzd(Unknown Source)
08-04 14:29:54.032 27726 27760 E OneSignal: 	at com.google.android.gms.gcm.GoogleCloudMessaging.register(Unknown Source)
08-04 14:29:54.032 27726 27760 E OneSignal: 	at com.onesignal.PushRegistratorGCM.getToken(PushRegistratorGCM.java:42)
08-04 14:29:54.032 27726 27760 E OneSignal: 	at com.onesignal.PushRegistratorAbstractGoogle.attemptRegistration(PushRegistratorAbstractGoogle.java:97)
08-04 14:29:54.032 27726 27760 E OneSignal: 	at com.onesignal.PushRegistratorAbstractGoogle.access$100(PushRegistratorAbstractGoogle.java:37)
08-04 14:29:54.032 27726 27760 E OneSignal: 	at com.onesignal.PushRegistratorAbstractGoogle$1.run(PushRegistratorAbstractGoogle.java:84)
08-04 14:29:54.032 27726 27760 E OneSignal: 	at java.lang.Thread.run(Thread.java:818)
08-04 14:29:54.045 27726 27765 I art     : Rejecting re-init on previously-failed class java.lang.Class<com.onesignal.OneSignalChromeTab$OneSignalCustomTabsServiceConnection>
08-04 14:29:54.046 27726 27765 I art     : Rejecting re-init on previously-failed class java.lang.Class<com.onesignal.OneSignalChromeTab$OneSignalCustomTabsServiceConnection>
08-04 14:29:54.819 27777 27777 D AndroidRuntime: >>>>>> START com.android.internal.os.RuntimeInit uid 2000 <<<<<<
08-04 14:29:54.826 27777 27777 D AndroidRuntime: CheckJNI is OFF
08-04 14:29:54.852 27777 27777 D ICU     : No timezone override file found: /data/misc/zoneinfo/current/icu/icu_tzdata.dat
08-04 14:29:54.880 27777 27777 I Radio-JNI: register_android_hardware_Radio DONE
08-04 14:29:54.880   918   929 I ActivityManager: START u0 {cmp=baseline.appteam.nith.hillffair/.activities.WelcomeActivity} from uid 10651 on display 0
08-04 14:29:54.895 27777 27777 D AndroidRuntime: Calling main entry com.android.commands.am.Am
08-04 14:29:54.901  2375  2375 I Trepn   : Trepn 6.2s: Received intent: com.quicinc.trepn.start_profiling
08-04 14:29:54.919   918  5952 I ActivityManager: START u0 {cmp=baseline.appteam.nith.hillffair/.activities.HomeActivity} from uid 10651 on display 0
08-04 14:29:54.928   918  6112 W ActivityManager: Duplicate finish request for ActivityRecord{c10524f u0 baseline.appteam.nith.hillffair/.activities.WelcomeActivity t3920 f}
08-04 14:29:55.007  2375  2375 W FileUtils: Failed to chmod(/storage/emulated/0/trepn/Trepn_2020.08.04_142954.db): android.system.ErrnoException: chmod failed: EPERM (Operation not permitted)
08-04 14:29:55.107  2375  2375 I Trepn   : Trepn 6.2s: Trepn has Started Profiling.
08-04 14:29:55.108 27777 27777 D AndroidRuntime: Shutting down VM
08-04 14:29:55.337   918   936 I ActivityManager: Displayed baseline.appteam.nith.hillffair/.activities.HomeActivity: +370ms (total +437ms)
08-04 14:29:55.338 13866 13866 I GoogleInputMethodServic: GoogleInputMethodService.onFinishInput():3138 
08-04 14:29:55.338 13866 13866 I GoogleInputMethodServic: GoogleInputMethodService.onStartInput():1808 
08-04 14:29:55.511 27726 27763 I art     : Starting a blocking GC Explicit
08-04 14:29:55.523 27726 27763 I art     : Explicit concurrent mark sweep GC freed 2258(449KB) AllocSpace objects, 0(0B) LOS objects, 24% free, 48MB/64MB, paused 131us total 12.181ms
08-04 14:29:55.529 27726 27763 I art     : Starting a blocking GC Explicit
08-04 14:29:55.539 27726 27763 I art     : Explicit concurrent mark sweep GC freed 1318(85KB) AllocSpace objects, 0(0B) LOS objects, 25% free, 47MB/63MB, paused 126us total 10.193ms
08-04 14:29:55.544 27726 27763 I art     : Starting a blocking GC Explicit
08-04 14:29:55.554 27726 27763 I art     : Explicit concurrent mark sweep GC freed 3(96B) AllocSpace objects, 0(0B) LOS objects, 25% free, 47MB/63MB, paused 134us total 10.152ms
08-04 14:29:55.560 27726 27763 I art     : Starting a blocking GC Explicit
08-04 14:29:55.570 27726 27763 I art     : Explicit concurrent mark sweep GC freed 3(96B) AllocSpace objects, 0(0B) LOS objects, 25% free, 47MB/63MB, paused 127us total 10.446ms
08-04 14:29:55.576 27726 27763 I art     : Starting a blocking GC Explicit
08-04 14:29:55.585   380   380 W SurfaceFlinger: couldn't log to binary event log: overflow.
08-04 14:29:55.586 27726 27763 I art     : Explicit concurrent mark sweep GC freed 3(96B) AllocSpace objects, 0(0B) LOS objects, 25% free, 47MB/63MB, paused 130us total 10.480ms
08-04 14:29:55.649 21770 21770 I Atfwd_Sendcmd: AtCmdFwd service not ready - Exhausted retry attempts - :6
08-04 14:29:55.650 21770 21770 I Atfwd_Daemon: result : -1 	 ,Init step :2 	 ,qmiErrorCode: 0
08-04 14:29:55.876 27726 27739 I art     : Starting a blocking GC Explicit
08-04 14:29:55.892 27726 27739 I art     : Explicit concurrent mark sweep GC freed 2030(114KB) AllocSpace objects, 1(20KB) LOS objects, 25% free, 47MB/63MB, paused 199us total 15.983ms
08-04 14:29:55.899 27726 27739 I art     : Starting a blocking GC Explicit
08-04 14:29:55.913 27726 27739 I art     : Explicit concurrent mark sweep GC freed 907(59KB) AllocSpace objects, 0(0B) LOS objects, 25% free, 47MB/63MB, paused 170us total 13.268ms
08-04 14:29:55.919 27726 27739 I art     : Starting a blocking GC Explicit
08-04 14:29:55.931 27726 27739 I art     : Explicit concurrent mark sweep GC freed 3(96B) AllocSpace objects, 0(0B) LOS objects, 25% free, 47MB/63MB, paused 156us total 11.670ms
08-04 14:29:55.937 27726 27739 I art     : Starting a blocking GC Explicit
08-04 14:29:55.949 27726 27739 I art     : Explicit concurrent mark sweep GC freed 3(96B) AllocSpace objects, 0(0B) LOS objects, 25% free, 47MB/63MB, paused 165us total 11.258ms
08-04 14:29:55.955 27726 27739 I art     : Starting a blocking GC Explicit
08-04 14:29:55.966 27726 27739 I art     : Explicit concurrent mark sweep GC freed 3(96B) AllocSpace objects, 0(0B) LOS objects, 25% free, 47MB/63MB, paused 162us total 11.421ms
08-04 14:29:56.273 27726 27763 I art     : Starting a blocking GC Explicit
08-04 14:29:56.287 27726 27763 I art     : Explicit concurrent mark sweep GC freed 1341(78KB) AllocSpace objects, 1(20KB) LOS objects, 25% free, 47MB/63MB, paused 217us total 14.097ms
08-04 14:29:56.294 27726 27763 I art     : Starting a blocking GC Explicit
08-04 14:29:56.306 27726 27763 I art     : Explicit concurrent mark sweep GC freed 20(704B) AllocSpace objects, 0(0B) LOS objects, 25% free, 47MB/63MB, paused 147us total 11.275ms
08-04 14:29:56.312 27726 27763 I art     : Starting a blocking GC Explicit
08-04 14:29:56.323 27726 27763 I art     : Explicit concurrent mark sweep GC freed 3(96B) AllocSpace objects, 0(0B) LOS objects, 25% free, 47MB/63MB, paused 142us total 11.064ms
08-04 14:29:56.329 27726 27763 I art     : Starting a blocking GC Explicit
08-04 14:29:56.340 27726 27763 I art     : Explicit concurrent mark sweep GC freed 3(96B) AllocSpace objects, 0(0B) LOS objects, 25% free, 47MB/63MB, paused 141us total 11.120ms
08-04 14:29:56.346 27726 27763 I art     : Starting a blocking GC Explicit
08-04 14:29:56.357 27726 27763 I art     : Explicit concurrent mark sweep GC freed 3(96B) AllocSpace objects, 0(0B) LOS objects, 25% free, 47MB/63MB, paused 163us total 11.009ms
08-04 14:29:56.689 27726 27738 I art     : Starting a blocking GC Explicit
08-04 14:29:56.706 27726 27738 I art     : Explicit concurrent mark sweep GC freed 1342(78KB) AllocSpace objects, 1(20KB) LOS objects, 25% free, 47MB/63MB, paused 176us total 16.996ms
08-04 14:29:56.716 27726 27738 I art     : Starting a blocking GC Explicit
08-04 14:29:56.729 27726 27738 I art     : Explicit concurrent mark sweep GC freed 20(704B) AllocSpace objects, 0(0B) LOS objects, 25% free, 47MB/63MB, paused 148us total 11.986ms
08-04 14:29:56.735 27726 27738 I art     : Starting a blocking GC Explicit
08-04 14:29:56.747 27726 27738 I art     : Explicit concurrent mark sweep GC freed 3(96B) AllocSpace objects, 0(0B) LOS objects, 25% free, 47MB/63MB, paused 148us total 11.885ms
08-04 14:29:56.753 27726 27738 I art     : Starting a blocking GC Explicit
08-04 14:29:56.765 27726 27738 I art     : Explicit concurrent mark sweep GC freed 3(96B) AllocSpace objects, 0(0B) LOS objects, 25% free, 47MB/63MB, paused 137us total 11.310ms
08-04 14:29:56.771 27726 27738 I art     : Starting a blocking GC Explicit
08-04 14:29:56.782 27726 27738 I art     : Explicit concurrent mark sweep GC freed 3(96B) AllocSpace objects, 0(0B) LOS objects, 25% free, 47MB/63MB, paused 142us total 11.092ms
08-04 14:29:57.094 27726 27739 I art     : Starting a blocking GC Explicit
08-04 14:29:57.108 27726 27739 I art     : Explicit concurrent mark sweep GC freed 1340(78KB) AllocSpace objects, 1(20KB) LOS objects, 25% free, 47MB/63MB, paused 180us total 14.529ms
08-04 14:29:57.115 27726 27739 I art     : Starting a blocking GC Explicit
08-04 14:29:57.128 27726 27739 I art     : Explicit concurrent mark sweep GC freed 20(704B) AllocSpace objects, 0(0B) LOS objects, 25% free, 47MB/63MB, paused 167us total 12.541ms
08-04 14:29:57.134 27726 27739 I art     : Starting a blocking GC Explicit
08-04 14:29:57.146 27726 27739 I art     : Explicit concurrent mark sweep GC freed 3(96B) AllocSpace objects, 0(0B) LOS objects, 25% free, 47MB/63MB, paused 162us total 11.725ms
08-04 14:29:57.152 27726 27739 I art     : Starting a blocking GC Explicit
08-04 14:29:57.164 27726 27739 I art     : Explicit concurrent mark sweep GC freed 3(96B) AllocSpace objects, 0(0B) LOS objects, 25% free, 47MB/63MB, paused 159us total 11.688ms
08-04 14:29:57.170 27726 27739 I art     : Starting a blocking GC Explicit
08-04 14:29:57.182 27726 27739 I art     : Explicit concurrent mark sweep GC freed 3(96B) AllocSpace objects, 0(0B) LOS objects, 25% free, 47MB/63MB, paused 159us total 11.491ms
08-04 14:29:57.475 27726 27763 I art     : Starting a blocking GC Explicit
08-04 14:29:57.496 27726 27763 I art     : Explicit concurrent mark sweep GC freed 1339(78KB) AllocSpace objects, 1(20KB) LOS objects, 25% free, 47MB/63MB, paused 198us total 20.596ms
08-04 14:29:57.507 27726 27763 I art     : Starting a blocking GC Explicit
08-04 14:29:57.522 27726 27763 I art     : Explicit concurrent mark sweep GC freed 20(704B) AllocSpace objects, 0(0B) LOS objects, 25% free, 47MB/63MB, paused 160us total 14.685ms
08-04 14:29:57.531 27726 27763 I art     : Starting a blocking GC Explicit
08-04 14:29:57.542 27726 27763 I art     : Explicit concurrent mark sweep GC freed 3(96B) AllocSpace objects, 0(0B) LOS objects, 25% free, 47MB/63MB, paused 148us total 11.708ms
08-04 14:29:57.549 27726 27763 I art     : Starting a blocking GC Explicit
08-04 14:29:57.560 27726 27763 I art     : Explicit concurrent mark sweep GC freed 3(96B) AllocSpace objects, 0(0B) LOS objects, 25% free, 47MB/63MB, paused 142us total 11.412ms
08-04 14:29:57.566 27726 27763 I art     : Starting a blocking GC Explicit
08-04 14:29:57.578 27726 27763 I art     : Explicit concurrent mark sweep GC freed 3(96B) AllocSpace objects, 0(0B) LOS objects, 25% free, 47MB/63MB, paused 150us total 11.800ms
08-04 14:29:57.879 27726 27738 I art     : Starting a blocking GC Explicit
08-04 14:29:57.896 27726 27738 I art     : Explicit concurrent mark sweep GC freed 1339(78KB) AllocSpace objects, 1(20KB) LOS objects, 25% free, 47MB/63MB, paused 183us total 16.998ms
08-04 14:29:57.907 27726 27738 I art     : Starting a blocking GC Explicit
08-04 14:29:57.918 27726 27738 I art     : Explicit concurrent mark sweep GC freed 20(704B) AllocSpace objects, 0(0B) LOS objects, 25% free, 47MB/63MB, paused 144us total 11.471ms
08-04 14:29:57.925 27726 27738 I art     : Starting a blocking GC Explicit
08-04 14:29:57.936 27726 27738 I art     : Explicit concurrent mark sweep GC freed 3(96B) AllocSpace objects, 0(0B) LOS objects, 25% free, 47MB/63MB, paused 146us total 11.519ms
08-04 14:29:57.942 27726 27738 I art     : Starting a blocking GC Explicit
08-04 14:29:57.953 27726 27738 I art     : Explicit concurrent mark sweep GC freed 3(96B) AllocSpace objects, 0(0B) LOS objects, 25% free, 47MB/63MB, paused 138us total 11.108ms
08-04 14:29:57.959 27726 27738 I art     : Starting a blocking GC Explicit
08-04 14:29:57.971 27726 27738 I art     : Explicit concurrent mark sweep GC freed 3(96B) AllocSpace objects, 0(0B) LOS objects, 25% free, 47MB/63MB, paused 143us total 11.097ms
08-04 14:29:58.269 27726 27739 I art     : Starting a blocking GC Explicit
08-04 14:29:58.286 27726 27739 I art     : Explicit concurrent mark sweep GC freed 1339(78KB) AllocSpace objects, 1(20KB) LOS objects, 25% free, 47MB/63MB, paused 193us total 16.601ms
08-04 14:29:58.295 27726 27739 I art     : Starting a blocking GC Explicit
08-04 14:29:58.307 27726 27739 I art     : Explicit concurrent mark sweep GC freed 20(704B) AllocSpace objects, 0(0B) LOS objects, 25% free, 47MB/63MB, paused 161us total 11.966ms
08-04 14:29:58.313 27726 27739 I art     : Starting a blocking GC Explicit
08-04 14:29:58.325 27726 27739 I art     : Explicit concurrent mark sweep GC freed 3(96B) AllocSpace objects, 0(0B) LOS objects, 25% free, 47MB/63MB, paused 161us total 11.469ms
08-04 14:29:58.331 27726 27739 I art     : Starting a blocking GC Explicit
08-04 14:29:58.343 27726 27739 I art     : Explicit concurrent mark sweep GC freed 3(96B) AllocSpace objects, 0(0B) LOS objects, 25% free, 47MB/63MB, paused 157us total 11.923ms
08-04 14:29:58.349 27726 27739 I art     : Starting a blocking GC Explicit
08-04 14:29:58.361 27726 27739 I art     : Explicit concurrent mark sweep GC freed 3(96B) AllocSpace objects, 0(0B) LOS objects, 25% free, 47MB/63MB, paused 156us total 11.417ms
08-04 14:29:58.660 27726 27763 I art     : Starting a blocking GC Explicit
08-04 14:29:58.678 27726 27763 I art     : Explicit concurrent mark sweep GC freed 1339(78KB) AllocSpace objects, 1(20KB) LOS objects, 25% free, 47MB/63MB, paused 321us total 17.571ms
08-04 14:29:58.688 27726 27763 I art     : Starting a blocking GC Explicit
08-04 14:29:58.703 27726 27763 I art     : Explicit concurrent mark sweep GC freed 20(704B) AllocSpace objects, 0(0B) LOS objects, 25% free, 47MB/63MB, paused 150us total 14.987ms
08-04 14:29:58.709 27726 27763 I art     : Starting a blocking GC Explicit
08-04 14:29:58.721 27726 27763 I art     : Explicit concurrent mark sweep GC freed 3(96B) AllocSpace objects, 0(0B) LOS objects, 25% free, 47MB/63MB, paused 149us total 11.856ms
08-04 14:29:58.728 27726 27763 I art     : Starting a blocking GC Explicit
08-04 14:29:58.740 27726 27763 I art     : Explicit concurrent mark sweep GC freed 3(96B) AllocSpace objects, 0(0B) LOS objects, 25% free, 47MB/63MB, paused 142us total 11.702ms
08-04 14:29:58.746 27726 27763 I art     : Starting a blocking GC Explicit
08-04 14:29:58.757 27726 27763 I art     : Explicit concurrent mark sweep GC freed 3(96B) AllocSpace objects, 0(0B) LOS objects, 25% free, 47MB/63MB, paused 150us total 10.955ms
08-04 14:29:58.797   918 13198 D NetlinkSocketObserver: NeighborEvent{elapsedMs=1698002671, 192.168.2.254, [7C3953A63323], RTM_NEWNEIGH, NUD_REACHABLE}
08-04 14:29:59.068 27726 27738 I art     : Starting a blocking GC Explicit
08-04 14:29:59.081 27726 27738 I art     : Explicit concurrent mark sweep GC freed 1618(94KB) AllocSpace objects, 1(20KB) LOS objects, 25% free, 47MB/63MB, paused 198us total 12.396ms
08-04 14:29:59.087 27726 27738 I art     : Starting a blocking GC Explicit
08-04 14:29:59.098 27726 27738 I art     : Explicit concurrent mark sweep GC freed 25(912B) AllocSpace objects, 0(0B) LOS objects, 25% free, 47MB/63MB, paused 176us total 10.552ms
08-04 14:29:59.104 27726 27738 I art     : Starting a blocking GC Explicit
08-04 14:29:59.115 27726 27738 I art     : Explicit concurrent mark sweep GC freed 3(96B) AllocSpace objects, 0(0B) LOS objects, 25% free, 47MB/63MB, paused 154us total 10.608ms
08-04 14:29:59.120 27726 27738 I art     : Starting a blocking GC Explicit
08-04 14:29:59.124 27726 27911 W OneSignal: OneSignalRestClient: POST Error thrown from network stack. 
08-04 14:29:59.124 27726 27911 W OneSignal: java.io.IOException: unexpected end of stream on Connection{api.onesignal.com:443, proxy=HTTP@192.168.2.12:8080 hostAddress=192.168.2.12 cipherSuite=TLS_ECDHE_RSA_WITH_AES_128_GCM_SHA256 protocol=http/1.1} (recycle count=1)
08-04 14:29:59.124 27726 27911 W OneSignal: 	at com.android.okhttp.internal.http.HttpConnection.readResponse(HttpConnection.java:210)
08-04 14:29:59.124 27726 27911 W OneSignal: 	at com.android.okhttp.internal.http.HttpTransport.readResponseHeaders(HttpTransport.java:80)
08-04 14:29:59.124 27726 27911 W OneSignal: 	at com.android.okhttp.internal.http.HttpEngine.readNetworkResponse(HttpEngine.java:904)
08-04 14:29:59.124 27726 27911 W OneSignal: 	at com.android.okhttp.internal.http.HttpEngine.readResponse(HttpEngine.java:788)
08-04 14:29:59.124 27726 27911 W OneSignal: 	at com.android.okhttp.internal.huc.HttpURLConnectionImpl.execute(HttpURLConnectionImpl.java:439)
08-04 14:29:59.124 27726 27911 W OneSignal: 	at com.android.okhttp.internal.huc.HttpURLConnectionImpl.getResponse(HttpURLConnectionImpl.java:384)
08-04 14:29:59.124 27726 27911 W OneSignal: 	at com.android.okhttp.internal.huc.HttpURLConnectionImpl.getResponseCode(HttpURLConnectionImpl.java:497)
08-04 14:29:59.124 27726 27911 W OneSignal: 	at com.android.okhttp.internal.huc.DelegatingHttpsURLConnection.getResponseCode(DelegatingHttpsURLConnection.java:105)
08-04 14:29:59.124 27726 27911 W OneSignal: 	at com.android.okhttp.internal.huc.HttpsURLConnectionImpl.getResponseCode(HttpsURLConnectionImpl.java)
08-04 14:29:59.124 27726 27911 W OneSignal: 	at com.onesignal.OneSignalRestClient.startHTTPConnection(OneSignalRestClient.java:180)
08-04 14:29:59.124 27726 27911 W OneSignal: 	at com.onesignal.OneSignalRestClient.access$100(OneSignalRestClient.java:44)
08-04 14:29:59.124 27726 27911 W OneSignal: 	at com.onesignal.OneSignalRestClient$4.run(OneSignalRestClient.java:110)
08-04 14:29:59.124 27726 27911 W OneSignal: 	at java.lang.Thread.run(Thread.java:818)
08-04 14:29:59.124 27726 27911 W OneSignal: Caused by: java.io.EOFException: \n not found: size=0 content=...
08-04 14:29:59.124 27726 27911 W OneSignal: 	at com.android.okhttp.okio.RealBufferedSource.readUtf8LineStrict(RealBufferedSource.java:200)
08-04 14:29:59.124 27726 27911 W OneSignal: 	at com.android.okhttp.internal.http.HttpConnection.readResponse(HttpConnection.java:191)
08-04 14:29:59.124 27726 27911 W OneSignal: 	... 12 more
08-04 14:29:59.125 27726 27912 W OneSignal: Failed last request. statusCode: -1
08-04 14:29:59.125 27726 27912 W OneSignal: response: null
08-04 14:29:59.130 27726 27738 I art     : Explicit concurrent mark sweep GC freed 149(47KB) AllocSpace objects, 0(0B) LOS objects, 25% free, 47MB/63MB, paused 141us total 10.073ms
08-04 14:29:59.135 27726 27738 I art     : Starting a blocking GC Explicit
08-04 14:29:59.145 27726 27738 I art     : Explicit concurrent mark sweep GC freed 221(13KB) AllocSpace objects, 0(0B) LOS objects, 25% free, 47MB/63MB, paused 126us total 9.803ms
08-04 14:29:59.399 27726 27739 I art     : Starting a blocking GC Explicit
08-04 14:29:59.414 27726 27739 I art     : Explicit concurrent mark sweep GC freed 1339(78KB) AllocSpace objects, 1(20KB) LOS objects, 25% free, 47MB/63MB, paused 175us total 14.207ms
08-04 14:29:59.421 27726 27739 I art     : Starting a blocking GC Explicit
08-04 14:29:59.437 27726 27739 I art     : Explicit concurrent mark sweep GC freed 20(704B) AllocSpace objects, 0(0B) LOS objects, 25% free, 47MB/63MB, paused 219us total 15.313ms
08-04 14:29:59.447 27726 27739 I art     : Starting a blocking GC Explicit
08-04 14:29:59.459 27726 27739 I art     : Explicit concurrent mark sweep GC freed 3(96B) AllocSpace objects, 0(0B) LOS objects, 25% free, 47MB/63MB, paused 157us total 12.057ms
08-04 14:29:59.465 27726 27739 I art     : Starting a blocking GC Explicit
08-04 14:29:59.478 27726 27739 I art     : Explicit concurrent mark sweep GC freed 3(96B) AllocSpace objects, 0(0B) LOS objects, 25% free, 47MB/63MB, paused 161us total 12.190ms
08-04 14:29:59.484 27726 27739 I art     : Starting a blocking GC Explicit
08-04 14:29:59.496 27726 27739 I art     : Explicit concurrent mark sweep GC freed 3(96B) AllocSpace objects, 0(0B) LOS objects, 25% free, 47MB/63MB, paused 162us total 12.272ms
08-04 14:29:59.813 27726 27763 I art     : Starting a blocking GC Explicit
08-04 14:29:59.827 27726 27763 I art     : Explicit concurrent mark sweep GC freed 1339(78KB) AllocSpace objects, 1(20KB) LOS objects, 25% free, 47MB/63MB, paused 284us total 13.511ms
08-04 14:29:59.834 27726 27763 I art     : Starting a blocking GC Explicit
08-04 14:29:59.846 27726 27763 I art     : Explicit concurrent mark sweep GC freed 20(704B) AllocSpace objects, 0(0B) LOS objects, 25% free, 47MB/63MB, paused 162us total 12.158ms
08-04 14:29:59.852 27726 27763 I art     : Starting a blocking GC Explicit
08-04 14:29:59.863 27726 27763 I art     : Explicit concurrent mark sweep GC freed 3(96B) AllocSpace objects, 0(0B) LOS objects, 25% free, 47MB/63MB, paused 142us total 10.212ms
08-04 14:29:59.868 27726 27763 I art     : Starting a blocking GC Explicit
08-04 14:29:59.878 27726 27763 I art     : Explicit concurrent mark sweep GC freed 3(96B) AllocSpace objects, 0(0B) LOS objects, 25% free, 47MB/63MB, paused 143us total 10.250ms
08-04 14:29:59.884 27726 27763 I art     : Starting a blocking GC Explicit
08-04 14:29:59.894 27726 27763 I art     : Explicit concurrent mark sweep GC freed 3(96B) AllocSpace objects, 0(0B) LOS objects, 25% free, 47MB/63MB, paused 146us total 10.439ms
08-04 14:30:00.079 27935 27935 D AndroidRuntime: >>>>>> START com.android.internal.os.RuntimeInit uid 2000 <<<<<<
08-04 14:30:00.083 27935 27935 D AndroidRuntime: CheckJNI is OFF
08-04 14:30:00.107 27935 27935 D ICU     : No timezone override file found: /data/misc/zoneinfo/current/icu/icu_tzdata.dat
08-04 14:30:00.131 27935 27935 I Radio-JNI: register_android_hardware_Radio DONE
08-04 14:30:00.147 27935 27935 D AndroidRuntime: Calling main entry com.android.commands.input.Input
08-04 14:30:00.149 27935 27935 I Input   : injectMotionEvent: MotionEvent { action=ACTION_DOWN, actionButton=0, id[0]=0, x[0]=337.0, y[0]=1104.0, toolType[0]=TOOL_TYPE_UNKNOWN, buttonState=0, metaState=0, flags=0x0, edgeFlags=0x0, pointerCount=1, historySize=0, eventTime=714616562, downTime=714616562, deviceId=0, source=0x1002 }
08-04 14:30:00.156 27935 27935 I Input   : injectMotionEvent: MotionEvent { action=ACTION_UP, actionButton=0, id[0]=0, x[0]=337.0, y[0]=1104.0, toolType[0]=TOOL_TYPE_UNKNOWN, buttonState=0, metaState=0, flags=0x0, edgeFlags=0x0, pointerCount=1, historySize=0, eventTime=714616562, downTime=714616562, deviceId=0, source=0x1002 }
08-04 14:30:00.157 27726 27738 I art     : Starting a blocking GC Explicit
08-04 14:30:00.157   918  5132 I ActivityManager: START u0 {cmp=baseline.appteam.nith.hillffair/.activities.BattleDayActivity} from uid 10651 on display 0
08-04 14:30:00.163 27935 27935 D AndroidRuntime: Shutting down VM
08-04 14:30:00.170 27726 27738 I art     : Explicit concurrent mark sweep GC freed 1429(91KB) AllocSpace objects, 1(20KB) LOS objects, 25% free, 47MB/63MB, paused 254us total 13.201ms
08-04 14:30:00.178 27726 27738 I art     : Starting a blocking GC Explicit
08-04 14:30:00.195 27726 27738 I art     : Explicit concurrent mark sweep GC freed 737(75KB) AllocSpace objects, 0(0B) LOS objects, 24% free, 48MB/64MB, paused 557us total 16.499ms
08-04 14:30:00.201 27726 27738 I art     : Starting a blocking GC Explicit
08-04 14:30:00.215 27726 27738 I art     : Explicit concurrent mark sweep GC freed 6008(352KB) AllocSpace objects, 0(0B) LOS objects, 24% free, 48MB/64MB, paused 429us total 13.664ms
08-04 14:30:00.221 27726 27738 I art     : Starting a blocking GC Explicit
08-04 14:30:00.235 27726 27738 I art     : Explicit concurrent mark sweep GC freed 744(56KB) AllocSpace objects, 0(0B) LOS objects, 24% free, 48MB/64MB, paused 252us total 14.111ms
08-04 14:30:00.241 27726 27738 I art     : Starting a blocking GC Explicit
08-04 14:30:00.252 27726 27738 I art     : Explicit concurrent mark sweep GC freed 42(3KB) AllocSpace objects, 0(0B) LOS objects, 24% free, 48MB/64MB, paused 188us total 11.304ms
08-04 14:30:00.260 13866 13866 I GoogleInputMethodServic: GoogleInputMethodService.onFinishInput():3138 
08-04 14:30:00.261 13866 13866 I GoogleInputMethodServic: GoogleInputMethodService.onStartInput():1808 
08-04 14:30:00.296   918   936 I ActivityManager: Displayed baseline.appteam.nith.hillffair/.activities.BattleDayActivity: +132ms
08-04 14:30:00.496 27726 27738 I art     : Starting a blocking GC Explicit
08-04 14:30:00.520 27726 27738 I art     : Explicit concurrent mark sweep GC freed 1590(94KB) AllocSpace objects, 1(20KB) LOS objects, 24% free, 48MB/64MB, paused 241us total 22.844ms
08-04 14:30:00.528 27726 27738 I art     : Starting a blocking GC Explicit
08-04 14:30:00.538   380   380 W SurfaceFlinger: couldn't log to binary event log: overflow.
08-04 14:30:00.546 27726 27738 I art     : Explicit concurrent mark sweep GC freed 34(1168B) AllocSpace objects, 0(0B) LOS objects, 24% free, 48MB/64MB, paused 199us total 17.410ms
08-04 14:30:00.555 27726 27738 I art     : Starting a blocking GC Explicit
08-04 14:30:00.567 27726 27738 I art     : Explicit concurrent mark sweep GC freed 3(96B) AllocSpace objects, 0(0B) LOS objects, 24% free, 48MB/64MB, paused 211us total 11.795ms
08-04 14:30:00.573 27726 27738 I art     : Starting a blocking GC Explicit
08-04 14:30:00.585 27726 27738 I art     : Explicit concurrent mark sweep GC freed 3(96B) AllocSpace objects, 0(0B) LOS objects, 24% free, 48MB/64MB, paused 192us total 11.665ms
08-04 14:30:00.590 27726 27738 I art     : Starting a blocking GC Explicit
08-04 14:30:00.602 27726 27738 I art     : Explicit concurrent mark sweep GC freed 3(96B) AllocSpace objects, 0(0B) LOS objects, 24% free, 48MB/64MB, paused 195us total 11.560ms
08-04 14:30:00.877 27726 27739 I art     : Starting a blocking GC Explicit
08-04 14:30:00.892 27726 27739 I art     : Explicit concurrent mark sweep GC freed 1500(91KB) AllocSpace objects, 1(20KB) LOS objects, 24% free, 48MB/64MB, paused 197us total 15.277ms
08-04 14:30:00.899 27726 27739 I art     : Starting a blocking GC Explicit
08-04 14:30:00.913 27726 27739 I art     : Explicit concurrent mark sweep GC freed 53(1792B) AllocSpace objects, 0(0B) LOS objects, 24% free, 48MB/64MB, paused 202us total 13.452ms
08-04 14:30:00.919 27726 27739 I art     : Starting a blocking GC Explicit
08-04 14:30:00.931 27726 27739 I art     : Explicit concurrent mark sweep GC freed 8(288B) AllocSpace objects, 0(0B) LOS objects, 24% free, 48MB/64MB, paused 191us total 11.355ms
08-04 14:30:00.937 27726 27739 I art     : Starting a blocking GC Explicit
08-04 14:30:00.948 27726 27739 I art     : Explicit concurrent mark sweep GC freed 8(288B) AllocSpace objects, 0(0B) LOS objects, 24% free, 48MB/64MB, paused 191us total 11.562ms
08-04 14:30:00.954 27726 27739 I art     : Starting a blocking GC Explicit
08-04 14:30:00.966 27726 27739 I art     : Explicit concurrent mark sweep GC freed 8(288B) AllocSpace objects, 0(0B) LOS objects, 24% free, 48MB/64MB, paused 269us total 11.633ms
08-04 14:30:01.235 27726 27763 I art     : Starting a blocking GC Explicit
08-04 14:30:01.251 27726 27763 I art     : Explicit concurrent mark sweep GC freed 1394(80KB) AllocSpace objects, 1(20KB) LOS objects, 24% free, 48MB/64MB, paused 211us total 15.685ms
08-04 14:30:01.258 27726 27763 I art     : Starting a blocking GC Explicit
08-04 14:30:01.272 27726 27763 I art     : Explicit concurrent mark sweep GC freed 57(1920B) AllocSpace objects, 0(0B) LOS objects, 24% free, 48MB/64MB, paused 185us total 13.756ms
08-04 14:30:01.277 27726 27763 I art     : Starting a blocking GC Explicit
08-04 14:30:01.290 27726 27763 I art     : Explicit concurrent mark sweep GC freed 10(368B) AllocSpace objects, 0(0B) LOS objects, 24% free, 48MB/64MB, paused 352us total 12.698ms
08-04 14:30:01.296 27726 27763 I art     : Starting a blocking GC Explicit
08-04 14:30:01.309 27726 27763 I art     : Explicit concurrent mark sweep GC freed 9(336B) AllocSpace objects, 0(0B) LOS objects, 24% free, 48MB/64MB, paused 166us total 12.676ms
08-04 14:30:01.315 27726 27763 I art     : Starting a blocking GC Explicit
08-04 14:30:01.327 27726 27763 I art     : Explicit concurrent mark sweep GC freed 10(352B) AllocSpace objects, 0(0B) LOS objects, 24% free, 48MB/64MB, paused 196us total 11.286ms
08-04 14:30:01.491 27726 27958 D OkHttp  : --> GET https://api-hillfair-2k16.herokuapp.com/api/app/events/special http/1.1
08-04 14:30:01.522 27726 27958 D OkHttp  : <-- 200 OK https://api-hillfair-2k16.herokuapp.com/api/app/events/special (31ms, 554-byte body)
08-04 14:30:01.574 27726 27726 I NAPPA_EXPERIMENTATION: MetricNetworkRequestExecutionTime: REQUEST_DURATION_SYSTEM='1360',REQUEST_DURATION_OKHTTP='30',REQUEST_SYNCHRONOUS='FALSE',RESPONSE_CODE='200',RESPONSE_METHOD='GET',RESPONSE_LENGTH_OKHTTP='554',RESPONSE_LENGTH_HEADER='554',REQUEST_PROTOCOL='http/1.1',REQUEST_URL='https://api-hillfair-2k16.herokuapp.com/api/app/events/special',
08-04 14:30:01.589 27726 27738 I art     : Starting a blocking GC Explicit
08-04 14:30:01.605 27726 27738 I art     : Explicit concurrent mark sweep GC freed 4817(319KB) AllocSpace objects, 4(220KB) LOS objects, 24% free, 48MB/64MB, paused 459us total 16.262ms
08-04 14:30:01.612 27726 27738 I art     : Starting a blocking GC Explicit
08-04 14:30:01.629 27726 27738 I art     : Explicit concurrent mark sweep GC freed 1768(154KB) AllocSpace objects, 0(0B) LOS objects, 24% free, 48MB/64MB, paused 504us total 16.382ms
08-04 14:30:01.635 27726 27738 I art     : Starting a blocking GC Explicit
08-04 14:30:01.649 27726 27738 I art     : Explicit concurrent mark sweep GC freed 122(7KB) AllocSpace objects, 0(0B) LOS objects, 24% free, 48MB/64MB, paused 360us total 13.723ms
08-04 14:30:01.654 27726 27738 I art     : Starting a blocking GC Explicit
08-04 14:30:01.667 27726 27738 I art     : Explicit concurrent mark sweep GC freed 263(15KB) AllocSpace objects, 0(0B) LOS objects, 24% free, 48MB/64MB, paused 317us total 12.264ms
08-04 14:30:01.672 27726 27738 I art     : Starting a blocking GC Explicit
08-04 14:30:01.685 27726 27738 I art     : Explicit concurrent mark sweep GC freed 46(2112B) AllocSpace objects, 0(0B) LOS objects, 24% free, 48MB/64MB, paused 271us total 12.320ms
08-04 14:30:01.984 27726 27739 I art     : Starting a blocking GC Explicit
08-04 14:30:02.002 27726 27739 I art     : Explicit concurrent mark sweep GC freed 1340(78KB) AllocSpace objects, 1(20KB) LOS objects, 24% free, 48MB/64MB, paused 348us total 18.167ms
08-04 14:30:02.012 27726 27739 I art     : Starting a blocking GC Explicit
08-04 14:30:02.027 27726 27739 I art     : Explicit concurrent mark sweep GC freed 20(704B) AllocSpace objects, 0(0B) LOS objects, 24% free, 48MB/64MB, paused 309us total 14.728ms
08-04 14:30:02.034 27726 27739 I art     : Starting a blocking GC Explicit
08-04 14:30:02.048 27726 27739 I art     : Explicit concurrent mark sweep GC freed 3(96B) AllocSpace objects, 0(0B) LOS objects, 24% free, 48MB/64MB, paused 292us total 14.300ms
08-04 14:30:02.055 27726 27739 I art     : Starting a blocking GC Explicit
08-04 14:30:02.069 27726 27739 I art     : Explicit concurrent mark sweep GC freed 3(96B) AllocSpace objects, 0(0B) LOS objects, 24% free, 48MB/64MB, paused 347us total 14.308ms
08-04 14:30:02.076 27726 27739 I art     : Starting a blocking GC Explicit
08-04 14:30:02.090 27726 27739 I art     : Explicit concurrent mark sweep GC freed 3(96B) AllocSpace objects, 0(0B) LOS objects, 24% free, 48MB/64MB, paused 293us total 14.225ms
08-04 14:30:02.379 27726 27763 I art     : Starting a blocking GC Explicit
08-04 14:30:02.394 27726 27763 I art     : Explicit concurrent mark sweep GC freed 9386(477KB) AllocSpace objects, 1(20KB) LOS objects, 23% free, 51MB/67MB, paused 284us total 14.787ms
08-04 14:30:02.400 27726 27763 I art     : Starting a blocking GC Explicit
08-04 14:30:02.414 27726 27763 I art     : Explicit concurrent mark sweep GC freed 313(15KB) AllocSpace objects, 0(0B) LOS objects, 23% free, 52MB/68MB, paused 241us total 13.045ms
08-04 14:30:02.419 27726 27763 I art     : Starting a blocking GC Explicit
08-04 14:30:02.431 27726 27763 I art     : Explicit concurrent mark sweep GC freed 22(880B) AllocSpace objects, 0(0B) LOS objects, 23% free, 52MB/68MB, paused 212us total 11.692ms
08-04 14:30:02.437 27726 27763 I art     : Starting a blocking GC Explicit
08-04 14:30:02.449 27726 27763 I art     : Explicit concurrent mark sweep GC freed 9(368B) AllocSpace objects, 0(0B) LOS objects, 23% free, 52MB/68MB, paused 220us total 12.212ms
08-04 14:30:02.454 27726 27763 I art     : Starting a blocking GC Explicit
08-04 14:30:02.467 27726 27763 I art     : Explicit concurrent mark sweep GC freed 33(35KB) AllocSpace objects, 0(0B) LOS objects, 23% free, 52MB/68MB, paused 229us total 12.377ms
08-04 14:30:02.778 27726 27763 I art     : Starting a blocking GC Explicit
08-04 14:30:02.798 27726 27763 I art     : Explicit concurrent mark sweep GC freed 1384(127KB) AllocSpace objects, 1(20KB) LOS objects, 23% free, 52MB/68MB, paused 252us total 20.101ms
08-04 14:30:02.809 27726 27763 I art     : Starting a blocking GC Explicit
08-04 14:30:02.827 27726 27763 I art     : Explicit concurrent mark sweep GC freed 29(992B) AllocSpace objects, 0(0B) LOS objects, 23% free, 52MB/68MB, paused 353us total 17.806ms
08-04 14:30:02.836 27726 27763 I art     : Starting a blocking GC Explicit
08-04 14:30:02.851 27726 27763 I art     : Explicit concurrent mark sweep GC freed 3(96B) AllocSpace objects, 0(0B) LOS objects, 23% free, 52MB/68MB, paused 213us total 14.598ms
08-04 14:30:02.858 27726 27763 I art     : Starting a blocking GC Explicit
08-04 14:30:02.873 27726 27763 I art     : Explicit concurrent mark sweep GC freed 3(96B) AllocSpace objects, 0(0B) LOS objects, 23% free, 52MB/68MB, paused 212us total 14.659ms
08-04 14:30:02.880 27726 27763 I art     : Starting a blocking GC Explicit
08-04 14:30:02.894 27726 27763 I art     : Explicit concurrent mark sweep GC freed 3(96B) AllocSpace objects, 0(0B) LOS objects, 23% free, 52MB/68MB, paused 204us total 13.596ms
08-04 14:30:03.197 27726 27739 I art     : Starting a blocking GC Explicit
08-04 14:30:03.218 27726 27739 I art     : Explicit concurrent mark sweep GC freed 1340(78KB) AllocSpace objects, 1(20KB) LOS objects, 23% free, 52MB/68MB, paused 259us total 20.602ms
08-04 14:30:03.227 27726 27739 I art     : Starting a blocking GC Explicit
08-04 14:30:03.242 27726 27739 I art     : Explicit concurrent mark sweep GC freed 20(704B) AllocSpace objects, 0(0B) LOS objects, 23% free, 52MB/68MB, paused 225us total 14.360ms
08-04 14:30:03.248 27726 27739 I art     : Starting a blocking GC Explicit
08-04 14:30:03.263 27726 27739 I art     : Explicit concurrent mark sweep GC freed 3(96B) AllocSpace objects, 0(0B) LOS objects, 23% free, 52MB/68MB, paused 221us total 14.200ms
08-04 14:30:03.269 27726 27739 I art     : Starting a blocking GC Explicit
08-04 14:30:03.284 27726 27739 I art     : Explicit concurrent mark sweep GC freed 3(96B) AllocSpace objects, 0(0B) LOS objects, 23% free, 52MB/68MB, paused 221us total 14.076ms
08-04 14:30:03.290 27726 27739 I art     : Starting a blocking GC Explicit
08-04 14:30:03.305 27726 27739 I art     : Explicit concurrent mark sweep GC freed 3(96B) AllocSpace objects, 0(0B) LOS objects, 23% free, 52MB/68MB, paused 216us total 14.282ms
08-04 14:30:03.402   918  3261 D WifiStateMachine: starting scan for "H369AA63323"WPA_PSK with 2412,5180
08-04 14:30:03.607 27726 27738 I art     : Starting a blocking GC Explicit
08-04 14:30:03.628 27726 27738 I art     : Explicit concurrent mark sweep GC freed 1340(78KB) AllocSpace objects, 1(20KB) LOS objects, 23% free, 52MB/68MB, paused 550us total 20.815ms
08-04 14:30:03.642 27726 27738 I art     : Starting a blocking GC Explicit
08-04 14:30:03.655 27726 27738 I art     : Explicit concurrent mark sweep GC freed 20(704B) AllocSpace objects, 0(0B) LOS objects, 23% free, 52MB/68MB, paused 202us total 13.503ms
08-04 14:30:03.661 27726 27738 I art     : Starting a blocking GC Explicit
08-04 14:30:03.675 27726 27738 I art     : Explicit concurrent mark sweep GC freed 3(96B) AllocSpace objects, 0(0B) LOS objects, 23% free, 52MB/68MB, paused 196us total 13.250ms
08-04 14:30:03.681 27726 27738 I art     : Starting a blocking GC Explicit
08-04 14:30:03.695 27726 27738 I art     : Explicit concurrent mark sweep GC freed 3(96B) AllocSpace objects, 0(0B) LOS objects, 23% free, 52MB/68MB, paused 206us total 13.793ms
08-04 14:30:03.701 27726 27738 I art     : Starting a blocking GC Explicit
08-04 14:30:03.715 27726 27738 I art     : Explicit concurrent mark sweep GC freed 3(96B) AllocSpace objects, 0(0B) LOS objects, 23% free, 52MB/68MB, paused 204us total 13.500ms
08-04 14:30:04.015 27726 27763 I art     : Starting a blocking GC Explicit
08-04 14:30:04.035 27726 27763 I art     : Explicit concurrent mark sweep GC freed 1340(78KB) AllocSpace objects, 1(20KB) LOS objects, 23% free, 52MB/68MB, paused 247us total 19.815ms
08-04 14:30:04.044 27726 27763 I art     : Starting a blocking GC Explicit
08-04 14:30:04.059 27726 27763 I art     : Explicit concurrent mark sweep GC freed 20(704B) AllocSpace objects, 0(0B) LOS objects, 23% free, 52MB/68MB, paused 220us total 14.445ms
08-04 14:30:04.065 27726 27763 I art     : Starting a blocking GC Explicit
08-04 14:30:04.080 27726 27763 I art     : Explicit concurrent mark sweep GC freed 3(96B) AllocSpace objects, 0(0B) LOS objects, 23% free, 52MB/68MB, paused 235us total 14.109ms
08-04 14:30:04.086 27726 27763 I art     : Starting a blocking GC Explicit
08-04 14:30:04.100 27726 27763 I art     : Explicit concurrent mark sweep GC freed 3(96B) AllocSpace objects, 0(0B) LOS objects, 23% free, 52MB/68MB, paused 209us total 13.675ms
08-04 14:30:04.106 27726 27763 I art     : Starting a blocking GC Explicit
08-04 14:30:04.120 27726 27763 I art     : Explicit concurrent mark sweep GC freed 3(96B) AllocSpace objects, 0(0B) LOS objects, 23% free, 52MB/68MB, paused 203us total 13.417ms
08-04 14:30:04.429 27726 27739 I art     : Starting a blocking GC Explicit
08-04 14:30:04.454 27726 27739 I art     : Explicit concurrent mark sweep GC freed 1340(78KB) AllocSpace objects, 1(20KB) LOS objects, 23% free, 52MB/68MB, paused 262us total 24.508ms
08-04 14:30:04.464 27726 27739 I art     : Starting a blocking GC Explicit
08-04 14:30:04.482 27726 27739 I art     : Explicit concurrent mark sweep GC freed 20(704B) AllocSpace objects, 0(0B) LOS objects, 23% free, 52MB/68MB, paused 220us total 17.463ms
08-04 14:30:04.488 27726 27739 I art     : Starting a blocking GC Explicit
08-04 14:30:04.503 27726 27739 I art     : Explicit concurrent mark sweep GC freed 3(96B) AllocSpace objects, 0(0B) LOS objects, 23% free, 52MB/68MB, paused 217us total 14.253ms
08-04 14:30:04.509 27726 27739 I art     : Starting a blocking GC Explicit
08-04 14:30:04.524 27726 27739 I art     : Explicit concurrent mark sweep GC freed 3(96B) AllocSpace objects, 0(0B) LOS objects, 23% free, 52MB/68MB, paused 226us total 14.712ms
08-04 14:30:04.531 27726 27739 I art     : Starting a blocking GC Explicit
08-04 14:30:04.545 27726 27739 I art     : Explicit concurrent mark sweep GC freed 3(96B) AllocSpace objects, 0(0B) LOS objects, 23% free, 52MB/68MB, paused 211us total 13.716ms
08-04 14:30:04.846 27726 27738 I art     : Starting a blocking GC Explicit
08-04 14:30:04.867 27726 27738 I art     : Explicit concurrent mark sweep GC freed 1340(78KB) AllocSpace objects, 1(20KB) LOS objects, 23% free, 52MB/68MB, paused 430us total 20.932ms
08-04 14:30:04.880 27726 27738 I art     : Starting a blocking GC Explicit
08-04 14:30:04.896 27726 27738 I art     : Explicit concurrent mark sweep GC freed 20(704B) AllocSpace objects, 0(0B) LOS objects, 23% free, 52MB/68MB, paused 209us total 14.998ms
08-04 14:30:04.902 27726 27738 I art     : Starting a blocking GC Explicit
08-04 14:30:04.915 27726 27738 I art     : Explicit concurrent mark sweep GC freed 3(96B) AllocSpace objects, 0(0B) LOS objects, 23% free, 52MB/68MB, paused 202us total 13.524ms
08-04 14:30:04.922 27726 27738 I art     : Starting a blocking GC Explicit
08-04 14:30:04.936 27726 27738 I art     : Explicit concurrent mark sweep GC freed 3(96B) AllocSpace objects, 0(0B) LOS objects, 23% free, 52MB/68MB, paused 203us total 13.535ms
08-04 14:30:04.942 27726 27738 I art     : Starting a blocking GC Explicit
08-04 14:30:04.956 27726 27738 I art     : Explicit concurrent mark sweep GC freed 3(96B) AllocSpace objects, 0(0B) LOS objects, 23% free, 52MB/68MB, paused 209us total 14.022ms
08-04 14:30:05.266 27726 27763 I art     : Starting a blocking GC Explicit
08-04 14:30:05.287 27726 27763 I art     : Explicit concurrent mark sweep GC freed 1340(78KB) AllocSpace objects, 1(20KB) LOS objects, 23% free, 52MB/68MB, paused 249us total 20.377ms
08-04 14:30:05.297 27726 27763 I art     : Starting a blocking GC Explicit
08-04 14:30:05.316 27726 27763 I art     : Explicit concurrent mark sweep GC freed 20(704B) AllocSpace objects, 0(0B) LOS objects, 23% free, 52MB/68MB, paused 238us total 18.048ms
08-04 14:30:05.327 27726 27763 I art     : Starting a blocking GC Explicit
08-04 14:30:05.341 27726 27763 I art     : Explicit concurrent mark sweep GC freed 3(96B) AllocSpace objects, 0(0B) LOS objects, 23% free, 52MB/68MB, paused 205us total 13.856ms
08-04 14:30:05.347 27726 27763 I art     : Starting a blocking GC Explicit
08-04 14:30:05.362 27726 27763 I art     : Explicit concurrent mark sweep GC freed 3(96B) AllocSpace objects, 0(0B) LOS objects, 23% free, 52MB/68MB, paused 203us total 14.124ms
08-04 14:30:05.369 27726 27763 I art     : Starting a blocking GC Explicit
08-04 14:30:05.382 27726 27763 I art     : Explicit concurrent mark sweep GC freed 3(96B) AllocSpace objects, 0(0B) LOS objects, 23% free, 52MB/68MB, paused 204us total 13.588ms
08-04 14:30:05.681 27726 27739 I art     : Starting a blocking GC Explicit
08-04 14:30:05.698 27726 27739 I art     : Explicit concurrent mark sweep GC freed 1340(78KB) AllocSpace objects, 1(20KB) LOS objects, 23% free, 52MB/68MB, paused 251us total 16.677ms
08-04 14:30:05.708 27726 27739 I art     : Starting a blocking GC Explicit
08-04 14:30:05.726 27726 27739 I art     : Explicit concurrent mark sweep GC freed 20(704B) AllocSpace objects, 0(0B) LOS objects, 23% free, 52MB/68MB, paused 229us total 17.696ms
08-04 14:30:05.735 27726 27739 I art     : Starting a blocking GC Explicit
08-04 14:30:05.749 27726 27739 I art     : Explicit concurrent mark sweep GC freed 3(96B) AllocSpace objects, 0(0B) LOS objects, 23% free, 52MB/68MB, paused 217us total 14.446ms
08-04 14:30:05.756 27726 27739 I art     : Starting a blocking GC Explicit
08-04 14:30:05.771 27726 27739 I art     : Explicit concurrent mark sweep GC freed 3(96B) AllocSpace objects, 0(0B) LOS objects, 23% free, 52MB/68MB, paused 215us total 14.356ms
08-04 14:30:05.777 27726 27739 I art     : Starting a blocking GC Explicit
08-04 14:30:05.791 27726 27739 I art     : Explicit concurrent mark sweep GC freed 3(96B) AllocSpace objects, 0(0B) LOS objects, 23% free, 52MB/68MB, paused 211us total 13.657ms
08-04 14:30:05.987   918 13198 D NetlinkSocketObserver: NeighborEvent{elapsedMs=1698009862, 192.168.2.254, [7C3953A63323], RTM_NEWNEIGH, NUD_STALE}
08-04 14:30:06.084 27726 27738 I art     : Starting a blocking GC Explicit
08-04 14:30:06.101   918  3188 I hubconnection: sensorhub said: 'set_bias 3: -6.0192, 0.0000, 0.0000'
08-04 14:30:06.101 27726 27738 I art     : Explicit concurrent mark sweep GC freed 1340(78KB) AllocSpace objects, 1(20KB) LOS objects, 23% free, 52MB/68MB, paused 255us total 16.907ms
08-04 14:30:06.114 27726 27738 I art     : Starting a blocking GC Explicit
08-04 14:30:06.128 27726 27738 I art     : Explicit concurrent mark sweep GC freed 20(704B) AllocSpace objects, 0(0B) LOS objects, 23% free, 52MB/68MB, paused 214us total 14.148ms
08-04 14:30:06.134 27726 27738 I art     : Starting a blocking GC Explicit
08-04 14:30:06.148 27726 27738 I art     : Explicit concurrent mark sweep GC freed 3(96B) AllocSpace objects, 0(0B) LOS objects, 23% free, 52MB/68MB, paused 205us total 13.682ms
08-04 14:30:06.155 27726 27738 I art     : Starting a blocking GC Explicit
08-04 14:30:06.169 27726 27738 I art     : Explicit concurrent mark sweep GC freed 3(96B) AllocSpace objects, 0(0B) LOS objects, 23% free, 52MB/68MB, paused 198us total 13.928ms
08-04 14:30:06.175 27726 27738 I art     : Starting a blocking GC Explicit
08-04 14:30:06.189 27726 27738 I art     : Explicit concurrent mark sweep GC freed 3(96B) AllocSpace objects, 0(0B) LOS objects, 23% free, 52MB/68MB, paused 205us total 13.634ms
08-04 14:30:06.481 27726 27763 I art     : Starting a blocking GC Explicit
08-04 14:30:06.498 27726 27763 I art     : Explicit concurrent mark sweep GC freed 1340(78KB) AllocSpace objects, 1(20KB) LOS objects, 23% free, 52MB/68MB, paused 217us total 16.705ms
08-04 14:30:06.509 27726 27763 I art     : Starting a blocking GC Explicit
08-04 14:30:06.526 27726 27763 I art     : Explicit concurrent mark sweep GC freed 20(704B) AllocSpace objects, 0(0B) LOS objects, 23% free, 52MB/68MB, paused 211us total 17.185ms
08-04 14:30:06.533 27726 27763 I art     : Starting a blocking GC Explicit
08-04 14:30:06.547 27726 27763 I art     : Explicit concurrent mark sweep GC freed 3(96B) AllocSpace objects, 0(0B) LOS objects, 23% free, 52MB/68MB, paused 225us total 14.293ms
08-04 14:30:06.554 27726 27763 I art     : Starting a blocking GC Explicit
08-04 14:30:06.568 27726 27763 I art     : Explicit concurrent mark sweep GC freed 3(96B) AllocSpace objects, 0(0B) LOS objects, 23% free, 52MB/68MB, paused 213us total 14.294ms
08-04 14:30:06.575 27726 27763 I art     : Starting a blocking GC Explicit
08-04 14:30:06.588 27726 27763 I art     : Explicit concurrent mark sweep GC freed 3(96B) AllocSpace objects, 0(0B) LOS objects, 23% free, 52MB/68MB, paused 202us total 13.668ms
08-04 14:30:06.904 27726 27739 I art     : Starting a blocking GC Explicit
08-04 14:30:06.928 27726 27739 I art     : Explicit concurrent mark sweep GC freed 1340(78KB) AllocSpace objects, 1(20KB) LOS objects, 23% free, 52MB/68MB, paused 284us total 23.540ms
08-04 14:30:06.938 27726 27739 I art     : Starting a blocking GC Explicit
08-04 14:30:06.954 27726 27739 I art     : Explicit concurrent mark sweep GC freed 20(704B) AllocSpace objects, 0(0B) LOS objects, 23% free, 52MB/68MB, paused 222us total 15.830ms
08-04 14:30:06.961 27726 27739 I art     : Starting a blocking GC Explicit
08-04 14:30:06.976 27726 27739 I art     : Explicit concurrent mark sweep GC freed 3(96B) AllocSpace objects, 0(0B) LOS objects, 23% free, 52MB/68MB, paused 217us total 14.471ms
08-04 14:30:06.982 27726 27739 I art     : Starting a blocking GC Explicit
08-04 14:30:06.997 27726 27739 I art     : Explicit concurrent mark sweep GC freed 3(96B) AllocSpace objects, 0(0B) LOS objects, 23% free, 52MB/68MB, paused 341us total 14.280ms
08-04 14:30:07.003 27726 27739 I art     : Starting a blocking GC Explicit
08-04 14:30:07.018 27726 27739 I art     : Explicit concurrent mark sweep GC freed 3(96B) AllocSpace objects, 0(0B) LOS objects, 23% free, 52MB/68MB, paused 248us total 14.036ms
08-04 14:30:07.342 27726 27738 I art     : Starting a blocking GC Explicit
08-04 14:30:07.364 27726 27738 I art     : Explicit concurrent mark sweep GC freed 1340(78KB) AllocSpace objects, 1(20KB) LOS objects, 23% free, 52MB/68MB, paused 407us total 21.550ms
08-04 14:30:07.376 27726 27738 I art     : Starting a blocking GC Explicit
08-04 14:30:07.390 27726 27738 I art     : Explicit concurrent mark sweep GC freed 20(704B) AllocSpace objects, 0(0B) LOS objects, 23% free, 52MB/68MB, paused 200us total 13.144ms
08-04 14:30:07.396 27726 27738 I art     : Starting a blocking GC Explicit
08-04 14:30:07.409 27726 27738 I art     : Explicit concurrent mark sweep GC freed 3(96B) AllocSpace objects, 0(0B) LOS objects, 23% free, 52MB/68MB, paused 194us total 13.269ms
08-04 14:30:07.415 27726 27738 I art     : Starting a blocking GC Explicit
08-04 14:30:07.429 27726 27738 I art     : Explicit concurrent mark sweep GC freed 3(96B) AllocSpace objects, 0(0B) LOS objects, 23% free, 52MB/68MB, paused 207us total 13.756ms
08-04 14:30:07.435 27726 27738 I art     : Starting a blocking GC Explicit
08-04 14:30:07.449 27726 27738 I art     : Explicit concurrent mark sweep GC freed 3(96B) AllocSpace objects, 0(0B) LOS objects, 23% free, 52MB/68MB, paused 204us total 13.586ms
08-04 14:30:07.750 27726 27763 I art     : Starting a blocking GC Explicit
08-04 14:30:07.766 27726 27763 I art     : Explicit concurrent mark sweep GC freed 1340(78KB) AllocSpace objects, 1(20KB) LOS objects, 23% free, 52MB/68MB, paused 243us total 16.193ms
08-04 14:30:07.776 27726 27763 I art     : Starting a blocking GC Explicit
08-04 14:30:07.794 27726 27763 I art     : Explicit concurrent mark sweep GC freed 20(704B) AllocSpace objects, 0(0B) LOS objects, 23% free, 52MB/68MB, paused 235us total 17.856ms
08-04 14:30:07.803 27726 27763 I art     : Starting a blocking GC Explicit
08-04 14:30:07.817 27726 27763 I art     : Explicit concurrent mark sweep GC freed 3(96B) AllocSpace objects, 0(0B) LOS objects, 23% free, 52MB/68MB, paused 239us total 14.346ms
08-04 14:30:07.824 27726 27763 I art     : Starting a blocking GC Explicit
08-04 14:30:07.839 27726 27763 I art     : Explicit concurrent mark sweep GC freed 3(96B) AllocSpace objects, 0(0B) LOS objects, 23% free, 52MB/68MB, paused 214us total 14.469ms
08-04 14:30:07.845 27726 27763 I art     : Starting a blocking GC Explicit
08-04 14:30:07.859 27726 27763 I art     : Explicit concurrent mark sweep GC freed 3(96B) AllocSpace objects, 0(0B) LOS objects, 23% free, 52MB/68MB, paused 204us total 14.151ms
08-04 14:30:08.170 27726 27739 I art     : Starting a blocking GC Explicit
08-04 14:30:08.191 27726 27739 I art     : Explicit concurrent mark sweep GC freed 1340(78KB) AllocSpace objects, 1(20KB) LOS objects, 23% free, 52MB/68MB, paused 258us total 20.821ms
08-04 14:30:08.201 27726 27739 I art     : Starting a blocking GC Explicit
08-04 14:30:08.217 27726 27739 I art     : Explicit concurrent mark sweep GC freed 20(704B) AllocSpace objects, 0(0B) LOS objects, 23% free, 52MB/68MB, paused 210us total 15.749ms
08-04 14:30:08.224 27726 27739 I art     : Starting a blocking GC Explicit
08-04 14:30:08.239 27726 27739 I art     : Explicit concurrent mark sweep GC freed 3(96B) AllocSpace objects, 0(0B) LOS objects, 23% free, 52MB/68MB, paused 210us total 14.498ms
08-04 14:30:08.245 27726 27739 I art     : Starting a blocking GC Explicit
08-04 14:30:08.260 27726 27739 I art     : Explicit concurrent mark sweep GC freed 3(96B) AllocSpace objects, 0(0B) LOS objects, 23% free, 52MB/68MB, paused 208us total 14.301ms
08-04 14:30:08.266 27726 27739 I art     : Starting a blocking GC Explicit
08-04 14:30:08.280 27726 27739 I art     : Explicit concurrent mark sweep GC freed 3(96B) AllocSpace objects, 0(0B) LOS objects, 23% free, 52MB/68MB, paused 219us total 13.976ms
08-04 14:30:08.537 27726 27738 I art     : Starting a blocking GC Explicit
08-04 14:30:08.552 27726 27738 I art     : Explicit concurrent mark sweep GC freed 1340(78KB) AllocSpace objects, 1(20KB) LOS objects, 23% free, 52MB/68MB, paused 213us total 15.014ms
08-04 14:30:08.559 27726 27738 I art     : Starting a blocking GC Explicit
08-04 14:30:08.573 27726 27738 I art     : Explicit concurrent mark sweep GC freed 20(704B) AllocSpace objects, 0(0B) LOS objects, 23% free, 52MB/68MB, paused 207us total 14.263ms
08-04 14:30:08.579 27726 27738 I art     : Starting a blocking GC Explicit
08-04 14:30:08.593 27726 27738 I art     : Explicit concurrent mark sweep GC freed 3(96B) AllocSpace objects, 0(0B) LOS objects, 23% free, 52MB/68MB, paused 202us total 13.248ms
08-04 14:30:08.599 27726 27738 I art     : Starting a blocking GC Explicit
08-04 14:30:08.612 27726 27738 I art     : Explicit concurrent mark sweep GC freed 3(96B) AllocSpace objects, 0(0B) LOS objects, 23% free, 52MB/68MB, paused 211us total 13.354ms
08-04 14:30:08.619 27726 27738 I art     : Starting a blocking GC Explicit
08-04 14:30:08.632 27726 27738 I art     : Explicit concurrent mark sweep GC freed 3(96B) AllocSpace objects, 0(0B) LOS objects, 23% free, 52MB/68MB, paused 207us total 12.905ms
08-04 14:30:08.773 28169 28169 D AndroidRuntime: >>>>>> START com.android.internal.os.RuntimeInit uid 2000 <<<<<<
08-04 14:30:08.779 28169 28169 D AndroidRuntime: CheckJNI is OFF
08-04 14:30:08.804 28169 28169 D ICU     : No timezone override file found: /data/misc/zoneinfo/current/icu/icu_tzdata.dat
08-04 14:30:08.828 28169 28169 I Radio-JNI: register_android_hardware_Radio DONE
08-04 14:30:08.844 28169 28169 D AndroidRuntime: Calling main entry com.android.commands.input.Input
08-04 14:30:08.846 28169 28169 I Input   : injectMotionEvent: MotionEvent { action=ACTION_DOWN, actionButton=0, id[0]=0, x[0]=733.0, y[0]=645.0, toolType[0]=TOOL_TYPE_UNKNOWN, buttonState=0, metaState=0, flags=0x0, edgeFlags=0x0, pointerCount=1, historySize=0, eventTime=714625259, downTime=714625259, deviceId=0, source=0x1002 }
08-04 14:30:08.850 28169 28169 I Input   : injectMotionEvent: MotionEvent { action=ACTION_UP, actionButton=0, id[0]=0, x[0]=733.0, y[0]=645.0, toolType[0]=TOOL_TYPE_UNKNOWN, buttonState=0, metaState=0, flags=0x0, edgeFlags=0x0, pointerCount=1, historySize=0, eventTime=714625259, downTime=714625259, deviceId=0, source=0x1002 }
08-04 14:30:08.852   918  3696 I ActivityManager: START u0 {cmp=baseline.appteam.nith.hillffair/.activities.ClubActivity (has extras)} from uid 10651 on display 0
08-04 14:30:08.859 28169 28169 D AndroidRuntime: Shutting down VM
08-04 14:30:08.911 27726 27739 I art     : Starting a blocking GC Explicit
08-04 14:30:08.925 27726 27739 I art     : Explicit concurrent mark sweep GC freed 5027(317KB) AllocSpace objects, 1(20KB) LOS objects, 23% free, 52MB/68MB, paused 304us total 13.857ms
08-04 14:30:08.931 27726 27739 I art     : Starting a blocking GC Explicit
08-04 14:30:08.944 27726 27739 I art     : Explicit concurrent mark sweep GC freed 393(18KB) AllocSpace objects, 0(0B) LOS objects, 23% free, 52MB/68MB, paused 258us total 13.347ms
08-04 14:30:08.951 27726 27739 I art     : Starting a blocking GC Explicit
08-04 14:30:08.953 13866 13866 I GoogleInputMethodServic: GoogleInputMethodService.onFinishInput():3138 
08-04 14:30:08.954 13866 13866 I GoogleInputMethodServic: GoogleInputMethodService.onStartInput():1808 
08-04 14:30:08.956   918   936 I ActivityManager: Displayed baseline.appteam.nith.hillffair/.activities.ClubActivity: +97ms
08-04 14:30:08.964 27726 27739 I art     : Explicit concurrent mark sweep GC freed 52(2208B) AllocSpace objects, 0(0B) LOS objects, 23% free, 52MB/68MB, paused 348us total 13.108ms
08-04 14:30:08.971 27726 27739 I art     : Starting a blocking GC Explicit
08-04 14:30:08.985 27726 27739 I art     : Explicit concurrent mark sweep GC freed 14(544B) AllocSpace objects, 0(0B) LOS objects, 23% free, 52MB/68MB, paused 312us total 13.647ms
08-04 14:30:08.992 27726 27739 I art     : Starting a blocking GC Explicit
08-04 14:30:09.005 27726 27739 I art     : Explicit concurrent mark sweep GC freed 3(96B) AllocSpace objects, 0(0B) LOS objects, 23% free, 52MB/68MB, paused 244us total 12.620ms
08-04 14:30:09.182   380   380 W SurfaceFlinger: couldn't log to binary event log: overflow.
08-04 14:30:09.257 27726 28206 I art     : Starting a blocking GC Explicit
08-04 14:30:09.272 27726 28206 I art     : Explicit concurrent mark sweep GC freed 1344(78KB) AllocSpace objects, 1(20KB) LOS objects, 23% free, 52MB/68MB, paused 699us total 14.987ms
08-04 14:30:09.279 27726 28206 I art     : Starting a blocking GC Explicit
08-04 14:30:09.295 27726 28206 I art     : Explicit concurrent mark sweep GC freed 20(704B) AllocSpace objects, 0(0B) LOS objects, 23% free, 52MB/68MB, paused 261us total 15.279ms
08-04 14:30:09.302 27726 28206 I art     : Starting a blocking GC Explicit
08-04 14:30:09.318 27726 28206 I art     : Explicit concurrent mark sweep GC freed 25(1040B) AllocSpace objects, 0(0B) LOS objects, 23% free, 52MB/68MB, paused 1.074ms total 16.005ms
08-04 14:30:09.327 27726 28206 I art     : Starting a blocking GC Explicit
08-04 14:30:09.343 27726 28206 I art     : Explicit concurrent mark sweep GC freed 93(6KB) AllocSpace objects, 0(0B) LOS objects, 23% free, 52MB/68MB, paused 235us total 16.452ms
08-04 14:30:09.349 27726 28206 I art     : Starting a blocking GC Explicit
08-04 14:30:09.363 27726 28206 I art     : Explicit concurrent mark sweep GC freed 8(288B) AllocSpace objects, 0(0B) LOS objects, 23% free, 52MB/68MB, paused 251us total 13.152ms
08-04 14:30:09.622 27726 27763 I art     : Starting a blocking GC Explicit
08-04 14:30:09.639 27726 27763 I art     : Explicit concurrent mark sweep GC freed 1395(80KB) AllocSpace objects, 1(20KB) LOS objects, 23% free, 52MB/68MB, paused 265us total 16.097ms
08-04 14:30:09.645 27726 27763 I art     : Starting a blocking GC Explicit
08-04 14:30:09.660 27726 27763 I art     : Explicit concurrent mark sweep GC freed 1009(70KB) AllocSpace objects, 0(0B) LOS objects, 23% free, 52MB/68MB, paused 398us total 15.078ms
08-04 14:30:09.667 27726 27763 I art     : Starting a blocking GC Explicit
08-04 14:30:09.678 27726 28204 D OkHttp  : --> GET https://api-hillfair-2k16.herokuapp.com/api/app/events/special/event?id=5806551bdcba0f490c70fd1f http/1.1
08-04 14:30:09.682 27726 27763 I art     : Explicit concurrent mark sweep GC freed 2167(142KB) AllocSpace objects, 3(200KB) LOS objects, 23% free, 52MB/68MB, paused 385us total 14.900ms
08-04 14:30:09.688 27726 27763 I art     : Starting a blocking GC Explicit
08-04 14:30:09.701 27726 27763 I art     : Explicit concurrent mark sweep GC freed 426(39KB) AllocSpace objects, 0(0B) LOS objects, 23% free, 52MB/68MB, paused 256us total 12.990ms
08-04 14:30:09.707 27726 27763 I art     : Starting a blocking GC Explicit
08-04 14:30:09.707 27726 28204 D OkHttp  : <-- 200 OK https://api-hillfair-2k16.herokuapp.com/api/app/events/special/event?id=5806551bdcba0f490c70fd1f (28ms, 795-byte body)
08-04 14:30:09.720 27726 27763 I art     : Explicit concurrent mark sweep GC freed 178(35KB) AllocSpace objects, 0(0B) LOS objects, 23% free, 52MB/68MB, paused 244us total 13.081ms
08-04 14:30:09.765 27726 27726 I NAPPA_EXPERIMENTATION: MetricNetworkRequestExecutionTime: REQUEST_DURATION_SYSTEM='870',REQUEST_DURATION_OKHTTP='29',REQUEST_SYNCHRONOUS='FALSE',RESPONSE_CODE='200',RESPONSE_METHOD='GET',RESPONSE_LENGTH_OKHTTP='795',RESPONSE_LENGTH_HEADER='795',REQUEST_PROTOCOL='http/1.1',REQUEST_URL='https://api-hillfair-2k16.herokuapp.com/api/app/events/special/event?id=5806551bdcba0f490c70fd1f',
08-04 14:30:09.991 27726 27738 I art     : Starting a blocking GC Explicit
08-04 14:30:10.009 27726 27738 I art     : Explicit concurrent mark sweep GC freed 2044(170KB) AllocSpace objects, 1(20KB) LOS objects, 23% free, 52MB/68MB, paused 256us total 17.255ms
08-04 14:30:10.016 27726 27738 I art     : Starting a blocking GC Explicit
08-04 14:30:10.032 27726 27738 I art     : Explicit concurrent mark sweep GC freed 72(2400B) AllocSpace objects, 0(0B) LOS objects, 23% free, 52MB/68MB, paused 358us total 16.309ms
08-04 14:30:10.040 27726 27738 I art     : Starting a blocking GC Explicit
08-04 14:30:10.053 27726 27738 I art     : Explicit concurrent mark sweep GC freed 3(96B) AllocSpace objects, 0(0B) LOS objects, 23% free, 52MB/68MB, paused 216us total 12.744ms
08-04 14:30:10.059 27726 27738 I art     : Starting a blocking GC Explicit
08-04 14:30:10.072 27726 27738 I art     : Explicit concurrent mark sweep GC freed 3(96B) AllocSpace objects, 0(0B) LOS objects, 23% free, 52MB/68MB, paused 213us total 12.693ms
08-04 14:30:10.078 27726 27738 I art     : Starting a blocking GC Explicit
08-04 14:30:10.091 27726 27738 I art     : Explicit concurrent mark sweep GC freed 3(96B) AllocSpace objects, 0(0B) LOS objects, 23% free, 52MB/68MB, paused 227us total 13.479ms
08-04 14:30:10.373 27726 27738 I art     : Starting a blocking GC Explicit
08-04 14:30:10.395 27726 27738 I art     : Explicit concurrent mark sweep GC freed 1343(78KB) AllocSpace objects, 1(20KB) LOS objects, 23% free, 52MB/68MB, paused 276us total 21.365ms
08-04 14:30:10.404 27726 27738 I art     : Starting a blocking GC Explicit
08-04 14:30:10.420 27726 27738 I art     : Explicit concurrent mark sweep GC freed 36(1264B) AllocSpace objects, 0(0B) LOS objects, 23% free, 52MB/68MB, paused 233us total 15.690ms
08-04 14:30:10.427 27726 27738 I art     : Starting a blocking GC Explicit
08-04 14:30:10.442 27726 27738 I art     : Explicit concurrent mark sweep GC freed 3(96B) AllocSpace objects, 0(0B) LOS objects, 23% free, 52MB/68MB, paused 231us total 15.375ms
08-04 14:30:10.449 27726 27738 I art     : Starting a blocking GC Explicit
08-04 14:30:10.463 27726 27738 I art     : Explicit concurrent mark sweep GC freed 3(96B) AllocSpace objects, 0(0B) LOS objects, 23% free, 52MB/68MB, paused 225us total 14.657ms
08-04 14:30:10.470 27726 27738 I art     : Starting a blocking GC Explicit
08-04 14:30:10.485 27726 27738 I art     : Explicit concurrent mark sweep GC freed 3(96B) AllocSpace objects, 0(0B) LOS objects, 23% free, 52MB/68MB, paused 234us total 14.570ms
08-04 14:30:10.771 27726 27763 I art     : Starting a blocking GC Explicit
08-04 14:30:10.792 27726 27763 I art     : Explicit concurrent mark sweep GC freed 1341(78KB) AllocSpace objects, 1(20KB) LOS objects, 23% free, 52MB/68MB, paused 260us total 20.279ms
08-04 14:30:10.801 27726 27763 I art     : Starting a blocking GC Explicit
08-04 14:30:10.817 27726 27763 I art     : Explicit concurrent mark sweep GC freed 20(704B) AllocSpace objects, 0(0B) LOS objects, 23% free, 52MB/68MB, paused 245us total 15.481ms
08-04 14:30:10.824 27726 27763 I art     : Starting a blocking GC Explicit
08-04 14:30:10.840 27726 27763 I art     : Explicit concurrent mark sweep GC freed 3(96B) AllocSpace objects, 0(0B) LOS objects, 23% free, 52MB/68MB, paused 235us total 15.403ms
08-04 14:30:10.846 27726 27763 I art     : Starting a blocking GC Explicit
08-04 14:30:10.861 27726 27763 I art     : Explicit concurrent mark sweep GC freed 3(96B) AllocSpace objects, 0(0B) LOS objects, 23% free, 52MB/68MB, paused 234us total 14.852ms
08-04 14:30:10.868 27726 27763 I art     : Starting a blocking GC Explicit
08-04 14:30:10.883 27726 27763 I art     : Explicit concurrent mark sweep GC freed 3(96B) AllocSpace objects, 0(0B) LOS objects, 23% free, 52MB/68MB, paused 246us total 14.863ms
08-04 14:30:11.197 27726 28206 I art     : Starting a blocking GC Explicit
08-04 14:30:11.220 27726 28206 I art     : Explicit concurrent mark sweep GC freed 1341(78KB) AllocSpace objects, 1(20KB) LOS objects, 23% free, 52MB/68MB, paused 278us total 22.003ms
08-04 14:30:11.230 27726 28206 I art     : Starting a blocking GC Explicit
08-04 14:30:11.246 27726 28206 I art     : Explicit concurrent mark sweep GC freed 20(704B) AllocSpace objects, 0(0B) LOS objects, 23% free, 52MB/68MB, paused 230us total 14.971ms
08-04 14:30:11.252 27726 28206 I art     : Starting a blocking GC Explicit
08-04 14:30:11.267 27726 28206 I art     : Explicit concurrent mark sweep GC freed 3(96B) AllocSpace objects, 0(0B) LOS objects, 23% free, 52MB/68MB, paused 229us total 14.817ms
08-04 14:30:11.274 27726 28206 I art     : Starting a blocking GC Explicit
08-04 14:30:11.289 27726 28206 I art     : Explicit concurrent mark sweep GC freed 3(96B) AllocSpace objects, 0(0B) LOS objects, 23% free, 52MB/68MB, paused 230us total 15.026ms
08-04 14:30:11.296 27726 28206 I art     : Starting a blocking GC Explicit
08-04 14:30:11.311 27726 28206 I art     : Explicit concurrent mark sweep GC freed 3(96B) AllocSpace objects, 0(0B) LOS objects, 23% free, 52MB/68MB, paused 241us total 14.782ms
08-04 14:30:11.619 27726 27739 I art     : Starting a blocking GC Explicit
08-04 14:30:11.641 27726 27739 I art     : Explicit concurrent mark sweep GC freed 1341(78KB) AllocSpace objects, 1(20KB) LOS objects, 23% free, 52MB/68MB, paused 287us total 22ms
08-04 14:30:11.652 27726 27739 I art     : Starting a blocking GC Explicit
08-04 14:30:11.672 27726 27739 I art     : Explicit concurrent mark sweep GC freed 20(704B) AllocSpace objects, 0(0B) LOS objects, 23% free, 52MB/68MB, paused 271us total 19.423ms
08-04 14:30:11.681 27726 27739 I art     : Starting a blocking GC Explicit
08-04 14:30:11.697 27726 27739 I art     : Explicit concurrent mark sweep GC freed 3(96B) AllocSpace objects, 0(0B) LOS objects, 23% free, 52MB/68MB, paused 258us total 15.589ms
08-04 14:30:11.704 27726 27739 I art     : Starting a blocking GC Explicit
08-04 14:30:11.719 27726 27739 I art     : Explicit concurrent mark sweep GC freed 3(96B) AllocSpace objects, 0(0B) LOS objects, 23% free, 52MB/68MB, paused 238us total 15.354ms
08-04 14:30:11.726 27726 27739 I art     : Starting a blocking GC Explicit
08-04 14:30:11.741 27726 27739 I art     : Explicit concurrent mark sweep GC freed 3(96B) AllocSpace objects, 0(0B) LOS objects, 23% free, 52MB/68MB, paused 225us total 14.859ms
08-04 14:30:12.034 27726 27738 I art     : Starting a blocking GC Explicit
08-04 14:30:12.055 27726 27738 I art     : Explicit concurrent mark sweep GC freed 1341(78KB) AllocSpace objects, 1(20KB) LOS objects, 23% free, 52MB/68MB, paused 280us total 20.931ms
08-04 14:30:12.064 27726 27738 I art     : Starting a blocking GC Explicit
08-04 14:30:12.080 27726 27738 I art     : Explicit concurrent mark sweep GC freed 20(704B) AllocSpace objects, 0(0B) LOS objects, 23% free, 52MB/68MB, paused 240us total 15.514ms
08-04 14:30:12.087 27726 27738 I art     : Starting a blocking GC Explicit
08-04 14:30:12.102 27726 27738 I art     : Explicit concurrent mark sweep GC freed 3(96B) AllocSpace objects, 0(0B) LOS objects, 23% free, 52MB/68MB, paused 223us total 15.476ms
08-04 14:30:12.109 27726 27738 I art     : Starting a blocking GC Explicit
08-04 14:30:12.124 27726 27738 I art     : Explicit concurrent mark sweep GC freed 3(96B) AllocSpace objects, 0(0B) LOS objects, 23% free, 52MB/68MB, paused 273us total 14.746ms
08-04 14:30:12.131 27726 27738 I art     : Starting a blocking GC Explicit
08-04 14:30:12.146 27726 27738 I art     : Explicit concurrent mark sweep GC freed 3(96B) AllocSpace objects, 0(0B) LOS objects, 23% free, 52MB/68MB, paused 231us total 14.999ms
08-04 14:30:12.429 27726 27763 I art     : Starting a blocking GC Explicit
08-04 14:30:12.445 27726 27763 I art     : Explicit concurrent mark sweep GC freed 1341(78KB) AllocSpace objects, 1(20KB) LOS objects, 23% free, 52MB/68MB, paused 232us total 16.049ms
08-04 14:30:12.452 27726 27763 I art     : Starting a blocking GC Explicit
08-04 14:30:12.468 27726 27763 I art     : Explicit concurrent mark sweep GC freed 20(704B) AllocSpace objects, 0(0B) LOS objects, 23% free, 52MB/68MB, paused 240us total 15.451ms
08-04 14:30:12.475 27726 27763 I art     : Starting a blocking GC Explicit
08-04 14:30:12.490 27726 27763 I art     : Explicit concurrent mark sweep GC freed 3(96B) AllocSpace objects, 0(0B) LOS objects, 23% free, 52MB/68MB, paused 247us total 15.375ms
08-04 14:30:12.497 27726 27763 I art     : Starting a blocking GC Explicit
08-04 14:30:12.512 27726 27763 I art     : Explicit concurrent mark sweep GC freed 3(96B) AllocSpace objects, 0(0B) LOS objects, 23% free, 52MB/68MB, paused 214us total 14.213ms
08-04 14:30:12.518 27726 27763 I art     : Starting a blocking GC Explicit
08-04 14:30:12.533 27726 27763 I art     : Explicit concurrent mark sweep GC freed 3(96B) AllocSpace objects, 0(0B) LOS objects, 23% free, 52MB/68MB, paused 229us total 14.535ms
08-04 14:30:12.871 27726 28206 I art     : Starting a blocking GC Explicit
08-04 14:30:12.894 27726 28206 I art     : Explicit concurrent mark sweep GC freed 1341(78KB) AllocSpace objects, 1(20KB) LOS objects, 23% free, 52MB/68MB, paused 271us total 22.180ms
08-04 14:30:12.904 27726 28206 I art     : Starting a blocking GC Explicit
08-04 14:30:12.923 27726 28206 I art     : Explicit concurrent mark sweep GC freed 20(704B) AllocSpace objects, 0(0B) LOS objects, 23% free, 52MB/68MB, paused 224us total 18.463ms
08-04 14:30:12.930 27726 28206 I art     : Starting a blocking GC Explicit
08-04 14:30:12.945 27726 28206 I art     : Explicit concurrent mark sweep GC freed 3(96B) AllocSpace objects, 0(0B) LOS objects, 23% free, 52MB/68MB, paused 229us total 14.857ms
08-04 14:30:12.951 27726 28206 I art     : Starting a blocking GC Explicit
08-04 14:30:12.967 27726 28206 I art     : Explicit concurrent mark sweep GC freed 3(96B) AllocSpace objects, 0(0B) LOS objects, 23% free, 52MB/68MB, paused 294us total 14.998ms
08-04 14:30:12.973 27726 28206 I art     : Starting a blocking GC Explicit
08-04 14:30:12.988 27726 28206 I art     : Explicit concurrent mark sweep GC freed 3(96B) AllocSpace objects, 0(0B) LOS objects, 23% free, 52MB/68MB, paused 229us total 14.963ms
08-04 14:30:13.276 27726 27739 I art     : Starting a blocking GC Explicit
08-04 14:30:13.297 27726 27739 I art     : Explicit concurrent mark sweep GC freed 1341(78KB) AllocSpace objects, 1(20KB) LOS objects, 23% free, 52MB/68MB, paused 353us total 21.249ms
08-04 14:30:13.307 27726 27739 I art     : Starting a blocking GC Explicit
08-04 14:30:13.322 27726 27739 I art     : Explicit concurrent mark sweep GC freed 20(704B) AllocSpace objects, 0(0B) LOS objects, 23% free, 52MB/68MB, paused 234us total 15.220ms
08-04 14:30:13.329 27726 27739 I art     : Starting a blocking GC Explicit
08-04 14:30:13.345 27726 27739 I art     : Explicit concurrent mark sweep GC freed 3(96B) AllocSpace objects, 0(0B) LOS objects, 23% free, 52MB/68MB, paused 232us total 15.361ms
08-04 14:30:13.351 27726 27739 I art     : Starting a blocking GC Explicit
08-04 14:30:13.367 27726 27739 I art     : Explicit concurrent mark sweep GC freed 3(96B) AllocSpace objects, 0(0B) LOS objects, 23% free, 52MB/68MB, paused 285us total 15.036ms
08-04 14:30:13.373 27726 27739 I art     : Starting a blocking GC Explicit
08-04 14:30:13.388 27726 27739 I art     : Explicit concurrent mark sweep GC freed 3(96B) AllocSpace objects, 0(0B) LOS objects, 23% free, 52MB/68MB, paused 234us total 15.025ms
08-04 14:30:13.685 27726 27738 I art     : Starting a blocking GC Explicit
08-04 14:30:13.707 27726 27738 I art     : Explicit concurrent mark sweep GC freed 1341(78KB) AllocSpace objects, 1(20KB) LOS objects, 23% free, 52MB/68MB, paused 326us total 21.678ms
08-04 14:30:13.720 27726 27738 I art     : Starting a blocking GC Explicit
08-04 14:30:13.739 27726 27738 I art     : Explicit concurrent mark sweep GC freed 20(704B) AllocSpace objects, 0(0B) LOS objects, 23% free, 52MB/68MB, paused 259us total 18.888ms
08-04 14:30:13.747 27726 27738 I art     : Starting a blocking GC Explicit
08-04 14:30:13.763 27726 27738 I art     : Explicit concurrent mark sweep GC freed 3(96B) AllocSpace objects, 0(0B) LOS objects, 23% free, 52MB/68MB, paused 230us total 15.463ms
08-04 14:30:13.770 27726 27738 I art     : Starting a blocking GC Explicit
08-04 14:30:13.785 27726 27738 I art     : Explicit concurrent mark sweep GC freed 3(96B) AllocSpace objects, 0(0B) LOS objects, 23% free, 52MB/68MB, paused 229us total 15.219ms
08-04 14:30:13.792 27726 27738 I art     : Starting a blocking GC Explicit
08-04 14:30:13.807 27726 27738 I art     : Explicit concurrent mark sweep GC freed 3(96B) AllocSpace objects, 0(0B) LOS objects, 23% free, 52MB/68MB, paused 249us total 15.427ms
08-04 14:30:14.118 27726 27763 I art     : Starting a blocking GC Explicit
08-04 14:30:14.140 27726 27763 I art     : Explicit concurrent mark sweep GC freed 1341(78KB) AllocSpace objects, 1(20KB) LOS objects, 23% free, 52MB/68MB, paused 288us total 21.456ms
08-04 14:30:14.153 27726 27763 I art     : Starting a blocking GC Explicit
08-04 14:30:14.172 27726 27763 I art     : Explicit concurrent mark sweep GC freed 211(13KB) AllocSpace objects, 0(0B) LOS objects, 23% free, 52MB/68MB, paused 273us total 18.632ms
08-04 14:30:14.178 27726 27763 I art     : Starting a blocking GC Explicit
08-04 14:30:14.194 27726 27763 I art     : Explicit concurrent mark sweep GC freed 8(304B) AllocSpace objects, 0(0B) LOS objects, 23% free, 52MB/68MB, paused 256us total 15.050ms
08-04 14:30:14.200 27726 27763 I art     : Starting a blocking GC Explicit
08-04 14:30:14.215 27726 27763 I art     : Explicit concurrent mark sweep GC freed 3(96B) AllocSpace objects, 0(0B) LOS objects, 23% free, 52MB/68MB, paused 268us total 15.028ms
08-04 14:30:14.222 27726 27763 I art     : Starting a blocking GC Explicit
08-04 14:30:14.237 27726 27763 I art     : Explicit concurrent mark sweep GC freed 3(96B) AllocSpace objects, 0(0B) LOS objects, 23% free, 52MB/68MB, paused 277us total 14.753ms
08-04 14:30:14.401 27726 28340 W OneSignal: OneSignalRestClient: POST Error thrown from network stack. 
08-04 14:30:14.401 27726 28340 W OneSignal: java.io.IOException: unexpected end of stream on Connection{api.onesignal.com:443, proxy=HTTP@192.168.2.12:8080 hostAddress=192.168.2.12 cipherSuite=TLS_ECDHE_RSA_WITH_AES_128_GCM_SHA256 protocol=http/1.1} (recycle count=0)
08-04 14:30:14.401 27726 28340 W OneSignal: 	at com.android.okhttp.internal.http.HttpConnection.readResponse(HttpConnection.java:210)
08-04 14:30:14.401 27726 28340 W OneSignal: 	at com.android.okhttp.internal.http.HttpTransport.readResponseHeaders(HttpTransport.java:80)
08-04 14:30:14.401 27726 28340 W OneSignal: 	at com.android.okhttp.internal.http.HttpEngine.readNetworkResponse(HttpEngine.java:904)
08-04 14:30:14.401 27726 28340 W OneSignal: 	at com.android.okhttp.internal.http.HttpEngine.readResponse(HttpEngine.java:788)
08-04 14:30:14.401 27726 28340 W OneSignal: 	at com.android.okhttp.internal.huc.HttpURLConnectionImpl.execute(HttpURLConnectionImpl.java:439)
08-04 14:30:14.401 27726 28340 W OneSignal: 	at com.android.okhttp.internal.huc.HttpURLConnectionImpl.getResponse(HttpURLConnectionImpl.java:384)
08-04 14:30:14.401 27726 28340 W OneSignal: 	at com.android.okhttp.internal.huc.HttpURLConnectionImpl.getResponseCode(HttpURLConnectionImpl.java:497)
08-04 14:30:14.401 27726 28340 W OneSignal: 	at com.android.okhttp.internal.huc.DelegatingHttpsURLConnection.getResponseCode(DelegatingHttpsURLConnection.java:105)
08-04 14:30:14.401 27726 28340 W OneSignal: 	at com.android.okhttp.internal.huc.HttpsURLConnectionImpl.getResponseCode(HttpsURLConnectionImpl.java)
08-04 14:30:14.401 27726 28340 W OneSignal: 	at com.onesignal.OneSignalRestClient.startHTTPConnection(OneSignalRestClient.java:180)
08-04 14:30:14.401 27726 28340 W OneSignal: 	at com.onesignal.OneSignalRestClient.access$100(OneSignalRestClient.java:44)
08-04 14:30:14.401 27726 28340 W OneSignal: 	at com.onesignal.OneSignalRestClient$4.run(OneSignalRestClient.java:110)
08-04 14:30:14.401 27726 28340 W OneSignal: 	at java.lang.Thread.run(Thread.java:818)
08-04 14:30:14.401 27726 28340 W OneSignal: Caused by: java.io.EOFException: \n not found: size=0 content=...
08-04 14:30:14.401 27726 28340 W OneSignal: 	at com.android.okhttp.okio.RealBufferedSource.readUtf8LineStrict(RealBufferedSource.java:200)
08-04 14:30:14.401 27726 28340 W OneSignal: 	at com.android.okhttp.internal.http.HttpConnection.readResponse(HttpConnection.java:191)
08-04 14:30:14.401 27726 28340 W OneSignal: 	... 12 more
08-04 14:30:14.401 27726 28345 W OneSignal: Failed last request. statusCode: -1
08-04 14:30:14.401 27726 28345 W OneSignal: response: null
08-04 14:30:14.482 27726 28206 I art     : Starting a blocking GC Explicit
08-04 14:30:14.498 27726 28206 I art     : Explicit concurrent mark sweep GC freed 3722(230KB) AllocSpace objects, 1(20KB) LOS objects, 23% free, 52MB/68MB, paused 289us total 16.180ms
08-04 14:30:14.505 27726 28206 I art     : Starting a blocking GC Explicit
08-04 14:30:14.520 27726 28206 I art     : Explicit concurrent mark sweep GC freed 67(2432B) AllocSpace objects, 0(0B) LOS objects, 23% free, 52MB/68MB, paused 231us total 14.923ms
08-04 14:30:14.527 27726 28206 I art     : Starting a blocking GC Explicit
08-04 14:30:14.542 27726 28206 I art     : Explicit concurrent mark sweep GC freed 3(96B) AllocSpace objects, 0(0B) LOS objects, 23% free, 52MB/68MB, paused 217us total 15.046ms
08-04 14:30:14.548 27726 28206 I art     : Starting a blocking GC Explicit
08-04 14:30:14.563 27726 28206 I art     : Explicit concurrent mark sweep GC freed 3(96B) AllocSpace objects, 0(0B) LOS objects, 23% free, 52MB/68MB, paused 226us total 14.821ms
08-04 14:30:14.570 27726 28206 I art     : Starting a blocking GC Explicit
08-04 14:30:14.585 27726 28206 I art     : Explicit concurrent mark sweep GC freed 3(96B) AllocSpace objects, 0(0B) LOS objects, 23% free, 52MB/68MB, paused 216us total 14.777ms
08-04 14:30:14.884 27726 27739 I art     : Starting a blocking GC Explicit
08-04 14:30:14.906 27726 27739 I art     : Explicit concurrent mark sweep GC freed 1341(78KB) AllocSpace objects, 1(20KB) LOS objects, 23% free, 52MB/68MB, paused 285us total 21.867ms
08-04 14:30:14.917 27726 27739 I art     : Starting a blocking GC Explicit
08-04 14:30:14.935 27726 27739 I art     : Explicit concurrent mark sweep GC freed 20(704B) AllocSpace objects, 0(0B) LOS objects, 23% free, 52MB/68MB, paused 235us total 18.510ms
08-04 14:30:14.942 27726 27739 I art     : Starting a blocking GC Explicit
08-04 14:30:14.957 27726 27739 I art     : Explicit concurrent mark sweep GC freed 3(96B) AllocSpace objects, 0(0B) LOS objects, 23% free, 52MB/68MB, paused 250us total 15.113ms
08-04 14:30:14.964 27726 27739 I art     : Starting a blocking GC Explicit
08-04 14:30:14.979 27726 27739 I art     : Explicit concurrent mark sweep GC freed 3(96B) AllocSpace objects, 0(0B) LOS objects, 23% free, 52MB/68MB, paused 226us total 14.920ms
08-04 14:30:14.986 27726 27739 I art     : Starting a blocking GC Explicit
08-04 14:30:15.001 27726 27739 I art     : Explicit concurrent mark sweep GC freed 3(96B) AllocSpace objects, 0(0B) LOS objects, 23% free, 52MB/68MB, paused 244us total 14.551ms
08-04 14:30:15.316 27726 27738 I art     : Starting a blocking GC Explicit
08-04 14:30:15.338 27726 27738 I art     : Explicit concurrent mark sweep GC freed 1341(78KB) AllocSpace objects, 1(20KB) LOS objects, 23% free, 52MB/68MB, paused 290us total 21.298ms
08-04 14:30:15.348 27726 27738 I art     : Starting a blocking GC Explicit
08-04 14:30:15.364 27726 27738 I art     : Explicit concurrent mark sweep GC freed 20(704B) AllocSpace objects, 0(0B) LOS objects, 23% free, 52MB/68MB, paused 229us total 15.153ms
08-04 14:30:15.371 27726 27738 I art     : Starting a blocking GC Explicit
08-04 14:30:15.386 27726 27738 I art     : Explicit concurrent mark sweep GC freed 3(96B) AllocSpace objects, 0(0B) LOS objects, 23% free, 52MB/68MB, paused 221us total 15.352ms
08-04 14:30:15.393 27726 27738 I art     : Starting a blocking GC Explicit
08-04 14:30:15.408 27726 27738 I art     : Explicit concurrent mark sweep GC freed 3(96B) AllocSpace objects, 0(0B) LOS objects, 23% free, 52MB/68MB, paused 228us total 14.920ms
08-04 14:30:15.415 27726 27738 I art     : Starting a blocking GC Explicit
08-04 14:30:15.430 27726 27738 I art     : Explicit concurrent mark sweep GC freed 3(96B) AllocSpace objects, 0(0B) LOS objects, 23% free, 52MB/68MB, paused 225us total 14.981ms
08-04 14:30:15.650 21770 21770 I ServiceManager: Waiting for service AtCmdFwd...
08-04 14:30:15.714 27726 27763 I art     : Starting a blocking GC Explicit
08-04 14:30:15.735 27726 27763 I art     : Explicit concurrent mark sweep GC freed 1341(78KB) AllocSpace objects, 1(20KB) LOS objects, 23% free, 52MB/68MB, paused 324us total 19.982ms
08-04 14:30:15.746 27726 27763 I art     : Starting a blocking GC Explicit
08-04 14:30:15.761 27726 27763 I art     : Explicit concurrent mark sweep GC freed 20(704B) AllocSpace objects, 0(0B) LOS objects, 23% free, 52MB/68MB, paused 237us total 15.276ms
08-04 14:30:15.768 27726 27763 I art     : Starting a blocking GC Explicit
08-04 14:30:15.784 27726 27763 I art     : Explicit concurrent mark sweep GC freed 3(96B) AllocSpace objects, 0(0B) LOS objects, 23% free, 52MB/68MB, paused 231us total 15.228ms
08-04 14:30:15.790 27726 27763 I art     : Starting a blocking GC Explicit
08-04 14:30:15.805 27726 27763 I art     : Explicit concurrent mark sweep GC freed 3(96B) AllocSpace objects, 0(0B) LOS objects, 23% free, 52MB/68MB, paused 238us total 14.749ms
08-04 14:30:15.812 27726 27763 I art     : Starting a blocking GC Explicit
08-04 14:30:15.827 27726 27763 I art     : Explicit concurrent mark sweep GC freed 3(96B) AllocSpace objects, 0(0B) LOS objects, 23% free, 52MB/68MB, paused 240us total 14.862ms
08-04 14:30:16.137 27726 28206 I art     : Starting a blocking GC Explicit
08-04 14:30:16.159 27726 28206 I art     : Explicit concurrent mark sweep GC freed 1341(78KB) AllocSpace objects, 1(20KB) LOS objects, 23% free, 52MB/68MB, paused 261us total 21.601ms
08-04 14:30:16.170 27726 28206 I art     : Starting a blocking GC Explicit
08-04 14:30:16.190 27726 28206 I art     : Explicit concurrent mark sweep GC freed 20(704B) AllocSpace objects, 0(0B) LOS objects, 23% free, 52MB/68MB, paused 253us total 19.371ms
08-04 14:30:16.199 27726 28206 I art     : Starting a blocking GC Explicit
08-04 14:30:16.215 27726 28206 I art     : Explicit concurrent mark sweep GC freed 3(96B) AllocSpace objects, 0(0B) LOS objects, 23% free, 52MB/68MB, paused 230us total 15.560ms
08-04 14:30:16.222 27726 28206 I art     : Starting a blocking GC Explicit
08-04 14:30:16.238 27726 28206 I art     : Explicit concurrent mark sweep GC freed 3(96B) AllocSpace objects, 0(0B) LOS objects, 23% free, 52MB/68MB, paused 244us total 15.332ms
08-04 14:30:16.244 27726 28206 I art     : Starting a blocking GC Explicit
08-04 14:30:16.259 27726 28206 I art     : Explicit concurrent mark sweep GC freed 3(96B) AllocSpace objects, 0(0B) LOS objects, 23% free, 52MB/68MB, paused 228us total 15.028ms
08-04 14:30:16.567 27726 27739 I art     : Starting a blocking GC Explicit
08-04 14:30:16.589 27726 27739 I art     : Explicit concurrent mark sweep GC freed 1341(78KB) AllocSpace objects, 1(20KB) LOS objects, 23% free, 52MB/68MB, paused 280us total 21.571ms
08-04 14:30:16.600 27726 27739 I art     : Starting a blocking GC Explicit
08-04 14:30:16.619 27726 27739 I art     : Explicit concurrent mark sweep GC freed 20(704B) AllocSpace objects, 0(0B) LOS objects, 23% free, 52MB/68MB, paused 269us total 19.043ms
08-04 14:30:16.627 27726 27739 I art     : Starting a blocking GC Explicit
08-04 14:30:16.643 27726 27739 I art     : Explicit concurrent mark sweep GC freed 3(96B) AllocSpace objects, 0(0B) LOS objects, 23% free, 52MB/68MB, paused 233us total 15.324ms
08-04 14:30:16.649 27726 27739 I art     : Starting a blocking GC Explicit
08-04 14:30:16.651 21770 21770 I ServiceManager: Waiting for service AtCmdFwd...
08-04 14:30:16.665 27726 27739 I art     : Explicit concurrent mark sweep GC freed 3(96B) AllocSpace objects, 0(0B) LOS objects, 23% free, 52MB/68MB, paused 234us total 15.187ms
08-04 14:30:16.671 27726 27739 I art     : Starting a blocking GC Explicit
08-04 14:30:16.686 27726 27739 I art     : Explicit concurrent mark sweep GC freed 3(96B) AllocSpace objects, 0(0B) LOS objects, 23% free, 52MB/68MB, paused 233us total 14.369ms
08-04 14:30:16.972 27726 27738 I art     : Starting a blocking GC Explicit
08-04 14:30:16.988 27726 27738 I art     : Explicit concurrent mark sweep GC freed 1341(78KB) AllocSpace objects, 1(20KB) LOS objects, 23% free, 52MB/68MB, paused 230us total 15.568ms
08-04 14:30:16.995 27726 27738 I art     : Starting a blocking GC Explicit
08-04 14:30:17.010 27726 27738 I art     : Explicit concurrent mark sweep GC freed 20(704B) AllocSpace objects, 0(0B) LOS objects, 23% free, 52MB/68MB, paused 229us total 15.410ms
08-04 14:30:17.017 27726 27738 I art     : Starting a blocking GC Explicit
08-04 14:30:17.032 27726 27738 I art     : Explicit concurrent mark sweep GC freed 3(96B) AllocSpace objects, 0(0B) LOS objects, 23% free, 52MB/68MB, paused 212us total 14.637ms
08-04 14:30:17.038 27726 27738 I art     : Starting a blocking GC Explicit
08-04 14:30:17.053 27726 27738 I art     : Explicit concurrent mark sweep GC freed 3(96B) AllocSpace objects, 0(0B) LOS objects, 23% free, 52MB/68MB, paused 224us total 14.690ms
08-04 14:30:17.060 27726 27738 I art     : Starting a blocking GC Explicit
08-04 14:30:17.075 27726 27738 I art     : Explicit concurrent mark sweep GC freed 3(96B) AllocSpace objects, 0(0B) LOS objects, 23% free, 52MB/68MB, paused 221us total 15.115ms
08-04 14:30:17.378 27726 27763 I art     : Starting a blocking GC Explicit
08-04 14:30:17.400 27726 27763 I art     : Explicit concurrent mark sweep GC freed 1341(78KB) AllocSpace objects, 1(20KB) LOS objects, 23% free, 52MB/68MB, paused 269us total 21.414ms
08-04 14:30:17.410 27726 27763 I art     : Starting a blocking GC Explicit
08-04 14:30:17.430 27726 27763 I art     : Explicit concurrent mark sweep GC freed 20(704B) AllocSpace objects, 0(0B) LOS objects, 23% free, 52MB/68MB, paused 252us total 19.042ms
08-04 14:30:17.439 27726 27763 I art     : Starting a blocking GC Explicit
08-04 14:30:17.454 27726 27763 I art     : Explicit concurrent mark sweep GC freed 3(96B) AllocSpace objects, 0(0B) LOS objects, 23% free, 52MB/68MB, paused 242us total 15.156ms
08-04 14:30:17.461 27726 27763 I art     : Starting a blocking GC Explicit
08-04 14:30:17.477 27726 27763 I art     : Explicit concurrent mark sweep GC freed 3(96B) AllocSpace objects, 0(0B) LOS objects, 23% free, 52MB/68MB, paused 307us total 15.712ms
08-04 14:30:17.483 27726 27763 I art     : Starting a blocking GC Explicit
08-04 14:30:17.498 27726 27763 I art     : Explicit concurrent mark sweep GC freed 3(96B) AllocSpace objects, 0(0B) LOS objects, 23% free, 52MB/68MB, paused 218us total 14.865ms
08-04 14:30:17.652 21770 21770 I ServiceManager: Waiting for service AtCmdFwd...
08-04 14:30:17.790 27726 28206 I art     : Starting a blocking GC Explicit
08-04 14:30:17.810 27726 28206 I art     : Explicit concurrent mark sweep GC freed 1341(78KB) AllocSpace objects, 1(20KB) LOS objects, 23% free, 52MB/68MB, paused 249us total 20.396ms
08-04 14:30:17.819 27726 28206 I art     : Starting a blocking GC Explicit
08-04 14:30:17.835 27726 28206 I art     : Explicit concurrent mark sweep GC freed 20(704B) AllocSpace objects, 0(0B) LOS objects, 23% free, 52MB/68MB, paused 223us total 15.308ms
08-04 14:30:17.842 27726 28206 I art     : Starting a blocking GC Explicit
08-04 14:30:17.857 27726 28206 I art     : Explicit concurrent mark sweep GC freed 3(96B) AllocSpace objects, 0(0B) LOS objects, 23% free, 52MB/68MB, paused 240us total 15.221ms
08-04 14:30:17.864 27726 28206 I art     : Starting a blocking GC Explicit
08-04 14:30:17.879 27726 28206 I art     : Explicit concurrent mark sweep GC freed 3(96B) AllocSpace objects, 0(0B) LOS objects, 23% free, 52MB/68MB, paused 220us total 15.323ms
08-04 14:30:17.886 27726 28206 I art     : Starting a blocking GC Explicit
08-04 14:30:17.901 27726 28206 I art     : Explicit concurrent mark sweep GC freed 3(96B) AllocSpace objects, 0(0B) LOS objects, 23% free, 52MB/68MB, paused 233us total 14.889ms
08-04 14:30:18.207 27726 27739 I art     : Starting a blocking GC Explicit
08-04 14:30:18.228 27726 27739 I art     : Explicit concurrent mark sweep GC freed 1341(78KB) AllocSpace objects, 1(20KB) LOS objects, 23% free, 52MB/68MB, paused 281us total 21.307ms
08-04 14:30:18.238 27726 27739 I art     : Starting a blocking GC Explicit
08-04 14:30:18.254 27726 27739 I art     : Explicit concurrent mark sweep GC freed 20(704B) AllocSpace objects, 0(0B) LOS objects, 23% free, 52MB/68MB, paused 243us total 15.450ms
08-04 14:30:18.261 27726 27739 I art     : Starting a blocking GC Explicit
08-04 14:30:18.275 27726 27739 I art     : Explicit concurrent mark sweep GC freed 3(96B) AllocSpace objects, 0(0B) LOS objects, 23% free, 52MB/68MB, paused 222us total 14.450ms
08-04 14:30:18.282 27726 27739 I art     : Starting a blocking GC Explicit
08-04 14:30:18.296 27726 27739 I art     : Explicit concurrent mark sweep GC freed 3(96B) AllocSpace objects, 0(0B) LOS objects, 23% free, 52MB/68MB, paused 232us total 14.525ms
08-04 14:30:18.303 27726 27739 I art     : Starting a blocking GC Explicit
08-04 14:30:18.318 27726 27739 I art     : Explicit concurrent mark sweep GC freed 3(96B) AllocSpace objects, 0(0B) LOS objects, 23% free, 52MB/68MB, paused 231us total 14.735ms
08-04 14:30:18.612 27726 27738 I art     : Starting a blocking GC Explicit
08-04 14:30:18.634 27726 27738 I art     : Explicit concurrent mark sweep GC freed 1341(78KB) AllocSpace objects, 1(20KB) LOS objects, 23% free, 52MB/68MB, paused 268us total 21.336ms
08-04 14:30:18.644 27726 27738 I art     : Starting a blocking GC Explicit
08-04 14:30:18.652 21770 21770 I ServiceManager: Waiting for service AtCmdFwd...
08-04 14:30:18.663 27726 27738 I art     : Explicit concurrent mark sweep GC freed 20(704B) AllocSpace objects, 0(0B) LOS objects, 23% free, 52MB/68MB, paused 246us total 18.927ms
08-04 14:30:18.674 27726 27738 I art     : Starting a blocking GC Explicit
08-04 14:30:18.690 27726 27738 I art     : Explicit concurrent mark sweep GC freed 3(96B) AllocSpace objects, 0(0B) LOS objects, 23% free, 52MB/68MB, paused 228us total 15.374ms
08-04 14:30:18.697 27726 27738 I art     : Starting a blocking GC Explicit
08-04 14:30:18.712 27726 27738 I art     : Explicit concurrent mark sweep GC freed 3(96B) AllocSpace objects, 0(0B) LOS objects, 23% free, 52MB/68MB, paused 234us total 15.401ms
08-04 14:30:18.719 27726 27738 I art     : Starting a blocking GC Explicit
08-04 14:30:18.734 27726 27738 I art     : Explicit concurrent mark sweep GC freed 3(96B) AllocSpace objects, 0(0B) LOS objects, 23% free, 52MB/68MB, paused 253us total 14.547ms
08-04 14:30:19.033 27726 27763 I art     : Starting a blocking GC Explicit
08-04 14:30:19.057 27726 27763 I art     : Explicit concurrent mark sweep GC freed 1341(78KB) AllocSpace objects, 1(20KB) LOS objects, 23% free, 52MB/68MB, paused 281us total 24.258ms
08-04 14:30:19.068 27726 27763 I art     : Starting a blocking GC Explicit
08-04 14:30:19.088 27726 27763 I art     : Explicit concurrent mark sweep GC freed 20(704B) AllocSpace objects, 0(0B) LOS objects, 23% free, 52MB/68MB, paused 226us total 19.547ms
08-04 14:30:19.095 27726 27763 I art     : Starting a blocking GC Explicit
08-04 14:30:19.110 27726 27763 I art     : Explicit concurrent mark sweep GC freed 3(96B) AllocSpace objects, 0(0B) LOS objects, 23% free, 52MB/68MB, paused 212us total 15.313ms
08-04 14:30:19.117 27726 27763 I art     : Starting a blocking GC Explicit
08-04 14:30:19.132 27726 27763 I art     : Explicit concurrent mark sweep GC freed 3(96B) AllocSpace objects, 0(0B) LOS objects, 23% free, 52MB/68MB, paused 227us total 15.413ms
08-04 14:30:19.139 27726 27763 I art     : Starting a blocking GC Explicit
08-04 14:30:19.154 27726 27763 I art     : Explicit concurrent mark sweep GC freed 3(96B) AllocSpace objects, 0(0B) LOS objects, 23% free, 52MB/68MB, paused 218us total 15.039ms
08-04 14:30:19.155 27726 27737 I art     : WaitForGcToComplete blocked for 13.961ms for cause HeapTrim
08-04 14:30:19.453 27726 28206 I art     : Starting a blocking GC Explicit
08-04 14:30:19.476 27726 28206 I art     : Explicit concurrent mark sweep GC freed 1341(78KB) AllocSpace objects, 1(20KB) LOS objects, 23% free, 52MB/68MB, paused 295us total 22.496ms
08-04 14:30:19.485 27726 28206 I art     : Starting a blocking GC Explicit
08-04 14:30:19.500 27726 28206 I art     : Explicit concurrent mark sweep GC freed 20(704B) AllocSpace objects, 0(0B) LOS objects, 23% free, 52MB/68MB, paused 233us total 15.555ms
08-04 14:30:19.508 27726 28206 I art     : Starting a blocking GC Explicit
08-04 14:30:19.522 27726 28206 I art     : Explicit concurrent mark sweep GC freed 3(96B) AllocSpace objects, 0(0B) LOS objects, 23% free, 52MB/68MB, paused 224us total 14.500ms
08-04 14:30:19.529 27726 28206 I art     : Starting a blocking GC Explicit
08-04 14:30:19.543 27726 28206 I art     : Explicit concurrent mark sweep GC freed 3(96B) AllocSpace objects, 0(0B) LOS objects, 23% free, 52MB/68MB, paused 224us total 14.575ms
08-04 14:30:19.550 27726 28206 I art     : Starting a blocking GC Explicit
08-04 14:30:19.564 27726 28206 I art     : Explicit concurrent mark sweep GC freed 3(96B) AllocSpace objects, 0(0B) LOS objects, 23% free, 52MB/68MB, paused 226us total 14.343ms
08-04 14:30:19.653 21770 21770 I ServiceManager: Waiting for service AtCmdFwd...
08-04 14:30:19.866 27726 27739 I art     : Starting a blocking GC Explicit
08-04 14:30:19.889 27726 27739 I art     : Explicit concurrent mark sweep GC freed 1341(78KB) AllocSpace objects, 1(20KB) LOS objects, 23% free, 52MB/68MB, paused 288us total 21.758ms
08-04 14:30:19.899 27726 27739 I art     : Starting a blocking GC Explicit
08-04 14:30:19.919 27726 27739 I art     : Explicit concurrent mark sweep GC freed 20(704B) AllocSpace objects, 0(0B) LOS objects, 23% free, 52MB/68MB, paused 262us total 19.043ms
08-04 14:30:19.927 27726 27739 I art     : Starting a blocking GC Explicit
08-04 14:30:19.943 27726 27739 I art     : Explicit concurrent mark sweep GC freed 3(96B) AllocSpace objects, 0(0B) LOS objects, 23% free, 52MB/68MB, paused 308us total 15.422ms
08-04 14:30:19.950 27726 27739 I art     : Starting a blocking GC Explicit
08-04 14:30:19.965 27726 27739 I art     : Explicit concurrent mark sweep GC freed 3(96B) AllocSpace objects, 0(0B) LOS objects, 23% free, 52MB/68MB, paused 227us total 15.216ms
08-04 14:30:19.971 27726 27739 I art     : Starting a blocking GC Explicit
08-04 14:30:19.986 27726 27739 I art     : Explicit concurrent mark sweep GC freed 3(96B) AllocSpace objects, 0(0B) LOS objects, 23% free, 52MB/68MB, paused 237us total 14.852ms
08-04 14:30:20.305 27726 27738 I art     : Starting a blocking GC Explicit
08-04 14:30:20.331 27726 27738 I art     : Explicit concurrent mark sweep GC freed 1341(78KB) AllocSpace objects, 1(20KB) LOS objects, 23% free, 52MB/68MB, paused 287us total 25.511ms
08-04 14:30:20.342 27726 27738 I art     : Starting a blocking GC Explicit
08-04 14:30:20.358 27726 27738 I art     : Explicit concurrent mark sweep GC freed 20(704B) AllocSpace objects, 0(0B) LOS objects, 23% free, 52MB/68MB, paused 238us total 15.356ms
08-04 14:30:20.364 27726 27738 I art     : Starting a blocking GC Explicit
08-04 14:30:20.379 27726 27738 I art     : Explicit concurrent mark sweep GC freed 3(96B) AllocSpace objects, 0(0B) LOS objects, 23% free, 52MB/68MB, paused 236us total 14.821ms
08-04 14:30:20.386 27726 27738 I art     : Starting a blocking GC Explicit
08-04 14:30:20.401 27726 27738 I art     : Explicit concurrent mark sweep GC freed 3(96B) AllocSpace objects, 0(0B) LOS objects, 23% free, 52MB/68MB, paused 238us total 14.921ms
08-04 14:30:20.408 27726 27738 I art     : Starting a blocking GC Explicit
08-04 14:30:20.423 27726 27738 I art     : Explicit concurrent mark sweep GC freed 3(96B) AllocSpace objects, 0(0B) LOS objects, 23% free, 52MB/68MB, paused 219us total 15.021ms
08-04 14:30:20.654 21770 21770 W Atfwd_Sendcmd: AtCmdFwd service not published, waiting... retryCnt : 1
08-04 14:30:20.723 27726 27763 I art     : Starting a blocking GC Explicit
08-04 14:30:20.744 27726 27763 I art     : Explicit concurrent mark sweep GC freed 1341(78KB) AllocSpace objects, 1(20KB) LOS objects, 23% free, 52MB/68MB, paused 248us total 20.555ms
08-04 14:30:20.751 27726 27763 I art     : Starting a blocking GC Explicit
08-04 14:30:20.767 27726 27763 I art     : Explicit concurrent mark sweep GC freed 20(704B) AllocSpace objects, 0(0B) LOS objects, 23% free, 52MB/68MB, paused 285us total 15.279ms
08-04 14:30:20.773 27726 27763 I art     : Starting a blocking GC Explicit
08-04 14:30:20.788 27726 27763 I art     : Explicit concurrent mark sweep GC freed 3(96B) AllocSpace objects, 0(0B) LOS objects, 23% free, 52MB/68MB, paused 224us total 14.630ms
08-04 14:30:20.795 27726 27763 I art     : Starting a blocking GC Explicit
08-04 14:30:20.809 27726 27763 I art     : Explicit concurrent mark sweep GC freed 3(96B) AllocSpace objects, 0(0B) LOS objects, 23% free, 52MB/68MB, paused 232us total 14.524ms
08-04 14:30:20.816 27726 27763 I art     : Starting a blocking GC Explicit
08-04 14:30:20.830 27726 27763 I art     : Explicit concurrent mark sweep GC freed 3(96B) AllocSpace objects, 0(0B) LOS objects, 23% free, 52MB/68MB, paused 209us total 14.151ms
08-04 14:30:21.148 27726 28206 I art     : Starting a blocking GC Explicit
08-04 14:30:21.166 27726 28206 I art     : Explicit concurrent mark sweep GC freed 1341(78KB) AllocSpace objects, 1(20KB) LOS objects, 23% free, 52MB/68MB, paused 275us total 17.021ms
08-04 14:30:21.173 27726 28206 I art     : Starting a blocking GC Explicit
08-04 14:30:21.188 27726 28206 I art     : Explicit concurrent mark sweep GC freed 20(704B) AllocSpace objects, 0(0B) LOS objects, 23% free, 52MB/68MB, paused 216us total 15.338ms
08-04 14:30:21.194 27726 28206 I art     : Starting a blocking GC Explicit
08-04 14:30:21.208 27726 28206 I art     : Explicit concurrent mark sweep GC freed 3(96B) AllocSpace objects, 0(0B) LOS objects, 23% free, 52MB/68MB, paused 229us total 13.808ms
08-04 14:30:21.214 27726 28206 I art     : Starting a blocking GC Explicit
08-04 14:30:21.228 27726 28206 I art     : Explicit concurrent mark sweep GC freed 3(96B) AllocSpace objects, 0(0B) LOS objects, 23% free, 52MB/68MB, paused 241us total 13.640ms
08-04 14:30:21.234 27726 28206 I art     : Starting a blocking GC Explicit
08-04 14:30:21.248 27726 28206 I art     : Explicit concurrent mark sweep GC freed 3(96B) AllocSpace objects, 0(0B) LOS objects, 23% free, 52MB/68MB, paused 222us total 13.694ms
08-04 14:30:21.426 28513 28513 D AndroidRuntime: >>>>>> START com.android.internal.os.RuntimeInit uid 2000 <<<<<<
08-04 14:30:21.430 28513 28513 D AndroidRuntime: CheckJNI is OFF
08-04 14:30:21.455 28513 28513 D ICU     : No timezone override file found: /data/misc/zoneinfo/current/icu/icu_tzdata.dat
08-04 14:30:21.479 28513 28513 I Radio-JNI: register_android_hardware_Radio DONE
08-04 14:30:21.495 28513 28513 D AndroidRuntime: Calling main entry com.android.commands.input.Input
08-04 14:30:21.507 28513 28513 I Input   : injectKeyEvent: KeyEvent { action=ACTION_DOWN, keyCode=KEYCODE_BACK, scanCode=0, metaState=0, flags=0x0, repeatCount=0, eventTime=714637920, downTime=714637920, deviceId=-1, source=0x101 }
08-04 14:30:21.516 28513 28513 I Input   : injectKeyEvent: KeyEvent { action=ACTION_UP, keyCode=KEYCODE_BACK, scanCode=0, metaState=0, flags=0x0, repeatCount=0, eventTime=714637920, downTime=714637920, deviceId=-1, source=0x101 }
08-04 14:30:21.521 28513 28513 D AndroidRuntime: Shutting down VM
08-04 14:30:21.531 27726 28206 I art     : Starting a blocking GC Explicit
08-04 14:30:21.547 27726 28206 I art     : Explicit concurrent mark sweep GC freed 1486(85KB) AllocSpace objects, 1(20KB) LOS objects, 23% free, 52MB/68MB, paused 309us total 15.273ms
08-04 14:30:21.554 27726 28206 I art     : Starting a blocking GC Explicit
08-04 14:30:21.559 13866 13866 I GoogleInputMethodServic: GoogleInputMethodService.onFinishInput():3138 
08-04 14:30:21.560 13866 13866 I GoogleInputMethodServic: GoogleInputMethodService.onStartInput():1808 
08-04 14:30:21.568 27726 28206 I art     : Explicit concurrent mark sweep GC freed 42(1584B) AllocSpace objects, 0(0B) LOS objects, 23% free, 52MB/68MB, paused 301us total 14.285ms
08-04 14:30:21.575 27726 28206 I art     : Starting a blocking GC Explicit
08-04 14:30:21.589 27726 28206 I art     : Explicit concurrent mark sweep GC freed 14(480B) AllocSpace objects, 0(0B) LOS objects, 23% free, 52MB/68MB, paused 218us total 14.026ms
08-04 14:30:21.595 27726 28206 I art     : Starting a blocking GC Explicit
08-04 14:30:21.608 27726 28206 I art     : Explicit concurrent mark sweep GC freed 5(176B) AllocSpace objects, 0(0B) LOS objects, 23% free, 52MB/68MB, paused 225us total 12.785ms
08-04 14:30:21.614 27726 28206 I art     : Starting a blocking GC Explicit
08-04 14:30:21.628 27726 28206 I art     : Explicit concurrent mark sweep GC freed 3(96B) AllocSpace objects, 0(0B) LOS objects, 23% free, 52MB/68MB, paused 228us total 13.095ms
08-04 14:30:21.845   380   380 W SurfaceFlinger: couldn't log to binary event log: overflow.
08-04 14:30:21.865 27726 28206 I art     : Starting a blocking GC Explicit
08-04 14:30:21.879 27726 28206 I art     : Explicit concurrent mark sweep GC freed 1451(87KB) AllocSpace objects, 1(20KB) LOS objects, 23% free, 52MB/68MB, paused 233us total 13.726ms
08-04 14:30:21.885 27726 28206 I art     : Starting a blocking GC Explicit
08-04 14:30:21.899 27726 28206 I art     : Explicit concurrent mark sweep GC freed 1672(107KB) AllocSpace objects, 3(400KB) LOS objects, 23% free, 51MB/67MB, paused 219us total 13.906ms
08-04 14:30:21.905 27726 28206 I art     : Starting a blocking GC Explicit
08-04 14:30:21.919 27726 28206 I art     : Explicit concurrent mark sweep GC freed 3(96B) AllocSpace objects, 0(0B) LOS objects, 23% free, 51MB/67MB, paused 227us total 13.545ms
08-04 14:30:21.925 27726 28206 I art     : Starting a blocking GC Explicit
08-04 14:30:21.938 27726 28206 I art     : Explicit concurrent mark sweep GC freed 3(96B) AllocSpace objects, 0(0B) LOS objects, 23% free, 51MB/67MB, paused 224us total 13.413ms
08-04 14:30:21.944 27726 28206 I art     : Starting a blocking GC Explicit
08-04 14:30:21.959 27726 28206 I art     : Explicit concurrent mark sweep GC freed 3(96B) AllocSpace objects, 0(0B) LOS objects, 23% free, 51MB/67MB, paused 237us total 14.816ms
08-04 14:30:22.226 27726 27763 I art     : Starting a blocking GC Explicit
08-04 14:30:22.239 27726 27763 I art     : Explicit concurrent mark sweep GC freed 1341(78KB) AllocSpace objects, 1(20KB) LOS objects, 23% free, 51MB/67MB, paused 206us total 12.846ms
08-04 14:30:22.244 27726 27763 I art     : Starting a blocking GC Explicit
08-04 14:30:22.258 27726 27763 I art     : Explicit concurrent mark sweep GC freed 26(928B) AllocSpace objects, 0(0B) LOS objects, 23% free, 51MB/67MB, paused 219us total 13.922ms
08-04 14:30:22.264 27726 27763 I art     : Starting a blocking GC Explicit
08-04 14:30:22.278 27726 27763 I art     : Explicit concurrent mark sweep GC freed 3(96B) AllocSpace objects, 0(0B) LOS objects, 23% free, 51MB/67MB, paused 226us total 13.585ms
08-04 14:30:22.284 27726 27763 I art     : Starting a blocking GC Explicit
08-04 14:30:22.299 27726 27763 I art     : Explicit concurrent mark sweep GC freed 3(96B) AllocSpace objects, 0(0B) LOS objects, 23% free, 51MB/67MB, paused 221us total 14.217ms
08-04 14:30:22.305 27726 27763 I art     : Starting a blocking GC Explicit
08-04 14:30:22.319 27726 27763 I art     : Explicit concurrent mark sweep GC freed 3(96B) AllocSpace objects, 0(0B) LOS objects, 23% free, 51MB/67MB, paused 216us total 14.258ms
08-04 14:30:22.600 27726 27739 I art     : Starting a blocking GC Explicit
08-04 14:30:22.618 27726 27739 I art     : Explicit concurrent mark sweep GC freed 1340(78KB) AllocSpace objects, 1(20KB) LOS objects, 23% free, 51MB/67MB, paused 244us total 17.364ms
08-04 14:30:22.628 27726 27739 I art     : Starting a blocking GC Explicit
08-04 14:30:22.645 27726 27739 I art     : Explicit concurrent mark sweep GC freed 20(704B) AllocSpace objects, 0(0B) LOS objects, 23% free, 51MB/67MB, paused 246us total 16.027ms
08-04 14:30:22.651 27726 27739 I art     : Starting a blocking GC Explicit
08-04 14:30:22.665 27726 27739 I art     : Explicit concurrent mark sweep GC freed 3(96B) AllocSpace objects, 0(0B) LOS objects, 23% free, 51MB/67MB, paused 229us total 13.929ms
08-04 14:30:22.672 27726 27739 I art     : Starting a blocking GC Explicit
08-04 14:30:22.686 27726 27739 I art     : Explicit concurrent mark sweep GC freed 3(96B) AllocSpace objects, 0(0B) LOS objects, 23% free, 51MB/67MB, paused 236us total 14.055ms
08-04 14:30:22.692 27726 27739 I art     : Starting a blocking GC Explicit
08-04 14:30:22.707 27726 27739 I art     : Explicit concurrent mark sweep GC freed 3(96B) AllocSpace objects, 0(0B) LOS objects, 23% free, 51MB/67MB, paused 290us total 14.174ms
08-04 14:30:22.956 27726 27738 I art     : Starting a blocking GC Explicit
08-04 14:30:22.971 27726 27738 I art     : Explicit concurrent mark sweep GC freed 1340(78KB) AllocSpace objects, 1(20KB) LOS objects, 23% free, 51MB/67MB, paused 232us total 15.064ms
08-04 14:30:22.979 27726 27738 I art     : Starting a blocking GC Explicit
08-04 14:30:22.992 27726 27738 I art     : Explicit concurrent mark sweep GC freed 20(704B) AllocSpace objects, 0(0B) LOS objects, 23% free, 51MB/67MB, paused 220us total 13.435ms
08-04 14:30:22.998 27726 27738 I art     : Starting a blocking GC Explicit
08-04 14:30:23.012 27726 27738 I art     : Explicit concurrent mark sweep GC freed 3(96B) AllocSpace objects, 0(0B) LOS objects, 23% free, 51MB/67MB, paused 223us total 13.096ms
08-04 14:30:23.018 27726 27738 I art     : Starting a blocking GC Explicit
08-04 14:30:23.032 27726 27738 I art     : Explicit concurrent mark sweep GC freed 3(96B) AllocSpace objects, 0(0B) LOS objects, 23% free, 51MB/67MB, paused 230us total 13.864ms
08-04 14:30:23.038 27726 27738 I art     : Starting a blocking GC Explicit
08-04 14:30:23.052 27726 27738 I art     : Explicit concurrent mark sweep GC freed 3(96B) AllocSpace objects, 0(0B) LOS objects, 23% free, 51MB/67MB, paused 227us total 13.528ms
08-04 14:30:23.074 28566 28566 D AndroidRuntime: >>>>>> START com.android.internal.os.RuntimeInit uid 2000 <<<<<<
08-04 14:30:23.079 28566 28566 D AndroidRuntime: CheckJNI is OFF
08-04 14:30:23.104 28566 28566 D ICU     : No timezone override file found: /data/misc/zoneinfo/current/icu/icu_tzdata.dat
08-04 14:30:23.129 28566 28566 I Radio-JNI: register_android_hardware_Radio DONE
08-04 14:30:23.145 28566 28566 D AndroidRuntime: Calling main entry com.android.commands.input.Input
08-04 14:30:23.147 28566 28566 I Input   : injectMotionEvent: MotionEvent { action=ACTION_DOWN, actionButton=0, id[0]=0, x[0]=733.0, y[0]=1370.0, toolType[0]=TOOL_TYPE_UNKNOWN, buttonState=0, metaState=0, flags=0x0, edgeFlags=0x0, pointerCount=1, historySize=0, eventTime=714639560, downTime=714639560, deviceId=0, source=0x1002 }
08-04 14:30:23.152 28566 28566 I Input   : injectMotionEvent: MotionEvent { action=ACTION_UP, actionButton=0, id[0]=0, x[0]=733.0, y[0]=1370.0, toolType[0]=TOOL_TYPE_UNKNOWN, buttonState=0, metaState=0, flags=0x0, edgeFlags=0x0, pointerCount=1, historySize=0, eventTime=714639560, downTime=714639560, deviceId=0, source=0x1002 }
08-04 14:30:23.153   918  3696 I ActivityManager: START u0 {cmp=baseline.appteam.nith.hillffair/.activities.ClubActivity (has extras)} from uid 10651 on display 0
08-04 14:30:23.161 28566 28566 D AndroidRuntime: Shutting down VM
08-04 14:30:23.255 13866 13866 I GoogleInputMethodServic: GoogleInputMethodService.onFinishInput():3138 
08-04 14:30:23.255   918   936 I ActivityManager: Displayed baseline.appteam.nith.hillffair/.activities.ClubActivity: +93ms
08-04 14:30:23.257 13866 13866 I GoogleInputMethodServic: GoogleInputMethodService.onStartInput():1808 
08-04 14:30:23.290 27726 27739 I art     : Starting a blocking GC Explicit
08-04 14:30:23.308 27726 27739 I art     : Explicit concurrent mark sweep GC freed 4976(290KB) AllocSpace objects, 1(20KB) LOS objects, 23% free, 52MB/68MB, paused 314us total 17.923ms
08-04 14:30:23.317 27726 27739 I art     : Starting a blocking GC Explicit
08-04 14:30:23.330 27726 27739 I art     : Explicit concurrent mark sweep GC freed 211(9KB) AllocSpace objects, 0(0B) LOS objects, 23% free, 52MB/68MB, paused 270us total 13.280ms
08-04 14:30:23.337 27726 27739 I art     : Starting a blocking GC Explicit
08-04 14:30:23.350 27726 27739 I art     : Explicit concurrent mark sweep GC freed 3(96B) AllocSpace objects, 0(0B) LOS objects, 23% free, 52MB/68MB, paused 254us total 13.378ms
08-04 14:30:23.356 27726 27739 I art     : Starting a blocking GC Explicit
08-04 14:30:23.370 27726 27739 I art     : Explicit concurrent mark sweep GC freed 3(96B) AllocSpace objects, 0(0B) LOS objects, 23% free, 52MB/68MB, paused 274us total 13.380ms
08-04 14:30:23.376 27726 27739 I art     : Starting a blocking GC Explicit
08-04 14:30:23.389 27726 27739 I art     : Explicit concurrent mark sweep GC freed 3(96B) AllocSpace objects, 0(0B) LOS objects, 23% free, 52MB/68MB, paused 244us total 13.156ms
08-04 14:30:23.403   918  3261 D WifiStateMachine: starting scan for "H369AA63323"WPA_PSK with 2412,5180
08-04 14:30:23.514   380   380 W SurfaceFlinger: couldn't log to binary event log: overflow.
08-04 14:30:23.626 27726 28206 I art     : Starting a blocking GC Explicit
08-04 14:30:23.642 27726 28206 I art     : Explicit concurrent mark sweep GC freed 1432(83KB) AllocSpace objects, 1(20KB) LOS objects, 23% free, 52MB/68MB, paused 270us total 15.947ms
08-04 14:30:23.649 27726 28206 I art     : Starting a blocking GC Explicit
08-04 14:30:23.664 27726 28206 I art     : Explicit concurrent mark sweep GC freed 33(1216B) AllocSpace objects, 0(0B) LOS objects, 23% free, 52MB/68MB, paused 244us total 15.133ms
08-04 14:30:23.670 27726 28206 I art     : Starting a blocking GC Explicit
08-04 14:30:23.684 27726 28206 I art     : Explicit concurrent mark sweep GC freed 11(416B) AllocSpace objects, 0(0B) LOS objects, 23% free, 52MB/68MB, paused 247us total 13.357ms
08-04 14:30:23.690 27726 28206 I art     : Starting a blocking GC Explicit
08-04 14:30:23.703 27726 28206 I art     : Explicit concurrent mark sweep GC freed 10(352B) AllocSpace objects, 0(0B) LOS objects, 23% free, 52MB/68MB, paused 249us total 13.197ms
08-04 14:30:23.709 27726 28206 I art     : Starting a blocking GC Explicit
08-04 14:30:23.722 27726 28206 I art     : Explicit concurrent mark sweep GC freed 8(288B) AllocSpace objects, 0(0B) LOS objects, 23% free, 52MB/68MB, paused 246us total 13.002ms
08-04 14:30:23.867   918  3188 I hubconnection: sensorhub said: 'set_bias 3: -6.2400, 0.0000, 0.0000'
08-04 14:30:23.992 27726 27763 I art     : Starting a blocking GC Explicit
08-04 14:30:24.003 27726 28591 D OkHttp  : --> GET https://api-hillfair-2k16.herokuapp.com/api/app/events/special/event?id=580655cddcba0f490c70fdd0 http/1.1
08-04 14:30:24.010 27726 27763 I art     : Explicit concurrent mark sweep GC freed 3974(213KB) AllocSpace objects, 3(140KB) LOS objects, 23% free, 52MB/68MB, paused 325us total 17.615ms
08-04 14:30:24.018 27726 27763 I art     : Starting a blocking GC Explicit
08-04 14:30:24.033 27726 27763 I art     : Explicit concurrent mark sweep GC freed 1003(118KB) AllocSpace objects, 1(80KB) LOS objects, 23% free, 52MB/68MB, paused 371us total 14.841ms
08-04 14:30:24.034 27726 28591 D OkHttp  : <-- 200 OK https://api-hillfair-2k16.herokuapp.com/api/app/events/special/event?id=580655cddcba0f490c70fdd0 (30ms, 721-byte body)
08-04 14:30:24.039 27726 27763 I art     : Starting a blocking GC Explicit
08-04 14:30:24.054 27726 27763 I art     : Explicit concurrent mark sweep GC freed 215(37KB) AllocSpace objects, 0(0B) LOS objects, 23% free, 52MB/68MB, paused 258us total 14.744ms
08-04 14:30:24.060 27726 27763 I art     : Starting a blocking GC Explicit
08-04 14:30:24.074 27726 27763 I art     : Explicit concurrent mark sweep GC freed 32(1280B) AllocSpace objects, 0(0B) LOS objects, 23% free, 52MB/68MB, paused 262us total 13.617ms
08-04 14:30:24.080 27726 27763 I art     : Starting a blocking GC Explicit
08-04 14:30:24.093 27726 27763 I art     : Explicit concurrent mark sweep GC freed 79(4KB) AllocSpace objects, 0(0B) LOS objects, 23% free, 52MB/68MB, paused 261us total 13.600ms
08-04 14:30:24.099 27726 27726 I NAPPA_EXPERIMENTATION: MetricNetworkRequestExecutionTime: REQUEST_DURATION_SYSTEM='912',REQUEST_DURATION_OKHTTP='31',REQUEST_SYNCHRONOUS='FALSE',RESPONSE_CODE='200',RESPONSE_METHOD='GET',RESPONSE_LENGTH_OKHTTP='721',RESPONSE_LENGTH_HEADER='721',REQUEST_PROTOCOL='http/1.1',REQUEST_URL='https://api-hillfair-2k16.herokuapp.com/api/app/events/special/event?id=580655cddcba0f490c70fdd0',
08-04 14:30:24.383 27726 27763 I art     : Starting a blocking GC Explicit
08-04 14:30:24.402 27726 27763 I art     : Explicit concurrent mark sweep GC freed 1891(161KB) AllocSpace objects, 1(20KB) LOS objects, 23% free, 52MB/68MB, paused 250us total 18.900ms
08-04 14:30:24.409 27726 27763 I art     : Starting a blocking GC Explicit
08-04 14:30:24.425 27726 27763 I art     : Explicit concurrent mark sweep GC freed 64(2112B) AllocSpace objects, 0(0B) LOS objects, 23% free, 52MB/68MB, paused 245us total 15.685ms
08-04 14:30:24.432 27726 27763 I art     : Starting a blocking GC Explicit
08-04 14:30:24.447 27726 27763 I art     : Explicit concurrent mark sweep GC freed 3(96B) AllocSpace objects, 0(0B) LOS objects, 23% free, 52MB/68MB, paused 257us total 14.713ms
08-04 14:30:24.454 27726 27763 I art     : Starting a blocking GC Explicit
08-04 14:30:24.468 27726 27763 I art     : Explicit concurrent mark sweep GC freed 3(96B) AllocSpace objects, 0(0B) LOS objects, 23% free, 52MB/68MB, paused 231us total 14.098ms
08-04 14:30:24.474 27726 27763 I art     : Starting a blocking GC Explicit
08-04 14:30:24.489 27726 27763 I art     : Explicit concurrent mark sweep GC freed 3(96B) AllocSpace objects, 0(0B) LOS objects, 23% free, 52MB/68MB, paused 241us total 14.140ms
08-04 14:30:24.489 27726 27737 I art     : WaitForGcToComplete blocked for 13.062ms for cause HeapTrim
08-04 14:30:24.764 27726 28206 I art     : Starting a blocking GC Explicit
08-04 14:30:24.791 27726 28206 I art     : Explicit concurrent mark sweep GC freed 1357(78KB) AllocSpace objects, 1(20KB) LOS objects, 23% free, 52MB/68MB, paused 338us total 26.228ms
08-04 14:30:24.805 27726 28206 I art     : Starting a blocking GC Explicit
08-04 14:30:24.825 27726 28206 I art     : Explicit concurrent mark sweep GC freed 20(704B) AllocSpace objects, 0(0B) LOS objects, 23% free, 52MB/68MB, paused 268us total 19.317ms
08-04 14:30:24.834 27726 28206 I art     : Starting a blocking GC Explicit
08-04 14:30:24.851 27726 28206 I art     : Explicit concurrent mark sweep GC freed 3(96B) AllocSpace objects, 0(0B) LOS objects, 23% free, 52MB/68MB, paused 256us total 16.290ms
08-04 14:30:24.858 27726 28206 I art     : Starting a blocking GC Explicit
08-04 14:30:24.874 27726 28206 I art     : Explicit concurrent mark sweep GC freed 3(96B) AllocSpace objects, 0(0B) LOS objects, 23% free, 52MB/68MB, paused 249us total 15.732ms
08-04 14:30:24.880 27726 28206 I art     : Starting a blocking GC Explicit
08-04 14:30:24.896 27726 28206 I art     : Explicit concurrent mark sweep GC freed 3(96B) AllocSpace objects, 0(0B) LOS objects, 23% free, 52MB/68MB, paused 292us total 15.370ms
08-04 14:30:25.212 27726 27739 I art     : Starting a blocking GC Explicit
08-04 14:30:25.238 27726 27739 I art     : Explicit concurrent mark sweep GC freed 1341(78KB) AllocSpace objects, 1(20KB) LOS objects, 23% free, 52MB/68MB, paused 292us total 25.547ms
08-04 14:30:25.249 27726 27739 I art     : Starting a blocking GC Explicit
08-04 14:30:25.265 27726 27739 I art     : Explicit concurrent mark sweep GC freed 20(704B) AllocSpace objects, 0(0B) LOS objects, 23% free, 52MB/68MB, paused 242us total 16.055ms
08-04 14:30:25.272 27726 27739 I art     : Starting a blocking GC Explicit
08-04 14:30:25.287 27726 27739 I art     : Explicit concurrent mark sweep GC freed 3(96B) AllocSpace objects, 0(0B) LOS objects, 23% free, 52MB/68MB, paused 250us total 15.306ms
08-04 14:30:25.294 27726 27739 I art     : Starting a blocking GC Explicit
08-04 14:30:25.309 27726 27739 I art     : Explicit concurrent mark sweep GC freed 3(96B) AllocSpace objects, 0(0B) LOS objects, 23% free, 52MB/68MB, paused 235us total 15.199ms
08-04 14:30:25.316 27726 27739 I art     : Starting a blocking GC Explicit
08-04 14:30:25.331 27726 27739 I art     : Explicit concurrent mark sweep GC freed 3(96B) AllocSpace objects, 0(0B) LOS objects, 23% free, 52MB/68MB, paused 232us total 14.882ms
08-04 14:30:25.624 27726 27763 I art     : Starting a blocking GC Explicit
08-04 14:30:25.642 27726 27763 I art     : Explicit concurrent mark sweep GC freed 1341(78KB) AllocSpace objects, 1(20KB) LOS objects, 23% free, 52MB/68MB, paused 259us total 17.622ms
08-04 14:30:25.649 27726 27763 I art     : Starting a blocking GC Explicit
08-04 14:30:25.655 21770 21770 I ServiceManager: Waiting for service AtCmdFwd...
08-04 14:30:25.665 27726 27763 I art     : Explicit concurrent mark sweep GC freed 20(704B) AllocSpace objects, 0(0B) LOS objects, 23% free, 52MB/68MB, paused 248us total 15.567ms
08-04 14:30:25.672 27726 27763 I art     : Starting a blocking GC Explicit
08-04 14:30:25.688 27726 27763 I art     : Explicit concurrent mark sweep GC freed 3(96B) AllocSpace objects, 0(0B) LOS objects, 23% free, 52MB/68MB, paused 243us total 15.750ms
08-04 14:30:25.694 27726 27763 I art     : Starting a blocking GC Explicit
08-04 14:30:25.710 27726 27763 I art     : Explicit concurrent mark sweep GC freed 3(96B) AllocSpace objects, 0(0B) LOS objects, 23% free, 52MB/68MB, paused 252us total 15.861ms
08-04 14:30:25.717 27726 27763 I art     : Starting a blocking GC Explicit
08-04 14:30:25.733 27726 27763 I art     : Explicit concurrent mark sweep GC freed 3(96B) AllocSpace objects, 0(0B) LOS objects, 23% free, 52MB/68MB, paused 259us total 15.725ms
08-04 14:30:26.044 27726 27738 I art     : Starting a blocking GC Explicit
08-04 14:30:26.070 27726 27738 I art     : Explicit concurrent mark sweep GC freed 1341(78KB) AllocSpace objects, 1(20KB) LOS objects, 23% free, 52MB/68MB, paused 310us total 26.005ms
08-04 14:30:26.082 27726 27738 I art     : Starting a blocking GC Explicit
08-04 14:30:26.097 27726 27738 I art     : Explicit concurrent mark sweep GC freed 20(704B) AllocSpace objects, 0(0B) LOS objects, 23% free, 52MB/68MB, paused 230us total 14.868ms
08-04 14:30:26.104 27726 27738 I art     : Starting a blocking GC Explicit
08-04 14:30:26.119 27726 27738 I art     : Explicit concurrent mark sweep GC freed 3(96B) AllocSpace objects, 0(0B) LOS objects, 23% free, 52MB/68MB, paused 243us total 15.017ms
08-04 14:30:26.125 27726 27738 I art     : Starting a blocking GC Explicit
08-04 14:30:26.141 27726 27738 I art     : Explicit concurrent mark sweep GC freed 3(96B) AllocSpace objects, 0(0B) LOS objects, 23% free, 52MB/68MB, paused 238us total 15.064ms
08-04 14:30:26.147 27726 27738 I art     : Starting a blocking GC Explicit
08-04 14:30:26.162 27726 27738 I art     : Explicit concurrent mark sweep GC freed 3(96B) AllocSpace objects, 0(0B) LOS objects, 23% free, 52MB/68MB, paused 237us total 14.948ms
08-04 14:30:26.490 27726 28206 I art     : Starting a blocking GC Explicit
08-04 14:30:26.513 27726 28206 I art     : Explicit concurrent mark sweep GC freed 1341(78KB) AllocSpace objects, 1(20KB) LOS objects, 23% free, 52MB/68MB, paused 302us total 22.808ms
08-04 14:30:26.524 27726 28206 I art     : Starting a blocking GC Explicit
08-04 14:30:26.539 27726 28206 I art     : Explicit concurrent mark sweep GC freed 20(704B) AllocSpace objects, 0(0B) LOS objects, 23% free, 52MB/68MB, paused 284us total 15.163ms
08-04 14:30:26.546 27726 28206 I art     : Starting a blocking GC Explicit
08-04 14:30:26.561 27726 28206 I art     : Explicit concurrent mark sweep GC freed 3(96B) AllocSpace objects, 0(0B) LOS objects, 23% free, 52MB/68MB, paused 245us total 14.883ms
08-04 14:30:26.567 27726 28206 I art     : Starting a blocking GC Explicit
08-04 14:30:26.582 27726 28206 I art     : Explicit concurrent mark sweep GC freed 3(96B) AllocSpace objects, 0(0B) LOS objects, 23% free, 52MB/68MB, paused 234us total 14.845ms
08-04 14:30:26.589 27726 28206 I art     : Starting a blocking GC Explicit
08-04 14:30:26.604 27726 28206 I art     : Explicit concurrent mark sweep GC freed 3(96B) AllocSpace objects, 0(0B) LOS objects, 23% free, 52MB/68MB, paused 226us total 14.891ms
08-04 14:30:26.655 21770 21770 I ServiceManager: Waiting for service AtCmdFwd...
08-04 14:30:26.910 27726 27739 I art     : Starting a blocking GC Explicit
08-04 14:30:26.932 27726 27739 I art     : Explicit concurrent mark sweep GC freed 1341(78KB) AllocSpace objects, 1(20KB) LOS objects, 23% free, 52MB/68MB, paused 285us total 22.282ms
08-04 14:30:26.942 27726 27739 I art     : Starting a blocking GC Explicit
08-04 14:30:26.959 27726 27739 I art     : Explicit concurrent mark sweep GC freed 20(704B) AllocSpace objects, 0(0B) LOS objects, 23% free, 52MB/68MB, paused 247us total 15.898ms
08-04 14:30:26.965 27726 27739 I art     : Starting a blocking GC Explicit
08-04 14:30:26.981 27726 27739 I art     : Explicit concurrent mark sweep GC freed 3(96B) AllocSpace objects, 0(0B) LOS objects, 23% free, 52MB/68MB, paused 249us total 15.763ms
08-04 14:30:26.988 27726 27739 I art     : Starting a blocking GC Explicit
08-04 14:30:27.004 27726 27739 I art     : Explicit concurrent mark sweep GC freed 3(96B) AllocSpace objects, 0(0B) LOS objects, 23% free, 52MB/68MB, paused 248us total 15.328ms
08-04 14:30:27.010 27726 27739 I art     : Starting a blocking GC Explicit
08-04 14:30:27.026 27726 27739 I art     : Explicit concurrent mark sweep GC freed 3(96B) AllocSpace objects, 0(0B) LOS objects, 23% free, 52MB/68MB, paused 240us total 15.421ms
08-04 14:30:27.323 27726 27763 I art     : Starting a blocking GC Explicit
08-04 14:30:27.345 27726 27763 I art     : Explicit concurrent mark sweep GC freed 1341(78KB) AllocSpace objects, 1(20KB) LOS objects, 23% free, 52MB/68MB, paused 304us total 21.868ms
08-04 14:30:27.354 27726 27763 I art     : Starting a blocking GC Explicit
08-04 14:30:27.370 27726 27763 I art     : Explicit concurrent mark sweep GC freed 20(704B) AllocSpace objects, 0(0B) LOS objects, 23% free, 52MB/68MB, paused 251us total 15.690ms
08-04 14:30:27.377 27726 27763 I art     : Starting a blocking GC Explicit
08-04 14:30:27.391 27726 27763 I art     : Explicit concurrent mark sweep GC freed 3(96B) AllocSpace objects, 0(0B) LOS objects, 23% free, 52MB/68MB, paused 221us total 14.240ms
08-04 14:30:27.398 27726 27763 I art     : Starting a blocking GC Explicit
08-04 14:30:27.412 27726 27763 I art     : Explicit concurrent mark sweep GC freed 3(96B) AllocSpace objects, 0(0B) LOS objects, 23% free, 52MB/68MB, paused 274us total 14.218ms
08-04 14:30:27.419 27726 27763 I art     : Starting a blocking GC Explicit
08-04 14:30:27.433 27726 27763 I art     : Explicit concurrent mark sweep GC freed 3(96B) AllocSpace objects, 0(0B) LOS objects, 23% free, 52MB/68MB, paused 224us total 13.981ms
08-04 14:30:27.656 21770 21770 I ServiceManager: Waiting for service AtCmdFwd...
08-04 14:30:27.715 27726 27738 I art     : Starting a blocking GC Explicit
08-04 14:30:27.728 28703 28703 D AndroidRuntime: >>>>>> START com.android.internal.os.RuntimeInit uid 2000 <<<<<<
08-04 14:30:27.732 27726 27738 I art     : Explicit concurrent mark sweep GC freed 1341(78KB) AllocSpace objects, 1(20KB) LOS objects, 23% free, 52MB/68MB, paused 262us total 15.920ms
08-04 14:30:27.732 28703 28703 D AndroidRuntime: CheckJNI is OFF
08-04 14:30:27.739 27726 27738 I art     : Starting a blocking GC Explicit
08-04 14:30:27.753 27726 27738 I art     : Explicit concurrent mark sweep GC freed 20(704B) AllocSpace objects, 0(0B) LOS objects, 23% free, 52MB/68MB, paused 230us total 14.663ms
08-04 14:30:27.759 27726 27738 I art     : Starting a blocking GC Explicit
08-04 14:30:27.760 28703 28703 D ICU     : No timezone override file found: /data/misc/zoneinfo/current/icu/icu_tzdata.dat
08-04 14:30:27.773 27726 27738 I art     : Explicit concurrent mark sweep GC freed 3(96B) AllocSpace objects, 0(0B) LOS objects, 23% free, 52MB/68MB, paused 282us total 13.353ms
08-04 14:30:27.779 27726 27738 I art     : Starting a blocking GC Explicit
08-04 14:30:27.785 28703 28703 I Radio-JNI: register_android_hardware_Radio DONE
08-04 14:30:27.792 27726 27738 I art     : Explicit concurrent mark sweep GC freed 3(96B) AllocSpace objects, 0(0B) LOS objects, 23% free, 52MB/68MB, paused 246us total 13.569ms
08-04 14:30:27.798 27726 27738 I art     : Starting a blocking GC Explicit
08-04 14:30:27.801 28703 28703 D AndroidRuntime: Calling main entry com.android.commands.input.Input
08-04 14:30:27.802 28703 28703 I Input   : injectKeyEvent: KeyEvent { action=ACTION_DOWN, keyCode=KEYCODE_BACK, scanCode=0, metaState=0, flags=0x0, repeatCount=0, eventTime=714644215, downTime=714644215, deviceId=-1, source=0x101 }
08-04 14:30:27.808 28703 28703 I Input   : injectKeyEvent: KeyEvent { action=ACTION_UP, keyCode=KEYCODE_BACK, scanCode=0, metaState=0, flags=0x0, repeatCount=0, eventTime=714644215, downTime=714644215, deviceId=-1, source=0x101 }
08-04 14:30:27.812 27726 27738 I art     : Explicit concurrent mark sweep GC freed 5(208B) AllocSpace objects, 0(0B) LOS objects, 23% free, 52MB/68MB, paused 293us total 13.703ms
08-04 14:30:27.813 28703 28703 D AndroidRuntime: Shutting down VM
08-04 14:30:27.826   918   937 W ProcessCpuTracker: Skipping unknown process pid 28711
08-04 14:30:27.827   918   937 W ProcessCpuTracker: Skipping unknown process pid 28713
08-04 14:30:27.827   918   937 W ProcessCpuTracker: Skipping unknown process pid 28714
08-04 14:30:27.846 13866 13866 I GoogleInputMethodServic: GoogleInputMethodService.onFinishInput():3138 
08-04 14:30:27.847 13866 13866 I GoogleInputMethodServic: GoogleInputMethodService.onStartInput():1808 
08-04 14:30:28.054 27726 27739 I art     : Starting a blocking GC Explicit
08-04 14:30:28.070 27726 27739 I art     : Explicit concurrent mark sweep GC freed 1509(85KB) AllocSpace objects, 1(20KB) LOS objects, 23% free, 52MB/68MB, paused 232us total 15.083ms
08-04 14:30:28.078 27726 27739 I art     : Starting a blocking GC Explicit
08-04 14:30:28.096 27726 27739 I art     : Explicit concurrent mark sweep GC freed 26(944B) AllocSpace objects, 0(0B) LOS objects, 23% free, 52MB/68MB, paused 330us total 18.629ms
08-04 14:30:28.103 27726 27739 I art     : Starting a blocking GC Explicit
08-04 14:30:28.122 27726 27739 I art     : Explicit concurrent mark sweep GC freed 3(96B) AllocSpace objects, 0(0B) LOS objects, 23% free, 52MB/68MB, paused 245us total 18.932ms
08-04 14:30:28.130 27726 27739 I art     : Starting a blocking GC Explicit
08-04 14:30:28.136   380   380 W SurfaceFlinger: couldn't log to binary event log: overflow.
08-04 14:30:28.147 27726 27739 I art     : Explicit concurrent mark sweep GC freed 110(8KB) AllocSpace objects, 0(0B) LOS objects, 23% free, 52MB/68MB, paused 285us total 17.117ms
08-04 14:30:28.153 27726 27739 I art     : Starting a blocking GC Explicit
08-04 14:30:28.167 27726 27739 I art     : Explicit concurrent mark sweep GC freed 9(368B) AllocSpace objects, 0(0B) LOS objects, 23% free, 52MB/68MB, paused 245us total 13.130ms
08-04 14:30:28.444 27726 27738 I art     : Starting a blocking GC Explicit
08-04 14:30:28.466 27726 27738 I art     : Explicit concurrent mark sweep GC freed 2989(184KB) AllocSpace objects, 4(420KB) LOS objects, 23% free, 51MB/67MB, paused 409us total 21.992ms
08-04 14:30:28.475 27726 27738 I art     : Starting a blocking GC Explicit
08-04 14:30:28.490 27726 27738 I art     : Explicit concurrent mark sweep GC freed 20(704B) AllocSpace objects, 0(0B) LOS objects, 23% free, 51MB/67MB, paused 248us total 15.351ms
08-04 14:30:28.497 27726 27738 I art     : Starting a blocking GC Explicit
08-04 14:30:28.512 27726 27738 I art     : Explicit concurrent mark sweep GC freed 3(96B) AllocSpace objects, 0(0B) LOS objects, 23% free, 51MB/67MB, paused 243us total 14.134ms
08-04 14:30:28.518 27726 27738 I art     : Starting a blocking GC Explicit
08-04 14:30:28.533 27726 27738 I art     : Explicit concurrent mark sweep GC freed 3(96B) AllocSpace objects, 0(0B) LOS objects, 23% free, 51MB/67MB, paused 249us total 14.536ms
08-04 14:30:28.539 27726 27738 I art     : Starting a blocking GC Explicit
08-04 14:30:28.554 27726 27738 I art     : Explicit concurrent mark sweep GC freed 3(96B) AllocSpace objects, 0(0B) LOS objects, 23% free, 51MB/67MB, paused 239us total 14.305ms
08-04 14:30:28.657 21770 21770 I ServiceManager: Waiting for service AtCmdFwd...
08-04 14:30:28.824 27726 27763 I art     : Starting a blocking GC Explicit
08-04 14:30:28.844 27726 27763 I art     : Explicit concurrent mark sweep GC freed 1340(78KB) AllocSpace objects, 1(20KB) LOS objects, 23% free, 51MB/67MB, paused 271us total 19.528ms
08-04 14:30:28.851 27726 27763 I art     : Starting a blocking GC Explicit
08-04 14:30:28.865 27726 27763 I art     : Explicit concurrent mark sweep GC freed 20(704B) AllocSpace objects, 0(0B) LOS objects, 23% free, 51MB/67MB, paused 243us total 14.209ms
08-04 14:30:28.872 27726 27763 I art     : Starting a blocking GC Explicit
08-04 14:30:28.886 27726 27763 I art     : Explicit concurrent mark sweep GC freed 3(96B) AllocSpace objects, 0(0B) LOS objects, 23% free, 51MB/67MB, paused 247us total 14.059ms
08-04 14:30:28.892 27726 27763 I art     : Starting a blocking GC Explicit
08-04 14:30:28.906 27726 27763 I art     : Explicit concurrent mark sweep GC freed 3(96B) AllocSpace objects, 0(0B) LOS objects, 23% free, 51MB/67MB, paused 241us total 14.004ms
08-04 14:30:28.912 27726 27763 I art     : Starting a blocking GC Explicit
08-04 14:30:28.926 27726 27763 I art     : Explicit concurrent mark sweep GC freed 3(96B) AllocSpace objects, 0(0B) LOS objects, 23% free, 51MB/67MB, paused 298us total 13.969ms
08-04 14:30:29.172 27726 28206 I art     : Starting a blocking GC Explicit
08-04 14:30:29.187 27726 28206 I art     : Explicit concurrent mark sweep GC freed 1340(78KB) AllocSpace objects, 1(20KB) LOS objects, 23% free, 51MB/67MB, paused 322us total 15.170ms
08-04 14:30:29.194 27726 28206 I art     : Starting a blocking GC Explicit
08-04 14:30:29.209 27726 28206 I art     : Explicit concurrent mark sweep GC freed 20(704B) AllocSpace objects, 0(0B) LOS objects, 23% free, 51MB/67MB, paused 288us total 14.760ms
08-04 14:30:29.216 27726 28206 I art     : Starting a blocking GC Explicit
08-04 14:30:29.230 27726 28206 I art     : Explicit concurrent mark sweep GC freed 3(96B) AllocSpace objects, 0(0B) LOS objects, 23% free, 51MB/67MB, paused 249us total 13.999ms
08-04 14:30:29.236 27726 28206 I art     : Starting a blocking GC Explicit
08-04 14:30:29.250 27726 28206 I art     : Explicit concurrent mark sweep GC freed 3(96B) AllocSpace objects, 0(0B) LOS objects, 23% free, 51MB/67MB, paused 242us total 13.801ms
08-04 14:30:29.257 27726 28206 I art     : Starting a blocking GC Explicit
08-04 14:30:29.270 27726 28206 I art     : Explicit concurrent mark sweep GC freed 3(96B) AllocSpace objects, 0(0B) LOS objects, 23% free, 51MB/67MB, paused 234us total 12.753ms
08-04 14:30:29.391 28756 28756 D AndroidRuntime: >>>>>> START com.android.internal.os.RuntimeInit uid 2000 <<<<<<
08-04 14:30:29.396 28756 28756 D AndroidRuntime: CheckJNI is OFF
08-04 14:30:29.428 28756 28756 D ICU     : No timezone override file found: /data/misc/zoneinfo/current/icu/icu_tzdata.dat
08-04 14:30:29.453 28756 28756 I Radio-JNI: register_android_hardware_Radio DONE
08-04 14:30:29.468 28756 28756 D AndroidRuntime: Calling main entry com.android.commands.input.Input
08-04 14:30:29.470 28756 28756 I Input   : injectMotionEvent: MotionEvent { action=ACTION_DOWN, actionButton=0, id[0]=0, x[0]=733.0, y[0]=1957.0, toolType[0]=TOOL_TYPE_UNKNOWN, buttonState=0, metaState=0, flags=0x0, edgeFlags=0x0, pointerCount=1, historySize=0, eventTime=714645883, downTime=714645883, deviceId=0, source=0x1002 }
08-04 14:30:29.474 28756 28756 I Input   : injectMotionEvent: MotionEvent { action=ACTION_UP, actionButton=0, id[0]=0, x[0]=733.0, y[0]=1957.0, toolType[0]=TOOL_TYPE_UNKNOWN, buttonState=0, metaState=0, flags=0x0, edgeFlags=0x0, pointerCount=1, historySize=0, eventTime=714645883, downTime=714645883, deviceId=0, source=0x1002 }
08-04 14:30:29.475   918  4413 I ActivityManager: START u0 {cmp=baseline.appteam.nith.hillffair/.activities.ClubActivity (has extras)} from uid 10651 on display 0
08-04 14:30:29.480 28756 28756 D AndroidRuntime: Shutting down VM
08-04 14:30:29.520 27726 28206 I art     : Starting a blocking GC Explicit
08-04 14:30:29.535 27726 28206 I art     : Explicit concurrent mark sweep GC freed 4785(283KB) AllocSpace objects, 1(20KB) LOS objects, 23% free, 51MB/67MB, paused 298us total 14.684ms
08-04 14:30:29.541 27726 28206 I art     : Starting a blocking GC Explicit
08-04 14:30:29.556 27726 28206 I art     : Explicit concurrent mark sweep GC freed 347(14KB) AllocSpace objects, 0(0B) LOS objects, 23% free, 52MB/68MB, paused 352us total 15.272ms
08-04 14:30:29.560 13866 13866 I GoogleInputMethodServic: GoogleInputMethodService.onFinishInput():3138 
08-04 14:30:29.560   918   936 I ActivityManager: Displayed baseline.appteam.nith.hillffair/.activities.ClubActivity: +80ms
08-04 14:30:29.560 13866 13866 I GoogleInputMethodServic: GoogleInputMethodService.onStartInput():1808 
08-04 14:30:29.564 27726 28206 I art     : Starting a blocking GC Explicit
08-04 14:30:29.582 27726 28206 I art     : Explicit concurrent mark sweep GC freed 39(1600B) AllocSpace objects, 0(0B) LOS objects, 23% free, 52MB/68MB, paused 346us total 17.229ms
08-04 14:30:29.589 27726 28206 I art     : Starting a blocking GC Explicit
08-04 14:30:29.603 27726 28206 I art     : Explicit concurrent mark sweep GC freed 11(368B) AllocSpace objects, 0(0B) LOS objects, 23% free, 52MB/68MB, paused 280us total 13.799ms
08-04 14:30:29.609 27726 28206 I art     : Starting a blocking GC Explicit
08-04 14:30:29.623 27726 28206 I art     : Explicit concurrent mark sweep GC freed 21(2032B) AllocSpace objects, 0(0B) LOS objects, 23% free, 52MB/68MB, paused 281us total 13.799ms
08-04 14:30:29.657 21770 21770 I ServiceManager: Waiting for service AtCmdFwd...
08-04 14:30:29.856 27726 27763 I art     : Starting a blocking GC Explicit
08-04 14:30:29.871 27726 27763 I art     : Explicit concurrent mark sweep GC freed 1398(81KB) AllocSpace objects, 1(20KB) LOS objects, 23% free, 52MB/68MB, paused 288us total 15.442ms
08-04 14:30:29.881 27726 27763 I art     : Starting a blocking GC Explicit
08-04 14:30:29.898 27726 27763 I art     : Explicit concurrent mark sweep GC freed 20(704B) AllocSpace objects, 0(0B) LOS objects, 23% free, 52MB/68MB, paused 283us total 16.844ms
08-04 14:30:29.905 27726 27763 I art     : Starting a blocking GC Explicit
08-04 14:30:29.921 27726 27763 I art     : Explicit concurrent mark sweep GC freed 3(96B) AllocSpace objects, 0(0B) LOS objects, 23% free, 52MB/68MB, paused 291us total 15.462ms
08-04 14:30:29.929 27726 27763 I art     : Starting a blocking GC Explicit
08-04 14:30:29.948 27726 27763 I art     : Explicit concurrent mark sweep GC freed 105(5KB) AllocSpace objects, 0(0B) LOS objects, 23% free, 52MB/68MB, paused 267us total 19.030ms
08-04 14:30:29.954 27726 27763 I art     : Starting a blocking GC Explicit
08-04 14:30:29.969 27726 27763 I art     : Explicit concurrent mark sweep GC freed 10(352B) AllocSpace objects, 0(0B) LOS objects, 23% free, 52MB/68MB, paused 289us total 15.042ms
08-04 14:30:30.246 27726 28206 I art     : Starting a blocking GC Explicit
08-04 14:30:30.263 27726 28206 I art     : Explicit concurrent mark sweep GC freed 1397(80KB) AllocSpace objects, 1(20KB) LOS objects, 23% free, 52MB/68MB, paused 303us total 17.215ms
08-04 14:30:30.270 27726 28206 I art     : Starting a blocking GC Explicit
08-04 14:30:30.286 27726 28206 I art     : Explicit concurrent mark sweep GC freed 59(1984B) AllocSpace objects, 0(0B) LOS objects, 23% free, 52MB/68MB, paused 289us total 15.845ms
08-04 14:30:30.293 27726 28206 I art     : Starting a blocking GC Explicit
08-04 14:30:30.308 27726 28206 I art     : Explicit concurrent mark sweep GC freed 11(416B) AllocSpace objects, 0(0B) LOS objects, 23% free, 52MB/68MB, paused 551us total 15.724ms
08-04 14:30:30.315 27726 28206 I art     : Starting a blocking GC Explicit
08-04 14:30:30.330 27726 28206 I art     : Explicit concurrent mark sweep GC freed 438(34KB) AllocSpace objects, 0(0B) LOS objects, 23% free, 52MB/68MB, paused 334us total 14.698ms
08-04 14:30:30.336 27726 28206 I art     : Starting a blocking GC Explicit
08-04 14:30:30.351 27726 28206 I art     : Explicit concurrent mark sweep GC freed 687(41KB) AllocSpace objects, 2(120KB) LOS objects, 23% free, 52MB/68MB, paused 389us total 15.039ms
08-04 14:30:30.365 27726 28789 D OkHttp  : --> GET https://api-hillfair-2k16.herokuapp.com/api/app/events/special/event?id=58065620dcba0f490c70fe09 http/1.1
08-04 14:30:30.394 27726 28789 D OkHttp  : <-- 200 OK https://api-hillfair-2k16.herokuapp.com/api/app/events/special/event?id=58065620dcba0f490c70fe09 (28ms, 682-byte body)
08-04 14:30:30.457 27726 27726 I NAPPA_EXPERIMENTATION: MetricNetworkRequestExecutionTime: REQUEST_DURATION_SYSTEM='957',REQUEST_DURATION_OKHTTP='29',REQUEST_SYNCHRONOUS='FALSE',RESPONSE_CODE='200',RESPONSE_METHOD='GET',RESPONSE_LENGTH_OKHTTP='682',RESPONSE_LENGTH_HEADER='682',REQUEST_PROTOCOL='http/1.1',REQUEST_URL='https://api-hillfair-2k16.herokuapp.com/api/app/events/special/event?id=58065620dcba0f490c70fe09',
08-04 14:30:30.559   518   646 I ThermalEngine: ACTION: GPU - Setting GPU[0] to 510000000
08-04 14:30:30.631 27726 27739 I art     : Starting a blocking GC Explicit
08-04 14:30:30.651 27726 27739 I art     : Explicit concurrent mark sweep GC freed 4538(372KB) AllocSpace objects, 2(100KB) LOS objects, 23% free, 52MB/68MB, paused 367us total 19.858ms
08-04 14:30:30.657 21770 21770 W Atfwd_Sendcmd: AtCmdFwd service not published, waiting... retryCnt : 2
08-04 14:30:30.659 27726 27739 I art     : Starting a blocking GC Explicit
08-04 14:30:30.679 27726 27739 I art     : Explicit concurrent mark sweep GC freed 177(10KB) AllocSpace objects, 0(0B) LOS objects, 23% free, 52MB/68MB, paused 358us total 19.136ms
08-04 14:30:30.687 27726 27739 I art     : Starting a blocking GC Explicit
08-04 14:30:30.706 27726 27739 I art     : Explicit concurrent mark sweep GC freed 3(96B) AllocSpace objects, 0(0B) LOS objects, 23% free, 52MB/68MB, paused 405us total 18.710ms
08-04 14:30:30.714 27726 27739 I art     : Starting a blocking GC Explicit
08-04 14:30:30.733 27726 27739 I art     : Explicit concurrent mark sweep GC freed 3(96B) AllocSpace objects, 0(0B) LOS objects, 23% free, 52MB/68MB, paused 360us total 18.537ms
08-04 14:30:30.741 27726 27739 I art     : Starting a blocking GC Explicit
08-04 14:30:30.760 27726 27739 I art     : Explicit concurrent mark sweep GC freed 3(96B) AllocSpace objects, 0(0B) LOS objects, 23% free, 52MB/68MB, paused 363us total 18.836ms
08-04 14:30:31.039 27726 27738 I art     : Starting a blocking GC Explicit
08-04 14:30:31.065 27726 27738 I art     : Explicit concurrent mark sweep GC freed 1341(78KB) AllocSpace objects, 1(20KB) LOS objects, 23% free, 52MB/68MB, paused 369us total 25.455ms
08-04 14:30:31.077 27726 27738 I art     : Starting a blocking GC Explicit
08-04 14:30:31.097 27726 27738 I art     : Explicit concurrent mark sweep GC freed 36(1264B) AllocSpace objects, 0(0B) LOS objects, 23% free, 52MB/68MB, paused 390us total 19.871ms
08-04 14:30:31.106 27726 27738 I art     : Starting a blocking GC Explicit
08-04 14:30:31.126 27726 27738 I art     : Explicit concurrent mark sweep GC freed 3(96B) AllocSpace objects, 0(0B) LOS objects, 23% free, 52MB/68MB, paused 355us total 20.293ms
08-04 14:30:31.135 27726 27738 I art     : Starting a blocking GC Explicit
08-04 14:30:31.154 27726 27738 I art     : Explicit concurrent mark sweep GC freed 3(96B) AllocSpace objects, 0(0B) LOS objects, 23% free, 52MB/68MB, paused 333us total 19.341ms
08-04 14:30:31.163 27726 27738 I art     : Starting a blocking GC Explicit
08-04 14:30:31.183 27726 27738 I art     : Explicit concurrent mark sweep GC freed 3(96B) AllocSpace objects, 0(0B) LOS objects, 23% free, 52MB/68MB, paused 360us total 19.365ms
08-04 14:30:31.523 27726 27739 I art     : Starting a blocking GC Explicit
08-04 14:30:31.548 27726 27739 I art     : Explicit concurrent mark sweep GC freed 1341(78KB) AllocSpace objects, 1(20KB) LOS objects, 23% free, 52MB/68MB, paused 440us total 25.107ms
08-04 14:30:31.561 27726 27739 I art     : Starting a blocking GC Explicit
08-04 14:30:31.581 27726 27739 I art     : Explicit concurrent mark sweep GC freed 20(704B) AllocSpace objects, 0(0B) LOS objects, 23% free, 52MB/68MB, paused 360us total 19.883ms
08-04 14:30:31.589 27726 27739 I art     : Starting a blocking GC Explicit
08-04 14:30:31.609 27726 27739 I art     : Explicit concurrent mark sweep GC freed 3(96B) AllocSpace objects, 0(0B) LOS objects, 23% free, 52MB/68MB, paused 362us total 19.636ms
08-04 14:30:31.618 27726 27739 I art     : Starting a blocking GC Explicit
08-04 14:30:31.638 27726 27739 I art     : Explicit concurrent mark sweep GC freed 3(96B) AllocSpace objects, 0(0B) LOS objects, 23% free, 52MB/68MB, paused 365us total 20.161ms
08-04 14:30:31.647 27726 27739 I art     : Starting a blocking GC Explicit
08-04 14:30:31.666 27726 27739 I art     : Explicit concurrent mark sweep GC freed 3(96B) AllocSpace objects, 0(0B) LOS objects, 23% free, 52MB/68MB, paused 342us total 19.197ms
08-04 14:30:31.926 27726 27763 I art     : Starting a blocking GC Explicit
08-04 14:30:31.946 27726 27763 I art     : Explicit concurrent mark sweep GC freed 1341(78KB) AllocSpace objects, 1(20KB) LOS objects, 23% free, 52MB/68MB, paused 364us total 19.720ms
08-04 14:30:31.955 27726 27763 I art     : Starting a blocking GC Explicit
08-04 14:30:31.974 27726 27763 I art     : Explicit concurrent mark sweep GC freed 20(704B) AllocSpace objects, 0(0B) LOS objects, 23% free, 52MB/68MB, paused 357us total 18.590ms
08-04 14:30:31.982 27726 27763 I art     : Starting a blocking GC Explicit
08-04 14:30:32.001 27726 27763 I art     : Explicit concurrent mark sweep GC freed 3(96B) AllocSpace objects, 0(0B) LOS objects, 23% free, 52MB/68MB, paused 365us total 18.763ms
08-04 14:30:32.009 27726 27763 I art     : Starting a blocking GC Explicit
08-04 14:30:32.028 27726 27763 I art     : Explicit concurrent mark sweep GC freed 3(96B) AllocSpace objects, 0(0B) LOS objects, 23% free, 52MB/68MB, paused 364us total 19.046ms
08-04 14:30:32.037 27726 27763 I art     : Starting a blocking GC Explicit
08-04 14:30:32.056 27726 27763 I art     : Explicit concurrent mark sweep GC freed 3(96B) AllocSpace objects, 0(0B) LOS objects, 23% free, 52MB/68MB, paused 349us total 18.836ms
08-04 14:30:32.179 28841 28841 D AndroidRuntime: >>>>>> START com.android.internal.os.RuntimeInit uid 2000 <<<<<<
08-04 14:30:32.185 28841 28841 D AndroidRuntime: CheckJNI is OFF
08-04 14:30:32.221 28841 28841 D ICU     : No timezone override file found: /data/misc/zoneinfo/current/icu/icu_tzdata.dat
08-04 14:30:32.256 28841 28841 I Radio-JNI: register_android_hardware_Radio DONE
08-04 14:30:32.278 28841 28841 D AndroidRuntime: Calling main entry com.android.commands.input.Input
08-04 14:30:32.279 28841 28841 I Input   : injectKeyEvent: KeyEvent { action=ACTION_DOWN, keyCode=KEYCODE_BACK, scanCode=0, metaState=0, flags=0x0, repeatCount=0, eventTime=714648692, downTime=714648692, deviceId=-1, source=0x101 }
08-04 14:30:32.287 28841 28841 I Input   : injectKeyEvent: KeyEvent { action=ACTION_UP, keyCode=KEYCODE_BACK, scanCode=0, metaState=0, flags=0x0, repeatCount=0, eventTime=714648692, downTime=714648692, deviceId=-1, source=0x101 }
08-04 14:30:32.303 28841 28841 D AndroidRuntime: Shutting down VM
08-04 14:30:32.330 13866 13866 I GoogleInputMethodServic: GoogleInputMethodService.onFinishInput():3138 
08-04 14:30:32.330 13866 13866 I GoogleInputMethodServic: GoogleInputMethodService.onStartInput():1808 
08-04 14:30:32.338 27726 27738 I art     : Starting a blocking GC Explicit
08-04 14:30:32.359 27726 27738 I art     : Explicit concurrent mark sweep GC freed 1510(85KB) AllocSpace objects, 1(20KB) LOS objects, 23% free, 52MB/68MB, paused 359us total 21.280ms
08-04 14:30:32.370 27726 27738 I art     : Starting a blocking GC Explicit
08-04 14:30:32.386 27726 27738 I art     : Explicit concurrent mark sweep GC freed 27(992B) AllocSpace objects, 0(0B) LOS objects, 23% free, 52MB/68MB, paused 341us total 16.159ms
08-04 14:30:32.394 27726 27738 I art     : Starting a blocking GC Explicit
08-04 14:30:32.410 27726 27738 I art     : Explicit concurrent mark sweep GC freed 3(96B) AllocSpace objects, 0(0B) LOS objects, 23% free, 52MB/68MB, paused 316us total 16.177ms
08-04 14:30:32.418 27726 27738 I art     : Starting a blocking GC Explicit
08-04 14:30:32.436 27726 27738 I art     : Explicit concurrent mark sweep GC freed 3(96B) AllocSpace objects, 0(0B) LOS objects, 23% free, 52MB/68MB, paused 378us total 17.539ms
08-04 14:30:32.444 27726 27738 I art     : Starting a blocking GC Explicit
08-04 14:30:32.462 27726 27738 I art     : Explicit concurrent mark sweep GC freed 3(96B) AllocSpace objects, 0(0B) LOS objects, 23% free, 52MB/68MB, paused 332us total 17.508ms
08-04 14:30:32.641   380   380 W SurfaceFlinger: couldn't log to binary event log: overflow.
08-04 14:30:32.713 27726 27739 I art     : Starting a blocking GC Explicit
08-04 14:30:32.732 27726 27739 I art     : Explicit concurrent mark sweep GC freed 1450(87KB) AllocSpace objects, 1(20KB) LOS objects, 23% free, 52MB/68MB, paused 349us total 18.931ms
08-04 14:30:32.740 27726 27739 I art     : Starting a blocking GC Explicit
08-04 14:30:32.758 27726 27739 I art     : Explicit concurrent mark sweep GC freed 1672(106KB) AllocSpace objects, 3(400KB) LOS objects, 23% free, 51MB/67MB, paused 353us total 18.167ms
08-04 14:30:32.766 27726 27739 I art     : Starting a blocking GC Explicit
08-04 14:30:32.784 27726 27739 I art     : Explicit concurrent mark sweep GC freed 3(96B) AllocSpace objects, 0(0B) LOS objects, 23% free, 51MB/67MB, paused 340us total 18.136ms
08-04 14:30:32.793 27726 27739 I art     : Starting a blocking GC Explicit
08-04 14:30:32.812 27726 27739 I art     : Explicit concurrent mark sweep GC freed 3(96B) AllocSpace objects, 0(0B) LOS objects, 23% free, 51MB/67MB, paused 381us total 18.827ms
08-04 14:30:32.820 27726 27739 I art     : Starting a blocking GC Explicit
08-04 14:30:32.838 27726 27739 I art     : Explicit concurrent mark sweep GC freed 3(96B) AllocSpace objects, 0(0B) LOS objects, 23% free, 51MB/67MB, paused 358us total 18.074ms
08-04 14:30:33.117 27726 27763 I art     : Starting a blocking GC Explicit
08-04 14:30:33.144 27726 27763 I art     : Explicit concurrent mark sweep GC freed 1341(78KB) AllocSpace objects, 1(20KB) LOS objects, 23% free, 51MB/67MB, paused 485us total 27.158ms
08-04 14:30:33.154 27726 27763 I art     : Starting a blocking GC Explicit
08-04 14:30:33.174 27726 27763 I art     : Explicit concurrent mark sweep GC freed 20(704B) AllocSpace objects, 0(0B) LOS objects, 23% free, 51MB/67MB, paused 354us total 19.643ms
08-04 14:30:33.183 27726 27763 I art     : Starting a blocking GC Explicit
08-04 14:30:33.202 27726 27763 I art     : Explicit concurrent mark sweep GC freed 3(96B) AllocSpace objects, 0(0B) LOS objects, 23% free, 51MB/67MB, paused 353us total 18.480ms
08-04 14:30:33.210 27726 27763 I art     : Starting a blocking GC Explicit
08-04 14:30:33.229 27726 27763 I art     : Explicit concurrent mark sweep GC freed 3(96B) AllocSpace objects, 0(0B) LOS objects, 23% free, 51MB/67MB, paused 349us total 18.628ms
08-04 14:30:33.237 27726 27763 I art     : Starting a blocking GC Explicit
08-04 14:30:33.257 27726 27763 I art     : Explicit concurrent mark sweep GC freed 3(96B) AllocSpace objects, 0(0B) LOS objects, 23% free, 51MB/67MB, paused 417us total 19.643ms
08-04 14:30:33.536 27726 28206 I art     : Starting a blocking GC Explicit
08-04 14:30:33.558 27726 28206 I art     : Explicit concurrent mark sweep GC freed 1340(78KB) AllocSpace objects, 1(20KB) LOS objects, 23% free, 51MB/67MB, paused 350us total 21.922ms
08-04 14:30:33.567 27726 28206 I art     : Starting a blocking GC Explicit
08-04 14:30:33.586 27726 28206 I art     : Explicit concurrent mark sweep GC freed 20(704B) AllocSpace objects, 0(0B) LOS objects, 23% free, 51MB/67MB, paused 363us total 18.596ms
08-04 14:30:33.594 27726 28206 I art     : Starting a blocking GC Explicit
08-04 14:30:33.612 27726 28206 I art     : Explicit concurrent mark sweep GC freed 3(96B) AllocSpace objects, 0(0B) LOS objects, 23% free, 51MB/67MB, paused 353us total 17.872ms
08-04 14:30:33.620 27726 28206 I art     : Starting a blocking GC Explicit
08-04 14:30:33.638 27726 28206 I art     : Explicit concurrent mark sweep GC freed 3(96B) AllocSpace objects, 0(0B) LOS objects, 23% free, 51MB/67MB, paused 357us total 17.557ms
08-04 14:30:33.646 27726 28206 I art     : Starting a blocking GC Explicit
08-04 14:30:33.664 27726 28206 I art     : Explicit concurrent mark sweep GC freed 3(96B) AllocSpace objects, 0(0B) LOS objects, 23% free, 51MB/67MB, paused 347us total 18.063ms
08-04 14:30:33.931 27726 27738 I art     : Starting a blocking GC Explicit
08-04 14:30:33.955 27726 27738 I art     : Explicit concurrent mark sweep GC freed 1340(78KB) AllocSpace objects, 1(20KB) LOS objects, 23% free, 51MB/67MB, paused 405us total 23.623ms
08-04 14:30:33.964 27726 27738 I art     : Starting a blocking GC Explicit
08-04 14:30:33.983 28904 28904 D AndroidRuntime: >>>>>> START com.android.internal.os.RuntimeInit uid 2000 <<<<<<
08-04 14:30:33.984 27726 27738 I art     : Explicit concurrent mark sweep GC freed 20(704B) AllocSpace objects, 0(0B) LOS objects, 23% free, 51MB/67MB, paused 417us total 19.050ms
08-04 14:30:33.988 28904 28904 D AndroidRuntime: CheckJNI is OFF
08-04 14:30:33.992 27726 27738 I art     : Starting a blocking GC Explicit
08-04 14:30:34.010 27726 27738 I art     : Explicit concurrent mark sweep GC freed 3(96B) AllocSpace objects, 0(0B) LOS objects, 23% free, 51MB/67MB, paused 358us total 17.510ms
08-04 14:30:34.018 27726 27738 I art     : Starting a blocking GC Explicit
08-04 14:30:34.024 28904 28904 D ICU     : No timezone override file found: /data/misc/zoneinfo/current/icu/icu_tzdata.dat
08-04 14:30:34.036 27726 27738 I art     : Explicit concurrent mark sweep GC freed 3(96B) AllocSpace objects, 0(0B) LOS objects, 23% free, 51MB/67MB, paused 333us total 17.730ms
08-04 14:30:34.044 27726 27738 I art     : Starting a blocking GC Explicit
08-04 14:30:34.062 28904 28904 I Radio-JNI: register_android_hardware_Radio DONE
08-04 14:30:34.063 27726 27738 I art     : Explicit concurrent mark sweep GC freed 3(96B) AllocSpace objects, 0(0B) LOS objects, 23% free, 51MB/67MB, paused 380us total 18.050ms
08-04 14:30:34.085 28904 28904 D AndroidRuntime: Calling main entry com.android.commands.input.Input
08-04 14:30:34.087 28904 28904 I Input   : injectMotionEvent: MotionEvent { action=ACTION_DOWN, actionButton=0, id[0]=0, x[0]=733.0, y[0]=1957.0, toolType[0]=TOOL_TYPE_UNKNOWN, buttonState=0, metaState=0, flags=0x0, edgeFlags=0x0, pointerCount=1, historySize=0, eventTime=714650499, downTime=714650499, deviceId=0, source=0x1002 }
08-04 14:30:34.092 28904 28904 I Input   : injectMotionEvent: MotionEvent { action=ACTION_UP, actionButton=0, id[0]=0, x[0]=733.0, y[0]=1957.0, toolType[0]=TOOL_TYPE_UNKNOWN, buttonState=0, metaState=0, flags=0x0, edgeFlags=0x0, pointerCount=1, historySize=0, eventTime=714650499, downTime=714650499, deviceId=0, source=0x1002 }
08-04 14:30:34.093   918  5132 I ActivityManager: START u0 {cmp=baseline.appteam.nith.hillffair/.activities.ClubActivity (has extras)} from uid 10651 on display 0
08-04 14:30:34.101 28904 28904 D AndroidRuntime: Shutting down VM
08-04 14:30:34.186   918   936 I ActivityManager: Displayed baseline.appteam.nith.hillffair/.activities.ClubActivity: +86ms
08-04 14:30:34.187 13866 13866 I GoogleInputMethodServic: GoogleInputMethodService.onFinishInput():3138 
08-04 14:30:34.188 13866 13866 I GoogleInputMethodServic: GoogleInputMethodService.onStartInput():1808 
08-04 14:30:34.305 27726 27739 I art     : Starting a blocking GC Explicit
08-04 14:30:34.323 27726 27739 I art     : Explicit concurrent mark sweep GC freed 5298(332KB) AllocSpace objects, 1(20KB) LOS objects, 23% free, 52MB/68MB, paused 370us total 18.540ms
08-04 14:30:34.331 27726 27739 I art     : Starting a blocking GC Explicit
08-04 14:30:34.349 27726 27739 I art     : Explicit concurrent mark sweep GC freed 211(9KB) AllocSpace objects, 0(0B) LOS objects, 23% free, 52MB/68MB, paused 364us total 17.268ms
08-04 14:30:34.356 27726 27739 I art     : Starting a blocking GC Explicit
08-04 14:30:34.373 27726 27739 I art     : Explicit concurrent mark sweep GC freed 3(96B) AllocSpace objects, 0(0B) LOS objects, 23% free, 52MB/68MB, paused 376us total 16.785ms
08-04 14:30:34.381 27726 27739 I art     : Starting a blocking GC Explicit
08-04 14:30:34.398 27726 27739 I art     : Explicit concurrent mark sweep GC freed 3(96B) AllocSpace objects, 0(0B) LOS objects, 23% free, 52MB/68MB, paused 385us total 16.893ms
08-04 14:30:34.406 27726 27739 I art     : Starting a blocking GC Explicit
08-04 14:30:34.423 27726 27739 I art     : Explicit concurrent mark sweep GC freed 3(96B) AllocSpace objects, 0(0B) LOS objects, 23% free, 52MB/68MB, paused 377us total 16.814ms
08-04 14:30:34.427   380   380 W SurfaceFlinger: couldn't log to binary event log: overflow.
08-04 14:30:34.683 27726 27738 I art     : Starting a blocking GC Explicit
08-04 14:30:34.703 27726 27738 I art     : Explicit concurrent mark sweep GC freed 1464(84KB) AllocSpace objects, 1(20KB) LOS objects, 23% free, 52MB/68MB, paused 419us total 20.172ms
08-04 14:30:34.712 27726 27738 I art     : Starting a blocking GC Explicit
08-04 14:30:34.731 27726 27738 I art     : Explicit concurrent mark sweep GC freed 44(1536B) AllocSpace objects, 0(0B) LOS objects, 23% free, 52MB/68MB, paused 441us total 19.150ms
08-04 14:30:34.740 27726 27738 I art     : Starting a blocking GC Explicit
08-04 14:30:34.759 27726 27738 I art     : Explicit concurrent mark sweep GC freed 10(352B) AllocSpace objects, 0(0B) LOS objects, 23% free, 52MB/68MB, paused 407us total 19.311ms
08-04 14:30:34.767 27726 27738 I art     : Starting a blocking GC Explicit
08-04 14:30:34.787 27726 27738 I art     : Explicit concurrent mark sweep GC freed 11(416B) AllocSpace objects, 0(0B) LOS objects, 23% free, 52MB/68MB, paused 466us total 19.148ms
08-04 14:30:34.795 27726 27738 I art     : Starting a blocking GC Explicit
08-04 14:30:34.814 27726 27738 I art     : Explicit concurrent mark sweep GC freed 13(480B) AllocSpace objects, 0(0B) LOS objects, 23% free, 52MB/68MB, paused 382us total 18.843ms
08-04 14:30:34.985 27726 28927 D OkHttp  : --> GET https://api-hillfair-2k16.herokuapp.com/api/app/events/special/event?id=58065620dcba0f490c70fe09 http/1.1
08-04 14:30:35.015 27726 28927 D OkHttp  : <-- 200 OK https://api-hillfair-2k16.herokuapp.com/api/app/events/special/event?id=58065620dcba0f490c70fe09 (30ms, 682-byte body)
08-04 14:30:35.078 27726 27726 I NAPPA_EXPERIMENTATION: MetricNetworkRequestExecutionTime: REQUEST_DURATION_SYSTEM='955',REQUEST_DURATION_OKHTTP='30',REQUEST_SYNCHRONOUS='FALSE',RESPONSE_CODE='200',RESPONSE_METHOD='GET',RESPONSE_LENGTH_OKHTTP='682',RESPONSE_LENGTH_HEADER='682',REQUEST_PROTOCOL='http/1.1',REQUEST_URL='https://api-hillfair-2k16.herokuapp.com/api/app/events/special/event?id=58065620dcba0f490c70fe09',
08-04 14:30:35.082 27726 28206 I art     : Starting a blocking GC Explicit
08-04 14:30:35.104 27726 28206 I art     : Explicit concurrent mark sweep GC freed 4773(310KB) AllocSpace objects, 4(220KB) LOS objects, 23% free, 52MB/68MB, paused 440us total 22.045ms
08-04 14:30:35.115 27726 28206 I art     : Starting a blocking GC Explicit
08-04 14:30:35.134 27726 28206 I art     : Explicit concurrent mark sweep GC freed 1066(120KB) AllocSpace objects, 0(0B) LOS objects, 23% free, 52MB/68MB, paused 350us total 18.705ms
08-04 14:30:35.142 27726 28206 I art     : Starting a blocking GC Explicit
08-04 14:30:35.160 27726 28206 I art     : Explicit concurrent mark sweep GC freed 6(192B) AllocSpace objects, 0(0B) LOS objects, 23% free, 52MB/68MB, paused 405us total 18.119ms
08-04 14:30:35.168 27726 28206 I art     : Starting a blocking GC Explicit
08-04 14:30:35.186 27726 28206 I art     : Explicit concurrent mark sweep GC freed 3(96B) AllocSpace objects, 0(0B) LOS objects, 23% free, 52MB/68MB, paused 402us total 18.090ms
08-04 14:30:35.194 27726 28206 I art     : Starting a blocking GC Explicit
08-04 14:30:35.213 27726 28206 I art     : Explicit concurrent mark sweep GC freed 3(96B) AllocSpace objects, 0(0B) LOS objects, 23% free, 52MB/68MB, paused 340us total 18.445ms
08-04 14:30:35.500 27726 27763 I art     : Starting a blocking GC Explicit
08-04 14:30:35.521 27726 27763 I art     : Explicit concurrent mark sweep GC freed 1341(78KB) AllocSpace objects, 1(20KB) LOS objects, 23% free, 52MB/68MB, paused 379us total 20.456ms
08-04 14:30:35.530 27726 27763 I art     : Starting a blocking GC Explicit
08-04 14:30:35.550 27726 27763 I art     : Explicit concurrent mark sweep GC freed 36(1264B) AllocSpace objects, 0(0B) LOS objects, 23% free, 52MB/68MB, paused 391us total 19.889ms
08-04 14:30:35.558 27726 27763 I art     : Starting a blocking GC Explicit
08-04 14:30:35.579 27726 27763 I art     : Explicit concurrent mark sweep GC freed 3(96B) AllocSpace objects, 0(0B) LOS objects, 23% free, 52MB/68MB, paused 380us total 20.563ms
08-04 14:30:35.588 27726 27763 I art     : Starting a blocking GC Explicit
08-04 14:30:35.608 27726 27763 I art     : Explicit concurrent mark sweep GC freed 3(96B) AllocSpace objects, 0(0B) LOS objects, 23% free, 52MB/68MB, paused 381us total 19.968ms
08-04 14:30:35.617 27726 27763 I art     : Starting a blocking GC Explicit
08-04 14:30:35.637 27726 27763 I art     : Explicit concurrent mark sweep GC freed 3(96B) AllocSpace objects, 0(0B) LOS objects, 23% free, 52MB/68MB, paused 404us total 20.080ms
08-04 14:30:35.940 27726 27739 I art     : Starting a blocking GC Explicit
08-04 14:30:35.965 27726 27739 I art     : Explicit concurrent mark sweep GC freed 1341(78KB) AllocSpace objects, 1(20KB) LOS objects, 23% free, 52MB/68MB, paused 400us total 24.130ms
08-04 14:30:35.973 27726 27739 I art     : Starting a blocking GC Explicit
08-04 14:30:35.994 27726 27739 I art     : Explicit concurrent mark sweep GC freed 20(704B) AllocSpace objects, 0(0B) LOS objects, 23% free, 52MB/68MB, paused 395us total 20.321ms
08-04 14:30:36.003 27726 27739 I art     : Starting a blocking GC Explicit
08-04 14:30:36.023 27726 27739 I art     : Explicit concurrent mark sweep GC freed 3(96B) AllocSpace objects, 0(0B) LOS objects, 23% free, 52MB/68MB, paused 388us total 20.080ms
08-04 14:30:36.031 27726 27739 I art     : Starting a blocking GC Explicit
08-04 14:30:36.052 27726 27739 I art     : Explicit concurrent mark sweep GC freed 3(96B) AllocSpace objects, 0(0B) LOS objects, 23% free, 52MB/68MB, paused 418us total 20.199ms
08-04 14:30:36.061 27726 27739 I art     : Starting a blocking GC Explicit
08-04 14:30:36.081 27726 27739 I art     : Explicit concurrent mark sweep GC freed 3(96B) AllocSpace objects, 0(0B) LOS objects, 23% free, 52MB/68MB, paused 408us total 20.293ms
08-04 14:30:36.412 27726 27738 I art     : Starting a blocking GC Explicit
08-04 14:30:36.435 27726 27738 I art     : Explicit concurrent mark sweep GC freed 1341(78KB) AllocSpace objects, 1(20KB) LOS objects, 23% free, 52MB/68MB, paused 416us total 22.216ms
08-04 14:30:36.451 27726 27738 I art     : Starting a blocking GC Explicit
08-04 14:30:36.471 27726 27738 I art     : Explicit concurrent mark sweep GC freed 20(704B) AllocSpace objects, 0(0B) LOS objects, 23% free, 52MB/68MB, paused 371us total 19.623ms
08-04 14:30:36.479 27726 27738 I art     : Starting a blocking GC Explicit
08-04 14:30:36.497 27726 27738 I art     : Explicit concurrent mark sweep GC freed 3(96B) AllocSpace objects, 0(0B) LOS objects, 23% free, 52MB/68MB, paused 386us total 18.512ms
08-04 14:30:36.505 27726 27738 I art     : Starting a blocking GC Explicit
08-04 14:30:36.525 27726 27738 I art     : Explicit concurrent mark sweep GC freed 3(96B) AllocSpace objects, 0(0B) LOS objects, 23% free, 52MB/68MB, paused 368us total 18.889ms
08-04 14:30:36.533 27726 27738 I art     : Starting a blocking GC Explicit
08-04 14:30:36.552 27726 27738 I art     : Explicit concurrent mark sweep GC freed 3(96B) AllocSpace objects, 0(0B) LOS objects, 23% free, 52MB/68MB, paused 371us total 19.155ms
08-04 14:30:36.766 28987 28987 D AndroidRuntime: >>>>>> START com.android.internal.os.RuntimeInit uid 2000 <<<<<<
08-04 14:30:36.771 28987 28987 D AndroidRuntime: CheckJNI is OFF
08-04 14:30:36.802 28987 28987 D ICU     : No timezone override file found: /data/misc/zoneinfo/current/icu/icu_tzdata.dat
08-04 14:30:36.836 28987 28987 I Radio-JNI: register_android_hardware_Radio DONE
08-04 14:30:36.845 27726 28206 I art     : Starting a blocking GC Explicit
08-04 14:30:36.859 28987 28987 D AndroidRuntime: Calling main entry com.android.commands.input.Input
08-04 14:30:36.860 28987 28987 I Input   : injectKeyEvent: KeyEvent { action=ACTION_DOWN, keyCode=KEYCODE_BACK, scanCode=0, metaState=0, flags=0x0, repeatCount=0, eventTime=714653273, downTime=714653273, deviceId=-1, source=0x101 }
08-04 14:30:36.866 28987 28987 I Input   : injectKeyEvent: KeyEvent { action=ACTION_UP, keyCode=KEYCODE_BACK, scanCode=0, metaState=0, flags=0x0, repeatCount=0, eventTime=714653273, downTime=714653273, deviceId=-1, source=0x101 }
08-04 14:30:36.866 27726 28206 I art     : Explicit concurrent mark sweep GC freed 1341(78KB) AllocSpace objects, 1(20KB) LOS objects, 23% free, 52MB/68MB, paused 547us total 20.242ms
08-04 14:30:36.872 28987 28987 D AndroidRuntime: Shutting down VM
08-04 14:30:36.874 27726 28206 I art     : Starting a blocking GC Explicit
08-04 14:30:36.893 27726 28206 I art     : Explicit concurrent mark sweep GC freed 161(7KB) AllocSpace objects, 0(0B) LOS objects, 23% free, 52MB/68MB, paused 384us total 18.035ms
08-04 14:30:36.900 27726 28206 I art     : Starting a blocking GC Explicit
08-04 14:30:36.904 13866 13866 I GoogleInputMethodServic: GoogleInputMethodService.onFinishInput():3138 
08-04 14:30:36.905 13866 13866 I GoogleInputMethodServic: GoogleInputMethodService.onStartInput():1808 
08-04 14:30:36.919 27726 28206 I art     : Explicit concurrent mark sweep GC freed 25(976B) AllocSpace objects, 0(0B) LOS objects, 23% free, 52MB/68MB, paused 409us total 18.606ms
08-04 14:30:36.927 27726 28206 I art     : Starting a blocking GC Explicit
08-04 14:30:36.945 27726 28206 I art     : Explicit concurrent mark sweep GC freed 14(480B) AllocSpace objects, 0(0B) LOS objects, 23% free, 52MB/68MB, paused 368us total 17.598ms
08-04 14:30:36.952 27726 28206 I art     : Starting a blocking GC Explicit
08-04 14:30:36.970 27726 28206 I art     : Explicit concurrent mark sweep GC freed 5(176B) AllocSpace objects, 0(0B) LOS objects, 23% free, 52MB/68MB, paused 336us total 17.203ms
08-04 14:30:37.196   380   380 W SurfaceFlinger: couldn't log to binary event log: overflow.
08-04 14:30:37.227 27726 27738 I art     : Starting a blocking GC Explicit
08-04 14:30:37.247 27726 27738 I art     : Explicit concurrent mark sweep GC freed 1450(87KB) AllocSpace objects, 1(20KB) LOS objects, 23% free, 52MB/68MB, paused 388us total 20.399ms
08-04 14:30:37.256 27726 27738 I art     : Starting a blocking GC Explicit
08-04 14:30:37.275 27726 27738 I art     : Explicit concurrent mark sweep GC freed 1672(106KB) AllocSpace objects, 3(400KB) LOS objects, 23% free, 52MB/68MB, paused 368us total 19.541ms
08-04 14:30:37.284 27726 27738 I art     : Starting a blocking GC Explicit
08-04 14:30:37.303 27726 27738 I art     : Explicit concurrent mark sweep GC freed 3(96B) AllocSpace objects, 0(0B) LOS objects, 23% free, 52MB/68MB, paused 368us total 19.191ms
08-04 14:30:37.311 27726 27738 I art     : Starting a blocking GC Explicit
08-04 14:30:37.330 27726 27738 I art     : Explicit concurrent mark sweep GC freed 3(96B) AllocSpace objects, 0(0B) LOS objects, 23% free, 52MB/68MB, paused 367us total 18.786ms
08-04 14:30:37.339 27726 27738 I art     : Starting a blocking GC Explicit
08-04 14:30:37.359 27726 27738 I art     : Explicit concurrent mark sweep GC freed 3(96B) AllocSpace objects, 0(0B) LOS objects, 23% free, 52MB/68MB, paused 398us total 19.682ms
08-04 14:30:37.649 27726 27739 I art     : Starting a blocking GC Explicit
08-04 14:30:37.675 27726 27739 I art     : Explicit concurrent mark sweep GC freed 1341(78KB) AllocSpace objects, 1(20KB) LOS objects, 23% free, 52MB/68MB, paused 425us total 25.023ms
08-04 14:30:37.686 27726 27739 I art     : Starting a blocking GC Explicit
08-04 14:30:37.710 27726 27739 I art     : Explicit concurrent mark sweep GC freed 20(704B) AllocSpace objects, 0(0B) LOS objects, 23% free, 52MB/68MB, paused 393us total 23.523ms
08-04 14:30:37.719 27726 27739 I art     : Starting a blocking GC Explicit
08-04 14:30:37.739 27726 27739 I art     : Explicit concurrent mark sweep GC freed 3(96B) AllocSpace objects, 0(0B) LOS objects, 23% free, 52MB/68MB, paused 381us total 19.786ms
08-04 14:30:37.747 27726 27739 I art     : Starting a blocking GC Explicit
08-04 14:30:37.767 27726 27739 I art     : Explicit concurrent mark sweep GC freed 3(96B) AllocSpace objects, 0(0B) LOS objects, 23% free, 52MB/68MB, paused 410us total 19.748ms
08-04 14:30:37.776 27726 27739 I art     : Starting a blocking GC Explicit
08-04 14:30:37.796 27726 27739 I art     : Explicit concurrent mark sweep GC freed 3(96B) AllocSpace objects, 0(0B) LOS objects, 23% free, 52MB/68MB, paused 375us total 19.627ms
08-04 14:30:38.085 27726 27763 I art     : Starting a blocking GC Explicit
08-04 14:30:38.109 27726 27763 I art     : Explicit concurrent mark sweep GC freed 1340(78KB) AllocSpace objects, 1(20KB) LOS objects, 23% free, 52MB/68MB, paused 380us total 24.393ms
08-04 14:30:38.123 27726 27763 I art     : Starting a blocking GC Explicit
08-04 14:30:38.142 27726 27763 I art     : Explicit concurrent mark sweep GC freed 20(704B) AllocSpace objects, 0(0B) LOS objects, 23% free, 52MB/68MB, paused 382us total 18.659ms
08-04 14:30:38.150 27726 27763 I art     : Starting a blocking GC Explicit
08-04 14:30:38.169 27726 27763 I art     : Explicit concurrent mark sweep GC freed 3(96B) AllocSpace objects, 0(0B) LOS objects, 23% free, 52MB/68MB, paused 378us total 18.353ms
08-04 14:30:38.177 27726 27763 I art     : Starting a blocking GC Explicit
08-04 14:30:38.195 27726 27763 I art     : Explicit concurrent mark sweep GC freed 3(96B) AllocSpace objects, 0(0B) LOS objects, 23% free, 52MB/68MB, paused 371us total 18.169ms
08-04 14:30:38.203 27726 27763 I art     : Starting a blocking GC Explicit
08-04 14:30:38.222 27726 27763 I art     : Explicit concurrent mark sweep GC freed 3(96B) AllocSpace objects, 0(0B) LOS objects, 23% free, 52MB/68MB, paused 380us total 18.143ms
08-04 14:30:38.493 27726 28206 I art     : Starting a blocking GC Explicit
08-04 14:30:38.513 27726 28206 I art     : Explicit concurrent mark sweep GC freed 1340(78KB) AllocSpace objects, 1(20KB) LOS objects, 23% free, 52MB/68MB, paused 390us total 19.392ms
08-04 14:30:38.521 27726 28206 I art     : Starting a blocking GC Explicit
08-04 14:30:38.534 29043 29043 D AndroidRuntime: >>>>>> START com.android.internal.os.RuntimeInit uid 2000 <<<<<<
08-04 14:30:38.539 29043 29043 D AndroidRuntime: CheckJNI is OFF
08-04 14:30:38.541 27726 28206 I art     : Explicit concurrent mark sweep GC freed 20(704B) AllocSpace objects, 0(0B) LOS objects, 23% free, 52MB/68MB, paused 436us total 19.360ms
08-04 14:30:38.549 27726 28206 I art     : Starting a blocking GC Explicit
08-04 14:30:38.567 27726 28206 I art     : Explicit concurrent mark sweep GC freed 3(96B) AllocSpace objects, 0(0B) LOS objects, 23% free, 52MB/68MB, paused 392us total 17.801ms
08-04 14:30:38.575 27726 28206 I art     : Starting a blocking GC Explicit
08-04 14:30:38.575 29043 29043 D ICU     : No timezone override file found: /data/misc/zoneinfo/current/icu/icu_tzdata.dat
08-04 14:30:38.593 27726 28206 I art     : Explicit concurrent mark sweep GC freed 3(96B) AllocSpace objects, 0(0B) LOS objects, 23% free, 52MB/68MB, paused 403us total 18.073ms
08-04 14:30:38.601 27726 28206 I art     : Starting a blocking GC Explicit
08-04 14:30:38.610 29043 29043 I Radio-JNI: register_android_hardware_Radio DONE
08-04 14:30:38.619 27726 28206 I art     : Explicit concurrent mark sweep GC freed 3(96B) AllocSpace objects, 0(0B) LOS objects, 23% free, 52MB/68MB, paused 395us total 17.971ms
08-04 14:30:38.633 29043 29043 D AndroidRuntime: Calling main entry com.android.commands.input.Input
08-04 14:30:38.635 29043 29043 I Input   : injectMotionEvent: MotionEvent { action=ACTION_DOWN, actionButton=0, id[0]=0, x[0]=733.0, y[0]=645.0, toolType[0]=TOOL_TYPE_UNKNOWN, buttonState=0, metaState=0, flags=0x0, edgeFlags=0x0, pointerCount=1, historySize=0, eventTime=714655047, downTime=714655047, deviceId=0, source=0x1002 }
08-04 14:30:38.640 29043 29043 I Input   : injectMotionEvent: MotionEvent { action=ACTION_UP, actionButton=0, id[0]=0, x[0]=733.0, y[0]=645.0, toolType[0]=TOOL_TYPE_UNKNOWN, buttonState=0, metaState=0, flags=0x0, edgeFlags=0x0, pointerCount=1, historySize=0, eventTime=714655047, downTime=714655047, deviceId=0, source=0x1002 }
08-04 14:30:38.641   918  6110 I ActivityManager: START u0 {cmp=baseline.appteam.nith.hillffair/.activities.ClubActivity (has extras)} from uid 10651 on display 0
08-04 14:30:38.648 29043 29043 D AndroidRuntime: Shutting down VM
08-04 14:30:38.749   918   936 I ActivityManager: Displayed baseline.appteam.nith.hillffair/.activities.ClubActivity: +101ms
08-04 14:30:38.752 13866 13866 I GoogleInputMethodServic: GoogleInputMethodService.onFinishInput():3138 
08-04 14:30:38.753 13866 13866 I GoogleInputMethodServic: GoogleInputMethodService.onStartInput():1808 
08-04 14:30:38.856 27726 27739 I art     : Starting a blocking GC Explicit
08-04 14:30:38.880 27726 27739 I art     : Explicit concurrent mark sweep GC freed 5284(330KB) AllocSpace objects, 1(20KB) LOS objects, 23% free, 52MB/68MB, paused 474us total 23.088ms
08-04 14:30:38.891 27726 27739 I art     : Starting a blocking GC Explicit
08-04 14:30:38.918 27726 27739 I art     : Explicit concurrent mark sweep GC freed 209(9KB) AllocSpace objects, 0(0B) LOS objects, 23% free, 52MB/68MB, paused 487us total 26.397ms
08-04 14:30:38.930 27726 27739 I art     : Starting a blocking GC Explicit
08-04 14:30:38.954 27726 27739 I art     : Explicit concurrent mark sweep GC freed 3(96B) AllocSpace objects, 0(0B) LOS objects, 23% free, 52MB/68MB, paused 444us total 23.719ms
08-04 14:30:38.963 27726 27739 I art     : Starting a blocking GC Explicit
08-04 14:30:38.982   380   380 W SurfaceFlinger: couldn't log to binary event log: overflow.
08-04 14:30:38.988 27726 27739 I art     : Explicit concurrent mark sweep GC freed 3(96B) AllocSpace objects, 0(0B) LOS objects, 23% free, 52MB/68MB, paused 468us total 23.932ms
08-04 14:30:38.997 27726 27739 I art     : Starting a blocking GC Explicit
08-04 14:30:39.015 27726 27739 I art     : Explicit concurrent mark sweep GC freed 3(96B) AllocSpace objects, 0(0B) LOS objects, 23% free, 52MB/68MB, paused 470us total 17.814ms
08-04 14:30:39.285 27726 27739 I art     : Starting a blocking GC Explicit
08-04 14:30:39.305 27726 27739 I art     : Explicit concurrent mark sweep GC freed 1474(85KB) AllocSpace objects, 1(20KB) LOS objects, 23% free, 52MB/68MB, paused 436us total 20.718ms
08-04 14:30:39.314 27726 27739 I art     : Starting a blocking GC Explicit
08-04 14:30:39.334 27726 27739 I art     : Explicit concurrent mark sweep GC freed 49(1680B) AllocSpace objects, 0(0B) LOS objects, 23% free, 52MB/68MB, paused 492us total 20.215ms
08-04 14:30:39.343 27726 27739 I art     : Starting a blocking GC Explicit
08-04 14:30:39.362 27726 27739 I art     : Explicit concurrent mark sweep GC freed 9(336B) AllocSpace objects, 0(0B) LOS objects, 23% free, 52MB/68MB, paused 438us total 19.406ms
08-04 14:30:39.371 27726 27739 I art     : Starting a blocking GC Explicit
08-04 14:30:39.390 27726 27739 I art     : Explicit concurrent mark sweep GC freed 13(480B) AllocSpace objects, 0(0B) LOS objects, 23% free, 52MB/68MB, paused 427us total 19.274ms
08-04 14:30:39.399 27726 27739 I art     : Starting a blocking GC Explicit
08-04 14:30:39.419 27726 27739 I art     : Explicit concurrent mark sweep GC freed 13(480B) AllocSpace objects, 0(0B) LOS objects, 23% free, 52MB/68MB, paused 419us total 19.731ms
08-04 14:30:39.473 27726 29066 D OkHttp  : --> GET https://api-hillfair-2k16.herokuapp.com/api/app/events/special/event?id=5806551bdcba0f490c70fd1f http/1.1
08-04 14:30:39.501 27726 29066 D OkHttp  : <-- 200 OK https://api-hillfair-2k16.herokuapp.com/api/app/events/special/event?id=5806551bdcba0f490c70fd1f (28ms, 795-byte body)
08-04 14:30:39.569 27726 27726 I NAPPA_EXPERIMENTATION: MetricNetworkRequestExecutionTime: REQUEST_DURATION_SYSTEM='896',REQUEST_DURATION_OKHTTP='28',REQUEST_SYNCHRONOUS='FALSE',RESPONSE_CODE='200',RESPONSE_METHOD='GET',RESPONSE_LENGTH_OKHTTP='795',RESPONSE_LENGTH_HEADER='795',REQUEST_PROTOCOL='http/1.1',REQUEST_URL='https://api-hillfair-2k16.herokuapp.com/api/app/events/special/event?id=5806551bdcba0f490c70fd1f',
08-04 14:30:39.688 27726 27738 I art     : Starting a blocking GC Explicit
08-04 14:30:39.711 27726 27738 I art     : Explicit concurrent mark sweep GC freed 4772(311KB) AllocSpace objects, 4(220KB) LOS objects, 23% free, 52MB/68MB, paused 416us total 22.648ms
08-04 14:30:39.721 27726 27738 I art     : Starting a blocking GC Explicit
08-04 14:30:39.741 27726 27738 I art     : Explicit concurrent mark sweep GC freed 1034(119KB) AllocSpace objects, 0(0B) LOS objects, 23% free, 52MB/68MB, paused 399us total 20.083ms
08-04 14:30:39.749 27726 27738 I art     : Starting a blocking GC Explicit
08-04 14:30:39.770 27726 27738 I art     : Explicit concurrent mark sweep GC freed 3(96B) AllocSpace objects, 0(0B) LOS objects, 23% free, 52MB/68MB, paused 378us total 20.349ms
08-04 14:30:39.778 27726 27738 I art     : Starting a blocking GC Explicit
08-04 14:30:39.798 27726 27738 I art     : Explicit concurrent mark sweep GC freed 3(96B) AllocSpace objects, 0(0B) LOS objects, 23% free, 52MB/68MB, paused 394us total 19.711ms
08-04 14:30:39.807 27726 27738 I art     : Starting a blocking GC Explicit
08-04 14:30:39.827 27726 27738 I art     : Explicit concurrent mark sweep GC freed 3(96B) AllocSpace objects, 0(0B) LOS objects, 23% free, 52MB/68MB, paused 440us total 20.046ms
08-04 14:30:40.114 27726 27763 I art     : Starting a blocking GC Explicit
08-04 14:30:40.143 27726 27763 I art     : Explicit concurrent mark sweep GC freed 1341(78KB) AllocSpace objects, 1(20KB) LOS objects, 23% free, 52MB/68MB, paused 434us total 27.943ms
08-04 14:30:40.155 27726 27763 I art     : Starting a blocking GC Explicit
08-04 14:30:40.177 27726 27763 I art     : Explicit concurrent mark sweep GC freed 36(1264B) AllocSpace objects, 0(0B) LOS objects, 23% free, 52MB/68MB, paused 470us total 21.789ms
08-04 14:30:40.186 27726 27763 I art     : Starting a blocking GC Explicit
08-04 14:30:40.206 27726 27763 I art     : Explicit concurrent mark sweep GC freed 3(96B) AllocSpace objects, 0(0B) LOS objects, 23% free, 52MB/68MB, paused 392us total 20.390ms
08-04 14:30:40.215 27726 27763 I art     : Starting a blocking GC Explicit
08-04 14:30:40.236 27726 27763 I art     : Explicit concurrent mark sweep GC freed 3(96B) AllocSpace objects, 0(0B) LOS objects, 23% free, 52MB/68MB, paused 411us total 21.090ms
08-04 14:30:40.245 27726 27763 I art     : Starting a blocking GC Explicit
08-04 14:30:40.266 27726 27763 I art     : Explicit concurrent mark sweep GC freed 3(96B) AllocSpace objects, 0(0B) LOS objects, 23% free, 52MB/68MB, paused 395us total 20.590ms
08-04 14:30:40.585 27726 28206 I art     : Starting a blocking GC Explicit
08-04 14:30:40.612 27726 28206 I art     : Explicit concurrent mark sweep GC freed 1341(78KB) AllocSpace objects, 1(20KB) LOS objects, 23% free, 52MB/68MB, paused 481us total 26.916ms
08-04 14:30:40.628 27726 28206 I art     : Starting a blocking GC Explicit
08-04 14:30:40.649 27726 28206 I art     : Explicit concurrent mark sweep GC freed 20(704B) AllocSpace objects, 0(0B) LOS objects, 23% free, 52MB/68MB, paused 394us total 20.136ms
08-04 14:30:40.657 27726 28206 I art     : Starting a blocking GC Explicit
08-04 14:30:40.658 21770 21770 I ServiceManager: Waiting for service AtCmdFwd...
08-04 14:30:40.677 27726 28206 I art     : Explicit concurrent mark sweep GC freed 3(96B) AllocSpace objects, 0(0B) LOS objects, 23% free, 52MB/68MB, paused 413us total 20.003ms
08-04 14:30:40.686 27726 28206 I art     : Starting a blocking GC Explicit
08-04 14:30:40.707 27726 28206 I art     : Explicit concurrent mark sweep GC freed 3(96B) AllocSpace objects, 0(0B) LOS objects, 23% free, 52MB/68MB, paused 400us total 20.537ms
08-04 14:30:40.715 27726 28206 I art     : Starting a blocking GC Explicit
08-04 14:30:40.736 27726 28206 I art     : Explicit concurrent mark sweep GC freed 3(96B) AllocSpace objects, 0(0B) LOS objects, 23% free, 52MB/68MB, paused 402us total 20.570ms
08-04 14:30:41.039 27726 27739 I art     : Starting a blocking GC Explicit
08-04 14:30:41.062 27726 27739 I art     : Explicit concurrent mark sweep GC freed 1341(78KB) AllocSpace objects, 1(20KB) LOS objects, 23% free, 52MB/68MB, paused 421us total 22.772ms
08-04 14:30:41.073 27726 27739 I art     : Starting a blocking GC Explicit
08-04 14:30:41.094 27726 27739 I art     : Explicit concurrent mark sweep GC freed 20(704B) AllocSpace objects, 0(0B) LOS objects, 23% free, 52MB/68MB, paused 413us total 20.560ms
08-04 14:30:41.103 27726 27739 I art     : Starting a blocking GC Explicit
08-04 14:30:41.123 27726 27739 I art     : Explicit concurrent mark sweep GC freed 3(96B) AllocSpace objects, 0(0B) LOS objects, 23% free, 52MB/68MB, paused 457us total 20.211ms
08-04 14:30:41.132 27726 27739 I art     : Starting a blocking GC Explicit
08-04 14:30:41.153 27726 27739 I art     : Explicit concurrent mark sweep GC freed 3(96B) AllocSpace objects, 0(0B) LOS objects, 23% free, 52MB/68MB, paused 407us total 20.875ms
08-04 14:30:41.162 27726 27739 I art     : Starting a blocking GC Explicit
08-04 14:30:41.183 27726 27739 I art     : Explicit concurrent mark sweep GC freed 3(96B) AllocSpace objects, 0(0B) LOS objects, 23% free, 52MB/68MB, paused 414us total 20.405ms
08-04 14:30:41.488 27726 27738 I art     : Starting a blocking GC Explicit
08-04 14:30:41.515 27726 27738 I art     : Explicit concurrent mark sweep GC freed 1341(78KB) AllocSpace objects, 1(20KB) LOS objects, 23% free, 52MB/68MB, paused 429us total 25.944ms
08-04 14:30:41.527 27726 27738 I art     : Starting a blocking GC Explicit
08-04 14:30:41.553 27726 27738 I art     : Explicit concurrent mark sweep GC freed 20(704B) AllocSpace objects, 0(0B) LOS objects, 23% free, 52MB/68MB, paused 442us total 25.296ms
08-04 14:30:41.563 27726 27738 I art     : Starting a blocking GC Explicit
08-04 14:30:41.584 27726 27738 I art     : Explicit concurrent mark sweep GC freed 3(96B) AllocSpace objects, 0(0B) LOS objects, 23% free, 52MB/68MB, paused 395us total 20.584ms
08-04 14:30:41.593 27726 27738 I art     : Starting a blocking GC Explicit
08-04 14:30:41.613 27726 27738 I art     : Explicit concurrent mark sweep GC freed 3(96B) AllocSpace objects, 0(0B) LOS objects, 23% free, 52MB/68MB, paused 399us total 20.061ms
08-04 14:30:41.622 27726 27738 I art     : Starting a blocking GC Explicit
08-04 14:30:41.642 27726 27738 I art     : Explicit concurrent mark sweep GC freed 3(96B) AllocSpace objects, 0(0B) LOS objects, 23% free, 52MB/68MB, paused 406us total 20.495ms
08-04 14:30:41.659 21770 21770 I ServiceManager: Waiting for service AtCmdFwd...
08-04 14:30:41.965 27726 27763 I art     : Starting a blocking GC Explicit
08-04 14:30:41.996 27726 27763 I art     : Explicit concurrent mark sweep GC freed 1341(78KB) AllocSpace objects, 1(20KB) LOS objects, 23% free, 52MB/68MB, paused 423us total 30.796ms
08-04 14:30:42.008 27726 27763 I art     : Starting a blocking GC Explicit
08-04 14:30:42.029 27726 27763 I art     : Explicit concurrent mark sweep GC freed 20(704B) AllocSpace objects, 0(0B) LOS objects, 23% free, 52MB/68MB, paused 431us total 20.712ms
08-04 14:30:42.037 27726 27763 I art     : Starting a blocking GC Explicit
08-04 14:30:42.057 27726 27763 I art     : Explicit concurrent mark sweep GC freed 3(96B) AllocSpace objects, 0(0B) LOS objects, 23% free, 52MB/68MB, paused 407us total 19.909ms
08-04 14:30:42.066 27726 27763 I art     : Starting a blocking GC Explicit
08-04 14:30:42.086 27726 27763 I art     : Explicit concurrent mark sweep GC freed 3(96B) AllocSpace objects, 0(0B) LOS objects, 23% free, 52MB/68MB, paused 391us total 20.416ms
08-04 14:30:42.095 27726 27763 I art     : Starting a blocking GC Explicit
08-04 14:30:42.116 27726 27763 I art     : Explicit concurrent mark sweep GC freed 3(96B) AllocSpace objects, 0(0B) LOS objects, 23% free, 52MB/68MB, paused 385us total 20.468ms
08-04 14:30:42.417 27726 28206 I art     : Starting a blocking GC Explicit
08-04 14:30:42.449 27726 28206 I art     : Explicit concurrent mark sweep GC freed 1341(78KB) AllocSpace objects, 1(20KB) LOS objects, 23% free, 52MB/68MB, paused 442us total 31.017ms
08-04 14:30:42.461 27726 28206 I art     : Starting a blocking GC Explicit
08-04 14:30:42.485 27726 28206 I art     : Explicit concurrent mark sweep GC freed 20(704B) AllocSpace objects, 0(0B) LOS objects, 23% free, 52MB/68MB, paused 397us total 23.854ms
08-04 14:30:42.493 27726 28206 I art     : Starting a blocking GC Explicit
08-04 14:30:42.515 27726 28206 I art     : Explicit concurrent mark sweep GC freed 3(96B) AllocSpace objects, 0(0B) LOS objects, 23% free, 52MB/68MB, paused 390us total 20.804ms
08-04 14:30:42.523 27726 28206 I art     : Starting a blocking GC Explicit
08-04 14:30:42.544 27726 28206 I art     : Explicit concurrent mark sweep GC freed 3(96B) AllocSpace objects, 0(0B) LOS objects, 23% free, 52MB/68MB, paused 409us total 20.668ms
08-04 14:30:42.553 27726 28206 I art     : Starting a blocking GC Explicit
08-04 14:30:42.574 27726 28206 I art     : Explicit concurrent mark sweep GC freed 3(96B) AllocSpace objects, 0(0B) LOS objects, 23% free, 52MB/68MB, paused 405us total 20.956ms
08-04 14:30:42.659 21770 21770 I ServiceManager: Waiting for service AtCmdFwd...
08-04 14:30:42.877 27726 27739 I art     : Starting a blocking GC Explicit
08-04 14:30:42.898 27726 27739 I art     : Explicit concurrent mark sweep GC freed 1341(78KB) AllocSpace objects, 1(20KB) LOS objects, 23% free, 52MB/68MB, paused 411us total 21.098ms
08-04 14:30:42.907 27726 27739 I art     : Starting a blocking GC Explicit
08-04 14:30:42.927 27726 27739 I art     : Explicit concurrent mark sweep GC freed 20(704B) AllocSpace objects, 0(0B) LOS objects, 23% free, 52MB/68MB, paused 920us total 19.971ms
08-04 14:30:42.935 27726 27739 I art     : Starting a blocking GC Explicit
08-04 14:30:42.955 27726 27739 I art     : Explicit concurrent mark sweep GC freed 3(96B) AllocSpace objects, 0(0B) LOS objects, 23% free, 52MB/68MB, paused 397us total 19.699ms
08-04 14:30:42.963 27726 27739 I art     : Starting a blocking GC Explicit
08-04 14:30:42.983 27726 27739 I art     : Explicit concurrent mark sweep GC freed 3(96B) AllocSpace objects, 0(0B) LOS objects, 23% free, 52MB/68MB, paused 388us total 19.371ms
08-04 14:30:42.991 27726 27739 I art     : Starting a blocking GC Explicit
08-04 14:30:43.011 27726 27739 I art     : Explicit concurrent mark sweep GC freed 3(96B) AllocSpace objects, 0(0B) LOS objects, 23% free, 52MB/68MB, paused 409us total 19.698ms
08-04 14:30:43.306 27726 27738 I art     : Starting a blocking GC Explicit
08-04 14:30:43.311 29169 29169 D AndroidRuntime: >>>>>> START com.android.internal.os.RuntimeInit uid 2000 <<<<<<
08-04 14:30:43.316 29169 29169 D AndroidRuntime: CheckJNI is OFF
08-04 14:30:43.327 27726 27738 I art     : Explicit concurrent mark sweep GC freed 1341(78KB) AllocSpace objects, 1(20KB) LOS objects, 23% free, 52MB/68MB, paused 514us total 21.179ms
08-04 14:30:43.336 27726 27738 I art     : Starting a blocking GC Explicit
08-04 14:30:43.352 29169 29169 D ICU     : No timezone override file found: /data/misc/zoneinfo/current/icu/icu_tzdata.dat
08-04 14:30:43.355 27726 27738 I art     : Explicit concurrent mark sweep GC freed 20(704B) AllocSpace objects, 0(0B) LOS objects, 23% free, 52MB/68MB, paused 407us total 18.816ms
08-04 14:30:43.363 27726 27738 I art     : Starting a blocking GC Explicit
08-04 14:30:43.381 27726 27738 I art     : Explicit concurrent mark sweep GC freed 3(96B) AllocSpace objects, 0(0B) LOS objects, 23% free, 52MB/68MB, paused 405us total 18.299ms
08-04 14:30:43.384 29169 29169 I Radio-JNI: register_android_hardware_Radio DONE
08-04 14:30:43.389 27726 27738 I art     : Starting a blocking GC Explicit
08-04 14:30:43.406 29169 29169 D AndroidRuntime: Calling main entry com.android.commands.input.Input
08-04 14:30:43.406   918  3261 D WifiStateMachine: starting scan for "H369AA63323"WPA_PSK with 2412,5180
08-04 14:30:43.408 29169 29169 I Input   : injectKeyEvent: KeyEvent { action=ACTION_DOWN, keyCode=KEYCODE_BACK, scanCode=0, metaState=0, flags=0x0, repeatCount=0, eventTime=714659820, downTime=714659820, deviceId=-1, source=0x101 }
08-04 14:30:43.408 27726 27738 I art     : Explicit concurrent mark sweep GC freed 3(96B) AllocSpace objects, 0(0B) LOS objects, 23% free, 52MB/68MB, paused 478us total 18.611ms
08-04 14:30:43.414 29169 29169 I Input   : injectKeyEvent: KeyEvent { action=ACTION_UP, keyCode=KEYCODE_BACK, scanCode=0, metaState=0, flags=0x0, repeatCount=0, eventTime=714659820, downTime=714659820, deviceId=-1, source=0x101 }
08-04 14:30:43.415 27726 27738 I art     : Starting a blocking GC Explicit
08-04 14:30:43.420 29169 29169 D AndroidRuntime: Shutting down VM
08-04 14:30:43.434 27726 27738 I art     : Explicit concurrent mark sweep GC freed 134(6KB) AllocSpace objects, 0(0B) LOS objects, 23% free, 52MB/68MB, paused 416us total 18.272ms
08-04 14:30:43.462 13866 13866 I GoogleInputMethodServic: GoogleInputMethodService.onFinishInput():3138 
08-04 14:30:43.463 13866 13866 I GoogleInputMethodServic: GoogleInputMethodService.onStartInput():1808 
08-04 14:30:43.580   518   646 I ThermalEngine: ACTION: GPU - Setting GPU[0] to 600000000
08-04 14:30:43.660 21770 21770 I ServiceManager: Waiting for service AtCmdFwd...
08-04 14:30:43.690 27726 27739 I art     : Starting a blocking GC Explicit
08-04 14:30:43.709 27726 27739 I art     : Explicit concurrent mark sweep GC freed 1381(79KB) AllocSpace objects, 1(20KB) LOS objects, 23% free, 52MB/68MB, paused 365us total 18.040ms
08-04 14:30:43.718 27726 27739 I art     : Starting a blocking GC Explicit
08-04 14:30:43.736 27726 27739 I art     : Explicit concurrent mark sweep GC freed 26(944B) AllocSpace objects, 0(0B) LOS objects, 23% free, 52MB/68MB, paused 358us total 18.390ms
08-04 14:30:43.743 27726 27739 I art     : Starting a blocking GC Explicit
08-04 14:30:43.754   380   380 W SurfaceFlinger: couldn't log to binary event log: overflow.
08-04 14:30:43.761 27726 27739 I art     : Explicit concurrent mark sweep GC freed 94(8KB) AllocSpace objects, 0(0B) LOS objects, 23% free, 52MB/68MB, paused 292us total 17.693ms
08-04 14:30:43.770 27726 27739 I art     : Starting a blocking GC Explicit
08-04 14:30:43.784 27726 27739 I art     : Explicit concurrent mark sweep GC freed 21(912B) AllocSpace objects, 0(0B) LOS objects, 23% free, 52MB/68MB, paused 315us total 13.857ms
08-04 14:30:43.790 27726 27739 I art     : Starting a blocking GC Explicit
08-04 14:30:43.804 27726 27739 I art     : Explicit concurrent mark sweep GC freed 1655(107KB) AllocSpace objects, 3(400KB) LOS objects, 23% free, 52MB/68MB, paused 295us total 14.109ms
08-04 14:30:44.089 27726 28206 I art     : Starting a blocking GC Explicit
08-04 14:30:44.112 27726 28206 I art     : Explicit concurrent mark sweep GC freed 1341(78KB) AllocSpace objects, 1(20KB) LOS objects, 23% free, 52MB/68MB, paused 391us total 23.382ms
08-04 14:30:44.123 27726 28206 I art     : Starting a blocking GC Explicit
08-04 14:30:44.140 27726 28206 I art     : Explicit concurrent mark sweep GC freed 20(704B) AllocSpace objects, 0(0B) LOS objects, 23% free, 52MB/68MB, paused 293us total 16.592ms
08-04 14:30:44.147 27726 28206 I art     : Starting a blocking GC Explicit
08-04 14:30:44.163 27726 28206 I art     : Explicit concurrent mark sweep GC freed 3(96B) AllocSpace objects, 0(0B) LOS objects, 23% free, 52MB/68MB, paused 285us total 15.650ms
08-04 14:30:44.169 27726 28206 I art     : Starting a blocking GC Explicit
08-04 14:30:44.185 27726 28206 I art     : Explicit concurrent mark sweep GC freed 3(96B) AllocSpace objects, 0(0B) LOS objects, 23% free, 52MB/68MB, paused 281us total 15.723ms
08-04 14:30:44.192 27726 28206 I art     : Starting a blocking GC Explicit
08-04 14:30:44.208 27726 28206 I art     : Explicit concurrent mark sweep GC freed 3(96B) AllocSpace objects, 0(0B) LOS objects, 23% free, 52MB/68MB, paused 290us total 15.656ms
08-04 14:30:44.489 27726 27738 I art     : Starting a blocking GC Explicit
08-04 14:30:44.508 27726 27738 I art     : Explicit concurrent mark sweep GC freed 1631(95KB) AllocSpace objects, 1(20KB) LOS objects, 23% free, 52MB/68MB, paused 349us total 19.215ms
08-04 14:30:44.516 27726 27738 I art     : Starting a blocking GC Explicit
08-04 14:30:44.533 27726 27738 I art     : Explicit concurrent mark sweep GC freed 48(1648B) AllocSpace objects, 0(0B) LOS objects, 23% free, 52MB/68MB, paused 338us total 17.147ms
08-04 14:30:44.540 27726 27738 I art     : Starting a blocking GC Explicit
08-04 14:30:44.557 27726 27738 I art     : Explicit concurrent mark sweep GC freed 660(26KB) AllocSpace objects, 0(0B) LOS objects, 23% free, 52MB/68MB, paused 545us total 16.730ms
08-04 14:30:44.564 27726 27738 I art     : Starting a blocking GC Explicit
08-04 14:30:44.580 27726 27738 I art     : Explicit concurrent mark sweep GC freed 1241(48KB) AllocSpace objects, 0(0B) LOS objects, 23% free, 52MB/68MB, paused 323us total 15.700ms
08-04 14:30:44.587 27726 27738 I art     : Starting a blocking GC Explicit
08-04 14:30:44.600 27726 29222 W OneSignal: OneSignalRestClient: POST Error thrown from network stack. 
08-04 14:30:44.600 27726 29222 W OneSignal: java.io.IOException: unexpected end of stream on Connection{api.onesignal.com:443, proxy=HTTP@192.168.2.12:8080 hostAddress=192.168.2.12 cipherSuite=TLS_ECDHE_RSA_WITH_AES_128_GCM_SHA256 protocol=http/1.1} (recycle count=0)
08-04 14:30:44.600 27726 29222 W OneSignal: 	at com.android.okhttp.internal.http.HttpConnection.readResponse(HttpConnection.java:210)
08-04 14:30:44.600 27726 29222 W OneSignal: 	at com.android.okhttp.internal.http.HttpTransport.readResponseHeaders(HttpTransport.java:80)
08-04 14:30:44.600 27726 29222 W OneSignal: 	at com.android.okhttp.internal.http.HttpEngine.readNetworkResponse(HttpEngine.java:904)
08-04 14:30:44.600 27726 29222 W OneSignal: 	at com.android.okhttp.internal.http.HttpEngine.readResponse(HttpEngine.java:788)
08-04 14:30:44.600 27726 29222 W OneSignal: 	at com.android.okhttp.internal.huc.HttpURLConnectionImpl.execute(HttpURLConnectionImpl.java:439)
08-04 14:30:44.600 27726 29222 W OneSignal: 	at com.android.okhttp.internal.huc.HttpURLConnectionImpl.getResponse(HttpURLConnectionImpl.java:384)
08-04 14:30:44.600 27726 29222 W OneSignal: 	at com.android.okhttp.internal.huc.HttpURLConnectionImpl.getResponseCode(HttpURLConnectionImpl.java:497)
08-04 14:30:44.600 27726 29222 W OneSignal: 	at com.android.okhttp.internal.huc.DelegatingHttpsURLConnection.getResponseCode(DelegatingHttpsURLConnection.java:105)
08-04 14:30:44.600 27726 29222 W OneSignal: 	at com.android.okhttp.internal.huc.HttpsURLConnectionImpl.getResponseCode(HttpsURLConnectionImpl.java)
08-04 14:30:44.600 27726 29222 W OneSignal: 	at com.onesignal.OneSignalRestClient.startHTTPConnection(OneSignalRestClient.java:180)
08-04 14:30:44.600 27726 29222 W OneSignal: 	at com.onesignal.OneSignalRestClient.access$100(OneSignalRestClient.java:44)
08-04 14:30:44.600 27726 29222 W OneSignal: 	at com.onesignal.OneSignalRestClient$4.run(OneSignalRestClient.java:110)
08-04 14:30:44.600 27726 29222 W OneSignal: 	at java.lang.Thread.run(Thread.java:818)
08-04 14:30:44.600 27726 29222 W OneSignal: Caused by: java.io.EOFException: \n not found: size=0 content=...
08-04 14:30:44.600 27726 29222 W OneSignal: 	at com.android.okhttp.okio.RealBufferedSource.readUtf8LineStrict(RealBufferedSource.java:200)
08-04 14:30:44.600 27726 29222 W OneSignal: 	at com.android.okhttp.internal.http.HttpConnection.readResponse(HttpConnection.java:191)
08-04 14:30:44.600 27726 29222 W OneSignal: 	... 12 more
08-04 14:30:44.601 27726 29224 W OneSignal: Failed last request. statusCode: -1
08-04 14:30:44.601 27726 29224 W OneSignal: response: null
08-04 14:30:44.603 27726 27738 I art     : Explicit concurrent mark sweep GC freed 162(47KB) AllocSpace objects, 0(0B) LOS objects, 23% free, 52MB/68MB, paused 335us total 16.010ms
08-04 14:30:44.660 21770 21770 I ServiceManager: Waiting for service AtCmdFwd...
08-04 14:30:44.843 27726 27763 I art     : Starting a blocking GC Explicit
08-04 14:30:44.860 27726 27763 I art     : Explicit concurrent mark sweep GC freed 1585(103KB) AllocSpace objects, 1(20KB) LOS objects, 23% free, 52MB/68MB, paused 301us total 15.864ms
08-04 14:30:44.866 27726 27763 I art     : Starting a blocking GC Explicit
08-04 14:30:44.882 27726 27763 I art     : Explicit concurrent mark sweep GC freed 20(704B) AllocSpace objects, 0(0B) LOS objects, 23% free, 52MB/68MB, paused 310us total 15.596ms
08-04 14:30:44.889 27726 27763 I art     : Starting a blocking GC Explicit
08-04 14:30:44.905 27726 27763 I art     : Explicit concurrent mark sweep GC freed 3(96B) AllocSpace objects, 0(0B) LOS objects, 23% free, 52MB/68MB, paused 308us total 15.469ms
08-04 14:30:44.912 27726 27763 I art     : Starting a blocking GC Explicit
08-04 14:30:44.927 27726 27763 I art     : Explicit concurrent mark sweep GC freed 3(96B) AllocSpace objects, 0(0B) LOS objects, 23% free, 52MB/68MB, paused 329us total 15.028ms
08-04 14:30:44.933 27726 27763 I art     : Starting a blocking GC Explicit
08-04 14:30:44.949 27726 27763 I art     : Explicit concurrent mark sweep GC freed 3(96B) AllocSpace objects, 0(0B) LOS objects, 23% free, 52MB/68MB, paused 291us total 15.037ms
08-04 14:30:44.974 29225 29225 D AndroidRuntime: >>>>>> START com.android.internal.os.RuntimeInit uid 2000 <<<<<<
08-04 14:30:44.978 29225 29225 D AndroidRuntime: CheckJNI is OFF
08-04 14:30:45.004 29225 29225 D ICU     : No timezone override file found: /data/misc/zoneinfo/current/icu/icu_tzdata.dat
08-04 14:30:45.030 29225 29225 I Radio-JNI: register_android_hardware_Radio DONE
08-04 14:30:45.047 29225 29225 D AndroidRuntime: Calling main entry com.android.commands.input.Input
08-04 14:30:45.048 29225 29225 I Input   : injectKeyEvent: KeyEvent { action=ACTION_DOWN, keyCode=KEYCODE_BACK, scanCode=0, metaState=0, flags=0x0, repeatCount=0, eventTime=714661461, downTime=714661461, deviceId=-1, source=0x101 }
08-04 14:30:45.055 29225 29225 I Input   : injectKeyEvent: KeyEvent { action=ACTION_UP, keyCode=KEYCODE_BACK, scanCode=0, metaState=0, flags=0x0, repeatCount=0, eventTime=714661461, downTime=714661461, deviceId=-1, source=0x101 }
08-04 14:30:45.061 29225 29225 D AndroidRuntime: Shutting down VM
08-04 14:30:45.105 13866 13866 I GoogleInputMethodServic: GoogleInputMethodService.onFinishInput():3138 
08-04 14:30:45.105 13866 13866 I GoogleInputMethodServic: GoogleInputMethodService.onStartInput():1808 
08-04 14:30:45.186 27726 27763 I art     : Starting a blocking GC Explicit
08-04 14:30:45.201 27726 27763 I art     : Explicit concurrent mark sweep GC freed 1550(87KB) AllocSpace objects, 1(20KB) LOS objects, 23% free, 52MB/68MB, paused 312us total 15.086ms
08-04 14:30:45.208 27726 27763 I art     : Starting a blocking GC Explicit
08-04 14:30:45.227 27726 27763 I art     : Explicit concurrent mark sweep GC freed 24(864B) AllocSpace objects, 0(0B) LOS objects, 23% free, 52MB/68MB, paused 342us total 18.978ms
08-04 14:30:45.236 27726 27763 I art     : Starting a blocking GC Explicit
08-04 14:30:45.254 27726 27763 I art     : Explicit concurrent mark sweep GC freed 3(96B) AllocSpace objects, 0(0B) LOS objects, 23% free, 52MB/68MB, paused 307us total 17.569ms
08-04 14:30:45.262 27726 27763 I art     : Starting a blocking GC Explicit
08-04 14:30:45.281 27726 27763 I art     : Explicit concurrent mark sweep GC freed 3(96B) AllocSpace objects, 0(0B) LOS objects, 23% free, 52MB/68MB, paused 371us total 18.388ms
08-04 14:30:45.288 27726 27763 I art     : Starting a blocking GC Explicit
08-04 14:30:45.306 27726 27763 I art     : Explicit concurrent mark sweep GC freed 3(96B) AllocSpace objects, 0(0B) LOS objects, 23% free, 52MB/68MB, paused 271us total 17.783ms
08-04 14:30:45.545 27726 27739 I art     : Starting a blocking GC Explicit
08-04 14:30:45.560 27726 27739 I art     : Explicit concurrent mark sweep GC freed 2404(129KB) AllocSpace objects, 1(20KB) LOS objects, 23% free, 52MB/68MB, paused 313us total 14.764ms
08-04 14:30:45.566 27726 27739 I art     : Starting a blocking GC Explicit
08-04 14:30:45.580 27726 27739 I art     : Explicit concurrent mark sweep GC freed 2100(127KB) AllocSpace objects, 2(140KB) LOS objects, 23% free, 51MB/67MB, paused 304us total 13.871ms
08-04 14:30:45.584   518   646 I ThermalEngine: ACTION: GPU - Setting GPU[0] to 510000000
08-04 14:30:45.588 27726 27739 I art     : Starting a blocking GC Explicit
08-04 14:30:45.605 27726 27739 I art     : Explicit concurrent mark sweep GC freed 3(96B) AllocSpace objects, 0(0B) LOS objects, 23% free, 51MB/67MB, paused 401us total 16.792ms
08-04 14:30:45.613 27726 27739 I art     : Starting a blocking GC Explicit
08-04 14:30:45.630 27726 27739 I art     : Explicit concurrent mark sweep GC freed 3(96B) AllocSpace objects, 0(0B) LOS objects, 23% free, 51MB/67MB, paused 396us total 17.131ms
08-04 14:30:45.638 27726 27739 I art     : Starting a blocking GC Explicit
08-04 14:30:45.655 27726 27739 I art     : Explicit concurrent mark sweep GC freed 3(96B) AllocSpace objects, 0(0B) LOS objects, 23% free, 51MB/67MB, paused 411us total 16.374ms
08-04 14:30:45.661 21770 21770 W Atfwd_Sendcmd: AtCmdFwd service not published, waiting... retryCnt : 3
08-04 14:30:45.929 27726 27763 I art     : Starting a blocking GC Explicit
08-04 14:30:45.949 27726 27763 I art     : Explicit concurrent mark sweep GC freed 1340(78KB) AllocSpace objects, 1(20KB) LOS objects, 23% free, 51MB/67MB, paused 480us total 19.814ms
08-04 14:30:45.957 27726 27763 I art     : Starting a blocking GC Explicit
08-04 14:30:45.976 27726 27763 I art     : Explicit concurrent mark sweep GC freed 20(704B) AllocSpace objects, 0(0B) LOS objects, 23% free, 51MB/67MB, paused 396us total 18.522ms
08-04 14:30:45.984 27726 27763 I art     : Starting a blocking GC Explicit
08-04 14:30:46.002 27726 27763 I art     : Explicit concurrent mark sweep GC freed 3(96B) AllocSpace objects, 0(0B) LOS objects, 23% free, 51MB/67MB, paused 402us total 17.890ms
08-04 14:30:46.010 27726 27763 I art     : Starting a blocking GC Explicit
08-04 14:30:46.029 27726 27763 I art     : Explicit concurrent mark sweep GC freed 3(96B) AllocSpace objects, 0(0B) LOS objects, 23% free, 51MB/67MB, paused 401us total 18.775ms
08-04 14:30:46.038 27726 27763 I art     : Starting a blocking GC Explicit
08-04 14:30:46.057 27726 27763 I art     : Explicit concurrent mark sweep GC freed 3(96B) AllocSpace objects, 0(0B) LOS objects, 23% free, 51MB/67MB, paused 487us total 18.771ms
08-04 14:30:46.336 27726 27738 I art     : Starting a blocking GC Explicit
08-04 14:30:46.356 27726 27738 I art     : Explicit concurrent mark sweep GC freed 1338(78KB) AllocSpace objects, 1(20KB) LOS objects, 23% free, 51MB/67MB, paused 433us total 19.124ms
08-04 14:30:46.364 27726 27738 I art     : Starting a blocking GC Explicit
08-04 14:30:46.383 27726 27738 I art     : Explicit concurrent mark sweep GC freed 20(704B) AllocSpace objects, 0(0B) LOS objects, 23% free, 51MB/67MB, paused 403us total 18.277ms
08-04 14:30:46.391 27726 27738 I art     : Starting a blocking GC Explicit
08-04 14:30:46.409 27726 27738 I art     : Explicit concurrent mark sweep GC freed 3(96B) AllocSpace objects, 0(0B) LOS objects, 23% free, 51MB/67MB, paused 402us total 17.923ms
08-04 14:30:46.417 27726 27738 I art     : Starting a blocking GC Explicit
08-04 14:30:46.435 27726 27738 I art     : Explicit concurrent mark sweep GC freed 3(96B) AllocSpace objects, 0(0B) LOS objects, 23% free, 51MB/67MB, paused 394us total 17.688ms
08-04 14:30:46.443 27726 27738 I art     : Starting a blocking GC Explicit
08-04 14:30:46.461 27726 27738 I art     : Explicit concurrent mark sweep GC freed 3(96B) AllocSpace objects, 0(0B) LOS objects, 23% free, 51MB/67MB, paused 404us total 17.867ms
08-04 14:30:46.702 29289 29289 D AndroidRuntime: >>>>>> START com.android.internal.os.RuntimeInit uid 2000 <<<<<<
08-04 14:30:46.707 29289 29289 D AndroidRuntime: CheckJNI is OFF
08-04 14:30:46.736 27726 28206 I art     : Starting a blocking GC Explicit
08-04 14:30:46.741 29289 29289 D ICU     : No timezone override file found: /data/misc/zoneinfo/current/icu/icu_tzdata.dat
08-04 14:30:46.755 27726 28206 I art     : Explicit concurrent mark sweep GC freed 1338(78KB) AllocSpace objects, 1(20KB) LOS objects, 23% free, 51MB/67MB, paused 470us total 19.045ms
08-04 14:30:46.764 27726 28206 I art     : Starting a blocking GC Explicit
08-04 14:30:46.775 29289 29289 I Radio-JNI: register_android_hardware_Radio DONE
08-04 14:30:46.781 27726 28206 I art     : Explicit concurrent mark sweep GC freed 20(704B) AllocSpace objects, 0(0B) LOS objects, 23% free, 51MB/67MB, paused 438us total 16.705ms
08-04 14:30:46.788 27726 28206 I art     : Starting a blocking GC Explicit
08-04 14:30:46.797 29289 29289 D AndroidRuntime: Calling main entry com.android.commands.input.Input
08-04 14:30:46.798 29289 29289 I Input   : injectMotionEvent: MotionEvent { action=ACTION_DOWN, actionButton=0, id[0]=0, x[0]=337.0, y[0]=1104.0, toolType[0]=TOOL_TYPE_UNKNOWN, buttonState=0, metaState=0, flags=0x0, edgeFlags=0x0, pointerCount=1, historySize=0, eventTime=714663211, downTime=714663211, deviceId=0, source=0x1002 }
08-04 14:30:46.803 29289 29289 I Input   : injectMotionEvent: MotionEvent { action=ACTION_UP, actionButton=0, id[0]=0, x[0]=337.0, y[0]=1104.0, toolType[0]=TOOL_TYPE_UNKNOWN, buttonState=0, metaState=0, flags=0x0, edgeFlags=0x0, pointerCount=1, historySize=0, eventTime=714663211, downTime=714663211, deviceId=0, source=0x1002 }
08-04 14:30:46.804   918  6029 I ActivityManager: START u0 {cmp=baseline.appteam.nith.hillffair/.activities.BattleDayActivity} from uid 10651 on display 0
08-04 14:30:46.805 27726 28206 I art     : Explicit concurrent mark sweep GC freed 6(192B) AllocSpace objects, 0(0B) LOS objects, 23% free, 51MB/67MB, paused 586us total 17.009ms
08-04 14:30:46.811 29289 29289 D AndroidRuntime: Shutting down VM
08-04 14:30:46.813 27726 28206 I art     : Starting a blocking GC Explicit
08-04 14:30:46.834 27726 28206 I art     : Explicit concurrent mark sweep GC freed 557(37KB) AllocSpace objects, 0(0B) LOS objects, 23% free, 51MB/67MB, paused 741us total 20.744ms
08-04 14:30:46.842 27726 28206 I art     : Starting a blocking GC Explicit
08-04 14:30:46.862 27726 28206 I art     : Explicit concurrent mark sweep GC freed 4436(265KB) AllocSpace objects, 0(0B) LOS objects, 23% free, 51MB/67MB, paused 452us total 19.590ms
08-04 14:30:46.884 13866 13866 I GoogleInputMethodServic: GoogleInputMethodService.onFinishInput():3138 
08-04 14:30:46.885 13866 13866 I GoogleInputMethodServic: GoogleInputMethodService.onStartInput():1808 
08-04 14:30:46.904   918   936 I ActivityManager: Displayed baseline.appteam.nith.hillffair/.activities.BattleDayActivity: +93ms
08-04 14:30:47.113 27726 27739 I art     : Starting a blocking GC Explicit
08-04 14:30:47.139 27726 27739 I art     : Explicit concurrent mark sweep GC freed 1594(90KB) AllocSpace objects, 1(20KB) LOS objects, 23% free, 52MB/68MB, paused 477us total 25.491ms
08-04 14:30:47.151 27726 27739 I art     : Starting a blocking GC Explicit
08-04 14:30:47.170   380   380 W SurfaceFlinger: couldn't log to binary event log: overflow.
08-04 14:30:47.178 27726 27739 I art     : Explicit concurrent mark sweep GC freed 36(1312B) AllocSpace objects, 0(0B) LOS objects, 23% free, 52MB/68MB, paused 557us total 26.616ms
08-04 14:30:47.191 27726 27739 I art     : Starting a blocking GC Explicit
08-04 14:30:47.209 27726 27739 I art     : Explicit concurrent mark sweep GC freed 3(96B) AllocSpace objects, 0(0B) LOS objects, 23% free, 52MB/68MB, paused 516us total 17.563ms
08-04 14:30:47.216 27726 27739 I art     : Starting a blocking GC Explicit
08-04 14:30:47.233 27726 27739 I art     : Explicit concurrent mark sweep GC freed 3(96B) AllocSpace objects, 0(0B) LOS objects, 23% free, 52MB/68MB, paused 397us total 16.851ms
08-04 14:30:47.241 27726 27739 I art     : Starting a blocking GC Explicit
08-04 14:30:47.258 27726 27739 I art     : Explicit concurrent mark sweep GC freed 3(96B) AllocSpace objects, 0(0B) LOS objects, 23% free, 52MB/68MB, paused 484us total 17.043ms
08-04 14:30:47.465 27726 29312 D OkHttp  : --> GET https://api-hillfair-2k16.herokuapp.com/api/app/events/special http/1.1
08-04 14:30:47.493 27726 29312 D OkHttp  : <-- 200 OK https://api-hillfair-2k16.herokuapp.com/api/app/events/special (27ms, 554-byte body)
08-04 14:30:47.519 27726 28206 I art     : Starting a blocking GC Explicit
08-04 14:30:47.540 27726 28206 I art     : Explicit concurrent mark sweep GC freed 4263(251KB) AllocSpace objects, 4(220KB) LOS objects, 23% free, 52MB/68MB, paused 533us total 21.251ms
08-04 14:30:47.545 27726 27726 I NAPPA_EXPERIMENTATION: MetricNetworkRequestExecutionTime: REQUEST_DURATION_SYSTEM='706',REQUEST_DURATION_OKHTTP='27',REQUEST_SYNCHRONOUS='FALSE',RESPONSE_CODE='200',RESPONSE_METHOD='GET',RESPONSE_LENGTH_OKHTTP='554',RESPONSE_LENGTH_HEADER='554',REQUEST_PROTOCOL='http/1.1',REQUEST_URL='https://api-hillfair-2k16.herokuapp.com/api/app/events/special',
08-04 14:30:47.549 27726 28206 I art     : Starting a blocking GC Explicit
08-04 14:30:47.568 27726 28206 I art     : Explicit concurrent mark sweep GC freed 1569(176KB) AllocSpace objects, 0(0B) LOS objects, 23% free, 52MB/68MB, paused 663us total 18.822ms
08-04 14:30:47.576 27726 28206 I art     : Starting a blocking GC Explicit
08-04 14:30:47.595 27726 28206 I art     : Explicit concurrent mark sweep GC freed 290(10KB) AllocSpace objects, 0(0B) LOS objects, 23% free, 52MB/68MB, paused 424us total 19.102ms
08-04 14:30:47.603 27726 28206 I art     : Starting a blocking GC Explicit
08-04 14:30:47.622 27726 28206 I art     : Explicit concurrent mark sweep GC freed 30(1520B) AllocSpace objects, 0(0B) LOS objects, 23% free, 52MB/68MB, paused 419us total 18.148ms
08-04 14:30:47.630 27726 28206 I art     : Starting a blocking GC Explicit
08-04 14:30:47.648 27726 28206 I art     : Explicit concurrent mark sweep GC freed 3(96B) AllocSpace objects, 0(0B) LOS objects, 23% free, 52MB/68MB, paused 446us total 18.505ms
08-04 14:30:47.926 27726 27738 I art     : Starting a blocking GC Explicit
08-04 14:30:47.955 27726 27738 I art     : Explicit concurrent mark sweep GC freed 1340(78KB) AllocSpace objects, 1(20KB) LOS objects, 23% free, 52MB/68MB, paused 471us total 28.861ms
08-04 14:30:47.969 27726 27738 I art     : Starting a blocking GC Explicit
08-04 14:30:47.990 27726 27738 I art     : Explicit concurrent mark sweep GC freed 20(704B) AllocSpace objects, 0(0B) LOS objects, 23% free, 52MB/68MB, paused 470us total 20.732ms
08-04 14:30:47.998 27726 27738 I art     : Starting a blocking GC Explicit
08-04 14:30:48.019 27726 27738 I art     : Explicit concurrent mark sweep GC freed 3(96B) AllocSpace objects, 0(0B) LOS objects, 23% free, 52MB/68MB, paused 428us total 20.008ms
08-04 14:30:48.027 27726 27738 I art     : Starting a blocking GC Explicit
08-04 14:30:48.048 27726 27738 I art     : Explicit concurrent mark sweep GC freed 3(96B) AllocSpace objects, 0(0B) LOS objects, 23% free, 52MB/68MB, paused 436us total 20.405ms
08-04 14:30:48.057 27726 27738 I art     : Starting a blocking GC Explicit
08-04 14:30:48.078 27726 27738 I art     : Explicit concurrent mark sweep GC freed 3(96B) AllocSpace objects, 0(0B) LOS objects, 23% free, 52MB/68MB, paused 438us total 20.636ms
08-04 14:30:48.358 27726 27739 I art     : Starting a blocking GC Explicit
08-04 14:30:48.380 27726 27739 I art     : Explicit concurrent mark sweep GC freed 1340(78KB) AllocSpace objects, 1(20KB) LOS objects, 23% free, 52MB/68MB, paused 476us total 21.953ms
08-04 14:30:48.392 27726 27739 I art     : Starting a blocking GC Explicit
08-04 14:30:48.414 27726 27739 I art     : Explicit concurrent mark sweep GC freed 20(704B) AllocSpace objects, 0(0B) LOS objects, 23% free, 52MB/68MB, paused 440us total 21.545ms
08-04 14:30:48.423 27726 27739 I art     : Starting a blocking GC Explicit
08-04 14:30:48.444 27726 27739 I art     : Explicit concurrent mark sweep GC freed 3(96B) AllocSpace objects, 0(0B) LOS objects, 23% free, 52MB/68MB, paused 448us total 20.564ms
08-04 14:30:48.452 27726 27739 I art     : Starting a blocking GC Explicit
08-04 14:30:48.473 27726 27739 I art     : Explicit concurrent mark sweep GC freed 3(96B) AllocSpace objects, 0(0B) LOS objects, 23% free, 52MB/68MB, paused 438us total 20.259ms
08-04 14:30:48.481 27726 27739 I art     : Starting a blocking GC Explicit
08-04 14:30:48.502 27726 27739 I art     : Explicit concurrent mark sweep GC freed 3(96B) AllocSpace objects, 0(0B) LOS objects, 23% free, 52MB/68MB, paused 434us total 20.520ms
08-04 14:30:48.816 27726 27763 I art     : Starting a blocking GC Explicit
08-04 14:30:48.847 27726 27763 I art     : Explicit concurrent mark sweep GC freed 1340(78KB) AllocSpace objects, 1(20KB) LOS objects, 23% free, 52MB/68MB, paused 513us total 30.510ms
08-04 14:30:48.860 27726 27763 I art     : Starting a blocking GC Explicit
08-04 14:30:48.882 27726 27763 I art     : Explicit concurrent mark sweep GC freed 20(704B) AllocSpace objects, 0(0B) LOS objects, 23% free, 52MB/68MB, paused 430us total 21.544ms
08-04 14:30:48.890 27726 27763 I art     : Starting a blocking GC Explicit
08-04 14:30:48.911 27726 27763 I art     : Explicit concurrent mark sweep GC freed 3(96B) AllocSpace objects, 0(0B) LOS objects, 23% free, 52MB/68MB, paused 443us total 20.165ms
08-04 14:30:48.919 27726 27763 I art     : Starting a blocking GC Explicit
08-04 14:30:48.940 27726 27763 I art     : Explicit concurrent mark sweep GC freed 3(96B) AllocSpace objects, 0(0B) LOS objects, 23% free, 52MB/68MB, paused 420us total 20.335ms
08-04 14:30:48.948 27726 27763 I art     : Starting a blocking GC Explicit
08-04 14:30:48.968 27726 27763 I art     : Explicit concurrent mark sweep GC freed 3(96B) AllocSpace objects, 0(0B) LOS objects, 23% free, 52MB/68MB, paused 429us total 19.942ms
08-04 14:30:49.259 27726 28206 I art     : Starting a blocking GC Explicit
08-04 14:30:49.283 27726 28206 I art     : Explicit concurrent mark sweep GC freed 1340(78KB) AllocSpace objects, 1(20KB) LOS objects, 23% free, 52MB/68MB, paused 471us total 24.124ms
08-04 14:30:49.295 27726 28206 I art     : Starting a blocking GC Explicit
08-04 14:30:49.316 27726 28206 I art     : Explicit concurrent mark sweep GC freed 20(704B) AllocSpace objects, 0(0B) LOS objects, 23% free, 52MB/68MB, paused 441us total 21.212ms
08-04 14:30:49.325 27726 28206 I art     : Starting a blocking GC Explicit
08-04 14:30:49.346 27726 28206 I art     : Explicit concurrent mark sweep GC freed 3(96B) AllocSpace objects, 0(0B) LOS objects, 23% free, 52MB/68MB, paused 442us total 20.369ms
08-04 14:30:49.354 27726 28206 I art     : Starting a blocking GC Explicit
08-04 14:30:49.375 27726 28206 I art     : Explicit concurrent mark sweep GC freed 3(96B) AllocSpace objects, 0(0B) LOS objects, 23% free, 52MB/68MB, paused 443us total 20.314ms
08-04 14:30:49.384 27726 28206 I art     : Starting a blocking GC Explicit
08-04 14:30:49.404 27726 28206 I art     : Explicit concurrent mark sweep GC freed 3(96B) AllocSpace objects, 0(0B) LOS objects, 23% free, 52MB/68MB, paused 419us total 20.386ms
08-04 14:30:49.695 27726 27738 I art     : Starting a blocking GC Explicit
08-04 14:30:49.717 27726 27738 I art     : Explicit concurrent mark sweep GC freed 1340(78KB) AllocSpace objects, 1(20KB) LOS objects, 23% free, 52MB/68MB, paused 434us total 21.489ms
08-04 14:30:49.729 27726 27738 I art     : Starting a blocking GC Explicit
08-04 14:30:49.753 27726 27738 I art     : Explicit concurrent mark sweep GC freed 20(704B) AllocSpace objects, 0(0B) LOS objects, 23% free, 52MB/68MB, paused 462us total 24.411ms
08-04 14:30:49.763 27726 27738 I art     : Starting a blocking GC Explicit
08-04 14:30:49.783 27726 27738 I art     : Explicit concurrent mark sweep GC freed 3(96B) AllocSpace objects, 0(0B) LOS objects, 23% free, 52MB/68MB, paused 432us total 20.582ms
08-04 14:30:49.792 27726 27738 I art     : Starting a blocking GC Explicit
08-04 14:30:49.812 27726 27738 I art     : Explicit concurrent mark sweep GC freed 3(96B) AllocSpace objects, 0(0B) LOS objects, 23% free, 52MB/68MB, paused 433us total 20.063ms
08-04 14:30:49.821 27726 27738 I art     : Starting a blocking GC Explicit
08-04 14:30:49.841 27726 27738 I art     : Explicit concurrent mark sweep GC freed 3(96B) AllocSpace objects, 0(0B) LOS objects, 23% free, 52MB/68MB, paused 421us total 20.195ms
08-04 14:30:50.127 27726 27739 I art     : Starting a blocking GC Explicit
08-04 14:30:50.155 27726 27739 I art     : Explicit concurrent mark sweep GC freed 1340(78KB) AllocSpace objects, 1(20KB) LOS objects, 23% free, 52MB/68MB, paused 486us total 27.489ms
08-04 14:30:50.167 27726 27739 I art     : Starting a blocking GC Explicit
08-04 14:30:50.189 27726 27739 I art     : Explicit concurrent mark sweep GC freed 20(704B) AllocSpace objects, 0(0B) LOS objects, 23% free, 52MB/68MB, paused 438us total 21.609ms
08-04 14:30:50.198 27726 27739 I art     : Starting a blocking GC Explicit
08-04 14:30:50.219 27726 27739 I art     : Explicit concurrent mark sweep GC freed 3(96B) AllocSpace objects, 0(0B) LOS objects, 23% free, 52MB/68MB, paused 419us total 20.728ms
08-04 14:30:50.219 27726 27737 I art     : WaitForGcToComplete blocked for 17.913ms for cause HeapTrim
08-04 14:30:50.228 27726 27739 I art     : Starting a blocking GC Explicit
08-04 14:30:50.248 27726 27739 I art     : Explicit concurrent mark sweep GC freed 3(96B) AllocSpace objects, 0(0B) LOS objects, 23% free, 52MB/68MB, paused 455us total 20.474ms
08-04 14:30:50.257 27726 27739 I art     : Starting a blocking GC Explicit
08-04 14:30:50.277 27726 27739 I art     : Explicit concurrent mark sweep GC freed 3(96B) AllocSpace objects, 0(0B) LOS objects, 23% free, 52MB/68MB, paused 430us total 19.396ms
08-04 14:30:50.579 27726 27763 I art     : Starting a blocking GC Explicit
08-04 14:30:50.608 27726 27763 I art     : Explicit concurrent mark sweep GC freed 1340(78KB) AllocSpace objects, 1(20KB) LOS objects, 23% free, 52MB/68MB, paused 571us total 28.687ms
08-04 14:30:50.619 27726 27763 I art     : Starting a blocking GC Explicit
08-04 14:30:50.643 27726 27763 I art     : Explicit concurrent mark sweep GC freed 20(704B) AllocSpace objects, 0(0B) LOS objects, 23% free, 52MB/68MB, paused 421us total 23.270ms
08-04 14:30:50.652 27726 27763 I art     : Starting a blocking GC Explicit
08-04 14:30:50.673 27726 27763 I art     : Explicit concurrent mark sweep GC freed 3(96B) AllocSpace objects, 0(0B) LOS objects, 23% free, 52MB/68MB, paused 428us total 20.529ms
08-04 14:30:50.681 27726 27763 I art     : Starting a blocking GC Explicit
08-04 14:30:50.702 27726 27763 I art     : Explicit concurrent mark sweep GC freed 3(96B) AllocSpace objects, 0(0B) LOS objects, 23% free, 52MB/68MB, paused 424us total 20.216ms
08-04 14:30:50.710 27726 27763 I art     : Starting a blocking GC Explicit
08-04 14:30:50.730 27726 27763 I art     : Explicit concurrent mark sweep GC freed 3(96B) AllocSpace objects, 0(0B) LOS objects, 23% free, 52MB/68MB, paused 425us total 19.859ms
08-04 14:30:51.030 27726 28206 I art     : Starting a blocking GC Explicit
08-04 14:30:51.058 27726 28206 I art     : Explicit concurrent mark sweep GC freed 1340(78KB) AllocSpace objects, 1(20KB) LOS objects, 23% free, 52MB/68MB, paused 665us total 27.143ms
08-04 14:30:51.071 27726 28206 I art     : Starting a blocking GC Explicit
08-04 14:30:51.090 27726 28206 I art     : Explicit concurrent mark sweep GC freed 20(704B) AllocSpace objects, 0(0B) LOS objects, 23% free, 52MB/68MB, paused 421us total 18.650ms
08-04 14:30:51.098 27726 28206 I art     : Starting a blocking GC Explicit
08-04 14:30:51.117 27726 28206 I art     : Explicit concurrent mark sweep GC freed 3(96B) AllocSpace objects, 0(0B) LOS objects, 23% free, 52MB/68MB, paused 542us total 18.803ms
08-04 14:30:51.125 27726 28206 I art     : Starting a blocking GC Explicit
08-04 14:30:51.144 27726 28206 I art     : Explicit concurrent mark sweep GC freed 3(96B) AllocSpace objects, 0(0B) LOS objects, 23% free, 52MB/68MB, paused 417us total 18.451ms
08-04 14:30:51.152 27726 28206 I art     : Starting a blocking GC Explicit
08-04 14:30:51.171 27726 28206 I art     : Explicit concurrent mark sweep GC freed 3(96B) AllocSpace objects, 0(0B) LOS objects, 23% free, 52MB/68MB, paused 447us total 19.303ms
08-04 14:30:51.457 27726 27738 I art     : Starting a blocking GC Explicit
08-04 14:30:51.461 29414 29414 D AndroidRuntime: >>>>>> START com.android.internal.os.RuntimeInit uid 2000 <<<<<<
08-04 14:30:51.467 29414 29414 D AndroidRuntime: CheckJNI is OFF
08-04 14:30:51.483 27726 27738 I art     : Explicit concurrent mark sweep GC freed 1340(78KB) AllocSpace objects, 1(20KB) LOS objects, 23% free, 52MB/68MB, paused 475us total 25.557ms
08-04 14:30:51.491 27726 27738 I art     : Starting a blocking GC Explicit
08-04 14:30:51.506 29414 29414 D ICU     : No timezone override file found: /data/misc/zoneinfo/current/icu/icu_tzdata.dat
08-04 14:30:51.511 27726 27738 I art     : Explicit concurrent mark sweep GC freed 20(704B) AllocSpace objects, 0(0B) LOS objects, 23% free, 52MB/68MB, paused 443us total 19.312ms
08-04 14:30:51.519 27726 27738 I art     : Starting a blocking GC Explicit
08-04 14:30:51.538 27726 27738 I art     : Explicit concurrent mark sweep GC freed 3(96B) AllocSpace objects, 0(0B) LOS objects, 23% free, 52MB/68MB, paused 435us total 18.531ms
08-04 14:30:51.542 29414 29414 I Radio-JNI: register_android_hardware_Radio DONE
08-04 14:30:51.546 27726 27738 I art     : Starting a blocking GC Explicit
08-04 14:30:51.564 29414 29414 D AndroidRuntime: Calling main entry com.android.commands.input.Input
08-04 14:30:51.565 27726 27738 I art     : Explicit concurrent mark sweep GC freed 3(96B) AllocSpace objects, 0(0B) LOS objects, 23% free, 52MB/68MB, paused 417us total 18.802ms
08-04 14:30:51.567 29414 29414 I Input   : injectMotionEvent: MotionEvent { action=ACTION_DOWN, actionButton=0, id[0]=0, x[0]=733.0, y[0]=645.0, toolType[0]=TOOL_TYPE_UNKNOWN, buttonState=0, metaState=0, flags=0x0, edgeFlags=0x0, pointerCount=1, historySize=0, eventTime=714667979, downTime=714667979, deviceId=0, source=0x1002 }
08-04 14:30:51.573 29414 29414 I Input   : injectMotionEvent: MotionEvent { action=ACTION_UP, actionButton=0, id[0]=0, x[0]=733.0, y[0]=645.0, toolType[0]=TOOL_TYPE_UNKNOWN, buttonState=0, metaState=0, flags=0x0, edgeFlags=0x0, pointerCount=1, historySize=0, eventTime=714667979, downTime=714667979, deviceId=0, source=0x1002 }
08-04 14:30:51.573 27726 27738 I art     : Starting a blocking GC Explicit
08-04 14:30:51.575   918  6029 I ActivityManager: START u0 {cmp=baseline.appteam.nith.hillffair/.activities.ClubActivity (has extras)} from uid 10651 on display 0
08-04 14:30:51.582 29414 29414 D AndroidRuntime: Shutting down VM
08-04 14:30:51.593 27726 27738 I art     : Explicit concurrent mark sweep GC freed 78(4KB) AllocSpace objects, 0(0B) LOS objects, 23% free, 52MB/68MB, paused 633us total 19.980ms
08-04 14:30:51.674   918   936 I ActivityManager: Displayed baseline.appteam.nith.hillffair/.activities.ClubActivity: +91ms
08-04 14:30:51.674 13866 13866 I GoogleInputMethodServic: GoogleInputMethodService.onFinishInput():3138 
08-04 14:30:51.675 13866 13866 I GoogleInputMethodServic: GoogleInputMethodService.onStartInput():1808 
08-04 14:30:51.830 27726 27739 I art     : Starting a blocking GC Explicit
08-04 14:30:51.863 27726 27739 I art     : Explicit concurrent mark sweep GC freed 5232(328KB) AllocSpace objects, 1(20KB) LOS objects, 23% free, 52MB/68MB, paused 635us total 32.356ms
08-04 14:30:51.875 27726 27739 I art     : Starting a blocking GC Explicit
08-04 14:30:51.899 27726 27739 I art     : Explicit concurrent mark sweep GC freed 214(10KB) AllocSpace objects, 0(0B) LOS objects, 23% free, 52MB/68MB, paused 559us total 23.462ms
08-04 14:30:51.911 27726 27739 I art     : Starting a blocking GC Explicit
08-04 14:30:51.937 27726 27739 I art     : Explicit concurrent mark sweep GC freed 3(96B) AllocSpace objects, 0(0B) LOS objects, 23% free, 52MB/68MB, paused 677us total 25.998ms
08-04 14:30:51.938   380   380 W SurfaceFlinger: couldn't log to binary event log: overflow.
08-04 14:30:51.946 27726 27739 I art     : Starting a blocking GC Explicit
08-04 14:30:51.968 27726 27739 I art     : Explicit concurrent mark sweep GC freed 3(96B) AllocSpace objects, 0(0B) LOS objects, 23% free, 52MB/68MB, paused 435us total 21.269ms
08-04 14:30:51.976 27726 27739 I art     : Starting a blocking GC Explicit
08-04 14:30:51.995 27726 27739 I art     : Explicit concurrent mark sweep GC freed 3(96B) AllocSpace objects, 0(0B) LOS objects, 23% free, 52MB/68MB, paused 474us total 18.283ms
08-04 14:30:52.267 27726 27739 I art     : Starting a blocking GC Explicit
08-04 14:30:52.289 27726 27739 I art     : Explicit concurrent mark sweep GC freed 1480(85KB) AllocSpace objects, 1(20KB) LOS objects, 23% free, 52MB/68MB, paused 493us total 22.011ms
08-04 14:30:52.298 27726 27739 I art     : Starting a blocking GC Explicit
08-04 14:30:52.320 27726 27739 I art     : Explicit concurrent mark sweep GC freed 56(1920B) AllocSpace objects, 0(0B) LOS objects, 23% free, 52MB/68MB, paused 505us total 22.478ms
08-04 14:30:52.329 27726 27739 I art     : Starting a blocking GC Explicit
08-04 14:30:52.349 27726 27739 I art     : Explicit concurrent mark sweep GC freed 13(480B) AllocSpace objects, 0(0B) LOS objects, 23% free, 52MB/68MB, paused 463us total 20.079ms
08-04 14:30:52.358 27726 27739 I art     : Starting a blocking GC Explicit
08-04 14:30:52.378 27726 27739 I art     : Explicit concurrent mark sweep GC freed 10(352B) AllocSpace objects, 0(0B) LOS objects, 23% free, 52MB/68MB, paused 465us total 20.145ms
08-04 14:30:52.387 27726 27739 I art     : Starting a blocking GC Explicit
08-04 14:30:52.407 27726 27739 I art     : Explicit concurrent mark sweep GC freed 11(416B) AllocSpace objects, 0(0B) LOS objects, 23% free, 52MB/68MB, paused 534us total 20.078ms
08-04 14:30:52.479 27726 29437 D OkHttp  : --> GET https://api-hillfair-2k16.herokuapp.com/api/app/events/special/event?id=5806551bdcba0f490c70fd1f http/1.1
08-04 14:30:52.499 27726 29437 D OkHttp  : <-- 200 OK https://api-hillfair-2k16.herokuapp.com/api/app/events/special/event?id=5806551bdcba0f490c70fd1f (19ms, 795-byte body)
08-04 14:30:52.549 27726 27726 I NAPPA_EXPERIMENTATION: MetricNetworkRequestExecutionTime: REQUEST_DURATION_SYSTEM='939',REQUEST_DURATION_OKHTTP='20',REQUEST_SYNCHRONOUS='FALSE',RESPONSE_CODE='200',RESPONSE_METHOD='GET',RESPONSE_LENGTH_OKHTTP='795',RESPONSE_LENGTH_HEADER='795',REQUEST_PROTOCOL='http/1.1',REQUEST_URL='https://api-hillfair-2k16.herokuapp.com/api/app/events/special/event?id=5806551bdcba0f490c70fd1f',
08-04 14:30:52.677 27726 28206 I art     : Starting a blocking GC Explicit
08-04 14:30:52.700 27726 28206 I art     : Explicit concurrent mark sweep GC freed 4772(311KB) AllocSpace objects, 4(220KB) LOS objects, 23% free, 52MB/68MB, paused 582us total 22.978ms
08-04 14:30:52.709 27726 28206 I art     : Starting a blocking GC Explicit
08-04 14:30:52.731 27726 28206 I art     : Explicit concurrent mark sweep GC freed 1034(119KB) AllocSpace objects, 0(0B) LOS objects, 23% free, 52MB/68MB, paused 477us total 21.771ms
08-04 14:30:52.741 27726 28206 I art     : Starting a blocking GC Explicit
08-04 14:30:52.761 27726 28206 I art     : Explicit concurrent mark sweep GC freed 3(96B) AllocSpace objects, 0(0B) LOS objects, 23% free, 52MB/68MB, paused 511us total 19.726ms
08-04 14:30:52.769 27726 28206 I art     : Starting a blocking GC Explicit
08-04 14:30:52.790 27726 28206 I art     : Explicit concurrent mark sweep GC freed 3(96B) AllocSpace objects, 0(0B) LOS objects, 23% free, 52MB/68MB, paused 453us total 20.295ms
08-04 14:30:52.798 27726 28206 I art     : Starting a blocking GC Explicit
08-04 14:30:52.818 27726 28206 I art     : Explicit concurrent mark sweep GC freed 3(96B) AllocSpace objects, 0(0B) LOS objects, 23% free, 52MB/68MB, paused 412us total 19.723ms
08-04 14:30:53.098 27726 27738 I art     : Starting a blocking GC Explicit
08-04 14:30:53.126 27726 27738 I art     : Explicit concurrent mark sweep GC freed 1341(78KB) AllocSpace objects, 1(20KB) LOS objects, 23% free, 52MB/68MB, paused 481us total 26.950ms
08-04 14:30:53.138 27726 27738 I art     : Starting a blocking GC Explicit
08-04 14:30:53.160 27726 27738 I art     : Explicit concurrent mark sweep GC freed 36(1264B) AllocSpace objects, 0(0B) LOS objects, 23% free, 52MB/68MB, paused 452us total 21.822ms
08-04 14:30:53.169 27726 27738 I art     : Starting a blocking GC Explicit
08-04 14:30:53.191 27726 27738 I art     : Explicit concurrent mark sweep GC freed 3(96B) AllocSpace objects, 0(0B) LOS objects, 23% free, 52MB/68MB, paused 459us total 21.808ms
08-04 14:30:53.200 27726 27738 I art     : Starting a blocking GC Explicit
08-04 14:30:53.222 27726 27738 I art     : Explicit concurrent mark sweep GC freed 3(96B) AllocSpace objects, 0(0B) LOS objects, 23% free, 52MB/68MB, paused 572us total 21.985ms
08-04 14:30:53.231 27726 27738 I art     : Starting a blocking GC Explicit
08-04 14:30:53.253 27726 27738 I art     : Explicit concurrent mark sweep GC freed 3(96B) AllocSpace objects, 0(0B) LOS objects, 23% free, 52MB/68MB, paused 446us total 21.457ms
08-04 14:30:53.553 27726 28206 I art     : Starting a blocking GC Explicit
08-04 14:30:53.580 27726 28206 I art     : Explicit concurrent mark sweep GC freed 1341(78KB) AllocSpace objects, 1(20KB) LOS objects, 23% free, 52MB/68MB, paused 501us total 26.948ms
08-04 14:30:53.594 27726 28206 I art     : Starting a blocking GC Explicit
08-04 14:30:53.615 27726 28206 I art     : Explicit concurrent mark sweep GC freed 20(704B) AllocSpace objects, 0(0B) LOS objects, 23% free, 52MB/68MB, paused 443us total 20.720ms
08-04 14:30:53.624 27726 28206 I art     : Starting a blocking GC Explicit
08-04 14:30:53.645 27726 28206 I art     : Explicit concurrent mark sweep GC freed 3(96B) AllocSpace objects, 0(0B) LOS objects, 23% free, 52MB/68MB, paused 462us total 21.208ms
08-04 14:30:53.654 27726 28206 I art     : Starting a blocking GC Explicit
08-04 14:30:53.676 27726 28206 I art     : Explicit concurrent mark sweep GC freed 3(96B) AllocSpace objects, 0(0B) LOS objects, 23% free, 52MB/68MB, paused 457us total 21.973ms
08-04 14:30:53.685 27726 28206 I art     : Starting a blocking GC Explicit
08-04 14:30:53.707 27726 28206 I art     : Explicit concurrent mark sweep GC freed 3(96B) AllocSpace objects, 0(0B) LOS objects, 23% free, 52MB/68MB, paused 495us total 21.512ms
08-04 14:30:54.013 27726 27763 I art     : Starting a blocking GC Explicit
08-04 14:30:54.042 27726 27763 I art     : Explicit concurrent mark sweep GC freed 1341(78KB) AllocSpace objects, 1(20KB) LOS objects, 23% free, 52MB/68MB, paused 482us total 28.742ms
08-04 14:30:54.053 27726 27763 I art     : Starting a blocking GC Explicit
08-04 14:30:54.075 27726 27763 I art     : Explicit concurrent mark sweep GC freed 20(704B) AllocSpace objects, 0(0B) LOS objects, 23% free, 52MB/68MB, paused 439us total 21.763ms
08-04 14:30:54.084 27726 27763 I art     : Starting a blocking GC Explicit
08-04 14:30:54.106 27726 27763 I art     : Explicit concurrent mark sweep GC freed 3(96B) AllocSpace objects, 0(0B) LOS objects, 23% free, 52MB/68MB, paused 443us total 21.682ms
08-04 14:30:54.115 27726 27763 I art     : Starting a blocking GC Explicit
08-04 14:30:54.137 27726 27763 I art     : Explicit concurrent mark sweep GC freed 3(96B) AllocSpace objects, 0(0B) LOS objects, 23% free, 52MB/68MB, paused 464us total 21.858ms
08-04 14:30:54.146 27726 27763 I art     : Starting a blocking GC Explicit
08-04 14:30:54.167 27726 27763 I art     : Explicit concurrent mark sweep GC freed 3(96B) AllocSpace objects, 0(0B) LOS objects, 23% free, 52MB/68MB, paused 483us total 21.423ms
08-04 14:30:54.473 27726 27739 I art     : Starting a blocking GC Explicit
08-04 14:30:54.501 27726 27739 I art     : Explicit concurrent mark sweep GC freed 1341(78KB) AllocSpace objects, 1(20KB) LOS objects, 23% free, 52MB/68MB, paused 522us total 27.797ms
08-04 14:30:54.512 27726 27739 I art     : Starting a blocking GC Explicit
08-04 14:30:54.534 27726 27739 I art     : Explicit concurrent mark sweep GC freed 20(704B) AllocSpace objects, 0(0B) LOS objects, 23% free, 52MB/68MB, paused 463us total 21.007ms
08-04 14:30:54.542 27726 27739 I art     : Starting a blocking GC Explicit
08-04 14:30:54.564 27726 27739 I art     : Explicit concurrent mark sweep GC freed 3(96B) AllocSpace objects, 0(0B) LOS objects, 23% free, 52MB/68MB, paused 464us total 21.547ms
08-04 14:30:54.573 27726 27739 I art     : Starting a blocking GC Explicit
08-04 14:30:54.595 27726 27739 I art     : Explicit concurrent mark sweep GC freed 3(96B) AllocSpace objects, 0(0B) LOS objects, 23% free, 52MB/68MB, paused 628us total 21.610ms
08-04 14:30:54.604 27726 27739 I art     : Starting a blocking GC Explicit
08-04 14:30:54.626 27726 27739 I art     : Explicit concurrent mark sweep GC freed 3(96B) AllocSpace objects, 0(0B) LOS objects, 23% free, 52MB/68MB, paused 461us total 21.552ms
08-04 14:30:54.929 27726 27738 I art     : Starting a blocking GC Explicit
08-04 14:30:54.961 27726 27738 I art     : Explicit concurrent mark sweep GC freed 1341(78KB) AllocSpace objects, 1(20KB) LOS objects, 23% free, 52MB/68MB, paused 527us total 30.984ms
08-04 14:30:54.973 27726 27738 I art     : Starting a blocking GC Explicit
08-04 14:30:54.995 27726 27738 I art     : Explicit concurrent mark sweep GC freed 20(704B) AllocSpace objects, 0(0B) LOS objects, 23% free, 52MB/68MB, paused 517us total 21.723ms
08-04 14:30:55.003 27726 27738 I art     : Starting a blocking GC Explicit
08-04 14:30:55.025 27726 27738 I art     : Explicit concurrent mark sweep GC freed 3(96B) AllocSpace objects, 0(0B) LOS objects, 23% free, 52MB/68MB, paused 440us total 21.274ms
08-04 14:30:55.033 27726 27738 I art     : Starting a blocking GC Explicit
08-04 14:30:55.055 27726 27738 I art     : Explicit concurrent mark sweep GC freed 3(96B) AllocSpace objects, 0(0B) LOS objects, 23% free, 52MB/68MB, paused 451us total 21.517ms
08-04 14:30:55.064 27726 27738 I art     : Starting a blocking GC Explicit
08-04 14:30:55.087 27726 27738 I art     : Explicit concurrent mark sweep GC freed 3(96B) AllocSpace objects, 0(0B) LOS objects, 23% free, 52MB/68MB, paused 504us total 22.216ms
08-04 14:30:55.382 27726 28206 I art     : Starting a blocking GC Explicit
08-04 14:30:55.407 27726 28206 I art     : Explicit concurrent mark sweep GC freed 1341(78KB) AllocSpace objects, 1(20KB) LOS objects, 23% free, 52MB/68MB, paused 499us total 24.180ms
08-04 14:30:55.419 27726 28206 I art     : Starting a blocking GC Explicit
08-04 14:30:55.440 27726 28206 I art     : Explicit concurrent mark sweep GC freed 20(704B) AllocSpace objects, 0(0B) LOS objects, 23% free, 52MB/68MB, paused 457us total 21.582ms
08-04 14:30:55.449 27726 28206 I art     : Starting a blocking GC Explicit
08-04 14:30:55.471 27726 28206 I art     : Explicit concurrent mark sweep GC freed 3(96B) AllocSpace objects, 0(0B) LOS objects, 23% free, 52MB/68MB, paused 437us total 21.171ms
08-04 14:30:55.479 27726 28206 I art     : Starting a blocking GC Explicit
08-04 14:30:55.501 27726 28206 I art     : Explicit concurrent mark sweep GC freed 3(96B) AllocSpace objects, 0(0B) LOS objects, 23% free, 52MB/68MB, paused 455us total 21.084ms
08-04 14:30:55.509 27726 28206 I art     : Starting a blocking GC Explicit
08-04 14:30:55.531 27726 28206 I art     : Explicit concurrent mark sweep GC freed 3(96B) AllocSpace objects, 0(0B) LOS objects, 23% free, 52MB/68MB, paused 453us total 21.610ms
08-04 14:30:55.831 27726 27763 I art     : Starting a blocking GC Explicit
08-04 14:30:55.852 27726 27763 I art     : Explicit concurrent mark sweep GC freed 1341(78KB) AllocSpace objects, 1(20KB) LOS objects, 23% free, 52MB/68MB, paused 455us total 21.171ms
08-04 14:30:55.861 27726 27763 I art     : Starting a blocking GC Explicit
08-04 14:30:55.883 27726 27763 I art     : Explicit concurrent mark sweep GC freed 20(704B) AllocSpace objects, 0(0B) LOS objects, 23% free, 52MB/68MB, paused 523us total 21.141ms
08-04 14:30:55.891 27726 27763 I art     : Starting a blocking GC Explicit
08-04 14:30:55.911 27726 27763 I art     : Explicit concurrent mark sweep GC freed 3(96B) AllocSpace objects, 0(0B) LOS objects, 23% free, 52MB/68MB, paused 445us total 19.923ms
08-04 14:30:55.920 27726 27763 I art     : Starting a blocking GC Explicit
08-04 14:30:55.940 27726 27763 I art     : Explicit concurrent mark sweep GC freed 3(96B) AllocSpace objects, 0(0B) LOS objects, 23% free, 52MB/68MB, paused 436us total 20.119ms
08-04 14:30:55.948 27726 27763 I art     : Starting a blocking GC Explicit
08-04 14:30:55.969 27726 27763 I art     : Explicit concurrent mark sweep GC freed 3(96B) AllocSpace objects, 0(0B) LOS objects, 23% free, 52MB/68MB, paused 439us total 20.456ms
08-04 14:30:56.228 29551 29551 D AndroidRuntime: >>>>>> START com.android.internal.os.RuntimeInit uid 2000 <<<<<<
08-04 14:30:56.233 29551 29551 D AndroidRuntime: CheckJNI is OFF
08-04 14:30:56.258 27726 27739 I art     : Starting a blocking GC Explicit
08-04 14:30:56.269 29551 29551 D ICU     : No timezone override file found: /data/misc/zoneinfo/current/icu/icu_tzdata.dat
08-04 14:30:56.280 27726 27739 I art     : Explicit concurrent mark sweep GC freed 1341(78KB) AllocSpace objects, 1(20KB) LOS objects, 23% free, 52MB/68MB, paused 524us total 21.650ms
08-04 14:30:56.288 27726 27739 I art     : Starting a blocking GC Explicit
08-04 14:30:56.304 29551 29551 I Radio-JNI: register_android_hardware_Radio DONE
08-04 14:30:56.309 27726 27739 I art     : Explicit concurrent mark sweep GC freed 20(704B) AllocSpace objects, 0(0B) LOS objects, 23% free, 52MB/68MB, paused 506us total 20.865ms
08-04 14:30:56.318 27726 27739 I art     : Starting a blocking GC Explicit
08-04 14:30:56.326 29551 29551 D AndroidRuntime: Calling main entry com.android.commands.input.Input
08-04 14:30:56.327 29551 29551 I Input   : injectKeyEvent: KeyEvent { action=ACTION_DOWN, keyCode=KEYCODE_BACK, scanCode=0, metaState=0, flags=0x0, repeatCount=0, eventTime=714672740, downTime=714672740, deviceId=-1, source=0x101 }
08-04 14:30:56.332 29551 29551 I Input   : injectKeyEvent: KeyEvent { action=ACTION_UP, keyCode=KEYCODE_BACK, scanCode=0, metaState=0, flags=0x0, repeatCount=0, eventTime=714672740, downTime=714672740, deviceId=-1, source=0x101 }
08-04 14:30:56.338 29551 29551 D AndroidRuntime: Shutting down VM
08-04 14:30:56.338 27726 27739 I art     : Explicit concurrent mark sweep GC freed 5(208B) AllocSpace objects, 0(0B) LOS objects, 23% free, 52MB/68MB, paused 565us total 20.231ms
08-04 14:30:56.347 27726 27739 I art     : Starting a blocking GC Explicit
08-04 14:30:56.365 27726 27739 I art     : Explicit concurrent mark sweep GC freed 141(6KB) AllocSpace objects, 0(0B) LOS objects, 23% free, 52MB/68MB, paused 420us total 18.120ms
08-04 14:30:56.373 27726 27739 I art     : Starting a blocking GC Explicit
08-04 14:30:56.377 13866 13866 I GoogleInputMethodServic: GoogleInputMethodService.onFinishInput():3138 
08-04 14:30:56.377 13866 13866 I GoogleInputMethodServic: GoogleInputMethodService.onStartInput():1808 
08-04 14:30:56.393 27726 27739 I art     : Explicit concurrent mark sweep GC freed 25(976B) AllocSpace objects, 0(0B) LOS objects, 23% free, 52MB/68MB, paused 423us total 19.256ms
08-04 14:30:56.652 27726 27739 I art     : Starting a blocking GC Explicit
08-04 14:30:56.669   380   380 W SurfaceFlinger: couldn't log to binary event log: overflow.
08-04 14:30:56.677 27726 27739 I art     : Explicit concurrent mark sweep GC freed 1438(86KB) AllocSpace objects, 1(20KB) LOS objects, 23% free, 52MB/68MB, paused 715us total 25.348ms
08-04 14:30:56.688 27726 27739 I art     : Starting a blocking GC Explicit
08-04 14:30:56.707 27726 27739 I art     : Explicit concurrent mark sweep GC freed 149(7KB) AllocSpace objects, 0(0B) LOS objects, 23% free, 52MB/68MB, paused 434us total 18.095ms
08-04 14:30:56.714 27726 27739 I art     : Starting a blocking GC Explicit
08-04 14:30:56.733 27726 27739 I art     : Explicit concurrent mark sweep GC freed 1551(101KB) AllocSpace objects, 3(400KB) LOS objects, 23% free, 52MB/68MB, paused 425us total 18.154ms
08-04 14:30:56.741 27726 27739 I art     : Starting a blocking GC Explicit
08-04 14:30:56.760 27726 27739 I art     : Explicit concurrent mark sweep GC freed 3(96B) AllocSpace objects, 0(0B) LOS objects, 23% free, 52MB/68MB, paused 436us total 19.015ms
08-04 14:30:56.768 27726 27739 I art     : Starting a blocking GC Explicit
08-04 14:30:56.787 27726 27739 I art     : Explicit concurrent mark sweep GC freed 3(96B) AllocSpace objects, 0(0B) LOS objects, 23% free, 52MB/68MB, paused 554us total 18.315ms
08-04 14:30:57.049 27726 27763 I art     : Starting a blocking GC Explicit
08-04 14:30:57.074 27726 27763 I art     : Explicit concurrent mark sweep GC freed 1341(78KB) AllocSpace objects, 1(20KB) LOS objects, 23% free, 52MB/68MB, paused 488us total 24.883ms
08-04 14:30:57.085 27726 27763 I art     : Starting a blocking GC Explicit
08-04 14:30:57.107 27726 27763 I art     : Explicit concurrent mark sweep GC freed 20(704B) AllocSpace objects, 0(0B) LOS objects, 23% free, 52MB/68MB, paused 440us total 20.836ms
08-04 14:30:57.115 27726 27763 I art     : Starting a blocking GC Explicit
08-04 14:30:57.137 27726 27763 I art     : Explicit concurrent mark sweep GC freed 3(96B) AllocSpace objects, 0(0B) LOS objects, 23% free, 52MB/68MB, paused 509us total 21.271ms
08-04 14:30:57.145 27726 27763 I art     : Starting a blocking GC Explicit
08-04 14:30:57.167 27726 27763 I art     : Explicit concurrent mark sweep GC freed 3(96B) AllocSpace objects, 0(0B) LOS objects, 23% free, 52MB/68MB, paused 506us total 20.939ms
08-04 14:30:57.175 27726 27763 I art     : Starting a blocking GC Explicit
08-04 14:30:57.196 27726 27763 I art     : Explicit concurrent mark sweep GC freed 3(96B) AllocSpace objects, 0(0B) LOS objects, 23% free, 52MB/68MB, paused 458us total 20.520ms
08-04 14:30:57.461 27726 28206 I art     : Starting a blocking GC Explicit
08-04 14:30:57.488 27726 28206 I art     : Explicit concurrent mark sweep GC freed 1340(78KB) AllocSpace objects, 1(20KB) LOS objects, 23% free, 52MB/68MB, paused 522us total 26.135ms
08-04 14:30:57.500 27726 28206 I art     : Starting a blocking GC Explicit
08-04 14:30:57.524 27726 28206 I art     : Explicit concurrent mark sweep GC freed 20(704B) AllocSpace objects, 0(0B) LOS objects, 23% free, 52MB/68MB, paused 460us total 23.801ms
08-04 14:30:57.533 27726 28206 I art     : Starting a blocking GC Explicit
08-04 14:30:57.554 27726 28206 I art     : Explicit concurrent mark sweep GC freed 3(96B) AllocSpace objects, 0(0B) LOS objects, 23% free, 52MB/68MB, paused 446us total 21.125ms
08-04 14:30:57.563 27726 28206 I art     : Starting a blocking GC Explicit
08-04 14:30:57.583 27726 28206 I art     : Explicit concurrent mark sweep GC freed 3(96B) AllocSpace objects, 0(0B) LOS objects, 23% free, 52MB/68MB, paused 429us total 19.601ms
08-04 14:30:57.591 27726 28206 I art     : Starting a blocking GC Explicit
08-04 14:30:57.611 27726 28206 I art     : Explicit concurrent mark sweep GC freed 3(96B) AllocSpace objects, 0(0B) LOS objects, 23% free, 52MB/68MB, paused 485us total 19.660ms
08-04 14:30:57.863 27726 27738 I art     : Starting a blocking GC Explicit
08-04 14:30:57.884 27726 27738 I art     : Explicit concurrent mark sweep GC freed 1340(78KB) AllocSpace objects, 1(20KB) LOS objects, 23% free, 52MB/68MB, paused 440us total 21.287ms
08-04 14:30:57.893 27726 27738 I art     : Starting a blocking GC Explicit
08-04 14:30:57.913 27726 27738 I art     : Explicit concurrent mark sweep GC freed 20(704B) AllocSpace objects, 0(0B) LOS objects, 23% free, 52MB/68MB, paused 456us total 19.720ms
08-04 14:30:57.921 27726 27738 I art     : Starting a blocking GC Explicit
08-04 14:30:57.941 27726 27738 I art     : Explicit concurrent mark sweep GC freed 3(96B) AllocSpace objects, 0(0B) LOS objects, 23% free, 52MB/68MB, paused 451us total 19.466ms
08-04 14:30:57.949 27726 27738 I art     : Starting a blocking GC Explicit
08-04 14:30:57.969 27726 27738 I art     : Explicit concurrent mark sweep GC freed 3(96B) AllocSpace objects, 0(0B) LOS objects, 23% free, 52MB/68MB, paused 441us total 19.247ms
08-04 14:30:57.977 27726 27738 I art     : Starting a blocking GC Explicit
08-04 14:30:57.993 29622 29622 D AndroidRuntime: >>>>>> START com.android.internal.os.RuntimeInit uid 2000 <<<<<<
08-04 14:30:57.997 27726 27738 I art     : Explicit concurrent mark sweep GC freed 3(96B) AllocSpace objects, 0(0B) LOS objects, 23% free, 52MB/68MB, paused 518us total 19.819ms
08-04 14:30:57.998 29622 29622 D AndroidRuntime: CheckJNI is OFF
08-04 14:30:58.030 29622 29622 D ICU     : No timezone override file found: /data/misc/zoneinfo/current/icu/icu_tzdata.dat
08-04 14:30:58.063 29622 29622 I Radio-JNI: register_android_hardware_Radio DONE
08-04 14:30:58.085 29622 29622 D AndroidRuntime: Calling main entry com.android.commands.input.Input
08-04 14:30:58.086 29622 29622 I Input   : injectKeyEvent: KeyEvent { action=ACTION_DOWN, keyCode=KEYCODE_BACK, scanCode=0, metaState=0, flags=0x0, repeatCount=0, eventTime=714674500, downTime=714674500, deviceId=-1, source=0x101 }
08-04 14:30:58.092 29622 29622 I Input   : injectKeyEvent: KeyEvent { action=ACTION_UP, keyCode=KEYCODE_BACK, scanCode=0, metaState=0, flags=0x0, repeatCount=0, eventTime=714674500, downTime=714674500, deviceId=-1, source=0x101 }
08-04 14:30:58.099 29622 29622 D AndroidRuntime: Shutting down VM
08-04 14:30:58.138 13866 13866 I GoogleInputMethodServic: GoogleInputMethodService.onFinishInput():3138 
08-04 14:30:58.139 13866 13866 I GoogleInputMethodServic: GoogleInputMethodService.onStartInput():1808 
08-04 14:30:58.225 27726 27739 I art     : Starting a blocking GC Explicit
08-04 14:30:58.246 27726 27739 I art     : Explicit concurrent mark sweep GC freed 1550(87KB) AllocSpace objects, 1(20KB) LOS objects, 23% free, 52MB/68MB, paused 404us total 20.487ms
08-04 14:30:58.255 27726 27739 I art     : Starting a blocking GC Explicit
08-04 14:30:58.273 27726 27739 I art     : Explicit concurrent mark sweep GC freed 24(864B) AllocSpace objects, 0(0B) LOS objects, 23% free, 52MB/68MB, paused 419us total 18.439ms
08-04 14:30:58.282 27726 27739 I art     : Starting a blocking GC Explicit
08-04 14:30:58.300 27726 27739 I art     : Explicit concurrent mark sweep GC freed 3(96B) AllocSpace objects, 0(0B) LOS objects, 23% free, 52MB/68MB, paused 438us total 18.158ms
08-04 14:30:58.309 27726 27739 I art     : Starting a blocking GC Explicit
08-04 14:30:58.329 27726 27739 I art     : Explicit concurrent mark sweep GC freed 3(96B) AllocSpace objects, 0(0B) LOS objects, 23% free, 52MB/68MB, paused 403us total 19.818ms
08-04 14:30:58.337 27726 27739 I art     : Starting a blocking GC Explicit
08-04 14:30:58.355 27726 27739 I art     : Explicit concurrent mark sweep GC freed 3(96B) AllocSpace objects, 0(0B) LOS objects, 23% free, 52MB/68MB, paused 399us total 18.321ms
08-04 14:30:58.594 27726 27763 I art     : Starting a blocking GC Explicit
08-04 14:30:58.620 27726 27763 I art     : Explicit concurrent mark sweep GC freed 1980(109KB) AllocSpace objects, 1(20KB) LOS objects, 23% free, 52MB/68MB, paused 495us total 25.379ms
08-04 14:30:58.629 27726 27763 I art     : Starting a blocking GC Explicit
08-04 14:30:58.650 27726 27763 I art     : Explicit concurrent mark sweep GC freed 2106(128KB) AllocSpace objects, 2(140KB) LOS objects, 23% free, 52MB/68MB, paused 452us total 20.665ms
08-04 14:30:58.659 27726 27763 I art     : Starting a blocking GC Explicit
08-04 14:30:58.678 27726 27763 I art     : Explicit concurrent mark sweep GC freed 3(96B) AllocSpace objects, 0(0B) LOS objects, 23% free, 52MB/68MB, paused 444us total 19.139ms
08-04 14:30:58.686 27726 27763 I art     : Starting a blocking GC Explicit
08-04 14:30:58.706 27726 27763 I art     : Explicit concurrent mark sweep GC freed 3(96B) AllocSpace objects, 0(0B) LOS objects, 23% free, 52MB/68MB, paused 470us total 19.523ms
08-04 14:30:58.715 27726 27763 I art     : Starting a blocking GC Explicit
08-04 14:30:58.735 27726 27763 I art     : Explicit concurrent mark sweep GC freed 3(96B) AllocSpace objects, 0(0B) LOS objects, 23% free, 52MB/68MB, paused 452us total 20.281ms
08-04 14:30:58.842   918   928 I ActivityManager: Start proc 29666:com.google.android.apps.gcs/u0a11 for service com.google.android.apps.gcs/.service.GcsTaskService
08-04 14:30:58.843 24365 25567 I NetworkScheduler.Stats: Task com.google.android.apps.gcs/ started execution. cause:4 exec_start_elapsed_seconds: 1698062 [CONTEXT service_id=218 ]
08-04 14:30:58.992 27726 28206 I art     : Starting a blocking GC Explicit
08-04 14:30:59.003   918  3670 I AccountManagerService: getTypesVisibleToCaller: isPermitted? true
08-04 14:30:59.005 29666 29666 W Gcs.AccountsChgRcvr: [1] afk.b: No accounts available. WFA has been deactivated
08-04 14:30:59.010 27726 28206 I art     : Explicit concurrent mark sweep GC freed 1340(78KB) AllocSpace objects, 1(20KB) LOS objects, 23% free, 52MB/68MB, paused 472us total 18.408ms
08-04 14:30:59.018 27726 28206 I art     : Starting a blocking GC Explicit
08-04 14:30:59.022 29666 29666 W PrimesInit: Primes instant initialization
08-04 14:30:59.023 29666 29693 W Primes  : background initialization
08-04 14:30:59.036 27726 28206 I art     : Explicit concurrent mark sweep GC freed 20(704B) AllocSpace objects, 0(0B) LOS objects, 23% free, 52MB/68MB, paused 402us total 17.700ms
08-04 14:30:59.044 27726 28206 I art     : Starting a blocking GC Explicit
08-04 14:30:59.054 29666 29693 I PrimesTesting: GserviceFlagsSupplier.get()
08-04 14:30:59.060 27726 28206 I art     : Explicit concurrent mark sweep GC freed 3(96B) AllocSpace objects, 0(0B) LOS objects, 23% free, 52MB/68MB, paused 419us total 16.248ms
08-04 14:30:59.068 27726 28206 I art     : Starting a blocking GC Explicit
08-04 14:30:59.084 27726 28206 I art     : Explicit concurrent mark sweep GC freed 3(96B) AllocSpace objects, 0(0B) LOS objects, 23% free, 52MB/68MB, paused 393us total 16.298ms
08-04 14:30:59.092 27726 28206 I art     : Starting a blocking GC Explicit
08-04 14:30:59.109 27726 28206 I art     : Explicit concurrent mark sweep GC freed 3(96B) AllocSpace objects, 0(0B) LOS objects, 23% free, 52MB/68MB, paused 402us total 16.367ms
08-04 14:30:59.110   918  3696 I AccountManagerService: getTypesVisibleToCaller: isPermitted? true
08-04 14:30:59.114 29666 29694 W Gcs.WfaEliRefreshTask: [24188] afk.b: NULL eligibility response.
08-04 14:30:59.116 24365 24376 E NetworkScheduler.ATC: Received callback from client for task that is already complete. ComponentInfo{com.google.android.apps.gcs/com.google.android.apps.gcs.service.GcsTaskService} WfaEliRefreshTask [CONTEXT service_id=218 ]
08-04 14:30:59.121   918  3714 I ActivityManager: Killing 16443:nappatfpr.com.newsblur/u0a658 (adj 15): empty #17
08-04 14:30:59.366 27726 27738 I art     : Starting a blocking GC Explicit
08-04 14:30:59.387 27726 27738 I art     : Explicit concurrent mark sweep GC freed 1338(78KB) AllocSpace objects, 1(20KB) LOS objects, 23% free, 52MB/68MB, paused 465us total 20.006ms
08-04 14:30:59.395 27726 27738 I art     : Starting a blocking GC Explicit
08-04 14:30:59.415 27726 27738 I art     : Explicit concurrent mark sweep GC freed 20(704B) AllocSpace objects, 0(0B) LOS objects, 23% free, 52MB/68MB, paused 459us total 19.783ms
08-04 14:30:59.423 27726 27738 I art     : Starting a blocking GC Explicit
08-04 14:30:59.442 27726 27738 I art     : Explicit concurrent mark sweep GC freed 3(96B) AllocSpace objects, 0(0B) LOS objects, 23% free, 52MB/68MB, paused 451us total 18.535ms
08-04 14:30:59.450 27726 27738 I art     : Starting a blocking GC Explicit
08-04 14:30:59.469 27726 27738 I art     : Explicit concurrent mark sweep GC freed 3(96B) AllocSpace objects, 0(0B) LOS objects, 23% free, 52MB/68MB, paused 446us total 18.385ms
08-04 14:30:59.477 27726 27738 I art     : Starting a blocking GC Explicit
08-04 14:30:59.496 27726 27738 I art     : Explicit concurrent mark sweep GC freed 3(96B) AllocSpace objects, 0(0B) LOS objects, 23% free, 52MB/68MB, paused 427us total 18.602ms
08-04 14:30:59.734 29707 29707 D AndroidRuntime: >>>>>> START com.android.internal.os.RuntimeInit uid 2000 <<<<<<
08-04 14:30:59.739 29707 29707 D AndroidRuntime: CheckJNI is OFF
08-04 14:30:59.748 27726 27739 I art     : Starting a blocking GC Explicit
08-04 14:30:59.768 27726 27739 I art     : Explicit concurrent mark sweep GC freed 1339(78KB) AllocSpace objects, 1(20KB) LOS objects, 23% free, 52MB/68MB, paused 499us total 19.671ms
08-04 14:30:59.776 27726 27739 I art     : Starting a blocking GC Explicit
08-04 14:30:59.777 29707 29707 D ICU     : No timezone override file found: /data/misc/zoneinfo/current/icu/icu_tzdata.dat
08-04 14:30:59.796 27726 27739 I art     : Explicit concurrent mark sweep GC freed 20(704B) AllocSpace objects, 0(0B) LOS objects, 23% free, 52MB/68MB, paused 499us total 19.320ms
08-04 14:30:59.804 27726 27739 I art     : Starting a blocking GC Explicit
08-04 14:30:59.810 29707 29707 I Radio-JNI: register_android_hardware_Radio DONE
08-04 14:30:59.822 27726 27739 I art     : Explicit concurrent mark sweep GC freed 3(96B) AllocSpace objects, 0(0B) LOS objects, 23% free, 52MB/68MB, paused 509us total 17.609ms
08-04 14:30:59.830 27726 27739 I art     : Starting a blocking GC Explicit
08-04 14:30:59.832 29707 29707 D AndroidRuntime: Calling main entry com.android.commands.input.Input
08-04 14:30:59.834 29707 29707 I Input   : injectMotionEvent: MotionEvent { action=ACTION_DOWN, actionButton=0, id[0]=0, x[0]=1053.0, y[0]=1173.0, toolType[0]=TOOL_TYPE_UNKNOWN, buttonState=0, metaState=0, flags=0x0, edgeFlags=0x0, pointerCount=1, historySize=0, eventTime=714676247, downTime=714676247, deviceId=0, source=0x1002 }
08-04 14:30:59.841 29707 29707 I Input   : injectMotionEvent: MotionEvent { action=ACTION_UP, actionButton=0, id[0]=0, x[0]=1053.0, y[0]=1173.0, toolType[0]=TOOL_TYPE_UNKNOWN, buttonState=0, metaState=0, flags=0x0, edgeFlags=0x0, pointerCount=1, historySize=0, eventTime=714676247, downTime=714676247, deviceId=0, source=0x1002 }
08-04 14:30:59.842   918  4413 I ActivityManager: START u0 {cmp=baseline.appteam.nith.hillffair/.activities.QuizActivity} from uid 10651 on display 0
08-04 14:30:59.848 27726 27739 I art     : Explicit concurrent mark sweep GC freed 8(4KB) AllocSpace objects, 0(0B) LOS objects, 23% free, 52MB/68MB, paused 761us total 17.822ms
08-04 14:30:59.849 29707 29707 D AndroidRuntime: Shutting down VM
08-04 14:30:59.856 27726 27739 I art     : Starting a blocking GC Explicit
08-04 14:30:59.875 27726 27739 I art     : Explicit concurrent mark sweep GC freed 526(44KB) AllocSpace objects, 0(0B) LOS objects, 23% free, 52MB/68MB, paused 699us total 19.105ms
08-04 14:30:59.981   918   936 I ActivityManager: Displayed baseline.appteam.nith.hillffair/.activities.QuizActivity: +132ms
08-04 14:30:59.985 13866 13866 I GoogleInputMethodServic: GoogleInputMethodService.onFinishInput():3138 
08-04 14:30:59.986 13866 13866 I GoogleInputMethodServic: GoogleInputMethodService.onStartInput():1808 
08-04 14:31:00.104 27726 27739 I art     : Starting a blocking GC Explicit
08-04 14:31:00.123 27726 27739 I art     : Explicit concurrent mark sweep GC freed 1776(101KB) AllocSpace objects, 1(20KB) LOS objects, 23% free, 52MB/68MB, paused 396us total 18.483ms
08-04 14:31:00.131 27726 27739 I art     : Starting a blocking GC Explicit
08-04 14:31:00.148 27726 27739 I art     : Explicit concurrent mark sweep GC freed 60(2512B) AllocSpace objects, 0(0B) LOS objects, 23% free, 52MB/68MB, paused 405us total 17.237ms
08-04 14:31:00.156 27726 27739 I art     : Starting a blocking GC Explicit
08-04 14:31:00.174 27726 27739 I art     : Explicit concurrent mark sweep GC freed 3(96B) AllocSpace objects, 0(0B) LOS objects, 23% free, 52MB/68MB, paused 402us total 17.545ms
08-04 14:31:00.182 27726 27739 I art     : Starting a blocking GC Explicit
08-04 14:31:00.199 27726 27739 I art     : Explicit concurrent mark sweep GC freed 3(96B) AllocSpace objects, 0(0B) LOS objects, 23% free, 52MB/68MB, paused 414us total 17.200ms
08-04 14:31:00.208 27726 27739 I art     : Starting a blocking GC Explicit
08-04 14:31:00.226 27726 27739 I art     : Explicit concurrent mark sweep GC freed 3(96B) AllocSpace objects, 0(0B) LOS objects, 23% free, 52MB/68MB, paused 419us total 18.090ms
08-04 14:31:00.241   380   380 W SurfaceFlinger: couldn't log to binary event log: overflow.
08-04 14:31:00.487 27726 27739 I art     : Starting a blocking GC Explicit
08-04 14:31:00.507 27726 27739 I art     : Explicit concurrent mark sweep GC freed 1410(82KB) AllocSpace objects, 1(20KB) LOS objects, 23% free, 52MB/68MB, paused 444us total 19.631ms
08-04 14:31:00.516 27726 27739 I art     : Starting a blocking GC Explicit
08-04 14:31:00.536 27726 27739 I art     : Explicit concurrent mark sweep GC freed 20(704B) AllocSpace objects, 0(0B) LOS objects, 23% free, 52MB/68MB, paused 446us total 20.217ms
08-04 14:31:00.545 27726 27739 I art     : Starting a blocking GC Explicit
08-04 14:31:00.565 27726 27739 I art     : Explicit concurrent mark sweep GC freed 3(96B) AllocSpace objects, 0(0B) LOS objects, 23% free, 52MB/68MB, paused 482us total 20.247ms
08-04 14:31:00.574 27726 27739 I art     : Starting a blocking GC Explicit
08-04 14:31:00.595 27726 27739 I art     : Explicit concurrent mark sweep GC freed 3(96B) AllocSpace objects, 0(0B) LOS objects, 23% free, 52MB/68MB, paused 461us total 20.741ms
08-04 14:31:00.603 27726 27739 I art     : Starting a blocking GC Explicit
08-04 14:31:00.624 27726 27739 I art     : Explicit concurrent mark sweep GC freed 3(96B) AllocSpace objects, 0(0B) LOS objects, 23% free, 52MB/68MB, paused 465us total 20.484ms
08-04 14:31:00.661 21770 21770 I ServiceManager: Waiting for service AtCmdFwd...
08-04 14:31:00.896 27726 28206 I art     : Starting a blocking GC Explicit
08-04 14:31:00.918 27726 28206 I art     : Explicit concurrent mark sweep GC freed 1340(78KB) AllocSpace objects, 1(20KB) LOS objects, 23% free, 52MB/68MB, paused 467us total 22.017ms
08-04 14:31:00.930 27726 28206 I art     : Starting a blocking GC Explicit
08-04 14:31:00.951 27726 28206 I art     : Explicit concurrent mark sweep GC freed 20(704B) AllocSpace objects, 0(0B) LOS objects, 23% free, 52MB/68MB, paused 449us total 20.611ms
08-04 14:31:00.960 27726 28206 I art     : Starting a blocking GC Explicit
08-04 14:31:00.981 27726 28206 I art     : Explicit concurrent mark sweep GC freed 3(96B) AllocSpace objects, 0(0B) LOS objects, 23% free, 52MB/68MB, paused 447us total 20.641ms
08-04 14:31:00.989 27726 28206 I art     : Starting a blocking GC Explicit
08-04 14:31:01.010 27726 28206 I art     : Explicit concurrent mark sweep GC freed 3(96B) AllocSpace objects, 0(0B) LOS objects, 23% free, 52MB/68MB, paused 433us total 20.770ms
08-04 14:31:01.019 27726 28206 I art     : Starting a blocking GC Explicit
08-04 14:31:01.040 27726 28206 I art     : Explicit concurrent mark sweep GC freed 3(96B) AllocSpace objects, 0(0B) LOS objects, 23% free, 52MB/68MB, paused 452us total 21.039ms
08-04 14:31:01.307 27726 27738 I art     : Starting a blocking GC Explicit
08-04 14:31:01.333 27726 27738 I art     : Explicit concurrent mark sweep GC freed 1340(78KB) AllocSpace objects, 1(20KB) LOS objects, 23% free, 52MB/68MB, paused 487us total 25.862ms
08-04 14:31:01.345 27726 27738 I art     : Starting a blocking GC Explicit
08-04 14:31:01.366 27726 27738 I art     : Explicit concurrent mark sweep GC freed 20(704B) AllocSpace objects, 0(0B) LOS objects, 23% free, 52MB/68MB, paused 442us total 20.752ms
08-04 14:31:01.375 27726 27738 I art     : Starting a blocking GC Explicit
08-04 14:31:01.395 27726 27738 I art     : Explicit concurrent mark sweep GC freed 3(96B) AllocSpace objects, 0(0B) LOS objects, 23% free, 52MB/68MB, paused 432us total 20.401ms
08-04 14:31:01.404 27726 27738 I art     : Starting a blocking GC Explicit
08-04 14:31:01.426 27726 27738 I art     : Explicit concurrent mark sweep GC freed 3(96B) AllocSpace objects, 0(0B) LOS objects, 23% free, 52MB/68MB, paused 436us total 21.168ms
08-04 14:31:01.435 27726 27738 I art     : Starting a blocking GC Explicit
08-04 14:31:01.456 27726 27738 I art     : Explicit concurrent mark sweep GC freed 3(96B) AllocSpace objects, 0(0B) LOS objects, 23% free, 52MB/68MB, paused 430us total 21.105ms
08-04 14:31:01.662 21770 21770 I ServiceManager: Waiting for service AtCmdFwd...
08-04 14:31:01.770 27726 27739 I art     : Starting a blocking GC Explicit
08-04 14:31:01.791 27726 27739 I art     : Explicit concurrent mark sweep GC freed 1383(79KB) AllocSpace objects, 1(20KB) LOS objects, 23% free, 52MB/68MB, paused 443us total 20.556ms
08-04 14:31:01.800 27726 27739 I art     : Starting a blocking GC Explicit
08-04 14:31:01.821 27726 27739 I art     : Explicit concurrent mark sweep GC freed 34(1136B) AllocSpace objects, 0(0B) LOS objects, 23% free, 52MB/68MB, paused 443us total 20.133ms
08-04 14:31:01.829 27726 27739 I art     : Starting a blocking GC Explicit
08-04 14:31:01.850 27726 27739 I art     : Explicit concurrent mark sweep GC freed 3(96B) AllocSpace objects, 0(0B) LOS objects, 23% free, 52MB/68MB, paused 444us total 20.360ms
08-04 14:31:01.859 27726 27739 I art     : Starting a blocking GC Explicit
08-04 14:31:01.879 27726 27739 I art     : Explicit concurrent mark sweep GC freed 3(96B) AllocSpace objects, 0(0B) LOS objects, 23% free, 52MB/68MB, paused 448us total 20.489ms
08-04 14:31:01.888 27726 27739 I art     : Starting a blocking GC Explicit
08-04 14:31:01.909 27726 27739 I art     : Explicit concurrent mark sweep GC freed 3(96B) AllocSpace objects, 0(0B) LOS objects, 23% free, 52MB/68MB, paused 441us total 20.419ms
08-04 14:31:02.209 27726 27738 I art     : Starting a blocking GC Explicit
08-04 14:31:02.236 27726 27738 I art     : Explicit concurrent mark sweep GC freed 1340(78KB) AllocSpace objects, 1(20KB) LOS objects, 23% free, 52MB/68MB, paused 490us total 27.264ms
08-04 14:31:02.246 27726 27738 I art     : Starting a blocking GC Explicit
08-04 14:31:02.267 27726 27738 I art     : Explicit concurrent mark sweep GC freed 20(704B) AllocSpace objects, 0(0B) LOS objects, 23% free, 52MB/68MB, paused 424us total 20.701ms
08-04 14:31:02.276 27726 27738 I art     : Starting a blocking GC Explicit
08-04 14:31:02.296 27726 27738 I art     : Explicit concurrent mark sweep GC freed 3(96B) AllocSpace objects, 0(0B) LOS objects, 23% free, 52MB/68MB, paused 437us total 19.659ms
08-04 14:31:02.304 27726 27738 I art     : Starting a blocking GC Explicit
08-04 14:31:02.324 27726 27738 I art     : Explicit concurrent mark sweep GC freed 3(96B) AllocSpace objects, 0(0B) LOS objects, 23% free, 52MB/68MB, paused 428us total 19.698ms
08-04 14:31:02.332 27726 27738 I art     : Starting a blocking GC Explicit
08-04 14:31:02.352 27726 27738 I art     : Explicit concurrent mark sweep GC freed 3(96B) AllocSpace objects, 0(0B) LOS objects, 23% free, 52MB/68MB, paused 429us total 19.522ms
08-04 14:31:02.529 29785 29785 D AndroidRuntime: >>>>>> START com.android.internal.os.RuntimeInit uid 2000 <<<<<<
08-04 14:31:02.534 29785 29785 D AndroidRuntime: CheckJNI is OFF
08-04 14:31:02.567 29785 29785 D ICU     : No timezone override file found: /data/misc/zoneinfo/current/icu/icu_tzdata.dat
08-04 14:31:02.600 29785 29785 I Radio-JNI: register_android_hardware_Radio DONE
08-04 14:31:02.621 29785 29785 D AndroidRuntime: Calling main entry com.android.commands.input.Input
08-04 14:31:02.623 29785 29785 I Input   : injectMotionEvent: MotionEvent { action=ACTION_DOWN, actionButton=0, id[0]=0, x[0]=756.0, y[0]=1530.0, toolType[0]=TOOL_TYPE_UNKNOWN, buttonState=0, metaState=0, flags=0x0, edgeFlags=0x0, pointerCount=1, historySize=0, eventTime=714679035, downTime=714679035, deviceId=0, source=0x1002 }
08-04 14:31:02.627 29785 29785 I Input   : injectMotionEvent: MotionEvent { action=ACTION_UP, actionButton=0, id[0]=0, x[0]=756.0, y[0]=1530.0, toolType[0]=TOOL_TYPE_UNKNOWN, buttonState=0, metaState=0, flags=0x0, edgeFlags=0x0, pointerCount=1, historySize=0, eventTime=714679035, downTime=714679035, deviceId=0, source=0x1002 }
08-04 14:31:02.629 29785 29785 D AndroidRuntime: Shutting down VM
08-04 14:31:02.643 27726 27763 I art     : Starting a blocking GC Explicit
08-04 14:31:02.648   918  5952 I ActivityManager: START u0 {cmp=baseline.appteam.nith.hillffair/.activities.LeaderBoardActivity} from uid 10651 on display 0
08-04 14:31:02.650   512  2967 D audio_hw_primary: out_set_parameters: enter: usecase(1: low-latency-playback) kvpairs: routing=2
08-04 14:31:02.663 21770 21770 I ServiceManager: Waiting for service AtCmdFwd...
08-04 14:31:02.663   512  2967 D audio_hw_primary: select_devices: out_snd_device(2: speaker) in_snd_device(0: none)
08-04 14:31:02.663   512  2967 D msm8974_platform: platform_send_audio_calibration: sending audio calibration for snd_device(2) acdb_id(15)
08-04 14:31:02.663   512  2967 I soundtrigger: audio_extn_sound_trigger_update_device_status: device 0x2 of type 0 for Event 1
08-04 14:31:02.668 27726 27763 I art     : Explicit concurrent mark sweep GC freed 1456(86KB) AllocSpace objects, 1(20KB) LOS objects, 23% free, 52MB/68MB, paused 1.249ms total 24.981ms
08-04 14:31:02.675   512  2967 D audio_hw_primary: enable_snd_device: snd_device(2: speaker)
08-04 14:31:02.678 27726 27763 I art     : Starting a blocking GC Explicit
08-04 14:31:02.679   512  2967 D audio_hw_primary: enable_audio_route: apply and update mixer path: low-latency-playback speaker
08-04 14:31:02.699 27726 27763 I art     : Explicit concurrent mark sweep GC freed 4428(240KB) AllocSpace objects, 0(0B) LOS objects, 23% free, 52MB/68MB, paused 746us total 20.919ms
08-04 14:31:02.707 27726 27763 I art     : Starting a blocking GC Explicit
08-04 14:31:02.727 27726 27763 I art     : Explicit concurrent mark sweep GC freed 600(53KB) AllocSpace objects, 0(0B) LOS objects, 23% free, 52MB/68MB, paused 654us total 19.489ms
08-04 14:31:02.735 27726 27763 I art     : Starting a blocking GC Explicit
08-04 14:31:02.747 27726 27726 E RecyclerView: No adapter attached; skipping layout
08-04 14:31:02.750 27726 27726 E RecyclerView: No adapter attached; skipping layout
08-04 14:31:02.753 27726 27763 I art     : Explicit concurrent mark sweep GC freed 126(6KB) AllocSpace objects, 0(0B) LOS objects, 23% free, 52MB/68MB, paused 765us total 18.464ms
08-04 14:31:02.762 27726 27763 I art     : Starting a blocking GC Explicit
08-04 14:31:02.776   918   936 I ActivityManager: Displayed baseline.appteam.nith.hillffair/.activities.LeaderBoardActivity: +116ms
08-04 14:31:02.777 13866 13866 I GoogleInputMethodServic: GoogleInputMethodService.onFinishInput():3138 
08-04 14:31:02.777 27726 27726 E RecyclerView: No adapter attached; skipping layout
08-04 14:31:02.778 13866 13866 I GoogleInputMethodServic: GoogleInputMethodService.onStartInput():1808 
08-04 14:31:02.782 27726 27763 I art     : Explicit concurrent mark sweep GC freed 101(3KB) AllocSpace objects, 0(0B) LOS objects, 23% free, 52MB/68MB, paused 450us total 19.319ms
08-04 14:31:02.795 27726 27749 D OpenGLRenderer: endAllStagingAnimators on 0x7f80294400 (RippleDrawable) with handle 0x7f7dc27680
08-04 14:31:03.038   380   380 W SurfaceFlinger: couldn't log to binary event log: overflow.
08-04 14:31:03.052 27726 27739 I art     : Starting a blocking GC Explicit
08-04 14:31:03.073 27726 27739 I art     : Explicit concurrent mark sweep GC freed 1387(80KB) AllocSpace objects, 1(20KB) LOS objects, 23% free, 52MB/68MB, paused 458us total 20.471ms
08-04 14:31:03.081 27726 27739 I art     : Starting a blocking GC Explicit
08-04 14:31:03.100 27726 27739 I art     : Explicit concurrent mark sweep GC freed 33(1136B) AllocSpace objects, 0(0B) LOS objects, 23% free, 52MB/68MB, paused 441us total 18.806ms
08-04 14:31:03.108 27726 27739 I art     : Starting a blocking GC Explicit
08-04 14:31:03.127 27726 27739 I art     : Explicit concurrent mark sweep GC freed 5(160B) AllocSpace objects, 0(0B) LOS objects, 23% free, 52MB/68MB, paused 817us total 18.965ms
08-04 14:31:03.137 27726 27739 I art     : Starting a blocking GC Explicit
08-04 14:31:03.155 27726 27739 I art     : Explicit concurrent mark sweep GC freed 78(5KB) AllocSpace objects, 0(0B) LOS objects, 23% free, 52MB/68MB, paused 438us total 18.178ms
08-04 14:31:03.163 27726 27739 I art     : Starting a blocking GC Explicit
08-04 14:31:03.182 27726 27739 I art     : Explicit concurrent mark sweep GC freed 82(3KB) AllocSpace objects, 0(0B) LOS objects, 23% free, 52MB/68MB, paused 443us total 18.649ms
08-04 14:31:03.219   512  2967 D audio_hw_primary: disable_audio_route: reset and update mixer path: low-latency-playback speaker
08-04 14:31:03.219   512  2967 D audio_hw_primary: disable_snd_device: snd_device(2: speaker)
08-04 14:31:03.229   512  2967 I soundtrigger: audio_extn_sound_trigger_update_device_status: device 0x2 of type 0 for Event 0
08-04 14:31:03.231 27726 29818 D OkHttp  : --> GET https://api-hillfair-2k16.herokuapp.com/api/app/quiz/leaderboard?from=1 http/1.1
08-04 14:31:03.266 27726 29818 D OkHttp  : <-- 200 OK https://api-hillfair-2k16.herokuapp.com/api/app/quiz/leaderboard?from=1 (34ms, 56744-byte body)
08-04 14:31:03.328 27726 27726 I NAPPA_EXPERIMENTATION: MetricNetworkRequestExecutionTime: REQUEST_DURATION_SYSTEM='633',REQUEST_DURATION_OKHTTP='35',REQUEST_SYNCHRONOUS='FALSE',RESPONSE_CODE='200',RESPONSE_METHOD='GET',RESPONSE_LENGTH_OKHTTP='56744',RESPONSE_LENGTH_HEADER='56744',REQUEST_PROTOCOL='http/1.1',REQUEST_URL='https://api-hillfair-2k16.herokuapp.com/api/app/quiz/leaderboard?from=1',
08-04 14:31:03.407   918  3261 D WifiStateMachine: starting scan for "H369AA63323"WPA_PSK with 2412,5180
08-04 14:31:03.425 27726 27738 I art     : Starting a blocking GC Explicit
08-04 14:31:03.448 27726 27738 I art     : Explicit concurrent mark sweep GC freed 30288(1452KB) AllocSpace objects, 4(220KB) LOS objects, 23% free, 52MB/68MB, paused 421us total 22.941ms
08-04 14:31:03.456 27726 27738 I art     : Starting a blocking GC Explicit
08-04 14:31:03.477 27726 27738 I art     : Explicit concurrent mark sweep GC freed 1048(120KB) AllocSpace objects, 0(0B) LOS objects, 23% free, 52MB/68MB, paused 446us total 20.810ms
08-04 14:31:03.486 27726 27738 I art     : Starting a blocking GC Explicit
08-04 14:31:03.506 27726 27738 I art     : Explicit concurrent mark sweep GC freed 3(96B) AllocSpace objects, 0(0B) LOS objects, 23% free, 52MB/68MB, paused 439us total 20.691ms
08-04 14:31:03.515 27726 27738 I art     : Starting a blocking GC Explicit
08-04 14:31:03.536 27726 27738 I art     : Explicit concurrent mark sweep GC freed 3(96B) AllocSpace objects, 0(0B) LOS objects, 23% free, 52MB/68MB, paused 451us total 21.323ms
08-04 14:31:03.545 27726 27738 I art     : Starting a blocking GC Explicit
08-04 14:31:03.568 27726 27738 I art     : Explicit concurrent mark sweep GC freed 3(96B) AllocSpace objects, 0(0B) LOS objects, 23% free, 52MB/68MB, paused 954us total 22.510ms
08-04 14:31:03.663 21770 21770 I ServiceManager: Waiting for service AtCmdFwd...
08-04 14:31:03.848 27726 28206 I art     : Starting a blocking GC Explicit
08-04 14:31:03.883 27726 28206 I art     : Explicit concurrent mark sweep GC freed 1344(78KB) AllocSpace objects, 1(20KB) LOS objects, 23% free, 52MB/68MB, paused 724us total 33.943ms
08-04 14:31:03.894 27726 28206 I art     : Starting a blocking GC Explicit
08-04 14:31:03.916 27726 28206 I art     : Explicit concurrent mark sweep GC freed 20(704B) AllocSpace objects, 0(0B) LOS objects, 23% free, 52MB/68MB, paused 466us total 21.750ms
08-04 14:31:03.925 27726 28206 I art     : Starting a blocking GC Explicit
08-04 14:31:03.946 27726 28206 I art     : Explicit concurrent mark sweep GC freed 3(96B) AllocSpace objects, 0(0B) LOS objects, 23% free, 52MB/68MB, paused 448us total 21.628ms
08-04 14:31:03.955 27726 28206 I art     : Starting a blocking GC Explicit
08-04 14:31:03.977 27726 28206 I art     : Explicit concurrent mark sweep GC freed 3(96B) AllocSpace objects, 0(0B) LOS objects, 23% free, 52MB/68MB, paused 506us total 22.236ms
08-04 14:31:03.986 27726 28206 I art     : Starting a blocking GC Explicit
08-04 14:31:04.009 27726 28206 I art     : Explicit concurrent mark sweep GC freed 3(96B) AllocSpace objects, 0(0B) LOS objects, 23% free, 52MB/68MB, paused 463us total 22.777ms
08-04 14:31:04.292 27726 27739 I art     : Starting a blocking GC Explicit
08-04 14:31:04.326 27726 27739 I art     : Explicit concurrent mark sweep GC freed 1344(78KB) AllocSpace objects, 1(20KB) LOS objects, 23% free, 52MB/68MB, paused 508us total 33.208ms
08-04 14:31:04.339 27726 27739 I art     : Starting a blocking GC Explicit
08-04 14:31:04.362 27726 27739 I art     : Explicit concurrent mark sweep GC freed 20(704B) AllocSpace objects, 0(0B) LOS objects, 23% free, 52MB/68MB, paused 468us total 23.249ms
08-04 14:31:04.371 27726 27739 I art     : Starting a blocking GC Explicit
08-04 14:31:04.395 27726 27739 I art     : Explicit concurrent mark sweep GC freed 3(96B) AllocSpace objects, 0(0B) LOS objects, 23% free, 52MB/68MB, paused 463us total 23.198ms
08-04 14:31:04.404 27726 27739 I art     : Starting a blocking GC Explicit
08-04 14:31:04.428 27726 27739 I art     : Explicit concurrent mark sweep GC freed 3(96B) AllocSpace objects, 0(0B) LOS objects, 23% free, 52MB/68MB, paused 493us total 23.348ms
08-04 14:31:04.437 27726 27739 I art     : Starting a blocking GC Explicit
08-04 14:31:04.461 27726 27739 I art     : Explicit concurrent mark sweep GC freed 3(96B) AllocSpace objects, 0(0B) LOS objects, 23% free, 52MB/68MB, paused 544us total 23.600ms
08-04 14:31:04.663 21770 21770 I ServiceManager: Waiting for service AtCmdFwd...
08-04 14:31:04.759 27726 27763 I art     : Starting a blocking GC Explicit
08-04 14:31:04.789 27726 27763 I art     : Explicit concurrent mark sweep GC freed 1344(78KB) AllocSpace objects, 1(20KB) LOS objects, 23% free, 52MB/68MB, paused 523us total 28.988ms
08-04 14:31:04.801 27726 27763 I art     : Starting a blocking GC Explicit
08-04 14:31:04.825 27726 27763 I art     : Explicit concurrent mark sweep GC freed 20(704B) AllocSpace objects, 0(0B) LOS objects, 23% free, 52MB/68MB, paused 545us total 23.937ms
08-04 14:31:04.835 27726 27763 I art     : Starting a blocking GC Explicit
08-04 14:31:04.858 27726 27763 I art     : Explicit concurrent mark sweep GC freed 3(96B) AllocSpace objects, 0(0B) LOS objects, 23% free, 52MB/68MB, paused 474us total 23.133ms
08-04 14:31:04.867 27726 27763 I art     : Starting a blocking GC Explicit
08-04 14:31:04.891 27726 27763 I art     : Explicit concurrent mark sweep GC freed 3(96B) AllocSpace objects, 0(0B) LOS objects, 23% free, 52MB/68MB, paused 476us total 23.318ms
08-04 14:31:04.900 27726 27763 I art     : Starting a blocking GC Explicit
08-04 14:31:04.923 27726 27763 I art     : Explicit concurrent mark sweep GC freed 3(96B) AllocSpace objects, 0(0B) LOS objects, 23% free, 52MB/68MB, paused 462us total 22.894ms
08-04 14:31:05.230 27726 27738 I art     : Starting a blocking GC Explicit
08-04 14:31:05.256 27726 27738 I art     : Explicit concurrent mark sweep GC freed 1344(78KB) AllocSpace objects, 1(20KB) LOS objects, 23% free, 52MB/68MB, paused 493us total 25.931ms
08-04 14:31:05.268 27726 27738 I art     : Starting a blocking GC Explicit
08-04 14:31:05.292 27726 27738 I art     : Explicit concurrent mark sweep GC freed 20(704B) AllocSpace objects, 0(0B) LOS objects, 23% free, 52MB/68MB, paused 465us total 23.269ms
08-04 14:31:05.301 27726 27738 I art     : Starting a blocking GC Explicit
08-04 14:31:05.324 27726 27738 I art     : Explicit concurrent mark sweep GC freed 3(96B) AllocSpace objects, 0(0B) LOS objects, 23% free, 52MB/68MB, paused 456us total 22.889ms
08-04 14:31:05.333 27726 27738 I art     : Starting a blocking GC Explicit
08-04 14:31:05.356 27726 27738 I art     : Explicit concurrent mark sweep GC freed 3(96B) AllocSpace objects, 0(0B) LOS objects, 23% free, 52MB/68MB, paused 499us total 22.931ms
08-04 14:31:05.365 27726 27738 I art     : Starting a blocking GC Explicit
08-04 14:31:05.389 27726 27738 I art     : Explicit concurrent mark sweep GC freed 3(96B) AllocSpace objects, 0(0B) LOS objects, 23% free, 52MB/68MB, paused 522us total 23.588ms
08-04 14:31:05.664 21770 21770 W Atfwd_Sendcmd: AtCmdFwd service not published, waiting... retryCnt : 4
08-04 14:31:05.708 27726 28206 I art     : Starting a blocking GC Explicit
08-04 14:31:05.739 27726 28206 I art     : Explicit concurrent mark sweep GC freed 1344(78KB) AllocSpace objects, 1(20KB) LOS objects, 23% free, 52MB/68MB, paused 466us total 30.847ms
08-04 14:31:05.749 27726 28206 I art     : Starting a blocking GC Explicit
08-04 14:31:05.772 27726 28206 I art     : Explicit concurrent mark sweep GC freed 20(704B) AllocSpace objects, 0(0B) LOS objects, 23% free, 52MB/68MB, paused 468us total 23.155ms
08-04 14:31:05.781 27726 28206 I art     : Starting a blocking GC Explicit
08-04 14:31:05.804 27726 28206 I art     : Explicit concurrent mark sweep GC freed 3(96B) AllocSpace objects, 0(0B) LOS objects, 23% free, 52MB/68MB, paused 460us total 23.104ms
08-04 14:31:05.814 27726 28206 I art     : Starting a blocking GC Explicit
08-04 14:31:05.837 27726 28206 I art     : Explicit concurrent mark sweep GC freed 3(96B) AllocSpace objects, 0(0B) LOS objects, 23% free, 52MB/68MB, paused 528us total 23.588ms
08-04 14:31:05.847 27726 28206 I art     : Starting a blocking GC Explicit
08-04 14:31:05.870 27726 28206 I art     : Explicit concurrent mark sweep GC freed 3(96B) AllocSpace objects, 0(0B) LOS objects, 23% free, 52MB/68MB, paused 454us total 23.096ms
08-04 14:31:06.190 27726 27739 I art     : Starting a blocking GC Explicit
08-04 14:31:06.224 27726 27739 I art     : Explicit concurrent mark sweep GC freed 1344(78KB) AllocSpace objects, 1(20KB) LOS objects, 23% free, 52MB/68MB, paused 496us total 33.785ms
08-04 14:31:06.237 27726 27739 I art     : Starting a blocking GC Explicit
08-04 14:31:06.263 27726 27739 I art     : Explicit concurrent mark sweep GC freed 20(704B) AllocSpace objects, 0(0B) LOS objects, 23% free, 52MB/68MB, paused 454us total 25.836ms
08-04 14:31:06.272 27726 27739 I art     : Starting a blocking GC Explicit
08-04 14:31:06.296 27726 27739 I art     : Explicit concurrent mark sweep GC freed 3(96B) AllocSpace objects, 0(0B) LOS objects, 23% free, 52MB/68MB, paused 475us total 23.944ms
08-04 14:31:06.305 27726 27739 I art     : Starting a blocking GC Explicit
08-04 14:31:06.329 27726 27739 I art     : Explicit concurrent mark sweep GC freed 3(96B) AllocSpace objects, 0(0B) LOS objects, 23% free, 52MB/68MB, paused 457us total 22.950ms
08-04 14:31:06.338 27726 27739 I art     : Starting a blocking GC Explicit
08-04 14:31:06.361 27726 27739 I art     : Explicit concurrent mark sweep GC freed 3(96B) AllocSpace objects, 0(0B) LOS objects, 23% free, 52MB/68MB, paused 464us total 23.103ms
08-04 14:31:06.674 27726 27763 I art     : Starting a blocking GC Explicit
08-04 14:31:06.704 27726 27763 I art     : Explicit concurrent mark sweep GC freed 1344(78KB) AllocSpace objects, 1(20KB) LOS objects, 23% free, 52MB/68MB, paused 506us total 29.021ms
08-04 14:31:06.716 27726 27763 I art     : Starting a blocking GC Explicit
08-04 14:31:06.740 27726 27763 I art     : Explicit concurrent mark sweep GC freed 20(704B) AllocSpace objects, 0(0B) LOS objects, 23% free, 52MB/68MB, paused 462us total 23.533ms
08-04 14:31:06.749 27726 27763 I art     : Starting a blocking GC Explicit
08-04 14:31:06.772 27726 27763 I art     : Explicit concurrent mark sweep GC freed 3(96B) AllocSpace objects, 0(0B) LOS objects, 23% free, 52MB/68MB, paused 455us total 22.644ms
08-04 14:31:06.781 27726 27763 I art     : Starting a blocking GC Explicit
08-04 14:31:06.805 27726 27763 I art     : Explicit concurrent mark sweep GC freed 3(96B) AllocSpace objects, 0(0B) LOS objects, 23% free, 52MB/68MB, paused 460us total 23.421ms
08-04 14:31:06.814 27726 27763 I art     : Starting a blocking GC Explicit
08-04 14:31:06.837 27726 27763 I art     : Explicit concurrent mark sweep GC freed 3(96B) AllocSpace objects, 0(0B) LOS objects, 23% free, 52MB/68MB, paused 542us total 23.227ms
08-04 14:31:07.113 27726 27738 I art     : Starting a blocking GC Explicit
08-04 14:31:07.136 27726 27738 I art     : Explicit concurrent mark sweep GC freed 1344(78KB) AllocSpace objects, 1(20KB) LOS objects, 23% free, 52MB/68MB, paused 497us total 22.951ms
08-04 14:31:07.145 27726 27738 I art     : Starting a blocking GC Explicit
08-04 14:31:07.168 27726 27738 I art     : Explicit concurrent mark sweep GC freed 20(704B) AllocSpace objects, 0(0B) LOS objects, 23% free, 52MB/68MB, paused 470us total 22.215ms
08-04 14:31:07.177 27726 27738 I art     : Starting a blocking GC Explicit
08-04 14:31:07.199 27726 27738 I art     : Explicit concurrent mark sweep GC freed 3(96B) AllocSpace objects, 0(0B) LOS objects, 23% free, 52MB/68MB, paused 454us total 21.790ms
08-04 14:31:07.207 27726 27738 I art     : Starting a blocking GC Explicit
08-04 14:31:07.230 27726 27738 I art     : Explicit concurrent mark sweep GC freed 3(96B) AllocSpace objects, 0(0B) LOS objects, 23% free, 52MB/68MB, paused 461us total 22.039ms
08-04 14:31:07.238 27726 27738 I art     : Starting a blocking GC Explicit
08-04 14:31:07.260 27726 27738 I art     : Explicit concurrent mark sweep GC freed 3(96B) AllocSpace objects, 0(0B) LOS objects, 23% free, 52MB/68MB, paused 443us total 21.548ms
08-04 14:31:07.333 29911 29911 D AndroidRuntime: >>>>>> START com.android.internal.os.RuntimeInit uid 2000 <<<<<<
08-04 14:31:07.338 29911 29911 D AndroidRuntime: CheckJNI is OFF
08-04 14:31:07.375 29911 29911 D ICU     : No timezone override file found: /data/misc/zoneinfo/current/icu/icu_tzdata.dat
08-04 14:31:07.416 29911 29911 I Radio-JNI: register_android_hardware_Radio DONE
08-04 14:31:07.438 29911 29911 D AndroidRuntime: Calling main entry com.android.commands.input.Input
08-04 14:31:07.439 29911 29911 I Input   : injectKeyEvent: KeyEvent { action=ACTION_DOWN, keyCode=KEYCODE_BACK, scanCode=0, metaState=0, flags=0x0, repeatCount=0, eventTime=714683852, downTime=714683852, deviceId=-1, source=0x101 }
08-04 14:31:07.444 29911 29911 I Input   : injectKeyEvent: KeyEvent { action=ACTION_UP, keyCode=KEYCODE_BACK, scanCode=0, metaState=0, flags=0x0, repeatCount=0, eventTime=714683852, downTime=714683852, deviceId=-1, source=0x101 }
08-04 14:31:07.451 29911 29911 D AndroidRuntime: Shutting down VM
08-04 14:31:07.495 13866 13866 I GoogleInputMethodServic: GoogleInputMethodService.onFinishInput():3138 
08-04 14:31:07.496 13866 13866 I GoogleInputMethodServic: GoogleInputMethodService.onStartInput():1808 
08-04 14:31:07.553 27726 27763 I art     : Starting a blocking GC Explicit
08-04 14:31:07.572 27726 27763 I art     : Explicit concurrent mark sweep GC freed 1482(84KB) AllocSpace objects, 1(20KB) LOS objects, 23% free, 52MB/68MB, paused 404us total 19.143ms
08-04 14:31:07.580 27726 27763 I art     : Starting a blocking GC Explicit
08-04 14:31:07.599 27726 27763 I art     : Explicit concurrent mark sweep GC freed 26(944B) AllocSpace objects, 0(0B) LOS objects, 23% free, 52MB/68MB, paused 401us total 19.013ms
08-04 14:31:07.608 27726 27763 I art     : Starting a blocking GC Explicit
08-04 14:31:07.627 27726 27763 I art     : Explicit concurrent mark sweep GC freed 18(656B) AllocSpace objects, 0(0B) LOS objects, 23% free, 52MB/68MB, paused 475us total 18.706ms
08-04 14:31:07.635 27726 27763 I art     : Starting a blocking GC Explicit
08-04 14:31:07.654 27726 27763 I art     : Explicit concurrent mark sweep GC freed 3(96B) AllocSpace objects, 0(0B) LOS objects, 23% free, 52MB/68MB, paused 414us total 19.421ms
08-04 14:31:07.662 27726 27763 I art     : Starting a blocking GC Explicit
08-04 14:31:07.682 27726 27763 I art     : Explicit concurrent mark sweep GC freed 3(96B) AllocSpace objects, 0(0B) LOS objects, 23% free, 52MB/68MB, paused 392us total 19.402ms
08-04 14:31:07.782   380   380 W SurfaceFlinger: couldn't log to binary event log: overflow.
08-04 14:31:07.927 27726 27739 I art     : Starting a blocking GC Explicit
08-04 14:31:07.950 27726 27739 I art     : Explicit concurrent mark sweep GC freed 1463(87KB) AllocSpace objects, 1(20KB) LOS objects, 23% free, 52MB/68MB, paused 471us total 23.067ms
08-04 14:31:07.959 27726 27739 I art     : Starting a blocking GC Explicit
08-04 14:31:07.980 27726 27739 I art     : Explicit concurrent mark sweep GC freed 4698(269KB) AllocSpace objects, 2(140KB) LOS objects, 23% free, 52MB/68MB, paused 468us total 21.466ms
08-04 14:31:07.989 27726 27739 I art     : Starting a blocking GC Explicit
08-04 14:31:08.010 27726 27739 I art     : Explicit concurrent mark sweep GC freed 3(96B) AllocSpace objects, 0(0B) LOS objects, 23% free, 52MB/68MB, paused 459us total 20.359ms
08-04 14:31:08.018 27726 27739 I art     : Starting a blocking GC Explicit
08-04 14:31:08.039 27726 27739 I art     : Explicit concurrent mark sweep GC freed 3(96B) AllocSpace objects, 0(0B) LOS objects, 23% free, 52MB/68MB, paused 464us total 20.263ms
08-04 14:31:08.047 27726 27739 I art     : Starting a blocking GC Explicit
08-04 14:31:08.069 27726 27739 I art     : Explicit concurrent mark sweep GC freed 3(96B) AllocSpace objects, 0(0B) LOS objects, 23% free, 52MB/68MB, paused 485us total 21.003ms
08-04 14:31:08.368 27726 27738 I art     : Starting a blocking GC Explicit
08-04 14:31:08.398 27726 27738 I art     : Explicit concurrent mark sweep GC freed 1344(78KB) AllocSpace objects, 1(20KB) LOS objects, 23% free, 52MB/68MB, paused 528us total 29.343ms
08-04 14:31:08.411 27726 27738 I art     : Starting a blocking GC Explicit
08-04 14:31:08.434 27726 27738 I art     : Explicit concurrent mark sweep GC freed 20(704B) AllocSpace objects, 0(0B) LOS objects, 23% free, 52MB/68MB, paused 480us total 22.221ms
08-04 14:31:08.442 27726 27738 I art     : Starting a blocking GC Explicit
08-04 14:31:08.463 27726 27738 I art     : Explicit concurrent mark sweep GC freed 3(96B) AllocSpace objects, 0(0B) LOS objects, 23% free, 52MB/68MB, paused 460us total 20.562ms
08-04 14:31:08.472 27726 27738 I art     : Starting a blocking GC Explicit
08-04 14:31:08.493 27726 27738 I art     : Explicit concurrent mark sweep GC freed 3(96B) AllocSpace objects, 0(0B) LOS objects, 23% free, 52MB/68MB, paused 450us total 21.129ms
08-04 14:31:08.502 27726 27738 I art     : Starting a blocking GC Explicit
08-04 14:31:08.524 27726 27738 I art     : Explicit concurrent mark sweep GC freed 3(96B) AllocSpace objects, 0(0B) LOS objects, 23% free, 52MB/68MB, paused 554us total 21.425ms
08-04 14:31:08.793 27726 28206 I art     : Starting a blocking GC Explicit
08-04 14:31:08.814 27726 28206 I art     : Explicit concurrent mark sweep GC freed 1343(78KB) AllocSpace objects, 1(20KB) LOS objects, 23% free, 52MB/68MB, paused 470us total 21.553ms
08-04 14:31:08.823 27726 28206 I art     : Starting a blocking GC Explicit
08-04 14:31:08.844 27726 28206 I art     : Explicit concurrent mark sweep GC freed 20(704B) AllocSpace objects, 0(0B) LOS objects, 23% free, 52MB/68MB, paused 462us total 20.422ms
08-04 14:31:08.852 27726 28206 I art     : Starting a blocking GC Explicit
08-04 14:31:08.873 27726 28206 I art     : Explicit concurrent mark sweep GC freed 3(96B) AllocSpace objects, 0(0B) LOS objects, 23% free, 52MB/68MB, paused 456us total 20.314ms
08-04 14:31:08.882 27726 28206 I art     : Starting a blocking GC Explicit
08-04 14:31:08.902 27726 28206 I art     : Explicit concurrent mark sweep GC freed 3(96B) AllocSpace objects, 0(0B) LOS objects, 23% free, 52MB/68MB, paused 518us total 20.064ms
08-04 14:31:08.911 27726 28206 I art     : Starting a blocking GC Explicit
08-04 14:31:08.931 27726 28206 I art     : Explicit concurrent mark sweep GC freed 3(96B) AllocSpace objects, 0(0B) LOS objects, 23% free, 52MB/68MB, paused 460us total 19.773ms
08-04 14:31:09.121 29967 29967 D AndroidRuntime: >>>>>> START com.android.internal.os.RuntimeInit uid 2000 <<<<<<
08-04 14:31:09.127 29967 29967 D AndroidRuntime: CheckJNI is OFF
08-04 14:31:09.159 29967 29967 D ICU     : No timezone override file found: /data/misc/zoneinfo/current/icu/icu_tzdata.dat
08-04 14:31:09.198 29967 29967 I Radio-JNI: register_android_hardware_Radio DONE
08-04 14:31:09.208 27726 27739 I art     : Starting a blocking GC Explicit
08-04 14:31:09.222 29967 29967 D AndroidRuntime: Calling main entry com.android.commands.input.Input
08-04 14:31:09.224 29967 29967 I Input   : injectMotionEvent: MotionEvent { action=ACTION_DOWN, actionButton=0, id[0]=0, x[0]=648.0, y[0]=1050.0, toolType[0]=TOOL_TYPE_UNKNOWN, buttonState=0, metaState=0, flags=0x0, edgeFlags=0x0, pointerCount=1, historySize=0, eventTime=714685637, downTime=714685637, deviceId=0, source=0x1002 }
08-04 14:31:09.229 29967 29967 I Input   : injectMotionEvent: MotionEvent { action=ACTION_UP, actionButton=0, id[0]=0, x[0]=648.0, y[0]=1050.0, toolType[0]=TOOL_TYPE_UNKNOWN, buttonState=0, metaState=0, flags=0x0, edgeFlags=0x0, pointerCount=1, historySize=0, eventTime=714685637, downTime=714685637, deviceId=0, source=0x1002 }
08-04 14:31:09.229 27726 27739 I art     : Explicit concurrent mark sweep GC freed 1360(78KB) AllocSpace objects, 1(20KB) LOS objects, 23% free, 52MB/68MB, paused 438us total 21.108ms
08-04 14:31:09.231 29967 29967 D AndroidRuntime: Shutting down VM
08-04 14:31:09.238   918  6110 I ActivityManager: START u0 {cmp=baseline.appteam.nith.hillffair/.activities.InformationActivity} from uid 10651 on display 0
08-04 14:31:09.239   512  2967 D audio_hw_primary: out_set_parameters: enter: usecase(1: low-latency-playback) kvpairs: routing=2
08-04 14:31:09.239 27726 27739 I art     : Starting a blocking GC Explicit
08-04 14:31:09.252   512  2967 D audio_hw_primary: select_devices: out_snd_device(2: speaker) in_snd_device(0: none)
08-04 14:31:09.252   512  2967 D msm8974_platform: platform_send_audio_calibration: sending audio calibration for snd_device(2) acdb_id(15)
08-04 14:31:09.253   512  2967 I soundtrigger: audio_extn_sound_trigger_update_device_status: device 0x2 of type 0 for Event 1
08-04 14:31:09.260 27726 27739 I art     : Explicit concurrent mark sweep GC freed 117(12KB) AllocSpace objects, 0(0B) LOS objects, 23% free, 52MB/68MB, paused 456us total 20.723ms
08-04 14:31:09.262   512  2967 D audio_hw_primary: enable_snd_device: snd_device(2: speaker)
08-04 14:31:09.264   512  2967 D audio_hw_primary: enable_audio_route: apply and update mixer path: low-latency-playback speaker
08-04 14:31:09.268 27726 27739 I art     : Starting a blocking GC Explicit
08-04 14:31:09.288 27726 27739 I art     : Explicit concurrent mark sweep GC freed 756(59KB) AllocSpace objects, 0(0B) LOS objects, 23% free, 52MB/68MB, paused 873us total 20.421ms
08-04 14:31:09.297 27726 27739 I art     : Starting a blocking GC Explicit
08-04 14:31:09.317 27726 27739 I art     : Explicit concurrent mark sweep GC freed 177(11KB) AllocSpace objects, 0(0B) LOS objects, 23% free, 52MB/68MB, paused 489us total 19.860ms
08-04 14:31:09.325 27726 27739 I art     : Starting a blocking GC Explicit
08-04 14:31:09.344 27726 27739 I art     : Explicit concurrent mark sweep GC freed 52(2240B) AllocSpace objects, 0(0B) LOS objects, 23% free, 52MB/68MB, paused 647us total 18.316ms
08-04 14:31:09.379   918   936 I ActivityManager: Displayed baseline.appteam.nith.hillffair/.activities.InformationActivity: +128ms
08-04 14:31:09.379 13866 13866 I GoogleInputMethodServic: GoogleInputMethodService.onFinishInput():3138 
08-04 14:31:09.380 13866 13866 I GoogleInputMethodServic: GoogleInputMethodService.onStartInput():1808 
08-04 14:31:09.402 27726 27749 D OpenGLRenderer: endAllStagingAnimators on 0x7f7fcdfc00 (RippleDrawable) with handle 0x7f9a1e9be0
08-04 14:31:09.607 27726 28206 I art     : Starting a blocking GC Explicit
08-04 14:31:09.632 27726 28206 I art     : Explicit concurrent mark sweep GC freed 1470(82KB) AllocSpace objects, 1(20KB) LOS objects, 23% free, 52MB/68MB, paused 453us total 24.880ms
08-04 14:31:09.635   380   380 W SurfaceFlinger: couldn't log to binary event log: overflow.
08-04 14:31:09.643 27726 28206 I art     : Starting a blocking GC Explicit
08-04 14:31:09.663 27726 28206 I art     : Explicit concurrent mark sweep GC freed 38(1296B) AllocSpace objects, 0(0B) LOS objects, 23% free, 52MB/68MB, paused 433us total 19.261ms
08-04 14:31:09.671 27726 28206 I art     : Starting a blocking GC Explicit
08-04 14:31:09.689 27726 28206 I art     : Explicit concurrent mark sweep GC freed 3(96B) AllocSpace objects, 0(0B) LOS objects, 23% free, 52MB/68MB, paused 399us total 17.795ms
08-04 14:31:09.696 27726 28206 I art     : Starting a blocking GC Explicit
08-04 14:31:09.716 27726 28206 I art     : Explicit concurrent mark sweep GC freed 3(96B) AllocSpace objects, 0(0B) LOS objects, 23% free, 52MB/68MB, paused 443us total 19.540ms
08-04 14:31:09.724 27726 28206 I art     : Starting a blocking GC Explicit
08-04 14:31:09.743 27726 28206 I art     : Explicit concurrent mark sweep GC freed 70(4KB) AllocSpace objects, 0(0B) LOS objects, 23% free, 52MB/68MB, paused 415us total 18.627ms
08-04 14:31:09.800   512  2967 D audio_hw_primary: disable_audio_route: reset and update mixer path: low-latency-playback speaker
08-04 14:31:09.801   512  2967 D audio_hw_primary: disable_snd_device: snd_device(2: speaker)
08-04 14:31:09.808   512  2967 I soundtrigger: audio_extn_sound_trigger_update_device_status: device 0x2 of type 0 for Event 0
08-04 14:31:10.040 27726 27763 I art     : Starting a blocking GC Explicit
08-04 14:31:10.071 27726 27763 I art     : Explicit concurrent mark sweep GC freed 1388(80KB) AllocSpace objects, 1(20KB) LOS objects, 23% free, 52MB/68MB, paused 525us total 30.748ms
08-04 14:31:10.087 27726 27763 I art     : Starting a blocking GC Explicit
08-04 14:31:10.113 27726 27763 I art     : Explicit concurrent mark sweep GC freed 50(1648B) AllocSpace objects, 0(0B) LOS objects, 23% free, 52MB/68MB, paused 466us total 26.444ms
08-04 14:31:10.122 27726 27763 I art     : Starting a blocking GC Explicit
08-04 14:31:10.145 27726 27763 I art     : Explicit concurrent mark sweep GC freed 3(96B) AllocSpace objects, 0(0B) LOS objects, 23% free, 52MB/68MB, paused 439us total 22.211ms
08-04 14:31:10.154 27726 27763 I art     : Starting a blocking GC Explicit
08-04 14:31:10.176 27726 27763 I art     : Explicit concurrent mark sweep GC freed 3(96B) AllocSpace objects, 0(0B) LOS objects, 23% free, 52MB/68MB, paused 427us total 21.754ms
08-04 14:31:10.184 27726 27763 I art     : Starting a blocking GC Explicit
08-04 14:31:10.207 27726 27763 I art     : Explicit concurrent mark sweep GC freed 3(96B) AllocSpace objects, 0(0B) LOS objects, 23% free, 52MB/68MB, paused 500us total 22.111ms
08-04 14:31:10.511 27726 27738 I art     : Starting a blocking GC Explicit
08-04 14:31:10.539 27726 27738 I art     : Explicit concurrent mark sweep GC freed 1344(78KB) AllocSpace objects, 1(20KB) LOS objects, 23% free, 52MB/68MB, paused 562us total 28.267ms
08-04 14:31:10.553 27726 27738 I art     : Starting a blocking GC Explicit
08-04 14:31:10.576 27726 27738 I art     : Explicit concurrent mark sweep GC freed 20(704B) AllocSpace objects, 0(0B) LOS objects, 23% free, 52MB/68MB, paused 445us total 22.822ms
08-04 14:31:10.585 27726 27738 I art     : Starting a blocking GC Explicit
08-04 14:31:10.607 27726 27738 I art     : Explicit concurrent mark sweep GC freed 3(96B) AllocSpace objects, 0(0B) LOS objects, 23% free, 52MB/68MB, paused 430us total 21.576ms
08-04 14:31:10.616 27726 27738 I art     : Starting a blocking GC Explicit
08-04 14:31:10.638 27726 27738 I art     : Explicit concurrent mark sweep GC freed 3(96B) AllocSpace objects, 0(0B) LOS objects, 23% free, 52MB/68MB, paused 448us total 22.066ms
08-04 14:31:10.647 27726 27738 I art     : Starting a blocking GC Explicit
08-04 14:31:10.670 27726 27738 I art     : Explicit concurrent mark sweep GC freed 3(96B) AllocSpace objects, 0(0B) LOS objects, 23% free, 52MB/68MB, paused 445us total 22.196ms
08-04 14:31:10.957 27726 27763 I art     : Starting a blocking GC Explicit
08-04 14:31:10.978 27726 27763 I art     : Explicit concurrent mark sweep GC freed 1353(78KB) AllocSpace objects, 1(20KB) LOS objects, 23% free, 52MB/68MB, paused 430us total 20.962ms
08-04 14:31:10.988 27726 27763 I art     : Starting a blocking GC Explicit
08-04 14:31:11.009 27726 27763 I art     : Explicit concurrent mark sweep GC freed 25(864B) AllocSpace objects, 0(0B) LOS objects, 23% free, 52MB/68MB, paused 397us total 20.335ms
08-04 14:31:11.017 27726 27763 I art     : Starting a blocking GC Explicit
08-04 14:31:11.039 27726 27763 I art     : Explicit concurrent mark sweep GC freed 6(192B) AllocSpace objects, 0(0B) LOS objects, 23% free, 52MB/68MB, paused 628us total 21.104ms
08-04 14:31:11.048 27726 27763 I art     : Starting a blocking GC Explicit
08-04 14:31:11.069 27726 27763 I art     : Explicit concurrent mark sweep GC freed 6(192B) AllocSpace objects, 0(0B) LOS objects, 23% free, 52MB/68MB, paused 406us total 20.684ms
08-04 14:31:11.077 27726 27763 I art     : Starting a blocking GC Explicit
08-04 14:31:11.099 27726 27763 I art     : Explicit concurrent mark sweep GC freed 6(192B) AllocSpace objects, 0(0B) LOS objects, 23% free, 52MB/68MB, paused 465us total 21.340ms
08-04 14:31:11.413 27726 28206 I art     : Starting a blocking GC Explicit
08-04 14:31:11.447 27726 28206 I art     : Explicit concurrent mark sweep GC freed 1349(78KB) AllocSpace objects, 1(20KB) LOS objects, 23% free, 52MB/68MB, paused 650us total 33.353ms
08-04 14:31:11.460 27726 28206 I art     : Starting a blocking GC Explicit
08-04 14:31:11.487 27726 28206 I art     : Explicit concurrent mark sweep GC freed 20(704B) AllocSpace objects, 0(0B) LOS objects, 23% free, 52MB/68MB, paused 612us total 26.818ms
08-04 14:31:11.496 27726 28206 I art     : Starting a blocking GC Explicit
08-04 14:31:11.519 27726 28206 I art     : Explicit concurrent mark sweep GC freed 3(96B) AllocSpace objects, 0(0B) LOS objects, 23% free, 52MB/68MB, paused 464us total 21.819ms
08-04 14:31:11.527 27726 28206 I art     : Starting a blocking GC Explicit
08-04 14:31:11.549 27726 28206 I art     : Explicit concurrent mark sweep GC freed 3(96B) AllocSpace objects, 0(0B) LOS objects, 23% free, 52MB/68MB, paused 440us total 21.516ms
08-04 14:31:11.558 27726 28206 I art     : Starting a blocking GC Explicit
08-04 14:31:11.581 27726 28206 I art     : Explicit concurrent mark sweep GC freed 3(96B) AllocSpace objects, 0(0B) LOS objects, 23% free, 52MB/68MB, paused 451us total 22.120ms
08-04 14:31:11.900 27726 27739 I art     : Starting a blocking GC Explicit
08-04 14:31:11.927 27726 27739 I art     : Explicit concurrent mark sweep GC freed 1344(78KB) AllocSpace objects, 1(20KB) LOS objects, 23% free, 52MB/68MB, paused 502us total 26.804ms
08-04 14:31:11.938 27726 27739 I art     : Starting a blocking GC Explicit
08-04 14:31:11.961 27726 27739 I art     : Explicit concurrent mark sweep GC freed 20(704B) AllocSpace objects, 0(0B) LOS objects, 23% free, 52MB/68MB, paused 457us total 22.263ms
08-04 14:31:11.970 27726 27739 I art     : Starting a blocking GC Explicit
08-04 14:31:11.992 27726 27739 I art     : Explicit concurrent mark sweep GC freed 3(96B) AllocSpace objects, 0(0B) LOS objects, 23% free, 52MB/68MB, paused 451us total 22.304ms
08-04 14:31:12.002 27726 27739 I art     : Starting a blocking GC Explicit
08-04 14:31:12.024 27726 27739 I art     : Explicit concurrent mark sweep GC freed 3(96B) AllocSpace objects, 0(0B) LOS objects, 23% free, 52MB/68MB, paused 449us total 22.475ms
08-04 14:31:12.033 27726 27739 I art     : Starting a blocking GC Explicit
08-04 14:31:12.055 27726 27739 I art     : Explicit concurrent mark sweep GC freed 3(96B) AllocSpace objects, 0(0B) LOS objects, 23% free, 52MB/68MB, paused 451us total 21.679ms
08-04 14:31:12.379 27726 27763 I art     : Starting a blocking GC Explicit
08-04 14:31:12.409 27726 27763 I art     : Explicit concurrent mark sweep GC freed 1344(78KB) AllocSpace objects, 1(20KB) LOS objects, 23% free, 52MB/68MB, paused 545us total 29.616ms
08-04 14:31:12.427 27726 27763 I art     : Starting a blocking GC Explicit
08-04 14:31:12.450 27726 27763 I art     : Explicit concurrent mark sweep GC freed 20(704B) AllocSpace objects, 0(0B) LOS objects, 23% free, 52MB/68MB, paused 462us total 22.589ms
08-04 14:31:12.459 27726 27763 I art     : Starting a blocking GC Explicit
08-04 14:31:12.481 27726 27763 I art     : Explicit concurrent mark sweep GC freed 3(96B) AllocSpace objects, 0(0B) LOS objects, 23% free, 52MB/68MB, paused 456us total 22.236ms
08-04 14:31:12.490 27726 27763 I art     : Starting a blocking GC Explicit
08-04 14:31:12.512 27726 27763 I art     : Explicit concurrent mark sweep GC freed 3(96B) AllocSpace objects, 0(0B) LOS objects, 23% free, 52MB/68MB, paused 442us total 22.229ms
08-04 14:31:12.521 27726 27763 I art     : Starting a blocking GC Explicit
08-04 14:31:12.544 27726 27763 I art     : Explicit concurrent mark sweep GC freed 3(96B) AllocSpace objects, 0(0B) LOS objects, 23% free, 52MB/68MB, paused 464us total 22.114ms
08-04 14:31:12.859 27726 27738 I art     : Starting a blocking GC Explicit
08-04 14:31:12.883 27726 27738 I art     : Explicit concurrent mark sweep GC freed 1344(78KB) AllocSpace objects, 1(20KB) LOS objects, 23% free, 52MB/68MB, paused 483us total 24.109ms
08-04 14:31:12.895 27726 27738 I art     : Starting a blocking GC Explicit
08-04 14:31:12.917 27726 27738 I art     : Explicit concurrent mark sweep GC freed 20(704B) AllocSpace objects, 0(0B) LOS objects, 23% free, 52MB/68MB, paused 521us total 21.720ms
08-04 14:31:12.926 27726 27738 I art     : Starting a blocking GC Explicit
08-04 14:31:12.948 27726 27738 I art     : Explicit concurrent mark sweep GC freed 3(96B) AllocSpace objects, 0(0B) LOS objects, 23% free, 52MB/68MB, paused 465us total 21.849ms
08-04 14:31:12.956 27726 27738 I art     : Starting a blocking GC Explicit
08-04 14:31:12.978 27726 27738 I art     : Explicit concurrent mark sweep GC freed 3(96B) AllocSpace objects, 0(0B) LOS objects, 23% free, 52MB/68MB, paused 448us total 21.692ms
08-04 14:31:12.987 27726 27738 I art     : Starting a blocking GC Explicit
08-04 14:31:13.009 27726 27738 I art     : Explicit concurrent mark sweep GC freed 3(96B) AllocSpace objects, 0(0B) LOS objects, 23% free, 52MB/68MB, paused 437us total 22.147ms
08-04 14:31:13.348 27726 28206 I art     : Starting a blocking GC Explicit
08-04 14:31:13.377 27726 28206 I art     : Explicit concurrent mark sweep GC freed 1344(78KB) AllocSpace objects, 1(20KB) LOS objects, 23% free, 52MB/68MB, paused 584us total 28.121ms
08-04 14:31:13.388 27726 28206 I art     : Starting a blocking GC Explicit
08-04 14:31:13.411 27726 28206 I art     : Explicit concurrent mark sweep GC freed 20(704B) AllocSpace objects, 0(0B) LOS objects, 23% free, 52MB/68MB, paused 455us total 21.872ms
08-04 14:31:13.419 27726 28206 I art     : Starting a blocking GC Explicit
08-04 14:31:13.441 27726 28206 I art     : Explicit concurrent mark sweep GC freed 3(96B) AllocSpace objects, 0(0B) LOS objects, 23% free, 52MB/68MB, paused 440us total 21.581ms
08-04 14:31:13.450 27726 28206 I art     : Starting a blocking GC Explicit
08-04 14:31:13.471 27726 28206 I art     : Explicit concurrent mark sweep GC freed 3(96B) AllocSpace objects, 0(0B) LOS objects, 23% free, 52MB/68MB, paused 432us total 20.790ms
08-04 14:31:13.480 27726 28206 I art     : Starting a blocking GC Explicit
08-04 14:31:13.500 27726 28206 I art     : Explicit concurrent mark sweep GC freed 3(96B) AllocSpace objects, 0(0B) LOS objects, 23% free, 52MB/68MB, paused 429us total 20.489ms
08-04 14:31:13.803 27726 27739 I art     : Starting a blocking GC Explicit
08-04 14:31:13.831 27726 27739 I art     : Explicit concurrent mark sweep GC freed 1344(78KB) AllocSpace objects, 1(20KB) LOS objects, 23% free, 52MB/68MB, paused 672us total 27.477ms
08-04 14:31:13.840 27726 27739 I art     : Starting a blocking GC Explicit
08-04 14:31:13.861 27726 27739 I art     : Explicit concurrent mark sweep GC freed 20(704B) AllocSpace objects, 0(0B) LOS objects, 23% free, 52MB/68MB, paused 452us total 20.916ms
08-04 14:31:13.870 27726 27739 I art     : Starting a blocking GC Explicit
08-04 14:31:13.890 27726 27739 I art     : Explicit concurrent mark sweep GC freed 3(96B) AllocSpace objects, 0(0B) LOS objects, 23% free, 52MB/68MB, paused 449us total 19.822ms
08-04 14:31:13.898 27726 27739 I art     : Starting a blocking GC Explicit
08-04 14:31:13.907 30090 30090 D AndroidRuntime: >>>>>> START com.android.internal.os.RuntimeInit uid 2000 <<<<<<
08-04 14:31:13.912 30090 30090 D AndroidRuntime: CheckJNI is OFF
08-04 14:31:13.919 27726 27739 I art     : Explicit concurrent mark sweep GC freed 3(96B) AllocSpace objects, 0(0B) LOS objects, 23% free, 52MB/68MB, paused 482us total 20.892ms
08-04 14:31:13.927 27726 27739 I art     : Starting a blocking GC Explicit
08-04 14:31:13.947 30090 30090 D ICU     : No timezone override file found: /data/misc/zoneinfo/current/icu/icu_tzdata.dat
08-04 14:31:13.948 27726 27739 I art     : Explicit concurrent mark sweep GC freed 3(96B) AllocSpace objects, 0(0B) LOS objects, 23% free, 52MB/68MB, paused 506us total 20.343ms
08-04 14:31:13.982 30090 30090 I Radio-JNI: register_android_hardware_Radio DONE
08-04 14:31:14.003 30090 30090 D AndroidRuntime: Calling main entry com.android.commands.input.Input
08-04 14:31:14.005 30090 30090 I Input   : injectKeyEvent: KeyEvent { action=ACTION_DOWN, keyCode=KEYCODE_BACK, scanCode=0, metaState=0, flags=0x0, repeatCount=0, eventTime=714690418, downTime=714690418, deviceId=-1, source=0x101 }
08-04 14:31:14.011 30090 30090 I Input   : injectKeyEvent: KeyEvent { action=ACTION_UP, keyCode=KEYCODE_BACK, scanCode=0, metaState=0, flags=0x0, repeatCount=0, eventTime=714690418, downTime=714690418, deviceId=-1, source=0x101 }
08-04 14:31:14.017 30090 30090 D AndroidRuntime: Shutting down VM
08-04 14:31:14.048 13866 13866 I GoogleInputMethodServic: GoogleInputMethodService.onFinishInput():3138 
08-04 14:31:14.049 13866 13866 I GoogleInputMethodServic: GoogleInputMethodService.onStartInput():1808 
08-04 14:31:14.193 27726 27738 I art     : Starting a blocking GC Explicit
08-04 14:31:14.219 27726 27738 I art     : Explicit concurrent mark sweep GC freed 1484(84KB) AllocSpace objects, 1(20KB) LOS objects, 23% free, 52MB/68MB, paused 441us total 26.020ms
08-04 14:31:14.229 27726 27738 I art     : Starting a blocking GC Explicit
08-04 14:31:14.255 27726 27738 I art     : Explicit concurrent mark sweep GC freed 26(944B) AllocSpace objects, 0(0B) LOS objects, 23% free, 52MB/68MB, paused 450us total 25.530ms
08-04 14:31:14.267 27726 27738 I art     : Starting a blocking GC Explicit
08-04 14:31:14.291 27726 27738 I art     : Explicit concurrent mark sweep GC freed 3(96B) AllocSpace objects, 0(0B) LOS objects, 23% free, 52MB/68MB, paused 460us total 23.881ms
08-04 14:31:14.304 27726 27738 I art     : Starting a blocking GC Explicit
08-04 14:31:14.331 27726 27738 I art     : Explicit concurrent mark sweep GC freed 3(96B) AllocSpace objects, 0(0B) LOS objects, 23% free, 52MB/68MB, paused 718us total 26.358ms
08-04 14:31:14.341 27726 27738 I art     : Starting a blocking GC Explicit
08-04 14:31:14.356   380   380 W SurfaceFlinger: couldn't log to binary event log: overflow.
08-04 14:31:14.364 27726 27738 I art     : Explicit concurrent mark sweep GC freed 90(7KB) AllocSpace objects, 0(0B) LOS objects, 23% free, 52MB/68MB, paused 460us total 22.649ms
08-04 14:31:14.629 27726 27739 I art     : Starting a blocking GC Explicit
08-04 14:31:14.656 27726 27739 I art     : Explicit concurrent mark sweep GC freed 1367(79KB) AllocSpace objects, 1(20KB) LOS objects, 23% free, 52MB/68MB, paused 471us total 26.573ms
08-04 14:31:14.665 27726 27739 I art     : Starting a blocking GC Explicit
08-04 14:31:14.687 27726 27739 I art     : Explicit concurrent mark sweep GC freed 1401(90KB) AllocSpace objects, 1(28KB) LOS objects, 23% free, 52MB/68MB, paused 479us total 21.962ms
08-04 14:31:14.696 27726 27739 I art     : Starting a blocking GC Explicit
08-04 14:31:14.717 27726 27739 I art     : Explicit concurrent mark sweep GC freed 3(96B) AllocSpace objects, 0(0B) LOS objects, 23% free, 52MB/68MB, paused 476us total 21.155ms
08-04 14:31:14.726 27726 27739 I art     : Starting a blocking GC Explicit
08-04 14:31:14.748 27726 27739 I art     : Explicit concurrent mark sweep GC freed 3(96B) AllocSpace objects, 0(0B) LOS objects, 23% free, 52MB/68MB, paused 490us total 21.360ms
08-04 14:31:14.757 27726 27739 I art     : Starting a blocking GC Explicit
08-04 14:31:14.779 27726 27739 I art     : Explicit concurrent mark sweep GC freed 3(96B) AllocSpace objects, 0(0B) LOS objects, 23% free, 52MB/68MB, paused 457us total 21.452ms
08-04 14:31:15.059 27726 27763 I art     : Starting a blocking GC Explicit
08-04 14:31:15.084 27726 27763 I art     : Explicit concurrent mark sweep GC freed 1344(78KB) AllocSpace objects, 1(20KB) LOS objects, 23% free, 52MB/68MB, paused 459us total 24.541ms
08-04 14:31:15.092 27726 27763 I art     : Starting a blocking GC Explicit
08-04 14:31:15.114 27726 27763 I art     : Explicit concurrent mark sweep GC freed 20(704B) AllocSpace objects, 0(0B) LOS objects, 23% free, 52MB/68MB, paused 444us total 21.735ms
08-04 14:31:15.123 27726 27763 I art     : Starting a blocking GC Explicit
08-04 14:31:15.144 27726 27763 I art     : Explicit concurrent mark sweep GC freed 3(96B) AllocSpace objects, 0(0B) LOS objects, 23% free, 52MB/68MB, paused 443us total 21.096ms
08-04 14:31:15.153 27726 27763 I art     : Starting a blocking GC Explicit
08-04 14:31:15.175 27726 27763 I art     : Explicit concurrent mark sweep GC freed 3(96B) AllocSpace objects, 0(0B) LOS objects, 23% free, 52MB/68MB, paused 437us total 21.330ms
08-04 14:31:15.184 27726 27763 I art     : Starting a blocking GC Explicit
08-04 14:31:15.205 27726 27763 I art     : Explicit concurrent mark sweep GC freed 3(96B) AllocSpace objects, 0(0B) LOS objects, 23% free, 52MB/68MB, paused 452us total 21.444ms
08-04 14:31:15.476 27726 28206 I art     : Starting a blocking GC Explicit
08-04 14:31:15.500 27726 28206 I art     : Explicit concurrent mark sweep GC freed 1343(78KB) AllocSpace objects, 1(20KB) LOS objects, 23% free, 52MB/68MB, paused 505us total 23.670ms
08-04 14:31:15.513 27726 28206 I art     : Starting a blocking GC Explicit
08-04 14:31:15.533 27726 28206 I art     : Explicit concurrent mark sweep GC freed 20(704B) AllocSpace objects, 0(0B) LOS objects, 23% free, 52MB/68MB, paused 465us total 20.026ms
08-04 14:31:15.542 27726 28206 I art     : Starting a blocking GC Explicit
08-04 14:31:15.563 27726 28206 I art     : Explicit concurrent mark sweep GC freed 3(96B) AllocSpace objects, 0(0B) LOS objects, 23% free, 52MB/68MB, paused 445us total 21.077ms
08-04 14:31:15.571 27726 28206 I art     : Starting a blocking GC Explicit
08-04 14:31:15.592 27726 28206 I art     : Explicit concurrent mark sweep GC freed 3(96B) AllocSpace objects, 0(0B) LOS objects, 23% free, 52MB/68MB, paused 430us total 20.309ms
08-04 14:31:15.600 27726 28206 I art     : Starting a blocking GC Explicit
08-04 14:31:15.620 27726 28206 I art     : Explicit concurrent mark sweep GC freed 3(96B) AllocSpace objects, 0(0B) LOS objects, 23% free, 52MB/68MB, paused 441us total 19.876ms
08-04 14:31:15.688 30144 30144 D AndroidRuntime: >>>>>> START com.android.internal.os.RuntimeInit uid 2000 <<<<<<
08-04 14:31:15.692 30144 30144 D AndroidRuntime: CheckJNI is OFF
08-04 14:31:15.724 30144 30144 D ICU     : No timezone override file found: /data/misc/zoneinfo/current/icu/icu_tzdata.dat
08-04 14:31:15.757 30144 30144 I Radio-JNI: register_android_hardware_Radio DONE
08-04 14:31:15.781 30144 30144 D AndroidRuntime: Calling main entry com.android.commands.input.Input
08-04 14:31:15.782 30144 30144 I Input   : injectMotionEvent: MotionEvent { action=ACTION_DOWN, actionButton=0, id[0]=0, x[0]=756.0, y[0]=1530.0, toolType[0]=TOOL_TYPE_UNKNOWN, buttonState=0, metaState=0, flags=0x0, edgeFlags=0x0, pointerCount=1, historySize=0, eventTime=714692195, downTime=714692195, deviceId=0, source=0x1002 }
08-04 14:31:15.788 30144 30144 I Input   : injectMotionEvent: MotionEvent { action=ACTION_UP, actionButton=0, id[0]=0, x[0]=756.0, y[0]=1530.0, toolType[0]=TOOL_TYPE_UNKNOWN, buttonState=0, metaState=0, flags=0x0, edgeFlags=0x0, pointerCount=1, historySize=0, eventTime=714692195, downTime=714692195, deviceId=0, source=0x1002 }
08-04 14:31:15.789 30144 30144 D AndroidRuntime: Shutting down VM
08-04 14:31:15.792   918  5481 I ActivityManager: START u0 {cmp=baseline.appteam.nith.hillffair/.activities.LeaderBoardActivity} from uid 10651 on display 0
08-04 14:31:15.797   512  2967 D audio_hw_primary: out_set_parameters: enter: usecase(1: low-latency-playback) kvpairs: routing=2
08-04 14:31:15.810   512  2967 D audio_hw_primary: select_devices: out_snd_device(2: speaker) in_snd_device(0: none)
08-04 14:31:15.810   512  2967 D msm8974_platform: platform_send_audio_calibration: sending audio calibration for snd_device(2) acdb_id(15)
08-04 14:31:15.810   512  2967 I soundtrigger: audio_extn_sound_trigger_update_device_status: device 0x2 of type 0 for Event 1
08-04 14:31:15.820   512  2967 D audio_hw_primary: enable_snd_device: snd_device(2: speaker)
08-04 14:31:15.822   512  2967 D audio_hw_primary: enable_audio_route: apply and update mixer path: low-latency-playback speaker
08-04 14:31:15.882 27726 27726 E RecyclerView: No adapter attached; skipping layout
08-04 14:31:15.884 27726 27726 E RecyclerView: No adapter attached; skipping layout
08-04 14:31:15.894 27726 27738 I art     : Starting a blocking GC Explicit
08-04 14:31:15.899 13866 13866 I GoogleInputMethodServic: GoogleInputMethodService.onFinishInput():3138 
08-04 14:31:15.900   918   936 I ActivityManager: Displayed baseline.appteam.nith.hillffair/.activities.LeaderBoardActivity: +88ms
08-04 14:31:15.900 13866 13866 I GoogleInputMethodServic: GoogleInputMethodService.onStartInput():1808 
08-04 14:31:15.901 27726 27726 E RecyclerView: No adapter attached; skipping layout
08-04 14:31:15.915 27726 27738 I art     : Explicit concurrent mark sweep GC freed 6649(403KB) AllocSpace objects, 1(20KB) LOS objects, 23% free, 52MB/68MB, paused 545us total 20.914ms
08-04 14:31:15.924 27726 27738 I art     : Starting a blocking GC Explicit
08-04 14:31:15.929 27726 27749 D OpenGLRenderer: endAllStagingAnimators on 0x7f80294400 (RippleDrawable) with handle 0x7f9a1e9d80
08-04 14:31:15.944 27726 27738 I art     : Explicit concurrent mark sweep GC freed 284(12KB) AllocSpace objects, 0(0B) LOS objects, 23% free, 52MB/68MB, paused 440us total 20.125ms
08-04 14:31:15.953 27726 27738 I art     : Starting a blocking GC Explicit
08-04 14:31:15.973 27726 27738 I art     : Explicit concurrent mark sweep GC freed 17(560B) AllocSpace objects, 0(0B) LOS objects, 23% free, 52MB/68MB, paused 487us total 19.103ms
08-04 14:31:15.981 27726 27738 I art     : Starting a blocking GC Explicit
08-04 14:31:16.001 27726 27738 I art     : Explicit concurrent mark sweep GC freed 3(96B) AllocSpace objects, 0(0B) LOS objects, 23% free, 52MB/68MB, paused 505us total 19.268ms
08-04 14:31:16.001 27726 27737 I art     : WaitForGcToComplete blocked for 19.485ms for cause HeapTrim
08-04 14:31:16.010 27726 27738 I art     : Starting a blocking GC Explicit
08-04 14:31:16.029 27726 27738 I art     : Explicit concurrent mark sweep GC freed 3(96B) AllocSpace objects, 0(0B) LOS objects, 23% free, 52MB/68MB, paused 441us total 19.148ms
08-04 14:31:16.165   380   380 W SurfaceFlinger: couldn't log to binary event log: overflow.
08-04 14:31:16.283 27726 28206 I art     : Starting a blocking GC Explicit
08-04 14:31:16.305 27726 28206 I art     : Explicit concurrent mark sweep GC freed 1448(84KB) AllocSpace objects, 1(20KB) LOS objects, 23% free, 52MB/68MB, paused 466us total 21.331ms
08-04 14:31:16.313 27726 28206 I art     : Starting a blocking GC Explicit
08-04 14:31:16.332 27726 28206 I art     : Explicit concurrent mark sweep GC freed 46(1600B) AllocSpace objects, 0(0B) LOS objects, 23% free, 52MB/68MB, paused 522us total 18.957ms
08-04 14:31:16.342 27726 28206 I art     : Starting a blocking GC Explicit
08-04 14:31:16.361 27726 28206 I art     : Explicit concurrent mark sweep GC freed 13(480B) AllocSpace objects, 0(0B) LOS objects, 23% free, 52MB/68MB, paused 445us total 19.272ms
08-04 14:31:16.368   512  2967 D audio_hw_primary: disable_audio_route: reset and update mixer path: low-latency-playback speaker
08-04 14:31:16.369 27726 28206 I art     : Starting a blocking GC Explicit
08-04 14:31:16.369   512  2967 D audio_hw_primary: disable_snd_device: snd_device(2: speaker)
08-04 14:31:16.377   512  2967 I soundtrigger: audio_extn_sound_trigger_update_device_status: device 0x2 of type 0 for Event 0
08-04 14:31:16.388 27726 28206 I art     : Explicit concurrent mark sweep GC freed 10(352B) AllocSpace objects, 0(0B) LOS objects, 23% free, 52MB/68MB, paused 471us total 19.102ms
08-04 14:31:16.396 27726 28206 I art     : Starting a blocking GC Explicit
08-04 14:31:16.416 27726 28206 I art     : Explicit concurrent mark sweep GC freed 11(416B) AllocSpace objects, 0(0B) LOS objects, 23% free, 52MB/68MB, paused 489us total 19.235ms
08-04 14:31:16.650 27726 30178 D OkHttp  : --> GET https://api-hillfair-2k16.herokuapp.com/api/app/quiz/leaderboard?from=1 http/1.1
08-04 14:31:16.682 27726 30178 D OkHttp  : <-- 200 OK https://api-hillfair-2k16.herokuapp.com/api/app/quiz/leaderboard?from=1 (31ms, 56744-byte body)
08-04 14:31:16.705 27726 27739 I art     : Starting a blocking GC Explicit
08-04 14:31:16.729 27726 27739 I art     : Explicit concurrent mark sweep GC freed 9456(465KB) AllocSpace objects, 4(220KB) LOS objects, 23% free, 53MB/69MB, paused 748us total 23.647ms
08-04 14:31:16.738 27726 27739 I art     : Starting a blocking GC Explicit
08-04 14:31:16.760 27726 27739 I art     : Explicit concurrent mark sweep GC freed 16924(861KB) AllocSpace objects, 0(0B) LOS objects, 23% free, 53MB/69MB, paused 630us total 22.068ms
08-04 14:31:16.768 27726 27739 I art     : Starting a blocking GC Explicit
08-04 14:31:16.777 27726 27726 I NAPPA_EXPERIMENTATION: MetricNetworkRequestExecutionTime: REQUEST_DURATION_SYSTEM='932',REQUEST_DURATION_OKHTTP='31',REQUEST_SYNCHRONOUS='FALSE',RESPONSE_CODE='200',RESPONSE_METHOD='GET',RESPONSE_LENGTH_OKHTTP='56744',RESPONSE_LENGTH_HEADER='56744',REQUEST_PROTOCOL='http/1.1',REQUEST_URL='https://api-hillfair-2k16.herokuapp.com/api/app/quiz/leaderboard?from=1',
08-04 14:31:16.789 27726 27739 I art     : Explicit concurrent mark sweep GC freed 3919(198KB) AllocSpace objects, 0(0B) LOS objects, 23% free, 53MB/69MB, paused 510us total 20.440ms
08-04 14:31:16.797 27726 27739 I art     : Starting a blocking GC Explicit
08-04 14:31:16.819 27726 27739 I art     : Explicit concurrent mark sweep GC freed 607(24KB) AllocSpace objects, 0(0B) LOS objects, 23% free, 53MB/69MB, paused 735us total 21.025ms
08-04 14:31:16.827 27726 27739 I art     : Starting a blocking GC Explicit
08-04 14:31:16.849 27726 27739 I art     : Explicit concurrent mark sweep GC freed 530(19KB) AllocSpace objects, 0(0B) LOS objects, 23% free, 53MB/69MB, paused 504us total 21.686ms
08-04 14:31:17.128 27726 28206 I art     : Starting a blocking GC Explicit
08-04 14:31:17.154 27726 28206 I art     : Explicit concurrent mark sweep GC freed 1353(78KB) AllocSpace objects, 1(20KB) LOS objects, 23% free, 53MB/69MB, paused 495us total 25.626ms
08-04 14:31:17.167 27726 28206 I art     : Starting a blocking GC Explicit
08-04 14:31:17.192 27726 28206 I art     : Explicit concurrent mark sweep GC freed 22(800B) AllocSpace objects, 0(0B) LOS objects, 23% free, 53MB/69MB, paused 466us total 24.339ms
08-04 14:31:17.201 27726 28206 I art     : Starting a blocking GC Explicit
08-04 14:31:17.225 27726 28206 I art     : Explicit concurrent mark sweep GC freed 3(96B) AllocSpace objects, 0(0B) LOS objects, 23% free, 53MB/69MB, paused 536us total 23.703ms
08-04 14:31:17.234 27726 28206 I art     : Starting a blocking GC Explicit
08-04 14:31:17.258 27726 28206 I art     : Explicit concurrent mark sweep GC freed 3(96B) AllocSpace objects, 0(0B) LOS objects, 23% free, 53MB/69MB, paused 490us total 23.882ms
08-04 14:31:17.267 27726 28206 I art     : Starting a blocking GC Explicit
08-04 14:31:17.290 27726 28206 I art     : Explicit concurrent mark sweep GC freed 3(96B) AllocSpace objects, 0(0B) LOS objects, 23% free, 53MB/69MB, paused 464us total 22.971ms
08-04 14:31:17.585 27726 27739 I art     : Starting a blocking GC Explicit
08-04 14:31:17.614 27726 27739 I art     : Explicit concurrent mark sweep GC freed 1344(78KB) AllocSpace objects, 1(20KB) LOS objects, 23% free, 53MB/69MB, paused 509us total 29.394ms
08-04 14:31:17.627 27726 27739 I art     : Starting a blocking GC Explicit
08-04 14:31:17.652 27726 27739 I art     : Explicit concurrent mark sweep GC freed 20(704B) AllocSpace objects, 0(0B) LOS objects, 23% free, 53MB/69MB, paused 481us total 24.976ms
08-04 14:31:17.661 27726 27739 I art     : Starting a blocking GC Explicit
08-04 14:31:17.685 27726 27739 I art     : Explicit concurrent mark sweep GC freed 3(96B) AllocSpace objects, 0(0B) LOS objects, 23% free, 53MB/69MB, paused 498us total 23.492ms
08-04 14:31:17.694 27726 27739 I art     : Starting a blocking GC Explicit
08-04 14:31:17.718 27726 27739 I art     : Explicit concurrent mark sweep GC freed 3(96B) AllocSpace objects, 0(0B) LOS objects, 23% free, 53MB/69MB, paused 485us total 23.269ms
08-04 14:31:17.727 27726 27739 I art     : Starting a blocking GC Explicit
08-04 14:31:17.751 27726 27739 I art     : Explicit concurrent mark sweep GC freed 3(96B) AllocSpace objects, 0(0B) LOS objects, 23% free, 53MB/69MB, paused 479us total 23.670ms
08-04 14:31:18.074 27726 27763 I art     : Starting a blocking GC Explicit
08-04 14:31:18.104 27726 27763 I art     : Explicit concurrent mark sweep GC freed 1344(78KB) AllocSpace objects, 1(20KB) LOS objects, 23% free, 53MB/69MB, paused 514us total 29.455ms
08-04 14:31:18.116 27726 27763 I art     : Starting a blocking GC Explicit
08-04 14:31:18.139 27726 27763 I art     : Explicit concurrent mark sweep GC freed 20(704B) AllocSpace objects, 0(0B) LOS objects, 23% free, 53MB/69MB, paused 472us total 22.947ms
08-04 14:31:18.148 27726 27763 I art     : Starting a blocking GC Explicit
08-04 14:31:18.171 27726 27763 I art     : Explicit concurrent mark sweep GC freed 3(96B) AllocSpace objects, 0(0B) LOS objects, 23% free, 53MB/69MB, paused 463us total 23.198ms
08-04 14:31:18.180 27726 27763 I art     : Starting a blocking GC Explicit
08-04 14:31:18.204 27726 27763 I art     : Explicit concurrent mark sweep GC freed 3(96B) AllocSpace objects, 0(0B) LOS objects, 23% free, 53MB/69MB, paused 476us total 23.073ms
08-04 14:31:18.213 27726 27763 I art     : Starting a blocking GC Explicit
08-04 14:31:18.237 27726 27763 I art     : Explicit concurrent mark sweep GC freed 3(96B) AllocSpace objects, 0(0B) LOS objects, 23% free, 53MB/69MB, paused 512us total 23.716ms
08-04 14:31:18.571 27726 27738 I art     : Starting a blocking GC Explicit
08-04 14:31:18.601 27726 27738 I art     : Explicit concurrent mark sweep GC freed 1344(78KB) AllocSpace objects, 1(20KB) LOS objects, 23% free, 53MB/69MB, paused 526us total 29.570ms
08-04 14:31:18.615 27726 27738 I art     : Starting a blocking GC Explicit
08-04 14:31:18.638 27726 27738 I art     : Explicit concurrent mark sweep GC freed 20(704B) AllocSpace objects, 0(0B) LOS objects, 23% free, 53MB/69MB, paused 482us total 22.468ms
08-04 14:31:18.647 27726 27738 I art     : Starting a blocking GC Explicit
08-04 14:31:18.670 27726 27738 I art     : Explicit concurrent mark sweep GC freed 3(96B) AllocSpace objects, 0(0B) LOS objects, 23% free, 53MB/69MB, paused 470us total 23.197ms
08-04 14:31:18.679 27726 27738 I art     : Starting a blocking GC Explicit
08-04 14:31:18.703 27726 27738 I art     : Explicit concurrent mark sweep GC freed 3(96B) AllocSpace objects, 0(0B) LOS objects, 23% free, 53MB/69MB, paused 474us total 23.263ms
08-04 14:31:18.712 27726 27738 I art     : Starting a blocking GC Explicit
08-04 14:31:18.736 27726 27738 I art     : Explicit concurrent mark sweep GC freed 3(96B) AllocSpace objects, 0(0B) LOS objects, 23% free, 53MB/69MB, paused 474us total 23.773ms
08-04 14:31:19.053 27726 28206 I art     : Starting a blocking GC Explicit
08-04 14:31:19.082 27726 28206 I art     : Explicit concurrent mark sweep GC freed 1344(78KB) AllocSpace objects, 1(20KB) LOS objects, 23% free, 53MB/69MB, paused 518us total 29ms
08-04 14:31:19.094 27726 28206 I art     : Starting a blocking GC Explicit
08-04 14:31:19.118 27726 28206 I art     : Explicit concurrent mark sweep GC freed 20(704B) AllocSpace objects, 0(0B) LOS objects, 23% free, 53MB/69MB, paused 489us total 23.678ms
08-04 14:31:19.127 27726 28206 I art     : Starting a blocking GC Explicit
08-04 14:31:19.151 27726 28206 I art     : Explicit concurrent mark sweep GC freed 3(96B) AllocSpace objects, 0(0B) LOS objects, 23% free, 53MB/69MB, paused 533us total 23.865ms
08-04 14:31:19.160 27726 28206 I art     : Starting a blocking GC Explicit
08-04 14:31:19.184 27726 28206 I art     : Explicit concurrent mark sweep GC freed 3(96B) AllocSpace objects, 0(0B) LOS objects, 23% free, 53MB/69MB, paused 470us total 23.493ms
08-04 14:31:19.193 27726 28206 I art     : Starting a blocking GC Explicit
08-04 14:31:19.217 27726 28206 I art     : Explicit concurrent mark sweep GC freed 3(96B) AllocSpace objects, 0(0B) LOS objects, 23% free, 53MB/69MB, paused 507us total 23.900ms
08-04 14:31:19.544 27726 27739 I art     : Starting a blocking GC Explicit
08-04 14:31:19.574 27726 27739 I art     : Explicit concurrent mark sweep GC freed 1344(78KB) AllocSpace objects, 1(20KB) LOS objects, 23% free, 53MB/69MB, paused 506us total 29.566ms
08-04 14:31:19.585 27726 27739 I art     : Starting a blocking GC Explicit
08-04 14:31:19.609 27726 27739 I art     : Explicit concurrent mark sweep GC freed 20(704B) AllocSpace objects, 0(0B) LOS objects, 23% free, 53MB/69MB, paused 464us total 23.691ms
08-04 14:31:19.619 27726 27739 I art     : Starting a blocking GC Explicit
08-04 14:31:19.642 27726 27739 I art     : Explicit concurrent mark sweep GC freed 3(96B) AllocSpace objects, 0(0B) LOS objects, 23% free, 53MB/69MB, paused 472us total 23.379ms
08-04 14:31:19.651 27726 27739 I art     : Starting a blocking GC Explicit
08-04 14:31:19.676 27726 27739 I art     : Explicit concurrent mark sweep GC freed 3(96B) AllocSpace objects, 0(0B) LOS objects, 23% free, 53MB/69MB, paused 462us total 23.797ms
08-04 14:31:19.685 27726 27739 I art     : Starting a blocking GC Explicit
08-04 14:31:19.708 27726 27739 I art     : Explicit concurrent mark sweep GC freed 3(96B) AllocSpace objects, 0(0B) LOS objects, 23% free, 53MB/69MB, paused 434us total 23.155ms
08-04 14:31:20.033 27726 27763 I art     : Starting a blocking GC Explicit
08-04 14:31:20.058 27726 27763 I art     : Explicit concurrent mark sweep GC freed 1344(78KB) AllocSpace objects, 1(20KB) LOS objects, 23% free, 53MB/69MB, paused 572us total 24.684ms
08-04 14:31:20.067 27726 27763 I art     : Starting a blocking GC Explicit
08-04 14:31:20.090 27726 27763 I art     : Explicit concurrent mark sweep GC freed 20(704B) AllocSpace objects, 0(0B) LOS objects, 23% free, 53MB/69MB, paused 483us total 22.797ms
08-04 14:31:20.099 27726 27763 I art     : Starting a blocking GC Explicit
08-04 14:31:20.121 27726 27763 I art     : Explicit concurrent mark sweep GC freed 3(96B) AllocSpace objects, 0(0B) LOS objects, 23% free, 53MB/69MB, paused 482us total 21.780ms
08-04 14:31:20.129 27726 27763 I art     : Starting a blocking GC Explicit
08-04 14:31:20.152 27726 27763 I art     : Explicit concurrent mark sweep GC freed 3(96B) AllocSpace objects, 0(0B) LOS objects, 23% free, 53MB/69MB, paused 460us total 22.132ms
08-04 14:31:20.160 27726 27763 I art     : Starting a blocking GC Explicit
08-04 14:31:20.183 27726 27763 I art     : Explicit concurrent mark sweep GC freed 3(96B) AllocSpace objects, 0(0B) LOS objects, 23% free, 53MB/69MB, paused 451us total 22.121ms
08-04 14:31:20.439 30270 30270 D AndroidRuntime: >>>>>> START com.android.internal.os.RuntimeInit uid 2000 <<<<<<
08-04 14:31:20.445 30270 30270 D AndroidRuntime: CheckJNI is OFF
08-04 14:31:20.480 30270 30270 D ICU     : No timezone override file found: /data/misc/zoneinfo/current/icu/icu_tzdata.dat
08-04 14:31:20.492 27726 27738 I art     : Starting a blocking GC Explicit
08-04 14:31:20.514 30270 30270 I Radio-JNI: register_android_hardware_Radio DONE
08-04 14:31:20.516 27726 27738 I art     : Explicit concurrent mark sweep GC freed 1344(78KB) AllocSpace objects, 1(20KB) LOS objects, 23% free, 53MB/69MB, paused 522us total 23.587ms
08-04 14:31:20.526 27726 27738 I art     : Starting a blocking GC Explicit
08-04 14:31:20.538 30270 30270 D AndroidRuntime: Calling main entry com.android.commands.input.Input
08-04 14:31:20.540 30270 30270 I Input   : injectKeyEvent: KeyEvent { action=ACTION_DOWN, keyCode=KEYCODE_BACK, scanCode=0, metaState=0, flags=0x0, repeatCount=0, eventTime=714696953, downTime=714696953, deviceId=-1, source=0x101 }
08-04 14:31:20.545 30270 30270 I Input   : injectKeyEvent: KeyEvent { action=ACTION_UP, keyCode=KEYCODE_BACK, scanCode=0, metaState=0, flags=0x0, repeatCount=0, eventTime=714696953, downTime=714696953, deviceId=-1, source=0x101 }
08-04 14:31:20.548 27726 27738 I art     : Explicit concurrent mark sweep GC freed 22(816B) AllocSpace objects, 0(0B) LOS objects, 23% free, 53MB/69MB, paused 632us total 22.232ms
08-04 14:31:20.553 30270 30270 D AndroidRuntime: Shutting down VM
08-04 14:31:20.557 27726 27738 I art     : Starting a blocking GC Explicit
08-04 14:31:20.578 27726 27738 I art     : Explicit concurrent mark sweep GC freed 103(5KB) AllocSpace objects, 0(0B) LOS objects, 23% free, 53MB/69MB, paused 456us total 20.579ms
08-04 14:31:20.586 27726 27738 I art     : Starting a blocking GC Explicit
08-04 14:31:20.588 13866 13866 I GoogleInputMethodServic: GoogleInputMethodService.onFinishInput():3138 
08-04 14:31:20.589 13866 13866 I GoogleInputMethodServic: GoogleInputMethodService.onStartInput():1808 
08-04 14:31:20.608 27726 27738 I art     : Explicit concurrent mark sweep GC freed 38(1376B) AllocSpace objects, 0(0B) LOS objects, 23% free, 53MB/69MB, paused 454us total 22.410ms
08-04 14:31:20.617 27726 27738 I art     : Starting a blocking GC Explicit
08-04 14:31:20.638 27726 27738 I art     : Explicit concurrent mark sweep GC freed 10(368B) AllocSpace objects, 0(0B) LOS objects, 23% free, 53MB/69MB, paused 432us total 19.987ms
08-04 14:31:20.880   380   380 W SurfaceFlinger: couldn't log to binary event log: overflow.
08-04 14:31:20.895 27726 27739 I art     : Starting a blocking GC Explicit
08-04 14:31:20.918 27726 27739 I art     : Explicit concurrent mark sweep GC freed 1463(87KB) AllocSpace objects, 1(20KB) LOS objects, 23% free, 53MB/69MB, paused 482us total 23.134ms
08-04 14:31:20.927 27726 27739 I art     : Starting a blocking GC Explicit
08-04 14:31:20.949 27726 27739 I art     : Explicit concurrent mark sweep GC freed 4698(269KB) AllocSpace objects, 2(140KB) LOS objects, 23% free, 52MB/68MB, paused 455us total 22.023ms
08-04 14:31:20.957 27726 27739 I art     : Starting a blocking GC Explicit
08-04 14:31:20.978 27726 27739 I art     : Explicit concurrent mark sweep GC freed 3(96B) AllocSpace objects, 0(0B) LOS objects, 23% free, 52MB/68MB, paused 456us total 20.666ms
08-04 14:31:20.987 27726 27739 I art     : Starting a blocking GC Explicit
08-04 14:31:21.008 27726 27739 I art     : Explicit concurrent mark sweep GC freed 3(96B) AllocSpace objects, 0(0B) LOS objects, 23% free, 52MB/68MB, paused 450us total 21.395ms
08-04 14:31:21.017 27726 27739 I art     : Starting a blocking GC Explicit
08-04 14:31:21.039 27726 27739 I art     : Explicit concurrent mark sweep GC freed 3(96B) AllocSpace objects, 0(0B) LOS objects, 23% free, 52MB/68MB, paused 467us total 21.613ms
08-04 14:31:21.039 27726 27737 I art     : WaitForGcToComplete blocked for 9.728ms for cause HeapTrim
08-04 14:31:21.334 27726 28206 I art     : Starting a blocking GC Explicit
08-04 14:31:21.365 27726 28206 I art     : Explicit concurrent mark sweep GC freed 1344(78KB) AllocSpace objects, 1(20KB) LOS objects, 23% free, 52MB/68MB, paused 586us total 29.843ms
08-04 14:31:21.376 27726 28206 I art     : Starting a blocking GC Explicit
08-04 14:31:21.398 27726 28206 I art     : Explicit concurrent mark sweep GC freed 20(704B) AllocSpace objects, 0(0B) LOS objects, 23% free, 52MB/68MB, paused 491us total 21.997ms
08-04 14:31:21.407 27726 28206 I art     : Starting a blocking GC Explicit
08-04 14:31:21.429 27726 28206 I art     : Explicit concurrent mark sweep GC freed 3(96B) AllocSpace objects, 0(0B) LOS objects, 23% free, 52MB/68MB, paused 435us total 21.858ms
08-04 14:31:21.438 27726 28206 I art     : Starting a blocking GC Explicit
08-04 14:31:21.460 27726 28206 I art     : Explicit concurrent mark sweep GC freed 3(96B) AllocSpace objects, 0(0B) LOS objects, 23% free, 52MB/68MB, paused 519us total 22.314ms
08-04 14:31:21.469 27726 28206 I art     : Starting a blocking GC Explicit
08-04 14:31:21.491 27726 28206 I art     : Explicit concurrent mark sweep GC freed 3(96B) AllocSpace objects, 0(0B) LOS objects, 23% free, 52MB/68MB, paused 469us total 21.448ms
08-04 14:31:21.765 27726 27763 I art     : Starting a blocking GC Explicit
08-04 14:31:21.789 27726 27763 I art     : Explicit concurrent mark sweep GC freed 1343(78KB) AllocSpace objects, 1(20KB) LOS objects, 23% free, 52MB/68MB, paused 1.145ms total 23.533ms
08-04 14:31:21.806 27726 27763 I art     : Starting a blocking GC Explicit
08-04 14:31:21.826 27726 27763 I art     : Explicit concurrent mark sweep GC freed 20(704B) AllocSpace objects, 0(0B) LOS objects, 23% free, 52MB/68MB, paused 460us total 20.191ms
08-04 14:31:21.834 27726 27763 I art     : Starting a blocking GC Explicit
08-04 14:31:21.854 27726 27763 I art     : Explicit concurrent mark sweep GC freed 3(96B) AllocSpace objects, 0(0B) LOS objects, 23% free, 52MB/68MB, paused 456us total 19.910ms
08-04 14:31:21.863 27726 27763 I art     : Starting a blocking GC Explicit
08-04 14:31:21.883 27726 27763 I art     : Explicit concurrent mark sweep GC freed 3(96B) AllocSpace objects, 0(0B) LOS objects, 23% free, 52MB/68MB, paused 461us total 19.641ms
08-04 14:31:21.891 27726 27763 I art     : Starting a blocking GC Explicit
08-04 14:31:21.912 27726 27763 I art     : Explicit concurrent mark sweep GC freed 3(96B) AllocSpace objects, 0(0B) LOS objects, 23% free, 52MB/68MB, paused 534us total 20.865ms
08-04 14:31:22.197 27726 27738 I art     : Starting a blocking GC Explicit
08-04 14:31:22.201 30323 30323 D AndroidRuntime: >>>>>> START com.android.internal.os.RuntimeInit uid 2000 <<<<<<
08-04 14:31:22.207 30323 30323 D AndroidRuntime: CheckJNI is OFF
08-04 14:31:22.223 27726 27738 I art     : Explicit concurrent mark sweep GC freed 1348(78KB) AllocSpace objects, 1(20KB) LOS objects, 23% free, 52MB/68MB, paused 652us total 26.437ms
08-04 14:31:22.232 27726 27738 I art     : Starting a blocking GC Explicit
08-04 14:31:22.246 30323 30323 D ICU     : No timezone override file found: /data/misc/zoneinfo/current/icu/icu_tzdata.dat
08-04 14:31:22.252 27726 27738 I art     : Explicit concurrent mark sweep GC freed 25(864B) AllocSpace objects, 0(0B) LOS objects, 23% free, 52MB/68MB, paused 450us total 19.284ms
08-04 14:31:22.261 27726 27738 I art     : Starting a blocking GC Explicit
08-04 14:31:22.280 27726 27738 I art     : Explicit concurrent mark sweep GC freed 5(160B) AllocSpace objects, 0(0B) LOS objects, 23% free, 52MB/68MB, paused 485us total 19.235ms
08-04 14:31:22.281 30323 30323 I Radio-JNI: register_android_hardware_Radio DONE
08-04 14:31:22.288 27726 27738 I art     : Starting a blocking GC Explicit
08-04 14:31:22.303 30323 30323 D AndroidRuntime: Calling main entry com.android.commands.input.Input
08-04 14:31:22.304 30323 30323 I Input   : injectKeyEvent: KeyEvent { action=ACTION_DOWN, keyCode=KEYCODE_BACK, scanCode=0, metaState=0, flags=0x0, repeatCount=0, eventTime=714698718, downTime=714698718, deviceId=-1, source=0x101 }
08-04 14:31:22.308 27726 27738 I art     : Explicit concurrent mark sweep GC freed 6(192B) AllocSpace objects, 0(0B) LOS objects, 23% free, 52MB/68MB, paused 466us total 19.379ms
08-04 14:31:22.312 30323 30323 I Input   : injectKeyEvent: KeyEvent { action=ACTION_UP, keyCode=KEYCODE_BACK, scanCode=0, metaState=0, flags=0x0, repeatCount=0, eventTime=714698718, downTime=714698718, deviceId=-1, source=0x101 }
08-04 14:31:22.316 27726 27738 I art     : Starting a blocking GC Explicit
08-04 14:31:22.318 30323 30323 D AndroidRuntime: Shutting down VM
08-04 14:31:22.336 27726 27738 I art     : Explicit concurrent mark sweep GC freed 139(6KB) AllocSpace objects, 0(0B) LOS objects, 23% free, 52MB/68MB, paused 512us total 19.725ms
08-04 14:31:22.395 13866 13866 I GoogleInputMethodServic: GoogleInputMethodService.onFinishInput():3138 
08-04 14:31:22.395 13866 13866 I GoogleInputMethodServic: GoogleInputMethodService.onStartInput():1808 
08-04 14:31:22.609 27726 27738 I art     : Starting a blocking GC Explicit
08-04 14:31:22.635 27726 27738 I art     : Explicit concurrent mark sweep GC freed 1410(80KB) AllocSpace objects, 1(20KB) LOS objects, 23% free, 52MB/68MB, paused 435us total 24.744ms
08-04 14:31:22.647 27726 27738 I art     : Starting a blocking GC Explicit
08-04 14:31:22.671 27726 27738 I art     : Explicit concurrent mark sweep GC freed 24(864B) AllocSpace objects, 0(0B) LOS objects, 23% free, 52MB/68MB, paused 461us total 23.569ms
08-04 14:31:22.680 27726 27738 I art     : Starting a blocking GC Explicit
08-04 14:31:22.682   380   380 W SurfaceFlinger: couldn't log to binary event log: overflow.
08-04 14:31:22.702 27726 27738 I art     : Explicit concurrent mark sweep GC freed 120(8KB) AllocSpace objects, 0(0B) LOS objects, 23% free, 52MB/68MB, paused 488us total 21.372ms
08-04 14:31:22.710 27726 27738 I art     : Starting a blocking GC Explicit
08-04 14:31:22.731 27726 27738 I art     : Explicit concurrent mark sweep GC freed 115(5KB) AllocSpace objects, 0(0B) LOS objects, 23% free, 52MB/68MB, paused 459us total 20.776ms
08-04 14:31:22.739 27726 27738 I art     : Starting a blocking GC Explicit
08-04 14:31:22.759 27726 27738 I art     : Explicit concurrent mark sweep GC freed 1968(116KB) AllocSpace objects, 3(340KB) LOS objects, 23% free, 52MB/68MB, paused 454us total 19.114ms
08-04 14:31:23.058 27726 27739 I art     : Starting a blocking GC Explicit
08-04 14:31:23.085 27726 27739 I art     : Explicit concurrent mark sweep GC freed 1343(78KB) AllocSpace objects, 1(20KB) LOS objects, 23% free, 52MB/68MB, paused 506us total 26.549ms
08-04 14:31:23.096 27726 27739 I art     : Starting a blocking GC Explicit
08-04 14:31:23.118 27726 27739 I art     : Explicit concurrent mark sweep GC freed 20(704B) AllocSpace objects, 0(0B) LOS objects, 23% free, 52MB/68MB, paused 534us total 21.184ms
08-04 14:31:23.127 27726 27739 I art     : Starting a blocking GC Explicit
08-04 14:31:23.148 27726 27739 I art     : Explicit concurrent mark sweep GC freed 3(96B) AllocSpace objects, 0(0B) LOS objects, 23% free, 52MB/68MB, paused 468us total 21.210ms
08-04 14:31:23.158 27726 27739 I art     : Starting a blocking GC Explicit
08-04 14:31:23.179 27726 27739 I art     : Explicit concurrent mark sweep GC freed 3(96B) AllocSpace objects, 0(0B) LOS objects, 23% free, 52MB/68MB, paused 471us total 21.152ms
08-04 14:31:23.188 27726 27739 I art     : Starting a blocking GC Explicit
08-04 14:31:23.209 27726 27739 I art     : Explicit concurrent mark sweep GC freed 3(96B) AllocSpace objects, 0(0B) LOS objects, 23% free, 52MB/68MB, paused 458us total 20.801ms
08-04 14:31:23.408   918  3261 D WifiStateMachine: starting scan for "H369AA63323"WPA_PSK with 2412,5180
08-04 14:31:23.498 27726 28206 I art     : Starting a blocking GC Explicit
08-04 14:31:23.522 27726 28206 I art     : Explicit concurrent mark sweep GC freed 1341(78KB) AllocSpace objects, 1(20KB) LOS objects, 23% free, 52MB/68MB, paused 648us total 22.897ms
08-04 14:31:23.534 27726 28206 I art     : Starting a blocking GC Explicit
08-04 14:31:23.555 27726 28206 I art     : Explicit concurrent mark sweep GC freed 20(704B) AllocSpace objects, 0(0B) LOS objects, 23% free, 52MB/68MB, paused 449us total 21.039ms
08-04 14:31:23.563 27726 28206 I art     : Starting a blocking GC Explicit
08-04 14:31:23.584 27726 28206 I art     : Explicit concurrent mark sweep GC freed 3(96B) AllocSpace objects, 0(0B) LOS objects, 23% free, 52MB/68MB, paused 476us total 20.160ms
08-04 14:31:23.593 27726 28206 I art     : Starting a blocking GC Explicit
08-04 14:31:23.613 27726 28206 I art     : Explicit concurrent mark sweep GC freed 3(96B) AllocSpace objects, 0(0B) LOS objects, 23% free, 52MB/68MB, paused 460us total 19.620ms
08-04 14:31:23.621 27726 28206 I art     : Starting a blocking GC Explicit
08-04 14:31:23.641 27726 28206 I art     : Explicit concurrent mark sweep GC freed 3(96B) AllocSpace objects, 0(0B) LOS objects, 23% free, 52MB/68MB, paused 469us total 19.508ms
08-04 14:31:23.922 27726 27763 I art     : Starting a blocking GC Explicit
08-04 14:31:23.945 27726 27763 I art     : Explicit concurrent mark sweep GC freed 1341(78KB) AllocSpace objects, 1(20KB) LOS objects, 23% free, 52MB/68MB, paused 483us total 22.755ms
08-04 14:31:23.954 27726 27763 I art     : Starting a blocking GC Explicit
08-04 14:31:23.974 27726 27763 I art     : Explicit concurrent mark sweep GC freed 20(704B) AllocSpace objects, 0(0B) LOS objects, 23% free, 52MB/68MB, paused 516us total 20.528ms
08-04 14:31:23.981 30377 30377 D AndroidRuntime: >>>>>> START com.android.internal.os.RuntimeInit uid 2000 <<<<<<
08-04 14:31:23.984 27726 27763 I art     : Starting a blocking GC Explicit
08-04 14:31:23.986 30377 30377 D AndroidRuntime: CheckJNI is OFF
08-04 14:31:24.004 27726 27763 I art     : Explicit concurrent mark sweep GC freed 3(96B) AllocSpace objects, 0(0B) LOS objects, 23% free, 52MB/68MB, paused 470us total 19.880ms
08-04 14:31:24.012 27726 27763 I art     : Starting a blocking GC Explicit
08-04 14:31:24.023 30377 30377 D ICU     : No timezone override file found: /data/misc/zoneinfo/current/icu/icu_tzdata.dat
08-04 14:31:24.032 27726 27763 I art     : Explicit concurrent mark sweep GC freed 3(96B) AllocSpace objects, 0(0B) LOS objects, 23% free, 52MB/68MB, paused 517us total 20.024ms
08-04 14:31:24.040 27726 27763 I art     : Starting a blocking GC Explicit
08-04 14:31:24.058 30377 30377 I Radio-JNI: register_android_hardware_Radio DONE
08-04 14:31:24.060 27726 27763 I art     : Explicit concurrent mark sweep GC freed 3(96B) AllocSpace objects, 0(0B) LOS objects, 23% free, 52MB/68MB, paused 483us total 19.247ms
08-04 14:31:24.081 30377 30377 D AndroidRuntime: Calling main entry com.android.commands.input.Input
08-04 14:31:24.082 30377 30377 I Input   : injectMotionEvent: MotionEvent { action=ACTION_DOWN, actionButton=0, id[0]=0, x[0]=1053.0, y[0]=1173.0, toolType[0]=TOOL_TYPE_UNKNOWN, buttonState=0, metaState=0, flags=0x0, edgeFlags=0x0, pointerCount=1, historySize=0, eventTime=714700495, downTime=714700495, deviceId=0, source=0x1002 }
08-04 14:31:24.088 30377 30377 I Input   : injectMotionEvent: MotionEvent { action=ACTION_UP, actionButton=0, id[0]=0, x[0]=1053.0, y[0]=1173.0, toolType[0]=TOOL_TYPE_UNKNOWN, buttonState=0, metaState=0, flags=0x0, edgeFlags=0x0, pointerCount=1, historySize=0, eventTime=714700495, downTime=714700495, deviceId=0, source=0x1002 }
08-04 14:31:24.089   918  5481 I ActivityManager: START u0 {cmp=baseline.appteam.nith.hillffair/.activities.QuizActivity} from uid 10651 on display 0
08-04 14:31:24.094 30377 30377 D AndroidRuntime: Shutting down VM
08-04 14:31:24.189 13866 13866 I GoogleInputMethodServic: GoogleInputMethodService.onFinishInput():3138 
08-04 14:31:24.190   918   936 I ActivityManager: Displayed baseline.appteam.nith.hillffair/.activities.QuizActivity: +95ms
08-04 14:31:24.190 13866 13866 I GoogleInputMethodServic: GoogleInputMethodService.onStartInput():1808 
08-04 14:31:24.304 27726 27763 I art     : Starting a blocking GC Explicit
08-04 14:31:24.324 27726 27763 I art     : Explicit concurrent mark sweep GC freed 2168(134KB) AllocSpace objects, 1(20KB) LOS objects, 23% free, 52MB/68MB, paused 440us total 19.303ms
08-04 14:31:24.331 27726 27763 I art     : Starting a blocking GC Explicit
08-04 14:31:24.350 27726 27763 I art     : Explicit concurrent mark sweep GC freed 201(9KB) AllocSpace objects, 0(0B) LOS objects, 23% free, 52MB/68MB, paused 414us total 18.168ms
08-04 14:31:24.358 27726 27763 I art     : Starting a blocking GC Explicit
08-04 14:31:24.376 27726 27763 I art     : Explicit concurrent mark sweep GC freed 3(96B) AllocSpace objects, 0(0B) LOS objects, 23% free, 52MB/68MB, paused 398us total 17.758ms
08-04 14:31:24.384 27726 27763 I art     : Starting a blocking GC Explicit
08-04 14:31:24.403 27726 27763 I art     : Explicit concurrent mark sweep GC freed 3(96B) AllocSpace objects, 0(0B) LOS objects, 23% free, 52MB/68MB, paused 411us total 19.199ms
08-04 14:31:24.411 27726 27763 I art     : Starting a blocking GC Explicit
08-04 14:31:24.430 27726 27763 I art     : Explicit concurrent mark sweep GC freed 3(96B) AllocSpace objects, 0(0B) LOS objects, 23% free, 52MB/68MB, paused 412us total 18.754ms
08-04 14:31:24.434   380   380 W SurfaceFlinger: couldn't log to binary event log: overflow.
08-04 14:31:24.697 27726 27738 I art     : Starting a blocking GC Explicit
08-04 14:31:24.720 27726 27738 I art     : Explicit concurrent mark sweep GC freed 1413(82KB) AllocSpace objects, 1(20KB) LOS objects, 23% free, 52MB/68MB, paused 458us total 22.023ms
08-04 14:31:24.729 27726 27738 I art     : Starting a blocking GC Explicit
08-04 14:31:24.750 27726 27738 I art     : Explicit concurrent mark sweep GC freed 20(704B) AllocSpace objects, 0(0B) LOS objects, 23% free, 52MB/68MB, paused 446us total 21.426ms
08-04 14:31:24.759 27726 27738 I art     : Starting a blocking GC Explicit
08-04 14:31:24.781 27726 27738 I art     : Explicit concurrent mark sweep GC freed 3(96B) AllocSpace objects, 0(0B) LOS objects, 23% free, 52MB/68MB, paused 442us total 21.346ms
08-04 14:31:24.789 27726 27738 I art     : Starting a blocking GC Explicit
08-04 14:31:24.811 27726 27738 I art     : Explicit concurrent mark sweep GC freed 3(96B) AllocSpace objects, 0(0B) LOS objects, 23% free, 52MB/68MB, paused 442us total 21.427ms
08-04 14:31:24.820 27726 27738 I art     : Starting a blocking GC Explicit
08-04 14:31:24.841 27726 27738 I art     : Explicit concurrent mark sweep GC freed 3(96B) AllocSpace objects, 0(0B) LOS objects, 23% free, 52MB/68MB, paused 457us total 21.377ms
08-04 14:31:25.145 27726 28206 I art     : Starting a blocking GC Explicit
08-04 14:31:25.172 27726 28206 I art     : Explicit concurrent mark sweep GC freed 1343(78KB) AllocSpace objects, 1(20KB) LOS objects, 23% free, 52MB/68MB, paused 489us total 27.052ms
08-04 14:31:25.184 27726 28206 I art     : Starting a blocking GC Explicit
08-04 14:31:25.206 27726 28206 I art     : Explicit concurrent mark sweep GC freed 20(704B) AllocSpace objects, 0(0B) LOS objects, 23% free, 52MB/68MB, paused 449us total 21.946ms
08-04 14:31:25.215 27726 28206 I art     : Starting a blocking GC Explicit
08-04 14:31:25.237 27726 28206 I art     : Explicit concurrent mark sweep GC freed 3(96B) AllocSpace objects, 0(0B) LOS objects, 23% free, 52MB/68MB, paused 487us total 22.053ms
08-04 14:31:25.246 27726 28206 I art     : Starting a blocking GC Explicit
08-04 14:31:25.268 27726 28206 I art     : Explicit concurrent mark sweep GC freed 3(96B) AllocSpace objects, 0(0B) LOS objects, 23% free, 52MB/68MB, paused 464us total 21.612ms
08-04 14:31:25.277 27726 28206 I art     : Starting a blocking GC Explicit
08-04 14:31:25.299 27726 28206 I art     : Explicit concurrent mark sweep GC freed 3(96B) AllocSpace objects, 0(0B) LOS objects, 23% free, 52MB/68MB, paused 455us total 21.437ms
08-04 14:31:25.592 27726 27739 I art     : Starting a blocking GC Explicit
08-04 14:31:25.621 27726 27739 I art     : Explicit concurrent mark sweep GC freed 1343(78KB) AllocSpace objects, 1(20KB) LOS objects, 23% free, 52MB/68MB, paused 495us total 28.798ms
08-04 14:31:25.635 27726 27739 I art     : Starting a blocking GC Explicit
08-04 14:31:25.657 27726 27739 I art     : Explicit concurrent mark sweep GC freed 20(704B) AllocSpace objects, 0(0B) LOS objects, 23% free, 52MB/68MB, paused 474us total 22.198ms
08-04 14:31:25.664 21770 21770 I ServiceManager: Waiting for service AtCmdFwd...
08-04 14:31:25.666 27726 27739 I art     : Starting a blocking GC Explicit
08-04 14:31:25.689 27726 27739 I art     : Explicit concurrent mark sweep GC freed 3(96B) AllocSpace objects, 0(0B) LOS objects, 23% free, 52MB/68MB, paused 440us total 22.118ms
08-04 14:31:25.697 27726 27739 I art     : Starting a blocking GC Explicit
08-04 14:31:25.719 27726 27739 I art     : Explicit concurrent mark sweep GC freed 3(96B) AllocSpace objects, 0(0B) LOS objects, 23% free, 52MB/68MB, paused 505us total 21.777ms
08-04 14:31:25.728 27726 27739 I art     : Starting a blocking GC Explicit
08-04 14:31:25.753 27726 27739 I art     : Explicit concurrent mark sweep GC freed 5(160B) AllocSpace objects, 0(0B) LOS objects, 23% free, 52MB/68MB, paused 556us total 24.397ms
08-04 14:31:26.085 27726 27738 I art     : Starting a blocking GC Explicit
08-04 14:31:26.108 27726 27738 I art     : Explicit concurrent mark sweep GC freed 1371(79KB) AllocSpace objects, 1(20KB) LOS objects, 23% free, 52MB/68MB, paused 433us total 22.225ms
08-04 14:31:26.120 27726 27738 I art     : Starting a blocking GC Explicit
08-04 14:31:26.141 27726 27738 I art     : Explicit concurrent mark sweep GC freed 20(704B) AllocSpace objects, 0(0B) LOS objects, 23% free, 52MB/68MB, paused 445us total 20.003ms
08-04 14:31:26.149 27726 27738 I art     : Starting a blocking GC Explicit
08-04 14:31:26.169 27726 27738 I art     : Explicit concurrent mark sweep GC freed 3(96B) AllocSpace objects, 0(0B) LOS objects, 23% free, 52MB/68MB, paused 420us total 20.337ms
08-04 14:31:26.178 27726 27738 I art     : Starting a blocking GC Explicit
08-04 14:31:26.199 27726 27738 I art     : Explicit concurrent mark sweep GC freed 3(96B) AllocSpace objects, 0(0B) LOS objects, 23% free, 52MB/68MB, paused 441us total 20.674ms
08-04 14:31:26.207 27726 27738 I art     : Starting a blocking GC Explicit
08-04 14:31:26.228 27726 27738 I art     : Explicit concurrent mark sweep GC freed 3(96B) AllocSpace objects, 0(0B) LOS objects, 23% free, 52MB/68MB, paused 449us total 20.969ms
08-04 14:31:26.498 27726 28206 I art     : Starting a blocking GC Explicit
08-04 14:31:26.520 27726 28206 I art     : Explicit concurrent mark sweep GC freed 1343(78KB) AllocSpace objects, 1(20KB) LOS objects, 23% free, 52MB/68MB, paused 462us total 21.725ms
08-04 14:31:26.528 27726 28206 I art     : Starting a blocking GC Explicit
08-04 14:31:26.550 27726 28206 I art     : Explicit concurrent mark sweep GC freed 20(704B) AllocSpace objects, 0(0B) LOS objects, 23% free, 52MB/68MB, paused 458us total 21.139ms
08-04 14:31:26.559 27726 28206 I art     : Starting a blocking GC Explicit
08-04 14:31:26.579 27726 28206 I art     : Explicit concurrent mark sweep GC freed 3(96B) AllocSpace objects, 0(0B) LOS objects, 23% free, 52MB/68MB, paused 433us total 20.214ms
08-04 14:31:26.588 27726 28206 I art     : Starting a blocking GC Explicit
08-04 14:31:26.608 27726 28206 I art     : Explicit concurrent mark sweep GC freed 3(96B) AllocSpace objects, 0(0B) LOS objects, 23% free, 52MB/68MB, paused 446us total 20.202ms
08-04 14:31:26.616 27726 28206 I art     : Starting a blocking GC Explicit
08-04 14:31:26.637 27726 28206 I art     : Explicit concurrent mark sweep GC freed 3(96B) AllocSpace objects, 0(0B) LOS objects, 23% free, 52MB/68MB, paused 540us total 20.407ms
08-04 14:31:26.665 21770 21770 I ServiceManager: Waiting for service AtCmdFwd...
08-04 14:31:26.783 30452 30452 D AndroidRuntime: >>>>>> START com.android.internal.os.RuntimeInit uid 2000 <<<<<<
08-04 14:31:26.789 30452 30452 D AndroidRuntime: CheckJNI is OFF
08-04 14:31:26.823 30452 30452 D ICU     : No timezone override file found: /data/misc/zoneinfo/current/icu/icu_tzdata.dat
08-04 14:31:26.856 30452 30452 I Radio-JNI: register_android_hardware_Radio DONE
08-04 14:31:26.877 30452 30452 D AndroidRuntime: Calling main entry com.android.commands.input.Input
08-04 14:31:26.879 30452 30452 I Input   : injectMotionEvent: MotionEvent { action=ACTION_DOWN, actionButton=0, id[0]=0, x[0]=756.0, y[0]=1530.0, toolType[0]=TOOL_TYPE_UNKNOWN, buttonState=0, metaState=0, flags=0x0, edgeFlags=0x0, pointerCount=1, historySize=0, eventTime=714703292, downTime=714703292, deviceId=0, source=0x1002 }
08-04 14:31:26.886 30452 30452 I Input   : injectMotionEvent: MotionEvent { action=ACTION_UP, actionButton=0, id[0]=0, x[0]=756.0, y[0]=1530.0, toolType[0]=TOOL_TYPE_UNKNOWN, buttonState=0, metaState=0, flags=0x0, edgeFlags=0x0, pointerCount=1, historySize=0, eventTime=714703292, downTime=714703292, deviceId=0, source=0x1002 }
08-04 14:31:26.889 30452 30452 D AndroidRuntime: Shutting down VM
08-04 14:31:26.909   918  6110 I ActivityManager: START u0 {cmp=baseline.appteam.nith.hillffair/.activities.LeaderBoardActivity} from uid 10651 on display 0
08-04 14:31:26.911   512  2967 D audio_hw_primary: out_set_parameters: enter: usecase(1: low-latency-playback) kvpairs: routing=2
08-04 14:31:26.925   512  2967 D audio_hw_primary: select_devices: out_snd_device(2: speaker) in_snd_device(0: none)
08-04 14:31:26.925   512  2967 D msm8974_platform: platform_send_audio_calibration: sending audio calibration for snd_device(2) acdb_id(15)
08-04 14:31:26.925   512  2967 I soundtrigger: audio_extn_sound_trigger_update_device_status: device 0x2 of type 0 for Event 1
08-04 14:31:26.933 27726 27739 I art     : Starting a blocking GC Explicit
08-04 14:31:26.937   512  2967 D audio_hw_primary: enable_snd_device: snd_device(2: speaker)
08-04 14:31:26.939   512  2967 D audio_hw_primary: enable_audio_route: apply and update mixer path: low-latency-playback speaker
08-04 14:31:26.960 27726 27739 I art     : Explicit concurrent mark sweep GC freed 6371(377KB) AllocSpace objects, 1(20KB) LOS objects, 23% free, 52MB/68MB, paused 825us total 26.238ms
08-04 14:31:26.969 27726 27739 I art     : Starting a blocking GC Explicit
08-04 14:31:26.989 27726 27739 I art     : Explicit concurrent mark sweep GC freed 296(24KB) AllocSpace objects, 0(0B) LOS objects, 23% free, 52MB/68MB, paused 480us total 20.187ms
08-04 14:31:26.997 27726 27726 E RecyclerView: No adapter attached; skipping layout
08-04 14:31:26.997 27726 27739 I art     : Starting a blocking GC Explicit
08-04 14:31:27.002 27726 27726 E RecyclerView: No adapter attached; skipping layout
08-04 14:31:27.016   918   936 I ActivityManager: Displayed baseline.appteam.nith.hillffair/.activities.LeaderBoardActivity: +97ms
08-04 14:31:27.016 13866 13866 I GoogleInputMethodServic: GoogleInputMethodService.onFinishInput():3138 
08-04 14:31:27.017 27726 27739 I art     : Explicit concurrent mark sweep GC freed 134(4KB) AllocSpace objects, 0(0B) LOS objects, 23% free, 52MB/68MB, paused 655us total 20.074ms
08-04 14:31:27.017 13866 13866 I GoogleInputMethodServic: GoogleInputMethodService.onStartInput():1808 
08-04 14:31:27.019 27726 27726 E RecyclerView: No adapter attached; skipping layout
08-04 14:31:27.027 27726 27739 I art     : Starting a blocking GC Explicit
08-04 14:31:27.041 27726 27749 D OpenGLRenderer: endAllStagingAnimators on 0x7f80255c00 (RippleDrawable) with handle 0x7f7f04c0e0
08-04 14:31:27.050 27726 27739 I art     : Explicit concurrent mark sweep GC freed 44(1936B) AllocSpace objects, 0(0B) LOS objects, 23% free, 52MB/68MB, paused 480us total 23.103ms
08-04 14:31:27.059 27726 27739 I art     : Starting a blocking GC Explicit
08-04 14:31:27.079 27726 27739 I art     : Explicit concurrent mark sweep GC freed 94(6KB) AllocSpace objects, 0(0B) LOS objects, 23% free, 52MB/68MB, paused 457us total 19.531ms
08-04 14:31:27.271   380   380 W SurfaceFlinger: couldn't log to binary event log: overflow.
08-04 14:31:27.351 27726 27738 I art     : Starting a blocking GC Explicit
08-04 14:31:27.372 27726 27738 I art     : Explicit concurrent mark sweep GC freed 1374(79KB) AllocSpace objects, 1(20KB) LOS objects, 23% free, 52MB/68MB, paused 528us total 20.268ms
08-04 14:31:27.381 27726 27738 I art     : Starting a blocking GC Explicit
08-04 14:31:27.402 27726 27738 I art     : Explicit concurrent mark sweep GC freed 25(896B) AllocSpace objects, 0(0B) LOS objects, 23% free, 52MB/68MB, paused 483us total 21.163ms
08-04 14:31:27.411 27726 27738 I art     : Starting a blocking GC Explicit
08-04 14:31:27.431 27726 27738 I art     : Explicit concurrent mark sweep GC freed 153(8KB) AllocSpace objects, 0(0B) LOS objects, 23% free, 52MB/68MB, paused 457us total 19.555ms
08-04 14:31:27.439 27726 27738 I art     : Starting a blocking GC Explicit
08-04 14:31:27.458 27726 27738 I art     : Explicit concurrent mark sweep GC freed 21(736B) AllocSpace objects, 0(0B) LOS objects, 23% free, 52MB/68MB, paused 449us total 19.064ms
08-04 14:31:27.466 27726 27738 I art     : Starting a blocking GC Explicit
08-04 14:31:27.478   512  2967 D audio_hw_primary: disable_audio_route: reset and update mixer path: low-latency-playback speaker
08-04 14:31:27.479   512  2967 D audio_hw_primary: disable_snd_device: snd_device(2: speaker)
08-04 14:31:27.486 27726 27738 I art     : Explicit concurrent mark sweep GC freed 10(352B) AllocSpace objects, 0(0B) LOS objects, 23% free, 52MB/68MB, paused 480us total 19.602ms
08-04 14:31:27.488   512  2967 I soundtrigger: audio_extn_sound_trigger_update_device_status: device 0x2 of type 0 for Event 0
08-04 14:31:27.666 21770 21770 I ServiceManager: Waiting for service AtCmdFwd...
08-04 14:31:27.762 27726 27739 I art     : Starting a blocking GC Explicit
08-04 14:31:27.785 27726 27739 I art     : Explicit concurrent mark sweep GC freed 2113(138KB) AllocSpace objects, 3(140KB) LOS objects, 23% free, 53MB/69MB, paused 705us total 23.212ms
08-04 14:31:27.795 27726 27739 I art     : Starting a blocking GC Explicit
08-04 14:31:27.813 27726 30486 D OkHttp  : --> GET https://api-hillfair-2k16.herokuapp.com/api/app/quiz/leaderboard?from=1 http/1.1
08-04 14:31:27.817 27726 27739 I art     : Explicit concurrent mark sweep GC freed 2168(85KB) AllocSpace objects, 0(0B) LOS objects, 23% free, 53MB/69MB, paused 622us total 22.362ms
08-04 14:31:27.826 27726 27739 I art     : Starting a blocking GC Explicit
08-04 14:31:27.846 27726 30486 D OkHttp  : <-- 200 OK https://api-hillfair-2k16.herokuapp.com/api/app/quiz/leaderboard?from=1 (33ms, 56744-byte body)
08-04 14:31:27.847 27726 27739 I art     : Explicit concurrent mark sweep GC freed 718(106KB) AllocSpace objects, 1(80KB) LOS objects, 23% free, 52MB/68MB, paused 501us total 20.306ms
08-04 14:31:27.854 27726 27739 I art     : Starting a blocking GC Explicit
08-04 14:31:27.876 27726 27739 I art     : Explicit concurrent mark sweep GC freed 11440(553KB) AllocSpace objects, 0(0B) LOS objects, 23% free, 53MB/69MB, paused 599us total 21.447ms
08-04 14:31:27.884 27726 27739 I art     : Starting a blocking GC Explicit
08-04 14:31:27.906 27726 27739 I art     : Explicit concurrent mark sweep GC freed 13452(601KB) AllocSpace objects, 0(0B) LOS objects, 23% free, 53MB/69MB, paused 481us total 21.421ms
08-04 14:31:27.906 27726 27726 I NAPPA_EXPERIMENTATION: MetricNetworkRequestExecutionTime: REQUEST_DURATION_SYSTEM='955',REQUEST_DURATION_OKHTTP='33',REQUEST_SYNCHRONOUS='FALSE',RESPONSE_CODE='200',RESPONSE_METHOD='GET',RESPONSE_LENGTH_OKHTTP='56744',RESPONSE_LENGTH_HEADER='56744',REQUEST_PROTOCOL='http/1.1',REQUEST_URL='https://api-hillfair-2k16.herokuapp.com/api/app/quiz/leaderboard?from=1',
08-04 14:31:28.179 27726 28206 I art     : Starting a blocking GC Explicit
08-04 14:31:28.204 27726 28206 I art     : Explicit concurrent mark sweep GC freed 2841(160KB) AllocSpace objects, 1(20KB) LOS objects, 23% free, 53MB/69MB, paused 494us total 24.627ms
08-04 14:31:28.213 27726 28206 I art     : Starting a blocking GC Explicit
08-04 14:31:28.237 27726 28206 I art     : Explicit concurrent mark sweep GC freed 85(3KB) AllocSpace objects, 0(0B) LOS objects, 23% free, 53MB/69MB, paused 511us total 23.759ms
08-04 14:31:28.246 27726 28206 I art     : Starting a blocking GC Explicit
08-04 14:31:28.270 27726 28206 I art     : Explicit concurrent mark sweep GC freed 3(96B) AllocSpace objects, 0(0B) LOS objects, 23% free, 53MB/69MB, paused 465us total 23.655ms
08-04 14:31:28.279 27726 28206 I art     : Starting a blocking GC Explicit
08-04 14:31:28.303 27726 28206 I art     : Explicit concurrent mark sweep GC freed 3(96B) AllocSpace objects, 0(0B) LOS objects, 23% free, 53MB/69MB, paused 474us total 23.233ms
08-04 14:31:28.312 27726 28206 I art     : Starting a blocking GC Explicit
08-04 14:31:28.336 27726 28206 I art     : Explicit concurrent mark sweep GC freed 3(96B) AllocSpace objects, 0(0B) LOS objects, 23% free, 53MB/69MB, paused 471us total 24.154ms
08-04 14:31:28.638 27726 27763 I art     : Starting a blocking GC Explicit
08-04 14:31:28.664 27726 27763 I art     : Explicit concurrent mark sweep GC freed 1344(78KB) AllocSpace objects, 1(20KB) LOS objects, 23% free, 53MB/69MB, paused 473us total 26.483ms
08-04 14:31:28.666 21770 21770 I ServiceManager: Waiting for service AtCmdFwd...
08-04 14:31:28.674 27726 27763 I art     : Starting a blocking GC Explicit
08-04 14:31:28.695 27726 27763 I art     : Explicit concurrent mark sweep GC freed 20(704B) AllocSpace objects, 0(0B) LOS objects, 23% free, 53MB/69MB, paused 455us total 20.952ms
08-04 14:31:28.703 27726 27763 I art     : Starting a blocking GC Explicit
08-04 14:31:28.725 27726 27763 I art     : Explicit concurrent mark sweep GC freed 3(96B) AllocSpace objects, 0(0B) LOS objects, 23% free, 53MB/69MB, paused 465us total 22.101ms
08-04 14:31:28.734 27726 27763 I art     : Starting a blocking GC Explicit
08-04 14:31:28.758 27726 27763 I art     : Explicit concurrent mark sweep GC freed 3(96B) AllocSpace objects, 0(0B) LOS objects, 23% free, 53MB/69MB, paused 479us total 23.734ms
08-04 14:31:28.767 27726 27763 I art     : Starting a blocking GC Explicit
08-04 14:31:28.791 27726 27763 I art     : Explicit concurrent mark sweep GC freed 3(96B) AllocSpace objects, 0(0B) LOS objects, 23% free, 53MB/69MB, paused 466us total 23.738ms
08-04 14:31:29.001 24365 23406 I NetworkScheduler.Stats: Task com.google.android.apps.gcs/ started execution. cause:4 exec_start_elapsed_seconds: 1698092 [CONTEXT service_id=218 ]
08-04 14:31:29.002 29666 30535 W Gcs.WfaEliRefreshTask: [24191] afk.b: NULL eligibility response.
08-04 14:31:29.010 24365 23406 I NetworkScheduler.Stats: Task com.google.android.apps.gcs/ finished executing. cause:4 result: 3 elapsed_millis: 14 uptime_millis: 15 exec_start_elapsed_seconds: 1698092 [CONTEXT service_id=218 ]
08-04 14:31:29.055 24365 25567 I NetworkScheduler.Stats: Task com.google.android.gms/com.google.android.gms.gcm.HeartbeatAlarm$ConnectionInfoPersistService started execution. cause:5 exec_start_elapsed_seconds: 1698092 [CONTEXT service_id=218 ]
08-04 14:31:29.084 24365 23406 I NetworkScheduler.Stats: Task com.google.android.gms/com.google.android.gms.gcm.HeartbeatAlarm$ConnectionInfoPersistService finished executing. cause:5 result: 1 elapsed_millis: 48 uptime_millis: 48 exec_start_elapsed_seconds: 1698092 [CONTEXT service_id=218 ]
08-04 14:31:29.108 27726 27738 I art     : Starting a blocking GC Explicit
08-04 14:31:29.111 24577  1295 I WalletGcmTaskService: Running GcmTask w/ tag INSTANTBUY_SYNC_GCM_TASK_STEP_1
08-04 14:31:29.131 27726 27738 I art     : Explicit concurrent mark sweep GC freed 1344(78KB) AllocSpace objects, 1(20KB) LOS objects, 23% free, 53MB/69MB, paused 459us total 22.813ms
08-04 14:31:29.140 27726 27738 I art     : Starting a blocking GC Explicit
08-04 14:31:29.158 24365 23406 I NetworkScheduler.Stats: Task com.google.android.gms/com.google.android.gms.wallet.service.WalletGcmTaskService started execution. cause:5 exec_start_elapsed_seconds: 1698092 [CONTEXT service_id=218 ]
08-04 14:31:29.162 27726 27738 I art     : Explicit concurrent mark sweep GC freed 20(704B) AllocSpace objects, 0(0B) LOS objects, 23% free, 53MB/69MB, paused 462us total 22.093ms
08-04 14:31:29.171 27726 27738 I art     : Starting a blocking GC Explicit
08-04 14:31:29.176 24365 23406 I NetworkScheduler.Stats: Task com.google.android.apps.gcs/ started execution. cause:5 exec_start_elapsed_seconds: 1698093 [CONTEXT service_id=218 ]
08-04 14:31:29.190 27726 27738 I art     : Explicit concurrent mark sweep GC freed 3(96B) AllocSpace objects, 0(0B) LOS objects, 23% free, 53MB/69MB, paused 423us total 18.935ms
08-04 14:31:29.197   918  6111 I AccountManagerService: getTypesVisibleToCaller: isPermitted? true
08-04 14:31:29.198 27726 27738 I art     : Starting a blocking GC Explicit
08-04 14:31:29.200 24365 25567 I NetworkScheduler.Stats: Task com.google.android.gms/com.google.android.gms.wallet.service.WalletGcmTaskService finished executing. cause:5 result: 1 elapsed_millis: 138 uptime_millis: 137 exec_start_elapsed_seconds: 1698092 [CONTEXT service_id=218 ]
08-04 14:31:29.217 27726 27738 I art     : Explicit concurrent mark sweep GC freed 3(96B) AllocSpace objects, 0(0B) LOS objects, 23% free, 53MB/69MB, paused 423us total 18.687ms
08-04 14:31:29.225 27726 27738 I art     : Starting a blocking GC Explicit
08-04 14:31:29.245 27726 27738 I art     : Explicit concurrent mark sweep GC freed 3(96B) AllocSpace objects, 0(0B) LOS objects, 23% free, 53MB/69MB, paused 421us total 19.419ms
08-04 14:31:29.253 24365 23406 I NetworkScheduler.Stats: Task com.google.android.apps.gcs/ finished executing. cause:5 result: 1 elapsed_millis: 80 uptime_millis: 81 exec_start_elapsed_seconds: 1698093 [CONTEXT service_id=218 ]
08-04 14:31:29.277 24365 23406 I NetworkScheduler.Stats: Task com.google.android.apps.gcs/ started execution. cause:5 exec_start_elapsed_seconds: 1698093 [CONTEXT service_id=218 ]
08-04 14:31:29.278 29666 30541 W Gcs.WfaEliRefreshTask: [24193] afk.b: NULL eligibility response.
08-04 14:31:29.280 24365 23406 I NetworkScheduler.Stats: Task com.google.android.apps.gcs/ finished executing. cause:5 result: 3 elapsed_millis: 7 uptime_millis: 7 exec_start_elapsed_seconds: 1698093 [CONTEXT service_id=218 ]
08-04 14:31:29.526 27726 27739 I art     : Starting a blocking GC Explicit
08-04 14:31:29.556 27726 27739 I art     : Explicit concurrent mark sweep GC freed 1344(78KB) AllocSpace objects, 1(20KB) LOS objects, 23% free, 53MB/69MB, paused 532us total 29.796ms
08-04 14:31:29.567 27726 27739 I art     : Starting a blocking GC Explicit
08-04 14:31:29.592 27726 27739 I art     : Explicit concurrent mark sweep GC freed 20(704B) AllocSpace objects, 0(0B) LOS objects, 23% free, 53MB/69MB, paused 491us total 24.361ms
08-04 14:31:29.601 27726 27739 I art     : Starting a blocking GC Explicit
08-04 14:31:29.624 27726 27739 I art     : Explicit concurrent mark sweep GC freed 237(13KB) AllocSpace objects, 0(0B) LOS objects, 23% free, 53MB/69MB, paused 573us total 23.441ms
08-04 14:31:29.633 27726 27739 I art     : Starting a blocking GC Explicit
08-04 14:31:29.658 27726 27739 I art     : Explicit concurrent mark sweep GC freed 121(5KB) AllocSpace objects, 0(0B) LOS objects, 23% free, 53MB/69MB, paused 576us total 24.033ms
08-04 14:31:29.667 27726 27739 I art     : Starting a blocking GC Explicit
08-04 14:31:29.667 21770 21770 I ServiceManager: Waiting for service AtCmdFwd...
08-04 14:31:29.691 27726 27739 I art     : Explicit concurrent mark sweep GC freed 45(1568B) AllocSpace objects, 0(0B) LOS objects, 23% free, 53MB/69MB, paused 530us total 23.907ms
08-04 14:31:29.810 27726 30552 W OneSignal: OneSignalRestClient: POST Error thrown from network stack. 
08-04 14:31:29.810 27726 30552 W OneSignal: java.io.IOException: unexpected end of stream on Connection{api.onesignal.com:443, proxy=HTTP@192.168.2.12:8080 hostAddress=192.168.2.12 cipherSuite=TLS_ECDHE_RSA_WITH_AES_128_GCM_SHA256 protocol=http/1.1} (recycle count=0)
08-04 14:31:29.810 27726 30552 W OneSignal: 	at com.android.okhttp.internal.http.HttpConnection.readResponse(HttpConnection.java:210)
08-04 14:31:29.810 27726 30552 W OneSignal: 	at com.android.okhttp.internal.http.HttpTransport.readResponseHeaders(HttpTransport.java:80)
08-04 14:31:29.810 27726 30552 W OneSignal: 	at com.android.okhttp.internal.http.HttpEngine.readNetworkResponse(HttpEngine.java:904)
08-04 14:31:29.810 27726 30552 W OneSignal: 	at com.android.okhttp.internal.http.HttpEngine.readResponse(HttpEngine.java:788)
08-04 14:31:29.810 27726 30552 W OneSignal: 	at com.android.okhttp.internal.huc.HttpURLConnectionImpl.execute(HttpURLConnectionImpl.java:439)
08-04 14:31:29.810 27726 30552 W OneSignal: 	at com.android.okhttp.internal.huc.HttpURLConnectionImpl.getResponse(HttpURLConnectionImpl.java:384)
08-04 14:31:29.810 27726 30552 W OneSignal: 	at com.android.okhttp.internal.huc.HttpURLConnectionImpl.getResponseCode(HttpURLConnectionImpl.java:497)
08-04 14:31:29.810 27726 30552 W OneSignal: 	at com.android.okhttp.internal.huc.DelegatingHttpsURLConnection.getResponseCode(DelegatingHttpsURLConnection.java:105)
08-04 14:31:29.810 27726 30552 W OneSignal: 	at com.android.okhttp.internal.huc.HttpsURLConnectionImpl.getResponseCode(HttpsURLConnectionImpl.java)
08-04 14:31:29.810 27726 30552 W OneSignal: 	at com.onesignal.OneSignalRestClient.startHTTPConnection(OneSignalRestClient.java:180)
08-04 14:31:29.810 27726 30552 W OneSignal: 	at com.onesignal.OneSignalRestClient.access$100(OneSignalRestClient.java:44)
08-04 14:31:29.810 27726 30552 W OneSignal: 	at com.onesignal.OneSignalRestClient$4.run(OneSignalRestClient.java:110)
08-04 14:31:29.810 27726 30552 W OneSignal: 	at java.lang.Thread.run(Thread.java:818)
08-04 14:31:29.810 27726 30552 W OneSignal: Caused by: java.io.EOFException: \n not found: size=0 content=...
08-04 14:31:29.810 27726 30552 W OneSignal: 	at com.android.okhttp.okio.RealBufferedSource.readUtf8LineStrict(RealBufferedSource.java:200)
08-04 14:31:29.810 27726 30552 W OneSignal: 	at com.android.okhttp.internal.http.HttpConnection.readResponse(HttpConnection.java:191)
08-04 14:31:29.810 27726 30552 W OneSignal: 	... 12 more
08-04 14:31:29.812 27726 30553 W OneSignal: Failed last request. statusCode: -1
08-04 14:31:29.812 27726 30553 W OneSignal: response: null
08-04 14:31:30.032 27726 28206 I art     : Starting a blocking GC Explicit
08-04 14:31:30.066 27726 28206 I art     : Explicit concurrent mark sweep GC freed 3616(225KB) AllocSpace objects, 1(20KB) LOS objects, 23% free, 53MB/69MB, paused 509us total 32.940ms
08-04 14:31:30.079 27726 28206 I art     : Starting a blocking GC Explicit
08-04 14:31:30.103 27726 28206 I art     : Explicit concurrent mark sweep GC freed 67(2432B) AllocSpace objects, 0(0B) LOS objects, 23% free, 53MB/69MB, paused 479us total 24.373ms
08-04 14:31:30.113 27726 28206 I art     : Starting a blocking GC Explicit
08-04 14:31:30.137 27726 28206 I art     : Explicit concurrent mark sweep GC freed 3(96B) AllocSpace objects, 0(0B) LOS objects, 23% free, 53MB/69MB, paused 551us total 24.177ms
08-04 14:31:30.146 27726 28206 I art     : Starting a blocking GC Explicit
08-04 14:31:30.171 27726 28206 I art     : Explicit concurrent mark sweep GC freed 3(96B) AllocSpace objects, 0(0B) LOS objects, 23% free, 53MB/69MB, paused 472us total 24.341ms
08-04 14:31:30.180 27726 28206 I art     : Starting a blocking GC Explicit
08-04 14:31:30.204 27726 28206 I art     : Explicit concurrent mark sweep GC freed 3(96B) AllocSpace objects, 0(0B) LOS objects, 23% free, 53MB/69MB, paused 470us total 23.779ms
08-04 14:31:30.540 27726 27763 I art     : Starting a blocking GC Explicit
08-04 14:31:30.570 27726 27763 I art     : Explicit concurrent mark sweep GC freed 1357(78KB) AllocSpace objects, 1(20KB) LOS objects, 23% free, 53MB/69MB, paused 497us total 29.912ms
08-04 14:31:30.581 27726 27763 I art     : Starting a blocking GC Explicit
08-04 14:31:30.605 27726 27763 I art     : Explicit concurrent mark sweep GC freed 34(1136B) AllocSpace objects, 0(0B) LOS objects, 23% free, 53MB/69MB, paused 468us total 23.833ms
08-04 14:31:30.614 27726 27763 I art     : Starting a blocking GC Explicit
08-04 14:31:30.638 27726 27763 I art     : Explicit concurrent mark sweep GC freed 3(96B) AllocSpace objects, 0(0B) LOS objects, 23% free, 53MB/69MB, paused 469us total 23.523ms
08-04 14:31:30.647 27726 27763 I art     : Starting a blocking GC Explicit
08-04 14:31:30.667 21770 21770 W Atfwd_Sendcmd: AtCmdFwd service not published, waiting... retryCnt : 5
08-04 14:31:30.670 27726 27763 I art     : Explicit concurrent mark sweep GC freed 3(96B) AllocSpace objects, 0(0B) LOS objects, 23% free, 53MB/69MB, paused 462us total 23.278ms
08-04 14:31:30.680 27726 27763 I art     : Starting a blocking GC Explicit
08-04 14:31:30.703 27726 27763 I art     : Explicit concurrent mark sweep GC freed 3(96B) AllocSpace objects, 0(0B) LOS objects, 23% free, 53MB/69MB, paused 453us total 23.535ms
08-04 14:31:31.032 27726 27738 I art     : Starting a blocking GC Explicit
08-04 14:31:31.063 27726 27738 I art     : Explicit concurrent mark sweep GC freed 1344(78KB) AllocSpace objects, 1(20KB) LOS objects, 23% free, 53MB/69MB, paused 508us total 29.974ms
08-04 14:31:31.074 27726 27738 I art     : Starting a blocking GC Explicit
08-04 14:31:31.099 27726 27738 I art     : Explicit concurrent mark sweep GC freed 20(704B) AllocSpace objects, 0(0B) LOS objects, 23% free, 53MB/69MB, paused 456us total 24.216ms
08-04 14:31:31.108 27726 27738 I art     : Starting a blocking GC Explicit
08-04 14:31:31.131 27726 27738 I art     : Explicit concurrent mark sweep GC freed 3(96B) AllocSpace objects, 0(0B) LOS objects, 23% free, 53MB/69MB, paused 446us total 23.090ms
08-04 14:31:31.141 27726 27738 I art     : Starting a blocking GC Explicit
08-04 14:31:31.164 27726 27738 I art     : Explicit concurrent mark sweep GC freed 3(96B) AllocSpace objects, 0(0B) LOS objects, 23% free, 53MB/69MB, paused 452us total 23.122ms
08-04 14:31:31.173 27726 27738 I art     : Starting a blocking GC Explicit
08-04 14:31:31.195 27726 27738 I art     : Explicit concurrent mark sweep GC freed 3(96B) AllocSpace objects, 0(0B) LOS objects, 23% free, 53MB/69MB, paused 429us total 21.902ms
08-04 14:31:31.496 27726 27739 I art     : Starting a blocking GC Explicit
08-04 14:31:31.523 27726 27739 I art     : Explicit concurrent mark sweep GC freed 1344(78KB) AllocSpace objects, 1(20KB) LOS objects, 23% free, 53MB/69MB, paused 525us total 27.092ms
08-04 14:31:31.536 27726 27739 I art     : Starting a blocking GC Explicit
08-04 14:31:31.559 27726 27739 I art     : Explicit concurrent mark sweep GC freed 20(704B) AllocSpace objects, 0(0B) LOS objects, 23% free, 53MB/69MB, paused 522us total 22.703ms
08-04 14:31:31.568 27726 27739 I art     : Starting a blocking GC Explicit
08-04 14:31:31.578 30584 30584 D AndroidRuntime: >>>>>> START com.android.internal.os.RuntimeInit uid 2000 <<<<<<
08-04 14:31:31.582 30584 30584 D AndroidRuntime: CheckJNI is OFF
08-04 14:31:31.591 27726 27739 I art     : Explicit concurrent mark sweep GC freed 3(96B) AllocSpace objects, 0(0B) LOS objects, 23% free, 53MB/69MB, paused 493us total 23.038ms
08-04 14:31:31.600 27726 27739 I art     : Starting a blocking GC Explicit
08-04 14:31:31.617 30584 30584 D ICU     : No timezone override file found: /data/misc/zoneinfo/current/icu/icu_tzdata.dat
08-04 14:31:31.622 27726 27739 I art     : Explicit concurrent mark sweep GC freed 3(96B) AllocSpace objects, 0(0B) LOS objects, 23% free, 53MB/69MB, paused 469us total 22.100ms
08-04 14:31:31.631 27726 27739 I art     : Starting a blocking GC Explicit
08-04 14:31:31.653 30584 30584 I Radio-JNI: register_android_hardware_Radio DONE
08-04 14:31:31.653 27726 27739 I art     : Explicit concurrent mark sweep GC freed 3(96B) AllocSpace objects, 0(0B) LOS objects, 23% free, 53MB/69MB, paused 499us total 21.755ms
08-04 14:31:31.675 30584 30584 D AndroidRuntime: Calling main entry com.android.commands.input.Input
08-04 14:31:31.677 30584 30584 I Input   : injectKeyEvent: KeyEvent { action=ACTION_DOWN, keyCode=KEYCODE_BACK, scanCode=0, metaState=0, flags=0x0, repeatCount=0, eventTime=714708090, downTime=714708090, deviceId=-1, source=0x101 }
08-04 14:31:31.683 30584 30584 I Input   : injectKeyEvent: KeyEvent { action=ACTION_UP, keyCode=KEYCODE_BACK, scanCode=0, metaState=0, flags=0x0, repeatCount=0, eventTime=714708090, downTime=714708090, deviceId=-1, source=0x101 }
08-04 14:31:31.687 30584 30584 D AndroidRuntime: Shutting down VM
08-04 14:31:31.733 13866 13866 I GoogleInputMethodServic: GoogleInputMethodService.onFinishInput():3138 
08-04 14:31:31.733 13866 13866 I GoogleInputMethodServic: GoogleInputMethodService.onStartInput():1808 
08-04 14:31:31.909 27726 27763 I art     : Starting a blocking GC Explicit
08-04 14:31:31.939 27726 27763 I art     : Explicit concurrent mark sweep GC freed 1482(84KB) AllocSpace objects, 1(20KB) LOS objects, 23% free, 53MB/69MB, paused 464us total 30.107ms
08-04 14:31:31.949 27726 27763 I art     : Starting a blocking GC Explicit
08-04 14:31:31.976 27726 27763 I art     : Explicit concurrent mark sweep GC freed 26(944B) AllocSpace objects, 0(0B) LOS objects, 23% free, 53MB/69MB, paused 413us total 26.582ms
08-04 14:31:31.989 27726 27763 I art     : Starting a blocking GC Explicit
08-04 14:31:32.015 27726 27763 I art     : Explicit concurrent mark sweep GC freed 3(96B) AllocSpace objects, 0(0B) LOS objects, 23% free, 53MB/69MB, paused 422us total 25.546ms
08-04 14:31:32.024 27726 27763 I art     : Starting a blocking GC Explicit
08-04 14:31:32.026   380   380 W SurfaceFlinger: couldn't log to binary event log: overflow.
08-04 14:31:32.048 27726 27763 I art     : Explicit concurrent mark sweep GC freed 121(9KB) AllocSpace objects, 0(0B) LOS objects, 23% free, 53MB/69MB, paused 434us total 24.161ms
08-04 14:31:32.058 27726 27763 I art     : Starting a blocking GC Explicit
08-04 14:31:32.079 27726 27763 I art     : Explicit concurrent mark sweep GC freed 113(6KB) AllocSpace objects, 0(0B) LOS objects, 23% free, 53MB/69MB, paused 435us total 20.672ms
08-04 14:31:32.341 27726 27739 I art     : Starting a blocking GC Explicit
08-04 14:31:32.368 27726 27739 I art     : Explicit concurrent mark sweep GC freed 5913(341KB) AllocSpace objects, 3(160KB) LOS objects, 23% free, 52MB/68MB, paused 488us total 26.692ms
08-04 14:31:32.380 27726 27739 I art     : Starting a blocking GC Explicit
08-04 14:31:32.401 27726 27739 I art     : Explicit concurrent mark sweep GC freed 20(704B) AllocSpace objects, 0(0B) LOS objects, 23% free, 52MB/68MB, paused 445us total 20.900ms
08-04 14:31:32.410 27726 27739 I art     : Starting a blocking GC Explicit
08-04 14:31:32.431 27726 27739 I art     : Explicit concurrent mark sweep GC freed 3(96B) AllocSpace objects, 0(0B) LOS objects, 23% free, 52MB/68MB, paused 449us total 20.847ms
08-04 14:31:32.439 27726 27739 I art     : Starting a blocking GC Explicit
08-04 14:31:32.460 27726 27739 I art     : Explicit concurrent mark sweep GC freed 3(96B) AllocSpace objects, 0(0B) LOS objects, 23% free, 52MB/68MB, paused 494us total 20.857ms
08-04 14:31:32.469 27726 27739 I art     : Starting a blocking GC Explicit
08-04 14:31:32.491 27726 27739 I art     : Explicit concurrent mark sweep GC freed 3(96B) AllocSpace objects, 0(0B) LOS objects, 23% free, 52MB/68MB, paused 466us total 21.510ms
08-04 14:31:32.773 27726 28206 I art     : Starting a blocking GC Explicit
08-04 14:31:32.801 27726 28206 I art     : Explicit concurrent mark sweep GC freed 1343(78KB) AllocSpace objects, 1(20KB) LOS objects, 23% free, 52MB/68MB, paused 507us total 27.718ms
08-04 14:31:32.815 27726 28206 I art     : Starting a blocking GC Explicit
08-04 14:31:32.838 27726 28206 I art     : Explicit concurrent mark sweep GC freed 20(704B) AllocSpace objects, 0(0B) LOS objects, 23% free, 52MB/68MB, paused 459us total 22.588ms
08-04 14:31:32.846 27726 28206 I art     : Starting a blocking GC Explicit
08-04 14:31:32.868 27726 28206 I art     : Explicit concurrent mark sweep GC freed 3(96B) AllocSpace objects, 0(0B) LOS objects, 23% free, 52MB/68MB, paused 448us total 21.186ms
08-04 14:31:32.877 27726 28206 I art     : Starting a blocking GC Explicit
08-04 14:31:32.899 27726 28206 I art     : Explicit concurrent mark sweep GC freed 3(96B) AllocSpace objects, 0(0B) LOS objects, 23% free, 52MB/68MB, paused 451us total 22.386ms
08-04 14:31:32.908 27726 28206 I art     : Starting a blocking GC Explicit
08-04 14:31:32.929 27726 28206 I art     : Explicit concurrent mark sweep GC freed 3(96B) AllocSpace objects, 0(0B) LOS objects, 23% free, 52MB/68MB, paused 440us total 20.922ms
08-04 14:31:33.190 27726 27738 I art     : Starting a blocking GC Explicit
08-04 14:31:33.213 27726 27738 I art     : Explicit concurrent mark sweep GC freed 1343(78KB) AllocSpace objects, 1(20KB) LOS objects, 23% free, 52MB/68MB, paused 471us total 22.453ms
08-04 14:31:33.222 27726 27738 I art     : Starting a blocking GC Explicit
08-04 14:31:33.244 27726 27738 I art     : Explicit concurrent mark sweep GC freed 20(704B) AllocSpace objects, 0(0B) LOS objects, 23% free, 52MB/68MB, paused 460us total 21.888ms
08-04 14:31:33.253 27726 27738 I art     : Starting a blocking GC Explicit
08-04 14:31:33.274 27726 27738 I art     : Explicit concurrent mark sweep GC freed 3(96B) AllocSpace objects, 0(0B) LOS objects, 23% free, 52MB/68MB, paused 473us total 21.469ms
08-04 14:31:33.283 27726 27738 I art     : Starting a blocking GC Explicit
08-04 14:31:33.304 27726 27738 I art     : Explicit concurrent mark sweep GC freed 3(96B) AllocSpace objects, 0(0B) LOS objects, 23% free, 52MB/68MB, paused 462us total 20.609ms
08-04 14:31:33.313 27726 27738 I art     : Starting a blocking GC Explicit
08-04 14:31:33.337 27726 27738 I art     : Explicit concurrent mark sweep GC freed 4(128B) AllocSpace objects, 0(0B) LOS objects, 23% free, 52MB/68MB, paused 548us total 24.359ms
08-04 14:31:33.345 30637 30637 D AndroidRuntime: >>>>>> START com.android.internal.os.RuntimeInit uid 2000 <<<<<<
08-04 14:31:33.351 30637 30637 D AndroidRuntime: CheckJNI is OFF
08-04 14:31:33.383 30637 30637 D ICU     : No timezone override file found: /data/misc/zoneinfo/current/icu/icu_tzdata.dat
08-04 14:31:33.413 30637 30637 I Radio-JNI: register_android_hardware_Radio DONE
08-04 14:31:33.433 30637 30637 D AndroidRuntime: Calling main entry com.android.commands.input.Input
08-04 14:31:33.434 30637 30637 I Input   : injectKeyEvent: KeyEvent { action=ACTION_DOWN, keyCode=KEYCODE_BACK, scanCode=0, metaState=0, flags=0x0, repeatCount=0, eventTime=714709847, downTime=714709847, deviceId=-1, source=0x101 }
08-04 14:31:33.439 30637 30637 I Input   : injectKeyEvent: KeyEvent { action=ACTION_UP, keyCode=KEYCODE_BACK, scanCode=0, metaState=0, flags=0x0, repeatCount=0, eventTime=714709847, downTime=714709847, deviceId=-1, source=0x101 }
08-04 14:31:33.444 30637 30637 D AndroidRuntime: Shutting down VM
08-04 14:31:33.526 13866 13866 I GoogleInputMethodServic: GoogleInputMethodService.onFinishInput():3138 
08-04 14:31:33.528 13866 13866 I GoogleInputMethodServic: GoogleInputMethodService.onStartInput():1808 
08-04 14:31:33.584 27726 27739 I art     : Starting a blocking GC Explicit
08-04 14:31:33.605 27726 27739 I art     : Explicit concurrent mark sweep GC freed 1557(87KB) AllocSpace objects, 1(20KB) LOS objects, 23% free, 52MB/68MB, paused 418us total 20.660ms
08-04 14:31:33.613 27726 27739 I art     : Starting a blocking GC Explicit
08-04 14:31:33.633 27726 27739 I art     : Explicit concurrent mark sweep GC freed 24(864B) AllocSpace objects, 0(0B) LOS objects, 23% free, 52MB/68MB, paused 434us total 19.817ms
08-04 14:31:33.642 27726 27739 I art     : Starting a blocking GC Explicit
08-04 14:31:33.664 27726 27739 I art     : Explicit concurrent mark sweep GC freed 3(96B) AllocSpace objects, 0(0B) LOS objects, 23% free, 52MB/68MB, paused 497us total 22.013ms
08-04 14:31:33.676 27726 27739 I art     : Starting a blocking GC Explicit
08-04 14:31:33.700 27726 27739 I art     : Explicit concurrent mark sweep GC freed 3(96B) AllocSpace objects, 0(0B) LOS objects, 23% free, 52MB/68MB, paused 487us total 23.394ms
08-04 14:31:33.710 27726 27739 I art     : Starting a blocking GC Explicit
08-04 14:31:33.734 27726 27739 I art     : Explicit concurrent mark sweep GC freed 3(96B) AllocSpace objects, 0(0B) LOS objects, 23% free, 52MB/68MB, paused 504us total 23.836ms
08-04 14:31:33.811   380   380 W SurfaceFlinger: couldn't log to binary event log: overflow.
08-04 14:31:33.997 27726 27763 I art     : Starting a blocking GC Explicit
08-04 14:31:34.022 27726 27763 I art     : Explicit concurrent mark sweep GC freed 1458(87KB) AllocSpace objects, 1(20KB) LOS objects, 23% free, 52MB/68MB, paused 498us total 24.472ms
08-04 14:31:34.035 27726 27763 I art     : Starting a blocking GC Explicit
08-04 14:31:34.057 27726 27763 I art     : Explicit concurrent mark sweep GC freed 2078(121KB) AllocSpace objects, 2(180KB) LOS objects, 23% free, 52MB/68MB, paused 477us total 21.617ms
08-04 14:31:34.066 27726 27763 I art     : Starting a blocking GC Explicit
08-04 14:31:34.087 27726 27763 I art     : Explicit concurrent mark sweep GC freed 3(96B) AllocSpace objects, 0(0B) LOS objects, 23% free, 52MB/68MB, paused 540us total 21.290ms
08-04 14:31:34.096 27726 27763 I art     : Starting a blocking GC Explicit
08-04 14:31:34.118 27726 27763 I art     : Explicit concurrent mark sweep GC freed 3(96B) AllocSpace objects, 0(0B) LOS objects, 23% free, 52MB/68MB, paused 467us total 21.745ms
08-04 14:31:34.127 27726 27763 I art     : Starting a blocking GC Explicit
08-04 14:31:34.149 27726 27763 I art     : Explicit concurrent mark sweep GC freed 3(96B) AllocSpace objects, 0(0B) LOS objects, 23% free, 52MB/68MB, paused 478us total 21.483ms
08-04 14:31:34.444 27726 27739 I art     : Starting a blocking GC Explicit
08-04 14:31:34.471 27726 27739 I art     : Explicit concurrent mark sweep GC freed 1343(78KB) AllocSpace objects, 1(20KB) LOS objects, 23% free, 52MB/68MB, paused 658us total 26.968ms
08-04 14:31:34.485 27726 27739 I art     : Starting a blocking GC Explicit
08-04 14:31:34.506 27726 27739 I art     : Explicit concurrent mark sweep GC freed 20(704B) AllocSpace objects, 0(0B) LOS objects, 23% free, 52MB/68MB, paused 459us total 20.767ms
08-04 14:31:34.515 27726 27739 I art     : Starting a blocking GC Explicit
08-04 14:31:34.536 27726 27739 I art     : Explicit concurrent mark sweep GC freed 3(96B) AllocSpace objects, 0(0B) LOS objects, 23% free, 52MB/68MB, paused 466us total 21.014ms
08-04 14:31:34.545 27726 27739 I art     : Starting a blocking GC Explicit
08-04 14:31:34.566 27726 27739 I art     : Explicit concurrent mark sweep GC freed 3(96B) AllocSpace objects, 0(0B) LOS objects, 23% free, 52MB/68MB, paused 455us total 21.055ms
08-04 14:31:34.575 27726 27739 I art     : Starting a blocking GC Explicit
08-04 14:31:34.596 27726 27739 I art     : Explicit concurrent mark sweep GC freed 3(96B) AllocSpace objects, 0(0B) LOS objects, 23% free, 52MB/68MB, paused 454us total 21.189ms
08-04 14:31:34.857 27726 27738 I art     : Starting a blocking GC Explicit
08-04 14:31:34.878 27726 27738 I art     : Explicit concurrent mark sweep GC freed 1341(78KB) AllocSpace objects, 1(20KB) LOS objects, 23% free, 52MB/68MB, paused 484us total 21.145ms
08-04 14:31:34.887 27726 27738 I art     : Starting a blocking GC Explicit
08-04 14:31:34.908 27726 27738 I art     : Explicit concurrent mark sweep GC freed 20(704B) AllocSpace objects, 0(0B) LOS objects, 23% free, 52MB/68MB, paused 486us total 21.088ms
08-04 14:31:34.917 27726 27738 I art     : Starting a blocking GC Explicit
08-04 14:31:34.937 27726 27738 I art     : Explicit concurrent mark sweep GC freed 3(96B) AllocSpace objects, 0(0B) LOS objects, 23% free, 52MB/68MB, paused 481us total 19.960ms
08-04 14:31:34.946 27726 27738 I art     : Starting a blocking GC Explicit
08-04 14:31:34.966 27726 27738 I art     : Explicit concurrent mark sweep GC freed 3(96B) AllocSpace objects, 0(0B) LOS objects, 23% free, 52MB/68MB, paused 538us total 19.943ms
08-04 14:31:34.974 27726 27738 I art     : Starting a blocking GC Explicit
08-04 14:31:34.995 27726 27738 I art     : Explicit concurrent mark sweep GC freed 3(96B) AllocSpace objects, 0(0B) LOS objects, 23% free, 52MB/68MB, paused 473us total 20.477ms
08-04 14:31:35.106 30690 30690 D AndroidRuntime: >>>>>> START com.android.internal.os.RuntimeInit uid 2000 <<<<<<
08-04 14:31:35.112 30690 30690 D AndroidRuntime: CheckJNI is OFF
08-04 14:31:35.149 30690 30690 D ICU     : No timezone override file found: /data/misc/zoneinfo/current/icu/icu_tzdata.dat
08-04 14:31:35.187 30690 30690 I Radio-JNI: register_android_hardware_Radio DONE
08-04 14:31:35.208 30690 30690 D AndroidRuntime: Calling main entry com.android.commands.input.Input
08-04 14:31:35.211 30690 30690 I Input   : injectMotionEvent: MotionEvent { action=ACTION_DOWN, actionButton=0, id[0]=0, x[0]=1084.0, y[0]=2213.0, toolType[0]=TOOL_TYPE_UNKNOWN, buttonState=0, metaState=0, flags=0x0, edgeFlags=0x0, pointerCount=1, historySize=0, eventTime=714711623, downTime=714711623, deviceId=0, source=0x1002 }
08-04 14:31:35.217 30690 30690 I Input   : injectMotionEvent: MotionEvent { action=ACTION_UP, actionButton=0, id[0]=0, x[0]=1084.0, y[0]=2213.0, toolType[0]=TOOL_TYPE_UNKNOWN, buttonState=0, metaState=0, flags=0x0, edgeFlags=0x0, pointerCount=1, historySize=0, eventTime=714711623, downTime=714711623, deviceId=0, source=0x1002 }
08-04 14:31:35.218   918  6029 I ActivityManager: START u0 {cmp=baseline.appteam.nith.hillffair/.activities.EventActivity} from uid 10651 on display 0
08-04 14:31:35.226 30690 30690 D AndroidRuntime: Shutting down VM
08-04 14:31:35.285 27726 27739 I art     : Starting a blocking GC Explicit
08-04 14:31:35.307 27726 27739 I art     : Explicit concurrent mark sweep GC freed 5996(361KB) AllocSpace objects, 1(20KB) LOS objects, 23% free, 52MB/68MB, paused 699us total 21.960ms
08-04 14:31:35.309 13866 13866 I GoogleInputMethodServic: GoogleInputMethodService.onFinishInput():3138 
08-04 14:31:35.309 13866 13866 I GoogleInputMethodServic: GoogleInputMethodService.onStartInput():1808 
08-04 14:31:35.316 27726 27739 I art     : Starting a blocking GC Explicit
08-04 14:31:35.331   918   936 I ActivityManager: Displayed baseline.appteam.nith.hillffair/.activities.EventActivity: +104ms
08-04 14:31:35.339 27726 27739 I art     : Explicit concurrent mark sweep GC freed 389(16KB) AllocSpace objects, 0(0B) LOS objects, 23% free, 52MB/68MB, paused 478us total 22.993ms
08-04 14:31:35.349 27726 27739 I art     : Starting a blocking GC Explicit
08-04 14:31:35.370 27726 27739 I art     : Explicit concurrent mark sweep GC freed 87(5KB) AllocSpace objects, 0(0B) LOS objects, 23% free, 52MB/68MB, paused 594us total 21.056ms
08-04 14:31:35.380 27726 27739 I art     : Starting a blocking GC Explicit
08-04 14:31:35.400 27726 27739 I art     : Explicit concurrent mark sweep GC freed 14(704B) AllocSpace objects, 0(0B) LOS objects, 23% free, 52MB/68MB, paused 452us total 19.215ms
08-04 14:31:35.408 27726 27739 I art     : Starting a blocking GC Explicit
08-04 14:31:35.428 27726 27739 I art     : Explicit concurrent mark sweep GC freed 3(96B) AllocSpace objects, 0(0B) LOS objects, 23% free, 52MB/68MB, paused 695us total 19.852ms
08-04 14:31:35.581   380   380 W SurfaceFlinger: couldn't log to binary event log: overflow.
08-04 14:31:35.684 27726 27763 I art     : Starting a blocking GC Explicit
08-04 14:31:35.705 27726 27763 I art     : Explicit concurrent mark sweep GC freed 1407(82KB) AllocSpace objects, 1(20KB) LOS objects, 23% free, 52MB/68MB, paused 531us total 20.143ms
08-04 14:31:35.713 27726 27763 I art     : Starting a blocking GC Explicit
08-04 14:31:35.733 27726 27763 I art     : Explicit concurrent mark sweep GC freed 37(1360B) AllocSpace objects, 0(0B) LOS objects, 23% free, 52MB/68MB, paused 483us total 19.350ms
08-04 14:31:35.741 27726 27763 I art     : Starting a blocking GC Explicit
08-04 14:31:35.759 27726 27763 I art     : Explicit concurrent mark sweep GC freed 10(352B) AllocSpace objects, 0(0B) LOS objects, 23% free, 52MB/68MB, paused 477us total 18.521ms
08-04 14:31:35.767 27726 27763 I art     : Starting a blocking GC Explicit
08-04 14:31:35.786 27726 27763 I art     : Explicit concurrent mark sweep GC freed 11(416B) AllocSpace objects, 0(0B) LOS objects, 23% free, 52MB/68MB, paused 478us total 18.700ms
08-04 14:31:35.794 27726 27763 I art     : Starting a blocking GC Explicit
08-04 14:31:35.813 27726 27763 I art     : Explicit concurrent mark sweep GC freed 10(352B) AllocSpace objects, 0(0B) LOS objects, 23% free, 52MB/68MB, paused 460us total 18.972ms
08-04 14:31:36.093 27726 27739 I art     : Starting a blocking GC Explicit
08-04 14:31:36.113 27726 27739 I art     : Explicit concurrent mark sweep GC freed 1399(80KB) AllocSpace objects, 1(20KB) LOS objects, 23% free, 52MB/68MB, paused 491us total 19.816ms
08-04 14:31:36.122 27726 27739 I art     : Starting a blocking GC Explicit
08-04 14:31:36.141 27726 27739 I art     : Explicit concurrent mark sweep GC freed 62(2112B) AllocSpace objects, 0(0B) LOS objects, 23% free, 52MB/68MB, paused 487us total 19.451ms
08-04 14:31:36.149 27726 27739 I art     : Starting a blocking GC Explicit
08-04 14:31:36.169 27726 27739 I art     : Explicit concurrent mark sweep GC freed 13(480B) AllocSpace objects, 0(0B) LOS objects, 23% free, 52MB/68MB, paused 467us total 19.364ms
08-04 14:31:36.177 27726 27739 I art     : Starting a blocking GC Explicit
08-04 14:31:36.198 27726 27739 I art     : Explicit concurrent mark sweep GC freed 2397(125KB) AllocSpace objects, 2(120KB) LOS objects, 23% free, 52MB/68MB, paused 804us total 20.708ms
08-04 14:31:36.205 27726 30723 D OkHttp  : --> GET https://api-hillfair-2k16.herokuapp.com/api/app/club http/1.1
08-04 14:31:36.206 27726 27739 I art     : Starting a blocking GC Explicit
08-04 14:31:36.226 27726 27739 I art     : Explicit concurrent mark sweep GC freed 1132(123KB) AllocSpace objects, 1(80KB) LOS objects, 23% free, 52MB/68MB, paused 503us total 19.804ms
08-04 14:31:36.235 27726 30723 D OkHttp  : <-- 200 OK https://api-hillfair-2k16.herokuapp.com/api/app/club (29ms, 1870-byte body)
08-04 14:31:36.250 27726 27726 I NAPPA_EXPERIMENTATION: MetricNetworkRequestExecutionTime: REQUEST_DURATION_SYSTEM='996',REQUEST_DURATION_OKHTTP='29',REQUEST_SYNCHRONOUS='FALSE',RESPONSE_CODE='200',RESPONSE_METHOD='GET',RESPONSE_LENGTH_OKHTTP='1870',RESPONSE_LENGTH_HEADER='1870',REQUEST_PROTOCOL='http/1.1',REQUEST_URL='https://api-hillfair-2k16.herokuapp.com/api/app/club',
08-04 14:31:36.488 27726 27738 I art     : Starting a blocking GC Explicit
08-04 14:31:36.512 27726 27738 I art     : Explicit concurrent mark sweep GC freed 4533(442KB) AllocSpace objects, 1(20KB) LOS objects, 23% free, 53MB/69MB, paused 602us total 24.076ms
08-04 14:31:36.521 27726 27738 I art     : Starting a blocking GC Explicit
08-04 14:31:36.544 27726 27738 I art     : Explicit concurrent mark sweep GC freed 284(10KB) AllocSpace objects, 0(0B) LOS objects, 23% free, 53MB/69MB, paused 613us total 22.489ms
08-04 14:31:36.553 27726 27738 I art     : Starting a blocking GC Explicit
08-04 14:31:36.576 27726 27738 I art     : Explicit concurrent mark sweep GC freed 3(96B) AllocSpace objects, 0(0B) LOS objects, 23% free, 53MB/69MB, paused 609us total 22.917ms
08-04 14:31:36.576 27726 27737 I art     : WaitForGcToComplete blocked for 16.858ms for cause HeapTrim
08-04 14:31:36.584 27726 27738 I art     : Starting a blocking GC Explicit
08-04 14:31:36.608 27726 27738 I art     : Explicit concurrent mark sweep GC freed 3(96B) AllocSpace objects, 0(0B) LOS objects, 23% free, 53MB/69MB, paused 647us total 22.940ms
08-04 14:31:36.616 27726 27738 I art     : Starting a blocking GC Explicit
08-04 14:31:36.639 27726 27738 I art     : Explicit concurrent mark sweep GC freed 3(96B) AllocSpace objects, 0(0B) LOS objects, 23% free, 53MB/69MB, paused 636us total 22.751ms
08-04 14:31:36.933 27726 28206 I art     : Starting a blocking GC Explicit
08-04 14:31:36.966 27726 28206 I art     : Explicit concurrent mark sweep GC freed 1344(78KB) AllocSpace objects, 1(20KB) LOS objects, 23% free, 53MB/69MB, paused 700us total 33.064ms
08-04 14:31:36.980 27726 28206 I art     : Starting a blocking GC Explicit
08-04 14:31:37.003 27726 28206 I art     : Explicit concurrent mark sweep GC freed 1814(79KB) AllocSpace objects, 0(0B) LOS objects, 23% free, 53MB/69MB, paused 1.160ms total 23.666ms
08-04 14:31:37.013 27726 28206 I art     : Starting a blocking GC Explicit
08-04 14:31:37.034 27726 28206 I art     : Explicit concurrent mark sweep GC freed 5459(209KB) AllocSpace objects, 0(0B) LOS objects, 23% free, 53MB/69MB, paused 631us total 21.016ms
08-04 14:31:37.042 27726 28206 I art     : Starting a blocking GC Explicit
08-04 14:31:37.065 27726 28206 I art     : Explicit concurrent mark sweep GC freed 383(13KB) AllocSpace objects, 0(0B) LOS objects, 23% free, 53MB/69MB, paused 606us total 22.342ms
08-04 14:31:37.074 27726 28206 I art     : Starting a blocking GC Explicit
08-04 14:31:37.098 27726 28206 I art     : Explicit concurrent mark sweep GC freed 160(24KB) AllocSpace objects, 0(0B) LOS objects, 23% free, 53MB/69MB, paused 600us total 22.691ms
08-04 14:31:37.409 27726 28206 I art     : Starting a blocking GC Explicit
08-04 14:31:37.443 27726 28206 I art     : Explicit concurrent mark sweep GC freed 1907(233KB) AllocSpace objects, 1(20KB) LOS objects, 23% free, 53MB/69MB, paused 558us total 33.548ms
08-04 14:31:37.455 27726 28206 I art     : Starting a blocking GC Explicit
08-04 14:31:37.479 27726 28206 I art     : Explicit concurrent mark sweep GC freed 56(1856B) AllocSpace objects, 0(0B) LOS objects, 23% free, 53MB/69MB, paused 532us total 23.514ms
08-04 14:31:37.488 27726 28206 I art     : Starting a blocking GC Explicit
08-04 14:31:37.512 27726 28206 I art     : Explicit concurrent mark sweep GC freed 3(96B) AllocSpace objects, 0(0B) LOS objects, 23% free, 53MB/69MB, paused 502us total 23.297ms
08-04 14:31:37.521 27726 28206 I art     : Starting a blocking GC Explicit
08-04 14:31:37.544 27726 28206 I art     : Explicit concurrent mark sweep GC freed 3(96B) AllocSpace objects, 0(0B) LOS objects, 23% free, 53MB/69MB, paused 518us total 23.225ms
08-04 14:31:37.553 27726 28206 I art     : Starting a blocking GC Explicit
08-04 14:31:37.577 27726 28206 I art     : Explicit concurrent mark sweep GC freed 3(96B) AllocSpace objects, 0(0B) LOS objects, 23% free, 53MB/69MB, paused 587us total 23.839ms
08-04 14:31:37.896 27726 27763 I art     : Starting a blocking GC Explicit
08-04 14:31:37.926 27726 27763 I art     : Explicit concurrent mark sweep GC freed 1344(78KB) AllocSpace objects, 1(20KB) LOS objects, 23% free, 53MB/69MB, paused 557us total 29.037ms
08-04 14:31:37.938 27726 27763 I art     : Starting a blocking GC Explicit
08-04 14:31:37.962 27726 27763 I art     : Explicit concurrent mark sweep GC freed 20(704B) AllocSpace objects, 0(0B) LOS objects, 23% free, 53MB/69MB, paused 545us total 23.463ms
08-04 14:31:37.971 27726 27763 I art     : Starting a blocking GC Explicit
08-04 14:31:37.995 27726 27763 I art     : Explicit concurrent mark sweep GC freed 3(96B) AllocSpace objects, 0(0B) LOS objects, 23% free, 53MB/69MB, paused 529us total 23.604ms
08-04 14:31:38.004 27726 27763 I art     : Starting a blocking GC Explicit
08-04 14:31:38.028 27726 27763 I art     : Explicit concurrent mark sweep GC freed 3(96B) AllocSpace objects, 0(0B) LOS objects, 23% free, 53MB/69MB, paused 540us total 23.346ms
08-04 14:31:38.037 27726 27763 I art     : Starting a blocking GC Explicit
08-04 14:31:38.060 27726 27763 I art     : Explicit concurrent mark sweep GC freed 3(96B) AllocSpace objects, 0(0B) LOS objects, 23% free, 53MB/69MB, paused 517us total 23.437ms
08-04 14:31:38.389 27726 27739 I art     : Starting a blocking GC Explicit
08-04 14:31:38.422 27726 27739 I art     : Explicit concurrent mark sweep GC freed 1344(78KB) AllocSpace objects, 1(20KB) LOS objects, 23% free, 53MB/69MB, paused 566us total 32.132ms
08-04 14:31:38.434 27726 27739 I art     : Starting a blocking GC Explicit
08-04 14:31:38.459 27726 27739 I art     : Explicit concurrent mark sweep GC freed 20(704B) AllocSpace objects, 0(0B) LOS objects, 23% free, 53MB/69MB, paused 513us total 24.579ms
08-04 14:31:38.468 27726 27739 I art     : Starting a blocking GC Explicit
08-04 14:31:38.492 27726 27739 I art     : Explicit concurrent mark sweep GC freed 3(96B) AllocSpace objects, 0(0B) LOS objects, 23% free, 53MB/69MB, paused 532us total 23.637ms
08-04 14:31:38.501 27726 27739 I art     : Starting a blocking GC Explicit
08-04 14:31:38.525 27726 27739 I art     : Explicit concurrent mark sweep GC freed 3(96B) AllocSpace objects, 0(0B) LOS objects, 23% free, 53MB/69MB, paused 523us total 23.847ms
08-04 14:31:38.535 27726 27739 I art     : Starting a blocking GC Explicit
08-04 14:31:38.558 27726 27739 I art     : Explicit concurrent mark sweep GC freed 3(96B) AllocSpace objects, 0(0B) LOS objects, 23% free, 53MB/69MB, paused 536us total 23.303ms
08-04 14:31:38.869 27726 27738 I art     : Starting a blocking GC Explicit
08-04 14:31:38.900 27726 27738 I art     : Explicit concurrent mark sweep GC freed 1344(78KB) AllocSpace objects, 1(20KB) LOS objects, 23% free, 53MB/69MB, paused 572us total 29.775ms
08-04 14:31:38.912 27726 27738 I art     : Starting a blocking GC Explicit
08-04 14:31:38.935 27726 27738 I art     : Explicit concurrent mark sweep GC freed 20(704B) AllocSpace objects, 0(0B) LOS objects, 23% free, 53MB/69MB, paused 469us total 22.947ms
08-04 14:31:38.944 27726 27738 I art     : Starting a blocking GC Explicit
08-04 14:31:38.967 27726 27738 I art     : Explicit concurrent mark sweep GC freed 3(96B) AllocSpace objects, 0(0B) LOS objects, 23% free, 53MB/69MB, paused 551us total 23.089ms
08-04 14:31:38.976 27726 27738 I art     : Starting a blocking GC Explicit
08-04 14:31:39.000 27726 27738 I art     : Explicit concurrent mark sweep GC freed 3(96B) AllocSpace objects, 0(0B) LOS objects, 23% free, 53MB/69MB, paused 530us total 23.570ms
08-04 14:31:39.009 27726 27738 I art     : Starting a blocking GC Explicit
08-04 14:31:39.032 27726 27738 I art     : Explicit concurrent mark sweep GC freed 3(96B) AllocSpace objects, 0(0B) LOS objects, 23% free, 53MB/69MB, paused 513us total 23.070ms
08-04 14:31:39.343 27726 28206 I art     : Starting a blocking GC Explicit
08-04 14:31:39.372 27726 28206 I art     : Explicit concurrent mark sweep GC freed 1344(78KB) AllocSpace objects, 1(20KB) LOS objects, 23% free, 53MB/69MB, paused 563us total 28.887ms
08-04 14:31:39.383 27726 28206 I art     : Starting a blocking GC Explicit
08-04 14:31:39.408 27726 28206 I art     : Explicit concurrent mark sweep GC freed 20(704B) AllocSpace objects, 0(0B) LOS objects, 23% free, 53MB/69MB, paused 566us total 24.134ms
08-04 14:31:39.417 27726 28206 I art     : Starting a blocking GC Explicit
08-04 14:31:39.440 27726 28206 I art     : Explicit concurrent mark sweep GC freed 3(96B) AllocSpace objects, 0(0B) LOS objects, 23% free, 53MB/69MB, paused 498us total 22.632ms
08-04 14:31:39.446   918  3188 I hubconnection: sensorhub said: 'set_bias 3: -5.7504, 0.0000, 0.0000'
08-04 14:31:39.449 27726 28206 I art     : Starting a blocking GC Explicit
08-04 14:31:39.472 27726 28206 I art     : Explicit concurrent mark sweep GC freed 3(96B) AllocSpace objects, 0(0B) LOS objects, 23% free, 53MB/69MB, paused 503us total 23.337ms
08-04 14:31:39.481 27726 28206 I art     : Starting a blocking GC Explicit
08-04 14:31:39.504 27726 28206 I art     : Explicit concurrent mark sweep GC freed 3(96B) AllocSpace objects, 0(0B) LOS objects, 23% free, 53MB/69MB, paused 518us total 22.730ms
08-04 14:31:39.811 27726 27763 I art     : Starting a blocking GC Explicit
08-04 14:31:39.838 27726 27763 I art     : Explicit concurrent mark sweep GC freed 1365(79KB) AllocSpace objects, 1(20KB) LOS objects, 23% free, 53MB/69MB, paused 552us total 26.955ms
08-04 14:31:39.851 27726 27763 I art     : Starting a blocking GC Explicit
08-04 14:31:39.875 27726 27763 I art     : Explicit concurrent mark sweep GC freed 36(1216B) AllocSpace objects, 0(0B) LOS objects, 23% free, 53MB/69MB, paused 502us total 24.213ms
08-04 14:31:39.885 27726 27763 I art     : Starting a blocking GC Explicit
08-04 14:31:39.908 27726 27763 I art     : Explicit concurrent mark sweep GC freed 3(96B) AllocSpace objects, 0(0B) LOS objects, 23% free, 53MB/69MB, paused 494us total 23.400ms
08-04 14:31:39.917 27726 27763 I art     : Starting a blocking GC Explicit
08-04 14:31:39.941 27726 27763 I art     : Explicit concurrent mark sweep GC freed 3(96B) AllocSpace objects, 0(0B) LOS objects, 23% free, 53MB/69MB, paused 518us total 23.274ms
08-04 14:31:39.950 27726 27763 I art     : Starting a blocking GC Explicit
08-04 14:31:39.974 27726 27763 I art     : Explicit concurrent mark sweep GC freed 3(96B) AllocSpace objects, 0(0B) LOS objects, 23% free, 53MB/69MB, paused 502us total 23.352ms
08-04 14:31:40.288 27726 27739 I art     : Starting a blocking GC Explicit
08-04 14:31:40.319 27726 27739 I art     : Explicit concurrent mark sweep GC freed 1344(78KB) AllocSpace objects, 1(20KB) LOS objects, 23% free, 53MB/69MB, paused 592us total 30.056ms
08-04 14:31:40.330 27726 27739 I art     : Starting a blocking GC Explicit
08-04 14:31:40.354 27726 27739 I art     : Explicit concurrent mark sweep GC freed 20(704B) AllocSpace objects, 0(0B) LOS objects, 23% free, 53MB/69MB, paused 511us total 23.707ms
08-04 14:31:40.363 27726 27739 I art     : Starting a blocking GC Explicit
08-04 14:31:40.387 27726 27739 I art     : Explicit concurrent mark sweep GC freed 3(96B) AllocSpace objects, 0(0B) LOS objects, 23% free, 53MB/69MB, paused 595us total 23.757ms
08-04 14:31:40.396 27726 27739 I art     : Starting a blocking GC Explicit
08-04 14:31:40.419 27726 27739 I art     : Explicit concurrent mark sweep GC freed 3(96B) AllocSpace objects, 0(0B) LOS objects, 23% free, 53MB/69MB, paused 500us total 22.837ms
08-04 14:31:40.429 27726 27739 I art     : Starting a blocking GC Explicit
08-04 14:31:40.452 27726 27739 I art     : Explicit concurrent mark sweep GC freed 3(96B) AllocSpace objects, 0(0B) LOS objects, 23% free, 53MB/69MB, paused 504us total 23.082ms
08-04 14:31:40.796 27726 27738 I art     : Starting a blocking GC Explicit
08-04 14:31:40.826 27726 27738 I art     : Explicit concurrent mark sweep GC freed 1344(78KB) AllocSpace objects, 1(20KB) LOS objects, 23% free, 53MB/69MB, paused 521us total 29.725ms
08-04 14:31:40.839 27726 27738 I art     : Starting a blocking GC Explicit
08-04 14:31:40.863 27726 27738 I art     : Explicit concurrent mark sweep GC freed 20(704B) AllocSpace objects, 0(0B) LOS objects, 23% free, 53MB/69MB, paused 516us total 23.196ms
08-04 14:31:40.872 27726 27738 I art     : Starting a blocking GC Explicit
08-04 14:31:40.894 27726 27738 I art     : Explicit concurrent mark sweep GC freed 3(96B) AllocSpace objects, 0(0B) LOS objects, 23% free, 53MB/69MB, paused 519us total 22.511ms
08-04 14:31:40.904 27726 27738 I art     : Starting a blocking GC Explicit
08-04 14:31:40.928 27726 27738 I art     : Explicit concurrent mark sweep GC freed 3(96B) AllocSpace objects, 0(0B) LOS objects, 23% free, 53MB/69MB, paused 521us total 23.998ms
08-04 14:31:40.937 27726 27738 I art     : Starting a blocking GC Explicit
08-04 14:31:40.961 27726 27738 I art     : Explicit concurrent mark sweep GC freed 3(96B) AllocSpace objects, 0(0B) LOS objects, 23% free, 53MB/69MB, paused 508us total 23.263ms
08-04 14:31:41.276 27726 28206 I art     : Starting a blocking GC Explicit
08-04 14:31:41.306 27726 28206 I art     : Explicit concurrent mark sweep GC freed 1344(78KB) AllocSpace objects, 1(20KB) LOS objects, 23% free, 53MB/69MB, paused 675us total 29.337ms
08-04 14:31:41.317 27726 28206 I art     : Starting a blocking GC Explicit
08-04 14:31:41.341 27726 28206 I art     : Explicit concurrent mark sweep GC freed 20(704B) AllocSpace objects, 0(0B) LOS objects, 23% free, 53MB/69MB, paused 496us total 23.487ms
08-04 14:31:41.350 27726 28206 I art     : Starting a blocking GC Explicit
08-04 14:31:41.374 27726 28206 I art     : Explicit concurrent mark sweep GC freed 3(96B) AllocSpace objects, 0(0B) LOS objects, 23% free, 53MB/69MB, paused 481us total 23.650ms
08-04 14:31:41.383 27726 28206 I art     : Starting a blocking GC Explicit
08-04 14:31:41.407 27726 28206 I art     : Explicit concurrent mark sweep GC freed 3(96B) AllocSpace objects, 0(0B) LOS objects, 23% free, 53MB/69MB, paused 628us total 23.625ms
08-04 14:31:41.416 27726 28206 I art     : Starting a blocking GC Explicit
08-04 14:31:41.440 27726 28206 I art     : Explicit concurrent mark sweep GC freed 3(96B) AllocSpace objects, 0(0B) LOS objects, 23% free, 53MB/69MB, paused 499us total 23.936ms
08-04 14:31:41.771 27726 27763 I art     : Starting a blocking GC Explicit
08-04 14:31:41.801 27726 27763 I art     : Explicit concurrent mark sweep GC freed 1344(78KB) AllocSpace objects, 1(20KB) LOS objects, 23% free, 53MB/69MB, paused 545us total 29.818ms
08-04 14:31:41.814 27726 27763 I art     : Starting a blocking GC Explicit
08-04 14:31:41.838 27726 27763 I art     : Explicit concurrent mark sweep GC freed 20(704B) AllocSpace objects, 0(0B) LOS objects, 23% free, 53MB/69MB, paused 507us total 23.827ms
08-04 14:31:41.848 27726 27763 I art     : Starting a blocking GC Explicit
08-04 14:31:41.871 27726 27763 I art     : Explicit concurrent mark sweep GC freed 3(96B) AllocSpace objects, 0(0B) LOS objects, 23% free, 53MB/69MB, paused 493us total 23.309ms
08-04 14:31:41.880 27726 27763 I art     : Starting a blocking GC Explicit
08-04 14:31:41.905 27726 27763 I art     : Explicit concurrent mark sweep GC freed 3(96B) AllocSpace objects, 0(0B) LOS objects, 23% free, 53MB/69MB, paused 523us total 23.942ms
08-04 14:31:41.914 27726 27763 I art     : Starting a blocking GC Explicit
08-04 14:31:41.938 27726 27763 I art     : Explicit concurrent mark sweep GC freed 3(96B) AllocSpace objects, 0(0B) LOS objects, 23% free, 53MB/69MB, paused 521us total 23.889ms
08-04 14:31:42.265 27726 27739 I art     : Starting a blocking GC Explicit
08-04 14:31:42.299 27726 27739 I art     : Explicit concurrent mark sweep GC freed 1344(78KB) AllocSpace objects, 1(20KB) LOS objects, 23% free, 53MB/69MB, paused 558us total 33.956ms
08-04 14:31:42.312 27726 27739 I art     : Starting a blocking GC Explicit
08-04 14:31:42.336 27726 27739 I art     : Explicit concurrent mark sweep GC freed 20(704B) AllocSpace objects, 0(0B) LOS objects, 23% free, 53MB/69MB, paused 509us total 23.810ms
08-04 14:31:42.345 27726 27739 I art     : Starting a blocking GC Explicit
08-04 14:31:42.368 27726 27739 I art     : Explicit concurrent mark sweep GC freed 3(96B) AllocSpace objects, 0(0B) LOS objects, 23% free, 53MB/69MB, paused 502us total 23.096ms
08-04 14:31:42.377 27726 27739 I art     : Starting a blocking GC Explicit
08-04 14:31:42.401 27726 27739 I art     : Explicit concurrent mark sweep GC freed 3(96B) AllocSpace objects, 0(0B) LOS objects, 23% free, 53MB/69MB, paused 507us total 23.880ms
08-04 14:31:42.411 27726 27739 I art     : Starting a blocking GC Explicit
08-04 14:31:42.434 27726 27739 I art     : Explicit concurrent mark sweep GC freed 3(96B) AllocSpace objects, 0(0B) LOS objects, 23% free, 53MB/69MB, paused 518us total 23.528ms
08-04 14:31:42.772 27726 27738 I art     : Starting a blocking GC Explicit
08-04 14:31:42.807 27726 27738 I art     : Explicit concurrent mark sweep GC freed 1344(78KB) AllocSpace objects, 1(20KB) LOS objects, 23% free, 53MB/69MB, paused 549us total 35.080ms
08-04 14:31:42.820 27726 27738 I art     : Starting a blocking GC Explicit
08-04 14:31:42.845 27726 27738 I art     : Explicit concurrent mark sweep GC freed 20(704B) AllocSpace objects, 0(0B) LOS objects, 23% free, 53MB/69MB, paused 500us total 24.772ms
08-04 14:31:42.854 27726 27738 I art     : Starting a blocking GC Explicit
08-04 14:31:42.878 27726 27738 I art     : Explicit concurrent mark sweep GC freed 3(96B) AllocSpace objects, 0(0B) LOS objects, 23% free, 53MB/69MB, paused 478us total 23.911ms
08-04 14:31:42.888 27726 27738 I art     : Starting a blocking GC Explicit
08-04 14:31:42.912 27726 27738 I art     : Explicit concurrent mark sweep GC freed 3(96B) AllocSpace objects, 0(0B) LOS objects, 23% free, 53MB/69MB, paused 515us total 23.855ms
08-04 14:31:42.921 27726 27738 I art     : Starting a blocking GC Explicit
08-04 14:31:42.944 27726 27738 I art     : Explicit concurrent mark sweep GC freed 3(96B) AllocSpace objects, 0(0B) LOS objects, 23% free, 53MB/69MB, paused 487us total 23.220ms
08-04 14:31:43.252 27726 28206 I art     : Starting a blocking GC Explicit
08-04 14:31:43.282 27726 28206 I art     : Explicit concurrent mark sweep GC freed 1344(78KB) AllocSpace objects, 1(20KB) LOS objects, 23% free, 53MB/69MB, paused 551us total 29.492ms
08-04 14:31:43.295 27726 28206 I art     : Starting a blocking GC Explicit
08-04 14:31:43.319 27726 28206 I art     : Explicit concurrent mark sweep GC freed 20(704B) AllocSpace objects, 0(0B) LOS objects, 23% free, 53MB/69MB, paused 494us total 23.628ms
08-04 14:31:43.328 27726 28206 I art     : Starting a blocking GC Explicit
08-04 14:31:43.350 27726 28206 I art     : Explicit concurrent mark sweep GC freed 3(96B) AllocSpace objects, 0(0B) LOS objects, 23% free, 53MB/69MB, paused 511us total 22.380ms
08-04 14:31:43.360 27726 28206 I art     : Starting a blocking GC Explicit
08-04 14:31:43.384 27726 28206 I art     : Explicit concurrent mark sweep GC freed 3(96B) AllocSpace objects, 0(0B) LOS objects, 23% free, 53MB/69MB, paused 491us total 23.737ms
08-04 14:31:43.393 27726 28206 I art     : Starting a blocking GC Explicit
08-04 14:31:43.412   918  3261 D WifiStateMachine: starting scan for "H369AA63323"WPA_PSK with 2412,5180
08-04 14:31:43.416 27726 28206 I art     : Explicit concurrent mark sweep GC freed 3(96B) AllocSpace objects, 0(0B) LOS objects, 23% free, 53MB/69MB, paused 500us total 22.846ms
08-04 14:31:43.676 27726 27763 I art     : Starting a blocking GC Explicit
08-04 14:31:43.699 27726 27763 I art     : Explicit concurrent mark sweep GC freed 1344(78KB) AllocSpace objects, 1(20KB) LOS objects, 23% free, 53MB/69MB, paused 523us total 22.396ms
08-04 14:31:43.708 27726 27763 I art     : Starting a blocking GC Explicit
08-04 14:31:43.731 27726 27763 I art     : Explicit concurrent mark sweep GC freed 20(704B) AllocSpace objects, 0(0B) LOS objects, 23% free, 53MB/69MB, paused 503us total 22.343ms
08-04 14:31:43.739 27726 27763 I art     : Starting a blocking GC Explicit
08-04 14:31:43.761 27726 27763 I art     : Explicit concurrent mark sweep GC freed 3(96B) AllocSpace objects, 0(0B) LOS objects, 23% free, 53MB/69MB, paused 524us total 21.527ms
08-04 14:31:43.770 27726 27763 I art     : Starting a blocking GC Explicit
08-04 14:31:43.792 27726 27763 I art     : Explicit concurrent mark sweep GC freed 3(96B) AllocSpace objects, 0(0B) LOS objects, 23% free, 53MB/69MB, paused 486us total 22.011ms
08-04 14:31:43.801 27726 27763 I art     : Starting a blocking GC Explicit
08-04 14:31:43.823 27726 27763 I art     : Explicit concurrent mark sweep GC freed 3(96B) AllocSpace objects, 0(0B) LOS objects, 23% free, 53MB/69MB, paused 510us total 22.313ms
08-04 14:31:43.934 30904 30904 D AndroidRuntime: >>>>>> START com.android.internal.os.RuntimeInit uid 2000 <<<<<<
08-04 14:31:43.941 30904 30904 D AndroidRuntime: CheckJNI is OFF
08-04 14:31:43.981 30904 30904 D ICU     : No timezone override file found: /data/misc/zoneinfo/current/icu/icu_tzdata.dat
08-04 14:31:44.013 30904 30904 I Radio-JNI: register_android_hardware_Radio DONE
08-04 14:31:44.035 30904 30904 D AndroidRuntime: Calling main entry com.android.commands.input.Input
08-04 14:31:44.037 30904 30904 I Input   : injectMotionEvent: MotionEvent { action=ACTION_DOWN, actionButton=0, id[0]=0, x[0]=369.0, y[0]=554.0, toolType[0]=TOOL_TYPE_UNKNOWN, buttonState=0, metaState=0, flags=0x0, edgeFlags=0x0, pointerCount=1, historySize=0, eventTime=714720450, downTime=714720450, deviceId=0, source=0x1002 }
08-04 14:31:44.043 30904 30904 I Input   : injectMotionEvent: MotionEvent { action=ACTION_UP, actionButton=0, id[0]=0, x[0]=369.0, y[0]=554.0, toolType[0]=TOOL_TYPE_UNKNOWN, buttonState=0, metaState=0, flags=0x0, edgeFlags=0x0, pointerCount=1, historySize=0, eventTime=714720450, downTime=714720450, deviceId=0, source=0x1002 }
08-04 14:31:44.045   918  5952 I ActivityManager: START u0 {cmp=baseline.appteam.nith.hillffair/.activities.ClubActivity (has extras)} from uid 10651 on display 0
08-04 14:31:44.051 30904 30904 D AndroidRuntime: Shutting down VM
08-04 14:31:44.121 27726 28206 I art     : Starting a blocking GC Explicit
08-04 14:31:44.144 27726 28206 I art     : Explicit concurrent mark sweep GC freed 5063(304KB) AllocSpace objects, 1(20KB) LOS objects, 22% free, 53MB/69MB, paused 745us total 22.840ms
08-04 14:31:44.150   918   936 I ActivityManager: Displayed baseline.appteam.nith.hillffair/.activities.ClubActivity: +98ms
08-04 14:31:44.150 13866 13866 I GoogleInputMethodServic: GoogleInputMethodService.onFinishInput():3138 
08-04 14:31:44.151 13866 13866 I GoogleInputMethodServic: GoogleInputMethodService.onStartInput():1808 
08-04 14:31:44.155 27726 28206 I art     : Starting a blocking GC Explicit
08-04 14:31:44.179 27726 28206 I art     : Explicit concurrent mark sweep GC freed 325(17KB) AllocSpace objects, 0(0B) LOS objects, 23% free, 53MB/69MB, paused 659us total 23.778ms
08-04 14:31:44.191 27726 28206 I art     : Starting a blocking GC Explicit
08-04 14:31:44.212 27726 28206 I art     : Explicit concurrent mark sweep GC freed 20(912B) AllocSpace objects, 0(0B) LOS objects, 23% free, 53MB/69MB, paused 497us total 20.310ms
08-04 14:31:44.220 27726 28206 I art     : Starting a blocking GC Explicit
08-04 14:31:44.241 27726 28206 I art     : Explicit concurrent mark sweep GC freed 3(96B) AllocSpace objects, 0(0B) LOS objects, 23% free, 53MB/69MB, paused 613us total 21.295ms
08-04 14:31:44.250 27726 28206 I art     : Starting a blocking GC Explicit
08-04 14:31:44.273 27726 28206 I art     : Explicit concurrent mark sweep GC freed 3(96B) AllocSpace objects, 0(0B) LOS objects, 23% free, 53MB/69MB, paused 615us total 22.556ms
08-04 14:31:44.411   380   380 W SurfaceFlinger: couldn't log to binary event log: overflow.
08-04 14:31:44.526 27726 28206 I art     : Starting a blocking GC Explicit
08-04 14:31:44.552 27726 28206 I art     : Explicit concurrent mark sweep GC freed 1437(83KB) AllocSpace objects, 1(20KB) LOS objects, 23% free, 53MB/69MB, paused 836us total 25.537ms
08-04 14:31:44.561 27726 28206 I art     : Starting a blocking GC Explicit
08-04 14:31:44.585 27726 28206 I art     : Explicit concurrent mark sweep GC freed 43(2000B) AllocSpace objects, 0(0B) LOS objects, 23% free, 53MB/69MB, paused 507us total 23.069ms
08-04 14:31:44.593 27726 28206 I art     : Starting a blocking GC Explicit
08-04 14:31:44.615 27726 28206 I art     : Explicit concurrent mark sweep GC freed 13(480B) AllocSpace objects, 0(0B) LOS objects, 23% free, 53MB/69MB, paused 540us total 21.729ms
08-04 14:31:44.624 27726 28206 I art     : Starting a blocking GC Explicit
08-04 14:31:44.646 27726 28206 I art     : Explicit concurrent mark sweep GC freed 13(480B) AllocSpace objects, 0(0B) LOS objects, 23% free, 53MB/69MB, paused 500us total 21.546ms
08-04 14:31:44.655 27726 28206 I art     : Starting a blocking GC Explicit
08-04 14:31:44.678 27726 28206 I art     : Explicit concurrent mark sweep GC freed 13(480B) AllocSpace objects, 0(0B) LOS objects, 23% free, 53MB/69MB, paused 522us total 22.765ms
08-04 14:31:44.913 27726 30937 D OkHttp  : --> GET https://api-hillfair-2k16.herokuapp.com/api/app/club/PR%20Club http/1.1
08-04 14:31:44.946 27726 30937 D OkHttp  : <-- 200 OK https://api-hillfair-2k16.herokuapp.com/api/app/club/PR%20Club (32ms, 979-byte body)
08-04 14:31:44.956 27726 27739 I art     : Starting a blocking GC Explicit
08-04 14:31:44.983 27726 27739 I art     : Explicit concurrent mark sweep GC freed 4205(250KB) AllocSpace objects, 4(220KB) LOS objects, 22% free, 53MB/69MB, paused 592us total 26.284ms
08-04 14:31:44.992 27726 27739 I art     : Starting a blocking GC Explicit
08-04 14:31:44.995 27726 27726 I NAPPA_EXPERIMENTATION: MetricNetworkRequestExecutionTime: REQUEST_DURATION_SYSTEM='912',REQUEST_DURATION_OKHTTP='33',REQUEST_SYNCHRONOUS='FALSE',RESPONSE_CODE='200',RESPONSE_METHOD='GET',RESPONSE_LENGTH_OKHTTP='979',RESPONSE_LENGTH_HEADER='979',REQUEST_PROTOCOL='http/1.1',REQUEST_URL='https://api-hillfair-2k16.herokuapp.com/api/app/club/PR%20Club',
08-04 14:31:45.017 27726 27739 I art     : Explicit concurrent mark sweep GC freed 1579(210KB) AllocSpace objects, 0(0B) LOS objects, 22% free, 53MB/69MB, paused 654us total 23.865ms
08-04 14:31:45.026 27726 27739 I art     : Starting a blocking GC Explicit
08-04 14:31:45.047 27726 27739 I art     : Explicit concurrent mark sweep GC freed 95(7KB) AllocSpace objects, 0(0B) LOS objects, 22% free, 53MB/69MB, paused 478us total 21.308ms
08-04 14:31:45.057 27726 27739 I art     : Starting a blocking GC Explicit
08-04 14:31:45.078 27726 27739 I art     : Explicit concurrent mark sweep GC freed 5(160B) AllocSpace objects, 0(0B) LOS objects, 22% free, 53MB/69MB, paused 461us total 21.227ms
08-04 14:31:45.086 27726 27739 I art     : Starting a blocking GC Explicit
08-04 14:31:45.108 27726 27739 I art     : Explicit concurrent mark sweep GC freed 3(96B) AllocSpace objects, 0(0B) LOS objects, 22% free, 53MB/69MB, paused 490us total 21.442ms
08-04 14:31:45.391 27726 28206 I art     : Starting a blocking GC Explicit
08-04 14:31:45.414 27726 28206 I art     : Explicit concurrent mark sweep GC freed 1344(78KB) AllocSpace objects, 1(20KB) LOS objects, 22% free, 53MB/69MB, paused 513us total 23.020ms
08-04 14:31:45.423 27726 28206 I art     : Starting a blocking GC Explicit
08-04 14:31:45.447 27726 28206 I art     : Explicit concurrent mark sweep GC freed 36(1264B) AllocSpace objects, 0(0B) LOS objects, 22% free, 53MB/69MB, paused 559us total 24.089ms
08-04 14:31:45.456 27726 28206 I art     : Starting a blocking GC Explicit
08-04 14:31:45.480 27726 28206 I art     : Explicit concurrent mark sweep GC freed 3(96B) AllocSpace objects, 0(0B) LOS objects, 22% free, 53MB/69MB, paused 518us total 23.740ms
08-04 14:31:45.489 27726 28206 I art     : Starting a blocking GC Explicit
08-04 14:31:45.514 27726 28206 I art     : Explicit concurrent mark sweep GC freed 3(96B) AllocSpace objects, 0(0B) LOS objects, 22% free, 53MB/69MB, paused 512us total 24.100ms
08-04 14:31:45.523 27726 28206 I art     : Starting a blocking GC Explicit
08-04 14:31:45.547 27726 28206 I art     : Explicit concurrent mark sweep GC freed 3(96B) AllocSpace objects, 0(0B) LOS objects, 22% free, 53MB/69MB, paused 544us total 24.220ms
08-04 14:31:45.837 27726 27738 I art     : Starting a blocking GC Explicit
08-04 14:31:45.874 27726 27738 I art     : Explicit concurrent mark sweep GC freed 1344(78KB) AllocSpace objects, 1(20KB) LOS objects, 22% free, 53MB/69MB, paused 566us total 36.612ms
08-04 14:31:45.888 27726 27738 I art     : Starting a blocking GC Explicit
08-04 14:31:45.912 27726 27738 I art     : Explicit concurrent mark sweep GC freed 20(704B) AllocSpace objects, 0(0B) LOS objects, 22% free, 53MB/69MB, paused 521us total 23.913ms
08-04 14:31:45.921 27726 27738 I art     : Starting a blocking GC Explicit
08-04 14:31:45.945 27726 27738 I art     : Explicit concurrent mark sweep GC freed 3(96B) AllocSpace objects, 0(0B) LOS objects, 22% free, 53MB/69MB, paused 526us total 23.566ms
08-04 14:31:45.954 27726 27738 I art     : Starting a blocking GC Explicit
08-04 14:31:45.980 27726 27738 I art     : Explicit concurrent mark sweep GC freed 3(96B) AllocSpace objects, 0(0B) LOS objects, 22% free, 53MB/69MB, paused 587us total 24.910ms
08-04 14:31:45.989 27726 27738 I art     : Starting a blocking GC Explicit
08-04 14:31:46.014 27726 27738 I art     : Explicit concurrent mark sweep GC freed 3(96B) AllocSpace objects, 0(0B) LOS objects, 22% free, 53MB/69MB, paused 506us total 24.519ms
08-04 14:31:46.333 27726 27739 I art     : Starting a blocking GC Explicit
08-04 14:31:46.364 27726 27739 I art     : Explicit concurrent mark sweep GC freed 1344(78KB) AllocSpace objects, 1(20KB) LOS objects, 22% free, 53MB/69MB, paused 569us total 30.976ms
08-04 14:31:46.377 27726 27739 I art     : Starting a blocking GC Explicit
08-04 14:31:46.407 27726 27739 I art     : Explicit concurrent mark sweep GC freed 20(704B) AllocSpace objects, 0(0B) LOS objects, 22% free, 53MB/69MB, paused 654us total 29.820ms
08-04 14:31:46.418 27726 27739 I art     : Starting a blocking GC Explicit
08-04 14:31:46.444 27726 27739 I art     : Explicit concurrent mark sweep GC freed 3(96B) AllocSpace objects, 0(0B) LOS objects, 22% free, 53MB/69MB, paused 528us total 24.833ms
08-04 14:31:46.453 27726 27739 I art     : Starting a blocking GC Explicit
08-04 14:31:46.478 27726 27739 I art     : Explicit concurrent mark sweep GC freed 3(96B) AllocSpace objects, 0(0B) LOS objects, 22% free, 53MB/69MB, paused 531us total 24.395ms
08-04 14:31:46.487 27726 27739 I art     : Starting a blocking GC Explicit
08-04 14:31:46.512 27726 27739 I art     : Explicit concurrent mark sweep GC freed 3(96B) AllocSpace objects, 0(0B) LOS objects, 22% free, 53MB/69MB, paused 522us total 24.907ms
08-04 14:31:46.830 27726 27763 I art     : Starting a blocking GC Explicit
08-04 14:31:46.867 27726 27763 I art     : Explicit concurrent mark sweep GC freed 1344(78KB) AllocSpace objects, 1(20KB) LOS objects, 22% free, 53MB/69MB, paused 545us total 35.782ms
08-04 14:31:46.880 27726 27763 I art     : Starting a blocking GC Explicit
08-04 14:31:46.904 27726 27763 I art     : Explicit concurrent mark sweep GC freed 20(704B) AllocSpace objects, 0(0B) LOS objects, 22% free, 53MB/69MB, paused 477us total 24.167ms
08-04 14:31:46.914 27726 27763 I art     : Starting a blocking GC Explicit
08-04 14:31:46.937 27726 27763 I art     : Explicit concurrent mark sweep GC freed 3(96B) AllocSpace objects, 0(0B) LOS objects, 22% free, 53MB/69MB, paused 604us total 23.395ms
08-04 14:31:46.946 27726 27763 I art     : Starting a blocking GC Explicit
08-04 14:31:46.971 27726 27763 I art     : Explicit concurrent mark sweep GC freed 3(96B) AllocSpace objects, 0(0B) LOS objects, 22% free, 53MB/69MB, paused 504us total 24.191ms
08-04 14:31:46.980 27726 27763 I art     : Starting a blocking GC Explicit
08-04 14:31:47.005 27726 27763 I art     : Explicit concurrent mark sweep GC freed 3(96B) AllocSpace objects, 0(0B) LOS objects, 22% free, 53MB/69MB, paused 515us total 24.425ms
08-04 14:31:47.336 27726 28206 I art     : Starting a blocking GC Explicit
08-04 14:31:47.370 27726 28206 I art     : Explicit concurrent mark sweep GC freed 1344(78KB) AllocSpace objects, 1(20KB) LOS objects, 22% free, 53MB/69MB, paused 596us total 33.303ms
08-04 14:31:47.386 27726 28206 I art     : Starting a blocking GC Explicit
08-04 14:31:47.413 27726 28206 I art     : Explicit concurrent mark sweep GC freed 20(704B) AllocSpace objects, 0(0B) LOS objects, 22% free, 53MB/69MB, paused 518us total 27.075ms
08-04 14:31:47.422 27726 28206 I art     : Starting a blocking GC Explicit
08-04 14:31:47.446 27726 28206 I art     : Explicit concurrent mark sweep GC freed 3(96B) AllocSpace objects, 0(0B) LOS objects, 22% free, 53MB/69MB, paused 515us total 23.997ms
08-04 14:31:47.456 27726 28206 I art     : Starting a blocking GC Explicit
08-04 14:31:47.481 27726 28206 I art     : Explicit concurrent mark sweep GC freed 3(96B) AllocSpace objects, 0(0B) LOS objects, 22% free, 53MB/69MB, paused 518us total 25.028ms
08-04 14:31:47.490 27726 28206 I art     : Starting a blocking GC Explicit
08-04 14:31:47.515 27726 28206 I art     : Explicit concurrent mark sweep GC freed 3(96B) AllocSpace objects, 0(0B) LOS objects, 22% free, 53MB/69MB, paused 505us total 24.099ms
08-04 14:31:47.845 27726 27738 I art     : Starting a blocking GC Explicit
08-04 14:31:47.877 27726 27738 I art     : Explicit concurrent mark sweep GC freed 1365(79KB) AllocSpace objects, 1(20KB) LOS objects, 22% free, 53MB/69MB, paused 586us total 31.337ms
08-04 14:31:47.890 27726 27738 I art     : Starting a blocking GC Explicit
08-04 14:31:47.915 27726 27738 I art     : Explicit concurrent mark sweep GC freed 36(1216B) AllocSpace objects, 0(0B) LOS objects, 22% free, 53MB/69MB, paused 512us total 24.367ms
08-04 14:31:47.924 27726 27738 I art     : Starting a blocking GC Explicit
08-04 14:31:47.949 27726 27738 I art     : Explicit concurrent mark sweep GC freed 3(96B) AllocSpace objects, 0(0B) LOS objects, 22% free, 53MB/69MB, paused 500us total 24.385ms
08-04 14:31:47.958 27726 27738 I art     : Starting a blocking GC Explicit
08-04 14:31:47.983 27726 27738 I art     : Explicit concurrent mark sweep GC freed 3(96B) AllocSpace objects, 0(0B) LOS objects, 22% free, 53MB/69MB, paused 506us total 24.662ms
08-04 14:31:47.992 27726 27738 I art     : Starting a blocking GC Explicit
08-04 14:31:48.017 27726 27738 I art     : Explicit concurrent mark sweep GC freed 3(96B) AllocSpace objects, 0(0B) LOS objects, 22% free, 53MB/69MB, paused 494us total 24.536ms
08-04 14:31:48.356 27726 27739 I art     : Starting a blocking GC Explicit
08-04 14:31:48.381 27726 27739 I art     : Explicit concurrent mark sweep GC freed 1344(78KB) AllocSpace objects, 1(20KB) LOS objects, 22% free, 53MB/69MB, paused 527us total 24.910ms
08-04 14:31:48.390 27726 27739 I art     : Starting a blocking GC Explicit
08-04 14:31:48.413 27726 27739 I art     : Explicit concurrent mark sweep GC freed 20(704B) AllocSpace objects, 0(0B) LOS objects, 22% free, 53MB/69MB, paused 484us total 21.998ms
08-04 14:31:48.421 27726 27739 I art     : Starting a blocking GC Explicit
08-04 14:31:48.443 27726 27739 I art     : Explicit concurrent mark sweep GC freed 3(96B) AllocSpace objects, 0(0B) LOS objects, 22% free, 53MB/69MB, paused 496us total 21.561ms
08-04 14:31:48.452 27726 27739 I art     : Starting a blocking GC Explicit
08-04 14:31:48.475 27726 27739 I art     : Explicit concurrent mark sweep GC freed 3(96B) AllocSpace objects, 0(0B) LOS objects, 22% free, 53MB/69MB, paused 509us total 23.082ms
08-04 14:31:48.484 27726 27739 I art     : Starting a blocking GC Explicit
08-04 14:31:48.507 27726 27739 I art     : Explicit concurrent mark sweep GC freed 3(96B) AllocSpace objects, 0(0B) LOS objects, 22% free, 53MB/69MB, paused 654us total 23.087ms
08-04 14:31:48.710 31029 31029 D AndroidRuntime: >>>>>> START com.android.internal.os.RuntimeInit uid 2000 <<<<<<
08-04 14:31:48.716 31029 31029 D AndroidRuntime: CheckJNI is OFF
08-04 14:31:48.751 31029 31029 D ICU     : No timezone override file found: /data/misc/zoneinfo/current/icu/icu_tzdata.dat
08-04 14:31:48.784 31029 31029 I Radio-JNI: register_android_hardware_Radio DONE
08-04 14:31:48.789 27726 27763 I art     : Starting a blocking GC Explicit
08-04 14:31:48.806 31029 31029 D AndroidRuntime: Calling main entry com.android.commands.input.Input
08-04 14:31:48.807 31029 31029 I Input   : injectKeyEvent: KeyEvent { action=ACTION_DOWN, keyCode=KEYCODE_BACK, scanCode=0, metaState=0, flags=0x0, repeatCount=0, eventTime=714725220, downTime=714725220, deviceId=-1, source=0x101 }
08-04 14:31:48.814 27726 27763 I art     : Explicit concurrent mark sweep GC freed 1344(78KB) AllocSpace objects, 1(20KB) LOS objects, 22% free, 53MB/69MB, paused 514us total 24.356ms
08-04 14:31:48.814 31029 31029 I Input   : injectKeyEvent: KeyEvent { action=ACTION_UP, keyCode=KEYCODE_BACK, scanCode=0, metaState=0, flags=0x0, repeatCount=0, eventTime=714725220, downTime=714725220, deviceId=-1, source=0x101 }
08-04 14:31:48.821 31029 31029 D AndroidRuntime: Shutting down VM
08-04 14:31:48.823 27726 27763 I art     : Starting a blocking GC Explicit
08-04 14:31:48.844 27726 27763 I art     : Explicit concurrent mark sweep GC freed 165(7KB) AllocSpace objects, 0(0B) LOS objects, 22% free, 53MB/69MB, paused 472us total 21.456ms
08-04 14:31:48.853 27726 27763 I art     : Starting a blocking GC Explicit
08-04 14:31:48.854 13866 13866 I GoogleInputMethodServic: GoogleInputMethodService.onFinishInput():3138 
08-04 14:31:48.855 13866 13866 I GoogleInputMethodServic: GoogleInputMethodService.onStartInput():1808 
08-04 14:31:48.874 27726 27763 I art     : Explicit concurrent mark sweep GC freed 29(1104B) AllocSpace objects, 0(0B) LOS objects, 22% free, 53MB/69MB, paused 482us total 20.800ms
08-04 14:31:48.882 27726 27763 I art     : Starting a blocking GC Explicit
08-04 14:31:48.904 27726 27763 I art     : Explicit concurrent mark sweep GC freed 17(560B) AllocSpace objects, 0(0B) LOS objects, 22% free, 53MB/69MB, paused 464us total 21.790ms
08-04 14:31:48.913 27726 27763 I art     : Starting a blocking GC Explicit
08-04 14:31:48.934 27726 27763 I art     : Explicit concurrent mark sweep GC freed 6(224B) AllocSpace objects, 0(0B) LOS objects, 22% free, 53MB/69MB, paused 441us total 20.410ms
08-04 14:31:49.146   380   380 W SurfaceFlinger: couldn't log to binary event log: overflow.
08-04 14:31:49.191 27726 27763 I art     : Starting a blocking GC Explicit
08-04 14:31:49.215 27726 27763 I art     : Explicit concurrent mark sweep GC freed 1453(86KB) AllocSpace objects, 1(20KB) LOS objects, 22% free, 53MB/69MB, paused 505us total 23.721ms
08-04 14:31:49.224 27726 27763 I art     : Starting a blocking GC Explicit
08-04 14:31:49.247 27726 27763 I art     : Explicit concurrent mark sweep GC freed 1671(107KB) AllocSpace objects, 3(184KB) LOS objects, 23% free, 53MB/69MB, paused 606us total 22.908ms
08-04 14:31:49.256 27726 27763 I art     : Starting a blocking GC Explicit
08-04 14:31:49.280 27726 27763 I art     : Explicit concurrent mark sweep GC freed 3(96B) AllocSpace objects, 0(0B) LOS objects, 23% free, 53MB/69MB, paused 483us total 23.534ms
08-04 14:31:49.288 27726 27763 I art     : Starting a blocking GC Explicit
08-04 14:31:49.312 27726 27763 I art     : Explicit concurrent mark sweep GC freed 3(96B) AllocSpace objects, 0(0B) LOS objects, 23% free, 53MB/69MB, paused 503us total 23.431ms
08-04 14:31:49.321 27726 27763 I art     : Starting a blocking GC Explicit
08-04 14:31:49.345 27726 27763 I art     : Explicit concurrent mark sweep GC freed 3(96B) AllocSpace objects, 0(0B) LOS objects, 23% free, 53MB/69MB, paused 500us total 23.167ms
08-04 14:31:49.637 27726 27739 I art     : Starting a blocking GC Explicit
08-04 14:31:49.672 27726 27739 I art     : Explicit concurrent mark sweep GC freed 1344(78KB) AllocSpace objects, 1(20KB) LOS objects, 23% free, 53MB/69MB, paused 774us total 34.475ms
08-04 14:31:49.683 27726 27739 I art     : Starting a blocking GC Explicit
08-04 14:31:49.707 27726 27739 I art     : Explicit concurrent mark sweep GC freed 20(704B) AllocSpace objects, 0(0B) LOS objects, 23% free, 53MB/69MB, paused 552us total 24.319ms
08-04 14:31:49.717 27726 27739 I art     : Starting a blocking GC Explicit
08-04 14:31:49.741 27726 27739 I art     : Explicit concurrent mark sweep GC freed 3(96B) AllocSpace objects, 0(0B) LOS objects, 23% free, 53MB/69MB, paused 511us total 24.118ms
08-04 14:31:49.750 27726 27739 I art     : Starting a blocking GC Explicit
08-04 14:31:49.775 27726 27739 I art     : Explicit concurrent mark sweep GC freed 3(96B) AllocSpace objects, 0(0B) LOS objects, 23% free, 53MB/69MB, paused 511us total 24.098ms
08-04 14:31:49.785 27726 27739 I art     : Starting a blocking GC Explicit
08-04 14:31:49.809 27726 27739 I art     : Explicit concurrent mark sweep GC freed 3(96B) AllocSpace objects, 0(0B) LOS objects, 23% free, 53MB/69MB, paused 520us total 23.891ms
08-04 14:31:50.110 27726 27738 I art     : Starting a blocking GC Explicit
08-04 14:31:50.134 27726 27738 I art     : Explicit concurrent mark sweep GC freed 1344(78KB) AllocSpace objects, 1(20KB) LOS objects, 23% free, 53MB/69MB, paused 514us total 23.830ms
08-04 14:31:50.143 27726 27738 I art     : Starting a blocking GC Explicit
08-04 14:31:50.166 27726 27738 I art     : Explicit concurrent mark sweep GC freed 20(704B) AllocSpace objects, 0(0B) LOS objects, 23% free, 53MB/69MB, paused 516us total 22.138ms
08-04 14:31:50.175 27726 27738 I art     : Starting a blocking GC Explicit
08-04 14:31:50.197 27726 27738 I art     : Explicit concurrent mark sweep GC freed 3(96B) AllocSpace objects, 0(0B) LOS objects, 23% free, 53MB/69MB, paused 575us total 22.548ms
08-04 14:31:50.206 27726 27738 I art     : Starting a blocking GC Explicit
08-04 14:31:50.229 27726 27738 I art     : Explicit concurrent mark sweep GC freed 3(96B) AllocSpace objects, 0(0B) LOS objects, 23% free, 53MB/69MB, paused 527us total 22.792ms
08-04 14:31:50.238 27726 27738 I art     : Starting a blocking GC Explicit
08-04 14:31:50.260 27726 27738 I art     : Explicit concurrent mark sweep GC freed 3(96B) AllocSpace objects, 0(0B) LOS objects, 23% free, 53MB/69MB, paused 532us total 22.359ms
08-04 14:31:50.480 31083 31083 D AndroidRuntime: >>>>>> START com.android.internal.os.RuntimeInit uid 2000 <<<<<<
08-04 14:31:50.485 31083 31083 D AndroidRuntime: CheckJNI is OFF
08-04 14:31:50.519 31083 31083 D ICU     : No timezone override file found: /data/misc/zoneinfo/current/icu/icu_tzdata.dat
08-04 14:31:50.541 27726 28206 I art     : Starting a blocking GC Explicit
08-04 14:31:50.553 31083 31083 I Radio-JNI: register_android_hardware_Radio DONE
08-04 14:31:50.566 27726 28206 I art     : Explicit concurrent mark sweep GC freed 1344(78KB) AllocSpace objects, 1(20KB) LOS objects, 23% free, 53MB/69MB, paused 516us total 24.080ms
08-04 14:31:50.574 27726 28206 I art     : Starting a blocking GC Explicit
08-04 14:31:50.577 31083 31083 D AndroidRuntime: Calling main entry com.android.commands.input.Input
08-04 14:31:50.579 31083 31083 I Input   : injectMotionEvent: MotionEvent { action=ACTION_DOWN, actionButton=0, id[0]=0, x[0]=1012.0, y[0]=1152.0, toolType[0]=TOOL_TYPE_UNKNOWN, buttonState=0, metaState=0, flags=0x0, edgeFlags=0x0, pointerCount=1, historySize=0, eventTime=714726991, downTime=714726991, deviceId=0, source=0x1002 }
08-04 14:31:50.582 31083 31083 I Input   : injectMotionEvent: MotionEvent { action=ACTION_UP, actionButton=0, id[0]=0, x[0]=1012.0, y[0]=1152.0, toolType[0]=TOOL_TYPE_UNKNOWN, buttonState=0, metaState=0, flags=0x0, edgeFlags=0x0, pointerCount=1, historySize=0, eventTime=714726991, downTime=714726991, deviceId=0, source=0x1002 }
08-04 14:31:50.584   918  3670 I ActivityManager: START u0 {cmp=baseline.appteam.nith.hillffair/.activities.ClubActivity (has extras)} from uid 10651 on display 0
08-04 14:31:50.589 31083 31083 D AndroidRuntime: Shutting down VM
08-04 14:31:50.597 27726 28206 I art     : Explicit concurrent mark sweep GC freed 45(1504B) AllocSpace objects, 0(0B) LOS objects, 23% free, 53MB/69MB, paused 780us total 22.242ms
08-04 14:31:50.605 27726 28206 I art     : Starting a blocking GC Explicit
08-04 14:31:50.628 27726 28206 I art     : Explicit concurrent mark sweep GC freed 3100(190KB) AllocSpace objects, 0(0B) LOS objects, 23% free, 53MB/69MB, paused 930us total 23.127ms
08-04 14:31:50.638 27726 28206 I art     : Starting a blocking GC Explicit
08-04 14:31:50.659 27726 28206 I art     : Explicit concurrent mark sweep GC freed 376(28KB) AllocSpace objects, 0(0B) LOS objects, 23% free, 53MB/69MB, paused 508us total 20.480ms
08-04 14:31:50.667 27726 28206 I art     : Starting a blocking GC Explicit
08-04 14:31:50.689 27726 28206 I art     : Explicit concurrent mark sweep GC freed 180(7KB) AllocSpace objects, 0(0B) LOS objects, 22% free, 53MB/69MB, paused 792us total 22.095ms
08-04 14:31:50.693   918   936 I ActivityManager: Displayed baseline.appteam.nith.hillffair/.activities.ClubActivity: +103ms
08-04 14:31:50.696 13866 13866 I GoogleInputMethodServic: GoogleInputMethodService.onFinishInput():3138 
08-04 14:31:50.697 13866 13866 I GoogleInputMethodServic: GoogleInputMethodService.onStartInput():1808 
08-04 14:31:50.946 27726 28206 I art     : Starting a blocking GC Explicit
08-04 14:31:50.949   380   380 W SurfaceFlinger: couldn't log to binary event log: overflow.
08-04 14:31:50.968 27726 28206 I art     : Explicit concurrent mark sweep GC freed 1473(86KB) AllocSpace objects, 1(20KB) LOS objects, 22% free, 53MB/69MB, paused 525us total 21.517ms
08-04 14:31:50.976 27726 28206 I art     : Starting a blocking GC Explicit
08-04 14:31:50.997 27726 28206 I art     : Explicit concurrent mark sweep GC freed 28(976B) AllocSpace objects, 0(0B) LOS objects, 22% free, 53MB/69MB, paused 600us total 20.529ms
08-04 14:31:51.005 27726 28206 I art     : Starting a blocking GC Explicit
08-04 14:31:51.027 27726 28206 I art     : Explicit concurrent mark sweep GC freed 3(96B) AllocSpace objects, 0(0B) LOS objects, 22% free, 53MB/69MB, paused 527us total 21.213ms
08-04 14:31:51.035 27726 28206 I art     : Starting a blocking GC Explicit
08-04 14:31:51.056 27726 28206 I art     : Explicit concurrent mark sweep GC freed 3(96B) AllocSpace objects, 0(0B) LOS objects, 22% free, 53MB/69MB, paused 480us total 21.085ms
08-04 14:31:51.064 27726 28206 I art     : Starting a blocking GC Explicit
08-04 14:31:51.086 27726 28206 I art     : Explicit concurrent mark sweep GC freed 5(176B) AllocSpace objects, 0(0B) LOS objects, 22% free, 53MB/69MB, paused 571us total 21.455ms
08-04 14:31:51.372 27726 27763 I art     : Starting a blocking GC Explicit
08-04 14:31:51.397 27726 27763 I art     : Explicit concurrent mark sweep GC freed 1499(86KB) AllocSpace objects, 1(20KB) LOS objects, 22% free, 53MB/69MB, paused 618us total 25.072ms
08-04 14:31:51.407 27726 27763 I art     : Starting a blocking GC Explicit
08-04 14:31:51.431 27726 27763 I art     : Explicit concurrent mark sweep GC freed 473(21KB) AllocSpace objects, 0(0B) LOS objects, 22% free, 53MB/69MB, paused 616us total 23.556ms
08-04 14:31:51.439 27726 27763 I art     : Starting a blocking GC Explicit
08-04 14:31:51.462 27726 27763 I art     : Explicit concurrent mark sweep GC freed 2112(109KB) AllocSpace objects, 2(120KB) LOS objects, 22% free, 53MB/69MB, paused 618us total 22.313ms
08-04 14:31:51.463 27726 31106 D OkHttp  : --> GET https://api-hillfair-2k16.herokuapp.com/api/app/club/Design%20and%20Decoration%20Club http/1.1
08-04 14:31:51.470 27726 27763 I art     : Starting a blocking GC Explicit
08-04 14:31:51.493 27726 27763 I art     : Explicit concurrent mark sweep GC freed 1025(120KB) AllocSpace objects, 1(80KB) LOS objects, 22% free, 53MB/69MB, paused 572us total 22.260ms
08-04 14:31:51.493 27726 31106 D OkHttp  : <-- 200 OK https://api-hillfair-2k16.herokuapp.com/api/app/club/Design%20and%20Decoration%20Club (29ms, 760-byte body)
08-04 14:31:51.501 27726 27763 I art     : Starting a blocking GC Explicit
08-04 14:31:51.524 27726 27763 I art     : Explicit concurrent mark sweep GC freed 229(37KB) AllocSpace objects, 0(0B) LOS objects, 22% free, 53MB/69MB, paused 541us total 22.469ms
08-04 14:31:51.551 27726 27726 I NAPPA_EXPERIMENTATION: MetricNetworkRequestExecutionTime: REQUEST_DURATION_SYSTEM='929',REQUEST_DURATION_OKHTTP='30',REQUEST_SYNCHRONOUS='FALSE',RESPONSE_CODE='200',RESPONSE_METHOD='GET',RESPONSE_LENGTH_OKHTTP='760',RESPONSE_LENGTH_HEADER='760',REQUEST_PROTOCOL='http/1.1',REQUEST_URL='https://api-hillfair-2k16.herokuapp.com/api/app/club/Design%20and%20Decoration%20Club',
08-04 14:31:51.824 27726 27739 I art     : Starting a blocking GC Explicit
08-04 14:31:51.850 27726 27739 I art     : Explicit concurrent mark sweep GC freed 2005(168KB) AllocSpace objects, 1(20KB) LOS objects, 22% free, 53MB/69MB, paused 491us total 25.951ms
08-04 14:31:51.860 27726 27739 I art     : Starting a blocking GC Explicit
08-04 14:31:51.885 27726 27739 I art     : Explicit concurrent mark sweep GC freed 66(2176B) AllocSpace objects, 0(0B) LOS objects, 22% free, 53MB/69MB, paused 545us total 24.459ms
08-04 14:31:51.885 27726 27737 I art     : WaitForGcToComplete blocked for 18.248ms for cause HeapTrim
08-04 14:31:51.894 27726 27739 I art     : Starting a blocking GC Explicit
08-04 14:31:51.919 27726 27739 I art     : Explicit concurrent mark sweep GC freed 3(96B) AllocSpace objects, 0(0B) LOS objects, 22% free, 53MB/69MB, paused 504us total 24.431ms
08-04 14:31:51.928 27726 27739 I art     : Starting a blocking GC Explicit
08-04 14:31:51.952 27726 27739 I art     : Explicit concurrent mark sweep GC freed 19(656B) AllocSpace objects, 0(0B) LOS objects, 22% free, 53MB/69MB, paused 482us total 23.485ms
08-04 14:31:51.961 27726 27739 I art     : Starting a blocking GC Explicit
08-04 14:31:51.985 27726 27739 I art     : Explicit concurrent mark sweep GC freed 3(96B) AllocSpace objects, 0(0B) LOS objects, 22% free, 53MB/69MB, paused 516us total 23.765ms
08-04 14:31:52.284 27726 28206 I art     : Starting a blocking GC Explicit
08-04 14:31:52.320 27726 28206 I art     : Explicit concurrent mark sweep GC freed 1344(78KB) AllocSpace objects, 1(20KB) LOS objects, 22% free, 53MB/69MB, paused 592us total 36.283ms
08-04 14:31:52.333 27726 28206 I art     : Starting a blocking GC Explicit
08-04 14:31:52.359 27726 28206 I art     : Explicit concurrent mark sweep GC freed 20(704B) AllocSpace objects, 0(0B) LOS objects, 22% free, 53MB/69MB, paused 533us total 25.471ms
08-04 14:31:52.368 27726 28206 I art     : Starting a blocking GC Explicit
08-04 14:31:52.393 27726 28206 I art     : Explicit concurrent mark sweep GC freed 3(96B) AllocSpace objects, 0(0B) LOS objects, 22% free, 53MB/69MB, paused 528us total 24.625ms
08-04 14:31:52.402 27726 28206 I art     : Starting a blocking GC Explicit
08-04 14:31:52.428 27726 28206 I art     : Explicit concurrent mark sweep GC freed 3(96B) AllocSpace objects, 0(0B) LOS objects, 22% free, 53MB/69MB, paused 549us total 25.703ms
08-04 14:31:52.437 27726 28206 I art     : Starting a blocking GC Explicit
08-04 14:31:52.462 27726 28206 I art     : Explicit concurrent mark sweep GC freed 3(96B) AllocSpace objects, 0(0B) LOS objects, 22% free, 53MB/69MB, paused 547us total 24.497ms
08-04 14:31:52.789 27726 27763 I art     : Starting a blocking GC Explicit
08-04 14:31:52.822 27726 27763 I art     : Explicit concurrent mark sweep GC freed 1365(79KB) AllocSpace objects, 1(20KB) LOS objects, 22% free, 53MB/69MB, paused 568us total 32.697ms
08-04 14:31:52.834 27726 27763 I art     : Starting a blocking GC Explicit
08-04 14:31:52.859 27726 27763 I art     : Explicit concurrent mark sweep GC freed 36(1216B) AllocSpace objects, 0(0B) LOS objects, 22% free, 53MB/69MB, paused 520us total 25.346ms
08-04 14:31:52.869 27726 27763 I art     : Starting a blocking GC Explicit
08-04 14:31:52.894 27726 27763 I art     : Explicit concurrent mark sweep GC freed 3(96B) AllocSpace objects, 0(0B) LOS objects, 22% free, 53MB/69MB, paused 509us total 25.296ms
08-04 14:31:52.904 27726 27763 I art     : Starting a blocking GC Explicit
08-04 14:31:52.928 27726 27763 I art     : Explicit concurrent mark sweep GC freed 3(96B) AllocSpace objects, 0(0B) LOS objects, 22% free, 53MB/69MB, paused 519us total 24.451ms
08-04 14:31:52.938 27726 27763 I art     : Starting a blocking GC Explicit
08-04 14:31:52.962 27726 27763 I art     : Explicit concurrent mark sweep GC freed 3(96B) AllocSpace objects, 0(0B) LOS objects, 22% free, 53MB/69MB, paused 505us total 24.606ms
08-04 14:31:53.292 27726 27738 I art     : Starting a blocking GC Explicit
08-04 14:31:53.323 27726 27738 I art     : Explicit concurrent mark sweep GC freed 1344(78KB) AllocSpace objects, 1(20KB) LOS objects, 22% free, 53MB/69MB, paused 562us total 31.293ms
08-04 14:31:53.335 27726 27738 I art     : Starting a blocking GC Explicit
08-04 14:31:53.361 27726 27738 I art     : Explicit concurrent mark sweep GC freed 20(704B) AllocSpace objects, 0(0B) LOS objects, 22% free, 53MB/69MB, paused 505us total 25.386ms
08-04 14:31:53.370 27726 27738 I art     : Starting a blocking GC Explicit
08-04 14:31:53.395 27726 27738 I art     : Explicit concurrent mark sweep GC freed 3(96B) AllocSpace objects, 0(0B) LOS objects, 22% free, 53MB/69MB, paused 529us total 24.526ms
08-04 14:31:53.404 27726 27738 I art     : Starting a blocking GC Explicit
08-04 14:31:53.430 27726 27738 I art     : Explicit concurrent mark sweep GC freed 3(96B) AllocSpace objects, 0(0B) LOS objects, 22% free, 53MB/69MB, paused 514us total 25.388ms
08-04 14:31:53.440 27726 27738 I art     : Starting a blocking GC Explicit
08-04 14:31:53.465 27726 27738 I art     : Explicit concurrent mark sweep GC freed 3(96B) AllocSpace objects, 0(0B) LOS objects, 22% free, 53MB/69MB, paused 513us total 25.194ms
08-04 14:31:53.779 27726 27739 I art     : Starting a blocking GC Explicit
08-04 14:31:53.811 27726 27739 I art     : Explicit concurrent mark sweep GC freed 1344(78KB) AllocSpace objects, 1(20KB) LOS objects, 22% free, 53MB/69MB, paused 514us total 31.311ms
08-04 14:31:53.824 27726 27739 I art     : Starting a blocking GC Explicit
08-04 14:31:53.850 27726 27739 I art     : Explicit concurrent mark sweep GC freed 20(704B) AllocSpace objects, 0(0B) LOS objects, 22% free, 53MB/69MB, paused 489us total 25.212ms
08-04 14:31:53.859 27726 27739 I art     : Starting a blocking GC Explicit
08-04 14:31:53.884 27726 27739 I art     : Explicit concurrent mark sweep GC freed 3(96B) AllocSpace objects, 0(0B) LOS objects, 22% free, 53MB/69MB, paused 540us total 24.360ms
08-04 14:31:53.893 27726 27739 I art     : Starting a blocking GC Explicit
08-04 14:31:53.918 27726 27739 I art     : Explicit concurrent mark sweep GC freed 3(96B) AllocSpace objects, 0(0B) LOS objects, 22% free, 53MB/69MB, paused 525us total 24.956ms
08-04 14:31:53.928 27726 27739 I art     : Starting a blocking GC Explicit
08-04 14:31:53.954 27726 27739 I art     : Explicit concurrent mark sweep GC freed 3(96B) AllocSpace objects, 0(0B) LOS objects, 22% free, 53MB/69MB, paused 503us total 25.482ms
08-04 14:31:54.271 27726 28206 I art     : Starting a blocking GC Explicit
08-04 14:31:54.302 27726 28206 I art     : Explicit concurrent mark sweep GC freed 1344(78KB) AllocSpace objects, 1(20KB) LOS objects, 22% free, 53MB/69MB, paused 549us total 30.809ms
08-04 14:31:54.314 27726 28206 I art     : Starting a blocking GC Explicit
08-04 14:31:54.340 27726 28206 I art     : Explicit concurrent mark sweep GC freed 20(704B) AllocSpace objects, 0(0B) LOS objects, 22% free, 53MB/69MB, paused 531us total 25.472ms
08-04 14:31:54.349 27726 28206 I art     : Starting a blocking GC Explicit
08-04 14:31:54.374 27726 28206 I art     : Explicit concurrent mark sweep GC freed 3(96B) AllocSpace objects, 0(0B) LOS objects, 22% free, 53MB/69MB, paused 520us total 24.547ms
08-04 14:31:54.383 27726 28206 I art     : Starting a blocking GC Explicit
08-04 14:31:54.408 27726 28206 I art     : Explicit concurrent mark sweep GC freed 3(96B) AllocSpace objects, 0(0B) LOS objects, 22% free, 53MB/69MB, paused 516us total 24.853ms
08-04 14:31:54.417 27726 28206 I art     : Starting a blocking GC Explicit
08-04 14:31:54.443 27726 28206 I art     : Explicit concurrent mark sweep GC freed 3(96B) AllocSpace objects, 0(0B) LOS objects, 22% free, 53MB/69MB, paused 518us total 25.037ms
08-04 14:31:54.751 27726 27763 I art     : Starting a blocking GC Explicit
08-04 14:31:54.778 27726 27763 I art     : Explicit concurrent mark sweep GC freed 1344(78KB) AllocSpace objects, 1(20KB) LOS objects, 22% free, 53MB/69MB, paused 521us total 26.559ms
08-04 14:31:54.791 27726 27763 I art     : Starting a blocking GC Explicit
08-04 14:31:54.816 27726 27763 I art     : Explicit concurrent mark sweep GC freed 20(704B) AllocSpace objects, 0(0B) LOS objects, 22% free, 53MB/69MB, paused 488us total 25.343ms
08-04 14:31:54.826 27726 27763 I art     : Starting a blocking GC Explicit
08-04 14:31:54.849 27726 27763 I art     : Explicit concurrent mark sweep GC freed 3(96B) AllocSpace objects, 0(0B) LOS objects, 22% free, 53MB/69MB, paused 470us total 23.473ms
08-04 14:31:54.858 27726 27763 I art     : Starting a blocking GC Explicit
08-04 14:31:54.881 27726 27763 I art     : Explicit concurrent mark sweep GC freed 3(96B) AllocSpace objects, 0(0B) LOS objects, 22% free, 53MB/69MB, paused 470us total 22.860ms
08-04 14:31:54.891 27726 27763 I art     : Starting a blocking GC Explicit
08-04 14:31:54.914 27726 27763 I art     : Explicit concurrent mark sweep GC freed 3(96B) AllocSpace objects, 0(0B) LOS objects, 22% free, 53MB/69MB, paused 501us total 22.792ms
08-04 14:31:55.227 27726 27738 I art     : Starting a blocking GC Explicit
08-04 14:31:55.251 27726 27738 I art     : Explicit concurrent mark sweep GC freed 1344(78KB) AllocSpace objects, 1(20KB) LOS objects, 22% free, 53MB/69MB, paused 532us total 24.560ms
08-04 14:31:55.261 27726 27738 I art     : Starting a blocking GC Explicit
08-04 14:31:55.262 31201 31201 D AndroidRuntime: >>>>>> START com.android.internal.os.RuntimeInit uid 2000 <<<<<<
08-04 14:31:55.268 31201 31201 D AndroidRuntime: CheckJNI is OFF
08-04 14:31:55.285 27726 27738 I art     : Explicit concurrent mark sweep GC freed 20(704B) AllocSpace objects, 0(0B) LOS objects, 22% free, 53MB/69MB, paused 512us total 23.626ms
08-04 14:31:55.294 27726 27738 I art     : Starting a blocking GC Explicit
08-04 14:31:55.304 31201 31201 D ICU     : No timezone override file found: /data/misc/zoneinfo/current/icu/icu_tzdata.dat
08-04 14:31:55.317 27726 27738 I art     : Explicit concurrent mark sweep GC freed 3(96B) AllocSpace objects, 0(0B) LOS objects, 22% free, 53MB/69MB, paused 491us total 22.787ms
08-04 14:31:55.325 27726 27738 I art     : Starting a blocking GC Explicit
08-04 14:31:55.339 31201 31201 I Radio-JNI: register_android_hardware_Radio DONE
08-04 14:31:55.349 27726 27738 I art     : Explicit concurrent mark sweep GC freed 3(96B) AllocSpace objects, 0(0B) LOS objects, 22% free, 53MB/69MB, paused 545us total 22.965ms
08-04 14:31:55.357 27726 27738 I art     : Starting a blocking GC Explicit
08-04 14:31:55.361 31201 31201 D AndroidRuntime: Calling main entry com.android.commands.input.Input
08-04 14:31:55.363 31201 31201 I Input   : injectKeyEvent: KeyEvent { action=ACTION_DOWN, keyCode=KEYCODE_BACK, scanCode=0, metaState=0, flags=0x0, repeatCount=0, eventTime=714731776, downTime=714731776, deviceId=-1, source=0x101 }
08-04 14:31:55.369 31201 31201 I Input   : injectKeyEvent: KeyEvent { action=ACTION_UP, keyCode=KEYCODE_BACK, scanCode=0, metaState=0, flags=0x0, repeatCount=0, eventTime=714731776, downTime=714731776, deviceId=-1, source=0x101 }
08-04 14:31:55.374 31201 31201 D AndroidRuntime: Shutting down VM
08-04 14:31:55.380 27726 27738 I art     : Explicit concurrent mark sweep GC freed 97(4KB) AllocSpace objects, 0(0B) LOS objects, 22% free, 53MB/69MB, paused 682us total 22.012ms
08-04 14:31:55.418 13866 13866 I GoogleInputMethodServic: GoogleInputMethodService.onFinishInput():3138 
08-04 14:31:55.419 13866 13866 I GoogleInputMethodServic: GoogleInputMethodService.onStartInput():1808 
08-04 14:31:55.632 27726 27763 I art     : Starting a blocking GC Explicit
08-04 14:31:55.656 27726 27763 I art     : Explicit concurrent mark sweep GC freed 1432(81KB) AllocSpace objects, 1(20KB) LOS objects, 22% free, 53MB/69MB, paused 444us total 23.422ms
08-04 14:31:55.666 27726 27763 I art     : Starting a blocking GC Explicit
08-04 14:31:55.668 21770 21770 I Atfwd_Sendcmd: AtCmdFwd service not ready - Exhausted retry attempts - :6
08-04 14:31:55.668 21770 21770 I Atfwd_Daemon: result : -1 	 ,Init step :2 	 ,qmiErrorCode: 0
08-04 14:31:55.688 27726 27763 I art     : Explicit concurrent mark sweep GC freed 26(944B) AllocSpace objects, 0(0B) LOS objects, 22% free, 53MB/69MB, paused 447us total 22.084ms
08-04 14:31:55.698 27726 27763 I art     : Starting a blocking GC Explicit
08-04 14:31:55.720   380   380 W SurfaceFlinger: couldn't log to binary event log: overflow.
08-04 14:31:55.722 27726 27763 I art     : Explicit concurrent mark sweep GC freed 3(96B) AllocSpace objects, 0(0B) LOS objects, 22% free, 53MB/69MB, paused 848us total 23.209ms
08-04 14:31:55.731 27726 27763 I art     : Starting a blocking GC Explicit
08-04 14:31:55.753 27726 27763 I art     : Explicit concurrent mark sweep GC freed 112(8KB) AllocSpace objects, 0(0B) LOS objects, 22% free, 53MB/69MB, paused 538us total 21.223ms
08-04 14:31:55.761 27726 27763 I art     : Starting a blocking GC Explicit
08-04 14:31:55.783 27726 27763 I art     : Explicit concurrent mark sweep GC freed 1654(107KB) AllocSpace objects, 3(180KB) LOS objects, 23% free, 53MB/69MB, paused 500us total 21.974ms
08-04 14:31:56.068 27726 28206 I art     : Starting a blocking GC Explicit
08-04 14:31:56.103 27726 28206 I art     : Explicit concurrent mark sweep GC freed 1344(78KB) AllocSpace objects, 1(20KB) LOS objects, 23% free, 53MB/69MB, paused 606us total 34.692ms
08-04 14:31:56.116 27726 28206 I art     : Starting a blocking GC Explicit
08-04 14:31:56.146 27726 28206 I art     : Explicit concurrent mark sweep GC freed 20(704B) AllocSpace objects, 0(0B) LOS objects, 23% free, 53MB/69MB, paused 517us total 29.141ms
08-04 14:31:56.155 27726 28206 I art     : Starting a blocking GC Explicit
08-04 14:31:56.180 27726 28206 I art     : Explicit concurrent mark sweep GC freed 3(96B) AllocSpace objects, 0(0B) LOS objects, 23% free, 53MB/69MB, paused 488us total 24.452ms
08-04 14:31:56.189 27726 28206 I art     : Starting a blocking GC Explicit
08-04 14:31:56.214 27726 28206 I art     : Explicit concurrent mark sweep GC freed 3(96B) AllocSpace objects, 0(0B) LOS objects, 23% free, 53MB/69MB, paused 508us total 24.513ms
08-04 14:31:56.223 27726 28206 I art     : Starting a blocking GC Explicit
08-04 14:31:56.248 27726 28206 I art     : Explicit concurrent mark sweep GC freed 3(96B) AllocSpace objects, 0(0B) LOS objects, 23% free, 53MB/69MB, paused 554us total 24.272ms
08-04 14:31:56.552 27726 27739 I art     : Starting a blocking GC Explicit
08-04 14:31:56.583 27726 27739 I art     : Explicit concurrent mark sweep GC freed 1344(78KB) AllocSpace objects, 1(20KB) LOS objects, 23% free, 53MB/69MB, paused 558us total 30.459ms
08-04 14:31:56.595 27726 27739 I art     : Starting a blocking GC Explicit
08-04 14:31:56.620 27726 27739 I art     : Explicit concurrent mark sweep GC freed 20(704B) AllocSpace objects, 0(0B) LOS objects, 23% free, 53MB/69MB, paused 503us total 24.515ms
08-04 14:31:56.629 27726 27739 I art     : Starting a blocking GC Explicit
08-04 14:31:56.653 27726 27739 I art     : Explicit concurrent mark sweep GC freed 3(96B) AllocSpace objects, 0(0B) LOS objects, 23% free, 53MB/69MB, paused 523us total 23.621ms
08-04 14:31:56.662 27726 27739 I art     : Starting a blocking GC Explicit
08-04 14:31:56.684 27726 27739 I art     : Explicit concurrent mark sweep GC freed 3(96B) AllocSpace objects, 0(0B) LOS objects, 23% free, 53MB/69MB, paused 506us total 22.146ms
08-04 14:31:56.693 27726 27739 I art     : Starting a blocking GC Explicit
08-04 14:31:56.716 27726 27739 I art     : Explicit concurrent mark sweep GC freed 3(96B) AllocSpace objects, 0(0B) LOS objects, 23% free, 53MB/69MB, paused 529us total 22.613ms
08-04 14:31:56.991 27726 27738 I art     : Starting a blocking GC Explicit
08-04 14:31:57.016 27726 27738 I art     : Explicit concurrent mark sweep GC freed 1344(78KB) AllocSpace objects, 1(20KB) LOS objects, 23% free, 53MB/69MB, paused 531us total 24.172ms
08-04 14:31:57.025 27726 27738 I art     : Starting a blocking GC Explicit
08-04 14:31:57.042 31254 31254 D AndroidRuntime: >>>>>> START com.android.internal.os.RuntimeInit uid 2000 <<<<<<
08-04 14:31:57.047 31254 31254 D AndroidRuntime: CheckJNI is OFF
08-04 14:31:57.049 27726 27738 I art     : Explicit concurrent mark sweep GC freed 20(704B) AllocSpace objects, 0(0B) LOS objects, 23% free, 53MB/69MB, paused 549us total 23.610ms
08-04 14:31:57.058 27726 27738 I art     : Starting a blocking GC Explicit
08-04 14:31:57.081 27726 27738 I art     : Explicit concurrent mark sweep GC freed 3(96B) AllocSpace objects, 0(0B) LOS objects, 23% free, 53MB/69MB, paused 584us total 22.122ms
08-04 14:31:57.082 31254 31254 D ICU     : No timezone override file found: /data/misc/zoneinfo/current/icu/icu_tzdata.dat
08-04 14:31:57.090 27726 27738 I art     : Starting a blocking GC Explicit
08-04 14:31:57.112 27726 27738 I art     : Explicit concurrent mark sweep GC freed 3(96B) AllocSpace objects, 0(0B) LOS objects, 23% free, 53MB/69MB, paused 534us total 22.527ms
08-04 14:31:57.117 31254 31254 I Radio-JNI: register_android_hardware_Radio DONE
08-04 14:31:57.121 27726 27738 I art     : Starting a blocking GC Explicit
08-04 14:31:57.140 31254 31254 D AndroidRuntime: Calling main entry com.android.commands.input.Input
08-04 14:31:57.142 31254 31254 I Input   : injectMotionEvent: MotionEvent { action=ACTION_DOWN, actionButton=0, id[0]=0, x[0]=255.0, y[0]=1845.0, toolType[0]=TOOL_TYPE_UNKNOWN, buttonState=0, metaState=0, flags=0x0, edgeFlags=0x0, pointerCount=1, historySize=0, eventTime=714733555, downTime=714733555, deviceId=0, source=0x1002 }
08-04 14:31:57.144 27726 27738 I art     : Explicit concurrent mark sweep GC freed 3(96B) AllocSpace objects, 0(0B) LOS objects, 23% free, 53MB/69MB, paused 551us total 22.492ms
08-04 14:31:57.149 31254 31254 I Input   : injectMotionEvent: MotionEvent { action=ACTION_UP, actionButton=0, id[0]=0, x[0]=255.0, y[0]=1845.0, toolType[0]=TOOL_TYPE_UNKNOWN, buttonState=0, metaState=0, flags=0x0, edgeFlags=0x0, pointerCount=1, historySize=0, eventTime=714733555, downTime=714733555, deviceId=0, source=0x1002 }
08-04 14:31:57.150   918  4413 I ActivityManager: START u0 {cmp=baseline.appteam.nith.hillffair/.activities.ClubActivity (has extras)} from uid 10651 on display 0
08-04 14:31:57.158 31254 31254 D AndroidRuntime: Shutting down VM
08-04 14:31:57.171   918   937 W ProcessCpuTracker: Skipping unknown process pid 31262
08-04 14:31:57.172   918   937 W ProcessCpuTracker: Skipping unknown process pid 31264
08-04 14:31:57.172   918   937 W ProcessCpuTracker: Skipping unknown process pid 31265
08-04 14:31:57.229   918  3188 I hubconnection: sensorhub said: 'set_bias 3: -6.2400, 0.0000, 0.0000'
08-04 14:31:57.246   918   936 I ActivityManager: Displayed baseline.appteam.nith.hillffair/.activities.ClubActivity: +88ms
08-04 14:31:57.250 13866 13866 I GoogleInputMethodServic: GoogleInputMethodService.onFinishInput():3138 
08-04 14:31:57.251 13866 13866 I GoogleInputMethodServic: GoogleInputMethodService.onStartInput():1808 
08-04 14:31:57.395 27726 28206 I art     : Starting a blocking GC Explicit
08-04 14:31:57.418 27726 28206 I art     : Explicit concurrent mark sweep GC freed 4996(308KB) AllocSpace objects, 1(20KB) LOS objects, 22% free, 53MB/69MB, paused 590us total 22.137ms
08-04 14:31:57.426 27726 28206 I art     : Starting a blocking GC Explicit
08-04 14:31:57.448 27726 28206 I art     : Explicit concurrent mark sweep GC freed 236(10KB) AllocSpace objects, 0(0B) LOS objects, 22% free, 53MB/69MB, paused 523us total 21.205ms
08-04 14:31:57.456 27726 28206 I art     : Starting a blocking GC Explicit
08-04 14:31:57.477 27726 28206 I art     : Explicit concurrent mark sweep GC freed 3(96B) AllocSpace objects, 0(0B) LOS objects, 22% free, 53MB/69MB, paused 590us total 20.894ms
08-04 14:31:57.485 27726 28206 I art     : Starting a blocking GC Explicit
08-04 14:31:57.506 27726 28206 I art     : Explicit concurrent mark sweep GC freed 3(96B) AllocSpace objects, 0(0B) LOS objects, 22% free, 53MB/69MB, paused 503us total 20.901ms
08-04 14:31:57.507   380   380 W SurfaceFlinger: couldn't log to binary event log: overflow.
08-04 14:31:57.515 27726 28206 I art     : Starting a blocking GC Explicit
08-04 14:31:57.537 27726 28206 I art     : Explicit concurrent mark sweep GC freed 3(96B) AllocSpace objects, 0(0B) LOS objects, 22% free, 53MB/69MB, paused 585us total 21.486ms
08-04 14:31:57.815 27726 28206 I art     : Starting a blocking GC Explicit
08-04 14:31:57.841 27726 28206 I art     : Explicit concurrent mark sweep GC freed 1483(85KB) AllocSpace objects, 1(20KB) LOS objects, 22% free, 53MB/69MB, paused 653us total 25.217ms
08-04 14:31:57.850 27726 28206 I art     : Starting a blocking GC Explicit
08-04 14:31:57.875 27726 28206 I art     : Explicit concurrent mark sweep GC freed 54(1872B) AllocSpace objects, 0(0B) LOS objects, 22% free, 53MB/69MB, paused 807us total 24.744ms
08-04 14:31:57.884 27726 28206 I art     : Starting a blocking GC Explicit
08-04 14:31:57.907 27726 28206 I art     : Explicit concurrent mark sweep GC freed 11(400B) AllocSpace objects, 0(0B) LOS objects, 22% free, 53MB/69MB, paused 670us total 22.685ms
08-04 14:31:57.915 27726 28206 I art     : Starting a blocking GC Explicit
08-04 14:31:57.939 27726 28206 I art     : Explicit concurrent mark sweep GC freed 13(480B) AllocSpace objects, 0(0B) LOS objects, 22% free, 53MB/69MB, paused 560us total 23.234ms
08-04 14:31:57.948 27726 28206 I art     : Starting a blocking GC Explicit
08-04 14:31:57.972 27726 28206 I art     : Explicit concurrent mark sweep GC freed 13(480B) AllocSpace objects, 0(0B) LOS objects, 22% free, 53MB/69MB, paused 546us total 23.777ms
08-04 14:31:58.017 27726 31277 D OkHttp  : --> GET https://api-hillfair-2k16.herokuapp.com/api/app/club/Technical%20Committee http/1.1
08-04 14:31:58.048 27726 31277 D OkHttp  : <-- 200 OK https://api-hillfair-2k16.herokuapp.com/api/app/club/Technical%20Committee (30ms, 1171-byte body)
08-04 14:31:58.109 27726 27726 I NAPPA_EXPERIMENTATION: MetricNetworkRequestExecutionTime: REQUEST_DURATION_SYSTEM='924',REQUEST_DURATION_OKHTTP='30',REQUEST_SYNCHRONOUS='FALSE',RESPONSE_CODE='200',RESPONSE_METHOD='GET',RESPONSE_LENGTH_OKHTTP='1171',RESPONSE_LENGTH_HEADER='1171',REQUEST_PROTOCOL='http/1.1',REQUEST_URL='https://api-hillfair-2k16.herokuapp.com/api/app/club/Technical%20Committee',
08-04 14:31:58.253 27726 27739 I art     : Starting a blocking GC Explicit
08-04 14:31:58.281 27726 27739 I art     : Explicit concurrent mark sweep GC freed 4826(342KB) AllocSpace objects, 4(220KB) LOS objects, 22% free, 54MB/70MB, paused 605us total 27.485ms
08-04 14:31:58.290 27726 27739 I art     : Starting a blocking GC Explicit
08-04 14:31:58.316 27726 27739 I art     : Explicit concurrent mark sweep GC freed 1031(119KB) AllocSpace objects, 0(0B) LOS objects, 22% free, 53MB/69MB, paused 578us total 25.008ms
08-04 14:31:58.325 27726 27739 I art     : Starting a blocking GC Explicit
08-04 14:31:58.349 27726 27739 I art     : Explicit concurrent mark sweep GC freed 3(96B) AllocSpace objects, 0(0B) LOS objects, 22% free, 53MB/69MB, paused 520us total 23.647ms
08-04 14:31:58.358 27726 27739 I art     : Starting a blocking GC Explicit
08-04 14:31:58.382 27726 27739 I art     : Explicit concurrent mark sweep GC freed 3(96B) AllocSpace objects, 0(0B) LOS objects, 22% free, 53MB/69MB, paused 541us total 24.245ms
08-04 14:31:58.392 27726 27739 I art     : Starting a blocking GC Explicit
08-04 14:31:58.416 27726 27739 I art     : Explicit concurrent mark sweep GC freed 3(96B) AllocSpace objects, 0(0B) LOS objects, 22% free, 53MB/69MB, paused 616us total 24.237ms
08-04 14:31:58.702 27726 28206 I art     : Starting a blocking GC Explicit
08-04 14:31:58.728 27726 28206 I art     : Explicit concurrent mark sweep GC freed 1345(78KB) AllocSpace objects, 1(20KB) LOS objects, 22% free, 53MB/69MB, paused 542us total 26.354ms
08-04 14:31:58.738 27726 28206 I art     : Starting a blocking GC Explicit
08-04 14:31:58.763 27726 28206 I art     : Explicit concurrent mark sweep GC freed 36(1264B) AllocSpace objects, 0(0B) LOS objects, 22% free, 53MB/69MB, paused 594us total 24.995ms
08-04 14:31:58.772 27726 28206 I art     : Starting a blocking GC Explicit
08-04 14:31:58.798 27726 28206 I art     : Explicit concurrent mark sweep GC freed 3(96B) AllocSpace objects, 0(0B) LOS objects, 22% free, 53MB/69MB, paused 546us total 25.847ms
08-04 14:31:58.808 27726 28206 I art     : Starting a blocking GC Explicit
08-04 14:31:58.834 27726 28206 I art     : Explicit concurrent mark sweep GC freed 3(96B) AllocSpace objects, 0(0B) LOS objects, 22% free, 53MB/69MB, paused 579us total 25.629ms
08-04 14:31:58.843 27726 28206 I art     : Starting a blocking GC Explicit
08-04 14:31:58.869 27726 28206 I art     : Explicit concurrent mark sweep GC freed 3(96B) AllocSpace objects, 0(0B) LOS objects, 22% free, 53MB/69MB, paused 615us total 25.545ms
08-04 14:31:59.185 27726 27763 I art     : Starting a blocking GC Explicit
08-04 14:31:59.222 27726 27763 I art     : Explicit concurrent mark sweep GC freed 1344(78KB) AllocSpace objects, 1(20KB) LOS objects, 22% free, 53MB/69MB, paused 588us total 35.957ms
08-04 14:31:59.235 27726 27763 I art     : Starting a blocking GC Explicit
08-04 14:31:59.262 27726 27763 I art     : Explicit concurrent mark sweep GC freed 20(704B) AllocSpace objects, 0(0B) LOS objects, 22% free, 53MB/69MB, paused 545us total 26.645ms
08-04 14:31:59.271 27726 27763 I art     : Starting a blocking GC Explicit
08-04 14:31:59.297 27726 27763 I art     : Explicit concurrent mark sweep GC freed 3(96B) AllocSpace objects, 0(0B) LOS objects, 22% free, 53MB/69MB, paused 631us total 25.782ms
08-04 14:31:59.307 27726 27763 I art     : Starting a blocking GC Explicit
08-04 14:31:59.332 27726 27763 I art     : Explicit concurrent mark sweep GC freed 3(96B) AllocSpace objects, 0(0B) LOS objects, 22% free, 53MB/69MB, paused 562us total 25.428ms
08-04 14:31:59.342 27726 27763 I art     : Starting a blocking GC Explicit
08-04 14:31:59.367 27726 27763 I art     : Explicit concurrent mark sweep GC freed 3(96B) AllocSpace objects, 0(0B) LOS objects, 22% free, 53MB/69MB, paused 566us total 25.308ms
08-04 14:31:59.696 27726 27739 I art     : Starting a blocking GC Explicit
08-04 14:31:59.735 27726 27739 I art     : Explicit concurrent mark sweep GC freed 1344(78KB) AllocSpace objects, 1(20KB) LOS objects, 22% free, 53MB/69MB, paused 646us total 38.121ms
08-04 14:31:59.750 27726 27739 I art     : Starting a blocking GC Explicit
08-04 14:31:59.776 27726 27739 I art     : Explicit concurrent mark sweep GC freed 20(704B) AllocSpace objects, 0(0B) LOS objects, 22% free, 53MB/69MB, paused 535us total 25.652ms
08-04 14:31:59.785 27726 27739 I art     : Starting a blocking GC Explicit
08-04 14:31:59.810 27726 27739 I art     : Explicit concurrent mark sweep GC freed 3(96B) AllocSpace objects, 0(0B) LOS objects, 22% free, 53MB/69MB, paused 547us total 24.824ms
08-04 14:31:59.819 27726 27739 I art     : Starting a blocking GC Explicit
08-04 14:31:59.845 27726 27739 I art     : Explicit concurrent mark sweep GC freed 3(96B) AllocSpace objects, 0(0B) LOS objects, 22% free, 53MB/69MB, paused 548us total 25.635ms
08-04 14:31:59.855 27726 27739 I art     : Starting a blocking GC Explicit
08-04 14:31:59.880 27726 27739 I art     : Explicit concurrent mark sweep GC freed 3(96B) AllocSpace objects, 0(0B) LOS objects, 22% free, 53MB/69MB, paused 540us total 25.098ms
08-04 14:32:00.193 27726 27738 I art     : Starting a blocking GC Explicit
08-04 14:32:00.217 27726 27738 I art     : Explicit concurrent mark sweep GC freed 1344(78KB) AllocSpace objects, 1(20KB) LOS objects, 22% free, 53MB/69MB, paused 599us total 24.316ms
08-04 14:32:00.227 27726 27738 I art     : Starting a blocking GC Explicit
08-04 14:32:00.251 27726 27738 I art     : Explicit concurrent mark sweep GC freed 20(704B) AllocSpace objects, 0(0B) LOS objects, 22% free, 53MB/69MB, paused 501us total 24.220ms
08-04 14:32:00.260 27726 27738 I art     : Starting a blocking GC Explicit
08-04 14:32:00.284 27726 27738 I art     : Explicit concurrent mark sweep GC freed 3(96B) AllocSpace objects, 0(0B) LOS objects, 22% free, 53MB/69MB, paused 530us total 23.312ms
08-04 14:32:00.293 27726 27738 I art     : Starting a blocking GC Explicit
08-04 14:32:00.316 27726 27738 I art     : Explicit concurrent mark sweep GC freed 3(96B) AllocSpace objects, 0(0B) LOS objects, 22% free, 53MB/69MB, paused 512us total 23.689ms
08-04 14:32:00.325 27726 27738 I art     : Starting a blocking GC Explicit
08-04 14:32:00.349 27726 27738 I art     : Explicit concurrent mark sweep GC freed 3(96B) AllocSpace objects, 0(0B) LOS objects, 22% free, 53MB/69MB, paused 554us total 23.928ms
08-04 14:32:00.658 27726 28206 I art     : Starting a blocking GC Explicit
08-04 14:32:00.691 27726 28206 I art     : Explicit concurrent mark sweep GC freed 1344(78KB) AllocSpace objects, 1(20KB) LOS objects, 22% free, 53MB/69MB, paused 677us total 32.151ms
08-04 14:32:00.703 27726 28206 I art     : Starting a blocking GC Explicit
08-04 14:32:00.729 27726 28206 I art     : Explicit concurrent mark sweep GC freed 20(704B) AllocSpace objects, 0(0B) LOS objects, 22% free, 53MB/69MB, paused 530us total 25.372ms
08-04 14:32:00.738 27726 28206 I art     : Starting a blocking GC Explicit
08-04 14:32:00.763 27726 28206 I art     : Explicit concurrent mark sweep GC freed 3(96B) AllocSpace objects, 0(0B) LOS objects, 22% free, 53MB/69MB, paused 538us total 25.381ms
08-04 14:32:00.773 27726 28206 I art     : Starting a blocking GC Explicit
08-04 14:32:00.798 27726 28206 I art     : Explicit concurrent mark sweep GC freed 3(96B) AllocSpace objects, 0(0B) LOS objects, 22% free, 53MB/69MB, paused 606us total 25.083ms
08-04 14:32:00.807 27726 28206 I art     : Starting a blocking GC Explicit
08-04 14:32:00.834 27726 28206 I art     : Explicit concurrent mark sweep GC freed 3(96B) AllocSpace objects, 0(0B) LOS objects, 22% free, 53MB/69MB, paused 557us total 25.889ms
08-04 14:32:01.144 27726 27763 I art     : Starting a blocking GC Explicit
08-04 14:32:01.179 27726 27763 I art     : Explicit concurrent mark sweep GC freed 1344(78KB) AllocSpace objects, 1(20KB) LOS objects, 22% free, 53MB/69MB, paused 598us total 35.004ms
08-04 14:32:01.192 27726 27763 I art     : Starting a blocking GC Explicit
08-04 14:32:01.220 27726 27763 I art     : Explicit concurrent mark sweep GC freed 20(704B) AllocSpace objects, 0(0B) LOS objects, 22% free, 53MB/69MB, paused 543us total 27.612ms
08-04 14:32:01.229 27726 27763 I art     : Starting a blocking GC Explicit
08-04 14:32:01.255 27726 27763 I art     : Explicit concurrent mark sweep GC freed 3(96B) AllocSpace objects, 0(0B) LOS objects, 22% free, 53MB/69MB, paused 551us total 25.550ms
08-04 14:32:01.265 27726 27763 I art     : Starting a blocking GC Explicit
08-04 14:32:01.291 27726 27763 I art     : Explicit concurrent mark sweep GC freed 3(96B) AllocSpace objects, 0(0B) LOS objects, 22% free, 53MB/69MB, paused 553us total 26.005ms
08-04 14:32:01.300 27726 27763 I art     : Starting a blocking GC Explicit
08-04 14:32:01.325 27726 27763 I art     : Explicit concurrent mark sweep GC freed 3(96B) AllocSpace objects, 0(0B) LOS objects, 22% free, 53MB/69MB, paused 538us total 24.544ms
08-04 14:32:01.591 27726 27739 I art     : Starting a blocking GC Explicit
08-04 14:32:01.616 27726 27739 I art     : Explicit concurrent mark sweep GC freed 1344(78KB) AllocSpace objects, 1(20KB) LOS objects, 22% free, 53MB/69MB, paused 556us total 25.373ms
08-04 14:32:01.626 27726 27739 I art     : Starting a blocking GC Explicit
08-04 14:32:01.650 27726 27739 I art     : Explicit concurrent mark sweep GC freed 20(704B) AllocSpace objects, 0(0B) LOS objects, 22% free, 53MB/69MB, paused 640us total 23.819ms
08-04 14:32:01.658 27726 27739 I art     : Starting a blocking GC Explicit
08-04 14:32:01.682 27726 27739 I art     : Explicit concurrent mark sweep GC freed 3(96B) AllocSpace objects, 0(0B) LOS objects, 22% free, 53MB/69MB, paused 532us total 23.530ms
08-04 14:32:01.691 27726 27739 I art     : Starting a blocking GC Explicit
08-04 14:32:01.715 27726 27739 I art     : Explicit concurrent mark sweep GC freed 3(96B) AllocSpace objects, 0(0B) LOS objects, 22% free, 53MB/69MB, paused 576us total 23.847ms
08-04 14:32:01.724 27726 27739 I art     : Starting a blocking GC Explicit
08-04 14:32:01.749 27726 27739 I art     : Explicit concurrent mark sweep GC freed 3(96B) AllocSpace objects, 0(0B) LOS objects, 22% free, 53MB/69MB, paused 585us total 24.688ms
08-04 14:32:01.873 31372 31372 D AndroidRuntime: >>>>>> START com.android.internal.os.RuntimeInit uid 2000 <<<<<<
08-04 14:32:01.879 31372 31372 D AndroidRuntime: CheckJNI is OFF
08-04 14:32:01.916 31372 31372 D ICU     : No timezone override file found: /data/misc/zoneinfo/current/icu/icu_tzdata.dat
08-04 14:32:01.951 31372 31372 I Radio-JNI: register_android_hardware_Radio DONE
08-04 14:32:01.973 31372 31372 D AndroidRuntime: Calling main entry com.android.commands.input.Input
08-04 14:32:01.974 31372 31372 I Input   : injectKeyEvent: KeyEvent { action=ACTION_DOWN, keyCode=KEYCODE_BACK, scanCode=0, metaState=0, flags=0x0, repeatCount=0, eventTime=714738387, downTime=714738387, deviceId=-1, source=0x101 }
08-04 14:32:01.983 31372 31372 I Input   : injectKeyEvent: KeyEvent { action=ACTION_UP, keyCode=KEYCODE_BACK, scanCode=0, metaState=0, flags=0x0, repeatCount=0, eventTime=714738387, downTime=714738387, deviceId=-1, source=0x101 }
08-04 14:32:01.989 31372 31372 D AndroidRuntime: Shutting down VM
08-04 14:32:02.022 13866 13866 I GoogleInputMethodServic: GoogleInputMethodService.onFinishInput():3138 
08-04 14:32:02.023 13866 13866 I GoogleInputMethodServic: GoogleInputMethodService.onStartInput():1808 
08-04 14:32:02.042 27726 27738 I art     : Starting a blocking GC Explicit
08-04 14:32:02.070 27726 27738 I art     : Explicit concurrent mark sweep GC freed 1525(85KB) AllocSpace objects, 1(20KB) LOS objects, 22% free, 53MB/69MB, paused 890us total 28.391ms
08-04 14:32:02.081 27726 27738 I art     : Starting a blocking GC Explicit
08-04 14:32:02.102 27726 27738 I art     : Explicit concurrent mark sweep GC freed 27(992B) AllocSpace objects, 0(0B) LOS objects, 22% free, 53MB/69MB, paused 478us total 20.330ms
08-04 14:32:02.110 27726 27738 I art     : Starting a blocking GC Explicit
08-04 14:32:02.130 27726 27738 I art     : Explicit concurrent mark sweep GC freed 3(96B) AllocSpace objects, 0(0B) LOS objects, 22% free, 53MB/69MB, paused 467us total 20.597ms
08-04 14:32:02.139 27726 27738 I art     : Starting a blocking GC Explicit
08-04 14:32:02.160 27726 27738 I art     : Explicit concurrent mark sweep GC freed 3(96B) AllocSpace objects, 0(0B) LOS objects, 22% free, 53MB/69MB, paused 507us total 20.799ms
08-04 14:32:02.168 27726 27738 I art     : Starting a blocking GC Explicit
08-04 14:32:02.189 27726 27738 I art     : Explicit concurrent mark sweep GC freed 3(96B) AllocSpace objects, 0(0B) LOS objects, 22% free, 53MB/69MB, paused 468us total 20.636ms
08-04 14:32:02.328   380   380 W SurfaceFlinger: couldn't log to binary event log: overflow.
08-04 14:32:02.448 27726 27763 I art     : Starting a blocking GC Explicit
08-04 14:32:02.473 27726 27763 I art     : Explicit concurrent mark sweep GC freed 1454(86KB) AllocSpace objects, 1(20KB) LOS objects, 22% free, 53MB/69MB, paused 542us total 24.182ms
08-04 14:32:02.482 27726 27763 I art     : Starting a blocking GC Explicit
08-04 14:32:02.506 27726 27763 I art     : Explicit concurrent mark sweep GC freed 1670(108KB) AllocSpace objects, 3(180KB) LOS objects, 22% free, 53MB/69MB, paused 496us total 23.957ms
08-04 14:32:02.515 27726 27763 I art     : Starting a blocking GC Explicit
08-04 14:32:02.539 27726 27763 I art     : Explicit concurrent mark sweep GC freed 3(96B) AllocSpace objects, 0(0B) LOS objects, 22% free, 53MB/69MB, paused 521us total 23.312ms
08-04 14:32:02.547 27726 27763 I art     : Starting a blocking GC Explicit
08-04 14:32:02.572 27726 27763 I art     : Explicit concurrent mark sweep GC freed 3(96B) AllocSpace objects, 0(0B) LOS objects, 22% free, 53MB/69MB, paused 536us total 24.281ms
08-04 14:32:02.581 27726 27763 I art     : Starting a blocking GC Explicit
08-04 14:32:02.605 27726 27763 I art     : Explicit concurrent mark sweep GC freed 3(96B) AllocSpace objects, 0(0B) LOS objects, 22% free, 53MB/69MB, paused 616us total 24.056ms
08-04 14:32:02.898 27726 28206 I art     : Starting a blocking GC Explicit
08-04 14:32:02.933 27726 28206 I art     : Explicit concurrent mark sweep GC freed 1344(78KB) AllocSpace objects, 1(20KB) LOS objects, 22% free, 53MB/69MB, paused 617us total 34.475ms
08-04 14:32:02.950 27726 28206 I art     : Starting a blocking GC Explicit
08-04 14:32:02.976 27726 28206 I art     : Explicit concurrent mark sweep GC freed 20(704B) AllocSpace objects, 0(0B) LOS objects, 22% free, 53MB/69MB, paused 538us total 25.153ms
08-04 14:32:02.985 27726 28206 I art     : Starting a blocking GC Explicit
08-04 14:32:03.008 27726 28206 I art     : Explicit concurrent mark sweep GC freed 3(96B) AllocSpace objects, 0(0B) LOS objects, 22% free, 53MB/69MB, paused 527us total 23.266ms
08-04 14:32:03.018 27726 28206 I art     : Starting a blocking GC Explicit
08-04 14:32:03.043 27726 28206 I art     : Explicit concurrent mark sweep GC freed 3(96B) AllocSpace objects, 0(0B) LOS objects, 22% free, 53MB/69MB, paused 528us total 24.931ms
08-04 14:32:03.052 27726 28206 I art     : Starting a blocking GC Explicit
08-04 14:32:03.076 27726 28206 I art     : Explicit concurrent mark sweep GC freed 3(96B) AllocSpace objects, 0(0B) LOS objects, 22% free, 53MB/69MB, paused 544us total 24.197ms
08-04 14:32:03.341 27726 27739 I art     : Starting a blocking GC Explicit
08-04 14:32:03.366 27726 27739 I art     : Explicit concurrent mark sweep GC freed 1357(78KB) AllocSpace objects, 1(20KB) LOS objects, 22% free, 53MB/69MB, paused 537us total 24.180ms
08-04 14:32:03.375 27726 27739 I art     : Starting a blocking GC Explicit
08-04 14:32:03.400 27726 27739 I art     : Explicit concurrent mark sweep GC freed 34(1136B) AllocSpace objects, 0(0B) LOS objects, 22% free, 53MB/69MB, paused 531us total 24.467ms
08-04 14:32:03.408 27726 27739 I art     : Starting a blocking GC Explicit
08-04 14:32:03.413   918  3261 D WifiStateMachine: starting scan for "H369AA63323"WPA_PSK with 2412,5180
08-04 14:32:03.431 27726 27739 I art     : Explicit concurrent mark sweep GC freed 3(96B) AllocSpace objects, 0(0B) LOS objects, 22% free, 53MB/69MB, paused 516us total 22.700ms
08-04 14:32:03.440 27726 27739 I art     : Starting a blocking GC Explicit
08-04 14:32:03.463 27726 27739 I art     : Explicit concurrent mark sweep GC freed 3(96B) AllocSpace objects, 0(0B) LOS objects, 22% free, 53MB/69MB, paused 531us total 22.765ms
08-04 14:32:03.472 27726 27739 I art     : Starting a blocking GC Explicit
08-04 14:32:03.495 27726 27739 I art     : Explicit concurrent mark sweep GC freed 3(96B) AllocSpace objects, 0(0B) LOS objects, 22% free, 53MB/69MB, paused 525us total 23.014ms
08-04 14:32:03.657 31429 31429 D AndroidRuntime: >>>>>> START com.android.internal.os.RuntimeInit uid 2000 <<<<<<
08-04 14:32:03.663 31429 31429 D AndroidRuntime: CheckJNI is OFF
08-04 14:32:03.697 31429 31429 D ICU     : No timezone override file found: /data/misc/zoneinfo/current/icu/icu_tzdata.dat
08-04 14:32:03.731 31429 31429 I Radio-JNI: register_android_hardware_Radio DONE
08-04 14:32:03.753 31429 31429 D AndroidRuntime: Calling main entry com.android.commands.input.Input
08-04 14:32:03.755 31429 31429 I Input   : injectMotionEvent: MotionEvent { action=ACTION_DOWN, actionButton=0, id[0]=0, x[0]=255.0, y[0]=1845.0, toolType[0]=TOOL_TYPE_UNKNOWN, buttonState=0, metaState=0, flags=0x0, edgeFlags=0x0, pointerCount=1, historySize=0, eventTime=714740168, downTime=714740168, deviceId=0, source=0x1002 }
08-04 14:32:03.759 31429 31429 I Input   : injectMotionEvent: MotionEvent { action=ACTION_UP, actionButton=0, id[0]=0, x[0]=255.0, y[0]=1845.0, toolType[0]=TOOL_TYPE_UNKNOWN, buttonState=0, metaState=0, flags=0x0, edgeFlags=0x0, pointerCount=1, historySize=0, eventTime=714740168, downTime=714740168, deviceId=0, source=0x1002 }
08-04 14:32:03.760   918  3670 I ActivityManager: START u0 {cmp=baseline.appteam.nith.hillffair/.activities.ClubActivity (has extras)} from uid 10651 on display 0
08-04 14:32:03.768 31429 31429 D AndroidRuntime: Shutting down VM
08-04 14:32:03.783 27726 27739 I art     : Starting a blocking GC Explicit
08-04 14:32:03.811 27726 27739 I art     : Explicit concurrent mark sweep GC freed 5015(352KB) AllocSpace objects, 1(20KB) LOS objects, 22% free, 53MB/69MB, paused 886us total 26.985ms
08-04 14:32:03.819 27726 27739 I art     : Starting a blocking GC Explicit
08-04 14:32:03.842 27726 27739 I art     : Explicit concurrent mark sweep GC freed 308(24KB) AllocSpace objects, 0(0B) LOS objects, 22% free, 53MB/69MB, paused 840us total 22.576ms
08-04 14:32:03.848 27726 27726 I NAPPA_EXPERIMENTATION: MetricNetworkRequestExecutionTime: REQUEST_DURATION_SYSTEM='52',REQUEST_DURATION_OKHTTP='30',REQUEST_SYNCHRONOUS='FALSE',RESPONSE_CODE='200',RESPONSE_METHOD='GET',RESPONSE_LENGTH_OKHTTP='1171',RESPONSE_LENGTH_HEADER='-2',REQUEST_PROTOCOL='http/1.1',REQUEST_URL='https://api-hillfair-2k16.herokuapp.com/api/app/club/Technical%20Committee',
08-04 14:32:03.851 27726 27739 I art     : Starting a blocking GC Explicit
08-04 14:32:03.854   918   936 I ActivityManager: Displayed baseline.appteam.nith.hillffair/.activities.ClubActivity: +85ms
08-04 14:32:03.854 13866 13866 I GoogleInputMethodServic: GoogleInputMethodService.onFinishInput():3138 
08-04 14:32:03.855 13866 13866 I GoogleInputMethodServic: GoogleInputMethodService.onStartInput():1808 
08-04 14:32:03.874 27726 27739 I art     : Explicit concurrent mark sweep GC freed 640(49KB) AllocSpace objects, 0(0B) LOS objects, 22% free, 53MB/69MB, paused 600us total 22.763ms
08-04 14:32:03.883 27726 27739 I art     : Starting a blocking GC Explicit
08-04 14:32:03.905 27726 27739 I art     : Explicit concurrent mark sweep GC freed 76(2592B) AllocSpace objects, 0(0B) LOS objects, 22% free, 53MB/69MB, paused 473us total 21.228ms
08-04 14:32:03.913 27726 27739 I art     : Starting a blocking GC Explicit
08-04 14:32:03.936 27726 27739 I art     : Explicit concurrent mark sweep GC freed 6(192B) AllocSpace objects, 0(0B) LOS objects, 22% free, 53MB/69MB, paused 570us total 22.527ms
08-04 14:32:04.128   380   380 W SurfaceFlinger: couldn't log to binary event log: overflow.
08-04 14:32:04.219 27726 28206 I art     : Starting a blocking GC Explicit
08-04 14:32:04.243 27726 28206 I art     : Explicit concurrent mark sweep GC freed 1344(78KB) AllocSpace objects, 1(20KB) LOS objects, 22% free, 53MB/69MB, paused 495us total 24.113ms
08-04 14:32:04.255 27726 28206 I art     : Starting a blocking GC Explicit
08-04 14:32:04.285 27726 28206 I art     : Explicit concurrent mark sweep GC freed 120(6KB) AllocSpace objects, 0(0B) LOS objects, 22% free, 53MB/69MB, paused 513us total 30.605ms
08-04 14:32:04.294 27726 28206 I art     : Starting a blocking GC Explicit
08-04 14:32:04.317 27726 28206 I art     : Explicit concurrent mark sweep GC freed 3(96B) AllocSpace objects, 0(0B) LOS objects, 22% free, 53MB/69MB, paused 551us total 22.437ms
08-04 14:32:04.326 27726 28206 I art     : Starting a blocking GC Explicit
08-04 14:32:04.348 27726 28206 I art     : Explicit concurrent mark sweep GC freed 3(96B) AllocSpace objects, 0(0B) LOS objects, 22% free, 53MB/69MB, paused 473us total 22.262ms
08-04 14:32:04.357 27726 28206 I art     : Starting a blocking GC Explicit
08-04 14:32:04.380 27726 28206 I art     : Explicit concurrent mark sweep GC freed 3(96B) AllocSpace objects, 0(0B) LOS objects, 22% free, 53MB/69MB, paused 533us total 22.767ms
08-04 14:32:04.681 27726 27738 I art     : Starting a blocking GC Explicit
08-04 14:32:04.708 27726 27738 I art     : Explicit concurrent mark sweep GC freed 1344(78KB) AllocSpace objects, 1(20KB) LOS objects, 22% free, 53MB/69MB, paused 571us total 26.806ms
08-04 14:32:04.721 27726 27738 I art     : Starting a blocking GC Explicit
08-04 14:32:04.746 27726 27738 I art     : Explicit concurrent mark sweep GC freed 36(1264B) AllocSpace objects, 0(0B) LOS objects, 22% free, 53MB/69MB, paused 532us total 24.321ms
08-04 14:32:04.755 27726 27738 I art     : Starting a blocking GC Explicit
08-04 14:32:04.779 27726 27738 I art     : Explicit concurrent mark sweep GC freed 3(96B) AllocSpace objects, 0(0B) LOS objects, 22% free, 53MB/69MB, paused 528us total 23.651ms
08-04 14:32:04.787 27726 27738 I art     : Starting a blocking GC Explicit
08-04 14:32:04.811 27726 27738 I art     : Explicit concurrent mark sweep GC freed 3(96B) AllocSpace objects, 0(0B) LOS objects, 22% free, 53MB/69MB, paused 516us total 23.726ms
08-04 14:32:04.820 27726 27738 I art     : Starting a blocking GC Explicit
08-04 14:32:04.846 27726 27738 I art     : Explicit concurrent mark sweep GC freed 3(96B) AllocSpace objects, 0(0B) LOS objects, 22% free, 53MB/69MB, paused 544us total 25.435ms
08-04 14:32:05.133 27726 27739 I art     : Starting a blocking GC Explicit
08-04 14:32:05.168 27726 27739 I art     : Explicit concurrent mark sweep GC freed 1344(78KB) AllocSpace objects, 1(20KB) LOS objects, 22% free, 53MB/69MB, paused 861us total 34.387ms
08-04 14:32:05.181 27726 27739 I art     : Starting a blocking GC Explicit
08-04 14:32:05.205 27726 27739 I art     : Explicit concurrent mark sweep GC freed 20(704B) AllocSpace objects, 0(0B) LOS objects, 22% free, 53MB/69MB, paused 523us total 24.605ms
08-04 14:32:05.215 27726 27739 I art     : Starting a blocking GC Explicit
08-04 14:32:05.240 27726 27739 I art     : Explicit concurrent mark sweep GC freed 3(96B) AllocSpace objects, 0(0B) LOS objects, 22% free, 53MB/69MB, paused 536us total 25.102ms
08-04 14:32:05.249 27726 27739 I art     : Starting a blocking GC Explicit
08-04 14:32:05.275 27726 27739 I art     : Explicit concurrent mark sweep GC freed 3(96B) AllocSpace objects, 0(0B) LOS objects, 22% free, 53MB/69MB, paused 550us total 25.341ms
08-04 14:32:05.285 27726 27739 I art     : Starting a blocking GC Explicit
08-04 14:32:05.311 27726 27739 I art     : Explicit concurrent mark sweep GC freed 3(96B) AllocSpace objects, 0(0B) LOS objects, 22% free, 53MB/69MB, paused 542us total 25.906ms
08-04 14:32:05.646 27726 28206 I art     : Starting a blocking GC Explicit
08-04 14:32:05.681 27726 28206 I art     : Explicit concurrent mark sweep GC freed 1344(78KB) AllocSpace objects, 1(20KB) LOS objects, 22% free, 53MB/69MB, paused 580us total 35.261ms
08-04 14:32:05.693 27726 28206 I art     : Starting a blocking GC Explicit
08-04 14:32:05.719 27726 28206 I art     : Explicit concurrent mark sweep GC freed 20(704B) AllocSpace objects, 0(0B) LOS objects, 22% free, 53MB/69MB, paused 558us total 25.765ms
08-04 14:32:05.729 27726 28206 I art     : Starting a blocking GC Explicit
08-04 14:32:05.754 27726 28206 I art     : Explicit concurrent mark sweep GC freed 3(96B) AllocSpace objects, 0(0B) LOS objects, 22% free, 53MB/69MB, paused 542us total 25.594ms
08-04 14:32:05.764 27726 28206 I art     : Starting a blocking GC Explicit
08-04 14:32:05.790 27726 28206 I art     : Explicit concurrent mark sweep GC freed 3(96B) AllocSpace objects, 0(0B) LOS objects, 22% free, 53MB/69MB, paused 524us total 25.468ms
08-04 14:32:05.799 27726 28206 I art     : Starting a blocking GC Explicit
08-04 14:32:05.825 27726 28206 I art     : Explicit concurrent mark sweep GC freed 3(96B) AllocSpace objects, 0(0B) LOS objects, 22% free, 53MB/69MB, paused 539us total 25.791ms
08-04 14:32:06.146 27726 27763 I art     : Starting a blocking GC Explicit
08-04 14:32:06.179 27726 27763 I art     : Explicit concurrent mark sweep GC freed 1344(78KB) AllocSpace objects, 1(20KB) LOS objects, 22% free, 53MB/69MB, paused 614us total 32.236ms
08-04 14:32:06.191 27726 27763 I art     : Starting a blocking GC Explicit
08-04 14:32:06.217 27726 27763 I art     : Explicit concurrent mark sweep GC freed 20(704B) AllocSpace objects, 0(0B) LOS objects, 22% free, 53MB/69MB, paused 605us total 25.877ms
08-04 14:32:06.226 27726 27763 I art     : Starting a blocking GC Explicit
08-04 14:32:06.252 27726 27763 I art     : Explicit concurrent mark sweep GC freed 3(96B) AllocSpace objects, 0(0B) LOS objects, 22% free, 53MB/69MB, paused 539us total 25.613ms
08-04 14:32:06.262 27726 27763 I art     : Starting a blocking GC Explicit
08-04 14:32:06.288 27726 27763 I art     : Explicit concurrent mark sweep GC freed 3(96B) AllocSpace objects, 0(0B) LOS objects, 22% free, 53MB/69MB, paused 556us total 26.018ms
08-04 14:32:06.297 27726 27763 I art     : Starting a blocking GC Explicit
08-04 14:32:06.323 27726 27763 I art     : Explicit concurrent mark sweep GC freed 3(96B) AllocSpace objects, 0(0B) LOS objects, 22% free, 53MB/69MB, paused 551us total 25.659ms
08-04 14:32:06.647 27726 27738 I art     : Starting a blocking GC Explicit
08-04 14:32:06.679 27726 27738 I art     : Explicit concurrent mark sweep GC freed 1344(78KB) AllocSpace objects, 1(20KB) LOS objects, 22% free, 53MB/69MB, paused 600us total 31.879ms
08-04 14:32:06.691 27726 27738 I art     : Starting a blocking GC Explicit
08-04 14:32:06.717 27726 27738 I art     : Explicit concurrent mark sweep GC freed 20(704B) AllocSpace objects, 0(0B) LOS objects, 22% free, 53MB/69MB, paused 523us total 25.430ms
08-04 14:32:06.726 27726 27738 I art     : Starting a blocking GC Explicit
08-04 14:32:06.752 27726 27738 I art     : Explicit concurrent mark sweep GC freed 3(96B) AllocSpace objects, 0(0B) LOS objects, 22% free, 53MB/69MB, paused 570us total 25.064ms
08-04 14:32:06.761 27726 27738 I art     : Starting a blocking GC Explicit
08-04 14:32:06.787 27726 27738 I art     : Explicit concurrent mark sweep GC freed 3(96B) AllocSpace objects, 0(0B) LOS objects, 22% free, 53MB/69MB, paused 625us total 25.649ms
08-04 14:32:06.796 27726 27738 I art     : Starting a blocking GC Explicit
08-04 14:32:06.822 27726 27738 I art     : Explicit concurrent mark sweep GC freed 3(96B) AllocSpace objects, 0(0B) LOS objects, 22% free, 53MB/69MB, paused 548us total 25.481ms
08-04 14:32:07.148 27726 27739 I art     : Starting a blocking GC Explicit
08-04 14:32:07.178 27726 27739 I art     : Explicit concurrent mark sweep GC freed 1344(78KB) AllocSpace objects, 1(20KB) LOS objects, 22% free, 53MB/69MB, paused 627us total 30.264ms
08-04 14:32:07.190 27726 27739 I art     : Starting a blocking GC Explicit
08-04 14:32:07.216 27726 27739 I art     : Explicit concurrent mark sweep GC freed 20(704B) AllocSpace objects, 0(0B) LOS objects, 22% free, 53MB/69MB, paused 544us total 25.730ms
08-04 14:32:07.225 27726 27739 I art     : Starting a blocking GC Explicit
08-04 14:32:07.251 27726 27739 I art     : Explicit concurrent mark sweep GC freed 3(96B) AllocSpace objects, 0(0B) LOS objects, 22% free, 53MB/69MB, paused 536us total 25.327ms
08-04 14:32:07.260 27726 27739 I art     : Starting a blocking GC Explicit
08-04 14:32:07.285 27726 27739 I art     : Explicit concurrent mark sweep GC freed 3(96B) AllocSpace objects, 0(0B) LOS objects, 22% free, 53MB/69MB, paused 538us total 25.098ms
08-04 14:32:07.294 27726 27739 I art     : Starting a blocking GC Explicit
08-04 14:32:07.320 27726 27739 I art     : Explicit concurrent mark sweep GC freed 3(96B) AllocSpace objects, 0(0B) LOS objects, 22% free, 53MB/69MB, paused 608us total 25.150ms
08-04 14:32:07.657 27726 28206 I art     : Starting a blocking GC Explicit
08-04 14:32:07.692 27726 28206 I art     : Explicit concurrent mark sweep GC freed 1344(78KB) AllocSpace objects, 1(20KB) LOS objects, 22% free, 53MB/69MB, paused 592us total 34.192ms
08-04 14:32:07.703 27726 28206 I art     : Starting a blocking GC Explicit
08-04 14:32:07.729 27726 28206 I art     : Explicit concurrent mark sweep GC freed 20(704B) AllocSpace objects, 0(0B) LOS objects, 22% free, 53MB/69MB, paused 572us total 25.162ms
08-04 14:32:07.738 27726 28206 I art     : Starting a blocking GC Explicit
08-04 14:32:07.764 27726 28206 I art     : Explicit concurrent mark sweep GC freed 3(96B) AllocSpace objects, 0(0B) LOS objects, 22% free, 53MB/69MB, paused 540us total 25.724ms
08-04 14:32:07.774 27726 28206 I art     : Starting a blocking GC Explicit
08-04 14:32:07.799 27726 28206 I art     : Explicit concurrent mark sweep GC freed 3(96B) AllocSpace objects, 0(0B) LOS objects, 22% free, 53MB/69MB, paused 551us total 25.214ms
08-04 14:32:07.809 27726 28206 I art     : Starting a blocking GC Explicit
08-04 14:32:07.835 27726 28206 I art     : Explicit concurrent mark sweep GC freed 3(96B) AllocSpace objects, 0(0B) LOS objects, 22% free, 53MB/69MB, paused 546us total 25.689ms
08-04 14:32:08.130 27726 27763 I art     : Starting a blocking GC Explicit
08-04 14:32:08.155 27726 27763 I art     : Explicit concurrent mark sweep GC freed 1344(78KB) AllocSpace objects, 1(20KB) LOS objects, 22% free, 53MB/69MB, paused 538us total 24.158ms
08-04 14:32:08.164 27726 27763 I art     : Starting a blocking GC Explicit
08-04 14:32:08.189 27726 27763 I art     : Explicit concurrent mark sweep GC freed 20(704B) AllocSpace objects, 0(0B) LOS objects, 22% free, 53MB/69MB, paused 533us total 25.156ms
08-04 14:32:08.198 27726 27763 I art     : Starting a blocking GC Explicit
08-04 14:32:08.222 27726 27763 I art     : Explicit concurrent mark sweep GC freed 3(96B) AllocSpace objects, 0(0B) LOS objects, 22% free, 53MB/69MB, paused 562us total 23.615ms
08-04 14:32:08.231 27726 27763 I art     : Starting a blocking GC Explicit
08-04 14:32:08.255 27726 27763 I art     : Explicit concurrent mark sweep GC freed 3(96B) AllocSpace objects, 0(0B) LOS objects, 22% free, 53MB/69MB, paused 521us total 23.821ms
08-04 14:32:08.264 27726 27763 I art     : Starting a blocking GC Explicit
08-04 14:32:08.288 27726 27763 I art     : Explicit concurrent mark sweep GC freed 3(96B) AllocSpace objects, 0(0B) LOS objects, 22% free, 53MB/69MB, paused 566us total 23.611ms
08-04 14:32:08.455 31543 31543 D AndroidRuntime: >>>>>> START com.android.internal.os.RuntimeInit uid 2000 <<<<<<
08-04 14:32:08.461 31543 31543 D AndroidRuntime: CheckJNI is OFF
08-04 14:32:08.495 31543 31543 D ICU     : No timezone override file found: /data/misc/zoneinfo/current/icu/icu_tzdata.dat
08-04 14:32:08.527 31543 31543 I Radio-JNI: register_android_hardware_Radio DONE
08-04 14:32:08.549 31543 31543 D AndroidRuntime: Calling main entry com.android.commands.input.Input
08-04 14:32:08.551 31543 31543 I Input   : injectKeyEvent: KeyEvent { action=ACTION_DOWN, keyCode=KEYCODE_BACK, scanCode=0, metaState=0, flags=0x0, repeatCount=0, eventTime=714744964, downTime=714744964, deviceId=-1, source=0x101 }
08-04 14:32:08.555 31543 31543 I Input   : injectKeyEvent: KeyEvent { action=ACTION_UP, keyCode=KEYCODE_BACK, scanCode=0, metaState=0, flags=0x0, repeatCount=0, eventTime=714744964, downTime=714744964, deviceId=-1, source=0x101 }
08-04 14:32:08.561 31543 31543 D AndroidRuntime: Shutting down VM
08-04 14:32:08.593 27726 27738 I art     : Starting a blocking GC Explicit
08-04 14:32:08.597 13866 13866 I GoogleInputMethodServic: GoogleInputMethodService.onFinishInput():3138 
08-04 14:32:08.598 13866 13866 I GoogleInputMethodServic: GoogleInputMethodService.onStartInput():1808 
08-04 14:32:08.618 27726 27738 I art     : Explicit concurrent mark sweep GC freed 1515(85KB) AllocSpace objects, 1(20KB) LOS objects, 22% free, 53MB/69MB, paused 639us total 24.307ms
08-04 14:32:08.629 27726 27738 I art     : Starting a blocking GC Explicit
08-04 14:32:08.654 27726 27738 I art     : Explicit concurrent mark sweep GC freed 34(1168B) AllocSpace objects, 0(0B) LOS objects, 22% free, 53MB/69MB, paused 586us total 24.883ms
08-04 14:32:08.662 27726 27738 I art     : Starting a blocking GC Explicit
08-04 14:32:08.682 27726 27738 I art     : Explicit concurrent mark sweep GC freed 6(224B) AllocSpace objects, 0(0B) LOS objects, 22% free, 53MB/69MB, paused 514us total 20.020ms
08-04 14:32:08.691 27726 27738 I art     : Starting a blocking GC Explicit
08-04 14:32:08.713 27726 27738 I art     : Explicit concurrent mark sweep GC freed 3(96B) AllocSpace objects, 0(0B) LOS objects, 22% free, 53MB/69MB, paused 470us total 21.342ms
08-04 14:32:08.721 27726 27738 I art     : Starting a blocking GC Explicit
08-04 14:32:08.745 27726 27738 I art     : Explicit concurrent mark sweep GC freed 3(96B) AllocSpace objects, 0(0B) LOS objects, 22% free, 53MB/69MB, paused 700us total 24.315ms
08-04 14:32:08.920   380   380 W SurfaceFlinger: couldn't log to binary event log: overflow.
08-04 14:32:09.008 27726 28206 I art     : Starting a blocking GC Explicit
08-04 14:32:09.033 27726 28206 I art     : Explicit concurrent mark sweep GC freed 1453(86KB) AllocSpace objects, 1(20KB) LOS objects, 22% free, 53MB/69MB, paused 607us total 25.098ms
08-04 14:32:09.042 27726 28206 I art     : Starting a blocking GC Explicit
08-04 14:32:09.068 27726 28206 I art     : Explicit concurrent mark sweep GC freed 1671(108KB) AllocSpace objects, 3(180KB) LOS objects, 22% free, 53MB/69MB, paused 626us total 25.324ms
08-04 14:32:09.077 27726 28206 I art     : Starting a blocking GC Explicit
08-04 14:32:09.101 27726 28206 I art     : Explicit concurrent mark sweep GC freed 3(96B) AllocSpace objects, 0(0B) LOS objects, 22% free, 53MB/69MB, paused 534us total 24.315ms
08-04 14:32:09.111 27726 28206 I art     : Starting a blocking GC Explicit
08-04 14:32:09.136 27726 28206 I art     : Explicit concurrent mark sweep GC freed 3(96B) AllocSpace objects, 0(0B) LOS objects, 22% free, 53MB/69MB, paused 548us total 24.576ms
08-04 14:32:09.145 27726 28206 I art     : Starting a blocking GC Explicit
08-04 14:32:09.170 27726 28206 I art     : Explicit concurrent mark sweep GC freed 3(96B) AllocSpace objects, 0(0B) LOS objects, 22% free, 53MB/69MB, paused 531us total 25.165ms
08-04 14:32:09.467 27726 27763 I art     : Starting a blocking GC Explicit
08-04 14:32:09.502 27726 27763 I art     : Explicit concurrent mark sweep GC freed 1344(78KB) AllocSpace objects, 1(20KB) LOS objects, 22% free, 53MB/69MB, paused 586us total 34.810ms
08-04 14:32:09.515 27726 27763 I art     : Starting a blocking GC Explicit
08-04 14:32:09.540 27726 27763 I art     : Explicit concurrent mark sweep GC freed 20(704B) AllocSpace objects, 0(0B) LOS objects, 22% free, 53MB/69MB, paused 545us total 24.915ms
08-04 14:32:09.549 27726 27763 I art     : Starting a blocking GC Explicit
08-04 14:32:09.573 27726 27763 I art     : Explicit concurrent mark sweep GC freed 3(96B) AllocSpace objects, 0(0B) LOS objects, 22% free, 53MB/69MB, paused 525us total 23.886ms
08-04 14:32:09.583 27726 27763 I art     : Starting a blocking GC Explicit
08-04 14:32:09.607 27726 27763 I art     : Explicit concurrent mark sweep GC freed 3(96B) AllocSpace objects, 0(0B) LOS objects, 22% free, 53MB/69MB, paused 557us total 24.610ms
08-04 14:32:09.617 27726 27763 I art     : Starting a blocking GC Explicit
08-04 14:32:09.641 27726 27763 I art     : Explicit concurrent mark sweep GC freed 3(96B) AllocSpace objects, 0(0B) LOS objects, 22% free, 53MB/69MB, paused 553us total 24.221ms
08-04 14:32:09.909 27726 27739 I art     : Starting a blocking GC Explicit
08-04 14:32:09.933 27726 27739 I art     : Explicit concurrent mark sweep GC freed 1344(78KB) AllocSpace objects, 1(20KB) LOS objects, 22% free, 53MB/69MB, paused 548us total 24.309ms
08-04 14:32:09.942 27726 27739 I art     : Starting a blocking GC Explicit
08-04 14:32:09.965 27726 27739 I art     : Explicit concurrent mark sweep GC freed 20(704B) AllocSpace objects, 0(0B) LOS objects, 22% free, 53MB/69MB, paused 519us total 21.954ms
08-04 14:32:09.973 27726 27739 I art     : Starting a blocking GC Explicit
08-04 14:32:09.995 27726 27739 I art     : Explicit concurrent mark sweep GC freed 3(96B) AllocSpace objects, 0(0B) LOS objects, 22% free, 53MB/69MB, paused 541us total 22.278ms
08-04 14:32:10.004 27726 27739 I art     : Starting a blocking GC Explicit
08-04 14:32:10.027 27726 27739 I art     : Explicit concurrent mark sweep GC freed 3(96B) AllocSpace objects, 0(0B) LOS objects, 22% free, 53MB/69MB, paused 567us total 23.117ms
08-04 14:32:10.036 27726 27739 I art     : Starting a blocking GC Explicit
08-04 14:32:10.060 27726 27739 I art     : Explicit concurrent mark sweep GC freed 3(96B) AllocSpace objects, 0(0B) LOS objects, 22% free, 53MB/69MB, paused 544us total 23.296ms
08-04 14:32:10.218 31598 31598 D AndroidRuntime: >>>>>> START com.android.internal.os.RuntimeInit uid 2000 <<<<<<
08-04 14:32:10.223 31598 31598 D AndroidRuntime: CheckJNI is OFF
08-04 14:32:10.255 31598 31598 D ICU     : No timezone override file found: /data/misc/zoneinfo/current/icu/icu_tzdata.dat
08-04 14:32:10.286 31598 31598 I Radio-JNI: register_android_hardware_Radio DONE
08-04 14:32:10.308 31598 31598 D AndroidRuntime: Calling main entry com.android.commands.input.Input
08-04 14:32:10.310 31598 31598 I Input   : injectMotionEvent: MotionEvent { action=ACTION_DOWN, actionButton=0, id[0]=0, x[0]=369.0, y[0]=554.0, toolType[0]=TOOL_TYPE_UNKNOWN, buttonState=0, metaState=0, flags=0x0, edgeFlags=0x0, pointerCount=1, historySize=0, eventTime=714746723, downTime=714746723, deviceId=0, source=0x1002 }
08-04 14:32:10.314 31598 31598 I Input   : injectMotionEvent: MotionEvent { action=ACTION_UP, actionButton=0, id[0]=0, x[0]=369.0, y[0]=554.0, toolType[0]=TOOL_TYPE_UNKNOWN, buttonState=0, metaState=0, flags=0x0, edgeFlags=0x0, pointerCount=1, historySize=0, eventTime=714746723, downTime=714746723, deviceId=0, source=0x1002 }
08-04 14:32:10.315   918  4400 I ActivityManager: START u0 {cmp=baseline.appteam.nith.hillffair/.activities.ClubActivity (has extras)} from uid 10651 on display 0
08-04 14:32:10.323 31598 31598 D AndroidRuntime: Shutting down VM
08-04 14:32:10.334 27726 27738 I art     : Starting a blocking GC Explicit
08-04 14:32:10.361 27726 27738 I art     : Explicit concurrent mark sweep GC freed 4686(300KB) AllocSpace objects, 1(20KB) LOS objects, 22% free, 53MB/69MB, paused 926us total 26.513ms
08-04 14:32:10.372 27726 27738 I art     : Starting a blocking GC Explicit
08-04 14:32:10.394 27726 27738 I art     : Explicit concurrent mark sweep GC freed 518(68KB) AllocSpace objects, 0(0B) LOS objects, 22% free, 53MB/69MB, paused 505us total 21.932ms
08-04 14:32:10.402 27726 27738 I art     : Starting a blocking GC Explicit
08-04 14:32:10.416 27726 27726 I NAPPA_EXPERIMENTATION: MetricNetworkRequestExecutionTime: REQUEST_DURATION_SYSTEM='64',REQUEST_DURATION_OKHTTP='33',REQUEST_SYNCHRONOUS='FALSE',RESPONSE_CODE='200',RESPONSE_METHOD='GET',RESPONSE_LENGTH_OKHTTP='979',RESPONSE_LENGTH_HEADER='-2',REQUEST_PROTOCOL='http/1.1',REQUEST_URL='https://api-hillfair-2k16.herokuapp.com/api/app/club/PR%20Club',
08-04 14:32:10.423   918   936 I ActivityManager: Displayed baseline.appteam.nith.hillffair/.activities.ClubActivity: +99ms
08-04 14:32:10.423 13866 13866 I GoogleInputMethodServic: GoogleInputMethodService.onFinishInput():3138 
08-04 14:32:10.425 13866 13866 I GoogleInputMethodServic: GoogleInputMethodService.onStartInput():1808 
08-04 14:32:10.426 27726 27738 I art     : Explicit concurrent mark sweep GC freed 707(49KB) AllocSpace objects, 0(0B) LOS objects, 22% free, 53MB/69MB, paused 872us total 23.027ms
08-04 14:32:10.435 27726 27738 I art     : Starting a blocking GC Explicit
08-04 14:32:10.460 27726 27738 I art     : Explicit concurrent mark sweep GC freed 119(7KB) AllocSpace objects, 0(0B) LOS objects, 22% free, 53MB/69MB, paused 522us total 25.298ms
08-04 14:32:10.469 27726 27738 I art     : Starting a blocking GC Explicit
08-04 14:32:10.490 27726 27738 I art     : Explicit concurrent mark sweep GC freed 10(336B) AllocSpace objects, 0(0B) LOS objects, 22% free, 53MB/69MB, paused 487us total 20.868ms
08-04 14:32:10.656   380   380 W SurfaceFlinger: couldn't log to binary event log: overflow.
08-04 14:32:10.745 27726 27739 I art     : Starting a blocking GC Explicit
08-04 14:32:10.767 27726 27739 I art     : Explicit concurrent mark sweep GC freed 1344(78KB) AllocSpace objects, 1(20KB) LOS objects, 22% free, 53MB/69MB, paused 564us total 22.087ms
08-04 14:32:10.776 27726 27739 I art     : Starting a blocking GC Explicit
08-04 14:32:10.798 27726 27739 I art     : Explicit concurrent mark sweep GC freed 111(6KB) AllocSpace objects, 0(0B) LOS objects, 22% free, 53MB/69MB, paused 552us total 22.251ms
08-04 14:32:10.807 27726 27739 I art     : Starting a blocking GC Explicit
08-04 14:32:10.830 27726 27739 I art     : Explicit concurrent mark sweep GC freed 12(464B) AllocSpace objects, 0(0B) LOS objects, 22% free, 53MB/69MB, paused 484us total 22.261ms
08-04 14:32:10.839 27726 27739 I art     : Starting a blocking GC Explicit
08-04 14:32:10.861 27726 27739 I art     : Explicit concurrent mark sweep GC freed 3(96B) AllocSpace objects, 0(0B) LOS objects, 22% free, 53MB/69MB, paused 515us total 22.003ms
08-04 14:32:10.870 27726 27739 I art     : Starting a blocking GC Explicit
08-04 14:32:10.892 27726 27739 I art     : Explicit concurrent mark sweep GC freed 3(96B) AllocSpace objects, 0(0B) LOS objects, 22% free, 53MB/69MB, paused 477us total 22.486ms
08-04 14:32:11.172 27726 27739 I art     : Starting a blocking GC Explicit
08-04 14:32:11.198 27726 27739 I art     : Explicit concurrent mark sweep GC freed 1344(78KB) AllocSpace objects, 1(20KB) LOS objects, 22% free, 53MB/69MB, paused 587us total 25.341ms
08-04 14:32:11.207 27726 27739 I art     : Starting a blocking GC Explicit
08-04 14:32:11.232 27726 27739 I art     : Explicit concurrent mark sweep GC freed 36(1264B) AllocSpace objects, 0(0B) LOS objects, 22% free, 53MB/69MB, paused 543us total 25.044ms
08-04 14:32:11.241 27726 27739 I art     : Starting a blocking GC Explicit
08-04 14:32:11.267 27726 27739 I art     : Explicit concurrent mark sweep GC freed 3(96B) AllocSpace objects, 0(0B) LOS objects, 22% free, 53MB/69MB, paused 614us total 25.366ms
08-04 14:32:11.276 27726 27739 I art     : Starting a blocking GC Explicit
08-04 14:32:11.302 27726 27739 I art     : Explicit concurrent mark sweep GC freed 3(96B) AllocSpace objects, 0(0B) LOS objects, 22% free, 53MB/69MB, paused 566us total 25.468ms
08-04 14:32:11.311 27726 27739 I art     : Starting a blocking GC Explicit
08-04 14:32:11.336 27726 27739 I art     : Explicit concurrent mark sweep GC freed 3(96B) AllocSpace objects, 0(0B) LOS objects, 22% free, 53MB/69MB, paused 546us total 24.895ms
08-04 14:32:11.646 27726 27763 I art     : Starting a blocking GC Explicit
08-04 14:32:11.681 27726 27763 I art     : Explicit concurrent mark sweep GC freed 1344(78KB) AllocSpace objects, 1(20KB) LOS objects, 22% free, 53MB/69MB, paused 610us total 35.485ms
08-04 14:32:11.694 27726 27763 I art     : Starting a blocking GC Explicit
08-04 14:32:11.720 27726 27763 I art     : Explicit concurrent mark sweep GC freed 20(704B) AllocSpace objects, 0(0B) LOS objects, 22% free, 53MB/69MB, paused 558us total 25.772ms
08-04 14:32:11.730 27726 27763 I art     : Starting a blocking GC Explicit
08-04 14:32:11.755 27726 27763 I art     : Explicit concurrent mark sweep GC freed 3(96B) AllocSpace objects, 0(0B) LOS objects, 22% free, 53MB/69MB, paused 567us total 25.247ms
08-04 14:32:11.765 27726 27763 I art     : Starting a blocking GC Explicit
08-04 14:32:11.791 27726 27763 I art     : Explicit concurrent mark sweep GC freed 3(96B) AllocSpace objects, 0(0B) LOS objects, 22% free, 53MB/69MB, paused 543us total 25.746ms
08-04 14:32:11.800 27726 27763 I art     : Starting a blocking GC Explicit
08-04 14:32:11.826 27726 27763 I art     : Explicit concurrent mark sweep GC freed 3(96B) AllocSpace objects, 0(0B) LOS objects, 22% free, 53MB/69MB, paused 556us total 25.527ms
08-04 14:32:12.133 27726 27738 I art     : Starting a blocking GC Explicit
08-04 14:32:12.163 27726 27738 I art     : Explicit concurrent mark sweep GC freed 1344(78KB) AllocSpace objects, 1(20KB) LOS objects, 22% free, 53MB/69MB, paused 555us total 29.770ms
08-04 14:32:12.172 27726 27738 I art     : Starting a blocking GC Explicit
08-04 14:32:12.198 27726 27738 I art     : Explicit concurrent mark sweep GC freed 20(704B) AllocSpace objects, 0(0B) LOS objects, 22% free, 53MB/69MB, paused 592us total 25.043ms
08-04 14:32:12.198 27726 27737 I art     : WaitForGcToComplete blocked for 19.017ms for cause HeapTrim
08-04 14:32:12.207 27726 27738 I art     : Starting a blocking GC Explicit
08-04 14:32:12.233 27726 27738 I art     : Explicit concurrent mark sweep GC freed 3(96B) AllocSpace objects, 0(0B) LOS objects, 22% free, 53MB/69MB, paused 551us total 25.556ms
08-04 14:32:12.242 27726 27738 I art     : Starting a blocking GC Explicit
08-04 14:32:12.269 27726 27738 I art     : Explicit concurrent mark sweep GC freed 3(96B) AllocSpace objects, 0(0B) LOS objects, 22% free, 53MB/69MB, paused 575us total 25.961ms
08-04 14:32:12.278 27726 27738 I art     : Starting a blocking GC Explicit
08-04 14:32:12.303 27726 27738 I art     : Explicit concurrent mark sweep GC freed 3(96B) AllocSpace objects, 0(0B) LOS objects, 22% free, 53MB/69MB, paused 599us total 24.974ms
08-04 14:32:12.651 27726 28206 I art     : Starting a blocking GC Explicit
08-04 14:32:12.684 27726 28206 I art     : Explicit concurrent mark sweep GC freed 1344(78KB) AllocSpace objects, 1(20KB) LOS objects, 22% free, 53MB/69MB, paused 610us total 32.269ms
08-04 14:32:12.695 27726 28206 I art     : Starting a blocking GC Explicit
08-04 14:32:12.721 27726 28206 I art     : Explicit concurrent mark sweep GC freed 20(704B) AllocSpace objects, 0(0B) LOS objects, 22% free, 53MB/69MB, paused 507us total 25.822ms
08-04 14:32:12.731 27726 28206 I art     : Starting a blocking GC Explicit
08-04 14:32:12.757 27726 28206 I art     : Explicit concurrent mark sweep GC freed 3(96B) AllocSpace objects, 0(0B) LOS objects, 22% free, 53MB/69MB, paused 633us total 25.921ms
08-04 14:32:12.766 27726 28206 I art     : Starting a blocking GC Explicit
08-04 14:32:12.792 27726 28206 I art     : Explicit concurrent mark sweep GC freed 3(96B) AllocSpace objects, 0(0B) LOS objects, 22% free, 53MB/69MB, paused 574us total 25.885ms
08-04 14:32:12.802 27726 28206 I art     : Starting a blocking GC Explicit
08-04 14:32:12.828 27726 28206 I art     : Explicit concurrent mark sweep GC freed 3(96B) AllocSpace objects, 0(0B) LOS objects, 22% free, 53MB/69MB, paused 573us total 25.458ms
08-04 14:32:13.143 27726 27739 I art     : Starting a blocking GC Explicit
08-04 14:32:13.176 27726 27739 I art     : Explicit concurrent mark sweep GC freed 1344(78KB) AllocSpace objects, 1(20KB) LOS objects, 22% free, 53MB/69MB, paused 608us total 32.318ms
08-04 14:32:13.189 27726 27739 I art     : Starting a blocking GC Explicit
08-04 14:32:13.216 27726 27739 I art     : Explicit concurrent mark sweep GC freed 20(704B) AllocSpace objects, 0(0B) LOS objects, 22% free, 53MB/69MB, paused 593us total 27.075ms
08-04 14:32:13.226 27726 27739 I art     : Starting a blocking GC Explicit
08-04 14:32:13.252 27726 27739 I art     : Explicit concurrent mark sweep GC freed 3(96B) AllocSpace objects, 0(0B) LOS objects, 22% free, 53MB/69MB, paused 569us total 25.914ms
08-04 14:32:13.261 27726 27739 I art     : Starting a blocking GC Explicit
08-04 14:32:13.287 27726 27739 I art     : Explicit concurrent mark sweep GC freed 3(96B) AllocSpace objects, 0(0B) LOS objects, 22% free, 53MB/69MB, paused 586us total 26.058ms
08-04 14:32:13.297 27726 27739 I art     : Starting a blocking GC Explicit
08-04 14:32:13.322 27726 27739 I art     : Explicit concurrent mark sweep GC freed 3(96B) AllocSpace objects, 0(0B) LOS objects, 22% free, 53MB/69MB, paused 547us total 25.354ms
08-04 14:32:13.642 27726 27763 I art     : Starting a blocking GC Explicit
08-04 14:32:13.671 27726 27763 I art     : Explicit concurrent mark sweep GC freed 1344(78KB) AllocSpace objects, 1(20KB) LOS objects, 22% free, 53MB/69MB, paused 608us total 28.295ms
08-04 14:32:13.684 27726 27763 I art     : Starting a blocking GC Explicit
08-04 14:32:13.709 27726 27763 I art     : Explicit concurrent mark sweep GC freed 20(704B) AllocSpace objects, 0(0B) LOS objects, 22% free, 53MB/69MB, paused 559us total 25.600ms
08-04 14:32:13.719 27726 27763 I art     : Starting a blocking GC Explicit
08-04 14:32:13.745 27726 27763 I art     : Explicit concurrent mark sweep GC freed 3(96B) AllocSpace objects, 0(0B) LOS objects, 22% free, 53MB/69MB, paused 560us total 25.717ms
08-04 14:32:13.754 27726 27763 I art     : Starting a blocking GC Explicit
08-04 14:32:13.781 27726 27763 I art     : Explicit concurrent mark sweep GC freed 3(96B) AllocSpace objects, 0(0B) LOS objects, 22% free, 53MB/69MB, paused 559us total 26.077ms
08-04 14:32:13.790 27726 27763 I art     : Starting a blocking GC Explicit
08-04 14:32:13.816 27726 27763 I art     : Explicit concurrent mark sweep GC freed 3(96B) AllocSpace objects, 0(0B) LOS objects, 22% free, 53MB/69MB, paused 619us total 25.342ms
08-04 14:32:14.134 27726 27738 I art     : Starting a blocking GC Explicit
08-04 14:32:14.164 27726 27738 I art     : Explicit concurrent mark sweep GC freed 1344(78KB) AllocSpace objects, 1(20KB) LOS objects, 22% free, 53MB/69MB, paused 609us total 29.839ms
08-04 14:32:14.176 27726 27738 I art     : Starting a blocking GC Explicit
08-04 14:32:14.202 27726 27738 I art     : Explicit concurrent mark sweep GC freed 20(704B) AllocSpace objects, 0(0B) LOS objects, 22% free, 53MB/69MB, paused 562us total 25.316ms
08-04 14:32:14.211 27726 27738 I art     : Starting a blocking GC Explicit
08-04 14:32:14.237 27726 27738 I art     : Explicit concurrent mark sweep GC freed 3(96B) AllocSpace objects, 0(0B) LOS objects, 22% free, 53MB/69MB, paused 554us total 25.102ms
08-04 14:32:14.246 27726 27738 I art     : Starting a blocking GC Explicit
08-04 14:32:14.272 27726 27738 I art     : Explicit concurrent mark sweep GC freed 3(96B) AllocSpace objects, 0(0B) LOS objects, 22% free, 53MB/69MB, paused 569us total 25.468ms
08-04 14:32:14.282 27726 27738 I art     : Starting a blocking GC Explicit
08-04 14:32:14.307 27726 27738 I art     : Explicit concurrent mark sweep GC freed 3(96B) AllocSpace objects, 0(0B) LOS objects, 22% free, 53MB/69MB, paused 627us total 25.525ms
08-04 14:32:14.623 27726 28206 I art     : Starting a blocking GC Explicit
08-04 14:32:14.648 27726 28206 I art     : Explicit concurrent mark sweep GC freed 1344(78KB) AllocSpace objects, 1(20KB) LOS objects, 22% free, 53MB/69MB, paused 577us total 25.462ms
08-04 14:32:14.658 27726 28206 I art     : Starting a blocking GC Explicit
08-04 14:32:14.683 27726 28206 I art     : Explicit concurrent mark sweep GC freed 20(704B) AllocSpace objects, 0(0B) LOS objects, 22% free, 53MB/69MB, paused 560us total 24.653ms
08-04 14:32:14.692 27726 28206 I art     : Starting a blocking GC Explicit
08-04 14:32:14.716 27726 28206 I art     : Explicit concurrent mark sweep GC freed 3(96B) AllocSpace objects, 0(0B) LOS objects, 22% free, 53MB/69MB, paused 545us total 23.613ms
08-04 14:32:14.725 27726 28206 I art     : Starting a blocking GC Explicit
08-04 14:32:14.749 27726 28206 I art     : Explicit concurrent mark sweep GC freed 3(96B) AllocSpace objects, 0(0B) LOS objects, 22% free, 53MB/69MB, paused 542us total 23.645ms
08-04 14:32:14.758 27726 28206 I art     : Starting a blocking GC Explicit
08-04 14:32:14.782 27726 28206 I art     : Explicit concurrent mark sweep GC freed 3(96B) AllocSpace objects, 0(0B) LOS objects, 22% free, 53MB/69MB, paused 561us total 23.992ms
08-04 14:32:14.980 31718 31718 D AndroidRuntime: >>>>>> START com.android.internal.os.RuntimeInit uid 2000 <<<<<<
08-04 14:32:14.985 31718 31718 D AndroidRuntime: CheckJNI is OFF
08-04 14:32:15.016 31718 31718 D ICU     : No timezone override file found: /data/misc/zoneinfo/current/icu/icu_tzdata.dat
08-04 14:32:15.050 31718 31718 I Radio-JNI: register_android_hardware_Radio DONE
08-04 14:32:15.072 31718 31718 D AndroidRuntime: Calling main entry com.android.commands.input.Input
08-04 14:32:15.073 27726 27739 I art     : Starting a blocking GC Explicit
08-04 14:32:15.073 31718 31718 I Input   : injectKeyEvent: KeyEvent { action=ACTION_DOWN, keyCode=KEYCODE_BACK, scanCode=0, metaState=0, flags=0x0, repeatCount=0, eventTime=714751486, downTime=714751486, deviceId=-1, source=0x101 }
08-04 14:32:15.078 31718 31718 I Input   : injectKeyEvent: KeyEvent { action=ACTION_UP, keyCode=KEYCODE_BACK, scanCode=0, metaState=0, flags=0x0, repeatCount=0, eventTime=714751486, downTime=714751486, deviceId=-1, source=0x101 }
08-04 14:32:15.083 31718 31718 D AndroidRuntime: Shutting down VM
08-04 14:32:15.098 27726 27739 I art     : Explicit concurrent mark sweep GC freed 1478(84KB) AllocSpace objects, 1(20KB) LOS objects, 22% free, 53MB/69MB, paused 631us total 25.099ms
08-04 14:32:15.107 27726 27739 I art     : Starting a blocking GC Explicit
08-04 14:32:15.120 13866 13866 I GoogleInputMethodServic: GoogleInputMethodService.onFinishInput():3138 
08-04 14:32:15.121 13866 13866 I GoogleInputMethodServic: GoogleInputMethodService.onStartInput():1808 
08-04 14:32:15.129 27726 27739 I art     : Explicit concurrent mark sweep GC freed 33(1184B) AllocSpace objects, 0(0B) LOS objects, 22% free, 53MB/69MB, paused 773us total 22.108ms
08-04 14:32:15.138 27726 27739 I art     : Starting a blocking GC Explicit
08-04 14:32:15.160 27726 27739 I art     : Explicit concurrent mark sweep GC freed 37(1312B) AllocSpace objects, 0(0B) LOS objects, 22% free, 53MB/69MB, paused 587us total 22.106ms
08-04 14:32:15.169 27726 27739 I art     : Starting a blocking GC Explicit
08-04 14:32:15.191 27726 27739 I art     : Explicit concurrent mark sweep GC freed 10(384B) AllocSpace objects, 0(0B) LOS objects, 22% free, 53MB/69MB, paused 525us total 21.357ms
08-04 14:32:15.199 27726 27739 I art     : Starting a blocking GC Explicit
08-04 14:32:15.220 27726 27739 I art     : Explicit concurrent mark sweep GC freed 3(96B) AllocSpace objects, 0(0B) LOS objects, 22% free, 53MB/69MB, paused 501us total 20.807ms
08-04 14:32:15.428   380   380 W SurfaceFlinger: couldn't log to binary event log: overflow.
08-04 14:32:15.486 27726 27739 I art     : Starting a blocking GC Explicit
08-04 14:32:15.513 27726 27739 I art     : Explicit concurrent mark sweep GC freed 1454(86KB) AllocSpace objects, 1(20KB) LOS objects, 22% free, 53MB/69MB, paused 567us total 26.661ms
08-04 14:32:15.522 27726 27739 I art     : Starting a blocking GC Explicit
08-04 14:32:15.547 27726 27739 I art     : Explicit concurrent mark sweep GC freed 1671(107KB) AllocSpace objects, 3(184KB) LOS objects, 22% free, 53MB/69MB, paused 664us total 25.034ms
08-04 14:32:15.557 27726 27739 I art     : Starting a blocking GC Explicit
08-04 14:32:15.582 27726 27739 I art     : Explicit concurrent mark sweep GC freed 3(96B) AllocSpace objects, 0(0B) LOS objects, 22% free, 53MB/69MB, paused 543us total 24.732ms
08-04 14:32:15.591 27726 27739 I art     : Starting a blocking GC Explicit
08-04 14:32:15.616 27726 27739 I art     : Explicit concurrent mark sweep GC freed 3(96B) AllocSpace objects, 0(0B) LOS objects, 22% free, 53MB/69MB, paused 539us total 24.483ms
08-04 14:32:15.625 27726 27739 I art     : Starting a blocking GC Explicit
08-04 14:32:15.650 27726 27739 I art     : Explicit concurrent mark sweep GC freed 3(96B) AllocSpace objects, 0(0B) LOS objects, 22% free, 53MB/69MB, paused 556us total 24.487ms
08-04 14:32:15.931 27726 28206 I art     : Starting a blocking GC Explicit
08-04 14:32:15.965 27726 28206 I art     : Explicit concurrent mark sweep GC freed 1344(78KB) AllocSpace objects, 1(20KB) LOS objects, 22% free, 53MB/69MB, paused 953us total 33.409ms
08-04 14:32:15.977 27726 28206 I art     : Starting a blocking GC Explicit
08-04 14:32:16.001 27726 28206 I art     : Explicit concurrent mark sweep GC freed 20(704B) AllocSpace objects, 0(0B) LOS objects, 22% free, 53MB/69MB, paused 556us total 24.529ms
08-04 14:32:16.011 27726 28206 I art     : Starting a blocking GC Explicit
08-04 14:32:16.035 27726 28206 I art     : Explicit concurrent mark sweep GC freed 3(96B) AllocSpace objects, 0(0B) LOS objects, 22% free, 53MB/69MB, paused 543us total 23.966ms
08-04 14:32:16.044 27726 28206 I art     : Starting a blocking GC Explicit
08-04 14:32:16.069 27726 28206 I art     : Explicit concurrent mark sweep GC freed 3(96B) AllocSpace objects, 0(0B) LOS objects, 22% free, 53MB/69MB, paused 560us total 25.039ms
08-04 14:32:16.079 27726 28206 I art     : Starting a blocking GC Explicit
08-04 14:32:16.104 27726 28206 I art     : Explicit concurrent mark sweep GC freed 3(96B) AllocSpace objects, 0(0B) LOS objects, 22% free, 53MB/69MB, paused 564us total 24.493ms
08-04 14:32:16.397 27726 27738 I art     : Starting a blocking GC Explicit
08-04 14:32:16.422 27726 27738 I art     : Explicit concurrent mark sweep GC freed 1344(78KB) AllocSpace objects, 1(20KB) LOS objects, 22% free, 53MB/69MB, paused 574us total 24.715ms
08-04 14:32:16.431 27726 27738 I art     : Starting a blocking GC Explicit
08-04 14:32:16.455 27726 27738 I art     : Explicit concurrent mark sweep GC freed 20(704B) AllocSpace objects, 0(0B) LOS objects, 22% free, 53MB/69MB, paused 569us total 23.904ms
08-04 14:32:16.464 27726 27738 I art     : Starting a blocking GC Explicit
08-04 14:32:16.488 27726 27738 I art     : Explicit concurrent mark sweep GC freed 3(96B) AllocSpace objects, 0(0B) LOS objects, 22% free, 53MB/69MB, paused 570us total 23.221ms
08-04 14:32:16.497 27726 27738 I art     : Starting a blocking GC Explicit
08-04 14:32:16.520 27726 27738 I art     : Explicit concurrent mark sweep GC freed 3(96B) AllocSpace objects, 0(0B) LOS objects, 22% free, 53MB/69MB, paused 551us total 22.903ms
08-04 14:32:16.528 27726 27738 I art     : Starting a blocking GC Explicit
08-04 14:32:16.552 27726 27738 I art     : Explicit concurrent mark sweep GC freed 3(96B) AllocSpace objects, 0(0B) LOS objects, 22% free, 53MB/69MB, paused 553us total 22.933ms
08-04 14:32:16.740 31777 31777 D AndroidRuntime: >>>>>> START com.android.internal.os.RuntimeInit uid 2000 <<<<<<
08-04 14:32:16.745 31777 31777 D AndroidRuntime: CheckJNI is OFF
08-04 14:32:16.780 31777 31777 D ICU     : No timezone override file found: /data/misc/zoneinfo/current/icu/icu_tzdata.dat
08-04 14:32:16.812 31777 31777 I Radio-JNI: register_android_hardware_Radio DONE
08-04 14:32:16.819 27726 27763 I art     : Starting a blocking GC Explicit
08-04 14:32:16.834 31777 31777 D AndroidRuntime: Calling main entry com.android.commands.input.Input
08-04 14:32:16.836 31777 31777 I Input   : injectKeyEvent: KeyEvent { action=ACTION_DOWN, keyCode=KEYCODE_BACK, scanCode=0, metaState=0, flags=0x0, repeatCount=0, eventTime=714753249, downTime=714753249, deviceId=-1, source=0x101 }
08-04 14:32:16.842 31777 31777 I Input   : injectKeyEvent: KeyEvent { action=ACTION_UP, keyCode=KEYCODE_BACK, scanCode=0, metaState=0, flags=0x0, repeatCount=0, eventTime=714753249, downTime=714753249, deviceId=-1, source=0x101 }
08-04 14:32:16.843 27726 27763 I art     : Explicit concurrent mark sweep GC freed 1365(79KB) AllocSpace objects, 1(20KB) LOS objects, 22% free, 53MB/69MB, paused 542us total 23.644ms
08-04 14:32:16.848 31777 31777 D AndroidRuntime: Shutting down VM
08-04 14:32:16.853 27726 27763 I art     : Starting a blocking GC Explicit
08-04 14:32:16.876 27726 27763 I art     : Explicit concurrent mark sweep GC freed 183(7KB) AllocSpace objects, 0(0B) LOS objects, 22% free, 53MB/69MB, paused 517us total 22.553ms
08-04 14:32:16.884 27726 27763 I art     : Starting a blocking GC Explicit
08-04 14:32:16.894 13866 13866 I GoogleInputMethodServic: GoogleInputMethodService.onFinishInput():3138 
08-04 14:32:16.895 13866 13866 I GoogleInputMethodServic: GoogleInputMethodService.onStartInput():1808 
08-04 14:32:16.905 27726 27763 I art     : Explicit concurrent mark sweep GC freed 26(1008B) AllocSpace objects, 0(0B) LOS objects, 22% free, 53MB/69MB, paused 502us total 20.491ms
08-04 14:32:16.913 27726 27763 I art     : Starting a blocking GC Explicit
08-04 14:32:16.935 27726 27763 I art     : Explicit concurrent mark sweep GC freed 46(1536B) AllocSpace objects, 0(0B) LOS objects, 22% free, 53MB/69MB, paused 542us total 21.144ms
08-04 14:32:16.944 27726 27763 I art     : Starting a blocking GC Explicit
08-04 14:32:16.964 27726 27763 I art     : Explicit concurrent mark sweep GC freed 3(96B) AllocSpace objects, 0(0B) LOS objects, 22% free, 53MB/69MB, paused 505us total 20.465ms
08-04 14:32:17.242 27726 27763 I art     : Starting a blocking GC Explicit
08-04 14:32:17.266 27726 27763 I art     : Explicit concurrent mark sweep GC freed 2977(154KB) AllocSpace objects, 1(20KB) LOS objects, 22% free, 53MB/69MB, paused 544us total 24.479ms
08-04 14:32:17.275 27726 27763 I art     : Starting a blocking GC Explicit
08-04 14:32:17.298 27726 27763 I art     : Explicit concurrent mark sweep GC freed 2858(181KB) AllocSpace objects, 2(140KB) LOS objects, 23% free, 53MB/69MB, paused 538us total 22.990ms
08-04 14:32:17.307 27726 27763 I art     : Starting a blocking GC Explicit
08-04 14:32:17.330 27726 27763 I art     : Explicit concurrent mark sweep GC freed 3(96B) AllocSpace objects, 0(0B) LOS objects, 23% free, 53MB/69MB, paused 539us total 22.705ms
08-04 14:32:17.339 27726 27763 I art     : Starting a blocking GC Explicit
08-04 14:32:17.362 27726 27763 I art     : Explicit concurrent mark sweep GC freed 3(96B) AllocSpace objects, 0(0B) LOS objects, 23% free, 53MB/69MB, paused 554us total 22.560ms
08-04 14:32:17.371 27726 27763 I art     : Starting a blocking GC Explicit
08-04 14:32:17.394 27726 27763 I art     : Explicit concurrent mark sweep GC freed 3(96B) AllocSpace objects, 0(0B) LOS objects, 23% free, 53MB/69MB, paused 548us total 22.951ms
08-04 14:32:17.691 27726 28206 I art     : Starting a blocking GC Explicit
08-04 14:32:17.722 27726 28206 I art     : Explicit concurrent mark sweep GC freed 1344(78KB) AllocSpace objects, 1(20KB) LOS objects, 23% free, 53MB/69MB, paused 556us total 30.287ms
08-04 14:32:17.734 27726 28206 I art     : Starting a blocking GC Explicit
08-04 14:32:17.759 27726 28206 I art     : Explicit concurrent mark sweep GC freed 20(704B) AllocSpace objects, 0(0B) LOS objects, 23% free, 53MB/69MB, paused 545us total 24.179ms
08-04 14:32:17.768 27726 28206 I art     : Starting a blocking GC Explicit
08-04 14:32:17.792 27726 28206 I art     : Explicit concurrent mark sweep GC freed 3(96B) AllocSpace objects, 0(0B) LOS objects, 23% free, 53MB/69MB, paused 547us total 23.612ms
08-04 14:32:17.801 27726 28206 I art     : Starting a blocking GC Explicit
08-04 14:32:17.825 27726 28206 I art     : Explicit concurrent mark sweep GC freed 3(96B) AllocSpace objects, 0(0B) LOS objects, 23% free, 53MB/69MB, paused 552us total 23.477ms
08-04 14:32:17.834 27726 28206 I art     : Starting a blocking GC Explicit
08-04 14:32:17.856 27726 28206 I art     : Explicit concurrent mark sweep GC freed 3(96B) AllocSpace objects, 0(0B) LOS objects, 23% free, 53MB/69MB, paused 499us total 22.256ms
08-04 14:32:18.147 27726 27738 I art     : Starting a blocking GC Explicit
08-04 14:32:18.170 27726 27738 I art     : Explicit concurrent mark sweep GC freed 1341(78KB) AllocSpace objects, 1(20KB) LOS objects, 23% free, 53MB/69MB, paused 572us total 22.961ms
08-04 14:32:18.179 27726 27738 I art     : Starting a blocking GC Explicit
08-04 14:32:18.202 27726 27738 I art     : Explicit concurrent mark sweep GC freed 20(704B) AllocSpace objects, 0(0B) LOS objects, 23% free, 53MB/69MB, paused 548us total 22.549ms
08-04 14:32:18.212 27726 27738 I art     : Starting a blocking GC Explicit
08-04 14:32:18.234 27726 27738 I art     : Explicit concurrent mark sweep GC freed 3(96B) AllocSpace objects, 0(0B) LOS objects, 23% free, 53MB/69MB, paused 536us total 21.774ms
08-04 14:32:18.242 27726 27738 I art     : Starting a blocking GC Explicit
08-04 14:32:18.264 27726 27738 I art     : Explicit concurrent mark sweep GC freed 3(96B) AllocSpace objects, 0(0B) LOS objects, 23% free, 53MB/69MB, paused 547us total 21.866ms
08-04 14:32:18.273 27726 27738 I art     : Starting a blocking GC Explicit
08-04 14:32:18.295 27726 27738 I art     : Explicit concurrent mark sweep GC freed 3(96B) AllocSpace objects, 0(0B) LOS objects, 23% free, 53MB/69MB, paused 555us total 21.700ms
08-04 14:32:18.511 31834 31834 D AndroidRuntime: >>>>>> START com.android.internal.os.RuntimeInit uid 2000 <<<<<<
08-04 14:32:18.515 31834 31834 D AndroidRuntime: CheckJNI is OFF
08-04 14:32:18.549 31834 31834 D ICU     : No timezone override file found: /data/misc/zoneinfo/current/icu/icu_tzdata.dat
08-04 14:32:18.576 27726 27739 I art     : Starting a blocking GC Explicit
08-04 14:32:18.583 31834 31834 I Radio-JNI: register_android_hardware_Radio DONE
08-04 14:32:18.598 27726 27739 I art     : Explicit concurrent mark sweep GC freed 1341(78KB) AllocSpace objects, 1(20KB) LOS objects, 23% free, 53MB/69MB, paused 528us total 22.630ms
08-04 14:32:18.605 31834 31834 D AndroidRuntime: Calling main entry com.android.commands.input.Input
08-04 14:32:18.607 31834 31834 I Input   : injectMotionEvent: MotionEvent { action=ACTION_DOWN, actionButton=0, id[0]=0, x[0]=1084.0, y[0]=2213.0, toolType[0]=TOOL_TYPE_UNKNOWN, buttonState=0, metaState=0, flags=0x0, edgeFlags=0x0, pointerCount=1, historySize=0, eventTime=714755019, downTime=714755019, deviceId=0, source=0x1002 }
08-04 14:32:18.607 27726 27739 I art     : Starting a blocking GC Explicit
08-04 14:32:18.611 31834 31834 I Input   : injectMotionEvent: MotionEvent { action=ACTION_UP, actionButton=0, id[0]=0, x[0]=1084.0, y[0]=2213.0, toolType[0]=TOOL_TYPE_UNKNOWN, buttonState=0, metaState=0, flags=0x0, edgeFlags=0x0, pointerCount=1, historySize=0, eventTime=714755019, downTime=714755019, deviceId=0, source=0x1002 }
08-04 14:32:18.612   918  3961 I ActivityManager: START u0 {cmp=baseline.appteam.nith.hillffair/.activities.EventActivity} from uid 10651 on display 0
08-04 14:32:18.617 31834 31834 D AndroidRuntime: Shutting down VM
08-04 14:32:18.628 27726 27739 I art     : Explicit concurrent mark sweep GC freed 85(4KB) AllocSpace objects, 0(0B) LOS objects, 23% free, 53MB/69MB, paused 766us total 20.778ms
08-04 14:32:18.637 27726 27739 I art     : Starting a blocking GC Explicit
08-04 14:32:18.660 27726 27739 I art     : Explicit concurrent mark sweep GC freed 5059(349KB) AllocSpace objects, 0(0B) LOS objects, 23% free, 53MB/69MB, paused 895us total 22.993ms
08-04 14:32:18.669 27726 27739 I art     : Starting a blocking GC Explicit
08-04 14:32:18.689 27726 27739 I art     : Explicit concurrent mark sweep GC freed 262(11KB) AllocSpace objects, 0(0B) LOS objects, 23% free, 53MB/69MB, paused 599us total 19.761ms
08-04 14:32:18.690 27726 27726 I NAPPA_EXPERIMENTATION: MetricNetworkRequestExecutionTime: REQUEST_DURATION_SYSTEM='44',REQUEST_DURATION_OKHTTP='29',REQUEST_SYNCHRONOUS='FALSE',RESPONSE_CODE='200',RESPONSE_METHOD='GET',RESPONSE_LENGTH_OKHTTP='1870',RESPONSE_LENGTH_HEADER='-2',REQUEST_PROTOCOL='http/1.1',REQUEST_URL='https://api-hillfair-2k16.herokuapp.com/api/app/club',
08-04 14:32:18.691 13866 13866 I GoogleInputMethodServic: GoogleInputMethodService.onFinishInput():3138 
08-04 14:32:18.691 13866 13866 I GoogleInputMethodServic: GoogleInputMethodService.onStartInput():1808 
08-04 14:32:18.697 27726 27739 I art     : Starting a blocking GC Explicit
08-04 14:32:18.718 27726 27739 I art     : Explicit concurrent mark sweep GC freed 798(53KB) AllocSpace objects, 0(0B) LOS objects, 23% free, 53MB/69MB, paused 862us total 20.989ms
08-04 14:32:18.739   918   936 I ActivityManager: Displayed baseline.appteam.nith.hillffair/.activities.EventActivity: +121ms
08-04 14:32:18.998 27726 28206 I art     : Starting a blocking GC Explicit
08-04 14:32:19.000   380   380 W SurfaceFlinger: couldn't log to binary event log: overflow.
08-04 14:32:19.027 27726 28206 I art     : Explicit concurrent mark sweep GC freed 1670(89KB) AllocSpace objects, 1(20KB) LOS objects, 23% free, 53MB/69MB, paused 640us total 28.931ms
08-04 14:32:19.036 27726 28206 I art     : Starting a blocking GC Explicit
08-04 14:32:19.056 27726 28206 I art     : Explicit concurrent mark sweep GC freed 28(1056B) AllocSpace objects, 0(0B) LOS objects, 23% free, 53MB/69MB, paused 488us total 20.400ms
08-04 14:32:19.065 27726 28206 I art     : Starting a blocking GC Explicit
08-04 14:32:19.085 27726 28206 I art     : Explicit concurrent mark sweep GC freed 3(96B) AllocSpace objects, 0(0B) LOS objects, 23% free, 53MB/69MB, paused 492us total 20.473ms
08-04 14:32:19.094 27726 28206 I art     : Starting a blocking GC Explicit
08-04 14:32:19.116 27726 28206 I art     : Explicit concurrent mark sweep GC freed 73(4KB) AllocSpace objects, 0(0B) LOS objects, 23% free, 53MB/69MB, paused 523us total 21.820ms
08-04 14:32:19.124 27726 28206 I art     : Starting a blocking GC Explicit
08-04 14:32:19.147 27726 28206 I art     : Explicit concurrent mark sweep GC freed 3(96B) AllocSpace objects, 0(0B) LOS objects, 23% free, 53MB/69MB, paused 547us total 22.018ms
08-04 14:32:19.445 27726 27738 I art     : Starting a blocking GC Explicit
08-04 14:32:19.478 27726 27738 I art     : Explicit concurrent mark sweep GC freed 1344(78KB) AllocSpace objects, 1(20KB) LOS objects, 23% free, 53MB/69MB, paused 736us total 31.998ms
08-04 14:32:19.490 27726 27738 I art     : Starting a blocking GC Explicit
08-04 14:32:19.514 27726 27738 I art     : Explicit concurrent mark sweep GC freed 20(704B) AllocSpace objects, 0(0B) LOS objects, 23% free, 53MB/69MB, paused 561us total 24.478ms
08-04 14:32:19.524 27726 27738 I art     : Starting a blocking GC Explicit
08-04 14:32:19.548 27726 27738 I art     : Explicit concurrent mark sweep GC freed 3(96B) AllocSpace objects, 0(0B) LOS objects, 23% free, 53MB/69MB, paused 565us total 24.617ms
08-04 14:32:19.558 27726 27738 I art     : Starting a blocking GC Explicit
08-04 14:32:19.582 27726 27738 I art     : Explicit concurrent mark sweep GC freed 3(96B) AllocSpace objects, 0(0B) LOS objects, 23% free, 53MB/69MB, paused 560us total 23.953ms
08-04 14:32:19.591 27726 27738 I art     : Starting a blocking GC Explicit
08-04 14:32:19.616 27726 27738 I art     : Explicit concurrent mark sweep GC freed 3(96B) AllocSpace objects, 0(0B) LOS objects, 23% free, 53MB/69MB, paused 555us total 24.347ms
08-04 14:32:19.904 27726 27763 I art     : Starting a blocking GC Explicit
08-04 14:32:19.932 27726 27763 I art     : Explicit concurrent mark sweep GC freed 1344(78KB) AllocSpace objects, 1(20KB) LOS objects, 23% free, 53MB/69MB, paused 564us total 27.550ms
08-04 14:32:19.941 27726 27763 I art     : Starting a blocking GC Explicit
08-04 14:32:19.966 27726 27763 I art     : Explicit concurrent mark sweep GC freed 20(704B) AllocSpace objects, 0(0B) LOS objects, 23% free, 53MB/69MB, paused 543us total 24.521ms
08-04 14:32:19.975 27726 27763 I art     : Starting a blocking GC Explicit
08-04 14:32:20.001 27726 27763 I art     : Explicit concurrent mark sweep GC freed 3(96B) AllocSpace objects, 0(0B) LOS objects, 23% free, 53MB/69MB, paused 559us total 24.998ms
08-04 14:32:20.010 27726 27763 I art     : Starting a blocking GC Explicit
08-04 14:32:20.034 27726 27763 I art     : Explicit concurrent mark sweep GC freed 3(96B) AllocSpace objects, 0(0B) LOS objects, 23% free, 53MB/69MB, paused 563us total 24.226ms
08-04 14:32:20.044 27726 27763 I art     : Starting a blocking GC Explicit
08-04 14:32:20.068 27726 27763 I art     : Explicit concurrent mark sweep GC freed 3(96B) AllocSpace objects, 0(0B) LOS objects, 23% free, 53MB/69MB, paused 564us total 24.022ms
08-04 14:32:20.380 27726 27739 I art     : Starting a blocking GC Explicit
08-04 14:32:20.411 27726 27739 I art     : Explicit concurrent mark sweep GC freed 1344(78KB) AllocSpace objects, 1(20KB) LOS objects, 23% free, 53MB/69MB, paused 595us total 30.726ms
08-04 14:32:20.423 27726 27739 I art     : Starting a blocking GC Explicit
08-04 14:32:20.448 27726 27739 I art     : Explicit concurrent mark sweep GC freed 20(704B) AllocSpace objects, 0(0B) LOS objects, 23% free, 53MB/69MB, paused 581us total 24.750ms
08-04 14:32:20.457 27726 27739 I art     : Starting a blocking GC Explicit
08-04 14:32:20.482 27726 27739 I art     : Explicit concurrent mark sweep GC freed 3(96B) AllocSpace objects, 0(0B) LOS objects, 23% free, 53MB/69MB, paused 643us total 24.487ms
08-04 14:32:20.491 27726 27739 I art     : Starting a blocking GC Explicit
08-04 14:32:20.515 27726 27739 I art     : Explicit concurrent mark sweep GC freed 3(96B) AllocSpace objects, 0(0B) LOS objects, 23% free, 53MB/69MB, paused 525us total 23.624ms
08-04 14:32:20.524 27726 27739 I art     : Starting a blocking GC Explicit
08-04 14:32:20.549 27726 27739 I art     : Explicit concurrent mark sweep GC freed 3(96B) AllocSpace objects, 0(0B) LOS objects, 23% free, 53MB/69MB, paused 557us total 24.412ms
08-04 14:32:20.677 21770 21772 E QC-QMI  : qmi_client [21770] 4f5: failed to locate client data
08-04 14:32:20.680   519   519 E QC-QMI  : qmuxd: RX on fd=18 returned error=0 errno[2:No such file or directory]
08-04 14:32:20.681   519   519 E QC-QMI  : QMUX qmux_client_id=4f5 not found in qmux client list, unable to remove
08-04 14:32:20.686 21770 21770 I Atfwd_Daemon: Stop the daemon....
08-04 14:32:20.719 31903 31903 W ATFWD-daemon: type=1400 audit(0.0:738826): avc: denied { read write } for name="diag" dev="tmpfs" ino=1296 scontext=u:r:atfwd:s0 tcontext=u:object_r:diag_device:s0 tclass=chr_file permissive=0
08-04 14:32:20.731 31903 31903 I libmdmdetect: ESOC framework not supported
08-04 14:32:20.732 31903 31903 I libmdmdetect: Found internal modem: modem
08-04 14:32:20.733 31903 31903 E Diag_Lib:  Diag_LSM_Init: Failed to open handle to diag driver, error = 13
08-04 14:32:20.739 31903 31903 I Atfwd_Daemon: result : 255 	 ,Init step :0 	 ,qmiErrorCode: 0
08-04 14:32:20.739 31903 31903 I Atfwd_Daemon: result : 0 	 ,Init step :1 	 ,qmiErrorCode: 0
08-04 14:32:20.740 31903 31903 I ServiceManager: Waiting for service AtCmdFwd...
08-04 14:32:20.879 27726 28206 I art     : Starting a blocking GC Explicit
08-04 14:32:20.907 27726 28206 I art     : Explicit concurrent mark sweep GC freed 1344(78KB) AllocSpace objects, 1(20KB) LOS objects, 23% free, 53MB/69MB, paused 568us total 28.054ms
08-04 14:32:20.916 27726 28206 I art     : Starting a blocking GC Explicit
08-04 14:32:20.941 27726 28206 I art     : Explicit concurrent mark sweep GC freed 20(704B) AllocSpace objects, 0(0B) LOS objects, 23% free, 53MB/69MB, paused 565us total 24.148ms
08-04 14:32:20.950 27726 28206 I art     : Starting a blocking GC Explicit
08-04 14:32:20.975 27726 28206 I art     : Explicit concurrent mark sweep GC freed 3(96B) AllocSpace objects, 0(0B) LOS objects, 23% free, 53MB/69MB, paused 559us total 24.521ms
08-04 14:32:20.984 27726 28206 I art     : Starting a blocking GC Explicit
08-04 14:32:21.009 27726 28206 I art     : Explicit concurrent mark sweep GC freed 3(96B) AllocSpace objects, 0(0B) LOS objects, 23% free, 53MB/69MB, paused 541us total 24.670ms
08-04 14:32:21.018 27726 28206 I art     : Starting a blocking GC Explicit
08-04 14:32:21.043 27726 28206 I art     : Explicit concurrent mark sweep GC freed 3(96B) AllocSpace objects, 0(0B) LOS objects, 23% free, 53MB/69MB, paused 557us total 24.538ms
08-04 14:32:21.374 27726 27738 I art     : Starting a blocking GC Explicit
08-04 14:32:21.405 27726 27738 I art     : Explicit concurrent mark sweep GC freed 1344(78KB) AllocSpace objects, 1(20KB) LOS objects, 23% free, 53MB/69MB, paused 561us total 29.998ms
08-04 14:32:21.414 27726 27738 I art     : Starting a blocking GC Explicit
08-04 14:32:21.439 27726 27738 I art     : Explicit concurrent mark sweep GC freed 20(704B) AllocSpace objects, 0(0B) LOS objects, 23% free, 53MB/69MB, paused 560us total 24.511ms
08-04 14:32:21.448 27726 27738 I art     : Starting a blocking GC Explicit
08-04 14:32:21.473 27726 27738 I art     : Explicit concurrent mark sweep GC freed 3(96B) AllocSpace objects, 0(0B) LOS objects, 23% free, 53MB/69MB, paused 561us total 24.425ms
08-04 14:32:21.482 27726 27738 I art     : Starting a blocking GC Explicit
08-04 14:32:21.506 27726 27738 I art     : Explicit concurrent mark sweep GC freed 3(96B) AllocSpace objects, 0(0B) LOS objects, 23% free, 53MB/69MB, paused 555us total 23.966ms
08-04 14:32:21.515 27726 27738 I art     : Starting a blocking GC Explicit
08-04 14:32:21.540 27726 27738 I art     : Explicit concurrent mark sweep GC freed 3(96B) AllocSpace objects, 0(0B) LOS objects, 23% free, 53MB/69MB, paused 556us total 23.910ms
08-04 14:32:21.741 31903 31903 I ServiceManager: Waiting for service AtCmdFwd...
08-04 14:32:21.867 27726 27763 I art     : Starting a blocking GC Explicit
08-04 14:32:21.898 27726 27763 I art     : Explicit concurrent mark sweep GC freed 1344(78KB) AllocSpace objects, 1(20KB) LOS objects, 23% free, 53MB/69MB, paused 666us total 31.260ms
08-04 14:32:21.910 27726 27763 I art     : Starting a blocking GC Explicit
08-04 14:32:21.934 27726 27763 I art     : Explicit concurrent mark sweep GC freed 20(704B) AllocSpace objects, 0(0B) LOS objects, 23% free, 53MB/69MB, paused 570us total 24.152ms
08-04 14:32:21.943 27726 27763 I art     : Starting a blocking GC Explicit
08-04 14:32:21.968 27726 27763 I art     : Explicit concurrent mark sweep GC freed 3(96B) AllocSpace objects, 0(0B) LOS objects, 23% free, 53MB/69MB, paused 582us total 24.332ms
08-04 14:32:21.977 27726 27763 I art     : Starting a blocking GC Explicit
08-04 14:32:22.002 27726 27763 I art     : Explicit concurrent mark sweep GC freed 3(96B) AllocSpace objects, 0(0B) LOS objects, 23% free, 53MB/69MB, paused 560us total 24.726ms
08-04 14:32:22.012 27726 27763 I art     : Starting a blocking GC Explicit
08-04 14:32:22.036 27726 27763 I art     : Explicit concurrent mark sweep GC freed 3(96B) AllocSpace objects, 0(0B) LOS objects, 23% free, 53MB/69MB, paused 551us total 24.251ms
08-04 14:32:22.355 27726 27739 I art     : Starting a blocking GC Explicit
08-04 14:32:22.387 27726 27739 I art     : Explicit concurrent mark sweep GC freed 1344(78KB) AllocSpace objects, 1(20KB) LOS objects, 23% free, 53MB/69MB, paused 603us total 30.828ms
08-04 14:32:22.400 27726 27739 I art     : Starting a blocking GC Explicit
08-04 14:32:22.423 27726 27739 I art     : Explicit concurrent mark sweep GC freed 20(704B) AllocSpace objects, 0(0B) LOS objects, 23% free, 53MB/69MB, paused 545us total 22.903ms
08-04 14:32:22.432 27726 27739 I art     : Starting a blocking GC Explicit
08-04 14:32:22.456 27726 27739 I art     : Explicit concurrent mark sweep GC freed 3(96B) AllocSpace objects, 0(0B) LOS objects, 23% free, 53MB/69MB, paused 543us total 23.411ms
08-04 14:32:22.465 27726 27739 I art     : Starting a blocking GC Explicit
08-04 14:32:22.489 27726 27739 I art     : Explicit concurrent mark sweep GC freed 3(96B) AllocSpace objects, 0(0B) LOS objects, 23% free, 53MB/69MB, paused 553us total 24.118ms
08-04 14:32:22.498 27726 27739 I art     : Starting a blocking GC Explicit
08-04 14:32:22.523 27726 27739 I art     : Explicit concurrent mark sweep GC freed 3(96B) AllocSpace objects, 0(0B) LOS objects, 23% free, 53MB/69MB, paused 557us total 24.208ms
08-04 14:32:22.741 31903 31903 I ServiceManager: Waiting for service AtCmdFwd...
08-04 14:32:22.865 27726 28206 I art     : Starting a blocking GC Explicit
08-04 14:32:22.891 27726 28206 I art     : Explicit concurrent mark sweep GC freed 1344(78KB) AllocSpace objects, 1(20KB) LOS objects, 23% free, 53MB/69MB, paused 582us total 25.472ms
08-04 14:32:22.900 27726 28206 I art     : Starting a blocking GC Explicit
08-04 14:32:22.923 27726 28206 I art     : Explicit concurrent mark sweep GC freed 20(704B) AllocSpace objects, 0(0B) LOS objects, 23% free, 53MB/69MB, paused 561us total 22.415ms
08-04 14:32:22.931 27726 28206 I art     : Starting a blocking GC Explicit
08-04 14:32:22.954 27726 28206 I art     : Explicit concurrent mark sweep GC freed 3(96B) AllocSpace objects, 0(0B) LOS objects, 23% free, 53MB/69MB, paused 549us total 22.729ms
08-04 14:32:22.963 27726 28206 I art     : Starting a blocking GC Explicit
08-04 14:32:22.986 27726 28206 I art     : Explicit concurrent mark sweep GC freed 3(96B) AllocSpace objects, 0(0B) LOS objects, 23% free, 53MB/69MB, paused 545us total 22.862ms
08-04 14:32:22.995 27726 28206 I art     : Starting a blocking GC Explicit
08-04 14:32:23.019 27726 28206 I art     : Explicit concurrent mark sweep GC freed 3(96B) AllocSpace objects, 0(0B) LOS objects, 23% free, 53MB/69MB, paused 555us total 23.297ms
08-04 14:32:23.275 31957 31957 D AndroidRuntime: >>>>>> START com.android.internal.os.RuntimeInit uid 2000 <<<<<<
08-04 14:32:23.280 31957 31957 D AndroidRuntime: CheckJNI is OFF
08-04 14:32:23.315 31957 31957 D ICU     : No timezone override file found: /data/misc/zoneinfo/current/icu/icu_tzdata.dat
08-04 14:32:23.330 27726 27738 I art     : Starting a blocking GC Explicit
08-04 14:32:23.349 31957 31957 I Radio-JNI: register_android_hardware_Radio DONE
08-04 14:32:23.355 27726 27738 I art     : Explicit concurrent mark sweep GC freed 1344(78KB) AllocSpace objects, 1(20KB) LOS objects, 23% free, 53MB/69MB, paused 595us total 24.426ms
08-04 14:32:23.364 27726 27738 I art     : Starting a blocking GC Explicit
08-04 14:32:23.372 31957 31957 D AndroidRuntime: Calling main entry com.android.commands.input.Input
08-04 14:32:23.374 31957 31957 I Input   : injectMotionEvent: MotionEvent { action=ACTION_DOWN, actionButton=0, id[0]=0, x[0]=255.0, y[0]=1845.0, toolType[0]=TOOL_TYPE_UNKNOWN, buttonState=0, metaState=0, flags=0x0, edgeFlags=0x0, pointerCount=1, historySize=0, eventTime=714759787, downTime=714759787, deviceId=0, source=0x1002 }
08-04 14:32:23.380 31957 31957 I Input   : injectMotionEvent: MotionEvent { action=ACTION_UP, actionButton=0, id[0]=0, x[0]=255.0, y[0]=1845.0, toolType[0]=TOOL_TYPE_UNKNOWN, buttonState=0, metaState=0, flags=0x0, edgeFlags=0x0, pointerCount=1, historySize=0, eventTime=714759787, downTime=714759787, deviceId=0, source=0x1002 }
08-04 14:32:23.382   918  3961 I ActivityManager: START u0 {cmp=baseline.appteam.nith.hillffair/.activities.ClubActivity (has extras)} from uid 10651 on display 0
08-04 14:32:23.387 27726 27738 I art     : Explicit concurrent mark sweep GC freed 20(704B) AllocSpace objects, 0(0B) LOS objects, 23% free, 53MB/69MB, paused 792us total 22.505ms
08-04 14:32:23.391 31957 31957 D AndroidRuntime: Shutting down VM
08-04 14:32:23.398 27726 27738 I art     : Starting a blocking GC Explicit
08-04 14:32:23.413   918  3261 D WifiStateMachine: starting scan for "H369AA63323"WPA_PSK with 2412,5180
08-04 14:32:23.420 27726 27738 I art     : Explicit concurrent mark sweep GC freed 1572(93KB) AllocSpace objects, 0(0B) LOS objects, 22% free, 53MB/69MB, paused 974us total 22.390ms
08-04 14:32:23.431 27726 27738 I art     : Starting a blocking GC Explicit
08-04 14:32:23.452 27726 27738 I art     : Explicit concurrent mark sweep GC freed 2256(200KB) AllocSpace objects, 0(0B) LOS objects, 22% free, 53MB/69MB, paused 513us total 20.681ms
08-04 14:32:23.460 27726 27738 I art     : Starting a blocking GC Explicit
08-04 14:32:23.474 27726 27726 I NAPPA_EXPERIMENTATION: MetricNetworkRequestExecutionTime: REQUEST_DURATION_SYSTEM='53',REQUEST_DURATION_OKHTTP='30',REQUEST_SYNCHRONOUS='FALSE',RESPONSE_CODE='200',RESPONSE_METHOD='GET',RESPONSE_LENGTH_OKHTTP='1171',RESPONSE_LENGTH_HEADER='-2',REQUEST_PROTOCOL='http/1.1',REQUEST_URL='https://api-hillfair-2k16.herokuapp.com/api/app/club/Technical%20Committee',
08-04 14:32:23.479   918   936 I ActivityManager: Displayed baseline.appteam.nith.hillffair/.activities.ClubActivity: +87ms
08-04 14:32:23.479 13866 13866 I GoogleInputMethodServic: GoogleInputMethodService.onFinishInput():3138 
08-04 14:32:23.480 13866 13866 I GoogleInputMethodServic: GoogleInputMethodService.onStartInput():1808 
08-04 14:32:23.483 27726 27738 I art     : Explicit concurrent mark sweep GC freed 747(52KB) AllocSpace objects, 0(0B) LOS objects, 22% free, 53MB/69MB, paused 859us total 22.807ms
08-04 14:32:23.722   380   380 W SurfaceFlinger: couldn't log to binary event log: overflow.
08-04 14:32:23.730 27726 28206 I art     : Starting a blocking GC Explicit
08-04 14:32:23.742 31903 31903 I ServiceManager: Waiting for service AtCmdFwd...
08-04 14:32:23.752 27726 28206 I art     : Explicit concurrent mark sweep GC freed 1442(82KB) AllocSpace objects, 1(20KB) LOS objects, 22% free, 53MB/69MB, paused 552us total 21.588ms
08-04 14:32:23.760 27726 28206 I art     : Starting a blocking GC Explicit
08-04 14:32:23.782 27726 28206 I art     : Explicit concurrent mark sweep GC freed 24(848B) AllocSpace objects, 0(0B) LOS objects, 22% free, 53MB/69MB, paused 502us total 21.076ms
08-04 14:32:23.790 27726 28206 I art     : Starting a blocking GC Explicit
08-04 14:32:23.812 27726 28206 I art     : Explicit concurrent mark sweep GC freed 3(96B) AllocSpace objects, 0(0B) LOS objects, 22% free, 53MB/69MB, paused 541us total 21.267ms
08-04 14:32:23.820 27726 28206 I art     : Starting a blocking GC Explicit
08-04 14:32:23.843 27726 28206 I art     : Explicit concurrent mark sweep GC freed 3(96B) AllocSpace objects, 0(0B) LOS objects, 22% free, 53MB/69MB, paused 507us total 22.401ms
08-04 14:32:23.852 27726 28206 I art     : Starting a blocking GC Explicit
08-04 14:32:23.878 27726 28206 I art     : Explicit concurrent mark sweep GC freed 100(5KB) AllocSpace objects, 0(0B) LOS objects, 22% free, 53MB/69MB, paused 857us total 25.775ms
08-04 14:32:24.162 27726 28206 I art     : Starting a blocking GC Explicit
08-04 14:32:24.189 27726 28206 I art     : Explicit concurrent mark sweep GC freed 1345(78KB) AllocSpace objects, 1(20KB) LOS objects, 22% free, 53MB/69MB, paused 557us total 26.890ms
08-04 14:32:24.200 27726 28206 I art     : Starting a blocking GC Explicit
08-04 14:32:24.225 27726 28206 I art     : Explicit concurrent mark sweep GC freed 36(1264B) AllocSpace objects, 0(0B) LOS objects, 22% free, 53MB/69MB, paused 540us total 24.757ms
08-04 14:32:24.234 27726 28206 I art     : Starting a blocking GC Explicit
08-04 14:32:24.258 27726 28206 I art     : Explicit concurrent mark sweep GC freed 3(96B) AllocSpace objects, 0(0B) LOS objects, 22% free, 53MB/69MB, paused 647us total 24.051ms
08-04 14:32:24.267 27726 28206 I art     : Starting a blocking GC Explicit
08-04 14:32:24.292 27726 28206 I art     : Explicit concurrent mark sweep GC freed 3(96B) AllocSpace objects, 0(0B) LOS objects, 22% free, 53MB/69MB, paused 571us total 24.380ms
08-04 14:32:24.301 27726 28206 I art     : Starting a blocking GC Explicit
08-04 14:32:24.327 27726 28206 I art     : Explicit concurrent mark sweep GC freed 3(96B) AllocSpace objects, 0(0B) LOS objects, 22% free, 53MB/69MB, paused 597us total 25.699ms
08-04 14:32:24.622 27726 27763 I art     : Starting a blocking GC Explicit
08-04 14:32:24.653 27726 27763 I art     : Explicit concurrent mark sweep GC freed 1344(78KB) AllocSpace objects, 1(20KB) LOS objects, 22% free, 53MB/69MB, paused 620us total 31.353ms
08-04 14:32:24.666 27726 27763 I art     : Starting a blocking GC Explicit
08-04 14:32:24.692 27726 27763 I art     : Explicit concurrent mark sweep GC freed 20(704B) AllocSpace objects, 0(0B) LOS objects, 22% free, 53MB/69MB, paused 596us total 25.034ms
08-04 14:32:24.701 27726 27763 I art     : Starting a blocking GC Explicit
08-04 14:32:24.725 27726 27763 I art     : Explicit concurrent mark sweep GC freed 3(96B) AllocSpace objects, 0(0B) LOS objects, 22% free, 53MB/69MB, paused 562us total 24.570ms
08-04 14:32:24.735 27726 27763 I art     : Starting a blocking GC Explicit
08-04 14:32:24.742 31903 31903 I ServiceManager: Waiting for service AtCmdFwd...
08-04 14:32:24.760 27726 27763 I art     : Explicit concurrent mark sweep GC freed 3(96B) AllocSpace objects, 0(0B) LOS objects, 22% free, 53MB/69MB, paused 541us total 24.823ms
08-04 14:32:24.769 27726 27763 I art     : Starting a blocking GC Explicit
08-04 14:32:24.794 27726 27763 I art     : Explicit concurrent mark sweep GC freed 3(96B) AllocSpace objects, 0(0B) LOS objects, 22% free, 53MB/69MB, paused 554us total 24.916ms
08-04 14:32:25.095 27726 27738 I art     : Starting a blocking GC Explicit
08-04 14:32:25.130 27726 27738 I art     : Explicit concurrent mark sweep GC freed 1344(78KB) AllocSpace objects, 1(20KB) LOS objects, 22% free, 53MB/69MB, paused 612us total 34.709ms
08-04 14:32:25.143 27726 27738 I art     : Starting a blocking GC Explicit
08-04 14:32:25.170 27726 27738 I art     : Explicit concurrent mark sweep GC freed 20(704B) AllocSpace objects, 0(0B) LOS objects, 22% free, 53MB/69MB, paused 569us total 26.108ms
08-04 14:32:25.179 27726 27738 I art     : Starting a blocking GC Explicit
08-04 14:32:25.205 27726 27738 I art     : Explicit concurrent mark sweep GC freed 3(96B) AllocSpace objects, 0(0B) LOS objects, 22% free, 53MB/69MB, paused 655us total 25.505ms
08-04 14:32:25.214 27726 27738 I art     : Starting a blocking GC Explicit
08-04 14:32:25.240 27726 27738 I art     : Explicit concurrent mark sweep GC freed 3(96B) AllocSpace objects, 0(0B) LOS objects, 22% free, 53MB/69MB, paused 564us total 25.659ms
08-04 14:32:25.250 27726 27738 I art     : Starting a blocking GC Explicit
08-04 14:32:25.275 27726 27738 I art     : Explicit concurrent mark sweep GC freed 3(96B) AllocSpace objects, 0(0B) LOS objects, 22% free, 53MB/69MB, paused 565us total 25.301ms
08-04 14:32:25.598 27726 27739 I art     : Starting a blocking GC Explicit
08-04 14:32:25.630 27726 27739 I art     : Explicit concurrent mark sweep GC freed 1344(78KB) AllocSpace objects, 1(20KB) LOS objects, 22% free, 53MB/69MB, paused 604us total 30.955ms
08-04 14:32:25.641 27726 27739 I art     : Starting a blocking GC Explicit
08-04 14:32:25.667 27726 27739 I art     : Explicit concurrent mark sweep GC freed 20(704B) AllocSpace objects, 0(0B) LOS objects, 22% free, 53MB/69MB, paused 684us total 25.516ms
08-04 14:32:25.676 27726 27739 I art     : Starting a blocking GC Explicit
08-04 14:32:25.701 27726 27739 I art     : Explicit concurrent mark sweep GC freed 3(96B) AllocSpace objects, 0(0B) LOS objects, 22% free, 53MB/69MB, paused 569us total 24.818ms
08-04 14:32:25.710 27726 27739 I art     : Starting a blocking GC Explicit
08-04 14:32:25.736 27726 27739 I art     : Explicit concurrent mark sweep GC freed 3(96B) AllocSpace objects, 0(0B) LOS objects, 22% free, 53MB/69MB, paused 576us total 24.965ms
08-04 14:32:25.742 31903 31903 W Atfwd_Sendcmd: AtCmdFwd service not published, waiting... retryCnt : 1
08-04 14:32:25.745 27726 27739 I art     : Starting a blocking GC Explicit
08-04 14:32:25.771 27726 27739 I art     : Explicit concurrent mark sweep GC freed 3(96B) AllocSpace objects, 0(0B) LOS objects, 22% free, 53MB/69MB, paused 581us total 25.403ms
08-04 14:32:26.093 27726 28206 I art     : Starting a blocking GC Explicit
08-04 14:32:26.130 27726 28206 I art     : Explicit concurrent mark sweep GC freed 1344(78KB) AllocSpace objects, 1(20KB) LOS objects, 22% free, 53MB/69MB, paused 717us total 36.018ms
08-04 14:32:26.143 27726 28206 I art     : Starting a blocking GC Explicit
08-04 14:32:26.168 27726 28206 I art     : Explicit concurrent mark sweep GC freed 20(704B) AllocSpace objects, 0(0B) LOS objects, 22% free, 53MB/69MB, paused 589us total 25.179ms
08-04 14:32:26.177 27726 28206 I art     : Starting a blocking GC Explicit
08-04 14:32:26.202 27726 28206 I art     : Explicit concurrent mark sweep GC freed 3(96B) AllocSpace objects, 0(0B) LOS objects, 22% free, 53MB/69MB, paused 583us total 24.702ms
08-04 14:32:26.212 27726 28206 I art     : Starting a blocking GC Explicit
08-04 14:32:26.238 27726 28206 I art     : Explicit concurrent mark sweep GC freed 3(96B) AllocSpace objects, 0(0B) LOS objects, 22% free, 53MB/69MB, paused 603us total 25.159ms
08-04 14:32:26.247 27726 28206 I art     : Starting a blocking GC Explicit
08-04 14:32:26.272 27726 28206 I art     : Explicit concurrent mark sweep GC freed 3(96B) AllocSpace objects, 0(0B) LOS objects, 22% free, 53MB/69MB, paused 580us total 24.635ms
08-04 14:32:26.590 27726 27763 I art     : Starting a blocking GC Explicit
08-04 14:32:26.626 27726 27763 I art     : Explicit concurrent mark sweep GC freed 1344(78KB) AllocSpace objects, 1(20KB) LOS objects, 22% free, 53MB/69MB, paused 618us total 35.695ms
08-04 14:32:26.642 27726 27763 I art     : Starting a blocking GC Explicit
08-04 14:32:26.667 27726 27763 I art     : Explicit concurrent mark sweep GC freed 20(704B) AllocSpace objects, 0(0B) LOS objects, 22% free, 53MB/69MB, paused 714us total 25.012ms
08-04 14:32:26.676 27726 27763 I art     : Starting a blocking GC Explicit
08-04 14:32:26.701 27726 27763 I art     : Explicit concurrent mark sweep GC freed 3(96B) AllocSpace objects, 0(0B) LOS objects, 22% free, 53MB/69MB, paused 583us total 25.071ms
08-04 14:32:26.711 27726 27763 I art     : Starting a blocking GC Explicit
08-04 14:32:26.737 27726 27763 I art     : Explicit concurrent mark sweep GC freed 3(96B) AllocSpace objects, 0(0B) LOS objects, 22% free, 53MB/69MB, paused 656us total 25.850ms
08-04 14:32:26.746 27726 27763 I art     : Starting a blocking GC Explicit
08-04 14:32:26.772 27726 27763 I art     : Explicit concurrent mark sweep GC freed 3(96B) AllocSpace objects, 0(0B) LOS objects, 22% free, 53MB/69MB, paused 570us total 25.084ms
08-04 14:32:27.088 27726 27738 I art     : Starting a blocking GC Explicit
08-04 14:32:27.120 27726 27738 I art     : Explicit concurrent mark sweep GC freed 1344(78KB) AllocSpace objects, 1(20KB) LOS objects, 22% free, 53MB/69MB, paused 615us total 31.528ms
08-04 14:32:27.132 27726 27738 I art     : Starting a blocking GC Explicit
08-04 14:32:27.157 27726 27738 I art     : Explicit concurrent mark sweep GC freed 20(704B) AllocSpace objects, 0(0B) LOS objects, 22% free, 53MB/69MB, paused 596us total 25.055ms
08-04 14:32:27.167 27726 27738 I art     : Starting a blocking GC Explicit
08-04 14:32:27.192 27726 27738 I art     : Explicit concurrent mark sweep GC freed 3(96B) AllocSpace objects, 0(0B) LOS objects, 22% free, 53MB/69MB, paused 525us total 25.116ms
08-04 14:32:27.201 27726 27738 I art     : Starting a blocking GC Explicit
08-04 14:32:27.227 27726 27738 I art     : Explicit concurrent mark sweep GC freed 3(96B) AllocSpace objects, 0(0B) LOS objects, 22% free, 53MB/69MB, paused 667us total 25.666ms
08-04 14:32:27.237 27726 27738 I art     : Starting a blocking GC Explicit
08-04 14:32:27.262 27726 27738 I art     : Explicit concurrent mark sweep GC freed 3(96B) AllocSpace objects, 0(0B) LOS objects, 22% free, 53MB/69MB, paused 557us total 25.359ms
08-04 14:32:27.575 27726 27739 I art     : Starting a blocking GC Explicit
08-04 14:32:27.612 27726 27739 I art     : Explicit concurrent mark sweep GC freed 1344(78KB) AllocSpace objects, 1(20KB) LOS objects, 22% free, 53MB/69MB, paused 643us total 36.610ms
08-04 14:32:27.630 27726 27739 I art     : Starting a blocking GC Explicit
08-04 14:32:27.653 27726 27739 I art     : Explicit concurrent mark sweep GC freed 20(704B) AllocSpace objects, 0(0B) LOS objects, 22% free, 53MB/69MB, paused 544us total 22.795ms
08-04 14:32:27.662 27726 27739 I art     : Starting a blocking GC Explicit
08-04 14:32:27.685 27726 27739 I art     : Explicit concurrent mark sweep GC freed 3(96B) AllocSpace objects, 0(0B) LOS objects, 22% free, 53MB/69MB, paused 551us total 23.472ms
08-04 14:32:27.694 27726 27739 I art     : Starting a blocking GC Explicit
08-04 14:32:27.718 27726 27739 I art     : Explicit concurrent mark sweep GC freed 3(96B) AllocSpace objects, 0(0B) LOS objects, 22% free, 53MB/69MB, paused 564us total 23.170ms
08-04 14:32:27.726 27726 27739 I art     : Starting a blocking GC Explicit
08-04 14:32:27.750 27726 27739 I art     : Explicit concurrent mark sweep GC freed 3(96B) AllocSpace objects, 0(0B) LOS objects, 22% free, 53MB/69MB, paused 566us total 23.428ms
08-04 14:32:28.053 27726 28206 I art     : Starting a blocking GC Explicit
08-04 14:32:28.079 27726 28206 I art     : Explicit concurrent mark sweep GC freed 1365(79KB) AllocSpace objects, 1(20KB) LOS objects, 22% free, 53MB/69MB, paused 604us total 25.028ms
08-04 14:32:28.085 32073 32073 D AndroidRuntime: >>>>>> START com.android.internal.os.RuntimeInit uid 2000 <<<<<<
08-04 14:32:28.088 27726 28206 I art     : Starting a blocking GC Explicit
08-04 14:32:28.091 32073 32073 D AndroidRuntime: CheckJNI is OFF
08-04 14:32:28.113 27726 28206 I art     : Explicit concurrent mark sweep GC freed 36(1216B) AllocSpace objects, 0(0B) LOS objects, 22% free, 53MB/69MB, paused 596us total 24.695ms
08-04 14:32:28.123 27726 28206 I art     : Starting a blocking GC Explicit
08-04 14:32:28.129 32073 32073 D ICU     : No timezone override file found: /data/misc/zoneinfo/current/icu/icu_tzdata.dat
08-04 14:32:28.146 27726 28206 I art     : Explicit concurrent mark sweep GC freed 3(96B) AllocSpace objects, 0(0B) LOS objects, 22% free, 53MB/69MB, paused 568us total 23.302ms
08-04 14:32:28.155 27726 28206 I art     : Starting a blocking GC Explicit
08-04 14:32:28.165 32073 32073 I Radio-JNI: register_android_hardware_Radio DONE
08-04 14:32:28.178 27726 28206 I art     : Explicit concurrent mark sweep GC freed 3(96B) AllocSpace objects, 0(0B) LOS objects, 22% free, 53MB/69MB, paused 571us total 23.257ms
08-04 14:32:28.186 32073 32073 D AndroidRuntime: Calling main entry com.android.commands.input.Input
08-04 14:32:28.187 27726 28206 I art     : Starting a blocking GC Explicit
08-04 14:32:28.188 32073 32073 I Input   : injectKeyEvent: KeyEvent { action=ACTION_DOWN, keyCode=KEYCODE_BACK, scanCode=0, metaState=0, flags=0x0, repeatCount=0, eventTime=714764601, downTime=714764601, deviceId=-1, source=0x101 }
08-04 14:32:28.193 32073 32073 I Input   : injectKeyEvent: KeyEvent { action=ACTION_UP, keyCode=KEYCODE_BACK, scanCode=0, metaState=0, flags=0x0, repeatCount=0, eventTime=714764601, downTime=714764601, deviceId=-1, source=0x101 }
08-04 14:32:28.199 32073 32073 D AndroidRuntime: Shutting down VM
08-04 14:32:28.210 27726 28206 I art     : Explicit concurrent mark sweep GC freed 133(5KB) AllocSpace objects, 0(0B) LOS objects, 22% free, 53MB/69MB, paused 575us total 22.784ms
08-04 14:32:28.236 13866 13866 I GoogleInputMethodServic: GoogleInputMethodService.onFinishInput():3138 
08-04 14:32:28.237 13866 13866 I GoogleInputMethodServic: GoogleInputMethodService.onStartInput():1808 
08-04 14:32:28.483 27726 28206 I art     : Starting a blocking GC Explicit
08-04 14:32:28.512 27726 28206 I art     : Explicit concurrent mark sweep GC freed 1394(80KB) AllocSpace objects, 1(20KB) LOS objects, 22% free, 53MB/69MB, paused 525us total 28.761ms
08-04 14:32:28.522 27726 28206 I art     : Starting a blocking GC Explicit
08-04 14:32:28.528   380   380 W SurfaceFlinger: couldn't log to binary event log: overflow.
08-04 14:32:28.547 27726 28206 I art     : Explicit concurrent mark sweep GC freed 133(9KB) AllocSpace objects, 0(0B) LOS objects, 22% free, 53MB/69MB, paused 575us total 24.751ms
08-04 14:32:28.555 27726 28206 I art     : Starting a blocking GC Explicit
08-04 14:32:28.578 27726 28206 I art     : Explicit concurrent mark sweep GC freed 113(5KB) AllocSpace objects, 0(0B) LOS objects, 22% free, 53MB/69MB, paused 625us total 22.223ms
08-04 14:32:28.586 27726 28206 I art     : Starting a blocking GC Explicit
08-04 14:32:28.608 27726 28206 I art     : Explicit concurrent mark sweep GC freed 1545(102KB) AllocSpace objects, 3(180KB) LOS objects, 23% free, 53MB/69MB, paused 563us total 21.427ms
08-04 14:32:28.616 27726 28206 I art     : Starting a blocking GC Explicit
08-04 14:32:28.638 27726 28206 I art     : Explicit concurrent mark sweep GC freed 3(96B) AllocSpace objects, 0(0B) LOS objects, 23% free, 53MB/69MB, paused 718us total 22.097ms
08-04 14:32:28.927 27726 27739 I art     : Starting a blocking GC Explicit
08-04 14:32:28.962 27726 27739 I art     : Explicit concurrent mark sweep GC freed 1344(78KB) AllocSpace objects, 1(20KB) LOS objects, 23% free, 53MB/69MB, paused 588us total 34.456ms
08-04 14:32:28.975 27726 27739 I art     : Starting a blocking GC Explicit
08-04 14:32:28.999 27726 27739 I art     : Explicit concurrent mark sweep GC freed 20(704B) AllocSpace objects, 0(0B) LOS objects, 23% free, 53MB/69MB, paused 547us total 24.232ms
08-04 14:32:29.008 27726 27739 I art     : Starting a blocking GC Explicit
08-04 14:32:29.033 27726 27739 I art     : Explicit concurrent mark sweep GC freed 3(96B) AllocSpace objects, 0(0B) LOS objects, 23% free, 53MB/69MB, paused 539us total 24.153ms
08-04 14:32:29.042 27726 27739 I art     : Starting a blocking GC Explicit
08-04 14:32:29.066 27726 27739 I art     : Explicit concurrent mark sweep GC freed 3(96B) AllocSpace objects, 0(0B) LOS objects, 23% free, 53MB/69MB, paused 560us total 24.118ms
08-04 14:32:29.075 27726 27739 I art     : Starting a blocking GC Explicit
08-04 14:32:29.101 27726 27739 I art     : Explicit concurrent mark sweep GC freed 3(96B) AllocSpace objects, 0(0B) LOS objects, 23% free, 53MB/69MB, paused 545us total 24.985ms
08-04 14:32:29.305   918   918 I ActivityManager: Start proc 32122:nappatfpr.com.newsblur/u0a658 for service nappatfpr.com.newsblur/.service.NBSyncService
08-04 14:32:29.305 32122 32122 I art     : Late-enabling -Xcheck:jni
08-04 14:32:29.320 32135 32135 I art     : Late-enabling -Xcheck:jni
08-04 14:32:29.320   918   918 I ActivityManager: Start proc 32135:baseline.com.newsblur/u0a652 for service baseline.com.newsblur/.service.NBSyncService
08-04 14:32:29.336 29666 32152 W Gcs.WfaEliRefreshTask: [24194] afk.b: NULL eligibility response.
08-04 14:32:29.338 24365 23406 I NetworkScheduler.Stats: Task com.google.android.apps.gcs/ started execution. cause:4 exec_start_elapsed_seconds: 1698153 [CONTEXT service_id=218 ]
08-04 14:32:29.339 24365 23406 I NetworkScheduler.Stats: Task com.google.android.apps.gcs/ finished executing. cause:4 result: 3 elapsed_millis: 8 uptime_millis: 8 exec_start_elapsed_seconds: 1698153 [CONTEXT service_id=218 ]
08-04 14:32:29.340 32122 32122 W System  : ClassLoader referenced unknown path: /data/app/nappatfpr.com.newsblur-1/lib/arm64
08-04 14:32:29.353 32135 32135 W System  : ClassLoader referenced unknown path: /data/app/baseline.com.newsblur-1/lib/arm64
08-04 14:32:29.382   918  5132 I ActivityManager: Killing 5319:com.android.defcontainer/u0a7 (adj 15): empty #17
08-04 14:32:29.395 27726 27738 I art     : Starting a blocking GC Explicit
08-04 14:32:29.415 27726 27738 I art     : Explicit concurrent mark sweep GC freed 1344(78KB) AllocSpace objects, 1(20KB) LOS objects, 23% free, 53MB/69MB, paused 492us total 19.640ms
08-04 14:32:29.423 27726 27738 I art     : Starting a blocking GC Explicit
08-04 14:32:29.442 24365 25567 I NetworkScheduler.Stats: Task com.google.android.gms/com.google.android.gms.phenotype.service.sync.PhenotypeConfigurator started execution. cause:5 exec_start_elapsed_seconds: 1698153 [CONTEXT service_id=218 ]
08-04 14:32:29.443 27726 27738 I art     : Explicit concurrent mark sweep GC freed 20(704B) AllocSpace objects, 0(0B) LOS objects, 23% free, 53MB/69MB, paused 529us total 20.345ms
08-04 14:32:29.444   918  3961 I ActivityManager: Killing 5364:com.android.keychain/1000 (adj 15): empty #17
08-04 14:32:29.452 27726 27738 I art     : Starting a blocking GC Explicit
08-04 14:32:29.472 27726 27738 I art     : Explicit concurrent mark sweep GC freed 3(96B) AllocSpace objects, 0(0B) LOS objects, 23% free, 53MB/69MB, paused 523us total 19.915ms
08-04 14:32:29.480 27726 27738 I art     : Starting a blocking GC Explicit
08-04 14:32:29.500 27726 27738 I art     : Explicit concurrent mark sweep GC freed 3(96B) AllocSpace objects, 0(0B) LOS objects, 23% free, 53MB/69MB, paused 508us total 19.723ms
08-04 14:32:29.508 27726 27738 I art     : Starting a blocking GC Explicit
08-04 14:32:29.528 27726 27738 I art     : Explicit concurrent mark sweep GC freed 3(96B) AllocSpace objects, 0(0B) LOS objects, 23% free, 53MB/69MB, paused 516us total 20.620ms
08-04 14:32:29.541 24365 23406 W ResourceType: ResTable_typeSpec entry count inconsistent: given 37, previously 42
08-04 14:32:29.541 24365 23406 W ResourceType: ResTable_typeSpec entry count inconsistent: given 2527, previously 2530
08-04 14:32:29.542 24365 23406 W ResourceType: ResTable_typeSpec entry count inconsistent: given 2542, previously 2545
08-04 14:32:29.542 24365 23406 W ResourceType: ResTable_typeSpec entry count inconsistent: given 303, previously 1691
08-04 14:32:29.680 24365 23406 W ResourceType: ResTable_typeSpec entry count inconsistent: given 859, previously 874
08-04 14:32:29.680 24365 23406 W ResourceType: ResTable_typeSpec entry count inconsistent: given 677, previously 2268
08-04 14:32:29.680 24365 23406 W ResourceType: ResTable_typeSpec entry count inconsistent: given 269, previously 1299
08-04 14:32:29.714 24365 23406 W ResourceType: ResTable_typeSpec entry count inconsistent: given 83, previously 87
08-04 14:32:29.714 24365 23406 W ResourceType: ResTable_typeSpec entry count inconsistent: given 542, previously 2227
08-04 14:32:29.714 24365 23406 W ResourceType: ResTable_typeSpec entry count inconsistent: given 669, previously 1961
08-04 14:32:29.715 24365 23406 W ResourceType: ResTable_typeSpec entry count inconsistent: given 1967, previously 1961
08-04 14:32:29.715 24365 23406 W ResourceType: ResTable_typeSpec entry count inconsistent: given 386, previously 2092
08-04 14:32:29.776 24365 23406 W ResourceType: ResTable_typeSpec entry count inconsistent: given 15, previously 23
08-04 14:32:29.790 27726 27763 I art     : Starting a blocking GC Explicit
08-04 14:32:29.810 32157 32157 D AndroidRuntime: >>>>>> START com.android.internal.os.RuntimeInit uid 2000 <<<<<<
08-04 14:32:29.812 27726 27763 I art     : Explicit concurrent mark sweep GC freed 1344(78KB) AllocSpace objects, 1(20KB) LOS objects, 23% free, 53MB/69MB, paused 584us total 21.712ms
08-04 14:32:29.815 32157 32157 D AndroidRuntime: CheckJNI is OFF
08-04 14:32:29.820 27726 27763 I art     : Starting a blocking GC Explicit
08-04 14:32:29.842 27726 27763 I art     : Explicit concurrent mark sweep GC freed 20(704B) AllocSpace objects, 0(0B) LOS objects, 23% free, 53MB/69MB, paused 526us total 21.567ms
08-04 14:32:29.848 32157 32157 D ICU     : No timezone override file found: /data/misc/zoneinfo/current/icu/icu_tzdata.dat
08-04 14:32:29.850 27726 27763 I art     : Starting a blocking GC Explicit
08-04 14:32:29.870 27726 27763 I art     : Explicit concurrent mark sweep GC freed 3(96B) AllocSpace objects, 0(0B) LOS objects, 23% free, 53MB/69MB, paused 516us total 20.027ms
08-04 14:32:29.875 24365 23406 W ResourceType: ResTable_typeSpec entry count inconsistent: given 1955, previously 2338
08-04 14:32:29.876 24365 23406 W ResourceType: ResTable_typeSpec entry count inconsistent: given 1532, previously 1537
08-04 14:32:29.876 24365 23406 W ResourceType: ResTable_typeSpec entry count inconsistent: given 289, previously 1802
08-04 14:32:29.878 27726 27763 I art     : Starting a blocking GC Explicit
08-04 14:32:29.879 32157 32157 I Radio-JNI: register_android_hardware_Radio DONE
08-04 14:32:29.898 27726 27763 I art     : Explicit concurrent mark sweep GC freed 3(96B) AllocSpace objects, 0(0B) LOS objects, 23% free, 53MB/69MB, paused 518us total 19.865ms
08-04 14:32:29.899 32157 32157 D AndroidRuntime: Calling main entry com.android.commands.input.Input
08-04 14:32:29.901 32157 32157 I Input   : injectKeyEvent: KeyEvent { action=ACTION_DOWN, keyCode=KEYCODE_BACK, scanCode=0, metaState=0, flags=0x0, repeatCount=0, eventTime=714766314, downTime=714766314, deviceId=-1, source=0x101 }
08-04 14:32:29.906 32157 32157 I Input   : injectKeyEvent: KeyEvent { action=ACTION_UP, keyCode=KEYCODE_BACK, scanCode=0, metaState=0, flags=0x0, repeatCount=0, eventTime=714766314, downTime=714766314, deviceId=-1, source=0x101 }
08-04 14:32:29.907 27726 27763 I art     : Starting a blocking GC Explicit
08-04 14:32:29.911 32157 32157 D AndroidRuntime: Shutting down VM
08-04 14:32:29.927 27726 27763 I art     : Explicit concurrent mark sweep GC freed 148(6KB) AllocSpace objects, 0(0B) LOS objects, 23% free, 53MB/69MB, paused 594us total 20.020ms
08-04 14:32:29.953 13866 13866 I GoogleInputMethodServic: GoogleInputMethodService.onFinishInput():3138 
08-04 14:32:29.954 13866 13866 I GoogleInputMethodServic: GoogleInputMethodService.onStartInput():1808 
08-04 14:32:30.069   918  6029 I AccountManagerService: getTypesVisibleToCaller: isPermitted? true
08-04 14:32:30.073 24365 23406 I aojn    : Removed 0 invalid users [CONTEXT service_id=51 ]
08-04 14:32:30.173 27726 27739 I art     : Starting a blocking GC Explicit
08-04 14:32:30.199 27726 27739 I art     : Explicit concurrent mark sweep GC freed 1408(80KB) AllocSpace objects, 1(20KB) LOS objects, 23% free, 53MB/69MB, paused 495us total 25.450ms
08-04 14:32:30.211 27726 27739 I art     : Starting a blocking GC Explicit
08-04 14:32:30.234 27726 27739 I art     : Explicit concurrent mark sweep GC freed 24(864B) AllocSpace objects, 0(0B) LOS objects, 23% free, 53MB/69MB, paused 502us total 22.500ms
08-04 14:32:30.242 27726 27739 I art     : Starting a blocking GC Explicit
08-04 14:32:30.264 27726 27739 I art     : Explicit concurrent mark sweep GC freed 677(32KB) AllocSpace objects, 0(0B) LOS objects, 23% free, 53MB/69MB, paused 541us total 21.230ms
08-04 14:32:30.272 27726 27739 I art     : Starting a blocking GC Explicit
08-04 14:32:30.292 27726 27739 I art     : Explicit concurrent mark sweep GC freed 162(8KB) AllocSpace objects, 0(0B) LOS objects, 23% free, 53MB/69MB, paused 494us total 19.991ms
08-04 14:32:30.300 27726 27739 I art     : Starting a blocking GC Explicit
08-04 14:32:30.319 27726 27739 I art     : Explicit concurrent mark sweep GC freed 2504(166KB) AllocSpace objects, 1(28KB) LOS objects, 23% free, 53MB/69MB, paused 482us total 18.946ms
08-04 14:32:30.457 24365 23406 W Conscrypt: Could not set socket write timeout: java.net.SocketException: Socket closed
08-04 14:32:30.457 24365 23406 E art     : invalid stream - problem with parameter iterator in /data/app/com.google.android.gms-2/base.apk:classes3.dex for method void com.google.android.gms.org.conscrypt.ConscryptFileDescriptorSocket.setSoWriteTimeout(int)
08-04 14:32:30.480 24365 23406 W Conscrypt: 	at com.google.android.gms.org.conscrypt.Platform.setSocketWriteTimeout(:com.google.android.gms@202614019@20.26.14 (040400-320008519):2)
08-04 14:32:30.480 24365 23406 W Conscrypt: 	at com.google.android.gms.org.conscrypt.ConscryptFileDescriptorSocket.setSoWriteTimeout(:com.google.android.gms@202614019@20.26.14 (040400-320008519))
08-04 14:32:30.512 24365 23406 W Conscrypt: Could not set socket write timeout: java.net.SocketException: Socket closed
08-04 14:32:30.512 24365 23406 E art     : invalid stream - problem with parameter iterator in /data/app/com.google.android.gms-2/base.apk:classes3.dex for method void com.google.android.gms.org.conscrypt.ConscryptFileDescriptorSocket.setSoWriteTimeout(int)
08-04 14:32:30.513 24365 23406 W Conscrypt: 	at com.google.android.gms.org.conscrypt.Platform.setSocketWriteTimeout(:com.google.android.gms@202614019@20.26.14 (040400-320008519):2)
08-04 14:32:30.513 24365 23406 W Conscrypt: 	at com.google.android.gms.org.conscrypt.ConscryptFileDescriptorSocket.setSoWriteTimeout(:com.google.android.gms@202614019@20.26.14 (040400-320008519))
08-04 14:32:30.530   918  3714 I AccountManagerService: getTypesVisibleToCaller: isPermitted? true
08-04 14:32:30.588 27726 28206 I art     : Starting a blocking GC Explicit
08-04 14:32:30.615 27726 28206 I art     : Explicit concurrent mark sweep GC freed 1344(78KB) AllocSpace objects, 1(20KB) LOS objects, 23% free, 53MB/69MB, paused 617us total 26.603ms
08-04 14:32:30.629 27726 28206 I art     : Starting a blocking GC Explicit
08-04 14:32:30.652 27726 28206 I art     : Explicit concurrent mark sweep GC freed 20(704B) AllocSpace objects, 0(0B) LOS objects, 23% free, 53MB/69MB, paused 559us total 23.205ms
08-04 14:32:30.662 27726 28206 I art     : Starting a blocking GC Explicit
08-04 14:32:30.685 27726 28206 I art     : Explicit concurrent mark sweep GC freed 3(96B) AllocSpace objects, 0(0B) LOS objects, 23% free, 53MB/69MB, paused 562us total 22.827ms
08-04 14:32:30.694 27726 28206 I art     : Starting a blocking GC Explicit
08-04 14:32:30.717 27726 28206 I art     : Explicit concurrent mark sweep GC freed 3(96B) AllocSpace objects, 0(0B) LOS objects, 23% free, 53MB/69MB, paused 624us total 22.980ms
08-04 14:32:30.726 27726 28206 I art     : Starting a blocking GC Explicit
08-04 14:32:30.743 31903 31903 I ServiceManager: Waiting for service AtCmdFwd...
08-04 14:32:30.750 27726 28206 I art     : Explicit concurrent mark sweep GC freed 3(96B) AllocSpace objects, 0(0B) LOS objects, 23% free, 53MB/69MB, paused 533us total 23.615ms
08-04 14:32:30.913 24365 23406 W Conscrypt: Could not set socket write timeout: java.net.SocketException: Socket closed
08-04 14:32:30.913 24365 23406 E art     : invalid stream - problem with parameter iterator in /data/app/com.google.android.gms-2/base.apk:classes3.dex for method void com.google.android.gms.org.conscrypt.ConscryptFileDescriptorSocket.setSoWriteTimeout(int)
08-04 14:32:30.913 24365 23406 W Conscrypt: 	at com.google.android.gms.org.conscrypt.Platform.setSocketWriteTimeout(:com.google.android.gms@202614019@20.26.14 (040400-320008519):2)
08-04 14:32:30.913 24365 23406 W Conscrypt: 	at com.google.android.gms.org.conscrypt.ConscryptFileDescriptorSocket.setSoWriteTimeout(:com.google.android.gms@202614019@20.26.14 (040400-320008519))
08-04 14:32:30.944 24365 23406 W Conscrypt: Could not set socket write timeout: java.net.SocketException: Socket closed
08-04 14:32:30.944 24365 23406 E art     : invalid stream - problem with parameter iterator in /data/app/com.google.android.gms-2/base.apk:classes3.dex for method void com.google.android.gms.org.conscrypt.ConscryptFileDescriptorSocket.setSoWriteTimeout(int)
08-04 14:32:30.945 24365 23406 W Conscrypt: 	at com.google.android.gms.org.conscrypt.Platform.setSocketWriteTimeout(:com.google.android.gms@202614019@20.26.14 (040400-320008519):2)
08-04 14:32:30.945 24365 23406 W Conscrypt: 	at com.google.android.gms.org.conscrypt.ConscryptFileDescriptorSocket.setSoWriteTimeout(:com.google.android.gms@202614019@20.26.14 (040400-320008519))
08-04 14:32:31.034 27726 27763 I art     : Starting a blocking GC Explicit
08-04 14:32:31.066 27726 27763 I art     : Explicit concurrent mark sweep GC freed 1341(78KB) AllocSpace objects, 1(20KB) LOS objects, 23% free, 53MB/69MB, paused 678us total 31.485ms
08-04 14:32:31.078 27726 27763 I art     : Starting a blocking GC Explicit
08-04 14:32:31.102 27726 27763 I art     : Explicit concurrent mark sweep GC freed 20(704B) AllocSpace objects, 0(0B) LOS objects, 23% free, 53MB/69MB, paused 545us total 23.559ms
08-04 14:32:31.111 27726 27763 I art     : Starting a blocking GC Explicit
08-04 14:32:31.134 27726 27763 I art     : Explicit concurrent mark sweep GC freed 3(96B) AllocSpace objects, 0(0B) LOS objects, 23% free, 53MB/69MB, paused 562us total 23.318ms
08-04 14:32:31.143 27726 27763 I art     : Starting a blocking GC Explicit
08-04 14:32:31.166 27726 27763 I art     : Explicit concurrent mark sweep GC freed 3(96B) AllocSpace objects, 0(0B) LOS objects, 23% free, 53MB/69MB, paused 697us total 22.616ms
08-04 14:32:31.176 27726 27763 I art     : Starting a blocking GC Explicit
08-04 14:32:31.198 27726 27763 I art     : Explicit concurrent mark sweep GC freed 3(96B) AllocSpace objects, 0(0B) LOS objects, 23% free, 53MB/69MB, paused 525us total 22.153ms
08-04 14:32:31.454 27726 27738 I art     : Starting a blocking GC Explicit
08-04 14:32:31.477 27726 27738 I art     : Explicit concurrent mark sweep GC freed 1341(78KB) AllocSpace objects, 1(20KB) LOS objects, 23% free, 53MB/69MB, paused 523us total 22.800ms
08-04 14:32:31.486 27726 27738 I art     : Starting a blocking GC Explicit
08-04 14:32:31.507 27726 27738 I art     : Explicit concurrent mark sweep GC freed 20(704B) AllocSpace objects, 0(0B) LOS objects, 23% free, 53MB/69MB, paused 714us total 21.223ms
08-04 14:32:31.516 27726 27738 I art     : Starting a blocking GC Explicit
08-04 14:32:31.536 27726 27738 I art     : Explicit concurrent mark sweep GC freed 3(96B) AllocSpace objects, 0(0B) LOS objects, 23% free, 53MB/69MB, paused 521us total 20.133ms
08-04 14:32:31.544 27726 27738 I art     : Starting a blocking GC Explicit
08-04 14:32:31.564 27726 27738 I art     : Explicit concurrent mark sweep GC freed 3(96B) AllocSpace objects, 0(0B) LOS objects, 23% free, 53MB/69MB, paused 548us total 19.636ms
08-04 14:32:31.572 27726 27738 I art     : Starting a blocking GC Explicit
08-04 14:32:31.592 27726 27738 I art     : Explicit concurrent mark sweep GC freed 3(96B) AllocSpace objects, 0(0B) LOS objects, 23% free, 53MB/69MB, paused 535us total 19.561ms
08-04 14:32:31.598 32218 32218 D AndroidRuntime: >>>>>> START com.android.internal.os.RuntimeInit uid 2000 <<<<<<
08-04 14:32:31.602 32218 32218 D AndroidRuntime: CheckJNI is OFF
08-04 14:32:31.632 32218 32218 D ICU     : No timezone override file found: /data/misc/zoneinfo/current/icu/icu_tzdata.dat
08-04 14:32:31.663 32218 32218 I Radio-JNI: register_android_hardware_Radio DONE
08-04 14:32:31.683 32218 32218 D AndroidRuntime: Calling main entry com.android.commands.am.Am
08-04 14:32:31.689  2375  2375 I Trepn   : Trepn 6.2s: Received intent: com.quicinc.trepn.stop_profiling
08-04 14:32:31.713  2375  2375 I Trepn   : Trepn 6.2s: Trepn has Stopped Profiling.
08-04 14:32:31.743 31903 31903 I ServiceManager: Waiting for service AtCmdFwd...
08-04 14:32:31.854 27726 27739 I art     : Starting a blocking GC Explicit
08-04 14:32:31.868 32218 32218 D AndroidRuntime: Shutting down VM
08-04 14:32:31.871   918  3714 W AppOps  : Finishing op nesting under-run: uid 10078 pkg com.quicinc.trepn code 24 time=0 duration=0 nesting=0
08-04 14:32:31.876 27726 27739 I art     : Explicit concurrent mark sweep GC freed 1341(78KB) AllocSpace objects, 1(20KB) LOS objects, 23% free, 53MB/69MB, paused 579us total 21.228ms
08-04 14:32:31.884 27726 27739 I art     : Starting a blocking GC Explicit
08-04 14:32:31.903 27726 27739 I art     : Explicit concurrent mark sweep GC freed 20(704B) AllocSpace objects, 0(0B) LOS objects, 23% free, 53MB/69MB, paused 479us total 18.938ms
08-04 14:32:31.912 27726 27739 I art     : Starting a blocking GC Explicit
08-04 14:32:31.932 27726 27739 I art     : Explicit concurrent mark sweep GC freed 3(96B) AllocSpace objects, 0(0B) LOS objects, 23% free, 53MB/69MB, paused 506us total 19.759ms
08-04 14:32:31.940 27726 27739 I art     : Starting a blocking GC Explicit
08-04 14:32:31.960 27726 27739 I art     : Explicit concurrent mark sweep GC freed 3(96B) AllocSpace objects, 0(0B) LOS objects, 23% free, 53MB/69MB, paused 511us total 19.691ms
08-04 14:32:31.968 27726 27739 I art     : Starting a blocking GC Explicit
08-04 14:32:31.989 27726 27739 I art     : Explicit concurrent mark sweep GC freed 3(96B) AllocSpace objects, 0(0B) LOS objects, 23% free, 53MB/69MB, paused 529us total 20.945ms
08-04 14:32:32.024 13866 13866 I PhenotypeModule: PhenotypeModule.receiveBroadcast():362 onReceive() urgent = false
08-04 14:32:32.025 24365 23406 I aojc    : Scheduling adaptive one off task with window [14400, 604800] in seconds [CONTEXT service_id=51 ]
08-04 14:32:32.036 13866 13866 I PhenotypeModule: PhenotypeModule.maybeFetchAndUpdate():167 maybeFetchAndUpdate: forceRefresh=false
08-04 14:32:32.042 13866 13866 I PhenotypeModule: PhenotypeModule.receiveBroadcast():362 onReceive() urgent = false
08-04 14:32:32.042 13866 13866 I PhenotypeModule: PhenotypeModule.maybeFetchAndUpdate():164 Fetching is already in progress.
08-04 14:32:32.107 24365  7397 I NetworkScheduler.Stats: Task com.google.android.gms/com.google.android.gms.phenotype.service.sync.PhenotypeConfigurator finished executing. cause:5 result: 1 elapsed_millis: 2739 uptime_millis: 2739 exec_start_elapsed_seconds: 1698153 [CONTEXT service_id=218 ]
08-04 14:32:32.140 13866 32256 I PhenotypeModule: PhenotypeModule.handlePhenotypeConfigurationUpdates():338 Latency of updating configurations from phenotype (experiment v4): 9
08-04 14:32:32.140 13866 32256 I PhenotypeModule: PhenotypeModule.handlePhenotypeConfigurationUpdates():257 Latency of updating configurations from phenotype (ExperimentV4): 10
08-04 14:32:32.149 13866 32263 I PhenotypeModule: PhenotypeModule.lambda$fetchAndUpdate$3():215 fetchAndUpdate() : Success, hasFlags=true, flagCount=588, lastFetchStatus=August 4, 2:32 PM {reason=2, isFullFetch=false, success=true, isEmpty=false, isDelta=false, updatedFlagsCount=0, deletedFlagsCount=0, totalTime=108}
08-04 14:32:32.249 27726 28206 I art     : Starting a blocking GC Explicit
08-04 14:32:32.271 27726 28206 I art     : Explicit concurrent mark sweep GC freed 1341(78KB) AllocSpace objects, 1(20KB) LOS objects, 23% free, 53MB/69MB, paused 575us total 22.228ms
08-04 14:32:32.280 27726 28206 I art     : Starting a blocking GC Explicit
08-04 14:32:32.302 27726 28206 I art     : Explicit concurrent mark sweep GC freed 20(704B) AllocSpace objects, 0(0B) LOS objects, 23% free, 53MB/69MB, paused 580us total 21.641ms
08-04 14:32:32.311 27726 28206 I art     : Starting a blocking GC Explicit
08-04 14:32:32.333 27726 28206 I art     : Explicit concurrent mark sweep GC freed 3(96B) AllocSpace objects, 0(0B) LOS objects, 23% free, 53MB/69MB, paused 511us total 21.264ms
08-04 14:32:32.342 27726 28206 I art     : Starting a blocking GC Explicit
08-04 14:32:32.364 27726 28206 I art     : Explicit concurrent mark sweep GC freed 3(96B) AllocSpace objects, 0(0B) LOS objects, 23% free, 53MB/69MB, paused 555us total 21.795ms
08-04 14:32:32.372 27726 28206 I art     : Starting a blocking GC Explicit
08-04 14:32:32.393 27726 28206 I art     : Explicit concurrent mark sweep GC freed 3(96B) AllocSpace objects, 0(0B) LOS objects, 23% free, 53MB/69MB, paused 528us total 20.643ms
08-04 14:32:32.744 31903 31903 I ServiceManager: Waiting for service AtCmdFwd...
08-04 14:32:33.744 31903 31903 I ServiceManager: Waiting for service AtCmdFwd...
