08-04 21:09:23.014  6975  6988 I art     : Explicit concurrent mark sweep GC freed 1374(79KB) AllocSpace objects, 1(20KB) LOS objects, 23% free, 52MB/68MB, paused 378us total 25.749ms
08-04 21:09:23.021  6975  6988 I art     : Starting a blocking GC Explicit
08-04 21:09:23.039  6975  6988 I art     : Explicit concurrent mark sweep GC freed 20(704B) AllocSpace objects, 0(0B) LOS objects, 23% free, 52MB/68MB, paused 329us total 17.557ms
08-04 21:09:23.046  6975  6988 I art     : Starting a blocking GC Explicit
08-04 21:09:23.063  6975  6988 I art     : Explicit concurrent mark sweep GC freed 3(96B) AllocSpace objects, 0(0B) LOS objects, 23% free, 52MB/68MB, paused 341us total 17.410ms
08-04 21:09:23.071  6975  6988 I art     : Starting a blocking GC Explicit
08-04 21:09:23.088  6975  6988 I art     : Explicit concurrent mark sweep GC freed 3(96B) AllocSpace objects, 0(0B) LOS objects, 23% free, 52MB/68MB, paused 342us total 16.885ms
08-04 21:09:23.094  6975  6988 I art     : Starting a blocking GC Explicit
08-04 21:09:23.112  6975  6988 I art     : Explicit concurrent mark sweep GC freed 3(96B) AllocSpace objects, 0(0B) LOS objects, 23% free, 52MB/68MB, paused 336us total 17.015ms
08-04 21:09:23.442  6975  6987 I art     : Starting a blocking GC Explicit
08-04 21:09:23.475  6975  6987 I art     : Explicit concurrent mark sweep GC freed 1357(78KB) AllocSpace objects, 1(20KB) LOS objects, 23% free, 52MB/68MB, paused 442us total 32.705ms
08-04 21:09:23.483  6975  6987 I art     : Starting a blocking GC Explicit
08-04 21:09:23.499  6975  6987 I art     : Explicit concurrent mark sweep GC freed 34(1136B) AllocSpace objects, 0(0B) LOS objects, 23% free, 52MB/68MB, paused 310us total 16.098ms
08-04 21:09:23.505  6975  6987 I art     : Starting a blocking GC Explicit
08-04 21:09:23.520  6975  6987 I art     : Explicit concurrent mark sweep GC freed 3(96B) AllocSpace objects, 0(0B) LOS objects, 23% free, 52MB/68MB, paused 302us total 14.627ms
08-04 21:09:23.526  6975  6987 I art     : Starting a blocking GC Explicit
08-04 21:09:23.541  6975  6987 I art     : Explicit concurrent mark sweep GC freed 3(96B) AllocSpace objects, 0(0B) LOS objects, 23% free, 52MB/68MB, paused 318us total 15.526ms
08-04 21:09:23.548  6975  6987 I art     : Starting a blocking GC Explicit
08-04 21:09:23.564  6975  6987 I art     : Explicit concurrent mark sweep GC freed 3(96B) AllocSpace objects, 0(0B) LOS objects, 23% free, 52MB/68MB, paused 324us total 16.182ms
08-04 21:09:23.899  6975  7372 I art     : Starting a blocking GC Explicit
08-04 21:09:23.929  6975  7372 I art     : Explicit concurrent mark sweep GC freed 1344(78KB) AllocSpace objects, 1(20KB) LOS objects, 23% free, 52MB/68MB, paused 430us total 30.125ms
08-04 21:09:23.937  6975  7372 I art     : Starting a blocking GC Explicit
08-04 21:09:23.955  6975  7372 I art     : Explicit concurrent mark sweep GC freed 20(704B) AllocSpace objects, 0(0B) LOS objects, 23% free, 52MB/68MB, paused 329us total 17.616ms
08-04 21:09:23.963  6975  7372 I art     : Starting a blocking GC Explicit
08-04 21:09:23.980  6975  7372 I art     : Explicit concurrent mark sweep GC freed 3(96B) AllocSpace objects, 0(0B) LOS objects, 23% free, 52MB/68MB, paused 319us total 17.174ms
08-04 21:09:23.987  6975  7372 I art     : Starting a blocking GC Explicit
08-04 21:09:24.004  6975  7372 I art     : Explicit concurrent mark sweep GC freed 3(96B) AllocSpace objects, 0(0B) LOS objects, 23% free, 52MB/68MB, paused 318us total 16.885ms
08-04 21:09:24.011  6975  7372 I art     : Starting a blocking GC Explicit
08-04 21:09:24.028  6975  7372 I art     : Explicit concurrent mark sweep GC freed 3(96B) AllocSpace objects, 0(0B) LOS objects, 23% free, 52MB/68MB, paused 348us total 16.935ms
08-04 21:09:24.357  6975  7004 I art     : Starting a blocking GC Explicit
08-04 21:09:24.382  6975  7004 I art     : Explicit concurrent mark sweep GC freed 1344(78KB) AllocSpace objects, 1(20KB) LOS objects, 23% free, 52MB/68MB, paused 380us total 24.841ms
08-04 21:09:24.396  6975  7004 I art     : Starting a blocking GC Explicit
08-04 21:09:24.414  6975  7004 I art     : Explicit concurrent mark sweep GC freed 20(704B) AllocSpace objects, 0(0B) LOS objects, 23% free, 52MB/68MB, paused 300us total 17.086ms
08-04 21:09:24.420  6975  7004 I art     : Starting a blocking GC Explicit
08-04 21:09:24.438  6975  7004 I art     : Explicit concurrent mark sweep GC freed 3(96B) AllocSpace objects, 0(0B) LOS objects, 23% free, 52MB/68MB, paused 316us total 17.087ms
08-04 21:09:24.445  6975  7004 I art     : Starting a blocking GC Explicit
08-04 21:09:24.462  6975  7004 I art     : Explicit concurrent mark sweep GC freed 3(96B) AllocSpace objects, 0(0B) LOS objects, 23% free, 52MB/68MB, paused 304us total 17.332ms
08-04 21:09:24.469  6975  7004 I art     : Starting a blocking GC Explicit
08-04 21:09:24.487  6975  7004 I art     : Explicit concurrent mark sweep GC freed 3(96B) AllocSpace objects, 0(0B) LOS objects, 23% free, 52MB/68MB, paused 478us total 17.700ms
08-04 21:09:24.813  6975  6988 I art     : Starting a blocking GC Explicit
08-04 21:09:24.842  6975  6988 I art     : Explicit concurrent mark sweep GC freed 1344(78KB) AllocSpace objects, 1(20KB) LOS objects, 23% free, 52MB/68MB, paused 455us total 28.296ms
08-04 21:09:24.854  6975  6988 I art     : Starting a blocking GC Explicit
08-04 21:09:24.872  6975  6988 I art     : Explicit concurrent mark sweep GC freed 20(704B) AllocSpace objects, 0(0B) LOS objects, 23% free, 52MB/68MB, paused 328us total 17.866ms
08-04 21:09:24.880  6975  6988 I art     : Starting a blocking GC Explicit
08-04 21:09:24.897  6975  6988 I art     : Explicit concurrent mark sweep GC freed 3(96B) AllocSpace objects, 0(0B) LOS objects, 23% free, 52MB/68MB, paused 335us total 17.434ms
08-04 21:09:24.904  6975  6988 I art     : Starting a blocking GC Explicit
08-04 21:09:24.921  6975  6988 I art     : Explicit concurrent mark sweep GC freed 3(96B) AllocSpace objects, 0(0B) LOS objects, 23% free, 52MB/68MB, paused 313us total 16.813ms
08-04 21:09:24.928  6975  6988 I art     : Starting a blocking GC Explicit
08-04 21:09:24.945  6975  6988 I art     : Explicit concurrent mark sweep GC freed 3(96B) AllocSpace objects, 0(0B) LOS objects, 23% free, 52MB/68MB, paused 319us total 17.364ms
08-04 21:09:25.273  6975  6987 I art     : Starting a blocking GC Explicit
08-04 21:09:25.293  6975  6987 I art     : Explicit concurrent mark sweep GC freed 1344(78KB) AllocSpace objects, 1(20KB) LOS objects, 23% free, 52MB/68MB, paused 363us total 19.783ms
08-04 21:09:25.300  6975  6987 I art     : Starting a blocking GC Explicit
08-04 21:09:25.317  6975  6987 I art     : Explicit concurrent mark sweep GC freed 20(704B) AllocSpace objects, 0(0B) LOS objects, 23% free, 52MB/68MB, paused 376us total 16.593ms
08-04 21:09:25.324  6975  6987 I art     : Starting a blocking GC Explicit
08-04 21:09:25.340  6975  6987 I art     : Explicit concurrent mark sweep GC freed 3(96B) AllocSpace objects, 0(0B) LOS objects, 23% free, 52MB/68MB, paused 345us total 15.943ms
08-04 21:09:25.346  6975  6987 I art     : Starting a blocking GC Explicit
08-04 21:09:25.363  6975  6987 I art     : Explicit concurrent mark sweep GC freed 3(96B) AllocSpace objects, 0(0B) LOS objects, 23% free, 52MB/68MB, paused 331us total 16.211ms
08-04 21:09:25.369  6975  6987 I art     : Starting a blocking GC Explicit
08-04 21:09:25.385  6975  6987 I art     : Explicit concurrent mark sweep GC freed 3(96B) AllocSpace objects, 0(0B) LOS objects, 23% free, 52MB/68MB, paused 323us total 16.140ms
08-04 21:09:25.575  9405  9405 D AndroidRuntime: >>>>>> START com.android.internal.os.RuntimeInit uid 2000 <<<<<<
08-04 21:09:25.579  9405  9405 D AndroidRuntime: CheckJNI is OFF
08-04 21:09:25.604  9405  9405 D ICU     : No timezone override file found: /data/misc/zoneinfo/current/icu/icu_tzdata.dat
08-04 21:09:25.628  9405  9405 I Radio-JNI: register_android_hardware_Radio DONE
08-04 21:09:25.644  9405  9405 D AndroidRuntime: Calling main entry com.android.commands.input.Input
08-04 21:09:25.645  9405  9405 I Input   : injectKeyEvent: KeyEvent { action=ACTION_DOWN, keyCode=KEYCODE_BACK, scanCode=0, metaState=0, flags=0x0, repeatCount=0, eventTime=738582058, downTime=738582058, deviceId=-1, source=0x101 }
08-04 21:09:25.651  9405  9405 I Input   : injectKeyEvent: KeyEvent { action=ACTION_UP, keyCode=KEYCODE_BACK, scanCode=0, metaState=0, flags=0x0, repeatCount=0, eventTime=738582058, downTime=738582058, deviceId=-1, source=0x101 }
08-04 21:09:25.656  9405  9405 D AndroidRuntime: Shutting down VM
08-04 21:09:25.683  6975  7372 I art     : Starting a blocking GC Explicit
08-04 21:09:25.692 13866 13866 I GoogleInputMethodServic: GoogleInputMethodService.onFinishInput():3138 
08-04 21:09:25.694 13866 13866 I GoogleInputMethodServic: GoogleInputMethodService.onStartInput():1808 
08-04 21:09:25.702  6975  7372 I art     : Explicit concurrent mark sweep GC freed 1464(84KB) AllocSpace objects, 1(20KB) LOS objects, 23% free, 52MB/68MB, paused 335us total 18.716ms
08-04 21:09:25.710  6975  7372 I art     : Starting a blocking GC Explicit
08-04 21:09:25.730  6975  7372 I art     : Explicit concurrent mark sweep GC freed 44(1520B) AllocSpace objects, 0(0B) LOS objects, 23% free, 52MB/68MB, paused 326us total 20.745ms
08-04 21:09:25.737  6975  7372 I art     : Starting a blocking GC Explicit
08-04 21:09:25.752  6975  7372 I art     : Explicit concurrent mark sweep GC freed 4(128B) AllocSpace objects, 0(0B) LOS objects, 23% free, 52MB/68MB, paused 336us total 15.053ms
08-04 21:09:25.759  6975  7372 I art     : Starting a blocking GC Explicit
08-04 21:09:25.774  6975  7372 I art     : Explicit concurrent mark sweep GC freed 3(96B) AllocSpace objects, 0(0B) LOS objects, 23% free, 52MB/68MB, paused 296us total 14.835ms
08-04 21:09:25.781  6975  7372 I art     : Starting a blocking GC Explicit
08-04 21:09:25.797  6975  7372 I art     : Explicit concurrent mark sweep GC freed 3(96B) AllocSpace objects, 0(0B) LOS objects, 23% free, 52MB/68MB, paused 349us total 16.649ms
08-04 21:09:25.999   380   380 W SurfaceFlinger: couldn't log to binary event log: overflow.
08-04 21:09:26.036  6975  6987 I art     : Starting a blocking GC Explicit
08-04 21:09:26.045  4694  4694 I ServiceManager: Waiting for service AtCmdFwd...
08-04 21:09:26.052  6975  6987 I art     : Explicit concurrent mark sweep GC freed 1454(87KB) AllocSpace objects, 1(20KB) LOS objects, 23% free, 52MB/68MB, paused 327us total 15.738ms
08-04 21:09:26.059  6975  6987 I art     : Starting a blocking GC Explicit
08-04 21:09:26.076  6975  6987 I art     : Explicit concurrent mark sweep GC freed 1401(90KB) AllocSpace objects, 1(28KB) LOS objects, 23% free, 52MB/68MB, paused 342us total 17.244ms
08-04 21:09:26.083  6975  6987 I art     : Starting a blocking GC Explicit
08-04 21:09:26.101  6975  6987 I art     : Explicit concurrent mark sweep GC freed 3(96B) AllocSpace objects, 0(0B) LOS objects, 23% free, 52MB/68MB, paused 349us total 17.397ms
08-04 21:09:26.108  6975  6987 I art     : Starting a blocking GC Explicit
08-04 21:09:26.125  6975  6987 I art     : Explicit concurrent mark sweep GC freed 3(96B) AllocSpace objects, 0(0B) LOS objects, 23% free, 52MB/68MB, paused 332us total 17.105ms
08-04 21:09:26.133  6975  6987 I art     : Starting a blocking GC Explicit
08-04 21:09:26.150  6975  6987 I art     : Explicit concurrent mark sweep GC freed 3(96B) AllocSpace objects, 0(0B) LOS objects, 23% free, 52MB/68MB, paused 303us total 16.976ms
08-04 21:09:26.444  6975  7004 I art     : Starting a blocking GC Explicit
08-04 21:09:26.474  6975  7004 I art     : Explicit concurrent mark sweep GC freed 1344(78KB) AllocSpace objects, 1(20KB) LOS objects, 23% free, 52MB/68MB, paused 422us total 28.843ms
08-04 21:09:26.488  6975  7004 I art     : Starting a blocking GC Explicit
08-04 21:09:26.508  6975  7004 I art     : Explicit concurrent mark sweep GC freed 20(704B) AllocSpace objects, 0(0B) LOS objects, 23% free, 52MB/68MB, paused 329us total 20.383ms
08-04 21:09:26.515  6975  7004 I art     : Starting a blocking GC Explicit
08-04 21:09:26.533  6975  7004 I art     : Explicit concurrent mark sweep GC freed 3(96B) AllocSpace objects, 0(0B) LOS objects, 23% free, 52MB/68MB, paused 331us total 17.401ms
08-04 21:09:26.540  6975  7004 I art     : Starting a blocking GC Explicit
08-04 21:09:26.557  6975  7004 I art     : Explicit concurrent mark sweep GC freed 3(96B) AllocSpace objects, 0(0B) LOS objects, 23% free, 52MB/68MB, paused 339us total 16.803ms
08-04 21:09:26.564  6975  7004 I art     : Starting a blocking GC Explicit
08-04 21:09:26.580  6975  7004 I art     : Explicit concurrent mark sweep GC freed 3(96B) AllocSpace objects, 0(0B) LOS objects, 23% free, 52MB/68MB, paused 321us total 16.371ms
08-04 21:09:26.862  6975  6988 I art     : Starting a blocking GC Explicit
08-04 21:09:26.883  6975  6988 I art     : Explicit concurrent mark sweep GC freed 1343(78KB) AllocSpace objects, 1(20KB) LOS objects, 23% free, 52MB/68MB, paused 377us total 20.552ms
08-04 21:09:26.896  6975  6988 I art     : Starting a blocking GC Explicit
08-04 21:09:26.912  6975  6988 I art     : Explicit concurrent mark sweep GC freed 20(704B) AllocSpace objects, 0(0B) LOS objects, 23% free, 52MB/68MB, paused 342us total 15.721ms
08-04 21:09:26.919  6975  6988 I art     : Starting a blocking GC Explicit
08-04 21:09:26.934  6975  6988 I art     : Explicit concurrent mark sweep GC freed 3(96B) AllocSpace objects, 0(0B) LOS objects, 23% free, 52MB/68MB, paused 320us total 15.420ms
08-04 21:09:26.941  6975  6988 I art     : Starting a blocking GC Explicit
08-04 21:09:26.956  6975  6988 I art     : Explicit concurrent mark sweep GC freed 3(96B) AllocSpace objects, 0(0B) LOS objects, 23% free, 52MB/68MB, paused 417us total 14.693ms
08-04 21:09:26.962  6975  6988 I art     : Starting a blocking GC Explicit
08-04 21:09:26.977  6975  6988 I art     : Explicit concurrent mark sweep GC freed 3(96B) AllocSpace objects, 0(0B) LOS objects, 23% free, 52MB/68MB, paused 444us total 14.693ms
08-04 21:09:27.045  4694  4694 I ServiceManager: Waiting for service AtCmdFwd...
08-04 21:09:27.195  9459  9459 D AndroidRuntime: >>>>>> START com.android.internal.os.RuntimeInit uid 2000 <<<<<<
08-04 21:09:27.200  9459  9459 D AndroidRuntime: CheckJNI is OFF
08-04 21:09:27.225  6975  7372 I art     : Starting a blocking GC Explicit
08-04 21:09:27.226  9459  9459 D ICU     : No timezone override file found: /data/misc/zoneinfo/current/icu/icu_tzdata.dat
08-04 21:09:27.242  6975  7372 I art     : Explicit concurrent mark sweep GC freed 1343(78KB) AllocSpace objects, 1(20KB) LOS objects, 23% free, 52MB/68MB, paused 327us total 16.522ms
08-04 21:09:27.248  6975  7372 I art     : Starting a blocking GC Explicit
08-04 21:09:27.252  9459  9459 I Radio-JNI: register_android_hardware_Radio DONE
08-04 21:09:27.265  6975  7372 I art     : Explicit concurrent mark sweep GC freed 20(704B) AllocSpace objects, 0(0B) LOS objects, 23% free, 52MB/68MB, paused 337us total 16.367ms
08-04 21:09:27.268  9459  9459 D AndroidRuntime: Calling main entry com.android.commands.input.Input
08-04 21:09:27.270  9459  9459 I Input   : injectMotionEvent: MotionEvent { action=ACTION_DOWN, actionButton=0, id[0]=0, x[0]=756.0, y[0]=1530.0, toolType[0]=TOOL_TYPE_UNKNOWN, buttonState=0, metaState=0, flags=0x0, edgeFlags=0x0, pointerCount=1, historySize=0, eventTime=738583683, downTime=738583683, deviceId=0, source=0x1002 }
08-04 21:09:27.272  6975  7372 I art     : Starting a blocking GC Explicit
08-04 21:09:27.276  9459  9459 I Input   : injectMotionEvent: MotionEvent { action=ACTION_UP, actionButton=0, id[0]=0, x[0]=756.0, y[0]=1530.0, toolType[0]=TOOL_TYPE_UNKNOWN, buttonState=0, metaState=0, flags=0x0, edgeFlags=0x0, pointerCount=1, historySize=0, eventTime=738583683, downTime=738583683, deviceId=0, source=0x1002 }
08-04 21:09:27.278  9459  9459 D AndroidRuntime: Shutting down VM
08-04 21:09:27.284   918   928 I ActivityManager: START u0 {cmp=baseline.appteam.nith.hillffair/.activities.LeaderBoardActivity} from uid 10651 on display 0
08-04 21:09:27.286   512  2967 D audio_hw_primary: out_set_parameters: enter: usecase(1: low-latency-playback) kvpairs: routing=2
08-04 21:09:27.290  6975  7372 I art     : Explicit concurrent mark sweep GC freed 32(1088B) AllocSpace objects, 0(0B) LOS objects, 23% free, 52MB/68MB, paused 415us total 17.351ms
08-04 21:09:27.297  6975  7372 I art     : Starting a blocking GC Explicit
08-04 21:09:27.299   512  2967 D audio_hw_primary: select_devices: out_snd_device(2: speaker) in_snd_device(0: none)
08-04 21:09:27.299   512  2967 D msm8974_platform: platform_send_audio_calibration: sending audio calibration for snd_device(2) acdb_id(15)
08-04 21:09:27.299   512  2967 I soundtrigger: audio_extn_sound_trigger_update_device_status: device 0x2 of type 0 for Event 1
08-04 21:09:27.309   512  2967 D audio_hw_primary: enable_snd_device: snd_device(2: speaker)
08-04 21:09:27.311   512  2967 D audio_hw_primary: enable_audio_route: apply and update mixer path: low-latency-playback speaker
08-04 21:09:27.314  6975  7372 I art     : Explicit concurrent mark sweep GC freed 85(3KB) AllocSpace objects, 0(0B) LOS objects, 23% free, 52MB/68MB, paused 346us total 16.495ms
08-04 21:09:27.320  6975  7372 I art     : Starting a blocking GC Explicit
08-04 21:09:27.337  6975  7372 I art     : Explicit concurrent mark sweep GC freed 4637(261KB) AllocSpace objects, 0(0B) LOS objects, 23% free, 52MB/68MB, paused 709us total 16.753ms
08-04 21:09:27.371  6975  6975 E RecyclerView: No adapter attached; skipping layout
08-04 21:09:27.375  6975  6975 E RecyclerView: No adapter attached; skipping layout
08-04 21:09:27.389   918   936 I ActivityManager: Displayed baseline.appteam.nith.hillffair/.activities.LeaderBoardActivity: +88ms
08-04 21:09:27.389 13866 13866 I GoogleInputMethodServic: GoogleInputMethodService.onFinishInput():3138 
08-04 21:09:27.390 13866 13866 I GoogleInputMethodServic: GoogleInputMethodService.onStartInput():1808 
08-04 21:09:27.390  6975  6975 E RecyclerView: No adapter attached; skipping layout
08-04 21:09:27.405  6975  7001 D OpenGLRenderer: endAllStagingAnimators on 0x7f7d665000 (RippleDrawable) with handle 0x7f99e8f6c0
08-04 21:09:27.587  6975  6987 I art     : Starting a blocking GC Explicit
08-04 21:09:27.611  6975  6987 I art     : Explicit concurrent mark sweep GC freed 2103(146KB) AllocSpace objects, 1(20KB) LOS objects, 23% free, 53MB/69MB, paused 351us total 24.401ms
08-04 21:09:27.621  6975  6987 I art     : Starting a blocking GC Explicit
08-04 21:09:27.642  6975  6987 I art     : Explicit concurrent mark sweep GC freed 85(3KB) AllocSpace objects, 0(0B) LOS objects, 23% free, 53MB/69MB, paused 373us total 20.902ms
08-04 21:09:27.650  6975  6987 I art     : Starting a blocking GC Explicit
08-04 21:09:27.651   380   380 W SurfaceFlinger: couldn't log to binary event log: overflow.
08-04 21:09:27.669  6975  6987 I art     : Explicit concurrent mark sweep GC freed 3(96B) AllocSpace objects, 0(0B) LOS objects, 23% free, 53MB/69MB, paused 357us total 18.160ms
08-04 21:09:27.675  6975  6987 I art     : Starting a blocking GC Explicit
08-04 21:09:27.691  6975  6987 I art     : Explicit concurrent mark sweep GC freed 3(96B) AllocSpace objects, 0(0B) LOS objects, 23% free, 53MB/69MB, paused 339us total 15.805ms
08-04 21:09:27.698  6975  6987 I art     : Starting a blocking GC Explicit
08-04 21:09:27.713  6975  6987 I art     : Explicit concurrent mark sweep GC freed 3(96B) AllocSpace objects, 0(0B) LOS objects, 23% free, 53MB/69MB, paused 366us total 15.370ms
08-04 21:09:27.849   512  2967 D audio_hw_primary: disable_audio_route: reset and update mixer path: low-latency-playback speaker
08-04 21:09:27.850   512  2967 D audio_hw_primary: disable_snd_device: snd_device(2: speaker)
08-04 21:09:27.859   512  2967 I soundtrigger: audio_extn_sound_trigger_update_device_status: device 0x2 of type 0 for Event 0
08-04 21:09:27.987  6975  6987 I art     : Starting a blocking GC Explicit
08-04 21:09:28.006  6975  6987 I art     : Explicit concurrent mark sweep GC freed 1484(86KB) AllocSpace objects, 1(20KB) LOS objects, 23% free, 53MB/69MB, paused 347us total 17.901ms
08-04 21:09:28.013  6975  6987 I art     : Starting a blocking GC Explicit
08-04 21:09:28.030  6975  6987 I art     : Explicit concurrent mark sweep GC freed 67(2240B) AllocSpace objects, 0(0B) LOS objects, 23% free, 53MB/69MB, paused 371us total 17.056ms
08-04 21:09:28.037  6975  6987 I art     : Starting a blocking GC Explicit
08-04 21:09:28.045  4694  4694 I ServiceManager: Waiting for service AtCmdFwd...
08-04 21:09:28.054  6975  6987 I art     : Explicit concurrent mark sweep GC freed 10(368B) AllocSpace objects, 0(0B) LOS objects, 23% free, 53MB/69MB, paused 337us total 17.081ms
08-04 21:09:28.061  6975  6987 I art     : Starting a blocking GC Explicit
08-04 21:09:28.078  6975  6987 I art     : Explicit concurrent mark sweep GC freed 9(336B) AllocSpace objects, 0(0B) LOS objects, 23% free, 53MB/69MB, paused 365us total 16.841ms
08-04 21:09:28.084  6975  6987 I art     : Starting a blocking GC Explicit
08-04 21:09:28.101  6975  6987 I art     : Explicit concurrent mark sweep GC freed 643(54KB) AllocSpace objects, 2(120KB) LOS objects, 23% free, 53MB/69MB, paused 424us total 16.217ms
08-04 21:09:28.128  6975  9482 D OkHttp  : --> GET https://api-hillfair-2k16.herokuapp.com/api/app/quiz/leaderboard?from=1 http/1.1
08-04 21:09:28.160  6975  9482 D OkHttp  : <-- 200 OK https://api-hillfair-2k16.herokuapp.com/api/app/quiz/leaderboard?from=1 (31ms, 56744-byte body)
08-04 21:09:28.255  6975  6975 I NAPPA_EXPERIMENTATION: MetricNetworkRequestExecutionTime: REQUEST_DURATION_SYSTEM='921',REQUEST_DURATION_OKHTTP='32',REQUEST_SYNCHRONOUS='FALSE',RESPONSE_CODE='200',RESPONSE_METHOD='GET',RESPONSE_LENGTH_OKHTTP='56744',RESPONSE_LENGTH_HEADER='56744',REQUEST_PROTOCOL='http/1.1',REQUEST_URL='https://api-hillfair-2k16.herokuapp.com/api/app/quiz/leaderboard?from=1',
08-04 21:09:28.352  6975  7372 I art     : Starting a blocking GC Explicit
08-04 21:09:28.380  6975  7372 I art     : Explicit concurrent mark sweep GC freed 29788(1405KB) AllocSpace objects, 2(100KB) LOS objects, 23% free, 53MB/69MB, paused 367us total 27.773ms
08-04 21:09:28.388  6975  7372 I art     : Starting a blocking GC Explicit
08-04 21:09:28.405  6975  7372 I art     : Explicit concurrent mark sweep GC freed 922(106KB) AllocSpace objects, 0(0B) LOS objects, 23% free, 53MB/69MB, paused 339us total 16.900ms
08-04 21:09:28.412  6975  7372 I art     : Starting a blocking GC Explicit
08-04 21:09:28.429  6975  7372 I art     : Explicit concurrent mark sweep GC freed 3(96B) AllocSpace objects, 0(0B) LOS objects, 23% free, 53MB/69MB, paused 333us total 16.474ms
08-04 21:09:28.435  6975  7372 I art     : Starting a blocking GC Explicit
08-04 21:09:28.453  6975  7372 I art     : Explicit concurrent mark sweep GC freed 3(96B) AllocSpace objects, 0(0B) LOS objects, 23% free, 53MB/69MB, paused 340us total 18.305ms
08-04 21:09:28.461  6975  7372 I art     : Starting a blocking GC Explicit
08-04 21:09:28.479  6975  7372 I art     : Explicit concurrent mark sweep GC freed 3(96B) AllocSpace objects, 0(0B) LOS objects, 23% free, 53MB/69MB, paused 348us total 18.189ms
08-04 21:09:28.759  6975  6987 I art     : Starting a blocking GC Explicit
08-04 21:09:28.785  6975  6987 I art     : Explicit concurrent mark sweep GC freed 1344(78KB) AllocSpace objects, 1(20KB) LOS objects, 23% free, 53MB/69MB, paused 511us total 25.303ms
08-04 21:09:28.795  6975  6987 I art     : Starting a blocking GC Explicit
08-04 21:09:28.814  6975  6987 I art     : Explicit concurrent mark sweep GC freed 20(704B) AllocSpace objects, 0(0B) LOS objects, 23% free, 53MB/69MB, paused 353us total 19.174ms
08-04 21:09:28.821  6975  6987 I art     : Starting a blocking GC Explicit
08-04 21:09:28.841  6975  6987 I art     : Explicit concurrent mark sweep GC freed 3(96B) AllocSpace objects, 0(0B) LOS objects, 23% free, 53MB/69MB, paused 350us total 18.922ms
08-04 21:09:28.848  6975  6987 I art     : Starting a blocking GC Explicit
08-04 21:09:28.867  6975  6987 I art     : Explicit concurrent mark sweep GC freed 3(96B) AllocSpace objects, 0(0B) LOS objects, 23% free, 53MB/69MB, paused 414us total 18.838ms
08-04 21:09:28.874  6975  6987 I art     : Starting a blocking GC Explicit
08-04 21:09:28.893  6975  6987 I art     : Explicit concurrent mark sweep GC freed 3(96B) AllocSpace objects, 0(0B) LOS objects, 23% free, 53MB/69MB, paused 331us total 18.846ms
08-04 21:09:29.047  4694  4694 I ServiceManager: Waiting for service AtCmdFwd...
08-04 21:09:29.227  6975  6988 I art     : Starting a blocking GC Explicit
08-04 21:09:29.260  6975  6988 I art     : Explicit concurrent mark sweep GC freed 1344(78KB) AllocSpace objects, 1(20KB) LOS objects, 23% free, 53MB/69MB, paused 687us total 32.078ms
08-04 21:09:29.273  6975  6988 I art     : Starting a blocking GC Explicit
08-04 21:09:29.296  6975  6988 I art     : Explicit concurrent mark sweep GC freed 20(704B) AllocSpace objects, 0(0B) LOS objects, 23% free, 53MB/69MB, paused 409us total 22.834ms
08-04 21:09:29.303  6975  6988 I art     : Starting a blocking GC Explicit
08-04 21:09:29.322  6975  6988 I art     : Explicit concurrent mark sweep GC freed 3(96B) AllocSpace objects, 0(0B) LOS objects, 23% free, 53MB/69MB, paused 337us total 18.311ms
08-04 21:09:29.329  6975  6988 I art     : Starting a blocking GC Explicit
08-04 21:09:29.347  6975  6988 I art     : Explicit concurrent mark sweep GC freed 3(96B) AllocSpace objects, 0(0B) LOS objects, 23% free, 53MB/69MB, paused 385us total 18.392ms
08-04 21:09:29.354  6975  6988 I art     : Starting a blocking GC Explicit
08-04 21:09:29.373  6975  6988 I art     : Explicit concurrent mark sweep GC freed 3(96B) AllocSpace objects, 0(0B) LOS objects, 23% free, 53MB/69MB, paused 350us total 18.220ms
08-04 21:09:29.700  6975  7004 I art     : Starting a blocking GC Explicit
08-04 21:09:29.730  6975  7004 I art     : Explicit concurrent mark sweep GC freed 1344(78KB) AllocSpace objects, 1(20KB) LOS objects, 23% free, 53MB/69MB, paused 387us total 29.991ms
08-04 21:09:29.744  6975  7004 I art     : Starting a blocking GC Explicit
08-04 21:09:29.763  6975  7004 I art     : Explicit concurrent mark sweep GC freed 20(704B) AllocSpace objects, 0(0B) LOS objects, 23% free, 53MB/69MB, paused 362us total 18.936ms
08-04 21:09:29.771  6975  7004 I art     : Starting a blocking GC Explicit
08-04 21:09:29.790  6975  7004 I art     : Explicit concurrent mark sweep GC freed 3(96B) AllocSpace objects, 0(0B) LOS objects, 23% free, 53MB/69MB, paused 339us total 18.646ms
08-04 21:09:29.797  6975  7004 I art     : Starting a blocking GC Explicit
08-04 21:09:29.816  6975  7004 I art     : Explicit concurrent mark sweep GC freed 3(96B) AllocSpace objects, 0(0B) LOS objects, 23% free, 53MB/69MB, paused 348us total 18.836ms
08-04 21:09:29.823  6975  7004 I art     : Starting a blocking GC Explicit
08-04 21:09:29.842  6975  7004 I art     : Explicit concurrent mark sweep GC freed 3(96B) AllocSpace objects, 0(0B) LOS objects, 23% free, 53MB/69MB, paused 356us total 18.854ms
08-04 21:09:30.048  4694  4694 I ServiceManager: Waiting for service AtCmdFwd...
08-04 21:09:30.156  6975  7372 I art     : Starting a blocking GC Explicit
08-04 21:09:30.182  6975  7372 I art     : Explicit concurrent mark sweep GC freed 1344(78KB) AllocSpace objects, 1(20KB) LOS objects, 23% free, 53MB/69MB, paused 374us total 25.457ms
08-04 21:09:30.194  6975  7372 I art     : Starting a blocking GC Explicit
08-04 21:09:30.219  6975  7372 I art     : Explicit concurrent mark sweep GC freed 20(704B) AllocSpace objects, 0(0B) LOS objects, 23% free, 53MB/69MB, paused 380us total 24.307ms
08-04 21:09:30.228  6975  7372 I art     : Starting a blocking GC Explicit
08-04 21:09:30.247  6975  7372 I art     : Explicit concurrent mark sweep GC freed 3(96B) AllocSpace objects, 0(0B) LOS objects, 23% free, 53MB/69MB, paused 355us total 19.408ms
08-04 21:09:30.255  6975  7372 I art     : Starting a blocking GC Explicit
08-04 21:09:30.274  6975  7372 I art     : Explicit concurrent mark sweep GC freed 3(96B) AllocSpace objects, 0(0B) LOS objects, 23% free, 53MB/69MB, paused 342us total 18.930ms
08-04 21:09:30.281  6975  7372 I art     : Starting a blocking GC Explicit
08-04 21:09:30.301  6975  7372 I art     : Explicit concurrent mark sweep GC freed 3(96B) AllocSpace objects, 0(0B) LOS objects, 23% free, 53MB/69MB, paused 347us total 18.942ms
08-04 21:09:30.575  6975  6987 I art     : Starting a blocking GC Explicit
08-04 21:09:30.601  6975  6987 I art     : Explicit concurrent mark sweep GC freed 1344(78KB) AllocSpace objects, 1(20KB) LOS objects, 23% free, 53MB/69MB, paused 392us total 25.354ms
08-04 21:09:30.611  6975  6987 I art     : Starting a blocking GC Explicit
08-04 21:09:30.631  6975  6987 I art     : Explicit concurrent mark sweep GC freed 20(704B) AllocSpace objects, 0(0B) LOS objects, 23% free, 53MB/69MB, paused 352us total 19.274ms
08-04 21:09:30.639  6975  6987 I art     : Starting a blocking GC Explicit
08-04 21:09:30.657  6975  6987 I art     : Explicit concurrent mark sweep GC freed 3(96B) AllocSpace objects, 0(0B) LOS objects, 23% free, 53MB/69MB, paused 360us total 18.158ms
08-04 21:09:30.664  6975  6987 I art     : Starting a blocking GC Explicit
08-04 21:09:30.683  6975  6987 I art     : Explicit concurrent mark sweep GC freed 3(96B) AllocSpace objects, 0(0B) LOS objects, 23% free, 53MB/69MB, paused 337us total 18.327ms
08-04 21:09:30.690  6975  6987 I art     : Starting a blocking GC Explicit
08-04 21:09:30.709  6975  6987 I art     : Explicit concurrent mark sweep GC freed 3(96B) AllocSpace objects, 0(0B) LOS objects, 23% free, 53MB/69MB, paused 347us total 18.896ms
08-04 21:09:31.015  6975  6988 I art     : Starting a blocking GC Explicit
08-04 21:09:31.047  6975  6988 I art     : Explicit concurrent mark sweep GC freed 1344(78KB) AllocSpace objects, 1(20KB) LOS objects, 23% free, 53MB/69MB, paused 452us total 32.301ms
08-04 21:09:31.049  4694  4694 W Atfwd_Sendcmd: AtCmdFwd service not published, waiting... retryCnt : 3
08-04 21:09:31.061  6975  6988 I art     : Starting a blocking GC Explicit
08-04 21:09:31.079  6975  6988 I art     : Explicit concurrent mark sweep GC freed 20(704B) AllocSpace objects, 0(0B) LOS objects, 23% free, 53MB/69MB, paused 344us total 18.396ms
08-04 21:09:31.086  6975  6988 I art     : Starting a blocking GC Explicit
08-04 21:09:31.104  6975  6988 I art     : Explicit concurrent mark sweep GC freed 3(96B) AllocSpace objects, 0(0B) LOS objects, 23% free, 53MB/69MB, paused 320us total 17.216ms
08-04 21:09:31.111  6975  6988 I art     : Starting a blocking GC Explicit
08-04 21:09:31.128  6975  6988 I art     : Explicit concurrent mark sweep GC freed 3(96B) AllocSpace objects, 0(0B) LOS objects, 23% free, 53MB/69MB, paused 318us total 16.643ms
08-04 21:09:31.135  6975  6988 I art     : Starting a blocking GC Explicit
08-04 21:09:31.152  6975  6988 I art     : Explicit concurrent mark sweep GC freed 3(96B) AllocSpace objects, 0(0B) LOS objects, 23% free, 53MB/69MB, paused 349us total 17.621ms
08-04 21:09:31.482  6975  7004 I art     : Starting a blocking GC Explicit
08-04 21:09:31.512  6975  7004 I art     : Explicit concurrent mark sweep GC freed 1344(78KB) AllocSpace objects, 1(20KB) LOS objects, 23% free, 53MB/69MB, paused 388us total 30.079ms
08-04 21:09:31.524  6975  7004 I art     : Starting a blocking GC Explicit
08-04 21:09:31.542  6975  7004 I art     : Explicit concurrent mark sweep GC freed 20(704B) AllocSpace objects, 0(0B) LOS objects, 23% free, 53MB/69MB, paused 333us total 17.278ms
08-04 21:09:31.549  6975  7004 I art     : Starting a blocking GC Explicit
08-04 21:09:31.566  6975  7004 I art     : Explicit concurrent mark sweep GC freed 3(96B) AllocSpace objects, 0(0B) LOS objects, 23% free, 53MB/69MB, paused 324us total 17.392ms
08-04 21:09:31.573  6975  7004 I art     : Starting a blocking GC Explicit
08-04 21:09:31.591  6975  7004 I art     : Explicit concurrent mark sweep GC freed 3(96B) AllocSpace objects, 0(0B) LOS objects, 23% free, 53MB/69MB, paused 356us total 17.642ms
08-04 21:09:31.598  6975  7004 I art     : Starting a blocking GC Explicit
08-04 21:09:31.616  6975  7004 I art     : Explicit concurrent mark sweep GC freed 3(96B) AllocSpace objects, 0(0B) LOS objects, 23% free, 53MB/69MB, paused 339us total 17.648ms
08-04 21:09:31.847  9584  9584 D AndroidRuntime: >>>>>> START com.android.internal.os.RuntimeInit uid 2000 <<<<<<
08-04 21:09:31.851  9584  9584 D AndroidRuntime: CheckJNI is OFF
08-04 21:09:31.875  9584  9584 D ICU     : No timezone override file found: /data/misc/zoneinfo/current/icu/icu_tzdata.dat
08-04 21:09:31.896  6975  7372 I art     : Starting a blocking GC Explicit
08-04 21:09:31.901  9584  9584 I Radio-JNI: register_android_hardware_Radio DONE
08-04 21:09:31.915  6975  7372 I art     : Explicit concurrent mark sweep GC freed 1344(78KB) AllocSpace objects, 1(20KB) LOS objects, 23% free, 53MB/69MB, paused 361us total 18.238ms
08-04 21:09:31.917  9584  9584 D AndroidRuntime: Calling main entry com.android.commands.input.Input
08-04 21:09:31.919  9584  9584 I Input   : injectKeyEvent: KeyEvent { action=ACTION_DOWN, keyCode=KEYCODE_BACK, scanCode=0, metaState=0, flags=0x0, repeatCount=0, eventTime=738588332, downTime=738588332, deviceId=-1, source=0x101 }
08-04 21:09:31.922  6975  7372 I art     : Starting a blocking GC Explicit
08-04 21:09:31.924  9584  9584 I Input   : injectKeyEvent: KeyEvent { action=ACTION_UP, keyCode=KEYCODE_BACK, scanCode=0, metaState=0, flags=0x0, repeatCount=0, eventTime=738588332, downTime=738588332, deviceId=-1, source=0x101 }
08-04 21:09:31.928  9584  9584 D AndroidRuntime: Shutting down VM
08-04 21:09:31.941  6975  7372 I art     : Explicit concurrent mark sweep GC freed 117(5KB) AllocSpace objects, 0(0B) LOS objects, 23% free, 53MB/69MB, paused 359us total 18.830ms
08-04 21:09:31.948  6975  7372 I art     : Starting a blocking GC Explicit
08-04 21:09:31.963 13866 13866 I GoogleInputMethodServic: GoogleInputMethodService.onFinishInput():3138 
08-04 21:09:31.963 13866 13866 I GoogleInputMethodServic: GoogleInputMethodService.onStartInput():1808 
08-04 21:09:31.965  6975  7372 I art     : Explicit concurrent mark sweep GC freed 10(320B) AllocSpace objects, 0(0B) LOS objects, 23% free, 53MB/69MB, paused 498us total 16.294ms
08-04 21:09:31.971  6975  7372 I art     : Starting a blocking GC Explicit
08-04 21:09:31.990  6975  7372 I art     : Explicit concurrent mark sweep GC freed 37(1344B) AllocSpace objects, 0(0B) LOS objects, 23% free, 53MB/69MB, paused 356us total 18.840ms
08-04 21:09:31.999  6975  7372 I art     : Starting a blocking GC Explicit
08-04 21:09:32.015  6975  7372 I art     : Explicit concurrent mark sweep GC freed 9(336B) AllocSpace objects, 0(0B) LOS objects, 23% free, 53MB/69MB, paused 321us total 15.548ms
08-04 21:09:32.256   380   380 W SurfaceFlinger: couldn't log to binary event log: overflow.
08-04 21:09:32.265  6975  7372 I art     : Starting a blocking GC Explicit
08-04 21:09:32.282  6975  7372 I art     : Explicit concurrent mark sweep GC freed 1463(87KB) AllocSpace objects, 1(20KB) LOS objects, 23% free, 53MB/69MB, paused 342us total 17.415ms
08-04 21:09:32.289  6975  7372 I art     : Starting a blocking GC Explicit
08-04 21:09:32.306  6975  7372 I art     : Explicit concurrent mark sweep GC freed 4698(269KB) AllocSpace objects, 2(140KB) LOS objects, 23% free, 52MB/68MB, paused 334us total 16.558ms
08-04 21:09:32.312  6975  7372 I art     : Starting a blocking GC Explicit
08-04 21:09:32.329  6975  7372 I art     : Explicit concurrent mark sweep GC freed 3(96B) AllocSpace objects, 0(0B) LOS objects, 23% free, 52MB/68MB, paused 351us total 16.119ms
08-04 21:09:32.335  6975  7372 I art     : Starting a blocking GC Explicit
08-04 21:09:32.351  6975  7372 I art     : Explicit concurrent mark sweep GC freed 3(96B) AllocSpace objects, 0(0B) LOS objects, 23% free, 52MB/68MB, paused 345us total 16.013ms
08-04 21:09:32.358  6975  7372 I art     : Starting a blocking GC Explicit
08-04 21:09:32.376  6975  7372 I art     : Explicit concurrent mark sweep GC freed 3(96B) AllocSpace objects, 0(0B) LOS objects, 23% free, 52MB/68MB, paused 358us total 17.218ms
08-04 21:09:32.657  6975  6987 I art     : Starting a blocking GC Explicit
08-04 21:09:32.681  6975  6987 I art     : Explicit concurrent mark sweep GC freed 1344(78KB) AllocSpace objects, 1(20KB) LOS objects, 23% free, 52MB/68MB, paused 391us total 23.758ms
08-04 21:09:32.692  6975  6987 I art     : Starting a blocking GC Explicit
08-04 21:09:32.715  6975  6987 I art     : Explicit concurrent mark sweep GC freed 20(720B) AllocSpace objects, 0(0B) LOS objects, 23% free, 52MB/68MB, paused 376us total 22.386ms
08-04 21:09:32.724  6975  6987 I art     : Starting a blocking GC Explicit
08-04 21:09:32.741  6975  6987 I art     : Explicit concurrent mark sweep GC freed 3(96B) AllocSpace objects, 0(0B) LOS objects, 23% free, 52MB/68MB, paused 337us total 17.543ms
08-04 21:09:32.748  6975  6987 I art     : Starting a blocking GC Explicit
08-04 21:09:32.766  6975  6987 I art     : Explicit concurrent mark sweep GC freed 3(96B) AllocSpace objects, 0(0B) LOS objects, 23% free, 52MB/68MB, paused 332us total 17.029ms
08-04 21:09:32.772  6975  6987 I art     : Starting a blocking GC Explicit
08-04 21:09:32.790  6975  6987 I art     : Explicit concurrent mark sweep GC freed 3(96B) AllocSpace objects, 0(0B) LOS objects, 23% free, 52MB/68MB, paused 329us total 16.884ms
08-04 21:09:33.067  6975  6988 I art     : Starting a blocking GC Explicit
08-04 21:09:33.091  6975  6988 I art     : Explicit concurrent mark sweep GC freed 1343(78KB) AllocSpace objects, 1(20KB) LOS objects, 23% free, 52MB/68MB, paused 400us total 23.813ms
08-04 21:09:33.103  6975  6988 I art     : Starting a blocking GC Explicit
08-04 21:09:33.126  6975  6988 I art     : Explicit concurrent mark sweep GC freed 20(704B) AllocSpace objects, 0(0B) LOS objects, 23% free, 52MB/68MB, paused 378us total 22.433ms
08-04 21:09:33.134  6975  6988 I art     : Starting a blocking GC Explicit
08-04 21:09:33.152  6975  6988 I art     : Explicit concurrent mark sweep GC freed 3(96B) AllocSpace objects, 0(0B) LOS objects, 23% free, 52MB/68MB, paused 319us total 17.570ms
08-04 21:09:33.160  6975  6988 I art     : Starting a blocking GC Explicit
08-04 21:09:33.176  6975  6988 I art     : Explicit concurrent mark sweep GC freed 3(96B) AllocSpace objects, 0(0B) LOS objects, 23% free, 52MB/68MB, paused 326us total 15.714ms
08-04 21:09:33.183  6975  6988 I art     : Starting a blocking GC Explicit
08-04 21:09:33.199  6975  6988 I art     : Explicit concurrent mark sweep GC freed 3(96B) AllocSpace objects, 0(0B) LOS objects, 23% free, 52MB/68MB, paused 354us total 15.914ms
08-04 21:09:33.456  6975  7004 I art     : Starting a blocking GC Explicit
08-04 21:09:33.474  6975  7004 I art     : Explicit concurrent mark sweep GC freed 1343(78KB) AllocSpace objects, 1(20KB) LOS objects, 23% free, 52MB/68MB, paused 402us total 17.733ms
08-04 21:09:33.481  9638  9638 D AndroidRuntime: >>>>>> START com.android.internal.os.RuntimeInit uid 2000 <<<<<<
08-04 21:09:33.482  6975  7004 I art     : Starting a blocking GC Explicit
08-04 21:09:33.485  9638  9638 D AndroidRuntime: CheckJNI is OFF
08-04 21:09:33.499  6975  7004 I art     : Explicit concurrent mark sweep GC freed 20(720B) AllocSpace objects, 0(0B) LOS objects, 23% free, 52MB/68MB, paused 355us total 17ms
08-04 21:09:33.506  6975  7004 I art     : Starting a blocking GC Explicit
08-04 21:09:33.515  9638  9638 D ICU     : No timezone override file found: /data/misc/zoneinfo/current/icu/icu_tzdata.dat
08-04 21:09:33.522  6975  7004 I art     : Explicit concurrent mark sweep GC freed 3(96B) AllocSpace objects, 0(0B) LOS objects, 23% free, 52MB/68MB, paused 400us total 16.254ms
08-04 21:09:33.529  6975  7004 I art     : Starting a blocking GC Explicit
08-04 21:09:33.540  9638  9638 I Radio-JNI: register_android_hardware_Radio DONE
08-04 21:09:33.544  6975  7004 I art     : Explicit concurrent mark sweep GC freed 3(96B) AllocSpace objects, 0(0B) LOS objects, 23% free, 52MB/68MB, paused 369us total 14.964ms
08-04 21:09:33.550  6975  7004 I art     : Starting a blocking GC Explicit
08-04 21:09:33.556  9638  9638 D AndroidRuntime: Calling main entry com.android.commands.input.Input
08-04 21:09:33.558  9638  9638 I Input   : injectKeyEvent: KeyEvent { action=ACTION_DOWN, keyCode=KEYCODE_BACK, scanCode=0, metaState=0, flags=0x0, repeatCount=0, eventTime=738589971, downTime=738589971, deviceId=-1, source=0x101 }
08-04 21:09:33.567  6975  7004 I art     : Explicit concurrent mark sweep GC freed 4(128B) AllocSpace objects, 0(0B) LOS objects, 23% free, 52MB/68MB, paused 365us total 16.732ms
08-04 21:09:33.568  9638  9638 I Input   : injectKeyEvent: KeyEvent { action=ACTION_UP, keyCode=KEYCODE_BACK, scanCode=0, metaState=0, flags=0x0, repeatCount=0, eventTime=738589971, downTime=738589971, deviceId=-1, source=0x101 }
08-04 21:09:33.575  9638  9638 D AndroidRuntime: Shutting down VM
08-04 21:09:33.650 13866 13866 I GoogleInputMethodServic: GoogleInputMethodService.onFinishInput():3138 
08-04 21:09:33.652 13866 13866 I GoogleInputMethodServic: GoogleInputMethodService.onStartInput():1808 
08-04 21:09:33.823  6975  6987 I art     : Starting a blocking GC Explicit
08-04 21:09:33.847  6975  6987 I art     : Explicit concurrent mark sweep GC freed 1546(87KB) AllocSpace objects, 1(20KB) LOS objects, 23% free, 52MB/68MB, paused 417us total 23.796ms
08-04 21:09:33.857  6975  6987 I art     : Starting a blocking GC Explicit
08-04 21:09:33.878  6975  6987 I art     : Explicit concurrent mark sweep GC freed 24(864B) AllocSpace objects, 0(0B) LOS objects, 23% free, 52MB/68MB, paused 445us total 21.462ms
08-04 21:09:33.889  6975  6987 I art     : Starting a blocking GC Explicit
08-04 21:09:33.910  6975  6987 I art     : Explicit concurrent mark sweep GC freed 3(96B) AllocSpace objects, 0(0B) LOS objects, 23% free, 52MB/68MB, paused 333us total 20.884ms
08-04 21:09:33.922  6975  6987 I art     : Starting a blocking GC Explicit
08-04 21:09:33.940  6975  6987 I art     : Explicit concurrent mark sweep GC freed 3(96B) AllocSpace objects, 0(0B) LOS objects, 23% free, 52MB/68MB, paused 366us total 17.855ms
08-04 21:09:33.941   380   380 W SurfaceFlinger: couldn't log to binary event log: overflow.
08-04 21:09:33.947  6975  6987 I art     : Starting a blocking GC Explicit
08-04 21:09:33.964  6975  6987 I art     : Explicit concurrent mark sweep GC freed 121(8KB) AllocSpace objects, 0(0B) LOS objects, 23% free, 52MB/68MB, paused 318us total 16.460ms
08-04 21:09:34.247  6975  6988 I art     : Starting a blocking GC Explicit
08-04 21:09:34.269  6975  6988 I art     : Explicit concurrent mark sweep GC freed 3419(200KB) AllocSpace objects, 4(360KB) LOS objects, 23% free, 52MB/68MB, paused 404us total 21.578ms
08-04 21:09:34.280  6975  6988 I art     : Starting a blocking GC Explicit
08-04 21:09:34.297  6975  6988 I art     : Explicit concurrent mark sweep GC freed 20(720B) AllocSpace objects, 0(0B) LOS objects, 23% free, 52MB/68MB, paused 341us total 16.816ms
08-04 21:09:34.303  6975  6988 I art     : Starting a blocking GC Explicit
08-04 21:09:34.320  6975  6988 I art     : Explicit concurrent mark sweep GC freed 3(96B) AllocSpace objects, 0(0B) LOS objects, 23% free, 52MB/68MB, paused 341us total 16.829ms
08-04 21:09:34.328  6975  6988 I art     : Starting a blocking GC Explicit
08-04 21:09:34.344  6975  6988 I art     : Explicit concurrent mark sweep GC freed 3(96B) AllocSpace objects, 0(0B) LOS objects, 23% free, 52MB/68MB, paused 333us total 16.171ms
08-04 21:09:34.351  6975  6988 I art     : Starting a blocking GC Explicit
08-04 21:09:34.367  6975  6988 I art     : Explicit concurrent mark sweep GC freed 3(96B) AllocSpace objects, 0(0B) LOS objects, 23% free, 52MB/68MB, paused 333us total 16.090ms
08-04 21:09:34.648  6975  7004 I art     : Starting a blocking GC Explicit
08-04 21:09:34.650   918  3261 D WifiStateMachine: starting scan for "H369AA63323"WPA_PSK with 2412,5180
08-04 21:09:34.671  6975  7004 I art     : Explicit concurrent mark sweep GC freed 1342(78KB) AllocSpace objects, 1(20KB) LOS objects, 23% free, 52MB/68MB, paused 381us total 22.715ms
08-04 21:09:34.682  6975  7004 I art     : Starting a blocking GC Explicit
08-04 21:09:34.703  6975  7004 I art     : Explicit concurrent mark sweep GC freed 20(704B) AllocSpace objects, 0(0B) LOS objects, 23% free, 52MB/68MB, paused 348us total 21.020ms
08-04 21:09:34.710  6975  7004 I art     : Starting a blocking GC Explicit
08-04 21:09:34.727  6975  7004 I art     : Explicit concurrent mark sweep GC freed 3(96B) AllocSpace objects, 0(0B) LOS objects, 23% free, 52MB/68MB, paused 418us total 16.246ms
08-04 21:09:34.734  6975  7004 I art     : Starting a blocking GC Explicit
08-04 21:09:34.750  6975  7004 I art     : Explicit concurrent mark sweep GC freed 3(96B) AllocSpace objects, 0(0B) LOS objects, 23% free, 52MB/68MB, paused 349us total 16.738ms
08-04 21:09:34.757  6975  7004 I art     : Starting a blocking GC Explicit
08-04 21:09:34.773  6975  7004 I art     : Explicit concurrent mark sweep GC freed 3(96B) AllocSpace objects, 0(0B) LOS objects, 23% free, 52MB/68MB, paused 333us total 15.960ms
08-04 21:09:35.030  6975  7372 I art     : Starting a blocking GC Explicit
08-04 21:09:35.047  6975  7372 I art     : Explicit concurrent mark sweep GC freed 1341(78KB) AllocSpace objects, 1(20KB) LOS objects, 23% free, 52MB/68MB, paused 418us total 17.377ms
08-04 21:09:35.054  6975  7372 I art     : Starting a blocking GC Explicit
08-04 21:09:35.071  6975  7372 I art     : Explicit concurrent mark sweep GC freed 20(720B) AllocSpace objects, 0(0B) LOS objects, 23% free, 52MB/68MB, paused 354us total 16.377ms
08-04 21:09:35.078  6975  7372 I art     : Starting a blocking GC Explicit
08-04 21:09:35.094  6975  7372 I art     : Explicit concurrent mark sweep GC freed 3(96B) AllocSpace objects, 0(0B) LOS objects, 23% free, 52MB/68MB, paused 358us total 15.935ms
08-04 21:09:35.101  6975  7372 I art     : Starting a blocking GC Explicit
08-04 21:09:35.117  6975  7372 I art     : Explicit concurrent mark sweep GC freed 3(96B) AllocSpace objects, 0(0B) LOS objects, 23% free, 52MB/68MB, paused 418us total 15.814ms
08-04 21:09:35.124  6975  7372 I art     : Starting a blocking GC Explicit
08-04 21:09:35.139  9691  9691 D AndroidRuntime: >>>>>> START com.android.internal.os.RuntimeInit uid 2000 <<<<<<
08-04 21:09:35.140  6975  7372 I art     : Explicit concurrent mark sweep GC freed 3(96B) AllocSpace objects, 0(0B) LOS objects, 23% free, 52MB/68MB, paused 386us total 16.176ms
08-04 21:09:35.143  9691  9691 D AndroidRuntime: CheckJNI is OFF
08-04 21:09:35.167  9691  9691 D ICU     : No timezone override file found: /data/misc/zoneinfo/current/icu/icu_tzdata.dat
08-04 21:09:35.191  9691  9691 I Radio-JNI: register_android_hardware_Radio DONE
08-04 21:09:35.207  9691  9691 D AndroidRuntime: Calling main entry com.android.commands.input.Input
08-04 21:09:35.208  9691  9691 I Input   : injectMotionEvent: MotionEvent { action=ACTION_DOWN, actionButton=0, id[0]=0, x[0]=1053.0, y[0]=1173.0, toolType[0]=TOOL_TYPE_UNKNOWN, buttonState=0, metaState=0, flags=0x0, edgeFlags=0x0, pointerCount=1, historySize=0, eventTime=738591621, downTime=738591621, deviceId=0, source=0x1002 }
08-04 21:09:35.214  9691  9691 I Input   : injectMotionEvent: MotionEvent { action=ACTION_UP, actionButton=0, id[0]=0, x[0]=1053.0, y[0]=1173.0, toolType[0]=TOOL_TYPE_UNKNOWN, buttonState=0, metaState=0, flags=0x0, edgeFlags=0x0, pointerCount=1, historySize=0, eventTime=738591621, downTime=738591621, deviceId=0, source=0x1002 }
08-04 21:09:35.215   918  5132 I ActivityManager: START u0 {cmp=baseline.appteam.nith.hillffair/.activities.QuizActivity} from uid 10651 on display 0
08-04 21:09:35.221  9691  9691 D AndroidRuntime: Shutting down VM
08-04 21:09:35.317   918   936 I ActivityManager: Displayed baseline.appteam.nith.hillffair/.activities.QuizActivity: +95ms
08-04 21:09:35.317 13866 13866 I GoogleInputMethodServic: GoogleInputMethodService.onFinishInput():3138 
08-04 21:09:35.318 13866 13866 I GoogleInputMethodServic: GoogleInputMethodService.onStartInput():1808 
08-04 21:09:35.372  6975  7004 I art     : Starting a blocking GC Explicit
08-04 21:09:35.387  6975  7004 I art     : Explicit concurrent mark sweep GC freed 2128(132KB) AllocSpace objects, 1(20KB) LOS objects, 23% free, 52MB/68MB, paused 366us total 15.134ms
08-04 21:09:35.394  6975  7004 I art     : Starting a blocking GC Explicit
08-04 21:09:35.413  6975  7004 I art     : Explicit concurrent mark sweep GC freed 214(9KB) AllocSpace objects, 0(0B) LOS objects, 23% free, 52MB/68MB, paused 355us total 18.854ms
08-04 21:09:35.421  6975  7004 I art     : Starting a blocking GC Explicit
08-04 21:09:35.441  6975  7004 I art     : Explicit concurrent mark sweep GC freed 3(96B) AllocSpace objects, 0(0B) LOS objects, 23% free, 52MB/68MB, paused 372us total 19.413ms
08-04 21:09:35.450  6975  7004 I art     : Starting a blocking GC Explicit
08-04 21:09:35.469  6975  7004 I art     : Explicit concurrent mark sweep GC freed 3(96B) AllocSpace objects, 0(0B) LOS objects, 23% free, 52MB/68MB, paused 394us total 18.925ms
08-04 21:09:35.477  6975  7004 I art     : Starting a blocking GC Explicit
08-04 21:09:35.498  6975  7004 I art     : Explicit concurrent mark sweep GC freed 3(96B) AllocSpace objects, 0(0B) LOS objects, 23% free, 52MB/68MB, paused 380us total 20.761ms
08-04 21:09:35.577   380   380 W SurfaceFlinger: couldn't log to binary event log: overflow.
08-04 21:09:35.765  6975  7004 I art     : Starting a blocking GC Explicit
08-04 21:09:35.785  6975  7004 I art     : Explicit concurrent mark sweep GC freed 1413(82KB) AllocSpace objects, 1(20KB) LOS objects, 23% free, 52MB/68MB, paused 388us total 19.654ms
