--------- beginning of main
08-04 00:27:39.651 16151 16151 D AndroidRuntime: >>>>>> START com.android.internal.os.RuntimeInit uid 2000 <<<<<<
08-04 00:27:39.657 16151 16151 D AndroidRuntime: CheckJNI is OFF
08-04 00:27:39.688 16151 16151 D ICU     : No timezone override file found: /data/misc/zoneinfo/current/icu/icu_tzdata.dat
08-04 00:27:39.724 16151 16151 I Radio-JNI: register_android_hardware_Radio DONE
08-04 00:27:39.742 16151 16151 D AndroidRuntime: Calling main entry com.android.commands.monkey.Monkey
--------- beginning of system
08-04 00:27:39.760   918   931 W BroadcastQueue: Skipping deliver [background] BroadcastRecord{80da0be u-1 android.net.conn.CONNECTIVITY_CHANGE} to ReceiverList{861506c 16151 (unknown name)/2000/u-1 remote:6757040}: process crashing
08-04 00:27:39.770   918  6029 I ActivityManager: START u0 {act=android.intent.action.MAIN cat=[android.intent.category.LAUNCHER] flg=0x10200000 cmp=baseline.appteam.nith.hillffair/.activities.SplashActivity} from uid 2000 on display 0
08-04 00:27:39.799   918  3670 I ActivityManager: Start proc 16160:baseline.appteam.nith.hillffair/u0a651 for activity baseline.appteam.nith.hillffair/.activities.SplashActivity
08-04 00:27:39.801 16160 16160 I art     : Late-enabling -Xcheck:jni
08-04 00:27:39.808 16151 16151 I art     : System.exit called, status: 0
08-04 00:27:39.808 16151 16151 I AndroidRuntime: VM exiting with result code 0.
08-04 00:27:39.847  8273  8273 I ServiceManager: Waiting for service AtCmdFwd...
08-04 00:27:39.881  6202  8771 I PBSessionCacheImpl: Deleted sessionId[27278280657311515] from persistence.
08-04 00:27:39.889  6202  6241 W SearchServiceCore: Abort, client detached.
08-04 00:27:39.889  6202  6241 I MicroDetectionState: Should stop hotword detection immediately - true
08-04 00:27:39.894 16160 16160 W System  : ClassLoader referenced unknown path: /data/app/baseline.appteam.nith.hillffair-1/lib/arm64
08-04 00:27:39.913 16160 16160 W OneSignal: GCM Library detected, please upgrade to Firebase FCM library as GCM is deprecated!
08-04 00:27:39.961 16160 16160 W art     : Before Android 4.1, method android.graphics.PorterDuffColorFilter androidx.vectordrawable.graphics.drawable.VectorDrawableCompat.updateTintFilter(android.graphics.PorterDuffColorFilter, android.content.res.ColorStateList, android.graphics.PorterDuff$Mode) would have incorrectly overridden the package-private method in android.graphics.drawable.Drawable
08-04 00:27:39.987 16160 16160 I art     : Rejecting re-init on previously-failed class java.lang.Class<androidx.core.view.ViewCompat$2>
08-04 00:27:39.988 16160 16160 I art     : Rejecting re-init on previously-failed class java.lang.Class<androidx.core.view.ViewCompat$2>
08-04 00:27:40.042 16160 16183 D OpenGLRenderer: Use EGL_SWAP_BEHAVIOR_PRESERVED: true
08-04 00:27:40.089 16160 16183 I Adreno  : QUALCOMM build                   : fcf4852, I1af360237c
08-04 00:27:40.089 16160 16183 I Adreno  : Build Date                       : 09/23/15
08-04 00:27:40.089 16160 16183 I Adreno  : OpenGL ES Shader Compiler Version: XE031.05.13.02
08-04 00:27:40.089 16160 16183 I Adreno  : Local Branch                     : mybranch14465806
08-04 00:27:40.089 16160 16183 I Adreno  : Remote Branch                    : quic/LA.BF64.1.2.9_v2
08-04 00:27:40.089 16160 16183 I Adreno  : Remote Branch                    : NONE
08-04 00:27:40.089 16160 16183 I Adreno  : Reconstruct Branch               : NOTHING
08-04 00:27:40.103 16160 16183 I OpenGLRenderer: Initialized EGL, version 1.4
08-04 00:27:40.179 13866 13866 I GoogleInputMethodServic: GoogleInputMethodService.onFinishInput():3138 
08-04 00:27:40.181 13866 13866 I GoogleInputMethodServic: GoogleInputMethodService.onStartInput():1808 
08-04 00:27:40.245   918   936 I ActivityManager: Displayed baseline.appteam.nith.hillffair/.activities.SplashActivity: +466ms
08-04 00:27:40.289 16160 16194 W GCM     : GCM SDK is deprecated, baseline.appteam.nith.hillffair should update to use FCM
08-04 00:27:40.356 24365 28437 W Conscrypt: Could not set socket write timeout: java.net.SocketException: Socket closed
08-04 00:27:40.357 24365 28437 E art     : invalid stream - problem with parameter iterator in /data/app/com.google.android.gms-2/base.apk:classes3.dex for method void com.google.android.gms.org.conscrypt.ConscryptFileDescriptorSocket.setSoWriteTimeout(int)
08-04 00:27:40.357 24365 28437 W Conscrypt: 	at com.google.android.gms.org.conscrypt.Platform.setSocketWriteTimeout(:com.google.android.gms@202614019@20.26.14 (040400-320008519):2)
08-04 00:27:40.357 24365 28437 W Conscrypt: 	at com.google.android.gms.org.conscrypt.ConscryptFileDescriptorSocket.setSoWriteTimeout(:com.google.android.gms@202614019@20.26.14 (040400-320008519))
08-04 00:27:40.374 24365 28437 W Conscrypt: Could not set socket write timeout: java.net.SocketException: Socket closed
08-04 00:27:40.375 24365 28437 E art     : invalid stream - problem with parameter iterator in /data/app/com.google.android.gms-2/base.apk:classes3.dex for method void com.google.android.gms.org.conscrypt.ConscryptFileDescriptorSocket.setSoWriteTimeout(int)
08-04 00:27:40.375 24365 28437 W Conscrypt: 	at com.google.android.gms.org.conscrypt.Platform.setSocketWriteTimeout(:com.google.android.gms@202614019@20.26.14 (040400-320008519):2)
08-04 00:27:40.375 24365 28437 W Conscrypt: 	at com.google.android.gms.org.conscrypt.ConscryptFileDescriptorSocket.setSoWriteTimeout(:com.google.android.gms@202614019@20.26.14 (040400-320008519))
08-04 00:27:40.426 24365 28437 W Conscrypt: Could not set socket write timeout: java.net.SocketException: Socket closed
08-04 00:27:40.426 24365 28437 E art     : invalid stream - problem with parameter iterator in /data/app/com.google.android.gms-2/base.apk:classes3.dex for method void com.google.android.gms.org.conscrypt.ConscryptFileDescriptorSocket.setSoWriteTimeout(int)
08-04 00:27:40.427 24365 28437 W Conscrypt: 	at com.google.android.gms.org.conscrypt.Platform.setSocketWriteTimeout(:com.google.android.gms@202614019@20.26.14 (040400-320008519):2)
08-04 00:27:40.427 24365 28437 W Conscrypt: 	at com.google.android.gms.org.conscrypt.ConscryptFileDescriptorSocket.setSoWriteTimeout(:com.google.android.gms@202614019@20.26.14 (040400-320008519))
08-04 00:27:40.444 24365 28437 W Conscrypt: Could not set socket write timeout: java.net.SocketException: Socket closed
08-04 00:27:40.444 24365 28437 E art     : invalid stream - problem with parameter iterator in /data/app/com.google.android.gms-2/base.apk:classes3.dex for method void com.google.android.gms.org.conscrypt.ConscryptFileDescriptorSocket.setSoWriteTimeout(int)
08-04 00:27:40.444 24365 28437 W Conscrypt: 	at com.google.android.gms.org.conscrypt.Platform.setSocketWriteTimeout(:com.google.android.gms@202614019@20.26.14 (040400-320008519):2)
08-04 00:27:40.444 24365 28437 W Conscrypt: 	at com.google.android.gms.org.conscrypt.ConscryptFileDescriptorSocket.setSoWriteTimeout(:com.google.android.gms@202614019@20.26.14 (040400-320008519))
08-04 00:27:40.522 16160 16194 E OneSignal: Error Getting GCM Token
08-04 00:27:40.522 16160 16194 E OneSignal: java.io.IOException: INVALID_SENDER
08-04 00:27:40.522 16160 16194 E OneSignal: 	at com.google.android.gms.gcm.GoogleCloudMessaging.zzd(Unknown Source)
08-04 00:27:40.522 16160 16194 E OneSignal: 	at com.google.android.gms.gcm.GoogleCloudMessaging.register(Unknown Source)
08-04 00:27:40.522 16160 16194 E OneSignal: 	at com.onesignal.PushRegistratorGCM.getToken(PushRegistratorGCM.java:42)
08-04 00:27:40.522 16160 16194 E OneSignal: 	at com.onesignal.PushRegistratorAbstractGoogle.attemptRegistration(PushRegistratorAbstractGoogle.java:97)
08-04 00:27:40.522 16160 16194 E OneSignal: 	at com.onesignal.PushRegistratorAbstractGoogle.access$100(PushRegistratorAbstractGoogle.java:37)
08-04 00:27:40.522 16160 16194 E OneSignal: 	at com.onesignal.PushRegistratorAbstractGoogle$1.run(PushRegistratorAbstractGoogle.java:84)
08-04 00:27:40.522 16160 16194 E OneSignal: 	at java.lang.Thread.run(Thread.java:818)
08-04 00:27:40.533 16160 16199 I art     : Rejecting re-init on previously-failed class java.lang.Class<com.onesignal.OneSignalChromeTab$OneSignalCustomTabsServiceConnection>
08-04 00:27:40.534 16160 16199 I art     : Rejecting re-init on previously-failed class java.lang.Class<com.onesignal.OneSignalChromeTab$OneSignalCustomTabsServiceConnection>
08-04 00:27:40.848  8273  8273 I ServiceManager: Waiting for service AtCmdFwd...
08-04 00:27:41.452 16210 16210 D AndroidRuntime: >>>>>> START com.android.internal.os.RuntimeInit uid 2000 <<<<<<
08-04 00:27:41.459 16210 16210 D AndroidRuntime: CheckJNI is OFF
08-04 00:27:41.490 16210 16210 D ICU     : No timezone override file found: /data/misc/zoneinfo/current/icu/icu_tzdata.dat
08-04 00:27:41.522   918  3670 I ActivityManager: START u0 {cmp=baseline.appteam.nith.hillffair/.activities.WelcomeActivity} from uid 10651 on display 0
08-04 00:27:41.525 16210 16210 I Radio-JNI: register_android_hardware_Radio DONE
08-04 00:27:41.543 16210 16210 D AndroidRuntime: Calling main entry com.android.commands.am.Am
08-04 00:27:41.553  8825  8825 I Trepn   : Trepn 6.2s: Received intent: com.quicinc.trepn.start_profiling
08-04 00:27:41.568   918  3670 I ActivityManager: START u0 {cmp=baseline.appteam.nith.hillffair/.activities.HomeActivity} from uid 10651 on display 0
08-04 00:27:41.575   918  4413 W ActivityManager: Duplicate finish request for ActivityRecord{953b62a u0 baseline.appteam.nith.hillffair/.activities.WelcomeActivity t3817 f}
08-04 00:27:41.667  8825  8825 W FileUtils: Failed to chmod(/storage/emulated/0/trepn/Trepn_2020.08.04_002741.db): android.system.ErrnoException: chmod failed: EPERM (Operation not permitted)
08-04 00:27:41.759  8825  8825 I Trepn   : Trepn 6.2s: Trepn has Started Profiling.
08-04 00:27:41.760 16210 16210 D AndroidRuntime: Shutting down VM
08-04 00:27:41.848  8273  8273 I ServiceManager: Waiting for service AtCmdFwd...
08-04 00:27:41.966   918 13198 D NetlinkSocketObserver: NeighborEvent{elapsedMs=1647465841, 192.168.2.254, [7C3953A63323], RTM_NEWNEIGH, NUD_REACHABLE}
08-04 00:27:41.991   918   936 I ActivityManager: Displayed baseline.appteam.nith.hillffair/.activities.HomeActivity: +383ms (total +448ms)
08-04 00:27:41.992 13866 13866 I GoogleInputMethodServic: GoogleInputMethodService.onFinishInput():3138 
08-04 00:27:41.993 13866 13866 I GoogleInputMethodServic: GoogleInputMethodService.onStartInput():1808 
08-04 00:27:42.164 16160 16172 I art     : Starting a blocking GC Explicit
08-04 00:27:42.181 16160 16172 I art     : Explicit concurrent mark sweep GC freed 3692(586KB) AllocSpace objects, 0(0B) LOS objects, 24% free, 48MB/64MB, paused 139us total 16.595ms
08-04 00:27:42.188 16160 16172 I art     : Starting a blocking GC Explicit
08-04 00:27:42.200 16160 16172 I art     : Explicit concurrent mark sweep GC freed 1318(85KB) AllocSpace objects, 0(0B) LOS objects, 25% free, 47MB/63MB, paused 148us total 12.381ms
08-04 00:27:42.208 16160 16172 I art     : Starting a blocking GC Explicit
08-04 00:27:42.220 16160 16172 I art     : Explicit concurrent mark sweep GC freed 3(96B) AllocSpace objects, 0(0B) LOS objects, 25% free, 47MB/63MB, paused 164us total 12.165ms
08-04 00:27:42.229 16160 16172 I art     : Starting a blocking GC Explicit
08-04 00:27:42.239   380   380 W SurfaceFlinger: couldn't log to binary event log: overflow.
08-04 00:27:42.240 16160 16172 I art     : Explicit concurrent mark sweep GC freed 3(96B) AllocSpace objects, 0(0B) LOS objects, 25% free, 47MB/63MB, paused 147us total 11.186ms
08-04 00:27:42.248 16160 16172 I art     : Starting a blocking GC Explicit
08-04 00:27:42.260 16160 16172 I art     : Explicit concurrent mark sweep GC freed 3(96B) AllocSpace objects, 0(0B) LOS objects, 25% free, 47MB/63MB, paused 132us total 12.049ms
08-04 00:27:42.530 16160 16173 I art     : Starting a blocking GC Explicit
08-04 00:27:42.545 16160 16173 I art     : Explicit concurrent mark sweep GC freed 2030(114KB) AllocSpace objects, 1(20KB) LOS objects, 25% free, 47MB/63MB, paused 193us total 15.379ms
08-04 00:27:42.552 16160 16173 I art     : Starting a blocking GC Explicit
08-04 00:27:42.567 16160 16173 I art     : Explicit concurrent mark sweep GC freed 908(59KB) AllocSpace objects, 0(0B) LOS objects, 25% free, 47MB/63MB, paused 277us total 14.851ms
08-04 00:27:42.576 16160 16173 I art     : Starting a blocking GC Explicit
08-04 00:27:42.588 16160 16173 I art     : Explicit concurrent mark sweep GC freed 3(96B) AllocSpace objects, 0(0B) LOS objects, 25% free, 47MB/63MB, paused 157us total 11.718ms
08-04 00:27:42.594 16160 16173 I art     : Starting a blocking GC Explicit
08-04 00:27:42.605 16160 16173 I art     : Explicit concurrent mark sweep GC freed 3(96B) AllocSpace objects, 0(0B) LOS objects, 25% free, 47MB/63MB, paused 161us total 11.295ms
08-04 00:27:42.611 16160 16173 I art     : Starting a blocking GC Explicit
08-04 00:27:42.623 16160 16173 I art     : Explicit concurrent mark sweep GC freed 3(96B) AllocSpace objects, 0(0B) LOS objects, 25% free, 47MB/63MB, paused 163us total 11.283ms
08-04 00:27:42.848  8273  8273 I ServiceManager: Waiting for service AtCmdFwd...
08-04 00:27:42.921 16160 16250 I art     : Starting a blocking GC Explicit
08-04 00:27:42.935 16160 16250 I art     : Explicit concurrent mark sweep GC freed 1341(78KB) AllocSpace objects, 1(20KB) LOS objects, 25% free, 47MB/63MB, paused 192us total 13.392ms
08-04 00:27:42.941 16160 16250 I art     : Starting a blocking GC Explicit
08-04 00:27:42.953 16160 16250 I art     : Explicit concurrent mark sweep GC freed 20(704B) AllocSpace objects, 0(0B) LOS objects, 25% free, 47MB/63MB, paused 171us total 11.801ms
08-04 00:27:42.960 16160 16250 I art     : Starting a blocking GC Explicit
08-04 00:27:42.972 16160 16250 I art     : Explicit concurrent mark sweep GC freed 3(96B) AllocSpace objects, 0(0B) LOS objects, 25% free, 47MB/63MB, paused 163us total 11.452ms
08-04 00:27:42.978 16160 16250 I art     : Starting a blocking GC Explicit
08-04 00:27:42.989 16160 16250 I art     : Explicit concurrent mark sweep GC freed 3(96B) AllocSpace objects, 0(0B) LOS objects, 25% free, 47MB/63MB, paused 156us total 10.833ms
08-04 00:27:42.995 16160 16250 I art     : Starting a blocking GC Explicit
08-04 00:27:43.006 16160 16250 I art     : Explicit concurrent mark sweep GC freed 3(96B) AllocSpace objects, 0(0B) LOS objects, 25% free, 47MB/63MB, paused 156us total 11.190ms
08-04 00:27:43.301 16160 16172 I art     : Starting a blocking GC Explicit
08-04 00:27:43.315 16160 16172 I art     : Explicit concurrent mark sweep GC freed 1342(78KB) AllocSpace objects, 1(20KB) LOS objects, 25% free, 47MB/63MB, paused 174us total 13.272ms
08-04 00:27:43.321 16160 16172 I art     : Starting a blocking GC Explicit
08-04 00:27:43.333 16160 16172 I art     : Explicit concurrent mark sweep GC freed 20(704B) AllocSpace objects, 0(0B) LOS objects, 25% free, 47MB/63MB, paused 155us total 11.909ms
08-04 00:27:43.340 16160 16172 I art     : Starting a blocking GC Explicit
08-04 00:27:43.352 16160 16172 I art     : Explicit concurrent mark sweep GC freed 3(96B) AllocSpace objects, 0(0B) LOS objects, 25% free, 47MB/63MB, paused 148us total 11.712ms
08-04 00:27:43.358 16160 16172 I art     : Starting a blocking GC Explicit
08-04 00:27:43.370 16160 16172 I art     : Explicit concurrent mark sweep GC freed 3(96B) AllocSpace objects, 0(0B) LOS objects, 25% free, 47MB/63MB, paused 152us total 11.371ms
08-04 00:27:43.376 16160 16172 I art     : Starting a blocking GC Explicit
08-04 00:27:43.387 16160 16172 I art     : Explicit concurrent mark sweep GC freed 3(96B) AllocSpace objects, 0(0B) LOS objects, 25% free, 47MB/63MB, paused 149us total 11.384ms
08-04 00:27:43.713 16160 16173 I art     : Starting a blocking GC Explicit
08-04 00:27:43.731 16160 16173 I art     : Explicit concurrent mark sweep GC freed 1340(78KB) AllocSpace objects, 1(20KB) LOS objects, 25% free, 47MB/63MB, paused 204us total 17.631ms
08-04 00:27:43.741 16160 16173 I art     : Starting a blocking GC Explicit
08-04 00:27:43.757 16160 16173 I art     : Explicit concurrent mark sweep GC freed 20(704B) AllocSpace objects, 0(0B) LOS objects, 25% free, 47MB/63MB, paused 194us total 14.911ms
08-04 00:27:43.766 16160 16173 I art     : Starting a blocking GC Explicit
08-04 00:27:43.777 16160 16173 I art     : Explicit concurrent mark sweep GC freed 3(96B) AllocSpace objects, 0(0B) LOS objects, 25% free, 47MB/63MB, paused 153us total 10.944ms
08-04 00:27:43.783 16160 16173 I art     : Starting a blocking GC Explicit
08-04 00:27:43.795 16160 16173 I art     : Explicit concurrent mark sweep GC freed 3(96B) AllocSpace objects, 0(0B) LOS objects, 25% free, 47MB/63MB, paused 154us total 11.141ms
08-04 00:27:43.801 16160 16173 I art     : Starting a blocking GC Explicit
08-04 00:27:43.812 16160 16173 I art     : Explicit concurrent mark sweep GC freed 3(96B) AllocSpace objects, 0(0B) LOS objects, 25% free, 47MB/63MB, paused 163us total 11.080ms
08-04 00:27:43.849  8273  8273 W Atfwd_Sendcmd: AtCmdFwd service not published, waiting... retryCnt : 5
08-04 00:27:44.082 16160 16173 I art     : Starting a blocking GC Explicit
08-04 00:27:44.095 16160 16173 I art     : Explicit concurrent mark sweep GC freed 1339(78KB) AllocSpace objects, 1(20KB) LOS objects, 25% free, 47MB/63MB, paused 164us total 12.491ms
08-04 00:27:44.100 16160 16173 I art     : Starting a blocking GC Explicit
08-04 00:27:44.112 16160 16173 I art     : Explicit concurrent mark sweep GC freed 26(928B) AllocSpace objects, 0(0B) LOS objects, 25% free, 47MB/63MB, paused 157us total 11.135ms
08-04 00:27:44.118 16160 16173 I art     : Starting a blocking GC Explicit
08-04 00:27:44.129 16160 16173 I art     : Explicit concurrent mark sweep GC freed 3(96B) AllocSpace objects, 0(0B) LOS objects, 25% free, 47MB/63MB, paused 161us total 11.132ms
08-04 00:27:44.135 16160 16173 I art     : Starting a blocking GC Explicit
08-04 00:27:44.147 16160 16173 I art     : Explicit concurrent mark sweep GC freed 3(96B) AllocSpace objects, 0(0B) LOS objects, 25% free, 47MB/63MB, paused 202us total 11.677ms
08-04 00:27:44.153 16160 16173 I art     : Starting a blocking GC Explicit
08-04 00:27:44.164 16160 16173 I art     : Explicit concurrent mark sweep GC freed 3(96B) AllocSpace objects, 0(0B) LOS objects, 25% free, 47MB/63MB, paused 153us total 11.296ms
08-04 00:27:44.464 16160 16172 I art     : Starting a blocking GC Explicit
08-04 00:27:44.479 16160 16172 I art     : Explicit concurrent mark sweep GC freed 1339(78KB) AllocSpace objects, 1(20KB) LOS objects, 25% free, 47MB/63MB, paused 187us total 14.604ms
08-04 00:27:44.489 16160 16172 I art     : Starting a blocking GC Explicit
08-04 00:27:44.503 16160 16172 I art     : Explicit concurrent mark sweep GC freed 20(704B) AllocSpace objects, 0(0B) LOS objects, 25% free, 47MB/63MB, paused 150us total 13.812ms
08-04 00:27:44.509 16160 16172 I art     : Starting a blocking GC Explicit
08-04 00:27:44.521 16160 16172 I art     : Explicit concurrent mark sweep GC freed 3(96B) AllocSpace objects, 0(0B) LOS objects, 25% free, 47MB/63MB, paused 153us total 11.884ms
08-04 00:27:44.528 16160 16172 I art     : Starting a blocking GC Explicit
08-04 00:27:44.540 16160 16172 I art     : Explicit concurrent mark sweep GC freed 3(96B) AllocSpace objects, 0(0B) LOS objects, 25% free, 47MB/63MB, paused 155us total 11.601ms
08-04 00:27:44.546 16160 16172 I art     : Starting a blocking GC Explicit
08-04 00:27:44.558 16160 16172 I art     : Explicit concurrent mark sweep GC freed 3(96B) AllocSpace objects, 0(0B) LOS objects, 25% free, 47MB/63MB, paused 141us total 11.209ms
08-04 00:27:44.865 16160 16250 I art     : Starting a blocking GC Explicit
08-04 00:27:44.882 16160 16250 I art     : Explicit concurrent mark sweep GC freed 1339(78KB) AllocSpace objects, 1(20KB) LOS objects, 25% free, 47MB/63MB, paused 202us total 16.919ms
08-04 00:27:44.892 16160 16250 I art     : Starting a blocking GC Explicit
08-04 00:27:44.907 16160 16250 I art     : Explicit concurrent mark sweep GC freed 20(704B) AllocSpace objects, 0(0B) LOS objects, 25% free, 47MB/63MB, paused 181us total 14.986ms
08-04 00:27:44.910 18789 18839 I Finsky  : [5531] ktr.run(-1): Stats for Executor: BlockingExecutor kvs@4c6bd6a[Running, pool size = 1, active threads = 0, queued tasks = 0, completed tasks = 347]
08-04 00:27:44.917 16160 16250 I art     : Starting a blocking GC Explicit
08-04 00:27:44.929 16160 16250 I art     : Explicit concurrent mark sweep GC freed 3(96B) AllocSpace objects, 0(0B) LOS objects, 25% free, 47MB/63MB, paused 164us total 11.543ms
08-04 00:27:44.934 18789 18839 I Finsky  : [5531] ktr.run(-1): Stats for Executor: LightweightExecutor kvs@51225b[Running, pool size = 4, active threads = 0, queued tasks = 0, completed tasks = 325]
08-04 00:27:44.935 16160 16250 I art     : Starting a blocking GC Explicit
08-04 00:27:44.947 16160 16250 I art     : Explicit concurrent mark sweep GC freed 3(96B) AllocSpace objects, 0(0B) LOS objects, 25% free, 47MB/63MB, paused 183us total 11.628ms
08-04 00:27:44.953 16160 16250 I art     : Starting a blocking GC Explicit
08-04 00:27:44.965 16160 16250 I art     : Explicit concurrent mark sweep GC freed 3(96B) AllocSpace objects, 0(0B) LOS objects, 25% free, 47MB/63MB, paused 158us total 11.629ms
08-04 00:27:45.271 16160 16173 I art     : Starting a blocking GC Explicit
08-04 00:27:45.287 16160 16173 I art     : Explicit concurrent mark sweep GC freed 1339(78KB) AllocSpace objects, 1(20KB) LOS objects, 25% free, 47MB/63MB, paused 202us total 15.981ms
08-04 00:27:45.297 16160 16173 I art     : Starting a blocking GC Explicit
08-04 00:27:45.309 16160 16173 I art     : Explicit concurrent mark sweep GC freed 20(704B) AllocSpace objects, 0(0B) LOS objects, 25% free, 47MB/63MB, paused 157us total 11.873ms
08-04 00:27:45.315 16160 16173 I art     : Starting a blocking GC Explicit
08-04 00:27:45.326 16160 16173 I art     : Explicit concurrent mark sweep GC freed 3(96B) AllocSpace objects, 0(0B) LOS objects, 25% free, 47MB/63MB, paused 162us total 11.232ms
08-04 00:27:45.332 16160 16173 I art     : Starting a blocking GC Explicit
08-04 00:27:45.344 16160 16173 I art     : Explicit concurrent mark sweep GC freed 3(96B) AllocSpace objects, 0(0B) LOS objects, 25% free, 47MB/63MB, paused 164us total 11.379ms
08-04 00:27:45.350 16160 16173 I art     : Starting a blocking GC Explicit
08-04 00:27:45.361 16160 16173 I art     : Explicit concurrent mark sweep GC freed 3(96B) AllocSpace objects, 0(0B) LOS objects, 25% free, 47MB/63MB, paused 159us total 11.415ms
08-04 00:27:45.649 18789 18839 I Finsky  : [5531] ktr.run(-1): Stats for Executor: bgExecutor kvs@8658af8[Running, pool size = 4, active threads = 0, queued tasks = 0, completed tasks = 1055]
08-04 00:27:45.657 16160 16337 W OneSignal: OneSignalRestClient: POST Error thrown from network stack. 
08-04 00:27:45.657 16160 16337 W OneSignal: java.io.IOException: unexpected end of stream on Connection{api.onesignal.com:443, proxy=HTTP@192.168.2.12:8080 hostAddress=192.168.2.12 cipherSuite=TLS_ECDHE_RSA_WITH_AES_128_GCM_SHA256 protocol=http/1.1} (recycle count=1)
08-04 00:27:45.657 16160 16337 W OneSignal: 	at com.android.okhttp.internal.http.HttpConnection.readResponse(HttpConnection.java:210)
08-04 00:27:45.657 16160 16337 W OneSignal: 	at com.android.okhttp.internal.http.HttpTransport.readResponseHeaders(HttpTransport.java:80)
08-04 00:27:45.657 16160 16337 W OneSignal: 	at com.android.okhttp.internal.http.HttpEngine.readNetworkResponse(HttpEngine.java:904)
08-04 00:27:45.657 16160 16337 W OneSignal: 	at com.android.okhttp.internal.http.HttpEngine.readResponse(HttpEngine.java:788)
08-04 00:27:45.657 16160 16337 W OneSignal: 	at com.android.okhttp.internal.huc.HttpURLConnectionImpl.execute(HttpURLConnectionImpl.java:439)
08-04 00:27:45.657 16160 16337 W OneSignal: 	at com.android.okhttp.internal.huc.HttpURLConnectionImpl.getResponse(HttpURLConnectionImpl.java:384)
08-04 00:27:45.657 16160 16337 W OneSignal: 	at com.android.okhttp.internal.huc.HttpURLConnectionImpl.getResponseCode(HttpURLConnectionImpl.java:497)
08-04 00:27:45.657 16160 16337 W OneSignal: 	at com.android.okhttp.internal.huc.DelegatingHttpsURLConnection.getResponseCode(DelegatingHttpsURLConnection.java:105)
08-04 00:27:45.657 16160 16337 W OneSignal: 	at com.android.okhttp.internal.huc.HttpsURLConnectionImpl.getResponseCode(HttpsURLConnectionImpl.java)
08-04 00:27:45.657 16160 16337 W OneSignal: 	at com.onesignal.OneSignalRestClient.startHTTPConnection(OneSignalRestClient.java:180)
08-04 00:27:45.657 16160 16337 W OneSignal: 	at com.onesignal.OneSignalRestClient.access$100(OneSignalRestClient.java:44)
08-04 00:27:45.657 16160 16337 W OneSignal: 	at com.onesignal.OneSignalRestClient$4.run(OneSignalRestClient.java:110)
08-04 00:27:45.657 16160 16337 W OneSignal: 	at java.lang.Thread.run(Thread.java:818)
08-04 00:27:45.657 16160 16337 W OneSignal: Caused by: java.io.EOFException: \n not found: size=0 content=...
08-04 00:27:45.657 16160 16337 W OneSignal: 	at com.android.okhttp.okio.RealBufferedSource.readUtf8LineStrict(RealBufferedSource.java:200)
08-04 00:27:45.657 16160 16337 W OneSignal: 	at com.android.okhttp.internal.http.HttpConnection.readResponse(HttpConnection.java:191)
08-04 00:27:45.657 16160 16337 W OneSignal: 	... 12 more
08-04 00:27:45.658 16160 16346 W OneSignal: Failed last request. statusCode: -1
08-04 00:27:45.658 16160 16346 W OneSignal: response: null
08-04 00:27:45.681 16160 16172 I art     : Starting a blocking GC Explicit
08-04 00:27:45.695 16160 16172 I art     : Explicit concurrent mark sweep GC freed 1977(154KB) AllocSpace objects, 1(20KB) LOS objects, 25% free, 47MB/63MB, paused 168us total 13.536ms
08-04 00:27:45.701 16160 16172 I art     : Starting a blocking GC Explicit
08-04 00:27:45.712 16160 16172 I art     : Explicit concurrent mark sweep GC freed 30(1168B) AllocSpace objects, 0(0B) LOS objects, 25% free, 47MB/63MB, paused 148us total 10.783ms
08-04 00:27:45.717 16160 16172 I art     : Starting a blocking GC Explicit
08-04 00:27:45.728 16160 16172 I art     : Explicit concurrent mark sweep GC freed 3(96B) AllocSpace objects, 0(0B) LOS objects, 25% free, 47MB/63MB, paused 140us total 10.109ms
08-04 00:27:45.733 16160 16172 I art     : Starting a blocking GC Explicit
08-04 00:27:45.743 16160 16172 I art     : Explicit concurrent mark sweep GC freed 3(96B) AllocSpace objects, 0(0B) LOS objects, 25% free, 47MB/63MB, paused 130us total 9.836ms
08-04 00:27:45.748 16160 16172 I art     : Starting a blocking GC Explicit
08-04 00:27:45.758 16160 16172 I art     : Explicit concurrent mark sweep GC freed 3(96B) AllocSpace objects, 0(0B) LOS objects, 25% free, 47MB/63MB, paused 133us total 9.334ms
08-04 00:27:46.022 16160 16250 I art     : Starting a blocking GC Explicit
08-04 00:27:46.034 16160 16250 I art     : Explicit concurrent mark sweep GC freed 1339(78KB) AllocSpace objects, 1(20KB) LOS objects, 25% free, 47MB/63MB, paused 188us total 12.585ms
08-04 00:27:46.040 16160 16250 I art     : Starting a blocking GC Explicit
08-04 00:27:46.052 16160 16250 I art     : Explicit concurrent mark sweep GC freed 20(704B) AllocSpace objects, 0(0B) LOS objects, 25% free, 47MB/63MB, paused 174us total 11.755ms
08-04 00:27:46.059 16160 16250 I art     : Starting a blocking GC Explicit
08-04 00:27:46.071 16160 16250 I art     : Explicit concurrent mark sweep GC freed 3(96B) AllocSpace objects, 0(0B) LOS objects, 25% free, 47MB/63MB, paused 160us total 11.525ms
08-04 00:27:46.077 16160 16250 I art     : Starting a blocking GC Explicit
08-04 00:27:46.089 16160 16250 I art     : Explicit concurrent mark sweep GC freed 3(96B) AllocSpace objects, 0(0B) LOS objects, 25% free, 47MB/63MB, paused 171us total 11.376ms
08-04 00:27:46.095 16160 16250 I art     : Starting a blocking GC Explicit
08-04 00:27:46.106 16160 16250 I art     : Explicit concurrent mark sweep GC freed 3(96B) AllocSpace objects, 0(0B) LOS objects, 25% free, 47MB/63MB, paused 165us total 11.284ms
08-04 00:27:46.429 16160 16173 I art     : Starting a blocking GC Explicit
08-04 00:27:46.443 16160 16173 I art     : Explicit concurrent mark sweep GC freed 1339(78KB) AllocSpace objects, 1(20KB) LOS objects, 25% free, 47MB/63MB, paused 210us total 13.941ms
08-04 00:27:46.450 16160 16173 I art     : Starting a blocking GC Explicit
08-04 00:27:46.462 16160 16173 I art     : Explicit concurrent mark sweep GC freed 20(704B) AllocSpace objects, 0(0B) LOS objects, 25% free, 47MB/63MB, paused 177us total 11.733ms
08-04 00:27:46.469 16160 16173 I art     : Starting a blocking GC Explicit
08-04 00:27:46.481 16160 16173 I art     : Explicit concurrent mark sweep GC freed 3(96B) AllocSpace objects, 0(0B) LOS objects, 25% free, 47MB/63MB, paused 249us total 11.899ms
08-04 00:27:46.486 16160 16173 I art     : Starting a blocking GC Explicit
08-04 00:27:46.496 16160 16173 I art     : Explicit concurrent mark sweep GC freed 3(96B) AllocSpace objects, 0(0B) LOS objects, 25% free, 47MB/63MB, paused 156us total 10.089ms
08-04 00:27:46.502 16160 16173 I art     : Starting a blocking GC Explicit
08-04 00:27:46.512 16160 16173 I art     : Explicit concurrent mark sweep GC freed 3(96B) AllocSpace objects, 0(0B) LOS objects, 25% free, 47MB/63MB, paused 155us total 10.152ms
08-04 00:27:46.723 16369 16369 D AndroidRuntime: >>>>>> START com.android.internal.os.RuntimeInit uid 2000 <<<<<<
08-04 00:27:46.728 16369 16369 D AndroidRuntime: CheckJNI is OFF
08-04 00:27:46.752 16369 16369 D ICU     : No timezone override file found: /data/misc/zoneinfo/current/icu/icu_tzdata.dat
08-04 00:27:46.776 16369 16369 I Radio-JNI: register_android_hardware_Radio DONE
08-04 00:27:46.793 16369 16369 D AndroidRuntime: Calling main entry com.android.commands.input.Input
08-04 00:27:46.794 16369 16369 I Input   : injectMotionEvent: MotionEvent { action=ACTION_DOWN, actionButton=0, id[0]=0, x[0]=337.0, y[0]=1104.0, toolType[0]=TOOL_TYPE_UNKNOWN, buttonState=0, metaState=0, flags=0x0, edgeFlags=0x0, pointerCount=1, historySize=0, eventTime=664083207, downTime=664083207, deviceId=0, source=0x1002 }
08-04 00:27:46.804 16160 16172 I art     : Starting a blocking GC Explicit
08-04 00:27:46.835 16369 16369 I Input   : injectMotionEvent: MotionEvent { action=ACTION_UP, actionButton=0, id[0]=0, x[0]=337.0, y[0]=1104.0, toolType[0]=TOOL_TYPE_UNKNOWN, buttonState=0, metaState=0, flags=0x0, edgeFlags=0x0, pointerCount=1, historySize=0, eventTime=664083207, downTime=664083207, deviceId=0, source=0x1002 }
08-04 00:27:46.836   918  5132 I ActivityManager: START u0 {cmp=baseline.appteam.nith.hillffair/.activities.BattleDayActivity} from uid 10651 on display 0
08-04 00:27:46.843 16160 16172 I art     : Explicit concurrent mark sweep GC freed 1345(82KB) AllocSpace objects, 1(20KB) LOS objects, 25% free, 47MB/63MB, paused 241us total 39.151ms
08-04 00:27:46.845 16369 16369 D AndroidRuntime: Shutting down VM
08-04 00:27:46.855 16160 16172 I art     : Starting a blocking GC Explicit
08-04 00:27:46.880 16160 16172 I art     : Explicit concurrent mark sweep GC freed 479(35KB) AllocSpace objects, 0(0B) LOS objects, 24% free, 48MB/64MB, paused 335us total 24.329ms
08-04 00:27:46.885 16160 16172 I art     : Starting a blocking GC Explicit
08-04 00:27:46.899 16160 16172 I art     : Explicit concurrent mark sweep GC freed 703(89KB) AllocSpace objects, 0(0B) LOS objects, 24% free, 48MB/64MB, paused 693us total 13.344ms
08-04 00:27:46.905 16160 16172 I art     : Starting a blocking GC Explicit
08-04 00:27:46.924 16160 16172 I art     : Explicit concurrent mark sweep GC freed 2467(161KB) AllocSpace objects, 0(0B) LOS objects, 24% free, 48MB/64MB, paused 768us total 19.573ms
08-04 00:27:46.931 16160 16172 I art     : Starting a blocking GC Explicit
08-04 00:27:46.944 16160 16172 I art     : Explicit concurrent mark sweep GC freed 3837(196KB) AllocSpace objects, 0(0B) LOS objects, 24% free, 48MB/64MB, paused 265us total 13.354ms
08-04 00:27:46.981 13866 13866 I GoogleInputMethodServic: GoogleInputMethodService.onFinishInput():3138 
08-04 00:27:46.981 13866 13866 I GoogleInputMethodServic: GoogleInputMethodService.onStartInput():1808 
08-04 00:27:47.027   918   936 I ActivityManager: Displayed baseline.appteam.nith.hillffair/.activities.BattleDayActivity: +182ms
08-04 00:27:47.158 16160 16173 I art     : Starting a blocking GC Explicit
08-04 00:27:47.173 16160 16173 I art     : Explicit concurrent mark sweep GC freed 1718(108KB) AllocSpace objects, 1(20KB) LOS objects, 24% free, 48MB/64MB, paused 244us total 14.222ms
08-04 00:27:47.181 16160 16173 I art     : Starting a blocking GC Explicit
08-04 00:27:47.198 16160 16173 I art     : Explicit concurrent mark sweep GC freed 38(1312B) AllocSpace objects, 0(0B) LOS objects, 24% free, 48MB/64MB, paused 201us total 16.766ms
08-04 00:27:47.206 16160 16173 I art     : Starting a blocking GC Explicit
08-04 00:27:47.221 16160 16173 I art     : Explicit concurrent mark sweep GC freed 3(96B) AllocSpace objects, 0(0B) LOS objects, 24% free, 48MB/64MB, paused 193us total 13.996ms
08-04 00:27:47.228 16160 16173 I art     : Starting a blocking GC Explicit
08-04 00:27:47.243 16160 16173 I art     : Explicit concurrent mark sweep GC freed 3(96B) AllocSpace objects, 0(0B) LOS objects, 24% free, 48MB/64MB, paused 202us total 13.858ms
08-04 00:27:47.252 16160 16173 I art     : Starting a blocking GC Explicit
08-04 00:27:47.268 16160 16173 I art     : Explicit concurrent mark sweep GC freed 3(96B) AllocSpace objects, 0(0B) LOS objects, 24% free, 48MB/64MB, paused 594us total 15.535ms
08-04 00:27:47.277   380   380 W SurfaceFlinger: couldn't log to binary event log: overflow.
08-04 00:27:47.491 16160 16393 D OkHttp  : --> GET https://api-hillfair-2k16.herokuapp.com/api/app/events/special http/1.1
08-04 00:27:47.522 16160 16393 D OkHttp  : <-- 200 OK https://api-hillfair-2k16.herokuapp.com/api/app/events/special (30ms, 554-byte body)
08-04 00:27:47.535 16160 16250 I art     : Starting a blocking GC Explicit
08-04 00:27:47.552 16160 16250 I art     : Explicit concurrent mark sweep GC freed 4375(270KB) AllocSpace objects, 4(220KB) LOS objects, 24% free, 48MB/64MB, paused 269us total 17.389ms
08-04 00:27:47.559 16160 16250 I art     : Starting a blocking GC Explicit
08-04 00:27:47.574 16160 16250 I art     : Explicit concurrent mark sweep GC freed 1024(120KB) AllocSpace objects, 0(0B) LOS objects, 24% free, 48MB/64MB, paused 471us total 14.246ms
08-04 00:27:47.580 16160 16160 I NAPPA_EXPERIMENTATION: MetricNetworkRequestExecutionTime: REQUEST_DURATION_SYSTEM='649',REQUEST_DURATION_OKHTTP='30',REQUEST_SYNCHRONOUS='FALSE',RESPONSE_CODE='200',RESPONSE_METHOD='GET',RESPONSE_LENGTH_OKHTTP='554',RESPONSE_LENGTH_HEADER='554',REQUEST_PROTOCOL='http/1.1',REQUEST_URL='https://api-hillfair-2k16.herokuapp.com/api/app/events/special',
08-04 00:27:47.580 16160 16250 I art     : Starting a blocking GC Explicit
08-04 00:27:47.593 16160 16250 I art     : Explicit concurrent mark sweep GC freed 126(40KB) AllocSpace objects, 0(0B) LOS objects, 24% free, 48MB/64MB, paused 175us total 12.121ms
08-04 00:27:47.599 16160 16250 I art     : Starting a blocking GC Explicit
08-04 00:27:47.611 16160 16250 I art     : Explicit concurrent mark sweep GC freed 373(16KB) AllocSpace objects, 0(0B) LOS objects, 24% free, 48MB/64MB, paused 324us total 12.435ms
08-04 00:27:47.617 16160 16250 I art     : Starting a blocking GC Explicit
08-04 00:27:47.629 16160 16250 I art     : Explicit concurrent mark sweep GC freed 222(11KB) AllocSpace objects, 0(0B) LOS objects, 24% free, 48MB/64MB, paused 529us total 12.425ms
08-04 00:27:47.897 16160 16173 I art     : Starting a blocking GC Explicit
08-04 00:27:47.922 16160 16173 I art     : Explicit concurrent mark sweep GC freed 2285(126KB) AllocSpace objects, 1(20KB) LOS objects, 24% free, 48MB/64MB, paused 374us total 24.694ms
08-04 00:27:47.931 16160 16173 I art     : Starting a blocking GC Explicit
08-04 00:27:47.947 16160 16173 I art     : Explicit concurrent mark sweep GC freed 72(2560B) AllocSpace objects, 0(0B) LOS objects, 24% free, 48MB/64MB, paused 457us total 15.931ms
08-04 00:27:47.954 16160 16173 I art     : Starting a blocking GC Explicit
08-04 00:27:47.969 16160 16173 I art     : Explicit concurrent mark sweep GC freed 3(96B) AllocSpace objects, 0(0B) LOS objects, 24% free, 48MB/64MB, paused 286us total 13.993ms
08-04 00:27:47.975 16160 16173 I art     : Starting a blocking GC Explicit
08-04 00:27:47.989 16160 16173 I art     : Explicit concurrent mark sweep GC freed 3(96B) AllocSpace objects, 0(0B) LOS objects, 24% free, 48MB/64MB, paused 280us total 13.556ms
08-04 00:27:47.995 16160 16173 I art     : Starting a blocking GC Explicit
08-04 00:27:48.008 16160 16173 I art     : Explicit concurrent mark sweep GC freed 3(96B) AllocSpace objects, 0(0B) LOS objects, 24% free, 48MB/64MB, paused 291us total 13.397ms
08-04 00:27:48.273 16160 16250 I art     : Starting a blocking GC Explicit
08-04 00:27:48.289 16160 16250 I art     : Explicit concurrent mark sweep GC freed 9487(526KB) AllocSpace objects, 1(20KB) LOS objects, 23% free, 52MB/68MB, paused 288us total 16.433ms
08-04 00:27:48.296 16160 16250 I art     : Starting a blocking GC Explicit
08-04 00:27:48.310 16160 16250 I art     : Explicit concurrent mark sweep GC freed 302(42KB) AllocSpace objects, 0(0B) LOS objects, 23% free, 52MB/68MB, paused 219us total 13.027ms
08-04 00:27:48.316 16160 16250 I art     : Starting a blocking GC Explicit
08-04 00:27:48.329 16160 16250 I art     : Explicit concurrent mark sweep GC freed 15(8KB) AllocSpace objects, 0(0B) LOS objects, 23% free, 52MB/68MB, paused 273us total 13.097ms
08-04 00:27:48.335 16160 16250 I art     : Starting a blocking GC Explicit
08-04 00:27:48.347 16160 16250 I art     : Explicit concurrent mark sweep GC freed 6(192B) AllocSpace objects, 0(0B) LOS objects, 23% free, 52MB/68MB, paused 188us total 12.220ms
08-04 00:27:48.353 16160 16250 I art     : Starting a blocking GC Explicit
08-04 00:27:48.365 16160 16250 I art     : Explicit concurrent mark sweep GC freed 3(96B) AllocSpace objects, 0(0B) LOS objects, 23% free, 52MB/68MB, paused 189us total 11.829ms
08-04 00:27:48.654 16160 16173 I art     : Starting a blocking GC Explicit
08-04 00:27:48.673 16160 16173 I art     : Explicit concurrent mark sweep GC freed 1340(78KB) AllocSpace objects, 1(20KB) LOS objects, 23% free, 52MB/68MB, paused 249us total 17.979ms
08-04 00:27:48.683 16160 16173 I art     : Starting a blocking GC Explicit
08-04 00:27:48.697 16160 16173 I art     : Explicit concurrent mark sweep GC freed 20(704B) AllocSpace objects, 0(0B) LOS objects, 23% free, 52MB/68MB, paused 221us total 14.378ms
08-04 00:27:48.704 16160 16173 I art     : Starting a blocking GC Explicit
08-04 00:27:48.718 16160 16173 I art     : Explicit concurrent mark sweep GC freed 3(96B) AllocSpace objects, 0(0B) LOS objects, 23% free, 52MB/68MB, paused 209us total 13.968ms
08-04 00:27:48.725 16160 16173 I art     : Starting a blocking GC Explicit
08-04 00:27:48.739 16160 16173 I art     : Explicit concurrent mark sweep GC freed 3(96B) AllocSpace objects, 0(0B) LOS objects, 23% free, 52MB/68MB, paused 224us total 14.252ms
08-04 00:27:48.745 16160 16173 I art     : Starting a blocking GC Explicit
08-04 00:27:48.759 16160 16173 I art     : Explicit concurrent mark sweep GC freed 3(96B) AllocSpace objects, 0(0B) LOS objects, 23% free, 52MB/68MB, paused 206us total 13.600ms
08-04 00:27:49.077 16160 16172 I art     : Starting a blocking GC Explicit
08-04 00:27:49.097 16160 16172 I art     : Explicit concurrent mark sweep GC freed 1340(78KB) AllocSpace objects, 1(20KB) LOS objects, 23% free, 52MB/68MB, paused 327us total 19.953ms
08-04 00:27:49.104 16160 16172 I art     : Starting a blocking GC Explicit
08-04 00:27:49.119 16160 16172 I art     : Explicit concurrent mark sweep GC freed 20(704B) AllocSpace objects, 0(0B) LOS objects, 23% free, 52MB/68MB, paused 222us total 14.634ms
08-04 00:27:49.126 16160 16172 I art     : Starting a blocking GC Explicit
08-04 00:27:49.140 16160 16172 I art     : Explicit concurrent mark sweep GC freed 3(96B) AllocSpace objects, 0(0B) LOS objects, 23% free, 52MB/68MB, paused 213us total 13.714ms
08-04 00:27:49.146 16160 16172 I art     : Starting a blocking GC Explicit
08-04 00:27:49.160 16160 16172 I art     : Explicit concurrent mark sweep GC freed 3(96B) AllocSpace objects, 0(0B) LOS objects, 23% free, 52MB/68MB, paused 210us total 13.643ms
08-04 00:27:49.166 16160 16172 I art     : Starting a blocking GC Explicit
08-04 00:27:49.180 16160 16172 I art     : Explicit concurrent mark sweep GC freed 3(96B) AllocSpace objects, 0(0B) LOS objects, 23% free, 52MB/68MB, paused 245us total 13.898ms
08-04 00:27:49.484 16160 16250 I art     : Starting a blocking GC Explicit
08-04 00:27:49.502 16160 16250 I art     : Explicit concurrent mark sweep GC freed 1340(78KB) AllocSpace objects, 1(20KB) LOS objects, 23% free, 52MB/68MB, paused 264us total 17.769ms
08-04 00:27:49.512 16160 16250 I art     : Starting a blocking GC Explicit
08-04 00:27:49.528 16160 16250 I art     : Explicit concurrent mark sweep GC freed 20(704B) AllocSpace objects, 0(0B) LOS objects, 23% free, 52MB/68MB, paused 224us total 14.810ms
08-04 00:27:49.534 16160 16250 I art     : Starting a blocking GC Explicit
08-04 00:27:49.548 16160 16250 I art     : Explicit concurrent mark sweep GC freed 3(96B) AllocSpace objects, 0(0B) LOS objects, 23% free, 52MB/68MB, paused 214us total 13.532ms
08-04 00:27:49.554 16160 16250 I art     : Starting a blocking GC Explicit
08-04 00:27:49.568 16160 16250 I art     : Explicit concurrent mark sweep GC freed 3(96B) AllocSpace objects, 0(0B) LOS objects, 23% free, 52MB/68MB, paused 207us total 13.681ms
08-04 00:27:49.574 16160 16250 I art     : Starting a blocking GC Explicit
08-04 00:27:49.588 16160 16250 I art     : Explicit concurrent mark sweep GC freed 3(96B) AllocSpace objects, 0(0B) LOS objects, 23% free, 52MB/68MB, paused 220us total 13.681ms
08-04 00:27:49.901 16160 16173 I art     : Starting a blocking GC Explicit
08-04 00:27:49.919 16160 16173 I art     : Explicit concurrent mark sweep GC freed 1340(78KB) AllocSpace objects, 1(20KB) LOS objects, 23% free, 52MB/68MB, paused 264us total 17.274ms
08-04 00:27:49.929 16160 16173 I art     : Starting a blocking GC Explicit
08-04 00:27:49.944 16160 16173 I art     : Explicit concurrent mark sweep GC freed 20(704B) AllocSpace objects, 0(0B) LOS objects, 23% free, 52MB/68MB, paused 217us total 14.851ms
08-04 00:27:49.951 16160 16173 I art     : Starting a blocking GC Explicit
08-04 00:27:49.965 16160 16173 I art     : Explicit concurrent mark sweep GC freed 3(96B) AllocSpace objects, 0(0B) LOS objects, 23% free, 52MB/68MB, paused 215us total 13.841ms
08-04 00:27:49.972 16160 16173 I art     : Starting a blocking GC Explicit
08-04 00:27:49.986 16160 16173 I art     : Explicit concurrent mark sweep GC freed 3(96B) AllocSpace objects, 0(0B) LOS objects, 23% free, 52MB/68MB, paused 209us total 13.916ms
08-04 00:27:49.992 16160 16173 I art     : Starting a blocking GC Explicit
08-04 00:27:50.006 16160 16173 I art     : Explicit concurrent mark sweep GC freed 3(96B) AllocSpace objects, 0(0B) LOS objects, 23% free, 52MB/68MB, paused 209us total 13.840ms
08-04 00:27:50.311 16160 16172 I art     : Starting a blocking GC Explicit
08-04 00:27:50.332 16160 16172 I art     : Explicit concurrent mark sweep GC freed 1340(78KB) AllocSpace objects, 1(20KB) LOS objects, 23% free, 52MB/68MB, paused 240us total 19.803ms
08-04 00:27:50.341 16160 16172 I art     : Starting a blocking GC Explicit
08-04 00:27:50.356 16160 16172 I art     : Explicit concurrent mark sweep GC freed 20(704B) AllocSpace objects, 0(0B) LOS objects, 23% free, 52MB/68MB, paused 221us total 14.154ms
08-04 00:27:50.362 16160 16172 I art     : Starting a blocking GC Explicit
08-04 00:27:50.377 16160 16172 I art     : Explicit concurrent mark sweep GC freed 3(96B) AllocSpace objects, 0(0B) LOS objects, 23% free, 52MB/68MB, paused 247us total 14.414ms
08-04 00:27:50.384 16160 16172 I art     : Starting a blocking GC Explicit
08-04 00:27:50.398 16160 16172 I art     : Explicit concurrent mark sweep GC freed 3(96B) AllocSpace objects, 0(0B) LOS objects, 23% free, 52MB/68MB, paused 241us total 14.293ms
08-04 00:27:50.405 16160 16172 I art     : Starting a blocking GC Explicit
08-04 00:27:50.420 16160 16172 I art     : Explicit concurrent mark sweep GC freed 3(96B) AllocSpace objects, 0(0B) LOS objects, 23% free, 52MB/68MB, paused 207us total 14.626ms
08-04 00:27:50.715 16160 16250 I art     : Starting a blocking GC Explicit
08-04 00:27:50.740 16160 16250 I art     : Explicit concurrent mark sweep GC freed 1340(78KB) AllocSpace objects, 1(20KB) LOS objects, 23% free, 52MB/68MB, paused 291us total 24.583ms
08-04 00:27:50.752 16160 16250 I art     : Starting a blocking GC Explicit
08-04 00:27:50.771 16160 16250 I art     : Explicit concurrent mark sweep GC freed 20(704B) AllocSpace objects, 0(0B) LOS objects, 23% free, 52MB/68MB, paused 244us total 17.992ms
08-04 00:27:50.780 16160 16250 I art     : Starting a blocking GC Explicit
08-04 00:27:50.794 16160 16250 I art     : Explicit concurrent mark sweep GC freed 3(96B) AllocSpace objects, 0(0B) LOS objects, 23% free, 52MB/68MB, paused 214us total 13.809ms
08-04 00:27:50.800 16160 16250 I art     : Starting a blocking GC Explicit
08-04 00:27:50.815 16160 16250 I art     : Explicit concurrent mark sweep GC freed 3(96B) AllocSpace objects, 0(0B) LOS objects, 23% free, 52MB/68MB, paused 214us total 14.117ms
08-04 00:27:50.821 16160 16250 I art     : Starting a blocking GC Explicit
08-04 00:27:50.835 16160 16250 I art     : Explicit concurrent mark sweep GC freed 3(96B) AllocSpace objects, 0(0B) LOS objects, 23% free, 52MB/68MB, paused 216us total 13.774ms
08-04 00:27:51.147 16160 16173 I art     : Starting a blocking GC Explicit
08-04 00:27:51.168 16160 16173 I art     : Explicit concurrent mark sweep GC freed 1340(78KB) AllocSpace objects, 1(20KB) LOS objects, 23% free, 52MB/68MB, paused 286us total 20.195ms
08-04 00:27:51.177 16160 16173 I art     : Starting a blocking GC Explicit
08-04 00:27:51.191 16160 16173 I art     : Explicit concurrent mark sweep GC freed 20(704B) AllocSpace objects, 0(0B) LOS objects, 23% free, 52MB/68MB, paused 214us total 14.308ms
08-04 00:27:51.198 16160 16173 I art     : Starting a blocking GC Explicit
08-04 00:27:51.212 16160 16173 I art     : Explicit concurrent mark sweep GC freed 3(96B) AllocSpace objects, 0(0B) LOS objects, 23% free, 52MB/68MB, paused 209us total 14.132ms
08-04 00:27:51.218 16160 16173 I art     : Starting a blocking GC Explicit
08-04 00:27:51.232 16160 16173 I art     : Explicit concurrent mark sweep GC freed 3(96B) AllocSpace objects, 0(0B) LOS objects, 23% free, 52MB/68MB, paused 211us total 13.653ms
08-04 00:27:51.239 16160 16173 I art     : Starting a blocking GC Explicit
08-04 00:27:51.252 16160 16173 I art     : Explicit concurrent mark sweep GC freed 3(96B) AllocSpace objects, 0(0B) LOS objects, 23% free, 52MB/68MB, paused 201us total 13.466ms
08-04 00:27:51.542 16160 16172 I art     : Starting a blocking GC Explicit
08-04 00:27:51.560 16160 16172 I art     : Explicit concurrent mark sweep GC freed 1340(78KB) AllocSpace objects, 1(20KB) LOS objects, 23% free, 52MB/68MB, paused 267us total 17.118ms
08-04 00:27:51.571 16160 16172 I art     : Starting a blocking GC Explicit
08-04 00:27:51.585 16160 16172 I art     : Explicit concurrent mark sweep GC freed 20(704B) AllocSpace objects, 0(0B) LOS objects, 23% free, 52MB/68MB, paused 210us total 13.293ms
08-04 00:27:51.591 16160 16172 I art     : Starting a blocking GC Explicit
08-04 00:27:51.604 16160 16172 I art     : Explicit concurrent mark sweep GC freed 3(96B) AllocSpace objects, 0(0B) LOS objects, 23% free, 52MB/68MB, paused 243us total 13.039ms
08-04 00:27:51.610 16160 16172 I art     : Starting a blocking GC Explicit
08-04 00:27:51.624 16160 16172 I art     : Explicit concurrent mark sweep GC freed 3(96B) AllocSpace objects, 0(0B) LOS objects, 23% free, 52MB/68MB, paused 210us total 13.635ms
08-04 00:27:51.630 16160 16172 I art     : Starting a blocking GC Explicit
08-04 00:27:51.644 16160 16172 I art     : Explicit concurrent mark sweep GC freed 3(96B) AllocSpace objects, 0(0B) LOS objects, 23% free, 52MB/68MB, paused 209us total 13.540ms
08-04 00:27:51.945 16160 16250 I art     : Starting a blocking GC Explicit
08-04 00:27:51.966 16160 16250 I art     : Explicit concurrent mark sweep GC freed 1340(78KB) AllocSpace objects, 1(20KB) LOS objects, 23% free, 52MB/68MB, paused 245us total 19.933ms
08-04 00:27:51.975 16160 16250 I art     : Starting a blocking GC Explicit
08-04 00:27:51.990 16160 16250 I art     : Explicit concurrent mark sweep GC freed 20(704B) AllocSpace objects, 0(0B) LOS objects, 23% free, 52MB/68MB, paused 221us total 14.520ms
08-04 00:27:51.997 16160 16250 I art     : Starting a blocking GC Explicit
08-04 00:27:52.011 16160 16250 I art     : Explicit concurrent mark sweep GC freed 3(96B) AllocSpace objects, 0(0B) LOS objects, 23% free, 52MB/68MB, paused 218us total 14.138ms
08-04 00:27:52.017 16160 16250 I art     : Starting a blocking GC Explicit
08-04 00:27:52.032 16160 16250 I art     : Explicit concurrent mark sweep GC freed 3(96B) AllocSpace objects, 0(0B) LOS objects, 23% free, 52MB/68MB, paused 233us total 13.958ms
08-04 00:27:52.038 16160 16250 I art     : Starting a blocking GC Explicit
08-04 00:27:52.052 16160 16250 I art     : Explicit concurrent mark sweep GC freed 3(96B) AllocSpace objects, 0(0B) LOS objects, 23% free, 52MB/68MB, paused 212us total 13.952ms
08-04 00:27:52.361 16160 16173 I art     : Starting a blocking GC Explicit
08-04 00:27:52.382 16160 16173 I art     : Explicit concurrent mark sweep GC freed 1340(78KB) AllocSpace objects, 1(20KB) LOS objects, 23% free, 52MB/68MB, paused 258us total 20.252ms
08-04 00:27:52.392 16160 16173 I art     : Starting a blocking GC Explicit
08-04 00:27:52.407 16160 16173 I art     : Explicit concurrent mark sweep GC freed 20(704B) AllocSpace objects, 0(0B) LOS objects, 23% free, 52MB/68MB, paused 258us total 14.881ms
08-04 00:27:52.413 16160 16173 I art     : Starting a blocking GC Explicit
08-04 00:27:52.428 16160 16173 I art     : Explicit concurrent mark sweep GC freed 3(96B) AllocSpace objects, 0(0B) LOS objects, 23% free, 52MB/68MB, paused 213us total 14.007ms
08-04 00:27:52.434 16160 16173 I art     : Starting a blocking GC Explicit
08-04 00:27:52.448 16160 16173 I art     : Explicit concurrent mark sweep GC freed 3(96B) AllocSpace objects, 0(0B) LOS objects, 23% free, 52MB/68MB, paused 210us total 13.917ms
08-04 00:27:52.455 16160 16173 I art     : Starting a blocking GC Explicit
08-04 00:27:52.469 16160 16173 I art     : Explicit concurrent mark sweep GC freed 3(96B) AllocSpace objects, 0(0B) LOS objects, 23% free, 52MB/68MB, paused 217us total 13.970ms
08-04 00:27:52.762 16160 16172 I art     : Starting a blocking GC Explicit
08-04 00:27:52.781 16160 16172 I art     : Explicit concurrent mark sweep GC freed 1340(78KB) AllocSpace objects, 1(20KB) LOS objects, 23% free, 52MB/68MB, paused 232us total 18.807ms
08-04 00:27:52.790 16160 16172 I art     : Starting a blocking GC Explicit
08-04 00:27:52.804 16160 16172 I art     : Explicit concurrent mark sweep GC freed 20(704B) AllocSpace objects, 0(0B) LOS objects, 23% free, 52MB/68MB, paused 205us total 14.041ms
08-04 00:27:52.811 16160 16172 I art     : Starting a blocking GC Explicit
08-04 00:27:52.825 16160 16172 I art     : Explicit concurrent mark sweep GC freed 3(96B) AllocSpace objects, 0(0B) LOS objects, 23% free, 52MB/68MB, paused 204us total 14.110ms
08-04 00:27:52.831 16160 16172 I art     : Starting a blocking GC Explicit
08-04 00:27:52.845 16160 16172 I art     : Explicit concurrent mark sweep GC freed 3(96B) AllocSpace objects, 0(0B) LOS objects, 23% free, 52MB/68MB, paused 204us total 13.471ms
08-04 00:27:52.851 16160 16172 I art     : Starting a blocking GC Explicit
08-04 00:27:52.865 16160 16172 I art     : Explicit concurrent mark sweep GC freed 3(96B) AllocSpace objects, 0(0B) LOS objects, 23% free, 52MB/68MB, paused 203us total 13.337ms
08-04 00:27:53.072   918  3261 D WifiStateMachine: starting scan for "H369AA63323"WPA_PSK with 2412,5180
08-04 00:27:53.181 16160 16250 I art     : Starting a blocking GC Explicit
08-04 00:27:53.202 16160 16250 I art     : Explicit concurrent mark sweep GC freed 1340(78KB) AllocSpace objects, 1(20KB) LOS objects, 23% free, 52MB/68MB, paused 262us total 20.381ms
08-04 00:27:53.213 16160 16250 I art     : Starting a blocking GC Explicit
08-04 00:27:53.231 16160 16250 I art     : Explicit concurrent mark sweep GC freed 20(704B) AllocSpace objects, 0(0B) LOS objects, 23% free, 52MB/68MB, paused 238us total 18.056ms
08-04 00:27:53.240 16160 16250 I art     : Starting a blocking GC Explicit
08-04 00:27:53.255 16160 16250 I art     : Explicit concurrent mark sweep GC freed 3(96B) AllocSpace objects, 0(0B) LOS objects, 23% free, 52MB/68MB, paused 199us total 14.304ms
08-04 00:27:53.262 16160 16250 I art     : Starting a blocking GC Explicit
08-04 00:27:53.276 16160 16250 I art     : Explicit concurrent mark sweep GC freed 3(96B) AllocSpace objects, 0(0B) LOS objects, 23% free, 52MB/68MB, paused 216us total 14.333ms
08-04 00:27:53.283 16160 16250 I art     : Starting a blocking GC Explicit
08-04 00:27:53.297 16160 16250 I art     : Explicit concurrent mark sweep GC freed 3(96B) AllocSpace objects, 0(0B) LOS objects, 23% free, 52MB/68MB, paused 239us total 13.605ms
08-04 00:27:53.609 16160 16173 I art     : Starting a blocking GC Explicit
08-04 00:27:53.633 16160 16173 I art     : Explicit concurrent mark sweep GC freed 1340(78KB) AllocSpace objects, 1(20KB) LOS objects, 23% free, 52MB/68MB, paused 303us total 23.559ms
08-04 00:27:53.643 16160 16173 I art     : Starting a blocking GC Explicit
08-04 00:27:53.660 16160 16173 I art     : Explicit concurrent mark sweep GC freed 20(704B) AllocSpace objects, 0(0B) LOS objects, 23% free, 52MB/68MB, paused 213us total 16.325ms
08-04 00:27:53.667 16160 16173 I art     : Starting a blocking GC Explicit
08-04 00:27:53.681 16160 16173 I art     : Explicit concurrent mark sweep GC freed 3(96B) AllocSpace objects, 0(0B) LOS objects, 23% free, 52MB/68MB, paused 220us total 14.149ms
08-04 00:27:53.688 16160 16173 I art     : Starting a blocking GC Explicit
08-04 00:27:53.702 16160 16173 I art     : Explicit concurrent mark sweep GC freed 3(96B) AllocSpace objects, 0(0B) LOS objects, 23% free, 52MB/68MB, paused 219us total 14.108ms
08-04 00:27:53.709 16160 16173 I art     : Starting a blocking GC Explicit
08-04 00:27:53.723 16160 16173 I art     : Explicit concurrent mark sweep GC freed 3(96B) AllocSpace objects, 0(0B) LOS objects, 23% free, 52MB/68MB, paused 216us total 14.140ms
08-04 00:27:54.033 16160 16172 I art     : Starting a blocking GC Explicit
08-04 00:27:54.054 16160 16172 I art     : Explicit concurrent mark sweep GC freed 1340(78KB) AllocSpace objects, 1(20KB) LOS objects, 23% free, 52MB/68MB, paused 272us total 20.163ms
08-04 00:27:54.063 16160 16172 I art     : Starting a blocking GC Explicit
08-04 00:27:54.077 16160 16172 I art     : Explicit concurrent mark sweep GC freed 20(704B) AllocSpace objects, 0(0B) LOS objects, 23% free, 52MB/68MB, paused 214us total 14.309ms
08-04 00:27:54.084 16160 16172 I art     : Starting a blocking GC Explicit
08-04 00:27:54.099 16160 16172 I art     : Explicit concurrent mark sweep GC freed 3(96B) AllocSpace objects, 0(0B) LOS objects, 23% free, 52MB/68MB, paused 204us total 13.783ms
08-04 00:27:54.105 16160 16172 I art     : Starting a blocking GC Explicit
08-04 00:27:54.119 16160 16172 I art     : Explicit concurrent mark sweep GC freed 3(96B) AllocSpace objects, 0(0B) LOS objects, 23% free, 52MB/68MB, paused 218us total 13.574ms
08-04 00:27:54.125 16160 16172 I art     : Starting a blocking GC Explicit
08-04 00:27:54.139 16160 16172 I art     : Explicit concurrent mark sweep GC freed 3(96B) AllocSpace objects, 0(0B) LOS objects, 23% free, 52MB/68MB, paused 205us total 13.519ms
08-04 00:27:54.448 16160 16250 I art     : Starting a blocking GC Explicit
08-04 00:27:54.469 16160 16250 I art     : Explicit concurrent mark sweep GC freed 1340(78KB) AllocSpace objects, 1(20KB) LOS objects, 23% free, 52MB/68MB, paused 258us total 20.796ms
08-04 00:27:54.479 16160 16250 I art     : Starting a blocking GC Explicit
08-04 00:27:54.496 16160 16250 I art     : Explicit concurrent mark sweep GC freed 20(704B) AllocSpace objects, 0(0B) LOS objects, 23% free, 52MB/68MB, paused 209us total 16.743ms
08-04 00:27:54.503 16160 16250 I art     : Starting a blocking GC Explicit
08-04 00:27:54.517 16160 16250 I art     : Explicit concurrent mark sweep GC freed 3(96B) AllocSpace objects, 0(0B) LOS objects, 23% free, 52MB/68MB, paused 237us total 14.084ms
08-04 00:27:54.524 16160 16250 I art     : Starting a blocking GC Explicit
08-04 00:27:54.538 16160 16250 I art     : Explicit concurrent mark sweep GC freed 3(96B) AllocSpace objects, 0(0B) LOS objects, 23% free, 52MB/68MB, paused 214us total 13.796ms
08-04 00:27:54.544 16160 16250 I art     : Starting a blocking GC Explicit
08-04 00:27:54.557 16160 16250 I art     : Explicit concurrent mark sweep GC freed 3(96B) AllocSpace objects, 0(0B) LOS objects, 23% free, 52MB/68MB, paused 216us total 13.160ms
08-04 00:27:54.843 16160 16173 I art     : Starting a blocking GC Explicit
08-04 00:27:54.858 16160 16173 I art     : Explicit concurrent mark sweep GC freed 1340(78KB) AllocSpace objects, 1(20KB) LOS objects, 23% free, 52MB/68MB, paused 230us total 14.778ms
08-04 00:27:54.865 16160 16173 I art     : Starting a blocking GC Explicit
08-04 00:27:54.879 16160 16173 I art     : Explicit concurrent mark sweep GC freed 20(704B) AllocSpace objects, 0(0B) LOS objects, 23% free, 52MB/68MB, paused 211us total 14.305ms
08-04 00:27:54.886 16160 16173 I art     : Starting a blocking GC Explicit
08-04 00:27:54.900 16160 16173 I art     : Explicit concurrent mark sweep GC freed 3(96B) AllocSpace objects, 0(0B) LOS objects, 23% free, 52MB/68MB, paused 205us total 13.977ms
08-04 00:27:54.906 16160 16173 I art     : Starting a blocking GC Explicit
08-04 00:27:54.920 16160 16173 I art     : Explicit concurrent mark sweep GC freed 3(96B) AllocSpace objects, 0(0B) LOS objects, 23% free, 52MB/68MB, paused 203us total 13.934ms
08-04 00:27:54.927 16160 16173 I art     : Starting a blocking GC Explicit
08-04 00:27:54.941 16160 16173 I art     : Explicit concurrent mark sweep GC freed 3(96B) AllocSpace objects, 0(0B) LOS objects, 23% free, 52MB/68MB, paused 216us total 13.551ms
08-04 00:27:55.210 16160 16172 I art     : Starting a blocking GC Explicit
08-04 00:27:55.225 16160 16172 I art     : Explicit concurrent mark sweep GC freed 1340(78KB) AllocSpace objects, 1(20KB) LOS objects, 23% free, 52MB/68MB, paused 250us total 14.035ms
08-04 00:27:55.231 16160 16172 I art     : Starting a blocking GC Explicit
08-04 00:27:55.245 16160 16172 I art     : Explicit concurrent mark sweep GC freed 20(704B) AllocSpace objects, 0(0B) LOS objects, 23% free, 52MB/68MB, paused 212us total 13.619ms
08-04 00:27:55.251 16160 16172 I art     : Starting a blocking GC Explicit
08-04 00:27:55.265 16160 16172 I art     : Explicit concurrent mark sweep GC freed 3(96B) AllocSpace objects, 0(0B) LOS objects, 23% free, 52MB/68MB, paused 211us total 13.135ms
08-04 00:27:55.271 16160 16172 I art     : Starting a blocking GC Explicit
08-04 00:27:55.284 16160 16172 I art     : Explicit concurrent mark sweep GC freed 3(96B) AllocSpace objects, 0(0B) LOS objects, 23% free, 52MB/68MB, paused 202us total 13.297ms
08-04 00:27:55.290 16160 16172 I art     : Starting a blocking GC Explicit
08-04 00:27:55.304 16160 16172 I art     : Explicit concurrent mark sweep GC freed 3(96B) AllocSpace objects, 0(0B) LOS objects, 23% free, 52MB/68MB, paused 215us total 13.303ms
08-04 00:27:55.434 16606 16606 D AndroidRuntime: >>>>>> START com.android.internal.os.RuntimeInit uid 2000 <<<<<<
08-04 00:27:55.439 16606 16606 D AndroidRuntime: CheckJNI is OFF
08-04 00:27:55.465 16606 16606 D ICU     : No timezone override file found: /data/misc/zoneinfo/current/icu/icu_tzdata.dat
08-04 00:27:55.489 16606 16606 I Radio-JNI: register_android_hardware_Radio DONE
08-04 00:27:55.505 16606 16606 D AndroidRuntime: Calling main entry com.android.commands.input.Input
08-04 00:27:55.507 16606 16606 I Input   : injectMotionEvent: MotionEvent { action=ACTION_DOWN, actionButton=0, id[0]=0, x[0]=733.0, y[0]=645.0, toolType[0]=TOOL_TYPE_UNKNOWN, buttonState=0, metaState=0, flags=0x0, edgeFlags=0x0, pointerCount=1, historySize=0, eventTime=664091919, downTime=664091919, deviceId=0, source=0x1002 }
08-04 00:27:55.511 16606 16606 I Input   : injectMotionEvent: MotionEvent { action=ACTION_UP, actionButton=0, id[0]=0, x[0]=733.0, y[0]=645.0, toolType[0]=TOOL_TYPE_UNKNOWN, buttonState=0, metaState=0, flags=0x0, edgeFlags=0x0, pointerCount=1, historySize=0, eventTime=664091919, downTime=664091919, deviceId=0, source=0x1002 }
08-04 00:27:55.513   918  5132 I ActivityManager: START u0 {cmp=baseline.appteam.nith.hillffair/.activities.ClubActivity (has extras)} from uid 10651 on display 0
08-04 00:27:55.520 16606 16606 D AndroidRuntime: Shutting down VM
08-04 00:27:55.568 16160 16250 I art     : Starting a blocking GC Explicit
08-04 00:27:55.584 16160 16250 I art     : Explicit concurrent mark sweep GC freed 5010(316KB) AllocSpace objects, 1(20KB) LOS objects, 23% free, 52MB/68MB, paused 330us total 16.026ms
08-04 00:27:55.590 16160 16250 I art     : Starting a blocking GC Explicit
08-04 00:27:55.603 16160 16250 I art     : Explicit concurrent mark sweep GC freed 202(9KB) AllocSpace objects, 0(0B) LOS objects, 23% free, 52MB/68MB, paused 260us total 13.014ms
08-04 00:27:55.610 16160 16250 I art     : Starting a blocking GC Explicit
08-04 00:27:55.624 16160 16250 I art     : Explicit concurrent mark sweep GC freed 152(5KB) AllocSpace objects, 0(0B) LOS objects, 23% free, 52MB/68MB, paused 388us total 14.111ms
08-04 00:27:55.627   918   936 I ActivityManager: Displayed baseline.appteam.nith.hillffair/.activities.ClubActivity: +108ms
08-04 00:27:55.628 13866 13866 I GoogleInputMethodServic: GoogleInputMethodService.onFinishInput():3138 
08-04 00:27:55.628 13866 13866 I GoogleInputMethodServic: GoogleInputMethodService.onStartInput():1808 
08-04 00:27:55.631 16160 16250 I art     : Starting a blocking GC Explicit
08-04 00:27:55.646 16160 16250 I art     : Explicit concurrent mark sweep GC freed 40(1600B) AllocSpace objects, 0(0B) LOS objects, 23% free, 52MB/68MB, paused 280us total 14.846ms
08-04 00:27:55.653 16160 16250 I art     : Starting a blocking GC Explicit
08-04 00:27:55.668 16160 16250 I art     : Explicit concurrent mark sweep GC freed 27(1328B) AllocSpace objects, 0(0B) LOS objects, 23% free, 52MB/68MB, paused 257us total 14.086ms
08-04 00:27:55.887   380   380 W SurfaceFlinger: couldn't log to binary event log: overflow.
08-04 00:27:55.936 16160 16172 I art     : Starting a blocking GC Explicit
08-04 00:27:55.950 16160 16172 I art     : Explicit concurrent mark sweep GC freed 1405(83KB) AllocSpace objects, 1(20KB) LOS objects, 23% free, 52MB/68MB, paused 250us total 13.869ms
08-04 00:27:55.956 16160 16172 I art     : Starting a blocking GC Explicit
08-04 00:27:55.969 16160 16172 I art     : Explicit concurrent mark sweep GC freed 20(704B) AllocSpace objects, 0(0B) LOS objects, 23% free, 52MB/68MB, paused 227us total 13.120ms
08-04 00:27:55.975 16160 16172 I art     : Starting a blocking GC Explicit
08-04 00:27:55.988 16160 16172 I art     : Explicit concurrent mark sweep GC freed 3(96B) AllocSpace objects, 0(0B) LOS objects, 23% free, 52MB/68MB, paused 225us total 13.320ms
08-04 00:27:55.995 16160 16172 I art     : Starting a blocking GC Explicit
08-04 00:27:56.009 16160 16172 I art     : Explicit concurrent mark sweep GC freed 109(6KB) AllocSpace objects, 0(0B) LOS objects, 23% free, 52MB/68MB, paused 358us total 14.027ms
08-04 00:27:56.017 16160 16172 I art     : Starting a blocking GC Explicit
08-04 00:27:56.032 16160 16172 I art     : Explicit concurrent mark sweep GC freed 9(320B) AllocSpace objects, 0(0B) LOS objects, 23% free, 52MB/68MB, paused 261us total 14.956ms
08-04 00:27:56.302 16160 16637 D OkHttp  : --> GET https://api-hillfair-2k16.herokuapp.com/api/app/events/special/event?id=5806551bdcba0f490c70fd1f http/1.1
08-04 00:27:56.313 16160 16648 I art     : Starting a blocking GC Explicit
08-04 00:27:56.332 16160 16637 D OkHttp  : <-- 200 OK https://api-hillfair-2k16.herokuapp.com/api/app/events/special/event?id=5806551bdcba0f490c70fd1f (30ms, 795-byte body)
08-04 00:27:56.334 16160 16648 I art     : Explicit concurrent mark sweep GC freed 4003(214KB) AllocSpace objects, 4(220KB) LOS objects, 23% free, 52MB/68MB, paused 328us total 20.648ms
08-04 00:27:56.341 16160 16648 I art     : Starting a blocking GC Explicit
08-04 00:27:56.357 16160 16648 I art     : Explicit concurrent mark sweep GC freed 1188(154KB) AllocSpace objects, 0(0B) LOS objects, 23% free, 52MB/68MB, paused 271us total 15.862ms
08-04 00:27:56.364 16160 16648 I art     : Starting a blocking GC Explicit
08-04 00:27:56.377 16160 16648 I art     : Explicit concurrent mark sweep GC freed 32(1280B) AllocSpace objects, 0(0B) LOS objects, 23% free, 52MB/68MB, paused 252us total 13.145ms
08-04 00:27:56.383 16160 16648 I art     : Starting a blocking GC Explicit
08-04 00:27:56.389 16160 16160 I NAPPA_EXPERIMENTATION: MetricNetworkRequestExecutionTime: REQUEST_DURATION_SYSTEM='822',REQUEST_DURATION_OKHTTP='30',REQUEST_SYNCHRONOUS='FALSE',RESPONSE_CODE='200',RESPONSE_METHOD='GET',RESPONSE_LENGTH_OKHTTP='795',RESPONSE_LENGTH_HEADER='795',REQUEST_PROTOCOL='http/1.1',REQUEST_URL='https://api-hillfair-2k16.herokuapp.com/api/app/events/special/event?id=5806551bdcba0f490c70fd1f',
08-04 00:27:56.395 16160 16648 I art     : Explicit concurrent mark sweep GC freed 517(61KB) AllocSpace objects, 0(0B) LOS objects, 23% free, 52MB/68MB, paused 257us total 12.369ms
08-04 00:27:56.401 16160 16648 I art     : Starting a blocking GC Explicit
08-04 00:27:56.415 16160 16648 I art     : Explicit concurrent mark sweep GC freed 105(6KB) AllocSpace objects, 0(0B) LOS objects, 23% free, 52MB/68MB, paused 290us total 13.549ms
08-04 00:27:56.683 16160 16173 I art     : Starting a blocking GC Explicit
08-04 00:27:56.700 16160 16173 I art     : Explicit concurrent mark sweep GC freed 1405(100KB) AllocSpace objects, 1(20KB) LOS objects, 23% free, 52MB/68MB, paused 290us total 16.542ms
08-04 00:27:56.707 16160 16173 I art     : Starting a blocking GC Explicit
08-04 00:27:56.722 16160 16173 I art     : Explicit concurrent mark sweep GC freed 25(880B) AllocSpace objects, 0(0B) LOS objects, 23% free, 52MB/68MB, paused 220us total 15.033ms
08-04 00:27:56.730 16160 16173 I art     : Starting a blocking GC Explicit
08-04 00:27:56.743 16160 16173 I art     : Explicit concurrent mark sweep GC freed 3(96B) AllocSpace objects, 0(0B) LOS objects, 23% free, 52MB/68MB, paused 205us total 12.900ms
08-04 00:27:56.749 16160 16173 I art     : Starting a blocking GC Explicit
08-04 00:27:56.762 16160 16173 I art     : Explicit concurrent mark sweep GC freed 3(96B) AllocSpace objects, 0(0B) LOS objects, 23% free, 52MB/68MB, paused 218us total 12.917ms
08-04 00:27:56.768 16160 16173 I art     : Starting a blocking GC Explicit
08-04 00:27:56.781 16160 16173 I art     : Explicit concurrent mark sweep GC freed 3(96B) AllocSpace objects, 0(0B) LOS objects, 23% free, 52MB/68MB, paused 221us total 13.443ms
08-04 00:27:57.063 16160 16172 I art     : Starting a blocking GC Explicit
08-04 00:27:57.085 16160 16172 I art     : Explicit concurrent mark sweep GC freed 1357(78KB) AllocSpace objects, 1(20KB) LOS objects, 23% free, 52MB/68MB, paused 264us total 21.622ms
08-04 00:27:57.095 16160 16172 I art     : Starting a blocking GC Explicit
08-04 00:27:57.115 16160 16172 I art     : Explicit concurrent mark sweep GC freed 20(704B) AllocSpace objects, 0(0B) LOS objects, 23% free, 52MB/68MB, paused 240us total 18.971ms
08-04 00:27:57.124 16160 16172 I art     : Starting a blocking GC Explicit
08-04 00:27:57.139 16160 16172 I art     : Explicit concurrent mark sweep GC freed 3(96B) AllocSpace objects, 0(0B) LOS objects, 23% free, 52MB/68MB, paused 230us total 15.495ms
08-04 00:27:57.146 16160 16172 I art     : Starting a blocking GC Explicit
08-04 00:27:57.161 16160 16172 I art     : Explicit concurrent mark sweep GC freed 3(96B) AllocSpace objects, 0(0B) LOS objects, 23% free, 52MB/68MB, paused 218us total 14.889ms
08-04 00:27:57.168 16160 16172 I art     : Starting a blocking GC Explicit
08-04 00:27:57.182 16160 16172 I art     : Explicit concurrent mark sweep GC freed 3(96B) AllocSpace objects, 0(0B) LOS objects, 23% free, 52MB/68MB, paused 224us total 14.512ms
08-04 00:27:57.505 16160 16173 I art     : Starting a blocking GC Explicit
08-04 00:27:57.531 16160 16173 I art     : Explicit concurrent mark sweep GC freed 1341(78KB) AllocSpace objects, 1(20KB) LOS objects, 23% free, 52MB/68MB, paused 263us total 25.517ms
08-04 00:27:57.544 16160 16173 I art     : Starting a blocking GC Explicit
08-04 00:27:57.559 16160 16173 I art     : Explicit concurrent mark sweep GC freed 20(704B) AllocSpace objects, 0(0B) LOS objects, 23% free, 52MB/68MB, paused 228us total 14.906ms
08-04 00:27:57.565 16160 16173 I art     : Starting a blocking GC Explicit
08-04 00:27:57.580 16160 16173 I art     : Explicit concurrent mark sweep GC freed 3(96B) AllocSpace objects, 0(0B) LOS objects, 23% free, 52MB/68MB, paused 245us total 14.408ms
08-04 00:27:57.586 16160 16173 I art     : Starting a blocking GC Explicit
08-04 00:27:57.601 16160 16173 I art     : Explicit concurrent mark sweep GC freed 3(96B) AllocSpace objects, 0(0B) LOS objects, 23% free, 52MB/68MB, paused 221us total 14.482ms
08-04 00:27:57.607 16160 16173 I art     : Starting a blocking GC Explicit
08-04 00:27:57.622 16160 16173 I art     : Explicit concurrent mark sweep GC freed 3(96B) AllocSpace objects, 0(0B) LOS objects, 23% free, 52MB/68MB, paused 225us total 14.517ms
08-04 00:27:57.921 16160 16250 I art     : Starting a blocking GC Explicit
08-04 00:27:57.942 16160 16250 I art     : Explicit concurrent mark sweep GC freed 1341(78KB) AllocSpace objects, 1(20KB) LOS objects, 23% free, 52MB/68MB, paused 331us total 20.036ms
08-04 00:27:57.951 16160 16250 I art     : Starting a blocking GC Explicit
08-04 00:27:57.966 16160 16250 I art     : Explicit concurrent mark sweep GC freed 20(704B) AllocSpace objects, 0(0B) LOS objects, 23% free, 52MB/68MB, paused 232us total 14.762ms
08-04 00:27:57.972 16160 16250 I art     : Starting a blocking GC Explicit
08-04 00:27:57.987 16160 16250 I art     : Explicit concurrent mark sweep GC freed 3(96B) AllocSpace objects, 0(0B) LOS objects, 23% free, 52MB/68MB, paused 253us total 14.838ms
08-04 00:27:57.994 16160 16250 I art     : Starting a blocking GC Explicit
08-04 00:27:58.009 16160 16250 I art     : Explicit concurrent mark sweep GC freed 3(96B) AllocSpace objects, 0(0B) LOS objects, 23% free, 52MB/68MB, paused 221us total 14.646ms
08-04 00:27:58.015 16160 16250 I art     : Starting a blocking GC Explicit
08-04 00:27:58.030 16160 16250 I art     : Explicit concurrent mark sweep GC freed 3(96B) AllocSpace objects, 0(0B) LOS objects, 23% free, 52MB/68MB, paused 236us total 14.629ms
08-04 00:27:58.348 16160 16648 I art     : Starting a blocking GC Explicit
08-04 00:27:58.370 16160 16648 I art     : Explicit concurrent mark sweep GC freed 1341(78KB) AllocSpace objects, 1(20KB) LOS objects, 23% free, 52MB/68MB, paused 319us total 21.680ms
08-04 00:27:58.380 16160 16648 I art     : Starting a blocking GC Explicit
08-04 00:27:58.397 16160 16648 I art     : Explicit concurrent mark sweep GC freed 20(704B) AllocSpace objects, 0(0B) LOS objects, 23% free, 52MB/68MB, paused 307us total 16.124ms
08-04 00:27:58.403 16160 16648 I art     : Starting a blocking GC Explicit
08-04 00:27:58.418 16160 16648 I art     : Explicit concurrent mark sweep GC freed 3(96B) AllocSpace objects, 0(0B) LOS objects, 23% free, 52MB/68MB, paused 221us total 14.876ms
08-04 00:27:58.425 16160 16648 I art     : Starting a blocking GC Explicit
08-04 00:27:58.440 16160 16648 I art     : Explicit concurrent mark sweep GC freed 3(96B) AllocSpace objects, 0(0B) LOS objects, 23% free, 52MB/68MB, paused 249us total 14.803ms
08-04 00:27:58.447 16160 16648 I art     : Starting a blocking GC Explicit
08-04 00:27:58.462 16160 16648 I art     : Explicit concurrent mark sweep GC freed 3(96B) AllocSpace objects, 0(0B) LOS objects, 23% free, 52MB/68MB, paused 221us total 14.956ms
08-04 00:27:58.772 16160 16172 I art     : Starting a blocking GC Explicit
08-04 00:27:58.793 16160 16172 I art     : Explicit concurrent mark sweep GC freed 1341(78KB) AllocSpace objects, 1(20KB) LOS objects, 23% free, 52MB/68MB, paused 267us total 20.998ms
08-04 00:27:58.803 16160 16172 I art     : Starting a blocking GC Explicit
08-04 00:27:58.823 16160 16172 I art     : Explicit concurrent mark sweep GC freed 20(704B) AllocSpace objects, 0(0B) LOS objects, 23% free, 52MB/68MB, paused 289us total 19.276ms
08-04 00:27:58.831 16160 16172 I art     : Starting a blocking GC Explicit
08-04 00:27:58.847 16160 16172 I art     : Explicit concurrent mark sweep GC freed 3(96B) AllocSpace objects, 0(0B) LOS objects, 23% free, 52MB/68MB, paused 232us total 14.925ms
08-04 00:27:58.853 16160 16172 I art     : Starting a blocking GC Explicit
08-04 00:27:58.868 16160 16172 I art     : Explicit concurrent mark sweep GC freed 3(96B) AllocSpace objects, 0(0B) LOS objects, 23% free, 52MB/68MB, paused 223us total 15.015ms
08-04 00:27:58.875 16160 16172 I art     : Starting a blocking GC Explicit
08-04 00:27:58.890 16160 16172 I art     : Explicit concurrent mark sweep GC freed 3(96B) AllocSpace objects, 0(0B) LOS objects, 23% free, 52MB/68MB, paused 199us total 14.073ms
08-04 00:27:59.210 16160 16173 I art     : Starting a blocking GC Explicit
08-04 00:27:59.235 16160 16173 I art     : Explicit concurrent mark sweep GC freed 1341(78KB) AllocSpace objects, 1(20KB) LOS objects, 23% free, 52MB/68MB, paused 277us total 24.797ms
08-04 00:27:59.247 16160 16173 I art     : Starting a blocking GC Explicit
08-04 00:27:59.262 16160 16173 I art     : Explicit concurrent mark sweep GC freed 20(704B) AllocSpace objects, 0(0B) LOS objects, 23% free, 52MB/68MB, paused 227us total 14.716ms
08-04 00:27:59.267   918 13198 D NetlinkSocketObserver: NeighborEvent{elapsedMs=1647483141, 192.168.2.254, [7C3953A63323], RTM_NEWNEIGH, NUD_STALE}
08-04 00:27:59.268 16160 16173 I art     : Starting a blocking GC Explicit
08-04 00:27:59.282 16160 16173 I art     : Explicit concurrent mark sweep GC freed 3(96B) AllocSpace objects, 0(0B) LOS objects, 23% free, 52MB/68MB, paused 216us total 13.844ms
08-04 00:27:59.289 16160 16173 I art     : Starting a blocking GC Explicit
08-04 00:27:59.302 16160 16173 I art     : Explicit concurrent mark sweep GC freed 3(96B) AllocSpace objects, 0(0B) LOS objects, 23% free, 52MB/68MB, paused 258us total 13.495ms
08-04 00:27:59.309 16160 16173 I art     : Starting a blocking GC Explicit
08-04 00:27:59.323 16160 16173 I art     : Explicit concurrent mark sweep GC freed 3(96B) AllocSpace objects, 0(0B) LOS objects, 23% free, 52MB/68MB, paused 222us total 14.069ms
08-04 00:27:59.626 16160 16250 I art     : Starting a blocking GC Explicit
08-04 00:27:59.648 16160 16250 I art     : Explicit concurrent mark sweep GC freed 1341(78KB) AllocSpace objects, 1(20KB) LOS objects, 23% free, 52MB/68MB, paused 279us total 21.356ms
08-04 00:27:59.659 16160 16250 I art     : Starting a blocking GC Explicit
08-04 00:27:59.678 16160 16250 I art     : Explicit concurrent mark sweep GC freed 20(704B) AllocSpace objects, 0(0B) LOS objects, 23% free, 52MB/68MB, paused 284us total 18.697ms
08-04 00:27:59.685 16160 16250 I art     : Starting a blocking GC Explicit
08-04 00:27:59.701 16160 16250 I art     : Explicit concurrent mark sweep GC freed 3(96B) AllocSpace objects, 0(0B) LOS objects, 23% free, 52MB/68MB, paused 240us total 15.309ms
08-04 00:27:59.708 16160 16250 I art     : Starting a blocking GC Explicit
08-04 00:27:59.723 16160 16250 I art     : Explicit concurrent mark sweep GC freed 3(96B) AllocSpace objects, 0(0B) LOS objects, 23% free, 52MB/68MB, paused 228us total 14.983ms
08-04 00:27:59.729 16160 16250 I art     : Starting a blocking GC Explicit
08-04 00:27:59.744 16160 16250 I art     : Explicit concurrent mark sweep GC freed 3(96B) AllocSpace objects, 0(0B) LOS objects, 23% free, 52MB/68MB, paused 222us total 14.696ms
08-04 00:28:00.042 16160 16648 I art     : Starting a blocking GC Explicit
08-04 00:28:00.059 16160 16648 I art     : Explicit concurrent mark sweep GC freed 1341(78KB) AllocSpace objects, 1(20KB) LOS objects, 23% free, 52MB/68MB, paused 278us total 16.136ms
08-04 00:28:00.066 16160 16648 I art     : Starting a blocking GC Explicit
08-04 00:28:00.080 16160 16648 I art     : Explicit concurrent mark sweep GC freed 20(704B) AllocSpace objects, 0(0B) LOS objects, 23% free, 52MB/68MB, paused 192us total 14.270ms
08-04 00:28:00.086 16160 16648 I art     : Starting a blocking GC Explicit
08-04 00:28:00.098 16160 16648 I art     : Explicit concurrent mark sweep GC freed 3(96B) AllocSpace objects, 0(0B) LOS objects, 23% free, 52MB/68MB, paused 238us total 12.210ms
08-04 00:28:00.104 16160 16648 I art     : Starting a blocking GC Explicit
08-04 00:28:00.116 16160 16648 I art     : Explicit concurrent mark sweep GC freed 3(96B) AllocSpace objects, 0(0B) LOS objects, 23% free, 52MB/68MB, paused 237us total 12.587ms
08-04 00:28:00.122 16160 16648 I art     : Starting a blocking GC Explicit
08-04 00:28:00.136 16160 16648 I art     : Explicit concurrent mark sweep GC freed 3(96B) AllocSpace objects, 0(0B) LOS objects, 23% free, 52MB/68MB, paused 211us total 13.348ms
08-04 00:28:00.435 16160 16172 I art     : Starting a blocking GC Explicit
08-04 00:28:00.457 16160 16172 I art     : Explicit concurrent mark sweep GC freed 1341(78KB) AllocSpace objects, 1(20KB) LOS objects, 23% free, 52MB/68MB, paused 267us total 21.474ms
08-04 00:28:00.468 16160 16172 I art     : Starting a blocking GC Explicit
08-04 00:28:00.487 16160 16172 I art     : Explicit concurrent mark sweep GC freed 20(704B) AllocSpace objects, 0(0B) LOS objects, 23% free, 52MB/68MB, paused 326us total 18.749ms
08-04 00:28:00.497 16160 16172 I art     : Starting a blocking GC Explicit
08-04 00:28:00.512 16160 16172 I art     : Explicit concurrent mark sweep GC freed 3(96B) AllocSpace objects, 0(0B) LOS objects, 23% free, 52MB/68MB, paused 219us total 15.287ms
08-04 00:28:00.519 16160 16172 I art     : Starting a blocking GC Explicit
08-04 00:28:00.535 16160 16172 I art     : Explicit concurrent mark sweep GC freed 3(96B) AllocSpace objects, 0(0B) LOS objects, 23% free, 52MB/68MB, paused 229us total 15.409ms
08-04 00:28:00.542 16160 16172 I art     : Starting a blocking GC Explicit
08-04 00:28:00.557 16160 16172 I art     : Explicit concurrent mark sweep GC freed 3(96B) AllocSpace objects, 0(0B) LOS objects, 23% free, 52MB/68MB, paused 283us total 14.431ms
08-04 00:28:00.874 16160 16173 I art     : Starting a blocking GC Explicit
08-04 00:28:00.893 16160 16763 W OneSignal: OneSignalRestClient: POST Error thrown from network stack. 
08-04 00:28:00.893 16160 16763 W OneSignal: java.io.IOException: unexpected end of stream on Connection{api.onesignal.com:443, proxy=HTTP@192.168.2.12:8080 hostAddress=192.168.2.12 cipherSuite=TLS_ECDHE_RSA_WITH_AES_128_GCM_SHA256 protocol=http/1.1} (recycle count=0)
08-04 00:28:00.893 16160 16763 W OneSignal: 	at com.android.okhttp.internal.http.HttpConnection.readResponse(HttpConnection.java:210)
08-04 00:28:00.893 16160 16763 W OneSignal: 	at com.android.okhttp.internal.http.HttpTransport.readResponseHeaders(HttpTransport.java:80)
08-04 00:28:00.893 16160 16763 W OneSignal: 	at com.android.okhttp.internal.http.HttpEngine.readNetworkResponse(HttpEngine.java:904)
08-04 00:28:00.893 16160 16763 W OneSignal: 	at com.android.okhttp.internal.http.HttpEngine.readResponse(HttpEngine.java:788)
08-04 00:28:00.893 16160 16763 W OneSignal: 	at com.android.okhttp.internal.huc.HttpURLConnectionImpl.execute(HttpURLConnectionImpl.java:439)
08-04 00:28:00.893 16160 16763 W OneSignal: 	at com.android.okhttp.internal.huc.HttpURLConnectionImpl.getResponse(HttpURLConnectionImpl.java:384)
08-04 00:28:00.893 16160 16763 W OneSignal: 	at com.android.okhttp.internal.huc.HttpURLConnectionImpl.getResponseCode(HttpURLConnectionImpl.java:497)
08-04 00:28:00.893 16160 16763 W OneSignal: 	at com.android.okhttp.internal.huc.DelegatingHttpsURLConnection.getResponseCode(DelegatingHttpsURLConnection.java:105)
08-04 00:28:00.893 16160 16763 W OneSignal: 	at com.android.okhttp.internal.huc.HttpsURLConnectionImpl.getResponseCode(HttpsURLConnectionImpl.java)
08-04 00:28:00.893 16160 16763 W OneSignal: 	at com.onesignal.OneSignalRestClient.startHTTPConnection(OneSignalRestClient.java:180)
08-04 00:28:00.893 16160 16763 W OneSignal: 	at com.onesignal.OneSignalRestClient.access$100(OneSignalRestClient.java:44)
08-04 00:28:00.893 16160 16763 W OneSignal: 	at com.onesignal.OneSignalRestClient$4.run(OneSignalRestClient.java:110)
08-04 00:28:00.893 16160 16763 W OneSignal: 	at java.lang.Thread.run(Thread.java:818)
08-04 00:28:00.893 16160 16763 W OneSignal: Caused by: java.io.EOFException: \n not found: size=0 content=...
08-04 00:28:00.893 16160 16763 W OneSignal: 	at com.android.okhttp.okio.RealBufferedSource.readUtf8LineStrict(RealBufferedSource.java:200)
08-04 00:28:00.893 16160 16763 W OneSignal: 	at com.android.okhttp.internal.http.HttpConnection.readResponse(HttpConnection.java:191)
08-04 00:28:00.893 16160 16763 W OneSignal: 	... 12 more
08-04 00:28:00.895 16160 16775 W OneSignal: Failed last request. statusCode: -1
08-04 00:28:00.895 16160 16775 W OneSignal: response: null
08-04 00:28:00.898 16160 16173 I art     : Explicit concurrent mark sweep GC freed 3668(217KB) AllocSpace objects, 1(20KB) LOS objects, 23% free, 52MB/68MB, paused 404us total 23.567ms
08-04 00:28:00.906 16160 16173 I art     : Starting a blocking GC Explicit
08-04 00:28:00.922 16160 16173 I art     : Explicit concurrent mark sweep GC freed 317(28KB) AllocSpace objects, 0(0B) LOS objects, 23% free, 52MB/68MB, paused 241us total 15.336ms
08-04 00:28:00.929 16160 16173 I art     : Starting a blocking GC Explicit
08-04 00:28:00.943 16160 16173 I art     : Explicit concurrent mark sweep GC freed 3(96B) AllocSpace objects, 0(0B) LOS objects, 23% free, 52MB/68MB, paused 227us total 14.465ms
08-04 00:28:00.950 16160 16173 I art     : Starting a blocking GC Explicit
08-04 00:28:00.964 16160 16173 I art     : Explicit concurrent mark sweep GC freed 3(96B) AllocSpace objects, 0(0B) LOS objects, 23% free, 52MB/68MB, paused 238us total 14.377ms
08-04 00:28:00.971 16160 16173 I art     : Starting a blocking GC Explicit
08-04 00:28:00.985 16160 16173 I art     : Explicit concurrent mark sweep GC freed 3(96B) AllocSpace objects, 0(0B) LOS objects, 23% free, 52MB/68MB, paused 229us total 14.380ms
08-04 00:28:01.272 16160 16250 I art     : Starting a blocking GC Explicit
08-04 00:28:01.288 16160 16250 I art     : Explicit concurrent mark sweep GC freed 1341(78KB) AllocSpace objects, 1(20KB) LOS objects, 23% free, 52MB/68MB, paused 262us total 16.158ms
08-04 00:28:01.295 16160 16250 I art     : Starting a blocking GC Explicit
08-04 00:28:01.311 16160 16250 I art     : Explicit concurrent mark sweep GC freed 20(704B) AllocSpace objects, 0(0B) LOS objects, 23% free, 52MB/68MB, paused 243us total 15.643ms
08-04 00:28:01.317 16160 16250 I art     : Starting a blocking GC Explicit
08-04 00:28:01.332 16160 16250 I art     : Explicit concurrent mark sweep GC freed 3(96B) AllocSpace objects, 0(0B) LOS objects, 23% free, 52MB/68MB, paused 233us total 14.425ms
08-04 00:28:01.338 16160 16250 I art     : Starting a blocking GC Explicit
08-04 00:28:01.353 16160 16250 I art     : Explicit concurrent mark sweep GC freed 3(96B) AllocSpace objects, 0(0B) LOS objects, 23% free, 52MB/68MB, paused 224us total 14.516ms
08-04 00:28:01.359 16160 16250 I art     : Starting a blocking GC Explicit
08-04 00:28:01.374 16160 16250 I art     : Explicit concurrent mark sweep GC freed 3(96B) AllocSpace objects, 0(0B) LOS objects, 23% free, 52MB/68MB, paused 226us total 14.675ms
08-04 00:28:01.689 16160 16648 I art     : Starting a blocking GC Explicit
08-04 00:28:01.710 16160 16648 I art     : Explicit concurrent mark sweep GC freed 1341(78KB) AllocSpace objects, 1(20KB) LOS objects, 23% free, 52MB/68MB, paused 278us total 21.557ms
08-04 00:28:01.721 16160 16648 I art     : Starting a blocking GC Explicit
08-04 00:28:01.740 16160 16648 I art     : Explicit concurrent mark sweep GC freed 20(704B) AllocSpace objects, 0(0B) LOS objects, 23% free, 52MB/68MB, paused 262us total 18.666ms
08-04 00:28:01.750 16160 16648 I art     : Starting a blocking GC Explicit
08-04 00:28:01.765 16160 16648 I art     : Explicit concurrent mark sweep GC freed 3(96B) AllocSpace objects, 0(0B) LOS objects, 23% free, 52MB/68MB, paused 236us total 15.325ms
08-04 00:28:01.772 16160 16648 I art     : Starting a blocking GC Explicit
08-04 00:28:01.788 16160 16648 I art     : Explicit concurrent mark sweep GC freed 3(96B) AllocSpace objects, 0(0B) LOS objects, 23% free, 52MB/68MB, paused 229us total 15.277ms
08-04 00:28:01.794 16160 16648 I art     : Starting a blocking GC Explicit
08-04 00:28:01.809 16160 16648 I art     : Explicit concurrent mark sweep GC freed 3(96B) AllocSpace objects, 0(0B) LOS objects, 23% free, 52MB/68MB, paused 246us total 14.961ms
08-04 00:28:02.118 16160 16172 I art     : Starting a blocking GC Explicit
08-04 00:28:02.140 16160 16172 I art     : Explicit concurrent mark sweep GC freed 1341(78KB) AllocSpace objects, 1(20KB) LOS objects, 23% free, 52MB/68MB, paused 256us total 21.286ms
08-04 00:28:02.151 16160 16172 I art     : Starting a blocking GC Explicit
08-04 00:28:02.170 16160 16172 I art     : Explicit concurrent mark sweep GC freed 20(704B) AllocSpace objects, 0(0B) LOS objects, 23% free, 52MB/68MB, paused 240us total 18.920ms
08-04 00:28:02.178 16160 16172 I art     : Starting a blocking GC Explicit
08-04 00:28:02.194 16160 16172 I art     : Explicit concurrent mark sweep GC freed 3(96B) AllocSpace objects, 0(0B) LOS objects, 23% free, 52MB/68MB, paused 248us total 15.292ms
08-04 00:28:02.201 16160 16172 I art     : Starting a blocking GC Explicit
08-04 00:28:02.217 16160 16172 I art     : Explicit concurrent mark sweep GC freed 3(96B) AllocSpace objects, 0(0B) LOS objects, 23% free, 52MB/68MB, paused 273us total 15.664ms
08-04 00:28:02.223 16160 16172 I art     : Starting a blocking GC Explicit
08-04 00:28:02.238 16160 16172 I art     : Explicit concurrent mark sweep GC freed 3(96B) AllocSpace objects, 0(0B) LOS objects, 23% free, 52MB/68MB, paused 217us total 14.522ms
08-04 00:28:02.556 16160 16173 I art     : Starting a blocking GC Explicit
08-04 00:28:02.576 16160 16173 I art     : Explicit concurrent mark sweep GC freed 1341(78KB) AllocSpace objects, 1(20KB) LOS objects, 23% free, 52MB/68MB, paused 279us total 19.301ms
08-04 00:28:02.586 16160 16173 I art     : Starting a blocking GC Explicit
08-04 00:28:02.602 16160 16173 I art     : Explicit concurrent mark sweep GC freed 20(704B) AllocSpace objects, 0(0B) LOS objects, 23% free, 52MB/68MB, paused 235us total 15.179ms
08-04 00:28:02.608 16160 16173 I art     : Starting a blocking GC Explicit
08-04 00:28:02.623 16160 16173 I art     : Explicit concurrent mark sweep GC freed 3(96B) AllocSpace objects, 0(0B) LOS objects, 23% free, 52MB/68MB, paused 236us total 14.953ms
08-04 00:28:02.630 16160 16173 I art     : Starting a blocking GC Explicit
08-04 00:28:02.645 16160 16173 I art     : Explicit concurrent mark sweep GC freed 3(96B) AllocSpace objects, 0(0B) LOS objects, 23% free, 52MB/68MB, paused 225us total 14.813ms
08-04 00:28:02.652 16160 16173 I art     : Starting a blocking GC Explicit
08-04 00:28:02.667 16160 16173 I art     : Explicit concurrent mark sweep GC freed 3(96B) AllocSpace objects, 0(0B) LOS objects, 23% free, 52MB/68MB, paused 245us total 15.032ms
08-04 00:28:02.975 16160 16250 I art     : Starting a blocking GC Explicit
08-04 00:28:02.995 16160 16250 I art     : Explicit concurrent mark sweep GC freed 1341(78KB) AllocSpace objects, 1(20KB) LOS objects, 23% free, 52MB/68MB, paused 281us total 19.515ms
08-04 00:28:03.006 16160 16250 I art     : Starting a blocking GC Explicit
08-04 00:28:03.021 16160 16250 I art     : Explicit concurrent mark sweep GC freed 20(704B) AllocSpace objects, 0(0B) LOS objects, 23% free, 52MB/68MB, paused 238us total 15.132ms
08-04 00:28:03.028 16160 16250 I art     : Starting a blocking GC Explicit
08-04 00:28:03.043 16160 16250 I art     : Explicit concurrent mark sweep GC freed 3(96B) AllocSpace objects, 0(0B) LOS objects, 23% free, 52MB/68MB, paused 207us total 14.936ms
08-04 00:28:03.050 16160 16250 I art     : Starting a blocking GC Explicit
08-04 00:28:03.065 16160 16250 I art     : Explicit concurrent mark sweep GC freed 3(96B) AllocSpace objects, 0(0B) LOS objects, 23% free, 52MB/68MB, paused 235us total 14.529ms
08-04 00:28:03.071 16160 16250 I art     : Starting a blocking GC Explicit
08-04 00:28:03.086 16160 16250 I art     : Explicit concurrent mark sweep GC freed 3(96B) AllocSpace objects, 0(0B) LOS objects, 23% free, 52MB/68MB, paused 224us total 14.624ms
08-04 00:28:03.399 16160 16648 I art     : Starting a blocking GC Explicit
08-04 00:28:03.424 16160 16648 I art     : Explicit concurrent mark sweep GC freed 1341(78KB) AllocSpace objects, 1(20KB) LOS objects, 23% free, 52MB/68MB, paused 280us total 24.715ms
08-04 00:28:03.435 16160 16648 I art     : Starting a blocking GC Explicit
08-04 00:28:03.453 16160 16648 I art     : Explicit concurrent mark sweep GC freed 20(704B) AllocSpace objects, 0(0B) LOS objects, 23% free, 52MB/68MB, paused 233us total 17.463ms
08-04 00:28:03.459 16160 16648 I art     : Starting a blocking GC Explicit
08-04 00:28:03.474 16160 16648 I art     : Explicit concurrent mark sweep GC freed 3(96B) AllocSpace objects, 0(0B) LOS objects, 23% free, 52MB/68MB, paused 234us total 14.860ms
08-04 00:28:03.481 16160 16648 I art     : Starting a blocking GC Explicit
08-04 00:28:03.496 16160 16648 I art     : Explicit concurrent mark sweep GC freed 3(96B) AllocSpace objects, 0(0B) LOS objects, 23% free, 52MB/68MB, paused 225us total 14.968ms
08-04 00:28:03.503 16160 16648 I art     : Starting a blocking GC Explicit
08-04 00:28:03.518 16160 16648 I art     : Explicit concurrent mark sweep GC freed 3(96B) AllocSpace objects, 0(0B) LOS objects, 23% free, 52MB/68MB, paused 233us total 14.826ms
08-04 00:28:03.824 16160 16172 I art     : Starting a blocking GC Explicit
08-04 00:28:03.850 16160 16172 I art     : Explicit concurrent mark sweep GC freed 1341(78KB) AllocSpace objects, 1(20KB) LOS objects, 23% free, 52MB/68MB, paused 288us total 25.411ms
08-04 00:28:03.861 16160 16172 I art     : Starting a blocking GC Explicit
08-04 00:28:03.880 16160 16172 I art     : Explicit concurrent mark sweep GC freed 20(704B) AllocSpace objects, 0(0B) LOS objects, 23% free, 52MB/68MB, paused 239us total 18.736ms
08-04 00:28:03.886 16160 16172 I art     : Starting a blocking GC Explicit
08-04 00:28:03.902 16160 16172 I art     : Explicit concurrent mark sweep GC freed 3(96B) AllocSpace objects, 0(0B) LOS objects, 23% free, 52MB/68MB, paused 244us total 15.205ms
08-04 00:28:03.909 16160 16172 I art     : Starting a blocking GC Explicit
08-04 00:28:03.924 16160 16172 I art     : Explicit concurrent mark sweep GC freed 3(96B) AllocSpace objects, 0(0B) LOS objects, 23% free, 52MB/68MB, paused 229us total 15.042ms
08-04 00:28:03.930 16160 16172 I art     : Starting a blocking GC Explicit
08-04 00:28:03.945 16160 16172 I art     : Explicit concurrent mark sweep GC freed 3(96B) AllocSpace objects, 0(0B) LOS objects, 23% free, 52MB/68MB, paused 224us total 14.500ms
08-04 00:28:04.262 16160 16173 I art     : Starting a blocking GC Explicit
08-04 00:28:04.288 16160 16173 I art     : Explicit concurrent mark sweep GC freed 1341(78KB) AllocSpace objects, 1(20KB) LOS objects, 23% free, 52MB/68MB, paused 293us total 25.682ms
08-04 00:28:04.299 16160 16173 I art     : Starting a blocking GC Explicit
08-04 00:28:04.314 16160 16173 I art     : Explicit concurrent mark sweep GC freed 20(704B) AllocSpace objects, 0(0B) LOS objects, 23% free, 52MB/68MB, paused 265us total 14.585ms
08-04 00:28:04.321 16160 16173 I art     : Starting a blocking GC Explicit
08-04 00:28:04.335 16160 16173 I art     : Explicit concurrent mark sweep GC freed 3(96B) AllocSpace objects, 0(0B) LOS objects, 23% free, 52MB/68MB, paused 258us total 14.236ms
08-04 00:28:04.342 16160 16173 I art     : Starting a blocking GC Explicit
08-04 00:28:04.355 16160 16173 I art     : Explicit concurrent mark sweep GC freed 3(96B) AllocSpace objects, 0(0B) LOS objects, 23% free, 52MB/68MB, paused 227us total 13.218ms
08-04 00:28:04.361 16160 16173 I art     : Starting a blocking GC Explicit
08-04 00:28:04.375 16160 16173 I art     : Explicit concurrent mark sweep GC freed 3(96B) AllocSpace objects, 0(0B) LOS objects, 23% free, 52MB/68MB, paused 224us total 13.230ms
08-04 00:28:04.664 16160 16250 I art     : Starting a blocking GC Explicit
08-04 00:28:04.685 16160 16250 I art     : Explicit concurrent mark sweep GC freed 1341(78KB) AllocSpace objects, 1(20KB) LOS objects, 23% free, 52MB/68MB, paused 248us total 20.872ms
08-04 00:28:04.692 16160 16250 I art     : Starting a blocking GC Explicit
08-04 00:28:04.708 16160 16250 I art     : Explicit concurrent mark sweep GC freed 20(704B) AllocSpace objects, 0(0B) LOS objects, 23% free, 52MB/68MB, paused 247us total 15.346ms
08-04 00:28:04.715 16160 16250 I art     : Starting a blocking GC Explicit
08-04 00:28:04.730 16160 16250 I art     : Explicit concurrent mark sweep GC freed 3(96B) AllocSpace objects, 0(0B) LOS objects, 23% free, 52MB/68MB, paused 235us total 14.663ms
08-04 00:28:04.736 16160 16250 I art     : Starting a blocking GC Explicit
08-04 00:28:04.751 16160 16250 I art     : Explicit concurrent mark sweep GC freed 3(96B) AllocSpace objects, 0(0B) LOS objects, 23% free, 52MB/68MB, paused 228us total 14.548ms
08-04 00:28:04.757 16160 16250 I art     : Starting a blocking GC Explicit
08-04 00:28:04.772 16160 16250 I art     : Explicit concurrent mark sweep GC freed 3(96B) AllocSpace objects, 0(0B) LOS objects, 23% free, 52MB/68MB, paused 235us total 14.417ms
08-04 00:28:05.064 16160 16648 I art     : Starting a blocking GC Explicit
08-04 00:28:05.090 16160 16648 I art     : Explicit concurrent mark sweep GC freed 1341(78KB) AllocSpace objects, 1(20KB) LOS objects, 23% free, 52MB/68MB, paused 297us total 25.631ms
08-04 00:28:05.101 16160 16648 I art     : Starting a blocking GC Explicit
08-04 00:28:05.120 16160 16648 I art     : Explicit concurrent mark sweep GC freed 20(704B) AllocSpace objects, 0(0B) LOS objects, 23% free, 52MB/68MB, paused 257us total 18.753ms
08-04 00:28:05.128 16160 16648 I art     : Starting a blocking GC Explicit
08-04 00:28:05.143 16160 16648 I art     : Explicit concurrent mark sweep GC freed 3(96B) AllocSpace objects, 0(0B) LOS objects, 23% free, 52MB/68MB, paused 265us total 15.466ms
08-04 00:28:05.150 16160 16648 I art     : Starting a blocking GC Explicit
08-04 00:28:05.164 16160 16648 I art     : Explicit concurrent mark sweep GC freed 3(96B) AllocSpace objects, 0(0B) LOS objects, 23% free, 52MB/68MB, paused 224us total 13.391ms
08-04 00:28:05.170 16160 16648 I art     : Starting a blocking GC Explicit
08-04 00:28:05.183 16160 16648 I art     : Explicit concurrent mark sweep GC freed 3(96B) AllocSpace objects, 0(0B) LOS objects, 23% free, 52MB/68MB, paused 213us total 13.204ms
08-04 00:28:05.491 16160 16172 I art     : Starting a blocking GC Explicit
08-04 00:28:05.512 16160 16172 I art     : Explicit concurrent mark sweep GC freed 1341(78KB) AllocSpace objects, 1(20KB) LOS objects, 23% free, 52MB/68MB, paused 282us total 20.539ms
08-04 00:28:05.522 16160 16172 I art     : Starting a blocking GC Explicit
08-04 00:28:05.537 16160 16172 I art     : Explicit concurrent mark sweep GC freed 20(704B) AllocSpace objects, 0(0B) LOS objects, 23% free, 52MB/68MB, paused 239us total 15.470ms
08-04 00:28:05.544 16160 16172 I art     : Starting a blocking GC Explicit
08-04 00:28:05.560 16160 16172 I art     : Explicit concurrent mark sweep GC freed 3(96B) AllocSpace objects, 0(0B) LOS objects, 23% free, 52MB/68MB, paused 225us total 15.308ms
08-04 00:28:05.566 16160 16172 I art     : Starting a blocking GC Explicit
08-04 00:28:05.581 16160 16172 I art     : Explicit concurrent mark sweep GC freed 3(96B) AllocSpace objects, 0(0B) LOS objects, 23% free, 52MB/68MB, paused 236us total 14.734ms
08-04 00:28:05.588 16160 16172 I art     : Starting a blocking GC Explicit
08-04 00:28:05.603 16160 16172 I art     : Explicit concurrent mark sweep GC freed 3(96B) AllocSpace objects, 0(0B) LOS objects, 23% free, 52MB/68MB, paused 230us total 15.092ms
08-04 00:28:05.914 16160 16173 I art     : Starting a blocking GC Explicit
08-04 00:28:05.936 16160 16173 I art     : Explicit concurrent mark sweep GC freed 1341(78KB) AllocSpace objects, 1(20KB) LOS objects, 23% free, 52MB/68MB, paused 288us total 21.649ms
08-04 00:28:05.946 16160 16173 I art     : Starting a blocking GC Explicit
08-04 00:28:05.965 16160 16173 I art     : Explicit concurrent mark sweep GC freed 20(704B) AllocSpace objects, 0(0B) LOS objects, 23% free, 52MB/68MB, paused 270us total 18.708ms
08-04 00:28:05.975 16160 16173 I art     : Starting a blocking GC Explicit
08-04 00:28:05.990 16160 16173 I art     : Explicit concurrent mark sweep GC freed 3(96B) AllocSpace objects, 0(0B) LOS objects, 23% free, 52MB/68MB, paused 272us total 15.149ms
08-04 00:28:05.997 16160 16173 I art     : Starting a blocking GC Explicit
08-04 00:28:06.013 16160 16173 I art     : Explicit concurrent mark sweep GC freed 3(96B) AllocSpace objects, 0(0B) LOS objects, 23% free, 52MB/68MB, paused 237us total 15.379ms
08-04 00:28:06.019 16160 16173 I art     : Starting a blocking GC Explicit
08-04 00:28:06.034 16160 16173 I art     : Explicit concurrent mark sweep GC freed 3(96B) AllocSpace objects, 0(0B) LOS objects, 23% free, 52MB/68MB, paused 276us total 14.687ms
08-04 00:28:06.337 16160 16250 I art     : Starting a blocking GC Explicit
08-04 00:28:06.359 16160 16250 I art     : Explicit concurrent mark sweep GC freed 1341(78KB) AllocSpace objects, 1(20KB) LOS objects, 23% free, 52MB/68MB, paused 278us total 21.572ms
08-04 00:28:06.368 16160 16250 I art     : Starting a blocking GC Explicit
08-04 00:28:06.383 16160 16250 I art     : Explicit concurrent mark sweep GC freed 20(704B) AllocSpace objects, 0(0B) LOS objects, 23% free, 52MB/68MB, paused 239us total 15.377ms
08-04 00:28:06.390 16160 16250 I art     : Starting a blocking GC Explicit
08-04 00:28:06.405 16160 16250 I art     : Explicit concurrent mark sweep GC freed 3(96B) AllocSpace objects, 0(0B) LOS objects, 23% free, 52MB/68MB, paused 255us total 14.700ms
08-04 00:28:06.412 16160 16250 I art     : Starting a blocking GC Explicit
08-04 00:28:06.426 16160 16250 I art     : Explicit concurrent mark sweep GC freed 3(96B) AllocSpace objects, 0(0B) LOS objects, 23% free, 52MB/68MB, paused 232us total 14.707ms
08-04 00:28:06.433 16160 16250 I art     : Starting a blocking GC Explicit
08-04 00:28:06.448 16160 16250 I art     : Explicit concurrent mark sweep GC freed 3(96B) AllocSpace objects, 0(0B) LOS objects, 23% free, 52MB/68MB, paused 235us total 14.739ms
08-04 00:28:06.768 16160 16648 I art     : Starting a blocking GC Explicit
08-04 00:28:06.795 16160 16648 I art     : Explicit concurrent mark sweep GC freed 1341(78KB) AllocSpace objects, 1(20KB) LOS objects, 23% free, 52MB/68MB, paused 309us total 26.667ms
08-04 00:28:06.808 16160 16648 I art     : Starting a blocking GC Explicit
08-04 00:28:06.827 16160 16648 I art     : Explicit concurrent mark sweep GC freed 20(704B) AllocSpace objects, 0(0B) LOS objects, 23% free, 52MB/68MB, paused 373us total 18.781ms
08-04 00:28:06.836 16160 16648 I art     : Starting a blocking GC Explicit
08-04 00:28:06.851 16160 16648 I art     : Explicit concurrent mark sweep GC freed 3(96B) AllocSpace objects, 0(0B) LOS objects, 23% free, 52MB/68MB, paused 266us total 15.408ms
08-04 00:28:06.858 16160 16648 I art     : Starting a blocking GC Explicit
08-04 00:28:06.874 16160 16648 I art     : Explicit concurrent mark sweep GC freed 3(96B) AllocSpace objects, 0(0B) LOS objects, 23% free, 52MB/68MB, paused 230us total 15.795ms
08-04 00:28:06.881 16160 16648 I art     : Starting a blocking GC Explicit
08-04 00:28:06.895 16160 16648 I art     : Explicit concurrent mark sweep GC freed 3(96B) AllocSpace objects, 0(0B) LOS objects, 23% free, 52MB/68MB, paused 222us total 14.508ms
08-04 00:28:07.214 16160 16172 I art     : Starting a blocking GC Explicit
08-04 00:28:07.237 16160 16172 I art     : Explicit concurrent mark sweep GC freed 1341(78KB) AllocSpace objects, 1(20KB) LOS objects, 23% free, 52MB/68MB, paused 269us total 21.600ms
08-04 00:28:07.246 16160 16172 I art     : Starting a blocking GC Explicit
08-04 00:28:07.261 16160 16172 I art     : Explicit concurrent mark sweep GC freed 20(704B) AllocSpace objects, 0(0B) LOS objects, 23% free, 52MB/68MB, paused 229us total 15.145ms
08-04 00:28:07.268 16160 16172 I art     : Starting a blocking GC Explicit
08-04 00:28:07.284 16160 16172 I art     : Explicit concurrent mark sweep GC freed 3(96B) AllocSpace objects, 0(0B) LOS objects, 23% free, 52MB/68MB, paused 232us total 15.090ms
08-04 00:28:07.290 16160 16172 I art     : Starting a blocking GC Explicit
08-04 00:28:07.305 16160 16172 I art     : Explicit concurrent mark sweep GC freed 3(96B) AllocSpace objects, 0(0B) LOS objects, 23% free, 52MB/68MB, paused 244us total 14.711ms
08-04 00:28:07.312 16160 16172 I art     : Starting a blocking GC Explicit
08-04 00:28:07.327 16160 16172 I art     : Explicit concurrent mark sweep GC freed 3(96B) AllocSpace objects, 0(0B) LOS objects, 23% free, 52MB/68MB, paused 248us total 14.777ms
08-04 00:28:07.633 16160 16173 I art     : Starting a blocking GC Explicit
08-04 00:28:07.655 16160 16173 I art     : Explicit concurrent mark sweep GC freed 1341(78KB) AllocSpace objects, 1(20KB) LOS objects, 23% free, 52MB/68MB, paused 316us total 21.954ms
08-04 00:28:07.667 16160 16173 I art     : Starting a blocking GC Explicit
08-04 00:28:07.686 16160 16173 I art     : Explicit concurrent mark sweep GC freed 20(704B) AllocSpace objects, 0(0B) LOS objects, 23% free, 52MB/68MB, paused 258us total 18.770ms
08-04 00:28:07.694 16160 16173 I art     : Starting a blocking GC Explicit
08-04 00:28:07.710 16160 16173 I art     : Explicit concurrent mark sweep GC freed 3(96B) AllocSpace objects, 0(0B) LOS objects, 23% free, 52MB/68MB, paused 238us total 15.313ms
08-04 00:28:07.717 16160 16173 I art     : Starting a blocking GC Explicit
08-04 00:28:07.732 16160 16173 I art     : Explicit concurrent mark sweep GC freed 3(96B) AllocSpace objects, 0(0B) LOS objects, 23% free, 52MB/68MB, paused 233us total 15.331ms
08-04 00:28:07.739 16160 16173 I art     : Starting a blocking GC Explicit
08-04 00:28:07.754 16160 16173 I art     : Explicit concurrent mark sweep GC freed 3(96B) AllocSpace objects, 0(0B) LOS objects, 23% free, 52MB/68MB, paused 214us total 14.915ms
08-04 00:28:08.001 16160 16250 I art     : Starting a blocking GC Explicit
08-04 00:28:08.016 16160 16250 I art     : Explicit concurrent mark sweep GC freed 1341(78KB) AllocSpace objects, 1(20KB) LOS objects, 23% free, 52MB/68MB, paused 237us total 15.024ms
08-04 00:28:08.023 16160 16250 I art     : Starting a blocking GC Explicit
08-04 00:28:08.037 16160 16250 I art     : Explicit concurrent mark sweep GC freed 20(704B) AllocSpace objects, 0(0B) LOS objects, 23% free, 52MB/68MB, paused 238us total 14.517ms
08-04 00:28:08.044 16160 16250 I art     : Starting a blocking GC Explicit
08-04 00:28:08.059 16160 16250 I art     : Explicit concurrent mark sweep GC freed 3(96B) AllocSpace objects, 0(0B) LOS objects, 23% free, 52MB/68MB, paused 244us total 14.191ms
08-04 00:28:08.065 16160 16250 I art     : Starting a blocking GC Explicit
08-04 00:28:08.079 16160 16250 I art     : Explicit concurrent mark sweep GC freed 3(96B) AllocSpace objects, 0(0B) LOS objects, 23% free, 52MB/68MB, paused 247us total 14.181ms
08-04 00:28:08.086 16160 16250 I art     : Starting a blocking GC Explicit
08-04 00:28:08.100 16160 16250 I art     : Explicit concurrent mark sweep GC freed 3(96B) AllocSpace objects, 0(0B) LOS objects, 23% free, 52MB/68MB, paused 240us total 14.571ms
08-04 00:28:08.111 16939 16939 D AndroidRuntime: >>>>>> START com.android.internal.os.RuntimeInit uid 2000 <<<<<<
08-04 00:28:08.115 16939 16939 D AndroidRuntime: CheckJNI is OFF
08-04 00:28:08.140 16939 16939 D ICU     : No timezone override file found: /data/misc/zoneinfo/current/icu/icu_tzdata.dat
08-04 00:28:08.165 16939 16939 I Radio-JNI: register_android_hardware_Radio DONE
08-04 00:28:08.181 16939 16939 D AndroidRuntime: Calling main entry com.android.commands.input.Input
08-04 00:28:08.183 16939 16939 I Input   : injectKeyEvent: KeyEvent { action=ACTION_DOWN, keyCode=KEYCODE_BACK, scanCode=0, metaState=0, flags=0x0, repeatCount=0, eventTime=664104596, downTime=664104596, deviceId=-1, source=0x101 }
08-04 00:28:08.193 16939 16939 I Input   : injectKeyEvent: KeyEvent { action=ACTION_UP, keyCode=KEYCODE_BACK, scanCode=0, metaState=0, flags=0x0, repeatCount=0, eventTime=664104596, downTime=664104596, deviceId=-1, source=0x101 }
08-04 00:28:08.200 16939 16939 D AndroidRuntime: Shutting down VM
08-04 00:28:08.243 13866 13866 I GoogleInputMethodServic: GoogleInputMethodService.onFinishInput():3138 
08-04 00:28:08.244 13866 13866 I GoogleInputMethodServic: GoogleInputMethodService.onStartInput():1808 
08-04 00:28:08.325 16160 16648 I art     : Starting a blocking GC Explicit
08-04 00:28:08.340 16160 16648 I art     : Explicit concurrent mark sweep GC freed 1515(86KB) AllocSpace objects, 1(20KB) LOS objects, 23% free, 52MB/68MB, paused 224us total 14.793ms
08-04 00:28:08.346 16160 16648 I art     : Starting a blocking GC Explicit
08-04 00:28:08.364 16160 16648 I art     : Explicit concurrent mark sweep GC freed 26(944B) AllocSpace objects, 0(0B) LOS objects, 23% free, 52MB/68MB, paused 241us total 17.266ms
08-04 00:28:08.372 16160 16648 I art     : Starting a blocking GC Explicit
08-04 00:28:08.390 16160 16648 I art     : Explicit concurrent mark sweep GC freed 3(96B) AllocSpace objects, 0(0B) LOS objects, 23% free, 52MB/68MB, paused 276us total 17.894ms
08-04 00:28:08.398 16160 16648 I art     : Starting a blocking GC Explicit
08-04 00:28:08.417 16160 16648 I art     : Explicit concurrent mark sweep GC freed 3(96B) AllocSpace objects, 0(0B) LOS objects, 23% free, 52MB/68MB, paused 230us total 18.862ms
08-04 00:28:08.428 16160 16648 I art     : Starting a blocking GC Explicit
08-04 00:28:08.447 16160 16648 I art     : Explicit concurrent mark sweep GC freed 3(96B) AllocSpace objects, 0(0B) LOS objects, 23% free, 52MB/68MB, paused 244us total 19.290ms
08-04 00:28:08.533   380   380 W SurfaceFlinger: couldn't log to binary event log: overflow.
08-04 00:28:08.663 16160 16172 I art     : Starting a blocking GC Explicit
08-04 00:28:08.680 16160 16172 I art     : Explicit concurrent mark sweep GC freed 1451(87KB) AllocSpace objects, 1(20KB) LOS objects, 23% free, 52MB/68MB, paused 246us total 16.170ms
08-04 00:28:08.686 16160 16172 I art     : Starting a blocking GC Explicit
08-04 00:28:08.702 16160 16172 I art     : Explicit concurrent mark sweep GC freed 1672(107KB) AllocSpace objects, 3(400KB) LOS objects, 23% free, 51MB/67MB, paused 240us total 15.226ms
08-04 00:28:08.709 16160 16172 I art     : Starting a blocking GC Explicit
08-04 00:28:08.724 16160 16172 I art     : Explicit concurrent mark sweep GC freed 3(96B) AllocSpace objects, 0(0B) LOS objects, 23% free, 51MB/67MB, paused 248us total 14.812ms
08-04 00:28:08.731 16160 16172 I art     : Starting a blocking GC Explicit
08-04 00:28:08.745 16160 16172 I art     : Explicit concurrent mark sweep GC freed 3(96B) AllocSpace objects, 0(0B) LOS objects, 23% free, 51MB/67MB, paused 268us total 14.366ms
08-04 00:28:08.752 16160 16172 I art     : Starting a blocking GC Explicit
08-04 00:28:08.766 16160 16172 I art     : Explicit concurrent mark sweep GC freed 3(96B) AllocSpace objects, 0(0B) LOS objects, 23% free, 51MB/67MB, paused 257us total 14.258ms
08-04 00:28:08.849  8273  8273 I Atfwd_Sendcmd: AtCmdFwd service not ready - Exhausted retry attempts - :6
08-04 00:28:08.849  8273  8273 I Atfwd_Daemon: result : -1 	 ,Init step :2 	 ,qmiErrorCode: 0
08-04 00:28:09.047 16160 16173 I art     : Starting a blocking GC Explicit
08-04 00:28:09.066 16160 16173 I art     : Explicit concurrent mark sweep GC freed 1341(78KB) AllocSpace objects, 1(20KB) LOS objects, 23% free, 51MB/67MB, paused 281us total 18.790ms
08-04 00:28:09.076 16160 16173 I art     : Starting a blocking GC Explicit
08-04 00:28:09.091 16160 16173 I art     : Explicit concurrent mark sweep GC freed 20(704B) AllocSpace objects, 0(0B) LOS objects, 23% free, 51MB/67MB, paused 281us total 14.295ms
08-04 00:28:09.098 16160 16173 I art     : Starting a blocking GC Explicit
08-04 00:28:09.113 16160 16173 I art     : Explicit concurrent mark sweep GC freed 3(96B) AllocSpace objects, 0(0B) LOS objects, 23% free, 51MB/67MB, paused 230us total 14.540ms
08-04 00:28:09.119 16160 16173 I art     : Starting a blocking GC Explicit
08-04 00:28:09.133 16160 16173 I art     : Explicit concurrent mark sweep GC freed 3(96B) AllocSpace objects, 0(0B) LOS objects, 23% free, 51MB/67MB, paused 229us total 13.985ms
08-04 00:28:09.140 16160 16173 I art     : Starting a blocking GC Explicit
08-04 00:28:09.154 16160 16173 I art     : Explicit concurrent mark sweep GC freed 3(96B) AllocSpace objects, 0(0B) LOS objects, 23% free, 51MB/67MB, paused 224us total 13.925ms
08-04 00:28:09.429 16160 16250 I art     : Starting a blocking GC Explicit
08-04 00:28:09.446 16160 16250 I art     : Explicit concurrent mark sweep GC freed 1340(78KB) AllocSpace objects, 1(20KB) LOS objects, 23% free, 51MB/67MB, paused 273us total 16.417ms
08-04 00:28:09.453 16160 16250 I art     : Starting a blocking GC Explicit
08-04 00:28:09.468 16160 16250 I art     : Explicit concurrent mark sweep GC freed 20(704B) AllocSpace objects, 0(0B) LOS objects, 23% free, 51MB/67MB, paused 248us total 14.737ms
08-04 00:28:09.475 16160 16250 I art     : Starting a blocking GC Explicit
08-04 00:28:09.487 16160 16250 I art     : Explicit concurrent mark sweep GC freed 3(96B) AllocSpace objects, 0(0B) LOS objects, 23% free, 51MB/67MB, paused 220us total 12.608ms
08-04 00:28:09.493 16160 16250 I art     : Starting a blocking GC Explicit
08-04 00:28:09.506 16160 16250 I art     : Explicit concurrent mark sweep GC freed 3(96B) AllocSpace objects, 0(0B) LOS objects, 23% free, 51MB/67MB, paused 219us total 12.454ms
08-04 00:28:09.512 16160 16250 I art     : Starting a blocking GC Explicit
08-04 00:28:09.525 16160 16250 I art     : Explicit concurrent mark sweep GC freed 3(96B) AllocSpace objects, 0(0B) LOS objects, 23% free, 51MB/67MB, paused 226us total 13.634ms
08-04 00:28:09.738 17003 17003 D AndroidRuntime: >>>>>> START com.android.internal.os.RuntimeInit uid 2000 <<<<<<
08-04 00:28:09.742 17003 17003 D AndroidRuntime: CheckJNI is OFF
08-04 00:28:09.762 16160 16648 I art     : Starting a blocking GC Explicit
08-04 00:28:09.770 17003 17003 D ICU     : No timezone override file found: /data/misc/zoneinfo/current/icu/icu_tzdata.dat
08-04 00:28:09.777 16160 16648 I art     : Explicit concurrent mark sweep GC freed 1340(78KB) AllocSpace objects, 1(20KB) LOS objects, 23% free, 51MB/67MB, paused 278us total 14.855ms
08-04 00:28:09.784 16160 16648 I art     : Starting a blocking GC Explicit
08-04 00:28:09.796 17003 17003 I Radio-JNI: register_android_hardware_Radio DONE
08-04 00:28:09.798 16160 16648 I art     : Explicit concurrent mark sweep GC freed 20(704B) AllocSpace objects, 0(0B) LOS objects, 23% free, 51MB/67MB, paused 239us total 13.917ms
08-04 00:28:09.804 16160 16648 I art     : Starting a blocking GC Explicit
08-04 00:28:09.814 17003 17003 D AndroidRuntime: Calling main entry com.android.commands.input.Input
08-04 00:28:09.815 17003 17003 I Input   : injectMotionEvent: MotionEvent { action=ACTION_DOWN, actionButton=0, id[0]=0, x[0]=733.0, y[0]=1370.0, toolType[0]=TOOL_TYPE_UNKNOWN, buttonState=0, metaState=0, flags=0x0, edgeFlags=0x0, pointerCount=1, historySize=0, eventTime=664106228, downTime=664106228, deviceId=0, source=0x1002 }
08-04 00:28:09.817 16160 16648 I art     : Explicit concurrent mark sweep GC freed 3(96B) AllocSpace objects, 0(0B) LOS objects, 23% free, 51MB/67MB, paused 249us total 12.841ms
08-04 00:28:09.822 17003 17003 I Input   : injectMotionEvent: MotionEvent { action=ACTION_UP, actionButton=0, id[0]=0, x[0]=733.0, y[0]=1370.0, toolType[0]=TOOL_TYPE_UNKNOWN, buttonState=0, metaState=0, flags=0x0, edgeFlags=0x0, pointerCount=1, historySize=0, eventTime=664106228, downTime=664106228, deviceId=0, source=0x1002 }
08-04 00:28:09.823   918  5952 I ActivityManager: START u0 {cmp=baseline.appteam.nith.hillffair/.activities.ClubActivity (has extras)} from uid 10651 on display 0
08-04 00:28:09.823 16160 16648 I art     : Starting a blocking GC Explicit
08-04 00:28:09.828 17003 17003 D AndroidRuntime: Shutting down VM
08-04 00:28:09.837 16160 16648 I art     : Explicit concurrent mark sweep GC freed 132(9KB) AllocSpace objects, 0(0B) LOS objects, 23% free, 51MB/67MB, paused 477us total 13.820ms
08-04 00:28:09.844 16160 16648 I art     : Starting a blocking GC Explicit
08-04 00:28:09.860 16160 16648 I art     : Explicit concurrent mark sweep GC freed 3243(191KB) AllocSpace objects, 0(0B) LOS objects, 23% free, 52MB/68MB, paused 409us total 16.316ms
08-04 00:28:09.925 13866 13866 I GoogleInputMethodServic: GoogleInputMethodService.onFinishInput():3138 
08-04 00:28:09.925   918   936 I ActivityManager: Displayed baseline.appteam.nith.hillffair/.activities.ClubActivity: +97ms
08-04 00:28:09.925 13866 13866 I GoogleInputMethodServic: GoogleInputMethodService.onStartInput():1808 
08-04 00:28:10.081 16160 16648 I art     : Starting a blocking GC Explicit
08-04 00:28:10.100 16160 16648 I art     : Explicit concurrent mark sweep GC freed 1765(97KB) AllocSpace objects, 1(20KB) LOS objects, 23% free, 52MB/68MB, paused 269us total 18.036ms
08-04 00:28:10.107 16160 16648 I art     : Starting a blocking GC Explicit
08-04 00:28:10.122 16160 16648 I art     : Explicit concurrent mark sweep GC freed 55(2656B) AllocSpace objects, 0(0B) LOS objects, 23% free, 52MB/68MB, paused 286us total 15.062ms
08-04 00:28:10.129 16160 16648 I art     : Starting a blocking GC Explicit
08-04 00:28:10.145 16160 16648 I art     : Explicit concurrent mark sweep GC freed 3(96B) AllocSpace objects, 0(0B) LOS objects, 23% free, 52MB/68MB, paused 265us total 15.933ms
08-04 00:28:10.153 16160 16648 I art     : Starting a blocking GC Explicit
08-04 00:28:10.170 16160 16648 I art     : Explicit concurrent mark sweep GC freed 3(96B) AllocSpace objects, 0(0B) LOS objects, 23% free, 52MB/68MB, paused 335us total 17.116ms
08-04 00:28:10.178 16160 16648 I art     : Starting a blocking GC Explicit
08-04 00:28:10.185   380   380 W SurfaceFlinger: couldn't log to binary event log: overflow.
08-04 00:28:10.197 16160 16648 I art     : Explicit concurrent mark sweep GC freed 3(96B) AllocSpace objects, 0(0B) LOS objects, 23% free, 52MB/68MB, paused 328us total 19.007ms
08-04 00:28:10.329 16160 17026 D OkHttp  : --> GET https://api-hillfair-2k16.herokuapp.com/api/app/events/special/event?id=580655cddcba0f490c70fdd0 http/1.1
08-04 00:28:10.360 16160 17026 D OkHttp  : <-- 200 OK https://api-hillfair-2k16.herokuapp.com/api/app/events/special/event?id=580655cddcba0f490c70fdd0 (30ms, 721-byte body)
08-04 00:28:10.406 16160 16160 I NAPPA_EXPERIMENTATION: MetricNetworkRequestExecutionTime: REQUEST_DURATION_SYSTEM='556',REQUEST_DURATION_OKHTTP='31',REQUEST_SYNCHRONOUS='FALSE',RESPONSE_CODE='200',RESPONSE_METHOD='GET',RESPONSE_LENGTH_OKHTTP='721',RESPONSE_LENGTH_HEADER='721',REQUEST_PROTOCOL='http/1.1',REQUEST_URL='https://api-hillfair-2k16.herokuapp.com/api/app/events/special/event?id=580655cddcba0f490c70fdd0',
08-04 00:28:10.477 16160 16172 I art     : Starting a blocking GC Explicit
08-04 00:28:10.499 16160 16172 I art     : Explicit concurrent mark sweep GC freed 4877(343KB) AllocSpace objects, 4(220KB) LOS objects, 23% free, 52MB/68MB, paused 273us total 21.323ms
08-04 00:28:10.506 16160 16172 I art     : Starting a blocking GC Explicit
08-04 00:28:10.522 16160 16172 I art     : Explicit concurrent mark sweep GC freed 1027(119KB) AllocSpace objects, 0(0B) LOS objects, 23% free, 52MB/68MB, paused 222us total 16.341ms
08-04 00:28:10.529 16160 16172 I art     : Starting a blocking GC Explicit
08-04 00:28:10.544 16160 16172 I art     : Explicit concurrent mark sweep GC freed 3(96B) AllocSpace objects, 0(0B) LOS objects, 23% free, 52MB/68MB, paused 240us total 15.019ms
08-04 00:28:10.551 16160 16172 I art     : Starting a blocking GC Explicit
08-04 00:28:10.566 16160 16172 I art     : Explicit concurrent mark sweep GC freed 3(96B) AllocSpace objects, 0(0B) LOS objects, 23% free, 52MB/68MB, paused 243us total 14.516ms
08-04 00:28:10.571 16160 16172 I art     : Starting a blocking GC Explicit
08-04 00:28:10.585 16160 16172 I art     : Explicit concurrent mark sweep GC freed 3(96B) AllocSpace objects, 0(0B) LOS objects, 23% free, 52MB/68MB, paused 203us total 13.433ms
08-04 00:28:10.852 16160 16648 I art     : Starting a blocking GC Explicit
08-04 00:28:10.869 16160 16648 I art     : Explicit concurrent mark sweep GC freed 1341(78KB) AllocSpace objects, 1(20KB) LOS objects, 23% free, 52MB/68MB, paused 284us total 17.302ms
08-04 00:28:10.877 16160 16648 I art     : Starting a blocking GC Explicit
08-04 00:28:10.893 16160 16648 I art     : Explicit concurrent mark sweep GC freed 36(1264B) AllocSpace objects, 0(0B) LOS objects, 23% free, 52MB/68MB, paused 246us total 15.710ms
08-04 00:28:10.900 16160 16648 I art     : Starting a blocking GC Explicit
08-04 00:28:10.915 16160 16648 I art     : Explicit concurrent mark sweep GC freed 3(96B) AllocSpace objects, 0(0B) LOS objects, 23% free, 52MB/68MB, paused 244us total 14.916ms
08-04 00:28:10.922 16160 16648 I art     : Starting a blocking GC Explicit
08-04 00:28:10.937 16160 16648 I art     : Explicit concurrent mark sweep GC freed 3(96B) AllocSpace objects, 0(0B) LOS objects, 23% free, 52MB/68MB, paused 287us total 14.762ms
08-04 00:28:10.943 16160 16648 I art     : Starting a blocking GC Explicit
08-04 00:28:10.959 16160 16648 I art     : Explicit concurrent mark sweep GC freed 3(96B) AllocSpace objects, 0(0B) LOS objects, 23% free, 52MB/68MB, paused 251us total 15.243ms
08-04 00:28:11.236 16160 16172 I art     : Starting a blocking GC Explicit
08-04 00:28:11.263 16160 16172 I art     : Explicit concurrent mark sweep GC freed 1341(78KB) AllocSpace objects, 1(20KB) LOS objects, 23% free, 52MB/68MB, paused 279us total 26.612ms
08-04 00:28:11.270 16160 16172 I art     : Starting a blocking GC Explicit
08-04 00:28:11.286 16160 16172 I art     : Explicit concurrent mark sweep GC freed 20(704B) AllocSpace objects, 0(0B) LOS objects, 23% free, 52MB/68MB, paused 245us total 15.501ms
08-04 00:28:11.293 16160 16172 I art     : Starting a blocking GC Explicit
08-04 00:28:11.308 16160 16172 I art     : Explicit concurrent mark sweep GC freed 3(96B) AllocSpace objects, 0(0B) LOS objects, 23% free, 52MB/68MB, paused 242us total 14.698ms
08-04 00:28:11.314 16160 16172 I art     : Starting a blocking GC Explicit
08-04 00:28:11.330 16160 16172 I art     : Explicit concurrent mark sweep GC freed 3(96B) AllocSpace objects, 0(0B) LOS objects, 23% free, 52MB/68MB, paused 246us total 14.925ms
08-04 00:28:11.336 16160 16172 I art     : Starting a blocking GC Explicit
08-04 00:28:11.351 16160 16172 I art     : Explicit concurrent mark sweep GC freed 3(96B) AllocSpace objects, 0(0B) LOS objects, 23% free, 52MB/68MB, paused 245us total 14.837ms
08-04 00:28:11.624 16160 16250 I art     : Starting a blocking GC Explicit
08-04 00:28:11.650 16160 16250 I art     : Explicit concurrent mark sweep GC freed 1341(78KB) AllocSpace objects, 1(20KB) LOS objects, 23% free, 52MB/68MB, paused 246us total 25.133ms
08-04 00:28:11.657 16160 16250 I art     : Starting a blocking GC Explicit
08-04 00:28:11.673 16160 16250 I art     : Explicit concurrent mark sweep GC freed 20(704B) AllocSpace objects, 0(0B) LOS objects, 23% free, 52MB/68MB, paused 254us total 15.733ms
08-04 00:28:11.680 16160 16250 I art     : Starting a blocking GC Explicit
08-04 00:28:11.695 16160 16250 I art     : Explicit concurrent mark sweep GC freed 3(96B) AllocSpace objects, 0(0B) LOS objects, 23% free, 52MB/68MB, paused 245us total 14.650ms
08-04 00:28:11.701 16160 16250 I art     : Starting a blocking GC Explicit
08-04 00:28:11.716 16160 16250 I art     : Explicit concurrent mark sweep GC freed 3(96B) AllocSpace objects, 0(0B) LOS objects, 23% free, 52MB/68MB, paused 249us total 14.939ms
08-04 00:28:11.723 16160 16250 I art     : Starting a blocking GC Explicit
08-04 00:28:11.738 16160 16250 I art     : Explicit concurrent mark sweep GC freed 3(96B) AllocSpace objects, 0(0B) LOS objects, 23% free, 52MB/68MB, paused 242us total 14.959ms
08-04 00:28:12.065 16160 16173 I art     : Starting a blocking GC Explicit
08-04 00:28:12.085 16160 16173 I art     : Explicit concurrent mark sweep GC freed 1341(78KB) AllocSpace objects, 1(20KB) LOS objects, 23% free, 52MB/68MB, paused 262us total 20.240ms
08-04 00:28:12.092 16160 16173 I art     : Starting a blocking GC Explicit
08-04 00:28:12.108 16160 16173 I art     : Explicit concurrent mark sweep GC freed 20(704B) AllocSpace objects, 0(0B) LOS objects, 23% free, 52MB/68MB, paused 261us total 15.843ms
08-04 00:28:12.115 16160 16173 I art     : Starting a blocking GC Explicit
08-04 00:28:12.130 16160 16173 I art     : Explicit concurrent mark sweep GC freed 3(96B) AllocSpace objects, 0(0B) LOS objects, 23% free, 52MB/68MB, paused 253us total 15.270ms
08-04 00:28:12.137 16160 16173 I art     : Starting a blocking GC Explicit
08-04 00:28:12.153 16160 16173 I art     : Explicit concurrent mark sweep GC freed 3(96B) AllocSpace objects, 0(0B) LOS objects, 23% free, 52MB/68MB, paused 250us total 15.259ms
08-04 00:28:12.160 16160 16173 I art     : Starting a blocking GC Explicit
08-04 00:28:12.175 16160 16173 I art     : Explicit concurrent mark sweep GC freed 3(96B) AllocSpace objects, 0(0B) LOS objects, 23% free, 52MB/68MB, paused 249us total 15.073ms
08-04 00:28:12.485 16160 16648 I art     : Starting a blocking GC Explicit
08-04 00:28:12.507 16160 16648 I art     : Explicit concurrent mark sweep GC freed 1341(78KB) AllocSpace objects, 1(20KB) LOS objects, 23% free, 52MB/68MB, paused 276us total 21.465ms
08-04 00:28:12.516 16160 16648 I art     : Starting a blocking GC Explicit
08-04 00:28:12.532 16160 16648 I art     : Explicit concurrent mark sweep GC freed 20(704B) AllocSpace objects, 0(0B) LOS objects, 23% free, 52MB/68MB, paused 243us total 15.771ms
08-04 00:28:12.539 16160 16648 I art     : Starting a blocking GC Explicit
08-04 00:28:12.555 16160 16648 I art     : Explicit concurrent mark sweep GC freed 3(96B) AllocSpace objects, 0(0B) LOS objects, 23% free, 52MB/68MB, paused 243us total 15.376ms
08-04 00:28:12.562 16160 16648 I art     : Starting a blocking GC Explicit
08-04 00:28:12.577 16160 16648 I art     : Explicit concurrent mark sweep GC freed 3(96B) AllocSpace objects, 0(0B) LOS objects, 23% free, 52MB/68MB, paused 264us total 15.482ms
08-04 00:28:12.584 16160 16648 I art     : Starting a blocking GC Explicit
08-04 00:28:12.600 16160 16648 I art     : Explicit concurrent mark sweep GC freed 3(96B) AllocSpace objects, 0(0B) LOS objects, 23% free, 52MB/68MB, paused 236us total 15.634ms
08-04 00:28:12.916 16160 16172 I art     : Starting a blocking GC Explicit
08-04 00:28:12.936 16160 16172 I art     : Explicit concurrent mark sweep GC freed 1341(78KB) AllocSpace objects, 1(20KB) LOS objects, 23% free, 52MB/68MB, paused 277us total 19.794ms
08-04 00:28:12.946 16160 16172 I art     : Starting a blocking GC Explicit
08-04 00:28:12.961 16160 16172 I art     : Explicit concurrent mark sweep GC freed 20(704B) AllocSpace objects, 0(0B) LOS objects, 23% free, 52MB/68MB, paused 242us total 15.512ms
08-04 00:28:12.968 16160 16172 I art     : Starting a blocking GC Explicit
08-04 00:28:12.983 16160 16172 I art     : Explicit concurrent mark sweep GC freed 3(96B) AllocSpace objects, 0(0B) LOS objects, 23% free, 52MB/68MB, paused 228us total 15.204ms
08-04 00:28:12.990 16160 16172 I art     : Starting a blocking GC Explicit
08-04 00:28:13.006 16160 16172 I art     : Explicit concurrent mark sweep GC freed 3(96B) AllocSpace objects, 0(0B) LOS objects, 23% free, 52MB/68MB, paused 245us total 15.361ms
08-04 00:28:13.012 16160 16172 I art     : Starting a blocking GC Explicit
08-04 00:28:13.028 16160 16172 I art     : Explicit concurrent mark sweep GC freed 3(96B) AllocSpace objects, 0(0B) LOS objects, 23% free, 52MB/68MB, paused 237us total 15.359ms
08-04 00:28:13.076   918  3261 D WifiStateMachine: starting scan for "H369AA63323"WPA_PSK with 2412,5180
08-04 00:28:13.333 16160 16250 I art     : Starting a blocking GC Explicit
08-04 00:28:13.356 16160 16250 I art     : Explicit concurrent mark sweep GC freed 1341(78KB) AllocSpace objects, 1(20KB) LOS objects, 23% free, 52MB/68MB, paused 301us total 22.420ms
08-04 00:28:13.366 16160 16250 I art     : Starting a blocking GC Explicit
08-04 00:28:13.382 16160 16250 I art     : Explicit concurrent mark sweep GC freed 20(704B) AllocSpace objects, 0(0B) LOS objects, 23% free, 52MB/68MB, paused 257us total 15.432ms
08-04 00:28:13.388 16160 16250 I art     : Starting a blocking GC Explicit
08-04 00:28:13.404 16160 16250 I art     : Explicit concurrent mark sweep GC freed 3(96B) AllocSpace objects, 0(0B) LOS objects, 23% free, 52MB/68MB, paused 237us total 15.181ms
08-04 00:28:13.411 16160 16250 I art     : Starting a blocking GC Explicit
08-04 00:28:13.426 16160 16250 I art     : Explicit concurrent mark sweep GC freed 3(96B) AllocSpace objects, 0(0B) LOS objects, 23% free, 52MB/68MB, paused 239us total 14.888ms
08-04 00:28:13.432 16160 16250 I art     : Starting a blocking GC Explicit
08-04 00:28:13.447 16160 16250 I art     : Explicit concurrent mark sweep GC freed 3(96B) AllocSpace objects, 0(0B) LOS objects, 23% free, 52MB/68MB, paused 253us total 14.837ms
08-04 00:28:13.778 16160 16173 I art     : Starting a blocking GC Explicit
08-04 00:28:13.803 16160 16173 I art     : Explicit concurrent mark sweep GC freed 1341(78KB) AllocSpace objects, 1(20KB) LOS objects, 23% free, 52MB/68MB, paused 295us total 24.914ms
08-04 00:28:13.814 16160 16173 I art     : Starting a blocking GC Explicit
08-04 00:28:13.832 16160 16173 I art     : Explicit concurrent mark sweep GC freed 20(704B) AllocSpace objects, 0(0B) LOS objects, 23% free, 52MB/68MB, paused 259us total 18.033ms
08-04 00:28:13.839 16160 16173 I art     : Starting a blocking GC Explicit
08-04 00:28:13.854 16160 16173 I art     : Explicit concurrent mark sweep GC freed 3(96B) AllocSpace objects, 0(0B) LOS objects, 23% free, 52MB/68MB, paused 256us total 15.397ms
08-04 00:28:13.861 16160 16173 I art     : Starting a blocking GC Explicit
08-04 00:28:13.877 16160 16173 I art     : Explicit concurrent mark sweep GC freed 3(96B) AllocSpace objects, 0(0B) LOS objects, 23% free, 52MB/68MB, paused 318us total 15.487ms
08-04 00:28:13.883 16160 16173 I art     : Starting a blocking GC Explicit
08-04 00:28:13.899 16160 16173 I art     : Explicit concurrent mark sweep GC freed 3(96B) AllocSpace objects, 0(0B) LOS objects, 23% free, 52MB/68MB, paused 245us total 15.494ms
08-04 00:28:14.177 16160 16648 I art     : Starting a blocking GC Explicit
08-04 00:28:14.193 16160 16648 I art     : Explicit concurrent mark sweep GC freed 1341(78KB) AllocSpace objects, 1(20KB) LOS objects, 23% free, 52MB/68MB, paused 255us total 15.337ms
08-04 00:28:14.199 16160 16648 I art     : Starting a blocking GC Explicit
08-04 00:28:14.215 16160 16648 I art     : Explicit concurrent mark sweep GC freed 20(704B) AllocSpace objects, 0(0B) LOS objects, 23% free, 52MB/68MB, paused 240us total 15.143ms
08-04 00:28:14.221 16160 16648 I art     : Starting a blocking GC Explicit
08-04 00:28:14.235 16160 16648 I art     : Explicit concurrent mark sweep GC freed 3(96B) AllocSpace objects, 0(0B) LOS objects, 23% free, 52MB/68MB, paused 238us total 14.222ms
08-04 00:28:14.242 16160 16648 I art     : Starting a blocking GC Explicit
08-04 00:28:14.256 16160 16648 I art     : Explicit concurrent mark sweep GC freed 3(96B) AllocSpace objects, 0(0B) LOS objects, 23% free, 52MB/68MB, paused 245us total 14.448ms
08-04 00:28:14.263 16160 16648 I art     : Starting a blocking GC Explicit
08-04 00:28:14.277 16160 16648 I art     : Explicit concurrent mark sweep GC freed 3(96B) AllocSpace objects, 0(0B) LOS objects, 23% free, 52MB/68MB, paused 247us total 14.617ms
08-04 00:28:14.410 17133 17133 D AndroidRuntime: >>>>>> START com.android.internal.os.RuntimeInit uid 2000 <<<<<<
08-04 00:28:14.414 17133 17133 D AndroidRuntime: CheckJNI is OFF
08-04 00:28:14.437 17133 17133 D ICU     : No timezone override file found: /data/misc/zoneinfo/current/icu/icu_tzdata.dat
08-04 00:28:14.462 17133 17133 I Radio-JNI: register_android_hardware_Radio DONE
08-04 00:28:14.478 17133 17133 D AndroidRuntime: Calling main entry com.android.commands.input.Input
08-04 00:28:14.479 17133 17133 I Input   : injectKeyEvent: KeyEvent { action=ACTION_DOWN, keyCode=KEYCODE_BACK, scanCode=0, metaState=0, flags=0x0, repeatCount=0, eventTime=664110892, downTime=664110892, deviceId=-1, source=0x101 }
08-04 00:28:14.487 17133 17133 I Input   : injectKeyEvent: KeyEvent { action=ACTION_UP, keyCode=KEYCODE_BACK, scanCode=0, metaState=0, flags=0x0, repeatCount=0, eventTime=664110892, downTime=664110892, deviceId=-1, source=0x101 }
08-04 00:28:14.503 17133 17133 D AndroidRuntime: Shutting down VM
08-04 00:28:14.525 16160 16648 I art     : Starting a blocking GC Explicit
08-04 00:28:14.540 16160 16648 I art     : Explicit concurrent mark sweep GC freed 1481(84KB) AllocSpace objects, 1(20KB) LOS objects, 23% free, 52MB/68MB, paused 244us total 15.142ms
08-04 00:28:14.546 13866 13866 I GoogleInputMethodServic: GoogleInputMethodService.onFinishInput():3138 
08-04 00:28:14.546 13866 13866 I GoogleInputMethodServic: GoogleInputMethodService.onStartInput():1808 
08-04 00:28:14.547 16160 16648 I art     : Starting a blocking GC Explicit
08-04 00:28:14.562 16160 16648 I art     : Explicit concurrent mark sweep GC freed 43(1616B) AllocSpace objects, 0(0B) LOS objects, 23% free, 52MB/68MB, paused 242us total 14.687ms
08-04 00:28:14.569 16160 16648 I art     : Starting a blocking GC Explicit
08-04 00:28:14.585 16160 16648 I art     : Explicit concurrent mark sweep GC freed 12(400B) AllocSpace objects, 0(0B) LOS objects, 23% free, 52MB/68MB, paused 260us total 15.821ms
08-04 00:28:14.592 16160 16648 I art     : Starting a blocking GC Explicit
08-04 00:28:14.607 16160 16648 I art     : Explicit concurrent mark sweep GC freed 6(224B) AllocSpace objects, 0(0B) LOS objects, 23% free, 52MB/68MB, paused 422us total 15.041ms
08-04 00:28:14.614 16160 16648 I art     : Starting a blocking GC Explicit
08-04 00:28:14.628 16160 16648 I art     : Explicit concurrent mark sweep GC freed 3(96B) AllocSpace objects, 0(0B) LOS objects, 23% free, 52MB/68MB, paused 222us total 13.126ms
08-04 00:28:14.856   380   380 W SurfaceFlinger: couldn't log to binary event log: overflow.
08-04 00:28:14.886 16160 16172 I art     : Starting a blocking GC Explicit
08-04 00:28:14.901 16160 16172 I art     : Explicit concurrent mark sweep GC freed 1450(87KB) AllocSpace objects, 1(20KB) LOS objects, 23% free, 52MB/68MB, paused 252us total 15.637ms
08-04 00:28:14.908 16160 16172 I art     : Starting a blocking GC Explicit
08-04 00:28:14.923 16160 16172 I art     : Explicit concurrent mark sweep GC freed 1672(106KB) AllocSpace objects, 3(400KB) LOS objects, 23% free, 51MB/67MB, paused 249us total 15.169ms
08-04 00:28:14.930 16160 16172 I art     : Starting a blocking GC Explicit
08-04 00:28:14.945 16160 16172 I art     : Explicit concurrent mark sweep GC freed 3(96B) AllocSpace objects, 0(0B) LOS objects, 23% free, 51MB/67MB, paused 315us total 14.899ms
08-04 00:28:14.952 16160 16172 I art     : Starting a blocking GC Explicit
08-04 00:28:14.967 16160 16172 I art     : Explicit concurrent mark sweep GC freed 3(96B) AllocSpace objects, 0(0B) LOS objects, 23% free, 51MB/67MB, paused 305us total 14.872ms
08-04 00:28:14.973 16160 16172 I art     : Starting a blocking GC Explicit
08-04 00:28:14.988 16160 16172 I art     : Explicit concurrent mark sweep GC freed 3(96B) AllocSpace objects, 0(0B) LOS objects, 23% free, 51MB/67MB, paused 253us total 14.928ms
08-04 00:28:15.272 16160 16173 I art     : Starting a blocking GC Explicit
08-04 00:28:15.292 16160 16173 I art     : Explicit concurrent mark sweep GC freed 1341(78KB) AllocSpace objects, 1(20KB) LOS objects, 23% free, 51MB/67MB, paused 296us total 20.044ms
08-04 00:28:15.302 16160 16173 I art     : Starting a blocking GC Explicit
08-04 00:28:15.317 16160 16173 I art     : Explicit concurrent mark sweep GC freed 20(704B) AllocSpace objects, 0(0B) LOS objects, 23% free, 51MB/67MB, paused 272us total 14.861ms
08-04 00:28:15.323 16160 16173 I art     : Starting a blocking GC Explicit
08-04 00:28:15.338 16160 16173 I art     : Explicit concurrent mark sweep GC freed 3(96B) AllocSpace objects, 0(0B) LOS objects, 23% free, 51MB/67MB, paused 245us total 14.670ms
08-04 00:28:15.345 16160 16173 I art     : Starting a blocking GC Explicit
08-04 00:28:15.360 16160 16173 I art     : Explicit concurrent mark sweep GC freed 3(96B) AllocSpace objects, 0(0B) LOS objects, 23% free, 51MB/67MB, paused 247us total 14.869ms
08-04 00:28:15.367 16160 16173 I art     : Starting a blocking GC Explicit
08-04 00:28:15.381 16160 16173 I art     : Explicit concurrent mark sweep GC freed 3(96B) AllocSpace objects, 0(0B) LOS objects, 23% free, 51MB/67MB, paused 256us total 14.576ms
08-04 00:28:15.663 16160 16250 I art     : Starting a blocking GC Explicit
08-04 00:28:15.689 16160 16250 I art     : Explicit concurrent mark sweep GC freed 1340(78KB) AllocSpace objects, 1(20KB) LOS objects, 23% free, 51MB/67MB, paused 327us total 25.352ms
08-04 00:28:15.699 16160 16250 I art     : Starting a blocking GC Explicit
08-04 00:28:15.714 16160 16250 I art     : Explicit concurrent mark sweep GC freed 20(704B) AllocSpace objects, 0(0B) LOS objects, 23% free, 51MB/67MB, paused 250us total 14.946ms
08-04 00:28:15.721 16160 16250 I art     : Starting a blocking GC Explicit
08-04 00:28:15.735 16160 16250 I art     : Explicit concurrent mark sweep GC freed 3(96B) AllocSpace objects, 0(0B) LOS objects, 23% free, 51MB/67MB, paused 225us total 13.731ms
08-04 00:28:15.741 16160 16250 I art     : Starting a blocking GC Explicit
08-04 00:28:15.755 16160 16250 I art     : Explicit concurrent mark sweep GC freed 3(96B) AllocSpace objects, 0(0B) LOS objects, 23% free, 51MB/67MB, paused 237us total 13.800ms
08-04 00:28:15.762 16160 16250 I art     : Starting a blocking GC Explicit
08-04 00:28:15.775 16160 16250 I art     : Explicit concurrent mark sweep GC freed 3(96B) AllocSpace objects, 0(0B) LOS objects, 23% free, 51MB/67MB, paused 239us total 12.649ms
08-04 00:28:16.022 16160 16648 I art     : Starting a blocking GC Explicit
08-04 00:28:16.038 16160 16648 I art     : Explicit concurrent mark sweep GC freed 1340(78KB) AllocSpace objects, 1(20KB) LOS objects, 23% free, 51MB/67MB, paused 261us total 15.119ms
08-04 00:28:16.044 16160 16648 I art     : Starting a blocking GC Explicit
08-04 00:28:16.058 17196 17196 D AndroidRuntime: >>>>>> START com.android.internal.os.RuntimeInit uid 2000 <<<<<<
08-04 00:28:16.060 16160 16648 I art     : Explicit concurrent mark sweep GC freed 20(704B) AllocSpace objects, 0(0B) LOS objects, 23% free, 51MB/67MB, paused 266us total 15.546ms
08-04 00:28:16.062 17196 17196 D AndroidRuntime: CheckJNI is OFF
08-04 00:28:16.066 16160 16648 I art     : Starting a blocking GC Explicit
08-04 00:28:16.080 16160 16648 I art     : Explicit concurrent mark sweep GC freed 3(96B) AllocSpace objects, 0(0B) LOS objects, 23% free, 51MB/67MB, paused 277us total 13.608ms
08-04 00:28:16.086 16160 16648 I art     : Starting a blocking GC Explicit
08-04 00:28:16.092 17196 17196 D ICU     : No timezone override file found: /data/misc/zoneinfo/current/icu/icu_tzdata.dat
08-04 00:28:16.101 16160 16648 I art     : Explicit concurrent mark sweep GC freed 3(96B) AllocSpace objects, 0(0B) LOS objects, 23% free, 51MB/67MB, paused 267us total 14.488ms
08-04 00:28:16.107 16160 16648 I art     : Starting a blocking GC Explicit
08-04 00:28:16.117 17196 17196 I Radio-JNI: register_android_hardware_Radio DONE
08-04 00:28:16.120 16160 16648 I art     : Explicit concurrent mark sweep GC freed 3(96B) AllocSpace objects, 0(0B) LOS objects, 23% free, 51MB/67MB, paused 259us total 13.022ms
08-04 00:28:16.133 17196 17196 D AndroidRuntime: Calling main entry com.android.commands.input.Input
08-04 00:28:16.135 17196 17196 I Input   : injectMotionEvent: MotionEvent { action=ACTION_DOWN, actionButton=0, id[0]=0, x[0]=733.0, y[0]=1957.0, toolType[0]=TOOL_TYPE_UNKNOWN, buttonState=0, metaState=0, flags=0x0, edgeFlags=0x0, pointerCount=1, historySize=0, eventTime=664112548, downTime=664112548, deviceId=0, source=0x1002 }
08-04 00:28:16.140 17196 17196 I Input   : injectMotionEvent: MotionEvent { action=ACTION_UP, actionButton=0, id[0]=0, x[0]=733.0, y[0]=1957.0, toolType[0]=TOOL_TYPE_UNKNOWN, buttonState=0, metaState=0, flags=0x0, edgeFlags=0x0, pointerCount=1, historySize=0, eventTime=664112548, downTime=664112548, deviceId=0, source=0x1002 }
08-04 00:28:16.141   918  3961 I ActivityManager: START u0 {cmp=baseline.appteam.nith.hillffair/.activities.ClubActivity (has extras)} from uid 10651 on display 0
08-04 00:28:16.148 17196 17196 D AndroidRuntime: Shutting down VM
08-04 00:28:16.233 13866 13866 I GoogleInputMethodServic: GoogleInputMethodService.onFinishInput():3138 
08-04 00:28:16.233   918   936 I ActivityManager: Displayed baseline.appteam.nith.hillffair/.activities.ClubActivity: +84ms
08-04 00:28:16.234 13866 13866 I GoogleInputMethodServic: GoogleInputMethodService.onStartInput():1808 
08-04 00:28:16.332 16160 16648 I art     : Starting a blocking GC Explicit
08-04 00:28:16.348 16160 16648 I art     : Explicit concurrent mark sweep GC freed 5045(296KB) AllocSpace objects, 1(20KB) LOS objects, 23% free, 52MB/68MB, paused 285us total 16.431ms
08-04 00:28:16.355 16160 16648 I art     : Starting a blocking GC Explicit
08-04 00:28:16.372 16160 16648 I art     : Explicit concurrent mark sweep GC freed 211(9KB) AllocSpace objects, 0(0B) LOS objects, 23% free, 52MB/68MB, paused 305us total 16.783ms
08-04 00:28:16.381 16160 16648 I art     : Starting a blocking GC Explicit
08-04 00:28:16.402 16160 16648 I art     : Explicit concurrent mark sweep GC freed 3(96B) AllocSpace objects, 0(0B) LOS objects, 23% free, 52MB/68MB, paused 278us total 20.705ms
08-04 00:28:16.409 16160 16648 I art     : Starting a blocking GC Explicit
08-04 00:28:16.423 16160 16648 I art     : Explicit concurrent mark sweep GC freed 3(96B) AllocSpace objects, 0(0B) LOS objects, 23% free, 52MB/68MB, paused 274us total 13.843ms
08-04 00:28:16.429 16160 16648 I art     : Starting a blocking GC Explicit
08-04 00:28:16.444 16160 16648 I art     : Explicit concurrent mark sweep GC freed 3(96B) AllocSpace objects, 0(0B) LOS objects, 23% free, 52MB/68MB, paused 267us total 14.199ms
08-04 00:28:16.492   380   380 W SurfaceFlinger: couldn't log to binary event log: overflow.
08-04 00:28:16.683 16160 16172 I art     : Starting a blocking GC Explicit
08-04 00:28:16.699 16160 16172 I art     : Explicit concurrent mark sweep GC freed 1453(84KB) AllocSpace objects, 1(20KB) LOS objects, 23% free, 52MB/68MB, paused 290us total 16.493ms
08-04 00:28:16.706 16160 16172 I art     : Starting a blocking GC Explicit
08-04 00:28:16.721 16160 16172 I art     : Explicit concurrent mark sweep GC freed 33(1152B) AllocSpace objects, 0(0B) LOS objects, 23% free, 52MB/68MB, paused 312us total 15.293ms
08-04 00:28:16.728 16160 16172 I art     : Starting a blocking GC Explicit
08-04 00:28:16.742 16160 16172 I art     : Explicit concurrent mark sweep GC freed 8(288B) AllocSpace objects, 0(0B) LOS objects, 23% free, 52MB/68MB, paused 296us total 14.664ms
08-04 00:28:16.749 16160 16172 I art     : Starting a blocking GC Explicit
08-04 00:28:16.763 16160 16172 I art     : Explicit concurrent mark sweep GC freed 670(55KB) AllocSpace objects, 2(120KB) LOS objects, 23% free, 52MB/68MB, paused 341us total 14.536ms
08-04 00:28:16.769 16160 16172 I art     : Starting a blocking GC Explicit
08-04 00:28:16.784 16160 16172 I art     : Explicit concurrent mark sweep GC freed 2019(79KB) AllocSpace objects, 0(0B) LOS objects, 23% free, 52MB/68MB, paused 361us total 14.092ms
08-04 00:28:16.790 16160 17222 D OkHttp  : --> GET https://api-hillfair-2k16.herokuapp.com/api/app/events/special/event?id=58065620dcba0f490c70fe09 http/1.1
08-04 00:28:16.822 16160 17222 D OkHttp  : <-- 200 OK https://api-hillfair-2k16.herokuapp.com/api/app/events/special/event?id=58065620dcba0f490c70fe09 (31ms, 682-byte body)
08-04 00:28:16.877 16160 16160 I NAPPA_EXPERIMENTATION: MetricNetworkRequestExecutionTime: REQUEST_DURATION_SYSTEM='707',REQUEST_DURATION_OKHTTP='31',REQUEST_SYNCHRONOUS='FALSE',RESPONSE_CODE='200',RESPONSE_METHOD='GET',RESPONSE_LENGTH_OKHTTP='682',RESPONSE_LENGTH_HEADER='682',REQUEST_PROTOCOL='http/1.1',REQUEST_URL='https://api-hillfair-2k16.herokuapp.com/api/app/events/special/event?id=58065620dcba0f490c70fe09',
08-04 00:28:17.058 16160 16250 I art     : Starting a blocking GC Explicit
08-04 00:28:17.077 16160 16250 I art     : Explicit concurrent mark sweep GC freed 3044(318KB) AllocSpace objects, 2(100KB) LOS objects, 23% free, 52MB/68MB, paused 376us total 18.927ms
08-04 00:28:17.085 16160 16250 I art     : Starting a blocking GC Explicit
08-04 00:28:17.101 16160 16250 I art     : Explicit concurrent mark sweep GC freed 105(3KB) AllocSpace objects, 0(0B) LOS objects, 23% free, 52MB/68MB, paused 271us total 16.305ms
08-04 00:28:17.108 16160 16250 I art     : Starting a blocking GC Explicit
08-04 00:28:17.124 16160 16250 I art     : Explicit concurrent mark sweep GC freed 3(96B) AllocSpace objects, 0(0B) LOS objects, 23% free, 52MB/68MB, paused 393us total 15.962ms
08-04 00:28:17.131 16160 16250 I art     : Starting a blocking GC Explicit
08-04 00:28:17.146 16160 16250 I art     : Explicit concurrent mark sweep GC freed 3(96B) AllocSpace objects, 0(0B) LOS objects, 23% free, 52MB/68MB, paused 235us total 14.854ms
08-04 00:28:17.153 16160 16250 I art     : Starting a blocking GC Explicit
08-04 00:28:17.168 16160 16250 I art     : Explicit concurrent mark sweep GC freed 3(96B) AllocSpace objects, 0(0B) LOS objects, 23% free, 52MB/68MB, paused 257us total 15.480ms
08-04 00:28:17.451 16160 16172 I art     : Starting a blocking GC Explicit
08-04 00:28:17.477 16160 16172 I art     : Explicit concurrent mark sweep GC freed 1341(78KB) AllocSpace objects, 1(20KB) LOS objects, 23% free, 52MB/68MB, paused 413us total 25.952ms
08-04 00:28:17.493 16160 16172 I art     : Starting a blocking GC Explicit
08-04 00:28:17.512 16160 16172 I art     : Explicit concurrent mark sweep GC freed 36(1264B) AllocSpace objects, 0(0B) LOS objects, 23% free, 52MB/68MB, paused 260us total 18.160ms
08-04 00:28:17.518 16160 16172 I art     : Starting a blocking GC Explicit
08-04 00:28:17.533 16160 16172 I art     : Explicit concurrent mark sweep GC freed 3(96B) AllocSpace objects, 0(0B) LOS objects, 23% free, 52MB/68MB, paused 258us total 15.043ms
08-04 00:28:17.540 16160 16172 I art     : Starting a blocking GC Explicit
08-04 00:28:17.555 16160 16172 I art     : Explicit concurrent mark sweep GC freed 3(96B) AllocSpace objects, 0(0B) LOS objects, 23% free, 52MB/68MB, paused 257us total 15.044ms
08-04 00:28:17.562 16160 16172 I art     : Starting a blocking GC Explicit
08-04 00:28:17.577 16160 16172 I art     : Explicit concurrent mark sweep GC freed 3(96B) AllocSpace objects, 0(0B) LOS objects, 23% free, 52MB/68MB, paused 274us total 15.069ms
08-04 00:28:17.863 16160 16648 I art     : Starting a blocking GC Explicit
08-04 00:28:17.885 16160 16648 I art     : Explicit concurrent mark sweep GC freed 1341(78KB) AllocSpace objects, 1(20KB) LOS objects, 23% free, 52MB/68MB, paused 307us total 21.842ms
08-04 00:28:17.897 16160 16648 I art     : Starting a blocking GC Explicit
08-04 00:28:17.913 16160 16648 I art     : Explicit concurrent mark sweep GC freed 20(704B) AllocSpace objects, 0(0B) LOS objects, 23% free, 52MB/68MB, paused 257us total 16.029ms
08-04 00:28:17.920 16160 16648 I art     : Starting a blocking GC Explicit
08-04 00:28:17.936 16160 16648 I art     : Explicit concurrent mark sweep GC freed 3(96B) AllocSpace objects, 0(0B) LOS objects, 23% free, 52MB/68MB, paused 262us total 15.899ms
08-04 00:28:17.943 16160 16648 I art     : Starting a blocking GC Explicit
08-04 00:28:17.959 16160 16648 I art     : Explicit concurrent mark sweep GC freed 3(96B) AllocSpace objects, 0(0B) LOS objects, 23% free, 52MB/68MB, paused 259us total 15.754ms
08-04 00:28:17.965 16160 16648 I art     : Starting a blocking GC Explicit
08-04 00:28:17.981 16160 16648 I art     : Explicit concurrent mark sweep GC freed 3(96B) AllocSpace objects, 0(0B) LOS objects, 23% free, 52MB/68MB, paused 259us total 15.543ms
08-04 00:28:17.994   518   646 I ThermalEngine: ACTION: GPU - Setting GPU[0] to 510000000
08-04 00:28:18.303 16160 16173 I art     : Starting a blocking GC Explicit
08-04 00:28:18.326 16160 16173 I art     : Explicit concurrent mark sweep GC freed 1341(78KB) AllocSpace objects, 1(20KB) LOS objects, 23% free, 52MB/68MB, paused 310us total 22.757ms
08-04 00:28:18.338 16160 16173 I art     : Starting a blocking GC Explicit
08-04 00:28:18.355 16160 16173 I art     : Explicit concurrent mark sweep GC freed 20(704B) AllocSpace objects, 0(0B) LOS objects, 23% free, 52MB/68MB, paused 257us total 17.123ms
08-04 00:28:18.362 16160 16173 I art     : Starting a blocking GC Explicit
08-04 00:28:18.376 16160 16173 I art     : Explicit concurrent mark sweep GC freed 3(96B) AllocSpace objects, 0(0B) LOS objects, 23% free, 52MB/68MB, paused 240us total 14.608ms
08-04 00:28:18.383 16160 16173 I art     : Starting a blocking GC Explicit
08-04 00:28:18.397 16160 16173 I art     : Explicit concurrent mark sweep GC freed 3(96B) AllocSpace objects, 0(0B) LOS objects, 23% free, 52MB/68MB, paused 248us total 14.405ms
08-04 00:28:18.404 16160 16173 I art     : Starting a blocking GC Explicit
08-04 00:28:18.418 16160 16173 I art     : Explicit concurrent mark sweep GC freed 3(96B) AllocSpace objects, 0(0B) LOS objects, 23% free, 52MB/68MB, paused 252us total 14.516ms
08-04 00:28:18.709 17285 17285 D AndroidRuntime: >>>>>> START com.android.internal.os.RuntimeInit uid 2000 <<<<<<
08-04 00:28:18.715 16160 16250 I art     : Starting a blocking GC Explicit
08-04 00:28:18.716 17285 17285 D AndroidRuntime: CheckJNI is OFF
08-04 00:28:18.734 16160 16250 I art     : Explicit concurrent mark sweep GC freed 1341(78KB) AllocSpace objects, 1(20KB) LOS objects, 23% free, 52MB/68MB, paused 269us total 18.705ms
08-04 00:28:18.741 16160 16250 I art     : Starting a blocking GC Explicit
08-04 00:28:18.749 17285 17285 D ICU     : No timezone override file found: /data/misc/zoneinfo/current/icu/icu_tzdata.dat
08-04 00:28:18.756 16160 16250 I art     : Explicit concurrent mark sweep GC freed 20(704B) AllocSpace objects, 0(0B) LOS objects, 23% free, 52MB/68MB, paused 285us total 15.085ms
08-04 00:28:18.762 16160 16250 I art     : Starting a blocking GC Explicit
08-04 00:28:18.773 17285 17285 I Radio-JNI: register_android_hardware_Radio DONE
08-04 00:28:18.776 16160 16250 I art     : Explicit concurrent mark sweep GC freed 3(96B) AllocSpace objects, 0(0B) LOS objects, 23% free, 52MB/68MB, paused 257us total 13.612ms
08-04 00:28:18.782 16160 16250 I art     : Starting a blocking GC Explicit
08-04 00:28:18.790 17285 17285 D AndroidRuntime: Calling main entry com.android.commands.input.Input
08-04 00:28:18.791 17285 17285 I Input   : injectKeyEvent: KeyEvent { action=ACTION_DOWN, keyCode=KEYCODE_BACK, scanCode=0, metaState=0, flags=0x0, repeatCount=0, eventTime=664115204, downTime=664115204, deviceId=-1, source=0x101 }
08-04 00:28:18.796 16160 16250 I art     : Explicit concurrent mark sweep GC freed 3(96B) AllocSpace objects, 0(0B) LOS objects, 23% free, 52MB/68MB, paused 248us total 13.877ms
08-04 00:28:18.797 17285 17285 I Input   : injectKeyEvent: KeyEvent { action=ACTION_UP, keyCode=KEYCODE_BACK, scanCode=0, metaState=0, flags=0x0, repeatCount=0, eventTime=664115204, downTime=664115204, deviceId=-1, source=0x101 }
08-04 00:28:18.802 16160 16250 I art     : Starting a blocking GC Explicit
08-04 00:28:18.803 17285 17285 D AndroidRuntime: Shutting down VM
08-04 00:28:18.816 16160 16250 I art     : Explicit concurrent mark sweep GC freed 142(6KB) AllocSpace objects, 0(0B) LOS objects, 23% free, 52MB/68MB, paused 276us total 14.471ms
08-04 00:28:18.835 13866 13866 I GoogleInputMethodServic: GoogleInputMethodService.onFinishInput():3138 
08-04 00:28:18.836 13866 13866 I GoogleInputMethodServic: GoogleInputMethodService.onStartInput():1808 
08-04 00:28:19.074 16160 16173 I art     : Starting a blocking GC Explicit
08-04 00:28:19.097 16160 16173 I art     : Explicit concurrent mark sweep GC freed 1372(79KB) AllocSpace objects, 1(20KB) LOS objects, 23% free, 52MB/68MB, paused 334us total 23.238ms
08-04 00:28:19.110 16160 16173 I art     : Starting a blocking GC Explicit
08-04 00:28:19.128   380   380 W SurfaceFlinger: couldn't log to binary event log: overflow.
08-04 00:28:19.128 16160 16173 I art     : Explicit concurrent mark sweep GC freed 26(944B) AllocSpace objects, 0(0B) LOS objects, 23% free, 52MB/68MB, paused 504us total 18.645ms
08-04 00:28:19.141 16160 16173 I art     : Starting a blocking GC Explicit
08-04 00:28:19.158 16160 16173 I art     : Explicit concurrent mark sweep GC freed 112(8KB) AllocSpace objects, 0(0B) LOS objects, 23% free, 52MB/68MB, paused 447us total 16.618ms
08-04 00:28:19.165 16160 16173 I art     : Starting a blocking GC Explicit
08-04 00:28:19.182 16160 16173 I art     : Explicit concurrent mark sweep GC freed 1655(106KB) AllocSpace objects, 3(400KB) LOS objects, 23% free, 51MB/67MB, paused 341us total 16.767ms
08-04 00:28:19.189 16160 16173 I art     : Starting a blocking GC Explicit
08-04 00:28:19.207 16160 16173 I art     : Explicit concurrent mark sweep GC freed 3(96B) AllocSpace objects, 0(0B) LOS objects, 23% free, 51MB/67MB, paused 460us total 17.173ms
08-04 00:28:19.484 16160 16648 I art     : Starting a blocking GC Explicit
08-04 00:28:19.506 16160 16648 I art     : Explicit concurrent mark sweep GC freed 1341(78KB) AllocSpace objects, 1(20KB) LOS objects, 23% free, 51MB/67MB, paused 357us total 21.642ms
08-04 00:28:19.514 16160 16648 I art     : Starting a blocking GC Explicit
08-04 00:28:19.534 16160 16648 I art     : Explicit concurrent mark sweep GC freed 20(704B) AllocSpace objects, 0(0B) LOS objects, 23% free, 51MB/67MB, paused 346us total 19.288ms
08-04 00:28:19.542 16160 16648 I art     : Starting a blocking GC Explicit
08-04 00:28:19.562 16160 16648 I art     : Explicit concurrent mark sweep GC freed 3(96B) AllocSpace objects, 0(0B) LOS objects, 23% free, 51MB/67MB, paused 353us total 19.416ms
08-04 00:28:19.571 16160 16648 I art     : Starting a blocking GC Explicit
08-04 00:28:19.590 16160 16648 I art     : Explicit concurrent mark sweep GC freed 3(96B) AllocSpace objects, 0(0B) LOS objects, 23% free, 51MB/67MB, paused 346us total 18.880ms
08-04 00:28:19.598 16160 16648 I art     : Starting a blocking GC Explicit
08-04 00:28:19.617 16160 16648 I art     : Explicit concurrent mark sweep GC freed 3(96B) AllocSpace objects, 0(0B) LOS objects, 23% free, 51MB/67MB, paused 378us total 18.896ms
08-04 00:28:19.909 16160 16250 I art     : Starting a blocking GC Explicit
08-04 00:28:19.935 16160 16250 I art     : Explicit concurrent mark sweep GC freed 1340(78KB) AllocSpace objects, 1(20KB) LOS objects, 23% free, 51MB/67MB, paused 412us total 25.597ms
08-04 00:28:19.948 16160 16250 I art     : Starting a blocking GC Explicit
08-04 00:28:19.968 16160 16250 I art     : Explicit concurrent mark sweep GC freed 20(704B) AllocSpace objects, 0(0B) LOS objects, 23% free, 51MB/67MB, paused 372us total 19.094ms
08-04 00:28:19.976 16160 16250 I art     : Starting a blocking GC Explicit
08-04 00:28:19.995 16160 16250 I art     : Explicit concurrent mark sweep GC freed 3(96B) AllocSpace objects, 0(0B) LOS objects, 23% free, 51MB/67MB, paused 352us total 18.769ms
08-04 00:28:20.004 16160 16250 I art     : Starting a blocking GC Explicit
08-04 00:28:20.023 16160 16250 I art     : Explicit concurrent mark sweep GC freed 3(96B) AllocSpace objects, 0(0B) LOS objects, 23% free, 51MB/67MB, paused 354us total 19.152ms
08-04 00:28:20.031 16160 16250 I art     : Starting a blocking GC Explicit
08-04 00:28:20.049 16160 16250 I art     : Explicit concurrent mark sweep GC freed 3(96B) AllocSpace objects, 0(0B) LOS objects, 23% free, 51MB/67MB, paused 405us total 17.761ms
08-04 00:28:20.330 16160 16172 I art     : Starting a blocking GC Explicit
08-04 00:28:20.350 16160 16172 I art     : Explicit concurrent mark sweep GC freed 1340(78KB) AllocSpace objects, 1(20KB) LOS objects, 23% free, 51MB/67MB, paused 418us total 19.614ms
08-04 00:28:20.358 16160 16172 I art     : Starting a blocking GC Explicit
08-04 00:28:20.377 16160 16172 I art     : Explicit concurrent mark sweep GC freed 20(704B) AllocSpace objects, 0(0B) LOS objects, 23% free, 51MB/67MB, paused 440us total 18.400ms
08-04 00:28:20.385 16160 16172 I art     : Starting a blocking GC Explicit
08-04 00:28:20.404 16160 16172 I art     : Explicit concurrent mark sweep GC freed 3(96B) AllocSpace objects, 0(0B) LOS objects, 23% free, 51MB/67MB, paused 351us total 18.163ms
08-04 00:28:20.412 16160 16172 I art     : Starting a blocking GC Explicit
08-04 00:28:20.430 16160 16172 I art     : Explicit concurrent mark sweep GC freed 3(96B) AllocSpace objects, 0(0B) LOS objects, 23% free, 51MB/67MB, paused 353us total 18.142ms
08-04 00:28:20.438 16160 16172 I art     : Starting a blocking GC Explicit
08-04 00:28:20.448 17339 17339 D AndroidRuntime: >>>>>> START com.android.internal.os.RuntimeInit uid 2000 <<<<<<
08-04 00:28:20.453 17339 17339 D AndroidRuntime: CheckJNI is OFF
08-04 00:28:20.457 16160 16172 I art     : Explicit concurrent mark sweep GC freed 3(96B) AllocSpace objects, 0(0B) LOS objects, 23% free, 51MB/67MB, paused 359us total 18.277ms
08-04 00:28:20.487 17339 17339 D ICU     : No timezone override file found: /data/misc/zoneinfo/current/icu/icu_tzdata.dat
08-04 00:28:20.519 17339 17339 I Radio-JNI: register_android_hardware_Radio DONE
08-04 00:28:20.541 17339 17339 D AndroidRuntime: Calling main entry com.android.commands.input.Input
08-04 00:28:20.542 17339 17339 I Input   : injectMotionEvent: MotionEvent { action=ACTION_DOWN, actionButton=0, id[0]=0, x[0]=733.0, y[0]=1957.0, toolType[0]=TOOL_TYPE_UNKNOWN, buttonState=0, metaState=0, flags=0x0, edgeFlags=0x0, pointerCount=1, historySize=0, eventTime=664116955, downTime=664116955, deviceId=0, source=0x1002 }
08-04 00:28:20.548 17339 17339 I Input   : injectMotionEvent: MotionEvent { action=ACTION_UP, actionButton=0, id[0]=0, x[0]=733.0, y[0]=1957.0, toolType[0]=TOOL_TYPE_UNKNOWN, buttonState=0, metaState=0, flags=0x0, edgeFlags=0x0, pointerCount=1, historySize=0, eventTime=664116955, downTime=664116955, deviceId=0, source=0x1002 }
08-04 00:28:20.549   918  5132 I ActivityManager: START u0 {cmp=baseline.appteam.nith.hillffair/.activities.ClubActivity (has extras)} from uid 10651 on display 0
08-04 00:28:20.556 17339 17339 D AndroidRuntime: Shutting down VM
08-04 00:28:20.658   918   936 I ActivityManager: Displayed baseline.appteam.nith.hillffair/.activities.ClubActivity: +102ms
08-04 00:28:20.659 13866 13866 I GoogleInputMethodServic: GoogleInputMethodService.onFinishInput():3138 
08-04 00:28:20.660 13866 13866 I GoogleInputMethodServic: GoogleInputMethodService.onStartInput():1808 
08-04 00:28:20.723 16160 16173 I art     : Starting a blocking GC Explicit
08-04 00:28:20.742 16160 16173 I art     : Explicit concurrent mark sweep GC freed 5298(332KB) AllocSpace objects, 1(20KB) LOS objects, 23% free, 52MB/68MB, paused 410us total 18.721ms
08-04 00:28:20.750 16160 16173 I art     : Starting a blocking GC Explicit
08-04 00:28:20.773 16160 16173 I art     : Explicit concurrent mark sweep GC freed 211(9KB) AllocSpace objects, 0(0B) LOS objects, 23% free, 52MB/68MB, paused 404us total 23.106ms
08-04 00:28:20.783 16160 16173 I art     : Starting a blocking GC Explicit
08-04 00:28:20.805 16160 16173 I art     : Explicit concurrent mark sweep GC freed 3(96B) AllocSpace objects, 0(0B) LOS objects, 23% free, 52MB/68MB, paused 441us total 21.893ms
08-04 00:28:20.814 16160 16173 I art     : Starting a blocking GC Explicit
08-04 00:28:20.837 16160 16173 I art     : Explicit concurrent mark sweep GC freed 3(96B) AllocSpace objects, 0(0B) LOS objects, 23% free, 52MB/68MB, paused 448us total 22.682ms
08-04 00:28:20.847 16160 16173 I art     : Starting a blocking GC Explicit
08-04 00:28:20.871 16160 16173 I art     : Explicit concurrent mark sweep GC freed 3(96B) AllocSpace objects, 0(0B) LOS objects, 23% free, 52MB/68MB, paused 414us total 23.960ms
08-04 00:28:20.914   380   380 W SurfaceFlinger: couldn't log to binary event log: overflow.
08-04 00:28:21.092 16160 17364 D OkHttp  : --> GET https://api-hillfair-2k16.herokuapp.com/api/app/events/special/event?id=58065620dcba0f490c70fe09 http/1.1
08-04 00:28:21.120 16160 17364 D OkHttp  : <-- 200 OK https://api-hillfair-2k16.herokuapp.com/api/app/events/special/event?id=58065620dcba0f490c70fe09 (27ms, 682-byte body)
08-04 00:28:21.144 16160 16173 I art     : Starting a blocking GC Explicit
08-04 00:28:21.163 16160 16173 I art     : Explicit concurrent mark sweep GC freed 4331(255KB) AllocSpace objects, 4(220KB) LOS objects, 23% free, 52MB/68MB, paused 403us total 18.837ms
08-04 00:28:21.164 16160 16160 I NAPPA_EXPERIMENTATION: MetricNetworkRequestExecutionTime: REQUEST_DURATION_SYSTEM='580',REQUEST_DURATION_OKHTTP='28',REQUEST_SYNCHRONOUS='FALSE',RESPONSE_CODE='200',RESPONSE_METHOD='GET',RESPONSE_LENGTH_OKHTTP='682',RESPONSE_LENGTH_HEADER='682',REQUEST_PROTOCOL='http/1.1',REQUEST_URL='https://api-hillfair-2k16.herokuapp.com/api/app/events/special/event?id=58065620dcba0f490c70fe09',
08-04 00:28:21.170 16160 16173 I art     : Starting a blocking GC Explicit
08-04 00:28:21.187 16160 16173 I art     : Explicit concurrent mark sweep GC freed 1513(178KB) AllocSpace objects, 0(0B) LOS objects, 23% free, 52MB/68MB, paused 367us total 17.039ms
08-04 00:28:21.196 16160 16173 I art     : Starting a blocking GC Explicit
08-04 00:28:21.213 16160 16173 I art     : Explicit concurrent mark sweep GC freed 58(1920B) AllocSpace objects, 0(0B) LOS objects, 23% free, 52MB/68MB, paused 359us total 17.078ms
08-04 00:28:21.221 16160 16173 I art     : Starting a blocking GC Explicit
08-04 00:28:21.238 16160 16173 I art     : Explicit concurrent mark sweep GC freed 3(96B) AllocSpace objects, 0(0B) LOS objects, 23% free, 52MB/68MB, paused 340us total 16.642ms
08-04 00:28:21.245 16160 16173 I art     : Starting a blocking GC Explicit
08-04 00:28:21.262 16160 16173 I art     : Explicit concurrent mark sweep GC freed 3(96B) AllocSpace objects, 0(0B) LOS objects, 23% free, 52MB/68MB, paused 349us total 16.855ms
08-04 00:28:21.540 16160 16173 I art     : Starting a blocking GC Explicit
08-04 00:28:21.558 16160 16173 I art     : Explicit concurrent mark sweep GC freed 1341(78KB) AllocSpace objects, 1(20KB) LOS objects, 23% free, 52MB/68MB, paused 380us total 17.857ms
08-04 00:28:21.565 16160 16173 I art     : Starting a blocking GC Explicit
08-04 00:28:21.584 16160 16173 I art     : Explicit concurrent mark sweep GC freed 36(1264B) AllocSpace objects, 0(0B) LOS objects, 23% free, 52MB/68MB, paused 350us total 18.067ms
08-04 00:28:21.592 16160 16173 I art     : Starting a blocking GC Explicit
08-04 00:28:21.611 16160 16173 I art     : Explicit concurrent mark sweep GC freed 3(96B) AllocSpace objects, 0(0B) LOS objects, 23% free, 52MB/68MB, paused 389us total 19.196ms
08-04 00:28:21.620 16160 16173 I art     : Starting a blocking GC Explicit
08-04 00:28:21.640 16160 16173 I art     : Explicit concurrent mark sweep GC freed 3(96B) AllocSpace objects, 0(0B) LOS objects, 23% free, 52MB/68MB, paused 380us total 19.809ms
08-04 00:28:21.648 16160 16173 I art     : Starting a blocking GC Explicit
08-04 00:28:21.668 16160 16173 I art     : Explicit concurrent mark sweep GC freed 3(96B) AllocSpace objects, 0(0B) LOS objects, 23% free, 52MB/68MB, paused 380us total 19.357ms
08-04 00:28:21.960 16160 16172 I art     : Starting a blocking GC Explicit
08-04 00:28:21.983 16160 16172 I art     : Explicit concurrent mark sweep GC freed 1341(78KB) AllocSpace objects, 1(20KB) LOS objects, 23% free, 52MB/68MB, paused 399us total 22.149ms
08-04 00:28:21.992 16160 16172 I art     : Starting a blocking GC Explicit
08-04 00:28:22.012 16160 16172 I art     : Explicit concurrent mark sweep GC freed 20(704B) AllocSpace objects, 0(0B) LOS objects, 23% free, 52MB/68MB, paused 393us total 20.218ms
08-04 00:28:22.021 16160 16172 I art     : Starting a blocking GC Explicit
08-04 00:28:22.041 16160 16172 I art     : Explicit concurrent mark sweep GC freed 3(96B) AllocSpace objects, 0(0B) LOS objects, 23% free, 52MB/68MB, paused 378us total 20.378ms
08-04 00:28:22.050 16160 16172 I art     : Starting a blocking GC Explicit
08-04 00:28:22.071 16160 16172 I art     : Explicit concurrent mark sweep GC freed 3(96B) AllocSpace objects, 0(0B) LOS objects, 23% free, 52MB/68MB, paused 384us total 20.456ms
08-04 00:28:22.080 16160 16172 I art     : Starting a blocking GC Explicit
08-04 00:28:22.101 16160 16172 I art     : Explicit concurrent mark sweep GC freed 3(96B) AllocSpace objects, 0(0B) LOS objects, 23% free, 52MB/68MB, paused 392us total 20.710ms
08-04 00:28:22.389 16160 16250 I art     : Starting a blocking GC Explicit
08-04 00:28:22.419 16160 16250 I art     : Explicit concurrent mark sweep GC freed 1341(78KB) AllocSpace objects, 1(20KB) LOS objects, 23% free, 52MB/68MB, paused 438us total 29.603ms
08-04 00:28:22.432 16160 16250 I art     : Starting a blocking GC Explicit
08-04 00:28:22.451 16160 16250 I art     : Explicit concurrent mark sweep GC freed 20(704B) AllocSpace objects, 0(0B) LOS objects, 23% free, 52MB/68MB, paused 379us total 19.492ms
08-04 00:28:22.460 16160 16250 I art     : Starting a blocking GC Explicit
08-04 00:28:22.480 16160 16250 I art     : Explicit concurrent mark sweep GC freed 3(96B) AllocSpace objects, 0(0B) LOS objects, 23% free, 52MB/68MB, paused 372us total 19.757ms
08-04 00:28:22.488 16160 16250 I art     : Starting a blocking GC Explicit
08-04 00:28:22.509 16160 16250 I art     : Explicit concurrent mark sweep GC freed 3(96B) AllocSpace objects, 0(0B) LOS objects, 23% free, 52MB/68MB, paused 373us total 20.358ms
08-04 00:28:22.518 16160 16250 I art     : Starting a blocking GC Explicit
08-04 00:28:22.538 16160 16250 I art     : Explicit concurrent mark sweep GC freed 3(96B) AllocSpace objects, 0(0B) LOS objects, 23% free, 52MB/68MB, paused 389us total 20.440ms
08-04 00:28:22.856 16160 16648 I art     : Starting a blocking GC Explicit
08-04 00:28:22.877 16160 16648 I art     : Explicit concurrent mark sweep GC freed 1341(78KB) AllocSpace objects, 1(20KB) LOS objects, 23% free, 52MB/68MB, paused 379us total 20.587ms
08-04 00:28:22.885 16160 16648 I art     : Starting a blocking GC Explicit
08-04 00:28:22.905 16160 16648 I art     : Explicit concurrent mark sweep GC freed 20(704B) AllocSpace objects, 0(0B) LOS objects, 23% free, 52MB/68MB, paused 394us total 19.872ms
08-04 00:28:22.914 16160 16648 I art     : Starting a blocking GC Explicit
08-04 00:28:22.934 16160 16648 I art     : Explicit concurrent mark sweep GC freed 3(96B) AllocSpace objects, 0(0B) LOS objects, 23% free, 52MB/68MB, paused 382us total 19.820ms
08-04 00:28:22.942 16160 16648 I art     : Starting a blocking GC Explicit
08-04 00:28:22.962 16160 16648 I art     : Explicit concurrent mark sweep GC freed 3(96B) AllocSpace objects, 0(0B) LOS objects, 23% free, 52MB/68MB, paused 411us total 19.168ms
08-04 00:28:22.970 16160 16648 I art     : Starting a blocking GC Explicit
08-04 00:28:22.989 16160 16648 I art     : Explicit concurrent mark sweep GC freed 3(96B) AllocSpace objects, 0(0B) LOS objects, 23% free, 52MB/68MB, paused 398us total 19.118ms
08-04 00:28:23.230 17438 17438 D AndroidRuntime: >>>>>> START com.android.internal.os.RuntimeInit uid 2000 <<<<<<
08-04 00:28:23.235 17438 17438 D AndroidRuntime: CheckJNI is OFF
08-04 00:28:23.271 17438 17438 D ICU     : No timezone override file found: /data/misc/zoneinfo/current/icu/icu_tzdata.dat
08-04 00:28:23.283 16160 16173 I art     : Starting a blocking GC Explicit
08-04 00:28:23.304 16160 16173 I art     : Explicit concurrent mark sweep GC freed 1341(78KB) AllocSpace objects, 1(20KB) LOS objects, 23% free, 52MB/68MB, paused 417us total 20.694ms
08-04 00:28:23.305 17438 17438 I Radio-JNI: register_android_hardware_Radio DONE
08-04 00:28:23.313 16160 16173 I art     : Starting a blocking GC Explicit
08-04 00:28:23.329 17438 17438 D AndroidRuntime: Calling main entry com.android.commands.input.Input
08-04 00:28:23.330 17438 17438 I Input   : injectKeyEvent: KeyEvent { action=ACTION_DOWN, keyCode=KEYCODE_BACK, scanCode=0, metaState=0, flags=0x0, repeatCount=0, eventTime=664119743, downTime=664119743, deviceId=-1, source=0x101 }
08-04 00:28:23.333 16160 16173 I art     : Explicit concurrent mark sweep GC freed 20(704B) AllocSpace objects, 0(0B) LOS objects, 23% free, 52MB/68MB, paused 394us total 19.087ms
08-04 00:28:23.336 17438 17438 I Input   : injectKeyEvent: KeyEvent { action=ACTION_UP, keyCode=KEYCODE_BACK, scanCode=0, metaState=0, flags=0x0, repeatCount=0, eventTime=664119743, downTime=664119743, deviceId=-1, source=0x101 }
08-04 00:28:23.341 16160 16173 I art     : Starting a blocking GC Explicit
08-04 00:28:23.342 17438 17438 D AndroidRuntime: Shutting down VM
08-04 00:28:23.360 16160 16173 I art     : Explicit concurrent mark sweep GC freed 142(6KB) AllocSpace objects, 0(0B) LOS objects, 23% free, 52MB/68MB, paused 358us total 18.928ms
08-04 00:28:23.368 16160 16173 I art     : Starting a blocking GC Explicit
08-04 00:28:23.377 13866 13866 I GoogleInputMethodServic: GoogleInputMethodService.onFinishInput():3138 
08-04 00:28:23.378 13866 13866 I GoogleInputMethodServic: GoogleInputMethodService.onStartInput():1808 
08-04 00:28:23.387 16160 16173 I art     : Explicit concurrent mark sweep GC freed 9(496B) AllocSpace objects, 0(0B) LOS objects, 23% free, 52MB/68MB, paused 370us total 19.375ms
08-04 00:28:23.395 16160 16173 I art     : Starting a blocking GC Explicit
08-04 00:28:23.413 16160 16173 I art     : Explicit concurrent mark sweep GC freed 31(1024B) AllocSpace objects, 0(0B) LOS objects, 23% free, 52MB/68MB, paused 365us total 17.885ms
08-04 00:28:23.666   380   380 W SurfaceFlinger: couldn't log to binary event log: overflow.
08-04 00:28:23.678 16160 16172 I art     : Starting a blocking GC Explicit
08-04 00:28:23.698 16160 16172 I art     : Explicit concurrent mark sweep GC freed 1454(87KB) AllocSpace objects, 1(20KB) LOS objects, 23% free, 52MB/68MB, paused 409us total 19.015ms
08-04 00:28:23.705 16160 16172 I art     : Starting a blocking GC Explicit
08-04 00:28:23.723 16160 16172 I art     : Explicit concurrent mark sweep GC freed 1672(106KB) AllocSpace objects, 3(400KB) LOS objects, 23% free, 52MB/68MB, paused 366us total 17.912ms
08-04 00:28:23.731 16160 16172 I art     : Starting a blocking GC Explicit
08-04 00:28:23.749 16160 16172 I art     : Explicit concurrent mark sweep GC freed 3(96B) AllocSpace objects, 0(0B) LOS objects, 23% free, 52MB/68MB, paused 365us total 17.598ms
08-04 00:28:23.757 16160 16172 I art     : Starting a blocking GC Explicit
08-04 00:28:23.775 16160 16172 I art     : Explicit concurrent mark sweep GC freed 3(96B) AllocSpace objects, 0(0B) LOS objects, 23% free, 52MB/68MB, paused 373us total 18.225ms
08-04 00:28:23.784 16160 16172 I art     : Starting a blocking GC Explicit
08-04 00:28:23.803 16160 16172 I art     : Explicit concurrent mark sweep GC freed 3(96B) AllocSpace objects, 0(0B) LOS objects, 23% free, 52MB/68MB, paused 374us total 18.722ms
08-04 00:28:24.093 16160 16648 I art     : Starting a blocking GC Explicit
08-04 00:28:24.120 16160 16648 I art     : Explicit concurrent mark sweep GC freed 1341(78KB) AllocSpace objects, 1(20KB) LOS objects, 23% free, 52MB/68MB, paused 386us total 27.232ms
08-04 00:28:24.132 16160 16648 I art     : Starting a blocking GC Explicit
08-04 00:28:24.154 16160 16648 I art     : Explicit concurrent mark sweep GC freed 20(704B) AllocSpace objects, 0(0B) LOS objects, 23% free, 52MB/68MB, paused 377us total 21.464ms
08-04 00:28:24.162 16160 16648 I art     : Starting a blocking GC Explicit
08-04 00:28:24.183 16160 16648 I art     : Explicit concurrent mark sweep GC freed 3(96B) AllocSpace objects, 0(0B) LOS objects, 23% free, 52MB/68MB, paused 383us total 19.926ms
08-04 00:28:24.191 16160 16648 I art     : Starting a blocking GC Explicit
08-04 00:28:24.211 16160 16648 I art     : Explicit concurrent mark sweep GC freed 3(96B) AllocSpace objects, 0(0B) LOS objects, 23% free, 52MB/68MB, paused 376us total 19.355ms
08-04 00:28:24.219 16160 16648 I art     : Starting a blocking GC Explicit
08-04 00:28:24.239 16160 16648 I art     : Explicit concurrent mark sweep GC freed 3(96B) AllocSpace objects, 0(0B) LOS objects, 23% free, 52MB/68MB, paused 373us total 19.271ms
08-04 00:28:24.518 16160 16250 I art     : Starting a blocking GC Explicit
08-04 00:28:24.539 16160 16250 I art     : Explicit concurrent mark sweep GC freed 1340(78KB) AllocSpace objects, 1(20KB) LOS objects, 23% free, 52MB/68MB, paused 410us total 21.108ms
08-04 00:28:24.550 16160 16250 I art     : Starting a blocking GC Explicit
08-04 00:28:24.571 16160 16250 I art     : Explicit concurrent mark sweep GC freed 20(704B) AllocSpace objects, 0(0B) LOS objects, 23% free, 52MB/68MB, paused 371us total 20.569ms
08-04 00:28:24.580 16160 16250 I art     : Starting a blocking GC Explicit
08-04 00:28:24.599 16160 16250 I art     : Explicit concurrent mark sweep GC freed 3(96B) AllocSpace objects, 0(0B) LOS objects, 23% free, 52MB/68MB, paused 433us total 19.064ms
08-04 00:28:24.608 16160 16250 I art     : Starting a blocking GC Explicit
08-04 00:28:24.626 16160 16250 I art     : Explicit concurrent mark sweep GC freed 3(96B) AllocSpace objects, 0(0B) LOS objects, 23% free, 52MB/68MB, paused 406us total 18.319ms
08-04 00:28:24.634 16160 16250 I art     : Starting a blocking GC Explicit
08-04 00:28:24.653 16160 16250 I art     : Explicit concurrent mark sweep GC freed 3(96B) AllocSpace objects, 0(0B) LOS objects, 23% free, 52MB/68MB, paused 370us total 18.363ms
08-04 00:28:24.942 16160 16173 I art     : Starting a blocking GC Explicit
08-04 00:28:24.961 16160 16173 I art     : Explicit concurrent mark sweep GC freed 1340(78KB) AllocSpace objects, 1(20KB) LOS objects, 23% free, 52MB/68MB, paused 404us total 19.623ms
08-04 00:28:24.970 16160 16173 I art     : Starting a blocking GC Explicit
08-04 00:28:24.983 17494 17494 D AndroidRuntime: >>>>>> START com.android.internal.os.RuntimeInit uid 2000 <<<<<<
08-04 00:28:24.988 17494 17494 D AndroidRuntime: CheckJNI is OFF
08-04 00:28:24.989 16160 16173 I art     : Explicit concurrent mark sweep GC freed 20(704B) AllocSpace objects, 0(0B) LOS objects, 23% free, 52MB/68MB, paused 406us total 19.118ms
08-04 00:28:24.997 16160 16173 I art     : Starting a blocking GC Explicit
08-04 00:28:25.015 16160 16173 I art     : Explicit concurrent mark sweep GC freed 3(96B) AllocSpace objects, 0(0B) LOS objects, 23% free, 52MB/68MB, paused 384us total 17.858ms
08-04 00:28:25.023 17494 17494 D ICU     : No timezone override file found: /data/misc/zoneinfo/current/icu/icu_tzdata.dat
08-04 00:28:25.023 16160 16173 I art     : Starting a blocking GC Explicit
08-04 00:28:25.042 16160 16173 I art     : Explicit concurrent mark sweep GC freed 3(96B) AllocSpace objects, 0(0B) LOS objects, 23% free, 52MB/68MB, paused 402us total 18.263ms
08-04 00:28:25.050 16160 16173 I art     : Starting a blocking GC Explicit
08-04 00:28:25.060 17494 17494 I Radio-JNI: register_android_hardware_Radio DONE
08-04 00:28:25.068 16160 16173 I art     : Explicit concurrent mark sweep GC freed 3(96B) AllocSpace objects, 0(0B) LOS objects, 23% free, 52MB/68MB, paused 401us total 18.390ms
08-04 00:28:25.081 17494 17494 D AndroidRuntime: Calling main entry com.android.commands.input.Input
08-04 00:28:25.083 17494 17494 I Input   : injectMotionEvent: MotionEvent { action=ACTION_DOWN, actionButton=0, id[0]=0, x[0]=733.0, y[0]=645.0, toolType[0]=TOOL_TYPE_UNKNOWN, buttonState=0, metaState=0, flags=0x0, edgeFlags=0x0, pointerCount=1, historySize=0, eventTime=664121495, downTime=664121495, deviceId=0, source=0x1002 }
08-04 00:28:25.088 17494 17494 I Input   : injectMotionEvent: MotionEvent { action=ACTION_UP, actionButton=0, id[0]=0, x[0]=733.0, y[0]=645.0, toolType[0]=TOOL_TYPE_UNKNOWN, buttonState=0, metaState=0, flags=0x0, edgeFlags=0x0, pointerCount=1, historySize=0, eventTime=664121495, downTime=664121495, deviceId=0, source=0x1002 }
08-04 00:28:25.089   918  6029 I ActivityManager: START u0 {cmp=baseline.appteam.nith.hillffair/.activities.ClubActivity (has extras)} from uid 10651 on display 0
08-04 00:28:25.095 17494 17494 D AndroidRuntime: Shutting down VM
08-04 00:28:25.197   918   936 I ActivityManager: Displayed baseline.appteam.nith.hillffair/.activities.ClubActivity: +102ms
08-04 00:28:25.198 13866 13866 I GoogleInputMethodServic: GoogleInputMethodService.onFinishInput():3138 
08-04 00:28:25.199 13866 13866 I GoogleInputMethodServic: GoogleInputMethodService.onStartInput():1808 
08-04 00:28:25.321 16160 16173 I art     : Starting a blocking GC Explicit
08-04 00:28:25.347 16160 16173 I art     : Explicit concurrent mark sweep GC freed 5287(330KB) AllocSpace objects, 1(20KB) LOS objects, 23% free, 52MB/68MB, paused 498us total 25.896ms
08-04 00:28:25.359 16160 16173 I art     : Starting a blocking GC Explicit
08-04 00:28:25.383 16160 16173 I art     : Explicit concurrent mark sweep GC freed 211(9KB) AllocSpace objects, 0(0B) LOS objects, 23% free, 52MB/68MB, paused 449us total 24.248ms
08-04 00:28:25.393 16160 16173 I art     : Starting a blocking GC Explicit
08-04 00:28:25.415 16160 16173 I art     : Explicit concurrent mark sweep GC freed 3(96B) AllocSpace objects, 0(0B) LOS objects, 23% free, 52MB/68MB, paused 423us total 21.262ms
08-04 00:28:25.425 16160 16173 I art     : Starting a blocking GC Explicit
08-04 00:28:25.435   380   380 W SurfaceFlinger: couldn't log to binary event log: overflow.
08-04 00:28:25.447 16160 16173 I art     : Explicit concurrent mark sweep GC freed 3(96B) AllocSpace objects, 0(0B) LOS objects, 23% free, 52MB/68MB, paused 508us total 21.442ms
08-04 00:28:25.455 16160 16173 I art     : Starting a blocking GC Explicit
08-04 00:28:25.473 16160 16173 I art     : Explicit concurrent mark sweep GC freed 3(96B) AllocSpace objects, 0(0B) LOS objects, 23% free, 52MB/68MB, paused 390us total 17.698ms
08-04 00:28:25.593 16160 17517 D OkHttp  : --> GET https://api-hillfair-2k16.herokuapp.com/api/app/events/special/event?id=5806551bdcba0f490c70fd1f http/1.1
08-04 00:28:25.622 16160 17517 D OkHttp  : <-- 200 OK https://api-hillfair-2k16.herokuapp.com/api/app/events/special/event?id=5806551bdcba0f490c70fd1f (29ms, 795-byte body)
08-04 00:28:25.671 16160 16160 I NAPPA_EXPERIMENTATION: MetricNetworkRequestExecutionTime: REQUEST_DURATION_SYSTEM='550',REQUEST_DURATION_OKHTTP='29',REQUEST_SYNCHRONOUS='FALSE',RESPONSE_CODE='200',RESPONSE_METHOD='GET',RESPONSE_LENGTH_OKHTTP='795',RESPONSE_LENGTH_HEADER='795',REQUEST_PROTOCOL='http/1.1',REQUEST_URL='https://api-hillfair-2k16.herokuapp.com/api/app/events/special/event?id=5806551bdcba0f490c70fd1f',
08-04 00:28:25.743 16160 16173 I art     : Starting a blocking GC Explicit
08-04 00:28:25.764 16160 16173 I art     : Explicit concurrent mark sweep GC freed 4860(316KB) AllocSpace objects, 4(220KB) LOS objects, 23% free, 52MB/68MB, paused 399us total 20.853ms
08-04 00:28:25.773 16160 16173 I art     : Starting a blocking GC Explicit
08-04 00:28:25.793 16160 16173 I art     : Explicit concurrent mark sweep GC freed 1030(119KB) AllocSpace objects, 0(0B) LOS objects, 23% free, 52MB/68MB, paused 399us total 19.780ms
08-04 00:28:25.801 16160 16173 I art     : Starting a blocking GC Explicit
08-04 00:28:25.821 16160 16173 I art     : Explicit concurrent mark sweep GC freed 3(96B) AllocSpace objects, 0(0B) LOS objects, 23% free, 52MB/68MB, paused 392us total 19.708ms
08-04 00:28:25.830 16160 16173 I art     : Starting a blocking GC Explicit
08-04 00:28:25.849 16160 16173 I art     : Explicit concurrent mark sweep GC freed 3(96B) AllocSpace objects, 0(0B) LOS objects, 23% free, 52MB/68MB, paused 399us total 18.942ms
08-04 00:28:25.857 16160 16173 I art     : Starting a blocking GC Explicit
08-04 00:28:25.878 16160 16173 I art     : Explicit concurrent mark sweep GC freed 3(96B) AllocSpace objects, 0(0B) LOS objects, 23% free, 52MB/68MB, paused 624us total 19.993ms
08-04 00:28:26.158 16160 16173 I art     : Starting a blocking GC Explicit
08-04 00:28:26.180 16160 16173 I art     : Explicit concurrent mark sweep GC freed 1342(78KB) AllocSpace objects, 1(20KB) LOS objects, 23% free, 52MB/68MB, paused 434us total 22.291ms
08-04 00:28:26.189 16160 16173 I art     : Starting a blocking GC Explicit
08-04 00:28:26.210 16160 16173 I art     : Explicit concurrent mark sweep GC freed 36(1264B) AllocSpace objects, 0(0B) LOS objects, 23% free, 52MB/68MB, paused 411us total 21.007ms
08-04 00:28:26.219 16160 16173 I art     : Starting a blocking GC Explicit
08-04 00:28:26.240 16160 16173 I art     : Explicit concurrent mark sweep GC freed 3(96B) AllocSpace objects, 0(0B) LOS objects, 23% free, 52MB/68MB, paused 405us total 20.925ms
08-04 00:28:26.249 16160 16173 I art     : Starting a blocking GC Explicit
08-04 00:28:26.270 16160 16173 I art     : Explicit concurrent mark sweep GC freed 3(96B) AllocSpace objects, 0(0B) LOS objects, 23% free, 52MB/68MB, paused 410us total 20.726ms
08-04 00:28:26.279 16160 16173 I art     : Starting a blocking GC Explicit
08-04 00:28:26.300 16160 16173 I art     : Explicit concurrent mark sweep GC freed 3(96B) AllocSpace objects, 0(0B) LOS objects, 23% free, 52MB/68MB, paused 408us total 20.849ms
08-04 00:28:26.589 16160 16172 I art     : Starting a blocking GC Explicit
08-04 00:28:26.613 16160 16172 I art     : Explicit concurrent mark sweep GC freed 1341(78KB) AllocSpace objects, 1(20KB) LOS objects, 23% free, 52MB/68MB, paused 415us total 23.952ms
08-04 00:28:26.622 16160 16172 I art     : Starting a blocking GC Explicit
08-04 00:28:26.643 16160 16172 I art     : Explicit concurrent mark sweep GC freed 20(704B) AllocSpace objects, 0(0B) LOS objects, 23% free, 52MB/68MB, paused 417us total 20.697ms
08-04 00:28:26.651 16160 16172 I art     : Starting a blocking GC Explicit
08-04 00:28:26.672 16160 16172 I art     : Explicit concurrent mark sweep GC freed 3(96B) AllocSpace objects, 0(0B) LOS objects, 23% free, 52MB/68MB, paused 393us total 20.840ms
08-04 00:28:26.681 16160 16172 I art     : Starting a blocking GC Explicit
08-04 00:28:26.702 16160 16172 I art     : Explicit concurrent mark sweep GC freed 3(96B) AllocSpace objects, 0(0B) LOS objects, 23% free, 52MB/68MB, paused 402us total 20.429ms
08-04 00:28:26.711 16160 16172 I art     : Starting a blocking GC Explicit
08-04 00:28:26.731 16160 16172 I art     : Explicit concurrent mark sweep GC freed 3(96B) AllocSpace objects, 0(0B) LOS objects, 23% free, 52MB/68MB, paused 401us total 20.497ms
08-04 00:28:27.059 16160 16250 I art     : Starting a blocking GC Explicit
08-04 00:28:27.085 16160 16250 I art     : Explicit concurrent mark sweep GC freed 1341(78KB) AllocSpace objects, 1(20KB) LOS objects, 23% free, 52MB/68MB, paused 455us total 26.130ms
08-04 00:28:27.097 16160 16250 I art     : Starting a blocking GC Explicit
08-04 00:28:27.117 16160 16250 I art     : Explicit concurrent mark sweep GC freed 20(704B) AllocSpace objects, 0(0B) LOS objects, 23% free, 52MB/68MB, paused 575us total 20.035ms
08-04 00:28:27.125 16160 16250 I art     : Starting a blocking GC Explicit
08-04 00:28:27.146 16160 16250 I art     : Explicit concurrent mark sweep GC freed 3(96B) AllocSpace objects, 0(0B) LOS objects, 23% free, 52MB/68MB, paused 419us total 20.343ms
08-04 00:28:27.155 16160 16250 I art     : Starting a blocking GC Explicit
08-04 00:28:27.176 16160 16250 I art     : Explicit concurrent mark sweep GC freed 3(96B) AllocSpace objects, 0(0B) LOS objects, 23% free, 52MB/68MB, paused 410us total 20.661ms
08-04 00:28:27.184 16160 16250 I art     : Starting a blocking GC Explicit
08-04 00:28:27.205 16160 16250 I art     : Explicit concurrent mark sweep GC freed 3(96B) AllocSpace objects, 0(0B) LOS objects, 23% free, 52MB/68MB, paused 402us total 19.938ms
08-04 00:28:27.528 16160 16648 I art     : Starting a blocking GC Explicit
08-04 00:28:27.554 16160 16648 I art     : Explicit concurrent mark sweep GC freed 1341(78KB) AllocSpace objects, 1(20KB) LOS objects, 23% free, 52MB/68MB, paused 439us total 25.720ms
08-04 00:28:27.567 16160 16648 I art     : Starting a blocking GC Explicit
08-04 00:28:27.590 16160 16648 I art     : Explicit concurrent mark sweep GC freed 20(704B) AllocSpace objects, 0(0B) LOS objects, 23% free, 52MB/68MB, paused 420us total 23.145ms
08-04 00:28:27.599 16160 16648 I art     : Starting a blocking GC Explicit
08-04 00:28:27.620 16160 16648 I art     : Explicit concurrent mark sweep GC freed 3(96B) AllocSpace objects, 0(0B) LOS objects, 23% free, 52MB/68MB, paused 400us total 20.811ms
08-04 00:28:27.629 16160 16648 I art     : Starting a blocking GC Explicit
08-04 00:28:27.649 16160 16648 I art     : Explicit concurrent mark sweep GC freed 3(96B) AllocSpace objects, 0(0B) LOS objects, 23% free, 52MB/68MB, paused 403us total 20.421ms
08-04 00:28:27.658 16160 16648 I art     : Starting a blocking GC Explicit
08-04 00:28:27.679 16160 16648 I art     : Explicit concurrent mark sweep GC freed 3(96B) AllocSpace objects, 0(0B) LOS objects, 23% free, 52MB/68MB, paused 381us total 20.600ms
08-04 00:28:27.994 16160 16173 I art     : Starting a blocking GC Explicit
08-04 00:28:28.024 16160 16173 I art     : Explicit concurrent mark sweep GC freed 1341(78KB) AllocSpace objects, 1(20KB) LOS objects, 23% free, 52MB/68MB, paused 436us total 29.724ms
08-04 00:28:28.036 16160 16173 I art     : Starting a blocking GC Explicit
08-04 00:28:28.057 16160 16173 I art     : Explicit concurrent mark sweep GC freed 20(704B) AllocSpace objects, 0(0B) LOS objects, 23% free, 52MB/68MB, paused 442us total 20.793ms
08-04 00:28:28.066 16160 16173 I art     : Starting a blocking GC Explicit
08-04 00:28:28.087 16160 16173 I art     : Explicit concurrent mark sweep GC freed 3(96B) AllocSpace objects, 0(0B) LOS objects, 23% free, 52MB/68MB, paused 460us total 20.683ms
08-04 00:28:28.095 16160 16173 I art     : Starting a blocking GC Explicit
08-04 00:28:28.116 16160 16173 I art     : Explicit concurrent mark sweep GC freed 3(96B) AllocSpace objects, 0(0B) LOS objects, 23% free, 52MB/68MB, paused 407us total 20.819ms
08-04 00:28:28.125 16160 16173 I art     : Starting a blocking GC Explicit
08-04 00:28:28.146 16160 16173 I art     : Explicit concurrent mark sweep GC freed 3(96B) AllocSpace objects, 0(0B) LOS objects, 23% free, 52MB/68MB, paused 412us total 20.633ms
08-04 00:28:28.482 16160 16172 I art     : Starting a blocking GC Explicit
08-04 00:28:28.511 16160 16172 I art     : Explicit concurrent mark sweep GC freed 1341(78KB) AllocSpace objects, 1(20KB) LOS objects, 23% free, 52MB/68MB, paused 460us total 28.590ms
08-04 00:28:28.526 16160 16172 I art     : Starting a blocking GC Explicit
08-04 00:28:28.547 16160 16172 I art     : Explicit concurrent mark sweep GC freed 20(704B) AllocSpace objects, 0(0B) LOS objects, 23% free, 52MB/68MB, paused 479us total 20.802ms
08-04 00:28:28.556 16160 16172 I art     : Starting a blocking GC Explicit
08-04 00:28:28.577 16160 16172 I art     : Explicit concurrent mark sweep GC freed 3(96B) AllocSpace objects, 0(0B) LOS objects, 23% free, 52MB/68MB, paused 480us total 20.952ms
08-04 00:28:28.586 16160 16172 I art     : Starting a blocking GC Explicit
08-04 00:28:28.607 16160 16172 I art     : Explicit concurrent mark sweep GC freed 3(96B) AllocSpace objects, 0(0B) LOS objects, 23% free, 52MB/68MB, paused 399us total 20.942ms
08-04 00:28:28.616 16160 16172 I art     : Starting a blocking GC Explicit
08-04 00:28:28.636 16160 16172 I art     : Explicit concurrent mark sweep GC freed 3(96B) AllocSpace objects, 0(0B) LOS objects, 23% free, 52MB/68MB, paused 399us total 20.737ms
08-04 00:28:28.951 16160 16250 I art     : Starting a blocking GC Explicit
08-04 00:28:28.979 16160 16250 I art     : Explicit concurrent mark sweep GC freed 1341(78KB) AllocSpace objects, 1(20KB) LOS objects, 23% free, 52MB/68MB, paused 480us total 27.615ms
08-04 00:28:28.995 16160 16250 I art     : Starting a blocking GC Explicit
08-04 00:28:29.015   518   646 I ThermalEngine: ACTION: GPU - Setting GPU[0] to 600000000
08-04 00:28:29.015 16160 16250 I art     : Explicit concurrent mark sweep GC freed 20(704B) AllocSpace objects, 0(0B) LOS objects, 23% free, 52MB/68MB, paused 394us total 20.530ms
08-04 00:28:29.025 16160 16250 I art     : Starting a blocking GC Explicit
08-04 00:28:29.045 16160 16250 I art     : Explicit concurrent mark sweep GC freed 3(96B) AllocSpace objects, 0(0B) LOS objects, 23% free, 52MB/68MB, paused 403us total 20.052ms
08-04 00:28:29.053 16160 16250 I art     : Starting a blocking GC Explicit
08-04 00:28:29.072 16160 16250 I art     : Explicit concurrent mark sweep GC freed 3(96B) AllocSpace objects, 0(0B) LOS objects, 23% free, 52MB/68MB, paused 359us total 18.531ms
08-04 00:28:29.080 16160 16250 I art     : Starting a blocking GC Explicit
08-04 00:28:29.097 16160 16250 I art     : Explicit concurrent mark sweep GC freed 3(96B) AllocSpace objects, 0(0B) LOS objects, 23% free, 52MB/68MB, paused 308us total 16.682ms
08-04 00:28:29.399 16160 16648 I art     : Starting a blocking GC Explicit
08-04 00:28:29.416 16160 16648 I art     : Explicit concurrent mark sweep GC freed 1341(78KB) AllocSpace objects, 1(20KB) LOS objects, 23% free, 52MB/68MB, paused 304us total 17.523ms
08-04 00:28:29.423 16160 16648 I art     : Starting a blocking GC Explicit
08-04 00:28:29.439 16160 16648 I art     : Explicit concurrent mark sweep GC freed 20(704B) AllocSpace objects, 0(0B) LOS objects, 23% free, 52MB/68MB, paused 298us total 15.509ms
08-04 00:28:29.445 16160 16648 I art     : Starting a blocking GC Explicit
08-04 00:28:29.461 16160 16648 I art     : Explicit concurrent mark sweep GC freed 3(96B) AllocSpace objects, 0(0B) LOS objects, 23% free, 52MB/68MB, paused 316us total 15.632ms
08-04 00:28:29.467 16160 16648 I art     : Starting a blocking GC Explicit
08-04 00:28:29.481 16160 16648 I art     : Explicit concurrent mark sweep GC freed 3(96B) AllocSpace objects, 0(0B) LOS objects, 23% free, 52MB/68MB, paused 297us total 14.061ms
08-04 00:28:29.487 16160 16648 I art     : Starting a blocking GC Explicit
08-04 00:28:29.502 16160 16648 I art     : Explicit concurrent mark sweep GC freed 3(96B) AllocSpace objects, 0(0B) LOS objects, 23% free, 52MB/68MB, paused 280us total 14.287ms
08-04 00:28:29.654 17620 17620 D AndroidRuntime: >>>>>> START com.android.internal.os.RuntimeInit uid 2000 <<<<<<
08-04 00:28:29.659 17620 17620 D AndroidRuntime: CheckJNI is OFF
08-04 00:28:29.688 17620 17620 D ICU     : No timezone override file found: /data/misc/zoneinfo/current/icu/icu_tzdata.dat
08-04 00:28:29.714 17620 17620 I Radio-JNI: register_android_hardware_Radio DONE
08-04 00:28:29.730 17620 17620 D AndroidRuntime: Calling main entry com.android.commands.input.Input
08-04 00:28:29.731 17620 17620 I Input   : injectKeyEvent: KeyEvent { action=ACTION_DOWN, keyCode=KEYCODE_BACK, scanCode=0, metaState=0, flags=0x0, repeatCount=0, eventTime=664126144, downTime=664126144, deviceId=-1, source=0x101 }
08-04 00:28:29.738 17620 17620 I Input   : injectKeyEvent: KeyEvent { action=ACTION_UP, keyCode=KEYCODE_BACK, scanCode=0, metaState=0, flags=0x0, repeatCount=0, eventTime=664126144, downTime=664126144, deviceId=-1, source=0x101 }
08-04 00:28:29.743 17620 17620 D AndroidRuntime: Shutting down VM
08-04 00:28:29.779 16160 16173 I art     : Starting a blocking GC Explicit
08-04 00:28:29.790 13866 13866 I GoogleInputMethodServic: GoogleInputMethodService.onFinishInput():3138 
08-04 00:28:29.792 13866 13866 I GoogleInputMethodServic: GoogleInputMethodService.onStartInput():1808 
08-04 00:28:29.796 16160 16173 I art     : Explicit concurrent mark sweep GC freed 1486(84KB) AllocSpace objects, 1(20KB) LOS objects, 23% free, 52MB/68MB, paused 303us total 16.160ms
08-04 00:28:29.803 16160 16173 I art     : Starting a blocking GC Explicit
08-04 00:28:29.818 16160 16173 I art     : Explicit concurrent mark sweep GC freed 48(1632B) AllocSpace objects, 0(0B) LOS objects, 23% free, 52MB/68MB, paused 301us total 14.769ms
08-04 00:28:29.826 16160 16173 I art     : Starting a blocking GC Explicit
08-04 00:28:29.842 16160 16173 I art     : Explicit concurrent mark sweep GC freed 6(224B) AllocSpace objects, 0(0B) LOS objects, 23% free, 52MB/68MB, paused 284us total 15.621ms
08-04 00:28:29.848 16160 16173 I art     : Starting a blocking GC Explicit
08-04 00:28:29.862 16160 16173 I art     : Explicit concurrent mark sweep GC freed 3(96B) AllocSpace objects, 0(0B) LOS objects, 23% free, 52MB/68MB, paused 269us total 14.066ms
08-04 00:28:29.868 16160 16173 I art     : Starting a blocking GC Explicit
08-04 00:28:29.883 16160 16173 I art     : Explicit concurrent mark sweep GC freed 3(96B) AllocSpace objects, 0(0B) LOS objects, 23% free, 52MB/68MB, paused 279us total 14.259ms
08-04 00:28:30.090   380   380 W SurfaceFlinger: couldn't log to binary event log: overflow.
08-04 00:28:30.126 16160 16250 I art     : Starting a blocking GC Explicit
08-04 00:28:30.142 16160 16250 I art     : Explicit concurrent mark sweep GC freed 1450(87KB) AllocSpace objects, 1(20KB) LOS objects, 23% free, 52MB/68MB, paused 304us total 15.813ms
08-04 00:28:30.148 16160 16250 I art     : Starting a blocking GC Explicit
08-04 00:28:30.163 16160 16250 I art     : Explicit concurrent mark sweep GC freed 1672(107KB) AllocSpace objects, 3(400KB) LOS objects, 23% free, 52MB/68MB, paused 305us total 15.043ms
08-04 00:28:30.169 16160 16250 I art     : Starting a blocking GC Explicit
08-04 00:28:30.184 16160 16250 I art     : Explicit concurrent mark sweep GC freed 3(96B) AllocSpace objects, 0(0B) LOS objects, 23% free, 52MB/68MB, paused 296us total 14.769ms
08-04 00:28:30.191 16160 16250 I art     : Starting a blocking GC Explicit
08-04 00:28:30.208 16160 16250 I art     : Explicit concurrent mark sweep GC freed 3(96B) AllocSpace objects, 0(0B) LOS objects, 23% free, 52MB/68MB, paused 315us total 16.062ms
08-04 00:28:30.215 16160 16250 I art     : Starting a blocking GC Explicit
08-04 00:28:30.231 16160 16250 I art     : Explicit concurrent mark sweep GC freed 3(96B) AllocSpace objects, 0(0B) LOS objects, 23% free, 52MB/68MB, paused 355us total 16.064ms
08-04 00:28:30.514 16160 16173 I art     : Starting a blocking GC Explicit
08-04 00:28:30.536 16160 16173 I art     : Explicit concurrent mark sweep GC freed 1341(78KB) AllocSpace objects, 1(20KB) LOS objects, 23% free, 52MB/68MB, paused 350us total 21.939ms
08-04 00:28:30.545 16160 16173 I art     : Starting a blocking GC Explicit
08-04 00:28:30.562 16160 16173 I art     : Explicit concurrent mark sweep GC freed 20(704B) AllocSpace objects, 0(0B) LOS objects, 23% free, 52MB/68MB, paused 333us total 16.237ms
08-04 00:28:30.569 16160 16173 I art     : Starting a blocking GC Explicit
08-04 00:28:30.585 16160 16173 I art     : Explicit concurrent mark sweep GC freed 3(96B) AllocSpace objects, 0(0B) LOS objects, 23% free, 52MB/68MB, paused 279us total 15.615ms
08-04 00:28:30.591 16160 16173 I art     : Starting a blocking GC Explicit
08-04 00:28:30.607 16160 16173 I art     : Explicit concurrent mark sweep GC freed 3(96B) AllocSpace objects, 0(0B) LOS objects, 23% free, 52MB/68MB, paused 362us total 15.523ms
08-04 00:28:30.613 16160 16173 I art     : Starting a blocking GC Explicit
08-04 00:28:30.629 16160 16173 I art     : Explicit concurrent mark sweep GC freed 3(96B) AllocSpace objects, 0(0B) LOS objects, 23% free, 52MB/68MB, paused 287us total 15.383ms
08-04 00:28:30.913 16160 16648 I art     : Starting a blocking GC Explicit
08-04 00:28:30.936 16160 16648 I art     : Explicit concurrent mark sweep GC freed 1523(90KB) AllocSpace objects, 1(20KB) LOS objects, 23% free, 52MB/68MB, paused 427us total 22.627ms
08-04 00:28:30.945 16160 16648 I art     : Starting a blocking GC Explicit
08-04 00:28:30.962 16160 16648 I art     : Explicit concurrent mark sweep GC freed 35(1152B) AllocSpace objects, 0(0B) LOS objects, 23% free, 52MB/68MB, paused 339us total 16.593ms
08-04 00:28:30.969 16160 16648 I art     : Starting a blocking GC Explicit
08-04 00:28:30.985 16160 16648 I art     : Explicit concurrent mark sweep GC freed 3(96B) AllocSpace objects, 0(0B) LOS objects, 23% free, 52MB/68MB, paused 316us total 15.530ms
08-04 00:28:30.991 16160 16648 I art     : Starting a blocking GC Explicit
08-04 00:28:31.007 16160 16648 I art     : Explicit concurrent mark sweep GC freed 82(4KB) AllocSpace objects, 0(0B) LOS objects, 23% free, 52MB/68MB, paused 404us total 15.408ms
08-04 00:28:31.013 16160 16648 I art     : Starting a blocking GC Explicit
08-04 00:28:31.028 16160 16648 I art     : Explicit concurrent mark sweep GC freed 45(1568B) AllocSpace objects, 0(0B) LOS objects, 23% free, 52MB/68MB, paused 324us total 13.952ms
08-04 00:28:31.129 16160 17678 W OneSignal: OneSignalRestClient: POST Error thrown from network stack. 
08-04 00:28:31.129 16160 17678 W OneSignal: java.io.IOException: unexpected end of stream on Connection{api.onesignal.com:443, proxy=HTTP@192.168.2.12:8080 hostAddress=192.168.2.12 cipherSuite=TLS_ECDHE_RSA_WITH_AES_128_GCM_SHA256 protocol=http/1.1} (recycle count=0)
08-04 00:28:31.129 16160 17678 W OneSignal: 	at com.android.okhttp.internal.http.HttpConnection.readResponse(HttpConnection.java:210)
08-04 00:28:31.129 16160 17678 W OneSignal: 	at com.android.okhttp.internal.http.HttpTransport.readResponseHeaders(HttpTransport.java:80)
08-04 00:28:31.129 16160 17678 W OneSignal: 	at com.android.okhttp.internal.http.HttpEngine.readNetworkResponse(HttpEngine.java:904)
08-04 00:28:31.129 16160 17678 W OneSignal: 	at com.android.okhttp.internal.http.HttpEngine.readResponse(HttpEngine.java:788)
08-04 00:28:31.129 16160 17678 W OneSignal: 	at com.android.okhttp.internal.huc.HttpURLConnectionImpl.execute(HttpURLConnectionImpl.java:439)
08-04 00:28:31.129 16160 17678 W OneSignal: 	at com.android.okhttp.internal.huc.HttpURLConnectionImpl.getResponse(HttpURLConnectionImpl.java:384)
08-04 00:28:31.129 16160 17678 W OneSignal: 	at com.android.okhttp.internal.huc.HttpURLConnectionImpl.getResponseCode(HttpURLConnectionImpl.java:497)
08-04 00:28:31.129 16160 17678 W OneSignal: 	at com.android.okhttp.internal.huc.DelegatingHttpsURLConnection.getResponseCode(DelegatingHttpsURLConnection.java:105)
08-04 00:28:31.129 16160 17678 W OneSignal: 	at com.android.okhttp.internal.huc.HttpsURLConnectionImpl.getResponseCode(HttpsURLConnectionImpl.java)
08-04 00:28:31.129 16160 17678 W OneSignal: 	at com.onesignal.OneSignalRestClient.startHTTPConnection(OneSignalRestClient.java:180)
08-04 00:28:31.129 16160 17678 W OneSignal: 	at com.onesignal.OneSignalRestClient.access$100(OneSignalRestClient.java:44)
08-04 00:28:31.129 16160 17678 W OneSignal: 	at com.onesignal.OneSignalRestClient$4.run(OneSignalRestClient.java:110)
08-04 00:28:31.129 16160 17678 W OneSignal: 	at java.lang.Thread.run(Thread.java:818)
08-04 00:28:31.129 16160 17678 W OneSignal: Caused by: java.io.EOFException: \n not found: size=0 content=...
08-04 00:28:31.129 16160 17678 W OneSignal: 	at com.android.okhttp.okio.RealBufferedSource.readUtf8LineStrict(RealBufferedSource.java:200)
08-04 00:28:31.129 16160 17678 W OneSignal: 	at com.android.okhttp.internal.http.HttpConnection.readResponse(HttpConnection.java:191)
08-04 00:28:31.129 16160 17678 W OneSignal: 	... 12 more
08-04 00:28:31.130 16160 17681 W OneSignal: Failed last request. statusCode: -1
08-04 00:28:31.130 16160 17681 W OneSignal: response: null
08-04 00:28:31.260 16160 16172 I art     : Starting a blocking GC Explicit
08-04 00:28:31.274 17679 17679 D AndroidRuntime: >>>>>> START com.android.internal.os.RuntimeInit uid 2000 <<<<<<
08-04 00:28:31.276 16160 16172 I art     : Explicit concurrent mark sweep GC freed 3592(224KB) AllocSpace objects, 1(20KB) LOS objects, 23% free, 52MB/68MB, paused 354us total 16.350ms
08-04 00:28:31.278 17679 17679 D AndroidRuntime: CheckJNI is OFF
08-04 00:28:31.283 16160 16172 I art     : Starting a blocking GC Explicit
08-04 00:28:31.298 16160 16172 I art     : Explicit concurrent mark sweep GC freed 67(2432B) AllocSpace objects, 0(0B) LOS objects, 23% free, 52MB/68MB, paused 308us total 15.277ms
08-04 00:28:31.305 16160 16172 I art     : Starting a blocking GC Explicit
08-04 00:28:31.307 17679 17679 D ICU     : No timezone override file found: /data/misc/zoneinfo/current/icu/icu_tzdata.dat
08-04 00:28:31.320 16160 16172 I art     : Explicit concurrent mark sweep GC freed 3(96B) AllocSpace objects, 0(0B) LOS objects, 23% free, 52MB/68MB, paused 330us total 15.506ms
08-04 00:28:31.327 16160 16172 I art     : Starting a blocking GC Explicit
08-04 00:28:31.333 17679 17679 I Radio-JNI: register_android_hardware_Radio DONE
08-04 00:28:31.341 16160 16172 I art     : Explicit concurrent mark sweep GC freed 3(96B) AllocSpace objects, 0(0B) LOS objects, 23% free, 52MB/68MB, paused 292us total 14.077ms
08-04 00:28:31.347 16160 16172 I art     : Starting a blocking GC Explicit
08-04 00:28:31.350 17679 17679 D AndroidRuntime: Calling main entry com.android.commands.input.Input
08-04 00:28:31.351 17679 17679 I Input   : injectKeyEvent: KeyEvent { action=ACTION_DOWN, keyCode=KEYCODE_BACK, scanCode=0, metaState=0, flags=0x0, repeatCount=0, eventTime=664127764, downTime=664127764, deviceId=-1, source=0x101 }
08-04 00:28:31.357 17679 17679 I Input   : injectKeyEvent: KeyEvent { action=ACTION_UP, keyCode=KEYCODE_BACK, scanCode=0, metaState=0, flags=0x0, repeatCount=0, eventTime=664127764, downTime=664127764, deviceId=-1, source=0x101 }
08-04 00:28:31.362 16160 16172 I art     : Explicit concurrent mark sweep GC freed 5(208B) AllocSpace objects, 0(0B) LOS objects, 23% free, 52MB/68MB, paused 353us total 14.138ms
08-04 00:28:31.362 17679 17679 D AndroidRuntime: Shutting down VM
08-04 00:28:31.402 13866 13866 I GoogleInputMethodServic: GoogleInputMethodService.onFinishInput():3138 
08-04 00:28:31.403 13866 13866 I GoogleInputMethodServic: GoogleInputMethodService.onStartInput():1808 
08-04 00:28:31.585 16160 16173 I art     : Starting a blocking GC Explicit
08-04 00:28:31.606 16160 16173 I art     : Explicit concurrent mark sweep GC freed 1548(87KB) AllocSpace objects, 1(20KB) LOS objects, 23% free, 52MB/68MB, paused 373us total 20.506ms
08-04 00:28:31.615 16160 16173 I art     : Starting a blocking GC Explicit
08-04 00:28:31.636 16160 16173 I art     : Explicit concurrent mark sweep GC freed 24(864B) AllocSpace objects, 0(0B) LOS objects, 23% free, 52MB/68MB, paused 294us total 21.072ms
08-04 00:28:31.643 16160 16173 I art     : Starting a blocking GC Explicit
08-04 00:28:31.664 16160 16173 I art     : Explicit concurrent mark sweep GC freed 3(96B) AllocSpace objects, 0(0B) LOS objects, 23% free, 52MB/68MB, paused 501us total 20.685ms
08-04 00:28:31.674 16160 16173 I art     : Starting a blocking GC Explicit
08-04 00:28:31.693 16160 16173 I art     : Explicit concurrent mark sweep GC freed 3(96B) AllocSpace objects, 0(0B) LOS objects, 23% free, 52MB/68MB, paused 331us total 19.514ms
08-04 00:28:31.701 16160 16173 I art     : Starting a blocking GC Explicit
08-04 00:28:31.717 16160 16173 I art     : Explicit concurrent mark sweep GC freed 532(27KB) AllocSpace objects, 0(0B) LOS objects, 23% free, 52MB/68MB, paused 348us total 16.072ms
08-04 00:28:31.997 16160 16648 I art     : Starting a blocking GC Explicit
08-04 00:28:32.020 16160 16648 I art     : Explicit concurrent mark sweep GC freed 1875(102KB) AllocSpace objects, 1(20KB) LOS objects, 23% free, 52MB/68MB, paused 373us total 23.216ms
08-04 00:28:32.032 16160 16648 I art     : Starting a blocking GC Explicit
08-04 00:28:32.051 16160 16648 I art     : Explicit concurrent mark sweep GC freed 2100(127KB) AllocSpace objects, 2(140KB) LOS objects, 23% free, 51MB/67MB, paused 302us total 18.234ms
08-04 00:28:32.057 16160 16648 I art     : Starting a blocking GC Explicit
08-04 00:28:32.073 16160 16648 I art     : Explicit concurrent mark sweep GC freed 3(96B) AllocSpace objects, 0(0B) LOS objects, 23% free, 51MB/67MB, paused 306us total 15.514ms
08-04 00:28:32.080 16160 16648 I art     : Starting a blocking GC Explicit
08-04 00:28:32.095 16160 16648 I art     : Explicit concurrent mark sweep GC freed 3(96B) AllocSpace objects, 0(0B) LOS objects, 23% free, 51MB/67MB, paused 329us total 14.935ms
08-04 00:28:32.102 16160 16648 I art     : Starting a blocking GC Explicit
08-04 00:28:32.117 16160 16648 I art     : Explicit concurrent mark sweep GC freed 3(96B) AllocSpace objects, 0(0B) LOS objects, 23% free, 51MB/67MB, paused 308us total 14.644ms
08-04 00:28:32.402 16160 16250 I art     : Starting a blocking GC Explicit
08-04 00:28:32.424 16160 16250 I art     : Explicit concurrent mark sweep GC freed 1340(78KB) AllocSpace objects, 1(20KB) LOS objects, 23% free, 51MB/67MB, paused 366us total 20.888ms
08-04 00:28:32.436 16160 16250 I art     : Starting a blocking GC Explicit
08-04 00:28:32.452 16160 16250 I art     : Explicit concurrent mark sweep GC freed 20(704B) AllocSpace objects, 0(0B) LOS objects, 23% free, 51MB/67MB, paused 301us total 15.309ms
08-04 00:28:32.459 16160 16250 I art     : Starting a blocking GC Explicit
08-04 00:28:32.474 16160 16250 I art     : Explicit concurrent mark sweep GC freed 3(96B) AllocSpace objects, 0(0B) LOS objects, 23% free, 51MB/67MB, paused 306us total 14.953ms
08-04 00:28:32.481 16160 16250 I art     : Starting a blocking GC Explicit
08-04 00:28:32.496 16160 16250 I art     : Explicit concurrent mark sweep GC freed 3(96B) AllocSpace objects, 0(0B) LOS objects, 23% free, 51MB/67MB, paused 298us total 14.532ms
08-04 00:28:32.502 16160 16250 I art     : Starting a blocking GC Explicit
08-04 00:28:32.517 16160 16250 I art     : Explicit concurrent mark sweep GC freed 3(96B) AllocSpace objects, 0(0B) LOS objects, 23% free, 51MB/67MB, paused 326us total 14.721ms
08-04 00:28:32.753 16160 16172 I art     : Starting a blocking GC Explicit
08-04 00:28:32.768 16160 16172 I art     : Explicit concurrent mark sweep GC freed 1338(78KB) AllocSpace objects, 1(20KB) LOS objects, 23% free, 51MB/67MB, paused 302us total 15.039ms
08-04 00:28:32.775 16160 16172 I art     : Starting a blocking GC Explicit
08-04 00:28:32.789 16160 16172 I art     : Explicit concurrent mark sweep GC freed 20(704B) AllocSpace objects, 0(0B) LOS objects, 23% free, 51MB/67MB, paused 306us total 14.507ms
08-04 00:28:32.796 16160 16172 I art     : Starting a blocking GC Explicit
08-04 00:28:32.811 16160 16172 I art     : Explicit concurrent mark sweep GC freed 3(96B) AllocSpace objects, 0(0B) LOS objects, 23% free, 51MB/67MB, paused 359us total 14.613ms
08-04 00:28:32.817 16160 16172 I art     : Starting a blocking GC Explicit
08-04 00:28:32.832 16160 16172 I art     : Explicit concurrent mark sweep GC freed 3(96B) AllocSpace objects, 0(0B) LOS objects, 23% free, 51MB/67MB, paused 284us total 14.152ms
08-04 00:28:32.838 16160 16172 I art     : Starting a blocking GC Explicit
08-04 00:28:32.852 16160 16172 I art     : Explicit concurrent mark sweep GC freed 3(96B) AllocSpace objects, 0(0B) LOS objects, 23% free, 51MB/67MB, paused 284us total 13.908ms
08-04 00:28:32.923 17734 17734 D AndroidRuntime: >>>>>> START com.android.internal.os.RuntimeInit uid 2000 <<<<<<
08-04 00:28:32.927 17734 17734 D AndroidRuntime: CheckJNI is OFF
08-04 00:28:32.954 17734 17734 D ICU     : No timezone override file found: /data/misc/zoneinfo/current/icu/icu_tzdata.dat
08-04 00:28:32.980 17734 17734 I Radio-JNI: register_android_hardware_Radio DONE
08-04 00:28:32.996 17734 17734 D AndroidRuntime: Calling main entry com.android.commands.input.Input
08-04 00:28:32.998 17734 17734 I Input   : injectMotionEvent: MotionEvent { action=ACTION_DOWN, actionButton=0, id[0]=0, x[0]=337.0, y[0]=1104.0, toolType[0]=TOOL_TYPE_UNKNOWN, buttonState=0, metaState=0, flags=0x0, edgeFlags=0x0, pointerCount=1, historySize=0, eventTime=664129411, downTime=664129411, deviceId=0, source=0x1002 }
08-04 00:28:33.005 17734 17734 I Input   : injectMotionEvent: MotionEvent { action=ACTION_UP, actionButton=0, id[0]=0, x[0]=337.0, y[0]=1104.0, toolType[0]=TOOL_TYPE_UNKNOWN, buttonState=0, metaState=0, flags=0x0, edgeFlags=0x0, pointerCount=1, historySize=0, eventTime=664129411, downTime=664129411, deviceId=0, source=0x1002 }
08-04 00:28:33.006   918   929 I ActivityManager: START u0 {cmp=baseline.appteam.nith.hillffair/.activities.BattleDayActivity} from uid 10651 on display 0
08-04 00:28:33.013 17734 17734 D AndroidRuntime: Shutting down VM
08-04 00:28:33.020   518   646 I ThermalEngine: ACTION: GPU - Setting GPU[0] to 510000000
08-04 00:28:33.077   918  3261 D WifiStateMachine: starting scan for "H369AA63323"WPA_PSK with 2412,5180
08-04 00:28:33.081 13866 13866 I GoogleInputMethodServic: GoogleInputMethodService.onFinishInput():3138 
08-04 00:28:33.082 13866 13866 I GoogleInputMethodServic: GoogleInputMethodService.onStartInput():1808 
08-04 00:28:33.103 16160 16172 I art     : Starting a blocking GC Explicit
08-04 00:28:33.105   918   936 I ActivityManager: Displayed baseline.appteam.nith.hillffair/.activities.BattleDayActivity: +92ms
08-04 00:28:33.124 16160 16172 I art     : Explicit concurrent mark sweep GC freed 6283(377KB) AllocSpace objects, 1(20KB) LOS objects, 23% free, 52MB/68MB, paused 474us total 20.700ms
08-04 00:28:33.133 16160 16172 I art     : Starting a blocking GC Explicit
08-04 00:28:33.152 16160 16172 I art     : Explicit concurrent mark sweep GC freed 327(15KB) AllocSpace objects, 0(0B) LOS objects, 23% free, 52MB/68MB, paused 434us total 19.092ms
08-04 00:28:33.160 16160 16172 I art     : Starting a blocking GC Explicit
08-04 00:28:33.178 16160 16172 I art     : Explicit concurrent mark sweep GC freed 12(1440B) AllocSpace objects, 0(0B) LOS objects, 23% free, 52MB/68MB, paused 894us total 17.396ms
08-04 00:28:33.186 16160 16172 I art     : Starting a blocking GC Explicit
08-04 00:28:33.203 16160 16172 I art     : Explicit concurrent mark sweep GC freed 3(96B) AllocSpace objects, 0(0B) LOS objects, 23% free, 52MB/68MB, paused 417us total 17.448ms
08-04 00:28:33.212 16160 16172 I art     : Starting a blocking GC Explicit
08-04 00:28:33.231 16160 16172 I art     : Explicit concurrent mark sweep GC freed 3(96B) AllocSpace objects, 0(0B) LOS objects, 23% free, 52MB/68MB, paused 499us total 18.970ms
08-04 00:28:33.360   380   380 W SurfaceFlinger: couldn't log to binary event log: overflow.
08-04 00:28:33.487 16160 16173 I art     : Starting a blocking GC Explicit
08-04 00:28:33.510 16160 16173 I art     : Explicit concurrent mark sweep GC freed 1405(82KB) AllocSpace objects, 1(20KB) LOS objects, 23% free, 52MB/68MB, paused 446us total 22.366ms
08-04 00:28:33.521 16160 16173 I art     : Starting a blocking GC Explicit
08-04 00:28:33.540 16160 16173 I art     : Explicit concurrent mark sweep GC freed 36(1328B) AllocSpace objects, 0(0B) LOS objects, 23% free, 52MB/68MB, paused 455us total 18.789ms
08-04 00:28:33.548 16160 16173 I art     : Starting a blocking GC Explicit
08-04 00:28:33.567 16160 16173 I art     : Explicit concurrent mark sweep GC freed 918(67KB) AllocSpace objects, 2(120KB) LOS objects, 23% free, 52MB/68MB, paused 638us total 18.371ms
08-04 00:28:33.574 16160 16173 I art     : Starting a blocking GC Explicit
08-04 00:28:33.583 16160 17765 D OkHttp  : --> GET https://api-hillfair-2k16.herokuapp.com/api/app/events/special http/1.1
08-04 00:28:33.593 16160 16173 I art     : Explicit concurrent mark sweep GC freed 2292(139KB) AllocSpace objects, 1(80KB) LOS objects, 23% free, 52MB/68MB, paused 463us total 18.172ms
08-04 00:28:33.600 16160 16173 I art     : Starting a blocking GC Explicit
08-04 00:28:33.615 16160 17765 D OkHttp  : <-- 200 OK https://api-hillfair-2k16.herokuapp.com/api/app/events/special (31ms, 554-byte body)
08-04 00:28:33.618 16160 16173 I art     : Explicit concurrent mark sweep GC freed 456(67KB) AllocSpace objects, 0(0B) LOS objects, 23% free, 52MB/68MB, paused 483us total 17.525ms
08-04 00:28:33.662 16160 16160 I NAPPA_EXPERIMENTATION: MetricNetworkRequestExecutionTime: REQUEST_DURATION_SYSTEM='624',REQUEST_DURATION_OKHTTP='32',REQUEST_SYNCHRONOUS='FALSE',RESPONSE_CODE='200',RESPONSE_METHOD='GET',RESPONSE_LENGTH_OKHTTP='554',RESPONSE_LENGTH_HEADER='554',REQUEST_PROTOCOL='http/1.1',REQUEST_URL='https://api-hillfair-2k16.herokuapp.com/api/app/events/special',
08-04 00:28:33.852  8273  8275 E QC-QMI  : qmi_client [8273] 49d: failed to locate client data
08-04 00:28:33.854   519   519 E QC-QMI  : qmuxd: RX on fd=18 returned error=0 errno[2:No such file or directory]
08-04 00:28:33.854   519   519 E QC-QMI  : QMUX qmux_client_id=49d not found in qmux client list, unable to remove
08-04 00:28:33.855  8273  8273 I Atfwd_Daemon: Stop the daemon....
08-04 00:28:33.869 17791 17791 W ATFWD-daemon: type=1400 audit(0.0:738532): avc: denied { read write } for name="diag" dev="tmpfs" ino=1296 scontext=u:r:atfwd:s0 tcontext=u:object_r:diag_device:s0 tclass=chr_file permissive=0
08-04 00:28:33.878 17791 17791 I libmdmdetect: ESOC framework not supported
08-04 00:28:33.879 17791 17791 I libmdmdetect: Found internal modem: modem
08-04 00:28:33.879 17791 17791 E Diag_Lib:  Diag_LSM_Init: Failed to open handle to diag driver, error = 13
08-04 00:28:33.882 17791 17791 I Atfwd_Daemon: result : 255 	 ,Init step :0 	 ,qmiErrorCode: 0
08-04 00:28:33.882 17791 17791 I Atfwd_Daemon: result : 0 	 ,Init step :1 	 ,qmiErrorCode: 0
08-04 00:28:33.883 17791 17791 I ServiceManager: Waiting for service AtCmdFwd...
08-04 00:28:33.891 16160 16648 I art     : Starting a blocking GC Explicit
08-04 00:28:33.913 16160 16648 I art     : Explicit concurrent mark sweep GC freed 2268(155KB) AllocSpace objects, 1(20KB) LOS objects, 23% free, 52MB/68MB, paused 436us total 21.165ms
08-04 00:28:33.921 16160 16648 I art     : Starting a blocking GC Explicit
08-04 00:28:33.942 16160 16648 I art     : Explicit concurrent mark sweep GC freed 117(4KB) AllocSpace objects, 0(0B) LOS objects, 23% free, 52MB/68MB, paused 426us total 20.009ms
08-04 00:28:33.950 16160 16648 I art     : Starting a blocking GC Explicit
08-04 00:28:33.970 16160 16648 I art     : Explicit concurrent mark sweep GC freed 3(96B) AllocSpace objects, 0(0B) LOS objects, 23% free, 52MB/68MB, paused 477us total 20.133ms
08-04 00:28:33.979 16160 16648 I art     : Starting a blocking GC Explicit
08-04 00:28:34.000 16160 16648 I art     : Explicit concurrent mark sweep GC freed 3(96B) AllocSpace objects, 0(0B) LOS objects, 23% free, 52MB/68MB, paused 427us total 20.070ms
08-04 00:28:34.008 16160 16648 I art     : Starting a blocking GC Explicit
08-04 00:28:34.028 16160 16648 I art     : Explicit concurrent mark sweep GC freed 3(96B) AllocSpace objects, 0(0B) LOS objects, 23% free, 52MB/68MB, paused 432us total 19.778ms
08-04 00:28:34.308 16160 16250 I art     : Starting a blocking GC Explicit
08-04 00:28:34.332 16160 16250 I art     : Explicit concurrent mark sweep GC freed 1340(78KB) AllocSpace objects, 1(20KB) LOS objects, 23% free, 52MB/68MB, paused 447us total 23.878ms
08-04 00:28:34.341 16160 16250 I art     : Starting a blocking GC Explicit
08-04 00:28:34.362 16160 16250 I art     : Explicit concurrent mark sweep GC freed 20(704B) AllocSpace objects, 0(0B) LOS objects, 23% free, 52MB/68MB, paused 434us total 20.548ms
08-04 00:28:34.371 16160 16250 I art     : Starting a blocking GC Explicit
08-04 00:28:34.391 16160 16250 I art     : Explicit concurrent mark sweep GC freed 3(96B) AllocSpace objects, 0(0B) LOS objects, 23% free, 52MB/68MB, paused 430us total 20.209ms
08-04 00:28:34.400 16160 16250 I art     : Starting a blocking GC Explicit
08-04 00:28:34.420 16160 16250 I art     : Explicit concurrent mark sweep GC freed 3(96B) AllocSpace objects, 0(0B) LOS objects, 23% free, 52MB/68MB, paused 499us total 20.249ms
08-04 00:28:34.429 16160 16250 I art     : Starting a blocking GC Explicit
08-04 00:28:34.448 16160 16250 I art     : Explicit concurrent mark sweep GC freed 3(96B) AllocSpace objects, 0(0B) LOS objects, 23% free, 52MB/68MB, paused 424us total 18.809ms
08-04 00:28:34.723 16160 16172 I art     : Starting a blocking GC Explicit
08-04 00:28:34.750 16160 16172 I art     : Explicit concurrent mark sweep GC freed 1340(78KB) AllocSpace objects, 1(20KB) LOS objects, 23% free, 52MB/68MB, paused 559us total 25.936ms
08-04 00:28:34.759 16160 16172 I art     : Starting a blocking GC Explicit
08-04 00:28:34.780 16160 16172 I art     : Explicit concurrent mark sweep GC freed 20(704B) AllocSpace objects, 0(0B) LOS objects, 23% free, 52MB/68MB, paused 428us total 20.609ms
08-04 00:28:34.788 16160 16172 I art     : Starting a blocking GC Explicit
08-04 00:28:34.809 16160 16172 I art     : Explicit concurrent mark sweep GC freed 3(96B) AllocSpace objects, 0(0B) LOS objects, 23% free, 52MB/68MB, paused 426us total 20.111ms
08-04 00:28:34.817 16160 16172 I art     : Starting a blocking GC Explicit
08-04 00:28:34.838 16160 16172 I art     : Explicit concurrent mark sweep GC freed 3(96B) AllocSpace objects, 0(0B) LOS objects, 23% free, 52MB/68MB, paused 447us total 20.767ms
08-04 00:28:34.847 16160 16172 I art     : Starting a blocking GC Explicit
08-04 00:28:34.869 16160 16172 I art     : Explicit concurrent mark sweep GC freed 3(96B) AllocSpace objects, 0(0B) LOS objects, 23% free, 52MB/68MB, paused 451us total 21.610ms
08-04 00:28:34.883 17791 17791 I ServiceManager: Waiting for service AtCmdFwd...
08-04 00:28:35.181 16160 16173 I art     : Starting a blocking GC Explicit
08-04 00:28:35.211 16160 16173 I art     : Explicit concurrent mark sweep GC freed 1340(78KB) AllocSpace objects, 1(20KB) LOS objects, 23% free, 52MB/68MB, paused 491us total 29.870ms
08-04 00:28:35.224 16160 16173 I art     : Starting a blocking GC Explicit
08-04 00:28:35.245 16160 16173 I art     : Explicit concurrent mark sweep GC freed 20(704B) AllocSpace objects, 0(0B) LOS objects, 23% free, 52MB/68MB, paused 445us total 20.351ms
08-04 00:28:35.253 16160 16173 I art     : Starting a blocking GC Explicit
08-04 00:28:35.274 16160 16173 I art     : Explicit concurrent mark sweep GC freed 3(96B) AllocSpace objects, 0(0B) LOS objects, 23% free, 52MB/68MB, paused 438us total 20.191ms
08-04 00:28:35.283 16160 16173 I art     : Starting a blocking GC Explicit
08-04 00:28:35.303 16160 16173 I art     : Explicit concurrent mark sweep GC freed 3(96B) AllocSpace objects, 0(0B) LOS objects, 23% free, 52MB/68MB, paused 449us total 20.108ms
08-04 00:28:35.312 16160 16173 I art     : Starting a blocking GC Explicit
08-04 00:28:35.332 16160 16173 I art     : Explicit concurrent mark sweep GC freed 3(96B) AllocSpace objects, 0(0B) LOS objects, 23% free, 52MB/68MB, paused 441us total 20.269ms
08-04 00:28:35.654 16160 16648 I art     : Starting a blocking GC Explicit
08-04 00:28:35.683 16160 16648 I art     : Explicit concurrent mark sweep GC freed 1340(78KB) AllocSpace objects, 1(20KB) LOS objects, 23% free, 52MB/68MB, paused 466us total 27.650ms
08-04 00:28:35.695 16160 16648 I art     : Starting a blocking GC Explicit
08-04 00:28:35.716 16160 16648 I art     : Explicit concurrent mark sweep GC freed 20(704B) AllocSpace objects, 0(0B) LOS objects, 23% free, 52MB/68MB, paused 421us total 20.855ms
08-04 00:28:35.724 16160 16648 I art     : Starting a blocking GC Explicit
08-04 00:28:35.745 16160 16648 I art     : Explicit concurrent mark sweep GC freed 3(96B) AllocSpace objects, 0(0B) LOS objects, 23% free, 52MB/68MB, paused 438us total 20.504ms
08-04 00:28:35.754 16160 16648 I art     : Starting a blocking GC Explicit
08-04 00:28:35.775 16160 16648 I art     : Explicit concurrent mark sweep GC freed 3(96B) AllocSpace objects, 0(0B) LOS objects, 23% free, 52MB/68MB, paused 444us total 20.795ms
08-04 00:28:35.784 16160 16648 I art     : Starting a blocking GC Explicit
08-04 00:28:35.804 16160 16648 I art     : Explicit concurrent mark sweep GC freed 3(96B) AllocSpace objects, 0(0B) LOS objects, 23% free, 52MB/68MB, paused 416us total 20.054ms
08-04 00:28:35.883 17791 17791 I ServiceManager: Waiting for service AtCmdFwd...
08-04 00:28:36.133 16160 16250 I art     : Starting a blocking GC Explicit
08-04 00:28:36.161 16160 16250 I art     : Explicit concurrent mark sweep GC freed 1340(78KB) AllocSpace objects, 1(20KB) LOS objects, 23% free, 52MB/68MB, paused 473us total 27.671ms
08-04 00:28:36.173 16160 16250 I art     : Starting a blocking GC Explicit
08-04 00:28:36.194 16160 16250 I art     : Explicit concurrent mark sweep GC freed 20(704B) AllocSpace objects, 0(0B) LOS objects, 23% free, 52MB/68MB, paused 442us total 20.842ms
08-04 00:28:36.203 16160 16250 I art     : Starting a blocking GC Explicit
08-04 00:28:36.224 16160 16250 I art     : Explicit concurrent mark sweep GC freed 3(96B) AllocSpace objects, 0(0B) LOS objects, 23% free, 52MB/68MB, paused 444us total 20.600ms
08-04 00:28:36.233 16160 16250 I art     : Starting a blocking GC Explicit
08-04 00:28:36.254 16160 16250 I art     : Explicit concurrent mark sweep GC freed 3(96B) AllocSpace objects, 0(0B) LOS objects, 23% free, 52MB/68MB, paused 446us total 20.903ms
08-04 00:28:36.263 16160 16250 I art     : Starting a blocking GC Explicit
08-04 00:28:36.283 16160 16250 I art     : Explicit concurrent mark sweep GC freed 3(96B) AllocSpace objects, 0(0B) LOS objects, 23% free, 52MB/68MB, paused 449us total 20.055ms
08-04 00:28:36.597 16160 16172 I art     : Starting a blocking GC Explicit
08-04 00:28:36.623 16160 16172 I art     : Explicit concurrent mark sweep GC freed 1340(78KB) AllocSpace objects, 1(20KB) LOS objects, 23% free, 52MB/68MB, paused 476us total 25.253ms
08-04 00:28:36.636 16160 16172 I art     : Starting a blocking GC Explicit
08-04 00:28:36.656 16160 16172 I art     : Explicit concurrent mark sweep GC freed 20(704B) AllocSpace objects, 0(0B) LOS objects, 23% free, 52MB/68MB, paused 431us total 19.550ms
08-04 00:28:36.664 16160 16172 I art     : Starting a blocking GC Explicit
08-04 00:28:36.684 16160 16172 I art     : Explicit concurrent mark sweep GC freed 3(96B) AllocSpace objects, 0(0B) LOS objects, 23% free, 52MB/68MB, paused 448us total 19.802ms
08-04 00:28:36.693 16160 16172 I art     : Starting a blocking GC Explicit
08-04 00:28:36.714 16160 16172 I art     : Explicit concurrent mark sweep GC freed 3(96B) AllocSpace objects, 0(0B) LOS objects, 23% free, 52MB/68MB, paused 434us total 20.815ms
08-04 00:28:36.723 16160 16172 I art     : Starting a blocking GC Explicit
08-04 00:28:36.743 16160 16172 I art     : Explicit concurrent mark sweep GC freed 3(96B) AllocSpace objects, 0(0B) LOS objects, 23% free, 52MB/68MB, paused 408us total 20.202ms
08-04 00:28:36.884 17791 17791 I ServiceManager: Waiting for service AtCmdFwd...
08-04 00:28:37.053 16160 16172 I art     : Starting a blocking GC Explicit
08-04 00:28:37.072 16160 16172 I art     : Explicit concurrent mark sweep GC freed 1340(78KB) AllocSpace objects, 1(20KB) LOS objects, 23% free, 52MB/68MB, paused 431us total 19.732ms
08-04 00:28:37.081 16160 16172 I art     : Starting a blocking GC Explicit
08-04 00:28:37.101 16160 16172 I art     : Explicit concurrent mark sweep GC freed 29(1040B) AllocSpace objects, 0(0B) LOS objects, 23% free, 52MB/68MB, paused 426us total 19.631ms
08-04 00:28:37.109 16160 16172 I art     : Starting a blocking GC Explicit
08-04 00:28:37.129 16160 16172 I art     : Explicit concurrent mark sweep GC freed 3(96B) AllocSpace objects, 0(0B) LOS objects, 23% free, 52MB/68MB, paused 419us total 19.842ms
08-04 00:28:37.138 16160 16172 I art     : Starting a blocking GC Explicit
08-04 00:28:37.158 16160 16172 I art     : Explicit concurrent mark sweep GC freed 3(96B) AllocSpace objects, 0(0B) LOS objects, 23% free, 52MB/68MB, paused 402us total 19.594ms
08-04 00:28:37.167 16160 16172 I art     : Starting a blocking GC Explicit
08-04 00:28:37.187 16160 16172 I art     : Explicit concurrent mark sweep GC freed 3(96B) AllocSpace objects, 0(0B) LOS objects, 23% free, 52MB/68MB, paused 495us total 19.756ms
08-04 00:28:37.445 16160 16173 I art     : Starting a blocking GC Explicit
08-04 00:28:37.466 16160 16173 I art     : Explicit concurrent mark sweep GC freed 1340(78KB) AllocSpace objects, 1(20KB) LOS objects, 23% free, 52MB/68MB, paused 462us total 20.339ms
08-04 00:28:37.475 16160 16173 I art     : Starting a blocking GC Explicit
08-04 00:28:37.494 16160 16173 I art     : Explicit concurrent mark sweep GC freed 20(704B) AllocSpace objects, 0(0B) LOS objects, 23% free, 52MB/68MB, paused 461us total 19.356ms
08-04 00:28:37.502 16160 16173 I art     : Starting a blocking GC Explicit
08-04 00:28:37.522 16160 16173 I art     : Explicit concurrent mark sweep GC freed 3(96B) AllocSpace objects, 0(0B) LOS objects, 23% free, 52MB/68MB, paused 435us total 18.922ms
08-04 00:28:37.530 16160 16173 I art     : Starting a blocking GC Explicit
08-04 00:28:37.549 16160 16173 I art     : Explicit concurrent mark sweep GC freed 3(96B) AllocSpace objects, 0(0B) LOS objects, 23% free, 52MB/68MB, paused 434us total 19.335ms
08-04 00:28:37.558 16160 16173 I art     : Starting a blocking GC Explicit
08-04 00:28:37.577 16160 16173 I art     : Explicit concurrent mark sweep GC freed 3(96B) AllocSpace objects, 0(0B) LOS objects, 23% free, 52MB/68MB, paused 548us total 19.227ms
08-04 00:28:37.714 17866 17866 D AndroidRuntime: >>>>>> START com.android.internal.os.RuntimeInit uid 2000 <<<<<<
08-04 00:28:37.720 17866 17866 D AndroidRuntime: CheckJNI is OFF
08-04 00:28:37.755 17866 17866 D ICU     : No timezone override file found: /data/misc/zoneinfo/current/icu/icu_tzdata.dat
08-04 00:28:37.788 17866 17866 I Radio-JNI: register_android_hardware_Radio DONE
08-04 00:28:37.810 17866 17866 D AndroidRuntime: Calling main entry com.android.commands.input.Input
08-04 00:28:37.812 17866 17866 I Input   : injectMotionEvent: MotionEvent { action=ACTION_DOWN, actionButton=0, id[0]=0, x[0]=733.0, y[0]=645.0, toolType[0]=TOOL_TYPE_UNKNOWN, buttonState=0, metaState=0, flags=0x0, edgeFlags=0x0, pointerCount=1, historySize=0, eventTime=664134224, downTime=664134224, deviceId=0, source=0x1002 }
08-04 00:28:37.817 17866 17866 I Input   : injectMotionEvent: MotionEvent { action=ACTION_UP, actionButton=0, id[0]=0, x[0]=733.0, y[0]=645.0, toolType[0]=TOOL_TYPE_UNKNOWN, buttonState=0, metaState=0, flags=0x0, edgeFlags=0x0, pointerCount=1, historySize=0, eventTime=664134224, downTime=664134224, deviceId=0, source=0x1002 }
08-04 00:28:37.818   918  3696 I ActivityManager: START u0 {cmp=baseline.appteam.nith.hillffair/.activities.ClubActivity (has extras)} from uid 10651 on display 0
08-04 00:28:37.826 17866 17866 D AndroidRuntime: Shutting down VM
08-04 00:28:37.877 16160 16648 I art     : Starting a blocking GC Explicit
08-04 00:28:37.884 17791 17791 I ServiceManager: Waiting for service AtCmdFwd...
08-04 00:28:37.897 16160 16648 I art     : Explicit concurrent mark sweep GC freed 5050(320KB) AllocSpace objects, 1(20KB) LOS objects, 23% free, 52MB/68MB, paused 475us total 18.989ms
08-04 00:28:37.905 16160 16648 I art     : Starting a blocking GC Explicit
08-04 00:28:37.924 13866 13866 I GoogleInputMethodServic: GoogleInputMethodService.onFinishInput():3138 
08-04 00:28:37.924   918   936 I ActivityManager: Displayed baseline.appteam.nith.hillffair/.activities.ClubActivity: +98ms
08-04 00:28:37.925 16160 16648 I art     : Explicit concurrent mark sweep GC freed 348(14KB) AllocSpace objects, 0(0B) LOS objects, 23% free, 52MB/68MB, paused 466us total 20.653ms
08-04 00:28:37.926 13866 13866 I GoogleInputMethodServic: GoogleInputMethodService.onStartInput():1808 
08-04 00:28:37.934 16160 16648 I art     : Starting a blocking GC Explicit
08-04 00:28:37.958 16160 16648 I art     : Explicit concurrent mark sweep GC freed 57(2576B) AllocSpace objects, 0(0B) LOS objects, 23% free, 52MB/68MB, paused 576us total 23.525ms
08-04 00:28:37.967 16160 16648 I art     : Starting a blocking GC Explicit
08-04 00:28:37.986 16160 16648 I art     : Explicit concurrent mark sweep GC freed 73(5KB) AllocSpace objects, 0(0B) LOS objects, 23% free, 52MB/68MB, paused 439us total 18.308ms
08-04 00:28:37.994 16160 16648 I art     : Starting a blocking GC Explicit
08-04 00:28:38.013 16160 16648 I art     : Explicit concurrent mark sweep GC freed 3(96B) AllocSpace objects, 0(0B) LOS objects, 23% free, 52MB/68MB, paused 441us total 18.829ms
08-04 00:28:38.182   380   380 W SurfaceFlinger: couldn't log to binary event log: overflow.
08-04 00:28:38.274 16160 16173 I art     : Starting a blocking GC Explicit
08-04 00:28:38.295 16160 16173 I art     : Explicit concurrent mark sweep GC freed 1341(78KB) AllocSpace objects, 1(20KB) LOS objects, 23% free, 52MB/68MB, paused 490us total 20.370ms
08-04 00:28:38.304 16160 16173 I art     : Starting a blocking GC Explicit
08-04 00:28:38.330 16160 16173 I art     : Explicit concurrent mark sweep GC freed 110(6KB) AllocSpace objects, 0(0B) LOS objects, 23% free, 52MB/68MB, paused 507us total 25.554ms
08-04 00:28:38.340 16160 16173 I art     : Starting a blocking GC Explicit
08-04 00:28:38.360 16160 16173 I art     : Explicit concurrent mark sweep GC freed 371(17KB) AllocSpace objects, 0(0B) LOS objects, 23% free, 52MB/68MB, paused 634us total 20.115ms
08-04 00:28:38.369 16160 16173 I art     : Starting a blocking GC Explicit
08-04 00:28:38.390 16160 16173 I art     : Explicit concurrent mark sweep GC freed 1488(89KB) AllocSpace objects, 2(120KB) LOS objects, 23% free, 52MB/68MB, paused 747us total 20.356ms
08-04 00:28:38.397 16160 17901 D OkHttp  : --> GET https://api-hillfair-2k16.herokuapp.com/api/app/events/special/event?id=5806551bdcba0f490c70fd1f http/1.1
08-04 00:28:38.398 16160 16173 I art     : Starting a blocking GC Explicit
08-04 00:28:38.418 16160 16173 I art     : Explicit concurrent mark sweep GC freed 1705(143KB) AllocSpace objects, 1(80KB) LOS objects, 23% free, 52MB/68MB, paused 621us total 19.896ms
08-04 00:28:38.429 16160 17901 D OkHttp  : <-- 200 OK https://api-hillfair-2k16.herokuapp.com/api/app/events/special/event?id=5806551bdcba0f490c70fd1f (31ms, 795-byte body)
08-04 00:28:38.484 16160 16160 I NAPPA_EXPERIMENTATION: MetricNetworkRequestExecutionTime: REQUEST_DURATION_SYSTEM='631',REQUEST_DURATION_OKHTTP='32',REQUEST_SYNCHRONOUS='FALSE',RESPONSE_CODE='200',RESPONSE_METHOD='GET',RESPONSE_LENGTH_OKHTTP='795',RESPONSE_LENGTH_HEADER='795',REQUEST_PROTOCOL='http/1.1',REQUEST_URL='https://api-hillfair-2k16.herokuapp.com/api/app/events/special/event?id=5806551bdcba0f490c70fd1f',
08-04 00:28:38.696 16160 16173 I art     : Starting a blocking GC Explicit
08-04 00:28:38.719 16160 16173 I art     : Explicit concurrent mark sweep GC freed 2169(178KB) AllocSpace objects, 1(20KB) LOS objects, 23% free, 52MB/68MB, paused 427us total 22.461ms
08-04 00:28:38.728 16160 16173 I art     : Starting a blocking GC Explicit
08-04 00:28:38.749 16160 16173 I art     : Explicit concurrent mark sweep GC freed 99(3KB) AllocSpace objects, 0(0B) LOS objects, 23% free, 52MB/68MB, paused 412us total 20.337ms
08-04 00:28:38.758 16160 16173 I art     : Starting a blocking GC Explicit
08-04 00:28:38.779 16160 16173 I art     : Explicit concurrent mark sweep GC freed 3(96B) AllocSpace objects, 0(0B) LOS objects, 23% free, 52MB/68MB, paused 449us total 20.461ms
08-04 00:28:38.787 16160 16173 I art     : Starting a blocking GC Explicit
08-04 00:28:38.808 16160 16173 I art     : Explicit concurrent mark sweep GC freed 3(96B) AllocSpace objects, 0(0B) LOS objects, 23% free, 52MB/68MB, paused 449us total 20.653ms
08-04 00:28:38.817 16160 16173 I art     : Starting a blocking GC Explicit
08-04 00:28:38.837 16160 16173 I art     : Explicit concurrent mark sweep GC freed 3(96B) AllocSpace objects, 0(0B) LOS objects, 23% free, 52MB/68MB, paused 541us total 20.060ms
08-04 00:28:38.884 17791 17791 W Atfwd_Sendcmd: AtCmdFwd service not published, waiting... retryCnt : 1
08-04 00:28:39.117 16160 16250 I art     : Starting a blocking GC Explicit
08-04 00:28:39.139 16160 16250 I art     : Explicit concurrent mark sweep GC freed 1342(78KB) AllocSpace objects, 1(20KB) LOS objects, 23% free, 52MB/68MB, paused 460us total 21.760ms
08-04 00:28:39.148 16160 16250 I art     : Starting a blocking GC Explicit
08-04 00:28:39.169 16160 16250 I art     : Explicit concurrent mark sweep GC freed 36(1264B) AllocSpace objects, 0(0B) LOS objects, 23% free, 52MB/68MB, paused 419us total 20.896ms
08-04 00:28:39.178 16160 16250 I art     : Starting a blocking GC Explicit
08-04 00:28:39.199 16160 16250 I art     : Explicit concurrent mark sweep GC freed 3(96B) AllocSpace objects, 0(0B) LOS objects, 23% free, 52MB/68MB, paused 440us total 21.165ms
08-04 00:28:39.208 16160 16250 I art     : Starting a blocking GC Explicit
08-04 00:28:39.230 16160 16250 I art     : Explicit concurrent mark sweep GC freed 3(96B) AllocSpace objects, 0(0B) LOS objects, 23% free, 52MB/68MB, paused 488us total 21.271ms
08-04 00:28:39.238 16160 16250 I art     : Starting a blocking GC Explicit
08-04 00:28:39.260 16160 16250 I art     : Explicit concurrent mark sweep GC freed 3(96B) AllocSpace objects, 0(0B) LOS objects, 23% free, 52MB/68MB, paused 453us total 20.907ms
08-04 00:28:39.555 16160 16173 I art     : Starting a blocking GC Explicit
08-04 00:28:39.585 16160 16173 I art     : Explicit concurrent mark sweep GC freed 1341(78KB) AllocSpace objects, 1(20KB) LOS objects, 23% free, 52MB/68MB, paused 499us total 29.482ms
08-04 00:28:39.597 16160 16173 I art     : Starting a blocking GC Explicit
08-04 00:28:39.618 16160 16173 I art     : Explicit concurrent mark sweep GC freed 20(704B) AllocSpace objects, 0(0B) LOS objects, 23% free, 52MB/68MB, paused 467us total 20.879ms
08-04 00:28:39.627 16160 16173 I art     : Starting a blocking GC Explicit
08-04 00:28:39.648 16160 16173 I art     : Explicit concurrent mark sweep GC freed 3(96B) AllocSpace objects, 0(0B) LOS objects, 23% free, 52MB/68MB, paused 428us total 20.894ms
08-04 00:28:39.657 16160 16173 I art     : Starting a blocking GC Explicit
08-04 00:28:39.679 16160 16173 I art     : Explicit concurrent mark sweep GC freed 3(96B) AllocSpace objects, 0(0B) LOS objects, 23% free, 52MB/68MB, paused 453us total 21.307ms
08-04 00:28:39.688 16160 16173 I art     : Starting a blocking GC Explicit
08-04 00:28:39.709 16160 16173 I art     : Explicit concurrent mark sweep GC freed 3(96B) AllocSpace objects, 0(0B) LOS objects, 23% free, 52MB/68MB, paused 462us total 21.167ms
08-04 00:28:40.039 16160 16648 I art     : Starting a blocking GC Explicit
08-04 00:28:40.066 16160 16648 I art     : Explicit concurrent mark sweep GC freed 1341(78KB) AllocSpace objects, 1(20KB) LOS objects, 23% free, 52MB/68MB, paused 479us total 26.944ms
08-04 00:28:40.077 16160 16648 I art     : Starting a blocking GC Explicit
08-04 00:28:40.099 16160 16648 I art     : Explicit concurrent mark sweep GC freed 20(704B) AllocSpace objects, 0(0B) LOS objects, 23% free, 52MB/68MB, paused 451us total 21.510ms
08-04 00:28:40.108 16160 16648 I art     : Starting a blocking GC Explicit
08-04 00:28:40.130 16160 16648 I art     : Explicit concurrent mark sweep GC freed 3(96B) AllocSpace objects, 0(0B) LOS objects, 23% free, 52MB/68MB, paused 454us total 21.664ms
08-04 00:28:40.139 16160 16648 I art     : Starting a blocking GC Explicit
08-04 00:28:40.159 16160 16648 I art     : Explicit concurrent mark sweep GC freed 3(96B) AllocSpace objects, 0(0B) LOS objects, 23% free, 52MB/68MB, paused 451us total 20.687ms
08-04 00:28:40.168 16160 16648 I art     : Starting a blocking GC Explicit
08-04 00:28:40.190 16160 16648 I art     : Explicit concurrent mark sweep GC freed 3(96B) AllocSpace objects, 0(0B) LOS objects, 23% free, 52MB/68MB, paused 460us total 21.146ms
08-04 00:28:40.511 16160 16172 I art     : Starting a blocking GC Explicit
08-04 00:28:40.541 16160 16172 I art     : Explicit concurrent mark sweep GC freed 1341(78KB) AllocSpace objects, 1(20KB) LOS objects, 23% free, 52MB/68MB, paused 491us total 29.088ms
08-04 00:28:40.553 16160 16172 I art     : Starting a blocking GC Explicit
08-04 00:28:40.575 16160 16172 I art     : Explicit concurrent mark sweep GC freed 20(704B) AllocSpace objects, 0(0B) LOS objects, 23% free, 52MB/68MB, paused 454us total 21.690ms
08-04 00:28:40.584 16160 16172 I art     : Starting a blocking GC Explicit
08-04 00:28:40.606 16160 16172 I art     : Explicit concurrent mark sweep GC freed 3(96B) AllocSpace objects, 0(0B) LOS objects, 23% free, 52MB/68MB, paused 449us total 21.644ms
08-04 00:28:40.614 16160 16172 I art     : Starting a blocking GC Explicit
08-04 00:28:40.636 16160 16172 I art     : Explicit concurrent mark sweep GC freed 3(96B) AllocSpace objects, 0(0B) LOS objects, 23% free, 52MB/68MB, paused 441us total 21.374ms
08-04 00:28:40.645 16160 16172 I art     : Starting a blocking GC Explicit
08-04 00:28:40.666 16160 16172 I art     : Explicit concurrent mark sweep GC freed 3(96B) AllocSpace objects, 0(0B) LOS objects, 23% free, 52MB/68MB, paused 446us total 20.656ms
08-04 00:28:40.996 16160 16250 I art     : Starting a blocking GC Explicit
08-04 00:28:41.026 16160 16250 I art     : Explicit concurrent mark sweep GC freed 1341(78KB) AllocSpace objects, 1(20KB) LOS objects, 23% free, 52MB/68MB, paused 527us total 29.959ms
08-04 00:28:41.041 16160 16250 I art     : Starting a blocking GC Explicit
08-04 00:28:41.062 16160 16250 I art     : Explicit concurrent mark sweep GC freed 20(704B) AllocSpace objects, 0(0B) LOS objects, 23% free, 52MB/68MB, paused 463us total 21.265ms
08-04 00:28:41.071 16160 16250 I art     : Starting a blocking GC Explicit
08-04 00:28:41.093 16160 16250 I art     : Explicit concurrent mark sweep GC freed 3(96B) AllocSpace objects, 0(0B) LOS objects, 23% free, 52MB/68MB, paused 466us total 21.293ms
08-04 00:28:41.101 16160 16250 I art     : Starting a blocking GC Explicit
08-04 00:28:41.122 16160 16250 I art     : Explicit concurrent mark sweep GC freed 3(96B) AllocSpace objects, 0(0B) LOS objects, 23% free, 52MB/68MB, paused 435us total 20.888ms
08-04 00:28:41.131 16160 16250 I art     : Starting a blocking GC Explicit
08-04 00:28:41.152 16160 16250 I art     : Explicit concurrent mark sweep GC freed 3(96B) AllocSpace objects, 0(0B) LOS objects, 23% free, 52MB/68MB, paused 432us total 20.964ms
08-04 00:28:41.470 16160 16173 I art     : Starting a blocking GC Explicit
08-04 00:28:41.502 16160 16173 I art     : Explicit concurrent mark sweep GC freed 1341(78KB) AllocSpace objects, 1(20KB) LOS objects, 23% free, 52MB/68MB, paused 507us total 31.376ms
08-04 00:28:41.514 16160 16173 I art     : Starting a blocking GC Explicit
08-04 00:28:41.535 16160 16173 I art     : Explicit concurrent mark sweep GC freed 20(704B) AllocSpace objects, 0(0B) LOS objects, 23% free, 52MB/68MB, paused 439us total 21.061ms
08-04 00:28:41.544 16160 16173 I art     : Starting a blocking GC Explicit
08-04 00:28:41.564 16160 16173 I art     : Explicit concurrent mark sweep GC freed 3(96B) AllocSpace objects, 0(0B) LOS objects, 23% free, 52MB/68MB, paused 442us total 19.949ms
08-04 00:28:41.572 16160 16173 I art     : Starting a blocking GC Explicit
08-04 00:28:41.594 16160 16173 I art     : Explicit concurrent mark sweep GC freed 3(96B) AllocSpace objects, 0(0B) LOS objects, 23% free, 52MB/68MB, paused 461us total 21.203ms
08-04 00:28:41.603 16160 16173 I art     : Starting a blocking GC Explicit
08-04 00:28:41.624 16160 16173 I art     : Explicit concurrent mark sweep GC freed 3(96B) AllocSpace objects, 0(0B) LOS objects, 23% free, 52MB/68MB, paused 452us total 21.261ms
08-04 00:28:41.953 16160 16648 I art     : Starting a blocking GC Explicit
08-04 00:28:41.984 16160 16648 I art     : Explicit concurrent mark sweep GC freed 1341(78KB) AllocSpace objects, 1(20KB) LOS objects, 23% free, 52MB/68MB, paused 510us total 31.216ms
08-04 00:28:41.998 16160 16648 I art     : Starting a blocking GC Explicit
08-04 00:28:42.024 16160 16648 I art     : Explicit concurrent mark sweep GC freed 20(704B) AllocSpace objects, 0(0B) LOS objects, 23% free, 52MB/68MB, paused 482us total 25.359ms
08-04 00:28:42.034 16160 16648 I art     : Starting a blocking GC Explicit
08-04 00:28:42.035   518   646 I ThermalEngine: ACTION: GPU - Setting GPU[0] to 600000000
08-04 00:28:42.056 16160 16648 I art     : Explicit concurrent mark sweep GC freed 3(96B) AllocSpace objects, 0(0B) LOS objects, 23% free, 52MB/68MB, paused 411us total 21.171ms
08-04 00:28:42.065 16160 16648 I art     : Starting a blocking GC Explicit
08-04 00:28:42.084 16160 16648 I art     : Explicit concurrent mark sweep GC freed 3(96B) AllocSpace objects, 0(0B) LOS objects, 23% free, 52MB/68MB, paused 353us total 19.024ms
08-04 00:28:42.091 16160 16648 I art     : Starting a blocking GC Explicit
08-04 00:28:42.108 16160 16648 I art     : Explicit concurrent mark sweep GC freed 3(96B) AllocSpace objects, 0(0B) LOS objects, 23% free, 52MB/68MB, paused 323us total 16.494ms
08-04 00:28:42.374 16160 16172 I art     : Starting a blocking GC Explicit
08-04 00:28:42.391 16160 16172 I art     : Explicit concurrent mark sweep GC freed 1341(78KB) AllocSpace objects, 1(20KB) LOS objects, 23% free, 52MB/68MB, paused 339us total 16.938ms
08-04 00:28:42.398 16160 16172 I art     : Starting a blocking GC Explicit
08-04 00:28:42.406 17996 17996 D AndroidRuntime: >>>>>> START com.android.internal.os.RuntimeInit uid 2000 <<<<<<
08-04 00:28:42.410 17996 17996 D AndroidRuntime: CheckJNI is OFF
08-04 00:28:42.415 16160 16172 I art     : Explicit concurrent mark sweep GC freed 20(704B) AllocSpace objects, 0(0B) LOS objects, 23% free, 52MB/68MB, paused 359us total 17.098ms
08-04 00:28:42.422 16160 16172 I art     : Starting a blocking GC Explicit
08-04 00:28:42.437 17996 17996 D ICU     : No timezone override file found: /data/misc/zoneinfo/current/icu/icu_tzdata.dat
08-04 00:28:42.438 16160 16172 I art     : Explicit concurrent mark sweep GC freed 3(96B) AllocSpace objects, 0(0B) LOS objects, 23% free, 52MB/68MB, paused 380us total 15.540ms
08-04 00:28:42.444 16160 16172 I art     : Starting a blocking GC Explicit
08-04 00:28:42.461 16160 16172 I art     : Explicit concurrent mark sweep GC freed 3(96B) AllocSpace objects, 0(0B) LOS objects, 23% free, 52MB/68MB, paused 312us total 16.300ms
08-04 00:28:42.463 17996 17996 I Radio-JNI: register_android_hardware_Radio DONE
08-04 00:28:42.467 16160 16172 I art     : Starting a blocking GC Explicit
08-04 00:28:42.479 17996 17996 D AndroidRuntime: Calling main entry com.android.commands.input.Input
08-04 00:28:42.480 17996 17996 I Input   : injectKeyEvent: KeyEvent { action=ACTION_DOWN, keyCode=KEYCODE_BACK, scanCode=0, metaState=0, flags=0x0, repeatCount=0, eventTime=664138893, downTime=664138893, deviceId=-1, source=0x101 }
08-04 00:28:42.482 16160 16172 I art     : Explicit concurrent mark sweep GC freed 3(96B) AllocSpace objects, 0(0B) LOS objects, 23% free, 52MB/68MB, paused 360us total 14.859ms
08-04 00:28:42.487 17996 17996 I Input   : injectKeyEvent: KeyEvent { action=ACTION_UP, keyCode=KEYCODE_BACK, scanCode=0, metaState=0, flags=0x0, repeatCount=0, eventTime=664138893, downTime=664138893, deviceId=-1, source=0x101 }
08-04 00:28:42.494 17996 17996 D AndroidRuntime: Shutting down VM
08-04 00:28:42.533 13866 13866 I GoogleInputMethodServic: GoogleInputMethodService.onFinishInput():3138 
08-04 00:28:42.533 13866 13866 I GoogleInputMethodServic: GoogleInputMethodService.onStartInput():1808 
08-04 00:28:42.729 16160 16250 I art     : Starting a blocking GC Explicit
08-04 00:28:42.751 16160 16250 I art     : Explicit concurrent mark sweep GC freed 1511(85KB) AllocSpace objects, 1(20KB) LOS objects, 23% free, 52MB/68MB, paused 357us total 21.776ms
08-04 00:28:42.761 16160 16250 I art     : Starting a blocking GC Explicit
08-04 00:28:42.783 16160 16250 I art     : Explicit concurrent mark sweep GC freed 26(944B) AllocSpace objects, 0(0B) LOS objects, 23% free, 52MB/68MB, paused 351us total 21.178ms
08-04 00:28:42.791 16160 16250 I art     : Starting a blocking GC Explicit
08-04 00:28:42.815 16160 16250 I art     : Explicit concurrent mark sweep GC freed 3(96B) AllocSpace objects, 0(0B) LOS objects, 23% free, 52MB/68MB, paused 461us total 23.361ms
08-04 00:28:42.823 16160 16250 I art     : Starting a blocking GC Explicit
08-04 00:28:42.837   380   380 W SurfaceFlinger: couldn't log to binary event log: overflow.
08-04 00:28:42.840 16160 16250 I art     : Explicit concurrent mark sweep GC freed 89(7KB) AllocSpace objects, 0(0B) LOS objects, 23% free, 52MB/68MB, paused 346us total 17.125ms
08-04 00:28:42.848 16160 16250 I art     : Starting a blocking GC Explicit
08-04 00:28:42.863 16160 16250 I art     : Explicit concurrent mark sweep GC freed 26(1232B) AllocSpace objects, 0(0B) LOS objects, 23% free, 52MB/68MB, paused 308us total 15.232ms
08-04 00:28:43.154 16160 16648 I art     : Starting a blocking GC Explicit
08-04 00:28:43.178 16160 16648 I art     : Explicit concurrent mark sweep GC freed 2993(185KB) AllocSpace objects, 4(420KB) LOS objects, 23% free, 52MB/68MB, paused 419us total 24.067ms
08-04 00:28:43.188 16160 16648 I art     : Starting a blocking GC Explicit
08-04 00:28:43.205 16160 16648 I art     : Explicit concurrent mark sweep GC freed 20(704B) AllocSpace objects, 0(0B) LOS objects, 23% free, 52MB/68MB, paused 333us total 16.831ms
08-04 00:28:43.212 16160 16648 I art     : Starting a blocking GC Explicit
08-04 00:28:43.229 16160 16648 I art     : Explicit concurrent mark sweep GC freed 3(96B) AllocSpace objects, 0(0B) LOS objects, 23% free, 52MB/68MB, paused 321us total 16.588ms
08-04 00:28:43.235 16160 16648 I art     : Starting a blocking GC Explicit
08-04 00:28:43.251 16160 16648 I art     : Explicit concurrent mark sweep GC freed 3(96B) AllocSpace objects, 0(0B) LOS objects, 23% free, 52MB/68MB, paused 310us total 15.578ms
08-04 00:28:43.258 16160 16648 I art     : Starting a blocking GC Explicit
08-04 00:28:43.273 16160 16648 I art     : Explicit concurrent mark sweep GC freed 3(96B) AllocSpace objects, 0(0B) LOS objects, 23% free, 52MB/68MB, paused 325us total 15.705ms
08-04 00:28:43.545 16160 16172 I art     : Starting a blocking GC Explicit
08-04 00:28:43.568 16160 16172 I art     : Explicit concurrent mark sweep GC freed 1340(78KB) AllocSpace objects, 1(20KB) LOS objects, 23% free, 52MB/68MB, paused 385us total 22.939ms
08-04 00:28:43.578 16160 16172 I art     : Starting a blocking GC Explicit
08-04 00:28:43.595 16160 16172 I art     : Explicit concurrent mark sweep GC freed 20(704B) AllocSpace objects, 0(0B) LOS objects, 23% free, 52MB/68MB, paused 349us total 16.774ms
08-04 00:28:43.602 16160 16172 I art     : Starting a blocking GC Explicit
08-04 00:28:43.618 16160 16172 I art     : Explicit concurrent mark sweep GC freed 3(96B) AllocSpace objects, 0(0B) LOS objects, 23% free, 52MB/68MB, paused 336us total 15.801ms
08-04 00:28:43.625 16160 16172 I art     : Starting a blocking GC Explicit
08-04 00:28:43.641 16160 16172 I art     : Explicit concurrent mark sweep GC freed 3(96B) AllocSpace objects, 0(0B) LOS objects, 23% free, 52MB/68MB, paused 329us total 15.919ms
08-04 00:28:43.647 16160 16172 I art     : Starting a blocking GC Explicit
08-04 00:28:43.663 16160 16172 I art     : Explicit concurrent mark sweep GC freed 3(96B) AllocSpace objects, 0(0B) LOS objects, 23% free, 52MB/68MB, paused 325us total 15.840ms
08-04 00:28:43.885 17791 17791 I ServiceManager: Waiting for service AtCmdFwd...
08-04 00:28:43.914 16160 18029 I art     : Starting a blocking GC Explicit
08-04 00:28:43.931 16160 18029 I art     : Explicit concurrent mark sweep GC freed 1340(78KB) AllocSpace objects, 1(20KB) LOS objects, 23% free, 52MB/68MB, paused 344us total 17.409ms
08-04 00:28:43.939 16160 18029 I art     : Starting a blocking GC Explicit
08-04 00:28:43.953 16160 18029 I art     : Explicit concurrent mark sweep GC freed 20(704B) AllocSpace objects, 0(0B) LOS objects, 23% free, 52MB/68MB, paused 312us total 14.179ms
08-04 00:28:43.959 16160 18029 I art     : Starting a blocking GC Explicit
08-04 00:28:43.974 16160 18029 I art     : Explicit concurrent mark sweep GC freed 3(96B) AllocSpace objects, 0(0B) LOS objects, 23% free, 52MB/68MB, paused 313us total 14.297ms
08-04 00:28:43.980 16160 18029 I art     : Starting a blocking GC Explicit
08-04 00:28:43.995 16160 18029 I art     : Explicit concurrent mark sweep GC freed 3(96B) AllocSpace objects, 0(0B) LOS objects, 23% free, 52MB/68MB, paused 327us total 15.200ms
08-04 00:28:44.001 16160 18029 I art     : Starting a blocking GC Explicit
08-04 00:28:44.017 16160 18029 I art     : Explicit concurrent mark sweep GC freed 3(96B) AllocSpace objects, 0(0B) LOS objects, 23% free, 52MB/68MB, paused 433us total 15.298ms
08-04 00:28:44.041   518   646 I ThermalEngine: ACTION: GPU - Setting GPU[0] to 510000000
08-04 00:28:44.063 18050 18050 D AndroidRuntime: >>>>>> START com.android.internal.os.RuntimeInit uid 2000 <<<<<<
08-04 00:28:44.067 18050 18050 D AndroidRuntime: CheckJNI is OFF
08-04 00:28:44.100 18050 18050 D ICU     : No timezone override file found: /data/misc/zoneinfo/current/icu/icu_tzdata.dat
08-04 00:28:44.134 18050 18050 I Radio-JNI: register_android_hardware_Radio DONE
08-04 00:28:44.156 18050 18050 D AndroidRuntime: Calling main entry com.android.commands.input.Input
08-04 00:28:44.157 18050 18050 I Input   : injectKeyEvent: KeyEvent { action=ACTION_DOWN, keyCode=KEYCODE_BACK, scanCode=0, metaState=0, flags=0x0, repeatCount=0, eventTime=664140570, downTime=664140570, deviceId=-1, source=0x101 }
08-04 00:28:44.162 18050 18050 I Input   : injectKeyEvent: KeyEvent { action=ACTION_UP, keyCode=KEYCODE_BACK, scanCode=0, metaState=0, flags=0x0, repeatCount=0, eventTime=664140570, downTime=664140570, deviceId=-1, source=0x101 }
08-04 00:28:44.168 18050 18050 D AndroidRuntime: Shutting down VM
08-04 00:28:44.214 13866 13866 I GoogleInputMethodServic: GoogleInputMethodService.onFinishInput():3138 
08-04 00:28:44.215 13866 13866 I GoogleInputMethodServic: GoogleInputMethodService.onStartInput():1808 
08-04 00:28:44.261 16160 16172 I art     : Starting a blocking GC Explicit
08-04 00:28:44.279 16160 16172 I art     : Explicit concurrent mark sweep GC freed 1550(87KB) AllocSpace objects, 1(20KB) LOS objects, 23% free, 52MB/68MB, paused 397us total 17.734ms
08-04 00:28:44.287 16160 16172 I art     : Starting a blocking GC Explicit
08-04 00:28:44.305 16160 16172 I art     : Explicit concurrent mark sweep GC freed 24(864B) AllocSpace objects, 0(0B) LOS objects, 23% free, 52MB/68MB, paused 446us total 17.794ms
08-04 00:28:44.314 16160 16172 I art     : Starting a blocking GC Explicit
08-04 00:28:44.333 16160 16172 I art     : Explicit concurrent mark sweep GC freed 3(96B) AllocSpace objects, 0(0B) LOS objects, 23% free, 52MB/68MB, paused 425us total 18.628ms
08-04 00:28:44.341 16160 16172 I art     : Starting a blocking GC Explicit
08-04 00:28:44.364 16160 16172 I art     : Explicit concurrent mark sweep GC freed 3(96B) AllocSpace objects, 0(0B) LOS objects, 23% free, 52MB/68MB, paused 403us total 22.063ms
08-04 00:28:44.372 16160 16172 I art     : Starting a blocking GC Explicit
08-04 00:28:44.395 16160 16172 I art     : Explicit concurrent mark sweep GC freed 3(96B) AllocSpace objects, 0(0B) LOS objects, 23% free, 52MB/68MB, paused 471us total 22.512ms
08-04 00:28:44.654 16160 16172 I art     : Starting a blocking GC Explicit
08-04 00:28:44.676 16160 16172 I art     : Explicit concurrent mark sweep GC freed 1980(109KB) AllocSpace objects, 1(20KB) LOS objects, 23% free, 52MB/68MB, paused 467us total 21.755ms
08-04 00:28:44.689 16160 16172 I art     : Starting a blocking GC Explicit
08-04 00:28:44.711 16160 16172 I art     : Explicit concurrent mark sweep GC freed 2106(128KB) AllocSpace objects, 2(140KB) LOS objects, 23% free, 52MB/68MB, paused 451us total 21.529ms
08-04 00:28:44.720 16160 16172 I art     : Starting a blocking GC Explicit
08-04 00:28:44.739 16160 16172 I art     : Explicit concurrent mark sweep GC freed 3(96B) AllocSpace objects, 0(0B) LOS objects, 23% free, 52MB/68MB, paused 457us total 19.101ms
08-04 00:28:44.747 16160 16172 I art     : Starting a blocking GC Explicit
08-04 00:28:44.767 16160 16172 I art     : Explicit concurrent mark sweep GC freed 3(96B) AllocSpace objects, 0(0B) LOS objects, 23% free, 52MB/68MB, paused 576us total 19.589ms
08-04 00:28:44.775 16160 16172 I art     : Starting a blocking GC Explicit
08-04 00:28:44.795 16160 16172 I art     : Explicit concurrent mark sweep GC freed 3(96B) AllocSpace objects, 0(0B) LOS objects, 23% free, 52MB/68MB, paused 526us total 19.671ms
08-04 00:28:44.886 17791 17791 I ServiceManager: Waiting for service AtCmdFwd...
08-04 00:28:45.071 16160 16173 I art     : Starting a blocking GC Explicit
08-04 00:28:45.096 16160 16173 I art     : Explicit concurrent mark sweep GC freed 1340(78KB) AllocSpace objects, 1(20KB) LOS objects, 23% free, 52MB/68MB, paused 497us total 24.988ms
08-04 00:28:45.107 16160 16173 I art     : Starting a blocking GC Explicit
08-04 00:28:45.127 16160 16173 I art     : Explicit concurrent mark sweep GC freed 20(704B) AllocSpace objects, 0(0B) LOS objects, 23% free, 52MB/68MB, paused 547us total 20.032ms
08-04 00:28:45.136 16160 16173 I art     : Starting a blocking GC Explicit
08-04 00:28:45.156 16160 16173 I art     : Explicit concurrent mark sweep GC freed 3(96B) AllocSpace objects, 0(0B) LOS objects, 23% free, 52MB/68MB, paused 467us total 20.001ms
08-04 00:28:45.164 16160 16173 I art     : Starting a blocking GC Explicit
08-04 00:28:45.184 16160 16173 I art     : Explicit concurrent mark sweep GC freed 3(96B) AllocSpace objects, 0(0B) LOS objects, 23% free, 52MB/68MB, paused 462us total 19.318ms
08-04 00:28:45.192 16160 16173 I art     : Starting a blocking GC Explicit
08-04 00:28:45.212 16160 16173 I art     : Explicit concurrent mark sweep GC freed 3(96B) AllocSpace objects, 0(0B) LOS objects, 23% free, 52MB/68MB, paused 459us total 19.617ms
08-04 00:28:45.475 16160 18029 I art     : Starting a blocking GC Explicit
08-04 00:28:45.495 16160 18029 I art     : Explicit concurrent mark sweep GC freed 1338(78KB) AllocSpace objects, 1(20KB) LOS objects, 23% free, 52MB/68MB, paused 466us total 19.997ms
08-04 00:28:45.503 16160 18029 I art     : Starting a blocking GC Explicit
08-04 00:28:45.522 16160 18029 I art     : Explicit concurrent mark sweep GC freed 20(704B) AllocSpace objects, 0(0B) LOS objects, 23% free, 52MB/68MB, paused 512us total 18.870ms
08-04 00:28:45.531 16160 18029 I art     : Starting a blocking GC Explicit
08-04 00:28:45.549 16160 18029 I art     : Explicit concurrent mark sweep GC freed 3(96B) AllocSpace objects, 0(0B) LOS objects, 23% free, 52MB/68MB, paused 445us total 18.686ms
08-04 00:28:45.558 16160 18029 I art     : Starting a blocking GC Explicit
08-04 00:28:45.577 16160 18029 I art     : Explicit concurrent mark sweep GC freed 3(96B) AllocSpace objects, 0(0B) LOS objects, 23% free, 52MB/68MB, paused 513us total 18.880ms
08-04 00:28:45.585 16160 18029 I art     : Starting a blocking GC Explicit
08-04 00:28:45.604 16160 18029 I art     : Explicit concurrent mark sweep GC freed 3(96B) AllocSpace objects, 0(0B) LOS objects, 23% free, 52MB/68MB, paused 434us total 18.602ms
08-04 00:28:45.819 18134 18134 D AndroidRuntime: >>>>>> START com.android.internal.os.RuntimeInit uid 2000 <<<<<<
08-04 00:28:45.824 18134 18134 D AndroidRuntime: CheckJNI is OFF
08-04 00:28:45.858 18134 18134 D ICU     : No timezone override file found: /data/misc/zoneinfo/current/icu/icu_tzdata.dat
08-04 00:28:45.883 16160 16250 I art     : Starting a blocking GC Explicit
08-04 00:28:45.886 17791 17791 I ServiceManager: Waiting for service AtCmdFwd...
08-04 00:28:45.892 18134 18134 I Radio-JNI: register_android_hardware_Radio DONE
08-04 00:28:45.904 16160 16250 I art     : Explicit concurrent mark sweep GC freed 1338(78KB) AllocSpace objects, 1(20KB) LOS objects, 23% free, 52MB/68MB, paused 520us total 20.050ms
08-04 00:28:45.913 16160 16250 I art     : Starting a blocking GC Explicit
08-04 00:28:45.916 18134 18134 D AndroidRuntime: Calling main entry com.android.commands.input.Input
08-04 00:28:45.918 18134 18134 I Input   : injectMotionEvent: MotionEvent { action=ACTION_DOWN, actionButton=0, id[0]=0, x[0]=1053.0, y[0]=1173.0, toolType[0]=TOOL_TYPE_UNKNOWN, buttonState=0, metaState=0, flags=0x0, edgeFlags=0x0, pointerCount=1, historySize=0, eventTime=664142330, downTime=664142330, deviceId=0, source=0x1002 }
08-04 00:28:45.922 18134 18134 I Input   : injectMotionEvent: MotionEvent { action=ACTION_UP, actionButton=0, id[0]=0, x[0]=1053.0, y[0]=1173.0, toolType[0]=TOOL_TYPE_UNKNOWN, buttonState=0, metaState=0, flags=0x0, edgeFlags=0x0, pointerCount=1, historySize=0, eventTime=664142330, downTime=664142330, deviceId=0, source=0x1002 }
08-04 00:28:45.924   918  6112 I ActivityManager: START u0 {cmp=baseline.appteam.nith.hillffair/.activities.QuizActivity} from uid 10651 on display 0
08-04 00:28:45.933 16160 16250 I art     : Explicit concurrent mark sweep GC freed 25(4KB) AllocSpace objects, 0(0B) LOS objects, 23% free, 52MB/68MB, paused 596us total 19.957ms
08-04 00:28:45.933 18134 18134 D AndroidRuntime: Shutting down VM
08-04 00:28:45.941 16160 16250 I art     : Starting a blocking GC Explicit
08-04 00:28:45.960 16160 16250 I art     : Explicit concurrent mark sweep GC freed 543(49KB) AllocSpace objects, 0(0B) LOS objects, 23% free, 52MB/68MB, paused 585us total 18.683ms
08-04 00:28:45.968 16160 16250 I art     : Starting a blocking GC Explicit
08-04 00:28:45.987 16160 16250 I art     : Explicit concurrent mark sweep GC freed 280(12KB) AllocSpace objects, 0(0B) LOS objects, 23% free, 52MB/68MB, paused 471us total 18.042ms
08-04 00:28:45.995 16160 16250 I art     : Starting a blocking GC Explicit
08-04 00:28:46.014 16160 16250 I art     : Explicit concurrent mark sweep GC freed 45(2064B) AllocSpace objects, 0(0B) LOS objects, 23% free, 52MB/68MB, paused 643us total 18.017ms
08-04 00:28:46.065   918   936 I ActivityManager: Displayed baseline.appteam.nith.hillffair/.activities.QuizActivity: +132ms
08-04 00:28:46.066 13866 13866 I GoogleInputMethodServic: GoogleInputMethodService.onFinishInput():3138 
08-04 00:28:46.067 13866 13866 I GoogleInputMethodServic: GoogleInputMethodService.onStartInput():1808 
08-04 00:28:46.271 16160 16250 I art     : Starting a blocking GC Explicit
08-04 00:28:46.296 16160 16250 I art     : Explicit concurrent mark sweep GC freed 1475(83KB) AllocSpace objects, 1(20KB) LOS objects, 23% free, 52MB/68MB, paused 455us total 24.582ms
08-04 00:28:46.305 16160 16250 I art     : Starting a blocking GC Explicit
08-04 00:28:46.324   380   380 W SurfaceFlinger: couldn't log to binary event log: overflow.
08-04 00:28:46.330 16160 16250 I art     : Explicit concurrent mark sweep GC freed 26(912B) AllocSpace objects, 0(0B) LOS objects, 23% free, 52MB/68MB, paused 595us total 24.410ms
08-04 00:28:46.341 16160 16250 I art     : Starting a blocking GC Explicit
08-04 00:28:46.358 16160 16250 I art     : Explicit concurrent mark sweep GC freed 3(96B) AllocSpace objects, 0(0B) LOS objects, 23% free, 52MB/68MB, paused 451us total 17.724ms
08-04 00:28:46.366 16160 16250 I art     : Starting a blocking GC Explicit
08-04 00:28:46.384 16160 16250 I art     : Explicit concurrent mark sweep GC freed 3(96B) AllocSpace objects, 0(0B) LOS objects, 23% free, 52MB/68MB, paused 394us total 17.520ms
08-04 00:28:46.392 16160 16250 I art     : Starting a blocking GC Explicit
08-04 00:28:46.409 16160 16250 I art     : Explicit concurrent mark sweep GC freed 3(96B) AllocSpace objects, 0(0B) LOS objects, 23% free, 52MB/68MB, paused 401us total 17.264ms
08-04 00:28:46.691 16160 16173 I art     : Starting a blocking GC Explicit
08-04 00:28:46.716 16160 16173 I art     : Explicit concurrent mark sweep GC freed 1410(82KB) AllocSpace objects, 1(20KB) LOS objects, 23% free, 52MB/68MB, paused 475us total 25.059ms
08-04 00:28:46.727 16160 16173 I art     : Starting a blocking GC Explicit
08-04 00:28:46.748 16160 16173 I art     : Explicit concurrent mark sweep GC freed 20(704B) AllocSpace objects, 0(0B) LOS objects, 23% free, 52MB/68MB, paused 447us total 21.122ms
08-04 00:28:46.757 16160 16173 I art     : Starting a blocking GC Explicit
08-04 00:28:46.778 16160 16173 I art     : Explicit concurrent mark sweep GC freed 3(96B) AllocSpace objects, 0(0B) LOS objects, 23% free, 52MB/68MB, paused 450us total 20.588ms
08-04 00:28:46.787 16160 16173 I art     : Starting a blocking GC Explicit
08-04 00:28:46.808 16160 16173 I art     : Explicit concurrent mark sweep GC freed 3(96B) AllocSpace objects, 0(0B) LOS objects, 23% free, 52MB/68MB, paused 463us total 21.030ms
08-04 00:28:46.817 16160 16173 I art     : Starting a blocking GC Explicit
08-04 00:28:46.838 16160 16173 I art     : Explicit concurrent mark sweep GC freed 3(96B) AllocSpace objects, 0(0B) LOS objects, 23% free, 52MB/68MB, paused 481us total 21.081ms
08-04 00:28:46.887 17791 17791 I ServiceManager: Waiting for service AtCmdFwd...
08-04 00:28:47.128 16160 16250 I art     : Starting a blocking GC Explicit
08-04 00:28:47.154 16160 16250 I art     : Explicit concurrent mark sweep GC freed 1340(78KB) AllocSpace objects, 1(20KB) LOS objects, 23% free, 52MB/68MB, paused 496us total 25.871ms
08-04 00:28:47.166 16160 16250 I art     : Starting a blocking GC Explicit
08-04 00:28:47.187 16160 16250 I art     : Explicit concurrent mark sweep GC freed 20(704B) AllocSpace objects, 0(0B) LOS objects, 23% free, 52MB/68MB, paused 495us total 21.048ms
08-04 00:28:47.196 16160 16250 I art     : Starting a blocking GC Explicit
08-04 00:28:47.218 16160 16250 I art     : Explicit concurrent mark sweep GC freed 3(96B) AllocSpace objects, 0(0B) LOS objects, 23% free, 52MB/68MB, paused 479us total 21.092ms
08-04 00:28:47.227 16160 16250 I art     : Starting a blocking GC Explicit
08-04 00:28:47.249 16160 16250 I art     : Explicit concurrent mark sweep GC freed 3(96B) AllocSpace objects, 0(0B) LOS objects, 23% free, 52MB/68MB, paused 470us total 21.798ms
08-04 00:28:47.258 16160 16250 I art     : Starting a blocking GC Explicit
08-04 00:28:47.278 16160 16250 I art     : Explicit concurrent mark sweep GC freed 3(96B) AllocSpace objects, 0(0B) LOS objects, 23% free, 52MB/68MB, paused 451us total 20.278ms
08-04 00:28:47.560 16160 18029 I art     : Starting a blocking GC Explicit
08-04 00:28:47.585 16160 18029 I art     : Explicit concurrent mark sweep GC freed 1345(78KB) AllocSpace objects, 1(20KB) LOS objects, 23% free, 52MB/68MB, paused 435us total 24.781ms
08-04 00:28:47.597 16160 18029 I art     : Starting a blocking GC Explicit
08-04 00:28:47.617 16160 18029 I art     : Explicit concurrent mark sweep GC freed 33(1312B) AllocSpace objects, 0(0B) LOS objects, 23% free, 52MB/68MB, paused 471us total 19.599ms
08-04 00:28:47.625 16160 18029 I art     : Starting a blocking GC Explicit
08-04 00:28:47.643 16160 18029 I art     : Explicit concurrent mark sweep GC freed 21(656B) AllocSpace objects, 0(0B) LOS objects, 23% free, 52MB/68MB, paused 408us total 18.016ms
08-04 00:28:47.651 16160 18029 I art     : Starting a blocking GC Explicit
08-04 00:28:47.669 16160 18029 I art     : Explicit concurrent mark sweep GC freed 6(192B) AllocSpace objects, 0(0B) LOS objects, 23% free, 52MB/68MB, paused 400us total 17.696ms
08-04 00:28:47.677 16160 18029 I art     : Starting a blocking GC Explicit
08-04 00:28:47.695 16160 18029 I art     : Explicit concurrent mark sweep GC freed 6(192B) AllocSpace objects, 0(0B) LOS objects, 23% free, 52MB/68MB, paused 411us total 18.245ms
08-04 00:28:47.887 17791 17791 I ServiceManager: Waiting for service AtCmdFwd...
08-04 00:28:48.003 16160 16172 I art     : Starting a blocking GC Explicit
08-04 00:28:48.037 16160 16172 I art     : Explicit concurrent mark sweep GC freed 1355(78KB) AllocSpace objects, 1(20KB) LOS objects, 23% free, 52MB/68MB, paused 813us total 33.895ms
08-04 00:28:48.051 16160 16172 I art     : Starting a blocking GC Explicit
08-04 00:28:48.072 16160 16172 I art     : Explicit concurrent mark sweep GC freed 20(704B) AllocSpace objects, 0(0B) LOS objects, 23% free, 52MB/68MB, paused 429us total 21.044ms
08-04 00:28:48.081 16160 16172 I art     : Starting a blocking GC Explicit
08-04 00:28:48.101 16160 16172 I art     : Explicit concurrent mark sweep GC freed 3(96B) AllocSpace objects, 0(0B) LOS objects, 23% free, 52MB/68MB, paused 427us total 20.584ms
08-04 00:28:48.110 16160 16172 I art     : Starting a blocking GC Explicit
08-04 00:28:48.131 16160 16172 I art     : Explicit concurrent mark sweep GC freed 3(96B) AllocSpace objects, 0(0B) LOS objects, 23% free, 52MB/68MB, paused 426us total 20.518ms
08-04 00:28:48.139 16160 16172 I art     : Starting a blocking GC Explicit
08-04 00:28:48.160 16160 16172 I art     : Explicit concurrent mark sweep GC freed 3(96B) AllocSpace objects, 0(0B) LOS objects, 23% free, 52MB/68MB, paused 423us total 20.370ms
08-04 00:28:48.428 16160 16173 I art     : Starting a blocking GC Explicit
08-04 00:28:48.449 16160 16173 I art     : Explicit concurrent mark sweep GC freed 1340(78KB) AllocSpace objects, 1(20KB) LOS objects, 23% free, 52MB/68MB, paused 461us total 20.833ms
08-04 00:28:48.458 16160 16173 I art     : Starting a blocking GC Explicit
08-04 00:28:48.479 16160 16173 I art     : Explicit concurrent mark sweep GC freed 20(704B) AllocSpace objects, 0(0B) LOS objects, 23% free, 52MB/68MB, paused 461us total 20.565ms
08-04 00:28:48.487 16160 16173 I art     : Starting a blocking GC Explicit
08-04 00:28:48.508 16160 16173 I art     : Explicit concurrent mark sweep GC freed 3(96B) AllocSpace objects, 0(0B) LOS objects, 23% free, 52MB/68MB, paused 470us total 20.459ms
08-04 00:28:48.516 16160 16173 I art     : Starting a blocking GC Explicit
08-04 00:28:48.536 16160 16173 I art     : Explicit concurrent mark sweep GC freed 3(96B) AllocSpace objects, 0(0B) LOS objects, 23% free, 52MB/68MB, paused 483us total 19.830ms
08-04 00:28:48.545 16160 16173 I art     : Starting a blocking GC Explicit
08-04 00:28:48.564 16160 16173 I art     : Explicit concurrent mark sweep GC freed 3(96B) AllocSpace objects, 0(0B) LOS objects, 23% free, 52MB/68MB, paused 439us total 19.542ms
08-04 00:28:48.629 18241 18241 D AndroidRuntime: >>>>>> START com.android.internal.os.RuntimeInit uid 2000 <<<<<<
08-04 00:28:48.634 18241 18241 D AndroidRuntime: CheckJNI is OFF
08-04 00:28:48.669 18241 18241 D ICU     : No timezone override file found: /data/misc/zoneinfo/current/icu/icu_tzdata.dat
08-04 00:28:48.703 18241 18241 I Radio-JNI: register_android_hardware_Radio DONE
08-04 00:28:48.727 18241 18241 D AndroidRuntime: Calling main entry com.android.commands.input.Input
08-04 00:28:48.731 18241 18241 I Input   : injectMotionEvent: MotionEvent { action=ACTION_DOWN, actionButton=0, id[0]=0, x[0]=756.0, y[0]=1530.0, toolType[0]=TOOL_TYPE_UNKNOWN, buttonState=0, metaState=0, flags=0x0, edgeFlags=0x0, pointerCount=1, historySize=0, eventTime=664145143, downTime=664145143, deviceId=0, source=0x1002 }
08-04 00:28:48.740 18241 18241 I Input   : injectMotionEvent: MotionEvent { action=ACTION_UP, actionButton=0, id[0]=0, x[0]=756.0, y[0]=1530.0, toolType[0]=TOOL_TYPE_UNKNOWN, buttonState=0, metaState=0, flags=0x0, edgeFlags=0x0, pointerCount=1, historySize=0, eventTime=664145143, downTime=664145143, deviceId=0, source=0x1002 }
08-04 00:28:48.743 18241 18241 D AndroidRuntime: Shutting down VM
08-04 00:28:48.767   918  6110 I ActivityManager: START u0 {cmp=baseline.appteam.nith.hillffair/.activities.LeaderBoardActivity} from uid 10651 on display 0
08-04 00:28:48.767   512  2967 D audio_hw_primary: out_set_parameters: enter: usecase(1: low-latency-playback) kvpairs: routing=2
08-04 00:28:48.780   512  2967 D audio_hw_primary: select_devices: out_snd_device(2: speaker) in_snd_device(0: none)
08-04 00:28:48.780   512  2967 D msm8974_platform: platform_send_audio_calibration: sending audio calibration for snd_device(2) acdb_id(15)
08-04 00:28:48.780   512  2967 I soundtrigger: audio_extn_sound_trigger_update_device_status: device 0x2 of type 0 for Event 1
08-04 00:28:48.789   512  2967 D audio_hw_primary: enable_snd_device: snd_device(2: speaker)
08-04 00:28:48.791   512  2967 D audio_hw_primary: enable_audio_route: apply and update mixer path: low-latency-playback speaker
08-04 00:28:48.845 16160 16160 E RecyclerView: No adapter attached; skipping layout
08-04 00:28:48.849 16160 16250 I art     : Starting a blocking GC Explicit
08-04 00:28:48.863 16160 16160 E RecyclerView: No adapter attached; skipping layout
08-04 00:28:48.875 16160 16250 I art     : Explicit concurrent mark sweep GC freed 6339(371KB) AllocSpace objects, 1(20KB) LOS objects, 23% free, 52MB/68MB, paused 545us total 26.034ms
08-04 00:28:48.885 16160 16250 I art     : Starting a blocking GC Explicit
08-04 00:28:48.886   918   936 I ActivityManager: Displayed baseline.appteam.nith.hillffair/.activities.LeaderBoardActivity: +112ms
08-04 00:28:48.887 13866 13866 I GoogleInputMethodServic: GoogleInputMethodService.onFinishInput():3138 
08-04 00:28:48.887 13866 13866 I GoogleInputMethodServic: GoogleInputMethodService.onStartInput():1808 
08-04 00:28:48.887 17791 17791 W Atfwd_Sendcmd: AtCmdFwd service not published, waiting... retryCnt : 2
08-04 00:28:48.887 16160 16160 E RecyclerView: No adapter attached; skipping layout
08-04 00:28:48.905 16160 16250 I art     : Explicit concurrent mark sweep GC freed 292(12KB) AllocSpace objects, 0(0B) LOS objects, 23% free, 52MB/68MB, paused 491us total 19.353ms
08-04 00:28:48.912 16160 16183 D OpenGLRenderer: endAllStagingAnimators on 0x7f82926800 (RippleDrawable) with handle 0x7f7fd42140
08-04 00:28:48.913 16160 16250 I art     : Starting a blocking GC Explicit
08-04 00:28:48.934 16160 16250 I art     : Explicit concurrent mark sweep GC freed 97(6KB) AllocSpace objects, 0(0B) LOS objects, 23% free, 52MB/68MB, paused 470us total 19.993ms
08-04 00:28:48.942 16160 16250 I art     : Starting a blocking GC Explicit
08-04 00:28:48.962 16160 16250 I art     : Explicit concurrent mark sweep GC freed 24(992B) AllocSpace objects, 0(0B) LOS objects, 23% free, 52MB/68MB, paused 450us total 19.390ms
08-04 00:28:48.971 16160 16250 I art     : Starting a blocking GC Explicit
08-04 00:28:48.990 16160 16250 I art     : Explicit concurrent mark sweep GC freed 10(384B) AllocSpace objects, 0(0B) LOS objects, 23% free, 52MB/68MB, paused 474us total 18.694ms
08-04 00:28:49.157   380   380 W SurfaceFlinger: couldn't log to binary event log: overflow.
08-04 00:28:49.266 16160 16250 I art     : Starting a blocking GC Explicit
08-04 00:28:49.285 16160 16250 I art     : Explicit concurrent mark sweep GC freed 1433(83KB) AllocSpace objects, 1(20KB) LOS objects, 23% free, 52MB/68MB, paused 493us total 19.241ms
08-04 00:28:49.294 16160 16250 I art     : Starting a blocking GC Explicit
08-04 00:28:49.313 16160 16250 I art     : Explicit concurrent mark sweep GC freed 99(4KB) AllocSpace objects, 0(0B) LOS objects, 23% free, 52MB/68MB, paused 430us total 19.144ms
08-04 00:28:49.319   512  2967 D audio_hw_primary: disable_audio_route: reset and update mixer path: low-latency-playback speaker
08-04 00:28:49.320   512  2967 D audio_hw_primary: disable_snd_device: snd_device(2: speaker)
08-04 00:28:49.321 16160 16250 I art     : Starting a blocking GC Explicit
08-04 00:28:49.330   512  2967 I soundtrigger: audio_extn_sound_trigger_update_device_status: device 0x2 of type 0 for Event 0
08-04 00:28:49.340 16160 16250 I art     : Explicit concurrent mark sweep GC freed 1124(76KB) AllocSpace objects, 2(120KB) LOS objects, 23% free, 52MB/68MB, paused 737us total 19.448ms
08-04 00:28:49.348 16160 16250 I art     : Starting a blocking GC Explicit
08-04 00:28:49.352 16160 18275 D OkHttp  : --> GET https://api-hillfair-2k16.herokuapp.com/api/app/quiz/leaderboard?from=1 http/1.1
08-04 00:28:49.367 16160 16250 I art     : Explicit concurrent mark sweep GC freed 2366(166KB) AllocSpace objects, 1(80KB) LOS objects, 23% free, 52MB/68MB, paused 543us total 19.168ms
08-04 00:28:49.375 16160 16250 I art     : Starting a blocking GC Explicit
08-04 00:28:49.384 16160 18275 D OkHttp  : <-- 200 OK https://api-hillfair-2k16.herokuapp.com/api/app/quiz/leaderboard?from=1 (31ms, 56744-byte body)
08-04 00:28:49.395 16160 16250 I art     : Explicit concurrent mark sweep GC freed 253(43KB) AllocSpace objects, 0(0B) LOS objects, 23% free, 52MB/68MB, paused 567us total 19.348ms
08-04 00:28:49.463 16160 16160 I NAPPA_EXPERIMENTATION: MetricNetworkRequestExecutionTime: REQUEST_DURATION_SYSTEM='665',REQUEST_DURATION_OKHTTP='31',REQUEST_SYNCHRONOUS='FALSE',RESPONSE_CODE='200',RESPONSE_METHOD='GET',RESPONSE_LENGTH_OKHTTP='56744',RESPONSE_LENGTH_HEADER='56744',REQUEST_PROTOCOL='http/1.1',REQUEST_URL='https://api-hillfair-2k16.herokuapp.com/api/app/quiz/leaderboard?from=1',
08-04 00:28:49.659 16160 16172 I art     : Starting a blocking GC Explicit
08-04 00:28:49.684 16160 16172 I art     : Explicit concurrent mark sweep GC freed 27515(1283KB) AllocSpace objects, 1(20KB) LOS objects, 23% free, 52MB/68MB, paused 464us total 24.500ms
08-04 00:28:49.693 16160 16172 I art     : Starting a blocking GC Explicit
08-04 00:28:49.713 16160 16172 I art     : Explicit concurrent mark sweep GC freed 87(3KB) AllocSpace objects, 0(0B) LOS objects, 23% free, 52MB/68MB, paused 449us total 20.449ms
08-04 00:28:49.722 16160 16172 I art     : Starting a blocking GC Explicit
08-04 00:28:49.743 16160 16172 I art     : Explicit concurrent mark sweep GC freed 3(96B) AllocSpace objects, 0(0B) LOS objects, 23% free, 52MB/68MB, paused 597us total 21.320ms
08-04 00:28:49.753 16160 16172 I art     : Starting a blocking GC Explicit
08-04 00:28:49.776 16160 16172 I art     : Explicit concurrent mark sweep GC freed 3(96B) AllocSpace objects, 0(0B) LOS objects, 23% free, 52MB/68MB, paused 454us total 22.649ms
08-04 00:28:49.785 16160 16172 I art     : Starting a blocking GC Explicit
08-04 00:28:49.808 16160 16172 I art     : Explicit concurrent mark sweep GC freed 3(96B) AllocSpace objects, 0(0B) LOS objects, 23% free, 52MB/68MB, paused 484us total 22.433ms
08-04 00:28:50.112 16160 18029 I art     : Starting a blocking GC Explicit
08-04 00:28:50.141 16160 18029 I art     : Explicit concurrent mark sweep GC freed 1344(78KB) AllocSpace objects, 1(20KB) LOS objects, 23% free, 52MB/68MB, paused 502us total 27.932ms
08-04 00:28:50.153 16160 18029 I art     : Starting a blocking GC Explicit
08-04 00:28:50.176 16160 18029 I art     : Explicit concurrent mark sweep GC freed 20(704B) AllocSpace objects, 0(0B) LOS objects, 23% free, 52MB/68MB, paused 452us total 23.403ms
08-04 00:28:50.185 16160 18029 I art     : Starting a blocking GC Explicit
08-04 00:28:50.208 16160 18029 I art     : Explicit concurrent mark sweep GC freed 3(96B) AllocSpace objects, 0(0B) LOS objects, 23% free, 52MB/68MB, paused 453us total 22.633ms
08-04 00:28:50.217 16160 18029 I art     : Starting a blocking GC Explicit
08-04 00:28:50.240 16160 18029 I art     : Explicit concurrent mark sweep GC freed 3(96B) AllocSpace objects, 0(0B) LOS objects, 23% free, 52MB/68MB, paused 450us total 22.435ms
08-04 00:28:50.249 16160 18029 I art     : Starting a blocking GC Explicit
08-04 00:28:50.272 16160 18029 I art     : Explicit concurrent mark sweep GC freed 3(96B) AllocSpace objects, 0(0B) LOS objects, 23% free, 52MB/68MB, paused 445us total 22.778ms
08-04 00:28:50.591 16160 16250 I art     : Starting a blocking GC Explicit
08-04 00:28:50.623 16160 16250 I art     : Explicit concurrent mark sweep GC freed 1344(78KB) AllocSpace objects, 1(20KB) LOS objects, 23% free, 52MB/68MB, paused 535us total 31.336ms
08-04 00:28:50.638 16160 16250 I art     : Starting a blocking GC Explicit
08-04 00:28:50.661 16160 16250 I art     : Explicit concurrent mark sweep GC freed 20(704B) AllocSpace objects, 0(0B) LOS objects, 23% free, 52MB/68MB, paused 471us total 22.864ms
08-04 00:28:50.670 16160 16250 I art     : Starting a blocking GC Explicit
08-04 00:28:50.693 16160 16250 I art     : Explicit concurrent mark sweep GC freed 3(96B) AllocSpace objects, 0(0B) LOS objects, 23% free, 52MB/68MB, paused 453us total 22.775ms
08-04 00:28:50.702 16160 16250 I art     : Starting a blocking GC Explicit
08-04 00:28:50.724 16160 16250 I art     : Explicit concurrent mark sweep GC freed 3(96B) AllocSpace objects, 0(0B) LOS objects, 23% free, 52MB/68MB, paused 445us total 22.471ms
08-04 00:28:50.733 16160 16250 I art     : Starting a blocking GC Explicit
08-04 00:28:50.757 16160 16250 I art     : Explicit concurrent mark sweep GC freed 3(96B) AllocSpace objects, 0(0B) LOS objects, 23% free, 52MB/68MB, paused 455us total 23.055ms
08-04 00:28:51.080 16160 16648 I art     : Starting a blocking GC Explicit
08-04 00:28:51.112 16160 16648 I art     : Explicit concurrent mark sweep GC freed 1344(78KB) AllocSpace objects, 1(20KB) LOS objects, 23% free, 52MB/68MB, paused 550us total 31.150ms
08-04 00:28:51.127 16160 16648 I art     : Starting a blocking GC Explicit
08-04 00:28:51.150 16160 16648 I art     : Explicit concurrent mark sweep GC freed 20(704B) AllocSpace objects, 0(0B) LOS objects, 23% free, 52MB/68MB, paused 466us total 22.852ms
08-04 00:28:51.160 16160 16648 I art     : Starting a blocking GC Explicit
08-04 00:28:51.182 16160 16648 I art     : Explicit concurrent mark sweep GC freed 3(96B) AllocSpace objects, 0(0B) LOS objects, 23% free, 52MB/68MB, paused 458us total 22.372ms
08-04 00:28:51.191 16160 16648 I art     : Starting a blocking GC Explicit
08-04 00:28:51.214 16160 16648 I art     : Explicit concurrent mark sweep GC freed 3(96B) AllocSpace objects, 0(0B) LOS objects, 23% free, 52MB/68MB, paused 448us total 22.404ms
08-04 00:28:51.223 16160 16648 I art     : Starting a blocking GC Explicit
08-04 00:28:51.246 16160 16648 I art     : Explicit concurrent mark sweep GC freed 3(96B) AllocSpace objects, 0(0B) LOS objects, 23% free, 52MB/68MB, paused 458us total 22.831ms
08-04 00:28:51.569 16160 16173 I art     : Starting a blocking GC Explicit
08-04 00:28:51.600 16160 16173 I art     : Explicit concurrent mark sweep GC freed 1344(78KB) AllocSpace objects, 1(20KB) LOS objects, 23% free, 52MB/68MB, paused 554us total 31.373ms
08-04 00:28:51.617 16160 16173 I art     : Starting a blocking GC Explicit
08-04 00:28:51.640 16160 16173 I art     : Explicit concurrent mark sweep GC freed 20(704B) AllocSpace objects, 0(0B) LOS objects, 23% free, 52MB/68MB, paused 470us total 23.111ms
08-04 00:28:51.650 16160 16173 I art     : Starting a blocking GC Explicit
08-04 00:28:51.673 16160 16173 I art     : Explicit concurrent mark sweep GC freed 3(96B) AllocSpace objects, 0(0B) LOS objects, 23% free, 52MB/68MB, paused 456us total 23.068ms
08-04 00:28:51.682 16160 16173 I art     : Starting a blocking GC Explicit
08-04 00:28:51.705 16160 16173 I art     : Explicit concurrent mark sweep GC freed 3(96B) AllocSpace objects, 0(0B) LOS objects, 23% free, 52MB/68MB, paused 461us total 22.946ms
08-04 00:28:51.715 16160 16173 I art     : Starting a blocking GC Explicit
08-04 00:28:51.738 16160 16173 I art     : Explicit concurrent mark sweep GC freed 3(96B) AllocSpace objects, 0(0B) LOS objects, 23% free, 52MB/68MB, paused 485us total 23.095ms
08-04 00:28:52.073 16160 16172 I art     : Starting a blocking GC Explicit
08-04 00:28:52.108 16160 16172 I art     : Explicit concurrent mark sweep GC freed 1344(78KB) AllocSpace objects, 1(20KB) LOS objects, 23% free, 52MB/68MB, paused 708us total 34.867ms
08-04 00:28:52.122 16160 16172 I art     : Starting a blocking GC Explicit
08-04 00:28:52.145 16160 16172 I art     : Explicit concurrent mark sweep GC freed 20(704B) AllocSpace objects, 0(0B) LOS objects, 23% free, 52MB/68MB, paused 447us total 23.205ms
08-04 00:28:52.155 16160 16172 I art     : Starting a blocking GC Explicit
08-04 00:28:52.178 16160 16172 I art     : Explicit concurrent mark sweep GC freed 3(96B) AllocSpace objects, 0(0B) LOS objects, 23% free, 52MB/68MB, paused 465us total 22.842ms
08-04 00:28:52.187 16160 16172 I art     : Starting a blocking GC Explicit
08-04 00:28:52.210 16160 16172 I art     : Explicit concurrent mark sweep GC freed 3(96B) AllocSpace objects, 0(0B) LOS objects, 23% free, 52MB/68MB, paused 462us total 22.783ms
08-04 00:28:52.219 16160 16172 I art     : Starting a blocking GC Explicit
08-04 00:28:52.242 16160 16172 I art     : Explicit concurrent mark sweep GC freed 3(96B) AllocSpace objects, 0(0B) LOS objects, 23% free, 52MB/68MB, paused 462us total 23.159ms
08-04 00:28:52.569 16160 18029 I art     : Starting a blocking GC Explicit
08-04 00:28:52.599 16160 18029 I art     : Explicit concurrent mark sweep GC freed 1344(78KB) AllocSpace objects, 1(20KB) LOS objects, 23% free, 52MB/68MB, paused 500us total 30.300ms
08-04 00:28:52.612 16160 18029 I art     : Starting a blocking GC Explicit
08-04 00:28:52.635 16160 18029 I art     : Explicit concurrent mark sweep GC freed 20(704B) AllocSpace objects, 0(0B) LOS objects, 23% free, 52MB/68MB, paused 456us total 23.013ms
08-04 00:28:52.644 16160 18029 I art     : Starting a blocking GC Explicit
08-04 00:28:52.667 16160 18029 I art     : Explicit concurrent mark sweep GC freed 3(96B) AllocSpace objects, 0(0B) LOS objects, 23% free, 52MB/68MB, paused 486us total 23.083ms
08-04 00:28:52.677 16160 18029 I art     : Starting a blocking GC Explicit
08-04 00:28:52.700 16160 18029 I art     : Explicit concurrent mark sweep GC freed 3(96B) AllocSpace objects, 0(0B) LOS objects, 23% free, 52MB/68MB, paused 477us total 22.858ms
08-04 00:28:52.709 16160 18029 I art     : Starting a blocking GC Explicit
08-04 00:28:52.732 16160 18029 I art     : Explicit concurrent mark sweep GC freed 3(96B) AllocSpace objects, 0(0B) LOS objects, 23% free, 52MB/68MB, paused 459us total 22.642ms
08-04 00:28:53.049 16160 16250 I art     : Starting a blocking GC Explicit
08-04 00:28:53.072 16160 16250 I art     : Explicit concurrent mark sweep GC freed 1344(78KB) AllocSpace objects, 1(20KB) LOS objects, 23% free, 52MB/68MB, paused 485us total 23.110ms
08-04 00:28:53.078   918  3261 D WifiStateMachine: starting scan for "H369AA63323"WPA_PSK with 2412,5180
08-04 00:28:53.081 16160 16250 I art     : Starting a blocking GC Explicit
08-04 00:28:53.104 16160 16250 I art     : Explicit concurrent mark sweep GC freed 20(704B) AllocSpace objects, 0(0B) LOS objects, 23% free, 52MB/68MB, paused 479us total 22.425ms
08-04 00:28:53.113 16160 16250 I art     : Starting a blocking GC Explicit
08-04 00:28:53.136 16160 16250 I art     : Explicit concurrent mark sweep GC freed 3(96B) AllocSpace objects, 0(0B) LOS objects, 23% free, 52MB/68MB, paused 453us total 22.596ms
08-04 00:28:53.145 16160 16250 I art     : Starting a blocking GC Explicit
08-04 00:28:53.166 16160 16250 I art     : Explicit concurrent mark sweep GC freed 3(96B) AllocSpace objects, 0(0B) LOS objects, 23% free, 52MB/68MB, paused 466us total 21.386ms
08-04 00:28:53.175 16160 16250 I art     : Starting a blocking GC Explicit
08-04 00:28:53.197 16160 16250 I art     : Explicit concurrent mark sweep GC freed 3(96B) AllocSpace objects, 0(0B) LOS objects, 23% free, 52MB/68MB, paused 465us total 21.612ms
08-04 00:28:53.397 18371 18371 D AndroidRuntime: >>>>>> START com.android.internal.os.RuntimeInit uid 2000 <<<<<<
08-04 00:28:53.402 18371 18371 D AndroidRuntime: CheckJNI is OFF
08-04 00:28:53.433 18371 18371 D ICU     : No timezone override file found: /data/misc/zoneinfo/current/icu/icu_tzdata.dat
08-04 00:28:53.466 18371 18371 I Radio-JNI: register_android_hardware_Radio DONE
08-04 00:28:53.488 18371 18371 D AndroidRuntime: Calling main entry com.android.commands.input.Input
08-04 00:28:53.490 18371 18371 I Input   : injectKeyEvent: KeyEvent { action=ACTION_DOWN, keyCode=KEYCODE_BACK, scanCode=0, metaState=0, flags=0x0, repeatCount=0, eventTime=664149903, downTime=664149903, deviceId=-1, source=0x101 }
08-04 00:28:53.494 16160 16648 I art     : Starting a blocking GC Explicit
08-04 00:28:53.494 18371 18371 I Input   : injectKeyEvent: KeyEvent { action=ACTION_UP, keyCode=KEYCODE_BACK, scanCode=0, metaState=0, flags=0x0, repeatCount=0, eventTime=664149903, downTime=664149903, deviceId=-1, source=0x101 }
08-04 00:28:53.502 18371 18371 D AndroidRuntime: Shutting down VM
08-04 00:28:53.517 16160 16648 I art     : Explicit concurrent mark sweep GC freed 1435(82KB) AllocSpace objects, 1(20KB) LOS objects, 23% free, 52MB/68MB, paused 561us total 23.193ms
08-04 00:28:53.527 16160 16648 I art     : Starting a blocking GC Explicit
08-04 00:28:53.541 13866 13866 I GoogleInputMethodServic: GoogleInputMethodService.onFinishInput():3138 
08-04 00:28:53.542 13866 13866 I GoogleInputMethodServic: GoogleInputMethodService.onStartInput():1808 
08-04 00:28:53.548 16160 16648 I art     : Explicit concurrent mark sweep GC freed 41(1472B) AllocSpace objects, 0(0B) LOS objects, 23% free, 52MB/68MB, paused 514us total 21.414ms
08-04 00:28:53.558 16160 16648 I art     : Starting a blocking GC Explicit
08-04 00:28:53.579 16160 16648 I art     : Explicit concurrent mark sweep GC freed 29(1088B) AllocSpace objects, 0(0B) LOS objects, 23% free, 52MB/68MB, paused 465us total 20.399ms
08-04 00:28:53.588 16160 16648 I art     : Starting a blocking GC Explicit
08-04 00:28:53.607 16160 16648 I art     : Explicit concurrent mark sweep GC freed 9(336B) AllocSpace objects, 0(0B) LOS objects, 23% free, 52MB/68MB, paused 456us total 18.815ms
08-04 00:28:53.615 16160 16648 I art     : Starting a blocking GC Explicit
08-04 00:28:53.635 16160 16648 I art     : Explicit concurrent mark sweep GC freed 3(96B) AllocSpace objects, 0(0B) LOS objects, 23% free, 52MB/68MB, paused 460us total 20.313ms
08-04 00:28:53.848   380   380 W SurfaceFlinger: couldn't log to binary event log: overflow.
08-04 00:28:53.891 16160 16648 I art     : Starting a blocking GC Explicit
08-04 00:28:53.912 16160 16648 I art     : Explicit concurrent mark sweep GC freed 1463(87KB) AllocSpace objects, 1(20KB) LOS objects, 23% free, 52MB/68MB, paused 434us total 21.211ms
08-04 00:28:53.920 16160 16648 I art     : Starting a blocking GC Explicit
08-04 00:28:53.940 16160 16648 I art     : Explicit concurrent mark sweep GC freed 4698(269KB) AllocSpace objects, 2(140KB) LOS objects, 23% free, 52MB/68MB, paused 506us total 19.713ms
08-04 00:28:53.949 16160 16648 I art     : Starting a blocking GC Explicit
08-04 00:28:53.970 16160 16648 I art     : Explicit concurrent mark sweep GC freed 3(96B) AllocSpace objects, 0(0B) LOS objects, 23% free, 52MB/68MB, paused 461us total 20.710ms
08-04 00:28:53.978 16160 16648 I art     : Starting a blocking GC Explicit
08-04 00:28:53.999 16160 16648 I art     : Explicit concurrent mark sweep GC freed 3(96B) AllocSpace objects, 0(0B) LOS objects, 23% free, 52MB/68MB, paused 447us total 20.515ms
08-04 00:28:54.008 16160 16648 I art     : Starting a blocking GC Explicit
08-04 00:28:54.030 16160 16648 I art     : Explicit concurrent mark sweep GC freed 3(96B) AllocSpace objects, 0(0B) LOS objects, 23% free, 52MB/68MB, paused 452us total 21.505ms
08-04 00:28:54.309 16160 16172 I art     : Starting a blocking GC Explicit
08-04 00:28:54.341 16160 16172 I art     : Explicit concurrent mark sweep GC freed 1344(78KB) AllocSpace objects, 1(20KB) LOS objects, 23% free, 52MB/68MB, paused 527us total 31.822ms
08-04 00:28:54.354 16160 16172 I art     : Starting a blocking GC Explicit
08-04 00:28:54.377 16160 16172 I art     : Explicit concurrent mark sweep GC freed 20(704B) AllocSpace objects, 0(0B) LOS objects, 23% free, 52MB/68MB, paused 492us total 22.892ms
08-04 00:28:54.386 16160 16172 I art     : Starting a blocking GC Explicit
08-04 00:28:54.408 16160 16172 I art     : Explicit concurrent mark sweep GC freed 3(96B) AllocSpace objects, 0(0B) LOS objects, 23% free, 52MB/68MB, paused 472us total 21.900ms
08-04 00:28:54.417 16160 16172 I art     : Starting a blocking GC Explicit
08-04 00:28:54.438 16160 16172 I art     : Explicit concurrent mark sweep GC freed 3(96B) AllocSpace objects, 0(0B) LOS objects, 23% free, 52MB/68MB, paused 443us total 20.944ms
08-04 00:28:54.447 16160 16172 I art     : Starting a blocking GC Explicit
08-04 00:28:54.468 16160 16172 I art     : Explicit concurrent mark sweep GC freed 3(96B) AllocSpace objects, 0(0B) LOS objects, 23% free, 52MB/68MB, paused 421us total 20.498ms
08-04 00:28:54.751 16160 18029 I art     : Starting a blocking GC Explicit
08-04 00:28:54.772 16160 18029 I art     : Explicit concurrent mark sweep GC freed 1343(78KB) AllocSpace objects, 1(20KB) LOS objects, 23% free, 52MB/68MB, paused 472us total 21.555ms
08-04 00:28:54.781 16160 18029 I art     : Starting a blocking GC Explicit
08-04 00:28:54.802 16160 18029 I art     : Explicit concurrent mark sweep GC freed 20(704B) AllocSpace objects, 0(0B) LOS objects, 23% free, 52MB/68MB, paused 449us total 20.126ms
08-04 00:28:54.810 16160 18029 I art     : Starting a blocking GC Explicit
08-04 00:28:54.830 16160 18029 I art     : Explicit concurrent mark sweep GC freed 3(96B) AllocSpace objects, 0(0B) LOS objects, 23% free, 52MB/68MB, paused 463us total 19.548ms
08-04 00:28:54.838 16160 18029 I art     : Starting a blocking GC Explicit
08-04 00:28:54.859 16160 18029 I art     : Explicit concurrent mark sweep GC freed 3(96B) AllocSpace objects, 0(0B) LOS objects, 23% free, 52MB/68MB, paused 464us total 20.637ms
08-04 00:28:54.868 16160 18029 I art     : Starting a blocking GC Explicit
08-04 00:28:54.888 16160 18029 I art     : Explicit concurrent mark sweep GC freed 3(96B) AllocSpace objects, 0(0B) LOS objects, 23% free, 52MB/68MB, paused 455us total 19.775ms
08-04 00:28:55.146 18426 18426 D AndroidRuntime: >>>>>> START com.android.internal.os.RuntimeInit uid 2000 <<<<<<
08-04 00:28:55.150 18426 18426 D AndroidRuntime: CheckJNI is OFF
08-04 00:28:55.159 16160 16173 I art     : Starting a blocking GC Explicit
08-04 00:28:55.181 16160 16173 I art     : Explicit concurrent mark sweep GC freed 1351(78KB) AllocSpace objects, 1(20KB) LOS objects, 23% free, 52MB/68MB, paused 499us total 21.153ms
08-04 00:28:55.188 18426 18426 D ICU     : No timezone override file found: /data/misc/zoneinfo/current/icu/icu_tzdata.dat
08-04 00:28:55.190 16160 16173 I art     : Starting a blocking GC Explicit
08-04 00:28:55.208 16160 16173 I art     : Explicit concurrent mark sweep GC freed 23(800B) AllocSpace objects, 0(0B) LOS objects, 23% free, 52MB/68MB, paused 466us total 18.522ms
08-04 00:28:55.217 16160 16173 I art     : Starting a blocking GC Explicit
08-04 00:28:55.223 18426 18426 I Radio-JNI: register_android_hardware_Radio DONE
08-04 00:28:55.236 16160 16173 I art     : Explicit concurrent mark sweep GC freed 7(224B) AllocSpace objects, 0(0B) LOS objects, 23% free, 52MB/68MB, paused 429us total 18.801ms
08-04 00:28:55.244 16160 16173 I art     : Starting a blocking GC Explicit
08-04 00:28:55.245 18426 18426 D AndroidRuntime: Calling main entry com.android.commands.input.Input
08-04 00:28:55.246 18426 18426 I Input   : injectMotionEvent: MotionEvent { action=ACTION_DOWN, actionButton=0, id[0]=0, x[0]=648.0, y[0]=1050.0, toolType[0]=TOOL_TYPE_UNKNOWN, buttonState=0, metaState=0, flags=0x0, edgeFlags=0x0, pointerCount=1, historySize=0, eventTime=664151659, downTime=664151659, deviceId=0, source=0x1002 }
08-04 00:28:55.252 18426 18426 I Input   : injectMotionEvent: MotionEvent { action=ACTION_UP, actionButton=0, id[0]=0, x[0]=648.0, y[0]=1050.0, toolType[0]=TOOL_TYPE_UNKNOWN, buttonState=0, metaState=0, flags=0x0, edgeFlags=0x0, pointerCount=1, historySize=0, eventTime=664151659, downTime=664151659, deviceId=0, source=0x1002 }
08-04 00:28:55.254 18426 18426 D AndroidRuntime: Shutting down VM
08-04 00:28:55.264 16160 16173 I art     : Explicit concurrent mark sweep GC freed 31(1056B) AllocSpace objects, 0(0B) LOS objects, 23% free, 52MB/68MB, paused 423us total 19.734ms
08-04 00:28:55.268   918  5952 I ActivityManager: START u0 {cmp=baseline.appteam.nith.hillffair/.activities.InformationActivity} from uid 10651 on display 0
08-04 00:28:55.271   512  2967 D audio_hw_primary: out_set_parameters: enter: usecase(1: low-latency-playback) kvpairs: routing=2
08-04 00:28:55.273 16160 16173 I art     : Starting a blocking GC Explicit
08-04 00:28:55.284   512  2967 D audio_hw_primary: select_devices: out_snd_device(2: speaker) in_snd_device(0: none)
08-04 00:28:55.284   512  2967 D msm8974_platform: platform_send_audio_calibration: sending audio calibration for snd_device(2) acdb_id(15)
08-04 00:28:55.284   512  2967 I soundtrigger: audio_extn_sound_trigger_update_device_status: device 0x2 of type 0 for Event 1
08-04 00:28:55.292 16160 16173 I art     : Explicit concurrent mark sweep GC freed 74(10KB) AllocSpace objects, 0(0B) LOS objects, 23% free, 52MB/68MB, paused 452us total 18.781ms
08-04 00:28:55.293   512  2967 D audio_hw_primary: enable_snd_device: snd_device(2: speaker)
08-04 00:28:55.296   512  2967 D audio_hw_primary: enable_audio_route: apply and update mixer path: low-latency-playback speaker
08-04 00:28:55.413   918   936 I ActivityManager: Displayed baseline.appteam.nith.hillffair/.activities.InformationActivity: +129ms
08-04 00:28:55.413 13866 13866 I GoogleInputMethodServic: GoogleInputMethodService.onFinishInput():3138 
08-04 00:28:55.414 13866 13866 I GoogleInputMethodServic: GoogleInputMethodService.onStartInput():1808 
08-04 00:28:55.436 16160 16183 D OpenGLRenderer: endAllStagingAnimators on 0x7f82822c00 (RippleDrawable) with handle 0x7f7fd421a0
08-04 00:28:55.542 16160 18029 I art     : Starting a blocking GC Explicit
08-04 00:28:55.569 16160 18029 I art     : Explicit concurrent mark sweep GC freed 2295(147KB) AllocSpace objects, 1(20KB) LOS objects, 23% free, 52MB/68MB, paused 513us total 26.654ms
08-04 00:28:55.581 16160 18029 I art     : Starting a blocking GC Explicit
08-04 00:28:55.604 16160 18029 I art     : Explicit concurrent mark sweep GC freed 189(8KB) AllocSpace objects, 0(0B) LOS objects, 23% free, 52MB/68MB, paused 467us total 23.461ms
08-04 00:28:55.614 16160 18029 I art     : Starting a blocking GC Explicit
08-04 00:28:55.641 16160 18029 I art     : Explicit concurrent mark sweep GC freed 3(96B) AllocSpace objects, 0(0B) LOS objects, 23% free, 52MB/68MB, paused 501us total 27.162ms
08-04 00:28:55.652 16160 18029 I art     : Starting a blocking GC Explicit
08-04 00:28:55.667   380   380 W SurfaceFlinger: couldn't log to binary event log: overflow.
08-04 00:28:55.679 16160 18029 I art     : Explicit concurrent mark sweep GC freed 3(96B) AllocSpace objects, 0(0B) LOS objects, 23% free, 52MB/68MB, paused 778us total 26.533ms
08-04 00:28:55.688 16160 18029 I art     : Starting a blocking GC Explicit
08-04 00:28:55.706 16160 18029 I art     : Explicit concurrent mark sweep GC freed 3(96B) AllocSpace objects, 0(0B) LOS objects, 23% free, 52MB/68MB, paused 408us total 18.637ms
08-04 00:28:55.838   512  2967 D audio_hw_primary: disable_audio_route: reset and update mixer path: low-latency-playback speaker
08-04 00:28:55.839   512  2967 D audio_hw_primary: disable_snd_device: snd_device(2: speaker)
08-04 00:28:55.848   512  2967 I soundtrigger: audio_extn_sound_trigger_update_device_status: device 0x2 of type 0 for Event 0
08-04 00:28:55.979 16160 18029 I art     : Starting a blocking GC Explicit
08-04 00:28:56.001 16160 18029 I art     : Explicit concurrent mark sweep GC freed 1442(84KB) AllocSpace objects, 1(20KB) LOS objects, 23% free, 52MB/68MB, paused 467us total 22.538ms
08-04 00:28:56.011 16160 18029 I art     : Starting a blocking GC Explicit
08-04 00:28:56.034 16160 18029 I art     : Explicit concurrent mark sweep GC freed 36(1216B) AllocSpace objects, 0(0B) LOS objects, 23% free, 52MB/68MB, paused 451us total 22.232ms
08-04 00:28:56.042 16160 18029 I art     : Starting a blocking GC Explicit
08-04 00:28:56.064 16160 18029 I art     : Explicit concurrent mark sweep GC freed 3(96B) AllocSpace objects, 0(0B) LOS objects, 23% free, 52MB/68MB, paused 462us total 21.556ms
08-04 00:28:56.073 16160 18029 I art     : Starting a blocking GC Explicit
08-04 00:28:56.095 16160 18029 I art     : Explicit concurrent mark sweep GC freed 3(96B) AllocSpace objects, 0(0B) LOS objects, 23% free, 52MB/68MB, paused 466us total 22.073ms
08-04 00:28:56.104 16160 18029 I art     : Starting a blocking GC Explicit
08-04 00:28:56.126 16160 18029 I art     : Explicit concurrent mark sweep GC freed 3(96B) AllocSpace objects, 0(0B) LOS objects, 23% free, 52MB/68MB, paused 448us total 21.550ms
08-04 00:28:56.410 16160 16172 I art     : Starting a blocking GC Explicit
08-04 00:28:56.437 16160 16172 I art     : Explicit concurrent mark sweep GC freed 1357(78KB) AllocSpace objects, 1(20KB) LOS objects, 23% free, 52MB/68MB, paused 469us total 27.191ms
08-04 00:28:56.448 16160 16172 I art     : Starting a blocking GC Explicit
08-04 00:28:56.470 16160 16172 I art     : Explicit concurrent mark sweep GC freed 34(1136B) AllocSpace objects, 0(0B) LOS objects, 23% free, 52MB/68MB, paused 437us total 21.993ms
08-04 00:28:56.479 16160 16172 I art     : Starting a blocking GC Explicit
08-04 00:28:56.500 16160 16172 I art     : Explicit concurrent mark sweep GC freed 3(96B) AllocSpace objects, 0(0B) LOS objects, 23% free, 52MB/68MB, paused 446us total 21.292ms
08-04 00:28:56.509 16160 16172 I art     : Starting a blocking GC Explicit
08-04 00:28:56.531 16160 16172 I art     : Explicit concurrent mark sweep GC freed 3(96B) AllocSpace objects, 0(0B) LOS objects, 23% free, 52MB/68MB, paused 437us total 21.647ms
08-04 00:28:56.540 16160 16172 I art     : Starting a blocking GC Explicit
08-04 00:28:56.562 16160 16172 I art     : Explicit concurrent mark sweep GC freed 3(96B) AllocSpace objects, 0(0B) LOS objects, 23% free, 52MB/68MB, paused 441us total 21.486ms
08-04 00:28:56.848 16160 16173 I art     : Starting a blocking GC Explicit
08-04 00:28:56.876 16160 16173 I art     : Explicit concurrent mark sweep GC freed 1344(78KB) AllocSpace objects, 1(20KB) LOS objects, 23% free, 52MB/68MB, paused 620us total 27.472ms
08-04 00:28:56.889 16160 16173 I art     : Starting a blocking GC Explicit
08-04 00:28:56.913 16160 16173 I art     : Explicit concurrent mark sweep GC freed 20(704B) AllocSpace objects, 0(0B) LOS objects, 23% free, 52MB/68MB, paused 469us total 23.853ms
08-04 00:28:56.922 16160 16173 I art     : Starting a blocking GC Explicit
08-04 00:28:56.946 16160 16173 I art     : Explicit concurrent mark sweep GC freed 4(128B) AllocSpace objects, 0(0B) LOS objects, 23% free, 52MB/68MB, paused 452us total 23.972ms
08-04 00:28:56.955 16160 16173 I art     : Starting a blocking GC Explicit
08-04 00:28:56.980 16160 16173 I art     : Explicit concurrent mark sweep GC freed 8(256B) AllocSpace objects, 0(0B) LOS objects, 23% free, 52MB/68MB, paused 420us total 25.438ms
08-04 00:28:56.989 16160 16173 I art     : Starting a blocking GC Explicit
08-04 00:28:57.009 16160 16173 I art     : Explicit concurrent mark sweep GC freed 6(192B) AllocSpace objects, 0(0B) LOS objects, 23% free, 52MB/68MB, paused 409us total 19.973ms
08-04 00:28:57.307 16160 16173 I art     : Starting a blocking GC Explicit
08-04 00:28:57.331 16160 16173 I art     : Explicit concurrent mark sweep GC freed 1365(79KB) AllocSpace objects, 1(20KB) LOS objects, 23% free, 52MB/68MB, paused 457us total 23.377ms
08-04 00:28:57.343 16160 16173 I art     : Starting a blocking GC Explicit
08-04 00:28:57.365 16160 16173 I art     : Explicit concurrent mark sweep GC freed 20(704B) AllocSpace objects, 0(0B) LOS objects, 23% free, 52MB/68MB, paused 450us total 21.023ms
08-04 00:28:57.373 16160 16173 I art     : Starting a blocking GC Explicit
08-04 00:28:57.394 16160 16173 I art     : Explicit concurrent mark sweep GC freed 3(96B) AllocSpace objects, 0(0B) LOS objects, 23% free, 52MB/68MB, paused 453us total 20.822ms
08-04 00:28:57.403 16160 16173 I art     : Starting a blocking GC Explicit
08-04 00:28:57.424 16160 16173 I art     : Explicit concurrent mark sweep GC freed 3(96B) AllocSpace objects, 0(0B) LOS objects, 23% free, 52MB/68MB, paused 441us total 20.680ms
08-04 00:28:57.433 16160 16173 I art     : Starting a blocking GC Explicit
08-04 00:28:57.455 16160 16173 I art     : Explicit concurrent mark sweep GC freed 3(96B) AllocSpace objects, 0(0B) LOS objects, 23% free, 52MB/68MB, paused 444us total 21.662ms
08-04 00:28:57.774 16160 16648 I art     : Starting a blocking GC Explicit
08-04 00:28:57.801 16160 16648 I art     : Explicit concurrent mark sweep GC freed 1344(78KB) AllocSpace objects, 1(20KB) LOS objects, 23% free, 52MB/68MB, paused 475us total 27.206ms
08-04 00:28:57.813 16160 16648 I art     : Starting a blocking GC Explicit
08-04 00:28:57.835 16160 16648 I art     : Explicit concurrent mark sweep GC freed 20(704B) AllocSpace objects, 0(0B) LOS objects, 23% free, 52MB/68MB, paused 440us total 21.971ms
08-04 00:28:57.844 16160 16648 I art     : Starting a blocking GC Explicit
08-04 00:28:57.867 16160 16648 I art     : Explicit concurrent mark sweep GC freed 3(96B) AllocSpace objects, 0(0B) LOS objects, 23% free, 52MB/68MB, paused 523us total 22.260ms
08-04 00:28:57.876 16160 16648 I art     : Starting a blocking GC Explicit
08-04 00:28:57.898 16160 16648 I art     : Explicit concurrent mark sweep GC freed 3(96B) AllocSpace objects, 0(0B) LOS objects, 23% free, 52MB/68MB, paused 463us total 22.182ms
08-04 00:28:57.907 16160 16648 I art     : Starting a blocking GC Explicit
08-04 00:28:57.929 16160 16648 I art     : Explicit concurrent mark sweep GC freed 3(96B) AllocSpace objects, 0(0B) LOS objects, 23% free, 52MB/68MB, paused 447us total 21.725ms
08-04 00:28:58.248 16160 16250 I art     : Starting a blocking GC Explicit
08-04 00:28:58.281 16160 16250 I art     : Explicit concurrent mark sweep GC freed 1344(78KB) AllocSpace objects, 1(20KB) LOS objects, 23% free, 52MB/68MB, paused 649us total 31.956ms
08-04 00:28:58.295 16160 16250 I art     : Starting a blocking GC Explicit
08-04 00:28:58.321 16160 16250 I art     : Explicit concurrent mark sweep GC freed 20(704B) AllocSpace objects, 0(0B) LOS objects, 23% free, 52MB/68MB, paused 460us total 25.548ms
08-04 00:28:58.330 16160 16250 I art     : Starting a blocking GC Explicit
08-04 00:28:58.353 16160 16250 I art     : Explicit concurrent mark sweep GC freed 3(96B) AllocSpace objects, 0(0B) LOS objects, 23% free, 52MB/68MB, paused 433us total 22.325ms
08-04 00:28:58.362 16160 16250 I art     : Starting a blocking GC Explicit
08-04 00:28:58.383 16160 16250 I art     : Explicit concurrent mark sweep GC freed 3(96B) AllocSpace objects, 0(0B) LOS objects, 23% free, 52MB/68MB, paused 465us total 21.416ms
08-04 00:28:58.392 16160 16250 I art     : Starting a blocking GC Explicit
08-04 00:28:58.413 16160 16250 I art     : Explicit concurrent mark sweep GC freed 3(96B) AllocSpace objects, 0(0B) LOS objects, 23% free, 52MB/68MB, paused 445us total 21.089ms
08-04 00:28:58.720 16160 18029 I art     : Starting a blocking GC Explicit
08-04 00:28:58.753 16160 18029 I art     : Explicit concurrent mark sweep GC freed 1344(78KB) AllocSpace objects, 1(20KB) LOS objects, 23% free, 52MB/68MB, paused 525us total 32.835ms
08-04 00:28:58.767 16160 18029 I art     : Starting a blocking GC Explicit
08-04 00:28:58.790 16160 18029 I art     : Explicit concurrent mark sweep GC freed 20(704B) AllocSpace objects, 0(0B) LOS objects, 23% free, 52MB/68MB, paused 450us total 22.360ms
08-04 00:28:58.798 16160 18029 I art     : Starting a blocking GC Explicit
08-04 00:28:58.819 16160 18029 I art     : Explicit concurrent mark sweep GC freed 3(96B) AllocSpace objects, 0(0B) LOS objects, 23% free, 52MB/68MB, paused 458us total 21.011ms
08-04 00:28:58.828 16160 18029 I art     : Starting a blocking GC Explicit
08-04 00:28:58.850 16160 18029 I art     : Explicit concurrent mark sweep GC freed 3(96B) AllocSpace objects, 0(0B) LOS objects, 23% free, 52MB/68MB, paused 438us total 21.942ms
08-04 00:28:58.859 16160 18029 I art     : Starting a blocking GC Explicit
08-04 00:28:58.882 16160 18029 I art     : Explicit concurrent mark sweep GC freed 3(96B) AllocSpace objects, 0(0B) LOS objects, 23% free, 52MB/68MB, paused 472us total 22.159ms
08-04 00:28:58.888 17791 17791 I ServiceManager: Waiting for service AtCmdFwd...
08-04 00:28:59.211 16160 16172 I art     : Starting a blocking GC Explicit
08-04 00:28:59.241 16160 16172 I art     : Explicit concurrent mark sweep GC freed 1344(78KB) AllocSpace objects, 1(20KB) LOS objects, 23% free, 52MB/68MB, paused 497us total 29.471ms
08-04 00:28:59.253 16160 16172 I art     : Starting a blocking GC Explicit
08-04 00:28:59.275 16160 16172 I art     : Explicit concurrent mark sweep GC freed 20(704B) AllocSpace objects, 0(0B) LOS objects, 23% free, 52MB/68MB, paused 435us total 21.572ms
08-04 00:28:59.284 16160 16172 I art     : Starting a blocking GC Explicit
08-04 00:28:59.306 16160 16172 I art     : Explicit concurrent mark sweep GC freed 3(96B) AllocSpace objects, 0(0B) LOS objects, 23% free, 52MB/68MB, paused 449us total 21.970ms
08-04 00:28:59.315 16160 16172 I art     : Starting a blocking GC Explicit
08-04 00:28:59.337 16160 16172 I art     : Explicit concurrent mark sweep GC freed 3(96B) AllocSpace objects, 0(0B) LOS objects, 23% free, 52MB/68MB, paused 579us total 22.086ms
08-04 00:28:59.346 16160 16172 I art     : Starting a blocking GC Explicit
08-04 00:28:59.368 16160 16172 I art     : Explicit concurrent mark sweep GC freed 3(96B) AllocSpace objects, 0(0B) LOS objects, 23% free, 52MB/68MB, paused 448us total 21.964ms
08-04 00:28:59.641 16160 16173 I art     : Starting a blocking GC Explicit
08-04 00:28:59.663 16160 16173 I art     : Explicit concurrent mark sweep GC freed 1344(78KB) AllocSpace objects, 1(20KB) LOS objects, 23% free, 52MB/68MB, paused 529us total 21.707ms
08-04 00:28:59.672 16160 16173 I art     : Starting a blocking GC Explicit
08-04 00:28:59.694 16160 16173 I art     : Explicit concurrent mark sweep GC freed 20(704B) AllocSpace objects, 0(0B) LOS objects, 23% free, 52MB/68MB, paused 469us total 21.547ms
08-04 00:28:59.703 16160 16173 I art     : Starting a blocking GC Explicit
08-04 00:28:59.724 16160 16173 I art     : Explicit concurrent mark sweep GC freed 3(96B) AllocSpace objects, 0(0B) LOS objects, 23% free, 52MB/68MB, paused 477us total 21.198ms
08-04 00:28:59.732 16160 16173 I art     : Starting a blocking GC Explicit
08-04 00:28:59.753 16160 16173 I art     : Explicit concurrent mark sweep GC freed 3(96B) AllocSpace objects, 0(0B) LOS objects, 23% free, 52MB/68MB, paused 455us total 20.415ms
08-04 00:28:59.762 16160 16173 I art     : Starting a blocking GC Explicit
08-04 00:28:59.783 16160 16173 I art     : Explicit concurrent mark sweep GC freed 3(96B) AllocSpace objects, 0(0B) LOS objects, 23% free, 52MB/68MB, paused 452us total 20.714ms
08-04 00:28:59.889 17791 17791 I ServiceManager: Waiting for service AtCmdFwd...
08-04 00:28:59.943 18540 18540 D AndroidRuntime: >>>>>> START com.android.internal.os.RuntimeInit uid 2000 <<<<<<
08-04 00:28:59.949 18540 18540 D AndroidRuntime: CheckJNI is OFF
08-04 00:28:59.981 18540 18540 D ICU     : No timezone override file found: /data/misc/zoneinfo/current/icu/icu_tzdata.dat
08-04 00:29:00.013 18540 18540 I Radio-JNI: register_android_hardware_Radio DONE
08-04 00:29:00.035 18540 18540 D AndroidRuntime: Calling main entry com.android.commands.input.Input
08-04 00:29:00.036 18540 18540 I Input   : injectKeyEvent: KeyEvent { action=ACTION_DOWN, keyCode=KEYCODE_BACK, scanCode=0, metaState=0, flags=0x0, repeatCount=0, eventTime=664156449, downTime=664156449, deviceId=-1, source=0x101 }
08-04 00:29:00.041 18540 18540 I Input   : injectKeyEvent: KeyEvent { action=ACTION_UP, keyCode=KEYCODE_BACK, scanCode=0, metaState=0, flags=0x0, repeatCount=0, eventTime=664156449, downTime=664156449, deviceId=-1, source=0x101 }
08-04 00:29:00.048 18540 18540 D AndroidRuntime: Shutting down VM
08-04 00:29:00.076 16160 16173 I art     : Starting a blocking GC Explicit
08-04 00:29:00.079 13866 13866 I GoogleInputMethodServic: GoogleInputMethodService.onFinishInput():3138 
08-04 00:29:00.079 13866 13866 I GoogleInputMethodServic: GoogleInputMethodService.onStartInput():1808 
08-04 00:29:00.096 16160 16173 I art     : Explicit concurrent mark sweep GC freed 1481(84KB) AllocSpace objects, 1(20KB) LOS objects, 23% free, 52MB/68MB, paused 411us total 20.353ms
08-04 00:29:00.105 16160 16173 I art     : Starting a blocking GC Explicit
08-04 00:29:00.124 16160 16173 I art     : Explicit concurrent mark sweep GC freed 29(1040B) AllocSpace objects, 0(0B) LOS objects, 23% free, 52MB/68MB, paused 395us total 18.942ms
08-04 00:29:00.132 16160 16173 I art     : Starting a blocking GC Explicit
08-04 00:29:00.149 16160 16173 I art     : Explicit concurrent mark sweep GC freed 3(96B) AllocSpace objects, 0(0B) LOS objects, 23% free, 52MB/68MB, paused 416us total 17.211ms
08-04 00:29:00.157 16160 16173 I art     : Starting a blocking GC Explicit
08-04 00:29:00.176 16160 16173 I art     : Explicit concurrent mark sweep GC freed 3(96B) AllocSpace objects, 0(0B) LOS objects, 23% free, 52MB/68MB, paused 413us total 18.911ms
08-04 00:29:00.185 16160 16173 I art     : Starting a blocking GC Explicit
08-04 00:29:00.205 16160 16173 I art     : Explicit concurrent mark sweep GC freed 3(96B) AllocSpace objects, 0(0B) LOS objects, 23% free, 52MB/68MB, paused 387us total 19.549ms
08-04 00:29:00.388   380   380 W SurfaceFlinger: couldn't log to binary event log: overflow.
08-04 00:29:00.461 16160 18029 I art     : Starting a blocking GC Explicit
08-04 00:29:00.482 16160 18029 I art     : Explicit concurrent mark sweep GC freed 1454(87KB) AllocSpace objects, 1(20KB) LOS objects, 23% free, 52MB/68MB, paused 442us total 21.424ms
08-04 00:29:00.491 16160 18029 I art     : Starting a blocking GC Explicit
08-04 00:29:00.512 16160 18029 I art     : Explicit concurrent mark sweep GC freed 1401(90KB) AllocSpace objects, 1(28KB) LOS objects, 23% free, 52MB/68MB, paused 488us total 21.046ms
08-04 00:29:00.520 16160 18029 I art     : Starting a blocking GC Explicit
08-04 00:29:00.540 16160 18029 I art     : Explicit concurrent mark sweep GC freed 3(96B) AllocSpace objects, 0(0B) LOS objects, 23% free, 52MB/68MB, paused 419us total 19.947ms
08-04 00:29:00.549 16160 18029 I art     : Starting a blocking GC Explicit
08-04 00:29:00.570 16160 18029 I art     : Explicit concurrent mark sweep GC freed 3(96B) AllocSpace objects, 0(0B) LOS objects, 23% free, 52MB/68MB, paused 443us total 20.947ms
08-04 00:29:00.579 16160 18029 I art     : Starting a blocking GC Explicit
08-04 00:29:00.600 16160 18029 I art     : Explicit concurrent mark sweep GC freed 3(96B) AllocSpace objects, 0(0B) LOS objects, 23% free, 52MB/68MB, paused 442us total 20.944ms
08-04 00:29:00.878 16160 16172 I art     : Starting a blocking GC Explicit
08-04 00:29:00.889 17791 17791 I ServiceManager: Waiting for service AtCmdFwd...
08-04 00:29:00.901 16160 16172 I art     : Explicit concurrent mark sweep GC freed 1344(78KB) AllocSpace objects, 1(20KB) LOS objects, 23% free, 52MB/68MB, paused 459us total 22.137ms
08-04 00:29:00.910 16160 16172 I art     : Starting a blocking GC Explicit
08-04 00:29:00.931 16160 16172 I art     : Explicit concurrent mark sweep GC freed 26(928B) AllocSpace objects, 0(0B) LOS objects, 23% free, 52MB/68MB, paused 436us total 20.972ms
08-04 00:29:00.939 16160 16172 I art     : Starting a blocking GC Explicit
08-04 00:29:00.960 16160 16172 I art     : Explicit concurrent mark sweep GC freed 3(96B) AllocSpace objects, 0(0B) LOS objects, 23% free, 52MB/68MB, paused 430us total 20.859ms
08-04 00:29:00.969 16160 16172 I art     : Starting a blocking GC Explicit
08-04 00:29:00.990 16160 16172 I art     : Explicit concurrent mark sweep GC freed 3(96B) AllocSpace objects, 0(0B) LOS objects, 23% free, 52MB/68MB, paused 442us total 20.909ms
08-04 00:29:00.999 16160 16172 I art     : Starting a blocking GC Explicit
08-04 00:29:01.020 16160 16172 I art     : Explicit concurrent mark sweep GC freed 3(96B) AllocSpace objects, 0(0B) LOS objects, 23% free, 52MB/68MB, paused 436us total 20.947ms
08-04 00:29:01.307 16160 16173 I art     : Starting a blocking GC Explicit
08-04 00:29:01.329 16160 16173 I art     : Explicit concurrent mark sweep GC freed 1343(78KB) AllocSpace objects, 1(20KB) LOS objects, 23% free, 52MB/68MB, paused 470us total 21.421ms
08-04 00:29:01.337 16160 16173 I art     : Starting a blocking GC Explicit
08-04 00:29:01.358 16160 16173 I art     : Explicit concurrent mark sweep GC freed 20(704B) AllocSpace objects, 0(0B) LOS objects, 23% free, 52MB/68MB, paused 454us total 20.733ms
08-04 00:29:01.367 16160 16173 I art     : Starting a blocking GC Explicit
08-04 00:29:01.387 16160 16173 I art     : Explicit concurrent mark sweep GC freed 3(96B) AllocSpace objects, 0(0B) LOS objects, 23% free, 52MB/68MB, paused 591us total 19.960ms
08-04 00:29:01.395 16160 16173 I art     : Starting a blocking GC Explicit
08-04 00:29:01.415 16160 16173 I art     : Explicit concurrent mark sweep GC freed 3(96B) AllocSpace objects, 0(0B) LOS objects, 23% free, 52MB/68MB, paused 463us total 19.415ms
08-04 00:29:01.423 16160 16173 I art     : Starting a blocking GC Explicit
08-04 00:29:01.442 16160 16173 I art     : Explicit concurrent mark sweep GC freed 3(96B) AllocSpace objects, 0(0B) LOS objects, 23% free, 52MB/68MB, paused 420us total 18.898ms
08-04 00:29:01.688 18604 18604 D AndroidRuntime: >>>>>> START com.android.internal.os.RuntimeInit uid 2000 <<<<<<
08-04 00:29:01.694 18604 18604 D AndroidRuntime: CheckJNI is OFF
08-04 00:29:01.723 16160 16172 I art     : Starting a blocking GC Explicit
08-04 00:29:01.729 18604 18604 D ICU     : No timezone override file found: /data/misc/zoneinfo/current/icu/icu_tzdata.dat
08-04 00:29:01.747 16160 16172 I art     : Explicit concurrent mark sweep GC freed 1353(78KB) AllocSpace objects, 1(20KB) LOS objects, 23% free, 52MB/68MB, paused 505us total 23.598ms
08-04 00:29:01.755 16160 16172 I art     : Starting a blocking GC Explicit
08-04 00:29:01.764 18604 18604 I Radio-JNI: register_android_hardware_Radio DONE
08-04 00:29:01.774 16160 16172 I art     : Explicit concurrent mark sweep GC freed 22(768B) AllocSpace objects, 0(0B) LOS objects, 23% free, 52MB/68MB, paused 535us total 19.087ms
08-04 00:29:01.783 16160 16172 I art     : Starting a blocking GC Explicit
08-04 00:29:01.786 18604 18604 D AndroidRuntime: Calling main entry com.android.commands.input.Input
08-04 00:29:01.788 18604 18604 I Input   : injectMotionEvent: MotionEvent { action=ACTION_DOWN, actionButton=0, id[0]=0, x[0]=756.0, y[0]=1530.0, toolType[0]=TOOL_TYPE_UNKNOWN, buttonState=0, metaState=0, flags=0x0, edgeFlags=0x0, pointerCount=1, historySize=0, eventTime=664158200, downTime=664158200, deviceId=0, source=0x1002 }
08-04 00:29:01.794 18604 18604 I Input   : injectMotionEvent: MotionEvent { action=ACTION_UP, actionButton=0, id[0]=0, x[0]=756.0, y[0]=1530.0, toolType[0]=TOOL_TYPE_UNKNOWN, buttonState=0, metaState=0, flags=0x0, edgeFlags=0x0, pointerCount=1, historySize=0, eventTime=664158200, downTime=664158200, deviceId=0, source=0x1002 }
08-04 00:29:01.796 18604 18604 D AndroidRuntime: Shutting down VM
08-04 00:29:01.802 16160 16172 I art     : Explicit concurrent mark sweep GC freed 26(864B) AllocSpace objects, 0(0B) LOS objects, 23% free, 52MB/68MB, paused 476us total 19.475ms
08-04 00:29:01.807   918  5132 I ActivityManager: START u0 {cmp=baseline.appteam.nith.hillffair/.activities.LeaderBoardActivity} from uid 10651 on display 0
08-04 00:29:01.809   512  2967 D audio_hw_primary: out_set_parameters: enter: usecase(1: low-latency-playback) kvpairs: routing=2
08-04 00:29:01.811 16160 16172 I art     : Starting a blocking GC Explicit
08-04 00:29:01.822   512  2967 D audio_hw_primary: select_devices: out_snd_device(2: speaker) in_snd_device(0: none)
08-04 00:29:01.822   512  2967 D msm8974_platform: platform_send_audio_calibration: sending audio calibration for snd_device(2) acdb_id(15)
08-04 00:29:01.822   512  2967 I soundtrigger: audio_extn_sound_trigger_update_device_status: device 0x2 of type 0 for Event 1
08-04 00:29:01.832 16160 16172 I art     : Explicit concurrent mark sweep GC freed 73(2624B) AllocSpace objects, 0(0B) LOS objects, 23% free, 52MB/68MB, paused 416us total 21.192ms
08-04 00:29:01.834   512  2967 D audio_hw_primary: enable_snd_device: snd_device(2: speaker)
08-04 00:29:01.836   512  2967 D audio_hw_primary: enable_audio_route: apply and update mixer path: low-latency-playback speaker
08-04 00:29:01.840 16160 16172 I art     : Starting a blocking GC Explicit
08-04 00:29:01.860 16160 16172 I art     : Explicit concurrent mark sweep GC freed 3707(199KB) AllocSpace objects, 0(0B) LOS objects, 23% free, 52MB/68MB, paused 757us total 19.759ms
08-04 00:29:01.890 17791 17791 I ServiceManager: Waiting for service AtCmdFwd...
08-04 00:29:01.911 16160 16160 E RecyclerView: No adapter attached; skipping layout
08-04 00:29:01.914 16160 16160 E RecyclerView: No adapter attached; skipping layout
08-04 00:29:01.929   918   936 I ActivityManager: Displayed baseline.appteam.nith.hillffair/.activities.LeaderBoardActivity: +106ms
08-04 00:29:01.930 13866 13866 I GoogleInputMethodServic: GoogleInputMethodService.onFinishInput():3138 
08-04 00:29:01.930 13866 13866 I GoogleInputMethodServic: GoogleInputMethodService.onStartInput():1808 
08-04 00:29:01.932 16160 16160 E RecyclerView: No adapter attached; skipping layout
08-04 00:29:01.944 16160 16183 D OpenGLRenderer: endAllStagingAnimators on 0x7f82926800 (RippleDrawable) with handle 0x7f99ea43e0
08-04 00:29:02.114 16160 16172 I art     : Starting a blocking GC Explicit
08-04 00:29:02.136 16160 16172 I art     : Explicit concurrent mark sweep GC freed 3034(209KB) AllocSpace objects, 1(20KB) LOS objects, 23% free, 52MB/68MB, paused 476us total 21.711ms
08-04 00:29:02.144 16160 16172 I art     : Starting a blocking GC Explicit
08-04 00:29:02.165 16160 16172 I art     : Explicit concurrent mark sweep GC freed 98(3KB) AllocSpace objects, 0(0B) LOS objects, 23% free, 52MB/68MB, paused 487us total 20.909ms
08-04 00:29:02.173   380   380 W SurfaceFlinger: couldn't log to binary event log: overflow.
08-04 00:29:02.174 16160 16172 I art     : Starting a blocking GC Explicit
08-04 00:29:02.193 16160 16172 I art     : Explicit concurrent mark sweep GC freed 3(96B) AllocSpace objects, 0(0B) LOS objects, 23% free, 52MB/68MB, paused 434us total 19.268ms
08-04 00:29:02.201 16160 16172 I art     : Starting a blocking GC Explicit
08-04 00:29:02.220 16160 16172 I art     : Explicit concurrent mark sweep GC freed 3(96B) AllocSpace objects, 0(0B) LOS objects, 23% free, 52MB/68MB, paused 454us total 18.342ms
08-04 00:29:02.228 16160 16172 I art     : Starting a blocking GC Explicit
08-04 00:29:02.246 16160 16172 I art     : Explicit concurrent mark sweep GC freed 3(96B) AllocSpace objects, 0(0B) LOS objects, 23% free, 52MB/68MB, paused 429us total 18.350ms
08-04 00:29:02.357 16160 18627 D OkHttp  : --> GET https://api-hillfair-2k16.herokuapp.com/api/app/quiz/leaderboard?from=1 http/1.1
08-04 00:29:02.380   512  2967 D audio_hw_primary: disable_audio_route: reset and update mixer path: low-latency-playback speaker
08-04 00:29:02.381   512  2967 D audio_hw_primary: disable_snd_device: snd_device(2: speaker)
08-04 00:29:02.389   512  2967 I soundtrigger: audio_extn_sound_trigger_update_device_status: device 0x2 of type 0 for Event 0
08-04 00:29:02.390 16160 18627 D OkHttp  : <-- 200 OK https://api-hillfair-2k16.herokuapp.com/api/app/quiz/leaderboard?from=1 (33ms, 56744-byte body)
08-04 00:29:02.491 16160 16160 I NAPPA_EXPERIMENTATION: MetricNetworkRequestExecutionTime: REQUEST_DURATION_SYSTEM='631',REQUEST_DURATION_OKHTTP='33',REQUEST_SYNCHRONOUS='FALSE',RESPONSE_CODE='200',RESPONSE_METHOD='GET',RESPONSE_LENGTH_OKHTTP='56744',RESPONSE_LENGTH_HEADER='56744',REQUEST_PROTOCOL='http/1.1',REQUEST_URL='https://api-hillfair-2k16.herokuapp.com/api/app/quiz/leaderboard?from=1',
08-04 00:29:02.507 16160 16172 I art     : Starting a blocking GC Explicit
08-04 00:29:02.533 16160 16172 I art     : Explicit concurrent mark sweep GC freed 29775(1428KB) AllocSpace objects, 4(220KB) LOS objects, 23% free, 53MB/69MB, paused 878us total 25.707ms
08-04 00:29:02.542 16160 16172 I art     : Starting a blocking GC Explicit
08-04 00:29:02.563 16160 16172 I art     : Explicit concurrent mark sweep GC freed 1644(143KB) AllocSpace objects, 0(0B) LOS objects, 23% free, 53MB/69MB, paused 459us total 20.838ms
08-04 00:29:02.572 16160 16172 I art     : Starting a blocking GC Explicit
08-04 00:29:02.593 16160 16172 I art     : Explicit concurrent mark sweep GC freed 90(2720B) AllocSpace objects, 0(0B) LOS objects, 23% free, 53MB/69MB, paused 414us total 20.685ms
08-04 00:29:02.601 16160 16172 I art     : Starting a blocking GC Explicit
08-04 00:29:02.622 16160 16172 I art     : Explicit concurrent mark sweep GC freed 5(192B) AllocSpace objects, 0(0B) LOS objects, 23% free, 53MB/69MB, paused 455us total 20.103ms
08-04 00:29:02.631 16160 16172 I art     : Starting a blocking GC Explicit
08-04 00:29:02.653 16160 16172 I art     : Explicit concurrent mark sweep GC freed 3(96B) AllocSpace objects, 0(0B) LOS objects, 23% free, 53MB/69MB, paused 469us total 22.296ms
08-04 00:29:02.890 17791 17791 I ServiceManager: Waiting for service AtCmdFwd...
08-04 00:29:02.942 16160 16648 I art     : Starting a blocking GC Explicit
08-04 00:29:02.971 16160 16648 I art     : Explicit concurrent mark sweep GC freed 1344(78KB) AllocSpace objects, 1(20KB) LOS objects, 23% free, 53MB/69MB, paused 595us total 29.489ms
08-04 00:29:02.985 16160 16648 I art     : Starting a blocking GC Explicit
08-04 00:29:03.009 16160 16648 I art     : Explicit concurrent mark sweep GC freed 20(704B) AllocSpace objects, 0(0B) LOS objects, 23% free, 53MB/69MB, paused 604us total 23.671ms
08-04 00:29:03.018 16160 16648 I art     : Starting a blocking GC Explicit
08-04 00:29:03.042 16160 16648 I art     : Explicit concurrent mark sweep GC freed 3(96B) AllocSpace objects, 0(0B) LOS objects, 23% free, 53MB/69MB, paused 470us total 23.300ms
08-04 00:29:03.052 16160 16648 I art     : Starting a blocking GC Explicit
08-04 00:29:03.075 16160 16648 I art     : Explicit concurrent mark sweep GC freed 3(96B) AllocSpace objects, 0(0B) LOS objects, 23% free, 53MB/69MB, paused 478us total 23.365ms
08-04 00:29:03.084 16160 16648 I art     : Starting a blocking GC Explicit
08-04 00:29:03.108 16160 16648 I art     : Explicit concurrent mark sweep GC freed 3(96B) AllocSpace objects, 0(0B) LOS objects, 23% free, 53MB/69MB, paused 484us total 23.126ms
08-04 00:29:03.400 16160 18029 I art     : Starting a blocking GC Explicit
08-04 00:29:03.428 16160 18029 I art     : Explicit concurrent mark sweep GC freed 1344(78KB) AllocSpace objects, 1(20KB) LOS objects, 23% free, 53MB/69MB, paused 509us total 27.184ms
08-04 00:29:03.437 16160 18029 I art     : Starting a blocking GC Explicit
08-04 00:29:03.461 16160 18029 I art     : Explicit concurrent mark sweep GC freed 20(704B) AllocSpace objects, 0(0B) LOS objects, 23% free, 53MB/69MB, paused 469us total 23.787ms
08-04 00:29:03.471 16160 18029 I art     : Starting a blocking GC Explicit
08-04 00:29:03.494 16160 18029 I art     : Explicit concurrent mark sweep GC freed 3(96B) AllocSpace objects, 0(0B) LOS objects, 23% free, 53MB/69MB, paused 462us total 23.480ms
08-04 00:29:03.504 16160 18029 I art     : Starting a blocking GC Explicit
08-04 00:29:03.527 16160 18029 I art     : Explicit concurrent mark sweep GC freed 3(96B) AllocSpace objects, 0(0B) LOS objects, 23% free, 53MB/69MB, paused 515us total 23.002ms
08-04 00:29:03.536 16160 18029 I art     : Starting a blocking GC Explicit
08-04 00:29:03.559 16160 18029 I art     : Explicit concurrent mark sweep GC freed 3(96B) AllocSpace objects, 0(0B) LOS objects, 23% free, 53MB/69MB, paused 455us total 22.802ms
08-04 00:29:03.888 16160 16173 I art     : Starting a blocking GC Explicit
08-04 00:29:03.891 17791 17791 W Atfwd_Sendcmd: AtCmdFwd service not published, waiting... retryCnt : 3
08-04 00:29:03.917 16160 16173 I art     : Explicit concurrent mark sweep GC freed 1344(78KB) AllocSpace objects, 1(20KB) LOS objects, 23% free, 53MB/69MB, paused 489us total 29.121ms
08-04 00:29:03.929 16160 16173 I art     : Starting a blocking GC Explicit
08-04 00:29:03.952 16160 16173 I art     : Explicit concurrent mark sweep GC freed 20(704B) AllocSpace objects, 0(0B) LOS objects, 23% free, 53MB/69MB, paused 463us total 23.107ms
08-04 00:29:03.961 16160 16173 I art     : Starting a blocking GC Explicit
08-04 00:29:03.985 16160 16173 I art     : Explicit concurrent mark sweep GC freed 3(96B) AllocSpace objects, 0(0B) LOS objects, 23% free, 53MB/69MB, paused 473us total 23.418ms
08-04 00:29:03.994 16160 16173 I art     : Starting a blocking GC Explicit
08-04 00:29:04.018 16160 16173 I art     : Explicit concurrent mark sweep GC freed 3(96B) AllocSpace objects, 0(0B) LOS objects, 23% free, 53MB/69MB, paused 466us total 23.541ms
08-04 00:29:04.027 16160 16173 I art     : Starting a blocking GC Explicit
08-04 00:29:04.051 16160 16173 I art     : Explicit concurrent mark sweep GC freed 3(96B) AllocSpace objects, 0(0B) LOS objects, 23% free, 53MB/69MB, paused 471us total 23.871ms
08-04 00:29:04.382 16160 16250 I art     : Starting a blocking GC Explicit
08-04 00:29:04.413 16160 16250 I art     : Explicit concurrent mark sweep GC freed 1344(78KB) AllocSpace objects, 1(20KB) LOS objects, 23% free, 53MB/69MB, paused 507us total 31.121ms
08-04 00:29:04.425 16160 16250 I art     : Starting a blocking GC Explicit
08-04 00:29:04.449 16160 16250 I art     : Explicit concurrent mark sweep GC freed 20(704B) AllocSpace objects, 0(0B) LOS objects, 23% free, 53MB/69MB, paused 466us total 23.619ms
08-04 00:29:04.458 16160 16250 I art     : Starting a blocking GC Explicit
08-04 00:29:04.482 16160 16250 I art     : Explicit concurrent mark sweep GC freed 3(96B) AllocSpace objects, 0(0B) LOS objects, 23% free, 53MB/69MB, paused 465us total 23.277ms
08-04 00:29:04.491 16160 16250 I art     : Starting a blocking GC Explicit
08-04 00:29:04.514 16160 16250 I art     : Explicit concurrent mark sweep GC freed 3(96B) AllocSpace objects, 0(0B) LOS objects, 23% free, 53MB/69MB, paused 426us total 23.188ms
08-04 00:29:04.523 16160 16250 I art     : Starting a blocking GC Explicit
08-04 00:29:04.545 16160 16250 I art     : Explicit concurrent mark sweep GC freed 3(96B) AllocSpace objects, 0(0B) LOS objects, 23% free, 53MB/69MB, paused 453us total 21.690ms
08-04 00:29:04.884 16160 16172 I art     : Starting a blocking GC Explicit
08-04 00:29:04.917 16160 16172 I art     : Explicit concurrent mark sweep GC freed 1344(78KB) AllocSpace objects, 1(20KB) LOS objects, 23% free, 53MB/69MB, paused 507us total 32.102ms
08-04 00:29:04.929 16160 16172 I art     : Starting a blocking GC Explicit
08-04 00:29:04.953 16160 16172 I art     : Explicit concurrent mark sweep GC freed 20(704B) AllocSpace objects, 0(0B) LOS objects, 23% free, 53MB/69MB, paused 462us total 23.280ms
08-04 00:29:04.962 16160 16172 I art     : Starting a blocking GC Explicit
08-04 00:29:04.986 16160 16172 I art     : Explicit concurrent mark sweep GC freed 3(96B) AllocSpace objects, 0(0B) LOS objects, 23% free, 53MB/69MB, paused 470us total 23.578ms
08-04 00:29:04.995 16160 16172 I art     : Starting a blocking GC Explicit
08-04 00:29:05.019 16160 16172 I art     : Explicit concurrent mark sweep GC freed 3(96B) AllocSpace objects, 0(0B) LOS objects, 23% free, 53MB/69MB, paused 464us total 23.684ms
08-04 00:29:05.029 16160 16172 I art     : Starting a blocking GC Explicit
08-04 00:29:05.052 16160 16172 I art     : Explicit concurrent mark sweep GC freed 3(96B) AllocSpace objects, 0(0B) LOS objects, 23% free, 53MB/69MB, paused 467us total 23.320ms
08-04 00:29:05.362 16160 16648 I art     : Starting a blocking GC Explicit
08-04 00:29:05.387 16160 16648 I art     : Explicit concurrent mark sweep GC freed 1344(78KB) AllocSpace objects, 1(20KB) LOS objects, 23% free, 53MB/69MB, paused 481us total 24.528ms
08-04 00:29:05.400 16160 16648 I art     : Starting a blocking GC Explicit
08-04 00:29:05.424 16160 16648 I art     : Explicit concurrent mark sweep GC freed 20(704B) AllocSpace objects, 0(0B) LOS objects, 23% free, 53MB/69MB, paused 484us total 23.558ms
08-04 00:29:05.433 16160 16648 I art     : Starting a blocking GC Explicit
08-04 00:29:05.456 16160 16648 I art     : Explicit concurrent mark sweep GC freed 3(96B) AllocSpace objects, 0(0B) LOS objects, 23% free, 53MB/69MB, paused 462us total 23.013ms
08-04 00:29:05.465 16160 16648 I art     : Starting a blocking GC Explicit
08-04 00:29:05.488 16160 16648 I art     : Explicit concurrent mark sweep GC freed 3(96B) AllocSpace objects, 0(0B) LOS objects, 23% free, 53MB/69MB, paused 452us total 23.112ms
08-04 00:29:05.498 16160 16648 I art     : Starting a blocking GC Explicit
08-04 00:29:05.521 16160 16648 I art     : Explicit concurrent mark sweep GC freed 3(96B) AllocSpace objects, 0(0B) LOS objects, 23% free, 53MB/69MB, paused 467us total 23.240ms
08-04 00:29:05.837 16160 18029 I art     : Starting a blocking GC Explicit
08-04 00:29:05.867 16160 18029 I art     : Explicit concurrent mark sweep GC freed 1344(78KB) AllocSpace objects, 1(20KB) LOS objects, 23% free, 53MB/69MB, paused 512us total 29.399ms
08-04 00:29:05.880 16160 18029 I art     : Starting a blocking GC Explicit
08-04 00:29:05.904 16160 18029 I art     : Explicit concurrent mark sweep GC freed 20(704B) AllocSpace objects, 0(0B) LOS objects, 23% free, 53MB/69MB, paused 469us total 23.335ms
08-04 00:29:05.913 16160 18029 I art     : Starting a blocking GC Explicit
08-04 00:29:05.938 16160 18029 I art     : Explicit concurrent mark sweep GC freed 3(96B) AllocSpace objects, 0(0B) LOS objects, 23% free, 53MB/69MB, paused 502us total 24.052ms
08-04 00:29:05.947 16160 18029 I art     : Starting a blocking GC Explicit
08-04 00:29:05.971 16160 18029 I art     : Explicit concurrent mark sweep GC freed 3(96B) AllocSpace objects, 0(0B) LOS objects, 23% free, 53MB/69MB, paused 456us total 23.564ms
08-04 00:29:05.980 16160 18029 I art     : Starting a blocking GC Explicit
08-04 00:29:06.003 16160 18029 I art     : Explicit concurrent mark sweep GC freed 3(96B) AllocSpace objects, 0(0B) LOS objects, 23% free, 53MB/69MB, paused 459us total 23.186ms
08-04 00:29:06.269 16160 16173 I art     : Starting a blocking GC Explicit
08-04 00:29:06.292 16160 16173 I art     : Explicit concurrent mark sweep GC freed 1344(78KB) AllocSpace objects, 1(20KB) LOS objects, 23% free, 53MB/69MB, paused 488us total 23.365ms
08-04 00:29:06.301 16160 16173 I art     : Starting a blocking GC Explicit
08-04 00:29:06.325 16160 16173 I art     : Explicit concurrent mark sweep GC freed 20(704B) AllocSpace objects, 0(0B) LOS objects, 23% free, 53MB/69MB, paused 489us total 23.028ms
08-04 00:29:06.334 16160 16173 I art     : Starting a blocking GC Explicit
08-04 00:29:06.357 16160 16173 I art     : Explicit concurrent mark sweep GC freed 3(96B) AllocSpace objects, 0(0B) LOS objects, 23% free, 53MB/69MB, paused 471us total 22.164ms
08-04 00:29:06.366 16160 16173 I art     : Starting a blocking GC Explicit
08-04 00:29:06.388 16160 16173 I art     : Explicit concurrent mark sweep GC freed 3(96B) AllocSpace objects, 0(0B) LOS objects, 23% free, 53MB/69MB, paused 470us total 22.305ms
08-04 00:29:06.397 16160 16173 I art     : Starting a blocking GC Explicit
08-04 00:29:06.419 16160 16173 I art     : Explicit concurrent mark sweep GC freed 3(96B) AllocSpace objects, 0(0B) LOS objects, 23% free, 53MB/69MB, paused 474us total 21.870ms
08-04 00:29:06.482 18722 18722 D AndroidRuntime: >>>>>> START com.android.internal.os.RuntimeInit uid 2000 <<<<<<
08-04 00:29:06.488 18722 18722 D AndroidRuntime: CheckJNI is OFF
08-04 00:29:06.521 18722 18722 D ICU     : No timezone override file found: /data/misc/zoneinfo/current/icu/icu_tzdata.dat
08-04 00:29:06.559 18722 18722 I Radio-JNI: register_android_hardware_Radio DONE
08-04 00:29:06.582 18722 18722 D AndroidRuntime: Calling main entry com.android.commands.input.Input
08-04 00:29:06.584 18722 18722 I Input   : injectKeyEvent: KeyEvent { action=ACTION_DOWN, keyCode=KEYCODE_BACK, scanCode=0, metaState=0, flags=0x0, repeatCount=0, eventTime=664162997, downTime=664162997, deviceId=-1, source=0x101 }
08-04 00:29:06.590 18722 18722 I Input   : injectKeyEvent: KeyEvent { action=ACTION_UP, keyCode=KEYCODE_BACK, scanCode=0, metaState=0, flags=0x0, repeatCount=0, eventTime=664162997, downTime=664162997, deviceId=-1, source=0x101 }
08-04 00:29:06.597 18722 18722 D AndroidRuntime: Shutting down VM
08-04 00:29:06.639 13866 13866 I GoogleInputMethodServic: GoogleInputMethodService.onFinishInput():3138 
08-04 00:29:06.639 13866 13866 I GoogleInputMethodServic: GoogleInputMethodService.onStartInput():1808 
08-04 00:29:06.691 16160 16173 I art     : Starting a blocking GC Explicit
08-04 00:29:06.711 16160 16173 I art     : Explicit concurrent mark sweep GC freed 1481(84KB) AllocSpace objects, 1(20KB) LOS objects, 23% free, 53MB/69MB, paused 436us total 19.875ms
08-04 00:29:06.720 16160 16173 I art     : Starting a blocking GC Explicit
08-04 00:29:06.744 16160 16173 I art     : Explicit concurrent mark sweep GC freed 26(944B) AllocSpace objects, 0(0B) LOS objects, 23% free, 53MB/69MB, paused 443us total 24.346ms
08-04 00:29:06.755 16160 16173 I art     : Starting a blocking GC Explicit
08-04 00:29:06.780 16160 16173 I art     : Explicit concurrent mark sweep GC freed 3(96B) AllocSpace objects, 0(0B) LOS objects, 23% free, 53MB/69MB, paused 421us total 24.446ms
08-04 00:29:06.794 16160 16173 I art     : Starting a blocking GC Explicit
08-04 00:29:06.821 16160 16173 I art     : Explicit concurrent mark sweep GC freed 3(96B) AllocSpace objects, 0(0B) LOS objects, 23% free, 53MB/69MB, paused 645us total 27.312ms
08-04 00:29:06.830 16160 16173 I art     : Starting a blocking GC Explicit
08-04 00:29:06.856 16160 16173 I art     : Explicit concurrent mark sweep GC freed 3(96B) AllocSpace objects, 0(0B) LOS objects, 23% free, 53MB/69MB, paused 468us total 25.453ms
08-04 00:29:06.928   380   380 W SurfaceFlinger: couldn't log to binary event log: overflow.
08-04 00:29:07.112 16160 16173 I art     : Starting a blocking GC Explicit
08-04 00:29:07.138 16160 16173 I art     : Explicit concurrent mark sweep GC freed 1463(87KB) AllocSpace objects, 1(20KB) LOS objects, 23% free, 53MB/69MB, paused 541us total 25.136ms
08-04 00:29:07.152 16160 16173 I art     : Starting a blocking GC Explicit
08-04 00:29:07.177 16160 16173 I art     : Explicit concurrent mark sweep GC freed 4698(269KB) AllocSpace objects, 2(140KB) LOS objects, 23% free, 52MB/68MB, paused 472us total 25.128ms
08-04 00:29:07.186 16160 16173 I art     : Starting a blocking GC Explicit
08-04 00:29:07.208 16160 16173 I art     : Explicit concurrent mark sweep GC freed 3(96B) AllocSpace objects, 0(0B) LOS objects, 23% free, 52MB/68MB, paused 472us total 21.772ms
08-04 00:29:07.217 16160 16173 I art     : Starting a blocking GC Explicit
08-04 00:29:07.239 16160 16173 I art     : Explicit concurrent mark sweep GC freed 3(96B) AllocSpace objects, 0(0B) LOS objects, 23% free, 52MB/68MB, paused 462us total 21.387ms
08-04 00:29:07.247 16160 16173 I art     : Starting a blocking GC Explicit
08-04 00:29:07.270 16160 16173 I art     : Explicit concurrent mark sweep GC freed 3(96B) AllocSpace objects, 0(0B) LOS objects, 23% free, 52MB/68MB, paused 469us total 21.901ms
08-04 00:29:07.564 16160 16648 I art     : Starting a blocking GC Explicit
08-04 00:29:07.590 16160 16648 I art     : Explicit concurrent mark sweep GC freed 1344(78KB) AllocSpace objects, 1(20KB) LOS objects, 23% free, 52MB/68MB, paused 465us total 26.125ms
08-04 00:29:07.599 16160 16648 I art     : Starting a blocking GC Explicit
08-04 00:29:07.620 16160 16648 I art     : Explicit concurrent mark sweep GC freed 20(704B) AllocSpace objects, 0(0B) LOS objects, 23% free, 52MB/68MB, paused 458us total 20.825ms
08-04 00:29:07.629 16160 16648 I art     : Starting a blocking GC Explicit
08-04 00:29:07.650 16160 16648 I art     : Explicit concurrent mark sweep GC freed 3(96B) AllocSpace objects, 0(0B) LOS objects, 23% free, 52MB/68MB, paused 464us total 21.002ms
08-04 00:29:07.659 16160 16648 I art     : Starting a blocking GC Explicit
08-04 00:29:07.681 16160 16648 I art     : Explicit concurrent mark sweep GC freed 3(96B) AllocSpace objects, 0(0B) LOS objects, 23% free, 52MB/68MB, paused 472us total 21.825ms
08-04 00:29:07.690 16160 16648 I art     : Starting a blocking GC Explicit
08-04 00:29:07.712 16160 16648 I art     : Explicit concurrent mark sweep GC freed 3(96B) AllocSpace objects, 0(0B) LOS objects, 23% free, 52MB/68MB, paused 478us total 21.441ms
08-04 00:29:07.978 16160 16250 I art     : Starting a blocking GC Explicit
08-04 00:29:08.000 16160 16250 I art     : Explicit concurrent mark sweep GC freed 1343(78KB) AllocSpace objects, 1(20KB) LOS objects, 23% free, 52MB/68MB, paused 459us total 21.516ms
08-04 00:29:08.008 16160 16250 I art     : Starting a blocking GC Explicit
08-04 00:29:08.030 16160 16250 I art     : Explicit concurrent mark sweep GC freed 20(704B) AllocSpace objects, 0(0B) LOS objects, 23% free, 52MB/68MB, paused 487us total 21.078ms
08-04 00:29:08.038 16160 16250 I art     : Starting a blocking GC Explicit
08-04 00:29:08.060 16160 16250 I art     : Explicit concurrent mark sweep GC freed 3(96B) AllocSpace objects, 0(0B) LOS objects, 23% free, 52MB/68MB, paused 460us total 20.948ms
08-04 00:29:08.068 16160 16250 I art     : Starting a blocking GC Explicit
08-04 00:29:08.089 16160 16250 I art     : Explicit concurrent mark sweep GC freed 3(96B) AllocSpace objects, 0(0B) LOS objects, 23% free, 52MB/68MB, paused 486us total 20.468ms
08-04 00:29:08.097 16160 16250 I art     : Starting a blocking GC Explicit
08-04 00:29:08.118 16160 16250 I art     : Explicit concurrent mark sweep GC freed 3(96B) AllocSpace objects, 0(0B) LOS objects, 23% free, 52MB/68MB, paused 471us total 20.494ms
08-04 00:29:08.269 18775 18775 D AndroidRuntime: >>>>>> START com.android.internal.os.RuntimeInit uid 2000 <<<<<<
08-04 00:29:08.274 18775 18775 D AndroidRuntime: CheckJNI is OFF
08-04 00:29:08.306 18775 18775 D ICU     : No timezone override file found: /data/misc/zoneinfo/current/icu/icu_tzdata.dat
08-04 00:29:08.337 18775 18775 I Radio-JNI: register_android_hardware_Radio DONE
08-04 00:29:08.359 18775 18775 D AndroidRuntime: Calling main entry com.android.commands.input.Input
08-04 00:29:08.360 18775 18775 I Input   : injectKeyEvent: KeyEvent { action=ACTION_DOWN, keyCode=KEYCODE_BACK, scanCode=0, metaState=0, flags=0x0, repeatCount=0, eventTime=664164773, downTime=664164773, deviceId=-1, source=0x101 }
08-04 00:29:08.365 18775 18775 I Input   : injectKeyEvent: KeyEvent { action=ACTION_UP, keyCode=KEYCODE_BACK, scanCode=0, metaState=0, flags=0x0, repeatCount=0, eventTime=664164773, downTime=664164773, deviceId=-1, source=0x101 }
08-04 00:29:08.369 18775 18775 D AndroidRuntime: Shutting down VM
08-04 00:29:08.391 16160 18029 I art     : Starting a blocking GC Explicit
08-04 00:29:08.410 16160 18029 I art     : Explicit concurrent mark sweep GC freed 1503(85KB) AllocSpace objects, 1(20KB) LOS objects, 23% free, 52MB/68MB, paused 460us total 19.426ms
08-04 00:29:08.418 16160 18029 I art     : Starting a blocking GC Explicit
08-04 00:29:08.439 16160 18029 I art     : Explicit concurrent mark sweep GC freed 23(816B) AllocSpace objects, 0(0B) LOS objects, 23% free, 52MB/68MB, paused 469us total 20.264ms
08-04 00:29:08.449 16160 18029 I art     : Starting a blocking GC Explicit
08-04 00:29:08.461 13866 13866 I GoogleInputMethodServic: GoogleInputMethodService.onFinishInput():3138 
08-04 00:29:08.462 13866 13866 I GoogleInputMethodServic: GoogleInputMethodService.onStartInput():1808 
08-04 00:29:08.473 16160 18029 I art     : Explicit concurrent mark sweep GC freed 57(2016B) AllocSpace objects, 0(0B) LOS objects, 23% free, 52MB/68MB, paused 500us total 24.303ms
08-04 00:29:08.482 16160 18029 I art     : Starting a blocking GC Explicit
08-04 00:29:08.502 16160 18029 I art     : Explicit concurrent mark sweep GC freed 10(336B) AllocSpace objects, 0(0B) LOS objects, 23% free, 52MB/68MB, paused 413us total 19.624ms
08-04 00:29:08.510 16160 18029 I art     : Starting a blocking GC Explicit
08-04 00:29:08.529 16160 18029 I art     : Explicit concurrent mark sweep GC freed 3(96B) AllocSpace objects, 0(0B) LOS objects, 23% free, 52MB/68MB, paused 442us total 17.898ms
08-04 00:29:08.730   380   380 W SurfaceFlinger: couldn't log to binary event log: overflow.
08-04 00:29:08.778 16160 18029 I art     : Starting a blocking GC Explicit
08-04 00:29:08.800 16160 18029 I art     : Explicit concurrent mark sweep GC freed 1461(87KB) AllocSpace objects, 1(20KB) LOS objects, 23% free, 52MB/68MB, paused 474us total 21.888ms
08-04 00:29:08.809 16160 18029 I art     : Starting a blocking GC Explicit
08-04 00:29:08.829 16160 18029 I art     : Explicit concurrent mark sweep GC freed 2096(122KB) AllocSpace objects, 3(340KB) LOS objects, 23% free, 52MB/68MB, paused 478us total 20.191ms
08-04 00:29:08.838 16160 18029 I art     : Starting a blocking GC Explicit
08-04 00:29:08.858 16160 18029 I art     : Explicit concurrent mark sweep GC freed 3(96B) AllocSpace objects, 0(0B) LOS objects, 23% free, 52MB/68MB, paused 460us total 20.237ms
08-04 00:29:08.867 16160 18029 I art     : Starting a blocking GC Explicit
08-04 00:29:08.887 16160 18029 I art     : Explicit concurrent mark sweep GC freed 3(96B) AllocSpace objects, 0(0B) LOS objects, 23% free, 52MB/68MB, paused 505us total 20.623ms
08-04 00:29:08.896 16160 18029 I art     : Starting a blocking GC Explicit
08-04 00:29:08.917 16160 18029 I art     : Explicit concurrent mark sweep GC freed 3(96B) AllocSpace objects, 0(0B) LOS objects, 23% free, 52MB/68MB, paused 502us total 20.792ms
08-04 00:29:09.212 16160 16173 I art     : Starting a blocking GC Explicit
08-04 00:29:09.243 16160 16173 I art     : Explicit concurrent mark sweep GC freed 1344(78KB) AllocSpace objects, 1(20KB) LOS objects, 23% free, 52MB/68MB, paused 495us total 30.413ms
08-04 00:29:09.255 16160 16173 I art     : Starting a blocking GC Explicit
08-04 00:29:09.276 16160 16173 I art     : Explicit concurrent mark sweep GC freed 20(704B) AllocSpace objects, 0(0B) LOS objects, 23% free, 52MB/68MB, paused 463us total 20.379ms
08-04 00:29:09.284 16160 16173 I art     : Starting a blocking GC Explicit
08-04 00:29:09.304 16160 16173 I art     : Explicit concurrent mark sweep GC freed 3(96B) AllocSpace objects, 0(0B) LOS objects, 23% free, 52MB/68MB, paused 451us total 20.010ms
08-04 00:29:09.313 16160 16173 I art     : Starting a blocking GC Explicit
08-04 00:29:09.333 16160 16173 I art     : Explicit concurrent mark sweep GC freed 3(96B) AllocSpace objects, 0(0B) LOS objects, 23% free, 52MB/68MB, paused 473us total 20.425ms
08-04 00:29:09.342 16160 16173 I art     : Starting a blocking GC Explicit
08-04 00:29:09.363 16160 16173 I art     : Explicit concurrent mark sweep GC freed 3(96B) AllocSpace objects, 0(0B) LOS objects, 23% free, 52MB/68MB, paused 474us total 20.576ms
08-04 00:29:09.666 16160 16250 I art     : Starting a blocking GC Explicit
08-04 00:29:09.687 16160 16250 I art     : Explicit concurrent mark sweep GC freed 1341(78KB) AllocSpace objects, 1(20KB) LOS objects, 23% free, 52MB/68MB, paused 542us total 20.938ms
08-04 00:29:09.696 16160 16250 I art     : Starting a blocking GC Explicit
08-04 00:29:09.716 16160 16250 I art     : Explicit concurrent mark sweep GC freed 20(704B) AllocSpace objects, 0(0B) LOS objects, 23% free, 52MB/68MB, paused 512us total 19.757ms
08-04 00:29:09.724 16160 16250 I art     : Starting a blocking GC Explicit
08-04 00:29:09.743 16160 16250 I art     : Explicit concurrent mark sweep GC freed 3(96B) AllocSpace objects, 0(0B) LOS objects, 23% free, 52MB/68MB, paused 461us total 19.259ms
08-04 00:29:09.752 16160 16250 I art     : Starting a blocking GC Explicit
08-04 00:29:09.772 16160 16250 I art     : Explicit concurrent mark sweep GC freed 3(96B) AllocSpace objects, 0(0B) LOS objects, 23% free, 52MB/68MB, paused 461us total 19.987ms
08-04 00:29:09.781 16160 16250 I art     : Starting a blocking GC Explicit
08-04 00:29:09.800 16160 16250 I art     : Explicit concurrent mark sweep GC freed 3(96B) AllocSpace objects, 0(0B) LOS objects, 23% free, 52MB/68MB, paused 470us total 19.397ms
08-04 00:29:10.027 18851 18851 D AndroidRuntime: >>>>>> START com.android.internal.os.RuntimeInit uid 2000 <<<<<<
08-04 00:29:10.032 18851 18851 D AndroidRuntime: CheckJNI is OFF
08-04 00:29:10.065 18851 18851 D ICU     : No timezone override file found: /data/misc/zoneinfo/current/icu/icu_tzdata.dat
08-04 00:29:10.089 16160 16172 I art     : Starting a blocking GC Explicit
08-04 00:29:10.099 18851 18851 I Radio-JNI: register_android_hardware_Radio DONE
08-04 00:29:10.110 16160 16172 I art     : Explicit concurrent mark sweep GC freed 1341(78KB) AllocSpace objects, 1(20KB) LOS objects, 23% free, 52MB/68MB, paused 493us total 20.607ms
08-04 00:29:10.119 16160 16172 I art     : Starting a blocking GC Explicit
08-04 00:29:10.122 18851 18851 D AndroidRuntime: Calling main entry com.android.commands.input.Input
08-04 00:29:10.123 18851 18851 I Input   : injectMotionEvent: MotionEvent { action=ACTION_DOWN, actionButton=0, id[0]=0, x[0]=1053.0, y[0]=1173.0, toolType[0]=TOOL_TYPE_UNKNOWN, buttonState=0, metaState=0, flags=0x0, edgeFlags=0x0, pointerCount=1, historySize=0, eventTime=664166536, downTime=664166536, deviceId=0, source=0x1002 }
08-04 00:29:10.128 18851 18851 I Input   : injectMotionEvent: MotionEvent { action=ACTION_UP, actionButton=0, id[0]=0, x[0]=1053.0, y[0]=1173.0, toolType[0]=TOOL_TYPE_UNKNOWN, buttonState=0, metaState=0, flags=0x0, edgeFlags=0x0, pointerCount=1, historySize=0, eventTime=664166536, downTime=664166536, deviceId=0, source=0x1002 }
08-04 00:29:10.129   918  3670 I ActivityManager: START u0 {cmp=baseline.appteam.nith.hillffair/.activities.QuizActivity} from uid 10651 on display 0
08-04 00:29:10.138 18851 18851 D AndroidRuntime: Shutting down VM
08-04 00:29:10.140 16160 16172 I art     : Explicit concurrent mark sweep GC freed 37(1296B) AllocSpace objects, 0(0B) LOS objects, 23% free, 52MB/68MB, paused 547us total 20.894ms
08-04 00:29:10.148 16160 16172 I art     : Starting a blocking GC Explicit
08-04 00:29:10.168 16160 16172 I art     : Explicit concurrent mark sweep GC freed 533(45KB) AllocSpace objects, 0(0B) LOS objects, 23% free, 52MB/68MB, paused 555us total 19.848ms
08-04 00:29:10.176 16160 16172 I art     : Starting a blocking GC Explicit
08-04 00:29:10.196 16160 16172 I art     : Explicit concurrent mark sweep GC freed 252(10KB) AllocSpace objects, 0(0B) LOS objects, 23% free, 52MB/68MB, paused 485us total 19.246ms
08-04 00:29:10.204 16160 16172 I art     : Starting a blocking GC Explicit
08-04 00:29:10.223 16160 16172 I art     : Explicit concurrent mark sweep GC freed 95(3KB) AllocSpace objects, 0(0B) LOS objects, 23% free, 52MB/68MB, paused 732us total 19.018ms
08-04 00:29:10.239   918   936 I ActivityManager: Displayed baseline.appteam.nith.hillffair/.activities.QuizActivity: +99ms
08-04 00:29:10.239 13866 13866 I GoogleInputMethodServic: GoogleInputMethodService.onFinishInput():3138 
08-04 00:29:10.240 13866 13866 I GoogleInputMethodServic: GoogleInputMethodService.onStartInput():1808 
08-04 00:29:10.482   380   380 W SurfaceFlinger: couldn't log to binary event log: overflow.
08-04 00:29:10.493 16160 16173 I art     : Starting a blocking GC Explicit
08-04 00:29:10.513 16160 16173 I art     : Explicit concurrent mark sweep GC freed 1441(82KB) AllocSpace objects, 1(20KB) LOS objects, 23% free, 52MB/68MB, paused 440us total 19.924ms
08-04 00:29:10.521 16160 16173 I art     : Starting a blocking GC Explicit
08-04 00:29:10.539 16160 16173 I art     : Explicit concurrent mark sweep GC freed 40(1344B) AllocSpace objects, 0(0B) LOS objects, 23% free, 52MB/68MB, paused 389us total 17.407ms
08-04 00:29:10.546 16160 16173 I art     : Starting a blocking GC Explicit
08-04 00:29:10.564 16160 16173 I art     : Explicit concurrent mark sweep GC freed 3(96B) AllocSpace objects, 0(0B) LOS objects, 23% free, 52MB/68MB, paused 396us total 17.906ms
08-04 00:29:10.572 16160 16173 I art     : Starting a blocking GC Explicit
08-04 00:29:10.590 16160 16173 I art     : Explicit concurrent mark sweep GC freed 3(96B) AllocSpace objects, 0(0B) LOS objects, 23% free, 52MB/68MB, paused 390us total 17.684ms
08-04 00:29:10.597 16160 16173 I art     : Starting a blocking GC Explicit
08-04 00:29:10.615 16160 16173 I art     : Explicit concurrent mark sweep GC freed 70(4KB) AllocSpace objects, 0(0B) LOS objects, 23% free, 52MB/68MB, paused 465us total 17.708ms
08-04 00:29:10.883 16160 16172 I art     : Starting a blocking GC Explicit
08-04 00:29:10.903 16160 16172 I art     : Explicit concurrent mark sweep GC freed 1346(78KB) AllocSpace objects, 1(20KB) LOS objects, 23% free, 52MB/68MB, paused 432us total 20.503ms
08-04 00:29:10.913 16160 16172 I art     : Starting a blocking GC Explicit
08-04 00:29:10.932 16160 16172 I art     : Explicit concurrent mark sweep GC freed 20(704B) AllocSpace objects, 0(0B) LOS objects, 23% free, 52MB/68MB, paused 427us total 19.458ms
08-04 00:29:10.940 16160 16172 I art     : Starting a blocking GC Explicit
08-04 00:29:10.960 16160 16172 I art     : Explicit concurrent mark sweep GC freed 3(96B) AllocSpace objects, 0(0B) LOS objects, 23% free, 52MB/68MB, paused 429us total 19.367ms
08-04 00:29:10.968 16160 16172 I art     : Starting a blocking GC Explicit
08-04 00:29:10.987 16160 16172 I art     : Explicit concurrent mark sweep GC freed 3(96B) AllocSpace objects, 0(0B) LOS objects, 23% free, 52MB/68MB, paused 489us total 19.268ms
08-04 00:29:10.995 16160 16172 I art     : Starting a blocking GC Explicit
08-04 00:29:11.015 16160 16172 I art     : Explicit concurrent mark sweep GC freed 3(96B) AllocSpace objects, 0(0B) LOS objects, 23% free, 52MB/68MB, paused 426us total 19.980ms
08-04 00:29:11.302 16160 16250 I art     : Starting a blocking GC Explicit
08-04 00:29:11.329 16160 16250 I art     : Explicit concurrent mark sweep GC freed 1343(78KB) AllocSpace objects, 1(20KB) LOS objects, 23% free, 52MB/68MB, paused 466us total 26.797ms
08-04 00:29:11.341 16160 16250 I art     : Starting a blocking GC Explicit
08-04 00:29:11.365 16160 16250 I art     : Explicit concurrent mark sweep GC freed 20(704B) AllocSpace objects, 0(0B) LOS objects, 23% free, 52MB/68MB, paused 449us total 23.763ms
08-04 00:29:11.374 16160 16250 I art     : Starting a blocking GC Explicit
08-04 00:29:11.396 16160 16250 I art     : Explicit concurrent mark sweep GC freed 3(96B) AllocSpace objects, 0(0B) LOS objects, 23% free, 52MB/68MB, paused 450us total 21.807ms
08-04 00:29:11.405 16160 16250 I art     : Starting a blocking GC Explicit
08-04 00:29:11.427 16160 16250 I art     : Explicit concurrent mark sweep GC freed 3(96B) AllocSpace objects, 0(0B) LOS objects, 23% free, 52MB/68MB, paused 485us total 21.205ms
08-04 00:29:11.435 16160 16250 I art     : Starting a blocking GC Explicit
08-04 00:29:11.457 16160 16250 I art     : Explicit concurrent mark sweep GC freed 3(96B) AllocSpace objects, 0(0B) LOS objects, 23% free, 52MB/68MB, paused 517us total 21.417ms
08-04 00:29:11.739 16160 16648 I art     : Starting a blocking GC Explicit
08-04 00:29:11.772 16160 16648 I art     : Explicit concurrent mark sweep GC freed 1343(78KB) AllocSpace objects, 1(20KB) LOS objects, 23% free, 52MB/68MB, paused 520us total 32.804ms
08-04 00:29:11.785 16160 16648 I art     : Starting a blocking GC Explicit
08-04 00:29:11.811 16160 16648 I art     : Explicit concurrent mark sweep GC freed 23(800B) AllocSpace objects, 0(0B) LOS objects, 23% free, 52MB/68MB, paused 423us total 26.047ms
08-04 00:29:11.822 16160 16648 I art     : Starting a blocking GC Explicit
08-04 00:29:11.841 16160 16648 I art     : Explicit concurrent mark sweep GC freed 7(224B) AllocSpace objects, 0(0B) LOS objects, 23% free, 52MB/68MB, paused 424us total 19.377ms
08-04 00:29:11.849 16160 16648 I art     : Starting a blocking GC Explicit
08-04 00:29:11.868 16160 16648 I art     : Explicit concurrent mark sweep GC freed 6(192B) AllocSpace objects, 0(0B) LOS objects, 23% free, 52MB/68MB, paused 663us total 19.204ms
08-04 00:29:11.877 16160 16648 I art     : Starting a blocking GC Explicit
08-04 00:29:11.897 16160 16648 I art     : Explicit concurrent mark sweep GC freed 7(224B) AllocSpace objects, 0(0B) LOS objects, 23% free, 52MB/68MB, paused 535us total 20.146ms
08-04 00:29:12.200 16160 16250 I art     : Starting a blocking GC Explicit
08-04 00:29:12.223 16160 16250 I art     : Explicit concurrent mark sweep GC freed 1359(78KB) AllocSpace objects, 1(20KB) LOS objects, 23% free, 52MB/68MB, paused 469us total 22.552ms
08-04 00:29:12.232 16160 16250 I art     : Starting a blocking GC Explicit
08-04 00:29:12.254 16160 16250 I art     : Explicit concurrent mark sweep GC freed 20(704B) AllocSpace objects, 0(0B) LOS objects, 23% free, 52MB/68MB, paused 441us total 21.767ms
08-04 00:29:12.262 16160 16250 I art     : Starting a blocking GC Explicit
08-04 00:29:12.284 16160 16250 I art     : Explicit concurrent mark sweep GC freed 3(96B) AllocSpace objects, 0(0B) LOS objects, 23% free, 52MB/68MB, paused 438us total 21.451ms
08-04 00:29:12.293 16160 16250 I art     : Starting a blocking GC Explicit
08-04 00:29:12.315 16160 16250 I art     : Explicit concurrent mark sweep GC freed 3(96B) AllocSpace objects, 0(0B) LOS objects, 23% free, 52MB/68MB, paused 439us total 21.386ms
08-04 00:29:12.324 16160 16250 I art     : Starting a blocking GC Explicit
08-04 00:29:12.345 16160 16250 I art     : Explicit concurrent mark sweep GC freed 3(96B) AllocSpace objects, 0(0B) LOS objects, 23% free, 52MB/68MB, paused 444us total 21.360ms
08-04 00:29:12.608 16160 16172 I art     : Starting a blocking GC Explicit
08-04 00:29:12.630 16160 16172 I art     : Explicit concurrent mark sweep GC freed 1343(78KB) AllocSpace objects, 1(20KB) LOS objects, 23% free, 52MB/68MB, paused 463us total 21.722ms
08-04 00:29:12.639 16160 16172 I art     : Starting a blocking GC Explicit
08-04 00:29:12.659 16160 16172 I art     : Explicit concurrent mark sweep GC freed 20(704B) AllocSpace objects, 0(0B) LOS objects, 23% free, 52MB/68MB, paused 441us total 20.049ms
08-04 00:29:12.667 16160 16172 I art     : Starting a blocking GC Explicit
08-04 00:29:12.688 16160 16172 I art     : Explicit concurrent mark sweep GC freed 3(96B) AllocSpace objects, 0(0B) LOS objects, 23% free, 52MB/68MB, paused 632us total 20.251ms
08-04 00:29:12.697 16160 16172 I art     : Starting a blocking GC Explicit
08-04 00:29:12.717 16160 16172 I art     : Explicit concurrent mark sweep GC freed 3(96B) AllocSpace objects, 0(0B) LOS objects, 23% free, 52MB/68MB, paused 482us total 20.597ms
08-04 00:29:12.726 16160 16172 I art     : Starting a blocking GC Explicit
08-04 00:29:12.746 16160 16172 I art     : Explicit concurrent mark sweep GC freed 3(96B) AllocSpace objects, 0(0B) LOS objects, 23% free, 52MB/68MB, paused 456us total 20.459ms
08-04 00:29:12.826 18962 18962 D AndroidRuntime: >>>>>> START com.android.internal.os.RuntimeInit uid 2000 <<<<<<
08-04 00:29:12.831 18962 18962 D AndroidRuntime: CheckJNI is OFF
08-04 00:29:12.870 18962 18962 D ICU     : No timezone override file found: /data/misc/zoneinfo/current/icu/icu_tzdata.dat
08-04 00:29:12.904 18962 18962 I Radio-JNI: register_android_hardware_Radio DONE
08-04 00:29:12.925 18962 18962 D AndroidRuntime: Calling main entry com.android.commands.input.Input
08-04 00:29:12.927 18962 18962 I Input   : injectMotionEvent: MotionEvent { action=ACTION_DOWN, actionButton=0, id[0]=0, x[0]=756.0, y[0]=1530.0, toolType[0]=TOOL_TYPE_UNKNOWN, buttonState=0, metaState=0, flags=0x0, edgeFlags=0x0, pointerCount=1, historySize=0, eventTime=664169340, downTime=664169340, deviceId=0, source=0x1002 }
08-04 00:29:12.932 18962 18962 I Input   : injectMotionEvent: MotionEvent { action=ACTION_UP, actionButton=0, id[0]=0, x[0]=756.0, y[0]=1530.0, toolType[0]=TOOL_TYPE_UNKNOWN, buttonState=0, metaState=0, flags=0x0, edgeFlags=0x0, pointerCount=1, historySize=0, eventTime=664169340, downTime=664169340, deviceId=0, source=0x1002 }
08-04 00:29:12.934 18962 18962 D AndroidRuntime: Shutting down VM
08-04 00:29:12.953   918  4413 I ActivityManager: START u0 {cmp=baseline.appteam.nith.hillffair/.activities.LeaderBoardActivity} from uid 10651 on display 0
08-04 00:29:12.956   512  2967 D audio_hw_primary: out_set_parameters: enter: usecase(1: low-latency-playback) kvpairs: routing=2
08-04 00:29:12.969   512  2967 D audio_hw_primary: select_devices: out_snd_device(2: speaker) in_snd_device(0: none)
08-04 00:29:12.969   512  2967 D msm8974_platform: platform_send_audio_calibration: sending audio calibration for snd_device(2) acdb_id(15)
08-04 00:29:12.970   512  2967 I soundtrigger: audio_extn_sound_trigger_update_device_status: device 0x2 of type 0 for Event 1
08-04 00:29:12.981   512  2967 D audio_hw_primary: enable_snd_device: snd_device(2: speaker)
08-04 00:29:12.984   512  2967 D audio_hw_primary: enable_audio_route: apply and update mixer path: low-latency-playback speaker
08-04 00:29:13.029 16160 18029 I art     : Starting a blocking GC Explicit
08-04 00:29:13.042 16160 16160 E RecyclerView: No adapter attached; skipping layout
08-04 00:29:13.045 16160 16160 E RecyclerView: No adapter attached; skipping layout
08-04 00:29:13.052 16160 18029 I art     : Explicit concurrent mark sweep GC freed 6507(394KB) AllocSpace objects, 1(20KB) LOS objects, 23% free, 52MB/68MB, paused 505us total 22.434ms
08-04 00:29:13.062   918   936 I ActivityManager: Displayed baseline.appteam.nith.hillffair/.activities.LeaderBoardActivity: +96ms
08-04 00:29:13.063 13866 13866 I GoogleInputMethodServic: GoogleInputMethodService.onFinishInput():3138 
08-04 00:29:13.063 16160 18029 I art     : Starting a blocking GC Explicit
08-04 00:29:13.063 16160 16160 E RecyclerView: No adapter attached; skipping layout
08-04 00:29:13.063 13866 13866 I GoogleInputMethodServic: GoogleInputMethodService.onStartInput():1808 
08-04 00:29:13.087 16160 18029 I art     : Explicit concurrent mark sweep GC freed 380(17KB) AllocSpace objects, 0(0B) LOS objects, 23% free, 52MB/68MB, paused 575us total 23.389ms
08-04 00:29:13.089 16160 16183 D OpenGLRenderer: endAllStagingAnimators on 0x7f80f1e800 (RippleDrawable) with handle 0x7f7ed125c0
08-04 00:29:13.095 16160 18029 I art     : Starting a blocking GC Explicit
08-04 00:29:13.116 16160 18029 I art     : Explicit concurrent mark sweep GC freed 29(2112B) AllocSpace objects, 0(0B) LOS objects, 23% free, 52MB/68MB, paused 462us total 20.525ms
08-04 00:29:13.124 16160 18029 I art     : Starting a blocking GC Explicit
08-04 00:29:13.144 16160 18029 I art     : Explicit concurrent mark sweep GC freed 21(768B) AllocSpace objects, 0(0B) LOS objects, 23% free, 52MB/68MB, paused 505us total 19.400ms
08-04 00:29:13.152 16160 18029 I art     : Starting a blocking GC Explicit
08-04 00:29:13.173 16160 18029 I art     : Explicit concurrent mark sweep GC freed 16(624B) AllocSpace objects, 0(0B) LOS objects, 23% free, 52MB/68MB, paused 469us total 20.424ms
08-04 00:29:13.319   380   380 W SurfaceFlinger: couldn't log to binary event log: overflow.
08-04 00:29:13.431 16160 16172 I art     : Starting a blocking GC Explicit
08-04 00:29:13.453 16160 16172 I art     : Explicit concurrent mark sweep GC freed 1436(83KB) AllocSpace objects, 1(20KB) LOS objects, 23% free, 52MB/68MB, paused 588us total 22.149ms
08-04 00:29:13.463 16160 16172 I art     : Starting a blocking GC Explicit
08-04 00:29:13.483 16160 16172 I art     : Explicit concurrent mark sweep GC freed 97(4KB) AllocSpace objects, 0(0B) LOS objects, 23% free, 52MB/68MB, paused 477us total 19.620ms
08-04 00:29:13.492 16160 16172 I art     : Starting a blocking GC Explicit
08-04 00:29:13.513 16160 16172 I art     : Explicit concurrent mark sweep GC freed 21(736B) AllocSpace objects, 0(0B) LOS objects, 23% free, 52MB/68MB, paused 493us total 20.761ms
08-04 00:29:13.520   512  2967 D audio_hw_primary: disable_audio_route: reset and update mixer path: low-latency-playback speaker
08-04 00:29:13.521   512  2967 D audio_hw_primary: disable_snd_device: snd_device(2: speaker)
08-04 00:29:13.521 16160 16172 I art     : Starting a blocking GC Explicit
08-04 00:29:13.528   512  2967 I soundtrigger: audio_extn_sound_trigger_update_device_status: device 0x2 of type 0 for Event 0
08-04 00:29:13.540 16160 16172 I art     : Explicit concurrent mark sweep GC freed 13(480B) AllocSpace objects, 0(0B) LOS objects, 23% free, 52MB/68MB, paused 492us total 19.497ms
08-04 00:29:13.549 16160 16172 I art     : Starting a blocking GC Explicit
08-04 00:29:13.569 16160 16172 I art     : Explicit concurrent mark sweep GC freed 10(352B) AllocSpace objects, 0(0B) LOS objects, 23% free, 52MB/68MB, paused 561us total 20.161ms
08-04 00:29:13.723 16160 18999 D OkHttp  : --> GET https://api-hillfair-2k16.herokuapp.com/api/app/quiz/leaderboard?from=1 http/1.1
08-04 00:29:13.842 16160 16172 I art     : Starting a blocking GC Explicit
08-04 00:29:13.867 16160 16172 I art     : Explicit concurrent mark sweep GC freed 4007(214KB) AllocSpace objects, 4(220KB) LOS objects, 23% free, 53MB/69MB, paused 671us total 24.460ms
08-04 00:29:13.876 16160 16172 I art     : Starting a blocking GC Explicit
08-04 00:29:13.898 16160 16172 I art     : Explicit concurrent mark sweep GC freed 989(117KB) AllocSpace objects, 0(0B) LOS objects, 23% free, 52MB/68MB, paused 540us total 22.304ms
08-04 00:29:13.907 16160 16172 I art     : Starting a blocking GC Explicit
08-04 00:29:13.927 16160 16172 I art     : Explicit concurrent mark sweep GC freed 13(480B) AllocSpace objects, 0(0B) LOS objects, 23% free, 52MB/68MB, paused 513us total 20.058ms
08-04 00:29:13.928 16160 18999 D OkHttp  : <-- 200 OK https://api-hillfair-2k16.herokuapp.com/api/app/quiz/leaderboard?from=1 (204ms, 56744-byte body)
08-04 00:29:13.935 16160 16172 I art     : Starting a blocking GC Explicit
08-04 00:29:13.957 16160 16172 I art     : Explicit concurrent mark sweep GC freed 6632(324KB) AllocSpace objects, 0(0B) LOS objects, 23% free, 52MB/68MB, paused 592us total 22.065ms
08-04 00:29:13.966 16160 16172 I art     : Starting a blocking GC Explicit
08-04 00:29:13.989 16160 16172 I art     : Explicit concurrent mark sweep GC freed 12572(576KB) AllocSpace objects, 0(0B) LOS objects, 23% free, 53MB/69MB, paused 646us total 22.918ms
08-04 00:29:14.005 16160 16160 I NAPPA_EXPERIMENTATION: MetricNetworkRequestExecutionTime: REQUEST_DURATION_SYSTEM='1010',REQUEST_DURATION_OKHTTP='205',REQUEST_SYNCHRONOUS='FALSE',RESPONSE_CODE='200',RESPONSE_METHOD='GET',RESPONSE_LENGTH_OKHTTP='56744',RESPONSE_LENGTH_HEADER='56744',REQUEST_PROTOCOL='http/1.1',REQUEST_URL='https://api-hillfair-2k16.herokuapp.com/api/app/quiz/leaderboard?from=1',
08-04 00:29:14.262 16160 16172 I art     : Starting a blocking GC Explicit
08-04 00:29:14.290 16160 16172 I art     : Explicit concurrent mark sweep GC freed 8522(411KB) AllocSpace objects, 1(20KB) LOS objects, 23% free, 53MB/69MB, paused 522us total 28.363ms
08-04 00:29:14.303 16160 16172 I art     : Starting a blocking GC Explicit
08-04 00:29:14.328 16160 16172 I art     : Explicit concurrent mark sweep GC freed 87(3KB) AllocSpace objects, 0(0B) LOS objects, 23% free, 53MB/69MB, paused 534us total 24.530ms
08-04 00:29:14.337 16160 16172 I art     : Starting a blocking GC Explicit
08-04 00:29:14.360 16160 16172 I art     : Explicit concurrent mark sweep GC freed 3(96B) AllocSpace objects, 0(0B) LOS objects, 23% free, 53MB/69MB, paused 440us total 22.824ms
08-04 00:29:14.369 16160 16172 I art     : Starting a blocking GC Explicit
08-04 00:29:14.393 16160 16172 I art     : Explicit concurrent mark sweep GC freed 3(96B) AllocSpace objects, 0(0B) LOS objects, 23% free, 53MB/69MB, paused 469us total 23.325ms
08-04 00:29:14.402 16160 16172 I art     : Starting a blocking GC Explicit
08-04 00:29:14.427 16160 16172 I art     : Explicit concurrent mark sweep GC freed 3(96B) AllocSpace objects, 0(0B) LOS objects, 23% free, 53MB/69MB, paused 542us total 24.456ms
08-04 00:29:14.707 16160 16173 I art     : Starting a blocking GC Explicit
08-04 00:29:14.735 16160 16173 I art     : Explicit concurrent mark sweep GC freed 1344(78KB) AllocSpace objects, 1(20KB) LOS objects, 23% free, 53MB/69MB, paused 514us total 27.818ms
08-04 00:29:14.748 16160 16173 I art     : Starting a blocking GC Explicit
08-04 00:29:14.773 16160 16173 I art     : Explicit concurrent mark sweep GC freed 20(704B) AllocSpace objects, 0(0B) LOS objects, 23% free, 53MB/69MB, paused 494us total 24.671ms
08-04 00:29:14.782 16160 16173 I art     : Starting a blocking GC Explicit
08-04 00:29:14.806 16160 16173 I art     : Explicit concurrent mark sweep GC freed 3(96B) AllocSpace objects, 0(0B) LOS objects, 23% free, 53MB/69MB, paused 490us total 23.145ms
08-04 00:29:14.815 16160 16173 I art     : Starting a blocking GC Explicit
08-04 00:29:14.839 16160 16173 I art     : Explicit concurrent mark sweep GC freed 3(96B) AllocSpace objects, 0(0B) LOS objects, 23% free, 53MB/69MB, paused 484us total 23.703ms
08-04 00:29:14.848 16160 16173 I art     : Starting a blocking GC Explicit
08-04 00:29:14.873 16160 16173 I art     : Explicit concurrent mark sweep GC freed 3(96B) AllocSpace objects, 0(0B) LOS objects, 23% free, 53MB/69MB, paused 490us total 24.507ms
08-04 00:29:15.173 16160 16250 I art     : Starting a blocking GC Explicit
08-04 00:29:15.204 16160 16250 I art     : Explicit concurrent mark sweep GC freed 1344(78KB) AllocSpace objects, 1(20KB) LOS objects, 23% free, 53MB/69MB, paused 494us total 30.596ms
08-04 00:29:15.218 16160 16250 I art     : Starting a blocking GC Explicit
08-04 00:29:15.242 16160 16250 I art     : Explicit concurrent mark sweep GC freed 20(704B) AllocSpace objects, 0(0B) LOS objects, 23% free, 53MB/69MB, paused 482us total 23.692ms
08-04 00:29:15.252 16160 16250 I art     : Starting a blocking GC Explicit
08-04 00:29:15.275 16160 16250 I art     : Explicit concurrent mark sweep GC freed 3(96B) AllocSpace objects, 0(0B) LOS objects, 23% free, 53MB/69MB, paused 482us total 23.708ms
08-04 00:29:15.285 16160 16250 I art     : Starting a blocking GC Explicit
08-04 00:29:15.309 16160 16250 I art     : Explicit concurrent mark sweep GC freed 3(96B) AllocSpace objects, 0(0B) LOS objects, 23% free, 53MB/69MB, paused 480us total 24.075ms
08-04 00:29:15.318 16160 16250 I art     : Starting a blocking GC Explicit
08-04 00:29:15.342 16160 16250 I art     : Explicit concurrent mark sweep GC freed 3(96B) AllocSpace objects, 0(0B) LOS objects, 23% free, 53MB/69MB, paused 478us total 23.490ms
08-04 00:29:15.685 16160 16648 I art     : Starting a blocking GC Explicit
08-04 00:29:15.719 16160 16648 I art     : Explicit concurrent mark sweep GC freed 1344(78KB) AllocSpace objects, 1(20KB) LOS objects, 23% free, 53MB/69MB, paused 540us total 32.977ms
08-04 00:29:15.730 16160 16648 I art     : Starting a blocking GC Explicit
08-04 00:29:15.754 16160 16648 I art     : Explicit concurrent mark sweep GC freed 20(704B) AllocSpace objects, 0(0B) LOS objects, 23% free, 53MB/69MB, paused 470us total 23.439ms
08-04 00:29:15.764 16160 16648 I art     : Starting a blocking GC Explicit
08-04 00:29:15.788 16160 16648 I art     : Explicit concurrent mark sweep GC freed 3(96B) AllocSpace objects, 0(0B) LOS objects, 23% free, 53MB/69MB, paused 490us total 23.903ms
08-04 00:29:15.797 16160 16648 I art     : Starting a blocking GC Explicit
08-04 00:29:15.821 16160 16648 I art     : Explicit concurrent mark sweep GC freed 3(96B) AllocSpace objects, 0(0B) LOS objects, 23% free, 53MB/69MB, paused 492us total 24.097ms
08-04 00:29:15.831 16160 16648 I art     : Starting a blocking GC Explicit
08-04 00:29:15.854 16160 16648 I art     : Explicit concurrent mark sweep GC freed 3(96B) AllocSpace objects, 0(0B) LOS objects, 23% free, 53MB/69MB, paused 475us total 23.469ms
08-04 00:29:16.213 16160 18029 I art     : Starting a blocking GC Explicit
08-04 00:29:16.245 16160 18029 I art     : Explicit concurrent mark sweep GC freed 1613(93KB) AllocSpace objects, 1(20KB) LOS objects, 23% free, 53MB/69MB, paused 523us total 31.442ms
08-04 00:29:16.253 16160 18029 I art     : Starting a blocking GC Explicit
08-04 00:29:16.276 16160 18029 I art     : Explicit concurrent mark sweep GC freed 25(912B) AllocSpace objects, 0(0B) LOS objects, 23% free, 53MB/69MB, paused 526us total 22.662ms
08-04 00:29:16.285 16160 18029 I art     : Starting a blocking GC Explicit
08-04 00:29:16.308 16160 18029 I art     : Explicit concurrent mark sweep GC freed 3(96B) AllocSpace objects, 0(0B) LOS objects, 23% free, 53MB/69MB, paused 560us total 22.800ms
08-04 00:29:16.317 16160 18029 I art     : Starting a blocking GC Explicit
08-04 00:29:16.340 16160 18029 I art     : Explicit concurrent mark sweep GC freed 20(976B) AllocSpace objects, 0(0B) LOS objects, 23% free, 53MB/69MB, paused 569us total 23.504ms
08-04 00:29:16.349 16160 18029 I art     : Starting a blocking GC Explicit
08-04 00:29:16.373 16160 18029 I art     : Explicit concurrent mark sweep GC freed 81(3KB) AllocSpace objects, 0(0B) LOS objects, 23% free, 53MB/69MB, paused 526us total 23.705ms
08-04 00:29:16.552 16160 19071 W OneSignal: OneSignalRestClient: POST Error thrown from network stack. 
08-04 00:29:16.552 16160 19071 W OneSignal: java.io.IOException: unexpected end of stream on Connection{api.onesignal.com:443, proxy=HTTP@192.168.2.12:8080 hostAddress=192.168.2.12 cipherSuite=TLS_ECDHE_RSA_WITH_AES_128_GCM_SHA256 protocol=http/1.1} (recycle count=0)
08-04 00:29:16.552 16160 19071 W OneSignal: 	at com.android.okhttp.internal.http.HttpConnection.readResponse(HttpConnection.java:210)
08-04 00:29:16.552 16160 19071 W OneSignal: 	at com.android.okhttp.internal.http.HttpTransport.readResponseHeaders(HttpTransport.java:80)
08-04 00:29:16.552 16160 19071 W OneSignal: 	at com.android.okhttp.internal.http.HttpEngine.readNetworkResponse(HttpEngine.java:904)
08-04 00:29:16.552 16160 19071 W OneSignal: 	at com.android.okhttp.internal.http.HttpEngine.readResponse(HttpEngine.java:788)
08-04 00:29:16.552 16160 19071 W OneSignal: 	at com.android.okhttp.internal.huc.HttpURLConnectionImpl.execute(HttpURLConnectionImpl.java:439)
08-04 00:29:16.552 16160 19071 W OneSignal: 	at com.android.okhttp.internal.huc.HttpURLConnectionImpl.getResponse(HttpURLConnectionImpl.java:384)
08-04 00:29:16.552 16160 19071 W OneSignal: 	at com.android.okhttp.internal.huc.HttpURLConnectionImpl.getResponseCode(HttpURLConnectionImpl.java:497)
08-04 00:29:16.552 16160 19071 W OneSignal: 	at com.android.okhttp.internal.huc.DelegatingHttpsURLConnection.getResponseCode(DelegatingHttpsURLConnection.java:105)
08-04 00:29:16.552 16160 19071 W OneSignal: 	at com.android.okhttp.internal.huc.HttpsURLConnectionImpl.getResponseCode(HttpsURLConnectionImpl.java)
08-04 00:29:16.552 16160 19071 W OneSignal: 	at com.onesignal.OneSignalRestClient.startHTTPConnection(OneSignalRestClient.java:180)
08-04 00:29:16.552 16160 19071 W OneSignal: 	at com.onesignal.OneSignalRestClient.access$100(OneSignalRestClient.java:44)
08-04 00:29:16.552 16160 19071 W OneSignal: 	at com.onesignal.OneSignalRestClient$4.run(OneSignalRestClient.java:110)
08-04 00:29:16.552 16160 19071 W OneSignal: 	at java.lang.Thread.run(Thread.java:818)
08-04 00:29:16.552 16160 19071 W OneSignal: Caused by: java.io.EOFException: \n not found: size=0 content=...
08-04 00:29:16.552 16160 19071 W OneSignal: 	at com.android.okhttp.okio.RealBufferedSource.readUtf8LineStrict(RealBufferedSource.java:200)
08-04 00:29:16.552 16160 19071 W OneSignal: 	at com.android.okhttp.internal.http.HttpConnection.readResponse(HttpConnection.java:191)
08-04 00:29:16.552 16160 19071 W OneSignal: 	... 12 more
08-04 00:29:16.553 16160 19078 W OneSignal: Failed last request. statusCode: -1
08-04 00:29:16.553 16160 19078 W OneSignal: response: null
08-04 00:29:16.661 16160 16172 I art     : Starting a blocking GC Explicit
08-04 00:29:16.692 16160 16172 I art     : Explicit concurrent mark sweep GC freed 3642(226KB) AllocSpace objects, 1(20KB) LOS objects, 23% free, 53MB/69MB, paused 595us total 30.888ms
08-04 00:29:16.705 16160 16172 I art     : Starting a blocking GC Explicit
08-04 00:29:16.728 16160 16172 I art     : Explicit concurrent mark sweep GC freed 67(2432B) AllocSpace objects, 0(0B) LOS objects, 23% free, 53MB/69MB, paused 478us total 23.281ms
08-04 00:29:16.737 16160 16172 I art     : Starting a blocking GC Explicit
08-04 00:29:16.761 16160 16172 I art     : Explicit concurrent mark sweep GC freed 3(96B) AllocSpace objects, 0(0B) LOS objects, 23% free, 53MB/69MB, paused 472us total 22.901ms
08-04 00:29:16.770 16160 16172 I art     : Starting a blocking GC Explicit
08-04 00:29:16.794 16160 16172 I art     : Explicit concurrent mark sweep GC freed 3(96B) AllocSpace objects, 0(0B) LOS objects, 23% free, 53MB/69MB, paused 506us total 24.062ms
08-04 00:29:16.804 16160 16172 I art     : Starting a blocking GC Explicit
08-04 00:29:16.827 16160 16172 I art     : Explicit concurrent mark sweep GC freed 3(96B) AllocSpace objects, 0(0B) LOS objects, 23% free, 53MB/69MB, paused 486us total 23.505ms
08-04 00:29:17.147 16160 16173 I art     : Starting a blocking GC Explicit
08-04 00:29:17.179 16160 16173 I art     : Explicit concurrent mark sweep GC freed 1357(78KB) AllocSpace objects, 1(20KB) LOS objects, 23% free, 53MB/69MB, paused 668us total 31.273ms
08-04 00:29:17.190 16160 16173 I art     : Starting a blocking GC Explicit
08-04 00:29:17.213 16160 16173 I art     : Explicit concurrent mark sweep GC freed 34(1136B) AllocSpace objects, 0(0B) LOS objects, 23% free, 53MB/69MB, paused 472us total 22.671ms
08-04 00:29:17.222 16160 16173 I art     : Starting a blocking GC Explicit
08-04 00:29:17.244 16160 16173 I art     : Explicit concurrent mark sweep GC freed 3(96B) AllocSpace objects, 0(0B) LOS objects, 23% free, 53MB/69MB, paused 454us total 21.926ms
08-04 00:29:17.253 16160 16173 I art     : Starting a blocking GC Explicit
08-04 00:29:17.277 16160 16173 I art     : Explicit concurrent mark sweep GC freed 3(96B) AllocSpace objects, 0(0B) LOS objects, 23% free, 53MB/69MB, paused 484us total 23.240ms
08-04 00:29:17.285 16160 16173 I art     : Starting a blocking GC Explicit
08-04 00:29:17.308 16160 16173 I art     : Explicit concurrent mark sweep GC freed 3(96B) AllocSpace objects, 0(0B) LOS objects, 23% free, 53MB/69MB, paused 459us total 22.570ms
08-04 00:29:17.588 19093 19093 D AndroidRuntime: >>>>>> START com.android.internal.os.RuntimeInit uid 2000 <<<<<<
08-04 00:29:17.593 19093 19093 D AndroidRuntime: CheckJNI is OFF
08-04 00:29:17.608 16160 16250 I art     : Starting a blocking GC Explicit
08-04 00:29:17.629 19093 19093 D ICU     : No timezone override file found: /data/misc/zoneinfo/current/icu/icu_tzdata.dat
08-04 00:29:17.631 16160 16250 I art     : Explicit concurrent mark sweep GC freed 1344(78KB) AllocSpace objects, 1(20KB) LOS objects, 23% free, 53MB/69MB, paused 531us total 22.997ms
08-04 00:29:17.640 16160 16250 I art     : Starting a blocking GC Explicit
08-04 00:29:17.663 19093 19093 I Radio-JNI: register_android_hardware_Radio DONE
08-04 00:29:17.663 16160 16250 I art     : Explicit concurrent mark sweep GC freed 20(704B) AllocSpace objects, 0(0B) LOS objects, 23% free, 53MB/69MB, paused 500us total 23.353ms
08-04 00:29:17.672 16160 16250 I art     : Starting a blocking GC Explicit
08-04 00:29:17.686 19093 19093 D AndroidRuntime: Calling main entry com.android.commands.input.Input
08-04 00:29:17.687 19093 19093 I Input   : injectKeyEvent: KeyEvent { action=ACTION_DOWN, keyCode=KEYCODE_BACK, scanCode=0, metaState=0, flags=0x0, repeatCount=0, eventTime=664174100, downTime=664174100, deviceId=-1, source=0x101 }
08-04 00:29:17.693 19093 19093 I Input   : injectKeyEvent: KeyEvent { action=ACTION_UP, keyCode=KEYCODE_BACK, scanCode=0, metaState=0, flags=0x0, repeatCount=0, eventTime=664174100, downTime=664174100, deviceId=-1, source=0x101 }
08-04 00:29:17.694 16160 16250 I art     : Explicit concurrent mark sweep GC freed 4(176B) AllocSpace objects, 0(0B) LOS objects, 23% free, 53MB/69MB, paused 555us total 21.982ms
08-04 00:29:17.698 19093 19093 D AndroidRuntime: Shutting down VM
08-04 00:29:17.703 16160 16250 I art     : Starting a blocking GC Explicit
08-04 00:29:17.725 16160 16250 I art     : Explicit concurrent mark sweep GC freed 104(5KB) AllocSpace objects, 0(0B) LOS objects, 23% free, 53MB/69MB, paused 508us total 21.005ms
08-04 00:29:17.733 16160 16250 I art     : Starting a blocking GC Explicit
08-04 00:29:17.736 13866 13866 I GoogleInputMethodServic: GoogleInputMethodService.onFinishInput():3138 
08-04 00:29:17.736 13866 13866 I GoogleInputMethodServic: GoogleInputMethodService.onStartInput():1808 
08-04 00:29:17.756 16160 16250 I art     : Explicit concurrent mark sweep GC freed 38(1376B) AllocSpace objects, 0(0B) LOS objects, 23% free, 53MB/69MB, paused 467us total 22.647ms
08-04 00:29:18.021 16160 16648 I art     : Starting a blocking GC Explicit
08-04 00:29:18.023   380   380 W SurfaceFlinger: couldn't log to binary event log: overflow.
08-04 00:29:18.046 16160 16648 I art     : Explicit concurrent mark sweep GC freed 1469(87KB) AllocSpace objects, 1(20KB) LOS objects, 23% free, 53MB/69MB, paused 421us total 24.916ms
08-04 00:29:18.055 16160 16648 I art     : Starting a blocking GC Explicit
08-04 00:29:18.075 16160 16648 I art     : Explicit concurrent mark sweep GC freed 4699(269KB) AllocSpace objects, 2(140KB) LOS objects, 23% free, 52MB/68MB, paused 440us total 19.928ms
08-04 00:29:18.084 16160 16648 I art     : Starting a blocking GC Explicit
08-04 00:29:18.103 16160 16648 I art     : Explicit concurrent mark sweep GC freed 3(96B) AllocSpace objects, 0(0B) LOS objects, 23% free, 52MB/68MB, paused 444us total 19.660ms
08-04 00:29:18.111 16160 16648 I art     : Starting a blocking GC Explicit
08-04 00:29:18.132 16160 16648 I art     : Explicit concurrent mark sweep GC freed 3(96B) AllocSpace objects, 0(0B) LOS objects, 23% free, 52MB/68MB, paused 455us total 20.131ms
08-04 00:29:18.140 16160 16648 I art     : Starting a blocking GC Explicit
08-04 00:29:18.161 16160 16648 I art     : Explicit concurrent mark sweep GC freed 3(96B) AllocSpace objects, 0(0B) LOS objects, 23% free, 52MB/68MB, paused 499us total 20.609ms
08-04 00:29:18.443 16160 18029 I art     : Starting a blocking GC Explicit
08-04 00:29:18.471 16160 18029 I art     : Explicit concurrent mark sweep GC freed 1344(78KB) AllocSpace objects, 1(20KB) LOS objects, 23% free, 52MB/68MB, paused 499us total 27.796ms
08-04 00:29:18.483 16160 18029 I art     : Starting a blocking GC Explicit
08-04 00:29:18.506 16160 18029 I art     : Explicit concurrent mark sweep GC freed 20(704B) AllocSpace objects, 0(0B) LOS objects, 23% free, 52MB/68MB, paused 501us total 22.338ms
08-04 00:29:18.515 16160 18029 I art     : Starting a blocking GC Explicit
08-04 00:29:18.537 16160 18029 I art     : Explicit concurrent mark sweep GC freed 3(96B) AllocSpace objects, 0(0B) LOS objects, 23% free, 52MB/68MB, paused 455us total 21.841ms
08-04 00:29:18.545 16160 18029 I art     : Starting a blocking GC Explicit
08-04 00:29:18.568 16160 18029 I art     : Explicit concurrent mark sweep GC freed 3(96B) AllocSpace objects, 0(0B) LOS objects, 23% free, 52MB/68MB, paused 491us total 22.249ms
08-04 00:29:18.577 16160 18029 I art     : Starting a blocking GC Explicit
08-04 00:29:18.599 16160 18029 I art     : Explicit concurrent mark sweep GC freed 3(96B) AllocSpace objects, 0(0B) LOS objects, 23% free, 52MB/68MB, paused 492us total 21.603ms
08-04 00:29:18.889 16160 16173 I art     : Starting a blocking GC Explicit
08-04 00:29:18.891 17791 17791 I ServiceManager: Waiting for service AtCmdFwd...
08-04 00:29:18.911 16160 16173 I art     : Explicit concurrent mark sweep GC freed 1343(78KB) AllocSpace objects, 1(20KB) LOS objects, 23% free, 52MB/68MB, paused 459us total 21.719ms
08-04 00:29:18.919 16160 16173 I art     : Starting a blocking GC Explicit
08-04 00:29:18.940 16160 16173 I art     : Explicit concurrent mark sweep GC freed 23(816B) AllocSpace objects, 0(0B) LOS objects, 23% free, 52MB/68MB, paused 435us total 20.962ms
08-04 00:29:18.950 16160 16173 I art     : Starting a blocking GC Explicit
08-04 00:29:18.971 16160 16173 I art     : Explicit concurrent mark sweep GC freed 3(96B) AllocSpace objects, 0(0B) LOS objects, 23% free, 52MB/68MB, paused 476us total 20.723ms
08-04 00:29:18.979 16160 16173 I art     : Starting a blocking GC Explicit
08-04 00:29:19.000 16160 16173 I art     : Explicit concurrent mark sweep GC freed 3(96B) AllocSpace objects, 0(0B) LOS objects, 23% free, 52MB/68MB, paused 464us total 20.647ms
08-04 00:29:19.008 16160 16173 I art     : Starting a blocking GC Explicit
08-04 00:29:19.029 16160 16173 I art     : Explicit concurrent mark sweep GC freed 3(96B) AllocSpace objects, 0(0B) LOS objects, 23% free, 52MB/68MB, paused 453us total 20.104ms
08-04 00:29:19.308 16160 16250 I art     : Starting a blocking GC Explicit
08-04 00:29:19.330 16160 16250 I art     : Explicit concurrent mark sweep GC freed 1344(78KB) AllocSpace objects, 1(20KB) LOS objects, 23% free, 52MB/68MB, paused 473us total 22.078ms
08-04 00:29:19.339 16160 16250 I art     : Starting a blocking GC Explicit
08-04 00:29:19.356 19146 19146 D AndroidRuntime: >>>>>> START com.android.internal.os.RuntimeInit uid 2000 <<<<<<
08-04 00:29:19.361 19146 19146 D AndroidRuntime: CheckJNI is OFF
08-04 00:29:19.362 16160 16250 I art     : Explicit concurrent mark sweep GC freed 24(832B) AllocSpace objects, 0(0B) LOS objects, 23% free, 52MB/68MB, paused 532us total 22.291ms
08-04 00:29:19.370 16160 16250 I art     : Starting a blocking GC Explicit
08-04 00:29:19.390 16160 16250 I art     : Explicit concurrent mark sweep GC freed 6(192B) AllocSpace objects, 0(0B) LOS objects, 23% free, 52MB/68MB, paused 480us total 19.667ms
08-04 00:29:19.396 19146 19146 D ICU     : No timezone override file found: /data/misc/zoneinfo/current/icu/icu_tzdata.dat
08-04 00:29:19.399 16160 16250 I art     : Starting a blocking GC Explicit
08-04 00:29:19.419 16160 16250 I art     : Explicit concurrent mark sweep GC freed 6(192B) AllocSpace objects, 0(0B) LOS objects, 23% free, 52MB/68MB, paused 472us total 19.642ms
08-04 00:29:19.427 16160 16250 I art     : Starting a blocking GC Explicit
08-04 00:29:19.430 19146 19146 I Radio-JNI: register_android_hardware_Radio DONE
08-04 00:29:19.446 16160 16250 I art     : Explicit concurrent mark sweep GC freed 6(192B) AllocSpace objects, 0(0B) LOS objects, 23% free, 52MB/68MB, paused 525us total 19.560ms
08-04 00:29:19.452 19146 19146 D AndroidRuntime: Calling main entry com.android.commands.input.Input
08-04 00:29:19.454 19146 19146 I Input   : injectKeyEvent: KeyEvent { action=ACTION_DOWN, keyCode=KEYCODE_BACK, scanCode=0, metaState=0, flags=0x0, repeatCount=0, eventTime=664175867, downTime=664175867, deviceId=-1, source=0x101 }
08-04 00:29:19.461 19146 19146 I Input   : injectKeyEvent: KeyEvent { action=ACTION_UP, keyCode=KEYCODE_BACK, scanCode=0, metaState=0, flags=0x0, repeatCount=0, eventTime=664175867, downTime=664175867, deviceId=-1, source=0x101 }
08-04 00:29:19.467 19146 19146 D AndroidRuntime: Shutting down VM
08-04 00:29:19.554 13866 13866 I GoogleInputMethodServic: GoogleInputMethodService.onFinishInput():3138 
08-04 00:29:19.554 13866 13866 I GoogleInputMethodServic: GoogleInputMethodService.onStartInput():1808 
08-04 00:29:19.692 16160 18029 I art     : Starting a blocking GC Explicit
08-04 00:29:19.713 16160 18029 I art     : Explicit concurrent mark sweep GC freed 1548(87KB) AllocSpace objects, 1(20KB) LOS objects, 23% free, 52MB/68MB, paused 537us total 21.030ms
08-04 00:29:19.722 16160 18029 I art     : Starting a blocking GC Explicit
08-04 00:29:19.742 16160 18029 I art     : Explicit concurrent mark sweep GC freed 24(864B) AllocSpace objects, 0(0B) LOS objects, 23% free, 52MB/68MB, paused 408us total 20.038ms
08-04 00:29:19.743 16160 16171 I art     : WaitForGcToComplete blocked for 7.418ms for cause HeapTrim
08-04 00:29:19.752 16160 18029 I art     : Starting a blocking GC Explicit
08-04 00:29:19.772 16160 18029 I art     : Explicit concurrent mark sweep GC freed 3(96B) AllocSpace objects, 0(0B) LOS objects, 23% free, 52MB/68MB, paused 435us total 19.778ms
08-04 00:29:19.781 16160 18029 I art     : Starting a blocking GC Explicit
08-04 00:29:19.801 16160 18029 I art     : Explicit concurrent mark sweep GC freed 3(96B) AllocSpace objects, 0(0B) LOS objects, 23% free, 52MB/68MB, paused 408us total 20.149ms
08-04 00:29:19.810 16160 18029 I art     : Starting a blocking GC Explicit
08-04 00:29:19.825   380   380 W SurfaceFlinger: couldn't log to binary event log: overflow.
08-04 00:29:19.831 16160 18029 I art     : Explicit concurrent mark sweep GC freed 94(7KB) AllocSpace objects, 0(0B) LOS objects, 23% free, 52MB/68MB, paused 448us total 20.672ms
08-04 00:29:19.891 17791 17791 I ServiceManager: Waiting for service AtCmdFwd...
08-04 00:29:20.112 16160 16648 I art     : Starting a blocking GC Explicit
08-04 00:29:20.144 16160 16648 I art     : Explicit concurrent mark sweep GC freed 1367(79KB) AllocSpace objects, 1(20KB) LOS objects, 23% free, 52MB/68MB, paused 524us total 31.230ms
08-04 00:29:20.157 16160 16648 I art     : Starting a blocking GC Explicit
08-04 00:29:20.180 16160 16648 I art     : Explicit concurrent mark sweep GC freed 2078(121KB) AllocSpace objects, 2(180KB) LOS objects, 23% free, 52MB/68MB, paused 511us total 22.585ms
08-04 00:29:20.189 16160 16648 I art     : Starting a blocking GC Explicit
08-04 00:29:20.210 16160 16648 I art     : Explicit concurrent mark sweep GC freed 3(96B) AllocSpace objects, 0(0B) LOS objects, 23% free, 52MB/68MB, paused 461us total 21.248ms
08-04 00:29:20.219 16160 16648 I art     : Starting a blocking GC Explicit
08-04 00:29:20.241 16160 16648 I art     : Explicit concurrent mark sweep GC freed 3(96B) AllocSpace objects, 0(0B) LOS objects, 23% free, 52MB/68MB, paused 465us total 21.348ms
08-04 00:29:20.250 16160 16648 I art     : Starting a blocking GC Explicit
08-04 00:29:20.271 16160 16648 I art     : Explicit concurrent mark sweep GC freed 3(96B) AllocSpace objects, 0(0B) LOS objects, 23% free, 52MB/68MB, paused 461us total 20.908ms
08-04 00:29:20.559 16160 16250 I art     : Starting a blocking GC Explicit
08-04 00:29:20.582 16160 16250 I art     : Explicit concurrent mark sweep GC freed 1343(78KB) AllocSpace objects, 1(20KB) LOS objects, 23% free, 52MB/68MB, paused 510us total 23.042ms
08-04 00:29:20.594 16160 16250 I art     : Starting a blocking GC Explicit
08-04 00:29:20.616 16160 16250 I art     : Explicit concurrent mark sweep GC freed 20(704B) AllocSpace objects, 0(0B) LOS objects, 23% free, 52MB/68MB, paused 490us total 21.021ms
08-04 00:29:20.624 16160 16250 I art     : Starting a blocking GC Explicit
08-04 00:29:20.646 16160 16250 I art     : Explicit concurrent mark sweep GC freed 3(96B) AllocSpace objects, 0(0B) LOS objects, 23% free, 52MB/68MB, paused 462us total 21.241ms
08-04 00:29:20.654 16160 16250 I art     : Starting a blocking GC Explicit
08-04 00:29:20.676 16160 16250 I art     : Explicit concurrent mark sweep GC freed 3(96B) AllocSpace objects, 0(0B) LOS objects, 23% free, 52MB/68MB, paused 473us total 20.818ms
08-04 00:29:20.684 16160 16250 I art     : Starting a blocking GC Explicit
08-04 00:29:20.704 16160 16250 I art     : Explicit concurrent mark sweep GC freed 3(96B) AllocSpace objects, 0(0B) LOS objects, 23% free, 52MB/68MB, paused 430us total 19.809ms
08-04 00:29:20.892 17791 17791 I ServiceManager: Waiting for service AtCmdFwd...
08-04 00:29:20.973 16160 16172 I art     : Starting a blocking GC Explicit
08-04 00:29:20.995 16160 16172 I art     : Explicit concurrent mark sweep GC freed 1341(78KB) AllocSpace objects, 1(20KB) LOS objects, 23% free, 52MB/68MB, paused 473us total 21.816ms
08-04 00:29:21.004 16160 16172 I art     : Starting a blocking GC Explicit
08-04 00:29:21.025 16160 16172 I art     : Explicit concurrent mark sweep GC freed 20(704B) AllocSpace objects, 0(0B) LOS objects, 23% free, 52MB/68MB, paused 481us total 20.852ms
08-04 00:29:21.034 16160 16172 I art     : Starting a blocking GC Explicit
08-04 00:29:21.055 16160 16172 I art     : Explicit concurrent mark sweep GC freed 3(96B) AllocSpace objects, 0(0B) LOS objects, 23% free, 52MB/68MB, paused 473us total 20.602ms
08-04 00:29:21.063 16160 16172 I art     : Starting a blocking GC Explicit
08-04 00:29:21.083 16160 16172 I art     : Explicit concurrent mark sweep GC freed 3(96B) AllocSpace objects, 0(0B) LOS objects, 23% free, 52MB/68MB, paused 499us total 19.781ms
08-04 00:29:21.092 16160 16172 I art     : Starting a blocking GC Explicit
08-04 00:29:21.112 16160 16172 I art     : Explicit concurrent mark sweep GC freed 3(96B) AllocSpace objects, 0(0B) LOS objects, 23% free, 52MB/68MB, paused 488us total 20.006ms
08-04 00:29:21.117 19201 19201 D AndroidRuntime: >>>>>> START com.android.internal.os.RuntimeInit uid 2000 <<<<<<
08-04 00:29:21.122 19201 19201 D AndroidRuntime: CheckJNI is OFF
08-04 00:29:21.155 19201 19201 D ICU     : No timezone override file found: /data/misc/zoneinfo/current/icu/icu_tzdata.dat
08-04 00:29:21.187 19201 19201 I Radio-JNI: register_android_hardware_Radio DONE
08-04 00:29:21.209 19201 19201 D AndroidRuntime: Calling main entry com.android.commands.input.Input
08-04 00:29:21.211 19201 19201 I Input   : injectMotionEvent: MotionEvent { action=ACTION_DOWN, actionButton=0, id[0]=0, x[0]=1084.0, y[0]=2213.0, toolType[0]=TOOL_TYPE_UNKNOWN, buttonState=0, metaState=0, flags=0x0, edgeFlags=0x0, pointerCount=1, historySize=0, eventTime=664177624, downTime=664177624, deviceId=0, source=0x1002 }
08-04 00:29:21.217 19201 19201 I Input   : injectMotionEvent: MotionEvent { action=ACTION_UP, actionButton=0, id[0]=0, x[0]=1084.0, y[0]=2213.0, toolType[0]=TOOL_TYPE_UNKNOWN, buttonState=0, metaState=0, flags=0x0, edgeFlags=0x0, pointerCount=1, historySize=0, eventTime=664177624, downTime=664177624, deviceId=0, source=0x1002 }
08-04 00:29:21.218   918  4413 I ActivityManager: START u0 {cmp=baseline.appteam.nith.hillffair/.activities.EventActivity} from uid 10651 on display 0
08-04 00:29:21.225 19201 19201 D AndroidRuntime: Shutting down VM
08-04 00:29:21.302 13866 13866 I GoogleInputMethodServic: GoogleInputMethodService.onFinishInput():3138 
08-04 00:29:21.303 13866 13866 I GoogleInputMethodServic: GoogleInputMethodService.onStartInput():1808 
08-04 00:29:21.324   918   936 I ActivityManager: Displayed baseline.appteam.nith.hillffair/.activities.EventActivity: +97ms
08-04 00:29:21.366 16160 16173 I art     : Starting a blocking GC Explicit
08-04 00:29:21.387 16160 16173 I art     : Explicit concurrent mark sweep GC freed 6186(370KB) AllocSpace objects, 1(20KB) LOS objects, 23% free, 52MB/68MB, paused 472us total 20.263ms
08-04 00:29:21.396 16160 16173 I art     : Starting a blocking GC Explicit
08-04 00:29:21.415 16160 16173 I art     : Explicit concurrent mark sweep GC freed 289(12KB) AllocSpace objects, 0(0B) LOS objects, 23% free, 52MB/68MB, paused 489us total 19.615ms
08-04 00:29:21.423 16160 16173 I art     : Starting a blocking GC Explicit
08-04 00:29:21.443 16160 16173 I art     : Explicit concurrent mark sweep GC freed 3(96B) AllocSpace objects, 0(0B) LOS objects, 23% free, 52MB/68MB, paused 525us total 19.428ms
08-04 00:29:21.453 16160 16173 I art     : Starting a blocking GC Explicit
08-04 00:29:21.475 16160 16173 I art     : Explicit concurrent mark sweep GC freed 3(96B) AllocSpace objects, 0(0B) LOS objects, 23% free, 52MB/68MB, paused 492us total 22.190ms
08-04 00:29:21.485 16160 16173 I art     : Starting a blocking GC Explicit
08-04 00:29:21.509 16160 16173 I art     : Explicit concurrent mark sweep GC freed 3(96B) AllocSpace objects, 0(0B) LOS objects, 23% free, 52MB/68MB, paused 521us total 23.563ms
08-04 00:29:21.561   380   380 W SurfaceFlinger: couldn't log to binary event log: overflow.
08-04 00:29:21.768 16160 16173 I art     : Starting a blocking GC Explicit
08-04 00:29:21.791 16160 16173 I art     : Explicit concurrent mark sweep GC freed 2196(143KB) AllocSpace objects, 3(140KB) LOS objects, 23% free, 52MB/68MB, paused 676us total 22.451ms
08-04 00:29:21.800 16160 16173 I art     : Starting a blocking GC Explicit
08-04 00:29:21.813 16160 19228 D OkHttp  : --> GET https://api-hillfair-2k16.herokuapp.com/api/app/club http/1.1
08-04 00:29:21.821 16160 16173 I art     : Explicit concurrent mark sweep GC freed 2172(84KB) AllocSpace objects, 0(0B) LOS objects, 23% free, 52MB/68MB, paused 528us total 20.427ms
08-04 00:29:21.829 16160 16173 I art     : Starting a blocking GC Explicit
08-04 00:29:21.845 16160 19228 D OkHttp  : <-- 200 OK https://api-hillfair-2k16.herokuapp.com/api/app/club (32ms, 1870-byte body)
08-04 00:29:21.849 16160 16173 I art     : Explicit concurrent mark sweep GC freed 763(127KB) AllocSpace objects, 1(80KB) LOS objects, 23% free, 52MB/68MB, paused 498us total 19.819ms
08-04 00:29:21.857 16160 16173 I art     : Starting a blocking GC Explicit
08-04 00:29:21.861 16160 16160 I NAPPA_EXPERIMENTATION: MetricNetworkRequestExecutionTime: REQUEST_DURATION_SYSTEM='603',REQUEST_DURATION_OKHTTP='32',REQUEST_SYNCHRONOUS='FALSE',RESPONSE_CODE='200',RESPONSE_METHOD='GET',RESPONSE_LENGTH_OKHTTP='1870',RESPONSE_LENGTH_HEADER='1870',REQUEST_PROTOCOL='http/1.1',REQUEST_URL='https://api-hillfair-2k16.herokuapp.com/api/app/club',
08-04 00:29:21.877 16160 16173 I art     : Explicit concurrent mark sweep GC freed 656(76KB) AllocSpace objects, 0(0B) LOS objects, 23% free, 52MB/68MB, paused 562us total 19.891ms
08-04 00:29:21.885 16160 16173 I art     : Starting a blocking GC Explicit
08-04 00:29:21.892 17791 17791 I ServiceManager: Waiting for service AtCmdFwd...
08-04 00:29:21.907 16160 16173 I art     : Explicit concurrent mark sweep GC freed 509(20KB) AllocSpace objects, 0(0B) LOS objects, 23% free, 52MB/68MB, paused 735us total 21.223ms
08-04 00:29:22.179 16160 16250 I art     : Starting a blocking GC Explicit
08-04 00:29:22.205 16160 16250 I art     : Explicit concurrent mark sweep GC freed 3315(326KB) AllocSpace objects, 1(20KB) LOS objects, 23% free, 53MB/69MB, paused 630us total 26.014ms
08-04 00:29:22.217 16160 16250 I art     : Starting a blocking GC Explicit
08-04 00:29:22.240 16160 16250 I art     : Explicit concurrent mark sweep GC freed 197(6KB) AllocSpace objects, 0(0B) LOS objects, 23% free, 53MB/69MB, paused 634us total 23.095ms
08-04 00:29:22.249 16160 16250 I art     : Starting a blocking GC Explicit
08-04 00:29:22.273 16160 16250 I art     : Explicit concurrent mark sweep GC freed 3(96B) AllocSpace objects, 0(0B) LOS objects, 23% free, 53MB/69MB, paused 623us total 22.952ms
08-04 00:29:22.281 16160 16250 I art     : Starting a blocking GC Explicit
08-04 00:29:22.305 16160 16250 I art     : Explicit concurrent mark sweep GC freed 3(96B) AllocSpace objects, 0(0B) LOS objects, 23% free, 53MB/69MB, paused 650us total 23.121ms
08-04 00:29:22.314 16160 16250 I art     : Starting a blocking GC Explicit
08-04 00:29:22.338 16160 16250 I art     : Explicit concurrent mark sweep GC freed 3(96B) AllocSpace objects, 0(0B) LOS objects, 23% free, 53MB/69MB, paused 742us total 24.027ms
08-04 00:29:22.615 16160 16173 I art     : Starting a blocking GC Explicit
08-04 00:29:22.641 16160 16173 I art     : Explicit concurrent mark sweep GC freed 9504(552KB) AllocSpace objects, 1(20KB) LOS objects, 23% free, 53MB/69MB, paused 597us total 25.624ms
08-04 00:29:22.650 16160 16173 I art     : Starting a blocking GC Explicit
08-04 00:29:22.671 16160 16173 I art     : Explicit concurrent mark sweep GC freed 246(8KB) AllocSpace objects, 0(0B) LOS objects, 23% free, 53MB/69MB, paused 497us total 21.113ms
08-04 00:29:22.680 16160 16173 I art     : Starting a blocking GC Explicit
08-04 00:29:22.701 16160 16173 I art     : Explicit concurrent mark sweep GC freed 3(96B) AllocSpace objects, 0(0B) LOS objects, 23% free, 53MB/69MB, paused 510us total 20.975ms
08-04 00:29:22.710 16160 16173 I art     : Starting a blocking GC Explicit
08-04 00:29:22.733 16160 16173 I art     : Explicit concurrent mark sweep GC freed 3(96B) AllocSpace objects, 0(0B) LOS objects, 23% free, 53MB/69MB, paused 509us total 22.680ms
08-04 00:29:22.742 16160 16173 I art     : Starting a blocking GC Explicit
08-04 00:29:22.765 16160 16173 I art     : Explicit concurrent mark sweep GC freed 3(96B) AllocSpace objects, 0(0B) LOS objects, 23% free, 53MB/69MB, paused 511us total 23.195ms
08-04 00:29:22.893 17791 17791 I ServiceManager: Waiting for service AtCmdFwd...
08-04 00:29:23.087 16160 16250 I art     : Starting a blocking GC Explicit
08-04 00:29:23.119 16160 16250 I art     : Explicit concurrent mark sweep GC freed 1344(78KB) AllocSpace objects, 1(20KB) LOS objects, 23% free, 53MB/69MB, paused 597us total 31.075ms
08-04 00:29:23.131 16160 16250 I art     : Starting a blocking GC Explicit
08-04 00:29:23.155 16160 16250 I art     : Explicit concurrent mark sweep GC freed 20(704B) AllocSpace objects, 0(0B) LOS objects, 23% free, 53MB/69MB, paused 524us total 23.673ms
08-04 00:29:23.164 16160 16250 I art     : Starting a blocking GC Explicit
08-04 00:29:23.188 16160 16250 I art     : Explicit concurrent mark sweep GC freed 3(96B) AllocSpace objects, 0(0B) LOS objects, 23% free, 53MB/69MB, paused 548us total 23.859ms
08-04 00:29:23.197 16160 16250 I art     : Starting a blocking GC Explicit
08-04 00:29:23.221 16160 16250 I art     : Explicit concurrent mark sweep GC freed 3(96B) AllocSpace objects, 0(0B) LOS objects, 23% free, 53MB/69MB, paused 534us total 23.938ms
08-04 00:29:23.230 16160 16250 I art     : Starting a blocking GC Explicit
08-04 00:29:23.254 16160 16250 I art     : Explicit concurrent mark sweep GC freed 3(96B) AllocSpace objects, 0(0B) LOS objects, 23% free, 53MB/69MB, paused 517us total 23.279ms
08-04 00:29:23.579 16160 16172 I art     : Starting a blocking GC Explicit
08-04 00:29:23.614 16160 16172 I art     : Explicit concurrent mark sweep GC freed 1344(78KB) AllocSpace objects, 1(20KB) LOS objects, 23% free, 53MB/69MB, paused 610us total 34.333ms
08-04 00:29:23.628 16160 16172 I art     : Starting a blocking GC Explicit
08-04 00:29:23.654 16160 16172 I art     : Explicit concurrent mark sweep GC freed 20(704B) AllocSpace objects, 0(0B) LOS objects, 23% free, 53MB/69MB, paused 533us total 25.891ms
08-04 00:29:23.664 16160 16172 I art     : Starting a blocking GC Explicit
08-04 00:29:23.688 16160 16172 I art     : Explicit concurrent mark sweep GC freed 3(96B) AllocSpace objects, 0(0B) LOS objects, 23% free, 53MB/69MB, paused 512us total 24.091ms
08-04 00:29:23.697 16160 16172 I art     : Starting a blocking GC Explicit
08-04 00:29:23.720 16160 16172 I art     : Explicit concurrent mark sweep GC freed 3(96B) AllocSpace objects, 0(0B) LOS objects, 23% free, 53MB/69MB, paused 497us total 22.980ms
08-04 00:29:23.729 16160 16172 I art     : Starting a blocking GC Explicit
08-04 00:29:23.753 16160 16172 I art     : Explicit concurrent mark sweep GC freed 3(96B) AllocSpace objects, 0(0B) LOS objects, 23% free, 53MB/69MB, paused 519us total 23.333ms
08-04 00:29:23.894 17791 17791 W Atfwd_Sendcmd: AtCmdFwd service not published, waiting... retryCnt : 4
08-04 00:29:24.064 16160 16648 I art     : Starting a blocking GC Explicit
08-04 00:29:24.098 16160 16648 I art     : Explicit concurrent mark sweep GC freed 1344(78KB) AllocSpace objects, 1(20KB) LOS objects, 23% free, 53MB/69MB, paused 618us total 34.050ms
08-04 00:29:24.113 16160 16648 I art     : Starting a blocking GC Explicit
08-04 00:29:24.136 16160 16648 I art     : Explicit concurrent mark sweep GC freed 20(704B) AllocSpace objects, 0(0B) LOS objects, 23% free, 53MB/69MB, paused 522us total 23.265ms
08-04 00:29:24.145 16160 16648 I art     : Starting a blocking GC Explicit
08-04 00:29:24.169 16160 16648 I art     : Explicit concurrent mark sweep GC freed 3(96B) AllocSpace objects, 0(0B) LOS objects, 23% free, 53MB/69MB, paused 510us total 23.701ms
08-04 00:29:24.178 16160 16648 I art     : Starting a blocking GC Explicit
08-04 00:29:24.202 16160 16648 I art     : Explicit concurrent mark sweep GC freed 3(96B) AllocSpace objects, 0(0B) LOS objects, 23% free, 53MB/69MB, paused 505us total 23.742ms
08-04 00:29:24.211 16160 16648 I art     : Starting a blocking GC Explicit
08-04 00:29:24.235 16160 16648 I art     : Explicit concurrent mark sweep GC freed 3(96B) AllocSpace objects, 0(0B) LOS objects, 23% free, 53MB/69MB, paused 528us total 23.597ms
08-04 00:29:24.558 16160 18029 I art     : Starting a blocking GC Explicit
08-04 00:29:24.590 16160 18029 I art     : Explicit concurrent mark sweep GC freed 1344(78KB) AllocSpace objects, 1(20KB) LOS objects, 23% free, 53MB/69MB, paused 513us total 31.900ms
08-04 00:29:24.602 16160 18029 I art     : Starting a blocking GC Explicit
08-04 00:29:24.624 16160 18029 I art     : Explicit concurrent mark sweep GC freed 20(704B) AllocSpace objects, 0(0B) LOS objects, 23% free, 53MB/69MB, paused 514us total 22.125ms
08-04 00:29:24.627   918  3188 I hubconnection: sensorhub said: 'set_bias 3: -5.5296, 0.0000, 0.0000'
08-04 00:29:24.634 16160 18029 I art     : Starting a blocking GC Explicit
08-04 00:29:24.654 16160 18029 I art     : Explicit concurrent mark sweep GC freed 3(96B) AllocSpace objects, 0(0B) LOS objects, 23% free, 53MB/69MB, paused 500us total 20.707ms
08-04 00:29:24.663 16160 18029 I art     : Starting a blocking GC Explicit
08-04 00:29:24.685 16160 18029 I art     : Explicit concurrent mark sweep GC freed 3(96B) AllocSpace objects, 0(0B) LOS objects, 23% free, 53MB/69MB, paused 525us total 21.802ms
08-04 00:29:24.694 16160 18029 I art     : Starting a blocking GC Explicit
08-04 00:29:24.717 16160 18029 I art     : Explicit concurrent mark sweep GC freed 3(96B) AllocSpace objects, 0(0B) LOS objects, 23% free, 53MB/69MB, paused 596us total 23.195ms
08-04 00:29:25.039 16160 16173 I art     : Starting a blocking GC Explicit
08-04 00:29:25.074 16160 16173 I art     : Explicit concurrent mark sweep GC freed 1344(78KB) AllocSpace objects, 1(20KB) LOS objects, 23% free, 53MB/69MB, paused 616us total 34.639ms
08-04 00:29:25.088 16160 16173 I art     : Starting a blocking GC Explicit
08-04 00:29:25.117 16160 16173 I art     : Explicit concurrent mark sweep GC freed 20(704B) AllocSpace objects, 0(0B) LOS objects, 23% free, 53MB/69MB, paused 546us total 28.269ms
08-04 00:29:25.128 16160 16173 I art     : Starting a blocking GC Explicit
08-04 00:29:25.152 16160 16173 I art     : Explicit concurrent mark sweep GC freed 3(96B) AllocSpace objects, 0(0B) LOS objects, 23% free, 53MB/69MB, paused 567us total 23.571ms
08-04 00:29:25.161 16160 16173 I art     : Starting a blocking GC Explicit
08-04 00:29:25.185 16160 16173 I art     : Explicit concurrent mark sweep GC freed 3(96B) AllocSpace objects, 0(0B) LOS objects, 23% free, 53MB/69MB, paused 512us total 22.948ms
08-04 00:29:25.193 16160 16173 I art     : Starting a blocking GC Explicit
08-04 00:29:25.217 16160 16173 I art     : Explicit concurrent mark sweep GC freed 3(96B) AllocSpace objects, 0(0B) LOS objects, 23% free, 53MB/69MB, paused 571us total 23.097ms
08-04 00:29:25.521 16160 16250 I art     : Starting a blocking GC Explicit
08-04 00:29:25.551 16160 16250 I art     : Explicit concurrent mark sweep GC freed 1344(78KB) AllocSpace objects, 1(20KB) LOS objects, 23% free, 53MB/69MB, paused 557us total 29.485ms
08-04 00:29:25.565 16160 16250 I art     : Starting a blocking GC Explicit
08-04 00:29:25.588 16160 16250 I art     : Explicit concurrent mark sweep GC freed 20(704B) AllocSpace objects, 0(0B) LOS objects, 23% free, 53MB/69MB, paused 522us total 23.212ms
08-04 00:29:25.597 16160 16250 I art     : Starting a blocking GC Explicit
08-04 00:29:25.620 16160 16250 I art     : Explicit concurrent mark sweep GC freed 3(96B) AllocSpace objects, 0(0B) LOS objects, 23% free, 53MB/69MB, paused 511us total 22.810ms
08-04 00:29:25.629 16160 16250 I art     : Starting a blocking GC Explicit
08-04 00:29:25.653 16160 16250 I art     : Explicit concurrent mark sweep GC freed 3(96B) AllocSpace objects, 0(0B) LOS objects, 23% free, 53MB/69MB, paused 511us total 23.216ms
08-04 00:29:25.662 16160 16250 I art     : Starting a blocking GC Explicit
08-04 00:29:25.685 16160 16250 I art     : Explicit concurrent mark sweep GC freed 24(1104B) AllocSpace objects, 0(0B) LOS objects, 23% free, 53MB/69MB, paused 488us total 23.199ms
08-04 00:29:26.009 16160 16172 I art     : Starting a blocking GC Explicit
08-04 00:29:26.041 16160 16172 I art     : Explicit concurrent mark sweep GC freed 1360(78KB) AllocSpace objects, 1(20KB) LOS objects, 23% free, 53MB/69MB, paused 545us total 31.612ms
08-04 00:29:26.054 16160 16172 I art     : Starting a blocking GC Explicit
08-04 00:29:26.078 16160 16172 I art     : Explicit concurrent mark sweep GC freed 20(704B) AllocSpace objects, 0(0B) LOS objects, 23% free, 53MB/69MB, paused 523us total 23.078ms
08-04 00:29:26.087 16160 16172 I art     : Starting a blocking GC Explicit
08-04 00:29:26.110 16160 16172 I art     : Explicit concurrent mark sweep GC freed 3(96B) AllocSpace objects, 0(0B) LOS objects, 23% free, 53MB/69MB, paused 479us total 23.237ms
08-04 00:29:26.119 16160 16172 I art     : Starting a blocking GC Explicit
08-04 00:29:26.142 16160 16172 I art     : Explicit concurrent mark sweep GC freed 3(96B) AllocSpace objects, 0(0B) LOS objects, 23% free, 53MB/69MB, paused 487us total 23.036ms
08-04 00:29:26.152 16160 16172 I art     : Starting a blocking GC Explicit
08-04 00:29:26.176 16160 16172 I art     : Explicit concurrent mark sweep GC freed 3(96B) AllocSpace objects, 0(0B) LOS objects, 23% free, 53MB/69MB, paused 512us total 23.825ms
08-04 00:29:26.497 16160 16648 I art     : Starting a blocking GC Explicit
08-04 00:29:26.532 16160 16648 I art     : Explicit concurrent mark sweep GC freed 1344(78KB) AllocSpace objects, 1(20KB) LOS objects, 23% free, 53MB/69MB, paused 678us total 34.420ms
08-04 00:29:26.545 16160 16648 I art     : Starting a blocking GC Explicit
08-04 00:29:26.569 16160 16648 I art     : Explicit concurrent mark sweep GC freed 20(704B) AllocSpace objects, 0(0B) LOS objects, 23% free, 53MB/69MB, paused 518us total 23.559ms
08-04 00:29:26.578 16160 16648 I art     : Starting a blocking GC Explicit
08-04 00:29:26.601 16160 16648 I art     : Explicit concurrent mark sweep GC freed 3(96B) AllocSpace objects, 0(0B) LOS objects, 23% free, 53MB/69MB, paused 483us total 23.060ms
08-04 00:29:26.610 16160 16648 I art     : Starting a blocking GC Explicit
08-04 00:29:26.634 16160 16648 I art     : Explicit concurrent mark sweep GC freed 3(96B) AllocSpace objects, 0(0B) LOS objects, 23% free, 53MB/69MB, paused 498us total 23.511ms
08-04 00:29:26.643 16160 16648 I art     : Starting a blocking GC Explicit
08-04 00:29:26.668 16160 16648 I art     : Explicit concurrent mark sweep GC freed 3(96B) AllocSpace objects, 0(0B) LOS objects, 23% free, 53MB/69MB, paused 510us total 24.041ms
08-04 00:29:26.992 16160 18029 I art     : Starting a blocking GC Explicit
08-04 00:29:27.023 16160 18029 I art     : Explicit concurrent mark sweep GC freed 1344(78KB) AllocSpace objects, 1(20KB) LOS objects, 23% free, 53MB/69MB, paused 535us total 29.916ms
08-04 00:29:27.035 16160 18029 I art     : Starting a blocking GC Explicit
08-04 00:29:27.059 16160 18029 I art     : Explicit concurrent mark sweep GC freed 20(704B) AllocSpace objects, 0(0B) LOS objects, 23% free, 53MB/69MB, paused 493us total 23.605ms
08-04 00:29:27.068 16160 18029 I art     : Starting a blocking GC Explicit
08-04 00:29:27.092 16160 18029 I art     : Explicit concurrent mark sweep GC freed 3(96B) AllocSpace objects, 0(0B) LOS objects, 23% free, 53MB/69MB, paused 508us total 23.706ms
08-04 00:29:27.101 16160 18029 I art     : Starting a blocking GC Explicit
08-04 00:29:27.125 16160 18029 I art     : Explicit concurrent mark sweep GC freed 3(96B) AllocSpace objects, 0(0B) LOS objects, 23% free, 53MB/69MB, paused 509us total 23.010ms
08-04 00:29:27.134 16160 18029 I art     : Starting a blocking GC Explicit
08-04 00:29:27.158 16160 18029 I art     : Explicit concurrent mark sweep GC freed 3(96B) AllocSpace objects, 0(0B) LOS objects, 23% free, 53MB/69MB, paused 522us total 23.675ms
08-04 00:29:27.498 16160 16173 I art     : Starting a blocking GC Explicit
08-04 00:29:27.527 16160 16173 I art     : Explicit concurrent mark sweep GC freed 1344(78KB) AllocSpace objects, 1(20KB) LOS objects, 23% free, 53MB/69MB, paused 527us total 29.149ms
08-04 00:29:27.540 16160 16173 I art     : Starting a blocking GC Explicit
08-04 00:29:27.564 16160 16173 I art     : Explicit concurrent mark sweep GC freed 20(704B) AllocSpace objects, 0(0B) LOS objects, 23% free, 53MB/69MB, paused 508us total 23.848ms
08-04 00:29:27.573 16160 16173 I art     : Starting a blocking GC Explicit
08-04 00:29:27.597 16160 16173 I art     : Explicit concurrent mark sweep GC freed 3(96B) AllocSpace objects, 0(0B) LOS objects, 23% free, 53MB/69MB, paused 498us total 23.170ms
08-04 00:29:27.606 16160 16173 I art     : Starting a blocking GC Explicit
08-04 00:29:27.630 16160 16173 I art     : Explicit concurrent mark sweep GC freed 3(96B) AllocSpace objects, 0(0B) LOS objects, 23% free, 53MB/69MB, paused 499us total 23.635ms
08-04 00:29:27.639 16160 16173 I art     : Starting a blocking GC Explicit
08-04 00:29:27.662 16160 16173 I art     : Explicit concurrent mark sweep GC freed 3(96B) AllocSpace objects, 0(0B) LOS objects, 23% free, 53MB/69MB, paused 502us total 22.906ms
08-04 00:29:27.976 16160 16250 I art     : Starting a blocking GC Explicit
08-04 00:29:28.005 16160 16250 I art     : Explicit concurrent mark sweep GC freed 1344(78KB) AllocSpace objects, 1(20KB) LOS objects, 23% free, 53MB/69MB, paused 530us total 29.275ms
08-04 00:29:28.018 16160 16250 I art     : Starting a blocking GC Explicit
08-04 00:29:28.042 16160 16250 I art     : Explicit concurrent mark sweep GC freed 20(704B) AllocSpace objects, 0(0B) LOS objects, 23% free, 53MB/69MB, paused 505us total 23.955ms
08-04 00:29:28.051 16160 16250 I art     : Starting a blocking GC Explicit
08-04 00:29:28.075 16160 16250 I art     : Explicit concurrent mark sweep GC freed 3(96B) AllocSpace objects, 0(0B) LOS objects, 23% free, 53MB/69MB, paused 510us total 22.943ms
08-04 00:29:28.084 16160 16250 I art     : Starting a blocking GC Explicit
08-04 00:29:28.108 16160 16250 I art     : Explicit concurrent mark sweep GC freed 3(96B) AllocSpace objects, 0(0B) LOS objects, 23% free, 53MB/69MB, paused 528us total 23.826ms
08-04 00:29:28.117 16160 16250 I art     : Starting a blocking GC Explicit
08-04 00:29:28.140 16160 16250 I art     : Explicit concurrent mark sweep GC freed 3(96B) AllocSpace objects, 0(0B) LOS objects, 23% free, 53MB/69MB, paused 494us total 23.060ms
08-04 00:29:28.444 16160 16172 I art     : Starting a blocking GC Explicit
08-04 00:29:28.474 16160 16172 I art     : Explicit concurrent mark sweep GC freed 1344(78KB) AllocSpace objects, 1(20KB) LOS objects, 23% free, 53MB/69MB, paused 555us total 29.454ms
08-04 00:29:28.486 16160 16172 I art     : Starting a blocking GC Explicit
08-04 00:29:28.514 16160 16172 I art     : Explicit concurrent mark sweep GC freed 20(704B) AllocSpace objects, 0(0B) LOS objects, 23% free, 53MB/69MB, paused 497us total 27.847ms
08-04 00:29:28.524 16160 16172 I art     : Starting a blocking GC Explicit
08-04 00:29:28.548 16160 16172 I art     : Explicit concurrent mark sweep GC freed 3(96B) AllocSpace objects, 0(0B) LOS objects, 23% free, 53MB/69MB, paused 499us total 23.785ms
08-04 00:29:28.557 16160 16172 I art     : Starting a blocking GC Explicit
08-04 00:29:28.580 16160 16172 I art     : Explicit concurrent mark sweep GC freed 3(96B) AllocSpace objects, 0(0B) LOS objects, 23% free, 53MB/69MB, paused 497us total 22.735ms
08-04 00:29:28.589 16160 16172 I art     : Starting a blocking GC Explicit
08-04 00:29:28.612 16160 16172 I art     : Explicit concurrent mark sweep GC freed 3(96B) AllocSpace objects, 0(0B) LOS objects, 23% free, 53MB/69MB, paused 490us total 23.029ms
08-04 00:29:28.945 16160 16648 I art     : Starting a blocking GC Explicit
08-04 00:29:28.974 16160 16648 I art     : Explicit concurrent mark sweep GC freed 1344(78KB) AllocSpace objects, 1(20KB) LOS objects, 23% free, 53MB/69MB, paused 516us total 28.970ms
08-04 00:29:28.987 16160 16648 I art     : Starting a blocking GC Explicit
08-04 00:29:29.011 16160 16648 I art     : Explicit concurrent mark sweep GC freed 20(704B) AllocSpace objects, 0(0B) LOS objects, 23% free, 53MB/69MB, paused 483us total 23.993ms
08-04 00:29:29.021 16160 16648 I art     : Starting a blocking GC Explicit
08-04 00:29:29.043 16160 16648 I art     : Explicit concurrent mark sweep GC freed 3(96B) AllocSpace objects, 0(0B) LOS objects, 23% free, 53MB/69MB, paused 496us total 22.527ms
08-04 00:29:29.052 16160 16648 I art     : Starting a blocking GC Explicit
08-04 00:29:29.076 16160 16648 I art     : Explicit concurrent mark sweep GC freed 3(96B) AllocSpace objects, 0(0B) LOS objects, 23% free, 53MB/69MB, paused 464us total 23.086ms
08-04 00:29:29.085 16160 16648 I art     : Starting a blocking GC Explicit
08-04 00:29:29.108 16160 16648 I art     : Explicit concurrent mark sweep GC freed 3(96B) AllocSpace objects, 0(0B) LOS objects, 23% free, 53MB/69MB, paused 497us total 23.215ms
08-04 00:29:29.436 16160 18029 I art     : Starting a blocking GC Explicit
08-04 00:29:29.465 16160 18029 I art     : Explicit concurrent mark sweep GC freed 1344(78KB) AllocSpace objects, 1(20KB) LOS objects, 23% free, 53MB/69MB, paused 507us total 28.829ms
08-04 00:29:29.479 16160 18029 I art     : Starting a blocking GC Explicit
08-04 00:29:29.501 16160 18029 I art     : Explicit concurrent mark sweep GC freed 20(704B) AllocSpace objects, 0(0B) LOS objects, 23% free, 53MB/69MB, paused 512us total 22.108ms
08-04 00:29:29.510 16160 18029 I art     : Starting a blocking GC Explicit
08-04 00:29:29.532 16160 18029 I art     : Explicit concurrent mark sweep GC freed 3(96B) AllocSpace objects, 0(0B) LOS objects, 23% free, 53MB/69MB, paused 523us total 22.173ms
08-04 00:29:29.541 16160 18029 I art     : Starting a blocking GC Explicit
08-04 00:29:29.562 16160 18029 I art     : Explicit concurrent mark sweep GC freed 3(96B) AllocSpace objects, 0(0B) LOS objects, 23% free, 53MB/69MB, paused 484us total 21.271ms
08-04 00:29:29.571 16160 18029 I art     : Starting a blocking GC Explicit
08-04 00:29:29.593 16160 18029 I art     : Explicit concurrent mark sweep GC freed 3(96B) AllocSpace objects, 0(0B) LOS objects, 23% free, 53MB/69MB, paused 514us total 21.896ms
08-04 00:29:29.870 19419 19419 D AndroidRuntime: >>>>>> START com.android.internal.os.RuntimeInit uid 2000 <<<<<<
08-04 00:29:29.875 19419 19419 D AndroidRuntime: CheckJNI is OFF
08-04 00:29:29.903 16160 16173 I art     : Starting a blocking GC Explicit
08-04 00:29:29.910 19419 19419 D ICU     : No timezone override file found: /data/misc/zoneinfo/current/icu/icu_tzdata.dat
08-04 00:29:29.927 16160 16173 I art     : Explicit concurrent mark sweep GC freed 1344(78KB) AllocSpace objects, 1(20KB) LOS objects, 23% free, 53MB/69MB, paused 632us total 23.666ms
08-04 00:29:29.937 16160 16173 I art     : Starting a blocking GC Explicit
08-04 00:29:29.945 19419 19419 I Radio-JNI: register_android_hardware_Radio DONE
08-04 00:29:29.959 16160 16173 I art     : Explicit concurrent mark sweep GC freed 20(704B) AllocSpace objects, 0(0B) LOS objects, 23% free, 53MB/69MB, paused 502us total 22.164ms
08-04 00:29:29.967 16160 16173 I art     : Starting a blocking GC Explicit
08-04 00:29:29.968 19419 19419 D AndroidRuntime: Calling main entry com.android.commands.input.Input
08-04 00:29:29.970 19419 19419 I Input   : injectMotionEvent: MotionEvent { action=ACTION_DOWN, actionButton=0, id[0]=0, x[0]=369.0, y[0]=554.0, toolType[0]=TOOL_TYPE_UNKNOWN, buttonState=0, metaState=0, flags=0x0, edgeFlags=0x0, pointerCount=1, historySize=0, eventTime=664186383, downTime=664186383, deviceId=0, source=0x1002 }
08-04 00:29:29.975 19419 19419 I Input   : injectMotionEvent: MotionEvent { action=ACTION_UP, actionButton=0, id[0]=0, x[0]=369.0, y[0]=554.0, toolType[0]=TOOL_TYPE_UNKNOWN, buttonState=0, metaState=0, flags=0x0, edgeFlags=0x0, pointerCount=1, historySize=0, eventTime=664186383, downTime=664186383, deviceId=0, source=0x1002 }
08-04 00:29:29.976   918  5132 I ActivityManager: START u0 {cmp=baseline.appteam.nith.hillffair/.activities.ClubActivity (has extras)} from uid 10651 on display 0
08-04 00:29:29.981 19419 19419 D AndroidRuntime: Shutting down VM
08-04 00:29:29.988 16160 16173 I art     : Explicit concurrent mark sweep GC freed 67(3KB) AllocSpace objects, 0(0B) LOS objects, 23% free, 53MB/69MB, paused 643us total 20.595ms
08-04 00:29:29.997 16160 16173 I art     : Starting a blocking GC Explicit
08-04 00:29:30.021 16160 16173 I art     : Explicit concurrent mark sweep GC freed 3489(203KB) AllocSpace objects, 0(0B) LOS objects, 23% free, 53MB/69MB, paused 647us total 23.754ms
08-04 00:29:30.029 16160 16173 I art     : Starting a blocking GC Explicit
08-04 00:29:30.051 16160 16173 I art     : Explicit concurrent mark sweep GC freed 201(21KB) AllocSpace objects, 0(0B) LOS objects, 23% free, 53MB/69MB, paused 514us total 21.092ms
08-04 00:29:30.075   918   936 I ActivityManager: Displayed baseline.appteam.nith.hillffair/.activities.ClubActivity: +93ms
08-04 00:29:30.076 13866 13866 I GoogleInputMethodServic: GoogleInputMethodService.onFinishInput():3138 
08-04 00:29:30.077 13866 13866 I GoogleInputMethodServic: GoogleInputMethodService.onStartInput():1808 
08-04 00:29:30.326 16160 16172 I art     : Starting a blocking GC Explicit
08-04 00:29:30.334   380   380 W SurfaceFlinger: couldn't log to binary event log: overflow.
08-04 00:29:30.361 16160 16172 I art     : Explicit concurrent mark sweep GC freed 1620(91KB) AllocSpace objects, 1(20KB) LOS objects, 23% free, 53MB/69MB, paused 516us total 34.729ms
08-04 00:29:30.370 16160 16172 I art     : Starting a blocking GC Explicit
08-04 00:29:30.390 16160 16172 I art     : Explicit concurrent mark sweep GC freed 32(1104B) AllocSpace objects, 0(0B) LOS objects, 23% free, 53MB/69MB, paused 492us total 19.517ms
08-04 00:29:30.398 16160 16172 I art     : Starting a blocking GC Explicit
08-04 00:29:30.419 16160 16172 I art     : Explicit concurrent mark sweep GC freed 3(96B) AllocSpace objects, 0(0B) LOS objects, 23% free, 53MB/69MB, paused 478us total 20.940ms
08-04 00:29:30.427 16160 16172 I art     : Starting a blocking GC Explicit
08-04 00:29:30.451 16160 16172 I art     : Explicit concurrent mark sweep GC freed 97(5KB) AllocSpace objects, 0(0B) LOS objects, 23% free, 53MB/69MB, paused 621us total 23.510ms
08-04 00:29:30.461 16160 16172 I art     : Starting a blocking GC Explicit
08-04 00:29:30.483 16160 16172 I art     : Explicit concurrent mark sweep GC freed 277(12KB) AllocSpace objects, 0(0B) LOS objects, 22% free, 53MB/69MB, paused 785us total 21.887ms
08-04 00:29:30.518 16160 19442 D OkHttp  : --> GET https://api-hillfair-2k16.herokuapp.com/api/app/club/PR%20Club http/1.1
08-04 00:29:30.547 16160 19442 D OkHttp  : <-- 200 OK https://api-hillfair-2k16.herokuapp.com/api/app/club/PR%20Club (29ms, 979-byte body)
08-04 00:29:30.603 16160 16160 I NAPPA_EXPERIMENTATION: MetricNetworkRequestExecutionTime: REQUEST_DURATION_SYSTEM='595',REQUEST_DURATION_OKHTTP='29',REQUEST_SYNCHRONOUS='FALSE',RESPONSE_CODE='200',RESPONSE_METHOD='GET',RESPONSE_LENGTH_OKHTTP='979',RESPONSE_LENGTH_HEADER='979',REQUEST_PROTOCOL='http/1.1',REQUEST_URL='https://api-hillfair-2k16.herokuapp.com/api/app/club/PR%20Club',
08-04 00:29:30.774 16160 16172 I art     : Starting a blocking GC Explicit
08-04 00:29:30.800 16160 16172 I art     : Explicit concurrent mark sweep GC freed 4550(335KB) AllocSpace objects, 4(220KB) LOS objects, 22% free, 53MB/69MB, paused 538us total 25.273ms
08-04 00:29:30.809 16160 16172 I art     : Starting a blocking GC Explicit
08-04 00:29:30.832 16160 16172 I art     : Explicit concurrent mark sweep GC freed 1021(119KB) AllocSpace objects, 0(0B) LOS objects, 22% free, 53MB/69MB, paused 579us total 22.833ms
08-04 00:29:30.841 16160 16172 I art     : Starting a blocking GC Explicit
08-04 00:29:30.864 16160 16172 I art     : Explicit concurrent mark sweep GC freed 3(96B) AllocSpace objects, 0(0B) LOS objects, 22% free, 53MB/69MB, paused 501us total 22.895ms
08-04 00:29:30.873 16160 16172 I art     : Starting a blocking GC Explicit
08-04 00:29:30.897 16160 16172 I art     : Explicit concurrent mark sweep GC freed 3(96B) AllocSpace objects, 0(0B) LOS objects, 22% free, 53MB/69MB, paused 558us total 23.877ms
08-04 00:29:30.906 16160 16172 I art     : Starting a blocking GC Explicit
08-04 00:29:30.929 16160 16172 I art     : Explicit concurrent mark sweep GC freed 3(96B) AllocSpace objects, 0(0B) LOS objects, 22% free, 53MB/69MB, paused 524us total 23.468ms
08-04 00:29:31.215 16160 16172 I art     : Starting a blocking GC Explicit
08-04 00:29:31.247 16160 16172 I art     : Explicit concurrent mark sweep GC freed 1344(78KB) AllocSpace objects, 1(20KB) LOS objects, 22% free, 53MB/69MB, paused 536us total 31.946ms
08-04 00:29:31.256 16160 16172 I art     : Starting a blocking GC Explicit
08-04 00:29:31.281 16160 16172 I art     : Explicit concurrent mark sweep GC freed 36(1264B) AllocSpace objects, 0(0B) LOS objects, 22% free, 53MB/69MB, paused 522us total 24.839ms
08-04 00:29:31.291 16160 16172 I art     : Starting a blocking GC Explicit
08-04 00:29:31.316 16160 16172 I art     : Explicit concurrent mark sweep GC freed 3(96B) AllocSpace objects, 0(0B) LOS objects, 22% free, 53MB/69MB, paused 515us total 24.629ms
08-04 00:29:31.325 16160 16172 I art     : Starting a blocking GC Explicit
08-04 00:29:31.349 16160 16172 I art     : Explicit concurrent mark sweep GC freed 3(96B) AllocSpace objects, 0(0B) LOS objects, 22% free, 53MB/69MB, paused 536us total 24.116ms
08-04 00:29:31.358 16160 16172 I art     : Starting a blocking GC Explicit
08-04 00:29:31.380 16160 16172 I art     : Explicit concurrent mark sweep GC freed 3(96B) AllocSpace objects, 0(0B) LOS objects, 22% free, 53MB/69MB, paused 488us total 21.804ms
08-04 00:29:31.673 16160 16173 I art     : Starting a blocking GC Explicit
08-04 00:29:31.704 16160 16173 I art     : Explicit concurrent mark sweep GC freed 1344(78KB) AllocSpace objects, 1(20KB) LOS objects, 22% free, 53MB/69MB, paused 530us total 30.088ms
08-04 00:29:31.716 16160 16173 I art     : Starting a blocking GC Explicit
08-04 00:29:31.741 16160 16173 I art     : Explicit concurrent mark sweep GC freed 20(720B) AllocSpace objects, 0(0B) LOS objects, 22% free, 53MB/69MB, paused 541us total 24.816ms
08-04 00:29:31.751 16160 16173 I art     : Starting a blocking GC Explicit
08-04 00:29:31.776 16160 16173 I art     : Explicit concurrent mark sweep GC freed 3(96B) AllocSpace objects, 0(0B) LOS objects, 22% free, 53MB/69MB, paused 511us total 24.770ms
08-04 00:29:31.785 16160 16173 I art     : Starting a blocking GC Explicit
08-04 00:29:31.810 16160 16173 I art     : Explicit concurrent mark sweep GC freed 3(96B) AllocSpace objects, 0(0B) LOS objects, 22% free, 53MB/69MB, paused 533us total 24.744ms
08-04 00:29:31.819 16160 16173 I art     : Starting a blocking GC Explicit
08-04 00:29:31.844 16160 16173 I art     : Explicit concurrent mark sweep GC freed 3(96B) AllocSpace objects, 0(0B) LOS objects, 22% free, 53MB/69MB, paused 529us total 24.164ms
08-04 00:29:32.168 16160 16648 I art     : Starting a blocking GC Explicit
08-04 00:29:32.205 16160 16648 I art     : Explicit concurrent mark sweep GC freed 1344(78KB) AllocSpace objects, 1(20KB) LOS objects, 22% free, 53MB/69MB, paused 557us total 36.308ms
08-04 00:29:32.217 16160 16648 I art     : Starting a blocking GC Explicit
08-04 00:29:32.242 16160 16648 I art     : Explicit concurrent mark sweep GC freed 20(704B) AllocSpace objects, 0(0B) LOS objects, 22% free, 53MB/69MB, paused 515us total 23.358ms
08-04 00:29:32.250 16160 16648 I art     : Starting a blocking GC Explicit
08-04 00:29:32.274 16160 16648 I art     : Explicit concurrent mark sweep GC freed 3(96B) AllocSpace objects, 0(0B) LOS objects, 22% free, 53MB/69MB, paused 523us total 23.244ms
08-04 00:29:32.283 16160 16648 I art     : Starting a blocking GC Explicit
08-04 00:29:32.307 16160 16648 I art     : Explicit concurrent mark sweep GC freed 3(96B) AllocSpace objects, 0(0B) LOS objects, 22% free, 53MB/69MB, paused 564us total 24.181ms
08-04 00:29:32.317 16160 16648 I art     : Starting a blocking GC Explicit
08-04 00:29:32.341 16160 16648 I art     : Explicit concurrent mark sweep GC freed 3(96B) AllocSpace objects, 0(0B) LOS objects, 22% free, 53MB/69MB, paused 521us total 23.767ms
08-04 00:29:32.671 16160 16250 I art     : Starting a blocking GC Explicit
08-04 00:29:32.706 16160 16250 I art     : Explicit concurrent mark sweep GC freed 1344(78KB) AllocSpace objects, 1(20KB) LOS objects, 22% free, 53MB/69MB, paused 564us total 34.522ms
08-04 00:29:32.719 16160 16250 I art     : Starting a blocking GC Explicit
08-04 00:29:32.744 16160 16250 I art     : Explicit concurrent mark sweep GC freed 20(720B) AllocSpace objects, 0(0B) LOS objects, 22% free, 53MB/69MB, paused 546us total 23.904ms
08-04 00:29:32.753 16160 16250 I art     : Starting a blocking GC Explicit
08-04 00:29:32.778 16160 16250 I art     : Explicit concurrent mark sweep GC freed 3(96B) AllocSpace objects, 0(0B) LOS objects, 22% free, 53MB/69MB, paused 570us total 24.617ms
08-04 00:29:32.787 16160 16250 I art     : Starting a blocking GC Explicit
08-04 00:29:32.812 16160 16250 I art     : Explicit concurrent mark sweep GC freed 3(96B) AllocSpace objects, 0(0B) LOS objects, 22% free, 53MB/69MB, paused 524us total 24.905ms
08-04 00:29:32.821 16160 16250 I art     : Starting a blocking GC Explicit
08-04 00:29:32.846 16160 16250 I art     : Explicit concurrent mark sweep GC freed 3(96B) AllocSpace objects, 0(0B) LOS objects, 22% free, 53MB/69MB, paused 529us total 24.335ms
08-04 00:29:33.084   918  3261 D WifiStateMachine: starting scan for "H369AA63323"WPA_PSK with 2412,5180
08-04 00:29:33.165 16160 18029 I art     : Starting a blocking GC Explicit
08-04 00:29:33.196 16160 18029 I art     : Explicit concurrent mark sweep GC freed 1344(78KB) AllocSpace objects, 1(20KB) LOS objects, 22% free, 53MB/69MB, paused 550us total 30.547ms
08-04 00:29:33.210 16160 18029 I art     : Starting a blocking GC Explicit
08-04 00:29:33.235 16160 18029 I art     : Explicit concurrent mark sweep GC freed 20(704B) AllocSpace objects, 0(0B) LOS objects, 22% free, 53MB/69MB, paused 522us total 24.533ms
08-04 00:29:33.244 16160 18029 I art     : Starting a blocking GC Explicit
08-04 00:29:33.270 16160 18029 I art     : Explicit concurrent mark sweep GC freed 3(96B) AllocSpace objects, 0(0B) LOS objects, 22% free, 53MB/69MB, paused 529us total 25.045ms
08-04 00:29:33.279 16160 18029 I art     : Starting a blocking GC Explicit
08-04 00:29:33.304 16160 18029 I art     : Explicit concurrent mark sweep GC freed 3(96B) AllocSpace objects, 0(0B) LOS objects, 22% free, 53MB/69MB, paused 516us total 24.639ms
08-04 00:29:33.313 16160 18029 I art     : Starting a blocking GC Explicit
08-04 00:29:33.338 16160 18029 I art     : Explicit concurrent mark sweep GC freed 3(96B) AllocSpace objects, 0(0B) LOS objects, 22% free, 53MB/69MB, paused 537us total 24.546ms
08-04 00:29:33.650 16160 16172 I art     : Starting a blocking GC Explicit
08-04 00:29:33.684 16160 16172 I art     : Explicit concurrent mark sweep GC freed 1348(78KB) AllocSpace objects, 1(20KB) LOS objects, 22% free, 53MB/69MB, paused 550us total 33.775ms
08-04 00:29:33.697 16160 16172 I art     : Starting a blocking GC Explicit
08-04 00:29:33.722 16160 16172 I art     : Explicit concurrent mark sweep GC freed 37(1600B) AllocSpace objects, 0(0B) LOS objects, 22% free, 53MB/69MB, paused 512us total 24.327ms
08-04 00:29:33.731 16160 16172 I art     : Starting a blocking GC Explicit
08-04 00:29:33.756 16160 16172 I art     : Explicit concurrent mark sweep GC freed 19(608B) AllocSpace objects, 0(0B) LOS objects, 22% free, 53MB/69MB, paused 532us total 24.898ms
08-04 00:29:33.766 16160 16172 I art     : Starting a blocking GC Explicit
08-04 00:29:33.790 16160 16172 I art     : Explicit concurrent mark sweep GC freed 3(96B) AllocSpace objects, 0(0B) LOS objects, 22% free, 53MB/69MB, paused 564us total 24.592ms
08-04 00:29:33.800 16160 16172 I art     : Starting a blocking GC Explicit
08-04 00:29:33.825 16160 16172 I art     : Explicit concurrent mark sweep GC freed 3(96B) AllocSpace objects, 0(0B) LOS objects, 22% free, 53MB/69MB, paused 504us total 24.861ms
08-04 00:29:34.152 16160 16173 I art     : Starting a blocking GC Explicit
08-04 00:29:34.186 16160 16173 I art     : Explicit concurrent mark sweep GC freed 1344(78KB) AllocSpace objects, 1(20KB) LOS objects, 22% free, 53MB/69MB, paused 558us total 33.998ms
08-04 00:29:34.199 16160 16173 I art     : Starting a blocking GC Explicit
08-04 00:29:34.224 16160 16173 I art     : Explicit concurrent mark sweep GC freed 20(704B) AllocSpace objects, 0(0B) LOS objects, 22% free, 53MB/69MB, paused 508us total 24.865ms
08-04 00:29:34.233 16160 16173 I art     : Starting a blocking GC Explicit
08-04 00:29:34.257 16160 16173 I art     : Explicit concurrent mark sweep GC freed 3(96B) AllocSpace objects, 0(0B) LOS objects, 22% free, 53MB/69MB, paused 592us total 23.329ms
08-04 00:29:34.266 16160 16173 I art     : Starting a blocking GC Explicit
08-04 00:29:34.289 16160 16173 I art     : Explicit concurrent mark sweep GC freed 3(96B) AllocSpace objects, 0(0B) LOS objects, 22% free, 53MB/69MB, paused 743us total 22.596ms
08-04 00:29:34.297 16160 16173 I art     : Starting a blocking GC Explicit
08-04 00:29:34.320 16160 16173 I art     : Explicit concurrent mark sweep GC freed 3(96B) AllocSpace objects, 0(0B) LOS objects, 22% free, 53MB/69MB, paused 499us total 22.518ms
08-04 00:29:34.616 16160 16648 I art     : Starting a blocking GC Explicit
08-04 00:29:34.640 16160 16648 I art     : Explicit concurrent mark sweep GC freed 1344(78KB) AllocSpace objects, 1(20KB) LOS objects, 22% free, 53MB/69MB, paused 534us total 23.995ms
08-04 00:29:34.650 16160 16648 I art     : Starting a blocking GC Explicit
08-04 00:29:34.664 19534 19534 D AndroidRuntime: >>>>>> START com.android.internal.os.RuntimeInit uid 2000 <<<<<<
08-04 00:29:34.668 19534 19534 D AndroidRuntime: CheckJNI is OFF
08-04 00:29:34.670 16160 16648 I art     : Explicit concurrent mark sweep GC freed 20(720B) AllocSpace objects, 0(0B) LOS objects, 22% free, 53MB/69MB, paused 504us total 20.207ms
08-04 00:29:34.678 16160 16648 I art     : Starting a blocking GC Explicit
08-04 00:29:34.699 16160 16648 I art     : Explicit concurrent mark sweep GC freed 3(96B) AllocSpace objects, 0(0B) LOS objects, 22% free, 53MB/69MB, paused 540us total 20.371ms
08-04 00:29:34.701 19534 19534 D ICU     : No timezone override file found: /data/misc/zoneinfo/current/icu/icu_tzdata.dat
08-04 00:29:34.707 16160 16648 I art     : Starting a blocking GC Explicit
08-04 00:29:34.728 16160 16648 I art     : Explicit concurrent mark sweep GC freed 3(96B) AllocSpace objects, 0(0B) LOS objects, 22% free, 53MB/69MB, paused 519us total 21.041ms
08-04 00:29:34.732 19534 19534 I Radio-JNI: register_android_hardware_Radio DONE
08-04 00:29:34.736 16160 16648 I art     : Starting a blocking GC Explicit
08-04 00:29:34.753 19534 19534 D AndroidRuntime: Calling main entry com.android.commands.input.Input
08-04 00:29:34.755 19534 19534 I Input   : injectKeyEvent: KeyEvent { action=ACTION_DOWN, keyCode=KEYCODE_BACK, scanCode=0, metaState=0, flags=0x0, repeatCount=0, eventTime=664191168, downTime=664191168, deviceId=-1, source=0x101 }
08-04 00:29:34.758 16160 16648 I art     : Explicit concurrent mark sweep GC freed 3(96B) AllocSpace objects, 0(0B) LOS objects, 22% free, 53MB/69MB, paused 480us total 21.078ms
08-04 00:29:34.759 19534 19534 I Input   : injectKeyEvent: KeyEvent { action=ACTION_UP, keyCode=KEYCODE_BACK, scanCode=0, metaState=0, flags=0x0, repeatCount=0, eventTime=664191168, downTime=664191168, deviceId=-1, source=0x101 }
08-04 00:29:34.764 19534 19534 D AndroidRuntime: Shutting down VM
08-04 00:29:34.803 13866 13866 I GoogleInputMethodServic: GoogleInputMethodService.onFinishInput():3138 
08-04 00:29:34.803 13866 13866 I GoogleInputMethodServic: GoogleInputMethodService.onStartInput():1808 
08-04 00:29:35.024 16160 16250 I art     : Starting a blocking GC Explicit
08-04 00:29:35.052 16160 16250 I art     : Explicit concurrent mark sweep GC freed 1526(86KB) AllocSpace objects, 1(20KB) LOS objects, 22% free, 53MB/69MB, paused 576us total 27.669ms
08-04 00:29:35.062 16160 16250 I art     : Starting a blocking GC Explicit
08-04 00:29:35.091 16160 16250 I art     : Explicit concurrent mark sweep GC freed 29(1056B) AllocSpace objects, 0(0B) LOS objects, 22% free, 53MB/69MB, paused 487us total 28.514ms
08-04 00:29:35.100 16160 16250 I art     : Starting a blocking GC Explicit
08-04 00:29:35.107   380   380 W SurfaceFlinger: couldn't log to binary event log: overflow.
08-04 00:29:35.126 16160 16250 I art     : Explicit concurrent mark sweep GC freed 110(8KB) AllocSpace objects, 0(0B) LOS objects, 22% free, 53MB/69MB, paused 460us total 25.196ms
08-04 00:29:35.134 16160 16250 I art     : Starting a blocking GC Explicit
08-04 00:29:35.155 16160 16250 I art     : Explicit concurrent mark sweep GC freed 9(368B) AllocSpace objects, 0(0B) LOS objects, 22% free, 53MB/69MB, paused 497us total 20.901ms
08-04 00:29:35.163 16160 16250 I art     : Starting a blocking GC Explicit
08-04 00:29:35.185 16160 16250 I art     : Explicit concurrent mark sweep GC freed 1650(106KB) AllocSpace objects, 3(184KB) LOS objects, 23% free, 53MB/69MB, paused 483us total 21.936ms
08-04 00:29:35.474 16160 18029 I art     : Starting a blocking GC Explicit
08-04 00:29:35.503 16160 18029 I art     : Explicit concurrent mark sweep GC freed 1344(78KB) AllocSpace objects, 1(20KB) LOS objects, 23% free, 53MB/69MB, paused 509us total 28.336ms
08-04 00:29:35.512 16160 18029 I art     : Starting a blocking GC Explicit
08-04 00:29:35.536 16160 18029 I art     : Explicit concurrent mark sweep GC freed 20(720B) AllocSpace objects, 0(0B) LOS objects, 23% free, 53MB/69MB, paused 505us total 23.672ms
08-04 00:29:35.546 16160 18029 I art     : Starting a blocking GC Explicit
08-04 00:29:35.570 16160 18029 I art     : Explicit concurrent mark sweep GC freed 3(96B) AllocSpace objects, 0(0B) LOS objects, 23% free, 53MB/69MB, paused 505us total 24.171ms
08-04 00:29:35.579 16160 18029 I art     : Starting a blocking GC Explicit
08-04 00:29:35.603 16160 18029 I art     : Explicit concurrent mark sweep GC freed 3(96B) AllocSpace objects, 0(0B) LOS objects, 23% free, 53MB/69MB, paused 491us total 23.472ms
08-04 00:29:35.612 16160 18029 I art     : Starting a blocking GC Explicit
08-04 00:29:35.636 16160 18029 I art     : Explicit concurrent mark sweep GC freed 3(96B) AllocSpace objects, 0(0B) LOS objects, 23% free, 53MB/69MB, paused 503us total 23.446ms
08-04 00:29:35.922 16160 16172 I art     : Starting a blocking GC Explicit
08-04 00:29:35.949 16160 16172 I art     : Explicit concurrent mark sweep GC freed 1344(78KB) AllocSpace objects, 1(20KB) LOS objects, 23% free, 53MB/69MB, paused 540us total 27.242ms
08-04 00:29:35.963 16160 16172 I art     : Starting a blocking GC Explicit
08-04 00:29:35.986 16160 16172 I art     : Explicit concurrent mark sweep GC freed 20(704B) AllocSpace objects, 0(0B) LOS objects, 23% free, 53MB/69MB, paused 464us total 23.248ms
08-04 00:29:35.995 16160 16172 I art     : Starting a blocking GC Explicit
08-04 00:29:36.018 16160 16172 I art     : Explicit concurrent mark sweep GC freed 3(96B) AllocSpace objects, 0(0B) LOS objects, 23% free, 53MB/69MB, paused 511us total 22.812ms
08-04 00:29:36.027 16160 16172 I art     : Starting a blocking GC Explicit
08-04 00:29:36.050 16160 16172 I art     : Explicit concurrent mark sweep GC freed 3(96B) AllocSpace objects, 0(0B) LOS objects, 23% free, 53MB/69MB, paused 507us total 22.247ms
08-04 00:29:36.058 16160 16172 I art     : Starting a blocking GC Explicit
08-04 00:29:36.081 16160 16172 I art     : Explicit concurrent mark sweep GC freed 3(96B) AllocSpace objects, 0(0B) LOS objects, 23% free, 53MB/69MB, paused 508us total 22.209ms
08-04 00:29:36.363 16160 16173 I art     : Starting a blocking GC Explicit
08-04 00:29:36.388 16160 16173 I art     : Explicit concurrent mark sweep GC freed 1344(78KB) AllocSpace objects, 1(20KB) LOS objects, 23% free, 53MB/69MB, paused 529us total 25.267ms
08-04 00:29:36.397 16160 16173 I art     : Starting a blocking GC Explicit
08-04 00:29:36.411 19588 19588 D AndroidRuntime: >>>>>> START com.android.internal.os.RuntimeInit uid 2000 <<<<<<
08-04 00:29:36.416 19588 19588 D AndroidRuntime: CheckJNI is OFF
08-04 00:29:36.420 16160 16173 I art     : Explicit concurrent mark sweep GC freed 20(720B) AllocSpace objects, 0(0B) LOS objects, 23% free, 53MB/69MB, paused 508us total 22.593ms
08-04 00:29:36.429 16160 16173 I art     : Starting a blocking GC Explicit
08-04 00:29:36.451 16160 16173 I art     : Explicit concurrent mark sweep GC freed 3(96B) AllocSpace objects, 0(0B) LOS objects, 23% free, 53MB/69MB, paused 528us total 21.992ms
08-04 00:29:36.451 19588 19588 D ICU     : No timezone override file found: /data/misc/zoneinfo/current/icu/icu_tzdata.dat
08-04 00:29:36.460 16160 16173 I art     : Starting a blocking GC Explicit
08-04 00:29:36.482 16160 16173 I art     : Explicit concurrent mark sweep GC freed 3(96B) AllocSpace objects, 0(0B) LOS objects, 23% free, 53MB/69MB, paused 546us total 22.348ms
08-04 00:29:36.487 19588 19588 I Radio-JNI: register_android_hardware_Radio DONE
08-04 00:29:36.491 16160 16173 I art     : Starting a blocking GC Explicit
08-04 00:29:36.509 19588 19588 D AndroidRuntime: Calling main entry com.android.commands.input.Input
08-04 00:29:36.511 19588 19588 I Input   : injectMotionEvent: MotionEvent { action=ACTION_DOWN, actionButton=0, id[0]=0, x[0]=1012.0, y[0]=1152.0, toolType[0]=TOOL_TYPE_UNKNOWN, buttonState=0, metaState=0, flags=0x0, edgeFlags=0x0, pointerCount=1, historySize=0, eventTime=664192924, downTime=664192924, deviceId=0, source=0x1002 }
08-04 00:29:36.513 16160 16173 I art     : Explicit concurrent mark sweep GC freed 3(96B) AllocSpace objects, 0(0B) LOS objects, 23% free, 53MB/69MB, paused 555us total 22.213ms
08-04 00:29:36.518 19588 19588 I Input   : injectMotionEvent: MotionEvent { action=ACTION_UP, actionButton=0, id[0]=0, x[0]=1012.0, y[0]=1152.0, toolType[0]=TOOL_TYPE_UNKNOWN, buttonState=0, metaState=0, flags=0x0, edgeFlags=0x0, pointerCount=1, historySize=0, eventTime=664192924, downTime=664192924, deviceId=0, source=0x1002 }
08-04 00:29:36.520   918  6029 I ActivityManager: START u0 {cmp=baseline.appteam.nith.hillffair/.activities.ClubActivity (has extras)} from uid 10651 on display 0
08-04 00:29:36.527 19588 19588 D AndroidRuntime: Shutting down VM
08-04 00:29:36.623   918   936 I ActivityManager: Displayed baseline.appteam.nith.hillffair/.activities.ClubActivity: +95ms
08-04 00:29:36.624 13866 13866 I GoogleInputMethodServic: GoogleInputMethodService.onFinishInput():3138 
08-04 00:29:36.624 13866 13866 I GoogleInputMethodServic: GoogleInputMethodService.onStartInput():1808 
08-04 00:29:36.764 16160 16250 I art     : Starting a blocking GC Explicit
08-04 00:29:36.796 16160 16250 I art     : Explicit concurrent mark sweep GC freed 4951(303KB) AllocSpace objects, 1(20KB) LOS objects, 22% free, 53MB/69MB, paused 543us total 32.449ms
08-04 00:29:36.807 16160 16250 I art     : Starting a blocking GC Explicit
08-04 00:29:36.835 16160 16250 I art     : Explicit concurrent mark sweep GC freed 216(10KB) AllocSpace objects, 0(0B) LOS objects, 22% free, 53MB/69MB, paused 529us total 28.083ms
08-04 00:29:36.847 16160 16250 I art     : Starting a blocking GC Explicit
08-04 00:29:36.875 16160 16250 I art     : Explicit concurrent mark sweep GC freed 3(96B) AllocSpace objects, 0(0B) LOS objects, 22% free, 53MB/69MB, paused 555us total 27.646ms
08-04 00:29:36.877   380   380 W SurfaceFlinger: couldn't log to binary event log: overflow.
08-04 00:29:36.887 16160 16250 I art     : Starting a blocking GC Explicit
08-04 00:29:36.909 16160 16250 I art     : Explicit concurrent mark sweep GC freed 3(96B) AllocSpace objects, 0(0B) LOS objects, 22% free, 53MB/69MB, paused 492us total 21.515ms
08-04 00:29:36.918 16160 16250 I art     : Starting a blocking GC Explicit
08-04 00:29:36.939 16160 16250 I art     : Explicit concurrent mark sweep GC freed 3(96B) AllocSpace objects, 0(0B) LOS objects, 22% free, 53MB/69MB, paused 548us total 20.856ms
08-04 00:29:37.237 16160 16172 I art     : Starting a blocking GC Explicit
08-04 00:29:37.263 16160 16172 I art     : Explicit concurrent mark sweep GC freed 1491(86KB) AllocSpace objects, 1(20KB) LOS objects, 22% free, 53MB/69MB, paused 766us total 25.294ms
08-04 00:29:37.272 16160 16172 I art     : Starting a blocking GC Explicit
08-04 00:29:37.295 16160 16172 I art     : Explicit concurrent mark sweep GC freed 55(1888B) AllocSpace objects, 0(0B) LOS objects, 22% free, 53MB/69MB, paused 640us total 23.308ms
08-04 00:29:37.304 16160 16172 I art     : Starting a blocking GC Explicit
08-04 00:29:37.326 16160 16172 I art     : Explicit concurrent mark sweep GC freed 12(432B) AllocSpace objects, 0(0B) LOS objects, 22% free, 53MB/69MB, paused 525us total 21.595ms
08-04 00:29:37.335 16160 16172 I art     : Starting a blocking GC Explicit
08-04 00:29:37.359 16160 16172 I art     : Explicit concurrent mark sweep GC freed 905(66KB) AllocSpace objects, 2(120KB) LOS objects, 22% free, 53MB/69MB, paused 796us total 24.087ms
08-04 00:29:37.369 16160 16172 I art     : Starting a blocking GC Explicit
08-04 00:29:37.382 16160 19611 D OkHttp  : --> GET https://api-hillfair-2k16.herokuapp.com/api/app/club/Design%20and%20Decoration%20Club http/1.1
08-04 00:29:37.391 16160 16172 I art     : Explicit concurrent mark sweep GC freed 2164(132KB) AllocSpace objects, 1(80KB) LOS objects, 22% free, 53MB/69MB, paused 592us total 22.516ms
08-04 00:29:37.416 16160 19611 D OkHttp  : <-- 200 OK https://api-hillfair-2k16.herokuapp.com/api/app/club/Design%20and%20Decoration%20Club (33ms, 760-byte body)
08-04 00:29:37.462 16160 16160 I NAPPA_EXPERIMENTATION: MetricNetworkRequestExecutionTime: REQUEST_DURATION_SYSTEM='910',REQUEST_DURATION_OKHTTP='34',REQUEST_SYNCHRONOUS='FALSE',RESPONSE_CODE='200',RESPONSE_METHOD='GET',RESPONSE_LENGTH_OKHTTP='760',RESPONSE_LENGTH_HEADER='760',REQUEST_PROTOCOL='http/1.1',REQUEST_URL='https://api-hillfair-2k16.herokuapp.com/api/app/club/Design%20and%20Decoration%20Club',
08-04 00:29:37.665 16160 16648 I art     : Starting a blocking GC Explicit
08-04 00:29:37.692 16160 16648 I art     : Explicit concurrent mark sweep GC freed 2677(256KB) AllocSpace objects, 1(20KB) LOS objects, 22% free, 53MB/69MB, paused 531us total 26.006ms
08-04 00:29:37.701 16160 16648 I art     : Starting a blocking GC Explicit
08-04 00:29:37.725 16160 16648 I art     : Explicit concurrent mark sweep GC freed 102(3KB) AllocSpace objects, 0(0B) LOS objects, 22% free, 53MB/69MB, paused 564us total 24.074ms
08-04 00:29:37.735 16160 16648 I art     : Starting a blocking GC Explicit
08-04 00:29:37.758 16160 16648 I art     : Explicit concurrent mark sweep GC freed 3(96B) AllocSpace objects, 0(0B) LOS objects, 22% free, 53MB/69MB, paused 512us total 23.043ms
08-04 00:29:37.767 16160 16648 I art     : Starting a blocking GC Explicit
08-04 00:29:37.791 16160 16648 I art     : Explicit concurrent mark sweep GC freed 3(96B) AllocSpace objects, 0(0B) LOS objects, 22% free, 53MB/69MB, paused 520us total 24.100ms
08-04 00:29:37.800 16160 16648 I art     : Starting a blocking GC Explicit
08-04 00:29:37.824 16160 16648 I art     : Explicit concurrent mark sweep GC freed 3(96B) AllocSpace objects, 0(0B) LOS objects, 22% free, 53MB/69MB, paused 540us total 23.261ms
08-04 00:29:38.116 16160 18029 I art     : Starting a blocking GC Explicit
08-04 00:29:38.152 16160 18029 I art     : Explicit concurrent mark sweep GC freed 1360(78KB) AllocSpace objects, 1(20KB) LOS objects, 22% free, 53MB/69MB, paused 583us total 36.097ms
08-04 00:29:38.166 16160 18029 I art     : Starting a blocking GC Explicit
08-04 00:29:38.190 16160 18029 I art     : Explicit concurrent mark sweep GC freed 20(704B) AllocSpace objects, 0(0B) LOS objects, 22% free, 53MB/69MB, paused 513us total 24.535ms
08-04 00:29:38.199 16160 18029 I art     : Starting a blocking GC Explicit
08-04 00:29:38.224 16160 18029 I art     : Explicit concurrent mark sweep GC freed 3(96B) AllocSpace objects, 0(0B) LOS objects, 22% free, 53MB/69MB, paused 537us total 24.405ms
08-04 00:29:38.233 16160 18029 I art     : Starting a blocking GC Explicit
08-04 00:29:38.259 16160 18029 I art     : Explicit concurrent mark sweep GC freed 3(96B) AllocSpace objects, 0(0B) LOS objects, 22% free, 53MB/69MB, paused 505us total 24.960ms
08-04 00:29:38.268 16160 18029 I art     : Starting a blocking GC Explicit
08-04 00:29:38.292 16160 18029 I art     : Explicit concurrent mark sweep GC freed 3(96B) AllocSpace objects, 0(0B) LOS objects, 22% free, 53MB/69MB, paused 530us total 24.357ms
08-04 00:29:38.604 16160 16172 I art     : Starting a blocking GC Explicit
08-04 00:29:38.639 16160 16172 I art     : Explicit concurrent mark sweep GC freed 1365(79KB) AllocSpace objects, 1(20KB) LOS objects, 22% free, 53MB/69MB, paused 611us total 34.410ms
08-04 00:29:38.652 16160 16172 I art     : Starting a blocking GC Explicit
08-04 00:29:38.676 16160 16172 I art     : Explicit concurrent mark sweep GC freed 36(1216B) AllocSpace objects, 0(0B) LOS objects, 22% free, 53MB/69MB, paused 518us total 23.915ms
08-04 00:29:38.685 16160 16172 I art     : Starting a blocking GC Explicit
08-04 00:29:38.710 16160 16172 I art     : Explicit concurrent mark sweep GC freed 3(96B) AllocSpace objects, 0(0B) LOS objects, 22% free, 53MB/69MB, paused 514us total 24.523ms
08-04 00:29:38.719 16160 16172 I art     : Starting a blocking GC Explicit
08-04 00:29:38.744 16160 16172 I art     : Explicit concurrent mark sweep GC freed 3(96B) AllocSpace objects, 0(0B) LOS objects, 22% free, 53MB/69MB, paused 507us total 24.532ms
08-04 00:29:38.754 16160 16172 I art     : Starting a blocking GC Explicit
08-04 00:29:38.779 16160 16172 I art     : Explicit concurrent mark sweep GC freed 3(96B) AllocSpace objects, 0(0B) LOS objects, 22% free, 53MB/69MB, paused 524us total 25.109ms
08-04 00:29:39.085 16160 16648 I art     : Starting a blocking GC Explicit
08-04 00:29:39.121 16160 16648 I art     : Explicit concurrent mark sweep GC freed 1344(78KB) AllocSpace objects, 1(20KB) LOS objects, 22% free, 53MB/69MB, paused 597us total 34.874ms
08-04 00:29:39.133 16160 16648 I art     : Starting a blocking GC Explicit
08-04 00:29:39.158 16160 16648 I art     : Explicit concurrent mark sweep GC freed 20(704B) AllocSpace objects, 0(0B) LOS objects, 22% free, 53MB/69MB, paused 527us total 24.706ms
08-04 00:29:39.168 16160 16648 I art     : Starting a blocking GC Explicit
08-04 00:29:39.193 16160 16648 I art     : Explicit concurrent mark sweep GC freed 3(96B) AllocSpace objects, 0(0B) LOS objects, 22% free, 53MB/69MB, paused 495us total 24.747ms
08-04 00:29:39.202 16160 16648 I art     : Starting a blocking GC Explicit
08-04 00:29:39.227 16160 16648 I art     : Explicit concurrent mark sweep GC freed 3(96B) AllocSpace objects, 0(0B) LOS objects, 22% free, 53MB/69MB, paused 585us total 24.723ms
08-04 00:29:39.236 16160 16648 I art     : Starting a blocking GC Explicit
08-04 00:29:39.262 16160 16648 I art     : Explicit concurrent mark sweep GC freed 3(96B) AllocSpace objects, 0(0B) LOS objects, 22% free, 53MB/69MB, paused 522us total 25.260ms
08-04 00:29:39.597 16160 16250 I art     : Starting a blocking GC Explicit
08-04 00:29:39.634 16160 16250 I art     : Explicit concurrent mark sweep GC freed 1344(78KB) AllocSpace objects, 1(20KB) LOS objects, 22% free, 53MB/69MB, paused 560us total 35.756ms
08-04 00:29:39.647 16160 16250 I art     : Starting a blocking GC Explicit
08-04 00:29:39.670 16160 16250 I art     : Explicit concurrent mark sweep GC freed 20(704B) AllocSpace objects, 0(0B) LOS objects, 22% free, 53MB/69MB, paused 480us total 22.512ms
08-04 00:29:39.679 16160 16250 I art     : Starting a blocking GC Explicit
08-04 00:29:39.702 16160 16250 I art     : Explicit concurrent mark sweep GC freed 3(96B) AllocSpace objects, 0(0B) LOS objects, 22% free, 53MB/69MB, paused 462us total 22.434ms
08-04 00:29:39.711 16160 16250 I art     : Starting a blocking GC Explicit
08-04 00:29:39.735 16160 16250 I art     : Explicit concurrent mark sweep GC freed 3(96B) AllocSpace objects, 0(0B) LOS objects, 22% free, 53MB/69MB, paused 521us total 23.850ms
08-04 00:29:39.744 16160 16250 I art     : Starting a blocking GC Explicit
08-04 00:29:39.768 16160 16250 I art     : Explicit concurrent mark sweep GC freed 3(96B) AllocSpace objects, 0(0B) LOS objects, 22% free, 53MB/69MB, paused 531us total 23.859ms
08-04 00:29:40.092 16160 16173 I art     : Starting a blocking GC Explicit
08-04 00:29:40.123 16160 16173 I art     : Explicit concurrent mark sweep GC freed 1344(78KB) AllocSpace objects, 1(20KB) LOS objects, 22% free, 53MB/69MB, paused 552us total 30.609ms
08-04 00:29:40.136 16160 16173 I art     : Starting a blocking GC Explicit
08-04 00:29:40.161 16160 16173 I art     : Explicit concurrent mark sweep GC freed 20(704B) AllocSpace objects, 0(0B) LOS objects, 22% free, 53MB/69MB, paused 569us total 24.175ms
08-04 00:29:40.170 16160 16173 I art     : Starting a blocking GC Explicit
08-04 00:29:40.195 16160 16173 I art     : Explicit concurrent mark sweep GC freed 3(96B) AllocSpace objects, 0(0B) LOS objects, 22% free, 53MB/69MB, paused 514us total 24.479ms
08-04 00:29:40.204 16160 16173 I art     : Starting a blocking GC Explicit
08-04 00:29:40.229 16160 16173 I art     : Explicit concurrent mark sweep GC freed 3(96B) AllocSpace objects, 0(0B) LOS objects, 22% free, 53MB/69MB, paused 513us total 25.060ms
08-04 00:29:40.239 16160 16173 I art     : Starting a blocking GC Explicit
08-04 00:29:40.263 16160 16173 I art     : Explicit concurrent mark sweep GC freed 3(96B) AllocSpace objects, 0(0B) LOS objects, 22% free, 53MB/69MB, paused 507us total 24.175ms
08-04 00:29:40.616 16160 18029 I art     : Starting a blocking GC Explicit
08-04 00:29:40.649 16160 18029 I art     : Explicit concurrent mark sweep GC freed 1344(78KB) AllocSpace objects, 1(20KB) LOS objects, 22% free, 53MB/69MB, paused 661us total 32.360ms
08-04 00:29:40.662 16160 18029 I art     : Starting a blocking GC Explicit
08-04 00:29:40.687 16160 18029 I art     : Explicit concurrent mark sweep GC freed 20(704B) AllocSpace objects, 0(0B) LOS objects, 22% free, 53MB/69MB, paused 612us total 24.889ms
08-04 00:29:40.696 16160 18029 I art     : Starting a blocking GC Explicit
08-04 00:29:40.721 16160 18029 I art     : Explicit concurrent mark sweep GC freed 3(96B) AllocSpace objects, 0(0B) LOS objects, 22% free, 53MB/69MB, paused 524us total 24.222ms
08-04 00:29:40.730 16160 18029 I art     : Starting a blocking GC Explicit
08-04 00:29:40.755 16160 18029 I art     : Explicit concurrent mark sweep GC freed 3(96B) AllocSpace objects, 0(0B) LOS objects, 22% free, 53MB/69MB, paused 531us total 24.680ms
08-04 00:29:40.764 16160 18029 I art     : Starting a blocking GC Explicit
08-04 00:29:40.789 16160 18029 I art     : Explicit concurrent mark sweep GC freed 3(96B) AllocSpace objects, 0(0B) LOS objects, 22% free, 53MB/69MB, paused 470us total 24.086ms
08-04 00:29:41.063 16160 16172 I art     : Starting a blocking GC Explicit
08-04 00:29:41.095 16160 16172 I art     : Explicit concurrent mark sweep GC freed 1344(78KB) AllocSpace objects, 1(20KB) LOS objects, 22% free, 53MB/69MB, paused 481us total 31.578ms
08-04 00:29:41.103 16160 16172 I art     : Starting a blocking GC Explicit
08-04 00:29:41.126 16160 16172 I art     : Explicit concurrent mark sweep GC freed 20(704B) AllocSpace objects, 0(0B) LOS objects, 22% free, 53MB/69MB, paused 509us total 22.646ms
08-04 00:29:41.135 16160 16172 I art     : Starting a blocking GC Explicit
08-04 00:29:41.158 16160 16172 I art     : Explicit concurrent mark sweep GC freed 3(96B) AllocSpace objects, 0(0B) LOS objects, 22% free, 53MB/69MB, paused 512us total 22.669ms
08-04 00:29:41.166 16160 16172 I art     : Starting a blocking GC Explicit
08-04 00:29:41.190 16160 16172 I art     : Explicit concurrent mark sweep GC freed 3(96B) AllocSpace objects, 0(0B) LOS objects, 22% free, 53MB/69MB, paused 515us total 23.158ms
08-04 00:29:41.199 16160 16172 I art     : Starting a blocking GC Explicit
08-04 00:29:41.223 16160 16172 I art     : Explicit concurrent mark sweep GC freed 3(96B) AllocSpace objects, 0(0B) LOS objects, 22% free, 53MB/69MB, paused 576us total 23.535ms
08-04 00:29:41.231 19704 19704 D AndroidRuntime: >>>>>> START com.android.internal.os.RuntimeInit uid 2000 <<<<<<
08-04 00:29:41.235 19704 19704 D AndroidRuntime: CheckJNI is OFF
08-04 00:29:41.268 19704 19704 D ICU     : No timezone override file found: /data/misc/zoneinfo/current/icu/icu_tzdata.dat
08-04 00:29:41.301 19704 19704 I Radio-JNI: register_android_hardware_Radio DONE
08-04 00:29:41.323 19704 19704 D AndroidRuntime: Calling main entry com.android.commands.input.Input
08-04 00:29:41.325 19704 19704 I Input   : injectKeyEvent: KeyEvent { action=ACTION_DOWN, keyCode=KEYCODE_BACK, scanCode=0, metaState=0, flags=0x0, repeatCount=0, eventTime=664197738, downTime=664197738, deviceId=-1, source=0x101 }
08-04 00:29:41.332 19704 19704 I Input   : injectKeyEvent: KeyEvent { action=ACTION_UP, keyCode=KEYCODE_BACK, scanCode=0, metaState=0, flags=0x0, repeatCount=0, eventTime=664197738, downTime=664197738, deviceId=-1, source=0x101 }
08-04 00:29:41.338 19704 19704 D AndroidRuntime: Shutting down VM
08-04 00:29:41.381 13866 13866 I GoogleInputMethodServic: GoogleInputMethodService.onFinishInput():3138 
08-04 00:29:41.384 13866 13866 I GoogleInputMethodServic: GoogleInputMethodService.onStartInput():1808 
08-04 00:29:41.473 16160 18029 I art     : Starting a blocking GC Explicit
08-04 00:29:41.498 16160 18029 I art     : Explicit concurrent mark sweep GC freed 1526(86KB) AllocSpace objects, 1(20KB) LOS objects, 22% free, 53MB/69MB, paused 509us total 25.302ms
08-04 00:29:41.513 16160 18029 I art     : Starting a blocking GC Explicit
08-04 00:29:41.546 16160 18029 I art     : Explicit concurrent mark sweep GC freed 26(944B) AllocSpace objects, 0(0B) LOS objects, 22% free, 53MB/69MB, paused 574us total 32.706ms
08-04 00:29:41.560 16160 18029 I art     : Starting a blocking GC Explicit
08-04 00:29:41.589 16160 18029 I art     : Explicit concurrent mark sweep GC freed 3(96B) AllocSpace objects, 0(0B) LOS objects, 22% free, 53MB/69MB, paused 657us total 28.314ms
08-04 00:29:41.598 16160 18029 I art     : Starting a blocking GC Explicit
08-04 00:29:41.627 16160 18029 I art     : Explicit concurrent mark sweep GC freed 3(96B) AllocSpace objects, 0(0B) LOS objects, 22% free, 53MB/69MB, paused 540us total 29.102ms
08-04 00:29:41.638 16160 18029 I art     : Starting a blocking GC Explicit
08-04 00:29:41.666 16160 18029 I art     : Explicit concurrent mark sweep GC freed 3(96B) AllocSpace objects, 0(0B) LOS objects, 22% free, 53MB/69MB, paused 644us total 27.489ms
08-04 00:29:41.681   380   380 W SurfaceFlinger: couldn't log to binary event log: overflow.
08-04 00:29:41.958 16160 16172 I art     : Starting a blocking GC Explicit
08-04 00:29:41.994 16160 16172 I art     : Explicit concurrent mark sweep GC freed 1453(86KB) AllocSpace objects, 1(20KB) LOS objects, 22% free, 53MB/69MB, paused 580us total 36.188ms
08-04 00:29:42.008 16160 16172 I art     : Starting a blocking GC Explicit
08-04 00:29:42.031 16160 16172 I art     : Explicit concurrent mark sweep GC freed 1671(107KB) AllocSpace objects, 3(180KB) LOS objects, 23% free, 53MB/69MB, paused 514us total 23.379ms
08-04 00:29:42.040 16160 16172 I art     : Starting a blocking GC Explicit
08-04 00:29:42.064 16160 16172 I art     : Explicit concurrent mark sweep GC freed 3(96B) AllocSpace objects, 0(0B) LOS objects, 23% free, 53MB/69MB, paused 504us total 23.616ms
08-04 00:29:42.073 16160 16172 I art     : Starting a blocking GC Explicit
08-04 00:29:42.098 16160 16172 I art     : Explicit concurrent mark sweep GC freed 3(96B) AllocSpace objects, 0(0B) LOS objects, 23% free, 53MB/69MB, paused 517us total 24.448ms
08-04 00:29:42.107 16160 16172 I art     : Starting a blocking GC Explicit
08-04 00:29:42.131 16160 16172 I art     : Explicit concurrent mark sweep GC freed 3(96B) AllocSpace objects, 0(0B) LOS objects, 23% free, 53MB/69MB, paused 517us total 23.619ms
08-04 00:29:42.433 16160 16648 I art     : Starting a blocking GC Explicit
08-04 00:29:42.464 16160 16648 I art     : Explicit concurrent mark sweep GC freed 1344(78KB) AllocSpace objects, 1(20KB) LOS objects, 23% free, 53MB/69MB, paused 616us total 30.120ms
08-04 00:29:42.477 16160 16648 I art     : Starting a blocking GC Explicit
08-04 00:29:42.500 16160 16648 I art     : Explicit concurrent mark sweep GC freed 20(704B) AllocSpace objects, 0(0B) LOS objects, 23% free, 53MB/69MB, paused 498us total 23.250ms
08-04 00:29:42.509 16160 16648 I art     : Starting a blocking GC Explicit
08-04 00:29:42.533 16160 16648 I art     : Explicit concurrent mark sweep GC freed 3(96B) AllocSpace objects, 0(0B) LOS objects, 23% free, 53MB/69MB, paused 505us total 23.451ms
08-04 00:29:42.542 16160 16648 I art     : Starting a blocking GC Explicit
08-04 00:29:42.566 16160 16648 I art     : Explicit concurrent mark sweep GC freed 3(96B) AllocSpace objects, 0(0B) LOS objects, 23% free, 53MB/69MB, paused 505us total 23.822ms
08-04 00:29:42.576 16160 16648 I art     : Starting a blocking GC Explicit
08-04 00:29:42.599 16160 16648 I art     : Explicit concurrent mark sweep GC freed 3(96B) AllocSpace objects, 0(0B) LOS objects, 23% free, 53MB/69MB, paused 534us total 22.956ms
08-04 00:29:42.873 16160 16173 I art     : Starting a blocking GC Explicit
08-04 00:29:42.897 16160 16173 I art     : Explicit concurrent mark sweep GC freed 1344(78KB) AllocSpace objects, 1(20KB) LOS objects, 23% free, 53MB/69MB, paused 600us total 24.418ms
08-04 00:29:42.906 16160 16173 I art     : Starting a blocking GC Explicit
08-04 00:29:42.930 16160 16173 I art     : Explicit concurrent mark sweep GC freed 20(704B) AllocSpace objects, 0(0B) LOS objects, 23% free, 53MB/69MB, paused 525us total 23.398ms
08-04 00:29:42.940 16160 16173 I art     : Starting a blocking GC Explicit
08-04 00:29:42.962 16160 16173 I art     : Explicit concurrent mark sweep GC freed 3(96B) AllocSpace objects, 0(0B) LOS objects, 23% free, 53MB/69MB, paused 516us total 22.667ms
08-04 00:29:42.971 16160 16173 I art     : Starting a blocking GC Explicit
08-04 00:29:42.991 19759 19759 D AndroidRuntime: >>>>>> START com.android.internal.os.RuntimeInit uid 2000 <<<<<<
08-04 00:29:42.994 16160 16173 I art     : Explicit concurrent mark sweep GC freed 3(96B) AllocSpace objects, 0(0B) LOS objects, 23% free, 53MB/69MB, paused 538us total 22.776ms
08-04 00:29:42.996 19759 19759 D AndroidRuntime: CheckJNI is OFF
08-04 00:29:43.003 16160 16173 I art     : Starting a blocking GC Explicit
08-04 00:29:43.025 16160 16173 I art     : Explicit concurrent mark sweep GC freed 3(96B) AllocSpace objects, 0(0B) LOS objects, 23% free, 53MB/69MB, paused 526us total 22.235ms
08-04 00:29:43.030 19759 19759 D ICU     : No timezone override file found: /data/misc/zoneinfo/current/icu/icu_tzdata.dat
08-04 00:29:43.063 19759 19759 I Radio-JNI: register_android_hardware_Radio DONE
08-04 00:29:43.085 19759 19759 D AndroidRuntime: Calling main entry com.android.commands.input.Input
08-04 00:29:43.087 19759 19759 I Input   : injectMotionEvent: MotionEvent { action=ACTION_DOWN, actionButton=0, id[0]=0, x[0]=255.0, y[0]=1845.0, toolType[0]=TOOL_TYPE_UNKNOWN, buttonState=0, metaState=0, flags=0x0, edgeFlags=0x0, pointerCount=1, historySize=0, eventTime=664199499, downTime=664199499, deviceId=0, source=0x1002 }
08-04 00:29:43.093 19759 19759 I Input   : injectMotionEvent: MotionEvent { action=ACTION_UP, actionButton=0, id[0]=0, x[0]=255.0, y[0]=1845.0, toolType[0]=TOOL_TYPE_UNKNOWN, buttonState=0, metaState=0, flags=0x0, edgeFlags=0x0, pointerCount=1, historySize=0, eventTime=664199499, downTime=664199499, deviceId=0, source=0x1002 }
08-04 00:29:43.095   918  6111 I ActivityManager: START u0 {cmp=baseline.appteam.nith.hillffair/.activities.ClubActivity (has extras)} from uid 10651 on display 0
08-04 00:29:43.103 19759 19759 D AndroidRuntime: Shutting down VM
08-04 00:29:43.210   918   936 I ActivityManager: Displayed baseline.appteam.nith.hillffair/.activities.ClubActivity: +106ms
08-04 00:29:43.210 13866 13866 I GoogleInputMethodServic: GoogleInputMethodService.onFinishInput():3138 
08-04 00:29:43.211 13866 13866 I GoogleInputMethodServic: GoogleInputMethodService.onStartInput():1808 
08-04 00:29:43.271 16160 16172 I art     : Starting a blocking GC Explicit
08-04 00:29:43.296 16160 16172 I art     : Explicit concurrent mark sweep GC freed 4996(308KB) AllocSpace objects, 1(20KB) LOS objects, 22% free, 53MB/69MB, paused 627us total 24.441ms
08-04 00:29:43.308 16160 16172 I art     : Starting a blocking GC Explicit
08-04 00:29:43.338 16160 16172 I art     : Explicit concurrent mark sweep GC freed 218(10KB) AllocSpace objects, 0(0B) LOS objects, 22% free, 53MB/69MB, paused 609us total 29.920ms
08-04 00:29:43.349 16160 16172 I art     : Starting a blocking GC Explicit
08-04 00:29:43.377 16160 16172 I art     : Explicit concurrent mark sweep GC freed 3(96B) AllocSpace objects, 0(0B) LOS objects, 22% free, 53MB/69MB, paused 640us total 28.232ms
08-04 00:29:43.389 16160 16172 I art     : Starting a blocking GC Explicit
08-04 00:29:43.417 16160 16172 I art     : Explicit concurrent mark sweep GC freed 3(96B) AllocSpace objects, 0(0B) LOS objects, 22% free, 53MB/69MB, paused 679us total 28.128ms
08-04 00:29:43.428 16160 16172 I art     : Starting a blocking GC Explicit
08-04 00:29:43.450   380   380 W SurfaceFlinger: couldn't log to binary event log: overflow.
08-04 00:29:43.457 16160 16172 I art     : Explicit concurrent mark sweep GC freed 3(96B) AllocSpace objects, 0(0B) LOS objects, 22% free, 53MB/69MB, paused 540us total 29.056ms
08-04 00:29:43.621 16160 19782 D OkHttp  : --> GET https://api-hillfair-2k16.herokuapp.com/api/app/club/Technical%20Committee http/1.1
08-04 00:29:43.653 16160 19782 D OkHttp  : <-- 200 OK https://api-hillfair-2k16.herokuapp.com/api/app/club/Technical%20Committee (32ms, 1171-byte body)
08-04 00:29:43.701 16160 16160 I NAPPA_EXPERIMENTATION: MetricNetworkRequestExecutionTime: REQUEST_DURATION_SYSTEM='569',REQUEST_DURATION_OKHTTP='32',REQUEST_SYNCHRONOUS='FALSE',RESPONSE_CODE='200',RESPONSE_METHOD='GET',RESPONSE_LENGTH_OKHTTP='1171',RESPONSE_LENGTH_HEADER='1171',REQUEST_PROTOCOL='http/1.1',REQUEST_URL='https://api-hillfair-2k16.herokuapp.com/api/app/club/Technical%20Committee',
08-04 00:29:43.742 16160 18029 I art     : Starting a blocking GC Explicit
08-04 00:29:43.772 16160 18029 I art     : Explicit concurrent mark sweep GC freed 4919(348KB) AllocSpace objects, 4(220KB) LOS objects, 22% free, 54MB/70MB, paused 537us total 30.044ms
08-04 00:29:43.782 16160 18029 I art     : Starting a blocking GC Explicit
08-04 00:29:43.806 16160 18029 I art     : Explicit concurrent mark sweep GC freed 1029(119KB) AllocSpace objects, 0(0B) LOS objects, 22% free, 53MB/69MB, paused 487us total 24.706ms
08-04 00:29:43.817 16160 18029 I art     : Starting a blocking GC Explicit
08-04 00:29:43.841 16160 18029 I art     : Explicit concurrent mark sweep GC freed 3(96B) AllocSpace objects, 0(0B) LOS objects, 22% free, 53MB/69MB, paused 518us total 23.512ms
08-04 00:29:43.850 16160 18029 I art     : Starting a blocking GC Explicit
08-04 00:29:43.874 16160 18029 I art     : Explicit concurrent mark sweep GC freed 3(96B) AllocSpace objects, 0(0B) LOS objects, 22% free, 53MB/69MB, paused 545us total 23.883ms
08-04 00:29:43.883 16160 18029 I art     : Starting a blocking GC Explicit
08-04 00:29:43.894 17791 17791 I ServiceManager: Waiting for service AtCmdFwd...
08-04 00:29:43.907 16160 18029 I art     : Explicit concurrent mark sweep GC freed 3(96B) AllocSpace objects, 0(0B) LOS objects, 22% free, 53MB/69MB, paused 592us total 23.849ms
08-04 00:29:44.207 16160 16173 I art     : Starting a blocking GC Explicit
08-04 00:29:44.234 16160 16173 I art     : Explicit concurrent mark sweep GC freed 1344(78KB) AllocSpace objects, 1(20KB) LOS objects, 22% free, 53MB/69MB, paused 521us total 26.699ms
08-04 00:29:44.247 16160 16173 I art     : Starting a blocking GC Explicit
08-04 00:29:44.272 16160 16173 I art     : Explicit concurrent mark sweep GC freed 36(1264B) AllocSpace objects, 0(0B) LOS objects, 22% free, 53MB/69MB, paused 527us total 24.999ms
08-04 00:29:44.282 16160 16173 I art     : Starting a blocking GC Explicit
08-04 00:29:44.306 16160 16173 I art     : Explicit concurrent mark sweep GC freed 3(96B) AllocSpace objects, 0(0B) LOS objects, 22% free, 53MB/69MB, paused 528us total 24.260ms
08-04 00:29:44.316 16160 16173 I art     : Starting a blocking GC Explicit
08-04 00:29:44.341 16160 16173 I art     : Explicit concurrent mark sweep GC freed 3(96B) AllocSpace objects, 0(0B) LOS objects, 22% free, 53MB/69MB, paused 536us total 25.333ms
08-04 00:29:44.351 16160 16173 I art     : Starting a blocking GC Explicit
08-04 00:29:44.376 16160 16173 I art     : Explicit concurrent mark sweep GC freed 3(96B) AllocSpace objects, 0(0B) LOS objects, 22% free, 53MB/69MB, paused 540us total 24.814ms
08-04 00:29:44.680 16160 16648 I art     : Starting a blocking GC Explicit
08-04 00:29:44.708 16160 16648 I art     : Explicit concurrent mark sweep GC freed 1345(78KB) AllocSpace objects, 1(20KB) LOS objects, 22% free, 53MB/69MB, paused 525us total 27.272ms
08-04 00:29:44.718 16160 16648 I art     : Starting a blocking GC Explicit
08-04 00:29:44.741 16160 16648 I art     : Explicit concurrent mark sweep GC freed 20(704B) AllocSpace objects, 0(0B) LOS objects, 22% free, 53MB/69MB, paused 493us total 23.409ms
08-04 00:29:44.750 16160 16648 I art     : Starting a blocking GC Explicit
08-04 00:29:44.775 16160 16648 I art     : Explicit concurrent mark sweep GC freed 3(96B) AllocSpace objects, 0(0B) LOS objects, 22% free, 53MB/69MB, paused 538us total 24.412ms
08-04 00:29:44.784 16160 16648 I art     : Starting a blocking GC Explicit
08-04 00:29:44.808 16160 16648 I art     : Explicit concurrent mark sweep GC freed 3(96B) AllocSpace objects, 0(0B) LOS objects, 22% free, 53MB/69MB, paused 549us total 24.044ms
08-04 00:29:44.817 16160 16648 I art     : Starting a blocking GC Explicit
08-04 00:29:44.843 16160 16648 I art     : Explicit concurrent mark sweep GC freed 3(96B) AllocSpace objects, 0(0B) LOS objects, 22% free, 53MB/69MB, paused 530us total 25.214ms
08-04 00:29:44.895 17791 17791 I ServiceManager: Waiting for service AtCmdFwd...
08-04 00:29:45.153 16160 18029 I art     : Starting a blocking GC Explicit
08-04 00:29:45.184 16160 18029 I art     : Explicit concurrent mark sweep GC freed 1344(78KB) AllocSpace objects, 1(20KB) LOS objects, 22% free, 53MB/69MB, paused 579us total 31.413ms
08-04 00:29:45.198 16160 18029 I art     : Starting a blocking GC Explicit
08-04 00:29:45.224 16160 18029 I art     : Explicit concurrent mark sweep GC freed 20(704B) AllocSpace objects, 0(0B) LOS objects, 22% free, 53MB/69MB, paused 507us total 26.025ms
08-04 00:29:45.233 16160 18029 I art     : Starting a blocking GC Explicit
08-04 00:29:45.258 16160 18029 I art     : Explicit concurrent mark sweep GC freed 3(96B) AllocSpace objects, 0(0B) LOS objects, 22% free, 53MB/69MB, paused 537us total 24.837ms
08-04 00:29:45.267 16160 18029 I art     : Starting a blocking GC Explicit
08-04 00:29:45.293 16160 18029 I art     : Explicit concurrent mark sweep GC freed 3(96B) AllocSpace objects, 0(0B) LOS objects, 22% free, 53MB/69MB, paused 542us total 25.641ms
08-04 00:29:45.303 16160 18029 I art     : Starting a blocking GC Explicit
08-04 00:29:45.328 16160 18029 I art     : Explicit concurrent mark sweep GC freed 3(96B) AllocSpace objects, 0(0B) LOS objects, 22% free, 53MB/69MB, paused 568us total 24.763ms
08-04 00:29:45.648 16160 16250 I art     : Starting a blocking GC Explicit
08-04 00:29:45.684 16160 16250 I art     : Explicit concurrent mark sweep GC freed 1344(78KB) AllocSpace objects, 1(20KB) LOS objects, 22% free, 53MB/69MB, paused 596us total 35.072ms
08-04 00:29:45.684 16160 16171 I art     : WaitForGcToComplete blocked for 33.077ms for cause HeapTrim
08-04 00:29:45.696 16160 16250 I art     : Starting a blocking GC Explicit
08-04 00:29:45.721 16160 16250 I art     : Explicit concurrent mark sweep GC freed 20(704B) AllocSpace objects, 0(0B) LOS objects, 22% free, 53MB/69MB, paused 510us total 24.125ms
08-04 00:29:45.730 16160 16250 I art     : Starting a blocking GC Explicit
08-04 00:29:45.755 16160 16250 I art     : Explicit concurrent mark sweep GC freed 3(96B) AllocSpace objects, 0(0B) LOS objects, 22% free, 53MB/69MB, paused 524us total 25.050ms
08-04 00:29:45.765 16160 16250 I art     : Starting a blocking GC Explicit
08-04 00:29:45.789 16160 16250 I art     : Explicit concurrent mark sweep GC freed 3(96B) AllocSpace objects, 0(0B) LOS objects, 22% free, 53MB/69MB, paused 530us total 24.620ms
08-04 00:29:45.799 16160 16250 I art     : Starting a blocking GC Explicit
08-04 00:29:45.824 16160 16250 I art     : Explicit concurrent mark sweep GC freed 3(96B) AllocSpace objects, 0(0B) LOS objects, 22% free, 53MB/69MB, paused 538us total 25.024ms
08-04 00:29:45.896 17791 17791 I ServiceManager: Waiting for service AtCmdFwd...
08-04 00:29:46.175 16160 16172 I art     : Starting a blocking GC Explicit
08-04 00:29:46.207 16160 16172 I art     : Explicit concurrent mark sweep GC freed 1344(78KB) AllocSpace objects, 1(20KB) LOS objects, 22% free, 53MB/69MB, paused 554us total 31.661ms
08-04 00:29:46.220 16160 16172 I art     : Starting a blocking GC Explicit
08-04 00:29:46.244 16160 16172 I art     : Explicit concurrent mark sweep GC freed 20(704B) AllocSpace objects, 0(0B) LOS objects, 22% free, 53MB/69MB, paused 504us total 23.646ms
08-04 00:29:46.252 16160 16172 I art     : Starting a blocking GC Explicit
08-04 00:29:46.274 16160 16172 I art     : Explicit concurrent mark sweep GC freed 3(96B) AllocSpace objects, 0(0B) LOS objects, 22% free, 53MB/69MB, paused 493us total 21.871ms
08-04 00:29:46.283 16160 16172 I art     : Starting a blocking GC Explicit
08-04 00:29:46.307 16160 16172 I art     : Explicit concurrent mark sweep GC freed 3(96B) AllocSpace objects, 0(0B) LOS objects, 22% free, 53MB/69MB, paused 610us total 23.717ms
08-04 00:29:46.316 16160 16172 I art     : Starting a blocking GC Explicit
08-04 00:29:46.340 16160 16172 I art     : Explicit concurrent mark sweep GC freed 3(96B) AllocSpace objects, 0(0B) LOS objects, 22% free, 53MB/69MB, paused 523us total 23.990ms
08-04 00:29:46.673 16160 16173 I art     : Starting a blocking GC Explicit
08-04 00:29:46.711 16160 16173 I art     : Explicit concurrent mark sweep GC freed 1344(78KB) AllocSpace objects, 1(20KB) LOS objects, 22% free, 53MB/69MB, paused 605us total 37.016ms
08-04 00:29:46.727 16160 16173 I art     : Starting a blocking GC Explicit
08-04 00:29:46.752 16160 16173 I art     : Explicit concurrent mark sweep GC freed 20(704B) AllocSpace objects, 0(0B) LOS objects, 22% free, 53MB/69MB, paused 544us total 24.812ms
08-04 00:29:46.762 16160 16173 I art     : Starting a blocking GC Explicit
08-04 00:29:46.786 16160 16173 I art     : Explicit concurrent mark sweep GC freed 3(96B) AllocSpace objects, 0(0B) LOS objects, 22% free, 53MB/69MB, paused 524us total 24.189ms
08-04 00:29:46.795 16160 16173 I art     : Starting a blocking GC Explicit
08-04 00:29:46.820 16160 16173 I art     : Explicit concurrent mark sweep GC freed 3(96B) AllocSpace objects, 0(0B) LOS objects, 22% free, 53MB/69MB, paused 505us total 24.567ms
08-04 00:29:46.829 16160 16173 I art     : Starting a blocking GC Explicit
08-04 00:29:46.854 16160 16173 I art     : Explicit concurrent mark sweep GC freed 3(96B) AllocSpace objects, 0(0B) LOS objects, 22% free, 53MB/69MB, paused 514us total 24.501ms
08-04 00:29:46.897 17791 17791 I ServiceManager: Waiting for service AtCmdFwd...
08-04 00:29:47.184 16160 16648 I art     : Starting a blocking GC Explicit
08-04 00:29:47.217 16160 16648 I art     : Explicit concurrent mark sweep GC freed 1344(78KB) AllocSpace objects, 1(20KB) LOS objects, 22% free, 53MB/69MB, paused 539us total 33.159ms
08-04 00:29:47.230 16160 16648 I art     : Starting a blocking GC Explicit
08-04 00:29:47.255 16160 16648 I art     : Explicit concurrent mark sweep GC freed 20(704B) AllocSpace objects, 0(0B) LOS objects, 22% free, 53MB/69MB, paused 541us total 25.404ms
08-04 00:29:47.265 16160 16648 I art     : Starting a blocking GC Explicit
08-04 00:29:47.290 16160 16648 I art     : Explicit concurrent mark sweep GC freed 3(96B) AllocSpace objects, 0(0B) LOS objects, 22% free, 53MB/69MB, paused 495us total 24.881ms
08-04 00:29:47.299 16160 16648 I art     : Starting a blocking GC Explicit
08-04 00:29:47.324 16160 16648 I art     : Explicit concurrent mark sweep GC freed 3(96B) AllocSpace objects, 0(0B) LOS objects, 22% free, 53MB/69MB, paused 496us total 24.448ms
08-04 00:29:47.333 16160 16648 I art     : Starting a blocking GC Explicit
08-04 00:29:47.356 16160 16648 I art     : Explicit concurrent mark sweep GC freed 3(96B) AllocSpace objects, 0(0B) LOS objects, 22% free, 53MB/69MB, paused 483us total 22.702ms
08-04 00:29:47.635 16160 18029 I art     : Starting a blocking GC Explicit
08-04 00:29:47.662 16160 18029 I art     : Explicit concurrent mark sweep GC freed 1344(78KB) AllocSpace objects, 1(20KB) LOS objects, 22% free, 53MB/69MB, paused 587us total 26.809ms
08-04 00:29:47.676 16160 18029 I art     : Starting a blocking GC Explicit
08-04 00:29:47.701 16160 18029 I art     : Explicit concurrent mark sweep GC freed 20(704B) AllocSpace objects, 0(0B) LOS objects, 22% free, 53MB/69MB, paused 519us total 24.243ms
08-04 00:29:47.710 16160 18029 I art     : Starting a blocking GC Explicit
08-04 00:29:47.733 16160 18029 I art     : Explicit concurrent mark sweep GC freed 3(96B) AllocSpace objects, 0(0B) LOS objects, 22% free, 53MB/69MB, paused 541us total 23.449ms
08-04 00:29:47.742 16160 18029 I art     : Starting a blocking GC Explicit
08-04 00:29:47.766 19875 19875 D AndroidRuntime: >>>>>> START com.android.internal.os.RuntimeInit uid 2000 <<<<<<
08-04 00:29:47.766 16160 18029 I art     : Explicit concurrent mark sweep GC freed 3(96B) AllocSpace objects, 0(0B) LOS objects, 22% free, 53MB/69MB, paused 597us total 23.895ms
08-04 00:29:47.771 19875 19875 D AndroidRuntime: CheckJNI is OFF
08-04 00:29:47.775 16160 18029 I art     : Starting a blocking GC Explicit
08-04 00:29:47.799 16160 18029 I art     : Explicit concurrent mark sweep GC freed 3(96B) AllocSpace objects, 0(0B) LOS objects, 22% free, 53MB/69MB, paused 555us total 23.615ms
08-04 00:29:47.806 19875 19875 D ICU     : No timezone override file found: /data/misc/zoneinfo/current/icu/icu_tzdata.dat
08-04 00:29:47.840 19875 19875 I Radio-JNI: register_android_hardware_Radio DONE
08-04 00:29:47.861 19875 19875 D AndroidRuntime: Calling main entry com.android.commands.input.Input
08-04 00:29:47.863 19875 19875 I Input   : injectKeyEvent: KeyEvent { action=ACTION_DOWN, keyCode=KEYCODE_BACK, scanCode=0, metaState=0, flags=0x0, repeatCount=0, eventTime=664204276, downTime=664204276, deviceId=-1, source=0x101 }
08-04 00:29:47.894 19875 19875 I Input   : injectKeyEvent: KeyEvent { action=ACTION_UP, keyCode=KEYCODE_BACK, scanCode=0, metaState=0, flags=0x0, repeatCount=0, eventTime=664204276, downTime=664204276, deviceId=-1, source=0x101 }
08-04 00:29:47.898 17791 17791 I ServiceManager: Waiting for service AtCmdFwd...
08-04 00:29:47.901 19875 19875 D AndroidRuntime: Shutting down VM
08-04 00:29:47.948 13866 13866 I GoogleInputMethodServic: GoogleInputMethodService.onFinishInput():3138 
08-04 00:29:47.949 13866 13866 I GoogleInputMethodServic: GoogleInputMethodService.onStartInput():1808 
08-04 00:29:48.052 16160 18029 I art     : Starting a blocking GC Explicit
08-04 00:29:48.082 16160 18029 I art     : Explicit concurrent mark sweep GC freed 1526(86KB) AllocSpace objects, 1(20KB) LOS objects, 22% free, 53MB/69MB, paused 530us total 29.483ms
08-04 00:29:48.092 16160 18029 I art     : Starting a blocking GC Explicit
08-04 00:29:48.121 16160 18029 I art     : Explicit concurrent mark sweep GC freed 26(944B) AllocSpace objects, 0(0B) LOS objects, 22% free, 53MB/69MB, paused 554us total 28.427ms
08-04 00:29:48.134 16160 18029 I art     : Starting a blocking GC Explicit
08-04 00:29:48.165 16160 18029 I art     : Explicit concurrent mark sweep GC freed 3(96B) AllocSpace objects, 0(0B) LOS objects, 22% free, 53MB/69MB, paused 788us total 31.187ms
08-04 00:29:48.175 16160 18029 I art     : Starting a blocking GC Explicit
08-04 00:29:48.204 16160 18029 I art     : Explicit concurrent mark sweep GC freed 3(96B) AllocSpace objects, 0(0B) LOS objects, 22% free, 53MB/69MB, paused 490us total 29.361ms
08-04 00:29:48.217 16160 18029 I art     : Starting a blocking GC Explicit
08-04 00:29:48.245 16160 18029 I art     : Explicit concurrent mark sweep GC freed 3(96B) AllocSpace objects, 0(0B) LOS objects, 22% free, 53MB/69MB, paused 493us total 27.258ms
08-04 00:29:48.255   380   380 W SurfaceFlinger: couldn't log to binary event log: overflow.
08-04 00:29:48.555 16160 16648 I art     : Starting a blocking GC Explicit
08-04 00:29:48.595 16160 16648 I art     : Explicit concurrent mark sweep GC freed 1453(86KB) AllocSpace objects, 1(20KB) LOS objects, 22% free, 53MB/69MB, paused 648us total 39.085ms
08-04 00:29:48.609 16160 16648 I art     : Starting a blocking GC Explicit
08-04 00:29:48.635 16160 16648 I art     : Explicit concurrent mark sweep GC freed 1670(108KB) AllocSpace objects, 3(180KB) LOS objects, 22% free, 53MB/69MB, paused 544us total 25.624ms
08-04 00:29:48.644 16160 16648 I art     : Starting a blocking GC Explicit
08-04 00:29:48.668 16160 16648 I art     : Explicit concurrent mark sweep GC freed 3(96B) AllocSpace objects, 0(0B) LOS objects, 22% free, 53MB/69MB, paused 542us total 24.146ms
08-04 00:29:48.678 16160 16648 I art     : Starting a blocking GC Explicit
08-04 00:29:48.702 16160 16648 I art     : Explicit concurrent mark sweep GC freed 3(96B) AllocSpace objects, 0(0B) LOS objects, 22% free, 53MB/69MB, paused 529us total 24.358ms
08-04 00:29:48.711 16160 16648 I art     : Starting a blocking GC Explicit
08-04 00:29:48.737 16160 16648 I art     : Explicit concurrent mark sweep GC freed 3(96B) AllocSpace objects, 0(0B) LOS objects, 22% free, 53MB/69MB, paused 549us total 24.993ms
08-04 00:29:48.898 17791 17791 W Atfwd_Sendcmd: AtCmdFwd service not published, waiting... retryCnt : 5
08-04 00:29:49.032 16160 16250 I art     : Starting a blocking GC Explicit
08-04 00:29:49.066 16160 16250 I art     : Explicit concurrent mark sweep GC freed 1344(78KB) AllocSpace objects, 1(20KB) LOS objects, 22% free, 53MB/69MB, paused 588us total 33.756ms
08-04 00:29:49.080 16160 16250 I art     : Starting a blocking GC Explicit
08-04 00:29:49.105 16160 16250 I art     : Explicit concurrent mark sweep GC freed 20(704B) AllocSpace objects, 0(0B) LOS objects, 22% free, 53MB/69MB, paused 536us total 24.906ms
08-04 00:29:49.114 16160 16250 I art     : Starting a blocking GC Explicit
08-04 00:29:49.138 16160 16250 I art     : Explicit concurrent mark sweep GC freed 3(96B) AllocSpace objects, 0(0B) LOS objects, 22% free, 53MB/69MB, paused 497us total 23.850ms
08-04 00:29:49.148 16160 16250 I art     : Starting a blocking GC Explicit
08-04 00:29:49.171 16160 16250 I art     : Explicit concurrent mark sweep GC freed 3(96B) AllocSpace objects, 0(0B) LOS objects, 22% free, 53MB/69MB, paused 522us total 23.444ms
08-04 00:29:49.180 16160 16250 I art     : Starting a blocking GC Explicit
08-04 00:29:49.203 16160 16250 I art     : Explicit concurrent mark sweep GC freed 3(96B) AllocSpace objects, 0(0B) LOS objects, 22% free, 53MB/69MB, paused 544us total 22.947ms
08-04 00:29:49.481 16160 16173 I art     : Starting a blocking GC Explicit
08-04 00:29:49.506 16160 16173 I art     : Explicit concurrent mark sweep GC freed 1357(78KB) AllocSpace objects, 1(20KB) LOS objects, 22% free, 53MB/69MB, paused 552us total 24.736ms
08-04 00:29:49.515 16160 16173 I art     : Starting a blocking GC Explicit
08-04 00:29:49.539 16160 16173 I art     : Explicit concurrent mark sweep GC freed 34(1136B) AllocSpace objects, 0(0B) LOS objects, 22% free, 53MB/69MB, paused 533us total 24.011ms
08-04 00:29:49.549 16160 16173 I art     : Starting a blocking GC Explicit
08-04 00:29:49.554 19929 19929 D AndroidRuntime: >>>>>> START com.android.internal.os.RuntimeInit uid 2000 <<<<<<
08-04 00:29:49.559 19929 19929 D AndroidRuntime: CheckJNI is OFF
08-04 00:29:49.572 16160 16173 I art     : Explicit concurrent mark sweep GC freed 3(96B) AllocSpace objects, 0(0B) LOS objects, 22% free, 53MB/69MB, paused 519us total 23.296ms
08-04 00:29:49.581 16160 16173 I art     : Starting a blocking GC Explicit
08-04 00:29:49.595 19929 19929 D ICU     : No timezone override file found: /data/misc/zoneinfo/current/icu/icu_tzdata.dat
08-04 00:29:49.604 16160 16173 I art     : Explicit concurrent mark sweep GC freed 3(96B) AllocSpace objects, 0(0B) LOS objects, 22% free, 53MB/69MB, paused 582us total 22.830ms
08-04 00:29:49.613 16160 16173 I art     : Starting a blocking GC Explicit
08-04 00:29:49.631 19929 19929 I Radio-JNI: register_android_hardware_Radio DONE
08-04 00:29:49.636 16160 16173 I art     : Explicit concurrent mark sweep GC freed 3(96B) AllocSpace objects, 0(0B) LOS objects, 22% free, 53MB/69MB, paused 526us total 22.760ms
08-04 00:29:49.654 19929 19929 D AndroidRuntime: Calling main entry com.android.commands.input.Input
08-04 00:29:49.656 19929 19929 I Input   : injectMotionEvent: MotionEvent { action=ACTION_DOWN, actionButton=0, id[0]=0, x[0]=255.0, y[0]=1845.0, toolType[0]=TOOL_TYPE_UNKNOWN, buttonState=0, metaState=0, flags=0x0, edgeFlags=0x0, pointerCount=1, historySize=0, eventTime=664206068, downTime=664206068, deviceId=0, source=0x1002 }
08-04 00:29:49.661 19929 19929 I Input   : injectMotionEvent: MotionEvent { action=ACTION_UP, actionButton=0, id[0]=0, x[0]=255.0, y[0]=1845.0, toolType[0]=TOOL_TYPE_UNKNOWN, buttonState=0, metaState=0, flags=0x0, edgeFlags=0x0, pointerCount=1, historySize=0, eventTime=664206068, downTime=664206068, deviceId=0, source=0x1002 }
08-04 00:29:49.662   918  3714 I ActivityManager: START u0 {cmp=baseline.appteam.nith.hillffair/.activities.ClubActivity (has extras)} from uid 10651 on display 0
08-04 00:29:49.668 19929 19929 D AndroidRuntime: Shutting down VM
08-04 00:29:49.747 16160 16160 I NAPPA_EXPERIMENTATION: MetricNetworkRequestExecutionTime: REQUEST_DURATION_SYSTEM='54',REQUEST_DURATION_OKHTTP='32',REQUEST_SYNCHRONOUS='FALSE',RESPONSE_CODE='200',RESPONSE_METHOD='GET',RESPONSE_LENGTH_OKHTTP='1171',RESPONSE_LENGTH_HEADER='-2',REQUEST_PROTOCOL='http/1.1',REQUEST_URL='https://api-hillfair-2k16.herokuapp.com/api/app/club/Technical%20Committee',
08-04 00:29:49.766   918   936 I ActivityManager: Displayed baseline.appteam.nith.hillffair/.activities.ClubActivity: +97ms
08-04 00:29:49.767 13866 13866 I GoogleInputMethodServic: GoogleInputMethodService.onFinishInput():3138 
08-04 00:29:49.767 13866 13866 I GoogleInputMethodServic: GoogleInputMethodService.onStartInput():1808 
08-04 00:29:49.891 16160 18029 I art     : Starting a blocking GC Explicit
08-04 00:29:49.920 16160 18029 I art     : Explicit concurrent mark sweep GC freed 5679(413KB) AllocSpace objects, 1(20KB) LOS objects, 22% free, 53MB/69MB, paused 624us total 29.578ms
08-04 00:29:49.934 16160 18029 I art     : Starting a blocking GC Explicit
08-04 00:29:49.959 16160 18029 I art     : Explicit concurrent mark sweep GC freed 274(12KB) AllocSpace objects, 0(0B) LOS objects, 22% free, 53MB/69MB, paused 523us total 25.299ms
08-04 00:29:49.968 16160 18029 I art     : Starting a blocking GC Explicit
08-04 00:29:49.991 16160 18029 I art     : Explicit concurrent mark sweep GC freed 3(96B) AllocSpace objects, 0(0B) LOS objects, 22% free, 53MB/69MB, paused 494us total 23.035ms
08-04 00:29:50.000 16160 18029 I art     : Starting a blocking GC Explicit
08-04 00:29:50.023 16160 18029 I art     : Explicit concurrent mark sweep GC freed 3(96B) AllocSpace objects, 0(0B) LOS objects, 22% free, 53MB/69MB, paused 558us total 22.899ms
08-04 00:29:50.024   380   380 W SurfaceFlinger: couldn't log to binary event log: overflow.
08-04 00:29:50.033 16160 18029 I art     : Starting a blocking GC Explicit
08-04 00:29:50.055 16160 18029 I art     : Explicit concurrent mark sweep GC freed 3(96B) AllocSpace objects, 0(0B) LOS objects, 22% free, 53MB/69MB, paused 564us total 22.152ms
08-04 00:29:50.341 16160 16172 I art     : Starting a blocking GC Explicit
08-04 00:29:50.366 16160 16172 I art     : Explicit concurrent mark sweep GC freed 1444(84KB) AllocSpace objects, 1(20KB) LOS objects, 22% free, 53MB/69MB, paused 543us total 24.778ms
08-04 00:29:50.375 16160 16172 I art     : Starting a blocking GC Explicit
08-04 00:29:50.400 16160 16172 I art     : Explicit concurrent mark sweep GC freed 36(1264B) AllocSpace objects, 0(0B) LOS objects, 22% free, 53MB/69MB, paused 535us total 25.176ms
08-04 00:29:50.410 16160 16172 I art     : Starting a blocking GC Explicit
08-04 00:29:50.434 16160 16172 I art     : Explicit concurrent mark sweep GC freed 3(96B) AllocSpace objects, 0(0B) LOS objects, 22% free, 53MB/69MB, paused 535us total 24.135ms
08-04 00:29:50.443 16160 16172 I art     : Starting a blocking GC Explicit
08-04 00:29:50.468 16160 16172 I art     : Explicit concurrent mark sweep GC freed 3(96B) AllocSpace objects, 0(0B) LOS objects, 22% free, 53MB/69MB, paused 536us total 24.808ms
08-04 00:29:50.477 16160 16172 I art     : Starting a blocking GC Explicit
08-04 00:29:50.503 16160 16172 I art     : Explicit concurrent mark sweep GC freed 3(96B) AllocSpace objects, 0(0B) LOS objects, 22% free, 53MB/69MB, paused 700us total 25.261ms
08-04 00:29:50.807 16160 18029 I art     : Starting a blocking GC Explicit
08-04 00:29:50.840 16160 18029 I art     : Explicit concurrent mark sweep GC freed 1344(78KB) AllocSpace objects, 1(20KB) LOS objects, 22% free, 53MB/69MB, paused 590us total 32.492ms
08-04 00:29:50.851 16160 18029 I art     : Starting a blocking GC Explicit
08-04 00:29:50.877 16160 18029 I art     : Explicit concurrent mark sweep GC freed 20(704B) AllocSpace objects, 0(0B) LOS objects, 22% free, 53MB/69MB, paused 541us total 24.931ms
08-04 00:29:50.886 16160 18029 I art     : Starting a blocking GC Explicit
08-04 00:29:50.911 16160 18029 I art     : Explicit concurrent mark sweep GC freed 3(96B) AllocSpace objects, 0(0B) LOS objects, 22% free, 53MB/69MB, paused 553us total 25.401ms
08-04 00:29:50.921 16160 18029 I art     : Starting a blocking GC Explicit
08-04 00:29:50.947 16160 18029 I art     : Explicit concurrent mark sweep GC freed 3(96B) AllocSpace objects, 0(0B) LOS objects, 22% free, 53MB/69MB, paused 733us total 25.737ms
08-04 00:29:50.956 16160 18029 I art     : Starting a blocking GC Explicit
08-04 00:29:50.982 16160 18029 I art     : Explicit concurrent mark sweep GC freed 3(96B) AllocSpace objects, 0(0B) LOS objects, 22% free, 53MB/69MB, paused 555us total 25.367ms
08-04 00:29:51.285 16160 16648 I art     : Starting a blocking GC Explicit
08-04 00:29:51.317 16160 16648 I art     : Explicit concurrent mark sweep GC freed 1344(78KB) AllocSpace objects, 1(20KB) LOS objects, 22% free, 53MB/69MB, paused 586us total 32.285ms
08-04 00:29:51.330 16160 16648 I art     : Starting a blocking GC Explicit
08-04 00:29:51.355 16160 16648 I art     : Explicit concurrent mark sweep GC freed 20(704B) AllocSpace objects, 0(0B) LOS objects, 22% free, 53MB/69MB, paused 543us total 25.156ms
08-04 00:29:51.365 16160 16648 I art     : Starting a blocking GC Explicit
08-04 00:29:51.390 16160 16648 I art     : Explicit concurrent mark sweep GC freed 3(96B) AllocSpace objects, 0(0B) LOS objects, 22% free, 53MB/69MB, paused 647us total 25.707ms
08-04 00:29:51.400 16160 16648 I art     : Starting a blocking GC Explicit
08-04 00:29:51.426 16160 16648 I art     : Explicit concurrent mark sweep GC freed 3(96B) AllocSpace objects, 0(0B) LOS objects, 22% free, 53MB/69MB, paused 540us total 25.047ms
08-04 00:29:51.435 16160 16648 I art     : Starting a blocking GC Explicit
08-04 00:29:51.459 16160 16648 I art     : Explicit concurrent mark sweep GC freed 3(96B) AllocSpace objects, 0(0B) LOS objects, 22% free, 53MB/69MB, paused 543us total 24.417ms
08-04 00:29:51.790 16160 16173 I art     : Starting a blocking GC Explicit
08-04 00:29:51.826 16160 16173 I art     : Explicit concurrent mark sweep GC freed 1344(78KB) AllocSpace objects, 1(20KB) LOS objects, 22% free, 53MB/69MB, paused 591us total 35.274ms
08-04 00:29:51.839 16160 16173 I art     : Starting a blocking GC Explicit
08-04 00:29:51.865 16160 16173 I art     : Explicit concurrent mark sweep GC freed 20(704B) AllocSpace objects, 0(0B) LOS objects, 22% free, 53MB/69MB, paused 541us total 26.126ms
08-04 00:29:51.874 16160 16173 I art     : Starting a blocking GC Explicit
08-04 00:29:51.900 16160 16173 I art     : Explicit concurrent mark sweep GC freed 3(96B) AllocSpace objects, 0(0B) LOS objects, 22% free, 53MB/69MB, paused 557us total 25.667ms
08-04 00:29:51.910 16160 16173 I art     : Starting a blocking GC Explicit
08-04 00:29:51.936 16160 16173 I art     : Explicit concurrent mark sweep GC freed 3(96B) AllocSpace objects, 0(0B) LOS objects, 22% free, 53MB/69MB, paused 536us total 25.436ms
08-04 00:29:51.945 16160 16173 I art     : Starting a blocking GC Explicit
08-04 00:29:51.970 16160 16173 I art     : Explicit concurrent mark sweep GC freed 3(96B) AllocSpace objects, 0(0B) LOS objects, 22% free, 53MB/69MB, paused 537us total 24.522ms
08-04 00:29:52.294 16160 16250 I art     : Starting a blocking GC Explicit
08-04 00:29:52.326 16160 16250 I art     : Explicit concurrent mark sweep GC freed 1344(78KB) AllocSpace objects, 1(20KB) LOS objects, 22% free, 53MB/69MB, paused 587us total 31.757ms
08-04 00:29:52.340 16160 16250 I art     : Starting a blocking GC Explicit
08-04 00:29:52.365 16160 16250 I art     : Explicit concurrent mark sweep GC freed 20(704B) AllocSpace objects, 0(0B) LOS objects, 22% free, 53MB/69MB, paused 529us total 24.954ms
08-04 00:29:52.374 16160 16250 I art     : Starting a blocking GC Explicit
08-04 00:29:52.399 16160 16250 I art     : Explicit concurrent mark sweep GC freed 3(96B) AllocSpace objects, 0(0B) LOS objects, 22% free, 53MB/69MB, paused 557us total 24.978ms
08-04 00:29:52.409 16160 16250 I art     : Starting a blocking GC Explicit
08-04 00:29:52.434 16160 16250 I art     : Explicit concurrent mark sweep GC freed 3(96B) AllocSpace objects, 0(0B) LOS objects, 22% free, 53MB/69MB, paused 561us total 25.109ms
08-04 00:29:52.444 16160 16250 I art     : Starting a blocking GC Explicit
08-04 00:29:52.469 16160 16250 I art     : Explicit concurrent mark sweep GC freed 3(96B) AllocSpace objects, 0(0B) LOS objects, 22% free, 53MB/69MB, paused 545us total 25.414ms
08-04 00:29:52.791 16160 16172 I art     : Starting a blocking GC Explicit
08-04 00:29:52.823 16160 16172 I art     : Explicit concurrent mark sweep GC freed 1344(78KB) AllocSpace objects, 1(20KB) LOS objects, 22% free, 53MB/69MB, paused 584us total 31.680ms
08-04 00:29:52.836 16160 16172 I art     : Starting a blocking GC Explicit
08-04 00:29:52.862 16160 16172 I art     : Explicit concurrent mark sweep GC freed 20(704B) AllocSpace objects, 0(0B) LOS objects, 22% free, 53MB/69MB, paused 531us total 25.556ms
08-04 00:29:52.871 16160 16172 I art     : Starting a blocking GC Explicit
08-04 00:29:52.897 16160 16172 I art     : Explicit concurrent mark sweep GC freed 3(96B) AllocSpace objects, 0(0B) LOS objects, 22% free, 53MB/69MB, paused 673us total 25.403ms
08-04 00:29:52.906 16160 16172 I art     : Starting a blocking GC Explicit
08-04 00:29:52.932 16160 16172 I art     : Explicit concurrent mark sweep GC freed 3(96B) AllocSpace objects, 0(0B) LOS objects, 22% free, 53MB/69MB, paused 524us total 25.206ms
08-04 00:29:52.941 16160 16172 I art     : Starting a blocking GC Explicit
08-04 00:29:52.965 16160 16172 I art     : Explicit concurrent mark sweep GC freed 3(96B) AllocSpace objects, 0(0B) LOS objects, 22% free, 53MB/69MB, paused 529us total 24.156ms
08-04 00:29:53.087   918  3261 D WifiStateMachine: starting scan for "H369AA63323"WPA_PSK with 2412,5180
08-04 00:29:53.275 16160 18029 I art     : Starting a blocking GC Explicit
08-04 00:29:53.307 16160 18029 I art     : Explicit concurrent mark sweep GC freed 1344(78KB) AllocSpace objects, 1(20KB) LOS objects, 22% free, 53MB/69MB, paused 590us total 31.908ms
08-04 00:29:53.320 16160 18029 I art     : Starting a blocking GC Explicit
08-04 00:29:53.347 16160 18029 I art     : Explicit concurrent mark sweep GC freed 20(704B) AllocSpace objects, 0(0B) LOS objects, 22% free, 53MB/69MB, paused 636us total 26.941ms
08-04 00:29:53.356 16160 18029 I art     : Starting a blocking GC Explicit
08-04 00:29:53.382 16160 18029 I art     : Explicit concurrent mark sweep GC freed 3(96B) AllocSpace objects, 0(0B) LOS objects, 22% free, 53MB/69MB, paused 556us total 25.120ms
08-04 00:29:53.391 16160 18029 I art     : Starting a blocking GC Explicit
08-04 00:29:53.417 16160 18029 I art     : Explicit concurrent mark sweep GC freed 3(96B) AllocSpace objects, 0(0B) LOS objects, 22% free, 53MB/69MB, paused 618us total 25.466ms
08-04 00:29:53.426 16160 18029 I art     : Starting a blocking GC Explicit
08-04 00:29:53.451 16160 18029 I art     : Explicit concurrent mark sweep GC freed 3(96B) AllocSpace objects, 0(0B) LOS objects, 22% free, 53MB/69MB, paused 535us total 24.560ms
08-04 00:29:53.751 16160 16173 I art     : Starting a blocking GC Explicit
08-04 00:29:53.777 16160 16173 I art     : Explicit concurrent mark sweep GC freed 1344(78KB) AllocSpace objects, 1(20KB) LOS objects, 22% free, 53MB/69MB, paused 539us total 25.620ms
08-04 00:29:53.786 16160 16173 I art     : Starting a blocking GC Explicit
08-04 00:29:53.811 16160 16173 I art     : Explicit concurrent mark sweep GC freed 23(816B) AllocSpace objects, 0(0B) LOS objects, 22% free, 53MB/69MB, paused 546us total 24.976ms
08-04 00:29:53.820 16160 16173 I art     : Starting a blocking GC Explicit
08-04 00:29:53.846 16160 16173 I art     : Explicit concurrent mark sweep GC freed 3(96B) AllocSpace objects, 0(0B) LOS objects, 22% free, 53MB/69MB, paused 551us total 25.252ms
08-04 00:29:53.855 16160 16173 I art     : Starting a blocking GC Explicit
08-04 00:29:53.881 16160 16173 I art     : Explicit concurrent mark sweep GC freed 3(96B) AllocSpace objects, 0(0B) LOS objects, 22% free, 53MB/69MB, paused 532us total 25.286ms
08-04 00:29:53.890 16160 16173 I art     : Starting a blocking GC Explicit
08-04 00:29:53.914 16160 16173 I art     : Explicit concurrent mark sweep GC freed 3(96B) AllocSpace objects, 0(0B) LOS objects, 22% free, 53MB/69MB, paused 499us total 23.825ms
08-04 00:29:54.210 16160 16250 I art     : Starting a blocking GC Explicit
08-04 00:29:54.241 16160 16250 I art     : Explicit concurrent mark sweep GC freed 1344(78KB) AllocSpace objects, 1(20KB) LOS objects, 22% free, 53MB/69MB, paused 535us total 30.099ms
08-04 00:29:54.250 16160 16250 I art     : Starting a blocking GC Explicit
08-04 00:29:54.275 16160 16250 I art     : Explicit concurrent mark sweep GC freed 20(704B) AllocSpace objects, 0(0B) LOS objects, 22% free, 53MB/69MB, paused 534us total 24.464ms
08-04 00:29:54.284 16160 16250 I art     : Starting a blocking GC Explicit
08-04 00:29:54.308 16160 16250 I art     : Explicit concurrent mark sweep GC freed 3(96B) AllocSpace objects, 0(0B) LOS objects, 22% free, 53MB/69MB, paused 530us total 24.050ms
08-04 00:29:54.318 16160 16250 I art     : Starting a blocking GC Explicit
08-04 00:29:54.341 16160 16250 I art     : Explicit concurrent mark sweep GC freed 3(96B) AllocSpace objects, 0(0B) LOS objects, 22% free, 53MB/69MB, paused 511us total 23.096ms
08-04 00:29:54.350 16160 16250 I art     : Starting a blocking GC Explicit
08-04 00:29:54.358 20044 20044 D AndroidRuntime: >>>>>> START com.android.internal.os.RuntimeInit uid 2000 <<<<<<
08-04 00:29:54.362 20044 20044 D AndroidRuntime: CheckJNI is OFF
08-04 00:29:54.374 16160 16250 I art     : Explicit concurrent mark sweep GC freed 3(96B) AllocSpace objects, 0(0B) LOS objects, 22% free, 53MB/69MB, paused 573us total 24.370ms
08-04 00:29:54.398 20044 20044 D ICU     : No timezone override file found: /data/misc/zoneinfo/current/icu/icu_tzdata.dat
08-04 00:29:54.431 20044 20044 I Radio-JNI: register_android_hardware_Radio DONE
08-04 00:29:54.453 20044 20044 D AndroidRuntime: Calling main entry com.android.commands.input.Input
08-04 00:29:54.455 20044 20044 I Input   : injectKeyEvent: KeyEvent { action=ACTION_DOWN, keyCode=KEYCODE_BACK, scanCode=0, metaState=0, flags=0x0, repeatCount=0, eventTime=664210868, downTime=664210868, deviceId=-1, source=0x101 }
08-04 00:29:54.460 20044 20044 I Input   : injectKeyEvent: KeyEvent { action=ACTION_UP, keyCode=KEYCODE_BACK, scanCode=0, metaState=0, flags=0x0, repeatCount=0, eventTime=664210868, downTime=664210868, deviceId=-1, source=0x101 }
08-04 00:29:54.466 20044 20044 D AndroidRuntime: Shutting down VM
08-04 00:29:54.506 13866 13866 I GoogleInputMethodServic: GoogleInputMethodService.onFinishInput():3138 
08-04 00:29:54.506 13866 13866 I GoogleInputMethodServic: GoogleInputMethodService.onStartInput():1808 
08-04 00:29:54.625 16160 16250 I art     : Starting a blocking GC Explicit
08-04 00:29:54.651 16160 16250 I art     : Explicit concurrent mark sweep GC freed 1526(86KB) AllocSpace objects, 1(20KB) LOS objects, 22% free, 53MB/69MB, paused 690us total 25.681ms
08-04 00:29:54.661 16160 16250 I art     : Starting a blocking GC Explicit
08-04 00:29:54.692 16160 16250 I art     : Explicit concurrent mark sweep GC freed 26(944B) AllocSpace objects, 0(0B) LOS objects, 22% free, 53MB/69MB, paused 537us total 31.117ms
08-04 00:29:54.702 16160 16250 I art     : Starting a blocking GC Explicit
08-04 00:29:54.732 16160 16250 I art     : Explicit concurrent mark sweep GC freed 3(96B) AllocSpace objects, 0(0B) LOS objects, 22% free, 53MB/69MB, paused 620us total 29.495ms
08-04 00:29:54.746 16160 16250 I art     : Starting a blocking GC Explicit
08-04 00:29:54.769 16160 16250 I art     : Explicit concurrent mark sweep GC freed 3(96B) AllocSpace objects, 0(0B) LOS objects, 22% free, 53MB/69MB, paused 618us total 23.565ms
08-04 00:29:54.778 16160 16250 I art     : Starting a blocking GC Explicit
08-04 00:29:54.802 16160 16250 I art     : Explicit concurrent mark sweep GC freed 3(96B) AllocSpace objects, 0(0B) LOS objects, 22% free, 53MB/69MB, paused 482us total 23.360ms
08-04 00:29:54.812   380   380 W SurfaceFlinger: couldn't log to binary event log: overflow.
08-04 00:29:55.077 16160 16648 I art     : Starting a blocking GC Explicit
08-04 00:29:55.108 16160 16648 I art     : Explicit concurrent mark sweep GC freed 1453(86KB) AllocSpace objects, 1(20KB) LOS objects, 22% free, 53MB/69MB, paused 679us total 30.298ms
08-04 00:29:55.117 16160 16648 I art     : Starting a blocking GC Explicit
08-04 00:29:55.142 16160 16648 I art     : Explicit concurrent mark sweep GC freed 1569(104KB) AllocSpace objects, 2(68KB) LOS objects, 22% free, 53MB/69MB, paused 517us total 24.417ms
08-04 00:29:55.151 16160 16648 I art     : Starting a blocking GC Explicit
08-04 00:29:55.175 16160 16648 I art     : Explicit concurrent mark sweep GC freed 3(96B) AllocSpace objects, 0(0B) LOS objects, 22% free, 53MB/69MB, paused 544us total 24.058ms
08-04 00:29:55.184 16160 16648 I art     : Starting a blocking GC Explicit
08-04 00:29:55.209 16160 16648 I art     : Explicit concurrent mark sweep GC freed 3(96B) AllocSpace objects, 0(0B) LOS objects, 22% free, 53MB/69MB, paused 635us total 24.616ms
08-04 00:29:55.219 16160 16648 I art     : Starting a blocking GC Explicit
08-04 00:29:55.243 16160 16648 I art     : Explicit concurrent mark sweep GC freed 3(96B) AllocSpace objects, 0(0B) LOS objects, 22% free, 53MB/69MB, paused 525us total 24.214ms
08-04 00:29:55.543 16160 16172 I art     : Starting a blocking GC Explicit
08-04 00:29:55.571 16160 16172 I art     : Explicit concurrent mark sweep GC freed 1344(78KB) AllocSpace objects, 1(20KB) LOS objects, 22% free, 53MB/69MB, paused 559us total 27.695ms
08-04 00:29:55.581 16160 16172 I art     : Starting a blocking GC Explicit
08-04 00:29:55.606 16160 16172 I art     : Explicit concurrent mark sweep GC freed 20(704B) AllocSpace objects, 0(0B) LOS objects, 22% free, 53MB/69MB, paused 539us total 24.768ms
08-04 00:29:55.615 16160 16172 I art     : Starting a blocking GC Explicit
08-04 00:29:55.640 16160 16172 I art     : Explicit concurrent mark sweep GC freed 3(96B) AllocSpace objects, 0(0B) LOS objects, 22% free, 53MB/69MB, paused 530us total 24.868ms
08-04 00:29:55.649 16160 16172 I art     : Starting a blocking GC Explicit
08-04 00:29:55.674 16160 16172 I art     : Explicit concurrent mark sweep GC freed 3(96B) AllocSpace objects, 0(0B) LOS objects, 22% free, 53MB/69MB, paused 532us total 24.429ms
08-04 00:29:55.683 16160 16172 I art     : Starting a blocking GC Explicit
08-04 00:29:55.707 16160 16172 I art     : Explicit concurrent mark sweep GC freed 3(96B) AllocSpace objects, 0(0B) LOS objects, 22% free, 53MB/69MB, paused 493us total 23.041ms
08-04 00:29:55.739   918  3188 I hubconnection: sensorhub said: 'set_bias 3: -5.7600, 0.0000, 0.0000'
08-04 00:29:55.980 16160 18029 I art     : Starting a blocking GC Explicit
08-04 00:29:56.005 16160 18029 I art     : Explicit concurrent mark sweep GC freed 1344(78KB) AllocSpace objects, 1(20KB) LOS objects, 22% free, 53MB/69MB, paused 522us total 24.815ms
08-04 00:29:56.015 16160 18029 I art     : Starting a blocking GC Explicit
08-04 00:29:56.038 16160 18029 I art     : Explicit concurrent mark sweep GC freed 20(704B) AllocSpace objects, 0(0B) LOS objects, 22% free, 53MB/69MB, paused 550us total 22.970ms
08-04 00:29:56.047 16160 18029 I art     : Starting a blocking GC Explicit
08-04 00:29:56.070 16160 18029 I art     : Explicit concurrent mark sweep GC freed 3(96B) AllocSpace objects, 0(0B) LOS objects, 22% free, 53MB/69MB, paused 539us total 23.076ms
08-04 00:29:56.079 16160 18029 I art     : Starting a blocking GC Explicit
08-04 00:29:56.102 16160 18029 I art     : Explicit concurrent mark sweep GC freed 3(96B) AllocSpace objects, 0(0B) LOS objects, 22% free, 53MB/69MB, paused 544us total 22.780ms
08-04 00:29:56.111 16160 18029 I art     : Starting a blocking GC Explicit
08-04 00:29:56.130 20099 20099 D AndroidRuntime: >>>>>> START com.android.internal.os.RuntimeInit uid 2000 <<<<<<
08-04 00:29:56.135 20099 20099 D AndroidRuntime: CheckJNI is OFF
08-04 00:29:56.135 16160 18029 I art     : Explicit concurrent mark sweep GC freed 3(96B) AllocSpace objects, 0(0B) LOS objects, 22% free, 53MB/69MB, paused 577us total 23.282ms
08-04 00:29:56.168 20099 20099 D ICU     : No timezone override file found: /data/misc/zoneinfo/current/icu/icu_tzdata.dat
08-04 00:29:56.200 20099 20099 I Radio-JNI: register_android_hardware_Radio DONE
08-04 00:29:56.223 20099 20099 D AndroidRuntime: Calling main entry com.android.commands.input.Input
08-04 00:29:56.224 20099 20099 I Input   : injectMotionEvent: MotionEvent { action=ACTION_DOWN, actionButton=0, id[0]=0, x[0]=369.0, y[0]=554.0, toolType[0]=TOOL_TYPE_UNKNOWN, buttonState=0, metaState=0, flags=0x0, edgeFlags=0x0, pointerCount=1, historySize=0, eventTime=664212637, downTime=664212637, deviceId=0, source=0x1002 }
08-04 00:29:56.231 20099 20099 I Input   : injectMotionEvent: MotionEvent { action=ACTION_UP, actionButton=0, id[0]=0, x[0]=369.0, y[0]=554.0, toolType[0]=TOOL_TYPE_UNKNOWN, buttonState=0, metaState=0, flags=0x0, edgeFlags=0x0, pointerCount=1, historySize=0, eventTime=664212637, downTime=664212637, deviceId=0, source=0x1002 }
08-04 00:29:56.232   918  5952 I ActivityManager: START u0 {cmp=baseline.appteam.nith.hillffair/.activities.ClubActivity (has extras)} from uid 10651 on display 0
08-04 00:29:56.241 20099 20099 D AndroidRuntime: Shutting down VM
08-04 00:29:56.333 16160 16160 I NAPPA_EXPERIMENTATION: MetricNetworkRequestExecutionTime: REQUEST_DURATION_SYSTEM='61',REQUEST_DURATION_OKHTTP='29',REQUEST_SYNCHRONOUS='FALSE',RESPONSE_CODE='200',RESPONSE_METHOD='GET',RESPONSE_LENGTH_OKHTTP='979',RESPONSE_LENGTH_HEADER='-2',REQUEST_PROTOCOL='http/1.1',REQUEST_URL='https://api-hillfair-2k16.herokuapp.com/api/app/club/PR%20Club',
08-04 00:29:56.339   918   936 I ActivityManager: Displayed baseline.appteam.nith.hillffair/.activities.ClubActivity: +97ms
08-04 00:29:56.341 13866 13866 I GoogleInputMethodServic: GoogleInputMethodService.onFinishInput():3138 
08-04 00:29:56.342 13866 13866 I GoogleInputMethodServic: GoogleInputMethodService.onStartInput():1808 
08-04 00:29:56.390 16160 16172 I art     : Starting a blocking GC Explicit
08-04 00:29:56.413 16160 16172 I art     : Explicit concurrent mark sweep GC freed 5753(413KB) AllocSpace objects, 1(20KB) LOS objects, 22% free, 53MB/69MB, paused 527us total 22.596ms
08-04 00:29:56.422 16160 16172 I art     : Starting a blocking GC Explicit
08-04 00:29:56.444 16160 16172 I art     : Explicit concurrent mark sweep GC freed 278(12KB) AllocSpace objects, 0(0B) LOS objects, 22% free, 53MB/69MB, paused 506us total 21.652ms
08-04 00:29:56.453 16160 16172 I art     : Starting a blocking GC Explicit
08-04 00:29:56.480 16160 16172 I art     : Explicit concurrent mark sweep GC freed 3(96B) AllocSpace objects, 0(0B) LOS objects, 22% free, 53MB/69MB, paused 648us total 26.512ms
08-04 00:29:56.491 16160 16172 I art     : Starting a blocking GC Explicit
08-04 00:29:56.519 16160 16172 I art     : Explicit concurrent mark sweep GC freed 3(96B) AllocSpace objects, 0(0B) LOS objects, 22% free, 53MB/69MB, paused 569us total 28.470ms
08-04 00:29:56.530 16160 16172 I art     : Starting a blocking GC Explicit
08-04 00:29:56.558 16160 16172 I art     : Explicit concurrent mark sweep GC freed 3(96B) AllocSpace objects, 0(0B) LOS objects, 22% free, 53MB/69MB, paused 545us total 27.728ms
08-04 00:29:56.581   380   380 W SurfaceFlinger: couldn't log to binary event log: overflow.
08-04 00:29:56.832 16160 18029 I art     : Starting a blocking GC Explicit
08-04 00:29:56.857 16160 18029 I art     : Explicit concurrent mark sweep GC freed 1444(84KB) AllocSpace objects, 1(20KB) LOS objects, 22% free, 53MB/69MB, paused 629us total 25.220ms
08-04 00:29:56.866 16160 18029 I art     : Starting a blocking GC Explicit
08-04 00:29:56.891 16160 18029 I art     : Explicit concurrent mark sweep GC freed 36(1264B) AllocSpace objects, 0(0B) LOS objects, 22% free, 53MB/69MB, paused 540us total 24.248ms
08-04 00:29:56.900 16160 18029 I art     : Starting a blocking GC Explicit
08-04 00:29:56.925 16160 18029 I art     : Explicit concurrent mark sweep GC freed 3(96B) AllocSpace objects, 0(0B) LOS objects, 22% free, 53MB/69MB, paused 569us total 25.039ms
08-04 00:29:56.935 16160 18029 I art     : Starting a blocking GC Explicit
08-04 00:29:56.960 16160 18029 I art     : Explicit concurrent mark sweep GC freed 3(96B) AllocSpace objects, 0(0B) LOS objects, 22% free, 53MB/69MB, paused 567us total 25.350ms
08-04 00:29:56.970 16160 18029 I art     : Starting a blocking GC Explicit
08-04 00:29:56.995 16160 18029 I art     : Explicit concurrent mark sweep GC freed 3(96B) AllocSpace objects, 0(0B) LOS objects, 22% free, 53MB/69MB, paused 560us total 25.136ms
08-04 00:29:57.283 16160 16648 I art     : Starting a blocking GC Explicit
08-04 00:29:57.315 16160 16648 I art     : Explicit concurrent mark sweep GC freed 1344(78KB) AllocSpace objects, 1(20KB) LOS objects, 22% free, 53MB/69MB, paused 619us total 31.173ms
08-04 00:29:57.330 16160 16648 I art     : Starting a blocking GC Explicit
08-04 00:29:57.355 16160 16648 I art     : Explicit concurrent mark sweep GC freed 20(704B) AllocSpace objects, 0(0B) LOS objects, 22% free, 53MB/69MB, paused 562us total 24.902ms
08-04 00:29:57.364 16160 16648 I art     : Starting a blocking GC Explicit
08-04 00:29:57.389 16160 16648 I art     : Explicit concurrent mark sweep GC freed 3(96B) AllocSpace objects, 0(0B) LOS objects, 22% free, 53MB/69MB, paused 575us total 24.989ms
08-04 00:29:57.399 16160 16648 I art     : Starting a blocking GC Explicit
08-04 00:29:57.425 16160 16648 I art     : Explicit concurrent mark sweep GC freed 3(96B) AllocSpace objects, 0(0B) LOS objects, 22% free, 53MB/69MB, paused 563us total 25.530ms
08-04 00:29:57.434 16160 16648 I art     : Starting a blocking GC Explicit
08-04 00:29:57.460 16160 16648 I art     : Explicit concurrent mark sweep GC freed 3(96B) AllocSpace objects, 0(0B) LOS objects, 22% free, 53MB/69MB, paused 557us total 25.168ms
08-04 00:29:57.743 16160 16172 I art     : Starting a blocking GC Explicit
08-04 00:29:57.775 16160 16172 I art     : Explicit concurrent mark sweep GC freed 1344(78KB) AllocSpace objects, 1(20KB) LOS objects, 22% free, 53MB/69MB, paused 594us total 31.523ms
08-04 00:29:57.788 16160 16172 I art     : Starting a blocking GC Explicit
08-04 00:29:57.816 16160 16172 I art     : Explicit concurrent mark sweep GC freed 20(704B) AllocSpace objects, 0(0B) LOS objects, 22% free, 53MB/69MB, paused 599us total 28.669ms
08-04 00:29:57.826 16160 16172 I art     : Starting a blocking GC Explicit
08-04 00:29:57.851 16160 16172 I art     : Explicit concurrent mark sweep GC freed 3(96B) AllocSpace objects, 0(0B) LOS objects, 22% free, 53MB/69MB, paused 539us total 24.741ms
08-04 00:29:57.860 16160 16172 I art     : Starting a blocking GC Explicit
08-04 00:29:57.884 16160 16172 I art     : Explicit concurrent mark sweep GC freed 3(96B) AllocSpace objects, 0(0B) LOS objects, 22% free, 53MB/69MB, paused 540us total 23.938ms
08-04 00:29:57.894 16160 16172 I art     : Starting a blocking GC Explicit
08-04 00:29:57.920 16160 16172 I art     : Explicit concurrent mark sweep GC freed 3(96B) AllocSpace objects, 0(0B) LOS objects, 22% free, 53MB/69MB, paused 613us total 25.642ms
08-04 00:29:58.242 16160 16173 I art     : Starting a blocking GC Explicit
08-04 00:29:58.280 16160 16173 I art     : Explicit concurrent mark sweep GC freed 1344(78KB) AllocSpace objects, 1(20KB) LOS objects, 22% free, 53MB/69MB, paused 665us total 37.250ms
08-04 00:29:58.296 16160 16173 I art     : Starting a blocking GC Explicit
08-04 00:29:58.323 16160 16173 I art     : Explicit concurrent mark sweep GC freed 20(704B) AllocSpace objects, 0(0B) LOS objects, 22% free, 53MB/69MB, paused 617us total 26.574ms
08-04 00:29:58.332 16160 16173 I art     : Starting a blocking GC Explicit
08-04 00:29:58.357 16160 16173 I art     : Explicit concurrent mark sweep GC freed 3(96B) AllocSpace objects, 0(0B) LOS objects, 22% free, 53MB/69MB, paused 618us total 24.979ms
08-04 00:29:58.367 16160 16173 I art     : Starting a blocking GC Explicit
08-04 00:29:58.392 16160 16173 I art     : Explicit concurrent mark sweep GC freed 3(96B) AllocSpace objects, 0(0B) LOS objects, 22% free, 53MB/69MB, paused 560us total 25.342ms
08-04 00:29:58.402 16160 16173 I art     : Starting a blocking GC Explicit
08-04 00:29:58.427 16160 16173 I art     : Explicit concurrent mark sweep GC freed 3(96B) AllocSpace objects, 0(0B) LOS objects, 22% free, 53MB/69MB, paused 626us total 24.837ms
08-04 00:29:58.754 16160 16250 I art     : Starting a blocking GC Explicit
08-04 00:29:58.786 16160 16250 I art     : Explicit concurrent mark sweep GC freed 1344(78KB) AllocSpace objects, 1(20KB) LOS objects, 22% free, 53MB/69MB, paused 604us total 31.595ms
08-04 00:29:58.800 16160 16250 I art     : Starting a blocking GC Explicit
08-04 00:29:58.826 16160 16250 I art     : Explicit concurrent mark sweep GC freed 20(704B) AllocSpace objects, 0(0B) LOS objects, 22% free, 53MB/69MB, paused 625us total 26.554ms
08-04 00:29:58.836 16160 16250 I art     : Starting a blocking GC Explicit
08-04 00:29:58.861 16160 16250 I art     : Explicit concurrent mark sweep GC freed 3(96B) AllocSpace objects, 0(0B) LOS objects, 22% free, 53MB/69MB, paused 557us total 25.446ms
08-04 00:29:58.871 16160 16250 I art     : Starting a blocking GC Explicit
08-04 00:29:58.896 16160 16250 I art     : Explicit concurrent mark sweep GC freed 3(96B) AllocSpace objects, 0(0B) LOS objects, 22% free, 53MB/69MB, paused 570us total 25.393ms
08-04 00:29:58.906 16160 16250 I art     : Starting a blocking GC Explicit
08-04 00:29:58.932 16160 16250 I art     : Explicit concurrent mark sweep GC freed 3(96B) AllocSpace objects, 0(0B) LOS objects, 22% free, 53MB/69MB, paused 563us total 25.591ms
08-04 00:29:59.244 16160 18029 I art     : Starting a blocking GC Explicit
08-04 00:29:59.275 16160 18029 I art     : Explicit concurrent mark sweep GC freed 1344(78KB) AllocSpace objects, 1(20KB) LOS objects, 22% free, 53MB/69MB, paused 605us total 31.407ms
08-04 00:29:59.288 16160 18029 I art     : Starting a blocking GC Explicit
08-04 00:29:59.317 16160 18029 I art     : Explicit concurrent mark sweep GC freed 20(704B) AllocSpace objects, 0(0B) LOS objects, 22% free, 53MB/69MB, paused 598us total 28.856ms
08-04 00:29:59.327 16160 18029 I art     : Starting a blocking GC Explicit
08-04 00:29:59.352 16160 18029 I art     : Explicit concurrent mark sweep GC freed 3(96B) AllocSpace objects, 0(0B) LOS objects, 22% free, 53MB/69MB, paused 545us total 24.768ms
08-04 00:29:59.361 16160 18029 I art     : Starting a blocking GC Explicit
08-04 00:29:59.387 16160 18029 I art     : Explicit concurrent mark sweep GC freed 3(96B) AllocSpace objects, 0(0B) LOS objects, 22% free, 53MB/69MB, paused 549us total 25.135ms
08-04 00:29:59.396 16160 18029 I art     : Starting a blocking GC Explicit
08-04 00:29:59.421 16160 18029 I art     : Explicit concurrent mark sweep GC freed 3(96B) AllocSpace objects, 0(0B) LOS objects, 22% free, 53MB/69MB, paused 550us total 25.012ms
08-04 00:29:59.755 16160 16648 I art     : Starting a blocking GC Explicit
08-04 00:29:59.781 16160 16648 I art     : Explicit concurrent mark sweep GC freed 1344(78KB) AllocSpace objects, 1(20KB) LOS objects, 22% free, 53MB/69MB, paused 561us total 25.479ms
08-04 00:29:59.790 16160 16648 I art     : Starting a blocking GC Explicit
08-04 00:29:59.815 16160 16648 I art     : Explicit concurrent mark sweep GC freed 20(704B) AllocSpace objects, 0(0B) LOS objects, 22% free, 53MB/69MB, paused 562us total 25.002ms
08-04 00:29:59.825 16160 16648 I art     : Starting a blocking GC Explicit
08-04 00:29:59.849 16160 16648 I art     : Explicit concurrent mark sweep GC freed 3(96B) AllocSpace objects, 0(0B) LOS objects, 22% free, 53MB/69MB, paused 560us total 24.532ms
08-04 00:29:59.859 16160 16648 I art     : Starting a blocking GC Explicit
08-04 00:29:59.884 16160 16648 I art     : Explicit concurrent mark sweep GC freed 3(96B) AllocSpace objects, 0(0B) LOS objects, 22% free, 53MB/69MB, paused 554us total 24.961ms
08-04 00:29:59.893 16160 16648 I art     : Starting a blocking GC Explicit
08-04 00:29:59.918 16160 16648 I art     : Explicit concurrent mark sweep GC freed 3(96B) AllocSpace objects, 0(0B) LOS objects, 22% free, 53MB/69MB, paused 560us total 24.947ms
08-04 00:30:00.256 16160 16172 I art     : Starting a blocking GC Explicit
08-04 00:30:00.293 16160 16172 I art     : Explicit concurrent mark sweep GC freed 1344(78KB) AllocSpace objects, 1(20KB) LOS objects, 22% free, 53MB/69MB, paused 655us total 36.283ms
08-04 00:30:00.310 16160 16172 I art     : Starting a blocking GC Explicit
08-04 00:30:00.340 16160 16172 I art     : Explicit concurrent mark sweep GC freed 20(704B) AllocSpace objects, 0(0B) LOS objects, 22% free, 53MB/69MB, paused 570us total 29.871ms
08-04 00:30:00.350 16160 16172 I art     : Starting a blocking GC Explicit
08-04 00:30:00.376 16160 16172 I art     : Explicit concurrent mark sweep GC freed 3(96B) AllocSpace objects, 0(0B) LOS objects, 22% free, 53MB/69MB, paused 553us total 25.471ms
08-04 00:30:00.385 16160 16172 I art     : Starting a blocking GC Explicit
08-04 00:30:00.411 16160 16172 I art     : Explicit concurrent mark sweep GC freed 3(96B) AllocSpace objects, 0(0B) LOS objects, 22% free, 53MB/69MB, paused 553us total 25.113ms
08-04 00:30:00.420 16160 16172 I art     : Starting a blocking GC Explicit
08-04 00:30:00.446 16160 16172 I art     : Explicit concurrent mark sweep GC freed 3(96B) AllocSpace objects, 0(0B) LOS objects, 22% free, 53MB/69MB, paused 521us total 25.445ms
08-04 00:30:00.713 16160 16173 I art     : Starting a blocking GC Explicit
08-04 00:30:00.739 16160 16173 I art     : Explicit concurrent mark sweep GC freed 1344(78KB) AllocSpace objects, 1(20KB) LOS objects, 22% free, 53MB/69MB, paused 590us total 25.284ms
08-04 00:30:00.748 16160 16173 I art     : Starting a blocking GC Explicit
08-04 00:30:00.774 16160 16173 I art     : Explicit concurrent mark sweep GC freed 20(704B) AllocSpace objects, 0(0B) LOS objects, 22% free, 53MB/69MB, paused 940us total 25.137ms
08-04 00:30:00.783 16160 16173 I art     : Starting a blocking GC Explicit
08-04 00:30:00.807 16160 16173 I art     : Explicit concurrent mark sweep GC freed 3(96B) AllocSpace objects, 0(0B) LOS objects, 22% free, 53MB/69MB, paused 635us total 24.315ms
08-04 00:30:00.816 16160 16173 I art     : Starting a blocking GC Explicit
08-04 00:30:00.840 16160 16173 I art     : Explicit concurrent mark sweep GC freed 3(96B) AllocSpace objects, 0(0B) LOS objects, 22% free, 53MB/69MB, paused 566us total 23.931ms
08-04 00:30:00.849 16160 16173 I art     : Starting a blocking GC Explicit
08-04 00:30:00.873 16160 16173 I art     : Explicit concurrent mark sweep GC freed 3(96B) AllocSpace objects, 0(0B) LOS objects, 22% free, 53MB/69MB, paused 558us total 23.783ms
08-04 00:30:00.944 20214 20214 D AndroidRuntime: >>>>>> START com.android.internal.os.RuntimeInit uid 2000 <<<<<<
08-04 00:30:00.949 20214 20214 D AndroidRuntime: CheckJNI is OFF
08-04 00:30:00.986 20214 20214 D ICU     : No timezone override file found: /data/misc/zoneinfo/current/icu/icu_tzdata.dat
08-04 00:30:01.022 20214 20214 I Radio-JNI: register_android_hardware_Radio DONE
08-04 00:30:01.044 20214 20214 D AndroidRuntime: Calling main entry com.android.commands.input.Input
08-04 00:30:01.046 20214 20214 I Input   : injectKeyEvent: KeyEvent { action=ACTION_DOWN, keyCode=KEYCODE_BACK, scanCode=0, metaState=0, flags=0x0, repeatCount=0, eventTime=664217459, downTime=664217459, deviceId=-1, source=0x101 }
08-04 00:30:01.052 20214 20214 I Input   : injectKeyEvent: KeyEvent { action=ACTION_UP, keyCode=KEYCODE_BACK, scanCode=0, metaState=0, flags=0x0, repeatCount=0, eventTime=664217459, downTime=664217459, deviceId=-1, source=0x101 }
08-04 00:30:01.059 20214 20214 D AndroidRuntime: Shutting down VM
08-04 00:30:01.100 13866 13866 I GoogleInputMethodServic: GoogleInputMethodService.onFinishInput():3138 
08-04 00:30:01.101 13866 13866 I GoogleInputMethodServic: GoogleInputMethodService.onStartInput():1808 
08-04 00:30:01.153 16160 16172 I art     : Starting a blocking GC Explicit
08-04 00:30:01.174 16160 16172 I art     : Explicit concurrent mark sweep GC freed 1526(86KB) AllocSpace objects, 1(20KB) LOS objects, 22% free, 53MB/69MB, paused 494us total 21.266ms
08-04 00:30:01.182 16160 16172 I art     : Starting a blocking GC Explicit
08-04 00:30:01.204 16160 16172 I art     : Explicit concurrent mark sweep GC freed 26(944B) AllocSpace objects, 0(0B) LOS objects, 22% free, 53MB/69MB, paused 488us total 21.364ms
08-04 00:30:01.213 16160 16172 I art     : Starting a blocking GC Explicit
08-04 00:30:01.235 16160 16172 I art     : Explicit concurrent mark sweep GC freed 3(96B) AllocSpace objects, 0(0B) LOS objects, 22% free, 53MB/69MB, paused 517us total 22.079ms
08-04 00:30:01.245 16160 16172 I art     : Starting a blocking GC Explicit
08-04 00:30:01.268 16160 16172 I art     : Explicit concurrent mark sweep GC freed 3(96B) AllocSpace objects, 0(0B) LOS objects, 22% free, 53MB/69MB, paused 525us total 22.927ms
08-04 00:30:01.278 16160 16172 I art     : Starting a blocking GC Explicit
08-04 00:30:01.301 16160 16172 I art     : Explicit concurrent mark sweep GC freed 3(96B) AllocSpace objects, 0(0B) LOS objects, 22% free, 53MB/69MB, paused 533us total 22.725ms
08-04 00:30:01.419   380   380 W SurfaceFlinger: couldn't log to binary event log: overflow.
08-04 00:30:01.561 16160 16648 I art     : Starting a blocking GC Explicit
08-04 00:30:01.592 16160 16648 I art     : Explicit concurrent mark sweep GC freed 1453(86KB) AllocSpace objects, 1(20KB) LOS objects, 22% free, 53MB/69MB, paused 577us total 30.565ms
08-04 00:30:01.601 16160 16648 I art     : Starting a blocking GC Explicit
08-04 00:30:01.626 16160 16648 I art     : Explicit concurrent mark sweep GC freed 1671(107KB) AllocSpace objects, 3(184KB) LOS objects, 22% free, 53MB/69MB, paused 557us total 24.941ms
08-04 00:30:01.636 16160 16648 I art     : Starting a blocking GC Explicit
08-04 00:30:01.661 16160 16648 I art     : Explicit concurrent mark sweep GC freed 3(96B) AllocSpace objects, 0(0B) LOS objects, 22% free, 53MB/69MB, paused 540us total 24.760ms
08-04 00:30:01.670 16160 16648 I art     : Starting a blocking GC Explicit
08-04 00:30:01.694 16160 16648 I art     : Explicit concurrent mark sweep GC freed 3(96B) AllocSpace objects, 0(0B) LOS objects, 22% free, 53MB/69MB, paused 558us total 24.172ms
08-04 00:30:01.704 16160 16648 I art     : Starting a blocking GC Explicit
08-04 00:30:01.728 16160 16648 I art     : Explicit concurrent mark sweep GC freed 3(96B) AllocSpace objects, 0(0B) LOS objects, 22% free, 53MB/69MB, paused 549us total 24.582ms
08-04 00:30:02.029 16160 16173 I art     : Starting a blocking GC Explicit
08-04 00:30:02.063 16160 16173 I art     : Explicit concurrent mark sweep GC freed 1344(78KB) AllocSpace objects, 1(20KB) LOS objects, 22% free, 53MB/69MB, paused 565us total 34.200ms
08-04 00:30:02.077 16160 16173 I art     : Starting a blocking GC Explicit
08-04 00:30:02.103 16160 16173 I art     : Explicit concurrent mark sweep GC freed 20(704B) AllocSpace objects, 0(0B) LOS objects, 22% free, 53MB/69MB, paused 562us total 25.398ms
08-04 00:30:02.112 16160 16173 I art     : Starting a blocking GC Explicit
08-04 00:30:02.138 16160 16173 I art     : Explicit concurrent mark sweep GC freed 3(96B) AllocSpace objects, 0(0B) LOS objects, 22% free, 53MB/69MB, paused 573us total 25.554ms
08-04 00:30:02.148 16160 16173 I art     : Starting a blocking GC Explicit
08-04 00:30:02.173 16160 16173 I art     : Explicit concurrent mark sweep GC freed 3(96B) AllocSpace objects, 0(0B) LOS objects, 22% free, 53MB/69MB, paused 538us total 24.672ms
08-04 00:30:02.182 16160 16173 I art     : Starting a blocking GC Explicit
08-04 00:30:02.206 16160 16173 I art     : Explicit concurrent mark sweep GC freed 3(96B) AllocSpace objects, 0(0B) LOS objects, 22% free, 53MB/69MB, paused 551us total 24.337ms
08-04 00:30:02.469 16160 16250 I art     : Starting a blocking GC Explicit
08-04 00:30:02.494 16160 16250 I art     : Explicit concurrent mark sweep GC freed 1348(78KB) AllocSpace objects, 1(20KB) LOS objects, 22% free, 53MB/69MB, paused 550us total 24.330ms
08-04 00:30:02.503 16160 16250 I art     : Starting a blocking GC Explicit
08-04 00:30:02.527 16160 16250 I art     : Explicit concurrent mark sweep GC freed 37(1584B) AllocSpace objects, 0(0B) LOS objects, 22% free, 53MB/69MB, paused 574us total 23.062ms
08-04 00:30:02.535 16160 16250 I art     : Starting a blocking GC Explicit
08-04 00:30:02.559 16160 16250 I art     : Explicit concurrent mark sweep GC freed 19(608B) AllocSpace objects, 0(0B) LOS objects, 22% free, 53MB/69MB, paused 532us total 23.079ms
08-04 00:30:02.568 16160 16250 I art     : Starting a blocking GC Explicit
08-04 00:30:02.591 16160 16250 I art     : Explicit concurrent mark sweep GC freed 3(96B) AllocSpace objects, 0(0B) LOS objects, 22% free, 53MB/69MB, paused 550us total 23.311ms
08-04 00:30:02.600 16160 16250 I art     : Starting a blocking GC Explicit
08-04 00:30:02.624 16160 16250 I art     : Explicit concurrent mark sweep GC freed 3(96B) AllocSpace objects, 0(0B) LOS objects, 22% free, 53MB/69MB, paused 536us total 23.584ms
08-04 00:30:02.721 20267 20267 D AndroidRuntime: >>>>>> START com.android.internal.os.RuntimeInit uid 2000 <<<<<<
08-04 00:30:02.727 20267 20267 D AndroidRuntime: CheckJNI is OFF
08-04 00:30:02.766 20267 20267 D ICU     : No timezone override file found: /data/misc/zoneinfo/current/icu/icu_tzdata.dat
08-04 00:30:02.798 20267 20267 I Radio-JNI: register_android_hardware_Radio DONE
08-04 00:30:02.820 20267 20267 D AndroidRuntime: Calling main entry com.android.commands.input.Input
08-04 00:30:02.821 20267 20267 I Input   : injectKeyEvent: KeyEvent { action=ACTION_DOWN, keyCode=KEYCODE_BACK, scanCode=0, metaState=0, flags=0x0, repeatCount=0, eventTime=664219234, downTime=664219234, deviceId=-1, source=0x101 }
08-04 00:30:02.827 20267 20267 I Input   : injectKeyEvent: KeyEvent { action=ACTION_UP, keyCode=KEYCODE_BACK, scanCode=0, metaState=0, flags=0x0, repeatCount=0, eventTime=664219234, downTime=664219234, deviceId=-1, source=0x101 }
08-04 00:30:02.833 20267 20267 D AndroidRuntime: Shutting down VM
08-04 00:30:02.877 13866 13866 I GoogleInputMethodServic: GoogleInputMethodService.onFinishInput():3138 
08-04 00:30:02.878 13866 13866 I GoogleInputMethodServic: GoogleInputMethodService.onStartInput():1808 
08-04 00:30:02.906 16160 16173 I art     : Starting a blocking GC Explicit
08-04 00:30:02.929 16160 16173 I art     : Explicit concurrent mark sweep GC freed 1553(87KB) AllocSpace objects, 1(20KB) LOS objects, 22% free, 53MB/69MB, paused 491us total 22.565ms
08-04 00:30:02.937 16160 16173 I art     : Starting a blocking GC Explicit
08-04 00:30:02.958 16160 16173 I art     : Explicit concurrent mark sweep GC freed 24(864B) AllocSpace objects, 0(0B) LOS objects, 22% free, 53MB/69MB, paused 485us total 20.671ms
08-04 00:30:02.967 16160 16173 I art     : Starting a blocking GC Explicit
08-04 00:30:02.989 16160 16173 I art     : Explicit concurrent mark sweep GC freed 3(96B) AllocSpace objects, 0(0B) LOS objects, 22% free, 53MB/69MB, paused 462us total 21.938ms
08-04 00:30:02.999 16160 16173 I art     : Starting a blocking GC Explicit
08-04 00:30:03.023 16160 16173 I art     : Explicit concurrent mark sweep GC freed 3(96B) AllocSpace objects, 0(0B) LOS objects, 22% free, 53MB/69MB, paused 482us total 24.312ms
08-04 00:30:03.036 16160 16173 I art     : Starting a blocking GC Explicit
08-04 00:30:03.067 16160 16173 I art     : Explicit concurrent mark sweep GC freed 3(96B) AllocSpace objects, 0(0B) LOS objects, 22% free, 53MB/69MB, paused 652us total 31.212ms
08-04 00:30:03.341 16160 16173 I art     : Starting a blocking GC Explicit
08-04 00:30:03.373 16160 16173 I art     : Explicit concurrent mark sweep GC freed 2977(154KB) AllocSpace objects, 1(20KB) LOS objects, 22% free, 53MB/69MB, paused 662us total 31.449ms
08-04 00:30:03.390 16160 16173 I art     : Starting a blocking GC Explicit
08-04 00:30:03.413 16160 16173 I art     : Explicit concurrent mark sweep GC freed 2858(181KB) AllocSpace objects, 2(140KB) LOS objects, 23% free, 53MB/69MB, paused 520us total 22.883ms
08-04 00:30:03.422 16160 16173 I art     : Starting a blocking GC Explicit
08-04 00:30:03.444 16160 16173 I art     : Explicit concurrent mark sweep GC freed 3(96B) AllocSpace objects, 0(0B) LOS objects, 23% free, 53MB/69MB, paused 533us total 22.282ms
08-04 00:30:03.453 16160 16173 I art     : Starting a blocking GC Explicit
08-04 00:30:03.476 16160 16173 I art     : Explicit concurrent mark sweep GC freed 3(96B) AllocSpace objects, 0(0B) LOS objects, 23% free, 53MB/69MB, paused 527us total 22.481ms
08-04 00:30:03.485 16160 16173 I art     : Starting a blocking GC Explicit
08-04 00:30:03.508 16160 16173 I art     : Explicit concurrent mark sweep GC freed 3(96B) AllocSpace objects, 0(0B) LOS objects, 23% free, 53MB/69MB, paused 566us total 22.530ms
08-04 00:30:03.805 16160 16250 I art     : Starting a blocking GC Explicit
08-04 00:30:03.838 16160 16250 I art     : Explicit concurrent mark sweep GC freed 1344(78KB) AllocSpace objects, 1(20KB) LOS objects, 23% free, 53MB/69MB, paused 785us total 32.689ms
08-04 00:30:03.852 16160 16250 I art     : Starting a blocking GC Explicit
08-04 00:30:03.876 16160 16250 I art     : Explicit concurrent mark sweep GC freed 20(704B) AllocSpace objects, 0(0B) LOS objects, 23% free, 53MB/69MB, paused 540us total 22.615ms
08-04 00:30:03.884 16160 16250 I art     : Starting a blocking GC Explicit
08-04 00:30:03.907 16160 16250 I art     : Explicit concurrent mark sweep GC freed 3(96B) AllocSpace objects, 0(0B) LOS objects, 23% free, 53MB/69MB, paused 641us total 22.654ms
08-04 00:30:03.916 16160 16250 I art     : Starting a blocking GC Explicit
08-04 00:30:03.939 16160 16250 I art     : Explicit concurrent mark sweep GC freed 3(96B) AllocSpace objects, 0(0B) LOS objects, 23% free, 53MB/69MB, paused 585us total 22.763ms
08-04 00:30:03.949 16160 16250 I art     : Starting a blocking GC Explicit
08-04 00:30:03.971 16160 16250 I art     : Explicit concurrent mark sweep GC freed 3(96B) AllocSpace objects, 0(0B) LOS objects, 23% free, 53MB/69MB, paused 538us total 22.772ms
08-04 00:30:04.236 16160 18029 I art     : Starting a blocking GC Explicit
08-04 00:30:04.259 16160 18029 I art     : Explicit concurrent mark sweep GC freed 1341(78KB) AllocSpace objects, 1(20KB) LOS objects, 23% free, 53MB/69MB, paused 578us total 23.010ms
08-04 00:30:04.268 16160 18029 I art     : Starting a blocking GC Explicit
08-04 00:30:04.291 16160 18029 I art     : Explicit concurrent mark sweep GC freed 20(704B) AllocSpace objects, 0(0B) LOS objects, 23% free, 53MB/69MB, paused 572us total 22.645ms
08-04 00:30:04.301 16160 18029 I art     : Starting a blocking GC Explicit
08-04 00:30:04.322 16160 18029 I art     : Explicit concurrent mark sweep GC freed 3(96B) AllocSpace objects, 0(0B) LOS objects, 23% free, 53MB/69MB, paused 540us total 21.454ms
08-04 00:30:04.331 16160 18029 I art     : Starting a blocking GC Explicit
08-04 00:30:04.353 16160 18029 I art     : Explicit concurrent mark sweep GC freed 3(96B) AllocSpace objects, 0(0B) LOS objects, 23% free, 53MB/69MB, paused 618us total 21.837ms
08-04 00:30:04.362 16160 18029 I art     : Starting a blocking GC Explicit
08-04 00:30:04.384 16160 18029 I art     : Explicit concurrent mark sweep GC freed 3(96B) AllocSpace objects, 0(0B) LOS objects, 23% free, 53MB/69MB, paused 557us total 21.751ms
08-04 00:30:04.492 20320 20320 D AndroidRuntime: >>>>>> START com.android.internal.os.RuntimeInit uid 2000 <<<<<<
08-04 00:30:04.498 20320 20320 D AndroidRuntime: CheckJNI is OFF
08-04 00:30:04.532 20320 20320 D ICU     : No timezone override file found: /data/misc/zoneinfo/current/icu/icu_tzdata.dat
08-04 00:30:04.565 20320 20320 I Radio-JNI: register_android_hardware_Radio DONE
08-04 00:30:04.587 20320 20320 D AndroidRuntime: Calling main entry com.android.commands.input.Input
08-04 00:30:04.588 20320 20320 I Input   : injectMotionEvent: MotionEvent { action=ACTION_DOWN, actionButton=0, id[0]=0, x[0]=1084.0, y[0]=2213.0, toolType[0]=TOOL_TYPE_UNKNOWN, buttonState=0, metaState=0, flags=0x0, edgeFlags=0x0, pointerCount=1, historySize=0, eventTime=664221001, downTime=664221001, deviceId=0, source=0x1002 }
08-04 00:30:04.593 20320 20320 I Input   : injectMotionEvent: MotionEvent { action=ACTION_UP, actionButton=0, id[0]=0, x[0]=1084.0, y[0]=2213.0, toolType[0]=TOOL_TYPE_UNKNOWN, buttonState=0, metaState=0, flags=0x0, edgeFlags=0x0, pointerCount=1, historySize=0, eventTime=664221001, downTime=664221001, deviceId=0, source=0x1002 }
08-04 00:30:04.594   918  5132 I ActivityManager: START u0 {cmp=baseline.appteam.nith.hillffair/.activities.EventActivity} from uid 10651 on display 0
08-04 00:30:04.601 20320 20320 D AndroidRuntime: Shutting down VM
08-04 00:30:04.675 16160 16173 I art     : Starting a blocking GC Explicit
08-04 00:30:04.684 16160 16160 I NAPPA_EXPERIMENTATION: MetricNetworkRequestExecutionTime: REQUEST_DURATION_SYSTEM='56',REQUEST_DURATION_OKHTTP='32',REQUEST_SYNCHRONOUS='FALSE',RESPONSE_CODE='200',RESPONSE_METHOD='GET',RESPONSE_LENGTH_OKHTTP='1870',RESPONSE_LENGTH_HEADER='-2',REQUEST_PROTOCOL='http/1.1',REQUEST_URL='https://api-hillfair-2k16.herokuapp.com/api/app/club',
08-04 00:30:04.685 13866 13866 I GoogleInputMethodServic: GoogleInputMethodService.onFinishInput():3138 
08-04 00:30:04.686 13866 13866 I GoogleInputMethodServic: GoogleInputMethodService.onStartInput():1808 
08-04 00:30:04.698 16160 16173 I art     : Explicit concurrent mark sweep GC freed 7051(476KB) AllocSpace objects, 1(20KB) LOS objects, 23% free, 53MB/69MB, paused 900us total 23.119ms
08-04 00:30:04.707 16160 16173 I art     : Starting a blocking GC Explicit
08-04 00:30:04.730 16160 16173 I art     : Explicit concurrent mark sweep GC freed 611(24KB) AllocSpace objects, 0(0B) LOS objects, 23% free, 53MB/69MB, paused 887us total 22.240ms
08-04 00:30:04.736   918   936 I ActivityManager: Displayed baseline.appteam.nith.hillffair/.activities.EventActivity: +135ms
08-04 00:30:04.739 16160 16173 I art     : Starting a blocking GC Explicit
08-04 00:30:04.762 16160 16173 I art     : Explicit concurrent mark sweep GC freed 218(8KB) AllocSpace objects, 0(0B) LOS objects, 23% free, 53MB/69MB, paused 590us total 22.699ms
08-04 00:30:04.772 16160 16173 I art     : Starting a blocking GC Explicit
08-04 00:30:04.792 16160 16173 I art     : Explicit concurrent mark sweep GC freed 10(432B) AllocSpace objects, 0(0B) LOS objects, 23% free, 53MB/69MB, paused 501us total 20.202ms
08-04 00:30:04.800 16160 16173 I art     : Starting a blocking GC Explicit
08-04 00:30:04.820 16160 16173 I art     : Explicit concurrent mark sweep GC freed 3(96B) AllocSpace objects, 0(0B) LOS objects, 23% free, 53MB/69MB, paused 496us total 20.154ms
08-04 00:30:04.973   380   380 W SurfaceFlinger: couldn't log to binary event log: overflow.
08-04 00:30:05.077 16160 16648 I art     : Starting a blocking GC Explicit
08-04 00:30:05.098 16160 16648 I art     : Explicit concurrent mark sweep GC freed 1404(82KB) AllocSpace objects, 1(20KB) LOS objects, 23% free, 53MB/69MB, paused 731us total 20.284ms
08-04 00:30:05.106 16160 16648 I art     : Starting a blocking GC Explicit
08-04 00:30:05.126 16160 16648 I art     : Explicit concurrent mark sweep GC freed 29(1040B) AllocSpace objects, 0(0B) LOS objects, 23% free, 53MB/69MB, paused 499us total 20.178ms
08-04 00:30:05.135 16160 16648 I art     : Starting a blocking GC Explicit
08-04 00:30:05.155 16160 16648 I art     : Explicit concurrent mark sweep GC freed 3(96B) AllocSpace objects, 0(0B) LOS objects, 23% free, 53MB/69MB, paused 516us total 19.576ms
08-04 00:30:05.163 16160 16648 I art     : Starting a blocking GC Explicit
08-04 00:30:05.184 16160 16648 I art     : Explicit concurrent mark sweep GC freed 3(96B) AllocSpace objects, 0(0B) LOS objects, 23% free, 53MB/69MB, paused 539us total 21.409ms
08-04 00:30:05.192 16160 16648 I art     : Starting a blocking GC Explicit
08-04 00:30:05.214 16160 16648 I art     : Explicit concurrent mark sweep GC freed 3(96B) AllocSpace objects, 0(0B) LOS objects, 23% free, 53MB/69MB, paused 533us total 21.238ms
08-04 00:30:05.493 16160 18029 I art     : Starting a blocking GC Explicit
08-04 00:30:05.518 16160 18029 I art     : Explicit concurrent mark sweep GC freed 1344(78KB) AllocSpace objects, 1(20KB) LOS objects, 23% free, 53MB/69MB, paused 711us total 25.008ms
08-04 00:30:05.528 16160 18029 I art     : Starting a blocking GC Explicit
08-04 00:30:05.552 16160 18029 I art     : Explicit concurrent mark sweep GC freed 20(704B) AllocSpace objects, 0(0B) LOS objects, 23% free, 53MB/69MB, paused 555us total 23.731ms
08-04 00:30:05.561 16160 18029 I art     : Starting a blocking GC Explicit
08-04 00:30:05.585 16160 18029 I art     : Explicit concurrent mark sweep GC freed 3(96B) AllocSpace objects, 0(0B) LOS objects, 23% free, 53MB/69MB, paused 544us total 23.771ms
08-04 00:30:05.594 16160 18029 I art     : Starting a blocking GC Explicit
08-04 00:30:05.617 16160 18029 I art     : Explicit concurrent mark sweep GC freed 3(96B) AllocSpace objects, 0(0B) LOS objects, 23% free, 53MB/69MB, paused 535us total 23.194ms
08-04 00:30:05.627 16160 18029 I art     : Starting a blocking GC Explicit
08-04 00:30:05.651 16160 18029 I art     : Explicit concurrent mark sweep GC freed 3(96B) AllocSpace objects, 0(0B) LOS objects, 23% free, 53MB/69MB, paused 569us total 24.187ms
08-04 00:30:05.955 16160 16250 I art     : Starting a blocking GC Explicit
08-04 00:30:05.983 16160 16250 I art     : Explicit concurrent mark sweep GC freed 1344(78KB) AllocSpace objects, 1(20KB) LOS objects, 23% free, 53MB/69MB, paused 562us total 27.541ms
08-04 00:30:05.992 16160 16250 I art     : Starting a blocking GC Explicit
08-04 00:30:06.016 16160 16250 I art     : Explicit concurrent mark sweep GC freed 20(704B) AllocSpace objects, 0(0B) LOS objects, 23% free, 53MB/69MB, paused 553us total 23.911ms
08-04 00:30:06.026 16160 16250 I art     : Starting a blocking GC Explicit
08-04 00:30:06.050 16160 16250 I art     : Explicit concurrent mark sweep GC freed 3(96B) AllocSpace objects, 0(0B) LOS objects, 23% free, 53MB/69MB, paused 557us total 24.360ms
08-04 00:30:06.059 16160 16250 I art     : Starting a blocking GC Explicit
08-04 00:30:06.085 16160 16250 I art     : Explicit concurrent mark sweep GC freed 3(96B) AllocSpace objects, 0(0B) LOS objects, 23% free, 53MB/69MB, paused 602us total 24.888ms
08-04 00:30:06.094 16160 16250 I art     : Starting a blocking GC Explicit
08-04 00:30:06.118 16160 16250 I art     : Explicit concurrent mark sweep GC freed 3(96B) AllocSpace objects, 0(0B) LOS objects, 23% free, 53MB/69MB, paused 555us total 24.235ms
08-04 00:30:06.450 16160 16172 I art     : Starting a blocking GC Explicit
08-04 00:30:06.480 16160 16172 I art     : Explicit concurrent mark sweep GC freed 1344(78KB) AllocSpace objects, 1(20KB) LOS objects, 23% free, 53MB/69MB, paused 589us total 29.851ms
08-04 00:30:06.492 16160 16172 I art     : Starting a blocking GC Explicit
08-04 00:30:06.516 16160 16172 I art     : Explicit concurrent mark sweep GC freed 20(704B) AllocSpace objects, 0(0B) LOS objects, 23% free, 53MB/69MB, paused 576us total 24.381ms
08-04 00:30:06.525 16160 16172 I art     : Starting a blocking GC Explicit
08-04 00:30:06.550 16160 16172 I art     : Explicit concurrent mark sweep GC freed 3(96B) AllocSpace objects, 0(0B) LOS objects, 23% free, 53MB/69MB, paused 567us total 24.417ms
08-04 00:30:06.559 16160 16172 I art     : Starting a blocking GC Explicit
08-04 00:30:06.583 16160 16172 I art     : Explicit concurrent mark sweep GC freed 3(96B) AllocSpace objects, 0(0B) LOS objects, 23% free, 53MB/69MB, paused 551us total 23.944ms
08-04 00:30:06.593 16160 16172 I art     : Starting a blocking GC Explicit
08-04 00:30:06.616 16160 16172 I art     : Explicit concurrent mark sweep GC freed 3(96B) AllocSpace objects, 0(0B) LOS objects, 23% free, 53MB/69MB, paused 570us total 23.613ms
08-04 00:30:06.934 16160 16173 I art     : Starting a blocking GC Explicit
08-04 00:30:06.964 16160 16173 I art     : Explicit concurrent mark sweep GC freed 1344(78KB) AllocSpace objects, 1(20KB) LOS objects, 23% free, 53MB/69MB, paused 585us total 30.219ms
08-04 00:30:06.976 16160 16173 I art     : Starting a blocking GC Explicit
08-04 00:30:07.001 16160 16173 I art     : Explicit concurrent mark sweep GC freed 20(704B) AllocSpace objects, 0(0B) LOS objects, 23% free, 53MB/69MB, paused 544us total 24.846ms
08-04 00:30:07.010 16160 16173 I art     : Starting a blocking GC Explicit
08-04 00:30:07.034 16160 16173 I art     : Explicit concurrent mark sweep GC freed 3(96B) AllocSpace objects, 0(0B) LOS objects, 23% free, 53MB/69MB, paused 538us total 23.793ms
08-04 00:30:07.044 16160 16173 I art     : Starting a blocking GC Explicit
08-04 00:30:07.068 16160 16173 I art     : Explicit concurrent mark sweep GC freed 3(96B) AllocSpace objects, 0(0B) LOS objects, 23% free, 53MB/69MB, paused 565us total 24.242ms
08-04 00:30:07.077 16160 16173 I art     : Starting a blocking GC Explicit
08-04 00:30:07.102 16160 16173 I art     : Explicit concurrent mark sweep GC freed 3(96B) AllocSpace objects, 0(0B) LOS objects, 23% free, 53MB/69MB, paused 603us total 24.525ms
08-04 00:30:07.435 16160 16648 I art     : Starting a blocking GC Explicit
08-04 00:30:07.466 16160 16648 I art     : Explicit concurrent mark sweep GC freed 1344(78KB) AllocSpace objects, 1(20KB) LOS objects, 23% free, 53MB/69MB, paused 730us total 30.906ms
08-04 00:30:07.477 16160 16648 I art     : Starting a blocking GC Explicit
08-04 00:30:07.501 16160 16648 I art     : Explicit concurrent mark sweep GC freed 20(704B) AllocSpace objects, 0(0B) LOS objects, 23% free, 53MB/69MB, paused 561us total 24.241ms
08-04 00:30:07.511 16160 16648 I art     : Starting a blocking GC Explicit
08-04 00:30:07.535 16160 16648 I art     : Explicit concurrent mark sweep GC freed 3(96B) AllocSpace objects, 0(0B) LOS objects, 23% free, 53MB/69MB, paused 556us total 23.829ms
08-04 00:30:07.544 16160 16648 I art     : Starting a blocking GC Explicit
08-04 00:30:07.569 16160 16648 I art     : Explicit concurrent mark sweep GC freed 3(96B) AllocSpace objects, 0(0B) LOS objects, 23% free, 53MB/69MB, paused 679us total 24.391ms
08-04 00:30:07.578 16160 16648 I art     : Starting a blocking GC Explicit
08-04 00:30:07.603 16160 16648 I art     : Explicit concurrent mark sweep GC freed 3(96B) AllocSpace objects, 0(0B) LOS objects, 23% free, 53MB/69MB, paused 559us total 24.694ms
08-04 00:30:07.923 16160 18029 I art     : Starting a blocking GC Explicit
08-04 00:30:07.953 16160 18029 I art     : Explicit concurrent mark sweep GC freed 1344(78KB) AllocSpace objects, 1(20KB) LOS objects, 23% free, 53MB/69MB, paused 559us total 29.924ms
08-04 00:30:07.963 16160 18029 I art     : Starting a blocking GC Explicit
08-04 00:30:07.987 16160 18029 I art     : Explicit concurrent mark sweep GC freed 20(704B) AllocSpace objects, 0(0B) LOS objects, 23% free, 53MB/69MB, paused 621us total 24.374ms
08-04 00:30:07.997 16160 18029 I art     : Starting a blocking GC Explicit
08-04 00:30:08.021 16160 18029 I art     : Explicit concurrent mark sweep GC freed 3(96B) AllocSpace objects, 0(0B) LOS objects, 23% free, 53MB/69MB, paused 565us total 24.310ms
08-04 00:30:08.031 16160 18029 I art     : Starting a blocking GC Explicit
08-04 00:30:08.055 16160 18029 I art     : Explicit concurrent mark sweep GC freed 3(96B) AllocSpace objects, 0(0B) LOS objects, 23% free, 53MB/69MB, paused 555us total 24.402ms
08-04 00:30:08.064 16160 18029 I art     : Starting a blocking GC Explicit
08-04 00:30:08.089 16160 18029 I art     : Explicit concurrent mark sweep GC freed 3(96B) AllocSpace objects, 0(0B) LOS objects, 23% free, 53MB/69MB, paused 557us total 24.256ms
08-04 00:30:08.415 16160 16250 I art     : Starting a blocking GC Explicit
08-04 00:30:08.445 16160 16250 I art     : Explicit concurrent mark sweep GC freed 1344(78KB) AllocSpace objects, 1(20KB) LOS objects, 23% free, 53MB/69MB, paused 604us total 30.047ms
08-04 00:30:08.459 16160 16250 I art     : Starting a blocking GC Explicit
08-04 00:30:08.483 16160 16250 I art     : Explicit concurrent mark sweep GC freed 20(704B) AllocSpace objects, 0(0B) LOS objects, 23% free, 53MB/69MB, paused 537us total 23.961ms
08-04 00:30:08.492 16160 16250 I art     : Starting a blocking GC Explicit
08-04 00:30:08.517 16160 16250 I art     : Explicit concurrent mark sweep GC freed 3(96B) AllocSpace objects, 0(0B) LOS objects, 23% free, 53MB/69MB, paused 646us total 24.532ms
08-04 00:30:08.526 16160 16250 I art     : Starting a blocking GC Explicit
08-04 00:30:08.551 16160 16250 I art     : Explicit concurrent mark sweep GC freed 3(96B) AllocSpace objects, 0(0B) LOS objects, 23% free, 53MB/69MB, paused 551us total 24.121ms
08-04 00:30:08.560 16160 16250 I art     : Starting a blocking GC Explicit
08-04 00:30:08.584 16160 16250 I art     : Explicit concurrent mark sweep GC freed 3(96B) AllocSpace objects, 0(0B) LOS objects, 23% free, 53MB/69MB, paused 535us total 23.843ms
08-04 00:30:08.897 16160 16172 I art     : Starting a blocking GC Explicit
08-04 00:30:08.921 16160 16172 I art     : Explicit concurrent mark sweep GC freed 1344(78KB) AllocSpace objects, 1(20KB) LOS objects, 23% free, 53MB/69MB, paused 584us total 24.228ms
08-04 00:30:08.930 16160 16172 I art     : Starting a blocking GC Explicit
08-04 00:30:08.954 16160 16172 I art     : Explicit concurrent mark sweep GC freed 20(704B) AllocSpace objects, 0(0B) LOS objects, 23% free, 53MB/69MB, paused 550us total 22.980ms
08-04 00:30:08.962 16160 16172 I art     : Starting a blocking GC Explicit
08-04 00:30:08.985 16160 16172 I art     : Explicit concurrent mark sweep GC freed 3(96B) AllocSpace objects, 0(0B) LOS objects, 23% free, 53MB/69MB, paused 549us total 22.172ms
08-04 00:30:08.994 16160 16172 I art     : Starting a blocking GC Explicit
08-04 00:30:09.017 16160 16172 I art     : Explicit concurrent mark sweep GC freed 3(96B) AllocSpace objects, 0(0B) LOS objects, 23% free, 53MB/69MB, paused 625us total 23.041ms
08-04 00:30:09.026 16160 16172 I art     : Starting a blocking GC Explicit
08-04 00:30:09.049 16160 16172 I art     : Explicit concurrent mark sweep GC freed 3(96B) AllocSpace objects, 0(0B) LOS objects, 23% free, 53MB/69MB, paused 556us total 22.660ms
08-04 00:30:09.257 20448 20448 D AndroidRuntime: >>>>>> START com.android.internal.os.RuntimeInit uid 2000 <<<<<<
08-04 00:30:09.262 20448 20448 D AndroidRuntime: CheckJNI is OFF
08-04 00:30:09.294 20448 20448 D ICU     : No timezone override file found: /data/misc/zoneinfo/current/icu/icu_tzdata.dat
08-04 00:30:09.328 20448 20448 I Radio-JNI: register_android_hardware_Radio DONE
08-04 00:30:09.350 20448 20448 D AndroidRuntime: Calling main entry com.android.commands.input.Input
08-04 00:30:09.352 20448 20448 I Input   : injectMotionEvent: MotionEvent { action=ACTION_DOWN, actionButton=0, id[0]=0, x[0]=255.0, y[0]=1845.0, toolType[0]=TOOL_TYPE_UNKNOWN, buttonState=0, metaState=0, flags=0x0, edgeFlags=0x0, pointerCount=1, historySize=0, eventTime=664225765, downTime=664225765, deviceId=0, source=0x1002 }
08-04 00:30:09.357 20448 20448 I Input   : injectMotionEvent: MotionEvent { action=ACTION_UP, actionButton=0, id[0]=0, x[0]=255.0, y[0]=1845.0, toolType[0]=TOOL_TYPE_UNKNOWN, buttonState=0, metaState=0, flags=0x0, edgeFlags=0x0, pointerCount=1, historySize=0, eventTime=664225765, downTime=664225765, deviceId=0, source=0x1002 }
08-04 00:30:09.357 16160 16173 I art     : Starting a blocking GC Explicit
08-04 00:30:09.358   918  6112 I ActivityManager: START u0 {cmp=baseline.appteam.nith.hillffair/.activities.ClubActivity (has extras)} from uid 10651 on display 0
08-04 00:30:09.373 20448 20448 D AndroidRuntime: Shutting down VM
08-04 00:30:09.382 16160 16173 I art     : Explicit concurrent mark sweep GC freed 1471(87KB) AllocSpace objects, 1(20KB) LOS objects, 23% free, 53MB/69MB, paused 859us total 25.268ms
08-04 00:30:09.391 16160 16173 I art     : Starting a blocking GC Explicit
08-04 00:30:09.416 16160 16173 I art     : Explicit concurrent mark sweep GC freed 3576(267KB) AllocSpace objects, 0(0B) LOS objects, 22% free, 53MB/69MB, paused 649us total 24.891ms
08-04 00:30:09.425 16160 16173 I art     : Starting a blocking GC Explicit
08-04 00:30:09.446 16160 16173 I art     : Explicit concurrent mark sweep GC freed 222(22KB) AllocSpace objects, 0(0B) LOS objects, 22% free, 53MB/69MB, paused 520us total 20.765ms
08-04 00:30:09.455 16160 16173 I art     : Starting a blocking GC Explicit
08-04 00:30:09.458 16160 16160 I NAPPA_EXPERIMENTATION: MetricNetworkRequestExecutionTime: REQUEST_DURATION_SYSTEM='60',REQUEST_DURATION_OKHTTP='32',REQUEST_SYNCHRONOUS='FALSE',RESPONSE_CODE='200',RESPONSE_METHOD='GET',RESPONSE_LENGTH_OKHTTP='1171',RESPONSE_LENGTH_HEADER='-2',REQUEST_PROTOCOL='http/1.1',REQUEST_URL='https://api-hillfair-2k16.herokuapp.com/api/app/club/Technical%20Committee',
08-04 00:30:09.465   918   936 I ActivityManager: Displayed baseline.appteam.nith.hillffair/.activities.ClubActivity: +97ms
08-04 00:30:09.466 13866 13866 I GoogleInputMethodServic: GoogleInputMethodService.onFinishInput():3138 
08-04 00:30:09.467 13866 13866 I GoogleInputMethodServic: GoogleInputMethodService.onStartInput():1808 
08-04 00:30:09.478 16160 16173 I art     : Explicit concurrent mark sweep GC freed 696(50KB) AllocSpace objects, 0(0B) LOS objects, 22% free, 53MB/69MB, paused 731us total 22.808ms
08-04 00:30:09.489 16160 16173 I art     : Starting a blocking GC Explicit
08-04 00:30:09.512 16160 16173 I art     : Explicit concurrent mark sweep GC freed 72(2512B) AllocSpace objects, 0(0B) LOS objects, 22% free, 53MB/69MB, paused 515us total 22.954ms
08-04 00:30:09.708   380   380 W SurfaceFlinger: couldn't log to binary event log: overflow.
08-04 00:30:09.805 16160 16172 I art     : Starting a blocking GC Explicit
08-04 00:30:09.830 16160 16172 I art     : Explicit concurrent mark sweep GC freed 1346(78KB) AllocSpace objects, 1(20KB) LOS objects, 22% free, 53MB/69MB, paused 986us total 24.295ms
08-04 00:30:09.842 16160 16172 I art     : Starting a blocking GC Explicit
08-04 00:30:09.865 16160 16172 I art     : Explicit concurrent mark sweep GC freed 125(6KB) AllocSpace objects, 0(0B) LOS objects, 22% free, 53MB/69MB, paused 508us total 23.433ms
08-04 00:30:09.874 16160 16172 I art     : Starting a blocking GC Explicit
08-04 00:30:09.896 16160 16172 I art     : Explicit concurrent mark sweep GC freed 3(96B) AllocSpace objects, 0(0B) LOS objects, 22% free, 53MB/69MB, paused 506us total 22.281ms
08-04 00:30:09.905 16160 16172 I art     : Starting a blocking GC Explicit
08-04 00:30:09.927 16160 16172 I art     : Explicit concurrent mark sweep GC freed 3(96B) AllocSpace objects, 0(0B) LOS objects, 22% free, 53MB/69MB, paused 636us total 22.139ms
08-04 00:30:09.936 16160 16172 I art     : Starting a blocking GC Explicit
08-04 00:30:09.959 16160 16172 I art     : Explicit concurrent mark sweep GC freed 3(96B) AllocSpace objects, 0(0B) LOS objects, 22% free, 53MB/69MB, paused 569us total 23.178ms
08-04 00:30:10.026 18789 18789 W Finsky  : [1] moi.a(19): Self-update check failed with error: com.android.volley.NoConnectionError: org.chromium.net.impl.NetworkExceptionImpl: Exception in CronetUrlRequest: net::ERR_CONNECTION_CLOSED, ErrorCode=5, InternalErrorCode=-100, Retryable=true
08-04 00:30:10.059 18789 18789 I Finsky  : [1] xlr.a(13): SCH: jobFinished: 1-1337. TimeElapsed: 241106ms.
08-04 00:30:10.067 18789 18789 I Finsky  : [1] xkg.a(39): SCH: Job 1-1337 finished. Rescheduling.
08-04 00:30:10.068 18789 18789 I Finsky  : [1] xkf.handleMessage(61): SCH: RunningQueue size: 0, PendingQueue size: 0
08-04 00:30:10.068 18789 18789 I Finsky  : [1] xkf.handleMessage(67): Waiting on changed job store
08-04 00:30:10.247 16160 16173 I art     : Starting a blocking GC Explicit
08-04 00:30:10.273 16160 16173 I art     : Explicit concurrent mark sweep GC freed 1344(78KB) AllocSpace objects, 1(20KB) LOS objects, 22% free, 53MB/69MB, paused 587us total 25.549ms
08-04 00:30:10.285 16160 16173 I art     : Starting a blocking GC Explicit
08-04 00:30:10.308 16160 16173 I art     : Explicit concurrent mark sweep GC freed 36(1264B) AllocSpace objects, 0(0B) LOS objects, 22% free, 53MB/69MB, paused 626us total 23.583ms
08-04 00:30:10.317 16160 16173 I art     : Starting a blocking GC Explicit
08-04 00:30:10.341 16160 16173 I art     : Explicit concurrent mark sweep GC freed 3(96B) AllocSpace objects, 0(0B) LOS objects, 22% free, 53MB/69MB, paused 571us total 23.773ms
08-04 00:30:10.350 16160 16173 I art     : Starting a blocking GC Explicit
08-04 00:30:10.374 16160 16173 I art     : Explicit concurrent mark sweep GC freed 3(96B) AllocSpace objects, 0(0B) LOS objects, 22% free, 53MB/69MB, paused 542us total 23.327ms
08-04 00:30:10.383 16160 16173 I art     : Starting a blocking GC Explicit
08-04 00:30:10.407 16160 16173 I art     : Explicit concurrent mark sweep GC freed 3(96B) AllocSpace objects, 0(0B) LOS objects, 22% free, 53MB/69MB, paused 611us total 24.570ms
08-04 00:30:10.684 16160 16648 I art     : Starting a blocking GC Explicit
08-04 00:30:10.715 16160 16648 I art     : Explicit concurrent mark sweep GC freed 1344(78KB) AllocSpace objects, 1(20KB) LOS objects, 22% free, 53MB/69MB, paused 630us total 31.296ms
08-04 00:30:10.728 16160 16648 I art     : Starting a blocking GC Explicit
08-04 00:30:10.753 16160 16648 I art     : Explicit concurrent mark sweep GC freed 20(704B) AllocSpace objects, 0(0B) LOS objects, 22% free, 53MB/69MB, paused 583us total 25.217ms
08-04 00:30:10.763 16160 16648 I art     : Starting a blocking GC Explicit
08-04 00:30:10.788 16160 16648 I art     : Explicit concurrent mark sweep GC freed 3(96B) AllocSpace objects, 0(0B) LOS objects, 22% free, 53MB/69MB, paused 593us total 25.218ms
08-04 00:30:10.798 16160 16648 I art     : Starting a blocking GC Explicit
08-04 00:30:10.822 16160 16648 I art     : Explicit concurrent mark sweep GC freed 3(96B) AllocSpace objects, 0(0B) LOS objects, 22% free, 53MB/69MB, paused 563us total 24.531ms
08-04 00:30:10.832 16160 16648 I art     : Starting a blocking GC Explicit
08-04 00:30:10.857 16160 16648 I art     : Explicit concurrent mark sweep GC freed 3(96B) AllocSpace objects, 0(0B) LOS objects, 22% free, 53MB/69MB, paused 682us total 25.204ms
08-04 00:30:11.157 16160 18029 I art     : Starting a blocking GC Explicit
08-04 00:30:11.191 16160 18029 I art     : Explicit concurrent mark sweep GC freed 1344(78KB) AllocSpace objects, 1(20KB) LOS objects, 22% free, 53MB/69MB, paused 620us total 33.424ms
08-04 00:30:11.204 16160 18029 I art     : Starting a blocking GC Explicit
08-04 00:30:11.230 16160 18029 I art     : Explicit concurrent mark sweep GC freed 20(704B) AllocSpace objects, 0(0B) LOS objects, 22% free, 53MB/69MB, paused 586us total 25.196ms
08-04 00:30:11.239 16160 18029 I art     : Starting a blocking GC Explicit
08-04 00:30:11.264 16160 18029 I art     : Explicit concurrent mark sweep GC freed 3(96B) AllocSpace objects, 0(0B) LOS objects, 22% free, 53MB/69MB, paused 575us total 24.527ms
08-04 00:30:11.273 16160 18029 I art     : Starting a blocking GC Explicit
08-04 00:30:11.298 16160 18029 I art     : Explicit concurrent mark sweep GC freed 3(96B) AllocSpace objects, 0(0B) LOS objects, 22% free, 53MB/69MB, paused 582us total 24.691ms
08-04 00:30:11.308 16160 18029 I art     : Starting a blocking GC Explicit
08-04 00:30:11.333 16160 18029 I art     : Explicit concurrent mark sweep GC freed 3(96B) AllocSpace objects, 0(0B) LOS objects, 22% free, 53MB/69MB, paused 663us total 25.119ms
08-04 00:30:11.655 16160 16172 I art     : Starting a blocking GC Explicit
08-04 00:30:11.687 16160 16172 I art     : Explicit concurrent mark sweep GC freed 1344(78KB) AllocSpace objects, 1(20KB) LOS objects, 22% free, 53MB/69MB, paused 623us total 31.500ms
08-04 00:30:11.700 16160 16172 I art     : Starting a blocking GC Explicit
08-04 00:30:11.725 16160 16172 I art     : Explicit concurrent mark sweep GC freed 20(704B) AllocSpace objects, 0(0B) LOS objects, 22% free, 53MB/69MB, paused 570us total 25.337ms
08-04 00:30:11.735 16160 16172 I art     : Starting a blocking GC Explicit
08-04 00:30:11.760 16160 16172 I art     : Explicit concurrent mark sweep GC freed 3(96B) AllocSpace objects, 0(0B) LOS objects, 22% free, 53MB/69MB, paused 564us total 25.345ms
08-04 00:30:11.770 16160 16172 I art     : Starting a blocking GC Explicit
08-04 00:30:11.795 16160 16172 I art     : Explicit concurrent mark sweep GC freed 3(96B) AllocSpace objects, 0(0B) LOS objects, 22% free, 53MB/69MB, paused 591us total 25.137ms
08-04 00:30:11.805 16160 16172 I art     : Starting a blocking GC Explicit
08-04 00:30:11.830 16160 16172 I art     : Explicit concurrent mark sweep GC freed 3(96B) AllocSpace objects, 0(0B) LOS objects, 22% free, 53MB/69MB, paused 565us total 25.261ms
08-04 00:30:12.148 16160 16250 I art     : Starting a blocking GC Explicit
08-04 00:30:12.179 16160 16250 I art     : Explicit concurrent mark sweep GC freed 1344(78KB) AllocSpace objects, 1(20KB) LOS objects, 22% free, 53MB/69MB, paused 653us total 30.989ms
08-04 00:30:12.192 16160 16250 I art     : Starting a blocking GC Explicit
08-04 00:30:12.218 16160 16250 I art     : Explicit concurrent mark sweep GC freed 20(704B) AllocSpace objects, 0(0B) LOS objects, 22% free, 53MB/69MB, paused 621us total 25.264ms
08-04 00:30:12.227 16160 16250 I art     : Starting a blocking GC Explicit
08-04 00:30:12.252 16160 16250 I art     : Explicit concurrent mark sweep GC freed 3(96B) AllocSpace objects, 0(0B) LOS objects, 22% free, 53MB/69MB, paused 632us total 24.464ms
08-04 00:30:12.261 16160 16250 I art     : Starting a blocking GC Explicit
08-04 00:30:12.286 16160 16250 I art     : Explicit concurrent mark sweep GC freed 3(96B) AllocSpace objects, 0(0B) LOS objects, 22% free, 53MB/69MB, paused 567us total 24.671ms
08-04 00:30:12.295 16160 16250 I art     : Starting a blocking GC Explicit
08-04 00:30:12.321 16160 16250 I art     : Explicit concurrent mark sweep GC freed 3(96B) AllocSpace objects, 0(0B) LOS objects, 22% free, 53MB/69MB, paused 575us total 25.270ms
08-04 00:30:12.648 16160 16173 I art     : Starting a blocking GC Explicit
08-04 00:30:12.683 16160 16173 I art     : Explicit concurrent mark sweep GC freed 1344(78KB) AllocSpace objects, 1(20KB) LOS objects, 22% free, 53MB/69MB, paused 624us total 34.519ms
08-04 00:30:12.697 16160 16173 I art     : Starting a blocking GC Explicit
08-04 00:30:12.722 16160 16173 I art     : Explicit concurrent mark sweep GC freed 20(704B) AllocSpace objects, 0(0B) LOS objects, 22% free, 53MB/69MB, paused 590us total 24.765ms
08-04 00:30:12.731 16160 16173 I art     : Starting a blocking GC Explicit
08-04 00:30:12.757 16160 16173 I art     : Explicit concurrent mark sweep GC freed 3(96B) AllocSpace objects, 0(0B) LOS objects, 22% free, 53MB/69MB, paused 592us total 25.168ms
08-04 00:30:12.766 16160 16173 I art     : Starting a blocking GC Explicit
08-04 00:30:12.791 16160 16173 I art     : Explicit concurrent mark sweep GC freed 3(96B) AllocSpace objects, 0(0B) LOS objects, 22% free, 53MB/69MB, paused 570us total 25.094ms
08-04 00:30:12.801 16160 16173 I art     : Starting a blocking GC Explicit
08-04 00:30:12.826 16160 16173 I art     : Explicit concurrent mark sweep GC freed 3(96B) AllocSpace objects, 0(0B) LOS objects, 22% free, 53MB/69MB, paused 589us total 25.346ms
08-04 00:30:13.089   918  3261 D WifiStateMachine: starting scan for "H369AA63323"WPA_PSK with 2412,5180
08-04 00:30:13.147 16160 16648 I art     : Starting a blocking GC Explicit
08-04 00:30:13.174 16160 16648 I art     : Explicit concurrent mark sweep GC freed 1344(78KB) AllocSpace objects, 1(20KB) LOS objects, 22% free, 53MB/69MB, paused 579us total 26.014ms
08-04 00:30:13.183 16160 16648 I art     : Starting a blocking GC Explicit
08-04 00:30:13.208 16160 16648 I art     : Explicit concurrent mark sweep GC freed 20(704B) AllocSpace objects, 0(0B) LOS objects, 22% free, 53MB/69MB, paused 614us total 24.548ms
08-04 00:30:13.217 16160 16648 I art     : Starting a blocking GC Explicit
08-04 00:30:13.242 16160 16648 I art     : Explicit concurrent mark sweep GC freed 3(96B) AllocSpace objects, 0(0B) LOS objects, 22% free, 53MB/69MB, paused 567us total 24.457ms
08-04 00:30:13.251 16160 16648 I art     : Starting a blocking GC Explicit
08-04 00:30:13.276 16160 16648 I art     : Explicit concurrent mark sweep GC freed 3(96B) AllocSpace objects, 0(0B) LOS objects, 22% free, 53MB/69MB, paused 579us total 24.653ms
08-04 00:30:13.285 16160 16648 I art     : Starting a blocking GC Explicit
08-04 00:30:13.310 16160 16648 I art     : Explicit concurrent mark sweep GC freed 3(96B) AllocSpace objects, 0(0B) LOS objects, 22% free, 53MB/69MB, paused 589us total 24.723ms
08-04 00:30:13.630 16160 18029 I art     : Starting a blocking GC Explicit
08-04 00:30:13.655 16160 18029 I art     : Explicit concurrent mark sweep GC freed 1344(78KB) AllocSpace objects, 1(20KB) LOS objects, 22% free, 53MB/69MB, paused 630us total 25.089ms
08-04 00:30:13.665 16160 18029 I art     : Starting a blocking GC Explicit
08-04 00:30:13.689 16160 18029 I art     : Explicit concurrent mark sweep GC freed 20(704B) AllocSpace objects, 0(0B) LOS objects, 22% free, 53MB/69MB, paused 561us total 23.519ms
08-04 00:30:13.697 16160 18029 I art     : Starting a blocking GC Explicit
08-04 00:30:13.721 16160 18029 I art     : Explicit concurrent mark sweep GC freed 3(96B) AllocSpace objects, 0(0B) LOS objects, 22% free, 53MB/69MB, paused 588us total 23.308ms
08-04 00:30:13.730 16160 18029 I art     : Starting a blocking GC Explicit
08-04 00:30:13.754 16160 18029 I art     : Explicit concurrent mark sweep GC freed 3(96B) AllocSpace objects, 0(0B) LOS objects, 22% free, 53MB/69MB, paused 647us total 23.667ms
08-04 00:30:13.763 16160 18029 I art     : Starting a blocking GC Explicit
08-04 00:30:13.786 16160 18029 I art     : Explicit concurrent mark sweep GC freed 3(96B) AllocSpace objects, 0(0B) LOS objects, 22% free, 53MB/69MB, paused 577us total 23.495ms
08-04 00:30:13.898 17791 17791 I Atfwd_Sendcmd: AtCmdFwd service not ready - Exhausted retry attempts - :6
08-04 00:30:13.898 17791 17791 I Atfwd_Daemon: result : -1 	 ,Init step :2 	 ,qmiErrorCode: 0
08-04 00:30:14.020 20572 20572 D AndroidRuntime: >>>>>> START com.android.internal.os.RuntimeInit uid 2000 <<<<<<
08-04 00:30:14.025 20572 20572 D AndroidRuntime: CheckJNI is OFF
08-04 00:30:14.059 20572 20572 D ICU     : No timezone override file found: /data/misc/zoneinfo/current/icu/icu_tzdata.dat
08-04 00:30:14.091 16160 16172 I art     : Starting a blocking GC Explicit
08-04 00:30:14.093 20572 20572 I Radio-JNI: register_android_hardware_Radio DONE
08-04 00:30:14.115 20572 20572 D AndroidRuntime: Calling main entry com.android.commands.input.Input
08-04 00:30:14.117 16160 16172 I art     : Explicit concurrent mark sweep GC freed 1365(79KB) AllocSpace objects, 1(20KB) LOS objects, 22% free, 53MB/69MB, paused 645us total 25.342ms
08-04 00:30:14.117 20572 20572 I Input   : injectKeyEvent: KeyEvent { action=ACTION_DOWN, keyCode=KEYCODE_BACK, scanCode=0, metaState=0, flags=0x0, repeatCount=0, eventTime=664230530, downTime=664230530, deviceId=-1, source=0x101 }
08-04 00:30:14.124 20572 20572 I Input   : injectKeyEvent: KeyEvent { action=ACTION_UP, keyCode=KEYCODE_BACK, scanCode=0, metaState=0, flags=0x0, repeatCount=0, eventTime=664230530, downTime=664230530, deviceId=-1, source=0x101 }
08-04 00:30:14.126 16160 16172 I art     : Starting a blocking GC Explicit
08-04 00:30:14.131 20572 20572 D AndroidRuntime: Shutting down VM
08-04 00:30:14.149 16160 16172 I art     : Explicit concurrent mark sweep GC freed 177(7KB) AllocSpace objects, 0(0B) LOS objects, 22% free, 53MB/69MB, paused 696us total 23.372ms
08-04 00:30:14.159 16160 16172 I art     : Starting a blocking GC Explicit
08-04 00:30:14.174 13866 13866 I GoogleInputMethodServic: GoogleInputMethodService.onFinishInput():3138 
08-04 00:30:14.175 13866 13866 I GoogleInputMethodServic: GoogleInputMethodService.onStartInput():1808 
08-04 00:30:14.180 16160 16172 I art     : Explicit concurrent mark sweep GC freed 7(272B) AllocSpace objects, 0(0B) LOS objects, 22% free, 53MB/69MB, paused 554us total 20.665ms
08-04 00:30:14.190 16160 16172 I art     : Starting a blocking GC Explicit
08-04 00:30:14.212 16160 16172 I art     : Explicit concurrent mark sweep GC freed 38(1376B) AllocSpace objects, 0(0B) LOS objects, 22% free, 53MB/69MB, paused 546us total 21.820ms
08-04 00:30:14.221 16160 16172 I art     : Starting a blocking GC Explicit
08-04 00:30:14.242 16160 16172 I art     : Explicit concurrent mark sweep GC freed 10(384B) AllocSpace objects, 0(0B) LOS objects, 22% free, 53MB/69MB, paused 491us total 20.537ms
08-04 00:30:14.483   380   380 W SurfaceFlinger: couldn't log to binary event log: overflow.
08-04 00:30:14.522 16160 16648 I art     : Starting a blocking GC Explicit
08-04 00:30:14.547 16160 16648 I art     : Explicit concurrent mark sweep GC freed 1454(86KB) AllocSpace objects, 1(20KB) LOS objects, 22% free, 53MB/69MB, paused 563us total 24.728ms
08-04 00:30:14.556 16160 16648 I art     : Starting a blocking GC Explicit
08-04 00:30:14.579 16160 16648 I art     : Explicit concurrent mark sweep GC freed 1670(108KB) AllocSpace objects, 3(180KB) LOS objects, 23% free, 53MB/69MB, paused 551us total 23.380ms
08-04 00:30:14.588 16160 16648 I art     : Starting a blocking GC Explicit
08-04 00:30:14.612 16160 16648 I art     : Explicit concurrent mark sweep GC freed 3(96B) AllocSpace objects, 0(0B) LOS objects, 23% free, 53MB/69MB, paused 548us total 23.549ms
08-04 00:30:14.621 16160 16648 I art     : Starting a blocking GC Explicit
08-04 00:30:14.644 16160 16648 I art     : Explicit concurrent mark sweep GC freed 3(96B) AllocSpace objects, 0(0B) LOS objects, 23% free, 53MB/69MB, paused 559us total 22.973ms
08-04 00:30:14.653 16160 16648 I art     : Starting a blocking GC Explicit
08-04 00:30:14.678 16160 16648 I art     : Explicit concurrent mark sweep GC freed 3(96B) AllocSpace objects, 0(0B) LOS objects, 23% free, 53MB/69MB, paused 588us total 24.241ms
08-04 00:30:14.934 16160 16172 I art     : Starting a blocking GC Explicit
08-04 00:30:14.965 16160 16172 I art     : Explicit concurrent mark sweep GC freed 1344(78KB) AllocSpace objects, 1(20KB) LOS objects, 23% free, 53MB/69MB, paused 593us total 30.480ms
08-04 00:30:14.980 16160 16172 I art     : Starting a blocking GC Explicit
08-04 00:30:15.005 16160 16172 I art     : Explicit concurrent mark sweep GC freed 29(1040B) AllocSpace objects, 0(0B) LOS objects, 23% free, 53MB/69MB, paused 553us total 24.311ms
08-04 00:30:15.014 16160 16172 I art     : Starting a blocking GC Explicit
08-04 00:30:15.037 16160 16172 I art     : Explicit concurrent mark sweep GC freed 3(96B) AllocSpace objects, 0(0B) LOS objects, 23% free, 53MB/69MB, paused 585us total 23.734ms
08-04 00:30:15.047 16160 16172 I art     : Starting a blocking GC Explicit
08-04 00:30:15.060 18789 20483 I Finsky  : [6246] xmu.a(8): SCH: Jobs in database: 1-1337 3-181 3-182 10-47 24-77777777 26-1414141414 
08-04 00:30:15.063 18789 18789 I Finsky  : [1] xkg.a(16): SCH: Running job: 10-47
08-04 00:30:15.064 18789 18789 I Finsky  : [1] xkf.handleMessage(61): SCH: RunningQueue size: 1, PendingQueue size: 0
08-04 00:30:15.064 18789 18789 I Finsky  : [1] xkf.handleMessage(64): SCH: Running queue: 10-47 
08-04 00:30:15.072 16160 16172 I art     : Explicit concurrent mark sweep GC freed 3(96B) AllocSpace objects, 0(0B) LOS objects, 23% free, 53MB/69MB, paused 590us total 24.245ms
08-04 00:30:15.078 18789 20483 I Finsky  : [6246] gwm.a(-1): [Counters Flush] finished, scheduled=false
08-04 00:30:15.079 18789 20483 I Finsky  : [6246] xlr.a(13): SCH: jobFinished: 10-47. TimeElapsed: 15ms.
08-04 00:30:15.080 18789 18789 I Finsky  : [1] xkg.a(36): SCH: Job 10-47 finished. Not rescheduling.
08-04 00:30:15.080 18789 18789 I Finsky  : [1] xkf.handleMessage(61): SCH: RunningQueue size: 0, PendingQueue size: 0
08-04 00:30:15.081 18789 18789 I Finsky  : [1] xkf.handleMessage(25): Executor finished
08-04 00:30:15.081 16160 16172 I art     : Starting a blocking GC Explicit
08-04 00:30:15.104 18789 18789 I Finsky  : [1] xmu.a(8): SCH: Jobs in database: 1-1337 3-181 3-182 24-77777777 26-1414141414 
08-04 00:30:15.105 16160 16172 I art     : Explicit concurrent mark sweep GC freed 3(96B) AllocSpace objects, 0(0B) LOS objects, 23% free, 53MB/69MB, paused 573us total 23.434ms
08-04 00:30:15.106 18789 18789 I Finsky  : [1] xio.a(57): SCH: ConstraintMapping: 24-77777777,  -> L: 0ms, D: 74385732ms, C: false, I: true, N: 0
08-04 00:30:15.107 18789 18789 I Finsky  : [1] xio.a(57): SCH: ConstraintMapping: 1-1337,  -> L: 16194963ms, D: 34537803ms, C: false, I: false, N: 1
08-04 00:30:15.107 18789 18789 I Finsky  : [1] xio.a(57): SCH: ConstraintMapping: 3-181,  -> L: 0ms, D: 65794108ms, C: false, I: true, N: 2
08-04 00:30:15.108 18789 18789 I Finsky  : [1] xio.a(57): SCH: ConstraintMapping: 3-182,  -> L: 0ms, D: 65794181ms, C: true, I: true, N: 2
08-04 00:30:15.108 18789 18789 I Finsky  : [1] xio.a(57): SCH: ConstraintMapping: 26-1414141414,  -> L: 38615358ms, D: 39515358ms, C: false, I: false, N: 0
08-04 00:30:15.142 18789 18789 I Finsky  : [1] xle.a(34): Cancelling existing jobscheduler jobs: 9000 9012 9004 9006 9011 9003 9010 9005 
08-04 00:30:15.143 18789 18789 I Finsky  : [1] xle.a(27): Scheduling job Id: 9001, L: 0, D: 74385732, C: false, I: true, N: 0
08-04 00:30:15.144 18789 18789 I Finsky  : [1] xle.a(27): Scheduling job Id: 9002, L: 16194963, D: 34537803, C: false, I: false, N: 1
08-04 00:30:15.146 18789 18789 I Finsky  : [1] xle.a(27): Scheduling job Id: 9007, L: 0, D: 65794108, C: false, I: true, N: 2
08-04 00:30:15.147 18789 18789 I Finsky  : [1] xle.a(27): Scheduling job Id: 9008, L: 0, D: 65794181, C: true, I: true, N: 2
08-04 00:30:15.148 18789 18789 I Finsky  : [1] xle.a(27): Scheduling job Id: 9013, L: 38615358, D: 39515358, C: false, I: false, N: 0
08-04 00:30:15.150 18789 18789 I Finsky  : [1] xle.a(27): Scheduling job Id: 9014, L: 0, D: 74385732, C: false, I: true, N: 0
08-04 00:30:15.151 18789 18789 I Finsky  : [1] xle.a(27): Scheduling job Id: 9015, L: 16194963, D: 34537803, C: false, I: false, N: 1
08-04 00:30:15.166 18789 18789 I Finsky  : [1] xle.a(27): Scheduling job Id: 9016, L: 0, D: 65794108, C: false, I: true, N: 2
08-04 00:30:15.168 18789 18789 I Finsky  : [1] xle.a(27): Scheduling job Id: 9017, L: 0, D: 65794181, C: true, I: true, N: 2
08-04 00:30:15.169 18789 18789 I Finsky  : [1] xle.a(27): Scheduling job Id: 9018, L: 38615358, D: 39515358, C: false, I: false, N: 0
08-04 00:30:15.382 16160 16648 I art     : Starting a blocking GC Explicit
08-04 00:30:15.407 16160 16648 I art     : Explicit concurrent mark sweep GC freed 1344(78KB) AllocSpace objects, 1(20KB) LOS objects, 23% free, 53MB/69MB, paused 566us total 24.295ms
08-04 00:30:15.416 16160 16648 I art     : Starting a blocking GC Explicit
08-04 00:30:15.439 16160 16648 I art     : Explicit concurrent mark sweep GC freed 20(704B) AllocSpace objects, 0(0B) LOS objects, 23% free, 53MB/69MB, paused 574us total 23.193ms
08-04 00:30:15.448 16160 16648 I art     : Starting a blocking GC Explicit
08-04 00:30:15.471 16160 16648 I art     : Explicit concurrent mark sweep GC freed 3(96B) AllocSpace objects, 0(0B) LOS objects, 23% free, 53MB/69MB, paused 575us total 22.630ms
08-04 00:30:15.480 16160 16648 I art     : Starting a blocking GC Explicit
08-04 00:30:15.503 16160 16648 I art     : Explicit concurrent mark sweep GC freed 3(96B) AllocSpace objects, 0(0B) LOS objects, 23% free, 53MB/69MB, paused 568us total 22.770ms
08-04 00:30:15.512 16160 16648 I art     : Starting a blocking GC Explicit
08-04 00:30:15.536 16160 16648 I art     : Explicit concurrent mark sweep GC freed 3(96B) AllocSpace objects, 0(0B) LOS objects, 23% free, 53MB/69MB, paused 559us total 23.574ms
08-04 00:30:15.783 20629 20629 D AndroidRuntime: >>>>>> START com.android.internal.os.RuntimeInit uid 2000 <<<<<<
08-04 00:30:15.788 20629 20629 D AndroidRuntime: CheckJNI is OFF
08-04 00:30:15.800 16160 16173 I art     : Starting a blocking GC Explicit
08-04 00:30:15.824 20629 20629 D ICU     : No timezone override file found: /data/misc/zoneinfo/current/icu/icu_tzdata.dat
08-04 00:30:15.824 16160 16173 I art     : Explicit concurrent mark sweep GC freed 1344(78KB) AllocSpace objects, 1(20KB) LOS objects, 23% free, 53MB/69MB, paused 636us total 23.981ms
08-04 00:30:15.834 16160 16173 I art     : Starting a blocking GC Explicit
08-04 00:30:15.857 16160 16173 I art     : Explicit concurrent mark sweep GC freed 20(704B) AllocSpace objects, 0(0B) LOS objects, 23% free, 53MB/69MB, paused 668us total 22.701ms
08-04 00:30:15.857 20629 20629 I Radio-JNI: register_android_hardware_Radio DONE
08-04 00:30:15.866 16160 16173 I art     : Starting a blocking GC Explicit
08-04 00:30:15.879 20629 20629 D AndroidRuntime: Calling main entry com.android.commands.input.Input
08-04 00:30:15.881 20629 20629 I Input   : injectKeyEvent: KeyEvent { action=ACTION_DOWN, keyCode=KEYCODE_BACK, scanCode=0, metaState=0, flags=0x0, repeatCount=0, eventTime=664232294, downTime=664232294, deviceId=-1, source=0x101 }
08-04 00:30:15.887 16160 16173 I art     : Explicit concurrent mark sweep GC freed 3(96B) AllocSpace objects, 0(0B) LOS objects, 23% free, 53MB/69MB, paused 709us total 21.024ms
08-04 00:30:15.887 20629 20629 I Input   : injectKeyEvent: KeyEvent { action=ACTION_UP, keyCode=KEYCODE_BACK, scanCode=0, metaState=0, flags=0x0, repeatCount=0, eventTime=664232294, downTime=664232294, deviceId=-1, source=0x101 }
08-04 00:30:15.893 20629 20629 D AndroidRuntime: Shutting down VM
08-04 00:30:15.895 16160 16173 I art     : Starting a blocking GC Explicit
08-04 00:30:15.916 16160 16173 I art     : Explicit concurrent mark sweep GC freed 150(6KB) AllocSpace objects, 0(0B) LOS objects, 23% free, 53MB/69MB, paused 507us total 20.406ms
08-04 00:30:15.924 16160 16173 I art     : Starting a blocking GC Explicit
08-04 00:30:15.928 13866 13866 I GoogleInputMethodServic: GoogleInputMethodService.onFinishInput():3138 
08-04 00:30:15.929 13866 13866 I GoogleInputMethodServic: GoogleInputMethodService.onStartInput():1808 
08-04 00:30:15.945 16160 16173 I art     : Explicit concurrent mark sweep GC freed 60(2112B) AllocSpace objects, 0(0B) LOS objects, 23% free, 53MB/69MB, paused 637us total 21.021ms
08-04 00:30:16.190 16160 16172 I art     : Starting a blocking GC Explicit
08-04 00:30:16.212 16160 16172 I art     : Explicit concurrent mark sweep GC freed 1353(78KB) AllocSpace objects, 1(20KB) LOS objects, 23% free, 53MB/69MB, paused 491us total 21.528ms
08-04 00:30:16.220 16160 16172 I art     : Starting a blocking GC Explicit
08-04 00:30:16.241 16160 16172 I art     : Explicit concurrent mark sweep GC freed 541(27KB) AllocSpace objects, 0(0B) LOS objects, 23% free, 53MB/69MB, paused 601us total 20.487ms
08-04 00:30:16.249 16160 16172 I art     : Starting a blocking GC Explicit
08-04 00:30:16.272 16160 16172 I art     : Explicit concurrent mark sweep GC freed 158(6KB) AllocSpace objects, 0(0B) LOS objects, 23% free, 53MB/69MB, paused 550us total 22.020ms
08-04 00:30:16.280 16160 16172 I art     : Starting a blocking GC Explicit
08-04 00:30:16.301 16160 16172 I art     : Explicit concurrent mark sweep GC freed 2661(174KB) AllocSpace objects, 1(28KB) LOS objects, 23% free, 53MB/69MB, paused 537us total 20.787ms
08-04 00:30:16.309 16160 16172 I art     : Starting a blocking GC Explicit
08-04 00:30:16.330 16160 16172 I art     : Explicit concurrent mark sweep GC freed 3(96B) AllocSpace objects, 0(0B) LOS objects, 23% free, 53MB/69MB, paused 546us total 20.689ms
08-04 00:30:16.608 16160 16250 I art     : Starting a blocking GC Explicit
08-04 00:30:16.633 16160 16250 I art     : Explicit concurrent mark sweep GC freed 1344(78KB) AllocSpace objects, 1(20KB) LOS objects, 23% free, 53MB/69MB, paused 621us total 25.052ms
08-04 00:30:16.646 16160 16250 I art     : Starting a blocking GC Explicit
08-04 00:30:16.669 16160 16250 I art     : Explicit concurrent mark sweep GC freed 20(704B) AllocSpace objects, 0(0B) LOS objects, 23% free, 53MB/69MB, paused 555us total 22.363ms
08-04 00:30:16.678 16160 16250 I art     : Starting a blocking GC Explicit
08-04 00:30:16.700 16160 16250 I art     : Explicit concurrent mark sweep GC freed 3(96B) AllocSpace objects, 0(0B) LOS objects, 23% free, 53MB/69MB, paused 543us total 22.482ms
08-04 00:30:16.700 16160 16171 I art     : WaitForGcToComplete blocked for 13.240ms for cause HeapTrim
08-04 00:30:16.709 16160 16250 I art     : Starting a blocking GC Explicit
08-04 00:30:16.732 16160 16250 I art     : Explicit concurrent mark sweep GC freed 3(96B) AllocSpace objects, 0(0B) LOS objects, 23% free, 53MB/69MB, paused 549us total 22.499ms
08-04 00:30:16.741 16160 16250 I art     : Starting a blocking GC Explicit
08-04 00:30:16.763 16160 16250 I art     : Explicit concurrent mark sweep GC freed 3(96B) AllocSpace objects, 0(0B) LOS objects, 23% free, 53MB/69MB, paused 558us total 22.366ms
08-04 00:30:17.058 16160 16648 I art     : Starting a blocking GC Explicit
08-04 00:30:17.085 16160 16648 I art     : Explicit concurrent mark sweep GC freed 1341(78KB) AllocSpace objects, 1(20KB) LOS objects, 23% free, 53MB/69MB, paused 566us total 26.364ms
08-04 00:30:17.094 16160 16648 I art     : Starting a blocking GC Explicit
08-04 00:30:17.118 16160 16648 I art     : Explicit concurrent mark sweep GC freed 20(704B) AllocSpace objects, 0(0B) LOS objects, 23% free, 53MB/69MB, paused 541us total 23.004ms
08-04 00:30:17.127 16160 16648 I art     : Starting a blocking GC Explicit
08-04 00:30:17.149 16160 16648 I art     : Explicit concurrent mark sweep GC freed 3(96B) AllocSpace objects, 0(0B) LOS objects, 23% free, 53MB/69MB, paused 538us total 21.641ms
08-04 00:30:17.158 16160 16648 I art     : Starting a blocking GC Explicit
08-04 00:30:17.180 16160 16648 I art     : Explicit concurrent mark sweep GC freed 3(96B) AllocSpace objects, 0(0B) LOS objects, 23% free, 53MB/69MB, paused 517us total 21.427ms
08-04 00:30:17.188 16160 16648 I art     : Starting a blocking GC Explicit
08-04 00:30:17.210 16160 16648 I art     : Explicit concurrent mark sweep GC freed 3(96B) AllocSpace objects, 0(0B) LOS objects, 23% free, 53MB/69MB, paused 559us total 21.801ms
08-04 00:30:17.486 16160 18029 I art     : Starting a blocking GC Explicit
08-04 00:30:17.509 16160 18029 I art     : Explicit concurrent mark sweep GC freed 1341(78KB) AllocSpace objects, 1(20KB) LOS objects, 23% free, 53MB/69MB, paused 573us total 22.992ms
08-04 00:30:17.518 16160 18029 I art     : Starting a blocking GC Explicit
08-04 00:30:17.541 16160 18029 I art     : Explicit concurrent mark sweep GC freed 20(704B) AllocSpace objects, 0(0B) LOS objects, 23% free, 53MB/69MB, paused 648us total 22.683ms
08-04 00:30:17.550 16160 18029 I art     : Starting a blocking GC Explicit
08-04 00:30:17.573 16160 18029 I art     : Explicit concurrent mark sweep GC freed 3(96B) AllocSpace objects, 0(0B) LOS objects, 23% free, 53MB/69MB, paused 575us total 22.211ms
08-04 00:30:17.582 16160 18029 I art     : Starting a blocking GC Explicit
08-04 00:30:17.594 20688 20688 D AndroidRuntime: >>>>>> START com.android.internal.os.RuntimeInit uid 2000 <<<<<<
08-04 00:30:17.599 20688 20688 D AndroidRuntime: CheckJNI is OFF
08-04 00:30:17.604 16160 18029 I art     : Explicit concurrent mark sweep GC freed 3(96B) AllocSpace objects, 0(0B) LOS objects, 23% free, 53MB/69MB, paused 631us total 22.025ms
08-04 00:30:17.613 16160 18029 I art     : Starting a blocking GC Explicit
08-04 00:30:17.634 20688 20688 D ICU     : No timezone override file found: /data/misc/zoneinfo/current/icu/icu_tzdata.dat
08-04 00:30:17.634 16160 18029 I art     : Explicit concurrent mark sweep GC freed 3(96B) AllocSpace objects, 0(0B) LOS objects, 23% free, 53MB/69MB, paused 612us total 21.636ms
08-04 00:30:17.670 20688 20688 I Radio-JNI: register_android_hardware_Radio DONE
08-04 00:30:17.691 20688 20688 D AndroidRuntime: Calling main entry com.android.commands.am.Am
08-04 00:30:17.700  8825  8825 I Trepn   : Trepn 6.2s: Received intent: com.quicinc.trepn.stop_profiling
08-04 00:30:17.733  8825  8825 I Trepn   : Trepn 6.2s: Trepn has Stopped Profiling.
08-04 00:30:17.880 20688 20688 D AndroidRuntime: Shutting down VM
08-04 00:30:17.883   918  6112 W AppOps  : Finishing op nesting under-run: uid 10078 pkg com.quicinc.trepn code 24 time=0 duration=0 nesting=0
08-04 00:30:17.928 16160 16173 I art     : Starting a blocking GC Explicit
08-04 00:30:17.951 16160 16173 I art     : Explicit concurrent mark sweep GC freed 1341(78KB) AllocSpace objects, 1(20KB) LOS objects, 23% free, 53MB/69MB, paused 562us total 22.457ms
08-04 00:30:17.960 16160 16173 I art     : Starting a blocking GC Explicit
08-04 00:30:17.983 16160 16173 I art     : Explicit concurrent mark sweep GC freed 20(704B) AllocSpace objects, 0(0B) LOS objects, 23% free, 53MB/69MB, paused 556us total 22.923ms
08-04 00:30:17.992 16160 16173 I art     : Starting a blocking GC Explicit
08-04 00:30:18.015 16160 16173 I art     : Explicit concurrent mark sweep GC freed 3(96B) AllocSpace objects, 0(0B) LOS objects, 23% free, 53MB/69MB, paused 543us total 22.474ms
08-04 00:30:18.024 16160 16173 I art     : Starting a blocking GC Explicit
08-04 00:30:18.048 16160 16173 I art     : Explicit concurrent mark sweep GC freed 3(96B) AllocSpace objects, 0(0B) LOS objects, 23% free, 53MB/69MB, paused 610us total 23.153ms
08-04 00:30:18.057 16160 16173 I art     : Starting a blocking GC Explicit
08-04 00:30:18.080 16160 16173 I art     : Explicit concurrent mark sweep GC freed 3(96B) AllocSpace objects, 0(0B) LOS objects, 23% free, 53MB/69MB, paused 555us total 23.011ms
08-04 00:30:18.372 16160 16172 I art     : Starting a blocking GC Explicit
08-04 00:30:18.396 16160 16172 I art     : Explicit concurrent mark sweep GC freed 1341(78KB) AllocSpace objects, 1(20KB) LOS objects, 23% free, 53MB/69MB, paused 520us total 23.222ms
08-04 00:30:18.405 16160 16172 I art     : Starting a blocking GC Explicit
08-04 00:30:18.428 16160 16172 I art     : Explicit concurrent mark sweep GC freed 20(704B) AllocSpace objects, 0(0B) LOS objects, 23% free, 53MB/69MB, paused 602us total 22.666ms
08-04 00:30:18.437 16160 16172 I art     : Starting a blocking GC Explicit
08-04 00:30:18.458 16160 16172 I art     : Explicit concurrent mark sweep GC freed 3(96B) AllocSpace objects, 0(0B) LOS objects, 23% free, 53MB/69MB, paused 566us total 21.290ms
08-04 00:30:18.468 16160 16172 I art     : Starting a blocking GC Explicit
08-04 00:30:18.489 16160 16172 I art     : Explicit concurrent mark sweep GC freed 3(96B) AllocSpace objects, 0(0B) LOS objects, 23% free, 53MB/69MB, paused 521us total 20.898ms
08-04 00:30:18.498 16160 16172 I art     : Starting a blocking GC Explicit
08-04 00:30:18.519 16160 16172 I art     : Explicit concurrent mark sweep GC freed 3(96B) AllocSpace objects, 0(0B) LOS objects, 23% free, 53MB/69MB, paused 547us total 21.364ms
08-04 00:30:18.899 17791 17791 I ServiceManager: Waiting for service AtCmdFwd...
08-04 00:30:19.899 17791 17791 I ServiceManager: Waiting for service AtCmdFwd...
