--------- beginning of main
08-03 23:37:10.312  1743  1743 D AndroidRuntime: >>>>>> START com.android.internal.os.RuntimeInit uid 2000 <<<<<<
08-03 23:37:10.318  1743  1743 D AndroidRuntime: CheckJNI is OFF
08-03 23:37:10.350  1743  1743 D ICU     : No timezone override file found: /data/misc/zoneinfo/current/icu/icu_tzdata.dat
08-03 23:37:10.385  1743  1743 I Radio-JNI: register_android_hardware_Radio DONE
08-03 23:37:10.403  1743  1743 D AndroidRuntime: Calling main entry com.android.commands.monkey.Monkey
--------- beginning of system
08-03 23:37:10.419   918   931 W BroadcastQueue: Skipping deliver [background] BroadcastRecord{7910291 u-1 android.net.conn.CONNECTIVITY_CHANGE} to ReceiverList{4ac75f6 1743 (unknown name)/2000/u-1 remote:dc72b1b}: process crashing
08-03 23:37:10.430   918   929 I ActivityManager: START u0 {act=android.intent.action.MAIN cat=[android.intent.category.LAUNCHER] flg=0x10200000 cmp=baseline.appteam.nith.hillffair/.activities.SplashActivity} from uid 2000 on display 0
08-03 23:37:10.468  1752  1752 I art     : Late-enabling -Xcheck:jni
08-03 23:37:10.476   918  6111 I ActivityManager: Start proc 1752:baseline.appteam.nith.hillffair/u0a651 for activity baseline.appteam.nith.hillffair/.activities.SplashActivity
08-03 23:37:10.491  1743  1743 I art     : System.exit called, status: 0
08-03 23:37:10.492  1743  1743 I AndroidRuntime: VM exiting with result code 0.
08-03 23:37:10.536  6202  8771 I PBSessionCacheImpl: Deleted sessionId[27278280657311515] from persistence.
08-03 23:37:10.539  6202  6241 W SearchServiceCore: Abort, client detached.
08-03 23:37:10.540  6202  6241 I MicroDetectionState: Should stop hotword detection immediately - true
08-03 23:37:10.545  1752  1752 W System  : ClassLoader referenced unknown path: /data/app/baseline.appteam.nith.hillffair-1/lib/arm64
08-03 23:37:10.564  1752  1752 W OneSignal: GCM Library detected, please upgrade to Firebase FCM library as GCM is deprecated!
08-03 23:37:10.611  1752  1752 W art     : Before Android 4.1, method android.graphics.PorterDuffColorFilter androidx.vectordrawable.graphics.drawable.VectorDrawableCompat.updateTintFilter(android.graphics.PorterDuffColorFilter, android.content.res.ColorStateList, android.graphics.PorterDuff$Mode) would have incorrectly overridden the package-private method in android.graphics.drawable.Drawable
08-03 23:37:10.630  1752  1752 I art     : Rejecting re-init on previously-failed class java.lang.Class<androidx.core.view.ViewCompat$2>
08-03 23:37:10.630  1752  1752 I art     : Rejecting re-init on previously-failed class java.lang.Class<androidx.core.view.ViewCompat$2>
08-03 23:37:10.679  1752  1780 D OpenGLRenderer: Use EGL_SWAP_BEHAVIOR_PRESERVED: true
08-03 23:37:10.723  1752  1780 I Adreno  : QUALCOMM build                   : fcf4852, I1af360237c
08-03 23:37:10.723  1752  1780 I Adreno  : Build Date                       : 09/23/15
08-03 23:37:10.723  1752  1780 I Adreno  : OpenGL ES Shader Compiler Version: XE031.05.13.02
08-03 23:37:10.723  1752  1780 I Adreno  : Local Branch                     : mybranch14465806
08-03 23:37:10.723  1752  1780 I Adreno  : Remote Branch                    : quic/LA.BF64.1.2.9_v2
08-03 23:37:10.723  1752  1780 I Adreno  : Remote Branch                    : NONE
08-03 23:37:10.723  1752  1780 I Adreno  : Reconstruct Branch               : NOTHING
08-03 23:37:10.732  1752  1780 I OpenGLRenderer: Initialized EGL, version 1.4
08-03 23:37:10.784 13866 13866 I GoogleInputMethodServic: GoogleInputMethodService.onFinishInput():3138 
08-03 23:37:10.785 13866 13866 I GoogleInputMethodServic: GoogleInputMethodService.onStartInput():1808 
08-03 23:37:10.849   918   936 I ActivityManager: Displayed baseline.appteam.nith.hillffair/.activities.SplashActivity: +412ms
08-03 23:37:10.887  1752  1790 W GCM     : GCM SDK is deprecated, baseline.appteam.nith.hillffair should update to use FCM
08-03 23:37:10.935 24365 23406 W Conscrypt: Could not set socket write timeout: java.net.SocketException: Socket closed
08-03 23:37:10.935 24365 23406 E art     : invalid stream - problem with parameter iterator in /data/app/com.google.android.gms-2/base.apk:classes3.dex for method void com.google.android.gms.org.conscrypt.ConscryptFileDescriptorSocket.setSoWriteTimeout(int)
08-03 23:37:10.935 24365 23406 W Conscrypt: 	at com.google.android.gms.org.conscrypt.Platform.setSocketWriteTimeout(:com.google.android.gms@202614019@20.26.14 (040400-320008519):2)
08-03 23:37:10.935 24365 23406 W Conscrypt: 	at com.google.android.gms.org.conscrypt.ConscryptFileDescriptorSocket.setSoWriteTimeout(:com.google.android.gms@202614019@20.26.14 (040400-320008519))
08-03 23:37:10.955 24365 23406 W Conscrypt: Could not set socket write timeout: java.net.SocketException: Socket closed
08-03 23:37:10.955 24365 23406 E art     : invalid stream - problem with parameter iterator in /data/app/com.google.android.gms-2/base.apk:classes3.dex for method void com.google.android.gms.org.conscrypt.ConscryptFileDescriptorSocket.setSoWriteTimeout(int)
08-03 23:37:10.956 24365 23406 W Conscrypt: 	at com.google.android.gms.org.conscrypt.Platform.setSocketWriteTimeout(:com.google.android.gms@202614019@20.26.14 (040400-320008519):2)
08-03 23:37:10.956 24365 23406 W Conscrypt: 	at com.google.android.gms.org.conscrypt.ConscryptFileDescriptorSocket.setSoWriteTimeout(:com.google.android.gms@202614019@20.26.14 (040400-320008519))
08-03 23:37:11.019 24365 23406 W Conscrypt: Could not set socket write timeout: java.net.SocketException: Socket closed
08-03 23:37:11.019 24365 23406 E art     : invalid stream - problem with parameter iterator in /data/app/com.google.android.gms-2/base.apk:classes3.dex for method void com.google.android.gms.org.conscrypt.ConscryptFileDescriptorSocket.setSoWriteTimeout(int)
08-03 23:37:11.019 24365 23406 W Conscrypt: 	at com.google.android.gms.org.conscrypt.Platform.setSocketWriteTimeout(:com.google.android.gms@202614019@20.26.14 (040400-320008519):2)
08-03 23:37:11.019 24365 23406 W Conscrypt: 	at com.google.android.gms.org.conscrypt.ConscryptFileDescriptorSocket.setSoWriteTimeout(:com.google.android.gms@202614019@20.26.14 (040400-320008519))
08-03 23:37:11.036 24365 23406 W Conscrypt: Could not set socket write timeout: java.net.SocketException: Socket closed
08-03 23:37:11.036 24365 23406 E art     : invalid stream - problem with parameter iterator in /data/app/com.google.android.gms-2/base.apk:classes3.dex for method void com.google.android.gms.org.conscrypt.ConscryptFileDescriptorSocket.setSoWriteTimeout(int)
08-03 23:37:11.037 24365 23406 W Conscrypt: 	at com.google.android.gms.org.conscrypt.Platform.setSocketWriteTimeout(:com.google.android.gms@202614019@20.26.14 (040400-320008519):2)
08-03 23:37:11.037 24365 23406 W Conscrypt: 	at com.google.android.gms.org.conscrypt.ConscryptFileDescriptorSocket.setSoWriteTimeout(:com.google.android.gms@202614019@20.26.14 (040400-320008519))
08-03 23:37:11.253 24365 23406 I NetworkScheduler.Stats: Task com.google.android.apps.gcs/ started execution. cause:1 exec_start_elapsed_seconds: 1644435 [CONTEXT service_id=218 ]
08-03 23:37:11.257 24784  1794 W Gcs.WfaEliRefreshTask: [22793] afk.b: NULL eligibility response.
08-03 23:37:11.274  1752  1790 E OneSignal: Error Getting GCM Token
08-03 23:37:11.274  1752  1790 E OneSignal: java.io.IOException: INVALID_SENDER
08-03 23:37:11.274  1752  1790 E OneSignal: 	at com.google.android.gms.gcm.GoogleCloudMessaging.zzd(Unknown Source)
08-03 23:37:11.274  1752  1790 E OneSignal: 	at com.google.android.gms.gcm.GoogleCloudMessaging.register(Unknown Source)
08-03 23:37:11.274  1752  1790 E OneSignal: 	at com.onesignal.PushRegistratorGCM.getToken(PushRegistratorGCM.java:42)
08-03 23:37:11.274  1752  1790 E OneSignal: 	at com.onesignal.PushRegistratorAbstractGoogle.attemptRegistration(PushRegistratorAbstractGoogle.java:97)
08-03 23:37:11.274  1752  1790 E OneSignal: 	at com.onesignal.PushRegistratorAbstractGoogle.access$100(PushRegistratorAbstractGoogle.java:37)
08-03 23:37:11.274  1752  1790 E OneSignal: 	at com.onesignal.PushRegistratorAbstractGoogle$1.run(PushRegistratorAbstractGoogle.java:84)
08-03 23:37:11.274  1752  1790 E OneSignal: 	at java.lang.Thread.run(Thread.java:818)
08-03 23:37:11.281 24365 23406 I NetworkScheduler.Stats: Task com.google.android.apps.gcs/ finished executing. cause:1 result: 3 elapsed_millis: 34 uptime_millis: 34 exec_start_elapsed_seconds: 1644435 [CONTEXT service_id=218 ]
08-03 23:37:11.289  1752  1795 I art     : Rejecting re-init on previously-failed class java.lang.Class<com.onesignal.OneSignalChromeTab$OneSignalCustomTabsServiceConnection>
08-03 23:37:11.289  1752  1795 I art     : Rejecting re-init on previously-failed class java.lang.Class<com.onesignal.OneSignalChromeTab$OneSignalCustomTabsServiceConnection>
08-03 23:37:12.165   918  3714 I ActivityManager: START u0 {cmp=baseline.appteam.nith.hillffair/.activities.WelcomeActivity} from uid 10651 on display 0
08-03 23:37:12.167  1806  1806 D AndroidRuntime: >>>>>> START com.android.internal.os.RuntimeInit uid 2000 <<<<<<
08-03 23:37:12.175  1806  1806 D AndroidRuntime: CheckJNI is OFF
08-03 23:37:12.202  1806  1806 D ICU     : No timezone override file found: /data/misc/zoneinfo/current/icu/icu_tzdata.dat
08-03 23:37:12.213   918  3670 I ActivityManager: START u0 {cmp=baseline.appteam.nith.hillffair/.activities.HomeActivity} from uid 10651 on display 0
08-03 23:37:12.220   918  3359 W ActivityManager: Duplicate finish request for ActivityRecord{6171fad u0 baseline.appteam.nith.hillffair/.activities.WelcomeActivity t3804 f}
08-03 23:37:12.228  1806  1806 I Radio-JNI: register_android_hardware_Radio DONE
08-03 23:37:12.243  1806  1806 D AndroidRuntime: Calling main entry com.android.commands.am.Am
08-03 23:37:12.249  8825  8825 I Trepn   : Trepn 6.2s: Received intent: com.quicinc.trepn.start_profiling
08-03 23:37:12.322  8825  8825 W FileUtils: Failed to chmod(/storage/emulated/0/trepn/Trepn_2020.08.03_233712.db): android.system.ErrnoException: chmod failed: EPERM (Operation not permitted)
08-03 23:37:12.389  8825  8825 I Trepn   : Trepn 6.2s: Trepn has Started Profiling.
08-03 23:37:12.390  1806  1806 D AndroidRuntime: Shutting down VM
08-03 23:37:12.603   918  3261 D WifiStateMachine: starting scan for "H369AA63323"WPA_PSK with 2412,5180
08-03 23:37:12.643   918   936 I ActivityManager: Displayed baseline.appteam.nith.hillffair/.activities.HomeActivity: +371ms (total +454ms)
08-03 23:37:12.644 13866 13866 I GoogleInputMethodServic: GoogleInputMethodService.onFinishInput():3138 
08-03 23:37:12.644 13866 13866 I GoogleInputMethodServic: GoogleInputMethodService.onStartInput():1808 
08-03 23:37:12.784  1752  1765 I art     : Starting a blocking GC Explicit
08-03 23:37:12.805  1752  1765 I art     : Explicit concurrent mark sweep GC freed 3692(586KB) AllocSpace objects, 0(0B) LOS objects, 24% free, 48MB/64MB, paused 170us total 20.401ms
08-03 23:37:12.814  1752  1765 I art     : Starting a blocking GC Explicit
08-03 23:37:12.831  1752  1765 I art     : Explicit concurrent mark sweep GC freed 1318(85KB) AllocSpace objects, 0(0B) LOS objects, 25% free, 47MB/63MB, paused 200us total 16.568ms
08-03 23:37:12.840  1752  1765 I art     : Starting a blocking GC Explicit
08-03 23:37:12.856  1752  1765 I art     : Explicit concurrent mark sweep GC freed 3(96B) AllocSpace objects, 0(0B) LOS objects, 25% free, 47MB/63MB, paused 184us total 15.673ms
08-03 23:37:12.864  1752  1765 I art     : Starting a blocking GC Explicit
08-03 23:37:12.878  1752  1765 I art     : Explicit concurrent mark sweep GC freed 3(96B) AllocSpace objects, 0(0B) LOS objects, 25% free, 47MB/63MB, paused 175us total 13.913ms
08-03 23:37:12.886  1752  1765 I art     : Starting a blocking GC Explicit
08-03 23:37:12.893   380   380 W SurfaceFlinger: couldn't log to binary event log: overflow.
08-03 23:37:12.901  1752  1765 I art     : Explicit concurrent mark sweep GC freed 3(96B) AllocSpace objects, 0(0B) LOS objects, 25% free, 47MB/63MB, paused 170us total 14.489ms
08-03 23:37:13.179  1752  1845 I art     : Starting a blocking GC Explicit
08-03 23:37:13.197  1752  1845 I art     : Explicit concurrent mark sweep GC freed 2028(114KB) AllocSpace objects, 1(20KB) LOS objects, 25% free, 47MB/63MB, paused 176us total 17.810ms
08-03 23:37:13.208  1752  1845 I art     : Starting a blocking GC Explicit
08-03 23:37:13.220  1752  1845 I art     : Explicit concurrent mark sweep GC freed 908(59KB) AllocSpace objects, 0(0B) LOS objects, 25% free, 47MB/63MB, paused 163us total 11.667ms
08-03 23:37:13.226  1752  1845 I art     : Starting a blocking GC Explicit
08-03 23:37:13.238  1752  1845 I art     : Explicit concurrent mark sweep GC freed 3(96B) AllocSpace objects, 0(0B) LOS objects, 25% free, 47MB/63MB, paused 264us total 11.726ms
08-03 23:37:13.244  1752  1845 I art     : Starting a blocking GC Explicit
08-03 23:37:13.255  1752  1845 I art     : Explicit concurrent mark sweep GC freed 3(96B) AllocSpace objects, 0(0B) LOS objects, 25% free, 47MB/63MB, paused 157us total 11.183ms
08-03 23:37:13.261  1752  1845 I art     : Starting a blocking GC Explicit
08-03 23:37:13.272  1752  1845 I art     : Explicit concurrent mark sweep GC freed 3(96B) AllocSpace objects, 0(0B) LOS objects, 25% free, 47MB/63MB, paused 158us total 11.073ms
08-03 23:37:13.540  1752  1765 I art     : Starting a blocking GC Explicit
08-03 23:37:13.554  1752  1765 I art     : Explicit concurrent mark sweep GC freed 1340(78KB) AllocSpace objects, 1(20KB) LOS objects, 25% free, 47MB/63MB, paused 181us total 13.521ms
08-03 23:37:13.560  1752  1765 I art     : Starting a blocking GC Explicit
08-03 23:37:13.572  1752  1765 I art     : Explicit concurrent mark sweep GC freed 20(704B) AllocSpace objects, 0(0B) LOS objects, 25% free, 47MB/63MB, paused 163us total 11.992ms
08-03 23:37:13.579  1752  1765 I art     : Starting a blocking GC Explicit
08-03 23:37:13.590  1752  1765 I art     : Explicit concurrent mark sweep GC freed 3(96B) AllocSpace objects, 0(0B) LOS objects, 25% free, 47MB/63MB, paused 166us total 11.522ms
08-03 23:37:13.596  1752  1765 I art     : Starting a blocking GC Explicit
08-03 23:37:13.608  1752  1765 I art     : Explicit concurrent mark sweep GC freed 3(96B) AllocSpace objects, 0(0B) LOS objects, 25% free, 47MB/63MB, paused 147us total 11.218ms
08-03 23:37:13.614  1752  1765 I art     : Starting a blocking GC Explicit
08-03 23:37:13.625  1752  1765 I art     : Explicit concurrent mark sweep GC freed 3(96B) AllocSpace objects, 0(0B) LOS objects, 25% free, 47MB/63MB, paused 156us total 11.282ms
08-03 23:37:13.929  1752  1763 I art     : Starting a blocking GC Explicit
08-03 23:37:13.947  1752  1763 I art     : Explicit concurrent mark sweep GC freed 1341(78KB) AllocSpace objects, 1(20KB) LOS objects, 25% free, 47MB/63MB, paused 275us total 17.740ms
08-03 23:37:13.954  1752  1763 I art     : Starting a blocking GC Explicit
08-03 23:37:13.966  1752  1763 I art     : Explicit concurrent mark sweep GC freed 20(704B) AllocSpace objects, 0(0B) LOS objects, 25% free, 47MB/63MB, paused 164us total 12.482ms
08-03 23:37:13.973  1752  1763 I art     : Starting a blocking GC Explicit
08-03 23:37:13.985  1752  1763 I art     : Explicit concurrent mark sweep GC freed 3(96B) AllocSpace objects, 0(0B) LOS objects, 25% free, 47MB/63MB, paused 159us total 11.339ms
08-03 23:37:13.991  1752  1763 I art     : Starting a blocking GC Explicit
08-03 23:37:14.002  1752  1763 I art     : Explicit concurrent mark sweep GC freed 3(96B) AllocSpace objects, 0(0B) LOS objects, 25% free, 47MB/63MB, paused 158us total 11.342ms
08-03 23:37:14.008  1752  1763 I art     : Starting a blocking GC Explicit
08-03 23:37:14.020  1752  1763 I art     : Explicit concurrent mark sweep GC freed 3(96B) AllocSpace objects, 0(0B) LOS objects, 25% free, 47MB/63MB, paused 153us total 11.263ms
08-03 23:37:14.328  1752  1845 I art     : Starting a blocking GC Explicit
08-03 23:37:14.346  1752  1845 I art     : Explicit concurrent mark sweep GC freed 1339(78KB) AllocSpace objects, 1(20KB) LOS objects, 25% free, 47MB/63MB, paused 239us total 17.584ms
08-03 23:37:14.358  1752  1845 I art     : Starting a blocking GC Explicit
08-03 23:37:14.370  1752  1845 I art     : Explicit concurrent mark sweep GC freed 20(704B) AllocSpace objects, 0(0B) LOS objects, 25% free, 47MB/63MB, paused 171us total 12.051ms
08-03 23:37:14.377  1752  1845 I art     : Starting a blocking GC Explicit
08-03 23:37:14.388  1752  1845 I art     : Explicit concurrent mark sweep GC freed 3(96B) AllocSpace objects, 0(0B) LOS objects, 25% free, 47MB/63MB, paused 146us total 11.499ms
08-03 23:37:14.395  1752  1845 I art     : Starting a blocking GC Explicit
08-03 23:37:14.406  1752  1845 I art     : Explicit concurrent mark sweep GC freed 3(96B) AllocSpace objects, 0(0B) LOS objects, 25% free, 47MB/63MB, paused 146us total 10.904ms
08-03 23:37:14.412  1752  1845 I art     : Starting a blocking GC Explicit
08-03 23:37:14.423  1752  1845 I art     : Explicit concurrent mark sweep GC freed 3(96B) AllocSpace objects, 0(0B) LOS objects, 25% free, 47MB/63MB, paused 151us total 10.914ms
08-03 23:37:14.730  1752  1765 I art     : Starting a blocking GC Explicit
08-03 23:37:14.746  1752  1765 I art     : Explicit concurrent mark sweep GC freed 1338(78KB) AllocSpace objects, 1(20KB) LOS objects, 25% free, 47MB/63MB, paused 195us total 15.818ms
08-03 23:37:14.756  1752  1765 I art     : Starting a blocking GC Explicit
08-03 23:37:14.767  1752  1765 I art     : Explicit concurrent mark sweep GC freed 20(704B) AllocSpace objects, 0(0B) LOS objects, 25% free, 47MB/63MB, paused 163us total 11.597ms
08-03 23:37:14.773  1752  1765 I art     : Starting a blocking GC Explicit
08-03 23:37:14.785  1752  1765 I art     : Explicit concurrent mark sweep GC freed 3(96B) AllocSpace objects, 0(0B) LOS objects, 25% free, 47MB/63MB, paused 159us total 11.825ms
08-03 23:37:14.792  1752  1765 I art     : Starting a blocking GC Explicit
08-03 23:37:14.803  1752  1765 I art     : Explicit concurrent mark sweep GC freed 3(96B) AllocSpace objects, 0(0B) LOS objects, 25% free, 47MB/63MB, paused 156us total 11.562ms
08-03 23:37:14.809  1752  1765 I art     : Starting a blocking GC Explicit
08-03 23:37:14.821  1752  1765 I art     : Explicit concurrent mark sweep GC freed 3(96B) AllocSpace objects, 0(0B) LOS objects, 25% free, 47MB/63MB, paused 142us total 11.443ms
08-03 23:37:15.121  1752  1763 I art     : Starting a blocking GC Explicit
08-03 23:37:15.138  1752  1763 I art     : Explicit concurrent mark sweep GC freed 1338(78KB) AllocSpace objects, 1(20KB) LOS objects, 25% free, 47MB/63MB, paused 182us total 16.526ms
08-03 23:37:15.148  1752  1763 I art     : Starting a blocking GC Explicit
08-03 23:37:15.160  1752  1763 I art     : Explicit concurrent mark sweep GC freed 20(704B) AllocSpace objects, 0(0B) LOS objects, 25% free, 47MB/63MB, paused 157us total 11.948ms
08-03 23:37:15.166  1752  1763 I art     : Starting a blocking GC Explicit
08-03 23:37:15.178  1752  1763 I art     : Explicit concurrent mark sweep GC freed 3(96B) AllocSpace objects, 0(0B) LOS objects, 25% free, 47MB/63MB, paused 153us total 11.766ms
08-03 23:37:15.185  1752  1763 I art     : Starting a blocking GC Explicit
08-03 23:37:15.196  1752  1763 I art     : Explicit concurrent mark sweep GC freed 3(96B) AllocSpace objects, 0(0B) LOS objects, 25% free, 47MB/63MB, paused 148us total 11.541ms
08-03 23:37:15.202  1752  1763 I art     : Starting a blocking GC Explicit
08-03 23:37:15.214  1752  1763 I art     : Explicit concurrent mark sweep GC freed 3(96B) AllocSpace objects, 0(0B) LOS objects, 25% free, 47MB/63MB, paused 154us total 11.725ms
08-03 23:37:15.518  1752  1845 I art     : Starting a blocking GC Explicit
08-03 23:37:15.536  1752  1845 I art     : Explicit concurrent mark sweep GC freed 1338(78KB) AllocSpace objects, 1(20KB) LOS objects, 25% free, 47MB/63MB, paused 219us total 17.353ms
08-03 23:37:15.547  1752  1845 I art     : Starting a blocking GC Explicit
08-03 23:37:15.562  1752  1845 I art     : Explicit concurrent mark sweep GC freed 20(704B) AllocSpace objects, 0(0B) LOS objects, 25% free, 47MB/63MB, paused 186us total 15.036ms
08-03 23:37:15.571  1752  1845 I art     : Starting a blocking GC Explicit
08-03 23:37:15.583  1752  1845 I art     : Explicit concurrent mark sweep GC freed 3(96B) AllocSpace objects, 0(0B) LOS objects, 25% free, 47MB/63MB, paused 160us total 11.941ms
08-03 23:37:15.590  1752  1845 I art     : Starting a blocking GC Explicit
08-03 23:37:15.601  1752  1845 I art     : Explicit concurrent mark sweep GC freed 3(96B) AllocSpace objects, 0(0B) LOS objects, 25% free, 47MB/63MB, paused 168us total 11.118ms
08-03 23:37:15.608  1752  1845 I art     : Starting a blocking GC Explicit
08-03 23:37:15.619  1752  1845 I art     : Explicit concurrent mark sweep GC freed 3(96B) AllocSpace objects, 0(0B) LOS objects, 25% free, 47MB/63MB, paused 160us total 10.873ms
08-03 23:37:15.932  1752  1765 I art     : Starting a blocking GC Explicit
08-03 23:37:15.949  1752  1765 I art     : Explicit concurrent mark sweep GC freed 1338(78KB) AllocSpace objects, 1(20KB) LOS objects, 25% free, 47MB/63MB, paused 193us total 16.506ms
08-03 23:37:15.959  1752  1765 I art     : Starting a blocking GC Explicit
08-03 23:37:15.971  1752  1765 I art     : Explicit concurrent mark sweep GC freed 20(704B) AllocSpace objects, 0(0B) LOS objects, 25% free, 47MB/63MB, paused 155us total 11.944ms
08-03 23:37:15.977  1752  1765 I art     : Starting a blocking GC Explicit
08-03 23:37:15.989  1752  1765 I art     : Explicit concurrent mark sweep GC freed 3(96B) AllocSpace objects, 0(0B) LOS objects, 25% free, 47MB/63MB, paused 163us total 11.859ms
08-03 23:37:15.996  1752  1765 I art     : Starting a blocking GC Explicit
08-03 23:37:15.997   918 13198 D NetlinkSocketObserver: NeighborEvent{elapsedMs=1644439871, 192.168.2.254, [7C3953A63323], RTM_NEWNEIGH, NUD_REACHABLE}
08-03 23:37:16.007  1752  1765 I art     : Explicit concurrent mark sweep GC freed 3(96B) AllocSpace objects, 0(0B) LOS objects, 25% free, 47MB/63MB, paused 157us total 11.640ms
08-03 23:37:16.013  1752  1765 I art     : Starting a blocking GC Explicit
08-03 23:37:16.025  1752  1765 I art     : Explicit concurrent mark sweep GC freed 3(96B) AllocSpace objects, 0(0B) LOS objects, 25% free, 47MB/63MB, paused 155us total 11.419ms
08-03 23:37:16.329  1752  1763 I art     : Starting a blocking GC Explicit
08-03 23:37:16.342  1752  1763 I art     : Explicit concurrent mark sweep GC freed 1617(94KB) AllocSpace objects, 1(20KB) LOS objects, 25% free, 47MB/63MB, paused 465us total 12.904ms
08-03 23:37:16.348  1752  1763 I art     : Starting a blocking GC Explicit
08-03 23:37:16.369  1752  1943 W OneSignal: OneSignalRestClient: POST Error thrown from network stack. 
08-03 23:37:16.369  1752  1943 W OneSignal: java.io.IOException: unexpected end of stream on Connection{api.onesignal.com:443, proxy=HTTP@192.168.2.12:8080 hostAddress=192.168.2.12 cipherSuite=TLS_ECDHE_RSA_WITH_AES_128_GCM_SHA256 protocol=http/1.1} (recycle count=1)
08-03 23:37:16.369  1752  1943 W OneSignal: 	at com.android.okhttp.internal.http.HttpConnection.readResponse(HttpConnection.java:210)
08-03 23:37:16.369  1752  1943 W OneSignal: 	at com.android.okhttp.internal.http.HttpTransport.readResponseHeaders(HttpTransport.java:80)
08-03 23:37:16.369  1752  1943 W OneSignal: 	at com.android.okhttp.internal.http.HttpEngine.readNetworkResponse(HttpEngine.java:904)
08-03 23:37:16.369  1752  1943 W OneSignal: 	at com.android.okhttp.internal.http.HttpEngine.readResponse(HttpEngine.java:788)
08-03 23:37:16.369  1752  1943 W OneSignal: 	at com.android.okhttp.internal.huc.HttpURLConnectionImpl.execute(HttpURLConnectionImpl.java:439)
08-03 23:37:16.369  1752  1943 W OneSignal: 	at com.android.okhttp.internal.huc.HttpURLConnectionImpl.getResponse(HttpURLConnectionImpl.java:384)
08-03 23:37:16.369  1752  1943 W OneSignal: 	at com.android.okhttp.internal.huc.HttpURLConnectionImpl.getResponseCode(HttpURLConnectionImpl.java:497)
08-03 23:37:16.369  1752  1943 W OneSignal: 	at com.android.okhttp.internal.huc.DelegatingHttpsURLConnection.getResponseCode(DelegatingHttpsURLConnection.java:105)
08-03 23:37:16.369  1752  1943 W OneSignal: 	at com.android.okhttp.internal.huc.HttpsURLConnectionImpl.getResponseCode(HttpsURLConnectionImpl.java)
08-03 23:37:16.369  1752  1943 W OneSignal: 	at com.onesignal.OneSignalRestClient.startHTTPConnection(OneSignalRestClient.java:180)
08-03 23:37:16.369  1752  1943 W OneSignal: 	at com.onesignal.OneSignalRestClient.access$100(OneSignalRestClient.java:44)
08-03 23:37:16.369  1752  1943 W OneSignal: 	at com.onesignal.OneSignalRestClient$4.run(OneSignalRestClient.java:110)
08-03 23:37:16.369  1752  1943 W OneSignal: 	at java.lang.Thread.run(Thread.java:818)
08-03 23:37:16.369  1752  1943 W OneSignal: Caused by: java.io.EOFException: \n not found: size=0 content=...
08-03 23:37:16.369  1752  1943 W OneSignal: 	at com.android.okhttp.okio.RealBufferedSource.readUtf8LineStrict(RealBufferedSource.java:200)
08-03 23:37:16.369  1752  1943 W OneSignal: 	at com.android.okhttp.internal.http.HttpConnection.readResponse(HttpConnection.java:191)
08-03 23:37:16.369  1752  1943 W OneSignal: 	... 12 more
08-03 23:37:16.371  1752  1944 W OneSignal: Failed last request. statusCode: -1
08-03 23:37:16.371  1752  1944 W OneSignal: response: null
08-03 23:37:16.379  1752  1763 I art     : Explicit concurrent mark sweep GC freed 166(35KB) AllocSpace objects, 0(0B) LOS objects, 25% free, 47MB/63MB, paused 157us total 31.162ms
08-03 23:37:16.385  1752  1763 I art     : Starting a blocking GC Explicit
08-03 23:37:16.395  1752  1763 I art     : Explicit concurrent mark sweep GC freed 222(25KB) AllocSpace objects, 0(0B) LOS objects, 25% free, 47MB/63MB, paused 138us total 9.943ms
08-03 23:37:16.400  1752  1763 I art     : Starting a blocking GC Explicit
08-03 23:37:16.410  1752  1763 I art     : Explicit concurrent mark sweep GC freed 7(288B) AllocSpace objects, 0(0B) LOS objects, 25% free, 47MB/63MB, paused 130us total 9.534ms
08-03 23:37:16.415  1752  1763 I art     : Starting a blocking GC Explicit
08-03 23:37:16.425  1752  1763 I art     : Explicit concurrent mark sweep GC freed 3(96B) AllocSpace objects, 0(0B) LOS objects, 25% free, 47MB/63MB, paused 128us total 9.697ms
08-03 23:37:16.691  1752  1845 I art     : Starting a blocking GC Explicit
08-03 23:37:16.708  1752  1845 I art     : Explicit concurrent mark sweep GC freed 1338(78KB) AllocSpace objects, 1(20KB) LOS objects, 25% free, 47MB/63MB, paused 259us total 16.512ms
08-03 23:37:16.717  1752  1845 I art     : Starting a blocking GC Explicit
08-03 23:37:16.729  1752  1845 I art     : Explicit concurrent mark sweep GC freed 20(704B) AllocSpace objects, 0(0B) LOS objects, 25% free, 47MB/63MB, paused 161us total 12.200ms
08-03 23:37:16.735  1752  1845 I art     : Starting a blocking GC Explicit
08-03 23:37:16.747  1752  1845 I art     : Explicit concurrent mark sweep GC freed 3(96B) AllocSpace objects, 0(0B) LOS objects, 25% free, 47MB/63MB, paused 180us total 11.602ms
08-03 23:37:16.753  1752  1845 I art     : Starting a blocking GC Explicit
08-03 23:37:16.765  1752  1845 I art     : Explicit concurrent mark sweep GC freed 3(96B) AllocSpace objects, 0(0B) LOS objects, 25% free, 47MB/63MB, paused 169us total 11.584ms
08-03 23:37:16.771  1752  1845 I art     : Starting a blocking GC Explicit
08-03 23:37:16.783  1752  1845 I art     : Explicit concurrent mark sweep GC freed 3(96B) AllocSpace objects, 0(0B) LOS objects, 25% free, 47MB/63MB, paused 156us total 11.398ms
08-03 23:37:17.080  1752  1765 I art     : Starting a blocking GC Explicit
08-03 23:37:17.095  1752  1765 I art     : Explicit concurrent mark sweep GC freed 1338(78KB) AllocSpace objects, 1(20KB) LOS objects, 25% free, 47MB/63MB, paused 203us total 14.017ms
08-03 23:37:17.102  1752  1765 I art     : Starting a blocking GC Explicit
08-03 23:37:17.114  1752  1765 I art     : Explicit concurrent mark sweep GC freed 20(704B) AllocSpace objects, 0(0B) LOS objects, 25% free, 47MB/63MB, paused 190us total 12.156ms
08-03 23:37:17.120  1752  1765 I art     : Starting a blocking GC Explicit
08-03 23:37:17.131  1752  1765 I art     : Explicit concurrent mark sweep GC freed 3(96B) AllocSpace objects, 0(0B) LOS objects, 25% free, 47MB/63MB, paused 162us total 11.083ms
08-03 23:37:17.137  1752  1765 I art     : Starting a blocking GC Explicit
08-03 23:37:17.149  1752  1765 I art     : Explicit concurrent mark sweep GC freed 3(96B) AllocSpace objects, 0(0B) LOS objects, 25% free, 47MB/63MB, paused 154us total 11.458ms
08-03 23:37:17.154  1752  1765 I art     : Starting a blocking GC Explicit
08-03 23:37:17.166  1752  1765 I art     : Explicit concurrent mark sweep GC freed 3(96B) AllocSpace objects, 0(0B) LOS objects, 25% free, 47MB/63MB, paused 157us total 10.874ms
08-03 23:37:17.370  1967  1967 D AndroidRuntime: >>>>>> START com.android.internal.os.RuntimeInit uid 2000 <<<<<<
08-03 23:37:17.374  1967  1967 D AndroidRuntime: CheckJNI is OFF
08-03 23:37:17.398  1967  1967 D ICU     : No timezone override file found: /data/misc/zoneinfo/current/icu/icu_tzdata.dat
08-03 23:37:17.423  1967  1967 I Radio-JNI: register_android_hardware_Radio DONE
08-03 23:37:17.429  1752  1763 I art     : Starting a blocking GC Explicit
08-03 23:37:17.440  1967  1967 D AndroidRuntime: Calling main entry com.android.commands.input.Input
08-03 23:37:17.441  1967  1967 I Input   : injectMotionEvent: MotionEvent { action=ACTION_DOWN, actionButton=0, id[0]=0, x[0]=337.0, y[0]=1104.0, toolType[0]=TOOL_TYPE_UNKNOWN, buttonState=0, metaState=0, flags=0x0, edgeFlags=0x0, pointerCount=1, historySize=0, eventTime=661053854, downTime=661053854, deviceId=0, source=0x1002 }
08-03 23:37:17.442  1752  1763 I art     : Explicit concurrent mark sweep GC freed 1338(78KB) AllocSpace objects, 1(20KB) LOS objects, 25% free, 47MB/63MB, paused 210us total 11.936ms
08-03 23:37:17.448  1752  1763 I art     : Starting a blocking GC Explicit
08-03 23:37:17.485  1967  1967 I Input   : injectMotionEvent: MotionEvent { action=ACTION_UP, actionButton=0, id[0]=0, x[0]=337.0, y[0]=1104.0, toolType[0]=TOOL_TYPE_UNKNOWN, buttonState=0, metaState=0, flags=0x0, edgeFlags=0x0, pointerCount=1, historySize=0, eventTime=661053854, downTime=661053854, deviceId=0, source=0x1002 }
08-03 23:37:17.486  1752  1763 I art     : Explicit concurrent mark sweep GC freed 23(992B) AllocSpace objects, 0(0B) LOS objects, 25% free, 47MB/63MB, paused 267us total 37.636ms
08-03 23:37:17.487   918  5952 I ActivityManager: START u0 {cmp=baseline.appteam.nith.hillffair/.activities.BattleDayActivity} from uid 10651 on display 0
08-03 23:37:17.493  1752  1763 I art     : Starting a blocking GC Explicit
08-03 23:37:17.497  1967  1967 D AndroidRuntime: Shutting down VM
08-03 23:37:17.508  1752  1763 I art     : Explicit concurrent mark sweep GC freed 54(10KB) AllocSpace objects, 0(0B) LOS objects, 25% free, 47MB/63MB, paused 322us total 14.639ms
08-03 23:37:17.515  1752  1763 I art     : Starting a blocking GC Explicit
08-03 23:37:17.527  1752  1763 I art     : Explicit concurrent mark sweep GC freed 455(45KB) AllocSpace objects, 0(0B) LOS objects, 24% free, 48MB/64MB, paused 331us total 11.901ms
08-03 23:37:17.532  1752  1763 I art     : Starting a blocking GC Explicit
08-03 23:37:17.547  1752  1763 I art     : Explicit concurrent mark sweep GC freed 1799(146KB) AllocSpace objects, 0(0B) LOS objects, 24% free, 48MB/64MB, paused 1.657ms total 14.280ms
08-03 23:37:17.598 13866 13866 I GoogleInputMethodServic: GoogleInputMethodService.onFinishInput():3138 
08-03 23:37:17.598 13866 13866 I GoogleInputMethodServic: GoogleInputMethodService.onStartInput():1808 
08-03 23:37:17.638   918   936 I ActivityManager: Displayed baseline.appteam.nith.hillffair/.activities.BattleDayActivity: +141ms
08-03 23:37:17.742 29081 29081 I ServiceManager: Waiting for service AtCmdFwd...
08-03 23:37:17.789  1752  1763 I art     : Starting a blocking GC Explicit
08-03 23:37:17.811  1752  1763 I art     : Explicit concurrent mark sweep GC freed 6852(393KB) AllocSpace objects, 1(20KB) LOS objects, 24% free, 48MB/64MB, paused 235us total 21.703ms
08-03 23:37:17.820  1752  1763 I art     : Starting a blocking GC Explicit
08-03 23:37:17.837  1752  1763 I art     : Explicit concurrent mark sweep GC freed 59(2192B) AllocSpace objects, 0(0B) LOS objects, 24% free, 48MB/64MB, paused 321us total 16.758ms
08-03 23:37:17.844  1752  1763 I art     : Starting a blocking GC Explicit
08-03 23:37:17.860  1752  1763 I art     : Explicit concurrent mark sweep GC freed 3(96B) AllocSpace objects, 0(0B) LOS objects, 24% free, 48MB/64MB, paused 224us total 15.752ms
08-03 23:37:17.869  1752  1763 I art     : Starting a blocking GC Explicit
08-03 23:37:17.884  1752  1763 I art     : Explicit concurrent mark sweep GC freed 3(96B) AllocSpace objects, 0(0B) LOS objects, 24% free, 48MB/64MB, paused 196us total 14.834ms
08-03 23:37:17.891  1752  1763 I art     : Starting a blocking GC Explicit
08-03 23:37:17.897   380   380 W SurfaceFlinger: couldn't log to binary event log: overflow.
08-03 23:37:17.907  1752  1763 I art     : Explicit concurrent mark sweep GC freed 3(96B) AllocSpace objects, 0(0B) LOS objects, 24% free, 48MB/64MB, paused 314us total 15.274ms
08-03 23:37:18.105  1752  1990 D OkHttp  : --> GET https://api-hillfair-2k16.herokuapp.com/api/app/events/special http/1.1
08-03 23:37:18.136  1752  1990 D OkHttp  : <-- 200 OK https://api-hillfair-2k16.herokuapp.com/api/app/events/special (31ms, 554-byte body)
08-03 23:37:18.165  1752  1763 I art     : Starting a blocking GC Explicit
08-03 23:37:18.180  1752  1763 I art     : Explicit concurrent mark sweep GC freed 4371(270KB) AllocSpace objects, 4(220KB) LOS objects, 24% free, 48MB/64MB, paused 358us total 15.023ms
08-03 23:37:18.187  1752  1763 I art     : Starting a blocking GC Explicit
08-03 23:37:18.200  1752  1763 I art     : Explicit concurrent mark sweep GC freed 1083(152KB) AllocSpace objects, 0(0B) LOS objects, 24% free, 48MB/64MB, paused 298us total 13.105ms
08-03 23:37:18.200  1752  1752 I NAPPA_EXPERIMENTATION: MetricNetworkRequestExecutionTime: REQUEST_DURATION_SYSTEM='633',REQUEST_DURATION_OKHTTP='30',REQUEST_SYNCHRONOUS='FALSE',RESPONSE_CODE='200',RESPONSE_METHOD='GET',RESPONSE_LENGTH_OKHTTP='554',RESPONSE_LENGTH_HEADER='554',REQUEST_PROTOCOL='http/1.1',REQUEST_URL='https://api-hillfair-2k16.herokuapp.com/api/app/events/special',
08-03 23:37:18.207  1752  1763 I art     : Starting a blocking GC Explicit
08-03 23:37:18.220  1752  1763 I art     : Explicit concurrent mark sweep GC freed 308(18KB) AllocSpace objects, 0(0B) LOS objects, 24% free, 48MB/64MB, paused 289us total 12.551ms
08-03 23:37:18.225  1752  1763 I art     : Starting a blocking GC Explicit
08-03 23:37:18.243  1752  1763 I art     : Explicit concurrent mark sweep GC freed 231(13KB) AllocSpace objects, 0(0B) LOS objects, 24% free, 48MB/64MB, paused 327us total 17.218ms
08-03 23:37:18.249  1752  1763 I art     : Starting a blocking GC Explicit
08-03 23:37:18.265  1752  1763 I art     : Explicit concurrent mark sweep GC freed 701(31KB) AllocSpace objects, 0(0B) LOS objects, 24% free, 48MB/64MB, paused 410us total 15.346ms
08-03 23:37:18.521  1752  1765 I art     : Starting a blocking GC Explicit
08-03 23:37:18.538  1752  1765 I art     : Explicit concurrent mark sweep GC freed 1742(100KB) AllocSpace objects, 1(20KB) LOS objects, 24% free, 48MB/64MB, paused 317us total 16.737ms
08-03 23:37:18.545  1752  1765 I art     : Starting a blocking GC Explicit
08-03 23:37:18.560  1752  1765 I art     : Explicit concurrent mark sweep GC freed 20(704B) AllocSpace objects, 0(0B) LOS objects, 24% free, 48MB/64MB, paused 282us total 14.681ms
08-03 23:37:18.566  1752  1765 I art     : Starting a blocking GC Explicit
08-03 23:37:18.581  1752  1765 I art     : Explicit concurrent mark sweep GC freed 3(96B) AllocSpace objects, 0(0B) LOS objects, 24% free, 48MB/64MB, paused 294us total 14.331ms
08-03 23:37:18.587  1752  1765 I art     : Starting a blocking GC Explicit
08-03 23:37:18.602  1752  1765 I art     : Explicit concurrent mark sweep GC freed 3(96B) AllocSpace objects, 0(0B) LOS objects, 24% free, 48MB/64MB, paused 288us total 13.953ms
08-03 23:37:18.608  1752  1765 I art     : Starting a blocking GC Explicit
08-03 23:37:18.622  1752  1765 I art     : Explicit concurrent mark sweep GC freed 3(96B) AllocSpace objects, 0(0B) LOS objects, 24% free, 48MB/64MB, paused 289us total 14.120ms
08-03 23:37:18.743 29081 29081 I ServiceManager: Waiting for service AtCmdFwd...
08-03 23:37:18.867  1752  1763 I art     : Starting a blocking GC Explicit
08-03 23:37:18.881  1752  1763 I art     : Explicit concurrent mark sweep GC freed 9474(509KB) AllocSpace objects, 1(20KB) LOS objects, 23% free, 52MB/68MB, paused 220us total 13.758ms
08-03 23:37:18.886  1752  1763 I art     : Starting a blocking GC Explicit
08-03 23:37:18.899  1752  1763 I art     : Explicit concurrent mark sweep GC freed 320(67KB) AllocSpace objects, 0(0B) LOS objects, 23% free, 52MB/68MB, paused 260us total 12.816ms
08-03 23:37:18.905  1752  1763 I art     : Starting a blocking GC Explicit
08-03 23:37:18.918  1752  1763 I art     : Explicit concurrent mark sweep GC freed 15(480B) AllocSpace objects, 0(0B) LOS objects, 23% free, 52MB/68MB, paused 196us total 12.586ms
08-03 23:37:18.924  1752  1763 I art     : Starting a blocking GC Explicit
08-03 23:37:18.936  1752  1763 I art     : Explicit concurrent mark sweep GC freed 3(96B) AllocSpace objects, 0(0B) LOS objects, 23% free, 52MB/68MB, paused 180us total 11.835ms
08-03 23:37:18.942  1752  1763 I art     : Starting a blocking GC Explicit
08-03 23:37:18.954  1752  1763 I art     : Explicit concurrent mark sweep GC freed 3(96B) AllocSpace objects, 0(0B) LOS objects, 23% free, 52MB/68MB, paused 201us total 12.326ms
08-03 23:37:19.239  1752  1765 I art     : Starting a blocking GC Explicit
08-03 23:37:19.255  1752  1765 I art     : Explicit concurrent mark sweep GC freed 1339(78KB) AllocSpace objects, 1(20KB) LOS objects, 23% free, 52MB/68MB, paused 237us total 16.423ms
08-03 23:37:19.265  1752  1765 I art     : Starting a blocking GC Explicit
08-03 23:37:19.284  1752  1765 I art     : Explicit concurrent mark sweep GC freed 20(704B) AllocSpace objects, 0(0B) LOS objects, 23% free, 52MB/68MB, paused 249us total 18.212ms
08-03 23:37:19.292  1752  1765 I art     : Starting a blocking GC Explicit
08-03 23:37:19.306  1752  1765 I art     : Explicit concurrent mark sweep GC freed 3(96B) AllocSpace objects, 0(0B) LOS objects, 23% free, 52MB/68MB, paused 222us total 14.039ms
08-03 23:37:19.313  1752  1765 I art     : Starting a blocking GC Explicit
08-03 23:37:19.327  1752  1765 I art     : Explicit concurrent mark sweep GC freed 3(96B) AllocSpace objects, 0(0B) LOS objects, 23% free, 52MB/68MB, paused 233us total 14.113ms
08-03 23:37:19.334  1752  1765 I art     : Starting a blocking GC Explicit
08-03 23:37:19.348  1752  1765 I art     : Explicit concurrent mark sweep GC freed 3(96B) AllocSpace objects, 0(0B) LOS objects, 23% free, 52MB/68MB, paused 208us total 13.623ms
08-03 23:37:19.671  1752  1845 I art     : Starting a blocking GC Explicit
08-03 23:37:19.692  1752  1845 I art     : Explicit concurrent mark sweep GC freed 1339(78KB) AllocSpace objects, 1(20KB) LOS objects, 23% free, 52MB/68MB, paused 263us total 20.373ms
08-03 23:37:19.702  1752  1845 I art     : Starting a blocking GC Explicit
08-03 23:37:19.719  1752  1845 I art     : Explicit concurrent mark sweep GC freed 20(704B) AllocSpace objects, 0(0B) LOS objects, 23% free, 52MB/68MB, paused 214us total 16.884ms
08-03 23:37:19.726  1752  1845 I art     : Starting a blocking GC Explicit
08-03 23:37:19.740  1752  1845 I art     : Explicit concurrent mark sweep GC freed 3(96B) AllocSpace objects, 0(0B) LOS objects, 23% free, 52MB/68MB, paused 230us total 13.936ms
08-03 23:37:19.743 29081 29081 I ServiceManager: Waiting for service AtCmdFwd...
08-03 23:37:19.746  1752  1845 I art     : Starting a blocking GC Explicit
08-03 23:37:19.761  1752  1845 I art     : Explicit concurrent mark sweep GC freed 3(96B) AllocSpace objects, 0(0B) LOS objects, 23% free, 52MB/68MB, paused 207us total 14.101ms
08-03 23:37:19.767  1752  1845 I art     : Starting a blocking GC Explicit
08-03 23:37:19.781  1752  1845 I art     : Explicit concurrent mark sweep GC freed 3(96B) AllocSpace objects, 0(0B) LOS objects, 23% free, 52MB/68MB, paused 214us total 13.534ms
08-03 23:37:20.101  1752  1763 I art     : Starting a blocking GC Explicit
08-03 23:37:20.122  1752  1763 I art     : Explicit concurrent mark sweep GC freed 1339(78KB) AllocSpace objects, 1(20KB) LOS objects, 23% free, 52MB/68MB, paused 262us total 20.834ms
08-03 23:37:20.133  1752  1763 I art     : Starting a blocking GC Explicit
08-03 23:37:20.148  1752  1763 I art     : Explicit concurrent mark sweep GC freed 20(704B) AllocSpace objects, 0(0B) LOS objects, 23% free, 52MB/68MB, paused 214us total 15.565ms
08-03 23:37:20.155  1752  1763 I art     : Starting a blocking GC Explicit
08-03 23:37:20.170  1752  1763 I art     : Explicit concurrent mark sweep GC freed 3(96B) AllocSpace objects, 0(0B) LOS objects, 23% free, 52MB/68MB, paused 195us total 14.248ms
08-03 23:37:20.176  1752  1763 I art     : Starting a blocking GC Explicit
08-03 23:37:20.191  1752  1763 I art     : Explicit concurrent mark sweep GC freed 3(96B) AllocSpace objects, 0(0B) LOS objects, 23% free, 52MB/68MB, paused 223us total 14.201ms
08-03 23:37:20.197  1752  1763 I art     : Starting a blocking GC Explicit
08-03 23:37:20.211  1752  1763 I art     : Explicit concurrent mark sweep GC freed 3(96B) AllocSpace objects, 0(0B) LOS objects, 23% free, 52MB/68MB, paused 211us total 13.677ms
08-03 23:37:20.522  1752  1765 I art     : Starting a blocking GC Explicit
08-03 23:37:20.546  1752  1765 I art     : Explicit concurrent mark sweep GC freed 1339(78KB) AllocSpace objects, 1(20KB) LOS objects, 23% free, 52MB/68MB, paused 270us total 22.951ms
08-03 23:37:20.557  1752  1765 I art     : Starting a blocking GC Explicit
08-03 23:37:20.572  1752  1765 I art     : Explicit concurrent mark sweep GC freed 20(704B) AllocSpace objects, 0(0B) LOS objects, 23% free, 52MB/68MB, paused 216us total 14.105ms
08-03 23:37:20.578  1752  1765 I art     : Starting a blocking GC Explicit
08-03 23:37:20.592  1752  1765 I art     : Explicit concurrent mark sweep GC freed 3(96B) AllocSpace objects, 0(0B) LOS objects, 23% free, 52MB/68MB, paused 213us total 13.464ms
08-03 23:37:20.598  1752  1765 I art     : Starting a blocking GC Explicit
08-03 23:37:20.612  1752  1765 I art     : Explicit concurrent mark sweep GC freed 3(96B) AllocSpace objects, 0(0B) LOS objects, 23% free, 52MB/68MB, paused 221us total 13.704ms
08-03 23:37:20.618  1752  1765 I art     : Starting a blocking GC Explicit
08-03 23:37:20.633  1752  1765 I art     : Explicit concurrent mark sweep GC freed 3(96B) AllocSpace objects, 0(0B) LOS objects, 23% free, 52MB/68MB, paused 216us total 14.082ms
08-03 23:37:20.744 29081 29081 I ServiceManager: Waiting for service AtCmdFwd...
08-03 23:37:20.934  1752  1845 I art     : Starting a blocking GC Explicit
08-03 23:37:20.954  1752  1845 I art     : Explicit concurrent mark sweep GC freed 1339(78KB) AllocSpace objects, 1(20KB) LOS objects, 23% free, 52MB/68MB, paused 266us total 20.353ms
08-03 23:37:20.963  1752  1845 I art     : Starting a blocking GC Explicit
08-03 23:37:20.978  1752  1845 I art     : Explicit concurrent mark sweep GC freed 20(704B) AllocSpace objects, 0(0B) LOS objects, 23% free, 52MB/68MB, paused 227us total 14.475ms
08-03 23:37:20.985  1752  1845 I art     : Starting a blocking GC Explicit
08-03 23:37:20.999  1752  1845 I art     : Explicit concurrent mark sweep GC freed 3(96B) AllocSpace objects, 0(0B) LOS objects, 23% free, 52MB/68MB, paused 223us total 14.074ms
08-03 23:37:21.005  1752  1845 I art     : Starting a blocking GC Explicit
08-03 23:37:21.019  1752  1845 I art     : Explicit concurrent mark sweep GC freed 3(96B) AllocSpace objects, 0(0B) LOS objects, 23% free, 52MB/68MB, paused 218us total 13.756ms
08-03 23:37:21.025  1752  1845 I art     : Starting a blocking GC Explicit
08-03 23:37:21.039  1752  1845 I art     : Explicit concurrent mark sweep GC freed 3(96B) AllocSpace objects, 0(0B) LOS objects, 23% free, 52MB/68MB, paused 207us total 13.791ms
08-03 23:37:21.343  1752  1763 I art     : Starting a blocking GC Explicit
08-03 23:37:21.360  1752  1763 I art     : Explicit concurrent mark sweep GC freed 1339(78KB) AllocSpace objects, 1(20KB) LOS objects, 23% free, 52MB/68MB, paused 225us total 16.098ms
08-03 23:37:21.367  1752  1763 I art     : Starting a blocking GC Explicit
08-03 23:37:21.381  1752  1763 I art     : Explicit concurrent mark sweep GC freed 20(704B) AllocSpace objects, 0(0B) LOS objects, 23% free, 52MB/68MB, paused 212us total 14.226ms
08-03 23:37:21.388  1752  1763 I art     : Starting a blocking GC Explicit
08-03 23:37:21.402  1752  1763 I art     : Explicit concurrent mark sweep GC freed 3(96B) AllocSpace objects, 0(0B) LOS objects, 23% free, 52MB/68MB, paused 214us total 14.085ms
08-03 23:37:21.409  1752  1763 I art     : Starting a blocking GC Explicit
08-03 23:37:21.423  1752  1763 I art     : Explicit concurrent mark sweep GC freed 3(96B) AllocSpace objects, 0(0B) LOS objects, 23% free, 52MB/68MB, paused 206us total 13.964ms
08-03 23:37:21.430  1752  1763 I art     : Starting a blocking GC Explicit
08-03 23:37:21.444  1752  1763 I art     : Explicit concurrent mark sweep GC freed 3(96B) AllocSpace objects, 0(0B) LOS objects, 23% free, 52MB/68MB, paused 245us total 14.020ms
08-03 23:37:21.741  1752  1765 I art     : Starting a blocking GC Explicit
08-03 23:37:21.745 29081 29081 I ServiceManager: Waiting for service AtCmdFwd...
08-03 23:37:21.758  1752  1765 I art     : Explicit concurrent mark sweep GC freed 1339(78KB) AllocSpace objects, 1(20KB) LOS objects, 23% free, 52MB/68MB, paused 245us total 16.750ms
08-03 23:37:21.769  1752  1765 I art     : Starting a blocking GC Explicit
08-03 23:37:21.784  1752  1765 I art     : Explicit concurrent mark sweep GC freed 20(704B) AllocSpace objects, 0(0B) LOS objects, 23% free, 52MB/68MB, paused 221us total 14.756ms
08-03 23:37:21.790  1752  1765 I art     : Starting a blocking GC Explicit
08-03 23:37:21.804  1752  1765 I art     : Explicit concurrent mark sweep GC freed 3(96B) AllocSpace objects, 0(0B) LOS objects, 23% free, 52MB/68MB, paused 201us total 13.363ms
08-03 23:37:21.810  1752  1765 I art     : Starting a blocking GC Explicit
08-03 23:37:21.824  1752  1765 I art     : Explicit concurrent mark sweep GC freed 3(96B) AllocSpace objects, 0(0B) LOS objects, 23% free, 52MB/68MB, paused 213us total 13.541ms
08-03 23:37:21.830  1752  1765 I art     : Starting a blocking GC Explicit
08-03 23:37:21.844  1752  1765 I art     : Explicit concurrent mark sweep GC freed 3(96B) AllocSpace objects, 0(0B) LOS objects, 23% free, 52MB/68MB, paused 206us total 13.595ms
08-03 23:37:22.149  1752  1845 I art     : Starting a blocking GC Explicit
08-03 23:37:22.166  1752  1845 I art     : Explicit concurrent mark sweep GC freed 1339(78KB) AllocSpace objects, 1(20KB) LOS objects, 23% free, 52MB/68MB, paused 250us total 15.971ms
08-03 23:37:22.173  1752  1845 I art     : Starting a blocking GC Explicit
08-03 23:37:22.186  1752  1845 I art     : Explicit concurrent mark sweep GC freed 20(704B) AllocSpace objects, 0(0B) LOS objects, 23% free, 52MB/68MB, paused 208us total 13.049ms
08-03 23:37:22.192  1752  1845 I art     : Starting a blocking GC Explicit
08-03 23:37:22.204  1752  1845 I art     : Explicit concurrent mark sweep GC freed 3(96B) AllocSpace objects, 0(0B) LOS objects, 23% free, 52MB/68MB, paused 202us total 12.336ms
08-03 23:37:22.210  1752  1845 I art     : Starting a blocking GC Explicit
08-03 23:37:22.223  1752  1845 I art     : Explicit concurrent mark sweep GC freed 3(96B) AllocSpace objects, 0(0B) LOS objects, 23% free, 52MB/68MB, paused 227us total 13.105ms
08-03 23:37:22.230  1752  1845 I art     : Starting a blocking GC Explicit
08-03 23:37:22.246  1752  1845 I art     : Explicit concurrent mark sweep GC freed 3(96B) AllocSpace objects, 0(0B) LOS objects, 23% free, 52MB/68MB, paused 208us total 16.028ms
08-03 23:37:22.542  1752  1763 I art     : Starting a blocking GC Explicit
08-03 23:37:22.567  1752  1763 I art     : Explicit concurrent mark sweep GC freed 1339(78KB) AllocSpace objects, 1(20KB) LOS objects, 23% free, 52MB/68MB, paused 269us total 24.349ms
08-03 23:37:22.581  1752  1763 I art     : Starting a blocking GC Explicit
08-03 23:37:22.598  1752  1763 I art     : Explicit concurrent mark sweep GC freed 20(704B) AllocSpace objects, 0(0B) LOS objects, 23% free, 52MB/68MB, paused 211us total 17.605ms
08-03 23:37:22.605  1752  1763 I art     : Starting a blocking GC Explicit
08-03 23:37:22.619  1752  1763 I art     : Explicit concurrent mark sweep GC freed 3(96B) AllocSpace objects, 0(0B) LOS objects, 23% free, 52MB/68MB, paused 205us total 14.131ms
08-03 23:37:22.626  1752  1763 I art     : Starting a blocking GC Explicit
08-03 23:37:22.641  1752  1763 I art     : Explicit concurrent mark sweep GC freed 3(96B) AllocSpace objects, 0(0B) LOS objects, 23% free, 52MB/68MB, paused 206us total 14.340ms
08-03 23:37:22.648  1752  1763 I art     : Starting a blocking GC Explicit
08-03 23:37:22.662  1752  1763 I art     : Explicit concurrent mark sweep GC freed 3(96B) AllocSpace objects, 0(0B) LOS objects, 23% free, 52MB/68MB, paused 198us total 13.608ms
08-03 23:37:22.745 29081 29081 W Atfwd_Sendcmd: AtCmdFwd service not published, waiting... retryCnt : 4
08-03 23:37:22.964  1752  1765 I art     : Starting a blocking GC Explicit
08-03 23:37:22.982  1752  1765 I art     : Explicit concurrent mark sweep GC freed 1339(78KB) AllocSpace objects, 1(20KB) LOS objects, 23% free, 52MB/68MB, paused 267us total 17.048ms
08-03 23:37:22.992  1752  1765 I art     : Starting a blocking GC Explicit
08-03 23:37:23.006  1752  1765 I art     : Explicit concurrent mark sweep GC freed 20(704B) AllocSpace objects, 0(0B) LOS objects, 23% free, 52MB/68MB, paused 213us total 14.110ms
08-03 23:37:23.013  1752  1765 I art     : Starting a blocking GC Explicit
08-03 23:37:23.027  1752  1765 I art     : Explicit concurrent mark sweep GC freed 3(96B) AllocSpace objects, 0(0B) LOS objects, 23% free, 52MB/68MB, paused 230us total 13.893ms
08-03 23:37:23.034  1752  1765 I art     : Starting a blocking GC Explicit
08-03 23:37:23.048  1752  1765 I art     : Explicit concurrent mark sweep GC freed 3(96B) AllocSpace objects, 0(0B) LOS objects, 23% free, 52MB/68MB, paused 221us total 14.208ms
08-03 23:37:23.054  1752  1765 I art     : Starting a blocking GC Explicit
08-03 23:37:23.068  1752  1765 I art     : Explicit concurrent mark sweep GC freed 3(96B) AllocSpace objects, 0(0B) LOS objects, 23% free, 52MB/68MB, paused 215us total 13.565ms
08-03 23:37:23.389  1752  1845 I art     : Starting a blocking GC Explicit
08-03 23:37:23.410  1752  1845 I art     : Explicit concurrent mark sweep GC freed 1339(78KB) AllocSpace objects, 1(20KB) LOS objects, 23% free, 52MB/68MB, paused 258us total 20.649ms
08-03 23:37:23.420  1752  1845 I art     : Starting a blocking GC Explicit
08-03 23:37:23.438  1752  1845 I art     : Explicit concurrent mark sweep GC freed 20(704B) AllocSpace objects, 0(0B) LOS objects, 23% free, 52MB/68MB, paused 336us total 18.173ms
08-03 23:37:23.446  1752  1845 I art     : Starting a blocking GC Explicit
08-03 23:37:23.460  1752  1845 I art     : Explicit concurrent mark sweep GC freed 3(96B) AllocSpace objects, 0(0B) LOS objects, 23% free, 52MB/68MB, paused 218us total 14.376ms
08-03 23:37:23.467  1752  1845 I art     : Starting a blocking GC Explicit
08-03 23:37:23.482  1752  1845 I art     : Explicit concurrent mark sweep GC freed 3(96B) AllocSpace objects, 0(0B) LOS objects, 23% free, 52MB/68MB, paused 217us total 14.182ms
08-03 23:37:23.489  1752  1845 I art     : Starting a blocking GC Explicit
08-03 23:37:23.502  1752  1845 I art     : Explicit concurrent mark sweep GC freed 3(96B) AllocSpace objects, 0(0B) LOS objects, 23% free, 52MB/68MB, paused 209us total 13.504ms
08-03 23:37:23.795  1752  1763 I art     : Starting a blocking GC Explicit
08-03 23:37:23.815  1752  1763 I art     : Explicit concurrent mark sweep GC freed 1339(78KB) AllocSpace objects, 1(20KB) LOS objects, 23% free, 52MB/68MB, paused 312us total 19.902ms
08-03 23:37:23.824  1752  1763 I art     : Starting a blocking GC Explicit
08-03 23:37:23.838  1752  1763 I art     : Explicit concurrent mark sweep GC freed 20(704B) AllocSpace objects, 0(0B) LOS objects, 23% free, 52MB/68MB, paused 242us total 14.111ms
08-03 23:37:23.845  1752  1763 I art     : Starting a blocking GC Explicit
08-03 23:37:23.859  1752  1763 I art     : Explicit concurrent mark sweep GC freed 3(96B) AllocSpace objects, 0(0B) LOS objects, 23% free, 52MB/68MB, paused 203us total 13.586ms
08-03 23:37:23.865  1752  1763 I art     : Starting a blocking GC Explicit
08-03 23:37:23.879  1752  1763 I art     : Explicit concurrent mark sweep GC freed 3(96B) AllocSpace objects, 0(0B) LOS objects, 23% free, 52MB/68MB, paused 197us total 13.589ms
08-03 23:37:23.885  1752  1763 I art     : Starting a blocking GC Explicit
08-03 23:37:23.899  1752  1763 I art     : Explicit concurrent mark sweep GC freed 3(96B) AllocSpace objects, 0(0B) LOS objects, 23% free, 52MB/68MB, paused 208us total 13.673ms
08-03 23:37:24.194  1752  1765 I art     : Starting a blocking GC Explicit
08-03 23:37:24.214  1752  1765 I art     : Explicit concurrent mark sweep GC freed 1339(78KB) AllocSpace objects, 1(20KB) LOS objects, 23% free, 52MB/68MB, paused 251us total 19.599ms
08-03 23:37:24.224  1752  1765 I art     : Starting a blocking GC Explicit
08-03 23:37:24.238  1752  1765 I art     : Explicit concurrent mark sweep GC freed 20(704B) AllocSpace objects, 0(0B) LOS objects, 23% free, 52MB/68MB, paused 202us total 14.305ms
08-03 23:37:24.245  1752  1765 I art     : Starting a blocking GC Explicit
08-03 23:37:24.259  1752  1765 I art     : Explicit concurrent mark sweep GC freed 3(96B) AllocSpace objects, 0(0B) LOS objects, 23% free, 52MB/68MB, paused 253us total 14.361ms
08-03 23:37:24.266  1752  1765 I art     : Starting a blocking GC Explicit
08-03 23:37:24.280  1752  1765 I art     : Explicit concurrent mark sweep GC freed 3(96B) AllocSpace objects, 0(0B) LOS objects, 23% free, 52MB/68MB, paused 221us total 14.082ms
08-03 23:37:24.287  1752  1765 I art     : Starting a blocking GC Explicit
08-03 23:37:24.301  1752  1765 I art     : Explicit concurrent mark sweep GC freed 3(96B) AllocSpace objects, 0(0B) LOS objects, 23% free, 52MB/68MB, paused 217us total 13.836ms
08-03 23:37:24.613  1752  1845 I art     : Starting a blocking GC Explicit
08-03 23:37:24.638  1752  1845 I art     : Explicit concurrent mark sweep GC freed 1339(78KB) AllocSpace objects, 1(20KB) LOS objects, 23% free, 52MB/68MB, paused 287us total 24.627ms
08-03 23:37:24.652  1752  1845 I art     : Starting a blocking GC Explicit
08-03 23:37:24.669  1752  1845 I art     : Explicit concurrent mark sweep GC freed 20(704B) AllocSpace objects, 0(0B) LOS objects, 23% free, 52MB/68MB, paused 234us total 17.452ms
08-03 23:37:24.677  1752  1845 I art     : Starting a blocking GC Explicit
08-03 23:37:24.692  1752  1845 I art     : Explicit concurrent mark sweep GC freed 3(96B) AllocSpace objects, 0(0B) LOS objects, 23% free, 52MB/68MB, paused 223us total 14.224ms
08-03 23:37:24.699  1752  1845 I art     : Starting a blocking GC Explicit
08-03 23:37:24.713  1752  1845 I art     : Explicit concurrent mark sweep GC freed 3(96B) AllocSpace objects, 0(0B) LOS objects, 23% free, 52MB/68MB, paused 228us total 14.080ms
08-03 23:37:24.720  1752  1845 I art     : Starting a blocking GC Explicit
08-03 23:37:24.734  1752  1845 I art     : Explicit concurrent mark sweep GC freed 3(96B) AllocSpace objects, 0(0B) LOS objects, 23% free, 52MB/68MB, paused 213us total 13.694ms
08-03 23:37:25.043  1752  1763 I art     : Starting a blocking GC Explicit
08-03 23:37:25.061  1752  1763 I art     : Explicit concurrent mark sweep GC freed 1339(78KB) AllocSpace objects, 1(20KB) LOS objects, 23% free, 52MB/68MB, paused 304us total 17.275ms
08-03 23:37:25.073  1752  1763 I art     : Starting a blocking GC Explicit
08-03 23:37:25.089  1752  1763 I art     : Explicit concurrent mark sweep GC freed 20(704B) AllocSpace objects, 0(0B) LOS objects, 23% free, 52MB/68MB, paused 203us total 15.718ms
08-03 23:37:25.095  1752  1763 I art     : Starting a blocking GC Explicit
08-03 23:37:25.109  1752  1763 I art     : Explicit concurrent mark sweep GC freed 3(96B) AllocSpace objects, 0(0B) LOS objects, 23% free, 52MB/68MB, paused 199us total 13.986ms
08-03 23:37:25.116  1752  1763 I art     : Starting a blocking GC Explicit
08-03 23:37:25.130  1752  1763 I art     : Explicit concurrent mark sweep GC freed 3(96B) AllocSpace objects, 0(0B) LOS objects, 23% free, 52MB/68MB, paused 205us total 14.017ms
08-03 23:37:25.137  1752  1763 I art     : Starting a blocking GC Explicit
08-03 23:37:25.151  1752  1763 I art     : Explicit concurrent mark sweep GC freed 3(96B) AllocSpace objects, 0(0B) LOS objects, 23% free, 52MB/68MB, paused 207us total 13.877ms
08-03 23:37:25.454  1752  1765 I art     : Starting a blocking GC Explicit
08-03 23:37:25.474  1752  1765 I art     : Explicit concurrent mark sweep GC freed 1339(78KB) AllocSpace objects, 1(20KB) LOS objects, 23% free, 52MB/68MB, paused 252us total 19.610ms
08-03 23:37:25.481  1752  1765 I art     : Starting a blocking GC Explicit
08-03 23:37:25.496  1752  1765 I art     : Explicit concurrent mark sweep GC freed 20(704B) AllocSpace objects, 0(0B) LOS objects, 23% free, 52MB/68MB, paused 215us total 14.060ms
08-03 23:37:25.503  1752  1765 I art     : Starting a blocking GC Explicit
08-03 23:37:25.517  1752  1765 I art     : Explicit concurrent mark sweep GC freed 3(96B) AllocSpace objects, 0(0B) LOS objects, 23% free, 52MB/68MB, paused 209us total 13.554ms
08-03 23:37:25.523  1752  1765 I art     : Starting a blocking GC Explicit
08-03 23:37:25.537  1752  1765 I art     : Explicit concurrent mark sweep GC freed 3(96B) AllocSpace objects, 0(0B) LOS objects, 23% free, 52MB/68MB, paused 307us total 13.600ms
08-03 23:37:25.543  1752  1765 I art     : Starting a blocking GC Explicit
08-03 23:37:25.557  1752  1765 I art     : Explicit concurrent mark sweep GC freed 3(96B) AllocSpace objects, 0(0B) LOS objects, 23% free, 52MB/68MB, paused 280us total 13.636ms
08-03 23:37:25.845  1752  1845 I art     : Starting a blocking GC Explicit
08-03 23:37:25.860  1752  1845 I art     : Explicit concurrent mark sweep GC freed 1339(78KB) AllocSpace objects, 1(20KB) LOS objects, 23% free, 52MB/68MB, paused 221us total 14.611ms
08-03 23:37:25.867  1752  1845 I art     : Starting a blocking GC Explicit
08-03 23:37:25.880  1752  1845 I art     : Explicit concurrent mark sweep GC freed 20(704B) AllocSpace objects, 0(0B) LOS objects, 23% free, 52MB/68MB, paused 216us total 13.618ms
08-03 23:37:25.887  1752  1845 I art     : Starting a blocking GC Explicit
08-03 23:37:25.900  1752  1845 I art     : Explicit concurrent mark sweep GC freed 3(96B) AllocSpace objects, 0(0B) LOS objects, 23% free, 52MB/68MB, paused 208us total 12.883ms
08-03 23:37:25.906  1752  1845 I art     : Starting a blocking GC Explicit
08-03 23:37:25.919  1752  1845 I art     : Explicit concurrent mark sweep GC freed 3(96B) AllocSpace objects, 0(0B) LOS objects, 23% free, 52MB/68MB, paused 213us total 12.747ms
08-03 23:37:25.925  1752  1845 I art     : Starting a blocking GC Explicit
08-03 23:37:25.937  1752  1845 I art     : Explicit concurrent mark sweep GC freed 3(96B) AllocSpace objects, 0(0B) LOS objects, 23% free, 52MB/68MB, paused 209us total 12.612ms
08-03 23:37:26.082  2202  2202 D AndroidRuntime: >>>>>> START com.android.internal.os.RuntimeInit uid 2000 <<<<<<
08-03 23:37:26.087  2202  2202 D AndroidRuntime: CheckJNI is OFF
08-03 23:37:26.114  2202  2202 D ICU     : No timezone override file found: /data/misc/zoneinfo/current/icu/icu_tzdata.dat
08-03 23:37:26.139  2202  2202 I Radio-JNI: register_android_hardware_Radio DONE
08-03 23:37:26.155  2202  2202 D AndroidRuntime: Calling main entry com.android.commands.input.Input
08-03 23:37:26.156  2202  2202 I Input   : injectMotionEvent: MotionEvent { action=ACTION_DOWN, actionButton=0, id[0]=0, x[0]=733.0, y[0]=645.0, toolType[0]=TOOL_TYPE_UNKNOWN, buttonState=0, metaState=0, flags=0x0, edgeFlags=0x0, pointerCount=1, historySize=0, eventTime=661062569, downTime=661062569, deviceId=0, source=0x1002 }
08-03 23:37:26.161  2202  2202 I Input   : injectMotionEvent: MotionEvent { action=ACTION_UP, actionButton=0, id[0]=0, x[0]=733.0, y[0]=645.0, toolType[0]=TOOL_TYPE_UNKNOWN, buttonState=0, metaState=0, flags=0x0, edgeFlags=0x0, pointerCount=1, historySize=0, eventTime=661062569, downTime=661062569, deviceId=0, source=0x1002 }
08-03 23:37:26.163   918  6110 I ActivityManager: START u0 {cmp=baseline.appteam.nith.hillffair/.activities.ClubActivity (has extras)} from uid 10651 on display 0
08-03 23:37:26.170  2202  2202 D AndroidRuntime: Shutting down VM
08-03 23:37:26.219  1752  1763 I art     : Starting a blocking GC Explicit
08-03 23:37:26.234  1752  1763 I art     : Explicit concurrent mark sweep GC freed 4708(285KB) AllocSpace objects, 1(20KB) LOS objects, 23% free, 52MB/68MB, paused 732us total 15.390ms
08-03 23:37:26.241  1752  1763 I art     : Starting a blocking GC Explicit
08-03 23:37:26.256  1752  1763 I art     : Explicit concurrent mark sweep GC freed 478(39KB) AllocSpace objects, 0(0B) LOS objects, 23% free, 52MB/68MB, paused 427us total 14.445ms
08-03 23:37:26.262  1752  1763 I art     : Starting a blocking GC Explicit
08-03 23:37:26.275  1752  1763 I art     : Explicit concurrent mark sweep GC freed 84(5KB) AllocSpace objects, 0(0B) LOS objects, 23% free, 52MB/68MB, paused 279us total 12.907ms
08-03 23:37:26.282  1752  1763 I art     : Starting a blocking GC Explicit
08-03 23:37:26.296   918   936 I ActivityManager: Displayed baseline.appteam.nith.hillffair/.activities.ClubActivity: +126ms
08-03 23:37:26.297 13866 13866 I GoogleInputMethodServic: GoogleInputMethodService.onFinishInput():3138 
08-03 23:37:26.297 13866 13866 I GoogleInputMethodServic: GoogleInputMethodService.onStartInput():1808 
08-03 23:37:26.298  1752  1763 I art     : Explicit concurrent mark sweep GC freed 192(8KB) AllocSpace objects, 0(0B) LOS objects, 23% free, 53MB/69MB, paused 422us total 16.517ms
08-03 23:37:26.304  1752  1763 I art     : Starting a blocking GC Explicit
08-03 23:37:26.320  1752  1763 I art     : Explicit concurrent mark sweep GC freed 20(832B) AllocSpace objects, 0(0B) LOS objects, 23% free, 53MB/69MB, paused 268us total 15.204ms
08-03 23:37:26.589   380   380 W SurfaceFlinger: couldn't log to binary event log: overflow.
08-03 23:37:26.593  1752  1845 I art     : Starting a blocking GC Explicit
08-03 23:37:26.610  1752  1845 I art     : Explicit concurrent mark sweep GC freed 1355(78KB) AllocSpace objects, 1(20KB) LOS objects, 23% free, 53MB/69MB, paused 242us total 16.277ms
08-03 23:37:26.616  1752  1845 I art     : Starting a blocking GC Explicit
08-03 23:37:26.629  1752  1845 I art     : Explicit concurrent mark sweep GC freed 20(704B) AllocSpace objects, 0(0B) LOS objects, 23% free, 53MB/69MB, paused 228us total 12.675ms
08-03 23:37:26.635  1752  1845 I art     : Starting a blocking GC Explicit
08-03 23:37:26.647  1752  1845 I art     : Explicit concurrent mark sweep GC freed 3(96B) AllocSpace objects, 0(0B) LOS objects, 23% free, 53MB/69MB, paused 228us total 12.553ms
08-03 23:37:26.653  1752  1845 I art     : Starting a blocking GC Explicit
08-03 23:37:26.666  1752  1845 I art     : Explicit concurrent mark sweep GC freed 379(16KB) AllocSpace objects, 0(0B) LOS objects, 23% free, 53MB/69MB, paused 330us total 12.672ms
08-03 23:37:26.673  1752  1845 I art     : Starting a blocking GC Explicit
08-03 23:37:26.689  1752  1845 I art     : Explicit concurrent mark sweep GC freed 601(53KB) AllocSpace objects, 2(120KB) LOS objects, 23% free, 53MB/69MB, paused 359us total 15.866ms
08-03 23:37:26.715  1752  2233 D OkHttp  : --> GET https://api-hillfair-2k16.herokuapp.com/api/app/events/special/event?id=5806551bdcba0f490c70fd1f http/1.1
08-03 23:37:26.746  1752  2233 D OkHttp  : <-- 200 OK https://api-hillfair-2k16.herokuapp.com/api/app/events/special/event?id=5806551bdcba0f490c70fd1f (30ms, 795-byte body)
08-03 23:37:26.792  1752  1752 I NAPPA_EXPERIMENTATION: MetricNetworkRequestExecutionTime: REQUEST_DURATION_SYSTEM='560',REQUEST_DURATION_OKHTTP='30',REQUEST_SYNCHRONOUS='FALSE',RESPONSE_CODE='200',RESPONSE_METHOD='GET',RESPONSE_LENGTH_OKHTTP='795',RESPONSE_LENGTH_HEADER='795',REQUEST_PROTOCOL='http/1.1',REQUEST_URL='https://api-hillfair-2k16.herokuapp.com/api/app/events/special/event?id=5806551bdcba0f490c70fd1f',
08-03 23:37:26.933  1752  2234 I art     : Starting a blocking GC Explicit
08-03 23:37:26.947  1752  2234 I art     : Explicit concurrent mark sweep GC freed 4566(358KB) AllocSpace objects, 2(100KB) LOS objects, 23% free, 53MB/69MB, paused 201us total 14.186ms
08-03 23:37:26.957  1752  2234 I art     : Starting a blocking GC Explicit
08-03 23:37:26.974  1752  2234 I art     : Explicit concurrent mark sweep GC freed 389(36KB) AllocSpace objects, 0(0B) LOS objects, 23% free, 53MB/69MB, paused 333us total 15.917ms
08-03 23:37:26.981  1752  2234 I art     : Starting a blocking GC Explicit
08-03 23:37:26.994  1752  2234 I art     : Explicit concurrent mark sweep GC freed 3(96B) AllocSpace objects, 0(0B) LOS objects, 23% free, 53MB/69MB, paused 210us total 12.813ms
08-03 23:37:27.000  1752  2234 I art     : Starting a blocking GC Explicit
08-03 23:37:27.013  1752  2234 I art     : Explicit concurrent mark sweep GC freed 3(96B) AllocSpace objects, 0(0B) LOS objects, 23% free, 53MB/69MB, paused 223us total 13.019ms
08-03 23:37:27.019  1752  2234 I art     : Starting a blocking GC Explicit
08-03 23:37:27.032  1752  2234 I art     : Explicit concurrent mark sweep GC freed 3(96B) AllocSpace objects, 0(0B) LOS objects, 23% free, 53MB/69MB, paused 220us total 12.744ms
08-03 23:37:27.303  1752  1845 I art     : Starting a blocking GC Explicit
08-03 23:37:27.321  1752  1845 I art     : Explicit concurrent mark sweep GC freed 1341(78KB) AllocSpace objects, 1(20KB) LOS objects, 23% free, 53MB/69MB, paused 317us total 17.612ms
08-03 23:37:27.332  1752  1845 I art     : Starting a blocking GC Explicit
08-03 23:37:27.346  1752  1845 I art     : Explicit concurrent mark sweep GC freed 36(1264B) AllocSpace objects, 0(0B) LOS objects, 23% free, 53MB/69MB, paused 235us total 14.095ms
08-03 23:37:27.352  1752  1845 I art     : Starting a blocking GC Explicit
08-03 23:37:27.367  1752  1845 I art     : Explicit concurrent mark sweep GC freed 3(96B) AllocSpace objects, 0(0B) LOS objects, 23% free, 53MB/69MB, paused 298us total 14.040ms
08-03 23:37:27.373  1752  1845 I art     : Starting a blocking GC Explicit
08-03 23:37:27.387  1752  1845 I art     : Explicit concurrent mark sweep GC freed 3(96B) AllocSpace objects, 0(0B) LOS objects, 23% free, 53MB/69MB, paused 244us total 13.957ms
08-03 23:37:27.393  1752  1845 I art     : Starting a blocking GC Explicit
08-03 23:37:27.407  1752  1845 I art     : Explicit concurrent mark sweep GC freed 3(96B) AllocSpace objects, 0(0B) LOS objects, 23% free, 53MB/69MB, paused 233us total 14.147ms
08-03 23:37:27.688  1752  2234 I art     : Starting a blocking GC Explicit
08-03 23:37:27.710  1752  2234 I art     : Explicit concurrent mark sweep GC freed 1340(78KB) AllocSpace objects, 1(20KB) LOS objects, 23% free, 53MB/69MB, paused 266us total 21.600ms
08-03 23:37:27.720  1752  2234 I art     : Starting a blocking GC Explicit
08-03 23:37:27.736  1752  2234 I art     : Explicit concurrent mark sweep GC freed 20(704B) AllocSpace objects, 0(0B) LOS objects, 23% free, 53MB/69MB, paused 229us total 15.394ms
08-03 23:37:27.743  1752  2234 I art     : Starting a blocking GC Explicit
08-03 23:37:27.758  1752  2234 I art     : Explicit concurrent mark sweep GC freed 3(96B) AllocSpace objects, 0(0B) LOS objects, 23% free, 53MB/69MB, paused 267us total 15.044ms
08-03 23:37:27.765  1752  2234 I art     : Starting a blocking GC Explicit
08-03 23:37:27.780  1752  2234 I art     : Explicit concurrent mark sweep GC freed 3(96B) AllocSpace objects, 0(0B) LOS objects, 23% free, 53MB/69MB, paused 237us total 14.769ms
08-03 23:37:27.787  1752  2234 I art     : Starting a blocking GC Explicit
08-03 23:37:27.802  1752  2234 I art     : Explicit concurrent mark sweep GC freed 3(96B) AllocSpace objects, 0(0B) LOS objects, 23% free, 53MB/69MB, paused 230us total 14.830ms
08-03 23:37:28.115  1752  1765 I art     : Starting a blocking GC Explicit
08-03 23:37:28.133  1752  1765 I art     : Explicit concurrent mark sweep GC freed 1340(78KB) AllocSpace objects, 1(20KB) LOS objects, 23% free, 53MB/69MB, paused 269us total 17.313ms
08-03 23:37:28.140  1752  1765 I art     : Starting a blocking GC Explicit
08-03 23:37:28.155  1752  1765 I art     : Explicit concurrent mark sweep GC freed 20(704B) AllocSpace objects, 0(0B) LOS objects, 23% free, 53MB/69MB, paused 244us total 15.207ms
08-03 23:37:28.162  1752  1765 I art     : Starting a blocking GC Explicit
08-03 23:37:28.178  1752  1765 I art     : Explicit concurrent mark sweep GC freed 3(96B) AllocSpace objects, 0(0B) LOS objects, 23% free, 53MB/69MB, paused 238us total 15.266ms
08-03 23:37:28.184  1752  1765 I art     : Starting a blocking GC Explicit
08-03 23:37:28.199  1752  1765 I art     : Explicit concurrent mark sweep GC freed 3(96B) AllocSpace objects, 0(0B) LOS objects, 23% free, 53MB/69MB, paused 261us total 14.830ms
08-03 23:37:28.206  1752  1765 I art     : Starting a blocking GC Explicit
08-03 23:37:28.221  1752  1765 I art     : Explicit concurrent mark sweep GC freed 3(96B) AllocSpace objects, 0(0B) LOS objects, 23% free, 53MB/69MB, paused 257us total 14.950ms
08-03 23:37:28.528  1752  1763 I art     : Starting a blocking GC Explicit
08-03 23:37:28.547   918 13198 D NetlinkSocketObserver: NeighborEvent{elapsedMs=1644452422, 192.168.2.254, [7C3953A63323], RTM_NEWNEIGH, NUD_STALE}
08-03 23:37:28.550  1752  1763 I art     : Explicit concurrent mark sweep GC freed 1340(78KB) AllocSpace objects, 1(20KB) LOS objects, 23% free, 53MB/69MB, paused 267us total 21.415ms
08-03 23:37:28.560  1752  1763 I art     : Starting a blocking GC Explicit
08-03 23:37:28.579  1752  1763 I art     : Explicit concurrent mark sweep GC freed 20(704B) AllocSpace objects, 0(0B) LOS objects, 23% free, 53MB/69MB, paused 236us total 18.483ms
08-03 23:37:28.586  1752  1763 I art     : Starting a blocking GC Explicit
08-03 23:37:28.601  1752  1763 I art     : Explicit concurrent mark sweep GC freed 3(96B) AllocSpace objects, 0(0B) LOS objects, 23% free, 53MB/69MB, paused 219us total 14.778ms
08-03 23:37:28.607  1752  1763 I art     : Starting a blocking GC Explicit
08-03 23:37:28.622  1752  1763 I art     : Explicit concurrent mark sweep GC freed 3(96B) AllocSpace objects, 0(0B) LOS objects, 23% free, 53MB/69MB, paused 222us total 14.949ms
08-03 23:37:28.629  1752  1763 I art     : Starting a blocking GC Explicit
08-03 23:37:28.643  1752  1763 I art     : Explicit concurrent mark sweep GC freed 3(96B) AllocSpace objects, 0(0B) LOS objects, 23% free, 53MB/69MB, paused 219us total 14.303ms
08-03 23:37:28.944  1752  1845 I art     : Starting a blocking GC Explicit
08-03 23:37:28.961  1752  1845 I art     : Explicit concurrent mark sweep GC freed 1340(78KB) AllocSpace objects, 1(20KB) LOS objects, 23% free, 53MB/69MB, paused 253us total 17.119ms
08-03 23:37:28.968  1752  1845 I art     : Starting a blocking GC Explicit
08-03 23:37:28.984  1752  1845 I art     : Explicit concurrent mark sweep GC freed 20(704B) AllocSpace objects, 0(0B) LOS objects, 23% free, 53MB/69MB, paused 281us total 15.314ms
08-03 23:37:28.990  1752  1845 I art     : Starting a blocking GC Explicit
08-03 23:37:29.006  1752  1845 I art     : Explicit concurrent mark sweep GC freed 3(96B) AllocSpace objects, 0(0B) LOS objects, 23% free, 53MB/69MB, paused 223us total 15.110ms
08-03 23:37:29.013  1752  1845 I art     : Starting a blocking GC Explicit
08-03 23:37:29.028  1752  1845 I art     : Explicit concurrent mark sweep GC freed 3(96B) AllocSpace objects, 0(0B) LOS objects, 23% free, 53MB/69MB, paused 263us total 15.148ms
08-03 23:37:29.035  1752  1845 I art     : Starting a blocking GC Explicit
08-03 23:37:29.051  1752  1845 I art     : Explicit concurrent mark sweep GC freed 3(96B) AllocSpace objects, 0(0B) LOS objects, 23% free, 53MB/69MB, paused 237us total 15.389ms
08-03 23:37:29.367  1752  2234 I art     : Starting a blocking GC Explicit
08-03 23:37:29.395  1752  2234 I art     : Explicit concurrent mark sweep GC freed 1340(78KB) AllocSpace objects, 1(20KB) LOS objects, 23% free, 53MB/69MB, paused 289us total 26.749ms
08-03 23:37:29.406  1752  2234 I art     : Starting a blocking GC Explicit
08-03 23:37:29.425  1752  2234 I art     : Explicit concurrent mark sweep GC freed 20(704B) AllocSpace objects, 0(0B) LOS objects, 23% free, 53MB/69MB, paused 267us total 18.516ms
08-03 23:37:29.434  1752  2234 I art     : Starting a blocking GC Explicit
08-03 23:37:29.449  1752  2234 I art     : Explicit concurrent mark sweep GC freed 3(96B) AllocSpace objects, 0(0B) LOS objects, 23% free, 53MB/69MB, paused 231us total 15.160ms
08-03 23:37:29.456  1752  2234 I art     : Starting a blocking GC Explicit
08-03 23:37:29.472  1752  2234 I art     : Explicit concurrent mark sweep GC freed 3(96B) AllocSpace objects, 0(0B) LOS objects, 23% free, 53MB/69MB, paused 470us total 15.444ms
08-03 23:37:29.478  1752  2234 I art     : Starting a blocking GC Explicit
08-03 23:37:29.493  1752  2234 I art     : Explicit concurrent mark sweep GC freed 3(96B) AllocSpace objects, 0(0B) LOS objects, 23% free, 53MB/69MB, paused 220us total 14.567ms
08-03 23:37:29.806  1752  1765 I art     : Starting a blocking GC Explicit
08-03 23:37:29.834  1752  1765 I art     : Explicit concurrent mark sweep GC freed 1340(78KB) AllocSpace objects, 1(20KB) LOS objects, 23% free, 53MB/69MB, paused 330us total 26.317ms
08-03 23:37:29.841  1752  1765 I art     : Starting a blocking GC Explicit
08-03 23:37:29.857  1752  1765 I art     : Explicit concurrent mark sweep GC freed 20(704B) AllocSpace objects, 0(0B) LOS objects, 23% free, 53MB/69MB, paused 306us total 15.128ms
08-03 23:37:29.864  1752  1765 I art     : Starting a blocking GC Explicit
08-03 23:37:29.879  1752  1765 I art     : Explicit concurrent mark sweep GC freed 3(96B) AllocSpace objects, 0(0B) LOS objects, 23% free, 53MB/69MB, paused 232us total 14.500ms
08-03 23:37:29.885  1752  1765 I art     : Starting a blocking GC Explicit
08-03 23:37:29.900  1752  1765 I art     : Explicit concurrent mark sweep GC freed 3(96B) AllocSpace objects, 0(0B) LOS objects, 23% free, 53MB/69MB, paused 236us total 14.450ms
08-03 23:37:29.906  1752  1765 I art     : Starting a blocking GC Explicit
08-03 23:37:29.920  1752  1765 I art     : Explicit concurrent mark sweep GC freed 3(96B) AllocSpace objects, 0(0B) LOS objects, 23% free, 53MB/69MB, paused 230us total 14.201ms
08-03 23:37:30.235  1752  1763 I art     : Starting a blocking GC Explicit
08-03 23:37:30.260  1752  1763 I art     : Explicit concurrent mark sweep GC freed 1340(78KB) AllocSpace objects, 1(20KB) LOS objects, 23% free, 53MB/69MB, paused 252us total 25.018ms
08-03 23:37:30.268  1752  1763 I art     : Starting a blocking GC Explicit
08-03 23:37:30.283  1752  1763 I art     : Explicit concurrent mark sweep GC freed 20(704B) AllocSpace objects, 0(0B) LOS objects, 23% free, 53MB/69MB, paused 232us total 15.293ms
08-03 23:37:30.290  1752  1763 I art     : Starting a blocking GC Explicit
08-03 23:37:30.305  1752  1763 I art     : Explicit concurrent mark sweep GC freed 3(96B) AllocSpace objects, 0(0B) LOS objects, 23% free, 53MB/69MB, paused 227us total 14.331ms
08-03 23:37:30.311  1752  1763 I art     : Starting a blocking GC Explicit
08-03 23:37:30.326  1752  1763 I art     : Explicit concurrent mark sweep GC freed 3(96B) AllocSpace objects, 0(0B) LOS objects, 23% free, 53MB/69MB, paused 219us total 14.219ms
08-03 23:37:30.332  1752  1763 I art     : Starting a blocking GC Explicit
08-03 23:37:30.347  1752  1763 I art     : Explicit concurrent mark sweep GC freed 3(96B) AllocSpace objects, 0(0B) LOS objects, 23% free, 53MB/69MB, paused 275us total 14.417ms
08-03 23:37:30.667  1752  1845 I art     : Starting a blocking GC Explicit
08-03 23:37:30.688  1752  1845 I art     : Explicit concurrent mark sweep GC freed 1340(78KB) AllocSpace objects, 1(20KB) LOS objects, 23% free, 53MB/69MB, paused 286us total 20.842ms
08-03 23:37:30.698  1752  1845 I art     : Starting a blocking GC Explicit
08-03 23:37:30.714  1752  1845 I art     : Explicit concurrent mark sweep GC freed 20(704B) AllocSpace objects, 0(0B) LOS objects, 23% free, 53MB/69MB, paused 236us total 15.116ms
08-03 23:37:30.721  1752  1845 I art     : Starting a blocking GC Explicit
08-03 23:37:30.736  1752  1845 I art     : Explicit concurrent mark sweep GC freed 3(96B) AllocSpace objects, 0(0B) LOS objects, 23% free, 53MB/69MB, paused 238us total 14.920ms
08-03 23:37:30.743  1752  1845 I art     : Starting a blocking GC Explicit
08-03 23:37:30.758  1752  1845 I art     : Explicit concurrent mark sweep GC freed 3(96B) AllocSpace objects, 0(0B) LOS objects, 23% free, 53MB/69MB, paused 229us total 14.414ms
08-03 23:37:30.764  1752  1845 I art     : Starting a blocking GC Explicit
08-03 23:37:30.779  1752  1845 I art     : Explicit concurrent mark sweep GC freed 3(96B) AllocSpace objects, 0(0B) LOS objects, 23% free, 53MB/69MB, paused 226us total 14.424ms
08-03 23:37:31.090  1752  2234 I art     : Starting a blocking GC Explicit
08-03 23:37:31.112  1752  2234 I art     : Explicit concurrent mark sweep GC freed 1340(78KB) AllocSpace objects, 1(20KB) LOS objects, 23% free, 53MB/69MB, paused 265us total 21.408ms
08-03 23:37:31.122  1752  2234 I art     : Starting a blocking GC Explicit
08-03 23:37:31.138  1752  2234 I art     : Explicit concurrent mark sweep GC freed 20(704B) AllocSpace objects, 0(0B) LOS objects, 23% free, 53MB/69MB, paused 235us total 15.112ms
08-03 23:37:31.144  1752  2234 I art     : Starting a blocking GC Explicit
08-03 23:37:31.160  1752  2234 I art     : Explicit concurrent mark sweep GC freed 3(96B) AllocSpace objects, 0(0B) LOS objects, 23% free, 53MB/69MB, paused 224us total 14.926ms
08-03 23:37:31.166  1752  2234 I art     : Starting a blocking GC Explicit
08-03 23:37:31.182  1752  2234 I art     : Explicit concurrent mark sweep GC freed 3(96B) AllocSpace objects, 0(0B) LOS objects, 23% free, 53MB/69MB, paused 225us total 15.185ms
08-03 23:37:31.188  1752  2234 I art     : Starting a blocking GC Explicit
08-03 23:37:31.203  1752  2234 I art     : Explicit concurrent mark sweep GC freed 3(96B) AllocSpace objects, 0(0B) LOS objects, 23% free, 53MB/69MB, paused 227us total 14.533ms
08-03 23:37:31.493  1752  1765 I art     : Starting a blocking GC Explicit
08-03 23:37:31.510  1752  1765 I art     : Explicit concurrent mark sweep GC freed 1705(98KB) AllocSpace objects, 1(20KB) LOS objects, 23% free, 53MB/69MB, paused 312us total 16.952ms
08-03 23:37:31.521  1752  1765 I art     : Starting a blocking GC Explicit
08-03 23:37:31.539  1752  1765 I art     : Explicit concurrent mark sweep GC freed 25(912B) AllocSpace objects, 0(0B) LOS objects, 23% free, 53MB/69MB, paused 283us total 18.571ms
08-03 23:37:31.546  1752  1765 I art     : Starting a blocking GC Explicit
08-03 23:37:31.562  1752  1765 I art     : Explicit concurrent mark sweep GC freed 284(12KB) AllocSpace objects, 0(0B) LOS objects, 23% free, 53MB/69MB, paused 343us total 15.273ms
08-03 23:37:31.568  1752  1765 I art     : Starting a blocking GC Explicit
08-03 23:37:31.584  1752  1765 I art     : Explicit concurrent mark sweep GC freed 1473(57KB) AllocSpace objects, 0(0B) LOS objects, 23% free, 53MB/69MB, paused 346us total 15.327ms
08-03 23:37:31.590  1752  1765 I art     : Starting a blocking GC Explicit
08-03 23:37:31.605  1752  1765 I art     : Explicit concurrent mark sweep GC freed 191(6KB) AllocSpace objects, 0(0B) LOS objects, 23% free, 53MB/69MB, paused 274us total 14.672ms
08-03 23:37:31.621  1752  2370 W OneSignal: OneSignalRestClient: POST Error thrown from network stack. 
08-03 23:37:31.621  1752  2370 W OneSignal: java.io.IOException: unexpected end of stream on Connection{api.onesignal.com:443, proxy=HTTP@192.168.2.12:8080 hostAddress=192.168.2.12 cipherSuite=TLS_ECDHE_RSA_WITH_AES_128_GCM_SHA256 protocol=http/1.1} (recycle count=0)
08-03 23:37:31.621  1752  2370 W OneSignal: 	at com.android.okhttp.internal.http.HttpConnection.readResponse(HttpConnection.java:210)
08-03 23:37:31.621  1752  2370 W OneSignal: 	at com.android.okhttp.internal.http.HttpTransport.readResponseHeaders(HttpTransport.java:80)
08-03 23:37:31.621  1752  2370 W OneSignal: 	at com.android.okhttp.internal.http.HttpEngine.readNetworkResponse(HttpEngine.java:904)
08-03 23:37:31.621  1752  2370 W OneSignal: 	at com.android.okhttp.internal.http.HttpEngine.readResponse(HttpEngine.java:788)
08-03 23:37:31.621  1752  2370 W OneSignal: 	at com.android.okhttp.internal.huc.HttpURLConnectionImpl.execute(HttpURLConnectionImpl.java:439)
08-03 23:37:31.621  1752  2370 W OneSignal: 	at com.android.okhttp.internal.huc.HttpURLConnectionImpl.getResponse(HttpURLConnectionImpl.java:384)
08-03 23:37:31.621  1752  2370 W OneSignal: 	at com.android.okhttp.internal.huc.HttpURLConnectionImpl.getResponseCode(HttpURLConnectionImpl.java:497)
08-03 23:37:31.621  1752  2370 W OneSignal: 	at com.android.okhttp.internal.huc.DelegatingHttpsURLConnection.getResponseCode(DelegatingHttpsURLConnection.java:105)
08-03 23:37:31.621  1752  2370 W OneSignal: 	at com.android.okhttp.internal.huc.HttpsURLConnectionImpl.getResponseCode(HttpsURLConnectionImpl.java)
08-03 23:37:31.621  1752  2370 W OneSignal: 	at com.onesignal.OneSignalRestClient.startHTTPConnection(OneSignalRestClient.java:180)
08-03 23:37:31.621  1752  2370 W OneSignal: 	at com.onesignal.OneSignalRestClient.access$100(OneSignalRestClient.java:44)
08-03 23:37:31.621  1752  2370 W OneSignal: 	at com.onesignal.OneSignalRestClient$4.run(OneSignalRestClient.java:110)
08-03 23:37:31.621  1752  2370 W OneSignal: 	at java.lang.Thread.run(Thread.java:818)
08-03 23:37:31.621  1752  2370 W OneSignal: Caused by: java.io.EOFException: \n not found: size=0 content=...
08-03 23:37:31.621  1752  2370 W OneSignal: 	at com.android.okhttp.okio.RealBufferedSource.readUtf8LineStrict(RealBufferedSource.java:200)
08-03 23:37:31.621  1752  2370 W OneSignal: 	at com.android.okhttp.internal.http.HttpConnection.readResponse(HttpConnection.java:191)
08-03 23:37:31.621  1752  2370 W OneSignal: 	... 12 more
08-03 23:37:31.622  1752  2376 W OneSignal: Failed last request. statusCode: -1
08-03 23:37:31.622  1752  2376 W OneSignal: response: null
08-03 23:37:31.916  1752  1763 I art     : Starting a blocking GC Explicit
08-03 23:37:31.944  1752  1763 I art     : Explicit concurrent mark sweep GC freed 1728(150KB) AllocSpace objects, 1(20KB) LOS objects, 23% free, 53MB/69MB, paused 322us total 27.295ms
08-03 23:37:31.954  1752  1763 I art     : Starting a blocking GC Explicit
08-03 23:37:31.970  1752  1763 I art     : Explicit concurrent mark sweep GC freed 24(896B) AllocSpace objects, 0(0B) LOS objects, 23% free, 53MB/69MB, paused 240us total 16.020ms
08-03 23:37:31.977  1752  1763 I art     : Starting a blocking GC Explicit
08-03 23:37:31.991  1752  1763 I art     : Explicit concurrent mark sweep GC freed 3(96B) AllocSpace objects, 0(0B) LOS objects, 23% free, 53MB/69MB, paused 219us total 14.407ms
08-03 23:37:31.998  1752  1763 I art     : Starting a blocking GC Explicit
08-03 23:37:32.012  1752  1763 I art     : Explicit concurrent mark sweep GC freed 3(96B) AllocSpace objects, 0(0B) LOS objects, 23% free, 53MB/69MB, paused 227us total 14.476ms
08-03 23:37:32.019  1752  1763 I art     : Starting a blocking GC Explicit
08-03 23:37:32.033  1752  1763 I art     : Explicit concurrent mark sweep GC freed 3(96B) AllocSpace objects, 0(0B) LOS objects, 23% free, 53MB/69MB, paused 252us total 14.479ms
08-03 23:37:32.342  1752  1845 I art     : Starting a blocking GC Explicit
08-03 23:37:32.363  1752  1845 I art     : Explicit concurrent mark sweep GC freed 1340(78KB) AllocSpace objects, 1(20KB) LOS objects, 23% free, 53MB/69MB, paused 273us total 20.791ms
08-03 23:37:32.373  1752  1845 I art     : Starting a blocking GC Explicit
08-03 23:37:32.388  1752  1845 I art     : Explicit concurrent mark sweep GC freed 20(704B) AllocSpace objects, 0(0B) LOS objects, 23% free, 53MB/69MB, paused 249us total 15.448ms
08-03 23:37:32.395  1752  1845 I art     : Starting a blocking GC Explicit
08-03 23:37:32.411  1752  1845 I art     : Explicit concurrent mark sweep GC freed 3(96B) AllocSpace objects, 0(0B) LOS objects, 23% free, 53MB/69MB, paused 233us total 15.059ms
08-03 23:37:32.417  1752  1845 I art     : Starting a blocking GC Explicit
08-03 23:37:32.432  1752  1845 I art     : Explicit concurrent mark sweep GC freed 3(96B) AllocSpace objects, 0(0B) LOS objects, 23% free, 53MB/69MB, paused 226us total 14.469ms
08-03 23:37:32.438  1752  1845 I art     : Starting a blocking GC Explicit
08-03 23:37:32.453  1752  1845 I art     : Explicit concurrent mark sweep GC freed 3(96B) AllocSpace objects, 0(0B) LOS objects, 23% free, 53MB/69MB, paused 228us total 14.492ms
08-03 23:37:32.605   918  3261 D WifiStateMachine: starting scan for "H369AA63323"WPA_PSK with 2412,5180
08-03 23:37:32.753  1752  2234 I art     : Starting a blocking GC Explicit
08-03 23:37:32.775  1752  2234 I art     : Explicit concurrent mark sweep GC freed 1340(78KB) AllocSpace objects, 1(20KB) LOS objects, 23% free, 53MB/69MB, paused 260us total 21.604ms
08-03 23:37:32.785  1752  2234 I art     : Starting a blocking GC Explicit
08-03 23:37:32.805  1752  2234 I art     : Explicit concurrent mark sweep GC freed 20(704B) AllocSpace objects, 0(0B) LOS objects, 23% free, 53MB/69MB, paused 247us total 18.940ms
08-03 23:37:32.814  1752  2234 I art     : Starting a blocking GC Explicit
08-03 23:37:32.830  1752  2234 I art     : Explicit concurrent mark sweep GC freed 3(96B) AllocSpace objects, 0(0B) LOS objects, 23% free, 53MB/69MB, paused 228us total 15.252ms
08-03 23:37:32.836  1752  2234 I art     : Starting a blocking GC Explicit
08-03 23:37:32.852  1752  2234 I art     : Explicit concurrent mark sweep GC freed 3(96B) AllocSpace objects, 0(0B) LOS objects, 23% free, 53MB/69MB, paused 223us total 15.385ms
08-03 23:37:32.859  1752  2234 I art     : Starting a blocking GC Explicit
08-03 23:37:32.874  1752  2234 I art     : Explicit concurrent mark sweep GC freed 3(96B) AllocSpace objects, 0(0B) LOS objects, 23% free, 53MB/69MB, paused 220us total 14.427ms
08-03 23:37:33.209  1752  1765 I art     : Starting a blocking GC Explicit
08-03 23:37:33.230  1752  1765 I art     : Explicit concurrent mark sweep GC freed 1340(78KB) AllocSpace objects, 1(20KB) LOS objects, 23% free, 53MB/69MB, paused 275us total 21.406ms
08-03 23:37:33.242  1752  1765 I art     : Starting a blocking GC Explicit
08-03 23:37:33.257  1752  1765 I art     : Explicit concurrent mark sweep GC freed 20(704B) AllocSpace objects, 0(0B) LOS objects, 23% free, 53MB/69MB, paused 256us total 15.385ms
08-03 23:37:33.264  1752  1765 I art     : Starting a blocking GC Explicit
08-03 23:37:33.280  1752  1765 I art     : Explicit concurrent mark sweep GC freed 3(96B) AllocSpace objects, 0(0B) LOS objects, 23% free, 53MB/69MB, paused 242us total 15.419ms
08-03 23:37:33.287  1752  1765 I art     : Starting a blocking GC Explicit
08-03 23:37:33.302  1752  1765 I art     : Explicit concurrent mark sweep GC freed 3(96B) AllocSpace objects, 0(0B) LOS objects, 23% free, 53MB/69MB, paused 243us total 14.994ms
08-03 23:37:33.308  1752  1765 I art     : Starting a blocking GC Explicit
08-03 23:37:33.323  1752  1765 I art     : Explicit concurrent mark sweep GC freed 3(96B) AllocSpace objects, 0(0B) LOS objects, 23% free, 53MB/69MB, paused 234us total 14.829ms
08-03 23:37:33.638  1752  1763 I art     : Starting a blocking GC Explicit
08-03 23:37:33.665  1752  1763 I art     : Explicit concurrent mark sweep GC freed 1340(78KB) AllocSpace objects, 1(20KB) LOS objects, 23% free, 53MB/69MB, paused 259us total 25.917ms
08-03 23:37:33.676  1752  1763 I art     : Starting a blocking GC Explicit
08-03 23:37:33.695  1752  1763 I art     : Explicit concurrent mark sweep GC freed 20(704B) AllocSpace objects, 0(0B) LOS objects, 23% free, 53MB/69MB, paused 241us total 18.641ms
08-03 23:37:33.704  1752  1763 I art     : Starting a blocking GC Explicit
08-03 23:37:33.719  1752  1763 I art     : Explicit concurrent mark sweep GC freed 3(96B) AllocSpace objects, 0(0B) LOS objects, 23% free, 53MB/69MB, paused 226us total 15.147ms
08-03 23:37:33.726  1752  1763 I art     : Starting a blocking GC Explicit
08-03 23:37:33.742  1752  1763 I art     : Explicit concurrent mark sweep GC freed 3(96B) AllocSpace objects, 0(0B) LOS objects, 23% free, 53MB/69MB, paused 250us total 15.195ms
08-03 23:37:33.749  1752  1763 I art     : Starting a blocking GC Explicit
08-03 23:37:33.764  1752  1763 I art     : Explicit concurrent mark sweep GC freed 3(96B) AllocSpace objects, 0(0B) LOS objects, 23% free, 53MB/69MB, paused 220us total 14.459ms
08-03 23:37:34.053  1752  1845 I art     : Starting a blocking GC Explicit
08-03 23:37:34.075  1752  1845 I art     : Explicit concurrent mark sweep GC freed 1340(78KB) AllocSpace objects, 1(20KB) LOS objects, 23% free, 53MB/69MB, paused 417us total 21.314ms
08-03 23:37:34.088  1752  1845 I art     : Starting a blocking GC Explicit
08-03 23:37:34.107  1752  1845 I art     : Explicit concurrent mark sweep GC freed 20(704B) AllocSpace objects, 0(0B) LOS objects, 23% free, 53MB/69MB, paused 351us total 18.935ms
08-03 23:37:34.116  1752  1845 I art     : Starting a blocking GC Explicit
08-03 23:37:34.131  1752  1845 I art     : Explicit concurrent mark sweep GC freed 3(96B) AllocSpace objects, 0(0B) LOS objects, 23% free, 53MB/69MB, paused 232us total 15.151ms
08-03 23:37:34.138  1752  1845 I art     : Starting a blocking GC Explicit
08-03 23:37:34.153  1752  1845 I art     : Explicit concurrent mark sweep GC freed 3(96B) AllocSpace objects, 0(0B) LOS objects, 23% free, 53MB/69MB, paused 244us total 15.330ms
08-03 23:37:34.161  1752  1845 I art     : Starting a blocking GC Explicit
08-03 23:37:34.175  1752  1845 I art     : Explicit concurrent mark sweep GC freed 3(96B) AllocSpace objects, 0(0B) LOS objects, 23% free, 53MB/69MB, paused 215us total 14.188ms
08-03 23:37:34.502  1752  2234 I art     : Starting a blocking GC Explicit
08-03 23:37:34.525  1752  2234 I art     : Explicit concurrent mark sweep GC freed 1340(78KB) AllocSpace objects, 1(20KB) LOS objects, 23% free, 53MB/69MB, paused 269us total 21.888ms
08-03 23:37:34.535  1752  2234 I art     : Starting a blocking GC Explicit
08-03 23:37:34.554  1752  2234 I art     : Explicit concurrent mark sweep GC freed 20(704B) AllocSpace objects, 0(0B) LOS objects, 23% free, 53MB/69MB, paused 264us total 18.460ms
08-03 23:37:34.560  1752  2234 I art     : Starting a blocking GC Explicit
08-03 23:37:34.575  1752  2234 I art     : Explicit concurrent mark sweep GC freed 3(96B) AllocSpace objects, 0(0B) LOS objects, 23% free, 53MB/69MB, paused 229us total 14.833ms
08-03 23:37:34.582  1752  2234 I art     : Starting a blocking GC Explicit
08-03 23:37:34.598  1752  2234 I art     : Explicit concurrent mark sweep GC freed 3(96B) AllocSpace objects, 0(0B) LOS objects, 23% free, 53MB/69MB, paused 366us total 15.212ms
08-03 23:37:34.604  1752  2234 I art     : Starting a blocking GC Explicit
08-03 23:37:34.618  1752  2234 I art     : Explicit concurrent mark sweep GC freed 3(96B) AllocSpace objects, 0(0B) LOS objects, 23% free, 53MB/69MB, paused 219us total 14.283ms
08-03 23:37:34.935  1752  1765 I art     : Starting a blocking GC Explicit
08-03 23:37:34.958  1752  1765 I art     : Explicit concurrent mark sweep GC freed 1340(78KB) AllocSpace objects, 1(20KB) LOS objects, 23% free, 53MB/69MB, paused 307us total 22.592ms
08-03 23:37:34.969  1752  1765 I art     : Starting a blocking GC Explicit
08-03 23:37:34.986  1752  1765 I art     : Explicit concurrent mark sweep GC freed 20(704B) AllocSpace objects, 0(0B) LOS objects, 23% free, 53MB/69MB, paused 234us total 17.066ms
08-03 23:37:34.993  1752  1765 I art     : Starting a blocking GC Explicit
08-03 23:37:35.009  1752  1765 I art     : Explicit concurrent mark sweep GC freed 3(96B) AllocSpace objects, 0(0B) LOS objects, 23% free, 53MB/69MB, paused 252us total 15.312ms
08-03 23:37:35.015  1752  1765 I art     : Starting a blocking GC Explicit
08-03 23:37:35.031  1752  1765 I art     : Explicit concurrent mark sweep GC freed 3(96B) AllocSpace objects, 0(0B) LOS objects, 23% free, 53MB/69MB, paused 237us total 15.146ms
08-03 23:37:35.037  1752  1765 I art     : Starting a blocking GC Explicit
08-03 23:37:35.052  1752  1765 I art     : Explicit concurrent mark sweep GC freed 3(96B) AllocSpace objects, 0(0B) LOS objects, 23% free, 53MB/69MB, paused 247us total 14.397ms
08-03 23:37:35.373  1752  1763 I art     : Starting a blocking GC Explicit
08-03 23:37:35.395  1752  1763 I art     : Explicit concurrent mark sweep GC freed 1340(78KB) AllocSpace objects, 1(20KB) LOS objects, 23% free, 53MB/69MB, paused 272us total 21.474ms
08-03 23:37:35.405  1752  1763 I art     : Starting a blocking GC Explicit
08-03 23:37:35.425  1752  1763 I art     : Explicit concurrent mark sweep GC freed 20(704B) AllocSpace objects, 0(0B) LOS objects, 23% free, 53MB/69MB, paused 238us total 18.942ms
08-03 23:37:35.433  1752  1763 I art     : Starting a blocking GC Explicit
08-03 23:37:35.449  1752  1763 I art     : Explicit concurrent mark sweep GC freed 3(96B) AllocSpace objects, 0(0B) LOS objects, 23% free, 53MB/69MB, paused 239us total 15.169ms
08-03 23:37:35.456  1752  1763 I art     : Starting a blocking GC Explicit
08-03 23:37:35.470  1752  1763 I art     : Explicit concurrent mark sweep GC freed 3(96B) AllocSpace objects, 0(0B) LOS objects, 23% free, 53MB/69MB, paused 226us total 14.556ms
08-03 23:37:35.477  1752  1763 I art     : Starting a blocking GC Explicit
08-03 23:37:35.491  1752  1763 I art     : Explicit concurrent mark sweep GC freed 3(96B) AllocSpace objects, 0(0B) LOS objects, 23% free, 53MB/69MB, paused 217us total 14.066ms
08-03 23:37:35.797  1752  1845 I art     : Starting a blocking GC Explicit
08-03 23:37:35.819  1752  1845 I art     : Explicit concurrent mark sweep GC freed 1340(78KB) AllocSpace objects, 1(20KB) LOS objects, 23% free, 53MB/69MB, paused 281us total 21.943ms
08-03 23:37:35.827  1752  1845 I art     : Starting a blocking GC Explicit
08-03 23:37:35.842  1752  1845 I art     : Explicit concurrent mark sweep GC freed 20(704B) AllocSpace objects, 0(0B) LOS objects, 23% free, 53MB/69MB, paused 245us total 15.324ms
08-03 23:37:35.849  1752  1845 I art     : Starting a blocking GC Explicit
08-03 23:37:35.865  1752  1845 I art     : Explicit concurrent mark sweep GC freed 3(96B) AllocSpace objects, 0(0B) LOS objects, 23% free, 53MB/69MB, paused 230us total 15.122ms
08-03 23:37:35.871  1752  1845 I art     : Starting a blocking GC Explicit
08-03 23:37:35.886  1752  1845 I art     : Explicit concurrent mark sweep GC freed 3(96B) AllocSpace objects, 0(0B) LOS objects, 23% free, 53MB/69MB, paused 226us total 14.432ms
08-03 23:37:35.892  1752  1845 I art     : Starting a blocking GC Explicit
08-03 23:37:35.906  1752  1845 I art     : Explicit concurrent mark sweep GC freed 3(96B) AllocSpace objects, 0(0B) LOS objects, 23% free, 53MB/69MB, paused 238us total 14.257ms
08-03 23:37:36.235  1752  2234 I art     : Starting a blocking GC Explicit
08-03 23:37:36.259  1752  2234 I art     : Explicit concurrent mark sweep GC freed 1340(78KB) AllocSpace objects, 1(20KB) LOS objects, 23% free, 53MB/69MB, paused 341us total 24.226ms
08-03 23:37:36.270  1752  2234 I art     : Starting a blocking GC Explicit
08-03 23:37:36.285  1752  2234 I art     : Explicit concurrent mark sweep GC freed 20(704B) AllocSpace objects, 0(0B) LOS objects, 23% free, 53MB/69MB, paused 229us total 15.142ms
08-03 23:37:36.292  1752  2234 I art     : Starting a blocking GC Explicit
08-03 23:37:36.307  1752  2234 I art     : Explicit concurrent mark sweep GC freed 3(96B) AllocSpace objects, 0(0B) LOS objects, 23% free, 53MB/69MB, paused 273us total 14.837ms
08-03 23:37:36.314  1752  2234 I art     : Starting a blocking GC Explicit
08-03 23:37:36.329  1752  2234 I art     : Explicit concurrent mark sweep GC freed 3(96B) AllocSpace objects, 0(0B) LOS objects, 23% free, 53MB/69MB, paused 217us total 14.963ms
08-03 23:37:36.335  1752  2234 I art     : Starting a blocking GC Explicit
08-03 23:37:36.350  1752  2234 I art     : Explicit concurrent mark sweep GC freed 3(96B) AllocSpace objects, 0(0B) LOS objects, 23% free, 53MB/69MB, paused 233us total 14.759ms
08-03 23:37:36.661  1752  1765 I art     : Starting a blocking GC Explicit
08-03 23:37:36.683  1752  1765 I art     : Explicit concurrent mark sweep GC freed 1340(78KB) AllocSpace objects, 1(20KB) LOS objects, 23% free, 53MB/69MB, paused 286us total 21.197ms
08-03 23:37:36.693  1752  1765 I art     : Starting a blocking GC Explicit
08-03 23:37:36.712  1752  1765 I art     : Explicit concurrent mark sweep GC freed 20(704B) AllocSpace objects, 0(0B) LOS objects, 23% free, 53MB/69MB, paused 252us total 18.709ms
08-03 23:37:36.719  1752  1765 I art     : Starting a blocking GC Explicit
08-03 23:37:36.734  1752  1765 I art     : Explicit concurrent mark sweep GC freed 3(96B) AllocSpace objects, 0(0B) LOS objects, 23% free, 53MB/69MB, paused 235us total 14.885ms
08-03 23:37:36.741  1752  1765 I art     : Starting a blocking GC Explicit
08-03 23:37:36.756  1752  1765 I art     : Explicit concurrent mark sweep GC freed 3(96B) AllocSpace objects, 0(0B) LOS objects, 23% free, 53MB/69MB, paused 232us total 14.980ms
08-03 23:37:36.763  1752  1765 I art     : Starting a blocking GC Explicit
08-03 23:37:36.778  1752  1765 I art     : Explicit concurrent mark sweep GC freed 3(96B) AllocSpace objects, 0(0B) LOS objects, 23% free, 53MB/69MB, paused 230us total 15.135ms
08-03 23:37:37.098  1752  1763 I art     : Starting a blocking GC Explicit
08-03 23:37:37.122  1752  1763 I art     : Explicit concurrent mark sweep GC freed 1340(78KB) AllocSpace objects, 1(20KB) LOS objects, 23% free, 53MB/69MB, paused 305us total 23.390ms
08-03 23:37:37.133  1752  1763 I art     : Starting a blocking GC Explicit
08-03 23:37:37.149  1752  1763 I art     : Explicit concurrent mark sweep GC freed 20(704B) AllocSpace objects, 0(0B) LOS objects, 23% free, 53MB/69MB, paused 263us total 16.451ms
08-03 23:37:37.156  1752  1763 I art     : Starting a blocking GC Explicit
08-03 23:37:37.171  1752  1763 I art     : Explicit concurrent mark sweep GC freed 3(96B) AllocSpace objects, 0(0B) LOS objects, 23% free, 53MB/69MB, paused 227us total 14.968ms
08-03 23:37:37.178  1752  1763 I art     : Starting a blocking GC Explicit
08-03 23:37:37.193  1752  1763 I art     : Explicit concurrent mark sweep GC freed 3(96B) AllocSpace objects, 0(0B) LOS objects, 23% free, 53MB/69MB, paused 218us total 14.973ms
08-03 23:37:37.199  1752  1763 I art     : Starting a blocking GC Explicit
08-03 23:37:37.214  1752  1763 I art     : Explicit concurrent mark sweep GC freed 3(96B) AllocSpace objects, 0(0B) LOS objects, 23% free, 53MB/69MB, paused 211us total 14.431ms
08-03 23:37:37.536  1752  1845 I art     : Starting a blocking GC Explicit
08-03 23:37:37.562  1752  1845 I art     : Explicit concurrent mark sweep GC freed 1340(78KB) AllocSpace objects, 1(20KB) LOS objects, 23% free, 53MB/69MB, paused 303us total 26.054ms
08-03 23:37:37.576  1752  1845 I art     : Starting a blocking GC Explicit
08-03 23:37:37.596  1752  1845 I art     : Explicit concurrent mark sweep GC freed 20(704B) AllocSpace objects, 0(0B) LOS objects, 23% free, 53MB/69MB, paused 259us total 18.767ms
08-03 23:37:37.603  1752  1845 I art     : Starting a blocking GC Explicit
08-03 23:37:37.619  1752  1845 I art     : Explicit concurrent mark sweep GC freed 3(96B) AllocSpace objects, 0(0B) LOS objects, 23% free, 53MB/69MB, paused 237us total 15.298ms
08-03 23:37:37.626  1752  1845 I art     : Starting a blocking GC Explicit
08-03 23:37:37.641  1752  1845 I art     : Explicit concurrent mark sweep GC freed 3(96B) AllocSpace objects, 0(0B) LOS objects, 23% free, 53MB/69MB, paused 233us total 15.050ms
08-03 23:37:37.647  1752  1845 I art     : Starting a blocking GC Explicit
08-03 23:37:37.662  1752  1845 I art     : Explicit concurrent mark sweep GC freed 3(96B) AllocSpace objects, 0(0B) LOS objects, 23% free, 53MB/69MB, paused 232us total 14.671ms
08-03 23:37:37.964  1752  2234 I art     : Starting a blocking GC Explicit
08-03 23:37:37.986  1752  2234 I art     : Explicit concurrent mark sweep GC freed 1340(78KB) AllocSpace objects, 1(20KB) LOS objects, 23% free, 53MB/69MB, paused 262us total 20.761ms
08-03 23:37:37.994  1752  2234 I art     : Starting a blocking GC Explicit
08-03 23:37:38.010  1752  2234 I art     : Explicit concurrent mark sweep GC freed 20(704B) AllocSpace objects, 0(0B) LOS objects, 23% free, 53MB/69MB, paused 234us total 15.282ms
08-03 23:37:38.017  1752  2234 I art     : Starting a blocking GC Explicit
08-03 23:37:38.032  1752  2234 I art     : Explicit concurrent mark sweep GC freed 3(96B) AllocSpace objects, 0(0B) LOS objects, 23% free, 53MB/69MB, paused 232us total 15.022ms
08-03 23:37:38.039  1752  2234 I art     : Starting a blocking GC Explicit
08-03 23:37:38.054  1752  2234 I art     : Explicit concurrent mark sweep GC freed 3(96B) AllocSpace objects, 0(0B) LOS objects, 23% free, 53MB/69MB, paused 233us total 14.933ms
08-03 23:37:38.061  1752  2234 I art     : Starting a blocking GC Explicit
08-03 23:37:38.076  1752  2234 I art     : Explicit concurrent mark sweep GC freed 3(96B) AllocSpace objects, 0(0B) LOS objects, 23% free, 53MB/69MB, paused 231us total 14.778ms
08-03 23:37:38.375  1752  1765 I art     : Starting a blocking GC Explicit
08-03 23:37:38.394  1752  1765 I art     : Explicit concurrent mark sweep GC freed 1340(78KB) AllocSpace objects, 1(20KB) LOS objects, 23% free, 53MB/69MB, paused 286us total 18.441ms
08-03 23:37:38.407  1752  1765 I art     : Starting a blocking GC Explicit
08-03 23:37:38.421  1752  1765 I art     : Explicit concurrent mark sweep GC freed 20(704B) AllocSpace objects, 0(0B) LOS objects, 23% free, 53MB/69MB, paused 224us total 13.748ms
08-03 23:37:38.427  1752  1765 I art     : Starting a blocking GC Explicit
08-03 23:37:38.441  1752  1765 I art     : Explicit concurrent mark sweep GC freed 3(96B) AllocSpace objects, 0(0B) LOS objects, 23% free, 53MB/69MB, paused 227us total 13.545ms
08-03 23:37:38.447  1752  1765 I art     : Starting a blocking GC Explicit
08-03 23:37:38.461  1752  1765 I art     : Explicit concurrent mark sweep GC freed 3(96B) AllocSpace objects, 0(0B) LOS objects, 23% free, 53MB/69MB, paused 227us total 13.565ms
08-03 23:37:38.467  1752  1765 I art     : Starting a blocking GC Explicit
08-03 23:37:38.481  1752  1765 I art     : Explicit concurrent mark sweep GC freed 3(96B) AllocSpace objects, 0(0B) LOS objects, 23% free, 53MB/69MB, paused 271us total 13.649ms
08-03 23:37:38.750  2558  2558 D AndroidRuntime: >>>>>> START com.android.internal.os.RuntimeInit uid 2000 <<<<<<
08-03 23:37:38.754  2558  2558 D AndroidRuntime: CheckJNI is OFF
08-03 23:37:38.779  1752  1763 I art     : Starting a blocking GC Explicit
08-03 23:37:38.782  2558  2558 D ICU     : No timezone override file found: /data/misc/zoneinfo/current/icu/icu_tzdata.dat
08-03 23:37:38.795  1752  1763 I art     : Explicit concurrent mark sweep GC freed 1340(78KB) AllocSpace objects, 1(20KB) LOS objects, 23% free, 53MB/69MB, paused 268us total 15.732ms
08-03 23:37:38.801  1752  1763 I art     : Starting a blocking GC Explicit
08-03 23:37:38.809  2558  2558 I Radio-JNI: register_android_hardware_Radio DONE
08-03 23:37:38.817  1752  1763 I art     : Explicit concurrent mark sweep GC freed 20(704B) AllocSpace objects, 0(0B) LOS objects, 23% free, 53MB/69MB, paused 254us total 15.184ms
08-03 23:37:38.823  1752  1763 I art     : Starting a blocking GC Explicit
08-03 23:37:38.826  2558  2558 D AndroidRuntime: Calling main entry com.android.commands.input.Input
08-03 23:37:38.827  2558  2558 I Input   : injectKeyEvent: KeyEvent { action=ACTION_DOWN, keyCode=KEYCODE_BACK, scanCode=0, metaState=0, flags=0x0, repeatCount=0, eventTime=661075241, downTime=661075241, deviceId=-1, source=0x101 }
08-03 23:37:38.835  2558  2558 I Input   : injectKeyEvent: KeyEvent { action=ACTION_UP, keyCode=KEYCODE_BACK, scanCode=0, metaState=0, flags=0x0, repeatCount=0, eventTime=661075241, downTime=661075241, deviceId=-1, source=0x101 }
08-03 23:37:38.836  1752  1763 I art     : Explicit concurrent mark sweep GC freed 5(224B) AllocSpace objects, 0(0B) LOS objects, 23% free, 53MB/69MB, paused 327us total 13.258ms
08-03 23:37:38.840  2558  2558 D AndroidRuntime: Shutting down VM
08-03 23:37:38.842  1752  1763 I art     : Starting a blocking GC Explicit
08-03 23:37:38.856  1752  1763 I art     : Explicit concurrent mark sweep GC freed 146(6KB) AllocSpace objects, 0(0B) LOS objects, 23% free, 53MB/69MB, paused 256us total 14.031ms
08-03 23:37:38.862  1752  1763 I art     : Starting a blocking GC Explicit
08-03 23:37:38.874 13866 13866 I GoogleInputMethodServic: GoogleInputMethodService.onFinishInput():3138 
08-03 23:37:38.875  1752  1763 I art     : Explicit concurrent mark sweep GC freed 4(128B) AllocSpace objects, 0(0B) LOS objects, 23% free, 53MB/69MB, paused 232us total 12.517ms
08-03 23:37:38.875 13866 13866 I GoogleInputMethodServic: GoogleInputMethodService.onStartInput():1808 
08-03 23:37:39.130  1752  2234 I art     : Starting a blocking GC Explicit
08-03 23:37:39.150  1752  2234 I art     : Explicit concurrent mark sweep GC freed 1370(79KB) AllocSpace objects, 1(20KB) LOS objects, 23% free, 53MB/69MB, paused 239us total 19.453ms
08-03 23:37:39.157  1752  2234 I art     : Starting a blocking GC Explicit
08-03 23:37:39.169   380   380 W SurfaceFlinger: couldn't log to binary event log: overflow.
08-03 23:37:39.172  1752  2234 I art     : Explicit concurrent mark sweep GC freed 113(8KB) AllocSpace objects, 0(0B) LOS objects, 23% free, 53MB/69MB, paused 235us total 15.181ms
08-03 23:37:39.180  1752  2234 I art     : Starting a blocking GC Explicit
08-03 23:37:39.194  1752  2234 I art     : Explicit concurrent mark sweep GC freed 25(1200B) AllocSpace objects, 0(0B) LOS objects, 23% free, 53MB/69MB, paused 212us total 14.316ms
08-03 23:37:39.201  1752  2234 I art     : Starting a blocking GC Explicit
08-03 23:37:39.214  1752  2234 I art     : Explicit concurrent mark sweep GC freed 1655(107KB) AllocSpace objects, 3(400KB) LOS objects, 23% free, 52MB/68MB, paused 225us total 13.091ms
08-03 23:37:39.220  1752  2234 I art     : Starting a blocking GC Explicit
08-03 23:37:39.233  1752  2234 I art     : Explicit concurrent mark sweep GC freed 3(96B) AllocSpace objects, 0(0B) LOS objects, 23% free, 52MB/68MB, paused 236us total 13.431ms
08-03 23:37:39.519  1752  1765 I art     : Starting a blocking GC Explicit
08-03 23:37:39.544  1752  1765 I art     : Explicit concurrent mark sweep GC freed 1340(78KB) AllocSpace objects, 1(20KB) LOS objects, 23% free, 52MB/68MB, paused 276us total 24.228ms
08-03 23:37:39.554  1752  1765 I art     : Starting a blocking GC Explicit
08-03 23:37:39.572  1752  1765 I art     : Explicit concurrent mark sweep GC freed 20(704B) AllocSpace objects, 0(0B) LOS objects, 23% free, 52MB/68MB, paused 237us total 17.256ms
08-03 23:37:39.579  1752  1765 I art     : Starting a blocking GC Explicit
08-03 23:37:39.594  1752  1765 I art     : Explicit concurrent mark sweep GC freed 3(96B) AllocSpace objects, 0(0B) LOS objects, 23% free, 52MB/68MB, paused 240us total 14.955ms
08-03 23:37:39.601  1752  1765 I art     : Starting a blocking GC Explicit
08-03 23:37:39.616  1752  1765 I art     : Explicit concurrent mark sweep GC freed 3(96B) AllocSpace objects, 0(0B) LOS objects, 23% free, 52MB/68MB, paused 266us total 14.847ms
08-03 23:37:39.623  1752  1765 I art     : Starting a blocking GC Explicit
08-03 23:37:39.637  1752  1765 I art     : Explicit concurrent mark sweep GC freed 3(96B) AllocSpace objects, 0(0B) LOS objects, 23% free, 52MB/68MB, paused 335us total 13.958ms
08-03 23:37:39.929  1752  1845 I art     : Starting a blocking GC Explicit
08-03 23:37:39.948  1752  1845 I art     : Explicit concurrent mark sweep GC freed 1339(78KB) AllocSpace objects, 1(20KB) LOS objects, 23% free, 52MB/68MB, paused 313us total 18.012ms
08-03 23:37:39.961  1752  1845 I art     : Starting a blocking GC Explicit
08-03 23:37:39.975  1752  1845 I art     : Explicit concurrent mark sweep GC freed 20(704B) AllocSpace objects, 0(0B) LOS objects, 23% free, 52MB/68MB, paused 231us total 13.674ms
08-03 23:37:39.982  1752  1845 I art     : Starting a blocking GC Explicit
08-03 23:37:39.995  1752  1845 I art     : Explicit concurrent mark sweep GC freed 3(96B) AllocSpace objects, 0(0B) LOS objects, 23% free, 52MB/68MB, paused 223us total 13.650ms
08-03 23:37:40.002  1752  1845 I art     : Starting a blocking GC Explicit
08-03 23:37:40.016  1752  1845 I art     : Explicit concurrent mark sweep GC freed 3(96B) AllocSpace objects, 0(0B) LOS objects, 23% free, 52MB/68MB, paused 223us total 13.939ms
08-03 23:37:40.022  1752  1845 I art     : Starting a blocking GC Explicit
08-03 23:37:40.036  1752  1845 I art     : Explicit concurrent mark sweep GC freed 3(96B) AllocSpace objects, 0(0B) LOS objects, 23% free, 52MB/68MB, paused 225us total 14.016ms
08-03 23:37:40.284  1752  1763 I art     : Starting a blocking GC Explicit
08-03 23:37:40.300  1752  1763 I art     : Explicit concurrent mark sweep GC freed 1339(78KB) AllocSpace objects, 1(20KB) LOS objects, 23% free, 52MB/68MB, paused 234us total 15.258ms
08-03 23:37:40.307  1752  1763 I art     : Starting a blocking GC Explicit
08-03 23:37:40.320  1752  1763 I art     : Explicit concurrent mark sweep GC freed 20(704B) AllocSpace objects, 0(0B) LOS objects, 23% free, 52MB/68MB, paused 217us total 13.525ms
08-03 23:37:40.326  1752  1763 I art     : Starting a blocking GC Explicit
08-03 23:37:40.340  1752  1763 I art     : Explicit concurrent mark sweep GC freed 3(96B) AllocSpace objects, 0(0B) LOS objects, 23% free, 52MB/68MB, paused 223us total 13.129ms
08-03 23:37:40.346  1752  1763 I art     : Starting a blocking GC Explicit
08-03 23:37:40.359  1752  1763 I art     : Explicit concurrent mark sweep GC freed 3(96B) AllocSpace objects, 0(0B) LOS objects, 23% free, 52MB/68MB, paused 221us total 13.177ms
08-03 23:37:40.365  1752  1763 I art     : Starting a blocking GC Explicit
08-03 23:37:40.379  1752  1763 I art     : Explicit concurrent mark sweep GC freed 3(96B) AllocSpace objects, 0(0B) LOS objects, 23% free, 52MB/68MB, paused 223us total 13.289ms
08-03 23:37:40.404  2618  2618 D AndroidRuntime: >>>>>> START com.android.internal.os.RuntimeInit uid 2000 <<<<<<
08-03 23:37:40.408  2618  2618 D AndroidRuntime: CheckJNI is OFF
08-03 23:37:40.433  2618  2618 D ICU     : No timezone override file found: /data/misc/zoneinfo/current/icu/icu_tzdata.dat
08-03 23:37:40.459  2618  2618 I Radio-JNI: register_android_hardware_Radio DONE
08-03 23:37:40.475  2618  2618 D AndroidRuntime: Calling main entry com.android.commands.input.Input
08-03 23:37:40.477  2618  2618 I Input   : injectMotionEvent: MotionEvent { action=ACTION_DOWN, actionButton=0, id[0]=0, x[0]=733.0, y[0]=1370.0, toolType[0]=TOOL_TYPE_UNKNOWN, buttonState=0, metaState=0, flags=0x0, edgeFlags=0x0, pointerCount=1, historySize=0, eventTime=661076890, downTime=661076890, deviceId=0, source=0x1002 }
08-03 23:37:40.484  2618  2618 I Input   : injectMotionEvent: MotionEvent { action=ACTION_UP, actionButton=0, id[0]=0, x[0]=733.0, y[0]=1370.0, toolType[0]=TOOL_TYPE_UNKNOWN, buttonState=0, metaState=0, flags=0x0, edgeFlags=0x0, pointerCount=1, historySize=0, eventTime=661076890, downTime=661076890, deviceId=0, source=0x1002 }
08-03 23:37:40.485   918  3670 I ActivityManager: START u0 {cmp=baseline.appteam.nith.hillffair/.activities.ClubActivity (has extras)} from uid 10651 on display 0
08-03 23:37:40.491  2618  2618 D AndroidRuntime: Shutting down VM
08-03 23:37:40.584   918   936 I ActivityManager: Displayed baseline.appteam.nith.hillffair/.activities.ClubActivity: +92ms
08-03 23:37:40.585 13866 13866 I GoogleInputMethodServic: GoogleInputMethodService.onFinishInput():3138 
08-03 23:37:40.585 13866 13866 I GoogleInputMethodServic: GoogleInputMethodService.onStartInput():1808 
08-03 23:37:40.608  1752  1845 I art     : Starting a blocking GC Explicit
08-03 23:37:40.625  1752  1845 I art     : Explicit concurrent mark sweep GC freed 4972(290KB) AllocSpace objects, 1(20KB) LOS objects, 23% free, 52MB/68MB, paused 265us total 17.103ms
08-03 23:37:40.632  1752  1845 I art     : Starting a blocking GC Explicit
08-03 23:37:40.645  1752  1845 I art     : Explicit concurrent mark sweep GC freed 209(9KB) AllocSpace objects, 0(0B) LOS objects, 23% free, 52MB/68MB, paused 285us total 13.199ms
08-03 23:37:40.651  1752  1845 I art     : Starting a blocking GC Explicit
08-03 23:37:40.665  1752  1845 I art     : Explicit concurrent mark sweep GC freed 3(96B) AllocSpace objects, 0(0B) LOS objects, 23% free, 52MB/68MB, paused 263us total 13.640ms
08-03 23:37:40.672  1752  1845 I art     : Starting a blocking GC Explicit
08-03 23:37:40.686  1752  1845 I art     : Explicit concurrent mark sweep GC freed 3(96B) AllocSpace objects, 0(0B) LOS objects, 23% free, 52MB/68MB, paused 267us total 13.765ms
08-03 23:37:40.693  1752  1845 I art     : Starting a blocking GC Explicit
08-03 23:37:40.709  1752  1845 I art     : Explicit concurrent mark sweep GC freed 3(96B) AllocSpace objects, 0(0B) LOS objects, 23% free, 52MB/68MB, paused 272us total 15.710ms
08-03 23:37:40.969  1752  1763 I art     : Starting a blocking GC Explicit
08-03 23:37:40.985  1752  1763 I art     : Explicit concurrent mark sweep GC freed 1442(84KB) AllocSpace objects, 1(20KB) LOS objects, 23% free, 52MB/68MB, paused 300us total 15.889ms
08-03 23:37:40.991  1752  1763 I art     : Starting a blocking GC Explicit
08-03 23:37:41.004  1752  1763 I art     : Explicit concurrent mark sweep GC freed 569(51KB) AllocSpace objects, 0(0B) LOS objects, 23% free, 52MB/68MB, paused 301us total 13.459ms
08-03 23:37:41.011  1752  1763 I art     : Starting a blocking GC Explicit
08-03 23:37:41.027  1752  1763 I art     : Explicit concurrent mark sweep GC freed 1010(41KB) AllocSpace objects, 2(120KB) LOS objects, 23% free, 53MB/69MB, paused 375us total 16.036ms
08-03 23:37:41.033  1752  1763 I art     : Starting a blocking GC Explicit
08-03 23:37:41.038  1752  2644 D OkHttp  : --> GET https://api-hillfair-2k16.herokuapp.com/api/app/events/special/event?id=580655cddcba0f490c70fdd0 http/1.1
08-03 23:37:41.047  1752  1763 I art     : Explicit concurrent mark sweep GC freed 1972(157KB) AllocSpace objects, 1(80KB) LOS objects, 23% free, 53MB/69MB, paused 280us total 13.769ms
08-03 23:37:41.053  1752  1763 I art     : Starting a blocking GC Explicit
08-03 23:37:41.066  1752  1763 I art     : Explicit concurrent mark sweep GC freed 37(1392B) AllocSpace objects, 0(0B) LOS objects, 23% free, 53MB/69MB, paused 270us total 13.267ms
08-03 23:37:41.067  1752  2644 D OkHttp  : <-- 200 OK https://api-hillfair-2k16.herokuapp.com/api/app/events/special/event?id=580655cddcba0f490c70fdd0 (29ms, 721-byte body)
08-03 23:37:41.124  1752  1752 I NAPPA_EXPERIMENTATION: MetricNetworkRequestExecutionTime: REQUEST_DURATION_SYSTEM='608',REQUEST_DURATION_OKHTTP='29',REQUEST_SYNCHRONOUS='FALSE',RESPONSE_CODE='200',RESPONSE_METHOD='GET',RESPONSE_LENGTH_OKHTTP='721',RESPONSE_LENGTH_HEADER='721',REQUEST_PROTOCOL='http/1.1',REQUEST_URL='https://api-hillfair-2k16.herokuapp.com/api/app/events/special/event?id=580655cddcba0f490c70fdd0',
08-03 23:37:41.350  1752  2234 I art     : Starting a blocking GC Explicit
08-03 23:37:41.369  1752  2234 I art     : Explicit concurrent mark sweep GC freed 2166(203KB) AllocSpace objects, 1(20KB) LOS objects, 23% free, 53MB/69MB, paused 268us total 18.313ms
08-03 23:37:41.376  1752  2234 I art     : Starting a blocking GC Explicit
08-03 23:37:41.391  1752  2234 I art     : Explicit concurrent mark sweep GC freed 94(3KB) AllocSpace objects, 0(0B) LOS objects, 23% free, 53MB/69MB, paused 213us total 14.699ms
08-03 23:37:41.397  1752  2234 I art     : Starting a blocking GC Explicit
08-03 23:37:41.410  1752  2234 I art     : Explicit concurrent mark sweep GC freed 3(96B) AllocSpace objects, 0(0B) LOS objects, 23% free, 53MB/69MB, paused 214us total 13.120ms
08-03 23:37:41.416  1752  2234 I art     : Starting a blocking GC Explicit
08-03 23:37:41.430  1752  2234 I art     : Explicit concurrent mark sweep GC freed 3(96B) AllocSpace objects, 0(0B) LOS objects, 23% free, 53MB/69MB, paused 243us total 13.708ms
08-03 23:37:41.437  1752  2234 I art     : Starting a blocking GC Explicit
08-03 23:37:41.451  1752  2234 I art     : Explicit concurrent mark sweep GC freed 3(96B) AllocSpace objects, 0(0B) LOS objects, 23% free, 53MB/69MB, paused 242us total 14.354ms
08-03 23:37:41.729  1752  1765 I art     : Starting a blocking GC Explicit
08-03 23:37:41.748  1752  1765 I art     : Explicit concurrent mark sweep GC freed 1340(78KB) AllocSpace objects, 1(20KB) LOS objects, 23% free, 53MB/69MB, paused 311us total 18.160ms
08-03 23:37:41.758  1752  1765 I art     : Starting a blocking GC Explicit
08-03 23:37:41.775  1752  1765 I art     : Explicit concurrent mark sweep GC freed 36(1264B) AllocSpace objects, 0(0B) LOS objects, 23% free, 53MB/69MB, paused 253us total 16.476ms
08-03 23:37:41.782  1752  1765 I art     : Starting a blocking GC Explicit
08-03 23:37:41.798  1752  1765 I art     : Explicit concurrent mark sweep GC freed 3(96B) AllocSpace objects, 0(0B) LOS objects, 23% free, 53MB/69MB, paused 251us total 15.429ms
08-03 23:37:41.804  1752  1765 I art     : Starting a blocking GC Explicit
08-03 23:37:41.820  1752  1765 I art     : Explicit concurrent mark sweep GC freed 3(96B) AllocSpace objects, 0(0B) LOS objects, 23% free, 53MB/69MB, paused 326us total 15.358ms
08-03 23:37:41.827  1752  1765 I art     : Starting a blocking GC Explicit
08-03 23:37:41.842  1752  1765 I art     : Explicit concurrent mark sweep GC freed 3(96B) AllocSpace objects, 0(0B) LOS objects, 23% free, 53MB/69MB, paused 247us total 15.162ms
08-03 23:37:42.125  1752  2234 I art     : Starting a blocking GC Explicit
08-03 23:37:42.153  1752  2234 I art     : Explicit concurrent mark sweep GC freed 1340(78KB) AllocSpace objects, 1(20KB) LOS objects, 23% free, 53MB/69MB, paused 462us total 27.393ms
08-03 23:37:42.166  1752  2234 I art     : Starting a blocking GC Explicit
08-03 23:37:42.184  1752  2234 I art     : Explicit concurrent mark sweep GC freed 20(704B) AllocSpace objects, 0(0B) LOS objects, 23% free, 53MB/69MB, paused 249us total 18.089ms
08-03 23:37:42.191  1752  2234 I art     : Starting a blocking GC Explicit
08-03 23:37:42.206  1752  2234 I art     : Explicit concurrent mark sweep GC freed 3(96B) AllocSpace objects, 0(0B) LOS objects, 23% free, 53MB/69MB, paused 241us total 15.436ms
08-03 23:37:42.213  1752  2234 I art     : Starting a blocking GC Explicit
08-03 23:37:42.228  1752  2234 I art     : Explicit concurrent mark sweep GC freed 3(96B) AllocSpace objects, 0(0B) LOS objects, 23% free, 53MB/69MB, paused 240us total 15.243ms
08-03 23:37:42.235  1752  2234 I art     : Starting a blocking GC Explicit
08-03 23:37:42.251  1752  2234 I art     : Explicit concurrent mark sweep GC freed 3(96B) AllocSpace objects, 0(0B) LOS objects, 23% free, 53MB/69MB, paused 247us total 15.317ms
08-03 23:37:42.563  1752  1763 I art     : Starting a blocking GC Explicit
08-03 23:37:42.581  1752  1763 I art     : Explicit concurrent mark sweep GC freed 1340(78KB) AllocSpace objects, 1(20KB) LOS objects, 23% free, 53MB/69MB, paused 274us total 18.068ms
08-03 23:37:42.588  1752  1763 I art     : Starting a blocking GC Explicit
08-03 23:37:42.605  1752  1763 I art     : Explicit concurrent mark sweep GC freed 20(704B) AllocSpace objects, 0(0B) LOS objects, 23% free, 53MB/69MB, paused 256us total 16.375ms
08-03 23:37:42.612  1752  1763 I art     : Starting a blocking GC Explicit
08-03 23:37:42.628  1752  1763 I art     : Explicit concurrent mark sweep GC freed 3(96B) AllocSpace objects, 0(0B) LOS objects, 23% free, 53MB/69MB, paused 253us total 15.869ms
08-03 23:37:42.635  1752  1763 I art     : Starting a blocking GC Explicit
08-03 23:37:42.650  1752  1763 I art     : Explicit concurrent mark sweep GC freed 3(96B) AllocSpace objects, 0(0B) LOS objects, 23% free, 53MB/69MB, paused 242us total 14.885ms
08-03 23:37:42.656  1752  1763 I art     : Starting a blocking GC Explicit
08-03 23:37:42.671  1752  1763 I art     : Explicit concurrent mark sweep GC freed 3(96B) AllocSpace objects, 0(0B) LOS objects, 23% free, 53MB/69MB, paused 237us total 14.900ms
08-03 23:37:42.746 29081 29081 I ServiceManager: Waiting for service AtCmdFwd...
08-03 23:37:42.984  1752  1845 I art     : Starting a blocking GC Explicit
08-03 23:37:43.005  1752  1845 I art     : Explicit concurrent mark sweep GC freed 1340(78KB) AllocSpace objects, 1(20KB) LOS objects, 23% free, 53MB/69MB, paused 268us total 21.357ms
08-03 23:37:43.006  1752  1762 I art     : WaitForGcToComplete blocked for 19.869ms for cause HeapTrim
08-03 23:37:43.012  1752  1845 I art     : Starting a blocking GC Explicit
08-03 23:37:43.028  1752  1845 I art     : Explicit concurrent mark sweep GC freed 20(704B) AllocSpace objects, 0(0B) LOS objects, 23% free, 53MB/69MB, paused 247us total 15.564ms
08-03 23:37:43.035  1752  1845 I art     : Starting a blocking GC Explicit
08-03 23:37:43.051  1752  1845 I art     : Explicit concurrent mark sweep GC freed 3(96B) AllocSpace objects, 0(0B) LOS objects, 23% free, 53MB/69MB, paused 325us total 15.093ms
08-03 23:37:43.058  1752  1845 I art     : Starting a blocking GC Explicit
08-03 23:37:43.073  1752  1845 I art     : Explicit concurrent mark sweep GC freed 3(96B) AllocSpace objects, 0(0B) LOS objects, 23% free, 53MB/69MB, paused 241us total 14.880ms
08-03 23:37:43.079  1752  1845 I art     : Starting a blocking GC Explicit
08-03 23:37:43.094  1752  1845 I art     : Explicit concurrent mark sweep GC freed 3(96B) AllocSpace objects, 0(0B) LOS objects, 23% free, 53MB/69MB, paused 286us total 14.730ms
08-03 23:37:43.405  1752  1765 I art     : Starting a blocking GC Explicit
08-03 23:37:43.431  1752  1765 I art     : Explicit concurrent mark sweep GC freed 1340(78KB) AllocSpace objects, 1(20KB) LOS objects, 23% free, 53MB/69MB, paused 298us total 25.763ms
08-03 23:37:43.442  1752  1765 I art     : Starting a blocking GC Explicit
08-03 23:37:43.461  1752  1765 I art     : Explicit concurrent mark sweep GC freed 20(704B) AllocSpace objects, 0(0B) LOS objects, 23% free, 53MB/69MB, paused 280us total 19.240ms
08-03 23:37:43.469  1752  1765 I art     : Starting a blocking GC Explicit
08-03 23:37:43.485  1752  1765 I art     : Explicit concurrent mark sweep GC freed 3(96B) AllocSpace objects, 0(0B) LOS objects, 23% free, 53MB/69MB, paused 231us total 15.547ms
08-03 23:37:43.492  1752  1765 I art     : Starting a blocking GC Explicit
08-03 23:37:43.509  1752  1765 I art     : Explicit concurrent mark sweep GC freed 3(96B) AllocSpace objects, 0(0B) LOS objects, 23% free, 53MB/69MB, paused 313us total 16.590ms
08-03 23:37:43.515  1752  1765 I art     : Starting a blocking GC Explicit
08-03 23:37:43.530  1752  1765 I art     : Explicit concurrent mark sweep GC freed 3(96B) AllocSpace objects, 0(0B) LOS objects, 23% free, 53MB/69MB, paused 244us total 14.863ms
08-03 23:37:43.747 29081 29081 I ServiceManager: Waiting for service AtCmdFwd...
08-03 23:37:43.844  1752  2234 I art     : Starting a blocking GC Explicit
08-03 23:37:43.866  1752  2234 I art     : Explicit concurrent mark sweep GC freed 1340(78KB) AllocSpace objects, 1(20KB) LOS objects, 23% free, 53MB/69MB, paused 275us total 21.977ms
08-03 23:37:43.877  1752  2234 I art     : Starting a blocking GC Explicit
08-03 23:37:43.896  1752  2234 I art     : Explicit concurrent mark sweep GC freed 20(704B) AllocSpace objects, 0(0B) LOS objects, 23% free, 53MB/69MB, paused 274us total 19.289ms
08-03 23:37:43.905  1752  2234 I art     : Starting a blocking GC Explicit
08-03 23:37:43.921  1752  2234 I art     : Explicit concurrent mark sweep GC freed 3(96B) AllocSpace objects, 0(0B) LOS objects, 23% free, 53MB/69MB, paused 248us total 15.675ms
08-03 23:37:43.928  1752  2234 I art     : Starting a blocking GC Explicit
08-03 23:37:43.943  1752  2234 I art     : Explicit concurrent mark sweep GC freed 3(96B) AllocSpace objects, 0(0B) LOS objects, 23% free, 53MB/69MB, paused 315us total 15.597ms
08-03 23:37:43.950  1752  2234 I art     : Starting a blocking GC Explicit
08-03 23:37:43.965  1752  2234 I art     : Explicit concurrent mark sweep GC freed 3(96B) AllocSpace objects, 0(0B) LOS objects, 23% free, 53MB/69MB, paused 245us total 14.901ms
08-03 23:37:44.285  1752  1763 I art     : Starting a blocking GC Explicit
08-03 23:37:44.308  1752  1763 I art     : Explicit concurrent mark sweep GC freed 1340(78KB) AllocSpace objects, 1(20KB) LOS objects, 23% free, 53MB/69MB, paused 282us total 22.384ms
08-03 23:37:44.318  1752  1763 I art     : Starting a blocking GC Explicit
08-03 23:37:44.334  1752  1763 I art     : Explicit concurrent mark sweep GC freed 20(704B) AllocSpace objects, 0(0B) LOS objects, 23% free, 53MB/69MB, paused 244us total 15.431ms
08-03 23:37:44.341  1752  1763 I art     : Starting a blocking GC Explicit
08-03 23:37:44.356  1752  1763 I art     : Explicit concurrent mark sweep GC freed 3(96B) AllocSpace objects, 0(0B) LOS objects, 23% free, 53MB/69MB, paused 234us total 15.224ms
08-03 23:37:44.363  1752  1763 I art     : Starting a blocking GC Explicit
08-03 23:37:44.378  1752  1763 I art     : Explicit concurrent mark sweep GC freed 3(96B) AllocSpace objects, 0(0B) LOS objects, 23% free, 53MB/69MB, paused 239us total 15.236ms
08-03 23:37:44.385  1752  1763 I art     : Starting a blocking GC Explicit
08-03 23:37:44.401  1752  1763 I art     : Explicit concurrent mark sweep GC freed 3(96B) AllocSpace objects, 0(0B) LOS objects, 23% free, 53MB/69MB, paused 236us total 15.779ms
08-03 23:37:44.718  1752  1845 I art     : Starting a blocking GC Explicit
08-03 23:37:44.742  1752  1845 I art     : Explicit concurrent mark sweep GC freed 1340(78KB) AllocSpace objects, 1(20KB) LOS objects, 23% free, 53MB/69MB, paused 319us total 24.182ms
08-03 23:37:44.747 29081 29081 I ServiceManager: Waiting for service AtCmdFwd...
08-03 23:37:44.750  1752  1845 I art     : Starting a blocking GC Explicit
08-03 23:37:44.764  1752  1845 I art     : Explicit concurrent mark sweep GC freed 20(704B) AllocSpace objects, 0(0B) LOS objects, 23% free, 53MB/69MB, paused 239us total 14.424ms
08-03 23:37:44.770  1752  1845 I art     : Starting a blocking GC Explicit
08-03 23:37:44.784  1752  1845 I art     : Explicit concurrent mark sweep GC freed 3(96B) AllocSpace objects, 0(0B) LOS objects, 23% free, 53MB/69MB, paused 233us total 13.407ms
08-03 23:37:44.790  1752  1845 I art     : Starting a blocking GC Explicit
08-03 23:37:44.803  1752  1845 I art     : Explicit concurrent mark sweep GC freed 3(96B) AllocSpace objects, 0(0B) LOS objects, 23% free, 53MB/69MB, paused 277us total 13.160ms
08-03 23:37:44.809  1752  1845 I art     : Starting a blocking GC Explicit
08-03 23:37:44.823  1752  1845 I art     : Explicit concurrent mark sweep GC freed 3(96B) AllocSpace objects, 0(0B) LOS objects, 23% free, 53MB/69MB, paused 240us total 13.371ms
08-03 23:37:44.893 18789 18839 I Finsky  : [5531] ktr.run(-1): Stats for Executor: BlockingExecutor kvs@4c6bd6a[Running, pool size = 0, active threads = 0, queued tasks = 0, completed tasks = 326]
08-03 23:37:44.922 18789 18839 I Finsky  : [5531] ktr.run(-1): Stats for Executor: LightweightExecutor kvs@51225b[Running, pool size = 4, active threads = 0, queued tasks = 0, completed tasks = 325]
08-03 23:37:45.040  2755  2755 D AndroidRuntime: >>>>>> START com.android.internal.os.RuntimeInit uid 2000 <<<<<<
08-03 23:37:45.044  2755  2755 D AndroidRuntime: CheckJNI is OFF
08-03 23:37:45.069  2755  2755 D ICU     : No timezone override file found: /data/misc/zoneinfo/current/icu/icu_tzdata.dat
08-03 23:37:45.095  2755  2755 I Radio-JNI: register_android_hardware_Radio DONE
08-03 23:37:45.104  1752  1765 I art     : Starting a blocking GC Explicit
08-03 23:37:45.111  2755  2755 D AndroidRuntime: Calling main entry com.android.commands.input.Input
08-03 23:37:45.113  2755  2755 I Input   : injectKeyEvent: KeyEvent { action=ACTION_DOWN, keyCode=KEYCODE_BACK, scanCode=0, metaState=0, flags=0x0, repeatCount=0, eventTime=661081526, downTime=661081526, deviceId=-1, source=0x101 }
08-03 23:37:45.118  2755  2755 I Input   : injectKeyEvent: KeyEvent { action=ACTION_UP, keyCode=KEYCODE_BACK, scanCode=0, metaState=0, flags=0x0, repeatCount=0, eventTime=661081526, downTime=661081526, deviceId=-1, source=0x101 }
08-03 23:37:45.120  1752  1765 I art     : Explicit concurrent mark sweep GC freed 1342(78KB) AllocSpace objects, 1(20KB) LOS objects, 23% free, 53MB/69MB, paused 376us total 15.214ms
08-03 23:37:45.124  2755  2755 D AndroidRuntime: Shutting down VM
08-03 23:37:45.126  1752  1765 I art     : Starting a blocking GC Explicit
08-03 23:37:45.145  1752  1765 I art     : Explicit concurrent mark sweep GC freed 159(6KB) AllocSpace objects, 0(0B) LOS objects, 23% free, 53MB/69MB, paused 249us total 17.879ms
08-03 23:37:45.151  1752  1765 I art     : Starting a blocking GC Explicit
08-03 23:37:45.162 13866 13866 I GoogleInputMethodServic: GoogleInputMethodService.onFinishInput():3138 
08-03 23:37:45.163 13866 13866 I GoogleInputMethodServic: GoogleInputMethodService.onStartInput():1808 
08-03 23:37:45.164  1752  1765 I art     : Explicit concurrent mark sweep GC freed 4(128B) AllocSpace objects, 0(0B) LOS objects, 23% free, 53MB/69MB, paused 226us total 12.717ms
08-03 23:37:45.170  1752  1765 I art     : Starting a blocking GC Explicit
08-03 23:37:45.183  1752  1765 I art     : Explicit concurrent mark sweep GC freed 25(976B) AllocSpace objects, 0(0B) LOS objects, 23% free, 53MB/69MB, paused 242us total 13.258ms
08-03 23:37:45.189  1752  1765 I art     : Starting a blocking GC Explicit
08-03 23:37:45.205  1752  1765 I art     : Explicit concurrent mark sweep GC freed 12(400B) AllocSpace objects, 0(0B) LOS objects, 23% free, 53MB/69MB, paused 319us total 15.388ms
08-03 23:37:45.461  1752  1765 I art     : Starting a blocking GC Explicit
08-03 23:37:45.476   380   380 W SurfaceFlinger: couldn't log to binary event log: overflow.
08-03 23:37:45.480  1752  1765 I art     : Explicit concurrent mark sweep GC freed 1429(86KB) AllocSpace objects, 1(20KB) LOS objects, 23% free, 53MB/69MB, paused 511us total 18.568ms
08-03 23:37:45.492  1752  1765 I art     : Starting a blocking GC Explicit
08-03 23:37:45.507  1752  1765 I art     : Explicit concurrent mark sweep GC freed 43(1840B) AllocSpace objects, 0(0B) LOS objects, 23% free, 53MB/69MB, paused 327us total 14.754ms
08-03 23:37:45.514  1752  1765 I art     : Starting a blocking GC Explicit
08-03 23:37:45.528  1752  1765 I art     : Explicit concurrent mark sweep GC freed 1655(106KB) AllocSpace objects, 3(400KB) LOS objects, 23% free, 52MB/68MB, paused 243us total 13.707ms
08-03 23:37:45.534  1752  1765 I art     : Starting a blocking GC Explicit
08-03 23:37:45.547  1752  1765 I art     : Explicit concurrent mark sweep GC freed 3(96B) AllocSpace objects, 0(0B) LOS objects, 23% free, 52MB/68MB, paused 247us total 13.106ms
08-03 23:37:45.553  1752  1765 I art     : Starting a blocking GC Explicit
08-03 23:37:45.566  1752  1765 I art     : Explicit concurrent mark sweep GC freed 3(96B) AllocSpace objects, 0(0B) LOS objects, 23% free, 52MB/68MB, paused 281us total 13.054ms
08-03 23:37:45.636 18789 18839 I Finsky  : [5531] ktr.run(-1): Stats for Executor: bgExecutor kvs@8658af8[Running, pool size = 4, active threads = 0, queued tasks = 0, completed tasks = 985]
08-03 23:37:45.748 29081 29081 I ServiceManager: Waiting for service AtCmdFwd...
08-03 23:37:45.829  1752  1763 I art     : Starting a blocking GC Explicit
08-03 23:37:45.845  1752  1763 I art     : Explicit concurrent mark sweep GC freed 1340(78KB) AllocSpace objects, 1(20KB) LOS objects, 23% free, 52MB/68MB, paused 307us total 16.048ms
08-03 23:37:45.852  1752  1763 I art     : Starting a blocking GC Explicit
08-03 23:37:45.866  1752  1763 I art     : Explicit concurrent mark sweep GC freed 20(704B) AllocSpace objects, 0(0B) LOS objects, 23% free, 52MB/68MB, paused 243us total 13.636ms
08-03 23:37:45.872  1752  1763 I art     : Starting a blocking GC Explicit
08-03 23:37:45.885  1752  1763 I art     : Explicit concurrent mark sweep GC freed 3(96B) AllocSpace objects, 0(0B) LOS objects, 23% free, 52MB/68MB, paused 227us total 13.083ms
08-03 23:37:45.891  1752  1763 I art     : Starting a blocking GC Explicit
08-03 23:37:45.904  1752  1763 I art     : Explicit concurrent mark sweep GC freed 3(96B) AllocSpace objects, 0(0B) LOS objects, 23% free, 52MB/68MB, paused 227us total 12.959ms
08-03 23:37:45.910  1752  1763 I art     : Starting a blocking GC Explicit
08-03 23:37:45.924  1752  1763 I art     : Explicit concurrent mark sweep GC freed 3(96B) AllocSpace objects, 0(0B) LOS objects, 23% free, 52MB/68MB, paused 240us total 13.841ms
08-03 23:37:46.196  1752  1845 I art     : Starting a blocking GC Explicit
08-03 23:37:46.217  1752  1845 I art     : Explicit concurrent mark sweep GC freed 1339(78KB) AllocSpace objects, 1(20KB) LOS objects, 23% free, 52MB/68MB, paused 285us total 21.124ms
08-03 23:37:46.226  1752  1845 I art     : Starting a blocking GC Explicit
08-03 23:37:46.241  1752  1845 I art     : Explicit concurrent mark sweep GC freed 20(704B) AllocSpace objects, 0(0B) LOS objects, 23% free, 52MB/68MB, paused 252us total 14.955ms
08-03 23:37:46.248  1752  1845 I art     : Starting a blocking GC Explicit
08-03 23:37:46.262  1752  1845 I art     : Explicit concurrent mark sweep GC freed 3(96B) AllocSpace objects, 0(0B) LOS objects, 23% free, 52MB/68MB, paused 245us total 14.248ms
08-03 23:37:46.269  1752  1845 I art     : Starting a blocking GC Explicit
08-03 23:37:46.284  1752  1845 I art     : Explicit concurrent mark sweep GC freed 3(96B) AllocSpace objects, 0(0B) LOS objects, 23% free, 52MB/68MB, paused 258us total 14.772ms
08-03 23:37:46.290  1752  1845 I art     : Starting a blocking GC Explicit
08-03 23:37:46.305  1752  1845 I art     : Explicit concurrent mark sweep GC freed 3(96B) AllocSpace objects, 0(0B) LOS objects, 23% free, 52MB/68MB, paused 245us total 14.255ms
08-03 23:37:46.560  1752  2234 I art     : Starting a blocking GC Explicit
08-03 23:37:46.575  1752  2234 I art     : Explicit concurrent mark sweep GC freed 1339(78KB) AllocSpace objects, 1(20KB) LOS objects, 23% free, 52MB/68MB, paused 241us total 15.269ms
08-03 23:37:46.582  1752  2234 I art     : Starting a blocking GC Explicit
08-03 23:37:46.597  1752  2234 I art     : Explicit concurrent mark sweep GC freed 20(704B) AllocSpace objects, 0(0B) LOS objects, 23% free, 52MB/68MB, paused 258us total 14.953ms
08-03 23:37:46.604  1752  2234 I art     : Starting a blocking GC Explicit
08-03 23:37:46.620  1752  2234 I art     : Explicit concurrent mark sweep GC freed 3(96B) AllocSpace objects, 0(0B) LOS objects, 23% free, 52MB/68MB, paused 251us total 15.148ms
08-03 23:37:46.626  1752  2234 I art     : Starting a blocking GC Explicit
08-03 23:37:46.640  1752  2234 I art     : Explicit concurrent mark sweep GC freed 3(96B) AllocSpace objects, 0(0B) LOS objects, 23% free, 52MB/68MB, paused 234us total 13.591ms
08-03 23:37:46.646  1752  2234 I art     : Starting a blocking GC Explicit
08-03 23:37:46.660  1752  2234 I art     : Explicit concurrent mark sweep GC freed 3(96B) AllocSpace objects, 0(0B) LOS objects, 23% free, 52MB/68MB, paused 238us total 13.533ms
08-03 23:37:46.703  2809  2809 D AndroidRuntime: >>>>>> START com.android.internal.os.RuntimeInit uid 2000 <<<<<<
08-03 23:37:46.707  2809  2809 D AndroidRuntime: CheckJNI is OFF
08-03 23:37:46.735  2809  2809 D ICU     : No timezone override file found: /data/misc/zoneinfo/current/icu/icu_tzdata.dat
08-03 23:37:46.748 29081 29081 I ServiceManager: Waiting for service AtCmdFwd...
08-03 23:37:46.761  2809  2809 I Radio-JNI: register_android_hardware_Radio DONE
08-03 23:37:46.777  2809  2809 D AndroidRuntime: Calling main entry com.android.commands.input.Input
08-03 23:37:46.779  2809  2809 I Input   : injectMotionEvent: MotionEvent { action=ACTION_DOWN, actionButton=0, id[0]=0, x[0]=733.0, y[0]=1957.0, toolType[0]=TOOL_TYPE_UNKNOWN, buttonState=0, metaState=0, flags=0x0, edgeFlags=0x0, pointerCount=1, historySize=0, eventTime=661083192, downTime=661083192, deviceId=0, source=0x1002 }
08-03 23:37:46.785  2809  2809 I Input   : injectMotionEvent: MotionEvent { action=ACTION_UP, actionButton=0, id[0]=0, x[0]=733.0, y[0]=1957.0, toolType[0]=TOOL_TYPE_UNKNOWN, buttonState=0, metaState=0, flags=0x0, edgeFlags=0x0, pointerCount=1, historySize=0, eventTime=661083192, downTime=661083192, deviceId=0, source=0x1002 }
08-03 23:37:46.787   918  6110 I ActivityManager: START u0 {cmp=baseline.appteam.nith.hillffair/.activities.ClubActivity (has extras)} from uid 10651 on display 0
08-03 23:37:46.798  2809  2809 D AndroidRuntime: Shutting down VM
08-03 23:37:46.880   918   936 I ActivityManager: Displayed baseline.appteam.nith.hillffair/.activities.ClubActivity: +81ms
08-03 23:37:46.882 13866 13866 I GoogleInputMethodServic: GoogleInputMethodService.onFinishInput():3138 
08-03 23:37:46.882 13866 13866 I GoogleInputMethodServic: GoogleInputMethodService.onStartInput():1808 
08-03 23:37:46.883  1752  1845 I art     : Starting a blocking GC Explicit
08-03 23:37:46.901  1752  1845 I art     : Explicit concurrent mark sweep GC freed 4961(290KB) AllocSpace objects, 1(20KB) LOS objects, 23% free, 52MB/68MB, paused 353us total 17.722ms
08-03 23:37:46.911  1752  1845 I art     : Starting a blocking GC Explicit
08-03 23:37:46.925  1752  1845 I art     : Explicit concurrent mark sweep GC freed 214(9KB) AllocSpace objects, 0(0B) LOS objects, 23% free, 52MB/68MB, paused 297us total 14.095ms
08-03 23:37:46.931  1752  1845 I art     : Starting a blocking GC Explicit
08-03 23:37:46.945  1752  1845 I art     : Explicit concurrent mark sweep GC freed 16(880B) AllocSpace objects, 0(0B) LOS objects, 23% free, 52MB/68MB, paused 304us total 14.396ms
08-03 23:37:46.952  1752  1845 I art     : Starting a blocking GC Explicit
08-03 23:37:46.967  1752  1845 I art     : Explicit concurrent mark sweep GC freed 59(4KB) AllocSpace objects, 0(0B) LOS objects, 23% free, 52MB/68MB, paused 290us total 15.440ms
08-03 23:37:46.974  1752  1845 I art     : Starting a blocking GC Explicit
08-03 23:37:46.988  1752  1845 I art     : Explicit concurrent mark sweep GC freed 9(464B) AllocSpace objects, 0(0B) LOS objects, 23% free, 52MB/68MB, paused 280us total 14.500ms
08-03 23:37:47.129   380   380 W SurfaceFlinger: couldn't log to binary event log: overflow.
08-03 23:37:47.237  1752  2234 I art     : Starting a blocking GC Explicit
08-03 23:37:47.254  1752  2234 I art     : Explicit concurrent mark sweep GC freed 1430(83KB) AllocSpace objects, 1(20KB) LOS objects, 23% free, 52MB/68MB, paused 277us total 16.588ms
08-03 23:37:47.262  1752  2234 I art     : Starting a blocking GC Explicit
08-03 23:37:47.279  1752  2234 I art     : Explicit concurrent mark sweep GC freed 33(1216B) AllocSpace objects, 0(0B) LOS objects, 23% free, 52MB/68MB, paused 405us total 16.858ms
08-03 23:37:47.285  1752  2234 I art     : Starting a blocking GC Explicit
08-03 23:37:47.299  1752  2234 I art     : Explicit concurrent mark sweep GC freed 10(400B) AllocSpace objects, 0(0B) LOS objects, 23% free, 52MB/68MB, paused 260us total 13.940ms
08-03 23:37:47.305  1752  2234 I art     : Starting a blocking GC Explicit
08-03 23:37:47.320  1752  2234 I art     : Explicit concurrent mark sweep GC freed 12(416B) AllocSpace objects, 0(0B) LOS objects, 23% free, 52MB/68MB, paused 277us total 14.131ms
08-03 23:37:47.326  1752  2234 I art     : Starting a blocking GC Explicit
08-03 23:37:47.340  1752  2234 I art     : Explicit concurrent mark sweep GC freed 8(288B) AllocSpace objects, 0(0B) LOS objects, 23% free, 52MB/68MB, paused 268us total 14.070ms
08-03 23:37:47.383  1752  2839 D OkHttp  : --> GET https://api-hillfair-2k16.herokuapp.com/api/app/events/special/event?id=58065620dcba0f490c70fe09 http/1.1
08-03 23:37:47.413  1752  2839 D OkHttp  : <-- 200 OK https://api-hillfair-2k16.herokuapp.com/api/app/events/special/event?id=58065620dcba0f490c70fe09 (30ms, 682-byte body)
08-03 23:37:47.462  1752  1752 I NAPPA_EXPERIMENTATION: MetricNetworkRequestExecutionTime: REQUEST_DURATION_SYSTEM='640',REQUEST_DURATION_OKHTTP='30',REQUEST_SYNCHRONOUS='FALSE',RESPONSE_CODE='200',RESPONSE_METHOD='GET',RESPONSE_LENGTH_OKHTTP='682',RESPONSE_LENGTH_HEADER='682',REQUEST_PROTOCOL='http/1.1',REQUEST_URL='https://api-hillfair-2k16.herokuapp.com/api/app/events/special/event?id=58065620dcba0f490c70fe09',
08-03 23:37:47.603  1752  1763 I art     : Starting a blocking GC Explicit
08-03 23:37:47.621  1752  1763 I art     : Explicit concurrent mark sweep GC freed 4797(338KB) AllocSpace objects, 4(220KB) LOS objects, 23% free, 53MB/69MB, paused 269us total 17.763ms
08-03 23:37:47.627  1752  1763 I art     : Starting a blocking GC Explicit
08-03 23:37:47.643  1752  1763 I art     : Explicit concurrent mark sweep GC freed 1029(119KB) AllocSpace objects, 0(0B) LOS objects, 23% free, 52MB/68MB, paused 260us total 15.480ms
08-03 23:37:47.650  1752  1763 I art     : Starting a blocking GC Explicit
08-03 23:37:47.665  1752  1763 I art     : Explicit concurrent mark sweep GC freed 3(96B) AllocSpace objects, 0(0B) LOS objects, 23% free, 52MB/68MB, paused 239us total 14.784ms
08-03 23:37:47.671  1752  1763 I art     : Starting a blocking GC Explicit
08-03 23:37:47.686  1752  1763 I art     : Explicit concurrent mark sweep GC freed 3(96B) AllocSpace objects, 0(0B) LOS objects, 23% free, 52MB/68MB, paused 253us total 14.743ms
08-03 23:37:47.692  1752  1763 I art     : Starting a blocking GC Explicit
08-03 23:37:47.708  1752  1763 I art     : Explicit concurrent mark sweep GC freed 3(96B) AllocSpace objects, 0(0B) LOS objects, 23% free, 52MB/68MB, paused 260us total 14.908ms
08-03 23:37:47.748 29081 29081 W Atfwd_Sendcmd: AtCmdFwd service not published, waiting... retryCnt : 5
08-03 23:37:47.982  1752  2234 I art     : Starting a blocking GC Explicit
08-03 23:37:48.001  1752  2234 I art     : Explicit concurrent mark sweep GC freed 1340(78KB) AllocSpace objects, 1(20KB) LOS objects, 23% free, 52MB/68MB, paused 288us total 19.203ms
08-03 23:37:48.011  1752  2234 I art     : Starting a blocking GC Explicit
08-03 23:37:48.027  1752  2234 I art     : Explicit concurrent mark sweep GC freed 36(1264B) AllocSpace objects, 0(0B) LOS objects, 23% free, 52MB/68MB, paused 315us total 15.244ms
08-03 23:37:48.033  1752  2234 I art     : Starting a blocking GC Explicit
08-03 23:37:48.048  1752  2234 I art     : Explicit concurrent mark sweep GC freed 3(96B) AllocSpace objects, 0(0B) LOS objects, 23% free, 52MB/68MB, paused 255us total 14.790ms
08-03 23:37:48.048  1752  1762 I art     : WaitForGcToComplete blocked for 14.977ms for cause HeapTrim
08-03 23:37:48.054  1752  2234 I art     : Starting a blocking GC Explicit
08-03 23:37:48.069  1752  2234 I art     : Explicit concurrent mark sweep GC freed 3(96B) AllocSpace objects, 0(0B) LOS objects, 23% free, 52MB/68MB, paused 255us total 14.745ms
08-03 23:37:48.075  1752  2234 I art     : Starting a blocking GC Explicit
08-03 23:37:48.091  1752  2234 I art     : Explicit concurrent mark sweep GC freed 3(96B) AllocSpace objects, 0(0B) LOS objects, 23% free, 52MB/68MB, paused 251us total 14.887ms
08-03 23:37:48.200   518   646 I ThermalEngine: ACTION: GPU - Setting GPU[0] to 510000000
08-03 23:37:48.363  1752  2234 I art     : Starting a blocking GC Explicit
08-03 23:37:48.383  1752  2234 I art     : Explicit concurrent mark sweep GC freed 1340(78KB) AllocSpace objects, 1(20KB) LOS objects, 23% free, 52MB/68MB, paused 383us total 18.993ms
08-03 23:37:48.391  1752  2234 I art     : Starting a blocking GC Explicit
08-03 23:37:48.410  1752  2234 I art     : Explicit concurrent mark sweep GC freed 29(1040B) AllocSpace objects, 0(0B) LOS objects, 23% free, 52MB/68MB, paused 352us total 19.546ms
08-03 23:37:48.419  1752  2234 I art     : Starting a blocking GC Explicit
08-03 23:37:48.439  1752  2234 I art     : Explicit concurrent mark sweep GC freed 3(96B) AllocSpace objects, 0(0B) LOS objects, 23% free, 52MB/68MB, paused 342us total 19.526ms
08-03 23:37:48.447  1752  2234 I art     : Starting a blocking GC Explicit
08-03 23:37:48.467  1752  2234 I art     : Explicit concurrent mark sweep GC freed 3(96B) AllocSpace objects, 0(0B) LOS objects, 23% free, 52MB/68MB, paused 354us total 19.861ms
08-03 23:37:48.476  1752  2234 I art     : Starting a blocking GC Explicit
08-03 23:37:48.496  1752  2234 I art     : Explicit concurrent mark sweep GC freed 3(96B) AllocSpace objects, 0(0B) LOS objects, 23% free, 52MB/68MB, paused 342us total 19.360ms
08-03 23:37:48.808  1752  1845 I art     : Starting a blocking GC Explicit
08-03 23:37:48.834  1752  1845 I art     : Explicit concurrent mark sweep GC freed 1340(78KB) AllocSpace objects, 1(20KB) LOS objects, 23% free, 52MB/68MB, paused 403us total 25.336ms
08-03 23:37:48.845  1752  1845 I art     : Starting a blocking GC Explicit
08-03 23:37:48.870  1752  1845 I art     : Explicit concurrent mark sweep GC freed 20(704B) AllocSpace objects, 0(0B) LOS objects, 23% free, 52MB/68MB, paused 378us total 23.737ms
08-03 23:37:48.881  1752  1845 I art     : Starting a blocking GC Explicit
08-03 23:37:48.901  1752  1845 I art     : Explicit concurrent mark sweep GC freed 3(96B) AllocSpace objects, 0(0B) LOS objects, 23% free, 52MB/68MB, paused 359us total 19.980ms
08-03 23:37:48.910  1752  1845 I art     : Starting a blocking GC Explicit
08-03 23:37:48.930  1752  1845 I art     : Explicit concurrent mark sweep GC freed 3(96B) AllocSpace objects, 0(0B) LOS objects, 23% free, 52MB/68MB, paused 397us total 19.883ms
08-03 23:37:48.939  1752  1845 I art     : Starting a blocking GC Explicit
08-03 23:37:48.959  1752  1845 I art     : Explicit concurrent mark sweep GC freed 3(96B) AllocSpace objects, 0(0B) LOS objects, 23% free, 52MB/68MB, paused 361us total 19.856ms
08-03 23:37:49.224  1752  1765 I art     : Starting a blocking GC Explicit
08-03 23:37:49.246  1752  1765 I art     : Explicit concurrent mark sweep GC freed 1340(78KB) AllocSpace objects, 1(20KB) LOS objects, 23% free, 52MB/68MB, paused 412us total 21.787ms
08-03 23:37:49.260  1752  1765 I art     : Starting a blocking GC Explicit
08-03 23:37:49.279  1752  1765 I art     : Explicit concurrent mark sweep GC freed 20(704B) AllocSpace objects, 0(0B) LOS objects, 23% free, 52MB/68MB, paused 375us total 18.776ms
08-03 23:37:49.287  1752  1765 I art     : Starting a blocking GC Explicit
08-03 23:37:49.306  1752  1765 I art     : Explicit concurrent mark sweep GC freed 3(96B) AllocSpace objects, 0(0B) LOS objects, 23% free, 52MB/68MB, paused 364us total 18.620ms
08-03 23:37:49.314  1752  1765 I art     : Starting a blocking GC Explicit
08-03 23:37:49.333  1752  1765 I art     : Explicit concurrent mark sweep GC freed 3(96B) AllocSpace objects, 0(0B) LOS objects, 23% free, 52MB/68MB, paused 360us total 18.730ms
08-03 23:37:49.341  1752  1765 I art     : Starting a blocking GC Explicit
08-03 23:37:49.361  1752  1765 I art     : Explicit concurrent mark sweep GC freed 3(96B) AllocSpace objects, 0(0B) LOS objects, 23% free, 52MB/68MB, paused 361us total 19.242ms
08-03 23:37:49.486  2896  2896 D AndroidRuntime: >>>>>> START com.android.internal.os.RuntimeInit uid 2000 <<<<<<
08-03 23:37:49.493  2896  2896 D AndroidRuntime: CheckJNI is OFF
08-03 23:37:49.529  2896  2896 D ICU     : No timezone override file found: /data/misc/zoneinfo/current/icu/icu_tzdata.dat
08-03 23:37:49.562  2896  2896 I Radio-JNI: register_android_hardware_Radio DONE
08-03 23:37:49.583  2896  2896 D AndroidRuntime: Calling main entry com.android.commands.input.Input
08-03 23:37:49.585  2896  2896 I Input   : injectKeyEvent: KeyEvent { action=ACTION_DOWN, keyCode=KEYCODE_BACK, scanCode=0, metaState=0, flags=0x0, repeatCount=0, eventTime=661085998, downTime=661085998, deviceId=-1, source=0x101 }
08-03 23:37:49.590  2896  2896 I Input   : injectKeyEvent: KeyEvent { action=ACTION_UP, keyCode=KEYCODE_BACK, scanCode=0, metaState=0, flags=0x0, repeatCount=0, eventTime=661085998, downTime=661085998, deviceId=-1, source=0x101 }
08-03 23:37:49.597  2896  2896 D AndroidRuntime: Shutting down VM
08-03 23:37:49.637 13866 13866 I GoogleInputMethodServic: GoogleInputMethodService.onFinishInput():3138 
08-03 23:37:49.637 13866 13866 I GoogleInputMethodServic: GoogleInputMethodService.onStartInput():1808 
08-03 23:37:49.652  1752  1763 I art     : Starting a blocking GC Explicit
08-03 23:37:49.674  1752  1763 I art     : Explicit concurrent mark sweep GC freed 1509(85KB) AllocSpace objects, 1(20KB) LOS objects, 23% free, 52MB/68MB, paused 325us total 21.736ms
08-03 23:37:49.684  1752  1763 I art     : Starting a blocking GC Explicit
08-03 23:37:49.703  1752  1763 I art     : Explicit concurrent mark sweep GC freed 27(992B) AllocSpace objects, 0(0B) LOS objects, 23% free, 52MB/68MB, paused 318us total 18.572ms
08-03 23:37:49.711  1752  1763 I art     : Starting a blocking GC Explicit
08-03 23:37:49.729  1752  1763 I art     : Explicit concurrent mark sweep GC freed 3(96B) AllocSpace objects, 0(0B) LOS objects, 23% free, 52MB/68MB, paused 354us total 17.846ms
08-03 23:37:49.736  1752  1763 I art     : Starting a blocking GC Explicit
08-03 23:37:49.753  1752  1763 I art     : Explicit concurrent mark sweep GC freed 3(96B) AllocSpace objects, 0(0B) LOS objects, 23% free, 52MB/68MB, paused 313us total 16.499ms
08-03 23:37:49.761  1752  1763 I art     : Starting a blocking GC Explicit
08-03 23:37:49.778  1752  1763 I art     : Explicit concurrent mark sweep GC freed 3(96B) AllocSpace objects, 0(0B) LOS objects, 23% free, 52MB/68MB, paused 361us total 17.429ms
08-03 23:37:49.948   380   380 W SurfaceFlinger: couldn't log to binary event log: overflow.
08-03 23:37:50.031  1752  1763 I art     : Starting a blocking GC Explicit
08-03 23:37:50.052  1752  1763 I art     : Explicit concurrent mark sweep GC freed 1449(87KB) AllocSpace objects, 1(20KB) LOS objects, 23% free, 52MB/68MB, paused 440us total 21.063ms
08-03 23:37:50.061  1752  1763 I art     : Starting a blocking GC Explicit
08-03 23:37:50.081  1752  1763 I art     : Explicit concurrent mark sweep GC freed 1672(106KB) AllocSpace objects, 3(400KB) LOS objects, 23% free, 52MB/68MB, paused 354us total 19.720ms
08-03 23:37:50.089  1752  1763 I art     : Starting a blocking GC Explicit
08-03 23:37:50.109  1752  1763 I art     : Explicit concurrent mark sweep GC freed 3(96B) AllocSpace objects, 0(0B) LOS objects, 23% free, 52MB/68MB, paused 357us total 19.276ms
08-03 23:37:50.117  1752  1763 I art     : Starting a blocking GC Explicit
08-03 23:37:50.137  1752  1763 I art     : Explicit concurrent mark sweep GC freed 3(96B) AllocSpace objects, 0(0B) LOS objects, 23% free, 52MB/68MB, paused 394us total 19.099ms
08-03 23:37:50.145  1752  1763 I art     : Starting a blocking GC Explicit
08-03 23:37:50.165  1752  1763 I art     : Explicit concurrent mark sweep GC freed 3(96B) AllocSpace objects, 0(0B) LOS objects, 23% free, 52MB/68MB, paused 385us total 19.499ms
08-03 23:37:50.458  1752  1845 I art     : Starting a blocking GC Explicit
08-03 23:37:50.486  1752  1845 I art     : Explicit concurrent mark sweep GC freed 1340(78KB) AllocSpace objects, 1(20KB) LOS objects, 23% free, 52MB/68MB, paused 401us total 27.734ms
08-03 23:37:50.498  1752  1845 I art     : Starting a blocking GC Explicit
08-03 23:37:50.517  1752  1845 I art     : Explicit concurrent mark sweep GC freed 20(704B) AllocSpace objects, 0(0B) LOS objects, 23% free, 52MB/68MB, paused 451us total 19.150ms
08-03 23:37:50.525  1752  1845 I art     : Starting a blocking GC Explicit
08-03 23:37:50.544  1752  1845 I art     : Explicit concurrent mark sweep GC freed 3(96B) AllocSpace objects, 0(0B) LOS objects, 23% free, 52MB/68MB, paused 350us total 18.924ms
08-03 23:37:50.553  1752  1845 I art     : Starting a blocking GC Explicit
08-03 23:37:50.572  1752  1845 I art     : Explicit concurrent mark sweep GC freed 3(96B) AllocSpace objects, 0(0B) LOS objects, 23% free, 52MB/68MB, paused 351us total 18.749ms
08-03 23:37:50.580  1752  1845 I art     : Starting a blocking GC Explicit
08-03 23:37:50.600  1752  1845 I art     : Explicit concurrent mark sweep GC freed 3(96B) AllocSpace objects, 0(0B) LOS objects, 23% free, 52MB/68MB, paused 364us total 19.091ms
08-03 23:37:50.894  1752  1765 I art     : Starting a blocking GC Explicit
08-03 23:37:50.914  1752  1765 I art     : Explicit concurrent mark sweep GC freed 1339(78KB) AllocSpace objects, 1(20KB) LOS objects, 23% free, 52MB/68MB, paused 368us total 19.119ms
08-03 23:37:50.922  1752  1765 I art     : Starting a blocking GC Explicit
08-03 23:37:50.941  1752  1765 I art     : Explicit concurrent mark sweep GC freed 20(704B) AllocSpace objects, 0(0B) LOS objects, 23% free, 52MB/68MB, paused 428us total 18.838ms
08-03 23:37:50.950  1752  1765 I art     : Starting a blocking GC Explicit
08-03 23:37:50.969  1752  1765 I art     : Explicit concurrent mark sweep GC freed 3(96B) AllocSpace objects, 0(0B) LOS objects, 23% free, 52MB/68MB, paused 349us total 19.300ms
08-03 23:37:50.977  1752  1765 I art     : Starting a blocking GC Explicit
08-03 23:37:50.996  1752  1765 I art     : Explicit concurrent mark sweep GC freed 3(96B) AllocSpace objects, 0(0B) LOS objects, 23% free, 52MB/68MB, paused 354us total 18.514ms
08-03 23:37:51.004  1752  1765 I art     : Starting a blocking GC Explicit
08-03 23:37:51.022  1752  1765 I art     : Explicit concurrent mark sweep GC freed 3(96B) AllocSpace objects, 0(0B) LOS objects, 23% free, 52MB/68MB, paused 358us total 17.895ms
08-03 23:37:51.247  2960  2960 D AndroidRuntime: >>>>>> START com.android.internal.os.RuntimeInit uid 2000 <<<<<<
08-03 23:37:51.252  2960  2960 D AndroidRuntime: CheckJNI is OFF
08-03 23:37:51.286  1752  2234 I art     : Starting a blocking GC Explicit
08-03 23:37:51.288  2960  2960 D ICU     : No timezone override file found: /data/misc/zoneinfo/current/icu/icu_tzdata.dat
08-03 23:37:51.305  1752  2234 I art     : Explicit concurrent mark sweep GC freed 1339(78KB) AllocSpace objects, 1(20KB) LOS objects, 23% free, 52MB/68MB, paused 386us total 19.265ms
08-03 23:37:51.314  1752  2234 I art     : Starting a blocking GC Explicit
08-03 23:37:51.323  2960  2960 I Radio-JNI: register_android_hardware_Radio DONE
08-03 23:37:51.332  1752  2234 I art     : Explicit concurrent mark sweep GC freed 20(704B) AllocSpace objects, 0(0B) LOS objects, 23% free, 52MB/68MB, paused 371us total 18.332ms
08-03 23:37:51.341  1752  2234 I art     : Starting a blocking GC Explicit
08-03 23:37:51.345  2960  2960 D AndroidRuntime: Calling main entry com.android.commands.input.Input
08-03 23:37:51.348  2960  2960 I Input   : injectMotionEvent: MotionEvent { action=ACTION_DOWN, actionButton=0, id[0]=0, x[0]=733.0, y[0]=1957.0, toolType[0]=TOOL_TYPE_UNKNOWN, buttonState=0, metaState=0, flags=0x0, edgeFlags=0x0, pointerCount=1, historySize=0, eventTime=661087760, downTime=661087760, deviceId=0, source=0x1002 }
08-03 23:37:51.354  2960  2960 I Input   : injectMotionEvent: MotionEvent { action=ACTION_UP, actionButton=0, id[0]=0, x[0]=733.0, y[0]=1957.0, toolType[0]=TOOL_TYPE_UNKNOWN, buttonState=0, metaState=0, flags=0x0, edgeFlags=0x0, pointerCount=1, historySize=0, eventTime=661087760, downTime=661087760, deviceId=0, source=0x1002 }
08-03 23:37:51.355   918  4400 I ActivityManager: START u0 {cmp=baseline.appteam.nith.hillffair/.activities.ClubActivity (has extras)} from uid 10651 on display 0
08-03 23:37:51.359  1752  2234 I art     : Explicit concurrent mark sweep GC freed 3(96B) AllocSpace objects, 0(0B) LOS objects, 23% free, 52MB/68MB, paused 507us total 18.626ms
08-03 23:37:51.361  2960  2960 D AndroidRuntime: Shutting down VM
08-03 23:37:51.368  1752  2234 I art     : Starting a blocking GC Explicit
08-03 23:37:51.388  1752  2234 I art     : Explicit concurrent mark sweep GC freed 360(36KB) AllocSpace objects, 0(0B) LOS objects, 23% free, 52MB/68MB, paused 501us total 19.844ms
08-03 23:37:51.396  1752  2234 I art     : Starting a blocking GC Explicit
08-03 23:37:51.417  1752  2234 I art     : Explicit concurrent mark sweep GC freed 3456(211KB) AllocSpace objects, 0(0B) LOS objects, 23% free, 52MB/68MB, paused 475us total 20.562ms
08-03 23:37:51.464 13866 13866 I GoogleInputMethodServic: GoogleInputMethodService.onFinishInput():3138 
08-03 23:37:51.464   918   936 I ActivityManager: Displayed baseline.appteam.nith.hillffair/.activities.ClubActivity: +102ms
08-03 23:37:51.464 13866 13866 I GoogleInputMethodServic: GoogleInputMethodService.onStartInput():1808 
08-03 23:37:51.679  1752  1845 I art     : Starting a blocking GC Explicit
08-03 23:37:51.707  1752  1845 I art     : Explicit concurrent mark sweep GC freed 1666(94KB) AllocSpace objects, 1(20KB) LOS objects, 23% free, 52MB/68MB, paused 433us total 28.100ms
08-03 23:37:51.711   380   380 W SurfaceFlinger: couldn't log to binary event log: overflow.
08-03 23:37:51.719  1752  1845 I art     : Starting a blocking GC Explicit
08-03 23:37:51.741  1752  1845 I art     : Explicit concurrent mark sweep GC freed 34(1168B) AllocSpace objects, 0(0B) LOS objects, 23% free, 52MB/68MB, paused 370us total 22.696ms
08-03 23:37:51.749  1752  1845 I art     : Starting a blocking GC Explicit
08-03 23:37:51.767  1752  1845 I art     : Explicit concurrent mark sweep GC freed 3(96B) AllocSpace objects, 0(0B) LOS objects, 23% free, 52MB/68MB, paused 607us total 17.437ms
08-03 23:37:51.775  1752  1845 I art     : Starting a blocking GC Explicit
08-03 23:37:51.792  1752  1845 I art     : Explicit concurrent mark sweep GC freed 3(96B) AllocSpace objects, 0(0B) LOS objects, 23% free, 52MB/68MB, paused 362us total 17.143ms
08-03 23:37:51.800  1752  1845 I art     : Starting a blocking GC Explicit
08-03 23:37:51.817  1752  1845 I art     : Explicit concurrent mark sweep GC freed 3(96B) AllocSpace objects, 0(0B) LOS objects, 23% free, 52MB/68MB, paused 464us total 17.342ms
08-03 23:37:51.892  1752  2996 D OkHttp  : --> GET https://api-hillfair-2k16.herokuapp.com/api/app/events/special/event?id=58065620dcba0f490c70fe09 http/1.1
08-03 23:37:51.924  1752  2996 D OkHttp  : <-- 200 OK https://api-hillfair-2k16.herokuapp.com/api/app/events/special/event?id=58065620dcba0f490c70fe09 (31ms, 682-byte body)
08-03 23:37:51.970  1752  1752 I NAPPA_EXPERIMENTATION: MetricNetworkRequestExecutionTime: REQUEST_DURATION_SYSTEM='578',REQUEST_DURATION_OKHTTP='32',REQUEST_SYNCHRONOUS='FALSE',RESPONSE_CODE='200',RESPONSE_METHOD='GET',RESPONSE_LENGTH_OKHTTP='682',RESPONSE_LENGTH_HEADER='682',REQUEST_PROTOCOL='http/1.1',REQUEST_URL='https://api-hillfair-2k16.herokuapp.com/api/app/events/special/event?id=58065620dcba0f490c70fe09',
08-03 23:37:52.078  1752  1763 I art     : Starting a blocking GC Explicit
08-03 23:37:52.101  1752  1763 I art     : Explicit concurrent mark sweep GC freed 4866(315KB) AllocSpace objects, 4(220KB) LOS objects, 23% free, 52MB/68MB, paused 385us total 22.696ms
08-03 23:37:52.110  1752  1763 I art     : Starting a blocking GC Explicit
08-03 23:37:52.130  1752  1763 I art     : Explicit concurrent mark sweep GC freed 1034(119KB) AllocSpace objects, 0(0B) LOS objects, 23% free, 52MB/68MB, paused 383us total 19.960ms
08-03 23:37:52.139  1752  1763 I art     : Starting a blocking GC Explicit
08-03 23:37:52.158  1752  1763 I art     : Explicit concurrent mark sweep GC freed 3(96B) AllocSpace objects, 0(0B) LOS objects, 23% free, 52MB/68MB, paused 377us total 19.374ms
08-03 23:37:52.167  1752  1763 I art     : Starting a blocking GC Explicit
08-03 23:37:52.187  1752  1763 I art     : Explicit concurrent mark sweep GC freed 3(96B) AllocSpace objects, 0(0B) LOS objects, 23% free, 52MB/68MB, paused 495us total 19.650ms
08-03 23:37:52.195  1752  1763 I art     : Starting a blocking GC Explicit
08-03 23:37:52.215  1752  1763 I art     : Explicit concurrent mark sweep GC freed 3(96B) AllocSpace objects, 0(0B) LOS objects, 23% free, 52MB/68MB, paused 376us total 19.295ms
08-03 23:37:52.483  1752  1763 I art     : Starting a blocking GC Explicit
08-03 23:37:52.504  1752  1763 I art     : Explicit concurrent mark sweep GC freed 1340(78KB) AllocSpace objects, 1(20KB) LOS objects, 23% free, 52MB/68MB, paused 446us total 20.872ms
08-03 23:37:52.513  1752  1763 I art     : Starting a blocking GC Explicit
08-03 23:37:52.533  1752  1763 I art     : Explicit concurrent mark sweep GC freed 36(1264B) AllocSpace objects, 0(0B) LOS objects, 23% free, 52MB/68MB, paused 392us total 20.393ms
08-03 23:37:52.542  1752  1763 I art     : Starting a blocking GC Explicit
08-03 23:37:52.562  1752  1763 I art     : Explicit concurrent mark sweep GC freed 3(96B) AllocSpace objects, 0(0B) LOS objects, 23% free, 52MB/68MB, paused 382us total 19.892ms
08-03 23:37:52.571  1752  1763 I art     : Starting a blocking GC Explicit
08-03 23:37:52.591  1752  1763 I art     : Explicit concurrent mark sweep GC freed 3(96B) AllocSpace objects, 0(0B) LOS objects, 23% free, 52MB/68MB, paused 395us total 19.848ms
08-03 23:37:52.599  1752  1763 I art     : Starting a blocking GC Explicit
08-03 23:37:52.606   918  3261 D WifiStateMachine: starting scan for "H369AA63323"WPA_PSK with 2412,5180
08-03 23:37:52.620  1752  1763 I art     : Explicit concurrent mark sweep GC freed 3(96B) AllocSpace objects, 0(0B) LOS objects, 23% free, 52MB/68MB, paused 413us total 20.089ms
08-03 23:37:52.907  1752  1845 I art     : Starting a blocking GC Explicit
08-03 23:37:52.933  1752  1845 I art     : Explicit concurrent mark sweep GC freed 1340(78KB) AllocSpace objects, 1(20KB) LOS objects, 23% free, 52MB/68MB, paused 432us total 25.537ms
08-03 23:37:52.947  1752  1845 I art     : Starting a blocking GC Explicit
08-03 23:37:52.970  1752  1845 I art     : Explicit concurrent mark sweep GC freed 20(704B) AllocSpace objects, 0(0B) LOS objects, 23% free, 52MB/68MB, paused 384us total 23.406ms
08-03 23:37:52.979  1752  1845 I art     : Starting a blocking GC Explicit
08-03 23:37:52.999  1752  1845 I art     : Explicit concurrent mark sweep GC freed 3(96B) AllocSpace objects, 0(0B) LOS objects, 23% free, 52MB/68MB, paused 390us total 19.963ms
08-03 23:37:53.008  1752  1845 I art     : Starting a blocking GC Explicit
08-03 23:37:53.028  1752  1845 I art     : Explicit concurrent mark sweep GC freed 3(96B) AllocSpace objects, 0(0B) LOS objects, 23% free, 52MB/68MB, paused 396us total 20.018ms
08-03 23:37:53.036  1752  1845 I art     : Starting a blocking GC Explicit
08-03 23:37:53.057  1752  1845 I art     : Explicit concurrent mark sweep GC freed 3(96B) AllocSpace objects, 0(0B) LOS objects, 23% free, 52MB/68MB, paused 464us total 20.420ms
08-03 23:37:53.397  1752  1765 I art     : Starting a blocking GC Explicit
08-03 23:37:53.424  1752  1765 I art     : Explicit concurrent mark sweep GC freed 1340(78KB) AllocSpace objects, 1(20KB) LOS objects, 23% free, 52MB/68MB, paused 412us total 26.502ms
08-03 23:37:53.435  1752  1765 I art     : Starting a blocking GC Explicit
08-03 23:37:53.456  1752  1765 I art     : Explicit concurrent mark sweep GC freed 20(704B) AllocSpace objects, 0(0B) LOS objects, 23% free, 52MB/68MB, paused 367us total 20.633ms
08-03 23:37:53.465  1752  1765 I art     : Starting a blocking GC Explicit
08-03 23:37:53.486  1752  1765 I art     : Explicit concurrent mark sweep GC freed 3(96B) AllocSpace objects, 0(0B) LOS objects, 23% free, 52MB/68MB, paused 374us total 20.429ms
08-03 23:37:53.494  1752  1765 I art     : Starting a blocking GC Explicit
08-03 23:37:53.515  1752  1765 I art     : Explicit concurrent mark sweep GC freed 3(96B) AllocSpace objects, 0(0B) LOS objects, 23% free, 52MB/68MB, paused 420us total 20.500ms
08-03 23:37:53.524  1752  1765 I art     : Starting a blocking GC Explicit
08-03 23:37:53.544  1752  1765 I art     : Explicit concurrent mark sweep GC freed 3(96B) AllocSpace objects, 0(0B) LOS objects, 23% free, 52MB/68MB, paused 375us total 19.633ms
08-03 23:37:53.807  1752  2234 I art     : Starting a blocking GC Explicit
08-03 23:37:53.830  1752  2234 I art     : Explicit concurrent mark sweep GC freed 1340(78KB) AllocSpace objects, 1(20KB) LOS objects, 23% free, 52MB/68MB, paused 419us total 23.087ms
08-03 23:37:53.844  1752  2234 I art     : Starting a blocking GC Explicit
08-03 23:37:53.862  1752  2234 I art     : Explicit concurrent mark sweep GC freed 20(704B) AllocSpace objects, 0(0B) LOS objects, 23% free, 52MB/68MB, paused 353us total 16.941ms
08-03 23:37:53.869  1752  2234 I art     : Starting a blocking GC Explicit
08-03 23:37:53.886  1752  2234 I art     : Explicit concurrent mark sweep GC freed 3(96B) AllocSpace objects, 0(0B) LOS objects, 23% free, 52MB/68MB, paused 355us total 16.786ms
08-03 23:37:53.894  1752  2234 I art     : Starting a blocking GC Explicit
08-03 23:37:53.911  1752  2234 I art     : Explicit concurrent mark sweep GC freed 3(96B) AllocSpace objects, 0(0B) LOS objects, 23% free, 52MB/68MB, paused 359us total 17.114ms
08-03 23:37:53.918  1752  2234 I art     : Starting a blocking GC Explicit
08-03 23:37:53.936  1752  2234 I art     : Explicit concurrent mark sweep GC freed 3(96B) AllocSpace objects, 0(0B) LOS objects, 23% free, 52MB/68MB, paused 400us total 17.181ms
08-03 23:37:54.066  3048  3048 D AndroidRuntime: >>>>>> START com.android.internal.os.RuntimeInit uid 2000 <<<<<<
08-03 23:37:54.071  3048  3048 D AndroidRuntime: CheckJNI is OFF
08-03 23:37:54.102  3048  3048 D ICU     : No timezone override file found: /data/misc/zoneinfo/current/icu/icu_tzdata.dat
08-03 23:37:54.132  3048  3048 I Radio-JNI: register_android_hardware_Radio DONE
08-03 23:37:54.153  3048  3048 D AndroidRuntime: Calling main entry com.android.commands.input.Input
08-03 23:37:54.154  3048  3048 I Input   : injectKeyEvent: KeyEvent { action=ACTION_DOWN, keyCode=KEYCODE_BACK, scanCode=0, metaState=0, flags=0x0, repeatCount=0, eventTime=661090567, downTime=661090567, deviceId=-1, source=0x101 }
08-03 23:37:54.166  3048  3048 I Input   : injectKeyEvent: KeyEvent { action=ACTION_UP, keyCode=KEYCODE_BACK, scanCode=0, metaState=0, flags=0x0, repeatCount=0, eventTime=661090567, downTime=661090567, deviceId=-1, source=0x101 }
08-03 23:37:54.171  3048  3048 D AndroidRuntime: Shutting down VM
08-03 23:37:54.207  1752  1763 I art     : Starting a blocking GC Explicit
08-03 23:37:54.210 13866 13866 I GoogleInputMethodServic: GoogleInputMethodService.onFinishInput():3138 
08-03 23:37:54.210 13866 13866 I GoogleInputMethodServic: GoogleInputMethodService.onStartInput():1808 
08-03 23:37:54.227  1752  1763 I art     : Explicit concurrent mark sweep GC freed 1502(85KB) AllocSpace objects, 1(20KB) LOS objects, 23% free, 52MB/68MB, paused 362us total 18.908ms
08-03 23:37:54.235  1752  1763 I art     : Starting a blocking GC Explicit
08-03 23:37:54.254  1752  1763 I art     : Explicit concurrent mark sweep GC freed 31(1088B) AllocSpace objects, 0(0B) LOS objects, 23% free, 52MB/68MB, paused 343us total 19.082ms
08-03 23:37:54.261  1752  1763 I art     : Starting a blocking GC Explicit
08-03 23:37:54.278  1752  1763 I art     : Explicit concurrent mark sweep GC freed 5(176B) AllocSpace objects, 0(0B) LOS objects, 23% free, 52MB/68MB, paused 330us total 16.252ms
08-03 23:37:54.286  1752  1763 I art     : Starting a blocking GC Explicit
08-03 23:37:54.305  1752  1763 I art     : Explicit concurrent mark sweep GC freed 3(96B) AllocSpace objects, 0(0B) LOS objects, 23% free, 52MB/68MB, paused 372us total 19.332ms
08-03 23:37:54.313  1752  1763 I art     : Starting a blocking GC Explicit
08-03 23:37:54.330  1752  1763 I art     : Explicit concurrent mark sweep GC freed 3(96B) AllocSpace objects, 0(0B) LOS objects, 23% free, 52MB/68MB, paused 335us total 16.677ms
08-03 23:37:54.503   380   380 W SurfaceFlinger: couldn't log to binary event log: overflow.
08-03 23:37:54.576  1752  1845 I art     : Starting a blocking GC Explicit
08-03 23:37:54.595  1752  1845 I art     : Explicit concurrent mark sweep GC freed 1449(87KB) AllocSpace objects, 1(20KB) LOS objects, 23% free, 52MB/68MB, paused 376us total 18.526ms
08-03 23:37:54.603  1752  1845 I art     : Starting a blocking GC Explicit
08-03 23:37:54.621  1752  1845 I art     : Explicit concurrent mark sweep GC freed 1672(106KB) AllocSpace objects, 3(400KB) LOS objects, 23% free, 52MB/68MB, paused 358us total 17.825ms
08-03 23:37:54.629  1752  1845 I art     : Starting a blocking GC Explicit
08-03 23:37:54.646  1752  1845 I art     : Explicit concurrent mark sweep GC freed 3(96B) AllocSpace objects, 0(0B) LOS objects, 23% free, 52MB/68MB, paused 367us total 17.643ms
08-03 23:37:54.654  1752  1845 I art     : Starting a blocking GC Explicit
08-03 23:37:54.672  1752  1845 I art     : Explicit concurrent mark sweep GC freed 3(96B) AllocSpace objects, 0(0B) LOS objects, 23% free, 52MB/68MB, paused 358us total 17.505ms
08-03 23:37:54.680  1752  1845 I art     : Starting a blocking GC Explicit
08-03 23:37:54.697  1752  1845 I art     : Explicit concurrent mark sweep GC freed 3(96B) AllocSpace objects, 0(0B) LOS objects, 23% free, 52MB/68MB, paused 404us total 17.408ms
08-03 23:37:54.967  1752  1765 I art     : Starting a blocking GC Explicit
08-03 23:37:54.988  1752  1765 I art     : Explicit concurrent mark sweep GC freed 1340(78KB) AllocSpace objects, 1(20KB) LOS objects, 23% free, 52MB/68MB, paused 397us total 20.809ms
08-03 23:37:55.001  1752  1765 I art     : Starting a blocking GC Explicit
08-03 23:37:55.020  1752  1765 I art     : Explicit concurrent mark sweep GC freed 20(704B) AllocSpace objects, 0(0B) LOS objects, 23% free, 52MB/68MB, paused 374us total 19.229ms
08-03 23:37:55.029  1752  1765 I art     : Starting a blocking GC Explicit
08-03 23:37:55.048  1752  1765 I art     : Explicit concurrent mark sweep GC freed 3(96B) AllocSpace objects, 0(0B) LOS objects, 23% free, 52MB/68MB, paused 376us total 18.883ms
08-03 23:37:55.056  1752  1765 I art     : Starting a blocking GC Explicit
08-03 23:37:55.076  1752  1765 I art     : Explicit concurrent mark sweep GC freed 3(96B) AllocSpace objects, 0(0B) LOS objects, 23% free, 52MB/68MB, paused 374us total 19.710ms
08-03 23:37:55.085  1752  1765 I art     : Starting a blocking GC Explicit
08-03 23:37:55.104  1752  1765 I art     : Explicit concurrent mark sweep GC freed 3(96B) AllocSpace objects, 0(0B) LOS objects, 23% free, 52MB/68MB, paused 371us total 19.025ms
08-03 23:37:55.387  1752  2234 I art     : Starting a blocking GC Explicit
08-03 23:37:55.410  1752  2234 I art     : Explicit concurrent mark sweep GC freed 1339(78KB) AllocSpace objects, 1(20KB) LOS objects, 23% free, 52MB/68MB, paused 442us total 22.984ms
08-03 23:37:55.419  1752  2234 I art     : Starting a blocking GC Explicit
08-03 23:37:55.436  1752  2234 I art     : Explicit concurrent mark sweep GC freed 20(704B) AllocSpace objects, 0(0B) LOS objects, 23% free, 52MB/68MB, paused 353us total 16.719ms
08-03 23:37:55.444  1752  2234 I art     : Starting a blocking GC Explicit
08-03 23:37:55.461  1752  2234 I art     : Explicit concurrent mark sweep GC freed 3(96B) AllocSpace objects, 0(0B) LOS objects, 23% free, 52MB/68MB, paused 369us total 17.257ms
08-03 23:37:55.469  1752  2234 I art     : Starting a blocking GC Explicit
08-03 23:37:55.487  1752  2234 I art     : Explicit concurrent mark sweep GC freed 3(96B) AllocSpace objects, 0(0B) LOS objects, 23% free, 52MB/68MB, paused 377us total 17.934ms
08-03 23:37:55.495  1752  2234 I art     : Starting a blocking GC Explicit
08-03 23:37:55.513  1752  2234 I art     : Explicit concurrent mark sweep GC freed 3(96B) AllocSpace objects, 0(0B) LOS objects, 23% free, 52MB/68MB, paused 405us total 18.085ms
08-03 23:37:55.782  1752  1763 I art     : Starting a blocking GC Explicit
08-03 23:37:55.802  1752  1763 I art     : Explicit concurrent mark sweep GC freed 1339(78KB) AllocSpace objects, 1(20KB) LOS objects, 23% free, 52MB/68MB, paused 448us total 19.883ms
08-03 23:37:55.810  1752  1763 I art     : Starting a blocking GC Explicit
08-03 23:37:55.828  3113  3113 D AndroidRuntime: >>>>>> START com.android.internal.os.RuntimeInit uid 2000 <<<<<<
08-03 23:37:55.829  1752  1763 I art     : Explicit concurrent mark sweep GC freed 20(704B) AllocSpace objects, 0(0B) LOS objects, 23% free, 52MB/68MB, paused 425us total 19.082ms
08-03 23:37:55.833  3113  3113 D AndroidRuntime: CheckJNI is OFF
08-03 23:37:55.838  1752  1763 I art     : Starting a blocking GC Explicit
08-03 23:37:55.858  1752  1763 I art     : Explicit concurrent mark sweep GC freed 3(96B) AllocSpace objects, 0(0B) LOS objects, 23% free, 52MB/68MB, paused 405us total 19.532ms
08-03 23:37:55.866  1752  1763 I art     : Starting a blocking GC Explicit
08-03 23:37:55.871  3113  3113 D ICU     : No timezone override file found: /data/misc/zoneinfo/current/icu/icu_tzdata.dat
08-03 23:37:55.885  1752  1763 I art     : Explicit concurrent mark sweep GC freed 3(96B) AllocSpace objects, 0(0B) LOS objects, 23% free, 52MB/68MB, paused 384us total 18.809ms
08-03 23:37:55.893  1752  1763 I art     : Starting a blocking GC Explicit
08-03 23:37:55.907  3113  3113 I Radio-JNI: register_android_hardware_Radio DONE
08-03 23:37:55.912  1752  1763 I art     : Explicit concurrent mark sweep GC freed 3(96B) AllocSpace objects, 0(0B) LOS objects, 23% free, 52MB/68MB, paused 388us total 18.543ms
08-03 23:37:55.929  3113  3113 D AndroidRuntime: Calling main entry com.android.commands.input.Input
08-03 23:37:55.930  3113  3113 I Input   : injectMotionEvent: MotionEvent { action=ACTION_DOWN, actionButton=0, id[0]=0, x[0]=733.0, y[0]=645.0, toolType[0]=TOOL_TYPE_UNKNOWN, buttonState=0, metaState=0, flags=0x0, edgeFlags=0x0, pointerCount=1, historySize=0, eventTime=661092343, downTime=661092343, deviceId=0, source=0x1002 }
08-03 23:37:55.937  3113  3113 I Input   : injectMotionEvent: MotionEvent { action=ACTION_UP, actionButton=0, id[0]=0, x[0]=733.0, y[0]=645.0, toolType[0]=TOOL_TYPE_UNKNOWN, buttonState=0, metaState=0, flags=0x0, edgeFlags=0x0, pointerCount=1, historySize=0, eventTime=661092343, downTime=661092343, deviceId=0, source=0x1002 }
08-03 23:37:55.938   918   929 I ActivityManager: START u0 {cmp=baseline.appteam.nith.hillffair/.activities.ClubActivity (has extras)} from uid 10651 on display 0
08-03 23:37:55.945  3113  3113 D AndroidRuntime: Shutting down VM
08-03 23:37:56.041 13866 13866 I GoogleInputMethodServic: GoogleInputMethodService.onFinishInput():3138 
08-03 23:37:56.044 13866 13866 I GoogleInputMethodServic: GoogleInputMethodService.onStartInput():1808 
08-03 23:37:56.049   918   936 I ActivityManager: Displayed baseline.appteam.nith.hillffair/.activities.ClubActivity: +103ms
08-03 23:37:56.157  1752  1763 I art     : Starting a blocking GC Explicit
08-03 23:37:56.185  1752  1763 I art     : Explicit concurrent mark sweep GC freed 5286(330KB) AllocSpace objects, 1(20KB) LOS objects, 23% free, 52MB/68MB, paused 494us total 27.383ms
08-03 23:37:56.197  1752  1763 I art     : Starting a blocking GC Explicit
08-03 23:37:56.221  1752  1763 I art     : Explicit concurrent mark sweep GC freed 211(9KB) AllocSpace objects, 0(0B) LOS objects, 23% free, 52MB/68MB, paused 436us total 23.704ms
08-03 23:37:56.231  1752  1763 I art     : Starting a blocking GC Explicit
08-03 23:37:56.254  1752  1763 I art     : Explicit concurrent mark sweep GC freed 3(96B) AllocSpace objects, 0(0B) LOS objects, 23% free, 52MB/68MB, paused 434us total 22.610ms
08-03 23:37:56.265  1752  1763 I art     : Starting a blocking GC Explicit
08-03 23:37:56.288  1752  1763 I art     : Explicit concurrent mark sweep GC freed 3(96B) AllocSpace objects, 0(0B) LOS objects, 23% free, 52MB/68MB, paused 458us total 22.872ms
08-03 23:37:56.299  1752  1763 I art     : Starting a blocking GC Explicit
08-03 23:37:56.305   380   380 W SurfaceFlinger: couldn't log to binary event log: overflow.
08-03 23:37:56.321  1752  1763 I art     : Explicit concurrent mark sweep GC freed 3(96B) AllocSpace objects, 0(0B) LOS objects, 23% free, 52MB/68MB, paused 426us total 22.158ms
08-03 23:37:56.500  1752  3136 D OkHttp  : --> GET https://api-hillfair-2k16.herokuapp.com/api/app/events/special/event?id=5806551bdcba0f490c70fd1f http/1.1
08-03 23:37:56.532  1752  3136 D OkHttp  : <-- 200 OK https://api-hillfair-2k16.herokuapp.com/api/app/events/special/event?id=5806551bdcba0f490c70fd1f (31ms, 795-byte body)
08-03 23:37:56.573  1752  1752 I NAPPA_EXPERIMENTATION: MetricNetworkRequestExecutionTime: REQUEST_DURATION_SYSTEM='601',REQUEST_DURATION_OKHTTP='31',REQUEST_SYNCHRONOUS='FALSE',RESPONSE_CODE='200',RESPONSE_METHOD='GET',RESPONSE_LENGTH_OKHTTP='795',RESPONSE_LENGTH_HEADER='795',REQUEST_PROTOCOL='http/1.1',REQUEST_URL='https://api-hillfair-2k16.herokuapp.com/api/app/events/special/event?id=5806551bdcba0f490c70fd1f',
08-03 23:37:56.601  1752  2234 I art     : Starting a blocking GC Explicit
08-03 23:37:56.624  1752  2234 I art     : Explicit concurrent mark sweep GC freed 4863(316KB) AllocSpace objects, 4(220KB) LOS objects, 23% free, 52MB/68MB, paused 557us total 22.427ms
08-03 23:37:56.637  1752  2234 I art     : Starting a blocking GC Explicit
08-03 23:37:56.657  1752  2234 I art     : Explicit concurrent mark sweep GC freed 1034(119KB) AllocSpace objects, 0(0B) LOS objects, 23% free, 52MB/68MB, paused 496us total 20.316ms
08-03 23:37:56.666  1752  2234 I art     : Starting a blocking GC Explicit
08-03 23:37:56.685  1752  2234 I art     : Explicit concurrent mark sweep GC freed 3(96B) AllocSpace objects, 0(0B) LOS objects, 23% free, 52MB/68MB, paused 386us total 17.970ms
08-03 23:37:56.693  1752  2234 I art     : Starting a blocking GC Explicit
08-03 23:37:56.713  1752  2234 I art     : Explicit concurrent mark sweep GC freed 3(96B) AllocSpace objects, 0(0B) LOS objects, 23% free, 52MB/68MB, paused 396us total 19.540ms
08-03 23:37:56.721  1752  2234 I art     : Starting a blocking GC Explicit
08-03 23:37:56.742  1752  2234 I art     : Explicit concurrent mark sweep GC freed 3(96B) AllocSpace objects, 0(0B) LOS objects, 23% free, 52MB/68MB, paused 472us total 20.495ms
08-03 23:37:57.026  1752  2234 I art     : Starting a blocking GC Explicit
08-03 23:37:57.048  1752  2234 I art     : Explicit concurrent mark sweep GC freed 1340(78KB) AllocSpace objects, 1(20KB) LOS objects, 23% free, 52MB/68MB, paused 419us total 21.999ms
08-03 23:37:57.059  1752  2234 I art     : Starting a blocking GC Explicit
08-03 23:37:57.080  1752  2234 I art     : Explicit concurrent mark sweep GC freed 36(1264B) AllocSpace objects, 0(0B) LOS objects, 23% free, 52MB/68MB, paused 454us total 20.347ms
08-03 23:37:57.088  1752  2234 I art     : Starting a blocking GC Explicit
08-03 23:37:57.108  1752  2234 I art     : Explicit concurrent mark sweep GC freed 3(96B) AllocSpace objects, 0(0B) LOS objects, 23% free, 52MB/68MB, paused 406us total 19.795ms
08-03 23:37:57.117  1752  2234 I art     : Starting a blocking GC Explicit
08-03 23:37:57.136  1752  2234 I art     : Explicit concurrent mark sweep GC freed 3(96B) AllocSpace objects, 0(0B) LOS objects, 23% free, 52MB/68MB, paused 384us total 19.733ms
08-03 23:37:57.145  1752  2234 I art     : Starting a blocking GC Explicit
08-03 23:37:57.167  1752  2234 I art     : Explicit concurrent mark sweep GC freed 3(96B) AllocSpace objects, 0(0B) LOS objects, 23% free, 52MB/68MB, paused 396us total 21.032ms
08-03 23:37:57.448  1752  1845 I art     : Starting a blocking GC Explicit
08-03 23:37:57.473  1752  1845 I art     : Explicit concurrent mark sweep GC freed 1340(78KB) AllocSpace objects, 1(20KB) LOS objects, 23% free, 52MB/68MB, paused 442us total 24.837ms
08-03 23:37:57.485  1752  1845 I art     : Starting a blocking GC Explicit
08-03 23:37:57.506  1752  1845 I art     : Explicit concurrent mark sweep GC freed 20(704B) AllocSpace objects, 0(0B) LOS objects, 23% free, 52MB/68MB, paused 408us total 20.742ms
08-03 23:37:57.515  1752  1845 I art     : Starting a blocking GC Explicit
08-03 23:37:57.537  1752  1845 I art     : Explicit concurrent mark sweep GC freed 3(96B) AllocSpace objects, 0(0B) LOS objects, 23% free, 52MB/68MB, paused 417us total 21.255ms
08-03 23:37:57.545  1752  1845 I art     : Starting a blocking GC Explicit
08-03 23:37:57.566  1752  1845 I art     : Explicit concurrent mark sweep GC freed 3(96B) AllocSpace objects, 0(0B) LOS objects, 23% free, 52MB/68MB, paused 410us total 20.522ms
08-03 23:37:57.575  1752  1845 I art     : Starting a blocking GC Explicit
08-03 23:37:57.596  1752  1845 I art     : Explicit concurrent mark sweep GC freed 3(96B) AllocSpace objects, 0(0B) LOS objects, 23% free, 52MB/68MB, paused 409us total 20.886ms
08-03 23:37:57.910  1752  1763 I art     : Starting a blocking GC Explicit
08-03 23:37:57.937  1752  1763 I art     : Explicit concurrent mark sweep GC freed 1340(78KB) AllocSpace objects, 1(20KB) LOS objects, 23% free, 52MB/68MB, paused 419us total 25.912ms
08-03 23:37:57.949  1752  1763 I art     : Starting a blocking GC Explicit
08-03 23:37:57.975  1752  1763 I art     : Explicit concurrent mark sweep GC freed 20(704B) AllocSpace objects, 0(0B) LOS objects, 23% free, 52MB/68MB, paused 449us total 25.831ms
08-03 23:37:57.985  1752  1763 I art     : Starting a blocking GC Explicit
08-03 23:37:58.006  1752  1763 I art     : Explicit concurrent mark sweep GC freed 3(96B) AllocSpace objects, 0(0B) LOS objects, 23% free, 52MB/68MB, paused 402us total 20.892ms
08-03 23:37:58.014  1752  1763 I art     : Starting a blocking GC Explicit
08-03 23:37:58.035  1752  1763 I art     : Explicit concurrent mark sweep GC freed 3(96B) AllocSpace objects, 0(0B) LOS objects, 23% free, 52MB/68MB, paused 389us total 20.711ms
08-03 23:37:58.044  1752  1763 I art     : Starting a blocking GC Explicit
08-03 23:37:58.065  1752  1763 I art     : Explicit concurrent mark sweep GC freed 3(96B) AllocSpace objects, 0(0B) LOS objects, 23% free, 52MB/68MB, paused 394us total 20.351ms
08-03 23:37:58.389  1752  1765 I art     : Starting a blocking GC Explicit
08-03 23:37:58.415  1752  1765 I art     : Explicit concurrent mark sweep GC freed 1340(78KB) AllocSpace objects, 1(20KB) LOS objects, 23% free, 52MB/68MB, paused 470us total 25.905ms
08-03 23:37:58.429  1752  1765 I art     : Starting a blocking GC Explicit
08-03 23:37:58.450  1752  1765 I art     : Explicit concurrent mark sweep GC freed 20(704B) AllocSpace objects, 0(0B) LOS objects, 23% free, 52MB/68MB, paused 400us total 20.714ms
08-03 23:37:58.451  1752  1762 I art     : WaitForGcToComplete blocked for 21.980ms for cause HeapTrim
08-03 23:37:58.458  1752  1765 I art     : Starting a blocking GC Explicit
08-03 23:37:58.478  1752  1765 I art     : Explicit concurrent mark sweep GC freed 3(96B) AllocSpace objects, 0(0B) LOS objects, 23% free, 52MB/68MB, paused 396us total 20.001ms
08-03 23:37:58.487  1752  1765 I art     : Starting a blocking GC Explicit
08-03 23:37:58.508  1752  1765 I art     : Explicit concurrent mark sweep GC freed 3(96B) AllocSpace objects, 0(0B) LOS objects, 23% free, 52MB/68MB, paused 406us total 20.491ms
08-03 23:37:58.517  1752  1765 I art     : Starting a blocking GC Explicit
08-03 23:37:58.537  1752  1765 I art     : Explicit concurrent mark sweep GC freed 3(96B) AllocSpace objects, 0(0B) LOS objects, 23% free, 52MB/68MB, paused 458us total 20.292ms
08-03 23:37:58.861  1752  2234 I art     : Starting a blocking GC Explicit
08-03 23:37:58.891  1752  2234 I art     : Explicit concurrent mark sweep GC freed 1340(78KB) AllocSpace objects, 1(20KB) LOS objects, 23% free, 52MB/68MB, paused 472us total 29.700ms
08-03 23:37:58.902  1752  2234 I art     : Starting a blocking GC Explicit
08-03 23:37:58.922  1752  2234 I art     : Explicit concurrent mark sweep GC freed 20(704B) AllocSpace objects, 0(0B) LOS objects, 23% free, 52MB/68MB, paused 402us total 20.677ms
08-03 23:37:58.931  1752  2234 I art     : Starting a blocking GC Explicit
08-03 23:37:58.952  1752  2234 I art     : Explicit concurrent mark sweep GC freed 3(96B) AllocSpace objects, 0(0B) LOS objects, 23% free, 52MB/68MB, paused 394us total 20.506ms
08-03 23:37:58.960  1752  2234 I art     : Starting a blocking GC Explicit
08-03 23:37:58.981  1752  2234 I art     : Explicit concurrent mark sweep GC freed 3(96B) AllocSpace objects, 0(0B) LOS objects, 23% free, 52MB/68MB, paused 397us total 20.515ms
08-03 23:37:58.990  1752  2234 I art     : Starting a blocking GC Explicit
08-03 23:37:59.011  1752  2234 I art     : Explicit concurrent mark sweep GC freed 3(96B) AllocSpace objects, 0(0B) LOS objects, 23% free, 52MB/68MB, paused 403us total 20.996ms
08-03 23:37:59.335  1752  1845 I art     : Starting a blocking GC Explicit
08-03 23:37:59.363  1752  1845 I art     : Explicit concurrent mark sweep GC freed 1340(78KB) AllocSpace objects, 1(20KB) LOS objects, 23% free, 52MB/68MB, paused 418us total 27.820ms
08-03 23:37:59.375  1752  1845 I art     : Starting a blocking GC Explicit
08-03 23:37:59.397  1752  1845 I art     : Explicit concurrent mark sweep GC freed 20(704B) AllocSpace objects, 0(0B) LOS objects, 23% free, 52MB/68MB, paused 407us total 21.081ms
08-03 23:37:59.405  1752  1845 I art     : Starting a blocking GC Explicit
08-03 23:37:59.426  1752  1845 I art     : Explicit concurrent mark sweep GC freed 3(96B) AllocSpace objects, 0(0B) LOS objects, 23% free, 52MB/68MB, paused 402us total 20.791ms
08-03 23:37:59.435  1752  1845 I art     : Starting a blocking GC Explicit
08-03 23:37:59.456  1752  1845 I art     : Explicit concurrent mark sweep GC freed 3(96B) AllocSpace objects, 0(0B) LOS objects, 23% free, 52MB/68MB, paused 417us total 20.857ms
08-03 23:37:59.465  1752  1845 I art     : Starting a blocking GC Explicit
08-03 23:37:59.485  1752  1845 I art     : Explicit concurrent mark sweep GC freed 3(96B) AllocSpace objects, 0(0B) LOS objects, 23% free, 52MB/68MB, paused 406us total 20.422ms
08-03 23:37:59.807  1752  1763 I art     : Starting a blocking GC Explicit
08-03 23:37:59.838  1752  1763 I art     : Explicit concurrent mark sweep GC freed 1340(78KB) AllocSpace objects, 1(20KB) LOS objects, 23% free, 52MB/68MB, paused 488us total 30.283ms
08-03 23:37:59.850  1752  1763 I art     : Starting a blocking GC Explicit
08-03 23:37:59.871  1752  1763 I art     : Explicit concurrent mark sweep GC freed 20(704B) AllocSpace objects, 0(0B) LOS objects, 23% free, 52MB/68MB, paused 370us total 20.215ms
08-03 23:37:59.880  1752  1763 I art     : Starting a blocking GC Explicit
08-03 23:37:59.901  1752  1763 I art     : Explicit concurrent mark sweep GC freed 3(96B) AllocSpace objects, 0(0B) LOS objects, 23% free, 52MB/68MB, paused 410us total 20.776ms
08-03 23:37:59.909  1752  1763 I art     : Starting a blocking GC Explicit
08-03 23:37:59.931  1752  1763 I art     : Explicit concurrent mark sweep GC freed 3(96B) AllocSpace objects, 0(0B) LOS objects, 23% free, 52MB/68MB, paused 404us total 20.846ms
08-03 23:37:59.939  1752  1763 I art     : Starting a blocking GC Explicit
08-03 23:37:59.960  1752  1763 I art     : Explicit concurrent mark sweep GC freed 3(96B) AllocSpace objects, 0(0B) LOS objects, 23% free, 52MB/68MB, paused 388us total 20.810ms
08-03 23:38:00.259  1752  1765 I art     : Starting a blocking GC Explicit
08-03 23:38:00.280  1752  1765 I art     : Explicit concurrent mark sweep GC freed 1340(78KB) AllocSpace objects, 1(20KB) LOS objects, 23% free, 52MB/68MB, paused 419us total 20.608ms
08-03 23:38:00.289  1752  1765 I art     : Starting a blocking GC Explicit
08-03 23:38:00.309  1752  1765 I art     : Explicit concurrent mark sweep GC freed 20(704B) AllocSpace objects, 0(0B) LOS objects, 23% free, 52MB/68MB, paused 422us total 20.149ms
08-03 23:38:00.318  1752  1765 I art     : Starting a blocking GC Explicit
08-03 23:38:00.338  1752  1765 I art     : Explicit concurrent mark sweep GC freed 3(96B) AllocSpace objects, 0(0B) LOS objects, 23% free, 52MB/68MB, paused 397us total 20.304ms
08-03 23:38:00.347  1752  1765 I art     : Starting a blocking GC Explicit
08-03 23:38:00.367  1752  1765 I art     : Explicit concurrent mark sweep GC freed 3(96B) AllocSpace objects, 0(0B) LOS objects, 23% free, 52MB/68MB, paused 425us total 19.660ms
08-03 23:38:00.375  1752  1765 I art     : Starting a blocking GC Explicit
08-03 23:38:00.396  1752  1765 I art     : Explicit concurrent mark sweep GC freed 3(96B) AllocSpace objects, 0(0B) LOS objects, 23% free, 52MB/68MB, paused 401us total 20.236ms
08-03 23:38:00.603  3240  3240 D AndroidRuntime: >>>>>> START com.android.internal.os.RuntimeInit uid 2000 <<<<<<
08-03 23:38:00.608  3240  3240 D AndroidRuntime: CheckJNI is OFF
08-03 23:38:00.640  3240  3240 D ICU     : No timezone override file found: /data/misc/zoneinfo/current/icu/icu_tzdata.dat
08-03 23:38:00.672  3240  3240 I Radio-JNI: register_android_hardware_Radio DONE
08-03 23:38:00.691  1752  2234 I art     : Starting a blocking GC Explicit
08-03 23:38:00.694  3240  3240 D AndroidRuntime: Calling main entry com.android.commands.input.Input
08-03 23:38:00.696  3240  3240 I Input   : injectKeyEvent: KeyEvent { action=ACTION_DOWN, keyCode=KEYCODE_BACK, scanCode=0, metaState=0, flags=0x0, repeatCount=0, eventTime=661097109, downTime=661097109, deviceId=-1, source=0x101 }
08-03 23:38:00.700  3240  3240 I Input   : injectKeyEvent: KeyEvent { action=ACTION_UP, keyCode=KEYCODE_BACK, scanCode=0, metaState=0, flags=0x0, repeatCount=0, eventTime=661097109, downTime=661097109, deviceId=-1, source=0x101 }
08-03 23:38:00.706  3240  3240 D AndroidRuntime: Shutting down VM
08-03 23:38:00.711  1752  2234 I art     : Explicit concurrent mark sweep GC freed 1357(78KB) AllocSpace objects, 1(20KB) LOS objects, 23% free, 52MB/68MB, paused 795us total 20.376ms
08-03 23:38:00.719  1752  2234 I art     : Starting a blocking GC Explicit
08-03 23:38:00.739  1752  2234 I art     : Explicit concurrent mark sweep GC freed 144(6KB) AllocSpace objects, 0(0B) LOS objects, 23% free, 52MB/68MB, paused 366us total 19.459ms
08-03 23:38:00.747  1752  2234 I art     : Starting a blocking GC Explicit
08-03 23:38:00.747 13866 13866 I GoogleInputMethodServic: GoogleInputMethodService.onFinishInput():3138 
08-03 23:38:00.748 13866 13866 I GoogleInputMethodServic: GoogleInputMethodService.onStartInput():1808 
08-03 23:38:00.764  1752  2234 I art     : Explicit concurrent mark sweep GC freed 29(1104B) AllocSpace objects, 0(0B) LOS objects, 23% free, 52MB/68MB, paused 371us total 17.409ms
08-03 23:38:00.772  1752  2234 I art     : Starting a blocking GC Explicit
08-03 23:38:00.791  1752  2234 I art     : Explicit concurrent mark sweep GC freed 10(352B) AllocSpace objects, 0(0B) LOS objects, 23% free, 52MB/68MB, paused 387us total 18.763ms
08-03 23:38:00.799  1752  2234 I art     : Starting a blocking GC Explicit
08-03 23:38:00.816  1752  2234 I art     : Explicit concurrent mark sweep GC freed 5(176B) AllocSpace objects, 0(0B) LOS objects, 23% free, 52MB/68MB, paused 346us total 16.820ms
08-03 23:38:01.059   380   380 W SurfaceFlinger: couldn't log to binary event log: overflow.
08-03 23:38:01.089  1752  2234 I art     : Starting a blocking GC Explicit
08-03 23:38:01.108  1752  2234 I art     : Explicit concurrent mark sweep GC freed 1449(87KB) AllocSpace objects, 1(20KB) LOS objects, 23% free, 52MB/68MB, paused 446us total 18.799ms
08-03 23:38:01.115  1752  2234 I art     : Starting a blocking GC Explicit
08-03 23:38:01.134  1752  2234 I art     : Explicit concurrent mark sweep GC freed 1672(107KB) AllocSpace objects, 3(400KB) LOS objects, 23% free, 52MB/68MB, paused 386us total 18.237ms
08-03 23:38:01.142  1752  2234 I art     : Starting a blocking GC Explicit
08-03 23:38:01.161  1752  2234 I art     : Explicit concurrent mark sweep GC freed 3(96B) AllocSpace objects, 0(0B) LOS objects, 23% free, 52MB/68MB, paused 377us total 18.870ms
08-03 23:38:01.169  1752  2234 I art     : Starting a blocking GC Explicit
08-03 23:38:01.189  1752  2234 I art     : Explicit concurrent mark sweep GC freed 3(96B) AllocSpace objects, 0(0B) LOS objects, 23% free, 52MB/68MB, paused 384us total 19.437ms
08-03 23:38:01.198  1752  2234 I art     : Starting a blocking GC Explicit
08-03 23:38:01.217  1752  2234 I art     : Explicit concurrent mark sweep GC freed 3(96B) AllocSpace objects, 0(0B) LOS objects, 23% free, 52MB/68MB, paused 414us total 19.517ms
08-03 23:38:01.221   518   646 I ThermalEngine: ACTION: GPU - Setting GPU[0] to 600000000
08-03 23:38:01.500  1752  1763 I art     : Starting a blocking GC Explicit
08-03 23:38:01.522  1752  1763 I art     : Explicit concurrent mark sweep GC freed 1340(78KB) AllocSpace objects, 1(20KB) LOS objects, 23% free, 52MB/68MB, paused 293us total 21.400ms
08-03 23:38:01.529  1752  1763 I art     : Starting a blocking GC Explicit
08-03 23:38:01.546  1752  1763 I art     : Explicit concurrent mark sweep GC freed 20(704B) AllocSpace objects, 0(0B) LOS objects, 23% free, 52MB/68MB, paused 292us total 16.319ms
08-03 23:38:01.553  1752  1763 I art     : Starting a blocking GC Explicit
08-03 23:38:01.568  1752  1763 I art     : Explicit concurrent mark sweep GC freed 3(96B) AllocSpace objects, 0(0B) LOS objects, 23% free, 52MB/68MB, paused 290us total 15.304ms
08-03 23:38:01.575  1752  1763 I art     : Starting a blocking GC Explicit
08-03 23:38:01.590  1752  1763 I art     : Explicit concurrent mark sweep GC freed 3(96B) AllocSpace objects, 0(0B) LOS objects, 23% free, 52MB/68MB, paused 285us total 15.256ms
08-03 23:38:01.597  1752  1763 I art     : Starting a blocking GC Explicit
08-03 23:38:01.612  1752  1763 I art     : Explicit concurrent mark sweep GC freed 3(96B) AllocSpace objects, 0(0B) LOS objects, 23% free, 52MB/68MB, paused 298us total 15.359ms
08-03 23:38:01.826  1752  3321 W OneSignal: OneSignalRestClient: POST Error thrown from network stack. 
08-03 23:38:01.826  1752  3321 W OneSignal: java.io.IOException: unexpected end of stream on Connection{api.onesignal.com:443, proxy=HTTP@192.168.2.12:8080 hostAddress=192.168.2.12 cipherSuite=TLS_ECDHE_RSA_WITH_AES_128_GCM_SHA256 protocol=http/1.1} (recycle count=0)
08-03 23:38:01.826  1752  3321 W OneSignal: 	at com.android.okhttp.internal.http.HttpConnection.readResponse(HttpConnection.java:210)
08-03 23:38:01.826  1752  3321 W OneSignal: 	at com.android.okhttp.internal.http.HttpTransport.readResponseHeaders(HttpTransport.java:80)
08-03 23:38:01.826  1752  3321 W OneSignal: 	at com.android.okhttp.internal.http.HttpEngine.readNetworkResponse(HttpEngine.java:904)
08-03 23:38:01.826  1752  3321 W OneSignal: 	at com.android.okhttp.internal.http.HttpEngine.readResponse(HttpEngine.java:788)
08-03 23:38:01.826  1752  3321 W OneSignal: 	at com.android.okhttp.internal.huc.HttpURLConnectionImpl.execute(HttpURLConnectionImpl.java:439)
08-03 23:38:01.826  1752  3321 W OneSignal: 	at com.android.okhttp.internal.huc.HttpURLConnectionImpl.getResponse(HttpURLConnectionImpl.java:384)
08-03 23:38:01.826  1752  3321 W OneSignal: 	at com.android.okhttp.internal.huc.HttpURLConnectionImpl.getResponseCode(HttpURLConnectionImpl.java:497)
08-03 23:38:01.826  1752  3321 W OneSignal: 	at com.android.okhttp.internal.huc.DelegatingHttpsURLConnection.getResponseCode(DelegatingHttpsURLConnection.java:105)
08-03 23:38:01.826  1752  3321 W OneSignal: 	at com.android.okhttp.internal.huc.HttpsURLConnectionImpl.getResponseCode(HttpsURLConnectionImpl.java)
08-03 23:38:01.826  1752  3321 W OneSignal: 	at com.onesignal.OneSignalRestClient.startHTTPConnection(OneSignalRestClient.java:180)
08-03 23:38:01.826  1752  3321 W OneSignal: 	at com.onesignal.OneSignalRestClient.access$100(OneSignalRestClient.java:44)
08-03 23:38:01.826  1752  3321 W OneSignal: 	at com.onesignal.OneSignalRestClient$4.run(OneSignalRestClient.java:110)
08-03 23:38:01.826  1752  3321 W OneSignal: 	at java.lang.Thread.run(Thread.java:818)
08-03 23:38:01.826  1752  3321 W OneSignal: Caused by: java.io.EOFException: \n not found: size=0 content=...
08-03 23:38:01.826  1752  3321 W OneSignal: 	at com.android.okhttp.okio.RealBufferedSource.readUtf8LineStrict(RealBufferedSource.java:200)
08-03 23:38:01.826  1752  3321 W OneSignal: 	at com.android.okhttp.internal.http.HttpConnection.readResponse(HttpConnection.java:191)
08-03 23:38:01.826  1752  3321 W OneSignal: 	... 12 more
08-03 23:38:01.827  1752  3332 W OneSignal: Failed last request. statusCode: -1
08-03 23:38:01.827  1752  3332 W OneSignal: response: null
08-03 23:38:01.895  1752  1845 I art     : Starting a blocking GC Explicit
08-03 23:38:01.916  1752  1845 I art     : Explicit concurrent mark sweep GC freed 3879(241KB) AllocSpace objects, 1(20KB) LOS objects, 23% free, 52MB/68MB, paused 353us total 21.143ms
08-03 23:38:01.927  1752  1845 I art     : Starting a blocking GC Explicit
08-03 23:38:01.942  1752  1845 I art     : Explicit concurrent mark sweep GC freed 96(3KB) AllocSpace objects, 0(0B) LOS objects, 23% free, 52MB/68MB, paused 273us total 15.180ms
08-03 23:38:01.949  1752  1845 I art     : Starting a blocking GC Explicit
08-03 23:38:01.964  1752  1845 I art     : Explicit concurrent mark sweep GC freed 3(96B) AllocSpace objects, 0(0B) LOS objects, 23% free, 52MB/68MB, paused 283us total 14.785ms
08-03 23:38:01.970  1752  1845 I art     : Starting a blocking GC Explicit
08-03 23:38:01.984  1752  1845 I art     : Explicit concurrent mark sweep GC freed 3(96B) AllocSpace objects, 0(0B) LOS objects, 23% free, 52MB/68MB, paused 283us total 13.872ms
08-03 23:38:01.990  1752  1845 I art     : Starting a blocking GC Explicit
08-03 23:38:02.004  1752  1845 I art     : Explicit concurrent mark sweep GC freed 3(96B) AllocSpace objects, 0(0B) LOS objects, 23% free, 52MB/68MB, paused 272us total 13.706ms
08-03 23:38:02.225   518   646 I ThermalEngine: ACTION: GPU - Setting GPU[0] to 510000000
08-03 23:38:02.243  3333  3333 D AndroidRuntime: >>>>>> START com.android.internal.os.RuntimeInit uid 2000 <<<<<<
08-03 23:38:02.248  3333  3333 D AndroidRuntime: CheckJNI is OFF
08-03 23:38:02.270  1752  1765 I art     : Starting a blocking GC Explicit
08-03 23:38:02.284  3333  3333 D ICU     : No timezone override file found: /data/misc/zoneinfo/current/icu/icu_tzdata.dat
08-03 23:38:02.291  1752  1765 I art     : Explicit concurrent mark sweep GC freed 1339(78KB) AllocSpace objects, 1(20KB) LOS objects, 23% free, 52MB/68MB, paused 421us total 20.060ms
08-03 23:38:02.300  1752  1765 I art     : Starting a blocking GC Explicit
08-03 23:38:02.319  3333  3333 I Radio-JNI: register_android_hardware_Radio DONE
08-03 23:38:02.319  1752  1765 I art     : Explicit concurrent mark sweep GC freed 20(704B) AllocSpace objects, 0(0B) LOS objects, 23% free, 52MB/68MB, paused 439us total 19.067ms
08-03 23:38:02.327  1752  1765 I art     : Starting a blocking GC Explicit
08-03 23:38:02.342  3333  3333 D AndroidRuntime: Calling main entry com.android.commands.input.Input
08-03 23:38:02.343  3333  3333 I Input   : injectKeyEvent: KeyEvent { action=ACTION_DOWN, keyCode=KEYCODE_BACK, scanCode=0, metaState=0, flags=0x0, repeatCount=0, eventTime=661098756, downTime=661098756, deviceId=-1, source=0x101 }
08-03 23:38:02.347  1752  1765 I art     : Explicit concurrent mark sweep GC freed 3(96B) AllocSpace objects, 0(0B) LOS objects, 23% free, 52MB/68MB, paused 464us total 19.493ms
08-03 23:38:02.350  3333  3333 I Input   : injectKeyEvent: KeyEvent { action=ACTION_UP, keyCode=KEYCODE_BACK, scanCode=0, metaState=0, flags=0x0, repeatCount=0, eventTime=661098756, downTime=661098756, deviceId=-1, source=0x101 }
08-03 23:38:02.355  1752  1765 I art     : Starting a blocking GC Explicit
08-03 23:38:02.355  3333  3333 D AndroidRuntime: Shutting down VM
08-03 23:38:02.374  1752  1765 I art     : Explicit concurrent mark sweep GC freed 149(6KB) AllocSpace objects, 0(0B) LOS objects, 23% free, 52MB/68MB, paused 416us total 18.790ms
08-03 23:38:02.384  1752  1765 I art     : Starting a blocking GC Explicit
08-03 23:38:02.401  1752  1765 I art     : Explicit concurrent mark sweep GC freed 4(176B) AllocSpace objects, 0(0B) LOS objects, 23% free, 52MB/68MB, paused 392us total 17.088ms
08-03 23:38:02.402 13866 13866 I GoogleInputMethodServic: GoogleInputMethodService.onFinishInput():3138 
08-03 23:38:02.402 13866 13866 I GoogleInputMethodServic: GoogleInputMethodService.onStartInput():1808 
08-03 23:38:02.672  1752  1845 I art     : Starting a blocking GC Explicit
08-03 23:38:02.696  1752  1845 I art     : Explicit concurrent mark sweep GC freed 1402(80KB) AllocSpace objects, 1(20KB) LOS objects, 23% free, 52MB/68MB, paused 521us total 23.417ms
08-03 23:38:02.705  1752  1845 I art     : Starting a blocking GC Explicit
08-03 23:38:02.724  1752  1845 I art     : Explicit concurrent mark sweep GC freed 1086(52KB) AllocSpace objects, 0(0B) LOS objects, 23% free, 52MB/68MB, paused 428us total 19.291ms
08-03 23:38:02.733  1752  1845 I art     : Starting a blocking GC Explicit
08-03 23:38:02.751  1752  1845 I art     : Explicit concurrent mark sweep GC freed 17(944B) AllocSpace objects, 0(0B) LOS objects, 23% free, 52MB/68MB, paused 383us total 17.684ms
08-03 23:38:02.759  1752  1845 I art     : Starting a blocking GC Explicit
08-03 23:38:02.776  1752  1845 I art     : Explicit concurrent mark sweep GC freed 2071(126KB) AllocSpace objects, 2(140KB) LOS objects, 23% free, 52MB/68MB, paused 402us total 16.931ms
08-03 23:38:02.785  1752  1845 I art     : Starting a blocking GC Explicit
08-03 23:38:02.803  1752  1845 I art     : Explicit concurrent mark sweep GC freed 3(96B) AllocSpace objects, 0(0B) LOS objects, 23% free, 52MB/68MB, paused 388us total 18.311ms
08-03 23:38:03.094  1752  1765 I art     : Starting a blocking GC Explicit
08-03 23:38:03.118  1752  1765 I art     : Explicit concurrent mark sweep GC freed 1340(78KB) AllocSpace objects, 1(20KB) LOS objects, 23% free, 52MB/68MB, paused 545us total 23.589ms
08-03 23:38:03.129  1752  1765 I art     : Starting a blocking GC Explicit
08-03 23:38:03.152  1752  1765 I art     : Explicit concurrent mark sweep GC freed 20(704B) AllocSpace objects, 0(0B) LOS objects, 23% free, 52MB/68MB, paused 425us total 21.831ms
08-03 23:38:03.160  1752  1765 I art     : Starting a blocking GC Explicit
08-03 23:38:03.180  1752  1765 I art     : Explicit concurrent mark sweep GC freed 3(96B) AllocSpace objects, 0(0B) LOS objects, 23% free, 52MB/68MB, paused 424us total 19.275ms
08-03 23:38:03.188  1752  1765 I art     : Starting a blocking GC Explicit
08-03 23:38:03.207  1752  1765 I art     : Explicit concurrent mark sweep GC freed 3(96B) AllocSpace objects, 0(0B) LOS objects, 23% free, 52MB/68MB, paused 500us total 18.634ms
08-03 23:38:03.215  1752  1765 I art     : Starting a blocking GC Explicit
08-03 23:38:03.234  1752  1765 I art     : Explicit concurrent mark sweep GC freed 3(96B) AllocSpace objects, 0(0B) LOS objects, 23% free, 52MB/68MB, paused 422us total 18.779ms
08-03 23:38:03.522  1752  1763 I art     : Starting a blocking GC Explicit
08-03 23:38:03.546  1752  1763 I art     : Explicit concurrent mark sweep GC freed 1337(78KB) AllocSpace objects, 1(20KB) LOS objects, 23% free, 52MB/68MB, paused 449us total 23.548ms
08-03 23:38:03.556  1752  1763 I art     : Starting a blocking GC Explicit
08-03 23:38:03.576  1752  1763 I art     : Explicit concurrent mark sweep GC freed 20(704B) AllocSpace objects, 0(0B) LOS objects, 23% free, 52MB/68MB, paused 401us total 19.248ms
08-03 23:38:03.584  1752  1763 I art     : Starting a blocking GC Explicit
08-03 23:38:03.602  1752  1763 I art     : Explicit concurrent mark sweep GC freed 3(96B) AllocSpace objects, 0(0B) LOS objects, 23% free, 52MB/68MB, paused 378us total 17.878ms
08-03 23:38:03.611  1752  1763 I art     : Starting a blocking GC Explicit
08-03 23:38:03.630  1752  1763 I art     : Explicit concurrent mark sweep GC freed 3(96B) AllocSpace objects, 0(0B) LOS objects, 23% free, 52MB/68MB, paused 388us total 18.518ms
08-03 23:38:03.638  1752  1763 I art     : Starting a blocking GC Explicit
08-03 23:38:03.655  1752  1763 I art     : Explicit concurrent mark sweep GC freed 3(96B) AllocSpace objects, 0(0B) LOS objects, 23% free, 52MB/68MB, paused 394us total 17.596ms
08-03 23:38:03.933  1752  3375 I art     : Starting a blocking GC Explicit
08-03 23:38:03.955  1752  3375 I art     : Explicit concurrent mark sweep GC freed 1337(78KB) AllocSpace objects, 1(20KB) LOS objects, 23% free, 52MB/68MB, paused 401us total 21.334ms
08-03 23:38:03.963  1752  3375 I art     : Starting a blocking GC Explicit
08-03 23:38:03.981  1752  3375 I art     : Explicit concurrent mark sweep GC freed 20(704B) AllocSpace objects, 0(0B) LOS objects, 23% free, 52MB/68MB, paused 407us total 17.916ms
08-03 23:38:03.989  1752  3375 I art     : Starting a blocking GC Explicit
08-03 23:38:04.007  1752  3375 I art     : Explicit concurrent mark sweep GC freed 3(96B) AllocSpace objects, 0(0B) LOS objects, 23% free, 52MB/68MB, paused 450us total 18.087ms
08-03 23:38:04.011  3396  3396 D AndroidRuntime: >>>>>> START com.android.internal.os.RuntimeInit uid 2000 <<<<<<
08-03 23:38:04.016  1752  3375 I art     : Starting a blocking GC Explicit
08-03 23:38:04.016  3396  3396 D AndroidRuntime: CheckJNI is OFF
08-03 23:38:04.034  1752  3375 I art     : Explicit concurrent mark sweep GC freed 3(96B) AllocSpace objects, 0(0B) LOS objects, 23% free, 52MB/68MB, paused 408us total 18.055ms
08-03 23:38:04.042  1752  3375 I art     : Starting a blocking GC Explicit
08-03 23:38:04.053  3396  3396 D ICU     : No timezone override file found: /data/misc/zoneinfo/current/icu/icu_tzdata.dat
08-03 23:38:04.060  1752  3375 I art     : Explicit concurrent mark sweep GC freed 3(96B) AllocSpace objects, 0(0B) LOS objects, 23% free, 52MB/68MB, paused 395us total 17.784ms
08-03 23:38:04.088  3396  3396 I Radio-JNI: register_android_hardware_Radio DONE
08-03 23:38:04.109  3396  3396 D AndroidRuntime: Calling main entry com.android.commands.input.Input
08-03 23:38:04.110  3396  3396 I Input   : injectMotionEvent: MotionEvent { action=ACTION_DOWN, actionButton=0, id[0]=0, x[0]=337.0, y[0]=1104.0, toolType[0]=TOOL_TYPE_UNKNOWN, buttonState=0, metaState=0, flags=0x0, edgeFlags=0x0, pointerCount=1, historySize=0, eventTime=661100523, downTime=661100523, deviceId=0, source=0x1002 }
08-03 23:38:04.118  3396  3396 I Input   : injectMotionEvent: MotionEvent { action=ACTION_UP, actionButton=0, id[0]=0, x[0]=337.0, y[0]=1104.0, toolType[0]=TOOL_TYPE_UNKNOWN, buttonState=0, metaState=0, flags=0x0, edgeFlags=0x0, pointerCount=1, historySize=0, eventTime=661100523, downTime=661100523, deviceId=0, source=0x1002 }
08-03 23:38:04.119   918  3696 I ActivityManager: START u0 {cmp=baseline.appteam.nith.hillffair/.activities.BattleDayActivity} from uid 10651 on display 0
08-03 23:38:04.126  3396  3396 D AndroidRuntime: Shutting down VM
08-03 23:38:04.222 13866 13866 I GoogleInputMethodServic: GoogleInputMethodService.onFinishInput():3138 
08-03 23:38:04.222 13866 13866 I GoogleInputMethodServic: GoogleInputMethodService.onStartInput():1808 
08-03 23:38:04.245   918   936 I ActivityManager: Displayed baseline.appteam.nith.hillffair/.activities.BattleDayActivity: +119ms
08-03 23:38:04.315  1752  1765 I art     : Starting a blocking GC Explicit
08-03 23:38:04.334  1752  1765 I art     : Explicit concurrent mark sweep GC freed 6363(383KB) AllocSpace objects, 1(20KB) LOS objects, 23% free, 52MB/68MB, paused 438us total 18.058ms
08-03 23:38:04.341  1752  1765 I art     : Starting a blocking GC Explicit
08-03 23:38:04.359  1752  1765 I art     : Explicit concurrent mark sweep GC freed 260(11KB) AllocSpace objects, 0(0B) LOS objects, 23% free, 52MB/68MB, paused 428us total 17.012ms
08-03 23:38:04.367  1752  1765 I art     : Starting a blocking GC Explicit
08-03 23:38:04.384  1752  1765 I art     : Explicit concurrent mark sweep GC freed 3(96B) AllocSpace objects, 0(0B) LOS objects, 23% free, 52MB/68MB, paused 416us total 16.798ms
08-03 23:38:04.391  1752  1765 I art     : Starting a blocking GC Explicit
08-03 23:38:04.408  1752  1765 I art     : Explicit concurrent mark sweep GC freed 3(96B) AllocSpace objects, 0(0B) LOS objects, 23% free, 52MB/68MB, paused 453us total 16.451ms
08-03 23:38:04.416  1752  1765 I art     : Starting a blocking GC Explicit
08-03 23:38:04.433  1752  1765 I art     : Explicit concurrent mark sweep GC freed 3(96B) AllocSpace objects, 0(0B) LOS objects, 23% free, 52MB/68MB, paused 423us total 16.847ms
08-03 23:38:04.497   380   380 W SurfaceFlinger: couldn't log to binary event log: overflow.
08-03 23:38:04.683  1752  3375 I art     : Starting a blocking GC Explicit
08-03 23:38:04.690  1752  3419 D OkHttp  : --> GET https://api-hillfair-2k16.herokuapp.com/api/app/events/special http/1.1
08-03 23:38:04.704  1752  3375 I art     : Explicit concurrent mark sweep GC freed 4022(216KB) AllocSpace objects, 4(220KB) LOS objects, 23% free, 52MB/68MB, paused 478us total 20.087ms
08-03 23:38:04.712  1752  3375 I art     : Starting a blocking GC Explicit
08-03 23:38:04.721  1752  3419 D OkHttp  : <-- 200 OK https://api-hillfair-2k16.herokuapp.com/api/app/events/special (30ms, 554-byte body)
08-03 23:38:04.731  1752  3375 I art     : Explicit concurrent mark sweep GC freed 1114(148KB) AllocSpace objects, 0(0B) LOS objects, 23% free, 52MB/68MB, paused 569us total 18.890ms
08-03 23:38:04.739  1752  3375 I art     : Starting a blocking GC Explicit
08-03 23:38:04.758  1752  3375 I art     : Explicit concurrent mark sweep GC freed 91(3KB) AllocSpace objects, 0(0B) LOS objects, 23% free, 52MB/68MB, paused 449us total 19.122ms
08-03 23:38:04.764  1752  1752 I NAPPA_EXPERIMENTATION: MetricNetworkRequestExecutionTime: REQUEST_DURATION_SYSTEM='604',REQUEST_DURATION_OKHTTP='31',REQUEST_SYNCHRONOUS='FALSE',RESPONSE_CODE='200',RESPONSE_METHOD='GET',RESPONSE_LENGTH_OKHTTP='554',RESPONSE_LENGTH_HEADER='554',REQUEST_PROTOCOL='http/1.1',REQUEST_URL='https://api-hillfair-2k16.herokuapp.com/api/app/events/special',
08-03 23:38:04.766  1752  3375 I art     : Starting a blocking GC Explicit
08-03 23:38:04.785  1752  3375 I art     : Explicit concurrent mark sweep GC freed 456(53KB) AllocSpace objects, 0(0B) LOS objects, 23% free, 52MB/68MB, paused 611us total 18.351ms
08-03 23:38:04.793  1752  3375 I art     : Starting a blocking GC Explicit
08-03 23:38:04.811  1752  3375 I art     : Explicit concurrent mark sweep GC freed 408(15KB) AllocSpace objects, 0(0B) LOS objects, 23% free, 52MB/68MB, paused 422us total 17.658ms
08-03 23:38:05.094  1752  1763 I art     : Starting a blocking GC Explicit
08-03 23:38:05.120  1752  1763 I art     : Explicit concurrent mark sweep GC freed 1370(79KB) AllocSpace objects, 1(20KB) LOS objects, 23% free, 52MB/68MB, paused 453us total 25.010ms
08-03 23:38:05.131  1752  1763 I art     : Starting a blocking GC Explicit
08-03 23:38:05.150  1752  1763 I art     : Explicit concurrent mark sweep GC freed 26(960B) AllocSpace objects, 0(0B) LOS objects, 23% free, 52MB/68MB, paused 437us total 19.721ms
08-03 23:38:05.159  1752  1763 I art     : Starting a blocking GC Explicit
08-03 23:38:05.179  1752  1763 I art     : Explicit concurrent mark sweep GC freed 3(96B) AllocSpace objects, 0(0B) LOS objects, 23% free, 52MB/68MB, paused 440us total 19.438ms
08-03 23:38:05.187  1752  1763 I art     : Starting a blocking GC Explicit
08-03 23:38:05.208  1752  1763 I art     : Explicit concurrent mark sweep GC freed 3(96B) AllocSpace objects, 0(0B) LOS objects, 23% free, 52MB/68MB, paused 453us total 19.825ms
08-03 23:38:05.216  1752  1763 I art     : Starting a blocking GC Explicit
08-03 23:38:05.236  1752  1763 I art     : Explicit concurrent mark sweep GC freed 3(96B) AllocSpace objects, 0(0B) LOS objects, 23% free, 52MB/68MB, paused 424us total 19.837ms
08-03 23:38:05.529  1752  1765 I art     : Starting a blocking GC Explicit
08-03 23:38:05.555  1752  1765 I art     : Explicit concurrent mark sweep GC freed 1339(78KB) AllocSpace objects, 1(20KB) LOS objects, 23% free, 52MB/68MB, paused 465us total 25.665ms
08-03 23:38:05.567  1752  1765 I art     : Starting a blocking GC Explicit
08-03 23:38:05.590  1752  1765 I art     : Explicit concurrent mark sweep GC freed 20(704B) AllocSpace objects, 0(0B) LOS objects, 23% free, 52MB/68MB, paused 423us total 22.587ms
08-03 23:38:05.599  1752  1765 I art     : Starting a blocking GC Explicit
08-03 23:38:05.619  1752  1765 I art     : Explicit concurrent mark sweep GC freed 3(96B) AllocSpace objects, 0(0B) LOS objects, 23% free, 52MB/68MB, paused 406us total 19.931ms
08-03 23:38:05.628  1752  1765 I art     : Starting a blocking GC Explicit
08-03 23:38:05.648  1752  1765 I art     : Explicit concurrent mark sweep GC freed 3(96B) AllocSpace objects, 0(0B) LOS objects, 23% free, 52MB/68MB, paused 437us total 20.086ms
08-03 23:38:05.656  1752  1765 I art     : Starting a blocking GC Explicit
08-03 23:38:05.677  1752  1765 I art     : Explicit concurrent mark sweep GC freed 3(96B) AllocSpace objects, 0(0B) LOS objects, 23% free, 52MB/68MB, paused 466us total 19.945ms
08-03 23:38:05.984  1752  2234 I art     : Starting a blocking GC Explicit
08-03 23:38:06.010  1752  2234 I art     : Explicit concurrent mark sweep GC freed 1339(78KB) AllocSpace objects, 1(20KB) LOS objects, 23% free, 52MB/68MB, paused 474us total 25.304ms
08-03 23:38:06.022  1752  2234 I art     : Starting a blocking GC Explicit
08-03 23:38:06.046  1752  2234 I art     : Explicit concurrent mark sweep GC freed 20(704B) AllocSpace objects, 0(0B) LOS objects, 23% free, 52MB/68MB, paused 546us total 24.026ms
08-03 23:38:06.057  1752  2234 I art     : Starting a blocking GC Explicit
08-03 23:38:06.077  1752  2234 I art     : Explicit concurrent mark sweep GC freed 3(96B) AllocSpace objects, 0(0B) LOS objects, 23% free, 52MB/68MB, paused 519us total 20.442ms
08-03 23:38:06.086  1752  2234 I art     : Starting a blocking GC Explicit
08-03 23:38:06.106  1752  2234 I art     : Explicit concurrent mark sweep GC freed 3(96B) AllocSpace objects, 0(0B) LOS objects, 23% free, 52MB/68MB, paused 432us total 19.464ms
08-03 23:38:06.115  1752  2234 I art     : Starting a blocking GC Explicit
08-03 23:38:06.135  1752  2234 I art     : Explicit concurrent mark sweep GC freed 3(96B) AllocSpace objects, 0(0B) LOS objects, 23% free, 52MB/68MB, paused 442us total 20.060ms
08-03 23:38:06.437  1752  3375 I art     : Starting a blocking GC Explicit
08-03 23:38:06.463  1752  3375 I art     : Explicit concurrent mark sweep GC freed 1339(78KB) AllocSpace objects, 1(20KB) LOS objects, 23% free, 52MB/68MB, paused 485us total 25.466ms
08-03 23:38:06.474  1752  3375 I art     : Starting a blocking GC Explicit
08-03 23:38:06.499  1752  3375 I art     : Explicit concurrent mark sweep GC freed 20(704B) AllocSpace objects, 0(0B) LOS objects, 23% free, 52MB/68MB, paused 446us total 24.272ms
08-03 23:38:06.509  1752  3375 I art     : Starting a blocking GC Explicit
08-03 23:38:06.530  1752  3375 I art     : Explicit concurrent mark sweep GC freed 3(96B) AllocSpace objects, 0(0B) LOS objects, 23% free, 52MB/68MB, paused 433us total 20.451ms
08-03 23:38:06.539  1752  3375 I art     : Starting a blocking GC Explicit
08-03 23:38:06.559  1752  3375 I art     : Explicit concurrent mark sweep GC freed 3(96B) AllocSpace objects, 0(0B) LOS objects, 23% free, 52MB/68MB, paused 423us total 19.544ms
08-03 23:38:06.567  1752  3375 I art     : Starting a blocking GC Explicit
08-03 23:38:06.587  1752  3375 I art     : Explicit concurrent mark sweep GC freed 3(96B) AllocSpace objects, 0(0B) LOS objects, 23% free, 52MB/68MB, paused 481us total 19.526ms
08-03 23:38:06.901  1752  1845 I art     : Starting a blocking GC Explicit
08-03 23:38:06.922  1752  1845 I art     : Explicit concurrent mark sweep GC freed 1339(78KB) AllocSpace objects, 1(20KB) LOS objects, 23% free, 52MB/68MB, paused 436us total 21.376ms
08-03 23:38:06.932  1752  1845 I art     : Starting a blocking GC Explicit
08-03 23:38:06.957  1752  1845 I art     : Explicit concurrent mark sweep GC freed 20(704B) AllocSpace objects, 0(0B) LOS objects, 23% free, 52MB/68MB, paused 465us total 24.411ms
08-03 23:38:06.968  1752  1845 I art     : Starting a blocking GC Explicit
08-03 23:38:06.989  1752  1845 I art     : Explicit concurrent mark sweep GC freed 3(96B) AllocSpace objects, 0(0B) LOS objects, 23% free, 52MB/68MB, paused 434us total 20.364ms
08-03 23:38:06.997  1752  1845 I art     : Starting a blocking GC Explicit
08-03 23:38:07.018  1752  1845 I art     : Explicit concurrent mark sweep GC freed 3(96B) AllocSpace objects, 0(0B) LOS objects, 23% free, 52MB/68MB, paused 427us total 20.565ms
08-03 23:38:07.027  1752  1845 I art     : Starting a blocking GC Explicit
08-03 23:38:07.048  1752  1845 I art     : Explicit concurrent mark sweep GC freed 3(96B) AllocSpace objects, 0(0B) LOS objects, 23% free, 52MB/68MB, paused 436us total 20.564ms
08-03 23:38:07.359  1752  1763 I art     : Starting a blocking GC Explicit
08-03 23:38:07.385  1752  1763 I art     : Explicit concurrent mark sweep GC freed 1339(78KB) AllocSpace objects, 1(20KB) LOS objects, 23% free, 52MB/68MB, paused 459us total 25.377ms
08-03 23:38:07.397  1752  1763 I art     : Starting a blocking GC Explicit
08-03 23:38:07.422  1752  1763 I art     : Explicit concurrent mark sweep GC freed 20(704B) AllocSpace objects, 0(0B) LOS objects, 23% free, 52MB/68MB, paused 473us total 25.187ms
08-03 23:38:07.434  1752  1763 I art     : Starting a blocking GC Explicit
08-03 23:38:07.455  1752  1763 I art     : Explicit concurrent mark sweep GC freed 3(96B) AllocSpace objects, 0(0B) LOS objects, 23% free, 52MB/68MB, paused 488us total 20.694ms
08-03 23:38:07.464  1752  1763 I art     : Starting a blocking GC Explicit
08-03 23:38:07.484  1752  1763 I art     : Explicit concurrent mark sweep GC freed 3(96B) AllocSpace objects, 0(0B) LOS objects, 23% free, 52MB/68MB, paused 422us total 19.881ms
08-03 23:38:07.492  1752  1763 I art     : Starting a blocking GC Explicit
08-03 23:38:07.512  1752  1763 I art     : Explicit concurrent mark sweep GC freed 3(96B) AllocSpace objects, 0(0B) LOS objects, 23% free, 52MB/68MB, paused 435us total 19.923ms
08-03 23:38:07.827  1752  1765 I art     : Starting a blocking GC Explicit
08-03 23:38:07.849  1752  1765 I art     : Explicit concurrent mark sweep GC freed 1339(78KB) AllocSpace objects, 1(20KB) LOS objects, 23% free, 52MB/68MB, paused 463us total 21.820ms
08-03 23:38:07.862  1752  1765 I art     : Starting a blocking GC Explicit
08-03 23:38:07.882  1752  1765 I art     : Explicit concurrent mark sweep GC freed 20(704B) AllocSpace objects, 0(0B) LOS objects, 23% free, 52MB/68MB, paused 426us total 19.788ms
08-03 23:38:07.890  1752  1765 I art     : Starting a blocking GC Explicit
08-03 23:38:07.910  1752  1765 I art     : Explicit concurrent mark sweep GC freed 3(96B) AllocSpace objects, 0(0B) LOS objects, 23% free, 52MB/68MB, paused 426us total 19.733ms
08-03 23:38:07.919  1752  1765 I art     : Starting a blocking GC Explicit
08-03 23:38:07.939  1752  1765 I art     : Explicit concurrent mark sweep GC freed 3(96B) AllocSpace objects, 0(0B) LOS objects, 23% free, 52MB/68MB, paused 420us total 20.048ms
08-03 23:38:07.948  1752  1765 I art     : Starting a blocking GC Explicit
08-03 23:38:07.968  1752  1765 I art     : Explicit concurrent mark sweep GC freed 3(96B) AllocSpace objects, 0(0B) LOS objects, 23% free, 52MB/68MB, paused 435us total 20.091ms
08-03 23:38:08.278  1752  2234 I art     : Starting a blocking GC Explicit
08-03 23:38:08.300  1752  2234 I art     : Explicit concurrent mark sweep GC freed 1339(78KB) AllocSpace objects, 1(20KB) LOS objects, 23% free, 52MB/68MB, paused 480us total 21.972ms
08-03 23:38:08.312  1752  2234 I art     : Starting a blocking GC Explicit
08-03 23:38:08.335  1752  2234 I art     : Explicit concurrent mark sweep GC freed 20(704B) AllocSpace objects, 0(0B) LOS objects, 23% free, 52MB/68MB, paused 418us total 21.982ms
08-03 23:38:08.343  1752  2234 I art     : Starting a blocking GC Explicit
08-03 23:38:08.364  1752  2234 I art     : Explicit concurrent mark sweep GC freed 3(96B) AllocSpace objects, 0(0B) LOS objects, 23% free, 52MB/68MB, paused 433us total 20.028ms
08-03 23:38:08.373  1752  2234 I art     : Starting a blocking GC Explicit
08-03 23:38:08.391  1752  2234 I art     : Explicit concurrent mark sweep GC freed 3(96B) AllocSpace objects, 0(0B) LOS objects, 23% free, 52MB/68MB, paused 416us total 18.652ms
08-03 23:38:08.400  1752  2234 I art     : Starting a blocking GC Explicit
08-03 23:38:08.419  1752  2234 I art     : Explicit concurrent mark sweep GC freed 3(96B) AllocSpace objects, 0(0B) LOS objects, 23% free, 52MB/68MB, paused 403us total 18.872ms
08-03 23:38:08.728  1752  3375 I art     : Starting a blocking GC Explicit
08-03 23:38:08.749  1752  3375 I art     : Explicit concurrent mark sweep GC freed 1339(78KB) AllocSpace objects, 1(20KB) LOS objects, 23% free, 52MB/68MB, paused 447us total 20.304ms
08-03 23:38:08.757  1752  3375 I art     : Starting a blocking GC Explicit
08-03 23:38:08.777  1752  3375 I art     : Explicit concurrent mark sweep GC freed 20(704B) AllocSpace objects, 0(0B) LOS objects, 23% free, 52MB/68MB, paused 477us total 19.913ms
08-03 23:38:08.786  1752  3375 I art     : Starting a blocking GC Explicit
08-03 23:38:08.806  1752  3375 I art     : Explicit concurrent mark sweep GC freed 3(96B) AllocSpace objects, 0(0B) LOS objects, 23% free, 52MB/68MB, paused 444us total 19.255ms
08-03 23:38:08.807  3522  3522 D AndroidRuntime: >>>>>> START com.android.internal.os.RuntimeInit uid 2000 <<<<<<
08-03 23:38:08.812  3522  3522 D AndroidRuntime: CheckJNI is OFF
08-03 23:38:08.814  1752  3375 I art     : Starting a blocking GC Explicit
08-03 23:38:08.833  1752  3375 I art     : Explicit concurrent mark sweep GC freed 3(96B) AllocSpace objects, 0(0B) LOS objects, 23% free, 52MB/68MB, paused 439us total 19.160ms
08-03 23:38:08.841  1752  3375 I art     : Starting a blocking GC Explicit
08-03 23:38:08.849  3522  3522 D ICU     : No timezone override file found: /data/misc/zoneinfo/current/icu/icu_tzdata.dat
08-03 23:38:08.861  1752  3375 I art     : Explicit concurrent mark sweep GC freed 3(96B) AllocSpace objects, 0(0B) LOS objects, 23% free, 52MB/68MB, paused 428us total 19.293ms
08-03 23:38:08.884  3522  3522 I Radio-JNI: register_android_hardware_Radio DONE
08-03 23:38:08.906  3522  3522 D AndroidRuntime: Calling main entry com.android.commands.input.Input
08-03 23:38:08.907  3522  3522 I Input   : injectMotionEvent: MotionEvent { action=ACTION_DOWN, actionButton=0, id[0]=0, x[0]=733.0, y[0]=645.0, toolType[0]=TOOL_TYPE_UNKNOWN, buttonState=0, metaState=0, flags=0x0, edgeFlags=0x0, pointerCount=1, historySize=0, eventTime=661105320, downTime=661105320, deviceId=0, source=0x1002 }
08-03 23:38:08.912  3522  3522 I Input   : injectMotionEvent: MotionEvent { action=ACTION_UP, actionButton=0, id[0]=0, x[0]=733.0, y[0]=645.0, toolType[0]=TOOL_TYPE_UNKNOWN, buttonState=0, metaState=0, flags=0x0, edgeFlags=0x0, pointerCount=1, historySize=0, eventTime=661105320, downTime=661105320, deviceId=0, source=0x1002 }
08-03 23:38:08.913   918  6029 I ActivityManager: START u0 {cmp=baseline.appteam.nith.hillffair/.activities.ClubActivity (has extras)} from uid 10651 on display 0
08-03 23:38:08.921  3522  3522 D AndroidRuntime: Shutting down VM
08-03 23:38:09.014 13866 13866 I GoogleInputMethodServic: GoogleInputMethodService.onFinishInput():3138 
08-03 23:38:09.015 13866 13866 I GoogleInputMethodServic: GoogleInputMethodService.onStartInput():1808 
08-03 23:38:09.016   918   936 I ActivityManager: Displayed baseline.appteam.nith.hillffair/.activities.ClubActivity: +95ms
08-03 23:38:09.111  1752  1763 I art     : Starting a blocking GC Explicit
08-03 23:38:09.136  1752  1763 I art     : Explicit concurrent mark sweep GC freed 5308(332KB) AllocSpace objects, 1(20KB) LOS objects, 23% free, 52MB/68MB, paused 695us total 24.262ms
08-03 23:38:09.146  1752  1763 I art     : Starting a blocking GC Explicit
08-03 23:38:09.171  1752  1763 I art     : Explicit concurrent mark sweep GC freed 214(10KB) AllocSpace objects, 0(0B) LOS objects, 23% free, 52MB/68MB, paused 495us total 24.851ms
08-03 23:38:09.181  1752  1763 I art     : Starting a blocking GC Explicit
08-03 23:38:09.206  1752  1763 I art     : Explicit concurrent mark sweep GC freed 3(96B) AllocSpace objects, 0(0B) LOS objects, 23% free, 52MB/68MB, paused 512us total 24.048ms
08-03 23:38:09.215  1752  1763 I art     : Starting a blocking GC Explicit
08-03 23:38:09.240  1752  1763 I art     : Explicit concurrent mark sweep GC freed 3(96B) AllocSpace objects, 0(0B) LOS objects, 23% free, 52MB/68MB, paused 479us total 24.137ms
08-03 23:38:09.250  1752  1763 I art     : Starting a blocking GC Explicit
08-03 23:38:09.251   380   380 W SurfaceFlinger: couldn't log to binary event log: overflow.
08-03 23:38:09.273  1752  1763 I art     : Explicit concurrent mark sweep GC freed 3(96B) AllocSpace objects, 0(0B) LOS objects, 23% free, 52MB/68MB, paused 426us total 22.868ms
08-03 23:38:09.516  1752  3545 D OkHttp  : --> GET https://api-hillfair-2k16.herokuapp.com/api/app/events/special/event?id=5806551bdcba0f490c70fd1f http/1.1
08-03 23:38:09.548  1752  3545 D OkHttp  : <-- 200 OK https://api-hillfair-2k16.herokuapp.com/api/app/events/special/event?id=5806551bdcba0f490c70fd1f (30ms, 795-byte body)
08-03 23:38:09.549  1752  1763 I art     : Starting a blocking GC Explicit
08-03 23:38:09.570  1752  1763 I art     : Explicit concurrent mark sweep GC freed 4219(251KB) AllocSpace objects, 4(220KB) LOS objects, 23% free, 52MB/68MB, paused 635us total 20.904ms
08-03 23:38:09.578  1752  1763 I art     : Starting a blocking GC Explicit
08-03 23:38:09.598  1752  1763 I art     : Explicit concurrent mark sweep GC freed 1121(123KB) AllocSpace objects, 0(0B) LOS objects, 23% free, 52MB/68MB, paused 466us total 19.019ms
08-03 23:38:09.603  1752  1752 I NAPPA_EXPERIMENTATION: MetricNetworkRequestExecutionTime: REQUEST_DURATION_SYSTEM='657',REQUEST_DURATION_OKHTTP='30',REQUEST_SYNCHRONOUS='FALSE',RESPONSE_CODE='200',RESPONSE_METHOD='GET',RESPONSE_LENGTH_OKHTTP='795',RESPONSE_LENGTH_HEADER='795',REQUEST_PROTOCOL='http/1.1',REQUEST_URL='https://api-hillfair-2k16.herokuapp.com/api/app/events/special/event?id=5806551bdcba0f490c70fd1f',
08-03 23:38:09.606  1752  1763 I art     : Starting a blocking GC Explicit
08-03 23:38:09.625  1752  1763 I art     : Explicit concurrent mark sweep GC freed 528(61KB) AllocSpace objects, 0(0B) LOS objects, 23% free, 53MB/69MB, paused 442us total 18.689ms
08-03 23:38:09.633  1752  1763 I art     : Starting a blocking GC Explicit
08-03 23:38:09.652  1752  1763 I art     : Explicit concurrent mark sweep GC freed 61(1952B) AllocSpace objects, 0(0B) LOS objects, 23% free, 53MB/69MB, paused 510us total 18.754ms
08-03 23:38:09.660  1752  1763 I art     : Starting a blocking GC Explicit
08-03 23:38:09.679  1752  1763 I art     : Explicit concurrent mark sweep GC freed 6(192B) AllocSpace objects, 0(0B) LOS objects, 23% free, 53MB/69MB, paused 402us total 18.265ms
08-03 23:38:09.965  1752  2234 I art     : Starting a blocking GC Explicit
08-03 23:38:09.987  1752  2234 I art     : Explicit concurrent mark sweep GC freed 1340(78KB) AllocSpace objects, 1(20KB) LOS objects, 23% free, 53MB/69MB, paused 497us total 21.810ms
08-03 23:38:09.996  1752  2234 I art     : Starting a blocking GC Explicit
08-03 23:38:10.017  1752  2234 I art     : Explicit concurrent mark sweep GC freed 36(1264B) AllocSpace objects, 0(0B) LOS objects, 23% free, 53MB/69MB, paused 515us total 20.128ms
08-03 23:38:10.025  1752  2234 I art     : Starting a blocking GC Explicit
08-03 23:38:10.046  1752  2234 I art     : Explicit concurrent mark sweep GC freed 3(96B) AllocSpace objects, 0(0B) LOS objects, 23% free, 53MB/69MB, paused 449us total 20.912ms
08-03 23:38:10.055  1752  2234 I art     : Starting a blocking GC Explicit
08-03 23:38:10.076  1752  2234 I art     : Explicit concurrent mark sweep GC freed 3(96B) AllocSpace objects, 0(0B) LOS objects, 23% free, 53MB/69MB, paused 451us total 21.359ms
08-03 23:38:10.085  1752  2234 I art     : Starting a blocking GC Explicit
08-03 23:38:10.106  1752  2234 I art     : Explicit concurrent mark sweep GC freed 3(96B) AllocSpace objects, 0(0B) LOS objects, 23% free, 53MB/69MB, paused 450us total 20.630ms
08-03 23:38:10.401  1752  1845 I art     : Starting a blocking GC Explicit
08-03 23:38:10.431  1752  1845 I art     : Explicit concurrent mark sweep GC freed 1340(78KB) AllocSpace objects, 1(20KB) LOS objects, 23% free, 53MB/69MB, paused 473us total 29.645ms
08-03 23:38:10.443  1752  1845 I art     : Starting a blocking GC Explicit
08-03 23:38:10.465  1752  1845 I art     : Explicit concurrent mark sweep GC freed 20(704B) AllocSpace objects, 0(0B) LOS objects, 23% free, 53MB/69MB, paused 478us total 21.633ms
08-03 23:38:10.474  1752  1845 I art     : Starting a blocking GC Explicit
08-03 23:38:10.495  1752  1845 I art     : Explicit concurrent mark sweep GC freed 3(96B) AllocSpace objects, 0(0B) LOS objects, 23% free, 53MB/69MB, paused 448us total 20.834ms
08-03 23:38:10.503  1752  1845 I art     : Starting a blocking GC Explicit
08-03 23:38:10.525  1752  1845 I art     : Explicit concurrent mark sweep GC freed 3(96B) AllocSpace objects, 0(0B) LOS objects, 23% free, 53MB/69MB, paused 450us total 20.977ms
08-03 23:38:10.533  1752  1845 I art     : Starting a blocking GC Explicit
08-03 23:38:10.555  1752  1845 I art     : Explicit concurrent mark sweep GC freed 3(96B) AllocSpace objects, 0(0B) LOS objects, 23% free, 53MB/69MB, paused 444us total 20.983ms
08-03 23:38:10.882  1752  1763 I art     : Starting a blocking GC Explicit
08-03 23:38:10.909  1752  1763 I art     : Explicit concurrent mark sweep GC freed 1340(78KB) AllocSpace objects, 1(20KB) LOS objects, 23% free, 53MB/69MB, paused 503us total 26.741ms
08-03 23:38:10.922  1752  1763 I art     : Starting a blocking GC Explicit
08-03 23:38:10.944  1752  1763 I art     : Explicit concurrent mark sweep GC freed 20(704B) AllocSpace objects, 0(0B) LOS objects, 23% free, 53MB/69MB, paused 459us total 21.630ms
08-03 23:38:10.952  1752  1763 I art     : Starting a blocking GC Explicit
08-03 23:38:10.973  1752  1763 I art     : Explicit concurrent mark sweep GC freed 3(96B) AllocSpace objects, 0(0B) LOS objects, 23% free, 53MB/69MB, paused 470us total 20.694ms
08-03 23:38:10.982  1752  1763 I art     : Starting a blocking GC Explicit
08-03 23:38:11.004  1752  1763 I art     : Explicit concurrent mark sweep GC freed 3(96B) AllocSpace objects, 0(0B) LOS objects, 23% free, 53MB/69MB, paused 454us total 21.365ms
08-03 23:38:11.013  1752  1763 I art     : Starting a blocking GC Explicit
08-03 23:38:11.034  1752  1763 I art     : Explicit concurrent mark sweep GC freed 3(96B) AllocSpace objects, 0(0B) LOS objects, 23% free, 53MB/69MB, paused 456us total 21.235ms
08-03 23:38:11.358  1752  3375 I art     : Starting a blocking GC Explicit
08-03 23:38:11.385  1752  3375 I art     : Explicit concurrent mark sweep GC freed 1340(78KB) AllocSpace objects, 1(20KB) LOS objects, 23% free, 53MB/69MB, paused 525us total 27.315ms
08-03 23:38:11.400  1752  3375 I art     : Starting a blocking GC Explicit
08-03 23:38:11.422  1752  3375 I art     : Explicit concurrent mark sweep GC freed 20(704B) AllocSpace objects, 0(0B) LOS objects, 23% free, 53MB/69MB, paused 449us total 21.389ms
08-03 23:38:11.431  1752  3375 I art     : Starting a blocking GC Explicit
08-03 23:38:11.452  1752  3375 I art     : Explicit concurrent mark sweep GC freed 3(96B) AllocSpace objects, 0(0B) LOS objects, 23% free, 53MB/69MB, paused 448us total 21.024ms
08-03 23:38:11.460  1752  3375 I art     : Starting a blocking GC Explicit
08-03 23:38:11.481  1752  3375 I art     : Explicit concurrent mark sweep GC freed 3(96B) AllocSpace objects, 0(0B) LOS objects, 23% free, 53MB/69MB, paused 440us total 20.738ms
08-03 23:38:11.490  1752  3375 I art     : Starting a blocking GC Explicit
08-03 23:38:11.512  1752  3375 I art     : Explicit concurrent mark sweep GC freed 3(96B) AllocSpace objects, 0(0B) LOS objects, 23% free, 53MB/69MB, paused 463us total 21.388ms
08-03 23:38:11.840  1752  1765 I art     : Starting a blocking GC Explicit
08-03 23:38:11.872  1752  1765 I art     : Explicit concurrent mark sweep GC freed 1340(78KB) AllocSpace objects, 1(20KB) LOS objects, 23% free, 53MB/69MB, paused 518us total 32.089ms
08-03 23:38:11.885  1752  1765 I art     : Starting a blocking GC Explicit
08-03 23:38:11.908  1752  1765 I art     : Explicit concurrent mark sweep GC freed 20(704B) AllocSpace objects, 0(0B) LOS objects, 23% free, 53MB/69MB, paused 463us total 23.379ms
08-03 23:38:11.917  1752  1765 I art     : Starting a blocking GC Explicit
08-03 23:38:11.939  1752  1765 I art     : Explicit concurrent mark sweep GC freed 3(96B) AllocSpace objects, 0(0B) LOS objects, 23% free, 53MB/69MB, paused 452us total 21.637ms
08-03 23:38:11.948  1752  1765 I art     : Starting a blocking GC Explicit
08-03 23:38:11.969  1752  1765 I art     : Explicit concurrent mark sweep GC freed 3(96B) AllocSpace objects, 0(0B) LOS objects, 23% free, 53MB/69MB, paused 442us total 21.385ms
08-03 23:38:11.978  1752  1765 I art     : Starting a blocking GC Explicit
08-03 23:38:12.000  1752  1765 I art     : Explicit concurrent mark sweep GC freed 3(96B) AllocSpace objects, 0(0B) LOS objects, 23% free, 53MB/69MB, paused 455us total 21.505ms
08-03 23:38:12.324  1752  2234 I art     : Starting a blocking GC Explicit
08-03 23:38:12.356  1752  2234 I art     : Explicit concurrent mark sweep GC freed 1340(78KB) AllocSpace objects, 1(20KB) LOS objects, 23% free, 53MB/69MB, paused 541us total 31.686ms
08-03 23:38:12.368  1752  2234 I art     : Starting a blocking GC Explicit
08-03 23:38:12.391  1752  2234 I art     : Explicit concurrent mark sweep GC freed 20(704B) AllocSpace objects, 0(0B) LOS objects, 23% free, 53MB/69MB, paused 452us total 22.449ms
08-03 23:38:12.400  1752  2234 I art     : Starting a blocking GC Explicit
08-03 23:38:12.421  1752  2234 I art     : Explicit concurrent mark sweep GC freed 3(96B) AllocSpace objects, 0(0B) LOS objects, 23% free, 53MB/69MB, paused 453us total 21.039ms
08-03 23:38:12.430  1752  2234 I art     : Starting a blocking GC Explicit
08-03 23:38:12.451  1752  2234 I art     : Explicit concurrent mark sweep GC freed 3(96B) AllocSpace objects, 0(0B) LOS objects, 23% free, 53MB/69MB, paused 453us total 21.219ms
08-03 23:38:12.460  1752  2234 I art     : Starting a blocking GC Explicit
08-03 23:38:12.481  1752  2234 I art     : Explicit concurrent mark sweep GC freed 3(96B) AllocSpace objects, 0(0B) LOS objects, 23% free, 53MB/69MB, paused 455us total 21.175ms
08-03 23:38:12.610   918  3261 D WifiStateMachine: starting scan for "H369AA63323"WPA_PSK with 2412,5180
08-03 23:38:12.749 29081 29081 I Atfwd_Sendcmd: AtCmdFwd service not ready - Exhausted retry attempts - :6
08-03 23:38:12.749 29081 29081 I Atfwd_Daemon: result : -1 	 ,Init step :2 	 ,qmiErrorCode: 0
08-03 23:38:12.824  1752  1845 I art     : Starting a blocking GC Explicit
08-03 23:38:12.854  1752  1845 I art     : Explicit concurrent mark sweep GC freed 1340(78KB) AllocSpace objects, 1(20KB) LOS objects, 23% free, 53MB/69MB, paused 504us total 29.807ms
08-03 23:38:12.866  1752  1845 I art     : Starting a blocking GC Explicit
08-03 23:38:12.887  1752  1845 I art     : Explicit concurrent mark sweep GC freed 20(704B) AllocSpace objects, 0(0B) LOS objects, 23% free, 53MB/69MB, paused 501us total 21.190ms
08-03 23:38:12.896  1752  1845 I art     : Starting a blocking GC Explicit
08-03 23:38:12.918  1752  1845 I art     : Explicit concurrent mark sweep GC freed 3(96B) AllocSpace objects, 0(0B) LOS objects, 23% free, 53MB/69MB, paused 467us total 21.308ms
08-03 23:38:12.927  1752  1845 I art     : Starting a blocking GC Explicit
08-03 23:38:12.949  1752  1845 I art     : Explicit concurrent mark sweep GC freed 3(96B) AllocSpace objects, 0(0B) LOS objects, 23% free, 53MB/69MB, paused 458us total 21.845ms
08-03 23:38:12.958  1752  1845 I art     : Starting a blocking GC Explicit
08-03 23:38:12.979  1752  1845 I art     : Explicit concurrent mark sweep GC freed 3(96B) AllocSpace objects, 0(0B) LOS objects, 23% free, 53MB/69MB, paused 455us total 20.690ms
08-03 23:38:13.243   518   646 I ThermalEngine: ACTION: GPU - Setting GPU[0] to 600000000
08-03 23:38:13.290  1752  1763 I art     : Starting a blocking GC Explicit
08-03 23:38:13.309  1752  1763 I art     : Explicit concurrent mark sweep GC freed 1340(78KB) AllocSpace objects, 1(20KB) LOS objects, 23% free, 53MB/69MB, paused 374us total 18.676ms
08-03 23:38:13.317  1752  1763 I art     : Starting a blocking GC Explicit
08-03 23:38:13.334  1752  1763 I art     : Explicit concurrent mark sweep GC freed 20(704B) AllocSpace objects, 0(0B) LOS objects, 23% free, 53MB/69MB, paused 405us total 16.792ms
08-03 23:38:13.340  1752  1763 I art     : Starting a blocking GC Explicit
08-03 23:38:13.357  1752  1763 I art     : Explicit concurrent mark sweep GC freed 3(96B) AllocSpace objects, 0(0B) LOS objects, 23% free, 53MB/69MB, paused 341us total 16.617ms
08-03 23:38:13.364  1752  1763 I art     : Starting a blocking GC Explicit
08-03 23:38:13.379  1752  1763 I art     : Explicit concurrent mark sweep GC freed 3(96B) AllocSpace objects, 0(0B) LOS objects, 23% free, 53MB/69MB, paused 327us total 15.655ms
08-03 23:38:13.386  1752  1763 I art     : Starting a blocking GC Explicit
08-03 23:38:13.402  1752  1763 I art     : Explicit concurrent mark sweep GC freed 3(96B) AllocSpace objects, 0(0B) LOS objects, 23% free, 53MB/69MB, paused 331us total 15.683ms
08-03 23:38:13.526  3642  3642 D AndroidRuntime: >>>>>> START com.android.internal.os.RuntimeInit uid 2000 <<<<<<
08-03 23:38:13.532  3642  3642 D AndroidRuntime: CheckJNI is OFF
08-03 23:38:13.561  3642  3642 D ICU     : No timezone override file found: /data/misc/zoneinfo/current/icu/icu_tzdata.dat
08-03 23:38:13.586  3642  3642 I Radio-JNI: register_android_hardware_Radio DONE
08-03 23:38:13.602  3642  3642 D AndroidRuntime: Calling main entry com.android.commands.input.Input
08-03 23:38:13.603  3642  3642 I Input   : injectKeyEvent: KeyEvent { action=ACTION_DOWN, keyCode=KEYCODE_BACK, scanCode=0, metaState=0, flags=0x0, repeatCount=0, eventTime=661110017, downTime=661110017, deviceId=-1, source=0x101 }
08-03 23:38:13.609  3642  3642 I Input   : injectKeyEvent: KeyEvent { action=ACTION_UP, keyCode=KEYCODE_BACK, scanCode=0, metaState=0, flags=0x0, repeatCount=0, eventTime=661110017, downTime=661110017, deviceId=-1, source=0x101 }
08-03 23:38:13.614  3642  3642 D AndroidRuntime: Shutting down VM
08-03 23:38:13.651 13866 13866 I GoogleInputMethodServic: GoogleInputMethodService.onFinishInput():3138 
08-03 23:38:13.651 13866 13866 I GoogleInputMethodServic: GoogleInputMethodService.onStartInput():1808 
08-03 23:38:13.663  1752  1763 I art     : Starting a blocking GC Explicit
08-03 23:38:13.679  1752  1763 I art     : Explicit concurrent mark sweep GC freed 1509(85KB) AllocSpace objects, 1(20KB) LOS objects, 23% free, 53MB/69MB, paused 318us total 15.867ms
08-03 23:38:13.686  1752  1763 I art     : Starting a blocking GC Explicit
08-03 23:38:13.704  1752  1763 I art     : Explicit concurrent mark sweep GC freed 26(944B) AllocSpace objects, 0(0B) LOS objects, 23% free, 53MB/69MB, paused 338us total 17.576ms
08-03 23:38:13.710  1752  1763 I art     : Starting a blocking GC Explicit
08-03 23:38:13.724  1752  1763 I art     : Explicit concurrent mark sweep GC freed 4(144B) AllocSpace objects, 0(0B) LOS objects, 23% free, 53MB/69MB, paused 301us total 14.224ms
08-03 23:38:13.730  1752  1763 I art     : Starting a blocking GC Explicit
08-03 23:38:13.745  1752  1763 I art     : Explicit concurrent mark sweep GC freed 3(96B) AllocSpace objects, 0(0B) LOS objects, 23% free, 53MB/69MB, paused 323us total 14.548ms
08-03 23:38:13.752  1752  1763 I art     : Starting a blocking GC Explicit
08-03 23:38:13.768  1752  1763 I art     : Explicit concurrent mark sweep GC freed 3(96B) AllocSpace objects, 0(0B) LOS objects, 23% free, 53MB/69MB, paused 336us total 15.746ms
08-03 23:38:13.768  1752  1762 I art     : WaitForGcToComplete blocked for 15.935ms for cause HeapTrim
08-03 23:38:13.939   380   380 W SurfaceFlinger: couldn't log to binary event log: overflow.
08-03 23:38:14.019  1752  1845 I art     : Starting a blocking GC Explicit
08-03 23:38:14.038  1752  1845 I art     : Explicit concurrent mark sweep GC freed 1449(87KB) AllocSpace objects, 1(20KB) LOS objects, 23% free, 53MB/69MB, paused 423us total 18.451ms
08-03 23:38:14.045  1752  1845 I art     : Starting a blocking GC Explicit
08-03 23:38:14.063  1752  1845 I art     : Explicit concurrent mark sweep GC freed 1672(107KB) AllocSpace objects, 3(400KB) LOS objects, 23% free, 52MB/68MB, paused 351us total 17.370ms
08-03 23:38:14.070  1752  1845 I art     : Starting a blocking GC Explicit
08-03 23:38:14.087  1752  1845 I art     : Explicit concurrent mark sweep GC freed 3(96B) AllocSpace objects, 0(0B) LOS objects, 23% free, 52MB/68MB, paused 327us total 17.222ms
08-03 23:38:14.095  1752  1845 I art     : Starting a blocking GC Explicit
08-03 23:38:14.112  1752  1845 I art     : Explicit concurrent mark sweep GC freed 3(96B) AllocSpace objects, 0(0B) LOS objects, 23% free, 52MB/68MB, paused 369us total 16.869ms
08-03 23:38:14.119  1752  1845 I art     : Starting a blocking GC Explicit
08-03 23:38:14.136  1752  1845 I art     : Explicit concurrent mark sweep GC freed 3(96B) AllocSpace objects, 0(0B) LOS objects, 23% free, 52MB/68MB, paused 370us total 16.685ms
08-03 23:38:14.434  1752  2234 I art     : Starting a blocking GC Explicit
08-03 23:38:14.460  1752  2234 I art     : Explicit concurrent mark sweep GC freed 1340(78KB) AllocSpace objects, 1(20KB) LOS objects, 23% free, 52MB/68MB, paused 387us total 25.296ms
08-03 23:38:14.471  1752  2234 I art     : Starting a blocking GC Explicit
08-03 23:38:14.492  1752  2234 I art     : Explicit concurrent mark sweep GC freed 20(704B) AllocSpace objects, 0(0B) LOS objects, 23% free, 52MB/68MB, paused 364us total 20.667ms
08-03 23:38:14.500  1752  2234 I art     : Starting a blocking GC Explicit
08-03 23:38:14.517  1752  2234 I art     : Explicit concurrent mark sweep GC freed 3(96B) AllocSpace objects, 0(0B) LOS objects, 23% free, 52MB/68MB, paused 390us total 16.705ms
08-03 23:38:14.524  1752  2234 I art     : Starting a blocking GC Explicit
08-03 23:38:14.540  1752  2234 I art     : Explicit concurrent mark sweep GC freed 3(96B) AllocSpace objects, 0(0B) LOS objects, 23% free, 52MB/68MB, paused 350us total 16.211ms
08-03 23:38:14.547  1752  2234 I art     : Starting a blocking GC Explicit
08-03 23:38:14.563  1752  2234 I art     : Explicit concurrent mark sweep GC freed 3(96B) AllocSpace objects, 0(0B) LOS objects, 23% free, 52MB/68MB, paused 336us total 16.353ms
08-03 23:38:14.856  1752  3375 I art     : Starting a blocking GC Explicit
08-03 23:38:14.876  1752  3375 I art     : Explicit concurrent mark sweep GC freed 1339(78KB) AllocSpace objects, 1(20KB) LOS objects, 23% free, 52MB/68MB, paused 363us total 19.081ms
08-03 23:38:14.883  1752  3375 I art     : Starting a blocking GC Explicit
08-03 23:38:14.899  1752  3375 I art     : Explicit concurrent mark sweep GC freed 20(704B) AllocSpace objects, 0(0B) LOS objects, 23% free, 52MB/68MB, paused 354us total 16.444ms
08-03 23:38:14.906  1752  3375 I art     : Starting a blocking GC Explicit
08-03 23:38:14.921  1752  3375 I art     : Explicit concurrent mark sweep GC freed 3(96B) AllocSpace objects, 0(0B) LOS objects, 23% free, 52MB/68MB, paused 325us total 15.014ms
08-03 23:38:14.927  1752  3375 I art     : Starting a blocking GC Explicit
08-03 23:38:14.943  1752  3375 I art     : Explicit concurrent mark sweep GC freed 3(96B) AllocSpace objects, 0(0B) LOS objects, 23% free, 52MB/68MB, paused 362us total 15.302ms
08-03 23:38:14.949  1752  3375 I art     : Starting a blocking GC Explicit
08-03 23:38:14.964  1752  3375 I art     : Explicit concurrent mark sweep GC freed 3(96B) AllocSpace objects, 0(0B) LOS objects, 23% free, 52MB/68MB, paused 327us total 15.102ms
08-03 23:38:15.159  3710  3710 D AndroidRuntime: >>>>>> START com.android.internal.os.RuntimeInit uid 2000 <<<<<<
08-03 23:38:15.163  3710  3710 D AndroidRuntime: CheckJNI is OFF
08-03 23:38:15.188  3710  3710 D ICU     : No timezone override file found: /data/misc/zoneinfo/current/icu/icu_tzdata.dat
08-03 23:38:15.213  3710  3710 I Radio-JNI: register_android_hardware_Radio DONE
08-03 23:38:15.216  1752  1765 I art     : Starting a blocking GC Explicit
08-03 23:38:15.230  3710  3710 D AndroidRuntime: Calling main entry com.android.commands.input.Input
08-03 23:38:15.231  3710  3710 I Input   : injectKeyEvent: KeyEvent { action=ACTION_DOWN, keyCode=KEYCODE_BACK, scanCode=0, metaState=0, flags=0x0, repeatCount=0, eventTime=661111645, downTime=661111645, deviceId=-1, source=0x101 }
08-03 23:38:15.233  1752  1765 I art     : Explicit concurrent mark sweep GC freed 1339(78KB) AllocSpace objects, 1(20KB) LOS objects, 23% free, 52MB/68MB, paused 405us total 16.397ms
08-03 23:38:15.237  3710  3710 I Input   : injectKeyEvent: KeyEvent { action=ACTION_UP, keyCode=KEYCODE_BACK, scanCode=0, metaState=0, flags=0x0, repeatCount=0, eventTime=661111645, downTime=661111645, deviceId=-1, source=0x101 }
08-03 23:38:15.240  1752  1765 I art     : Starting a blocking GC Explicit
08-03 23:38:15.243  3710  3710 D AndroidRuntime: Shutting down VM
08-03 23:38:15.248   518   646 I ThermalEngine: ACTION: GPU - Setting GPU[0] to 510000000
08-03 23:38:15.259  1752  1765 I art     : Explicit concurrent mark sweep GC freed 160(7KB) AllocSpace objects, 0(0B) LOS objects, 23% free, 52MB/68MB, paused 535us total 19.475ms
08-03 23:38:15.268  1752  1765 I art     : Starting a blocking GC Explicit
08-03 23:38:15.283 13866 13866 I GoogleInputMethodServic: GoogleInputMethodService.onFinishInput():3138 
08-03 23:38:15.283 13866 13866 I GoogleInputMethodServic: GoogleInputMethodService.onStartInput():1808 
08-03 23:38:15.286  1752  1765 I art     : Explicit concurrent mark sweep GC freed 12(432B) AllocSpace objects, 0(0B) LOS objects, 23% free, 52MB/68MB, paused 604us total 17.083ms
08-03 23:38:15.295  1752  1765 I art     : Starting a blocking GC Explicit
08-03 23:38:15.315  1752  1765 I art     : Explicit concurrent mark sweep GC freed 64(2256B) AllocSpace objects, 0(0B) LOS objects, 23% free, 52MB/68MB, paused 489us total 19.405ms
08-03 23:38:15.324  1752  1765 I art     : Starting a blocking GC Explicit
08-03 23:38:15.342  1752  1765 I art     : Explicit concurrent mark sweep GC freed 7(256B) AllocSpace objects, 0(0B) LOS objects, 23% free, 52MB/68MB, paused 435us total 18.307ms
08-03 23:38:15.603  1752  2234 I art     : Starting a blocking GC Explicit
08-03 23:38:15.624  1752  2234 I art     : Explicit concurrent mark sweep GC freed 1979(109KB) AllocSpace objects, 1(20KB) LOS objects, 23% free, 52MB/68MB, paused 448us total 20.587ms
08-03 23:38:15.632  1752  2234 I art     : Starting a blocking GC Explicit
08-03 23:38:15.651  1752  2234 I art     : Explicit concurrent mark sweep GC freed 2106(128KB) AllocSpace objects, 2(140KB) LOS objects, 23% free, 52MB/68MB, paused 444us total 18.961ms
08-03 23:38:15.660  1752  2234 I art     : Starting a blocking GC Explicit
08-03 23:38:15.679  1752  2234 I art     : Explicit concurrent mark sweep GC freed 3(96B) AllocSpace objects, 0(0B) LOS objects, 23% free, 52MB/68MB, paused 454us total 19.316ms
08-03 23:38:15.688  1752  2234 I art     : Starting a blocking GC Explicit
08-03 23:38:15.707  1752  2234 I art     : Explicit concurrent mark sweep GC freed 3(96B) AllocSpace objects, 0(0B) LOS objects, 23% free, 52MB/68MB, paused 503us total 19.249ms
08-03 23:38:15.716  1752  2234 I art     : Starting a blocking GC Explicit
08-03 23:38:15.736  1752  2234 I art     : Explicit concurrent mark sweep GC freed 3(96B) AllocSpace objects, 0(0B) LOS objects, 23% free, 52MB/68MB, paused 437us total 20.140ms
08-03 23:38:16.020  1752  1845 I art     : Starting a blocking GC Explicit
08-03 23:38:16.050  1752  1845 I art     : Explicit concurrent mark sweep GC freed 1339(78KB) AllocSpace objects, 1(20KB) LOS objects, 23% free, 52MB/68MB, paused 481us total 29.493ms
08-03 23:38:16.062  1752  1845 I art     : Starting a blocking GC Explicit
08-03 23:38:16.082  1752  1845 I art     : Explicit concurrent mark sweep GC freed 20(704B) AllocSpace objects, 0(0B) LOS objects, 23% free, 52MB/68MB, paused 439us total 20.381ms
08-03 23:38:16.091  1752  1845 I art     : Starting a blocking GC Explicit
08-03 23:38:16.111  1752  1845 I art     : Explicit concurrent mark sweep GC freed 3(96B) AllocSpace objects, 0(0B) LOS objects, 23% free, 52MB/68MB, paused 444us total 19.684ms
08-03 23:38:16.119  1752  1845 I art     : Starting a blocking GC Explicit
08-03 23:38:16.139  1752  1845 I art     : Explicit concurrent mark sweep GC freed 3(96B) AllocSpace objects, 0(0B) LOS objects, 23% free, 52MB/68MB, paused 441us total 19.798ms
08-03 23:38:16.148  1752  1845 I art     : Starting a blocking GC Explicit
08-03 23:38:16.168  1752  1845 I art     : Explicit concurrent mark sweep GC freed 3(96B) AllocSpace objects, 0(0B) LOS objects, 23% free, 52MB/68MB, paused 514us total 19.806ms
08-03 23:38:16.461  1752  3375 I art     : Starting a blocking GC Explicit
08-03 23:38:16.488  1752  3375 I art     : Explicit concurrent mark sweep GC freed 1337(78KB) AllocSpace objects, 1(20KB) LOS objects, 23% free, 52MB/68MB, paused 926us total 26.803ms
08-03 23:38:16.501  1752  3375 I art     : Starting a blocking GC Explicit
08-03 23:38:16.519  1752  3375 I art     : Explicit concurrent mark sweep GC freed 20(704B) AllocSpace objects, 0(0B) LOS objects, 23% free, 52MB/68MB, paused 449us total 18.267ms
08-03 23:38:16.527  1752  3375 I art     : Starting a blocking GC Explicit
08-03 23:38:16.546  1752  3375 I art     : Explicit concurrent mark sweep GC freed 3(96B) AllocSpace objects, 0(0B) LOS objects, 23% free, 52MB/68MB, paused 503us total 18.210ms
08-03 23:38:16.554  1752  3375 I art     : Starting a blocking GC Explicit
08-03 23:38:16.572  1752  3375 I art     : Explicit concurrent mark sweep GC freed 3(96B) AllocSpace objects, 0(0B) LOS objects, 23% free, 52MB/68MB, paused 450us total 18.173ms
08-03 23:38:16.580  1752  3375 I art     : Starting a blocking GC Explicit
08-03 23:38:16.599  1752  3375 I art     : Explicit concurrent mark sweep GC freed 3(96B) AllocSpace objects, 0(0B) LOS objects, 23% free, 52MB/68MB, paused 448us total 18.926ms
08-03 23:38:16.874  1752  1763 I art     : Starting a blocking GC Explicit
08-03 23:38:16.894  1752  1763 I art     : Explicit concurrent mark sweep GC freed 1337(78KB) AllocSpace objects, 1(20KB) LOS objects, 23% free, 52MB/68MB, paused 473us total 20.015ms
08-03 23:38:16.903  1752  1763 I art     : Starting a blocking GC Explicit
08-03 23:38:16.904  3776  3776 D AndroidRuntime: >>>>>> START com.android.internal.os.RuntimeInit uid 2000 <<<<<<
08-03 23:38:16.909  3776  3776 D AndroidRuntime: CheckJNI is OFF
08-03 23:38:16.923  1752  1763 I art     : Explicit concurrent mark sweep GC freed 20(704B) AllocSpace objects, 0(0B) LOS objects, 23% free, 52MB/68MB, paused 469us total 20.052ms
08-03 23:38:16.932  1752  1763 I art     : Starting a blocking GC Explicit
08-03 23:38:16.946  3776  3776 D ICU     : No timezone override file found: /data/misc/zoneinfo/current/icu/icu_tzdata.dat
08-03 23:38:16.950  1752  1763 I art     : Explicit concurrent mark sweep GC freed 3(96B) AllocSpace objects, 0(0B) LOS objects, 23% free, 52MB/68MB, paused 426us total 18.068ms
08-03 23:38:16.958  1752  1763 I art     : Starting a blocking GC Explicit
08-03 23:38:16.977  1752  1763 I art     : Explicit concurrent mark sweep GC freed 3(96B) AllocSpace objects, 0(0B) LOS objects, 23% free, 52MB/68MB, paused 566us total 18.409ms
08-03 23:38:16.979  3776  3776 I Radio-JNI: register_android_hardware_Radio DONE
08-03 23:38:16.985  1752  1763 I art     : Starting a blocking GC Explicit
08-03 23:38:17.002  3776  3776 D AndroidRuntime: Calling main entry com.android.commands.input.Input
08-03 23:38:17.003  3776  3776 I Input   : injectMotionEvent: MotionEvent { action=ACTION_DOWN, actionButton=0, id[0]=0, x[0]=1053.0, y[0]=1173.0, toolType[0]=TOOL_TYPE_UNKNOWN, buttonState=0, metaState=0, flags=0x0, edgeFlags=0x0, pointerCount=1, historySize=0, eventTime=661113416, downTime=661113416, deviceId=0, source=0x1002 }
08-03 23:38:17.004  1752  1763 I art     : Explicit concurrent mark sweep GC freed 3(96B) AllocSpace objects, 0(0B) LOS objects, 23% free, 52MB/68MB, paused 530us total 18.831ms
08-03 23:38:17.009  3776  3776 I Input   : injectMotionEvent: MotionEvent { action=ACTION_UP, actionButton=0, id[0]=0, x[0]=1053.0, y[0]=1173.0, toolType[0]=TOOL_TYPE_UNKNOWN, buttonState=0, metaState=0, flags=0x0, edgeFlags=0x0, pointerCount=1, historySize=0, eventTime=661113416, downTime=661113416, deviceId=0, source=0x1002 }
08-03 23:38:17.011   918  3359 I ActivityManager: START u0 {cmp=baseline.appteam.nith.hillffair/.activities.QuizActivity} from uid 10651 on display 0
08-03 23:38:17.020  3776  3776 D AndroidRuntime: Shutting down VM
08-03 23:38:17.138   918   936 I ActivityManager: Displayed baseline.appteam.nith.hillffair/.activities.QuizActivity: +118ms
08-03 23:38:17.139 13866 13866 I GoogleInputMethodServic: GoogleInputMethodService.onFinishInput():3138 
08-03 23:38:17.139 13866 13866 I GoogleInputMethodServic: GoogleInputMethodService.onStartInput():1808 
08-03 23:38:17.259  1752  1763 I art     : Starting a blocking GC Explicit
08-03 23:38:17.283  1752  1763 I art     : Explicit concurrent mark sweep GC freed 2183(143KB) AllocSpace objects, 1(20KB) LOS objects, 23% free, 52MB/68MB, paused 453us total 24.043ms
08-03 23:38:17.293  1752  1763 I art     : Starting a blocking GC Explicit
08-03 23:38:17.314  1752  1763 I art     : Explicit concurrent mark sweep GC freed 180(8KB) AllocSpace objects, 0(0B) LOS objects, 23% free, 52MB/68MB, paused 404us total 20.877ms
08-03 23:38:17.322  1752  1763 I art     : Starting a blocking GC Explicit
08-03 23:38:17.344  1752  1763 I art     : Explicit concurrent mark sweep GC freed 3(96B) AllocSpace objects, 0(0B) LOS objects, 23% free, 52MB/68MB, paused 430us total 21.270ms
08-03 23:38:17.354  1752  1763 I art     : Starting a blocking GC Explicit
08-03 23:38:17.376  1752  1763 I art     : Explicit concurrent mark sweep GC freed 3(96B) AllocSpace objects, 0(0B) LOS objects, 23% free, 52MB/68MB, paused 442us total 21.828ms
08-03 23:38:17.386  1752  1763 I art     : Starting a blocking GC Explicit
08-03 23:38:17.394   380   380 W SurfaceFlinger: couldn't log to binary event log: overflow.
08-03 23:38:17.408  1752  1763 I art     : Explicit concurrent mark sweep GC freed 3(96B) AllocSpace objects, 0(0B) LOS objects, 23% free, 52MB/68MB, paused 441us total 22ms
08-03 23:38:17.695  1752  1763 I art     : Starting a blocking GC Explicit
08-03 23:38:17.723  1752  1763 I art     : Explicit concurrent mark sweep GC freed 1409(82KB) AllocSpace objects, 1(20KB) LOS objects, 23% free, 52MB/68MB, paused 489us total 27.131ms
08-03 23:38:17.735  1752  1763 I art     : Starting a blocking GC Explicit
08-03 23:38:17.759  1752  1763 I art     : Explicit concurrent mark sweep GC freed 20(704B) AllocSpace objects, 0(0B) LOS objects, 23% free, 52MB/68MB, paused 455us total 23.750ms
08-03 23:38:17.767  1752  1763 I art     : Starting a blocking GC Explicit
08-03 23:38:17.788  1752  1763 I art     : Explicit concurrent mark sweep GC freed 3(96B) AllocSpace objects, 0(0B) LOS objects, 23% free, 52MB/68MB, paused 460us total 20.581ms
08-03 23:38:17.797  1752  1763 I art     : Starting a blocking GC Explicit
08-03 23:38:17.818  1752  1763 I art     : Explicit concurrent mark sweep GC freed 3(96B) AllocSpace objects, 0(0B) LOS objects, 23% free, 52MB/68MB, paused 452us total 20.820ms
08-03 23:38:17.827  1752  1763 I art     : Starting a blocking GC Explicit
08-03 23:38:17.848  1752  1763 I art     : Explicit concurrent mark sweep GC freed 3(96B) AllocSpace objects, 0(0B) LOS objects, 23% free, 52MB/68MB, paused 465us total 20.789ms
08-03 23:38:18.129  1752  1765 I art     : Starting a blocking GC Explicit
08-03 23:38:18.154  1752  1765 I art     : Explicit concurrent mark sweep GC freed 1339(78KB) AllocSpace objects, 1(20KB) LOS objects, 23% free, 52MB/68MB, paused 520us total 25.543ms
08-03 23:38:18.163  1752  1765 I art     : Starting a blocking GC Explicit
08-03 23:38:18.184  1752  1765 I art     : Explicit concurrent mark sweep GC freed 20(704B) AllocSpace objects, 0(0B) LOS objects, 23% free, 52MB/68MB, paused 457us total 20.947ms
08-03 23:38:18.193  1752  1765 I art     : Starting a blocking GC Explicit
08-03 23:38:18.214  1752  1765 I art     : Explicit concurrent mark sweep GC freed 16(704B) AllocSpace objects, 0(0B) LOS objects, 23% free, 52MB/68MB, paused 433us total 20.843ms
08-03 23:38:18.223  1752  1765 I art     : Starting a blocking GC Explicit
08-03 23:38:18.244  1752  1765 I art     : Explicit concurrent mark sweep GC freed 17(528B) AllocSpace objects, 0(0B) LOS objects, 23% free, 52MB/68MB, paused 467us total 20.303ms
08-03 23:38:18.252  1752  1765 I art     : Starting a blocking GC Explicit
08-03 23:38:18.273  1752  1765 I art     : Explicit concurrent mark sweep GC freed 3(96B) AllocSpace objects, 0(0B) LOS objects, 23% free, 52MB/68MB, paused 422us total 20.688ms
08-03 23:38:18.560  1752  3375 I art     : Starting a blocking GC Explicit
08-03 23:38:18.589  1752  3375 I art     : Explicit concurrent mark sweep GC freed 1339(78KB) AllocSpace objects, 1(20KB) LOS objects, 23% free, 52MB/68MB, paused 483us total 28.407ms
08-03 23:38:18.601  1752  3375 I art     : Starting a blocking GC Explicit
08-03 23:38:18.622  1752  3375 I art     : Explicit concurrent mark sweep GC freed 20(704B) AllocSpace objects, 0(0B) LOS objects, 23% free, 52MB/68MB, paused 434us total 20.309ms
08-03 23:38:18.630  1752  3375 I art     : Starting a blocking GC Explicit
08-03 23:38:18.651  1752  3375 I art     : Explicit concurrent mark sweep GC freed 3(96B) AllocSpace objects, 0(0B) LOS objects, 23% free, 52MB/68MB, paused 431us total 20.502ms
08-03 23:38:18.660  1752  3375 I art     : Starting a blocking GC Explicit
08-03 23:38:18.687  1752  3375 I art     : Explicit concurrent mark sweep GC freed 6(192B) AllocSpace objects, 0(0B) LOS objects, 23% free, 52MB/68MB, paused 1.079ms total 27.134ms
08-03 23:38:18.697  1752  3375 I art     : Starting a blocking GC Explicit
08-03 23:38:18.716  1752  3375 I art     : Explicit concurrent mark sweep GC freed 8(256B) AllocSpace objects, 0(0B) LOS objects, 23% free, 52MB/68MB, paused 385us total 18.844ms
08-03 23:38:19.021  1752  1763 I art     : Starting a blocking GC Explicit
08-03 23:38:19.043  1752  1763 I art     : Explicit concurrent mark sweep GC freed 1361(78KB) AllocSpace objects, 1(20KB) LOS objects, 23% free, 52MB/68MB, paused 425us total 21.201ms
08-03 23:38:19.051  1752  1763 I art     : Starting a blocking GC Explicit
08-03 23:38:19.073  1752  1763 I art     : Explicit concurrent mark sweep GC freed 20(704B) AllocSpace objects, 0(0B) LOS objects, 23% free, 52MB/68MB, paused 449us total 21.095ms
08-03 23:38:19.082  1752  1763 I art     : Starting a blocking GC Explicit
08-03 23:38:19.103  1752  1763 I art     : Explicit concurrent mark sweep GC freed 3(96B) AllocSpace objects, 0(0B) LOS objects, 23% free, 52MB/68MB, paused 486us total 20.846ms
08-03 23:38:19.112  1752  1763 I art     : Starting a blocking GC Explicit
08-03 23:38:19.133  1752  1763 I art     : Explicit concurrent mark sweep GC freed 3(96B) AllocSpace objects, 0(0B) LOS objects, 23% free, 52MB/68MB, paused 483us total 20.825ms
08-03 23:38:19.141  1752  1763 I art     : Starting a blocking GC Explicit
08-03 23:38:19.162  1752  1763 I art     : Explicit concurrent mark sweep GC freed 3(96B) AllocSpace objects, 0(0B) LOS objects, 23% free, 52MB/68MB, paused 442us total 20.612ms
08-03 23:38:19.436  1752  1765 I art     : Starting a blocking GC Explicit
08-03 23:38:19.460  1752  1765 I art     : Explicit concurrent mark sweep GC freed 1339(78KB) AllocSpace objects, 1(20KB) LOS objects, 23% free, 52MB/68MB, paused 593us total 23.998ms
08-03 23:38:19.473  1752  1765 I art     : Starting a blocking GC Explicit
08-03 23:38:19.493  1752  1765 I art     : Explicit concurrent mark sweep GC freed 20(704B) AllocSpace objects, 0(0B) LOS objects, 23% free, 52MB/68MB, paused 446us total 19.898ms
08-03 23:38:19.501  1752  1765 I art     : Starting a blocking GC Explicit
08-03 23:38:19.522  1752  1765 I art     : Explicit concurrent mark sweep GC freed 3(96B) AllocSpace objects, 0(0B) LOS objects, 23% free, 52MB/68MB, paused 434us total 20.418ms
08-03 23:38:19.530  1752  1765 I art     : Starting a blocking GC Explicit
08-03 23:38:19.550  1752  1765 I art     : Explicit concurrent mark sweep GC freed 3(96B) AllocSpace objects, 0(0B) LOS objects, 23% free, 52MB/68MB, paused 432us total 19.691ms
08-03 23:38:19.558  1752  1765 I art     : Starting a blocking GC Explicit
08-03 23:38:19.579  1752  1765 I art     : Explicit concurrent mark sweep GC freed 3(96B) AllocSpace objects, 0(0B) LOS objects, 23% free, 52MB/68MB, paused 431us total 19.885ms
08-03 23:38:19.723  3868  3868 D AndroidRuntime: >>>>>> START com.android.internal.os.RuntimeInit uid 2000 <<<<<<
08-03 23:38:19.729  3868  3868 D AndroidRuntime: CheckJNI is OFF
08-03 23:38:19.763  3868  3868 D ICU     : No timezone override file found: /data/misc/zoneinfo/current/icu/icu_tzdata.dat
08-03 23:38:19.795  3868  3868 I Radio-JNI: register_android_hardware_Radio DONE
08-03 23:38:19.817  3868  3868 D AndroidRuntime: Calling main entry com.android.commands.input.Input
08-03 23:38:19.819  3868  3868 I Input   : injectMotionEvent: MotionEvent { action=ACTION_DOWN, actionButton=0, id[0]=0, x[0]=756.0, y[0]=1530.0, toolType[0]=TOOL_TYPE_UNKNOWN, buttonState=0, metaState=0, flags=0x0, edgeFlags=0x0, pointerCount=1, historySize=0, eventTime=661116231, downTime=661116231, deviceId=0, source=0x1002 }
08-03 23:38:19.824  3868  3868 I Input   : injectMotionEvent: MotionEvent { action=ACTION_UP, actionButton=0, id[0]=0, x[0]=756.0, y[0]=1530.0, toolType[0]=TOOL_TYPE_UNKNOWN, buttonState=0, metaState=0, flags=0x0, edgeFlags=0x0, pointerCount=1, historySize=0, eventTime=661116231, downTime=661116231, deviceId=0, source=0x1002 }
08-03 23:38:19.826  3868  3868 D AndroidRuntime: Shutting down VM
08-03 23:38:19.835   918  6110 I ActivityManager: START u0 {cmp=baseline.appteam.nith.hillffair/.activities.LeaderBoardActivity} from uid 10651 on display 0
08-03 23:38:19.836   512  2967 D audio_hw_primary: out_set_parameters: enter: usecase(1: low-latency-playback) kvpairs: routing=2
08-03 23:38:19.849   512  2967 D audio_hw_primary: select_devices: out_snd_device(2: speaker) in_snd_device(0: none)
08-03 23:38:19.849   512  2967 D msm8974_platform: platform_send_audio_calibration: sending audio calibration for snd_device(2) acdb_id(15)
08-03 23:38:19.849   512  2967 I soundtrigger: audio_extn_sound_trigger_update_device_status: device 0x2 of type 0 for Event 1
08-03 23:38:19.859   512  2967 D audio_hw_primary: enable_snd_device: snd_device(2: speaker)
08-03 23:38:19.861   512  2967 D audio_hw_primary: enable_audio_route: apply and update mixer path: low-latency-playback speaker
08-03 23:38:19.883  1752  1765 I art     : Starting a blocking GC Explicit
08-03 23:38:19.903  1752  1765 I art     : Explicit concurrent mark sweep GC freed 6225(367KB) AllocSpace objects, 1(20KB) LOS objects, 23% free, 52MB/68MB, paused 459us total 19.744ms
08-03 23:38:19.911  1752  1765 I art     : Starting a blocking GC Explicit
08-03 23:38:19.931  1752  1765 I art     : Explicit concurrent mark sweep GC freed 320(16KB) AllocSpace objects, 0(0B) LOS objects, 23% free, 52MB/68MB, paused 749us total 19.758ms
08-03 23:38:19.941  1752  1765 I art     : Starting a blocking GC Explicit
08-03 23:38:19.955  1752  1752 E RecyclerView: No adapter attached; skipping layout
08-03 23:38:19.957  1752  1752 E RecyclerView: No adapter attached; skipping layout
08-03 23:38:19.962  1752  1765 I art     : Explicit concurrent mark sweep GC freed 99(3KB) AllocSpace objects, 0(0B) LOS objects, 23% free, 52MB/68MB, paused 628us total 20.126ms
08-03 23:38:19.973  1752  1765 I art     : Starting a blocking GC Explicit
08-03 23:38:19.979   918   936 I ActivityManager: Displayed baseline.appteam.nith.hillffair/.activities.LeaderBoardActivity: +135ms
08-03 23:38:19.980 13866 13866 I GoogleInputMethodServic: GoogleInputMethodService.onFinishInput():3138 
08-03 23:38:19.980  1752  1752 E RecyclerView: No adapter attached; skipping layout
08-03 23:38:19.981 13866 13866 I GoogleInputMethodServic: GoogleInputMethodService.onStartInput():1808 
08-03 23:38:19.992  1752  1765 I art     : Explicit concurrent mark sweep GC freed 64(2448B) AllocSpace objects, 0(0B) LOS objects, 23% free, 52MB/68MB, paused 439us total 18.810ms
08-03 23:38:19.998  1752  1780 D OpenGLRenderer: endAllStagingAnimators on 0x7f812b0000 (RippleDrawable) with handle 0x7f7fddb6a0
08-03 23:38:20.001  1752  1765 I art     : Starting a blocking GC Explicit
08-03 23:38:20.021  1752  1765 I art     : Explicit concurrent mark sweep GC freed 14(560B) AllocSpace objects, 0(0B) LOS objects, 23% free, 52MB/68MB, paused 472us total 19.227ms
08-03 23:38:20.213   380   380 W SurfaceFlinger: couldn't log to binary event log: overflow.
08-03 23:38:20.258  1752  3375 I art     : Starting a blocking GC Explicit
08-03 23:38:20.278  1752  3375 I art     : Explicit concurrent mark sweep GC freed 1386(79KB) AllocSpace objects, 1(20KB) LOS objects, 23% free, 52MB/68MB, paused 496us total 19.403ms
08-03 23:38:20.286  1752  3375 I art     : Starting a blocking GC Explicit
08-03 23:38:20.305  1752  3375 I art     : Explicit concurrent mark sweep GC freed 21(736B) AllocSpace objects, 0(0B) LOS objects, 23% free, 52MB/68MB, paused 434us total 18.862ms
08-03 23:38:20.313  1752  3375 I art     : Starting a blocking GC Explicit
08-03 23:38:20.333  1752  3375 I art     : Explicit concurrent mark sweep GC freed 855(64KB) AllocSpace objects, 2(120KB) LOS objects, 23% free, 53MB/69MB, paused 719us total 19.942ms
08-03 23:38:20.341  1752  3375 I art     : Starting a blocking GC Explicit
08-03 23:38:20.349  1752  3908 D OkHttp  : --> GET https://api-hillfair-2k16.herokuapp.com/api/app/quiz/leaderboard?from=1 http/1.1
08-03 23:38:20.364  1752  3375 I art     : Explicit concurrent mark sweep GC freed 2304(131KB) AllocSpace objects, 1(80KB) LOS objects, 23% free, 53MB/69MB, paused 621us total 22.297ms
08-03 23:38:20.373  1752  3375 I art     : Starting a blocking GC Explicit
08-03 23:38:20.387  1752  3908 D OkHttp  : <-- 200 OK https://api-hillfair-2k16.herokuapp.com/api/app/quiz/leaderboard?from=1 (37ms, 56744-byte body)
08-03 23:38:20.393  1752  3375 I art     : Explicit concurrent mark sweep GC freed 707(97KB) AllocSpace objects, 0(0B) LOS objects, 23% free, 53MB/69MB, paused 540us total 19.569ms
08-03 23:38:20.399   512  2967 D audio_hw_primary: disable_audio_route: reset and update mixer path: low-latency-playback speaker
08-03 23:38:20.400   512  2967 D audio_hw_primary: disable_snd_device: snd_device(2: speaker)
08-03 23:38:20.408   512  2967 I soundtrigger: audio_extn_sound_trigger_update_device_status: device 0x2 of type 0 for Event 0
08-03 23:38:20.450  1752  1752 I NAPPA_EXPERIMENTATION: MetricNetworkRequestExecutionTime: REQUEST_DURATION_SYSTEM='582',REQUEST_DURATION_OKHTTP='37',REQUEST_SYNCHRONOUS='FALSE',RESPONSE_CODE='200',RESPONSE_METHOD='GET',RESPONSE_LENGTH_OKHTTP='56744',RESPONSE_LENGTH_HEADER='56744',REQUEST_PROTOCOL='http/1.1',REQUEST_URL='https://api-hillfair-2k16.herokuapp.com/api/app/quiz/leaderboard?from=1',
08-03 23:38:20.648  1752  2234 I art     : Starting a blocking GC Explicit
08-03 23:38:20.673  1752  2234 I art     : Explicit concurrent mark sweep GC freed 27521(1283KB) AllocSpace objects, 1(20KB) LOS objects, 23% free, 53MB/69MB, paused 458us total 24.942ms
08-03 23:38:20.682  1752  2234 I art     : Starting a blocking GC Explicit
08-03 23:38:20.704  1752  2234 I art     : Explicit concurrent mark sweep GC freed 87(3KB) AllocSpace objects, 0(0B) LOS objects, 23% free, 53MB/69MB, paused 461us total 22.258ms
08-03 23:38:20.713  1752  2234 I art     : Starting a blocking GC Explicit
08-03 23:38:20.736  1752  2234 I art     : Explicit concurrent mark sweep GC freed 3(96B) AllocSpace objects, 0(0B) LOS objects, 23% free, 53MB/69MB, paused 492us total 22.744ms
08-03 23:38:20.745  1752  2234 I art     : Starting a blocking GC Explicit
08-03 23:38:20.768  1752  2234 I art     : Explicit concurrent mark sweep GC freed 3(96B) AllocSpace objects, 0(0B) LOS objects, 23% free, 53MB/69MB, paused 477us total 22.816ms
08-03 23:38:20.777  1752  2234 I art     : Starting a blocking GC Explicit
08-03 23:38:20.801  1752  2234 I art     : Explicit concurrent mark sweep GC freed 3(96B) AllocSpace objects, 0(0B) LOS objects, 23% free, 53MB/69MB, paused 469us total 23.170ms
08-03 23:38:21.090  1752  1765 I art     : Starting a blocking GC Explicit
08-03 23:38:21.120  1752  1765 I art     : Explicit concurrent mark sweep GC freed 1343(78KB) AllocSpace objects, 1(20KB) LOS objects, 23% free, 53MB/69MB, paused 513us total 29.208ms
08-03 23:38:21.132  1752  1765 I art     : Starting a blocking GC Explicit
08-03 23:38:21.155  1752  1765 I art     : Explicit concurrent mark sweep GC freed 20(704B) AllocSpace objects, 0(0B) LOS objects, 23% free, 53MB/69MB, paused 473us total 22.718ms
08-03 23:38:21.164  1752  1765 I art     : Starting a blocking GC Explicit
08-03 23:38:21.188  1752  1765 I art     : Explicit concurrent mark sweep GC freed 3(96B) AllocSpace objects, 0(0B) LOS objects, 23% free, 53MB/69MB, paused 476us total 23.331ms
08-03 23:38:21.197  1752  1765 I art     : Starting a blocking GC Explicit
08-03 23:38:21.220  1752  1765 I art     : Explicit concurrent mark sweep GC freed 3(96B) AllocSpace objects, 0(0B) LOS objects, 23% free, 53MB/69MB, paused 472us total 22.800ms
08-03 23:38:21.229  1752  1765 I art     : Starting a blocking GC Explicit
08-03 23:38:21.252  1752  1765 I art     : Explicit concurrent mark sweep GC freed 3(96B) AllocSpace objects, 0(0B) LOS objects, 23% free, 53MB/69MB, paused 475us total 22.799ms
08-03 23:38:21.554  1752  3375 I art     : Starting a blocking GC Explicit
08-03 23:38:21.583  1752  3375 I art     : Explicit concurrent mark sweep GC freed 1343(78KB) AllocSpace objects, 1(20KB) LOS objects, 23% free, 53MB/69MB, paused 505us total 28.704ms
08-03 23:38:21.593  1752  3375 I art     : Starting a blocking GC Explicit
08-03 23:38:21.617  1752  3375 I art     : Explicit concurrent mark sweep GC freed 20(704B) AllocSpace objects, 0(0B) LOS objects, 23% free, 53MB/69MB, paused 439us total 23.039ms
08-03 23:38:21.626  1752  3375 I art     : Starting a blocking GC Explicit
08-03 23:38:21.648  1752  3375 I art     : Explicit concurrent mark sweep GC freed 3(96B) AllocSpace objects, 0(0B) LOS objects, 23% free, 53MB/69MB, paused 456us total 22.647ms
08-03 23:38:21.657  1752  3375 I art     : Starting a blocking GC Explicit
08-03 23:38:21.680  1752  3375 I art     : Explicit concurrent mark sweep GC freed 3(96B) AllocSpace objects, 0(0B) LOS objects, 23% free, 53MB/69MB, paused 470us total 22.717ms
08-03 23:38:21.689  1752  3375 I art     : Starting a blocking GC Explicit
08-03 23:38:21.713  1752  3375 I art     : Explicit concurrent mark sweep GC freed 3(96B) AllocSpace objects, 0(0B) LOS objects, 23% free, 53MB/69MB, paused 462us total 22.991ms
08-03 23:38:22.024  1752  1845 I art     : Starting a blocking GC Explicit
08-03 23:38:22.052  1752  1845 I art     : Explicit concurrent mark sweep GC freed 1343(78KB) AllocSpace objects, 1(20KB) LOS objects, 23% free, 53MB/69MB, paused 533us total 28.398ms
08-03 23:38:22.063  1752  1845 I art     : Starting a blocking GC Explicit
08-03 23:38:22.086  1752  1845 I art     : Explicit concurrent mark sweep GC freed 20(704B) AllocSpace objects, 0(0B) LOS objects, 23% free, 53MB/69MB, paused 470us total 22.952ms
08-03 23:38:22.095  1752  1845 I art     : Starting a blocking GC Explicit
08-03 23:38:22.118  1752  1845 I art     : Explicit concurrent mark sweep GC freed 3(96B) AllocSpace objects, 0(0B) LOS objects, 23% free, 53MB/69MB, paused 477us total 22.933ms
08-03 23:38:22.127  1752  1845 I art     : Starting a blocking GC Explicit
08-03 23:38:22.150  1752  1845 I art     : Explicit concurrent mark sweep GC freed 3(96B) AllocSpace objects, 0(0B) LOS objects, 23% free, 53MB/69MB, paused 463us total 22.861ms
08-03 23:38:22.159  1752  1845 I art     : Starting a blocking GC Explicit
08-03 23:38:22.182  1752  1845 I art     : Explicit concurrent mark sweep GC freed 3(96B) AllocSpace objects, 0(0B) LOS objects, 23% free, 53MB/69MB, paused 483us total 22.762ms
08-03 23:38:22.514  1752  1763 I art     : Starting a blocking GC Explicit
08-03 23:38:22.547  1752  1763 I art     : Explicit concurrent mark sweep GC freed 1343(78KB) AllocSpace objects, 1(20KB) LOS objects, 23% free, 53MB/69MB, paused 565us total 32.547ms
08-03 23:38:22.559  1752  1763 I art     : Starting a blocking GC Explicit
08-03 23:38:22.583  1752  1763 I art     : Explicit concurrent mark sweep GC freed 20(704B) AllocSpace objects, 0(0B) LOS objects, 23% free, 53MB/69MB, paused 469us total 23.363ms
08-03 23:38:22.592  1752  1763 I art     : Starting a blocking GC Explicit
08-03 23:38:22.615  1752  1763 I art     : Explicit concurrent mark sweep GC freed 3(96B) AllocSpace objects, 0(0B) LOS objects, 23% free, 53MB/69MB, paused 451us total 22.925ms
08-03 23:38:22.624  1752  1763 I art     : Starting a blocking GC Explicit
08-03 23:38:22.647  1752  1763 I art     : Explicit concurrent mark sweep GC freed 3(96B) AllocSpace objects, 0(0B) LOS objects, 23% free, 53MB/69MB, paused 466us total 23.064ms
08-03 23:38:22.657  1752  1763 I art     : Starting a blocking GC Explicit
08-03 23:38:22.680  1752  1763 I art     : Explicit concurrent mark sweep GC freed 3(96B) AllocSpace objects, 0(0B) LOS objects, 23% free, 53MB/69MB, paused 469us total 23.037ms
08-03 23:38:22.987  1752  2234 I art     : Starting a blocking GC Explicit
08-03 23:38:23.016  1752  2234 I art     : Explicit concurrent mark sweep GC freed 1343(78KB) AllocSpace objects, 1(20KB) LOS objects, 23% free, 53MB/69MB, paused 513us total 28.882ms
08-03 23:38:23.029  1752  2234 I art     : Starting a blocking GC Explicit
08-03 23:38:23.051  1752  2234 I art     : Explicit concurrent mark sweep GC freed 20(704B) AllocSpace objects, 0(0B) LOS objects, 23% free, 53MB/69MB, paused 470us total 21.967ms
08-03 23:38:23.060  1752  2234 I art     : Starting a blocking GC Explicit
08-03 23:38:23.083  1752  2234 I art     : Explicit concurrent mark sweep GC freed 3(96B) AllocSpace objects, 0(0B) LOS objects, 23% free, 53MB/69MB, paused 477us total 22.686ms
08-03 23:38:23.092  1752  2234 I art     : Starting a blocking GC Explicit
08-03 23:38:23.115  1752  2234 I art     : Explicit concurrent mark sweep GC freed 3(96B) AllocSpace objects, 0(0B) LOS objects, 23% free, 53MB/69MB, paused 464us total 22.675ms
08-03 23:38:23.124  1752  2234 I art     : Starting a blocking GC Explicit
08-03 23:38:23.148  1752  2234 I art     : Explicit concurrent mark sweep GC freed 3(96B) AllocSpace objects, 0(0B) LOS objects, 23% free, 53MB/69MB, paused 505us total 23.349ms
08-03 23:38:23.451  1752  1765 I art     : Starting a blocking GC Explicit
08-03 23:38:23.484  1752  1765 I art     : Explicit concurrent mark sweep GC freed 1343(78KB) AllocSpace objects, 1(20KB) LOS objects, 23% free, 53MB/69MB, paused 561us total 32.714ms
08-03 23:38:23.498  1752  1765 I art     : Starting a blocking GC Explicit
08-03 23:38:23.521  1752  1765 I art     : Explicit concurrent mark sweep GC freed 20(704B) AllocSpace objects, 0(0B) LOS objects, 23% free, 53MB/69MB, paused 482us total 23.202ms
08-03 23:38:23.531  1752  1765 I art     : Starting a blocking GC Explicit
08-03 23:38:23.553  1752  1765 I art     : Explicit concurrent mark sweep GC freed 3(96B) AllocSpace objects, 0(0B) LOS objects, 23% free, 53MB/69MB, paused 468us total 22.496ms
08-03 23:38:23.562  1752  1765 I art     : Starting a blocking GC Explicit
08-03 23:38:23.586  1752  1765 I art     : Explicit concurrent mark sweep GC freed 3(96B) AllocSpace objects, 0(0B) LOS objects, 23% free, 53MB/69MB, paused 480us total 23.230ms
08-03 23:38:23.595  1752  1765 I art     : Starting a blocking GC Explicit
08-03 23:38:23.619  1752  1765 I art     : Explicit concurrent mark sweep GC freed 3(96B) AllocSpace objects, 0(0B) LOS objects, 23% free, 53MB/69MB, paused 468us total 23.571ms
08-03 23:38:23.927  1752  3375 I art     : Starting a blocking GC Explicit
08-03 23:38:23.954  1752  3375 I art     : Explicit concurrent mark sweep GC freed 1343(78KB) AllocSpace objects, 1(20KB) LOS objects, 23% free, 53MB/69MB, paused 495us total 26.811ms
08-03 23:38:23.965  1752  3375 I art     : Starting a blocking GC Explicit
08-03 23:38:23.989  1752  3375 I art     : Explicit concurrent mark sweep GC freed 20(704B) AllocSpace objects, 0(0B) LOS objects, 23% free, 53MB/69MB, paused 476us total 23.224ms
08-03 23:38:23.998  1752  3375 I art     : Starting a blocking GC Explicit
08-03 23:38:24.021  1752  3375 I art     : Explicit concurrent mark sweep GC freed 3(96B) AllocSpace objects, 0(0B) LOS objects, 23% free, 53MB/69MB, paused 467us total 22.504ms
08-03 23:38:24.030  1752  3375 I art     : Starting a blocking GC Explicit
08-03 23:38:24.052  1752  3375 I art     : Explicit concurrent mark sweep GC freed 3(96B) AllocSpace objects, 0(0B) LOS objects, 23% free, 53MB/69MB, paused 420us total 22.452ms
08-03 23:38:24.062  1752  3375 I art     : Starting a blocking GC Explicit
08-03 23:38:24.084  1752  3375 I art     : Explicit concurrent mark sweep GC freed 3(96B) AllocSpace objects, 0(0B) LOS objects, 23% free, 53MB/69MB, paused 444us total 22.360ms
08-03 23:38:24.085  1752  1762 I art     : WaitForGcToComplete blocked for 11.501ms for cause HeapTrim
08-03 23:38:24.385  1752  1845 I art     : Starting a blocking GC Explicit
08-03 23:38:24.408  1752  1845 I art     : Explicit concurrent mark sweep GC freed 1343(78KB) AllocSpace objects, 1(20KB) LOS objects, 23% free, 53MB/69MB, paused 499us total 23.168ms
08-03 23:38:24.417  1752  1845 I art     : Starting a blocking GC Explicit
08-03 23:38:24.439  1752  1845 I art     : Explicit concurrent mark sweep GC freed 20(704B) AllocSpace objects, 0(0B) LOS objects, 23% free, 53MB/69MB, paused 470us total 22.138ms
08-03 23:38:24.448  1752  1845 I art     : Starting a blocking GC Explicit
08-03 23:38:24.470  1752  1845 I art     : Explicit concurrent mark sweep GC freed 3(96B) AllocSpace objects, 0(0B) LOS objects, 23% free, 53MB/69MB, paused 470us total 21.967ms
08-03 23:38:24.479  1752  1845 I art     : Starting a blocking GC Explicit
08-03 23:38:24.493  4022  4022 D AndroidRuntime: >>>>>> START com.android.internal.os.RuntimeInit uid 2000 <<<<<<
08-03 23:38:24.498  4022  4022 D AndroidRuntime: CheckJNI is OFF
08-03 23:38:24.501  1752  1845 I art     : Explicit concurrent mark sweep GC freed 3(96B) AllocSpace objects, 0(0B) LOS objects, 23% free, 53MB/69MB, paused 492us total 22.018ms
08-03 23:38:24.510  1752  1845 I art     : Starting a blocking GC Explicit
08-03 23:38:24.532  1752  1845 I art     : Explicit concurrent mark sweep GC freed 3(96B) AllocSpace objects, 0(0B) LOS objects, 23% free, 53MB/69MB, paused 486us total 21.380ms
08-03 23:38:24.533  4022  4022 D ICU     : No timezone override file found: /data/misc/zoneinfo/current/icu/icu_tzdata.dat
08-03 23:38:24.566  4022  4022 I Radio-JNI: register_android_hardware_Radio DONE
08-03 23:38:24.588  4022  4022 D AndroidRuntime: Calling main entry com.android.commands.input.Input
08-03 23:38:24.590  4022  4022 I Input   : injectKeyEvent: KeyEvent { action=ACTION_DOWN, keyCode=KEYCODE_BACK, scanCode=0, metaState=0, flags=0x0, repeatCount=0, eventTime=661121003, downTime=661121003, deviceId=-1, source=0x101 }
08-03 23:38:24.596  4022  4022 I Input   : injectKeyEvent: KeyEvent { action=ACTION_UP, keyCode=KEYCODE_BACK, scanCode=0, metaState=0, flags=0x0, repeatCount=0, eventTime=661121003, downTime=661121003, deviceId=-1, source=0x101 }
08-03 23:38:24.603  4022  4022 D AndroidRuntime: Shutting down VM
08-03 23:38:24.648 13866 13866 I GoogleInputMethodServic: GoogleInputMethodService.onFinishInput():3138 
08-03 23:38:24.649 13866 13866 I GoogleInputMethodServic: GoogleInputMethodService.onStartInput():1808 
08-03 23:38:24.776  1752  1845 I art     : Starting a blocking GC Explicit
08-03 23:38:24.800  1752  1845 I art     : Explicit concurrent mark sweep GC freed 1481(84KB) AllocSpace objects, 1(20KB) LOS objects, 23% free, 53MB/69MB, paused 481us total 23.740ms
08-03 23:38:24.812  1752  1845 I art     : Starting a blocking GC Explicit
08-03 23:38:24.835  1752  1845 I art     : Explicit concurrent mark sweep GC freed 26(944B) AllocSpace objects, 0(0B) LOS objects, 23% free, 53MB/69MB, paused 471us total 23.273ms
08-03 23:38:24.845  1752  1845 I art     : Starting a blocking GC Explicit
08-03 23:38:24.866  1752  1845 I art     : Explicit concurrent mark sweep GC freed 3(96B) AllocSpace objects, 0(0B) LOS objects, 23% free, 53MB/69MB, paused 449us total 20.943ms
08-03 23:38:24.878  1752  1845 I art     : Starting a blocking GC Explicit
08-03 23:38:24.903  1752  1845 I art     : Explicit concurrent mark sweep GC freed 3(96B) AllocSpace objects, 0(0B) LOS objects, 23% free, 53MB/69MB, paused 419us total 23.891ms
08-03 23:38:24.915  1752  1845 I art     : Starting a blocking GC Explicit
08-03 23:38:24.935   380   380 W SurfaceFlinger: couldn't log to binary event log: overflow.
08-03 23:38:24.937  1752  1845 I art     : Explicit concurrent mark sweep GC freed 83(7KB) AllocSpace objects, 0(0B) LOS objects, 23% free, 53MB/69MB, paused 706us total 21.935ms
08-03 23:38:25.207  1752  1765 I art     : Starting a blocking GC Explicit
08-03 23:38:25.237  1752  1765 I art     : Explicit concurrent mark sweep GC freed 1382(79KB) AllocSpace objects, 1(20KB) LOS objects, 23% free, 53MB/69MB, paused 530us total 29.567ms
08-03 23:38:25.249  1752  1765 I art     : Starting a blocking GC Explicit
08-03 23:38:25.270  1752  1765 I art     : Explicit concurrent mark sweep GC freed 4698(269KB) AllocSpace objects, 2(140KB) LOS objects, 23% free, 52MB/68MB, paused 458us total 20.731ms
08-03 23:38:25.279  1752  1765 I art     : Starting a blocking GC Explicit
08-03 23:38:25.299  1752  1765 I art     : Explicit concurrent mark sweep GC freed 3(96B) AllocSpace objects, 0(0B) LOS objects, 23% free, 52MB/68MB, paused 455us total 20.151ms
08-03 23:38:25.308  1752  1765 I art     : Starting a blocking GC Explicit
08-03 23:38:25.329  1752  1765 I art     : Explicit concurrent mark sweep GC freed 3(96B) AllocSpace objects, 0(0B) LOS objects, 23% free, 52MB/68MB, paused 461us total 20.921ms
08-03 23:38:25.337  1752  1765 I art     : Starting a blocking GC Explicit
08-03 23:38:25.359  1752  1765 I art     : Explicit concurrent mark sweep GC freed 3(96B) AllocSpace objects, 0(0B) LOS objects, 23% free, 52MB/68MB, paused 455us total 20.998ms
08-03 23:38:25.650  1752  1763 I art     : Starting a blocking GC Explicit
08-03 23:38:25.673  1752  1763 I art     : Explicit concurrent mark sweep GC freed 1343(78KB) AllocSpace objects, 1(20KB) LOS objects, 23% free, 52MB/68MB, paused 467us total 22.348ms
08-03 23:38:25.683  1752  1763 I art     : Starting a blocking GC Explicit
08-03 23:38:25.710  1752  1763 I art     : Explicit concurrent mark sweep GC freed 20(704B) AllocSpace objects, 0(0B) LOS objects, 23% free, 52MB/68MB, paused 545us total 26.277ms
08-03 23:38:25.721  1752  1763 I art     : Starting a blocking GC Explicit
08-03 23:38:25.743  1752  1763 I art     : Explicit concurrent mark sweep GC freed 3(96B) AllocSpace objects, 0(0B) LOS objects, 23% free, 52MB/68MB, paused 470us total 21.522ms
08-03 23:38:25.752  1752  1763 I art     : Starting a blocking GC Explicit
08-03 23:38:25.773  1752  1763 I art     : Explicit concurrent mark sweep GC freed 3(96B) AllocSpace objects, 0(0B) LOS objects, 23% free, 52MB/68MB, paused 463us total 20.984ms
08-03 23:38:25.782  1752  1763 I art     : Starting a blocking GC Explicit
08-03 23:38:25.803  1752  1763 I art     : Explicit concurrent mark sweep GC freed 3(96B) AllocSpace objects, 0(0B) LOS objects, 23% free, 52MB/68MB, paused 466us total 21.182ms
08-03 23:38:26.067  1752  2234 I art     : Starting a blocking GC Explicit
08-03 23:38:26.089  1752  2234 I art     : Explicit concurrent mark sweep GC freed 1342(78KB) AllocSpace objects, 1(20KB) LOS objects, 23% free, 52MB/68MB, paused 531us total 21.470ms
08-03 23:38:26.098  1752  2234 I art     : Starting a blocking GC Explicit
08-03 23:38:26.118  1752  2234 I art     : Explicit concurrent mark sweep GC freed 20(704B) AllocSpace objects, 0(0B) LOS objects, 23% free, 52MB/68MB, paused 457us total 19.599ms
08-03 23:38:26.127  1752  2234 I art     : Starting a blocking GC Explicit
08-03 23:38:26.147  1752  2234 I art     : Explicit concurrent mark sweep GC freed 3(96B) AllocSpace objects, 0(0B) LOS objects, 23% free, 52MB/68MB, paused 447us total 19.792ms
08-03 23:38:26.155  1752  2234 I art     : Starting a blocking GC Explicit
08-03 23:38:26.176  1752  2234 I art     : Explicit concurrent mark sweep GC freed 3(96B) AllocSpace objects, 0(0B) LOS objects, 23% free, 52MB/68MB, paused 471us total 20.488ms
08-03 23:38:26.184  1752  2234 I art     : Starting a blocking GC Explicit
08-03 23:38:26.205  1752  2234 I art     : Explicit concurrent mark sweep GC freed 3(96B) AllocSpace objects, 0(0B) LOS objects, 23% free, 52MB/68MB, paused 470us total 20.492ms
08-03 23:38:26.254  4076  4076 D AndroidRuntime: >>>>>> START com.android.internal.os.RuntimeInit uid 2000 <<<<<<
08-03 23:38:26.260  4076  4076 D AndroidRuntime: CheckJNI is OFF
08-03 23:38:26.293  4076  4076 D ICU     : No timezone override file found: /data/misc/zoneinfo/current/icu/icu_tzdata.dat
08-03 23:38:26.326  4076  4076 I Radio-JNI: register_android_hardware_Radio DONE
08-03 23:38:26.349  4076  4076 D AndroidRuntime: Calling main entry com.android.commands.input.Input
08-03 23:38:26.351  4076  4076 I Input   : injectMotionEvent: MotionEvent { action=ACTION_DOWN, actionButton=0, id[0]=0, x[0]=648.0, y[0]=1050.0, toolType[0]=TOOL_TYPE_UNKNOWN, buttonState=0, metaState=0, flags=0x0, edgeFlags=0x0, pointerCount=1, historySize=0, eventTime=661122763, downTime=661122763, deviceId=0, source=0x1002 }
08-03 23:38:26.356  4076  4076 I Input   : injectMotionEvent: MotionEvent { action=ACTION_UP, actionButton=0, id[0]=0, x[0]=648.0, y[0]=1050.0, toolType[0]=TOOL_TYPE_UNKNOWN, buttonState=0, metaState=0, flags=0x0, edgeFlags=0x0, pointerCount=1, historySize=0, eventTime=661122763, downTime=661122763, deviceId=0, source=0x1002 }
08-03 23:38:26.358  4076  4076 D AndroidRuntime: Shutting down VM
08-03 23:38:26.376   918  3359 I ActivityManager: START u0 {cmp=baseline.appteam.nith.hillffair/.activities.InformationActivity} from uid 10651 on display 0
08-03 23:38:26.378   512  2967 D audio_hw_primary: out_set_parameters: enter: usecase(1: low-latency-playback) kvpairs: routing=2
08-03 23:38:26.391   512  2967 D audio_hw_primary: select_devices: out_snd_device(2: speaker) in_snd_device(0: none)
08-03 23:38:26.391   512  2967 D msm8974_platform: platform_send_audio_calibration: sending audio calibration for snd_device(2) acdb_id(15)
08-03 23:38:26.391   512  2967 I soundtrigger: audio_extn_sound_trigger_update_device_status: device 0x2 of type 0 for Event 1
08-03 23:38:26.405   512  2967 D audio_hw_primary: enable_snd_device: snd_device(2: speaker)
08-03 23:38:26.407   512  2967 D audio_hw_primary: enable_audio_route: apply and update mixer path: low-latency-playback speaker
08-03 23:38:26.482  1752  1763 I art     : Starting a blocking GC Explicit
08-03 23:38:26.502  1752  1763 I art     : Explicit concurrent mark sweep GC freed 2349(157KB) AllocSpace objects, 1(20KB) LOS objects, 23% free, 53MB/69MB, paused 528us total 20.280ms
08-03 23:38:26.512  1752  1763 I art     : Starting a blocking GC Explicit
08-03 23:38:26.517   918   936 I ActivityManager: Displayed baseline.appteam.nith.hillffair/.activities.InformationActivity: +129ms
08-03 23:38:26.518 13866 13866 I GoogleInputMethodServic: GoogleInputMethodService.onFinishInput():3138 
08-03 23:38:26.519 13866 13866 I GoogleInputMethodServic: GoogleInputMethodService.onStartInput():1808 
08-03 23:38:26.532  1752  1763 I art     : Explicit concurrent mark sweep GC freed 208(9KB) AllocSpace objects, 0(0B) LOS objects, 23% free, 53MB/69MB, paused 433us total 19.598ms
08-03 23:38:26.540  1752  1763 I art     : Starting a blocking GC Explicit
08-03 23:38:26.560  1752  1780 D OpenGLRenderer: endAllStagingAnimators on 0x7f80e36800 (RippleDrawable) with handle 0x7f7fe30a80
08-03 23:38:26.561  1752  1763 I art     : Explicit concurrent mark sweep GC freed 10(352B) AllocSpace objects, 0(0B) LOS objects, 23% free, 53MB/69MB, paused 492us total 20.610ms
08-03 23:38:26.570  1752  1763 I art     : Starting a blocking GC Explicit
08-03 23:38:26.590  1752  1763 I art     : Explicit concurrent mark sweep GC freed 17(736B) AllocSpace objects, 0(0B) LOS objects, 23% free, 53MB/69MB, paused 451us total 19.903ms
08-03 23:38:26.599  1752  1763 I art     : Starting a blocking GC Explicit
08-03 23:38:26.618  1752  1763 I art     : Explicit concurrent mark sweep GC freed 17(576B) AllocSpace objects, 0(0B) LOS objects, 23% free, 53MB/69MB, paused 424us total 18.198ms
08-03 23:38:26.770   380   380 W SurfaceFlinger: couldn't log to binary event log: overflow.
08-03 23:38:26.873  1752  1765 I art     : Starting a blocking GC Explicit
08-03 23:38:26.895  1752  1765 I art     : Explicit concurrent mark sweep GC freed 1422(83KB) AllocSpace objects, 1(20KB) LOS objects, 23% free, 53MB/69MB, paused 504us total 21.345ms
08-03 23:38:26.903  1752  1765 I art     : Starting a blocking GC Explicit
08-03 23:38:26.923  1752  1765 I art     : Explicit concurrent mark sweep GC freed 66(2624B) AllocSpace objects, 0(0B) LOS objects, 23% free, 53MB/69MB, paused 399us total 19.503ms
08-03 23:38:26.931  1752  1765 I art     : Starting a blocking GC Explicit
08-03 23:38:26.938   512  2967 D audio_hw_primary: disable_audio_route: reset and update mixer path: low-latency-playback speaker
08-03 23:38:26.939   512  2967 D audio_hw_primary: disable_snd_device: snd_device(2: speaker)
08-03 23:38:26.947   512  2967 I soundtrigger: audio_extn_sound_trigger_update_device_status: device 0x2 of type 0 for Event 0
08-03 23:38:26.950  1752  1765 I art     : Explicit concurrent mark sweep GC freed 19(608B) AllocSpace objects, 0(0B) LOS objects, 23% free, 53MB/69MB, paused 438us total 19.039ms
08-03 23:38:26.959  1752  1765 I art     : Starting a blocking GC Explicit
08-03 23:38:26.980  1752  1765 I art     : Explicit concurrent mark sweep GC freed 3(96B) AllocSpace objects, 0(0B) LOS objects, 23% free, 53MB/69MB, paused 420us total 20.650ms
08-03 23:38:26.989  1752  1765 I art     : Starting a blocking GC Explicit
08-03 23:38:27.010  1752  1765 I art     : Explicit concurrent mark sweep GC freed 3(96B) AllocSpace objects, 0(0B) LOS objects, 23% free, 53MB/69MB, paused 438us total 20.679ms
08-03 23:38:27.286  1752  2234 I art     : Starting a blocking GC Explicit
08-03 23:38:27.314  1752  2234 I art     : Explicit concurrent mark sweep GC freed 1343(78KB) AllocSpace objects, 1(20KB) LOS objects, 23% free, 53MB/69MB, paused 467us total 27.608ms
08-03 23:38:27.323  1752  2234 I art     : Starting a blocking GC Explicit
08-03 23:38:27.345  1752  2234 I art     : Explicit concurrent mark sweep GC freed 20(704B) AllocSpace objects, 0(0B) LOS objects, 23% free, 53MB/69MB, paused 448us total 21.546ms
08-03 23:38:27.353  1752  2234 I art     : Starting a blocking GC Explicit
08-03 23:38:27.375  1752  2234 I art     : Explicit concurrent mark sweep GC freed 3(96B) AllocSpace objects, 0(0B) LOS objects, 23% free, 53MB/69MB, paused 457us total 21.511ms
08-03 23:38:27.384  1752  2234 I art     : Starting a blocking GC Explicit
08-03 23:38:27.405  1752  2234 I art     : Explicit concurrent mark sweep GC freed 3(96B) AllocSpace objects, 0(0B) LOS objects, 23% free, 53MB/69MB, paused 452us total 21.284ms
08-03 23:38:27.415  1752  2234 I art     : Starting a blocking GC Explicit
08-03 23:38:27.437  1752  2234 I art     : Explicit concurrent mark sweep GC freed 3(96B) AllocSpace objects, 0(0B) LOS objects, 23% free, 53MB/69MB, paused 522us total 22.043ms
08-03 23:38:27.727  1752  3375 I art     : Starting a blocking GC Explicit
08-03 23:38:27.756  1752  3375 I art     : Explicit concurrent mark sweep GC freed 1343(78KB) AllocSpace objects, 1(20KB) LOS objects, 23% free, 53MB/69MB, paused 460us total 29.434ms
08-03 23:38:27.765  1752  3375 I art     : Starting a blocking GC Explicit
08-03 23:38:27.788  1752  3375 I art     : Explicit concurrent mark sweep GC freed 20(704B) AllocSpace objects, 0(0B) LOS objects, 23% free, 53MB/69MB, paused 475us total 22.108ms
08-03 23:38:27.796  1752  3375 I art     : Starting a blocking GC Explicit
08-03 23:38:27.819  1752  3375 I art     : Explicit concurrent mark sweep GC freed 3(96B) AllocSpace objects, 0(0B) LOS objects, 23% free, 53MB/69MB, paused 456us total 22.368ms
08-03 23:38:27.828  1752  3375 I art     : Starting a blocking GC Explicit
08-03 23:38:27.850  1752  3375 I art     : Explicit concurrent mark sweep GC freed 3(96B) AllocSpace objects, 0(0B) LOS objects, 23% free, 53MB/69MB, paused 480us total 21.336ms
08-03 23:38:27.859  1752  3375 I art     : Starting a blocking GC Explicit
08-03 23:38:27.881  1752  3375 I art     : Explicit concurrent mark sweep GC freed 3(96B) AllocSpace objects, 0(0B) LOS objects, 23% free, 53MB/69MB, paused 454us total 21.594ms
08-03 23:38:28.177  1752  3375 I art     : Starting a blocking GC Explicit
08-03 23:38:28.202  1752  3375 I art     : Explicit concurrent mark sweep GC freed 1362(78KB) AllocSpace objects, 1(20KB) LOS objects, 23% free, 53MB/69MB, paused 561us total 25.504ms
08-03 23:38:28.213  1752  3375 I art     : Starting a blocking GC Explicit
08-03 23:38:28.235  1752  3375 I art     : Explicit concurrent mark sweep GC freed 24(832B) AllocSpace objects, 0(0B) LOS objects, 23% free, 53MB/69MB, paused 446us total 21.572ms
08-03 23:38:28.244  1752  3375 I art     : Starting a blocking GC Explicit
08-03 23:38:28.265  1752  3375 I art     : Explicit concurrent mark sweep GC freed 7(224B) AllocSpace objects, 0(0B) LOS objects, 23% free, 53MB/69MB, paused 444us total 21.142ms
08-03 23:38:28.274  1752  3375 I art     : Starting a blocking GC Explicit
08-03 23:38:28.295  1752  3375 I art     : Explicit concurrent mark sweep GC freed 6(192B) AllocSpace objects, 0(0B) LOS objects, 23% free, 53MB/69MB, paused 443us total 20.531ms
08-03 23:38:28.304  1752  3375 I art     : Starting a blocking GC Explicit
08-03 23:38:28.326  1752  3375 I art     : Explicit concurrent mark sweep GC freed 3(96B) AllocSpace objects, 0(0B) LOS objects, 23% free, 53MB/69MB, paused 419us total 22.038ms
08-03 23:38:28.632  1752  1763 I art     : Starting a blocking GC Explicit
08-03 23:38:28.664  1752  1763 I art     : Explicit concurrent mark sweep GC freed 1343(78KB) AllocSpace objects, 1(20KB) LOS objects, 23% free, 53MB/69MB, paused 548us total 30.736ms
08-03 23:38:28.673  1752  1763 I art     : Starting a blocking GC Explicit
08-03 23:38:28.695  1752  1763 I art     : Explicit concurrent mark sweep GC freed 20(704B) AllocSpace objects, 0(0B) LOS objects, 23% free, 53MB/69MB, paused 435us total 22.160ms
08-03 23:38:28.704  1752  1763 I art     : Starting a blocking GC Explicit
08-03 23:38:28.726  1752  1763 I art     : Explicit concurrent mark sweep GC freed 3(96B) AllocSpace objects, 0(0B) LOS objects, 23% free, 53MB/69MB, paused 454us total 21.867ms
08-03 23:38:28.735  1752  1763 I art     : Starting a blocking GC Explicit
08-03 23:38:28.757  1752  1763 I art     : Explicit concurrent mark sweep GC freed 3(96B) AllocSpace objects, 0(0B) LOS objects, 23% free, 53MB/69MB, paused 560us total 21.796ms
08-03 23:38:28.766  1752  1763 I art     : Starting a blocking GC Explicit
08-03 23:38:28.787  1752  1763 I art     : Explicit concurrent mark sweep GC freed 3(96B) AllocSpace objects, 0(0B) LOS objects, 23% free, 53MB/69MB, paused 478us total 21.510ms
08-03 23:38:29.101  1752  1765 I art     : Starting a blocking GC Explicit
08-03 23:38:29.130  1752  1765 I art     : Explicit concurrent mark sweep GC freed 1343(78KB) AllocSpace objects, 1(20KB) LOS objects, 23% free, 53MB/69MB, paused 557us total 29.363ms
08-03 23:38:29.143  1752  1765 I art     : Starting a blocking GC Explicit
08-03 23:38:29.165  1752  1765 I art     : Explicit concurrent mark sweep GC freed 20(704B) AllocSpace objects, 0(0B) LOS objects, 23% free, 53MB/69MB, paused 444us total 21.975ms
08-03 23:38:29.174  1752  1765 I art     : Starting a blocking GC Explicit
08-03 23:38:29.197  1752  1765 I art     : Explicit concurrent mark sweep GC freed 3(96B) AllocSpace objects, 0(0B) LOS objects, 23% free, 53MB/69MB, paused 440us total 22.099ms
08-03 23:38:29.205  1752  1765 I art     : Starting a blocking GC Explicit
08-03 23:38:29.228  1752  1765 I art     : Explicit concurrent mark sweep GC freed 3(96B) AllocSpace objects, 0(0B) LOS objects, 23% free, 53MB/69MB, paused 426us total 22.301ms
08-03 23:38:29.237  1752  1765 I art     : Starting a blocking GC Explicit
08-03 23:38:29.258  1752  1765 I art     : Explicit concurrent mark sweep GC freed 3(96B) AllocSpace objects, 0(0B) LOS objects, 23% free, 53MB/69MB, paused 495us total 21.193ms
08-03 23:38:29.573  1752  2234 I art     : Starting a blocking GC Explicit
08-03 23:38:29.603  1752  2234 I art     : Explicit concurrent mark sweep GC freed 1343(78KB) AllocSpace objects, 1(20KB) LOS objects, 23% free, 53MB/69MB, paused 491us total 29.822ms
08-03 23:38:29.616  1752  2234 I art     : Starting a blocking GC Explicit
08-03 23:38:29.638  1752  2234 I art     : Explicit concurrent mark sweep GC freed 20(704B) AllocSpace objects, 0(0B) LOS objects, 23% free, 53MB/69MB, paused 483us total 21.832ms
08-03 23:38:29.646  1752  2234 I art     : Starting a blocking GC Explicit
08-03 23:38:29.669  1752  2234 I art     : Explicit concurrent mark sweep GC freed 3(96B) AllocSpace objects, 0(0B) LOS objects, 23% free, 53MB/69MB, paused 456us total 21.922ms
08-03 23:38:29.678  1752  2234 I art     : Starting a blocking GC Explicit
08-03 23:38:29.700  1752  2234 I art     : Explicit concurrent mark sweep GC freed 3(96B) AllocSpace objects, 0(0B) LOS objects, 23% free, 53MB/69MB, paused 438us total 22.187ms
08-03 23:38:29.709  1752  2234 I art     : Starting a blocking GC Explicit
08-03 23:38:29.730  1752  2234 I art     : Explicit concurrent mark sweep GC freed 3(96B) AllocSpace objects, 0(0B) LOS objects, 23% free, 53MB/69MB, paused 460us total 21.117ms
08-03 23:38:30.059  1752  1845 I art     : Starting a blocking GC Explicit
08-03 23:38:30.088  1752  1845 I art     : Explicit concurrent mark sweep GC freed 1343(78KB) AllocSpace objects, 1(20KB) LOS objects, 23% free, 53MB/69MB, paused 557us total 28.890ms
08-03 23:38:30.100  1752  1845 I art     : Starting a blocking GC Explicit
08-03 23:38:30.122  1752  1845 I art     : Explicit concurrent mark sweep GC freed 20(704B) AllocSpace objects, 0(0B) LOS objects, 23% free, 53MB/69MB, paused 461us total 21.922ms
08-03 23:38:30.131  1752  1845 I art     : Starting a blocking GC Explicit
08-03 23:38:30.153  1752  1845 I art     : Explicit concurrent mark sweep GC freed 3(96B) AllocSpace objects, 0(0B) LOS objects, 23% free, 53MB/69MB, paused 451us total 22.097ms
08-03 23:38:30.162  1752  1845 I art     : Starting a blocking GC Explicit
08-03 23:38:30.184  1752  1845 I art     : Explicit concurrent mark sweep GC freed 3(96B) AllocSpace objects, 0(0B) LOS objects, 23% free, 53MB/69MB, paused 453us total 21.860ms
08-03 23:38:30.193  1752  1845 I art     : Starting a blocking GC Explicit
08-03 23:38:30.215  1752  1845 I art     : Explicit concurrent mark sweep GC freed 3(96B) AllocSpace objects, 0(0B) LOS objects, 23% free, 53MB/69MB, paused 464us total 21.523ms
08-03 23:38:30.544  1752  3375 I art     : Starting a blocking GC Explicit
08-03 23:38:30.571  1752  3375 I art     : Explicit concurrent mark sweep GC freed 1343(78KB) AllocSpace objects, 1(20KB) LOS objects, 23% free, 53MB/69MB, paused 502us total 27.279ms
08-03 23:38:30.584  1752  3375 I art     : Starting a blocking GC Explicit
08-03 23:38:30.605  1752  3375 I art     : Explicit concurrent mark sweep GC freed 20(704B) AllocSpace objects, 0(0B) LOS objects, 23% free, 53MB/69MB, paused 433us total 21.063ms
08-03 23:38:30.614  1752  3375 I art     : Starting a blocking GC Explicit
08-03 23:38:30.635  1752  3375 I art     : Explicit concurrent mark sweep GC freed 3(96B) AllocSpace objects, 0(0B) LOS objects, 23% free, 53MB/69MB, paused 437us total 20.637ms
08-03 23:38:30.643  1752  3375 I art     : Starting a blocking GC Explicit
08-03 23:38:30.663  1752  3375 I art     : Explicit concurrent mark sweep GC freed 3(96B) AllocSpace objects, 0(0B) LOS objects, 23% free, 53MB/69MB, paused 450us total 19.532ms
08-03 23:38:30.671  1752  3375 I art     : Starting a blocking GC Explicit
08-03 23:38:30.691  1752  3375 I art     : Explicit concurrent mark sweep GC freed 3(96B) AllocSpace objects, 0(0B) LOS objects, 23% free, 53MB/69MB, paused 448us total 19.945ms
08-03 23:38:30.979  1752  1763 I art     : Starting a blocking GC Explicit
08-03 23:38:31.006  1752  1763 I art     : Explicit concurrent mark sweep GC freed 1343(78KB) AllocSpace objects, 1(20KB) LOS objects, 23% free, 53MB/69MB, paused 519us total 26.789ms
08-03 23:38:31.016  1752  1763 I art     : Starting a blocking GC Explicit
08-03 23:38:31.028  4207  4207 D AndroidRuntime: >>>>>> START com.android.internal.os.RuntimeInit uid 2000 <<<<<<
08-03 23:38:31.033  4207  4207 D AndroidRuntime: CheckJNI is OFF
08-03 23:38:31.039  1752  1763 I art     : Explicit concurrent mark sweep GC freed 20(704B) AllocSpace objects, 0(0B) LOS objects, 23% free, 53MB/69MB, paused 477us total 21.958ms
08-03 23:38:31.047  1752  1763 I art     : Starting a blocking GC Explicit
08-03 23:38:31.067  4207  4207 D ICU     : No timezone override file found: /data/misc/zoneinfo/current/icu/icu_tzdata.dat
08-03 23:38:31.067  1752  1763 I art     : Explicit concurrent mark sweep GC freed 3(96B) AllocSpace objects, 0(0B) LOS objects, 23% free, 53MB/69MB, paused 527us total 19.924ms
08-03 23:38:31.075  1752  1763 I art     : Starting a blocking GC Explicit
08-03 23:38:31.096  1752  1763 I art     : Explicit concurrent mark sweep GC freed 3(96B) AllocSpace objects, 0(0B) LOS objects, 23% free, 53MB/69MB, paused 450us total 20.253ms
08-03 23:38:31.102  4207  4207 I Radio-JNI: register_android_hardware_Radio DONE
08-03 23:38:31.104  1752  1763 I art     : Starting a blocking GC Explicit
08-03 23:38:31.124  4207  4207 D AndroidRuntime: Calling main entry com.android.commands.input.Input
08-03 23:38:31.125  1752  1763 I art     : Explicit concurrent mark sweep GC freed 3(96B) AllocSpace objects, 0(0B) LOS objects, 23% free, 53MB/69MB, paused 463us total 20.569ms
08-03 23:38:31.126  4207  4207 I Input   : injectKeyEvent: KeyEvent { action=ACTION_DOWN, keyCode=KEYCODE_BACK, scanCode=0, metaState=0, flags=0x0, repeatCount=0, eventTime=661127539, downTime=661127539, deviceId=-1, source=0x101 }
08-03 23:38:31.132  4207  4207 I Input   : injectKeyEvent: KeyEvent { action=ACTION_UP, keyCode=KEYCODE_BACK, scanCode=0, metaState=0, flags=0x0, repeatCount=0, eventTime=661127539, downTime=661127539, deviceId=-1, source=0x101 }
08-03 23:38:31.139  4207  4207 D AndroidRuntime: Shutting down VM
08-03 23:38:31.152   918   937 W ProcessCpuTracker: Skipping unknown process pid 4215
08-03 23:38:31.152   918   937 W ProcessCpuTracker: Skipping unknown process pid 4217
08-03 23:38:31.153   918   937 W ProcessCpuTracker: Skipping unknown process pid 4218
08-03 23:38:31.181 13866 13866 I GoogleInputMethodServic: GoogleInputMethodService.onFinishInput():3138 
08-03 23:38:31.182 13866 13866 I GoogleInputMethodServic: GoogleInputMethodService.onStartInput():1808 
08-03 23:38:31.401  1752  1763 I art     : Starting a blocking GC Explicit
08-03 23:38:31.426  1752  1763 I art     : Explicit concurrent mark sweep GC freed 1483(84KB) AllocSpace objects, 1(20KB) LOS objects, 23% free, 53MB/69MB, paused 422us total 25.310ms
08-03 23:38:31.440  1752  1763 I art     : Starting a blocking GC Explicit
08-03 23:38:31.468  1752  1763 I art     : Explicit concurrent mark sweep GC freed 26(944B) AllocSpace objects, 0(0B) LOS objects, 23% free, 53MB/69MB, paused 578us total 28.230ms
08-03 23:38:31.477  1752  1763 I art     : Starting a blocking GC Explicit
08-03 23:38:31.491   380   380 W SurfaceFlinger: couldn't log to binary event log: overflow.
08-03 23:38:31.500  1752  1763 I art     : Explicit concurrent mark sweep GC freed 90(7KB) AllocSpace objects, 0(0B) LOS objects, 23% free, 53MB/69MB, paused 464us total 22.761ms
08-03 23:38:31.508  1752  1763 I art     : Starting a blocking GC Explicit
08-03 23:38:31.527  1752  1763 I art     : Explicit concurrent mark sweep GC freed 26(1232B) AllocSpace objects, 0(0B) LOS objects, 23% free, 53MB/69MB, paused 473us total 18.828ms
08-03 23:38:31.535  1752  1763 I art     : Starting a blocking GC Explicit
08-03 23:38:31.555  1752  1763 I art     : Explicit concurrent mark sweep GC freed 1384(89KB) AllocSpace objects, 1(28KB) LOS objects, 23% free, 52MB/68MB, paused 519us total 19.581ms
08-03 23:38:31.850  1752  1765 I art     : Starting a blocking GC Explicit
08-03 23:38:31.876  1752  1765 I art     : Explicit concurrent mark sweep GC freed 1343(78KB) AllocSpace objects, 1(20KB) LOS objects, 23% free, 52MB/68MB, paused 496us total 25.416ms
08-03 23:38:31.887  1752  1765 I art     : Starting a blocking GC Explicit
08-03 23:38:31.909  1752  1765 I art     : Explicit concurrent mark sweep GC freed 20(704B) AllocSpace objects, 0(0B) LOS objects, 23% free, 52MB/68MB, paused 443us total 21.982ms
08-03 23:38:31.918  1752  1765 I art     : Starting a blocking GC Explicit
08-03 23:38:31.939  1752  1765 I art     : Explicit concurrent mark sweep GC freed 3(96B) AllocSpace objects, 0(0B) LOS objects, 23% free, 52MB/68MB, paused 444us total 21.266ms
08-03 23:38:31.948  1752  1765 I art     : Starting a blocking GC Explicit
08-03 23:38:31.969  1752  1765 I art     : Explicit concurrent mark sweep GC freed 3(96B) AllocSpace objects, 0(0B) LOS objects, 23% free, 52MB/68MB, paused 453us total 21.123ms
08-03 23:38:31.978  1752  1765 I art     : Starting a blocking GC Explicit
08-03 23:38:32.000  1752  1765 I art     : Explicit concurrent mark sweep GC freed 3(96B) AllocSpace objects, 0(0B) LOS objects, 23% free, 52MB/68MB, paused 559us total 21.950ms
08-03 23:38:32.291  1752  1845 I art     : Starting a blocking GC Explicit
08-03 23:38:32.319  1752  1845 I art     : Explicit concurrent mark sweep GC freed 1342(78KB) AllocSpace objects, 1(20KB) LOS objects, 23% free, 52MB/68MB, paused 476us total 26.858ms
08-03 23:38:32.333  1752  1845 I art     : Starting a blocking GC Explicit
08-03 23:38:32.355  1752  1845 I art     : Explicit concurrent mark sweep GC freed 20(704B) AllocSpace objects, 0(0B) LOS objects, 23% free, 52MB/68MB, paused 451us total 21.729ms
08-03 23:38:32.363  1752  1845 I art     : Starting a blocking GC Explicit
08-03 23:38:32.382  1752  1845 I art     : Explicit concurrent mark sweep GC freed 3(96B) AllocSpace objects, 0(0B) LOS objects, 23% free, 52MB/68MB, paused 402us total 18.611ms
08-03 23:38:32.391  1752  1845 I art     : Starting a blocking GC Explicit
08-03 23:38:32.411  1752  1845 I art     : Explicit concurrent mark sweep GC freed 3(96B) AllocSpace objects, 0(0B) LOS objects, 23% free, 52MB/68MB, paused 440us total 19.512ms
08-03 23:38:32.419  1752  1845 I art     : Starting a blocking GC Explicit
08-03 23:38:32.439  1752  1845 I art     : Explicit concurrent mark sweep GC freed 3(96B) AllocSpace objects, 0(0B) LOS objects, 23% free, 52MB/68MB, paused 447us total 19.809ms
08-03 23:38:32.612   918  3261 D WifiStateMachine: starting scan for "H369AA63323"WPA_PSK with 2412,5180
08-03 23:38:32.709  1752  2234 I art     : Starting a blocking GC Explicit
08-03 23:38:32.730  1752  2234 I art     : Explicit concurrent mark sweep GC freed 1342(78KB) AllocSpace objects, 1(20KB) LOS objects, 23% free, 52MB/68MB, paused 468us total 20.884ms
08-03 23:38:32.739  1752  2234 I art     : Starting a blocking GC Explicit
08-03 23:38:32.749 29081 29081 I ServiceManager: Waiting for service AtCmdFwd...
08-03 23:38:32.760  1752  2234 I art     : Explicit concurrent mark sweep GC freed 20(704B) AllocSpace objects, 0(0B) LOS objects, 23% free, 52MB/68MB, paused 478us total 21.091ms
08-03 23:38:32.769  1752  2234 I art     : Starting a blocking GC Explicit
08-03 23:38:32.792  1752  2234 I art     : Explicit concurrent mark sweep GC freed 5(160B) AllocSpace objects, 0(0B) LOS objects, 23% free, 52MB/68MB, paused 554us total 22.648ms
08-03 23:38:32.794  4260  4260 D AndroidRuntime: >>>>>> START com.android.internal.os.RuntimeInit uid 2000 <<<<<<
08-03 23:38:32.799  4260  4260 D AndroidRuntime: CheckJNI is OFF
08-03 23:38:32.801  1752  2234 I art     : Starting a blocking GC Explicit
08-03 23:38:32.820  1752  2234 I art     : Explicit concurrent mark sweep GC freed 7(224B) AllocSpace objects, 0(0B) LOS objects, 23% free, 52MB/68MB, paused 444us total 18.821ms
08-03 23:38:32.828  1752  2234 I art     : Starting a blocking GC Explicit
08-03 23:38:32.834  4260  4260 D ICU     : No timezone override file found: /data/misc/zoneinfo/current/icu/icu_tzdata.dat
08-03 23:38:32.847  1752  2234 I art     : Explicit concurrent mark sweep GC freed 6(192B) AllocSpace objects, 0(0B) LOS objects, 23% free, 52MB/68MB, paused 630us total 19.351ms
08-03 23:38:32.867  4260  4260 I Radio-JNI: register_android_hardware_Radio DONE
08-03 23:38:32.887  4260  4260 D AndroidRuntime: Calling main entry com.android.commands.input.Input
08-03 23:38:32.889  4260  4260 I Input   : injectMotionEvent: MotionEvent { action=ACTION_DOWN, actionButton=0, id[0]=0, x[0]=756.0, y[0]=1530.0, toolType[0]=TOOL_TYPE_UNKNOWN, buttonState=0, metaState=0, flags=0x0, edgeFlags=0x0, pointerCount=1, historySize=0, eventTime=661129302, downTime=661129302, deviceId=0, source=0x1002 }
08-03 23:38:32.895  4260  4260 I Input   : injectMotionEvent: MotionEvent { action=ACTION_UP, actionButton=0, id[0]=0, x[0]=756.0, y[0]=1530.0, toolType[0]=TOOL_TYPE_UNKNOWN, buttonState=0, metaState=0, flags=0x0, edgeFlags=0x0, pointerCount=1, historySize=0, eventTime=661129302, downTime=661129302, deviceId=0, source=0x1002 }
08-03 23:38:32.898  4260  4260 D AndroidRuntime: Shutting down VM
08-03 23:38:32.912   918  3359 I ActivityManager: START u0 {cmp=baseline.appteam.nith.hillffair/.activities.LeaderBoardActivity} from uid 10651 on display 0
08-03 23:38:32.914   512  2967 D audio_hw_primary: out_set_parameters: enter: usecase(1: low-latency-playback) kvpairs: routing=2
08-03 23:38:32.928   512  2967 D audio_hw_primary: select_devices: out_snd_device(2: speaker) in_snd_device(0: none)
08-03 23:38:32.928   512  2967 D msm8974_platform: platform_send_audio_calibration: sending audio calibration for snd_device(2) acdb_id(15)
08-03 23:38:32.928   512  2967 I soundtrigger: audio_extn_sound_trigger_update_device_status: device 0x2 of type 0 for Event 1
08-03 23:38:32.938   512  2967 D audio_hw_primary: enable_snd_device: snd_device(2: speaker)
08-03 23:38:32.940   512  2967 D audio_hw_primary: enable_audio_route: apply and update mixer path: low-latency-playback speaker
08-03 23:38:33.017  1752  1752 E RecyclerView: No adapter attached; skipping layout
08-03 23:38:33.020  1752  1752 E RecyclerView: No adapter attached; skipping layout
08-03 23:38:33.036   918   936 I ActivityManager: Displayed baseline.appteam.nith.hillffair/.activities.LeaderBoardActivity: +109ms
08-03 23:38:33.036 13866 13866 I GoogleInputMethodServic: GoogleInputMethodService.onFinishInput():3138 
08-03 23:38:33.038 13866 13866 I GoogleInputMethodServic: GoogleInputMethodService.onStartInput():1808 
08-03 23:38:33.039  1752  1752 E RecyclerView: No adapter attached; skipping layout
08-03 23:38:33.067  1752  1780 D OpenGLRenderer: endAllStagingAnimators on 0x7f812b0000 (RippleDrawable) with handle 0x7f9a1e5160
08-03 23:38:33.095  1752  2234 I art     : Starting a blocking GC Explicit
08-03 23:38:33.117  1752  2234 I art     : Explicit concurrent mark sweep GC freed 6657(403KB) AllocSpace objects, 1(20KB) LOS objects, 23% free, 53MB/69MB, paused 473us total 21.616ms
08-03 23:38:33.126  1752  2234 I art     : Starting a blocking GC Explicit
08-03 23:38:33.147  1752  2234 I art     : Explicit concurrent mark sweep GC freed 278(12KB) AllocSpace objects, 0(0B) LOS objects, 23% free, 53MB/69MB, paused 470us total 20.386ms
08-03 23:38:33.155  1752  2234 I art     : Starting a blocking GC Explicit
08-03 23:38:33.174  1752  2234 I art     : Explicit concurrent mark sweep GC freed 3(96B) AllocSpace objects, 0(0B) LOS objects, 23% free, 53MB/69MB, paused 476us total 19.596ms
08-03 23:38:33.183  1752  2234 I art     : Starting a blocking GC Explicit
08-03 23:38:33.204  1752  2234 I art     : Explicit concurrent mark sweep GC freed 3(96B) AllocSpace objects, 0(0B) LOS objects, 23% free, 53MB/69MB, paused 451us total 20.011ms
08-03 23:38:33.212  1752  2234 I art     : Starting a blocking GC Explicit
08-03 23:38:33.237  1752  2234 I art     : Explicit concurrent mark sweep GC freed 3(96B) AllocSpace objects, 0(0B) LOS objects, 23% free, 53MB/69MB, paused 646us total 24.716ms
08-03 23:38:33.294   380   380 W SurfaceFlinger: couldn't log to binary event log: overflow.
08-03 23:38:33.469  1752  4283 D OkHttp  : --> GET https://api-hillfair-2k16.herokuapp.com/api/app/quiz/leaderboard?from=1 http/1.1
08-03 23:38:33.479   512  2967 D audio_hw_primary: disable_audio_route: reset and update mixer path: low-latency-playback speaker
08-03 23:38:33.479   512  2967 D audio_hw_primary: disable_snd_device: snd_device(2: speaker)
08-03 23:38:33.487   512  2967 I soundtrigger: audio_extn_sound_trigger_update_device_status: device 0x2 of type 0 for Event 0
08-03 23:38:33.498  1752  4283 D OkHttp  : <-- 200 OK https://api-hillfair-2k16.herokuapp.com/api/app/quiz/leaderboard?from=1 (28ms, 56744-byte body)
08-03 23:38:33.524  1752  1765 I art     : Starting a blocking GC Explicit
08-03 23:38:33.548  1752  1765 I art     : Explicit concurrent mark sweep GC freed 4283(253KB) AllocSpace objects, 4(220KB) LOS objects, 23% free, 53MB/69MB, paused 751us total 24.202ms
08-03 23:38:33.557  1752  1765 I art     : Starting a blocking GC Explicit
08-03 23:38:33.578  1752  1765 I art     : Explicit concurrent mark sweep GC freed 8818(468KB) AllocSpace objects, 0(0B) LOS objects, 23% free, 53MB/69MB, paused 519us total 20.969ms
08-03 23:38:33.586  1752  1765 I art     : Starting a blocking GC Explicit
08-03 23:38:33.608  1752  1765 I art     : Explicit concurrent mark sweep GC freed 12744(585KB) AllocSpace objects, 0(0B) LOS objects, 23% free, 53MB/69MB, paused 557us total 21.028ms
08-03 23:38:33.616  1752  1765 I art     : Starting a blocking GC Explicit
08-03 23:38:33.628  1752  1752 I NAPPA_EXPERIMENTATION: MetricNetworkRequestExecutionTime: REQUEST_DURATION_SYSTEM='666',REQUEST_DURATION_OKHTTP='29',REQUEST_SYNCHRONOUS='FALSE',RESPONSE_CODE='200',RESPONSE_METHOD='GET',RESPONSE_LENGTH_OKHTTP='56744',RESPONSE_LENGTH_HEADER='56744',REQUEST_PROTOCOL='http/1.1',REQUEST_URL='https://api-hillfair-2k16.herokuapp.com/api/app/quiz/leaderboard?from=1',
08-03 23:38:33.636  1752  1765 I art     : Explicit concurrent mark sweep GC freed 4526(224KB) AllocSpace objects, 0(0B) LOS objects, 23% free, 53MB/69MB, paused 479us total 20.564ms
08-03 23:38:33.645  1752  1765 I art     : Starting a blocking GC Explicit
08-03 23:38:33.666  1752  1765 I art     : Explicit concurrent mark sweep GC freed 485(19KB) AllocSpace objects, 0(0B) LOS objects, 23% free, 53MB/69MB, paused 757us total 21.222ms
08-03 23:38:33.750 29081 29081 I ServiceManager: Waiting for service AtCmdFwd...
08-03 23:38:33.941  1752  3375 I art     : Starting a blocking GC Explicit
08-03 23:38:33.970  1752  3375 I art     : Explicit concurrent mark sweep GC freed 1992(102KB) AllocSpace objects, 1(20KB) LOS objects, 23% free, 53MB/69MB, paused 523us total 28.442ms
08-03 23:38:33.984  1752  3375 I art     : Starting a blocking GC Explicit
08-03 23:38:34.009  1752  3375 I art     : Explicit concurrent mark sweep GC freed 32(1280B) AllocSpace objects, 0(0B) LOS objects, 23% free, 53MB/69MB, paused 465us total 24.276ms
08-03 23:38:34.018  1752  3375 I art     : Starting a blocking GC Explicit
08-03 23:38:34.040  1752  3375 I art     : Explicit concurrent mark sweep GC freed 3(96B) AllocSpace objects, 0(0B) LOS objects, 23% free, 53MB/69MB, paused 466us total 22.412ms
08-03 23:38:34.050  1752  3375 I art     : Starting a blocking GC Explicit
08-03 23:38:34.073  1752  3375 I art     : Explicit concurrent mark sweep GC freed 3(96B) AllocSpace objects, 0(0B) LOS objects, 23% free, 53MB/69MB, paused 475us total 23.540ms
08-03 23:38:34.083  1752  3375 I art     : Starting a blocking GC Explicit
08-03 23:38:34.106  1752  3375 I art     : Explicit concurrent mark sweep GC freed 3(96B) AllocSpace objects, 0(0B) LOS objects, 23% free, 53MB/69MB, paused 459us total 22.418ms
08-03 23:38:34.388  1752  1845 I art     : Starting a blocking GC Explicit
08-03 23:38:34.415  1752  1845 I art     : Explicit concurrent mark sweep GC freed 1343(78KB) AllocSpace objects, 1(20KB) LOS objects, 23% free, 53MB/69MB, paused 454us total 26.898ms
08-03 23:38:34.424  1752  1845 I art     : Starting a blocking GC Explicit
08-03 23:38:34.448  1752  1845 I art     : Explicit concurrent mark sweep GC freed 20(704B) AllocSpace objects, 0(0B) LOS objects, 23% free, 53MB/69MB, paused 471us total 23.497ms
08-03 23:38:34.457  1752  1845 I art     : Starting a blocking GC Explicit
08-03 23:38:34.481  1752  1845 I art     : Explicit concurrent mark sweep GC freed 3(96B) AllocSpace objects, 0(0B) LOS objects, 23% free, 53MB/69MB, paused 472us total 23.430ms
08-03 23:38:34.490  1752  1845 I art     : Starting a blocking GC Explicit
08-03 23:38:34.513  1752  1845 I art     : Explicit concurrent mark sweep GC freed 3(96B) AllocSpace objects, 0(0B) LOS objects, 23% free, 53MB/69MB, paused 460us total 22.221ms
08-03 23:38:34.522  1752  1845 I art     : Starting a blocking GC Explicit
08-03 23:38:34.545  1752  1845 I art     : Explicit concurrent mark sweep GC freed 3(96B) AllocSpace objects, 0(0B) LOS objects, 23% free, 53MB/69MB, paused 458us total 23.215ms
08-03 23:38:34.750 29081 29081 I ServiceManager: Waiting for service AtCmdFwd...
08-03 23:38:34.872  1752  1765 I art     : Starting a blocking GC Explicit
08-03 23:38:34.901  1752  1765 I art     : Explicit concurrent mark sweep GC freed 1343(78KB) AllocSpace objects, 1(20KB) LOS objects, 23% free, 53MB/69MB, paused 512us total 29.316ms
08-03 23:38:34.913  1752  1765 I art     : Starting a blocking GC Explicit
08-03 23:38:34.938  1752  1765 I art     : Explicit concurrent mark sweep GC freed 20(704B) AllocSpace objects, 0(0B) LOS objects, 23% free, 53MB/69MB, paused 499us total 23.784ms
08-03 23:38:34.947  1752  1765 I art     : Starting a blocking GC Explicit
08-03 23:38:34.970  1752  1765 I art     : Explicit concurrent mark sweep GC freed 3(96B) AllocSpace objects, 0(0B) LOS objects, 23% free, 53MB/69MB, paused 455us total 23.424ms
08-03 23:38:34.980  1752  1765 I art     : Starting a blocking GC Explicit
08-03 23:38:35.003  1752  1765 I art     : Explicit concurrent mark sweep GC freed 3(96B) AllocSpace objects, 0(0B) LOS objects, 23% free, 53MB/69MB, paused 453us total 23.068ms
08-03 23:38:35.012  1752  1765 I art     : Starting a blocking GC Explicit
08-03 23:38:35.034  1752  1765 I art     : Explicit concurrent mark sweep GC freed 3(96B) AllocSpace objects, 0(0B) LOS objects, 23% free, 53MB/69MB, paused 456us total 21.953ms
08-03 23:38:35.362  1752  1763 I art     : Starting a blocking GC Explicit
08-03 23:38:35.395  1752  1763 I art     : Explicit concurrent mark sweep GC freed 1343(78KB) AllocSpace objects, 1(20KB) LOS objects, 23% free, 53MB/69MB, paused 518us total 32.851ms
08-03 23:38:35.408  1752  1763 I art     : Starting a blocking GC Explicit
08-03 23:38:35.432  1752  1763 I art     : Explicit concurrent mark sweep GC freed 20(704B) AllocSpace objects, 0(0B) LOS objects, 23% free, 53MB/69MB, paused 465us total 23.853ms
08-03 23:38:35.441  1752  1763 I art     : Starting a blocking GC Explicit
08-03 23:38:35.465  1752  1763 I art     : Explicit concurrent mark sweep GC freed 3(96B) AllocSpace objects, 0(0B) LOS objects, 23% free, 53MB/69MB, paused 465us total 23.085ms
08-03 23:38:35.474  1752  1763 I art     : Starting a blocking GC Explicit
08-03 23:38:35.498  1752  1763 I art     : Explicit concurrent mark sweep GC freed 3(96B) AllocSpace objects, 0(0B) LOS objects, 23% free, 53MB/69MB, paused 498us total 23.686ms
08-03 23:38:35.507  1752  1763 I art     : Starting a blocking GC Explicit
08-03 23:38:35.530  1752  1763 I art     : Explicit concurrent mark sweep GC freed 3(96B) AllocSpace objects, 0(0B) LOS objects, 23% free, 53MB/69MB, paused 462us total 23.046ms
08-03 23:38:35.639   918  3188 I hubconnection: sensorhub said: 'set_bias 3: -5.7600, 0.0000, 0.0000'
08-03 23:38:35.751 29081 29081 I ServiceManager: Waiting for service AtCmdFwd...
08-03 23:38:35.866  1752  2234 I art     : Starting a blocking GC Explicit
08-03 23:38:35.899  1752  2234 I art     : Explicit concurrent mark sweep GC freed 1343(78KB) AllocSpace objects, 1(20KB) LOS objects, 23% free, 53MB/69MB, paused 498us total 33.365ms
08-03 23:38:35.912  1752  2234 I art     : Starting a blocking GC Explicit
08-03 23:38:35.935  1752  2234 I art     : Explicit concurrent mark sweep GC freed 20(704B) AllocSpace objects, 0(0B) LOS objects, 23% free, 53MB/69MB, paused 473us total 23.101ms
08-03 23:38:35.944  1752  2234 I art     : Starting a blocking GC Explicit
08-03 23:38:35.967  1752  2234 I art     : Explicit concurrent mark sweep GC freed 3(96B) AllocSpace objects, 0(0B) LOS objects, 23% free, 53MB/69MB, paused 537us total 22.749ms
08-03 23:38:35.976  1752  2234 I art     : Starting a blocking GC Explicit
08-03 23:38:36.000  1752  2234 I art     : Explicit concurrent mark sweep GC freed 3(96B) AllocSpace objects, 0(0B) LOS objects, 23% free, 53MB/69MB, paused 477us total 23.391ms
08-03 23:38:36.009  1752  2234 I art     : Starting a blocking GC Explicit
08-03 23:38:36.032  1752  2234 I art     : Explicit concurrent mark sweep GC freed 3(96B) AllocSpace objects, 0(0B) LOS objects, 23% free, 53MB/69MB, paused 465us total 23.170ms
08-03 23:38:36.338  1752  1765 I art     : Starting a blocking GC Explicit
08-03 23:38:36.361  1752  1765 I art     : Explicit concurrent mark sweep GC freed 1343(78KB) AllocSpace objects, 1(20KB) LOS objects, 23% free, 53MB/69MB, paused 467us total 23.139ms
08-03 23:38:36.370  1752  1765 I art     : Starting a blocking GC Explicit
08-03 23:38:36.392  1752  1765 I art     : Explicit concurrent mark sweep GC freed 41(1488B) AllocSpace objects, 0(0B) LOS objects, 23% free, 53MB/69MB, paused 470us total 22.453ms
08-03 23:38:36.402  1752  1765 I art     : Starting a blocking GC Explicit
08-03 23:38:36.425  1752  1765 I art     : Explicit concurrent mark sweep GC freed 3(96B) AllocSpace objects, 0(0B) LOS objects, 23% free, 53MB/69MB, paused 466us total 23.511ms
08-03 23:38:36.435  1752  1765 I art     : Starting a blocking GC Explicit
08-03 23:38:36.458  1752  1765 I art     : Explicit concurrent mark sweep GC freed 3(96B) AllocSpace objects, 0(0B) LOS objects, 23% free, 53MB/69MB, paused 479us total 22.907ms
08-03 23:38:36.467  1752  1765 I art     : Starting a blocking GC Explicit
08-03 23:38:36.490  1752  1765 I art     : Explicit concurrent mark sweep GC freed 3(96B) AllocSpace objects, 0(0B) LOS objects, 23% free, 53MB/69MB, paused 519us total 23.342ms
08-03 23:38:36.751 29081 29081 I ServiceManager: Waiting for service AtCmdFwd...
08-03 23:38:36.813  1752  1763 I art     : Starting a blocking GC Explicit
08-03 23:38:36.842  1752  1763 I art     : Explicit concurrent mark sweep GC freed 1343(78KB) AllocSpace objects, 1(20KB) LOS objects, 23% free, 53MB/69MB, paused 494us total 29.189ms
08-03 23:38:36.853  1752  1763 I art     : Starting a blocking GC Explicit
08-03 23:38:36.877  1752  1763 I art     : Explicit concurrent mark sweep GC freed 20(704B) AllocSpace objects, 0(0B) LOS objects, 23% free, 53MB/69MB, paused 503us total 23.695ms
08-03 23:38:36.887  1752  1763 I art     : Starting a blocking GC Explicit
08-03 23:38:36.910  1752  1763 I art     : Explicit concurrent mark sweep GC freed 3(96B) AllocSpace objects, 0(0B) LOS objects, 23% free, 53MB/69MB, paused 454us total 23.618ms
08-03 23:38:36.920  1752  1763 I art     : Starting a blocking GC Explicit
08-03 23:38:36.943  1752  1763 I art     : Explicit concurrent mark sweep GC freed 3(96B) AllocSpace objects, 0(0B) LOS objects, 23% free, 53MB/69MB, paused 475us total 23.182ms
08-03 23:38:36.952  1752  1763 I art     : Starting a blocking GC Explicit
08-03 23:38:36.975  1752  1763 I art     : Explicit concurrent mark sweep GC freed 3(96B) AllocSpace objects, 0(0B) LOS objects, 23% free, 53MB/69MB, paused 457us total 23.120ms
08-03 23:38:37.282  1752  2234 I art     : Starting a blocking GC Explicit
08-03 23:38:37.306  1752  2234 I art     : Explicit concurrent mark sweep GC freed 1343(78KB) AllocSpace objects, 1(20KB) LOS objects, 23% free, 53MB/69MB, paused 482us total 23.442ms
08-03 23:38:37.315  1752  2234 I art     : Starting a blocking GC Explicit
08-03 23:38:37.338  1752  2234 I art     : Explicit concurrent mark sweep GC freed 20(704B) AllocSpace objects, 0(0B) LOS objects, 23% free, 53MB/69MB, paused 488us total 22.850ms
08-03 23:38:37.347  1752  2234 I art     : Starting a blocking GC Explicit
08-03 23:38:37.370  1752  2234 I art     : Explicit concurrent mark sweep GC freed 3(96B) AllocSpace objects, 0(0B) LOS objects, 23% free, 53MB/69MB, paused 467us total 22.598ms
08-03 23:38:37.379  1752  2234 I art     : Starting a blocking GC Explicit
08-03 23:38:37.401  1752  2234 I art     : Explicit concurrent mark sweep GC freed 3(96B) AllocSpace objects, 0(0B) LOS objects, 23% free, 53MB/69MB, paused 478us total 21.951ms
08-03 23:38:37.410  1752  2234 I art     : Starting a blocking GC Explicit
08-03 23:38:37.432  1752  2234 I art     : Explicit concurrent mark sweep GC freed 3(96B) AllocSpace objects, 0(0B) LOS objects, 23% free, 53MB/69MB, paused 480us total 22.019ms
08-03 23:38:37.586  4382  4382 D AndroidRuntime: >>>>>> START com.android.internal.os.RuntimeInit uid 2000 <<<<<<
08-03 23:38:37.594  4382  4382 D AndroidRuntime: CheckJNI is OFF
08-03 23:38:37.628  4382  4382 D ICU     : No timezone override file found: /data/misc/zoneinfo/current/icu/icu_tzdata.dat
08-03 23:38:37.660  4382  4382 I Radio-JNI: register_android_hardware_Radio DONE
08-03 23:38:37.681  4382  4382 D AndroidRuntime: Calling main entry com.android.commands.input.Input
08-03 23:38:37.683  4382  4382 I Input   : injectKeyEvent: KeyEvent { action=ACTION_DOWN, keyCode=KEYCODE_BACK, scanCode=0, metaState=0, flags=0x0, repeatCount=0, eventTime=661134096, downTime=661134096, deviceId=-1, source=0x101 }
08-03 23:38:37.688  4382  4382 I Input   : injectKeyEvent: KeyEvent { action=ACTION_UP, keyCode=KEYCODE_BACK, scanCode=0, metaState=0, flags=0x0, repeatCount=0, eventTime=661134096, downTime=661134096, deviceId=-1, source=0x101 }
08-03 23:38:37.693  4382  4382 D AndroidRuntime: Shutting down VM
08-03 23:38:37.723 13866 13866 I GoogleInputMethodServic: GoogleInputMethodService.onFinishInput():3138 
08-03 23:38:37.723 13866 13866 I GoogleInputMethodServic: GoogleInputMethodService.onStartInput():1808 
08-03 23:38:37.729  1752  2234 I art     : Starting a blocking GC Explicit
08-03 23:38:37.752 29081 29081 W Atfwd_Sendcmd: AtCmdFwd service not published, waiting... retryCnt : 1
08-03 23:38:37.753  1752  2234 I art     : Explicit concurrent mark sweep GC freed 1481(84KB) AllocSpace objects, 1(20KB) LOS objects, 23% free, 53MB/69MB, paused 599us total 24.592ms
08-03 23:38:37.763  1752  2234 I art     : Starting a blocking GC Explicit
08-03 23:38:37.782  1752  2234 I art     : Explicit concurrent mark sweep GC freed 26(944B) AllocSpace objects, 0(0B) LOS objects, 23% free, 53MB/69MB, paused 448us total 19.290ms
08-03 23:38:37.790  1752  2234 I art     : Starting a blocking GC Explicit
08-03 23:38:37.809  1752  2234 I art     : Explicit concurrent mark sweep GC freed 3(96B) AllocSpace objects, 0(0B) LOS objects, 23% free, 53MB/69MB, paused 467us total 19.231ms
08-03 23:38:37.818  1752  2234 I art     : Starting a blocking GC Explicit
08-03 23:38:37.842  1752  2234 I art     : Explicit concurrent mark sweep GC freed 3(96B) AllocSpace objects, 0(0B) LOS objects, 23% free, 53MB/69MB, paused 434us total 23.708ms
08-03 23:38:37.851  1752  2234 I art     : Starting a blocking GC Explicit
08-03 23:38:37.875  1752  2234 I art     : Explicit concurrent mark sweep GC freed 3(96B) AllocSpace objects, 0(0B) LOS objects, 23% free, 53MB/69MB, paused 427us total 24.111ms
08-03 23:38:38.015   380   380 W SurfaceFlinger: couldn't log to binary event log: overflow.
08-03 23:38:38.130  1752  1845 I art     : Starting a blocking GC Explicit
08-03 23:38:38.155  1752  1845 I art     : Explicit concurrent mark sweep GC freed 1462(87KB) AllocSpace objects, 1(20KB) LOS objects, 23% free, 53MB/69MB, paused 491us total 24.867ms
08-03 23:38:38.164  1752  1845 I art     : Starting a blocking GC Explicit
08-03 23:38:38.187  1752  1845 I art     : Explicit concurrent mark sweep GC freed 4698(269KB) AllocSpace objects, 2(140KB) LOS objects, 23% free, 53MB/69MB, paused 437us total 22.573ms
08-03 23:38:38.196  1752  1845 I art     : Starting a blocking GC Explicit
08-03 23:38:38.218  1752  1845 I art     : Explicit concurrent mark sweep GC freed 3(96B) AllocSpace objects, 0(0B) LOS objects, 23% free, 53MB/69MB, paused 484us total 21.506ms
08-03 23:38:38.227  1752  1845 I art     : Starting a blocking GC Explicit
08-03 23:38:38.248  1752  1845 I art     : Explicit concurrent mark sweep GC freed 3(96B) AllocSpace objects, 0(0B) LOS objects, 23% free, 53MB/69MB, paused 477us total 20.849ms
08-03 23:38:38.257  1752  1845 I art     : Starting a blocking GC Explicit
08-03 23:38:38.279  1752  1845 I art     : Explicit concurrent mark sweep GC freed 3(96B) AllocSpace objects, 0(0B) LOS objects, 23% free, 53MB/69MB, paused 459us total 21.762ms
08-03 23:38:38.570  1752  1763 I art     : Starting a blocking GC Explicit
08-03 23:38:38.602  1752  1763 I art     : Explicit concurrent mark sweep GC freed 1343(78KB) AllocSpace objects, 1(20KB) LOS objects, 23% free, 53MB/69MB, paused 531us total 32.161ms
08-03 23:38:38.615  1752  1763 I art     : Starting a blocking GC Explicit
08-03 23:38:38.637  1752  1763 I art     : Explicit concurrent mark sweep GC freed 20(704B) AllocSpace objects, 0(0B) LOS objects, 23% free, 53MB/69MB, paused 518us total 21.728ms
08-03 23:38:38.646  1752  1763 I art     : Starting a blocking GC Explicit
08-03 23:38:38.668  1752  1763 I art     : Explicit concurrent mark sweep GC freed 3(96B) AllocSpace objects, 0(0B) LOS objects, 23% free, 53MB/69MB, paused 488us total 21.541ms
08-03 23:38:38.677  1752  1763 I art     : Starting a blocking GC Explicit
08-03 23:38:38.699  1752  1763 I art     : Explicit concurrent mark sweep GC freed 3(96B) AllocSpace objects, 0(0B) LOS objects, 23% free, 53MB/69MB, paused 529us total 21.842ms
08-03 23:38:38.707  1752  1763 I art     : Starting a blocking GC Explicit
08-03 23:38:38.729  1752  1763 I art     : Explicit concurrent mark sweep GC freed 3(96B) AllocSpace objects, 0(0B) LOS objects, 23% free, 53MB/69MB, paused 471us total 21.148ms
08-03 23:38:39.015  1752  1765 I art     : Starting a blocking GC Explicit
08-03 23:38:39.036  1752  1765 I art     : Explicit concurrent mark sweep GC freed 1342(78KB) AllocSpace objects, 1(20KB) LOS objects, 23% free, 53MB/69MB, paused 477us total 21.133ms
08-03 23:38:39.045  1752  1765 I art     : Starting a blocking GC Explicit
08-03 23:38:39.067  1752  1765 I art     : Explicit concurrent mark sweep GC freed 20(704B) AllocSpace objects, 0(0B) LOS objects, 23% free, 53MB/69MB, paused 476us total 21.448ms
08-03 23:38:39.076  1752  1765 I art     : Starting a blocking GC Explicit
08-03 23:38:39.096  1752  1765 I art     : Explicit concurrent mark sweep GC freed 3(96B) AllocSpace objects, 0(0B) LOS objects, 23% free, 53MB/69MB, paused 464us total 20.693ms
08-03 23:38:39.105  1752  1765 I art     : Starting a blocking GC Explicit
08-03 23:38:39.125  1752  1765 I art     : Explicit concurrent mark sweep GC freed 3(96B) AllocSpace objects, 0(0B) LOS objects, 23% free, 53MB/69MB, paused 474us total 20.105ms
08-03 23:38:39.134  1752  1765 I art     : Starting a blocking GC Explicit
08-03 23:38:39.155  1752  1765 I art     : Explicit concurrent mark sweep GC freed 3(96B) AllocSpace objects, 0(0B) LOS objects, 23% free, 53MB/69MB, paused 462us total 20.471ms
08-03 23:38:39.360  4442  4442 D AndroidRuntime: >>>>>> START com.android.internal.os.RuntimeInit uid 2000 <<<<<<
08-03 23:38:39.365  4442  4442 D AndroidRuntime: CheckJNI is OFF
08-03 23:38:39.394  4442  4442 D ICU     : No timezone override file found: /data/misc/zoneinfo/current/icu/icu_tzdata.dat
08-03 23:38:39.427  4442  4442 I Radio-JNI: register_android_hardware_Radio DONE
08-03 23:38:39.438  1752  1845 I art     : Starting a blocking GC Explicit
08-03 23:38:39.449  4442  4442 D AndroidRuntime: Calling main entry com.android.commands.input.Input
08-03 23:38:39.451  4442  4442 I Input   : injectKeyEvent: KeyEvent { action=ACTION_DOWN, keyCode=KEYCODE_BACK, scanCode=0, metaState=0, flags=0x0, repeatCount=0, eventTime=661135864, downTime=661135864, deviceId=-1, source=0x101 }
08-03 23:38:39.457  4442  4442 I Input   : injectKeyEvent: KeyEvent { action=ACTION_UP, keyCode=KEYCODE_BACK, scanCode=0, metaState=0, flags=0x0, repeatCount=0, eventTime=661135864, downTime=661135864, deviceId=-1, source=0x101 }
08-03 23:38:39.460  1752  1845 I art     : Explicit concurrent mark sweep GC freed 1361(79KB) AllocSpace objects, 1(20KB) LOS objects, 23% free, 53MB/69MB, paused 563us total 21.830ms
08-03 23:38:39.461  4442  4442 D AndroidRuntime: Shutting down VM
08-03 23:38:39.469  1752  1845 I art     : Starting a blocking GC Explicit
08-03 23:38:39.491  1752  1845 I art     : Explicit concurrent mark sweep GC freed 156(7KB) AllocSpace objects, 0(0B) LOS objects, 23% free, 53MB/69MB, paused 427us total 21.544ms
08-03 23:38:39.499  1752  1845 I art     : Starting a blocking GC Explicit
08-03 23:38:39.518  1752  1845 I art     : Explicit concurrent mark sweep GC freed 11(352B) AllocSpace objects, 0(0B) LOS objects, 23% free, 53MB/69MB, paused 445us total 18.933ms
08-03 23:38:39.526  1752  1845 I art     : Starting a blocking GC Explicit
08-03 23:38:39.542 13866 13866 I GoogleInputMethodServic: GoogleInputMethodService.onFinishInput():3138 
08-03 23:38:39.543 13866 13866 I GoogleInputMethodServic: GoogleInputMethodService.onStartInput():1808 
08-03 23:38:39.547  1752  1845 I art     : Explicit concurrent mark sweep GC freed 51(1696B) AllocSpace objects, 0(0B) LOS objects, 23% free, 53MB/69MB, paused 578us total 21.632ms
08-03 23:38:39.556  1752  1845 I art     : Starting a blocking GC Explicit
08-03 23:38:39.575  1752  1845 I art     : Explicit concurrent mark sweep GC freed 12(496B) AllocSpace objects, 0(0B) LOS objects, 23% free, 53MB/69MB, paused 418us total 19.038ms
08-03 23:38:39.817   380   380 W SurfaceFlinger: couldn't log to binary event log: overflow.
08-03 23:38:39.843  1752  1845 I art     : Starting a blocking GC Explicit
08-03 23:38:39.864  1752  1845 I art     : Explicit concurrent mark sweep GC freed 1464(87KB) AllocSpace objects, 1(20KB) LOS objects, 23% free, 53MB/69MB, paused 475us total 21.337ms
08-03 23:38:39.873  1752  1845 I art     : Starting a blocking GC Explicit
08-03 23:38:39.894  1752  1845 I art     : Explicit concurrent mark sweep GC freed 2096(122KB) AllocSpace objects, 3(340KB) LOS objects, 23% free, 52MB/68MB, paused 470us total 20.835ms
08-03 23:38:39.902  1752  1845 I art     : Starting a blocking GC Explicit
08-03 23:38:39.923  1752  1845 I art     : Explicit concurrent mark sweep GC freed 3(96B) AllocSpace objects, 0(0B) LOS objects, 23% free, 52MB/68MB, paused 459us total 20.302ms
08-03 23:38:39.923  1752  1762 I art     : WaitForGcToComplete blocked for 20.517ms for cause HeapTrim
08-03 23:38:39.931  1752  1845 I art     : Starting a blocking GC Explicit
08-03 23:38:39.952  1752  1845 I art     : Explicit concurrent mark sweep GC freed 3(96B) AllocSpace objects, 0(0B) LOS objects, 23% free, 52MB/68MB, paused 465us total 20.694ms
08-03 23:38:39.961  1752  1845 I art     : Starting a blocking GC Explicit
08-03 23:38:39.982  1752  1845 I art     : Explicit concurrent mark sweep GC freed 3(96B) AllocSpace objects, 0(0B) LOS objects, 23% free, 52MB/68MB, paused 504us total 20.676ms
08-03 23:38:40.283  1752  3375 I art     : Starting a blocking GC Explicit
08-03 23:38:40.318  1752  3375 I art     : Explicit concurrent mark sweep GC freed 1342(78KB) AllocSpace objects, 1(20KB) LOS objects, 23% free, 52MB/68MB, paused 721us total 34.743ms
08-03 23:38:40.329  1752  3375 I art     : Starting a blocking GC Explicit
08-03 23:38:40.350  1752  3375 I art     : Explicit concurrent mark sweep GC freed 20(704B) AllocSpace objects, 0(0B) LOS objects, 23% free, 52MB/68MB, paused 485us total 21.017ms
08-03 23:38:40.360  1752  3375 I art     : Starting a blocking GC Explicit
08-03 23:38:40.380  1752  3375 I art     : Explicit concurrent mark sweep GC freed 3(96B) AllocSpace objects, 0(0B) LOS objects, 23% free, 52MB/68MB, paused 467us total 20.060ms
08-03 23:38:40.388  1752  3375 I art     : Starting a blocking GC Explicit
08-03 23:38:40.409  1752  3375 I art     : Explicit concurrent mark sweep GC freed 3(96B) AllocSpace objects, 0(0B) LOS objects, 23% free, 52MB/68MB, paused 479us total 20.763ms
08-03 23:38:40.418  1752  3375 I art     : Starting a blocking GC Explicit
08-03 23:38:40.440  1752  3375 I art     : Explicit concurrent mark sweep GC freed 3(96B) AllocSpace objects, 0(0B) LOS objects, 23% free, 52MB/68MB, paused 481us total 21.692ms
08-03 23:38:40.728  1752  1763 I art     : Starting a blocking GC Explicit
08-03 23:38:40.749  1752  1763 I art     : Explicit concurrent mark sweep GC freed 1340(78KB) AllocSpace objects, 1(20KB) LOS objects, 23% free, 52MB/68MB, paused 485us total 21.066ms
08-03 23:38:40.758  1752  1763 I art     : Starting a blocking GC Explicit
08-03 23:38:40.779  1752  1763 I art     : Explicit concurrent mark sweep GC freed 20(704B) AllocSpace objects, 0(0B) LOS objects, 23% free, 52MB/68MB, paused 487us total 20.947ms
08-03 23:38:40.788  1752  1763 I art     : Starting a blocking GC Explicit
08-03 23:38:40.807  1752  1763 I art     : Explicit concurrent mark sweep GC freed 3(96B) AllocSpace objects, 0(0B) LOS objects, 23% free, 52MB/68MB, paused 550us total 19.261ms
08-03 23:38:40.815  1752  1763 I art     : Starting a blocking GC Explicit
08-03 23:38:40.834  1752  1763 I art     : Explicit concurrent mark sweep GC freed 3(96B) AllocSpace objects, 0(0B) LOS objects, 23% free, 52MB/68MB, paused 470us total 19.112ms
08-03 23:38:40.843  1752  1763 I art     : Starting a blocking GC Explicit
08-03 23:38:40.864  1752  1763 I art     : Explicit concurrent mark sweep GC freed 3(96B) AllocSpace objects, 0(0B) LOS objects, 23% free, 52MB/68MB, paused 476us total 20.165ms
08-03 23:38:41.107  4506  4506 D AndroidRuntime: >>>>>> START com.android.internal.os.RuntimeInit uid 2000 <<<<<<
08-03 23:38:41.112  4506  4506 D AndroidRuntime: CheckJNI is OFF
08-03 23:38:41.137  1752  1765 I art     : Starting a blocking GC Explicit
08-03 23:38:41.148  4506  4506 D ICU     : No timezone override file found: /data/misc/zoneinfo/current/icu/icu_tzdata.dat
08-03 23:38:41.158  1752  1765 I art     : Explicit concurrent mark sweep GC freed 1353(78KB) AllocSpace objects, 1(20KB) LOS objects, 23% free, 52MB/68MB, paused 566us total 21.164ms
08-03 23:38:41.167  1752  1765 I art     : Starting a blocking GC Explicit
08-03 23:38:41.184  4506  4506 I Radio-JNI: register_android_hardware_Radio DONE
08-03 23:38:41.188  1752  1765 I art     : Explicit concurrent mark sweep GC freed 34(1136B) AllocSpace objects, 0(0B) LOS objects, 23% free, 52MB/68MB, paused 491us total 20.438ms
08-03 23:38:41.196  1752  1765 I art     : Starting a blocking GC Explicit
08-03 23:38:41.207  4506  4506 D AndroidRuntime: Calling main entry com.android.commands.input.Input
08-03 23:38:41.209  4506  4506 I Input   : injectMotionEvent: MotionEvent { action=ACTION_DOWN, actionButton=0, id[0]=0, x[0]=1053.0, y[0]=1173.0, toolType[0]=TOOL_TYPE_UNKNOWN, buttonState=0, metaState=0, flags=0x0, edgeFlags=0x0, pointerCount=1, historySize=0, eventTime=661137622, downTime=661137622, deviceId=0, source=0x1002 }
08-03 23:38:41.215  4506  4506 I Input   : injectMotionEvent: MotionEvent { action=ACTION_UP, actionButton=0, id[0]=0, x[0]=1053.0, y[0]=1173.0, toolType[0]=TOOL_TYPE_UNKNOWN, buttonState=0, metaState=0, flags=0x0, edgeFlags=0x0, pointerCount=1, historySize=0, eventTime=661137622, downTime=661137622, deviceId=0, source=0x1002 }
08-03 23:38:41.216  1752  1765 I art     : Explicit concurrent mark sweep GC freed 4(128B) AllocSpace objects, 0(0B) LOS objects, 23% free, 52MB/68MB, paused 420us total 19.632ms
08-03 23:38:41.217   918   928 I ActivityManager: START u0 {cmp=baseline.appteam.nith.hillffair/.activities.QuizActivity} from uid 10651 on display 0
08-03 23:38:41.225  1752  1765 I art     : Starting a blocking GC Explicit
08-03 23:38:41.225  4506  4506 D AndroidRuntime: Shutting down VM
08-03 23:38:41.244  1752  1765 I art     : Explicit concurrent mark sweep GC freed 314(19KB) AllocSpace objects, 0(0B) LOS objects, 23% free, 52MB/68MB, paused 714us total 19.384ms
08-03 23:38:41.252  1752  1765 I art     : Starting a blocking GC Explicit
08-03 23:38:41.274  1752  1765 I art     : Explicit concurrent mark sweep GC freed 450(34KB) AllocSpace objects, 0(0B) LOS objects, 23% free, 52MB/68MB, paused 558us total 21.683ms
08-03 23:38:41.306 13866 13866 I GoogleInputMethodServic: GoogleInputMethodService.onFinishInput():3138 
08-03 23:38:41.308   918   936 I ActivityManager: Displayed baseline.appteam.nith.hillffair/.activities.QuizActivity: +82ms
08-03 23:38:41.308 13866 13866 I GoogleInputMethodServic: GoogleInputMethodService.onStartInput():1808 
08-03 23:38:41.535  1752  2234 I art     : Starting a blocking GC Explicit
08-03 23:38:41.553   380   380 W SurfaceFlinger: couldn't log to binary event log: overflow.
08-03 23:38:41.559  1752  2234 I art     : Explicit concurrent mark sweep GC freed 1569(87KB) AllocSpace objects, 1(20KB) LOS objects, 23% free, 52MB/68MB, paused 459us total 24.277ms
08-03 23:38:41.569  1752  2234 I art     : Starting a blocking GC Explicit
08-03 23:38:41.587  1752  2234 I art     : Explicit concurrent mark sweep GC freed 26(912B) AllocSpace objects, 0(0B) LOS objects, 23% free, 52MB/68MB, paused 423us total 17.856ms
08-03 23:38:41.595  1752  2234 I art     : Starting a blocking GC Explicit
08-03 23:38:41.613  1752  2234 I art     : Explicit concurrent mark sweep GC freed 3(96B) AllocSpace objects, 0(0B) LOS objects, 23% free, 52MB/68MB, paused 423us total 18.064ms
08-03 23:38:41.621  1752  2234 I art     : Starting a blocking GC Explicit
08-03 23:38:41.639  1752  2234 I art     : Explicit concurrent mark sweep GC freed 3(96B) AllocSpace objects, 0(0B) LOS objects, 23% free, 52MB/68MB, paused 409us total 18.217ms
08-03 23:38:41.648  1752  2234 I art     : Starting a blocking GC Explicit
08-03 23:38:41.668  1752  2234 I art     : Explicit concurrent mark sweep GC freed 70(4KB) AllocSpace objects, 0(0B) LOS objects, 23% free, 52MB/68MB, paused 490us total 19.619ms
08-03 23:38:41.951  1752  1765 I art     : Starting a blocking GC Explicit
08-03 23:38:41.978  1752  1765 I art     : Explicit concurrent mark sweep GC freed 1345(78KB) AllocSpace objects, 1(20KB) LOS objects, 23% free, 52MB/68MB, paused 521us total 26.890ms
08-03 23:38:41.990  1752  1765 I art     : Starting a blocking GC Explicit
08-03 23:38:42.013  1752  1765 I art     : Explicit concurrent mark sweep GC freed 20(704B) AllocSpace objects, 0(0B) LOS objects, 23% free, 52MB/68MB, paused 462us total 22.341ms
08-03 23:38:42.022  1752  1765 I art     : Starting a blocking GC Explicit
08-03 23:38:42.043  1752  1765 I art     : Explicit concurrent mark sweep GC freed 3(96B) AllocSpace objects, 0(0B) LOS objects, 23% free, 52MB/68MB, paused 416us total 20.835ms
08-03 23:38:42.052  1752  1765 I art     : Starting a blocking GC Explicit
08-03 23:38:42.073  1752  1765 I art     : Explicit concurrent mark sweep GC freed 3(96B) AllocSpace objects, 0(0B) LOS objects, 23% free, 52MB/68MB, paused 457us total 21.194ms
08-03 23:38:42.082  1752  1765 I art     : Starting a blocking GC Explicit
08-03 23:38:42.103  1752  1765 I art     : Explicit concurrent mark sweep GC freed 3(96B) AllocSpace objects, 0(0B) LOS objects, 23% free, 52MB/68MB, paused 503us total 20.918ms
08-03 23:38:42.392  1752  1763 I art     : Starting a blocking GC Explicit
08-03 23:38:42.420  1752  1763 I art     : Explicit concurrent mark sweep GC freed 1342(78KB) AllocSpace objects, 1(20KB) LOS objects, 23% free, 52MB/68MB, paused 505us total 27.339ms
08-03 23:38:42.432  1752  1763 I art     : Starting a blocking GC Explicit
08-03 23:38:42.456  1752  1763 I art     : Explicit concurrent mark sweep GC freed 20(704B) AllocSpace objects, 0(0B) LOS objects, 23% free, 52MB/68MB, paused 473us total 23.811ms
08-03 23:38:42.465  1752  1763 I art     : Starting a blocking GC Explicit
08-03 23:38:42.487  1752  1763 I art     : Explicit concurrent mark sweep GC freed 3(96B) AllocSpace objects, 0(0B) LOS objects, 23% free, 52MB/68MB, paused 541us total 21.943ms
08-03 23:38:42.496  1752  1763 I art     : Starting a blocking GC Explicit
08-03 23:38:42.518  1752  1763 I art     : Explicit concurrent mark sweep GC freed 3(96B) AllocSpace objects, 0(0B) LOS objects, 23% free, 52MB/68MB, paused 473us total 21.875ms
08-03 23:38:42.527  1752  1763 I art     : Starting a blocking GC Explicit
08-03 23:38:42.549  1752  1763 I art     : Explicit concurrent mark sweep GC freed 3(96B) AllocSpace objects, 0(0B) LOS objects, 23% free, 52MB/68MB, paused 458us total 21.536ms
08-03 23:38:42.753 29081 29081 I ServiceManager: Waiting for service AtCmdFwd...
08-03 23:38:42.851  1752  1845 I art     : Starting a blocking GC Explicit
08-03 23:38:42.880  1752  1845 I art     : Explicit concurrent mark sweep GC freed 1343(78KB) AllocSpace objects, 1(20KB) LOS objects, 23% free, 52MB/68MB, paused 455us total 28.002ms
08-03 23:38:42.895  1752  1845 I art     : Starting a blocking GC Explicit
08-03 23:38:42.917  1752  1845 I art     : Explicit concurrent mark sweep GC freed 25(864B) AllocSpace objects, 0(0B) LOS objects, 23% free, 52MB/68MB, paused 509us total 21.462ms
08-03 23:38:42.925  1752  1845 I art     : Starting a blocking GC Explicit
08-03 23:38:42.944  1752  1845 I art     : Explicit concurrent mark sweep GC freed 6(192B) AllocSpace objects, 0(0B) LOS objects, 23% free, 52MB/68MB, paused 405us total 18.502ms
08-03 23:38:42.952  1752  1845 I art     : Starting a blocking GC Explicit
08-03 23:38:42.971  1752  1845 I art     : Explicit concurrent mark sweep GC freed 6(192B) AllocSpace objects, 0(0B) LOS objects, 23% free, 52MB/68MB, paused 464us total 18.735ms
08-03 23:38:42.979  1752  1845 I art     : Starting a blocking GC Explicit
08-03 23:38:42.998  1752  1845 I art     : Explicit concurrent mark sweep GC freed 6(192B) AllocSpace objects, 0(0B) LOS objects, 23% free, 52MB/68MB, paused 866us total 18.766ms
08-03 23:38:43.325  1752  3375 I art     : Starting a blocking GC Explicit
08-03 23:38:43.358  1752  3375 I art     : Explicit concurrent mark sweep GC freed 1357(78KB) AllocSpace objects, 1(20KB) LOS objects, 23% free, 52MB/68MB, paused 544us total 31.945ms
08-03 23:38:43.372  1752  3375 I art     : Starting a blocking GC Explicit
08-03 23:38:43.394  1752  3375 I art     : Explicit concurrent mark sweep GC freed 20(704B) AllocSpace objects, 0(0B) LOS objects, 23% free, 52MB/68MB, paused 461us total 21.794ms
08-03 23:38:43.403  1752  3375 I art     : Starting a blocking GC Explicit
08-03 23:38:43.424  1752  3375 I art     : Explicit concurrent mark sweep GC freed 3(96B) AllocSpace objects, 0(0B) LOS objects, 23% free, 52MB/68MB, paused 459us total 20.883ms
08-03 23:38:43.433  1752  3375 I art     : Starting a blocking GC Explicit
08-03 23:38:43.454  1752  3375 I art     : Explicit concurrent mark sweep GC freed 3(96B) AllocSpace objects, 0(0B) LOS objects, 23% free, 52MB/68MB, paused 458us total 21.217ms
08-03 23:38:43.463  1752  3375 I art     : Starting a blocking GC Explicit
08-03 23:38:43.484  1752  3375 I art     : Explicit concurrent mark sweep GC freed 3(96B) AllocSpace objects, 0(0B) LOS objects, 23% free, 52MB/68MB, paused 539us total 20.420ms
08-03 23:38:43.753 29081 29081 I ServiceManager: Waiting for service AtCmdFwd...
08-03 23:38:43.772  1752  1765 I art     : Starting a blocking GC Explicit
08-03 23:38:43.797  1752  1765 I art     : Explicit concurrent mark sweep GC freed 1342(78KB) AllocSpace objects, 1(20KB) LOS objects, 23% free, 52MB/68MB, paused 496us total 24.628ms
08-03 23:38:43.812  1752  1765 I art     : Starting a blocking GC Explicit
08-03 23:38:43.832  1752  1765 I art     : Explicit concurrent mark sweep GC freed 20(704B) AllocSpace objects, 0(0B) LOS objects, 23% free, 52MB/68MB, paused 478us total 20.355ms
08-03 23:38:43.841  1752  1765 I art     : Starting a blocking GC Explicit
08-03 23:38:43.862  1752  1765 I art     : Explicit concurrent mark sweep GC freed 3(96B) AllocSpace objects, 0(0B) LOS objects, 23% free, 52MB/68MB, paused 464us total 20.464ms
08-03 23:38:43.870  1752  1765 I art     : Starting a blocking GC Explicit
08-03 23:38:43.890  1752  1765 I art     : Explicit concurrent mark sweep GC freed 3(96B) AllocSpace objects, 0(0B) LOS objects, 23% free, 52MB/68MB, paused 460us total 20.205ms
08-03 23:38:43.899  1752  1765 I art     : Starting a blocking GC Explicit
08-03 23:38:43.914  4579  4579 D AndroidRuntime: >>>>>> START com.android.internal.os.RuntimeInit uid 2000 <<<<<<
08-03 23:38:43.919  4579  4579 D AndroidRuntime: CheckJNI is OFF
08-03 23:38:43.920  1752  1765 I art     : Explicit concurrent mark sweep GC freed 3(96B) AllocSpace objects, 0(0B) LOS objects, 23% free, 52MB/68MB, paused 490us total 20.539ms
08-03 23:38:43.954  4579  4579 D ICU     : No timezone override file found: /data/misc/zoneinfo/current/icu/icu_tzdata.dat
08-03 23:38:43.986  4579  4579 I Radio-JNI: register_android_hardware_Radio DONE
08-03 23:38:44.008  4579  4579 D AndroidRuntime: Calling main entry com.android.commands.input.Input
08-03 23:38:44.011  4579  4579 I Input   : injectMotionEvent: MotionEvent { action=ACTION_DOWN, actionButton=0, id[0]=0, x[0]=756.0, y[0]=1530.0, toolType[0]=TOOL_TYPE_UNKNOWN, buttonState=0, metaState=0, flags=0x0, edgeFlags=0x0, pointerCount=1, historySize=0, eventTime=661140423, downTime=661140423, deviceId=0, source=0x1002 }
08-03 23:38:44.016  4579  4579 I Input   : injectMotionEvent: MotionEvent { action=ACTION_UP, actionButton=0, id[0]=0, x[0]=756.0, y[0]=1530.0, toolType[0]=TOOL_TYPE_UNKNOWN, buttonState=0, metaState=0, flags=0x0, edgeFlags=0x0, pointerCount=1, historySize=0, eventTime=661140423, downTime=661140423, deviceId=0, source=0x1002 }
08-03 23:38:44.018  4579  4579 D AndroidRuntime: Shutting down VM
08-03 23:38:44.029   918   929 I ActivityManager: START u0 {cmp=baseline.appteam.nith.hillffair/.activities.LeaderBoardActivity} from uid 10651 on display 0
08-03 23:38:44.030   512  2967 D audio_hw_primary: out_set_parameters: enter: usecase(1: low-latency-playback) kvpairs: routing=2
08-03 23:38:44.043   512  2967 D audio_hw_primary: select_devices: out_snd_device(2: speaker) in_snd_device(0: none)
08-03 23:38:44.043   512  2967 D msm8974_platform: platform_send_audio_calibration: sending audio calibration for snd_device(2) acdb_id(15)
08-03 23:38:44.043   512  2967 I soundtrigger: audio_extn_sound_trigger_update_device_status: device 0x2 of type 0 for Event 1
08-03 23:38:44.058   512  2967 D audio_hw_primary: enable_snd_device: snd_device(2: speaker)
08-03 23:38:44.060   512  2967 D audio_hw_primary: enable_audio_route: apply and update mixer path: low-latency-playback speaker
08-03 23:38:44.113  1752  1752 E RecyclerView: No adapter attached; skipping layout
08-03 23:38:44.116  1752  1752 E RecyclerView: No adapter attached; skipping layout
08-03 23:38:44.129   918   936 I ActivityManager: Displayed baseline.appteam.nith.hillffair/.activities.LeaderBoardActivity: +88ms
08-03 23:38:44.130 13866 13866 I GoogleInputMethodServic: GoogleInputMethodService.onFinishInput():3138 
08-03 23:38:44.130 13866 13866 I GoogleInputMethodServic: GoogleInputMethodService.onStartInput():1808 
08-03 23:38:44.132  1752  1752 E RecyclerView: No adapter attached; skipping layout
08-03 23:38:44.153  1752  1780 D OpenGLRenderer: endAllStagingAnimators on 0x7f80e36400 (RippleDrawable) with handle 0x7f7fddb720
08-03 23:38:44.179  1752  2234 I art     : Starting a blocking GC Explicit
08-03 23:38:44.200  1752  2234 I art     : Explicit concurrent mark sweep GC freed 6665(403KB) AllocSpace objects, 1(20KB) LOS objects, 23% free, 53MB/69MB, paused 473us total 21.614ms
08-03 23:38:44.209  1752  2234 I art     : Starting a blocking GC Explicit
08-03 23:38:44.229  1752  2234 I art     : Explicit concurrent mark sweep GC freed 292(13KB) AllocSpace objects, 0(0B) LOS objects, 23% free, 53MB/69MB, paused 524us total 19.921ms
08-03 23:38:44.238  1752  2234 I art     : Starting a blocking GC Explicit
08-03 23:38:44.258  1752  2234 I art     : Explicit concurrent mark sweep GC freed 3(96B) AllocSpace objects, 0(0B) LOS objects, 23% free, 53MB/69MB, paused 468us total 20.043ms
08-03 23:38:44.268  1752  2234 I art     : Starting a blocking GC Explicit
08-03 23:38:44.291  1752  2234 I art     : Explicit concurrent mark sweep GC freed 3(96B) AllocSpace objects, 0(0B) LOS objects, 23% free, 53MB/69MB, paused 463us total 22.632ms
08-03 23:38:44.300  1752  2234 I art     : Starting a blocking GC Explicit
08-03 23:38:44.326  1752  2234 I art     : Explicit concurrent mark sweep GC freed 3(96B) AllocSpace objects, 0(0B) LOS objects, 23% free, 53MB/69MB, paused 528us total 26.394ms
08-03 23:38:44.372   380   380 W SurfaceFlinger: couldn't log to binary event log: overflow.
08-03 23:38:44.581  1752  1763 I art     : Starting a blocking GC Explicit
08-03 23:38:44.600   512  2967 D audio_hw_primary: disable_audio_route: reset and update mixer path: low-latency-playback speaker
08-03 23:38:44.601   512  2967 D audio_hw_primary: disable_snd_device: snd_device(2: speaker)
08-03 23:38:44.603  1752  1763 I art     : Explicit concurrent mark sweep GC freed 1456(85KB) AllocSpace objects, 1(20KB) LOS objects, 23% free, 53MB/69MB, paused 527us total 21.335ms
08-03 23:38:44.610   512  2967 I soundtrigger: audio_extn_sound_trigger_update_device_status: device 0x2 of type 0 for Event 0
08-03 23:38:44.611  1752  1763 I art     : Starting a blocking GC Explicit
08-03 23:38:44.633  1752  1763 I art     : Explicit concurrent mark sweep GC freed 54(1856B) AllocSpace objects, 0(0B) LOS objects, 23% free, 53MB/69MB, paused 498us total 21.121ms
08-03 23:38:44.641  1752  1763 I art     : Starting a blocking GC Explicit
08-03 23:38:44.663  1752  1763 I art     : Explicit concurrent mark sweep GC freed 13(480B) AllocSpace objects, 0(0B) LOS objects, 23% free, 53MB/69MB, paused 490us total 21.272ms
08-03 23:38:44.671  1752  1763 I art     : Starting a blocking GC Explicit
08-03 23:38:44.693  1752  1763 I art     : Explicit concurrent mark sweep GC freed 13(480B) AllocSpace objects, 0(0B) LOS objects, 23% free, 53MB/69MB, paused 466us total 21.200ms
08-03 23:38:44.702  1752  1763 I art     : Starting a blocking GC Explicit
08-03 23:38:44.723  1752  1763 I art     : Explicit concurrent mark sweep GC freed 10(352B) AllocSpace objects, 0(0B) LOS objects, 23% free, 53MB/69MB, paused 565us total 21.274ms
08-03 23:38:44.754 29081 29081 I ServiceManager: Waiting for service AtCmdFwd...
08-03 23:38:44.939  1752  4605 D OkHttp  : --> GET https://api-hillfair-2k16.herokuapp.com/api/app/quiz/leaderboard?from=1 http/1.1
08-03 23:38:44.970  1752  4605 D OkHttp  : <-- 200 OK https://api-hillfair-2k16.herokuapp.com/api/app/quiz/leaderboard?from=1 (30ms, 56744-byte body)
08-03 23:38:44.999  1752  1765 I art     : Starting a blocking GC Explicit
08-03 23:38:45.025  1752  1765 I art     : Explicit concurrent mark sweep GC freed 26055(1236KB) AllocSpace objects, 4(220KB) LOS objects, 23% free, 53MB/69MB, paused 849us total 25.289ms
08-03 23:38:45.034  1752  1765 I art     : Starting a blocking GC Explicit
08-03 23:38:45.041  1752  1752 I NAPPA_EXPERIMENTATION: MetricNetworkRequestExecutionTime: REQUEST_DURATION_SYSTEM='973',REQUEST_DURATION_OKHTTP='31',REQUEST_SYNCHRONOUS='FALSE',RESPONSE_CODE='200',RESPONSE_METHOD='GET',RESPONSE_LENGTH_OKHTTP='56744',RESPONSE_LENGTH_HEADER='56744',REQUEST_PROTOCOL='http/1.1',REQUEST_URL='https://api-hillfair-2k16.herokuapp.com/api/app/quiz/leaderboard?from=1',
08-03 23:38:45.057  1752  1765 I art     : Explicit concurrent mark sweep GC freed 4228(288KB) AllocSpace objects, 0(0B) LOS objects, 23% free, 53MB/69MB, paused 1.038ms total 22.557ms
08-03 23:38:45.065  1752  1765 I art     : Starting a blocking GC Explicit
08-03 23:38:45.087  1752  1765 I art     : Explicit concurrent mark sweep GC freed 814(32KB) AllocSpace objects, 0(0B) LOS objects, 23% free, 53MB/69MB, paused 885us total 21.837ms
08-03 23:38:45.095  1752  1765 I art     : Starting a blocking GC Explicit
08-03 23:38:45.118  1752  1765 I art     : Explicit concurrent mark sweep GC freed 328(11KB) AllocSpace objects, 0(0B) LOS objects, 23% free, 53MB/69MB, paused 509us total 22.142ms
08-03 23:38:45.126  1752  1765 I art     : Starting a blocking GC Explicit
08-03 23:38:45.147  1752  1765 I art     : Explicit concurrent mark sweep GC freed 9(384B) AllocSpace objects, 0(0B) LOS objects, 23% free, 53MB/69MB, paused 431us total 20.283ms
08-03 23:38:45.445  1752  1845 I art     : Starting a blocking GC Explicit
08-03 23:38:45.475  1752  1845 I art     : Explicit concurrent mark sweep GC freed 1343(78KB) AllocSpace objects, 1(20KB) LOS objects, 23% free, 53MB/69MB, paused 531us total 29.692ms
08-03 23:38:45.488  1752  1845 I art     : Starting a blocking GC Explicit
08-03 23:38:45.511  1752  1845 I art     : Explicit concurrent mark sweep GC freed 20(704B) AllocSpace objects, 0(0B) LOS objects, 23% free, 53MB/69MB, paused 491us total 23.371ms
08-03 23:38:45.521  1752  1845 I art     : Starting a blocking GC Explicit
08-03 23:38:45.544  1752  1845 I art     : Explicit concurrent mark sweep GC freed 3(96B) AllocSpace objects, 0(0B) LOS objects, 23% free, 53MB/69MB, paused 477us total 23.670ms
08-03 23:38:45.554  1752  1845 I art     : Starting a blocking GC Explicit
08-03 23:38:45.577  1752  1845 I art     : Explicit concurrent mark sweep GC freed 3(96B) AllocSpace objects, 0(0B) LOS objects, 23% free, 53MB/69MB, paused 479us total 23.513ms
08-03 23:38:45.587  1752  1845 I art     : Starting a blocking GC Explicit
08-03 23:38:45.611  1752  1845 I art     : Explicit concurrent mark sweep GC freed 3(96B) AllocSpace objects, 0(0B) LOS objects, 23% free, 53MB/69MB, paused 492us total 23.804ms
08-03 23:38:45.755 29081 29081 I ServiceManager: Waiting for service AtCmdFwd...
08-03 23:38:45.925  1752  2234 I art     : Starting a blocking GC Explicit
08-03 23:38:45.951  1752  2234 I art     : Explicit concurrent mark sweep GC freed 1343(78KB) AllocSpace objects, 1(20KB) LOS objects, 23% free, 53MB/69MB, paused 475us total 25.460ms
08-03 23:38:45.960  1752  2234 I art     : Starting a blocking GC Explicit
08-03 23:38:45.984  1752  2234 I art     : Explicit concurrent mark sweep GC freed 20(704B) AllocSpace objects, 0(0B) LOS objects, 23% free, 53MB/69MB, paused 498us total 23.833ms
08-03 23:38:45.994  1752  2234 I art     : Starting a blocking GC Explicit
08-03 23:38:46.017  1752  2234 I art     : Explicit concurrent mark sweep GC freed 3(96B) AllocSpace objects, 0(0B) LOS objects, 23% free, 53MB/69MB, paused 505us total 23.604ms
08-03 23:38:46.027  1752  2234 I art     : Starting a blocking GC Explicit
08-03 23:38:46.051  1752  2234 I art     : Explicit concurrent mark sweep GC freed 3(96B) AllocSpace objects, 0(0B) LOS objects, 23% free, 53MB/69MB, paused 477us total 24.088ms
08-03 23:38:46.060  1752  2234 I art     : Starting a blocking GC Explicit
08-03 23:38:46.084  1752  2234 I art     : Explicit concurrent mark sweep GC freed 3(96B) AllocSpace objects, 0(0B) LOS objects, 23% free, 53MB/69MB, paused 487us total 23.408ms
08-03 23:38:46.407  1752  1763 I art     : Starting a blocking GC Explicit
08-03 23:38:46.437  1752  1763 I art     : Explicit concurrent mark sweep GC freed 1343(78KB) AllocSpace objects, 1(20KB) LOS objects, 23% free, 53MB/69MB, paused 538us total 29.953ms
08-03 23:38:46.448  1752  1763 I art     : Starting a blocking GC Explicit
08-03 23:38:46.472  1752  1763 I art     : Explicit concurrent mark sweep GC freed 20(704B) AllocSpace objects, 0(0B) LOS objects, 23% free, 53MB/69MB, paused 477us total 23.765ms
08-03 23:38:46.481  1752  1763 I art     : Starting a blocking GC Explicit
08-03 23:38:46.505  1752  1763 I art     : Explicit concurrent mark sweep GC freed 3(96B) AllocSpace objects, 0(0B) LOS objects, 23% free, 53MB/69MB, paused 483us total 23.681ms
08-03 23:38:46.515  1752  1763 I art     : Starting a blocking GC Explicit
08-03 23:38:46.539  1752  1763 I art     : Explicit concurrent mark sweep GC freed 3(96B) AllocSpace objects, 0(0B) LOS objects, 23% free, 53MB/69MB, paused 489us total 24.095ms
08-03 23:38:46.548  1752  1763 I art     : Starting a blocking GC Explicit
08-03 23:38:46.572  1752  1763 I art     : Explicit concurrent mark sweep GC freed 3(96B) AllocSpace objects, 0(0B) LOS objects, 23% free, 53MB/69MB, paused 459us total 23.820ms
08-03 23:38:46.755 29081 29081 I ServiceManager: Waiting for service AtCmdFwd...
08-03 23:38:46.907  1752  3375 I art     : Starting a blocking GC Explicit
08-03 23:38:46.938  1752  3375 I art     : Explicit concurrent mark sweep GC freed 1536(90KB) AllocSpace objects, 1(20KB) LOS objects, 23% free, 53MB/69MB, paused 691us total 30.553ms
08-03 23:38:46.948  1752  3375 I art     : Starting a blocking GC Explicit
08-03 23:38:46.973  1752  3375 I art     : Explicit concurrent mark sweep GC freed 104(5KB) AllocSpace objects, 0(0B) LOS objects, 23% free, 53MB/69MB, paused 519us total 24.267ms
08-03 23:38:46.982  1752  3375 I art     : Starting a blocking GC Explicit
08-03 23:38:47.007  1752  3375 I art     : Explicit concurrent mark sweep GC freed 45(1568B) AllocSpace objects, 0(0B) LOS objects, 23% free, 53MB/69MB, paused 576us total 24.515ms
08-03 23:38:47.016  1752  3375 I art     : Starting a blocking GC Explicit
08-03 23:38:47.040  1752  3375 I art     : Explicit concurrent mark sweep GC freed 3(96B) AllocSpace objects, 0(0B) LOS objects, 23% free, 53MB/69MB, paused 525us total 23.081ms
08-03 23:38:47.049  1752  3375 I art     : Starting a blocking GC Explicit
08-03 23:38:47.072  1752  3375 I art     : Explicit concurrent mark sweep GC freed 434(18KB) AllocSpace objects, 0(0B) LOS objects, 23% free, 53MB/69MB, paused 634us total 23.512ms
08-03 23:38:47.130  1752  4676 W OneSignal: OneSignalRestClient: POST Error thrown from network stack. 
08-03 23:38:47.130  1752  4676 W OneSignal: java.io.IOException: unexpected end of stream on Connection{api.onesignal.com:443, proxy=HTTP@192.168.2.12:8080 hostAddress=192.168.2.12 cipherSuite=TLS_ECDHE_RSA_WITH_AES_128_GCM_SHA256 protocol=http/1.1} (recycle count=0)
08-03 23:38:47.130  1752  4676 W OneSignal: 	at com.android.okhttp.internal.http.HttpConnection.readResponse(HttpConnection.java:210)
08-03 23:38:47.130  1752  4676 W OneSignal: 	at com.android.okhttp.internal.http.HttpTransport.readResponseHeaders(HttpTransport.java:80)
08-03 23:38:47.130  1752  4676 W OneSignal: 	at com.android.okhttp.internal.http.HttpEngine.readNetworkResponse(HttpEngine.java:904)
08-03 23:38:47.130  1752  4676 W OneSignal: 	at com.android.okhttp.internal.http.HttpEngine.readResponse(HttpEngine.java:788)
08-03 23:38:47.130  1752  4676 W OneSignal: 	at com.android.okhttp.internal.huc.HttpURLConnectionImpl.execute(HttpURLConnectionImpl.java:439)
08-03 23:38:47.130  1752  4676 W OneSignal: 	at com.android.okhttp.internal.huc.HttpURLConnectionImpl.getResponse(HttpURLConnectionImpl.java:384)
08-03 23:38:47.130  1752  4676 W OneSignal: 	at com.android.okhttp.internal.huc.HttpURLConnectionImpl.getResponseCode(HttpURLConnectionImpl.java:497)
08-03 23:38:47.130  1752  4676 W OneSignal: 	at com.android.okhttp.internal.huc.DelegatingHttpsURLConnection.getResponseCode(DelegatingHttpsURLConnection.java:105)
08-03 23:38:47.130  1752  4676 W OneSignal: 	at com.android.okhttp.internal.huc.HttpsURLConnectionImpl.getResponseCode(HttpsURLConnectionImpl.java)
08-03 23:38:47.130  1752  4676 W OneSignal: 	at com.onesignal.OneSignalRestClient.startHTTPConnection(OneSignalRestClient.java:180)
08-03 23:38:47.130  1752  4676 W OneSignal: 	at com.onesignal.OneSignalRestClient.access$100(OneSignalRestClient.java:44)
08-03 23:38:47.130  1752  4676 W OneSignal: 	at com.onesignal.OneSignalRestClient$4.run(OneSignalRestClient.java:110)
08-03 23:38:47.130  1752  4676 W OneSignal: 	at java.lang.Thread.run(Thread.java:818)
08-03 23:38:47.130  1752  4676 W OneSignal: Caused by: java.io.EOFException: \n not found: size=0 content=...
08-03 23:38:47.130  1752  4676 W OneSignal: 	at com.android.okhttp.okio.RealBufferedSource.readUtf8LineStrict(RealBufferedSource.java:200)
08-03 23:38:47.130  1752  4676 W OneSignal: 	at com.android.okhttp.internal.http.HttpConnection.readResponse(HttpConnection.java:191)
08-03 23:38:47.130  1752  4676 W OneSignal: 	... 12 more
08-03 23:38:47.132  1752  4677 W OneSignal: Failed last request. statusCode: -1
08-03 23:38:47.132  1752  4677 W OneSignal: response: null
08-03 23:38:47.385  1752  1765 I art     : Starting a blocking GC Explicit
08-03 23:38:47.418  1752  1765 I art     : Explicit concurrent mark sweep GC freed 3202(207KB) AllocSpace objects, 1(20KB) LOS objects, 23% free, 53MB/69MB, paused 519us total 32.041ms
08-03 23:38:47.430  1752  1765 I art     : Starting a blocking GC Explicit
08-03 23:38:47.454  1752  1765 I art     : Explicit concurrent mark sweep GC freed 49(1856B) AllocSpace objects, 0(0B) LOS objects, 23% free, 53MB/69MB, paused 486us total 23.857ms
08-03 23:38:47.464  1752  1765 I art     : Starting a blocking GC Explicit
08-03 23:38:47.487  1752  1765 I art     : Explicit concurrent mark sweep GC freed 16(704B) AllocSpace objects, 0(0B) LOS objects, 23% free, 53MB/69MB, paused 587us total 23.214ms
08-03 23:38:47.496  1752  1765 I art     : Starting a blocking GC Explicit
08-03 23:38:47.519  1752  1765 I art     : Explicit concurrent mark sweep GC freed 17(528B) AllocSpace objects, 0(0B) LOS objects, 23% free, 53MB/69MB, paused 480us total 22.917ms
08-03 23:38:47.529  1752  1765 I art     : Starting a blocking GC Explicit
08-03 23:38:47.553  1752  1765 I art     : Explicit concurrent mark sweep GC freed 3(96B) AllocSpace objects, 0(0B) LOS objects, 23% free, 53MB/69MB, paused 513us total 24.224ms
08-03 23:38:47.755 29081 29081 W Atfwd_Sendcmd: AtCmdFwd service not published, waiting... retryCnt : 2
08-03 23:38:47.871  1752  1845 I art     : Starting a blocking GC Explicit
08-03 23:38:47.899  1752  1845 I art     : Explicit concurrent mark sweep GC freed 1343(78KB) AllocSpace objects, 1(20KB) LOS objects, 23% free, 53MB/69MB, paused 548us total 27.435ms
08-03 23:38:47.911  1752  1845 I art     : Starting a blocking GC Explicit
08-03 23:38:47.934  1752  1845 I art     : Explicit concurrent mark sweep GC freed 20(704B) AllocSpace objects, 0(0B) LOS objects, 23% free, 53MB/69MB, paused 470us total 23.261ms
08-03 23:38:47.943  1752  1845 I art     : Starting a blocking GC Explicit
08-03 23:38:47.967  1752  1845 I art     : Explicit concurrent mark sweep GC freed 3(96B) AllocSpace objects, 0(0B) LOS objects, 23% free, 53MB/69MB, paused 587us total 23.471ms
08-03 23:38:47.976  1752  1845 I art     : Starting a blocking GC Explicit
08-03 23:38:47.999  1752  1845 I art     : Explicit concurrent mark sweep GC freed 3(96B) AllocSpace objects, 0(0B) LOS objects, 23% free, 53MB/69MB, paused 454us total 23.187ms
08-03 23:38:48.009  1752  1845 I art     : Starting a blocking GC Explicit
08-03 23:38:48.033  1752  1845 I art     : Explicit concurrent mark sweep GC freed 3(96B) AllocSpace objects, 0(0B) LOS objects, 23% free, 53MB/69MB, paused 471us total 23.962ms
08-03 23:38:48.341  1752  2234 I art     : Starting a blocking GC Explicit
08-03 23:38:48.365  1752  2234 I art     : Explicit concurrent mark sweep GC freed 1343(78KB) AllocSpace objects, 1(20KB) LOS objects, 23% free, 53MB/69MB, paused 555us total 23.742ms
08-03 23:38:48.374  1752  2234 I art     : Starting a blocking GC Explicit
08-03 23:38:48.397  1752  2234 I art     : Explicit concurrent mark sweep GC freed 20(704B) AllocSpace objects, 0(0B) LOS objects, 23% free, 53MB/69MB, paused 509us total 23.311ms
08-03 23:38:48.407  1752  2234 I art     : Starting a blocking GC Explicit
08-03 23:38:48.429  1752  2234 I art     : Explicit concurrent mark sweep GC freed 3(96B) AllocSpace objects, 0(0B) LOS objects, 23% free, 53MB/69MB, paused 471us total 22.357ms
08-03 23:38:48.438  1752  2234 I art     : Starting a blocking GC Explicit
08-03 23:38:48.461  1752  2234 I art     : Explicit concurrent mark sweep GC freed 3(96B) AllocSpace objects, 0(0B) LOS objects, 23% free, 53MB/69MB, paused 476us total 22.323ms
08-03 23:38:48.469  1752  2234 I art     : Starting a blocking GC Explicit
08-03 23:38:48.492  1752  2234 I art     : Explicit concurrent mark sweep GC freed 3(96B) AllocSpace objects, 0(0B) LOS objects, 23% free, 53MB/69MB, paused 468us total 22.191ms
08-03 23:38:48.674  4704  4704 D AndroidRuntime: >>>>>> START com.android.internal.os.RuntimeInit uid 2000 <<<<<<
08-03 23:38:48.679  4704  4704 D AndroidRuntime: CheckJNI is OFF
08-03 23:38:48.712  4704  4704 D ICU     : No timezone override file found: /data/misc/zoneinfo/current/icu/icu_tzdata.dat
08-03 23:38:48.746  4704  4704 I Radio-JNI: register_android_hardware_Radio DONE
08-03 23:38:48.768  4704  4704 D AndroidRuntime: Calling main entry com.android.commands.input.Input
08-03 23:38:48.770  4704  4704 I Input   : injectKeyEvent: KeyEvent { action=ACTION_DOWN, keyCode=KEYCODE_BACK, scanCode=0, metaState=0, flags=0x0, repeatCount=0, eventTime=661145183, downTime=661145183, deviceId=-1, source=0x101 }
08-03 23:38:48.774  4704  4704 I Input   : injectKeyEvent: KeyEvent { action=ACTION_UP, keyCode=KEYCODE_BACK, scanCode=0, metaState=0, flags=0x0, repeatCount=0, eventTime=661145183, downTime=661145183, deviceId=-1, source=0x101 }
08-03 23:38:48.778  1752  1763 I art     : Starting a blocking GC Explicit
08-03 23:38:48.780  4704  4704 D AndroidRuntime: Shutting down VM
08-03 23:38:48.801  1752  1763 I art     : Explicit concurrent mark sweep GC freed 1443(83KB) AllocSpace objects, 1(20KB) LOS objects, 23% free, 53MB/69MB, paused 466us total 23.233ms
08-03 23:38:48.810  1752  1763 I art     : Starting a blocking GC Explicit
08-03 23:38:48.825 13866 13866 I GoogleInputMethodServic: GoogleInputMethodService.onFinishInput():3138 
08-03 23:38:48.826 13866 13866 I GoogleInputMethodServic: GoogleInputMethodService.onStartInput():1808 
08-03 23:38:48.832  1752  1763 I art     : Explicit concurrent mark sweep GC freed 27(976B) AllocSpace objects, 0(0B) LOS objects, 23% free, 53MB/69MB, paused 450us total 21.339ms
08-03 23:38:48.840  1752  1763 I art     : Starting a blocking GC Explicit
08-03 23:38:48.865  1752  1763 I art     : Explicit concurrent mark sweep GC freed 33(1232B) AllocSpace objects, 0(0B) LOS objects, 23% free, 53MB/69MB, paused 517us total 24.072ms
08-03 23:38:48.873  1752  1763 I art     : Starting a blocking GC Explicit
08-03 23:38:48.893  1752  1763 I art     : Explicit concurrent mark sweep GC freed 10(352B) AllocSpace objects, 0(0B) LOS objects, 23% free, 53MB/69MB, paused 467us total 20.065ms
08-03 23:38:48.902  1752  1763 I art     : Starting a blocking GC Explicit
08-03 23:38:48.923  1752  1763 I art     : Explicit concurrent mark sweep GC freed 3(96B) AllocSpace objects, 0(0B) LOS objects, 23% free, 53MB/69MB, paused 469us total 21.231ms
08-03 23:38:49.110   380   380 W SurfaceFlinger: couldn't log to binary event log: overflow.
08-03 23:38:49.190  1752  1765 I art     : Starting a blocking GC Explicit
08-03 23:38:49.212  1752  1765 I art     : Explicit concurrent mark sweep GC freed 1462(87KB) AllocSpace objects, 1(20KB) LOS objects, 23% free, 53MB/69MB, paused 461us total 22.232ms
08-03 23:38:49.220  1752  1765 I art     : Starting a blocking GC Explicit
08-03 23:38:49.244  1752  1765 I art     : Explicit concurrent mark sweep GC freed 4698(269KB) AllocSpace objects, 2(140KB) LOS objects, 23% free, 52MB/68MB, paused 540us total 23.227ms
08-03 23:38:49.253  1752  1765 I art     : Starting a blocking GC Explicit
08-03 23:38:49.276  1752  1765 I art     : Explicit concurrent mark sweep GC freed 3(96B) AllocSpace objects, 0(0B) LOS objects, 23% free, 52MB/68MB, paused 464us total 22.425ms
08-03 23:38:49.284  1752  1765 I art     : Starting a blocking GC Explicit
08-03 23:38:49.307  1752  1765 I art     : Explicit concurrent mark sweep GC freed 3(96B) AllocSpace objects, 0(0B) LOS objects, 23% free, 52MB/68MB, paused 462us total 21.850ms
08-03 23:38:49.315  1752  1765 I art     : Starting a blocking GC Explicit
08-03 23:38:49.338  1752  1765 I art     : Explicit concurrent mark sweep GC freed 3(96B) AllocSpace objects, 0(0B) LOS objects, 23% free, 52MB/68MB, paused 481us total 22.081ms
08-03 23:38:49.632  1752  3375 I art     : Starting a blocking GC Explicit
08-03 23:38:49.663  1752  3375 I art     : Explicit concurrent mark sweep GC freed 1343(78KB) AllocSpace objects, 1(20KB) LOS objects, 23% free, 52MB/68MB, paused 519us total 30.326ms
08-03 23:38:49.675  1752  3375 I art     : Starting a blocking GC Explicit
08-03 23:38:49.698  1752  3375 I art     : Explicit concurrent mark sweep GC freed 20(704B) AllocSpace objects, 0(0B) LOS objects, 23% free, 52MB/68MB, paused 479us total 22.132ms
08-03 23:38:49.707  1752  3375 I art     : Starting a blocking GC Explicit
08-03 23:38:49.730  1752  3375 I art     : Explicit concurrent mark sweep GC freed 3(96B) AllocSpace objects, 0(0B) LOS objects, 23% free, 52MB/68MB, paused 473us total 22.325ms
08-03 23:38:49.739  1752  3375 I art     : Starting a blocking GC Explicit
08-03 23:38:49.761  1752  3375 I art     : Explicit concurrent mark sweep GC freed 3(96B) AllocSpace objects, 0(0B) LOS objects, 23% free, 52MB/68MB, paused 468us total 22.276ms
08-03 23:38:49.770  1752  3375 I art     : Starting a blocking GC Explicit
08-03 23:38:49.791  1752  3375 I art     : Explicit concurrent mark sweep GC freed 3(96B) AllocSpace objects, 0(0B) LOS objects, 23% free, 52MB/68MB, paused 469us total 20.857ms
08-03 23:38:50.072  1752  1845 I art     : Starting a blocking GC Explicit
08-03 23:38:50.095  1752  1845 I art     : Explicit concurrent mark sweep GC freed 1342(78KB) AllocSpace objects, 1(20KB) LOS objects, 23% free, 52MB/68MB, paused 483us total 22.172ms
08-03 23:38:50.103  1752  1845 I art     : Starting a blocking GC Explicit
08-03 23:38:50.125  1752  1845 I art     : Explicit concurrent mark sweep GC freed 20(704B) AllocSpace objects, 0(0B) LOS objects, 23% free, 52MB/68MB, paused 500us total 21.099ms
08-03 23:38:50.133  1752  1845 I art     : Starting a blocking GC Explicit
08-03 23:38:50.156  1752  1845 I art     : Explicit concurrent mark sweep GC freed 3(96B) AllocSpace objects, 0(0B) LOS objects, 23% free, 52MB/68MB, paused 529us total 22.241ms
08-03 23:38:50.164  1752  1845 I art     : Starting a blocking GC Explicit
08-03 23:38:50.185  1752  1845 I art     : Explicit concurrent mark sweep GC freed 3(96B) AllocSpace objects, 0(0B) LOS objects, 23% free, 52MB/68MB, paused 460us total 20.627ms
08-03 23:38:50.194  1752  1845 I art     : Starting a blocking GC Explicit
08-03 23:38:50.214  1752  1845 I art     : Explicit concurrent mark sweep GC freed 3(96B) AllocSpace objects, 0(0B) LOS objects, 23% free, 52MB/68MB, paused 457us total 20.603ms
08-03 23:38:50.426  4764  4764 D AndroidRuntime: >>>>>> START com.android.internal.os.RuntimeInit uid 2000 <<<<<<
08-03 23:38:50.432  4764  4764 D AndroidRuntime: CheckJNI is OFF
08-03 23:38:50.468  4764  4764 D ICU     : No timezone override file found: /data/misc/zoneinfo/current/icu/icu_tzdata.dat
08-03 23:38:50.490  1752  1845 I art     : Starting a blocking GC Explicit
08-03 23:38:50.503  4764  4764 I Radio-JNI: register_android_hardware_Radio DONE
08-03 23:38:50.512  1752  1845 I art     : Explicit concurrent mark sweep GC freed 1354(78KB) AllocSpace objects, 1(20KB) LOS objects, 23% free, 52MB/68MB, paused 501us total 21.586ms
08-03 23:38:50.521  1752  1845 I art     : Starting a blocking GC Explicit
08-03 23:38:50.525  4764  4764 D AndroidRuntime: Calling main entry com.android.commands.input.Input
08-03 23:38:50.527  4764  4764 I Input   : injectKeyEvent: KeyEvent { action=ACTION_DOWN, keyCode=KEYCODE_BACK, scanCode=0, metaState=0, flags=0x0, repeatCount=0, eventTime=661146940, downTime=661146940, deviceId=-1, source=0x101 }
08-03 23:38:50.533  4764  4764 I Input   : injectKeyEvent: KeyEvent { action=ACTION_UP, keyCode=KEYCODE_BACK, scanCode=0, metaState=0, flags=0x0, repeatCount=0, eventTime=661146940, downTime=661146940, deviceId=-1, source=0x101 }
08-03 23:38:50.539  4764  4764 D AndroidRuntime: Shutting down VM
08-03 23:38:50.542  1752  1845 I art     : Explicit concurrent mark sweep GC freed 28(1056B) AllocSpace objects, 0(0B) LOS objects, 23% free, 52MB/68MB, paused 475us total 20.296ms
08-03 23:38:50.550  1752  1845 I art     : Starting a blocking GC Explicit
08-03 23:38:50.571  1752  1845 I art     : Explicit concurrent mark sweep GC freed 136(6KB) AllocSpace objects, 0(0B) LOS objects, 23% free, 52MB/68MB, paused 418us total 20.109ms
08-03 23:38:50.579  1752  1845 I art     : Starting a blocking GC Explicit
08-03 23:38:50.598  1752  1845 I art     : Explicit concurrent mark sweep GC freed 11(352B) AllocSpace objects, 0(0B) LOS objects, 23% free, 52MB/68MB, paused 468us total 18.857ms
08-03 23:38:50.606  1752  1845 I art     : Starting a blocking GC Explicit
08-03 23:38:50.621 13866 13866 I GoogleInputMethodServic: GoogleInputMethodService.onFinishInput():3138 
08-03 23:38:50.621 13866 13866 I GoogleInputMethodServic: GoogleInputMethodService.onStartInput():1808 
08-03 23:38:50.627  1752  1845 I art     : Explicit concurrent mark sweep GC freed 54(1792B) AllocSpace objects, 0(0B) LOS objects, 23% free, 52MB/68MB, paused 632us total 20.869ms
08-03 23:38:50.886  1752  1763 I art     : Starting a blocking GC Explicit
08-03 23:38:50.895   380   380 W SurfaceFlinger: couldn't log to binary event log: overflow.
08-03 23:38:50.909  1752  1763 I art     : Explicit concurrent mark sweep GC freed 1460(87KB) AllocSpace objects, 1(20KB) LOS objects, 23% free, 52MB/68MB, paused 556us total 22.551ms
08-03 23:38:50.918  1752  1763 I art     : Starting a blocking GC Explicit
08-03 23:38:50.939  1752  1763 I art     : Explicit concurrent mark sweep GC freed 26(928B) AllocSpace objects, 0(0B) LOS objects, 23% free, 52MB/68MB, paused 444us total 20.847ms
08-03 23:38:50.948  1752  1763 I art     : Starting a blocking GC Explicit
08-03 23:38:50.967  1752  1763 I art     : Explicit concurrent mark sweep GC freed 2061(121KB) AllocSpace objects, 2(180KB) LOS objects, 23% free, 52MB/68MB, paused 511us total 19.359ms
08-03 23:38:50.975  1752  1763 I art     : Starting a blocking GC Explicit
08-03 23:38:50.996  1752  1763 I art     : Explicit concurrent mark sweep GC freed 3(96B) AllocSpace objects, 0(0B) LOS objects, 23% free, 52MB/68MB, paused 465us total 20.195ms
08-03 23:38:51.004  1752  1763 I art     : Starting a blocking GC Explicit
08-03 23:38:51.025  1752  1763 I art     : Explicit concurrent mark sweep GC freed 3(96B) AllocSpace objects, 0(0B) LOS objects, 23% free, 52MB/68MB, paused 522us total 20.400ms
08-03 23:38:51.323  1752  2234 I art     : Starting a blocking GC Explicit
08-03 23:38:51.354  1752  2234 I art     : Explicit concurrent mark sweep GC freed 1342(78KB) AllocSpace objects, 1(20KB) LOS objects, 23% free, 52MB/68MB, paused 627us total 30.297ms
08-03 23:38:51.366  1752  2234 I art     : Starting a blocking GC Explicit
08-03 23:38:51.387  1752  2234 I art     : Explicit concurrent mark sweep GC freed 20(704B) AllocSpace objects, 0(0B) LOS objects, 23% free, 52MB/68MB, paused 490us total 20.843ms
08-03 23:38:51.396  1752  2234 I art     : Starting a blocking GC Explicit
08-03 23:38:51.417  1752  2234 I art     : Explicit concurrent mark sweep GC freed 3(96B) AllocSpace objects, 0(0B) LOS objects, 23% free, 52MB/68MB, paused 539us total 20.818ms
08-03 23:38:51.426  1752  2234 I art     : Starting a blocking GC Explicit
08-03 23:38:51.447  1752  2234 I art     : Explicit concurrent mark sweep GC freed 3(96B) AllocSpace objects, 0(0B) LOS objects, 23% free, 52MB/68MB, paused 520us total 21.025ms
08-03 23:38:51.455  1752  2234 I art     : Starting a blocking GC Explicit
08-03 23:38:51.477  1752  2234 I art     : Explicit concurrent mark sweep GC freed 3(96B) AllocSpace objects, 0(0B) LOS objects, 23% free, 52MB/68MB, paused 493us total 20.938ms
08-03 23:38:51.752  1752  3375 I art     : Starting a blocking GC Explicit
08-03 23:38:51.773  1752  3375 I art     : Explicit concurrent mark sweep GC freed 1340(78KB) AllocSpace objects, 1(20KB) LOS objects, 23% free, 52MB/68MB, paused 452us total 21.359ms
08-03 23:38:51.782  1752  3375 I art     : Starting a blocking GC Explicit
08-03 23:38:51.803  1752  3375 I art     : Explicit concurrent mark sweep GC freed 20(704B) AllocSpace objects, 0(0B) LOS objects, 23% free, 52MB/68MB, paused 503us total 20.599ms
08-03 23:38:51.813  1752  3375 I art     : Starting a blocking GC Explicit
08-03 23:38:51.833  1752  3375 I art     : Explicit concurrent mark sweep GC freed 3(96B) AllocSpace objects, 0(0B) LOS objects, 23% free, 52MB/68MB, paused 474us total 20.396ms
08-03 23:38:51.842  1752  3375 I art     : Starting a blocking GC Explicit
08-03 23:38:51.862  1752  3375 I art     : Explicit concurrent mark sweep GC freed 3(96B) AllocSpace objects, 0(0B) LOS objects, 23% free, 52MB/68MB, paused 466us total 20.118ms
08-03 23:38:51.870  1752  3375 I art     : Starting a blocking GC Explicit
08-03 23:38:51.890  1752  3375 I art     : Explicit concurrent mark sweep GC freed 3(96B) AllocSpace objects, 0(0B) LOS objects, 23% free, 52MB/68MB, paused 467us total 19.555ms
08-03 23:38:52.170  1752  1765 I art     : Starting a blocking GC Explicit
08-03 23:38:52.191  1752  1765 I art     : Explicit concurrent mark sweep GC freed 1361(79KB) AllocSpace objects, 1(20KB) LOS objects, 23% free, 52MB/68MB, paused 507us total 21.204ms
08-03 23:38:52.200  1752  1765 I art     : Starting a blocking GC Explicit
08-03 23:38:52.201  4818  4818 D AndroidRuntime: >>>>>> START com.android.internal.os.RuntimeInit uid 2000 <<<<<<
08-03 23:38:52.206  4818  4818 D AndroidRuntime: CheckJNI is OFF
08-03 23:38:52.221  1752  1765 I art     : Explicit concurrent mark sweep GC freed 36(1216B) AllocSpace objects, 0(0B) LOS objects, 23% free, 52MB/68MB, paused 472us total 20.973ms
08-03 23:38:52.230  1752  1765 I art     : Starting a blocking GC Explicit
08-03 23:38:52.244  4818  4818 D ICU     : No timezone override file found: /data/misc/zoneinfo/current/icu/icu_tzdata.dat
08-03 23:38:52.250  1752  1765 I art     : Explicit concurrent mark sweep GC freed 3(96B) AllocSpace objects, 0(0B) LOS objects, 23% free, 52MB/68MB, paused 456us total 20.212ms
08-03 23:38:52.259  1752  1765 I art     : Starting a blocking GC Explicit
08-03 23:38:52.279  1752  1765 I art     : Explicit concurrent mark sweep GC freed 3(96B) AllocSpace objects, 0(0B) LOS objects, 23% free, 52MB/68MB, paused 497us total 20.384ms
08-03 23:38:52.281  4818  4818 I Radio-JNI: register_android_hardware_Radio DONE
08-03 23:38:52.288  1752  1765 I art     : Starting a blocking GC Explicit
08-03 23:38:52.303  4818  4818 D AndroidRuntime: Calling main entry com.android.commands.input.Input
08-03 23:38:52.305  4818  4818 I Input   : injectMotionEvent: MotionEvent { action=ACTION_DOWN, actionButton=0, id[0]=0, x[0]=1084.0, y[0]=2213.0, toolType[0]=TOOL_TYPE_UNKNOWN, buttonState=0, metaState=0, flags=0x0, edgeFlags=0x0, pointerCount=1, historySize=0, eventTime=661148718, downTime=661148718, deviceId=0, source=0x1002 }
08-03 23:38:52.307  1752  1765 I art     : Explicit concurrent mark sweep GC freed 3(96B) AllocSpace objects, 0(0B) LOS objects, 23% free, 52MB/68MB, paused 441us total 19.735ms
08-03 23:38:52.310  4818  4818 I Input   : injectMotionEvent: MotionEvent { action=ACTION_UP, actionButton=0, id[0]=0, x[0]=1084.0, y[0]=2213.0, toolType[0]=TOOL_TYPE_UNKNOWN, buttonState=0, metaState=0, flags=0x0, edgeFlags=0x0, pointerCount=1, historySize=0, eventTime=661148718, downTime=661148718, deviceId=0, source=0x1002 }
08-03 23:38:52.313   918   928 I ActivityManager: START u0 {cmp=baseline.appteam.nith.hillffair/.activities.EventActivity} from uid 10651 on display 0
08-03 23:38:52.323  4818  4818 D AndroidRuntime: Shutting down VM
08-03 23:38:52.410 13866 13866 I GoogleInputMethodServic: GoogleInputMethodService.onFinishInput():3138 
08-03 23:38:52.410 13866 13866 I GoogleInputMethodServic: GoogleInputMethodService.onStartInput():1808 
08-03 23:38:52.441   918   936 I ActivityManager: Displayed baseline.appteam.nith.hillffair/.activities.EventActivity: +117ms
08-03 23:38:52.568  1752  1845 I art     : Starting a blocking GC Explicit
08-03 23:38:52.589  1752  1845 I art     : Explicit concurrent mark sweep GC freed 6176(370KB) AllocSpace objects, 1(20KB) LOS objects, 23% free, 52MB/68MB, paused 462us total 20.337ms
08-03 23:38:52.597  1752  1845 I art     : Starting a blocking GC Explicit
08-03 23:38:52.615   918  3261 D WifiStateMachine: starting scan for "H369AA63323"WPA_PSK with 2412,5180
08-03 23:38:52.617  1752  1845 I art     : Explicit concurrent mark sweep GC freed 266(11KB) AllocSpace objects, 0(0B) LOS objects, 23% free, 52MB/68MB, paused 993us total 20.026ms
08-03 23:38:52.625  1752  1845 I art     : Starting a blocking GC Explicit
08-03 23:38:52.644  1752  1845 I art     : Explicit concurrent mark sweep GC freed 3(96B) AllocSpace objects, 0(0B) LOS objects, 23% free, 52MB/68MB, paused 461us total 18.558ms
08-03 23:38:52.652  1752  1845 I art     : Starting a blocking GC Explicit
08-03 23:38:52.671  1752  1845 I art     : Explicit concurrent mark sweep GC freed 3(96B) AllocSpace objects, 0(0B) LOS objects, 23% free, 52MB/68MB, paused 452us total 18.595ms
08-03 23:38:52.679  1752  1845 I art     : Starting a blocking GC Explicit
08-03 23:38:52.680   380   380 W SurfaceFlinger: couldn't log to binary event log: overflow.
08-03 23:38:52.698  1752  1845 I art     : Explicit concurrent mark sweep GC freed 3(96B) AllocSpace objects, 0(0B) LOS objects, 23% free, 52MB/68MB, paused 451us total 19.242ms
08-03 23:38:52.750  1752  4842 D OkHttp  : --> GET https://api-hillfair-2k16.herokuapp.com/api/app/club http/1.1
08-03 23:38:52.782  1752  4842 D OkHttp  : <-- 200 OK https://api-hillfair-2k16.herokuapp.com/api/app/club (31ms, 1870-byte body)
08-03 23:38:52.799  1752  1752 I NAPPA_EXPERIMENTATION: MetricNetworkRequestExecutionTime: REQUEST_DURATION_SYSTEM='450',REQUEST_DURATION_OKHTTP='32',REQUEST_SYNCHRONOUS='FALSE',RESPONSE_CODE='200',RESPONSE_METHOD='GET',RESPONSE_LENGTH_OKHTTP='1870',RESPONSE_LENGTH_HEADER='1870',REQUEST_PROTOCOL='http/1.1',REQUEST_URL='https://api-hillfair-2k16.herokuapp.com/api/app/club',
08-03 23:38:52.966  1752  3375 I art     : Starting a blocking GC Explicit
08-03 23:38:52.991  1752  3375 I art     : Explicit concurrent mark sweep GC freed 6292(380KB) AllocSpace objects, 4(220KB) LOS objects, 23% free, 53MB/69MB, paused 803us total 24.358ms
08-03 23:38:52.999  1752  3375 I art     : Starting a blocking GC Explicit
08-03 23:38:53.021  1752  3375 I art     : Explicit concurrent mark sweep GC freed 1911(260KB) AllocSpace objects, 0(0B) LOS objects, 23% free, 53MB/69MB, paused 640us total 21.642ms
08-03 23:38:53.029  1752  3375 I art     : Starting a blocking GC Explicit
08-03 23:38:53.050  1752  3375 I art     : Explicit concurrent mark sweep GC freed 170(55KB) AllocSpace objects, 0(0B) LOS objects, 23% free, 53MB/69MB, paused 950us total 20.228ms
08-03 23:38:53.058  1752  3375 I art     : Starting a blocking GC Explicit
08-03 23:38:53.078  1752  3375 I art     : Explicit concurrent mark sweep GC freed 15(480B) AllocSpace objects, 0(0B) LOS objects, 23% free, 53MB/69MB, paused 636us total 20.361ms
08-03 23:38:53.086  1752  3375 I art     : Starting a blocking GC Explicit
08-03 23:38:53.106  1752  3375 I art     : Explicit concurrent mark sweep GC freed 3(96B) AllocSpace objects, 0(0B) LOS objects, 23% free, 53MB/69MB, paused 536us total 19.711ms
08-03 23:38:53.391  1752  1763 I art     : Starting a blocking GC Explicit
08-03 23:38:53.417  1752  1763 I art     : Explicit concurrent mark sweep GC freed 8590(365KB) AllocSpace objects, 1(20KB) LOS objects, 23% free, 53MB/69MB, paused 700us total 25.052ms
08-03 23:38:53.426  1752  1763 I art     : Starting a blocking GC Explicit
08-03 23:38:53.450  1752  1763 I art     : Explicit concurrent mark sweep GC freed 397(15KB) AllocSpace objects, 0(0B) LOS objects, 23% free, 53MB/69MB, paused 607us total 23.939ms
08-03 23:38:53.459  1752  1763 I art     : Starting a blocking GC Explicit
08-03 23:38:53.482  1752  1763 I art     : Explicit concurrent mark sweep GC freed 123(8KB) AllocSpace objects, 0(0B) LOS objects, 23% free, 53MB/69MB, paused 597us total 22.638ms
08-03 23:38:53.491  1752  1763 I art     : Starting a blocking GC Explicit
08-03 23:38:53.514  1752  1763 I art     : Explicit concurrent mark sweep GC freed 230(48KB) AllocSpace objects, 0(0B) LOS objects, 23% free, 53MB/69MB, paused 629us total 22.989ms
08-03 23:38:53.524  1752  1763 I art     : Starting a blocking GC Explicit
08-03 23:38:53.545  1752  1763 I art     : Explicit concurrent mark sweep GC freed 371(122KB) AllocSpace objects, 0(0B) LOS objects, 22% free, 53MB/69MB, paused 525us total 21.129ms
08-03 23:38:53.832  1752  3375 I art     : Starting a blocking GC Explicit
08-03 23:38:53.856  1752  3375 I art     : Explicit concurrent mark sweep GC freed 1395(88KB) AllocSpace objects, 1(20KB) LOS objects, 23% free, 53MB/69MB, paused 517us total 24.348ms
08-03 23:38:53.865  1752  3375 I art     : Starting a blocking GC Explicit
08-03 23:38:53.888  1752  3375 I art     : Explicit concurrent mark sweep GC freed 23(800B) AllocSpace objects, 0(0B) LOS objects, 23% free, 53MB/69MB, paused 517us total 22.599ms
08-03 23:38:53.897  1752  3375 I art     : Starting a blocking GC Explicit
08-03 23:38:53.920  1752  3375 I art     : Explicit concurrent mark sweep GC freed 3(96B) AllocSpace objects, 0(0B) LOS objects, 23% free, 53MB/69MB, paused 510us total 23.036ms
08-03 23:38:53.929  1752  3375 I art     : Starting a blocking GC Explicit
08-03 23:38:53.953  1752  3375 I art     : Explicit concurrent mark sweep GC freed 3(96B) AllocSpace objects, 0(0B) LOS objects, 23% free, 53MB/69MB, paused 518us total 23.583ms
08-03 23:38:53.962  1752  3375 I art     : Starting a blocking GC Explicit
08-03 23:38:53.986  1752  3375 I art     : Explicit concurrent mark sweep GC freed 3(96B) AllocSpace objects, 0(0B) LOS objects, 23% free, 53MB/69MB, paused 503us total 22.886ms
08-03 23:38:54.308  1752  1765 I art     : Starting a blocking GC Explicit
08-03 23:38:54.338  1752  1765 I art     : Explicit concurrent mark sweep GC freed 1343(78KB) AllocSpace objects, 1(20KB) LOS objects, 23% free, 53MB/69MB, paused 591us total 29.490ms
08-03 23:38:54.350  1752  1765 I art     : Starting a blocking GC Explicit
08-03 23:38:54.373  1752  1765 I art     : Explicit concurrent mark sweep GC freed 20(704B) AllocSpace objects, 0(0B) LOS objects, 23% free, 53MB/69MB, paused 519us total 23.247ms
08-03 23:38:54.382  1752  1765 I art     : Starting a blocking GC Explicit
08-03 23:38:54.405  1752  1765 I art     : Explicit concurrent mark sweep GC freed 3(96B) AllocSpace objects, 0(0B) LOS objects, 23% free, 53MB/69MB, paused 500us total 23.064ms
08-03 23:38:54.414  1752  1765 I art     : Starting a blocking GC Explicit
08-03 23:38:54.438  1752  1765 I art     : Explicit concurrent mark sweep GC freed 3(96B) AllocSpace objects, 0(0B) LOS objects, 23% free, 53MB/69MB, paused 520us total 23.500ms
08-03 23:38:54.447  1752  1765 I art     : Starting a blocking GC Explicit
08-03 23:38:54.471  1752  1765 I art     : Explicit concurrent mark sweep GC freed 3(96B) AllocSpace objects, 0(0B) LOS objects, 23% free, 53MB/69MB, paused 486us total 23.268ms
08-03 23:38:54.794  1752  1763 I art     : Starting a blocking GC Explicit
08-03 23:38:54.829  1752  1763 I art     : Explicit concurrent mark sweep GC freed 1343(78KB) AllocSpace objects, 1(20KB) LOS objects, 23% free, 53MB/69MB, paused 545us total 35.021ms
08-03 23:38:54.842  1752  1763 I art     : Starting a blocking GC Explicit
08-03 23:38:54.865  1752  1763 I art     : Explicit concurrent mark sweep GC freed 20(704B) AllocSpace objects, 0(0B) LOS objects, 23% free, 53MB/69MB, paused 502us total 23.347ms
08-03 23:38:54.874  1752  1763 I art     : Starting a blocking GC Explicit
08-03 23:38:54.898  1752  1763 I art     : Explicit concurrent mark sweep GC freed 3(96B) AllocSpace objects, 0(0B) LOS objects, 23% free, 53MB/69MB, paused 487us total 23.215ms
08-03 23:38:54.907  1752  1763 I art     : Starting a blocking GC Explicit
08-03 23:38:54.931  1752  1763 I art     : Explicit concurrent mark sweep GC freed 3(96B) AllocSpace objects, 0(0B) LOS objects, 23% free, 53MB/69MB, paused 502us total 23.657ms
08-03 23:38:54.940  1752  1763 I art     : Starting a blocking GC Explicit
08-03 23:38:54.964  1752  1763 I art     : Explicit concurrent mark sweep GC freed 3(96B) AllocSpace objects, 0(0B) LOS objects, 23% free, 53MB/69MB, paused 504us total 23.311ms
08-03 23:38:55.288  1752  1845 I art     : Starting a blocking GC Explicit
08-03 23:38:55.322  1752  1845 I art     : Explicit concurrent mark sweep GC freed 1343(78KB) AllocSpace objects, 1(20KB) LOS objects, 23% free, 53MB/69MB, paused 599us total 33.746ms
08-03 23:38:55.338  1752  1845 I art     : Starting a blocking GC Explicit
08-03 23:38:55.365  1752  1845 I art     : Explicit concurrent mark sweep GC freed 20(704B) AllocSpace objects, 0(0B) LOS objects, 23% free, 53MB/69MB, paused 516us total 26.622ms
08-03 23:38:55.374  1752  1845 I art     : Starting a blocking GC Explicit
08-03 23:38:55.398  1752  1845 I art     : Explicit concurrent mark sweep GC freed 3(96B) AllocSpace objects, 0(0B) LOS objects, 23% free, 53MB/69MB, paused 536us total 23.898ms
08-03 23:38:55.407  1752  1845 I art     : Starting a blocking GC Explicit
08-03 23:38:55.431  1752  1845 I art     : Explicit concurrent mark sweep GC freed 3(96B) AllocSpace objects, 0(0B) LOS objects, 23% free, 53MB/69MB, paused 521us total 23.427ms
08-03 23:38:55.440  1752  1845 I art     : Starting a blocking GC Explicit
08-03 23:38:55.463  1752  1845 I art     : Explicit concurrent mark sweep GC freed 3(96B) AllocSpace objects, 0(0B) LOS objects, 23% free, 53MB/69MB, paused 522us total 22.949ms
08-03 23:38:55.794  1752  2234 I art     : Starting a blocking GC Explicit
08-03 23:38:55.828  1752  2234 I art     : Explicit concurrent mark sweep GC freed 1343(78KB) AllocSpace objects, 1(20KB) LOS objects, 23% free, 53MB/69MB, paused 865us total 33.469ms
08-03 23:38:55.841  1752  2234 I art     : Starting a blocking GC Explicit
08-03 23:38:55.865  1752  2234 I art     : Explicit concurrent mark sweep GC freed 20(704B) AllocSpace objects, 0(0B) LOS objects, 23% free, 53MB/69MB, paused 537us total 23.628ms
08-03 23:38:55.874  1752  2234 I art     : Starting a blocking GC Explicit
08-03 23:38:55.898  1752  2234 I art     : Explicit concurrent mark sweep GC freed 3(96B) AllocSpace objects, 0(0B) LOS objects, 23% free, 53MB/69MB, paused 526us total 23.298ms
08-03 23:38:55.907  1752  2234 I art     : Starting a blocking GC Explicit
08-03 23:38:55.930  1752  2234 I art     : Explicit concurrent mark sweep GC freed 3(96B) AllocSpace objects, 0(0B) LOS objects, 23% free, 53MB/69MB, paused 501us total 23.137ms
08-03 23:38:55.939  1752  2234 I art     : Starting a blocking GC Explicit
08-03 23:38:55.963  1752  2234 I art     : Explicit concurrent mark sweep GC freed 3(96B) AllocSpace objects, 0(0B) LOS objects, 23% free, 53MB/69MB, paused 513us total 23.609ms
08-03 23:38:56.286  1752  3375 I art     : Starting a blocking GC Explicit
08-03 23:38:56.320  1752  3375 I art     : Explicit concurrent mark sweep GC freed 1343(78KB) AllocSpace objects, 1(20KB) LOS objects, 23% free, 53MB/69MB, paused 536us total 33.526ms
08-03 23:38:56.332  1752  3375 I art     : Starting a blocking GC Explicit
08-03 23:38:56.357  1752  3375 I art     : Explicit concurrent mark sweep GC freed 20(704B) AllocSpace objects, 0(0B) LOS objects, 23% free, 53MB/69MB, paused 508us total 24.363ms
08-03 23:38:56.366  1752  3375 I art     : Starting a blocking GC Explicit
08-03 23:38:56.389  1752  3375 I art     : Explicit concurrent mark sweep GC freed 3(96B) AllocSpace objects, 0(0B) LOS objects, 23% free, 53MB/69MB, paused 528us total 23.322ms
08-03 23:38:56.399  1752  3375 I art     : Starting a blocking GC Explicit
08-03 23:38:56.422  1752  3375 I art     : Explicit concurrent mark sweep GC freed 3(96B) AllocSpace objects, 0(0B) LOS objects, 23% free, 53MB/69MB, paused 504us total 23.585ms
08-03 23:38:56.432  1752  3375 I art     : Starting a blocking GC Explicit
08-03 23:38:56.455  1752  3375 I art     : Explicit concurrent mark sweep GC freed 3(96B) AllocSpace objects, 0(0B) LOS objects, 23% free, 53MB/69MB, paused 499us total 23.394ms
08-03 23:38:56.763  1752  1765 I art     : Starting a blocking GC Explicit
08-03 23:38:56.793  1752  1765 I art     : Explicit concurrent mark sweep GC freed 1364(79KB) AllocSpace objects, 1(20KB) LOS objects, 23% free, 53MB/69MB, paused 541us total 28.958ms
08-03 23:38:56.805  1752  1765 I art     : Starting a blocking GC Explicit
08-03 23:38:56.832  1752  1765 I art     : Explicit concurrent mark sweep GC freed 36(1216B) AllocSpace objects, 0(0B) LOS objects, 23% free, 53MB/69MB, paused 512us total 27.053ms
08-03 23:38:56.842  1752  1765 I art     : Starting a blocking GC Explicit
08-03 23:38:56.865  1752  1765 I art     : Explicit concurrent mark sweep GC freed 3(96B) AllocSpace objects, 0(0B) LOS objects, 23% free, 53MB/69MB, paused 495us total 23.554ms
08-03 23:38:56.875  1752  1765 I art     : Starting a blocking GC Explicit
08-03 23:38:56.898  1752  1765 I art     : Explicit concurrent mark sweep GC freed 3(96B) AllocSpace objects, 0(0B) LOS objects, 23% free, 53MB/69MB, paused 516us total 22.998ms
08-03 23:38:56.907  1752  1765 I art     : Starting a blocking GC Explicit
08-03 23:38:56.930  1752  1765 I art     : Explicit concurrent mark sweep GC freed 3(96B) AllocSpace objects, 0(0B) LOS objects, 23% free, 53MB/69MB, paused 505us total 23.336ms
08-03 23:38:57.232  1752  1763 I art     : Starting a blocking GC Explicit
08-03 23:38:57.267  1752  1763 I art     : Explicit concurrent mark sweep GC freed 1343(78KB) AllocSpace objects, 1(20KB) LOS objects, 23% free, 53MB/69MB, paused 531us total 34.509ms
08-03 23:38:57.280  1752  1763 I art     : Starting a blocking GC Explicit
08-03 23:38:57.304  1752  1763 I art     : Explicit concurrent mark sweep GC freed 20(704B) AllocSpace objects, 0(0B) LOS objects, 23% free, 53MB/69MB, paused 491us total 23.622ms
08-03 23:38:57.313  1752  1763 I art     : Starting a blocking GC Explicit
08-03 23:38:57.336  1752  1763 I art     : Explicit concurrent mark sweep GC freed 3(96B) AllocSpace objects, 0(0B) LOS objects, 23% free, 53MB/69MB, paused 494us total 23.263ms
08-03 23:38:57.345  1752  1763 I art     : Starting a blocking GC Explicit
08-03 23:38:57.369  1752  1763 I art     : Explicit concurrent mark sweep GC freed 3(96B) AllocSpace objects, 0(0B) LOS objects, 23% free, 53MB/69MB, paused 488us total 23.577ms
08-03 23:38:57.378  1752  1763 I art     : Starting a blocking GC Explicit
08-03 23:38:57.402  1752  1763 I art     : Explicit concurrent mark sweep GC freed 3(96B) AllocSpace objects, 0(0B) LOS objects, 23% free, 53MB/69MB, paused 484us total 22.905ms
08-03 23:38:57.743  1752  1845 I art     : Starting a blocking GC Explicit
08-03 23:38:57.756 29081 29081 I ServiceManager: Waiting for service AtCmdFwd...
08-03 23:38:57.777  1752  1845 I art     : Explicit concurrent mark sweep GC freed 1343(78KB) AllocSpace objects, 1(20KB) LOS objects, 23% free, 53MB/69MB, paused 543us total 33.355ms
08-03 23:38:57.790  1752  1845 I art     : Starting a blocking GC Explicit
08-03 23:38:57.814  1752  1845 I art     : Explicit concurrent mark sweep GC freed 20(704B) AllocSpace objects, 0(0B) LOS objects, 23% free, 53MB/69MB, paused 510us total 23.497ms
08-03 23:38:57.823  1752  1845 I art     : Starting a blocking GC Explicit
08-03 23:38:57.847  1752  1845 I art     : Explicit concurrent mark sweep GC freed 3(96B) AllocSpace objects, 0(0B) LOS objects, 23% free, 53MB/69MB, paused 497us total 23.183ms
08-03 23:38:57.856  1752  1845 I art     : Starting a blocking GC Explicit
08-03 23:38:57.880  1752  1845 I art     : Explicit concurrent mark sweep GC freed 3(96B) AllocSpace objects, 0(0B) LOS objects, 23% free, 53MB/69MB, paused 518us total 23.645ms
08-03 23:38:57.889  1752  1845 I art     : Starting a blocking GC Explicit
08-03 23:38:57.912  1752  1845 I art     : Explicit concurrent mark sweep GC freed 3(96B) AllocSpace objects, 0(0B) LOS objects, 23% free, 53MB/69MB, paused 509us total 23.137ms
08-03 23:38:58.245  1752  2234 I art     : Starting a blocking GC Explicit
08-03 23:38:58.275  1752  2234 I art     : Explicit concurrent mark sweep GC freed 1343(78KB) AllocSpace objects, 1(20KB) LOS objects, 23% free, 53MB/69MB, paused 511us total 29.174ms
08-03 23:38:58.287  1752  2234 I art     : Starting a blocking GC Explicit
08-03 23:38:58.311  1752  2234 I art     : Explicit concurrent mark sweep GC freed 20(704B) AllocSpace objects, 0(0B) LOS objects, 23% free, 53MB/69MB, paused 492us total 23.536ms
08-03 23:38:58.320  1752  2234 I art     : Starting a blocking GC Explicit
08-03 23:38:58.344  1752  2234 I art     : Explicit concurrent mark sweep GC freed 3(96B) AllocSpace objects, 0(0B) LOS objects, 23% free, 53MB/69MB, paused 464us total 23.552ms
08-03 23:38:58.353  1752  2234 I art     : Starting a blocking GC Explicit
08-03 23:38:58.377  1752  2234 I art     : Explicit concurrent mark sweep GC freed 3(96B) AllocSpace objects, 0(0B) LOS objects, 23% free, 53MB/69MB, paused 489us total 23.438ms
08-03 23:38:58.386  1752  2234 I art     : Starting a blocking GC Explicit
08-03 23:38:58.410  1752  2234 I art     : Explicit concurrent mark sweep GC freed 3(96B) AllocSpace objects, 0(0B) LOS objects, 23% free, 53MB/69MB, paused 497us total 23.681ms
08-03 23:38:58.733  1752  3375 I art     : Starting a blocking GC Explicit
08-03 23:38:58.757 29081 29081 I ServiceManager: Waiting for service AtCmdFwd...
08-03 23:38:58.765  1752  3375 I art     : Explicit concurrent mark sweep GC freed 1343(78KB) AllocSpace objects, 1(20KB) LOS objects, 23% free, 53MB/69MB, paused 576us total 31.874ms
08-03 23:38:58.779  1752  3375 I art     : Starting a blocking GC Explicit
08-03 23:38:58.806  1752  3375 I art     : Explicit concurrent mark sweep GC freed 20(704B) AllocSpace objects, 0(0B) LOS objects, 23% free, 53MB/69MB, paused 483us total 26.740ms
08-03 23:38:58.815  1752  3375 I art     : Starting a blocking GC Explicit
08-03 23:38:58.839  1752  3375 I art     : Explicit concurrent mark sweep GC freed 3(96B) AllocSpace objects, 0(0B) LOS objects, 23% free, 53MB/69MB, paused 496us total 23.404ms
08-03 23:38:58.848  1752  3375 I art     : Starting a blocking GC Explicit
08-03 23:38:58.871  1752  3375 I art     : Explicit concurrent mark sweep GC freed 3(96B) AllocSpace objects, 0(0B) LOS objects, 23% free, 53MB/69MB, paused 587us total 23.166ms
08-03 23:38:58.880  1752  3375 I art     : Starting a blocking GC Explicit
08-03 23:38:58.903  1752  3375 I art     : Explicit concurrent mark sweep GC freed 3(96B) AllocSpace objects, 0(0B) LOS objects, 23% free, 53MB/69MB, paused 500us total 23.006ms
08-03 23:38:59.212  1752  1765 I art     : Starting a blocking GC Explicit
08-03 23:38:59.241  1752  1765 I art     : Explicit concurrent mark sweep GC freed 1343(78KB) AllocSpace objects, 1(20KB) LOS objects, 23% free, 53MB/69MB, paused 528us total 29.248ms
08-03 23:38:59.254  1752  1765 I art     : Starting a blocking GC Explicit
08-03 23:38:59.282  1752  1765 I art     : Explicit concurrent mark sweep GC freed 20(704B) AllocSpace objects, 0(0B) LOS objects, 23% free, 53MB/69MB, paused 536us total 28.017ms
08-03 23:38:59.293  1752  1765 I art     : Starting a blocking GC Explicit
08-03 23:38:59.317  1752  1765 I art     : Explicit concurrent mark sweep GC freed 3(96B) AllocSpace objects, 0(0B) LOS objects, 23% free, 53MB/69MB, paused 579us total 23.473ms
08-03 23:38:59.326  1752  1765 I art     : Starting a blocking GC Explicit
08-03 23:38:59.349  1752  1765 I art     : Explicit concurrent mark sweep GC freed 3(96B) AllocSpace objects, 0(0B) LOS objects, 23% free, 53MB/69MB, paused 502us total 22.566ms
08-03 23:38:59.358  1752  1765 I art     : Starting a blocking GC Explicit
08-03 23:38:59.380  1752  1765 I art     : Explicit concurrent mark sweep GC freed 3(96B) AllocSpace objects, 0(0B) LOS objects, 23% free, 53MB/69MB, paused 481us total 22.271ms
08-03 23:38:59.703  1752  1763 I art     : Starting a blocking GC Explicit
08-03 23:38:59.736  1752  1763 I art     : Explicit concurrent mark sweep GC freed 1343(78KB) AllocSpace objects, 1(20KB) LOS objects, 23% free, 53MB/69MB, paused 569us total 32.591ms
08-03 23:38:59.750  1752  1763 I art     : Starting a blocking GC Explicit
08-03 23:38:59.758 29081 29081 I ServiceManager: Waiting for service AtCmdFwd...
08-03 23:38:59.774  1752  1763 I art     : Explicit concurrent mark sweep GC freed 20(704B) AllocSpace objects, 0(0B) LOS objects, 23% free, 53MB/69MB, paused 491us total 23.166ms
08-03 23:38:59.783  1752  1763 I art     : Starting a blocking GC Explicit
08-03 23:38:59.806  1752  1763 I art     : Explicit concurrent mark sweep GC freed 3(96B) AllocSpace objects, 0(0B) LOS objects, 23% free, 53MB/69MB, paused 495us total 23.095ms
08-03 23:38:59.815  1752  1763 I art     : Starting a blocking GC Explicit
08-03 23:38:59.838  1752  1763 I art     : Explicit concurrent mark sweep GC freed 3(96B) AllocSpace objects, 0(0B) LOS objects, 23% free, 53MB/69MB, paused 490us total 23.122ms
08-03 23:38:59.847  1752  1763 I art     : Starting a blocking GC Explicit
08-03 23:38:59.871  1752  1763 I art     : Explicit concurrent mark sweep GC freed 3(96B) AllocSpace objects, 0(0B) LOS objects, 23% free, 53MB/69MB, paused 567us total 23.064ms
08-03 23:39:00.173  1752  1845 I art     : Starting a blocking GC Explicit
08-03 23:39:00.198  1752  1845 I art     : Explicit concurrent mark sweep GC freed 1343(78KB) AllocSpace objects, 1(20KB) LOS objects, 23% free, 53MB/69MB, paused 516us total 24.718ms
08-03 23:39:00.210  1752  1845 I art     : Starting a blocking GC Explicit
08-03 23:39:00.233  1752  1845 I art     : Explicit concurrent mark sweep GC freed 20(704B) AllocSpace objects, 0(0B) LOS objects, 23% free, 53MB/69MB, paused 528us total 22.794ms
08-03 23:39:00.242  1752  1845 I art     : Starting a blocking GC Explicit
08-03 23:39:00.265  1752  1845 I art     : Explicit concurrent mark sweep GC freed 3(96B) AllocSpace objects, 0(0B) LOS objects, 23% free, 53MB/69MB, paused 502us total 22.778ms
08-03 23:39:00.274  1752  1845 I art     : Starting a blocking GC Explicit
08-03 23:39:00.297  1752  1845 I art     : Explicit concurrent mark sweep GC freed 3(96B) AllocSpace objects, 0(0B) LOS objects, 23% free, 53MB/69MB, paused 480us total 23.167ms
08-03 23:39:00.306  1752  1845 I art     : Starting a blocking GC Explicit
08-03 23:39:00.330  1752  1845 I art     : Explicit concurrent mark sweep GC freed 3(96B) AllocSpace objects, 0(0B) LOS objects, 23% free, 53MB/69MB, paused 492us total 23.262ms
08-03 23:39:00.330  1752  1762 I art     : WaitForGcToComplete blocked for 7.299ms for cause HeapTrim
08-03 23:39:00.636  1752  2234 I art     : Starting a blocking GC Explicit
08-03 23:39:00.659  1752  2234 I art     : Explicit concurrent mark sweep GC freed 1343(78KB) AllocSpace objects, 1(20KB) LOS objects, 23% free, 53MB/69MB, paused 506us total 22.867ms
08-03 23:39:00.668  1752  2234 I art     : Starting a blocking GC Explicit
08-03 23:39:00.690  1752  2234 I art     : Explicit concurrent mark sweep GC freed 20(704B) AllocSpace objects, 0(0B) LOS objects, 23% free, 53MB/69MB, paused 490us total 21.564ms
08-03 23:39:00.699  1752  2234 I art     : Starting a blocking GC Explicit
08-03 23:39:00.721  1752  2234 I art     : Explicit concurrent mark sweep GC freed 3(96B) AllocSpace objects, 0(0B) LOS objects, 23% free, 53MB/69MB, paused 493us total 21.863ms
08-03 23:39:00.730  1752  2234 I art     : Starting a blocking GC Explicit
08-03 23:39:00.752  1752  2234 I art     : Explicit concurrent mark sweep GC freed 3(96B) AllocSpace objects, 0(0B) LOS objects, 23% free, 53MB/69MB, paused 476us total 21.848ms
08-03 23:39:00.759 29081 29081 I ServiceManager: Waiting for service AtCmdFwd...
08-03 23:39:00.760  1752  2234 I art     : Starting a blocking GC Explicit
08-03 23:39:00.783  1752  2234 I art     : Explicit concurrent mark sweep GC freed 3(96B) AllocSpace objects, 0(0B) LOS objects, 23% free, 53MB/69MB, paused 493us total 22.015ms
08-03 23:39:00.983  5031  5031 D AndroidRuntime: >>>>>> START com.android.internal.os.RuntimeInit uid 2000 <<<<<<
08-03 23:39:00.988  5031  5031 D AndroidRuntime: CheckJNI is OFF
08-03 23:39:01.020  5031  5031 D ICU     : No timezone override file found: /data/misc/zoneinfo/current/icu/icu_tzdata.dat
08-03 23:39:01.053  5031  5031 I Radio-JNI: register_android_hardware_Radio DONE
08-03 23:39:01.075  5031  5031 D AndroidRuntime: Calling main entry com.android.commands.input.Input
08-03 23:39:01.077  5031  5031 I Input   : injectMotionEvent: MotionEvent { action=ACTION_DOWN, actionButton=0, id[0]=0, x[0]=369.0, y[0]=554.0, toolType[0]=TOOL_TYPE_UNKNOWN, buttonState=0, metaState=0, flags=0x0, edgeFlags=0x0, pointerCount=1, historySize=0, eventTime=661157489, downTime=661157489, deviceId=0, source=0x1002 }
08-03 23:39:01.081  5031  5031 I Input   : injectMotionEvent: MotionEvent { action=ACTION_UP, actionButton=0, id[0]=0, x[0]=369.0, y[0]=554.0, toolType[0]=TOOL_TYPE_UNKNOWN, buttonState=0, metaState=0, flags=0x0, edgeFlags=0x0, pointerCount=1, historySize=0, eventTime=661157489, downTime=661157489, deviceId=0, source=0x1002 }
08-03 23:39:01.083   918  3670 I ActivityManager: START u0 {cmp=baseline.appteam.nith.hillffair/.activities.ClubActivity (has extras)} from uid 10651 on display 0
08-03 23:39:01.089  5031  5031 D AndroidRuntime: Shutting down VM
08-03 23:39:01.120  1752  1845 I art     : Starting a blocking GC Explicit
08-03 23:39:01.148  1752  1845 I art     : Explicit concurrent mark sweep GC freed 4924(299KB) AllocSpace objects, 1(20KB) LOS objects, 22% free, 53MB/69MB, paused 632us total 27.486ms
08-03 23:39:01.157  1752  1845 I art     : Starting a blocking GC Explicit
08-03 23:39:01.179   918   936 I ActivityManager: Displayed baseline.appteam.nith.hillffair/.activities.ClubActivity: +90ms
08-03 23:39:01.180  1752  1845 I art     : Explicit concurrent mark sweep GC freed 370(16KB) AllocSpace objects, 0(0B) LOS objects, 22% free, 53MB/69MB, paused 646us total 22.768ms
08-03 23:39:01.180 13866 13866 I GoogleInputMethodServic: GoogleInputMethodService.onFinishInput():3138 
08-03 23:39:01.181 13866 13866 I GoogleInputMethodServic: GoogleInputMethodService.onStartInput():1808 
08-03 23:39:01.189  1752  1845 I art     : Starting a blocking GC Explicit
08-03 23:39:01.213  1752  1845 I art     : Explicit concurrent mark sweep GC freed 99(6KB) AllocSpace objects, 0(0B) LOS objects, 22% free, 53MB/69MB, paused 593us total 23.818ms
08-03 23:39:01.223  1752  1845 I art     : Starting a blocking GC Explicit
08-03 23:39:01.244  1752  1845 I art     : Explicit concurrent mark sweep GC freed 17(736B) AllocSpace objects, 0(0B) LOS objects, 22% free, 53MB/69MB, paused 495us total 20.926ms
08-03 23:39:01.252  1752  1845 I art     : Starting a blocking GC Explicit
08-03 23:39:01.272  1752  1845 I art     : Explicit concurrent mark sweep GC freed 3(96B) AllocSpace objects, 0(0B) LOS objects, 22% free, 53MB/69MB, paused 504us total 20.494ms
08-03 23:39:01.447   380   380 W SurfaceFlinger: couldn't log to binary event log: overflow.
08-03 23:39:01.536  1752  1765 I art     : Starting a blocking GC Explicit
08-03 23:39:01.560  1752  1765 I art     : Explicit concurrent mark sweep GC freed 1343(78KB) AllocSpace objects, 1(20KB) LOS objects, 22% free, 53MB/69MB, paused 522us total 23.554ms
08-03 23:39:01.569  1752  1765 I art     : Starting a blocking GC Explicit
08-03 23:39:01.593  1752  1765 I art     : Explicit concurrent mark sweep GC freed 562(40KB) AllocSpace objects, 0(0B) LOS objects, 22% free, 53MB/69MB, paused 616us total 24.219ms
08-03 23:39:01.603  1752  1765 I art     : Starting a blocking GC Explicit
08-03 23:39:01.625  1752  1765 I art     : Explicit concurrent mark sweep GC freed 2104(96KB) AllocSpace objects, 2(120KB) LOS objects, 22% free, 54MB/70MB, paused 630us total 22.120ms
08-03 23:39:01.631  1752  5059 D OkHttp  : --> GET https://api-hillfair-2k16.herokuapp.com/api/app/club/PR%20Club http/1.1
08-03 23:39:01.634  1752  1765 I art     : Starting a blocking GC Explicit
08-03 23:39:01.656  1752  1765 I art     : Explicit concurrent mark sweep GC freed 1001(119KB) AllocSpace objects, 1(80KB) LOS objects, 22% free, 53MB/69MB, paused 521us total 21.842ms
08-03 23:39:01.659  1752  5059 D OkHttp  : <-- 200 OK https://api-hillfair-2k16.herokuapp.com/api/app/club/PR%20Club (27ms, 979-byte body)
08-03 23:39:01.665  1752  1765 I art     : Starting a blocking GC Explicit
08-03 23:39:01.686  1752  1765 I art     : Explicit concurrent mark sweep GC freed 228(37KB) AllocSpace objects, 0(0B) LOS objects, 22% free, 53MB/69MB, paused 499us total 21.779ms
08-03 23:39:01.708  1752  1752 I NAPPA_EXPERIMENTATION: MetricNetworkRequestExecutionTime: REQUEST_DURATION_SYSTEM='592',REQUEST_DURATION_OKHTTP='28',REQUEST_SYNCHRONOUS='FALSE',RESPONSE_CODE='200',RESPONSE_METHOD='GET',RESPONSE_LENGTH_OKHTTP='979',RESPONSE_LENGTH_HEADER='979',REQUEST_PROTOCOL='http/1.1',REQUEST_URL='https://api-hillfair-2k16.herokuapp.com/api/app/club/PR%20Club',
08-03 23:39:01.760 29081 29081 I ServiceManager: Waiting for service AtCmdFwd...
08-03 23:39:01.973  1752  2234 I art     : Starting a blocking GC Explicit
08-03 23:39:01.999  1752  2234 I art     : Explicit concurrent mark sweep GC freed 1996(177KB) AllocSpace objects, 1(20KB) LOS objects, 22% free, 53MB/69MB, paused 536us total 25.763ms
08-03 23:39:02.008  1752  2234 I art     : Starting a blocking GC Explicit
08-03 23:39:02.033  1752  2234 I art     : Explicit concurrent mark sweep GC freed 66(2176B) AllocSpace objects, 0(0B) LOS objects, 22% free, 53MB/69MB, paused 508us total 24.642ms
08-03 23:39:02.042  1752  2234 I art     : Starting a blocking GC Explicit
08-03 23:39:02.066  1752  2234 I art     : Explicit concurrent mark sweep GC freed 3(96B) AllocSpace objects, 0(0B) LOS objects, 22% free, 53MB/69MB, paused 516us total 23.550ms
08-03 23:39:02.075  1752  2234 I art     : Starting a blocking GC Explicit
08-03 23:39:02.098  1752  2234 I art     : Explicit concurrent mark sweep GC freed 3(96B) AllocSpace objects, 0(0B) LOS objects, 22% free, 53MB/69MB, paused 484us total 22.461ms
08-03 23:39:02.106  1752  2234 I art     : Starting a blocking GC Explicit
08-03 23:39:02.130  1752  2234 I art     : Explicit concurrent mark sweep GC freed 19(656B) AllocSpace objects, 0(0B) LOS objects, 22% free, 53MB/69MB, paused 518us total 23.226ms
08-03 23:39:02.421  1752  3375 I art     : Starting a blocking GC Explicit
08-03 23:39:02.459  1752  3375 I art     : Explicit concurrent mark sweep GC freed 1343(78KB) AllocSpace objects, 1(20KB) LOS objects, 22% free, 53MB/69MB, paused 693us total 37.094ms
08-03 23:39:02.471  1752  3375 I art     : Starting a blocking GC Explicit
08-03 23:39:02.496  1752  3375 I art     : Explicit concurrent mark sweep GC freed 20(704B) AllocSpace objects, 0(0B) LOS objects, 22% free, 53MB/69MB, paused 521us total 23.934ms
08-03 23:39:02.505  1752  3375 I art     : Starting a blocking GC Explicit
08-03 23:39:02.529  1752  3375 I art     : Explicit concurrent mark sweep GC freed 3(96B) AllocSpace objects, 0(0B) LOS objects, 22% free, 53MB/69MB, paused 503us total 24.116ms
08-03 23:39:02.538  1752  3375 I art     : Starting a blocking GC Explicit
08-03 23:39:02.563  1752  3375 I art     : Explicit concurrent mark sweep GC freed 3(96B) AllocSpace objects, 0(0B) LOS objects, 22% free, 53MB/69MB, paused 519us total 24.241ms
08-03 23:39:02.572  1752  3375 I art     : Starting a blocking GC Explicit
08-03 23:39:02.596  1752  3375 I art     : Explicit concurrent mark sweep GC freed 3(96B) AllocSpace objects, 0(0B) LOS objects, 22% free, 53MB/69MB, paused 513us total 24.187ms
08-03 23:39:02.761 29081 29081 W Atfwd_Sendcmd: AtCmdFwd service not published, waiting... retryCnt : 3
08-03 23:39:02.886  1752  1765 I art     : Starting a blocking GC Explicit
08-03 23:39:02.921  1752  1765 I art     : Explicit concurrent mark sweep GC freed 1343(78KB) AllocSpace objects, 1(20KB) LOS objects, 22% free, 53MB/69MB, paused 560us total 34.004ms
08-03 23:39:02.934  1752  1765 I art     : Starting a blocking GC Explicit
08-03 23:39:02.958  1752  1765 I art     : Explicit concurrent mark sweep GC freed 20(704B) AllocSpace objects, 0(0B) LOS objects, 22% free, 53MB/69MB, paused 597us total 24.600ms
08-03 23:39:02.968  1752  1765 I art     : Starting a blocking GC Explicit
08-03 23:39:02.993  1752  1765 I art     : Explicit concurrent mark sweep GC freed 3(96B) AllocSpace objects, 0(0B) LOS objects, 22% free, 53MB/69MB, paused 528us total 24.477ms
08-03 23:39:03.002  1752  1765 I art     : Starting a blocking GC Explicit
08-03 23:39:03.026  1752  1765 I art     : Explicit concurrent mark sweep GC freed 3(96B) AllocSpace objects, 0(0B) LOS objects, 22% free, 53MB/69MB, paused 512us total 23.876ms
08-03 23:39:03.035  1752  1765 I art     : Starting a blocking GC Explicit
08-03 23:39:03.060  1752  1765 I art     : Explicit concurrent mark sweep GC freed 3(96B) AllocSpace objects, 0(0B) LOS objects, 22% free, 53MB/69MB, paused 544us total 24.665ms
08-03 23:39:03.383  1752  1845 I art     : Starting a blocking GC Explicit
08-03 23:39:03.416  1752  1845 I art     : Explicit concurrent mark sweep GC freed 1343(78KB) AllocSpace objects, 1(20KB) LOS objects, 22% free, 53MB/69MB, paused 647us total 32.978ms
08-03 23:39:03.429  1752  1845 I art     : Starting a blocking GC Explicit
08-03 23:39:03.454  1752  1845 I art     : Explicit concurrent mark sweep GC freed 20(704B) AllocSpace objects, 0(0B) LOS objects, 22% free, 53MB/69MB, paused 525us total 25.012ms
08-03 23:39:03.463  1752  1845 I art     : Starting a blocking GC Explicit
08-03 23:39:03.488  1752  1845 I art     : Explicit concurrent mark sweep GC freed 3(96B) AllocSpace objects, 0(0B) LOS objects, 22% free, 53MB/69MB, paused 533us total 24.447ms
08-03 23:39:03.497  1752  1845 I art     : Starting a blocking GC Explicit
08-03 23:39:03.522  1752  1845 I art     : Explicit concurrent mark sweep GC freed 3(96B) AllocSpace objects, 0(0B) LOS objects, 22% free, 53MB/69MB, paused 530us total 24.286ms
08-03 23:39:03.531  1752  1845 I art     : Starting a blocking GC Explicit
08-03 23:39:03.556  1752  1845 I art     : Explicit concurrent mark sweep GC freed 3(96B) AllocSpace objects, 0(0B) LOS objects, 22% free, 53MB/69MB, paused 531us total 25.223ms
08-03 23:39:03.882  1752  1763 I art     : Starting a blocking GC Explicit
08-03 23:39:03.914  1752  1763 I art     : Explicit concurrent mark sweep GC freed 1343(78KB) AllocSpace objects, 1(20KB) LOS objects, 22% free, 53MB/69MB, paused 555us total 31.959ms
08-03 23:39:03.926  1752  1763 I art     : Starting a blocking GC Explicit
08-03 23:39:03.951  1752  1763 I art     : Explicit concurrent mark sweep GC freed 20(704B) AllocSpace objects, 0(0B) LOS objects, 22% free, 53MB/69MB, paused 519us total 24.884ms
08-03 23:39:03.960  1752  1763 I art     : Starting a blocking GC Explicit
08-03 23:39:03.986  1752  1763 I art     : Explicit concurrent mark sweep GC freed 3(96B) AllocSpace objects, 0(0B) LOS objects, 22% free, 53MB/69MB, paused 522us total 25.244ms
08-03 23:39:03.995  1752  1763 I art     : Starting a blocking GC Explicit
08-03 23:39:04.020  1752  1763 I art     : Explicit concurrent mark sweep GC freed 3(96B) AllocSpace objects, 0(0B) LOS objects, 22% free, 53MB/69MB, paused 520us total 24.918ms
08-03 23:39:04.030  1752  1763 I art     : Starting a blocking GC Explicit
08-03 23:39:04.055  1752  1763 I art     : Explicit concurrent mark sweep GC freed 3(96B) AllocSpace objects, 0(0B) LOS objects, 22% free, 53MB/69MB, paused 521us total 24.984ms
08-03 23:39:04.364  1752  2234 I art     : Starting a blocking GC Explicit
08-03 23:39:04.395  1752  2234 I art     : Explicit concurrent mark sweep GC freed 1343(78KB) AllocSpace objects, 1(20KB) LOS objects, 22% free, 53MB/69MB, paused 567us total 30.605ms
08-03 23:39:04.406  1752  2234 I art     : Starting a blocking GC Explicit
08-03 23:39:04.431  1752  2234 I art     : Explicit concurrent mark sweep GC freed 20(704B) AllocSpace objects, 0(0B) LOS objects, 22% free, 53MB/69MB, paused 522us total 24.591ms
08-03 23:39:04.440  1752  2234 I art     : Starting a blocking GC Explicit
08-03 23:39:04.465  1752  2234 I art     : Explicit concurrent mark sweep GC freed 3(96B) AllocSpace objects, 0(0B) LOS objects, 22% free, 53MB/69MB, paused 538us total 24.726ms
08-03 23:39:04.475  1752  2234 I art     : Starting a blocking GC Explicit
08-03 23:39:04.499  1752  2234 I art     : Explicit concurrent mark sweep GC freed 3(96B) AllocSpace objects, 0(0B) LOS objects, 22% free, 53MB/69MB, paused 492us total 24.315ms
08-03 23:39:04.509  1752  2234 I art     : Starting a blocking GC Explicit
08-03 23:39:04.534  1752  2234 I art     : Explicit concurrent mark sweep GC freed 3(96B) AllocSpace objects, 0(0B) LOS objects, 22% free, 53MB/69MB, paused 517us total 24.689ms
08-03 23:39:04.862  1752  3375 I art     : Starting a blocking GC Explicit
08-03 23:39:04.893  1752  3375 I art     : Explicit concurrent mark sweep GC freed 1364(79KB) AllocSpace objects, 1(20KB) LOS objects, 22% free, 53MB/69MB, paused 541us total 30.722ms
08-03 23:39:04.906  1752  3375 I art     : Starting a blocking GC Explicit
08-03 23:39:04.931  1752  3375 I art     : Explicit concurrent mark sweep GC freed 36(1216B) AllocSpace objects, 0(0B) LOS objects, 22% free, 53MB/69MB, paused 510us total 25.072ms
08-03 23:39:04.940  1752  3375 I art     : Starting a blocking GC Explicit
08-03 23:39:04.964  1752  3375 I art     : Explicit concurrent mark sweep GC freed 3(96B) AllocSpace objects, 0(0B) LOS objects, 22% free, 53MB/69MB, paused 496us total 23.629ms
08-03 23:39:04.973  1752  3375 I art     : Starting a blocking GC Explicit
08-03 23:39:04.998  1752  3375 I art     : Explicit concurrent mark sweep GC freed 3(96B) AllocSpace objects, 0(0B) LOS objects, 22% free, 53MB/69MB, paused 535us total 24.393ms
08-03 23:39:05.007  1752  3375 I art     : Starting a blocking GC Explicit
08-03 23:39:05.032  1752  3375 I art     : Explicit concurrent mark sweep GC freed 3(96B) AllocSpace objects, 0(0B) LOS objects, 22% free, 53MB/69MB, paused 524us total 24.520ms
08-03 23:39:05.368  1752  1765 I art     : Starting a blocking GC Explicit
08-03 23:39:05.392  1752  1765 I art     : Explicit concurrent mark sweep GC freed 1343(78KB) AllocSpace objects, 1(20KB) LOS objects, 22% free, 53MB/69MB, paused 548us total 24.210ms
08-03 23:39:05.402  1752  1765 I art     : Starting a blocking GC Explicit
08-03 23:39:05.425  1752  1765 I art     : Explicit concurrent mark sweep GC freed 20(704B) AllocSpace objects, 0(0B) LOS objects, 22% free, 53MB/69MB, paused 512us total 23.336ms
08-03 23:39:05.434  1752  1765 I art     : Starting a blocking GC Explicit
08-03 23:39:05.458  1752  1765 I art     : Explicit concurrent mark sweep GC freed 3(96B) AllocSpace objects, 0(0B) LOS objects, 22% free, 53MB/69MB, paused 519us total 23.186ms
08-03 23:39:05.467  1752  1765 I art     : Starting a blocking GC Explicit
08-03 23:39:05.490  1752  1765 I art     : Explicit concurrent mark sweep GC freed 3(96B) AllocSpace objects, 0(0B) LOS objects, 22% free, 53MB/69MB, paused 505us total 22.852ms
08-03 23:39:05.499  1752  1765 I art     : Starting a blocking GC Explicit
08-03 23:39:05.522  1752  1765 I art     : Explicit concurrent mark sweep GC freed 3(96B) AllocSpace objects, 0(0B) LOS objects, 22% free, 53MB/69MB, paused 535us total 22.894ms
08-03 23:39:05.732  5200  5200 D AndroidRuntime: >>>>>> START com.android.internal.os.RuntimeInit uid 2000 <<<<<<
08-03 23:39:05.737  5200  5200 D AndroidRuntime: CheckJNI is OFF
08-03 23:39:05.772  5200  5200 D ICU     : No timezone override file found: /data/misc/zoneinfo/current/icu/icu_tzdata.dat
08-03 23:39:05.806  5200  5200 I Radio-JNI: register_android_hardware_Radio DONE
08-03 23:39:05.809  1752  1845 I art     : Starting a blocking GC Explicit
08-03 23:39:05.828  5200  5200 D AndroidRuntime: Calling main entry com.android.commands.input.Input
08-03 23:39:05.830  5200  5200 I Input   : injectKeyEvent: KeyEvent { action=ACTION_DOWN, keyCode=KEYCODE_BACK, scanCode=0, metaState=0, flags=0x0, repeatCount=0, eventTime=661162243, downTime=661162243, deviceId=-1, source=0x101 }
08-03 23:39:05.834  1752  1845 I art     : Explicit concurrent mark sweep GC freed 1343(78KB) AllocSpace objects, 1(20KB) LOS objects, 22% free, 53MB/69MB, paused 499us total 24.086ms
08-03 23:39:05.837  5200  5200 I Input   : injectKeyEvent: KeyEvent { action=ACTION_UP, keyCode=KEYCODE_BACK, scanCode=0, metaState=0, flags=0x0, repeatCount=0, eventTime=661162243, downTime=661162243, deviceId=-1, source=0x101 }
08-03 23:39:05.843  1752  1845 I art     : Starting a blocking GC Explicit
08-03 23:39:05.843  5200  5200 D AndroidRuntime: Shutting down VM
08-03 23:39:05.866  1752  1845 I art     : Explicit concurrent mark sweep GC freed 154(6KB) AllocSpace objects, 0(0B) LOS objects, 22% free, 53MB/69MB, paused 507us total 22.784ms
08-03 23:39:05.874  1752  1845 I art     : Starting a blocking GC Explicit
08-03 23:39:05.882 13866 13866 I GoogleInputMethodServic: GoogleInputMethodService.onFinishInput():3138 
08-03 23:39:05.883 13866 13866 I GoogleInputMethodServic: GoogleInputMethodService.onStartInput():1808 
08-03 23:39:05.895  1752  1845 I art     : Explicit concurrent mark sweep GC freed 26(1008B) AllocSpace objects, 0(0B) LOS objects, 22% free, 53MB/69MB, paused 726us total 21.374ms
08-03 23:39:05.904  1752  1845 I art     : Starting a blocking GC Explicit
08-03 23:39:05.925  1752  1845 I art     : Explicit concurrent mark sweep GC freed 31(1024B) AllocSpace objects, 0(0B) LOS objects, 22% free, 53MB/69MB, paused 489us total 20.869ms
08-03 23:39:05.934  1752  1845 I art     : Starting a blocking GC Explicit
08-03 23:39:05.955  1752  1845 I art     : Explicit concurrent mark sweep GC freed 6(224B) AllocSpace objects, 0(0B) LOS objects, 22% free, 53MB/69MB, paused 450us total 20.403ms
08-03 23:39:06.178   380   380 W SurfaceFlinger: couldn't log to binary event log: overflow.
08-03 23:39:06.220  1752  2234 I art     : Starting a blocking GC Explicit
08-03 23:39:06.242  1752  2234 I art     : Explicit concurrent mark sweep GC freed 1452(86KB) AllocSpace objects, 1(20KB) LOS objects, 22% free, 53MB/69MB, paused 498us total 22.710ms
08-03 23:39:06.251  1752  2234 I art     : Starting a blocking GC Explicit
08-03 23:39:06.274  1752  2234 I art     : Explicit concurrent mark sweep GC freed 1671(107KB) AllocSpace objects, 3(184KB) LOS objects, 22% free, 53MB/69MB, paused 489us total 22.724ms
08-03 23:39:06.283  1752  2234 I art     : Starting a blocking GC Explicit
08-03 23:39:06.306  1752  2234 I art     : Explicit concurrent mark sweep GC freed 3(96B) AllocSpace objects, 0(0B) LOS objects, 22% free, 53MB/69MB, paused 523us total 22.900ms
08-03 23:39:06.315  1752  2234 I art     : Starting a blocking GC Explicit
08-03 23:39:06.338  1752  2234 I art     : Explicit concurrent mark sweep GC freed 3(96B) AllocSpace objects, 0(0B) LOS objects, 22% free, 53MB/69MB, paused 488us total 22.770ms
08-03 23:39:06.347  1752  2234 I art     : Starting a blocking GC Explicit
08-03 23:39:06.370  1752  2234 I art     : Explicit concurrent mark sweep GC freed 3(96B) AllocSpace objects, 0(0B) LOS objects, 22% free, 53MB/69MB, paused 473us total 23.481ms
08-03 23:39:06.658  1752  1765 I art     : Starting a blocking GC Explicit
08-03 23:39:06.683  1752  1765 I art     : Explicit concurrent mark sweep GC freed 1343(78KB) AllocSpace objects, 1(20KB) LOS objects, 22% free, 53MB/69MB, paused 529us total 24.475ms
08-03 23:39:06.692  1752  1765 I art     : Starting a blocking GC Explicit
08-03 23:39:06.716  1752  1765 I art     : Explicit concurrent mark sweep GC freed 20(704B) AllocSpace objects, 0(0B) LOS objects, 22% free, 53MB/69MB, paused 512us total 23.897ms
08-03 23:39:06.725  1752  1765 I art     : Starting a blocking GC Explicit
08-03 23:39:06.750  1752  1765 I art     : Explicit concurrent mark sweep GC freed 3(96B) AllocSpace objects, 0(0B) LOS objects, 22% free, 53MB/69MB, paused 582us total 24.224ms
08-03 23:39:06.759   918  3188 I hubconnection: sensorhub said: 'set_bias 3: -6.2400, 0.0000, 0.0000'
08-03 23:39:06.759  1752  1765 I art     : Starting a blocking GC Explicit
08-03 23:39:06.784  1752  1765 I art     : Explicit concurrent mark sweep GC freed 3(96B) AllocSpace objects, 0(0B) LOS objects, 22% free, 53MB/69MB, paused 523us total 24.039ms
08-03 23:39:06.793  1752  1765 I art     : Starting a blocking GC Explicit
08-03 23:39:06.817  1752  1765 I art     : Explicit concurrent mark sweep GC freed 3(96B) AllocSpace objects, 0(0B) LOS objects, 22% free, 53MB/69MB, paused 504us total 23.666ms
08-03 23:39:07.110  1752  1763 I art     : Starting a blocking GC Explicit
08-03 23:39:07.134  1752  1763 I art     : Explicit concurrent mark sweep GC freed 1343(78KB) AllocSpace objects, 1(20KB) LOS objects, 22% free, 53MB/69MB, paused 510us total 23.883ms
08-03 23:39:07.143  1752  1763 I art     : Starting a blocking GC Explicit
08-03 23:39:07.166  1752  1763 I art     : Explicit concurrent mark sweep GC freed 20(704B) AllocSpace objects, 0(0B) LOS objects, 22% free, 53MB/69MB, paused 512us total 22.854ms
08-03 23:39:07.175  1752  1763 I art     : Starting a blocking GC Explicit
08-03 23:39:07.198  1752  1763 I art     : Explicit concurrent mark sweep GC freed 3(96B) AllocSpace objects, 0(0B) LOS objects, 22% free, 53MB/69MB, paused 509us total 22.812ms
08-03 23:39:07.207  1752  1763 I art     : Starting a blocking GC Explicit
08-03 23:39:07.230  1752  1763 I art     : Explicit concurrent mark sweep GC freed 3(96B) AllocSpace objects, 0(0B) LOS objects, 22% free, 53MB/69MB, paused 503us total 22.498ms
08-03 23:39:07.239  1752  1763 I art     : Starting a blocking GC Explicit
08-03 23:39:07.261  1752  1763 I art     : Explicit concurrent mark sweep GC freed 3(96B) AllocSpace objects, 0(0B) LOS objects, 22% free, 53MB/69MB, paused 505us total 22.109ms
08-03 23:39:07.487  5253  5253 D AndroidRuntime: >>>>>> START com.android.internal.os.RuntimeInit uid 2000 <<<<<<
08-03 23:39:07.492  5253  5253 D AndroidRuntime: CheckJNI is OFF
08-03 23:39:07.526  5253  5253 D ICU     : No timezone override file found: /data/misc/zoneinfo/current/icu/icu_tzdata.dat
08-03 23:39:07.529  1752  3375 I art     : Starting a blocking GC Explicit
08-03 23:39:07.552  1752  3375 I art     : Explicit concurrent mark sweep GC freed 1343(78KB) AllocSpace objects, 1(20KB) LOS objects, 22% free, 53MB/69MB, paused 515us total 23.465ms
08-03 23:39:07.560  5253  5253 I Radio-JNI: register_android_hardware_Radio DONE
08-03 23:39:07.562  1752  3375 I art     : Starting a blocking GC Explicit
08-03 23:39:07.584  5253  5253 D AndroidRuntime: Calling main entry com.android.commands.input.Input
08-03 23:39:07.586  5253  5253 I Input   : injectMotionEvent: MotionEvent { action=ACTION_DOWN, actionButton=0, id[0]=0, x[0]=1012.0, y[0]=1152.0, toolType[0]=TOOL_TYPE_UNKNOWN, buttonState=0, metaState=0, flags=0x0, edgeFlags=0x0, pointerCount=1, historySize=0, eventTime=661163998, downTime=661163998, deviceId=0, source=0x1002 }
08-03 23:39:07.586  1752  3375 I art     : Explicit concurrent mark sweep GC freed 20(704B) AllocSpace objects, 0(0B) LOS objects, 22% free, 53MB/69MB, paused 577us total 23.979ms
08-03 23:39:07.591  5253  5253 I Input   : injectMotionEvent: MotionEvent { action=ACTION_UP, actionButton=0, id[0]=0, x[0]=1012.0, y[0]=1152.0, toolType[0]=TOOL_TYPE_UNKNOWN, buttonState=0, metaState=0, flags=0x0, edgeFlags=0x0, pointerCount=1, historySize=0, eventTime=661163998, downTime=661163998, deviceId=0, source=0x1002 }
08-03 23:39:07.592   918  5132 I ActivityManager: START u0 {cmp=baseline.appteam.nith.hillffair/.activities.ClubActivity (has extras)} from uid 10651 on display 0
08-03 23:39:07.594  1752  3375 I art     : Starting a blocking GC Explicit
08-03 23:39:07.598  5253  5253 D AndroidRuntime: Shutting down VM
08-03 23:39:07.619  1752  3375 I art     : Explicit concurrent mark sweep GC freed 315(19KB) AllocSpace objects, 0(0B) LOS objects, 22% free, 53MB/69MB, paused 876us total 24.615ms
08-03 23:39:07.628  1752  3375 I art     : Starting a blocking GC Explicit
08-03 23:39:07.652  1752  3375 I art     : Explicit concurrent mark sweep GC freed 3117(185KB) AllocSpace objects, 0(0B) LOS objects, 22% free, 53MB/69MB, paused 598us total 24.432ms
08-03 23:39:07.660  1752  3375 I art     : Starting a blocking GC Explicit
08-03 23:39:07.684  1752  3375 I art     : Explicit concurrent mark sweep GC freed 247(22KB) AllocSpace objects, 0(0B) LOS objects, 22% free, 53MB/69MB, paused 613us total 23.151ms
08-03 23:39:07.690   918   936 I ActivityManager: Displayed baseline.appteam.nith.hillffair/.activities.ClubActivity: +91ms
08-03 23:39:07.690 13866 13866 I GoogleInputMethodServic: GoogleInputMethodService.onFinishInput():3138 
08-03 23:39:07.691 13866 13866 I GoogleInputMethodServic: GoogleInputMethodService.onStartInput():1808 
08-03 23:39:07.947   380   380 W SurfaceFlinger: couldn't log to binary event log: overflow.
08-03 23:39:07.954  1752  1845 I art     : Starting a blocking GC Explicit
08-03 23:39:07.976  1752  1845 I art     : Explicit concurrent mark sweep GC freed 1475(86KB) AllocSpace objects, 1(20KB) LOS objects, 22% free, 53MB/69MB, paused 568us total 22.394ms
08-03 23:39:07.985  1752  1845 I art     : Starting a blocking GC Explicit
08-03 23:39:08.006  1752  1845 I art     : Explicit concurrent mark sweep GC freed 28(976B) AllocSpace objects, 0(0B) LOS objects, 22% free, 53MB/69MB, paused 492us total 20.978ms
08-03 23:39:08.014  1752  1845 I art     : Starting a blocking GC Explicit
08-03 23:39:08.036  1752  1845 I art     : Explicit concurrent mark sweep GC freed 3(96B) AllocSpace objects, 0(0B) LOS objects, 22% free, 53MB/69MB, paused 503us total 22ms
08-03 23:39:08.045  1752  1845 I art     : Starting a blocking GC Explicit
08-03 23:39:08.069  1752  1845 I art     : Explicit concurrent mark sweep GC freed 96(5KB) AllocSpace objects, 0(0B) LOS objects, 22% free, 53MB/69MB, paused 739us total 23.877ms
08-03 23:39:08.080  1752  1845 I art     : Starting a blocking GC Explicit
08-03 23:39:08.105  1752  1845 I art     : Explicit concurrent mark sweep GC freed 21(816B) AllocSpace objects, 0(0B) LOS objects, 22% free, 53MB/69MB, paused 499us total 24.507ms
08-03 23:39:08.182  1752  5276 D OkHttp  : --> GET https://api-hillfair-2k16.herokuapp.com/api/app/club/Design%20and%20Decoration%20Club http/1.1
08-03 23:39:08.211  1752  5276 D OkHttp  : <-- 200 OK https://api-hillfair-2k16.herokuapp.com/api/app/club/Design%20and%20Decoration%20Club (28ms, 760-byte body)
08-03 23:39:08.265  1752  1752 I NAPPA_EXPERIMENTATION: MetricNetworkRequestExecutionTime: REQUEST_DURATION_SYSTEM='641',REQUEST_DURATION_OKHTTP='29',REQUEST_SYNCHRONOUS='FALSE',RESPONSE_CODE='200',RESPONSE_METHOD='GET',RESPONSE_LENGTH_OKHTTP='760',RESPONSE_LENGTH_HEADER='760',REQUEST_PROTOCOL='http/1.1',REQUEST_URL='https://api-hillfair-2k16.herokuapp.com/api/app/club/Design%20and%20Decoration%20Club',
08-03 23:39:08.389  1752  1763 I art     : Starting a blocking GC Explicit
08-03 23:39:08.416  1752  1763 I art     : Explicit concurrent mark sweep GC freed 4813(339KB) AllocSpace objects, 4(220KB) LOS objects, 22% free, 54MB/70MB, paused 581us total 27.061ms
08-03 23:39:08.427  1752  1763 I art     : Starting a blocking GC Explicit
08-03 23:39:08.453  1752  1763 I art     : Explicit concurrent mark sweep GC freed 1033(119KB) AllocSpace objects, 0(0B) LOS objects, 22% free, 54MB/70MB, paused 477us total 25.849ms
08-03 23:39:08.462  1752  1763 I art     : Starting a blocking GC Explicit
08-03 23:39:08.485  1752  1763 I art     : Explicit concurrent mark sweep GC freed 3(96B) AllocSpace objects, 0(0B) LOS objects, 22% free, 54MB/70MB, paused 512us total 22.735ms
08-03 23:39:08.494  1752  1763 I art     : Starting a blocking GC Explicit
08-03 23:39:08.517  1752  1763 I art     : Explicit concurrent mark sweep GC freed 3(96B) AllocSpace objects, 0(0B) LOS objects, 22% free, 54MB/70MB, paused 535us total 23.135ms
08-03 23:39:08.526  1752  1763 I art     : Starting a blocking GC Explicit
08-03 23:39:08.551  1752  1763 I art     : Explicit concurrent mark sweep GC freed 3(96B) AllocSpace objects, 0(0B) LOS objects, 22% free, 54MB/70MB, paused 488us total 24.462ms
08-03 23:39:08.833  1752  3375 I art     : Starting a blocking GC Explicit
08-03 23:39:08.870  1752  3375 I art     : Explicit concurrent mark sweep GC freed 1343(78KB) AllocSpace objects, 1(20KB) LOS objects, 22% free, 54MB/70MB, paused 606us total 36.810ms
08-03 23:39:08.883  1752  3375 I art     : Starting a blocking GC Explicit
08-03 23:39:08.909  1752  3375 I art     : Explicit concurrent mark sweep GC freed 36(1264B) AllocSpace objects, 0(0B) LOS objects, 22% free, 54MB/70MB, paused 528us total 25.539ms
08-03 23:39:08.918  1752  3375 I art     : Starting a blocking GC Explicit
08-03 23:39:08.943  1752  3375 I art     : Explicit concurrent mark sweep GC freed 3(96B) AllocSpace objects, 0(0B) LOS objects, 22% free, 54MB/70MB, paused 523us total 24.665ms
08-03 23:39:08.952  1752  3375 I art     : Starting a blocking GC Explicit
08-03 23:39:08.978  1752  3375 I art     : Explicit concurrent mark sweep GC freed 3(96B) AllocSpace objects, 0(0B) LOS objects, 22% free, 54MB/70MB, paused 533us total 25.133ms
08-03 23:39:08.987  1752  3375 I art     : Starting a blocking GC Explicit
08-03 23:39:09.012  1752  3375 I art     : Explicit concurrent mark sweep GC freed 3(96B) AllocSpace objects, 0(0B) LOS objects, 22% free, 54MB/70MB, paused 519us total 24.646ms
08-03 23:39:09.302  1752  2234 I art     : Starting a blocking GC Explicit
08-03 23:39:09.336  1752  2234 I art     : Explicit concurrent mark sweep GC freed 1343(78KB) AllocSpace objects, 1(20KB) LOS objects, 22% free, 54MB/70MB, paused 578us total 33.158ms
08-03 23:39:09.348  1752  2234 I art     : Starting a blocking GC Explicit
08-03 23:39:09.373  1752  2234 I art     : Explicit concurrent mark sweep GC freed 20(704B) AllocSpace objects, 0(0B) LOS objects, 22% free, 54MB/70MB, paused 541us total 24.781ms
08-03 23:39:09.382  1752  2234 I art     : Starting a blocking GC Explicit
08-03 23:39:09.408  1752  2234 I art     : Explicit concurrent mark sweep GC freed 3(96B) AllocSpace objects, 0(0B) LOS objects, 22% free, 54MB/70MB, paused 552us total 25.433ms
08-03 23:39:09.417  1752  2234 I art     : Starting a blocking GC Explicit
08-03 23:39:09.443  1752  2234 I art     : Explicit concurrent mark sweep GC freed 3(96B) AllocSpace objects, 0(0B) LOS objects, 22% free, 54MB/70MB, paused 522us total 25.460ms
08-03 23:39:09.452  1752  2234 I art     : Starting a blocking GC Explicit
08-03 23:39:09.477  1752  2234 I art     : Explicit concurrent mark sweep GC freed 3(96B) AllocSpace objects, 0(0B) LOS objects, 22% free, 54MB/70MB, paused 561us total 25.088ms
08-03 23:39:09.796  1752  1765 I art     : Starting a blocking GC Explicit
08-03 23:39:09.827  1752  1765 I art     : Explicit concurrent mark sweep GC freed 1364(79KB) AllocSpace objects, 1(20KB) LOS objects, 22% free, 54MB/70MB, paused 565us total 30.792ms
08-03 23:39:09.839  1752  1765 I art     : Starting a blocking GC Explicit
08-03 23:39:09.865  1752  1765 I art     : Explicit concurrent mark sweep GC freed 36(1216B) AllocSpace objects, 0(0B) LOS objects, 22% free, 54MB/70MB, paused 584us total 25.172ms
08-03 23:39:09.874  1752  1765 I art     : Starting a blocking GC Explicit
08-03 23:39:09.898  1752  1765 I art     : Explicit concurrent mark sweep GC freed 3(96B) AllocSpace objects, 0(0B) LOS objects, 22% free, 54MB/70MB, paused 520us total 24.055ms
08-03 23:39:09.907  1752  1765 I art     : Starting a blocking GC Explicit
08-03 23:39:09.932  1752  1765 I art     : Explicit concurrent mark sweep GC freed 3(96B) AllocSpace objects, 0(0B) LOS objects, 22% free, 54MB/70MB, paused 508us total 24.374ms
08-03 23:39:09.941  1752  1765 I art     : Starting a blocking GC Explicit
08-03 23:39:09.966  1752  1765 I art     : Explicit concurrent mark sweep GC freed 3(96B) AllocSpace objects, 0(0B) LOS objects, 22% free, 54MB/70MB, paused 509us total 24.629ms
08-03 23:39:10.288  1752  1763 I art     : Starting a blocking GC Explicit
08-03 23:39:10.318  1752  1763 I art     : Explicit concurrent mark sweep GC freed 1343(78KB) AllocSpace objects, 1(20KB) LOS objects, 22% free, 54MB/70MB, paused 592us total 29.603ms
08-03 23:39:10.330  1752  1763 I art     : Starting a blocking GC Explicit
08-03 23:39:10.355  1752  1763 I art     : Explicit concurrent mark sweep GC freed 20(704B) AllocSpace objects, 0(0B) LOS objects, 22% free, 54MB/70MB, paused 554us total 24.720ms
08-03 23:39:10.364  1752  1763 I art     : Starting a blocking GC Explicit
08-03 23:39:10.389  1752  1763 I art     : Explicit concurrent mark sweep GC freed 3(96B) AllocSpace objects, 0(0B) LOS objects, 22% free, 54MB/70MB, paused 509us total 24.190ms
08-03 23:39:10.398  1752  1763 I art     : Starting a blocking GC Explicit
08-03 23:39:10.423  1752  1763 I art     : Explicit concurrent mark sweep GC freed 3(96B) AllocSpace objects, 0(0B) LOS objects, 22% free, 54MB/70MB, paused 504us total 24.795ms
08-03 23:39:10.432  1752  1763 I art     : Starting a blocking GC Explicit
08-03 23:39:10.457  1752  1763 I art     : Explicit concurrent mark sweep GC freed 3(96B) AllocSpace objects, 0(0B) LOS objects, 22% free, 54MB/70MB, paused 597us total 24.871ms
08-03 23:39:10.775  1752  1845 I art     : Starting a blocking GC Explicit
08-03 23:39:10.807  1752  1845 I art     : Explicit concurrent mark sweep GC freed 1343(78KB) AllocSpace objects, 1(20KB) LOS objects, 22% free, 54MB/70MB, paused 632us total 32.135ms
08-03 23:39:10.822  1752  1845 I art     : Starting a blocking GC Explicit
08-03 23:39:10.846  1752  1845 I art     : Explicit concurrent mark sweep GC freed 20(704B) AllocSpace objects, 0(0B) LOS objects, 22% free, 54MB/70MB, paused 503us total 24.152ms
08-03 23:39:10.847  1752  1762 I art     : WaitForGcToComplete blocked for 12.946ms for cause HeapTrim
08-03 23:39:10.855  1752  1845 I art     : Starting a blocking GC Explicit
08-03 23:39:10.880  1752  1845 I art     : Explicit concurrent mark sweep GC freed 3(96B) AllocSpace objects, 0(0B) LOS objects, 22% free, 54MB/70MB, paused 506us total 24.586ms
08-03 23:39:10.890  1752  1845 I art     : Starting a blocking GC Explicit
08-03 23:39:10.915  1752  1845 I art     : Explicit concurrent mark sweep GC freed 3(96B) AllocSpace objects, 0(0B) LOS objects, 22% free, 54MB/70MB, paused 511us total 24.843ms
08-03 23:39:10.924  1752  1845 I art     : Starting a blocking GC Explicit
08-03 23:39:10.949  1752  1845 I art     : Explicit concurrent mark sweep GC freed 3(96B) AllocSpace objects, 0(0B) LOS objects, 22% free, 54MB/70MB, paused 517us total 25.103ms
08-03 23:39:11.275  1752  3375 I art     : Starting a blocking GC Explicit
08-03 23:39:11.310  1752  3375 I art     : Explicit concurrent mark sweep GC freed 1343(78KB) AllocSpace objects, 1(20KB) LOS objects, 22% free, 54MB/70MB, paused 564us total 34.616ms
08-03 23:39:11.322  1752  3375 I art     : Starting a blocking GC Explicit
08-03 23:39:11.346  1752  3375 I art     : Explicit concurrent mark sweep GC freed 20(704B) AllocSpace objects, 0(0B) LOS objects, 22% free, 54MB/70MB, paused 512us total 24.455ms
08-03 23:39:11.355  1752  3375 I art     : Starting a blocking GC Explicit
08-03 23:39:11.380  1752  3375 I art     : Explicit concurrent mark sweep GC freed 3(96B) AllocSpace objects, 0(0B) LOS objects, 22% free, 54MB/70MB, paused 526us total 24.792ms
08-03 23:39:11.390  1752  3375 I art     : Starting a blocking GC Explicit
08-03 23:39:11.415  1752  3375 I art     : Explicit concurrent mark sweep GC freed 3(96B) AllocSpace objects, 0(0B) LOS objects, 22% free, 54MB/70MB, paused 494us total 25.079ms
08-03 23:39:11.424  1752  3375 I art     : Starting a blocking GC Explicit
08-03 23:39:11.449  1752  3375 I art     : Explicit concurrent mark sweep GC freed 3(96B) AllocSpace objects, 0(0B) LOS objects, 22% free, 54MB/70MB, paused 508us total 24.586ms
08-03 23:39:11.765  1752  2234 I art     : Starting a blocking GC Explicit
08-03 23:39:11.799  1752  2234 I art     : Explicit concurrent mark sweep GC freed 1343(78KB) AllocSpace objects, 1(20KB) LOS objects, 22% free, 54MB/70MB, paused 760us total 33.247ms
08-03 23:39:11.816  1752  2234 I art     : Starting a blocking GC Explicit
08-03 23:39:11.844  1752  2234 I art     : Explicit concurrent mark sweep GC freed 20(704B) AllocSpace objects, 0(0B) LOS objects, 22% free, 54MB/70MB, paused 507us total 28.336ms
08-03 23:39:11.854  1752  2234 I art     : Starting a blocking GC Explicit
08-03 23:39:11.877  1752  2234 I art     : Explicit concurrent mark sweep GC freed 3(96B) AllocSpace objects, 0(0B) LOS objects, 22% free, 54MB/70MB, paused 506us total 23.354ms
08-03 23:39:11.887  1752  2234 I art     : Starting a blocking GC Explicit
08-03 23:39:11.910  1752  2234 I art     : Explicit concurrent mark sweep GC freed 3(96B) AllocSpace objects, 0(0B) LOS objects, 22% free, 54MB/70MB, paused 515us total 22.595ms
08-03 23:39:11.919  1752  2234 I art     : Starting a blocking GC Explicit
08-03 23:39:11.942  1752  2234 I art     : Explicit concurrent mark sweep GC freed 3(96B) AllocSpace objects, 0(0B) LOS objects, 22% free, 54MB/70MB, paused 510us total 23.267ms
08-03 23:39:12.246  1752  1765 I art     : Starting a blocking GC Explicit
08-03 23:39:12.276  1752  1765 I art     : Explicit concurrent mark sweep GC freed 1343(78KB) AllocSpace objects, 1(20KB) LOS objects, 22% free, 54MB/70MB, paused 582us total 29.332ms
08-03 23:39:12.286  1752  1765 I art     : Starting a blocking GC Explicit
08-03 23:39:12.288  5370  5370 D AndroidRuntime: >>>>>> START com.android.internal.os.RuntimeInit uid 2000 <<<<<<
08-03 23:39:12.293  5370  5370 D AndroidRuntime: CheckJNI is OFF
08-03 23:39:12.309  1752  1765 I art     : Explicit concurrent mark sweep GC freed 20(704B) AllocSpace objects, 0(0B) LOS objects, 22% free, 54MB/70MB, paused 511us total 22.509ms
08-03 23:39:12.317  1752  1765 I art     : Starting a blocking GC Explicit
08-03 23:39:12.328  5370  5370 D ICU     : No timezone override file found: /data/misc/zoneinfo/current/icu/icu_tzdata.dat
08-03 23:39:12.339  1752  1765 I art     : Explicit concurrent mark sweep GC freed 3(96B) AllocSpace objects, 0(0B) LOS objects, 22% free, 54MB/70MB, paused 523us total 22.157ms
08-03 23:39:12.348  1752  1765 I art     : Starting a blocking GC Explicit
08-03 23:39:12.363  5370  5370 I Radio-JNI: register_android_hardware_Radio DONE
08-03 23:39:12.371  1752  1765 I art     : Explicit concurrent mark sweep GC freed 3(96B) AllocSpace objects, 0(0B) LOS objects, 22% free, 54MB/70MB, paused 548us total 23ms
08-03 23:39:12.380  1752  1765 I art     : Starting a blocking GC Explicit
08-03 23:39:12.386  5370  5370 D AndroidRuntime: Calling main entry com.android.commands.input.Input
08-03 23:39:12.388  5370  5370 I Input   : injectKeyEvent: KeyEvent { action=ACTION_DOWN, keyCode=KEYCODE_BACK, scanCode=0, metaState=0, flags=0x0, repeatCount=0, eventTime=661168801, downTime=661168801, deviceId=-1, source=0x101 }
08-03 23:39:12.394  5370  5370 I Input   : injectKeyEvent: KeyEvent { action=ACTION_UP, keyCode=KEYCODE_BACK, scanCode=0, metaState=0, flags=0x0, repeatCount=0, eventTime=661168801, downTime=661168801, deviceId=-1, source=0x101 }
08-03 23:39:12.399  5370  5370 D AndroidRuntime: Shutting down VM
08-03 23:39:12.403  1752  1765 I art     : Explicit concurrent mark sweep GC freed 20(736B) AllocSpace objects, 0(0B) LOS objects, 22% free, 54MB/70MB, paused 566us total 22.472ms
08-03 23:39:12.439 13866 13866 I GoogleInputMethodServic: GoogleInputMethodService.onFinishInput():3138 
08-03 23:39:12.439 13866 13866 I GoogleInputMethodServic: GoogleInputMethodService.onStartInput():1808 
08-03 23:39:12.617   918  3261 D WifiStateMachine: starting scan for "H369AA63323"WPA_PSK with 2412,5180
08-03 23:39:12.678  1752  1763 I art     : Starting a blocking GC Explicit
08-03 23:39:12.709  1752  1763 I art     : Explicit concurrent mark sweep GC freed 1507(85KB) AllocSpace objects, 1(20KB) LOS objects, 22% free, 54MB/70MB, paused 631us total 30.708ms
08-03 23:39:12.720  1752  1763 I art     : Starting a blocking GC Explicit
08-03 23:39:12.735   380   380 W SurfaceFlinger: couldn't log to binary event log: overflow.
08-03 23:39:12.747  1752  1763 I art     : Explicit concurrent mark sweep GC freed 117(8KB) AllocSpace objects, 0(0B) LOS objects, 22% free, 54MB/70MB, paused 573us total 26.791ms
08-03 23:39:12.756  1752  1763 I art     : Starting a blocking GC Explicit
08-03 23:39:12.778  1752  1763 I art     : Explicit concurrent mark sweep GC freed 21(912B) AllocSpace objects, 0(0B) LOS objects, 22% free, 54MB/70MB, paused 519us total 22.137ms
08-03 23:39:12.787  1752  1763 I art     : Starting a blocking GC Explicit
08-03 23:39:12.809  1752  1763 I art     : Explicit concurrent mark sweep GC freed 1654(107KB) AllocSpace objects, 3(180KB) LOS objects, 22% free, 53MB/69MB, paused 480us total 21.774ms
08-03 23:39:12.817  1752  1763 I art     : Starting a blocking GC Explicit
08-03 23:39:12.838  1752  1763 I art     : Explicit concurrent mark sweep GC freed 3(96B) AllocSpace objects, 0(0B) LOS objects, 22% free, 53MB/69MB, paused 542us total 21.096ms
08-03 23:39:13.132  1752  1765 I art     : Starting a blocking GC Explicit
08-03 23:39:13.160  1752  1765 I art     : Explicit concurrent mark sweep GC freed 1343(78KB) AllocSpace objects, 1(20KB) LOS objects, 22% free, 53MB/69MB, paused 557us total 27.933ms
08-03 23:39:13.173  1752  1765 I art     : Starting a blocking GC Explicit
08-03 23:39:13.197  1752  1765 I art     : Explicit concurrent mark sweep GC freed 20(704B) AllocSpace objects, 0(0B) LOS objects, 22% free, 53MB/69MB, paused 660us total 24.240ms
08-03 23:39:13.206  1752  1765 I art     : Starting a blocking GC Explicit
08-03 23:39:13.231  1752  1765 I art     : Explicit concurrent mark sweep GC freed 3(96B) AllocSpace objects, 0(0B) LOS objects, 22% free, 53MB/69MB, paused 526us total 24.513ms
08-03 23:39:13.241  1752  1765 I art     : Starting a blocking GC Explicit
08-03 23:39:13.265  1752  1765 I art     : Explicit concurrent mark sweep GC freed 3(96B) AllocSpace objects, 0(0B) LOS objects, 22% free, 53MB/69MB, paused 518us total 24.283ms
08-03 23:39:13.274  1752  1765 I art     : Starting a blocking GC Explicit
08-03 23:39:13.299  1752  1765 I art     : Explicit concurrent mark sweep GC freed 3(96B) AllocSpace objects, 0(0B) LOS objects, 22% free, 53MB/69MB, paused 561us total 24.273ms
08-03 23:39:13.585  1752  1845 I art     : Starting a blocking GC Explicit
08-03 23:39:13.622  1752  1845 I art     : Explicit concurrent mark sweep GC freed 1343(78KB) AllocSpace objects, 1(20KB) LOS objects, 22% free, 53MB/69MB, paused 608us total 36.763ms
08-03 23:39:13.638  1752  1845 I art     : Starting a blocking GC Explicit
08-03 23:39:13.661  1752  1845 I art     : Explicit concurrent mark sweep GC freed 20(704B) AllocSpace objects, 0(0B) LOS objects, 22% free, 53MB/69MB, paused 503us total 23.363ms
08-03 23:39:13.671  1752  1845 I art     : Starting a blocking GC Explicit
08-03 23:39:13.693  1752  1845 I art     : Explicit concurrent mark sweep GC freed 3(96B) AllocSpace objects, 0(0B) LOS objects, 22% free, 53MB/69MB, paused 520us total 21.957ms
08-03 23:39:13.702  1752  1845 I art     : Starting a blocking GC Explicit
08-03 23:39:13.724  1752  1845 I art     : Explicit concurrent mark sweep GC freed 3(96B) AllocSpace objects, 0(0B) LOS objects, 22% free, 53MB/69MB, paused 510us total 22.056ms
08-03 23:39:13.732  1752  1845 I art     : Starting a blocking GC Explicit
08-03 23:39:13.754  1752  1845 I art     : Explicit concurrent mark sweep GC freed 3(96B) AllocSpace objects, 0(0B) LOS objects, 22% free, 53MB/69MB, paused 503us total 21.840ms
08-03 23:39:14.042  1752  3375 I art     : Starting a blocking GC Explicit
08-03 23:39:14.054  5423  5423 D AndroidRuntime: >>>>>> START com.android.internal.os.RuntimeInit uid 2000 <<<<<<
08-03 23:39:14.060  5423  5423 D AndroidRuntime: CheckJNI is OFF
08-03 23:39:14.071  1752  3375 I art     : Explicit concurrent mark sweep GC freed 1343(78KB) AllocSpace objects, 1(20KB) LOS objects, 22% free, 53MB/69MB, paused 563us total 29.121ms
08-03 23:39:14.080  1752  3375 I art     : Starting a blocking GC Explicit
08-03 23:39:14.097  5423  5423 D ICU     : No timezone override file found: /data/misc/zoneinfo/current/icu/icu_tzdata.dat
08-03 23:39:14.102  1752  3375 I art     : Explicit concurrent mark sweep GC freed 20(704B) AllocSpace objects, 0(0B) LOS objects, 22% free, 53MB/69MB, paused 500us total 21.432ms
08-03 23:39:14.110  1752  3375 I art     : Starting a blocking GC Explicit
08-03 23:39:14.129  5423  5423 I Radio-JNI: register_android_hardware_Radio DONE
08-03 23:39:14.132  1752  3375 I art     : Explicit concurrent mark sweep GC freed 3(96B) AllocSpace objects, 0(0B) LOS objects, 22% free, 53MB/69MB, paused 515us total 21.177ms
08-03 23:39:14.140  1752  3375 I art     : Starting a blocking GC Explicit
08-03 23:39:14.151  5423  5423 D AndroidRuntime: Calling main entry com.android.commands.input.Input
08-03 23:39:14.153  5423  5423 I Input   : injectMotionEvent: MotionEvent { action=ACTION_DOWN, actionButton=0, id[0]=0, x[0]=255.0, y[0]=1845.0, toolType[0]=TOOL_TYPE_UNKNOWN, buttonState=0, metaState=0, flags=0x0, edgeFlags=0x0, pointerCount=1, historySize=0, eventTime=661170566, downTime=661170566, deviceId=0, source=0x1002 }
08-03 23:39:14.158  5423  5423 I Input   : injectMotionEvent: MotionEvent { action=ACTION_UP, actionButton=0, id[0]=0, x[0]=255.0, y[0]=1845.0, toolType[0]=TOOL_TYPE_UNKNOWN, buttonState=0, metaState=0, flags=0x0, edgeFlags=0x0, pointerCount=1, historySize=0, eventTime=661170566, downTime=661170566, deviceId=0, source=0x1002 }
08-03 23:39:14.159   918  6112 I ActivityManager: START u0 {cmp=baseline.appteam.nith.hillffair/.activities.ClubActivity (has extras)} from uid 10651 on display 0
08-03 23:39:14.161  1752  3375 I art     : Explicit concurrent mark sweep GC freed 3(96B) AllocSpace objects, 0(0B) LOS objects, 22% free, 53MB/69MB, paused 567us total 21.206ms
08-03 23:39:14.165  5423  5423 D AndroidRuntime: Shutting down VM
08-03 23:39:14.170  1752  3375 I art     : Starting a blocking GC Explicit
08-03 23:39:14.193  1752  3375 I art     : Explicit concurrent mark sweep GC freed 1637(91KB) AllocSpace objects, 0(0B) LOS objects, 22% free, 53MB/69MB, paused 927us total 23.293ms
08-03 23:39:14.265 13866 13866 I GoogleInputMethodServic: GoogleInputMethodService.onFinishInput():3138 
08-03 23:39:14.265   918   936 I ActivityManager: Displayed baseline.appteam.nith.hillffair/.activities.ClubActivity: +99ms
08-03 23:39:14.265 13866 13866 I GoogleInputMethodServic: GoogleInputMethodService.onStartInput():1808 
08-03 23:39:14.434  1752  1765 I art     : Starting a blocking GC Explicit
08-03 23:39:14.457  1752  1765 I art     : Explicit concurrent mark sweep GC freed 3484(224KB) AllocSpace objects, 1(20KB) LOS objects, 22% free, 54MB/70MB, paused 536us total 22.833ms
08-03 23:39:14.465  1752  1765 I art     : Starting a blocking GC Explicit
08-03 23:39:14.487  1752  1765 I art     : Explicit concurrent mark sweep GC freed 96(3KB) AllocSpace objects, 0(0B) LOS objects, 22% free, 54MB/70MB, paused 576us total 21.595ms
08-03 23:39:14.495  1752  1765 I art     : Starting a blocking GC Explicit
08-03 23:39:14.518  1752  1765 I art     : Explicit concurrent mark sweep GC freed 3(96B) AllocSpace objects, 0(0B) LOS objects, 22% free, 54MB/70MB, paused 694us total 22.039ms
08-03 23:39:14.520   380   380 W SurfaceFlinger: couldn't log to binary event log: overflow.
08-03 23:39:14.527  1752  1765 I art     : Starting a blocking GC Explicit
08-03 23:39:14.548  1752  1765 I art     : Explicit concurrent mark sweep GC freed 3(96B) AllocSpace objects, 0(0B) LOS objects, 22% free, 54MB/70MB, paused 504us total 20.946ms
08-03 23:39:14.557  1752  1765 I art     : Starting a blocking GC Explicit
08-03 23:39:14.577  1752  1765 I art     : Explicit concurrent mark sweep GC freed 3(96B) AllocSpace objects, 0(0B) LOS objects, 22% free, 54MB/70MB, paused 509us total 20.671ms
08-03 23:39:14.741  1752  5446 D OkHttp  : --> GET https://api-hillfair-2k16.herokuapp.com/api/app/club/Technical%20Committee http/1.1
08-03 23:39:14.771  1752  5446 D OkHttp  : <-- 200 OK https://api-hillfair-2k16.herokuapp.com/api/app/club/Technical%20Committee (29ms, 1171-byte body)
08-03 23:39:14.840  1752  1752 I NAPPA_EXPERIMENTATION: MetricNetworkRequestExecutionTime: REQUEST_DURATION_SYSTEM='646',REQUEST_DURATION_OKHTTP='29',REQUEST_SYNCHRONOUS='FALSE',RESPONSE_CODE='200',RESPONSE_METHOD='GET',RESPONSE_LENGTH_OKHTTP='1171',RESPONSE_LENGTH_HEADER='1171',REQUEST_PROTOCOL='http/1.1',REQUEST_URL='https://api-hillfair-2k16.herokuapp.com/api/app/club/Technical%20Committee',
08-03 23:39:14.852  1752  2234 I art     : Starting a blocking GC Explicit
08-03 23:39:14.878  1752  2234 I art     : Explicit concurrent mark sweep GC freed 4923(340KB) AllocSpace objects, 4(220KB) LOS objects, 22% free, 54MB/70MB, paused 628us total 25.787ms
08-03 23:39:14.887  1752  2234 I art     : Starting a blocking GC Explicit
08-03 23:39:14.911  1752  2234 I art     : Explicit concurrent mark sweep GC freed 1046(127KB) AllocSpace objects, 0(0B) LOS objects, 22% free, 54MB/70MB, paused 520us total 23.739ms
08-03 23:39:14.920  1752  2234 I art     : Starting a blocking GC Explicit
08-03 23:39:14.942  1752  2234 I art     : Explicit concurrent mark sweep GC freed 6(192B) AllocSpace objects, 0(0B) LOS objects, 22% free, 54MB/70MB, paused 472us total 21.551ms
08-03 23:39:14.951  1752  2234 I art     : Starting a blocking GC Explicit
08-03 23:39:14.973  1752  2234 I art     : Explicit concurrent mark sweep GC freed 3(96B) AllocSpace objects, 0(0B) LOS objects, 22% free, 54MB/70MB, paused 479us total 22.577ms
08-03 23:39:14.983  1752  2234 I art     : Starting a blocking GC Explicit
08-03 23:39:15.006  1752  2234 I art     : Explicit concurrent mark sweep GC freed 3(96B) AllocSpace objects, 0(0B) LOS objects, 22% free, 54MB/70MB, paused 474us total 23.415ms
08-03 23:39:15.293  1752  1763 I art     : Starting a blocking GC Explicit
08-03 23:39:15.320  1752  1763 I art     : Explicit concurrent mark sweep GC freed 1343(78KB) AllocSpace objects, 1(20KB) LOS objects, 22% free, 54MB/70MB, paused 683us total 27.369ms
08-03 23:39:15.333  1752  1763 I art     : Starting a blocking GC Explicit
08-03 23:39:15.357  1752  1763 I art     : Explicit concurrent mark sweep GC freed 36(1264B) AllocSpace objects, 0(0B) LOS objects, 22% free, 54MB/70MB, paused 526us total 23.670ms
08-03 23:39:15.366  1752  1763 I art     : Starting a blocking GC Explicit
08-03 23:39:15.390  1752  1763 I art     : Explicit concurrent mark sweep GC freed 3(96B) AllocSpace objects, 0(0B) LOS objects, 22% free, 54MB/70MB, paused 528us total 24.134ms
08-03 23:39:15.399  1752  1763 I art     : Starting a blocking GC Explicit
08-03 23:39:15.423  1752  1763 I art     : Explicit concurrent mark sweep GC freed 3(96B) AllocSpace objects, 0(0B) LOS objects, 22% free, 54MB/70MB, paused 540us total 24.056ms
08-03 23:39:15.433  1752  1763 I art     : Starting a blocking GC Explicit
08-03 23:39:15.458  1752  1763 I art     : Explicit concurrent mark sweep GC freed 3(96B) AllocSpace objects, 0(0B) LOS objects, 22% free, 54MB/70MB, paused 525us total 24.940ms
08-03 23:39:15.758  1752  2234 I art     : Starting a blocking GC Explicit
08-03 23:39:15.791  1752  2234 I art     : Explicit concurrent mark sweep GC freed 1344(78KB) AllocSpace objects, 1(20KB) LOS objects, 22% free, 54MB/70MB, paused 587us total 31.828ms
08-03 23:39:15.803  1752  2234 I art     : Starting a blocking GC Explicit
08-03 23:39:15.829  1752  2234 I art     : Explicit concurrent mark sweep GC freed 20(704B) AllocSpace objects, 0(0B) LOS objects, 22% free, 54MB/70MB, paused 546us total 25.623ms
08-03 23:39:15.839  1752  2234 I art     : Starting a blocking GC Explicit
08-03 23:39:15.864  1752  2234 I art     : Explicit concurrent mark sweep GC freed 3(96B) AllocSpace objects, 0(0B) LOS objects, 22% free, 54MB/70MB, paused 593us total 25.160ms
08-03 23:39:15.874  1752  2234 I art     : Starting a blocking GC Explicit
08-03 23:39:15.899  1752  2234 I art     : Explicit concurrent mark sweep GC freed 3(96B) AllocSpace objects, 0(0B) LOS objects, 22% free, 54MB/70MB, paused 527us total 25.467ms
08-03 23:39:15.900  1752  1762 I art     : WaitForGcToComplete blocked for 18.931ms for cause HeapTrim
08-03 23:39:15.909  1752  2234 I art     : Starting a blocking GC Explicit
08-03 23:39:15.934  1752  2234 I art     : Explicit concurrent mark sweep GC freed 3(96B) AllocSpace objects, 0(0B) LOS objects, 22% free, 54MB/70MB, paused 522us total 25.339ms
08-03 23:39:16.265  1752  1845 I art     : Starting a blocking GC Explicit
08-03 23:39:16.297  1752  1845 I art     : Explicit concurrent mark sweep GC freed 1343(78KB) AllocSpace objects, 1(20KB) LOS objects, 22% free, 54MB/70MB, paused 589us total 31.538ms
08-03 23:39:16.312  1752  1845 I art     : Starting a blocking GC Explicit
08-03 23:39:16.337  1752  1845 I art     : Explicit concurrent mark sweep GC freed 20(704B) AllocSpace objects, 0(0B) LOS objects, 22% free, 54MB/70MB, paused 606us total 24.924ms
08-03 23:39:16.346  1752  1845 I art     : Starting a blocking GC Explicit
08-03 23:39:16.371  1752  1845 I art     : Explicit concurrent mark sweep GC freed 3(96B) AllocSpace objects, 0(0B) LOS objects, 22% free, 54MB/70MB, paused 536us total 24.714ms
08-03 23:39:16.381  1752  1845 I art     : Starting a blocking GC Explicit
08-03 23:39:16.406  1752  1845 I art     : Explicit concurrent mark sweep GC freed 3(96B) AllocSpace objects, 0(0B) LOS objects, 22% free, 54MB/70MB, paused 539us total 25.162ms
08-03 23:39:16.415  1752  1845 I art     : Starting a blocking GC Explicit
08-03 23:39:16.441  1752  1845 I art     : Explicit concurrent mark sweep GC freed 3(96B) AllocSpace objects, 0(0B) LOS objects, 22% free, 54MB/70MB, paused 562us total 25.273ms
08-03 23:39:16.778  1752  3375 I art     : Starting a blocking GC Explicit
08-03 23:39:16.811  1752  3375 I art     : Explicit concurrent mark sweep GC freed 1343(78KB) AllocSpace objects, 1(20KB) LOS objects, 22% free, 54MB/70MB, paused 573us total 32.516ms
08-03 23:39:16.823  1752  3375 I art     : Starting a blocking GC Explicit
08-03 23:39:16.849  1752  3375 I art     : Explicit concurrent mark sweep GC freed 20(704B) AllocSpace objects, 0(0B) LOS objects, 22% free, 54MB/70MB, paused 529us total 25.723ms
08-03 23:39:16.859  1752  3375 I art     : Starting a blocking GC Explicit
08-03 23:39:16.885  1752  3375 I art     : Explicit concurrent mark sweep GC freed 3(96B) AllocSpace objects, 0(0B) LOS objects, 22% free, 54MB/70MB, paused 543us total 25.664ms
08-03 23:39:16.894  1752  3375 I art     : Starting a blocking GC Explicit
08-03 23:39:16.920  1752  3375 I art     : Explicit concurrent mark sweep GC freed 3(96B) AllocSpace objects, 0(0B) LOS objects, 22% free, 54MB/70MB, paused 535us total 25.738ms
08-03 23:39:16.930  1752  3375 I art     : Starting a blocking GC Explicit
08-03 23:39:16.955  1752  3375 I art     : Explicit concurrent mark sweep GC freed 3(96B) AllocSpace objects, 0(0B) LOS objects, 22% free, 54MB/70MB, paused 533us total 25.728ms
08-03 23:39:17.282  1752  1765 I art     : Starting a blocking GC Explicit
08-03 23:39:17.316  1752  1765 I art     : Explicit concurrent mark sweep GC freed 1343(78KB) AllocSpace objects, 1(20KB) LOS objects, 22% free, 54MB/70MB, paused 611us total 33.044ms
08-03 23:39:17.330  1752  1765 I art     : Starting a blocking GC Explicit
08-03 23:39:17.356  1752  1765 I art     : Explicit concurrent mark sweep GC freed 20(704B) AllocSpace objects, 0(0B) LOS objects, 22% free, 54MB/70MB, paused 532us total 25.494ms
08-03 23:39:17.365  1752  1765 I art     : Starting a blocking GC Explicit
08-03 23:39:17.390  1752  1765 I art     : Explicit concurrent mark sweep GC freed 3(96B) AllocSpace objects, 0(0B) LOS objects, 22% free, 54MB/70MB, paused 522us total 25.042ms
08-03 23:39:17.400  1752  1765 I art     : Starting a blocking GC Explicit
08-03 23:39:17.425  1752  1765 I art     : Explicit concurrent mark sweep GC freed 3(96B) AllocSpace objects, 0(0B) LOS objects, 22% free, 54MB/70MB, paused 531us total 25.042ms
08-03 23:39:17.434  1752  1765 I art     : Starting a blocking GC Explicit
08-03 23:39:17.460  1752  1765 I art     : Explicit concurrent mark sweep GC freed 3(96B) AllocSpace objects, 0(0B) LOS objects, 22% free, 54MB/70MB, paused 541us total 25.333ms
08-03 23:39:17.761 29081 29081 I ServiceManager: Waiting for service AtCmdFwd...
08-03 23:39:17.808  1752  1763 I art     : Starting a blocking GC Explicit
08-03 23:39:17.842  1752  1763 I art     : Explicit concurrent mark sweep GC freed 1343(78KB) AllocSpace objects, 1(20KB) LOS objects, 22% free, 54MB/70MB, paused 589us total 33.586ms
08-03 23:39:17.853  1752  1763 I art     : Starting a blocking GC Explicit
08-03 23:39:17.879  1752  1763 I art     : Explicit concurrent mark sweep GC freed 20(704B) AllocSpace objects, 0(0B) LOS objects, 22% free, 54MB/70MB, paused 539us total 25.462ms
08-03 23:39:17.888  1752  1763 I art     : Starting a blocking GC Explicit
08-03 23:39:17.914  1752  1763 I art     : Explicit concurrent mark sweep GC freed 3(96B) AllocSpace objects, 0(0B) LOS objects, 22% free, 54MB/70MB, paused 520us total 24.962ms
08-03 23:39:17.923  1752  1763 I art     : Starting a blocking GC Explicit
08-03 23:39:17.948  1752  1763 I art     : Explicit concurrent mark sweep GC freed 3(96B) AllocSpace objects, 0(0B) LOS objects, 22% free, 54MB/70MB, paused 541us total 24.482ms
08-03 23:39:17.957  1752  1763 I art     : Starting a blocking GC Explicit
08-03 23:39:17.983  1752  1763 I art     : Explicit concurrent mark sweep GC freed 3(96B) AllocSpace objects, 0(0B) LOS objects, 22% free, 54MB/70MB, paused 536us total 25.492ms
08-03 23:39:18.315  1752  2234 I art     : Starting a blocking GC Explicit
08-03 23:39:18.347  1752  2234 I art     : Explicit concurrent mark sweep GC freed 1343(78KB) AllocSpace objects, 1(20KB) LOS objects, 22% free, 54MB/70MB, paused 580us total 31.860ms
08-03 23:39:18.361  1752  2234 I art     : Starting a blocking GC Explicit
08-03 23:39:18.386  1752  2234 I art     : Explicit concurrent mark sweep GC freed 20(704B) AllocSpace objects, 0(0B) LOS objects, 22% free, 54MB/70MB, paused 526us total 24.785ms
08-03 23:39:18.395  1752  2234 I art     : Starting a blocking GC Explicit
08-03 23:39:18.420  1752  2234 I art     : Explicit concurrent mark sweep GC freed 3(96B) AllocSpace objects, 0(0B) LOS objects, 22% free, 54MB/70MB, paused 551us total 24.189ms
08-03 23:39:18.428  1752  2234 I art     : Starting a blocking GC Explicit
08-03 23:39:18.452  1752  2234 I art     : Explicit concurrent mark sweep GC freed 3(96B) AllocSpace objects, 0(0B) LOS objects, 22% free, 54MB/70MB, paused 534us total 23.496ms
08-03 23:39:18.461  1752  2234 I art     : Starting a blocking GC Explicit
08-03 23:39:18.485  1752  2234 I art     : Explicit concurrent mark sweep GC freed 3(96B) AllocSpace objects, 0(0B) LOS objects, 22% free, 54MB/70MB, paused 557us total 23.855ms
08-03 23:39:18.762 29081 29081 I ServiceManager: Waiting for service AtCmdFwd...
08-03 23:39:18.803  1752  1845 I art     : Starting a blocking GC Explicit
08-03 23:39:18.815  5540  5540 D AndroidRuntime: >>>>>> START com.android.internal.os.RuntimeInit uid 2000 <<<<<<
08-03 23:39:18.822  5540  5540 D AndroidRuntime: CheckJNI is OFF
08-03 23:39:18.835  1752  1845 I art     : Explicit concurrent mark sweep GC freed 1343(78KB) AllocSpace objects, 1(20KB) LOS objects, 22% free, 54MB/70MB, paused 530us total 31.164ms
08-03 23:39:18.844  1752  1845 I art     : Starting a blocking GC Explicit
08-03 23:39:18.860  5540  5540 D ICU     : No timezone override file found: /data/misc/zoneinfo/current/icu/icu_tzdata.dat
08-03 23:39:18.868  1752  1845 I art     : Explicit concurrent mark sweep GC freed 20(704B) AllocSpace objects, 0(0B) LOS objects, 22% free, 54MB/70MB, paused 576us total 24.012ms
08-03 23:39:18.877  1752  1845 I art     : Starting a blocking GC Explicit
08-03 23:39:18.893  5540  5540 I Radio-JNI: register_android_hardware_Radio DONE
08-03 23:39:18.901  1752  1845 I art     : Explicit concurrent mark sweep GC freed 3(96B) AllocSpace objects, 0(0B) LOS objects, 22% free, 54MB/70MB, paused 575us total 23.200ms
08-03 23:39:18.909  1752  1845 I art     : Starting a blocking GC Explicit
08-03 23:39:18.915  5540  5540 D AndroidRuntime: Calling main entry com.android.commands.input.Input
08-03 23:39:18.917  5540  5540 I Input   : injectKeyEvent: KeyEvent { action=ACTION_DOWN, keyCode=KEYCODE_BACK, scanCode=0, metaState=0, flags=0x0, repeatCount=0, eventTime=661175330, downTime=661175330, deviceId=-1, source=0x101 }
08-03 23:39:18.923  5540  5540 I Input   : injectKeyEvent: KeyEvent { action=ACTION_UP, keyCode=KEYCODE_BACK, scanCode=0, metaState=0, flags=0x0, repeatCount=0, eventTime=661175330, downTime=661175330, deviceId=-1, source=0x101 }
08-03 23:39:18.928  5540  5540 D AndroidRuntime: Shutting down VM
08-03 23:39:18.933  1752  1845 I art     : Explicit concurrent mark sweep GC freed 20(736B) AllocSpace objects, 0(0B) LOS objects, 22% free, 54MB/70MB, paused 557us total 22.986ms
08-03 23:39:18.942  1752  1845 I art     : Starting a blocking GC Explicit
08-03 23:39:18.964  1752  1845 I art     : Explicit concurrent mark sweep GC freed 130(5KB) AllocSpace objects, 0(0B) LOS objects, 22% free, 54MB/70MB, paused 484us total 22.350ms
08-03 23:39:18.966 13866 13866 I GoogleInputMethodServic: GoogleInputMethodService.onFinishInput():3138 
08-03 23:39:18.967 13866 13866 I GoogleInputMethodServic: GoogleInputMethodService.onStartInput():1808 
08-03 23:39:19.218  1752  1845 I art     : Starting a blocking GC Explicit
08-03 23:39:19.240  1752  1845 I art     : Explicit concurrent mark sweep GC freed 1380(79KB) AllocSpace objects, 1(20KB) LOS objects, 22% free, 54MB/70MB, paused 531us total 21.966ms
08-03 23:39:19.249  1752  1845 I art     : Starting a blocking GC Explicit
08-03 23:39:19.271  1752  1845 I art     : Explicit concurrent mark sweep GC freed 26(944B) AllocSpace objects, 0(0B) LOS objects, 22% free, 54MB/70MB, paused 503us total 21.174ms
08-03 23:39:19.275   380   380 W SurfaceFlinger: couldn't log to binary event log: overflow.
08-03 23:39:19.280  1752  1845 I art     : Starting a blocking GC Explicit
08-03 23:39:19.302  1752  1845 I art     : Explicit concurrent mark sweep GC freed 109(8KB) AllocSpace objects, 0(0B) LOS objects, 22% free, 54MB/70MB, paused 483us total 21.766ms
08-03 23:39:19.311  1752  1845 I art     : Starting a blocking GC Explicit
08-03 23:39:19.333  1752  1845 I art     : Explicit concurrent mark sweep GC freed 116(6KB) AllocSpace objects, 0(0B) LOS objects, 22% free, 54MB/70MB, paused 510us total 22.633ms
08-03 23:39:19.342  1752  1845 I art     : Starting a blocking GC Explicit
08-03 23:39:19.364  1752  1845 I art     : Explicit concurrent mark sweep GC freed 1543(102KB) AllocSpace objects, 3(180KB) LOS objects, 22% free, 53MB/69MB, paused 516us total 22.115ms
08-03 23:39:19.651  1752  2234 I art     : Starting a blocking GC Explicit
08-03 23:39:19.682  1752  2234 I art     : Explicit concurrent mark sweep GC freed 1343(78KB) AllocSpace objects, 1(20KB) LOS objects, 22% free, 53MB/69MB, paused 583us total 30.663ms
08-03 23:39:19.695  1752  2234 I art     : Starting a blocking GC Explicit
08-03 23:39:19.722  1752  2234 I art     : Explicit concurrent mark sweep GC freed 20(704B) AllocSpace objects, 0(0B) LOS objects, 22% free, 53MB/69MB, paused 595us total 26.969ms
08-03 23:39:19.732  1752  2234 I art     : Starting a blocking GC Explicit
08-03 23:39:19.757  1752  2234 I art     : Explicit concurrent mark sweep GC freed 3(96B) AllocSpace objects, 0(0B) LOS objects, 22% free, 53MB/69MB, paused 627us total 25.149ms
08-03 23:39:19.762 29081 29081 I ServiceManager: Waiting for service AtCmdFwd...
08-03 23:39:19.766  1752  2234 I art     : Starting a blocking GC Explicit
08-03 23:39:19.791  1752  2234 I art     : Explicit concurrent mark sweep GC freed 3(96B) AllocSpace objects, 0(0B) LOS objects, 22% free, 53MB/69MB, paused 527us total 24.199ms
08-03 23:39:19.800  1752  2234 I art     : Starting a blocking GC Explicit
08-03 23:39:19.824  1752  2234 I art     : Explicit concurrent mark sweep GC freed 3(96B) AllocSpace objects, 0(0B) LOS objects, 22% free, 53MB/69MB, paused 541us total 24.215ms
08-03 23:39:20.110  1752  3375 I art     : Starting a blocking GC Explicit
08-03 23:39:20.138  1752  3375 I art     : Explicit concurrent mark sweep GC freed 1343(78KB) AllocSpace objects, 1(20KB) LOS objects, 22% free, 53MB/69MB, paused 622us total 27.949ms
08-03 23:39:20.151  1752  3375 I art     : Starting a blocking GC Explicit
08-03 23:39:20.175  1752  3375 I art     : Explicit concurrent mark sweep GC freed 20(704B) AllocSpace objects, 0(0B) LOS objects, 22% free, 53MB/69MB, paused 615us total 23.599ms
08-03 23:39:20.185  1752  3375 I art     : Starting a blocking GC Explicit
08-03 23:39:20.208  1752  3375 I art     : Explicit concurrent mark sweep GC freed 3(96B) AllocSpace objects, 0(0B) LOS objects, 22% free, 53MB/69MB, paused 556us total 22.445ms
08-03 23:39:20.217  1752  3375 I art     : Starting a blocking GC Explicit
08-03 23:39:20.239  1752  3375 I art     : Explicit concurrent mark sweep GC freed 3(96B) AllocSpace objects, 0(0B) LOS objects, 22% free, 53MB/69MB, paused 524us total 22.428ms
08-03 23:39:20.248  1752  3375 I art     : Starting a blocking GC Explicit
08-03 23:39:20.270  1752  3375 I art     : Explicit concurrent mark sweep GC freed 3(96B) AllocSpace objects, 0(0B) LOS objects, 22% free, 53MB/69MB, paused 517us total 22.361ms
08-03 23:39:20.549  1752  1763 I art     : Starting a blocking GC Explicit
08-03 23:39:20.574  1752  1763 I art     : Explicit concurrent mark sweep GC freed 1356(78KB) AllocSpace objects, 1(20KB) LOS objects, 22% free, 53MB/69MB, paused 567us total 24.645ms
08-03 23:39:20.580  5593  5593 D AndroidRuntime: >>>>>> START com.android.internal.os.RuntimeInit uid 2000 <<<<<<
08-03 23:39:20.583  1752  1763 I art     : Starting a blocking GC Explicit
08-03 23:39:20.585  5593  5593 D AndroidRuntime: CheckJNI is OFF
08-03 23:39:20.608  1752  1763 I art     : Explicit concurrent mark sweep GC freed 34(1136B) AllocSpace objects, 0(0B) LOS objects, 22% free, 53MB/69MB, paused 560us total 24.383ms
08-03 23:39:20.617  1752  1763 I art     : Starting a blocking GC Explicit
08-03 23:39:20.624  5593  5593 D ICU     : No timezone override file found: /data/misc/zoneinfo/current/icu/icu_tzdata.dat
08-03 23:39:20.641  1752  1763 I art     : Explicit concurrent mark sweep GC freed 3(96B) AllocSpace objects, 0(0B) LOS objects, 22% free, 53MB/69MB, paused 525us total 23.019ms
08-03 23:39:20.649  1752  1763 I art     : Starting a blocking GC Explicit
08-03 23:39:20.659  5593  5593 I Radio-JNI: register_android_hardware_Radio DONE
08-03 23:39:20.672  1752  1763 I art     : Explicit concurrent mark sweep GC freed 3(96B) AllocSpace objects, 0(0B) LOS objects, 22% free, 53MB/69MB, paused 506us total 22.715ms
08-03 23:39:20.681  1752  1763 I art     : Starting a blocking GC Explicit
08-03 23:39:20.681  5593  5593 D AndroidRuntime: Calling main entry com.android.commands.input.Input
08-03 23:39:20.684  5593  5593 I Input   : injectMotionEvent: MotionEvent { action=ACTION_DOWN, actionButton=0, id[0]=0, x[0]=255.0, y[0]=1845.0, toolType[0]=TOOL_TYPE_UNKNOWN, buttonState=0, metaState=0, flags=0x0, edgeFlags=0x0, pointerCount=1, historySize=0, eventTime=661177096, downTime=661177096, deviceId=0, source=0x1002 }
08-03 23:39:20.690  5593  5593 I Input   : injectMotionEvent: MotionEvent { action=ACTION_UP, actionButton=0, id[0]=0, x[0]=255.0, y[0]=1845.0, toolType[0]=TOOL_TYPE_UNKNOWN, buttonState=0, metaState=0, flags=0x0, edgeFlags=0x0, pointerCount=1, historySize=0, eventTime=661177096, downTime=661177096, deviceId=0, source=0x1002 }
08-03 23:39:20.692   918  3670 I ActivityManager: START u0 {cmp=baseline.appteam.nith.hillffair/.activities.ClubActivity (has extras)} from uid 10651 on display 0
08-03 23:39:20.699  5593  5593 D AndroidRuntime: Shutting down VM
08-03 23:39:20.704  1752  1763 I art     : Explicit concurrent mark sweep GC freed 28(896B) AllocSpace objects, 0(0B) LOS objects, 22% free, 53MB/69MB, paused 536us total 22.974ms
08-03 23:39:20.762 29081 29081 I ServiceManager: Waiting for service AtCmdFwd...
08-03 23:39:20.777  1752  1752 I NAPPA_EXPERIMENTATION: MetricNetworkRequestExecutionTime: REQUEST_DURATION_SYSTEM='53',REQUEST_DURATION_OKHTTP='29',REQUEST_SYNCHRONOUS='FALSE',RESPONSE_CODE='200',RESPONSE_METHOD='GET',RESPONSE_LENGTH_OKHTTP='1171',RESPONSE_LENGTH_HEADER='-2',REQUEST_PROTOCOL='http/1.1',REQUEST_URL='https://api-hillfair-2k16.herokuapp.com/api/app/club/Technical%20Committee',
08-03 23:39:20.785   918   936 I ActivityManager: Displayed baseline.appteam.nith.hillffair/.activities.ClubActivity: +85ms
08-03 23:39:20.786 13866 13866 I GoogleInputMethodServic: GoogleInputMethodService.onFinishInput():3138 
08-03 23:39:20.787 13866 13866 I GoogleInputMethodServic: GoogleInputMethodService.onStartInput():1808 
08-03 23:39:20.953  1752  1845 I art     : Starting a blocking GC Explicit
08-03 23:39:20.992  1752  1845 I art     : Explicit concurrent mark sweep GC freed 5733(415KB) AllocSpace objects, 1(20KB) LOS objects, 22% free, 54MB/70MB, paused 739us total 39.295ms
08-03 23:39:21.007  1752  1845 I art     : Starting a blocking GC Explicit
08-03 23:39:21.042  1752  1845 I art     : Explicit concurrent mark sweep GC freed 278(12KB) AllocSpace objects, 0(0B) LOS objects, 22% free, 54MB/70MB, paused 653us total 35.219ms
08-03 23:39:21.044   380   380 W SurfaceFlinger: couldn't log to binary event log: overflow.
08-03 23:39:21.055  1752  1845 I art     : Starting a blocking GC Explicit
08-03 23:39:21.078  1752  1845 I art     : Explicit concurrent mark sweep GC freed 3(96B) AllocSpace objects, 0(0B) LOS objects, 22% free, 54MB/70MB, paused 506us total 22.675ms
08-03 23:39:21.086  1752  1845 I art     : Starting a blocking GC Explicit
08-03 23:39:21.107  1752  1845 I art     : Explicit concurrent mark sweep GC freed 3(96B) AllocSpace objects, 0(0B) LOS objects, 22% free, 54MB/70MB, paused 533us total 20.946ms
08-03 23:39:21.115  1752  1845 I art     : Starting a blocking GC Explicit
08-03 23:39:21.138  1752  1845 I art     : Explicit concurrent mark sweep GC freed 3(96B) AllocSpace objects, 0(0B) LOS objects, 22% free, 54MB/70MB, paused 489us total 22.240ms
08-03 23:39:21.422  1752  2234 I art     : Starting a blocking GC Explicit
08-03 23:39:21.451  1752  2234 I art     : Explicit concurrent mark sweep GC freed 1444(84KB) AllocSpace objects, 1(20KB) LOS objects, 22% free, 54MB/70MB, paused 550us total 27.981ms
08-03 23:39:21.460  1752  2234 I art     : Starting a blocking GC Explicit
08-03 23:39:21.487  1752  2234 I art     : Explicit concurrent mark sweep GC freed 20(704B) AllocSpace objects, 0(0B) LOS objects, 22% free, 54MB/70MB, paused 607us total 26.721ms
08-03 23:39:21.497  1752  2234 I art     : Starting a blocking GC Explicit
08-03 23:39:21.522  1752  2234 I art     : Explicit concurrent mark sweep GC freed 3(96B) AllocSpace objects, 0(0B) LOS objects, 22% free, 54MB/70MB, paused 664us total 24.742ms
08-03 23:39:21.531  1752  2234 I art     : Starting a blocking GC Explicit
08-03 23:39:21.554  1752  2234 I art     : Explicit concurrent mark sweep GC freed 19(656B) AllocSpace objects, 0(0B) LOS objects, 22% free, 54MB/70MB, paused 514us total 22.238ms
08-03 23:39:21.563  1752  2234 I art     : Starting a blocking GC Explicit
08-03 23:39:21.586  1752  2234 I art     : Explicit concurrent mark sweep GC freed 3(96B) AllocSpace objects, 0(0B) LOS objects, 22% free, 54MB/70MB, paused 544us total 23.752ms
08-03 23:39:21.763 29081 29081 I ServiceManager: Waiting for service AtCmdFwd...
08-03 23:39:21.882  1752  1765 I art     : Starting a blocking GC Explicit
08-03 23:39:21.917  1752  1765 I art     : Explicit concurrent mark sweep GC freed 1343(78KB) AllocSpace objects, 1(20KB) LOS objects, 22% free, 54MB/70MB, paused 594us total 35.026ms
08-03 23:39:21.931  1752  1765 I art     : Starting a blocking GC Explicit
08-03 23:39:21.957  1752  1765 I art     : Explicit concurrent mark sweep GC freed 20(704B) AllocSpace objects, 0(0B) LOS objects, 22% free, 54MB/70MB, paused 718us total 25.747ms
08-03 23:39:21.967  1752  1765 I art     : Starting a blocking GC Explicit
08-03 23:39:21.992  1752  1765 I art     : Explicit concurrent mark sweep GC freed 3(96B) AllocSpace objects, 0(0B) LOS objects, 22% free, 54MB/70MB, paused 533us total 25.491ms
08-03 23:39:22.002  1752  1765 I art     : Starting a blocking GC Explicit
08-03 23:39:22.028  1752  1765 I art     : Explicit concurrent mark sweep GC freed 3(96B) AllocSpace objects, 0(0B) LOS objects, 22% free, 54MB/70MB, paused 579us total 25.699ms
08-03 23:39:22.037  1752  1765 I art     : Starting a blocking GC Explicit
08-03 23:39:22.063  1752  1765 I art     : Explicit concurrent mark sweep GC freed 3(96B) AllocSpace objects, 0(0B) LOS objects, 22% free, 54MB/70MB, paused 540us total 25.758ms
08-03 23:39:22.361  1752  1845 I art     : Starting a blocking GC Explicit
08-03 23:39:22.394  1752  1845 I art     : Explicit concurrent mark sweep GC freed 1343(78KB) AllocSpace objects, 1(20KB) LOS objects, 22% free, 54MB/70MB, paused 593us total 31.910ms
08-03 23:39:22.410  1752  1845 I art     : Starting a blocking GC Explicit
08-03 23:39:22.434  1752  1845 I art     : Explicit concurrent mark sweep GC freed 20(704B) AllocSpace objects, 0(0B) LOS objects, 22% free, 54MB/70MB, paused 534us total 23.687ms
08-03 23:39:22.443  1752  1845 I art     : Starting a blocking GC Explicit
08-03 23:39:22.467  1752  1845 I art     : Explicit concurrent mark sweep GC freed 3(96B) AllocSpace objects, 0(0B) LOS objects, 22% free, 54MB/70MB, paused 554us total 23.860ms
08-03 23:39:22.476  1752  1845 I art     : Starting a blocking GC Explicit
08-03 23:39:22.500  1752  1845 I art     : Explicit concurrent mark sweep GC freed 3(96B) AllocSpace objects, 0(0B) LOS objects, 22% free, 54MB/70MB, paused 498us total 23.995ms
08-03 23:39:22.509  1752  1845 I art     : Starting a blocking GC Explicit
08-03 23:39:22.535  1752  1845 I art     : Explicit concurrent mark sweep GC freed 3(96B) AllocSpace objects, 0(0B) LOS objects, 22% free, 54MB/70MB, paused 543us total 24.946ms
08-03 23:39:22.763 29081 29081 W Atfwd_Sendcmd: AtCmdFwd service not published, waiting... retryCnt : 4
08-03 23:39:22.842  1752  1763 I art     : Starting a blocking GC Explicit
08-03 23:39:22.867  1752  1763 I art     : Explicit concurrent mark sweep GC freed 1343(78KB) AllocSpace objects, 1(20KB) LOS objects, 22% free, 54MB/70MB, paused 621us total 25.433ms
08-03 23:39:22.877  1752  1763 I art     : Starting a blocking GC Explicit
08-03 23:39:22.902  1752  1763 I art     : Explicit concurrent mark sweep GC freed 38(1376B) AllocSpace objects, 0(0B) LOS objects, 22% free, 54MB/70MB, paused 531us total 25.118ms
08-03 23:39:22.911  1752  1763 I art     : Starting a blocking GC Explicit
08-03 23:39:22.937  1752  1763 I art     : Explicit concurrent mark sweep GC freed 3(96B) AllocSpace objects, 0(0B) LOS objects, 22% free, 54MB/70MB, paused 633us total 25.667ms
08-03 23:39:22.947  1752  1763 I art     : Starting a blocking GC Explicit
08-03 23:39:22.972  1752  1763 I art     : Explicit concurrent mark sweep GC freed 3(96B) AllocSpace objects, 0(0B) LOS objects, 22% free, 54MB/70MB, paused 572us total 25.384ms
08-03 23:39:22.982  1752  1763 I art     : Starting a blocking GC Explicit
08-03 23:39:23.007  1752  1763 I art     : Explicit concurrent mark sweep GC freed 3(96B) AllocSpace objects, 0(0B) LOS objects, 22% free, 54MB/70MB, paused 639us total 24.857ms
08-03 23:39:23.316  1752  2234 I art     : Starting a blocking GC Explicit
08-03 23:39:23.350  1752  2234 I art     : Explicit concurrent mark sweep GC freed 1343(78KB) AllocSpace objects, 1(20KB) LOS objects, 22% free, 54MB/70MB, paused 594us total 32.924ms
08-03 23:39:23.362  1752  2234 I art     : Starting a blocking GC Explicit
08-03 23:39:23.388  1752  2234 I art     : Explicit concurrent mark sweep GC freed 20(704B) AllocSpace objects, 0(0B) LOS objects, 22% free, 54MB/70MB, paused 583us total 25.752ms
08-03 23:39:23.397  1752  2234 I art     : Starting a blocking GC Explicit
08-03 23:39:23.423  1752  2234 I art     : Explicit concurrent mark sweep GC freed 3(96B) AllocSpace objects, 0(0B) LOS objects, 22% free, 54MB/70MB, paused 556us total 25.828ms
08-03 23:39:23.433  1752  2234 I art     : Starting a blocking GC Explicit
08-03 23:39:23.458  1752  2234 I art     : Explicit concurrent mark sweep GC freed 3(96B) AllocSpace objects, 0(0B) LOS objects, 22% free, 54MB/70MB, paused 529us total 25.321ms
08-03 23:39:23.467  1752  2234 I art     : Starting a blocking GC Explicit
08-03 23:39:23.493  1752  2234 I art     : Explicit concurrent mark sweep GC freed 3(96B) AllocSpace objects, 0(0B) LOS objects, 22% free, 54MB/70MB, paused 532us total 24.967ms
08-03 23:39:23.831  1752  1765 I art     : Starting a blocking GC Explicit
08-03 23:39:23.864  1752  1765 I art     : Explicit concurrent mark sweep GC freed 1343(78KB) AllocSpace objects, 1(20KB) LOS objects, 22% free, 54MB/70MB, paused 621us total 32.747ms
08-03 23:39:23.875  1752  1765 I art     : Starting a blocking GC Explicit
08-03 23:39:23.901  1752  1765 I art     : Explicit concurrent mark sweep GC freed 20(704B) AllocSpace objects, 0(0B) LOS objects, 22% free, 54MB/70MB, paused 548us total 25.671ms
08-03 23:39:23.910  1752  1765 I art     : Starting a blocking GC Explicit
08-03 23:39:23.935  1752  1765 I art     : Explicit concurrent mark sweep GC freed 3(96B) AllocSpace objects, 0(0B) LOS objects, 22% free, 54MB/70MB, paused 526us total 24.801ms
08-03 23:39:23.945  1752  1765 I art     : Starting a blocking GC Explicit
08-03 23:39:23.970  1752  1765 I art     : Explicit concurrent mark sweep GC freed 3(96B) AllocSpace objects, 0(0B) LOS objects, 22% free, 54MB/70MB, paused 615us total 25.403ms
08-03 23:39:23.980  1752  1765 I art     : Starting a blocking GC Explicit
08-03 23:39:24.006  1752  1765 I art     : Explicit concurrent mark sweep GC freed 3(96B) AllocSpace objects, 0(0B) LOS objects, 22% free, 54MB/70MB, paused 554us total 25.662ms
08-03 23:39:24.332  1752  1845 I art     : Starting a blocking GC Explicit
08-03 23:39:24.363  1752  1845 I art     : Explicit concurrent mark sweep GC freed 1343(78KB) AllocSpace objects, 1(20KB) LOS objects, 22% free, 54MB/70MB, paused 586us total 31.126ms
08-03 23:39:24.376  1752  1845 I art     : Starting a blocking GC Explicit
08-03 23:39:24.402  1752  1845 I art     : Explicit concurrent mark sweep GC freed 20(704B) AllocSpace objects, 0(0B) LOS objects, 22% free, 54MB/70MB, paused 538us total 25.769ms
08-03 23:39:24.411  1752  1845 I art     : Starting a blocking GC Explicit
08-03 23:39:24.437  1752  1845 I art     : Explicit concurrent mark sweep GC freed 3(96B) AllocSpace objects, 0(0B) LOS objects, 22% free, 54MB/70MB, paused 630us total 25.326ms
08-03 23:39:24.446  1752  1845 I art     : Starting a blocking GC Explicit
08-03 23:39:24.472  1752  1845 I art     : Explicit concurrent mark sweep GC freed 3(96B) AllocSpace objects, 0(0B) LOS objects, 22% free, 54MB/70MB, paused 538us total 25.594ms
08-03 23:39:24.482  1752  1845 I art     : Starting a blocking GC Explicit
08-03 23:39:24.508  1752  1845 I art     : Explicit concurrent mark sweep GC freed 3(96B) AllocSpace objects, 0(0B) LOS objects, 22% free, 54MB/70MB, paused 573us total 25.718ms
08-03 23:39:24.836  1752  3375 I art     : Starting a blocking GC Explicit
08-03 23:39:24.873  1752  3375 I art     : Explicit concurrent mark sweep GC freed 1343(78KB) AllocSpace objects, 1(20KB) LOS objects, 22% free, 54MB/70MB, paused 644us total 36.679ms
08-03 23:39:24.887  1752  3375 I art     : Starting a blocking GC Explicit
08-03 23:39:24.912  1752  3375 I art     : Explicit concurrent mark sweep GC freed 20(704B) AllocSpace objects, 0(0B) LOS objects, 22% free, 54MB/70MB, paused 521us total 24.343ms
08-03 23:39:24.921  1752  3375 I art     : Starting a blocking GC Explicit
08-03 23:39:24.945  1752  3375 I art     : Explicit concurrent mark sweep GC freed 3(96B) AllocSpace objects, 0(0B) LOS objects, 22% free, 54MB/70MB, paused 516us total 23.649ms
08-03 23:39:24.954  1752  3375 I art     : Starting a blocking GC Explicit
08-03 23:39:24.979  1752  3375 I art     : Explicit concurrent mark sweep GC freed 3(96B) AllocSpace objects, 0(0B) LOS objects, 22% free, 54MB/70MB, paused 503us total 24.358ms
08-03 23:39:24.988  1752  3375 I art     : Starting a blocking GC Explicit
08-03 23:39:25.012  1752  3375 I art     : Explicit concurrent mark sweep GC freed 3(96B) AllocSpace objects, 0(0B) LOS objects, 22% free, 54MB/70MB, paused 533us total 23.799ms
08-03 23:39:25.308  1752  1763 I art     : Starting a blocking GC Explicit
08-03 23:39:25.339  1752  1763 I art     : Explicit concurrent mark sweep GC freed 1343(78KB) AllocSpace objects, 1(20KB) LOS objects, 22% free, 54MB/70MB, paused 685us total 29.737ms
08-03 23:39:25.351  1752  1763 I art     : Starting a blocking GC Explicit
08-03 23:39:25.372  5709  5709 D AndroidRuntime: >>>>>> START com.android.internal.os.RuntimeInit uid 2000 <<<<<<
08-03 23:39:25.376  1752  1763 I art     : Explicit concurrent mark sweep GC freed 20(704B) AllocSpace objects, 0(0B) LOS objects, 22% free, 54MB/70MB, paused 569us total 24.430ms
08-03 23:39:25.377  5709  5709 D AndroidRuntime: CheckJNI is OFF
08-03 23:39:25.386  1752  1763 I art     : Starting a blocking GC Explicit
08-03 23:39:25.409  1752  1763 I art     : Explicit concurrent mark sweep GC freed 3(96B) AllocSpace objects, 0(0B) LOS objects, 22% free, 54MB/70MB, paused 560us total 23.314ms
08-03 23:39:25.412  5709  5709 D ICU     : No timezone override file found: /data/misc/zoneinfo/current/icu/icu_tzdata.dat
08-03 23:39:25.418  1752  1763 I art     : Starting a blocking GC Explicit
08-03 23:39:25.442  1752  1763 I art     : Explicit concurrent mark sweep GC freed 3(96B) AllocSpace objects, 0(0B) LOS objects, 22% free, 54MB/70MB, paused 568us total 23.966ms
08-03 23:39:25.447  5709  5709 I Radio-JNI: register_android_hardware_Radio DONE
08-03 23:39:25.451  1752  1763 I art     : Starting a blocking GC Explicit
08-03 23:39:25.470  5709  5709 D AndroidRuntime: Calling main entry com.android.commands.input.Input
08-03 23:39:25.472  5709  5709 I Input   : injectKeyEvent: KeyEvent { action=ACTION_DOWN, keyCode=KEYCODE_BACK, scanCode=0, metaState=0, flags=0x0, repeatCount=0, eventTime=661181885, downTime=661181885, deviceId=-1, source=0x101 }
08-03 23:39:25.475  1752  1763 I art     : Explicit concurrent mark sweep GC freed 3(96B) AllocSpace objects, 0(0B) LOS objects, 22% free, 54MB/70MB, paused 495us total 23.435ms
08-03 23:39:25.477  5709  5709 I Input   : injectKeyEvent: KeyEvent { action=ACTION_UP, keyCode=KEYCODE_BACK, scanCode=0, metaState=0, flags=0x0, repeatCount=0, eventTime=661181885, downTime=661181885, deviceId=-1, source=0x101 }
08-03 23:39:25.483  5709  5709 D AndroidRuntime: Shutting down VM
08-03 23:39:25.498   918   937 W ProcessCpuTracker: Skipping unknown process pid 5718
08-03 23:39:25.498   918   937 W ProcessCpuTracker: Skipping unknown process pid 5720
08-03 23:39:25.498   918   937 W ProcessCpuTracker: Skipping unknown process pid 5721
08-03 23:39:25.536 13866 13866 I GoogleInputMethodServic: GoogleInputMethodService.onFinishInput():3138 
08-03 23:39:25.537 13866 13866 I GoogleInputMethodServic: GoogleInputMethodService.onStartInput():1808 
08-03 23:39:25.728  1752  3375 I art     : Starting a blocking GC Explicit
08-03 23:39:25.760  1752  3375 I art     : Explicit concurrent mark sweep GC freed 1525(86KB) AllocSpace objects, 1(20KB) LOS objects, 22% free, 54MB/70MB, paused 598us total 31.527ms
08-03 23:39:25.770  1752  3375 I art     : Starting a blocking GC Explicit
08-03 23:39:25.799  1752  3375 I art     : Explicit concurrent mark sweep GC freed 26(944B) AllocSpace objects, 0(0B) LOS objects, 22% free, 54MB/70MB, paused 488us total 29.169ms
08-03 23:39:25.813  1752  3375 I art     : Starting a blocking GC Explicit
08-03 23:39:25.840  1752  3375 I art     : Explicit concurrent mark sweep GC freed 3(96B) AllocSpace objects, 0(0B) LOS objects, 22% free, 54MB/70MB, paused 483us total 27.515ms
08-03 23:39:25.849   380   380 W SurfaceFlinger: couldn't log to binary event log: overflow.
08-03 23:39:25.850  1752  3375 I art     : Starting a blocking GC Explicit
08-03 23:39:25.873  1752  3375 I art     : Explicit concurrent mark sweep GC freed 109(8KB) AllocSpace objects, 0(0B) LOS objects, 22% free, 54MB/70MB, paused 470us total 23.029ms
08-03 23:39:25.881  1752  3375 I art     : Starting a blocking GC Explicit
08-03 23:39:25.904  1752  3375 I art     : Explicit concurrent mark sweep GC freed 116(6KB) AllocSpace objects, 0(0B) LOS objects, 22% free, 54MB/70MB, paused 524us total 22.432ms
08-03 23:39:26.193  1752  2234 I art     : Starting a blocking GC Explicit
08-03 23:39:26.227  1752  2234 I art     : Explicit concurrent mark sweep GC freed 2884(180KB) AllocSpace objects, 4(200KB) LOS objects, 22% free, 53MB/69MB, paused 587us total 33.520ms
08-03 23:39:26.238  1752  2234 I art     : Starting a blocking GC Explicit
08-03 23:39:26.263  1752  2234 I art     : Explicit concurrent mark sweep GC freed 20(704B) AllocSpace objects, 0(0B) LOS objects, 22% free, 53MB/69MB, paused 515us total 24.615ms
08-03 23:39:26.272  1752  2234 I art     : Starting a blocking GC Explicit
08-03 23:39:26.297  1752  2234 I art     : Explicit concurrent mark sweep GC freed 3(96B) AllocSpace objects, 0(0B) LOS objects, 22% free, 53MB/69MB, paused 593us total 24.114ms
08-03 23:39:26.306  1752  2234 I art     : Starting a blocking GC Explicit
08-03 23:39:26.331  1752  2234 I art     : Explicit concurrent mark sweep GC freed 3(96B) AllocSpace objects, 0(0B) LOS objects, 22% free, 53MB/69MB, paused 540us total 24.448ms
08-03 23:39:26.340  1752  2234 I art     : Starting a blocking GC Explicit
08-03 23:39:26.365  1752  2234 I art     : Explicit concurrent mark sweep GC freed 3(96B) AllocSpace objects, 0(0B) LOS objects, 22% free, 53MB/69MB, paused 528us total 24.801ms
08-03 23:39:26.652  1752  1765 I art     : Starting a blocking GC Explicit
08-03 23:39:26.681  1752  1765 I art     : Explicit concurrent mark sweep GC freed 1343(78KB) AllocSpace objects, 1(20KB) LOS objects, 22% free, 53MB/69MB, paused 637us total 28.418ms
08-03 23:39:26.693  1752  1765 I art     : Starting a blocking GC Explicit
08-03 23:39:26.716  1752  1765 I art     : Explicit concurrent mark sweep GC freed 20(704B) AllocSpace objects, 0(0B) LOS objects, 22% free, 53MB/69MB, paused 509us total 23.371ms
08-03 23:39:26.726  1752  1765 I art     : Starting a blocking GC Explicit
08-03 23:39:26.749  1752  1765 I art     : Explicit concurrent mark sweep GC freed 3(96B) AllocSpace objects, 0(0B) LOS objects, 22% free, 53MB/69MB, paused 537us total 22.938ms
08-03 23:39:26.758  1752  1765 I art     : Starting a blocking GC Explicit
08-03 23:39:26.781  1752  1765 I art     : Explicit concurrent mark sweep GC freed 3(96B) AllocSpace objects, 0(0B) LOS objects, 22% free, 53MB/69MB, paused 545us total 23.198ms
08-03 23:39:26.790  1752  1765 I art     : Starting a blocking GC Explicit
08-03 23:39:26.813  1752  1765 I art     : Explicit concurrent mark sweep GC freed 3(96B) AllocSpace objects, 0(0B) LOS objects, 22% free, 53MB/69MB, paused 537us total 22.813ms
08-03 23:39:27.092  1752  1763 I art     : Starting a blocking GC Explicit
08-03 23:39:27.122  1752  1763 I art     : Explicit concurrent mark sweep GC freed 1343(78KB) AllocSpace objects, 1(20KB) LOS objects, 22% free, 53MB/69MB, paused 625us total 29.360ms
08-03 23:39:27.132  1752  1763 I art     : Starting a blocking GC Explicit
08-03 23:39:27.133  5763  5763 D AndroidRuntime: >>>>>> START com.android.internal.os.RuntimeInit uid 2000 <<<<<<
08-03 23:39:27.137  5763  5763 D AndroidRuntime: CheckJNI is OFF
08-03 23:39:27.153  1752  1763 I art     : Explicit concurrent mark sweep GC freed 20(704B) AllocSpace objects, 0(0B) LOS objects, 22% free, 53MB/69MB, paused 510us total 21.547ms
08-03 23:39:27.161  1752  1763 I art     : Starting a blocking GC Explicit
08-03 23:39:27.171  5763  5763 D ICU     : No timezone override file found: /data/misc/zoneinfo/current/icu/icu_tzdata.dat
08-03 23:39:27.184  1752  1763 I art     : Explicit concurrent mark sweep GC freed 3(96B) AllocSpace objects, 0(0B) LOS objects, 22% free, 53MB/69MB, paused 535us total 22.093ms
08-03 23:39:27.192  1752  1763 I art     : Starting a blocking GC Explicit
08-03 23:39:27.204  5763  5763 I Radio-JNI: register_android_hardware_Radio DONE
08-03 23:39:27.215  1752  1763 I art     : Explicit concurrent mark sweep GC freed 3(96B) AllocSpace objects, 0(0B) LOS objects, 22% free, 53MB/69MB, paused 540us total 22.604ms
08-03 23:39:27.224  1752  1763 I art     : Starting a blocking GC Explicit
08-03 23:39:27.226  5763  5763 D AndroidRuntime: Calling main entry com.android.commands.input.Input
08-03 23:39:27.228  5763  5763 I Input   : injectMotionEvent: MotionEvent { action=ACTION_DOWN, actionButton=0, id[0]=0, x[0]=369.0, y[0]=554.0, toolType[0]=TOOL_TYPE_UNKNOWN, buttonState=0, metaState=0, flags=0x0, edgeFlags=0x0, pointerCount=1, historySize=0, eventTime=661183641, downTime=661183641, deviceId=0, source=0x1002 }
08-03 23:39:27.233  5763  5763 I Input   : injectMotionEvent: MotionEvent { action=ACTION_UP, actionButton=0, id[0]=0, x[0]=369.0, y[0]=554.0, toolType[0]=TOOL_TYPE_UNKNOWN, buttonState=0, metaState=0, flags=0x0, edgeFlags=0x0, pointerCount=1, historySize=0, eventTime=661183641, downTime=661183641, deviceId=0, source=0x1002 }
08-03 23:39:27.234   918  3714 I ActivityManager: START u0 {cmp=baseline.appteam.nith.hillffair/.activities.ClubActivity (has extras)} from uid 10651 on display 0
08-03 23:39:27.240  5763  5763 D AndroidRuntime: Shutting down VM
08-03 23:39:27.247  1752  1763 I art     : Explicit concurrent mark sweep GC freed 28(896B) AllocSpace objects, 0(0B) LOS objects, 22% free, 53MB/69MB, paused 585us total 21.891ms
08-03 23:39:27.339  1752  1752 I NAPPA_EXPERIMENTATION: MetricNetworkRequestExecutionTime: REQUEST_DURATION_SYSTEM='64',REQUEST_DURATION_OKHTTP='28',REQUEST_SYNCHRONOUS='FALSE',RESPONSE_CODE='200',RESPONSE_METHOD='GET',RESPONSE_LENGTH_OKHTTP='979',RESPONSE_LENGTH_HEADER='-2',REQUEST_PROTOCOL='http/1.1',REQUEST_URL='https://api-hillfair-2k16.herokuapp.com/api/app/club/PR%20Club',
08-03 23:39:27.346   918   936 I ActivityManager: Displayed baseline.appteam.nith.hillffair/.activities.ClubActivity: +105ms
08-03 23:39:27.346 13866 13866 I GoogleInputMethodServic: GoogleInputMethodService.onFinishInput():3138 
08-03 23:39:27.347 13866 13866 I GoogleInputMethodServic: GoogleInputMethodService.onStartInput():1808 
08-03 23:39:27.501  1752  1763 I art     : Starting a blocking GC Explicit
08-03 23:39:27.530  1752  1763 I art     : Explicit concurrent mark sweep GC freed 5727(412KB) AllocSpace objects, 1(20KB) LOS objects, 22% free, 54MB/70MB, paused 510us total 29.056ms
08-03 23:39:27.541  1752  1763 I art     : Starting a blocking GC Explicit
08-03 23:39:27.564  1752  1763 I art     : Explicit concurrent mark sweep GC freed 278(12KB) AllocSpace objects, 0(0B) LOS objects, 22% free, 54MB/70MB, paused 529us total 22.610ms
08-03 23:39:27.574  1752  1763 I art     : Starting a blocking GC Explicit
08-03 23:39:27.597  1752  1763 I art     : Explicit concurrent mark sweep GC freed 3(96B) AllocSpace objects, 0(0B) LOS objects, 22% free, 54MB/70MB, paused 501us total 22.771ms
08-03 23:39:27.601   380   380 W SurfaceFlinger: couldn't log to binary event log: overflow.
08-03 23:39:27.606  1752  1763 I art     : Starting a blocking GC Explicit
08-03 23:39:27.628  1752  1763 I art     : Explicit concurrent mark sweep GC freed 3(96B) AllocSpace objects, 0(0B) LOS objects, 22% free, 54MB/70MB, paused 502us total 21.275ms
08-03 23:39:27.636  1752  1763 I art     : Starting a blocking GC Explicit
08-03 23:39:27.657  1752  1763 I art     : Explicit concurrent mark sweep GC freed 3(96B) AllocSpace objects, 0(0B) LOS objects, 22% free, 54MB/70MB, paused 544us total 20.622ms
08-03 23:39:27.943  1752  3375 I art     : Starting a blocking GC Explicit
08-03 23:39:27.975  1752  3375 I art     : Explicit concurrent mark sweep GC freed 1443(84KB) AllocSpace objects, 1(20KB) LOS objects, 22% free, 54MB/70MB, paused 585us total 31.779ms
08-03 23:39:27.987  1752  3375 I art     : Starting a blocking GC Explicit
08-03 23:39:28.013  1752  3375 I art     : Explicit concurrent mark sweep GC freed 36(1264B) AllocSpace objects, 0(0B) LOS objects, 22% free, 54MB/70MB, paused 621us total 25.475ms
08-03 23:39:28.022  1752  3375 I art     : Starting a blocking GC Explicit
08-03 23:39:28.048  1752  3375 I art     : Explicit concurrent mark sweep GC freed 3(96B) AllocSpace objects, 0(0B) LOS objects, 22% free, 54MB/70MB, paused 585us total 25.363ms
08-03 23:39:28.057  1752  3375 I art     : Starting a blocking GC Explicit
08-03 23:39:28.082  1752  3375 I art     : Explicit concurrent mark sweep GC freed 3(96B) AllocSpace objects, 0(0B) LOS objects, 22% free, 54MB/70MB, paused 548us total 25.343ms
08-03 23:39:28.092  1752  3375 I art     : Starting a blocking GC Explicit
08-03 23:39:28.118  1752  3375 I art     : Explicit concurrent mark sweep GC freed 3(96B) AllocSpace objects, 0(0B) LOS objects, 22% free, 54MB/70MB, paused 581us total 25.445ms
08-03 23:39:28.412  1752  1765 I art     : Starting a blocking GC Explicit
08-03 23:39:28.449  1752  1765 I art     : Explicit concurrent mark sweep GC freed 1343(78KB) AllocSpace objects, 1(20KB) LOS objects, 22% free, 54MB/70MB, paused 606us total 36.733ms
08-03 23:39:28.462  1752  1765 I art     : Starting a blocking GC Explicit
08-03 23:39:28.489  1752  1765 I art     : Explicit concurrent mark sweep GC freed 20(704B) AllocSpace objects, 0(0B) LOS objects, 22% free, 54MB/70MB, paused 568us total 25.985ms
08-03 23:39:28.498  1752  1765 I art     : Starting a blocking GC Explicit
08-03 23:39:28.523  1752  1765 I art     : Explicit concurrent mark sweep GC freed 3(96B) AllocSpace objects, 0(0B) LOS objects, 22% free, 54MB/70MB, paused 561us total 25.158ms
08-03 23:39:28.533  1752  1765 I art     : Starting a blocking GC Explicit
08-03 23:39:28.559  1752  1765 I art     : Explicit concurrent mark sweep GC freed 3(96B) AllocSpace objects, 0(0B) LOS objects, 22% free, 54MB/70MB, paused 565us total 25.743ms
08-03 23:39:28.568  1752  1765 I art     : Starting a blocking GC Explicit
08-03 23:39:28.593  1752  1765 I art     : Explicit concurrent mark sweep GC freed 3(96B) AllocSpace objects, 0(0B) LOS objects, 22% free, 54MB/70MB, paused 566us total 24.685ms
08-03 23:39:28.893  1752  1763 I art     : Starting a blocking GC Explicit
08-03 23:39:28.928  1752  1763 I art     : Explicit concurrent mark sweep GC freed 1343(78KB) AllocSpace objects, 1(20KB) LOS objects, 22% free, 54MB/70MB, paused 561us total 35.143ms
08-03 23:39:28.938  1752  1763 I art     : Starting a blocking GC Explicit
08-03 23:39:28.964  1752  1763 I art     : Explicit concurrent mark sweep GC freed 20(704B) AllocSpace objects, 0(0B) LOS objects, 22% free, 54MB/70MB, paused 547us total 25.440ms
08-03 23:39:28.973  1752  1763 I art     : Starting a blocking GC Explicit
08-03 23:39:28.998  1752  1763 I art     : Explicit concurrent mark sweep GC freed 3(96B) AllocSpace objects, 0(0B) LOS objects, 22% free, 54MB/70MB, paused 551us total 24.957ms
08-03 23:39:29.007  1752  1763 I art     : Starting a blocking GC Explicit
08-03 23:39:29.033  1752  1763 I art     : Explicit concurrent mark sweep GC freed 3(96B) AllocSpace objects, 0(0B) LOS objects, 22% free, 54MB/70MB, paused 554us total 25.253ms
08-03 23:39:29.042  1752  1763 I art     : Starting a blocking GC Explicit
08-03 23:39:29.068  1752  1763 I art     : Explicit concurrent mark sweep GC freed 3(96B) AllocSpace objects, 0(0B) LOS objects, 22% free, 54MB/70MB, paused 595us total 24.891ms
08-03 23:39:29.383  1752  2234 I art     : Starting a blocking GC Explicit
08-03 23:39:29.420  1752  2234 I art     : Explicit concurrent mark sweep GC freed 1343(78KB) AllocSpace objects, 1(20KB) LOS objects, 22% free, 54MB/70MB, paused 560us total 36.359ms
08-03 23:39:29.433  1752  2234 I art     : Starting a blocking GC Explicit
08-03 23:39:29.460  1752  2234 I art     : Explicit concurrent mark sweep GC freed 20(704B) AllocSpace objects, 0(0B) LOS objects, 22% free, 54MB/70MB, paused 556us total 26.428ms
08-03 23:39:29.469  1752  2234 I art     : Starting a blocking GC Explicit
08-03 23:39:29.494  1752  2234 I art     : Explicit concurrent mark sweep GC freed 3(96B) AllocSpace objects, 0(0B) LOS objects, 22% free, 54MB/70MB, paused 541us total 25.178ms
08-03 23:39:29.504  1752  2234 I art     : Starting a blocking GC Explicit
08-03 23:39:29.529  1752  2234 I art     : Explicit concurrent mark sweep GC freed 3(96B) AllocSpace objects, 0(0B) LOS objects, 22% free, 54MB/70MB, paused 556us total 25.064ms
08-03 23:39:29.538  1752  2234 I art     : Starting a blocking GC Explicit
08-03 23:39:29.564  1752  2234 I art     : Explicit concurrent mark sweep GC freed 3(96B) AllocSpace objects, 0(0B) LOS objects, 22% free, 54MB/70MB, paused 541us total 25.053ms
08-03 23:39:29.888  1752  1845 I art     : Starting a blocking GC Explicit
08-03 23:39:29.918  1752  1845 I art     : Explicit concurrent mark sweep GC freed 1343(78KB) AllocSpace objects, 1(20KB) LOS objects, 22% free, 54MB/70MB, paused 626us total 30.167ms
08-03 23:39:29.930  1752  1845 I art     : Starting a blocking GC Explicit
08-03 23:39:29.956  1752  1845 I art     : Explicit concurrent mark sweep GC freed 20(704B) AllocSpace objects, 0(0B) LOS objects, 22% free, 54MB/70MB, paused 564us total 25.917ms
08-03 23:39:29.966  1752  1845 I art     : Starting a blocking GC Explicit
08-03 23:39:29.991  1752  1845 I art     : Explicit concurrent mark sweep GC freed 3(96B) AllocSpace objects, 0(0B) LOS objects, 22% free, 54MB/70MB, paused 548us total 24.863ms
08-03 23:39:30.000  1752  1845 I art     : Starting a blocking GC Explicit
08-03 23:39:30.026  1752  1845 I art     : Explicit concurrent mark sweep GC freed 3(96B) AllocSpace objects, 0(0B) LOS objects, 22% free, 54MB/70MB, paused 531us total 25.356ms
08-03 23:39:30.035  1752  1845 I art     : Starting a blocking GC Explicit
08-03 23:39:30.061  1752  1845 I art     : Explicit concurrent mark sweep GC freed 3(96B) AllocSpace objects, 0(0B) LOS objects, 22% free, 54MB/70MB, paused 567us total 25.825ms
08-03 23:39:30.406  1752  3375 I art     : Starting a blocking GC Explicit
08-03 23:39:30.441  1752  3375 I art     : Explicit concurrent mark sweep GC freed 1343(78KB) AllocSpace objects, 1(20KB) LOS objects, 22% free, 54MB/70MB, paused 642us total 35.110ms
08-03 23:39:30.452  1752  3375 I art     : Starting a blocking GC Explicit
08-03 23:39:30.478  1752  3375 I art     : Explicit concurrent mark sweep GC freed 20(704B) AllocSpace objects, 0(0B) LOS objects, 22% free, 54MB/70MB, paused 578us total 25.174ms
08-03 23:39:30.487  1752  3375 I art     : Starting a blocking GC Explicit
08-03 23:39:30.512  1752  3375 I art     : Explicit concurrent mark sweep GC freed 3(96B) AllocSpace objects, 0(0B) LOS objects, 22% free, 54MB/70MB, paused 552us total 25.091ms
08-03 23:39:30.522  1752  3375 I art     : Starting a blocking GC Explicit
08-03 23:39:30.547  1752  3375 I art     : Explicit concurrent mark sweep GC freed 3(96B) AllocSpace objects, 0(0B) LOS objects, 22% free, 54MB/70MB, paused 652us total 25.414ms
08-03 23:39:30.557  1752  3375 I art     : Starting a blocking GC Explicit
08-03 23:39:30.582  1752  3375 I art     : Explicit concurrent mark sweep GC freed 3(96B) AllocSpace objects, 0(0B) LOS objects, 22% free, 54MB/70MB, paused 554us total 25.468ms
08-03 23:39:30.892  1752  1765 I art     : Starting a blocking GC Explicit
08-03 23:39:30.921  1752  1765 I art     : Explicit concurrent mark sweep GC freed 1343(78KB) AllocSpace objects, 1(20KB) LOS objects, 22% free, 54MB/70MB, paused 601us total 28.990ms
08-03 23:39:30.933  1752  1765 I art     : Starting a blocking GC Explicit
08-03 23:39:30.959  1752  1765 I art     : Explicit concurrent mark sweep GC freed 20(704B) AllocSpace objects, 0(0B) LOS objects, 22% free, 54MB/70MB, paused 569us total 25.801ms
08-03 23:39:30.969  1752  1765 I art     : Starting a blocking GC Explicit
08-03 23:39:30.994  1752  1765 I art     : Explicit concurrent mark sweep GC freed 3(96B) AllocSpace objects, 0(0B) LOS objects, 22% free, 54MB/70MB, paused 555us total 25.476ms
08-03 23:39:31.004  1752  1765 I art     : Starting a blocking GC Explicit
08-03 23:39:31.029  1752  1765 I art     : Explicit concurrent mark sweep GC freed 3(96B) AllocSpace objects, 0(0B) LOS objects, 22% free, 54MB/70MB, paused 550us total 25.250ms
08-03 23:39:31.039  1752  1765 I art     : Starting a blocking GC Explicit
08-03 23:39:31.065  1752  1765 I art     : Explicit concurrent mark sweep GC freed 3(96B) AllocSpace objects, 0(0B) LOS objects, 22% free, 54MB/70MB, paused 557us total 25.940ms
08-03 23:39:31.394  1752  1763 I art     : Starting a blocking GC Explicit
08-03 23:39:31.432  1752  1763 I art     : Explicit concurrent mark sweep GC freed 1343(78KB) AllocSpace objects, 1(20KB) LOS objects, 22% free, 54MB/70MB, paused 639us total 37.629ms
08-03 23:39:31.447  1752  1763 I art     : Starting a blocking GC Explicit
08-03 23:39:31.473  1752  1763 I art     : Explicit concurrent mark sweep GC freed 20(704B) AllocSpace objects, 0(0B) LOS objects, 22% free, 54MB/70MB, paused 532us total 25.121ms
08-03 23:39:31.482  1752  1763 I art     : Starting a blocking GC Explicit
08-03 23:39:31.505  1752  1763 I art     : Explicit concurrent mark sweep GC freed 3(96B) AllocSpace objects, 0(0B) LOS objects, 22% free, 54MB/70MB, paused 516us total 23.281ms
08-03 23:39:31.515  1752  1763 I art     : Starting a blocking GC Explicit
08-03 23:39:31.538  1752  1763 I art     : Explicit concurrent mark sweep GC freed 3(96B) AllocSpace objects, 0(0B) LOS objects, 22% free, 54MB/70MB, paused 566us total 23.377ms
08-03 23:39:31.547  1752  1763 I art     : Starting a blocking GC Explicit
08-03 23:39:31.571  1752  1763 I art     : Explicit concurrent mark sweep GC freed 3(96B) AllocSpace objects, 0(0B) LOS objects, 22% free, 54MB/70MB, paused 543us total 23.754ms
08-03 23:39:31.880  1752  2234 I art     : Starting a blocking GC Explicit
08-03 23:39:31.901  5878  5878 D AndroidRuntime: >>>>>> START com.android.internal.os.RuntimeInit uid 2000 <<<<<<
08-03 23:39:31.905  1752  2234 I art     : Explicit concurrent mark sweep GC freed 1343(78KB) AllocSpace objects, 1(20KB) LOS objects, 22% free, 54MB/70MB, paused 563us total 25.490ms
08-03 23:39:31.906  5878  5878 D AndroidRuntime: CheckJNI is OFF
08-03 23:39:31.915  1752  2234 I art     : Starting a blocking GC Explicit
08-03 23:39:31.937  1752  2234 I art     : Explicit concurrent mark sweep GC freed 20(704B) AllocSpace objects, 0(0B) LOS objects, 22% free, 54MB/70MB, paused 626us total 22.119ms
08-03 23:39:31.939  5878  5878 D ICU     : No timezone override file found: /data/misc/zoneinfo/current/icu/icu_tzdata.dat
08-03 23:39:31.945  1752  2234 I art     : Starting a blocking GC Explicit
08-03 23:39:31.968  1752  2234 I art     : Explicit concurrent mark sweep GC freed 3(96B) AllocSpace objects, 0(0B) LOS objects, 22% free, 54MB/70MB, paused 1.019ms total 22.698ms
08-03 23:39:31.974  5878  5878 I Radio-JNI: register_android_hardware_Radio DONE
08-03 23:39:31.977  1752  2234 I art     : Starting a blocking GC Explicit
08-03 23:39:31.996  5878  5878 D AndroidRuntime: Calling main entry com.android.commands.input.Input
08-03 23:39:31.998  5878  5878 I Input   : injectKeyEvent: KeyEvent { action=ACTION_DOWN, keyCode=KEYCODE_BACK, scanCode=0, metaState=0, flags=0x0, repeatCount=0, eventTime=661188411, downTime=661188411, deviceId=-1, source=0x101 }
08-03 23:39:32.001  1752  2234 I art     : Explicit concurrent mark sweep GC freed 3(96B) AllocSpace objects, 0(0B) LOS objects, 22% free, 54MB/70MB, paused 587us total 23.761ms
08-03 23:39:32.005  5878  5878 I Input   : injectKeyEvent: KeyEvent { action=ACTION_UP, keyCode=KEYCODE_BACK, scanCode=0, metaState=0, flags=0x0, repeatCount=0, eventTime=661188411, downTime=661188411, deviceId=-1, source=0x101 }
08-03 23:39:32.010  1752  2234 I art     : Starting a blocking GC Explicit
08-03 23:39:32.012  5878  5878 D AndroidRuntime: Shutting down VM
08-03 23:39:32.032  1752  2234 I art     : Explicit concurrent mark sweep GC freed 146(6KB) AllocSpace objects, 0(0B) LOS objects, 22% free, 54MB/70MB, paused 520us total 22.293ms
08-03 23:39:32.051 13866 13866 I GoogleInputMethodServic: GoogleInputMethodService.onFinishInput():3138 
08-03 23:39:32.052 13866 13866 I GoogleInputMethodServic: GoogleInputMethodService.onStartInput():1808 
08-03 23:39:32.277  1752  2234 I art     : Starting a blocking GC Explicit
08-03 23:39:32.300  1752  2234 I art     : Explicit concurrent mark sweep GC freed 1382(79KB) AllocSpace objects, 1(20KB) LOS objects, 22% free, 54MB/70MB, paused 514us total 22.303ms
08-03 23:39:32.309  1752  2234 I art     : Starting a blocking GC Explicit
08-03 23:39:32.330  1752  2234 I art     : Explicit concurrent mark sweep GC freed 26(944B) AllocSpace objects, 0(0B) LOS objects, 22% free, 54MB/70MB, paused 476us total 21.145ms
08-03 23:39:32.340  1752  2234 I art     : Starting a blocking GC Explicit
08-03 23:39:32.356   380   380 W SurfaceFlinger: couldn't log to binary event log: overflow.
08-03 23:39:32.364  1752  2234 I art     : Explicit concurrent mark sweep GC freed 94(7KB) AllocSpace objects, 0(0B) LOS objects, 22% free, 54MB/70MB, paused 500us total 23.349ms
08-03 23:39:32.373  1752  2234 I art     : Starting a blocking GC Explicit
08-03 23:39:32.397  1752  2234 I art     : Explicit concurrent mark sweep GC freed 21(912B) AllocSpace objects, 0(0B) LOS objects, 22% free, 54MB/70MB, paused 670us total 23.831ms
08-03 23:39:32.406  1752  2234 I art     : Starting a blocking GC Explicit
08-03 23:39:32.428  1752  2234 I art     : Explicit concurrent mark sweep GC freed 1654(107KB) AllocSpace objects, 3(184KB) LOS objects, 22% free, 53MB/69MB, paused 536us total 22.141ms
08-03 23:39:32.618   918  3261 D WifiStateMachine: starting scan for "H369AA63323"WPA_PSK with 2412,5180
08-03 23:39:32.727  1752  1763 I art     : Starting a blocking GC Explicit
08-03 23:39:32.758  1752  1763 I art     : Explicit concurrent mark sweep GC freed 1343(78KB) AllocSpace objects, 1(20KB) LOS objects, 22% free, 53MB/69MB, paused 633us total 31.282ms
08-03 23:39:32.771  1752  1763 I art     : Starting a blocking GC Explicit
08-03 23:39:32.796  1752  1763 I art     : Explicit concurrent mark sweep GC freed 20(704B) AllocSpace objects, 0(0B) LOS objects, 22% free, 53MB/69MB, paused 546us total 24.579ms
08-03 23:39:32.805  1752  1763 I art     : Starting a blocking GC Explicit
08-03 23:39:32.830  1752  1763 I art     : Explicit concurrent mark sweep GC freed 3(96B) AllocSpace objects, 0(0B) LOS objects, 22% free, 53MB/69MB, paused 551us total 24.513ms
08-03 23:39:32.839  1752  1763 I art     : Starting a blocking GC Explicit
08-03 23:39:32.864  1752  1763 I art     : Explicit concurrent mark sweep GC freed 3(96B) AllocSpace objects, 0(0B) LOS objects, 22% free, 53MB/69MB, paused 540us total 24.085ms
08-03 23:39:32.873  1752  1763 I art     : Starting a blocking GC Explicit
08-03 23:39:32.898  1752  1763 I art     : Explicit concurrent mark sweep GC freed 3(96B) AllocSpace objects, 0(0B) LOS objects, 22% free, 53MB/69MB, paused 589us total 24.443ms
08-03 23:39:33.183  1752  1845 I art     : Starting a blocking GC Explicit
08-03 23:39:33.213  1752  1845 I art     : Explicit concurrent mark sweep GC freed 1343(78KB) AllocSpace objects, 1(20KB) LOS objects, 22% free, 53MB/69MB, paused 578us total 29.767ms
08-03 23:39:33.222  1752  1845 I art     : Starting a blocking GC Explicit
08-03 23:39:33.246  1752  1845 I art     : Explicit concurrent mark sweep GC freed 20(704B) AllocSpace objects, 0(0B) LOS objects, 22% free, 53MB/69MB, paused 522us total 23.839ms
08-03 23:39:33.256  1752  1845 I art     : Starting a blocking GC Explicit
08-03 23:39:33.279  1752  1845 I art     : Explicit concurrent mark sweep GC freed 3(96B) AllocSpace objects, 0(0B) LOS objects, 22% free, 53MB/69MB, paused 536us total 23.450ms
08-03 23:39:33.288  1752  1845 I art     : Starting a blocking GC Explicit
08-03 23:39:33.311  1752  1845 I art     : Explicit concurrent mark sweep GC freed 3(96B) AllocSpace objects, 0(0B) LOS objects, 22% free, 53MB/69MB, paused 538us total 22.453ms
08-03 23:39:33.319  1752  1845 I art     : Starting a blocking GC Explicit
08-03 23:39:33.342  1752  1845 I art     : Explicit concurrent mark sweep GC freed 3(96B) AllocSpace objects, 0(0B) LOS objects, 22% free, 53MB/69MB, paused 540us total 22.241ms
08-03 23:39:33.611  1752  3375 I art     : Starting a blocking GC Explicit
08-03 23:39:33.641  1752  3375 I art     : Explicit concurrent mark sweep GC freed 1347(78KB) AllocSpace objects, 1(20KB) LOS objects, 22% free, 53MB/69MB, paused 636us total 29.563ms
08-03 23:39:33.651  1752  3375 I art     : Starting a blocking GC Explicit
08-03 23:39:33.668  5932  5932 D AndroidRuntime: >>>>>> START com.android.internal.os.RuntimeInit uid 2000 <<<<<<
08-03 23:39:33.673  5932  5932 D AndroidRuntime: CheckJNI is OFF
08-03 23:39:33.676  1752  3375 I art     : Explicit concurrent mark sweep GC freed 37(1584B) AllocSpace objects, 0(0B) LOS objects, 22% free, 53MB/69MB, paused 589us total 24.018ms
08-03 23:39:33.685  1752  3375 I art     : Starting a blocking GC Explicit
08-03 23:39:33.707  1752  3375 I art     : Explicit concurrent mark sweep GC freed 19(608B) AllocSpace objects, 0(0B) LOS objects, 22% free, 53MB/69MB, paused 561us total 22.224ms
08-03 23:39:33.707  5932  5932 D ICU     : No timezone override file found: /data/misc/zoneinfo/current/icu/icu_tzdata.dat
08-03 23:39:33.716  1752  3375 I art     : Starting a blocking GC Explicit
08-03 23:39:33.739  1752  3375 I art     : Explicit concurrent mark sweep GC freed 3(96B) AllocSpace objects, 0(0B) LOS objects, 22% free, 53MB/69MB, paused 574us total 22.725ms
08-03 23:39:33.742  5932  5932 I Radio-JNI: register_android_hardware_Radio DONE
08-03 23:39:33.748  1752  3375 I art     : Starting a blocking GC Explicit
08-03 23:39:33.764  5932  5932 D AndroidRuntime: Calling main entry com.android.commands.input.Input
08-03 23:39:33.766  5932  5932 I Input   : injectKeyEvent: KeyEvent { action=ACTION_DOWN, keyCode=KEYCODE_BACK, scanCode=0, metaState=0, flags=0x0, repeatCount=0, eventTime=661190179, downTime=661190179, deviceId=-1, source=0x101 }
08-03 23:39:33.770  1752  3375 I art     : Explicit concurrent mark sweep GC freed 3(96B) AllocSpace objects, 0(0B) LOS objects, 22% free, 53MB/69MB, paused 492us total 22.516ms
08-03 23:39:33.773  5932  5932 I Input   : injectKeyEvent: KeyEvent { action=ACTION_UP, keyCode=KEYCODE_BACK, scanCode=0, metaState=0, flags=0x0, repeatCount=0, eventTime=661190179, downTime=661190179, deviceId=-1, source=0x101 }
08-03 23:39:33.778  5932  5932 D AndroidRuntime: Shutting down VM
08-03 23:39:33.818 13866 13866 I GoogleInputMethodServic: GoogleInputMethodService.onFinishInput():3138 
08-03 23:39:33.819 13866 13866 I GoogleInputMethodServic: GoogleInputMethodService.onStartInput():1808 
08-03 23:39:34.034  1752  1845 I art     : Starting a blocking GC Explicit
08-03 23:39:34.059  1752  1845 I art     : Explicit concurrent mark sweep GC freed 1552(87KB) AllocSpace objects, 1(20KB) LOS objects, 22% free, 53MB/69MB, paused 497us total 24.640ms
08-03 23:39:34.072  1752  1845 I art     : Starting a blocking GC Explicit
08-03 23:39:34.095  1752  1845 I art     : Explicit concurrent mark sweep GC freed 24(864B) AllocSpace objects, 0(0B) LOS objects, 22% free, 53MB/69MB, paused 667us total 22.634ms
08-03 23:39:34.104  1752  1845 I art     : Starting a blocking GC Explicit
08-03 23:39:34.127  1752  1845 I art     : Explicit concurrent mark sweep GC freed 507(25KB) AllocSpace objects, 0(0B) LOS objects, 22% free, 53MB/69MB, paused 1.035ms total 22.663ms
08-03 23:39:34.136  1752  1845 I art     : Starting a blocking GC Explicit
08-03 23:39:34.158  1752  1845 I art     : Explicit concurrent mark sweep GC freed 1132(49KB) AllocSpace objects, 0(0B) LOS objects, 22% free, 53MB/69MB, paused 530us total 21.675ms
08-03 23:39:34.167  1752  1845 I art     : Starting a blocking GC Explicit
08-03 23:39:34.188  1752  1845 I art     : Explicit concurrent mark sweep GC freed 2832(180KB) AllocSpace objects, 2(140KB) LOS objects, 23% free, 53MB/69MB, paused 566us total 21.084ms
08-03 23:39:34.483  1752  1765 I art     : Starting a blocking GC Explicit
08-03 23:39:34.512  1752  1765 I art     : Explicit concurrent mark sweep GC freed 1343(78KB) AllocSpace objects, 1(20KB) LOS objects, 23% free, 53MB/69MB, paused 593us total 28.669ms
08-03 23:39:34.525  1752  1765 I art     : Starting a blocking GC Explicit
08-03 23:39:34.548  1752  1765 I art     : Explicit concurrent mark sweep GC freed 20(704B) AllocSpace objects, 0(0B) LOS objects, 23% free, 53MB/69MB, paused 563us total 23.123ms
08-03 23:39:34.557  1752  1765 I art     : Starting a blocking GC Explicit
08-03 23:39:34.580  1752  1765 I art     : Explicit concurrent mark sweep GC freed 3(96B) AllocSpace objects, 0(0B) LOS objects, 23% free, 53MB/69MB, paused 495us total 22.470ms
08-03 23:39:34.589  1752  1765 I art     : Starting a blocking GC Explicit
08-03 23:39:34.612  1752  1765 I art     : Explicit concurrent mark sweep GC freed 3(96B) AllocSpace objects, 0(0B) LOS objects, 23% free, 53MB/69MB, paused 545us total 22.864ms
08-03 23:39:34.621  1752  1765 I art     : Starting a blocking GC Explicit
08-03 23:39:34.644  1752  1765 I art     : Explicit concurrent mark sweep GC freed 3(96B) AllocSpace objects, 0(0B) LOS objects, 23% free, 53MB/69MB, paused 553us total 23.124ms
08-03 23:39:34.929  1752  2234 I art     : Starting a blocking GC Explicit
08-03 23:39:34.961  1752  2234 I art     : Explicit concurrent mark sweep GC freed 1340(78KB) AllocSpace objects, 1(20KB) LOS objects, 23% free, 53MB/69MB, paused 601us total 31.669ms
08-03 23:39:34.974  1752  2234 I art     : Starting a blocking GC Explicit
08-03 23:39:34.997  1752  2234 I art     : Explicit concurrent mark sweep GC freed 20(704B) AllocSpace objects, 0(0B) LOS objects, 23% free, 53MB/69MB, paused 674us total 22.881ms
08-03 23:39:35.006  1752  2234 I art     : Starting a blocking GC Explicit
08-03 23:39:35.028  1752  2234 I art     : Explicit concurrent mark sweep GC freed 3(96B) AllocSpace objects, 0(0B) LOS objects, 23% free, 53MB/69MB, paused 600us total 21.823ms
08-03 23:39:35.037  1752  2234 I art     : Starting a blocking GC Explicit
08-03 23:39:35.058  1752  2234 I art     : Explicit concurrent mark sweep GC freed 3(96B) AllocSpace objects, 0(0B) LOS objects, 23% free, 53MB/69MB, paused 584us total 21.380ms
08-03 23:39:35.067  1752  2234 I art     : Starting a blocking GC Explicit
08-03 23:39:35.088  1752  2234 I art     : Explicit concurrent mark sweep GC freed 3(96B) AllocSpace objects, 0(0B) LOS objects, 23% free, 53MB/69MB, paused 547us total 20.889ms
08-03 23:39:35.362  1752  1763 I art     : Starting a blocking GC Explicit
08-03 23:39:35.390  1752  1763 I art     : Explicit concurrent mark sweep GC freed 1340(78KB) AllocSpace objects, 1(20KB) LOS objects, 23% free, 53MB/69MB, paused 598us total 27.409ms
08-03 23:39:35.402  1752  1763 I art     : Starting a blocking GC Explicit
08-03 23:39:35.425  1752  1763 I art     : Explicit concurrent mark sweep GC freed 20(704B) AllocSpace objects, 0(0B) LOS objects, 23% free, 53MB/69MB, paused 644us total 22.471ms
08-03 23:39:35.434  1752  1763 I art     : Starting a blocking GC Explicit
08-03 23:39:35.435  5986  5986 D AndroidRuntime: >>>>>> START com.android.internal.os.RuntimeInit uid 2000 <<<<<<
08-03 23:39:35.439  5986  5986 D AndroidRuntime: CheckJNI is OFF
08-03 23:39:35.456  1752  1763 I art     : Explicit concurrent mark sweep GC freed 3(96B) AllocSpace objects, 0(0B) LOS objects, 23% free, 53MB/69MB, paused 545us total 21.470ms
08-03 23:39:35.464  1752  1763 I art     : Starting a blocking GC Explicit
08-03 23:39:35.475  5986  5986 D ICU     : No timezone override file found: /data/misc/zoneinfo/current/icu/icu_tzdata.dat
08-03 23:39:35.486  1752  1763 I art     : Explicit concurrent mark sweep GC freed 3(96B) AllocSpace objects, 0(0B) LOS objects, 23% free, 53MB/69MB, paused 594us total 21.283ms
08-03 23:39:35.494  1752  1763 I art     : Starting a blocking GC Explicit
08-03 23:39:35.510  5986  5986 I Radio-JNI: register_android_hardware_Radio DONE
08-03 23:39:35.516  1752  1763 I art     : Explicit concurrent mark sweep GC freed 3(96B) AllocSpace objects, 0(0B) LOS objects, 23% free, 53MB/69MB, paused 570us total 21.485ms
08-03 23:39:35.532  5986  5986 D AndroidRuntime: Calling main entry com.android.commands.input.Input
08-03 23:39:35.534  5986  5986 I Input   : injectMotionEvent: MotionEvent { action=ACTION_DOWN, actionButton=0, id[0]=0, x[0]=1084.0, y[0]=2213.0, toolType[0]=TOOL_TYPE_UNKNOWN, buttonState=0, metaState=0, flags=0x0, edgeFlags=0x0, pointerCount=1, historySize=0, eventTime=661191947, downTime=661191947, deviceId=0, source=0x1002 }
08-03 23:39:35.539  5986  5986 I Input   : injectMotionEvent: MotionEvent { action=ACTION_UP, actionButton=0, id[0]=0, x[0]=1084.0, y[0]=2213.0, toolType[0]=TOOL_TYPE_UNKNOWN, buttonState=0, metaState=0, flags=0x0, edgeFlags=0x0, pointerCount=1, historySize=0, eventTime=661191947, downTime=661191947, deviceId=0, source=0x1002 }
08-03 23:39:35.541   918  4400 I ActivityManager: START u0 {cmp=baseline.appteam.nith.hillffair/.activities.EventActivity} from uid 10651 on display 0
08-03 23:39:35.547  5986  5986 D AndroidRuntime: Shutting down VM
08-03 23:39:35.618  1752  1752 I NAPPA_EXPERIMENTATION: MetricNetworkRequestExecutionTime: REQUEST_DURATION_SYSTEM='49',REQUEST_DURATION_OKHTTP='32',REQUEST_SYNCHRONOUS='FALSE',RESPONSE_CODE='200',RESPONSE_METHOD='GET',RESPONSE_LENGTH_OKHTTP='1870',RESPONSE_LENGTH_HEADER='-2',REQUEST_PROTOCOL='http/1.1',REQUEST_URL='https://api-hillfair-2k16.herokuapp.com/api/app/club',
08-03 23:39:35.619 13866 13866 I GoogleInputMethodServic: GoogleInputMethodService.onFinishInput():3138 
08-03 23:39:35.619 13866 13866 I GoogleInputMethodServic: GoogleInputMethodService.onStartInput():1808 
08-03 23:39:35.667   918   936 I ActivityManager: Displayed baseline.appteam.nith.hillffair/.activities.EventActivity: +120ms
08-03 23:39:35.773  1752  1845 I art     : Starting a blocking GC Explicit
08-03 23:39:35.800  1752  1845 I art     : Explicit concurrent mark sweep GC freed 7535(494KB) AllocSpace objects, 1(20KB) LOS objects, 22% free, 53MB/69MB, paused 617us total 26.938ms
08-03 23:39:35.813  1752  1845 I art     : Starting a blocking GC Explicit
08-03 23:39:35.840  1752  1845 I art     : Explicit concurrent mark sweep GC freed 346(14KB) AllocSpace objects, 0(0B) LOS objects, 22% free, 53MB/69MB, paused 644us total 27.439ms
08-03 23:39:35.853  1752  1845 I art     : Starting a blocking GC Explicit
08-03 23:39:35.887  1752  1845 I art     : Explicit concurrent mark sweep GC freed 3(96B) AllocSpace objects, 0(0B) LOS objects, 22% free, 53MB/69MB, paused 596us total 33.696ms
08-03 23:39:35.898  1752  1845 I art     : Starting a blocking GC Explicit
08-03 23:39:35.925  1752  1845 I art     : Explicit concurrent mark sweep GC freed 3(96B) AllocSpace objects, 0(0B) LOS objects, 22% free, 53MB/69MB, paused 566us total 27.011ms
08-03 23:39:35.927   380   380 W SurfaceFlinger: couldn't log to binary event log: overflow.
08-03 23:39:35.937  1752  1845 I art     : Starting a blocking GC Explicit
08-03 23:39:35.959  1752  1845 I art     : Explicit concurrent mark sweep GC freed 3(96B) AllocSpace objects, 0(0B) LOS objects, 22% free, 53MB/69MB, paused 587us total 21.275ms
08-03 23:39:36.232  1752  1765 I art     : Starting a blocking GC Explicit
08-03 23:39:36.254  1752  1765 I art     : Explicit concurrent mark sweep GC freed 1413(83KB) AllocSpace objects, 1(20KB) LOS objects, 22% free, 53MB/69MB, paused 536us total 22.065ms
08-03 23:39:36.263  1752  1765 I art     : Starting a blocking GC Explicit
08-03 23:39:36.285  1752  1765 I art     : Explicit concurrent mark sweep GC freed 20(704B) AllocSpace objects, 0(0B) LOS objects, 22% free, 53MB/69MB, paused 528us total 21.859ms
08-03 23:39:36.294  1752  1765 I art     : Starting a blocking GC Explicit
08-03 23:39:36.316  1752  1765 I art     : Explicit concurrent mark sweep GC freed 3(96B) AllocSpace objects, 0(0B) LOS objects, 22% free, 53MB/69MB, paused 535us total 21.624ms
08-03 23:39:36.324  1752  1765 I art     : Starting a blocking GC Explicit
08-03 23:39:36.346  1752  1765 I art     : Explicit concurrent mark sweep GC freed 3(96B) AllocSpace objects, 0(0B) LOS objects, 22% free, 53MB/69MB, paused 534us total 21.787ms
08-03 23:39:36.354  1752  1765 I art     : Starting a blocking GC Explicit
08-03 23:39:36.376  1752  1765 I art     : Explicit concurrent mark sweep GC freed 3(96B) AllocSpace objects, 0(0B) LOS objects, 22% free, 53MB/69MB, paused 491us total 21.598ms
08-03 23:39:36.643  1752  1845 I art     : Starting a blocking GC Explicit
08-03 23:39:36.667  1752  1845 I art     : Explicit concurrent mark sweep GC freed 1343(78KB) AllocSpace objects, 1(20KB) LOS objects, 22% free, 53MB/69MB, paused 658us total 23.993ms
08-03 23:39:36.676  1752  1845 I art     : Starting a blocking GC Explicit
08-03 23:39:36.700  1752  1845 I art     : Explicit concurrent mark sweep GC freed 20(704B) AllocSpace objects, 0(0B) LOS objects, 22% free, 53MB/69MB, paused 527us total 23.681ms
08-03 23:39:36.709  1752  1845 I art     : Starting a blocking GC Explicit
08-03 23:39:36.734  1752  1845 I art     : Explicit concurrent mark sweep GC freed 3(96B) AllocSpace objects, 0(0B) LOS objects, 22% free, 53MB/69MB, paused 537us total 23.889ms
08-03 23:39:36.743  1752  1845 I art     : Starting a blocking GC Explicit
08-03 23:39:36.767  1752  1845 I art     : Explicit concurrent mark sweep GC freed 3(96B) AllocSpace objects, 0(0B) LOS objects, 22% free, 53MB/69MB, paused 586us total 24.385ms
08-03 23:39:36.777  1752  1845 I art     : Starting a blocking GC Explicit
08-03 23:39:36.801  1752  1845 I art     : Explicit concurrent mark sweep GC freed 3(96B) AllocSpace objects, 0(0B) LOS objects, 22% free, 53MB/69MB, paused 525us total 24.227ms
08-03 23:39:37.104  1752  1763 I art     : Starting a blocking GC Explicit
08-03 23:39:37.138  1752  1763 I art     : Explicit concurrent mark sweep GC freed 1343(78KB) AllocSpace objects, 1(20KB) LOS objects, 22% free, 53MB/69MB, paused 666us total 33.546ms
08-03 23:39:37.151  1752  1763 I art     : Starting a blocking GC Explicit
08-03 23:39:37.176  1752  1763 I art     : Explicit concurrent mark sweep GC freed 20(704B) AllocSpace objects, 0(0B) LOS objects, 22% free, 53MB/69MB, paused 561us total 24.607ms
08-03 23:39:37.185  1752  1763 I art     : Starting a blocking GC Explicit
08-03 23:39:37.210  1752  1763 I art     : Explicit concurrent mark sweep GC freed 3(96B) AllocSpace objects, 0(0B) LOS objects, 22% free, 53MB/69MB, paused 561us total 24.997ms
08-03 23:39:37.219  1752  1763 I art     : Starting a blocking GC Explicit
08-03 23:39:37.244  1752  1763 I art     : Explicit concurrent mark sweep GC freed 3(96B) AllocSpace objects, 0(0B) LOS objects, 22% free, 53MB/69MB, paused 555us total 24.527ms
08-03 23:39:37.254  1752  1763 I art     : Starting a blocking GC Explicit
08-03 23:39:37.279  1752  1763 I art     : Explicit concurrent mark sweep GC freed 3(96B) AllocSpace objects, 0(0B) LOS objects, 22% free, 53MB/69MB, paused 547us total 24.684ms
08-03 23:39:37.614  1752  2234 I art     : Starting a blocking GC Explicit
08-03 23:39:37.647  1752  2234 I art     : Explicit concurrent mark sweep GC freed 1343(78KB) AllocSpace objects, 1(20KB) LOS objects, 22% free, 53MB/69MB, paused 668us total 33.069ms
08-03 23:39:37.659  1752  2234 I art     : Starting a blocking GC Explicit
08-03 23:39:37.684  1752  2234 I art     : Explicit concurrent mark sweep GC freed 20(704B) AllocSpace objects, 0(0B) LOS objects, 22% free, 53MB/69MB, paused 542us total 24.057ms
08-03 23:39:37.693  1752  2234 I art     : Starting a blocking GC Explicit
08-03 23:39:37.717  1752  2234 I art     : Explicit concurrent mark sweep GC freed 3(96B) AllocSpace objects, 0(0B) LOS objects, 22% free, 53MB/69MB, paused 614us total 23.796ms
08-03 23:39:37.726  1752  2234 I art     : Starting a blocking GC Explicit
08-03 23:39:37.750  1752  2234 I art     : Explicit concurrent mark sweep GC freed 3(96B) AllocSpace objects, 0(0B) LOS objects, 22% free, 53MB/69MB, paused 617us total 23.883ms
08-03 23:39:37.759  1752  2234 I art     : Starting a blocking GC Explicit
08-03 23:39:37.784  1752  2234 I art     : Explicit concurrent mark sweep GC freed 3(96B) AllocSpace objects, 0(0B) LOS objects, 22% free, 53MB/69MB, paused 555us total 24.251ms
08-03 23:39:38.091  1752  3375 I art     : Starting a blocking GC Explicit
08-03 23:39:38.122  1752  3375 I art     : Explicit concurrent mark sweep GC freed 1343(78KB) AllocSpace objects, 1(20KB) LOS objects, 22% free, 53MB/69MB, paused 568us total 30.153ms
08-03 23:39:38.135  1752  3375 I art     : Starting a blocking GC Explicit
08-03 23:39:38.159  1752  3375 I art     : Explicit concurrent mark sweep GC freed 20(704B) AllocSpace objects, 0(0B) LOS objects, 22% free, 53MB/69MB, paused 548us total 24.219ms
08-03 23:39:38.168  1752  3375 I art     : Starting a blocking GC Explicit
08-03 23:39:38.193  1752  3375 I art     : Explicit concurrent mark sweep GC freed 3(96B) AllocSpace objects, 0(0B) LOS objects, 22% free, 53MB/69MB, paused 546us total 24.058ms
08-03 23:39:38.202  1752  3375 I art     : Starting a blocking GC Explicit
08-03 23:39:38.227  1752  3375 I art     : Explicit concurrent mark sweep GC freed 3(96B) AllocSpace objects, 0(0B) LOS objects, 22% free, 53MB/69MB, paused 555us total 24.507ms
08-03 23:39:38.236  1752  3375 I art     : Starting a blocking GC Explicit
08-03 23:39:38.260  1752  3375 I art     : Explicit concurrent mark sweep GC freed 3(96B) AllocSpace objects, 0(0B) LOS objects, 22% free, 53MB/69MB, paused 540us total 23.912ms
08-03 23:39:38.591  1752  1765 I art     : Starting a blocking GC Explicit
08-03 23:39:38.626  1752  1765 I art     : Explicit concurrent mark sweep GC freed 1343(78KB) AllocSpace objects, 1(20KB) LOS objects, 22% free, 53MB/69MB, paused 592us total 34.473ms
08-03 23:39:38.639  1752  1765 I art     : Starting a blocking GC Explicit
08-03 23:39:38.663  1752  1765 I art     : Explicit concurrent mark sweep GC freed 20(704B) AllocSpace objects, 0(0B) LOS objects, 22% free, 53MB/69MB, paused 562us total 23.676ms
08-03 23:39:38.672  1752  1765 I art     : Starting a blocking GC Explicit
08-03 23:39:38.696  1752  1765 I art     : Explicit concurrent mark sweep GC freed 3(96B) AllocSpace objects, 0(0B) LOS objects, 22% free, 53MB/69MB, paused 566us total 24.218ms
08-03 23:39:38.706  1752  1765 I art     : Starting a blocking GC Explicit
08-03 23:39:38.730  1752  1765 I art     : Explicit concurrent mark sweep GC freed 3(96B) AllocSpace objects, 0(0B) LOS objects, 22% free, 53MB/69MB, paused 547us total 24.247ms
08-03 23:39:38.739  1752  1765 I art     : Starting a blocking GC Explicit
08-03 23:39:38.764  1752  1765 I art     : Explicit concurrent mark sweep GC freed 3(96B) AllocSpace objects, 0(0B) LOS objects, 22% free, 53MB/69MB, paused 595us total 23.962ms
08-03 23:39:39.111  1752  1845 I art     : Starting a blocking GC Explicit
08-03 23:39:39.146  1752  1845 I art     : Explicit concurrent mark sweep GC freed 1343(78KB) AllocSpace objects, 1(20KB) LOS objects, 22% free, 53MB/69MB, paused 699us total 34.060ms
08-03 23:39:39.158  1752  1845 I art     : Starting a blocking GC Explicit
08-03 23:39:39.183  1752  1845 I art     : Explicit concurrent mark sweep GC freed 20(704B) AllocSpace objects, 0(0B) LOS objects, 22% free, 53MB/69MB, paused 570us total 24.423ms
08-03 23:39:39.192  1752  1845 I art     : Starting a blocking GC Explicit
08-03 23:39:39.216  1752  1845 I art     : Explicit concurrent mark sweep GC freed 3(96B) AllocSpace objects, 0(0B) LOS objects, 22% free, 53MB/69MB, paused 551us total 23.678ms
08-03 23:39:39.225  1752  1845 I art     : Starting a blocking GC Explicit
08-03 23:39:39.249  1752  1845 I art     : Explicit concurrent mark sweep GC freed 3(96B) AllocSpace objects, 0(0B) LOS objects, 22% free, 53MB/69MB, paused 557us total 23.933ms
08-03 23:39:39.258  1752  1845 I art     : Starting a blocking GC Explicit
08-03 23:39:39.283  1752  1845 I art     : Explicit concurrent mark sweep GC freed 3(96B) AllocSpace objects, 0(0B) LOS objects, 22% free, 53MB/69MB, paused 567us total 24.654ms
08-03 23:39:39.604  1752  1763 I art     : Starting a blocking GC Explicit
08-03 23:39:39.634  1752  1763 I art     : Explicit concurrent mark sweep GC freed 1343(78KB) AllocSpace objects, 1(20KB) LOS objects, 22% free, 53MB/69MB, paused 595us total 29.570ms
08-03 23:39:39.644  1752  1763 I art     : Starting a blocking GC Explicit
08-03 23:39:39.669  1752  1763 I art     : Explicit concurrent mark sweep GC freed 20(704B) AllocSpace objects, 0(0B) LOS objects, 22% free, 53MB/69MB, paused 553us total 24.861ms
08-03 23:39:39.679  1752  1763 I art     : Starting a blocking GC Explicit
08-03 23:39:39.703  1752  1763 I art     : Explicit concurrent mark sweep GC freed 3(96B) AllocSpace objects, 0(0B) LOS objects, 22% free, 53MB/69MB, paused 529us total 24.224ms
08-03 23:39:39.713  1752  1763 I art     : Starting a blocking GC Explicit
08-03 23:39:39.737  1752  1763 I art     : Explicit concurrent mark sweep GC freed 3(96B) AllocSpace objects, 0(0B) LOS objects, 22% free, 53MB/69MB, paused 550us total 23.752ms
08-03 23:39:39.746  1752  1763 I art     : Starting a blocking GC Explicit
08-03 23:39:39.770  1752  1763 I art     : Explicit concurrent mark sweep GC freed 3(96B) AllocSpace objects, 0(0B) LOS objects, 22% free, 53MB/69MB, paused 510us total 23.980ms
08-03 23:39:40.032  1752  2234 I art     : Starting a blocking GC Explicit
08-03 23:39:40.061  1752  2234 I art     : Explicit concurrent mark sweep GC freed 1343(78KB) AllocSpace objects, 1(20KB) LOS objects, 22% free, 53MB/69MB, paused 552us total 28.186ms
08-03 23:39:40.070  1752  2234 I art     : Starting a blocking GC Explicit
08-03 23:39:40.094  1752  2234 I art     : Explicit concurrent mark sweep GC freed 20(704B) AllocSpace objects, 0(0B) LOS objects, 22% free, 53MB/69MB, paused 544us total 23.592ms
08-03 23:39:40.103  1752  2234 I art     : Starting a blocking GC Explicit
08-03 23:39:40.125  1752  2234 I art     : Explicit concurrent mark sweep GC freed 3(96B) AllocSpace objects, 0(0B) LOS objects, 22% free, 53MB/69MB, paused 546us total 22.366ms
08-03 23:39:40.134  1752  2234 I art     : Starting a blocking GC Explicit
08-03 23:39:40.158  1752  2234 I art     : Explicit concurrent mark sweep GC freed 3(96B) AllocSpace objects, 0(0B) LOS objects, 22% free, 53MB/69MB, paused 585us total 23.215ms
08-03 23:39:40.166  1752  2234 I art     : Starting a blocking GC Explicit
08-03 23:39:40.189  1752  2234 I art     : Explicit concurrent mark sweep GC freed 3(96B) AllocSpace objects, 0(0B) LOS objects, 22% free, 53MB/69MB, paused 547us total 22.537ms
08-03 23:39:40.226  6102  6102 D AndroidRuntime: >>>>>> START com.android.internal.os.RuntimeInit uid 2000 <<<<<<
08-03 23:39:40.231  6102  6102 D AndroidRuntime: CheckJNI is OFF
08-03 23:39:40.264  6102  6102 D ICU     : No timezone override file found: /data/misc/zoneinfo/current/icu/icu_tzdata.dat
08-03 23:39:40.298  6102  6102 I Radio-JNI: register_android_hardware_Radio DONE
08-03 23:39:40.321  6102  6102 D AndroidRuntime: Calling main entry com.android.commands.input.Input
08-03 23:39:40.323  6102  6102 I Input   : injectMotionEvent: MotionEvent { action=ACTION_DOWN, actionButton=0, id[0]=0, x[0]=255.0, y[0]=1845.0, toolType[0]=TOOL_TYPE_UNKNOWN, buttonState=0, metaState=0, flags=0x0, edgeFlags=0x0, pointerCount=1, historySize=0, eventTime=661196735, downTime=661196735, deviceId=0, source=0x1002 }
08-03 23:39:40.329  6102  6102 I Input   : injectMotionEvent: MotionEvent { action=ACTION_UP, actionButton=0, id[0]=0, x[0]=255.0, y[0]=1845.0, toolType[0]=TOOL_TYPE_UNKNOWN, buttonState=0, metaState=0, flags=0x0, edgeFlags=0x0, pointerCount=1, historySize=0, eventTime=661196735, downTime=661196735, deviceId=0, source=0x1002 }
08-03 23:39:40.332   918  3714 I ActivityManager: START u0 {cmp=baseline.appteam.nith.hillffair/.activities.ClubActivity (has extras)} from uid 10651 on display 0
08-03 23:39:40.340  6102  6102 D AndroidRuntime: Shutting down VM
08-03 23:39:40.352   918   937 W ProcessCpuTracker: Skipping unknown process pid 6122
08-03 23:39:40.413  1752  1752 I NAPPA_EXPERIMENTATION: MetricNetworkRequestExecutionTime: REQUEST_DURATION_SYSTEM='48',REQUEST_DURATION_OKHTTP='29',REQUEST_SYNCHRONOUS='FALSE',RESPONSE_CODE='200',RESPONSE_METHOD='GET',RESPONSE_LENGTH_OKHTTP='1171',RESPONSE_LENGTH_HEADER='-2',REQUEST_PROTOCOL='http/1.1',REQUEST_URL='https://api-hillfair-2k16.herokuapp.com/api/app/club/Technical%20Committee',
08-03 23:39:40.419 13866 13866 I GoogleInputMethodServic: GoogleInputMethodService.onFinishInput():3138 
08-03 23:39:40.419 13866 13866 I GoogleInputMethodServic: GoogleInputMethodService.onStartInput():1808 
08-03 23:39:40.420   918   936 I ActivityManager: Displayed baseline.appteam.nith.hillffair/.activities.ClubActivity: +78ms
08-03 23:39:40.454  1752  1765 I art     : Starting a blocking GC Explicit
08-03 23:39:40.476  1752  1765 I art     : Explicit concurrent mark sweep GC freed 5748(415KB) AllocSpace objects, 1(20KB) LOS objects, 22% free, 54MB/70MB, paused 524us total 22.021ms
08-03 23:39:40.485  1752  1765 I art     : Starting a blocking GC Explicit
08-03 23:39:40.509  1752  1765 I art     : Explicit concurrent mark sweep GC freed 282(12KB) AllocSpace objects, 0(0B) LOS objects, 22% free, 54MB/70MB, paused 523us total 23.520ms
08-03 23:39:40.519  1752  1765 I art     : Starting a blocking GC Explicit
08-03 23:39:40.545  1752  1765 I art     : Explicit concurrent mark sweep GC freed 3(96B) AllocSpace objects, 0(0B) LOS objects, 22% free, 54MB/70MB, paused 560us total 25.150ms
08-03 23:39:40.557  1752  1765 I art     : Starting a blocking GC Explicit
08-03 23:39:40.586  1752  1765 I art     : Explicit concurrent mark sweep GC freed 3(96B) AllocSpace objects, 0(0B) LOS objects, 22% free, 54MB/70MB, paused 575us total 28.837ms
08-03 23:39:40.597  1752  1765 I art     : Starting a blocking GC Explicit
08-03 23:39:40.623  1752  1765 I art     : Explicit concurrent mark sweep GC freed 3(96B) AllocSpace objects, 0(0B) LOS objects, 22% free, 54MB/70MB, paused 526us total 25.623ms
08-03 23:39:40.665   380   380 W SurfaceFlinger: couldn't log to binary event log: overflow.
08-03 23:39:40.891  1752  1845 I art     : Starting a blocking GC Explicit
08-03 23:39:40.914  1752  1845 I art     : Explicit concurrent mark sweep GC freed 1448(84KB) AllocSpace objects, 1(20KB) LOS objects, 22% free, 54MB/70MB, paused 550us total 22.843ms
08-03 23:39:40.922  1752  1845 I art     : Starting a blocking GC Explicit
08-03 23:39:40.947  1752  1845 I art     : Explicit concurrent mark sweep GC freed 20(704B) AllocSpace objects, 0(0B) LOS objects, 22% free, 54MB/70MB, paused 573us total 24.043ms
08-03 23:39:40.957  1752  1845 I art     : Starting a blocking GC Explicit
08-03 23:39:40.979  1752  1845 I art     : Explicit concurrent mark sweep GC freed 3(96B) AllocSpace objects, 0(0B) LOS objects, 22% free, 54MB/70MB, paused 554us total 21.642ms
08-03 23:39:40.988  1752  1845 I art     : Starting a blocking GC Explicit
08-03 23:39:41.010  1752  1845 I art     : Explicit concurrent mark sweep GC freed 3(96B) AllocSpace objects, 0(0B) LOS objects, 22% free, 54MB/70MB, paused 586us total 21.942ms
08-03 23:39:41.018  1752  1845 I art     : Starting a blocking GC Explicit
08-03 23:39:41.041  1752  1845 I art     : Explicit concurrent mark sweep GC freed 3(96B) AllocSpace objects, 0(0B) LOS objects, 22% free, 54MB/70MB, paused 548us total 22.214ms
08-03 23:39:41.321  1752  1765 I art     : Starting a blocking GC Explicit
08-03 23:39:41.352  1752  1765 I art     : Explicit concurrent mark sweep GC freed 1343(78KB) AllocSpace objects, 1(20KB) LOS objects, 22% free, 54MB/70MB, paused 581us total 30.690ms
08-03 23:39:41.365  1752  1765 I art     : Starting a blocking GC Explicit
08-03 23:39:41.390  1752  1765 I art     : Explicit concurrent mark sweep GC freed 36(1264B) AllocSpace objects, 0(0B) LOS objects, 22% free, 54MB/70MB, paused 578us total 24.770ms
08-03 23:39:41.400  1752  1765 I art     : Starting a blocking GC Explicit
08-03 23:39:41.425  1752  1765 I art     : Explicit concurrent mark sweep GC freed 3(96B) AllocSpace objects, 0(0B) LOS objects, 22% free, 54MB/70MB, paused 574us total 25.028ms
08-03 23:39:41.434  1752  1765 I art     : Starting a blocking GC Explicit
08-03 23:39:41.460  1752  1765 I art     : Explicit concurrent mark sweep GC freed 3(96B) AllocSpace objects, 0(0B) LOS objects, 22% free, 54MB/70MB, paused 588us total 25.252ms
08-03 23:39:41.469  1752  1765 I art     : Starting a blocking GC Explicit
08-03 23:39:41.495  1752  1765 I art     : Explicit concurrent mark sweep GC freed 3(96B) AllocSpace objects, 0(0B) LOS objects, 22% free, 54MB/70MB, paused 576us total 25.137ms
08-03 23:39:41.797  1752  1763 I art     : Starting a blocking GC Explicit
08-03 23:39:41.830  1752  1763 I art     : Explicit concurrent mark sweep GC freed 1343(78KB) AllocSpace objects, 1(20KB) LOS objects, 22% free, 54MB/70MB, paused 568us total 32.679ms
08-03 23:39:41.842  1752  1763 I art     : Starting a blocking GC Explicit
08-03 23:39:41.868  1752  1763 I art     : Explicit concurrent mark sweep GC freed 20(704B) AllocSpace objects, 0(0B) LOS objects, 22% free, 54MB/70MB, paused 557us total 25.337ms
08-03 23:39:41.877  1752  1763 I art     : Starting a blocking GC Explicit
08-03 23:39:41.902  1752  1763 I art     : Explicit concurrent mark sweep GC freed 3(96B) AllocSpace objects, 0(0B) LOS objects, 22% free, 54MB/70MB, paused 590us total 24.833ms
08-03 23:39:41.912  1752  1763 I art     : Starting a blocking GC Explicit
08-03 23:39:41.937  1752  1763 I art     : Explicit concurrent mark sweep GC freed 3(96B) AllocSpace objects, 0(0B) LOS objects, 22% free, 54MB/70MB, paused 641us total 24.966ms
08-03 23:39:41.946  1752  1763 I art     : Starting a blocking GC Explicit
08-03 23:39:41.971  1752  1763 I art     : Explicit concurrent mark sweep GC freed 3(96B) AllocSpace objects, 0(0B) LOS objects, 22% free, 54MB/70MB, paused 561us total 24.432ms
08-03 23:39:42.302  1752  2234 I art     : Starting a blocking GC Explicit
08-03 23:39:42.333  1752  2234 I art     : Explicit concurrent mark sweep GC freed 1343(78KB) AllocSpace objects, 1(20KB) LOS objects, 22% free, 54MB/70MB, paused 599us total 30.955ms
08-03 23:39:42.347  1752  2234 I art     : Starting a blocking GC Explicit
08-03 23:39:42.372  1752  2234 I art     : Explicit concurrent mark sweep GC freed 20(704B) AllocSpace objects, 0(0B) LOS objects, 22% free, 54MB/70MB, paused 568us total 24.157ms
08-03 23:39:42.381  1752  2234 I art     : Starting a blocking GC Explicit
08-03 23:39:42.405  1752  2234 I art     : Explicit concurrent mark sweep GC freed 3(96B) AllocSpace objects, 0(0B) LOS objects, 22% free, 54MB/70MB, paused 573us total 24.491ms
08-03 23:39:42.415  1752  2234 I art     : Starting a blocking GC Explicit
08-03 23:39:42.440  1752  2234 I art     : Explicit concurrent mark sweep GC freed 3(96B) AllocSpace objects, 0(0B) LOS objects, 22% free, 54MB/70MB, paused 578us total 25.109ms
08-03 23:39:42.450  1752  2234 I art     : Starting a blocking GC Explicit
08-03 23:39:42.474  1752  2234 I art     : Explicit concurrent mark sweep GC freed 3(96B) AllocSpace objects, 0(0B) LOS objects, 22% free, 54MB/70MB, paused 524us total 24.539ms
08-03 23:39:42.764 29081 29081 I ServiceManager: Waiting for service AtCmdFwd...
08-03 23:39:42.796  1752  1845 I art     : Starting a blocking GC Explicit
08-03 23:39:42.828  1752  1845 I art     : Explicit concurrent mark sweep GC freed 1343(78KB) AllocSpace objects, 1(20KB) LOS objects, 22% free, 54MB/70MB, paused 671us total 31.460ms
08-03 23:39:42.841  1752  1845 I art     : Starting a blocking GC Explicit
08-03 23:39:42.868  1752  1845 I art     : Explicit concurrent mark sweep GC freed 20(704B) AllocSpace objects, 0(0B) LOS objects, 22% free, 54MB/70MB, paused 577us total 27.303ms
08-03 23:39:42.878  1752  1845 I art     : Starting a blocking GC Explicit
08-03 23:39:42.903  1752  1845 I art     : Explicit concurrent mark sweep GC freed 3(96B) AllocSpace objects, 0(0B) LOS objects, 22% free, 54MB/70MB, paused 575us total 25.140ms
08-03 23:39:42.913  1752  1845 I art     : Starting a blocking GC Explicit
08-03 23:39:42.938  1752  1845 I art     : Explicit concurrent mark sweep GC freed 3(96B) AllocSpace objects, 0(0B) LOS objects, 22% free, 54MB/70MB, paused 586us total 25.326ms
08-03 23:39:42.948  1752  1845 I art     : Starting a blocking GC Explicit
08-03 23:39:42.973  1752  1845 I art     : Explicit concurrent mark sweep GC freed 3(96B) AllocSpace objects, 0(0B) LOS objects, 22% free, 54MB/70MB, paused 571us total 24.746ms
08-03 23:39:43.282  1752  3375 I art     : Starting a blocking GC Explicit
08-03 23:39:43.314  1752  3375 I art     : Explicit concurrent mark sweep GC freed 1343(78KB) AllocSpace objects, 1(20KB) LOS objects, 22% free, 54MB/70MB, paused 613us total 31.473ms
08-03 23:39:43.326  1752  3375 I art     : Starting a blocking GC Explicit
08-03 23:39:43.351  1752  3375 I art     : Explicit concurrent mark sweep GC freed 20(704B) AllocSpace objects, 0(0B) LOS objects, 22% free, 54MB/70MB, paused 573us total 24.489ms
08-03 23:39:43.360  1752  3375 I art     : Starting a blocking GC Explicit
08-03 23:39:43.385  1752  3375 I art     : Explicit concurrent mark sweep GC freed 3(96B) AllocSpace objects, 0(0B) LOS objects, 22% free, 54MB/70MB, paused 573us total 24.794ms
08-03 23:39:43.394  1752  3375 I art     : Starting a blocking GC Explicit
08-03 23:39:43.419  1752  3375 I art     : Explicit concurrent mark sweep GC freed 3(96B) AllocSpace objects, 0(0B) LOS objects, 22% free, 54MB/70MB, paused 561us total 24.986ms
08-03 23:39:43.429  1752  3375 I art     : Starting a blocking GC Explicit
08-03 23:39:43.454  1752  3375 I art     : Explicit concurrent mark sweep GC freed 3(96B) AllocSpace objects, 0(0B) LOS objects, 22% free, 54MB/70MB, paused 558us total 25.279ms
08-03 23:39:43.753  1752  1765 I art     : Starting a blocking GC Explicit
08-03 23:39:43.764 29081 29081 I ServiceManager: Waiting for service AtCmdFwd...
08-03 23:39:43.782  1752  1765 I art     : Explicit concurrent mark sweep GC freed 1343(78KB) AllocSpace objects, 1(20KB) LOS objects, 22% free, 54MB/70MB, paused 619us total 28.979ms
08-03 23:39:43.793  1752  1765 I art     : Starting a blocking GC Explicit
08-03 23:39:43.819  1752  1765 I art     : Explicit concurrent mark sweep GC freed 20(704B) AllocSpace objects, 0(0B) LOS objects, 22% free, 54MB/70MB, paused 613us total 25.258ms
08-03 23:39:43.828  1752  1765 I art     : Starting a blocking GC Explicit
08-03 23:39:43.853  1752  1765 I art     : Explicit concurrent mark sweep GC freed 3(96B) AllocSpace objects, 0(0B) LOS objects, 22% free, 54MB/70MB, paused 564us total 24.695ms
08-03 23:39:43.862  1752  1765 I art     : Starting a blocking GC Explicit
08-03 23:39:43.888  1752  1765 I art     : Explicit concurrent mark sweep GC freed 3(96B) AllocSpace objects, 0(0B) LOS objects, 22% free, 54MB/70MB, paused 590us total 25.443ms
08-03 23:39:43.897  1752  1765 I art     : Starting a blocking GC Explicit
08-03 23:39:43.923  1752  1765 I art     : Explicit concurrent mark sweep GC freed 3(96B) AllocSpace objects, 0(0B) LOS objects, 22% free, 54MB/70MB, paused 572us total 25.538ms
08-03 23:39:44.265  1752  1763 I art     : Starting a blocking GC Explicit
08-03 23:39:44.297  1752  1763 I art     : Explicit concurrent mark sweep GC freed 1343(78KB) AllocSpace objects, 1(20KB) LOS objects, 22% free, 54MB/70MB, paused 626us total 31.249ms
08-03 23:39:44.306  1752  1763 I art     : Starting a blocking GC Explicit
08-03 23:39:44.332  1752  1763 I art     : Explicit concurrent mark sweep GC freed 20(704B) AllocSpace objects, 0(0B) LOS objects, 22% free, 54MB/70MB, paused 557us total 25.257ms
08-03 23:39:44.341  1752  1763 I art     : Starting a blocking GC Explicit
08-03 23:39:44.366  1752  1763 I art     : Explicit concurrent mark sweep GC freed 3(96B) AllocSpace objects, 0(0B) LOS objects, 22% free, 54MB/70MB, paused 555us total 24.736ms
08-03 23:39:44.376  1752  1763 I art     : Starting a blocking GC Explicit
08-03 23:39:44.401  1752  1763 I art     : Explicit concurrent mark sweep GC freed 3(96B) AllocSpace objects, 0(0B) LOS objects, 22% free, 54MB/70MB, paused 540us total 25.074ms
08-03 23:39:44.411  1752  1763 I art     : Starting a blocking GC Explicit
08-03 23:39:44.435  1752  1763 I art     : Explicit concurrent mark sweep GC freed 3(96B) AllocSpace objects, 0(0B) LOS objects, 22% free, 54MB/70MB, paused 558us total 24.392ms
08-03 23:39:44.743  1752  2234 I art     : Starting a blocking GC Explicit
08-03 23:39:44.765 29081 29081 I ServiceManager: Waiting for service AtCmdFwd...
08-03 23:39:44.768  1752  2234 I art     : Explicit concurrent mark sweep GC freed 1343(78KB) AllocSpace objects, 1(20KB) LOS objects, 22% free, 54MB/70MB, paused 625us total 24.831ms
08-03 23:39:44.777  1752  2234 I art     : Starting a blocking GC Explicit
08-03 23:39:44.801  1752  2234 I art     : Explicit concurrent mark sweep GC freed 20(704B) AllocSpace objects, 0(0B) LOS objects, 22% free, 54MB/70MB, paused 636us total 23.961ms
08-03 23:39:44.810  1752  2234 I art     : Starting a blocking GC Explicit
08-03 23:39:44.834  1752  2234 I art     : Explicit concurrent mark sweep GC freed 3(96B) AllocSpace objects, 0(0B) LOS objects, 22% free, 54MB/70MB, paused 548us total 23.899ms
08-03 23:39:44.843  1752  2234 I art     : Starting a blocking GC Explicit
08-03 23:39:44.867  1752  2234 I art     : Explicit concurrent mark sweep GC freed 3(96B) AllocSpace objects, 0(0B) LOS objects, 22% free, 54MB/70MB, paused 609us total 23.461ms
08-03 23:39:44.876  1752  2234 I art     : Starting a blocking GC Explicit
08-03 23:39:44.900  1752  2234 I art     : Explicit concurrent mark sweep GC freed 3(96B) AllocSpace objects, 0(0B) LOS objects, 22% free, 54MB/70MB, paused 556us total 23.837ms
08-03 23:39:45.055  6244  6244 D AndroidRuntime: >>>>>> START com.android.internal.os.RuntimeInit uid 2000 <<<<<<
08-03 23:39:45.061  6244  6244 D AndroidRuntime: CheckJNI is OFF
08-03 23:39:45.094  6244  6244 D ICU     : No timezone override file found: /data/misc/zoneinfo/current/icu/icu_tzdata.dat
08-03 23:39:45.126  6244  6244 I Radio-JNI: register_android_hardware_Radio DONE
08-03 23:39:45.147  6244  6244 D AndroidRuntime: Calling main entry com.android.commands.input.Input
08-03 23:39:45.149  6244  6244 I Input   : injectKeyEvent: KeyEvent { action=ACTION_DOWN, keyCode=KEYCODE_BACK, scanCode=0, metaState=0, flags=0x0, repeatCount=0, eventTime=661201562, downTime=661201562, deviceId=-1, source=0x101 }
08-03 23:39:45.153  6244  6244 I Input   : injectKeyEvent: KeyEvent { action=ACTION_UP, keyCode=KEYCODE_BACK, scanCode=0, metaState=0, flags=0x0, repeatCount=0, eventTime=661201562, downTime=661201562, deviceId=-1, source=0x101 }
08-03 23:39:45.159  6244  6244 D AndroidRuntime: Shutting down VM
08-03 23:39:45.195  1752  2234 I art     : Starting a blocking GC Explicit
08-03 23:39:45.197 13866 13866 I GoogleInputMethodServic: GoogleInputMethodService.onFinishInput():3138 
08-03 23:39:45.197 13866 13866 I GoogleInputMethodServic: GoogleInputMethodService.onStartInput():1808 
08-03 23:39:45.220  1752  2234 I art     : Explicit concurrent mark sweep GC freed 1544(86KB) AllocSpace objects, 1(20KB) LOS objects, 22% free, 54MB/70MB, paused 722us total 24.510ms
08-03 23:39:45.230  1752  2234 I art     : Starting a blocking GC Explicit
08-03 23:39:45.254  1752  2234 I art     : Explicit concurrent mark sweep GC freed 43(1472B) AllocSpace objects, 0(0B) LOS objects, 22% free, 54MB/70MB, paused 604us total 24.030ms
08-03 23:39:45.263  1752  2234 I art     : Starting a blocking GC Explicit
08-03 23:39:45.284  1752  2234 I art     : Explicit concurrent mark sweep GC freed 4(144B) AllocSpace objects, 0(0B) LOS objects, 22% free, 54MB/70MB, paused 521us total 21.152ms
08-03 23:39:45.294  1752  2234 I art     : Starting a blocking GC Explicit
08-03 23:39:45.314  1752  2234 I art     : Explicit concurrent mark sweep GC freed 3(96B) AllocSpace objects, 0(0B) LOS objects, 22% free, 54MB/70MB, paused 508us total 20.375ms
08-03 23:39:45.322  1752  2234 I art     : Starting a blocking GC Explicit
08-03 23:39:45.343  1752  2234 I art     : Explicit concurrent mark sweep GC freed 3(96B) AllocSpace objects, 0(0B) LOS objects, 22% free, 54MB/70MB, paused 485us total 20.284ms
08-03 23:39:45.503   380   380 W SurfaceFlinger: couldn't log to binary event log: overflow.
08-03 23:39:45.591  1752  2234 I art     : Starting a blocking GC Explicit
08-03 23:39:45.615  1752  2234 I art     : Explicit concurrent mark sweep GC freed 1452(86KB) AllocSpace objects, 1(20KB) LOS objects, 22% free, 54MB/70MB, paused 527us total 22.981ms
08-03 23:39:45.623  1752  2234 I art     : Starting a blocking GC Explicit
08-03 23:39:45.645  1752  2234 I art     : Explicit concurrent mark sweep GC freed 1670(108KB) AllocSpace objects, 3(180KB) LOS objects, 22% free, 53MB/69MB, paused 525us total 22.178ms
08-03 23:39:45.654  1752  2234 I art     : Starting a blocking GC Explicit
08-03 23:39:45.675  1752  2234 I art     : Explicit concurrent mark sweep GC freed 3(96B) AllocSpace objects, 0(0B) LOS objects, 22% free, 53MB/69MB, paused 522us total 21.517ms
08-03 23:39:45.684  1752  2234 I art     : Starting a blocking GC Explicit
08-03 23:39:45.707  1752  2234 I art     : Explicit concurrent mark sweep GC freed 3(96B) AllocSpace objects, 0(0B) LOS objects, 22% free, 53MB/69MB, paused 596us total 22.991ms
08-03 23:39:45.716  1752  2234 I art     : Starting a blocking GC Explicit
08-03 23:39:45.739  1752  2234 I art     : Explicit concurrent mark sweep GC freed 3(96B) AllocSpace objects, 0(0B) LOS objects, 22% free, 53MB/69MB, paused 582us total 22.892ms
08-03 23:39:45.765 29081 29081 I ServiceManager: Waiting for service AtCmdFwd...
08-03 23:39:46.039  1752  1845 I art     : Starting a blocking GC Explicit
08-03 23:39:46.074  1752  1845 I art     : Explicit concurrent mark sweep GC freed 1343(78KB) AllocSpace objects, 1(20KB) LOS objects, 22% free, 53MB/69MB, paused 598us total 34.665ms
08-03 23:39:46.089  1752  1845 I art     : Starting a blocking GC Explicit
08-03 23:39:46.114  1752  1845 I art     : Explicit concurrent mark sweep GC freed 20(704B) AllocSpace objects, 0(0B) LOS objects, 22% free, 53MB/69MB, paused 541us total 25.445ms
08-03 23:39:46.124  1752  1845 I art     : Starting a blocking GC Explicit
08-03 23:39:46.148  1752  1845 I art     : Explicit concurrent mark sweep GC freed 3(96B) AllocSpace objects, 0(0B) LOS objects, 22% free, 53MB/69MB, paused 585us total 24.035ms
08-03 23:39:46.157  1752  1845 I art     : Starting a blocking GC Explicit
08-03 23:39:46.181  1752  1845 I art     : Explicit concurrent mark sweep GC freed 3(96B) AllocSpace objects, 0(0B) LOS objects, 22% free, 53MB/69MB, paused 550us total 23.860ms
08-03 23:39:46.191  1752  1845 I art     : Starting a blocking GC Explicit
08-03 23:39:46.214  1752  1845 I art     : Explicit concurrent mark sweep GC freed 3(96B) AllocSpace objects, 0(0B) LOS objects, 22% free, 53MB/69MB, paused 542us total 23.417ms
08-03 23:39:46.492  1752  1765 I art     : Starting a blocking GC Explicit
08-03 23:39:46.517  1752  1765 I art     : Explicit concurrent mark sweep GC freed 1343(78KB) AllocSpace objects, 1(20KB) LOS objects, 22% free, 53MB/69MB, paused 622us total 24.421ms
08-03 23:39:46.526  1752  1765 I art     : Starting a blocking GC Explicit
08-03 23:39:46.549  1752  1765 I art     : Explicit concurrent mark sweep GC freed 20(704B) AllocSpace objects, 0(0B) LOS objects, 22% free, 53MB/69MB, paused 561us total 23.370ms
08-03 23:39:46.558  1752  1765 I art     : Starting a blocking GC Explicit
08-03 23:39:46.582  1752  1765 I art     : Explicit concurrent mark sweep GC freed 3(96B) AllocSpace objects, 0(0B) LOS objects, 22% free, 53MB/69MB, paused 550us total 23.107ms
08-03 23:39:46.591  1752  1765 I art     : Starting a blocking GC Explicit
08-03 23:39:46.614  1752  1765 I art     : Explicit concurrent mark sweep GC freed 3(96B) AllocSpace objects, 0(0B) LOS objects, 22% free, 53MB/69MB, paused 558us total 22.998ms
08-03 23:39:46.623  1752  1765 I art     : Starting a blocking GC Explicit
08-03 23:39:46.646  1752  1765 I art     : Explicit concurrent mark sweep GC freed 3(96B) AllocSpace objects, 0(0B) LOS objects, 22% free, 53MB/69MB, paused 579us total 23.218ms
08-03 23:39:46.766 29081 29081 I ServiceManager: Waiting for service AtCmdFwd...
08-03 23:39:46.824  6312  6312 D AndroidRuntime: >>>>>> START com.android.internal.os.RuntimeInit uid 2000 <<<<<<
08-03 23:39:46.828  6312  6312 D AndroidRuntime: CheckJNI is OFF
08-03 23:39:46.861  6312  6312 D ICU     : No timezone override file found: /data/misc/zoneinfo/current/icu/icu_tzdata.dat
08-03 23:39:46.894  6312  6312 I Radio-JNI: register_android_hardware_Radio DONE
08-03 23:39:46.916  6312  6312 D AndroidRuntime: Calling main entry com.android.commands.input.Input
08-03 23:39:46.917  6312  6312 I Input   : injectKeyEvent: KeyEvent { action=ACTION_DOWN, keyCode=KEYCODE_BACK, scanCode=0, metaState=0, flags=0x0, repeatCount=0, eventTime=661203331, downTime=661203331, deviceId=-1, source=0x101 }
08-03 23:39:46.921  1752  3375 I art     : Starting a blocking GC Explicit
08-03 23:39:46.922  6312  6312 I Input   : injectKeyEvent: KeyEvent { action=ACTION_UP, keyCode=KEYCODE_BACK, scanCode=0, metaState=0, flags=0x0, repeatCount=0, eventTime=661203331, downTime=661203331, deviceId=-1, source=0x101 }
08-03 23:39:46.926  6312  6312 D AndroidRuntime: Shutting down VM
08-03 23:39:46.944  1752  3375 I art     : Explicit concurrent mark sweep GC freed 1485(84KB) AllocSpace objects, 1(20KB) LOS objects, 22% free, 53MB/69MB, paused 612us total 23.458ms
08-03 23:39:46.953  1752  3375 I art     : Starting a blocking GC Explicit
08-03 23:39:46.965 13866 13866 I GoogleInputMethodServic: GoogleInputMethodService.onFinishInput():3138 
08-03 23:39:46.966 13866 13866 I GoogleInputMethodServic: GoogleInputMethodService.onStartInput():1808 
08-03 23:39:46.978  1752  3375 I art     : Explicit concurrent mark sweep GC freed 30(1184B) AllocSpace objects, 0(0B) LOS objects, 22% free, 53MB/69MB, paused 613us total 24.974ms
08-03 23:39:46.986  1752  3375 I art     : Starting a blocking GC Explicit
08-03 23:39:47.007  1752  3375 I art     : Explicit concurrent mark sweep GC freed 64(2128B) AllocSpace objects, 0(0B) LOS objects, 22% free, 53MB/69MB, paused 515us total 20.595ms
08-03 23:39:47.015  1752  3375 I art     : Starting a blocking GC Explicit
08-03 23:39:47.035  1752  3375 I art     : Explicit concurrent mark sweep GC freed 3(96B) AllocSpace objects, 0(0B) LOS objects, 22% free, 53MB/69MB, paused 528us total 19.585ms
08-03 23:39:47.043  1752  3375 I art     : Starting a blocking GC Explicit
08-03 23:39:47.067  1752  3375 I art     : Explicit concurrent mark sweep GC freed 3(96B) AllocSpace objects, 0(0B) LOS objects, 22% free, 53MB/69MB, paused 595us total 23.343ms
08-03 23:39:47.340  1752  1765 I art     : Starting a blocking GC Explicit
08-03 23:39:47.365  1752  1765 I art     : Explicit concurrent mark sweep GC freed 2019(110KB) AllocSpace objects, 1(20KB) LOS objects, 22% free, 53MB/69MB, paused 587us total 24.412ms
08-03 23:39:47.374  1752  1765 I art     : Starting a blocking GC Explicit
08-03 23:39:47.398  1752  1765 I art     : Explicit concurrent mark sweep GC freed 2678(174KB) AllocSpace objects, 1(28KB) LOS objects, 23% free, 53MB/69MB, paused 655us total 23.607ms
08-03 23:39:47.407  1752  1765 I art     : Starting a blocking GC Explicit
08-03 23:39:47.430  1752  1765 I art     : Explicit concurrent mark sweep GC freed 3(96B) AllocSpace objects, 0(0B) LOS objects, 23% free, 53MB/69MB, paused 554us total 22.794ms
08-03 23:39:47.439  1752  1765 I art     : Starting a blocking GC Explicit
08-03 23:39:47.462  1752  1765 I art     : Explicit concurrent mark sweep GC freed 3(96B) AllocSpace objects, 0(0B) LOS objects, 23% free, 53MB/69MB, paused 637us total 22.883ms
08-03 23:39:47.471  1752  1765 I art     : Starting a blocking GC Explicit
08-03 23:39:47.495  1752  1765 I art     : Explicit concurrent mark sweep GC freed 3(96B) AllocSpace objects, 0(0B) LOS objects, 23% free, 53MB/69MB, paused 561us total 23.479ms
08-03 23:39:47.766 29081 29081 W Atfwd_Sendcmd: AtCmdFwd service not published, waiting... retryCnt : 5
08-03 23:39:47.797  1752  2234 I art     : Starting a blocking GC Explicit
08-03 23:39:47.832  1752  2234 I art     : Explicit concurrent mark sweep GC freed 1343(78KB) AllocSpace objects, 1(20KB) LOS objects, 23% free, 53MB/69MB, paused 588us total 34.214ms
08-03 23:39:47.845  1752  2234 I art     : Starting a blocking GC Explicit
08-03 23:39:47.869  1752  2234 I art     : Explicit concurrent mark sweep GC freed 20(704B) AllocSpace objects, 0(0B) LOS objects, 23% free, 53MB/69MB, paused 558us total 24.063ms
08-03 23:39:47.878  1752  2234 I art     : Starting a blocking GC Explicit
08-03 23:39:47.901  1752  2234 I art     : Explicit concurrent mark sweep GC freed 3(96B) AllocSpace objects, 0(0B) LOS objects, 23% free, 53MB/69MB, paused 550us total 22.912ms
08-03 23:39:47.910  1752  2234 I art     : Starting a blocking GC Explicit
08-03 23:39:47.933  1752  2234 I art     : Explicit concurrent mark sweep GC freed 3(96B) AllocSpace objects, 0(0B) LOS objects, 23% free, 53MB/69MB, paused 508us total 22.920ms
08-03 23:39:47.943  1752  2234 I art     : Starting a blocking GC Explicit
08-03 23:39:47.966  1752  2234 I art     : Explicit concurrent mark sweep GC freed 3(96B) AllocSpace objects, 0(0B) LOS objects, 23% free, 53MB/69MB, paused 655us total 23.044ms
08-03 23:39:48.253  1752  1763 I art     : Starting a blocking GC Explicit
08-03 23:39:48.276  1752  1763 I art     : Explicit concurrent mark sweep GC freed 1340(78KB) AllocSpace objects, 1(20KB) LOS objects, 23% free, 53MB/69MB, paused 601us total 22.739ms
08-03 23:39:48.285  1752  1763 I art     : Starting a blocking GC Explicit
08-03 23:39:48.309  1752  1763 I art     : Explicit concurrent mark sweep GC freed 20(704B) AllocSpace objects, 0(0B) LOS objects, 23% free, 53MB/69MB, paused 679us total 23.169ms
08-03 23:39:48.318  1752  1763 I art     : Starting a blocking GC Explicit
08-03 23:39:48.340  1752  1763 I art     : Explicit concurrent mark sweep GC freed 3(96B) AllocSpace objects, 0(0B) LOS objects, 23% free, 53MB/69MB, paused 553us total 21.862ms
08-03 23:39:48.349  1752  1763 I art     : Starting a blocking GC Explicit
08-03 23:39:48.371  1752  1763 I art     : Explicit concurrent mark sweep GC freed 3(96B) AllocSpace objects, 0(0B) LOS objects, 23% free, 53MB/69MB, paused 553us total 21.947ms
08-03 23:39:48.380  1752  1763 I art     : Starting a blocking GC Explicit
08-03 23:39:48.402  1752  1763 I art     : Explicit concurrent mark sweep GC freed 3(96B) AllocSpace objects, 0(0B) LOS objects, 23% free, 53MB/69MB, paused 552us total 21.674ms
08-03 23:39:48.625  6375  6375 D AndroidRuntime: >>>>>> START com.android.internal.os.RuntimeInit uid 2000 <<<<<<
08-03 23:39:48.631  6375  6375 D AndroidRuntime: CheckJNI is OFF
08-03 23:39:48.663  6375  6375 D ICU     : No timezone override file found: /data/misc/zoneinfo/current/icu/icu_tzdata.dat
08-03 23:39:48.697  6375  6375 I Radio-JNI: register_android_hardware_Radio DONE
08-03 23:39:48.718  6375  6375 D AndroidRuntime: Calling main entry com.android.commands.am.Am
08-03 23:39:48.718  1752  1845 I art     : Starting a blocking GC Explicit
08-03 23:39:48.724  8825  8825 I Trepn   : Trepn 6.2s: Received intent: com.quicinc.trepn.stop_profiling
08-03 23:39:48.741  1752  1845 I art     : Explicit concurrent mark sweep GC freed 1340(78KB) AllocSpace objects, 1(20KB) LOS objects, 23% free, 53MB/69MB, paused 500us total 21.933ms
08-03 23:39:48.750  8825  8825 I Trepn   : Trepn 6.2s: Trepn has Stopped Profiling.
08-03 23:39:48.750  1752  1845 I art     : Starting a blocking GC Explicit
08-03 23:39:48.773  1752  1845 I art     : Explicit concurrent mark sweep GC freed 20(704B) AllocSpace objects, 0(0B) LOS objects, 23% free, 53MB/69MB, paused 554us total 22.105ms
08-03 23:39:48.781  1752  1845 I art     : Starting a blocking GC Explicit
08-03 23:39:48.803  1752  1845 I art     : Explicit concurrent mark sweep GC freed 3(96B) AllocSpace objects, 0(0B) LOS objects, 23% free, 53MB/69MB, paused 537us total 22.062ms
08-03 23:39:48.812  1752  1845 I art     : Starting a blocking GC Explicit
08-03 23:39:48.834  1752  1845 I art     : Explicit concurrent mark sweep GC freed 3(96B) AllocSpace objects, 0(0B) LOS objects, 23% free, 53MB/69MB, paused 534us total 21.583ms
08-03 23:39:48.843  1752  1845 I art     : Starting a blocking GC Explicit
08-03 23:39:48.865  1752  1845 I art     : Explicit concurrent mark sweep GC freed 3(96B) AllocSpace objects, 0(0B) LOS objects, 23% free, 53MB/69MB, paused 594us total 22.303ms
08-03 23:39:48.988  6375  6375 D AndroidRuntime: Shutting down VM
08-03 23:39:48.995   918  3359 W AppOps  : Finishing op nesting under-run: uid 10078 pkg com.quicinc.trepn code 24 time=0 duration=0 nesting=0
08-03 23:39:49.163  1752  3375 I art     : Starting a blocking GC Explicit
08-03 23:39:49.194  1752  3375 I art     : Explicit concurrent mark sweep GC freed 1340(78KB) AllocSpace objects, 1(20KB) LOS objects, 23% free, 53MB/69MB, paused 629us total 30.222ms
08-03 23:39:49.208  1752  3375 I art     : Starting a blocking GC Explicit
08-03 23:39:49.231  1752  3375 I art     : Explicit concurrent mark sweep GC freed 20(704B) AllocSpace objects, 0(0B) LOS objects, 23% free, 53MB/69MB, paused 535us total 22.911ms
08-03 23:39:49.241  1752  3375 I art     : Starting a blocking GC Explicit
08-03 23:39:49.262  1752  3375 I art     : Explicit concurrent mark sweep GC freed 3(96B) AllocSpace objects, 0(0B) LOS objects, 23% free, 53MB/69MB, paused 512us total 20.997ms
08-03 23:39:49.271  1752  3375 I art     : Starting a blocking GC Explicit
08-03 23:39:49.293  1752  3375 I art     : Explicit concurrent mark sweep GC freed 3(96B) AllocSpace objects, 0(0B) LOS objects, 23% free, 53MB/69MB, paused 493us total 21.440ms
08-03 23:39:49.301  1752  3375 I art     : Starting a blocking GC Explicit
08-03 23:39:49.322  1752  3375 I art     : Explicit concurrent mark sweep GC freed 3(96B) AllocSpace objects, 0(0B) LOS objects, 23% free, 53MB/69MB, paused 516us total 21.039ms
