--------- beginning of main
08-04 21:08:06.342  6966  6966 D AndroidRuntime: >>>>>> START com.android.internal.os.RuntimeInit uid 2000 <<<<<<
08-04 21:08:06.346  6966  6966 D AndroidRuntime: CheckJNI is OFF
08-04 21:08:06.372  6966  6966 D ICU     : No timezone override file found: /data/misc/zoneinfo/current/icu/icu_tzdata.dat
08-04 21:08:06.400  6966  6966 I Radio-JNI: register_android_hardware_Radio DONE
08-04 21:08:06.416  6966  6966 D AndroidRuntime: Calling main entry com.android.commands.monkey.Monkey
--------- beginning of system
08-04 21:08:06.432   918   931 W BroadcastQueue: Skipping deliver [background] BroadcastRecord{dad72b9 u-1 android.net.conn.CONNECTIVITY_CHANGE} to ReceiverList{fe466fe 6966 (unknown name)/2000/u-1 remote:a098503}: process crashing
08-04 21:08:06.442   918  3359 I ActivityManager: START u0 {act=android.intent.action.MAIN cat=[android.intent.category.LAUNCHER] flg=0x10200000 cmp=baseline.appteam.nith.hillffair/.activities.SplashActivity} from uid 2000 on display 0
08-04 21:08:06.475  6975  6975 I art     : Late-enabling -Xcheck:jni
08-04 21:08:06.478   918  3670 I ActivityManager: Start proc 6975:baseline.appteam.nith.hillffair/u0a651 for activity baseline.appteam.nith.hillffair/.activities.SplashActivity
08-04 21:08:06.485  6966  6966 I art     : System.exit called, status: 0
08-04 21:08:06.485  6966  6966 I AndroidRuntime: VM exiting with result code 0.
08-04 21:08:06.548   719  2127 I PBSessionCacheImpl: Deleted sessionId[3163792008073881] from persistence.
08-04 21:08:06.558   719   760 W SearchServiceCore: Abort, client detached.
08-04 21:08:06.559   719   760 I MicroDetectionState: Should stop hotword detection immediately - true
08-04 21:08:06.591  6975  6975 W System  : ClassLoader referenced unknown path: /data/app/baseline.appteam.nith.hillffair-1/lib/arm64
08-04 21:08:06.712  6975  6975 W OneSignal: GCM Library detected, please upgrade to Firebase FCM library as GCM is deprecated!
08-04 21:08:06.825  6975  6975 W art     : Before Android 4.1, method android.graphics.PorterDuffColorFilter androidx.vectordrawable.graphics.drawable.VectorDrawableCompat.updateTintFilter(android.graphics.PorterDuffColorFilter, android.content.res.ColorStateList, android.graphics.PorterDuff$Mode) would have incorrectly overridden the package-private method in android.graphics.drawable.Drawable
08-04 21:08:06.858  6975  6975 I art     : Rejecting re-init on previously-failed class java.lang.Class<androidx.core.view.ViewCompat$2>
08-04 21:08:06.858  6975  6975 I art     : Rejecting re-init on previously-failed class java.lang.Class<androidx.core.view.ViewCompat$2>
08-04 21:08:06.938  6975  7001 D OpenGLRenderer: Use EGL_SWAP_BEHAVIOR_PRESERVED: true
08-04 21:08:06.991  6975  7001 I Adreno  : QUALCOMM build                   : fcf4852, I1af360237c
08-04 21:08:06.991  6975  7001 I Adreno  : Build Date                       : 09/23/15
08-04 21:08:06.991  6975  7001 I Adreno  : OpenGL ES Shader Compiler Version: XE031.05.13.02
08-04 21:08:06.991  6975  7001 I Adreno  : Local Branch                     : mybranch14465806
08-04 21:08:06.991  6975  7001 I Adreno  : Remote Branch                    : quic/LA.BF64.1.2.9_v2
08-04 21:08:06.991  6975  7001 I Adreno  : Remote Branch                    : NONE
08-04 21:08:06.991  6975  7001 I Adreno  : Reconstruct Branch               : NOTHING
08-04 21:08:07.005  6975  7001 I OpenGLRenderer: Initialized EGL, version 1.4
08-04 21:08:07.050 13866 13866 I GoogleInputMethodServic: GoogleInputMethodService.onFinishInput():3138 
08-04 21:08:07.051 13866 13866 I GoogleInputMethodServic: GoogleInputMethodService.onStartInput():1808 
08-04 21:08:07.102   918   936 I ActivityManager: Displayed baseline.appteam.nith.hillffair/.activities.SplashActivity: +653ms
08-04 21:08:07.221  6975  7010 W GCM     : GCM SDK is deprecated, baseline.appteam.nith.hillffair should update to use FCM
08-04 21:08:07.273 24365 24314 W Conscrypt: Could not set socket write timeout: java.net.SocketException: Socket closed
08-04 21:08:07.273 24365 24314 E art     : invalid stream - problem with parameter iterator in /data/app/com.google.android.gms-2/base.apk:classes3.dex for method void com.google.android.gms.org.conscrypt.ConscryptFileDescriptorSocket.setSoWriteTimeout(int)
08-04 21:08:07.279 24365 24314 W Conscrypt: 	at com.google.android.gms.org.conscrypt.Platform.setSocketWriteTimeout(:com.google.android.gms@202614019@20.26.14 (040400-320008519):2)
08-04 21:08:07.279 24365 24314 W Conscrypt: 	at com.google.android.gms.org.conscrypt.ConscryptFileDescriptorSocket.setSoWriteTimeout(:com.google.android.gms@202614019@20.26.14 (040400-320008519))
08-04 21:08:07.302 24365 24314 W Conscrypt: Could not set socket write timeout: java.net.SocketException: Socket closed
08-04 21:08:07.302 24365 24314 E art     : invalid stream - problem with parameter iterator in /data/app/com.google.android.gms-2/base.apk:classes3.dex for method void com.google.android.gms.org.conscrypt.ConscryptFileDescriptorSocket.setSoWriteTimeout(int)
08-04 21:08:07.302 24365 24314 W Conscrypt: 	at com.google.android.gms.org.conscrypt.Platform.setSocketWriteTimeout(:com.google.android.gms@202614019@20.26.14 (040400-320008519):2)
08-04 21:08:07.303 24365 24314 W Conscrypt: 	at com.google.android.gms.org.conscrypt.ConscryptFileDescriptorSocket.setSoWriteTimeout(:com.google.android.gms@202614019@20.26.14 (040400-320008519))
08-04 21:08:07.363 24365 24314 W Conscrypt: Could not set socket write timeout: java.net.SocketException: Socket closed
08-04 21:08:07.364 24365 24314 E art     : invalid stream - problem with parameter iterator in /data/app/com.google.android.gms-2/base.apk:classes3.dex for method void com.google.android.gms.org.conscrypt.ConscryptFileDescriptorSocket.setSoWriteTimeout(int)
08-04 21:08:07.364 24365 24314 W Conscrypt: 	at com.google.android.gms.org.conscrypt.Platform.setSocketWriteTimeout(:com.google.android.gms@202614019@20.26.14 (040400-320008519):2)
08-04 21:08:07.364 24365 24314 W Conscrypt: 	at com.google.android.gms.org.conscrypt.ConscryptFileDescriptorSocket.setSoWriteTimeout(:com.google.android.gms@202614019@20.26.14 (040400-320008519))
08-04 21:08:07.381 24365 24314 W Conscrypt: Could not set socket write timeout: java.net.SocketException: Socket closed
08-04 21:08:07.381 24365 24314 E art     : invalid stream - problem with parameter iterator in /data/app/com.google.android.gms-2/base.apk:classes3.dex for method void com.google.android.gms.org.conscrypt.ConscryptFileDescriptorSocket.setSoWriteTimeout(int)
08-04 21:08:07.381 24365 24314 W Conscrypt: 	at com.google.android.gms.org.conscrypt.Platform.setSocketWriteTimeout(:com.google.android.gms@202614019@20.26.14 (040400-320008519):2)
08-04 21:08:07.381 24365 24314 W Conscrypt: 	at com.google.android.gms.org.conscrypt.ConscryptFileDescriptorSocket.setSoWriteTimeout(:com.google.android.gms@202614019@20.26.14 (040400-320008519))
08-04 21:08:07.539  6975  7010 E OneSignal: Error Getting GCM Token
08-04 21:08:07.539  6975  7010 E OneSignal: java.io.IOException: INVALID_SENDER
08-04 21:08:07.539  6975  7010 E OneSignal: 	at com.google.android.gms.gcm.GoogleCloudMessaging.zzd(Unknown Source)
08-04 21:08:07.539  6975  7010 E OneSignal: 	at com.google.android.gms.gcm.GoogleCloudMessaging.register(Unknown Source)
08-04 21:08:07.539  6975  7010 E OneSignal: 	at com.onesignal.PushRegistratorGCM.getToken(PushRegistratorGCM.java:42)
08-04 21:08:07.539  6975  7010 E OneSignal: 	at com.onesignal.PushRegistratorAbstractGoogle.attemptRegistration(PushRegistratorAbstractGoogle.java:97)
08-04 21:08:07.539  6975  7010 E OneSignal: 	at com.onesignal.PushRegistratorAbstractGoogle.access$100(PushRegistratorAbstractGoogle.java:37)
08-04 21:08:07.539  6975  7010 E OneSignal: 	at com.onesignal.PushRegistratorAbstractGoogle$1.run(PushRegistratorAbstractGoogle.java:84)
08-04 21:08:07.539  6975  7010 E OneSignal: 	at java.lang.Thread.run(Thread.java:818)
08-04 21:08:07.552  6975  7016 I art     : Rejecting re-init on previously-failed class java.lang.Class<com.onesignal.OneSignalChromeTab$OneSignalCustomTabsServiceConnection>
08-04 21:08:07.552  6975  7016 I art     : Rejecting re-init on previously-failed class java.lang.Class<com.onesignal.OneSignalChromeTab$OneSignalCustomTabsServiceConnection>
08-04 21:08:08.068  7025  7025 D AndroidRuntime: >>>>>> START com.android.internal.os.RuntimeInit uid 2000 <<<<<<
08-04 21:08:08.074  7025  7025 D AndroidRuntime: CheckJNI is OFF
08-04 21:08:08.109  7025  7025 D ICU     : No timezone override file found: /data/misc/zoneinfo/current/icu/icu_tzdata.dat
08-04 21:08:08.145  7025  7025 I Radio-JNI: register_android_hardware_Radio DONE
08-04 21:08:08.161  7025  7025 D AndroidRuntime: Calling main entry com.android.commands.am.Am
08-04 21:08:08.172  2246  2246 I Trepn   : Trepn 6.2s: Received intent: com.quicinc.trepn.start_profiling
08-04 21:08:08.318  2246  2246 W FileUtils: Failed to chmod(/storage/emulated/0/trepn/Trepn_2020.08.04_210808.db): android.system.ErrnoException: chmod failed: EPERM (Operation not permitted)
08-04 21:08:08.404   918   928 I ActivityManager: START u0 {cmp=baseline.appteam.nith.hillffair/.activities.WelcomeActivity} from uid 10651 on display 0
08-04 21:08:08.441   918  3670 I ActivityManager: START u0 {cmp=baseline.appteam.nith.hillffair/.activities.HomeActivity} from uid 10651 on display 0
08-04 21:08:08.448   918  6110 W ActivityManager: Duplicate finish request for ActivityRecord{a6c650c u0 baseline.appteam.nith.hillffair/.activities.WelcomeActivity t3998 f}
08-04 21:08:08.483  2246  2246 I Trepn   : Trepn 6.2s: Trepn has Started Profiling.
08-04 21:08:08.484  7025  7025 D AndroidRuntime: Shutting down VM
08-04 21:08:08.918  6975  7004 I art     : Starting a blocking GC Explicit
08-04 21:08:08.941  6975  7004 I art     : Explicit concurrent mark sweep GC freed 2065(429KB) AllocSpace objects, 0(0B) LOS objects, 24% free, 48MB/64MB, paused 144us total 22.619ms
08-04 21:08:08.942   918   936 I ActivityManager: Displayed baseline.appteam.nith.hillffair/.activities.HomeActivity: +433ms (total +522ms)
08-04 21:08:08.942 13866 13866 I GoogleInputMethodServic: GoogleInputMethodService.onFinishInput():3138 
08-04 21:08:08.943 13866 13866 I GoogleInputMethodServic: GoogleInputMethodService.onStartInput():1808 
08-04 21:08:08.947  6975  7004 I art     : Starting a blocking GC Explicit
08-04 21:08:08.960  6975  7004 I art     : Explicit concurrent mark sweep GC freed 423(29KB) AllocSpace objects, 0(0B) LOS objects, 24% free, 48MB/64MB, paused 246us total 13.005ms
08-04 21:08:08.970  6975  7004 I art     : Starting a blocking GC Explicit
08-04 21:08:08.982  6975  7004 I art     : Explicit concurrent mark sweep GC freed 39(1360B) AllocSpace objects, 0(0B) LOS objects, 24% free, 48MB/64MB, paused 158us total 11.527ms
08-04 21:08:08.988  6975  7004 I art     : Starting a blocking GC Explicit
08-04 21:08:08.998  6975  7004 I art     : Explicit concurrent mark sweep GC freed 5(160B) AllocSpace objects, 0(0B) LOS objects, 24% free, 48MB/64MB, paused 213us total 10.358ms
08-04 21:08:09.005  6975  7004 I art     : Starting a blocking GC Explicit
08-04 21:08:09.016  6975  7004 I art     : Explicit concurrent mark sweep GC freed 69(5KB) AllocSpace objects, 0(0B) LOS objects, 24% free, 48MB/64MB, paused 140us total 10.981ms
08-04 21:08:09.190   380   380 W SurfaceFlinger: couldn't log to binary event log: overflow.
08-04 21:08:09.330  6975  7004 I art     : Starting a blocking GC Explicit
08-04 21:08:09.348  6975  7004 I art     : Explicit concurrent mark sweep GC freed 3011(183KB) AllocSpace objects, 1(20KB) LOS objects, 25% free, 47MB/63MB, paused 257us total 17.162ms
08-04 21:08:09.355  6975  7004 I art     : Starting a blocking GC Explicit
08-04 21:08:09.369  6975  7004 I art     : Explicit concurrent mark sweep GC freed 135(6KB) AllocSpace objects, 0(0B) LOS objects, 25% free, 47MB/63MB, paused 169us total 13.075ms
08-04 21:08:09.375  6975  7004 I art     : Starting a blocking GC Explicit
08-04 21:08:09.387  6975  7004 I art     : Explicit concurrent mark sweep GC freed 781(53KB) AllocSpace objects, 0(0B) LOS objects, 25% free, 47MB/63MB, paused 162us total 11.567ms
08-04 21:08:09.393  6975  7004 I art     : Starting a blocking GC Explicit
08-04 21:08:09.403  6975  7004 I art     : Explicit concurrent mark sweep GC freed 3(96B) AllocSpace objects, 0(0B) LOS objects, 25% free, 47MB/63MB, paused 157us total 10.514ms
08-04 21:08:09.409  6975  7004 I art     : Starting a blocking GC Explicit
08-04 21:08:09.420  6975  7004 I art     : Explicit concurrent mark sweep GC freed 3(96B) AllocSpace objects, 0(0B) LOS objects, 25% free, 47MB/63MB, paused 150us total 10.451ms
08-04 21:08:09.691  6975  6988 I art     : Starting a blocking GC Explicit
08-04 21:08:09.705  6975  6988 I art     : Explicit concurrent mark sweep GC freed 1341(78KB) AllocSpace objects, 1(20KB) LOS objects, 25% free, 47MB/63MB, paused 184us total 13.289ms
08-04 21:08:09.711  6975  6988 I art     : Starting a blocking GC Explicit
08-04 21:08:09.724  6975  6988 I art     : Explicit concurrent mark sweep GC freed 20(704B) AllocSpace objects, 0(0B) LOS objects, 25% free, 47MB/63MB, paused 153us total 11.844ms
08-04 21:08:09.730  6975  6988 I art     : Starting a blocking GC Explicit
08-04 21:08:09.741  6975  6988 I art     : Explicit concurrent mark sweep GC freed 3(96B) AllocSpace objects, 0(0B) LOS objects, 25% free, 47MB/63MB, paused 161us total 11.420ms
08-04 21:08:09.748  6975  6988 I art     : Starting a blocking GC Explicit
08-04 21:08:09.759  6975  6988 I art     : Explicit concurrent mark sweep GC freed 3(96B) AllocSpace objects, 0(0B) LOS objects, 25% free, 47MB/63MB, paused 147us total 10.953ms
08-04 21:08:09.765  6975  6988 I art     : Starting a blocking GC Explicit
08-04 21:08:09.776  6975  6988 I art     : Explicit concurrent mark sweep GC freed 3(96B) AllocSpace objects, 0(0B) LOS objects, 25% free, 47MB/63MB, paused 143us total 10.913ms
08-04 21:08:10.052  6975  6987 I art     : Starting a blocking GC Explicit
08-04 21:08:10.069  6975  6987 I art     : Explicit concurrent mark sweep GC freed 1342(78KB) AllocSpace objects, 1(20KB) LOS objects, 25% free, 47MB/63MB, paused 170us total 15.986ms
08-04 21:08:10.079  6975  6987 I art     : Starting a blocking GC Explicit
08-04 21:08:10.091  6975  6987 I art     : Explicit concurrent mark sweep GC freed 20(704B) AllocSpace objects, 0(0B) LOS objects, 25% free, 47MB/63MB, paused 152us total 12.027ms
08-04 21:08:10.098  6975  6987 I art     : Starting a blocking GC Explicit
08-04 21:08:10.109  6975  6987 I art     : Explicit concurrent mark sweep GC freed 3(96B) AllocSpace objects, 0(0B) LOS objects, 25% free, 47MB/63MB, paused 156us total 11.457ms
08-04 21:08:10.116  6975  6987 I art     : Starting a blocking GC Explicit
08-04 21:08:10.128  6975  6987 I art     : Explicit concurrent mark sweep GC freed 3(96B) AllocSpace objects, 0(0B) LOS objects, 25% free, 47MB/63MB, paused 502us total 11.951ms
08-04 21:08:10.134  6975  6987 I art     : Starting a blocking GC Explicit
08-04 21:08:10.145  6975  6987 I art     : Explicit concurrent mark sweep GC freed 3(96B) AllocSpace objects, 0(0B) LOS objects, 25% free, 47MB/63MB, paused 137us total 11.475ms
08-04 21:08:10.463  6975  7004 I art     : Starting a blocking GC Explicit
08-04 21:08:10.481  6975  7004 I art     : Explicit concurrent mark sweep GC freed 1340(78KB) AllocSpace objects, 1(20KB) LOS objects, 25% free, 47MB/63MB, paused 205us total 17.579ms
08-04 21:08:10.492  6975  7004 I art     : Starting a blocking GC Explicit
08-04 21:08:10.505  6975  7004 I art     : Explicit concurrent mark sweep GC freed 20(704B) AllocSpace objects, 0(0B) LOS objects, 25% free, 47MB/63MB, paused 167us total 12.962ms
08-04 21:08:10.511  6975  7004 I art     : Starting a blocking GC Explicit
08-04 21:08:10.522  6975  7004 I art     : Explicit concurrent mark sweep GC freed 3(96B) AllocSpace objects, 0(0B) LOS objects, 25% free, 47MB/63MB, paused 157us total 11.367ms
08-04 21:08:10.529  6975  7004 I art     : Starting a blocking GC Explicit
08-04 21:08:10.540  6975  7004 I art     : Explicit concurrent mark sweep GC freed 3(96B) AllocSpace objects, 0(0B) LOS objects, 25% free, 47MB/63MB, paused 152us total 11.302ms
08-04 21:08:10.546  6975  7004 I art     : Starting a blocking GC Explicit
08-04 21:08:10.558  6975  7004 I art     : Explicit concurrent mark sweep GC freed 3(96B) AllocSpace objects, 0(0B) LOS objects, 25% free, 47MB/63MB, paused 155us total 11.381ms
08-04 21:08:10.887  6975  6988 I art     : Starting a blocking GC Explicit
08-04 21:08:10.905  6975  6988 I art     : Explicit concurrent mark sweep GC freed 1339(78KB) AllocSpace objects, 1(20KB) LOS objects, 25% free, 47MB/63MB, paused 217us total 17.357ms
08-04 21:08:10.915  6975  6988 I art     : Starting a blocking GC Explicit
08-04 21:08:10.931  6975  6988 I art     : Explicit concurrent mark sweep GC freed 20(704B) AllocSpace objects, 0(0B) LOS objects, 25% free, 47MB/63MB, paused 183us total 15.436ms
08-04 21:08:10.940  6975  6988 I art     : Starting a blocking GC Explicit
08-04 21:08:10.951  6975  6988 I art     : Explicit concurrent mark sweep GC freed 3(96B) AllocSpace objects, 0(0B) LOS objects, 25% free, 47MB/63MB, paused 151us total 11.525ms
08-04 21:08:10.958  6975  6988 I art     : Starting a blocking GC Explicit
08-04 21:08:10.970  6975  6988 I art     : Explicit concurrent mark sweep GC freed 3(96B) AllocSpace objects, 0(0B) LOS objects, 25% free, 47MB/63MB, paused 158us total 11.838ms
08-04 21:08:10.976  6975  6988 I art     : Starting a blocking GC Explicit
08-04 21:08:10.988  6975  6988 I art     : Explicit concurrent mark sweep GC freed 3(96B) AllocSpace objects, 0(0B) LOS objects, 25% free, 47MB/63MB, paused 157us total 11.598ms
08-04 21:08:11.294  6975  6987 I art     : Starting a blocking GC Explicit
08-04 21:08:11.314  6975  6987 I art     : Explicit concurrent mark sweep GC freed 1339(78KB) AllocSpace objects, 1(20KB) LOS objects, 25% free, 47MB/63MB, paused 205us total 19.898ms
08-04 21:08:11.327  6975  6987 I art     : Starting a blocking GC Explicit
08-04 21:08:11.338  6975  6987 I art     : Explicit concurrent mark sweep GC freed 20(704B) AllocSpace objects, 0(0B) LOS objects, 25% free, 47MB/63MB, paused 139us total 11.132ms
08-04 21:08:11.344  6975  6987 I art     : Starting a blocking GC Explicit
08-04 21:08:11.355  6975  6987 I art     : Explicit concurrent mark sweep GC freed 3(96B) AllocSpace objects, 0(0B) LOS objects, 25% free, 47MB/63MB, paused 159us total 10.392ms
08-04 21:08:11.360  6975  6987 I art     : Starting a blocking GC Explicit
08-04 21:08:11.371  6975  6987 I art     : Explicit concurrent mark sweep GC freed 3(96B) AllocSpace objects, 0(0B) LOS objects, 25% free, 47MB/63MB, paused 139us total 10.429ms
08-04 21:08:11.377  6975  6987 I art     : Starting a blocking GC Explicit
08-04 21:08:11.387  6975  6987 I art     : Explicit concurrent mark sweep GC freed 3(96B) AllocSpace objects, 0(0B) LOS objects, 25% free, 47MB/63MB, paused 144us total 10.443ms
08-04 21:08:11.699  6975  7004 I art     : Starting a blocking GC Explicit
08-04 21:08:11.717  6975  7004 I art     : Explicit concurrent mark sweep GC freed 1339(78KB) AllocSpace objects, 1(20KB) LOS objects, 25% free, 47MB/63MB, paused 223us total 17.339ms
08-04 21:08:11.727  6975  7004 I art     : Starting a blocking GC Explicit
08-04 21:08:11.740  6975  7004 I art     : Explicit concurrent mark sweep GC freed 20(704B) AllocSpace objects, 0(0B) LOS objects, 25% free, 47MB/63MB, paused 165us total 12.755ms
08-04 21:08:11.746  6975  7004 I art     : Starting a blocking GC Explicit
08-04 21:08:11.758  6975  7004 I art     : Explicit concurrent mark sweep GC freed 3(96B) AllocSpace objects, 0(0B) LOS objects, 25% free, 47MB/63MB, paused 156us total 11.970ms
08-04 21:08:11.765  6975  7004 I art     : Starting a blocking GC Explicit
08-04 21:08:11.776  6975  7004 I art     : Explicit concurrent mark sweep GC freed 3(96B) AllocSpace objects, 0(0B) LOS objects, 25% free, 47MB/63MB, paused 141us total 11.675ms
08-04 21:08:11.783  6975  7004 I art     : Starting a blocking GC Explicit
08-04 21:08:11.794  6975  7004 I art     : Explicit concurrent mark sweep GC freed 3(96B) AllocSpace objects, 0(0B) LOS objects, 25% free, 47MB/63MB, paused 156us total 11.359ms
08-04 21:08:12.113  6975  6988 I art     : Starting a blocking GC Explicit
08-04 21:08:12.131  6975  6988 I art     : Explicit concurrent mark sweep GC freed 1339(78KB) AllocSpace objects, 1(20KB) LOS objects, 25% free, 47MB/63MB, paused 213us total 17.956ms
08-04 21:08:12.141  6975  6988 I art     : Starting a blocking GC Explicit
08-04 21:08:12.157  6975  6988 I art     : Explicit concurrent mark sweep GC freed 20(704B) AllocSpace objects, 0(0B) LOS objects, 25% free, 47MB/63MB, paused 320us total 15.375ms
08-04 21:08:12.168  6975  6988 I art     : Starting a blocking GC Explicit
08-04 21:08:12.179  6975  6988 I art     : Explicit concurrent mark sweep GC freed 3(96B) AllocSpace objects, 0(0B) LOS objects, 25% free, 47MB/63MB, paused 152us total 11.398ms
08-04 21:08:12.186  6975  6988 I art     : Starting a blocking GC Explicit
08-04 21:08:12.198  6975  6988 I art     : Explicit concurrent mark sweep GC freed 3(96B) AllocSpace objects, 0(0B) LOS objects, 25% free, 47MB/63MB, paused 158us total 12.041ms
08-04 21:08:12.204  6975  6988 I art     : Starting a blocking GC Explicit
08-04 21:08:12.216  6975  6988 I art     : Explicit concurrent mark sweep GC freed 3(96B) AllocSpace objects, 0(0B) LOS objects, 25% free, 47MB/63MB, paused 151us total 11.860ms
08-04 21:08:12.337   918  1210 D NetlinkSocketObserver: NeighborEvent{elapsedMs=1721896212, 192.168.2.254, [7C3953A63323], RTM_NEWNEIGH, NUD_REACHABLE}
08-04 21:08:12.482  6975  6987 I art     : Starting a blocking GC Explicit
08-04 21:08:12.495  6975  6987 I art     : Explicit concurrent mark sweep GC freed 1338(78KB) AllocSpace objects, 1(20KB) LOS objects, 25% free, 47MB/63MB, paused 165us total 12.628ms
08-04 21:08:12.502  6975  6987 I art     : Starting a blocking GC Explicit
08-04 21:08:12.514  6975  6987 I art     : Explicit concurrent mark sweep GC freed 20(704B) AllocSpace objects, 0(0B) LOS objects, 25% free, 47MB/63MB, paused 144us total 11.540ms
08-04 21:08:12.520  6975  6987 I art     : Starting a blocking GC Explicit
08-04 21:08:12.531  6975  6987 I art     : Explicit concurrent mark sweep GC freed 3(96B) AllocSpace objects, 0(0B) LOS objects, 25% free, 47MB/63MB, paused 135us total 10.674ms
08-04 21:08:12.537  6975  6987 I art     : Starting a blocking GC Explicit
08-04 21:08:12.547  6975  6987 I art     : Explicit concurrent mark sweep GC freed 3(96B) AllocSpace objects, 0(0B) LOS objects, 25% free, 47MB/63MB, paused 140us total 9.701ms
08-04 21:08:12.552  6975  6987 I art     : Starting a blocking GC Explicit
08-04 21:08:12.563  6975  6987 I art     : Explicit concurrent mark sweep GC freed 184(12KB) AllocSpace objects, 0(0B) LOS objects, 25% free, 47MB/63MB, paused 179us total 10.703ms
08-04 21:08:12.649  6975  7162 W OneSignal: OneSignalRestClient: POST Error thrown from network stack. 
08-04 21:08:12.649  6975  7162 W OneSignal: java.io.IOException: unexpected end of stream on Connection{api.onesignal.com:443, proxy=HTTP@192.168.2.12:8080 hostAddress=192.168.2.12 cipherSuite=TLS_ECDHE_RSA_WITH_AES_128_GCM_SHA256 protocol=http/1.1} (recycle count=1)
08-04 21:08:12.649  6975  7162 W OneSignal: 	at com.android.okhttp.internal.http.HttpConnection.readResponse(HttpConnection.java:210)
08-04 21:08:12.649  6975  7162 W OneSignal: 	at com.android.okhttp.internal.http.HttpTransport.readResponseHeaders(HttpTransport.java:80)
08-04 21:08:12.649  6975  7162 W OneSignal: 	at com.android.okhttp.internal.http.HttpEngine.readNetworkResponse(HttpEngine.java:904)
08-04 21:08:12.649  6975  7162 W OneSignal: 	at com.android.okhttp.internal.http.HttpEngine.readResponse(HttpEngine.java:788)
08-04 21:08:12.649  6975  7162 W OneSignal: 	at com.android.okhttp.internal.huc.HttpURLConnectionImpl.execute(HttpURLConnectionImpl.java:439)
08-04 21:08:12.649  6975  7162 W OneSignal: 	at com.android.okhttp.internal.huc.HttpURLConnectionImpl.getResponse(HttpURLConnectionImpl.java:384)
08-04 21:08:12.649  6975  7162 W OneSignal: 	at com.android.okhttp.internal.huc.HttpURLConnectionImpl.getResponseCode(HttpURLConnectionImpl.java:497)
08-04 21:08:12.649  6975  7162 W OneSignal: 	at com.android.okhttp.internal.huc.DelegatingHttpsURLConnection.getResponseCode(DelegatingHttpsURLConnection.java:105)
08-04 21:08:12.649  6975  7162 W OneSignal: 	at com.android.okhttp.internal.huc.HttpsURLConnectionImpl.getResponseCode(HttpsURLConnectionImpl.java)
08-04 21:08:12.649  6975  7162 W OneSignal: 	at com.onesignal.OneSignalRestClient.startHTTPConnection(OneSignalRestClient.java:180)
08-04 21:08:12.649  6975  7162 W OneSignal: 	at com.onesignal.OneSignalRestClient.access$100(OneSignalRestClient.java:44)
08-04 21:08:12.649  6975  7162 W OneSignal: 	at com.onesignal.OneSignalRestClient$4.run(OneSignalRestClient.java:110)
08-04 21:08:12.649  6975  7162 W OneSignal: 	at java.lang.Thread.run(Thread.java:818)
08-04 21:08:12.649  6975  7162 W OneSignal: Caused by: java.io.EOFException: \n not found: size=0 content=...
08-04 21:08:12.649  6975  7162 W OneSignal: 	at com.android.okhttp.okio.RealBufferedSource.readUtf8LineStrict(RealBufferedSource.java:200)
08-04 21:08:12.649  6975  7162 W OneSignal: 	at com.android.okhttp.internal.http.HttpConnection.readResponse(HttpConnection.java:191)
08-04 21:08:12.649  6975  7162 W OneSignal: 	... 12 more
08-04 21:08:12.650  6975  7163 W OneSignal: Failed last request. statusCode: -1
08-04 21:08:12.650  6975  7163 W OneSignal: response: null
08-04 21:08:12.823  6975  7004 I art     : Starting a blocking GC Explicit
08-04 21:08:12.838  6975  7004 I art     : Explicit concurrent mark sweep GC freed 1730(140KB) AllocSpace objects, 1(20KB) LOS objects, 25% free, 47MB/63MB, paused 182us total 15.129ms
08-04 21:08:12.848  6975  7004 I art     : Starting a blocking GC Explicit
08-04 21:08:12.860  6975  7004 I art     : Explicit concurrent mark sweep GC freed 24(896B) AllocSpace objects, 0(0B) LOS objects, 25% free, 47MB/63MB, paused 162us total 11.694ms
08-04 21:08:12.866  6975  7004 I art     : Starting a blocking GC Explicit
08-04 21:08:12.878  6975  7004 I art     : Explicit concurrent mark sweep GC freed 3(96B) AllocSpace objects, 0(0B) LOS objects, 25% free, 47MB/63MB, paused 147us total 11.318ms
08-04 21:08:12.884  6975  7004 I art     : Starting a blocking GC Explicit
08-04 21:08:12.895  6975  7004 I art     : Explicit concurrent mark sweep GC freed 3(96B) AllocSpace objects, 0(0B) LOS objects, 25% free, 47MB/63MB, paused 158us total 11.395ms
08-04 21:08:12.901  6975  7004 I art     : Starting a blocking GC Explicit
08-04 21:08:12.913  6975  7004 I art     : Explicit concurrent mark sweep GC freed 3(96B) AllocSpace objects, 0(0B) LOS objects, 25% free, 47MB/63MB, paused 154us total 11.420ms
08-04 21:08:13.215  6975  6988 I art     : Starting a blocking GC Explicit
08-04 21:08:13.229  6975  6988 I art     : Explicit concurrent mark sweep GC freed 1339(78KB) AllocSpace objects, 1(20KB) LOS objects, 25% free, 47MB/63MB, paused 176us total 14.055ms
08-04 21:08:13.236  6975  6988 I art     : Starting a blocking GC Explicit
08-04 21:08:13.248  6975  6988 I art     : Explicit concurrent mark sweep GC freed 20(704B) AllocSpace objects, 0(0B) LOS objects, 25% free, 47MB/63MB, paused 155us total 12.118ms
08-04 21:08:13.254  6975  6988 I art     : Starting a blocking GC Explicit
08-04 21:08:13.265  6975  6988 I art     : Explicit concurrent mark sweep GC freed 3(96B) AllocSpace objects, 0(0B) LOS objects, 25% free, 47MB/63MB, paused 160us total 11.237ms
08-04 21:08:13.271  6975  6988 I art     : Starting a blocking GC Explicit
08-04 21:08:13.283  6975  6988 I art     : Explicit concurrent mark sweep GC freed 3(96B) AllocSpace objects, 0(0B) LOS objects, 25% free, 47MB/63MB, paused 165us total 10.994ms
08-04 21:08:13.289  6975  6988 I art     : Starting a blocking GC Explicit
08-04 21:08:13.300  6975  6988 I art     : Explicit concurrent mark sweep GC freed 3(96B) AllocSpace objects, 0(0B) LOS objects, 25% free, 47MB/63MB, paused 163us total 11.134ms
08-04 21:08:13.493  7187  7187 D AndroidRuntime: >>>>>> START com.android.internal.os.RuntimeInit uid 2000 <<<<<<
08-04 21:08:13.498  7187  7187 D AndroidRuntime: CheckJNI is OFF
08-04 21:08:13.523  7187  7187 D ICU     : No timezone override file found: /data/misc/zoneinfo/current/icu/icu_tzdata.dat
08-04 21:08:13.549  7187  7187 I Radio-JNI: register_android_hardware_Radio DONE
08-04 21:08:13.565  7187  7187 D AndroidRuntime: Calling main entry com.android.commands.input.Input
08-04 21:08:13.566  7187  7187 I Input   : injectMotionEvent: MotionEvent { action=ACTION_DOWN, actionButton=0, id[0]=0, x[0]=337.0, y[0]=1104.0, toolType[0]=TOOL_TYPE_UNKNOWN, buttonState=0, metaState=0, flags=0x0, edgeFlags=0x0, pointerCount=1, historySize=0, eventTime=738509979, downTime=738509979, deviceId=0, source=0x1002 }
08-04 21:08:13.568  6975  6987 I art     : Starting a blocking GC Explicit
08-04 21:08:13.572  7187  7187 I Input   : injectMotionEvent: MotionEvent { action=ACTION_UP, actionButton=0, id[0]=0, x[0]=337.0, y[0]=1104.0, toolType[0]=TOOL_TYPE_UNKNOWN, buttonState=0, metaState=0, flags=0x0, edgeFlags=0x0, pointerCount=1, historySize=0, eventTime=738509979, downTime=738509979, deviceId=0, source=0x1002 }
08-04 21:08:13.573   918  6110 I ActivityManager: START u0 {cmp=baseline.appteam.nith.hillffair/.activities.BattleDayActivity} from uid 10651 on display 0
08-04 21:08:13.578  7187  7187 D AndroidRuntime: Shutting down VM
08-04 21:08:13.581  6975  6987 I art     : Explicit concurrent mark sweep GC freed 1365(83KB) AllocSpace objects, 1(20KB) LOS objects, 25% free, 47MB/63MB, paused 328us total 13.213ms
08-04 21:08:13.588  6975  6987 I art     : Starting a blocking GC Explicit
08-04 21:08:13.602  6975  6987 I art     : Explicit concurrent mark sweep GC freed 585(64KB) AllocSpace objects, 0(0B) LOS objects, 24% free, 48MB/64MB, paused 344us total 14.354ms
08-04 21:08:13.610  6975  6987 I art     : Starting a blocking GC Explicit
08-04 21:08:13.631  6975  6987 I art     : Explicit concurrent mark sweep GC freed 705(79KB) AllocSpace objects, 0(0B) LOS objects, 24% free, 48MB/64MB, paused 2.602ms total 21.091ms
08-04 21:08:13.637  6975  6987 I art     : Starting a blocking GC Explicit
08-04 21:08:13.652  6975  6987 I art     : Explicit concurrent mark sweep GC freed 5742(306KB) AllocSpace objects, 0(0B) LOS objects, 24% free, 48MB/64MB, paused 863us total 14.376ms
08-04 21:08:13.659  6975  6987 I art     : Starting a blocking GC Explicit
08-04 21:08:13.672  6975  6987 I art     : Explicit concurrent mark sweep GC freed 541(44KB) AllocSpace objects, 0(0B) LOS objects, 24% free, 48MB/64MB, paused 214us total 12.722ms
08-04 21:08:13.700 13866 13866 I GoogleInputMethodServic: GoogleInputMethodService.onFinishInput():3138 
08-04 21:08:13.701 13866 13866 I GoogleInputMethodServic: GoogleInputMethodService.onStartInput():1808 
08-04 21:08:13.733   918   936 I ActivityManager: Displayed baseline.appteam.nith.hillffair/.activities.BattleDayActivity: +154ms
08-04 21:08:13.905  6975  6988 I art     : Starting a blocking GC Explicit
08-04 21:08:13.920  6975  6988 I art     : Explicit concurrent mark sweep GC freed 1613(95KB) AllocSpace objects, 1(20KB) LOS objects, 24% free, 48MB/64MB, paused 196us total 14.011ms
08-04 21:08:13.926  6975  6988 I art     : Starting a blocking GC Explicit
08-04 21:08:13.938  6975  6988 I art     : Explicit concurrent mark sweep GC freed 34(1168B) AllocSpace objects, 0(0B) LOS objects, 24% free, 48MB/64MB, paused 189us total 12.466ms
08-04 21:08:13.945  6975  6988 I art     : Starting a blocking GC Explicit
08-04 21:08:13.958  6975  6988 I art     : Explicit concurrent mark sweep GC freed 3(96B) AllocSpace objects, 0(0B) LOS objects, 24% free, 48MB/64MB, paused 195us total 12.303ms
08-04 21:08:13.965  6975  6988 I art     : Starting a blocking GC Explicit
08-04 21:08:13.979  6975  6988 I art     : Explicit concurrent mark sweep GC freed 3(96B) AllocSpace objects, 0(0B) LOS objects, 24% free, 48MB/64MB, paused 199us total 14.064ms
08-04 21:08:13.980   380   380 W SurfaceFlinger: couldn't log to binary event log: overflow.
08-04 21:08:13.988  6975  6988 I art     : Starting a blocking GC Explicit
08-04 21:08:14.001  6975  6988 I art     : Explicit concurrent mark sweep GC freed 3(96B) AllocSpace objects, 0(0B) LOS objects, 24% free, 48MB/64MB, paused 190us total 12.468ms
08-04 21:08:14.276  6975  6987 I art     : Starting a blocking GC Explicit
08-04 21:08:14.292  6975  6987 I art     : Explicit concurrent mark sweep GC freed 1491(90KB) AllocSpace objects, 1(20KB) LOS objects, 24% free, 48MB/64MB, paused 207us total 15.378ms
08-04 21:08:14.299  6975  6987 I art     : Starting a blocking GC Explicit
08-04 21:08:14.313  6975  6987 I art     : Explicit concurrent mark sweep GC freed 47(1600B) AllocSpace objects, 0(0B) LOS objects, 24% free, 48MB/64MB, paused 228us total 13.331ms
08-04 21:08:14.319  6975  6987 I art     : Starting a blocking GC Explicit
08-04 21:08:14.331  6975  6987 I art     : Explicit concurrent mark sweep GC freed 11(416B) AllocSpace objects, 0(0B) LOS objects, 24% free, 48MB/64MB, paused 169us total 12.491ms
08-04 21:08:14.338  6975  6987 I art     : Starting a blocking GC Explicit
08-04 21:08:14.351  6975  6987 I art     : Explicit concurrent mark sweep GC freed 10(352B) AllocSpace objects, 0(0B) LOS objects, 24% free, 48MB/64MB, paused 190us total 12.878ms
08-04 21:08:14.357  6975  6987 I art     : Starting a blocking GC Explicit
08-04 21:08:14.369  6975  6987 I art     : Explicit concurrent mark sweep GC freed 8(288B) AllocSpace objects, 0(0B) LOS objects, 24% free, 48MB/64MB, paused 192us total 12.178ms
08-04 21:08:14.506  6975  7210 D OkHttp  : --> GET https://api-hillfair-2k16.herokuapp.com/api/app/events/special http/1.1
08-04 21:08:14.538  6975  7210 D OkHttp  : <-- 200 OK https://api-hillfair-2k16.herokuapp.com/api/app/events/special (31ms, 554-byte body)
08-04 21:08:14.585  6975  6975 I NAPPA_EXPERIMENTATION: MetricNetworkRequestExecutionTime: REQUEST_DURATION_SYSTEM='937',REQUEST_DURATION_OKHTTP='31',REQUEST_SYNCHRONOUS='FALSE',RESPONSE_CODE='200',RESPONSE_METHOD='GET',RESPONSE_LENGTH_OKHTTP='554',RESPONSE_LENGTH_HEADER='554',REQUEST_PROTOCOL='http/1.1',REQUEST_URL='https://api-hillfair-2k16.herokuapp.com/api/app/events/special',
08-04 21:08:14.634  6975  6988 I art     : Starting a blocking GC Explicit
08-04 21:08:14.641   918  3261 D WifiStateMachine: starting scan for "H369AA63323"WPA_PSK with 2412,5180
08-04 21:08:14.653  6975  6988 I art     : Explicit concurrent mark sweep GC freed 5581(358KB) AllocSpace objects, 4(220KB) LOS objects, 24% free, 48MB/64MB, paused 467us total 18.417ms
08-04 21:08:14.660  6975  6988 I art     : Starting a blocking GC Explicit
08-04 21:08:14.673  6975  6988 I art     : Explicit concurrent mark sweep GC freed 1114(122KB) AllocSpace objects, 0(0B) LOS objects, 24% free, 48MB/64MB, paused 358us total 13.585ms
08-04 21:08:14.679  6975  6988 I art     : Starting a blocking GC Explicit
08-04 21:08:14.693  6975  6988 I art     : Explicit concurrent mark sweep GC freed 3(96B) AllocSpace objects, 0(0B) LOS objects, 24% free, 48MB/64MB, paused 342us total 13.234ms
08-04 21:08:14.699  6975  6988 I art     : Starting a blocking GC Explicit
08-04 21:08:14.711  6975  6988 I art     : Explicit concurrent mark sweep GC freed 306(17KB) AllocSpace objects, 0(0B) LOS objects, 24% free, 48MB/64MB, paused 278us total 12.179ms
08-04 21:08:14.717  6975  6988 I art     : Starting a blocking GC Explicit
08-04 21:08:14.729  6975  6988 I art     : Explicit concurrent mark sweep GC freed 3(96B) AllocSpace objects, 0(0B) LOS objects, 24% free, 48MB/64MB, paused 274us total 12.047ms
08-04 21:08:15.004  6975  7004 I art     : Starting a blocking GC Explicit
08-04 21:08:15.022  6975  7004 I art     : Explicit concurrent mark sweep GC freed 1342(78KB) AllocSpace objects, 1(20KB) LOS objects, 24% free, 48MB/64MB, paused 357us total 17.722ms
08-04 21:08:15.033  6975  7004 I art     : Starting a blocking GC Explicit
08-04 21:08:15.047  6975  7004 I art     : Explicit concurrent mark sweep GC freed 20(704B) AllocSpace objects, 0(0B) LOS objects, 24% free, 48MB/64MB, paused 338us total 14.493ms
08-04 21:08:15.054  6975  7004 I art     : Starting a blocking GC Explicit
08-04 21:08:15.068  6975  7004 I art     : Explicit concurrent mark sweep GC freed 3(96B) AllocSpace objects, 0(0B) LOS objects, 24% free, 48MB/64MB, paused 292us total 14.207ms
08-04 21:08:15.075  6975  7004 I art     : Starting a blocking GC Explicit
08-04 21:08:15.089  6975  7004 I art     : Explicit concurrent mark sweep GC freed 3(96B) AllocSpace objects, 0(0B) LOS objects, 24% free, 48MB/64MB, paused 321us total 14.015ms
08-04 21:08:15.095  6975  7004 I art     : Starting a blocking GC Explicit
08-04 21:08:15.109  6975  7004 I art     : Explicit concurrent mark sweep GC freed 3(96B) AllocSpace objects, 0(0B) LOS objects, 24% free, 48MB/64MB, paused 289us total 13.783ms
08-04 21:08:15.369  6975  6987 I art     : Starting a blocking GC Explicit
08-04 21:08:15.387  6975  6987 I art     : Explicit concurrent mark sweep GC freed 9429(495KB) AllocSpace objects, 1(20KB) LOS objects, 23% free, 52MB/68MB, paused 274us total 17.169ms
08-04 21:08:15.393  6975  6987 I art     : Starting a blocking GC Explicit
08-04 21:08:15.406  6975  6987 I art     : Explicit concurrent mark sweep GC freed 323(72KB) AllocSpace objects, 0(0B) LOS objects, 23% free, 52MB/68MB, paused 228us total 13.178ms
08-04 21:08:15.412  6975  6987 I art     : Starting a blocking GC Explicit
08-04 21:08:15.425  6975  6987 I art     : Explicit concurrent mark sweep GC freed 21(8KB) AllocSpace objects, 0(0B) LOS objects, 23% free, 52MB/68MB, paused 219us total 12.850ms
08-04 21:08:15.431  6975  6987 I art     : Starting a blocking GC Explicit
08-04 21:08:15.443  6975  6987 I art     : Explicit concurrent mark sweep GC freed 6(192B) AllocSpace objects, 0(0B) LOS objects, 23% free, 52MB/68MB, paused 209us total 11.724ms
08-04 21:08:15.449  6975  6987 I art     : Starting a blocking GC Explicit
08-04 21:08:15.461  6975  6987 I art     : Explicit concurrent mark sweep GC freed 3(96B) AllocSpace objects, 0(0B) LOS objects, 23% free, 52MB/68MB, paused 209us total 11.738ms
08-04 21:08:15.773  6975  6988 I art     : Starting a blocking GC Explicit
08-04 21:08:15.797  6975  6988 I art     : Explicit concurrent mark sweep GC freed 1340(78KB) AllocSpace objects, 1(20KB) LOS objects, 23% free, 52MB/68MB, paused 270us total 22.753ms
08-04 21:08:15.809  6975  6988 I art     : Starting a blocking GC Explicit
08-04 21:08:15.824  6975  6988 I art     : Explicit concurrent mark sweep GC freed 20(704B) AllocSpace objects, 0(0B) LOS objects, 23% free, 52MB/68MB, paused 219us total 14.655ms
08-04 21:08:15.830  6975  6988 I art     : Starting a blocking GC Explicit
08-04 21:08:15.844  6975  6988 I art     : Explicit concurrent mark sweep GC freed 3(96B) AllocSpace objects, 0(0B) LOS objects, 23% free, 52MB/68MB, paused 210us total 13.924ms
08-04 21:08:15.851  6975  6988 I art     : Starting a blocking GC Explicit
08-04 21:08:15.865  6975  6988 I art     : Explicit concurrent mark sweep GC freed 3(96B) AllocSpace objects, 0(0B) LOS objects, 23% free, 52MB/68MB, paused 203us total 13.888ms
08-04 21:08:15.871  6975  6988 I art     : Starting a blocking GC Explicit
08-04 21:08:15.886  6975  6988 I art     : Explicit concurrent mark sweep GC freed 3(96B) AllocSpace objects, 0(0B) LOS objects, 23% free, 52MB/68MB, paused 211us total 14.001ms
08-04 21:08:16.159  6975  7004 I art     : Starting a blocking GC Explicit
08-04 21:08:16.179  6975  7004 I art     : Explicit concurrent mark sweep GC freed 1340(78KB) AllocSpace objects, 1(20KB) LOS objects, 23% free, 52MB/68MB, paused 254us total 19.894ms
08-04 21:08:16.190  6975  7004 I art     : Starting a blocking GC Explicit
08-04 21:08:16.209  6975  7004 I art     : Explicit concurrent mark sweep GC freed 20(704B) AllocSpace objects, 0(0B) LOS objects, 23% free, 52MB/68MB, paused 325us total 18.522ms
08-04 21:08:16.217  6975  7004 I art     : Starting a blocking GC Explicit
08-04 21:08:16.231  6975  7004 I art     : Explicit concurrent mark sweep GC freed 3(96B) AllocSpace objects, 0(0B) LOS objects, 23% free, 52MB/68MB, paused 215us total 13.778ms
08-04 21:08:16.237  6975  7004 I art     : Starting a blocking GC Explicit
08-04 21:08:16.251  6975  7004 I art     : Explicit concurrent mark sweep GC freed 3(96B) AllocSpace objects, 0(0B) LOS objects, 23% free, 52MB/68MB, paused 214us total 13.849ms
08-04 21:08:16.258  6975  7004 I art     : Starting a blocking GC Explicit
08-04 21:08:16.272  6975  7004 I art     : Explicit concurrent mark sweep GC freed 3(96B) AllocSpace objects, 0(0B) LOS objects, 23% free, 52MB/68MB, paused 222us total 13.262ms
08-04 21:08:16.542  6975  6987 I art     : Starting a blocking GC Explicit
08-04 21:08:16.559  6975  6987 I art     : Explicit concurrent mark sweep GC freed 1340(78KB) AllocSpace objects, 1(20KB) LOS objects, 23% free, 52MB/68MB, paused 230us total 16.652ms
08-04 21:08:16.560   719   760 I WorkerManager: dispose()
08-04 21:08:16.561   719   760 W ThreadPoolDumper: Queue length for executor EventBus is now 11. Perhaps some tasks are too long, or the pool is too small.
08-04 21:08:16.566  6975  6987 I art     : Starting a blocking GC Explicit
08-04 21:08:16.580  6975  6987 I art     : Explicit concurrent mark sweep GC freed 20(704B) AllocSpace objects, 0(0B) LOS objects, 23% free, 52MB/68MB, paused 200us total 14.053ms
08-04 21:08:16.587  6975  6987 I art     : Starting a blocking GC Explicit
08-04 21:08:16.600  6975  6987 I art     : Explicit concurrent mark sweep GC freed 3(96B) AllocSpace objects, 0(0B) LOS objects, 23% free, 52MB/68MB, paused 204us total 12.628ms
08-04 21:08:16.606  6975  6987 I art     : Starting a blocking GC Explicit
08-04 21:08:16.618  6975  6987 I art     : Explicit concurrent mark sweep GC freed 3(96B) AllocSpace objects, 0(0B) LOS objects, 23% free, 52MB/68MB, paused 198us total 12.391ms
08-04 21:08:16.624  6975  6987 I art     : Starting a blocking GC Explicit
08-04 21:08:16.637  6975  6987 I art     : Explicit concurrent mark sweep GC freed 3(96B) AllocSpace objects, 0(0B) LOS objects, 23% free, 52MB/68MB, paused 255us total 12.732ms
08-04 21:08:16.953  6975  6988 I art     : Starting a blocking GC Explicit
08-04 21:08:16.972  6975  6988 I art     : Explicit concurrent mark sweep GC freed 1340(78KB) AllocSpace objects, 1(20KB) LOS objects, 23% free, 52MB/68MB, paused 234us total 18.400ms
08-04 21:08:16.979  6975  6988 I art     : Starting a blocking GC Explicit
08-04 21:08:16.994  6975  6988 I art     : Explicit concurrent mark sweep GC freed 20(704B) AllocSpace objects, 0(0B) LOS objects, 23% free, 52MB/68MB, paused 226us total 14.582ms
08-04 21:08:17.000  6975  6988 I art     : Starting a blocking GC Explicit
08-04 21:08:17.015  6975  6988 I art     : Explicit concurrent mark sweep GC freed 3(96B) AllocSpace objects, 0(0B) LOS objects, 23% free, 52MB/68MB, paused 215us total 14.096ms
08-04 21:08:17.021  6975  6988 I art     : Starting a blocking GC Explicit
08-04 21:08:17.035  6975  6988 I art     : Explicit concurrent mark sweep GC freed 3(96B) AllocSpace objects, 0(0B) LOS objects, 23% free, 52MB/68MB, paused 212us total 14.117ms
08-04 21:08:17.042  6975  6988 I art     : Starting a blocking GC Explicit
08-04 21:08:17.056  6975  6988 I art     : Explicit concurrent mark sweep GC freed 3(96B) AllocSpace objects, 0(0B) LOS objects, 23% free, 52MB/68MB, paused 214us total 13.740ms
08-04 21:08:17.376  6975  7004 I art     : Starting a blocking GC Explicit
08-04 21:08:17.396  6975  7004 I art     : Explicit concurrent mark sweep GC freed 1340(78KB) AllocSpace objects, 1(20KB) LOS objects, 23% free, 52MB/68MB, paused 252us total 19.978ms
08-04 21:08:17.408  6975  7004 I art     : Starting a blocking GC Explicit
08-04 21:08:17.425  6975  7004 I art     : Explicit concurrent mark sweep GC freed 20(704B) AllocSpace objects, 0(0B) LOS objects, 23% free, 52MB/68MB, paused 221us total 16.409ms
08-04 21:08:17.432  6975  7004 I art     : Starting a blocking GC Explicit
08-04 21:08:17.446  6975  7004 I art     : Explicit concurrent mark sweep GC freed 3(96B) AllocSpace objects, 0(0B) LOS objects, 23% free, 52MB/68MB, paused 221us total 13.589ms
08-04 21:08:17.452  6975  7004 I art     : Starting a blocking GC Explicit
08-04 21:08:17.467  6975  7004 I art     : Explicit concurrent mark sweep GC freed 3(96B) AllocSpace objects, 0(0B) LOS objects, 23% free, 52MB/68MB, paused 455us total 14.703ms
08-04 21:08:17.473  6975  7004 I art     : Starting a blocking GC Explicit
08-04 21:08:17.487  6975  7004 I art     : Explicit concurrent mark sweep GC freed 3(96B) AllocSpace objects, 0(0B) LOS objects, 23% free, 52MB/68MB, paused 210us total 13.699ms
08-04 21:08:17.782  6975  6987 I art     : Starting a blocking GC Explicit
08-04 21:08:17.803  6975  6987 I art     : Explicit concurrent mark sweep GC freed 1340(78KB) AllocSpace objects, 1(20KB) LOS objects, 23% free, 52MB/68MB, paused 303us total 19.886ms
08-04 21:08:17.812  6975  6987 I art     : Starting a blocking GC Explicit
08-04 21:08:17.826  6975  6987 I art     : Explicit concurrent mark sweep GC freed 20(704B) AllocSpace objects, 0(0B) LOS objects, 23% free, 52MB/68MB, paused 212us total 14.300ms
08-04 21:08:17.833  6975  6987 I art     : Starting a blocking GC Explicit
08-04 21:08:17.847  6975  6987 I art     : Explicit concurrent mark sweep GC freed 3(96B) AllocSpace objects, 0(0B) LOS objects, 23% free, 52MB/68MB, paused 214us total 13.989ms
08-04 21:08:17.854  6975  6987 I art     : Starting a blocking GC Explicit
08-04 21:08:17.867  6975  6987 I art     : Explicit concurrent mark sweep GC freed 3(96B) AllocSpace objects, 0(0B) LOS objects, 23% free, 52MB/68MB, paused 206us total 13.419ms
08-04 21:08:17.874  6975  6987 I art     : Starting a blocking GC Explicit
08-04 21:08:17.888  6975  6987 I art     : Explicit concurrent mark sweep GC freed 3(96B) AllocSpace objects, 0(0B) LOS objects, 23% free, 52MB/68MB, paused 211us total 14.019ms
08-04 21:08:18.198  6975  6988 I art     : Starting a blocking GC Explicit
08-04 21:08:18.218  6975  6988 I art     : Explicit concurrent mark sweep GC freed 1340(78KB) AllocSpace objects, 1(20KB) LOS objects, 23% free, 52MB/68MB, paused 257us total 20.306ms
08-04 21:08:18.229  6975  6988 I art     : Starting a blocking GC Explicit
08-04 21:08:18.246  6975  6988 I art     : Explicit concurrent mark sweep GC freed 20(704B) AllocSpace objects, 0(0B) LOS objects, 23% free, 52MB/68MB, paused 220us total 17.365ms
08-04 21:08:18.253  6975  6988 I art     : Starting a blocking GC Explicit
08-04 21:08:18.268  6975  6988 I art     : Explicit concurrent mark sweep GC freed 3(96B) AllocSpace objects, 0(0B) LOS objects, 23% free, 52MB/68MB, paused 204us total 14.313ms
08-04 21:08:18.274  6975  6988 I art     : Starting a blocking GC Explicit
08-04 21:08:18.289  6975  6988 I art     : Explicit concurrent mark sweep GC freed 3(96B) AllocSpace objects, 0(0B) LOS objects, 23% free, 52MB/68MB, paused 208us total 14.336ms
08-04 21:08:18.295  6975  6988 I art     : Starting a blocking GC Explicit
08-04 21:08:18.309  6975  6988 I art     : Explicit concurrent mark sweep GC freed 3(96B) AllocSpace objects, 0(0B) LOS objects, 23% free, 52MB/68MB, paused 217us total 13.609ms
08-04 21:08:18.636  6975  7004 I art     : Starting a blocking GC Explicit
08-04 21:08:18.656  6975  7004 I art     : Explicit concurrent mark sweep GC freed 1340(78KB) AllocSpace objects, 1(20KB) LOS objects, 23% free, 52MB/68MB, paused 241us total 20.651ms
08-04 21:08:18.668  6975  7004 I art     : Starting a blocking GC Explicit
08-04 21:08:18.684  6975  7004 I art     : Explicit concurrent mark sweep GC freed 20(704B) AllocSpace objects, 0(0B) LOS objects, 23% free, 52MB/68MB, paused 209us total 15.598ms
08-04 21:08:18.690  6975  7004 I art     : Starting a blocking GC Explicit
08-04 21:08:18.704  6975  7004 I art     : Explicit concurrent mark sweep GC freed 3(96B) AllocSpace objects, 0(0B) LOS objects, 23% free, 52MB/68MB, paused 209us total 13.771ms
08-04 21:08:18.711  6975  7004 I art     : Starting a blocking GC Explicit
08-04 21:08:18.724  6975  7004 I art     : Explicit concurrent mark sweep GC freed 3(96B) AllocSpace objects, 0(0B) LOS objects, 23% free, 52MB/68MB, paused 213us total 13.553ms
08-04 21:08:18.731  6975  7004 I art     : Starting a blocking GC Explicit
08-04 21:08:18.744  6975  7004 I art     : Explicit concurrent mark sweep GC freed 3(96B) AllocSpace objects, 0(0B) LOS objects, 23% free, 52MB/68MB, paused 211us total 13.609ms
08-04 21:08:19.052  6975  6987 I art     : Starting a blocking GC Explicit
08-04 21:08:19.069  6975  6987 I art     : Explicit concurrent mark sweep GC freed 1340(78KB) AllocSpace objects, 1(20KB) LOS objects, 23% free, 52MB/68MB, paused 243us total 17.453ms
08-04 21:08:19.080  6975  6987 I art     : Starting a blocking GC Explicit
08-04 21:08:19.096  6975  6987 I art     : Explicit concurrent mark sweep GC freed 20(704B) AllocSpace objects, 0(0B) LOS objects, 23% free, 52MB/68MB, paused 212us total 15.705ms
08-04 21:08:19.102  6975  6987 I art     : Starting a blocking GC Explicit
08-04 21:08:19.116  6975  6987 I art     : Explicit concurrent mark sweep GC freed 3(96B) AllocSpace objects, 0(0B) LOS objects, 23% free, 52MB/68MB, paused 201us total 13.764ms
08-04 21:08:19.123  6975  6987 I art     : Starting a blocking GC Explicit
08-04 21:08:19.137  6975  6987 I art     : Explicit concurrent mark sweep GC freed 3(96B) AllocSpace objects, 0(0B) LOS objects, 23% free, 52MB/68MB, paused 222us total 13.974ms
08-04 21:08:19.143  6975  6987 I art     : Starting a blocking GC Explicit
08-04 21:08:19.157  6975  6987 I art     : Explicit concurrent mark sweep GC freed 3(96B) AllocSpace objects, 0(0B) LOS objects, 23% free, 52MB/68MB, paused 223us total 13.588ms
08-04 21:08:19.472  6975  6988 I art     : Starting a blocking GC Explicit
08-04 21:08:19.487  6975  6988 I art     : Explicit concurrent mark sweep GC freed 1340(78KB) AllocSpace objects, 1(20KB) LOS objects, 23% free, 52MB/68MB, paused 245us total 15.117ms
08-04 21:08:19.494  6975  6988 I art     : Starting a blocking GC Explicit
08-04 21:08:19.507  6975  6988 I art     : Explicit concurrent mark sweep GC freed 20(704B) AllocSpace objects, 0(0B) LOS objects, 23% free, 52MB/68MB, paused 225us total 13.130ms
08-04 21:08:19.513  6975  6988 I art     : Starting a blocking GC Explicit
08-04 21:08:19.525  6975  6988 I art     : Explicit concurrent mark sweep GC freed 9(320B) AllocSpace objects, 0(0B) LOS objects, 23% free, 52MB/68MB, paused 205us total 12.454ms
08-04 21:08:19.531  6975  6988 I art     : Starting a blocking GC Explicit
08-04 21:08:19.545  6975  6988 I art     : Explicit concurrent mark sweep GC freed 3(96B) AllocSpace objects, 0(0B) LOS objects, 23% free, 52MB/68MB, paused 213us total 13.225ms
08-04 21:08:19.551  6975  6988 I art     : Starting a blocking GC Explicit
08-04 21:08:19.565  6975  6988 I art     : Explicit concurrent mark sweep GC freed 3(96B) AllocSpace objects, 0(0B) LOS objects, 23% free, 52MB/68MB, paused 215us total 13.831ms
08-04 21:08:19.864  6975  7004 I art     : Starting a blocking GC Explicit
08-04 21:08:19.885  6975  7004 I art     : Explicit concurrent mark sweep GC freed 1341(78KB) AllocSpace objects, 1(20KB) LOS objects, 23% free, 52MB/68MB, paused 260us total 20.046ms
08-04 21:08:19.896  6975  7004 I art     : Starting a blocking GC Explicit
08-04 21:08:19.911  6975  7004 I art     : Explicit concurrent mark sweep GC freed 20(704B) AllocSpace objects, 0(0B) LOS objects, 23% free, 52MB/68MB, paused 226us total 14.877ms
08-04 21:08:19.918  6975  7004 I art     : Starting a blocking GC Explicit
08-04 21:08:19.931  6975  7004 I art     : Explicit concurrent mark sweep GC freed 3(96B) AllocSpace objects, 0(0B) LOS objects, 23% free, 52MB/68MB, paused 209us total 13.426ms
08-04 21:08:19.938  6975  7004 I art     : Starting a blocking GC Explicit
08-04 21:08:19.952  6975  7004 I art     : Explicit concurrent mark sweep GC freed 3(96B) AllocSpace objects, 0(0B) LOS objects, 23% free, 52MB/68MB, paused 210us total 13.646ms
08-04 21:08:19.958  6975  7004 I art     : Starting a blocking GC Explicit
08-04 21:08:19.972  6975  7004 I art     : Explicit concurrent mark sweep GC freed 3(96B) AllocSpace objects, 0(0B) LOS objects, 23% free, 52MB/68MB, paused 213us total 13.490ms
08-04 21:08:20.287  6975  6987 I art     : Starting a blocking GC Explicit
08-04 21:08:20.308  6975  6987 I art     : Explicit concurrent mark sweep GC freed 1340(78KB) AllocSpace objects, 1(20KB) LOS objects, 23% free, 52MB/68MB, paused 269us total 21.002ms
08-04 21:08:20.319  6975  6987 I art     : Starting a blocking GC Explicit
08-04 21:08:20.334  6975  6987 I art     : Explicit concurrent mark sweep GC freed 20(704B) AllocSpace objects, 0(0B) LOS objects, 23% free, 52MB/68MB, paused 213us total 14.255ms
08-04 21:08:20.340  6975  6987 I art     : Starting a blocking GC Explicit
08-04 21:08:20.353  6975  6987 I art     : Explicit concurrent mark sweep GC freed 3(96B) AllocSpace objects, 0(0B) LOS objects, 23% free, 52MB/68MB, paused 207us total 13.341ms
08-04 21:08:20.360  6975  6987 I art     : Starting a blocking GC Explicit
08-04 21:08:20.373  6975  6987 I art     : Explicit concurrent mark sweep GC freed 3(96B) AllocSpace objects, 0(0B) LOS objects, 23% free, 52MB/68MB, paused 215us total 13.286ms
08-04 21:08:20.379  6975  6987 I art     : Starting a blocking GC Explicit
08-04 21:08:20.393  6975  6987 I art     : Explicit concurrent mark sweep GC freed 3(96B) AllocSpace objects, 0(0B) LOS objects, 23% free, 52MB/68MB, paused 206us total 13.671ms
08-04 21:08:20.702  6975  7372 I art     : Starting a blocking GC Explicit
08-04 21:08:20.723  6975  7372 I art     : Explicit concurrent mark sweep GC freed 1340(78KB) AllocSpace objects, 1(20KB) LOS objects, 23% free, 52MB/68MB, paused 264us total 20.771ms
08-04 21:08:20.734  6975  7372 I art     : Starting a blocking GC Explicit
08-04 21:08:20.752  6975  7372 I art     : Explicit concurrent mark sweep GC freed 20(704B) AllocSpace objects, 0(0B) LOS objects, 23% free, 52MB/68MB, paused 229us total 17.577ms
08-04 21:08:20.759  6975  7372 I art     : Starting a blocking GC Explicit
08-04 21:08:20.774  6975  7372 I art     : Explicit concurrent mark sweep GC freed 3(96B) AllocSpace objects, 0(0B) LOS objects, 23% free, 52MB/68MB, paused 216us total 14.372ms
08-04 21:08:20.781  6975  7372 I art     : Starting a blocking GC Explicit
08-04 21:08:20.795  6975  7372 I art     : Explicit concurrent mark sweep GC freed 3(96B) AllocSpace objects, 0(0B) LOS objects, 23% free, 52MB/68MB, paused 214us total 14.404ms
08-04 21:08:20.802  6975  7372 I art     : Starting a blocking GC Explicit
08-04 21:08:20.816  6975  7372 I art     : Explicit concurrent mark sweep GC freed 3(96B) AllocSpace objects, 0(0B) LOS objects, 23% free, 52MB/68MB, paused 254us total 14.109ms
08-04 21:08:21.034  4694  4694 I ServiceManager: Waiting for service AtCmdFwd...
08-04 21:08:21.132  6975  6988 I art     : Starting a blocking GC Explicit
08-04 21:08:21.153  6975  6988 I art     : Explicit concurrent mark sweep GC freed 1340(78KB) AllocSpace objects, 1(20KB) LOS objects, 23% free, 52MB/68MB, paused 269us total 20.349ms
08-04 21:08:21.163  6975  6988 I art     : Starting a blocking GC Explicit
08-04 21:08:21.181  6975  6988 I art     : Explicit concurrent mark sweep GC freed 20(704B) AllocSpace objects, 0(0B) LOS objects, 23% free, 52MB/68MB, paused 241us total 18.067ms
08-04 21:08:21.190  6975  6988 I art     : Starting a blocking GC Explicit
08-04 21:08:21.204  6975  6988 I art     : Explicit concurrent mark sweep GC freed 3(96B) AllocSpace objects, 0(0B) LOS objects, 23% free, 52MB/68MB, paused 200us total 14.320ms
08-04 21:08:21.211  6975  6988 I art     : Starting a blocking GC Explicit
08-04 21:08:21.225  6975  6988 I art     : Explicit concurrent mark sweep GC freed 3(96B) AllocSpace objects, 0(0B) LOS objects, 23% free, 52MB/68MB, paused 201us total 14.269ms
08-04 21:08:21.232  6975  6988 I art     : Starting a blocking GC Explicit
08-04 21:08:21.245  6975  6988 I art     : Explicit concurrent mark sweep GC freed 3(96B) AllocSpace objects, 0(0B) LOS objects, 23% free, 52MB/68MB, paused 196us total 13.168ms
08-04 21:08:21.519  6975  7004 I art     : Starting a blocking GC Explicit
08-04 21:08:21.539  6975  7004 I art     : Explicit concurrent mark sweep GC freed 1340(78KB) AllocSpace objects, 1(20KB) LOS objects, 23% free, 52MB/68MB, paused 250us total 20.053ms
08-04 21:08:21.548  6975  7004 I art     : Starting a blocking GC Explicit
08-04 21:08:21.563  6975  7004 I art     : Explicit concurrent mark sweep GC freed 20(704B) AllocSpace objects, 0(0B) LOS objects, 23% free, 52MB/68MB, paused 219us total 14.305ms
08-04 21:08:21.570  6975  7004 I art     : Starting a blocking GC Explicit
08-04 21:08:21.584  6975  7004 I art     : Explicit concurrent mark sweep GC freed 3(96B) AllocSpace objects, 0(0B) LOS objects, 23% free, 52MB/68MB, paused 218us total 13.930ms
08-04 21:08:21.590  6975  7004 I art     : Starting a blocking GC Explicit
08-04 21:08:21.604  6975  7004 I art     : Explicit concurrent mark sweep GC freed 3(96B) AllocSpace objects, 0(0B) LOS objects, 23% free, 52MB/68MB, paused 207us total 13.921ms
08-04 21:08:21.611  6975  7004 I art     : Starting a blocking GC Explicit
08-04 21:08:21.625  6975  7004 I art     : Explicit concurrent mark sweep GC freed 3(96B) AllocSpace objects, 0(0B) LOS objects, 23% free, 52MB/68MB, paused 212us total 13.610ms
08-04 21:08:21.906  6975  6987 I art     : Starting a blocking GC Explicit
08-04 21:08:21.921  6975  6987 I art     : Explicit concurrent mark sweep GC freed 1340(78KB) AllocSpace objects, 1(20KB) LOS objects, 23% free, 52MB/68MB, paused 235us total 14.462ms
08-04 21:08:21.927  6975  6987 I art     : Starting a blocking GC Explicit
08-04 21:08:21.941  6975  6987 I art     : Explicit concurrent mark sweep GC freed 20(704B) AllocSpace objects, 0(0B) LOS objects, 23% free, 52MB/68MB, paused 215us total 13.791ms
08-04 21:08:21.948  6975  6987 I art     : Starting a blocking GC Explicit
08-04 21:08:21.961  6975  6987 I art     : Explicit concurrent mark sweep GC freed 3(96B) AllocSpace objects, 0(0B) LOS objects, 23% free, 52MB/68MB, paused 236us total 13.344ms
08-04 21:08:21.967  6975  6987 I art     : Starting a blocking GC Explicit
08-04 21:08:21.981  6975  6987 I art     : Explicit concurrent mark sweep GC freed 3(96B) AllocSpace objects, 0(0B) LOS objects, 23% free, 52MB/68MB, paused 217us total 13.257ms
08-04 21:08:21.987  6975  6987 I art     : Starting a blocking GC Explicit
08-04 21:08:22.000  6975  6987 I art     : Explicit concurrent mark sweep GC freed 3(96B) AllocSpace objects, 0(0B) LOS objects, 23% free, 52MB/68MB, paused 224us total 12.740ms
08-04 21:08:22.035  4694  4694 I ServiceManager: Waiting for service AtCmdFwd...
08-04 21:08:22.159  7429  7429 D AndroidRuntime: >>>>>> START com.android.internal.os.RuntimeInit uid 2000 <<<<<<
08-04 21:08:22.163  7429  7429 D AndroidRuntime: CheckJNI is OFF
08-04 21:08:22.188  7429  7429 D ICU     : No timezone override file found: /data/misc/zoneinfo/current/icu/icu_tzdata.dat
08-04 21:08:22.213  7429  7429 I Radio-JNI: register_android_hardware_Radio DONE
08-04 21:08:22.229  7429  7429 D AndroidRuntime: Calling main entry com.android.commands.input.Input
08-04 21:08:22.230  7429  7429 I Input   : injectMotionEvent: MotionEvent { action=ACTION_DOWN, actionButton=0, id[0]=0, x[0]=733.0, y[0]=645.0, toolType[0]=TOOL_TYPE_UNKNOWN, buttonState=0, metaState=0, flags=0x0, edgeFlags=0x0, pointerCount=1, historySize=0, eventTime=738518643, downTime=738518643, deviceId=0, source=0x1002 }
08-04 21:08:22.234  7429  7429 I Input   : injectMotionEvent: MotionEvent { action=ACTION_UP, actionButton=0, id[0]=0, x[0]=733.0, y[0]=645.0, toolType[0]=TOOL_TYPE_UNKNOWN, buttonState=0, metaState=0, flags=0x0, edgeFlags=0x0, pointerCount=1, historySize=0, eventTime=738518643, downTime=738518643, deviceId=0, source=0x1002 }
08-04 21:08:22.236   918  3696 I ActivityManager: START u0 {cmp=baseline.appteam.nith.hillffair/.activities.ClubActivity (has extras)} from uid 10651 on display 0
08-04 21:08:22.245  7429  7429 D AndroidRuntime: Shutting down VM
08-04 21:08:22.261  6975  6987 I art     : Starting a blocking GC Explicit
08-04 21:08:22.281  6975  6987 I art     : Explicit concurrent mark sweep GC freed 4949(300KB) AllocSpace objects, 1(20KB) LOS objects, 23% free, 52MB/68MB, paused 1.132ms total 18.871ms
08-04 21:08:22.288  6975  6987 I art     : Starting a blocking GC Explicit
08-04 21:08:22.301  6975  6987 I art     : Explicit concurrent mark sweep GC freed 242(24KB) AllocSpace objects, 0(0B) LOS objects, 23% free, 52MB/68MB, paused 257us total 13.415ms
08-04 21:08:22.307  6975  6987 I art     : Starting a blocking GC Explicit
08-04 21:08:22.322  6975  6987 I art     : Explicit concurrent mark sweep GC freed 163(6KB) AllocSpace objects, 0(0B) LOS objects, 23% free, 52MB/68MB, paused 268us total 14.760ms
08-04 21:08:22.329  6975  6987 I art     : Starting a blocking GC Explicit
08-04 21:08:22.329   918   936 I ActivityManager: Displayed baseline.appteam.nith.hillffair/.activities.ClubActivity: +83ms
08-04 21:08:22.329 13866 13866 I GoogleInputMethodServic: GoogleInputMethodService.onFinishInput():3138 
08-04 21:08:22.330 13866 13866 I GoogleInputMethodServic: GoogleInputMethodService.onStartInput():1808 
08-04 21:08:22.344  6975  6987 I art     : Explicit concurrent mark sweep GC freed 49(1968B) AllocSpace objects, 0(0B) LOS objects, 23% free, 52MB/68MB, paused 259us total 14.457ms
08-04 21:08:22.351  6975  6987 I art     : Starting a blocking GC Explicit
08-04 21:08:22.367  6975  6987 I art     : Explicit concurrent mark sweep GC freed 85(5KB) AllocSpace objects, 0(0B) LOS objects, 23% free, 52MB/68MB, paused 330us total 15.730ms
08-04 21:08:22.590   380   380 W SurfaceFlinger: couldn't log to binary event log: overflow.
08-04 21:08:22.601  6975  7372 I art     : Starting a blocking GC Explicit
08-04 21:08:22.615  6975  7372 I art     : Explicit concurrent mark sweep GC freed 1349(78KB) AllocSpace objects, 1(20KB) LOS objects, 23% free, 52MB/68MB, paused 243us total 13.820ms
08-04 21:08:22.621  6975  7372 I art     : Starting a blocking GC Explicit
08-04 21:08:22.634  6975  7372 I art     : Explicit concurrent mark sweep GC freed 20(704B) AllocSpace objects, 0(0B) LOS objects, 23% free, 52MB/68MB, paused 240us total 12.670ms
08-04 21:08:22.640  6975  7372 I art     : Starting a blocking GC Explicit
08-04 21:08:22.653  6975  7372 I art     : Explicit concurrent mark sweep GC freed 3(96B) AllocSpace objects, 0(0B) LOS objects, 23% free, 52MB/68MB, paused 251us total 12.717ms
08-04 21:08:22.659  6975  7372 I art     : Starting a blocking GC Explicit
08-04 21:08:22.673  6975  7372 I art     : Explicit concurrent mark sweep GC freed 3(96B) AllocSpace objects, 0(0B) LOS objects, 23% free, 52MB/68MB, paused 300us total 13.623ms
08-04 21:08:22.679  6975  7372 I art     : Starting a blocking GC Explicit
08-04 21:08:22.694  6975  7372 I art     : Explicit concurrent mark sweep GC freed 3(96B) AllocSpace objects, 0(0B) LOS objects, 23% free, 52MB/68MB, paused 253us total 14.238ms
08-04 21:08:22.972  6975  7372 I art     : Starting a blocking GC Explicit
08-04 21:08:22.988  6975  7372 I art     : Explicit concurrent mark sweep GC freed 1504(87KB) AllocSpace objects, 1(20KB) LOS objects, 23% free, 52MB/68MB, paused 270us total 15.939ms
08-04 21:08:22.995  6975  7372 I art     : Starting a blocking GC Explicit
08-04 21:08:23.009  6975  7372 I art     : Explicit concurrent mark sweep GC freed 60(2048B) AllocSpace objects, 0(0B) LOS objects, 23% free, 52MB/68MB, paused 234us total 14.493ms
08-04 21:08:23.016  6975  7372 I art     : Starting a blocking GC Explicit
08-04 21:08:23.030  6975  7372 I art     : Explicit concurrent mark sweep GC freed 10(352B) AllocSpace objects, 0(0B) LOS objects, 23% free, 52MB/68MB, paused 278us total 14.393ms
08-04 21:08:23.036  4694  4694 I ServiceManager: Waiting for service AtCmdFwd...
08-04 21:08:23.037  6975  7372 I art     : Starting a blocking GC Explicit
08-04 21:08:23.050  6975  7372 I art     : Explicit concurrent mark sweep GC freed 8(288B) AllocSpace objects, 0(0B) LOS objects, 23% free, 52MB/68MB, paused 244us total 13.203ms
08-04 21:08:23.056  6975  7372 I art     : Starting a blocking GC Explicit
08-04 21:08:23.069  6975  7372 I art     : Explicit concurrent mark sweep GC freed 379(16KB) AllocSpace objects, 0(0B) LOS objects, 23% free, 52MB/68MB, paused 268us total 13.286ms
08-04 21:08:23.102  6975  7458 D OkHttp  : --> GET https://api-hillfair-2k16.herokuapp.com/api/app/events/special/event?id=5806551bdcba0f490c70fd1f http/1.1
08-04 21:08:23.213  6975  7458 D OkHttp  : <-- 200 OK https://api-hillfair-2k16.herokuapp.com/api/app/events/special/event?id=5806551bdcba0f490c70fd1f (111ms, 795-byte body)
08-04 21:08:23.274  6975  6975 I NAPPA_EXPERIMENTATION: MetricNetworkRequestExecutionTime: REQUEST_DURATION_SYSTEM='1004',REQUEST_DURATION_OKHTTP='111',REQUEST_SYNCHRONOUS='FALSE',RESPONSE_CODE='200',RESPONSE_METHOD='GET',RESPONSE_LENGTH_OKHTTP='795',RESPONSE_LENGTH_HEADER='795',REQUEST_PROTOCOL='http/1.1',REQUEST_URL='https://api-hillfair-2k16.herokuapp.com/api/app/events/special/event?id=5806551bdcba0f490c70fd1f',
08-04 21:08:23.344  6975  6988 I art     : Starting a blocking GC Explicit
08-04 21:08:23.361  6975  6988 I art     : Explicit concurrent mark sweep GC freed 4431(322KB) AllocSpace objects, 4(220KB) LOS objects, 23% free, 53MB/69MB, paused 335us total 17.189ms
08-04 21:08:23.369  6975  6988 I art     : Starting a blocking GC Explicit
08-04 21:08:23.384  6975  6988 I art     : Explicit concurrent mark sweep GC freed 1048(120KB) AllocSpace objects, 0(0B) LOS objects, 23% free, 53MB/69MB, paused 252us total 15.444ms
08-04 21:08:23.391  6975  6988 I art     : Starting a blocking GC Explicit
08-04 21:08:23.404  6975  6988 I art     : Explicit concurrent mark sweep GC freed 3(96B) AllocSpace objects, 0(0B) LOS objects, 23% free, 53MB/69MB, paused 233us total 13.118ms
08-04 21:08:23.410  6975  6988 I art     : Starting a blocking GC Explicit
08-04 21:08:23.424  6975  6988 I art     : Explicit concurrent mark sweep GC freed 3(96B) AllocSpace objects, 0(0B) LOS objects, 23% free, 53MB/69MB, paused 354us total 13.418ms
08-04 21:08:23.429  6975  6988 I art     : Starting a blocking GC Explicit
08-04 21:08:23.443  6975  6988 I art     : Explicit concurrent mark sweep GC freed 3(96B) AllocSpace objects, 0(0B) LOS objects, 23% free, 53MB/69MB, paused 213us total 13.895ms
08-04 21:08:23.724  6975  6987 I art     : Starting a blocking GC Explicit
08-04 21:08:23.742  6975  6987 I art     : Explicit concurrent mark sweep GC freed 1342(78KB) AllocSpace objects, 1(20KB) LOS objects, 23% free, 53MB/69MB, paused 230us total 17.343ms
08-04 21:08:23.749  6975  6987 I art     : Starting a blocking GC Explicit
08-04 21:08:23.765  6975  6987 I art     : Explicit concurrent mark sweep GC freed 36(1264B) AllocSpace objects, 0(0B) LOS objects, 23% free, 53MB/69MB, paused 221us total 15.279ms
08-04 21:08:23.771  6975  6987 I art     : Starting a blocking GC Explicit
08-04 21:08:23.786  6975  6987 I art     : Explicit concurrent mark sweep GC freed 3(96B) AllocSpace objects, 0(0B) LOS objects, 23% free, 53MB/69MB, paused 223us total 14.930ms
08-04 21:08:23.793  6975  6987 I art     : Starting a blocking GC Explicit
08-04 21:08:23.808  6975  6987 I art     : Explicit concurrent mark sweep GC freed 3(96B) AllocSpace objects, 0(0B) LOS objects, 23% free, 53MB/69MB, paused 219us total 14.787ms
08-04 21:08:23.815  6975  6987 I art     : Starting a blocking GC Explicit
08-04 21:08:23.830  6975  6987 I art     : Explicit concurrent mark sweep GC freed 3(96B) AllocSpace objects, 0(0B) LOS objects, 23% free, 53MB/69MB, paused 220us total 14.909ms
08-04 21:08:24.036  4694  4694 I ServiceManager: Waiting for service AtCmdFwd...
08-04 21:08:24.123  6975  7004 I art     : Starting a blocking GC Explicit
08-04 21:08:24.140  6975  7004 I art     : Explicit concurrent mark sweep GC freed 1341(78KB) AllocSpace objects, 1(20KB) LOS objects, 23% free, 53MB/69MB, paused 261us total 17.308ms
08-04 21:08:24.147  6975  7004 I art     : Starting a blocking GC Explicit
08-04 21:08:24.163  6975  7004 I art     : Explicit concurrent mark sweep GC freed 20(704B) AllocSpace objects, 0(0B) LOS objects, 23% free, 53MB/69MB, paused 244us total 15.440ms
08-04 21:08:24.170  6975  7004 I art     : Starting a blocking GC Explicit
08-04 21:08:24.185  6975  7004 I art     : Explicit concurrent mark sweep GC freed 3(96B) AllocSpace objects, 0(0B) LOS objects, 23% free, 53MB/69MB, paused 241us total 15.071ms
08-04 21:08:24.192  6975  7004 I art     : Starting a blocking GC Explicit
08-04 21:08:24.207  6975  7004 I art     : Explicit concurrent mark sweep GC freed 3(96B) AllocSpace objects, 0(0B) LOS objects, 23% free, 53MB/69MB, paused 259us total 14.964ms
08-04 21:08:24.214  6975  7004 I art     : Starting a blocking GC Explicit
08-04 21:08:24.229  6975  7004 I art     : Explicit concurrent mark sweep GC freed 3(96B) AllocSpace objects, 0(0B) LOS objects, 23% free, 53MB/69MB, paused 236us total 14.961ms
08-04 21:08:24.550  6975  6988 I art     : Starting a blocking GC Explicit
08-04 21:08:24.574  6975  6988 I art     : Explicit concurrent mark sweep GC freed 1341(78KB) AllocSpace objects, 1(20KB) LOS objects, 23% free, 53MB/69MB, paused 357us total 23.302ms
08-04 21:08:24.585  6975  6988 I art     : Starting a blocking GC Explicit
08-04 21:08:24.601  6975  6988 I art     : Explicit concurrent mark sweep GC freed 20(704B) AllocSpace objects, 0(0B) LOS objects, 23% free, 53MB/69MB, paused 235us total 15.512ms
08-04 21:08:24.607  6975  6988 I art     : Starting a blocking GC Explicit
08-04 21:08:24.622  6975  6988 I art     : Explicit concurrent mark sweep GC freed 3(96B) AllocSpace objects, 0(0B) LOS objects, 23% free, 53MB/69MB, paused 234us total 15.011ms
08-04 21:08:24.629  6975  6988 I art     : Starting a blocking GC Explicit
08-04 21:08:24.644  6975  6988 I art     : Explicit concurrent mark sweep GC freed 3(96B) AllocSpace objects, 0(0B) LOS objects, 23% free, 53MB/69MB, paused 242us total 15.077ms
08-04 21:08:24.651  6975  6988 I art     : Starting a blocking GC Explicit
08-04 21:08:24.666  6975  6988 I art     : Explicit concurrent mark sweep GC freed 3(96B) AllocSpace objects, 0(0B) LOS objects, 23% free, 53MB/69MB, paused 218us total 14.948ms
08-04 21:08:25.000  6975  7372 I art     : Starting a blocking GC Explicit
08-04 21:08:25.024  6975  7372 I art     : Explicit concurrent mark sweep GC freed 1341(78KB) AllocSpace objects, 1(20KB) LOS objects, 23% free, 53MB/69MB, paused 268us total 23.155ms
08-04 21:08:25.035  6975  7372 I art     : Starting a blocking GC Explicit
08-04 21:08:25.037  4694  4694 I ServiceManager: Waiting for service AtCmdFwd...
08-04 21:08:25.052  6975  7372 I art     : Explicit concurrent mark sweep GC freed 20(704B) AllocSpace objects, 0(0B) LOS objects, 23% free, 53MB/69MB, paused 225us total 15.959ms
08-04 21:08:25.058  6975  7372 I art     : Starting a blocking GC Explicit
08-04 21:08:25.073  6975  7372 I art     : Explicit concurrent mark sweep GC freed 3(96B) AllocSpace objects, 0(0B) LOS objects, 23% free, 53MB/69MB, paused 240us total 14.710ms
08-04 21:08:25.080  6975  7372 I art     : Starting a blocking GC Explicit
08-04 21:08:25.095  6975  7372 I art     : Explicit concurrent mark sweep GC freed 3(96B) AllocSpace objects, 0(0B) LOS objects, 23% free, 53MB/69MB, paused 238us total 14.882ms
08-04 21:08:25.101  6975  7372 I art     : Starting a blocking GC Explicit
08-04 21:08:25.116  6975  7372 I art     : Explicit concurrent mark sweep GC freed 3(96B) AllocSpace objects, 0(0B) LOS objects, 23% free, 53MB/69MB, paused 232us total 14.578ms
08-04 21:08:25.459  6975  6987 I art     : Starting a blocking GC Explicit
08-04 21:08:25.481  6975  6987 I art     : Explicit concurrent mark sweep GC freed 1341(78KB) AllocSpace objects, 1(20KB) LOS objects, 23% free, 53MB/69MB, paused 269us total 21.554ms
08-04 21:08:25.491  6975  6987 I art     : Starting a blocking GC Explicit
08-04 21:08:25.510  6975  6987 I art     : Explicit concurrent mark sweep GC freed 20(704B) AllocSpace objects, 0(0B) LOS objects, 23% free, 53MB/69MB, paused 253us total 19.030ms
08-04 21:08:25.518  6975  6987 I art     : Starting a blocking GC Explicit
08-04 21:08:25.533  6975  6987 I art     : Explicit concurrent mark sweep GC freed 3(96B) AllocSpace objects, 0(0B) LOS objects, 23% free, 53MB/69MB, paused 214us total 14.559ms
08-04 21:08:25.540  6975  6987 I art     : Starting a blocking GC Explicit
08-04 21:08:25.555  6975  6987 I art     : Explicit concurrent mark sweep GC freed 3(96B) AllocSpace objects, 0(0B) LOS objects, 23% free, 53MB/69MB, paused 230us total 14.990ms
08-04 21:08:25.562  6975  6987 I art     : Starting a blocking GC Explicit
08-04 21:08:25.577  6975  6987 I art     : Explicit concurrent mark sweep GC freed 3(96B) AllocSpace objects, 0(0B) LOS objects, 23% free, 53MB/69MB, paused 258us total 14.557ms
08-04 21:08:25.875  6975  7004 I art     : Starting a blocking GC Explicit
08-04 21:08:25.900  6975  7004 I art     : Explicit concurrent mark sweep GC freed 1341(78KB) AllocSpace objects, 1(20KB) LOS objects, 23% free, 53MB/69MB, paused 330us total 24.901ms
08-04 21:08:25.912  6975  7004 I art     : Starting a blocking GC Explicit
08-04 21:08:25.927  6975  7004 I art     : Explicit concurrent mark sweep GC freed 20(704B) AllocSpace objects, 0(0B) LOS objects, 23% free, 53MB/69MB, paused 248us total 15.432ms
08-04 21:08:25.934  6975  7004 I art     : Starting a blocking GC Explicit
08-04 21:08:25.948  6975  7004 I art     : Explicit concurrent mark sweep GC freed 3(96B) AllocSpace objects, 0(0B) LOS objects, 23% free, 53MB/69MB, paused 235us total 14.513ms
08-04 21:08:25.955  6975  7004 I art     : Starting a blocking GC Explicit
08-04 21:08:25.970  6975  7004 I art     : Explicit concurrent mark sweep GC freed 3(96B) AllocSpace objects, 0(0B) LOS objects, 23% free, 53MB/69MB, paused 240us total 14.804ms
08-04 21:08:25.977  6975  7004 I art     : Starting a blocking GC Explicit
08-04 21:08:25.992  6975  7004 I art     : Explicit concurrent mark sweep GC freed 3(96B) AllocSpace objects, 0(0B) LOS objects, 23% free, 53MB/69MB, paused 236us total 15.084ms
08-04 21:08:26.038  4694  4694 W Atfwd_Sendcmd: AtCmdFwd service not published, waiting... retryCnt : 5
08-04 21:08:26.324  6975  6988 I art     : Starting a blocking GC Explicit
08-04 21:08:26.348  6975  6988 I art     : Explicit concurrent mark sweep GC freed 1341(78KB) AllocSpace objects, 1(20KB) LOS objects, 23% free, 53MB/69MB, paused 408us total 23.354ms
08-04 21:08:26.359  6975  6988 I art     : Starting a blocking GC Explicit
08-04 21:08:26.377  6975  6988 I art     : Explicit concurrent mark sweep GC freed 20(704B) AllocSpace objects, 0(0B) LOS objects, 23% free, 53MB/69MB, paused 219us total 18.122ms
08-04 21:08:26.384  6975  6988 I art     : Starting a blocking GC Explicit
08-04 21:08:26.399  6975  6988 I art     : Explicit concurrent mark sweep GC freed 3(96B) AllocSpace objects, 0(0B) LOS objects, 23% free, 53MB/69MB, paused 217us total 14.546ms
08-04 21:08:26.406  6975  6988 I art     : Starting a blocking GC Explicit
08-04 21:08:26.419  6975  6988 I art     : Explicit concurrent mark sweep GC freed 3(96B) AllocSpace objects, 0(0B) LOS objects, 23% free, 53MB/69MB, paused 226us total 12.628ms
08-04 21:08:26.425  6975  6988 I art     : Starting a blocking GC Explicit
08-04 21:08:26.438  6975  6988 I art     : Explicit concurrent mark sweep GC freed 3(96B) AllocSpace objects, 0(0B) LOS objects, 23% free, 53MB/69MB, paused 216us total 13.394ms
08-04 21:08:26.760  6975  7372 I art     : Starting a blocking GC Explicit
08-04 21:08:26.782  6975  7372 I art     : Explicit concurrent mark sweep GC freed 1341(78KB) AllocSpace objects, 1(20KB) LOS objects, 23% free, 53MB/69MB, paused 275us total 21.949ms
08-04 21:08:26.787   918  1210 D NetlinkSocketObserver: NeighborEvent{elapsedMs=1721910662, 192.168.2.254, [7C3953A63323], RTM_NEWNEIGH, NUD_STALE}
08-04 21:08:26.793  6975  7372 I art     : Starting a blocking GC Explicit
08-04 21:08:26.809  6975  7372 I art     : Explicit concurrent mark sweep GC freed 20(704B) AllocSpace objects, 0(0B) LOS objects, 23% free, 53MB/69MB, paused 244us total 15.488ms
08-04 21:08:26.816  6975  7372 I art     : Starting a blocking GC Explicit
08-04 21:08:26.831  6975  7372 I art     : Explicit concurrent mark sweep GC freed 3(96B) AllocSpace objects, 0(0B) LOS objects, 23% free, 53MB/69MB, paused 242us total 15.015ms
08-04 21:08:26.838  6975  7372 I art     : Starting a blocking GC Explicit
08-04 21:08:26.853  6975  7372 I art     : Explicit concurrent mark sweep GC freed 3(96B) AllocSpace objects, 0(0B) LOS objects, 23% free, 53MB/69MB, paused 237us total 14.892ms
08-04 21:08:26.860  6975  7372 I art     : Starting a blocking GC Explicit
08-04 21:08:26.875  6975  7372 I art     : Explicit concurrent mark sweep GC freed 3(96B) AllocSpace objects, 0(0B) LOS objects, 23% free, 53MB/69MB, paused 242us total 15.055ms
08-04 21:08:27.171  6975  6987 I art     : Starting a blocking GC Explicit
08-04 21:08:27.193  6975  6987 I art     : Explicit concurrent mark sweep GC freed 1341(78KB) AllocSpace objects, 1(20KB) LOS objects, 23% free, 53MB/69MB, paused 273us total 21.973ms
08-04 21:08:27.204  6975  6987 I art     : Starting a blocking GC Explicit
08-04 21:08:27.220  6975  6987 I art     : Explicit concurrent mark sweep GC freed 20(704B) AllocSpace objects, 0(0B) LOS objects, 23% free, 53MB/69MB, paused 221us total 16.029ms
08-04 21:08:27.227  6975  6987 I art     : Starting a blocking GC Explicit
08-04 21:08:27.242  6975  6987 I art     : Explicit concurrent mark sweep GC freed 3(96B) AllocSpace objects, 0(0B) LOS objects, 23% free, 53MB/69MB, paused 219us total 14.868ms
08-04 21:08:27.248  6975  6987 I art     : Starting a blocking GC Explicit
08-04 21:08:27.264  6975  6987 I art     : Explicit concurrent mark sweep GC freed 3(96B) AllocSpace objects, 0(0B) LOS objects, 23% free, 53MB/69MB, paused 225us total 15.077ms
08-04 21:08:27.270  6975  6987 I art     : Starting a blocking GC Explicit
08-04 21:08:27.285  6975  6987 I art     : Explicit concurrent mark sweep GC freed 3(96B) AllocSpace objects, 0(0B) LOS objects, 23% free, 53MB/69MB, paused 232us total 14.907ms
08-04 21:08:27.563  6975  7004 I art     : Starting a blocking GC Explicit
08-04 21:08:27.584  6975  7004 I art     : Explicit concurrent mark sweep GC freed 1341(78KB) AllocSpace objects, 1(20KB) LOS objects, 23% free, 53MB/69MB, paused 265us total 21.598ms
08-04 21:08:27.592  6975  7004 I art     : Starting a blocking GC Explicit
08-04 21:08:27.607  6975  7004 I art     : Explicit concurrent mark sweep GC freed 20(704B) AllocSpace objects, 0(0B) LOS objects, 23% free, 53MB/69MB, paused 246us total 15.631ms
08-04 21:08:27.614  6975  7004 I art     : Starting a blocking GC Explicit
08-04 21:08:27.629  6975  7004 I art     : Explicit concurrent mark sweep GC freed 3(96B) AllocSpace objects, 0(0B) LOS objects, 23% free, 53MB/69MB, paused 242us total 15.141ms
08-04 21:08:27.636  6975  7004 I art     : Starting a blocking GC Explicit
08-04 21:08:27.651  6975  7004 I art     : Explicit concurrent mark sweep GC freed 3(96B) AllocSpace objects, 0(0B) LOS objects, 23% free, 53MB/69MB, paused 240us total 14.840ms
08-04 21:08:27.659  6975  7004 I art     : Starting a blocking GC Explicit
08-04 21:08:27.674  6975  7004 I art     : Explicit concurrent mark sweep GC freed 194(12KB) AllocSpace objects, 0(0B) LOS objects, 23% free, 53MB/69MB, paused 284us total 15.161ms
08-04 21:08:27.815  6975  7595 W OneSignal: OneSignalRestClient: POST Error thrown from network stack. 
08-04 21:08:27.815  6975  7595 W OneSignal: java.io.IOException: unexpected end of stream on Connection{api.onesignal.com:443, proxy=HTTP@192.168.2.12:8080 hostAddress=192.168.2.12 cipherSuite=TLS_ECDHE_RSA_WITH_AES_128_GCM_SHA256 protocol=http/1.1} (recycle count=0)
08-04 21:08:27.815  6975  7595 W OneSignal: 	at com.android.okhttp.internal.http.HttpConnection.readResponse(HttpConnection.java:210)
08-04 21:08:27.815  6975  7595 W OneSignal: 	at com.android.okhttp.internal.http.HttpTransport.readResponseHeaders(HttpTransport.java:80)
08-04 21:08:27.815  6975  7595 W OneSignal: 	at com.android.okhttp.internal.http.HttpEngine.readNetworkResponse(HttpEngine.java:904)
08-04 21:08:27.815  6975  7595 W OneSignal: 	at com.android.okhttp.internal.http.HttpEngine.readResponse(HttpEngine.java:788)
08-04 21:08:27.815  6975  7595 W OneSignal: 	at com.android.okhttp.internal.huc.HttpURLConnectionImpl.execute(HttpURLConnectionImpl.java:439)
08-04 21:08:27.815  6975  7595 W OneSignal: 	at com.android.okhttp.internal.huc.HttpURLConnectionImpl.getResponse(HttpURLConnectionImpl.java:384)
08-04 21:08:27.815  6975  7595 W OneSignal: 	at com.android.okhttp.internal.huc.HttpURLConnectionImpl.getResponseCode(HttpURLConnectionImpl.java:497)
08-04 21:08:27.815  6975  7595 W OneSignal: 	at com.android.okhttp.internal.huc.DelegatingHttpsURLConnection.getResponseCode(DelegatingHttpsURLConnection.java:105)
08-04 21:08:27.815  6975  7595 W OneSignal: 	at com.android.okhttp.internal.huc.HttpsURLConnectionImpl.getResponseCode(HttpsURLConnectionImpl.java)
08-04 21:08:27.815  6975  7595 W OneSignal: 	at com.onesignal.OneSignalRestClient.startHTTPConnection(OneSignalRestClient.java:180)
08-04 21:08:27.815  6975  7595 W OneSignal: 	at com.onesignal.OneSignalRestClient.access$100(OneSignalRestClient.java:44)
08-04 21:08:27.815  6975  7595 W OneSignal: 	at com.onesignal.OneSignalRestClient$4.run(OneSignalRestClient.java:110)
08-04 21:08:27.815  6975  7595 W OneSignal: 	at java.lang.Thread.run(Thread.java:818)
08-04 21:08:27.815  6975  7595 W OneSignal: Caused by: java.io.EOFException: \n not found: size=0 content=...
08-04 21:08:27.815  6975  7595 W OneSignal: 	at com.android.okhttp.okio.RealBufferedSource.readUtf8LineStrict(RealBufferedSource.java:200)
08-04 21:08:27.815  6975  7595 W OneSignal: 	at com.android.okhttp.internal.http.HttpConnection.readResponse(HttpConnection.java:191)
08-04 21:08:27.815  6975  7595 W OneSignal: 	... 12 more
08-04 21:08:27.816  6975  7598 W OneSignal: Failed last request. statusCode: -1
08-04 21:08:27.816  6975  7598 W OneSignal: response: null
08-04 21:08:27.938  6975  6988 I art     : Starting a blocking GC Explicit
08-04 21:08:27.961  6975  6988 I art     : Explicit concurrent mark sweep GC freed 3720(230KB) AllocSpace objects, 1(20KB) LOS objects, 23% free, 53MB/69MB, paused 296us total 22.387ms
08-04 21:08:27.972  6975  6988 I art     : Starting a blocking GC Explicit
08-04 21:08:27.988  6975  6988 I art     : Explicit concurrent mark sweep GC freed 67(2448B) AllocSpace objects, 0(0B) LOS objects, 23% free, 53MB/69MB, paused 244us total 15.563ms
08-04 21:08:27.994  6975  6988 I art     : Starting a blocking GC Explicit
08-04 21:08:28.009  6975  6988 I art     : Explicit concurrent mark sweep GC freed 3(96B) AllocSpace objects, 0(0B) LOS objects, 23% free, 53MB/69MB, paused 232us total 14.528ms
08-04 21:08:28.015  6975  6988 I art     : Starting a blocking GC Explicit
08-04 21:08:28.030  6975  6988 I art     : Explicit concurrent mark sweep GC freed 3(96B) AllocSpace objects, 0(0B) LOS objects, 23% free, 53MB/69MB, paused 237us total 14.744ms
08-04 21:08:28.037  6975  6988 I art     : Starting a blocking GC Explicit
08-04 21:08:28.052  6975  6988 I art     : Explicit concurrent mark sweep GC freed 3(96B) AllocSpace objects, 0(0B) LOS objects, 23% free, 53MB/69MB, paused 232us total 15.012ms
08-04 21:08:28.362  6975  7372 I art     : Starting a blocking GC Explicit
08-04 21:08:28.384  6975  7372 I art     : Explicit concurrent mark sweep GC freed 1341(78KB) AllocSpace objects, 1(20KB) LOS objects, 23% free, 53MB/69MB, paused 270us total 21.727ms
08-04 21:08:28.395  6975  7372 I art     : Starting a blocking GC Explicit
08-04 21:08:28.414  6975  7372 I art     : Explicit concurrent mark sweep GC freed 20(704B) AllocSpace objects, 0(0B) LOS objects, 23% free, 53MB/69MB, paused 263us total 19.087ms
08-04 21:08:28.423  6975  7372 I art     : Starting a blocking GC Explicit
08-04 21:08:28.438  6975  7372 I art     : Explicit concurrent mark sweep GC freed 3(96B) AllocSpace objects, 0(0B) LOS objects, 23% free, 53MB/69MB, paused 231us total 14.994ms
08-04 21:08:28.445  6975  7372 I art     : Starting a blocking GC Explicit
08-04 21:08:28.460  6975  7372 I art     : Explicit concurrent mark sweep GC freed 3(96B) AllocSpace objects, 0(0B) LOS objects, 23% free, 53MB/69MB, paused 239us total 15.189ms
08-04 21:08:28.467  6975  7372 I art     : Starting a blocking GC Explicit
08-04 21:08:28.482  6975  7372 I art     : Explicit concurrent mark sweep GC freed 3(96B) AllocSpace objects, 0(0B) LOS objects, 23% free, 53MB/69MB, paused 232us total 14.637ms
08-04 21:08:28.796  6975  6987 I art     : Starting a blocking GC Explicit
08-04 21:08:28.817  6975  6987 I art     : Explicit concurrent mark sweep GC freed 1341(78KB) AllocSpace objects, 1(20KB) LOS objects, 23% free, 53MB/69MB, paused 251us total 21.196ms
08-04 21:08:28.829  6975  6987 I art     : Starting a blocking GC Explicit
08-04 21:08:28.844  6975  6987 I art     : Explicit concurrent mark sweep GC freed 20(704B) AllocSpace objects, 0(0B) LOS objects, 23% free, 53MB/69MB, paused 229us total 15.518ms
08-04 21:08:28.851  6975  6987 I art     : Starting a blocking GC Explicit
08-04 21:08:28.866  6975  6987 I art     : Explicit concurrent mark sweep GC freed 3(96B) AllocSpace objects, 0(0B) LOS objects, 23% free, 53MB/69MB, paused 229us total 14.578ms
08-04 21:08:28.872  6975  6987 I art     : Starting a blocking GC Explicit
08-04 21:08:28.887  6975  6987 I art     : Explicit concurrent mark sweep GC freed 3(96B) AllocSpace objects, 0(0B) LOS objects, 23% free, 53MB/69MB, paused 250us total 14.518ms
08-04 21:08:28.893  6975  6987 I art     : Starting a blocking GC Explicit
08-04 21:08:28.908  6975  6987 I art     : Explicit concurrent mark sweep GC freed 3(96B) AllocSpace objects, 0(0B) LOS objects, 23% free, 53MB/69MB, paused 218us total 14.591ms
08-04 21:08:29.246  6975  7004 I art     : Starting a blocking GC Explicit
08-04 21:08:29.272  6975  7004 I art     : Explicit concurrent mark sweep GC freed 1341(78KB) AllocSpace objects, 1(20KB) LOS objects, 23% free, 53MB/69MB, paused 279us total 25.853ms
08-04 21:08:29.283  6975  7004 I art     : Starting a blocking GC Explicit
08-04 21:08:29.300  6975  7004 I art     : Explicit concurrent mark sweep GC freed 20(704B) AllocSpace objects, 0(0B) LOS objects, 23% free, 53MB/69MB, paused 232us total 16.344ms
08-04 21:08:29.306  6975  7004 I art     : Starting a blocking GC Explicit
08-04 21:08:29.322  6975  7004 I art     : Explicit concurrent mark sweep GC freed 3(96B) AllocSpace objects, 0(0B) LOS objects, 23% free, 53MB/69MB, paused 236us total 15.065ms
08-04 21:08:29.329  6975  7004 I art     : Starting a blocking GC Explicit
08-04 21:08:29.343  6975  7004 I art     : Explicit concurrent mark sweep GC freed 3(96B) AllocSpace objects, 0(0B) LOS objects, 23% free, 53MB/69MB, paused 236us total 13.949ms
08-04 21:08:29.350  6975  7004 I art     : Starting a blocking GC Explicit
08-04 21:08:29.364  6975  7004 I art     : Explicit concurrent mark sweep GC freed 3(96B) AllocSpace objects, 0(0B) LOS objects, 23% free, 53MB/69MB, paused 231us total 14.635ms
08-04 21:08:29.696  6975  6988 I art     : Starting a blocking GC Explicit
08-04 21:08:29.719  6975  6988 I art     : Explicit concurrent mark sweep GC freed 1341(78KB) AllocSpace objects, 1(20KB) LOS objects, 23% free, 53MB/69MB, paused 288us total 22.575ms
08-04 21:08:29.729  6975  6988 I art     : Starting a blocking GC Explicit
08-04 21:08:29.744  6975  6988 I art     : Explicit concurrent mark sweep GC freed 20(704B) AllocSpace objects, 0(0B) LOS objects, 23% free, 53MB/69MB, paused 237us total 15.253ms
08-04 21:08:29.751  6975  6988 I art     : Starting a blocking GC Explicit
08-04 21:08:29.766  6975  6988 I art     : Explicit concurrent mark sweep GC freed 3(96B) AllocSpace objects, 0(0B) LOS objects, 23% free, 53MB/69MB, paused 243us total 14.889ms
08-04 21:08:29.773  6975  6988 I art     : Starting a blocking GC Explicit
08-04 21:08:29.788  6975  6988 I art     : Explicit concurrent mark sweep GC freed 3(96B) AllocSpace objects, 0(0B) LOS objects, 23% free, 53MB/69MB, paused 239us total 15.008ms
08-04 21:08:29.794  6975  6988 I art     : Starting a blocking GC Explicit
08-04 21:08:29.809  6975  6988 I art     : Explicit concurrent mark sweep GC freed 3(96B) AllocSpace objects, 0(0B) LOS objects, 23% free, 53MB/69MB, paused 223us total 14.436ms
08-04 21:08:30.160  6975  7372 I art     : Starting a blocking GC Explicit
08-04 21:08:30.184  6975  7372 I art     : Explicit concurrent mark sweep GC freed 1341(78KB) AllocSpace objects, 1(20KB) LOS objects, 23% free, 53MB/69MB, paused 297us total 23.812ms
08-04 21:08:30.194  6975  7372 I art     : Starting a blocking GC Explicit
08-04 21:08:30.210  6975  7372 I art     : Explicit concurrent mark sweep GC freed 20(704B) AllocSpace objects, 0(0B) LOS objects, 23% free, 53MB/69MB, paused 233us total 15.598ms
08-04 21:08:30.217  6975  7372 I art     : Starting a blocking GC Explicit
08-04 21:08:30.232  6975  7372 I art     : Explicit concurrent mark sweep GC freed 3(96B) AllocSpace objects, 0(0B) LOS objects, 23% free, 53MB/69MB, paused 236us total 14.989ms
08-04 21:08:30.238  6975  7372 I art     : Starting a blocking GC Explicit
08-04 21:08:30.253  6975  7372 I art     : Explicit concurrent mark sweep GC freed 3(96B) AllocSpace objects, 0(0B) LOS objects, 23% free, 53MB/69MB, paused 232us total 14.391ms
08-04 21:08:30.260  6975  7372 I art     : Starting a blocking GC Explicit
08-04 21:08:30.274  6975  7372 I art     : Explicit concurrent mark sweep GC freed 3(96B) AllocSpace objects, 0(0B) LOS objects, 23% free, 53MB/69MB, paused 232us total 14.603ms
08-04 21:08:30.573  6975  6987 I art     : Starting a blocking GC Explicit
08-04 21:08:30.594  6975  6987 I art     : Explicit concurrent mark sweep GC freed 1341(78KB) AllocSpace objects, 1(20KB) LOS objects, 23% free, 53MB/69MB, paused 270us total 21.099ms
08-04 21:08:30.604  6975  6987 I art     : Starting a blocking GC Explicit
08-04 21:08:30.619  6975  6987 I art     : Explicit concurrent mark sweep GC freed 20(704B) AllocSpace objects, 0(0B) LOS objects, 23% free, 53MB/69MB, paused 249us total 15.319ms
08-04 21:08:30.626  6975  6987 I art     : Starting a blocking GC Explicit
08-04 21:08:30.641  6975  6987 I art     : Explicit concurrent mark sweep GC freed 3(96B) AllocSpace objects, 0(0B) LOS objects, 23% free, 53MB/69MB, paused 234us total 14.994ms
08-04 21:08:30.648  6975  6987 I art     : Starting a blocking GC Explicit
08-04 21:08:30.662  6975  6987 I art     : Explicit concurrent mark sweep GC freed 3(96B) AllocSpace objects, 0(0B) LOS objects, 23% free, 53MB/69MB, paused 207us total 13.911ms
08-04 21:08:30.668  6975  6987 I art     : Starting a blocking GC Explicit
08-04 21:08:30.683  6975  6987 I art     : Explicit concurrent mark sweep GC freed 3(96B) AllocSpace objects, 0(0B) LOS objects, 23% free, 53MB/69MB, paused 227us total 14.415ms
08-04 21:08:30.975  6975  7004 I art     : Starting a blocking GC Explicit
08-04 21:08:30.997  6975  7004 I art     : Explicit concurrent mark sweep GC freed 1341(78KB) AllocSpace objects, 1(20KB) LOS objects, 23% free, 53MB/69MB, paused 290us total 21.104ms
08-04 21:08:31.007  6975  7004 I art     : Starting a blocking GC Explicit
08-04 21:08:31.026  6975  7004 I art     : Explicit concurrent mark sweep GC freed 20(704B) AllocSpace objects, 0(0B) LOS objects, 23% free, 53MB/69MB, paused 268us total 19.019ms
08-04 21:08:31.035  6975  7004 I art     : Starting a blocking GC Explicit
08-04 21:08:31.050  6975  7004 I art     : Explicit concurrent mark sweep GC freed 3(96B) AllocSpace objects, 0(0B) LOS objects, 23% free, 53MB/69MB, paused 222us total 14.511ms
08-04 21:08:31.057  6975  7004 I art     : Starting a blocking GC Explicit
08-04 21:08:31.072  6975  7004 I art     : Explicit concurrent mark sweep GC freed 3(96B) AllocSpace objects, 0(0B) LOS objects, 23% free, 53MB/69MB, paused 238us total 14.893ms
08-04 21:08:31.079  6975  7004 I art     : Starting a blocking GC Explicit
08-04 21:08:31.094  6975  7004 I art     : Explicit concurrent mark sweep GC freed 3(96B) AllocSpace objects, 0(0B) LOS objects, 23% free, 53MB/69MB, paused 230us total 14.655ms
08-04 21:08:31.402  6975  6988 I art     : Starting a blocking GC Explicit
08-04 21:08:31.427  6975  6988 I art     : Explicit concurrent mark sweep GC freed 1341(78KB) AllocSpace objects, 1(20KB) LOS objects, 23% free, 53MB/69MB, paused 411us total 23.616ms
08-04 21:08:31.439  6975  6988 I art     : Starting a blocking GC Explicit
08-04 21:08:31.453  6975  6988 I art     : Explicit concurrent mark sweep GC freed 20(704B) AllocSpace objects, 0(0B) LOS objects, 23% free, 53MB/69MB, paused 226us total 13.731ms
08-04 21:08:31.459  6975  6988 I art     : Starting a blocking GC Explicit
08-04 21:08:31.473  6975  6988 I art     : Explicit concurrent mark sweep GC freed 3(96B) AllocSpace objects, 0(0B) LOS objects, 23% free, 53MB/69MB, paused 233us total 13.803ms
08-04 21:08:31.479  6975  6988 I art     : Starting a blocking GC Explicit
08-04 21:08:31.492  6975  6988 I art     : Explicit concurrent mark sweep GC freed 3(96B) AllocSpace objects, 0(0B) LOS objects, 23% free, 53MB/69MB, paused 224us total 13.142ms
08-04 21:08:31.498  6975  6988 I art     : Starting a blocking GC Explicit
08-04 21:08:31.511  6975  6988 I art     : Explicit concurrent mark sweep GC freed 3(96B) AllocSpace objects, 0(0B) LOS objects, 23% free, 53MB/69MB, paused 216us total 13.072ms
08-04 21:08:31.784  6975  7372 I art     : Starting a blocking GC Explicit
08-04 21:08:31.805  6975  7372 I art     : Explicit concurrent mark sweep GC freed 1341(78KB) AllocSpace objects, 1(20KB) LOS objects, 23% free, 53MB/69MB, paused 287us total 21.092ms
08-04 21:08:31.816  6975  7372 I art     : Starting a blocking GC Explicit
08-04 21:08:31.832  6975  7372 I art     : Explicit concurrent mark sweep GC freed 20(704B) AllocSpace objects, 0(0B) LOS objects, 23% free, 53MB/69MB, paused 246us total 15.671ms
08-04 21:08:31.839  6975  7372 I art     : Starting a blocking GC Explicit
08-04 21:08:31.854  6975  7372 I art     : Explicit concurrent mark sweep GC freed 3(96B) AllocSpace objects, 0(0B) LOS objects, 23% free, 53MB/69MB, paused 240us total 15.572ms
08-04 21:08:31.861  6975  7372 I art     : Starting a blocking GC Explicit
08-04 21:08:31.876  6975  7372 I art     : Explicit concurrent mark sweep GC freed 3(96B) AllocSpace objects, 0(0B) LOS objects, 23% free, 53MB/69MB, paused 241us total 14.853ms
08-04 21:08:31.883  6975  7372 I art     : Starting a blocking GC Explicit
08-04 21:08:31.899  6975  7372 I art     : Explicit concurrent mark sweep GC freed 3(96B) AllocSpace objects, 0(0B) LOS objects, 23% free, 53MB/69MB, paused 227us total 15.866ms
08-04 21:08:32.193  6975  6987 I art     : Starting a blocking GC Explicit
08-04 21:08:32.214  6975  6987 I art     : Explicit concurrent mark sweep GC freed 1341(78KB) AllocSpace objects, 1(20KB) LOS objects, 23% free, 53MB/69MB, paused 253us total 21.243ms
08-04 21:08:32.224  6975  6987 I art     : Starting a blocking GC Explicit
08-04 21:08:32.239  6975  6987 I art     : Explicit concurrent mark sweep GC freed 20(704B) AllocSpace objects, 0(0B) LOS objects, 23% free, 53MB/69MB, paused 223us total 14.971ms
08-04 21:08:32.246  6975  6987 I art     : Starting a blocking GC Explicit
08-04 21:08:32.260  6975  6987 I art     : Explicit concurrent mark sweep GC freed 3(96B) AllocSpace objects, 0(0B) LOS objects, 23% free, 53MB/69MB, paused 223us total 13.875ms
08-04 21:08:32.266  6975  6987 I art     : Starting a blocking GC Explicit
08-04 21:08:32.281  6975  6987 I art     : Explicit concurrent mark sweep GC freed 3(96B) AllocSpace objects, 0(0B) LOS objects, 23% free, 53MB/69MB, paused 227us total 14.125ms
08-04 21:08:32.287  6975  6987 I art     : Starting a blocking GC Explicit
08-04 21:08:32.302  6975  6987 I art     : Explicit concurrent mark sweep GC freed 3(96B) AllocSpace objects, 0(0B) LOS objects, 23% free, 53MB/69MB, paused 228us total 14.809ms
08-04 21:08:32.619  6975  7004 I art     : Starting a blocking GC Explicit
08-04 21:08:32.643  6975  7004 I art     : Explicit concurrent mark sweep GC freed 1341(78KB) AllocSpace objects, 1(20KB) LOS objects, 23% free, 53MB/69MB, paused 284us total 23.840ms
08-04 21:08:32.653  6975  7004 I art     : Starting a blocking GC Explicit
08-04 21:08:32.669  6975  7004 I art     : Explicit concurrent mark sweep GC freed 20(704B) AllocSpace objects, 0(0B) LOS objects, 23% free, 53MB/69MB, paused 237us total 15.591ms
08-04 21:08:32.676  6975  7004 I art     : Starting a blocking GC Explicit
08-04 21:08:32.691  6975  7004 I art     : Explicit concurrent mark sweep GC freed 3(96B) AllocSpace objects, 0(0B) LOS objects, 23% free, 53MB/69MB, paused 241us total 15.349ms
08-04 21:08:32.698  6975  7004 I art     : Starting a blocking GC Explicit
08-04 21:08:32.714  6975  7004 I art     : Explicit concurrent mark sweep GC freed 3(96B) AllocSpace objects, 0(0B) LOS objects, 23% free, 53MB/69MB, paused 230us total 14.976ms
08-04 21:08:32.720  6975  7004 I art     : Starting a blocking GC Explicit
08-04 21:08:32.735  6975  7004 I art     : Explicit concurrent mark sweep GC freed 3(96B) AllocSpace objects, 0(0B) LOS objects, 23% free, 53MB/69MB, paused 239us total 14.451ms
08-04 21:08:33.060  6975  6988 I art     : Starting a blocking GC Explicit
08-04 21:08:33.087  6975  6988 I art     : Explicit concurrent mark sweep GC freed 1341(78KB) AllocSpace objects, 1(20KB) LOS objects, 23% free, 53MB/69MB, paused 313us total 26.080ms
08-04 21:08:33.098  6975  6988 I art     : Starting a blocking GC Explicit
08-04 21:08:33.115  6975  6988 I art     : Explicit concurrent mark sweep GC freed 20(704B) AllocSpace objects, 0(0B) LOS objects, 23% free, 53MB/69MB, paused 247us total 16.909ms
08-04 21:08:33.122  6975  6988 I art     : Starting a blocking GC Explicit
08-04 21:08:33.137  6975  6988 I art     : Explicit concurrent mark sweep GC freed 3(96B) AllocSpace objects, 0(0B) LOS objects, 23% free, 53MB/69MB, paused 317us total 15.046ms
08-04 21:08:33.144  6975  6988 I art     : Starting a blocking GC Explicit
08-04 21:08:33.159  6975  6988 I art     : Explicit concurrent mark sweep GC freed 3(96B) AllocSpace objects, 0(0B) LOS objects, 23% free, 53MB/69MB, paused 234us total 14.465ms
08-04 21:08:33.165  6975  6988 I art     : Starting a blocking GC Explicit
08-04 21:08:33.180  6975  6988 I art     : Explicit concurrent mark sweep GC freed 3(96B) AllocSpace objects, 0(0B) LOS objects, 23% free, 53MB/69MB, paused 234us total 14.661ms
08-04 21:08:33.491  6975  7372 I art     : Starting a blocking GC Explicit
08-04 21:08:33.513  6975  7372 I art     : Explicit concurrent mark sweep GC freed 1341(78KB) AllocSpace objects, 1(20KB) LOS objects, 23% free, 53MB/69MB, paused 283us total 21.606ms
08-04 21:08:33.523  6975  7372 I art     : Starting a blocking GC Explicit
08-04 21:08:33.539  6975  7372 I art     : Explicit concurrent mark sweep GC freed 20(704B) AllocSpace objects, 0(0B) LOS objects, 23% free, 53MB/69MB, paused 246us total 15.488ms
08-04 21:08:33.546  6975  7372 I art     : Starting a blocking GC Explicit
08-04 21:08:33.561  6975  7372 I art     : Explicit concurrent mark sweep GC freed 3(96B) AllocSpace objects, 0(0B) LOS objects, 23% free, 53MB/69MB, paused 242us total 14.976ms
08-04 21:08:33.567  6975  7372 I art     : Starting a blocking GC Explicit
08-04 21:08:33.583  6975  7372 I art     : Explicit concurrent mark sweep GC freed 3(96B) AllocSpace objects, 0(0B) LOS objects, 23% free, 53MB/69MB, paused 230us total 14.966ms
08-04 21:08:33.589  6975  7372 I art     : Starting a blocking GC Explicit
08-04 21:08:33.604  6975  7372 I art     : Explicit concurrent mark sweep GC freed 3(96B) AllocSpace objects, 0(0B) LOS objects, 23% free, 53MB/69MB, paused 222us total 14.760ms
08-04 21:08:33.904  6975  6987 I art     : Starting a blocking GC Explicit
08-04 21:08:33.926  6975  6987 I art     : Explicit concurrent mark sweep GC freed 1341(78KB) AllocSpace objects, 1(20KB) LOS objects, 23% free, 53MB/69MB, paused 265us total 21.593ms
08-04 21:08:33.938  6975  6987 I art     : Starting a blocking GC Explicit
08-04 21:08:33.955  6975  6987 I art     : Explicit concurrent mark sweep GC freed 20(704B) AllocSpace objects, 0(0B) LOS objects, 23% free, 53MB/69MB, paused 265us total 16.683ms
08-04 21:08:33.961  6975  6987 I art     : Starting a blocking GC Explicit
08-04 21:08:33.976  6975  6987 I art     : Explicit concurrent mark sweep GC freed 3(96B) AllocSpace objects, 0(0B) LOS objects, 23% free, 53MB/69MB, paused 224us total 14.715ms
08-04 21:08:33.983  6975  6987 I art     : Starting a blocking GC Explicit
08-04 21:08:33.998  6975  6987 I art     : Explicit concurrent mark sweep GC freed 3(96B) AllocSpace objects, 0(0B) LOS objects, 23% free, 53MB/69MB, paused 228us total 14.566ms
08-04 21:08:34.004  6975  6987 I art     : Starting a blocking GC Explicit
08-04 21:08:34.019  6975  6987 I art     : Explicit concurrent mark sweep GC freed 3(96B) AllocSpace objects, 0(0B) LOS objects, 23% free, 53MB/69MB, paused 218us total 15.106ms
08-04 21:08:34.325  6975  7004 I art     : Starting a blocking GC Explicit
08-04 21:08:34.347  6975  7004 I art     : Explicit concurrent mark sweep GC freed 1341(78KB) AllocSpace objects, 1(20KB) LOS objects, 23% free, 53MB/69MB, paused 255us total 21.713ms
08-04 21:08:34.354  6975  7004 I art     : Starting a blocking GC Explicit
08-04 21:08:34.370  6975  7004 I art     : Explicit concurrent mark sweep GC freed 20(704B) AllocSpace objects, 0(0B) LOS objects, 23% free, 53MB/69MB, paused 243us total 15.553ms
08-04 21:08:34.377  6975  7004 I art     : Starting a blocking GC Explicit
08-04 21:08:34.392  6975  7004 I art     : Explicit concurrent mark sweep GC freed 3(96B) AllocSpace objects, 0(0B) LOS objects, 23% free, 53MB/69MB, paused 233us total 14.490ms
08-04 21:08:34.398  6975  7004 I art     : Starting a blocking GC Explicit
08-04 21:08:34.413  6975  7004 I art     : Explicit concurrent mark sweep GC freed 3(96B) AllocSpace objects, 0(0B) LOS objects, 23% free, 53MB/69MB, paused 229us total 14.480ms
08-04 21:08:34.419  6975  7004 I art     : Starting a blocking GC Explicit
08-04 21:08:34.434  6975  7004 I art     : Explicit concurrent mark sweep GC freed 3(96B) AllocSpace objects, 0(0B) LOS objects, 23% free, 53MB/69MB, paused 237us total 14.680ms
08-04 21:08:34.671  6975  6988 I art     : Starting a blocking GC Explicit
08-04 21:08:34.687  6975  6988 I art     : Explicit concurrent mark sweep GC freed 1341(78KB) AllocSpace objects, 1(20KB) LOS objects, 23% free, 53MB/69MB, paused 234us total 14.971ms
08-04 21:08:34.693  6975  6988 I art     : Starting a blocking GC Explicit
08-04 21:08:34.708  6975  6988 I art     : Explicit concurrent mark sweep GC freed 20(704B) AllocSpace objects, 0(0B) LOS objects, 23% free, 53MB/69MB, paused 301us total 14.704ms
08-04 21:08:34.714  6975  6988 I art     : Starting a blocking GC Explicit
08-04 21:08:34.729  6975  6988 I art     : Explicit concurrent mark sweep GC freed 3(96B) AllocSpace objects, 0(0B) LOS objects, 23% free, 53MB/69MB, paused 237us total 14.194ms
08-04 21:08:34.735  6975  6988 I art     : Starting a blocking GC Explicit
08-04 21:08:34.750  6975  6988 I art     : Explicit concurrent mark sweep GC freed 3(96B) AllocSpace objects, 0(0B) LOS objects, 23% free, 53MB/69MB, paused 242us total 14.766ms
08-04 21:08:34.756  6975  6988 I art     : Starting a blocking GC Explicit
08-04 21:08:34.770  6975  6988 I art     : Explicit concurrent mark sweep GC freed 3(96B) AllocSpace objects, 0(0B) LOS objects, 23% free, 53MB/69MB, paused 238us total 13.987ms
08-04 21:08:34.848  7764  7764 D AndroidRuntime: >>>>>> START com.android.internal.os.RuntimeInit uid 2000 <<<<<<
08-04 21:08:34.854  7764  7764 D AndroidRuntime: CheckJNI is OFF
08-04 21:08:34.886  7764  7764 D ICU     : No timezone override file found: /data/misc/zoneinfo/current/icu/icu_tzdata.dat
08-04 21:08:34.919  7764  7764 I Radio-JNI: register_android_hardware_Radio DONE
08-04 21:08:34.936  7764  7764 D AndroidRuntime: Calling main entry com.android.commands.input.Input
08-04 21:08:34.937  7764  7764 I Input   : injectKeyEvent: KeyEvent { action=ACTION_DOWN, keyCode=KEYCODE_BACK, scanCode=0, metaState=0, flags=0x0, repeatCount=0, eventTime=738531350, downTime=738531350, deviceId=-1, source=0x101 }
08-04 21:08:34.946  7764  7764 I Input   : injectKeyEvent: KeyEvent { action=ACTION_UP, keyCode=KEYCODE_BACK, scanCode=0, metaState=0, flags=0x0, repeatCount=0, eventTime=738531350, downTime=738531350, deviceId=-1, source=0x101 }
08-04 21:08:34.952  7764  7764 D AndroidRuntime: Shutting down VM
08-04 21:08:34.994 13866 13866 I GoogleInputMethodServic: GoogleInputMethodService.onFinishInput():3138 
08-04 21:08:34.995 13866 13866 I GoogleInputMethodServic: GoogleInputMethodService.onStartInput():1808 
08-04 21:08:35.030  6975  7004 I art     : Starting a blocking GC Explicit
08-04 21:08:35.045  6975  7004 I art     : Explicit concurrent mark sweep GC freed 1516(86KB) AllocSpace objects, 1(20KB) LOS objects, 23% free, 53MB/69MB, paused 212us total 14.377ms
08-04 21:08:35.051  6975  7004 I art     : Starting a blocking GC Explicit
08-04 21:08:35.063  6975  7004 I art     : Explicit concurrent mark sweep GC freed 26(944B) AllocSpace objects, 0(0B) LOS objects, 23% free, 53MB/69MB, paused 213us total 12.442ms
08-04 21:08:35.069  6975  7004 I art     : Starting a blocking GC Explicit
08-04 21:08:35.082  6975  7004 I art     : Explicit concurrent mark sweep GC freed 3(96B) AllocSpace objects, 0(0B) LOS objects, 23% free, 53MB/69MB, paused 219us total 12.842ms
08-04 21:08:35.088  6975  7004 I art     : Starting a blocking GC Explicit
08-04 21:08:35.103  6975  7004 I art     : Explicit concurrent mark sweep GC freed 3(96B) AllocSpace objects, 0(0B) LOS objects, 23% free, 53MB/69MB, paused 234us total 14.006ms
08-04 21:08:35.109  6975  7004 I art     : Starting a blocking GC Explicit
08-04 21:08:35.123  6975  7004 I art     : Explicit concurrent mark sweep GC freed 3(96B) AllocSpace objects, 0(0B) LOS objects, 23% free, 53MB/69MB, paused 209us total 13.402ms
08-04 21:08:35.288   380   380 W SurfaceFlinger: couldn't log to binary event log: overflow.
08-04 21:08:35.369  6975  6987 I art     : Starting a blocking GC Explicit
08-04 21:08:35.385  6975  6987 I art     : Explicit concurrent mark sweep GC freed 1452(87KB) AllocSpace objects, 1(20KB) LOS objects, 23% free, 53MB/69MB, paused 251us total 16.150ms
08-04 21:08:35.392  6975  6987 I art     : Starting a blocking GC Explicit
08-04 21:08:35.407  6975  6987 I art     : Explicit concurrent mark sweep GC freed 1672(107KB) AllocSpace objects, 3(400KB) LOS objects, 23% free, 52MB/68MB, paused 263us total 14.965ms
08-04 21:08:35.414  6975  6987 I art     : Starting a blocking GC Explicit
08-04 21:08:35.429  6975  6987 I art     : Explicit concurrent mark sweep GC freed 3(96B) AllocSpace objects, 0(0B) LOS objects, 23% free, 52MB/68MB, paused 240us total 14.875ms
08-04 21:08:35.436  6975  6987 I art     : Starting a blocking GC Explicit
08-04 21:08:35.451  6975  6987 I art     : Explicit concurrent mark sweep GC freed 3(96B) AllocSpace objects, 0(0B) LOS objects, 23% free, 52MB/68MB, paused 246us total 14.992ms
08-04 21:08:35.457  6975  6987 I art     : Starting a blocking GC Explicit
08-04 21:08:35.472  6975  6987 I art     : Explicit concurrent mark sweep GC freed 3(96B) AllocSpace objects, 0(0B) LOS objects, 23% free, 52MB/68MB, paused 228us total 14.663ms
08-04 21:08:35.764  6975  6988 I art     : Starting a blocking GC Explicit
08-04 21:08:35.787  6975  6988 I art     : Explicit concurrent mark sweep GC freed 1341(78KB) AllocSpace objects, 1(20KB) LOS objects, 23% free, 52MB/68MB, paused 277us total 21.940ms
08-04 21:08:35.797  6975  6988 I art     : Starting a blocking GC Explicit
08-04 21:08:35.816  6975  6988 I art     : Explicit concurrent mark sweep GC freed 20(704B) AllocSpace objects, 0(0B) LOS objects, 23% free, 52MB/68MB, paused 519us total 19.066ms
08-04 21:08:35.823  6975  6988 I art     : Starting a blocking GC Explicit
08-04 21:08:35.839  6975  6988 I art     : Explicit concurrent mark sweep GC freed 3(96B) AllocSpace objects, 0(0B) LOS objects, 23% free, 52MB/68MB, paused 292us total 14.947ms
08-04 21:08:35.846  6975  6988 I art     : Starting a blocking GC Explicit
08-04 21:08:35.860  6975  6988 I art     : Explicit concurrent mark sweep GC freed 3(96B) AllocSpace objects, 0(0B) LOS objects, 23% free, 52MB/68MB, paused 228us total 13.728ms
08-04 21:08:35.866  6975  6988 I art     : Starting a blocking GC Explicit
08-04 21:08:35.880  6975  6988 I art     : Explicit concurrent mark sweep GC freed 3(96B) AllocSpace objects, 0(0B) LOS objects, 23% free, 52MB/68MB, paused 233us total 13.669ms
08-04 21:08:36.173  6975  7372 I art     : Starting a blocking GC Explicit
08-04 21:08:36.193  6975  7372 I art     : Explicit concurrent mark sweep GC freed 1340(78KB) AllocSpace objects, 1(20KB) LOS objects, 23% free, 52MB/68MB, paused 245us total 19.441ms
08-04 21:08:36.200  6975  7372 I art     : Starting a blocking GC Explicit
08-04 21:08:36.216  6975  7372 I art     : Explicit concurrent mark sweep GC freed 20(704B) AllocSpace objects, 0(0B) LOS objects, 23% free, 52MB/68MB, paused 637us total 15.388ms
08-04 21:08:36.222  6975  7372 I art     : Starting a blocking GC Explicit
08-04 21:08:36.235  6975  7372 I art     : Explicit concurrent mark sweep GC freed 3(96B) AllocSpace objects, 0(0B) LOS objects, 23% free, 52MB/68MB, paused 234us total 13.475ms
08-04 21:08:36.242  6975  7372 I art     : Starting a blocking GC Explicit
08-04 21:08:36.255  6975  7372 I art     : Explicit concurrent mark sweep GC freed 3(96B) AllocSpace objects, 0(0B) LOS objects, 23% free, 52MB/68MB, paused 237us total 13.543ms
08-04 21:08:36.262  6975  7372 I art     : Starting a blocking GC Explicit
08-04 21:08:36.274  6975  7372 I art     : Explicit concurrent mark sweep GC freed 3(96B) AllocSpace objects, 0(0B) LOS objects, 23% free, 52MB/68MB, paused 230us total 12.561ms
08-04 21:08:36.498  7836  7836 D AndroidRuntime: >>>>>> START com.android.internal.os.RuntimeInit uid 2000 <<<<<<
08-04 21:08:36.502  7836  7836 D AndroidRuntime: CheckJNI is OFF
08-04 21:08:36.527  7836  7836 D ICU     : No timezone override file found: /data/misc/zoneinfo/current/icu/icu_tzdata.dat
08-04 21:08:36.532  6975  7004 I art     : Starting a blocking GC Explicit
08-04 21:08:36.546  6975  7004 I art     : Explicit concurrent mark sweep GC freed 1340(78KB) AllocSpace objects, 1(20KB) LOS objects, 23% free, 52MB/68MB, paused 259us total 13.795ms
08-04 21:08:36.552  7836  7836 I Radio-JNI: register_android_hardware_Radio DONE
08-04 21:08:36.553  6975  7004 I art     : Starting a blocking GC Explicit
08-04 21:08:36.566  6975  7004 I art     : Explicit concurrent mark sweep GC freed 20(704B) AllocSpace objects, 0(0B) LOS objects, 23% free, 52MB/68MB, paused 238us total 13.675ms
08-04 21:08:36.569  7836  7836 D AndroidRuntime: Calling main entry com.android.commands.input.Input
08-04 21:08:36.570  7836  7836 I Input   : injectMotionEvent: MotionEvent { action=ACTION_DOWN, actionButton=0, id[0]=0, x[0]=733.0, y[0]=1370.0, toolType[0]=TOOL_TYPE_UNKNOWN, buttonState=0, metaState=0, flags=0x0, edgeFlags=0x0, pointerCount=1, historySize=0, eventTime=738532983, downTime=738532983, deviceId=0, source=0x1002 }
08-04 21:08:36.573  6975  7004 I art     : Starting a blocking GC Explicit
08-04 21:08:36.574  7836  7836 I Input   : injectMotionEvent: MotionEvent { action=ACTION_UP, actionButton=0, id[0]=0, x[0]=733.0, y[0]=1370.0, toolType[0]=TOOL_TYPE_UNKNOWN, buttonState=0, metaState=0, flags=0x0, edgeFlags=0x0, pointerCount=1, historySize=0, eventTime=738532983, downTime=738532983, deviceId=0, source=0x1002 }
08-04 21:08:36.575   918  3359 I ActivityManager: START u0 {cmp=baseline.appteam.nith.hillffair/.activities.ClubActivity (has extras)} from uid 10651 on display 0
08-04 21:08:36.580  7836  7836 D AndroidRuntime: Shutting down VM
08-04 21:08:36.587  6975  7004 I art     : Explicit concurrent mark sweep GC freed 74(4KB) AllocSpace objects, 0(0B) LOS objects, 23% free, 52MB/68MB, paused 380us total 14.353ms
08-04 21:08:36.595  6975  7004 I art     : Starting a blocking GC Explicit
08-04 21:08:36.611  6975  7004 I art     : Explicit concurrent mark sweep GC freed 3183(178KB) AllocSpace objects, 0(0B) LOS objects, 23% free, 52MB/68MB, paused 457us total 16.070ms
08-04 21:08:36.619  6975  7004 I art     : Starting a blocking GC Explicit
08-04 21:08:36.632  6975  7004 I art     : Explicit concurrent mark sweep GC freed 273(23KB) AllocSpace objects, 0(0B) LOS objects, 23% free, 52MB/68MB, paused 262us total 13.266ms
08-04 21:08:36.659   918   936 I ActivityManager: Displayed baseline.appteam.nith.hillffair/.activities.ClubActivity: +78ms
08-04 21:08:36.659 13866 13866 I GoogleInputMethodServic: GoogleInputMethodService.onFinishInput():3138 
08-04 21:08:36.661 13866 13866 I GoogleInputMethodServic: GoogleInputMethodService.onStartInput():1808 
08-04 21:08:36.898  6975  6988 I art     : Starting a blocking GC Explicit
08-04 21:08:36.907   380   380 W SurfaceFlinger: couldn't log to binary event log: overflow.
08-04 21:08:36.919  6975  6988 I art     : Explicit concurrent mark sweep GC freed 1631(92KB) AllocSpace objects, 1(20KB) LOS objects, 23% free, 52MB/68MB, paused 869us total 20.867ms
08-04 21:08:36.925  6975  6988 I art     : Starting a blocking GC Explicit
08-04 21:08:36.939  6975  6988 I art     : Explicit concurrent mark sweep GC freed 32(1104B) AllocSpace objects, 0(0B) LOS objects, 23% free, 52MB/68MB, paused 270us total 13.227ms
08-04 21:08:36.945  6975  6988 I art     : Starting a blocking GC Explicit
08-04 21:08:36.958  6975  6988 I art     : Explicit concurrent mark sweep GC freed 3(96B) AllocSpace objects, 0(0B) LOS objects, 23% free, 52MB/68MB, paused 243us total 13.075ms
08-04 21:08:36.964  6975  6988 I art     : Starting a blocking GC Explicit
08-04 21:08:36.978  6975  6988 I art     : Explicit concurrent mark sweep GC freed 3(96B) AllocSpace objects, 0(0B) LOS objects, 23% free, 52MB/68MB, paused 247us total 13.996ms
08-04 21:08:36.984  6975  6988 I art     : Starting a blocking GC Explicit
08-04 21:08:36.997  6975  6988 I art     : Explicit concurrent mark sweep GC freed 3(96B) AllocSpace objects, 0(0B) LOS objects, 23% free, 52MB/68MB, paused 251us total 13.295ms
08-04 21:08:37.285  6975  6987 I art     : Starting a blocking GC Explicit
08-04 21:08:37.304  6975  6987 I art     : Explicit concurrent mark sweep GC freed 1485(85KB) AllocSpace objects, 1(20KB) LOS objects, 23% free, 52MB/68MB, paused 317us total 18.843ms
08-04 21:08:37.312  6975  6987 I art     : Starting a blocking GC Explicit
08-04 21:08:37.328  6975  6987 I art     : Explicit concurrent mark sweep GC freed 58(1984B) AllocSpace objects, 0(0B) LOS objects, 23% free, 52MB/68MB, paused 264us total 16.440ms
08-04 21:08:37.335  6975  6987 I art     : Starting a blocking GC Explicit
08-04 21:08:37.350  6975  6987 I art     : Explicit concurrent mark sweep GC freed 10(352B) AllocSpace objects, 0(0B) LOS objects, 23% free, 52MB/68MB, paused 264us total 14.141ms
08-04 21:08:37.356  6975  6987 I art     : Starting a blocking GC Explicit
08-04 21:08:37.371  6975  6987 I art     : Explicit concurrent mark sweep GC freed 8(288B) AllocSpace objects, 0(0B) LOS objects, 23% free, 52MB/68MB, paused 301us total 14.569ms
08-04 21:08:37.378  6975  6987 I art     : Starting a blocking GC Explicit
08-04 21:08:37.392  6975  6987 I art     : Explicit concurrent mark sweep GC freed 9(320B) AllocSpace objects, 0(0B) LOS objects, 23% free, 52MB/68MB, paused 376us total 13.832ms
08-04 21:08:37.485  6975  7859 D OkHttp  : --> GET https://api-hillfair-2k16.herokuapp.com/api/app/events/special/event?id=580655cddcba0f490c70fdd0 http/1.1
08-04 21:08:37.604  6975  7859 D OkHttp  : <-- 200 OK https://api-hillfair-2k16.herokuapp.com/api/app/events/special/event?id=580655cddcba0f490c70fdd0 (118ms, 721-byte body)
08-04 21:08:37.665  6975  7372 I art     : Starting a blocking GC Explicit
08-04 21:08:37.683  6975  7372 I art     : Explicit concurrent mark sweep GC freed 4191(250KB) AllocSpace objects, 4(220KB) LOS objects, 23% free, 53MB/69MB, paused 300us total 18.567ms
08-04 21:08:37.691  6975  7372 I art     : Starting a blocking GC Explicit
08-04 21:08:37.706  6975  7372 I art     : Explicit concurrent mark sweep GC freed 1008(118KB) AllocSpace objects, 0(0B) LOS objects, 23% free, 52MB/68MB, paused 303us total 15.074ms
08-04 21:08:37.712  6975  7372 I art     : Starting a blocking GC Explicit
08-04 21:08:37.727  6975  7372 I art     : Explicit concurrent mark sweep GC freed 10(368B) AllocSpace objects, 0(0B) LOS objects, 23% free, 52MB/68MB, paused 349us total 15.020ms
08-04 21:08:37.734  6975  7372 I art     : Starting a blocking GC Explicit
08-04 21:08:37.749  6975  7372 I art     : Explicit concurrent mark sweep GC freed 9(336B) AllocSpace objects, 0(0B) LOS objects, 23% free, 52MB/68MB, paused 292us total 14.233ms
08-04 21:08:37.755  6975  7372 I art     : Starting a blocking GC Explicit
08-04 21:08:37.769  6975  7372 I art     : Explicit concurrent mark sweep GC freed 81(5KB) AllocSpace objects, 0(0B) LOS objects, 23% free, 52MB/68MB, paused 240us total 14.001ms
08-04 21:08:37.776  6975  6975 I NAPPA_EXPERIMENTATION: MetricNetworkRequestExecutionTime: REQUEST_DURATION_SYSTEM='1173',REQUEST_DURATION_OKHTTP='118',REQUEST_SYNCHRONOUS='FALSE',RESPONSE_CODE='200',RESPONSE_METHOD='GET',RESPONSE_LENGTH_OKHTTP='721',RESPONSE_LENGTH_HEADER='721',REQUEST_PROTOCOL='http/1.1',REQUEST_URL='https://api-hillfair-2k16.herokuapp.com/api/app/events/special/event?id=580655cddcba0f490c70fdd0',
08-04 21:08:38.047  6975  7372 I art     : Starting a blocking GC Explicit
08-04 21:08:38.065  6975  7372 I art     : Explicit concurrent mark sweep GC freed 1889(161KB) AllocSpace objects, 1(20KB) LOS objects, 23% free, 52MB/68MB, paused 284us total 17.708ms
08-04 21:08:38.071  6975  7372 I art     : Starting a blocking GC Explicit
08-04 21:08:38.087  6975  7372 I art     : Explicit concurrent mark sweep GC freed 64(2112B) AllocSpace objects, 0(0B) LOS objects, 23% free, 52MB/68MB, paused 310us total 15.177ms
08-04 21:08:38.094  6975  7372 I art     : Starting a blocking GC Explicit
08-04 21:08:38.108  6975  7372 I art     : Explicit concurrent mark sweep GC freed 3(96B) AllocSpace objects, 0(0B) LOS objects, 23% free, 52MB/68MB, paused 306us total 13.997ms
08-04 21:08:38.115  6975  7372 I art     : Starting a blocking GC Explicit
08-04 21:08:38.129  6975  7372 I art     : Explicit concurrent mark sweep GC freed 3(96B) AllocSpace objects, 0(0B) LOS objects, 23% free, 52MB/68MB, paused 217us total 14.444ms
08-04 21:08:38.136  6975  7372 I art     : Starting a blocking GC Explicit
08-04 21:08:38.150  6975  7372 I art     : Explicit concurrent mark sweep GC freed 3(96B) AllocSpace objects, 0(0B) LOS objects, 23% free, 52MB/68MB, paused 226us total 13.189ms
08-04 21:08:38.481  6975  7372 I art     : Starting a blocking GC Explicit
08-04 21:08:38.504  6975  7372 I art     : Explicit concurrent mark sweep GC freed 1357(78KB) AllocSpace objects, 1(20KB) LOS objects, 23% free, 52MB/68MB, paused 314us total 22.977ms
08-04 21:08:38.514  6975  7372 I art     : Starting a blocking GC Explicit
08-04 21:08:38.530  6975  7372 I art     : Explicit concurrent mark sweep GC freed 20(704B) AllocSpace objects, 0(0B) LOS objects, 23% free, 52MB/68MB, paused 247us total 15.727ms
08-04 21:08:38.536  6975  7372 I art     : Starting a blocking GC Explicit
08-04 21:08:38.552  6975  7372 I art     : Explicit concurrent mark sweep GC freed 3(96B) AllocSpace objects, 0(0B) LOS objects, 23% free, 52MB/68MB, paused 241us total 14.925ms
08-04 21:08:38.558  6975  7372 I art     : Starting a blocking GC Explicit
08-04 21:08:38.573  6975  7372 I art     : Explicit concurrent mark sweep GC freed 3(96B) AllocSpace objects, 0(0B) LOS objects, 23% free, 52MB/68MB, paused 239us total 14.843ms
08-04 21:08:38.580  6975  7372 I art     : Starting a blocking GC Explicit
08-04 21:08:38.595  6975  7372 I art     : Explicit concurrent mark sweep GC freed 3(96B) AllocSpace objects, 0(0B) LOS objects, 23% free, 52MB/68MB, paused 241us total 15.103ms
08-04 21:08:38.915  6975  6987 I art     : Starting a blocking GC Explicit
08-04 21:08:38.937  6975  6987 I art     : Explicit concurrent mark sweep GC freed 1341(78KB) AllocSpace objects, 1(20KB) LOS objects, 23% free, 52MB/68MB, paused 288us total 22.090ms
08-04 21:08:38.937  6975  6985 I art     : WaitForGcToComplete blocked for 10.955ms for cause HeapTrim
08-04 21:08:38.949  6975  6987 I art     : Starting a blocking GC Explicit
08-04 21:08:38.965  6975  6987 I art     : Explicit concurrent mark sweep GC freed 20(704B) AllocSpace objects, 0(0B) LOS objects, 23% free, 52MB/68MB, paused 270us total 15.639ms
08-04 21:08:38.971  6975  6987 I art     : Starting a blocking GC Explicit
08-04 21:08:38.986  6975  6987 I art     : Explicit concurrent mark sweep GC freed 3(96B) AllocSpace objects, 0(0B) LOS objects, 23% free, 52MB/68MB, paused 241us total 14.809ms
08-04 21:08:38.993  6975  6987 I art     : Starting a blocking GC Explicit
08-04 21:08:39.008  6975  6987 I art     : Explicit concurrent mark sweep GC freed 3(96B) AllocSpace objects, 0(0B) LOS objects, 23% free, 52MB/68MB, paused 243us total 15.061ms
08-04 21:08:39.014  6975  6987 I art     : Starting a blocking GC Explicit
08-04 21:08:39.029  6975  6987 I art     : Explicit concurrent mark sweep GC freed 3(96B) AllocSpace objects, 0(0B) LOS objects, 23% free, 52MB/68MB, paused 247us total 14.944ms
08-04 21:08:39.334  6975  6988 I art     : Starting a blocking GC Explicit
08-04 21:08:39.357  6975  6988 I art     : Explicit concurrent mark sweep GC freed 1341(78KB) AllocSpace objects, 1(20KB) LOS objects, 23% free, 52MB/68MB, paused 261us total 22.065ms
08-04 21:08:39.368  6975  6988 I art     : Starting a blocking GC Explicit
08-04 21:08:39.384  6975  6988 I art     : Explicit concurrent mark sweep GC freed 20(704B) AllocSpace objects, 0(0B) LOS objects, 23% free, 52MB/68MB, paused 245us total 15.756ms
08-04 21:08:39.390  6975  6988 I art     : Starting a blocking GC Explicit
08-04 21:08:39.406  6975  6988 I art     : Explicit concurrent mark sweep GC freed 3(96B) AllocSpace objects, 0(0B) LOS objects, 23% free, 52MB/68MB, paused 237us total 15.488ms
08-04 21:08:39.413  6975  6988 I art     : Starting a blocking GC Explicit
08-04 21:08:39.428  6975  6988 I art     : Explicit concurrent mark sweep GC freed 3(96B) AllocSpace objects, 0(0B) LOS objects, 23% free, 52MB/68MB, paused 249us total 15.392ms
08-04 21:08:39.435  6975  6988 I art     : Starting a blocking GC Explicit
08-04 21:08:39.451  6975  6988 I art     : Explicit concurrent mark sweep GC freed 3(96B) AllocSpace objects, 0(0B) LOS objects, 23% free, 52MB/68MB, paused 244us total 15.375ms
08-04 21:08:39.755  6975  7004 I art     : Starting a blocking GC Explicit
08-04 21:08:39.778  6975  7004 I art     : Explicit concurrent mark sweep GC freed 1341(78KB) AllocSpace objects, 1(20KB) LOS objects, 23% free, 52MB/68MB, paused 452us total 22.195ms
08-04 21:08:39.786  6975  7004 I art     : Starting a blocking GC Explicit
08-04 21:08:39.802  6975  7004 I art     : Explicit concurrent mark sweep GC freed 20(704B) AllocSpace objects, 0(0B) LOS objects, 23% free, 52MB/68MB, paused 252us total 15.843ms
08-04 21:08:39.810  6975  7004 I art     : Starting a blocking GC Explicit
08-04 21:08:39.825  6975  7004 I art     : Explicit concurrent mark sweep GC freed 3(96B) AllocSpace objects, 0(0B) LOS objects, 23% free, 52MB/68MB, paused 245us total 15.011ms
08-04 21:08:39.831  6975  7004 I art     : Starting a blocking GC Explicit
08-04 21:08:39.847  6975  7004 I art     : Explicit concurrent mark sweep GC freed 3(96B) AllocSpace objects, 0(0B) LOS objects, 23% free, 52MB/68MB, paused 236us total 14.990ms
08-04 21:08:39.853  6975  7004 I art     : Starting a blocking GC Explicit
08-04 21:08:39.869  6975  7004 I art     : Explicit concurrent mark sweep GC freed 3(96B) AllocSpace objects, 0(0B) LOS objects, 23% free, 52MB/68MB, paused 253us total 15.334ms
08-04 21:08:40.184  6975  7372 I art     : Starting a blocking GC Explicit
08-04 21:08:40.202  6975  7372 I art     : Explicit concurrent mark sweep GC freed 1341(78KB) AllocSpace objects, 1(20KB) LOS objects, 23% free, 52MB/68MB, paused 274us total 17.650ms
08-04 21:08:40.209  6975  7372 I art     : Starting a blocking GC Explicit
08-04 21:08:40.225  6975  7372 I art     : Explicit concurrent mark sweep GC freed 20(704B) AllocSpace objects, 0(0B) LOS objects, 23% free, 52MB/68MB, paused 250us total 15.707ms
08-04 21:08:40.232  6975  7372 I art     : Starting a blocking GC Explicit
08-04 21:08:40.248  6975  7372 I art     : Explicit concurrent mark sweep GC freed 3(96B) AllocSpace objects, 0(0B) LOS objects, 23% free, 52MB/68MB, paused 249us total 15.579ms
08-04 21:08:40.254  6975  7372 I art     : Starting a blocking GC Explicit
08-04 21:08:40.270  6975  7372 I art     : Explicit concurrent mark sweep GC freed 3(96B) AllocSpace objects, 0(0B) LOS objects, 23% free, 52MB/68MB, paused 239us total 15.354ms
08-04 21:08:40.277  6975  7372 I art     : Starting a blocking GC Explicit
08-04 21:08:40.292  6975  7372 I art     : Explicit concurrent mark sweep GC freed 3(96B) AllocSpace objects, 0(0B) LOS objects, 23% free, 52MB/68MB, paused 248us total 15.412ms
08-04 21:08:40.625  6975  6987 I art     : Starting a blocking GC Explicit
08-04 21:08:40.649  6975  6987 I art     : Explicit concurrent mark sweep GC freed 1341(78KB) AllocSpace objects, 1(20KB) LOS objects, 23% free, 52MB/68MB, paused 281us total 23.161ms
08-04 21:08:40.659  6975  6987 I art     : Starting a blocking GC Explicit
08-04 21:08:40.680  6975  6987 I art     : Explicit concurrent mark sweep GC freed 20(704B) AllocSpace objects, 0(0B) LOS objects, 23% free, 52MB/68MB, paused 292us total 20.524ms
08-04 21:08:40.690  6975  6987 I art     : Starting a blocking GC Explicit
08-04 21:08:40.706  6975  6987 I art     : Explicit concurrent mark sweep GC freed 3(96B) AllocSpace objects, 0(0B) LOS objects, 23% free, 52MB/68MB, paused 242us total 16.066ms
08-04 21:08:40.713  6975  6987 I art     : Starting a blocking GC Explicit
08-04 21:08:40.729  6975  6987 I art     : Explicit concurrent mark sweep GC freed 3(96B) AllocSpace objects, 0(0B) LOS objects, 23% free, 52MB/68MB, paused 247us total 15.649ms
08-04 21:08:40.736  6975  6987 I art     : Starting a blocking GC Explicit
08-04 21:08:40.751  6975  6987 I art     : Explicit concurrent mark sweep GC freed 3(96B) AllocSpace objects, 0(0B) LOS objects, 23% free, 52MB/68MB, paused 239us total 15.458ms
08-04 21:08:41.016  6975  6988 I art     : Starting a blocking GC Explicit
08-04 21:08:41.032  6975  6988 I art     : Explicit concurrent mark sweep GC freed 1341(78KB) AllocSpace objects, 1(20KB) LOS objects, 23% free, 52MB/68MB, paused 265us total 15.814ms
08-04 21:08:41.039  6975  6988 I art     : Starting a blocking GC Explicit
08-04 21:08:41.055  6975  6988 I art     : Explicit concurrent mark sweep GC freed 20(704B) AllocSpace objects, 0(0B) LOS objects, 23% free, 52MB/68MB, paused 273us total 15.396ms
08-04 21:08:41.062  6975  6988 I art     : Starting a blocking GC Explicit
08-04 21:08:41.076  6975  6988 I art     : Explicit concurrent mark sweep GC freed 3(96B) AllocSpace objects, 0(0B) LOS objects, 23% free, 52MB/68MB, paused 246us total 14.664ms
08-04 21:08:41.083  6975  6988 I art     : Starting a blocking GC Explicit
08-04 21:08:41.098  6975  6988 I art     : Explicit concurrent mark sweep GC freed 3(96B) AllocSpace objects, 0(0B) LOS objects, 23% free, 52MB/68MB, paused 246us total 15.089ms
08-04 21:08:41.105  6975  6988 I art     : Starting a blocking GC Explicit
08-04 21:08:41.119  6975  6988 I art     : Explicit concurrent mark sweep GC freed 3(96B) AllocSpace objects, 0(0B) LOS objects, 23% free, 52MB/68MB, paused 247us total 14.305ms
08-04 21:08:41.188  7964  7964 D AndroidRuntime: >>>>>> START com.android.internal.os.RuntimeInit uid 2000 <<<<<<
08-04 21:08:41.192  7964  7964 D AndroidRuntime: CheckJNI is OFF
08-04 21:08:41.223  7964  7964 D ICU     : No timezone override file found: /data/misc/zoneinfo/current/icu/icu_tzdata.dat
08-04 21:08:41.252  7964  7964 I Radio-JNI: register_android_hardware_Radio DONE
08-04 21:08:41.269  7964  7964 D AndroidRuntime: Calling main entry com.android.commands.input.Input
08-04 21:08:41.270  7964  7964 I Input   : injectKeyEvent: KeyEvent { action=ACTION_DOWN, keyCode=KEYCODE_BACK, scanCode=0, metaState=0, flags=0x0, repeatCount=0, eventTime=738537683, downTime=738537683, deviceId=-1, source=0x101 }
08-04 21:08:41.277  7964  7964 I Input   : injectKeyEvent: KeyEvent { action=ACTION_UP, keyCode=KEYCODE_BACK, scanCode=0, metaState=0, flags=0x0, repeatCount=0, eventTime=738537683, downTime=738537683, deviceId=-1, source=0x101 }
08-04 21:08:41.284  7964  7964 D AndroidRuntime: Shutting down VM
08-04 21:08:41.324 13866 13866 I GoogleInputMethodServic: GoogleInputMethodService.onFinishInput():3138 
08-04 21:08:41.324 13866 13866 I GoogleInputMethodServic: GoogleInputMethodService.onStartInput():1808 
08-04 21:08:41.365  6975  7004 I art     : Starting a blocking GC Explicit
08-04 21:08:41.379  6975  7004 I art     : Explicit concurrent mark sweep GC freed 1511(85KB) AllocSpace objects, 1(20KB) LOS objects, 23% free, 52MB/68MB, paused 261us total 13.887ms
08-04 21:08:41.385  6975  7004 I art     : Starting a blocking GC Explicit
08-04 21:08:41.399  6975  7004 I art     : Explicit concurrent mark sweep GC freed 26(944B) AllocSpace objects, 0(0B) LOS objects, 23% free, 52MB/68MB, paused 225us total 13.263ms
08-04 21:08:41.405  6975  7004 I art     : Starting a blocking GC Explicit
08-04 21:08:41.418  6975  7004 I art     : Explicit concurrent mark sweep GC freed 3(96B) AllocSpace objects, 0(0B) LOS objects, 23% free, 52MB/68MB, paused 233us total 12.965ms
08-04 21:08:41.424  6975  7004 I art     : Starting a blocking GC Explicit
08-04 21:08:41.437  6975  7004 I art     : Explicit concurrent mark sweep GC freed 3(96B) AllocSpace objects, 0(0B) LOS objects, 23% free, 52MB/68MB, paused 232us total 13.403ms
08-04 21:08:41.443  6975  7004 I art     : Starting a blocking GC Explicit
08-04 21:08:41.458  6975  7004 I art     : Explicit concurrent mark sweep GC freed 3(96B) AllocSpace objects, 0(0B) LOS objects, 23% free, 52MB/68MB, paused 265us total 14.276ms
08-04 21:08:41.613   380   380 W SurfaceFlinger: couldn't log to binary event log: overflow.
08-04 21:08:41.686  6975  6987 I art     : Starting a blocking GC Explicit
08-04 21:08:41.702  6975  6987 I art     : Explicit concurrent mark sweep GC freed 1450(87KB) AllocSpace objects, 1(20KB) LOS objects, 23% free, 52MB/68MB, paused 261us total 15.829ms
08-04 21:08:41.709  6975  6987 I art     : Starting a blocking GC Explicit
08-04 21:08:41.724  6975  6987 I art     : Explicit concurrent mark sweep GC freed 1672(106KB) AllocSpace objects, 3(400KB) LOS objects, 23% free, 52MB/68MB, paused 243us total 14.858ms
08-04 21:08:41.731  6975  6987 I art     : Starting a blocking GC Explicit
08-04 21:08:41.746  6975  6987 I art     : Explicit concurrent mark sweep GC freed 3(96B) AllocSpace objects, 0(0B) LOS objects, 23% free, 52MB/68MB, paused 246us total 14.972ms
08-04 21:08:41.753  6975  6987 I art     : Starting a blocking GC Explicit
08-04 21:08:41.768  6975  6987 I art     : Explicit concurrent mark sweep GC freed 3(96B) AllocSpace objects, 0(0B) LOS objects, 23% free, 52MB/68MB, paused 247us total 15.097ms
08-04 21:08:41.775  6975  6987 I art     : Starting a blocking GC Explicit
08-04 21:08:41.790  6975  6987 I art     : Explicit concurrent mark sweep GC freed 3(96B) AllocSpace objects, 0(0B) LOS objects, 23% free, 52MB/68MB, paused 260us total 15.348ms
08-04 21:08:42.087  6975  7372 I art     : Starting a blocking GC Explicit
08-04 21:08:42.111  6975  7372 I art     : Explicit concurrent mark sweep GC freed 1341(78KB) AllocSpace objects, 1(20KB) LOS objects, 23% free, 52MB/68MB, paused 309us total 23.656ms
08-04 21:08:42.121  6975  7372 I art     : Starting a blocking GC Explicit
08-04 21:08:42.138  6975  7372 I art     : Explicit concurrent mark sweep GC freed 20(704B) AllocSpace objects, 0(0B) LOS objects, 23% free, 52MB/68MB, paused 254us total 16.342ms
08-04 21:08:42.145  6975  7372 I art     : Starting a blocking GC Explicit
08-04 21:08:42.159  6975  7372 I art     : Explicit concurrent mark sweep GC freed 3(96B) AllocSpace objects, 0(0B) LOS objects, 23% free, 52MB/68MB, paused 248us total 14.712ms
08-04 21:08:42.166  6975  7372 I art     : Starting a blocking GC Explicit
08-04 21:08:42.181  6975  7372 I art     : Explicit concurrent mark sweep GC freed 3(96B) AllocSpace objects, 0(0B) LOS objects, 23% free, 52MB/68MB, paused 244us total 14.726ms
08-04 21:08:42.188  6975  7372 I art     : Starting a blocking GC Explicit
08-04 21:08:42.202  6975  7372 I art     : Explicit concurrent mark sweep GC freed 3(96B) AllocSpace objects, 0(0B) LOS objects, 23% free, 52MB/68MB, paused 232us total 14.176ms
08-04 21:08:42.482  6975  6988 I art     : Starting a blocking GC Explicit
08-04 21:08:42.501  6975  6988 I art     : Explicit concurrent mark sweep GC freed 1340(78KB) AllocSpace objects, 1(20KB) LOS objects, 23% free, 52MB/68MB, paused 301us total 17.867ms
08-04 21:08:42.513  6975  6988 I art     : Starting a blocking GC Explicit
08-04 21:08:42.529  6975  6988 I art     : Explicit concurrent mark sweep GC freed 20(704B) AllocSpace objects, 0(0B) LOS objects, 23% free, 52MB/68MB, paused 268us total 15.675ms
08-04 21:08:42.535  6975  6988 I art     : Starting a blocking GC Explicit
08-04 21:08:42.549  6975  6988 I art     : Explicit concurrent mark sweep GC freed 3(96B) AllocSpace objects, 0(0B) LOS objects, 23% free, 52MB/68MB, paused 264us total 13.965ms
08-04 21:08:42.556  6975  6988 I art     : Starting a blocking GC Explicit
08-04 21:08:42.569  6975  6988 I art     : Explicit concurrent mark sweep GC freed 3(96B) AllocSpace objects, 0(0B) LOS objects, 23% free, 52MB/68MB, paused 252us total 13.167ms
08-04 21:08:42.575  6975  6988 I art     : Starting a blocking GC Explicit
08-04 21:08:42.588  6975  6988 I art     : Explicit concurrent mark sweep GC freed 3(96B) AllocSpace objects, 0(0B) LOS objects, 23% free, 52MB/68MB, paused 241us total 12.769ms
08-04 21:08:42.830  8029  8029 D AndroidRuntime: >>>>>> START com.android.internal.os.RuntimeInit uid 2000 <<<<<<
08-04 21:08:42.834  8029  8029 D AndroidRuntime: CheckJNI is OFF
08-04 21:08:42.842  6975  7004 I art     : Starting a blocking GC Explicit
08-04 21:08:42.857  6975  7004 I art     : Explicit concurrent mark sweep GC freed 1340(78KB) AllocSpace objects, 1(20KB) LOS objects, 23% free, 52MB/68MB, paused 302us total 15.085ms
08-04 21:08:42.864  8029  8029 D ICU     : No timezone override file found: /data/misc/zoneinfo/current/icu/icu_tzdata.dat
08-04 21:08:42.864  6975  7004 I art     : Starting a blocking GC Explicit
08-04 21:08:42.879  6975  7004 I art     : Explicit concurrent mark sweep GC freed 20(704B) AllocSpace objects, 0(0B) LOS objects, 23% free, 52MB/68MB, paused 261us total 14.464ms
08-04 21:08:42.885  6975  7004 I art     : Starting a blocking GC Explicit
08-04 21:08:42.890  8029  8029 I Radio-JNI: register_android_hardware_Radio DONE
08-04 21:08:42.899  6975  7004 I art     : Explicit concurrent mark sweep GC freed 3(96B) AllocSpace objects, 0(0B) LOS objects, 23% free, 52MB/68MB, paused 254us total 13.841ms
08-04 21:08:42.905  6975  7004 I art     : Starting a blocking GC Explicit
08-04 21:08:42.907  8029  8029 D AndroidRuntime: Calling main entry com.android.commands.input.Input
08-04 21:08:42.909  8029  8029 I Input   : injectMotionEvent: MotionEvent { action=ACTION_DOWN, actionButton=0, id[0]=0, x[0]=733.0, y[0]=1957.0, toolType[0]=TOOL_TYPE_UNKNOWN, buttonState=0, metaState=0, flags=0x0, edgeFlags=0x0, pointerCount=1, historySize=0, eventTime=738539321, downTime=738539321, deviceId=0, source=0x1002 }
08-04 21:08:42.913  8029  8029 I Input   : injectMotionEvent: MotionEvent { action=ACTION_UP, actionButton=0, id[0]=0, x[0]=733.0, y[0]=1957.0, toolType[0]=TOOL_TYPE_UNKNOWN, buttonState=0, metaState=0, flags=0x0, edgeFlags=0x0, pointerCount=1, historySize=0, eventTime=738539321, downTime=738539321, deviceId=0, source=0x1002 }
08-04 21:08:42.914   918  4400 I ActivityManager: START u0 {cmp=baseline.appteam.nith.hillffair/.activities.ClubActivity (has extras)} from uid 10651 on display 0
08-04 21:08:42.919  8029  8029 D AndroidRuntime: Shutting down VM
08-04 21:08:42.919  6975  7004 I art     : Explicit concurrent mark sweep GC freed 3(96B) AllocSpace objects, 0(0B) LOS objects, 23% free, 52MB/68MB, paused 381us total 13.476ms
08-04 21:08:42.926  6975  7004 I art     : Starting a blocking GC Explicit
08-04 21:08:42.941  6975  7004 I art     : Explicit concurrent mark sweep GC freed 2850(157KB) AllocSpace objects, 0(0B) LOS objects, 23% free, 52MB/68MB, paused 517us total 14.988ms
08-04 21:08:43.007   918   936 I ActivityManager: Displayed baseline.appteam.nith.hillffair/.activities.ClubActivity: +87ms
08-04 21:08:43.008 13866 13866 I GoogleInputMethodServic: GoogleInputMethodService.onFinishInput():3138 
08-04 21:08:43.009 13866 13866 I GoogleInputMethodServic: GoogleInputMethodService.onStartInput():1808 
08-04 21:08:43.176  6975  7372 I art     : Starting a blocking GC Explicit
08-04 21:08:43.201  6975  7372 I art     : Explicit concurrent mark sweep GC freed 2312(144KB) AllocSpace objects, 1(20KB) LOS objects, 23% free, 52MB/68MB, paused 484us total 24.138ms
08-04 21:08:43.212  6975  7372 I art     : Starting a blocking GC Explicit
08-04 21:08:43.234  6975  7372 I art     : Explicit concurrent mark sweep GC freed 97(4KB) AllocSpace objects, 0(0B) LOS objects, 23% free, 52MB/68MB, paused 340us total 22.401ms
08-04 21:08:43.243  6975  7372 I art     : Starting a blocking GC Explicit
08-04 21:08:43.262  6975  7372 I art     : Explicit concurrent mark sweep GC freed 3(96B) AllocSpace objects, 0(0B) LOS objects, 23% free, 52MB/68MB, paused 310us total 18.875ms
08-04 21:08:43.265   380   380 W SurfaceFlinger: couldn't log to binary event log: overflow.
08-04 21:08:43.272  6975  7372 I art     : Starting a blocking GC Explicit
08-04 21:08:43.287  6975  7372 I art     : Explicit concurrent mark sweep GC freed 3(96B) AllocSpace objects, 0(0B) LOS objects, 23% free, 52MB/68MB, paused 295us total 15.266ms
08-04 21:08:43.294  6975  7372 I art     : Starting a blocking GC Explicit
08-04 21:08:43.307  6975  7372 I art     : Explicit concurrent mark sweep GC freed 3(96B) AllocSpace objects, 0(0B) LOS objects, 23% free, 52MB/68MB, paused 272us total 13.134ms
08-04 21:08:43.584  6975  6988 I art     : Starting a blocking GC Explicit
08-04 21:08:43.603  6975  6988 I art     : Explicit concurrent mark sweep GC freed 1477(85KB) AllocSpace objects, 1(20KB) LOS objects, 23% free, 52MB/68MB, paused 286us total 17.976ms
08-04 21:08:43.610  6975  6988 I art     : Starting a blocking GC Explicit
08-04 21:08:43.626  6975  6988 I art     : Explicit concurrent mark sweep GC freed 49(1664B) AllocSpace objects, 0(0B) LOS objects, 23% free, 52MB/68MB, paused 292us total 16.058ms
08-04 21:08:43.633  6975  6988 I art     : Starting a blocking GC Explicit
08-04 21:08:43.648  6975  6988 I art     : Explicit concurrent mark sweep GC freed 7(240B) AllocSpace objects, 0(0B) LOS objects, 23% free, 52MB/68MB, paused 256us total 15.005ms
08-04 21:08:43.654  6975  6988 I art     : Starting a blocking GC Explicit
08-04 21:08:43.669  6975  6988 I art     : Explicit concurrent mark sweep GC freed 10(400B) AllocSpace objects, 0(0B) LOS objects, 23% free, 52MB/68MB, paused 271us total 14.485ms
08-04 21:08:43.675  6975  6988 I art     : Starting a blocking GC Explicit
08-04 21:08:43.690  6975  6988 I art     : Explicit concurrent mark sweep GC freed 12(416B) AllocSpace objects, 0(0B) LOS objects, 23% free, 52MB/68MB, paused 279us total 13.921ms
08-04 21:08:43.793  6975  8056 D OkHttp  : --> GET https://api-hillfair-2k16.herokuapp.com/api/app/events/special/event?id=58065620dcba0f490c70fe09 http/1.1
08-04 21:08:43.824  6975  8056 D OkHttp  : <-- 200 OK https://api-hillfair-2k16.herokuapp.com/api/app/events/special/event?id=58065620dcba0f490c70fe09 (30ms, 682-byte body)
08-04 21:08:43.885  6975  6975 I NAPPA_EXPERIMENTATION: MetricNetworkRequestExecutionTime: REQUEST_DURATION_SYSTEM='945',REQUEST_DURATION_OKHTTP='31',REQUEST_SYNCHRONOUS='FALSE',RESPONSE_CODE='200',RESPONSE_METHOD='GET',RESPONSE_LENGTH_OKHTTP='682',RESPONSE_LENGTH_HEADER='682',REQUEST_PROTOCOL='http/1.1',REQUEST_URL='https://api-hillfair-2k16.herokuapp.com/api/app/events/special/event?id=58065620dcba0f490c70fe09',
08-04 21:08:43.950  6975  6988 I art     : Starting a blocking GC Explicit
08-04 21:08:43.970  6975  6988 I art     : Explicit concurrent mark sweep GC freed 4802(338KB) AllocSpace objects, 4(220KB) LOS objects, 23% free, 52MB/68MB, paused 261us total 18.836ms
08-04 21:08:43.970  6975  6985 I art     : WaitForGcToComplete blocked for 5.098ms for cause HeapTrim
08-04 21:08:43.977  6975  6988 I art     : Starting a blocking GC Explicit
08-04 21:08:43.995  6975  6988 I art     : Explicit concurrent mark sweep GC freed 1037(119KB) AllocSpace objects, 0(0B) LOS objects, 23% free, 52MB/68MB, paused 271us total 17.679ms
08-04 21:08:44.002  6975  6988 I art     : Starting a blocking GC Explicit
08-04 21:08:44.016  6975  6988 I art     : Explicit concurrent mark sweep GC freed 3(96B) AllocSpace objects, 0(0B) LOS objects, 23% free, 52MB/68MB, paused 301us total 14.296ms
08-04 21:08:44.022  6975  6988 I art     : Starting a blocking GC Explicit
08-04 21:08:44.036  6975  6988 I art     : Explicit concurrent mark sweep GC freed 3(96B) AllocSpace objects, 0(0B) LOS objects, 23% free, 52MB/68MB, paused 225us total 13.414ms
08-04 21:08:44.042  6975  6988 I art     : Starting a blocking GC Explicit
08-04 21:08:44.056  6975  6988 I art     : Explicit concurrent mark sweep GC freed 3(96B) AllocSpace objects, 0(0B) LOS objects, 23% free, 52MB/68MB, paused 255us total 13.530ms
08-04 21:08:44.342  6975  6987 I art     : Starting a blocking GC Explicit
08-04 21:08:44.361  6975  6987 I art     : Explicit concurrent mark sweep GC freed 1341(78KB) AllocSpace objects, 1(20KB) LOS objects, 23% free, 52MB/68MB, paused 286us total 19.312ms
08-04 21:08:44.370  6975  6987 I art     : Starting a blocking GC Explicit
08-04 21:08:44.386  6975  6987 I art     : Explicit concurrent mark sweep GC freed 36(1264B) AllocSpace objects, 0(0B) LOS objects, 23% free, 52MB/68MB, paused 271us total 16.102ms
08-04 21:08:44.393  6975  6987 I art     : Starting a blocking GC Explicit
08-04 21:08:44.409  6975  6987 I art     : Explicit concurrent mark sweep GC freed 3(96B) AllocSpace objects, 0(0B) LOS objects, 23% free, 52MB/68MB, paused 258us total 15.272ms
08-04 21:08:44.415  6975  6987 I art     : Starting a blocking GC Explicit
08-04 21:08:44.431  6975  6987 I art     : Explicit concurrent mark sweep GC freed 3(96B) AllocSpace objects, 0(0B) LOS objects, 23% free, 52MB/68MB, paused 264us total 15.257ms
08-04 21:08:44.437  6975  6987 I art     : Starting a blocking GC Explicit
08-04 21:08:44.453  6975  6987 I art     : Explicit concurrent mark sweep GC freed 3(96B) AllocSpace objects, 0(0B) LOS objects, 23% free, 52MB/68MB, paused 265us total 15.336ms
08-04 21:08:44.773  6975  7004 I art     : Starting a blocking GC Explicit
08-04 21:08:44.798  6975  7004 I art     : Explicit concurrent mark sweep GC freed 1341(78KB) AllocSpace objects, 1(20KB) LOS objects, 23% free, 52MB/68MB, paused 333us total 24.801ms
08-04 21:08:44.809  6975  7004 I art     : Starting a blocking GC Explicit
08-04 21:08:44.825  6975  7004 I art     : Explicit concurrent mark sweep GC freed 20(704B) AllocSpace objects, 0(0B) LOS objects, 23% free, 52MB/68MB, paused 267us total 15.943ms
08-04 21:08:44.832  6975  7004 I art     : Starting a blocking GC Explicit
08-04 21:08:44.849  6975  7004 I art     : Explicit concurrent mark sweep GC freed 3(96B) AllocSpace objects, 0(0B) LOS objects, 23% free, 52MB/68MB, paused 264us total 16.176ms
08-04 21:08:44.856  6975  7004 I art     : Starting a blocking GC Explicit
08-04 21:08:44.872  6975  7004 I art     : Explicit concurrent mark sweep GC freed 3(96B) AllocSpace objects, 0(0B) LOS objects, 23% free, 52MB/68MB, paused 261us total 15.892ms
08-04 21:08:44.878  6975  7004 I art     : Starting a blocking GC Explicit
08-04 21:08:44.895  6975  7004 I art     : Explicit concurrent mark sweep GC freed 3(96B) AllocSpace objects, 0(0B) LOS objects, 23% free, 52MB/68MB, paused 314us total 15.895ms
08-04 21:08:45.204  6975  6988 I art     : Starting a blocking GC Explicit
08-04 21:08:45.222  6975  6988 I art     : Explicit concurrent mark sweep GC freed 1341(78KB) AllocSpace objects, 1(20KB) LOS objects, 23% free, 52MB/68MB, paused 334us total 18.293ms
08-04 21:08:45.230  6975  6988 I art     : Starting a blocking GC Explicit
08-04 21:08:45.246  6975  6988 I art     : Explicit concurrent mark sweep GC freed 20(704B) AllocSpace objects, 0(0B) LOS objects, 23% free, 52MB/68MB, paused 289us total 16.243ms
08-04 21:08:45.253  6975  6988 I art     : Starting a blocking GC Explicit
08-04 21:08:45.267  6975  6988 I art     : Explicit concurrent mark sweep GC freed 3(96B) AllocSpace objects, 0(0B) LOS objects, 23% free, 52MB/68MB, paused 260us total 13.742ms
08-04 21:08:45.273  6975  6988 I art     : Starting a blocking GC Explicit
08-04 21:08:45.287  6975  6988 I art     : Explicit concurrent mark sweep GC freed 3(96B) AllocSpace objects, 0(0B) LOS objects, 23% free, 52MB/68MB, paused 323us total 13.622ms
08-04 21:08:45.293  6975  6988 I art     : Starting a blocking GC Explicit
08-04 21:08:45.308  6975  6988 I art     : Explicit concurrent mark sweep GC freed 3(96B) AllocSpace objects, 0(0B) LOS objects, 23% free, 52MB/68MB, paused 261us total 14.826ms
08-04 21:08:45.492  8118  8118 D AndroidRuntime: >>>>>> START com.android.internal.os.RuntimeInit uid 2000 <<<<<<
08-04 21:08:45.496  8118  8118 D AndroidRuntime: CheckJNI is OFF
08-04 21:08:45.521  8118  8118 D ICU     : No timezone override file found: /data/misc/zoneinfo/current/icu/icu_tzdata.dat
08-04 21:08:45.545  8118  8118 I Radio-JNI: register_android_hardware_Radio DONE
08-04 21:08:45.560  8118  8118 D AndroidRuntime: Calling main entry com.android.commands.input.Input
08-04 21:08:45.562  8118  8118 I Input   : injectKeyEvent: KeyEvent { action=ACTION_DOWN, keyCode=KEYCODE_BACK, scanCode=0, metaState=0, flags=0x0, repeatCount=0, eventTime=738541975, downTime=738541975, deviceId=-1, source=0x101 }
08-04 21:08:45.568  8118  8118 I Input   : injectKeyEvent: KeyEvent { action=ACTION_UP, keyCode=KEYCODE_BACK, scanCode=0, metaState=0, flags=0x0, repeatCount=0, eventTime=738541975, downTime=738541975, deviceId=-1, source=0x101 }
08-04 21:08:45.574  8118  8118 D AndroidRuntime: Shutting down VM
08-04 21:08:45.597  6975  7372 I art     : Starting a blocking GC Explicit
08-04 21:08:45.613  6975  7372 I art     : Explicit concurrent mark sweep GC freed 1482(84KB) AllocSpace objects, 1(20KB) LOS objects, 23% free, 52MB/68MB, paused 283us total 15.772ms
08-04 21:08:45.615 13866 13866 I GoogleInputMethodServic: GoogleInputMethodService.onFinishInput():3138 
08-04 21:08:45.616 13866 13866 I GoogleInputMethodServic: GoogleInputMethodService.onStartInput():1808 
08-04 21:08:45.620  6975  7372 I art     : Starting a blocking GC Explicit
08-04 21:08:45.637  6975  7372 I art     : Explicit concurrent mark sweep GC freed 48(1760B) AllocSpace objects, 0(0B) LOS objects, 23% free, 52MB/68MB, paused 297us total 17.310ms
08-04 21:08:45.644  6975  7372 I art     : Starting a blocking GC Explicit
08-04 21:08:45.659  6975  7372 I art     : Explicit concurrent mark sweep GC freed 9(336B) AllocSpace objects, 0(0B) LOS objects, 23% free, 52MB/68MB, paused 260us total 15.219ms
08-04 21:08:45.666  6975  7372 I art     : Starting a blocking GC Explicit
08-04 21:08:45.680  6975  7372 I art     : Explicit concurrent mark sweep GC freed 4(144B) AllocSpace objects, 0(0B) LOS objects, 23% free, 52MB/68MB, paused 266us total 14.542ms
08-04 21:08:45.686  6975  7372 I art     : Starting a blocking GC Explicit
08-04 21:08:45.700  6975  7372 I art     : Explicit concurrent mark sweep GC freed 3(96B) AllocSpace objects, 0(0B) LOS objects, 23% free, 52MB/68MB, paused 268us total 13.505ms
08-04 21:08:45.918   380   380 W SurfaceFlinger: couldn't log to binary event log: overflow.
08-04 21:08:45.939  6975  6987 I art     : Starting a blocking GC Explicit
08-04 21:08:45.954  6975  6987 I art     : Explicit concurrent mark sweep GC freed 1494(89KB) AllocSpace objects, 1(20KB) LOS objects, 23% free, 52MB/68MB, paused 268us total 14.859ms
08-04 21:08:45.960  6975  6987 I art     : Starting a blocking GC Explicit
08-04 21:08:45.975  6975  6987 I art     : Explicit concurrent mark sweep GC freed 1672(106KB) AllocSpace objects, 3(400KB) LOS objects, 23% free, 52MB/68MB, paused 260us total 13.914ms
08-04 21:08:45.981  6975  6987 I art     : Starting a blocking GC Explicit
08-04 21:08:45.995  6975  6987 I art     : Explicit concurrent mark sweep GC freed 3(96B) AllocSpace objects, 0(0B) LOS objects, 23% free, 52MB/68MB, paused 266us total 13.776ms
08-04 21:08:46.001  6975  6987 I art     : Starting a blocking GC Explicit
08-04 21:08:46.015  6975  6987 I art     : Explicit concurrent mark sweep GC freed 3(96B) AllocSpace objects, 0(0B) LOS objects, 23% free, 52MB/68MB, paused 262us total 14.149ms
08-04 21:08:46.021  6975  6987 I art     : Starting a blocking GC Explicit
08-04 21:08:46.037  6975  6987 I art     : Explicit concurrent mark sweep GC freed 3(96B) AllocSpace objects, 0(0B) LOS objects, 23% free, 52MB/68MB, paused 310us total 15.476ms
08-04 21:08:46.317  6975  7004 I art     : Starting a blocking GC Explicit
08-04 21:08:46.343  6975  7004 I art     : Explicit concurrent mark sweep GC freed 1341(78KB) AllocSpace objects, 1(20KB) LOS objects, 23% free, 52MB/68MB, paused 393us total 26.452ms
08-04 21:08:46.356  6975  7004 I art     : Starting a blocking GC Explicit
08-04 21:08:46.375  6975  7004 I art     : Explicit concurrent mark sweep GC freed 20(704B) AllocSpace objects, 0(0B) LOS objects, 23% free, 52MB/68MB, paused 293us total 19.333ms
08-04 21:08:46.382  6975  7004 I art     : Starting a blocking GC Explicit
08-04 21:08:46.398  6975  7004 I art     : Explicit concurrent mark sweep GC freed 3(96B) AllocSpace objects, 0(0B) LOS objects, 23% free, 52MB/68MB, paused 276us total 15.440ms
08-04 21:08:46.405  6975  7004 I art     : Starting a blocking GC Explicit
08-04 21:08:46.421  6975  7004 I art     : Explicit concurrent mark sweep GC freed 3(96B) AllocSpace objects, 0(0B) LOS objects, 23% free, 52MB/68MB, paused 270us total 15.735ms
08-04 21:08:46.427  6975  7004 I art     : Starting a blocking GC Explicit
08-04 21:08:46.442  6975  7004 I art     : Explicit concurrent mark sweep GC freed 3(96B) AllocSpace objects, 0(0B) LOS objects, 23% free, 52MB/68MB, paused 266us total 14.546ms
08-04 21:08:46.734  6975  6988 I art     : Starting a blocking GC Explicit
08-04 21:08:46.756  6975  6988 I art     : Explicit concurrent mark sweep GC freed 1340(78KB) AllocSpace objects, 1(20KB) LOS objects, 23% free, 52MB/68MB, paused 317us total 21.764ms
08-04 21:08:46.767  6975  6988 I art     : Starting a blocking GC Explicit
08-04 21:08:46.787  6975  6988 I art     : Explicit concurrent mark sweep GC freed 20(704B) AllocSpace objects, 0(0B) LOS objects, 23% free, 52MB/68MB, paused 491us total 19.668ms
08-04 21:08:46.794  6975  6988 I art     : Starting a blocking GC Explicit
08-04 21:08:46.810  6975  6988 I art     : Explicit concurrent mark sweep GC freed 3(96B) AllocSpace objects, 0(0B) LOS objects, 23% free, 52MB/68MB, paused 263us total 15.032ms
08-04 21:08:46.816  6975  6988 I art     : Starting a blocking GC Explicit
08-04 21:08:46.829  6975  6988 I art     : Explicit concurrent mark sweep GC freed 3(96B) AllocSpace objects, 0(0B) LOS objects, 23% free, 52MB/68MB, paused 242us total 12.966ms
08-04 21:08:46.835  6975  6988 I art     : Starting a blocking GC Explicit
08-04 21:08:46.849  6975  6988 I art     : Explicit concurrent mark sweep GC freed 3(96B) AllocSpace objects, 0(0B) LOS objects, 23% free, 52MB/68MB, paused 260us total 13.149ms
08-04 21:08:47.101  6975  7372 I art     : Starting a blocking GC Explicit
08-04 21:08:47.116  6975  7372 I art     : Explicit concurrent mark sweep GC freed 1340(78KB) AllocSpace objects, 1(20KB) LOS objects, 23% free, 52MB/68MB, paused 280us total 15.159ms
08-04 21:08:47.123  6975  7372 I art     : Starting a blocking GC Explicit
08-04 21:08:47.133  8172  8172 D AndroidRuntime: >>>>>> START com.android.internal.os.RuntimeInit uid 2000 <<<<<<
08-04 21:08:47.137  8172  8172 D AndroidRuntime: CheckJNI is OFF
08-04 21:08:47.139  6975  7372 I art     : Explicit concurrent mark sweep GC freed 20(704B) AllocSpace objects, 0(0B) LOS objects, 23% free, 52MB/68MB, paused 292us total 15.922ms
08-04 21:08:47.146  6975  7372 I art     : Starting a blocking GC Explicit
08-04 21:08:47.159  6975  7372 I art     : Explicit concurrent mark sweep GC freed 3(96B) AllocSpace objects, 0(0B) LOS objects, 23% free, 52MB/68MB, paused 267us total 12.966ms
08-04 21:08:47.163  8172  8172 D ICU     : No timezone override file found: /data/misc/zoneinfo/current/icu/icu_tzdata.dat
08-04 21:08:47.165  6975  7372 I art     : Starting a blocking GC Explicit
08-04 21:08:47.179  6975  7372 I art     : Explicit concurrent mark sweep GC freed 3(96B) AllocSpace objects, 0(0B) LOS objects, 23% free, 52MB/68MB, paused 272us total 13.330ms
08-04 21:08:47.184  6975  7372 I art     : Starting a blocking GC Explicit
08-04 21:08:47.187  8172  8172 I Radio-JNI: register_android_hardware_Radio DONE
08-04 21:08:47.198  6975  7372 I art     : Explicit concurrent mark sweep GC freed 3(96B) AllocSpace objects, 0(0B) LOS objects, 23% free, 52MB/68MB, paused 275us total 13.465ms
08-04 21:08:47.203  8172  8172 D AndroidRuntime: Calling main entry com.android.commands.input.Input
08-04 21:08:47.205  8172  8172 I Input   : injectMotionEvent: MotionEvent { action=ACTION_DOWN, actionButton=0, id[0]=0, x[0]=733.0, y[0]=1957.0, toolType[0]=TOOL_TYPE_UNKNOWN, buttonState=0, metaState=0, flags=0x0, edgeFlags=0x0, pointerCount=1, historySize=0, eventTime=738543618, downTime=738543618, deviceId=0, source=0x1002 }
08-04 21:08:47.210  8172  8172 I Input   : injectMotionEvent: MotionEvent { action=ACTION_UP, actionButton=0, id[0]=0, x[0]=733.0, y[0]=1957.0, toolType[0]=TOOL_TYPE_UNKNOWN, buttonState=0, metaState=0, flags=0x0, edgeFlags=0x0, pointerCount=1, historySize=0, eventTime=738543618, downTime=738543618, deviceId=0, source=0x1002 }
08-04 21:08:47.212   918  6110 I ActivityManager: START u0 {cmp=baseline.appteam.nith.hillffair/.activities.ClubActivity (has extras)} from uid 10651 on display 0
08-04 21:08:47.218  8172  8172 D AndroidRuntime: Shutting down VM
08-04 21:08:47.292   918   936 I ActivityManager: Displayed baseline.appteam.nith.hillffair/.activities.ClubActivity: +74ms
08-04 21:08:47.294 13866 13866 I GoogleInputMethodServic: GoogleInputMethodService.onFinishInput():3138 
08-04 21:08:47.294 13866 13866 I GoogleInputMethodServic: GoogleInputMethodService.onStartInput():1808 
08-04 21:08:47.467  6975  7372 I art     : Starting a blocking GC Explicit
08-04 21:08:47.489  6975  7372 I art     : Explicit concurrent mark sweep GC freed 5295(332KB) AllocSpace objects, 1(20KB) LOS objects, 23% free, 52MB/68MB, paused 343us total 21.591ms
08-04 21:08:47.497  6975  7372 I art     : Starting a blocking GC Explicit
08-04 21:08:47.517  6975  7372 I art     : Explicit concurrent mark sweep GC freed 209(9KB) AllocSpace objects, 0(0B) LOS objects, 23% free, 52MB/68MB, paused 494us total 19.611ms
08-04 21:08:47.527  6975  7372 I art     : Starting a blocking GC Explicit
08-04 21:08:47.537   380   380 W SurfaceFlinger: couldn't log to binary event log: overflow.
08-04 21:08:47.548  6975  7372 I art     : Explicit concurrent mark sweep GC freed 3(96B) AllocSpace objects, 0(0B) LOS objects, 23% free, 52MB/68MB, paused 445us total 20.648ms
08-04 21:08:47.555  6975  7372 I art     : Starting a blocking GC Explicit
08-04 21:08:47.570  6975  7372 I art     : Explicit concurrent mark sweep GC freed 3(96B) AllocSpace objects, 0(0B) LOS objects, 23% free, 52MB/68MB, paused 375us total 14.668ms
08-04 21:08:47.577  6975  7372 I art     : Starting a blocking GC Explicit
08-04 21:08:47.591  6975  7372 I art     : Explicit concurrent mark sweep GC freed 3(96B) AllocSpace objects, 0(0B) LOS objects, 23% free, 52MB/68MB, paused 283us total 14.302ms
08-04 21:08:47.865  6975  6988 I art     : Starting a blocking GC Explicit
08-04 21:08:47.885  6975  6988 I art     : Explicit concurrent mark sweep GC freed 1477(85KB) AllocSpace objects, 1(20KB) LOS objects, 23% free, 52MB/68MB, paused 389us total 19.572ms
08-04 21:08:47.893  6975  6988 I art     : Starting a blocking GC Explicit
08-04 21:08:47.909  6975  6988 I art     : Explicit concurrent mark sweep GC freed 52(1792B) AllocSpace objects, 0(0B) LOS objects, 23% free, 52MB/68MB, paused 307us total 15.854ms
08-04 21:08:47.915  6975  6988 I art     : Starting a blocking GC Explicit
08-04 21:08:47.930  6975  6988 I art     : Explicit concurrent mark sweep GC freed 10(352B) AllocSpace objects, 0(0B) LOS objects, 23% free, 52MB/68MB, paused 302us total 15.109ms
08-04 21:08:47.937  6975  6988 I art     : Starting a blocking GC Explicit
08-04 21:08:47.952  6975  6988 I art     : Explicit concurrent mark sweep GC freed 7(240B) AllocSpace objects, 0(0B) LOS objects, 23% free, 52MB/68MB, paused 296us total 14.529ms
08-04 21:08:47.958  6975  6988 I art     : Starting a blocking GC Explicit
08-04 21:08:47.973  6975  6988 I art     : Explicit concurrent mark sweep GC freed 10(400B) AllocSpace objects, 0(0B) LOS objects, 23% free, 52MB/68MB, paused 283us total 14.287ms
08-04 21:08:48.093  6975  8195 D OkHttp  : --> GET https://api-hillfair-2k16.herokuapp.com/api/app/events/special/event?id=58065620dcba0f490c70fe09 http/1.1
08-04 21:08:48.122  6975  8195 D OkHttp  : <-- 200 OK https://api-hillfair-2k16.herokuapp.com/api/app/events/special/event?id=58065620dcba0f490c70fe09 (28ms, 682-byte body)
08-04 21:08:48.188  6975  6975 I NAPPA_EXPERIMENTATION: MetricNetworkRequestExecutionTime: REQUEST_DURATION_SYSTEM='950',REQUEST_DURATION_OKHTTP='29',REQUEST_SYNCHRONOUS='FALSE',RESPONSE_CODE='200',RESPONSE_METHOD='GET',RESPONSE_LENGTH_OKHTTP='682',RESPONSE_LENGTH_HEADER='682',REQUEST_PROTOCOL='http/1.1',REQUEST_URL='https://api-hillfair-2k16.herokuapp.com/api/app/events/special/event?id=58065620dcba0f490c70fe09',
08-04 21:08:48.200  6975  6987 I art     : Starting a blocking GC Explicit
08-04 21:08:48.218  6975  6987 I art     : Explicit concurrent mark sweep GC freed 4767(309KB) AllocSpace objects, 4(220KB) LOS objects, 23% free, 52MB/68MB, paused 344us total 18.125ms
08-04 21:08:48.225  6975  6987 I art     : Starting a blocking GC Explicit
08-04 21:08:48.243  6975  6987 I art     : Explicit concurrent mark sweep GC freed 1051(120KB) AllocSpace objects, 0(0B) LOS objects, 23% free, 52MB/68MB, paused 302us total 17.819ms
08-04 21:08:48.250  6975  6987 I art     : Starting a blocking GC Explicit
08-04 21:08:48.265  6975  6987 I art     : Explicit concurrent mark sweep GC freed 7(272B) AllocSpace objects, 0(0B) LOS objects, 23% free, 52MB/68MB, paused 257us total 15.085ms
08-04 21:08:48.271  6975  6987 I art     : Starting a blocking GC Explicit
08-04 21:08:48.286  6975  6987 I art     : Explicit concurrent mark sweep GC freed 3(96B) AllocSpace objects, 0(0B) LOS objects, 23% free, 52MB/68MB, paused 271us total 14.947ms
08-04 21:08:48.294  6975  6987 I art     : Starting a blocking GC Explicit
08-04 21:08:48.310  6975  6987 I art     : Explicit concurrent mark sweep GC freed 3(96B) AllocSpace objects, 0(0B) LOS objects, 23% free, 52MB/68MB, paused 284us total 15.539ms
08-04 21:08:48.584  6975  6988 I art     : Starting a blocking GC Explicit
08-04 21:08:48.602  6975  6988 I art     : Explicit concurrent mark sweep GC freed 1341(78KB) AllocSpace objects, 1(20KB) LOS objects, 23% free, 52MB/68MB, paused 373us total 17.649ms
08-04 21:08:48.609  6975  6988 I art     : Starting a blocking GC Explicit
08-04 21:08:48.625  6975  6988 I art     : Explicit concurrent mark sweep GC freed 36(1264B) AllocSpace objects, 0(0B) LOS objects, 23% free, 52MB/68MB, paused 286us total 16.011ms
08-04 21:08:48.632  6975  6988 I art     : Starting a blocking GC Explicit
08-04 21:08:48.648  6975  6988 I art     : Explicit concurrent mark sweep GC freed 3(96B) AllocSpace objects, 0(0B) LOS objects, 23% free, 52MB/68MB, paused 288us total 16.261ms
08-04 21:08:48.655  6975  6988 I art     : Starting a blocking GC Explicit
08-04 21:08:48.672  6975  6988 I art     : Explicit concurrent mark sweep GC freed 3(96B) AllocSpace objects, 0(0B) LOS objects, 23% free, 52MB/68MB, paused 292us total 16.392ms
08-04 21:08:48.678  6975  6988 I art     : Starting a blocking GC Explicit
08-04 21:08:48.694  6975  6988 I art     : Explicit concurrent mark sweep GC freed 3(96B) AllocSpace objects, 0(0B) LOS objects, 23% free, 52MB/68MB, paused 290us total 15.587ms
08-04 21:08:48.974  6975  7004 I art     : Starting a blocking GC Explicit
08-04 21:08:48.997  6975  7004 I art     : Explicit concurrent mark sweep GC freed 1341(78KB) AllocSpace objects, 1(20KB) LOS objects, 23% free, 52MB/68MB, paused 353us total 22.495ms
08-04 21:08:49.005  6975  7004 I art     : Starting a blocking GC Explicit
08-04 21:08:49.022  6975  7004 I art     : Explicit concurrent mark sweep GC freed 20(720B) AllocSpace objects, 0(0B) LOS objects, 23% free, 52MB/68MB, paused 290us total 16.701ms
08-04 21:08:49.029  6975  7004 I art     : Starting a blocking GC Explicit
08-04 21:08:49.045  6975  7004 I art     : Explicit concurrent mark sweep GC freed 3(96B) AllocSpace objects, 0(0B) LOS objects, 23% free, 52MB/68MB, paused 279us total 15.643ms
08-04 21:08:49.051  6975  7004 I art     : Starting a blocking GC Explicit
08-04 21:08:49.067  6975  7004 I art     : Explicit concurrent mark sweep GC freed 3(96B) AllocSpace objects, 0(0B) LOS objects, 23% free, 52MB/68MB, paused 329us total 15.627ms
08-04 21:08:49.074  6975  7004 I art     : Starting a blocking GC Explicit
08-04 21:08:49.090  6975  7004 I art     : Explicit concurrent mark sweep GC freed 3(96B) AllocSpace objects, 0(0B) LOS objects, 23% free, 52MB/68MB, paused 287us total 16.025ms
08-04 21:08:49.406  6975  6987 I art     : Starting a blocking GC Explicit
08-04 21:08:49.431  6975  6987 I art     : Explicit concurrent mark sweep GC freed 1341(78KB) AllocSpace objects, 1(20KB) LOS objects, 23% free, 52MB/68MB, paused 330us total 23.861ms
08-04 21:08:49.442  6975  6987 I art     : Starting a blocking GC Explicit
08-04 21:08:49.459  6975  6987 I art     : Explicit concurrent mark sweep GC freed 20(720B) AllocSpace objects, 0(0B) LOS objects, 23% free, 52MB/68MB, paused 283us total 17.623ms
08-04 21:08:49.467  6975  6987 I art     : Starting a blocking GC Explicit
08-04 21:08:49.483  6975  6987 I art     : Explicit concurrent mark sweep GC freed 3(96B) AllocSpace objects, 0(0B) LOS objects, 23% free, 52MB/68MB, paused 266us total 15.911ms
08-04 21:08:49.489  6975  6987 I art     : Starting a blocking GC Explicit
08-04 21:08:49.504  6975  6987 I art     : Explicit concurrent mark sweep GC freed 3(96B) AllocSpace objects, 0(0B) LOS objects, 23% free, 52MB/68MB, paused 256us total 14.452ms
08-04 21:08:49.510  6975  6987 I art     : Starting a blocking GC Explicit
08-04 21:08:49.525  6975  6987 I art     : Explicit concurrent mark sweep GC freed 3(96B) AllocSpace objects, 0(0B) LOS objects, 23% free, 52MB/68MB, paused 307us total 14.927ms
08-04 21:08:49.781  8257  8257 D AndroidRuntime: >>>>>> START com.android.internal.os.RuntimeInit uid 2000 <<<<<<
08-04 21:08:49.785  8257  8257 D AndroidRuntime: CheckJNI is OFF
08-04 21:08:49.812  8257  8257 D ICU     : No timezone override file found: /data/misc/zoneinfo/current/icu/icu_tzdata.dat
08-04 21:08:49.824  6975  7372 I art     : Starting a blocking GC Explicit
08-04 21:08:49.838  8257  8257 I Radio-JNI: register_android_hardware_Radio DONE
08-04 21:08:49.841  6975  7372 I art     : Explicit concurrent mark sweep GC freed 1341(78KB) AllocSpace objects, 1(20KB) LOS objects, 23% free, 52MB/68MB, paused 314us total 16.783ms
08-04 21:08:49.848  6975  7372 I art     : Starting a blocking GC Explicit
08-04 21:08:49.856  8257  8257 D AndroidRuntime: Calling main entry com.android.commands.input.Input
08-04 21:08:49.858  8257  8257 I Input   : injectKeyEvent: KeyEvent { action=ACTION_DOWN, keyCode=KEYCODE_BACK, scanCode=0, metaState=0, flags=0x0, repeatCount=0, eventTime=738546271, downTime=738546271, deviceId=-1, source=0x101 }
08-04 21:08:49.862  8257  8257 I Input   : injectKeyEvent: KeyEvent { action=ACTION_UP, keyCode=KEYCODE_BACK, scanCode=0, metaState=0, flags=0x0, repeatCount=0, eventTime=738546271, downTime=738546271, deviceId=-1, source=0x101 }
08-04 21:08:49.864  6975  7372 I art     : Explicit concurrent mark sweep GC freed 21(784B) AllocSpace objects, 0(0B) LOS objects, 23% free, 52MB/68MB, paused 392us total 15.621ms
08-04 21:08:49.870  8257  8257 D AndroidRuntime: Shutting down VM
08-04 21:08:49.871  6975  7372 I art     : Starting a blocking GC Explicit
08-04 21:08:49.886  6975  7372 I art     : Explicit concurrent mark sweep GC freed 143(6KB) AllocSpace objects, 0(0B) LOS objects, 23% free, 52MB/68MB, paused 349us total 15.025ms
08-04 21:08:49.893  6975  7372 I art     : Starting a blocking GC Explicit
08-04 21:08:49.907  6975  7372 I art     : Explicit concurrent mark sweep GC freed 3(96B) AllocSpace objects, 0(0B) LOS objects, 23% free, 52MB/68MB, paused 351us total 14.204ms
08-04 21:08:49.912 13866 13866 I GoogleInputMethodServic: GoogleInputMethodService.onFinishInput():3138 
08-04 21:08:49.913 13866 13866 I GoogleInputMethodServic: GoogleInputMethodService.onStartInput():1808 
08-04 21:08:49.913  6975  7372 I art     : Starting a blocking GC Explicit
08-04 21:08:49.928  6975  7372 I art     : Explicit concurrent mark sweep GC freed 26(1008B) AllocSpace objects, 0(0B) LOS objects, 23% free, 52MB/68MB, paused 271us total 15.067ms
08-04 21:08:50.181  6975  6987 I art     : Starting a blocking GC Explicit
08-04 21:08:50.202  6975  6987 I art     : Explicit concurrent mark sweep GC freed 1351(78KB) AllocSpace objects, 1(20KB) LOS objects, 23% free, 52MB/68MB, paused 297us total 21.207ms
08-04 21:08:50.209  6975  6987 I art     : Starting a blocking GC Explicit
08-04 21:08:50.223   380   380 W SurfaceFlinger: couldn't log to binary event log: overflow.
08-04 21:08:50.226  6975  6987 I art     : Explicit concurrent mark sweep GC freed 108(8KB) AllocSpace objects, 0(0B) LOS objects, 23% free, 52MB/68MB, paused 351us total 16.138ms
08-04 21:08:50.233  6975  6987 I art     : Starting a blocking GC Explicit
08-04 21:08:50.249  6975  6987 I art     : Explicit concurrent mark sweep GC freed 26(1232B) AllocSpace objects, 0(0B) LOS objects, 23% free, 52MB/68MB, paused 277us total 15.729ms
08-04 21:08:50.256  6975  6987 I art     : Starting a blocking GC Explicit
08-04 21:08:50.270  6975  6987 I art     : Explicit concurrent mark sweep GC freed 1655(106KB) AllocSpace objects, 3(400KB) LOS objects, 23% free, 52MB/68MB, paused 273us total 14.214ms
08-04 21:08:50.276  6975  6987 I art     : Starting a blocking GC Explicit
08-04 21:08:50.291  6975  6987 I art     : Explicit concurrent mark sweep GC freed 3(96B) AllocSpace objects, 0(0B) LOS objects, 23% free, 52MB/68MB, paused 277us total 13.967ms
08-04 21:08:50.557  6975  6987 I art     : Starting a blocking GC Explicit
08-04 21:08:50.571  6975  6987 I art     : Explicit concurrent mark sweep GC freed 1341(78KB) AllocSpace objects, 1(20KB) LOS objects, 23% free, 52MB/68MB, paused 271us total 13.487ms
08-04 21:08:50.576  6975  6987 I art     : Starting a blocking GC Explicit
08-04 21:08:50.592  6975  6987 I art     : Explicit concurrent mark sweep GC freed 29(1040B) AllocSpace objects, 0(0B) LOS objects, 23% free, 52MB/68MB, paused 269us total 15.558ms
08-04 21:08:50.599  6975  6987 I art     : Starting a blocking GC Explicit
08-04 21:08:50.614  6975  6987 I art     : Explicit concurrent mark sweep GC freed 3(96B) AllocSpace objects, 0(0B) LOS objects, 23% free, 52MB/68MB, paused 269us total 15.089ms
08-04 21:08:50.620  6975  6987 I art     : Starting a blocking GC Explicit
08-04 21:08:50.636  6975  6987 I art     : Explicit concurrent mark sweep GC freed 3(96B) AllocSpace objects, 0(0B) LOS objects, 23% free, 52MB/68MB, paused 271us total 15.350ms
08-04 21:08:50.643  6975  6987 I art     : Starting a blocking GC Explicit
08-04 21:08:50.659  6975  6987 I art     : Explicit concurrent mark sweep GC freed 3(96B) AllocSpace objects, 0(0B) LOS objects, 23% free, 52MB/68MB, paused 318us total 15.548ms
08-04 21:08:50.948  6975  7372 I art     : Starting a blocking GC Explicit
08-04 21:08:50.971  6975  7372 I art     : Explicit concurrent mark sweep GC freed 1340(78KB) AllocSpace objects, 1(20KB) LOS objects, 23% free, 52MB/68MB, paused 349us total 22.822ms
08-04 21:08:50.982  6975  7372 I art     : Starting a blocking GC Explicit
08-04 21:08:51.002  6975  7372 I art     : Explicit concurrent mark sweep GC freed 20(704B) AllocSpace objects, 0(0B) LOS objects, 23% free, 52MB/68MB, paused 323us total 19.483ms
08-04 21:08:51.009  6975  7372 I art     : Starting a blocking GC Explicit
08-04 21:08:51.025  6975  7372 I art     : Explicit concurrent mark sweep GC freed 3(96B) AllocSpace objects, 0(0B) LOS objects, 23% free, 52MB/68MB, paused 284us total 15.884ms
08-04 21:08:51.032  6975  7372 I art     : Starting a blocking GC Explicit
08-04 21:08:51.038  4694  4694 I Atfwd_Sendcmd: AtCmdFwd service not ready - Exhausted retry attempts - :6
08-04 21:08:51.038  4694  4694 I Atfwd_Daemon: result : -1 	 ,Init step :2 	 ,qmiErrorCode: 0
08-04 21:08:51.048  6975  7372 I art     : Explicit concurrent mark sweep GC freed 3(96B) AllocSpace objects, 0(0B) LOS objects, 23% free, 52MB/68MB, paused 276us total 15.881ms
08-04 21:08:51.054  6975  7372 I art     : Starting a blocking GC Explicit
08-04 21:08:51.070  6975  7372 I art     : Explicit concurrent mark sweep GC freed 3(96B) AllocSpace objects, 0(0B) LOS objects, 23% free, 52MB/68MB, paused 299us total 15.676ms
08-04 21:08:51.318  6975  6988 I art     : Starting a blocking GC Explicit
08-04 21:08:51.335  6975  6988 I art     : Explicit concurrent mark sweep GC freed 1340(78KB) AllocSpace objects, 1(20KB) LOS objects, 23% free, 52MB/68MB, paused 304us total 16.682ms
08-04 21:08:51.342  6975  6988 I art     : Starting a blocking GC Explicit
08-04 21:08:51.357  6975  6988 I art     : Explicit concurrent mark sweep GC freed 20(704B) AllocSpace objects, 0(0B) LOS objects, 23% free, 52MB/68MB, paused 286us total 15.563ms
08-04 21:08:51.364  6975  6988 I art     : Starting a blocking GC Explicit
08-04 21:08:51.378  6975  6988 I art     : Explicit concurrent mark sweep GC freed 3(96B) AllocSpace objects, 0(0B) LOS objects, 23% free, 52MB/68MB, paused 290us total 14.587ms
08-04 21:08:51.385  6975  6988 I art     : Starting a blocking GC Explicit
08-04 21:08:51.400  6975  6988 I art     : Explicit concurrent mark sweep GC freed 3(96B) AllocSpace objects, 0(0B) LOS objects, 23% free, 52MB/68MB, paused 281us total 14.892ms
08-04 21:08:51.406  6975  6988 I art     : Starting a blocking GC Explicit
08-04 21:08:51.421  6975  6988 I art     : Explicit concurrent mark sweep GC freed 3(96B) AllocSpace objects, 0(0B) LOS objects, 23% free, 52MB/68MB, paused 294us total 14.309ms
08-04 21:08:51.428  8311  8311 D AndroidRuntime: >>>>>> START com.android.internal.os.RuntimeInit uid 2000 <<<<<<
08-04 21:08:51.432  8311  8311 D AndroidRuntime: CheckJNI is OFF
08-04 21:08:51.456  8311  8311 D ICU     : No timezone override file found: /data/misc/zoneinfo/current/icu/icu_tzdata.dat
08-04 21:08:51.480  8311  8311 I Radio-JNI: register_android_hardware_Radio DONE
08-04 21:08:51.495  8311  8311 D AndroidRuntime: Calling main entry com.android.commands.input.Input
08-04 21:08:51.497  8311  8311 I Input   : injectMotionEvent: MotionEvent { action=ACTION_DOWN, actionButton=0, id[0]=0, x[0]=733.0, y[0]=645.0, toolType[0]=TOOL_TYPE_UNKNOWN, buttonState=0, metaState=0, flags=0x0, edgeFlags=0x0, pointerCount=1, historySize=0, eventTime=738547910, downTime=738547910, deviceId=0, source=0x1002 }
08-04 21:08:51.505  8311  8311 I Input   : injectMotionEvent: MotionEvent { action=ACTION_UP, actionButton=0, id[0]=0, x[0]=733.0, y[0]=645.0, toolType[0]=TOOL_TYPE_UNKNOWN, buttonState=0, metaState=0, flags=0x0, edgeFlags=0x0, pointerCount=1, historySize=0, eventTime=738547910, downTime=738547910, deviceId=0, source=0x1002 }
08-04 21:08:51.513  8334  8334 I art     : Late-enabling -Xcheck:jni
08-04 21:08:51.514   918   918 I ActivityManager: Start proc 8334:nappatfpr.com.newsblur/u0a658 for service nappatfpr.com.newsblur/.service.NBSyncService
08-04 21:08:51.516   918  6112 I ActivityManager: START u0 {cmp=baseline.appteam.nith.hillffair/.activities.ClubActivity (has extras)} from uid 10651 on display 0
08-04 21:08:51.527  8311  8311 D AndroidRuntime: Shutting down VM
08-04 21:08:51.560  8334  8334 W System  : ClassLoader referenced unknown path: /data/app/nappatfpr.com.newsblur-1/lib/arm64
08-04 21:08:51.602   918  6111 I ActivityManager: Killing 1764:com.google.android.play.games/u0a64 (adj 15): empty #17
08-04 21:08:51.614 13866 13866 I GoogleInputMethodServic: GoogleInputMethodService.onFinishInput():3138 
08-04 21:08:51.615 13866 13866 I GoogleInputMethodServic: GoogleInputMethodService.onStartInput():1808 
08-04 21:08:51.647   918  6112 D ConnectivityService: ConnectivityService NetworkRequestInfo binderDied(NetworkRequest [ id=2911, legacyType=-1, [ Capabilities: INTERNET&NOT_RESTRICTED&TRUSTED] ], android.os.BinderProxy@b9b2df2)
08-04 21:08:51.648   918  3263 D ConnectivityService: releasing NetworkRequest NetworkRequest [ id=2911, legacyType=-1, [ Capabilities: INTERNET&NOT_RESTRICTED&TRUSTED] ]
08-04 21:08:51.649   918  3263 E ConnectivityService: RemoteException caught trying to send a callback msg for NetworkRequest [ id=2911, legacyType=-1, [ Capabilities: INTERNET&NOT_RESTRICTED&TRUSTED] ]
08-04 21:08:51.657   918   936 I ActivityManager: Displayed baseline.appteam.nith.hillffair/.activities.ClubActivity: +132ms
08-04 21:08:51.690  6975  7372 I art     : Starting a blocking GC Explicit
08-04 21:08:51.708  6975  7372 I art     : Explicit concurrent mark sweep GC freed 5284(330KB) AllocSpace objects, 1(20KB) LOS objects, 23% free, 52MB/68MB, paused 338us total 17.292ms
08-04 21:08:51.715  6975  7372 I art     : Starting a blocking GC Explicit
08-04 21:08:51.733  6975  7372 I art     : Explicit concurrent mark sweep GC freed 209(9KB) AllocSpace objects, 0(0B) LOS objects, 23% free, 52MB/68MB, paused 370us total 17.642ms
08-04 21:08:51.742  6975  7372 I art     : Starting a blocking GC Explicit
08-04 21:08:51.761  6975  7372 I art     : Explicit concurrent mark sweep GC freed 3(96B) AllocSpace objects, 0(0B) LOS objects, 23% free, 52MB/68MB, paused 366us total 19.207ms
08-04 21:08:51.769  6975  7372 I art     : Starting a blocking GC Explicit
08-04 21:08:51.785  6975  7372 I art     : Explicit concurrent mark sweep GC freed 3(96B) AllocSpace objects, 0(0B) LOS objects, 23% free, 52MB/68MB, paused 304us total 15.904ms
08-04 21:08:51.793  6975  7372 I art     : Starting a blocking GC Explicit
08-04 21:08:51.809  6975  7372 I art     : Explicit concurrent mark sweep GC freed 3(96B) AllocSpace objects, 0(0B) LOS objects, 23% free, 52MB/68MB, paused 405us total 16.396ms
08-04 21:08:51.859   380   380 W SurfaceFlinger: couldn't log to binary event log: overflow.
08-04 21:08:52.050  6975  7004 I art     : Starting a blocking GC Explicit
08-04 21:08:52.067  6975  7004 I art     : Explicit concurrent mark sweep GC freed 1457(84KB) AllocSpace objects, 1(20KB) LOS objects, 23% free, 52MB/68MB, paused 327us total 16.865ms
08-04 21:08:52.073  6975  7004 I art     : Starting a blocking GC Explicit
08-04 21:08:52.090  6975  7004 I art     : Explicit concurrent mark sweep GC freed 35(1216B) AllocSpace objects, 0(0B) LOS objects, 23% free, 52MB/68MB, paused 312us total 16.087ms
08-04 21:08:52.097  6975  7004 I art     : Starting a blocking GC Explicit
08-04 21:08:52.113  6975  7004 I art     : Explicit concurrent mark sweep GC freed 11(416B) AllocSpace objects, 0(0B) LOS objects, 23% free, 52MB/68MB, paused 317us total 15.744ms
08-04 21:08:52.119  6975  7004 I art     : Starting a blocking GC Explicit
08-04 21:08:52.135  6975  7004 I art     : Explicit concurrent mark sweep GC freed 10(352B) AllocSpace objects, 0(0B) LOS objects, 23% free, 52MB/68MB, paused 319us total 15.417ms
08-04 21:08:52.142  6975  7004 I art     : Starting a blocking GC Explicit
08-04 21:08:52.157  6975  7004 I art     : Explicit concurrent mark sweep GC freed 8(288B) AllocSpace objects, 0(0B) LOS objects, 23% free, 52MB/68MB, paused 380us total 14.796ms
08-04 21:08:52.398  6975  8349 D OkHttp  : --> GET https://api-hillfair-2k16.herokuapp.com/api/app/events/special/event?id=5806551bdcba0f490c70fd1f http/1.1
08-04 21:08:52.430  6975  8349 D OkHttp  : <-- 200 OK https://api-hillfair-2k16.herokuapp.com/api/app/events/special/event?id=5806551bdcba0f490c70fd1f (31ms, 795-byte body)
08-04 21:08:52.434  6975  6988 I art     : Starting a blocking GC Explicit
08-04 21:08:52.453  6975  6988 I art     : Explicit concurrent mark sweep GC freed 4200(248KB) AllocSpace objects, 4(220KB) LOS objects, 23% free, 52MB/68MB, paused 367us total 19.082ms
08-04 21:08:52.460  6975  6988 I art     : Starting a blocking GC Explicit
08-04 21:08:52.477  6975  6988 I art     : Explicit concurrent mark sweep GC freed 1074(121KB) AllocSpace objects, 0(0B) LOS objects, 23% free, 52MB/68MB, paused 461us total 16.291ms
08-04 21:08:52.479  6975  6975 I NAPPA_EXPERIMENTATION: MetricNetworkRequestExecutionTime: REQUEST_DURATION_SYSTEM='922',REQUEST_DURATION_OKHTTP='32',REQUEST_SYNCHRONOUS='FALSE',RESPONSE_CODE='200',RESPONSE_METHOD='GET',RESPONSE_LENGTH_OKHTTP='795',RESPONSE_LENGTH_HEADER='795',REQUEST_PROTOCOL='http/1.1',REQUEST_URL='https://api-hillfair-2k16.herokuapp.com/api/app/events/special/event?id=5806551bdcba0f490c70fd1f',
08-04 21:08:52.483  6975  6988 I art     : Starting a blocking GC Explicit
08-04 21:08:52.499  6975  6988 I art     : Explicit concurrent mark sweep GC freed 517(60KB) AllocSpace objects, 0(0B) LOS objects, 23% free, 52MB/68MB, paused 348us total 15.095ms
08-04 21:08:52.505  6975  6988 I art     : Starting a blocking GC Explicit
08-04 21:08:52.520  6975  6988 I art     : Explicit concurrent mark sweep GC freed 63(2016B) AllocSpace objects, 0(0B) LOS objects, 23% free, 52MB/68MB, paused 289us total 14.334ms
08-04 21:08:52.526  6975  6988 I art     : Starting a blocking GC Explicit
08-04 21:08:52.541  6975  6988 I art     : Explicit concurrent mark sweep GC freed 6(192B) AllocSpace objects, 0(0B) LOS objects, 23% free, 52MB/68MB, paused 297us total 15.339ms
08-04 21:08:52.813  6975  6988 I art     : Starting a blocking GC Explicit
08-04 21:08:52.832  6975  6988 I art     : Explicit concurrent mark sweep GC freed 1341(78KB) AllocSpace objects, 1(20KB) LOS objects, 23% free, 52MB/68MB, paused 413us total 18.530ms
08-04 21:08:52.839  6975  6988 I art     : Starting a blocking GC Explicit
08-04 21:08:52.855  6975  6988 I art     : Explicit concurrent mark sweep GC freed 20(720B) AllocSpace objects, 0(0B) LOS objects, 23% free, 52MB/68MB, paused 305us total 15.794ms
08-04 21:08:52.862  6975  6988 I art     : Starting a blocking GC Explicit
08-04 21:08:52.878  6975  6988 I art     : Explicit concurrent mark sweep GC freed 19(656B) AllocSpace objects, 0(0B) LOS objects, 23% free, 52MB/68MB, paused 279us total 16.020ms
08-04 21:08:52.885  6975  6988 I art     : Starting a blocking GC Explicit
08-04 21:08:52.901  6975  6988 I art     : Explicit concurrent mark sweep GC freed 3(96B) AllocSpace objects, 0(0B) LOS objects, 23% free, 52MB/68MB, paused 296us total 15.451ms
08-04 21:08:52.907  6975  6988 I art     : Starting a blocking GC Explicit
08-04 21:08:52.923  6975  6988 I art     : Explicit concurrent mark sweep GC freed 3(96B) AllocSpace objects, 0(0B) LOS objects, 23% free, 52MB/68MB, paused 288us total 15.534ms
08-04 21:08:53.205  6975  6987 I art     : Starting a blocking GC Explicit
08-04 21:08:53.228  6975  6987 I art     : Explicit concurrent mark sweep GC freed 1341(78KB) AllocSpace objects, 1(20KB) LOS objects, 23% free, 52MB/68MB, paused 365us total 23.317ms
08-04 21:08:53.238  6975  6987 I art     : Starting a blocking GC Explicit
08-04 21:08:53.255  6975  6987 I art     : Explicit concurrent mark sweep GC freed 20(704B) AllocSpace objects, 0(0B) LOS objects, 23% free, 52MB/68MB, paused 301us total 16.676ms
08-04 21:08:53.262  6975  6987 I art     : Starting a blocking GC Explicit
08-04 21:08:53.278  6975  6987 I art     : Explicit concurrent mark sweep GC freed 3(96B) AllocSpace objects, 0(0B) LOS objects, 23% free, 52MB/68MB, paused 292us total 16.006ms
08-04 21:08:53.285  6975  6987 I art     : Starting a blocking GC Explicit
08-04 21:08:53.301  6975  6987 I art     : Explicit concurrent mark sweep GC freed 3(96B) AllocSpace objects, 0(0B) LOS objects, 23% free, 52MB/68MB, paused 342us total 15.967ms
08-04 21:08:53.307  6975  6987 I art     : Starting a blocking GC Explicit
08-04 21:08:53.324  6975  6987 I art     : Explicit concurrent mark sweep GC freed 3(96B) AllocSpace objects, 0(0B) LOS objects, 23% free, 52MB/68MB, paused 293us total 16.173ms
08-04 21:08:53.639  6975  7004 I art     : Starting a blocking GC Explicit
08-04 21:08:53.661  6975  7004 I art     : Explicit concurrent mark sweep GC freed 1341(78KB) AllocSpace objects, 1(20KB) LOS objects, 23% free, 52MB/68MB, paused 366us total 22.106ms
08-04 21:08:53.672  6975  7004 I art     : Starting a blocking GC Explicit
08-04 21:08:53.689  6975  7004 I art     : Explicit concurrent mark sweep GC freed 20(704B) AllocSpace objects, 0(0B) LOS objects, 23% free, 52MB/68MB, paused 316us total 17.120ms
08-04 21:08:53.696  6975  7004 I art     : Starting a blocking GC Explicit
08-04 21:08:53.713  6975  7004 I art     : Explicit concurrent mark sweep GC freed 3(96B) AllocSpace objects, 0(0B) LOS objects, 23% free, 52MB/68MB, paused 310us total 16.527ms
08-04 21:08:53.720  6975  7004 I art     : Starting a blocking GC Explicit
08-04 21:08:53.737  6975  7004 I art     : Explicit concurrent mark sweep GC freed 3(96B) AllocSpace objects, 0(0B) LOS objects, 23% free, 52MB/68MB, paused 295us total 16.617ms
08-04 21:08:53.743  6975  7004 I art     : Starting a blocking GC Explicit
08-04 21:08:53.760  6975  7004 I art     : Explicit concurrent mark sweep GC freed 3(96B) AllocSpace objects, 0(0B) LOS objects, 23% free, 52MB/68MB, paused 283us total 16.358ms
08-04 21:08:54.066  6975  7372 I art     : Starting a blocking GC Explicit
08-04 21:08:54.091  6975  7372 I art     : Explicit concurrent mark sweep GC freed 1341(78KB) AllocSpace objects, 1(20KB) LOS objects, 23% free, 52MB/68MB, paused 325us total 25.390ms
08-04 21:08:54.098  6975  7372 I art     : Starting a blocking GC Explicit
08-04 21:08:54.115  6975  7372 I art     : Explicit concurrent mark sweep GC freed 20(704B) AllocSpace objects, 0(0B) LOS objects, 23% free, 52MB/68MB, paused 304us total 16.860ms
08-04 21:08:54.123  6975  7372 I art     : Starting a blocking GC Explicit
08-04 21:08:54.139  6975  7372 I art     : Explicit concurrent mark sweep GC freed 3(96B) AllocSpace objects, 0(0B) LOS objects, 23% free, 52MB/68MB, paused 293us total 16.075ms
08-04 21:08:54.146  6975  7372 I art     : Starting a blocking GC Explicit
08-04 21:08:54.162  6975  7372 I art     : Explicit concurrent mark sweep GC freed 3(96B) AllocSpace objects, 0(0B) LOS objects, 23% free, 52MB/68MB, paused 295us total 16.114ms
08-04 21:08:54.169  6975  7372 I art     : Starting a blocking GC Explicit
08-04 21:08:54.185  6975  7372 I art     : Explicit concurrent mark sweep GC freed 3(96B) AllocSpace objects, 0(0B) LOS objects, 23% free, 52MB/68MB, paused 293us total 16.145ms
08-04 21:08:54.524  6975  6988 I art     : Starting a blocking GC Explicit
08-04 21:08:54.553  6975  6988 I art     : Explicit concurrent mark sweep GC freed 1341(78KB) AllocSpace objects, 1(20KB) LOS objects, 23% free, 52MB/68MB, paused 580us total 28.259ms
08-04 21:08:54.564  6975  6988 I art     : Starting a blocking GC Explicit
08-04 21:08:54.582  6975  6988 I art     : Explicit concurrent mark sweep GC freed 20(704B) AllocSpace objects, 0(0B) LOS objects, 23% free, 52MB/68MB, paused 311us total 17.174ms
08-04 21:08:54.589  6975  6988 I art     : Starting a blocking GC Explicit
08-04 21:08:54.606  6975  6988 I art     : Explicit concurrent mark sweep GC freed 3(96B) AllocSpace objects, 0(0B) LOS objects, 23% free, 52MB/68MB, paused 295us total 16.040ms
08-04 21:08:54.612  6975  6988 I art     : Starting a blocking GC Explicit
08-04 21:08:54.628  6975  6988 I art     : Explicit concurrent mark sweep GC freed 3(96B) AllocSpace objects, 0(0B) LOS objects, 23% free, 52MB/68MB, paused 304us total 15.953ms
08-04 21:08:54.635  6975  6988 I art     : Starting a blocking GC Explicit
08-04 21:08:54.646   918  3261 D WifiStateMachine: starting scan for "H369AA63323"WPA_PSK with 2412,5180
08-04 21:08:54.652  6975  6988 I art     : Explicit concurrent mark sweep GC freed 3(96B) AllocSpace objects, 0(0B) LOS objects, 23% free, 52MB/68MB, paused 297us total 16.292ms
08-04 21:08:54.953  6975  6987 I art     : Starting a blocking GC Explicit
08-04 21:08:54.981  6975  6987 I art     : Explicit concurrent mark sweep GC freed 1341(78KB) AllocSpace objects, 1(20KB) LOS objects, 23% free, 52MB/68MB, paused 461us total 27.560ms
08-04 21:08:54.992  6975  6987 I art     : Starting a blocking GC Explicit
08-04 21:08:55.012  6975  6987 I art     : Explicit concurrent mark sweep GC freed 20(704B) AllocSpace objects, 0(0B) LOS objects, 23% free, 52MB/68MB, paused 307us total 19.763ms
08-04 21:08:55.019  6975  6987 I art     : Starting a blocking GC Explicit
08-04 21:08:55.036  6975  6987 I art     : Explicit concurrent mark sweep GC freed 3(96B) AllocSpace objects, 0(0B) LOS objects, 23% free, 52MB/68MB, paused 300us total 16.746ms
08-04 21:08:55.043  6975  6987 I art     : Starting a blocking GC Explicit
08-04 21:08:55.060  6975  6987 I art     : Explicit concurrent mark sweep GC freed 3(96B) AllocSpace objects, 0(0B) LOS objects, 23% free, 52MB/68MB, paused 277us total 16.601ms
08-04 21:08:55.066  6975  6987 I art     : Starting a blocking GC Explicit
08-04 21:08:55.083  6975  6987 I art     : Explicit concurrent mark sweep GC freed 3(96B) AllocSpace objects, 0(0B) LOS objects, 23% free, 52MB/68MB, paused 299us total 15.949ms
08-04 21:08:55.419  6975  7004 I art     : Starting a blocking GC Explicit
08-04 21:08:55.445  6975  7004 I art     : Explicit concurrent mark sweep GC freed 1341(78KB) AllocSpace objects, 1(20KB) LOS objects, 23% free, 52MB/68MB, paused 392us total 25.720ms
08-04 21:08:55.458  6975  7004 I art     : Starting a blocking GC Explicit
08-04 21:08:55.476  6975  7004 I art     : Explicit concurrent mark sweep GC freed 20(704B) AllocSpace objects, 0(0B) LOS objects, 23% free, 52MB/68MB, paused 342us total 16.826ms
08-04 21:08:55.483  6975  7004 I art     : Starting a blocking GC Explicit
08-04 21:08:55.500  6975  7004 I art     : Explicit concurrent mark sweep GC freed 3(96B) AllocSpace objects, 0(0B) LOS objects, 23% free, 52MB/68MB, paused 310us total 17.063ms
08-04 21:08:55.507  6975  7004 I art     : Starting a blocking GC Explicit
08-04 21:08:55.523  6975  7004 I art     : Explicit concurrent mark sweep GC freed 3(96B) AllocSpace objects, 0(0B) LOS objects, 23% free, 52MB/68MB, paused 301us total 16.455ms
08-04 21:08:55.530  6975  7004 I art     : Starting a blocking GC Explicit
08-04 21:08:55.547  6975  7004 I art     : Explicit concurrent mark sweep GC freed 3(96B) AllocSpace objects, 0(0B) LOS objects, 23% free, 52MB/68MB, paused 311us total 16.495ms
08-04 21:08:55.839  6975  7372 I art     : Starting a blocking GC Explicit
08-04 21:08:55.856  6975  7372 I art     : Explicit concurrent mark sweep GC freed 1341(78KB) AllocSpace objects, 1(20KB) LOS objects, 23% free, 52MB/68MB, paused 338us total 16.248ms
08-04 21:08:55.863  6975  7372 I art     : Starting a blocking GC Explicit
08-04 21:08:55.879  6975  7372 I art     : Explicit concurrent mark sweep GC freed 20(704B) AllocSpace objects, 0(0B) LOS objects, 23% free, 52MB/68MB, paused 309us total 16.338ms
08-04 21:08:55.886  6975  7372 I art     : Starting a blocking GC Explicit
08-04 21:08:55.902  6975  7372 I art     : Explicit concurrent mark sweep GC freed 3(96B) AllocSpace objects, 0(0B) LOS objects, 23% free, 52MB/68MB, paused 298us total 15.836ms
08-04 21:08:55.908  6975  7372 I art     : Starting a blocking GC Explicit
08-04 21:08:55.924  6975  7372 I art     : Explicit concurrent mark sweep GC freed 3(96B) AllocSpace objects, 0(0B) LOS objects, 23% free, 52MB/68MB, paused 319us total 15.603ms
08-04 21:08:55.930  6975  7372 I art     : Starting a blocking GC Explicit
08-04 21:08:55.946  6975  7372 I art     : Explicit concurrent mark sweep GC freed 3(96B) AllocSpace objects, 0(0B) LOS objects, 23% free, 52MB/68MB, paused 297us total 15.015ms
08-04 21:08:56.101  8465  8465 D AndroidRuntime: >>>>>> START com.android.internal.os.RuntimeInit uid 2000 <<<<<<
08-04 21:08:56.105  8465  8465 D AndroidRuntime: CheckJNI is OFF
08-04 21:08:56.130  8465  8465 D ICU     : No timezone override file found: /data/misc/zoneinfo/current/icu/icu_tzdata.dat
08-04 21:08:56.156  8465  8465 I Radio-JNI: register_android_hardware_Radio DONE
08-04 21:08:56.172  8465  8465 D AndroidRuntime: Calling main entry com.android.commands.input.Input
08-04 21:08:56.173  8465  8465 I Input   : injectKeyEvent: KeyEvent { action=ACTION_DOWN, keyCode=KEYCODE_BACK, scanCode=0, metaState=0, flags=0x0, repeatCount=0, eventTime=738552586, downTime=738552586, deviceId=-1, source=0x101 }
08-04 21:08:56.178  8465  8465 I Input   : injectKeyEvent: KeyEvent { action=ACTION_UP, keyCode=KEYCODE_BACK, scanCode=0, metaState=0, flags=0x0, repeatCount=0, eventTime=738552586, downTime=738552586, deviceId=-1, source=0x101 }
08-04 21:08:56.185  8465  8465 D AndroidRuntime: Shutting down VM
08-04 21:08:56.213  6975  6988 I art     : Starting a blocking GC Explicit
08-04 21:08:56.227 13866 13866 I GoogleInputMethodServic: GoogleInputMethodService.onFinishInput():3138 
08-04 21:08:56.227 13866 13866 I GoogleInputMethodServic: GoogleInputMethodService.onStartInput():1808 
08-04 21:08:56.229  6975  6988 I art     : Explicit concurrent mark sweep GC freed 1483(84KB) AllocSpace objects, 1(20KB) LOS objects, 23% free, 52MB/68MB, paused 285us total 15.802ms
08-04 21:08:56.237  6975  6988 I art     : Starting a blocking GC Explicit
08-04 21:08:56.254  6975  6988 I art     : Explicit concurrent mark sweep GC freed 47(1728B) AllocSpace objects, 0(0B) LOS objects, 23% free, 52MB/68MB, paused 290us total 16.900ms
08-04 21:08:56.260  6975  6988 I art     : Starting a blocking GC Explicit
08-04 21:08:56.276  6975  6988 I art     : Explicit concurrent mark sweep GC freed 10(384B) AllocSpace objects, 0(0B) LOS objects, 23% free, 52MB/68MB, paused 311us total 15.550ms
08-04 21:08:56.283  6975  6988 I art     : Starting a blocking GC Explicit
08-04 21:08:56.298  6975  6988 I art     : Explicit concurrent mark sweep GC freed 3(96B) AllocSpace objects, 0(0B) LOS objects, 23% free, 52MB/68MB, paused 279us total 14.749ms
08-04 21:08:56.304  6975  6988 I art     : Starting a blocking GC Explicit
08-04 21:08:56.318  6975  6988 I art     : Explicit concurrent mark sweep GC freed 3(96B) AllocSpace objects, 0(0B) LOS objects, 23% free, 52MB/68MB, paused 279us total 14.180ms
08-04 21:08:56.514   380   380 W SurfaceFlinger: couldn't log to binary event log: overflow.
08-04 21:08:56.572  6975  6987 I art     : Starting a blocking GC Explicit
08-04 21:08:56.589  6975  6987 I art     : Explicit concurrent mark sweep GC freed 1450(87KB) AllocSpace objects, 1(20KB) LOS objects, 23% free, 52MB/68MB, paused 313us total 16.447ms
08-04 21:08:56.595  6975  6987 I art     : Starting a blocking GC Explicit
08-04 21:08:56.610  6975  6987 I art     : Explicit concurrent mark sweep GC freed 1672(107KB) AllocSpace objects, 3(400KB) LOS objects, 23% free, 52MB/68MB, paused 289us total 15.029ms
08-04 21:08:56.617  6975  6987 I art     : Starting a blocking GC Explicit
08-04 21:08:56.633  6975  6987 I art     : Explicit concurrent mark sweep GC freed 3(96B) AllocSpace objects, 0(0B) LOS objects, 23% free, 52MB/68MB, paused 311us total 15.863ms
08-04 21:08:56.640  6975  6987 I art     : Starting a blocking GC Explicit
08-04 21:08:56.656  6975  6987 I art     : Explicit concurrent mark sweep GC freed 3(96B) AllocSpace objects, 0(0B) LOS objects, 23% free, 52MB/68MB, paused 306us total 16.044ms
08-04 21:08:56.663  6975  6987 I art     : Starting a blocking GC Explicit
08-04 21:08:56.679  6975  6987 I art     : Explicit concurrent mark sweep GC freed 3(96B) AllocSpace objects, 0(0B) LOS objects, 23% free, 52MB/68MB, paused 318us total 15.883ms
08-04 21:08:56.956  6975  7004 I art     : Starting a blocking GC Explicit
08-04 21:08:56.979  6975  7004 I art     : Explicit concurrent mark sweep GC freed 1341(78KB) AllocSpace objects, 1(20KB) LOS objects, 23% free, 52MB/68MB, paused 347us total 22.689ms
08-04 21:08:56.990  6975  7004 I art     : Starting a blocking GC Explicit
08-04 21:08:57.010  6975  7004 I art     : Explicit concurrent mark sweep GC freed 20(704B) AllocSpace objects, 0(0B) LOS objects, 23% free, 52MB/68MB, paused 310us total 19.231ms
08-04 21:08:57.016  6975  7004 I art     : Starting a blocking GC Explicit
08-04 21:08:57.032  6975  7004 I art     : Explicit concurrent mark sweep GC freed 3(96B) AllocSpace objects, 0(0B) LOS objects, 23% free, 52MB/68MB, paused 321us total 15.707ms
08-04 21:08:57.039  6975  7004 I art     : Starting a blocking GC Explicit
08-04 21:08:57.055  6975  7004 I art     : Explicit concurrent mark sweep GC freed 3(96B) AllocSpace objects, 0(0B) LOS objects, 23% free, 52MB/68MB, paused 294us total 15.995ms
08-04 21:08:57.062  6975  7004 I art     : Starting a blocking GC Explicit
08-04 21:08:57.078  6975  7004 I art     : Explicit concurrent mark sweep GC freed 3(96B) AllocSpace objects, 0(0B) LOS objects, 23% free, 52MB/68MB, paused 299us total 15.479ms
08-04 21:08:57.344  6975  7372 I art     : Starting a blocking GC Explicit
08-04 21:08:57.365  6975  7372 I art     : Explicit concurrent mark sweep GC freed 1340(78KB) AllocSpace objects, 1(20KB) LOS objects, 23% free, 52MB/68MB, paused 337us total 21.108ms
08-04 21:08:57.373  6975  7372 I art     : Starting a blocking GC Explicit
08-04 21:08:57.389  6975  7372 I art     : Explicit concurrent mark sweep GC freed 20(704B) AllocSpace objects, 0(0B) LOS objects, 23% free, 52MB/68MB, paused 374us total 16.239ms
08-04 21:08:57.397  6975  7372 I art     : Starting a blocking GC Explicit
08-04 21:08:57.412  6975  7372 I art     : Explicit concurrent mark sweep GC freed 3(96B) AllocSpace objects, 0(0B) LOS objects, 23% free, 52MB/68MB, paused 289us total 14.930ms
08-04 21:08:57.419  6975  7372 I art     : Starting a blocking GC Explicit
08-04 21:08:57.433  6975  7372 I art     : Explicit concurrent mark sweep GC freed 3(96B) AllocSpace objects, 0(0B) LOS objects, 23% free, 52MB/68MB, paused 290us total 14.761ms
08-04 21:08:57.440  6975  7372 I art     : Starting a blocking GC Explicit
08-04 21:08:57.455  6975  7372 I art     : Explicit concurrent mark sweep GC freed 3(96B) AllocSpace objects, 0(0B) LOS objects, 23% free, 52MB/68MB, paused 302us total 14.228ms
08-04 21:08:57.721  6975  6988 I art     : Starting a blocking GC Explicit
08-04 21:08:57.732  8557  8557 D AndroidRuntime: >>>>>> START com.android.internal.os.RuntimeInit uid 2000 <<<<<<
08-04 21:08:57.737  8557  8557 D AndroidRuntime: CheckJNI is OFF
08-04 21:08:57.738  6975  6988 I art     : Explicit concurrent mark sweep GC freed 1340(78KB) AllocSpace objects, 1(20KB) LOS objects, 23% free, 52MB/68MB, paused 355us total 16.785ms
08-04 21:08:57.745  6975  6988 I art     : Starting a blocking GC Explicit
08-04 21:08:57.760  6975  6988 I art     : Explicit concurrent mark sweep GC freed 20(704B) AllocSpace objects, 0(0B) LOS objects, 23% free, 52MB/68MB, paused 316us total 14.878ms
08-04 21:08:57.765  8557  8557 D ICU     : No timezone override file found: /data/misc/zoneinfo/current/icu/icu_tzdata.dat
08-04 21:08:57.767  6975  6988 I art     : Starting a blocking GC Explicit
08-04 21:08:57.782  6975  6988 I art     : Explicit concurrent mark sweep GC freed 3(96B) AllocSpace objects, 0(0B) LOS objects, 23% free, 52MB/68MB, paused 306us total 15.445ms
08-04 21:08:57.788  6975  6988 I art     : Starting a blocking GC Explicit
08-04 21:08:57.791  8557  8557 I Radio-JNI: register_android_hardware_Radio DONE
08-04 21:08:57.803  6975  6988 I art     : Explicit concurrent mark sweep GC freed 3(96B) AllocSpace objects, 0(0B) LOS objects, 23% free, 52MB/68MB, paused 294us total 14.775ms
08-04 21:08:57.808  8557  8557 D AndroidRuntime: Calling main entry com.android.commands.input.Input
08-04 21:08:57.810  8557  8557 I Input   : injectKeyEvent: KeyEvent { action=ACTION_DOWN, keyCode=KEYCODE_BACK, scanCode=0, metaState=0, flags=0x0, repeatCount=0, eventTime=738554223, downTime=738554223, deviceId=-1, source=0x101 }
08-04 21:08:57.810  6975  6988 I art     : Starting a blocking GC Explicit
08-04 21:08:57.816  8557  8557 I Input   : injectKeyEvent: KeyEvent { action=ACTION_UP, keyCode=KEYCODE_BACK, scanCode=0, metaState=0, flags=0x0, repeatCount=0, eventTime=738554223, downTime=738554223, deviceId=-1, source=0x101 }
08-04 21:08:57.822  8557  8557 D AndroidRuntime: Shutting down VM
08-04 21:08:57.824  6975  6988 I art     : Explicit concurrent mark sweep GC freed 25(864B) AllocSpace objects, 0(0B) LOS objects, 23% free, 52MB/68MB, paused 330us total 14.454ms
08-04 21:08:57.854 13866 13866 I GoogleInputMethodServic: GoogleInputMethodService.onFinishInput():3138 
08-04 21:08:57.854 13866 13866 I GoogleInputMethodServic: GoogleInputMethodService.onStartInput():1808 
08-04 21:08:58.008  6975  8585 W OneSignal: OneSignalRestClient: POST Error thrown from network stack. 
08-04 21:08:58.008  6975  8585 W OneSignal: java.io.IOException: unexpected end of stream on Connection{api.onesignal.com:443, proxy=HTTP@192.168.2.12:8080 hostAddress=192.168.2.12 cipherSuite=TLS_ECDHE_RSA_WITH_AES_128_GCM_SHA256 protocol=http/1.1} (recycle count=0)
08-04 21:08:58.008  6975  8585 W OneSignal: 	at com.android.okhttp.internal.http.HttpConnection.readResponse(HttpConnection.java:210)
08-04 21:08:58.008  6975  8585 W OneSignal: 	at com.android.okhttp.internal.http.HttpTransport.readResponseHeaders(HttpTransport.java:80)
08-04 21:08:58.008  6975  8585 W OneSignal: 	at com.android.okhttp.internal.http.HttpEngine.readNetworkResponse(HttpEngine.java:904)
08-04 21:08:58.008  6975  8585 W OneSignal: 	at com.android.okhttp.internal.http.HttpEngine.readResponse(HttpEngine.java:788)
08-04 21:08:58.008  6975  8585 W OneSignal: 	at com.android.okhttp.internal.huc.HttpURLConnectionImpl.execute(HttpURLConnectionImpl.java:439)
08-04 21:08:58.008  6975  8585 W OneSignal: 	at com.android.okhttp.internal.huc.HttpURLConnectionImpl.getResponse(HttpURLConnectionImpl.java:384)
08-04 21:08:58.008  6975  8585 W OneSignal: 	at com.android.okhttp.internal.huc.HttpURLConnectionImpl.getResponseCode(HttpURLConnectionImpl.java:497)
08-04 21:08:58.008  6975  8585 W OneSignal: 	at com.android.okhttp.internal.huc.DelegatingHttpsURLConnection.getResponseCode(DelegatingHttpsURLConnection.java:105)
08-04 21:08:58.008  6975  8585 W OneSignal: 	at com.android.okhttp.internal.huc.HttpsURLConnectionImpl.getResponseCode(HttpsURLConnectionImpl.java)
08-04 21:08:58.008  6975  8585 W OneSignal: 	at com.onesignal.OneSignalRestClient.startHTTPConnection(OneSignalRestClient.java:180)
08-04 21:08:58.008  6975  8585 W OneSignal: 	at com.onesignal.OneSignalRestClient.access$100(OneSignalRestClient.java:44)
08-04 21:08:58.008  6975  8585 W OneSignal: 	at com.onesignal.OneSignalRestClient$4.run(OneSignalRestClient.java:110)
08-04 21:08:58.008  6975  8585 W OneSignal: 	at java.lang.Thread.run(Thread.java:818)
08-04 21:08:58.008  6975  8585 W OneSignal: Caused by: java.io.EOFException: \n not found: size=0 content=...
08-04 21:08:58.008  6975  8585 W OneSignal: 	at com.android.okhttp.okio.RealBufferedSource.readUtf8LineStrict(RealBufferedSource.java:200)
08-04 21:08:58.008  6975  8585 W OneSignal: 	at com.android.okhttp.internal.http.HttpConnection.readResponse(HttpConnection.java:191)
08-04 21:08:58.008  6975  8585 W OneSignal: 	... 12 more
08-04 21:08:58.010  6975  8602 W OneSignal: Failed last request. statusCode: -1
08-04 21:08:58.010  6975  8602 W OneSignal: response: null
08-04 21:08:58.065  6975  7004 I art     : Starting a blocking GC Explicit
08-04 21:08:58.086  6975  7004 I art     : Explicit concurrent mark sweep GC freed 4065(249KB) AllocSpace objects, 1(20KB) LOS objects, 23% free, 52MB/68MB, paused 303us total 21.328ms
08-04 21:08:58.097  6975  7004 I art     : Starting a blocking GC Explicit
08-04 21:08:58.117  6975  7004 I art     : Explicit concurrent mark sweep GC freed 100(3KB) AllocSpace objects, 0(0B) LOS objects, 23% free, 52MB/68MB, paused 315us total 19.410ms
08-04 21:08:58.128  6975  7004 I art     : Starting a blocking GC Explicit
08-04 21:08:58.148  6975  7004 I art     : Explicit concurrent mark sweep GC freed 3(96B) AllocSpace objects, 0(0B) LOS objects, 23% free, 52MB/68MB, paused 309us total 19.802ms
08-04 21:08:58.156  6975  7004 I art     : Starting a blocking GC Explicit
08-04 21:08:58.172  6975  7004 I art     : Explicit concurrent mark sweep GC freed 525(26KB) AllocSpace objects, 0(0B) LOS objects, 23% free, 52MB/68MB, paused 351us total 16.141ms
08-04 21:08:58.180  6975  7004 I art     : Starting a blocking GC Explicit
08-04 21:08:58.195  6975  7004 I art     : Explicit concurrent mark sweep GC freed 545(25KB) AllocSpace objects, 0(0B) LOS objects, 23% free, 52MB/68MB, paused 350us total 14.190ms
08-04 21:08:58.489  6975  7372 I art     : Starting a blocking GC Explicit
08-04 21:08:58.512  6975  7372 I art     : Explicit concurrent mark sweep GC freed 3420(205KB) AllocSpace objects, 3(160KB) LOS objects, 23% free, 51MB/67MB, paused 377us total 22.754ms
08-04 21:08:58.523  6975  7372 I art     : Starting a blocking GC Explicit
08-04 21:08:58.539  6975  7372 I art     : Explicit concurrent mark sweep GC freed 20(704B) AllocSpace objects, 0(0B) LOS objects, 23% free, 51MB/67MB, paused 307us total 15.915ms
08-04 21:08:58.546  6975  7372 I art     : Starting a blocking GC Explicit
08-04 21:08:58.561  6975  7372 I art     : Explicit concurrent mark sweep GC freed 3(96B) AllocSpace objects, 0(0B) LOS objects, 23% free, 51MB/67MB, paused 299us total 15.488ms
08-04 21:08:58.568  6975  7372 I art     : Starting a blocking GC Explicit
08-04 21:08:58.584  6975  7372 I art     : Explicit concurrent mark sweep GC freed 3(96B) AllocSpace objects, 0(0B) LOS objects, 23% free, 51MB/67MB, paused 303us total 15.133ms
08-04 21:08:58.590  6975  7372 I art     : Starting a blocking GC Explicit
08-04 21:08:58.606  6975  7372 I art     : Explicit concurrent mark sweep GC freed 3(96B) AllocSpace objects, 0(0B) LOS objects, 23% free, 51MB/67MB, paused 293us total 15.153ms
08-04 21:08:58.885  6975  6987 I art     : Starting a blocking GC Explicit
08-04 21:08:58.907  6975  6987 I art     : Explicit concurrent mark sweep GC freed 1338(78KB) AllocSpace objects, 1(20KB) LOS objects, 23% free, 51MB/67MB, paused 351us total 21.336ms
08-04 21:08:58.920  6975  6987 I art     : Starting a blocking GC Explicit
08-04 21:08:58.940  6975  6987 I art     : Explicit concurrent mark sweep GC freed 20(704B) AllocSpace objects, 0(0B) LOS objects, 23% free, 51MB/67MB, paused 323us total 19.432ms
08-04 21:08:58.949  6975  6987 I art     : Starting a blocking GC Explicit
08-04 21:08:58.964  6975  6987 I art     : Explicit concurrent mark sweep GC freed 3(96B) AllocSpace objects, 0(0B) LOS objects, 23% free, 51MB/67MB, paused 305us total 15.302ms
08-04 21:08:58.971  6975  6987 I art     : Starting a blocking GC Explicit
08-04 21:08:58.987  6975  6987 I art     : Explicit concurrent mark sweep GC freed 3(96B) AllocSpace objects, 0(0B) LOS objects, 23% free, 51MB/67MB, paused 367us total 15.423ms
08-04 21:08:58.993  6975  6987 I art     : Starting a blocking GC Explicit
08-04 21:08:59.009  6975  6987 I art     : Explicit concurrent mark sweep GC freed 3(96B) AllocSpace objects, 0(0B) LOS objects, 23% free, 51MB/67MB, paused 291us total 15.138ms
08-04 21:08:59.253  6975  6988 I art     : Starting a blocking GC Explicit
08-04 21:08:59.269  6975  6988 I art     : Explicit concurrent mark sweep GC freed 1338(78KB) AllocSpace objects, 1(20KB) LOS objects, 23% free, 51MB/67MB, paused 312us total 15.564ms
08-04 21:08:59.276  6975  6988 I art     : Starting a blocking GC Explicit
08-04 21:08:59.291  6975  6988 I art     : Explicit concurrent mark sweep GC freed 20(704B) AllocSpace objects, 0(0B) LOS objects, 23% free, 51MB/67MB, paused 310us total 15.165ms
08-04 21:08:59.299  6975  6988 I art     : Starting a blocking GC Explicit
08-04 21:08:59.313  6975  6988 I art     : Explicit concurrent mark sweep GC freed 3(96B) AllocSpace objects, 0(0B) LOS objects, 23% free, 51MB/67MB, paused 297us total 13.778ms
08-04 21:08:59.319  6975  6988 I art     : Starting a blocking GC Explicit
08-04 21:08:59.333  6975  6988 I art     : Explicit concurrent mark sweep GC freed 3(96B) AllocSpace objects, 0(0B) LOS objects, 23% free, 51MB/67MB, paused 301us total 13.825ms
08-04 21:08:59.339  6975  6988 I art     : Starting a blocking GC Explicit
08-04 21:08:59.353  6975  6988 I art     : Explicit concurrent mark sweep GC freed 3(96B) AllocSpace objects, 0(0B) LOS objects, 23% free, 51MB/67MB, paused 323us total 13.996ms
08-04 21:08:59.367  8625  8625 D AndroidRuntime: >>>>>> START com.android.internal.os.RuntimeInit uid 2000 <<<<<<
08-04 21:08:59.371  8625  8625 D AndroidRuntime: CheckJNI is OFF
08-04 21:08:59.396  8625  8625 D ICU     : No timezone override file found: /data/misc/zoneinfo/current/icu/icu_tzdata.dat
08-04 21:08:59.422  8625  8625 I Radio-JNI: register_android_hardware_Radio DONE
08-04 21:08:59.438  8625  8625 D AndroidRuntime: Calling main entry com.android.commands.input.Input
08-04 21:08:59.440  8625  8625 I Input   : injectMotionEvent: MotionEvent { action=ACTION_DOWN, actionButton=0, id[0]=0, x[0]=337.0, y[0]=1104.0, toolType[0]=TOOL_TYPE_UNKNOWN, buttonState=0, metaState=0, flags=0x0, edgeFlags=0x0, pointerCount=1, historySize=0, eventTime=738555852, downTime=738555852, deviceId=0, source=0x1002 }
08-04 21:08:59.444  8625  8625 I Input   : injectMotionEvent: MotionEvent { action=ACTION_UP, actionButton=0, id[0]=0, x[0]=337.0, y[0]=1104.0, toolType[0]=TOOL_TYPE_UNKNOWN, buttonState=0, metaState=0, flags=0x0, edgeFlags=0x0, pointerCount=1, historySize=0, eventTime=738555852, downTime=738555852, deviceId=0, source=0x1002 }
08-04 21:08:59.445   918  4413 I ActivityManager: START u0 {cmp=baseline.appteam.nith.hillffair/.activities.BattleDayActivity} from uid 10651 on display 0
08-04 21:08:59.451  8625  8625 D AndroidRuntime: Shutting down VM
08-04 21:08:59.525 13866 13866 I GoogleInputMethodServic: GoogleInputMethodService.onFinishInput():3138 
08-04 21:08:59.527 13866 13866 I GoogleInputMethodServic: GoogleInputMethodService.onStartInput():1808 
08-04 21:08:59.550   918   936 I ActivityManager: Displayed baseline.appteam.nith.hillffair/.activities.BattleDayActivity: +98ms
08-04 21:08:59.582  6975  6987 I art     : Starting a blocking GC Explicit
08-04 21:08:59.599  6975  6987 I art     : Explicit concurrent mark sweep GC freed 6361(383KB) AllocSpace objects, 1(20KB) LOS objects, 23% free, 52MB/68MB, paused 386us total 16.551ms
08-04 21:08:59.605  6975  6987 I art     : Starting a blocking GC Explicit
08-04 21:08:59.619  6975  6987 I art     : Explicit concurrent mark sweep GC freed 258(11KB) AllocSpace objects, 0(0B) LOS objects, 23% free, 52MB/68MB, paused 310us total 13.894ms
08-04 21:08:59.625  6975  6987 I art     : Starting a blocking GC Explicit
08-04 21:08:59.640  6975  6987 I art     : Explicit concurrent mark sweep GC freed 3(96B) AllocSpace objects, 0(0B) LOS objects, 23% free, 52MB/68MB, paused 345us total 14.790ms
08-04 21:08:59.647  6975  6987 I art     : Starting a blocking GC Explicit
08-04 21:08:59.662  6975  6987 I art     : Explicit concurrent mark sweep GC freed 3(96B) AllocSpace objects, 0(0B) LOS objects, 23% free, 52MB/68MB, paused 341us total 15.083ms
08-04 21:08:59.670  6975  6987 I art     : Starting a blocking GC Explicit
08-04 21:08:59.685  6975  6987 I art     : Explicit concurrent mark sweep GC freed 3(96B) AllocSpace objects, 0(0B) LOS objects, 23% free, 52MB/68MB, paused 337us total 15.418ms
08-04 21:08:59.786   380   380 W SurfaceFlinger: couldn't log to binary event log: overflow.
08-04 21:08:59.935  6975  6988 I art     : Starting a blocking GC Explicit
08-04 21:08:59.955  6975  6988 I art     : Explicit concurrent mark sweep GC freed 1420(83KB) AllocSpace objects, 1(20KB) LOS objects, 23% free, 52MB/68MB, paused 326us total 19.822ms
08-04 21:08:59.962  6975  6988 I art     : Starting a blocking GC Explicit
08-04 21:08:59.978  6975  6988 I art     : Explicit concurrent mark sweep GC freed 29(1024B) AllocSpace objects, 0(0B) LOS objects, 23% free, 52MB/68MB, paused 311us total 15.423ms
08-04 21:08:59.984  6975  6988 I art     : Starting a blocking GC Explicit
08-04 21:08:59.999  6975  6988 I art     : Explicit concurrent mark sweep GC freed 8(288B) AllocSpace objects, 0(0B) LOS objects, 23% free, 52MB/68MB, paused 380us total 14.887ms
08-04 21:09:00.005  6975  6988 I art     : Starting a blocking GC Explicit
08-04 21:09:00.019  6975  6988 I art     : Explicit concurrent mark sweep GC freed 8(288B) AllocSpace objects, 0(0B) LOS objects, 23% free, 52MB/68MB, paused 331us total 13.905ms
08-04 21:09:00.026  6975  6988 I art     : Starting a blocking GC Explicit
08-04 21:09:00.039  6975  6988 I art     : Explicit concurrent mark sweep GC freed 11(416B) AllocSpace objects, 0(0B) LOS objects, 23% free, 52MB/68MB, paused 310us total 13.041ms
08-04 21:09:00.282  6975  8656 D OkHttp  : --> GET https://api-hillfair-2k16.herokuapp.com/api/app/events/special http/1.1
08-04 21:09:00.311  6975  8656 D OkHttp  : <-- 200 OK https://api-hillfair-2k16.herokuapp.com/api/app/events/special (29ms, 554-byte body)
08-04 21:09:00.312  6975  7004 I art     : Starting a blocking GC Explicit
08-04 21:09:00.337  6975  7004 I art     : Explicit concurrent mark sweep GC freed 4119(244KB) AllocSpace objects, 4(220KB) LOS objects, 23% free, 52MB/68MB, paused 433us total 24.522ms
08-04 21:09:00.345  6975  7004 I art     : Starting a blocking GC Explicit
08-04 21:09:00.362  6975  7004 I art     : Explicit concurrent mark sweep GC freed 1098(122KB) AllocSpace objects, 0(0B) LOS objects, 23% free, 52MB/68MB, paused 402us total 16.284ms
08-04 21:09:00.369  6975  7004 I art     : Starting a blocking GC Explicit
08-04 21:09:00.371  6975  6975 I NAPPA_EXPERIMENTATION: MetricNetworkRequestExecutionTime: REQUEST_DURATION_SYSTEM='895',REQUEST_DURATION_OKHTTP='29',REQUEST_SYNCHRONOUS='FALSE',RESPONSE_CODE='200',RESPONSE_METHOD='GET',RESPONSE_LENGTH_OKHTTP='554',RESPONSE_LENGTH_HEADER='554',REQUEST_PROTOCOL='http/1.1',REQUEST_URL='https://api-hillfair-2k16.herokuapp.com/api/app/events/special',
08-04 21:09:00.383  6975  7004 I art     : Explicit concurrent mark sweep GC freed 436(52KB) AllocSpace objects, 0(0B) LOS objects, 23% free, 52MB/68MB, paused 304us total 14.746ms
08-04 21:09:00.389  6975  7004 I art     : Starting a blocking GC Explicit
08-04 21:09:00.404  6975  7004 I art     : Explicit concurrent mark sweep GC freed 227(8KB) AllocSpace objects, 0(0B) LOS objects, 23% free, 52MB/68MB, paused 448us total 13.865ms
08-04 21:09:00.409  6975  7004 I art     : Starting a blocking GC Explicit
08-04 21:09:00.424  6975  7004 I art     : Explicit concurrent mark sweep GC freed 205(7KB) AllocSpace objects, 0(0B) LOS objects, 23% free, 52MB/68MB, paused 297us total 14.269ms
08-04 21:09:00.705  6975  6988 I art     : Starting a blocking GC Explicit
08-04 21:09:00.723  6975  6988 I art     : Explicit concurrent mark sweep GC freed 1348(78KB) AllocSpace objects, 1(20KB) LOS objects, 23% free, 52MB/68MB, paused 348us total 18.261ms
08-04 21:09:00.730  6975  6988 I art     : Starting a blocking GC Explicit
08-04 21:09:00.747  6975  6988 I art     : Explicit concurrent mark sweep GC freed 20(704B) AllocSpace objects, 0(0B) LOS objects, 23% free, 52MB/68MB, paused 401us total 16.247ms
08-04 21:09:00.754  6975  6988 I art     : Starting a blocking GC Explicit
08-04 21:09:00.770  6975  6988 I art     : Explicit concurrent mark sweep GC freed 3(96B) AllocSpace objects, 0(0B) LOS objects, 23% free, 52MB/68MB, paused 316us total 16.233ms
08-04 21:09:00.777  6975  6988 I art     : Starting a blocking GC Explicit
08-04 21:09:00.793  6975  6988 I art     : Explicit concurrent mark sweep GC freed 3(96B) AllocSpace objects, 0(0B) LOS objects, 23% free, 52MB/68MB, paused 326us total 16.064ms
08-04 21:09:00.800  6975  6988 I art     : Starting a blocking GC Explicit
08-04 21:09:00.817  6975  6988 I art     : Explicit concurrent mark sweep GC freed 3(96B) AllocSpace objects, 0(0B) LOS objects, 23% free, 52MB/68MB, paused 387us total 16.488ms
08-04 21:09:01.038  4694  4694 I ServiceManager: Waiting for service AtCmdFwd...
08-04 21:09:01.118  6975  6987 I art     : Starting a blocking GC Explicit
08-04 21:09:01.141  6975  6987 I art     : Explicit concurrent mark sweep GC freed 1340(78KB) AllocSpace objects, 1(20KB) LOS objects, 23% free, 52MB/68MB, paused 371us total 22.804ms
08-04 21:09:01.149  6975  6987 I art     : Starting a blocking GC Explicit
08-04 21:09:01.166  6975  6987 I art     : Explicit concurrent mark sweep GC freed 20(704B) AllocSpace objects, 0(0B) LOS objects, 23% free, 52MB/68MB, paused 317us total 16.650ms
08-04 21:09:01.174  6975  6987 I art     : Starting a blocking GC Explicit
08-04 21:09:01.190  6975  6987 I art     : Explicit concurrent mark sweep GC freed 3(96B) AllocSpace objects, 0(0B) LOS objects, 23% free, 52MB/68MB, paused 282us total 15.674ms
08-04 21:09:01.196  6975  6987 I art     : Starting a blocking GC Explicit
08-04 21:09:01.212  6975  6987 I art     : Explicit concurrent mark sweep GC freed 3(96B) AllocSpace objects, 0(0B) LOS objects, 23% free, 52MB/68MB, paused 315us total 15.772ms
08-04 21:09:01.219  6975  6987 I art     : Starting a blocking GC Explicit
08-04 21:09:01.235  6975  6987 I art     : Explicit concurrent mark sweep GC freed 3(96B) AllocSpace objects, 0(0B) LOS objects, 23% free, 52MB/68MB, paused 314us total 15.824ms
08-04 21:09:01.558  6975  7004 I art     : Starting a blocking GC Explicit
08-04 21:09:01.580  6975  7004 I art     : Explicit concurrent mark sweep GC freed 1340(78KB) AllocSpace objects, 1(20KB) LOS objects, 23% free, 52MB/68MB, paused 384us total 21.323ms
08-04 21:09:01.590  6975  7004 I art     : Starting a blocking GC Explicit
08-04 21:09:01.607  6975  7004 I art     : Explicit concurrent mark sweep GC freed 20(704B) AllocSpace objects, 0(0B) LOS objects, 23% free, 52MB/68MB, paused 446us total 16.430ms
08-04 21:09:01.614  6975  7004 I art     : Starting a blocking GC Explicit
08-04 21:09:01.631  6975  7004 I art     : Explicit concurrent mark sweep GC freed 3(96B) AllocSpace objects, 0(0B) LOS objects, 23% free, 52MB/68MB, paused 324us total 16.639ms
08-04 21:09:01.638  6975  7004 I art     : Starting a blocking GC Explicit
08-04 21:09:01.654  6975  7004 I art     : Explicit concurrent mark sweep GC freed 3(96B) AllocSpace objects, 0(0B) LOS objects, 23% free, 52MB/68MB, paused 324us total 16.180ms
08-04 21:09:01.661  6975  7004 I art     : Starting a blocking GC Explicit
08-04 21:09:01.677  6975  7004 I art     : Explicit concurrent mark sweep GC freed 3(96B) AllocSpace objects, 0(0B) LOS objects, 23% free, 52MB/68MB, paused 312us total 16.038ms
08-04 21:09:01.973  6975  7372 I art     : Starting a blocking GC Explicit
08-04 21:09:01.999  6975  7372 I art     : Explicit concurrent mark sweep GC freed 1340(78KB) AllocSpace objects, 1(20KB) LOS objects, 23% free, 52MB/68MB, paused 416us total 25.618ms
08-04 21:09:02.011  6975  7372 I art     : Starting a blocking GC Explicit
08-04 21:09:02.027  6975  7372 I art     : Explicit concurrent mark sweep GC freed 20(704B) AllocSpace objects, 0(0B) LOS objects, 23% free, 52MB/68MB, paused 348us total 15.615ms
08-04 21:09:02.033  6975  7372 I art     : Starting a blocking GC Explicit
08-04 21:09:02.039  4694  4694 I ServiceManager: Waiting for service AtCmdFwd...
08-04 21:09:02.049  6975  7372 I art     : Explicit concurrent mark sweep GC freed 3(96B) AllocSpace objects, 0(0B) LOS objects, 23% free, 52MB/68MB, paused 313us total 15.290ms
08-04 21:09:02.055  6975  7372 I art     : Starting a blocking GC Explicit
08-04 21:09:02.071  6975  7372 I art     : Explicit concurrent mark sweep GC freed 3(96B) AllocSpace objects, 0(0B) LOS objects, 23% free, 52MB/68MB, paused 312us total 15.894ms
08-04 21:09:02.078  6975  7372 I art     : Starting a blocking GC Explicit
08-04 21:09:02.094  6975  7372 I art     : Explicit concurrent mark sweep GC freed 3(96B) AllocSpace objects, 0(0B) LOS objects, 23% free, 52MB/68MB, paused 316us total 15.762ms
08-04 21:09:02.421  6975  6988 I art     : Starting a blocking GC Explicit
08-04 21:09:02.447  6975  6988 I art     : Explicit concurrent mark sweep GC freed 1340(78KB) AllocSpace objects, 1(20KB) LOS objects, 23% free, 52MB/68MB, paused 378us total 25.641ms
08-04 21:09:02.457  6975  6988 I art     : Starting a blocking GC Explicit
08-04 21:09:02.474  6975  6988 I art     : Explicit concurrent mark sweep GC freed 20(704B) AllocSpace objects, 0(0B) LOS objects, 23% free, 52MB/68MB, paused 333us total 16.577ms
08-04 21:09:02.481  6975  6988 I art     : Starting a blocking GC Explicit
08-04 21:09:02.498  6975  6988 I art     : Explicit concurrent mark sweep GC freed 3(96B) AllocSpace objects, 0(0B) LOS objects, 23% free, 52MB/68MB, paused 316us total 16.555ms
08-04 21:09:02.504  6975  6988 I art     : Starting a blocking GC Explicit
08-04 21:09:02.521  6975  6988 I art     : Explicit concurrent mark sweep GC freed 3(96B) AllocSpace objects, 0(0B) LOS objects, 23% free, 52MB/68MB, paused 326us total 16.331ms
08-04 21:09:02.528  6975  6988 I art     : Starting a blocking GC Explicit
08-04 21:09:02.544  6975  6988 I art     : Explicit concurrent mark sweep GC freed 3(96B) AllocSpace objects, 0(0B) LOS objects, 23% free, 52MB/68MB, paused 316us total 16.335ms
08-04 21:09:02.889  6975  6987 I art     : Starting a blocking GC Explicit
08-04 21:09:02.921  6975  6987 I art     : Explicit concurrent mark sweep GC freed 1340(78KB) AllocSpace objects, 1(20KB) LOS objects, 23% free, 52MB/68MB, paused 451us total 31.987ms
08-04 21:09:02.931  6975  6987 I art     : Starting a blocking GC Explicit
08-04 21:09:02.947  6975  6987 I art     : Explicit concurrent mark sweep GC freed 20(704B) AllocSpace objects, 0(0B) LOS objects, 23% free, 52MB/68MB, paused 341us total 16.293ms
08-04 21:09:02.954  6975  6987 I art     : Starting a blocking GC Explicit
08-04 21:09:02.970  6975  6987 I art     : Explicit concurrent mark sweep GC freed 3(96B) AllocSpace objects, 0(0B) LOS objects, 23% free, 52MB/68MB, paused 307us total 16.291ms
08-04 21:09:02.977  6975  6987 I art     : Starting a blocking GC Explicit
08-04 21:09:02.993  6975  6987 I art     : Explicit concurrent mark sweep GC freed 3(96B) AllocSpace objects, 0(0B) LOS objects, 23% free, 52MB/68MB, paused 308us total 15.765ms
08-04 21:09:03.000  6975  6987 I art     : Starting a blocking GC Explicit
08-04 21:09:03.015  6975  6987 I art     : Explicit concurrent mark sweep GC freed 3(96B) AllocSpace objects, 0(0B) LOS objects, 23% free, 52MB/68MB, paused 312us total 15.574ms
08-04 21:09:03.040  4694  4694 I ServiceManager: Waiting for service AtCmdFwd...
08-04 21:09:03.357  6975  7004 I art     : Starting a blocking GC Explicit
08-04 21:09:03.380  6975  7004 I art     : Explicit concurrent mark sweep GC freed 1340(78KB) AllocSpace objects, 1(20KB) LOS objects, 23% free, 52MB/68MB, paused 375us total 23.342ms
08-04 21:09:03.391  6975  7004 I art     : Starting a blocking GC Explicit
08-04 21:09:03.408  6975  7004 I art     : Explicit concurrent mark sweep GC freed 20(704B) AllocSpace objects, 0(0B) LOS objects, 23% free, 52MB/68MB, paused 316us total 16.751ms
08-04 21:09:03.415  6975  7004 I art     : Starting a blocking GC Explicit
08-04 21:09:03.431  6975  7004 I art     : Explicit concurrent mark sweep GC freed 3(96B) AllocSpace objects, 0(0B) LOS objects, 23% free, 52MB/68MB, paused 317us total 15.789ms
08-04 21:09:03.437  6975  7004 I art     : Starting a blocking GC Explicit
08-04 21:09:03.453  6975  7004 I art     : Explicit concurrent mark sweep GC freed 3(96B) AllocSpace objects, 0(0B) LOS objects, 23% free, 52MB/68MB, paused 311us total 15.678ms
08-04 21:09:03.460  6975  7004 I art     : Starting a blocking GC Explicit
08-04 21:09:03.476  6975  7004 I art     : Explicit concurrent mark sweep GC freed 3(96B) AllocSpace objects, 0(0B) LOS objects, 23% free, 52MB/68MB, paused 322us total 15.719ms
08-04 21:09:03.785  6975  7372 I art     : Starting a blocking GC Explicit
08-04 21:09:03.802  6975  7372 I art     : Explicit concurrent mark sweep GC freed 1340(78KB) AllocSpace objects, 1(20KB) LOS objects, 23% free, 52MB/68MB, paused 367us total 17.460ms
08-04 21:09:03.809  6975  7372 I art     : Starting a blocking GC Explicit
08-04 21:09:03.825  6975  7372 I art     : Explicit concurrent mark sweep GC freed 20(704B) AllocSpace objects, 0(0B) LOS objects, 23% free, 52MB/68MB, paused 327us total 15.815ms
08-04 21:09:03.832  6975  7372 I art     : Starting a blocking GC Explicit
08-04 21:09:03.847  6975  7372 I art     : Explicit concurrent mark sweep GC freed 3(96B) AllocSpace objects, 0(0B) LOS objects, 23% free, 52MB/68MB, paused 309us total 14.943ms
08-04 21:09:03.853  6975  7372 I art     : Starting a blocking GC Explicit
08-04 21:09:03.867  6975  7372 I art     : Explicit concurrent mark sweep GC freed 3(96B) AllocSpace objects, 0(0B) LOS objects, 23% free, 52MB/68MB, paused 304us total 13.831ms
08-04 21:09:03.873  6975  7372 I art     : Starting a blocking GC Explicit
08-04 21:09:03.888  6975  7372 I art     : Explicit concurrent mark sweep GC freed 3(96B) AllocSpace objects, 0(0B) LOS objects, 23% free, 52MB/68MB, paused 304us total 14.060ms
08-04 21:09:04.041  4694  4694 I ServiceManager: Waiting for service AtCmdFwd...
08-04 21:09:04.043  8763  8763 D AndroidRuntime: >>>>>> START com.android.internal.os.RuntimeInit uid 2000 <<<<<<
08-04 21:09:04.048  8763  8763 D AndroidRuntime: CheckJNI is OFF
08-04 21:09:04.074  8763  8763 D ICU     : No timezone override file found: /data/misc/zoneinfo/current/icu/icu_tzdata.dat
08-04 21:09:04.099  8763  8763 I Radio-JNI: register_android_hardware_Radio DONE
08-04 21:09:04.115  8763  8763 D AndroidRuntime: Calling main entry com.android.commands.input.Input
08-04 21:09:04.117  8763  8763 I Input   : injectMotionEvent: MotionEvent { action=ACTION_DOWN, actionButton=0, id[0]=0, x[0]=733.0, y[0]=645.0, toolType[0]=TOOL_TYPE_UNKNOWN, buttonState=0, metaState=0, flags=0x0, edgeFlags=0x0, pointerCount=1, historySize=0, eventTime=738560530, downTime=738560530, deviceId=0, source=0x1002 }
08-04 21:09:04.122  8763  8763 I Input   : injectMotionEvent: MotionEvent { action=ACTION_UP, actionButton=0, id[0]=0, x[0]=733.0, y[0]=645.0, toolType[0]=TOOL_TYPE_UNKNOWN, buttonState=0, metaState=0, flags=0x0, edgeFlags=0x0, pointerCount=1, historySize=0, eventTime=738560530, downTime=738560530, deviceId=0, source=0x1002 }
08-04 21:09:04.123   918  6029 I ActivityManager: START u0 {cmp=baseline.appteam.nith.hillffair/.activities.ClubActivity (has extras)} from uid 10651 on display 0
08-04 21:09:04.129  8763  8763 D AndroidRuntime: Shutting down VM
08-04 21:09:04.164  6975  6988 I art     : Starting a blocking GC Explicit
08-04 21:09:04.182  6975  6988 I art     : Explicit concurrent mark sweep GC freed 5050(320KB) AllocSpace objects, 1(20KB) LOS objects, 23% free, 52MB/68MB, paused 387us total 17.785ms
08-04 21:09:04.188  6975  6988 I art     : Starting a blocking GC Explicit
08-04 21:09:04.204  6975  6988 I art     : Explicit concurrent mark sweep GC freed 338(14KB) AllocSpace objects, 0(0B) LOS objects, 23% free, 52MB/68MB, paused 386us total 15.713ms
08-04 21:09:04.211  6975  6988 I art     : Starting a blocking GC Explicit
08-04 21:09:04.212   918   936 I ActivityManager: Displayed baseline.appteam.nith.hillffair/.activities.ClubActivity: +82ms
08-04 21:09:04.213 13866 13866 I GoogleInputMethodServic: GoogleInputMethodService.onFinishInput():3138 
08-04 21:09:04.214 13866 13866 I GoogleInputMethodServic: GoogleInputMethodService.onStartInput():1808 
08-04 21:09:04.229  6975  6988 I art     : Explicit concurrent mark sweep GC freed 46(1840B) AllocSpace objects, 0(0B) LOS objects, 23% free, 52MB/68MB, paused 384us total 16.854ms
08-04 21:09:04.237  6975  6988 I art     : Starting a blocking GC Explicit
08-04 21:09:04.253  6975  6988 I art     : Explicit concurrent mark sweep GC freed 83(5KB) AllocSpace objects, 0(0B) LOS objects, 23% free, 52MB/68MB, paused 336us total 15.041ms
08-04 21:09:04.259  6975  6988 I art     : Starting a blocking GC Explicit
08-04 21:09:04.274  6975  6988 I art     : Explicit concurrent mark sweep GC freed 9(464B) AllocSpace objects, 0(0B) LOS objects, 23% free, 52MB/68MB, paused 403us total 14.838ms
08-04 21:09:04.457   380   380 W SurfaceFlinger: couldn't log to binary event log: overflow.
08-04 21:09:04.523  6975  7372 I art     : Starting a blocking GC Explicit
08-04 21:09:04.539  6975  7372 I art     : Explicit concurrent mark sweep GC freed 1341(78KB) AllocSpace objects, 1(20KB) LOS objects, 23% free, 52MB/68MB, paused 463us total 15.134ms
08-04 21:09:04.545  6975  7372 I art     : Starting a blocking GC Explicit
08-04 21:09:04.560  6975  7372 I art     : Explicit concurrent mark sweep GC freed 20(704B) AllocSpace objects, 0(0B) LOS objects, 23% free, 52MB/68MB, paused 327us total 14.977ms
08-04 21:09:04.567  6975  7372 I art     : Starting a blocking GC Explicit
08-04 21:09:04.582  6975  7372 I art     : Explicit concurrent mark sweep GC freed 3(96B) AllocSpace objects, 0(0B) LOS objects, 23% free, 52MB/68MB, paused 334us total 15.337ms
08-04 21:09:04.589  6975  7372 I art     : Starting a blocking GC Explicit
08-04 21:09:04.607  6975  7372 I art     : Explicit concurrent mark sweep GC freed 99(5KB) AllocSpace objects, 0(0B) LOS objects, 23% free, 52MB/68MB, paused 486us total 17.966ms
08-04 21:09:04.616  6975  7372 I art     : Starting a blocking GC Explicit
08-04 21:09:04.633  6975  7372 I art     : Explicit concurrent mark sweep GC freed 12(448B) AllocSpace objects, 0(0B) LOS objects, 23% free, 52MB/68MB, paused 331us total 17.141ms
08-04 21:09:04.785  6975  8790 D OkHttp  : --> GET https://api-hillfair-2k16.herokuapp.com/api/app/events/special/event?id=5806551bdcba0f490c70fd1f http/1.1
08-04 21:09:04.811  6975  8790 D OkHttp  : <-- 200 OK https://api-hillfair-2k16.herokuapp.com/api/app/events/special/event?id=5806551bdcba0f490c70fd1f (26ms, 795-byte body)
08-04 21:09:04.876  6975  6975 I NAPPA_EXPERIMENTATION: MetricNetworkRequestExecutionTime: REQUEST_DURATION_SYSTEM='726',REQUEST_DURATION_OKHTTP='26',REQUEST_SYNCHRONOUS='FALSE',RESPONSE_CODE='200',RESPONSE_METHOD='GET',RESPONSE_LENGTH_OKHTTP='795',RESPONSE_LENGTH_HEADER='795',REQUEST_PROTOCOL='http/1.1',REQUEST_URL='https://api-hillfair-2k16.herokuapp.com/api/app/events/special/event?id=5806551bdcba0f490c70fd1f',
08-04 21:09:04.912  6975  6987 I art     : Starting a blocking GC Explicit
08-04 21:09:04.939  6975  6987 I art     : Explicit concurrent mark sweep GC freed 4782(311KB) AllocSpace objects, 4(220KB) LOS objects, 23% free, 53MB/69MB, paused 374us total 26.746ms
08-04 21:09:04.950  6975  6987 I art     : Starting a blocking GC Explicit
08-04 21:09:04.971  6975  6987 I art     : Explicit concurrent mark sweep GC freed 1046(119KB) AllocSpace objects, 0(0B) LOS objects, 23% free, 52MB/68MB, paused 338us total 20.456ms
08-04 21:09:04.978  6975  6987 I art     : Starting a blocking GC Explicit
08-04 21:09:04.994  6975  6987 I art     : Explicit concurrent mark sweep GC freed 3(96B) AllocSpace objects, 0(0B) LOS objects, 23% free, 52MB/68MB, paused 293us total 15.675ms
08-04 21:09:05.001  6975  6987 I art     : Starting a blocking GC Explicit
08-04 21:09:05.017  6975  6987 I art     : Explicit concurrent mark sweep GC freed 3(96B) AllocSpace objects, 0(0B) LOS objects, 23% free, 52MB/68MB, paused 338us total 16.143ms
08-04 21:09:05.024  6975  6987 I art     : Starting a blocking GC Explicit
08-04 21:09:05.041  6975  6987 I art     : Explicit concurrent mark sweep GC freed 3(96B) AllocSpace objects, 0(0B) LOS objects, 23% free, 52MB/68MB, paused 412us total 16.665ms
08-04 21:09:05.041  4694  4694 I ServiceManager: Waiting for service AtCmdFwd...
08-04 21:09:05.315  6975  7372 I art     : Starting a blocking GC Explicit
08-04 21:09:05.334  6975  7372 I art     : Explicit concurrent mark sweep GC freed 1341(78KB) AllocSpace objects, 1(20KB) LOS objects, 23% free, 52MB/68MB, paused 372us total 18.985ms
08-04 21:09:05.341  6975  7372 I art     : Starting a blocking GC Explicit
08-04 21:09:05.359  6975  7372 I art     : Explicit concurrent mark sweep GC freed 36(1280B) AllocSpace objects, 0(0B) LOS objects, 23% free, 52MB/68MB, paused 344us total 17.434ms
08-04 21:09:05.366  6975  7372 I art     : Starting a blocking GC Explicit
08-04 21:09:05.383  6975  7372 I art     : Explicit concurrent mark sweep GC freed 3(96B) AllocSpace objects, 0(0B) LOS objects, 23% free, 52MB/68MB, paused 330us total 17.010ms
08-04 21:09:05.390  6975  7372 I art     : Starting a blocking GC Explicit
08-04 21:09:05.408  6975  7372 I art     : Explicit concurrent mark sweep GC freed 3(96B) AllocSpace objects, 0(0B) LOS objects, 23% free, 52MB/68MB, paused 347us total 17.101ms
08-04 21:09:05.414  6975  7372 I art     : Starting a blocking GC Explicit
08-04 21:09:05.432  6975  7372 I art     : Explicit concurrent mark sweep GC freed 3(96B) AllocSpace objects, 0(0B) LOS objects, 23% free, 52MB/68MB, paused 333us total 17.002ms
08-04 21:09:05.731  6975  6988 I art     : Starting a blocking GC Explicit
08-04 21:09:05.755  6975  6988 I art     : Explicit concurrent mark sweep GC freed 1341(78KB) AllocSpace objects, 1(20KB) LOS objects, 23% free, 52MB/68MB, paused 392us total 24.019ms
08-04 21:09:05.766  6975  6988 I art     : Starting a blocking GC Explicit
08-04 21:09:05.784  6975  6988 I art     : Explicit concurrent mark sweep GC freed 20(720B) AllocSpace objects, 0(0B) LOS objects, 23% free, 52MB/68MB, paused 335us total 17.663ms
08-04 21:09:05.791  6975  6988 I art     : Starting a blocking GC Explicit
08-04 21:09:05.808  6975  6988 I art     : Explicit concurrent mark sweep GC freed 3(96B) AllocSpace objects, 0(0B) LOS objects, 23% free, 52MB/68MB, paused 324us total 17.119ms
08-04 21:09:05.815  6975  6988 I art     : Starting a blocking GC Explicit
08-04 21:09:05.833  6975  6988 I art     : Explicit concurrent mark sweep GC freed 3(96B) AllocSpace objects, 0(0B) LOS objects, 23% free, 52MB/68MB, paused 406us total 17.186ms
08-04 21:09:05.840  6975  6988 I art     : Starting a blocking GC Explicit
08-04 21:09:05.857  6975  6988 I art     : Explicit concurrent mark sweep GC freed 3(96B) AllocSpace objects, 0(0B) LOS objects, 23% free, 52MB/68MB, paused 393us total 16.731ms
08-04 21:09:06.042  4694  4694 W Atfwd_Sendcmd: AtCmdFwd service not published, waiting... retryCnt : 1
08-04 21:09:06.177  6975  6987 I art     : Starting a blocking GC Explicit
08-04 21:09:06.202  6975  6987 I art     : Explicit concurrent mark sweep GC freed 1341(78KB) AllocSpace objects, 1(20KB) LOS objects, 23% free, 52MB/68MB, paused 388us total 24.181ms
08-04 21:09:06.213  6975  6987 I art     : Starting a blocking GC Explicit
08-04 21:09:06.231  6975  6987 I art     : Explicit concurrent mark sweep GC freed 20(704B) AllocSpace objects, 0(0B) LOS objects, 23% free, 52MB/68MB, paused 336us total 17.994ms
08-04 21:09:06.238  6975  6987 I art     : Starting a blocking GC Explicit
08-04 21:09:06.255  6975  6987 I art     : Explicit concurrent mark sweep GC freed 3(96B) AllocSpace objects, 0(0B) LOS objects, 23% free, 52MB/68MB, paused 331us total 16.958ms
08-04 21:09:06.262  6975  6987 I art     : Starting a blocking GC Explicit
08-04 21:09:06.279  6975  6987 I art     : Explicit concurrent mark sweep GC freed 3(96B) AllocSpace objects, 0(0B) LOS objects, 23% free, 52MB/68MB, paused 322us total 16.964ms
08-04 21:09:06.286  6975  6987 I art     : Starting a blocking GC Explicit
08-04 21:09:06.303  6975  6987 I art     : Explicit concurrent mark sweep GC freed 3(96B) AllocSpace objects, 0(0B) LOS objects, 23% free, 52MB/68MB, paused 323us total 16.881ms
08-04 21:09:06.629  6975  7004 I art     : Starting a blocking GC Explicit
08-04 21:09:06.655  6975  7004 I art     : Explicit concurrent mark sweep GC freed 1341(78KB) AllocSpace objects, 1(20KB) LOS objects, 23% free, 52MB/68MB, paused 367us total 25.577ms
08-04 21:09:06.663  6975  7004 I art     : Starting a blocking GC Explicit
08-04 21:09:06.680  6975  7004 I art     : Explicit concurrent mark sweep GC freed 20(704B) AllocSpace objects, 0(0B) LOS objects, 23% free, 52MB/68MB, paused 338us total 17.576ms
08-04 21:09:06.687  6975  7004 I art     : Starting a blocking GC Explicit
08-04 21:09:06.704  6975  7004 I art     : Explicit concurrent mark sweep GC freed 3(96B) AllocSpace objects, 0(0B) LOS objects, 23% free, 52MB/68MB, paused 314us total 16.635ms
08-04 21:09:06.711  6975  7004 I art     : Starting a blocking GC Explicit
08-04 21:09:06.728  6975  7004 I art     : Explicit concurrent mark sweep GC freed 3(96B) AllocSpace objects, 0(0B) LOS objects, 23% free, 52MB/68MB, paused 319us total 16.527ms
08-04 21:09:06.735  6975  7004 I art     : Starting a blocking GC Explicit
08-04 21:09:06.752  6975  7004 I art     : Explicit concurrent mark sweep GC freed 3(96B) AllocSpace objects, 0(0B) LOS objects, 23% free, 52MB/68MB, paused 382us total 16.816ms
08-04 21:09:07.068  6975  7372 I art     : Starting a blocking GC Explicit
08-04 21:09:07.093  6975  7372 I art     : Explicit concurrent mark sweep GC freed 1341(78KB) AllocSpace objects, 1(20KB) LOS objects, 23% free, 52MB/68MB, paused 364us total 24.775ms
08-04 21:09:07.101  6975  7372 I art     : Starting a blocking GC Explicit
08-04 21:09:07.118  6975  7372 I art     : Explicit concurrent mark sweep GC freed 20(704B) AllocSpace objects, 0(0B) LOS objects, 23% free, 52MB/68MB, paused 345us total 17.578ms
08-04 21:09:07.125  6975  7372 I art     : Starting a blocking GC Explicit
08-04 21:09:07.142  6975  7372 I art     : Explicit concurrent mark sweep GC freed 3(96B) AllocSpace objects, 0(0B) LOS objects, 23% free, 52MB/68MB, paused 328us total 16.699ms
08-04 21:09:07.149  6975  7372 I art     : Starting a blocking GC Explicit
08-04 21:09:07.167  6975  7372 I art     : Explicit concurrent mark sweep GC freed 3(96B) AllocSpace objects, 0(0B) LOS objects, 23% free, 52MB/68MB, paused 331us total 17.155ms
08-04 21:09:07.173  6975  7372 I art     : Starting a blocking GC Explicit
08-04 21:09:07.190  6975  7372 I art     : Explicit concurrent mark sweep GC freed 3(96B) AllocSpace objects, 0(0B) LOS objects, 23% free, 52MB/68MB, paused 350us total 16.709ms
08-04 21:09:07.516  6975  6988 I art     : Starting a blocking GC Explicit
08-04 21:09:07.543  6975  6988 I art     : Explicit concurrent mark sweep GC freed 1341(78KB) AllocSpace objects, 1(20KB) LOS objects, 23% free, 52MB/68MB, paused 412us total 26.215ms
08-04 21:09:07.553  6975  6988 I art     : Starting a blocking GC Explicit
08-04 21:09:07.571  6975  6988 I art     : Explicit concurrent mark sweep GC freed 20(704B) AllocSpace objects, 0(0B) LOS objects, 23% free, 52MB/68MB, paused 334us total 17.076ms
08-04 21:09:07.578  6975  6988 I art     : Starting a blocking GC Explicit
08-04 21:09:07.595  6975  6988 I art     : Explicit concurrent mark sweep GC freed 3(96B) AllocSpace objects, 0(0B) LOS objects, 23% free, 52MB/68MB, paused 331us total 17.032ms
08-04 21:09:07.602  6975  6988 I art     : Starting a blocking GC Explicit
08-04 21:09:07.619  6975  6988 I art     : Explicit concurrent mark sweep GC freed 3(96B) AllocSpace objects, 0(0B) LOS objects, 23% free, 52MB/68MB, paused 336us total 17.225ms
08-04 21:09:07.626  6975  6988 I art     : Starting a blocking GC Explicit
08-04 21:09:07.643  6975  6988 I art     : Explicit concurrent mark sweep GC freed 3(96B) AllocSpace objects, 0(0B) LOS objects, 23% free, 52MB/68MB, paused 356us total 17.105ms
08-04 21:09:07.977  6975  6987 I art     : Starting a blocking GC Explicit
08-04 21:09:08.007  6975  6987 I art     : Explicit concurrent mark sweep GC freed 1341(78KB) AllocSpace objects, 1(20KB) LOS objects, 23% free, 52MB/68MB, paused 493us total 29.359ms
08-04 21:09:08.017  6975  6987 I art     : Starting a blocking GC Explicit
08-04 21:09:08.035  6975  6987 I art     : Explicit concurrent mark sweep GC freed 20(704B) AllocSpace objects, 0(0B) LOS objects, 23% free, 52MB/68MB, paused 327us total 17.590ms
08-04 21:09:08.042  6975  6987 I art     : Starting a blocking GC Explicit
08-04 21:09:08.059  6975  6987 I art     : Explicit concurrent mark sweep GC freed 3(96B) AllocSpace objects, 0(0B) LOS objects, 23% free, 52MB/68MB, paused 324us total 16.727ms
08-04 21:09:08.066  6975  6987 I art     : Starting a blocking GC Explicit
08-04 21:09:08.083  6975  6987 I art     : Explicit concurrent mark sweep GC freed 3(96B) AllocSpace objects, 0(0B) LOS objects, 23% free, 52MB/68MB, paused 320us total 16.496ms
08-04 21:09:08.089  6975  6987 I art     : Starting a blocking GC Explicit
08-04 21:09:08.107  6975  6987 I art     : Explicit concurrent mark sweep GC freed 3(96B) AllocSpace objects, 0(0B) LOS objects, 23% free, 52MB/68MB, paused 322us total 17.117ms
08-04 21:09:08.430  6975  7004 I art     : Starting a blocking GC Explicit
08-04 21:09:08.451  6975  7004 I art     : Explicit concurrent mark sweep GC freed 1341(78KB) AllocSpace objects, 1(20KB) LOS objects, 23% free, 52MB/68MB, paused 434us total 20.876ms
08-04 21:09:08.459  6975  7004 I art     : Starting a blocking GC Explicit
08-04 21:09:08.476  6975  7004 I art     : Explicit concurrent mark sweep GC freed 20(704B) AllocSpace objects, 0(0B) LOS objects, 23% free, 52MB/68MB, paused 403us total 16.764ms
08-04 21:09:08.483  6975  7004 I art     : Starting a blocking GC Explicit
08-04 21:09:08.499  6975  7004 I art     : Explicit concurrent mark sweep GC freed 3(96B) AllocSpace objects, 0(0B) LOS objects, 23% free, 52MB/68MB, paused 335us total 16.334ms
08-04 21:09:08.506  6975  7004 I art     : Starting a blocking GC Explicit
08-04 21:09:08.522  6975  7004 I art     : Explicit concurrent mark sweep GC freed 3(96B) AllocSpace objects, 0(0B) LOS objects, 23% free, 52MB/68MB, paused 335us total 15.774ms
08-04 21:09:08.528  6975  7004 I art     : Starting a blocking GC Explicit
08-04 21:09:08.544  6975  7004 I art     : Explicit concurrent mark sweep GC freed 3(96B) AllocSpace objects, 0(0B) LOS objects, 23% free, 52MB/68MB, paused 346us total 15.344ms
08-04 21:09:08.713  8893  8893 D AndroidRuntime: >>>>>> START com.android.internal.os.RuntimeInit uid 2000 <<<<<<
08-04 21:09:08.717  8893  8893 D AndroidRuntime: CheckJNI is OFF
08-04 21:09:08.742  8893  8893 D ICU     : No timezone override file found: /data/misc/zoneinfo/current/icu/icu_tzdata.dat
08-04 21:09:08.767  8893  8893 I Radio-JNI: register_android_hardware_Radio DONE
08-04 21:09:08.783  8893  8893 D AndroidRuntime: Calling main entry com.android.commands.input.Input
08-04 21:09:08.784  8893  8893 I Input   : injectKeyEvent: KeyEvent { action=ACTION_DOWN, keyCode=KEYCODE_BACK, scanCode=0, metaState=0, flags=0x0, repeatCount=0, eventTime=738565197, downTime=738565197, deviceId=-1, source=0x101 }
08-04 21:09:08.790  8893  8893 I Input   : injectKeyEvent: KeyEvent { action=ACTION_UP, keyCode=KEYCODE_BACK, scanCode=0, metaState=0, flags=0x0, repeatCount=0, eventTime=738565197, downTime=738565197, deviceId=-1, source=0x101 }
08-04 21:09:08.795  8893  8893 D AndroidRuntime: Shutting down VM
08-04 21:09:08.830  6975  7372 I art     : Starting a blocking GC Explicit
08-04 21:09:08.837 13866 13866 I GoogleInputMethodServic: GoogleInputMethodService.onFinishInput():3138 
08-04 21:09:08.837 13866 13866 I GoogleInputMethodServic: GoogleInputMethodService.onStartInput():1808 
08-04 21:09:08.848  6975  7372 I art     : Explicit concurrent mark sweep GC freed 1503(85KB) AllocSpace objects, 1(20KB) LOS objects, 23% free, 52MB/68MB, paused 508us total 17.815ms
08-04 21:09:08.855  6975  7372 I art     : Starting a blocking GC Explicit
08-04 21:09:08.873  6975  7372 I art     : Explicit concurrent mark sweep GC freed 30(1040B) AllocSpace objects, 0(0B) LOS objects, 23% free, 52MB/68MB, paused 325us total 17.297ms
08-04 21:09:08.880  6975  7372 I art     : Starting a blocking GC Explicit
08-04 21:09:08.897  6975  7372 I art     : Explicit concurrent mark sweep GC freed 6(224B) AllocSpace objects, 0(0B) LOS objects, 23% free, 52MB/68MB, paused 391us total 15.891ms
08-04 21:09:08.903  6975  7372 I art     : Starting a blocking GC Explicit
08-04 21:09:08.918  6975  7372 I art     : Explicit concurrent mark sweep GC freed 3(96B) AllocSpace objects, 0(0B) LOS objects, 23% free, 52MB/68MB, paused 323us total 15.203ms
08-04 21:09:08.925  6975  7372 I art     : Starting a blocking GC Explicit
08-04 21:09:08.941  6975  7372 I art     : Explicit concurrent mark sweep GC freed 3(96B) AllocSpace objects, 0(0B) LOS objects, 23% free, 52MB/68MB, paused 365us total 15.137ms
08-04 21:09:09.129   380   380 W SurfaceFlinger: couldn't log to binary event log: overflow.
08-04 21:09:09.177  6975  6987 I art     : Starting a blocking GC Explicit
08-04 21:09:09.192  6975  6987 I art     : Explicit concurrent mark sweep GC freed 1450(87KB) AllocSpace objects, 1(20KB) LOS objects, 23% free, 52MB/68MB, paused 338us total 15.471ms
08-04 21:09:09.199  6975  6987 I art     : Starting a blocking GC Explicit
08-04 21:09:09.216  6975  6987 I art     : Explicit concurrent mark sweep GC freed 1672(107KB) AllocSpace objects, 3(400KB) LOS objects, 23% free, 52MB/68MB, paused 338us total 16.618ms
08-04 21:09:09.223  6975  6987 I art     : Starting a blocking GC Explicit
08-04 21:09:09.239  6975  6987 I art     : Explicit concurrent mark sweep GC freed 3(96B) AllocSpace objects, 0(0B) LOS objects, 23% free, 52MB/68MB, paused 340us total 16.248ms
08-04 21:09:09.246  6975  6987 I art     : Starting a blocking GC Explicit
08-04 21:09:09.263  6975  6987 I art     : Explicit concurrent mark sweep GC freed 3(96B) AllocSpace objects, 0(0B) LOS objects, 23% free, 52MB/68MB, paused 344us total 16.964ms
08-04 21:09:09.270  6975  6987 I art     : Starting a blocking GC Explicit
08-04 21:09:09.287  6975  6987 I art     : Explicit concurrent mark sweep GC freed 3(96B) AllocSpace objects, 0(0B) LOS objects, 23% free, 52MB/68MB, paused 366us total 16.475ms
08-04 21:09:09.572  6975  6988 I art     : Starting a blocking GC Explicit
08-04 21:09:09.596  6975  6988 I art     : Explicit concurrent mark sweep GC freed 1341(78KB) AllocSpace objects, 1(20KB) LOS objects, 23% free, 52MB/68MB, paused 411us total 23.650ms
08-04 21:09:09.607  6975  6988 I art     : Starting a blocking GC Explicit
08-04 21:09:09.624  6975  6988 I art     : Explicit concurrent mark sweep GC freed 20(704B) AllocSpace objects, 0(0B) LOS objects, 23% free, 52MB/68MB, paused 333us total 16.471ms
08-04 21:09:09.630  6975  6988 I art     : Starting a blocking GC Explicit
08-04 21:09:09.647  6975  6988 I art     : Explicit concurrent mark sweep GC freed 3(96B) AllocSpace objects, 0(0B) LOS objects, 23% free, 52MB/68MB, paused 350us total 16.438ms
08-04 21:09:09.654  6975  6988 I art     : Starting a blocking GC Explicit
08-04 21:09:09.670  6975  6988 I art     : Explicit concurrent mark sweep GC freed 3(96B) AllocSpace objects, 0(0B) LOS objects, 23% free, 52MB/68MB, paused 334us total 16.353ms
08-04 21:09:09.677  6975  6988 I art     : Starting a blocking GC Explicit
08-04 21:09:09.694  6975  6988 I art     : Explicit concurrent mark sweep GC freed 3(96B) AllocSpace objects, 0(0B) LOS objects, 23% free, 52MB/68MB, paused 323us total 16.611ms
08-04 21:09:09.976  6975  7004 I art     : Starting a blocking GC Explicit
08-04 21:09:09.995  6975  7004 I art     : Explicit concurrent mark sweep GC freed 1340(78KB) AllocSpace objects, 1(20KB) LOS objects, 23% free, 52MB/68MB, paused 379us total 18.716ms
08-04 21:09:10.005  6975  7004 I art     : Starting a blocking GC Explicit
08-04 21:09:10.026  6975  7004 I art     : Explicit concurrent mark sweep GC freed 20(704B) AllocSpace objects, 0(0B) LOS objects, 23% free, 52MB/68MB, paused 333us total 20.467ms
08-04 21:09:10.033  6975  7004 I art     : Starting a blocking GC Explicit
08-04 21:09:10.049  6975  7004 I art     : Explicit concurrent mark sweep GC freed 3(96B) AllocSpace objects, 0(0B) LOS objects, 23% free, 52MB/68MB, paused 362us total 16.087ms
08-04 21:09:10.055  6975  7004 I art     : Starting a blocking GC Explicit
08-04 21:09:10.070  6975  7004 I art     : Explicit concurrent mark sweep GC freed 3(96B) AllocSpace objects, 0(0B) LOS objects, 23% free, 52MB/68MB, paused 331us total 14.151ms
08-04 21:09:10.076  6975  7004 I art     : Starting a blocking GC Explicit
08-04 21:09:10.090  6975  7004 I art     : Explicit concurrent mark sweep GC freed 3(96B) AllocSpace objects, 0(0B) LOS objects, 23% free, 52MB/68MB, paused 313us total 14.207ms
08-04 21:09:10.339  8946  8946 D AndroidRuntime: >>>>>> START com.android.internal.os.RuntimeInit uid 2000 <<<<<<
08-04 21:09:10.344  8946  8946 D AndroidRuntime: CheckJNI is OFF
08-04 21:09:10.347  6975  7372 I art     : Starting a blocking GC Explicit
08-04 21:09:10.364  6975  7372 I art     : Explicit concurrent mark sweep GC freed 1340(78KB) AllocSpace objects, 1(20KB) LOS objects, 23% free, 52MB/68MB, paused 429us total 16.848ms
08-04 21:09:10.371  6975  7372 I art     : Starting a blocking GC Explicit
08-04 21:09:10.375  8946  8946 D ICU     : No timezone override file found: /data/misc/zoneinfo/current/icu/icu_tzdata.dat
08-04 21:09:10.386  6975  7372 I art     : Explicit concurrent mark sweep GC freed 20(704B) AllocSpace objects, 0(0B) LOS objects, 23% free, 52MB/68MB, paused 340us total 14.418ms
08-04 21:09:10.392  6975  7372 I art     : Starting a blocking GC Explicit
08-04 21:09:10.399  8946  8946 I Radio-JNI: register_android_hardware_Radio DONE
08-04 21:09:10.406  6975  7372 I art     : Explicit concurrent mark sweep GC freed 3(96B) AllocSpace objects, 0(0B) LOS objects, 23% free, 52MB/68MB, paused 341us total 14.406ms
08-04 21:09:10.412  6975  7372 I art     : Starting a blocking GC Explicit
08-04 21:09:10.415  8946  8946 D AndroidRuntime: Calling main entry com.android.commands.input.Input
08-04 21:09:10.416  8946  8946 I Input   : injectKeyEvent: KeyEvent { action=ACTION_DOWN, keyCode=KEYCODE_BACK, scanCode=0, metaState=0, flags=0x0, repeatCount=0, eventTime=738566829, downTime=738566829, deviceId=-1, source=0x101 }
08-04 21:09:10.422  8946  8946 I Input   : injectKeyEvent: KeyEvent { action=ACTION_UP, keyCode=KEYCODE_BACK, scanCode=0, metaState=0, flags=0x0, repeatCount=0, eventTime=738566829, downTime=738566829, deviceId=-1, source=0x101 }
08-04 21:09:10.426  8946  8946 D AndroidRuntime: Shutting down VM
08-04 21:09:10.428  6975  7372 I art     : Explicit concurrent mark sweep GC freed 15(560B) AllocSpace objects, 0(0B) LOS objects, 23% free, 52MB/68MB, paused 526us total 15.076ms
08-04 21:09:10.434  6975  7372 I art     : Starting a blocking GC Explicit
08-04 21:09:10.450  6975  7372 I art     : Explicit concurrent mark sweep GC freed 138(6KB) AllocSpace objects, 0(0B) LOS objects, 23% free, 52MB/68MB, paused 329us total 15.590ms
08-04 21:09:10.470 13866 13866 I GoogleInputMethodServic: GoogleInputMethodService.onFinishInput():3138 
08-04 21:09:10.471 13866 13866 I GoogleInputMethodServic: GoogleInputMethodService.onStartInput():1808 
08-04 21:09:10.718  6975  6988 I art     : Starting a blocking GC Explicit
08-04 21:09:10.741  6975  6988 I art     : Explicit concurrent mark sweep GC freed 1403(80KB) AllocSpace objects, 1(20KB) LOS objects, 23% free, 52MB/68MB, paused 428us total 23.141ms
08-04 21:09:10.749  6975  6988 I art     : Starting a blocking GC Explicit
08-04 21:09:10.767  6975  6988 I art     : Explicit concurrent mark sweep GC freed 519(26KB) AllocSpace objects, 0(0B) LOS objects, 23% free, 52MB/68MB, paused 644us total 17.865ms
08-04 21:09:10.774  6975  6988 I art     : Starting a blocking GC Explicit
08-04 21:09:10.790  6975  6988 I art     : Explicit concurrent mark sweep GC freed 148(5KB) AllocSpace objects, 0(0B) LOS objects, 23% free, 52MB/68MB, paused 328us total 16.066ms
08-04 21:09:10.798  6975  6988 I art     : Starting a blocking GC Explicit
08-04 21:09:10.812  6975  6988 I art     : Explicit concurrent mark sweep GC freed 2089(127KB) AllocSpace objects, 2(140KB) LOS objects, 23% free, 52MB/68MB, paused 342us total 14.045ms
08-04 21:09:10.818  6975  6988 I art     : Starting a blocking GC Explicit
08-04 21:09:10.832  6975  6988 I art     : Explicit concurrent mark sweep GC freed 3(96B) AllocSpace objects, 0(0B) LOS objects, 23% free, 52MB/68MB, paused 339us total 13.890ms
08-04 21:09:11.042  4694  4694 I ServiceManager: Waiting for service AtCmdFwd...
08-04 21:09:11.115  6975  7004 I art     : Starting a blocking GC Explicit
08-04 21:09:11.138  6975  7004 I art     : Explicit concurrent mark sweep GC freed 1340(78KB) AllocSpace objects, 1(20KB) LOS objects, 23% free, 52MB/68MB, paused 445us total 22.915ms
08-04 21:09:11.147  6975  7004 I art     : Starting a blocking GC Explicit
08-04 21:09:11.164  6975  7004 I art     : Explicit concurrent mark sweep GC freed 20(704B) AllocSpace objects, 0(0B) LOS objects, 23% free, 52MB/68MB, paused 332us total 15.953ms
08-04 21:09:11.170  6975  7004 I art     : Starting a blocking GC Explicit
08-04 21:09:11.186  6975  7004 I art     : Explicit concurrent mark sweep GC freed 3(96B) AllocSpace objects, 0(0B) LOS objects, 23% free, 52MB/68MB, paused 340us total 15.858ms
08-04 21:09:11.193  6975  7004 I art     : Starting a blocking GC Explicit
08-04 21:09:11.209  6975  7004 I art     : Explicit concurrent mark sweep GC freed 3(96B) AllocSpace objects, 0(0B) LOS objects, 23% free, 52MB/68MB, paused 305us total 15.786ms
08-04 21:09:11.216  6975  7004 I art     : Starting a blocking GC Explicit
08-04 21:09:11.232  6975  7004 I art     : Explicit concurrent mark sweep GC freed 3(96B) AllocSpace objects, 0(0B) LOS objects, 23% free, 52MB/68MB, paused 340us total 15.534ms
08-04 21:09:11.502  6975  7372 I art     : Starting a blocking GC Explicit
08-04 21:09:11.520  6975  7372 I art     : Explicit concurrent mark sweep GC freed 1338(78KB) AllocSpace objects, 1(20KB) LOS objects, 23% free, 52MB/68MB, paused 366us total 17.811ms
08-04 21:09:11.527  6975  7372 I art     : Starting a blocking GC Explicit
08-04 21:09:11.543  6975  7372 I art     : Explicit concurrent mark sweep GC freed 20(704B) AllocSpace objects, 0(0B) LOS objects, 23% free, 52MB/68MB, paused 339us total 15.658ms
08-04 21:09:11.550  6975  7372 I art     : Starting a blocking GC Explicit
08-04 21:09:11.566  6975  7372 I art     : Explicit concurrent mark sweep GC freed 3(96B) AllocSpace objects, 0(0B) LOS objects, 23% free, 52MB/68MB, paused 338us total 15.349ms
08-04 21:09:11.572  6975  7372 I art     : Starting a blocking GC Explicit
08-04 21:09:11.588  6975  7372 I art     : Explicit concurrent mark sweep GC freed 3(96B) AllocSpace objects, 0(0B) LOS objects, 23% free, 52MB/68MB, paused 337us total 15.442ms
08-04 21:09:11.594  6975  7372 I art     : Starting a blocking GC Explicit
08-04 21:09:11.610  6975  7372 I art     : Explicit concurrent mark sweep GC freed 3(96B) AllocSpace objects, 0(0B) LOS objects, 23% free, 52MB/68MB, paused 337us total 15.251ms
08-04 21:09:11.853  6975  6987 I art     : Starting a blocking GC Explicit
08-04 21:09:11.869  6975  6987 I art     : Explicit concurrent mark sweep GC freed 1338(78KB) AllocSpace objects, 1(20KB) LOS objects, 23% free, 52MB/68MB, paused 330us total 15.750ms
08-04 21:09:11.876  6975  6987 I art     : Starting a blocking GC Explicit
08-04 21:09:11.892  6975  6987 I art     : Explicit concurrent mark sweep GC freed 20(704B) AllocSpace objects, 0(0B) LOS objects, 23% free, 52MB/68MB, paused 323us total 15.446ms
08-04 21:09:11.898  6975  6987 I art     : Starting a blocking GC Explicit
08-04 21:09:11.914  6975  6987 I art     : Explicit concurrent mark sweep GC freed 3(96B) AllocSpace objects, 0(0B) LOS objects, 23% free, 52MB/68MB, paused 328us total 15.491ms
08-04 21:09:11.921  6975  6987 I art     : Starting a blocking GC Explicit
08-04 21:09:11.936  6975  6987 I art     : Explicit concurrent mark sweep GC freed 3(96B) AllocSpace objects, 0(0B) LOS objects, 23% free, 52MB/68MB, paused 334us total 14.812ms
08-04 21:09:11.943  6975  6987 I art     : Starting a blocking GC Explicit
08-04 21:09:11.958  6975  6987 I art     : Explicit concurrent mark sweep GC freed 3(96B) AllocSpace objects, 0(0B) LOS objects, 23% free, 52MB/68MB, paused 324us total 14.788ms
08-04 21:09:11.976  9002  9002 D AndroidRuntime: >>>>>> START com.android.internal.os.RuntimeInit uid 2000 <<<<<<
08-04 21:09:11.980  9002  9002 D AndroidRuntime: CheckJNI is OFF
08-04 21:09:12.005  9002  9002 D ICU     : No timezone override file found: /data/misc/zoneinfo/current/icu/icu_tzdata.dat
08-04 21:09:12.030  9002  9002 I Radio-JNI: register_android_hardware_Radio DONE
08-04 21:09:12.043  4694  4694 I ServiceManager: Waiting for service AtCmdFwd...
08-04 21:09:12.046  9002  9002 D AndroidRuntime: Calling main entry com.android.commands.input.Input
08-04 21:09:12.047  9002  9002 I Input   : injectMotionEvent: MotionEvent { action=ACTION_DOWN, actionButton=0, id[0]=0, x[0]=1053.0, y[0]=1173.0, toolType[0]=TOOL_TYPE_UNKNOWN, buttonState=0, metaState=0, flags=0x0, edgeFlags=0x0, pointerCount=1, historySize=0, eventTime=738568460, downTime=738568460, deviceId=0, source=0x1002 }
08-04 21:09:12.054  9002  9002 I Input   : injectMotionEvent: MotionEvent { action=ACTION_UP, actionButton=0, id[0]=0, x[0]=1053.0, y[0]=1173.0, toolType[0]=TOOL_TYPE_UNKNOWN, buttonState=0, metaState=0, flags=0x0, edgeFlags=0x0, pointerCount=1, historySize=0, eventTime=738568460, downTime=738568460, deviceId=0, source=0x1002 }
08-04 21:09:12.055   918  6112 I ActivityManager: START u0 {cmp=baseline.appteam.nith.hillffair/.activities.QuizActivity} from uid 10651 on display 0
08-04 21:09:12.062  9002  9002 D AndroidRuntime: Shutting down VM
08-04 21:09:12.182   918   936 I ActivityManager: Displayed baseline.appteam.nith.hillffair/.activities.QuizActivity: +119ms
08-04 21:09:12.183  6975  6987 I art     : Starting a blocking GC Explicit
08-04 21:09:12.185 13866 13866 I GoogleInputMethodServic: GoogleInputMethodService.onFinishInput():3138 
08-04 21:09:12.186 13866 13866 I GoogleInputMethodServic: GoogleInputMethodService.onStartInput():1808 
08-04 21:09:12.201  6975  6987 I art     : Explicit concurrent mark sweep GC freed 2154(142KB) AllocSpace objects, 1(20KB) LOS objects, 23% free, 52MB/68MB, paused 413us total 17.581ms
08-04 21:09:12.211  6975  6987 I art     : Starting a blocking GC Explicit
08-04 21:09:12.228  6975  6987 I art     : Explicit concurrent mark sweep GC freed 183(8KB) AllocSpace objects, 0(0B) LOS objects, 23% free, 52MB/68MB, paused 349us total 16.284ms
08-04 21:09:12.234  6975  6987 I art     : Starting a blocking GC Explicit
08-04 21:09:12.248  6975  6987 I art     : Explicit concurrent mark sweep GC freed 3(96B) AllocSpace objects, 0(0B) LOS objects, 23% free, 52MB/68MB, paused 320us total 14.332ms
08-04 21:09:12.255  6975  6987 I art     : Starting a blocking GC Explicit
08-04 21:09:12.272  6975  6987 I art     : Explicit concurrent mark sweep GC freed 18(768B) AllocSpace objects, 0(0B) LOS objects, 23% free, 52MB/68MB, paused 367us total 16.466ms
08-04 21:09:12.278  6975  6987 I art     : Starting a blocking GC Explicit
08-04 21:09:12.294  6975  6987 I art     : Explicit concurrent mark sweep GC freed 15(576B) AllocSpace objects, 0(0B) LOS objects, 23% free, 52MB/68MB, paused 304us total 15.673ms
08-04 21:09:12.433   380   380 W SurfaceFlinger: couldn't log to binary event log: overflow.
08-04 21:09:12.520  6975  7004 I art     : Starting a blocking GC Explicit
08-04 21:09:12.536  6975  7004 I art     : Explicit concurrent mark sweep GC freed 1340(78KB) AllocSpace objects, 1(20KB) LOS objects, 23% free, 52MB/68MB, paused 315us total 15.226ms
08-04 21:09:12.542  6975  7004 I art     : Starting a blocking GC Explicit
08-04 21:09:12.559  6975  7004 I art     : Explicit concurrent mark sweep GC freed 81(4KB) AllocSpace objects, 0(0B) LOS objects, 23% free, 52MB/68MB, paused 366us total 16.751ms
08-04 21:09:12.565  6975  7004 I art     : Starting a blocking GC Explicit
08-04 21:09:12.581  6975  7004 I art     : Explicit concurrent mark sweep GC freed 12(432B) AllocSpace objects, 0(0B) LOS objects, 23% free, 52MB/68MB, paused 353us total 14.928ms
08-04 21:09:12.587  6975  7004 I art     : Starting a blocking GC Explicit
08-04 21:09:12.601  6975  7004 I art     : Explicit concurrent mark sweep GC freed 3(96B) AllocSpace objects, 0(0B) LOS objects, 23% free, 52MB/68MB, paused 321us total 14.240ms
08-04 21:09:12.608  6975  7004 I art     : Starting a blocking GC Explicit
08-04 21:09:12.623  6975  7004 I art     : Explicit concurrent mark sweep GC freed 3(96B) AllocSpace objects, 0(0B) LOS objects, 23% free, 52MB/68MB, paused 314us total 14.602ms
08-04 21:09:12.899  6975  7372 I art     : Starting a blocking GC Explicit
08-04 21:09:12.920  6975  7372 I art     : Explicit concurrent mark sweep GC freed 1340(78KB) AllocSpace objects, 1(20KB) LOS objects, 23% free, 52MB/68MB, paused 402us total 21.119ms
08-04 21:09:12.930  6975  7372 I art     : Starting a blocking GC Explicit
08-04 21:09:12.947  6975  7372 I art     : Explicit concurrent mark sweep GC freed 20(704B) AllocSpace objects, 0(0B) LOS objects, 23% free, 52MB/68MB, paused 411us total 16.549ms
08-04 21:09:12.954  6975  7372 I art     : Starting a blocking GC Explicit
08-04 21:09:12.970  6975  7372 I art     : Explicit concurrent mark sweep GC freed 3(96B) AllocSpace objects, 0(0B) LOS objects, 23% free, 52MB/68MB, paused 334us total 16.594ms
08-04 21:09:12.978  6975  7372 I art     : Starting a blocking GC Explicit
08-04 21:09:12.994  6975  7372 I art     : Explicit concurrent mark sweep GC freed 3(96B) AllocSpace objects, 0(0B) LOS objects, 23% free, 52MB/68MB, paused 331us total 16.097ms
08-04 21:09:13.001  6975  7372 I art     : Starting a blocking GC Explicit
08-04 21:09:13.017  6975  7372 I art     : Explicit concurrent mark sweep GC freed 3(96B) AllocSpace objects, 0(0B) LOS objects, 23% free, 52MB/68MB, paused 333us total 16.153ms
08-04 21:09:13.043  4694  4694 I ServiceManager: Waiting for service AtCmdFwd...
08-04 21:09:13.304  6975  6987 I art     : Starting a blocking GC Explicit
08-04 21:09:13.325  6975  6987 I art     : Explicit concurrent mark sweep GC freed 1340(78KB) AllocSpace objects, 1(20KB) LOS objects, 23% free, 52MB/68MB, paused 410us total 20.661ms
08-04 21:09:13.338  6975  6987 I art     : Starting a blocking GC Explicit
08-04 21:09:13.354  6975  6987 I art     : Explicit concurrent mark sweep GC freed 20(704B) AllocSpace objects, 0(0B) LOS objects, 23% free, 52MB/68MB, paused 324us total 16.177ms
08-04 21:09:13.361  6975  6987 I art     : Starting a blocking GC Explicit
08-04 21:09:13.377  6975  6987 I art     : Explicit concurrent mark sweep GC freed 3(96B) AllocSpace objects, 0(0B) LOS objects, 23% free, 52MB/68MB, paused 335us total 16.204ms
08-04 21:09:13.384  6975  6987 I art     : Starting a blocking GC Explicit
08-04 21:09:13.401  6975  6987 I art     : Explicit concurrent mark sweep GC freed 3(96B) AllocSpace objects, 0(0B) LOS objects, 23% free, 52MB/68MB, paused 317us total 16.444ms
08-04 21:09:13.408  6975  6987 I art     : Starting a blocking GC Explicit
08-04 21:09:13.424  6975  6987 I art     : Explicit concurrent mark sweep GC freed 3(96B) AllocSpace objects, 0(0B) LOS objects, 23% free, 52MB/68MB, paused 327us total 16.558ms
08-04 21:09:13.716  6975  6988 I art     : Starting a blocking GC Explicit
08-04 21:09:13.738  6975  6988 I art     : Explicit concurrent mark sweep GC freed 1345(78KB) AllocSpace objects, 1(20KB) LOS objects, 23% free, 52MB/68MB, paused 342us total 21.485ms
08-04 21:09:13.745  6975  6988 I art     : Starting a blocking GC Explicit
08-04 21:09:13.760  6975  6988 I art     : Explicit concurrent mark sweep GC freed 23(800B) AllocSpace objects, 0(0B) LOS objects, 23% free, 52MB/68MB, paused 315us total 14.412ms
08-04 21:09:13.766  6975  6988 I art     : Starting a blocking GC Explicit
08-04 21:09:13.781  6975  6988 I art     : Explicit concurrent mark sweep GC freed 5(160B) AllocSpace objects, 0(0B) LOS objects, 23% free, 52MB/68MB, paused 348us total 14.179ms
08-04 21:09:13.787  6975  6988 I art     : Starting a blocking GC Explicit
08-04 21:09:13.801  6975  6988 I art     : Explicit concurrent mark sweep GC freed 5(160B) AllocSpace objects, 0(0B) LOS objects, 23% free, 52MB/68MB, paused 285us total 14.206ms
08-04 21:09:13.807  6975  6988 I art     : Starting a blocking GC Explicit
08-04 21:09:13.821  6975  6988 I art     : Explicit concurrent mark sweep GC freed 6(192B) AllocSpace objects, 0(0B) LOS objects, 23% free, 52MB/68MB, paused 290us total 14.003ms
08-04 21:09:14.043  4694  4694 I ServiceManager: Waiting for service AtCmdFwd...
08-04 21:09:14.114  6975  6987 I art     : Starting a blocking GC Explicit
08-04 21:09:14.134  6975  6987 I art     : Explicit concurrent mark sweep GC freed 1355(78KB) AllocSpace objects, 1(20KB) LOS objects, 23% free, 52MB/68MB, paused 362us total 19.497ms
08-04 21:09:14.143  6975  6987 I art     : Starting a blocking GC Explicit
08-04 21:09:14.160  6975  6987 I art     : Explicit concurrent mark sweep GC freed 20(704B) AllocSpace objects, 0(0B) LOS objects, 23% free, 52MB/68MB, paused 343us total 17.216ms
08-04 21:09:14.167  6975  6987 I art     : Starting a blocking GC Explicit
08-04 21:09:14.184  6975  6987 I art     : Explicit concurrent mark sweep GC freed 3(96B) AllocSpace objects, 0(0B) LOS objects, 23% free, 52MB/68MB, paused 324us total 16.415ms
08-04 21:09:14.190  6975  6987 I art     : Starting a blocking GC Explicit
08-04 21:09:14.207  6975  6987 I art     : Explicit concurrent mark sweep GC freed 3(96B) AllocSpace objects, 0(0B) LOS objects, 23% free, 52MB/68MB, paused 388us total 16.175ms
08-04 21:09:14.213  6975  6987 I art     : Starting a blocking GC Explicit
08-04 21:09:14.230  6975  6987 I art     : Explicit concurrent mark sweep GC freed 3(96B) AllocSpace objects, 0(0B) LOS objects, 23% free, 52MB/68MB, paused 362us total 16.409ms
08-04 21:09:14.473  6975  6988 I art     : Starting a blocking GC Explicit
08-04 21:09:14.490  6975  6988 I art     : Explicit concurrent mark sweep GC freed 1340(78KB) AllocSpace objects, 1(20KB) LOS objects, 23% free, 52MB/68MB, paused 360us total 17.004ms
08-04 21:09:14.497  6975  6988 I art     : Starting a blocking GC Explicit
08-04 21:09:14.514  6975  6988 I art     : Explicit concurrent mark sweep GC freed 20(704B) AllocSpace objects, 0(0B) LOS objects, 23% free, 52MB/68MB, paused 350us total 16.484ms
08-04 21:09:14.521  6975  6988 I art     : Starting a blocking GC Explicit
08-04 21:09:14.537  6975  6988 I art     : Explicit concurrent mark sweep GC freed 3(96B) AllocSpace objects, 0(0B) LOS objects, 23% free, 52MB/68MB, paused 397us total 15.715ms
08-04 21:09:14.543  6975  6988 I art     : Starting a blocking GC Explicit
08-04 21:09:14.560  6975  6988 I art     : Explicit concurrent mark sweep GC freed 3(96B) AllocSpace objects, 0(0B) LOS objects, 23% free, 52MB/68MB, paused 321us total 16.214ms
08-04 21:09:14.567  6975  6988 I art     : Starting a blocking GC Explicit
08-04 21:09:14.583  6975  6988 I art     : Explicit concurrent mark sweep GC freed 3(96B) AllocSpace objects, 0(0B) LOS objects, 23% free, 52MB/68MB, paused 344us total 15.612ms
08-04 21:09:14.645  9089  9089 D AndroidRuntime: >>>>>> START com.android.internal.os.RuntimeInit uid 2000 <<<<<<
08-04 21:09:14.648   918  3261 D WifiStateMachine: starting scan for "H369AA63323"WPA_PSK with 2412,5180
08-04 21:09:14.653  9089  9089 D AndroidRuntime: CheckJNI is OFF
08-04 21:09:14.690  9089  9089 D ICU     : No timezone override file found: /data/misc/zoneinfo/current/icu/icu_tzdata.dat
08-04 21:09:14.715  9089  9089 I Radio-JNI: register_android_hardware_Radio DONE
08-04 21:09:14.731  9089  9089 D AndroidRuntime: Calling main entry com.android.commands.input.Input
08-04 21:09:14.732  9089  9089 I Input   : injectMotionEvent: MotionEvent { action=ACTION_DOWN, actionButton=0, id[0]=0, x[0]=756.0, y[0]=1530.0, toolType[0]=TOOL_TYPE_UNKNOWN, buttonState=0, metaState=0, flags=0x0, edgeFlags=0x0, pointerCount=1, historySize=0, eventTime=738571145, downTime=738571145, deviceId=0, source=0x1002 }
08-04 21:09:14.737  9089  9089 I Input   : injectMotionEvent: MotionEvent { action=ACTION_UP, actionButton=0, id[0]=0, x[0]=756.0, y[0]=1530.0, toolType[0]=TOOL_TYPE_UNKNOWN, buttonState=0, metaState=0, flags=0x0, edgeFlags=0x0, pointerCount=1, historySize=0, eventTime=738571145, downTime=738571145, deviceId=0, source=0x1002 }
08-04 21:09:14.739  9089  9089 D AndroidRuntime: Shutting down VM
08-04 21:09:14.759   918  6110 I ActivityManager: START u0 {cmp=baseline.appteam.nith.hillffair/.activities.LeaderBoardActivity} from uid 10651 on display 0
08-04 21:09:14.760   512  2967 D audio_hw_primary: out_set_parameters: enter: usecase(1: low-latency-playback) kvpairs: routing=2
08-04 21:09:14.773   512  2967 D audio_hw_primary: select_devices: out_snd_device(2: speaker) in_snd_device(0: none)
08-04 21:09:14.773   512  2967 D msm8974_platform: platform_send_audio_calibration: sending audio calibration for snd_device(2) acdb_id(15)
08-04 21:09:14.773   512  2967 I soundtrigger: audio_extn_sound_trigger_update_device_status: device 0x2 of type 0 for Event 1
08-04 21:09:14.783   512  2967 D audio_hw_primary: enable_snd_device: snd_device(2: speaker)
08-04 21:09:14.786   512  2967 D audio_hw_primary: enable_audio_route: apply and update mixer path: low-latency-playback speaker
08-04 21:09:14.830  6975  7004 I art     : Starting a blocking GC Explicit
08-04 21:09:14.847  6975  7004 I art     : Explicit concurrent mark sweep GC freed 6267(371KB) AllocSpace objects, 1(20KB) LOS objects, 23% free, 52MB/68MB, paused 353us total 16.820ms
08-04 21:09:14.853  6975  7004 I art     : Starting a blocking GC Explicit
08-04 21:09:14.860  6975  6975 E RecyclerView: No adapter attached; skipping layout
08-04 21:09:14.861  6975  6975 E RecyclerView: No adapter attached; skipping layout
08-04 21:09:14.873  6975  7004 I art     : Explicit concurrent mark sweep GC freed 387(15KB) AllocSpace objects, 0(0B) LOS objects, 23% free, 52MB/68MB, paused 387us total 20.085ms
08-04 21:09:14.880  6975  7004 I art     : Starting a blocking GC Explicit
08-04 21:09:14.887   918   936 I ActivityManager: Displayed baseline.appteam.nith.hillffair/.activities.LeaderBoardActivity: +118ms
08-04 21:09:14.892 13866 13866 I GoogleInputMethodServic: GoogleInputMethodService.onFinishInput():3138 
08-04 21:09:14.892  6975  6975 E RecyclerView: No adapter attached; skipping layout
08-04 21:09:14.892 13866 13866 I GoogleInputMethodServic: GoogleInputMethodService.onStartInput():1808 
08-04 21:09:14.901  6975  7004 I art     : Explicit concurrent mark sweep GC freed 88(4KB) AllocSpace objects, 0(0B) LOS objects, 23% free, 52MB/68MB, paused 505us total 20.591ms
08-04 21:09:14.907  6975  7001 D OpenGLRenderer: endAllStagingAnimators on 0x7f7d665000 (RippleDrawable) with handle 0x7f99ea4c80
08-04 21:09:14.909  6975  7004 I art     : Starting a blocking GC Explicit
08-04 21:09:14.926  6975  7004 I art     : Explicit concurrent mark sweep GC freed 37(3KB) AllocSpace objects, 0(0B) LOS objects, 23% free, 52MB/68MB, paused 361us total 17.279ms
08-04 21:09:14.933  6975  7004 I art     : Starting a blocking GC Explicit
08-04 21:09:14.948  6975  7004 I art     : Explicit concurrent mark sweep GC freed 26(944B) AllocSpace objects, 0(0B) LOS objects, 23% free, 52MB/68MB, paused 537us total 15.175ms
08-04 21:09:15.044  4694  4694 I ServiceManager: Waiting for service AtCmdFwd...
08-04 21:09:15.136   380   380 W SurfaceFlinger: couldn't log to binary event log: overflow.
08-04 21:09:15.178  6975  6988 I art     : Starting a blocking GC Explicit
08-04 21:09:15.194  6975  6988 I art     : Explicit concurrent mark sweep GC freed 1341(78KB) AllocSpace objects, 1(20KB) LOS objects, 23% free, 52MB/68MB, paused 342us total 15.612ms
08-04 21:09:15.201  6975  6988 I art     : Starting a blocking GC Explicit
08-04 21:09:15.216  6975  6988 I art     : Explicit concurrent mark sweep GC freed 20(704B) AllocSpace objects, 0(0B) LOS objects, 23% free, 52MB/68MB, paused 359us total 15.070ms
08-04 21:09:15.223  6975  6988 I art     : Starting a blocking GC Explicit
08-04 21:09:15.240  6975  6988 I art     : Explicit concurrent mark sweep GC freed 3(96B) AllocSpace objects, 0(0B) LOS objects, 23% free, 52MB/68MB, paused 350us total 16.066ms
08-04 21:09:15.247  6975  6988 I art     : Starting a blocking GC Explicit
08-04 21:09:15.264  6975  6988 I art     : Explicit concurrent mark sweep GC freed 3(96B) AllocSpace objects, 0(0B) LOS objects, 23% free, 52MB/68MB, paused 368us total 16.477ms
08-04 21:09:15.271  6975  6988 I art     : Starting a blocking GC Explicit
08-04 21:09:15.289  6975  6988 I art     : Explicit concurrent mark sweep GC freed 102(6KB) AllocSpace objects, 0(0B) LOS objects, 23% free, 52MB/68MB, paused 336us total 17.914ms
08-04 21:09:15.328   512  2967 D audio_hw_primary: disable_audio_route: reset and update mixer path: low-latency-playback speaker
08-04 21:09:15.329   512  2967 D audio_hw_primary: disable_snd_device: snd_device(2: speaker)
08-04 21:09:15.339   512  2967 I soundtrigger: audio_extn_sound_trigger_update_device_status: device 0x2 of type 0 for Event 0
08-04 21:09:15.538  6975  9122 D OkHttp  : --> GET https://api-hillfair-2k16.herokuapp.com/api/app/quiz/leaderboard?from=1 http/1.1
08-04 21:09:15.570  6975  6988 I art     : Starting a blocking GC Explicit
08-04 21:09:15.572  6975  9122 D OkHttp  : <-- 200 OK https://api-hillfair-2k16.herokuapp.com/api/app/quiz/leaderboard?from=1 (34ms, 56744-byte body)
08-04 21:09:15.591  6975  6988 I art     : Explicit concurrent mark sweep GC freed 4630(268KB) AllocSpace objects, 4(220KB) LOS objects, 23% free, 53MB/69MB, paused 463us total 20.558ms
08-04 21:09:15.598  6975  6988 I art     : Starting a blocking GC Explicit
08-04 21:09:15.616  6975  6988 I art     : Explicit concurrent mark sweep GC freed 16805(841KB) AllocSpace objects, 0(0B) LOS objects, 23% free, 52MB/68MB, paused 484us total 17.331ms
08-04 21:09:15.622  6975  6988 I art     : Starting a blocking GC Explicit
08-04 21:09:15.639  6975  6988 I art     : Explicit concurrent mark sweep GC freed 8439(380KB) AllocSpace objects, 0(0B) LOS objects, 23% free, 52MB/68MB, paused 389us total 16.668ms
08-04 21:09:15.640  6975  6975 I NAPPA_EXPERIMENTATION: MetricNetworkRequestExecutionTime: REQUEST_DURATION_SYSTEM='845',REQUEST_DURATION_OKHTTP='34',REQUEST_SYNCHRONOUS='FALSE',RESPONSE_CODE='200',RESPONSE_METHOD='GET',RESPONSE_LENGTH_OKHTTP='56744',RESPONSE_LENGTH_HEADER='56744',REQUEST_PROTOCOL='http/1.1',REQUEST_URL='https://api-hillfair-2k16.herokuapp.com/api/app/quiz/leaderboard?from=1',
08-04 21:09:15.646  6975  6988 I art     : Starting a blocking GC Explicit
08-04 21:09:15.661  6975  6988 I art     : Explicit concurrent mark sweep GC freed 463(43KB) AllocSpace objects, 0(0B) LOS objects, 23% free, 52MB/68MB, paused 466us total 15.468ms
08-04 21:09:15.668  6975  6988 I art     : Starting a blocking GC Explicit
08-04 21:09:15.684  6975  6988 I art     : Explicit concurrent mark sweep GC freed 367(15KB) AllocSpace objects, 0(0B) LOS objects, 23% free, 52MB/68MB, paused 542us total 15.822ms
08-04 21:09:15.957  6975  6987 I art     : Starting a blocking GC Explicit
08-04 21:09:15.983  6975  6987 I art     : Explicit concurrent mark sweep GC freed 2041(105KB) AllocSpace objects, 1(20KB) LOS objects, 23% free, 53MB/69MB, paused 385us total 25.364ms
08-04 21:09:15.993  6975  6987 I art     : Starting a blocking GC Explicit
08-04 21:09:16.012  6975  6987 I art     : Explicit concurrent mark sweep GC freed 32(1280B) AllocSpace objects, 0(0B) LOS objects, 23% free, 53MB/69MB, paused 372us total 18.744ms
08-04 21:09:16.019  6975  6987 I art     : Starting a blocking GC Explicit
08-04 21:09:16.038  6975  6987 I art     : Explicit concurrent mark sweep GC freed 3(96B) AllocSpace objects, 0(0B) LOS objects, 23% free, 53MB/69MB, paused 340us total 18.073ms
08-04 21:09:16.044  4694  4694 W Atfwd_Sendcmd: AtCmdFwd service not published, waiting... retryCnt : 2
08-04 21:09:16.045  6975  6987 I art     : Starting a blocking GC Explicit
08-04 21:09:16.062  6975  6987 I art     : Explicit concurrent mark sweep GC freed 3(96B) AllocSpace objects, 0(0B) LOS objects, 23% free, 53MB/69MB, paused 326us total 17.717ms
08-04 21:09:16.069  6975  6987 I art     : Starting a blocking GC Explicit
08-04 21:09:16.087  6975  6987 I art     : Explicit concurrent mark sweep GC freed 3(96B) AllocSpace objects, 0(0B) LOS objects, 23% free, 53MB/69MB, paused 345us total 17.868ms
08-04 21:09:16.371  6975  6988 I art     : Starting a blocking GC Explicit
08-04 21:09:16.394  6975  6988 I art     : Explicit concurrent mark sweep GC freed 1345(78KB) AllocSpace objects, 1(20KB) LOS objects, 23% free, 53MB/69MB, paused 388us total 22.518ms
08-04 21:09:16.405  6975  6988 I art     : Starting a blocking GC Explicit
08-04 21:09:16.425  6975  6988 I art     : Explicit concurrent mark sweep GC freed 20(704B) AllocSpace objects, 0(0B) LOS objects, 23% free, 53MB/69MB, paused 418us total 19.133ms
08-04 21:09:16.432  6975  6988 I art     : Starting a blocking GC Explicit
08-04 21:09:16.450  6975  6988 I art     : Explicit concurrent mark sweep GC freed 3(96B) AllocSpace objects, 0(0B) LOS objects, 23% free, 53MB/69MB, paused 339us total 18.443ms
08-04 21:09:16.458  6975  6988 I art     : Starting a blocking GC Explicit
08-04 21:09:16.477  6975  6988 I art     : Explicit concurrent mark sweep GC freed 3(96B) AllocSpace objects, 0(0B) LOS objects, 23% free, 53MB/69MB, paused 432us total 18.927ms
08-04 21:09:16.484  6975  6988 I art     : Starting a blocking GC Explicit
08-04 21:09:16.503  6975  6988 I art     : Explicit concurrent mark sweep GC freed 3(96B) AllocSpace objects, 0(0B) LOS objects, 23% free, 53MB/69MB, paused 341us total 18.469ms
08-04 21:09:16.825  6975  7372 I art     : Starting a blocking GC Explicit
08-04 21:09:16.846  6975  7372 I art     : Explicit concurrent mark sweep GC freed 1344(78KB) AllocSpace objects, 1(20KB) LOS objects, 23% free, 53MB/69MB, paused 369us total 21.403ms
08-04 21:09:16.858  6975  7372 I art     : Starting a blocking GC Explicit
08-04 21:09:16.881  6975  7372 I art     : Explicit concurrent mark sweep GC freed 20(704B) AllocSpace objects, 0(0B) LOS objects, 23% free, 53MB/69MB, paused 380us total 23.443ms
08-04 21:09:16.889  6975  7372 I art     : Starting a blocking GC Explicit
08-04 21:09:16.908  6975  7372 I art     : Explicit concurrent mark sweep GC freed 3(96B) AllocSpace objects, 0(0B) LOS objects, 23% free, 53MB/69MB, paused 341us total 18.824ms
08-04 21:09:16.916  6975  7372 I art     : Starting a blocking GC Explicit
08-04 21:09:16.934  6975  7372 I art     : Explicit concurrent mark sweep GC freed 3(96B) AllocSpace objects, 0(0B) LOS objects, 23% free, 53MB/69MB, paused 336us total 17.855ms
08-04 21:09:16.941  6975  7372 I art     : Starting a blocking GC Explicit
08-04 21:09:16.959  6975  7372 I art     : Explicit concurrent mark sweep GC freed 3(96B) AllocSpace objects, 0(0B) LOS objects, 23% free, 53MB/69MB, paused 334us total 17.892ms
08-04 21:09:17.278  6975  7004 I art     : Starting a blocking GC Explicit
08-04 21:09:17.305  6975  7004 I art     : Explicit concurrent mark sweep GC freed 1344(78KB) AllocSpace objects, 1(20KB) LOS objects, 23% free, 53MB/69MB, paused 399us total 26.224ms
08-04 21:09:17.313  6975  7004 I art     : Starting a blocking GC Explicit
08-04 21:09:17.332  6975  7004 I art     : Explicit concurrent mark sweep GC freed 20(704B) AllocSpace objects, 0(0B) LOS objects, 23% free, 53MB/69MB, paused 339us total 18.636ms
08-04 21:09:17.340  6975  7004 I art     : Starting a blocking GC Explicit
08-04 21:09:17.358  6975  7004 I art     : Explicit concurrent mark sweep GC freed 3(96B) AllocSpace objects, 0(0B) LOS objects, 23% free, 53MB/69MB, paused 319us total 18.047ms
08-04 21:09:17.365  6975  7004 I art     : Starting a blocking GC Explicit
08-04 21:09:17.383  6975  7004 I art     : Explicit concurrent mark sweep GC freed 3(96B) AllocSpace objects, 0(0B) LOS objects, 23% free, 53MB/69MB, paused 324us total 17.498ms
08-04 21:09:17.390  6975  7004 I art     : Starting a blocking GC Explicit
08-04 21:09:17.408  6975  7004 I art     : Explicit concurrent mark sweep GC freed 3(96B) AllocSpace objects, 0(0B) LOS objects, 23% free, 53MB/69MB, paused 336us total 17.932ms
08-04 21:09:17.740  6975  6987 I art     : Starting a blocking GC Explicit
08-04 21:09:17.771  6975  6987 I art     : Explicit concurrent mark sweep GC freed 1344(78KB) AllocSpace objects, 1(20KB) LOS objects, 23% free, 53MB/69MB, paused 369us total 30.121ms
08-04 21:09:17.782  6975  6987 I art     : Starting a blocking GC Explicit
08-04 21:09:17.802  6975  6987 I art     : Explicit concurrent mark sweep GC freed 20(704B) AllocSpace objects, 0(0B) LOS objects, 23% free, 53MB/69MB, paused 336us total 18.993ms
08-04 21:09:17.809  6975  6987 I art     : Starting a blocking GC Explicit
08-04 21:09:17.827  6975  6987 I art     : Explicit concurrent mark sweep GC freed 3(96B) AllocSpace objects, 0(0B) LOS objects, 23% free, 53MB/69MB, paused 344us total 17.801ms
08-04 21:09:17.833  6975  6987 I art     : Starting a blocking GC Explicit
08-04 21:09:17.852  6975  6987 I art     : Explicit concurrent mark sweep GC freed 3(96B) AllocSpace objects, 0(0B) LOS objects, 23% free, 53MB/69MB, paused 329us total 17.931ms
08-04 21:09:17.859  6975  6987 I art     : Starting a blocking GC Explicit
08-04 21:09:17.877  6975  6987 I art     : Explicit concurrent mark sweep GC freed 3(96B) AllocSpace objects, 0(0B) LOS objects, 23% free, 53MB/69MB, paused 375us total 17.936ms
08-04 21:09:18.197  6975  6988 I art     : Starting a blocking GC Explicit
08-04 21:09:18.224  6975  6988 I art     : Explicit concurrent mark sweep GC freed 1344(78KB) AllocSpace objects, 1(20KB) LOS objects, 23% free, 53MB/69MB, paused 400us total 26.282ms
08-04 21:09:18.236  6975  6988 I art     : Starting a blocking GC Explicit
08-04 21:09:18.256  6975  6988 I art     : Explicit concurrent mark sweep GC freed 20(704B) AllocSpace objects, 0(0B) LOS objects, 23% free, 53MB/69MB, paused 342us total 19.685ms
08-04 21:09:18.263  6975  6988 I art     : Starting a blocking GC Explicit
08-04 21:09:18.280  6975  6988 I art     : Explicit concurrent mark sweep GC freed 3(96B) AllocSpace objects, 0(0B) LOS objects, 23% free, 53MB/69MB, paused 358us total 17.757ms
08-04 21:09:18.288  6975  6988 I art     : Starting a blocking GC Explicit
08-04 21:09:18.306  6975  6988 I art     : Explicit concurrent mark sweep GC freed 3(96B) AllocSpace objects, 0(0B) LOS objects, 23% free, 53MB/69MB, paused 338us total 17.870ms
08-04 21:09:18.313  6975  6988 I art     : Starting a blocking GC Explicit
08-04 21:09:18.331  6975  6988 I art     : Explicit concurrent mark sweep GC freed 3(96B) AllocSpace objects, 0(0B) LOS objects, 23% free, 53MB/69MB, paused 336us total 17.865ms
08-04 21:09:18.662  6975  7372 I art     : Starting a blocking GC Explicit
08-04 21:09:18.689  6975  7372 I art     : Explicit concurrent mark sweep GC freed 1344(78KB) AllocSpace objects, 1(20KB) LOS objects, 23% free, 53MB/69MB, paused 409us total 26.489ms
08-04 21:09:18.700  6975  7372 I art     : Starting a blocking GC Explicit
08-04 21:09:18.719  6975  7372 I art     : Explicit concurrent mark sweep GC freed 20(704B) AllocSpace objects, 0(0B) LOS objects, 23% free, 53MB/69MB, paused 347us total 18.612ms
08-04 21:09:18.726  6975  7372 I art     : Starting a blocking GC Explicit
08-04 21:09:18.744  6975  7372 I art     : Explicit concurrent mark sweep GC freed 3(96B) AllocSpace objects, 0(0B) LOS objects, 23% free, 53MB/69MB, paused 342us total 17.926ms
08-04 21:09:18.751  6975  7372 I art     : Starting a blocking GC Explicit
08-04 21:09:18.769  6975  7372 I art     : Explicit concurrent mark sweep GC freed 3(96B) AllocSpace objects, 0(0B) LOS objects, 23% free, 53MB/69MB, paused 333us total 17.939ms
08-04 21:09:18.776  6975  7372 I art     : Starting a blocking GC Explicit
08-04 21:09:18.794  6975  7372 I art     : Explicit concurrent mark sweep GC freed 3(96B) AllocSpace objects, 0(0B) LOS objects, 23% free, 53MB/69MB, paused 337us total 17.906ms
08-04 21:09:19.078  6975  7004 I art     : Starting a blocking GC Explicit
08-04 21:09:19.097  6975  7004 I art     : Explicit concurrent mark sweep GC freed 1344(78KB) AllocSpace objects, 1(20KB) LOS objects, 23% free, 53MB/69MB, paused 351us total 18.660ms
08-04 21:09:19.104  6975  7004 I art     : Starting a blocking GC Explicit
08-04 21:09:19.123  6975  7004 I art     : Explicit concurrent mark sweep GC freed 20(704B) AllocSpace objects, 0(0B) LOS objects, 23% free, 53MB/69MB, paused 348us total 18.375ms
08-04 21:09:19.129  6975  7004 I art     : Starting a blocking GC Explicit
08-04 21:09:19.147  6975  7004 I art     : Explicit concurrent mark sweep GC freed 3(96B) AllocSpace objects, 0(0B) LOS objects, 23% free, 53MB/69MB, paused 391us total 17.416ms
08-04 21:09:19.154  6975  7004 I art     : Starting a blocking GC Explicit
08-04 21:09:19.172  6975  7004 I art     : Explicit concurrent mark sweep GC freed 3(96B) AllocSpace objects, 0(0B) LOS objects, 23% free, 53MB/69MB, paused 349us total 17.586ms
08-04 21:09:19.178  6975  7004 I art     : Starting a blocking GC Explicit
08-04 21:09:19.195  6975  7004 I art     : Explicit concurrent mark sweep GC freed 3(96B) AllocSpace objects, 0(0B) LOS objects, 23% free, 53MB/69MB, paused 332us total 17.047ms
08-04 21:09:19.294  9218  9218 D AndroidRuntime: >>>>>> START com.android.internal.os.RuntimeInit uid 2000 <<<<<<
08-04 21:09:19.299  9218  9218 D AndroidRuntime: CheckJNI is OFF
08-04 21:09:19.329  9218  9218 D ICU     : No timezone override file found: /data/misc/zoneinfo/current/icu/icu_tzdata.dat
08-04 21:09:19.354  9218  9218 I Radio-JNI: register_android_hardware_Radio DONE
08-04 21:09:19.370  9218  9218 D AndroidRuntime: Calling main entry com.android.commands.input.Input
08-04 21:09:19.372  9218  9218 I Input   : injectKeyEvent: KeyEvent { action=ACTION_DOWN, keyCode=KEYCODE_BACK, scanCode=0, metaState=0, flags=0x0, repeatCount=0, eventTime=738575785, downTime=738575785, deviceId=-1, source=0x101 }
08-04 21:09:19.376  9218  9218 I Input   : injectKeyEvent: KeyEvent { action=ACTION_UP, keyCode=KEYCODE_BACK, scanCode=0, metaState=0, flags=0x0, repeatCount=0, eventTime=738575785, downTime=738575785, deviceId=-1, source=0x101 }
08-04 21:09:19.380  9218  9218 D AndroidRuntime: Shutting down VM
08-04 21:09:19.415 13866 13866 I GoogleInputMethodServic: GoogleInputMethodService.onFinishInput():3138 
08-04 21:09:19.416 13866 13866 I GoogleInputMethodServic: GoogleInputMethodService.onStartInput():1808 
08-04 21:09:19.439  6975  7372 I art     : Starting a blocking GC Explicit
08-04 21:09:19.458  6975  7372 I art     : Explicit concurrent mark sweep GC freed 1482(84KB) AllocSpace objects, 1(20KB) LOS objects, 23% free, 53MB/69MB, paused 465us total 18.244ms
08-04 21:09:19.466  6975  7372 I art     : Starting a blocking GC Explicit
08-04 21:09:19.481  6975  7372 I art     : Explicit concurrent mark sweep GC freed 26(944B) AllocSpace objects, 0(0B) LOS objects, 23% free, 53MB/69MB, paused 313us total 15.251ms
08-04 21:09:19.487  6975  7372 I art     : Starting a blocking GC Explicit
08-04 21:09:19.502  6975  7372 I art     : Explicit concurrent mark sweep GC freed 3(96B) AllocSpace objects, 0(0B) LOS objects, 23% free, 53MB/69MB, paused 349us total 15.021ms
08-04 21:09:19.509  6975  7372 I art     : Starting a blocking GC Explicit
08-04 21:09:19.526  6975  7372 I art     : Explicit concurrent mark sweep GC freed 3(96B) AllocSpace objects, 0(0B) LOS objects, 23% free, 53MB/69MB, paused 354us total 17.158ms
08-04 21:09:19.534  6975  7372 I art     : Starting a blocking GC Explicit
08-04 21:09:19.552  6975  7372 I art     : Explicit concurrent mark sweep GC freed 3(96B) AllocSpace objects, 0(0B) LOS objects, 23% free, 53MB/69MB, paused 310us total 17.169ms
08-04 21:09:19.707   380   380 W SurfaceFlinger: couldn't log to binary event log: overflow.
08-04 21:09:19.808  6975  7004 I art     : Starting a blocking GC Explicit
08-04 21:09:19.826  6975  7004 I art     : Explicit concurrent mark sweep GC freed 1463(87KB) AllocSpace objects, 1(20KB) LOS objects, 23% free, 53MB/69MB, paused 350us total 17.255ms
08-04 21:09:19.832  6975  7004 I art     : Starting a blocking GC Explicit
08-04 21:09:19.848  6975  7004 I art     : Explicit concurrent mark sweep GC freed 4698(269KB) AllocSpace objects, 2(140KB) LOS objects, 23% free, 52MB/68MB, paused 355us total 15.424ms
08-04 21:09:19.854  6975  7004 I art     : Starting a blocking GC Explicit
08-04 21:09:19.869  6975  7004 I art     : Explicit concurrent mark sweep GC freed 3(96B) AllocSpace objects, 0(0B) LOS objects, 23% free, 52MB/68MB, paused 333us total 14.880ms
08-04 21:09:19.875  6975  7004 I art     : Starting a blocking GC Explicit
08-04 21:09:19.891  6975  7004 I art     : Explicit concurrent mark sweep GC freed 3(96B) AllocSpace objects, 0(0B) LOS objects, 23% free, 52MB/68MB, paused 328us total 14.866ms
08-04 21:09:19.897  6975  7004 I art     : Starting a blocking GC Explicit
08-04 21:09:19.912  6975  7004 I art     : Explicit concurrent mark sweep GC freed 3(96B) AllocSpace objects, 0(0B) LOS objects, 23% free, 52MB/68MB, paused 338us total 15.215ms
08-04 21:09:20.183  6975  6987 I art     : Starting a blocking GC Explicit
08-04 21:09:20.201  6975  6987 I art     : Explicit concurrent mark sweep GC freed 1344(78KB) AllocSpace objects, 1(20KB) LOS objects, 23% free, 52MB/68MB, paused 366us total 18.318ms
08-04 21:09:20.208  6975  6987 I art     : Starting a blocking GC Explicit
08-04 21:09:20.225  6975  6987 I art     : Explicit concurrent mark sweep GC freed 20(704B) AllocSpace objects, 0(0B) LOS objects, 23% free, 52MB/68MB, paused 331us total 16.759ms
08-04 21:09:20.232  6975  6987 I art     : Starting a blocking GC Explicit
08-04 21:09:20.250  6975  6987 I art     : Explicit concurrent mark sweep GC freed 3(96B) AllocSpace objects, 0(0B) LOS objects, 23% free, 52MB/68MB, paused 346us total 17.383ms
08-04 21:09:20.256  6975  6987 I art     : Starting a blocking GC Explicit
08-04 21:09:20.273  6975  6987 I art     : Explicit concurrent mark sweep GC freed 3(96B) AllocSpace objects, 0(0B) LOS objects, 23% free, 52MB/68MB, paused 319us total 16.375ms
08-04 21:09:20.280  6975  6987 I art     : Starting a blocking GC Explicit
08-04 21:09:20.296  6975  6987 I art     : Explicit concurrent mark sweep GC freed 3(96B) AllocSpace objects, 0(0B) LOS objects, 23% free, 52MB/68MB, paused 322us total 16.400ms
08-04 21:09:20.584  6975  6988 I art     : Starting a blocking GC Explicit
08-04 21:09:20.608  6975  6988 I art     : Explicit concurrent mark sweep GC freed 1343(78KB) AllocSpace objects, 1(20KB) LOS objects, 23% free, 52MB/68MB, paused 603us total 23.623ms
08-04 21:09:20.617  6975  6988 I art     : Starting a blocking GC Explicit
08-04 21:09:20.634  6975  6988 I art     : Explicit concurrent mark sweep GC freed 20(704B) AllocSpace objects, 0(0B) LOS objects, 23% free, 52MB/68MB, paused 324us total 16.783ms
08-04 21:09:20.641  6975  6988 I art     : Starting a blocking GC Explicit
08-04 21:09:20.656  6975  6988 I art     : Explicit concurrent mark sweep GC freed 3(96B) AllocSpace objects, 0(0B) LOS objects, 23% free, 52MB/68MB, paused 337us total 15.635ms
08-04 21:09:20.663  6975  6988 I art     : Starting a blocking GC Explicit
08-04 21:09:20.679  6975  6988 I art     : Explicit concurrent mark sweep GC freed 3(96B) AllocSpace objects, 0(0B) LOS objects, 23% free, 52MB/68MB, paused 380us total 16.078ms
08-04 21:09:20.686  6975  6988 I art     : Starting a blocking GC Explicit
08-04 21:09:20.701  6975  6988 I art     : Explicit concurrent mark sweep GC freed 3(96B) AllocSpace objects, 0(0B) LOS objects, 23% free, 52MB/68MB, paused 324us total 14.710ms
08-04 21:09:20.928  9279  9279 D AndroidRuntime: >>>>>> START com.android.internal.os.RuntimeInit uid 2000 <<<<<<
08-04 21:09:20.932  9279  9279 D AndroidRuntime: CheckJNI is OFF
08-04 21:09:20.955  6975  7372 I art     : Starting a blocking GC Explicit
08-04 21:09:20.960  9279  9279 D ICU     : No timezone override file found: /data/misc/zoneinfo/current/icu/icu_tzdata.dat
08-04 21:09:20.972  6975  7372 I art     : Explicit concurrent mark sweep GC freed 1343(78KB) AllocSpace objects, 1(20KB) LOS objects, 23% free, 52MB/68MB, paused 369us total 17.015ms
08-04 21:09:20.979  6975  7372 I art     : Starting a blocking GC Explicit
08-04 21:09:20.987  9279  9279 I Radio-JNI: register_android_hardware_Radio DONE
08-04 21:09:20.996  6975  7372 I art     : Explicit concurrent mark sweep GC freed 21(736B) AllocSpace objects, 0(0B) LOS objects, 23% free, 52MB/68MB, paused 335us total 16.472ms
08-04 21:09:21.003  6975  7372 I art     : Starting a blocking GC Explicit
08-04 21:09:21.005  9279  9279 D AndroidRuntime: Calling main entry com.android.commands.input.Input
08-04 21:09:21.008  9279  9279 I Input   : injectMotionEvent: MotionEvent { action=ACTION_DOWN, actionButton=0, id[0]=0, x[0]=648.0, y[0]=1050.0, toolType[0]=TOOL_TYPE_UNKNOWN, buttonState=0, metaState=0, flags=0x0, edgeFlags=0x0, pointerCount=1, historySize=0, eventTime=738577420, downTime=738577420, deviceId=0, source=0x1002 }
08-04 21:09:21.014  9279  9279 I Input   : injectMotionEvent: MotionEvent { action=ACTION_UP, actionButton=0, id[0]=0, x[0]=648.0, y[0]=1050.0, toolType[0]=TOOL_TYPE_UNKNOWN, buttonState=0, metaState=0, flags=0x0, edgeFlags=0x0, pointerCount=1, historySize=0, eventTime=738577420, downTime=738577420, deviceId=0, source=0x1002 }
08-04 21:09:21.017  9279  9279 D AndroidRuntime: Shutting down VM
08-04 21:09:21.020  6975  7372 I art     : Explicit concurrent mark sweep GC freed 31(1056B) AllocSpace objects, 0(0B) LOS objects, 23% free, 52MB/68MB, paused 332us total 17.719ms
08-04 21:09:21.027  6975  7372 I art     : Starting a blocking GC Explicit
08-04 21:09:21.028   918  4400 I ActivityManager: START u0 {cmp=baseline.appteam.nith.hillffair/.activities.InformationActivity} from uid 10651 on display 0
08-04 21:09:21.029   512  2967 D audio_hw_primary: out_set_parameters: enter: usecase(1: low-latency-playback) kvpairs: routing=2
08-04 21:09:21.042   512  2967 D audio_hw_primary: select_devices: out_snd_device(2: speaker) in_snd_device(0: none)
08-04 21:09:21.042   512  2967 D msm8974_platform: platform_send_audio_calibration: sending audio calibration for snd_device(2) acdb_id(15)
08-04 21:09:21.042   512  2967 I soundtrigger: audio_extn_sound_trigger_update_device_status: device 0x2 of type 0 for Event 1
08-04 21:09:21.043  6975  7372 I art     : Explicit concurrent mark sweep GC freed 20(4KB) AllocSpace objects, 0(0B) LOS objects, 23% free, 52MB/68MB, paused 547us total 16.084ms
08-04 21:09:21.050  6975  7372 I art     : Starting a blocking GC Explicit
08-04 21:09:21.054   512  2967 D audio_hw_primary: enable_snd_device: snd_device(2: speaker)
08-04 21:09:21.055   512  2967 D audio_hw_primary: enable_audio_route: apply and update mixer path: low-latency-playback speaker
08-04 21:09:21.066  6975  7372 I art     : Explicit concurrent mark sweep GC freed 462(30KB) AllocSpace objects, 0(0B) LOS objects, 23% free, 52MB/68MB, paused 531us total 15.644ms
08-04 21:09:21.156 13866 13866 I GoogleInputMethodServic: GoogleInputMethodService.onFinishInput():3138 
08-04 21:09:21.156   918   936 I ActivityManager: Displayed baseline.appteam.nith.hillffair/.activities.InformationActivity: +112ms
08-04 21:09:21.157 13866 13866 I GoogleInputMethodServic: GoogleInputMethodService.onStartInput():1808 
08-04 21:09:21.177  6975  7001 D OpenGLRenderer: endAllStagingAnimators on 0x7f994de000 (RippleDrawable) with handle 0x7f9a1f6cc0
08-04 21:09:21.323  6975  7004 I art     : Starting a blocking GC Explicit
08-04 21:09:21.351  6975  7004 I art     : Explicit concurrent mark sweep GC freed 1907(124KB) AllocSpace objects, 1(20KB) LOS objects, 23% free, 52MB/68MB, paused 544us total 27.692ms
08-04 21:09:21.361  6975  7004 I art     : Starting a blocking GC Explicit
08-04 21:09:21.378  6975  7004 I art     : Explicit concurrent mark sweep GC freed 174(7KB) AllocSpace objects, 0(0B) LOS objects, 23% free, 52MB/68MB, paused 334us total 17.226ms
08-04 21:09:21.385  6975  7004 I art     : Starting a blocking GC Explicit
08-04 21:09:21.402  6975  7004 I art     : Explicit concurrent mark sweep GC freed 3(96B) AllocSpace objects, 0(0B) LOS objects, 23% free, 52MB/68MB, paused 325us total 16.541ms
08-04 21:09:21.409  6975  7004 I art     : Starting a blocking GC Explicit
08-04 21:09:21.410   380   380 W SurfaceFlinger: couldn't log to binary event log: overflow.
08-04 21:09:21.426  6975  7004 I art     : Explicit concurrent mark sweep GC freed 3(96B) AllocSpace objects, 0(0B) LOS objects, 23% free, 52MB/68MB, paused 310us total 16.273ms
08-04 21:09:21.432  6975  7004 I art     : Starting a blocking GC Explicit
08-04 21:09:21.447  6975  7004 I art     : Explicit concurrent mark sweep GC freed 3(96B) AllocSpace objects, 0(0B) LOS objects, 23% free, 52MB/68MB, paused 355us total 15.352ms
08-04 21:09:21.591   512  2967 D audio_hw_primary: disable_audio_route: reset and update mixer path: low-latency-playback speaker
08-04 21:09:21.593   512  2967 D audio_hw_primary: disable_snd_device: snd_device(2: speaker)
08-04 21:09:21.601   512  2967 I soundtrigger: audio_extn_sound_trigger_update_device_status: device 0x2 of type 0 for Event 0
08-04 21:09:21.733  6975  7004 I art     : Starting a blocking GC Explicit
08-04 21:09:21.758  6975  7004 I art     : Explicit concurrent mark sweep GC freed 1442(84KB) AllocSpace objects, 1(20KB) LOS objects, 23% free, 52MB/68MB, paused 335us total 24.250ms
08-04 21:09:21.766  6975  7004 I art     : Starting a blocking GC Explicit
08-04 21:09:21.781  6975  7004 I art     : Explicit concurrent mark sweep GC freed 36(1216B) AllocSpace objects, 0(0B) LOS objects, 23% free, 52MB/68MB, paused 322us total 15.233ms
08-04 21:09:21.787  6975  7004 I art     : Starting a blocking GC Explicit
08-04 21:09:21.802  6975  7004 I art     : Explicit concurrent mark sweep GC freed 3(96B) AllocSpace objects, 0(0B) LOS objects, 23% free, 52MB/68MB, paused 313us total 14.969ms
08-04 21:09:21.808  6975  7004 I art     : Starting a blocking GC Explicit
08-04 21:09:21.824  6975  7004 I art     : Explicit concurrent mark sweep GC freed 3(96B) AllocSpace objects, 0(0B) LOS objects, 23% free, 52MB/68MB, paused 326us total 15.494ms
08-04 21:09:21.830  6975  7004 I art     : Starting a blocking GC Explicit
08-04 21:09:21.846  6975  7004 I art     : Explicit concurrent mark sweep GC freed 3(96B) AllocSpace objects, 0(0B) LOS objects, 23% free, 52MB/68MB, paused 317us total 15.448ms
08-04 21:09:22.139  6975  6987 I art     : Starting a blocking GC Explicit
08-04 21:09:22.165  6975  6987 I art     : Explicit concurrent mark sweep GC freed 1344(78KB) AllocSpace objects, 1(20KB) LOS objects, 23% free, 52MB/68MB, paused 403us total 25.095ms
08-04 21:09:22.175  6975  6987 I art     : Starting a blocking GC Explicit
08-04 21:09:22.193  6975  6987 I art     : Explicit concurrent mark sweep GC freed 20(704B) AllocSpace objects, 0(0B) LOS objects, 23% free, 52MB/68MB, paused 343us total 17.348ms
08-04 21:09:22.200  6975  6987 I art     : Starting a blocking GC Explicit
08-04 21:09:22.217  6975  6987 I art     : Explicit concurrent mark sweep GC freed 3(96B) AllocSpace objects, 0(0B) LOS objects, 23% free, 52MB/68MB, paused 366us total 17.370ms
08-04 21:09:22.224  6975  6987 I art     : Starting a blocking GC Explicit
08-04 21:09:22.242  6975  6987 I art     : Explicit concurrent mark sweep GC freed 3(96B) AllocSpace objects, 0(0B) LOS objects, 23% free, 52MB/68MB, paused 347us total 17.825ms
08-04 21:09:22.250  6975  6987 I art     : Starting a blocking GC Explicit
08-04 21:09:22.267  6975  6987 I art     : Explicit concurrent mark sweep GC freed 3(96B) AllocSpace objects, 0(0B) LOS objects, 23% free, 52MB/68MB, paused 362us total 17.510ms
08-04 21:09:22.559  6975  7372 I art     : Starting a blocking GC Explicit
08-04 21:09:22.584  6975  7372 I art     : Explicit concurrent mark sweep GC freed 1344(78KB) AllocSpace objects, 1(20KB) LOS objects, 23% free, 52MB/68MB, paused 403us total 24.600ms
08-04 21:09:22.592  6975  7372 I art     : Starting a blocking GC Explicit
08-04 21:09:22.610  6975  7372 I art     : Explicit concurrent mark sweep GC freed 20(704B) AllocSpace objects, 0(0B) LOS objects, 23% free, 52MB/68MB, paused 343us total 17.824ms
08-04 21:09:22.618  6975  7372 I art     : Starting a blocking GC Explicit
08-04 21:09:22.635  6975  7372 I art     : Explicit concurrent mark sweep GC freed 3(96B) AllocSpace objects, 0(0B) LOS objects, 23% free, 52MB/68MB, paused 321us total 17.069ms
08-04 21:09:22.642  6975  7372 I art     : Starting a blocking GC Explicit
08-04 21:09:22.659  6975  7372 I art     : Explicit concurrent mark sweep GC freed 3(96B) AllocSpace objects, 0(0B) LOS objects, 23% free, 52MB/68MB, paused 337us total 17.083ms
08-04 21:09:22.666  6975  7372 I art     : Starting a blocking GC Explicit
08-04 21:09:22.684  6975  7372 I art     : Explicit concurrent mark sweep GC freed 3(96B) AllocSpace objects, 0(0B) LOS objects, 23% free, 52MB/68MB, paused 333us total 17.569ms
08-04 21:09:22.988  6975  6988 I art     : Starting a blocking GC Explicit
08-04 21:09:23.014  6975  6988 I art     : Explicit concurrent mark sweep GC freed 1374(79KB) AllocSpace objects, 1(20KB) LOS objects, 23% free, 52MB/68MB, paused 378us total 25.749ms
08-04 21:09:23.021  6975  6988 I art     : Starting a blocking GC Explicit
08-04 21:09:23.039  6975  6988 I art     : Explicit concurrent mark sweep GC freed 20(704B) AllocSpace objects, 0(0B) LOS objects, 23% free, 52MB/68MB, paused 329us total 17.557ms
08-04 21:09:23.046  6975  6988 I art     : Starting a blocking GC Explicit
08-04 21:09:23.063  6975  6988 I art     : Explicit concurrent mark sweep GC freed 3(96B) AllocSpace objects, 0(0B) LOS objects, 23% free, 52MB/68MB, paused 341us total 17.410ms
08-04 21:09:23.071  6975  6988 I art     : Starting a blocking GC Explicit
08-04 21:09:23.088  6975  6988 I art     : Explicit concurrent mark sweep GC freed 3(96B) AllocSpace objects, 0(0B) LOS objects, 23% free, 52MB/68MB, paused 342us total 16.885ms
08-04 21:09:23.094  6975  6988 I art     : Starting a blocking GC Explicit
08-04 21:09:23.112  6975  6988 I art     : Explicit concurrent mark sweep GC freed 3(96B) AllocSpace objects, 0(0B) LOS objects, 23% free, 52MB/68MB, paused 336us total 17.015ms
08-04 21:09:23.442  6975  6987 I art     : Starting a blocking GC Explicit
08-04 21:09:23.475  6975  6987 I art     : Explicit concurrent mark sweep GC freed 1357(78KB) AllocSpace objects, 1(20KB) LOS objects, 23% free, 52MB/68MB, paused 442us total 32.705ms
08-04 21:09:23.483  6975  6987 I art     : Starting a blocking GC Explicit
08-04 21:09:23.499  6975  6987 I art     : Explicit concurrent mark sweep GC freed 34(1136B) AllocSpace objects, 0(0B) LOS objects, 23% free, 52MB/68MB, paused 310us total 16.098ms
08-04 21:09:23.505  6975  6987 I art     : Starting a blocking GC Explicit
08-04 21:09:23.520  6975  6987 I art     : Explicit concurrent mark sweep GC freed 3(96B) AllocSpace objects, 0(0B) LOS objects, 23% free, 52MB/68MB, paused 302us total 14.627ms
08-04 21:09:23.526  6975  6987 I art     : Starting a blocking GC Explicit
08-04 21:09:23.541  6975  6987 I art     : Explicit concurrent mark sweep GC freed 3(96B) AllocSpace objects, 0(0B) LOS objects, 23% free, 52MB/68MB, paused 318us total 15.526ms
08-04 21:09:23.548  6975  6987 I art     : Starting a blocking GC Explicit
08-04 21:09:23.564  6975  6987 I art     : Explicit concurrent mark sweep GC freed 3(96B) AllocSpace objects, 0(0B) LOS objects, 23% free, 52MB/68MB, paused 324us total 16.182ms
08-04 21:09:23.899  6975  7372 I art     : Starting a blocking GC Explicit
08-04 21:09:23.929  6975  7372 I art     : Explicit concurrent mark sweep GC freed 1344(78KB) AllocSpace objects, 1(20KB) LOS objects, 23% free, 52MB/68MB, paused 430us total 30.125ms
08-04 21:09:23.937  6975  7372 I art     : Starting a blocking GC Explicit
08-04 21:09:23.955  6975  7372 I art     : Explicit concurrent mark sweep GC freed 20(704B) AllocSpace objects, 0(0B) LOS objects, 23% free, 52MB/68MB, paused 329us total 17.616ms
08-04 21:09:23.963  6975  7372 I art     : Starting a blocking GC Explicit
08-04 21:09:23.980  6975  7372 I art     : Explicit concurrent mark sweep GC freed 3(96B) AllocSpace objects, 0(0B) LOS objects, 23% free, 52MB/68MB, paused 319us total 17.174ms
08-04 21:09:23.987  6975  7372 I art     : Starting a blocking GC Explicit
08-04 21:09:24.004  6975  7372 I art     : Explicit concurrent mark sweep GC freed 3(96B) AllocSpace objects, 0(0B) LOS objects, 23% free, 52MB/68MB, paused 318us total 16.885ms
08-04 21:09:24.011  6975  7372 I art     : Starting a blocking GC Explicit
08-04 21:09:24.028  6975  7372 I art     : Explicit concurrent mark sweep GC freed 3(96B) AllocSpace objects, 0(0B) LOS objects, 23% free, 52MB/68MB, paused 348us total 16.935ms
08-04 21:09:24.357  6975  7004 I art     : Starting a blocking GC Explicit
08-04 21:09:24.382  6975  7004 I art     : Explicit concurrent mark sweep GC freed 1344(78KB) AllocSpace objects, 1(20KB) LOS objects, 23% free, 52MB/68MB, paused 380us total 24.841ms
08-04 21:09:24.396  6975  7004 I art     : Starting a blocking GC Explicit
08-04 21:09:24.414  6975  7004 I art     : Explicit concurrent mark sweep GC freed 20(704B) AllocSpace objects, 0(0B) LOS objects, 23% free, 52MB/68MB, paused 300us total 17.086ms
08-04 21:09:24.420  6975  7004 I art     : Starting a blocking GC Explicit
08-04 21:09:24.438  6975  7004 I art     : Explicit concurrent mark sweep GC freed 3(96B) AllocSpace objects, 0(0B) LOS objects, 23% free, 52MB/68MB, paused 316us total 17.087ms
08-04 21:09:24.445  6975  7004 I art     : Starting a blocking GC Explicit
08-04 21:09:24.462  6975  7004 I art     : Explicit concurrent mark sweep GC freed 3(96B) AllocSpace objects, 0(0B) LOS objects, 23% free, 52MB/68MB, paused 304us total 17.332ms
08-04 21:09:24.469  6975  7004 I art     : Starting a blocking GC Explicit
08-04 21:09:24.487  6975  7004 I art     : Explicit concurrent mark sweep GC freed 3(96B) AllocSpace objects, 0(0B) LOS objects, 23% free, 52MB/68MB, paused 478us total 17.700ms
08-04 21:09:24.813  6975  6988 I art     : Starting a blocking GC Explicit
08-04 21:09:24.842  6975  6988 I art     : Explicit concurrent mark sweep GC freed 1344(78KB) AllocSpace objects, 1(20KB) LOS objects, 23% free, 52MB/68MB, paused 455us total 28.296ms
08-04 21:09:24.854  6975  6988 I art     : Starting a blocking GC Explicit
08-04 21:09:24.872  6975  6988 I art     : Explicit concurrent mark sweep GC freed 20(704B) AllocSpace objects, 0(0B) LOS objects, 23% free, 52MB/68MB, paused 328us total 17.866ms
08-04 21:09:24.880  6975  6988 I art     : Starting a blocking GC Explicit
08-04 21:09:24.897  6975  6988 I art     : Explicit concurrent mark sweep GC freed 3(96B) AllocSpace objects, 0(0B) LOS objects, 23% free, 52MB/68MB, paused 335us total 17.434ms
08-04 21:09:24.904  6975  6988 I art     : Starting a blocking GC Explicit
08-04 21:09:24.921  6975  6988 I art     : Explicit concurrent mark sweep GC freed 3(96B) AllocSpace objects, 0(0B) LOS objects, 23% free, 52MB/68MB, paused 313us total 16.813ms
08-04 21:09:24.928  6975  6988 I art     : Starting a blocking GC Explicit
08-04 21:09:24.945  6975  6988 I art     : Explicit concurrent mark sweep GC freed 3(96B) AllocSpace objects, 0(0B) LOS objects, 23% free, 52MB/68MB, paused 319us total 17.364ms
08-04 21:09:25.273  6975  6987 I art     : Starting a blocking GC Explicit
08-04 21:09:25.293  6975  6987 I art     : Explicit concurrent mark sweep GC freed 1344(78KB) AllocSpace objects, 1(20KB) LOS objects, 23% free, 52MB/68MB, paused 363us total 19.783ms
08-04 21:09:25.300  6975  6987 I art     : Starting a blocking GC Explicit
08-04 21:09:25.317  6975  6987 I art     : Explicit concurrent mark sweep GC freed 20(704B) AllocSpace objects, 0(0B) LOS objects, 23% free, 52MB/68MB, paused 376us total 16.593ms
08-04 21:09:25.324  6975  6987 I art     : Starting a blocking GC Explicit
08-04 21:09:25.340  6975  6987 I art     : Explicit concurrent mark sweep GC freed 3(96B) AllocSpace objects, 0(0B) LOS objects, 23% free, 52MB/68MB, paused 345us total 15.943ms
08-04 21:09:25.346  6975  6987 I art     : Starting a blocking GC Explicit
08-04 21:09:25.363  6975  6987 I art     : Explicit concurrent mark sweep GC freed 3(96B) AllocSpace objects, 0(0B) LOS objects, 23% free, 52MB/68MB, paused 331us total 16.211ms
08-04 21:09:25.369  6975  6987 I art     : Starting a blocking GC Explicit
08-04 21:09:25.385  6975  6987 I art     : Explicit concurrent mark sweep GC freed 3(96B) AllocSpace objects, 0(0B) LOS objects, 23% free, 52MB/68MB, paused 323us total 16.140ms
08-04 21:09:25.575  9405  9405 D AndroidRuntime: >>>>>> START com.android.internal.os.RuntimeInit uid 2000 <<<<<<
08-04 21:09:25.579  9405  9405 D AndroidRuntime: CheckJNI is OFF
08-04 21:09:25.604  9405  9405 D ICU     : No timezone override file found: /data/misc/zoneinfo/current/icu/icu_tzdata.dat
08-04 21:09:25.628  9405  9405 I Radio-JNI: register_android_hardware_Radio DONE
08-04 21:09:25.644  9405  9405 D AndroidRuntime: Calling main entry com.android.commands.input.Input
08-04 21:09:25.645  9405  9405 I Input   : injectKeyEvent: KeyEvent { action=ACTION_DOWN, keyCode=KEYCODE_BACK, scanCode=0, metaState=0, flags=0x0, repeatCount=0, eventTime=738582058, downTime=738582058, deviceId=-1, source=0x101 }
08-04 21:09:25.651  9405  9405 I Input   : injectKeyEvent: KeyEvent { action=ACTION_UP, keyCode=KEYCODE_BACK, scanCode=0, metaState=0, flags=0x0, repeatCount=0, eventTime=738582058, downTime=738582058, deviceId=-1, source=0x101 }
08-04 21:09:25.656  9405  9405 D AndroidRuntime: Shutting down VM
08-04 21:09:25.683  6975  7372 I art     : Starting a blocking GC Explicit
08-04 21:09:25.692 13866 13866 I GoogleInputMethodServic: GoogleInputMethodService.onFinishInput():3138 
08-04 21:09:25.694 13866 13866 I GoogleInputMethodServic: GoogleInputMethodService.onStartInput():1808 
08-04 21:09:25.702  6975  7372 I art     : Explicit concurrent mark sweep GC freed 1464(84KB) AllocSpace objects, 1(20KB) LOS objects, 23% free, 52MB/68MB, paused 335us total 18.716ms
08-04 21:09:25.710  6975  7372 I art     : Starting a blocking GC Explicit
08-04 21:09:25.730  6975  7372 I art     : Explicit concurrent mark sweep GC freed 44(1520B) AllocSpace objects, 0(0B) LOS objects, 23% free, 52MB/68MB, paused 326us total 20.745ms
08-04 21:09:25.737  6975  7372 I art     : Starting a blocking GC Explicit
08-04 21:09:25.752  6975  7372 I art     : Explicit concurrent mark sweep GC freed 4(128B) AllocSpace objects, 0(0B) LOS objects, 23% free, 52MB/68MB, paused 336us total 15.053ms
08-04 21:09:25.759  6975  7372 I art     : Starting a blocking GC Explicit
08-04 21:09:25.774  6975  7372 I art     : Explicit concurrent mark sweep GC freed 3(96B) AllocSpace objects, 0(0B) LOS objects, 23% free, 52MB/68MB, paused 296us total 14.835ms
08-04 21:09:25.781  6975  7372 I art     : Starting a blocking GC Explicit
08-04 21:09:25.797  6975  7372 I art     : Explicit concurrent mark sweep GC freed 3(96B) AllocSpace objects, 0(0B) LOS objects, 23% free, 52MB/68MB, paused 349us total 16.649ms
08-04 21:09:25.999   380   380 W SurfaceFlinger: couldn't log to binary event log: overflow.
08-04 21:09:26.036  6975  6987 I art     : Starting a blocking GC Explicit
08-04 21:09:26.045  4694  4694 I ServiceManager: Waiting for service AtCmdFwd...
08-04 21:09:26.052  6975  6987 I art     : Explicit concurrent mark sweep GC freed 1454(87KB) AllocSpace objects, 1(20KB) LOS objects, 23% free, 52MB/68MB, paused 327us total 15.738ms
08-04 21:09:26.059  6975  6987 I art     : Starting a blocking GC Explicit
08-04 21:09:26.076  6975  6987 I art     : Explicit concurrent mark sweep GC freed 1401(90KB) AllocSpace objects, 1(28KB) LOS objects, 23% free, 52MB/68MB, paused 342us total 17.244ms
08-04 21:09:26.083  6975  6987 I art     : Starting a blocking GC Explicit
08-04 21:09:26.101  6975  6987 I art     : Explicit concurrent mark sweep GC freed 3(96B) AllocSpace objects, 0(0B) LOS objects, 23% free, 52MB/68MB, paused 349us total 17.397ms
08-04 21:09:26.108  6975  6987 I art     : Starting a blocking GC Explicit
08-04 21:09:26.125  6975  6987 I art     : Explicit concurrent mark sweep GC freed 3(96B) AllocSpace objects, 0(0B) LOS objects, 23% free, 52MB/68MB, paused 332us total 17.105ms
08-04 21:09:26.133  6975  6987 I art     : Starting a blocking GC Explicit
08-04 21:09:26.150  6975  6987 I art     : Explicit concurrent mark sweep GC freed 3(96B) AllocSpace objects, 0(0B) LOS objects, 23% free, 52MB/68MB, paused 303us total 16.976ms
08-04 21:09:26.444  6975  7004 I art     : Starting a blocking GC Explicit
08-04 21:09:26.474  6975  7004 I art     : Explicit concurrent mark sweep GC freed 1344(78KB) AllocSpace objects, 1(20KB) LOS objects, 23% free, 52MB/68MB, paused 422us total 28.843ms
08-04 21:09:26.488  6975  7004 I art     : Starting a blocking GC Explicit
08-04 21:09:26.508  6975  7004 I art     : Explicit concurrent mark sweep GC freed 20(704B) AllocSpace objects, 0(0B) LOS objects, 23% free, 52MB/68MB, paused 329us total 20.383ms
08-04 21:09:26.515  6975  7004 I art     : Starting a blocking GC Explicit
08-04 21:09:26.533  6975  7004 I art     : Explicit concurrent mark sweep GC freed 3(96B) AllocSpace objects, 0(0B) LOS objects, 23% free, 52MB/68MB, paused 331us total 17.401ms
08-04 21:09:26.540  6975  7004 I art     : Starting a blocking GC Explicit
08-04 21:09:26.557  6975  7004 I art     : Explicit concurrent mark sweep GC freed 3(96B) AllocSpace objects, 0(0B) LOS objects, 23% free, 52MB/68MB, paused 339us total 16.803ms
08-04 21:09:26.564  6975  7004 I art     : Starting a blocking GC Explicit
08-04 21:09:26.580  6975  7004 I art     : Explicit concurrent mark sweep GC freed 3(96B) AllocSpace objects, 0(0B) LOS objects, 23% free, 52MB/68MB, paused 321us total 16.371ms
08-04 21:09:26.862  6975  6988 I art     : Starting a blocking GC Explicit
08-04 21:09:26.883  6975  6988 I art     : Explicit concurrent mark sweep GC freed 1343(78KB) AllocSpace objects, 1(20KB) LOS objects, 23% free, 52MB/68MB, paused 377us total 20.552ms
08-04 21:09:26.896  6975  6988 I art     : Starting a blocking GC Explicit
08-04 21:09:26.912  6975  6988 I art     : Explicit concurrent mark sweep GC freed 20(704B) AllocSpace objects, 0(0B) LOS objects, 23% free, 52MB/68MB, paused 342us total 15.721ms
08-04 21:09:26.919  6975  6988 I art     : Starting a blocking GC Explicit
08-04 21:09:26.934  6975  6988 I art     : Explicit concurrent mark sweep GC freed 3(96B) AllocSpace objects, 0(0B) LOS objects, 23% free, 52MB/68MB, paused 320us total 15.420ms
08-04 21:09:26.941  6975  6988 I art     : Starting a blocking GC Explicit
08-04 21:09:26.956  6975  6988 I art     : Explicit concurrent mark sweep GC freed 3(96B) AllocSpace objects, 0(0B) LOS objects, 23% free, 52MB/68MB, paused 417us total 14.693ms
08-04 21:09:26.962  6975  6988 I art     : Starting a blocking GC Explicit
08-04 21:09:26.977  6975  6988 I art     : Explicit concurrent mark sweep GC freed 3(96B) AllocSpace objects, 0(0B) LOS objects, 23% free, 52MB/68MB, paused 444us total 14.693ms
08-04 21:09:27.045  4694  4694 I ServiceManager: Waiting for service AtCmdFwd...
08-04 21:09:27.195  9459  9459 D AndroidRuntime: >>>>>> START com.android.internal.os.RuntimeInit uid 2000 <<<<<<
08-04 21:09:27.200  9459  9459 D AndroidRuntime: CheckJNI is OFF
08-04 21:09:27.225  6975  7372 I art     : Starting a blocking GC Explicit
08-04 21:09:27.226  9459  9459 D ICU     : No timezone override file found: /data/misc/zoneinfo/current/icu/icu_tzdata.dat
08-04 21:09:27.242  6975  7372 I art     : Explicit concurrent mark sweep GC freed 1343(78KB) AllocSpace objects, 1(20KB) LOS objects, 23% free, 52MB/68MB, paused 327us total 16.522ms
08-04 21:09:27.248  6975  7372 I art     : Starting a blocking GC Explicit
08-04 21:09:27.252  9459  9459 I Radio-JNI: register_android_hardware_Radio DONE
08-04 21:09:27.265  6975  7372 I art     : Explicit concurrent mark sweep GC freed 20(704B) AllocSpace objects, 0(0B) LOS objects, 23% free, 52MB/68MB, paused 337us total 16.367ms
08-04 21:09:27.268  9459  9459 D AndroidRuntime: Calling main entry com.android.commands.input.Input
08-04 21:09:27.270  9459  9459 I Input   : injectMotionEvent: MotionEvent { action=ACTION_DOWN, actionButton=0, id[0]=0, x[0]=756.0, y[0]=1530.0, toolType[0]=TOOL_TYPE_UNKNOWN, buttonState=0, metaState=0, flags=0x0, edgeFlags=0x0, pointerCount=1, historySize=0, eventTime=738583683, downTime=738583683, deviceId=0, source=0x1002 }
08-04 21:09:27.272  6975  7372 I art     : Starting a blocking GC Explicit
08-04 21:09:27.276  9459  9459 I Input   : injectMotionEvent: MotionEvent { action=ACTION_UP, actionButton=0, id[0]=0, x[0]=756.0, y[0]=1530.0, toolType[0]=TOOL_TYPE_UNKNOWN, buttonState=0, metaState=0, flags=0x0, edgeFlags=0x0, pointerCount=1, historySize=0, eventTime=738583683, downTime=738583683, deviceId=0, source=0x1002 }
08-04 21:09:27.278  9459  9459 D AndroidRuntime: Shutting down VM
08-04 21:09:27.284   918   928 I ActivityManager: START u0 {cmp=baseline.appteam.nith.hillffair/.activities.LeaderBoardActivity} from uid 10651 on display 0
08-04 21:09:27.286   512  2967 D audio_hw_primary: out_set_parameters: enter: usecase(1: low-latency-playback) kvpairs: routing=2
08-04 21:09:27.290  6975  7372 I art     : Explicit concurrent mark sweep GC freed 32(1088B) AllocSpace objects, 0(0B) LOS objects, 23% free, 52MB/68MB, paused 415us total 17.351ms
08-04 21:09:27.297  6975  7372 I art     : Starting a blocking GC Explicit
08-04 21:09:27.299   512  2967 D audio_hw_primary: select_devices: out_snd_device(2: speaker) in_snd_device(0: none)
08-04 21:09:27.299   512  2967 D msm8974_platform: platform_send_audio_calibration: sending audio calibration for snd_device(2) acdb_id(15)
08-04 21:09:27.299   512  2967 I soundtrigger: audio_extn_sound_trigger_update_device_status: device 0x2 of type 0 for Event 1
08-04 21:09:27.309   512  2967 D audio_hw_primary: enable_snd_device: snd_device(2: speaker)
08-04 21:09:27.311   512  2967 D audio_hw_primary: enable_audio_route: apply and update mixer path: low-latency-playback speaker
08-04 21:09:27.314  6975  7372 I art     : Explicit concurrent mark sweep GC freed 85(3KB) AllocSpace objects, 0(0B) LOS objects, 23% free, 52MB/68MB, paused 346us total 16.495ms
08-04 21:09:27.320  6975  7372 I art     : Starting a blocking GC Explicit
08-04 21:09:27.337  6975  7372 I art     : Explicit concurrent mark sweep GC freed 4637(261KB) AllocSpace objects, 0(0B) LOS objects, 23% free, 52MB/68MB, paused 709us total 16.753ms
08-04 21:09:27.371  6975  6975 E RecyclerView: No adapter attached; skipping layout
08-04 21:09:27.375  6975  6975 E RecyclerView: No adapter attached; skipping layout
08-04 21:09:27.389   918   936 I ActivityManager: Displayed baseline.appteam.nith.hillffair/.activities.LeaderBoardActivity: +88ms
08-04 21:09:27.389 13866 13866 I GoogleInputMethodServic: GoogleInputMethodService.onFinishInput():3138 
08-04 21:09:27.390 13866 13866 I GoogleInputMethodServic: GoogleInputMethodService.onStartInput():1808 
08-04 21:09:27.390  6975  6975 E RecyclerView: No adapter attached; skipping layout
08-04 21:09:27.405  6975  7001 D OpenGLRenderer: endAllStagingAnimators on 0x7f7d665000 (RippleDrawable) with handle 0x7f99e8f6c0
08-04 21:09:27.587  6975  6987 I art     : Starting a blocking GC Explicit
08-04 21:09:27.611  6975  6987 I art     : Explicit concurrent mark sweep GC freed 2103(146KB) AllocSpace objects, 1(20KB) LOS objects, 23% free, 53MB/69MB, paused 351us total 24.401ms
08-04 21:09:27.621  6975  6987 I art     : Starting a blocking GC Explicit
08-04 21:09:27.642  6975  6987 I art     : Explicit concurrent mark sweep GC freed 85(3KB) AllocSpace objects, 0(0B) LOS objects, 23% free, 53MB/69MB, paused 373us total 20.902ms
08-04 21:09:27.650  6975  6987 I art     : Starting a blocking GC Explicit
08-04 21:09:27.651   380   380 W SurfaceFlinger: couldn't log to binary event log: overflow.
08-04 21:09:27.669  6975  6987 I art     : Explicit concurrent mark sweep GC freed 3(96B) AllocSpace objects, 0(0B) LOS objects, 23% free, 53MB/69MB, paused 357us total 18.160ms
08-04 21:09:27.675  6975  6987 I art     : Starting a blocking GC Explicit
08-04 21:09:27.691  6975  6987 I art     : Explicit concurrent mark sweep GC freed 3(96B) AllocSpace objects, 0(0B) LOS objects, 23% free, 53MB/69MB, paused 339us total 15.805ms
08-04 21:09:27.698  6975  6987 I art     : Starting a blocking GC Explicit
08-04 21:09:27.713  6975  6987 I art     : Explicit concurrent mark sweep GC freed 3(96B) AllocSpace objects, 0(0B) LOS objects, 23% free, 53MB/69MB, paused 366us total 15.370ms
08-04 21:09:27.849   512  2967 D audio_hw_primary: disable_audio_route: reset and update mixer path: low-latency-playback speaker
08-04 21:09:27.850   512  2967 D audio_hw_primary: disable_snd_device: snd_device(2: speaker)
08-04 21:09:27.859   512  2967 I soundtrigger: audio_extn_sound_trigger_update_device_status: device 0x2 of type 0 for Event 0
08-04 21:09:27.987  6975  6987 I art     : Starting a blocking GC Explicit
08-04 21:09:28.006  6975  6987 I art     : Explicit concurrent mark sweep GC freed 1484(86KB) AllocSpace objects, 1(20KB) LOS objects, 23% free, 53MB/69MB, paused 347us total 17.901ms
08-04 21:09:28.013  6975  6987 I art     : Starting a blocking GC Explicit
08-04 21:09:28.030  6975  6987 I art     : Explicit concurrent mark sweep GC freed 67(2240B) AllocSpace objects, 0(0B) LOS objects, 23% free, 53MB/69MB, paused 371us total 17.056ms
08-04 21:09:28.037  6975  6987 I art     : Starting a blocking GC Explicit
08-04 21:09:28.045  4694  4694 I ServiceManager: Waiting for service AtCmdFwd...
08-04 21:09:28.054  6975  6987 I art     : Explicit concurrent mark sweep GC freed 10(368B) AllocSpace objects, 0(0B) LOS objects, 23% free, 53MB/69MB, paused 337us total 17.081ms
08-04 21:09:28.061  6975  6987 I art     : Starting a blocking GC Explicit
08-04 21:09:28.078  6975  6987 I art     : Explicit concurrent mark sweep GC freed 9(336B) AllocSpace objects, 0(0B) LOS objects, 23% free, 53MB/69MB, paused 365us total 16.841ms
08-04 21:09:28.084  6975  6987 I art     : Starting a blocking GC Explicit
08-04 21:09:28.101  6975  6987 I art     : Explicit concurrent mark sweep GC freed 643(54KB) AllocSpace objects, 2(120KB) LOS objects, 23% free, 53MB/69MB, paused 424us total 16.217ms
08-04 21:09:28.128  6975  9482 D OkHttp  : --> GET https://api-hillfair-2k16.herokuapp.com/api/app/quiz/leaderboard?from=1 http/1.1
08-04 21:09:28.160  6975  9482 D OkHttp  : <-- 200 OK https://api-hillfair-2k16.herokuapp.com/api/app/quiz/leaderboard?from=1 (31ms, 56744-byte body)
08-04 21:09:28.255  6975  6975 I NAPPA_EXPERIMENTATION: MetricNetworkRequestExecutionTime: REQUEST_DURATION_SYSTEM='921',REQUEST_DURATION_OKHTTP='32',REQUEST_SYNCHRONOUS='FALSE',RESPONSE_CODE='200',RESPONSE_METHOD='GET',RESPONSE_LENGTH_OKHTTP='56744',RESPONSE_LENGTH_HEADER='56744',REQUEST_PROTOCOL='http/1.1',REQUEST_URL='https://api-hillfair-2k16.herokuapp.com/api/app/quiz/leaderboard?from=1',
08-04 21:09:28.352  6975  7372 I art     : Starting a blocking GC Explicit
08-04 21:09:28.380  6975  7372 I art     : Explicit concurrent mark sweep GC freed 29788(1405KB) AllocSpace objects, 2(100KB) LOS objects, 23% free, 53MB/69MB, paused 367us total 27.773ms
08-04 21:09:28.388  6975  7372 I art     : Starting a blocking GC Explicit
08-04 21:09:28.405  6975  7372 I art     : Explicit concurrent mark sweep GC freed 922(106KB) AllocSpace objects, 0(0B) LOS objects, 23% free, 53MB/69MB, paused 339us total 16.900ms
08-04 21:09:28.412  6975  7372 I art     : Starting a blocking GC Explicit
08-04 21:09:28.429  6975  7372 I art     : Explicit concurrent mark sweep GC freed 3(96B) AllocSpace objects, 0(0B) LOS objects, 23% free, 53MB/69MB, paused 333us total 16.474ms
08-04 21:09:28.435  6975  7372 I art     : Starting a blocking GC Explicit
08-04 21:09:28.453  6975  7372 I art     : Explicit concurrent mark sweep GC freed 3(96B) AllocSpace objects, 0(0B) LOS objects, 23% free, 53MB/69MB, paused 340us total 18.305ms
08-04 21:09:28.461  6975  7372 I art     : Starting a blocking GC Explicit
08-04 21:09:28.479  6975  7372 I art     : Explicit concurrent mark sweep GC freed 3(96B) AllocSpace objects, 0(0B) LOS objects, 23% free, 53MB/69MB, paused 348us total 18.189ms
08-04 21:09:28.759  6975  6987 I art     : Starting a blocking GC Explicit
08-04 21:09:28.785  6975  6987 I art     : Explicit concurrent mark sweep GC freed 1344(78KB) AllocSpace objects, 1(20KB) LOS objects, 23% free, 53MB/69MB, paused 511us total 25.303ms
08-04 21:09:28.795  6975  6987 I art     : Starting a blocking GC Explicit
08-04 21:09:28.814  6975  6987 I art     : Explicit concurrent mark sweep GC freed 20(704B) AllocSpace objects, 0(0B) LOS objects, 23% free, 53MB/69MB, paused 353us total 19.174ms
08-04 21:09:28.821  6975  6987 I art     : Starting a blocking GC Explicit
08-04 21:09:28.841  6975  6987 I art     : Explicit concurrent mark sweep GC freed 3(96B) AllocSpace objects, 0(0B) LOS objects, 23% free, 53MB/69MB, paused 350us total 18.922ms
08-04 21:09:28.848  6975  6987 I art     : Starting a blocking GC Explicit
08-04 21:09:28.867  6975  6987 I art     : Explicit concurrent mark sweep GC freed 3(96B) AllocSpace objects, 0(0B) LOS objects, 23% free, 53MB/69MB, paused 414us total 18.838ms
08-04 21:09:28.874  6975  6987 I art     : Starting a blocking GC Explicit
08-04 21:09:28.893  6975  6987 I art     : Explicit concurrent mark sweep GC freed 3(96B) AllocSpace objects, 0(0B) LOS objects, 23% free, 53MB/69MB, paused 331us total 18.846ms
08-04 21:09:29.047  4694  4694 I ServiceManager: Waiting for service AtCmdFwd...
08-04 21:09:29.227  6975  6988 I art     : Starting a blocking GC Explicit
08-04 21:09:29.260  6975  6988 I art     : Explicit concurrent mark sweep GC freed 1344(78KB) AllocSpace objects, 1(20KB) LOS objects, 23% free, 53MB/69MB, paused 687us total 32.078ms
08-04 21:09:29.273  6975  6988 I art     : Starting a blocking GC Explicit
08-04 21:09:29.296  6975  6988 I art     : Explicit concurrent mark sweep GC freed 20(704B) AllocSpace objects, 0(0B) LOS objects, 23% free, 53MB/69MB, paused 409us total 22.834ms
08-04 21:09:29.303  6975  6988 I art     : Starting a blocking GC Explicit
08-04 21:09:29.322  6975  6988 I art     : Explicit concurrent mark sweep GC freed 3(96B) AllocSpace objects, 0(0B) LOS objects, 23% free, 53MB/69MB, paused 337us total 18.311ms
08-04 21:09:29.329  6975  6988 I art     : Starting a blocking GC Explicit
08-04 21:09:29.347  6975  6988 I art     : Explicit concurrent mark sweep GC freed 3(96B) AllocSpace objects, 0(0B) LOS objects, 23% free, 53MB/69MB, paused 385us total 18.392ms
08-04 21:09:29.354  6975  6988 I art     : Starting a blocking GC Explicit
08-04 21:09:29.373  6975  6988 I art     : Explicit concurrent mark sweep GC freed 3(96B) AllocSpace objects, 0(0B) LOS objects, 23% free, 53MB/69MB, paused 350us total 18.220ms
08-04 21:09:29.700  6975  7004 I art     : Starting a blocking GC Explicit
08-04 21:09:29.730  6975  7004 I art     : Explicit concurrent mark sweep GC freed 1344(78KB) AllocSpace objects, 1(20KB) LOS objects, 23% free, 53MB/69MB, paused 387us total 29.991ms
08-04 21:09:29.744  6975  7004 I art     : Starting a blocking GC Explicit
08-04 21:09:29.763  6975  7004 I art     : Explicit concurrent mark sweep GC freed 20(704B) AllocSpace objects, 0(0B) LOS objects, 23% free, 53MB/69MB, paused 362us total 18.936ms
08-04 21:09:29.771  6975  7004 I art     : Starting a blocking GC Explicit
08-04 21:09:29.790  6975  7004 I art     : Explicit concurrent mark sweep GC freed 3(96B) AllocSpace objects, 0(0B) LOS objects, 23% free, 53MB/69MB, paused 339us total 18.646ms
08-04 21:09:29.797  6975  7004 I art     : Starting a blocking GC Explicit
08-04 21:09:29.816  6975  7004 I art     : Explicit concurrent mark sweep GC freed 3(96B) AllocSpace objects, 0(0B) LOS objects, 23% free, 53MB/69MB, paused 348us total 18.836ms
08-04 21:09:29.823  6975  7004 I art     : Starting a blocking GC Explicit
08-04 21:09:29.842  6975  7004 I art     : Explicit concurrent mark sweep GC freed 3(96B) AllocSpace objects, 0(0B) LOS objects, 23% free, 53MB/69MB, paused 356us total 18.854ms
08-04 21:09:30.048  4694  4694 I ServiceManager: Waiting for service AtCmdFwd...
08-04 21:09:30.156  6975  7372 I art     : Starting a blocking GC Explicit
08-04 21:09:30.182  6975  7372 I art     : Explicit concurrent mark sweep GC freed 1344(78KB) AllocSpace objects, 1(20KB) LOS objects, 23% free, 53MB/69MB, paused 374us total 25.457ms
08-04 21:09:30.194  6975  7372 I art     : Starting a blocking GC Explicit
08-04 21:09:30.219  6975  7372 I art     : Explicit concurrent mark sweep GC freed 20(704B) AllocSpace objects, 0(0B) LOS objects, 23% free, 53MB/69MB, paused 380us total 24.307ms
08-04 21:09:30.228  6975  7372 I art     : Starting a blocking GC Explicit
08-04 21:09:30.247  6975  7372 I art     : Explicit concurrent mark sweep GC freed 3(96B) AllocSpace objects, 0(0B) LOS objects, 23% free, 53MB/69MB, paused 355us total 19.408ms
08-04 21:09:30.255  6975  7372 I art     : Starting a blocking GC Explicit
08-04 21:09:30.274  6975  7372 I art     : Explicit concurrent mark sweep GC freed 3(96B) AllocSpace objects, 0(0B) LOS objects, 23% free, 53MB/69MB, paused 342us total 18.930ms
08-04 21:09:30.281  6975  7372 I art     : Starting a blocking GC Explicit
08-04 21:09:30.301  6975  7372 I art     : Explicit concurrent mark sweep GC freed 3(96B) AllocSpace objects, 0(0B) LOS objects, 23% free, 53MB/69MB, paused 347us total 18.942ms
08-04 21:09:30.575  6975  6987 I art     : Starting a blocking GC Explicit
08-04 21:09:30.601  6975  6987 I art     : Explicit concurrent mark sweep GC freed 1344(78KB) AllocSpace objects, 1(20KB) LOS objects, 23% free, 53MB/69MB, paused 392us total 25.354ms
08-04 21:09:30.611  6975  6987 I art     : Starting a blocking GC Explicit
08-04 21:09:30.631  6975  6987 I art     : Explicit concurrent mark sweep GC freed 20(704B) AllocSpace objects, 0(0B) LOS objects, 23% free, 53MB/69MB, paused 352us total 19.274ms
08-04 21:09:30.639  6975  6987 I art     : Starting a blocking GC Explicit
08-04 21:09:30.657  6975  6987 I art     : Explicit concurrent mark sweep GC freed 3(96B) AllocSpace objects, 0(0B) LOS objects, 23% free, 53MB/69MB, paused 360us total 18.158ms
08-04 21:09:30.664  6975  6987 I art     : Starting a blocking GC Explicit
08-04 21:09:30.683  6975  6987 I art     : Explicit concurrent mark sweep GC freed 3(96B) AllocSpace objects, 0(0B) LOS objects, 23% free, 53MB/69MB, paused 337us total 18.327ms
08-04 21:09:30.690  6975  6987 I art     : Starting a blocking GC Explicit
08-04 21:09:30.709  6975  6987 I art     : Explicit concurrent mark sweep GC freed 3(96B) AllocSpace objects, 0(0B) LOS objects, 23% free, 53MB/69MB, paused 347us total 18.896ms
08-04 21:09:31.015  6975  6988 I art     : Starting a blocking GC Explicit
08-04 21:09:31.047  6975  6988 I art     : Explicit concurrent mark sweep GC freed 1344(78KB) AllocSpace objects, 1(20KB) LOS objects, 23% free, 53MB/69MB, paused 452us total 32.301ms
08-04 21:09:31.049  4694  4694 W Atfwd_Sendcmd: AtCmdFwd service not published, waiting... retryCnt : 3
08-04 21:09:31.061  6975  6988 I art     : Starting a blocking GC Explicit
08-04 21:09:31.079  6975  6988 I art     : Explicit concurrent mark sweep GC freed 20(704B) AllocSpace objects, 0(0B) LOS objects, 23% free, 53MB/69MB, paused 344us total 18.396ms
08-04 21:09:31.086  6975  6988 I art     : Starting a blocking GC Explicit
08-04 21:09:31.104  6975  6988 I art     : Explicit concurrent mark sweep GC freed 3(96B) AllocSpace objects, 0(0B) LOS objects, 23% free, 53MB/69MB, paused 320us total 17.216ms
08-04 21:09:31.111  6975  6988 I art     : Starting a blocking GC Explicit
08-04 21:09:31.128  6975  6988 I art     : Explicit concurrent mark sweep GC freed 3(96B) AllocSpace objects, 0(0B) LOS objects, 23% free, 53MB/69MB, paused 318us total 16.643ms
08-04 21:09:31.135  6975  6988 I art     : Starting a blocking GC Explicit
08-04 21:09:31.152  6975  6988 I art     : Explicit concurrent mark sweep GC freed 3(96B) AllocSpace objects, 0(0B) LOS objects, 23% free, 53MB/69MB, paused 349us total 17.621ms
08-04 21:09:31.482  6975  7004 I art     : Starting a blocking GC Explicit
08-04 21:09:31.512  6975  7004 I art     : Explicit concurrent mark sweep GC freed 1344(78KB) AllocSpace objects, 1(20KB) LOS objects, 23% free, 53MB/69MB, paused 388us total 30.079ms
08-04 21:09:31.524  6975  7004 I art     : Starting a blocking GC Explicit
08-04 21:09:31.542  6975  7004 I art     : Explicit concurrent mark sweep GC freed 20(704B) AllocSpace objects, 0(0B) LOS objects, 23% free, 53MB/69MB, paused 333us total 17.278ms
08-04 21:09:31.549  6975  7004 I art     : Starting a blocking GC Explicit
08-04 21:09:31.566  6975  7004 I art     : Explicit concurrent mark sweep GC freed 3(96B) AllocSpace objects, 0(0B) LOS objects, 23% free, 53MB/69MB, paused 324us total 17.392ms
08-04 21:09:31.573  6975  7004 I art     : Starting a blocking GC Explicit
08-04 21:09:31.591  6975  7004 I art     : Explicit concurrent mark sweep GC freed 3(96B) AllocSpace objects, 0(0B) LOS objects, 23% free, 53MB/69MB, paused 356us total 17.642ms
08-04 21:09:31.598  6975  7004 I art     : Starting a blocking GC Explicit
08-04 21:09:31.616  6975  7004 I art     : Explicit concurrent mark sweep GC freed 3(96B) AllocSpace objects, 0(0B) LOS objects, 23% free, 53MB/69MB, paused 339us total 17.648ms
08-04 21:09:31.847  9584  9584 D AndroidRuntime: >>>>>> START com.android.internal.os.RuntimeInit uid 2000 <<<<<<
08-04 21:09:31.851  9584  9584 D AndroidRuntime: CheckJNI is OFF
08-04 21:09:31.875  9584  9584 D ICU     : No timezone override file found: /data/misc/zoneinfo/current/icu/icu_tzdata.dat
08-04 21:09:31.896  6975  7372 I art     : Starting a blocking GC Explicit
08-04 21:09:31.901  9584  9584 I Radio-JNI: register_android_hardware_Radio DONE
08-04 21:09:31.915  6975  7372 I art     : Explicit concurrent mark sweep GC freed 1344(78KB) AllocSpace objects, 1(20KB) LOS objects, 23% free, 53MB/69MB, paused 361us total 18.238ms
08-04 21:09:31.917  9584  9584 D AndroidRuntime: Calling main entry com.android.commands.input.Input
08-04 21:09:31.919  9584  9584 I Input   : injectKeyEvent: KeyEvent { action=ACTION_DOWN, keyCode=KEYCODE_BACK, scanCode=0, metaState=0, flags=0x0, repeatCount=0, eventTime=738588332, downTime=738588332, deviceId=-1, source=0x101 }
08-04 21:09:31.922  6975  7372 I art     : Starting a blocking GC Explicit
08-04 21:09:31.924  9584  9584 I Input   : injectKeyEvent: KeyEvent { action=ACTION_UP, keyCode=KEYCODE_BACK, scanCode=0, metaState=0, flags=0x0, repeatCount=0, eventTime=738588332, downTime=738588332, deviceId=-1, source=0x101 }
08-04 21:09:31.928  9584  9584 D AndroidRuntime: Shutting down VM
08-04 21:09:31.941  6975  7372 I art     : Explicit concurrent mark sweep GC freed 117(5KB) AllocSpace objects, 0(0B) LOS objects, 23% free, 53MB/69MB, paused 359us total 18.830ms
08-04 21:09:31.948  6975  7372 I art     : Starting a blocking GC Explicit
08-04 21:09:31.963 13866 13866 I GoogleInputMethodServic: GoogleInputMethodService.onFinishInput():3138 
08-04 21:09:31.963 13866 13866 I GoogleInputMethodServic: GoogleInputMethodService.onStartInput():1808 
08-04 21:09:31.965  6975  7372 I art     : Explicit concurrent mark sweep GC freed 10(320B) AllocSpace objects, 0(0B) LOS objects, 23% free, 53MB/69MB, paused 498us total 16.294ms
08-04 21:09:31.971  6975  7372 I art     : Starting a blocking GC Explicit
08-04 21:09:31.990  6975  7372 I art     : Explicit concurrent mark sweep GC freed 37(1344B) AllocSpace objects, 0(0B) LOS objects, 23% free, 53MB/69MB, paused 356us total 18.840ms
08-04 21:09:31.999  6975  7372 I art     : Starting a blocking GC Explicit
08-04 21:09:32.015  6975  7372 I art     : Explicit concurrent mark sweep GC freed 9(336B) AllocSpace objects, 0(0B) LOS objects, 23% free, 53MB/69MB, paused 321us total 15.548ms
08-04 21:09:32.256   380   380 W SurfaceFlinger: couldn't log to binary event log: overflow.
08-04 21:09:32.265  6975  7372 I art     : Starting a blocking GC Explicit
08-04 21:09:32.282  6975  7372 I art     : Explicit concurrent mark sweep GC freed 1463(87KB) AllocSpace objects, 1(20KB) LOS objects, 23% free, 53MB/69MB, paused 342us total 17.415ms
08-04 21:09:32.289  6975  7372 I art     : Starting a blocking GC Explicit
08-04 21:09:32.306  6975  7372 I art     : Explicit concurrent mark sweep GC freed 4698(269KB) AllocSpace objects, 2(140KB) LOS objects, 23% free, 52MB/68MB, paused 334us total 16.558ms
08-04 21:09:32.312  6975  7372 I art     : Starting a blocking GC Explicit
08-04 21:09:32.329  6975  7372 I art     : Explicit concurrent mark sweep GC freed 3(96B) AllocSpace objects, 0(0B) LOS objects, 23% free, 52MB/68MB, paused 351us total 16.119ms
08-04 21:09:32.335  6975  7372 I art     : Starting a blocking GC Explicit
08-04 21:09:32.351  6975  7372 I art     : Explicit concurrent mark sweep GC freed 3(96B) AllocSpace objects, 0(0B) LOS objects, 23% free, 52MB/68MB, paused 345us total 16.013ms
08-04 21:09:32.358  6975  7372 I art     : Starting a blocking GC Explicit
08-04 21:09:32.376  6975  7372 I art     : Explicit concurrent mark sweep GC freed 3(96B) AllocSpace objects, 0(0B) LOS objects, 23% free, 52MB/68MB, paused 358us total 17.218ms
08-04 21:09:32.657  6975  6987 I art     : Starting a blocking GC Explicit
08-04 21:09:32.681  6975  6987 I art     : Explicit concurrent mark sweep GC freed 1344(78KB) AllocSpace objects, 1(20KB) LOS objects, 23% free, 52MB/68MB, paused 391us total 23.758ms
08-04 21:09:32.692  6975  6987 I art     : Starting a blocking GC Explicit
08-04 21:09:32.715  6975  6987 I art     : Explicit concurrent mark sweep GC freed 20(720B) AllocSpace objects, 0(0B) LOS objects, 23% free, 52MB/68MB, paused 376us total 22.386ms
08-04 21:09:32.724  6975  6987 I art     : Starting a blocking GC Explicit
08-04 21:09:32.741  6975  6987 I art     : Explicit concurrent mark sweep GC freed 3(96B) AllocSpace objects, 0(0B) LOS objects, 23% free, 52MB/68MB, paused 337us total 17.543ms
08-04 21:09:32.748  6975  6987 I art     : Starting a blocking GC Explicit
08-04 21:09:32.766  6975  6987 I art     : Explicit concurrent mark sweep GC freed 3(96B) AllocSpace objects, 0(0B) LOS objects, 23% free, 52MB/68MB, paused 332us total 17.029ms
08-04 21:09:32.772  6975  6987 I art     : Starting a blocking GC Explicit
08-04 21:09:32.790  6975  6987 I art     : Explicit concurrent mark sweep GC freed 3(96B) AllocSpace objects, 0(0B) LOS objects, 23% free, 52MB/68MB, paused 329us total 16.884ms
08-04 21:09:33.067  6975  6988 I art     : Starting a blocking GC Explicit
08-04 21:09:33.091  6975  6988 I art     : Explicit concurrent mark sweep GC freed 1343(78KB) AllocSpace objects, 1(20KB) LOS objects, 23% free, 52MB/68MB, paused 400us total 23.813ms
08-04 21:09:33.103  6975  6988 I art     : Starting a blocking GC Explicit
08-04 21:09:33.126  6975  6988 I art     : Explicit concurrent mark sweep GC freed 20(704B) AllocSpace objects, 0(0B) LOS objects, 23% free, 52MB/68MB, paused 378us total 22.433ms
08-04 21:09:33.134  6975  6988 I art     : Starting a blocking GC Explicit
08-04 21:09:33.152  6975  6988 I art     : Explicit concurrent mark sweep GC freed 3(96B) AllocSpace objects, 0(0B) LOS objects, 23% free, 52MB/68MB, paused 319us total 17.570ms
08-04 21:09:33.160  6975  6988 I art     : Starting a blocking GC Explicit
08-04 21:09:33.176  6975  6988 I art     : Explicit concurrent mark sweep GC freed 3(96B) AllocSpace objects, 0(0B) LOS objects, 23% free, 52MB/68MB, paused 326us total 15.714ms
08-04 21:09:33.183  6975  6988 I art     : Starting a blocking GC Explicit
08-04 21:09:33.199  6975  6988 I art     : Explicit concurrent mark sweep GC freed 3(96B) AllocSpace objects, 0(0B) LOS objects, 23% free, 52MB/68MB, paused 354us total 15.914ms
08-04 21:09:33.456  6975  7004 I art     : Starting a blocking GC Explicit
08-04 21:09:33.474  6975  7004 I art     : Explicit concurrent mark sweep GC freed 1343(78KB) AllocSpace objects, 1(20KB) LOS objects, 23% free, 52MB/68MB, paused 402us total 17.733ms
08-04 21:09:33.481  9638  9638 D AndroidRuntime: >>>>>> START com.android.internal.os.RuntimeInit uid 2000 <<<<<<
08-04 21:09:33.482  6975  7004 I art     : Starting a blocking GC Explicit
08-04 21:09:33.485  9638  9638 D AndroidRuntime: CheckJNI is OFF
08-04 21:09:33.499  6975  7004 I art     : Explicit concurrent mark sweep GC freed 20(720B) AllocSpace objects, 0(0B) LOS objects, 23% free, 52MB/68MB, paused 355us total 17ms
08-04 21:09:33.506  6975  7004 I art     : Starting a blocking GC Explicit
08-04 21:09:33.515  9638  9638 D ICU     : No timezone override file found: /data/misc/zoneinfo/current/icu/icu_tzdata.dat
08-04 21:09:33.522  6975  7004 I art     : Explicit concurrent mark sweep GC freed 3(96B) AllocSpace objects, 0(0B) LOS objects, 23% free, 52MB/68MB, paused 400us total 16.254ms
08-04 21:09:33.529  6975  7004 I art     : Starting a blocking GC Explicit
08-04 21:09:33.540  9638  9638 I Radio-JNI: register_android_hardware_Radio DONE
08-04 21:09:33.544  6975  7004 I art     : Explicit concurrent mark sweep GC freed 3(96B) AllocSpace objects, 0(0B) LOS objects, 23% free, 52MB/68MB, paused 369us total 14.964ms
08-04 21:09:33.550  6975  7004 I art     : Starting a blocking GC Explicit
08-04 21:09:33.556  9638  9638 D AndroidRuntime: Calling main entry com.android.commands.input.Input
08-04 21:09:33.558  9638  9638 I Input   : injectKeyEvent: KeyEvent { action=ACTION_DOWN, keyCode=KEYCODE_BACK, scanCode=0, metaState=0, flags=0x0, repeatCount=0, eventTime=738589971, downTime=738589971, deviceId=-1, source=0x101 }
08-04 21:09:33.567  6975  7004 I art     : Explicit concurrent mark sweep GC freed 4(128B) AllocSpace objects, 0(0B) LOS objects, 23% free, 52MB/68MB, paused 365us total 16.732ms
08-04 21:09:33.568  9638  9638 I Input   : injectKeyEvent: KeyEvent { action=ACTION_UP, keyCode=KEYCODE_BACK, scanCode=0, metaState=0, flags=0x0, repeatCount=0, eventTime=738589971, downTime=738589971, deviceId=-1, source=0x101 }
08-04 21:09:33.575  9638  9638 D AndroidRuntime: Shutting down VM
08-04 21:09:33.650 13866 13866 I GoogleInputMethodServic: GoogleInputMethodService.onFinishInput():3138 
08-04 21:09:33.652 13866 13866 I GoogleInputMethodServic: GoogleInputMethodService.onStartInput():1808 
08-04 21:09:33.823  6975  6987 I art     : Starting a blocking GC Explicit
08-04 21:09:33.847  6975  6987 I art     : Explicit concurrent mark sweep GC freed 1546(87KB) AllocSpace objects, 1(20KB) LOS objects, 23% free, 52MB/68MB, paused 417us total 23.796ms
08-04 21:09:33.857  6975  6987 I art     : Starting a blocking GC Explicit
08-04 21:09:33.878  6975  6987 I art     : Explicit concurrent mark sweep GC freed 24(864B) AllocSpace objects, 0(0B) LOS objects, 23% free, 52MB/68MB, paused 445us total 21.462ms
08-04 21:09:33.889  6975  6987 I art     : Starting a blocking GC Explicit
08-04 21:09:33.910  6975  6987 I art     : Explicit concurrent mark sweep GC freed 3(96B) AllocSpace objects, 0(0B) LOS objects, 23% free, 52MB/68MB, paused 333us total 20.884ms
08-04 21:09:33.922  6975  6987 I art     : Starting a blocking GC Explicit
08-04 21:09:33.940  6975  6987 I art     : Explicit concurrent mark sweep GC freed 3(96B) AllocSpace objects, 0(0B) LOS objects, 23% free, 52MB/68MB, paused 366us total 17.855ms
08-04 21:09:33.941   380   380 W SurfaceFlinger: couldn't log to binary event log: overflow.
08-04 21:09:33.947  6975  6987 I art     : Starting a blocking GC Explicit
08-04 21:09:33.964  6975  6987 I art     : Explicit concurrent mark sweep GC freed 121(8KB) AllocSpace objects, 0(0B) LOS objects, 23% free, 52MB/68MB, paused 318us total 16.460ms
08-04 21:09:34.247  6975  6988 I art     : Starting a blocking GC Explicit
08-04 21:09:34.269  6975  6988 I art     : Explicit concurrent mark sweep GC freed 3419(200KB) AllocSpace objects, 4(360KB) LOS objects, 23% free, 52MB/68MB, paused 404us total 21.578ms
08-04 21:09:34.280  6975  6988 I art     : Starting a blocking GC Explicit
08-04 21:09:34.297  6975  6988 I art     : Explicit concurrent mark sweep GC freed 20(720B) AllocSpace objects, 0(0B) LOS objects, 23% free, 52MB/68MB, paused 341us total 16.816ms
08-04 21:09:34.303  6975  6988 I art     : Starting a blocking GC Explicit
08-04 21:09:34.320  6975  6988 I art     : Explicit concurrent mark sweep GC freed 3(96B) AllocSpace objects, 0(0B) LOS objects, 23% free, 52MB/68MB, paused 341us total 16.829ms
08-04 21:09:34.328  6975  6988 I art     : Starting a blocking GC Explicit
08-04 21:09:34.344  6975  6988 I art     : Explicit concurrent mark sweep GC freed 3(96B) AllocSpace objects, 0(0B) LOS objects, 23% free, 52MB/68MB, paused 333us total 16.171ms
08-04 21:09:34.351  6975  6988 I art     : Starting a blocking GC Explicit
08-04 21:09:34.367  6975  6988 I art     : Explicit concurrent mark sweep GC freed 3(96B) AllocSpace objects, 0(0B) LOS objects, 23% free, 52MB/68MB, paused 333us total 16.090ms
08-04 21:09:34.648  6975  7004 I art     : Starting a blocking GC Explicit
08-04 21:09:34.650   918  3261 D WifiStateMachine: starting scan for "H369AA63323"WPA_PSK with 2412,5180
08-04 21:09:34.671  6975  7004 I art     : Explicit concurrent mark sweep GC freed 1342(78KB) AllocSpace objects, 1(20KB) LOS objects, 23% free, 52MB/68MB, paused 381us total 22.715ms
08-04 21:09:34.682  6975  7004 I art     : Starting a blocking GC Explicit
08-04 21:09:34.703  6975  7004 I art     : Explicit concurrent mark sweep GC freed 20(704B) AllocSpace objects, 0(0B) LOS objects, 23% free, 52MB/68MB, paused 348us total 21.020ms
08-04 21:09:34.710  6975  7004 I art     : Starting a blocking GC Explicit
08-04 21:09:34.727  6975  7004 I art     : Explicit concurrent mark sweep GC freed 3(96B) AllocSpace objects, 0(0B) LOS objects, 23% free, 52MB/68MB, paused 418us total 16.246ms
08-04 21:09:34.734  6975  7004 I art     : Starting a blocking GC Explicit
08-04 21:09:34.750  6975  7004 I art     : Explicit concurrent mark sweep GC freed 3(96B) AllocSpace objects, 0(0B) LOS objects, 23% free, 52MB/68MB, paused 349us total 16.738ms
08-04 21:09:34.757  6975  7004 I art     : Starting a blocking GC Explicit
08-04 21:09:34.773  6975  7004 I art     : Explicit concurrent mark sweep GC freed 3(96B) AllocSpace objects, 0(0B) LOS objects, 23% free, 52MB/68MB, paused 333us total 15.960ms
08-04 21:09:35.030  6975  7372 I art     : Starting a blocking GC Explicit
08-04 21:09:35.047  6975  7372 I art     : Explicit concurrent mark sweep GC freed 1341(78KB) AllocSpace objects, 1(20KB) LOS objects, 23% free, 52MB/68MB, paused 418us total 17.377ms
08-04 21:09:35.054  6975  7372 I art     : Starting a blocking GC Explicit
08-04 21:09:35.071  6975  7372 I art     : Explicit concurrent mark sweep GC freed 20(720B) AllocSpace objects, 0(0B) LOS objects, 23% free, 52MB/68MB, paused 354us total 16.377ms
08-04 21:09:35.078  6975  7372 I art     : Starting a blocking GC Explicit
08-04 21:09:35.094  6975  7372 I art     : Explicit concurrent mark sweep GC freed 3(96B) AllocSpace objects, 0(0B) LOS objects, 23% free, 52MB/68MB, paused 358us total 15.935ms
08-04 21:09:35.101  6975  7372 I art     : Starting a blocking GC Explicit
08-04 21:09:35.117  6975  7372 I art     : Explicit concurrent mark sweep GC freed 3(96B) AllocSpace objects, 0(0B) LOS objects, 23% free, 52MB/68MB, paused 418us total 15.814ms
08-04 21:09:35.124  6975  7372 I art     : Starting a blocking GC Explicit
08-04 21:09:35.139  9691  9691 D AndroidRuntime: >>>>>> START com.android.internal.os.RuntimeInit uid 2000 <<<<<<
08-04 21:09:35.140  6975  7372 I art     : Explicit concurrent mark sweep GC freed 3(96B) AllocSpace objects, 0(0B) LOS objects, 23% free, 52MB/68MB, paused 386us total 16.176ms
08-04 21:09:35.143  9691  9691 D AndroidRuntime: CheckJNI is OFF
08-04 21:09:35.167  9691  9691 D ICU     : No timezone override file found: /data/misc/zoneinfo/current/icu/icu_tzdata.dat
08-04 21:09:35.191  9691  9691 I Radio-JNI: register_android_hardware_Radio DONE
08-04 21:09:35.207  9691  9691 D AndroidRuntime: Calling main entry com.android.commands.input.Input
08-04 21:09:35.208  9691  9691 I Input   : injectMotionEvent: MotionEvent { action=ACTION_DOWN, actionButton=0, id[0]=0, x[0]=1053.0, y[0]=1173.0, toolType[0]=TOOL_TYPE_UNKNOWN, buttonState=0, metaState=0, flags=0x0, edgeFlags=0x0, pointerCount=1, historySize=0, eventTime=738591621, downTime=738591621, deviceId=0, source=0x1002 }
08-04 21:09:35.214  9691  9691 I Input   : injectMotionEvent: MotionEvent { action=ACTION_UP, actionButton=0, id[0]=0, x[0]=1053.0, y[0]=1173.0, toolType[0]=TOOL_TYPE_UNKNOWN, buttonState=0, metaState=0, flags=0x0, edgeFlags=0x0, pointerCount=1, historySize=0, eventTime=738591621, downTime=738591621, deviceId=0, source=0x1002 }
08-04 21:09:35.215   918  5132 I ActivityManager: START u0 {cmp=baseline.appteam.nith.hillffair/.activities.QuizActivity} from uid 10651 on display 0
08-04 21:09:35.221  9691  9691 D AndroidRuntime: Shutting down VM
08-04 21:09:35.317   918   936 I ActivityManager: Displayed baseline.appteam.nith.hillffair/.activities.QuizActivity: +95ms
08-04 21:09:35.317 13866 13866 I GoogleInputMethodServic: GoogleInputMethodService.onFinishInput():3138 
08-04 21:09:35.318 13866 13866 I GoogleInputMethodServic: GoogleInputMethodService.onStartInput():1808 
08-04 21:09:35.372  6975  7004 I art     : Starting a blocking GC Explicit
08-04 21:09:35.387  6975  7004 I art     : Explicit concurrent mark sweep GC freed 2128(132KB) AllocSpace objects, 1(20KB) LOS objects, 23% free, 52MB/68MB, paused 366us total 15.134ms
08-04 21:09:35.394  6975  7004 I art     : Starting a blocking GC Explicit
08-04 21:09:35.413  6975  7004 I art     : Explicit concurrent mark sweep GC freed 214(9KB) AllocSpace objects, 0(0B) LOS objects, 23% free, 52MB/68MB, paused 355us total 18.854ms
08-04 21:09:35.421  6975  7004 I art     : Starting a blocking GC Explicit
08-04 21:09:35.441  6975  7004 I art     : Explicit concurrent mark sweep GC freed 3(96B) AllocSpace objects, 0(0B) LOS objects, 23% free, 52MB/68MB, paused 372us total 19.413ms
08-04 21:09:35.450  6975  7004 I art     : Starting a blocking GC Explicit
08-04 21:09:35.469  6975  7004 I art     : Explicit concurrent mark sweep GC freed 3(96B) AllocSpace objects, 0(0B) LOS objects, 23% free, 52MB/68MB, paused 394us total 18.925ms
08-04 21:09:35.477  6975  7004 I art     : Starting a blocking GC Explicit
08-04 21:09:35.498  6975  7004 I art     : Explicit concurrent mark sweep GC freed 3(96B) AllocSpace objects, 0(0B) LOS objects, 23% free, 52MB/68MB, paused 380us total 20.761ms
08-04 21:09:35.577   380   380 W SurfaceFlinger: couldn't log to binary event log: overflow.
08-04 21:09:35.765  6975  7004 I art     : Starting a blocking GC Explicit
08-04 21:09:35.785  6975  7004 I art     : Explicit concurrent mark sweep GC freed 1413(82KB) AllocSpace objects, 1(20KB) LOS objects, 23% free, 52MB/68MB, paused 388us total 19.654ms
08-04 21:09:35.796  6975  7004 I art     : Starting a blocking GC Explicit
08-04 21:09:35.813  6975  7004 I art     : Explicit concurrent mark sweep GC freed 20(720B) AllocSpace objects, 0(0B) LOS objects, 23% free, 52MB/68MB, paused 344us total 16.656ms
08-04 21:09:35.819  6975  7004 I art     : Starting a blocking GC Explicit
08-04 21:09:35.836  6975  7004 I art     : Explicit concurrent mark sweep GC freed 3(96B) AllocSpace objects, 0(0B) LOS objects, 23% free, 52MB/68MB, paused 350us total 16.191ms
08-04 21:09:35.842  6975  7004 I art     : Starting a blocking GC Explicit
08-04 21:09:35.859  6975  7004 I art     : Explicit concurrent mark sweep GC freed 3(96B) AllocSpace objects, 0(0B) LOS objects, 23% free, 52MB/68MB, paused 339us total 16.363ms
08-04 21:09:35.865  6975  7004 I art     : Starting a blocking GC Explicit
08-04 21:09:35.882  6975  7004 I art     : Explicit concurrent mark sweep GC freed 3(96B) AllocSpace objects, 0(0B) LOS objects, 23% free, 52MB/68MB, paused 338us total 16.364ms
08-04 21:09:36.175  6975  6988 I art     : Starting a blocking GC Explicit
08-04 21:09:36.203  6975  6988 I art     : Explicit concurrent mark sweep GC freed 1343(78KB) AllocSpace objects, 1(20KB) LOS objects, 23% free, 52MB/68MB, paused 400us total 27.370ms
08-04 21:09:36.214  6975  6988 I art     : Starting a blocking GC Explicit
08-04 21:09:36.232  6975  6988 I art     : Explicit concurrent mark sweep GC freed 20(704B) AllocSpace objects, 0(0B) LOS objects, 23% free, 52MB/68MB, paused 348us total 17.627ms
08-04 21:09:36.239  6975  6988 I art     : Starting a blocking GC Explicit
08-04 21:09:36.257  6975  6988 I art     : Explicit concurrent mark sweep GC freed 3(96B) AllocSpace objects, 0(0B) LOS objects, 23% free, 52MB/68MB, paused 374us total 17.732ms
08-04 21:09:36.264  6975  6988 I art     : Starting a blocking GC Explicit
08-04 21:09:36.281  6975  6988 I art     : Explicit concurrent mark sweep GC freed 3(96B) AllocSpace objects, 0(0B) LOS objects, 23% free, 52MB/68MB, paused 336us total 16.578ms
08-04 21:09:36.288  6975  6988 I art     : Starting a blocking GC Explicit
08-04 21:09:36.305  6975  6988 I art     : Explicit concurrent mark sweep GC freed 3(96B) AllocSpace objects, 0(0B) LOS objects, 23% free, 52MB/68MB, paused 355us total 16.585ms
08-04 21:09:36.594  6975  7372 I art     : Starting a blocking GC Explicit
08-04 21:09:36.622  6975  7372 I art     : Explicit concurrent mark sweep GC freed 1343(78KB) AllocSpace objects, 1(20KB) LOS objects, 23% free, 52MB/68MB, paused 439us total 27.854ms
08-04 21:09:36.634  6975  7372 I art     : Starting a blocking GC Explicit
08-04 21:09:36.651  6975  7372 I art     : Explicit concurrent mark sweep GC freed 20(720B) AllocSpace objects, 0(0B) LOS objects, 23% free, 52MB/68MB, paused 345us total 16.809ms
08-04 21:09:36.658  6975  7372 I art     : Starting a blocking GC Explicit
08-04 21:09:36.675  6975  7372 I art     : Explicit concurrent mark sweep GC freed 3(96B) AllocSpace objects, 0(0B) LOS objects, 23% free, 52MB/68MB, paused 341us total 16.878ms
08-04 21:09:36.681  6975  7372 I art     : Starting a blocking GC Explicit
08-04 21:09:36.699  6975  7372 I art     : Explicit concurrent mark sweep GC freed 3(96B) AllocSpace objects, 0(0B) LOS objects, 23% free, 52MB/68MB, paused 315us total 17.640ms
08-04 21:09:36.706  6975  7372 I art     : Starting a blocking GC Explicit
08-04 21:09:36.723  6975  7372 I art     : Explicit concurrent mark sweep GC freed 3(96B) AllocSpace objects, 0(0B) LOS objects, 23% free, 52MB/68MB, paused 363us total 17.017ms
08-04 21:09:36.995  6975  7004 I art     : Starting a blocking GC Explicit
08-04 21:09:37.005   518   646 I ThermalEngine: ACTION: GPU - Setting GPU[0] to 510000000
08-04 21:09:37.029  6975  7004 I art     : Explicit concurrent mark sweep GC freed 1362(78KB) AllocSpace objects, 1(20KB) LOS objects, 23% free, 52MB/68MB, paused 510us total 33.088ms
08-04 21:09:37.038  6975  7004 I art     : Starting a blocking GC Explicit
08-04 21:09:37.060  6975  7004 I art     : Explicit concurrent mark sweep GC freed 25(864B) AllocSpace objects, 0(0B) LOS objects, 23% free, 52MB/68MB, paused 469us total 21.283ms
08-04 21:09:37.069  6975  7004 I art     : Starting a blocking GC Explicit
08-04 21:09:37.091  6975  7004 I art     : Explicit concurrent mark sweep GC freed 7(224B) AllocSpace objects, 0(0B) LOS objects, 23% free, 52MB/68MB, paused 468us total 21.072ms
08-04 21:09:37.099  6975  7004 I art     : Starting a blocking GC Explicit
08-04 21:09:37.121  6975  7004 I art     : Explicit concurrent mark sweep GC freed 5(160B) AllocSpace objects, 0(0B) LOS objects, 23% free, 52MB/68MB, paused 579us total 21.105ms
08-04 21:09:37.129  6975  7004 I art     : Starting a blocking GC Explicit
08-04 21:09:37.151  6975  7004 I art     : Explicit concurrent mark sweep GC freed 3(96B) AllocSpace objects, 0(0B) LOS objects, 23% free, 52MB/68MB, paused 428us total 21.125ms
08-04 21:09:37.461  6975  6987 I art     : Starting a blocking GC Explicit
08-04 21:09:37.484  6975  6987 I art     : Explicit concurrent mark sweep GC freed 1343(78KB) AllocSpace objects, 1(20KB) LOS objects, 23% free, 52MB/68MB, paused 459us total 23.195ms
08-04 21:09:37.493  6975  6987 I art     : Starting a blocking GC Explicit
08-04 21:09:37.514  6975  6987 I art     : Explicit concurrent mark sweep GC freed 20(720B) AllocSpace objects, 0(0B) LOS objects, 23% free, 52MB/68MB, paused 459us total 20.913ms
08-04 21:09:37.522  6975  6987 I art     : Starting a blocking GC Explicit
08-04 21:09:37.543  6975  6987 I art     : Explicit concurrent mark sweep GC freed 3(96B) AllocSpace objects, 0(0B) LOS objects, 23% free, 52MB/68MB, paused 446us total 20.216ms
08-04 21:09:37.552  6975  6987 I art     : Starting a blocking GC Explicit
08-04 21:09:37.572  6975  6987 I art     : Explicit concurrent mark sweep GC freed 3(96B) AllocSpace objects, 0(0B) LOS objects, 23% free, 52MB/68MB, paused 467us total 20.336ms
08-04 21:09:37.581  6975  6987 I art     : Starting a blocking GC Explicit
08-04 21:09:37.601  6975  6987 I art     : Explicit concurrent mark sweep GC freed 3(96B) AllocSpace objects, 0(0B) LOS objects, 23% free, 52MB/68MB, paused 440us total 19.946ms
08-04 21:09:37.864  9774  9774 D AndroidRuntime: >>>>>> START com.android.internal.os.RuntimeInit uid 2000 <<<<<<
08-04 21:09:37.869  9774  9774 D AndroidRuntime: CheckJNI is OFF
08-04 21:09:37.904  9774  9774 D ICU     : No timezone override file found: /data/misc/zoneinfo/current/icu/icu_tzdata.dat
08-04 21:09:37.909  6975  7372 I art     : Starting a blocking GC Explicit
08-04 21:09:37.931  6975  7372 I art     : Explicit concurrent mark sweep GC freed 1356(78KB) AllocSpace objects, 1(20KB) LOS objects, 23% free, 52MB/68MB, paused 499us total 21.800ms
08-04 21:09:37.939  9774  9774 I Radio-JNI: register_android_hardware_Radio DONE
08-04 21:09:37.941  6975  7372 I art     : Starting a blocking GC Explicit
08-04 21:09:37.961  6975  7372 I art     : Explicit concurrent mark sweep GC freed 34(1136B) AllocSpace objects, 0(0B) LOS objects, 23% free, 52MB/68MB, paused 503us total 20.364ms
08-04 21:09:37.962  9774  9774 D AndroidRuntime: Calling main entry com.android.commands.input.Input
08-04 21:09:37.964  9774  9774 I Input   : injectMotionEvent: MotionEvent { action=ACTION_DOWN, actionButton=0, id[0]=0, x[0]=756.0, y[0]=1530.0, toolType[0]=TOOL_TYPE_UNKNOWN, buttonState=0, metaState=0, flags=0x0, edgeFlags=0x0, pointerCount=1, historySize=0, eventTime=738594376, downTime=738594376, deviceId=0, source=0x1002 }
08-04 21:09:37.970  6975  7372 I art     : Starting a blocking GC Explicit
08-04 21:09:37.970  9774  9774 I Input   : injectMotionEvent: MotionEvent { action=ACTION_UP, actionButton=0, id[0]=0, x[0]=756.0, y[0]=1530.0, toolType[0]=TOOL_TYPE_UNKNOWN, buttonState=0, metaState=0, flags=0x0, edgeFlags=0x0, pointerCount=1, historySize=0, eventTime=738594376, downTime=738594376, deviceId=0, source=0x1002 }
08-04 21:09:37.973  9774  9774 D AndroidRuntime: Shutting down VM
08-04 21:09:37.980   918  4400 I ActivityManager: START u0 {cmp=baseline.appteam.nith.hillffair/.activities.LeaderBoardActivity} from uid 10651 on display 0
08-04 21:09:37.983   512  2967 D audio_hw_primary: out_set_parameters: enter: usecase(1: low-latency-playback) kvpairs: routing=2
08-04 21:09:37.991  6975  7372 I art     : Explicit concurrent mark sweep GC freed 51(1792B) AllocSpace objects, 0(0B) LOS objects, 23% free, 52MB/68MB, paused 710us total 20.684ms
08-04 21:09:37.995   512  2967 D audio_hw_primary: select_devices: out_snd_device(2: speaker) in_snd_device(0: none)
08-04 21:09:37.995   512  2967 D msm8974_platform: platform_send_audio_calibration: sending audio calibration for snd_device(2) acdb_id(15)
08-04 21:09:37.996   512  2967 I soundtrigger: audio_extn_sound_trigger_update_device_status: device 0x2 of type 0 for Event 1
08-04 21:09:37.999  6975  7372 I art     : Starting a blocking GC Explicit
08-04 21:09:38.007   512  2967 D audio_hw_primary: enable_snd_device: snd_device(2: speaker)
08-04 21:09:38.009   512  2967 D audio_hw_primary: enable_audio_route: apply and update mixer path: low-latency-playback speaker
08-04 21:09:38.021  6975  7372 I art     : Explicit concurrent mark sweep GC freed 4565(258KB) AllocSpace objects, 0(0B) LOS objects, 23% free, 52MB/68MB, paused 754us total 21.943ms
08-04 21:09:38.029  6975  7372 I art     : Starting a blocking GC Explicit
08-04 21:09:38.050  6975  7372 I art     : Explicit concurrent mark sweep GC freed 671(61KB) AllocSpace objects, 0(0B) LOS objects, 23% free, 52MB/68MB, paused 548us total 20.093ms
08-04 21:09:38.067  6975  6975 E RecyclerView: No adapter attached; skipping layout
08-04 21:09:38.069  6975  6975 E RecyclerView: No adapter attached; skipping layout
08-04 21:09:38.086   918   936 I ActivityManager: Displayed baseline.appteam.nith.hillffair/.activities.LeaderBoardActivity: +97ms
08-04 21:09:38.087 13866 13866 I GoogleInputMethodServic: GoogleInputMethodService.onFinishInput():3138 
08-04 21:09:38.087  6975  6975 E RecyclerView: No adapter attached; skipping layout
08-04 21:09:38.087 13866 13866 I GoogleInputMethodServic: GoogleInputMethodService.onStartInput():1808 
08-04 21:09:38.111  6975  7001 D OpenGLRenderer: endAllStagingAnimators on 0x7f814a6c00 (RippleDrawable) with handle 0x7f8149e7e0
08-04 21:09:38.318  6975  7004 I art     : Starting a blocking GC Explicit
08-04 21:09:38.343  6975  7004 I art     : Explicit concurrent mark sweep GC freed 1632(92KB) AllocSpace objects, 1(20KB) LOS objects, 23% free, 52MB/68MB, paused 521us total 24.855ms
08-04 21:09:38.346   380   380 W SurfaceFlinger: couldn't log to binary event log: overflow.
08-04 21:09:38.352  6975  7004 I art     : Starting a blocking GC Explicit
08-04 21:09:38.372  6975  7004 I art     : Explicit concurrent mark sweep GC freed 44(1504B) AllocSpace objects, 0(0B) LOS objects, 23% free, 52MB/68MB, paused 458us total 19.281ms
08-04 21:09:38.381  6975  7004 I art     : Starting a blocking GC Explicit
08-04 21:09:38.400  6975  7004 I art     : Explicit concurrent mark sweep GC freed 5(160B) AllocSpace objects, 0(0B) LOS objects, 23% free, 52MB/68MB, paused 456us total 19.037ms
08-04 21:09:38.408  6975  7004 I art     : Starting a blocking GC Explicit
08-04 21:09:38.427  6975  7004 I art     : Explicit concurrent mark sweep GC freed 5(160B) AllocSpace objects, 0(0B) LOS objects, 23% free, 52MB/68MB, paused 546us total 19.448ms
08-04 21:09:38.436  6975  7004 I art     : Starting a blocking GC Explicit
08-04 21:09:38.456  6975  7004 I art     : Explicit concurrent mark sweep GC freed 4(128B) AllocSpace objects, 0(0B) LOS objects, 23% free, 52MB/68MB, paused 466us total 20.383ms
08-04 21:09:38.549   512  2967 D audio_hw_primary: disable_audio_route: reset and update mixer path: low-latency-playback speaker
08-04 21:09:38.551   512  2967 D audio_hw_primary: disable_snd_device: snd_device(2: speaker)
08-04 21:09:38.558   512  2967 I soundtrigger: audio_extn_sound_trigger_update_device_status: device 0x2 of type 0 for Event 0
08-04 21:09:38.742  6975  6988 I art     : Starting a blocking GC Explicit
08-04 21:09:38.766  6975  6988 I art     : Explicit concurrent mark sweep GC freed 3082(181KB) AllocSpace objects, 4(220KB) LOS objects, 23% free, 53MB/69MB, paused 945us total 24.332ms
08-04 21:09:38.775  6975  9797 D OkHttp  : --> GET https://api-hillfair-2k16.herokuapp.com/api/app/quiz/leaderboard?from=1 http/1.1
08-04 21:09:38.776  6975  6988 I art     : Starting a blocking GC Explicit
08-04 21:09:38.797  6975  6988 I art     : Explicit concurrent mark sweep GC freed 2034(158KB) AllocSpace objects, 0(0B) LOS objects, 23% free, 53MB/69MB, paused 570us total 20.941ms
08-04 21:09:38.805  6975  9797 D OkHttp  : <-- 200 OK https://api-hillfair-2k16.herokuapp.com/api/app/quiz/leaderboard?from=1 (29ms, 56744-byte body)
08-04 21:09:38.805  6975  6988 I art     : Starting a blocking GC Explicit
08-04 21:09:38.826  6975  6988 I art     : Explicit concurrent mark sweep GC freed 655(52KB) AllocSpace objects, 0(0B) LOS objects, 23% free, 53MB/69MB, paused 705us total 20.303ms
08-04 21:09:38.834  6975  6988 I art     : Starting a blocking GC Explicit
08-04 21:09:38.855  6975  6988 I art     : Explicit concurrent mark sweep GC freed 15331(702KB) AllocSpace objects, 0(0B) LOS objects, 23% free, 53MB/69MB, paused 605us total 21.273ms
08-04 21:09:38.863  6975  6988 I art     : Starting a blocking GC Explicit
08-04 21:09:38.883  6975  6975 I NAPPA_EXPERIMENTATION: MetricNetworkRequestExecutionTime: REQUEST_DURATION_SYSTEM='869',REQUEST_DURATION_OKHTTP='29',REQUEST_SYNCHRONOUS='FALSE',RESPONSE_CODE='200',RESPONSE_METHOD='GET',RESPONSE_LENGTH_OKHTTP='56744',RESPONSE_LENGTH_HEADER='56744',REQUEST_PROTOCOL='http/1.1',REQUEST_URL='https://api-hillfair-2k16.herokuapp.com/api/app/quiz/leaderboard?from=1',
08-04 21:09:38.885  6975  6988 I art     : Explicit concurrent mark sweep GC freed 8970(394KB) AllocSpace objects, 0(0B) LOS objects, 23% free, 53MB/69MB, paused 558us total 21.754ms
08-04 21:09:39.146  6975  6988 I art     : Starting a blocking GC Explicit
08-04 21:09:39.183  6975  6988 I art     : Explicit concurrent mark sweep GC freed 2787(165KB) AllocSpace objects, 1(20KB) LOS objects, 23% free, 53MB/69MB, paused 890us total 36.287ms
08-04 21:09:39.197  6975  6988 I art     : Starting a blocking GC Explicit
08-04 21:09:39.220  6975  6988 I art     : Explicit concurrent mark sweep GC freed 85(3KB) AllocSpace objects, 0(0B) LOS objects, 23% free, 53MB/69MB, paused 483us total 22.953ms
08-04 21:09:39.229  6975  6988 I art     : Starting a blocking GC Explicit
08-04 21:09:39.252  6975  6988 I art     : Explicit concurrent mark sweep GC freed 3(96B) AllocSpace objects, 0(0B) LOS objects, 23% free, 53MB/69MB, paused 500us total 23.019ms
08-04 21:09:39.261  6975  6988 I art     : Starting a blocking GC Explicit
08-04 21:09:39.285  6975  6988 I art     : Explicit concurrent mark sweep GC freed 3(96B) AllocSpace objects, 0(0B) LOS objects, 23% free, 53MB/69MB, paused 491us total 23.948ms
08-04 21:09:39.295  6975  6988 I art     : Starting a blocking GC Explicit
08-04 21:09:39.318  6975  6988 I art     : Explicit concurrent mark sweep GC freed 3(96B) AllocSpace objects, 0(0B) LOS objects, 23% free, 53MB/69MB, paused 516us total 23.326ms
08-04 21:09:39.620  6975  7004 I art     : Starting a blocking GC Explicit
08-04 21:09:39.655  6975  7004 I art     : Explicit concurrent mark sweep GC freed 1344(78KB) AllocSpace objects, 1(20KB) LOS objects, 23% free, 53MB/69MB, paused 567us total 34.261ms
08-04 21:09:39.668  6975  7004 I art     : Starting a blocking GC Explicit
08-04 21:09:39.697  6975  7004 I art     : Explicit concurrent mark sweep GC freed 20(704B) AllocSpace objects, 0(0B) LOS objects, 23% free, 53MB/69MB, paused 520us total 28.333ms
08-04 21:09:39.706  6975  7004 I art     : Starting a blocking GC Explicit
08-04 21:09:39.730  6975  7004 I art     : Explicit concurrent mark sweep GC freed 3(96B) AllocSpace objects, 0(0B) LOS objects, 23% free, 53MB/69MB, paused 485us total 24.101ms
08-04 21:09:39.740  6975  7004 I art     : Starting a blocking GC Explicit
08-04 21:09:39.763  6975  7004 I art     : Explicit concurrent mark sweep GC freed 3(96B) AllocSpace objects, 0(0B) LOS objects, 23% free, 53MB/69MB, paused 486us total 23.056ms
08-04 21:09:39.772  6975  7004 I art     : Starting a blocking GC Explicit
08-04 21:09:39.796  6975  7004 I art     : Explicit concurrent mark sweep GC freed 3(96B) AllocSpace objects, 0(0B) LOS objects, 23% free, 53MB/69MB, paused 488us total 23.629ms
08-04 21:09:40.120  6975  6987 I art     : Starting a blocking GC Explicit
08-04 21:09:40.153  6975  6987 I art     : Explicit concurrent mark sweep GC freed 1344(78KB) AllocSpace objects, 1(20KB) LOS objects, 23% free, 53MB/69MB, paused 560us total 32.577ms
08-04 21:09:40.165  6975  6987 I art     : Starting a blocking GC Explicit
08-04 21:09:40.189  6975  6987 I art     : Explicit concurrent mark sweep GC freed 20(704B) AllocSpace objects, 0(0B) LOS objects, 23% free, 53MB/69MB, paused 485us total 24.210ms
08-04 21:09:40.199  6975  6987 I art     : Starting a blocking GC Explicit
08-04 21:09:40.223  6975  6987 I art     : Explicit concurrent mark sweep GC freed 3(96B) AllocSpace objects, 0(0B) LOS objects, 23% free, 53MB/69MB, paused 467us total 23.720ms
08-04 21:09:40.232  6975  6987 I art     : Starting a blocking GC Explicit
08-04 21:09:40.256  6975  6987 I art     : Explicit concurrent mark sweep GC freed 3(96B) AllocSpace objects, 0(0B) LOS objects, 23% free, 53MB/69MB, paused 481us total 23.999ms
08-04 21:09:40.265  6975  6987 I art     : Starting a blocking GC Explicit
08-04 21:09:40.290  6975  6987 I art     : Explicit concurrent mark sweep GC freed 3(96B) AllocSpace objects, 0(0B) LOS objects, 23% free, 53MB/69MB, paused 496us total 24.110ms
08-04 21:09:40.612  6975  7372 I art     : Starting a blocking GC Explicit
08-04 21:09:40.646  6975  7372 I art     : Explicit concurrent mark sweep GC freed 1344(78KB) AllocSpace objects, 1(20KB) LOS objects, 23% free, 53MB/69MB, paused 527us total 33.193ms
08-04 21:09:40.659  6975  7372 I art     : Starting a blocking GC Explicit
08-04 21:09:40.683  6975  7372 I art     : Explicit concurrent mark sweep GC freed 20(704B) AllocSpace objects, 0(0B) LOS objects, 23% free, 53MB/69MB, paused 528us total 24.469ms
08-04 21:09:40.693  6975  7372 I art     : Starting a blocking GC Explicit
08-04 21:09:40.717  6975  7372 I art     : Explicit concurrent mark sweep GC freed 3(96B) AllocSpace objects, 0(0B) LOS objects, 23% free, 53MB/69MB, paused 488us total 23.820ms
08-04 21:09:40.726  6975  7372 I art     : Starting a blocking GC Explicit
08-04 21:09:40.750  6975  7372 I art     : Explicit concurrent mark sweep GC freed 3(96B) AllocSpace objects, 0(0B) LOS objects, 23% free, 53MB/69MB, paused 466us total 23.870ms
08-04 21:09:40.759  6975  7372 I art     : Starting a blocking GC Explicit
08-04 21:09:40.783  6975  7372 I art     : Explicit concurrent mark sweep GC freed 3(96B) AllocSpace objects, 0(0B) LOS objects, 23% free, 53MB/69MB, paused 485us total 23.635ms
08-04 21:09:41.011   518   646 I ThermalEngine: ACTION: GPU - Setting GPU[0] to 600000000
08-04 21:09:41.111  6975  6988 I art     : Starting a blocking GC Explicit
08-04 21:09:41.140  6975  6988 I art     : Explicit concurrent mark sweep GC freed 1344(78KB) AllocSpace objects, 1(20KB) LOS objects, 23% free, 53MB/69MB, paused 399us total 28.861ms
08-04 21:09:41.152  6975  6988 I art     : Starting a blocking GC Explicit
08-04 21:09:41.171  6975  6988 I art     : Explicit concurrent mark sweep GC freed 20(704B) AllocSpace objects, 0(0B) LOS objects, 23% free, 53MB/69MB, paused 366us total 19.110ms
08-04 21:09:41.179  6975  6988 I art     : Starting a blocking GC Explicit
08-04 21:09:41.198  6975  6988 I art     : Explicit concurrent mark sweep GC freed 3(96B) AllocSpace objects, 0(0B) LOS objects, 23% free, 53MB/69MB, paused 339us total 18.972ms
08-04 21:09:41.205  6975  6988 I art     : Starting a blocking GC Explicit
08-04 21:09:41.224  6975  6988 I art     : Explicit concurrent mark sweep GC freed 3(96B) AllocSpace objects, 0(0B) LOS objects, 23% free, 53MB/69MB, paused 352us total 19.098ms
08-04 21:09:41.232  6975  6988 I art     : Starting a blocking GC Explicit
08-04 21:09:41.251  6975  6988 I art     : Explicit concurrent mark sweep GC freed 3(96B) AllocSpace objects, 0(0B) LOS objects, 23% free, 53MB/69MB, paused 360us total 18.956ms
08-04 21:09:41.587  6975  7004 I art     : Starting a blocking GC Explicit
08-04 21:09:41.612  6975  7004 I art     : Explicit concurrent mark sweep GC freed 1344(78KB) AllocSpace objects, 1(20KB) LOS objects, 23% free, 53MB/69MB, paused 381us total 24.818ms
08-04 21:09:41.620  6975  7004 I art     : Starting a blocking GC Explicit
08-04 21:09:41.639  6975  7004 I art     : Explicit concurrent mark sweep GC freed 20(704B) AllocSpace objects, 0(0B) LOS objects, 23% free, 53MB/69MB, paused 383us total 19.121ms
08-04 21:09:41.647  6975  7004 I art     : Starting a blocking GC Explicit
08-04 21:09:41.665  6975  7004 I art     : Explicit concurrent mark sweep GC freed 3(96B) AllocSpace objects, 0(0B) LOS objects, 23% free, 53MB/69MB, paused 357us total 18.775ms
08-04 21:09:41.673  6975  7004 I art     : Starting a blocking GC Explicit
08-04 21:09:41.692  6975  7004 I art     : Explicit concurrent mark sweep GC freed 3(96B) AllocSpace objects, 0(0B) LOS objects, 23% free, 53MB/69MB, paused 410us total 19.138ms
08-04 21:09:41.699  6975  7004 I art     : Starting a blocking GC Explicit
08-04 21:09:41.719  6975  7004 I art     : Explicit concurrent mark sweep GC freed 3(96B) AllocSpace objects, 0(0B) LOS objects, 23% free, 53MB/69MB, paused 348us total 18.960ms
08-04 21:09:42.033  6975  6987 I art     : Starting a blocking GC Explicit
08-04 21:09:42.065  6975  6987 I art     : Explicit concurrent mark sweep GC freed 1344(78KB) AllocSpace objects, 1(20KB) LOS objects, 23% free, 53MB/69MB, paused 437us total 32.053ms
08-04 21:09:42.078  6975  6987 I art     : Starting a blocking GC Explicit
08-04 21:09:42.100  6975  6987 I art     : Explicit concurrent mark sweep GC freed 20(704B) AllocSpace objects, 0(0B) LOS objects, 23% free, 53MB/69MB, paused 383us total 21.549ms
08-04 21:09:42.107  6975  6987 I art     : Starting a blocking GC Explicit
08-04 21:09:42.126  6975  6987 I art     : Explicit concurrent mark sweep GC freed 3(96B) AllocSpace objects, 0(0B) LOS objects, 23% free, 53MB/69MB, paused 348us total 19.050ms
08-04 21:09:42.134  6975  6987 I art     : Starting a blocking GC Explicit
08-04 21:09:42.153  6975  6987 I art     : Explicit concurrent mark sweep GC freed 3(96B) AllocSpace objects, 0(0B) LOS objects, 23% free, 53MB/69MB, paused 338us total 18.564ms
08-04 21:09:42.160  6975  6987 I art     : Starting a blocking GC Explicit
08-04 21:09:42.178  6975  6987 I art     : Explicit concurrent mark sweep GC freed 3(96B) AllocSpace objects, 0(0B) LOS objects, 23% free, 53MB/69MB, paused 329us total 18.281ms
08-04 21:09:42.444  6975  7372 I art     : Starting a blocking GC Explicit
08-04 21:09:42.464  6975  7372 I art     : Explicit concurrent mark sweep GC freed 1344(78KB) AllocSpace objects, 1(20KB) LOS objects, 23% free, 53MB/69MB, paused 392us total 19.338ms
08-04 21:09:42.471  6975  7372 I art     : Starting a blocking GC Explicit
08-04 21:09:42.490  6975  7372 I art     : Explicit concurrent mark sweep GC freed 20(704B) AllocSpace objects, 0(0B) LOS objects, 23% free, 53MB/69MB, paused 347us total 18.453ms
08-04 21:09:42.497  6975  7372 I art     : Starting a blocking GC Explicit
08-04 21:09:42.514  6975  7372 I art     : Explicit concurrent mark sweep GC freed 3(96B) AllocSpace objects, 0(0B) LOS objects, 23% free, 53MB/69MB, paused 352us total 17.595ms
08-04 21:09:42.522  6975  7372 I art     : Starting a blocking GC Explicit
08-04 21:09:42.540  6975  7372 I art     : Explicit concurrent mark sweep GC freed 3(96B) AllocSpace objects, 0(0B) LOS objects, 23% free, 53MB/69MB, paused 347us total 17.802ms
08-04 21:09:42.547  6975  7372 I art     : Starting a blocking GC Explicit
08-04 21:09:42.565  6975  7372 I art     : Explicit concurrent mark sweep GC freed 3(96B) AllocSpace objects, 0(0B) LOS objects, 23% free, 53MB/69MB, paused 352us total 17.757ms
08-04 21:09:42.587  9890  9890 D AndroidRuntime: >>>>>> START com.android.internal.os.RuntimeInit uid 2000 <<<<<<
08-04 21:09:42.591  9890  9890 D AndroidRuntime: CheckJNI is OFF
08-04 21:09:42.616  9890  9890 D ICU     : No timezone override file found: /data/misc/zoneinfo/current/icu/icu_tzdata.dat
08-04 21:09:42.642  9890  9890 I Radio-JNI: register_android_hardware_Radio DONE
08-04 21:09:42.658  9890  9890 D AndroidRuntime: Calling main entry com.android.commands.input.Input
08-04 21:09:42.660  9890  9890 I Input   : injectKeyEvent: KeyEvent { action=ACTION_DOWN, keyCode=KEYCODE_BACK, scanCode=0, metaState=0, flags=0x0, repeatCount=0, eventTime=738599073, downTime=738599073, deviceId=-1, source=0x101 }
08-04 21:09:42.666  9890  9890 I Input   : injectKeyEvent: KeyEvent { action=ACTION_UP, keyCode=KEYCODE_BACK, scanCode=0, metaState=0, flags=0x0, repeatCount=0, eventTime=738599073, downTime=738599073, deviceId=-1, source=0x101 }
08-04 21:09:42.672  9890  9890 D AndroidRuntime: Shutting down VM
08-04 21:09:42.713 13866 13866 I GoogleInputMethodServic: GoogleInputMethodService.onFinishInput():3138 
08-04 21:09:42.714 13866 13866 I GoogleInputMethodServic: GoogleInputMethodService.onStartInput():1808 
08-04 21:09:42.793  6975  7372 I art     : Starting a blocking GC Explicit
08-04 21:09:42.810  6975  7372 I art     : Explicit concurrent mark sweep GC freed 1482(84KB) AllocSpace objects, 1(20KB) LOS objects, 23% free, 53MB/69MB, paused 323us total 16.626ms
08-04 21:09:42.816  6975  7372 I art     : Starting a blocking GC Explicit
08-04 21:09:42.833  6975  7372 I art     : Explicit concurrent mark sweep GC freed 32(1168B) AllocSpace objects, 0(0B) LOS objects, 23% free, 53MB/69MB, paused 353us total 16.545ms
08-04 21:09:42.840  6975  7372 I art     : Starting a blocking GC Explicit
08-04 21:09:42.857  6975  7372 I art     : Explicit concurrent mark sweep GC freed 3(96B) AllocSpace objects, 0(0B) LOS objects, 23% free, 53MB/69MB, paused 394us total 16.832ms
08-04 21:09:42.864  6975  7372 I art     : Starting a blocking GC Explicit
08-04 21:09:42.880  6975  7372 I art     : Explicit concurrent mark sweep GC freed 3(96B) AllocSpace objects, 0(0B) LOS objects, 23% free, 53MB/69MB, paused 364us total 16.377ms
08-04 21:09:42.888  6975  7372 I art     : Starting a blocking GC Explicit
08-04 21:09:42.905  6975  7372 I art     : Explicit concurrent mark sweep GC freed 3(96B) AllocSpace objects, 0(0B) LOS objects, 23% free, 53MB/69MB, paused 328us total 16.965ms
08-04 21:09:43.001   380   380 W SurfaceFlinger: couldn't log to binary event log: overflow.
08-04 21:09:43.148  6975  6987 I art     : Starting a blocking GC Explicit
08-04 21:09:43.162  6975  9924 W OneSignal: OneSignalRestClient: POST Error thrown from network stack. 
08-04 21:09:43.162  6975  9924 W OneSignal: java.io.IOException: unexpected end of stream on Connection{api.onesignal.com:443, proxy=HTTP@192.168.2.12:8080 hostAddress=192.168.2.12 cipherSuite=TLS_ECDHE_RSA_WITH_AES_128_GCM_SHA256 protocol=http/1.1} (recycle count=0)
08-04 21:09:43.162  6975  9924 W OneSignal: 	at com.android.okhttp.internal.http.HttpConnection.readResponse(HttpConnection.java:210)
08-04 21:09:43.162  6975  9924 W OneSignal: 	at com.android.okhttp.internal.http.HttpTransport.readResponseHeaders(HttpTransport.java:80)
08-04 21:09:43.162  6975  9924 W OneSignal: 	at com.android.okhttp.internal.http.HttpEngine.readNetworkResponse(HttpEngine.java:904)
08-04 21:09:43.162  6975  9924 W OneSignal: 	at com.android.okhttp.internal.http.HttpEngine.readResponse(HttpEngine.java:788)
08-04 21:09:43.162  6975  9924 W OneSignal: 	at com.android.okhttp.internal.huc.HttpURLConnectionImpl.execute(HttpURLConnectionImpl.java:439)
08-04 21:09:43.162  6975  9924 W OneSignal: 	at com.android.okhttp.internal.huc.HttpURLConnectionImpl.getResponse(HttpURLConnectionImpl.java:384)
08-04 21:09:43.162  6975  9924 W OneSignal: 	at com.android.okhttp.internal.huc.HttpURLConnectionImpl.getResponseCode(HttpURLConnectionImpl.java:497)
08-04 21:09:43.162  6975  9924 W OneSignal: 	at com.android.okhttp.internal.huc.DelegatingHttpsURLConnection.getResponseCode(DelegatingHttpsURLConnection.java:105)
08-04 21:09:43.162  6975  9924 W OneSignal: 	at com.android.okhttp.internal.huc.HttpsURLConnectionImpl.getResponseCode(HttpsURLConnectionImpl.java)
08-04 21:09:43.162  6975  9924 W OneSignal: 	at com.onesignal.OneSignalRestClient.startHTTPConnection(OneSignalRestClient.java:180)
08-04 21:09:43.162  6975  9924 W OneSignal: 	at com.onesignal.OneSignalRestClient.access$100(OneSignalRestClient.java:44)
08-04 21:09:43.162  6975  9924 W OneSignal: 	at com.onesignal.OneSignalRestClient$4.run(OneSignalRestClient.java:110)
08-04 21:09:43.162  6975  9924 W OneSignal: 	at java.lang.Thread.run(Thread.java:818)
08-04 21:09:43.162  6975  9924 W OneSignal: Caused by: java.io.EOFException: \n not found: size=0 content=...
08-04 21:09:43.162  6975  9924 W OneSignal: 	at com.android.okhttp.okio.RealBufferedSource.readUtf8LineStrict(RealBufferedSource.java:200)
08-04 21:09:43.162  6975  9924 W OneSignal: 	at com.android.okhttp.internal.http.HttpConnection.readResponse(HttpConnection.java:191)
08-04 21:09:43.162  6975  9924 W OneSignal: 	... 12 more
08-04 21:09:43.163  6975  9935 W OneSignal: Failed last request. statusCode: -1
08-04 21:09:43.163  6975  9935 W OneSignal: response: null
08-04 21:09:43.170  6975  6987 I art     : Explicit concurrent mark sweep GC freed 3784(226KB) AllocSpace objects, 1(20KB) LOS objects, 23% free, 53MB/69MB, paused 438us total 21.315ms
08-04 21:09:43.178  6975  6987 I art     : Starting a blocking GC Explicit
08-04 21:09:43.196  6975  6987 I art     : Explicit concurrent mark sweep GC freed 5006(296KB) AllocSpace objects, 2(140KB) LOS objects, 23% free, 52MB/68MB, paused 362us total 17.842ms
08-04 21:09:43.203  6975  6987 I art     : Starting a blocking GC Explicit
08-04 21:09:43.220  6975  6987 I art     : Explicit concurrent mark sweep GC freed 3(96B) AllocSpace objects, 0(0B) LOS objects, 23% free, 52MB/68MB, paused 333us total 16.881ms
08-04 21:09:43.227  6975  6987 I art     : Starting a blocking GC Explicit
08-04 21:09:43.244  6975  6987 I art     : Explicit concurrent mark sweep GC freed 3(96B) AllocSpace objects, 0(0B) LOS objects, 23% free, 52MB/68MB, paused 340us total 17.157ms
08-04 21:09:43.251  6975  6987 I art     : Starting a blocking GC Explicit
08-04 21:09:43.268  6975  6987 I art     : Explicit concurrent mark sweep GC freed 3(96B) AllocSpace objects, 0(0B) LOS objects, 23% free, 52MB/68MB, paused 345us total 17.119ms
08-04 21:09:43.569  6975  6988 I art     : Starting a blocking GC Explicit
08-04 21:09:43.593  6975  6988 I art     : Explicit concurrent mark sweep GC freed 1344(78KB) AllocSpace objects, 1(20KB) LOS objects, 23% free, 52MB/68MB, paused 418us total 23.228ms
08-04 21:09:43.603  6975  6988 I art     : Starting a blocking GC Explicit
08-04 21:09:43.621  6975  6988 I art     : Explicit concurrent mark sweep GC freed 20(704B) AllocSpace objects, 0(0B) LOS objects, 23% free, 52MB/68MB, paused 360us total 18.049ms
08-04 21:09:43.628  6975  6988 I art     : Starting a blocking GC Explicit
08-04 21:09:43.647  6975  6988 I art     : Explicit concurrent mark sweep GC freed 3(96B) AllocSpace objects, 0(0B) LOS objects, 23% free, 52MB/68MB, paused 355us total 17.995ms
08-04 21:09:43.654  6975  6988 I art     : Starting a blocking GC Explicit
08-04 21:09:43.672  6975  6988 I art     : Explicit concurrent mark sweep GC freed 3(96B) AllocSpace objects, 0(0B) LOS objects, 23% free, 52MB/68MB, paused 355us total 18.084ms
08-04 21:09:43.679  6975  6988 I art     : Starting a blocking GC Explicit
08-04 21:09:43.696  6975  6988 I art     : Explicit concurrent mark sweep GC freed 3(96B) AllocSpace objects, 0(0B) LOS objects, 23% free, 52MB/68MB, paused 343us total 17.371ms
08-04 21:09:43.975  6975  7004 I art     : Starting a blocking GC Explicit
08-04 21:09:43.994  6975  7004 I art     : Explicit concurrent mark sweep GC freed 1356(78KB) AllocSpace objects, 1(20KB) LOS objects, 23% free, 52MB/68MB, paused 420us total 18.919ms
08-04 21:09:44.002  6975  7004 I art     : Starting a blocking GC Explicit
08-04 21:09:44.019  6975  7004 I art     : Explicit concurrent mark sweep GC freed 34(1136B) AllocSpace objects, 0(0B) LOS objects, 23% free, 52MB/68MB, paused 350us total 17.239ms
08-04 21:09:44.026  6975  7004 I art     : Starting a blocking GC Explicit
08-04 21:09:44.042  6975  7004 I art     : Explicit concurrent mark sweep GC freed 3(96B) AllocSpace objects, 0(0B) LOS objects, 23% free, 52MB/68MB, paused 322us total 15.784ms
08-04 21:09:44.048  6975  7004 I art     : Starting a blocking GC Explicit
08-04 21:09:44.063  6975  7004 I art     : Explicit concurrent mark sweep GC freed 3(96B) AllocSpace objects, 0(0B) LOS objects, 23% free, 52MB/68MB, paused 322us total 15.049ms
08-04 21:09:44.069  6975  7004 I art     : Starting a blocking GC Explicit
08-04 21:09:44.086  6975  7004 I art     : Explicit concurrent mark sweep GC freed 3(96B) AllocSpace objects, 0(0B) LOS objects, 23% free, 52MB/68MB, paused 332us total 16.158ms
08-04 21:09:44.236  9952  9952 D AndroidRuntime: >>>>>> START com.android.internal.os.RuntimeInit uid 2000 <<<<<<
08-04 21:09:44.240  9952  9952 D AndroidRuntime: CheckJNI is OFF
08-04 21:09:44.264  9952  9952 D ICU     : No timezone override file found: /data/misc/zoneinfo/current/icu/icu_tzdata.dat
08-04 21:09:44.289  9952  9952 I Radio-JNI: register_android_hardware_Radio DONE
08-04 21:09:44.305  9952  9952 D AndroidRuntime: Calling main entry com.android.commands.input.Input
08-04 21:09:44.306  9952  9952 I Input   : injectKeyEvent: KeyEvent { action=ACTION_DOWN, keyCode=KEYCODE_BACK, scanCode=0, metaState=0, flags=0x0, repeatCount=0, eventTime=738600720, downTime=738600720, deviceId=-1, source=0x101 }
08-04 21:09:44.312  9952  9952 I Input   : injectKeyEvent: KeyEvent { action=ACTION_UP, keyCode=KEYCODE_BACK, scanCode=0, metaState=0, flags=0x0, repeatCount=0, eventTime=738600720, downTime=738600720, deviceId=-1, source=0x101 }
08-04 21:09:44.320  9952  9952 D AndroidRuntime: Shutting down VM
08-04 21:09:44.348  6975  6987 I art     : Starting a blocking GC Explicit
08-04 21:09:44.365  6975  6987 I art     : Explicit concurrent mark sweep GC freed 1490(85KB) AllocSpace objects, 1(20KB) LOS objects, 23% free, 52MB/68MB, paused 329us total 16.276ms
08-04 21:09:44.371  6975  6987 I art     : Starting a blocking GC Explicit
08-04 21:09:44.388  6975  6987 I art     : Explicit concurrent mark sweep GC freed 46(1552B) AllocSpace objects, 0(0B) LOS objects, 23% free, 52MB/68MB, paused 417us total 16.342ms
08-04 21:09:44.395 13866 13866 I GoogleInputMethodServic: GoogleInputMethodService.onFinishInput():3138 
08-04 21:09:44.395 13866 13866 I GoogleInputMethodServic: GoogleInputMethodService.onStartInput():1808 
08-04 21:09:44.396  6975  6987 I art     : Starting a blocking GC Explicit
08-04 21:09:44.415  6975  6987 I art     : Explicit concurrent mark sweep GC freed 32(1200B) AllocSpace objects, 0(0B) LOS objects, 23% free, 52MB/68MB, paused 340us total 19.460ms
08-04 21:09:44.423  6975  6987 I art     : Starting a blocking GC Explicit
08-04 21:09:44.438  6975  6987 I art     : Explicit concurrent mark sweep GC freed 8(272B) AllocSpace objects, 0(0B) LOS objects, 23% free, 52MB/68MB, paused 320us total 15.215ms
08-04 21:09:44.445  6975  6987 I art     : Starting a blocking GC Explicit
08-04 21:09:44.460  6975  6987 I art     : Explicit concurrent mark sweep GC freed 3(96B) AllocSpace objects, 0(0B) LOS objects, 23% free, 52MB/68MB, paused 306us total 14.863ms
08-04 21:09:44.670   380   380 W SurfaceFlinger: couldn't log to binary event log: overflow.
08-04 21:09:44.706  6975  7004 I art     : Starting a blocking GC Explicit
08-04 21:09:44.723  6975  7004 I art     : Explicit concurrent mark sweep GC freed 1458(87KB) AllocSpace objects, 1(20KB) LOS objects, 23% free, 52MB/68MB, paused 349us total 16.621ms
08-04 21:09:44.730  6975  7004 I art     : Starting a blocking GC Explicit
08-04 21:09:44.748  6975  7004 I art     : Explicit concurrent mark sweep GC freed 2078(121KB) AllocSpace objects, 2(180KB) LOS objects, 23% free, 52MB/68MB, paused 387us total 17.235ms
08-04 21:09:44.755  6975  7004 I art     : Starting a blocking GC Explicit
08-04 21:09:44.772  6975  7004 I art     : Explicit concurrent mark sweep GC freed 3(96B) AllocSpace objects, 0(0B) LOS objects, 23% free, 52MB/68MB, paused 351us total 17.163ms
08-04 21:09:44.779  6975  7004 I art     : Starting a blocking GC Explicit
08-04 21:09:44.796  6975  7004 I art     : Explicit concurrent mark sweep GC freed 3(96B) AllocSpace objects, 0(0B) LOS objects, 23% free, 52MB/68MB, paused 317us total 16.943ms
08-04 21:09:44.803  6975  7004 I art     : Starting a blocking GC Explicit
08-04 21:09:44.820  6975  7004 I art     : Explicit concurrent mark sweep GC freed 3(96B) AllocSpace objects, 0(0B) LOS objects, 23% free, 52MB/68MB, paused 321us total 16.871ms
08-04 21:09:45.108  6975  7372 I art     : Starting a blocking GC Explicit
08-04 21:09:45.128  6975  7372 I art     : Explicit concurrent mark sweep GC freed 1343(78KB) AllocSpace objects, 1(20KB) LOS objects, 23% free, 52MB/68MB, paused 493us total 19.548ms
08-04 21:09:45.139  6975  7372 I art     : Starting a blocking GC Explicit
08-04 21:09:45.160  6975  7372 I art     : Explicit concurrent mark sweep GC freed 20(704B) AllocSpace objects, 0(0B) LOS objects, 23% free, 52MB/68MB, paused 317us total 21.014ms
08-04 21:09:45.167  6975  7372 I art     : Starting a blocking GC Explicit
08-04 21:09:45.185  6975  7372 I art     : Explicit concurrent mark sweep GC freed 3(96B) AllocSpace objects, 0(0B) LOS objects, 23% free, 52MB/68MB, paused 343us total 17.257ms
08-04 21:09:45.192  6975  7372 I art     : Starting a blocking GC Explicit
08-04 21:09:45.209  6975  7372 I art     : Explicit concurrent mark sweep GC freed 3(96B) AllocSpace objects, 0(0B) LOS objects, 23% free, 52MB/68MB, paused 380us total 17.007ms
08-04 21:09:45.216  6975  7372 I art     : Starting a blocking GC Explicit
08-04 21:09:45.233  6975  7372 I art     : Explicit concurrent mark sweep GC freed 3(96B) AllocSpace objects, 0(0B) LOS objects, 23% free, 52MB/68MB, paused 331us total 16.469ms
08-04 21:09:45.516  6975  6988 I art     : Starting a blocking GC Explicit
08-04 21:09:45.543  6975  6988 I art     : Explicit concurrent mark sweep GC freed 1341(78KB) AllocSpace objects, 1(20KB) LOS objects, 23% free, 52MB/68MB, paused 328us total 27.073ms
08-04 21:09:45.551  6975  6988 I art     : Starting a blocking GC Explicit
08-04 21:09:45.567  6975  6988 I art     : Explicit concurrent mark sweep GC freed 20(704B) AllocSpace objects, 0(0B) LOS objects, 23% free, 52MB/68MB, paused 356us total 15.629ms
08-04 21:09:45.573  6975  6988 I art     : Starting a blocking GC Explicit
08-04 21:09:45.587  6975  6988 I art     : Explicit concurrent mark sweep GC freed 3(96B) AllocSpace objects, 0(0B) LOS objects, 23% free, 52MB/68MB, paused 330us total 14.492ms
08-04 21:09:45.593  6975  6988 I art     : Starting a blocking GC Explicit
08-04 21:09:45.609  6975  6988 I art     : Explicit concurrent mark sweep GC freed 3(96B) AllocSpace objects, 0(0B) LOS objects, 23% free, 52MB/68MB, paused 332us total 15.108ms
08-04 21:09:45.615  6975  6988 I art     : Starting a blocking GC Explicit
08-04 21:09:45.631  6975  6988 I art     : Explicit concurrent mark sweep GC freed 3(96B) AllocSpace objects, 0(0B) LOS objects, 23% free, 52MB/68MB, paused 330us total 15.516ms
08-04 21:09:45.871 10009 10009 D AndroidRuntime: >>>>>> START com.android.internal.os.RuntimeInit uid 2000 <<<<<<
08-04 21:09:45.875 10009 10009 D AndroidRuntime: CheckJNI is OFF
08-04 21:09:45.883  6975  6987 I art     : Starting a blocking GC Explicit
08-04 21:09:45.900  6975  6987 I art     : Explicit concurrent mark sweep GC freed 1341(78KB) AllocSpace objects, 1(20KB) LOS objects, 23% free, 52MB/68MB, paused 364us total 16.436ms
08-04 21:09:45.904 10009 10009 D ICU     : No timezone override file found: /data/misc/zoneinfo/current/icu/icu_tzdata.dat
08-04 21:09:45.907  6975  6987 I art     : Starting a blocking GC Explicit
08-04 21:09:45.924  6975  6987 I art     : Explicit concurrent mark sweep GC freed 20(704B) AllocSpace objects, 0(0B) LOS objects, 23% free, 52MB/68MB, paused 358us total 16.281ms
08-04 21:09:45.930 10009 10009 I Radio-JNI: register_android_hardware_Radio DONE
08-04 21:09:45.930  6975  6987 I art     : Starting a blocking GC Explicit
08-04 21:09:45.947 10009 10009 D AndroidRuntime: Calling main entry com.android.commands.input.Input
08-04 21:09:45.947  6975  6987 I art     : Explicit concurrent mark sweep GC freed 3(96B) AllocSpace objects, 0(0B) LOS objects, 23% free, 52MB/68MB, paused 408us total 16.401ms
08-04 21:09:45.949 10009 10009 I Input   : injectMotionEvent: MotionEvent { action=ACTION_DOWN, actionButton=0, id[0]=0, x[0]=1084.0, y[0]=2213.0, toolType[0]=TOOL_TYPE_UNKNOWN, buttonState=0, metaState=0, flags=0x0, edgeFlags=0x0, pointerCount=1, historySize=0, eventTime=738602362, downTime=738602362, deviceId=0, source=0x1002 }
08-04 21:09:45.954  6975  6987 I art     : Starting a blocking GC Explicit
08-04 21:09:45.954 10009 10009 I Input   : injectMotionEvent: MotionEvent { action=ACTION_UP, actionButton=0, id[0]=0, x[0]=1084.0, y[0]=2213.0, toolType[0]=TOOL_TYPE_UNKNOWN, buttonState=0, metaState=0, flags=0x0, edgeFlags=0x0, pointerCount=1, historySize=0, eventTime=738602362, downTime=738602362, deviceId=0, source=0x1002 }
08-04 21:09:45.956   918   928 I ActivityManager: START u0 {cmp=baseline.appteam.nith.hillffair/.activities.EventActivity} from uid 10651 on display 0
08-04 21:09:45.964 10009 10009 D AndroidRuntime: Shutting down VM
08-04 21:09:45.970  6975  6987 I art     : Explicit concurrent mark sweep GC freed 25(8KB) AllocSpace objects, 0(0B) LOS objects, 23% free, 52MB/68MB, paused 618us total 15.875ms
08-04 21:09:45.978  6975  6987 I art     : Starting a blocking GC Explicit
08-04 21:09:45.994  6975  6987 I art     : Explicit concurrent mark sweep GC freed 4310(239KB) AllocSpace objects, 0(0B) LOS objects, 23% free, 52MB/68MB, paused 706us total 16.333ms
08-04 21:09:46.043 13866 13866 I GoogleInputMethodServic: GoogleInputMethodService.onFinishInput():3138 
08-04 21:09:46.044 13866 13866 I GoogleInputMethodServic: GoogleInputMethodService.onStartInput():1808 
08-04 21:09:46.049  4694  4694 I ServiceManager: Waiting for service AtCmdFwd...
08-04 21:09:46.069   918   936 I ActivityManager: Displayed baseline.appteam.nith.hillffair/.activities.EventActivity: +105ms
08-04 21:09:46.239  6975  6987 I art     : Starting a blocking GC Explicit
08-04 21:09:46.262  6975  6987 I art     : Explicit concurrent mark sweep GC freed 2034(130KB) AllocSpace objects, 1(20KB) LOS objects, 23% free, 52MB/68MB, paused 426us total 23.323ms
08-04 21:09:46.270  6975  6987 I art     : Starting a blocking GC Explicit
08-04 21:09:46.292  6975  6987 I art     : Explicit concurrent mark sweep GC freed 75(3KB) AllocSpace objects, 0(0B) LOS objects, 23% free, 52MB/68MB, paused 418us total 21.481ms
08-04 21:09:46.301  6975  6987 I art     : Starting a blocking GC Explicit
08-04 21:09:46.323   380   380 W SurfaceFlinger: couldn't log to binary event log: overflow.
08-04 21:09:46.324  6975  6987 I art     : Explicit concurrent mark sweep GC freed 3(96B) AllocSpace objects, 0(0B) LOS objects, 23% free, 52MB/68MB, paused 638us total 22.512ms
08-04 21:09:46.333  6975  6987 I art     : Starting a blocking GC Explicit
08-04 21:09:46.349  6975  6987 I art     : Explicit concurrent mark sweep GC freed 3(96B) AllocSpace objects, 0(0B) LOS objects, 23% free, 52MB/68MB, paused 361us total 15.501ms
08-04 21:09:46.356  6975  6987 I art     : Starting a blocking GC Explicit
08-04 21:09:46.372  6975  6987 I art     : Explicit concurrent mark sweep GC freed 3(96B) AllocSpace objects, 0(0B) LOS objects, 23% free, 52MB/68MB, paused 335us total 15.624ms
08-04 21:09:46.633  6975  7004 I art     : Starting a blocking GC Explicit
08-04 21:09:46.651  6975  7004 I art     : Explicit concurrent mark sweep GC freed 1452(84KB) AllocSpace objects, 1(20KB) LOS objects, 23% free, 52MB/68MB, paused 383us total 17.901ms
08-04 21:09:46.658  6975  7004 I art     : Starting a blocking GC Explicit
08-04 21:09:46.676  6975  7004 I art     : Explicit concurrent mark sweep GC freed 52(1792B) AllocSpace objects, 0(0B) LOS objects, 23% free, 52MB/68MB, paused 357us total 17.233ms
08-04 21:09:46.683  6975  7004 I art     : Starting a blocking GC Explicit
08-04 21:09:46.700  6975  7004 I art     : Explicit concurrent mark sweep GC freed 10(352B) AllocSpace objects, 0(0B) LOS objects, 23% free, 52MB/68MB, paused 381us total 16.232ms
08-04 21:09:46.706  6975  7004 I art     : Starting a blocking GC Explicit
08-04 21:09:46.723  6975  7004 I art     : Explicit concurrent mark sweep GC freed 7(240B) AllocSpace objects, 0(0B) LOS objects, 23% free, 52MB/68MB, paused 373us total 16.690ms
08-04 21:09:46.730  6975  7004 I art     : Starting a blocking GC Explicit
08-04 21:09:46.746  6975  7004 I art     : Explicit concurrent mark sweep GC freed 952(68KB) AllocSpace objects, 2(120KB) LOS objects, 23% free, 53MB/69MB, paused 512us total 15.957ms
08-04 21:09:46.756  6975 10032 D OkHttp  : --> GET https://api-hillfair-2k16.herokuapp.com/api/app/club http/1.1
08-04 21:09:46.787  6975 10032 D OkHttp  : <-- 200 OK https://api-hillfair-2k16.herokuapp.com/api/app/club (30ms, 1870-byte body)
08-04 21:09:46.807  6975  6975 I NAPPA_EXPERIMENTATION: MetricNetworkRequestExecutionTime: REQUEST_DURATION_SYSTEM='817',REQUEST_DURATION_OKHTTP='31',REQUEST_SYNCHRONOUS='FALSE',RESPONSE_CODE='200',RESPONSE_METHOD='GET',RESPONSE_LENGTH_OKHTTP='1870',RESPONSE_LENGTH_HEADER='1870',REQUEST_PROTOCOL='http/1.1',REQUEST_URL='https://api-hillfair-2k16.herokuapp.com/api/app/club',
08-04 21:09:47.000  6975  7004 I art     : Starting a blocking GC Explicit
08-04 21:09:47.020  6975  7004 I art     : Explicit concurrent mark sweep GC freed 6791(561KB) AllocSpace objects, 2(100KB) LOS objects, 23% free, 53MB/69MB, paused 529us total 19.988ms
08-04 21:09:47.021   518   646 I ThermalEngine: ACTION: GPU - Setting GPU[0] to 510000000
08-04 21:09:47.029  6975  7004 I art     : Starting a blocking GC Explicit
08-04 21:09:47.049  6975  7004 I art     : Explicit concurrent mark sweep GC freed 584(61KB) AllocSpace objects, 0(0B) LOS objects, 23% free, 53MB/69MB, paused 567us total 20.381ms
08-04 21:09:47.050  4694  4694 I ServiceManager: Waiting for service AtCmdFwd...
08-04 21:09:47.058  6975  7004 I art     : Starting a blocking GC Explicit
08-04 21:09:47.078  6975  7004 I art     : Explicit concurrent mark sweep GC freed 9(288B) AllocSpace objects, 0(0B) LOS objects, 23% free, 53MB/69MB, paused 583us total 19.928ms
08-04 21:09:47.086  6975  7004 I art     : Starting a blocking GC Explicit
08-04 21:09:47.109  6975  7004 I art     : Explicit concurrent mark sweep GC freed 3(96B) AllocSpace objects, 0(0B) LOS objects, 23% free, 53MB/69MB, paused 638us total 22.376ms
08-04 21:09:47.117  6975  7004 I art     : Starting a blocking GC Explicit
08-04 21:09:47.141  6975  7004 I art     : Explicit concurrent mark sweep GC freed 3(96B) AllocSpace objects, 0(0B) LOS objects, 23% free, 53MB/69MB, paused 648us total 23.471ms
08-04 21:09:47.432  6975  7372 I art     : Starting a blocking GC Explicit
08-04 21:09:47.458  6975  7372 I art     : Explicit concurrent mark sweep GC freed 5417(323KB) AllocSpace objects, 1(20KB) LOS objects, 23% free, 53MB/69MB, paused 638us total 25.318ms
08-04 21:09:47.467  6975  7372 I art     : Starting a blocking GC Explicit
08-04 21:09:47.489  6975  7372 I art     : Explicit concurrent mark sweep GC freed 132(4KB) AllocSpace objects, 0(0B) LOS objects, 23% free, 53MB/69MB, paused 578us total 22.026ms
08-04 21:09:47.498  6975  7372 I art     : Starting a blocking GC Explicit
08-04 21:09:47.521  6975  7372 I art     : Explicit concurrent mark sweep GC freed 3(96B) AllocSpace objects, 0(0B) LOS objects, 23% free, 53MB/69MB, paused 684us total 23.059ms
08-04 21:09:47.530  6975  7372 I art     : Starting a blocking GC Explicit
08-04 21:09:47.553  6975  7372 I art     : Explicit concurrent mark sweep GC freed 3(96B) AllocSpace objects, 0(0B) LOS objects, 23% free, 53MB/69MB, paused 570us total 23.013ms
08-04 21:09:47.562  6975  7372 I art     : Starting a blocking GC Explicit
08-04 21:09:47.585  6975  7372 I art     : Explicit concurrent mark sweep GC freed 963(41KB) AllocSpace objects, 0(0B) LOS objects, 23% free, 53MB/69MB, paused 738us total 22.847ms
08-04 21:09:47.866  6975  6987 I art     : Starting a blocking GC Explicit
08-04 21:09:47.899  6975  6987 I art     : Explicit concurrent mark sweep GC freed 4469(273KB) AllocSpace objects, 1(20KB) LOS objects, 23% free, 53MB/69MB, paused 711us total 32.507ms
08-04 21:09:47.914  6975  6987 I art     : Starting a blocking GC Explicit
08-04 21:09:47.940  6975  6987 I art     : Explicit concurrent mark sweep GC freed 110(3KB) AllocSpace objects, 0(0B) LOS objects, 23% free, 53MB/69MB, paused 536us total 26.227ms
08-04 21:09:47.949  6975  6987 I art     : Starting a blocking GC Explicit
08-04 21:09:47.972  6975  6987 I art     : Explicit concurrent mark sweep GC freed 3(96B) AllocSpace objects, 0(0B) LOS objects, 23% free, 53MB/69MB, paused 521us total 22.833ms
08-04 21:09:47.981  6975  6987 I art     : Starting a blocking GC Explicit
08-04 21:09:48.005  6975  6987 I art     : Explicit concurrent mark sweep GC freed 3(96B) AllocSpace objects, 0(0B) LOS objects, 23% free, 53MB/69MB, paused 516us total 23.290ms
08-04 21:09:48.014  6975  6987 I art     : Starting a blocking GC Explicit
08-04 21:09:48.038  6975  6987 I art     : Explicit concurrent mark sweep GC freed 3(96B) AllocSpace objects, 0(0B) LOS objects, 23% free, 53MB/69MB, paused 568us total 23.682ms
08-04 21:09:48.050  4694  4694 I ServiceManager: Waiting for service AtCmdFwd...
08-04 21:09:48.387  6975  7372 I art     : Starting a blocking GC Explicit
08-04 21:09:48.419  6975  7372 I art     : Explicit concurrent mark sweep GC freed 1365(79KB) AllocSpace objects, 1(20KB) LOS objects, 23% free, 53MB/69MB, paused 556us total 31.350ms
08-04 21:09:48.431  6975  7372 I art     : Starting a blocking GC Explicit
08-04 21:09:48.455  6975  7372 I art     : Explicit concurrent mark sweep GC freed 36(1216B) AllocSpace objects, 0(0B) LOS objects, 23% free, 53MB/69MB, paused 509us total 23.755ms
08-04 21:09:48.464  6975  7372 I art     : Starting a blocking GC Explicit
08-04 21:09:48.488  6975  7372 I art     : Explicit concurrent mark sweep GC freed 3(96B) AllocSpace objects, 0(0B) LOS objects, 23% free, 53MB/69MB, paused 513us total 23.309ms
08-04 21:09:48.497  6975  7372 I art     : Starting a blocking GC Explicit
08-04 21:09:48.520  6975  7372 I art     : Explicit concurrent mark sweep GC freed 3(96B) AllocSpace objects, 0(0B) LOS objects, 23% free, 53MB/69MB, paused 515us total 22.665ms
08-04 21:09:48.529  6975  7372 I art     : Starting a blocking GC Explicit
08-04 21:09:48.552  6975  7372 I art     : Explicit concurrent mark sweep GC freed 3(96B) AllocSpace objects, 0(0B) LOS objects, 23% free, 53MB/69MB, paused 508us total 23.206ms
08-04 21:09:48.881  6975  7004 I art     : Starting a blocking GC Explicit
08-04 21:09:48.910  6975  7004 I art     : Explicit concurrent mark sweep GC freed 1344(78KB) AllocSpace objects, 1(20KB) LOS objects, 23% free, 53MB/69MB, paused 556us total 29.183ms
08-04 21:09:48.923  6975  7004 I art     : Starting a blocking GC Explicit
08-04 21:09:48.947  6975  7004 I art     : Explicit concurrent mark sweep GC freed 20(704B) AllocSpace objects, 0(0B) LOS objects, 23% free, 53MB/69MB, paused 664us total 24.267ms
08-04 21:09:48.956  6975  7004 I art     : Starting a blocking GC Explicit
08-04 21:09:48.980  6975  7004 I art     : Explicit concurrent mark sweep GC freed 3(96B) AllocSpace objects, 0(0B) LOS objects, 23% free, 53MB/69MB, paused 499us total 23.754ms
08-04 21:09:48.989  6975  7004 I art     : Starting a blocking GC Explicit
08-04 21:09:49.013  6975  7004 I art     : Explicit concurrent mark sweep GC freed 3(96B) AllocSpace objects, 0(0B) LOS objects, 23% free, 53MB/69MB, paused 523us total 23.071ms
08-04 21:09:49.022  6975  7004 I art     : Starting a blocking GC Explicit
08-04 21:09:49.045  6975  7004 I art     : Explicit concurrent mark sweep GC freed 3(96B) AllocSpace objects, 0(0B) LOS objects, 23% free, 53MB/69MB, paused 503us total 23.256ms
08-04 21:09:49.051  4694  4694 I ServiceManager: Waiting for service AtCmdFwd...
08-04 21:09:49.378  6975  6988 I art     : Starting a blocking GC Explicit
08-04 21:09:49.408  6975  6988 I art     : Explicit concurrent mark sweep GC freed 1344(78KB) AllocSpace objects, 1(20KB) LOS objects, 23% free, 53MB/69MB, paused 740us total 29.247ms
08-04 21:09:49.419  6975  6988 I art     : Starting a blocking GC Explicit
08-04 21:09:49.443  6975  6988 I art     : Explicit concurrent mark sweep GC freed 20(704B) AllocSpace objects, 0(0B) LOS objects, 23% free, 53MB/69MB, paused 513us total 23.845ms
08-04 21:09:49.453  6975  6988 I art     : Starting a blocking GC Explicit
08-04 21:09:49.477  6975  6988 I art     : Explicit concurrent mark sweep GC freed 3(96B) AllocSpace objects, 0(0B) LOS objects, 23% free, 53MB/69MB, paused 498us total 23.637ms
08-04 21:09:49.485  6975  6988 I art     : Starting a blocking GC Explicit
08-04 21:09:49.509  6975  6988 I art     : Explicit concurrent mark sweep GC freed 3(96B) AllocSpace objects, 0(0B) LOS objects, 23% free, 53MB/69MB, paused 512us total 23.048ms
08-04 21:09:49.518  6975  6988 I art     : Starting a blocking GC Explicit
08-04 21:09:49.542  6975  6988 I art     : Explicit concurrent mark sweep GC freed 3(96B) AllocSpace objects, 0(0B) LOS objects, 23% free, 53MB/69MB, paused 511us total 23.687ms
08-04 21:09:49.867  6975  6987 I art     : Starting a blocking GC Explicit
08-04 21:09:49.899  6975  6987 I art     : Explicit concurrent mark sweep GC freed 1344(78KB) AllocSpace objects, 1(20KB) LOS objects, 23% free, 53MB/69MB, paused 618us total 30.797ms
08-04 21:09:49.911  6975  6987 I art     : Starting a blocking GC Explicit
08-04 21:09:49.935  6975  6987 I art     : Explicit concurrent mark sweep GC freed 20(704B) AllocSpace objects, 0(0B) LOS objects, 23% free, 53MB/69MB, paused 530us total 23.662ms
08-04 21:09:49.944  6975  6987 I art     : Starting a blocking GC Explicit
08-04 21:09:49.968  6975  6987 I art     : Explicit concurrent mark sweep GC freed 3(96B) AllocSpace objects, 0(0B) LOS objects, 23% free, 53MB/69MB, paused 512us total 23.810ms
08-04 21:09:49.978  6975  6987 I art     : Starting a blocking GC Explicit
08-04 21:09:50.002  6975  6987 I art     : Explicit concurrent mark sweep GC freed 3(96B) AllocSpace objects, 0(0B) LOS objects, 23% free, 53MB/69MB, paused 528us total 23.850ms
08-04 21:09:50.011  6975  6987 I art     : Starting a blocking GC Explicit
08-04 21:09:50.031   518   646 I ThermalEngine: ACTION: GPU - Setting GPU[0] to 600000000
08-04 21:09:50.033  6975  6987 I art     : Explicit concurrent mark sweep GC freed 3(96B) AllocSpace objects, 0(0B) LOS objects, 23% free, 53MB/69MB, paused 567us total 22.509ms
08-04 21:09:50.052  4694  4694 I ServiceManager: Waiting for service AtCmdFwd...
08-04 21:09:50.337  6975  7372 I art     : Starting a blocking GC Explicit
08-04 21:09:50.360  6975  7372 I art     : Explicit concurrent mark sweep GC freed 1344(78KB) AllocSpace objects, 1(20KB) LOS objects, 23% free, 53MB/69MB, paused 409us total 23.094ms
08-04 21:09:50.371  6975  7372 I art     : Starting a blocking GC Explicit
08-04 21:09:50.392  6975  7372 I art     : Explicit concurrent mark sweep GC freed 20(704B) AllocSpace objects, 0(0B) LOS objects, 23% free, 53MB/69MB, paused 384us total 19.850ms
08-04 21:09:50.399  6975  7372 I art     : Starting a blocking GC Explicit
08-04 21:09:50.418  6975  7372 I art     : Explicit concurrent mark sweep GC freed 3(96B) AllocSpace objects, 0(0B) LOS objects, 23% free, 53MB/69MB, paused 381us total 19.342ms
08-04 21:09:50.426  6975  7372 I art     : Starting a blocking GC Explicit
08-04 21:09:50.445  6975  7372 I art     : Explicit concurrent mark sweep GC freed 3(96B) AllocSpace objects, 0(0B) LOS objects, 23% free, 53MB/69MB, paused 383us total 18.558ms
08-04 21:09:50.452  6975  7372 I art     : Starting a blocking GC Explicit
08-04 21:09:50.470  6975  7372 I art     : Explicit concurrent mark sweep GC freed 3(96B) AllocSpace objects, 0(0B) LOS objects, 23% free, 53MB/69MB, paused 374us total 18.077ms
08-04 21:09:50.786  6975  7004 I art     : Starting a blocking GC Explicit
08-04 21:09:50.816  6975  7004 I art     : Explicit concurrent mark sweep GC freed 1344(78KB) AllocSpace objects, 1(20KB) LOS objects, 23% free, 53MB/69MB, paused 442us total 29.278ms
08-04 21:09:50.828  6975  7004 I art     : Starting a blocking GC Explicit
08-04 21:09:50.846  6975  7004 I art     : Explicit concurrent mark sweep GC freed 20(704B) AllocSpace objects, 0(0B) LOS objects, 23% free, 53MB/69MB, paused 377us total 18.307ms
08-04 21:09:50.853  6975  7004 I art     : Starting a blocking GC Explicit
08-04 21:09:50.872  6975  7004 I art     : Explicit concurrent mark sweep GC freed 3(96B) AllocSpace objects, 0(0B) LOS objects, 23% free, 53MB/69MB, paused 371us total 18.308ms
08-04 21:09:50.879  6975  7004 I art     : Starting a blocking GC Explicit
08-04 21:09:50.898  6975  7004 I art     : Explicit concurrent mark sweep GC freed 3(96B) AllocSpace objects, 0(0B) LOS objects, 23% free, 53MB/69MB, paused 369us total 18.702ms
08-04 21:09:50.905  6975  7004 I art     : Starting a blocking GC Explicit
08-04 21:09:50.924  6975  7004 I art     : Explicit concurrent mark sweep GC freed 3(96B) AllocSpace objects, 0(0B) LOS objects, 23% free, 53MB/69MB, paused 370us total 18.884ms
08-04 21:09:50.924  6975  6985 I art     : WaitForGcToComplete blocked for 19.105ms for cause HeapTrim
08-04 21:09:51.052  4694  4694 W Atfwd_Sendcmd: AtCmdFwd service not published, waiting... retryCnt : 4
08-04 21:09:51.243  6975  6988 I art     : Starting a blocking GC Explicit
08-04 21:09:51.270  6975  6988 I art     : Explicit concurrent mark sweep GC freed 1344(78KB) AllocSpace objects, 1(20KB) LOS objects, 23% free, 53MB/69MB, paused 373us total 26.343ms
08-04 21:09:51.281  6975  6988 I art     : Starting a blocking GC Explicit
08-04 21:09:51.299  6975  6988 I art     : Explicit concurrent mark sweep GC freed 20(704B) AllocSpace objects, 0(0B) LOS objects, 23% free, 53MB/69MB, paused 343us total 18.706ms
08-04 21:09:51.307  6975  6988 I art     : Starting a blocking GC Explicit
08-04 21:09:51.326  6975  6988 I art     : Explicit concurrent mark sweep GC freed 3(96B) AllocSpace objects, 0(0B) LOS objects, 23% free, 53MB/69MB, paused 361us total 18.942ms
08-04 21:09:51.333  6975  6988 I art     : Starting a blocking GC Explicit
08-04 21:09:51.352  6975  6988 I art     : Explicit concurrent mark sweep GC freed 3(96B) AllocSpace objects, 0(0B) LOS objects, 23% free, 53MB/69MB, paused 385us total 18.955ms
08-04 21:09:51.360  6975  6988 I art     : Starting a blocking GC Explicit
08-04 21:09:51.378  6975  6988 I art     : Explicit concurrent mark sweep GC freed 3(96B) AllocSpace objects, 0(0B) LOS objects, 23% free, 53MB/69MB, paused 372us total 18.532ms
08-04 21:09:51.711  6975  6987 I art     : Starting a blocking GC Explicit
08-04 21:09:51.738  6975  6987 I art     : Explicit concurrent mark sweep GC freed 1344(78KB) AllocSpace objects, 1(20KB) LOS objects, 23% free, 53MB/69MB, paused 472us total 27.115ms
08-04 21:09:51.750  6975  6987 I art     : Starting a blocking GC Explicit
08-04 21:09:51.770  6975  6987 I art     : Explicit concurrent mark sweep GC freed 20(704B) AllocSpace objects, 0(0B) LOS objects, 23% free, 53MB/69MB, paused 389us total 19.463ms
08-04 21:09:51.777  6975  6987 I art     : Starting a blocking GC Explicit
08-04 21:09:51.795  6975  6987 I art     : Explicit concurrent mark sweep GC freed 3(96B) AllocSpace objects, 0(0B) LOS objects, 23% free, 53MB/69MB, paused 371us total 18.085ms
08-04 21:09:51.802  6975  6987 I art     : Starting a blocking GC Explicit
08-04 21:09:51.821  6975  6987 I art     : Explicit concurrent mark sweep GC freed 3(96B) AllocSpace objects, 0(0B) LOS objects, 23% free, 53MB/69MB, paused 376us total 17.994ms
08-04 21:09:51.828  6975  6987 I art     : Starting a blocking GC Explicit
08-04 21:09:51.846  6975  6987 I art     : Explicit concurrent mark sweep GC freed 3(96B) AllocSpace objects, 0(0B) LOS objects, 23% free, 53MB/69MB, paused 385us total 18.250ms
08-04 21:09:52.141  6975  7372 I art     : Starting a blocking GC Explicit
08-04 21:09:52.164  6975  7372 I art     : Explicit concurrent mark sweep GC freed 1344(78KB) AllocSpace objects, 1(20KB) LOS objects, 23% free, 53MB/69MB, paused 407us total 23.200ms
08-04 21:09:52.172  6975  7372 I art     : Starting a blocking GC Explicit
08-04 21:09:52.191  6975  7372 I art     : Explicit concurrent mark sweep GC freed 20(704B) AllocSpace objects, 0(0B) LOS objects, 23% free, 53MB/69MB, paused 361us total 18.872ms
08-04 21:09:52.198  6975  7372 I art     : Starting a blocking GC Explicit
08-04 21:09:52.216  6975  7372 I art     : Explicit concurrent mark sweep GC freed 3(96B) AllocSpace objects, 0(0B) LOS objects, 23% free, 53MB/69MB, paused 373us total 18.110ms
08-04 21:09:52.223  6975  7372 I art     : Starting a blocking GC Explicit
08-04 21:09:52.242  6975  7372 I art     : Explicit concurrent mark sweep GC freed 3(96B) AllocSpace objects, 0(0B) LOS objects, 23% free, 53MB/69MB, paused 360us total 18.215ms
08-04 21:09:52.249  6975  7372 I art     : Starting a blocking GC Explicit
08-04 21:09:52.267  6975  7372 I art     : Explicit concurrent mark sweep GC freed 3(96B) AllocSpace objects, 0(0B) LOS objects, 23% free, 53MB/69MB, paused 437us total 18.140ms
08-04 21:09:52.594  6975  7004 I art     : Starting a blocking GC Explicit
08-04 21:09:52.626  6975  7004 I art     : Explicit concurrent mark sweep GC freed 1365(79KB) AllocSpace objects, 1(20KB) LOS objects, 23% free, 53MB/69MB, paused 557us total 31.844ms
08-04 21:09:52.640  6975  7004 I art     : Starting a blocking GC Explicit
08-04 21:09:52.660  6975  7004 I art     : Explicit concurrent mark sweep GC freed 36(1216B) AllocSpace objects, 0(0B) LOS objects, 23% free, 53MB/69MB, paused 361us total 19.856ms
08-04 21:09:52.667  6975  7004 I art     : Starting a blocking GC Explicit
08-04 21:09:52.685  6975  7004 I art     : Explicit concurrent mark sweep GC freed 3(96B) AllocSpace objects, 0(0B) LOS objects, 23% free, 53MB/69MB, paused 343us total 18.109ms
08-04 21:09:52.692  6975  7004 I art     : Starting a blocking GC Explicit
08-04 21:09:52.710  6975  7004 I art     : Explicit concurrent mark sweep GC freed 3(96B) AllocSpace objects, 0(0B) LOS objects, 23% free, 53MB/69MB, paused 355us total 18.276ms
08-04 21:09:52.717  6975  7004 I art     : Starting a blocking GC Explicit
08-04 21:09:52.736  6975  7004 I art     : Explicit concurrent mark sweep GC freed 3(96B) AllocSpace objects, 0(0B) LOS objects, 23% free, 53MB/69MB, paused 361us total 18.284ms
08-04 21:09:53.061  6975  6988 I art     : Starting a blocking GC Explicit
08-04 21:09:53.088  6975  6988 I art     : Explicit concurrent mark sweep GC freed 1344(78KB) AllocSpace objects, 1(20KB) LOS objects, 23% free, 53MB/69MB, paused 573us total 26.487ms
08-04 21:09:53.098  6975  6988 I art     : Starting a blocking GC Explicit
08-04 21:09:53.118  6975  6988 I art     : Explicit concurrent mark sweep GC freed 20(704B) AllocSpace objects, 0(0B) LOS objects, 23% free, 53MB/69MB, paused 376us total 19.342ms
08-04 21:09:53.125  6975  6988 I art     : Starting a blocking GC Explicit
08-04 21:09:53.144  6975  6988 I art     : Explicit concurrent mark sweep GC freed 3(96B) AllocSpace objects, 0(0B) LOS objects, 23% free, 53MB/69MB, paused 363us total 18.736ms
08-04 21:09:53.152  6975  6988 I art     : Starting a blocking GC Explicit
08-04 21:09:53.170  6975  6988 I art     : Explicit concurrent mark sweep GC freed 3(96B) AllocSpace objects, 0(0B) LOS objects, 23% free, 53MB/69MB, paused 384us total 18.254ms
08-04 21:09:53.178  6975  6988 I art     : Starting a blocking GC Explicit
08-04 21:09:53.196  6975  6988 I art     : Explicit concurrent mark sweep GC freed 3(96B) AllocSpace objects, 0(0B) LOS objects, 23% free, 53MB/69MB, paused 324us total 18.160ms
08-04 21:09:53.506  6975  6987 I art     : Starting a blocking GC Explicit
08-04 21:09:53.527  6975  6987 I art     : Explicit concurrent mark sweep GC freed 1344(78KB) AllocSpace objects, 1(20KB) LOS objects, 23% free, 53MB/69MB, paused 461us total 21.160ms
08-04 21:09:53.535  6975  6987 I art     : Starting a blocking GC Explicit
08-04 21:09:53.553  6975  6987 I art     : Explicit concurrent mark sweep GC freed 20(704B) AllocSpace objects, 0(0B) LOS objects, 23% free, 53MB/69MB, paused 383us total 18.221ms
08-04 21:09:53.560  6975  6987 I art     : Starting a blocking GC Explicit
08-04 21:09:53.579  6975  6987 I art     : Explicit concurrent mark sweep GC freed 3(96B) AllocSpace objects, 0(0B) LOS objects, 23% free, 53MB/69MB, paused 367us total 18.062ms
08-04 21:09:53.586  6975  6987 I art     : Starting a blocking GC Explicit
08-04 21:09:53.604  6975  6987 I art     : Explicit concurrent mark sweep GC freed 3(96B) AllocSpace objects, 0(0B) LOS objects, 23% free, 53MB/69MB, paused 372us total 18.555ms
08-04 21:09:53.612  6975  6987 I art     : Starting a blocking GC Explicit
08-04 21:09:53.631  6975  6987 I art     : Explicit concurrent mark sweep GC freed 3(96B) AllocSpace objects, 0(0B) LOS objects, 23% free, 53MB/69MB, paused 401us total 18.705ms
08-04 21:09:53.953  6975  7372 I art     : Starting a blocking GC Explicit
08-04 21:09:53.976  6975  7372 I art     : Explicit concurrent mark sweep GC freed 1344(78KB) AllocSpace objects, 1(20KB) LOS objects, 23% free, 53MB/69MB, paused 420us total 23.055ms
08-04 21:09:53.987  6975  7372 I art     : Starting a blocking GC Explicit
08-04 21:09:54.006  6975  7372 I art     : Explicit concurrent mark sweep GC freed 20(704B) AllocSpace objects, 0(0B) LOS objects, 23% free, 53MB/69MB, paused 335us total 18.667ms
08-04 21:09:54.013  6975  7372 I art     : Starting a blocking GC Explicit
08-04 21:09:54.032  6975  7372 I art     : Explicit concurrent mark sweep GC freed 3(96B) AllocSpace objects, 0(0B) LOS objects, 23% free, 53MB/69MB, paused 363us total 18.323ms
08-04 21:09:54.039  6975  7372 I art     : Starting a blocking GC Explicit
08-04 21:09:54.058  6975  7372 I art     : Explicit concurrent mark sweep GC freed 3(96B) AllocSpace objects, 0(0B) LOS objects, 23% free, 53MB/69MB, paused 369us total 18.114ms
08-04 21:09:54.065  6975  7372 I art     : Starting a blocking GC Explicit
08-04 21:09:54.083  6975  7372 I art     : Explicit concurrent mark sweep GC freed 3(96B) AllocSpace objects, 0(0B) LOS objects, 23% free, 53MB/69MB, paused 360us total 18.387ms
08-04 21:09:54.349  6975  7004 I art     : Starting a blocking GC Explicit
08-04 21:09:54.368  6975  7004 I art     : Explicit concurrent mark sweep GC freed 1344(78KB) AllocSpace objects, 1(20KB) LOS objects, 23% free, 53MB/69MB, paused 397us total 19.347ms
08-04 21:09:54.376  6975  7004 I art     : Starting a blocking GC Explicit
08-04 21:09:54.393  6975  7004 I art     : Explicit concurrent mark sweep GC freed 20(704B) AllocSpace objects, 0(0B) LOS objects, 23% free, 53MB/69MB, paused 360us total 17.468ms
08-04 21:09:54.400  6975  7004 I art     : Starting a blocking GC Explicit
08-04 21:09:54.418  6975  7004 I art     : Explicit concurrent mark sweep GC freed 3(96B) AllocSpace objects, 0(0B) LOS objects, 23% free, 53MB/69MB, paused 360us total 17.621ms
08-04 21:09:54.425  6975  7004 I art     : Starting a blocking GC Explicit
08-04 21:09:54.442  6975  7004 I art     : Explicit concurrent mark sweep GC freed 3(96B) AllocSpace objects, 0(0B) LOS objects, 23% free, 53MB/69MB, paused 349us total 17.472ms
08-04 21:09:54.449  6975  7004 I art     : Starting a blocking GC Explicit
08-04 21:09:54.466  6975  7004 I art     : Explicit concurrent mark sweep GC freed 3(96B) AllocSpace objects, 0(0B) LOS objects, 23% free, 53MB/69MB, paused 351us total 17.110ms
08-04 21:09:54.565 10222 10222 D AndroidRuntime: >>>>>> START com.android.internal.os.RuntimeInit uid 2000 <<<<<<
08-04 21:09:54.569 10222 10222 D AndroidRuntime: CheckJNI is OFF
08-04 21:09:54.600 10222 10222 D ICU     : No timezone override file found: /data/misc/zoneinfo/current/icu/icu_tzdata.dat
08-04 21:09:54.625 10222 10222 I Radio-JNI: register_android_hardware_Radio DONE
08-04 21:09:54.641 10222 10222 D AndroidRuntime: Calling main entry com.android.commands.input.Input
08-04 21:09:54.643 10222 10222 I Input   : injectMotionEvent: MotionEvent { action=ACTION_DOWN, actionButton=0, id[0]=0, x[0]=369.0, y[0]=554.0, toolType[0]=TOOL_TYPE_UNKNOWN, buttonState=0, metaState=0, flags=0x0, edgeFlags=0x0, pointerCount=1, historySize=0, eventTime=738611056, downTime=738611056, deviceId=0, source=0x1002 }
08-04 21:09:54.647 10222 10222 I Input   : injectMotionEvent: MotionEvent { action=ACTION_UP, actionButton=0, id[0]=0, x[0]=369.0, y[0]=554.0, toolType[0]=TOOL_TYPE_UNKNOWN, buttonState=0, metaState=0, flags=0x0, edgeFlags=0x0, pointerCount=1, historySize=0, eventTime=738611056, downTime=738611056, deviceId=0, source=0x1002 }
08-04 21:09:54.648   918  3961 I ActivityManager: START u0 {cmp=baseline.appteam.nith.hillffair/.activities.ClubActivity (has extras)} from uid 10651 on display 0
08-04 21:09:54.654   918  3261 D WifiStateMachine: starting scan for "H369AA63323"WPA_PSK with 2412,5180
08-04 21:09:54.657 10222 10222 D AndroidRuntime: Shutting down VM
08-04 21:09:54.729  6975  6987 I art     : Starting a blocking GC Explicit
08-04 21:09:54.733   918   936 I ActivityManager: Displayed baseline.appteam.nith.hillffair/.activities.ClubActivity: +76ms
08-04 21:09:54.734 13866 13866 I GoogleInputMethodServic: GoogleInputMethodService.onFinishInput():3138 
08-04 21:09:54.735 13866 13866 I GoogleInputMethodServic: GoogleInputMethodService.onStartInput():1808 
08-04 21:09:54.748  6975  6987 I art     : Explicit concurrent mark sweep GC freed 5100(306KB) AllocSpace objects, 1(20KB) LOS objects, 22% free, 53MB/69MB, paused 468us total 18.560ms
08-04 21:09:54.757  6975  6987 I art     : Starting a blocking GC Explicit
08-04 21:09:54.778  6975  6987 I art     : Explicit concurrent mark sweep GC freed 225(10KB) AllocSpace objects, 0(0B) LOS objects, 22% free, 53MB/69MB, paused 428us total 20.783ms
08-04 21:09:54.785  6975  6987 I art     : Starting a blocking GC Explicit
08-04 21:09:54.802  6975  6987 I art     : Explicit concurrent mark sweep GC freed 3(96B) AllocSpace objects, 0(0B) LOS objects, 22% free, 53MB/69MB, paused 388us total 16.610ms
08-04 21:09:54.808  6975  6987 I art     : Starting a blocking GC Explicit
08-04 21:09:54.826  6975  6987 I art     : Explicit concurrent mark sweep GC freed 16(880B) AllocSpace objects, 0(0B) LOS objects, 22% free, 53MB/69MB, paused 425us total 16.922ms
08-04 21:09:54.834  6975  6987 I art     : Starting a blocking GC Explicit
08-04 21:09:54.851  6975  6987 I art     : Explicit concurrent mark sweep GC freed 65(4KB) AllocSpace objects, 0(0B) LOS objects, 22% free, 53MB/69MB, paused 364us total 16.916ms
08-04 21:09:54.966   380   380 W SurfaceFlinger: couldn't log to binary event log: overflow.
08-04 21:09:55.106  6975  7004 I art     : Starting a blocking GC Explicit
08-04 21:09:55.131  6975  7004 I art     : Explicit concurrent mark sweep GC freed 1455(84KB) AllocSpace objects, 1(20KB) LOS objects, 22% free, 53MB/69MB, paused 417us total 24.474ms
08-04 21:09:55.138  6975  7004 I art     : Starting a blocking GC Explicit
08-04 21:09:55.156  6975  7004 I art     : Explicit concurrent mark sweep GC freed 30(1088B) AllocSpace objects, 0(0B) LOS objects, 22% free, 53MB/69MB, paused 407us total 18.571ms
08-04 21:09:55.163  6975  7004 I art     : Starting a blocking GC Explicit
08-04 21:09:55.181  6975  7004 I art     : Explicit concurrent mark sweep GC freed 10(352B) AllocSpace objects, 0(0B) LOS objects, 22% free, 53MB/69MB, paused 423us total 18.108ms
08-04 21:09:55.188  6975  7004 I art     : Starting a blocking GC Explicit
08-04 21:09:55.206  6975  7004 I art     : Explicit concurrent mark sweep GC freed 11(416B) AllocSpace objects, 0(0B) LOS objects, 22% free, 53MB/69MB, paused 412us total 17.210ms
08-04 21:09:55.212  6975  7004 I art     : Starting a blocking GC Explicit
08-04 21:09:55.229  6975  7004 I art     : Explicit concurrent mark sweep GC freed 26(1056B) AllocSpace objects, 0(0B) LOS objects, 22% free, 53MB/69MB, paused 483us total 17.086ms
08-04 21:09:55.261  6975 10255 D OkHttp  : --> GET https://api-hillfair-2k16.herokuapp.com/api/app/club/PR%20Club http/1.1
08-04 21:09:55.291  6975 10255 D OkHttp  : <-- 200 OK https://api-hillfair-2k16.herokuapp.com/api/app/club/PR%20Club (29ms, 979-byte body)
08-04 21:09:55.350  6975  6975 I NAPPA_EXPERIMENTATION: MetricNetworkRequestExecutionTime: REQUEST_DURATION_SYSTEM='672',REQUEST_DURATION_OKHTTP='30',REQUEST_SYNCHRONOUS='FALSE',RESPONSE_CODE='200',RESPONSE_METHOD='GET',RESPONSE_LENGTH_OKHTTP='979',RESPONSE_LENGTH_HEADER='979',REQUEST_PROTOCOL='http/1.1',REQUEST_URL='https://api-hillfair-2k16.herokuapp.com/api/app/club/PR%20Club',
08-04 21:09:55.492  6975  6987 I art     : Starting a blocking GC Explicit
08-04 21:09:55.513  6975  6987 I art     : Explicit concurrent mark sweep GC freed 4768(345KB) AllocSpace objects, 4(220KB) LOS objects, 22% free, 53MB/69MB, paused 396us total 21.395ms
08-04 21:09:55.521  6975  6987 I art     : Starting a blocking GC Explicit
08-04 21:09:55.540  6975  6987 I art     : Explicit concurrent mark sweep GC freed 1029(119KB) AllocSpace objects, 0(0B) LOS objects, 22% free, 53MB/69MB, paused 388us total 19.142ms
08-04 21:09:55.547  6975  6987 I art     : Starting a blocking GC Explicit
08-04 21:09:55.565  6975  6987 I art     : Explicit concurrent mark sweep GC freed 3(96B) AllocSpace objects, 0(0B) LOS objects, 22% free, 53MB/69MB, paused 369us total 18.054ms
08-04 21:09:55.572  6975  6987 I art     : Starting a blocking GC Explicit
08-04 21:09:55.589  6975  6987 I art     : Explicit concurrent mark sweep GC freed 3(96B) AllocSpace objects, 0(0B) LOS objects, 22% free, 53MB/69MB, paused 359us total 16.838ms
08-04 21:09:55.595  6975  6987 I art     : Starting a blocking GC Explicit
08-04 21:09:55.612  6975  6987 I art     : Explicit concurrent mark sweep GC freed 3(96B) AllocSpace objects, 0(0B) LOS objects, 22% free, 53MB/69MB, paused 371us total 16.897ms
08-04 21:09:55.896  6975  7372 I art     : Starting a blocking GC Explicit
08-04 21:09:55.923  6975  7372 I art     : Explicit concurrent mark sweep GC freed 1344(78KB) AllocSpace objects, 1(20KB) LOS objects, 22% free, 53MB/69MB, paused 462us total 26.219ms
08-04 21:09:55.933  6975  7372 I art     : Starting a blocking GC Explicit
08-04 21:09:55.953  6975  7372 I art     : Explicit concurrent mark sweep GC freed 36(1264B) AllocSpace objects, 0(0B) LOS objects, 22% free, 53MB/69MB, paused 396us total 20.336ms
08-04 21:09:55.961  6975  7372 I art     : Starting a blocking GC Explicit
08-04 21:09:55.980  6975  7372 I art     : Explicit concurrent mark sweep GC freed 3(96B) AllocSpace objects, 0(0B) LOS objects, 22% free, 53MB/69MB, paused 380us total 19.069ms
08-04 21:09:55.987  6975  7372 I art     : Starting a blocking GC Explicit
08-04 21:09:56.006  6975  7372 I art     : Explicit concurrent mark sweep GC freed 3(96B) AllocSpace objects, 0(0B) LOS objects, 22% free, 53MB/69MB, paused 379us total 18.992ms
08-04 21:09:56.014  6975  7372 I art     : Starting a blocking GC Explicit
08-04 21:09:56.034  6975  7372 I art     : Explicit concurrent mark sweep GC freed 3(96B) AllocSpace objects, 0(0B) LOS objects, 22% free, 53MB/69MB, paused 385us total 20.224ms
08-04 21:09:56.334  6975  7004 I art     : Starting a blocking GC Explicit
08-04 21:09:56.362  6975  7004 I art     : Explicit concurrent mark sweep GC freed 1344(78KB) AllocSpace objects, 1(20KB) LOS objects, 22% free, 53MB/69MB, paused 440us total 28.159ms
08-04 21:09:56.374  6975  7004 I art     : Starting a blocking GC Explicit
08-04 21:09:56.394  6975  7004 I art     : Explicit concurrent mark sweep GC freed 20(704B) AllocSpace objects, 0(0B) LOS objects, 22% free, 53MB/69MB, paused 395us total 20.422ms
08-04 21:09:56.402  6975  7004 I art     : Starting a blocking GC Explicit
08-04 21:09:56.421  6975  7004 I art     : Explicit concurrent mark sweep GC freed 3(96B) AllocSpace objects, 0(0B) LOS objects, 22% free, 53MB/69MB, paused 370us total 19.126ms
08-04 21:09:56.428  6975  7004 I art     : Starting a blocking GC Explicit
08-04 21:09:56.448  6975  7004 I art     : Explicit concurrent mark sweep GC freed 3(96B) AllocSpace objects, 0(0B) LOS objects, 22% free, 53MB/69MB, paused 381us total 19.161ms
08-04 21:09:56.455  6975  7004 I art     : Starting a blocking GC Explicit
08-04 21:09:56.474  6975  7004 I art     : Explicit concurrent mark sweep GC freed 3(96B) AllocSpace objects, 0(0B) LOS objects, 22% free, 53MB/69MB, paused 368us total 18.975ms
08-04 21:09:56.793  6975  6988 I art     : Starting a blocking GC Explicit
08-04 21:09:56.821  6975  6988 I art     : Explicit concurrent mark sweep GC freed 1344(78KB) AllocSpace objects, 1(20KB) LOS objects, 22% free, 53MB/69MB, paused 535us total 27.039ms
08-04 21:09:56.834  6975  6988 I art     : Starting a blocking GC Explicit
08-04 21:09:56.853  6975  6988 I art     : Explicit concurrent mark sweep GC freed 20(704B) AllocSpace objects, 0(0B) LOS objects, 22% free, 53MB/69MB, paused 382us total 19.099ms
08-04 21:09:56.860  6975  6988 I art     : Starting a blocking GC Explicit
08-04 21:09:56.880  6975  6988 I art     : Explicit concurrent mark sweep GC freed 3(96B) AllocSpace objects, 0(0B) LOS objects, 22% free, 53MB/69MB, paused 382us total 19.095ms
08-04 21:09:56.887  6975  6988 I art     : Starting a blocking GC Explicit
08-04 21:09:56.905  6975  6988 I art     : Explicit concurrent mark sweep GC freed 3(96B) AllocSpace objects, 0(0B) LOS objects, 22% free, 53MB/69MB, paused 340us total 18.078ms
08-04 21:09:56.912  6975  6988 I art     : Starting a blocking GC Explicit
08-04 21:09:56.929  6975  6988 I art     : Explicit concurrent mark sweep GC freed 3(96B) AllocSpace objects, 0(0B) LOS objects, 22% free, 53MB/69MB, paused 335us total 16.873ms
08-04 21:09:57.251  6975  6987 I art     : Starting a blocking GC Explicit
08-04 21:09:57.282  6975  6987 I art     : Explicit concurrent mark sweep GC freed 1344(78KB) AllocSpace objects, 1(20KB) LOS objects, 22% free, 53MB/69MB, paused 538us total 30.378ms
08-04 21:09:57.293  6975  6987 I art     : Starting a blocking GC Explicit
08-04 21:09:57.313  6975  6987 I art     : Explicit concurrent mark sweep GC freed 20(704B) AllocSpace objects, 0(0B) LOS objects, 22% free, 53MB/69MB, paused 391us total 19.446ms
08-04 21:09:57.320  6975  6987 I art     : Starting a blocking GC Explicit
08-04 21:09:57.340  6975  6987 I art     : Explicit concurrent mark sweep GC freed 3(96B) AllocSpace objects, 0(0B) LOS objects, 22% free, 53MB/69MB, paused 397us total 19.833ms
08-04 21:09:57.347  6975  6987 I art     : Starting a blocking GC Explicit
08-04 21:09:57.367  6975  6987 I art     : Explicit concurrent mark sweep GC freed 3(96B) AllocSpace objects, 0(0B) LOS objects, 22% free, 53MB/69MB, paused 400us total 19.777ms
08-04 21:09:57.375  6975  6987 I art     : Starting a blocking GC Explicit
08-04 21:09:57.395  6975  6987 I art     : Explicit concurrent mark sweep GC freed 3(96B) AllocSpace objects, 0(0B) LOS objects, 22% free, 53MB/69MB, paused 397us total 19.688ms
08-04 21:09:57.711  6975  7372 I art     : Starting a blocking GC Explicit
08-04 21:09:57.743  6975  7372 I art     : Explicit concurrent mark sweep GC freed 1344(78KB) AllocSpace objects, 1(20KB) LOS objects, 22% free, 53MB/69MB, paused 436us total 31.599ms
08-04 21:09:57.755  6975  7372 I art     : Starting a blocking GC Explicit
08-04 21:09:57.775  6975  7372 I art     : Explicit concurrent mark sweep GC freed 20(704B) AllocSpace objects, 0(0B) LOS objects, 22% free, 53MB/69MB, paused 385us total 19.857ms
08-04 21:09:57.783  6975  7372 I art     : Starting a blocking GC Explicit
08-04 21:09:57.803  6975  7372 I art     : Explicit concurrent mark sweep GC freed 3(96B) AllocSpace objects, 0(0B) LOS objects, 22% free, 53MB/69MB, paused 375us total 19.830ms
08-04 21:09:57.810  6975  7372 I art     : Starting a blocking GC Explicit
08-04 21:09:57.830  6975  7372 I art     : Explicit concurrent mark sweep GC freed 3(96B) AllocSpace objects, 0(0B) LOS objects, 22% free, 53MB/69MB, paused 384us total 19.533ms
08-04 21:09:57.837  6975  7372 I art     : Starting a blocking GC Explicit
08-04 21:09:57.857  6975  7372 I art     : Explicit concurrent mark sweep GC freed 3(96B) AllocSpace objects, 0(0B) LOS objects, 22% free, 53MB/69MB, paused 434us total 19.496ms
08-04 21:09:58.180  6975  7004 I art     : Starting a blocking GC Explicit
08-04 21:09:58.208  6975  7004 I art     : Explicit concurrent mark sweep GC freed 1344(78KB) AllocSpace objects, 1(20KB) LOS objects, 22% free, 53MB/69MB, paused 560us total 27.395ms
08-04 21:09:58.217  6975  7004 I art     : Starting a blocking GC Explicit
08-04 21:09:58.237  6975  7004 I art     : Explicit concurrent mark sweep GC freed 20(704B) AllocSpace objects, 0(0B) LOS objects, 22% free, 53MB/69MB, paused 421us total 19.669ms
08-04 21:09:58.244  6975  7004 I art     : Starting a blocking GC Explicit
08-04 21:09:58.264  6975  7004 I art     : Explicit concurrent mark sweep GC freed 3(96B) AllocSpace objects, 0(0B) LOS objects, 22% free, 53MB/69MB, paused 352us total 19.627ms
08-04 21:09:58.272  6975  7004 I art     : Starting a blocking GC Explicit
08-04 21:09:58.291  6975  7004 I art     : Explicit concurrent mark sweep GC freed 3(96B) AllocSpace objects, 0(0B) LOS objects, 22% free, 53MB/69MB, paused 382us total 19.557ms
08-04 21:09:58.299  6975  7004 I art     : Starting a blocking GC Explicit
08-04 21:09:58.318  6975  7004 I art     : Explicit concurrent mark sweep GC freed 3(96B) AllocSpace objects, 0(0B) LOS objects, 22% free, 53MB/69MB, paused 420us total 19.404ms
08-04 21:09:58.660  6975  6988 I art     : Starting a blocking GC Explicit
08-04 21:09:58.689  6975  6988 I art     : Explicit concurrent mark sweep GC freed 1344(78KB) AllocSpace objects, 1(20KB) LOS objects, 22% free, 53MB/69MB, paused 434us total 28.633ms
08-04 21:09:58.701  6975  6988 I art     : Starting a blocking GC Explicit
08-04 21:09:58.722  6975  6988 I art     : Explicit concurrent mark sweep GC freed 20(704B) AllocSpace objects, 0(0B) LOS objects, 22% free, 53MB/69MB, paused 394us total 20.389ms
08-04 21:09:58.729  6975  6988 I art     : Starting a blocking GC Explicit
08-04 21:09:58.750  6975  6988 I art     : Explicit concurrent mark sweep GC freed 3(96B) AllocSpace objects, 0(0B) LOS objects, 22% free, 53MB/69MB, paused 394us total 20.438ms
08-04 21:09:58.757  6975  6988 I art     : Starting a blocking GC Explicit
08-04 21:09:58.777  6975  6988 I art     : Explicit concurrent mark sweep GC freed 3(96B) AllocSpace objects, 0(0B) LOS objects, 22% free, 53MB/69MB, paused 417us total 19.935ms
08-04 21:09:58.785  6975  6988 I art     : Starting a blocking GC Explicit
08-04 21:09:58.805  6975  6988 I art     : Explicit concurrent mark sweep GC freed 3(96B) AllocSpace objects, 0(0B) LOS objects, 22% free, 53MB/69MB, paused 376us total 19.696ms
08-04 21:09:59.057  6975  6987 I art     : Starting a blocking GC Explicit
08-04 21:09:59.076  6975  6987 I art     : Explicit concurrent mark sweep GC freed 1344(78KB) AllocSpace objects, 1(20KB) LOS objects, 22% free, 53MB/69MB, paused 390us total 19.153ms
08-04 21:09:59.084  6975  6987 I art     : Starting a blocking GC Explicit
08-04 21:09:59.104  6975  6987 I art     : Explicit concurrent mark sweep GC freed 20(704B) AllocSpace objects, 0(0B) LOS objects, 22% free, 53MB/69MB, paused 415us total 19.589ms
08-04 21:09:59.111  6975  6987 I art     : Starting a blocking GC Explicit
08-04 21:09:59.129  6975  6987 I art     : Explicit concurrent mark sweep GC freed 3(96B) AllocSpace objects, 0(0B) LOS objects, 22% free, 53MB/69MB, paused 400us total 17.977ms
08-04 21:09:59.136  6975  6987 I art     : Starting a blocking GC Explicit
08-04 21:09:59.155  6975  6987 I art     : Explicit concurrent mark sweep GC freed 3(96B) AllocSpace objects, 0(0B) LOS objects, 22% free, 53MB/69MB, paused 414us total 18.311ms
08-04 21:09:59.162  6975  6987 I art     : Starting a blocking GC Explicit
08-04 21:09:59.179  6975  6987 I art     : Explicit concurrent mark sweep GC freed 3(96B) AllocSpace objects, 0(0B) LOS objects, 22% free, 53MB/69MB, paused 380us total 17.322ms
08-04 21:09:59.266 10348 10348 D AndroidRuntime: >>>>>> START com.android.internal.os.RuntimeInit uid 2000 <<<<<<
08-04 21:09:59.272 10348 10348 D AndroidRuntime: CheckJNI is OFF
08-04 21:09:59.303 10348 10348 D ICU     : No timezone override file found: /data/misc/zoneinfo/current/icu/icu_tzdata.dat
08-04 21:09:59.335 10348 10348 I Radio-JNI: register_android_hardware_Radio DONE
08-04 21:09:59.352 10348 10348 D AndroidRuntime: Calling main entry com.android.commands.input.Input
08-04 21:09:59.353 10348 10348 I Input   : injectKeyEvent: KeyEvent { action=ACTION_DOWN, keyCode=KEYCODE_BACK, scanCode=0, metaState=0, flags=0x0, repeatCount=0, eventTime=738615766, downTime=738615766, deviceId=-1, source=0x101 }
08-04 21:09:59.362 10348 10348 I Input   : injectKeyEvent: KeyEvent { action=ACTION_UP, keyCode=KEYCODE_BACK, scanCode=0, metaState=0, flags=0x0, repeatCount=0, eventTime=738615766, downTime=738615766, deviceId=-1, source=0x101 }
08-04 21:09:59.370 10348 10348 D AndroidRuntime: Shutting down VM
08-04 21:09:59.414 13866 13866 I GoogleInputMethodServic: GoogleInputMethodService.onFinishInput():3138 
08-04 21:09:59.415 13866 13866 I GoogleInputMethodServic: GoogleInputMethodService.onStartInput():1808 
08-04 21:09:59.443  6975  7004 I art     : Starting a blocking GC Explicit
08-04 21:09:59.464  6975  7004 I art     : Explicit concurrent mark sweep GC freed 1525(86KB) AllocSpace objects, 1(20KB) LOS objects, 22% free, 53MB/69MB, paused 380us total 20.584ms
08-04 21:09:59.471  6975  7004 I art     : Starting a blocking GC Explicit
08-04 21:09:59.489  6975  7004 I art     : Explicit concurrent mark sweep GC freed 27(992B) AllocSpace objects, 0(0B) LOS objects, 22% free, 53MB/69MB, paused 354us total 17.548ms
08-04 21:09:59.495  6975  7004 I art     : Starting a blocking GC Explicit
08-04 21:09:59.512  6975  7004 I art     : Explicit concurrent mark sweep GC freed 3(96B) AllocSpace objects, 0(0B) LOS objects, 22% free, 53MB/69MB, paused 351us total 16.421ms
08-04 21:09:59.519  6975  7004 I art     : Starting a blocking GC Explicit
08-04 21:09:59.537  6975  7004 I art     : Explicit concurrent mark sweep GC freed 3(96B) AllocSpace objects, 0(0B) LOS objects, 22% free, 53MB/69MB, paused 381us total 18.327ms
08-04 21:09:59.544  6975  7004 I art     : Starting a blocking GC Explicit
08-04 21:09:59.560  6975  7004 I art     : Explicit concurrent mark sweep GC freed 3(96B) AllocSpace objects, 0(0B) LOS objects, 22% free, 53MB/69MB, paused 355us total 16.555ms
08-04 21:09:59.721   380   380 W SurfaceFlinger: couldn't log to binary event log: overflow.
08-04 21:09:59.805  6975  7372 I art     : Starting a blocking GC Explicit
08-04 21:09:59.824  6975  7372 I art     : Explicit concurrent mark sweep GC freed 1453(86KB) AllocSpace objects, 1(20KB) LOS objects, 22% free, 53MB/69MB, paused 385us total 18.323ms
08-04 21:09:59.831  6975  7372 I art     : Starting a blocking GC Explicit
08-04 21:09:59.849  6975  7372 I art     : Explicit concurrent mark sweep GC freed 1671(107KB) AllocSpace objects, 3(184KB) LOS objects, 23% free, 53MB/69MB, paused 384us total 18.205ms
08-04 21:09:59.856  6975  7372 I art     : Starting a blocking GC Explicit
08-04 21:09:59.874  6975  7372 I art     : Explicit concurrent mark sweep GC freed 3(96B) AllocSpace objects, 0(0B) LOS objects, 23% free, 53MB/69MB, paused 387us total 17.320ms
08-04 21:09:59.880  6975  7372 I art     : Starting a blocking GC Explicit
08-04 21:09:59.898  6975  7372 I art     : Explicit concurrent mark sweep GC freed 3(96B) AllocSpace objects, 0(0B) LOS objects, 23% free, 53MB/69MB, paused 360us total 17.628ms
08-04 21:09:59.905  6975  7372 I art     : Starting a blocking GC Explicit
08-04 21:09:59.921  6975  7372 I art     : Explicit concurrent mark sweep GC freed 3(96B) AllocSpace objects, 0(0B) LOS objects, 23% free, 53MB/69MB, paused 356us total 16.824ms
08-04 21:10:00.191  6975  6987 I art     : Starting a blocking GC Explicit
08-04 21:10:00.212  6975  6987 I art     : Explicit concurrent mark sweep GC freed 1344(78KB) AllocSpace objects, 1(20KB) LOS objects, 23% free, 53MB/69MB, paused 413us total 20.681ms
08-04 21:10:00.219  6975  6987 I art     : Starting a blocking GC Explicit
08-04 21:10:00.238  6975  6987 I art     : Explicit concurrent mark sweep GC freed 20(704B) AllocSpace objects, 0(0B) LOS objects, 23% free, 53MB/69MB, paused 423us total 18.180ms
08-04 21:10:00.245  6975  6987 I art     : Starting a blocking GC Explicit
08-04 21:10:00.263  6975  6987 I art     : Explicit concurrent mark sweep GC freed 3(96B) AllocSpace objects, 0(0B) LOS objects, 23% free, 53MB/69MB, paused 377us total 17.604ms
08-04 21:10:00.270  6975  6987 I art     : Starting a blocking GC Explicit
08-04 21:10:00.289  6975  6987 I art     : Explicit concurrent mark sweep GC freed 3(96B) AllocSpace objects, 0(0B) LOS objects, 23% free, 53MB/69MB, paused 387us total 18.475ms
08-04 21:10:00.296  6975  6987 I art     : Starting a blocking GC Explicit
08-04 21:10:00.315  6975  6987 I art     : Explicit concurrent mark sweep GC freed 3(96B) AllocSpace objects, 0(0B) LOS objects, 23% free, 53MB/69MB, paused 373us total 18.344ms
08-04 21:10:00.605  6975  6988 I art     : Starting a blocking GC Explicit
08-04 21:10:00.629  6975  6988 I art     : Explicit concurrent mark sweep GC freed 1365(79KB) AllocSpace objects, 1(20KB) LOS objects, 23% free, 53MB/69MB, paused 399us total 23.519ms
08-04 21:10:00.636  6975  6988 I art     : Starting a blocking GC Explicit
08-04 21:10:00.654  6975  6988 I art     : Explicit concurrent mark sweep GC freed 36(1216B) AllocSpace objects, 0(0B) LOS objects, 23% free, 53MB/69MB, paused 355us total 17.799ms
08-04 21:10:00.661  6975  6988 I art     : Starting a blocking GC Explicit
08-04 21:10:00.677  6975  6988 I art     : Explicit concurrent mark sweep GC freed 3(96B) AllocSpace objects, 0(0B) LOS objects, 23% free, 53MB/69MB, paused 384us total 16.303ms
08-04 21:10:00.683  6975  6988 I art     : Starting a blocking GC Explicit
08-04 21:10:00.700  6975  6988 I art     : Explicit concurrent mark sweep GC freed 3(96B) AllocSpace objects, 0(0B) LOS objects, 23% free, 53MB/69MB, paused 348us total 16.340ms
08-04 21:10:00.706  6975  6988 I art     : Starting a blocking GC Explicit
08-04 21:10:00.723  6975  6988 I art     : Explicit concurrent mark sweep GC freed 3(96B) AllocSpace objects, 0(0B) LOS objects, 23% free, 53MB/69MB, paused 362us total 16.426ms
08-04 21:10:00.917 10412 10412 D AndroidRuntime: >>>>>> START com.android.internal.os.RuntimeInit uid 2000 <<<<<<
08-04 21:10:00.921 10412 10412 D AndroidRuntime: CheckJNI is OFF
08-04 21:10:00.950 10412 10412 D ICU     : No timezone override file found: /data/misc/zoneinfo/current/icu/icu_tzdata.dat
08-04 21:10:00.975 10412 10412 I Radio-JNI: register_android_hardware_Radio DONE
08-04 21:10:00.976  6975  7004 I art     : Starting a blocking GC Explicit
08-04 21:10:00.992 10412 10412 D AndroidRuntime: Calling main entry com.android.commands.input.Input
08-04 21:10:00.994 10412 10412 I Input   : injectMotionEvent: MotionEvent { action=ACTION_DOWN, actionButton=0, id[0]=0, x[0]=1012.0, y[0]=1152.0, toolType[0]=TOOL_TYPE_UNKNOWN, buttonState=0, metaState=0, flags=0x0, edgeFlags=0x0, pointerCount=1, historySize=0, eventTime=738617407, downTime=738617407, deviceId=0, source=0x1002 }
08-04 21:10:00.995  6975  7004 I art     : Explicit concurrent mark sweep GC freed 1344(78KB) AllocSpace objects, 1(20KB) LOS objects, 23% free, 53MB/69MB, paused 449us total 19.220ms
08-04 21:10:01.001 10412 10412 I Input   : injectMotionEvent: MotionEvent { action=ACTION_UP, actionButton=0, id[0]=0, x[0]=1012.0, y[0]=1152.0, toolType[0]=TOOL_TYPE_UNKNOWN, buttonState=0, metaState=0, flags=0x0, edgeFlags=0x0, pointerCount=1, historySize=0, eventTime=738617407, downTime=738617407, deviceId=0, source=0x1002 }
08-04 21:10:01.002  6975  7004 I art     : Starting a blocking GC Explicit
08-04 21:10:01.003   918   928 I ActivityManager: START u0 {cmp=baseline.appteam.nith.hillffair/.activities.ClubActivity (has extras)} from uid 10651 on display 0
08-04 21:10:01.010 10412 10412 D AndroidRuntime: Shutting down VM
08-04 21:10:01.022  6975  7004 I art     : Explicit concurrent mark sweep GC freed 94(5KB) AllocSpace objects, 0(0B) LOS objects, 22% free, 53MB/69MB, paused 406us total 19.833ms
08-04 21:10:01.029  6975  7004 I art     : Starting a blocking GC Explicit
08-04 21:10:01.048  6975  7004 I art     : Explicit concurrent mark sweep GC freed 3261(208KB) AllocSpace objects, 0(0B) LOS objects, 22% free, 53MB/69MB, paused 655us total 19.059ms
08-04 21:10:01.056  6975  7004 I art     : Starting a blocking GC Explicit
08-04 21:10:01.073  6975  7004 I art     : Explicit concurrent mark sweep GC freed 197(8KB) AllocSpace objects, 0(0B) LOS objects, 22% free, 53MB/69MB, paused 391us total 17.078ms
08-04 21:10:01.080  6975  7004 I art     : Starting a blocking GC Explicit
08-04 21:10:01.098   918   936 I ActivityManager: Displayed baseline.appteam.nith.hillffair/.activities.ClubActivity: +88ms
08-04 21:10:01.098  6975  7004 I art     : Explicit concurrent mark sweep GC freed 234(11KB) AllocSpace objects, 0(0B) LOS objects, 22% free, 53MB/69MB, paused 495us total 17.950ms
08-04 21:10:01.098 13866 13866 I GoogleInputMethodServic: GoogleInputMethodService.onFinishInput():3138 
08-04 21:10:01.099 13866 13866 I GoogleInputMethodServic: GoogleInputMethodService.onStartInput():1808 
08-04 21:10:01.358   380   380 W SurfaceFlinger: couldn't log to binary event log: overflow.
08-04 21:10:01.374  6975  7004 I art     : Starting a blocking GC Explicit
08-04 21:10:01.392  6975  7004 I art     : Explicit concurrent mark sweep GC freed 1387(80KB) AllocSpace objects, 1(20KB) LOS objects, 22% free, 53MB/69MB, paused 378us total 17.943ms
08-04 21:10:01.399  6975  7004 I art     : Starting a blocking GC Explicit
08-04 21:10:01.417  6975  7004 I art     : Explicit concurrent mark sweep GC freed 28(976B) AllocSpace objects, 0(0B) LOS objects, 22% free, 53MB/69MB, paused 497us total 17.434ms
08-04 21:10:01.423  6975  7004 I art     : Starting a blocking GC Explicit
08-04 21:10:01.442  6975  7004 I art     : Explicit concurrent mark sweep GC freed 3(96B) AllocSpace objects, 0(0B) LOS objects, 22% free, 53MB/69MB, paused 503us total 18.055ms
08-04 21:10:01.449  6975  7004 I art     : Starting a blocking GC Explicit
08-04 21:10:01.468  6975  7004 I art     : Explicit concurrent mark sweep GC freed 3(96B) AllocSpace objects, 0(0B) LOS objects, 22% free, 53MB/69MB, paused 406us total 18.521ms
08-04 21:10:01.475  6975  7004 I art     : Starting a blocking GC Explicit
08-04 21:10:01.496  6975  7004 I art     : Explicit concurrent mark sweep GC freed 108(5KB) AllocSpace objects, 0(0B) LOS objects, 22% free, 53MB/69MB, paused 553us total 20.632ms
08-04 21:10:01.798  6975  6988 I art     : Starting a blocking GC Explicit
08-04 21:10:01.812  6975 10436 D OkHttp  : --> GET https://api-hillfair-2k16.herokuapp.com/api/app/club/Design%20and%20Decoration%20Club http/1.1
08-04 21:10:01.829  6975  6988 I art     : Explicit concurrent mark sweep GC freed 3979(213KB) AllocSpace objects, 3(140KB) LOS objects, 22% free, 54MB/70MB, paused 531us total 30.764ms
08-04 21:10:01.838  6975  6988 I art     : Starting a blocking GC Explicit
08-04 21:10:01.841  6975 10436 D OkHttp  : <-- 200 OK https://api-hillfair-2k16.herokuapp.com/api/app/club/Design%20and%20Decoration%20Club (28ms, 760-byte body)
08-04 21:10:01.859  6975  6988 I art     : Explicit concurrent mark sweep GC freed 1183(154KB) AllocSpace objects, 1(80KB) LOS objects, 22% free, 53MB/69MB, paused 595us total 21.311ms
08-04 21:10:01.866  6975  6988 I art     : Starting a blocking GC Explicit
08-04 21:10:01.886  6975  6988 I art     : Explicit concurrent mark sweep GC freed 71(2976B) AllocSpace objects, 0(0B) LOS objects, 22% free, 53MB/69MB, paused 413us total 19.620ms
08-04 21:10:01.893  6975  6988 I art     : Starting a blocking GC Explicit
08-04 21:10:01.909  6975  6975 I NAPPA_EXPERIMENTATION: MetricNetworkRequestExecutionTime: REQUEST_DURATION_SYSTEM='872',REQUEST_DURATION_OKHTTP='29',REQUEST_SYNCHRONOUS='FALSE',RESPONSE_CODE='200',RESPONSE_METHOD='GET',RESPONSE_LENGTH_OKHTTP='760',RESPONSE_LENGTH_HEADER='760',REQUEST_PROTOCOL='http/1.1',REQUEST_URL='https://api-hillfair-2k16.herokuapp.com/api/app/club/Design%20and%20Decoration%20Club',
08-04 21:10:01.911  6975  6988 I art     : Explicit concurrent mark sweep GC freed 181(42KB) AllocSpace objects, 0(0B) LOS objects, 22% free, 53MB/69MB, paused 457us total 17.430ms
08-04 21:10:01.917  6975  6988 I art     : Starting a blocking GC Explicit
08-04 21:10:01.920  8429  8429 I Finsky  : [1] xow.onStartJob(3): SCH: onJobSchedulerWakeup with jobId 9000
08-04 21:10:01.927  8429  8429 I Finsky  : [1] xjw.a(9): Scheduling fallback in 43199993 (absolute: 1765205795)
08-04 21:10:01.931  8429  8429 I Finsky  : [1] xjw.a(9): Scheduling fallback in 64799997 (absolute: 1786805803)
08-04 21:10:01.936  6975  6988 I art     : Explicit concurrent mark sweep GC freed 448(38KB) AllocSpace objects, 0(0B) LOS objects, 22% free, 53MB/69MB, paused 948us total 18.281ms
08-04 21:10:01.940  8429  8429 I Finsky  : [1] xow.onStartJob(3): SCH: onJobSchedulerWakeup with jobId 9006
08-04 21:10:01.942  8429  8429 I Finsky  : [1] xjw.a(9): Scheduling fallback in 43199999 (absolute: 1765205816)
08-04 21:10:01.945  8429  8429 I Finsky  : [1] xjw.a(9): Scheduling fallback in 64799998 (absolute: 1786805818)
08-04 21:10:01.952  8429  8429 W Finsky  : [1] xow.onStartJob(9): SCH: onJobSchedulerWakeup while already running
08-04 21:10:01.954  8429  8429 I Finsky  : [1] xow.onStartJob(3): SCH: onJobSchedulerWakeup with jobId 9006
08-04 21:10:01.955  8429  8429 I Finsky  : [1] xjw.a(9): Scheduling fallback in 43199999 (absolute: 1765205829)
08-04 21:10:01.963  8429  8429 I Finsky  : [1] xjw.a(9): Scheduling fallback in 64799994 (absolute: 1786805831)
08-04 21:10:01.969  8429  8429 W Finsky  : [1] xow.onStartJob(9): SCH: onJobSchedulerWakeup while already running
08-04 21:10:02.050   518   646 I ThermalEngine: ACTION: GPU - Setting GPU[0] to 510000000
08-04 21:10:02.115  8429  8429 I Finsky  : [1] xkf.handleMessage(8): SCH: DeviceState: DeviceState{currentTime=1596568202110, isCharging=false, isIdle=false, netAny=true, netNotRoaming=true, netUnmetered=true, batteryPercent=100.0}
08-04 21:10:02.122  8429 10469 I Finsky  : [6273] xmu.a(8): SCH: Jobs in database: 1-1337 3-197 3-198 24-77777777 26-1414141414 
08-04 21:10:02.188  8429  8429 I Finsky  : [1] xkg.a(16): SCH: Running job: 24-77777777
08-04 21:10:02.193  6975  7372 I art     : Starting a blocking GC Explicit
08-04 21:10:02.219  6975  7372 I art     : Explicit concurrent mark sweep GC freed 1403(88KB) AllocSpace objects, 1(20KB) LOS objects, 22% free, 53MB/69MB, paused 552us total 25.299ms
08-04 21:10:02.229  6975  7372 I art     : Starting a blocking GC Explicit
08-04 21:10:02.246  8429  8429 I Finsky  : [1] xkg.a(36): SCH: Job 24-77777777 finished. Not rescheduling.
08-04 21:10:02.247  8429  8429 I Finsky  : [1] xkf.handleMessage(61): SCH: RunningQueue size: 0, PendingQueue size: 0
08-04 21:10:02.247  8429  8429 I Finsky  : [1] xkf.handleMessage(25): Executor finished
08-04 21:10:02.253  6975  7372 I art     : Explicit concurrent mark sweep GC freed 23(800B) AllocSpace objects, 0(0B) LOS objects, 22% free, 53MB/69MB, paused 560us total 24.092ms
08-04 21:10:02.262  6975  7372 I art     : Starting a blocking GC Explicit
08-04 21:10:02.263  8429  8429 I Finsky  : [1] xow.onStartJob(3): SCH: onJobSchedulerWakeup with jobId 9000
08-04 21:10:02.268  8429  8429 I Finsky  : [1] xjw.a(9): Scheduling fallback in 43199995 (absolute: 1765206138)
08-04 21:10:02.270  8429  8429 I Finsky  : [1] xjw.a(9): Scheduling fallback in 64799999 (absolute: 1786806143)
08-04 21:10:02.286  6975  7372 I art     : Explicit concurrent mark sweep GC freed 3(96B) AllocSpace objects, 0(0B) LOS objects, 22% free, 53MB/69MB, paused 1.108ms total 23.211ms
08-04 21:10:02.295  6975  7372 I art     : Starting a blocking GC Explicit
08-04 21:10:02.302  8429  8429 I Finsky  : [1] xmu.a(8): SCH: Jobs in database: 1-1337 3-197 3-198 26-1414141414 
08-04 21:10:02.302  8429  8429 I Finsky  : [1] xms.run(-1): SCH: JobExecutor already running, not rescheduling
08-04 21:10:02.316  6975  7372 I art     : Explicit concurrent mark sweep GC freed 19(656B) AllocSpace objects, 0(0B) LOS objects, 22% free, 53MB/69MB, paused 488us total 20.810ms
08-04 21:10:02.320  8429  8429 I Finsky  : [1] xkf.handleMessage(8): SCH: DeviceState: DeviceState{currentTime=1596568202317, isCharging=false, isIdle=false, netAny=true, netNotRoaming=true, netUnmetered=true, batteryPercent=100.0}
08-04 21:10:02.324  8429 10469 I Finsky  : [6273] xmu.a(8): SCH: Jobs in database: 1-1337 3-197 3-198 26-1414141414 
08-04 21:10:02.324  6975  7372 I art     : Starting a blocking GC Explicit
08-04 21:10:02.325  8429  8429 I Finsky  : [1] xkf.handleMessage(61): SCH: RunningQueue size: 0, PendingQueue size: 0
08-04 21:10:02.325  8429  8429 I Finsky  : [1] xkf.handleMessage(25): Executor finished
08-04 21:10:02.334  8429  8429 I Finsky  : [1] xmu.a(8): SCH: Jobs in database: 1-1337 3-197 3-198 26-1414141414 
08-04 21:10:02.335  8429  8429 I Finsky  : [1] xio.a(57): SCH: ConstraintMapping: 1-1337,  -> L: 3350571ms, D: 46550571ms, C: false, I: false, N: 1
08-04 21:10:02.336  8429  8429 I Finsky  : [1] xio.a(57): SCH: ConstraintMapping: 3-197,  -> L: 0ms, D: 71428498ms, C: false, I: true, N: 2
08-04 21:10:02.336  8429  8429 I Finsky  : [1] xio.a(57): SCH: ConstraintMapping: 3-198,  -> L: 0ms, D: 71428556ms, C: true, I: true, N: 2
08-04 21:10:02.337  8429  8429 I Finsky  : [1] xio.a(57): SCH: ConstraintMapping: 26-1414141414,  -> L: 7463702ms, D: 8363702ms, C: false, I: false, N: 0
08-04 21:10:02.347  6975  7372 I art     : Explicit concurrent mark sweep GC freed 3(96B) AllocSpace objects, 0(0B) LOS objects, 22% free, 53MB/69MB, paused 584us total 22.703ms
08-04 21:10:02.361  8429  8429 I Finsky  : [1] xle.a(34): Cancelling existing jobscheduler jobs: 9002 9004 9005 9007 9010 9008 9003 9009 
08-04 21:10:02.361  8429  8429 I Finsky  : [1] xle.a(27): Scheduling job Id: 9001, L: 3350571, D: 46550571, C: false, I: false, N: 1
08-04 21:10:02.362  8429  8429 I Finsky  : [1] xle.a(10): Throttling wakeup for job 9006 (expected to run in 0 ms) due to recent wakeup
08-04 21:10:02.363  8429  8429 I Finsky  : [1] xle.a(27): Scheduling job Id: 9006, L: 30000, D: 71428498, C: false, I: true, N: 2
08-04 21:10:02.366  8429  8429 I Finsky  : [1] xle.a(10): Throttling wakeup for job 9011 (expected to run in 0 ms) due to recent wakeup
08-04 21:10:02.367  8429  8429 I Finsky  : [1] xle.a(27): Scheduling job Id: 9011, L: 30000, D: 71428556, C: true, I: true, N: 2
08-04 21:10:02.369  8429  8429 I Finsky  : [1] xle.a(27): Scheduling job Id: 9012, L: 7463702, D: 8363702, C: false, I: false, N: 0
08-04 21:10:02.370  8429  8429 I Finsky  : [1] xle.a(27): Scheduling job Id: 9013, L: 3350571, D: 46550571, C: false, I: false, N: 1
08-04 21:10:02.371  8429  8429 I Finsky  : [1] xle.a(10): Throttling wakeup for job 9014 (expected to run in 0 ms) due to recent wakeup
08-04 21:10:02.371  8429  8429 I Finsky  : [1] xle.a(27): Scheduling job Id: 9014, L: 30000, D: 71428498, C: false, I: true, N: 2
08-04 21:10:02.372  8429  8429 I Finsky  : [1] xle.a(10): Throttling wakeup for job 9015 (expected to run in 0 ms) due to recent wakeup
08-04 21:10:02.373  8429  8429 I Finsky  : [1] xle.a(27): Scheduling job Id: 9015, L: 30000, D: 71428556, C: true, I: true, N: 2
08-04 21:10:02.374  8429  8429 I Finsky  : [1] xle.a(27): Scheduling job Id: 9016, L: 7463702, D: 8363702, C: false, I: false, N: 0
08-04 21:10:02.613  6975  6987 I art     : Starting a blocking GC Explicit
08-04 21:10:02.636  6975  6987 I art     : Explicit concurrent mark sweep GC freed 1344(78KB) AllocSpace objects, 1(20KB) LOS objects, 22% free, 53MB/69MB, paused 505us total 22.674ms
08-04 21:10:02.644  6975  6987 I art     : Starting a blocking GC Explicit
08-04 21:10:02.667  6975  6987 I art     : Explicit concurrent mark sweep GC freed 26(928B) AllocSpace objects, 0(0B) LOS objects, 22% free, 53MB/69MB, paused 578us total 22.369ms
08-04 21:10:02.676  6975  6987 I art     : Starting a blocking GC Explicit
08-04 21:10:02.699  6975  6987 I art     : Explicit concurrent mark sweep GC freed 3(96B) AllocSpace objects, 0(0B) LOS objects, 22% free, 53MB/69MB, paused 509us total 22.797ms
08-04 21:10:02.707  6975  6987 I art     : Starting a blocking GC Explicit
08-04 21:10:02.730  6975  6987 I art     : Explicit concurrent mark sweep GC freed 3(96B) AllocSpace objects, 0(0B) LOS objects, 22% free, 53MB/69MB, paused 492us total 22.819ms
08-04 21:10:02.739  6975  6987 I art     : Starting a blocking GC Explicit
08-04 21:10:02.763  6975  6987 I art     : Explicit concurrent mark sweep GC freed 3(96B) AllocSpace objects, 0(0B) LOS objects, 22% free, 53MB/69MB, paused 518us total 23.739ms
08-04 21:10:03.070  6975  7372 I art     : Starting a blocking GC Explicit
08-04 21:10:03.101  6975  7372 I art     : Explicit concurrent mark sweep GC freed 1344(78KB) AllocSpace objects, 1(20KB) LOS objects, 22% free, 53MB/69MB, paused 571us total 31.297ms
08-04 21:10:03.113  6975  7372 I art     : Starting a blocking GC Explicit
08-04 21:10:03.139  6975  7372 I art     : Explicit concurrent mark sweep GC freed 20(704B) AllocSpace objects, 0(0B) LOS objects, 22% free, 53MB/69MB, paused 538us total 25.961ms
08-04 21:10:03.149  6975  7372 I art     : Starting a blocking GC Explicit
08-04 21:10:03.174  6975  7372 I art     : Explicit concurrent mark sweep GC freed 3(96B) AllocSpace objects, 0(0B) LOS objects, 22% free, 53MB/69MB, paused 525us total 24.679ms
08-04 21:10:03.183  6975  7372 I art     : Starting a blocking GC Explicit
08-04 21:10:03.208  6975  7372 I art     : Explicit concurrent mark sweep GC freed 3(96B) AllocSpace objects, 0(0B) LOS objects, 22% free, 53MB/69MB, paused 544us total 25.051ms
08-04 21:10:03.217  6975  7372 I art     : Starting a blocking GC Explicit
08-04 21:10:03.243  6975  7372 I art     : Explicit concurrent mark sweep GC freed 3(96B) AllocSpace objects, 0(0B) LOS objects, 22% free, 53MB/69MB, paused 575us total 25.480ms
08-04 21:10:03.564  6975  6988 I art     : Starting a blocking GC Explicit
08-04 21:10:03.598  6975  6988 I art     : Explicit concurrent mark sweep GC freed 1344(78KB) AllocSpace objects, 1(20KB) LOS objects, 22% free, 53MB/69MB, paused 610us total 33.838ms
08-04 21:10:03.611  6975  6988 I art     : Starting a blocking GC Explicit
08-04 21:10:03.636  6975  6988 I art     : Explicit concurrent mark sweep GC freed 20(704B) AllocSpace objects, 0(0B) LOS objects, 22% free, 53MB/69MB, paused 528us total 25.115ms
08-04 21:10:03.646  6975  6988 I art     : Starting a blocking GC Explicit
08-04 21:10:03.671  6975  6988 I art     : Explicit concurrent mark sweep GC freed 3(96B) AllocSpace objects, 0(0B) LOS objects, 22% free, 53MB/69MB, paused 535us total 25.350ms
08-04 21:10:03.681  6975  6988 I art     : Starting a blocking GC Explicit
08-04 21:10:03.707  6975  6988 I art     : Explicit concurrent mark sweep GC freed 3(96B) AllocSpace objects, 0(0B) LOS objects, 22% free, 53MB/69MB, paused 614us total 25.734ms
08-04 21:10:03.716  6975  6988 I art     : Starting a blocking GC Explicit
08-04 21:10:03.742  6975  6988 I art     : Explicit concurrent mark sweep GC freed 3(96B) AllocSpace objects, 0(0B) LOS objects, 22% free, 53MB/69MB, paused 535us total 25.284ms
08-04 21:10:04.078  6975  7004 I art     : Starting a blocking GC Explicit
08-04 21:10:04.109  6975  7004 I art     : Explicit concurrent mark sweep GC freed 1344(78KB) AllocSpace objects, 1(20KB) LOS objects, 22% free, 53MB/69MB, paused 576us total 30.836ms
08-04 21:10:04.122  6975  7004 I art     : Starting a blocking GC Explicit
08-04 21:10:04.147  6975  7004 I art     : Explicit concurrent mark sweep GC freed 20(704B) AllocSpace objects, 0(0B) LOS objects, 22% free, 53MB/69MB, paused 680us total 25.384ms
08-04 21:10:04.156  6975  7004 I art     : Starting a blocking GC Explicit
08-04 21:10:04.181  6975  7004 I art     : Explicit concurrent mark sweep GC freed 3(96B) AllocSpace objects, 0(0B) LOS objects, 22% free, 53MB/69MB, paused 522us total 24.518ms
08-04 21:10:04.190  6975  7004 I art     : Starting a blocking GC Explicit
08-04 21:10:04.215  6975  7004 I art     : Explicit concurrent mark sweep GC freed 3(96B) AllocSpace objects, 0(0B) LOS objects, 22% free, 53MB/69MB, paused 520us total 24.767ms
08-04 21:10:04.225  6975  7004 I art     : Starting a blocking GC Explicit
08-04 21:10:04.250  6975  7004 I art     : Explicit concurrent mark sweep GC freed 3(96B) AllocSpace objects, 0(0B) LOS objects, 22% free, 53MB/69MB, paused 535us total 25.329ms
08-04 21:10:04.575  6975  6987 I art     : Starting a blocking GC Explicit
08-04 21:10:04.610  6975  6987 I art     : Explicit concurrent mark sweep GC freed 1344(78KB) AllocSpace objects, 1(20KB) LOS objects, 22% free, 53MB/69MB, paused 581us total 34.749ms
08-04 21:10:04.622  6975  6987 I art     : Starting a blocking GC Explicit
08-04 21:10:04.647  6975  6987 I art     : Explicit concurrent mark sweep GC freed 20(704B) AllocSpace objects, 0(0B) LOS objects, 22% free, 53MB/69MB, paused 558us total 25.231ms
08-04 21:10:04.657  6975  6987 I art     : Starting a blocking GC Explicit
08-04 21:10:04.683  6975  6987 I art     : Explicit concurrent mark sweep GC freed 3(96B) AllocSpace objects, 0(0B) LOS objects, 22% free, 53MB/69MB, paused 530us total 25.517ms
08-04 21:10:04.692  6975  6987 I art     : Starting a blocking GC Explicit
08-04 21:10:04.718  6975  6987 I art     : Explicit concurrent mark sweep GC freed 3(96B) AllocSpace objects, 0(0B) LOS objects, 22% free, 53MB/69MB, paused 529us total 25.729ms
08-04 21:10:04.728  6975  6987 I art     : Starting a blocking GC Explicit
08-04 21:10:04.753  6975  6987 I art     : Explicit concurrent mark sweep GC freed 3(96B) AllocSpace objects, 0(0B) LOS objects, 22% free, 53MB/69MB, paused 539us total 24.939ms
08-04 21:10:05.075  6975  7372 I art     : Starting a blocking GC Explicit
08-04 21:10:05.106  6975  7372 I art     : Explicit concurrent mark sweep GC freed 1365(79KB) AllocSpace objects, 1(20KB) LOS objects, 22% free, 53MB/69MB, paused 549us total 30.901ms
08-04 21:10:05.118  6975  7372 I art     : Starting a blocking GC Explicit
08-04 21:10:05.143  6975  7372 I art     : Explicit concurrent mark sweep GC freed 36(1216B) AllocSpace objects, 0(0B) LOS objects, 22% free, 53MB/69MB, paused 520us total 24.808ms
08-04 21:10:05.152  6975  7372 I art     : Starting a blocking GC Explicit
08-04 21:10:05.177  6975  7372 I art     : Explicit concurrent mark sweep GC freed 3(96B) AllocSpace objects, 0(0B) LOS objects, 22% free, 53MB/69MB, paused 592us total 24.701ms
08-04 21:10:05.186  6975  7372 I art     : Starting a blocking GC Explicit
08-04 21:10:05.211  6975  7372 I art     : Explicit concurrent mark sweep GC freed 3(96B) AllocSpace objects, 0(0B) LOS objects, 22% free, 53MB/69MB, paused 520us total 24.995ms
08-04 21:10:05.221  6975  7372 I art     : Starting a blocking GC Explicit
08-04 21:10:05.246  6975  7372 I art     : Explicit concurrent mark sweep GC freed 3(96B) AllocSpace objects, 0(0B) LOS objects, 22% free, 53MB/69MB, paused 520us total 24.873ms
08-04 21:10:05.501  6975  6988 I art     : Starting a blocking GC Explicit
08-04 21:10:05.526  6975  6988 I art     : Explicit concurrent mark sweep GC freed 1344(78KB) AllocSpace objects, 1(20KB) LOS objects, 22% free, 53MB/69MB, paused 563us total 24.901ms
08-04 21:10:05.536  6975  6988 I art     : Starting a blocking GC Explicit
08-04 21:10:05.559  6975  6988 I art     : Explicit concurrent mark sweep GC freed 20(704B) AllocSpace objects, 0(0B) LOS objects, 22% free, 53MB/69MB, paused 569us total 23.356ms
08-04 21:10:05.568  6975  6988 I art     : Starting a blocking GC Explicit
08-04 21:10:05.592  6975  6988 I art     : Explicit concurrent mark sweep GC freed 3(96B) AllocSpace objects, 0(0B) LOS objects, 22% free, 53MB/69MB, paused 521us total 23.642ms
08-04 21:10:05.601  6975  6988 I art     : Starting a blocking GC Explicit
08-04 21:10:05.625  6975  6988 I art     : Explicit concurrent mark sweep GC freed 3(96B) AllocSpace objects, 0(0B) LOS objects, 22% free, 53MB/69MB, paused 507us total 23.311ms
08-04 21:10:05.634  6975  6988 I art     : Starting a blocking GC Explicit
08-04 21:10:05.657  6975  6988 I art     : Explicit concurrent mark sweep GC freed 3(96B) AllocSpace objects, 0(0B) LOS objects, 22% free, 53MB/69MB, paused 579us total 23.283ms
08-04 21:10:05.707 10530 10530 D AndroidRuntime: >>>>>> START com.android.internal.os.RuntimeInit uid 2000 <<<<<<
08-04 21:10:05.712 10530 10530 D AndroidRuntime: CheckJNI is OFF
08-04 21:10:05.747 10530 10530 D ICU     : No timezone override file found: /data/misc/zoneinfo/current/icu/icu_tzdata.dat
08-04 21:10:05.786 10530 10530 I Radio-JNI: register_android_hardware_Radio DONE
08-04 21:10:05.808 10530 10530 D AndroidRuntime: Calling main entry com.android.commands.input.Input
08-04 21:10:05.810 10530 10530 I Input   : injectKeyEvent: KeyEvent { action=ACTION_DOWN, keyCode=KEYCODE_BACK, scanCode=0, metaState=0, flags=0x0, repeatCount=0, eventTime=738622223, downTime=738622223, deviceId=-1, source=0x101 }
08-04 21:10:05.817 10530 10530 I Input   : injectKeyEvent: KeyEvent { action=ACTION_UP, keyCode=KEYCODE_BACK, scanCode=0, metaState=0, flags=0x0, repeatCount=0, eventTime=738622223, downTime=738622223, deviceId=-1, source=0x101 }
08-04 21:10:05.824 10530 10530 D AndroidRuntime: Shutting down VM
08-04 21:10:05.872 13866 13866 I GoogleInputMethodServic: GoogleInputMethodService.onFinishInput():3138 
08-04 21:10:05.873 13866 13866 I GoogleInputMethodServic: GoogleInputMethodService.onStartInput():1808 
08-04 21:10:05.933  6975  6988 I art     : Starting a blocking GC Explicit
08-04 21:10:05.956  6975  6988 I art     : Explicit concurrent mark sweep GC freed 1526(86KB) AllocSpace objects, 1(20KB) LOS objects, 22% free, 53MB/69MB, paused 475us total 22.688ms
08-04 21:10:05.965  6975  6988 I art     : Starting a blocking GC Explicit
08-04 21:10:05.991  6975  6988 I art     : Explicit concurrent mark sweep GC freed 26(944B) AllocSpace objects, 0(0B) LOS objects, 22% free, 53MB/69MB, paused 498us total 25.397ms
08-04 21:10:06.000  6975  6988 I art     : Starting a blocking GC Explicit
08-04 21:10:06.027  6975  6988 I art     : Explicit concurrent mark sweep GC freed 3(96B) AllocSpace objects, 0(0B) LOS objects, 22% free, 53MB/69MB, paused 550us total 26.772ms
08-04 21:10:06.041  6975  6988 I art     : Starting a blocking GC Explicit
08-04 21:10:06.057   518   646 I ThermalEngine: ACTION: GPU - Setting GPU[0] to 600000000
08-04 21:10:06.072  6975  6988 I art     : Explicit concurrent mark sweep GC freed 3(96B) AllocSpace objects, 0(0B) LOS objects, 22% free, 53MB/69MB, paused 601us total 30.697ms
08-04 21:10:06.082  6975  6988 I art     : Starting a blocking GC Explicit
08-04 21:10:06.110  6975  6988 I art     : Explicit concurrent mark sweep GC freed 3(96B) AllocSpace objects, 0(0B) LOS objects, 22% free, 53MB/69MB, paused 440us total 28.640ms
08-04 21:10:06.162   380   380 W SurfaceFlinger: couldn't log to binary event log: overflow.
08-04 21:10:06.377  6975  7372 I art     : Starting a blocking GC Explicit
08-04 21:10:06.406  6975  7372 I art     : Explicit concurrent mark sweep GC freed 1453(86KB) AllocSpace objects, 1(20KB) LOS objects, 22% free, 53MB/69MB, paused 445us total 28.392ms
08-04 21:10:06.406  6975  6985 I art     : WaitForGcToComplete blocked for 13.192ms for cause HeapTrim
08-04 21:10:06.418  6975  7372 I art     : Starting a blocking GC Explicit
08-04 21:10:06.444  6975  7372 I art     : Explicit concurrent mark sweep GC freed 1671(107KB) AllocSpace objects, 3(180KB) LOS objects, 22% free, 53MB/69MB, paused 410us total 25.057ms
08-04 21:10:06.453  6975  7372 I art     : Starting a blocking GC Explicit
08-04 21:10:06.473  6975  7372 I art     : Explicit concurrent mark sweep GC freed 3(96B) AllocSpace objects, 0(0B) LOS objects, 22% free, 53MB/69MB, paused 393us total 19.801ms
08-04 21:10:06.481  6975  7372 I art     : Starting a blocking GC Explicit
08-04 21:10:06.499  6975  7372 I art     : Explicit concurrent mark sweep GC freed 3(96B) AllocSpace objects, 0(0B) LOS objects, 22% free, 53MB/69MB, paused 367us total 18.301ms
08-04 21:10:06.506  6975  7372 I art     : Starting a blocking GC Explicit
08-04 21:10:06.524  6975  7372 I art     : Explicit concurrent mark sweep GC freed 3(96B) AllocSpace objects, 0(0B) LOS objects, 22% free, 53MB/69MB, paused 374us total 18.392ms
08-04 21:10:06.822  6975  6987 I art     : Starting a blocking GC Explicit
08-04 21:10:06.852  6975  6987 I art     : Explicit concurrent mark sweep GC freed 1344(78KB) AllocSpace objects, 1(20KB) LOS objects, 22% free, 53MB/69MB, paused 440us total 29.432ms
08-04 21:10:06.864  6975  6987 I art     : Starting a blocking GC Explicit
08-04 21:10:06.885  6975  6987 I art     : Explicit concurrent mark sweep GC freed 20(704B) AllocSpace objects, 0(0B) LOS objects, 22% free, 53MB/69MB, paused 391us total 20.699ms
08-04 21:10:06.892  6975  6987 I art     : Starting a blocking GC Explicit
08-04 21:10:06.912  6975  6987 I art     : Explicit concurrent mark sweep GC freed 3(96B) AllocSpace objects, 0(0B) LOS objects, 22% free, 53MB/69MB, paused 401us total 19.450ms
08-04 21:10:06.919  6975  6987 I art     : Starting a blocking GC Explicit
08-04 21:10:06.938  6975  6987 I art     : Explicit concurrent mark sweep GC freed 3(96B) AllocSpace objects, 0(0B) LOS objects, 22% free, 53MB/69MB, paused 370us total 18.774ms
08-04 21:10:06.945  6975  6987 I art     : Starting a blocking GC Explicit
08-04 21:10:06.964  6975  6987 I art     : Explicit concurrent mark sweep GC freed 3(96B) AllocSpace objects, 0(0B) LOS objects, 22% free, 53MB/69MB, paused 382us total 18.529ms
08-04 21:10:07.216  6975  6988 I art     : Starting a blocking GC Explicit
08-04 21:10:07.237  6975  6988 I art     : Explicit concurrent mark sweep GC freed 1344(78KB) AllocSpace objects, 1(20KB) LOS objects, 22% free, 53MB/69MB, paused 414us total 19.814ms
08-04 21:10:07.244  6975  6988 I art     : Starting a blocking GC Explicit
08-04 21:10:07.262  6975  6988 I art     : Explicit concurrent mark sweep GC freed 20(704B) AllocSpace objects, 0(0B) LOS objects, 22% free, 53MB/69MB, paused 376us total 17.455ms
08-04 21:10:07.269  6975  6988 I art     : Starting a blocking GC Explicit
08-04 21:10:07.286  6975  6988 I art     : Explicit concurrent mark sweep GC freed 3(96B) AllocSpace objects, 0(0B) LOS objects, 22% free, 53MB/69MB, paused 368us total 17.688ms
08-04 21:10:07.293  6975  6988 I art     : Starting a blocking GC Explicit
08-04 21:10:07.311  6975  6988 I art     : Explicit concurrent mark sweep GC freed 3(96B) AllocSpace objects, 0(0B) LOS objects, 22% free, 53MB/69MB, paused 374us total 17.842ms
08-04 21:10:07.318  6975  6988 I art     : Starting a blocking GC Explicit
08-04 21:10:07.336  6975  6988 I art     : Explicit concurrent mark sweep GC freed 3(96B) AllocSpace objects, 0(0B) LOS objects, 22% free, 53MB/69MB, paused 440us total 17.764ms
08-04 21:10:07.401 10583 10583 D AndroidRuntime: >>>>>> START com.android.internal.os.RuntimeInit uid 2000 <<<<<<
08-04 21:10:07.405 10583 10583 D AndroidRuntime: CheckJNI is OFF
08-04 21:10:07.430 10583 10583 D ICU     : No timezone override file found: /data/misc/zoneinfo/current/icu/icu_tzdata.dat
08-04 21:10:07.457 10583 10583 I Radio-JNI: register_android_hardware_Radio DONE
08-04 21:10:07.474 10583 10583 D AndroidRuntime: Calling main entry com.android.commands.input.Input
08-04 21:10:07.475 10583 10583 I Input   : injectMotionEvent: MotionEvent { action=ACTION_DOWN, actionButton=0, id[0]=0, x[0]=255.0, y[0]=1845.0, toolType[0]=TOOL_TYPE_UNKNOWN, buttonState=0, metaState=0, flags=0x0, edgeFlags=0x0, pointerCount=1, historySize=0, eventTime=738623888, downTime=738623888, deviceId=0, source=0x1002 }
08-04 21:10:07.481 10583 10583 I Input   : injectMotionEvent: MotionEvent { action=ACTION_UP, actionButton=0, id[0]=0, x[0]=255.0, y[0]=1845.0, toolType[0]=TOOL_TYPE_UNKNOWN, buttonState=0, metaState=0, flags=0x0, edgeFlags=0x0, pointerCount=1, historySize=0, eventTime=738623888, downTime=738623888, deviceId=0, source=0x1002 }
08-04 21:10:07.483   918  3961 I ActivityManager: START u0 {cmp=baseline.appteam.nith.hillffair/.activities.ClubActivity (has extras)} from uid 10651 on display 0
08-04 21:10:07.493 10583 10583 D AndroidRuntime: Shutting down VM
08-04 21:10:07.580  6975  6988 I art     : Starting a blocking GC Explicit
08-04 21:10:07.584 13866 13866 I GoogleInputMethodServic: GoogleInputMethodService.onFinishInput():3138 
08-04 21:10:07.584   918   936 I ActivityManager: Displayed baseline.appteam.nith.hillffair/.activities.ClubActivity: +91ms
08-04 21:10:07.585 13866 13866 I GoogleInputMethodServic: GoogleInputMethodService.onStartInput():1808 
08-04 21:10:07.600  6975  6988 I art     : Explicit concurrent mark sweep GC freed 4911(302KB) AllocSpace objects, 1(20KB) LOS objects, 22% free, 53MB/69MB, paused 622us total 20.123ms
08-04 21:10:07.612  6975  6988 I art     : Starting a blocking GC Explicit
08-04 21:10:07.631  6975  6988 I art     : Explicit concurrent mark sweep GC freed 258(12KB) AllocSpace objects, 0(0B) LOS objects, 22% free, 53MB/69MB, paused 563us total 18.445ms
08-04 21:10:07.637  6975  6988 I art     : Starting a blocking GC Explicit
08-04 21:10:07.655  6975  6988 I art     : Explicit concurrent mark sweep GC freed 43(3KB) AllocSpace objects, 0(0B) LOS objects, 22% free, 53MB/69MB, paused 392us total 17.478ms
08-04 21:10:07.661  6975  6988 I art     : Starting a blocking GC Explicit
08-04 21:10:07.679  6975  6988 I art     : Explicit concurrent mark sweep GC freed 3(96B) AllocSpace objects, 0(0B) LOS objects, 22% free, 53MB/69MB, paused 443us total 17.538ms
08-04 21:10:07.686  6975  6988 I art     : Starting a blocking GC Explicit
08-04 21:10:07.704  6975  6988 I art     : Explicit concurrent mark sweep GC freed 3(96B) AllocSpace objects, 0(0B) LOS objects, 22% free, 53MB/69MB, paused 405us total 17.350ms
08-04 21:10:07.831   380   380 W SurfaceFlinger: couldn't log to binary event log: overflow.
08-04 21:10:07.940  6975  7004 I art     : Starting a blocking GC Explicit
08-04 21:10:07.958  6975  7004 I art     : Explicit concurrent mark sweep GC freed 1344(78KB) AllocSpace objects, 1(20KB) LOS objects, 22% free, 53MB/69MB, paused 389us total 17.896ms
08-04 21:10:07.965  6975  7004 I art     : Starting a blocking GC Explicit
08-04 21:10:07.985  6975  7004 I art     : Explicit concurrent mark sweep GC freed 124(6KB) AllocSpace objects, 0(0B) LOS objects, 22% free, 53MB/69MB, paused 484us total 19.611ms
08-04 21:10:07.993  6975  7004 I art     : Starting a blocking GC Explicit
08-04 21:10:08.011  6975  7004 I art     : Explicit concurrent mark sweep GC freed 10(368B) AllocSpace objects, 0(0B) LOS objects, 22% free, 53MB/69MB, paused 424us total 18.155ms
08-04 21:10:08.018  6975  7004 I art     : Starting a blocking GC Explicit
08-04 21:10:08.035  6975  7004 I art     : Explicit concurrent mark sweep GC freed 13(480B) AllocSpace objects, 0(0B) LOS objects, 22% free, 53MB/69MB, paused 361us total 16.832ms
08-04 21:10:08.041  6975  7004 I art     : Starting a blocking GC Explicit
08-04 21:10:08.059  6975  7004 I art     : Explicit concurrent mark sweep GC freed 10(352B) AllocSpace objects, 0(0B) LOS objects, 22% free, 53MB/69MB, paused 402us total 17.590ms
08-04 21:10:08.329  6975  7372 I art     : Starting a blocking GC Explicit
08-04 21:10:08.350  6975  7372 I art     : Explicit concurrent mark sweep GC freed 2374(150KB) AllocSpace objects, 3(140KB) LOS objects, 22% free, 54MB/70MB, paused 829us total 20.747ms
08-04 21:10:08.357  6975  7372 I art     : Starting a blocking GC Explicit
08-04 21:10:08.360  6975 10613 D OkHttp  : --> GET https://api-hillfair-2k16.herokuapp.com/api/app/club/Technical%20Committee http/1.1
08-04 21:10:08.377  6975  7372 I art     : Explicit concurrent mark sweep GC freed 2330(148KB) AllocSpace objects, 1(80KB) LOS objects, 22% free, 54MB/70MB, paused 499us total 19.656ms
08-04 21:10:08.384  6975  7372 I art     : Starting a blocking GC Explicit
08-04 21:10:08.391  6975 10613 D OkHttp  : <-- 200 OK https://api-hillfair-2k16.herokuapp.com/api/app/club/Technical%20Committee (31ms, 1171-byte body)
08-04 21:10:08.402  6975  7372 I art     : Explicit concurrent mark sweep GC freed 458(68KB) AllocSpace objects, 0(0B) LOS objects, 22% free, 54MB/70MB, paused 370us total 17.362ms
08-04 21:10:08.408  6975  7372 I art     : Starting a blocking GC Explicit
08-04 21:10:08.426  6975  7372 I art     : Explicit concurrent mark sweep GC freed 66(2752B) AllocSpace objects, 0(0B) LOS objects, 22% free, 54MB/70MB, paused 402us total 17.503ms
08-04 21:10:08.432  6975  7372 I art     : Starting a blocking GC Explicit
08-04 21:10:08.450  6975  6975 I NAPPA_EXPERIMENTATION: MetricNetworkRequestExecutionTime: REQUEST_DURATION_SYSTEM='933',REQUEST_DURATION_OKHTTP='31',REQUEST_SYNCHRONOUS='FALSE',RESPONSE_CODE='200',RESPONSE_METHOD='GET',RESPONSE_LENGTH_OKHTTP='1171',RESPONSE_LENGTH_HEADER='1171',REQUEST_PROTOCOL='http/1.1',REQUEST_URL='https://api-hillfair-2k16.herokuapp.com/api/app/club/Technical%20Committee',
08-04 21:10:08.451  6975  7372 I art     : Explicit concurrent mark sweep GC freed 49(7KB) AllocSpace objects, 0(0B) LOS objects, 22% free, 54MB/70MB, paused 423us total 17.942ms
08-04 21:10:08.720  6975  6988 I art     : Starting a blocking GC Explicit
08-04 21:10:08.742  6975  6988 I art     : Explicit concurrent mark sweep GC freed 1952(164KB) AllocSpace objects, 1(20KB) LOS objects, 22% free, 54MB/70MB, paused 403us total 21.335ms
08-04 21:10:08.749  6975  6988 I art     : Starting a blocking GC Explicit
08-04 21:10:08.769  6975  6988 I art     : Explicit concurrent mark sweep GC freed 66(2176B) AllocSpace objects, 0(0B) LOS objects, 22% free, 54MB/70MB, paused 359us total 19.728ms
08-04 21:10:08.777  6975  6988 I art     : Starting a blocking GC Explicit
08-04 21:10:08.795  6975  6988 I art     : Explicit concurrent mark sweep GC freed 3(96B) AllocSpace objects, 0(0B) LOS objects, 22% free, 54MB/70MB, paused 372us total 18.277ms
08-04 21:10:08.802  6975  6988 I art     : Starting a blocking GC Explicit
08-04 21:10:08.819  6975  6988 I art     : Explicit concurrent mark sweep GC freed 3(96B) AllocSpace objects, 0(0B) LOS objects, 22% free, 54MB/70MB, paused 359us total 17.372ms
08-04 21:10:08.826  6975  6988 I art     : Starting a blocking GC Explicit
08-04 21:10:08.845  6975  6988 I art     : Explicit concurrent mark sweep GC freed 19(656B) AllocSpace objects, 0(0B) LOS objects, 22% free, 54MB/70MB, paused 383us total 18.777ms
08-04 21:10:09.064   518   646 I ThermalEngine: ACTION: GPU - Setting GPU[0] to 510000000
08-04 21:10:09.132  6975  7372 I art     : Starting a blocking GC Explicit
08-04 21:10:09.168  6975  7372 I art     : Explicit concurrent mark sweep GC freed 1344(78KB) AllocSpace objects, 1(20KB) LOS objects, 22% free, 54MB/70MB, paused 618us total 35.962ms
08-04 21:10:09.183  6975  7372 I art     : Starting a blocking GC Explicit
08-04 21:10:09.209  6975  7372 I art     : Explicit concurrent mark sweep GC freed 20(704B) AllocSpace objects, 0(0B) LOS objects, 22% free, 54MB/70MB, paused 578us total 25.029ms
08-04 21:10:09.218  6975  7372 I art     : Starting a blocking GC Explicit
08-04 21:10:09.243  6975  7372 I art     : Explicit concurrent mark sweep GC freed 3(96B) AllocSpace objects, 0(0B) LOS objects, 22% free, 54MB/70MB, paused 527us total 24.996ms
08-04 21:10:09.252  6975  7372 I art     : Starting a blocking GC Explicit
08-04 21:10:09.278  6975  7372 I art     : Explicit concurrent mark sweep GC freed 3(96B) AllocSpace objects, 0(0B) LOS objects, 22% free, 54MB/70MB, paused 628us total 25.194ms
08-04 21:10:09.287  6975  7372 I art     : Starting a blocking GC Explicit
08-04 21:10:09.313  6975  7372 I art     : Explicit concurrent mark sweep GC freed 3(96B) AllocSpace objects, 0(0B) LOS objects, 22% free, 54MB/70MB, paused 534us total 25.685ms
08-04 21:10:09.655  6975  7004 I art     : Starting a blocking GC Explicit
08-04 21:10:09.687  6975  7004 I art     : Explicit concurrent mark sweep GC freed 1344(78KB) AllocSpace objects, 1(20KB) LOS objects, 22% free, 54MB/70MB, paused 604us total 31.862ms
08-04 21:10:09.700  6975  7004 I art     : Starting a blocking GC Explicit
08-04 21:10:09.726  6975  7004 I art     : Explicit concurrent mark sweep GC freed 20(704B) AllocSpace objects, 0(0B) LOS objects, 22% free, 54MB/70MB, paused 538us total 25.706ms
08-04 21:10:09.735  6975  7004 I art     : Starting a blocking GC Explicit
08-04 21:10:09.761  6975  7004 I art     : Explicit concurrent mark sweep GC freed 3(96B) AllocSpace objects, 0(0B) LOS objects, 22% free, 54MB/70MB, paused 527us total 25.086ms
08-04 21:10:09.770  6975  7004 I art     : Starting a blocking GC Explicit
08-04 21:10:09.795  6975  7004 I art     : Explicit concurrent mark sweep GC freed 3(96B) AllocSpace objects, 0(0B) LOS objects, 22% free, 54MB/70MB, paused 544us total 25.291ms
08-04 21:10:09.805  6975  7004 I art     : Starting a blocking GC Explicit
08-04 21:10:09.831  6975  7004 I art     : Explicit concurrent mark sweep GC freed 3(96B) AllocSpace objects, 0(0B) LOS objects, 22% free, 54MB/70MB, paused 536us total 25.891ms
08-04 21:10:10.164  6975  6987 I art     : Starting a blocking GC Explicit
08-04 21:10:10.196  6975  6987 I art     : Explicit concurrent mark sweep GC freed 1344(78KB) AllocSpace objects, 1(20KB) LOS objects, 22% free, 54MB/70MB, paused 590us total 31.675ms
08-04 21:10:10.209  6975  6987 I art     : Starting a blocking GC Explicit
08-04 21:10:10.235  6975  6987 I art     : Explicit concurrent mark sweep GC freed 20(704B) AllocSpace objects, 0(0B) LOS objects, 22% free, 54MB/70MB, paused 580us total 25.128ms
08-04 21:10:10.244  6975  6987 I art     : Starting a blocking GC Explicit
08-04 21:10:10.270  6975  6987 I art     : Explicit concurrent mark sweep GC freed 3(96B) AllocSpace objects, 0(0B) LOS objects, 22% free, 54MB/70MB, paused 539us total 25.421ms
08-04 21:10:10.279  6975  6987 I art     : Starting a blocking GC Explicit
08-04 21:10:10.305  6975  6987 I art     : Explicit concurrent mark sweep GC freed 3(96B) AllocSpace objects, 0(0B) LOS objects, 22% free, 54MB/70MB, paused 547us total 25.680ms
08-04 21:10:10.315  6975  6987 I art     : Starting a blocking GC Explicit
08-04 21:10:10.340  6975  6987 I art     : Explicit concurrent mark sweep GC freed 3(96B) AllocSpace objects, 0(0B) LOS objects, 22% free, 54MB/70MB, paused 544us total 25.606ms
08-04 21:10:10.682  6975  6988 I art     : Starting a blocking GC Explicit
08-04 21:10:10.715  6975  6988 I art     : Explicit concurrent mark sweep GC freed 1344(78KB) AllocSpace objects, 1(20KB) LOS objects, 22% free, 54MB/70MB, paused 574us total 31.857ms
08-04 21:10:10.725  6975  6988 I art     : Starting a blocking GC Explicit
08-04 21:10:10.750  6975  6988 I art     : Explicit concurrent mark sweep GC freed 20(704B) AllocSpace objects, 0(0B) LOS objects, 22% free, 54MB/70MB, paused 550us total 25.470ms
08-04 21:10:10.760  6975  6988 I art     : Starting a blocking GC Explicit
08-04 21:10:10.786  6975  6988 I art     : Explicit concurrent mark sweep GC freed 3(96B) AllocSpace objects, 0(0B) LOS objects, 22% free, 54MB/70MB, paused 610us total 25.798ms
08-04 21:10:10.795  6975  6988 I art     : Starting a blocking GC Explicit
08-04 21:10:10.821  6975  6988 I art     : Explicit concurrent mark sweep GC freed 3(96B) AllocSpace objects, 0(0B) LOS objects, 22% free, 54MB/70MB, paused 546us total 24.982ms
08-04 21:10:10.830  6975  6988 I art     : Starting a blocking GC Explicit
08-04 21:10:10.855  6975  6988 I art     : Explicit concurrent mark sweep GC freed 3(96B) AllocSpace objects, 0(0B) LOS objects, 22% free, 54MB/70MB, paused 520us total 25.196ms
08-04 21:10:11.053  4694  4694 I ServiceManager: Waiting for service AtCmdFwd...
08-04 21:10:11.175  6975  7372 I art     : Starting a blocking GC Explicit
08-04 21:10:11.207  6975  7372 I art     : Explicit concurrent mark sweep GC freed 1344(78KB) AllocSpace objects, 1(20KB) LOS objects, 22% free, 54MB/70MB, paused 588us total 31.810ms
08-04 21:10:11.218  6975  7372 I art     : Starting a blocking GC Explicit
08-04 21:10:11.244  6975  7372 I art     : Explicit concurrent mark sweep GC freed 20(704B) AllocSpace objects, 0(0B) LOS objects, 22% free, 54MB/70MB, paused 561us total 25.590ms
08-04 21:10:11.254  6975  7372 I art     : Starting a blocking GC Explicit
08-04 21:10:11.279  6975  7372 I art     : Explicit concurrent mark sweep GC freed 3(96B) AllocSpace objects, 0(0B) LOS objects, 22% free, 54MB/70MB, paused 539us total 25.402ms
08-04 21:10:11.289  6975  7372 I art     : Starting a blocking GC Explicit
08-04 21:10:11.314  6975  7372 I art     : Explicit concurrent mark sweep GC freed 3(96B) AllocSpace objects, 0(0B) LOS objects, 22% free, 54MB/70MB, paused 524us total 25.642ms
08-04 21:10:11.324  6975  7372 I art     : Starting a blocking GC Explicit
08-04 21:10:11.350  6975  7372 I art     : Explicit concurrent mark sweep GC freed 3(96B) AllocSpace objects, 0(0B) LOS objects, 22% free, 54MB/70MB, paused 542us total 25.864ms
08-04 21:10:11.699  6975  7004 I art     : Starting a blocking GC Explicit
08-04 21:10:11.734  6975  7004 I art     : Explicit concurrent mark sweep GC freed 1344(78KB) AllocSpace objects, 1(20KB) LOS objects, 22% free, 54MB/70MB, paused 672us total 34.478ms
08-04 21:10:11.744  6975  7004 I art     : Starting a blocking GC Explicit
08-04 21:10:11.768  6975  7004 I art     : Explicit concurrent mark sweep GC freed 20(704B) AllocSpace objects, 0(0B) LOS objects, 22% free, 54MB/70MB, paused 510us total 23.972ms
08-04 21:10:11.778  6975  7004 I art     : Starting a blocking GC Explicit
08-04 21:10:11.801  6975  7004 I art     : Explicit concurrent mark sweep GC freed 3(96B) AllocSpace objects, 0(0B) LOS objects, 22% free, 54MB/70MB, paused 539us total 22.925ms
08-04 21:10:11.810  6975  7004 I art     : Starting a blocking GC Explicit
08-04 21:10:11.834  6975  7004 I art     : Explicit concurrent mark sweep GC freed 3(96B) AllocSpace objects, 0(0B) LOS objects, 22% free, 54MB/70MB, paused 532us total 23.722ms
08-04 21:10:11.843  6975  7004 I art     : Starting a blocking GC Explicit
08-04 21:10:11.867  6975  7004 I art     : Explicit concurrent mark sweep GC freed 3(96B) AllocSpace objects, 0(0B) LOS objects, 22% free, 54MB/70MB, paused 558us total 23.844ms
08-04 21:10:12.054  4694  4694 I ServiceManager: Waiting for service AtCmdFwd...
08-04 21:10:12.152 10709 10709 D AndroidRuntime: >>>>>> START com.android.internal.os.RuntimeInit uid 2000 <<<<<<
08-04 21:10:12.153  6975  6987 I art     : Starting a blocking GC Explicit
08-04 21:10:12.157 10709 10709 D AndroidRuntime: CheckJNI is OFF
08-04 21:10:12.178  6975  6987 I art     : Explicit concurrent mark sweep GC freed 1344(78KB) AllocSpace objects, 1(20KB) LOS objects, 22% free, 54MB/70MB, paused 587us total 25.260ms
08-04 21:10:12.187  6975  6987 I art     : Starting a blocking GC Explicit
08-04 21:10:12.195 10709 10709 D ICU     : No timezone override file found: /data/misc/zoneinfo/current/icu/icu_tzdata.dat
08-04 21:10:12.212  6975  6987 I art     : Explicit concurrent mark sweep GC freed 20(704B) AllocSpace objects, 0(0B) LOS objects, 22% free, 54MB/70MB, paused 537us total 24.771ms
08-04 21:10:12.221  6975  6987 I art     : Starting a blocking GC Explicit
08-04 21:10:12.230 10709 10709 I Radio-JNI: register_android_hardware_Radio DONE
08-04 21:10:12.243  6975  6987 I art     : Explicit concurrent mark sweep GC freed 3(96B) AllocSpace objects, 0(0B) LOS objects, 22% free, 54MB/70MB, paused 522us total 22.025ms
08-04 21:10:12.251  6975  6987 I art     : Starting a blocking GC Explicit
08-04 21:10:12.252 10709 10709 D AndroidRuntime: Calling main entry com.android.commands.input.Input
08-04 21:10:12.253 10709 10709 I Input   : injectKeyEvent: KeyEvent { action=ACTION_DOWN, keyCode=KEYCODE_BACK, scanCode=0, metaState=0, flags=0x0, repeatCount=0, eventTime=738628666, downTime=738628666, deviceId=-1, source=0x101 }
08-04 21:10:12.259 10709 10709 I Input   : injectKeyEvent: KeyEvent { action=ACTION_UP, keyCode=KEYCODE_BACK, scanCode=0, metaState=0, flags=0x0, repeatCount=0, eventTime=738628666, downTime=738628666, deviceId=-1, source=0x101 }
08-04 21:10:12.264 10709 10709 D AndroidRuntime: Shutting down VM
08-04 21:10:12.273  6975  6987 I art     : Explicit concurrent mark sweep GC freed 134(5KB) AllocSpace objects, 0(0B) LOS objects, 22% free, 54MB/70MB, paused 579us total 21.712ms
08-04 21:10:12.282  6975  6987 I art     : Starting a blocking GC Explicit
08-04 21:10:12.296 13866 13866 I GoogleInputMethodServic: GoogleInputMethodService.onFinishInput():3138 
08-04 21:10:12.298 13866 13866 I GoogleInputMethodServic: GoogleInputMethodService.onStartInput():1808 
08-04 21:10:12.304  6975  6987 I art     : Explicit concurrent mark sweep GC freed 19(720B) AllocSpace objects, 0(0B) LOS objects, 22% free, 54MB/70MB, paused 604us total 21.943ms
08-04 21:10:12.570  6975  7372 I art     : Starting a blocking GC Explicit
08-04 21:10:12.598  6975  7372 I art     : Explicit concurrent mark sweep GC freed 1379(79KB) AllocSpace objects, 1(20KB) LOS objects, 22% free, 54MB/70MB, paused 517us total 27.362ms
08-04 21:10:12.604   380   380 W SurfaceFlinger: couldn't log to binary event log: overflow.
08-04 21:10:12.607  6975  7372 I art     : Starting a blocking GC Explicit
08-04 21:10:12.632  6975  7372 I art     : Explicit concurrent mark sweep GC freed 132(9KB) AllocSpace objects, 0(0B) LOS objects, 22% free, 54MB/70MB, paused 584us total 24.082ms
08-04 21:10:12.641  6975  7372 I art     : Starting a blocking GC Explicit
08-04 21:10:12.664  6975  7372 I art     : Explicit concurrent mark sweep GC freed 116(6KB) AllocSpace objects, 0(0B) LOS objects, 22% free, 54MB/70MB, paused 522us total 22.152ms
08-04 21:10:12.672  6975  7372 I art     : Starting a blocking GC Explicit
08-04 21:10:12.696  6975  7372 I art     : Explicit concurrent mark sweep GC freed 1543(102KB) AllocSpace objects, 3(180KB) LOS objects, 22% free, 53MB/69MB, paused 601us total 23.936ms
08-04 21:10:12.705  6975  7372 I art     : Starting a blocking GC Explicit
08-04 21:10:12.729  6975  7372 I art     : Explicit concurrent mark sweep GC freed 3(96B) AllocSpace objects, 0(0B) LOS objects, 22% free, 53MB/69MB, paused 539us total 23.807ms
08-04 21:10:13.021  6975  7004 I art     : Starting a blocking GC Explicit
08-04 21:10:13.049  6975  7004 I art     : Explicit concurrent mark sweep GC freed 1344(78KB) AllocSpace objects, 1(20KB) LOS objects, 22% free, 53MB/69MB, paused 604us total 27.712ms
08-04 21:10:13.054  4694  4694 I ServiceManager: Waiting for service AtCmdFwd...
08-04 21:10:13.061  6975  7004 I art     : Starting a blocking GC Explicit
08-04 21:10:13.071   518   646 I ThermalEngine: ACTION: GPU - Setting GPU[0] to 600000000
08-04 21:10:13.086  6975  7004 I art     : Explicit concurrent mark sweep GC freed 20(704B) AllocSpace objects, 0(0B) LOS objects, 22% free, 53MB/69MB, paused 555us total 24.605ms
08-04 21:10:13.096  6975  7004 I art     : Starting a blocking GC Explicit
08-04 21:10:13.119  6975  7004 I art     : Explicit concurrent mark sweep GC freed 3(96B) AllocSpace objects, 0(0B) LOS objects, 22% free, 53MB/69MB, paused 462us total 23.311ms
08-04 21:10:13.127  6975  7004 I art     : Starting a blocking GC Explicit
08-04 21:10:13.147  6975  7004 I art     : Explicit concurrent mark sweep GC freed 3(96B) AllocSpace objects, 0(0B) LOS objects, 22% free, 53MB/69MB, paused 463us total 19.554ms
08-04 21:10:13.154  6975  7004 I art     : Starting a blocking GC Explicit
08-04 21:10:13.174  6975  7004 I art     : Explicit concurrent mark sweep GC freed 3(96B) AllocSpace objects, 0(0B) LOS objects, 22% free, 53MB/69MB, paused 392us total 19.490ms
08-04 21:10:13.464  6975  6987 I art     : Starting a blocking GC Explicit
08-04 21:10:13.496  6975  6987 I art     : Explicit concurrent mark sweep GC freed 1344(78KB) AllocSpace objects, 1(20KB) LOS objects, 22% free, 53MB/69MB, paused 422us total 31.296ms
08-04 21:10:13.509  6975  6987 I art     : Starting a blocking GC Explicit
08-04 21:10:13.528  6975  6987 I art     : Explicit concurrent mark sweep GC freed 20(704B) AllocSpace objects, 0(0B) LOS objects, 22% free, 53MB/69MB, paused 379us total 18.010ms
08-04 21:10:13.535  6975  6987 I art     : Starting a blocking GC Explicit
08-04 21:10:13.554  6975  6987 I art     : Explicit concurrent mark sweep GC freed 3(96B) AllocSpace objects, 0(0B) LOS objects, 22% free, 53MB/69MB, paused 379us total 18.361ms
08-04 21:10:13.560  6975  6987 I art     : Starting a blocking GC Explicit
08-04 21:10:13.577  6975  6987 I art     : Explicit concurrent mark sweep GC freed 3(96B) AllocSpace objects, 0(0B) LOS objects, 22% free, 53MB/69MB, paused 389us total 16.852ms
08-04 21:10:13.583  6975  6987 I art     : Starting a blocking GC Explicit
08-04 21:10:13.601  6975  6987 I art     : Explicit concurrent mark sweep GC freed 3(96B) AllocSpace objects, 0(0B) LOS objects, 22% free, 53MB/69MB, paused 385us total 17.659ms
08-04 21:10:13.818 10763 10763 D AndroidRuntime: >>>>>> START com.android.internal.os.RuntimeInit uid 2000 <<<<<<
08-04 21:10:13.822 10763 10763 D AndroidRuntime: CheckJNI is OFF
08-04 21:10:13.849 10763 10763 D ICU     : No timezone override file found: /data/misc/zoneinfo/current/icu/icu_tzdata.dat
08-04 21:10:13.864  6975  6988 I art     : Starting a blocking GC Explicit
08-04 21:10:13.875 10763 10763 I Radio-JNI: register_android_hardware_Radio DONE
08-04 21:10:13.884  6975  6988 I art     : Explicit concurrent mark sweep GC freed 1344(78KB) AllocSpace objects, 1(20KB) LOS objects, 22% free, 53MB/69MB, paused 422us total 19.867ms
08-04 21:10:13.891  6975  6988 I art     : Starting a blocking GC Explicit
08-04 21:10:13.892 10763 10763 D AndroidRuntime: Calling main entry com.android.commands.input.Input
08-04 21:10:13.893 10763 10763 I Input   : injectMotionEvent: MotionEvent { action=ACTION_DOWN, actionButton=0, id[0]=0, x[0]=255.0, y[0]=1845.0, toolType[0]=TOOL_TYPE_UNKNOWN, buttonState=0, metaState=0, flags=0x0, edgeFlags=0x0, pointerCount=1, historySize=0, eventTime=738630306, downTime=738630306, deviceId=0, source=0x1002 }
08-04 21:10:13.898 10763 10763 I Input   : injectMotionEvent: MotionEvent { action=ACTION_UP, actionButton=0, id[0]=0, x[0]=255.0, y[0]=1845.0, toolType[0]=TOOL_TYPE_UNKNOWN, buttonState=0, metaState=0, flags=0x0, edgeFlags=0x0, pointerCount=1, historySize=0, eventTime=738630306, downTime=738630306, deviceId=0, source=0x1002 }
08-04 21:10:13.899   918  3696 I ActivityManager: START u0 {cmp=baseline.appteam.nith.hillffair/.activities.ClubActivity (has extras)} from uid 10651 on display 0
08-04 21:10:13.906 10763 10763 D AndroidRuntime: Shutting down VM
08-04 21:10:13.909  6975  6988 I art     : Explicit concurrent mark sweep GC freed 45(1504B) AllocSpace objects, 0(0B) LOS objects, 22% free, 53MB/69MB, paused 456us total 17.691ms
08-04 21:10:13.917  6975  6988 I art     : Starting a blocking GC Explicit
08-04 21:10:13.938  6975  6988 I art     : Explicit concurrent mark sweep GC freed 3483(249KB) AllocSpace objects, 0(0B) LOS objects, 22% free, 53MB/69MB, paused 1.889ms total 21.069ms
08-04 21:10:13.946  6975  6988 I art     : Starting a blocking GC Explicit
08-04 21:10:13.964  6975  6988 I art     : Explicit concurrent mark sweep GC freed 393(46KB) AllocSpace objects, 0(0B) LOS objects, 22% free, 53MB/69MB, paused 386us total 17.653ms
08-04 21:10:13.971  6975  6988 I art     : Starting a blocking GC Explicit
08-04 21:10:13.980  6975  6975 I NAPPA_EXPERIMENTATION: MetricNetworkRequestExecutionTime: REQUEST_DURATION_SYSTEM='51',REQUEST_DURATION_OKHTTP='31',REQUEST_SYNCHRONOUS='FALSE',RESPONSE_CODE='200',RESPONSE_METHOD='GET',RESPONSE_LENGTH_OKHTTP='1171',RESPONSE_LENGTH_HEADER='-2',REQUEST_PROTOCOL='http/1.1',REQUEST_URL='https://api-hillfair-2k16.herokuapp.com/api/app/club/Technical%20Committee',
08-04 21:10:13.990  6975  6988 I art     : Explicit concurrent mark sweep GC freed 603(46KB) AllocSpace objects, 0(0B) LOS objects, 22% free, 53MB/69MB, paused 406us total 18.781ms
08-04 21:10:13.998   918   936 I ActivityManager: Displayed baseline.appteam.nith.hillffair/.activities.ClubActivity: +92ms
08-04 21:10:14.000 13866 13866 I GoogleInputMethodServic: GoogleInputMethodService.onFinishInput():3138 
08-04 21:10:14.000 13866 13866 I GoogleInputMethodServic: GoogleInputMethodService.onStartInput():1808 
08-04 21:10:14.054  4694  4694 I ServiceManager: Waiting for service AtCmdFwd...
08-04 21:10:14.239   380   380 W SurfaceFlinger: couldn't log to binary event log: overflow.
08-04 21:10:14.241  6975  6987 I art     : Starting a blocking GC Explicit
08-04 21:10:14.262  6975  6987 I art     : Explicit concurrent mark sweep GC freed 1445(82KB) AllocSpace objects, 1(20KB) LOS objects, 22% free, 53MB/69MB, paused 390us total 20.890ms
08-04 21:10:14.269  6975  6987 I art     : Starting a blocking GC Explicit
08-04 21:10:14.287  6975  6987 I art     : Explicit concurrent mark sweep GC freed 24(848B) AllocSpace objects, 0(0B) LOS objects, 22% free, 53MB/69MB, paused 450us total 17.520ms
08-04 21:10:14.294  6975  6987 I art     : Starting a blocking GC Explicit
08-04 21:10:14.313  6975  6987 I art     : Explicit concurrent mark sweep GC freed 3(96B) AllocSpace objects, 0(0B) LOS objects, 22% free, 53MB/69MB, paused 394us total 19.574ms
08-04 21:10:14.321  6975  6987 I art     : Starting a blocking GC Explicit
08-04 21:10:14.340  6975  6987 I art     : Explicit concurrent mark sweep GC freed 3(96B) AllocSpace objects, 0(0B) LOS objects, 22% free, 53MB/69MB, paused 378us total 18.713ms
08-04 21:10:14.347  6975  6987 I art     : Starting a blocking GC Explicit
08-04 21:10:14.366  6975  6987 I art     : Explicit concurrent mark sweep GC freed 3(96B) AllocSpace objects, 0(0B) LOS objects, 22% free, 53MB/69MB, paused 389us total 18.943ms
08-04 21:10:14.641  6975  6987 I art     : Starting a blocking GC Explicit
08-04 21:10:14.656   918  3261 D WifiStateMachine: starting scan for "H369AA63323"WPA_PSK with 2412,5180
08-04 21:10:14.668  6975  6987 I art     : Explicit concurrent mark sweep GC freed 1444(84KB) AllocSpace objects, 1(20KB) LOS objects, 22% free, 53MB/69MB, paused 683us total 26.722ms
08-04 21:10:14.678  6975  6987 I art     : Starting a blocking GC Explicit
08-04 21:10:14.699  6975  6987 I art     : Explicit concurrent mark sweep GC freed 36(1264B) AllocSpace objects, 0(0B) LOS objects, 22% free, 53MB/69MB, paused 421us total 20.915ms
08-04 21:10:14.707  6975  6987 I art     : Starting a blocking GC Explicit
08-04 21:10:14.726  6975  6987 I art     : Explicit concurrent mark sweep GC freed 3(96B) AllocSpace objects, 0(0B) LOS objects, 22% free, 53MB/69MB, paused 387us total 19.104ms
08-04 21:10:14.733  6975  6987 I art     : Starting a blocking GC Explicit
08-04 21:10:14.754  6975  6987 I art     : Explicit concurrent mark sweep GC freed 3(96B) AllocSpace objects, 0(0B) LOS objects, 22% free, 53MB/69MB, paused 414us total 20.022ms
08-04 21:10:14.761  6975  6987 I art     : Starting a blocking GC Explicit
08-04 21:10:14.781  6975  6987 I art     : Explicit concurrent mark sweep GC freed 3(96B) AllocSpace objects, 0(0B) LOS objects, 22% free, 53MB/69MB, paused 388us total 19.636ms
08-04 21:10:15.055  4694  4694 I ServiceManager: Waiting for service AtCmdFwd...
08-04 21:10:15.079   518   646 I ThermalEngine: ACTION: GPU - Setting GPU[0] to 510000000
08-04 21:10:15.082  6975  6988 I art     : Starting a blocking GC Explicit
08-04 21:10:15.110  6975  6988 I art     : Explicit concurrent mark sweep GC freed 1344(78KB) AllocSpace objects, 1(20KB) LOS objects, 22% free, 53MB/69MB, paused 563us total 26.846ms
08-04 21:10:15.119  6975  6988 I art     : Starting a blocking GC Explicit
08-04 21:10:15.144  6975  6988 I art     : Explicit concurrent mark sweep GC freed 20(704B) AllocSpace objects, 0(0B) LOS objects, 22% free, 53MB/69MB, paused 547us total 24.970ms
08-04 21:10:15.154  6975  6988 I art     : Starting a blocking GC Explicit
08-04 21:10:15.179  6975  6988 I art     : Explicit concurrent mark sweep GC freed 3(96B) AllocSpace objects, 0(0B) LOS objects, 22% free, 53MB/69MB, paused 685us total 25.612ms
08-04 21:10:15.189  6975  6988 I art     : Starting a blocking GC Explicit
08-04 21:10:15.215  6975  6988 I art     : Explicit concurrent mark sweep GC freed 3(96B) AllocSpace objects, 0(0B) LOS objects, 22% free, 53MB/69MB, paused 566us total 25.517ms
08-04 21:10:15.224  6975  6988 I art     : Starting a blocking GC Explicit
08-04 21:10:15.250  6975  6988 I art     : Explicit concurrent mark sweep GC freed 3(96B) AllocSpace objects, 0(0B) LOS objects, 22% free, 53MB/69MB, paused 535us total 25.113ms
08-04 21:10:15.551  6975  7372 I art     : Starting a blocking GC Explicit
08-04 21:10:15.583  6975  7372 I art     : Explicit concurrent mark sweep GC freed 1344(78KB) AllocSpace objects, 1(20KB) LOS objects, 22% free, 53MB/69MB, paused 612us total 31.336ms
08-04 21:10:15.596  6975  7372 I art     : Starting a blocking GC Explicit
08-04 21:10:15.621  6975  7372 I art     : Explicit concurrent mark sweep GC freed 20(704B) AllocSpace objects, 0(0B) LOS objects, 22% free, 53MB/69MB, paused 552us total 24.929ms
08-04 21:10:15.631  6975  7372 I art     : Starting a blocking GC Explicit
08-04 21:10:15.656  6975  7372 I art     : Explicit concurrent mark sweep GC freed 16(704B) AllocSpace objects, 0(0B) LOS objects, 22% free, 53MB/69MB, paused 524us total 25.225ms
08-04 21:10:15.665  6975  7372 I art     : Starting a blocking GC Explicit
08-04 21:10:15.690  6975  7372 I art     : Explicit concurrent mark sweep GC freed 17(528B) AllocSpace objects, 0(0B) LOS objects, 22% free, 53MB/69MB, paused 548us total 24.780ms
08-04 21:10:15.700  6975  7372 I art     : Starting a blocking GC Explicit
08-04 21:10:15.726  6975  7372 I art     : Explicit concurrent mark sweep GC freed 3(96B) AllocSpace objects, 0(0B) LOS objects, 22% free, 53MB/69MB, paused 531us total 25.833ms
08-04 21:10:16.055  4694  4694 W Atfwd_Sendcmd: AtCmdFwd service not published, waiting... retryCnt : 5
08-04 21:10:16.066  6975  7004 I art     : Starting a blocking GC Explicit
08-04 21:10:16.097  6975  7004 I art     : Explicit concurrent mark sweep GC freed 1344(78KB) AllocSpace objects, 1(20KB) LOS objects, 22% free, 53MB/69MB, paused 543us total 30.710ms
08-04 21:10:16.106  6975  7004 I art     : Starting a blocking GC Explicit
08-04 21:10:16.131  6975  7004 I art     : Explicit concurrent mark sweep GC freed 20(704B) AllocSpace objects, 0(0B) LOS objects, 22% free, 53MB/69MB, paused 562us total 25.139ms
08-04 21:10:16.141  6975  7004 I art     : Starting a blocking GC Explicit
08-04 21:10:16.167  6975  7004 I art     : Explicit concurrent mark sweep GC freed 3(96B) AllocSpace objects, 0(0B) LOS objects, 22% free, 53MB/69MB, paused 544us total 25.406ms
08-04 21:10:16.176  6975  7004 I art     : Starting a blocking GC Explicit
08-04 21:10:16.201  6975  7004 I art     : Explicit concurrent mark sweep GC freed 3(96B) AllocSpace objects, 0(0B) LOS objects, 22% free, 53MB/69MB, paused 546us total 24.785ms
08-04 21:10:16.210  6975  7004 I art     : Starting a blocking GC Explicit
08-04 21:10:16.236  6975  7004 I art     : Explicit concurrent mark sweep GC freed 3(96B) AllocSpace objects, 0(0B) LOS objects, 22% free, 53MB/69MB, paused 533us total 25.333ms
08-04 21:10:16.558  6975  6987 I art     : Starting a blocking GC Explicit
08-04 21:10:16.591  6975  6987 I art     : Explicit concurrent mark sweep GC freed 1344(78KB) AllocSpace objects, 1(20KB) LOS objects, 22% free, 53MB/69MB, paused 587us total 33.204ms
08-04 21:10:16.603  6975  6987 I art     : Starting a blocking GC Explicit
08-04 21:10:16.629  6975  6987 I art     : Explicit concurrent mark sweep GC freed 20(704B) AllocSpace objects, 0(0B) LOS objects, 22% free, 53MB/69MB, paused 545us total 25.694ms
08-04 21:10:16.639  6975  6987 I art     : Starting a blocking GC Explicit
08-04 21:10:16.664  6975  6987 I art     : Explicit concurrent mark sweep GC freed 3(96B) AllocSpace objects, 0(0B) LOS objects, 22% free, 53MB/69MB, paused 562us total 25.132ms
08-04 21:10:16.674  6975  6987 I art     : Starting a blocking GC Explicit
08-04 21:10:16.699  6975  6987 I art     : Explicit concurrent mark sweep GC freed 3(96B) AllocSpace objects, 0(0B) LOS objects, 22% free, 53MB/69MB, paused 545us total 25.260ms
08-04 21:10:16.708  6975  6987 I art     : Starting a blocking GC Explicit
08-04 21:10:16.734  6975  6987 I art     : Explicit concurrent mark sweep GC freed 3(96B) AllocSpace objects, 0(0B) LOS objects, 22% free, 53MB/69MB, paused 533us total 25.047ms
08-04 21:10:17.052  6975  6988 I art     : Starting a blocking GC Explicit
08-04 21:10:17.084  6975  6988 I art     : Explicit concurrent mark sweep GC freed 1344(78KB) AllocSpace objects, 1(20KB) LOS objects, 22% free, 53MB/69MB, paused 529us total 31.173ms
08-04 21:10:17.097  6975  6988 I art     : Starting a blocking GC Explicit
08-04 21:10:17.122  6975  6988 I art     : Explicit concurrent mark sweep GC freed 20(704B) AllocSpace objects, 0(0B) LOS objects, 22% free, 53MB/69MB, paused 535us total 24.963ms
08-04 21:10:17.131  6975  6988 I art     : Starting a blocking GC Explicit
08-04 21:10:17.157  6975  6988 I art     : Explicit concurrent mark sweep GC freed 3(96B) AllocSpace objects, 0(0B) LOS objects, 22% free, 53MB/69MB, paused 591us total 25.157ms
08-04 21:10:17.166  6975  6988 I art     : Starting a blocking GC Explicit
08-04 21:10:17.191  6975  6988 I art     : Explicit concurrent mark sweep GC freed 3(96B) AllocSpace objects, 0(0B) LOS objects, 22% free, 53MB/69MB, paused 542us total 24.850ms
08-04 21:10:17.201  6975  6988 I art     : Starting a blocking GC Explicit
08-04 21:10:17.226  6975  6988 I art     : Explicit concurrent mark sweep GC freed 3(96B) AllocSpace objects, 0(0B) LOS objects, 22% free, 53MB/69MB, paused 571us total 25.562ms
08-04 21:10:17.531  6975  7372 I art     : Starting a blocking GC Explicit
08-04 21:10:17.560  6975  7372 I art     : Explicit concurrent mark sweep GC freed 1344(78KB) AllocSpace objects, 1(20KB) LOS objects, 22% free, 53MB/69MB, paused 617us total 28.839ms
08-04 21:10:17.574  6975  7372 I art     : Starting a blocking GC Explicit
08-04 21:10:17.599  6975  7372 I art     : Explicit concurrent mark sweep GC freed 20(704B) AllocSpace objects, 0(0B) LOS objects, 22% free, 53MB/69MB, paused 544us total 24.939ms
08-04 21:10:17.608  6975  7372 I art     : Starting a blocking GC Explicit
08-04 21:10:17.634  6975  7372 I art     : Explicit concurrent mark sweep GC freed 3(96B) AllocSpace objects, 0(0B) LOS objects, 22% free, 53MB/69MB, paused 542us total 25.403ms
08-04 21:10:17.643  6975  7372 I art     : Starting a blocking GC Explicit
08-04 21:10:17.669  6975  7372 I art     : Explicit concurrent mark sweep GC freed 3(96B) AllocSpace objects, 0(0B) LOS objects, 22% free, 53MB/69MB, paused 545us total 25.631ms
08-04 21:10:17.679  6975  7372 I art     : Starting a blocking GC Explicit
08-04 21:10:17.704  6975  7372 I art     : Explicit concurrent mark sweep GC freed 3(96B) AllocSpace objects, 0(0B) LOS objects, 22% free, 53MB/69MB, paused 524us total 25.564ms
08-04 21:10:18.014  6975  7004 I art     : Starting a blocking GC Explicit
08-04 21:10:18.049  6975  7004 I art     : Explicit concurrent mark sweep GC freed 1344(78KB) AllocSpace objects, 1(20KB) LOS objects, 22% free, 53MB/69MB, paused 643us total 34.160ms
08-04 21:10:18.061  6975  7004 I art     : Starting a blocking GC Explicit
08-04 21:10:18.086   518   646 I ThermalEngine: ACTION: GPU - Setting GPU[0] to 600000000
08-04 21:10:18.087  6975  7004 I art     : Explicit concurrent mark sweep GC freed 20(704B) AllocSpace objects, 0(0B) LOS objects, 22% free, 53MB/69MB, paused 613us total 25.266ms
08-04 21:10:18.096  6975  7004 I art     : Starting a blocking GC Explicit
08-04 21:10:18.122  6975  7004 I art     : Explicit concurrent mark sweep GC freed 3(96B) AllocSpace objects, 0(0B) LOS objects, 22% free, 53MB/69MB, paused 577us total 25.331ms
08-04 21:10:18.131  6975  7004 I art     : Starting a blocking GC Explicit
08-04 21:10:18.153  6975  7004 I art     : Explicit concurrent mark sweep GC freed 3(96B) AllocSpace objects, 0(0B) LOS objects, 22% free, 53MB/69MB, paused 391us total 21.595ms
08-04 21:10:18.160  6975  7004 I art     : Starting a blocking GC Explicit
08-04 21:10:18.179  6975  7004 I art     : Explicit concurrent mark sweep GC freed 3(96B) AllocSpace objects, 0(0B) LOS objects, 22% free, 53MB/69MB, paused 389us total 19.107ms
08-04 21:10:18.458  6975  6987 I art     : Starting a blocking GC Explicit
08-04 21:10:18.486  6975  6987 I art     : Explicit concurrent mark sweep GC freed 1344(78KB) AllocSpace objects, 1(20KB) LOS objects, 22% free, 53MB/69MB, paused 473us total 26.846ms
08-04 21:10:18.494  6975  6987 I art     : Starting a blocking GC Explicit
08-04 21:10:18.504 10883 10883 D AndroidRuntime: >>>>>> START com.android.internal.os.RuntimeInit uid 2000 <<<<<<
08-04 21:10:18.508 10883 10883 D AndroidRuntime: CheckJNI is OFF
08-04 21:10:18.514  6975  6987 I art     : Explicit concurrent mark sweep GC freed 20(704B) AllocSpace objects, 0(0B) LOS objects, 22% free, 53MB/69MB, paused 431us total 19.927ms
08-04 21:10:18.522  6975  6987 I art     : Starting a blocking GC Explicit
08-04 21:10:18.535 10883 10883 D ICU     : No timezone override file found: /data/misc/zoneinfo/current/icu/icu_tzdata.dat
08-04 21:10:18.539  6975  6987 I art     : Explicit concurrent mark sweep GC freed 3(96B) AllocSpace objects, 0(0B) LOS objects, 22% free, 53MB/69MB, paused 385us total 17.315ms
08-04 21:10:18.546  6975  6987 I art     : Starting a blocking GC Explicit
08-04 21:10:18.559 10883 10883 I Radio-JNI: register_android_hardware_Radio DONE
08-04 21:10:18.563  6975  6987 I art     : Explicit concurrent mark sweep GC freed 3(96B) AllocSpace objects, 0(0B) LOS objects, 22% free, 53MB/69MB, paused 398us total 17.489ms
08-04 21:10:18.570  6975  6987 I art     : Starting a blocking GC Explicit
08-04 21:10:18.575 10883 10883 D AndroidRuntime: Calling main entry com.android.commands.input.Input
08-04 21:10:18.576 10883 10883 I Input   : injectKeyEvent: KeyEvent { action=ACTION_DOWN, keyCode=KEYCODE_BACK, scanCode=0, metaState=0, flags=0x0, repeatCount=0, eventTime=738634990, downTime=738634990, deviceId=-1, source=0x101 }
08-04 21:10:18.583 10883 10883 I Input   : injectKeyEvent: KeyEvent { action=ACTION_UP, keyCode=KEYCODE_BACK, scanCode=0, metaState=0, flags=0x0, repeatCount=0, eventTime=738634990, downTime=738634990, deviceId=-1, source=0x101 }
08-04 21:10:18.588  6975  6987 I art     : Explicit concurrent mark sweep GC freed 5(208B) AllocSpace objects, 0(0B) LOS objects, 22% free, 53MB/69MB, paused 466us total 17.692ms
08-04 21:10:18.589 10883 10883 D AndroidRuntime: Shutting down VM
08-04 21:10:18.621 13866 13866 I GoogleInputMethodServic: GoogleInputMethodService.onFinishInput():3138 
08-04 21:10:18.622 13866 13866 I GoogleInputMethodServic: GoogleInputMethodService.onStartInput():1808 
08-04 21:10:18.838  6975  7004 I art     : Starting a blocking GC Explicit
08-04 21:10:18.862  6975  7004 I art     : Explicit concurrent mark sweep GC freed 1524(85KB) AllocSpace objects, 1(20KB) LOS objects, 22% free, 53MB/69MB, paused 390us total 24.690ms
08-04 21:10:18.875  6975  7004 I art     : Starting a blocking GC Explicit
08-04 21:10:18.899  6975  7004 I art     : Explicit concurrent mark sweep GC freed 26(944B) AllocSpace objects, 0(0B) LOS objects, 22% free, 53MB/69MB, paused 380us total 23.895ms
08-04 21:10:18.907  6975  7004 I art     : Starting a blocking GC Explicit
08-04 21:10:18.911   380   380 W SurfaceFlinger: couldn't log to binary event log: overflow.
08-04 21:10:18.928  6975  7004 I art     : Explicit concurrent mark sweep GC freed 110(8KB) AllocSpace objects, 0(0B) LOS objects, 22% free, 53MB/69MB, paused 465us total 20.646ms
08-04 21:10:18.936  6975  7004 I art     : Starting a blocking GC Explicit
08-04 21:10:18.954  6975  7004 I art     : Explicit concurrent mark sweep GC freed 113(5KB) AllocSpace objects, 0(0B) LOS objects, 22% free, 53MB/69MB, paused 384us total 17.673ms
08-04 21:10:18.960  6975  7004 I art     : Starting a blocking GC Explicit
08-04 21:10:18.978  6975  7004 I art     : Explicit concurrent mark sweep GC freed 1444(98KB) AllocSpace objects, 2(68KB) LOS objects, 22% free, 53MB/69MB, paused 416us total 17.876ms
08-04 21:10:19.284  6975  7372 I art     : Starting a blocking GC Explicit
08-04 21:10:19.314  6975  7372 I art     : Explicit concurrent mark sweep GC freed 1344(78KB) AllocSpace objects, 1(20KB) LOS objects, 22% free, 53MB/69MB, paused 480us total 29.653ms
08-04 21:10:19.327  6975  7372 I art     : Starting a blocking GC Explicit
08-04 21:10:19.347  6975  7372 I art     : Explicit concurrent mark sweep GC freed 20(704B) AllocSpace objects, 0(0B) LOS objects, 22% free, 53MB/69MB, paused 421us total 20.475ms
08-04 21:10:19.356  6975  7372 I art     : Starting a blocking GC Explicit
08-04 21:10:19.376  6975  7372 I art     : Explicit concurrent mark sweep GC freed 3(96B) AllocSpace objects, 0(0B) LOS objects, 22% free, 53MB/69MB, paused 393us total 19.918ms
08-04 21:10:19.383  6975  7372 I art     : Starting a blocking GC Explicit
08-04 21:10:19.402  6975  7372 I art     : Explicit concurrent mark sweep GC freed 3(96B) AllocSpace objects, 0(0B) LOS objects, 22% free, 53MB/69MB, paused 383us total 19.025ms
08-04 21:10:19.409  6975  7372 I art     : Starting a blocking GC Explicit
08-04 21:10:19.429  6975  7372 I art     : Explicit concurrent mark sweep GC freed 3(96B) AllocSpace objects, 0(0B) LOS objects, 22% free, 53MB/69MB, paused 421us total 19.336ms
08-04 21:10:19.730  6975  6988 I art     : Starting a blocking GC Explicit
08-04 21:10:19.759  6975  6988 I art     : Explicit concurrent mark sweep GC freed 1344(78KB) AllocSpace objects, 1(20KB) LOS objects, 22% free, 53MB/69MB, paused 467us total 28.053ms
08-04 21:10:19.768  6975  6988 I art     : Starting a blocking GC Explicit
08-04 21:10:19.789  6975  6988 I art     : Explicit concurrent mark sweep GC freed 20(704B) AllocSpace objects, 0(0B) LOS objects, 22% free, 53MB/69MB, paused 474us total 20.347ms
08-04 21:10:19.797  6975  6988 I art     : Starting a blocking GC Explicit
08-04 21:10:19.816  6975  6988 I art     : Explicit concurrent mark sweep GC freed 3(96B) AllocSpace objects, 0(0B) LOS objects, 22% free, 53MB/69MB, paused 369us total 18.714ms
08-04 21:10:19.823  6975  6988 I art     : Starting a blocking GC Explicit
08-04 21:10:19.842  6975  6988 I art     : Explicit concurrent mark sweep GC freed 3(96B) AllocSpace objects, 0(0B) LOS objects, 22% free, 53MB/69MB, paused 409us total 18.811ms
08-04 21:10:19.849  6975  6988 I art     : Starting a blocking GC Explicit
08-04 21:10:19.867  6975  6988 I art     : Explicit concurrent mark sweep GC freed 3(96B) AllocSpace objects, 0(0B) LOS objects, 22% free, 53MB/69MB, paused 452us total 17.975ms
08-04 21:10:20.126 10938 10938 D AndroidRuntime: >>>>>> START com.android.internal.os.RuntimeInit uid 2000 <<<<<<
08-04 21:10:20.131 10938 10938 D AndroidRuntime: CheckJNI is OFF
08-04 21:10:20.134  6975  6987 I art     : Starting a blocking GC Explicit
08-04 21:10:20.154  6975  6987 I art     : Explicit concurrent mark sweep GC freed 1344(78KB) AllocSpace objects, 1(20KB) LOS objects, 22% free, 53MB/69MB, paused 424us total 19.684ms
08-04 21:10:20.160 10938 10938 D ICU     : No timezone override file found: /data/misc/zoneinfo/current/icu/icu_tzdata.dat
08-04 21:10:20.162  6975  6987 I art     : Starting a blocking GC Explicit
08-04 21:10:20.181  6975  6987 I art     : Explicit concurrent mark sweep GC freed 20(704B) AllocSpace objects, 0(0B) LOS objects, 22% free, 53MB/69MB, paused 392us total 18.927ms
08-04 21:10:20.186 10938 10938 I Radio-JNI: register_android_hardware_Radio DONE
08-04 21:10:20.187  6975  6987 I art     : Starting a blocking GC Explicit
08-04 21:10:20.201 10938 10938 D AndroidRuntime: Calling main entry com.android.commands.input.Input
08-04 21:10:20.203 10938 10938 I Input   : injectMotionEvent: MotionEvent { action=ACTION_DOWN, actionButton=0, id[0]=0, x[0]=369.0, y[0]=554.0, toolType[0]=TOOL_TYPE_UNKNOWN, buttonState=0, metaState=0, flags=0x0, edgeFlags=0x0, pointerCount=1, historySize=0, eventTime=738636616, downTime=738636616, deviceId=0, source=0x1002 }
08-04 21:10:20.205  6975  6987 I art     : Explicit concurrent mark sweep GC freed 3(96B) AllocSpace objects, 0(0B) LOS objects, 22% free, 53MB/69MB, paused 409us total 17.374ms
08-04 21:10:20.210 10938 10938 I Input   : injectMotionEvent: MotionEvent { action=ACTION_UP, actionButton=0, id[0]=0, x[0]=369.0, y[0]=554.0, toolType[0]=TOOL_TYPE_UNKNOWN, buttonState=0, metaState=0, flags=0x0, edgeFlags=0x0, pointerCount=1, historySize=0, eventTime=738636616, downTime=738636616, deviceId=0, source=0x1002 }
08-04 21:10:20.211   918  3670 I ActivityManager: START u0 {cmp=baseline.appteam.nith.hillffair/.activities.ClubActivity (has extras)} from uid 10651 on display 0
08-04 21:10:20.212  6975  6987 I art     : Starting a blocking GC Explicit
08-04 21:10:20.216 10938 10938 D AndroidRuntime: Shutting down VM
08-04 21:10:20.232  6975  6987 I art     : Explicit concurrent mark sweep GC freed 138(9KB) AllocSpace objects, 0(0B) LOS objects, 22% free, 53MB/69MB, paused 608us total 20.176ms
08-04 21:10:20.239  6975  6987 I art     : Starting a blocking GC Explicit
08-04 21:10:20.260  6975  6987 I art     : Explicit concurrent mark sweep GC freed 3565(274KB) AllocSpace objects, 0(0B) LOS objects, 22% free, 53MB/69MB, paused 425us total 20.877ms
08-04 21:10:20.285  6975  6975 I NAPPA_EXPERIMENTATION: MetricNetworkRequestExecutionTime: REQUEST_DURATION_SYSTEM='42',REQUEST_DURATION_OKHTTP='30',REQUEST_SYNCHRONOUS='FALSE',RESPONSE_CODE='200',RESPONSE_METHOD='GET',RESPONSE_LENGTH_OKHTTP='979',RESPONSE_LENGTH_HEADER='-2',REQUEST_PROTOCOL='http/1.1',REQUEST_URL='https://api-hillfair-2k16.herokuapp.com/api/app/club/PR%20Club',
08-04 21:10:20.304   918   936 I ActivityManager: Displayed baseline.appteam.nith.hillffair/.activities.ClubActivity: +87ms
08-04 21:10:20.304 13866 13866 I GoogleInputMethodServic: GoogleInputMethodService.onFinishInput():3138 
08-04 21:10:20.305 13866 13866 I GoogleInputMethodServic: GoogleInputMethodService.onStartInput():1808 
08-04 21:10:20.515  6975  7372 I art     : Starting a blocking GC Explicit
08-04 21:10:20.541  6975  7372 I art     : Explicit concurrent mark sweep GC freed 2190(136KB) AllocSpace objects, 1(20KB) LOS objects, 22% free, 53MB/69MB, paused 407us total 25.853ms
08-04 21:10:20.551  6975  7372 I art     : Starting a blocking GC Explicit
08-04 21:10:20.564   380   380 W SurfaceFlinger: couldn't log to binary event log: overflow.
08-04 21:10:20.575  6975  7372 I art     : Explicit concurrent mark sweep GC freed 72(2512B) AllocSpace objects, 0(0B) LOS objects, 22% free, 53MB/69MB, paused 444us total 22.965ms
08-04 21:10:20.582  6975  7372 I art     : Starting a blocking GC Explicit
08-04 21:10:20.599  6975  7372 I art     : Explicit concurrent mark sweep GC freed 3(96B) AllocSpace objects, 0(0B) LOS objects, 22% free, 53MB/69MB, paused 371us total 17.230ms
08-04 21:10:20.606  6975  7372 I art     : Starting a blocking GC Explicit
08-04 21:10:20.623  6975  7372 I art     : Explicit concurrent mark sweep GC freed 3(96B) AllocSpace objects, 0(0B) LOS objects, 22% free, 53MB/69MB, paused 369us total 16.919ms
08-04 21:10:20.631  6975  7372 I art     : Starting a blocking GC Explicit
08-04 21:10:20.649  6975  7372 I art     : Explicit concurrent mark sweep GC freed 3(96B) AllocSpace objects, 0(0B) LOS objects, 22% free, 53MB/69MB, paused 507us total 18.212ms
08-04 21:10:20.950  6975  6988 I art     : Starting a blocking GC Explicit
08-04 21:10:20.984  6975  6988 I art     : Explicit concurrent mark sweep GC freed 1444(84KB) AllocSpace objects, 1(20KB) LOS objects, 22% free, 53MB/69MB, paused 490us total 33.704ms
08-04 21:10:20.995  6975  6988 I art     : Starting a blocking GC Explicit
08-04 21:10:21.018  6975  6988 I art     : Explicit concurrent mark sweep GC freed 36(1264B) AllocSpace objects, 0(0B) LOS objects, 22% free, 53MB/69MB, paused 433us total 22.575ms
08-04 21:10:21.026  6975  6988 I art     : Starting a blocking GC Explicit
08-04 21:10:21.047  6975  6988 I art     : Explicit concurrent mark sweep GC freed 3(96B) AllocSpace objects, 0(0B) LOS objects, 22% free, 53MB/69MB, paused 484us total 20.886ms
08-04 21:10:21.054  6975  6988 I art     : Starting a blocking GC Explicit
08-04 21:10:21.075  6975  6988 I art     : Explicit concurrent mark sweep GC freed 3(96B) AllocSpace objects, 0(0B) LOS objects, 22% free, 53MB/69MB, paused 407us total 20.232ms
08-04 21:10:21.082  6975  6988 I art     : Starting a blocking GC Explicit
08-04 21:10:21.091   518   646 I ThermalEngine: ACTION: GPU - Setting GPU[0] to 510000000
08-04 21:10:21.106  6975  6988 I art     : Explicit concurrent mark sweep GC freed 3(96B) AllocSpace objects, 0(0B) LOS objects, 22% free, 53MB/69MB, paused 555us total 23.485ms
08-04 21:10:21.395  6975  7372 I art     : Starting a blocking GC Explicit
08-04 21:10:21.421  6975  7372 I art     : Explicit concurrent mark sweep GC freed 1344(78KB) AllocSpace objects, 1(20KB) LOS objects, 22% free, 53MB/69MB, paused 555us total 26.441ms
08-04 21:10:21.431  6975  7372 I art     : Starting a blocking GC Explicit
08-04 21:10:21.457  6975  7372 I art     : Explicit concurrent mark sweep GC freed 20(704B) AllocSpace objects, 0(0B) LOS objects, 22% free, 53MB/69MB, paused 691us total 25.884ms
08-04 21:10:21.467  6975  7372 I art     : Starting a blocking GC Explicit
08-04 21:10:21.493  6975  7372 I art     : Explicit concurrent mark sweep GC freed 3(96B) AllocSpace objects, 0(0B) LOS objects, 22% free, 53MB/69MB, paused 557us total 26.080ms
08-04 21:10:21.503  6975  7372 I art     : Starting a blocking GC Explicit
08-04 21:10:21.528  6975  7372 I art     : Explicit concurrent mark sweep GC freed 3(96B) AllocSpace objects, 0(0B) LOS objects, 22% free, 53MB/69MB, paused 540us total 25.343ms
08-04 21:10:21.538  6975  7372 I art     : Starting a blocking GC Explicit
08-04 21:10:21.563  6975  7372 I art     : Explicit concurrent mark sweep GC freed 3(96B) AllocSpace objects, 0(0B) LOS objects, 22% free, 53MB/69MB, paused 571us total 25.240ms
08-04 21:10:21.857  6975  7004 I art     : Starting a blocking GC Explicit
08-04 21:10:21.894  6975  7004 I art     : Explicit concurrent mark sweep GC freed 1344(78KB) AllocSpace objects, 1(20KB) LOS objects, 22% free, 53MB/69MB, paused 610us total 36.417ms
08-04 21:10:21.906  6975  7004 I art     : Starting a blocking GC Explicit
08-04 21:10:21.932  6975  7004 I art     : Explicit concurrent mark sweep GC freed 20(704B) AllocSpace objects, 0(0B) LOS objects, 22% free, 53MB/69MB, paused 564us total 25.274ms
08-04 21:10:21.941  6975  7004 I art     : Starting a blocking GC Explicit
08-04 21:10:21.967  6975  7004 I art     : Explicit concurrent mark sweep GC freed 3(96B) AllocSpace objects, 0(0B) LOS objects, 22% free, 53MB/69MB, paused 561us total 25.166ms
08-04 21:10:21.976  6975  7004 I art     : Starting a blocking GC Explicit
08-04 21:10:22.002  6975  7004 I art     : Explicit concurrent mark sweep GC freed 3(96B) AllocSpace objects, 0(0B) LOS objects, 22% free, 53MB/69MB, paused 571us total 25.084ms
08-04 21:10:22.011  6975  7004 I art     : Starting a blocking GC Explicit
08-04 21:10:22.037  6975  7004 I art     : Explicit concurrent mark sweep GC freed 3(96B) AllocSpace objects, 0(0B) LOS objects, 22% free, 53MB/69MB, paused 595us total 25.376ms
08-04 21:10:22.372  6975  6987 I art     : Starting a blocking GC Explicit
08-04 21:10:22.406  6975  6987 I art     : Explicit concurrent mark sweep GC freed 1344(78KB) AllocSpace objects, 1(20KB) LOS objects, 22% free, 53MB/69MB, paused 557us total 33.120ms
08-04 21:10:22.417  6975  6987 I art     : Starting a blocking GC Explicit
08-04 21:10:22.441  6975  6987 I art     : Explicit concurrent mark sweep GC freed 20(704B) AllocSpace objects, 0(0B) LOS objects, 22% free, 53MB/69MB, paused 543us total 23.202ms
08-04 21:10:22.450  6975  6987 I art     : Starting a blocking GC Explicit
08-04 21:10:22.472  6975  6987 I art     : Explicit concurrent mark sweep GC freed 3(96B) AllocSpace objects, 0(0B) LOS objects, 22% free, 53MB/69MB, paused 531us total 22.536ms
08-04 21:10:22.481  6975  6987 I art     : Starting a blocking GC Explicit
08-04 21:10:22.506  6975  6987 I art     : Explicit concurrent mark sweep GC freed 3(96B) AllocSpace objects, 0(0B) LOS objects, 22% free, 53MB/69MB, paused 550us total 24.416ms
08-04 21:10:22.515  6975  6987 I art     : Starting a blocking GC Explicit
08-04 21:10:22.540  6975  6987 I art     : Explicit concurrent mark sweep GC freed 3(96B) AllocSpace objects, 0(0B) LOS objects, 22% free, 53MB/69MB, paused 558us total 24.526ms
08-04 21:10:22.860  6975  6988 I art     : Starting a blocking GC Explicit
08-04 21:10:22.892  6975  6988 I art     : Explicit concurrent mark sweep GC freed 1344(78KB) AllocSpace objects, 1(20KB) LOS objects, 22% free, 53MB/69MB, paused 636us total 31.678ms
08-04 21:10:22.904  6975  6988 I art     : Starting a blocking GC Explicit
08-04 21:10:22.930  6975  6988 I art     : Explicit concurrent mark sweep GC freed 20(704B) AllocSpace objects, 0(0B) LOS objects, 22% free, 53MB/69MB, paused 563us total 25.875ms
08-04 21:10:22.940  6975  6988 I art     : Starting a blocking GC Explicit
08-04 21:10:22.966  6975  6988 I art     : Explicit concurrent mark sweep GC freed 3(96B) AllocSpace objects, 0(0B) LOS objects, 22% free, 53MB/69MB, paused 556us total 25.797ms
08-04 21:10:22.975  6975  6988 I art     : Starting a blocking GC Explicit
08-04 21:10:23.001  6975  6988 I art     : Explicit concurrent mark sweep GC freed 3(96B) AllocSpace objects, 0(0B) LOS objects, 22% free, 53MB/69MB, paused 555us total 25.751ms
08-04 21:10:23.011  6975  6988 I art     : Starting a blocking GC Explicit
08-04 21:10:23.037  6975  6988 I art     : Explicit concurrent mark sweep GC freed 3(96B) AllocSpace objects, 0(0B) LOS objects, 22% free, 53MB/69MB, paused 617us total 25.641ms
08-04 21:10:23.356  6975  7372 I art     : Starting a blocking GC Explicit
08-04 21:10:23.383  6975  7372 I art     : Explicit concurrent mark sweep GC freed 1344(78KB) AllocSpace objects, 1(20KB) LOS objects, 22% free, 53MB/69MB, paused 573us total 26.401ms
08-04 21:10:23.393  6975  7372 I art     : Starting a blocking GC Explicit
08-04 21:10:23.418  6975  7372 I art     : Explicit concurrent mark sweep GC freed 20(704B) AllocSpace objects, 0(0B) LOS objects, 22% free, 53MB/69MB, paused 562us total 25.348ms
08-04 21:10:23.427  6975  7372 I art     : Starting a blocking GC Explicit
08-04 21:10:23.453  6975  7372 I art     : Explicit concurrent mark sweep GC freed 3(96B) AllocSpace objects, 0(0B) LOS objects, 22% free, 53MB/69MB, paused 573us total 25.713ms
08-04 21:10:23.463  6975  7372 I art     : Starting a blocking GC Explicit
08-04 21:10:23.489  6975  7372 I art     : Explicit concurrent mark sweep GC freed 3(96B) AllocSpace objects, 0(0B) LOS objects, 22% free, 53MB/69MB, paused 554us total 25.823ms
08-04 21:10:23.498  6975  7372 I art     : Starting a blocking GC Explicit
08-04 21:10:23.524  6975  7372 I art     : Explicit concurrent mark sweep GC freed 3(96B) AllocSpace objects, 0(0B) LOS objects, 22% free, 53MB/69MB, paused 549us total 25.252ms
08-04 21:10:23.835  6975  7004 I art     : Starting a blocking GC Explicit
08-04 21:10:23.868  6975  7004 I art     : Explicit concurrent mark sweep GC freed 1344(78KB) AllocSpace objects, 1(20KB) LOS objects, 22% free, 53MB/69MB, paused 714us total 32.063ms
08-04 21:10:23.881  6975  7004 I art     : Starting a blocking GC Explicit
08-04 21:10:23.906  6975  7004 I art     : Explicit concurrent mark sweep GC freed 20(704B) AllocSpace objects, 0(0B) LOS objects, 22% free, 53MB/69MB, paused 538us total 23.910ms
08-04 21:10:23.915  6975  7004 I art     : Starting a blocking GC Explicit
08-04 21:10:23.939  6975  7004 I art     : Explicit concurrent mark sweep GC freed 3(96B) AllocSpace objects, 0(0B) LOS objects, 22% free, 53MB/69MB, paused 524us total 23.721ms
08-04 21:10:23.948  6975  7004 I art     : Starting a blocking GC Explicit
08-04 21:10:23.973  6975  7004 I art     : Explicit concurrent mark sweep GC freed 3(96B) AllocSpace objects, 0(0B) LOS objects, 22% free, 53MB/69MB, paused 542us total 25.010ms
08-04 21:10:23.982  6975  7004 I art     : Starting a blocking GC Explicit
08-04 21:10:24.008  6975  7004 I art     : Explicit concurrent mark sweep GC freed 3(96B) AllocSpace objects, 0(0B) LOS objects, 22% free, 53MB/69MB, paused 576us total 25.256ms
08-04 21:10:24.096   518   646 I ThermalEngine: ACTION: GPU - Setting GPU[0] to 600000000
08-04 21:10:24.344  6975  6987 I art     : Starting a blocking GC Explicit
08-04 21:10:24.378  6975  6987 I art     : Explicit concurrent mark sweep GC freed 1344(78KB) AllocSpace objects, 1(20KB) LOS objects, 22% free, 53MB/69MB, paused 490us total 34.094ms
08-04 21:10:24.390  6975  6987 I art     : Starting a blocking GC Explicit
08-04 21:10:24.410  6975  6987 I art     : Explicit concurrent mark sweep GC freed 20(704B) AllocSpace objects, 0(0B) LOS objects, 22% free, 53MB/69MB, paused 392us total 19.761ms
08-04 21:10:24.417  6975  6987 I art     : Starting a blocking GC Explicit
08-04 21:10:24.437  6975  6987 I art     : Explicit concurrent mark sweep GC freed 3(96B) AllocSpace objects, 0(0B) LOS objects, 22% free, 53MB/69MB, paused 514us total 19.363ms
08-04 21:10:24.444  6975  6987 I art     : Starting a blocking GC Explicit
08-04 21:10:24.463  6975  6987 I art     : Explicit concurrent mark sweep GC freed 3(96B) AllocSpace objects, 0(0B) LOS objects, 22% free, 53MB/69MB, paused 396us total 19.011ms
08-04 21:10:24.470  6975  6987 I art     : Starting a blocking GC Explicit
08-04 21:10:24.489  6975  6987 I art     : Explicit concurrent mark sweep GC freed 3(96B) AllocSpace objects, 0(0B) LOS objects, 22% free, 53MB/69MB, paused 384us total 18.862ms
08-04 21:10:24.773  6975  6988 I art     : Starting a blocking GC Explicit
08-04 21:10:24.794  6975  6988 I art     : Explicit concurrent mark sweep GC freed 1344(78KB) AllocSpace objects, 1(20KB) LOS objects, 22% free, 53MB/69MB, paused 438us total 20.698ms
08-04 21:10:24.797 11054 11054 D AndroidRuntime: >>>>>> START com.android.internal.os.RuntimeInit uid 2000 <<<<<<
08-04 21:10:24.801 11054 11054 D AndroidRuntime: CheckJNI is OFF
08-04 21:10:24.802  6975  6988 I art     : Starting a blocking GC Explicit
08-04 21:10:24.820  6975  6988 I art     : Explicit concurrent mark sweep GC freed 20(704B) AllocSpace objects, 0(0B) LOS objects, 22% free, 53MB/69MB, paused 404us total 18.466ms
08-04 21:10:24.827  6975  6988 I art     : Starting a blocking GC Explicit
08-04 21:10:24.828 11054 11054 D ICU     : No timezone override file found: /data/misc/zoneinfo/current/icu/icu_tzdata.dat
08-04 21:10:24.845  6975  6988 I art     : Explicit concurrent mark sweep GC freed 3(96B) AllocSpace objects, 0(0B) LOS objects, 22% free, 53MB/69MB, paused 408us total 17.782ms
08-04 21:10:24.851  6975  6988 I art     : Starting a blocking GC Explicit
08-04 21:10:24.853 11054 11054 I Radio-JNI: register_android_hardware_Radio DONE
08-04 21:10:24.869 11054 11054 D AndroidRuntime: Calling main entry com.android.commands.input.Input
08-04 21:10:24.869  6975  6988 I art     : Explicit concurrent mark sweep GC freed 3(96B) AllocSpace objects, 0(0B) LOS objects, 22% free, 53MB/69MB, paused 416us total 17.405ms
08-04 21:10:24.870 11054 11054 I Input   : injectKeyEvent: KeyEvent { action=ACTION_DOWN, keyCode=KEYCODE_BACK, scanCode=0, metaState=0, flags=0x0, repeatCount=0, eventTime=738641283, downTime=738641283, deviceId=-1, source=0x101 }
08-04 21:10:24.876  6975  6988 I art     : Starting a blocking GC Explicit
08-04 21:10:24.876 11054 11054 I Input   : injectKeyEvent: KeyEvent { action=ACTION_UP, keyCode=KEYCODE_BACK, scanCode=0, metaState=0, flags=0x0, repeatCount=0, eventTime=738641283, downTime=738641283, deviceId=-1, source=0x101 }
08-04 21:10:24.882 11054 11054 D AndroidRuntime: Shutting down VM
08-04 21:10:24.894  6975  6988 I art     : Explicit concurrent mark sweep GC freed 139(6KB) AllocSpace objects, 0(0B) LOS objects, 22% free, 53MB/69MB, paused 435us total 18.179ms
08-04 21:10:24.924 13866 13866 I GoogleInputMethodServic: GoogleInputMethodService.onFinishInput():3138 
08-04 21:10:24.925 13866 13866 I GoogleInputMethodServic: GoogleInputMethodService.onStartInput():1808 
08-04 21:10:25.138  6975  7004 I art     : Starting a blocking GC Explicit
08-04 21:10:25.158  6975  7004 I art     : Explicit concurrent mark sweep GC freed 1389(79KB) AllocSpace objects, 1(20KB) LOS objects, 22% free, 53MB/69MB, paused 417us total 20.001ms
08-04 21:10:25.165  6975  7004 I art     : Starting a blocking GC Explicit
08-04 21:10:25.184  6975  7004 I art     : Explicit concurrent mark sweep GC freed 26(944B) AllocSpace objects, 0(0B) LOS objects, 22% free, 53MB/69MB, paused 373us total 19.049ms
08-04 21:10:25.192  6975  7004 I art     : Starting a blocking GC Explicit
08-04 21:10:25.212  6975  7004 I art     : Explicit concurrent mark sweep GC freed 3(96B) AllocSpace objects, 0(0B) LOS objects, 22% free, 53MB/69MB, paused 371us total 19.107ms
08-04 21:10:25.219  6975  7004 I art     : Starting a blocking GC Explicit
08-04 21:10:25.235   380   380 W SurfaceFlinger: couldn't log to binary event log: overflow.
08-04 21:10:25.238  6975  7004 I art     : Explicit concurrent mark sweep GC freed 89(7KB) AllocSpace objects, 0(0B) LOS objects, 22% free, 53MB/69MB, paused 413us total 19.182ms
08-04 21:10:25.246  6975  7004 I art     : Starting a blocking GC Explicit
08-04 21:10:25.264  6975  7004 I art     : Explicit concurrent mark sweep GC freed 26(1232B) AllocSpace objects, 0(0B) LOS objects, 22% free, 53MB/69MB, paused 422us total 18.595ms
08-04 21:10:25.562  6975  6987 I art     : Starting a blocking GC Explicit
08-04 21:10:25.591  6975  6987 I art     : Explicit concurrent mark sweep GC freed 2893(181KB) AllocSpace objects, 3(92KB) LOS objects, 22% free, 53MB/69MB, paused 473us total 29.260ms
08-04 21:10:25.602  6975  6987 I art     : Starting a blocking GC Explicit
08-04 21:10:25.622  6975  6987 I art     : Explicit concurrent mark sweep GC freed 20(704B) AllocSpace objects, 0(0B) LOS objects, 22% free, 53MB/69MB, paused 413us total 19.791ms
08-04 21:10:25.630  6975  6987 I art     : Starting a blocking GC Explicit
08-04 21:10:25.650  6975  6987 I art     : Explicit concurrent mark sweep GC freed 3(96B) AllocSpace objects, 0(0B) LOS objects, 22% free, 53MB/69MB, paused 409us total 19.729ms
08-04 21:10:25.657  6975  6987 I art     : Starting a blocking GC Explicit
08-04 21:10:25.677  6975  6987 I art     : Explicit concurrent mark sweep GC freed 3(96B) AllocSpace objects, 0(0B) LOS objects, 22% free, 53MB/69MB, paused 470us total 19.722ms
08-04 21:10:25.684  6975  6987 I art     : Starting a blocking GC Explicit
08-04 21:10:25.704  6975  6987 I art     : Explicit concurrent mark sweep GC freed 3(96B) AllocSpace objects, 0(0B) LOS objects, 22% free, 53MB/69MB, paused 409us total 19.752ms
08-04 21:10:25.999  6975  7372 I art     : Starting a blocking GC Explicit
08-04 21:10:26.026  6975  7372 I art     : Explicit concurrent mark sweep GC freed 1344(78KB) AllocSpace objects, 1(20KB) LOS objects, 22% free, 53MB/69MB, paused 458us total 26.719ms
08-04 21:10:26.034  6975  7372 I art     : Starting a blocking GC Explicit
08-04 21:10:26.054  6975  7372 I art     : Explicit concurrent mark sweep GC freed 20(704B) AllocSpace objects, 0(0B) LOS objects, 22% free, 53MB/69MB, paused 398us total 19.776ms
08-04 21:10:26.061  6975  7372 I art     : Starting a blocking GC Explicit
08-04 21:10:26.080  6975  7372 I art     : Explicit concurrent mark sweep GC freed 3(96B) AllocSpace objects, 0(0B) LOS objects, 22% free, 53MB/69MB, paused 403us total 19.103ms
08-04 21:10:26.087  6975  7372 I art     : Starting a blocking GC Explicit
08-04 21:10:26.106  6975  7372 I art     : Explicit concurrent mark sweep GC freed 3(96B) AllocSpace objects, 0(0B) LOS objects, 22% free, 53MB/69MB, paused 392us total 18.442ms
08-04 21:10:26.113  6975  7372 I art     : Starting a blocking GC Explicit
08-04 21:10:26.132  6975  7372 I art     : Explicit concurrent mark sweep GC freed 3(96B) AllocSpace objects, 0(0B) LOS objects, 22% free, 53MB/69MB, paused 378us total 18.720ms
08-04 21:10:26.398  6975  6988 I art     : Starting a blocking GC Explicit
08-04 21:10:26.419  6975  6988 I art     : Explicit concurrent mark sweep GC freed 1344(78KB) AllocSpace objects, 1(20KB) LOS objects, 22% free, 53MB/69MB, paused 431us total 19.943ms
08-04 21:10:26.427  6975  6988 I art     : Starting a blocking GC Explicit
08-04 21:10:26.430 11108 11108 D AndroidRuntime: >>>>>> START com.android.internal.os.RuntimeInit uid 2000 <<<<<<
08-04 21:10:26.434 11108 11108 D AndroidRuntime: CheckJNI is OFF
08-04 21:10:26.446  6975  6988 I art     : Explicit concurrent mark sweep GC freed 20(704B) AllocSpace objects, 0(0B) LOS objects, 22% free, 53MB/69MB, paused 419us total 18.745ms
08-04 21:10:26.453  6975  6988 I art     : Starting a blocking GC Explicit
08-04 21:10:26.464 11108 11108 D ICU     : No timezone override file found: /data/misc/zoneinfo/current/icu/icu_tzdata.dat
08-04 21:10:26.471  6975  6988 I art     : Explicit concurrent mark sweep GC freed 3(96B) AllocSpace objects, 0(0B) LOS objects, 22% free, 53MB/69MB, paused 447us total 18.060ms
08-04 21:10:26.478  6975  6988 I art     : Starting a blocking GC Explicit
08-04 21:10:26.489 11108 11108 I Radio-JNI: register_android_hardware_Radio DONE
08-04 21:10:26.495  6975  6988 I art     : Explicit concurrent mark sweep GC freed 3(96B) AllocSpace objects, 0(0B) LOS objects, 22% free, 53MB/69MB, paused 421us total 17.114ms
08-04 21:10:26.501  6975  6988 I art     : Starting a blocking GC Explicit
08-04 21:10:26.505 11108 11108 D AndroidRuntime: Calling main entry com.android.commands.input.Input
08-04 21:10:26.506 11108 11108 I Input   : injectKeyEvent: KeyEvent { action=ACTION_DOWN, keyCode=KEYCODE_BACK, scanCode=0, metaState=0, flags=0x0, repeatCount=0, eventTime=738642919, downTime=738642919, deviceId=-1, source=0x101 }
08-04 21:10:26.511 11108 11108 I Input   : injectKeyEvent: KeyEvent { action=ACTION_UP, keyCode=KEYCODE_BACK, scanCode=0, metaState=0, flags=0x0, repeatCount=0, eventTime=738642919, downTime=738642919, deviceId=-1, source=0x101 }
08-04 21:10:26.515 11108 11108 D AndroidRuntime: Shutting down VM
08-04 21:10:26.519  6975  6988 I art     : Explicit concurrent mark sweep GC freed 26(896B) AllocSpace objects, 0(0B) LOS objects, 22% free, 53MB/69MB, paused 506us total 17.437ms
08-04 21:10:26.545 13866 13866 I GoogleInputMethodServic: GoogleInputMethodService.onFinishInput():3138 
08-04 21:10:26.546 13866 13866 I GoogleInputMethodServic: GoogleInputMethodService.onStartInput():1808 
08-04 21:10:26.788  6975  6987 I art     : Starting a blocking GC Explicit
08-04 21:10:26.816  6975  6987 I art     : Explicit concurrent mark sweep GC freed 1530(86KB) AllocSpace objects, 1(20KB) LOS objects, 22% free, 53MB/69MB, paused 431us total 27.822ms
08-04 21:10:26.824  6975  6987 I art     : Starting a blocking GC Explicit
08-04 21:10:26.844  6975  6987 I art     : Explicit concurrent mark sweep GC freed 546(27KB) AllocSpace objects, 0(0B) LOS objects, 22% free, 53MB/69MB, paused 419us total 19.670ms
08-04 21:10:26.852  6975  6987 I art     : Starting a blocking GC Explicit
08-04 21:10:26.870  6975  6987 I art     : Explicit concurrent mark sweep GC freed 1114(49KB) AllocSpace objects, 0(0B) LOS objects, 22% free, 53MB/69MB, paused 424us total 17.651ms
08-04 21:10:26.877  6975  6987 I art     : Starting a blocking GC Explicit
08-04 21:10:26.894  6975  6987 I art     : Explicit concurrent mark sweep GC freed 2832(180KB) AllocSpace objects, 2(140KB) LOS objects, 23% free, 53MB/69MB, paused 413us total 17.235ms
08-04 21:10:26.901  6975  6987 I art     : Starting a blocking GC Explicit
08-04 21:10:26.918  6975  6987 I art     : Explicit concurrent mark sweep GC freed 3(96B) AllocSpace objects, 0(0B) LOS objects, 23% free, 53MB/69MB, paused 417us total 17.079ms
08-04 21:10:27.221  6975  7004 I art     : Starting a blocking GC Explicit
08-04 21:10:27.252  6975  7004 I art     : Explicit concurrent mark sweep GC freed 1344(78KB) AllocSpace objects, 1(20KB) LOS objects, 23% free, 53MB/69MB, paused 522us total 30.848ms
08-04 21:10:27.262  6975  7004 I art     : Starting a blocking GC Explicit
08-04 21:10:27.282  6975  7004 I art     : Explicit concurrent mark sweep GC freed 20(704B) AllocSpace objects, 0(0B) LOS objects, 23% free, 53MB/69MB, paused 415us total 19.057ms
08-04 21:10:27.289  6975  7004 I art     : Starting a blocking GC Explicit
08-04 21:10:27.307  6975  7004 I art     : Explicit concurrent mark sweep GC freed 3(96B) AllocSpace objects, 0(0B) LOS objects, 23% free, 53MB/69MB, paused 461us total 17.818ms
08-04 21:10:27.314  6975  7004 I art     : Starting a blocking GC Explicit
08-04 21:10:27.332  6975  7004 I art     : Explicit concurrent mark sweep GC freed 3(96B) AllocSpace objects, 0(0B) LOS objects, 23% free, 53MB/69MB, paused 403us total 17.964ms
08-04 21:10:27.339  6975  7004 I art     : Starting a blocking GC Explicit
08-04 21:10:27.357  6975  7004 I art     : Explicit concurrent mark sweep GC freed 3(96B) AllocSpace objects, 0(0B) LOS objects, 23% free, 53MB/69MB, paused 441us total 17.622ms
08-04 21:10:27.644  6975  6988 I art     : Starting a blocking GC Explicit
08-04 21:10:27.667  6975  6988 I art     : Explicit concurrent mark sweep GC freed 1341(78KB) AllocSpace objects, 1(20KB) LOS objects, 23% free, 53MB/69MB, paused 493us total 23.125ms
08-04 21:10:27.679  6975  6988 I art     : Starting a blocking GC Explicit
08-04 21:10:27.697  6975  6988 I art     : Explicit concurrent mark sweep GC freed 20(704B) AllocSpace objects, 0(0B) LOS objects, 23% free, 53MB/69MB, paused 447us total 18.564ms
08-04 21:10:27.705  6975  6988 I art     : Starting a blocking GC Explicit
08-04 21:10:27.724  6975  6988 I art     : Explicit concurrent mark sweep GC freed 3(96B) AllocSpace objects, 0(0B) LOS objects, 23% free, 53MB/69MB, paused 412us total 18.654ms
08-04 21:10:27.731  6975  6988 I art     : Starting a blocking GC Explicit
08-04 21:10:27.748  6975  6988 I art     : Explicit concurrent mark sweep GC freed 3(96B) AllocSpace objects, 0(0B) LOS objects, 23% free, 53MB/69MB, paused 374us total 17.183ms
08-04 21:10:27.755  6975  6988 I art     : Starting a blocking GC Explicit
08-04 21:10:27.772  6975  6988 I art     : Explicit concurrent mark sweep GC freed 3(96B) AllocSpace objects, 0(0B) LOS objects, 23% free, 53MB/69MB, paused 371us total 16.981ms
08-04 21:10:28.036  6975  7372 I art     : Starting a blocking GC Explicit
08-04 21:10:28.054  6975  7372 I art     : Explicit concurrent mark sweep GC freed 1341(78KB) AllocSpace objects, 1(20KB) LOS objects, 23% free, 53MB/69MB, paused 435us total 18.518ms
08-04 21:10:28.062  6975  7372 I art     : Starting a blocking GC Explicit
08-04 21:10:28.068 11162 11162 D AndroidRuntime: >>>>>> START com.android.internal.os.RuntimeInit uid 2000 <<<<<<
08-04 21:10:28.072 11162 11162 D AndroidRuntime: CheckJNI is OFF
08-04 21:10:28.080  6975  7372 I art     : Explicit concurrent mark sweep GC freed 20(704B) AllocSpace objects, 0(0B) LOS objects, 23% free, 53MB/69MB, paused 417us total 17.625ms
08-04 21:10:28.087  6975  7372 I art     : Starting a blocking GC Explicit
08-04 21:10:28.101 11162 11162 D ICU     : No timezone override file found: /data/misc/zoneinfo/current/icu/icu_tzdata.dat
08-04 21:10:28.103   518   646 I ThermalEngine: ACTION: GPU - Setting GPU[0] to 510000000
08-04 21:10:28.106  6975  7372 I art     : Explicit concurrent mark sweep GC freed 3(96B) AllocSpace objects, 0(0B) LOS objects, 23% free, 53MB/69MB, paused 1.781ms total 18.475ms
08-04 21:10:28.115  6975  7372 I art     : Starting a blocking GC Explicit
08-04 21:10:28.136 11162 11162 I Radio-JNI: register_android_hardware_Radio DONE
08-04 21:10:28.136  6975  7372 I art     : Explicit concurrent mark sweep GC freed 3(96B) AllocSpace objects, 0(0B) LOS objects, 23% free, 53MB/69MB, paused 599us total 21.390ms
08-04 21:10:28.145  6975  7372 I art     : Starting a blocking GC Explicit
08-04 21:10:28.160 11162 11162 D AndroidRuntime: Calling main entry com.android.commands.input.Input
08-04 21:10:28.161 11162 11162 I Input   : injectMotionEvent: MotionEvent { action=ACTION_DOWN, actionButton=0, id[0]=0, x[0]=1084.0, y[0]=2213.0, toolType[0]=TOOL_TYPE_UNKNOWN, buttonState=0, metaState=0, flags=0x0, edgeFlags=0x0, pointerCount=1, historySize=0, eventTime=738644574, downTime=738644574, deviceId=0, source=0x1002 }
08-04 21:10:28.166 11162 11162 I Input   : injectMotionEvent: MotionEvent { action=ACTION_UP, actionButton=0, id[0]=0, x[0]=1084.0, y[0]=2213.0, toolType[0]=TOOL_TYPE_UNKNOWN, buttonState=0, metaState=0, flags=0x0, edgeFlags=0x0, pointerCount=1, historySize=0, eventTime=738644574, downTime=738644574, deviceId=0, source=0x1002 }
08-04 21:10:28.166  6975  7372 I art     : Explicit concurrent mark sweep GC freed 4(128B) AllocSpace objects, 0(0B) LOS objects, 23% free, 53MB/69MB, paused 515us total 21.343ms
08-04 21:10:28.167   918  4400 I ActivityManager: START u0 {cmp=baseline.appteam.nith.hillffair/.activities.EventActivity} from uid 10651 on display 0
08-04 21:10:28.176 11162 11162 D AndroidRuntime: Shutting down VM
08-04 21:10:28.249  6975  6975 I NAPPA_EXPERIMENTATION: MetricNetworkRequestExecutionTime: REQUEST_DURATION_SYSTEM='50',REQUEST_DURATION_OKHTTP='31',REQUEST_SYNCHRONOUS='FALSE',RESPONSE_CODE='200',RESPONSE_METHOD='GET',RESPONSE_LENGTH_OKHTTP='1870',RESPONSE_LENGTH_HEADER='-2',REQUEST_PROTOCOL='http/1.1',REQUEST_URL='https://api-hillfair-2k16.herokuapp.com/api/app/club',
08-04 21:10:28.250 13866 13866 I GoogleInputMethodServic: GoogleInputMethodService.onFinishInput():3138 
08-04 21:10:28.251 13866 13866 I GoogleInputMethodServic: GoogleInputMethodService.onStartInput():1808 
08-04 21:10:28.298   918   936 I ActivityManager: Displayed baseline.appteam.nith.hillffair/.activities.EventActivity: +122ms
08-04 21:10:28.420  6975  6987 I art     : Starting a blocking GC Explicit
08-04 21:10:28.443  6975  6987 I art     : Explicit concurrent mark sweep GC freed 7556(495KB) AllocSpace objects, 1(20KB) LOS objects, 22% free, 53MB/69MB, paused 495us total 22.578ms
08-04 21:10:28.452  6975  6987 I art     : Starting a blocking GC Explicit
08-04 21:10:28.472  6975  6987 I art     : Explicit concurrent mark sweep GC freed 362(15KB) AllocSpace objects, 0(0B) LOS objects, 22% free, 53MB/69MB, paused 497us total 20.207ms
08-04 21:10:28.481  6975  6987 I art     : Starting a blocking GC Explicit
08-04 21:10:28.501  6975  6987 I art     : Explicit concurrent mark sweep GC freed 3(96B) AllocSpace objects, 0(0B) LOS objects, 22% free, 53MB/69MB, paused 488us total 19.862ms
08-04 21:10:28.509  6975  6987 I art     : Starting a blocking GC Explicit
08-04 21:10:28.531  6975  6987 I art     : Explicit concurrent mark sweep GC freed 3(96B) AllocSpace objects, 0(0B) LOS objects, 22% free, 53MB/69MB, paused 500us total 21.346ms
08-04 21:10:28.540  6975  6987 I art     : Starting a blocking GC Explicit
08-04 21:10:28.540   380   380 W SurfaceFlinger: couldn't log to binary event log: overflow.
08-04 21:10:28.560  6975  6987 I art     : Explicit concurrent mark sweep GC freed 3(96B) AllocSpace objects, 0(0B) LOS objects, 22% free, 53MB/69MB, paused 532us total 20.249ms
08-04 21:10:28.855  6975  6987 I art     : Starting a blocking GC Explicit
08-04 21:10:28.881  6975  6987 I art     : Explicit concurrent mark sweep GC freed 1414(83KB) AllocSpace objects, 1(20KB) LOS objects, 22% free, 53MB/69MB, paused 566us total 25.298ms
08-04 21:10:28.890  6975  6987 I art     : Starting a blocking GC Explicit
08-04 21:10:28.914  6975  6987 I art     : Explicit concurrent mark sweep GC freed 20(704B) AllocSpace objects, 0(0B) LOS objects, 22% free, 53MB/69MB, paused 598us total 23.898ms
08-04 21:10:28.923  6975  6987 I art     : Starting a blocking GC Explicit
08-04 21:10:28.947  6975  6987 I art     : Explicit concurrent mark sweep GC freed 3(96B) AllocSpace objects, 0(0B) LOS objects, 22% free, 53MB/69MB, paused 602us total 23.246ms
08-04 21:10:28.956  6975  6987 I art     : Starting a blocking GC Explicit
08-04 21:10:28.981  6975  6987 I art     : Explicit concurrent mark sweep GC freed 3(96B) AllocSpace objects, 0(0B) LOS objects, 22% free, 53MB/69MB, paused 557us total 24.545ms
08-04 21:10:28.990  6975  6987 I art     : Starting a blocking GC Explicit
08-04 21:10:29.014  6975  6987 I art     : Explicit concurrent mark sweep GC freed 3(96B) AllocSpace objects, 0(0B) LOS objects, 22% free, 53MB/69MB, paused 612us total 23.853ms
08-04 21:10:29.296  6975  6988 I art     : Starting a blocking GC Explicit
08-04 21:10:29.327  6975  6988 I art     : Explicit concurrent mark sweep GC freed 1344(78KB) AllocSpace objects, 1(20KB) LOS objects, 22% free, 53MB/69MB, paused 558us total 30.750ms
08-04 21:10:29.340  6975  6988 I art     : Starting a blocking GC Explicit
08-04 21:10:29.364  6975  6988 I art     : Explicit concurrent mark sweep GC freed 20(704B) AllocSpace objects, 0(0B) LOS objects, 22% free, 53MB/69MB, paused 530us total 23.957ms
08-04 21:10:29.374  6975  6988 I art     : Starting a blocking GC Explicit
08-04 21:10:29.398  6975  6988 I art     : Explicit concurrent mark sweep GC freed 3(96B) AllocSpace objects, 0(0B) LOS objects, 22% free, 53MB/69MB, paused 567us total 24.032ms
08-04 21:10:29.407  6975  6988 I art     : Starting a blocking GC Explicit
08-04 21:10:29.431  6975  6988 I art     : Explicit concurrent mark sweep GC freed 3(96B) AllocSpace objects, 0(0B) LOS objects, 22% free, 53MB/69MB, paused 550us total 23.885ms
08-04 21:10:29.441  6975  6988 I art     : Starting a blocking GC Explicit
08-04 21:10:29.465  6975  6988 I art     : Explicit concurrent mark sweep GC freed 3(96B) AllocSpace objects, 0(0B) LOS objects, 22% free, 53MB/69MB, paused 564us total 24.489ms
08-04 21:10:29.762  6975  7372 I art     : Starting a blocking GC Explicit
08-04 21:10:29.793  6975  7372 I art     : Explicit concurrent mark sweep GC freed 1344(78KB) AllocSpace objects, 1(20KB) LOS objects, 22% free, 53MB/69MB, paused 611us total 30.544ms
08-04 21:10:29.805  6975  7372 I art     : Starting a blocking GC Explicit
08-04 21:10:29.830  6975  7372 I art     : Explicit concurrent mark sweep GC freed 20(704B) AllocSpace objects, 0(0B) LOS objects, 22% free, 53MB/69MB, paused 556us total 24.673ms
08-04 21:10:29.839  6975  7372 I art     : Starting a blocking GC Explicit
08-04 21:10:29.864  6975  7372 I art     : Explicit concurrent mark sweep GC freed 3(96B) AllocSpace objects, 0(0B) LOS objects, 22% free, 53MB/69MB, paused 544us total 24.623ms
08-04 21:10:29.873  6975  7372 I art     : Starting a blocking GC Explicit
08-04 21:10:29.898  6975  7372 I art     : Explicit concurrent mark sweep GC freed 3(96B) AllocSpace objects, 0(0B) LOS objects, 22% free, 53MB/69MB, paused 571us total 24.642ms
08-04 21:10:29.908  6975  7372 I art     : Starting a blocking GC Explicit
08-04 21:10:29.932  6975  7372 I art     : Explicit concurrent mark sweep GC freed 3(96B) AllocSpace objects, 0(0B) LOS objects, 22% free, 53MB/69MB, paused 528us total 24.427ms
08-04 21:10:30.251  6975  7004 I art     : Starting a blocking GC Explicit
08-04 21:10:30.281  6975  7004 I art     : Explicit concurrent mark sweep GC freed 1344(78KB) AllocSpace objects, 1(20KB) LOS objects, 22% free, 53MB/69MB, paused 604us total 30.135ms
08-04 21:10:30.293  6975  7004 I art     : Starting a blocking GC Explicit
08-04 21:10:30.318  6975  7004 I art     : Explicit concurrent mark sweep GC freed 20(704B) AllocSpace objects, 0(0B) LOS objects, 22% free, 53MB/69MB, paused 561us total 24.506ms
08-04 21:10:30.327  6975  7004 I art     : Starting a blocking GC Explicit
08-04 21:10:30.352  6975  7004 I art     : Explicit concurrent mark sweep GC freed 3(96B) AllocSpace objects, 0(0B) LOS objects, 22% free, 53MB/69MB, paused 526us total 24.147ms
08-04 21:10:30.361  6975  7004 I art     : Starting a blocking GC Explicit
08-04 21:10:30.386  6975  7004 I art     : Explicit concurrent mark sweep GC freed 3(96B) AllocSpace objects, 0(0B) LOS objects, 22% free, 53MB/69MB, paused 558us total 24.533ms
08-04 21:10:30.395  6975  7004 I art     : Starting a blocking GC Explicit
08-04 21:10:30.420  6975  7004 I art     : Explicit concurrent mark sweep GC freed 3(96B) AllocSpace objects, 0(0B) LOS objects, 22% free, 53MB/69MB, paused 597us total 24.586ms
08-04 21:10:30.712  6975  6987 I art     : Starting a blocking GC Explicit
08-04 21:10:30.740  6975  6987 I art     : Explicit concurrent mark sweep GC freed 1344(78KB) AllocSpace objects, 1(20KB) LOS objects, 22% free, 53MB/69MB, paused 625us total 27.430ms
08-04 21:10:30.753  6975  6987 I art     : Starting a blocking GC Explicit
08-04 21:10:30.778  6975  6987 I art     : Explicit concurrent mark sweep GC freed 20(704B) AllocSpace objects, 0(0B) LOS objects, 22% free, 53MB/69MB, paused 568us total 24.572ms
08-04 21:10:30.787  6975  6987 I art     : Starting a blocking GC Explicit
08-04 21:10:30.812  6975  6987 I art     : Explicit concurrent mark sweep GC freed 3(96B) AllocSpace objects, 0(0B) LOS objects, 22% free, 53MB/69MB, paused 555us total 24.270ms
08-04 21:10:30.821  6975  6987 I art     : Starting a blocking GC Explicit
08-04 21:10:30.846  6975  6987 I art     : Explicit concurrent mark sweep GC freed 3(96B) AllocSpace objects, 0(0B) LOS objects, 22% free, 53MB/69MB, paused 544us total 24.433ms
08-04 21:10:30.855  6975  6987 I art     : Starting a blocking GC Explicit
08-04 21:10:30.879  6975  6987 I art     : Explicit concurrent mark sweep GC freed 3(96B) AllocSpace objects, 0(0B) LOS objects, 22% free, 53MB/69MB, paused 565us total 23.798ms
08-04 21:10:31.192  6975  6988 I art     : Starting a blocking GC Explicit
08-04 21:10:31.226  6975  6988 I art     : Explicit concurrent mark sweep GC freed 1344(78KB) AllocSpace objects, 1(20KB) LOS objects, 22% free, 53MB/69MB, paused 733us total 33.240ms
08-04 21:10:31.239  6975  6988 I art     : Starting a blocking GC Explicit
08-04 21:10:31.262  6975  6988 I art     : Explicit concurrent mark sweep GC freed 20(704B) AllocSpace objects, 0(0B) LOS objects, 22% free, 53MB/69MB, paused 549us total 23.228ms
08-04 21:10:31.271  6975  6988 I art     : Starting a blocking GC Explicit
08-04 21:10:31.295  6975  6988 I art     : Explicit concurrent mark sweep GC freed 3(96B) AllocSpace objects, 0(0B) LOS objects, 22% free, 53MB/69MB, paused 544us total 23.974ms
08-04 21:10:31.304  6975  6988 I art     : Starting a blocking GC Explicit
08-04 21:10:31.328  6975  6988 I art     : Explicit concurrent mark sweep GC freed 3(96B) AllocSpace objects, 0(0B) LOS objects, 22% free, 53MB/69MB, paused 533us total 23.808ms
08-04 21:10:31.338  6975  6988 I art     : Starting a blocking GC Explicit
08-04 21:10:31.361  6975  6988 I art     : Explicit concurrent mark sweep GC freed 3(96B) AllocSpace objects, 0(0B) LOS objects, 22% free, 53MB/69MB, paused 527us total 23.328ms
08-04 21:10:31.677  6975  7372 I art     : Starting a blocking GC Explicit
08-04 21:10:31.711  6975  7372 I art     : Explicit concurrent mark sweep GC freed 1344(78KB) AllocSpace objects, 1(20KB) LOS objects, 22% free, 53MB/69MB, paused 579us total 33.261ms
08-04 21:10:31.723  6975  7372 I art     : Starting a blocking GC Explicit
08-04 21:10:31.748  6975  7372 I art     : Explicit concurrent mark sweep GC freed 20(704B) AllocSpace objects, 0(0B) LOS objects, 22% free, 53MB/69MB, paused 578us total 24.029ms
08-04 21:10:31.757  6975  7372 I art     : Starting a blocking GC Explicit
08-04 21:10:31.781  6975  7372 I art     : Explicit concurrent mark sweep GC freed 3(96B) AllocSpace objects, 0(0B) LOS objects, 22% free, 53MB/69MB, paused 569us total 24.038ms
08-04 21:10:31.790  6975  7372 I art     : Starting a blocking GC Explicit
08-04 21:10:31.814  6975  7372 I art     : Explicit concurrent mark sweep GC freed 3(96B) AllocSpace objects, 0(0B) LOS objects, 22% free, 53MB/69MB, paused 555us total 24.008ms
08-04 21:10:31.824  6975  7372 I art     : Starting a blocking GC Explicit
08-04 21:10:31.848  6975  7372 I art     : Explicit concurrent mark sweep GC freed 3(96B) AllocSpace objects, 0(0B) LOS objects, 22% free, 53MB/69MB, paused 558us total 23.906ms
08-04 21:10:32.152  6975  7372 I art     : Starting a blocking GC Explicit
08-04 21:10:32.177  6975  7372 I art     : Explicit concurrent mark sweep GC freed 1344(78KB) AllocSpace objects, 1(20KB) LOS objects, 22% free, 53MB/69MB, paused 553us total 24.040ms
08-04 21:10:32.186  6975  7372 I art     : Starting a blocking GC Explicit
08-04 21:10:32.210  6975  7372 I art     : Explicit concurrent mark sweep GC freed 29(1040B) AllocSpace objects, 0(0B) LOS objects, 22% free, 53MB/69MB, paused 517us total 23.760ms
08-04 21:10:32.219  6975  7372 I art     : Starting a blocking GC Explicit
08-04 21:10:32.243  6975  7372 I art     : Explicit concurrent mark sweep GC freed 3(96B) AllocSpace objects, 0(0B) LOS objects, 22% free, 53MB/69MB, paused 562us total 24.123ms
08-04 21:10:32.253  6975  7372 I art     : Starting a blocking GC Explicit
08-04 21:10:32.276  6975  7372 I art     : Explicit concurrent mark sweep GC freed 3(96B) AllocSpace objects, 0(0B) LOS objects, 22% free, 53MB/69MB, paused 560us total 23.698ms
08-04 21:10:32.286  6975  7372 I art     : Starting a blocking GC Explicit
08-04 21:10:32.310  6975  7372 I art     : Explicit concurrent mark sweep GC freed 3(96B) AllocSpace objects, 0(0B) LOS objects, 22% free, 53MB/69MB, paused 560us total 24.553ms
08-04 21:10:32.569  6975  7004 I art     : Starting a blocking GC Explicit
08-04 21:10:32.592  6975  7004 I art     : Explicit concurrent mark sweep GC freed 1344(78KB) AllocSpace objects, 1(20KB) LOS objects, 22% free, 53MB/69MB, paused 639us total 23.021ms
08-04 21:10:32.601  6975  7004 I art     : Starting a blocking GC Explicit
08-04 21:10:32.625  6975  7004 I art     : Explicit concurrent mark sweep GC freed 20(704B) AllocSpace objects, 0(0B) LOS objects, 22% free, 53MB/69MB, paused 566us total 23.189ms
08-04 21:10:32.634  6975  7004 I art     : Starting a blocking GC Explicit
08-04 21:10:32.657  6975  7004 I art     : Explicit concurrent mark sweep GC freed 3(96B) AllocSpace objects, 0(0B) LOS objects, 22% free, 53MB/69MB, paused 612us total 23.299ms
08-04 21:10:32.666  6975  7004 I art     : Starting a blocking GC Explicit
08-04 21:10:32.688  6975  7004 I art     : Explicit concurrent mark sweep GC freed 3(96B) AllocSpace objects, 0(0B) LOS objects, 22% free, 53MB/69MB, paused 553us total 22.406ms
08-04 21:10:32.689  6975  6985 I art     : WaitForGcToComplete blocked for 21.160ms for cause HeapTrim
08-04 21:10:32.698  6975  7004 I art     : Starting a blocking GC Explicit
08-04 21:10:32.721  6975  7004 I art     : Explicit concurrent mark sweep GC freed 3(96B) AllocSpace objects, 0(0B) LOS objects, 22% free, 53MB/69MB, paused 562us total 23.542ms
08-04 21:10:32.875 11276 11276 D AndroidRuntime: >>>>>> START com.android.internal.os.RuntimeInit uid 2000 <<<<<<
08-04 21:10:32.880 11276 11276 D AndroidRuntime: CheckJNI is OFF
08-04 21:10:32.913 11276 11276 D ICU     : No timezone override file found: /data/misc/zoneinfo/current/icu/icu_tzdata.dat
08-04 21:10:32.946 11276 11276 I Radio-JNI: register_android_hardware_Radio DONE
08-04 21:10:32.968 11276 11276 D AndroidRuntime: Calling main entry com.android.commands.input.Input
08-04 21:10:32.969 11276 11276 I Input   : injectMotionEvent: MotionEvent { action=ACTION_DOWN, actionButton=0, id[0]=0, x[0]=255.0, y[0]=1845.0, toolType[0]=TOOL_TYPE_UNKNOWN, buttonState=0, metaState=0, flags=0x0, edgeFlags=0x0, pointerCount=1, historySize=0, eventTime=738649382, downTime=738649382, deviceId=0, source=0x1002 }
08-04 21:10:32.974 11276 11276 I Input   : injectMotionEvent: MotionEvent { action=ACTION_UP, actionButton=0, id[0]=0, x[0]=255.0, y[0]=1845.0, toolType[0]=TOOL_TYPE_UNKNOWN, buttonState=0, metaState=0, flags=0x0, edgeFlags=0x0, pointerCount=1, historySize=0, eventTime=738649382, downTime=738649382, deviceId=0, source=0x1002 }
08-04 21:10:32.975   918   929 I ActivityManager: START u0 {cmp=baseline.appteam.nith.hillffair/.activities.ClubActivity (has extras)} from uid 10651 on display 0
08-04 21:10:32.983 11276 11276 D AndroidRuntime: Shutting down VM
08-04 21:10:33.011  6975  7004 I art     : Starting a blocking GC Explicit
08-04 21:10:33.037  6975  7004 I art     : Explicit concurrent mark sweep GC freed 5037(365KB) AllocSpace objects, 1(20KB) LOS objects, 22% free, 53MB/69MB, paused 614us total 25.510ms
08-04 21:10:33.045  6975  7004 I art     : Starting a blocking GC Explicit
08-04 21:10:33.057  6975  6975 I NAPPA_EXPERIMENTATION: MetricNetworkRequestExecutionTime: REQUEST_DURATION_SYSTEM='47',REQUEST_DURATION_OKHTTP='31',REQUEST_SYNCHRONOUS='FALSE',RESPONSE_CODE='200',RESPONSE_METHOD='GET',RESPONSE_LENGTH_OKHTTP='1171',RESPONSE_LENGTH_HEADER='-2',REQUEST_PROTOCOL='http/1.1',REQUEST_URL='https://api-hillfair-2k16.herokuapp.com/api/app/club/Technical%20Committee',
08-04 21:10:33.069  6975  7004 I art     : Explicit concurrent mark sweep GC freed 821(56KB) AllocSpace objects, 0(0B) LOS objects, 22% free, 53MB/69MB, paused 776us total 23.504ms
08-04 21:10:33.072   918   936 I ActivityManager: Displayed baseline.appteam.nith.hillffair/.activities.ClubActivity: +90ms
08-04 21:10:33.076 13866 13866 I GoogleInputMethodServic: GoogleInputMethodService.onFinishInput():3138 
08-04 21:10:33.076 13866 13866 I GoogleInputMethodServic: GoogleInputMethodService.onStartInput():1808 
08-04 21:10:33.078  6975  7004 I art     : Starting a blocking GC Explicit
08-04 21:10:33.103  6975  7004 I art     : Explicit concurrent mark sweep GC freed 85(3KB) AllocSpace objects, 0(0B) LOS objects, 22% free, 53MB/69MB, paused 599us total 25.374ms
08-04 21:10:33.112   518   646 I ThermalEngine: ACTION: GPU - Setting GPU[0] to 600000000
08-04 21:10:33.113  6975  7004 I art     : Starting a blocking GC Explicit
08-04 21:10:33.133  6975  7004 I art     : Explicit concurrent mark sweep GC freed 10(416B) AllocSpace objects, 0(0B) LOS objects, 22% free, 53MB/69MB, paused 553us total 20.471ms
08-04 21:10:33.141  6975  7004 I art     : Starting a blocking GC Explicit
08-04 21:10:33.162  6975  7004 I art     : Explicit concurrent mark sweep GC freed 3(96B) AllocSpace objects, 0(0B) LOS objects, 22% free, 53MB/69MB, paused 461us total 20.323ms
08-04 21:10:33.344   380   380 W SurfaceFlinger: couldn't log to binary event log: overflow.
08-04 21:10:33.421  6975  6988 I art     : Starting a blocking GC Explicit
08-04 21:10:33.440  6975  6988 I art     : Explicit concurrent mark sweep GC freed 1344(78KB) AllocSpace objects, 1(20KB) LOS objects, 22% free, 53MB/69MB, paused 410us total 19.269ms
08-04 21:10:33.448  6975  6988 I art     : Starting a blocking GC Explicit
08-04 21:10:33.470  6975  6988 I art     : Explicit concurrent mark sweep GC freed 110(5KB) AllocSpace objects, 0(0B) LOS objects, 22% free, 53MB/69MB, paused 399us total 21.482ms
08-04 21:10:33.477  6975  6988 I art     : Starting a blocking GC Explicit
08-04 21:10:33.494  6975  6988 I art     : Explicit concurrent mark sweep GC freed 18(1072B) AllocSpace objects, 0(0B) LOS objects, 22% free, 53MB/69MB, paused 440us total 17.368ms
08-04 21:10:33.501  6975  6988 I art     : Starting a blocking GC Explicit
08-04 21:10:33.518  6975  6988 I art     : Explicit concurrent mark sweep GC freed 19(656B) AllocSpace objects, 0(0B) LOS objects, 22% free, 53MB/69MB, paused 365us total 17.020ms
08-04 21:10:33.525  6975  6988 I art     : Starting a blocking GC Explicit
08-04 21:10:33.542  6975  6988 I art     : Explicit concurrent mark sweep GC freed 3(96B) AllocSpace objects, 0(0B) LOS objects, 22% free, 53MB/69MB, paused 394us total 16.513ms
08-04 21:10:33.833  6975  6987 I art     : Starting a blocking GC Explicit
08-04 21:10:33.861  6975  6987 I art     : Explicit concurrent mark sweep GC freed 1344(78KB) AllocSpace objects, 1(20KB) LOS objects, 22% free, 53MB/69MB, paused 472us total 27.324ms
08-04 21:10:33.871  6975  6987 I art     : Starting a blocking GC Explicit
08-04 21:10:33.891  6975  6987 I art     : Explicit concurrent mark sweep GC freed 20(704B) AllocSpace objects, 0(0B) LOS objects, 22% free, 53MB/69MB, paused 421us total 20.276ms
08-04 21:10:33.899  6975  6987 I art     : Starting a blocking GC Explicit
08-04 21:10:33.919  6975  6987 I art     : Explicit concurrent mark sweep GC freed 3(96B) AllocSpace objects, 0(0B) LOS objects, 22% free, 53MB/69MB, paused 412us total 19.440ms
08-04 21:10:33.926  6975  6987 I art     : Starting a blocking GC Explicit
08-04 21:10:33.945  6975  6987 I art     : Explicit concurrent mark sweep GC freed 3(96B) AllocSpace objects, 0(0B) LOS objects, 22% free, 53MB/69MB, paused 420us total 19.170ms
08-04 21:10:33.952  6975  6987 I art     : Starting a blocking GC Explicit
08-04 21:10:33.972  6975  6987 I art     : Explicit concurrent mark sweep GC freed 3(96B) AllocSpace objects, 0(0B) LOS objects, 22% free, 53MB/69MB, paused 410us total 19.478ms
08-04 21:10:34.119   518   646 I ThermalEngine: ACTION: GPU - Setting GPU[0] to 510000000
08-04 21:10:34.272  6975  7372 I art     : Starting a blocking GC Explicit
08-04 21:10:34.307  6975  7372 I art     : Explicit concurrent mark sweep GC freed 1344(78KB) AllocSpace objects, 1(20KB) LOS objects, 22% free, 53MB/69MB, paused 620us total 34.802ms
08-04 21:10:34.320  6975  7372 I art     : Starting a blocking GC Explicit
08-04 21:10:34.346  6975  7372 I art     : Explicit concurrent mark sweep GC freed 20(704B) AllocSpace objects, 0(0B) LOS objects, 22% free, 53MB/69MB, paused 570us total 26.209ms
08-04 21:10:34.356  6975  7372 I art     : Starting a blocking GC Explicit
08-04 21:10:34.381  6975  7372 I art     : Explicit concurrent mark sweep GC freed 3(96B) AllocSpace objects, 0(0B) LOS objects, 22% free, 53MB/69MB, paused 611us total 25.008ms
08-04 21:10:34.390  6975  7372 I art     : Starting a blocking GC Explicit
08-04 21:10:34.416  6975  7372 I art     : Explicit concurrent mark sweep GC freed 3(96B) AllocSpace objects, 0(0B) LOS objects, 22% free, 53MB/69MB, paused 573us total 25.444ms
08-04 21:10:34.425  6975  7372 I art     : Starting a blocking GC Explicit
08-04 21:10:34.450  6975  7372 I art     : Explicit concurrent mark sweep GC freed 3(96B) AllocSpace objects, 0(0B) LOS objects, 22% free, 53MB/69MB, paused 572us total 24.857ms
08-04 21:10:34.657   918  3261 D WifiStateMachine: starting scan for "H369AA63323"WPA_PSK with 2412,5180
08-04 21:10:34.744  6975  7004 I art     : Starting a blocking GC Explicit
08-04 21:10:34.775  6975  7004 I art     : Explicit concurrent mark sweep GC freed 1344(78KB) AllocSpace objects, 1(20KB) LOS objects, 22% free, 53MB/69MB, paused 610us total 30.956ms
08-04 21:10:34.788  6975  7004 I art     : Starting a blocking GC Explicit
08-04 21:10:34.818  6975  7004 I art     : Explicit concurrent mark sweep GC freed 20(704B) AllocSpace objects, 0(0B) LOS objects, 22% free, 53MB/69MB, paused 569us total 29.980ms
08-04 21:10:34.828  6975  7004 I art     : Starting a blocking GC Explicit
08-04 21:10:34.853  6975  7004 I art     : Explicit concurrent mark sweep GC freed 3(96B) AllocSpace objects, 0(0B) LOS objects, 22% free, 53MB/69MB, paused 566us total 25.312ms
08-04 21:10:34.863  6975  7004 I art     : Starting a blocking GC Explicit
08-04 21:10:34.888  6975  7004 I art     : Explicit concurrent mark sweep GC freed 3(96B) AllocSpace objects, 0(0B) LOS objects, 22% free, 53MB/69MB, paused 590us total 24.851ms
08-04 21:10:34.897  6975  7004 I art     : Starting a blocking GC Explicit
08-04 21:10:34.922  6975  7004 I art     : Explicit concurrent mark sweep GC freed 3(96B) AllocSpace objects, 0(0B) LOS objects, 22% free, 53MB/69MB, paused 584us total 25.228ms
08-04 21:10:35.279  6975  6988 I art     : Starting a blocking GC Explicit
08-04 21:10:35.313  6975  6988 I art     : Explicit concurrent mark sweep GC freed 1344(78KB) AllocSpace objects, 1(20KB) LOS objects, 22% free, 53MB/69MB, paused 592us total 34.147ms
08-04 21:10:35.323  6975  6988 I art     : Starting a blocking GC Explicit
08-04 21:10:35.348  6975  6988 I art     : Explicit concurrent mark sweep GC freed 20(704B) AllocSpace objects, 0(0B) LOS objects, 22% free, 53MB/69MB, paused 591us total 25.262ms
08-04 21:10:35.358  6975  6988 I art     : Starting a blocking GC Explicit
08-04 21:10:35.383  6975  6988 I art     : Explicit concurrent mark sweep GC freed 3(96B) AllocSpace objects, 0(0B) LOS objects, 22% free, 53MB/69MB, paused 572us total 25.518ms
08-04 21:10:35.393  6975  6988 I art     : Starting a blocking GC Explicit
08-04 21:10:35.418  6975  6988 I art     : Explicit concurrent mark sweep GC freed 3(96B) AllocSpace objects, 0(0B) LOS objects, 22% free, 53MB/69MB, paused 596us total 24.958ms
08-04 21:10:35.427  6975  6988 I art     : Starting a blocking GC Explicit
08-04 21:10:35.452  6975  6988 I art     : Explicit concurrent mark sweep GC freed 3(96B) AllocSpace objects, 0(0B) LOS objects, 22% free, 53MB/69MB, paused 580us total 24.883ms
08-04 21:10:35.784  6975  6987 I art     : Starting a blocking GC Explicit
08-04 21:10:35.818  6975  6987 I art     : Explicit concurrent mark sweep GC freed 1344(78KB) AllocSpace objects, 1(20KB) LOS objects, 22% free, 53MB/69MB, paused 641us total 34.018ms
08-04 21:10:35.831  6975  6987 I art     : Starting a blocking GC Explicit
08-04 21:10:35.857  6975  6987 I art     : Explicit concurrent mark sweep GC freed 20(704B) AllocSpace objects, 0(0B) LOS objects, 22% free, 53MB/69MB, paused 601us total 25.114ms
08-04 21:10:35.866  6975  6987 I art     : Starting a blocking GC Explicit
08-04 21:10:35.891  6975  6987 I art     : Explicit concurrent mark sweep GC freed 3(96B) AllocSpace objects, 0(0B) LOS objects, 22% free, 53MB/69MB, paused 571us total 24.919ms
08-04 21:10:35.900  6975  6987 I art     : Starting a blocking GC Explicit
08-04 21:10:35.925  6975  6987 I art     : Explicit concurrent mark sweep GC freed 3(96B) AllocSpace objects, 0(0B) LOS objects, 22% free, 53MB/69MB, paused 576us total 24.772ms
08-04 21:10:35.935  6975  6987 I art     : Starting a blocking GC Explicit
08-04 21:10:35.960  6975  6987 I art     : Explicit concurrent mark sweep GC freed 3(96B) AllocSpace objects, 0(0B) LOS objects, 22% free, 53MB/69MB, paused 583us total 25.287ms
08-04 21:10:36.120   518   646 I ThermalEngine: ACTION: GPU - Setting GPU[0] to 600000000
08-04 21:10:36.275  6975  7372 I art     : Starting a blocking GC Explicit
08-04 21:10:36.308  6975  7372 I art     : Explicit concurrent mark sweep GC freed 1344(78KB) AllocSpace objects, 1(20KB) LOS objects, 22% free, 53MB/69MB, paused 601us total 32.771ms
08-04 21:10:36.321  6975  7372 I art     : Starting a blocking GC Explicit
08-04 21:10:36.343  6975  7372 I art     : Explicit concurrent mark sweep GC freed 20(704B) AllocSpace objects, 0(0B) LOS objects, 22% free, 53MB/69MB, paused 425us total 22.404ms
08-04 21:10:36.351  6975  7372 I art     : Starting a blocking GC Explicit
08-04 21:10:36.371  6975  7372 I art     : Explicit concurrent mark sweep GC freed 3(96B) AllocSpace objects, 0(0B) LOS objects, 22% free, 53MB/69MB, paused 420us total 19.924ms
08-04 21:10:36.379  6975  7372 I art     : Starting a blocking GC Explicit
08-04 21:10:36.398  6975  7372 I art     : Explicit concurrent mark sweep GC freed 3(96B) AllocSpace objects, 0(0B) LOS objects, 22% free, 53MB/69MB, paused 420us total 19.385ms
08-04 21:10:36.405  6975  7372 I art     : Starting a blocking GC Explicit
08-04 21:10:36.425  6975  7372 I art     : Explicit concurrent mark sweep GC freed 3(96B) AllocSpace objects, 0(0B) LOS objects, 22% free, 53MB/69MB, paused 448us total 19.181ms
08-04 21:10:36.741  6975  7004 I art     : Starting a blocking GC Explicit
08-04 21:10:36.767  6975  7004 I art     : Explicit concurrent mark sweep GC freed 1344(78KB) AllocSpace objects, 1(20KB) LOS objects, 22% free, 53MB/69MB, paused 468us total 25.536ms
08-04 21:10:36.774  6975  7004 I art     : Starting a blocking GC Explicit
08-04 21:10:36.795  6975  7004 I art     : Explicit concurrent mark sweep GC freed 20(704B) AllocSpace objects, 0(0B) LOS objects, 22% free, 53MB/69MB, paused 420us total 20.207ms
08-04 21:10:36.802  6975  7004 I art     : Starting a blocking GC Explicit
08-04 21:10:36.821  6975  7004 I art     : Explicit concurrent mark sweep GC freed 3(96B) AllocSpace objects, 0(0B) LOS objects, 22% free, 53MB/69MB, paused 420us total 19.254ms
08-04 21:10:36.828  6975  7004 I art     : Starting a blocking GC Explicit
08-04 21:10:36.848  6975  7004 I art     : Explicit concurrent mark sweep GC freed 3(96B) AllocSpace objects, 0(0B) LOS objects, 22% free, 53MB/69MB, paused 413us total 19.510ms
08-04 21:10:36.855  6975  7004 I art     : Starting a blocking GC Explicit
08-04 21:10:36.875  6975  7004 I art     : Explicit concurrent mark sweep GC freed 3(96B) AllocSpace objects, 0(0B) LOS objects, 22% free, 53MB/69MB, paused 458us total 19.530ms
08-04 21:10:37.213  6975  6988 I art     : Starting a blocking GC Explicit
08-04 21:10:37.236  6975  6988 I art     : Explicit concurrent mark sweep GC freed 1344(78KB) AllocSpace objects, 1(20KB) LOS objects, 22% free, 53MB/69MB, paused 492us total 22.552ms
08-04 21:10:37.243  6975  6988 I art     : Starting a blocking GC Explicit
08-04 21:10:37.262  6975  6988 I art     : Explicit concurrent mark sweep GC freed 20(704B) AllocSpace objects, 0(0B) LOS objects, 22% free, 53MB/69MB, paused 440us total 18.509ms
08-04 21:10:37.269  6975  6988 I art     : Starting a blocking GC Explicit
08-04 21:10:37.288  6975  6988 I art     : Explicit concurrent mark sweep GC freed 3(96B) AllocSpace objects, 0(0B) LOS objects, 22% free, 53MB/69MB, paused 439us total 18.421ms
08-04 21:10:37.294  6975  6988 I art     : Starting a blocking GC Explicit
08-04 21:10:37.313  6975  6988 I art     : Explicit concurrent mark sweep GC freed 3(96B) AllocSpace objects, 0(0B) LOS objects, 22% free, 53MB/69MB, paused 415us total 18.317ms
08-04 21:10:37.320  6975  6988 I art     : Starting a blocking GC Explicit
08-04 21:10:37.339  6975  6988 I art     : Explicit concurrent mark sweep GC freed 3(96B) AllocSpace objects, 0(0B) LOS objects, 22% free, 53MB/69MB, paused 423us total 19.054ms
08-04 21:10:37.530 11401 11401 D AndroidRuntime: >>>>>> START com.android.internal.os.RuntimeInit uid 2000 <<<<<<
08-04 21:10:37.534 11401 11401 D AndroidRuntime: CheckJNI is OFF
08-04 21:10:37.559 11401 11401 D ICU     : No timezone override file found: /data/misc/zoneinfo/current/icu/icu_tzdata.dat
08-04 21:10:37.582 11401 11401 I Radio-JNI: register_android_hardware_Radio DONE
08-04 21:10:37.598 11401 11401 D AndroidRuntime: Calling main entry com.android.commands.input.Input
08-04 21:10:37.599 11401 11401 I Input   : injectKeyEvent: KeyEvent { action=ACTION_DOWN, keyCode=KEYCODE_BACK, scanCode=0, metaState=0, flags=0x0, repeatCount=0, eventTime=738654013, downTime=738654013, deviceId=-1, source=0x101 }
08-04 21:10:37.604 11401 11401 I Input   : injectKeyEvent: KeyEvent { action=ACTION_UP, keyCode=KEYCODE_BACK, scanCode=0, metaState=0, flags=0x0, repeatCount=0, eventTime=738654013, downTime=738654013, deviceId=-1, source=0x101 }
08-04 21:10:37.609 11401 11401 D AndroidRuntime: Shutting down VM
08-04 21:10:37.621  6975  6988 I art     : Starting a blocking GC Explicit
08-04 21:10:37.639 13866 13866 I GoogleInputMethodServic: GoogleInputMethodService.onFinishInput():3138 
08-04 21:10:37.640 13866 13866 I GoogleInputMethodServic: GoogleInputMethodService.onStartInput():1808 
08-04 21:10:37.641  6975  6988 I art     : Explicit concurrent mark sweep GC freed 1490(84KB) AllocSpace objects, 1(20KB) LOS objects, 22% free, 53MB/69MB, paused 565us total 19.265ms
08-04 21:10:37.648  6975  6988 I art     : Starting a blocking GC Explicit
08-04 21:10:37.670  6975  6988 I art     : Explicit concurrent mark sweep GC freed 55(1984B) AllocSpace objects, 0(0B) LOS objects, 22% free, 53MB/69MB, paused 493us total 21.561ms
08-04 21:10:37.677  6975  6988 I art     : Starting a blocking GC Explicit
08-04 21:10:37.696  6975  6988 I art     : Explicit concurrent mark sweep GC freed 9(336B) AllocSpace objects, 0(0B) LOS objects, 22% free, 53MB/69MB, paused 440us total 17.992ms
08-04 21:10:37.702  6975  6988 I art     : Starting a blocking GC Explicit
08-04 21:10:37.720  6975  6988 I art     : Explicit concurrent mark sweep GC freed 4(144B) AllocSpace objects, 0(0B) LOS objects, 22% free, 53MB/69MB, paused 383us total 16.939ms
08-04 21:10:37.726  6975  6988 I art     : Starting a blocking GC Explicit
08-04 21:10:37.743  6975  6988 I art     : Explicit concurrent mark sweep GC freed 3(96B) AllocSpace objects, 0(0B) LOS objects, 22% free, 53MB/69MB, paused 380us total 16.903ms
08-04 21:10:37.743  6975  6985 I art     : WaitForGcToComplete blocked for 17.101ms for cause HeapTrim
08-04 21:10:37.934   380   380 W SurfaceFlinger: couldn't log to binary event log: overflow.
08-04 21:10:37.980  6975  7004 I art     : Starting a blocking GC Explicit
08-04 21:10:38.001  6975  7004 I art     : Explicit concurrent mark sweep GC freed 1453(86KB) AllocSpace objects, 1(20KB) LOS objects, 22% free, 53MB/69MB, paused 487us total 20.144ms
08-04 21:10:38.008  6975  7004 I art     : Starting a blocking GC Explicit
08-04 21:10:38.028  6975  7004 I art     : Explicit concurrent mark sweep GC freed 1566(104KB) AllocSpace objects, 2(68KB) LOS objects, 22% free, 53MB/69MB, paused 466us total 19.465ms
08-04 21:10:38.035  6975  7004 I art     : Starting a blocking GC Explicit
08-04 21:10:38.055  6975  7004 I art     : Explicit concurrent mark sweep GC freed 3(96B) AllocSpace objects, 0(0B) LOS objects, 22% free, 53MB/69MB, paused 432us total 19.580ms
08-04 21:10:38.062  6975  7004 I art     : Starting a blocking GC Explicit
08-04 21:10:38.082  6975  7004 I art     : Explicit concurrent mark sweep GC freed 3(96B) AllocSpace objects, 0(0B) LOS objects, 22% free, 53MB/69MB, paused 426us total 19.655ms
08-04 21:10:38.089  6975  7004 I art     : Starting a blocking GC Explicit
08-04 21:10:38.109  6975  7004 I art     : Explicit concurrent mark sweep GC freed 3(96B) AllocSpace objects, 0(0B) LOS objects, 22% free, 53MB/69MB, paused 473us total 19.568ms
08-04 21:10:38.383  6975  7372 I art     : Starting a blocking GC Explicit
08-04 21:10:38.405  6975  7372 I art     : Explicit concurrent mark sweep GC freed 1344(78KB) AllocSpace objects, 1(20KB) LOS objects, 22% free, 53MB/69MB, paused 445us total 21.051ms
08-04 21:10:38.412  6975  7372 I art     : Starting a blocking GC Explicit
08-04 21:10:38.432  6975  7372 I art     : Explicit concurrent mark sweep GC freed 20(704B) AllocSpace objects, 0(0B) LOS objects, 22% free, 53MB/69MB, paused 550us total 19.575ms
08-04 21:10:38.440  6975  7372 I art     : Starting a blocking GC Explicit
08-04 21:10:38.459  6975  7372 I art     : Explicit concurrent mark sweep GC freed 3(96B) AllocSpace objects, 0(0B) LOS objects, 22% free, 53MB/69MB, paused 438us total 19.513ms
08-04 21:10:38.467  6975  7372 I art     : Starting a blocking GC Explicit
08-04 21:10:38.486  6975  7372 I art     : Explicit concurrent mark sweep GC freed 3(96B) AllocSpace objects, 0(0B) LOS objects, 22% free, 53MB/69MB, paused 414us total 19.310ms
08-04 21:10:38.493  6975  7372 I art     : Starting a blocking GC Explicit
08-04 21:10:38.513  6975  7372 I art     : Explicit concurrent mark sweep GC freed 3(96B) AllocSpace objects, 0(0B) LOS objects, 22% free, 53MB/69MB, paused 419us total 19.475ms
08-04 21:10:38.790  6975  6987 I art     : Starting a blocking GC Explicit
08-04 21:10:38.816  6975  6987 I art     : Explicit concurrent mark sweep GC freed 1344(78KB) AllocSpace objects, 1(20KB) LOS objects, 22% free, 53MB/69MB, paused 477us total 25.699ms
08-04 21:10:38.827  6975  6987 I art     : Starting a blocking GC Explicit
08-04 21:10:38.846  6975  6987 I art     : Explicit concurrent mark sweep GC freed 20(704B) AllocSpace objects, 0(0B) LOS objects, 22% free, 53MB/69MB, paused 399us total 18.665ms
08-04 21:10:38.853  6975  6987 I art     : Starting a blocking GC Explicit
08-04 21:10:38.871  6975  6987 I art     : Explicit concurrent mark sweep GC freed 3(96B) AllocSpace objects, 0(0B) LOS objects, 22% free, 53MB/69MB, paused 404us total 17.702ms
08-04 21:10:38.878  6975  6987 I art     : Starting a blocking GC Explicit
08-04 21:10:38.897  6975  6987 I art     : Explicit concurrent mark sweep GC freed 24(1104B) AllocSpace objects, 0(0B) LOS objects, 22% free, 53MB/69MB, paused 460us total 19.188ms
08-04 21:10:38.904  6975  6987 I art     : Starting a blocking GC Explicit
08-04 21:10:38.920  6975  6987 I art     : Explicit concurrent mark sweep GC freed 19(608B) AllocSpace objects, 0(0B) LOS objects, 22% free, 53MB/69MB, paused 395us total 16.452ms
08-04 21:10:39.150 11456 11456 D AndroidRuntime: >>>>>> START com.android.internal.os.RuntimeInit uid 2000 <<<<<<
08-04 21:10:39.154 11456 11456 D AndroidRuntime: CheckJNI is OFF
08-04 21:10:39.177  6975  6988 I art     : Starting a blocking GC Explicit
08-04 21:10:39.181 11456 11456 D ICU     : No timezone override file found: /data/misc/zoneinfo/current/icu/icu_tzdata.dat
08-04 21:10:39.197  6975  6988 I art     : Explicit concurrent mark sweep GC freed 1344(78KB) AllocSpace objects, 1(20KB) LOS objects, 22% free, 53MB/69MB, paused 510us total 20.161ms
08-04 21:10:39.205  6975  6988 I art     : Starting a blocking GC Explicit
08-04 21:10:39.210 11456 11456 I Radio-JNI: register_android_hardware_Radio DONE
08-04 21:10:39.224  6975  6988 I art     : Explicit concurrent mark sweep GC freed 20(704B) AllocSpace objects, 0(0B) LOS objects, 22% free, 53MB/69MB, paused 419us total 18.592ms
08-04 21:10:39.227 11456 11456 D AndroidRuntime: Calling main entry com.android.commands.input.Input
08-04 21:10:39.228 11456 11456 I Input   : injectKeyEvent: KeyEvent { action=ACTION_DOWN, keyCode=KEYCODE_BACK, scanCode=0, metaState=0, flags=0x0, repeatCount=0, eventTime=738655641, downTime=738655641, deviceId=-1, source=0x101 }
08-04 21:10:39.231  6975  6988 I art     : Starting a blocking GC Explicit
08-04 21:10:39.233 11456 11456 I Input   : injectKeyEvent: KeyEvent { action=ACTION_UP, keyCode=KEYCODE_BACK, scanCode=0, metaState=0, flags=0x0, repeatCount=0, eventTime=738655641, downTime=738655641, deviceId=-1, source=0x101 }
08-04 21:10:39.238 11456 11456 D AndroidRuntime: Shutting down VM
08-04 21:10:39.250  6975  6988 I art     : Explicit concurrent mark sweep GC freed 145(6KB) AllocSpace objects, 0(0B) LOS objects, 22% free, 53MB/69MB, paused 428us total 18.407ms
08-04 21:10:39.257  6975  6988 I art     : Starting a blocking GC Explicit
08-04 21:10:39.274  6975  6988 I art     : Explicit concurrent mark sweep GC freed 8(256B) AllocSpace objects, 0(0B) LOS objects, 22% free, 53MB/69MB, paused 386us total 16.795ms
08-04 21:10:39.280 13866 13866 I GoogleInputMethodServic: GoogleInputMethodService.onFinishInput():3138 
08-04 21:10:39.281  6975  6988 I art     : Starting a blocking GC Explicit
08-04 21:10:39.281 13866 13866 I GoogleInputMethodServic: GoogleInputMethodService.onStartInput():1808 
08-04 21:10:39.298  6975  6988 I art     : Explicit concurrent mark sweep GC freed 60(2112B) AllocSpace objects, 0(0B) LOS objects, 22% free, 53MB/69MB, paused 459us total 17.129ms
08-04 21:10:39.551  6975  6987 I art     : Starting a blocking GC Explicit
08-04 21:10:39.571  6975  6987 I art     : Explicit concurrent mark sweep GC freed 1867(104KB) AllocSpace objects, 1(20KB) LOS objects, 22% free, 53MB/69MB, paused 607us total 19.568ms
08-04 21:10:39.579  6975  6987 I art     : Starting a blocking GC Explicit
08-04 21:10:39.598  6975  6987 I art     : Explicit concurrent mark sweep GC freed 182(7KB) AllocSpace objects, 0(0B) LOS objects, 22% free, 53MB/69MB, paused 476us total 19.003ms
08-04 21:10:39.605  6975  6987 I art     : Starting a blocking GC Explicit
08-04 21:10:39.624  6975  6987 I art     : Explicit concurrent mark sweep GC freed 2661(174KB) AllocSpace objects, 1(28KB) LOS objects, 23% free, 53MB/69MB, paused 415us total 18.175ms
08-04 21:10:39.630  6975  6987 I art     : Starting a blocking GC Explicit
08-04 21:10:39.647  6975  6987 I art     : Explicit concurrent mark sweep GC freed 3(96B) AllocSpace objects, 0(0B) LOS objects, 23% free, 53MB/69MB, paused 428us total 16.886ms
08-04 21:10:39.654  6975  6987 I art     : Starting a blocking GC Explicit
08-04 21:10:39.672  6975  6987 I art     : Explicit concurrent mark sweep GC freed 3(96B) AllocSpace objects, 0(0B) LOS objects, 23% free, 53MB/69MB, paused 426us total 17.668ms
08-04 21:10:39.967  6975  7372 I art     : Starting a blocking GC Explicit
08-04 21:10:39.993  6975  7372 I art     : Explicit concurrent mark sweep GC freed 1344(78KB) AllocSpace objects, 1(20KB) LOS objects, 23% free, 53MB/69MB, paused 546us total 26.083ms
08-04 21:10:40.005  6975  7372 I art     : Starting a blocking GC Explicit
08-04 21:10:40.024  6975  7372 I art     : Explicit concurrent mark sweep GC freed 20(704B) AllocSpace objects, 0(0B) LOS objects, 23% free, 53MB/69MB, paused 408us total 18.622ms
08-04 21:10:40.031  6975  7372 I art     : Starting a blocking GC Explicit
08-04 21:10:40.049  6975  7372 I art     : Explicit concurrent mark sweep GC freed 3(96B) AllocSpace objects, 0(0B) LOS objects, 23% free, 53MB/69MB, paused 391us total 18.070ms
08-04 21:10:40.056  6975  7372 I art     : Starting a blocking GC Explicit
08-04 21:10:40.075  6975  7372 I art     : Explicit concurrent mark sweep GC freed 3(96B) AllocSpace objects, 0(0B) LOS objects, 23% free, 53MB/69MB, paused 413us total 18.510ms
08-04 21:10:40.082  6975  7372 I art     : Starting a blocking GC Explicit
08-04 21:10:40.101  6975  7372 I art     : Explicit concurrent mark sweep GC freed 3(96B) AllocSpace objects, 0(0B) LOS objects, 23% free, 53MB/69MB, paused 472us total 19.026ms
08-04 21:10:40.128   518   646 I ThermalEngine: ACTION: GPU - Setting GPU[0] to 510000000
08-04 21:10:40.390  6975  6988 I art     : Starting a blocking GC Explicit
08-04 21:10:40.416  6975  6988 I art     : Explicit concurrent mark sweep GC freed 1341(78KB) AllocSpace objects, 1(20KB) LOS objects, 23% free, 53MB/69MB, paused 606us total 25.802ms
08-04 21:10:40.430  6975  6988 I art     : Starting a blocking GC Explicit
08-04 21:10:40.453  6975  6988 I art     : Explicit concurrent mark sweep GC freed 20(704B) AllocSpace objects, 0(0B) LOS objects, 23% free, 53MB/69MB, paused 562us total 23.152ms
08-04 21:10:40.462  6975  6988 I art     : Starting a blocking GC Explicit
08-04 21:10:40.484  6975  6988 I art     : Explicit concurrent mark sweep GC freed 3(96B) AllocSpace objects, 0(0B) LOS objects, 23% free, 53MB/69MB, paused 555us total 21.727ms
08-04 21:10:40.493  6975  6988 I art     : Starting a blocking GC Explicit
08-04 21:10:40.515  6975  6988 I art     : Explicit concurrent mark sweep GC freed 3(96B) AllocSpace objects, 0(0B) LOS objects, 23% free, 53MB/69MB, paused 551us total 21.861ms
08-04 21:10:40.524  6975  6988 I art     : Starting a blocking GC Explicit
08-04 21:10:40.547  6975  6988 I art     : Explicit concurrent mark sweep GC freed 3(96B) AllocSpace objects, 0(0B) LOS objects, 23% free, 53MB/69MB, paused 622us total 22.072ms
08-04 21:10:40.811  6975  7004 I art     : Starting a blocking GC Explicit
08-04 21:10:40.835  6975  7004 I art     : Explicit concurrent mark sweep GC freed 1341(78KB) AllocSpace objects, 1(20KB) LOS objects, 23% free, 53MB/69MB, paused 563us total 23.206ms
08-04 21:10:40.844  6975  7004 I art     : Starting a blocking GC Explicit
08-04 21:10:40.866  6975  7004 I art     : Explicit concurrent mark sweep GC freed 20(704B) AllocSpace objects, 0(0B) LOS objects, 23% free, 53MB/69MB, paused 629us total 22.366ms
08-04 21:10:40.875  6975  7004 I art     : Starting a blocking GC Explicit
08-04 21:10:40.897  6975  7004 I art     : Explicit concurrent mark sweep GC freed 3(96B) AllocSpace objects, 0(0B) LOS objects, 23% free, 53MB/69MB, paused 599us total 22.194ms
08-04 21:10:40.907  6975  7004 I art     : Starting a blocking GC Explicit
08-04 21:10:40.928  6975  7004 I art     : Explicit concurrent mark sweep GC freed 3(96B) AllocSpace objects, 0(0B) LOS objects, 23% free, 53MB/69MB, paused 557us total 21.618ms
08-04 21:10:40.937  6975  7004 I art     : Starting a blocking GC Explicit
08-04 21:10:40.946 11514 11514 D AndroidRuntime: >>>>>> START com.android.internal.os.RuntimeInit uid 2000 <<<<<<
08-04 21:10:40.951 11514 11514 D AndroidRuntime: CheckJNI is OFF
08-04 21:10:40.959  6975  7004 I art     : Explicit concurrent mark sweep GC freed 3(96B) AllocSpace objects, 0(0B) LOS objects, 23% free, 53MB/69MB, paused 560us total 21.981ms
08-04 21:10:40.985 11514 11514 D ICU     : No timezone override file found: /data/misc/zoneinfo/current/icu/icu_tzdata.dat
08-04 21:10:41.019 11514 11514 I Radio-JNI: register_android_hardware_Radio DONE
08-04 21:10:41.040 11514 11514 D AndroidRuntime: Calling main entry com.android.commands.am.Am
08-04 21:10:41.049  2246  2246 I Trepn   : Trepn 6.2s: Received intent: com.quicinc.trepn.stop_profiling
08-04 21:10:41.056  4694  4694 I Atfwd_Sendcmd: AtCmdFwd service not ready - Exhausted retry attempts - :6
08-04 21:10:41.056  4694  4694 I Atfwd_Daemon: result : -1 	 ,Init step :2 	 ,qmiErrorCode: 0
08-04 21:10:41.091  2246  2246 I Trepn   : Trepn 6.2s: Trepn has Stopped Profiling.
08-04 21:10:41.241  6975  6987 I art     : Starting a blocking GC Explicit
08-04 21:10:41.270  6975  6987 I art     : Explicit concurrent mark sweep GC freed 1341(78KB) AllocSpace objects, 1(20KB) LOS objects, 23% free, 53MB/69MB, paused 622us total 28.552ms
08-04 21:10:41.283  6975  6987 I art     : Starting a blocking GC Explicit
08-04 21:10:41.306  6975  6987 I art     : Explicit concurrent mark sweep GC freed 20(704B) AllocSpace objects, 0(0B) LOS objects, 23% free, 53MB/69MB, paused 551us total 22.450ms
08-04 21:10:41.315  6975  6987 I art     : Starting a blocking GC Explicit
08-04 21:10:41.338  6975  6987 I art     : Explicit concurrent mark sweep GC freed 3(96B) AllocSpace objects, 0(0B) LOS objects, 23% free, 53MB/69MB, paused 599us total 22.788ms
08-04 21:10:41.347  6975  6987 I art     : Starting a blocking GC Explicit
08-04 21:10:41.370  6975  6987 I art     : Explicit concurrent mark sweep GC freed 3(96B) AllocSpace objects, 0(0B) LOS objects, 23% free, 53MB/69MB, paused 509us total 23.065ms
08-04 21:10:41.379  6975  6987 I art     : Starting a blocking GC Explicit
08-04 21:10:41.403  6975  6987 I art     : Explicit concurrent mark sweep GC freed 3(96B) AllocSpace objects, 0(0B) LOS objects, 23% free, 53MB/69MB, paused 549us total 23.325ms
08-04 21:10:41.691  6975  7372 I art     : Starting a blocking GC Explicit
08-04 21:10:41.724  6975  7372 I art     : Explicit concurrent mark sweep GC freed 1341(78KB) AllocSpace objects, 1(20KB) LOS objects, 23% free, 53MB/69MB, paused 631us total 32.509ms
08-04 21:10:41.738  6975  7372 I art     : Starting a blocking GC Explicit
08-04 21:10:41.766  6975  7372 I art     : Explicit concurrent mark sweep GC freed 20(704B) AllocSpace objects, 0(0B) LOS objects, 23% free, 53MB/69MB, paused 595us total 27.753ms
08-04 21:10:41.777  6975  7372 I art     : Starting a blocking GC Explicit
08-04 21:10:41.801  6975  7372 I art     : Explicit concurrent mark sweep GC freed 3(96B) AllocSpace objects, 0(0B) LOS objects, 23% free, 53MB/69MB, paused 547us total 23.478ms
08-04 21:10:41.810  6975  7372 I art     : Starting a blocking GC Explicit
08-04 21:10:41.833  6975  7372 I art     : Explicit concurrent mark sweep GC freed 3(96B) AllocSpace objects, 0(0B) LOS objects, 23% free, 53MB/69MB, paused 531us total 22.629ms
08-04 21:10:41.842  6975  7372 I art     : Starting a blocking GC Explicit
08-04 21:10:41.864  6975  7372 I art     : Explicit concurrent mark sweep GC freed 3(96B) AllocSpace objects, 0(0B) LOS objects, 23% free, 53MB/69MB, paused 556us total 22.346ms
08-04 21:10:42.142  6975  6988 I art     : Starting a blocking GC Explicit
08-04 21:10:42.173  6975  6988 I art     : Explicit concurrent mark sweep GC freed 1341(78KB) AllocSpace objects, 1(20KB) LOS objects, 23% free, 53MB/69MB, paused 543us total 30.585ms
08-04 21:10:42.182  6975  6988 I art     : Starting a blocking GC Explicit
08-04 21:10:42.190 11514 11514 D AndroidRuntime: Shutting down VM
08-04 21:10:42.193   918  5952 W AppOps  : Finishing op nesting under-run: uid 10078 pkg com.quicinc.trepn code 24 time=0 duration=0 nesting=0
08-04 21:10:42.204  6975  6988 I art     : Explicit concurrent mark sweep GC freed 20(704B) AllocSpace objects, 0(0B) LOS objects, 23% free, 53MB/69MB, paused 541us total 21.729ms
08-04 21:10:42.212  6975  6988 I art     : Starting a blocking GC Explicit
08-04 21:10:42.234  6975  6988 I art     : Explicit concurrent mark sweep GC freed 3(96B) AllocSpace objects, 0(0B) LOS objects, 23% free, 53MB/69MB, paused 540us total 20.925ms
08-04 21:10:42.243  6975  6988 I art     : Starting a blocking GC Explicit
08-04 21:10:42.264  6975  6988 I art     : Explicit concurrent mark sweep GC freed 3(96B) AllocSpace objects, 0(0B) LOS objects, 23% free, 53MB/69MB, paused 532us total 20.634ms
08-04 21:10:42.272  6975  6988 I art     : Starting a blocking GC Explicit
08-04 21:10:42.294  6975  6988 I art     : Explicit concurrent mark sweep GC freed 3(96B) AllocSpace objects, 0(0B) LOS objects, 23% free, 53MB/69MB, paused 557us total 22.405ms
08-04 21:10:42.597  6975  7004 I art     : Starting a blocking GC Explicit
08-04 21:10:42.619  6975  7004 I art     : Explicit concurrent mark sweep GC freed 1341(78KB) AllocSpace objects, 1(20KB) LOS objects, 23% free, 53MB/69MB, paused 527us total 22.029ms
08-04 21:10:42.628  6975  7004 I art     : Starting a blocking GC Explicit
08-04 21:10:42.650  6975  7004 I art     : Explicit concurrent mark sweep GC freed 20(704B) AllocSpace objects, 0(0B) LOS objects, 23% free, 53MB/69MB, paused 551us total 21.911ms
08-04 21:10:42.659  6975  7004 I art     : Starting a blocking GC Explicit
08-04 21:10:42.681  6975  7004 I art     : Explicit concurrent mark sweep GC freed 3(96B) AllocSpace objects, 0(0B) LOS objects, 23% free, 53MB/69MB, paused 602us total 21.572ms
08-04 21:10:42.690  6975  7004 I art     : Starting a blocking GC Explicit
08-04 21:10:42.711  6975  7004 I art     : Explicit concurrent mark sweep GC freed 3(96B) AllocSpace objects, 0(0B) LOS objects, 23% free, 53MB/69MB, paused 521us total 21.300ms
08-04 21:10:42.720  6975  7004 I art     : Starting a blocking GC Explicit
08-04 21:10:42.742  6975  7004 I art     : Explicit concurrent mark sweep GC freed 3(96B) AllocSpace objects, 0(0B) LOS objects, 23% free, 53MB/69MB, paused 495us total 21.876ms
