08-04 14:30:19.927 27726 27739 I art     : Starting a blocking GC Explicit
08-04 14:30:19.943 27726 27739 I art     : Explicit concurrent mark sweep GC freed 3(96B) AllocSpace objects, 0(0B) LOS objects, 23% free, 52MB/68MB, paused 308us total 15.422ms
08-04 14:30:19.950 27726 27739 I art     : Starting a blocking GC Explicit
08-04 14:30:19.965 27726 27739 I art     : Explicit concurrent mark sweep GC freed 3(96B) AllocSpace objects, 0(0B) LOS objects, 23% free, 52MB/68MB, paused 227us total 15.216ms
08-04 14:30:19.971 27726 27739 I art     : Starting a blocking GC Explicit
08-04 14:30:19.986 27726 27739 I art     : Explicit concurrent mark sweep GC freed 3(96B) AllocSpace objects, 0(0B) LOS objects, 23% free, 52MB/68MB, paused 237us total 14.852ms
08-04 14:30:20.305 27726 27738 I art     : Starting a blocking GC Explicit
08-04 14:30:20.331 27726 27738 I art     : Explicit concurrent mark sweep GC freed 1341(78KB) AllocSpace objects, 1(20KB) LOS objects, 23% free, 52MB/68MB, paused 287us total 25.511ms
08-04 14:30:20.342 27726 27738 I art     : Starting a blocking GC Explicit
08-04 14:30:20.358 27726 27738 I art     : Explicit concurrent mark sweep GC freed 20(704B) AllocSpace objects, 0(0B) LOS objects, 23% free, 52MB/68MB, paused 238us total 15.356ms
08-04 14:30:20.364 27726 27738 I art     : Starting a blocking GC Explicit
08-04 14:30:20.379 27726 27738 I art     : Explicit concurrent mark sweep GC freed 3(96B) AllocSpace objects, 0(0B) LOS objects, 23% free, 52MB/68MB, paused 236us total 14.821ms
08-04 14:30:20.386 27726 27738 I art     : Starting a blocking GC Explicit
08-04 14:30:20.401 27726 27738 I art     : Explicit concurrent mark sweep GC freed 3(96B) AllocSpace objects, 0(0B) LOS objects, 23% free, 52MB/68MB, paused 238us total 14.921ms
08-04 14:30:20.408 27726 27738 I art     : Starting a blocking GC Explicit
08-04 14:30:20.423 27726 27738 I art     : Explicit concurrent mark sweep GC freed 3(96B) AllocSpace objects, 0(0B) LOS objects, 23% free, 52MB/68MB, paused 219us total 15.021ms
08-04 14:30:20.654 21770 21770 W Atfwd_Sendcmd: AtCmdFwd service not published, waiting... retryCnt : 1
08-04 14:30:20.723 27726 27763 I art     : Starting a blocking GC Explicit
08-04 14:30:20.744 27726 27763 I art     : Explicit concurrent mark sweep GC freed 1341(78KB) AllocSpace objects, 1(20KB) LOS objects, 23% free, 52MB/68MB, paused 248us total 20.555ms
08-04 14:30:20.751 27726 27763 I art     : Starting a blocking GC Explicit
08-04 14:30:20.767 27726 27763 I art     : Explicit concurrent mark sweep GC freed 20(704B) AllocSpace objects, 0(0B) LOS objects, 23% free, 52MB/68MB, paused 285us total 15.279ms
08-04 14:30:20.773 27726 27763 I art     : Starting a blocking GC Explicit
08-04 14:30:20.788 27726 27763 I art     : Explicit concurrent mark sweep GC freed 3(96B) AllocSpace objects, 0(0B) LOS objects, 23% free, 52MB/68MB, paused 224us total 14.630ms
08-04 14:30:20.795 27726 27763 I art     : Starting a blocking GC Explicit
08-04 14:30:20.809 27726 27763 I art     : Explicit concurrent mark sweep GC freed 3(96B) AllocSpace objects, 0(0B) LOS objects, 23% free, 52MB/68MB, paused 232us total 14.524ms
08-04 14:30:20.816 27726 27763 I art     : Starting a blocking GC Explicit
08-04 14:30:20.830 27726 27763 I art     : Explicit concurrent mark sweep GC freed 3(96B) AllocSpace objects, 0(0B) LOS objects, 23% free, 52MB/68MB, paused 209us total 14.151ms
08-04 14:30:21.148 27726 28206 I art     : Starting a blocking GC Explicit
08-04 14:30:21.166 27726 28206 I art     : Explicit concurrent mark sweep GC freed 1341(78KB) AllocSpace objects, 1(20KB) LOS objects, 23% free, 52MB/68MB, paused 275us total 17.021ms
08-04 14:30:21.173 27726 28206 I art     : Starting a blocking GC Explicit
08-04 14:30:21.188 27726 28206 I art     : Explicit concurrent mark sweep GC freed 20(704B) AllocSpace objects, 0(0B) LOS objects, 23% free, 52MB/68MB, paused 216us total 15.338ms
08-04 14:30:21.194 27726 28206 I art     : Starting a blocking GC Explicit
08-04 14:30:21.208 27726 28206 I art     : Explicit concurrent mark sweep GC freed 3(96B) AllocSpace objects, 0(0B) LOS objects, 23% free, 52MB/68MB, paused 229us total 13.808ms
08-04 14:30:21.214 27726 28206 I art     : Starting a blocking GC Explicit
08-04 14:30:21.228 27726 28206 I art     : Explicit concurrent mark sweep GC freed 3(96B) AllocSpace objects, 0(0B) LOS objects, 23% free, 52MB/68MB, paused 241us total 13.640ms
08-04 14:30:21.234 27726 28206 I art     : Starting a blocking GC Explicit
08-04 14:30:21.248 27726 28206 I art     : Explicit concurrent mark sweep GC freed 3(96B) AllocSpace objects, 0(0B) LOS objects, 23% free, 52MB/68MB, paused 222us total 13.694ms
08-04 14:30:21.426 28513 28513 D AndroidRuntime: >>>>>> START com.android.internal.os.RuntimeInit uid 2000 <<<<<<
08-04 14:30:21.430 28513 28513 D AndroidRuntime: CheckJNI is OFF
08-04 14:30:21.455 28513 28513 D ICU     : No timezone override file found: /data/misc/zoneinfo/current/icu/icu_tzdata.dat
08-04 14:30:21.479 28513 28513 I Radio-JNI: register_android_hardware_Radio DONE
08-04 14:30:21.495 28513 28513 D AndroidRuntime: Calling main entry com.android.commands.input.Input
08-04 14:30:21.507 28513 28513 I Input   : injectKeyEvent: KeyEvent { action=ACTION_DOWN, keyCode=KEYCODE_BACK, scanCode=0, metaState=0, flags=0x0, repeatCount=0, eventTime=714637920, downTime=714637920, deviceId=-1, source=0x101 }
08-04 14:30:21.516 28513 28513 I Input   : injectKeyEvent: KeyEvent { action=ACTION_UP, keyCode=KEYCODE_BACK, scanCode=0, metaState=0, flags=0x0, repeatCount=0, eventTime=714637920, downTime=714637920, deviceId=-1, source=0x101 }
08-04 14:30:21.521 28513 28513 D AndroidRuntime: Shutting down VM
08-04 14:30:21.531 27726 28206 I art     : Starting a blocking GC Explicit
08-04 14:30:21.547 27726 28206 I art     : Explicit concurrent mark sweep GC freed 1486(85KB) AllocSpace objects, 1(20KB) LOS objects, 23% free, 52MB/68MB, paused 309us total 15.273ms
08-04 14:30:21.554 27726 28206 I art     : Starting a blocking GC Explicit
08-04 14:30:21.559 13866 13866 I GoogleInputMethodServic: GoogleInputMethodService.onFinishInput():3138 
08-04 14:30:21.560 13866 13866 I GoogleInputMethodServic: GoogleInputMethodService.onStartInput():1808 
08-04 14:30:21.568 27726 28206 I art     : Explicit concurrent mark sweep GC freed 42(1584B) AllocSpace objects, 0(0B) LOS objects, 23% free, 52MB/68MB, paused 301us total 14.285ms
08-04 14:30:21.575 27726 28206 I art     : Starting a blocking GC Explicit
08-04 14:30:21.589 27726 28206 I art     : Explicit concurrent mark sweep GC freed 14(480B) AllocSpace objects, 0(0B) LOS objects, 23% free, 52MB/68MB, paused 218us total 14.026ms
08-04 14:30:21.595 27726 28206 I art     : Starting a blocking GC Explicit
08-04 14:30:21.608 27726 28206 I art     : Explicit concurrent mark sweep GC freed 5(176B) AllocSpace objects, 0(0B) LOS objects, 23% free, 52MB/68MB, paused 225us total 12.785ms
08-04 14:30:21.614 27726 28206 I art     : Starting a blocking GC Explicit
08-04 14:30:21.628 27726 28206 I art     : Explicit concurrent mark sweep GC freed 3(96B) AllocSpace objects, 0(0B) LOS objects, 23% free, 52MB/68MB, paused 228us total 13.095ms
08-04 14:30:21.845   380   380 W SurfaceFlinger: couldn't log to binary event log: overflow.
08-04 14:30:21.865 27726 28206 I art     : Starting a blocking GC Explicit
08-04 14:30:21.879 27726 28206 I art     : Explicit concurrent mark sweep GC freed 1451(87KB) AllocSpace objects, 1(20KB) LOS objects, 23% free, 52MB/68MB, paused 233us total 13.726ms
08-04 14:30:21.885 27726 28206 I art     : Starting a blocking GC Explicit
08-04 14:30:21.899 27726 28206 I art     : Explicit concurrent mark sweep GC freed 1672(107KB) AllocSpace objects, 3(400KB) LOS objects, 23% free, 51MB/67MB, paused 219us total 13.906ms
08-04 14:30:21.905 27726 28206 I art     : Starting a blocking GC Explicit
08-04 14:30:21.919 27726 28206 I art     : Explicit concurrent mark sweep GC freed 3(96B) AllocSpace objects, 0(0B) LOS objects, 23% free, 51MB/67MB, paused 227us total 13.545ms
08-04 14:30:21.925 27726 28206 I art     : Starting a blocking GC Explicit
08-04 14:30:21.938 27726 28206 I art     : Explicit concurrent mark sweep GC freed 3(96B) AllocSpace objects, 0(0B) LOS objects, 23% free, 51MB/67MB, paused 224us total 13.413ms
08-04 14:30:21.944 27726 28206 I art     : Starting a blocking GC Explicit
08-04 14:30:21.959 27726 28206 I art     : Explicit concurrent mark sweep GC freed 3(96B) AllocSpace objects, 0(0B) LOS objects, 23% free, 51MB/67MB, paused 237us total 14.816ms
08-04 14:30:22.226 27726 27763 I art     : Starting a blocking GC Explicit
08-04 14:30:22.239 27726 27763 I art     : Explicit concurrent mark sweep GC freed 1341(78KB) AllocSpace objects, 1(20KB) LOS objects, 23% free, 51MB/67MB, paused 206us total 12.846ms
08-04 14:30:22.244 27726 27763 I art     : Starting a blocking GC Explicit
08-04 14:30:22.258 27726 27763 I art     : Explicit concurrent mark sweep GC freed 26(928B) AllocSpace objects, 0(0B) LOS objects, 23% free, 51MB/67MB, paused 219us total 13.922ms
08-04 14:30:22.264 27726 27763 I art     : Starting a blocking GC Explicit
08-04 14:30:22.278 27726 27763 I art     : Explicit concurrent mark sweep GC freed 3(96B) AllocSpace objects, 0(0B) LOS objects, 23% free, 51MB/67MB, paused 226us total 13.585ms
08-04 14:30:22.284 27726 27763 I art     : Starting a blocking GC Explicit
08-04 14:30:22.299 27726 27763 I art     : Explicit concurrent mark sweep GC freed 3(96B) AllocSpace objects, 0(0B) LOS objects, 23% free, 51MB/67MB, paused 221us total 14.217ms
08-04 14:30:22.305 27726 27763 I art     : Starting a blocking GC Explicit
08-04 14:30:22.319 27726 27763 I art     : Explicit concurrent mark sweep GC freed 3(96B) AllocSpace objects, 0(0B) LOS objects, 23% free, 51MB/67MB, paused 216us total 14.258ms
08-04 14:30:22.600 27726 27739 I art     : Starting a blocking GC Explicit
08-04 14:30:22.618 27726 27739 I art     : Explicit concurrent mark sweep GC freed 1340(78KB) AllocSpace objects, 1(20KB) LOS objects, 23% free, 51MB/67MB, paused 244us total 17.364ms
08-04 14:30:22.628 27726 27739 I art     : Starting a blocking GC Explicit
08-04 14:30:22.645 27726 27739 I art     : Explicit concurrent mark sweep GC freed 20(704B) AllocSpace objects, 0(0B) LOS objects, 23% free, 51MB/67MB, paused 246us total 16.027ms
08-04 14:30:22.651 27726 27739 I art     : Starting a blocking GC Explicit
08-04 14:30:22.665 27726 27739 I art     : Explicit concurrent mark sweep GC freed 3(96B) AllocSpace objects, 0(0B) LOS objects, 23% free, 51MB/67MB, paused 229us total 13.929ms
08-04 14:30:22.672 27726 27739 I art     : Starting a blocking GC Explicit
08-04 14:30:22.686 27726 27739 I art     : Explicit concurrent mark sweep GC freed 3(96B) AllocSpace objects, 0(0B) LOS objects, 23% free, 51MB/67MB, paused 236us total 14.055ms
08-04 14:30:22.692 27726 27739 I art     : Starting a blocking GC Explicit
08-04 14:30:22.707 27726 27739 I art     : Explicit concurrent mark sweep GC freed 3(96B) AllocSpace objects, 0(0B) LOS objects, 23% free, 51MB/67MB, paused 290us total 14.174ms
08-04 14:30:22.956 27726 27738 I art     : Starting a blocking GC Explicit
08-04 14:30:22.971 27726 27738 I art     : Explicit concurrent mark sweep GC freed 1340(78KB) AllocSpace objects, 1(20KB) LOS objects, 23% free, 51MB/67MB, paused 232us total 15.064ms
08-04 14:30:22.979 27726 27738 I art     : Starting a blocking GC Explicit
08-04 14:30:22.992 27726 27738 I art     : Explicit concurrent mark sweep GC freed 20(704B) AllocSpace objects, 0(0B) LOS objects, 23% free, 51MB/67MB, paused 220us total 13.435ms
08-04 14:30:22.998 27726 27738 I art     : Starting a blocking GC Explicit
08-04 14:30:23.012 27726 27738 I art     : Explicit concurrent mark sweep GC freed 3(96B) AllocSpace objects, 0(0B) LOS objects, 23% free, 51MB/67MB, paused 223us total 13.096ms
08-04 14:30:23.018 27726 27738 I art     : Starting a blocking GC Explicit
08-04 14:30:23.032 27726 27738 I art     : Explicit concurrent mark sweep GC freed 3(96B) AllocSpace objects, 0(0B) LOS objects, 23% free, 51MB/67MB, paused 230us total 13.864ms
08-04 14:30:23.038 27726 27738 I art     : Starting a blocking GC Explicit
08-04 14:30:23.052 27726 27738 I art     : Explicit concurrent mark sweep GC freed 3(96B) AllocSpace objects, 0(0B) LOS objects, 23% free, 51MB/67MB, paused 227us total 13.528ms
08-04 14:30:23.074 28566 28566 D AndroidRuntime: >>>>>> START com.android.internal.os.RuntimeInit uid 2000 <<<<<<
08-04 14:30:23.079 28566 28566 D AndroidRuntime: CheckJNI is OFF
08-04 14:30:23.104 28566 28566 D ICU     : No timezone override file found: /data/misc/zoneinfo/current/icu/icu_tzdata.dat
08-04 14:30:23.129 28566 28566 I Radio-JNI: register_android_hardware_Radio DONE
08-04 14:30:23.145 28566 28566 D AndroidRuntime: Calling main entry com.android.commands.input.Input
08-04 14:30:23.147 28566 28566 I Input   : injectMotionEvent: MotionEvent { action=ACTION_DOWN, actionButton=0, id[0]=0, x[0]=733.0, y[0]=1370.0, toolType[0]=TOOL_TYPE_UNKNOWN, buttonState=0, metaState=0, flags=0x0, edgeFlags=0x0, pointerCount=1, historySize=0, eventTime=714639560, downTime=714639560, deviceId=0, source=0x1002 }
08-04 14:30:23.152 28566 28566 I Input   : injectMotionEvent: MotionEvent { action=ACTION_UP, actionButton=0, id[0]=0, x[0]=733.0, y[0]=1370.0, toolType[0]=TOOL_TYPE_UNKNOWN, buttonState=0, metaState=0, flags=0x0, edgeFlags=0x0, pointerCount=1, historySize=0, eventTime=714639560, downTime=714639560, deviceId=0, source=0x1002 }
08-04 14:30:23.153   918  3696 I ActivityManager: START u0 {cmp=baseline.appteam.nith.hillffair/.activities.ClubActivity (has extras)} from uid 10651 on display 0
08-04 14:30:23.161 28566 28566 D AndroidRuntime: Shutting down VM
08-04 14:30:23.255 13866 13866 I GoogleInputMethodServic: GoogleInputMethodService.onFinishInput():3138 
08-04 14:30:23.255   918   936 I ActivityManager: Displayed baseline.appteam.nith.hillffair/.activities.ClubActivity: +93ms
08-04 14:30:23.257 13866 13866 I GoogleInputMethodServic: GoogleInputMethodService.onStartInput():1808 
08-04 14:30:23.290 27726 27739 I art     : Starting a blocking GC Explicit
08-04 14:30:23.308 27726 27739 I art     : Explicit concurrent mark sweep GC freed 4976(290KB) AllocSpace objects, 1(20KB) LOS objects, 23% free, 52MB/68MB, paused 314us total 17.923ms
08-04 14:30:23.317 27726 27739 I art     : Starting a blocking GC Explicit
08-04 14:30:23.330 27726 27739 I art     : Explicit concurrent mark sweep GC freed 211(9KB) AllocSpace objects, 0(0B) LOS objects, 23% free, 52MB/68MB, paused 270us total 13.280ms
08-04 14:30:23.337 27726 27739 I art     : Starting a blocking GC Explicit
08-04 14:30:23.350 27726 27739 I art     : Explicit concurrent mark sweep GC freed 3(96B) AllocSpace objects, 0(0B) LOS objects, 23% free, 52MB/68MB, paused 254us total 13.378ms
08-04 14:30:23.356 27726 27739 I art     : Starting a blocking GC Explicit
08-04 14:30:23.370 27726 27739 I art     : Explicit concurrent mark sweep GC freed 3(96B) AllocSpace objects, 0(0B) LOS objects, 23% free, 52MB/68MB, paused 274us total 13.380ms
08-04 14:30:23.376 27726 27739 I art     : Starting a blocking GC Explicit
08-04 14:30:23.389 27726 27739 I art     : Explicit concurrent mark sweep GC freed 3(96B) AllocSpace objects, 0(0B) LOS objects, 23% free, 52MB/68MB, paused 244us total 13.156ms
08-04 14:30:23.403   918  3261 D WifiStateMachine: starting scan for "H369AA63323"WPA_PSK with 2412,5180
08-04 14:30:23.514   380   380 W SurfaceFlinger: couldn't log to binary event log: overflow.
08-04 14:30:23.626 27726 28206 I art     : Starting a blocking GC Explicit
08-04 14:30:23.642 27726 28206 I art     : Explicit concurrent mark sweep GC freed 1432(83KB) AllocSpace objects, 1(20KB) LOS objects, 23% free, 52MB/68MB, paused 270us total 15.947ms
08-04 14:30:23.649 27726 28206 I art     : Starting a blocking GC Explicit
08-04 14:30:23.664 27726 28206 I art     : Explicit concurrent mark sweep GC freed 33(1216B) AllocSpace objects, 0(0B) LOS objects, 23% free, 52MB/68MB, paused 244us total 15.133ms
08-04 14:30:23.670 27726 28206 I art     : Starting a blocking GC Explicit
08-04 14:30:23.684 27726 28206 I art     : Explicit concurrent mark sweep GC freed 11(416B) AllocSpace objects, 0(0B) LOS objects, 23% free, 52MB/68MB, paused 247us total 13.357ms
08-04 14:30:23.690 27726 28206 I art     : Starting a blocking GC Explicit
08-04 14:30:23.703 27726 28206 I art     : Explicit concurrent mark sweep GC freed 10(352B) AllocSpace objects, 0(0B) LOS objects, 23% free, 52MB/68MB, paused 249us total 13.197ms
08-04 14:30:23.709 27726 28206 I art     : Starting a blocking GC Explicit
08-04 14:30:23.722 27726 28206 I art     : Explicit concurrent mark sweep GC freed 8(288B) AllocSpace objects, 0(0B) LOS objects, 23% free, 52MB/68MB, paused 246us total 13.002ms
08-04 14:30:23.867   918  3188 I hubconnection: sensorhub said: 'set_bias 3: -6.2400, 0.0000, 0.0000'
08-04 14:30:23.992 27726 27763 I art     : Starting a blocking GC Explicit
08-04 14:30:24.003 27726 28591 D OkHttp  : --> GET https://api-hillfair-2k16.herokuapp.com/api/app/events/special/event?id=580655cddcba0f490c70fdd0 http/1.1
08-04 14:30:24.010 27726 27763 I art     : Explicit concurrent mark sweep GC freed 3974(213KB) AllocSpace objects, 3(140KB) LOS objects, 23% free, 52MB/68MB, paused 325us total 17.615ms
08-04 14:30:24.018 27726 27763 I art     : Starting a blocking GC Explicit
08-04 14:30:24.033 27726 27763 I art     : Explicit concurrent mark sweep GC freed 1003(118KB) AllocSpace objects, 1(80KB) LOS objects, 23% free, 52MB/68MB, paused 371us total 14.841ms
08-04 14:30:24.034 27726 28591 D OkHttp  : <-- 200 OK https://api-hillfair-2k16.herokuapp.com/api/app/events/special/event?id=580655cddcba0f490c70fdd0 (30ms, 721-byte body)
08-04 14:30:24.039 27726 27763 I art     : Starting a blocking GC Explicit
08-04 14:30:24.054 27726 27763 I art     : Explicit concurrent mark sweep GC freed 215(37KB) AllocSpace objects, 0(0B) LOS objects, 23% free, 52MB/68MB, paused 258us total 14.744ms
08-04 14:30:24.060 27726 27763 I art     : Starting a blocking GC Explicit
08-04 14:30:24.074 27726 27763 I art     : Explicit concurrent mark sweep GC freed 32(1280B) AllocSpace objects, 0(0B) LOS objects, 23% free, 52MB/68MB, paused 262us total 13.617ms
08-04 14:30:24.080 27726 27763 I art     : Starting a blocking GC Explicit
08-04 14:30:24.093 27726 27763 I art     : Explicit concurrent mark sweep GC freed 79(4KB) AllocSpace objects, 0(0B) LOS objects, 23% free, 52MB/68MB, paused 261us total 13.600ms
08-04 14:30:24.099 27726 27726 I NAPPA_EXPERIMENTATION: MetricNetworkRequestExecutionTime: REQUEST_DURATION_SYSTEM='912',REQUEST_DURATION_OKHTTP='31',REQUEST_SYNCHRONOUS='FALSE',RESPONSE_CODE='200',RESPONSE_METHOD='GET',RESPONSE_LENGTH_OKHTTP='721',RESPONSE_LENGTH_HEADER='721',REQUEST_PROTOCOL='http/1.1',REQUEST_URL='https://api-hillfair-2k16.herokuapp.com/api/app/events/special/event?id=580655cddcba0f490c70fdd0',
08-04 14:30:24.383 27726 27763 I art     : Starting a blocking GC Explicit
08-04 14:30:24.402 27726 27763 I art     : Explicit concurrent mark sweep GC freed 1891(161KB) AllocSpace objects, 1(20KB) LOS objects, 23% free, 52MB/68MB, paused 250us total 18.900ms
08-04 14:30:24.409 27726 27763 I art     : Starting a blocking GC Explicit
08-04 14:30:24.425 27726 27763 I art     : Explicit concurrent mark sweep GC freed 64(2112B) AllocSpace objects, 0(0B) LOS objects, 23% free, 52MB/68MB, paused 245us total 15.685ms
08-04 14:30:24.432 27726 27763 I art     : Starting a blocking GC Explicit
08-04 14:30:24.447 27726 27763 I art     : Explicit concurrent mark sweep GC freed 3(96B) AllocSpace objects, 0(0B) LOS objects, 23% free, 52MB/68MB, paused 257us total 14.713ms
08-04 14:30:24.454 27726 27763 I art     : Starting a blocking GC Explicit
08-04 14:30:24.468 27726 27763 I art     : Explicit concurrent mark sweep GC freed 3(96B) AllocSpace objects, 0(0B) LOS objects, 23% free, 52MB/68MB, paused 231us total 14.098ms
08-04 14:30:24.474 27726 27763 I art     : Starting a blocking GC Explicit
08-04 14:30:24.489 27726 27763 I art     : Explicit concurrent mark sweep GC freed 3(96B) AllocSpace objects, 0(0B) LOS objects, 23% free, 52MB/68MB, paused 241us total 14.140ms
08-04 14:30:24.489 27726 27737 I art     : WaitForGcToComplete blocked for 13.062ms for cause HeapTrim
08-04 14:30:24.764 27726 28206 I art     : Starting a blocking GC Explicit
08-04 14:30:24.791 27726 28206 I art     : Explicit concurrent mark sweep GC freed 1357(78KB) AllocSpace objects, 1(20KB) LOS objects, 23% free, 52MB/68MB, paused 338us total 26.228ms
08-04 14:30:24.805 27726 28206 I art     : Starting a blocking GC Explicit
08-04 14:30:24.825 27726 28206 I art     : Explicit concurrent mark sweep GC freed 20(704B) AllocSpace objects, 0(0B) LOS objects, 23% free, 52MB/68MB, paused 268us total 19.317ms
08-04 14:30:24.834 27726 28206 I art     : Starting a blocking GC Explicit
08-04 14:30:24.851 27726 28206 I art     : Explicit concurrent mark sweep GC freed 3(96B) AllocSpace objects, 0(0B) LOS objects, 23% free, 52MB/68MB, paused 256us total 16.290ms
08-04 14:30:24.858 27726 28206 I art     : Starting a blocking GC Explicit
08-04 14:30:24.874 27726 28206 I art     : Explicit concurrent mark sweep GC freed 3(96B) AllocSpace objects, 0(0B) LOS objects, 23% free, 52MB/68MB, paused 249us total 15.732ms
08-04 14:30:24.880 27726 28206 I art     : Starting a blocking GC Explicit
08-04 14:30:24.896 27726 28206 I art     : Explicit concurrent mark sweep GC freed 3(96B) AllocSpace objects, 0(0B) LOS objects, 23% free, 52MB/68MB, paused 292us total 15.370ms
08-04 14:30:25.212 27726 27739 I art     : Starting a blocking GC Explicit
08-04 14:30:25.238 27726 27739 I art     : Explicit concurrent mark sweep GC freed 1341(78KB) AllocSpace objects, 1(20KB) LOS objects, 23% free, 52MB/68MB, paused 292us total 25.547ms
08-04 14:30:25.249 27726 27739 I art     : Starting a blocking GC Explicit
08-04 14:30:25.265 27726 27739 I art     : Explicit concurrent mark sweep GC freed 20(704B) AllocSpace objects, 0(0B) LOS objects, 23% free, 52MB/68MB, paused 242us total 16.055ms
08-04 14:30:25.272 27726 27739 I art     : Starting a blocking GC Explicit
08-04 14:30:25.287 27726 27739 I art     : Explicit concurrent mark sweep GC freed 3(96B) AllocSpace objects, 0(0B) LOS objects, 23% free, 52MB/68MB, paused 250us total 15.306ms
08-04 14:30:25.294 27726 27739 I art     : Starting a blocking GC Explicit
08-04 14:30:25.309 27726 27739 I art     : Explicit concurrent mark sweep GC freed 3(96B) AllocSpace objects, 0(0B) LOS objects, 23% free, 52MB/68MB, paused 235us total 15.199ms
08-04 14:30:25.316 27726 27739 I art     : Starting a blocking GC Explicit
08-04 14:30:25.331 27726 27739 I art     : Explicit concurrent mark sweep GC freed 3(96B) AllocSpace objects, 0(0B) LOS objects, 23% free, 52MB/68MB, paused 232us total 14.882ms
08-04 14:30:25.624 27726 27763 I art     : Starting a blocking GC Explicit
08-04 14:30:25.642 27726 27763 I art     : Explicit concurrent mark sweep GC freed 1341(78KB) AllocSpace objects, 1(20KB) LOS objects, 23% free, 52MB/68MB, paused 259us total 17.622ms
08-04 14:30:25.649 27726 27763 I art     : Starting a blocking GC Explicit
08-04 14:30:25.655 21770 21770 I ServiceManager: Waiting for service AtCmdFwd...
08-04 14:30:25.665 27726 27763 I art     : Explicit concurrent mark sweep GC freed 20(704B) AllocSpace objects, 0(0B) LOS objects, 23% free, 52MB/68MB, paused 248us total 15.567ms
08-04 14:30:25.672 27726 27763 I art     : Starting a blocking GC Explicit
08-04 14:30:25.688 27726 27763 I art     : Explicit concurrent mark sweep GC freed 3(96B) AllocSpace objects, 0(0B) LOS objects, 23% free, 52MB/68MB, paused 243us total 15.750ms
08-04 14:30:25.694 27726 27763 I art     : Starting a blocking GC Explicit
08-04 14:30:25.710 27726 27763 I art     : Explicit concurrent mark sweep GC freed 3(96B) AllocSpace objects, 0(0B) LOS objects, 23% free, 52MB/68MB, paused 252us total 15.861ms
08-04 14:30:25.717 27726 27763 I art     : Starting a blocking GC Explicit
08-04 14:30:25.733 27726 27763 I art     : Explicit concurrent mark sweep GC freed 3(96B) AllocSpace objects, 0(0B) LOS objects, 23% free, 52MB/68MB, paused 259us total 15.725ms
08-04 14:30:26.044 27726 27738 I art     : Starting a blocking GC Explicit
08-04 14:30:26.070 27726 27738 I art     : Explicit concurrent mark sweep GC freed 1341(78KB) AllocSpace objects, 1(20KB) LOS objects, 23% free, 52MB/68MB, paused 310us total 26.005ms
08-04 14:30:26.082 27726 27738 I art     : Starting a blocking GC Explicit
08-04 14:30:26.097 27726 27738 I art     : Explicit concurrent mark sweep GC freed 20(704B) AllocSpace objects, 0(0B) LOS objects, 23% free, 52MB/68MB, paused 230us total 14.868ms
08-04 14:30:26.104 27726 27738 I art     : Starting a blocking GC Explicit
08-04 14:30:26.119 27726 27738 I art     : Explicit concurrent mark sweep GC freed 3(96B) AllocSpace objects, 0(0B) LOS objects, 23% free, 52MB/68MB, paused 243us total 15.017ms
08-04 14:30:26.125 27726 27738 I art     : Starting a blocking GC Explicit
08-04 14:30:26.141 27726 27738 I art     : Explicit concurrent mark sweep GC freed 3(96B) AllocSpace objects, 0(0B) LOS objects, 23% free, 52MB/68MB, paused 238us total 15.064ms
08-04 14:30:26.147 27726 27738 I art     : Starting a blocking GC Explicit
08-04 14:30:26.162 27726 27738 I art     : Explicit concurrent mark sweep GC freed 3(96B) AllocSpace objects, 0(0B) LOS objects, 23% free, 52MB/68MB, paused 237us total 14.948ms
08-04 14:30:26.490 27726 28206 I art     : Starting a blocking GC Explicit
08-04 14:30:26.513 27726 28206 I art     : Explicit concurrent mark sweep GC freed 1341(78KB) AllocSpace objects, 1(20KB) LOS objects, 23% free, 52MB/68MB, paused 302us total 22.808ms
08-04 14:30:26.524 27726 28206 I art     : Starting a blocking GC Explicit
08-04 14:30:26.539 27726 28206 I art     : Explicit concurrent mark sweep GC freed 20(704B) AllocSpace objects, 0(0B) LOS objects, 23% free, 52MB/68MB, paused 284us total 15.163ms
08-04 14:30:26.546 27726 28206 I art     : Starting a blocking GC Explicit
08-04 14:30:26.561 27726 28206 I art     : Explicit concurrent mark sweep GC freed 3(96B) AllocSpace objects, 0(0B) LOS objects, 23% free, 52MB/68MB, paused 245us total 14.883ms
08-04 14:30:26.567 27726 28206 I art     : Starting a blocking GC Explicit
08-04 14:30:26.582 27726 28206 I art     : Explicit concurrent mark sweep GC freed 3(96B) AllocSpace objects, 0(0B) LOS objects, 23% free, 52MB/68MB, paused 234us total 14.845ms
08-04 14:30:26.589 27726 28206 I art     : Starting a blocking GC Explicit
08-04 14:30:26.604 27726 28206 I art     : Explicit concurrent mark sweep GC freed 3(96B) AllocSpace objects, 0(0B) LOS objects, 23% free, 52MB/68MB, paused 226us total 14.891ms
08-04 14:30:26.655 21770 21770 I ServiceManager: Waiting for service AtCmdFwd...
08-04 14:30:26.910 27726 27739 I art     : Starting a blocking GC Explicit
08-04 14:30:26.932 27726 27739 I art     : Explicit concurrent mark sweep GC freed 1341(78KB) AllocSpace objects, 1(20KB) LOS objects, 23% free, 52MB/68MB, paused 285us total 22.282ms
08-04 14:30:26.942 27726 27739 I art     : Starting a blocking GC Explicit
08-04 14:30:26.959 27726 27739 I art     : Explicit concurrent mark sweep GC freed 20(704B) AllocSpace objects, 0(0B) LOS objects, 23% free, 52MB/68MB, paused 247us total 15.898ms
08-04 14:30:26.965 27726 27739 I art     : Starting a blocking GC Explicit
08-04 14:30:26.981 27726 27739 I art     : Explicit concurrent mark sweep GC freed 3(96B) AllocSpace objects, 0(0B) LOS objects, 23% free, 52MB/68MB, paused 249us total 15.763ms
08-04 14:30:26.988 27726 27739 I art     : Starting a blocking GC Explicit
08-04 14:30:27.004 27726 27739 I art     : Explicit concurrent mark sweep GC freed 3(96B) AllocSpace objects, 0(0B) LOS objects, 23% free, 52MB/68MB, paused 248us total 15.328ms
08-04 14:30:27.010 27726 27739 I art     : Starting a blocking GC Explicit
08-04 14:30:27.026 27726 27739 I art     : Explicit concurrent mark sweep GC freed 3(96B) AllocSpace objects, 0(0B) LOS objects, 23% free, 52MB/68MB, paused 240us total 15.421ms
08-04 14:30:27.323 27726 27763 I art     : Starting a blocking GC Explicit
08-04 14:30:27.345 27726 27763 I art     : Explicit concurrent mark sweep GC freed 1341(78KB) AllocSpace objects, 1(20KB) LOS objects, 23% free, 52MB/68MB, paused 304us total 21.868ms
08-04 14:30:27.354 27726 27763 I art     : Starting a blocking GC Explicit
08-04 14:30:27.370 27726 27763 I art     : Explicit concurrent mark sweep GC freed 20(704B) AllocSpace objects, 0(0B) LOS objects, 23% free, 52MB/68MB, paused 251us total 15.690ms
08-04 14:30:27.377 27726 27763 I art     : Starting a blocking GC Explicit
08-04 14:30:27.391 27726 27763 I art     : Explicit concurrent mark sweep GC freed 3(96B) AllocSpace objects, 0(0B) LOS objects, 23% free, 52MB/68MB, paused 221us total 14.240ms
08-04 14:30:27.398 27726 27763 I art     : Starting a blocking GC Explicit
08-04 14:30:27.412 27726 27763 I art     : Explicit concurrent mark sweep GC freed 3(96B) AllocSpace objects, 0(0B) LOS objects, 23% free, 52MB/68MB, paused 274us total 14.218ms
08-04 14:30:27.419 27726 27763 I art     : Starting a blocking GC Explicit
08-04 14:30:27.433 27726 27763 I art     : Explicit concurrent mark sweep GC freed 3(96B) AllocSpace objects, 0(0B) LOS objects, 23% free, 52MB/68MB, paused 224us total 13.981ms
08-04 14:30:27.656 21770 21770 I ServiceManager: Waiting for service AtCmdFwd...
08-04 14:30:27.715 27726 27738 I art     : Starting a blocking GC Explicit
08-04 14:30:27.728 28703 28703 D AndroidRuntime: >>>>>> START com.android.internal.os.RuntimeInit uid 2000 <<<<<<
08-04 14:30:27.732 27726 27738 I art     : Explicit concurrent mark sweep GC freed 1341(78KB) AllocSpace objects, 1(20KB) LOS objects, 23% free, 52MB/68MB, paused 262us total 15.920ms
08-04 14:30:27.732 28703 28703 D AndroidRuntime: CheckJNI is OFF
08-04 14:30:27.739 27726 27738 I art     : Starting a blocking GC Explicit
08-04 14:30:27.753 27726 27738 I art     : Explicit concurrent mark sweep GC freed 20(704B) AllocSpace objects, 0(0B) LOS objects, 23% free, 52MB/68MB, paused 230us total 14.663ms
08-04 14:30:27.759 27726 27738 I art     : Starting a blocking GC Explicit
08-04 14:30:27.760 28703 28703 D ICU     : No timezone override file found: /data/misc/zoneinfo/current/icu/icu_tzdata.dat
08-04 14:30:27.773 27726 27738 I art     : Explicit concurrent mark sweep GC freed 3(96B) AllocSpace objects, 0(0B) LOS objects, 23% free, 52MB/68MB, paused 282us total 13.353ms
08-04 14:30:27.779 27726 27738 I art     : Starting a blocking GC Explicit
08-04 14:30:27.785 28703 28703 I Radio-JNI: register_android_hardware_Radio DONE
08-04 14:30:27.792 27726 27738 I art     : Explicit concurrent mark sweep GC freed 3(96B) AllocSpace objects, 0(0B) LOS objects, 23% free, 52MB/68MB, paused 246us total 13.569ms
08-04 14:30:27.798 27726 27738 I art     : Starting a blocking GC Explicit
08-04 14:30:27.801 28703 28703 D AndroidRuntime: Calling main entry com.android.commands.input.Input
08-04 14:30:27.802 28703 28703 I Input   : injectKeyEvent: KeyEvent { action=ACTION_DOWN, keyCode=KEYCODE_BACK, scanCode=0, metaState=0, flags=0x0, repeatCount=0, eventTime=714644215, downTime=714644215, deviceId=-1, source=0x101 }
08-04 14:30:27.808 28703 28703 I Input   : injectKeyEvent: KeyEvent { action=ACTION_UP, keyCode=KEYCODE_BACK, scanCode=0, metaState=0, flags=0x0, repeatCount=0, eventTime=714644215, downTime=714644215, deviceId=-1, source=0x101 }
08-04 14:30:27.812 27726 27738 I art     : Explicit concurrent mark sweep GC freed 5(208B) AllocSpace objects, 0(0B) LOS objects, 23% free, 52MB/68MB, paused 293us total 13.703ms
08-04 14:30:27.813 28703 28703 D AndroidRuntime: Shutting down VM
08-04 14:30:27.826   918   937 W ProcessCpuTracker: Skipping unknown process pid 28711
08-04 14:30:27.827   918   937 W ProcessCpuTracker: Skipping unknown process pid 28713
08-04 14:30:27.827   918   937 W ProcessCpuTracker: Skipping unknown process pid 28714
08-04 14:30:27.846 13866 13866 I GoogleInputMethodServic: GoogleInputMethodService.onFinishInput():3138 
08-04 14:30:27.847 13866 13866 I GoogleInputMethodServic: GoogleInputMethodService.onStartInput():1808 
08-04 14:30:28.054 27726 27739 I art     : Starting a blocking GC Explicit
08-04 14:30:28.070 27726 27739 I art     : Explicit concurrent mark sweep GC freed 1509(85KB) AllocSpace objects, 1(20KB) LOS objects, 23% free, 52MB/68MB, paused 232us total 15.083ms
08-04 14:30:28.078 27726 27739 I art     : Starting a blocking GC Explicit
08-04 14:30:28.096 27726 27739 I art     : Explicit concurrent mark sweep GC freed 26(944B) AllocSpace objects, 0(0B) LOS objects, 23% free, 52MB/68MB, paused 330us total 18.629ms
08-04 14:30:28.103 27726 27739 I art     : Starting a blocking GC Explicit
08-04 14:30:28.122 27726 27739 I art     : Explicit concurrent mark sweep GC freed 3(96B) AllocSpace objects, 0(0B) LOS objects, 23% free, 52MB/68MB, paused 245us total 18.932ms
08-04 14:30:28.130 27726 27739 I art     : Starting a blocking GC Explicit
08-04 14:30:28.136   380   380 W SurfaceFlinger: couldn't log to binary event log: overflow.
08-04 14:30:28.147 27726 27739 I art     : Explicit concurrent mark sweep GC freed 110(8KB) AllocSpace objects, 0(0B) LOS objects, 23% free, 52MB/68MB, paused 285us total 17.117ms
08-04 14:30:28.153 27726 27739 I art     : Starting a blocking GC Explicit
08-04 14:30:28.167 27726 27739 I art     : Explicit concurrent mark sweep GC freed 9(368B) AllocSpace objects, 0(0B) LOS objects, 23% free, 52MB/68MB, paused 245us total 13.130ms
08-04 14:30:28.444 27726 27738 I art     : Starting a blocking GC Explicit
08-04 14:30:28.466 27726 27738 I art     : Explicit concurrent mark sweep GC freed 2989(184KB) AllocSpace objects, 4(420KB) LOS objects, 23% free, 51MB/67MB, paused 409us total 21.992ms
08-04 14:30:28.475 27726 27738 I art     : Starting a blocking GC Explicit
08-04 14:30:28.490 27726 27738 I art     : Explicit concurrent mark sweep GC freed 20(704B) AllocSpace objects, 0(0B) LOS objects, 23% free, 51MB/67MB, paused 248us total 15.351ms
08-04 14:30:28.497 27726 27738 I art     : Starting a blocking GC Explicit
08-04 14:30:28.512 27726 27738 I art     : Explicit concurrent mark sweep GC freed 3(96B) AllocSpace objects, 0(0B) LOS objects, 23% free, 51MB/67MB, paused 243us total 14.134ms
08-04 14:30:28.518 27726 27738 I art     : Starting a blocking GC Explicit
08-04 14:30:28.533 27726 27738 I art     : Explicit concurrent mark sweep GC freed 3(96B) AllocSpace objects, 0(0B) LOS objects, 23% free, 51MB/67MB, paused 249us total 14.536ms
08-04 14:30:28.539 27726 27738 I art     : Starting a blocking GC Explicit
08-04 14:30:28.554 27726 27738 I art     : Explicit concurrent mark sweep GC freed 3(96B) AllocSpace objects, 0(0B) LOS objects, 23% free, 51MB/67MB, paused 239us total 14.305ms
08-04 14:30:28.657 21770 21770 I ServiceManager: Waiting for service AtCmdFwd...
08-04 14:30:28.824 27726 27763 I art     : Starting a blocking GC Explicit
08-04 14:30:28.844 27726 27763 I art     : Explicit concurrent mark sweep GC freed 1340(78KB) AllocSpace objects, 1(20KB) LOS objects, 23% free, 51MB/67MB, paused 271us total 19.528ms
08-04 14:30:28.851 27726 27763 I art     : Starting a blocking GC Explicit
08-04 14:30:28.865 27726 27763 I art     : Explicit concurrent mark sweep GC freed 20(704B) AllocSpace objects, 0(0B) LOS objects, 23% free, 51MB/67MB, paused 243us total 14.209ms
08-04 14:30:28.872 27726 27763 I art     : Starting a blocking GC Explicit
08-04 14:30:28.886 27726 27763 I art     : Explicit concurrent mark sweep GC freed 3(96B) AllocSpace objects, 0(0B) LOS objects, 23% free, 51MB/67MB, paused 247us total 14.059ms
08-04 14:30:28.892 27726 27763 I art     : Starting a blocking GC Explicit
08-04 14:30:28.906 27726 27763 I art     : Explicit concurrent mark sweep GC freed 3(96B) AllocSpace objects, 0(0B) LOS objects, 23% free, 51MB/67MB, paused 241us total 14.004ms
08-04 14:30:28.912 27726 27763 I art     : Starting a blocking GC Explicit
08-04 14:30:28.926 27726 27763 I art     : Explicit concurrent mark sweep GC freed 3(96B) AllocSpace objects, 0(0B) LOS objects, 23% free, 51MB/67MB, paused 298us total 13.969ms
08-04 14:30:29.172 27726 28206 I art     : Starting a blocking GC Explicit
08-04 14:30:29.187 27726 28206 I art     : Explicit concurrent mark sweep GC freed 1340(78KB) AllocSpace objects, 1(20KB) LOS objects, 23% free, 51MB/67MB, paused 322us total 15.170ms
08-04 14:30:29.194 27726 28206 I art     : Starting a blocking GC Explicit
08-04 14:30:29.209 27726 28206 I art     : Explicit concurrent mark sweep GC freed 20(704B) AllocSpace objects, 0(0B) LOS objects, 23% free, 51MB/67MB, paused 288us total 14.760ms
08-04 14:30:29.216 27726 28206 I art     : Starting a blocking GC Explicit
08-04 14:30:29.230 27726 28206 I art     : Explicit concurrent mark sweep GC freed 3(96B) AllocSpace objects, 0(0B) LOS objects, 23% free, 51MB/67MB, paused 249us total 13.999ms
08-04 14:30:29.236 27726 28206 I art     : Starting a blocking GC Explicit
08-04 14:30:29.250 27726 28206 I art     : Explicit concurrent mark sweep GC freed 3(96B) AllocSpace objects, 0(0B) LOS objects, 23% free, 51MB/67MB, paused 242us total 13.801ms
08-04 14:30:29.257 27726 28206 I art     : Starting a blocking GC Explicit
08-04 14:30:29.270 27726 28206 I art     : Explicit concurrent mark sweep GC freed 3(96B) AllocSpace objects, 0(0B) LOS objects, 23% free, 51MB/67MB, paused 234us total 12.753ms
08-04 14:30:29.391 28756 28756 D AndroidRuntime: >>>>>> START com.android.internal.os.RuntimeInit uid 2000 <<<<<<
08-04 14:30:29.396 28756 28756 D AndroidRuntime: CheckJNI is OFF
08-04 14:30:29.428 28756 28756 D ICU     : No timezone override file found: /data/misc/zoneinfo/current/icu/icu_tzdata.dat
08-04 14:30:29.453 28756 28756 I Radio-JNI: register_android_hardware_Radio DONE
08-04 14:30:29.468 28756 28756 D AndroidRuntime: Calling main entry com.android.commands.input.Input
08-04 14:30:29.470 28756 28756 I Input   : injectMotionEvent: MotionEvent { action=ACTION_DOWN, actionButton=0, id[0]=0, x[0]=733.0, y[0]=1957.0, toolType[0]=TOOL_TYPE_UNKNOWN, buttonState=0, metaState=0, flags=0x0, edgeFlags=0x0, pointerCount=1, historySize=0, eventTime=714645883, downTime=714645883, deviceId=0, source=0x1002 }
08-04 14:30:29.474 28756 28756 I Input   : injectMotionEvent: MotionEvent { action=ACTION_UP, actionButton=0, id[0]=0, x[0]=733.0, y[0]=1957.0, toolType[0]=TOOL_TYPE_UNKNOWN, buttonState=0, metaState=0, flags=0x0, edgeFlags=0x0, pointerCount=1, historySize=0, eventTime=714645883, downTime=714645883, deviceId=0, source=0x1002 }
08-04 14:30:29.475   918  4413 I ActivityManager: START u0 {cmp=baseline.appteam.nith.hillffair/.activities.ClubActivity (has extras)} from uid 10651 on display 0
08-04 14:30:29.480 28756 28756 D AndroidRuntime: Shutting down VM
08-04 14:30:29.520 27726 28206 I art     : Starting a blocking GC Explicit
08-04 14:30:29.535 27726 28206 I art     : Explicit concurrent mark sweep GC freed 4785(283KB) AllocSpace objects, 1(20KB) LOS objects, 23% free, 51MB/67MB, paused 298us total 14.684ms
08-04 14:30:29.541 27726 28206 I art     : Starting a blocking GC Explicit
08-04 14:30:29.556 27726 28206 I art     : Explicit concurrent mark sweep GC freed 347(14KB) AllocSpace objects, 0(0B) LOS objects, 23% free, 52MB/68MB, paused 352us total 15.272ms
08-04 14:30:29.560 13866 13866 I GoogleInputMethodServic: GoogleInputMethodService.onFinishInput():3138 
08-04 14:30:29.560   918   936 I ActivityManager: Displayed baseline.appteam.nith.hillffair/.activities.ClubActivity: +80ms
08-04 14:30:29.560 13866 13866 I GoogleInputMethodServic: GoogleInputMethodService.onStartInput():1808 
08-04 14:30:29.564 27726 28206 I art     : Starting a blocking GC Explicit
08-04 14:30:29.582 27726 28206 I art     : Explicit concurrent mark sweep GC freed 39(1600B) AllocSpace objects, 0(0B) LOS objects, 23% free, 52MB/68MB, paused 346us total 17.229ms
08-04 14:30:29.589 27726 28206 I art     : Starting a blocking GC Explicit
08-04 14:30:29.603 27726 28206 I art     : Explicit concurrent mark sweep GC freed 11(368B) AllocSpace objects, 0(0B) LOS objects, 23% free, 52MB/68MB, paused 280us total 13.799ms
08-04 14:30:29.609 27726 28206 I art     : Starting a blocking GC Explicit
08-04 14:30:29.623 27726 28206 I art     : Explicit concurrent mark sweep GC freed 21(2032B) AllocSpace objects, 0(0B) LOS objects, 23% free, 52MB/68MB, paused 281us total 13.799ms
08-04 14:30:29.657 21770 21770 I ServiceManager: Waiting for service AtCmdFwd...
08-04 14:30:29.856 27726 27763 I art     : Starting a blocking GC Explicit
08-04 14:30:29.871 27726 27763 I art     : Explicit concurrent mark sweep GC freed 1398(81KB) AllocSpace objects, 1(20KB) LOS objects, 23% free, 52MB/68MB, paused 288us total 15.442ms
08-04 14:30:29.881 27726 27763 I art     : Starting a blocking GC Explicit
08-04 14:30:29.898 27726 27763 I art     : Explicit concurrent mark sweep GC freed 20(704B) AllocSpace objects, 0(0B) LOS objects, 23% free, 52MB/68MB, paused 283us total 16.844ms
08-04 14:30:29.905 27726 27763 I art     : Starting a blocking GC Explicit
08-04 14:30:29.921 27726 27763 I art     : Explicit concurrent mark sweep GC freed 3(96B) AllocSpace objects, 0(0B) LOS objects, 23% free, 52MB/68MB, paused 291us total 15.462ms
08-04 14:30:29.929 27726 27763 I art     : Starting a blocking GC Explicit
08-04 14:30:29.948 27726 27763 I art     : Explicit concurrent mark sweep GC freed 105(5KB) AllocSpace objects, 0(0B) LOS objects, 23% free, 52MB/68MB, paused 267us total 19.030ms
08-04 14:30:29.954 27726 27763 I art     : Starting a blocking GC Explicit
08-04 14:30:29.969 27726 27763 I art     : Explicit concurrent mark sweep GC freed 10(352B) AllocSpace objects, 0(0B) LOS objects, 23% free, 52MB/68MB, paused 289us total 15.042ms
08-04 14:30:30.246 27726 28206 I art     : Starting a blocking GC Explicit
08-04 14:30:30.263 27726 28206 I art     : Explicit concurrent mark sweep GC freed 1397(80KB) AllocSpace objects, 1(20KB) LOS objects, 23% free, 52MB/68MB, paused 303us total 17.215ms
08-04 14:30:30.270 27726 28206 I art     : Starting a blocking GC Explicit
08-04 14:30:30.286 27726 28206 I art     : Explicit concurrent mark sweep GC freed 59(1984B) AllocSpace objects, 0(0B) LOS objects, 23% free, 52MB/68MB, paused 289us total 15.845ms
08-04 14:30:30.293 27726 28206 I art     : Starting a blocking GC Explicit
08-04 14:30:30.308 27726 28206 I art     : Explicit concurrent mark sweep GC freed 11(416B) AllocSpace objects, 0(0B) LOS objects, 23% free, 52MB/68MB, paused 551us total 15.724ms
08-04 14:30:30.315 27726 28206 I art     : Starting a blocking GC Explicit
08-04 14:30:30.330 27726 28206 I art     : Explicit concurrent mark sweep GC freed 438(34KB) AllocSpace objects, 0(0B) LOS objects, 23% free, 52MB/68MB, paused 334us total 14.698ms
08-04 14:30:30.336 27726 28206 I art     : Starting a blocking GC Explicit
08-04 14:30:30.351 27726 28206 I art     : Explicit concurrent mark sweep GC freed 687(41KB) AllocSpace objects, 2(120KB) LOS objects, 23% free, 52MB/68MB, paused 389us total 15.039ms
08-04 14:30:30.365 27726 28789 D OkHttp  : --> GET https://api-hillfair-2k16.herokuapp.com/api/app/events/special/event?id=58065620dcba0f490c70fe09 http/1.1
08-04 14:30:30.394 27726 28789 D OkHttp  : <-- 200 OK https://api-hillfair-2k16.herokuapp.com/api/app/events/special/event?id=58065620dcba0f490c70fe09 (28ms, 682-byte body)
08-04 14:30:30.457 27726 27726 I NAPPA_EXPERIMENTATION: MetricNetworkRequestExecutionTime: REQUEST_DURATION_SYSTEM='957',REQUEST_DURATION_OKHTTP='29',REQUEST_SYNCHRONOUS='FALSE',RESPONSE_CODE='200',RESPONSE_METHOD='GET',RESPONSE_LENGTH_OKHTTP='682',RESPONSE_LENGTH_HEADER='682',REQUEST_PROTOCOL='http/1.1',REQUEST_URL='https://api-hillfair-2k16.herokuapp.com/api/app/events/special/event?id=58065620dcba0f490c70fe09',
08-04 14:30:30.559   518   646 I ThermalEngine: ACTION: GPU - Setting GPU[0] to 510000000
08-04 14:30:30.631 27726 27739 I art     : Starting a blocking GC Explicit
08-04 14:30:30.651 27726 27739 I art     : Explicit concurrent mark sweep GC freed 4538(372KB) AllocSpace objects, 2(100KB) LOS objects, 23% free, 52MB/68MB, paused 367us total 19.858ms
08-04 14:30:30.657 21770 21770 W Atfwd_Sendcmd: AtCmdFwd service not published, waiting... retryCnt : 2
08-04 14:30:30.659 27726 27739 I art     : Starting a blocking GC Explicit
08-04 14:30:30.679 27726 27739 I art     : Explicit concurrent mark sweep GC freed 177(10KB) AllocSpace objects, 0(0B) LOS objects, 23% free, 52MB/68MB, paused 358us total 19.136ms
08-04 14:30:30.687 27726 27739 I art     : Starting a blocking GC Explicit
08-04 14:30:30.706 27726 27739 I art     : Explicit concurrent mark sweep GC freed 3(96B) AllocSpace objects, 0(0B) LOS objects, 23% free, 52MB/68MB, paused 405us total 18.710ms
08-04 14:30:30.714 27726 27739 I art     : Starting a blocking GC Explicit
08-04 14:30:30.733 27726 27739 I art     : Explicit concurrent mark sweep GC freed 3(96B) AllocSpace objects, 0(0B) LOS objects, 23% free, 52MB/68MB, paused 360us total 18.537ms
08-04 14:30:30.741 27726 27739 I art     : Starting a blocking GC Explicit
08-04 14:30:30.760 27726 27739 I art     : Explicit concurrent mark sweep GC freed 3(96B) AllocSpace objects, 0(0B) LOS objects, 23% free, 52MB/68MB, paused 363us total 18.836ms
08-04 14:30:31.039 27726 27738 I art     : Starting a blocking GC Explicit
08-04 14:30:31.065 27726 27738 I art     : Explicit concurrent mark sweep GC freed 1341(78KB) AllocSpace objects, 1(20KB) LOS objects, 23% free, 52MB/68MB, paused 369us total 25.455ms
08-04 14:30:31.077 27726 27738 I art     : Starting a blocking GC Explicit
08-04 14:30:31.097 27726 27738 I art     : Explicit concurrent mark sweep GC freed 36(1264B) AllocSpace objects, 0(0B) LOS objects, 23% free, 52MB/68MB, paused 390us total 19.871ms
08-04 14:30:31.106 27726 27738 I art     : Starting a blocking GC Explicit
08-04 14:30:31.126 27726 27738 I art     : Explicit concurrent mark sweep GC freed 3(96B) AllocSpace objects, 0(0B) LOS objects, 23% free, 52MB/68MB, paused 355us total 20.293ms
08-04 14:30:31.135 27726 27738 I art     : Starting a blocking GC Explicit
08-04 14:30:31.154 27726 27738 I art     : Explicit concurrent mark sweep GC freed 3(96B) AllocSpace objects, 0(0B) LOS objects, 23% free, 52MB/68MB, paused 333us total 19.341ms
08-04 14:30:31.163 27726 27738 I art     : Starting a blocking GC Explicit
08-04 14:30:31.183 27726 27738 I art     : Explicit concurrent mark sweep GC freed 3(96B) AllocSpace objects, 0(0B) LOS objects, 23% free, 52MB/68MB, paused 360us total 19.365ms
08-04 14:30:31.523 27726 27739 I art     : Starting a blocking GC Explicit
08-04 14:30:31.548 27726 27739 I art     : Explicit concurrent mark sweep GC freed 1341(78KB) AllocSpace objects, 1(20KB) LOS objects, 23% free, 52MB/68MB, paused 440us total 25.107ms
08-04 14:30:31.561 27726 27739 I art     : Starting a blocking GC Explicit
08-04 14:30:31.581 27726 27739 I art     : Explicit concurrent mark sweep GC freed 20(704B) AllocSpace objects, 0(0B) LOS objects, 23% free, 52MB/68MB, paused 360us total 19.883ms
08-04 14:30:31.589 27726 27739 I art     : Starting a blocking GC Explicit
08-04 14:30:31.609 27726 27739 I art     : Explicit concurrent mark sweep GC freed 3(96B) AllocSpace objects, 0(0B) LOS objects, 23% free, 52MB/68MB, paused 362us total 19.636ms
08-04 14:30:31.618 27726 27739 I art     : Starting a blocking GC Explicit
08-04 14:30:31.638 27726 27739 I art     : Explicit concurrent mark sweep GC freed 3(96B) AllocSpace objects, 0(0B) LOS objects, 23% free, 52MB/68MB, paused 365us total 20.161ms
08-04 14:30:31.647 27726 27739 I art     : Starting a blocking GC Explicit
08-04 14:30:31.666 27726 27739 I art     : Explicit concurrent mark sweep GC freed 3(96B) AllocSpace objects, 0(0B) LOS objects, 23% free, 52MB/68MB, paused 342us total 19.197ms
08-04 14:30:31.926 27726 27763 I art     : Starting a blocking GC Explicit
08-04 14:30:31.946 27726 27763 I art     : Explicit concurrent mark sweep GC freed 1341(78KB) AllocSpace objects, 1(20KB) LOS objects, 23% free, 52MB/68MB, paused 364us total 19.720ms
08-04 14:30:31.955 27726 27763 I art     : Starting a blocking GC Explicit
08-04 14:30:31.974 27726 27763 I art     : Explicit concurrent mark sweep GC freed 20(704B) AllocSpace objects, 0(0B) LOS objects, 23% free, 52MB/68MB, paused 357us total 18.590ms
08-04 14:30:31.982 27726 27763 I art     : Starting a blocking GC Explicit
08-04 14:30:32.001 27726 27763 I art     : Explicit concurrent mark sweep GC freed 3(96B) AllocSpace objects, 0(0B) LOS objects, 23% free, 52MB/68MB, paused 365us total 18.763ms
08-04 14:30:32.009 27726 27763 I art     : Starting a blocking GC Explicit
08-04 14:30:32.028 27726 27763 I art     : Explicit concurrent mark sweep GC freed 3(96B) AllocSpace objects, 0(0B) LOS objects, 23% free, 52MB/68MB, paused 364us total 19.046ms
08-04 14:30:32.037 27726 27763 I art     : Starting a blocking GC Explicit
08-04 14:30:32.056 27726 27763 I art     : Explicit concurrent mark sweep GC freed 3(96B) AllocSpace objects, 0(0B) LOS objects, 23% free, 52MB/68MB, paused 349us total 18.836ms
08-04 14:30:32.179 28841 28841 D AndroidRuntime: >>>>>> START com.android.internal.os.RuntimeInit uid 2000 <<<<<<
08-04 14:30:32.185 28841 28841 D AndroidRuntime: CheckJNI is OFF
08-04 14:30:32.221 28841 28841 D ICU     : No timezone override file found: /data/misc/zoneinfo/current/icu/icu_tzdata.dat
08-04 14:30:32.256 28841 28841 I Radio-JNI: register_android_hardware_Radio DONE
08-04 14:30:32.278 28841 28841 D AndroidRuntime: Calling main entry com.android.commands.input.Input
08-04 14:30:32.279 28841 28841 I Input   : injectKeyEvent: KeyEvent { action=ACTION_DOWN, keyCode=KEYCODE_BACK, scanCode=0, metaState=0, flags=0x0, repeatCount=0, eventTime=714648692, downTime=714648692, deviceId=-1, source=0x101 }
